interactions:
- request:
    body: '{"phoneNumberType": "tollFree", "assignmentType": "application", "capabilities":
      {"calling": "inbound", "sms": "inbound+outbound"}}'
    headers:
      Accept:
      - application/json
      Accept-Encoding:
      - gzip, deflate
      Connection:
      - keep-alive
      Content-Length:
      - '131'
      Content-Type:
      - application/json
      Date:
      - Mon, 22 Apr 2024 16:23:28 GMT
      User-Agent:
      - azsdk-python-communication-phonenumbers/1.0.1 Python/3.8.10 (Windows-10-10.0.22631-SP0)
      x-ms-content-sha256:
      - ecyowPPqS6i2jEjg4ZPaHAki9yDR8IHa8lF+VXRefVM=
      x-ms-return-client-request-id:
      - 'true'
    method: POST
    uri: https://sanitized.communication.azure.com/availablePhoneNumbers/countries/US/:search?api-version=2021-03-07
  response:
    body:
      string: ''
    headers:
      access-control-expose-headers:
      - Location,Operation-Location,operation-id,search-id
      api-supported-versions:
      - 2021-03-07, 2022-01-11-preview2, 2022-06-01-preview, 2022-12-01, 2022-12-02-preview2,
        2023-04-30-preview, 2023-05-01-preview, 2023-10-01-preview, 2024-03-01-preview,
        2024-05-01-preview, 2024-08-31-preview
      content-length:
      - '0'
      date:
      - Mon, 22 Apr 2024 16:23:31 GMT
      location:
      - /availablePhoneNumbers/searchResults/5e5665d2-cff5-458e-981a-3be6f9639d31?api-version=2021-03-07
      ms-cv:
      - kr8KXn9X7UyP6PKWUYiy9w.0
      operation-id:
      - search_5e5665d2-cff5-458e-981a-3be6f9639d31
      operation-location:
      - /phoneNumbers/operations/search_5e5665d2-cff5-458e-981a-3be6f9639d31?api-version=2021-03-07
      search-id:
      - 5e5665d2-cff5-458e-981a-3be6f9639d31
      strict-transport-security:
      - max-age=31536000;includeSubDomains
      x-azure-ref:
      - 0AI8mZgAAAABiAtoKva5KTqLmZ1pp/yv2U04xRURHRTMxMTEAOWZjN2I1MTktYThjYy00Zjg5LTkzNWUtYzkxNDhhZTA5ZTgx
      x-cache:
      - CONFIG_NOCACHE
      x-processing-time:
      - 2993ms
    status:
      code: 202
      message: Accepted
- request:
    body: null
    headers:
      Accept:
      - '*/*'
      Accept-Encoding:
      - gzip, deflate
      Connection:
      - keep-alive
      Date:
      - Mon, 22 Apr 2024 16:23:31 GMT
      User-Agent:
      - azsdk-python-communication-phonenumbers/1.0.1 Python/3.8.10 (Windows-10-10.0.22631-SP0)
      x-ms-content-sha256:
      - 47DEQpj8HBSa+/TImW+5JCeuQeRkm5NMpJWZG3hSuFU=
      x-ms-return-client-request-id:
      - 'true'
    method: GET
    uri: https://sanitized.communication.azure.com/phoneNumbers/operations/search_5e5665d2-cff5-458e-981a-3be6f9639d31?api-version=2021-03-07
  response:
    body:
      string: '{"operationType": "search", "status": "running", "resourceLocation":
        "/availablePhoneNumbers/searchResults/5e5665d2-cff5-458e-981a-3be6f9639d31?api-version=2021-03-07",
        "createdDateTime": "2024-04-22T16:23:31.4053486+00:00", "id": "sanitized",
        "lastActionDateTime": "0001-01-01T00:00:00+00:00"}'
    headers:
      access-control-expose-headers:
      - Location
      api-supported-versions:
      - 2021-03-07, 2022-01-11-preview2, 2022-06-01-preview, 2022-11-15-preview, 2022-12-01,
        2022-12-02-preview2, 2023-04-30-preview, 2023-05-01-preview, 2023-10-01-preview,
        2023-10-01-preview2, 2024-03-01-preview, 2024-05-01-preview, 2024-08-31-preview
      content-type:
      - application/json; charset=utf-8
      date:
      - Mon, 22 Apr 2024 16:23:32 GMT
      location:
      - /availablePhoneNumbers/searchResults/5e5665d2-cff5-458e-981a-3be6f9639d31?api-version=2021-03-07
      ms-cv:
      - /TVTxM+qOEOjRQvVTLahpQ.0
      strict-transport-security:
      - max-age=31536000;includeSubDomains
      transfer-encoding:
      - chunked
      x-azure-ref:
      - 0BI8mZgAAAABx5I1a9yhaSaUQd/B1L/bKU04xRURHRTMxMTEAOWZjN2I1MTktYThjYy00Zjg5LTkzNWUtYzkxNDhhZTA5ZTgx
      x-cache:
      - CONFIG_NOCACHE
      x-processing-time:
      - 230ms
    status:
      code: 200
      message: OK
    url: sanitized
- request:
    body: null
    headers:
      Accept:
      - '*/*'
      Accept-Encoding:
      - gzip, deflate
      Connection:
      - keep-alive
      Date:
      - Mon, 22 Apr 2024 16:24:02 GMT
      User-Agent:
      - azsdk-python-communication-phonenumbers/1.0.1 Python/3.8.10 (Windows-10-10.0.22631-SP0)
      x-ms-content-sha256:
      - 47DEQpj8HBSa+/TImW+5JCeuQeRkm5NMpJWZG3hSuFU=
      x-ms-return-client-request-id:
      - 'true'
    method: GET
    uri: https://sanitized.communication.azure.com/phoneNumbers/operations/search_5e5665d2-cff5-458e-981a-3be6f9639d31?api-version=2021-03-07
  response:
    body:
      string: '{"operationType": "search", "status": "succeeded", "resourceLocation":
        "/availablePhoneNumbers/searchResults/5e5665d2-cff5-458e-981a-3be6f9639d31?api-version=2021-03-07",
        "createdDateTime": "2024-04-22T16:23:31.4053486+00:00", "id": "sanitized",
        "lastActionDateTime": "0001-01-01T00:00:00+00:00"}'
    headers:
      access-control-expose-headers:
      - Location
      api-supported-versions:
      - 2021-03-07, 2022-01-11-preview2, 2022-06-01-preview, 2022-11-15-preview, 2022-12-01,
        2022-12-02-preview2, 2023-04-30-preview, 2023-05-01-preview, 2023-10-01-preview,
        2023-10-01-preview2, 2024-03-01-preview, 2024-05-01-preview, 2024-08-31-preview
      content-type:
      - application/json; charset=utf-8
      date:
      - Mon, 22 Apr 2024 16:24:02 GMT
      location:
      - /availablePhoneNumbers/searchResults/5e5665d2-cff5-458e-981a-3be6f9639d31?api-version=2021-03-07
      ms-cv:
      - DZr5jXYwhkOXxBwwkPbMfg.0
      strict-transport-security:
      - max-age=31536000;includeSubDomains
      transfer-encoding:
      - chunked
      x-azure-ref:
      - 0Io8mZgAAAADwkHlqX13KS5PN2aQXl3snU04xRURHRTMxMTEAOWZjN2I1MTktYThjYy00Zjg5LTkzNWUtYzkxNDhhZTA5ZTgx
      x-cache:
      - CONFIG_NOCACHE
      x-processing-time:
      - 204ms
    status:
      code: 200
      message: OK
    url: sanitized
- request:
    body: null
    headers:
      Accept:
      - '*/*'
      Accept-Encoding:
      - gzip, deflate
      Connection:
      - keep-alive
      Date:
      - Mon, 22 Apr 2024 16:24:02 GMT
      User-Agent:
      - azsdk-python-communication-phonenumbers/1.0.1 Python/3.8.10 (Windows-10-10.0.22631-SP0)
      x-ms-content-sha256:
      - 47DEQpj8HBSa+/TImW+5JCeuQeRkm5NMpJWZG3hSuFU=
      x-ms-return-client-request-id:
      - 'true'
    method: GET
    uri: https://sanitized.communication.azure.com/availablePhoneNumbers/searchResults/5e5665d2-cff5-458e-981a-3be6f9639d31?api-version=2021-03-07
  response:
    body:
      string: '{"searchId": "5e5665d2-cff5-458e-981a-3be6f9639d31", "phoneNumbers":
        ["sanitized"], "phoneNumberType": "tollFree", "assignmentType": "application",
        "capabilities": {"calling": "inbound", "sms": "inbound+outbound"}, "cost":
        {"amount": 2.0, "currencyCode": "USD", "billingFrequency": "monthly"}, "searchExpiresBy":
        "2024-04-22T16:39:33.6706463+00:00"}'
    headers:
      api-supported-versions:
      - 2021-03-07, 2022-01-11-preview2, 2022-06-01-preview, 2022-12-01, 2022-12-02-preview2,
        2023-04-30-preview, 2023-05-01-preview, 2023-10-01-preview, 2024-03-01-preview,
        2024-05-01-preview, 2024-08-31-preview
      content-length:
      - '349'
      content-type:
      - application/json; charset=utf-8
      date:
      - Mon, 22 Apr 2024 16:24:02 GMT
      ms-cv:
      - 1nT4mcB4/EK5kIXYA5Opqw.0
      strict-transport-security:
      - max-age=31536000;includeSubDomains
      x-azure-ref:
      - 0Io8mZgAAAACkxyBCtX15S7ce2RJ9kDMrU04xRURHRTMxMTEAOWZjN2I1MTktYThjYy00Zjg5LTkzNWUtYzkxNDhhZTA5ZTgx
      x-cache:
      - CONFIG_NOCACHE
      x-processing-time:
      - 433ms
    status:
      code: 200
      message: OK
    url: sanitized
- request:
    body: '{"searchId": "5e5665d2-cff5-458e-981a-3be6f9639d31"}'
    headers:
      Accept:
      - application/json
      Accept-Encoding:
      - gzip, deflate
      Connection:
      - keep-alive
      Content-Length:
      - '52'
      Content-Type:
      - application/json
      Date:
      - Mon, 22 Apr 2024 16:24:02 GMT
      User-Agent:
      - azsdk-python-communication-phonenumbers/1.0.1 Python/3.8.10 (Windows-10-10.0.22631-SP0)
      x-ms-content-sha256:
      - 6yTwLzpPCBYtUrVeTy5m6aJgvOkGAeWWvFsk/PezyKE=
      x-ms-return-client-request-id:
      - 'true'
    method: POST
    uri: https://sanitized.communication.azure.com/availablePhoneNumbers/:purchase?api-version=2021-03-07
  response:
    body:
      string: ''
    headers:
      access-control-expose-headers:
      - Operation-Location,operation-id,purchase-id
      api-supported-versions:
      - 2021-03-07, 2022-01-11-preview2, 2022-06-01-preview, 2022-12-01, 2022-12-02-preview2,
        2023-04-30-preview, 2023-05-01-preview, 2023-10-01-preview, 2024-03-01-preview,
        2024-05-01-preview, 2024-08-31-preview
      content-length:
      - '0'
      date:
      - Mon, 22 Apr 2024 16:24:04 GMT
      ms-cv:
      - /hBKGKPbg0GklFL00n9grw.0
      operation-id:
      - purchase_5e5665d2-cff5-458e-981a-3be6f9639d31
      operation-location:
      - /phoneNumbers/operations/purchase_5e5665d2-cff5-458e-981a-3be6f9639d31?api-version=2021-03-07
      purchase-id:
      - 5e5665d2-cff5-458e-981a-3be6f9639d31
      strict-transport-security:
      - max-age=31536000;includeSubDomains
      x-azure-ref:
      - 0I48mZgAAAAAzKfLcjZDFRI+I6xq8wiLDU04xRURHRTMxMTEAOWZjN2I1MTktYThjYy00Zjg5LTkzNWUtYzkxNDhhZTA5ZTgx
      x-cache:
      - CONFIG_NOCACHE
      x-processing-time:
      - 1849ms
    status:
      code: 202
      message: Accepted
- request:
    body: null
    headers:
      Accept:
      - '*/*'
      Accept-Encoding:
      - gzip, deflate
      Connection:
      - keep-alive
      Date:
      - Mon, 22 Apr 2024 16:24:04 GMT
      User-Agent:
      - azsdk-python-communication-phonenumbers/1.0.1 Python/3.8.10 (Windows-10-10.0.22631-SP0)
      x-ms-content-sha256:
      - 47DEQpj8HBSa+/TImW+5JCeuQeRkm5NMpJWZG3hSuFU=
      x-ms-return-client-request-id:
      - 'true'
    method: GET
    uri: https://sanitized.communication.azure.com/phoneNumbers/operations/purchase_5e5665d2-cff5-458e-981a-3be6f9639d31?api-version=2021-03-07
  response:
    body:
      string: '{"operationType": "purchase", "status": "running", "resourceLocation":
        null, "createdDateTime": "2024-04-22T16:23:31.4053486+00:00", "id": "sanitized",
        "lastActionDateTime": "0001-01-01T00:00:00+00:00"}'
    headers:
      api-supported-versions:
      - 2021-03-07, 2022-01-11-preview2, 2022-06-01-preview, 2022-11-15-preview, 2022-12-01,
        2022-12-02-preview2, 2023-04-30-preview, 2023-05-01-preview, 2023-10-01-preview,
        2023-10-01-preview2, 2024-03-01-preview, 2024-05-01-preview, 2024-08-31-preview
      content-type:
      - application/json; charset=utf-8
      date:
      - Mon, 22 Apr 2024 16:24:04 GMT
      ms-cv:
      - 9fslisTf6Uu8FPbC7qYHlw.0
      strict-transport-security:
      - max-age=31536000;includeSubDomains
      transfer-encoding:
      - chunked
      x-azure-ref:
      - 0JY8mZgAAAACQH+sozZgySapXbzus50NvU04xRURHRTMxMTEAOWZjN2I1MTktYThjYy00Zjg5LTkzNWUtYzkxNDhhZTA5ZTgx
      x-cache:
      - CONFIG_NOCACHE
      x-processing-time:
      - 196ms
    status:
      code: 200
      message: OK
    url: sanitized
- request:
    body: null
    headers:
      Accept:
      - '*/*'
      Accept-Encoding:
      - gzip, deflate
      Connection:
      - keep-alive
      Date:
      - Mon, 22 Apr 2024 16:24:35 GMT
      User-Agent:
      - azsdk-python-communication-phonenumbers/1.0.1 Python/3.8.10 (Windows-10-10.0.22631-SP0)
      x-ms-content-sha256:
      - 47DEQpj8HBSa+/TImW+5JCeuQeRkm5NMpJWZG3hSuFU=
      x-ms-return-client-request-id:
      - 'true'
    method: GET
    uri: https://sanitized.communication.azure.com/phoneNumbers/operations/purchase_5e5665d2-cff5-458e-981a-3be6f9639d31?api-version=2021-03-07
  response:
    body:
      string: '{"operationType": "purchase", "status": "succeeded", "resourceLocation":
        null, "createdDateTime": "2024-04-22T16:23:31.4053486+00:00", "id": "sanitized",
        "lastActionDateTime": "0001-01-01T00:00:00+00:00"}'
    headers:
      api-supported-versions:
      - 2021-03-07, 2022-01-11-preview2, 2022-06-01-preview, 2022-11-15-preview, 2022-12-01,
        2022-12-02-preview2, 2023-04-30-preview, 2023-05-01-preview, 2023-10-01-preview,
        2023-10-01-preview2, 2024-03-01-preview, 2024-05-01-preview, 2024-08-31-preview
      content-type:
      - application/json; charset=utf-8
      date:
      - Mon, 22 Apr 2024 16:24:35 GMT
      ms-cv:
      - bdlCmqLROkCRYs7Btn6DEQ.0
      strict-transport-security:
      - max-age=31536000;includeSubDomains
      transfer-encoding:
      - chunked
      x-azure-ref:
      - 0Q48mZgAAAAA9EkgIZr9OSIk6YICUUXdqU04xRURHRTMxMTEAOWZjN2I1MTktYThjYy00Zjg5LTkzNWUtYzkxNDhhZTA5ZTgx
      x-cache:
      - CONFIG_NOCACHE
      x-processing-time:
      - 179ms
    status:
      code: 200
      message: OK
    url: sanitized
- request:
    body: null
    headers:
      Accept:
      - application/json
      Accept-Encoding:
      - gzip, deflate
      Connection:
      - keep-alive
      Date:
      - Mon, 22 Apr 2024 16:24:35 GMT
      User-Agent:
      - AzureCli/1.10.0 azsdk-python-communication-phonenumbers/1.0.1 Python/3.8.10
        (Windows-10-10.0.22631-SP0)
      x-ms-content-sha256:
      - 47DEQpj8HBSa+/TImW+5JCeuQeRkm5NMpJWZG3hSuFU=
      x-ms-return-client-request-id:
      - 'true'
    method: GET
    uri: https://sanitized.communication.azure.com/phoneNumbers?skip=0&top=100&api-version=2021-03-07
  response:
    body:
      string: '{"phoneNumbers": [{"id": "sanitized", "phoneNumber": "sanitized", "countryCode":
        "US", "phoneNumberType": "tollFree", "capabilities": {"calling": "inbound",
        "sms": "inbound+outbound"}, "assignmentType": "application", "purchaseDate":
        "2024-04-22T16:24:25.6077928+00:00", "cost": {"amount": 2.0, "currencyCode":
        "USD", "billingFrequency": "monthly"}}]}'
    headers:
      api-supported-versions:
      - 2021-03-07, 2022-01-11-preview2, 2022-06-01-preview, 2022-12-01, 2022-12-02-preview2,
        2023-04-30-preview, 2023-05-01-preview, 2023-10-01-preview, 2024-03-01-preview,
        2024-05-01-preview, 2024-08-31-preview
      content-length:
      - '351'
      content-type:
      - application/json; charset=utf-8
      date:
      - Mon, 22 Apr 2024 16:24:38 GMT
      ms-cv:
      - 5jUvkONWQUe7CY8dOd8f+w.0
      strict-transport-security:
      - max-age=31536000;includeSubDomains
      x-azure-ref:
      - 0RI8mZgAAAAArpe7yKikvRb6HWux0BasmU04xRURHRTIxMjAAOWZjN2I1MTktYThjYy00Zjg5LTkzNWUtYzkxNDhhZTA5ZTgx
      x-cache:
      - CONFIG_NOCACHE
      x-processing-time:
      - 1800ms
    status:
      code: 200
      message: OK
    url: sanitized
version: 1
