interactions:
- request:
    body: '{"location": "Global", "properties": {"dataLocation": "United States"}}'
    headers:
      Accept:
      - application/json
      Accept-Encoding:
      - gzip, deflate
      CommandName:
      - communication create
      Connection:
      - keep-alive
      Content-Length:
      - '71'
      Content-Type:
      - application/json
      ParameterSetName:
      - --name --location --data-location --resource-group
      User-Agent:
      - AZURECLI/2.40.0 azsdk-python-mgmt-communication/1.0.0 Python/3.8.10 (Windows-10-10.0.22621-SP0)
    method: PUT
    uri: https://management.azure.com/subscriptions/00000000-0000-0000-0000-000000000000/resourceGroups/clitest000003/providers/Microsoft.Communication/communicationServices/MyCommunica000001?api-version=2020-08-20
  response:
    body:
      string: '{"id": "/subscriptions/00000000-0000-0000-0000-000000000000/resourceGroups/clitest000003/providers/Microsoft.Communication/communicationServices/MyCommunica000001",
        "name": "MyCommunica000001", "type": "microsoft.communication/communicationservices",
        "location": "Global", "systemData": {"createdBy": "sanitized", "createdByType":
        "User", "createdAt": "2022-12-02T06:17:16.3482457Z", "lastModifiedBy": "sanitized",
        "lastModifiedByType": "User", "lastModifiedAt": "2022-12-02T06:17:16.3482457Z"},
        "properties": {"dataLocation": "United States", "provisioningState": "Accepted"}}'
    headers:
      azure-asyncoperation:
      - https://management.azure.com/subscriptions/00000000-0000-0000-0000-000000000000/providers/Microsoft.Communication/locations/WESTUS2/operationStatuses/2c415527-d5d1-4e86-bb42-78e77cd5f67b*567832DA5BAC5F59B09B9D65A6B87ADE2F3219EA46EF3F649BFE319DFE354B49?api-version=2020-08-20
      cache-control:
      - no-cache
      content-length:
      - '577'
      content-type:
      - application/json; charset=utf-8
      date:
      - Fri, 02 Dec 2022 06:17:17 GMT
      etag:
      - '"8100fb5a-0000-0700-0000-6389986c0000"'
      expires:
      - '-1'
      pragma:
      - no-cache
      request-context:
      - appId=
      strict-transport-security:
      - max-age=31536000; includeSubDomains
      x-content-type-options:
      - nosniff
      x-ms-providerhub-traffic:
      - 'True'
      x-ms-ratelimit-remaining-subscription-writes:
      - '1199'
    status:
      code: 201
      message: Created
- request:
    body: null
    headers:
      Accept:
      - '*/*'
      Accept-Encoding:
      - gzip, deflate
      CommandName:
      - communication create
      Connection:
      - keep-alive
      ParameterSetName:
      - --name --location --data-location --resource-group
      User-Agent:
      - AZURECLI/2.40.0 azsdk-python-mgmt-communication/1.0.0 Python/3.8.10 (Windows-10-10.0.22621-SP0)
    method: GET
    uri: https://management.azure.com/subscriptions/00000000-0000-0000-0000-000000000000/providers/Microsoft.Communication/locations/WESTUS2/operationStatuses/2c415527-d5d1-4e86-bb42-78e77cd5f67b*567832DA5BAC5F59B09B9D65A6B87ADE2F3219EA46EF3F649BFE319DFE354B49?api-version=2020-08-20
  response:
    body:
      string: '{"id": "/subscriptions/00000000-0000-0000-0000-000000000000/providers/Microsoft.Communication/locations/WESTUS2/operationStatuses/2c415527-d5d1-4e86-bb42-78e77cd5f67b*567832DA5BAC5F59B09B9D65A6B87ADE2F3219EA46EF3F649BFE319DFE354B49",
        "name": "2c415527-d5d1-4e86-bb42-78e77cd5f67b*567832DA5BAC5F59B09B9D65A6B87ADE2F3219EA46EF3F649BFE319DFE354B49",
        "resourceId": "/subscriptions/00000000-0000-0000-0000-000000000000/resourceGroups/clitest000003/providers/Microsoft.Communication/communicationServices/MyCommunica000001",
        "status": "Accepted", "startTime": "2022-12-02T06:17:16.7054582Z"}'
    headers:
      cache-control:
      - no-cache
      content-length:
      - '585'
      content-type:
      - application/json; charset=utf-8
      date:
      - Fri, 02 Dec 2022 06:17:48 GMT
      etag:
      - '"2701a21e-0000-0800-0000-6389986c0000"'
      expires:
      - '-1'
      pragma:
      - no-cache
      strict-transport-security:
      - max-age=31536000; includeSubDomains
      transfer-encoding:
      - chunked
      vary:
      - Accept-Encoding
      x-content-type-options:
      - nosniff
    status:
      code: 200
      message: OK
- request:
    body: null
    headers:
      Accept:
      - '*/*'
      Accept-Encoding:
      - gzip, deflate
      CommandName:
      - communication create
      Connection:
      - keep-alive
      ParameterSetName:
      - --name --location --data-location --resource-group
      User-Agent:
      - AZURECLI/2.40.0 azsdk-python-mgmt-communication/1.0.0 Python/3.8.10 (Windows-10-10.0.22621-SP0)
    method: GET
    uri: https://management.azure.com/subscriptions/00000000-0000-0000-0000-000000000000/providers/Microsoft.Communication/locations/WESTUS2/operationStatuses/2c415527-d5d1-4e86-bb42-78e77cd5f67b*567832DA5BAC5F59B09B9D65A6B87ADE2F3219EA46EF3F649BFE319DFE354B49?api-version=2020-08-20
  response:
    body:
      string: '{"id": "/subscriptions/00000000-0000-0000-0000-000000000000/providers/Microsoft.Communication/locations/WESTUS2/operationStatuses/2c415527-d5d1-4e86-bb42-78e77cd5f67b*567832DA5BAC5F59B09B9D65A6B87ADE2F3219EA46EF3F649BFE319DFE354B49",
        "name": "2c415527-d5d1-4e86-bb42-78e77cd5f67b*567832DA5BAC5F59B09B9D65A6B87ADE2F3219EA46EF3F649BFE319DFE354B49",
        "resourceId": "/subscriptions/00000000-0000-0000-0000-000000000000/resourceGroups/clitest000003/providers/Microsoft.Communication/communicationServices/MyCommunica000001",
        "status": "Accepted", "startTime": "2022-12-02T06:17:16.7054582Z"}'
    headers:
      cache-control:
      - no-cache
      content-length:
      - '585'
      content-type:
      - application/json; charset=utf-8
      date:
      - Fri, 02 Dec 2022 06:18:18 GMT
      etag:
      - '"2701a21e-0000-0800-0000-6389986c0000"'
      expires:
      - '-1'
      pragma:
      - no-cache
      strict-transport-security:
      - max-age=31536000; includeSubDomains
      transfer-encoding:
      - chunked
      vary:
      - Accept-Encoding
      x-content-type-options:
      - nosniff
    status:
      code: 200
      message: OK
- request:
    body: null
    headers:
      Accept:
      - '*/*'
      Accept-Encoding:
      - gzip, deflate
      CommandName:
      - communication create
      Connection:
      - keep-alive
      ParameterSetName:
      - --name --location --data-location --resource-group
      User-Agent:
      - AZURECLI/2.40.0 azsdk-python-mgmt-communication/1.0.0 Python/3.8.10 (Windows-10-10.0.22621-SP0)
    method: GET
    uri: https://management.azure.com/subscriptions/00000000-0000-0000-0000-000000000000/providers/Microsoft.Communication/locations/WESTUS2/operationStatuses/2c415527-d5d1-4e86-bb42-78e77cd5f67b*567832DA5BAC5F59B09B9D65A6B87ADE2F3219EA46EF3F649BFE319DFE354B49?api-version=2020-08-20
  response:
    body:
      string: '{"id": "/subscriptions/00000000-0000-0000-0000-000000000000/providers/Microsoft.Communication/locations/WESTUS2/operationStatuses/2c415527-d5d1-4e86-bb42-78e77cd5f67b*567832DA5BAC5F59B09B9D65A6B87ADE2F3219EA46EF3F649BFE319DFE354B49",
        "name": "2c415527-d5d1-4e86-bb42-78e77cd5f67b*567832DA5BAC5F59B09B9D65A6B87ADE2F3219EA46EF3F649BFE319DFE354B49",
        "resourceId": "/subscriptions/00000000-0000-0000-0000-000000000000/resourceGroups/clitest000003/providers/Microsoft.Communication/communicationServices/MyCommunica000001",
        "status": "Succeeded", "startTime": "2022-12-02T06:17:16.7054582Z", "properties":
        null}'
    headers:
      cache-control:
      - no-cache
      content-length:
      - '606'
      content-type:
      - application/json; charset=utf-8
      date:
      - Fri, 02 Dec 2022 06:18:48 GMT
      etag:
      - '"2701c120-0000-0800-0000-638998af0000"'
      expires:
      - '-1'
      pragma:
      - no-cache
      strict-transport-security:
      - max-age=31536000; includeSubDomains
      transfer-encoding:
      - chunked
      vary:
      - Accept-Encoding
      x-content-type-options:
      - nosniff
    status:
      code: 200
      message: OK
- request:
    body: null
    headers:
      Accept:
      - '*/*'
      Accept-Encoding:
      - gzip, deflate
      CommandName:
      - communication create
      Connection:
      - keep-alive
      ParameterSetName:
      - --name --location --data-location --resource-group
      User-Agent:
      - AZURECLI/2.40.0 azsdk-python-mgmt-communication/1.0.0 Python/3.8.10 (Windows-10-10.0.22621-SP0)
    method: GET
    uri: https://management.azure.com/subscriptions/00000000-0000-0000-0000-000000000000/resourceGroups/clitest000003/providers/Microsoft.Communication/communicationServices/MyCommunica000001?api-version=2020-08-20
  response:
    body:
      string: '{"id": "/subscriptions/00000000-0000-0000-0000-000000000000/resourceGroups/clitest000003/providers/Microsoft.Communication/communicationServices/MyCommunica000001",
        "name": "MyCommunica000001", "type": "microsoft.communication/communicationservices",
        "location": "Global", "systemData": {"createdBy": "sanitized", "createdByType":
        "User", "createdAt": "2022-12-02T06:17:16.3482457Z", "lastModifiedBy": "sanitized",
        "lastModifiedByType": "User", "lastModifiedAt": "2022-12-02T06:17:16.3482457Z"},
        "properties": {"provisioningState": "Succeeded", "hostName": "mycommunicatzzs7m3n7b5m.communication.azure.com",
        "immutableResourceId": "99e39550-72b5-4b5f-b089-dc41a10d8213", "dataLocation":
        "United States"}}'
    headers:
      cache-control:
      - no-cache
      content-length:
      - '704'
      content-type:
      - application/json; charset=utf-8
      date:
      - Fri, 02 Dec 2022 06:18:48 GMT
      etag:
      - '"8100145b-0000-0700-0000-638998730000"'
      expires:
      - '-1'
      pragma:
      - no-cache
      strict-transport-security:
      - max-age=31536000; includeSubDomains
      transfer-encoding:
      - chunked
      vary:
      - Accept-Encoding
      x-content-type-options:
      - nosniff
      x-ms-providerhub-traffic:
      - 'True'
    status:
      code: 200
      message: OK
- request:
    body: null
    headers:
      Accept:
      - application/json
      Accept-Encoding:
      - gzip, deflate
      CommandName:
      - communication wait
      Connection:
      - keep-alive
      ParameterSetName:
      - --created --name --resource-group
      User-Agent:
      - AZURECLI/2.40.0 azsdk-python-mgmt-communication/1.0.0 Python/3.8.10 (Windows-10-10.0.22621-SP0)
    method: GET
    uri: https://management.azure.com/subscriptions/00000000-0000-0000-0000-000000000000/resourceGroups/clitest000003/providers/Microsoft.Communication/communicationServices/MyCommunica000001?api-version=2020-08-20
  response:
    body:
      string: '{"id": "/subscriptions/00000000-0000-0000-0000-000000000000/resourceGroups/clitest000003/providers/Microsoft.Communication/communicationServices/MyCommunica000001",
        "name": "MyCommunica000001", "type": "microsoft.communication/communicationservices",
        "location": "Global", "systemData": {"createdBy": "sanitized", "createdByType":
        "User", "createdAt": "2022-12-02T06:17:16.3482457Z", "lastModifiedBy": "sanitized",
        "lastModifiedByType": "User", "lastModifiedAt": "2022-12-02T06:17:16.3482457Z"},
        "properties": {"provisioningState": "Succeeded", "hostName": "mycommunicatzzs7m3n7b5m.communication.azure.com",
        "immutableResourceId": "99e39550-72b5-4b5f-b089-dc41a10d8213", "dataLocation":
        "United States"}}'
    headers:
      cache-control:
      - no-cache
      content-length:
      - '704'
      content-type:
      - application/json; charset=utf-8
      date:
      - Fri, 02 Dec 2022 06:18:49 GMT
      etag:
      - '"8100145b-0000-0700-0000-638998730000"'
      expires:
      - '-1'
      pragma:
      - no-cache
      strict-transport-security:
      - max-age=31536000; includeSubDomains
      transfer-encoding:
      - chunked
      vary:
      - Accept-Encoding
      x-content-type-options:
      - nosniff
      x-ms-providerhub-traffic:
      - 'True'
    status:
      code: 200
      message: OK
- request:
    body: null
    headers:
      Accept:
      - application/json
      Accept-Encoding:
      - gzip, deflate
      CommandName:
      - communication show
      Connection:
      - keep-alive
      ParameterSetName:
      - --name --resource-group
      User-Agent:
      - AZURECLI/2.40.0 azsdk-python-mgmt-communication/1.0.0 Python/3.8.10 (Windows-10-10.0.22621-SP0)
    method: GET
    uri: https://management.azure.com/subscriptions/00000000-0000-0000-0000-000000000000/resourceGroups/clitest000003/providers/Microsoft.Communication/communicationServices/MyCommunica000001?api-version=2020-08-20
  response:
    body:
      string: '{"id": "/subscriptions/00000000-0000-0000-0000-000000000000/resourceGroups/clitest000003/providers/Microsoft.Communication/communicationServices/MyCommunica000001",
        "name": "MyCommunica000001", "type": "microsoft.communication/communicationservices",
        "location": "Global", "systemData": {"createdBy": "sanitized", "createdByType":
        "User", "createdAt": "2022-12-02T06:17:16.3482457Z", "lastModifiedBy": "sanitized",
        "lastModifiedByType": "User", "lastModifiedAt": "2022-12-02T06:17:16.3482457Z"},
        "properties": {"provisioningState": "Succeeded", "hostName": "mycommunicatzzs7m3n7b5m.communication.azure.com",
        "immutableResourceId": "99e39550-72b5-4b5f-b089-dc41a10d8213", "dataLocation":
        "United States"}}'
    headers:
      cache-control:
      - no-cache
      content-length:
      - '704'
      content-type:
      - application/json; charset=utf-8
      date:
      - Fri, 02 Dec 2022 06:18:49 GMT
      etag:
      - '"8100145b-0000-0700-0000-638998730000"'
      expires:
      - '-1'
      pragma:
      - no-cache
      strict-transport-security:
      - max-age=31536000; includeSubDomains
      transfer-encoding:
      - chunked
      vary:
      - Accept-Encoding
      x-content-type-options:
      - nosniff
      x-ms-providerhub-traffic:
      - 'True'
    status:
      code: 200
      message: OK
- request:
    body: null
    headers:
      Accept:
      - application/json
      Accept-Encoding:
      - gzip, deflate
      CommandName:
      - communication list
      Connection:
      - keep-alive
      ParameterSetName:
      - --resource-group
      User-Agent:
      - AZURECLI/2.40.0 azsdk-python-mgmt-communication/1.0.0 Python/3.8.10 (Windows-10-10.0.22621-SP0)
    method: GET
    uri: https://management.azure.com/subscriptions/00000000-0000-0000-0000-000000000000/resourceGroups/clitest000003/providers/Microsoft.Communication/communicationServices?api-version=2020-08-20
  response:
    body:
      string: '{"value": [{"id": "/subscriptions/00000000-0000-0000-0000-000000000000/resourceGroups/clitest000003/providers/Microsoft.Communication/communicationServices/MyCommunica000001",
        "name": "MyCommunica000001", "type": "microsoft.communication/communicationservices",
        "location": "Global", "systemData": {"createdBy": "sanitized", "createdByType":
        "User", "createdAt": "2022-12-02T06:17:16.3482457Z", "lastModifiedBy": "sanitized",
        "lastModifiedByType": "User", "lastModifiedAt": "2022-12-02T06:17:16.3482457Z"},
        "properties": {"provisioningState": "Succeeded", "hostName": "mycommunicatzzs7m3n7b5m.communication.azure.com",
        "immutableResourceId": "99e39550-72b5-4b5f-b089-dc41a10d8213", "dataLocation":
        "United States"}}]}'
    headers:
      cache-control:
      - no-cache
      content-length:
      - '717'
      content-type:
      - application/json; charset=utf-8
      date:
      - Fri, 02 Dec 2022 06:18:50 GMT
      expires:
      - '-1'
      pragma:
      - no-cache
      strict-transport-security:
      - max-age=31536000; includeSubDomains
      transfer-encoding:
      - chunked
      vary:
      - Accept-Encoding
      x-content-type-options:
      - nosniff
      x-ms-providerhub-traffic:
      - 'True'
    status:
      code: 200
      message: OK
- request:
    body: null
    headers:
      Accept:
      - application/json
      Accept-Encoding:
      - gzip, deflate
      CommandName:
      - communication list
      Connection:
      - keep-alive
      ParameterSetName:
      - -g
      User-Agent:
      - AZURECLI/2.40.0 azsdk-python-mgmt-communication/1.0.0 Python/3.8.10 (Windows-10-10.0.22621-SP0)
    method: GET
    uri: https://management.azure.com/subscriptions/00000000-0000-0000-0000-000000000000/resourceGroups/clitest000003/providers/Microsoft.Communication/communicationServices?api-version=2020-08-20
  response:
    body:
      string: '{"value": [{"id": "/subscriptions/00000000-0000-0000-0000-000000000000/resourceGroups/clitest000003/providers/Microsoft.Communication/communicationServices/MyCommunica000001",
        "name": "MyCommunica000001", "type": "microsoft.communication/communicationservices",
        "location": "Global", "systemData": {"createdBy": "sanitized", "createdByType":
        "User", "createdAt": "2022-12-02T06:17:16.3482457Z", "lastModifiedBy": "sanitized",
        "lastModifiedByType": "User", "lastModifiedAt": "2022-12-02T06:17:16.3482457Z"},
        "properties": {"provisioningState": "Succeeded", "hostName": "mycommunicatzzs7m3n7b5m.communication.azure.com",
        "immutableResourceId": "99e39550-72b5-4b5f-b089-dc41a10d8213", "dataLocation":
        "United States"}}]}'
    headers:
      cache-control:
      - no-cache
      content-length:
      - '717'
      content-type:
      - application/json; charset=utf-8
      date:
      - Fri, 02 Dec 2022 06:18:50 GMT
      expires:
      - '-1'
      pragma:
      - no-cache
      strict-transport-security:
      - max-age=31536000; includeSubDomains
      transfer-encoding:
      - chunked
      vary:
      - Accept-Encoding
      x-content-type-options:
      - nosniff
      x-ms-providerhub-traffic:
      - 'True'
    status:
      code: 200
      message: OK
- request:
    body: '{"tags": {"newTag": "newVal"}}'
    headers:
      Accept:
      - application/json
      Accept-Encoding:
      - gzip, deflate
      CommandName:
      - communication update
      Connection:
      - keep-alive
      Content-Length:
      - '30'
      Content-Type:
      - application/json
      ParameterSetName:
      - --name --tags --resource-group
      User-Agent:
      - AZURECLI/2.40.0 azsdk-python-mgmt-communication/1.0.0 Python/3.8.10 (Windows-10-10.0.22621-SP0)
    method: PATCH
    uri: https://management.azure.com/subscriptions/00000000-0000-0000-0000-000000000000/resourceGroups/clitest000003/providers/Microsoft.Communication/communicationServices/MyCommunica000001?api-version=2020-08-20
  response:
    body:
      string: '{"id": "/subscriptions/00000000-0000-0000-0000-000000000000/resourceGroups/clitest000003/providers/Microsoft.Communication/communicationServices/MyCommunica000001",
        "name": "MyCommunica000001", "type": "microsoft.communication/communicationservices",
        "location": "Global", "tags": {"newTag": "newVal"}, "systemData": {"createdBy":
        "sanitized", "createdByType": "User", "createdAt": "2022-12-02T06:17:16.3482457Z",
        "lastModifiedBy": "sanitized", "lastModifiedByType": "User", "lastModifiedAt":
        "2022-12-02T06:18:51.4805978Z"}, "properties": {"hostName": "mycommunicatzzs7m3n7b5m.communication.azure.com",
        "immutableResourceId": "99e39550-72b5-4b5f-b089-dc41a10d8213", "dataLocation":
        "United States", "provisioningState": "Succeeded"}}'
    headers:
      cache-control:
      - no-cache
      content-length:
      - '734'
      content-type:
      - application/json; charset=utf-8
      date:
      - Fri, 02 Dec 2022 06:18:52 GMT
      etag:
      - '"8100d95c-0000-0700-0000-638998cb0000"'
      expires:
      - '-1'
      pragma:
      - no-cache
      request-context:
      - appId=
      strict-transport-security:
      - max-age=31536000; includeSubDomains
      transfer-encoding:
      - chunked
      vary:
      - Accept-Encoding
      x-content-type-options:
      - nosniff
      x-ms-providerhub-traffic:
      - 'True'
      x-ms-ratelimit-remaining-subscription-writes:
      - '1199'
    status:
      code: 200
      message: OK
- request:
    body: '{"resourceId": "/subscriptions/00000000-0000-0000-0000-000000000000/resourceGroups/clitest000002/providers/Microsoft.NotificationHubs/namespaces/MyNamespace/notificationHubs/MyHub",
      "connectionString": "Endpoint=sb://MyNamespace.servicebus.windows.net/;SharedAccessKey=abcd1234"}'
    headers:
      Accept:
      - application/json
      Accept-Encoding:
      - gzip, deflate
      CommandName:
      - communication link-notification-hub
      Connection:
      - keep-alive
      Content-Length:
      - '279'
      Content-Type:
      - application/json
      ParameterSetName:
      - --name --connection-string --resource-id --resource-group
      User-Agent:
      - AZURECLI/2.40.0 azsdk-python-mgmt-communication/1.0.0 Python/3.8.10 (Windows-10-10.0.22621-SP0)
    method: POST
    uri: https://management.azure.com/subscriptions/00000000-0000-0000-0000-000000000000/resourceGroups/clitest000003/providers/Microsoft.Communication/communicationServices/MyCommunica000001/linkNotificationHub?api-version=2020-08-20
  response:
    body:
      string: '{"resourceId": "/subscriptions/00000000-0000-0000-0000-000000000000/resourceGroups/clitest000002/providers/Microsoft.NotificationHubs/namespaces/MyNamespace/notificationHubs/MyHub"}'
    headers:
      cache-control:
      - no-cache
      content-length:
      - '181'
      content-type:
      - application/json; charset=utf-8
      date:
      - Fri, 02 Dec 2022 06:18:53 GMT
      expires:
      - '-1'
      pragma:
      - no-cache
      request-context:
      - appId=
      strict-transport-security:
      - max-age=31536000; includeSubDomains
      transfer-encoding:
      - chunked
      vary:
      - Accept-Encoding
      x-content-type-options:
      - nosniff
      x-ms-providerhub-traffic:
      - 'True'
      x-ms-ratelimit-remaining-subscription-writes:
      - '1198'
    status:
      code: 200
      message: OK
- request:
    body: null
    headers:
      Accept:
      - application/json
      Accept-Encoding:
      - gzip, deflate
      CommandName:
      - communication list-key
      Connection:
      - keep-alive
      Content-Length:
      - '0'
      ParameterSetName:
      - --name --resource-group
      User-Agent:
      - AZURECLI/2.40.0 azsdk-python-mgmt-communication/1.0.0 Python/3.8.10 (Windows-10-10.0.22621-SP0)
    method: POST
    uri: https://management.azure.com/subscriptions/00000000-0000-0000-0000-000000000000/resourceGroups/clitest000003/providers/Microsoft.Communication/communicationServices/MyCommunica000001/listKeys?api-version=2020-08-20
  response:
    body:
      string: '{"primaryKey": "9Q6U/qwODlNpZ+ER7bmyoBGyUhZh6Lq3PPokAZ3+aiQI+Mjrbl5CdH/c98ERRD30+bFD2mw1tjcdPm8LYdb1ug==",
        "secondaryKey": "Iv9bvKxSy7ixUj1yoN5rTGP/GLhAZpjcZbviTZaClqTFhkmxvzPrbS6KkqaMBpoo7cZJePriZqm7CPnWPpgQWA==",
        "primaryConnectionString": "endpoint=https://mycommunicatzzs7m3n7b5m.communication.azure.com/;accesskey=9Q6U/qwODlNpZ+ER7bmyoBGyUhZh6Lq3PPokAZ3+aiQI+Mjrbl5CdH/c98ERRD30+bFD2mw1tjcdPm8LYdb1ug==",
        "secondaryConnectionString": "endpoint=https://mycommunicatzzs7m3n7b5m.communication.azure.com/;accesskey=Iv9bvKxSy7ixUj1yoN5rTGP/GLhAZpjcZbviTZaClqTFhkmxvzPrbS6KkqaMBpoo7cZJePriZqm7CPnWPpgQWA=="}'
    headers:
      cache-control:
      - no-cache
      content-length:
      - '606'
      content-type:
      - application/json; charset=utf-8
      date:
      - Fri, 02 Dec 2022 06:18:53 GMT
      expires:
      - '-1'
      pragma:
      - no-cache
      request-context:
      - appId=
      strict-transport-security:
      - max-age=31536000; includeSubDomains
      transfer-encoding:
      - chunked
      vary:
      - Accept-Encoding
      x-content-type-options:
      - nosniff
      x-ms-providerhub-traffic:
      - 'True'
      x-ms-ratelimit-remaining-subscription-writes:
      - '1199'
    status:
      code: 200
      message: OK
- request:
    body: '{"keyType": "Primary"}'
    headers:
      Accept:
      - application/json
      Accept-Encoding:
      - gzip, deflate
      CommandName:
      - communication regenerate-key
      Connection:
      - keep-alive
      Content-Length:
      - '22'
      Content-Type:
      - application/json
      ParameterSetName:
      - --name --key-type --resource-group
      User-Agent:
      - AZURECLI/2.40.0 azsdk-python-mgmt-communication/1.0.0 Python/3.8.10 (Windows-10-10.0.22621-SP0)
    method: POST
    uri: https://management.azure.com/subscriptions/00000000-0000-0000-0000-000000000000/resourceGroups/clitest000003/providers/Microsoft.Communication/communicationServices/MyCommunica000001/regenerateKey?api-version=2020-08-20
  response:
    body:
      string: '{"primaryKey": "l3lQj1r4y6xr1TBSGZ7KzLXiozJcPjKRuMV+7R3TlSCEpJaTA3nL7BkJD1EKKEaTel84phFPhQm9CH6wSbEBPg==",
        "primaryConnectionString": "endpoint=https://mycommunicatzzs7m3n7b5m.communication.azure.com/;accesskey=l3lQj1r4y6xr1TBSGZ7KzLXiozJcPjKRuMV+7R3TlSCEpJaTA3nL7BkJD1EKKEaTel84phFPhQm9CH6wSbEBPg=="}'
    headers:
      cache-control:
      - no-cache
      content-length:
      - '301'
      content-type:
      - application/json; charset=utf-8
      date:
      - Fri, 02 Dec 2022 06:18:54 GMT
      expires:
      - '-1'
      pragma:
      - no-cache
      request-context:
      - appId=
      strict-transport-security:
      - max-age=31536000; includeSubDomains
      transfer-encoding:
      - chunked
      vary:
      - Accept-Encoding
      x-content-type-options:
      - nosniff
      x-ms-providerhub-traffic:
      - 'True'
      x-ms-ratelimit-remaining-subscription-writes:
      - '1199'
    status:
      code: 200
      message: OK
- request:
    body: null
    headers:
      Accept:
      - application/json
      Accept-Encoding:
      - gzip, deflate
      CommandName:
      - communication delete
      Connection:
      - keep-alive
      Content-Length:
      - '0'
      ParameterSetName:
      - -y --name --resource-group
      User-Agent:
      - AZURECLI/2.40.0 azsdk-python-mgmt-communication/1.0.0 Python/3.8.10 (Windows-10-10.0.22621-SP0)
    method: DELETE
    uri: https://management.azure.com/subscriptions/00000000-0000-0000-0000-000000000000/resourceGroups/clitest000003/providers/Microsoft.Communication/communicationServices/MyCommunica000001?api-version=2020-08-20
  response:
    body:
      string: 'null'
    headers:
      azure-asyncoperation:
      - https://management.azure.com/subscriptions/00000000-0000-0000-0000-000000000000/providers/Microsoft.Communication/locations/WESTUS2/operationStatuses/88c51d3e-3b17-4c75-befa-fad841a8c994*567832DA5BAC5F59B09B9D65A6B87ADE2F3219EA46EF3F649BFE319DFE354B49?api-version=2020-08-20
      cache-control:
      - no-cache
      content-length:
      - '4'
      content-type:
      - application/json; charset=utf-8
      date:
      - Fri, 02 Dec 2022 06:18:54 GMT
      etag:
      - '"8100e25c-0000-0700-0000-638998ce0000"'
      expires:
      - '-1'
      location:
      - https://management.azure.com/subscriptions/00000000-0000-0000-0000-000000000000/providers/Microsoft.Communication/locations/WESTUS2/operationStatuses/88c51d3e-3b17-4c75-befa-fad841a8c994*567832DA5BAC5F59B09B9D65A6B87ADE2F3219EA46EF3F649BFE319DFE354B49?api-version=2020-08-20
      pragma:
      - no-cache
      strict-transport-security:
      - max-age=31536000; includeSubDomains
      x-content-type-options:
      - nosniff
      x-ms-providerhub-traffic:
      - 'True'
      x-ms-ratelimit-remaining-subscription-deletes:
      - '14999'
    status:
      code: 202
      message: Accepted
- request:
    body: null
    headers:
      Accept:
      - '*/*'
      Accept-Encoding:
      - gzip, deflate
      CommandName:
      - communication delete
      Connection:
      - keep-alive
      ParameterSetName:
      - -y --name --resource-group
      User-Agent:
      - AZURECLI/2.40.0 azsdk-python-mgmt-communication/1.0.0 Python/3.8.10 (Windows-10-10.0.22621-SP0)
    method: GET
    uri: https://management.azure.com/subscriptions/00000000-0000-0000-0000-000000000000/providers/Microsoft.Communication/locations/WESTUS2/operationStatuses/88c51d3e-3b17-4c75-befa-fad841a8c994*567832DA5BAC5F59B09B9D65A6B87ADE2F3219EA46EF3F649BFE319DFE354B49?api-version=2020-08-20
  response:
    body:
      string: '{"id": "/subscriptions/00000000-0000-0000-0000-000000000000/providers/Microsoft.Communication/locations/WESTUS2/operationStatuses/88c51d3e-3b17-4c75-befa-fad841a8c994*567832DA5BAC5F59B09B9D65A6B87ADE2F3219EA46EF3F649BFE319DFE354B49",
        "name": "88c51d3e-3b17-4c75-befa-fad841a8c994*567832DA5BAC5F59B09B9D65A6B87ADE2F3219EA46EF3F649BFE319DFE354B49",
        "resourceId": "/subscriptions/00000000-0000-0000-0000-000000000000/resourceGroups/clitest000003/providers/Microsoft.Communication/communicationServices/MyCommunica000001",
        "status": "Deleting", "startTime": "2022-12-02T06:18:54.8501404Z"}'
    headers:
      cache-control:
      - no-cache
      content-length:
      - '585'
      content-type:
      - application/json; charset=utf-8
      date:
      - Fri, 02 Dec 2022 06:19:24 GMT
      etag:
      - '"2701b421-0000-0800-0000-638998ce0000"'
      expires:
      - '-1'
      pragma:
      - no-cache
      strict-transport-security:
      - max-age=31536000; includeSubDomains
      x-content-type-options:
      - nosniff
    status:
      code: 202
      message: Accepted
- request:
    body: null
    headers:
      Accept:
      - '*/*'
      Accept-Encoding:
      - gzip, deflate
      CommandName:
      - communication delete
      Connection:
      - keep-alive
      ParameterSetName:
      - -y --name --resource-group
      User-Agent:
      - AZURECLI/2.40.0 azsdk-python-mgmt-communication/1.0.0 Python/3.8.10 (Windows-10-10.0.22621-SP0)
    method: GET
    uri: https://management.azure.com/subscriptions/00000000-0000-0000-0000-000000000000/providers/Microsoft.Communication/locations/WESTUS2/operationStatuses/88c51d3e-3b17-4c75-befa-fad841a8c994*567832DA5BAC5F59B09B9D65A6B87ADE2F3219EA46EF3F649BFE319DFE354B49?api-version=2020-08-20
  response:
    body:
      string: '{"id": "/subscriptions/00000000-0000-0000-0000-000000000000/providers/Microsoft.Communication/locations/WESTUS2/operationStatuses/88c51d3e-3b17-4c75-befa-fad841a8c994*567832DA5BAC5F59B09B9D65A6B87ADE2F3219EA46EF3F649BFE319DFE354B49",
        "name": "88c51d3e-3b17-4c75-befa-fad841a8c994*567832DA5BAC5F59B09B9D65A6B87ADE2F3219EA46EF3F649BFE319DFE354B49",
        "resourceId": "/subscriptions/00000000-0000-0000-0000-000000000000/resourceGroups/clitest000003/providers/Microsoft.Communication/communicationServices/MyCommunica000001",
        "status": "Deleting", "startTime": "2022-12-02T06:18:54.8501404Z"}'
    headers:
      cache-control:
      - no-cache
      content-length:
      - '585'
      content-type:
      - application/json; charset=utf-8
      date:
      - Fri, 02 Dec 2022 06:19:55 GMT
      etag:
      - '"2701b421-0000-0800-0000-638998ce0000"'
      expires:
      - '-1'
      pragma:
      - no-cache
      strict-transport-security:
      - max-age=31536000; includeSubDomains
      x-content-type-options:
      - nosniff
    status:
      code: 202
      message: Accepted
- request:
    body: null
    headers:
      Accept:
      - '*/*'
      Accept-Encoding:
      - gzip, deflate
      CommandName:
      - communication delete
      Connection:
      - keep-alive
      ParameterSetName:
      - -y --name --resource-group
      User-Agent:
      - AZURECLI/2.40.0 azsdk-python-mgmt-communication/1.0.0 Python/3.8.10 (Windows-10-10.0.22621-SP0)
    method: GET
    uri: https://management.azure.com/subscriptions/00000000-0000-0000-0000-000000000000/providers/Microsoft.Communication/locations/WESTUS2/operationStatuses/88c51d3e-3b17-4c75-befa-fad841a8c994*567832DA5BAC5F59B09B9D65A6B87ADE2F3219EA46EF3F649BFE319DFE354B49?api-version=2020-08-20
  response:
    body:
      string: '{"id": "/subscriptions/00000000-0000-0000-0000-000000000000/providers/Microsoft.Communication/locations/WESTUS2/operationStatuses/88c51d3e-3b17-4c75-befa-fad841a8c994*567832DA5BAC5F59B09B9D65A6B87ADE2F3219EA46EF3F649BFE319DFE354B49",
        "name": "88c51d3e-3b17-4c75-befa-fad841a8c994*567832DA5BAC5F59B09B9D65A6B87ADE2F3219EA46EF3F649BFE319DFE354B49",
        "resourceId": "/subscriptions/00000000-0000-0000-0000-000000000000/resourceGroups/clitest000003/providers/Microsoft.Communication/communicationServices/MyCommunica000001",
        "status": "Succeeded", "startTime": "2022-12-02T06:18:54.8501404Z", "properties":
        null}'
    headers:
      cache-control:
      - no-cache
      content-length:
      - '606'
      content-type:
      - application/json; charset=utf-8
      date:
      - Fri, 02 Dec 2022 06:20:24 GMT
      etag:
      - '"27017823-0000-0800-0000-638999100000"'
      expires:
      - '-1'
      pragma:
      - no-cache
      strict-transport-security:
      - max-age=31536000; includeSubDomains
      transfer-encoding:
      - chunked
      vary:
      - Accept-Encoding
      x-content-type-options:
      - nosniff
    status:
      code: 200
      message: OK
- request:
    body: null
    headers:
      Accept:
      - '*/*'
      Accept-Encoding:
      - gzip, deflate
      CommandName:
      - communication delete
      Connection:
      - keep-alive
      ParameterSetName:
      - -y --name --resource-group
      User-Agent:
      - AZURECLI/2.40.0 azsdk-python-mgmt-communication/1.0.0 Python/3.8.10 (Windows-10-10.0.22621-SP0)
    method: GET
    uri: https://management.azure.com/subscriptions/00000000-0000-0000-0000-000000000000/providers/Microsoft.Communication/locations/WESTUS2/operationStatuses/88c51d3e-3b17-4c75-befa-fad841a8c994*567832DA5BAC5F59B09B9D65A6B87ADE2F3219EA46EF3F649BFE319DFE354B49?api-version=2020-08-20
  response:
    body:
      string: '{"id": "/subscriptions/00000000-0000-0000-0000-000000000000/providers/Microsoft.Communication/locations/WESTUS2/operationStatuses/88c51d3e-3b17-4c75-befa-fad841a8c994*567832DA5BAC5F59B09B9D65A6B87ADE2F3219EA46EF3F649BFE319DFE354B49",
        "name": "88c51d3e-3b17-4c75-befa-fad841a8c994*567832DA5BAC5F59B09B9D65A6B87ADE2F3219EA46EF3F649BFE319DFE354B49",
        "resourceId": "/subscriptions/00000000-0000-0000-0000-000000000000/resourceGroups/clitest000003/providers/Microsoft.Communication/communicationServices/MyCommunica000001",
        "status": "Succeeded", "startTime": "2022-12-02T06:18:54.8501404Z", "properties":
        null}'
    headers:
      cache-control:
      - no-cache
      content-length:
      - '606'
      content-type:
      - application/json; charset=utf-8
      date:
      - Fri, 02 Dec 2022 06:20:24 GMT
      etag:
      - '"27017823-0000-0800-0000-638999100000"'
      expires:
      - '-1'
      pragma:
      - no-cache
      strict-transport-security:
      - max-age=31536000; includeSubDomains
      transfer-encoding:
      - chunked
      vary:
      - Accept-Encoding
      x-content-type-options:
      - nosniff
    status:
      code: 200
      message: OK
version: 1
