interactions:
- request:
    body: '{"createTokenWithScopes": ["chat"], "expiresInMinutes": null}'
    headers:
      Accept:
      - application/json
      Accept-Encoding:
      - gzip, deflate
      Connection:
      - keep-alive
      Content-Length:
      - '61'
      Content-Type:
      - application/json
      User-Agent:
      - AzureCli/1.7.0b1 azsdk-python-communication-identity/1.3.1 Python/3.10.11
        (Windows-10-10.0.22621-SP0)
      x-ms-content-sha256:
      - RgFKX8sq6gKDc377EdeILf3jgzCijxLOR8s04qluHkc=
      x-ms-date:
      - Fri, 07 Jul 2023 01:54:05 GMT
      x-ms-return-client-request-id:
      - 'true'
    method: POST
    uri: https://sanitized.communication.azure.com/identities?api-version=2022-10-01
  response:
    body:
      string: '{"identity": {"id": "sanitized"}, "accessToken": {"token": "sanitized",
        "expiresOn": "2023-07-08T01:54:05.4002222+00:00"}}'
    headers:
      api-supported-versions:
      - 2020-07-20-preview2, 2021-02-22-preview1, 2021-03-07, 2021-10-31-preview,
        2021-11-01, 2022-06-01, 2022-10-01, 2023-08-01
      content-length:
      - '122'
      content-type:
      - application/json; charset=utf-8
      date:
      - Fri, 07 Jul 2023 01:54:04 GMT
      ms-cv:
      - sBaJbejsikCSjrOQ2mWG7A.0
      request-context:
      - appId=
      strict-transport-security:
      - max-age=2592000
      x-azure-ref:
      - 0PXCnZAAAAABJOtNy+PSNRJwxQIaSJ4rMWVZSMzExMDAwMTE1MDIxADlmYzdiNTE5LWE4Y2MtNGY4OS05MzVlLWM5MTQ4YWUwOWU4MQ==
      x-cache:
      - CONFIG_NOCACHE
      x-processing-time:
      - 106ms
    status:
      code: 201
      message: Created
- request:
    body: '{"topic": "some-topic", "participants": []}'
    headers:
      Accept:
      - application/json
      Accept-Encoding:
      - gzip, deflate
      Connection:
      - keep-alive
      Content-Length:
      - '43'
      Content-Type:
      - application/json
      User-Agent:
      - AzureCli/1.7.0b1 azsdk-python-communication-chat/1.1.0 Python/3.10.11 (Windows-10-10.0.22621-SP0)
      repeatability-request-id:
      - bda5d97e-7142-43fc-a1ad-09352af1b8bc
    method: POST
    uri: https://sanitized.communication.azure.com/chat/threads?api-version=2021-09-07
  response:
    body:
      string: '{"chatThread": {"id": "sanitized", "topic": "some-topic", "createdOn":
        "2023-07-07T01:54:05Z", "createdByCommunicationIdentifier": {"rawId": "sanitized",
        "communicationUser": {"id": "sanitized"}}}}'
    headers:
      api-supported-versions:
      - 2021-03-07, 2021-04-05-preview6, 2021-09-07, 2023-04-01-preview, 2023-07-01-preview
      content-length:
      - '197'
      content-type:
      - application/json; charset=utf-8
      date:
      - Fri, 07 Jul 2023 01:54:05 GMT
      location:
      - https://clitest000002.communication.azure.com/chat/threads/19%3AVQvprQLBlnPIzT8Rx44FK_z5U7pHxYBTghDaBhmxqxo1@thread.v2
      ms-cv:
      - 6zsaUg4yakyMaA4sBz36zQ.0
      strict-transport-security:
      - max-age=2592000
      x-azure-ref:
      - 0PXCnZAAAAAApWAk2bd92TbR7MDcbEfLqWVZSMzExMDAwMTE1MDE3ADlmYzdiNTE5LWE4Y2MtNGY4OS05MzVlLWM5MTQ4YWUwOWU4MQ==
      x-cache:
      - CONFIG_NOCACHE
      x-processing-time:
      - 462ms
    status:
      code: 201
      message: Created
- request:
    body: null
    headers:
      Accept:
      - application/json
      Accept-Encoding:
      - gzip, deflate
      Connection:
      - keep-alive
      User-Agent:
      - azsdk-python-communication-chat/1.1.0 Python/3.10.11 (Windows-10-10.0.22621-SP0)
    method: GET
    uri: https://sanitized.communication.azure.com/chat/threads/sanitized/participants?api-version=2021-09-07
  response:
    body:
      string: '{"value": [{"communicationIdentifier": {"rawId": "sanitized", "communicationUser":
        {"id": "sanitized"}}, "shareHistoryTime": "1970-01-01T00:00:00Z"}]}'
    headers:
      api-supported-versions:
      - 2021-03-07, 2021-04-05-preview6, 2021-09-07, 2023-04-01-preview, 2023-07-01-preview
      content-length:
      - '150'
      content-type:
      - application/json; charset=utf-8
      date:
      - Fri, 07 Jul 2023 01:54:05 GMT
      ms-cv:
      - lAIv3wH7CUqne7dtRhE/jw.0
      strict-transport-security:
      - max-age=2592000
      x-azure-ref:
      - 0PnCnZAAAAADgR217BV6TSa27sivIkdD6WVZSMzExMDAwMTE1MDMzADlmYzdiNTE5LWE4Y2MtNGY4OS05MzVlLWM5MTQ4YWUwOWU4MQ==
      x-cache:
      - CONFIG_NOCACHE
      x-processing-time:
      - 67ms
    status:
      code: 200
      message: OK
version: 1
