interactions:
- request:
    body: '{"createTokenWithScopes": ["chat"]}'
    headers:
      Accept:
      - application/json
      Accept-Encoding:
      - gzip, deflate
      Connection:
      - keep-alive
      Content-Length:
      - '35'
      Content-Type:
      - application/json
      User-Agent:
      - AzureCli/1.8.1 azsdk-python-communication-identity/1.4.0 Python/3.10.11 (Windows-10-10.0.19045-SP0)
      x-ms-content-sha256:
      - kWpGozyV35fifbpKdY8mbdG64VG0Pdq5upzo7YKAFM0=
      x-ms-date:
      - Fri, 15 Dec 2023 10:21:10 GMT
      x-ms-return-client-request-id:
      - 'true'
    method: POST
    uri: https://sanitized.communication.azure.com/identities?api-version=2023-10-01
  response:
    body:
      string: '{"identity": {"id": "sanitized"}, "accessToken": {"token": "sanitized",
        "expiresOn": "2023-12-16T10:21:11.0439879+00:00"}}'
    headers:
      api-supported-versions:
      - 2020-07-20-preview2, 2021-02-22-preview1, 2021-03-07, 2021-10-31-preview,
        2021-11-01, 2022-06-01, 2022-10-01, 2023-10-01
      content-length:
      - '122'
      content-type:
      - application/json; charset=utf-8
      date:
      - Fri, 15 Dec 2023 10:21:10 GMT
      ms-cv:
      - vaJlNcTcPkyYek/M1i5NKg.2.0
      request-context:
      - appId=
      strict-transport-security:
      - max-age=2592000
      x-azure-ref:
      - 0lih8ZQAAAADTR9cODNFRQqxM7TrtGeiBSFlEMzBFREdFMDYxMgA5ZmM3YjUxOS1hOGNjLTRmODktOTM1ZS1jOTE0OGFlMDllODE=
      x-cache:
      - CONFIG_NOCACHE
      x-processing-time:
      - 24ms
    status:
      code: 201
      message: Created
- request:
    body: '{"topic": "another-topic", "participants": []}'
    headers:
      Accept:
      - application/json
      Accept-Encoding:
      - gzip, deflate
      Connection:
      - keep-alive
      Content-Length:
      - '46'
      Content-Type:
      - application/json
      User-Agent:
      - AzureCli/1.8.1 azsdk-python-communication-chat/1.2.0 Python/3.10.11 (Windows-10-10.0.19045-SP0)
      repeatability-request-id:
      - b1d73946-0f04-4ea9-b870-ac62da7c744c
    method: POST
    uri: https://sanitized.communication.azure.com/chat/threads?api-version=2023-11-07
  response:
    body:
      string: '{"chatThread": {"id": "sanitized", "topic": "another-topic", "createdOn":
        "2023-12-15T10:21:11Z", "createdByCommunicationIdentifier": {"rawId": "sanitized",
        "communicationUser": {"id": "sanitized"}}}}'
    headers:
      access-control-expose-headers:
      - '*'
      api-supported-versions:
      - 2021-03-07, 2021-04-05-preview6, 2021-09-07, 2023-04-01-preview, 2023-07-01-preview,
        2023-11-07, 2023-11-15-preview
      content-length:
      - '200'
      content-type:
      - application/json; charset=utf-8
      date:
      - Fri, 15 Dec 2023 10:21:11 GMT
      location:
      - https://clitest000002.communication.azure.com/chat/threads/19%3An3wnefcV12iI3KGUmkuwnMpsKNZBV9MlqhTPCAqaCzE1@thread.v2
      ms-cv:
      - JboSkO1QtEaczGp03Ky+EA.0
      strict-transport-security:
      - max-age=2592000
      x-azure-ref:
      - 0lyh8ZQAAAABArZ/oZzpjS7UZ/hVWoQtxSFlEMzBFREdFMDQwNgA5ZmM3YjUxOS1hOGNjLTRmODktOTM1ZS1jOTE0OGFlMDllODE=
      x-cache:
      - CONFIG_NOCACHE
      x-processing-time:
      - 700ms
    status:
      code: 201
      message: Created
- request:
    body: null
    headers:
      Accept:
      - application/json
      Accept-Encoding:
      - gzip, deflate
      Connection:
      - keep-alive
      User-Agent:
      - azsdk-python-communication-chat/1.2.0 Python/3.10.11 (Windows-10-10.0.19045-SP0)
    method: GET
    uri: https://sanitized.communication.azure.com/chat/threads/sanitized/messages?startTime=2022-01-01T00%3A00%3A00.000Z&api-version=2023-11-07
  response:
    body:
      string: '{"value": [{"id": "sanitized", "type": "topicUpdated", "sequenceId":
        "2", "version": "1702635671765", "content": {"topic": "another-topic", "initiatorCommunicationIdentifier":
        {"rawId": "sanitized", "communicationUser": {"id": "sanitized"}}}, "createdOn":
        "2023-12-15T10:21:11Z"}, {"id": "sanitized", "type": "participantAdded", "sequenceId":
        "1", "version": "1702635671738", "content": {"participants": [{"communicationIdentifier":
        {"rawId": "sanitized", "communicationUser": {"id": "sanitized"}}, "shareHistoryTime":
        "1970-01-01T00:00:00Z"}], "initiatorCommunicationIdentifier": {"rawId": "sanitized",
        "communicationUser": {"id": "sanitized"}}}, "createdOn": "2023-12-15T10:21:11Z"}]}'
    headers:
      access-control-expose-headers:
      - '*'
      api-supported-versions:
      - 2021-03-07, 2021-04-05-preview6, 2021-09-07, 2023-04-01-preview, 2023-07-01-preview,
        2023-11-07, 2023-11-15-preview
      content-length:
      - '686'
      content-type:
      - application/json; charset=utf-8
      date:
      - Fri, 15 Dec 2023 10:21:12 GMT
      ms-cv:
      - Hc7coPUEGk6pyYwM5N9yMg.0
      strict-transport-security:
      - max-age=2592000
      x-azure-ref:
      - 0mCh8ZQAAAACwW/ZXJw0/R61QN5DiE99lSFlEMzBFREdFMDQwNwA5ZmM3YjUxOS1hOGNjLTRmODktOTM1ZS1jOTE0OGFlMDllODE=
      x-cache:
      - CONFIG_NOCACHE
      x-processing-time:
      - 256ms
    status:
      code: 200
      message: OK
version: 1
