interactions:
- request:
    body: '{"phoneNumberType": "tollFree", "assignmentType": "application", "capabilities":
      {"calling": "inbound", "sms": "inbound+outbound"}}'
    headers:
      Accept:
      - application/json
      Accept-Encoding:
      - gzip, deflate
      Connection:
      - keep-alive
      Content-Length:
      - '131'
      Content-Type:
      - application/json
      User-Agent:
      - azsdk-python-communication-phonenumbers/1.1.0 Python/3.10.11 (Windows-10-10.0.19045-SP0)
      x-ms-content-sha256:
      - ecyowPPqS6i2jEjg4ZPaHAki9yDR8IHa8lF+VXRefVM=
      x-ms-date:
      - Mon, 11 Dec 2023 03:54:29 GMT
      x-ms-return-client-request-id:
      - 'true'
    method: POST
    uri: https://sanitized.unitedstates.communication.azure.com/availablePhoneNumbers/countries/US/:search?api-version=2022-12-01
  response:
    body:
      string: ''
    headers:
      access-control-expose-headers:
      - Location,Operation-Location,operation-id,search-id
      api-supported-versions:
      - 2021-03-07, 2022-01-11-preview2, 2022-06-01-preview, 2022-12-01, 2022-12-02-preview2,
        2023-05-01-preview, 2023-10-01-preview, 2024-01-31-preview, 2024-03-01
      content-length:
      - '0'
      date:
      - Mon, 11 Dec 2023 03:54:32 GMT
      location:
      - /availablePhoneNumbers/searchResults/81489668-558a-475d-9b6c-d2c9696f403e?api-version=2022-12-01
      ms-cv:
      - 8pz7/ZnZTkulJ/nQmkyXtA.0
      operation-id:
      - search_81489668-558a-475d-9b6c-d2c9696f403e
      operation-location:
      - /phoneNumbers/operations/search_81489668-558a-475d-9b6c-d2c9696f403e?api-version=2022-12-01
      search-id:
      - 81489668-558a-475d-9b6c-d2c9696f403e
      strict-transport-security:
      - max-age=2592000
      x-azure-ref:
      - 09Id2ZQAAAADi4qgxd7eETogWWTuVGIG7SFlEMzBFREdFMDYxMwA5ZmM3YjUxOS1hOGNjLTRmODktOTM1ZS1jOTE0OGFlMDllODE=
      x-cache:
      - CONFIG_NOCACHE
      x-processing-time:
      - 3192ms
    status:
      code: 202
      message: Accepted
- request:
    body: null
    headers:
      Accept:
      - '*/*'
      Accept-Encoding:
      - gzip, deflate
      Connection:
      - keep-alive
      User-Agent:
      - azsdk-python-communication-phonenumbers/1.1.0 Python/3.10.11 (Windows-10-10.0.19045-SP0)
      x-ms-content-sha256:
      - 47DEQpj8HBSa+/TImW+5JCeuQeRkm5NMpJWZG3hSuFU=
      x-ms-date:
      - Mon, 11 Dec 2023 03:54:34 GMT
      x-ms-return-client-request-id:
      - 'true'
    method: GET
    uri: https://sanitized.unitedstates.communication.azure.com/phoneNumbers/operations/search_81489668-558a-475d-9b6c-d2c9696f403e?api-version=2022-12-01
  response:
    body:
      string: '{"operationType": "search", "status": "running", "resourceLocation":
        "/availablePhoneNumbers/searchResults/81489668-558a-475d-9b6c-d2c9696f403e?api-version=2022-12-01",
        "createdDateTime": "2023-12-11T03:54:32.5196577+00:00", "id": "sanitized",
        "lastActionDateTime": "0001-01-01T00:00:00+00:00"}'
    headers:
      access-control-expose-headers:
      - Location
      api-supported-versions:
      - 2021-03-07, 2022-01-11-preview2, 2022-06-01-preview, 2022-11-15-preview, 2022-12-01,
        2022-12-02-preview2, 2023-05-01-preview, 2023-10-01-preview, 2024-01-31-preview,
        2024-03-01
      content-type:
      - application/json; charset=utf-8
      date:
      - Mon, 11 Dec 2023 03:54:32 GMT
      location:
      - /availablePhoneNumbers/searchResults/81489668-558a-475d-9b6c-d2c9696f403e?api-version=2022-12-01
      ms-cv:
      - ipdxcwmTYEaKzTEvWGBYpg.0
      strict-transport-security:
      - max-age=2592000
      transfer-encoding:
      - chunked
      x-azure-ref:
      - 0+Yd2ZQAAAABq64/FVTUNSLjX4LOS/nKFSFlEMzBFREdFMDYxMwA5ZmM3YjUxOS1hOGNjLTRmODktOTM1ZS1jOTE0OGFlMDllODE=
      x-cache:
      - CONFIG_NOCACHE
      x-processing-time:
      - 224ms
    status:
      code: 200
      message: OK
    url: sanitized
- request:
    body: null
    headers:
      Accept:
      - '*/*'
      Accept-Encoding:
      - gzip, deflate
      Connection:
      - keep-alive
      User-Agent:
      - azsdk-python-communication-phonenumbers/1.1.0 Python/3.10.11 (Windows-10-10.0.19045-SP0)
      x-ms-content-sha256:
      - 47DEQpj8HBSa+/TImW+5JCeuQeRkm5NMpJWZG3hSuFU=
      x-ms-date:
      - Mon, 11 Dec 2023 03:54:36 GMT
      x-ms-return-client-request-id:
      - 'true'
    method: GET
    uri: https://sanitized.unitedstates.communication.azure.com/phoneNumbers/operations/search_81489668-558a-475d-9b6c-d2c9696f403e?api-version=2022-12-01
  response:
    body:
      string: '{"operationType": "search", "status": "succeeded", "resourceLocation":
        "/availablePhoneNumbers/searchResults/81489668-558a-475d-9b6c-d2c9696f403e?api-version=2022-12-01",
        "createdDateTime": "2023-12-11T03:54:32.5196577+00:00", "id": "sanitized",
        "lastActionDateTime": "0001-01-01T00:00:00+00:00"}'
    headers:
      access-control-expose-headers:
      - Location
      api-supported-versions:
      - 2021-03-07, 2022-01-11-preview2, 2022-06-01-preview, 2022-11-15-preview, 2022-12-01,
        2022-12-02-preview2, 2023-05-01-preview, 2023-10-01-preview, 2024-01-31-preview,
        2024-03-01
      content-type:
      - application/json; charset=utf-8
      date:
      - Mon, 11 Dec 2023 03:54:35 GMT
      location:
      - /availablePhoneNumbers/searchResults/81489668-558a-475d-9b6c-d2c9696f403e?api-version=2022-12-01
      ms-cv:
      - rLLjzaVwLkaErrZU+3gPAA.0
      strict-transport-security:
      - max-age=2592000
      transfer-encoding:
      - chunked
      x-azure-ref:
      - 0+4d2ZQAAAAAqlKe29GpHTID+T/iQeQUkSFlEMzBFREdFMDYxMwA5ZmM3YjUxOS1hOGNjLTRmODktOTM1ZS1jOTE0OGFlMDllODE=
      x-cache:
      - CONFIG_NOCACHE
      x-processing-time:
      - 213ms
    status:
      code: 200
      message: OK
    url: sanitized
- request:
    body: null
    headers:
      Accept:
      - '*/*'
      Accept-Encoding:
      - gzip, deflate
      Connection:
      - keep-alive
      User-Agent:
      - azsdk-python-communication-phonenumbers/1.1.0 Python/3.10.11 (Windows-10-10.0.19045-SP0)
      x-ms-content-sha256:
      - 47DEQpj8HBSa+/TImW+5JCeuQeRkm5NMpJWZG3hSuFU=
      x-ms-date:
      - Mon, 11 Dec 2023 03:54:37 GMT
      x-ms-return-client-request-id:
      - 'true'
    method: GET
    uri: https://sanitized.unitedstates.communication.azure.com/availablePhoneNumbers/searchResults/81489668-558a-475d-9b6c-d2c9696f403e?api-version=2022-12-01
  response:
    body:
      string: '{"searchId": "81489668-558a-475d-9b6c-d2c9696f403e", "phoneNumbers":
        ["sanitized"], "phoneNumberType": "tollFree", "assignmentType": "application",
        "capabilities": {"calling": "inbound", "sms": "inbound+outbound"}, "cost":
        {"amount": 2.0, "currencyCode": "USD", "billingFrequency": "monthly"}, "searchExpiresBy":
        "2023-12-11T04:10:34.2880608+00:00", "error": "NoError"}'
    headers:
      api-supported-versions:
      - 2021-03-07, 2022-01-11-preview2, 2022-06-01-preview, 2022-12-01, 2022-12-02-preview2,
        2023-05-01-preview, 2023-10-01-preview, 2024-01-31-preview, 2024-03-01
      content-length:
      - '369'
      content-type:
      - application/json; charset=utf-8
      date:
      - Mon, 11 Dec 2023 03:54:35 GMT
      ms-cv:
      - HgkK2ZD6iUaYIocf4MAFmA.0
      strict-transport-security:
      - max-age=2592000
      x-azure-ref:
      - 0/Id2ZQAAAABQAeOFUtGBSpe8I/GbE7u0SFlEMzBFREdFMDYxMwA5ZmM3YjUxOS1hOGNjLTRmODktOTM1ZS1jOTE0OGFlMDllODE=
      x-cache:
      - CONFIG_NOCACHE
      x-processing-time:
      - 373ms
    status:
      code: 200
      message: OK
    url: sanitized
- request:
    body: '{"searchId": "81489668-558a-475d-9b6c-d2c9696f403e"}'
    headers:
      Accept:
      - application/json
      Accept-Encoding:
      - gzip, deflate
      Connection:
      - keep-alive
      Content-Length:
      - '52'
      Content-Type:
      - application/json
      User-Agent:
      - azsdk-python-communication-phonenumbers/1.1.0 Python/3.10.11 (Windows-10-10.0.19045-SP0)
      x-ms-content-sha256:
      - DlkqUhlAYPqSS2p+ZuXsFvGigl3wh5hFMWCvPH1eJNE=
      x-ms-date:
      - Mon, 11 Dec 2023 03:54:37 GMT
      x-ms-return-client-request-id:
      - 'true'
    method: POST
    uri: https://sanitized.unitedstates.communication.azure.com/availablePhoneNumbers/:purchase?api-version=2022-12-01
  response:
    body:
      string: ''
    headers:
      access-control-expose-headers:
      - Operation-Location,operation-id,purchase-id
      api-supported-versions:
      - 2021-03-07, 2022-01-11-preview2, 2022-06-01-preview, 2022-12-01, 2022-12-02-preview2,
        2023-05-01-preview, 2023-10-01-preview, 2024-01-31-preview, 2024-03-01
      content-length:
      - '0'
      date:
      - Mon, 11 Dec 2023 03:54:36 GMT
      ms-cv:
      - KhBYBEVhEU2KxeScN6kX5g.0
      operation-id:
      - purchase_81489668-558a-475d-9b6c-d2c9696f403e
      operation-location:
      - /phoneNumbers/operations/purchase_81489668-558a-475d-9b6c-d2c9696f403e?api-version=2022-12-01
      purchase-id:
      - 81489668-558a-475d-9b6c-d2c9696f403e
      strict-transport-security:
      - max-age=2592000
      x-azure-ref:
      - 0/Id2ZQAAAABFebZXWEqkSJfPXjXWmxXXSFlEMzBFREdFMDYxMwA5ZmM3YjUxOS1hOGNjLTRmODktOTM1ZS1jOTE0OGFlMDllODE=
      x-cache:
      - CONFIG_NOCACHE
      x-processing-time:
      - 810ms
    status:
      code: 202
      message: Accepted
- request:
    body: null
    headers:
      Accept:
      - '*/*'
      Accept-Encoding:
      - gzip, deflate
      Connection:
      - keep-alive
      User-Agent:
      - azsdk-python-communication-phonenumbers/1.1.0 Python/3.10.11 (Windows-10-10.0.19045-SP0)
      x-ms-content-sha256:
      - 47DEQpj8HBSa+/TImW+5JCeuQeRkm5NMpJWZG3hSuFU=
      x-ms-date:
      - Mon, 11 Dec 2023 03:54:39 GMT
      x-ms-return-client-request-id:
      - 'true'
    method: GET
    uri: https://sanitized.unitedstates.communication.azure.com/phoneNumbers/operations/purchase_81489668-558a-475d-9b6c-d2c9696f403e?api-version=2022-12-01
  response:
    body:
      string: '{"operationType": "purchase", "status": "running", "resourceLocation":
        null, "createdDateTime": "2023-12-11T03:54:32.5196577+00:00", "id": "sanitized",
        "lastActionDateTime": "0001-01-01T00:00:00+00:00"}'
    headers:
      api-supported-versions:
      - 2021-03-07, 2022-01-11-preview2, 2022-06-01-preview, 2022-11-15-preview, 2022-12-01,
        2022-12-02-preview2, 2023-05-01-preview, 2023-10-01-preview, 2024-01-31-preview,
        2024-03-01
      content-type:
      - application/json; charset=utf-8
      date:
      - Mon, 11 Dec 2023 03:54:37 GMT
      ms-cv:
      - ppaY7UPBeEqdnAOguQFuqg.0
      strict-transport-security:
      - max-age=2592000
      transfer-encoding:
      - chunked
      x-azure-ref:
      - 0/Yd2ZQAAAACSX9pqEK/GTr4pLBdPa5MGSFlEMzBFREdFMDYxMwA5ZmM3YjUxOS1hOGNjLTRmODktOTM1ZS1jOTE0OGFlMDllODE=
      x-cache:
      - CONFIG_NOCACHE
      x-processing-time:
      - 212ms
    status:
      code: 200
      message: OK
    url: sanitized
- request:
    body: null
    headers:
      Accept:
      - '*/*'
      Accept-Encoding:
      - gzip, deflate
      Connection:
      - keep-alive
      User-Agent:
      - azsdk-python-communication-phonenumbers/1.1.0 Python/3.10.11 (Windows-10-10.0.19045-SP0)
      x-ms-content-sha256:
      - 47DEQpj8HBSa+/TImW+5JCeuQeRkm5NMpJWZG3hSuFU=
      x-ms-date:
      - Mon, 11 Dec 2023 03:54:41 GMT
      x-ms-return-client-request-id:
      - 'true'
    method: GET
    uri: https://sanitized.unitedstates.communication.azure.com/phoneNumbers/operations/purchase_81489668-558a-475d-9b6c-d2c9696f403e?api-version=2022-12-01
  response:
    body:
      string: '{"operationType": "purchase", "status": "notStarted", "resourceLocation":
        null, "createdDateTime": "2023-12-11T03:54:32.5196577+00:00", "id": "sanitized",
        "lastActionDateTime": "0001-01-01T00:00:00+00:00"}'
    headers:
      api-supported-versions:
      - 2021-03-07, 2022-01-11-preview2, 2022-06-01-preview, 2022-11-15-preview, 2022-12-01,
        2022-12-02-preview2, 2023-05-01-preview, 2023-10-01-preview, 2024-01-31-preview,
        2024-03-01
      content-type:
      - application/json; charset=utf-8
      date:
      - Mon, 11 Dec 2023 03:54:40 GMT
      ms-cv:
      - /L6KBK+r306HqDquOWsgJg.0
      strict-transport-security:
      - max-age=2592000
      transfer-encoding:
      - chunked
      x-azure-ref:
      - 0AIh2ZQAAAACdVgsPpGiQSZH7qVytI0DPSFlEMzBFREdFMDYxMwA5ZmM3YjUxOS1hOGNjLTRmODktOTM1ZS1jOTE0OGFlMDllODE=
      x-cache:
      - CONFIG_NOCACHE
      x-processing-time:
      - 284ms
    status:
      code: 200
      message: OK
    url: sanitized
- request:
    body: null
    headers:
      Accept:
      - '*/*'
      Accept-Encoding:
      - gzip, deflate
      Connection:
      - keep-alive
      User-Agent:
      - azsdk-python-communication-phonenumbers/1.1.0 Python/3.10.11 (Windows-10-10.0.19045-SP0)
      x-ms-content-sha256:
      - 47DEQpj8HBSa+/TImW+5JCeuQeRkm5NMpJWZG3hSuFU=
      x-ms-date:
      - Mon, 11 Dec 2023 03:54:44 GMT
      x-ms-return-client-request-id:
      - 'true'
    method: GET
    uri: https://sanitized.unitedstates.communication.azure.com/phoneNumbers/operations/purchase_81489668-558a-475d-9b6c-d2c9696f403e?api-version=2022-12-01
  response:
    body:
      string: '{"operationType": "purchase", "status": "notStarted", "resourceLocation":
        null, "createdDateTime": "2023-12-11T03:54:32.5196577+00:00", "id": "sanitized",
        "lastActionDateTime": "0001-01-01T00:00:00+00:00"}'
    headers:
      api-supported-versions:
      - 2021-03-07, 2022-01-11-preview2, 2022-06-01-preview, 2022-11-15-preview, 2022-12-01,
        2022-12-02-preview2, 2023-05-01-preview, 2023-10-01-preview, 2024-01-31-preview,
        2024-03-01
      content-type:
      - application/json; charset=utf-8
      date:
      - Mon, 11 Dec 2023 03:54:42 GMT
      ms-cv:
      - KLUjZe2/OkKCYoqVunqjGA.0
      strict-transport-security:
      - max-age=2592000
      transfer-encoding:
      - chunked
      x-azure-ref:
      - 0Aoh2ZQAAAACWrrFQgbzESZ4kt6dfKvxdSFlEMzBFREdFMDYxMwA5ZmM3YjUxOS1hOGNjLTRmODktOTM1ZS1jOTE0OGFlMDllODE=
      x-cache:
      - CONFIG_NOCACHE
      x-processing-time:
      - 218ms
    status:
      code: 200
      message: OK
    url: sanitized
- request:
    body: null
    headers:
      Accept:
      - '*/*'
      Accept-Encoding:
      - gzip, deflate
      Connection:
      - keep-alive
      User-Agent:
      - azsdk-python-communication-phonenumbers/1.1.0 Python/3.10.11 (Windows-10-10.0.19045-SP0)
      x-ms-content-sha256:
      - 47DEQpj8HBSa+/TImW+5JCeuQeRkm5NMpJWZG3hSuFU=
      x-ms-date:
      - Mon, 11 Dec 2023 03:54:46 GMT
      x-ms-return-client-request-id:
      - 'true'
    method: GET
    uri: https://sanitized.unitedstates.communication.azure.com/phoneNumbers/operations/purchase_81489668-558a-475d-9b6c-d2c9696f403e?api-version=2022-12-01
  response:
    body:
      string: '{"operationType": "purchase", "status": "notStarted", "resourceLocation":
        null, "createdDateTime": "2023-12-11T03:54:32.5196577+00:00", "id": "sanitized",
        "lastActionDateTime": "0001-01-01T00:00:00+00:00"}'
    headers:
      api-supported-versions:
      - 2021-03-07, 2022-01-11-preview2, 2022-06-01-preview, 2022-11-15-preview, 2022-12-01,
        2022-12-02-preview2, 2023-05-01-preview, 2023-10-01-preview, 2024-01-31-preview,
        2024-03-01
      content-type:
      - application/json; charset=utf-8
      date:
      - Mon, 11 Dec 2023 03:54:45 GMT
      ms-cv:
      - Fn9iEBh+SU22HcGZdx6nGg.0
      strict-transport-security:
      - max-age=2592000
      transfer-encoding:
      - chunked
      x-azure-ref:
      - 0BYh2ZQAAAABQgzbRFXUjSqssgyGP+9riSFlEMzBFREdFMDYxMwA5ZmM3YjUxOS1hOGNjLTRmODktOTM1ZS1jOTE0OGFlMDllODE=
      x-cache:
      - CONFIG_NOCACHE
      x-processing-time:
      - 295ms
    status:
      code: 200
      message: OK
    url: sanitized
- request:
    body: null
    headers:
      Accept:
      - '*/*'
      Accept-Encoding:
      - gzip, deflate
      Connection:
      - keep-alive
      User-Agent:
      - azsdk-python-communication-phonenumbers/1.1.0 Python/3.10.11 (Windows-10-10.0.19045-SP0)
      x-ms-content-sha256:
      - 47DEQpj8HBSa+/TImW+5JCeuQeRkm5NMpJWZG3hSuFU=
      x-ms-date:
      - Mon, 11 Dec 2023 03:54:49 GMT
      x-ms-return-client-request-id:
      - 'true'
    method: GET
    uri: https://sanitized.unitedstates.communication.azure.com/phoneNumbers/operations/purchase_81489668-558a-475d-9b6c-d2c9696f403e?api-version=2022-12-01
  response:
    body:
      string: '{"operationType": "purchase", "status": "notStarted", "resourceLocation":
        null, "createdDateTime": "2023-12-11T03:54:32.5196577+00:00", "id": "sanitized",
        "lastActionDateTime": "0001-01-01T00:00:00+00:00"}'
    headers:
      api-supported-versions:
      - 2021-03-07, 2022-01-11-preview2, 2022-06-01-preview, 2022-11-15-preview, 2022-12-01,
        2022-12-02-preview2, 2023-05-01-preview, 2023-10-01-preview, 2024-01-31-preview,
        2024-03-01
      content-type:
      - application/json; charset=utf-8
      date:
      - Mon, 11 Dec 2023 03:54:47 GMT
      ms-cv:
      - fXSOxYlOtECxFfN17cDexw.0
      strict-transport-security:
      - max-age=2592000
      transfer-encoding:
      - chunked
      x-azure-ref:
      - 0CIh2ZQAAAADM0/eAG0LtRZxutY5W1dmLSFlEMzBFREdFMDYxMwA5ZmM3YjUxOS1hOGNjLTRmODktOTM1ZS1jOTE0OGFlMDllODE=
      x-cache:
      - CONFIG_NOCACHE
      x-processing-time:
      - 407ms
    status:
      code: 200
      message: OK
    url: sanitized
- request:
    body: null
    headers:
      Accept:
      - '*/*'
      Accept-Encoding:
      - gzip, deflate
      Connection:
      - keep-alive
      User-Agent:
      - azsdk-python-communication-phonenumbers/1.1.0 Python/3.10.11 (Windows-10-10.0.19045-SP0)
      x-ms-content-sha256:
      - 47DEQpj8HBSa+/TImW+5JCeuQeRkm5NMpJWZG3hSuFU=
      x-ms-date:
      - Mon, 11 Dec 2023 03:54:51 GMT
      x-ms-return-client-request-id:
      - 'true'
    method: GET
    uri: https://sanitized.unitedstates.communication.azure.com/phoneNumbers/operations/purchase_81489668-558a-475d-9b6c-d2c9696f403e?api-version=2022-12-01
  response:
    body:
      string: '{"operationType": "purchase", "status": "notStarted", "resourceLocation":
        null, "createdDateTime": "2023-12-11T03:54:32.5196577+00:00", "id": "sanitized",
        "lastActionDateTime": "0001-01-01T00:00:00+00:00"}'
    headers:
      api-supported-versions:
      - 2021-03-07, 2022-01-11-preview2, 2022-06-01-preview, 2022-11-15-preview, 2022-12-01,
        2022-12-02-preview2, 2023-05-01-preview, 2023-10-01-preview, 2024-01-31-preview,
        2024-03-01
      content-type:
      - application/json; charset=utf-8
      date:
      - Mon, 11 Dec 2023 03:54:50 GMT
      ms-cv:
      - DjbG5gqAQkKP9fKhXuifSA.0
      strict-transport-security:
      - max-age=2592000
      transfer-encoding:
      - chunked
      x-azure-ref:
      - 0Coh2ZQAAAADjs2wGtwAEQ5OEi1t804z8SFlEMzBFREdFMDYxMwA5ZmM3YjUxOS1hOGNjLTRmODktOTM1ZS1jOTE0OGFlMDllODE=
      x-cache:
      - CONFIG_NOCACHE
      x-processing-time:
      - 214ms
    status:
      code: 200
      message: OK
    url: sanitized
- request:
    body: null
    headers:
      Accept:
      - '*/*'
      Accept-Encoding:
      - gzip, deflate
      Connection:
      - keep-alive
      User-Agent:
      - azsdk-python-communication-phonenumbers/1.1.0 Python/3.10.11 (Windows-10-10.0.19045-SP0)
      x-ms-content-sha256:
      - 47DEQpj8HBSa+/TImW+5JCeuQeRkm5NMpJWZG3hSuFU=
      x-ms-date:
      - Mon, 11 Dec 2023 03:54:54 GMT
      x-ms-return-client-request-id:
      - 'true'
    method: GET
    uri: https://sanitized.unitedstates.communication.azure.com/phoneNumbers/operations/purchase_81489668-558a-475d-9b6c-d2c9696f403e?api-version=2022-12-01
  response:
    body:
      string: '{"operationType": "purchase", "status": "notStarted", "resourceLocation":
        null, "createdDateTime": "2023-12-11T03:54:32.5196577+00:00", "id": "sanitized",
        "lastActionDateTime": "0001-01-01T00:00:00+00:00"}'
    headers:
      api-supported-versions:
      - 2021-03-07, 2022-01-11-preview2, 2022-06-01-preview, 2022-11-15-preview, 2022-12-01,
        2022-12-02-preview2, 2023-05-01-preview, 2023-10-01-preview, 2024-01-31-preview,
        2024-03-01
      content-type:
      - application/json; charset=utf-8
      date:
      - Mon, 11 Dec 2023 03:54:52 GMT
      ms-cv:
      - VMXL5cIc5k6l6qP3wDHhiA.0
      strict-transport-security:
      - max-age=2592000
      transfer-encoding:
      - chunked
      x-azure-ref:
      - 0DYh2ZQAAAABMUHnytpraR4wlz3xgutYWSFlEMzBFREdFMDYxMwA5ZmM3YjUxOS1hOGNjLTRmODktOTM1ZS1jOTE0OGFlMDllODE=
      x-cache:
      - CONFIG_NOCACHE
      x-processing-time:
      - 238ms
    status:
      code: 200
      message: OK
    url: sanitized
- request:
    body: null
    headers:
      Accept:
      - '*/*'
      Accept-Encoding:
      - gzip, deflate
      Connection:
      - keep-alive
      User-Agent:
      - azsdk-python-communication-phonenumbers/1.1.0 Python/3.10.11 (Windows-10-10.0.19045-SP0)
      x-ms-content-sha256:
      - 47DEQpj8HBSa+/TImW+5JCeuQeRkm5NMpJWZG3hSuFU=
      x-ms-date:
      - Mon, 11 Dec 2023 03:54:57 GMT
      x-ms-return-client-request-id:
      - 'true'
    method: GET
    uri: https://sanitized.unitedstates.communication.azure.com/phoneNumbers/operations/purchase_81489668-558a-475d-9b6c-d2c9696f403e?api-version=2022-12-01
  response:
    body:
      string: '{"operationType": "purchase", "status": "succeeded", "resourceLocation":
        null, "createdDateTime": "2023-12-11T03:54:32.5196577+00:00", "id": "sanitized",
        "lastActionDateTime": "0001-01-01T00:00:00+00:00"}'
    headers:
      api-supported-versions:
      - 2021-03-07, 2022-01-11-preview2, 2022-06-01-preview, 2022-11-15-preview, 2022-12-01,
        2022-12-02-preview2, 2023-05-01-preview, 2023-10-01-preview, 2024-01-31-preview,
        2024-03-01
      content-type:
      - application/json; charset=utf-8
      date:
      - Mon, 11 Dec 2023 03:54:55 GMT
      ms-cv:
      - bcqwMxOH2Uel+eY4sJGyGg.0
      strict-transport-security:
      - max-age=2592000
      transfer-encoding:
      - chunked
      x-azure-ref:
      - 0D4h2ZQAAAACHbqCK7vrwQrLOPJcImkOISFlEMzBFREdFMDYxMwA5ZmM3YjUxOS1hOGNjLTRmODktOTM1ZS1jOTE0OGFlMDllODE=
      x-cache:
      - CONFIG_NOCACHE
      x-processing-time:
      - 211ms
    status:
      code: 200
      message: OK
    url: sanitized
- request:
    body: null
    headers:
      Accept:
      - application/json
      Accept-Encoding:
      - gzip, deflate
      Connection:
      - keep-alive
      User-Agent:
      - AzureCli/1.8.0b1 azsdk-python-communication-phonenumbers/1.1.0 Python/3.10.11
        (Windows-10-10.0.19045-SP0)
      x-ms-content-sha256:
      - 47DEQpj8HBSa+/TImW+5JCeuQeRkm5NMpJWZG3hSuFU=
      x-ms-date:
      - Mon, 11 Dec 2023 03:54:58 GMT
      x-ms-return-client-request-id:
      - 'true'
    method: GET
    uri: https://sanitized.unitedstates.communication.azure.com/phoneNumbers?skip=0&top=100&api-version=2022-12-01
  response:
    body:
      string: '{"phoneNumbers": [{"id": "sanitized", "phoneNumber": "sanitized", "countryCode":
        "US", "phoneNumberType": "tollFree", "capabilities": {"calling": "inbound",
        "sms": "inbound+outbound"}, "assignmentType": "application", "purchaseDate":
        "2023-12-11T03:54:50.7253658+00:00", "cost": {"amount": 2.0, "currencyCode":
        "USD", "billingFrequency": "monthly"}}]}'
    headers:
      api-supported-versions:
      - 2021-03-07, 2022-01-11-preview2, 2022-06-01-preview, 2022-12-01, 2022-12-02-preview2,
        2023-05-01-preview, 2023-10-01-preview, 2024-01-31-preview, 2024-03-01
      content-length:
      - '351'
      content-type:
      - application/json; charset=utf-8
      date:
      - Mon, 11 Dec 2023 03:54:59 GMT
      ms-cv:
      - FAnQdPrL+UO3O2hK8VDB0A.0
      strict-transport-security:
      - max-age=2592000
      x-azure-ref:
      - 0EYh2ZQAAAABSG3dzaFkNS6dsGyntV329SFlEMzBFREdFMDYxOAA5ZmM3YjUxOS1hOGNjLTRmODktOTM1ZS1jOTE0OGFlMDllODE=
      x-cache:
      - CONFIG_NOCACHE
      x-processing-time:
      - 2417ms
    status:
      code: 200
      message: OK
    url: sanitized
version: 1
