interactions:
- request:
    body: '{"topic": "thread-topic", "participants": []}'
    headers:
      Accept:
      - application/json
      Accept-Encoding:
      - gzip, deflate
      Connection:
      - keep-alive
      Content-Length:
      - '45'
      Content-Type:
      - application/json
      User-Agent:
      - azsdk-python-communication-chat/1.1.0 Python/3.6.7 (Windows-10-10.0.19041-SP0)
      repeatability-request-id:
      - be4ea8a5-9167-40c7-88c4-887530be46e8
    method: POST
    uri: https://sanitized.communication.azure.com/chat/threads?api-version=2021-09-07
  response:
    body:
      string: '{"chatThread": {"id": "sanitized", "topic": "thread-topic", "createdOn":
        "2022-08-04T08:47:31Z", "createdByCommunicationIdentifier": {"rawId": "sanitized",
        "communicationUser": {"id": "sanitized"}}}}'
    headers:
      api-supported-versions:
      - 2021-03-07, 2021-04-05-preview6, 2021-09-07, 2022-11-15-preview8
      connection:
      - keep-alive
      content-type:
      - application/json; charset=utf-8
      date:
      - Thu, 04 Aug 2022 08:47:32 GMT
      location:
      - https://clitest000002.communication.azure.com/chat/threads/19%3AXMpnFsb8Z4a0ClzvJ7_gEP7z8p7KghlclWtfLIp_akU1@thread.v2
      ms-cv:
      - tnlLs2f+ZUyv05ZKZNxHzg.0
      strict-transport-security:
      - max-age=2592000
      transfer-encoding:
      - chunked
      x-azure-ref:
      - 20220804T084731Z-k97maztpax51x2ee2r7vqbw7wg00000001rg00000001nsue
      x-cache:
      - CONFIG_NOCACHE
      x-processing-time:
      - 804ms
    status:
      code: 201
      message: Created
- request:
    body: null
    headers:
      Accept:
      - application/json
      Accept-Encoding:
      - gzip, deflate
      Connection:
      - keep-alive
      User-Agent:
      - azsdk-python-communication-chat/1.1.0 Python/3.6.7 (Windows-10-10.0.19041-SP0)
    method: GET
    uri: https://sanitized.communication.azure.com/chat/threads/sanitized/readReceipts?api-version=2021-09-07
  response:
    body:
      string: '{"value": []}'
    headers:
      api-supported-versions:
      - 2021-03-07, 2021-04-05-preview6, 2021-09-07, 2022-11-15-preview8
      connection:
      - keep-alive
      content-type:
      - application/json; charset=utf-8
      date:
      - Thu, 04 Aug 2022 08:47:32 GMT
      ms-cv:
      - AOWIF5HylUG+sp1612OeJw.0
      strict-transport-security:
      - max-age=2592000
      transfer-encoding:
      - chunked
      x-azure-ref:
      - 20220804T084732Z-qtfd0d2efh3zh2gzxzkdhtv16800000001rg00000000yssy
      x-cache:
      - CONFIG_NOCACHE
      x-processing-time:
      - 109ms
    status:
      code: 200
      message: OK
- request:
    body: null
    headers:
      Accept:
      - application/json
      Accept-Encoding:
      - gzip, deflate
      Connection:
      - keep-alive
      User-Agent:
      - azsdk-python-communication-chat/1.1.0 Python/3.6.7 (Windows-10-10.0.19041-SP0)
    method: GET
    uri: https://sanitized.communication.azure.com/chat/threads/sanitized/messages?api-version=2021-09-07
  response:
    body:
      string: '{"value": [{"id": "1659602851782", "type": "topicUpdated", "sequenceId":
        "2", "version": "1659602851782", "content": {"topic": "thread-topic", "initiatorCommunicationIdentifier":
        {"rawId": "8:acs:0f59b30a-421f-4769-bca0-70396a952e80_00000013-07eb-777f-3ef0-8b3a0d00aacc",
        "communicationUser": {"id": "8:acs:0f59b30a-421f-4769-bca0-70396a952e80_00000013-07eb-777f-3ef0-8b3a0d00aacc"}}},
        "createdOn": "2022-08-04T08:47:31Z"}, {"id": "1659602851755", "type": "participantAdded",
        "sequenceId": "1", "version": "1659602851755", "content": {"participants":
        [{"communicationIdentifier": {"rawId": "8:acs:0f59b30a-421f-4769-bca0-70396a952e80_00000013-07eb-777f-3ef0-8b3a0d00aacc",
        "communicationUser": {"id": "8:acs:0f59b30a-421f-4769-bca0-70396a952e80_00000013-07eb-777f-3ef0-8b3a0d00aacc"}},
        "shareHistoryTime": "1970-01-01T00:00:00Z"}], "initiatorCommunicationIdentifier":
        {"rawId": "8:acs:0f59b30a-421f-4769-bca0-70396a952e80_00000013-07eb-777f-3ef0-8b3a0d00aacc",
        "communicationUser": {"id": "8:acs:0f59b30a-421f-4769-bca0-70396a952e80_00000013-07eb-777f-3ef0-8b3a0d00aacc"}}},
        "createdOn": "2022-08-04T08:47:31Z"}]}'
    headers:
      api-supported-versions:
      - 2021-03-07, 2021-04-05-preview6, 2021-09-07, 2022-11-15-preview8
      connection:
      - keep-alive
      content-type:
      - application/json; charset=utf-8
      date:
      - Thu, 04 Aug 2022 08:47:32 GMT
      ms-cv:
      - OAHSt0taO0e2AeE8n9gE8w.0
      strict-transport-security:
      - max-age=2592000
      transfer-encoding:
      - chunked
      x-azure-ref:
      - 20220804T084732Z-qtfd0d2efh3zh2gzxzkdhtv16800000001rg00000000ysum
      x-cache:
      - CONFIG_NOCACHE
      x-processing-time:
      - 98ms
    status:
      code: 200
      message: OK
- request:
    body: '{"chatMessageId": "1659602851782"}'
    headers:
      Accept:
      - application/json
      Accept-Encoding:
      - gzip, deflate
      Connection:
      - keep-alive
      Content-Length:
      - '34'
      Content-Type:
      - application/json
      User-Agent:
      - azsdk-python-communication-chat/1.1.0 Python/3.6.7 (Windows-10-10.0.19041-SP0)
    method: POST
    uri: https://sanitized.communication.azure.com/chat/threads/sanitized/readReceipts?api-version=2021-09-07
  response:
    body:
      string: ''
    headers:
      accept-ranges:
      - bytes
      api-supported-versions:
      - 2021-03-07, 2021-04-05-preview6, 2021-09-07, 2022-11-15-preview8
      connection:
      - keep-alive
      content-length:
      - '0'
      date:
      - Thu, 04 Aug 2022 08:47:33 GMT
      ms-cv:
      - 3N+GDXaU9UWj3uSLahTW3A.0
      strict-transport-security:
      - max-age=2592000
      x-azure-ref:
      - 20220804T084733Z-kpegq6a2qh4nr419q7tfax5sn400000001s0000000013z6q
      x-cache:
      - CONFIG_NOCACHE
      x-processing-time:
      - 138ms
    status:
      code: 200
      message: OK
- request:
    body: null
    headers:
      Accept:
      - application/json
      Accept-Encoding:
      - gzip, deflate
      Connection:
      - keep-alive
      User-Agent:
      - azsdk-python-communication-chat/1.1.0 Python/3.6.7 (Windows-10-10.0.19041-SP0)
    method: GET
    uri: https://sanitized.communication.azure.com/chat/threads/sanitized/readReceipts?api-version=2021-09-07
  response:
    body:
      string: '{"value": [{"senderCommunicationIdentifier": {"rawId": "8:acs:0f59b30a-421f-4769-bca0-70396a952e80_00000013-07eb-777f-3ef0-8b3a0d00aacc",
        "communicationUser": {"id": "8:acs:0f59b30a-421f-4769-bca0-70396a952e80_00000013-07eb-777f-3ef0-8b3a0d00aacc"}},
        "chatMessageId": "1659602851782", "readOn": "2022-08-04T08:47:33Z"}]}'
    headers:
      api-supported-versions:
      - 2021-03-07, 2021-04-05-preview6, 2021-09-07, 2022-11-15-preview8
      connection:
      - keep-alive
      content-type:
      - application/json; charset=utf-8
      date:
      - Thu, 04 Aug 2022 08:47:33 GMT
      ms-cv:
      - eV4IeZDnv0KeJALXj5HhTg.0
      strict-transport-security:
      - max-age=2592000
      transfer-encoding:
      - chunked
      x-azure-ref:
      - 20220804T084733Z-qtfd0d2efh3zh2gzxzkdhtv16800000001rg00000001t2d2
      x-cache:
      - CONFIG_NOCACHE
      x-processing-time:
      - 64ms
    status:
      code: 200
      message: OK
version: 1
