interactions:
- request:
    body: '{"createTokenWithScopes": ["chat"]}'
    headers:
      Accept:
      - application/json
      Accept-Encoding:
      - gzip, deflate
      Connection:
      - keep-alive
      Content-Length:
      - '35'
      Content-Type:
      - application/json
      User-Agent:
      - AzureCli/1.8.1 azsdk-python-communication-identity/1.4.0 Python/3.10.11 (Windows-10-10.0.19045-SP0)
      x-ms-content-sha256:
      - kWpGozyV35fifbpKdY8mbdG64VG0Pdq5upzo7YKAFM0=
      x-ms-date:
      - Thu, 14 Dec 2023 11:04:59 GMT
      x-ms-return-client-request-id:
      - 'true'
    method: POST
    uri: https://sanitized.communication.azure.com/identities?api-version=2023-10-01
  response:
    body:
      string: '{"identity": {"id": "sanitized"}, "accessToken": {"token": "sanitized",
        "expiresOn": "2023-12-15T11:05:00.848108+00:00"}}'
    headers:
      api-supported-versions:
      - 2020-07-20-preview2, 2021-02-22-preview1, 2021-03-07, 2021-10-31-preview,
        2021-11-01, 2022-06-01, 2022-10-01, 2023-10-01
      content-length:
      - '121'
      content-type:
      - application/json; charset=utf-8
      date:
      - Thu, 14 Dec 2023 11:05:00 GMT
      ms-cv:
      - vI6vnQ68P0KVE2faZtytjQ.2.0
      request-context:
      - appId=
      strict-transport-security:
      - max-age=2592000
      x-azure-ref:
      - 0XOF6ZQAAAAAztO312KJdTLipkcid4VuRRE9IMzBFREdFMDEyMAA5ZmM3YjUxOS1hOGNjLTRmODktOTM1ZS1jOTE0OGFlMDllODE=
      x-cache:
      - CONFIG_NOCACHE
      x-processing-time:
      - 86ms
    status:
      code: 201
      message: Created
- request:
    body: '{"topic": "another-topic", "participants": []}'
    headers:
      Accept:
      - application/json
      Accept-Encoding:
      - gzip, deflate
      Connection:
      - keep-alive
      Content-Length:
      - '46'
      Content-Type:
      - application/json
      User-Agent:
      - AzureCli/1.8.1 azsdk-python-communication-chat/1.2.0 Python/3.10.11 (Windows-10-10.0.19045-SP0)
      repeatability-request-id:
      - 5c9454a7-edea-4e8e-91be-77093898a459
    method: POST
    uri: https://sanitized.communication.azure.com/chat/threads?api-version=2023-11-07
  response:
    body:
      string: '{"chatThread": {"id": "sanitized", "topic": "another-topic", "createdOn":
        "2023-12-14T11:05:01Z", "createdByCommunicationIdentifier": {"rawId": "sanitized",
        "communicationUser": {"id": "sanitized"}}}}'
    headers:
      access-control-expose-headers:
      - '*'
      api-supported-versions:
      - 2021-03-07, 2021-04-05-preview6, 2021-09-07, 2023-04-01-preview, 2023-07-01-preview,
        2023-11-07, 2023-11-15-preview
      content-length:
      - '200'
      content-type:
      - application/json; charset=utf-8
      date:
      - Thu, 14 Dec 2023 11:05:01 GMT
      location:
      - https://clitest000002.communication.azure.com/chat/threads/19%3AJ1un5AmxOMXR7xHTT7yhL54u-_ktC5tuQBz-NRL4p2E1@thread.v2
      ms-cv:
      - Mt03xK56aUaIowUqTbzX/g.0
      strict-transport-security:
      - max-age=2592000
      x-azure-ref:
      - 0XeF6ZQAAAAAqMbMmqF+4QbqXBiSgMYOyRE9IMzBFREdFMDExNwA5ZmM3YjUxOS1hOGNjLTRmODktOTM1ZS1jOTE0OGFlMDllODE=
      x-cache:
      - CONFIG_NOCACHE
      x-processing-time:
      - 736ms
    status:
      code: 201
      message: Created
- request:
    body: null
    headers:
      Accept:
      - application/json
      Accept-Encoding:
      - gzip, deflate
      Connection:
      - keep-alive
      User-Agent:
      - azsdk-python-communication-chat/1.2.0 Python/3.10.11 (Windows-10-10.0.19045-SP0)
    method: GET
    uri: https://sanitized.communication.azure.com/chat/threads/sanitized/messages?startTime=2022-01-01T00%3A00%3A00.000Z&api-version=2023-11-07
  response:
    body:
      string: '{"value": [{"id": "sanitized", "type": "topicUpdated", "sequenceId":
        "2", "version": "1702551901824", "content": {"topic": "another-topic", "initiatorCommunicationIdentifier":
        {"rawId": "sanitized", "communicationUser": {"id": "sanitized"}}}, "createdOn":
        "2023-12-14T11:05:01Z"}, {"id": "sanitized", "type": "participantAdded", "sequenceId":
        "1", "version": "1702551901729", "content": {"participants": [{"communicationIdentifier":
        {"rawId": "sanitized", "communicationUser": {"id": "sanitized"}}, "shareHistoryTime":
        "1970-01-01T00:00:00Z"}], "initiatorCommunicationIdentifier": {"rawId": "sanitized",
        "communicationUser": {"id": "sanitized"}}}, "createdOn": "2023-12-14T11:05:01Z"}]}'
    headers:
      access-control-expose-headers:
      - '*'
      api-supported-versions:
      - 2021-03-07, 2021-04-05-preview6, 2021-09-07, 2023-04-01-preview, 2023-07-01-preview,
        2023-11-07, 2023-11-15-preview
      content-length:
      - '686'
      content-type:
      - application/json; charset=utf-8
      date:
      - Thu, 14 Dec 2023 11:05:02 GMT
      ms-cv:
      - HdT9Y1fRqk+0JDzYVUt/Ng.0
      strict-transport-security:
      - max-age=2592000
      x-azure-ref:
      - 0XuF6ZQAAAADrA51VGsjuQ79q3IJCXn55RE9IMzBFREdFMDIwNwA5ZmM3YjUxOS1hOGNjLTRmODktOTM1ZS1jOTE0OGFlMDllODE=
      x-cache:
      - CONFIG_NOCACHE
      x-processing-time:
      - 217ms
    status:
      code: 200
      message: OK
version: 1
