interactions:
- request:
    body: '{"createTokenWithScopes": ["chat"]}'
    headers:
      Accept:
      - application/json
      Accept-Encoding:
      - gzip, deflate
      Connection:
      - keep-alive
      Content-Length:
      - '35'
      Content-Type:
      - application/json
      User-Agent:
      - AzureCli/1.9.1 azsdk-python-communication-identity/1.5.0 Python/3.10.11 (Windows-10-10.0.19045-SP0)
      x-ms-content-sha256:
      - kWpGozyV35fifbpKdY8mbdG64VG0Pdq5upzo7YKAFM0=
      x-ms-date:
      - Fri, 29 Mar 2024 07:39:15 GMT
      x-ms-return-client-request-id:
      - 'true'
    method: POST
    uri: https://sanitized.communication.azure.com/identities?api-version=2023-10-01
  response:
    body:
      string: '{"identity": {"id": "sanitized"}, "accessToken": {"token": "sanitized",
        "expiresOn": "2024-03-30T07:39:16.7799743+00:00"}}'
    headers:
      api-supported-versions:
      - 2020-07-20-preview2, 2021-02-22-preview1, 2021-03-07, 2021-10-31-preview,
        2021-11-01, 2022-06-01, 2022-10-01, 2023-10-01
      content-length:
      - '122'
      content-type:
      - application/json; charset=utf-8
      date:
      - Fri, 29 Mar 2024 07:39:16 GMT
      ms-cv:
      - 5ZzEhRWmWUewV1Mb68VEcA.2.0
      request-context:
      - appId=
      strict-transport-security:
      - max-age=31536000;includeSubDomains
      x-azure-ref:
      - 0JHAGZgAAAABTeO9uCBh8Q7c3UVtQGVArSEtCRURHRTA3MjIAOWZjN2I1MTktYThjYy00Zjg5LTkzNWUtYzkxNDhhZTA5ZTgx
      x-cache:
      - CONFIG_NOCACHE
      x-processing-time:
      - 24ms
    status:
      code: 201
      message: Created
- request:
    body: '{"topic": "chat-topic", "participants": []}'
    headers:
      Accept:
      - application/json
      Accept-Encoding:
      - gzip, deflate
      Connection:
      - keep-alive
      Content-Length:
      - '43'
      Content-Type:
      - application/json
      User-Agent:
      - AzureCli/1.9.1 azsdk-python-communication-chat/1.2.0 Python/3.10.11 (Windows-10-10.0.19045-SP0)
      repeatability-request-id:
      - da5dc5ff-5464-444e-9e56-57dc23865346
    method: POST
    uri: https://sanitized.communication.azure.com/chat/threads?api-version=2023-11-07
  response:
    body:
      string: '{"chatThread": {"id": "sanitized", "topic": "chat-topic", "createdOn":
        "2024-03-29T07:39:17Z", "createdByCommunicationIdentifier": {"rawId": "sanitized",
        "communicationUser": {"id": "sanitized"}}}}'
    headers:
      access-control-expose-headers:
      - '*'
      api-supported-versions:
      - 2021-03-07, 2021-04-05-preview6, 2021-09-07, 2023-04-01-preview, 2023-07-01-preview,
        2023-11-07, 2023-11-15-preview, 2024-03-07, 2024-03-15-preview
      content-length:
      - '197'
      content-type:
      - application/json; charset=utf-8
      date:
      - Fri, 29 Mar 2024 07:39:18 GMT
      location:
      - https://clitest000002.unitedstates.communication.azure.com/chat/threads/19%3A7rG16yLiJy1BMORqJigWNrLvTdAYfvkxfQPBqZErDxE1@thread.v2
      ms-cv:
      - 73u9wq7zY0yz5KkkTMO6pQ.0
      strict-transport-security:
      - max-age=31536000;includeSubDomains
      x-azure-ref:
      - 0JXAGZgAAAACM4eZ6eBmCTK8GU4tgG53rSEtCRURHRTA3MTEAOWZjN2I1MTktYThjYy00Zjg5LTkzNWUtYzkxNDhhZTA5ZTgx
      x-cache:
      - CONFIG_NOCACHE
      x-processing-time:
      - 1542ms
    status:
      code: 201
      message: Created
- request:
    body: '{"createTokenWithScopes": ["chat"]}'
    headers:
      Accept:
      - application/json
      Accept-Encoding:
      - gzip, deflate
      Connection:
      - keep-alive
      Content-Length:
      - '35'
      Content-Type:
      - application/json
      User-Agent:
      - AzureCli/1.9.1 azsdk-python-communication-identity/1.5.0 Python/3.10.11 (Windows-10-10.0.19045-SP0)
      x-ms-content-sha256:
      - kWpGozyV35fifbpKdY8mbdG64VG0Pdq5upzo7YKAFM0=
      x-ms-date:
      - Fri, 29 Mar 2024 07:39:19 GMT
      x-ms-return-client-request-id:
      - 'true'
    method: POST
    uri: https://sanitized.communication.azure.com/identities?api-version=2023-10-01
  response:
    body:
      string: '{"identity": {"id": "sanitized"}, "accessToken": {"token": "sanitized",
        "expiresOn": "2024-03-30T07:39:20.1191983+00:00"}}'
    headers:
      api-supported-versions:
      - 2020-07-20-preview2, 2021-02-22-preview1, 2021-03-07, 2021-10-31-preview,
        2021-11-01, 2022-06-01, 2022-10-01, 2023-10-01
      content-length:
      - '122'
      content-type:
      - application/json; charset=utf-8
      date:
      - Fri, 29 Mar 2024 07:39:19 GMT
      ms-cv:
      - Z9E781CU30ORYO/5W0fh4g.2.0
      request-context:
      - appId=
      strict-transport-security:
      - max-age=31536000;includeSubDomains
      x-azure-ref:
      - 0J3AGZgAAAAAmdf0denHHQI5NutAZMM5dSEtCRURHRTA3MTkAOWZjN2I1MTktYThjYy00Zjg5LTkzNWUtYzkxNDhhZTA5ZTgx
      x-cache:
      - CONFIG_NOCACHE
      x-processing-time:
      - 24ms
    status:
      code: 201
      message: Created
- request:
    body: '{"participants": [{"communicationIdentifier": {"rawId": "sanitized", "communicationUser":
      {"id": "sanitized"}}, "displayName": "John Doe"}]}'
    headers:
      Accept:
      - application/json
      Accept-Encoding:
      - gzip, deflate
      Connection:
      - keep-alive
      Content-Length:
      - '140'
      Content-Type:
      - application/json
      User-Agent:
      - azsdk-python-communication-chat/1.2.0 Python/3.10.11 (Windows-10-10.0.19045-SP0)
    method: POST
    uri: https://sanitized.communication.azure.com/chat/threads/sanitized/participants/:add?api-version=2023-11-07
  response:
    body:
      string: '{}'
    headers:
      access-control-expose-headers:
      - '*'
      api-supported-versions:
      - 2021-03-07, 2021-04-05-preview6, 2021-09-07, 2023-04-01-preview, 2023-07-01-preview,
        2023-11-07, 2023-11-15-preview, 2024-03-07, 2024-03-15-preview
      content-length:
      - '2'
      content-type:
      - application/json; charset=utf-8
      date:
      - Fri, 29 Mar 2024 07:39:20 GMT
      ms-cv:
      - 0aTap6arSU+vVm2U/He3GA.0
      strict-transport-security:
      - max-age=31536000;includeSubDomains
      x-azure-ref:
      - 0KHAGZgAAAAB3m37o7stZTLaawyQ74S3nSEtCRURHRTA3MjIAOWZjN2I1MTktYThjYy00Zjg5LTkzNWUtYzkxNDhhZTA5ZTgx
      x-cache:
      - CONFIG_NOCACHE
      x-processing-time:
      - 321ms
    status:
      code: 201
      message: Created
version: 1
