interactions:
- request:
    body: '{"createTokenWithScopes": ["chat"]}'
    headers:
      Accept:
      - application/json
      Accept-Encoding:
      - gzip, deflate
      Connection:
      - keep-alive
      Content-Length:
      - '35'
      Content-Type:
      - application/json
      User-Agent:
      - AzureCli/1.3.0 azsdk-python-communication-identity/1.2.0 Python/3.8.10 (Windows-10-10.0.22621-SP0)
      x-ms-content-sha256:
      - kWpGozyV35fifbpKdY8mbdG64VG0Pdq5upzo7YKAFM0=
      x-ms-date:
      - Fri, 02 Dec 2022 06:10:34 GMT
      x-ms-return-client-request-id:
      - 'true'
    method: POST
    uri: https://sanitized.communication.azure.com/identities?api-version=2022-06-01
  response:
    body:
      string: '{"identity": {"id": "sanitized"}, "accessToken": {"token": "sanitized",
        "expiresOn": "2022-12-03T06:10:35.7408398+00:00"}}'
    headers:
      api-supported-versions:
      - 2020-07-20-preview2, 2021-02-22-preview1, 2021-03-07, 2021-10-31-preview,
        2021-11-01, 2022-06-01, 2022-10-01
      content-length:
      - '122'
      content-type:
      - application/json; charset=utf-8
      date:
      - Fri, 02 Dec 2022 06:10:34 GMT
      ms-cv:
      - pit/q2fxNUu1cxXIeP2sCQ.0
      request-context:
      - appId=
      strict-transport-security:
      - max-age=2592000
      x-azure-ref:
      - 025aJYwAAAADSNujZ8fJ8SqL1YO6TBeiMWVZSMzExMDAwMTE1MDA5ADlmYzdiNTE5LWE4Y2MtNGY4OS05MzVlLWM5MTQ4YWUwOWU4MQ==
      x-cache:
      - CONFIG_NOCACHE
      x-processing-time:
      - 132ms
    status:
      code: 201
      message: Created
- request:
    body: '{"createTokenWithScopes": ["chat"]}'
    headers:
      Accept:
      - application/json
      Accept-Encoding:
      - gzip, deflate
      Connection:
      - keep-alive
      Content-Length:
      - '35'
      Content-Type:
      - application/json
      User-Agent:
      - AzureCli/1.3.0 azsdk-python-communication-identity/1.2.0 Python/3.8.10 (Windows-10-10.0.22621-SP0)
      x-ms-content-sha256:
      - kWpGozyV35fifbpKdY8mbdG64VG0Pdq5upzo7YKAFM0=
      x-ms-date:
      - Fri, 02 Dec 2022 06:10:35 GMT
      x-ms-return-client-request-id:
      - 'true'
    method: POST
    uri: https://sanitized.communication.azure.com/identities?api-version=2022-06-01
  response:
    body:
      string: '{"identity": {"id": "sanitized"}, "accessToken": {"token": "sanitized",
        "expiresOn": "2022-12-03T06:10:36.2376075+00:00"}}'
    headers:
      api-supported-versions:
      - 2020-07-20-preview2, 2021-02-22-preview1, 2021-03-07, 2021-10-31-preview,
        2021-11-01, 2022-06-01, 2022-10-01
      content-length:
      - '122'
      content-type:
      - application/json; charset=utf-8
      date:
      - Fri, 02 Dec 2022 06:10:35 GMT
      ms-cv:
      - yXiD1tugLEGU4XK1gZnJiQ.0
      request-context:
      - appId=
      strict-transport-security:
      - max-age=2592000
      x-azure-ref:
      - 03JaJYwAAAABwlA+HpMFBSauaUD3JGgcgWVZSMzBFREdFMDMxNwA5ZmM3YjUxOS1hOGNjLTRmODktOTM1ZS1jOTE0OGFlMDllODE=
      x-cache:
      - CONFIG_NOCACHE
      x-processing-time:
      - 73ms
    status:
      code: 201
      message: Created
- request:
    body: '{"topic": "chat-topic", "participants": []}'
    headers:
      Accept:
      - application/json
      Accept-Encoding:
      - gzip, deflate
      Connection:
      - keep-alive
      Content-Length:
      - '43'
      Content-Type:
      - application/json
      User-Agent:
      - AzureCli/1.3.0 azsdk-python-communication-chat/1.1.0 Python/3.8.10 (Windows-10-10.0.22621-SP0)
      repeatability-request-id:
      - 7a822c4d-5112-4103-9f36-bdcd90b5be17
    method: POST
    uri: https://sanitized.communication.azure.com/chat/threads?api-version=2021-09-07
  response:
    body:
      string: '{"chatThread": {"id": "sanitized", "topic": "chat-topic", "createdOn":
        "2022-12-02T06:10:36Z", "createdByCommunicationIdentifier": {"rawId": "sanitized",
        "communicationUser": {"id": "sanitized"}}}}'
    headers:
      api-supported-versions:
      - 2021-03-07, 2021-04-05-preview6, 2021-09-07, 2022-11-15-preview8
      content-length:
      - '197'
      content-type:
      - application/json; charset=utf-8
      date:
      - Fri, 02 Dec 2022 06:10:36 GMT
      location:
      - https://clitest000002.communication.azure.com/chat/threads/19%3Adj7BY-0YCVhxQUqR-his_tsW0PagNNBBR2FBHMGvU9Q1@thread.v2
      ms-cv:
      - 9l4zDST1ckuqKxkkbMwE7w.0
      strict-transport-security:
      - max-age=2592000
      x-azure-ref:
      - 03JaJYwAAAADDq0LqPe4QTYDeZhGRdbRQWVZSMzExMDAwMTE1MDIxADlmYzdiNTE5LWE4Y2MtNGY4OS05MzVlLWM5MTQ4YWUwOWU4MQ==
      x-cache:
      - CONFIG_NOCACHE
      x-processing-time:
      - 878ms
    status:
      code: 201
      message: Created
- request:
    body: '{"participants": [{"communicationIdentifier": {"rawId": "sanitized", "communicationUser":
      {"id": "sanitized"}}}]}'
    headers:
      Accept:
      - application/json
      Accept-Encoding:
      - gzip, deflate
      Connection:
      - keep-alive
      Content-Length:
      - '113'
      Content-Type:
      - application/json
      User-Agent:
      - azsdk-python-communication-chat/1.1.0 Python/3.8.10 (Windows-10-10.0.22621-SP0)
    method: POST
    uri: https://sanitized.communication.azure.com/chat/threads/sanitized/participants/:add?api-version=2021-09-07
  response:
    body:
      string: '{}'
    headers:
      api-supported-versions:
      - 2021-03-07, 2021-04-05-preview6, 2021-09-07, 2022-11-15-preview8
      content-length:
      - '2'
      content-type:
      - application/json; charset=utf-8
      date:
      - Fri, 02 Dec 2022 06:10:37 GMT
      ms-cv:
      - 3HWyOLBhQUOmLuV0PF9Lgg.0
      strict-transport-security:
      - max-age=2592000
      x-azure-ref:
      - 03ZaJYwAAAAAw5pt0xFhySqcXcmkR3woLWVZSMzExMDAwMTE1MDUzADlmYzdiNTE5LWE4Y2MtNGY4OS05MzVlLWM5MTQ4YWUwOWU4MQ==
      x-cache:
      - CONFIG_NOCACHE
      x-processing-time:
      - 199ms
    status:
      code: 201
      message: Created
- request:
    body: '{"rawId": "sanitized", "communicationUser": {"id": "sanitized"}}'
    headers:
      Accept:
      - application/json
      Accept-Encoding:
      - gzip, deflate
      Connection:
      - keep-alive
      Content-Length:
      - '64'
      Content-Type:
      - application/json
      User-Agent:
      - azsdk-python-communication-chat/1.1.0 Python/3.8.10 (Windows-10-10.0.22621-SP0)
    method: POST
    uri: https://sanitized.communication.azure.com/chat/threads/sanitized/participants/:remove?api-version=2021-09-07
  response:
    body:
      string: ''
    headers:
      api-supported-versions:
      - 2021-03-07, 2021-04-05-preview6, 2021-09-07, 2022-11-15-preview8
      date:
      - Fri, 02 Dec 2022 06:10:38 GMT
      ms-cv:
      - 1srl7uaSj0S3BcTUuwl5Tw.0
      strict-transport-security:
      - max-age=2592000
      x-azure-ref:
      - 03paJYwAAAACl5lkH45c5SKhmkemmzXqvWVZSMzExMDAwMTE1MDM5ADlmYzdiNTE5LWE4Y2MtNGY4OS05MzVlLWM5MTQ4YWUwOWU4MQ==
      x-cache:
      - CONFIG_NOCACHE
      x-processing-time:
      - 394ms
    status:
      code: 204
      message: No Content
- request:
    body: '{"rawId": "sanitized", "communicationUser": {"id": "sanitized"}}'
    headers:
      Accept:
      - application/json
      Accept-Encoding:
      - gzip, deflate
      Connection:
      - keep-alive
      Content-Length:
      - '64'
      Content-Type:
      - application/json
      User-Agent:
      - azsdk-python-communication-chat/1.1.0 Python/3.8.10 (Windows-10-10.0.22621-SP0)
    method: POST
    uri: https://sanitized.communication.azure.com/chat/threads/sanitized/participants/:remove?api-version=2021-09-07
  response:
    body:
      string: '{"CommunicationError": {"Code": "BadRequest", "Message": "Identifier
        format is invalid (8:acs:fakeid).", "Details": []}}'
    headers:
      api-supported-versions:
      - 2021-03-07, 2021-04-05-preview6, 2021-09-07, 2022-11-15-preview8
      content-type:
      - application/json
      date:
      - Fri, 02 Dec 2022 06:10:38 GMT
      ms-cv:
      - CEH0xXjmfkKIaa8002B9yw.0
      strict-transport-security:
      - max-age=2592000
      transfer-encoding:
      - chunked
      x-azure-ref:
      - 03paJYwAAAADUjP+W5ajTQ7pm6poyR9mgWVZSMzExMDAwMTE1MDIzADlmYzdiNTE5LWE4Y2MtNGY4OS05MzVlLWM5MTQ4YWUwOWU4MQ==
      x-cache:
      - CONFIG_NOCACHE
      x-processing-time:
      - 1ms
    status:
      code: 400
      message: Bad Request
- request:
    body: '{"rawId": "sanitized", "communicationUser": {"id": "sanitized"}}'
    headers:
      Accept:
      - application/json
      Accept-Encoding:
      - gzip, deflate
      Connection:
      - keep-alive
      Content-Length:
      - '64'
      Content-Type:
      - application/json
      User-Agent:
      - azsdk-python-communication-chat/1.1.0 Python/3.8.10 (Windows-10-10.0.22621-SP0)
    method: POST
    uri: https://sanitized.communication.azure.com/chat/threads/sanitized/participants/:remove?api-version=2021-09-07
  response:
    body:
      string: ''
    headers:
      api-supported-versions:
      - 2021-03-07, 2021-04-05-preview6, 2021-09-07, 2022-11-15-preview8
      date:
      - Fri, 02 Dec 2022 06:10:39 GMT
      ms-cv:
      - 8XqATw7vNE+yIMCNjJhG2g.0
      strict-transport-security:
      - max-age=2592000
      x-azure-ref:
      - 035aJYwAAAAChcE1rmINyQaFXUspbUm3LWVZSMzExMDAwMTE1MDM3ADlmYzdiNTE5LWE4Y2MtNGY4OS05MzVlLWM5MTQ4YWUwOWU4MQ==
      x-cache:
      - CONFIG_NOCACHE
      x-processing-time:
      - 301ms
    status:
      code: 204
      message: No Content
- request:
    body: '{"rawId": "sanitized", "communicationUser": {"id": "sanitized"}}'
    headers:
      Accept:
      - application/json
      Accept-Encoding:
      - gzip, deflate
      Connection:
      - keep-alive
      Content-Length:
      - '64'
      Content-Type:
      - application/json
      User-Agent:
      - azsdk-python-communication-chat/1.1.0 Python/3.8.10 (Windows-10-10.0.22621-SP0)
    method: POST
    uri: https://sanitized.communication.azure.com/chat/threads/sanitized/participants/:remove?api-version=2021-09-07
  response:
    body:
      string: '{"CommunicationError": {"Code": "Forbidden", "Message": "The initiator
        doesn''t have the permission to perform the requested operation.", "Details":
        []}}'
    headers:
      api-supported-versions:
      - 2021-03-07, 2021-04-05-preview6, 2021-09-07, 2022-11-15-preview8
      content-type:
      - application/json
      date:
      - Fri, 02 Dec 2022 06:10:39 GMT
      ms-cv:
      - 8qrLunrEjkKoo2Fhe3Smbw.0
      strict-transport-security:
      - max-age=2592000
      transfer-encoding:
      - chunked
      x-azure-ref:
      - 035aJYwAAAACXAhJAB9hLSL6AH0G3GfU2WVZSMzExMDAwMTE1MDIzADlmYzdiNTE5LWE4Y2MtNGY4OS05MzVlLWM5MTQ4YWUwOWU4MQ==
      x-cache:
      - CONFIG_NOCACHE
      x-processing-time:
      - 120ms
    status:
      code: 403
      message: Forbidden
version: 1
