interactions:
- request:
    body: '{"createTokenWithScopes": ["chat"]}'
    headers:
      Accept:
      - application/json
      Accept-Encoding:
      - gzip, deflate
      Connection:
      - keep-alive
      Content-Length:
      - '35'
      Content-Type:
      - application/json
      User-Agent:
      - AzureCli/1.2.2 azsdk-python-communication-identity/1.2.0 Python/3.8.10 (Windows-10-10.0.19044-SP0)
      x-ms-content-sha256:
      - kWpGozyV35fifbpKdY8mbdG64VG0Pdq5upzo7YKAFM0=
      x-ms-date:
      - Wed, 21 Sep 2022 22:41:14 GMT
      x-ms-return-client-request-id:
      - 'true'
    method: POST
    uri: https://sanitized.communication.azure.com/identities?api-version=2022-06-01
  response:
    body:
      string: '{"identity": {"id": "sanitized"}, "accessToken": {"token": "sanitized",
        "expiresOn": "2022-09-22T22:41:16.271187+00:00"}}'
    headers:
      api-supported-versions:
      - 2020-07-20-preview2, 2021-02-22-preview1, 2021-03-07, 2021-10-31-preview,
        2021-11-01, 2022-06-01
      content-length:
      - '121'
      content-type:
      - application/json; charset=utf-8
      date:
      - Wed, 21 Sep 2022 22:41:16 GMT
      ms-cv:
      - 3l9foS2TfEm0slkiDV7nIg.0
      request-context:
      - appId=
      strict-transport-security:
      - max-age=2592000
      x-azure-ref:
      - 0C5MrYwAAAADu5DeSq0t3Qo54O0DFIfVtWVZSMzExMDAwMTE1MDI1ADlmYzdiNTE5LWE4Y2MtNGY4OS05MzVlLWM5MTQ4YWUwOWU4MQ==
      x-cache:
      - CONFIG_NOCACHE
      x-processing-time:
      - 323ms
    status:
      code: 201
      message: Created
- request:
    body: '{"topic": "chat-topic", "participants": []}'
    headers:
      Accept:
      - application/json
      Accept-Encoding:
      - gzip, deflate
      Connection:
      - keep-alive
      Content-Length:
      - '43'
      Content-Type:
      - application/json
      User-Agent:
      - AzureCli/1.2.2 azsdk-python-communication-chat/1.1.0 Python/3.8.10 (Windows-10-10.0.19044-SP0)
      repeatability-request-id:
      - 40ff2fa7-ae5f-4680-a916-ed8129c5a9f9
    method: POST
    uri: https://sanitized.communication.azure.com/chat/threads?api-version=2021-09-07
  response:
    body:
      string: '{"chatThread": {"id": "sanitized", "topic": "chat-topic", "createdOn":
        "2022-09-21T22:41:17Z", "createdByCommunicationIdentifier": {"rawId": "sanitized",
        "communicationUser": {"id": "sanitized"}}}}'
    headers:
      api-supported-versions:
      - 2021-03-07, 2021-04-05-preview6, 2021-09-07, 2022-11-15-preview8
      content-type:
      - application/json; charset=utf-8
      date:
      - Wed, 21 Sep 2022 22:41:17 GMT
      location:
      - https://clitest000002.communication.azure.com/chat/threads/19%3AFE6nk20fADD4kKJxpahpWcOpe6LSKt_umVSk8LBdhig1@thread.v2
      ms-cv:
      - 9ImhfyOxCEusgeSxJwvxYg.0
      strict-transport-security:
      - max-age=2592000
      transfer-encoding:
      - chunked
      x-azure-ref:
      - 0DJMrYwAAAAD+x+OIIv+xTJYifdXrkwObWVZSMzExMDAwMTE1MDM1ADlmYzdiNTE5LWE4Y2MtNGY4OS05MzVlLWM5MTQ4YWUwOWU4MQ==
      x-cache:
      - CONFIG_NOCACHE
      x-processing-time:
      - 814ms
    status:
      code: 201
      message: Created
- request:
    body: '{"participants": [{"communicationIdentifier": {"rawId": "8:acs:00000000-1111-2222-3333-444444444444_55555555-6666-7777-8888-999999999999",
      "communicationUser": {"id": "8:acs:00000000-1111-2222-3333-444444444444_55555555-6666-7777-8888-999999999999"}}}]}'
    headers:
      Accept:
      - application/json
      Accept-Encoding:
      - gzip, deflate
      Connection:
      - keep-alive
      Content-Length:
      - '253'
      Content-Type:
      - application/json
      User-Agent:
      - azsdk-python-communication-chat/1.1.0 Python/3.8.10 (Windows-10-10.0.19044-SP0)
    method: POST
    uri: https://sanitized.communication.azure.com/chat/threads/sanitized/participants/:add?api-version=2021-09-07
  response:
    body:
      string: '{"invalidParticipants": [{"code": "403", "message": "Permissions check
        failed", "target": "8:acs:00000000-1111-2222-3333-444444444444_55555555-6666-7777-8888-999999999999"}]}'
    headers:
      api-supported-versions:
      - 2021-03-07, 2021-04-05-preview6, 2021-09-07, 2022-11-15-preview8
      content-type:
      - application/json; charset=utf-8
      date:
      - Wed, 21 Sep 2022 22:41:17 GMT
      ms-cv:
      - sFU2KB/Rv02CMPLp4REhDA.0
      strict-transport-security:
      - max-age=2592000
      transfer-encoding:
      - chunked
      x-azure-ref:
      - 0DZMrYwAAAABWIv8yRpY0Tpd2ipRsIgpzWVZSMzExMDAwMTE1MDI3ADlmYzdiNTE5LWE4Y2MtNGY4OS05MzVlLWM5MTQ4YWUwOWU4MQ==
      x-cache:
      - CONFIG_NOCACHE
      x-processing-time:
      - 235ms
    status:
      code: 201
      message: Created
- request:
    body: '{"participants": [{"communicationIdentifier": {"rawId": "8:acs:fakeid===",
      "communicationUser": {"id": "8:acs:fakeid==="}}}]}'
    headers:
      Accept:
      - application/json
      Accept-Encoding:
      - gzip, deflate
      Connection:
      - keep-alive
      Content-Length:
      - '125'
      Content-Type:
      - application/json
      User-Agent:
      - azsdk-python-communication-chat/1.1.0 Python/3.8.10 (Windows-10-10.0.19044-SP0)
    method: POST
    uri: https://sanitized.communication.azure.com/chat/threads/sanitized/participants/:add?api-version=2021-09-07
  response:
    body:
      string: '{"CommunicationError": {"Code": "BadRequest", "Message": "Identifier
        format is invalid (8:acs:fakeid===).", "Details": []}}'
    headers:
      api-supported-versions:
      - 2021-03-07, 2021-04-05-preview6, 2021-09-07, 2022-11-15-preview8
      content-type:
      - application/json
      date:
      - Wed, 21 Sep 2022 22:41:17 GMT
      ms-cv:
      - xEJ5YOVPek2nf8onY+pCig.0
      strict-transport-security:
      - max-age=2592000
      transfer-encoding:
      - chunked
      x-azure-ref:
      - 0DpMrYwAAAADHUxuwHAs2RaZtwF/uDDVGWVZSMzExMDAwMTE1MDI5ADlmYzdiNTE5LWE4Y2MtNGY4OS05MzVlLWM5MTQ4YWUwOWU4MQ==
      x-cache:
      - CONFIG_NOCACHE
      x-processing-time:
      - 54ms
    status:
      code: 400
      message: Bad Request
version: 1
