interactions:
- request:
    body: '{"createTokenWithScopes": ["chat"], "expiresInMinutes": null}'
    headers:
      Accept:
      - application/json
      Accept-Encoding:
      - gzip, deflate
      Connection:
      - keep-alive
      Content-Length:
      - '61'
      Content-Type:
      - application/json
      User-Agent:
      - AzureCli/1.6.1 azsdk-python-communication-identity/1.3.1 Python/3.8.0 (Windows-10-10.0.22621-SP0)
      x-ms-content-sha256:
      - RgFKX8sq6gKDc377EdeILf3jgzCijxLOR8s04qluHkc=
      x-ms-date:
      - Wed, 05 Jul 2023 22:20:32 GMT
      x-ms-return-client-request-id:
      - 'true'
    method: POST
    uri: https://sanitized.communication.azure.com/identities?api-version=2022-10-01
  response:
    body:
      string: '{"identity": {"id": "sanitized"}, "accessToken": {"token": "sanitized",
        "expiresOn": "2023-07-06T22:20:33.633666+00:00"}}'
    headers:
      api-supported-versions:
      - 2020-07-20-preview2, 2021-02-22-preview1, 2021-03-07, 2021-10-31-preview,
        2021-11-01, 2022-06-01, 2022-10-01, 2023-08-01
      content-length:
      - '121'
      content-type:
      - application/json; charset=utf-8
      date:
      - Wed, 05 Jul 2023 22:20:33 GMT
      ms-cv:
      - TAqY3fEN/0qddiDNZ0tUcQ.0
      request-context:
      - appId=
      strict-transport-security:
      - max-age=2592000
      x-azure-ref:
      - 0seylZAAAAABbrzdF9KLgSZoAja3WKKDQWVZSMzExMDAwMTE1MDA5ADlmYzdiNTE5LWE4Y2MtNGY4OS05MzVlLWM5MTQ4YWUwOWU4MQ==
      x-cache:
      - CONFIG_NOCACHE
      x-processing-time:
      - 105ms
    status:
      code: 201
      message: Created
- request:
    body: '{"topic": "some-topic", "participants": []}'
    headers:
      Accept:
      - application/json
      Accept-Encoding:
      - gzip, deflate
      Connection:
      - keep-alive
      Content-Length:
      - '43'
      Content-Type:
      - application/json
      User-Agent:
      - AzureCli/1.6.1 azsdk-python-communication-chat/1.1.0 Python/3.8.0 (Windows-10-10.0.22621-SP0)
      repeatability-request-id:
      - 2590e754-60ad-46a6-baed-59f1d9308a4e
    method: POST
    uri: https://sanitized.communication.azure.com/chat/threads?api-version=2021-09-07
  response:
    body:
      string: '{"chatThread": {"id": "sanitized", "topic": "some-topic", "createdOn":
        "2023-07-05T22:20:33Z", "createdByCommunicationIdentifier": {"rawId": "sanitized",
        "communicationUser": {"id": "sanitized"}}}}'
    headers:
      api-supported-versions:
      - 2021-03-07, 2021-04-05-preview6, 2021-09-07, 2023-04-01-preview, 2023-07-01-preview
      content-length:
      - '197'
      content-type:
      - application/json; charset=utf-8
      date:
      - Wed, 05 Jul 2023 22:20:33 GMT
      location:
      - https://clitest000002.communication.azure.com/chat/threads/19%3AH53eiE4cx2Bae_i9XvtzcRvJBXRPh8MlIP4LN4kPZCw1@thread.v2
      ms-cv:
      - u8Ce7lRbdU6ebNwiJrwWSA.0
      strict-transport-security:
      - max-age=2592000
      x-azure-ref:
      - 0seylZAAAAABYmY/2KoLUR70KKuEJpNtBWVZSMzExMDAwMTE1MDM5ADlmYzdiNTE5LWE4Y2MtNGY4OS05MzVlLWM5MTQ4YWUwOWU4MQ==
      x-cache:
      - CONFIG_NOCACHE
      x-processing-time:
      - 371ms
    status:
      code: 201
      message: Created
- request:
    body: null
    headers:
      Accept:
      - application/json
      Accept-Encoding:
      - gzip, deflate
      Connection:
      - keep-alive
      Content-Length:
      - '0'
      User-Agent:
      - AzureCli/1.6.1 azsdk-python-communication-chat/1.1.0 Python/3.8.0 (Windows-10-10.0.22621-SP0)
    method: DELETE
    uri: https://sanitized.communication.azure.com/chat/threads/sanitized?api-version=2021-09-07
  response:
    body:
      string: ''
    headers:
      api-supported-versions:
      - 2021-03-07, 2021-04-05-preview6, 2021-09-07, 2023-04-01-preview, 2023-07-01-preview
      date:
      - Wed, 05 Jul 2023 22:20:34 GMT
      ms-cv:
      - IHhkfJSoUUCa+ZJrtkuuKA.0
      strict-transport-security:
      - max-age=2592000
      x-azure-ref:
      - 0suylZAAAAADBUPc0lt71RrjPFFNq4FPiWVZSMzExMDAwMTE1MDM3ADlmYzdiNTE5LWE4Y2MtNGY4OS05MzVlLWM5MTQ4YWUwOWU4MQ==
      x-cache:
      - CONFIG_NOCACHE
      x-processing-time:
      - 214ms
    status:
      code: 204
      message: No Content
version: 1
