interactions:
- request:
    body: '{"phoneNumberType": "tollFree", "assignmentType": "application", "capabilities":
      {"calling": "inbound", "sms": "inbound+outbound"}}'
    headers:
      Accept:
      - application/json
      Accept-Encoding:
      - gzip, deflate
      Connection:
      - keep-alive
      Content-Length:
      - '131'
      Content-Type:
      - application/json
      Date:
      - Wed, 08 Jun 2022 18:00:50 GMT
      User-Agent:
      - azsdk-python-communication-phonenumbers/1.0.1 Python/3.6.7 (Windows-10-10.0.22000-SP0)
      x-ms-content-sha256:
      - ecyowPPqS6i2jEjg4ZPaHAki9yDR8IHa8lF+VXRefVM=
      x-ms-return-client-request-id:
      - 'true'
    method: POST
    uri: https://sanitized.communication.azure.com/availablePhoneNumbers/countries/US/:search?api-version=2021-03-07
  response:
    body:
      string: ''
    headers:
      access-control-expose-headers:
      - Location,Operation-Location,operation-id,search-id
      api-supported-versions:
      - 2021-03-07, 2022-01-11-preview2, 2022-06-01-preview
      content-length:
      - '0'
      date:
      - Wed, 08 Jun 2022 18:00:54 GMT
      location:
      - /availablePhoneNumbers/searchResults/1a2d9e4f-67ac-4504-8085-bf164927bab1?api-version=2021-03-07
      ms-cv:
      - +95abflzOUmlk3tSLWhRLQ.0
      operation-id:
      - search_1a2d9e4f-67ac-4504-8085-bf164927bab1
      operation-location:
      - /phoneNumbers/operations/search_1a2d9e4f-67ac-4504-8085-bf164927bab1?api-version=2021-03-07
      search-id:
      - 1a2d9e4f-67ac-4504-8085-bf164927bab1
      strict-transport-security:
      - max-age=2592000
      x-azure-ref:
      - 00uOgYgAAAAAS+y0Jx9PyRprYYcDyXUEjWVZSMzExMDAwMTE2MDE3ADlmYzdiNTE5LWE4Y2MtNGY4OS05MzVlLWM5MTQ4YWUwOWU4MQ==
      x-cache:
      - CONFIG_NOCACHE
      x-processing-time:
      - 4165ms
    status:
      code: 202
      message: Accepted
- request:
    body: null
    headers:
      Accept:
      - '*/*'
      Accept-Encoding:
      - gzip, deflate
      Connection:
      - keep-alive
      Date:
      - Wed, 08 Jun 2022 18:01:25 GMT
      User-Agent:
      - azsdk-python-communication-phonenumbers/1.0.1 Python/3.6.7 (Windows-10-10.0.22000-SP0)
      x-ms-content-sha256:
      - 47DEQpj8HBSa+/TImW+5JCeuQeRkm5NMpJWZG3hSuFU=
      x-ms-return-client-request-id:
      - 'true'
    method: GET
    uri: https://sanitized.communication.azure.com/phoneNumbers/operations/search_1a2d9e4f-67ac-4504-8085-bf164927bab1?api-version=2021-03-07
  response:
    body:
      string: '{"operationType": "search", "status": "succeeded", "resourceLocation":
        "/availablePhoneNumbers/searchResults/1a2d9e4f-67ac-4504-8085-bf164927bab1?api-version=2021-03-07",
        "createdDateTime": "2022-06-08T18:00:54.7468605+00:00", "id": "sanitized",
        "lastActionDateTime": "0001-01-01T00:00:00+00:00"}'
    headers:
      access-control-expose-headers:
      - Location
      api-supported-versions:
      - 2021-03-07, 2022-01-11-preview2, 2022-06-01-preview
      content-type:
      - application/json; charset=utf-8
      date:
      - Wed, 08 Jun 2022 18:01:24 GMT
      location:
      - /availablePhoneNumbers/searchResults/1a2d9e4f-67ac-4504-8085-bf164927bab1?api-version=2021-03-07
      ms-cv:
      - 9+nN/zPYvEyJH6ULvl7dvw.0
      strict-transport-security:
      - max-age=2592000
      transfer-encoding:
      - chunked
      x-azure-ref:
      - 09eOgYgAAAACO5C35sAplQrhPfjRIIIDkWVZSMzExMDAwMTE2MDE3ADlmYzdiNTE5LWE4Y2MtNGY4OS05MzVlLWM5MTQ4YWUwOWU4MQ==
      x-cache:
      - CONFIG_NOCACHE
      x-processing-time:
      - 439ms
    status:
      code: 200
      message: OK
    url: sanitized
- request:
    body: null
    headers:
      Accept:
      - '*/*'
      Accept-Encoding:
      - gzip, deflate
      Connection:
      - keep-alive
      Date:
      - Wed, 08 Jun 2022 18:01:26 GMT
      User-Agent:
      - azsdk-python-communication-phonenumbers/1.0.1 Python/3.6.7 (Windows-10-10.0.22000-SP0)
      x-ms-content-sha256:
      - 47DEQpj8HBSa+/TImW+5JCeuQeRkm5NMpJWZG3hSuFU=
      x-ms-return-client-request-id:
      - 'true'
    method: GET
    uri: https://sanitized.communication.azure.com/availablePhoneNumbers/searchResults/1a2d9e4f-67ac-4504-8085-bf164927bab1?api-version=2021-03-07
  response:
    body:
      string: '{"searchId": "1a2d9e4f-67ac-4504-8085-bf164927bab1", "phoneNumbers":
        ["sanitized"], "phoneNumberType": "tollFree", "assignmentType": "application",
        "capabilities": {"calling": "inbound", "sms": "inbound+outbound"}, "cost":
        {"amount": 2.0, "currencyCode": "USD", "billingFrequency": "monthly"}, "searchExpiresBy":
        "2022-06-08T18:16:56.9281142+00:00"}'
    headers:
      api-supported-versions:
      - 2021-03-07, 2022-01-11-preview2, 2022-06-01-preview
      content-type:
      - application/json; charset=utf-8
      date:
      - Wed, 08 Jun 2022 18:01:26 GMT
      ms-cv:
      - DfhdOwAgzkuRawjRAras0w.0
      strict-transport-security:
      - max-age=2592000
      transfer-encoding:
      - chunked
      x-azure-ref:
      - 09eOgYgAAAACzzt9J629RQ4ozG60tJ887WVZSMzExMDAwMTE2MDE3ADlmYzdiNTE5LWE4Y2MtNGY4OS05MzVlLWM5MTQ4YWUwOWU4MQ==
      x-cache:
      - CONFIG_NOCACHE
      x-processing-time:
      - 945ms
    status:
      code: 200
      message: OK
    url: sanitized
- request:
    body: '{"searchId": "1a2d9e4f-67ac-4504-8085-bf164927bab1"}'
    headers:
      Accept:
      - application/json
      Accept-Encoding:
      - gzip, deflate
      Connection:
      - keep-alive
      Content-Length:
      - '52'
      Content-Type:
      - application/json
      Date:
      - Wed, 08 Jun 2022 18:01:27 GMT
      User-Agent:
      - azsdk-python-communication-phonenumbers/1.0.1 Python/3.6.7 (Windows-10-10.0.22000-SP0)
      x-ms-content-sha256:
      - v84BmvdsKwYRawMlPEH3VbuI+187cFdqCQSoJro/11E=
      x-ms-return-client-request-id:
      - 'true'
    method: POST
    uri: https://sanitized.communication.azure.com/availablePhoneNumbers/:purchase?api-version=2021-03-07
  response:
    body:
      string: ''
    headers:
      access-control-expose-headers:
      - Operation-Location,operation-id,purchase-id
      api-supported-versions:
      - 2021-03-07, 2022-01-11-preview2, 2022-06-01-preview
      content-length:
      - '0'
      date:
      - Wed, 08 Jun 2022 18:01:28 GMT
      ms-cv:
      - /O20/K3SKkeqgSvN2PRshw.0
      operation-id:
      - purchase_1a2d9e4f-67ac-4504-8085-bf164927bab1
      operation-location:
      - /phoneNumbers/operations/purchase_1a2d9e4f-67ac-4504-8085-bf164927bab1?api-version=2021-03-07
      purchase-id:
      - 1a2d9e4f-67ac-4504-8085-bf164927bab1
      strict-transport-security:
      - max-age=2592000
      x-azure-ref:
      - 09uOgYgAAAADXwQN7buKLTqLYWJYgXcY2WVZSMzExMDAwMTE2MDE3ADlmYzdiNTE5LWE4Y2MtNGY4OS05MzVlLWM5MTQ4YWUwOWU4MQ==
      x-cache:
      - CONFIG_NOCACHE
      x-processing-time:
      - 2091ms
    status:
      code: 202
      message: Accepted
- request:
    body: null
    headers:
      Accept:
      - '*/*'
      Accept-Encoding:
      - gzip, deflate
      Connection:
      - keep-alive
      Date:
      - Wed, 08 Jun 2022 18:01:59 GMT
      User-Agent:
      - azsdk-python-communication-phonenumbers/1.0.1 Python/3.6.7 (Windows-10-10.0.22000-SP0)
      x-ms-content-sha256:
      - 47DEQpj8HBSa+/TImW+5JCeuQeRkm5NMpJWZG3hSuFU=
      x-ms-return-client-request-id:
      - 'true'
    method: GET
    uri: https://sanitized.communication.azure.com/phoneNumbers/operations/purchase_1a2d9e4f-67ac-4504-8085-bf164927bab1?api-version=2021-03-07
  response:
    body:
      string: '{"operationType": "purchase", "status": "succeeded", "resourceLocation":
        null, "createdDateTime": "2022-06-08T18:00:54.7468605+00:00", "id": "sanitized",
        "lastActionDateTime": "0001-01-01T00:00:00+00:00"}'
    headers:
      api-supported-versions:
      - 2021-03-07, 2022-01-11-preview2, 2022-06-01-preview
      content-type:
      - application/json; charset=utf-8
      date:
      - Wed, 08 Jun 2022 18:01:59 GMT
      ms-cv:
      - cx4cPLs0bEmoRvdTGlJGYg.0
      strict-transport-security:
      - max-age=2592000
      transfer-encoding:
      - chunked
      x-azure-ref:
      - 0F+SgYgAAAADOic9R8uaWTJ/mL8KB/xBVWVZSMzExMDAwMTE2MDE3ADlmYzdiNTE5LWE4Y2MtNGY4OS05MzVlLWM5MTQ4YWUwOWU4MQ==
      x-cache:
      - CONFIG_NOCACHE
      x-processing-time:
      - 384ms
    status:
      code: 200
      message: OK
    url: sanitized
- request:
    body: null
    headers:
      Accept:
      - application/json
      Accept-Encoding:
      - gzip, deflate
      Connection:
      - keep-alive
      Date:
      - Wed, 08 Jun 2022 18:02:00 GMT
      User-Agent:
      - azsdk-python-communication-phonenumbers/1.0.1 Python/3.6.7 (Windows-10-10.0.22000-SP0)
      x-ms-content-sha256:
      - 47DEQpj8HBSa+/TImW+5JCeuQeRkm5NMpJWZG3hSuFU=
      x-ms-return-client-request-id:
      - 'true'
    method: GET
    uri: https://sanitized.communication.azure.com/phoneNumbers/sanitized?api-version=2021-03-07
  response:
    body:
      string: '{"id": "sanitized", "phoneNumber": "sanitized", "countryCode": "US",
        "phoneNumberType": "tollFree", "capabilities": {"calling": "inbound", "sms":
        "inbound+outbound"}, "assignmentType": "application", "purchaseDate": "2022-06-08T18:01:44.9739305+00:00",
        "cost": {"amount": 2.0, "currencyCode": "USD", "billingFrequency": "monthly"}}'
    headers:
      api-supported-versions:
      - 2021-03-07, 2022-01-11-preview2, 2022-06-01-preview
      content-type:
      - application/json; charset=utf-8
      date:
      - Wed, 08 Jun 2022 18:02:01 GMT
      ms-cv:
      - p1Tqe4PGSUyRGbMpaAW3xg.0
      strict-transport-security:
      - max-age=2592000
      transfer-encoding:
      - chunked
      x-azure-ref:
      - 0F+SgYgAAAAA7kwsqPWzWR4qQCGjVjRalWVZSMzExMDAwMTE2MDIzADlmYzdiNTE5LWE4Y2MtNGY4OS05MzVlLWM5MTQ4YWUwOWU4MQ==
      x-cache:
      - CONFIG_NOCACHE
      x-processing-time:
      - 2459ms
    status:
      code: 200
      message: OK
    url: sanitized
version: 1
