interactions:
- request:
    body: '{"createTokenWithScopes": ["chat"], "expiresInMinutes": null}'
    headers:
      Accept:
      - application/json
      Accept-Encoding:
      - gzip, deflate
      Connection:
      - keep-alive
      Content-Length:
      - '61'
      Content-Type:
      - application/json
      User-Agent:
      - AzureCli/1.7.0b1 azsdk-python-communication-identity/1.3.1 Python/3.10.11
        (Windows-10-10.0.22621-SP0)
      x-ms-content-sha256:
      - RgFKX8sq6gKDc377EdeILf3jgzCijxLOR8s04qluHkc=
      x-ms-date:
      - Mon, 10 Jul 2023 20:54:36 GMT
      x-ms-return-client-request-id:
      - 'true'
    method: POST
    uri: https://sanitized.communication.azure.com/identities?api-version=2022-10-01
  response:
    body:
      string: '{"identity": {"id": "sanitized"}, "accessToken": {"token": "sanitized",
        "expiresOn": "2023-07-11T20:54:36.3982809+00:00"}}'
    headers:
      api-supported-versions:
      - 2020-07-20-preview2, 2021-02-22-preview1, 2021-03-07, 2021-10-31-preview,
        2021-11-01, 2022-06-01, 2022-10-01, 2023-08-01
      content-length:
      - '122'
      content-type:
      - application/json; charset=utf-8
      date:
      - Mon, 10 Jul 2023 20:54:36 GMT
      ms-cv:
      - WVg1G71XqkCdVoovJRKKgQ.0
      request-context:
      - appId=
      strict-transport-security:
      - max-age=2592000
      x-azure-ref:
      - 0DHCsZAAAAACe+UPrxAWZTouWdsZE7X4MWVZSMzExMDAwMTE1MDIxADlmYzdiNTE5LWE4Y2MtNGY4OS05MzVlLWM5MTQ4YWUwOWU4MQ==
      x-cache:
      - CONFIG_NOCACHE
      x-processing-time:
      - 110ms
    status:
      code: 201
      message: Created
- request:
    body: '{"topic": "thread-topic", "participants": []}'
    headers:
      Accept:
      - application/json
      Accept-Encoding:
      - gzip, deflate
      Connection:
      - keep-alive
      Content-Length:
      - '45'
      Content-Type:
      - application/json
      User-Agent:
      - AzureCli/1.7.0b1 azsdk-python-communication-chat/1.1.0 Python/3.10.11 (Windows-10-10.0.22621-SP0)
      repeatability-request-id:
      - e0a4def6-6e23-4e00-8efe-76cb1a47c8cb
    method: POST
    uri: https://sanitized.communication.azure.com/chat/threads?api-version=2021-09-07
  response:
    body:
      string: '{"chatThread": {"id": "sanitized", "topic": "thread-topic", "createdOn":
        "2023-07-10T20:54:36Z", "createdByCommunicationIdentifier": {"rawId": "sanitized",
        "communicationUser": {"id": "sanitized"}}}}'
    headers:
      api-supported-versions:
      - 2021-03-07, 2021-04-05-preview6, 2021-09-07, 2023-04-01-preview, 2023-07-01-preview
      content-length:
      - '199'
      content-type:
      - application/json; charset=utf-8
      date:
      - Mon, 10 Jul 2023 20:54:36 GMT
      location:
      - https://clitest000002.communication.azure.com/chat/threads/19%3A8BDzmwH7n-m7YI-qp2A5Pc3KfBBQgY3Vob8zsj87wSM1@thread.v2
      ms-cv:
      - yHaUYij6p06R6aJjW+ym2Q.0
      strict-transport-security:
      - max-age=2592000
      x-azure-ref:
      - 0DHCsZAAAAABuiWJCl5mQT6L9Y6syhtw2WVZSMzExMDAwMTE1MDUzADlmYzdiNTE5LWE4Y2MtNGY4OS05MzVlLWM5MTQ4YWUwOWU4MQ==
      x-cache:
      - CONFIG_NOCACHE
      x-processing-time:
      - 486ms
    status:
      code: 201
      message: Created
- request:
    body: '{"content": "Hello!", "type": "text"}'
    headers:
      Accept:
      - application/json
      Accept-Encoding:
      - gzip, deflate
      Connection:
      - keep-alive
      Content-Length:
      - '37'
      Content-Type:
      - application/json
      User-Agent:
      - azsdk-python-communication-chat/1.1.0 Python/3.10.11 (Windows-10-10.0.22621-SP0)
    method: POST
    uri: https://sanitized.communication.azure.com/chat/threads/sanitized/messages?api-version=2021-09-07
  response:
    body:
      string: '{"id": "sanitized"}'
    headers:
      api-supported-versions:
      - 2021-03-07, 2021-04-05-preview6, 2021-09-07, 2023-04-01-preview, 2023-07-01-preview
      content-length:
      - '19'
      content-type:
      - application/json; charset=utf-8
      date:
      - Mon, 10 Jul 2023 20:54:37 GMT
      location:
      - https://clitest000002.communication.azure.com/chat/threads/19%3A8BDzmwH7n-m7YI-qp2A5Pc3KfBBQgY3Vob8zsj87wSM1@thread.v2/messages/1689022477712
      ms-cv:
      - RWq1ivKbHEuwbVK1eOj3Kg.0
      strict-transport-security:
      - max-age=2592000
      x-azure-ref:
      - 0DXCsZAAAAACQr/9//bgGRo3TVWPB4OX9WVZSMzExMDAwMTE1MDUxADlmYzdiNTE5LWE4Y2MtNGY4OS05MzVlLWM5MTQ4YWUwOWU4MQ==
      x-cache:
      - CONFIG_NOCACHE
      x-processing-time:
      - 251ms
    status:
      code: 201
      message: Created
- request:
    body: '{"content": "Hello there!"}'
    headers:
      Accept:
      - application/json
      Accept-Encoding:
      - gzip, deflate
      Connection:
      - keep-alive
      Content-Length:
      - '27'
      Content-Type:
      - application/merge-patch+json
      User-Agent:
      - azsdk-python-communication-chat/1.1.0 Python/3.10.11 (Windows-10-10.0.22621-SP0)
    method: PATCH
    uri: https://sanitized.communication.azure.com/chat/threads/sanitized/messages/sanitized?api-version=2021-09-07
  response:
    body:
      string: ''
    headers:
      api-supported-versions:
      - 2021-03-07, 2021-04-05-preview6, 2021-09-07, 2023-04-01-preview, 2023-07-01-preview
      date:
      - Mon, 10 Jul 2023 20:54:38 GMT
      ms-cv:
      - sxq4xsTVB0ufhjG6F/YsKg.0
      strict-transport-security:
      - max-age=2592000
      x-azure-ref:
      - 0DnCsZAAAAAAz8GZvIwSgQL673DiYlaAtWVZSMzExMDAwMTE1MDI1ADlmYzdiNTE5LWE4Y2MtNGY4OS05MzVlLWM5MTQ4YWUwOWU4MQ==
      x-cache:
      - CONFIG_NOCACHE
      x-processing-time:
      - 278ms
    status:
      code: 204
      message: No Content
version: 1
