interactions:
- request:
    body: '{"phoneNumberType": "tollFree", "assignmentType": "application", "capabilities":
      {"calling": "inbound", "sms": "inbound+outbound"}}'
    headers:
      Accept:
      - application/json
      Accept-Encoding:
      - gzip, deflate
      Connection:
      - keep-alive
      Content-Length:
      - '131'
      Content-Type:
      - application/json
      User-Agent:
      - azsdk-python-communication-phonenumbers/1.1.0 Python/3.8.0 (Windows-10-10.0.22621-SP0)
      x-ms-content-sha256:
      - ecyowPPqS6i2jEjg4ZPaHAki9yDR8IHa8lF+VXRefVM=
      x-ms-date:
      - Fri, 26 May 2023 04:09:13 GMT
      x-ms-return-client-request-id:
      - 'true'
    method: POST
    uri: https://sanitized.communication.azure.com/availablePhoneNumbers/countries/US/:search?api-version=2022-12-01
  response:
    body:
      string: ''
    headers:
      access-control-expose-headers:
      - Location,Operation-Location,operation-id,search-id
      api-supported-versions:
      - 2021-03-07, 2022-01-11-preview2, 2022-06-01-preview, 2022-12-01, 2022-12-02-preview2,
        2023-05-01-preview
      content-length:
      - '0'
      date:
      - Fri, 26 May 2023 04:09:16 GMT
      location:
      - /availablePhoneNumbers/searchResults/1e6c054f-5f7f-48f7-ab06-688abaa5680f?api-version=2022-12-01
      ms-cv:
      - 9Kb/mg/iekK8jKi3SMSYiQ.0
      operation-id:
      - search_1e6c054f-5f7f-48f7-ab06-688abaa5680f
      operation-location:
      - /phoneNumbers/operations/search_1e6c054f-5f7f-48f7-ab06-688abaa5680f?api-version=2022-12-01
      search-id:
      - 1e6c054f-5f7f-48f7-ab06-688abaa5680f
      strict-transport-security:
      - max-age=2592000
      x-azure-ref:
      - 06TBwZAAAAADmvU1gOkgdTL90Ix4Td4O0WVZSMzExMDAwMTE1MDMxADlmYzdiNTE5LWE4Y2MtNGY4OS05MzVlLWM5MTQ4YWUwOWU4MQ==
      x-cache:
      - CONFIG_NOCACHE
      x-processing-time:
      - 3723ms
    status:
      code: 202
      message: Accepted
- request:
    body: null
    headers:
      Accept:
      - '*/*'
      Accept-Encoding:
      - gzip, deflate
      Connection:
      - keep-alive
      User-Agent:
      - azsdk-python-communication-phonenumbers/1.1.0 Python/3.8.0 (Windows-10-10.0.22621-SP0)
      x-ms-content-sha256:
      - 47DEQpj8HBSa+/TImW+5JCeuQeRkm5NMpJWZG3hSuFU=
      x-ms-date:
      - Fri, 26 May 2023 04:09:17 GMT
      x-ms-return-client-request-id:
      - 'true'
    method: GET
    uri: https://sanitized.communication.azure.com/phoneNumbers/operations/search_1e6c054f-5f7f-48f7-ab06-688abaa5680f?api-version=2022-12-01
  response:
    body:
      string: '{"operationType": "search", "status": "notStarted", "resourceLocation":
        "/availablePhoneNumbers/searchResults/1e6c054f-5f7f-48f7-ab06-688abaa5680f?api-version=2022-12-01",
        "createdDateTime": "2023-05-26T04:09:17.1188585+00:00", "id": "sanitized",
        "lastActionDateTime": "0001-01-01T00:00:00+00:00"}'
    headers:
      access-control-expose-headers:
      - Location
      api-supported-versions:
      - 2021-03-07, 2022-01-11-preview2, 2022-06-01-preview, 2022-11-15-preview, 2022-12-01,
        2022-12-02-preview2, 2023-05-01-preview
      content-type:
      - application/json; charset=utf-8
      date:
      - Fri, 26 May 2023 04:09:16 GMT
      location:
      - /availablePhoneNumbers/searchResults/1e6c054f-5f7f-48f7-ab06-688abaa5680f?api-version=2022-12-01
      ms-cv:
      - dTA49lr9CUKbBIXtHECEyg.0
      strict-transport-security:
      - max-age=2592000
      transfer-encoding:
      - chunked
      x-azure-ref:
      - 07TBwZAAAAADX6lQUcj0RToDK/xeKF0oGWVZSMzExMDAwMTE1MDMxADlmYzdiNTE5LWE4Y2MtNGY4OS05MzVlLWM5MTQ4YWUwOWU4MQ==
      x-cache:
      - CONFIG_NOCACHE
      x-processing-time:
      - 219ms
    status:
      code: 200
      message: OK
    url: sanitized
- request:
    body: null
    headers:
      Accept:
      - '*/*'
      Accept-Encoding:
      - gzip, deflate
      Connection:
      - keep-alive
      User-Agent:
      - azsdk-python-communication-phonenumbers/1.1.0 Python/3.8.0 (Windows-10-10.0.22621-SP0)
      x-ms-content-sha256:
      - 47DEQpj8HBSa+/TImW+5JCeuQeRkm5NMpJWZG3hSuFU=
      x-ms-date:
      - Fri, 26 May 2023 04:09:19 GMT
      x-ms-return-client-request-id:
      - 'true'
    method: GET
    uri: https://sanitized.communication.azure.com/phoneNumbers/operations/search_1e6c054f-5f7f-48f7-ab06-688abaa5680f?api-version=2022-12-01
  response:
    body:
      string: '{"operationType": "search", "status": "succeeded", "resourceLocation":
        "/availablePhoneNumbers/searchResults/1e6c054f-5f7f-48f7-ab06-688abaa5680f?api-version=2022-12-01",
        "createdDateTime": "2023-05-26T04:09:17.1188585+00:00", "id": "sanitized",
        "lastActionDateTime": "0001-01-01T00:00:00+00:00"}'
    headers:
      access-control-expose-headers:
      - Location
      api-supported-versions:
      - 2021-03-07, 2022-01-11-preview2, 2022-06-01-preview, 2022-11-15-preview, 2022-12-01,
        2022-12-02-preview2, 2023-05-01-preview
      content-type:
      - application/json; charset=utf-8
      date:
      - Fri, 26 May 2023 04:09:19 GMT
      location:
      - /availablePhoneNumbers/searchResults/1e6c054f-5f7f-48f7-ab06-688abaa5680f?api-version=2022-12-01
      ms-cv:
      - LJZzZx+2+EG/+pp0ADA7xA.0
      strict-transport-security:
      - max-age=2592000
      transfer-encoding:
      - chunked
      x-azure-ref:
      - 07zBwZAAAAAB546O+MYLsTIndRebinnzdWVZSMzExMDAwMTE1MDMxADlmYzdiNTE5LWE4Y2MtNGY4OS05MzVlLWM5MTQ4YWUwOWU4MQ==
      x-cache:
      - CONFIG_NOCACHE
      x-processing-time:
      - 225ms
    status:
      code: 200
      message: OK
    url: sanitized
- request:
    body: null
    headers:
      Accept:
      - '*/*'
      Accept-Encoding:
      - gzip, deflate
      Connection:
      - keep-alive
      User-Agent:
      - azsdk-python-communication-phonenumbers/1.1.0 Python/3.8.0 (Windows-10-10.0.22621-SP0)
      x-ms-content-sha256:
      - 47DEQpj8HBSa+/TImW+5JCeuQeRkm5NMpJWZG3hSuFU=
      x-ms-date:
      - Fri, 26 May 2023 04:09:20 GMT
      x-ms-return-client-request-id:
      - 'true'
    method: GET
    uri: https://sanitized.communication.azure.com/availablePhoneNumbers/searchResults/1e6c054f-5f7f-48f7-ab06-688abaa5680f?api-version=2022-12-01
  response:
    body:
      string: '{"searchId": "1e6c054f-5f7f-48f7-ab06-688abaa5680f", "phoneNumbers":
        ["sanitized"], "phoneNumberType": "tollFree", "assignmentType": "application",
        "capabilities": {"calling": "inbound", "sms": "inbound+outbound"}, "cost":
        {"amount": 2.0, "currencyCode": "USD", "billingFrequency": "monthly"}, "searchExpiresBy":
        "2023-05-26T04:25:18.9251468+00:00", "error": "NoError"}'
    headers:
      api-supported-versions:
      - 2021-03-07, 2022-01-11-preview2, 2022-06-01-preview, 2022-12-01, 2022-12-02-preview2,
        2023-05-01-preview
      content-length:
      - '369'
      content-type:
      - application/json; charset=utf-8
      date:
      - Fri, 26 May 2023 04:09:20 GMT
      ms-cv:
      - vCLeKJCRwEGM5oNJECMeKw.0
      strict-transport-security:
      - max-age=2592000
      x-azure-ref:
      - 08DBwZAAAAAAAPOci2M2JTYDzdYeEvuHgWVZSMzExMDAwMTE1MDMxADlmYzdiNTE5LWE4Y2MtNGY4OS05MzVlLWM5MTQ4YWUwOWU4MQ==
      x-cache:
      - CONFIG_NOCACHE
      x-processing-time:
      - 776ms
    status:
      code: 200
      message: OK
    url: sanitized
- request:
    body: '{"searchId": "1e6c054f-5f7f-48f7-ab06-688abaa5680f"}'
    headers:
      Accept:
      - application/json
      Accept-Encoding:
      - gzip, deflate
      Connection:
      - keep-alive
      Content-Length:
      - '52'
      Content-Type:
      - application/json
      User-Agent:
      - azsdk-python-communication-phonenumbers/1.1.0 Python/3.8.0 (Windows-10-10.0.22621-SP0)
      x-ms-content-sha256:
      - F+6SCkxkB0YdFxjf8kmUyJD5ZMreE4Ad0N79AFd2n8M=
      x-ms-date:
      - Fri, 26 May 2023 04:09:20 GMT
      x-ms-return-client-request-id:
      - 'true'
    method: POST
    uri: https://sanitized.communication.azure.com/availablePhoneNumbers/:purchase?api-version=2022-12-01
  response:
    body:
      string: ''
    headers:
      access-control-expose-headers:
      - Operation-Location,operation-id,purchase-id
      api-supported-versions:
      - 2021-03-07, 2022-01-11-preview2, 2022-06-01-preview, 2022-12-01, 2022-12-02-preview2,
        2023-05-01-preview
      content-length:
      - '0'
      date:
      - Fri, 26 May 2023 04:09:21 GMT
      ms-cv:
      - X2PPSkBgrE+y2QSFmhRiZw.0
      operation-id:
      - purchase_1e6c054f-5f7f-48f7-ab06-688abaa5680f
      operation-location:
      - /phoneNumbers/operations/purchase_1e6c054f-5f7f-48f7-ab06-688abaa5680f?api-version=2022-12-01
      purchase-id:
      - 1e6c054f-5f7f-48f7-ab06-688abaa5680f
      strict-transport-security:
      - max-age=2592000
      x-azure-ref:
      - 08TBwZAAAAAB7sIQni1rYSaf/d/zQdM7tWVZSMzExMDAwMTE1MDMxADlmYzdiNTE5LWE4Y2MtNGY4OS05MzVlLWM5MTQ4YWUwOWU4MQ==
      x-cache:
      - CONFIG_NOCACHE
      x-processing-time:
      - 1427ms
    status:
      code: 202
      message: Accepted
- request:
    body: null
    headers:
      Accept:
      - '*/*'
      Accept-Encoding:
      - gzip, deflate
      Connection:
      - keep-alive
      User-Agent:
      - azsdk-python-communication-phonenumbers/1.1.0 Python/3.8.0 (Windows-10-10.0.22621-SP0)
      x-ms-content-sha256:
      - 47DEQpj8HBSa+/TImW+5JCeuQeRkm5NMpJWZG3hSuFU=
      x-ms-date:
      - Fri, 26 May 2023 04:09:22 GMT
      x-ms-return-client-request-id:
      - 'true'
    method: GET
    uri: https://sanitized.communication.azure.com/phoneNumbers/operations/purchase_1e6c054f-5f7f-48f7-ab06-688abaa5680f?api-version=2022-12-01
  response:
    body:
      string: '{"operationType": "purchase", "status": "running", "resourceLocation":
        null, "createdDateTime": "2023-05-26T04:09:17.1188585+00:00", "id": "sanitized",
        "lastActionDateTime": "0001-01-01T00:00:00+00:00"}'
    headers:
      api-supported-versions:
      - 2021-03-07, 2022-01-11-preview2, 2022-06-01-preview, 2022-11-15-preview, 2022-12-01,
        2022-12-02-preview2, 2023-05-01-preview
      content-type:
      - application/json; charset=utf-8
      date:
      - Fri, 26 May 2023 04:09:21 GMT
      ms-cv:
      - Ib7xQR1I40OIIQpW+VOD+A.0
      strict-transport-security:
      - max-age=2592000
      transfer-encoding:
      - chunked
      x-azure-ref:
      - 08jBwZAAAAADlMqchX4WjQoZHX9uuY3TlWVZSMzExMDAwMTE1MDMxADlmYzdiNTE5LWE4Y2MtNGY4OS05MzVlLWM5MTQ4YWUwOWU4MQ==
      x-cache:
      - CONFIG_NOCACHE
      x-processing-time:
      - 219ms
    status:
      code: 200
      message: OK
    url: sanitized
- request:
    body: null
    headers:
      Accept:
      - '*/*'
      Accept-Encoding:
      - gzip, deflate
      Connection:
      - keep-alive
      User-Agent:
      - azsdk-python-communication-phonenumbers/1.1.0 Python/3.8.0 (Windows-10-10.0.22621-SP0)
      x-ms-content-sha256:
      - 47DEQpj8HBSa+/TImW+5JCeuQeRkm5NMpJWZG3hSuFU=
      x-ms-date:
      - Fri, 26 May 2023 04:09:24 GMT
      x-ms-return-client-request-id:
      - 'true'
    method: GET
    uri: https://sanitized.communication.azure.com/phoneNumbers/operations/purchase_1e6c054f-5f7f-48f7-ab06-688abaa5680f?api-version=2022-12-01
  response:
    body:
      string: '{"operationType": "purchase", "status": "notStarted", "resourceLocation":
        null, "createdDateTime": "2023-05-26T04:09:17.1188585+00:00", "id": "sanitized",
        "lastActionDateTime": "0001-01-01T00:00:00+00:00"}'
    headers:
      api-supported-versions:
      - 2021-03-07, 2022-01-11-preview2, 2022-06-01-preview, 2022-11-15-preview, 2022-12-01,
        2022-12-02-preview2, 2023-05-01-preview
      content-type:
      - application/json; charset=utf-8
      date:
      - Fri, 26 May 2023 04:09:25 GMT
      ms-cv:
      - cVzCuGAM1k+LAMdcvHHq+Q.0
      strict-transport-security:
      - max-age=2592000
      transfer-encoding:
      - chunked
      x-azure-ref:
      - 09DBwZAAAAADZWc4nzhDRSLoaXuxM4dBbWVZSMzExMDAwMTE1MDMxADlmYzdiNTE5LWE4Y2MtNGY4OS05MzVlLWM5MTQ4YWUwOWU4MQ==
      x-cache:
      - CONFIG_NOCACHE
      x-processing-time:
      - 260ms
    status:
      code: 200
      message: OK
    url: sanitized
- request:
    body: null
    headers:
      Accept:
      - '*/*'
      Accept-Encoding:
      - gzip, deflate
      Connection:
      - keep-alive
      User-Agent:
      - azsdk-python-communication-phonenumbers/1.1.0 Python/3.8.0 (Windows-10-10.0.22621-SP0)
      x-ms-content-sha256:
      - 47DEQpj8HBSa+/TImW+5JCeuQeRkm5NMpJWZG3hSuFU=
      x-ms-date:
      - Fri, 26 May 2023 04:09:27 GMT
      x-ms-return-client-request-id:
      - 'true'
    method: GET
    uri: https://sanitized.communication.azure.com/phoneNumbers/operations/purchase_1e6c054f-5f7f-48f7-ab06-688abaa5680f?api-version=2022-12-01
  response:
    body:
      string: '{"operationType": "purchase", "status": "notStarted", "resourceLocation":
        null, "createdDateTime": "2023-05-26T04:09:17.1188585+00:00", "id": "sanitized",
        "lastActionDateTime": "0001-01-01T00:00:00+00:00"}'
    headers:
      api-supported-versions:
      - 2021-03-07, 2022-01-11-preview2, 2022-06-01-preview, 2022-11-15-preview, 2022-12-01,
        2022-12-02-preview2, 2023-05-01-preview
      content-type:
      - application/json; charset=utf-8
      date:
      - Fri, 26 May 2023 04:09:27 GMT
      ms-cv:
      - Ok4ooIkJK0KyOkgEs4tivw.0
      strict-transport-security:
      - max-age=2592000
      transfer-encoding:
      - chunked
      x-azure-ref:
      - 09zBwZAAAAAAZLd90vZYLR7urbuCWBn/yWVZSMzExMDAwMTE1MDMxADlmYzdiNTE5LWE4Y2MtNGY4OS05MzVlLWM5MTQ4YWUwOWU4MQ==
      x-cache:
      - CONFIG_NOCACHE
      x-processing-time:
      - 227ms
    status:
      code: 200
      message: OK
    url: sanitized
- request:
    body: null
    headers:
      Accept:
      - '*/*'
      Accept-Encoding:
      - gzip, deflate
      Connection:
      - keep-alive
      User-Agent:
      - azsdk-python-communication-phonenumbers/1.1.0 Python/3.8.0 (Windows-10-10.0.22621-SP0)
      x-ms-content-sha256:
      - 47DEQpj8HBSa+/TImW+5JCeuQeRkm5NMpJWZG3hSuFU=
      x-ms-date:
      - Fri, 26 May 2023 04:09:29 GMT
      x-ms-return-client-request-id:
      - 'true'
    method: GET
    uri: https://sanitized.communication.azure.com/phoneNumbers/operations/purchase_1e6c054f-5f7f-48f7-ab06-688abaa5680f?api-version=2022-12-01
  response:
    body:
      string: '{"operationType": "purchase", "status": "notStarted", "resourceLocation":
        null, "createdDateTime": "2023-05-26T04:09:17.1188585+00:00", "id": "sanitized",
        "lastActionDateTime": "0001-01-01T00:00:00+00:00"}'
    headers:
      api-supported-versions:
      - 2021-03-07, 2022-01-11-preview2, 2022-06-01-preview, 2022-11-15-preview, 2022-12-01,
        2022-12-02-preview2, 2023-05-01-preview
      content-type:
      - application/json; charset=utf-8
      date:
      - Fri, 26 May 2023 04:09:30 GMT
      ms-cv:
      - RTY7ysnPSUSdMar+qM5x4g.0
      strict-transport-security:
      - max-age=2592000
      transfer-encoding:
      - chunked
      x-azure-ref:
      - 0+TBwZAAAAAAlE8M6UUhlRaMZcHtnTu9uWVZSMzExMDAwMTE1MDMxADlmYzdiNTE5LWE4Y2MtNGY4OS05MzVlLWM5MTQ4YWUwOWU4MQ==
      x-cache:
      - CONFIG_NOCACHE
      x-processing-time:
      - 229ms
    status:
      code: 200
      message: OK
    url: sanitized
- request:
    body: null
    headers:
      Accept:
      - '*/*'
      Accept-Encoding:
      - gzip, deflate
      Connection:
      - keep-alive
      User-Agent:
      - azsdk-python-communication-phonenumbers/1.1.0 Python/3.8.0 (Windows-10-10.0.22621-SP0)
      x-ms-content-sha256:
      - 47DEQpj8HBSa+/TImW+5JCeuQeRkm5NMpJWZG3hSuFU=
      x-ms-date:
      - Fri, 26 May 2023 04:09:31 GMT
      x-ms-return-client-request-id:
      - 'true'
    method: GET
    uri: https://sanitized.communication.azure.com/phoneNumbers/operations/purchase_1e6c054f-5f7f-48f7-ab06-688abaa5680f?api-version=2022-12-01
  response:
    body:
      string: '{"operationType": "purchase", "status": "notStarted", "resourceLocation":
        null, "createdDateTime": "2023-05-26T04:09:17.1188585+00:00", "id": "sanitized",
        "lastActionDateTime": "0001-01-01T00:00:00+00:00"}'
    headers:
      api-supported-versions:
      - 2021-03-07, 2022-01-11-preview2, 2022-06-01-preview, 2022-11-15-preview, 2022-12-01,
        2022-12-02-preview2, 2023-05-01-preview
      content-type:
      - application/json; charset=utf-8
      date:
      - Fri, 26 May 2023 04:09:32 GMT
      ms-cv:
      - OkMkw6FiUUS2k530JaQynQ.0
      strict-transport-security:
      - max-age=2592000
      transfer-encoding:
      - chunked
      x-azure-ref:
      - 0/DBwZAAAAADSLw/V/SosQL1JjdvvSQoLWVZSMzExMDAwMTE1MDMxADlmYzdiNTE5LWE4Y2MtNGY4OS05MzVlLWM5MTQ4YWUwOWU4MQ==
      x-cache:
      - CONFIG_NOCACHE
      x-processing-time:
      - 227ms
    status:
      code: 200
      message: OK
    url: sanitized
- request:
    body: null
    headers:
      Accept:
      - '*/*'
      Accept-Encoding:
      - gzip, deflate
      Connection:
      - keep-alive
      User-Agent:
      - azsdk-python-communication-phonenumbers/1.1.0 Python/3.8.0 (Windows-10-10.0.22621-SP0)
      x-ms-content-sha256:
      - 47DEQpj8HBSa+/TImW+5JCeuQeRkm5NMpJWZG3hSuFU=
      x-ms-date:
      - Fri, 26 May 2023 04:09:34 GMT
      x-ms-return-client-request-id:
      - 'true'
    method: GET
    uri: https://sanitized.communication.azure.com/phoneNumbers/operations/purchase_1e6c054f-5f7f-48f7-ab06-688abaa5680f?api-version=2022-12-01
  response:
    body:
      string: '{"operationType": "purchase", "status": "notStarted", "resourceLocation":
        null, "createdDateTime": "2023-05-26T04:09:17.1188585+00:00", "id": "sanitized",
        "lastActionDateTime": "0001-01-01T00:00:00+00:00"}'
    headers:
      api-supported-versions:
      - 2021-03-07, 2022-01-11-preview2, 2022-06-01-preview, 2022-11-15-preview, 2022-12-01,
        2022-12-02-preview2, 2023-05-01-preview
      content-type:
      - application/json; charset=utf-8
      date:
      - Fri, 26 May 2023 04:09:34 GMT
      ms-cv:
      - EE/zzge0HE27dla+V8ISQg.0
      strict-transport-security:
      - max-age=2592000
      transfer-encoding:
      - chunked
      x-azure-ref:
      - 0/jBwZAAAAACn+ehig66CRJ1lB+Goffq8WVZSMzExMDAwMTE1MDMxADlmYzdiNTE5LWE4Y2MtNGY4OS05MzVlLWM5MTQ4YWUwOWU4MQ==
      x-cache:
      - CONFIG_NOCACHE
      x-processing-time:
      - 297ms
    status:
      code: 200
      message: OK
    url: sanitized
- request:
    body: null
    headers:
      Accept:
      - '*/*'
      Accept-Encoding:
      - gzip, deflate
      Connection:
      - keep-alive
      User-Agent:
      - azsdk-python-communication-phonenumbers/1.1.0 Python/3.8.0 (Windows-10-10.0.22621-SP0)
      x-ms-content-sha256:
      - 47DEQpj8HBSa+/TImW+5JCeuQeRkm5NMpJWZG3hSuFU=
      x-ms-date:
      - Fri, 26 May 2023 04:09:36 GMT
      x-ms-return-client-request-id:
      - 'true'
    method: GET
    uri: https://sanitized.communication.azure.com/phoneNumbers/operations/purchase_1e6c054f-5f7f-48f7-ab06-688abaa5680f?api-version=2022-12-01
  response:
    body:
      string: '{"operationType": "purchase", "status": "notStarted", "resourceLocation":
        null, "createdDateTime": "2023-05-26T04:09:17.1188585+00:00", "id": "sanitized",
        "lastActionDateTime": "0001-01-01T00:00:00+00:00"}'
    headers:
      api-supported-versions:
      - 2021-03-07, 2022-01-11-preview2, 2022-06-01-preview, 2022-11-15-preview, 2022-12-01,
        2022-12-02-preview2, 2023-05-01-preview
      content-type:
      - application/json; charset=utf-8
      date:
      - Fri, 26 May 2023 04:09:36 GMT
      ms-cv:
      - jCi4KEd7b0Ce6M/IrK8sWQ.0
      strict-transport-security:
      - max-age=2592000
      transfer-encoding:
      - chunked
      x-azure-ref:
      - 0ADFwZAAAAABCocAM0kd+RahT2BYbPBtTWVZSMzExMDAwMTE1MDMxADlmYzdiNTE5LWE4Y2MtNGY4OS05MzVlLWM5MTQ4YWUwOWU4MQ==
      x-cache:
      - CONFIG_NOCACHE
      x-processing-time:
      - 229ms
    status:
      code: 200
      message: OK
    url: sanitized
- request:
    body: null
    headers:
      Accept:
      - '*/*'
      Accept-Encoding:
      - gzip, deflate
      Connection:
      - keep-alive
      User-Agent:
      - azsdk-python-communication-phonenumbers/1.1.0 Python/3.8.0 (Windows-10-10.0.22621-SP0)
      x-ms-content-sha256:
      - 47DEQpj8HBSa+/TImW+5JCeuQeRkm5NMpJWZG3hSuFU=
      x-ms-date:
      - Fri, 26 May 2023 04:09:38 GMT
      x-ms-return-client-request-id:
      - 'true'
    method: GET
    uri: https://sanitized.communication.azure.com/phoneNumbers/operations/purchase_1e6c054f-5f7f-48f7-ab06-688abaa5680f?api-version=2022-12-01
  response:
    body:
      string: '{"operationType": "purchase", "status": "notStarted", "resourceLocation":
        null, "createdDateTime": "2023-05-26T04:09:17.1188585+00:00", "id": "sanitized",
        "lastActionDateTime": "0001-01-01T00:00:00+00:00"}'
    headers:
      api-supported-versions:
      - 2021-03-07, 2022-01-11-preview2, 2022-06-01-preview, 2022-11-15-preview, 2022-12-01,
        2022-12-02-preview2, 2023-05-01-preview
      content-type:
      - application/json; charset=utf-8
      date:
      - Fri, 26 May 2023 04:09:39 GMT
      ms-cv:
      - LkkbKHrt8kqFF/VeLUillw.0
      strict-transport-security:
      - max-age=2592000
      transfer-encoding:
      - chunked
      x-azure-ref:
      - 0AzFwZAAAAACKXQ+apmdfTohoOG7DPq58WVZSMzExMDAwMTE1MDMxADlmYzdiNTE5LWE4Y2MtNGY4OS05MzVlLWM5MTQ4YWUwOWU4MQ==
      x-cache:
      - CONFIG_NOCACHE
      x-processing-time:
      - 227ms
    status:
      code: 200
      message: OK
    url: sanitized
- request:
    body: null
    headers:
      Accept:
      - '*/*'
      Accept-Encoding:
      - gzip, deflate
      Connection:
      - keep-alive
      User-Agent:
      - azsdk-python-communication-phonenumbers/1.1.0 Python/3.8.0 (Windows-10-10.0.22621-SP0)
      x-ms-content-sha256:
      - 47DEQpj8HBSa+/TImW+5JCeuQeRkm5NMpJWZG3hSuFU=
      x-ms-date:
      - Fri, 26 May 2023 04:09:41 GMT
      x-ms-return-client-request-id:
      - 'true'
    method: GET
    uri: https://sanitized.communication.azure.com/phoneNumbers/operations/purchase_1e6c054f-5f7f-48f7-ab06-688abaa5680f?api-version=2022-12-01
  response:
    body:
      string: '{"operationType": "purchase", "status": "succeeded", "resourceLocation":
        null, "createdDateTime": "2023-05-26T04:09:17.1188585+00:00", "id": "sanitized",
        "lastActionDateTime": "0001-01-01T00:00:00+00:00"}'
    headers:
      api-supported-versions:
      - 2021-03-07, 2022-01-11-preview2, 2022-06-01-preview, 2022-11-15-preview, 2022-12-01,
        2022-12-02-preview2, 2023-05-01-preview
      content-type:
      - application/json; charset=utf-8
      date:
      - Fri, 26 May 2023 04:09:41 GMT
      ms-cv:
      - SAsJtJDy9Uuc4UpzvIhBuA.0
      strict-transport-security:
      - max-age=2592000
      transfer-encoding:
      - chunked
      x-azure-ref:
      - 0BTFwZAAAAACcS4oKCpWqSYuyN4emTVwcWVZSMzExMDAwMTE1MDMxADlmYzdiNTE5LWE4Y2MtNGY4OS05MzVlLWM5MTQ4YWUwOWU4MQ==
      x-cache:
      - CONFIG_NOCACHE
      x-processing-time:
      - 230ms
    status:
      code: 200
      message: OK
    url: sanitized
- request:
    body: null
    headers:
      Accept:
      - application/json
      Accept-Encoding:
      - gzip, deflate
      Connection:
      - keep-alive
      User-Agent:
      - AzureCli/1.6 azsdk-python-communication-phonenumbers/1.1.0 Python/3.8.0 (Windows-10-10.0.22621-SP0)
      x-ms-content-sha256:
      - 47DEQpj8HBSa+/TImW+5JCeuQeRkm5NMpJWZG3hSuFU=
      x-ms-date:
      - Fri, 26 May 2023 04:09:41 GMT
      x-ms-return-client-request-id:
      - 'true'
    method: GET
    uri: https://sanitized.communication.azure.com/phoneNumbers?skip=0&top=100&api-version=2022-12-01
  response:
    body:
      string: '{"phoneNumbers": [{"id": "sanitized", "phoneNumber": "sanitized", "countryCode":
        "US", "phoneNumberType": "tollFree", "capabilities": {"calling": "inbound",
        "sms": "inbound+outbound"}, "assignmentType": "application", "purchaseDate":
        "2023-05-26T04:09:36.4253296+00:00", "cost": {"amount": 2.0, "currencyCode":
        "USD", "billingFrequency": "monthly"}}]}'
    headers:
      api-supported-versions:
      - 2021-03-07, 2022-01-11-preview2, 2022-06-01-preview, 2022-12-01, 2022-12-02-preview2,
        2023-05-01-preview
      content-length:
      - '351'
      content-type:
      - application/json; charset=utf-8
      date:
      - Fri, 26 May 2023 04:09:48 GMT
      ms-cv:
      - cLb5aB2d+kWAcolwnaZiGg.0
      strict-transport-security:
      - max-age=2592000
      x-azure-ref:
      - 0BTFwZAAAAADWSe6VTRISSKFLUnRiPWgXWVZSMzExMDAwMTE1MDA5ADlmYzdiNTE5LWE4Y2MtNGY4OS05MzVlLWM5MTQ4YWUwOWU4MQ==
      x-cache:
      - CONFIG_NOCACHE
      x-processing-time:
      - 6126ms
    status:
      code: 200
      message: OK
    url: sanitized
version: 1
