interactions:
- request:
    body: '{"createTokenWithScopes": ["chat"]}'
    headers:
      Accept:
      - application/json
      Accept-Encoding:
      - gzip, deflate
      Connection:
      - keep-alive
      Content-Length:
      - '35'
      Content-Type:
      - application/json
      User-Agent:
      - AzureCli/1.9.0 azsdk-python-communication-identity/1.5.0 Python/3.10.11 (Windows-10-10.0.22631-SP0)
      x-ms-content-sha256:
      - kWpGozyV35fifbpKdY8mbdG64VG0Pdq5upzo7YKAFM0=
      x-ms-date:
      - Wed, 27 Mar 2024 00:31:27 GMT
      x-ms-return-client-request-id:
      - 'true'
    method: POST
    uri: https://sanitized.communication.azure.com/identities?api-version=2023-10-01
  response:
    body:
      string: '{"identity": {"id": "sanitized"}, "accessToken": {"token": "sanitized",
        "expiresOn": "2024-03-28T00:31:27.954292+00:00"}}'
    headers:
      api-supported-versions:
      - 2020-07-20-preview2, 2021-02-22-preview1, 2021-03-07, 2021-10-31-preview,
        2021-11-01, 2022-06-01, 2022-10-01, 2023-10-01
      content-length:
      - '121'
      content-type:
      - application/json; charset=utf-8
      date:
      - Wed, 27 Mar 2024 00:31:27 GMT
      ms-cv:
      - M5bb6QZbaEi7j63Fj0E8cw.0
      request-context:
      - appId=
      strict-transport-security:
      - max-age=31536000;includeSubDomains
      x-azure-ref:
      - 032gDZgAAAAD5LUwhns9nTLmChH0q/QKbV1NURURHRTAxMTgAOWZjN2I1MTktYThjYy00Zjg5LTkzNWUtYzkxNDhhZTA5ZTgx
      x-cache:
      - CONFIG_NOCACHE
      x-processing-time:
      - 27ms
    status:
      code: 201
      message: Created
- request:
    body: '{"createTokenWithScopes": ["chat"]}'
    headers:
      Accept:
      - application/json
      Accept-Encoding:
      - gzip, deflate
      Connection:
      - keep-alive
      Content-Length:
      - '35'
      Content-Type:
      - application/json
      User-Agent:
      - AzureCli/1.9.0 azsdk-python-communication-identity/1.5.0 Python/3.10.11 (Windows-10-10.0.22631-SP0)
      x-ms-content-sha256:
      - kWpGozyV35fifbpKdY8mbdG64VG0Pdq5upzo7YKAFM0=
      x-ms-date:
      - Wed, 27 Mar 2024 00:31:27 GMT
      x-ms-return-client-request-id:
      - 'true'
    method: POST
    uri: https://sanitized.communication.azure.com/identities?api-version=2023-10-01
  response:
    body:
      string: '{"identity": {"id": "sanitized"}, "accessToken": {"token": "sanitized",
        "expiresOn": "2024-03-28T00:31:28.4087989+00:00"}}'
    headers:
      api-supported-versions:
      - 2020-07-20-preview2, 2021-02-22-preview1, 2021-03-07, 2021-10-31-preview,
        2021-11-01, 2022-06-01, 2022-10-01, 2023-10-01
      content-length:
      - '122'
      content-type:
      - application/json; charset=utf-8
      date:
      - Wed, 27 Mar 2024 00:31:28 GMT
      ms-cv:
      - qQxa3KSyAkOFQ8kBRq+RqA.0
      request-context:
      - appId=
      strict-transport-security:
      - max-age=31536000;includeSubDomains
      x-azure-ref:
      - 04GgDZgAAAACgSvYhxUlETLmiQeA6fnylV1NURURHRTAxMDYAOWZjN2I1MTktYThjYy00Zjg5LTkzNWUtYzkxNDhhZTA5ZTgx
      x-cache:
      - CONFIG_NOCACHE
      x-processing-time:
      - 22ms
    status:
      code: 201
      message: Created
- request:
    body: '{"topic": "chat-topic", "participants": []}'
    headers:
      Accept:
      - application/json
      Accept-Encoding:
      - gzip, deflate
      Connection:
      - keep-alive
      Content-Length:
      - '43'
      Content-Type:
      - application/json
      User-Agent:
      - AzureCli/1.9.0 azsdk-python-communication-chat/1.2.0 Python/3.10.11 (Windows-10-10.0.22631-SP0)
      repeatability-request-id:
      - 87eec19e-b87a-40e8-9dcc-9e3d30be4806
    method: POST
    uri: https://sanitized.communication.azure.com/chat/threads?api-version=2023-11-07
  response:
    body:
      string: '{"chatThread": {"id": "sanitized", "topic": "chat-topic", "createdOn":
        "2024-03-27T00:31:28Z", "createdByCommunicationIdentifier": {"rawId": "sanitized",
        "communicationUser": {"id": "sanitized"}}}}'
    headers:
      access-control-expose-headers:
      - '*'
      api-supported-versions:
      - 2021-03-07, 2021-04-05-preview6, 2021-09-07, 2023-04-01-preview, 2023-07-01-preview,
        2023-11-07, 2023-11-15-preview, 2024-03-07, 2024-03-15-preview
      content-length:
      - '197'
      content-type:
      - application/json; charset=utf-8
      date:
      - Wed, 27 Mar 2024 00:31:30 GMT
      location:
      - https://managedidentitylive.unitedstates.communication.azure.com/chat/threads/19%3Avxzz-_AhNbvie46JtJh1UJfOsnyrVG-wEMhKXBXfnFQ1@thread.v2
      ms-cv:
      - 3Aers+N4cUq7EXz7IFzECg.0
      strict-transport-security:
      - max-age=31536000;includeSubDomains
      x-azure-ref:
      - 04GgDZgAAAABVLQ8MzIssSrAoJkxOBYRDV1NURURHRTA4MjAAOWZjN2I1MTktYThjYy00Zjg5LTkzNWUtYzkxNDhhZTA5ZTgx
      x-cache:
      - CONFIG_NOCACHE
      x-processing-time:
      - 1623ms
    status:
      code: 201
      message: Created
- request:
    body: '{"participants": [{"communicationIdentifier": {"rawId": "sanitized", "communicationUser":
      {"id": "sanitized"}}}]}'
    headers:
      Accept:
      - application/json
      Accept-Encoding:
      - gzip, deflate
      Connection:
      - keep-alive
      Content-Length:
      - '113'
      Content-Type:
      - application/json
      User-Agent:
      - azsdk-python-communication-chat/1.2.0 Python/3.10.11 (Windows-10-10.0.22631-SP0)
    method: POST
    uri: https://sanitized.communication.azure.com/chat/threads/sanitized/participants/:add?api-version=2023-11-07
  response:
    body:
      string: '{}'
    headers:
      access-control-expose-headers:
      - '*'
      api-supported-versions:
      - 2021-03-07, 2021-04-05-preview6, 2021-09-07, 2023-04-01-preview, 2023-07-01-preview,
        2023-11-07, 2023-11-15-preview, 2024-03-07, 2024-03-15-preview
      content-length:
      - '2'
      content-type:
      - application/json; charset=utf-8
      date:
      - Wed, 27 Mar 2024 00:31:30 GMT
      ms-cv:
      - 7q8uWU4tGkmMhOTw+nZppw.0
      strict-transport-security:
      - max-age=31536000;includeSubDomains
      x-azure-ref:
      - 04mgDZgAAAACGHMlbBdgORZ9RKSuJ18ykV1NURURHRTA4MTgAOWZjN2I1MTktYThjYy00Zjg5LTkzNWUtYzkxNDhhZTA5ZTgx
      x-cache:
      - CONFIG_NOCACHE
      x-processing-time:
      - 234ms
    status:
      code: 201
      message: Created
version: 1
