interactions:
- request:
    body: '{"phoneNumberType": "tollFree", "assignmentType": "application", "capabilities":
      {"calling": "inbound", "sms": "inbound+outbound"}}'
    headers:
      Accept:
      - application/json
      Accept-Encoding:
      - gzip, deflate
      Connection:
      - keep-alive
      Content-Length:
      - '131'
      Content-Type:
      - application/json
      User-Agent:
      - azsdk-python-communication-phonenumbers/1.2.0 Python/3.9.13 (Windows-10-10.0.26100-SP0)
      x-ms-content-sha256:
      - ecyowPPqS6i2jEjg4ZPaHAki9yDR8IHa8lF+VXRefVM=
      x-ms-date:
      - Tue, 25 Mar 2025 06:48:45 GMT
      x-ms-return-client-request-id:
      - 'true'
    method: POST
    uri: https://sanitized.communication.azure.com/availablePhoneNumbers/countries/US/:search?api-version=2025-02-11
  response:
    body:
      string: ''
    headers:
      access-control-expose-headers:
      - Location,Operation-Location,operation-id,search-id
      api-supported-versions:
      - 2021-03-07, 2022-01-11-preview2, 2022-06-01-preview, 2022-12-01, 2022-12-02-preview2,
        2023-04-30-preview, 2023-05-01-preview, 2023-10-01-preview, 2024-03-01-preview,
        2024-04-30-preview, 2024-05-01-preview, 2024-08-31-preview, 2025-02-11, 2025-04-01-preview,
        2025-04-01, 2025-04-15-preview
      connection:
      - keep-alive
      content-length:
      - '0'
      date:
      - Tue, 25 Mar 2025 06:48:50 GMT
      location:
      - /availablePhoneNumbers/searchResults/06c120dc-1c87-4ecc-a9a4-1ce048deee7a?api-version=2025-02-11
      ms-cv:
      - eNByhGTdw0G/WvFc/beOUg.0
      operation-id:
      - search_06c120dc-1c87-4ecc-a9a4-1ce048deee7a
      operation-location:
      - /phoneNumbers/operations/search_06c120dc-1c87-4ecc-a9a4-1ce048deee7a?api-version=2025-02-11
      request-context:
      - appId=
      search-id:
      - 06c120dc-1c87-4ecc-a9a4-1ce048deee7a
      strict-transport-security:
      - max-age=31536000;includeSubDomains
      x-azure-ref:
      - 20250325T064847Z-r17969bbdd5wbdmchC1YVRhx740000000zd0000000004cup
      x-cache:
      - CONFIG_NOCACHE
      x-processing-time:
      - 2921ms
    status:
      code: 202
      message: Accepted
- request:
    body: null
    headers:
      Accept:
      - '*/*'
      Accept-Encoding:
      - gzip, deflate
      Connection:
      - keep-alive
      User-Agent:
      - azsdk-python-communication-phonenumbers/1.2.0 Python/3.9.13 (Windows-10-10.0.26100-SP0)
      x-ms-content-sha256:
      - 47DEQpj8HBSa+/TImW+5JCeuQeRkm5NMpJWZG3hSuFU=
      x-ms-date:
      - Tue, 25 Mar 2025 06:48:49 GMT
      x-ms-return-client-request-id:
      - 'true'
    method: GET
    uri: https://sanitized.communication.azure.com/phoneNumbers/operations/search_06c120dc-1c87-4ecc-a9a4-1ce048deee7a?api-version=2025-02-11
  response:
    body:
      string: '{"operationType": "search", "status": "notStarted", "resourceLocation":
        "/availablePhoneNumbers/searchResults/06c120dc-1c87-4ecc-a9a4-1ce048deee7a?api-version=2025-02-11",
        "createdDateTime": "2025-03-25T06:48:49.9809971+00:00", "id": "sanitized",
        "lastActionDateTime": "0001-01-01T00:00:00+00:00"}'
    headers:
      access-control-expose-headers:
      - Location
      api-supported-versions:
      - 2021-03-07, 2022-01-11-preview2, 2022-06-01-preview, 2022-11-15-preview, 2022-12-01,
        2022-12-02-preview2, 2023-04-30-preview, 2023-05-01-preview, 2023-10-01-preview,
        2023-10-01-preview2, 2024-03-01-preview, 2024-04-30-preview, 2024-05-01-preview,
        2024-08-31-preview, 2025-02-11, 2025-04-01-preview, 2025-04-01, 2025-04-15-preview
      connection:
      - keep-alive
      content-type:
      - application/json; charset=utf-8
      date:
      - Tue, 25 Mar 2025 06:48:51 GMT
      location:
      - /availablePhoneNumbers/searchResults/06c120dc-1c87-4ecc-a9a4-1ce048deee7a?api-version=2025-02-11
      ms-cv:
      - a6IJfpb3eEek0usCqvUmRQ.0
      request-context:
      - appId=
      strict-transport-security:
      - max-age=31536000;includeSubDomains
      transfer-encoding:
      - chunked
      x-azure-ref:
      - 20250325T064850Z-r17969bbdd5wbdmchC1YVRhx740000000zd0000000004d55
      x-cache:
      - CONFIG_NOCACHE
      x-processing-time:
      - 293ms
    status:
      code: 200
      message: OK
    url: sanitized
- request:
    body: null
    headers:
      Accept:
      - '*/*'
      Accept-Encoding:
      - gzip, deflate
      Connection:
      - keep-alive
      User-Agent:
      - azsdk-python-communication-phonenumbers/1.2.0 Python/3.9.13 (Windows-10-10.0.26100-SP0)
      x-ms-content-sha256:
      - 47DEQpj8HBSa+/TImW+5JCeuQeRkm5NMpJWZG3hSuFU=
      x-ms-date:
      - Tue, 25 Mar 2025 06:48:51 GMT
      x-ms-return-client-request-id:
      - 'true'
    method: GET
    uri: https://sanitized.communication.azure.com/phoneNumbers/operations/search_06c120dc-1c87-4ecc-a9a4-1ce048deee7a?api-version=2025-02-11
  response:
    body:
      string: '{"operationType": "search", "status": "succeeded", "resourceLocation":
        "/availablePhoneNumbers/searchResults/06c120dc-1c87-4ecc-a9a4-1ce048deee7a?api-version=2025-02-11",
        "createdDateTime": "2025-03-25T06:48:49.9809971+00:00", "id": "sanitized",
        "lastActionDateTime": "0001-01-01T00:00:00+00:00"}'
    headers:
      access-control-expose-headers:
      - Location
      api-supported-versions:
      - 2021-03-07, 2022-01-11-preview2, 2022-06-01-preview, 2022-11-15-preview, 2022-12-01,
        2022-12-02-preview2, 2023-04-30-preview, 2023-05-01-preview, 2023-10-01-preview,
        2023-10-01-preview2, 2024-03-01-preview, 2024-04-30-preview, 2024-05-01-preview,
        2024-08-31-preview, 2025-02-11, 2025-04-01-preview, 2025-04-01, 2025-04-15-preview
      connection:
      - keep-alive
      content-type:
      - application/json; charset=utf-8
      date:
      - Tue, 25 Mar 2025 06:48:53 GMT
      location:
      - /availablePhoneNumbers/searchResults/06c120dc-1c87-4ecc-a9a4-1ce048deee7a?api-version=2025-02-11
      ms-cv:
      - Wr8gIGNnxUKyWJF++y+OTw.0
      request-context:
      - appId=
      strict-transport-security:
      - max-age=31536000;includeSubDomains
      transfer-encoding:
      - chunked
      x-azure-ref:
      - 20250325T064853Z-r17969bbdd5wbdmchC1YVRhx740000000zd0000000004db3
      x-cache:
      - CONFIG_NOCACHE
      x-processing-time:
      - 649ms
    status:
      code: 200
      message: OK
    url: sanitized
- request:
    body: null
    headers:
      Accept:
      - '*/*'
      Accept-Encoding:
      - gzip, deflate
      Connection:
      - keep-alive
      User-Agent:
      - azsdk-python-communication-phonenumbers/1.2.0 Python/3.9.13 (Windows-10-10.0.26100-SP0)
      x-ms-content-sha256:
      - 47DEQpj8HBSa+/TImW+5JCeuQeRkm5NMpJWZG3hSuFU=
      x-ms-date:
      - Tue, 25 Mar 2025 06:48:52 GMT
      x-ms-return-client-request-id:
      - 'true'
    method: GET
    uri: https://sanitized.communication.azure.com/availablePhoneNumbers/searchResults/06c120dc-1c87-4ecc-a9a4-1ce048deee7a?api-version=2025-02-11
  response:
    body:
      string: '{"searchId": "06c120dc-1c87-4ecc-a9a4-1ce048deee7a", "phoneNumbers":
        ["sanitized"], "phoneNumberType": "tollFree", "assignmentType": "application",
        "capabilities": {"calling": "inbound", "sms": "inbound+outbound"}, "cost":
        {"amount": 2.0, "currencyCode": "USD", "billingFrequency": "monthly"}, "searchExpiresBy":
        "2025-03-25T07:04:50.8578443+00:00", "error": "NoError"}'
    headers:
      accept-ranges:
      - bytes
      api-supported-versions:
      - 2021-03-07, 2022-01-11-preview2, 2022-06-01-preview, 2022-12-01, 2022-12-02-preview2,
        2023-04-30-preview, 2023-05-01-preview, 2023-10-01-preview, 2024-03-01-preview,
        2024-04-30-preview, 2024-05-01-preview, 2024-08-31-preview, 2025-02-11, 2025-04-01-preview,
        2025-04-01, 2025-04-15-preview
      connection:
      - keep-alive
      content-length:
      - '369'
      content-type:
      - application/json; charset=utf-8
      date:
      - Tue, 25 Mar 2025 06:48:54 GMT
      ms-cv:
      - Ka5TSLgpJUasknHhvCbxAA.0
      request-context:
      - appId=
      strict-transport-security:
      - max-age=31536000;includeSubDomains
      x-azure-ref:
      - 20250325T064854Z-r17969bbdd5wbdmchC1YVRhx740000000zd0000000004dd4
      x-cache:
      - CONFIG_NOCACHE
      x-processing-time:
      - 359ms
    status:
      code: 200
      message: OK
    url: sanitized
- request:
    body: '{"searchId": "06c120dc-1c87-4ecc-a9a4-1ce048deee7a"}'
    headers:
      Accept:
      - application/json
      Accept-Encoding:
      - gzip, deflate
      Connection:
      - keep-alive
      Content-Length:
      - '52'
      Content-Type:
      - application/json
      User-Agent:
      - azsdk-python-communication-phonenumbers/1.2.0 Python/3.9.13 (Windows-10-10.0.26100-SP0)
      x-ms-content-sha256:
      - 4FKNwEtQLW+JxrXU0cBGy0BBGrbF1NC2eZ0IFqMfc94=
      x-ms-date:
      - Tue, 25 Mar 2025 06:48:53 GMT
      x-ms-return-client-request-id:
      - 'true'
    method: POST
    uri: https://sanitized.communication.azure.com/availablePhoneNumbers/:purchase?api-version=2025-02-11
  response:
    body:
      string: ''
    headers:
      access-control-expose-headers:
      - Operation-Location,operation-id,purchase-id
      api-supported-versions:
      - 2021-03-07, 2022-01-11-preview2, 2022-06-01-preview, 2022-12-01, 2022-12-02-preview2,
        2023-04-30-preview, 2023-05-01-preview, 2023-10-01-preview, 2024-03-01-preview,
        2024-04-30-preview, 2024-05-01-preview, 2024-08-31-preview, 2025-02-11, 2025-04-01-preview,
        2025-04-01, 2025-04-15-preview
      connection:
      - keep-alive
      content-length:
      - '0'
      date:
      - Tue, 25 Mar 2025 06:48:57 GMT
      ms-cv:
      - QEejHv/FcU67raA77NT/wQ.0
      operation-id:
      - purchase_06c120dc-1c87-4ecc-a9a4-1ce048deee7a
      operation-location:
      - /phoneNumbers/operations/purchase_06c120dc-1c87-4ecc-a9a4-1ce048deee7a?api-version=2025-02-11
      purchase-id:
      - 06c120dc-1c87-4ecc-a9a4-1ce048deee7a
      request-context:
      - appId=
      strict-transport-security:
      - max-age=31536000;includeSubDomains
      x-azure-ref:
      - 20250325T064854Z-r17969bbdd5wbdmchC1YVRhx740000000zd0000000004de1
      x-cache:
      - CONFIG_NOCACHE
      x-processing-time:
      - 2451ms
    status:
      code: 202
      message: Accepted
- request:
    body: null
    headers:
      Accept:
      - '*/*'
      Accept-Encoding:
      - gzip, deflate
      Connection:
      - keep-alive
      User-Agent:
      - azsdk-python-communication-phonenumbers/1.2.0 Python/3.9.13 (Windows-10-10.0.26100-SP0)
      x-ms-content-sha256:
      - 47DEQpj8HBSa+/TImW+5JCeuQeRkm5NMpJWZG3hSuFU=
      x-ms-date:
      - Tue, 25 Mar 2025 06:48:55 GMT
      x-ms-return-client-request-id:
      - 'true'
    method: GET
    uri: https://sanitized.communication.azure.com/phoneNumbers/operations/purchase_06c120dc-1c87-4ecc-a9a4-1ce048deee7a?api-version=2025-02-11
  response:
    body:
      string: '{"operationType": "purchase", "status": "notStarted", "resourceLocation":
        null, "createdDateTime": "2025-03-25T06:48:49.9809971+00:00", "id": "sanitized",
        "lastActionDateTime": "0001-01-01T00:00:00+00:00"}'
    headers:
      api-supported-versions:
      - 2021-03-07, 2022-01-11-preview2, 2022-06-01-preview, 2022-11-15-preview, 2022-12-01,
        2022-12-02-preview2, 2023-04-30-preview, 2023-05-01-preview, 2023-10-01-preview,
        2023-10-01-preview2, 2024-03-01-preview, 2024-04-30-preview, 2024-05-01-preview,
        2024-08-31-preview, 2025-02-11, 2025-04-01-preview, 2025-04-01, 2025-04-15-preview
      connection:
      - keep-alive
      content-type:
      - application/json; charset=utf-8
      date:
      - Tue, 25 Mar 2025 06:48:57 GMT
      ms-cv:
      - mAu3h1xrJ0KpVn1JB2Y5VQ.0
      request-context:
      - appId=
      strict-transport-security:
      - max-age=31536000;includeSubDomains
      transfer-encoding:
      - chunked
      x-azure-ref:
      - 20250325T064857Z-r17969bbdd5wbdmchC1YVRhx740000000zd0000000004dnv
      x-cache:
      - CONFIG_NOCACHE
      x-processing-time:
      - 489ms
    status:
      code: 200
      message: OK
    url: sanitized
- request:
    body: null
    headers:
      Accept:
      - '*/*'
      Accept-Encoding:
      - gzip, deflate
      Connection:
      - keep-alive
      User-Agent:
      - azsdk-python-communication-phonenumbers/1.2.0 Python/3.9.13 (Windows-10-10.0.26100-SP0)
      x-ms-content-sha256:
      - 47DEQpj8HBSa+/TImW+5JCeuQeRkm5NMpJWZG3hSuFU=
      x-ms-date:
      - Tue, 25 Mar 2025 06:48:58 GMT
      x-ms-return-client-request-id:
      - 'true'
    method: GET
    uri: https://sanitized.communication.azure.com/phoneNumbers/operations/purchase_06c120dc-1c87-4ecc-a9a4-1ce048deee7a?api-version=2025-02-11
  response:
    body:
      string: '{"operationType": "purchase", "status": "notStarted", "resourceLocation":
        null, "createdDateTime": "2025-03-25T06:48:49.9809971+00:00", "id": "sanitized",
        "lastActionDateTime": "0001-01-01T00:00:00+00:00"}'
    headers:
      api-supported-versions:
      - 2021-03-07, 2022-01-11-preview2, 2022-06-01-preview, 2022-11-15-preview, 2022-12-01,
        2022-12-02-preview2, 2023-04-30-preview, 2023-05-01-preview, 2023-10-01-preview,
        2023-10-01-preview2, 2024-03-01-preview, 2024-04-30-preview, 2024-05-01-preview,
        2024-08-31-preview, 2025-02-11, 2025-04-01-preview, 2025-04-01, 2025-04-15-preview
      connection:
      - keep-alive
      content-type:
      - application/json; charset=utf-8
      date:
      - Tue, 25 Mar 2025 06:49:00 GMT
      ms-cv:
      - 8X3KYlczHk23RPV/YtkNKA.0
      request-context:
      - appId=
      strict-transport-security:
      - max-age=31536000;includeSubDomains
      transfer-encoding:
      - chunked
      x-azure-ref:
      - 20250325T064859Z-r17969bbdd5wbdmchC1YVRhx740000000zd0000000004dym
      x-cache:
      - CONFIG_NOCACHE
      x-processing-time:
      - 252ms
    status:
      code: 200
      message: OK
    url: sanitized
- request:
    body: null
    headers:
      Accept:
      - '*/*'
      Accept-Encoding:
      - gzip, deflate
      Connection:
      - keep-alive
      User-Agent:
      - azsdk-python-communication-phonenumbers/1.2.0 Python/3.9.13 (Windows-10-10.0.26100-SP0)
      x-ms-content-sha256:
      - 47DEQpj8HBSa+/TImW+5JCeuQeRkm5NMpJWZG3hSuFU=
      x-ms-date:
      - Tue, 25 Mar 2025 06:49:00 GMT
      x-ms-return-client-request-id:
      - 'true'
    method: GET
    uri: https://sanitized.communication.azure.com/phoneNumbers/operations/purchase_06c120dc-1c87-4ecc-a9a4-1ce048deee7a?api-version=2025-02-11
  response:
    body:
      string: '{"operationType": "purchase", "status": "notStarted", "resourceLocation":
        null, "createdDateTime": "2025-03-25T06:48:49.9809971+00:00", "id": "sanitized",
        "lastActionDateTime": "0001-01-01T00:00:00+00:00"}'
    headers:
      api-supported-versions:
      - 2021-03-07, 2022-01-11-preview2, 2022-06-01-preview, 2022-11-15-preview, 2022-12-01,
        2022-12-02-preview2, 2023-04-30-preview, 2023-05-01-preview, 2023-10-01-preview,
        2023-10-01-preview2, 2024-03-01-preview, 2024-04-30-preview, 2024-05-01-preview,
        2024-08-31-preview, 2025-02-11, 2025-04-01-preview, 2025-04-01, 2025-04-15-preview
      connection:
      - keep-alive
      content-type:
      - application/json; charset=utf-8
      date:
      - Tue, 25 Mar 2025 06:49:02 GMT
      ms-cv:
      - rKv5NB/euE+lijbwQCyPNQ.0
      request-context:
      - appId=
      strict-transport-security:
      - max-age=31536000;includeSubDomains
      transfer-encoding:
      - chunked
      x-azure-ref:
      - 20250325T064902Z-r17969bbdd5wbdmchC1YVRhx740000000zd0000000004e5g
      x-cache:
      - CONFIG_NOCACHE
      x-processing-time:
      - 219ms
    status:
      code: 200
      message: OK
    url: sanitized
- request:
    body: null
    headers:
      Accept:
      - '*/*'
      Accept-Encoding:
      - gzip, deflate
      Connection:
      - keep-alive
      User-Agent:
      - azsdk-python-communication-phonenumbers/1.2.0 Python/3.9.13 (Windows-10-10.0.26100-SP0)
      x-ms-content-sha256:
      - 47DEQpj8HBSa+/TImW+5JCeuQeRkm5NMpJWZG3hSuFU=
      x-ms-date:
      - Tue, 25 Mar 2025 06:49:03 GMT
      x-ms-return-client-request-id:
      - 'true'
    method: GET
    uri: https://sanitized.communication.azure.com/phoneNumbers/operations/purchase_06c120dc-1c87-4ecc-a9a4-1ce048deee7a?api-version=2025-02-11
  response:
    body:
      string: '{"operationType": "purchase", "status": "notStarted", "resourceLocation":
        null, "createdDateTime": "2025-03-25T06:48:49.9809971+00:00", "id": "sanitized",
        "lastActionDateTime": "0001-01-01T00:00:00+00:00"}'
    headers:
      api-supported-versions:
      - 2021-03-07, 2022-01-11-preview2, 2022-06-01-preview, 2022-11-15-preview, 2022-12-01,
        2022-12-02-preview2, 2023-04-30-preview, 2023-05-01-preview, 2023-10-01-preview,
        2023-10-01-preview2, 2024-03-01-preview, 2024-04-30-preview, 2024-05-01-preview,
        2024-08-31-preview, 2025-02-11, 2025-04-01-preview, 2025-04-01, 2025-04-15-preview
      connection:
      - keep-alive
      content-type:
      - application/json; charset=utf-8
      date:
      - Tue, 25 Mar 2025 06:49:04 GMT
      ms-cv:
      - 7yWm6R7Kp0m33hpweV638A.0
      request-context:
      - appId=
      strict-transport-security:
      - max-age=31536000;includeSubDomains
      transfer-encoding:
      - chunked
      x-azure-ref:
      - 20250325T064904Z-r17969bbdd5wbdmchC1YVRhx740000000zd0000000004ebq
      x-cache:
      - CONFIG_NOCACHE
      x-processing-time:
      - 407ms
    status:
      code: 200
      message: OK
    url: sanitized
- request:
    body: null
    headers:
      Accept:
      - '*/*'
      Accept-Encoding:
      - gzip, deflate
      Connection:
      - keep-alive
      User-Agent:
      - azsdk-python-communication-phonenumbers/1.2.0 Python/3.9.13 (Windows-10-10.0.26100-SP0)
      x-ms-content-sha256:
      - 47DEQpj8HBSa+/TImW+5JCeuQeRkm5NMpJWZG3hSuFU=
      x-ms-date:
      - Tue, 25 Mar 2025 06:49:05 GMT
      x-ms-return-client-request-id:
      - 'true'
    method: GET
    uri: https://sanitized.communication.azure.com/phoneNumbers/operations/purchase_06c120dc-1c87-4ecc-a9a4-1ce048deee7a?api-version=2025-02-11
  response:
    body:
      string: '{"operationType": "purchase", "status": "notStarted", "resourceLocation":
        null, "createdDateTime": "2025-03-25T06:48:49.9809971+00:00", "id": "sanitized",
        "lastActionDateTime": "0001-01-01T00:00:00+00:00"}'
    headers:
      api-supported-versions:
      - 2021-03-07, 2022-01-11-preview2, 2022-06-01-preview, 2022-11-15-preview, 2022-12-01,
        2022-12-02-preview2, 2023-04-30-preview, 2023-05-01-preview, 2023-10-01-preview,
        2023-10-01-preview2, 2024-03-01-preview, 2024-04-30-preview, 2024-05-01-preview,
        2024-08-31-preview, 2025-02-11, 2025-04-01-preview, 2025-04-01, 2025-04-15-preview
      connection:
      - keep-alive
      content-type:
      - application/json; charset=utf-8
      date:
      - Tue, 25 Mar 2025 06:49:07 GMT
      ms-cv:
      - 9L1hVvdbqU6S7zkujV7chA.0
      request-context:
      - appId=
      strict-transport-security:
      - max-age=31536000;includeSubDomains
      transfer-encoding:
      - chunked
      x-azure-ref:
      - 20250325T064907Z-r17969bbdd5wbdmchC1YVRhx740000000zd0000000004ekb
      x-cache:
      - CONFIG_NOCACHE
      x-processing-time:
      - 270ms
    status:
      code: 200
      message: OK
    url: sanitized
- request:
    body: null
    headers:
      Accept:
      - '*/*'
      Accept-Encoding:
      - gzip, deflate
      Connection:
      - keep-alive
      User-Agent:
      - azsdk-python-communication-phonenumbers/1.2.0 Python/3.9.13 (Windows-10-10.0.26100-SP0)
      x-ms-content-sha256:
      - 47DEQpj8HBSa+/TImW+5JCeuQeRkm5NMpJWZG3hSuFU=
      x-ms-date:
      - Tue, 25 Mar 2025 06:49:08 GMT
      x-ms-return-client-request-id:
      - 'true'
    method: GET
    uri: https://sanitized.communication.azure.com/phoneNumbers/operations/purchase_06c120dc-1c87-4ecc-a9a4-1ce048deee7a?api-version=2025-02-11
  response:
    body:
      string: '{"operationType": "purchase", "status": "notStarted", "resourceLocation":
        null, "createdDateTime": "2025-03-25T06:48:49.9809971+00:00", "id": "sanitized",
        "lastActionDateTime": "0001-01-01T00:00:00+00:00"}'
    headers:
      api-supported-versions:
      - 2021-03-07, 2022-01-11-preview2, 2022-06-01-preview, 2022-11-15-preview, 2022-12-01,
        2022-12-02-preview2, 2023-04-30-preview, 2023-05-01-preview, 2023-10-01-preview,
        2023-10-01-preview2, 2024-03-01-preview, 2024-04-30-preview, 2024-05-01-preview,
        2024-08-31-preview, 2025-02-11, 2025-04-01-preview, 2025-04-01, 2025-04-15-preview
      connection:
      - keep-alive
      content-type:
      - application/json; charset=utf-8
      date:
      - Tue, 25 Mar 2025 06:49:09 GMT
      ms-cv:
      - jf+lUvHCGkqYr8qmywiNKQ.0
      request-context:
      - appId=
      strict-transport-security:
      - max-age=31536000;includeSubDomains
      transfer-encoding:
      - chunked
      x-azure-ref:
      - 20250325T064909Z-r17969bbdd5wbdmchC1YVRhx740000000zd0000000004etv
      x-cache:
      - CONFIG_NOCACHE
      x-processing-time:
      - 264ms
    status:
      code: 200
      message: OK
    url: sanitized
- request:
    body: null
    headers:
      Accept:
      - '*/*'
      Accept-Encoding:
      - gzip, deflate
      Connection:
      - keep-alive
      User-Agent:
      - azsdk-python-communication-phonenumbers/1.2.0 Python/3.9.13 (Windows-10-10.0.26100-SP0)
      x-ms-content-sha256:
      - 47DEQpj8HBSa+/TImW+5JCeuQeRkm5NMpJWZG3hSuFU=
      x-ms-date:
      - Tue, 25 Mar 2025 06:49:10 GMT
      x-ms-return-client-request-id:
      - 'true'
    method: GET
    uri: https://sanitized.communication.azure.com/phoneNumbers/operations/purchase_06c120dc-1c87-4ecc-a9a4-1ce048deee7a?api-version=2025-02-11
  response:
    body:
      string: '{"operationType": "purchase", "status": "succeeded", "resourceLocation":
        null, "createdDateTime": "2025-03-25T06:48:49.9809971+00:00", "id": "sanitized",
        "lastActionDateTime": "0001-01-01T00:00:00+00:00"}'
    headers:
      api-supported-versions:
      - 2021-03-07, 2022-01-11-preview2, 2022-06-01-preview, 2022-11-15-preview, 2022-12-01,
        2022-12-02-preview2, 2023-04-30-preview, 2023-05-01-preview, 2023-10-01-preview,
        2023-10-01-preview2, 2024-03-01-preview, 2024-04-30-preview, 2024-05-01-preview,
        2024-08-31-preview, 2025-02-11, 2025-04-01-preview, 2025-04-01, 2025-04-15-preview
      connection:
      - keep-alive
      content-type:
      - application/json; charset=utf-8
      date:
      - Tue, 25 Mar 2025 06:49:12 GMT
      ms-cv:
      - XSzEHsXcCUW1VCv8UoMjCw.0
      request-context:
      - appId=
      strict-transport-security:
      - max-age=31536000;includeSubDomains
      transfer-encoding:
      - chunked
      x-azure-ref:
      - 20250325T064911Z-r17969bbdd5wbdmchC1YVRhx740000000zd0000000004eza
      x-cache:
      - CONFIG_NOCACHE
      x-processing-time:
      - 218ms
    status:
      code: 200
      message: OK
    url: sanitized
- request:
    body: null
    headers:
      Accept:
      - application/json
      Accept-Encoding:
      - gzip, deflate
      Connection:
      - keep-alive
      User-Agent:
      - AzureCli/1.11.2 azsdk-python-communication-phonenumbers/1.2.0 Python/3.9.13
        (Windows-10-10.0.26100-SP0)
      x-ms-content-sha256:
      - 47DEQpj8HBSa+/TImW+5JCeuQeRkm5NMpJWZG3hSuFU=
      x-ms-date:
      - Tue, 25 Mar 2025 06:49:11 GMT
      x-ms-return-client-request-id:
      - 'true'
    method: GET
    uri: https://sanitized.communication.azure.com/phoneNumbers/sanitized?api-version=2025-02-11
  response:
    body:
      string: '{"id": "sanitized", "phoneNumber": "sanitized", "countryCode": "US",
        "phoneNumberType": "tollFree", "capabilities": {"calling": "inbound", "sms":
        "inbound+outbound"}, "assignmentType": "application", "purchaseDate": "2025-03-25T06:49:09.8023061+00:00",
        "cost": {"amount": 2.0, "currencyCode": "USD", "billingFrequency": "monthly"}}'
    headers:
      accept-ranges:
      - bytes
      api-supported-versions:
      - 2021-03-07, 2022-01-11-preview2, 2022-06-01-preview, 2022-12-01, 2022-12-02-preview2,
        2023-04-30-preview, 2023-05-01-preview, 2023-10-01-preview, 2024-03-01-preview,
        2024-04-30-preview, 2024-05-01-preview, 2024-08-31-preview, 2025-02-11, 2025-04-01-preview,
        2025-04-01, 2025-04-15-preview
      connection:
      - keep-alive
      content-length:
      - '331'
      content-type:
      - application/json; charset=utf-8
      date:
      - Tue, 25 Mar 2025 06:49:13 GMT
      ms-cv:
      - o/5xVTKi4EiK2s/hKMkc6w.0
      request-context:
      - appId=
      strict-transport-security:
      - max-age=31536000;includeSubDomains
      x-azure-ref:
      - 20250325T064912Z-r17969bbdd5mq45mhC1YVR41uw0000000mxg000000004kdr
      x-cache:
      - CONFIG_NOCACHE
      x-processing-time:
      - 409ms
    status:
      code: 200
      message: OK
    url: sanitized
version: 1
