interactions:
- request:
    body: '{"phoneNumberType": "tollFree", "assignmentType": "application", "capabilities":
      {"calling": "inbound", "sms": "inbound+outbound"}}'
    headers:
      Accept:
      - application/json
      Accept-Encoding:
      - gzip, deflate
      Connection:
      - keep-alive
      Content-Length:
      - '131'
      Content-Type:
      - application/json
      Date:
      - Tue, 16 Aug 2022 08:47:45 GMT
      User-Agent:
      - azsdk-python-communication-phonenumbers/1.0.1 Python/3.8.10 (Windows-10-10.0.19044-SP0)
      x-ms-content-sha256:
      - ecyowPPqS6i2jEjg4ZPaHAki9yDR8IHa8lF+VXRefVM=
      x-ms-return-client-request-id:
      - 'true'
    method: POST
    uri: https://sanitized.communication.azure.com/availablePhoneNumbers/countries/US/:search?api-version=2021-03-07
  response:
    body:
      string: ''
    headers:
      access-control-expose-headers:
      - Location,Operation-Location,operation-id,search-id
      api-supported-versions:
      - 2021-03-07, 2022-01-11-preview2, 2022-06-01-preview, 2022-12-01
      connection:
      - keep-alive
      content-length:
      - '0'
      date:
      - Tue, 16 Aug 2022 08:47:50 GMT
      location:
      - /availablePhoneNumbers/searchResults/9a7c05e6-4523-4118-aef9-1f8e2b2c0f82?api-version=2021-03-07
      ms-cv:
      - 8AHEI1LBd0WPzkmRkYYfvA.0
      operation-id:
      - search_9a7c05e6-4523-4118-aef9-1f8e2b2c0f82
      operation-location:
      - /phoneNumbers/operations/search_9a7c05e6-4523-4118-aef9-1f8e2b2c0f82?api-version=2021-03-07
      search-id:
      - 9a7c05e6-4523-4118-aef9-1f8e2b2c0f82
      strict-transport-security:
      - max-age=2592000
      x-azure-ref:
      - 20220816T084747Z-zvdmwacghh4c97ggppewnyshxn00000000fg000000014fh2
      x-cache:
      - CONFIG_NOCACHE
      x-processing-time:
      - 2636ms
    status:
      code: 202
      message: Accepted
- request:
    body: null
    headers:
      Accept:
      - '*/*'
      Accept-Encoding:
      - gzip, deflate
      Connection:
      - keep-alive
      Date:
      - Tue, 16 Aug 2022 08:48:18 GMT
      User-Agent:
      - azsdk-python-communication-phonenumbers/1.0.1 Python/3.8.10 (Windows-10-10.0.19044-SP0)
      x-ms-content-sha256:
      - 47DEQpj8HBSa+/TImW+5JCeuQeRkm5NMpJWZG3hSuFU=
      x-ms-return-client-request-id:
      - 'true'
    method: GET
    uri: https://sanitized.communication.azure.com/phoneNumbers/operations/search_9a7c05e6-4523-4118-aef9-1f8e2b2c0f82?api-version=2021-03-07
  response:
    body:
      string: '{"operationType": "search", "status": "succeeded", "resourceLocation":
        "/availablePhoneNumbers/searchResults/9a7c05e6-4523-4118-aef9-1f8e2b2c0f82?api-version=2021-03-07",
        "createdDateTime": "2022-08-16T08:47:49.7690904+00:00", "id": "sanitized",
        "lastActionDateTime": "0001-01-01T00:00:00+00:00"}'
    headers:
      access-control-expose-headers:
      - Location
      api-supported-versions:
      - 2021-03-07, 2022-01-11-preview2, 2022-06-01-preview, 2022-12-01
      connection:
      - keep-alive
      content-type:
      - application/json; charset=utf-8
      date:
      - Tue, 16 Aug 2022 08:48:20 GMT
      location:
      - /availablePhoneNumbers/searchResults/9a7c05e6-4523-4118-aef9-1f8e2b2c0f82?api-version=2021-03-07
      ms-cv:
      - CjX6vZ4pTUGkjo+UlnkjmA.0
      strict-transport-security:
      - max-age=2592000
      transfer-encoding:
      - chunked
      x-azure-ref:
      - 20220816T084820Z-zvdmwacghh4c97ggppewnyshxn00000000fg000000014pqv
      x-cache:
      - CONFIG_NOCACHE
      x-processing-time:
      - 369ms
    status:
      code: 200
      message: OK
    url: sanitized
- request:
    body: null
    headers:
      Accept:
      - '*/*'
      Accept-Encoding:
      - gzip, deflate
      Connection:
      - keep-alive
      Date:
      - Tue, 16 Aug 2022 08:48:19 GMT
      User-Agent:
      - azsdk-python-communication-phonenumbers/1.0.1 Python/3.8.10 (Windows-10-10.0.19044-SP0)
      x-ms-content-sha256:
      - 47DEQpj8HBSa+/TImW+5JCeuQeRkm5NMpJWZG3hSuFU=
      x-ms-return-client-request-id:
      - 'true'
    method: GET
    uri: https://sanitized.communication.azure.com/availablePhoneNumbers/searchResults/9a7c05e6-4523-4118-aef9-1f8e2b2c0f82?api-version=2021-03-07
  response:
    body:
      string: '{"searchId": "9a7c05e6-4523-4118-aef9-1f8e2b2c0f82", "phoneNumbers":
        ["sanitized"], "phoneNumberType": "tollFree", "assignmentType": "application",
        "capabilities": {"calling": "inbound", "sms": "inbound+outbound"}, "cost":
        {"amount": 2.0, "currencyCode": "USD", "billingFrequency": "monthly"}, "searchExpiresBy":
        "2022-08-16T09:03:52.3052128+00:00"}'
    headers:
      api-supported-versions:
      - 2021-03-07, 2022-01-11-preview2, 2022-06-01-preview, 2022-12-01
      connection:
      - keep-alive
      content-type:
      - application/json; charset=utf-8
      date:
      - Tue, 16 Aug 2022 08:48:22 GMT
      ms-cv:
      - hFwcb393K0ixk1BSrBAWaw.0
      strict-transport-security:
      - max-age=2592000
      transfer-encoding:
      - chunked
      x-azure-ref:
      - 20220816T084820Z-zvdmwacghh4c97ggppewnyshxn00000000fg000000014pub
      x-cache:
      - CONFIG_NOCACHE
      x-processing-time:
      - 1618ms
    status:
      code: 200
      message: OK
    url: sanitized
- request:
    body: '{"searchId": "9a7c05e6-4523-4118-aef9-1f8e2b2c0f82"}'
    headers:
      Accept:
      - application/json
      Accept-Encoding:
      - gzip, deflate
      Connection:
      - keep-alive
      Content-Length:
      - '52'
      Content-Type:
      - application/json
      Date:
      - Tue, 16 Aug 2022 08:48:21 GMT
      User-Agent:
      - azsdk-python-communication-phonenumbers/1.0.1 Python/3.8.10 (Windows-10-10.0.19044-SP0)
      x-ms-content-sha256:
      - yRpDZz70teXwV0ivwO4n0XsCuwWm45iX9iaTd9YtLCM=
      x-ms-return-client-request-id:
      - 'true'
    method: POST
    uri: https://sanitized.communication.azure.com/availablePhoneNumbers/:purchase?api-version=2021-03-07
  response:
    body:
      string: ''
    headers:
      access-control-expose-headers:
      - Operation-Location,operation-id,purchase-id
      api-supported-versions:
      - 2021-03-07, 2022-01-11-preview2, 2022-06-01-preview, 2022-12-01
      connection:
      - keep-alive
      content-length:
      - '0'
      date:
      - Tue, 16 Aug 2022 08:48:24 GMT
      ms-cv:
      - gDU6ZzytG0+mb/HAxu9rwQ.0
      operation-id:
      - purchase_9a7c05e6-4523-4118-aef9-1f8e2b2c0f82
      operation-location:
      - /phoneNumbers/operations/purchase_9a7c05e6-4523-4118-aef9-1f8e2b2c0f82?api-version=2021-03-07
      purchase-id:
      - 9a7c05e6-4523-4118-aef9-1f8e2b2c0f82
      strict-transport-security:
      - max-age=2592000
      x-azure-ref:
      - 20220816T084822Z-zvdmwacghh4c97ggppewnyshxn00000000fg000000014q5q
      x-cache:
      - CONFIG_NOCACHE
      x-processing-time:
      - 1915ms
    status:
      code: 202
      message: Accepted
- request:
    body: null
    headers:
      Accept:
      - '*/*'
      Accept-Encoding:
      - gzip, deflate
      Connection:
      - keep-alive
      Date:
      - Tue, 16 Aug 2022 08:48:53 GMT
      User-Agent:
      - azsdk-python-communication-phonenumbers/1.0.1 Python/3.8.10 (Windows-10-10.0.19044-SP0)
      x-ms-content-sha256:
      - 47DEQpj8HBSa+/TImW+5JCeuQeRkm5NMpJWZG3hSuFU=
      x-ms-return-client-request-id:
      - 'true'
    method: GET
    uri: https://sanitized.communication.azure.com/phoneNumbers/operations/purchase_9a7c05e6-4523-4118-aef9-1f8e2b2c0f82?api-version=2021-03-07
  response:
    body:
      string: '{"operationType": "purchase", "status": "succeeded", "resourceLocation":
        null, "createdDateTime": "2022-08-16T08:47:49.7690904+00:00", "id": "sanitized",
        "lastActionDateTime": "0001-01-01T00:00:00+00:00"}'
    headers:
      api-supported-versions:
      - 2021-03-07, 2022-01-11-preview2, 2022-06-01-preview, 2022-12-01
      connection:
      - keep-alive
      content-type:
      - application/json; charset=utf-8
      date:
      - Tue, 16 Aug 2022 08:48:54 GMT
      ms-cv:
      - 1g3vHr+RqEGGWXJNIBrkvQ.0
      strict-transport-security:
      - max-age=2592000
      transfer-encoding:
      - chunked
      x-azure-ref:
      - 20220816T084854Z-zvdmwacghh4c97ggppewnyshxn00000000fg000000014v6c
      x-cache:
      - CONFIG_NOCACHE
      x-processing-time:
      - 329ms
    status:
      code: 200
      message: OK
    url: sanitized
- request:
    body: null
    headers:
      Accept:
      - application/json
      Accept-Encoding:
      - gzip, deflate
      Connection:
      - keep-alive
      Date:
      - Tue, 16 Aug 2022 08:48:53 GMT
      User-Agent:
      - azsdk-python-communication-phonenumbers/1.0.1 Python/3.8.10 (Windows-10-10.0.19044-SP0)
      x-ms-content-sha256:
      - 47DEQpj8HBSa+/TImW+5JCeuQeRkm5NMpJWZG3hSuFU=
      x-ms-return-client-request-id:
      - 'true'
    method: GET
    uri: https://sanitized.communication.azure.com/phoneNumbers?skip=0&top=100&api-version=2021-03-07
  response:
    body:
      string: '{"phoneNumbers": [{"id": "sanitized", "phoneNumber": "sanitized", "countryCode":
        "US", "phoneNumberType": "tollFree", "capabilities": {"calling": "inbound",
        "sms": "inbound+outbound"}, "assignmentType": "application", "purchaseDate":
        "2022-08-16T08:48:40.8917946+00:00", "cost": {"amount": 2.0, "currencyCode":
        "USD", "billingFrequency": "monthly"}}]}'
    headers:
      api-supported-versions:
      - 2021-03-07, 2022-01-11-preview2, 2022-06-01-preview, 2022-12-01
      connection:
      - keep-alive
      content-type:
      - application/json; charset=utf-8
      date:
      - Tue, 16 Aug 2022 08:48:59 GMT
      ms-cv:
      - hwCTAk+VrECNI3Cw0O/myA.0
      strict-transport-security:
      - max-age=2592000
      transfer-encoding:
      - chunked
      x-azure-ref:
      - 20220816T084855Z-zvdmwacghh4c97ggppewnyshxn00000000fg00000001mm59
      x-cache:
      - CONFIG_NOCACHE
      x-processing-time:
      - 4372ms
    status:
      code: 200
      message: OK
    url: sanitized
version: 1
