interactions:
- request:
    body: '{"createTokenWithScopes": ["chat"], "expiresInMinutes": null}'
    headers:
      Accept:
      - application/json
      Accept-Encoding:
      - gzip, deflate
      Connection:
      - keep-alive
      Content-Length:
      - '61'
      Content-Type:
      - application/json
      User-Agent:
<<<<<<< HEAD
      - AzureCli/1.7.0b1 azsdk-python-communication-identity/1.3.1 Python/3.10.11
        (Windows-10-10.0.22621-SP0)
      x-ms-content-sha256:
      - RgFKX8sq6gKDc377EdeILf3jgzCijxLOR8s04qluHkc=
      x-ms-date:
      - Fri, 07 Jul 2023 01:57:19 GMT
=======
      - AzureCli/2.0.0 azsdk-python-communication-identity/1.3.1 Python/3.10.7 (Windows-10-10.0.22621-SP0)
      x-ms-content-sha256:
      - RgFKX8sq6gKDc377EdeILf3jgzCijxLOR8s04qluHkc=
      x-ms-date:
<<<<<<< HEAD
<<<<<<< HEAD
      - Fri, 23 Jun 2023 17:15:11 GMT
>>>>>>> ddcd2202f (Adding test recordings)
=======
      - Tue, 04 Jul 2023 23:39:07 GMT
>>>>>>> 7c5b674c0 (Reran tests)
=======
      - Wed, 05 Jul 2023 18:19:55 GMT
>>>>>>> 6a8169d18 (Updated rooms version for tests)
      x-ms-return-client-request-id:
      - 'true'
    method: POST
    uri: https://sanitized.communication.azure.com/identities?api-version=2022-10-01
  response:
    body:
      string: '{"identity": {"id": "sanitized"}, "accessToken": {"token": "sanitized",
<<<<<<< HEAD
<<<<<<< HEAD
<<<<<<< HEAD
        "expiresOn": "2023-07-08T01:57:19.030344+00:00"}}'
=======
        "expiresOn": "2023-06-24T17:15:11.5164308+00:00"}}'
>>>>>>> ddcd2202f (Adding test recordings)
=======
        "expiresOn": "2023-07-05T23:39:07.5441156+00:00"}}'
>>>>>>> 7c5b674c0 (Reran tests)
=======
        "expiresOn": "2023-07-06T18:19:55.7617101+00:00"}}'
>>>>>>> 6a8169d18 (Updated rooms version for tests)
    headers:
      api-supported-versions:
      - 2020-07-20-preview2, 2021-02-22-preview1, 2021-03-07, 2021-10-31-preview,
        2021-11-01, 2022-06-01, 2022-10-01, 2023-08-01
      content-length:
      - '121'
      content-type:
      - application/json; charset=utf-8
      date:
<<<<<<< HEAD
<<<<<<< HEAD
<<<<<<< HEAD
      - Fri, 07 Jul 2023 01:57:18 GMT
      ms-cv:
      - 2JvzKJwyJ0KE0zdboRtcRw.0
=======
      - Fri, 23 Jun 2023 17:15:11 GMT
      ms-cv:
      - IlhohfCo3UK1M1Z8EPxIKg.0
>>>>>>> ddcd2202f (Adding test recordings)
=======
      - Tue, 04 Jul 2023 23:39:06 GMT
      ms-cv:
      - MS4nwBNswECVRA9OYbLUjg.0
>>>>>>> 7c5b674c0 (Reran tests)
=======
      - Wed, 05 Jul 2023 18:19:55 GMT
      ms-cv:
      - v35772FEwkaQQXIwUjzopA.0
>>>>>>> 6a8169d18 (Updated rooms version for tests)
      request-context:
      - appId=
      strict-transport-security:
      - max-age=2592000
      x-azure-ref:
<<<<<<< HEAD
<<<<<<< HEAD
<<<<<<< HEAD
      - 0/nCnZAAAAABFj18ycCWIRqb9Op6pl5DsWVZSMzExMDAwMTE1MDQ5ADlmYzdiNTE5LWE4Y2MtNGY4OS05MzVlLWM5MTQ4YWUwOWU4MQ==
      x-cache:
      - CONFIG_NOCACHE
      x-processing-time:
      - 108ms
=======
      - 0H9OVZAAAAACqmguGDyXJTLM8Mj21E4FHWVZSMzExMDAwMTE1MDA5ADlmYzdiNTE5LWE4Y2MtNGY4OS05MzVlLWM5MTQ4YWUwOWU4MQ==
      x-cache:
      - CONFIG_NOCACHE
      x-processing-time:
      - 105ms
>>>>>>> ddcd2202f (Adding test recordings)
=======
      - 0m62kZAAAAAB8MIPIv+oOQJIVy+RaQGcKWVZSMzExMDAwMTE1MDUzADlmYzdiNTE5LWE4Y2MtNGY4OS05MzVlLWM5MTQ4YWUwOWU4MQ==
      x-cache:
      - CONFIG_NOCACHE
      x-processing-time:
      - 101ms
>>>>>>> 7c5b674c0 (Reran tests)
=======
      - 0S7SlZAAAAACwPftctJDAQJBBB223XvVdWVZSMzExMDAwMTE1MDQ5ADlmYzdiNTE5LWE4Y2MtNGY4OS05MzVlLWM5MTQ4YWUwOWU4MQ==
      x-cache:
      - CONFIG_NOCACHE
      x-processing-time:
      - 114ms
>>>>>>> 6a8169d18 (Updated rooms version for tests)
    status:
      code: 201
      message: Created
- request:
    body: '{"topic": "thread-topic", "participants": []}'
    headers:
      Accept:
      - application/json
      Accept-Encoding:
      - gzip, deflate
      Connection:
      - keep-alive
      Content-Length:
      - '45'
      Content-Type:
      - application/json
      User-Agent:
<<<<<<< HEAD
      - AzureCli/1.7.0b1 azsdk-python-communication-chat/1.1.0 Python/3.10.11 (Windows-10-10.0.22621-SP0)
      repeatability-request-id:
      - 2141d571-f710-4bb3-a7cb-27a66bd54652
=======
      - AzureCli/2.0.0 azsdk-python-communication-chat/1.1.0 Python/3.10.7 (Windows-10-10.0.22621-SP0)
      repeatability-request-id:
<<<<<<< HEAD
<<<<<<< HEAD
      - cc7d2bd8-06e1-4571-ae46-e2fcabe468b5
>>>>>>> ddcd2202f (Adding test recordings)
=======
      - 0571cd8d-bb30-4093-8435-c4d160665b79
>>>>>>> 7c5b674c0 (Reran tests)
=======
      - 4f2f6abc-c3eb-49e2-9f38-a49dda9bf561
>>>>>>> 6a8169d18 (Updated rooms version for tests)
    method: POST
    uri: https://sanitized.communication.azure.com/chat/threads?api-version=2021-09-07
  response:
    body:
      string: '{"chatThread": {"id": "sanitized", "topic": "thread-topic", "createdOn":
<<<<<<< HEAD
<<<<<<< HEAD
<<<<<<< HEAD
        "2023-07-07T01:57:19Z", "createdByCommunicationIdentifier": {"rawId": "sanitized",
=======
        "2023-06-23T17:15:12Z", "createdByCommunicationIdentifier": {"rawId": "sanitized",
>>>>>>> ddcd2202f (Adding test recordings)
=======
        "2023-07-04T23:39:07Z", "createdByCommunicationIdentifier": {"rawId": "sanitized",
>>>>>>> 7c5b674c0 (Reran tests)
=======
        "2023-07-05T18:19:56Z", "createdByCommunicationIdentifier": {"rawId": "sanitized",
>>>>>>> 6a8169d18 (Updated rooms version for tests)
        "communicationUser": {"id": "sanitized"}}}}'
    headers:
      api-supported-versions:
      - 2021-03-07, 2021-04-05-preview6, 2021-09-07, 2023-04-01-preview, 2023-07-01-preview
      content-length:
      - '199'
      content-type:
      - application/json; charset=utf-8
      date:
<<<<<<< HEAD
<<<<<<< HEAD
<<<<<<< HEAD
      - Fri, 07 Jul 2023 01:57:19 GMT
      location:
      - https://clitest000002.communication.azure.com/chat/threads/19%3AMQIciU3NyFturR76R8dSgjq4M2OK-B8r6Z-5-pRxBIc1@thread.v2
      ms-cv:
      - 3aLdLMoqsUilo5jtNSF1+w.0
      strict-transport-security:
      - max-age=2592000
      x-azure-ref:
      - 0/3CnZAAAAAB0xP4S8WLoSLFRctk3yfk0WVZSMzExMDAwMTE1MDM1ADlmYzdiNTE5LWE4Y2MtNGY4OS05MzVlLWM5MTQ4YWUwOWU4MQ==
      x-cache:
      - CONFIG_NOCACHE
      x-processing-time:
      - 576ms
=======
      - Fri, 23 Jun 2023 17:15:12 GMT
=======
      - Tue, 04 Jul 2023 23:39:07 GMT
>>>>>>> 7c5b674c0 (Reran tests)
=======
      - Wed, 05 Jul 2023 18:19:56 GMT
>>>>>>> 6a8169d18 (Updated rooms version for tests)
      location:
      - https://clitest000002.communication.azure.com/chat/threads/19%3AqboZC76ogghDNwZ7ivD_BYhGlq7Mz3E09rXWvydXuR81@thread.v2
      ms-cv:
      - qcgibpdz4kON8WrX5VmOZw.0
      strict-transport-security:
      - max-age=2592000
      x-azure-ref:
      - 0TLSlZAAAAAA8uevmD/FaQ6l29/eciU/kWVZSMzExMDAwMTE1MDQ5ADlmYzdiNTE5LWE4Y2MtNGY4OS05MzVlLWM5MTQ4YWUwOWU4MQ==
      x-cache:
      - CONFIG_NOCACHE
      x-processing-time:
<<<<<<< HEAD
<<<<<<< HEAD
      - 454ms
>>>>>>> ddcd2202f (Adding test recordings)
=======
      - 821ms
>>>>>>> 7c5b674c0 (Reran tests)
=======
      - 369ms
>>>>>>> 6a8169d18 (Updated rooms version for tests)
    status:
      code: 201
      message: Created
- request:
    body: null
    headers:
      Accept:
      - application/json
      Accept-Encoding:
      - gzip, deflate
      Connection:
      - keep-alive
      User-Agent:
<<<<<<< HEAD
      - azsdk-python-communication-chat/1.1.0 Python/3.10.11 (Windows-10-10.0.22621-SP0)
=======
      - azsdk-python-communication-chat/1.1.0 Python/3.10.7 (Windows-10-10.0.22621-SP0)
>>>>>>> ddcd2202f (Adding test recordings)
    method: GET
    uri: https://sanitized.communication.azure.com/chat/threads/sanitized/readReceipts?api-version=2021-09-07
  response:
    body:
      string: '{"value": []}'
    headers:
      api-supported-versions:
      - 2021-03-07, 2021-04-05-preview6, 2021-09-07, 2023-04-01-preview, 2023-07-01-preview
      content-length:
      - '13'
      content-type:
      - application/json; charset=utf-8
      date:
<<<<<<< HEAD
<<<<<<< HEAD
<<<<<<< HEAD
      - Fri, 07 Jul 2023 01:57:19 GMT
      ms-cv:
      - p7wePnB1JkuKqFC3raMTcg.0
      strict-transport-security:
      - max-age=2592000
      x-azure-ref:
      - 0AHGnZAAAAAAfC/pZ4lnfTZmQho1QOPq6WVZSMzExMDAwMTE1MDM5ADlmYzdiNTE5LWE4Y2MtNGY4OS05MzVlLWM5MTQ4YWUwOWU4MQ==
      x-cache:
      - CONFIG_NOCACHE
      x-processing-time:
      - 82ms
=======
      - Fri, 23 Jun 2023 17:15:12 GMT
=======
      - Tue, 04 Jul 2023 23:39:08 GMT
>>>>>>> 7c5b674c0 (Reran tests)
=======
      - Wed, 05 Jul 2023 18:19:56 GMT
>>>>>>> 6a8169d18 (Updated rooms version for tests)
      ms-cv:
      - Sx7mnJxltUyQ36Ct3HXMaA.0
      strict-transport-security:
      - max-age=2592000
      x-azure-ref:
      - 0TLSlZAAAAABEOe9aNiCxR5uAHdKIis/zWVZSMzExMDAwMTE1MDM5ADlmYzdiNTE5LWE4Y2MtNGY4OS05MzVlLWM5MTQ4YWUwOWU4MQ==
      x-cache:
      - CONFIG_NOCACHE
      x-processing-time:
<<<<<<< HEAD
<<<<<<< HEAD
      - 118ms
>>>>>>> ddcd2202f (Adding test recordings)
=======
      - 139ms
>>>>>>> 7c5b674c0 (Reran tests)
=======
      - 239ms
>>>>>>> 6a8169d18 (Updated rooms version for tests)
    status:
      code: 200
      message: OK
- request:
    body: null
    headers:
      Accept:
      - application/json
      Accept-Encoding:
      - gzip, deflate
      Connection:
      - keep-alive
      User-Agent:
<<<<<<< HEAD
      - azsdk-python-communication-chat/1.1.0 Python/3.10.11 (Windows-10-10.0.22621-SP0)
=======
      - azsdk-python-communication-chat/1.1.0 Python/3.10.7 (Windows-10-10.0.22621-SP0)
>>>>>>> ddcd2202f (Adding test recordings)
    method: GET
    uri: https://sanitized.communication.azure.com/chat/threads/sanitized/messages?api-version=2021-09-07
  response:
    body:
      string: '{"value": [{"id": "sanitized", "type": "topicUpdated", "sequenceId":
<<<<<<< HEAD
<<<<<<< HEAD
<<<<<<< HEAD
        "2", "version": "1688695039777", "content": {"topic": "thread-topic", "initiatorCommunicationIdentifier":
        {"rawId": "sanitized", "communicationUser": {"id": "sanitized"}}}, "createdOn":
        "2023-07-07T01:57:19Z"}, {"id": "sanitized", "type": "participantAdded", "sequenceId":
        "1", "version": "1688695039690", "content": {"participants": [{"communicationIdentifier":
        {"rawId": "sanitized", "communicationUser": {"id": "sanitized"}}, "shareHistoryTime":
        "1970-01-01T00:00:00Z"}], "initiatorCommunicationIdentifier": {"rawId": "sanitized",
        "communicationUser": {"id": "sanitized"}}}, "createdOn": "2023-07-07T01:57:19Z"}]}'
=======
        "2", "version": "1687540512239", "content": {"topic": "thread-topic", "initiatorCommunicationIdentifier":
=======
        "2", "version": "1688513948521", "content": {"topic": "thread-topic", "initiatorCommunicationIdentifier":
>>>>>>> 7c5b674c0 (Reran tests)
=======
        "2", "version": "1688581196391", "content": {"topic": "thread-topic", "initiatorCommunicationIdentifier":
>>>>>>> 6a8169d18 (Updated rooms version for tests)
        {"rawId": "sanitized", "communicationUser": {"id": "sanitized"}}}, "createdOn":
        "2023-07-05T18:19:56Z"}, {"id": "sanitized", "type": "participantAdded", "sequenceId":
        "1", "version": "1688581196330", "content": {"participants": [{"communicationIdentifier":
        {"rawId": "sanitized", "communicationUser": {"id": "sanitized"}}, "shareHistoryTime":
        "1970-01-01T00:00:00Z"}], "initiatorCommunicationIdentifier": {"rawId": "sanitized",
<<<<<<< HEAD
<<<<<<< HEAD
        "communicationUser": {"id": "sanitized"}}}, "createdOn": "2023-06-23T17:15:12Z"}]}'
>>>>>>> ddcd2202f (Adding test recordings)
=======
        "communicationUser": {"id": "sanitized"}}}, "createdOn": "2023-07-04T23:39:08Z"}]}'
>>>>>>> 7c5b674c0 (Reran tests)
=======
        "communicationUser": {"id": "sanitized"}}}, "createdOn": "2023-07-05T18:19:56Z"}]}'
>>>>>>> 6a8169d18 (Updated rooms version for tests)
    headers:
      api-supported-versions:
      - 2021-03-07, 2021-04-05-preview6, 2021-09-07, 2023-04-01-preview, 2023-07-01-preview
      content-length:
      - '685'
      content-type:
      - application/json; charset=utf-8
      date:
<<<<<<< HEAD
<<<<<<< HEAD
<<<<<<< HEAD
      - Fri, 07 Jul 2023 01:57:20 GMT
      ms-cv:
      - 6esJgq9t2EibtRo7RX3M5g.0
      strict-transport-security:
      - max-age=2592000
      x-azure-ref:
      - 0AHGnZAAAAAAcGd/gZ4PkQIIm4yvFHSmrWVZSMzExMDAwMTE1MDM3ADlmYzdiNTE5LWE4Y2MtNGY4OS05MzVlLWM5MTQ4YWUwOWU4MQ==
      x-cache:
      - CONFIG_NOCACHE
      x-processing-time:
      - 99ms
=======
      - Fri, 23 Jun 2023 17:15:12 GMT
=======
      - Tue, 04 Jul 2023 23:39:09 GMT
>>>>>>> 7c5b674c0 (Reran tests)
=======
      - Wed, 05 Jul 2023 18:19:56 GMT
>>>>>>> 6a8169d18 (Updated rooms version for tests)
      ms-cv:
      - qwcgX3GjykuRnkkkFilL5A.0
      strict-transport-security:
      - max-age=2592000
      x-azure-ref:
      - 0TbSlZAAAAADc4ajXH6aOTYKx0T+410UlWVZSMzExMDAwMTE1MDM5ADlmYzdiNTE5LWE4Y2MtNGY4OS05MzVlLWM5MTQ4YWUwOWU4MQ==
      x-cache:
      - CONFIG_NOCACHE
      x-processing-time:
<<<<<<< HEAD
<<<<<<< HEAD
      - 101ms
>>>>>>> ddcd2202f (Adding test recordings)
=======
      - 128ms
>>>>>>> 7c5b674c0 (Reran tests)
=======
      - 131ms
>>>>>>> 6a8169d18 (Updated rooms version for tests)
    status:
      code: 200
      message: OK
- request:
<<<<<<< HEAD
<<<<<<< HEAD
<<<<<<< HEAD
    body: '{"chatMessageId": "1688695039777"}'
=======
    body: '{"chatMessageId": "1687540512239"}'
>>>>>>> ddcd2202f (Adding test recordings)
=======
    body: '{"chatMessageId": "1688513948521"}'
>>>>>>> 7c5b674c0 (Reran tests)
=======
    body: '{"chatMessageId": "1688581196391"}'
>>>>>>> 6a8169d18 (Updated rooms version for tests)
    headers:
      Accept:
      - application/json
      Accept-Encoding:
      - gzip, deflate
      Connection:
      - keep-alive
      Content-Length:
      - '34'
      Content-Type:
      - application/json
      User-Agent:
<<<<<<< HEAD
      - azsdk-python-communication-chat/1.1.0 Python/3.10.11 (Windows-10-10.0.22621-SP0)
=======
      - azsdk-python-communication-chat/1.1.0 Python/3.10.7 (Windows-10-10.0.22621-SP0)
>>>>>>> ddcd2202f (Adding test recordings)
    method: POST
    uri: https://sanitized.communication.azure.com/chat/threads/sanitized/readReceipts?api-version=2021-09-07
  response:
    body:
      string: ''
    headers:
      api-supported-versions:
      - 2021-03-07, 2021-04-05-preview6, 2021-09-07, 2023-04-01-preview, 2023-07-01-preview
      content-length:
      - '0'
      date:
<<<<<<< HEAD
<<<<<<< HEAD
<<<<<<< HEAD
      - Fri, 07 Jul 2023 01:57:21 GMT
      ms-cv:
      - G7bkXBpVzUSXZAQLpekwVQ.0
      strict-transport-security:
      - max-age=2592000
      x-azure-ref:
      - 0AXGnZAAAAABEtOq85IvTSYfUMKEezNSiWVZSMzExMDAwMTE1MDExADlmYzdiNTE5LWE4Y2MtNGY4OS05MzVlLWM5MTQ4YWUwOWU4MQ==
      x-cache:
      - CONFIG_NOCACHE
      x-processing-time:
      - 229ms
=======
      - Fri, 23 Jun 2023 17:15:13 GMT
=======
      - Tue, 04 Jul 2023 23:39:09 GMT
>>>>>>> 7c5b674c0 (Reran tests)
=======
      - Wed, 05 Jul 2023 18:19:57 GMT
>>>>>>> 6a8169d18 (Updated rooms version for tests)
      ms-cv:
      - KTlJMpzdkE6k0UXAVkTveQ.0
      strict-transport-security:
      - max-age=2592000
      x-azure-ref:
      - 0TbSlZAAAAAAuz+pP+M9XSbOVOPPECCJIWVZSMzExMDAwMTE1MDE5ADlmYzdiNTE5LWE4Y2MtNGY4OS05MzVlLWM5MTQ4YWUwOWU4MQ==
      x-cache:
      - CONFIG_NOCACHE
      x-processing-time:
<<<<<<< HEAD
<<<<<<< HEAD
      - 283ms
>>>>>>> ddcd2202f (Adding test recordings)
=======
      - 190ms
>>>>>>> 7c5b674c0 (Reran tests)
=======
      - 144ms
>>>>>>> 6a8169d18 (Updated rooms version for tests)
    status:
      code: 200
      message: OK
- request:
    body: null
    headers:
      Accept:
      - application/json
      Accept-Encoding:
      - gzip, deflate
      Connection:
      - keep-alive
      User-Agent:
<<<<<<< HEAD
      - azsdk-python-communication-chat/1.1.0 Python/3.10.11 (Windows-10-10.0.22621-SP0)
=======
      - azsdk-python-communication-chat/1.1.0 Python/3.10.7 (Windows-10-10.0.22621-SP0)
>>>>>>> ddcd2202f (Adding test recordings)
    method: GET
    uri: https://sanitized.communication.azure.com/chat/threads/sanitized/readReceipts?api-version=2021-09-07
  response:
    body:
      string: '{"value": [{"senderCommunicationIdentifier": {"rawId": "sanitized",
<<<<<<< HEAD
<<<<<<< HEAD
<<<<<<< HEAD
        "communicationUser": {"id": "sanitized"}}, "chatMessageId": "1688695039777",
        "readOn": "2023-07-07T01:57:21Z"}]}'
=======
        "communicationUser": {"id": "sanitized"}}, "chatMessageId": "1687540512239",
        "readOn": "2023-06-23T17:15:13Z"}]}'
>>>>>>> ddcd2202f (Adding test recordings)
=======
        "communicationUser": {"id": "sanitized"}}, "chatMessageId": "1688513948521",
        "readOn": "2023-07-04T23:39:09Z"}]}'
>>>>>>> 7c5b674c0 (Reran tests)
=======
        "communicationUser": {"id": "sanitized"}}, "chatMessageId": "1688581196391",
        "readOn": "2023-07-05T18:19:57Z"}]}'
>>>>>>> 6a8169d18 (Updated rooms version for tests)
    headers:
      api-supported-versions:
      - 2021-03-07, 2021-04-05-preview6, 2021-09-07, 2023-04-01-preview, 2023-07-01-preview
      content-length:
      - '180'
      content-type:
      - application/json; charset=utf-8
      date:
<<<<<<< HEAD
<<<<<<< HEAD
<<<<<<< HEAD
      - Fri, 07 Jul 2023 01:57:21 GMT
      ms-cv:
      - TffjKBPKD0e2jp4xGeVWXw.0
      strict-transport-security:
      - max-age=2592000
      x-azure-ref:
      - 0AXGnZAAAAAAB+WMP4aRiSo0+BfMnD5YXWVZSMzExMDAwMTE1MDI5ADlmYzdiNTE5LWE4Y2MtNGY4OS05MzVlLWM5MTQ4YWUwOWU4MQ==
      x-cache:
      - CONFIG_NOCACHE
      x-processing-time:
      - 84ms
=======
      - Fri, 23 Jun 2023 17:15:13 GMT
=======
      - Tue, 04 Jul 2023 23:39:09 GMT
>>>>>>> 7c5b674c0 (Reran tests)
=======
      - Wed, 05 Jul 2023 18:19:57 GMT
>>>>>>> 6a8169d18 (Updated rooms version for tests)
      ms-cv:
      - aLRyhNDaVUiRrEUJ9+JcJw.0
      strict-transport-security:
      - max-age=2592000
      x-azure-ref:
      - 0TrSlZAAAAAB+/XA5L7yXTIwPKlx+0Iu/WVZSMzExMDAwMTE1MDM5ADlmYzdiNTE5LWE4Y2MtNGY4OS05MzVlLWM5MTQ4YWUwOWU4MQ==
      x-cache:
      - CONFIG_NOCACHE
      x-processing-time:
<<<<<<< HEAD
<<<<<<< HEAD
      - 186ms
>>>>>>> ddcd2202f (Adding test recordings)
=======
      - 82ms
>>>>>>> 7c5b674c0 (Reran tests)
=======
      - 117ms
>>>>>>> 6a8169d18 (Updated rooms version for tests)
    status:
      code: 200
      message: OK
version: 1
