interactions:
- request:
    body: '{"createTokenWithScopes": ["chat"], "expiresInMinutes": null}'
    headers:
      Accept:
      - application/json
      Accept-Encoding:
      - gzip, deflate
      Connection:
      - keep-alive
      Content-Length:
      - '61'
      Content-Type:
      - application/json
      User-Agent:
<<<<<<< HEAD
      - AzureCli/1.7.0b1 azsdk-python-communication-identity/1.3.1 Python/3.10.11
        (Windows-10-10.0.22621-SP0)
      x-ms-content-sha256:
      - RgFKX8sq6gKDc377EdeILf3jgzCijxLOR8s04qluHkc=
      x-ms-date:
      - Fri, 07 Jul 2023 01:58:58 GMT
=======
      - AzureCli/2.0.0 azsdk-python-communication-identity/1.3.1 Python/3.10.7 (Windows-10-10.0.22621-SP0)
      x-ms-content-sha256:
      - RgFKX8sq6gKDc377EdeILf3jgzCijxLOR8s04qluHkc=
      x-ms-date:
<<<<<<< HEAD
<<<<<<< HEAD
      - Fri, 23 Jun 2023 17:14:40 GMT
>>>>>>> ddcd2202f (Adding test recordings)
=======
      - Tue, 04 Jul 2023 23:37:36 GMT
>>>>>>> 7c5b674c0 (Reran tests)
=======
      - Wed, 05 Jul 2023 18:18:25 GMT
>>>>>>> 6a8169d18 (Updated rooms version for tests)
      x-ms-return-client-request-id:
      - 'true'
    method: POST
    uri: https://sanitized.communication.azure.com/identities?api-version=2022-10-01
  response:
    body:
      string: '{"identity": {"id": "sanitized"}, "accessToken": {"token": "sanitized",
<<<<<<< HEAD
<<<<<<< HEAD
<<<<<<< HEAD
        "expiresOn": "2023-07-08T01:58:58.0191456+00:00"}}'
=======
        "expiresOn": "2023-06-24T17:14:40.5419038+00:00"}}'
>>>>>>> ddcd2202f (Adding test recordings)
=======
        "expiresOn": "2023-07-05T23:37:37.0055985+00:00"}}'
>>>>>>> 7c5b674c0 (Reran tests)
=======
        "expiresOn": "2023-07-06T18:18:25.7050468+00:00"}}'
>>>>>>> 6a8169d18 (Updated rooms version for tests)
    headers:
      api-supported-versions:
      - 2020-07-20-preview2, 2021-02-22-preview1, 2021-03-07, 2021-10-31-preview,
        2021-11-01, 2022-06-01, 2022-10-01, 2023-08-01
      content-length:
      - '122'
      content-type:
      - application/json; charset=utf-8
      date:
<<<<<<< HEAD
<<<<<<< HEAD
<<<<<<< HEAD
      - Fri, 07 Jul 2023 01:58:57 GMT
      ms-cv:
      - VQei/abpjkm877Cicl4PBA.0
=======
      - Fri, 23 Jun 2023 17:14:40 GMT
      ms-cv:
      - X7yQqM/U7EqLu6bax8bimQ.0
>>>>>>> ddcd2202f (Adding test recordings)
=======
      - Tue, 04 Jul 2023 23:37:36 GMT
      ms-cv:
      - jBuk6SCGik2sxymQWgoidw.0
>>>>>>> 7c5b674c0 (Reran tests)
=======
      - Wed, 05 Jul 2023 18:18:25 GMT
      ms-cv:
      - NBVQS3/IPEexHtnTcTSipA.0
>>>>>>> 6a8169d18 (Updated rooms version for tests)
      request-context:
      - appId=
      strict-transport-security:
      - max-age=2592000
      x-azure-ref:
<<<<<<< HEAD
<<<<<<< HEAD
<<<<<<< HEAD
      - 0YXGnZAAAAAB7E/ggRX1fToU9kAK54HiLWVZSMzExMDAwMTE1MDMxADlmYzdiNTE5LWE4Y2MtNGY4OS05MzVlLWM5MTQ4YWUwOWU4MQ==
      x-cache:
      - CONFIG_NOCACHE
      x-processing-time:
      - 105ms
=======
      - 0ANOVZAAAAABfK3t4mCIaS6pHud1X+5bfWVZSMzExMDAwMTE1MDI1ADlmYzdiNTE5LWE4Y2MtNGY4OS05MzVlLWM5MTQ4YWUwOWU4MQ==
      x-cache:
      - CONFIG_NOCACHE
      x-processing-time:
      - 109ms
>>>>>>> ddcd2202f (Adding test recordings)
=======
      - 0QK2kZAAAAACXlSaNQlZyTKx5CvKKYzoYWVZSMzExMDAwMTE1MDUzADlmYzdiNTE5LWE4Y2MtNGY4OS05MzVlLWM5MTQ4YWUwOWU4MQ==
      x-cache:
      - CONFIG_NOCACHE
      x-processing-time:
      - 106ms
>>>>>>> 7c5b674c0 (Reran tests)
=======
      - 08bOlZAAAAADMa0+tEkfiQ7wFgd/hR7OfWVZSMzExMDAwMTE1MDM5ADlmYzdiNTE5LWE4Y2MtNGY4OS05MzVlLWM5MTQ4YWUwOWU4MQ==
      x-cache:
      - CONFIG_NOCACHE
      x-processing-time:
      - 108ms
>>>>>>> 6a8169d18 (Updated rooms version for tests)
    status:
      code: 201
      message: Created
- request:
    body: '{"topic": "thread-topic", "participants": []}'
    headers:
      Accept:
      - application/json
      Accept-Encoding:
      - gzip, deflate
      Connection:
      - keep-alive
      Content-Length:
      - '45'
      Content-Type:
      - application/json
      User-Agent:
<<<<<<< HEAD
      - AzureCli/1.7.0b1 azsdk-python-communication-chat/1.1.0 Python/3.10.11 (Windows-10-10.0.22621-SP0)
      repeatability-request-id:
      - 610549ad-96a4-43e2-95e9-4d6fbac95ac6
=======
      - AzureCli/2.0.0 azsdk-python-communication-chat/1.1.0 Python/3.10.7 (Windows-10-10.0.22621-SP0)
      repeatability-request-id:
<<<<<<< HEAD
<<<<<<< HEAD
      - b4a2a4f6-7272-48b4-a88a-c11b9ff13e6e
>>>>>>> ddcd2202f (Adding test recordings)
=======
      - e46bd6dc-6d90-4011-91da-c2944fbf5948
>>>>>>> 7c5b674c0 (Reran tests)
=======
      - dda0d2bd-d215-447a-bd64-0bfb8878490e
>>>>>>> 6a8169d18 (Updated rooms version for tests)
    method: POST
    uri: https://sanitized.communication.azure.com/chat/threads?api-version=2021-09-07
  response:
    body:
      string: '{"chatThread": {"id": "sanitized", "topic": "thread-topic", "createdOn":
<<<<<<< HEAD
<<<<<<< HEAD
<<<<<<< HEAD
        "2023-07-07T01:58:58Z", "createdByCommunicationIdentifier": {"rawId": "sanitized",
=======
        "2023-06-23T17:14:41Z", "createdByCommunicationIdentifier": {"rawId": "sanitized",
>>>>>>> ddcd2202f (Adding test recordings)
=======
        "2023-07-04T23:37:37Z", "createdByCommunicationIdentifier": {"rawId": "sanitized",
>>>>>>> 7c5b674c0 (Reran tests)
=======
        "2023-07-05T18:18:26Z", "createdByCommunicationIdentifier": {"rawId": "sanitized",
>>>>>>> 6a8169d18 (Updated rooms version for tests)
        "communicationUser": {"id": "sanitized"}}}}'
    headers:
      api-supported-versions:
      - 2021-03-07, 2021-04-05-preview6, 2021-09-07, 2023-04-01-preview, 2023-07-01-preview
      content-length:
      - '199'
      content-type:
      - application/json; charset=utf-8
      date:
<<<<<<< HEAD
<<<<<<< HEAD
<<<<<<< HEAD
      - Fri, 07 Jul 2023 01:58:58 GMT
      location:
      - https://clitest000002.communication.azure.com/chat/threads/19%3A-yz6dMTaUcXhb6HnfwSzxyeLAqFuFA3ud5ShLm9jsZM1@thread.v2
      ms-cv:
      - au8RUIkHm02UvPYuqdChcA.0
      strict-transport-security:
      - max-age=2592000
      x-azure-ref:
      - 0YnGnZAAAAAAW0tzWymyQSJiRdhBB8KMVWVZSMzExMDAwMTE1MDQ5ADlmYzdiNTE5LWE4Y2MtNGY4OS05MzVlLWM5MTQ4YWUwOWU4MQ==
      x-cache:
      - CONFIG_NOCACHE
      x-processing-time:
      - 587ms
=======
      - Fri, 23 Jun 2023 17:14:41 GMT
=======
      - Tue, 04 Jul 2023 23:37:37 GMT
>>>>>>> 7c5b674c0 (Reran tests)
=======
      - Wed, 05 Jul 2023 18:18:25 GMT
>>>>>>> 6a8169d18 (Updated rooms version for tests)
      location:
      - https://clitest000002.communication.azure.com/chat/threads/19%3Aqx0piRWrwAWyMzIMtXK6qoB08g9AqePFOglJiRWLGn81@thread.v2
      ms-cv:
      - xqieUTCoNkyzZxXyuGywlA.0
      strict-transport-security:
      - max-age=2592000
      x-azure-ref:
      - 08rOlZAAAAACV+tAuZiAqTqXj9hfefj/eWVZSMzExMDAwMTE1MDUzADlmYzdiNTE5LWE4Y2MtNGY4OS05MzVlLWM5MTQ4YWUwOWU4MQ==
      x-cache:
      - CONFIG_NOCACHE
      x-processing-time:
<<<<<<< HEAD
<<<<<<< HEAD
      - 579ms
>>>>>>> ddcd2202f (Adding test recordings)
=======
      - 479ms
>>>>>>> 7c5b674c0 (Reran tests)
=======
      - 514ms
>>>>>>> 6a8169d18 (Updated rooms version for tests)
    status:
      code: 201
      message: Created
- request:
    body: '{"content": "Hello!", "type": "text"}'
    headers:
      Accept:
      - application/json
      Accept-Encoding:
      - gzip, deflate
      Connection:
      - keep-alive
      Content-Length:
      - '37'
      Content-Type:
      - application/json
      User-Agent:
<<<<<<< HEAD
      - azsdk-python-communication-chat/1.1.0 Python/3.10.11 (Windows-10-10.0.22621-SP0)
=======
      - azsdk-python-communication-chat/1.1.0 Python/3.10.7 (Windows-10-10.0.22621-SP0)
>>>>>>> ddcd2202f (Adding test recordings)
    method: POST
    uri: https://sanitized.communication.azure.com/chat/threads/sanitized/messages?api-version=2021-09-07
  response:
    body:
      string: '{"id": "sanitized"}'
    headers:
      api-supported-versions:
      - 2021-03-07, 2021-04-05-preview6, 2021-09-07, 2023-04-01-preview, 2023-07-01-preview
      content-length:
      - '19'
      content-type:
      - application/json; charset=utf-8
      date:
<<<<<<< HEAD
<<<<<<< HEAD
<<<<<<< HEAD
      - Fri, 07 Jul 2023 01:58:58 GMT
      location:
      - https://clitest000002.communication.azure.com/chat/threads/19%3A-yz6dMTaUcXhb6HnfwSzxyeLAqFuFA3ud5ShLm9jsZM1@thread.v2/messages/1688695139451
      ms-cv:
      - vscmCYrs20uXuB3u2ZN2lQ.0
      strict-transport-security:
      - max-age=2592000
      x-azure-ref:
      - 0Y3GnZAAAAAAe2piEk9NaR6MOBBrofGO7WVZSMzExMDAwMTE1MDM3ADlmYzdiNTE5LWE4Y2MtNGY4OS05MzVlLWM5MTQ4YWUwOWU4MQ==
      x-cache:
      - CONFIG_NOCACHE
      x-processing-time:
      - 177ms
=======
      - Fri, 23 Jun 2023 17:14:41 GMT
=======
      - Tue, 04 Jul 2023 23:37:38 GMT
>>>>>>> 7c5b674c0 (Reran tests)
=======
      - Wed, 05 Jul 2023 18:18:26 GMT
>>>>>>> 6a8169d18 (Updated rooms version for tests)
      location:
      - https://clitest000002.communication.azure.com/chat/threads/19%3Aqx0piRWrwAWyMzIMtXK6qoB08g9AqePFOglJiRWLGn81@thread.v2/messages/1688581107165
      ms-cv:
      - B7q/KWYcW0uhoejOmSrDvQ.0
      strict-transport-security:
      - max-age=2592000
      x-azure-ref:
      - 08rOlZAAAAACgKEWGqpuASYyRNcjXBlnxWVZSMzExMDAwMTE1MDQ3ADlmYzdiNTE5LWE4Y2MtNGY4OS05MzVlLWM5MTQ4YWUwOWU4MQ==
      x-cache:
      - CONFIG_NOCACHE
      x-processing-time:
<<<<<<< HEAD
<<<<<<< HEAD
      - 213ms
>>>>>>> ddcd2202f (Adding test recordings)
=======
      - 221ms
>>>>>>> 7c5b674c0 (Reran tests)
=======
      - 262ms
>>>>>>> 6a8169d18 (Updated rooms version for tests)
    status:
      code: 201
      message: Created
- request:
    body: '{"content": "Hello there!"}'
    headers:
      Accept:
      - application/json
      Accept-Encoding:
      - gzip, deflate
      Connection:
      - keep-alive
      Content-Length:
      - '27'
      Content-Type:
      - application/merge-patch+json
      User-Agent:
<<<<<<< HEAD
      - azsdk-python-communication-chat/1.1.0 Python/3.10.11 (Windows-10-10.0.22621-SP0)
=======
      - azsdk-python-communication-chat/1.1.0 Python/3.10.7 (Windows-10-10.0.22621-SP0)
>>>>>>> ddcd2202f (Adding test recordings)
    method: PATCH
    uri: https://sanitized.communication.azure.com/chat/threads/sanitized/messages/sanitized?api-version=2021-09-07
  response:
    body:
      string: ''
    headers:
      api-supported-versions:
      - 2021-03-07, 2021-04-05-preview6, 2021-09-07, 2023-04-01-preview, 2023-07-01-preview
      date:
<<<<<<< HEAD
<<<<<<< HEAD
<<<<<<< HEAD
      - Fri, 07 Jul 2023 01:58:59 GMT
      ms-cv:
      - PPdbT3xMYkuay8XQCFfo+g.0
      strict-transport-security:
      - max-age=2592000
      x-azure-ref:
      - 0Y3GnZAAAAACFmaKnTfMXRphHs0rc13ISWVZSMzExMDAwMTE1MDMxADlmYzdiNTE5LWE4Y2MtNGY4OS05MzVlLWM5MTQ4YWUwOWU4MQ==
      x-cache:
      - CONFIG_NOCACHE
      x-processing-time:
      - 359ms
=======
      - Fri, 23 Jun 2023 17:14:42 GMT
=======
      - Tue, 04 Jul 2023 23:37:38 GMT
>>>>>>> 7c5b674c0 (Reran tests)
=======
      - Wed, 05 Jul 2023 18:18:27 GMT
>>>>>>> 6a8169d18 (Updated rooms version for tests)
      ms-cv:
      - hldIEutUcUOiCeFebgIT6w.0
      strict-transport-security:
      - max-age=2592000
      x-azure-ref:
      - 087OlZAAAAADGnNBgGYAjQpf1E+uiqfM+WVZSMzExMDAwMTE1MDQ3ADlmYzdiNTE5LWE4Y2MtNGY4OS05MzVlLWM5MTQ4YWUwOWU4MQ==
      x-cache:
      - CONFIG_NOCACHE
      x-processing-time:
<<<<<<< HEAD
<<<<<<< HEAD
      - 442ms
>>>>>>> ddcd2202f (Adding test recordings)
=======
      - 229ms
>>>>>>> 7c5b674c0 (Reran tests)
=======
      - 528ms
>>>>>>> 6a8169d18 (Updated rooms version for tests)
    status:
      code: 204
      message: No Content
version: 1
