interactions:
- request:
    body: '{"phoneNumberType": "tollFree", "assignmentType": "application", "capabilities":
      {"calling": "inbound", "sms": "inbound+outbound"}}'
    headers:
      Accept:
      - application/json
      Accept-Encoding:
      - gzip, deflate
      Connection:
      - keep-alive
      Content-Length:
      - '131'
      Content-Type:
      - application/json
      Date:
      - Wed, 08 Jun 2022 18:00:51 GMT
      User-Agent:
      - azsdk-python-communication-phonenumbers/1.0.1 Python/3.6.7 (Windows-10-10.0.22000-SP0)
      x-ms-content-sha256:
      - ecyowPPqS6i2jEjg4ZPaHAki9yDR8IHa8lF+VXRefVM=
      x-ms-return-client-request-id:
      - 'true'
    method: POST
    uri: https://sanitized.communication.azure.com/availablePhoneNumbers/countries/US/:search?api-version=2021-03-07
  response:
    body:
      string: ''
    headers:
      access-control-expose-headers:
      - Location,Operation-Location,operation-id,search-id
      api-supported-versions:
      - 2021-03-07, 2022-01-11-preview2, 2022-06-01-preview
      content-length:
      - '0'
      date:
      - Wed, 08 Jun 2022 18:00:54 GMT
      location:
      - /availablePhoneNumbers/searchResults/57ed2b65-3611-40b9-aa38-0df5f4291b2a?api-version=2021-03-07
      ms-cv:
      - tNidcKnOGk6i8nmozvpySA.0
      operation-id:
      - search_57ed2b65-3611-40b9-aa38-0df5f4291b2a
      operation-location:
      - /phoneNumbers/operations/search_57ed2b65-3611-40b9-aa38-0df5f4291b2a?api-version=2021-03-07
      search-id:
      - 57ed2b65-3611-40b9-aa38-0df5f4291b2a
      strict-transport-security:
      - max-age=2592000
      x-azure-ref:
      - 00uOgYgAAAACESRSYtxqFTLkpacwwIWI8WVZSMzExMDAwMTE2MDM5ADlmYzdiNTE5LWE4Y2MtNGY4OS05MzVlLWM5MTQ4YWUwOWU4MQ==
      x-cache:
      - CONFIG_NOCACHE
      x-processing-time:
      - 3948ms
    status:
      code: 202
      message: Accepted
- request:
    body: null
    headers:
      Accept:
      - '*/*'
      Accept-Encoding:
      - gzip, deflate
      Connection:
      - keep-alive
      Date:
      - Wed, 08 Jun 2022 18:01:25 GMT
      User-Agent:
      - azsdk-python-communication-phonenumbers/1.0.1 Python/3.6.7 (Windows-10-10.0.22000-SP0)
      x-ms-content-sha256:
      - 47DEQpj8HBSa+/TImW+5JCeuQeRkm5NMpJWZG3hSuFU=
      x-ms-return-client-request-id:
      - 'true'
    method: GET
    uri: https://sanitized.communication.azure.com/phoneNumbers/operations/search_57ed2b65-3611-40b9-aa38-0df5f4291b2a?api-version=2021-03-07
  response:
    body:
      string: '{"operationType": "search", "status": "succeeded", "resourceLocation":
        "/availablePhoneNumbers/searchResults/57ed2b65-3611-40b9-aa38-0df5f4291b2a?api-version=2021-03-07",
        "createdDateTime": "2022-06-08T18:00:54.6717955+00:00", "id": "sanitized",
        "lastActionDateTime": "0001-01-01T00:00:00+00:00"}'
    headers:
      access-control-expose-headers:
      - Location
      api-supported-versions:
      - 2021-03-07, 2022-01-11-preview2, 2022-06-01-preview
      content-type:
      - application/json; charset=utf-8
      date:
      - Wed, 08 Jun 2022 18:01:24 GMT
      location:
      - /availablePhoneNumbers/searchResults/57ed2b65-3611-40b9-aa38-0df5f4291b2a?api-version=2021-03-07
      ms-cv:
      - 4rhhQFobjU+zNfd6nPVCnw.0
      strict-transport-security:
      - max-age=2592000
      transfer-encoding:
      - chunked
      x-azure-ref:
      - 09eOgYgAAAABx7MvFB/xvQJOu2thlMlzYWVZSMzExMDAwMTE2MDM5ADlmYzdiNTE5LWE4Y2MtNGY4OS05MzVlLWM5MTQ4YWUwOWU4MQ==
      x-cache:
      - CONFIG_NOCACHE
      x-processing-time:
      - 391ms
    status:
      code: 200
      message: OK
    url: sanitized
- request:
    body: null
    headers:
      Accept:
      - '*/*'
      Accept-Encoding:
      - gzip, deflate
      Connection:
      - keep-alive
      Date:
      - Wed, 08 Jun 2022 18:01:26 GMT
      User-Agent:
      - azsdk-python-communication-phonenumbers/1.0.1 Python/3.6.7 (Windows-10-10.0.22000-SP0)
      x-ms-content-sha256:
      - 47DEQpj8HBSa+/TImW+5JCeuQeRkm5NMpJWZG3hSuFU=
      x-ms-return-client-request-id:
      - 'true'
    method: GET
    uri: https://sanitized.communication.azure.com/availablePhoneNumbers/searchResults/57ed2b65-3611-40b9-aa38-0df5f4291b2a?api-version=2021-03-07
  response:
    body:
      string: '{"searchId": "57ed2b65-3611-40b9-aa38-0df5f4291b2a", "phoneNumbers":
        ["sanitized"], "phoneNumberType": "tollFree", "assignmentType": "application",
        "capabilities": {"calling": "inbound", "sms": "inbound+outbound"}, "cost":
        {"amount": 2.0, "currencyCode": "USD", "billingFrequency": "monthly"}, "searchExpiresBy":
        "2022-06-08T18:17:00.3072592+00:00"}'
    headers:
      api-supported-versions:
      - 2021-03-07, 2022-01-11-preview2, 2022-06-01-preview
      content-type:
      - application/json; charset=utf-8
      date:
      - Wed, 08 Jun 2022 18:01:26 GMT
      ms-cv:
      - /P7NTDCbcEe4V+EvxJ70wA.0
      strict-transport-security:
      - max-age=2592000
      transfer-encoding:
      - chunked
      x-azure-ref:
      - 09eOgYgAAAACgNKZXbd/LSKRjj7kCjtS7WVZSMzExMDAwMTE2MDM5ADlmYzdiNTE5LWE4Y2MtNGY4OS05MzVlLWM5MTQ4YWUwOWU4MQ==
      x-cache:
      - CONFIG_NOCACHE
      x-processing-time:
      - 1061ms
    status:
      code: 200
      message: OK
    url: sanitized
- request:
    body: '{"searchId": "57ed2b65-3611-40b9-aa38-0df5f4291b2a"}'
    headers:
      Accept:
      - application/json
      Accept-Encoding:
      - gzip, deflate
      Connection:
      - keep-alive
      Content-Length:
      - '52'
      Content-Type:
      - application/json
      Date:
      - Wed, 08 Jun 2022 18:01:27 GMT
      User-Agent:
      - azsdk-python-communication-phonenumbers/1.0.1 Python/3.6.7 (Windows-10-10.0.22000-SP0)
      x-ms-content-sha256:
      - 4ztvkrPnGXN1Lms0ny44NvlCOk0qMW2/GAFb7Vkvy+k=
      x-ms-return-client-request-id:
      - 'true'
    method: POST
    uri: https://sanitized.communication.azure.com/availablePhoneNumbers/:purchase?api-version=2021-03-07
  response:
    body:
      string: ''
    headers:
      access-control-expose-headers:
      - Operation-Location,operation-id,purchase-id
      api-supported-versions:
      - 2021-03-07, 2022-01-11-preview2, 2022-06-01-preview
      content-length:
      - '0'
      date:
      - Wed, 08 Jun 2022 18:01:28 GMT
      ms-cv:
      - gHSQLQB3o0qiHLYLQoaB/Q.0
      operation-id:
      - purchase_57ed2b65-3611-40b9-aa38-0df5f4291b2a
      operation-location:
      - /phoneNumbers/operations/purchase_57ed2b65-3611-40b9-aa38-0df5f4291b2a?api-version=2021-03-07
      purchase-id:
      - 57ed2b65-3611-40b9-aa38-0df5f4291b2a
      strict-transport-security:
      - max-age=2592000
      x-azure-ref:
      - 09uOgYgAAAABcg5WUapHtS5XQnLop0wq3WVZSMzExMDAwMTE2MDM5ADlmYzdiNTE5LWE4Y2MtNGY4OS05MzVlLWM5MTQ4YWUwOWU4MQ==
      x-cache:
      - CONFIG_NOCACHE
      x-processing-time:
      - 2399ms
    status:
      code: 202
      message: Accepted
- request:
    body: null
    headers:
      Accept:
      - '*/*'
      Accept-Encoding:
      - gzip, deflate
      Connection:
      - keep-alive
      Date:
      - Wed, 08 Jun 2022 18:01:59 GMT
      User-Agent:
      - azsdk-python-communication-phonenumbers/1.0.1 Python/3.6.7 (Windows-10-10.0.22000-SP0)
      x-ms-content-sha256:
      - 47DEQpj8HBSa+/TImW+5JCeuQeRkm5NMpJWZG3hSuFU=
      x-ms-return-client-request-id:
      - 'true'
    method: GET
    uri: https://sanitized.communication.azure.com/phoneNumbers/operations/purchase_57ed2b65-3611-40b9-aa38-0df5f4291b2a?api-version=2021-03-07
  response:
    body:
      string: '{"operationType": "purchase", "status": "succeeded", "resourceLocation":
        null, "createdDateTime": "2022-06-08T18:00:54.6717955+00:00", "id": "sanitized",
        "lastActionDateTime": "0001-01-01T00:00:00+00:00"}'
    headers:
      api-supported-versions:
      - 2021-03-07, 2022-01-11-preview2, 2022-06-01-preview
      content-type:
      - application/json; charset=utf-8
      date:
      - Wed, 08 Jun 2022 18:02:02 GMT
      ms-cv:
      - 2MSgGRW+s0K8inmJxei0UQ.0
      strict-transport-security:
      - max-age=2592000
      transfer-encoding:
      - chunked
      x-azure-ref:
      - 0F+SgYgAAAACt2WMAMGD7TJzFt5Xpb/jUWVZSMzExMDAwMTE2MDM5ADlmYzdiNTE5LWE4Y2MtNGY4OS05MzVlLWM5MTQ4YWUwOWU4MQ==
      x-cache:
      - CONFIG_NOCACHE
      x-processing-time:
      - 3376ms
    status:
      code: 200
      message: OK
    url: sanitized
- request:
    body: null
    headers:
      Accept:
      - application/json
      Accept-Encoding:
      - gzip, deflate
      Connection:
      - keep-alive
      Date:
      - Wed, 08 Jun 2022 18:02:03 GMT
      User-Agent:
      - azsdk-python-communication-phonenumbers/1.0.1 Python/3.6.7 (Windows-10-10.0.22000-SP0)
      x-ms-content-sha256:
      - 47DEQpj8HBSa+/TImW+5JCeuQeRkm5NMpJWZG3hSuFU=
      x-ms-return-client-request-id:
      - 'true'
    method: GET
    uri: https://sanitized.communication.azure.com/phoneNumbers?skip=0&top=100&api-version=2021-03-07
  response:
    body:
      string: '{"phoneNumbers": [{"id": "sanitized", "phoneNumber": "sanitized", "countryCode":
        "US", "phoneNumberType": "tollFree", "capabilities": {"calling": "inbound",
        "sms": "inbound+outbound"}, "assignmentType": "application", "purchaseDate":
        "2022-06-08T18:01:43.7922431+00:00", "cost": {"amount": 2.0, "currencyCode":
        "USD", "billingFrequency": "monthly"}}]}'
    headers:
      api-supported-versions:
      - 2021-03-07, 2022-01-11-preview2, 2022-06-01-preview
      content-type:
      - application/json; charset=utf-8
      date:
      - Wed, 08 Jun 2022 18:02:05 GMT
      ms-cv:
      - yeu88UFdLEOXJ3RhBiPLPQ.0
      strict-transport-security:
      - max-age=2592000
      transfer-encoding:
      - chunked
      x-azure-ref:
      - 0G+SgYgAAAAAqDZN2dXA/SbZVXPJGmxDTWVZSMzExMDAwMTE2MDE3ADlmYzdiNTE5LWE4Y2MtNGY4OS05MzVlLWM5MTQ4YWUwOWU4MQ==
      x-cache:
      - CONFIG_NOCACHE
      x-processing-time:
      - 2066ms
    status:
      code: 200
      message: OK
    url: sanitized
version: 1
