interactions:
- request:
    body: '{"phoneNumberType": "tollFree", "assignmentType": "application", "capabilities":
      {"calling": "inbound", "sms": "inbound+outbound"}}'
    headers:
      Accept:
      - application/json
      Accept-Encoding:
      - gzip, deflate
      Connection:
      - keep-alive
      Content-Length:
      - '131'
      Content-Type:
      - application/json
      User-Agent:
      - azsdk-python-communication-phonenumbers/1.1.0 Python/3.10.11 (Windows-10-10.0.19045-SP0)
      x-ms-content-sha256:
      - ecyowPPqS6i2jEjg4ZPaHAki9yDR8IHa8lF+VXRefVM=
      x-ms-date:
      - Mon, 01 Apr 2024 05:51:57 GMT
      x-ms-return-client-request-id:
      - 'true'
    method: POST
    uri: https://sanitized.communication.azure.com/availablePhoneNumbers/countries/US/:search?api-version=2022-12-01
  response:
    body:
      string: ''
    headers:
      access-control-expose-headers:
      - Location,Operation-Location,operation-id,search-id
      api-supported-versions:
      - 2021-03-07, 2022-01-11-preview2, 2022-06-01-preview, 2022-12-01, 2022-12-02-preview2,
        2023-05-01-preview, 2023-10-01-preview, 2024-03-01-preview, 2024-05-01-preview,
        2024-08-31-preview
      content-length:
      - '0'
      date:
      - Mon, 01 Apr 2024 05:52:01 GMT
      location:
      - /availablePhoneNumbers/searchResults/debc465a-03b4-4017-889a-9f8878bdd791?api-version=2022-12-01
      ms-cv:
      - Iv1K4ZjHWEOyutoAXIpDOg.0
      operation-id:
      - search_debc465a-03b4-4017-889a-9f8878bdd791
      operation-location:
      - /phoneNumbers/operations/search_debc465a-03b4-4017-889a-9f8878bdd791?api-version=2022-12-01
      search-id:
      - debc465a-03b4-4017-889a-9f8878bdd791
      strict-transport-security:
      - max-age=31536000;includeSubDomains
      x-azure-ref:
      - 0fksKZgAAAABg+IP0GhSDQb22TwfmGGVZSEtCRURHRTA3MTEAOWZjN2I1MTktYThjYy00Zjg5LTkzNWUtYzkxNDhhZTA5ZTgx
      x-cache:
      - CONFIG_NOCACHE
      x-processing-time:
      - 3008ms
    status:
      code: 202
      message: Accepted
- request:
    body: null
    headers:
      Accept:
      - '*/*'
      Accept-Encoding:
      - gzip, deflate
      Connection:
      - keep-alive
      User-Agent:
      - azsdk-python-communication-phonenumbers/1.1.0 Python/3.10.11 (Windows-10-10.0.19045-SP0)
      x-ms-content-sha256:
      - 47DEQpj8HBSa+/TImW+5JCeuQeRkm5NMpJWZG3hSuFU=
      x-ms-date:
      - Mon, 01 Apr 2024 05:52:02 GMT
      x-ms-return-client-request-id:
      - 'true'
    method: GET
    uri: https://sanitized.communication.azure.com/phoneNumbers/operations/search_debc465a-03b4-4017-889a-9f8878bdd791?api-version=2022-12-01
  response:
    body:
      string: '{"operationType": "search", "status": "running", "resourceLocation":
        "/availablePhoneNumbers/searchResults/debc465a-03b4-4017-889a-9f8878bdd791?api-version=2022-12-01",
        "createdDateTime": "2024-04-01T05:52:01.6921282+00:00", "id": "search_debc465a-03b4-4017-889a-9f8878bdd791",
        "lastActionDateTime": "0001-01-01T00:00:00+00:00"}'
    headers:
      access-control-expose-headers:
      - Location
      api-supported-versions:
      - 2021-03-07, 2022-01-11-preview2, 2022-06-01-preview, 2022-11-15-preview, 2022-12-01,
        2022-12-02-preview2, 2023-05-01-preview, 2023-10-01-preview, 2023-10-01-preview2,
        2024-03-01-preview, 2024-05-01-preview, 2024-08-31-preview
      content-type:
      - application/json; charset=utf-8
      date:
      - Mon, 01 Apr 2024 05:52:02 GMT
      location:
      - /availablePhoneNumbers/searchResults/debc465a-03b4-4017-889a-9f8878bdd791?api-version=2022-12-01
      ms-cv:
      - LEPMlZQwKkOgwMLcJp/w/w.0
      strict-transport-security:
      - max-age=31536000;includeSubDomains
      transfer-encoding:
      - chunked
      x-azure-ref:
      - 0gksKZgAAAAA17kPcdqTbQb8gWCz5sVzQSEtCRURHRTA3MTEAOWZjN2I1MTktYThjYy00Zjg5LTkzNWUtYzkxNDhhZTA5ZTgx
      x-cache:
      - CONFIG_NOCACHE
      x-processing-time:
      - 315ms
    status:
      code: 200
      message: OK
    url: sanitized
- request:
    body: null
    headers:
      Accept:
      - '*/*'
      Accept-Encoding:
      - gzip, deflate
      Connection:
      - keep-alive
      User-Agent:
      - azsdk-python-communication-phonenumbers/1.1.0 Python/3.10.11 (Windows-10-10.0.19045-SP0)
      x-ms-content-sha256:
      - 47DEQpj8HBSa+/TImW+5JCeuQeRkm5NMpJWZG3hSuFU=
      x-ms-date:
      - Mon, 01 Apr 2024 05:52:04 GMT
      x-ms-return-client-request-id:
      - 'true'
    method: GET
    uri: https://sanitized.communication.azure.com/phoneNumbers/operations/search_debc465a-03b4-4017-889a-9f8878bdd791?api-version=2022-12-01
  response:
    body:
      string: '{"operationType": "search", "status": "succeeded", "resourceLocation":
        "/availablePhoneNumbers/searchResults/debc465a-03b4-4017-889a-9f8878bdd791?api-version=2022-12-01",
        "createdDateTime": "2024-04-01T05:52:01.6921282+00:00", "id": "search_debc465a-03b4-4017-889a-9f8878bdd791",
        "lastActionDateTime": "0001-01-01T00:00:00+00:00"}'
    headers:
      access-control-expose-headers:
      - Location
      api-supported-versions:
      - 2021-03-07, 2022-01-11-preview2, 2022-06-01-preview, 2022-11-15-preview, 2022-12-01,
        2022-12-02-preview2, 2023-05-01-preview, 2023-10-01-preview, 2023-10-01-preview2,
        2024-03-01-preview, 2024-05-01-preview, 2024-08-31-preview
      content-type:
      - application/json; charset=utf-8
      date:
      - Mon, 01 Apr 2024 05:52:04 GMT
      location:
      - /availablePhoneNumbers/searchResults/debc465a-03b4-4017-889a-9f8878bdd791?api-version=2022-12-01
      ms-cv:
      - aJtpOQOwW0C4W9jnnae4Sw.0
      strict-transport-security:
      - max-age=31536000;includeSubDomains
      transfer-encoding:
      - chunked
      x-azure-ref:
      - 0hEsKZgAAAABVi9IgGgVaTJib3fVFhBAeSEtCRURHRTA3MTEAOWZjN2I1MTktYThjYy00Zjg5LTkzNWUtYzkxNDhhZTA5ZTgx
      x-cache:
      - CONFIG_NOCACHE
      x-processing-time:
      - 315ms
    status:
      code: 200
      message: OK
    url: sanitized
- request:
    body: null
    headers:
      Accept:
      - '*/*'
      Accept-Encoding:
      - gzip, deflate
      Connection:
      - keep-alive
      User-Agent:
      - azsdk-python-communication-phonenumbers/1.1.0 Python/3.10.11 (Windows-10-10.0.19045-SP0)
      x-ms-content-sha256:
      - 47DEQpj8HBSa+/TImW+5JCeuQeRkm5NMpJWZG3hSuFU=
      x-ms-date:
      - Mon, 01 Apr 2024 05:52:05 GMT
      x-ms-return-client-request-id:
      - 'true'
    method: GET
    uri: https://sanitized.communication.azure.com/availablePhoneNumbers/searchResults/debc465a-03b4-4017-889a-9f8878bdd791?api-version=2022-12-01
  response:
    body:
      string: '{"searchId": "debc465a-03b4-4017-889a-9f8878bdd791", "phoneNumbers":
        ["+18334751879"], "phoneNumberType": "tollFree", "assignmentType": "application",
        "capabilities": {"calling": "inbound", "sms": "inbound+outbound"}, "cost":
        {"amount": 2.0, "currencyCode": "USD", "billingFrequency": "monthly"}, "searchExpiresBy":
        "2024-04-01T06:08:02.9693462+00:00", "error": "NoError"}'
    headers:
      api-supported-versions:
      - 2021-03-07, 2022-01-11-preview2, 2022-06-01-preview, 2022-12-01, 2022-12-02-preview2,
        2023-05-01-preview, 2023-10-01-preview, 2024-03-01-preview, 2024-05-01-preview,
        2024-08-31-preview
      content-length:
      - '372'
      content-type:
      - application/json; charset=utf-8
      date:
      - Mon, 01 Apr 2024 05:52:05 GMT
      ms-cv:
      - jdq3X3LwN0uCoonWSpG0ew.0
      strict-transport-security:
      - max-age=31536000;includeSubDomains
      x-azure-ref:
      - 0hUsKZgAAAAAeQ7MwohxJQZXue5fSWFnoSEtCRURHRTA3MTEAOWZjN2I1MTktYThjYy00Zjg5LTkzNWUtYzkxNDhhZTA5ZTgx
      x-cache:
      - CONFIG_NOCACHE
      x-processing-time:
      - 528ms
    status:
      code: 200
      message: OK
    url: sanitized
- request:
    body: '{"searchId": "debc465a-03b4-4017-889a-9f8878bdd791"}'
    headers:
      Accept:
      - application/json
      Accept-Encoding:
      - gzip, deflate
      Connection:
      - keep-alive
      Content-Length:
      - '52'
      Content-Type:
      - application/json
      User-Agent:
      - azsdk-python-communication-phonenumbers/1.1.0 Python/3.10.11 (Windows-10-10.0.19045-SP0)
      x-ms-content-sha256:
      - PTZ2YqD83WCDrpT75J2cDpOQxEMguFtZqCv8zlGC6B4=
      x-ms-date:
      - Mon, 01 Apr 2024 05:52:06 GMT
      x-ms-return-client-request-id:
      - 'true'
    method: POST
    uri: https://sanitized.communication.azure.com/availablePhoneNumbers/:purchase?api-version=2022-12-01
  response:
    body:
      string: ''
    headers:
      access-control-expose-headers:
      - Operation-Location,operation-id,purchase-id
      api-supported-versions:
      - 2021-03-07, 2022-01-11-preview2, 2022-06-01-preview, 2022-12-01, 2022-12-02-preview2,
        2023-05-01-preview, 2023-10-01-preview, 2024-03-01-preview, 2024-05-01-preview,
        2024-08-31-preview
      content-length:
      - '0'
      date:
      - Mon, 01 Apr 2024 05:52:07 GMT
      ms-cv:
      - inwDWKCODkCwAs05EknXKA.0
      operation-id:
      - purchase_debc465a-03b4-4017-889a-9f8878bdd791
      operation-location:
      - /phoneNumbers/operations/purchase_debc465a-03b4-4017-889a-9f8878bdd791?api-version=2022-12-01
      purchase-id:
      - debc465a-03b4-4017-889a-9f8878bdd791
      strict-transport-security:
      - max-age=31536000;includeSubDomains
      x-azure-ref:
      - 0hksKZgAAAAAbBcvYA6lqQpsbFB1ooWZuSEtCRURHRTA3MTEAOWZjN2I1MTktYThjYy00Zjg5LTkzNWUtYzkxNDhhZTA5ZTgx
      x-cache:
      - CONFIG_NOCACHE
      x-processing-time:
      - 1484ms
    status:
      code: 202
      message: Accepted
- request:
    body: null
    headers:
      Accept:
      - '*/*'
      Accept-Encoding:
      - gzip, deflate
      Connection:
      - keep-alive
      User-Agent:
      - azsdk-python-communication-phonenumbers/1.1.0 Python/3.10.11 (Windows-10-10.0.19045-SP0)
      x-ms-content-sha256:
      - 47DEQpj8HBSa+/TImW+5JCeuQeRkm5NMpJWZG3hSuFU=
      x-ms-date:
      - Mon, 01 Apr 2024 05:52:07 GMT
      x-ms-return-client-request-id:
      - 'true'
    method: GET
    uri: https://sanitized.communication.azure.com/phoneNumbers/operations/purchase_debc465a-03b4-4017-889a-9f8878bdd791?api-version=2022-12-01
  response:
    body:
      string: '{"operationType": "purchase", "status": "running", "resourceLocation":
        null, "createdDateTime": "2024-04-01T05:52:01.6921282+00:00", "id": "purchase_debc465a-03b4-4017-889a-9f8878bdd791",
        "lastActionDateTime": "0001-01-01T00:00:00+00:00"}'
    headers:
      api-supported-versions:
      - 2021-03-07, 2022-01-11-preview2, 2022-06-01-preview, 2022-11-15-preview, 2022-12-01,
        2022-12-02-preview2, 2023-05-01-preview, 2023-10-01-preview, 2023-10-01-preview2,
        2024-03-01-preview, 2024-05-01-preview, 2024-08-31-preview
      content-type:
      - application/json; charset=utf-8
      date:
      - Mon, 01 Apr 2024 05:52:08 GMT
      ms-cv:
      - vLulK7KF/0avcx98Z2whew.0
      strict-transport-security:
      - max-age=31536000;includeSubDomains
      transfer-encoding:
      - chunked
      x-azure-ref:
      - 0iEsKZgAAAACLi7H67woHTrkC43oh2e0DSEtCRURHRTA3MTEAOWZjN2I1MTktYThjYy00Zjg5LTkzNWUtYzkxNDhhZTA5ZTgx
      x-cache:
      - CONFIG_NOCACHE
      x-processing-time:
      - 281ms
    status:
      code: 200
      message: OK
    url: sanitized
- request:
    body: null
    headers:
      Accept:
      - '*/*'
      Accept-Encoding:
      - gzip, deflate
      Connection:
      - keep-alive
      User-Agent:
      - azsdk-python-communication-phonenumbers/1.1.0 Python/3.10.11 (Windows-10-10.0.19045-SP0)
      x-ms-content-sha256:
      - 47DEQpj8HBSa+/TImW+5JCeuQeRkm5NMpJWZG3hSuFU=
      x-ms-date:
      - Mon, 01 Apr 2024 05:52:10 GMT
      x-ms-return-client-request-id:
      - 'true'
    method: GET
    uri: https://sanitized.communication.azure.com/phoneNumbers/operations/purchase_debc465a-03b4-4017-889a-9f8878bdd791?api-version=2022-12-01
  response:
    body:
      string: '{"operationType": "purchase", "status": "notStarted", "resourceLocation":
        null, "createdDateTime": "2024-04-01T05:52:01.6921282+00:00", "id": "purchase_debc465a-03b4-4017-889a-9f8878bdd791",
        "lastActionDateTime": "0001-01-01T00:00:00+00:00"}'
    headers:
      api-supported-versions:
      - 2021-03-07, 2022-01-11-preview2, 2022-06-01-preview, 2022-11-15-preview, 2022-12-01,
        2022-12-02-preview2, 2023-05-01-preview, 2023-10-01-preview, 2023-10-01-preview2,
        2024-03-01-preview, 2024-05-01-preview, 2024-08-31-preview
      content-type:
      - application/json; charset=utf-8
      date:
      - Mon, 01 Apr 2024 05:52:11 GMT
      ms-cv:
      - kGSwfxboYU2j3Ov5AHC7xg.0
      strict-transport-security:
      - max-age=31536000;includeSubDomains
      transfer-encoding:
      - chunked
      x-azure-ref:
      - 0iksKZgAAAABw10WL3ivEQI+r8dmicIc7SEtCRURHRTA3MTEAOWZjN2I1MTktYThjYy00Zjg5LTkzNWUtYzkxNDhhZTA5ZTgx
      x-cache:
      - CONFIG_NOCACHE
      x-processing-time:
      - 296ms
    status:
      code: 200
      message: OK
    url: sanitized
- request:
    body: null
    headers:
      Accept:
      - '*/*'
      Accept-Encoding:
      - gzip, deflate
      Connection:
      - keep-alive
      User-Agent:
      - azsdk-python-communication-phonenumbers/1.1.0 Python/3.10.11 (Windows-10-10.0.19045-SP0)
      x-ms-content-sha256:
      - 47DEQpj8HBSa+/TImW+5JCeuQeRkm5NMpJWZG3hSuFU=
      x-ms-date:
      - Mon, 01 Apr 2024 05:52:13 GMT
      x-ms-return-client-request-id:
      - 'true'
    method: GET
    uri: https://sanitized.communication.azure.com/phoneNumbers/operations/purchase_debc465a-03b4-4017-889a-9f8878bdd791?api-version=2022-12-01
  response:
    body:
      string: '{"operationType": "purchase", "status": "notStarted", "resourceLocation":
        null, "createdDateTime": "2024-04-01T05:52:01.6921282+00:00", "id": "purchase_debc465a-03b4-4017-889a-9f8878bdd791",
        "lastActionDateTime": "0001-01-01T00:00:00+00:00"}'
    headers:
      api-supported-versions:
      - 2021-03-07, 2022-01-11-preview2, 2022-06-01-preview, 2022-11-15-preview, 2022-12-01,
        2022-12-02-preview2, 2023-05-01-preview, 2023-10-01-preview, 2023-10-01-preview2,
        2024-03-01-preview, 2024-05-01-preview, 2024-08-31-preview
      content-type:
      - application/json; charset=utf-8
      date:
      - Mon, 01 Apr 2024 05:52:13 GMT
      ms-cv:
      - o9EXdzdztkO5lQaLvnFGsg.0
      strict-transport-security:
      - max-age=31536000;includeSubDomains
      transfer-encoding:
      - chunked
      x-azure-ref:
      - 0jUsKZgAAAAAhGEeBDXLFTLT2poHzdz1vSEtCRURHRTA3MTEAOWZjN2I1MTktYThjYy00Zjg5LTkzNWUtYzkxNDhhZTA5ZTgx
      x-cache:
      - CONFIG_NOCACHE
      x-processing-time:
      - 245ms
    status:
      code: 200
      message: OK
    url: sanitized
- request:
    body: null
    headers:
      Accept:
      - '*/*'
      Accept-Encoding:
      - gzip, deflate
      Connection:
      - keep-alive
      User-Agent:
      - azsdk-python-communication-phonenumbers/1.1.0 Python/3.10.11 (Windows-10-10.0.19045-SP0)
      x-ms-content-sha256:
      - 47DEQpj8HBSa+/TImW+5JCeuQeRkm5NMpJWZG3hSuFU=
      x-ms-date:
      - Mon, 01 Apr 2024 05:52:15 GMT
      x-ms-return-client-request-id:
      - 'true'
    method: GET
    uri: https://sanitized.communication.azure.com/phoneNumbers/operations/purchase_debc465a-03b4-4017-889a-9f8878bdd791?api-version=2022-12-01
  response:
    body:
      string: '{"operationType": "purchase", "status": "notStarted", "resourceLocation":
        null, "createdDateTime": "2024-04-01T05:52:01.6921282+00:00", "id": "purchase_debc465a-03b4-4017-889a-9f8878bdd791",
        "lastActionDateTime": "0001-01-01T00:00:00+00:00"}'
    headers:
      api-supported-versions:
      - 2021-03-07, 2022-01-11-preview2, 2022-06-01-preview, 2022-11-15-preview, 2022-12-01,
        2022-12-02-preview2, 2023-05-01-preview, 2023-10-01-preview, 2023-10-01-preview2,
        2024-03-01-preview, 2024-05-01-preview, 2024-08-31-preview
      content-type:
      - application/json; charset=utf-8
      date:
      - Mon, 01 Apr 2024 05:52:16 GMT
      ms-cv:
      - nqkQ6FwiUEWzU4G41jpsJQ.0
      strict-transport-security:
      - max-age=31536000;includeSubDomains
      transfer-encoding:
      - chunked
      x-azure-ref:
      - 0kEsKZgAAAAC5lE4gFI2xQKXXmOkj22atSEtCRURHRTA3MTEAOWZjN2I1MTktYThjYy00Zjg5LTkzNWUtYzkxNDhhZTA5ZTgx
      x-cache:
      - CONFIG_NOCACHE
      x-processing-time:
      - 235ms
    status:
      code: 200
      message: OK
    url: sanitized
- request:
    body: null
    headers:
      Accept:
      - '*/*'
      Accept-Encoding:
      - gzip, deflate
      Connection:
      - keep-alive
      User-Agent:
      - azsdk-python-communication-phonenumbers/1.1.0 Python/3.10.11 (Windows-10-10.0.19045-SP0)
      x-ms-content-sha256:
      - 47DEQpj8HBSa+/TImW+5JCeuQeRkm5NMpJWZG3hSuFU=
      x-ms-date:
      - Mon, 01 Apr 2024 05:52:18 GMT
      x-ms-return-client-request-id:
      - 'true'
    method: GET
    uri: https://sanitized.communication.azure.com/phoneNumbers/operations/purchase_debc465a-03b4-4017-889a-9f8878bdd791?api-version=2022-12-01
  response:
    body:
      string: '{"operationType": "purchase", "status": "notStarted", "resourceLocation":
        null, "createdDateTime": "2024-04-01T05:52:01.6921282+00:00", "id": "purchase_debc465a-03b4-4017-889a-9f8878bdd791",
        "lastActionDateTime": "0001-01-01T00:00:00+00:00"}'
    headers:
      api-supported-versions:
      - 2021-03-07, 2022-01-11-preview2, 2022-06-01-preview, 2022-11-15-preview, 2022-12-01,
        2022-12-02-preview2, 2023-05-01-preview, 2023-10-01-preview, 2023-10-01-preview2,
        2024-03-01-preview, 2024-05-01-preview, 2024-08-31-preview
      content-type:
      - application/json; charset=utf-8
      date:
      - Mon, 01 Apr 2024 05:52:18 GMT
      ms-cv:
      - Gt/UZueNv0SlSnlgDsT/wg.0
      strict-transport-security:
      - max-age=31536000;includeSubDomains
      transfer-encoding:
      - chunked
      x-azure-ref:
      - 0kksKZgAAAABm56QbSqnsR5ZpaV6McVG5SEtCRURHRTA3MTEAOWZjN2I1MTktYThjYy00Zjg5LTkzNWUtYzkxNDhhZTA5ZTgx
      x-cache:
      - CONFIG_NOCACHE
      x-processing-time:
      - 276ms
    status:
      code: 200
      message: OK
    url: sanitized
- request:
    body: null
    headers:
      Accept:
      - '*/*'
      Accept-Encoding:
      - gzip, deflate
      Connection:
      - keep-alive
      User-Agent:
      - azsdk-python-communication-phonenumbers/1.1.0 Python/3.10.11 (Windows-10-10.0.19045-SP0)
      x-ms-content-sha256:
      - 47DEQpj8HBSa+/TImW+5JCeuQeRkm5NMpJWZG3hSuFU=
      x-ms-date:
      - Mon, 01 Apr 2024 05:52:21 GMT
      x-ms-return-client-request-id:
      - 'true'
    method: GET
    uri: https://sanitized.communication.azure.com/phoneNumbers/operations/purchase_debc465a-03b4-4017-889a-9f8878bdd791?api-version=2022-12-01
  response:
    body:
      string: '{"operationType": "purchase", "status": "notStarted", "resourceLocation":
        null, "createdDateTime": "2024-04-01T05:52:01.6921282+00:00", "id": "purchase_debc465a-03b4-4017-889a-9f8878bdd791",
        "lastActionDateTime": "0001-01-01T00:00:00+00:00"}'
    headers:
      api-supported-versions:
      - 2021-03-07, 2022-01-11-preview2, 2022-06-01-preview, 2022-11-15-preview, 2022-12-01,
        2022-12-02-preview2, 2023-05-01-preview, 2023-10-01-preview, 2023-10-01-preview2,
        2024-03-01-preview, 2024-05-01-preview, 2024-08-31-preview
      content-type:
      - application/json; charset=utf-8
      date:
      - Mon, 01 Apr 2024 05:52:21 GMT
      ms-cv:
      - w5TLfp9kMUKgjvC5AR+0RA.0
      strict-transport-security:
      - max-age=31536000;includeSubDomains
      transfer-encoding:
      - chunked
      x-azure-ref:
      - 0lUsKZgAAAADaSpnLs+uEQ58L/QHLwurjSEtCRURHRTA3MTEAOWZjN2I1MTktYThjYy00Zjg5LTkzNWUtYzkxNDhhZTA5ZTgx
      x-cache:
      - CONFIG_NOCACHE
      x-processing-time:
      - 245ms
    status:
      code: 200
      message: OK
    url: sanitized
- request:
    body: null
    headers:
      Accept:
      - '*/*'
      Accept-Encoding:
      - gzip, deflate
      Connection:
      - keep-alive
      User-Agent:
      - azsdk-python-communication-phonenumbers/1.1.0 Python/3.10.11 (Windows-10-10.0.19045-SP0)
      x-ms-content-sha256:
      - 47DEQpj8HBSa+/TImW+5JCeuQeRkm5NMpJWZG3hSuFU=
      x-ms-date:
      - Mon, 01 Apr 2024 05:52:23 GMT
      x-ms-return-client-request-id:
      - 'true'
    method: GET
    uri: https://sanitized.communication.azure.com/phoneNumbers/operations/purchase_debc465a-03b4-4017-889a-9f8878bdd791?api-version=2022-12-01
  response:
    body:
      string: '{"operationType": "purchase", "status": "notStarted", "resourceLocation":
        null, "createdDateTime": "2024-04-01T05:52:01.6921282+00:00", "id": "purchase_debc465a-03b4-4017-889a-9f8878bdd791",
        "lastActionDateTime": "0001-01-01T00:00:00+00:00"}'
    headers:
      api-supported-versions:
      - 2021-03-07, 2022-01-11-preview2, 2022-06-01-preview, 2022-11-15-preview, 2022-12-01,
        2022-12-02-preview2, 2023-05-01-preview, 2023-10-01-preview, 2023-10-01-preview2,
        2024-03-01-preview, 2024-05-01-preview, 2024-08-31-preview
      content-type:
      - application/json; charset=utf-8
      date:
      - Mon, 01 Apr 2024 05:52:23 GMT
      ms-cv:
      - EDWfMBDO90iYbVFoQg9naA.0
      strict-transport-security:
      - max-age=31536000;includeSubDomains
      transfer-encoding:
      - chunked
      x-azure-ref:
      - 0l0sKZgAAAACiMWTBqaQCSKdsBa1XNs25SEtCRURHRTA3MTEAOWZjN2I1MTktYThjYy00Zjg5LTkzNWUtYzkxNDhhZTA5ZTgx
      x-cache:
      - CONFIG_NOCACHE
      x-processing-time:
      - 256ms
    status:
      code: 200
      message: OK
    url: sanitized
- request:
    body: null
    headers:
      Accept:
      - '*/*'
      Accept-Encoding:
      - gzip, deflate
      Connection:
      - keep-alive
      User-Agent:
      - azsdk-python-communication-phonenumbers/1.1.0 Python/3.10.11 (Windows-10-10.0.19045-SP0)
      x-ms-content-sha256:
      - 47DEQpj8HBSa+/TImW+5JCeuQeRkm5NMpJWZG3hSuFU=
      x-ms-date:
      - Mon, 01 Apr 2024 05:52:26 GMT
      x-ms-return-client-request-id:
      - 'true'
    method: GET
    uri: https://sanitized.communication.azure.com/phoneNumbers/operations/purchase_debc465a-03b4-4017-889a-9f8878bdd791?api-version=2022-12-01
  response:
    body:
      string: '{"operationType": "purchase", "status": "notStarted", "resourceLocation":
        null, "createdDateTime": "2024-04-01T05:52:01.6921282+00:00", "id": "purchase_debc465a-03b4-4017-889a-9f8878bdd791",
        "lastActionDateTime": "0001-01-01T00:00:00+00:00"}'
    headers:
      api-supported-versions:
      - 2021-03-07, 2022-01-11-preview2, 2022-06-01-preview, 2022-11-15-preview, 2022-12-01,
        2022-12-02-preview2, 2023-05-01-preview, 2023-10-01-preview, 2023-10-01-preview2,
        2024-03-01-preview, 2024-05-01-preview, 2024-08-31-preview
      content-type:
      - application/json; charset=utf-8
      date:
      - Mon, 01 Apr 2024 05:52:26 GMT
      ms-cv:
      - 1yvzKBkUzEqjCeOuAC6yew.0
      strict-transport-security:
      - max-age=31536000;includeSubDomains
      transfer-encoding:
      - chunked
      x-azure-ref:
      - 0mksKZgAAAABb1g9Lhk4cToBPB6A0YNEWSEtCRURHRTA3MTEAOWZjN2I1MTktYThjYy00Zjg5LTkzNWUtYzkxNDhhZTA5ZTgx
      x-cache:
      - CONFIG_NOCACHE
      x-processing-time:
      - 267ms
    status:
      code: 200
      message: OK
    url: sanitized
- request:
    body: null
    headers:
      Accept:
      - '*/*'
      Accept-Encoding:
      - gzip, deflate
      Connection:
      - keep-alive
      User-Agent:
      - azsdk-python-communication-phonenumbers/1.1.0 Python/3.10.11 (Windows-10-10.0.19045-SP0)
      x-ms-content-sha256:
      - 47DEQpj8HBSa+/TImW+5JCeuQeRkm5NMpJWZG3hSuFU=
      x-ms-date:
      - Mon, 01 Apr 2024 05:52:28 GMT
      x-ms-return-client-request-id:
      - 'true'
    method: GET
    uri: https://sanitized.communication.azure.com/phoneNumbers/operations/purchase_debc465a-03b4-4017-889a-9f8878bdd791?api-version=2022-12-01
  response:
    body:
      string: '{"operationType": "purchase", "status": "notStarted", "resourceLocation":
        null, "createdDateTime": "2024-04-01T05:52:01.6921282+00:00", "id": "purchase_debc465a-03b4-4017-889a-9f8878bdd791",
        "lastActionDateTime": "0001-01-01T00:00:00+00:00"}'
    headers:
      api-supported-versions:
      - 2021-03-07, 2022-01-11-preview2, 2022-06-01-preview, 2022-11-15-preview, 2022-12-01,
        2022-12-02-preview2, 2023-05-01-preview, 2023-10-01-preview, 2023-10-01-preview2,
        2024-03-01-preview, 2024-05-01-preview, 2024-08-31-preview
      content-type:
      - application/json; charset=utf-8
      date:
      - Mon, 01 Apr 2024 05:52:28 GMT
      ms-cv:
      - iWBFp1ke106/QhhWeB/qrQ.0
      strict-transport-security:
      - max-age=31536000;includeSubDomains
      transfer-encoding:
      - chunked
      x-azure-ref:
      - 0nEsKZgAAAABjt8zkrACkSb06CgTDSaVvSEtCRURHRTA3MTEAOWZjN2I1MTktYThjYy00Zjg5LTkzNWUtYzkxNDhhZTA5ZTgx
      x-cache:
      - CONFIG_NOCACHE
      x-processing-time:
      - 245ms
    status:
      code: 200
      message: OK
    url: sanitized
- request:
    body: null
    headers:
      Accept:
      - '*/*'
      Accept-Encoding:
      - gzip, deflate
      Connection:
      - keep-alive
      User-Agent:
      - azsdk-python-communication-phonenumbers/1.1.0 Python/3.10.11 (Windows-10-10.0.19045-SP0)
      x-ms-content-sha256:
      - 47DEQpj8HBSa+/TImW+5JCeuQeRkm5NMpJWZG3hSuFU=
      x-ms-date:
      - Mon, 01 Apr 2024 05:52:31 GMT
      x-ms-return-client-request-id:
      - 'true'
    method: GET
    uri: https://sanitized.communication.azure.com/phoneNumbers/operations/purchase_debc465a-03b4-4017-889a-9f8878bdd791?api-version=2022-12-01
  response:
    body:
      string: '{"operationType": "purchase", "status": "succeeded", "resourceLocation":
        null, "createdDateTime": "2024-04-01T05:52:01.6921282+00:00", "id": "purchase_debc465a-03b4-4017-889a-9f8878bdd791",
        "lastActionDateTime": "0001-01-01T00:00:00+00:00"}'
    headers:
      api-supported-versions:
      - 2021-03-07, 2022-01-11-preview2, 2022-06-01-preview, 2022-11-15-preview, 2022-12-01,
        2022-12-02-preview2, 2023-05-01-preview, 2023-10-01-preview, 2023-10-01-preview2,
        2024-03-01-preview, 2024-05-01-preview, 2024-08-31-preview
      content-type:
      - application/json; charset=utf-8
      date:
      - Mon, 01 Apr 2024 05:52:31 GMT
      ms-cv:
      - pGdUacHbaU+uBxG6pcM8ew.0
      strict-transport-security:
      - max-age=31536000;includeSubDomains
      transfer-encoding:
      - chunked
      x-azure-ref:
      - 0n0sKZgAAAAAaCq2AMZ60TaR9l3kfAec3SEtCRURHRTA3MTEAOWZjN2I1MTktYThjYy00Zjg5LTkzNWUtYzkxNDhhZTA5ZTgx
      x-cache:
      - CONFIG_NOCACHE
      x-processing-time:
      - 295ms
    status:
      code: 200
      message: OK
    url: sanitized
- request:
    body: '{"from": "sanitized", "smsRecipients": [{"to": "sanitized", "repeatabilityRequestId":
      "sanitized", "repeatabilityFirstSent": "sanitized"}], "message": "Hello there!!",
      "smsSendOptions": {"enableDeliveryReport": false}}'
    headers:
      Accept:
      - application/json
      Accept-Encoding:
      - gzip, deflate
      Connection:
      - keep-alive
      Content-Length:
      - '218'
      Content-Type:
      - application/json
      Date:
      - Mon, 01 Apr 2024 05:52:31 GMT
      User-Agent:
      - AzureCli/1.9.1 azsdk-python-communication-sms/1.0.1 Python/3.10.11 (Windows-10-10.0.19045-SP0)
      x-ms-content-sha256:
      - s5lJWr5CyAhzBPLtUl31vCB6K5QZuvxS5z8Kc+V43RI=
      x-ms-return-client-request-id:
      - 'true'
    method: POST
    uri: https://sanitized.communication.azure.com/sms?api-version=2021-03-07
  response:
    body:
      string: '{"value": [{"to": "sanitized", "messageId": "sanitized", "httpStatusCode":
        202, "repeatabilityResult": "accepted", "successful": true}]}'
    headers:
      api-supported-versions:
      - 2020-07-20-preview1, 2020-08-20-preview, 2021-03-07, 2023-06-30-privatepreview,
        2024-02-05-preview
      content-type:
      - application/json; charset=utf-8
      date:
      - Mon, 01 Apr 2024 05:52:34 GMT
      ms-cv:
      - xg28XQXh5kWyA1FbsM4fNQ.0
      strict-transport-security:
      - max-age=31536000;includeSubDomains
      transfer-encoding:
      - chunked
      x-azure-ref:
      - 0oEsKZgAAAAD38KwYwnQMR7XFHqkPaWq4SEtCRURHRTA3MTIAOWZjN2I1MTktYThjYy00Zjg5LTkzNWUtYzkxNDhhZTA5ZTgx
      x-cache:
      - CONFIG_NOCACHE
      x-processing-time:
      - 966ms
    status:
      code: 202
      message: Accepted
    url: sanitized
version: 1
