interactions:
- request:
    body: '{"phoneNumberType": "tollFree", "assignmentType": "application", "capabilities":
      {"calling": "inbound", "sms": "inbound+outbound"}}'
    headers:
      Accept:
      - application/json
      Accept-Encoding:
      - gzip, deflate
      Connection:
      - keep-alive
      Content-Length:
      - '131'
      Content-Type:
      - application/json
      User-Agent:
      - azsdk-python-communication-phonenumbers/1.1.0 Python/3.10.11 (Windows-10-10.0.22621-SP0)
      x-ms-content-sha256:
      - ecyowPPqS6i2jEjg4ZPaHAki9yDR8IHa8lF+VXRefVM=
      x-ms-date:
      - Fri, 07 Jul 2023 01:47:28 GMT
      x-ms-return-client-request-id:
      - 'true'
    method: POST
    uri: https://sanitized.communication.azure.com/availablePhoneNumbers/countries/US/:search?api-version=2022-12-01
  response:
    body:
      string: ''
    headers:
      access-control-expose-headers:
      - Location,Operation-Location,operation-id,search-id
      api-supported-versions:
      - 2021-03-07, 2022-01-11-preview2, 2022-06-01-preview, 2022-12-01, 2022-12-02-preview2,
        2023-05-01-preview
      content-length:
      - '0'
      date:
      - Fri, 07 Jul 2023 01:47:30 GMT
      location:
      - /availablePhoneNumbers/searchResults/b2ba7e37-16df-4444-9e49-b9e6943e06a9?api-version=2022-12-01
      ms-cv:
      - Y1GIq2YaW0GcM0bczpwIbQ.0
      operation-id:
      - search_b2ba7e37-16df-4444-9e49-b9e6943e06a9
      operation-location:
      - /phoneNumbers/operations/search_b2ba7e37-16df-4444-9e49-b9e6943e06a9?api-version=2022-12-01
      search-id:
      - b2ba7e37-16df-4444-9e49-b9e6943e06a9
      strict-transport-security:
      - max-age=2592000
      x-azure-ref:
      - 0r26nZAAAAADMr2aXwoLzRK9Ej1oeOyzZWVZSMzExMDAwMTE1MDQ5ADlmYzdiNTE5LWE4Y2MtNGY4OS05MzVlLWM5MTQ4YWUwOWU4MQ==
      x-cache:
      - CONFIG_NOCACHE
      x-processing-time:
      - 2236ms
    status:
      code: 202
      message: Accepted
- request:
    body: null
    headers:
      Accept:
      - '*/*'
      Accept-Encoding:
      - gzip, deflate
      Connection:
      - keep-alive
      User-Agent:
      - azsdk-python-communication-phonenumbers/1.1.0 Python/3.10.11 (Windows-10-10.0.22621-SP0)
      x-ms-content-sha256:
      - 47DEQpj8HBSa+/TImW+5JCeuQeRkm5NMpJWZG3hSuFU=
      x-ms-date:
      - Fri, 07 Jul 2023 01:47:31 GMT
      x-ms-return-client-request-id:
      - 'true'
    method: GET
    uri: https://sanitized.communication.azure.com/phoneNumbers/operations/search_b2ba7e37-16df-4444-9e49-b9e6943e06a9?api-version=2022-12-01
  response:
    body:
      string: '{"operationType": "search", "status": "notStarted", "resourceLocation":
        "/availablePhoneNumbers/searchResults/b2ba7e37-16df-4444-9e49-b9e6943e06a9?api-version=2022-12-01",
        "createdDateTime": "2023-07-07T01:47:29.9382784+00:00", "id": "search_b2ba7e37-16df-4444-9e49-b9e6943e06a9",
        "lastActionDateTime": "0001-01-01T00:00:00+00:00"}'
    headers:
      access-control-expose-headers:
      - Location
      api-supported-versions:
      - 2021-03-07, 2022-01-11-preview2, 2022-06-01-preview, 2022-11-15-preview, 2022-12-01,
        2022-12-02-preview2, 2023-05-01-preview
      content-type:
      - application/json; charset=utf-8
      date:
      - Fri, 07 Jul 2023 01:47:30 GMT
      location:
      - /availablePhoneNumbers/searchResults/b2ba7e37-16df-4444-9e49-b9e6943e06a9?api-version=2022-12-01
      ms-cv:
      - 59ywG03roky/PkFyHW+/LA.0
      strict-transport-security:
      - max-age=2592000
      transfer-encoding:
      - chunked
      x-azure-ref:
      - 0sm6nZAAAAABizkKACRoqRoXwpyUwzFXhWVZSMzExMDAwMTE1MDQ5ADlmYzdiNTE5LWE4Y2MtNGY4OS05MzVlLWM5MTQ4YWUwOWU4MQ==
      x-cache:
      - CONFIG_NOCACHE
      x-processing-time:
      - 200ms
    status:
      code: 200
      message: OK
    url: sanitized
- request:
    body: null
    headers:
      Accept:
      - '*/*'
      Accept-Encoding:
      - gzip, deflate
      Connection:
      - keep-alive
      User-Agent:
      - azsdk-python-communication-phonenumbers/1.1.0 Python/3.10.11 (Windows-10-10.0.22621-SP0)
      x-ms-content-sha256:
      - 47DEQpj8HBSa+/TImW+5JCeuQeRkm5NMpJWZG3hSuFU=
      x-ms-date:
      - Fri, 07 Jul 2023 01:47:33 GMT
      x-ms-return-client-request-id:
      - 'true'
    method: GET
    uri: https://sanitized.communication.azure.com/phoneNumbers/operations/search_b2ba7e37-16df-4444-9e49-b9e6943e06a9?api-version=2022-12-01
  response:
    body:
      string: '{"operationType": "search", "status": "running", "resourceLocation":
        "/availablePhoneNumbers/searchResults/b2ba7e37-16df-4444-9e49-b9e6943e06a9?api-version=2022-12-01",
        "createdDateTime": "2023-07-07T01:47:29.9382784+00:00", "id": "search_b2ba7e37-16df-4444-9e49-b9e6943e06a9",
        "lastActionDateTime": "0001-01-01T00:00:00+00:00"}'
    headers:
      access-control-expose-headers:
      - Location
      api-supported-versions:
      - 2021-03-07, 2022-01-11-preview2, 2022-06-01-preview, 2022-11-15-preview, 2022-12-01,
        2022-12-02-preview2, 2023-05-01-preview
      content-type:
      - application/json; charset=utf-8
      date:
      - Fri, 07 Jul 2023 01:47:32 GMT
      location:
      - /availablePhoneNumbers/searchResults/b2ba7e37-16df-4444-9e49-b9e6943e06a9?api-version=2022-12-01
      ms-cv:
      - QsngtzqPNUimbo+uHkxuGw.0
      strict-transport-security:
      - max-age=2592000
      transfer-encoding:
      - chunked
      x-azure-ref:
      - 0tG6nZAAAAAAwhIb4qfgCSI5wJy4QDSb2WVZSMzExMDAwMTE1MDQ5ADlmYzdiNTE5LWE4Y2MtNGY4OS05MzVlLWM5MTQ4YWUwOWU4MQ==
      x-cache:
      - CONFIG_NOCACHE
      x-processing-time:
      - 183ms
    status:
      code: 200
      message: OK
    url: sanitized
- request:
    body: null
    headers:
      Accept:
      - '*/*'
      Accept-Encoding:
      - gzip, deflate
      Connection:
      - keep-alive
      User-Agent:
      - azsdk-python-communication-phonenumbers/1.1.0 Python/3.10.11 (Windows-10-10.0.22621-SP0)
      x-ms-content-sha256:
      - 47DEQpj8HBSa+/TImW+5JCeuQeRkm5NMpJWZG3hSuFU=
      x-ms-date:
      - Fri, 07 Jul 2023 01:47:35 GMT
      x-ms-return-client-request-id:
      - 'true'
    method: GET
    uri: https://sanitized.communication.azure.com/phoneNumbers/operations/search_b2ba7e37-16df-4444-9e49-b9e6943e06a9?api-version=2022-12-01
  response:
    body:
      string: '{"operationType": "search", "status": "succeeded", "resourceLocation":
        "/availablePhoneNumbers/searchResults/b2ba7e37-16df-4444-9e49-b9e6943e06a9?api-version=2022-12-01",
        "createdDateTime": "2023-07-07T01:47:29.9382784+00:00", "id": "search_b2ba7e37-16df-4444-9e49-b9e6943e06a9",
        "lastActionDateTime": "0001-01-01T00:00:00+00:00"}'
    headers:
      access-control-expose-headers:
      - Location
      api-supported-versions:
      - 2021-03-07, 2022-01-11-preview2, 2022-06-01-preview, 2022-11-15-preview, 2022-12-01,
        2022-12-02-preview2, 2023-05-01-preview
      content-type:
      - application/json; charset=utf-8
      date:
      - Fri, 07 Jul 2023 01:47:34 GMT
      location:
      - /availablePhoneNumbers/searchResults/b2ba7e37-16df-4444-9e49-b9e6943e06a9?api-version=2022-12-01
      ms-cv:
      - NhMXVSvHi0Wjo6yryZS16g.0
      strict-transport-security:
      - max-age=2592000
      transfer-encoding:
      - chunked
      x-azure-ref:
      - 0t26nZAAAAAC9xSyojshvSqdCSQasuf7QWVZSMzExMDAwMTE1MDQ5ADlmYzdiNTE5LWE4Y2MtNGY4OS05MzVlLWM5MTQ4YWUwOWU4MQ==
      x-cache:
      - CONFIG_NOCACHE
      x-processing-time:
      - 191ms
    status:
      code: 200
      message: OK
    url: sanitized
- request:
    body: null
    headers:
      Accept:
      - '*/*'
      Accept-Encoding:
      - gzip, deflate
      Connection:
      - keep-alive
      User-Agent:
      - azsdk-python-communication-phonenumbers/1.1.0 Python/3.10.11 (Windows-10-10.0.22621-SP0)
      x-ms-content-sha256:
      - 47DEQpj8HBSa+/TImW+5JCeuQeRkm5NMpJWZG3hSuFU=
      x-ms-date:
      - Fri, 07 Jul 2023 01:47:36 GMT
      x-ms-return-client-request-id:
      - 'true'
    method: GET
    uri: https://sanitized.communication.azure.com/availablePhoneNumbers/searchResults/b2ba7e37-16df-4444-9e49-b9e6943e06a9?api-version=2022-12-01
  response:
    body:
      string: '{"searchId": "b2ba7e37-16df-4444-9e49-b9e6943e06a9", "phoneNumbers":
        ["+18442234295"], "phoneNumberType": "tollFree", "assignmentType": "application",
        "capabilities": {"calling": "inbound", "sms": "inbound+outbound"}, "cost":
        {"amount": 2.0, "currencyCode": "USD", "billingFrequency": "monthly"}, "searchExpiresBy":
        "2023-07-07T02:03:34.3291657+00:00", "error": "NoError"}'
    headers:
      api-supported-versions:
      - 2021-03-07, 2022-01-11-preview2, 2022-06-01-preview, 2022-12-01, 2022-12-02-preview2,
        2023-05-01-preview
      content-length:
      - '372'
      content-type:
      - application/json; charset=utf-8
      date:
      - Fri, 07 Jul 2023 01:47:35 GMT
      ms-cv:
      - RrvP9Oz3J0mmCNwUytGIwQ.0
      strict-transport-security:
      - max-age=2592000
      x-azure-ref:
      - 0t26nZAAAAAAgaaI+gGW0QqmGZ+OimdqQWVZSMzExMDAwMTE1MDQ5ADlmYzdiNTE5LWE4Y2MtNGY4OS05MzVlLWM5MTQ4YWUwOWU4MQ==
      x-cache:
      - CONFIG_NOCACHE
      x-processing-time:
      - 392ms
    status:
      code: 200
      message: OK
    url: sanitized
- request:
    body: '{"searchId": "b2ba7e37-16df-4444-9e49-b9e6943e06a9"}'
    headers:
      Accept:
      - application/json
      Accept-Encoding:
      - gzip, deflate
      Connection:
      - keep-alive
      Content-Length:
      - '52'
      Content-Type:
      - application/json
      User-Agent:
      - azsdk-python-communication-phonenumbers/1.1.0 Python/3.10.11 (Windows-10-10.0.22621-SP0)
      x-ms-content-sha256:
      - 1ptGMfTKQX/fkmb5yPHYN9mE3um+9/uVmCwzQaamDBU=
      x-ms-date:
      - Fri, 07 Jul 2023 01:47:36 GMT
      x-ms-return-client-request-id:
      - 'true'
    method: POST
    uri: https://sanitized.communication.azure.com/availablePhoneNumbers/:purchase?api-version=2022-12-01
  response:
    body:
      string: ''
    headers:
      access-control-expose-headers:
      - Operation-Location,operation-id,purchase-id
      api-supported-versions:
      - 2021-03-07, 2022-01-11-preview2, 2022-06-01-preview, 2022-12-01, 2022-12-02-preview2,
        2023-05-01-preview
      content-length:
      - '0'
      date:
      - Fri, 07 Jul 2023 01:47:36 GMT
      ms-cv:
      - HXB5YCZAW0+oW8d8ickaGQ.0
      operation-id:
      - purchase_b2ba7e37-16df-4444-9e49-b9e6943e06a9
      operation-location:
      - /phoneNumbers/operations/purchase_b2ba7e37-16df-4444-9e49-b9e6943e06a9?api-version=2022-12-01
      purchase-id:
      - b2ba7e37-16df-4444-9e49-b9e6943e06a9
      strict-transport-security:
      - max-age=2592000
      x-azure-ref:
      - 0t26nZAAAAAD8skOvDtrCTaXhfE0PjCClWVZSMzExMDAwMTE1MDQ5ADlmYzdiNTE5LWE4Y2MtNGY4OS05MzVlLWM5MTQ4YWUwOWU4MQ==
      x-cache:
      - CONFIG_NOCACHE
      x-processing-time:
      - 749ms
    status:
      code: 202
      message: Accepted
- request:
    body: null
    headers:
      Accept:
      - '*/*'
      Accept-Encoding:
      - gzip, deflate
      Connection:
      - keep-alive
      User-Agent:
      - azsdk-python-communication-phonenumbers/1.1.0 Python/3.10.11 (Windows-10-10.0.22621-SP0)
      x-ms-content-sha256:
      - 47DEQpj8HBSa+/TImW+5JCeuQeRkm5NMpJWZG3hSuFU=
      x-ms-date:
      - Fri, 07 Jul 2023 01:47:37 GMT
      x-ms-return-client-request-id:
      - 'true'
    method: GET
    uri: https://sanitized.communication.azure.com/phoneNumbers/operations/purchase_b2ba7e37-16df-4444-9e49-b9e6943e06a9?api-version=2022-12-01
  response:
    body:
      string: '{"operationType": "purchase", "status": "running", "resourceLocation":
        null, "createdDateTime": "2023-07-07T01:47:29.9382784+00:00", "id": "purchase_b2ba7e37-16df-4444-9e49-b9e6943e06a9",
        "lastActionDateTime": "0001-01-01T00:00:00+00:00"}'
    headers:
      api-supported-versions:
      - 2021-03-07, 2022-01-11-preview2, 2022-06-01-preview, 2022-11-15-preview, 2022-12-01,
        2022-12-02-preview2, 2023-05-01-preview
      content-type:
      - application/json; charset=utf-8
      date:
      - Fri, 07 Jul 2023 01:47:36 GMT
      ms-cv:
      - tauBpHDRS0qg4KWO3FGNrg.0
      strict-transport-security:
      - max-age=2592000
      transfer-encoding:
      - chunked
      x-azure-ref:
      - 0uG6nZAAAAABTwBvyt0JFT5Do8GlruIzOWVZSMzExMDAwMTE1MDQ5ADlmYzdiNTE5LWE4Y2MtNGY4OS05MzVlLWM5MTQ4YWUwOWU4MQ==
      x-cache:
      - CONFIG_NOCACHE
      x-processing-time:
      - 182ms
    status:
      code: 200
      message: OK
    url: sanitized
- request:
    body: null
    headers:
      Accept:
      - '*/*'
      Accept-Encoding:
      - gzip, deflate
      Connection:
      - keep-alive
      User-Agent:
      - azsdk-python-communication-phonenumbers/1.1.0 Python/3.10.11 (Windows-10-10.0.22621-SP0)
      x-ms-content-sha256:
      - 47DEQpj8HBSa+/TImW+5JCeuQeRkm5NMpJWZG3hSuFU=
      x-ms-date:
      - Fri, 07 Jul 2023 01:47:39 GMT
      x-ms-return-client-request-id:
      - 'true'
    method: GET
    uri: https://sanitized.communication.azure.com/phoneNumbers/operations/purchase_b2ba7e37-16df-4444-9e49-b9e6943e06a9?api-version=2022-12-01
  response:
    body:
      string: '{"operationType": "purchase", "status": "notStarted", "resourceLocation":
        null, "createdDateTime": "2023-07-07T01:47:29.9382784+00:00", "id": "purchase_b2ba7e37-16df-4444-9e49-b9e6943e06a9",
        "lastActionDateTime": "0001-01-01T00:00:00+00:00"}'
    headers:
      api-supported-versions:
      - 2021-03-07, 2022-01-11-preview2, 2022-06-01-preview, 2022-11-15-preview, 2022-12-01,
        2022-12-02-preview2, 2023-05-01-preview
      content-type:
      - application/json; charset=utf-8
      date:
      - Fri, 07 Jul 2023 01:47:38 GMT
      ms-cv:
      - GXFds8FSvUKisICdiYzLpw.0
      strict-transport-security:
      - max-age=2592000
      transfer-encoding:
      - chunked
      x-azure-ref:
      - 0um6nZAAAAABLpMfaPUJDSoypArrk5kxIWVZSMzExMDAwMTE1MDQ5ADlmYzdiNTE5LWE4Y2MtNGY4OS05MzVlLWM5MTQ4YWUwOWU4MQ==
      x-cache:
      - CONFIG_NOCACHE
      x-processing-time:
      - 403ms
    status:
      code: 200
      message: OK
    url: sanitized
- request:
    body: null
    headers:
      Accept:
      - '*/*'
      Accept-Encoding:
      - gzip, deflate
      Connection:
      - keep-alive
      User-Agent:
      - azsdk-python-communication-phonenumbers/1.1.0 Python/3.10.11 (Windows-10-10.0.22621-SP0)
      x-ms-content-sha256:
      - 47DEQpj8HBSa+/TImW+5JCeuQeRkm5NMpJWZG3hSuFU=
      x-ms-date:
      - Fri, 07 Jul 2023 01:47:42 GMT
      x-ms-return-client-request-id:
      - 'true'
    method: GET
    uri: https://sanitized.communication.azure.com/phoneNumbers/operations/purchase_b2ba7e37-16df-4444-9e49-b9e6943e06a9?api-version=2022-12-01
  response:
    body:
      string: '{"operationType": "purchase", "status": "notStarted", "resourceLocation":
        null, "createdDateTime": "2023-07-07T01:47:29.9382784+00:00", "id": "purchase_b2ba7e37-16df-4444-9e49-b9e6943e06a9",
        "lastActionDateTime": "0001-01-01T00:00:00+00:00"}'
    headers:
      api-supported-versions:
      - 2021-03-07, 2022-01-11-preview2, 2022-06-01-preview, 2022-11-15-preview, 2022-12-01,
        2022-12-02-preview2, 2023-05-01-preview
      content-type:
      - application/json; charset=utf-8
      date:
      - Fri, 07 Jul 2023 01:47:41 GMT
      ms-cv:
      - Qt4pUCe9tEWVmbNER1Of0A.0
      strict-transport-security:
      - max-age=2592000
      transfer-encoding:
      - chunked
      x-azure-ref:
      - 0vW6nZAAAAADU6vhhFBwKSbe6kIDtUWAIWVZSMzExMDAwMTE1MDQ5ADlmYzdiNTE5LWE4Y2MtNGY4OS05MzVlLWM5MTQ4YWUwOWU4MQ==
      x-cache:
      - CONFIG_NOCACHE
      x-processing-time:
      - 314ms
    status:
      code: 200
      message: OK
    url: sanitized
- request:
    body: null
    headers:
      Accept:
      - '*/*'
      Accept-Encoding:
      - gzip, deflate
      Connection:
      - keep-alive
      User-Agent:
      - azsdk-python-communication-phonenumbers/1.1.0 Python/3.10.11 (Windows-10-10.0.22621-SP0)
      x-ms-content-sha256:
      - 47DEQpj8HBSa+/TImW+5JCeuQeRkm5NMpJWZG3hSuFU=
      x-ms-date:
      - Fri, 07 Jul 2023 01:47:44 GMT
      x-ms-return-client-request-id:
      - 'true'
    method: GET
    uri: https://sanitized.communication.azure.com/phoneNumbers/operations/purchase_b2ba7e37-16df-4444-9e49-b9e6943e06a9?api-version=2022-12-01
  response:
    body:
      string: '{"operationType": "purchase", "status": "notStarted", "resourceLocation":
        null, "createdDateTime": "2023-07-07T01:47:29.9382784+00:00", "id": "purchase_b2ba7e37-16df-4444-9e49-b9e6943e06a9",
        "lastActionDateTime": "0001-01-01T00:00:00+00:00"}'
    headers:
      api-supported-versions:
      - 2021-03-07, 2022-01-11-preview2, 2022-06-01-preview, 2022-11-15-preview, 2022-12-01,
        2022-12-02-preview2, 2023-05-01-preview
      content-type:
      - application/json; charset=utf-8
      date:
      - Fri, 07 Jul 2023 01:47:43 GMT
      ms-cv:
      - yKhjnH9QgU+j8nuXE83iHA.0
      strict-transport-security:
      - max-age=2592000
      transfer-encoding:
      - chunked
      x-azure-ref:
      - 0v26nZAAAAADyYHUnt0p4T5PVcB4NdobcWVZSMzExMDAwMTE1MDQ5ADlmYzdiNTE5LWE4Y2MtNGY4OS05MzVlLWM5MTQ4YWUwOWU4MQ==
      x-cache:
      - CONFIG_NOCACHE
      x-processing-time:
      - 204ms
    status:
      code: 200
      message: OK
    url: sanitized
- request:
    body: null
    headers:
      Accept:
      - '*/*'
      Accept-Encoding:
      - gzip, deflate
      Connection:
      - keep-alive
      User-Agent:
      - azsdk-python-communication-phonenumbers/1.1.0 Python/3.10.11 (Windows-10-10.0.22621-SP0)
      x-ms-content-sha256:
      - 47DEQpj8HBSa+/TImW+5JCeuQeRkm5NMpJWZG3hSuFU=
      x-ms-date:
      - Fri, 07 Jul 2023 01:47:46 GMT
      x-ms-return-client-request-id:
      - 'true'
    method: GET
    uri: https://sanitized.communication.azure.com/phoneNumbers/operations/purchase_b2ba7e37-16df-4444-9e49-b9e6943e06a9?api-version=2022-12-01
  response:
    body:
      string: '{"operationType": "purchase", "status": "notStarted", "resourceLocation":
        null, "createdDateTime": "2023-07-07T01:47:29.9382784+00:00", "id": "purchase_b2ba7e37-16df-4444-9e49-b9e6943e06a9",
        "lastActionDateTime": "0001-01-01T00:00:00+00:00"}'
    headers:
      api-supported-versions:
      - 2021-03-07, 2022-01-11-preview2, 2022-06-01-preview, 2022-11-15-preview, 2022-12-01,
        2022-12-02-preview2, 2023-05-01-preview
      content-type:
      - application/json; charset=utf-8
      date:
      - Fri, 07 Jul 2023 01:47:46 GMT
      ms-cv:
      - chl88dSf7kuPdLL+qVx2AA.0
      strict-transport-security:
      - max-age=2592000
      transfer-encoding:
      - chunked
      x-azure-ref:
      - 0wm6nZAAAAACbPWoYXPoWQ6cCDcfJ3CC2WVZSMzExMDAwMTE1MDQ5ADlmYzdiNTE5LWE4Y2MtNGY4OS05MzVlLWM5MTQ4YWUwOWU4MQ==
      x-cache:
      - CONFIG_NOCACHE
      x-processing-time:
      - 216ms
    status:
      code: 200
      message: OK
    url: sanitized
- request:
    body: null
    headers:
      Accept:
      - '*/*'
      Accept-Encoding:
      - gzip, deflate
      Connection:
      - keep-alive
      User-Agent:
      - azsdk-python-communication-phonenumbers/1.1.0 Python/3.10.11 (Windows-10-10.0.22621-SP0)
      x-ms-content-sha256:
      - 47DEQpj8HBSa+/TImW+5JCeuQeRkm5NMpJWZG3hSuFU=
      x-ms-date:
      - Fri, 07 Jul 2023 01:47:49 GMT
      x-ms-return-client-request-id:
      - 'true'
    method: GET
    uri: https://sanitized.communication.azure.com/phoneNumbers/operations/purchase_b2ba7e37-16df-4444-9e49-b9e6943e06a9?api-version=2022-12-01
  response:
    body:
      string: '{"operationType": "purchase", "status": "notStarted", "resourceLocation":
        null, "createdDateTime": "2023-07-07T01:47:29.9382784+00:00", "id": "purchase_b2ba7e37-16df-4444-9e49-b9e6943e06a9",
        "lastActionDateTime": "0001-01-01T00:00:00+00:00"}'
    headers:
      api-supported-versions:
      - 2021-03-07, 2022-01-11-preview2, 2022-06-01-preview, 2022-11-15-preview, 2022-12-01,
        2022-12-02-preview2, 2023-05-01-preview
      content-type:
      - application/json; charset=utf-8
      date:
      - Fri, 07 Jul 2023 01:47:48 GMT
      ms-cv:
      - Jxm9ShxAWkC564ltiIcBEQ.0
      strict-transport-security:
      - max-age=2592000
      transfer-encoding:
      - chunked
      x-azure-ref:
      - 0xG6nZAAAAADHo79JFhMaRJWW/rIdwspMWVZSMzExMDAwMTE1MDQ5ADlmYzdiNTE5LWE4Y2MtNGY4OS05MzVlLWM5MTQ4YWUwOWU4MQ==
      x-cache:
      - CONFIG_NOCACHE
      x-processing-time:
      - 223ms
    status:
      code: 200
      message: OK
    url: sanitized
- request:
    body: null
    headers:
      Accept:
      - '*/*'
      Accept-Encoding:
      - gzip, deflate
      Connection:
      - keep-alive
      User-Agent:
      - azsdk-python-communication-phonenumbers/1.1.0 Python/3.10.11 (Windows-10-10.0.22621-SP0)
      x-ms-content-sha256:
      - 47DEQpj8HBSa+/TImW+5JCeuQeRkm5NMpJWZG3hSuFU=
      x-ms-date:
      - Fri, 07 Jul 2023 01:47:51 GMT
      x-ms-return-client-request-id:
      - 'true'
    method: GET
    uri: https://sanitized.communication.azure.com/phoneNumbers/operations/purchase_b2ba7e37-16df-4444-9e49-b9e6943e06a9?api-version=2022-12-01
  response:
    body:
      string: '{"operationType": "purchase", "status": "notStarted", "resourceLocation":
        null, "createdDateTime": "2023-07-07T01:47:29.9382784+00:00", "id": "purchase_b2ba7e37-16df-4444-9e49-b9e6943e06a9",
        "lastActionDateTime": "0001-01-01T00:00:00+00:00"}'
    headers:
      api-supported-versions:
      - 2021-03-07, 2022-01-11-preview2, 2022-06-01-preview, 2022-11-15-preview, 2022-12-01,
        2022-12-02-preview2, 2023-05-01-preview
      content-type:
      - application/json; charset=utf-8
      date:
      - Fri, 07 Jul 2023 01:47:50 GMT
      ms-cv:
      - m3HRTR4CsE+EACkUrR+M8g.0
      strict-transport-security:
      - max-age=2592000
      transfer-encoding:
      - chunked
      x-azure-ref:
      - 0xm6nZAAAAABlB6INqTBdQqWoYBOveC89WVZSMzExMDAwMTE1MDQ5ADlmYzdiNTE5LWE4Y2MtNGY4OS05MzVlLWM5MTQ4YWUwOWU4MQ==
      x-cache:
      - CONFIG_NOCACHE
      x-processing-time:
      - 211ms
    status:
      code: 200
      message: OK
    url: sanitized
- request:
    body: null
    headers:
      Accept:
      - '*/*'
      Accept-Encoding:
      - gzip, deflate
      Connection:
      - keep-alive
      User-Agent:
      - azsdk-python-communication-phonenumbers/1.1.0 Python/3.10.11 (Windows-10-10.0.22621-SP0)
      x-ms-content-sha256:
      - 47DEQpj8HBSa+/TImW+5JCeuQeRkm5NMpJWZG3hSuFU=
      x-ms-date:
      - Fri, 07 Jul 2023 01:47:53 GMT
      x-ms-return-client-request-id:
      - 'true'
    method: GET
    uri: https://sanitized.communication.azure.com/phoneNumbers/operations/purchase_b2ba7e37-16df-4444-9e49-b9e6943e06a9?api-version=2022-12-01
  response:
    body:
      string: '{"operationType": "purchase", "status": "notStarted", "resourceLocation":
        null, "createdDateTime": "2023-07-07T01:47:29.9382784+00:00", "id": "purchase_b2ba7e37-16df-4444-9e49-b9e6943e06a9",
        "lastActionDateTime": "0001-01-01T00:00:00+00:00"}'
    headers:
      api-supported-versions:
      - 2021-03-07, 2022-01-11-preview2, 2022-06-01-preview, 2022-11-15-preview, 2022-12-01,
        2022-12-02-preview2, 2023-05-01-preview
      content-type:
      - application/json; charset=utf-8
      date:
      - Fri, 07 Jul 2023 01:47:52 GMT
      ms-cv:
      - ZFWF9hjRwUyuaV4Kw/vvTA.0
      strict-transport-security:
      - max-age=2592000
      transfer-encoding:
      - chunked
      x-azure-ref:
      - 0yW6nZAAAAADu96Ko0f8wSrZtktBswkNsWVZSMzExMDAwMTE1MDQ5ADlmYzdiNTE5LWE4Y2MtNGY4OS05MzVlLWM5MTQ4YWUwOWU4MQ==
      x-cache:
      - CONFIG_NOCACHE
      x-processing-time:
      - 212ms
    status:
      code: 200
      message: OK
    url: sanitized
- request:
    body: null
    headers:
      Accept:
      - '*/*'
      Accept-Encoding:
      - gzip, deflate
      Connection:
      - keep-alive
      User-Agent:
      - azsdk-python-communication-phonenumbers/1.1.0 Python/3.10.11 (Windows-10-10.0.22621-SP0)
      x-ms-content-sha256:
      - 47DEQpj8HBSa+/TImW+5JCeuQeRkm5NMpJWZG3hSuFU=
      x-ms-date:
      - Fri, 07 Jul 2023 01:47:56 GMT
      x-ms-return-client-request-id:
      - 'true'
    method: GET
    uri: https://sanitized.communication.azure.com/phoneNumbers/operations/purchase_b2ba7e37-16df-4444-9e49-b9e6943e06a9?api-version=2022-12-01
  response:
    body:
      string: '{"operationType": "purchase", "status": "succeeded", "resourceLocation":
        null, "createdDateTime": "2023-07-07T01:47:29.9382784+00:00", "id": "purchase_b2ba7e37-16df-4444-9e49-b9e6943e06a9",
        "lastActionDateTime": "0001-01-01T00:00:00+00:00"}'
    headers:
      api-supported-versions:
      - 2021-03-07, 2022-01-11-preview2, 2022-06-01-preview, 2022-11-15-preview, 2022-12-01,
        2022-12-02-preview2, 2023-05-01-preview
      content-type:
      - application/json; charset=utf-8
      date:
      - Fri, 07 Jul 2023 01:47:55 GMT
      ms-cv:
      - ItibDzNsxU+BGHe5r4Qg4w.0
      strict-transport-security:
      - max-age=2592000
      transfer-encoding:
      - chunked
      x-azure-ref:
      - 0y26nZAAAAAD7RLNAJIJaQ5lE0TmqgnjGWVZSMzExMDAwMTE1MDQ5ADlmYzdiNTE5LWE4Y2MtNGY4OS05MzVlLWM5MTQ4YWUwOWU4MQ==
      x-cache:
      - CONFIG_NOCACHE
      x-processing-time:
      - 228ms
    status:
      code: 200
      message: OK
    url: sanitized
- request:
    body: '{"from": "sanitized", "smsRecipients": [{"to": "sanitized", "repeatabilityRequestId":
      "sanitized", "repeatabilityFirstSent": "sanitized"}], "message": "Hello there!!",
      "smsSendOptions": {"enableDeliveryReport": false}}'
    headers:
      Accept:
      - application/json
      Accept-Encoding:
      - gzip, deflate
      Connection:
      - keep-alive
      Content-Length:
      - '218'
      Content-Type:
      - application/json
      Date:
      - Fri, 07 Jul 2023 01:47:56 GMT
      User-Agent:
      - AzureCli/1.7.0b1 azsdk-python-communication-sms/1.0.1 Python/3.10.11 (Windows-10-10.0.22621-SP0)
      x-ms-content-sha256:
      - f44pP/0R2MdXLU+SLZlle3zK5yVCz8NJIdGCbpMG6cQ=
      x-ms-return-client-request-id:
      - 'true'
    method: POST
    uri: https://sanitized.communication.azure.com/sms?api-version=2021-03-07
  response:
    body:
      string: '{"value": [{"to": "sanitized", "messageId": "sanitized", "httpStatusCode":
        202, "repeatabilityResult": "accepted", "successful": true}]}'
    headers:
      api-supported-versions:
      - 2020-07-20-preview1, 2020-08-20-preview, 2021-03-07, 2023-06-30-privatepreview
      content-length:
      - '136'
      content-type:
      - application/json; charset=utf-8
      date:
      - Fri, 07 Jul 2023 01:47:55 GMT
      ms-cv:
      - +DF9Xy8SE0Ks1YFTHl9WuQ.0
      strict-transport-security:
      - max-age=2592000
      x-azure-ref:
      - 0y26nZAAAAADp1hUYJ6OLRoeC//Xvjo8WWVZSMzExMDAwMTE1MDUzADlmYzdiNTE5LWE4Y2MtNGY4OS05MzVlLWM5MTQ4YWUwOWU4MQ==
      x-cache:
      - CONFIG_NOCACHE
      x-processing-time:
      - 194ms
    status:
      code: 202
      message: Accepted
    url: sanitized
version: 1
