interactions:
- request:
    body: '{"createTokenWithScopes": ["chat"]}'
    headers:
      Accept:
      - application/json
      Accept-Encoding:
      - gzip, deflate
      Connection:
      - keep-alive
      Content-Length:
      - '35'
      Content-Type:
      - application/json
      User-Agent:
      - AzureCli/1.2.2 azsdk-python-communication-identity/1.2.0 Python/3.8.10 (Windows-10-10.0.19044-SP0)
      x-ms-content-sha256:
      - kWpGozyV35fifbpKdY8mbdG64VG0Pdq5upzo7YKAFM0=
      x-ms-date:
      - Wed, 21 Sep 2022 22:41:14 GMT
      x-ms-return-client-request-id:
      - 'true'
    method: POST
    uri: https://sanitized.communication.azure.com/identities?api-version=2022-06-01
  response:
    body:
      string: '{"identity": {"id": "sanitized"}, "accessToken": {"token": "sanitized",
        "expiresOn": "2022-09-22T22:41:15.8297447+00:00"}}'
    headers:
      api-supported-versions:
      - 2020-07-20-preview2, 2021-02-22-preview1, 2021-03-07, 2021-10-31-preview,
        2021-11-01, 2022-06-01
      content-length:
      - '122'
      content-type:
      - application/json; charset=utf-8
      date:
      - Wed, 21 Sep 2022 22:41:15 GMT
      ms-cv:
      - Uk4cxbwlTE69xVxfBQIbhA.0
      request-context:
      - appId=
      strict-transport-security:
      - max-age=2592000
      x-azure-ref:
      - 0C5MrYwAAAAB5NO/e2SjMQq0C5SQDzl7zWVZSMzExMDAwMTE2MDUzADlmYzdiNTE5LWE4Y2MtNGY4OS05MzVlLWM5MTQ4YWUwOWU4MQ==
      x-cache:
      - CONFIG_NOCACHE
      x-processing-time:
      - 127ms
    status:
      code: 201
      message: Created
- request:
    body: '{"createTokenWithScopes": ["chat"]}'
    headers:
      Accept:
      - application/json
      Accept-Encoding:
      - gzip, deflate
      Connection:
      - keep-alive
      Content-Length:
      - '35'
      Content-Type:
      - application/json
      User-Agent:
      - AzureCli/1.2.2 azsdk-python-communication-identity/1.2.0 Python/3.8.10 (Windows-10-10.0.19044-SP0)
      x-ms-content-sha256:
      - kWpGozyV35fifbpKdY8mbdG64VG0Pdq5upzo7YKAFM0=
      x-ms-date:
      - Wed, 21 Sep 2022 22:41:14 GMT
      x-ms-return-client-request-id:
      - 'true'
    method: POST
    uri: https://sanitized.communication.azure.com/identities?api-version=2022-06-01
  response:
    body:
      string: '{"identity": {"id": "sanitized"}, "accessToken": {"token": "sanitized",
        "expiresOn": "2022-09-22T22:41:16.5064586+00:00"}}'
    headers:
      api-supported-versions:
      - 2020-07-20-preview2, 2021-02-22-preview1, 2021-03-07, 2021-10-31-preview,
        2021-11-01, 2022-06-01
      content-length:
      - '122'
      content-type:
      - application/json; charset=utf-8
      date:
      - Wed, 21 Sep 2022 22:41:15 GMT
      ms-cv:
      - 3YY1wBloMES23Ftf/HinNw.0
      request-context:
      - appId=
      strict-transport-security:
      - max-age=2592000
      x-azure-ref:
      - 0DJMrYwAAAADU0T+WXw9LT5KZzeebgMdVWVZSMzExMDAwMTE2MDQ5ADlmYzdiNTE5LWE4Y2MtNGY4OS05MzVlLWM5MTQ4YWUwOWU4MQ==
      x-cache:
      - CONFIG_NOCACHE
      x-processing-time:
      - 122ms
    status:
      code: 201
      message: Created
- request:
    body: '{"topic": "chat-topic", "participants": []}'
    headers:
      Accept:
      - application/json
      Accept-Encoding:
      - gzip, deflate
      Connection:
      - keep-alive
      Content-Length:
      - '43'
      Content-Type:
      - application/json
      User-Agent:
      - AzureCli/1.2.2 azsdk-python-communication-chat/1.1.0 Python/3.8.10 (Windows-10-10.0.19044-SP0)
      repeatability-request-id:
      - 9f33df8b-7bbe-497b-910b-661dfd3de1ad
    method: POST
    uri: https://sanitized.communication.azure.com/chat/threads?api-version=2021-09-07
  response:
    body:
      string: '{"chatThread": {"id": "sanitized", "topic": "chat-topic", "createdOn":
        "2022-09-21T22:41:16Z", "createdByCommunicationIdentifier": {"rawId": "sanitized",
        "communicationUser": {"id": "sanitized"}}}}'
    headers:
      api-supported-versions:
      - 2021-03-07, 2021-04-05-preview6, 2021-09-07, 2022-11-15-preview8
      content-type:
      - application/json; charset=utf-8
      date:
      - Wed, 21 Sep 2022 22:41:16 GMT
      location:
      - https://clitest000002.communication.azure.com/chat/threads/19%3AE6Jfa050emgshaPagc283M92Dz85balT8-OlCgy0KQ81@thread.v2
      ms-cv:
      - yC29GuxeS0uOIKbHVVm8fw.0
      strict-transport-security:
      - max-age=2592000
      transfer-encoding:
      - chunked
      x-azure-ref:
      - 0DJMrYwAAAADFr9cqWOqPSLtimBnCGDLeWVZSMzExMDAwMTE1MDI3ADlmYzdiNTE5LWE4Y2MtNGY4OS05MzVlLWM5MTQ4YWUwOWU4MQ==
      x-cache:
      - CONFIG_NOCACHE
      x-processing-time:
      - 525ms
    status:
      code: 201
      message: Created
- request:
    body: '{"participants": [{"communicationIdentifier": {"rawId": "8:acs:7746014f-86bf-4850-8c90-b19f3788206d_00000014-0218-0cd5-570c-113a0d0097b9",
      "communicationUser": {"id": "8:acs:7746014f-86bf-4850-8c90-b19f3788206d_00000014-0218-0cd5-570c-113a0d0097b9"}}}]}'
    headers:
      Accept:
      - application/json
      Accept-Encoding:
      - gzip, deflate
      Connection:
      - keep-alive
      Content-Length:
      - '253'
      Content-Type:
      - application/json
      User-Agent:
      - azsdk-python-communication-chat/1.1.0 Python/3.8.10 (Windows-10-10.0.19044-SP0)
    method: POST
    uri: https://sanitized.communication.azure.com/chat/threads/sanitized/participants/:add?api-version=2021-09-07
  response:
    body:
      string: '{}'
    headers:
      api-supported-versions:
      - 2021-03-07, 2021-04-05-preview6, 2021-09-07, 2022-11-15-preview8
      content-type:
      - application/json; charset=utf-8
      date:
      - Wed, 21 Sep 2022 22:41:17 GMT
      ms-cv:
      - SgECEBudb0exB6g4g0MEEQ.0
      strict-transport-security:
      - max-age=2592000
      transfer-encoding:
      - chunked
      x-azure-ref:
      - 0DZMrYwAAAADQo2Gy6zZ9RoQdpPOQJM8pWVZSMzExMDAwMTE2MDA5ADlmYzdiNTE5LWE4Y2MtNGY4OS05MzVlLWM5MTQ4YWUwOWU4MQ==
      x-cache:
      - CONFIG_NOCACHE
      x-processing-time:
      - 357ms
    status:
      code: 201
      message: Created
version: 1
