interactions:
- request:
    body: '{"createTokenWithScopes": ["chat"]}'
    headers:
      Accept:
      - application/json
      Accept-Encoding:
      - gzip, deflate
      Connection:
      - keep-alive
      Content-Length:
      - '35'
      Content-Type:
      - application/json
      User-Agent:
      - AzureCli/1.3.0 azsdk-python-communication-identity/1.2.0 Python/3.8.10 (Windows-10-10.0.22621-SP0)
      x-ms-content-sha256:
      - kWpGozyV35fifbpKdY8mbdG64VG0Pdq5upzo7YKAFM0=
      x-ms-date:
      - Fri, 02 Dec 2022 06:08:59 GMT
      x-ms-return-client-request-id:
      - 'true'
    method: POST
    uri: https://sanitized.communication.azure.com/identities?api-version=2022-06-01
  response:
    body:
      string: '{"identity": {"id": "sanitized"}, "accessToken": {"token": "sanitized",
        "expiresOn": "2022-12-03T06:09:00.825627+00:00"}}'
    headers:
      api-supported-versions:
      - 2020-07-20-preview2, 2021-02-22-preview1, 2021-03-07, 2021-10-31-preview,
        2021-11-01, 2022-06-01, 2022-10-01
      content-length:
      - '121'
      content-type:
      - application/json; charset=utf-8
      date:
      - Fri, 02 Dec 2022 06:09:00 GMT
      ms-cv:
      - 3INK9jU3zEOUV8gqq3I4QA.0
      request-context:
      - appId=
      strict-transport-security:
      - max-age=2592000
      x-azure-ref:
      - 0fJaJYwAAAAAPsAkFGlxASZsQzkJu8OSsWVZSMzExMDAwMTE1MDIzADlmYzdiNTE5LWE4Y2MtNGY4OS05MzVlLWM5MTQ4YWUwOWU4MQ==
      x-cache:
      - CONFIG_NOCACHE
      x-processing-time:
      - 148ms
    status:
      code: 201
      message: Created
- request:
    body: '{"topic": "thread-topic", "participants": []}'
    headers:
      Accept:
      - application/json
      Accept-Encoding:
      - gzip, deflate
      Connection:
      - keep-alive
      Content-Length:
      - '45'
      Content-Type:
      - application/json
      User-Agent:
      - AzureCli/1.3.0 azsdk-python-communication-chat/1.1.0 Python/3.8.10 (Windows-10-10.0.22621-SP0)
      repeatability-request-id:
      - e6849d38-9cba-484d-bf19-a9effac6dd10
    method: POST
    uri: https://sanitized.communication.azure.com/chat/threads?api-version=2021-09-07
  response:
    body:
      string: '{"chatThread": {"id": "sanitized", "topic": "thread-topic", "createdOn":
        "2022-12-02T06:09:01Z", "createdByCommunicationIdentifier": {"rawId": "sanitized",
        "communicationUser": {"id": "sanitized"}}}}'
    headers:
      api-supported-versions:
      - 2021-03-07, 2021-04-05-preview6, 2021-09-07, 2022-11-15-preview8
      content-length:
      - '199'
      content-type:
      - application/json; charset=utf-8
      date:
      - Fri, 02 Dec 2022 06:09:01 GMT
      location:
      - https://clitest000002.communication.azure.com/chat/threads/19%3Am377OERzOjhqRsg9BlqOYVyccynjdGcuXiSPVDGmCT41@thread.v2
      ms-cv:
      - sNwtC5VVf0qqzrLlcoo8mA.0
      strict-transport-security:
      - max-age=2592000
      x-azure-ref:
      - 0fZaJYwAAAADAghNRsJoYSZH7hslJE2AaWVZSMzBFREdFMDMxNwA5ZmM3YjUxOS1hOGNjLTRmODktOTM1ZS1jOTE0OGFlMDllODE=
      x-cache:
      - CONFIG_NOCACHE
      x-processing-time:
      - 471ms
    status:
      code: 201
      message: Created
- request:
    body: null
    headers:
      Accept:
      - application/json
      Accept-Encoding:
      - gzip, deflate
      Connection:
      - keep-alive
      User-Agent:
      - azsdk-python-communication-chat/1.1.0 Python/3.8.10 (Windows-10-10.0.22621-SP0)
    method: GET
    uri: https://sanitized.communication.azure.com/chat/threads/sanitized/readReceipts?api-version=2021-09-07
  response:
    body:
      string: '{"value": []}'
    headers:
      api-supported-versions:
      - 2021-03-07, 2021-04-05-preview6, 2021-09-07, 2022-11-15-preview8
      content-length:
      - '13'
      content-type:
      - application/json; charset=utf-8
      date:
      - Fri, 02 Dec 2022 06:09:02 GMT
      ms-cv:
      - JZDbynbs30itmzMcR9Ku4Q.0
      strict-transport-security:
      - max-age=2592000
      x-azure-ref:
      - 0fpaJYwAAAACIkkV+r+K4RJfLjTBnvzIwWVZSMzBFREdFMDMwOAA5ZmM3YjUxOS1hOGNjLTRmODktOTM1ZS1jOTE0OGFlMDllODE=
      x-cache:
      - CONFIG_NOCACHE
      x-processing-time:
      - 119ms
    status:
      code: 200
      message: OK
- request:
    body: null
    headers:
      Accept:
      - application/json
      Accept-Encoding:
      - gzip, deflate
      Connection:
      - keep-alive
      User-Agent:
      - azsdk-python-communication-chat/1.1.0 Python/3.8.10 (Windows-10-10.0.22621-SP0)
    method: GET
    uri: https://sanitized.communication.azure.com/chat/threads/sanitized/messages?api-version=2021-09-07
  response:
    body:
      string: '{"value": [{"id": "sanitized", "type": "topicUpdated", "sequenceId":
        "2", "version": "1669961341664", "content": {"topic": "thread-topic", "initiatorCommunicationIdentifier":
        {"rawId": "sanitized", "communicationUser": {"id": "sanitized"}}}, "createdOn":
        "2022-12-02T06:09:01Z"}, {"id": "sanitized", "type": "participantAdded", "sequenceId":
        "1", "version": "1669961341615", "content": {"participants": [{"communicationIdentifier":
        {"rawId": "sanitized", "communicationUser": {"id": "sanitized"}}, "shareHistoryTime":
        "1970-01-01T00:00:00Z"}], "initiatorCommunicationIdentifier": {"rawId": "sanitized",
        "communicationUser": {"id": "sanitized"}}}, "createdOn": "2022-12-02T06:09:01Z"}]}'
    headers:
      api-supported-versions:
      - 2021-03-07, 2021-04-05-preview6, 2021-09-07, 2022-11-15-preview8
      content-length:
      - '685'
      content-type:
      - application/json; charset=utf-8
      date:
      - Fri, 02 Dec 2022 06:09:01 GMT
      ms-cv:
      - 6UCiNAGlEUWvC0Qx71nj4g.0
      strict-transport-security:
      - max-age=2592000
      x-azure-ref:
      - 0fpaJYwAAAABq/7kmPUpkS723wQCj4KxMWVZSMzExMDAwMTE1MDI3ADlmYzdiNTE5LWE4Y2MtNGY4OS05MzVlLWM5MTQ4YWUwOWU4MQ==
      x-cache:
      - CONFIG_NOCACHE
      x-processing-time:
      - 131ms
    status:
      code: 200
      message: OK
- request:
    body: '{"chatMessageId": "1669961341664"}'
    headers:
      Accept:
      - application/json
      Accept-Encoding:
      - gzip, deflate
      Connection:
      - keep-alive
      Content-Length:
      - '34'
      Content-Type:
      - application/json
      User-Agent:
      - azsdk-python-communication-chat/1.1.0 Python/3.8.10 (Windows-10-10.0.22621-SP0)
    method: POST
    uri: https://sanitized.communication.azure.com/chat/threads/sanitized/readReceipts?api-version=2021-09-07
  response:
    body:
      string: ''
    headers:
      api-supported-versions:
      - 2021-03-07, 2021-04-05-preview6, 2021-09-07, 2022-11-15-preview8
      content-length:
      - '0'
      date:
      - Fri, 02 Dec 2022 06:09:02 GMT
      ms-cv:
      - TXnCuT0dNES2GdL2Cox9vw.0
      strict-transport-security:
      - max-age=2592000
      x-azure-ref:
      - 0fpaJYwAAAABNolHUIMqzT7itXJHyajyAWVZSMzExMDAwMTE1MDQ5ADlmYzdiNTE5LWE4Y2MtNGY4OS05MzVlLWM5MTQ4YWUwOWU4MQ==
      x-cache:
      - CONFIG_NOCACHE
      x-processing-time:
      - 448ms
    status:
      code: 200
      message: OK
- request:
    body: null
    headers:
      Accept:
      - application/json
      Accept-Encoding:
      - gzip, deflate
      Connection:
      - keep-alive
      User-Agent:
      - azsdk-python-communication-chat/1.1.0 Python/3.8.10 (Windows-10-10.0.22621-SP0)
    method: GET
    uri: https://sanitized.communication.azure.com/chat/threads/sanitized/readReceipts?api-version=2021-09-07
  response:
    body:
      string: '{"value": [{"senderCommunicationIdentifier": {"rawId": "sanitized",
        "communicationUser": {"id": "sanitized"}}, "chatMessageId": "1669961341664",
        "readOn": "2022-12-02T06:09:02Z"}]}'
    headers:
      api-supported-versions:
      - 2021-03-07, 2021-04-05-preview6, 2021-09-07, 2022-11-15-preview8
      content-length:
      - '180'
      content-type:
      - application/json; charset=utf-8
      date:
      - Fri, 02 Dec 2022 06:09:03 GMT
      ms-cv:
      - VK/2cBNdb0WmkBEB5/Fsfg.0
      strict-transport-security:
      - max-age=2592000
      x-azure-ref:
      - 0f5aJYwAAAADArAChNURwT4wcGh3YvsSvWVZSMzExMDAwMTE1MDIzADlmYzdiNTE5LWE4Y2MtNGY4OS05MzVlLWM5MTQ4YWUwOWU4MQ==
      x-cache:
      - CONFIG_NOCACHE
      x-processing-time:
      - 129ms
    status:
      code: 200
      message: OK
version: 1
