interactions:
- request:
    body: '{"phoneNumberType": "tollFree", "assignmentType": "application", "capabilities":
      {"calling": "inbound", "sms": "inbound+outbound"}}'
    headers:
      Accept:
      - application/json
      Accept-Encoding:
      - gzip, deflate
      Connection:
      - keep-alive
      Content-Length:
      - '131'
      Content-Type:
      - application/json
      User-Agent:
      - azsdk-python-communication-phonenumbers/1.2.0 Python/3.10.11 (Windows-10-10.0.19045-SP0)
      x-ms-content-sha256:
      - ecyowPPqS6i2jEjg4ZPaHAki9yDR8IHa8lF+VXRefVM=
      x-ms-date:
      - Thu, 27 Mar 2025 08:33:24 GMT
      x-ms-return-client-request-id:
      - 'true'
    method: POST
    uri: https://sanitized.communication.azure.com/availablePhoneNumbers/countries/US/:search?api-version=2025-02-11
  response:
    body:
      string: ''
    headers:
      access-control-expose-headers:
      - Location,Operation-Location,operation-id,search-id
      api-supported-versions:
      - 2021-03-07, 2022-01-11-preview2, 2022-06-01-preview, 2022-12-01, 2022-12-02-preview2,
        2023-04-30-preview, 2023-05-01-preview, 2023-10-01-preview, 2024-03-01-preview,
        2024-04-30-preview, 2024-05-01-preview, 2024-08-31-preview, 2025-02-11, 2025-04-01-preview,
        2025-04-01, 2025-04-15-preview
      connection:
      - keep-alive
      content-length:
      - '0'
      date:
      - Thu, 27 Mar 2025 08:33:37 GMT
      location:
      - /availablePhoneNumbers/searchResults/115ca1ce-59e5-4435-8575-1c7d171f8d5d?api-version=2025-02-11
      ms-cv:
      - FOSK3N9y1EKtcXjtrWF1lg.0
      operation-id:
      - search_115ca1ce-59e5-4435-8575-1c7d171f8d5d
      operation-location:
      - /phoneNumbers/operations/search_115ca1ce-59e5-4435-8575-1c7d171f8d5d?api-version=2025-02-11
      request-context:
      - appId=
      search-id:
      - 115ca1ce-59e5-4435-8575-1c7d171f8d5d
      strict-transport-security:
      - max-age=31536000;includeSubDomains
      x-azure-ref:
      - 20250327T083323Z-16c89bd967fbpktzhC1MAAwx400000000p60000000004p9s
      x-cache:
      - CONFIG_NOCACHE
      x-processing-time:
      - 12844ms
    status:
      code: 202
      message: Accepted
- request:
    body: null
    headers:
      Accept:
      - '*/*'
      Accept-Encoding:
      - gzip, deflate
      Connection:
      - keep-alive
      User-Agent:
      - azsdk-python-communication-phonenumbers/1.2.0 Python/3.10.11 (Windows-10-10.0.19045-SP0)
      x-ms-content-sha256:
      - 47DEQpj8HBSa+/TImW+5JCeuQeRkm5NMpJWZG3hSuFU=
      x-ms-date:
      - Thu, 27 Mar 2025 08:33:38 GMT
      x-ms-return-client-request-id:
      - 'true'
    method: GET
    uri: https://sanitized.communication.azure.com/phoneNumbers/operations/search_115ca1ce-59e5-4435-8575-1c7d171f8d5d?api-version=2025-02-11
  response:
    body:
      string: '{"operationType": "search", "status": "notStarted", "resourceLocation":
        "/availablePhoneNumbers/searchResults/115ca1ce-59e5-4435-8575-1c7d171f8d5d?api-version=2025-02-11",
        "createdDateTime": "2025-03-27T08:33:35.9704518+00:00", "id": "search_115ca1ce-59e5-4435-8575-1c7d171f8d5d",
        "lastActionDateTime": "0001-01-01T00:00:00+00:00"}'
    headers:
      access-control-expose-headers:
      - Location
      api-supported-versions:
      - 2021-03-07, 2022-01-11-preview2, 2022-06-01-preview, 2022-11-15-preview, 2022-12-01,
        2022-12-02-preview2, 2023-04-30-preview, 2023-05-01-preview, 2023-10-01-preview,
        2023-10-01-preview2, 2024-03-01-preview, 2024-04-30-preview, 2024-05-01-preview,
        2024-08-31-preview, 2025-02-11, 2025-04-01-preview, 2025-04-01, 2025-04-15-preview
      connection:
      - keep-alive
      content-type:
      - application/json; charset=utf-8
      date:
      - Thu, 27 Mar 2025 08:33:42 GMT
      location:
      - /availablePhoneNumbers/searchResults/115ca1ce-59e5-4435-8575-1c7d171f8d5d?api-version=2025-02-11
      ms-cv:
      - 6LzdRiT9MkqLzizgLOQJow.0
      request-context:
      - appId=
      strict-transport-security:
      - max-age=31536000;includeSubDomains
      transfer-encoding:
      - chunked
      x-azure-ref:
      - 20250327T083337Z-16c89bd967fbpktzhC1MAAwx400000000p60000000004qtg
      x-cache:
      - CONFIG_NOCACHE
      x-processing-time:
      - 4564ms
    status:
      code: 200
      message: OK
    url: sanitized
- request:
    body: null
    headers:
      Accept:
      - '*/*'
      Accept-Encoding:
      - gzip, deflate
      Connection:
      - keep-alive
      User-Agent:
      - azsdk-python-communication-phonenumbers/1.2.0 Python/3.10.11 (Windows-10-10.0.19045-SP0)
      x-ms-content-sha256:
      - 47DEQpj8HBSa+/TImW+5JCeuQeRkm5NMpJWZG3hSuFU=
      x-ms-date:
      - Thu, 27 Mar 2025 08:33:44 GMT
      x-ms-return-client-request-id:
      - 'true'
    method: GET
    uri: https://sanitized.communication.azure.com/phoneNumbers/operations/search_115ca1ce-59e5-4435-8575-1c7d171f8d5d?api-version=2025-02-11
  response:
    body:
      string: '{"operationType": "search", "status": "succeeded", "resourceLocation":
        "/availablePhoneNumbers/searchResults/115ca1ce-59e5-4435-8575-1c7d171f8d5d?api-version=2025-02-11",
        "createdDateTime": "2025-03-27T08:33:35.9704518+00:00", "id": "search_115ca1ce-59e5-4435-8575-1c7d171f8d5d",
        "lastActionDateTime": "0001-01-01T00:00:00+00:00"}'
    headers:
      access-control-expose-headers:
      - Location
      api-supported-versions:
      - 2021-03-07, 2022-01-11-preview2, 2022-06-01-preview, 2022-11-15-preview, 2022-12-01,
        2022-12-02-preview2, 2023-04-30-preview, 2023-05-01-preview, 2023-10-01-preview,
        2023-10-01-preview2, 2024-03-01-preview, 2024-04-30-preview, 2024-05-01-preview,
        2024-08-31-preview, 2025-02-11, 2025-04-01-preview, 2025-04-01, 2025-04-15-preview
      connection:
      - keep-alive
      content-type:
      - application/json; charset=utf-8
      date:
      - Thu, 27 Mar 2025 08:33:47 GMT
      location:
      - /availablePhoneNumbers/searchResults/115ca1ce-59e5-4435-8575-1c7d171f8d5d?api-version=2025-02-11
      ms-cv:
      - hjJUpOr0OEuFAYQmAXrjMA.0
      request-context:
      - appId=
      strict-transport-security:
      - max-age=31536000;includeSubDomains
      transfer-encoding:
      - chunked
      x-azure-ref:
      - 20250327T083344Z-16c89bd967fbpktzhC1MAAwx400000000p60000000004rke
      x-cache:
      - CONFIG_NOCACHE
      x-processing-time:
      - 2725ms
    status:
      code: 200
      message: OK
    url: sanitized
- request:
    body: null
    headers:
      Accept:
      - '*/*'
      Accept-Encoding:
      - gzip, deflate
      Connection:
      - keep-alive
      User-Agent:
      - azsdk-python-communication-phonenumbers/1.2.0 Python/3.10.11 (Windows-10-10.0.19045-SP0)
      x-ms-content-sha256:
      - 47DEQpj8HBSa+/TImW+5JCeuQeRkm5NMpJWZG3hSuFU=
      x-ms-date:
      - Thu, 27 Mar 2025 08:33:47 GMT
      x-ms-return-client-request-id:
      - 'true'
    method: GET
    uri: https://sanitized.communication.azure.com/availablePhoneNumbers/searchResults/115ca1ce-59e5-4435-8575-1c7d171f8d5d?api-version=2025-02-11
  response:
    body:
      string: '{"searchId": "115ca1ce-59e5-4435-8575-1c7d171f8d5d", "phoneNumbers":
        ["+18667221429"], "phoneNumberType": "tollFree", "assignmentType": "application",
        "capabilities": {"calling": "inbound", "sms": "inbound+outbound"}, "cost":
        {"amount": 2.0, "currencyCode": "USD", "billingFrequency": "monthly"}, "searchExpiresBy":
        "2025-03-27T08:49:39.6329136+00:00", "error": "NoError"}'
    headers:
      accept-ranges:
      - bytes
      api-supported-versions:
      - 2021-03-07, 2022-01-11-preview2, 2022-06-01-preview, 2022-12-01, 2022-12-02-preview2,
        2023-04-30-preview, 2023-05-01-preview, 2023-10-01-preview, 2024-03-01-preview,
        2024-04-30-preview, 2024-05-01-preview, 2024-08-31-preview, 2025-02-11, 2025-04-01-preview,
        2025-04-01, 2025-04-15-preview
      connection:
      - keep-alive
      content-length:
      - '372'
      content-type:
      - application/json; charset=utf-8
      date:
      - Thu, 27 Mar 2025 08:33:48 GMT
      ms-cv:
      - uurbe8R6e06PTHkNd9ggWA.0
      request-context:
      - appId=
      strict-transport-security:
      - max-age=31536000;includeSubDomains
      x-azure-ref:
      - 20250327T083347Z-16c89bd967fbpktzhC1MAAwx400000000p60000000004rv7
      x-cache:
      - CONFIG_NOCACHE
      x-processing-time:
      - 776ms
    status:
      code: 200
      message: OK
    url: sanitized
- request:
    body: '{"searchId": "115ca1ce-59e5-4435-8575-1c7d171f8d5d"}'
    headers:
      Accept:
      - application/json
      Accept-Encoding:
      - gzip, deflate
      Connection:
      - keep-alive
      Content-Length:
      - '52'
      Content-Type:
      - application/json
      User-Agent:
      - azsdk-python-communication-phonenumbers/1.2.0 Python/3.10.11 (Windows-10-10.0.19045-SP0)
      x-ms-content-sha256:
      - ntB7E00KLzJ0hxqqFxBgLYewpJaUc4Xz/K3iTfMX6mw=
      x-ms-date:
      - Thu, 27 Mar 2025 08:33:48 GMT
      x-ms-return-client-request-id:
      - 'true'
    method: POST
    uri: https://sanitized.communication.azure.com/availablePhoneNumbers/:purchase?api-version=2025-02-11
  response:
    body:
      string: ''
    headers:
      access-control-expose-headers:
      - Operation-Location,operation-id,purchase-id
      api-supported-versions:
      - 2021-03-07, 2022-01-11-preview2, 2022-06-01-preview, 2022-12-01, 2022-12-02-preview2,
        2023-04-30-preview, 2023-05-01-preview, 2023-10-01-preview, 2024-03-01-preview,
        2024-04-30-preview, 2024-05-01-preview, 2024-08-31-preview, 2025-02-11, 2025-04-01-preview,
        2025-04-01, 2025-04-15-preview
      connection:
      - keep-alive
      content-length:
      - '0'
      date:
      - Thu, 27 Mar 2025 08:33:55 GMT
      ms-cv:
      - 5zevo0mlf06PrPNimq5zVw.0
      operation-id:
      - purchase_115ca1ce-59e5-4435-8575-1c7d171f8d5d
      operation-location:
      - /phoneNumbers/operations/purchase_115ca1ce-59e5-4435-8575-1c7d171f8d5d?api-version=2025-02-11
      purchase-id:
      - 115ca1ce-59e5-4435-8575-1c7d171f8d5d
      request-context:
      - appId=
      strict-transport-security:
      - max-age=31536000;includeSubDomains
      x-azure-ref:
      - 20250327T083348Z-16c89bd967fbpktzhC1MAAwx400000000p60000000004rz7
      x-cache:
      - CONFIG_NOCACHE
      x-processing-time:
      - 7338ms
    status:
      code: 202
      message: Accepted
- request:
    body: null
    headers:
      Accept:
      - '*/*'
      Accept-Encoding:
      - gzip, deflate
      Connection:
      - keep-alive
      User-Agent:
      - azsdk-python-communication-phonenumbers/1.2.0 Python/3.10.11 (Windows-10-10.0.19045-SP0)
      x-ms-content-sha256:
      - 47DEQpj8HBSa+/TImW+5JCeuQeRkm5NMpJWZG3hSuFU=
      x-ms-date:
      - Thu, 27 Mar 2025 08:33:56 GMT
      x-ms-return-client-request-id:
      - 'true'
    method: GET
    uri: https://sanitized.communication.azure.com/phoneNumbers/operations/purchase_115ca1ce-59e5-4435-8575-1c7d171f8d5d?api-version=2025-02-11
  response:
    body:
      string: '{"operationType": "purchase", "status": "notStarted", "resourceLocation":
        null, "createdDateTime": "2025-03-27T08:33:35.9704518+00:00", "id": "purchase_115ca1ce-59e5-4435-8575-1c7d171f8d5d",
        "lastActionDateTime": "0001-01-01T00:00:00+00:00"}'
    headers:
      api-supported-versions:
      - 2021-03-07, 2022-01-11-preview2, 2022-06-01-preview, 2022-11-15-preview, 2022-12-01,
        2022-12-02-preview2, 2023-04-30-preview, 2023-05-01-preview, 2023-10-01-preview,
        2023-10-01-preview2, 2024-03-01-preview, 2024-04-30-preview, 2024-05-01-preview,
        2024-08-31-preview, 2025-02-11, 2025-04-01-preview, 2025-04-01, 2025-04-15-preview
      connection:
      - keep-alive
      content-type:
      - application/json; charset=utf-8
      date:
      - Thu, 27 Mar 2025 08:33:58 GMT
      ms-cv:
      - TtZ3EBjTgUOi4BYpwB8uiQ.0
      request-context:
      - appId=
      strict-transport-security:
      - max-age=31536000;includeSubDomains
      transfer-encoding:
      - chunked
      x-azure-ref:
      - 20250327T083355Z-16c89bd967fbpktzhC1MAAwx400000000p60000000004szb
      x-cache:
      - CONFIG_NOCACHE
      x-processing-time:
      - 2750ms
    status:
      code: 200
      message: OK
    url: sanitized
- request:
    body: null
    headers:
      Accept:
      - '*/*'
      Accept-Encoding:
      - gzip, deflate
      Connection:
      - keep-alive
      User-Agent:
      - azsdk-python-communication-phonenumbers/1.2.0 Python/3.10.11 (Windows-10-10.0.19045-SP0)
      x-ms-content-sha256:
      - 47DEQpj8HBSa+/TImW+5JCeuQeRkm5NMpJWZG3hSuFU=
      x-ms-date:
      - Thu, 27 Mar 2025 08:34:01 GMT
      x-ms-return-client-request-id:
      - 'true'
    method: GET
    uri: https://sanitized.communication.azure.com/phoneNumbers/operations/purchase_115ca1ce-59e5-4435-8575-1c7d171f8d5d?api-version=2025-02-11
  response:
    body:
      string: '{"operationType": "purchase", "status": "notStarted", "resourceLocation":
        null, "createdDateTime": "2025-03-27T08:33:35.9704518+00:00", "id": "purchase_115ca1ce-59e5-4435-8575-1c7d171f8d5d",
        "lastActionDateTime": "0001-01-01T00:00:00+00:00"}'
    headers:
      api-supported-versions:
      - 2021-03-07, 2022-01-11-preview2, 2022-06-01-preview, 2022-11-15-preview, 2022-12-01,
        2022-12-02-preview2, 2023-04-30-preview, 2023-05-01-preview, 2023-10-01-preview,
        2023-10-01-preview2, 2024-03-01-preview, 2024-04-30-preview, 2024-05-01-preview,
        2024-08-31-preview, 2025-02-11, 2025-04-01-preview, 2025-04-01, 2025-04-15-preview
      connection:
      - keep-alive
      content-type:
      - application/json; charset=utf-8
      date:
      - Thu, 27 Mar 2025 08:34:02 GMT
      ms-cv:
      - 3r5cGU3YxUKCHoz/nvwqnw.0
      request-context:
      - appId=
      strict-transport-security:
      - max-age=31536000;includeSubDomains
      transfer-encoding:
      - chunked
      x-azure-ref:
      - 20250327T083400Z-16c89bd967fbpktzhC1MAAwx400000000p60000000004tdc
      x-cache:
      - CONFIG_NOCACHE
      x-processing-time:
      - 1506ms
    status:
      code: 200
      message: OK
    url: sanitized
- request:
    body: null
    headers:
      Accept:
      - '*/*'
      Accept-Encoding:
      - gzip, deflate
      Connection:
      - keep-alive
      User-Agent:
      - azsdk-python-communication-phonenumbers/1.2.0 Python/3.10.11 (Windows-10-10.0.19045-SP0)
      x-ms-content-sha256:
      - 47DEQpj8HBSa+/TImW+5JCeuQeRkm5NMpJWZG3hSuFU=
      x-ms-date:
      - Thu, 27 Mar 2025 08:34:05 GMT
      x-ms-return-client-request-id:
      - 'true'
    method: GET
    uri: https://sanitized.communication.azure.com/phoneNumbers/operations/purchase_115ca1ce-59e5-4435-8575-1c7d171f8d5d?api-version=2025-02-11
  response:
    body:
      string: '{"operationType": "purchase", "status": "notStarted", "resourceLocation":
        null, "createdDateTime": "2025-03-27T08:33:35.9704518+00:00", "id": "purchase_115ca1ce-59e5-4435-8575-1c7d171f8d5d",
        "lastActionDateTime": "0001-01-01T00:00:00+00:00"}'
    headers:
      api-supported-versions:
      - 2021-03-07, 2022-01-11-preview2, 2022-06-01-preview, 2022-11-15-preview, 2022-12-01,
        2022-12-02-preview2, 2023-04-30-preview, 2023-05-01-preview, 2023-10-01-preview,
        2023-10-01-preview2, 2024-03-01-preview, 2024-04-30-preview, 2024-05-01-preview,
        2024-08-31-preview, 2025-02-11, 2025-04-01-preview, 2025-04-01, 2025-04-15-preview
      connection:
      - keep-alive
      content-type:
      - application/json; charset=utf-8
      date:
      - Thu, 27 Mar 2025 08:34:08 GMT
      ms-cv:
      - OQ3GC9NPv06pqHuLAz/L8g.0
      request-context:
      - appId=
      strict-transport-security:
      - max-age=31536000;includeSubDomains
      transfer-encoding:
      - chunked
      x-azure-ref:
      - 20250327T083404Z-16c89bd967fbpktzhC1MAAwx400000000p60000000004trp
      x-cache:
      - CONFIG_NOCACHE
      x-processing-time:
      - 3568ms
    status:
      code: 200
      message: OK
    url: sanitized
- request:
    body: null
    headers:
      Accept:
      - '*/*'
      Accept-Encoding:
      - gzip, deflate
      Connection:
      - keep-alive
      User-Agent:
      - azsdk-python-communication-phonenumbers/1.2.0 Python/3.10.11 (Windows-10-10.0.19045-SP0)
      x-ms-content-sha256:
      - 47DEQpj8HBSa+/TImW+5JCeuQeRkm5NMpJWZG3hSuFU=
      x-ms-date:
      - Thu, 27 Mar 2025 08:34:10 GMT
      x-ms-return-client-request-id:
      - 'true'
    method: GET
    uri: https://sanitized.communication.azure.com/phoneNumbers/operations/purchase_115ca1ce-59e5-4435-8575-1c7d171f8d5d?api-version=2025-02-11
  response:
    body:
      string: '{"operationType": "purchase", "status": "notStarted", "resourceLocation":
        null, "createdDateTime": "2025-03-27T08:33:35.9704518+00:00", "id": "purchase_115ca1ce-59e5-4435-8575-1c7d171f8d5d",
        "lastActionDateTime": "0001-01-01T00:00:00+00:00"}'
    headers:
      api-supported-versions:
      - 2021-03-07, 2022-01-11-preview2, 2022-06-01-preview, 2022-11-15-preview, 2022-12-01,
        2022-12-02-preview2, 2023-04-30-preview, 2023-05-01-preview, 2023-10-01-preview,
        2023-10-01-preview2, 2024-03-01-preview, 2024-04-30-preview, 2024-05-01-preview,
        2024-08-31-preview, 2025-02-11, 2025-04-01-preview, 2025-04-01, 2025-04-15-preview
      connection:
      - keep-alive
      content-type:
      - application/json; charset=utf-8
      date:
      - Thu, 27 Mar 2025 08:34:12 GMT
      ms-cv:
      - lUIsIHEgxkK2Exkz7NBq8Q.0
      request-context:
      - appId=
      strict-transport-security:
      - max-age=31536000;includeSubDomains
      transfer-encoding:
      - chunked
      x-azure-ref:
      - 20250327T083410Z-16c89bd967fbpktzhC1MAAwx400000000p60000000004u6q
      x-cache:
      - CONFIG_NOCACHE
      x-processing-time:
      - 2134ms
    status:
      code: 200
      message: OK
    url: sanitized
- request:
    body: null
    headers:
      Accept:
      - '*/*'
      Accept-Encoding:
      - gzip, deflate
      Connection:
      - keep-alive
      User-Agent:
      - azsdk-python-communication-phonenumbers/1.2.0 Python/3.10.11 (Windows-10-10.0.19045-SP0)
      x-ms-content-sha256:
      - 47DEQpj8HBSa+/TImW+5JCeuQeRkm5NMpJWZG3hSuFU=
      x-ms-date:
      - Thu, 27 Mar 2025 08:34:15 GMT
      x-ms-return-client-request-id:
      - 'true'
    method: GET
    uri: https://sanitized.communication.azure.com/phoneNumbers/operations/purchase_115ca1ce-59e5-4435-8575-1c7d171f8d5d?api-version=2025-02-11
  response:
    body:
      string: '{"operationType": "purchase", "status": "notStarted", "resourceLocation":
        null, "createdDateTime": "2025-03-27T08:33:35.9704518+00:00", "id": "purchase_115ca1ce-59e5-4435-8575-1c7d171f8d5d",
        "lastActionDateTime": "0001-01-01T00:00:00+00:00"}'
    headers:
      api-supported-versions:
      - 2021-03-07, 2022-01-11-preview2, 2022-06-01-preview, 2022-11-15-preview, 2022-12-01,
        2022-12-02-preview2, 2023-04-30-preview, 2023-05-01-preview, 2023-10-01-preview,
        2023-10-01-preview2, 2024-03-01-preview, 2024-04-30-preview, 2024-05-01-preview,
        2024-08-31-preview, 2025-02-11, 2025-04-01-preview, 2025-04-01, 2025-04-15-preview
      connection:
      - keep-alive
      content-type:
      - application/json; charset=utf-8
      date:
      - Thu, 27 Mar 2025 08:34:15 GMT
      ms-cv:
      - 74fnlf3c2E2VAWLXBkwmIg.0
      request-context:
      - appId=
      strict-transport-security:
      - max-age=31536000;includeSubDomains
      transfer-encoding:
      - chunked
      x-azure-ref:
      - 20250327T083414Z-16c89bd967fbpktzhC1MAAwx400000000p60000000004upe
      x-cache:
      - CONFIG_NOCACHE
      x-processing-time:
      - 512ms
    status:
      code: 200
      message: OK
    url: sanitized
- request:
    body: null
    headers:
      Accept:
      - '*/*'
      Accept-Encoding:
      - gzip, deflate
      Connection:
      - keep-alive
      User-Agent:
      - azsdk-python-communication-phonenumbers/1.2.0 Python/3.10.11 (Windows-10-10.0.19045-SP0)
      x-ms-content-sha256:
      - 47DEQpj8HBSa+/TImW+5JCeuQeRkm5NMpJWZG3hSuFU=
      x-ms-date:
      - Thu, 27 Mar 2025 08:34:18 GMT
      x-ms-return-client-request-id:
      - 'true'
    method: GET
    uri: https://sanitized.communication.azure.com/phoneNumbers/operations/purchase_115ca1ce-59e5-4435-8575-1c7d171f8d5d?api-version=2025-02-11
  response:
    body:
      string: '{"operationType": "purchase", "status": "succeeded", "resourceLocation":
        null, "createdDateTime": "2025-03-27T08:33:35.9704518+00:00", "id": "purchase_115ca1ce-59e5-4435-8575-1c7d171f8d5d",
        "lastActionDateTime": "0001-01-01T00:00:00+00:00"}'
    headers:
      api-supported-versions:
      - 2021-03-07, 2022-01-11-preview2, 2022-06-01-preview, 2022-11-15-preview, 2022-12-01,
        2022-12-02-preview2, 2023-04-30-preview, 2023-05-01-preview, 2023-10-01-preview,
        2023-10-01-preview2, 2024-03-01-preview, 2024-04-30-preview, 2024-05-01-preview,
        2024-08-31-preview, 2025-02-11, 2025-04-01-preview, 2025-04-01, 2025-04-15-preview
      connection:
      - keep-alive
      content-type:
      - application/json; charset=utf-8
      date:
      - Thu, 27 Mar 2025 08:34:19 GMT
      ms-cv:
      - PsHDmLInfEiDXSiOwKsvcQ.0
      request-context:
      - appId=
      strict-transport-security:
      - max-age=31536000;includeSubDomains
      transfer-encoding:
      - chunked
      x-azure-ref:
      - 20250327T083417Z-16c89bd967fbpktzhC1MAAwx400000000p60000000004ux9
      x-cache:
      - CONFIG_NOCACHE
      x-processing-time:
      - 1980ms
    status:
      code: 200
      message: OK
    url: sanitized
- request:
    body: '{"phoneNumberType": "tollFree", "assignmentType": "application", "capabilities":
      {"calling": "inbound", "sms": "inbound+outbound"}}'
    headers:
      Accept:
      - application/json
      Accept-Encoding:
      - gzip, deflate
      Connection:
      - keep-alive
      Content-Length:
      - '131'
      Content-Type:
      - application/json
      User-Agent:
      - azsdk-python-communication-phonenumbers/1.2.0 Python/3.10.11 (Windows-10-10.0.19045-SP0)
      x-ms-content-sha256:
      - ecyowPPqS6i2jEjg4ZPaHAki9yDR8IHa8lF+VXRefVM=
      x-ms-date:
      - Thu, 27 Mar 2025 08:34:20 GMT
      x-ms-return-client-request-id:
      - 'true'
    method: POST
    uri: https://sanitized.communication.azure.com/availablePhoneNumbers/countries/US/:search?api-version=2025-02-11
  response:
    body:
      string: ''
    headers:
      access-control-expose-headers:
      - Location,Operation-Location,operation-id,search-id
      api-supported-versions:
      - 2021-03-07, 2022-01-11-preview2, 2022-06-01-preview, 2022-12-01, 2022-12-02-preview2,
        2023-04-30-preview, 2023-05-01-preview, 2023-10-01-preview, 2024-03-01-preview,
        2024-04-30-preview, 2024-05-01-preview, 2024-08-31-preview, 2025-02-11, 2025-04-01-preview,
        2025-04-01, 2025-04-15-preview
      connection:
      - keep-alive
      content-length:
      - '0'
      date:
      - Thu, 27 Mar 2025 08:34:30 GMT
      location:
      - /availablePhoneNumbers/searchResults/3b12129c-c779-47da-8d7d-49a957240191?api-version=2025-02-11
      ms-cv:
      - czSdVMV08EqRgntcCju0Yw.0
      operation-id:
      - search_3b12129c-c779-47da-8d7d-49a957240191
      operation-location:
      - /phoneNumbers/operations/search_3b12129c-c779-47da-8d7d-49a957240191?api-version=2025-02-11
      request-context:
      - appId=
      search-id:
      - 3b12129c-c779-47da-8d7d-49a957240191
      strict-transport-security:
      - max-age=31536000;includeSubDomains
      x-azure-ref:
      - 20250327T083420Z-16c89bd967f64pk8hC1MAA2tuc00000011mg00000000309w
      x-cache:
      - CONFIG_NOCACHE
      x-processing-time:
      - 10273ms
    status:
      code: 202
      message: Accepted
- request:
    body: null
    headers:
      Accept:
      - '*/*'
      Accept-Encoding:
      - gzip, deflate
      Connection:
      - keep-alive
      User-Agent:
      - azsdk-python-communication-phonenumbers/1.2.0 Python/3.10.11 (Windows-10-10.0.19045-SP0)
      x-ms-content-sha256:
      - 47DEQpj8HBSa+/TImW+5JCeuQeRkm5NMpJWZG3hSuFU=
      x-ms-date:
      - Thu, 27 Mar 2025 08:34:31 GMT
      x-ms-return-client-request-id:
      - 'true'
    method: GET
    uri: https://sanitized.communication.azure.com/phoneNumbers/operations/search_3b12129c-c779-47da-8d7d-49a957240191?api-version=2025-02-11
  response:
    body:
      string: '{"operationType": "search", "status": "notStarted", "resourceLocation":
        "/availablePhoneNumbers/searchResults/3b12129c-c779-47da-8d7d-49a957240191?api-version=2025-02-11",
        "createdDateTime": "2025-03-27T08:34:29.7786288+00:00", "id": "search_3b12129c-c779-47da-8d7d-49a957240191",
        "lastActionDateTime": "0001-01-01T00:00:00+00:00"}'
    headers:
      access-control-expose-headers:
      - Location
      api-supported-versions:
      - 2021-03-07, 2022-01-11-preview2, 2022-06-01-preview, 2022-11-15-preview, 2022-12-01,
        2022-12-02-preview2, 2023-04-30-preview, 2023-05-01-preview, 2023-10-01-preview,
        2023-10-01-preview2, 2024-03-01-preview, 2024-04-30-preview, 2024-05-01-preview,
        2024-08-31-preview, 2025-02-11, 2025-04-01-preview, 2025-04-01, 2025-04-15-preview
      connection:
      - keep-alive
      content-type:
      - application/json; charset=utf-8
      date:
      - Thu, 27 Mar 2025 08:34:35 GMT
      location:
      - /availablePhoneNumbers/searchResults/3b12129c-c779-47da-8d7d-49a957240191?api-version=2025-02-11
      ms-cv:
      - AyNRbZbxC0OyV/HC4ac1kg.0
      request-context:
      - appId=
      strict-transport-security:
      - max-age=31536000;includeSubDomains
      transfer-encoding:
      - chunked
      x-azure-ref:
      - 20250327T083431Z-16c89bd967f64pk8hC1MAA2tuc00000011mg0000000031a0
      x-cache:
      - CONFIG_NOCACHE
      x-processing-time:
      - 3735ms
    status:
      code: 200
      message: OK
    url: sanitized
- request:
    body: null
    headers:
      Accept:
      - '*/*'
      Accept-Encoding:
      - gzip, deflate
      Connection:
      - keep-alive
      User-Agent:
      - azsdk-python-communication-phonenumbers/1.2.0 Python/3.10.11 (Windows-10-10.0.19045-SP0)
      x-ms-content-sha256:
      - 47DEQpj8HBSa+/TImW+5JCeuQeRkm5NMpJWZG3hSuFU=
      x-ms-date:
      - Thu, 27 Mar 2025 08:34:37 GMT
      x-ms-return-client-request-id:
      - 'true'
    method: GET
    uri: https://sanitized.communication.azure.com/phoneNumbers/operations/search_3b12129c-c779-47da-8d7d-49a957240191?api-version=2025-02-11
  response:
    body:
      string: '{"operationType": "search", "status": "succeeded", "resourceLocation":
        "/availablePhoneNumbers/searchResults/3b12129c-c779-47da-8d7d-49a957240191?api-version=2025-02-11",
        "createdDateTime": "2025-03-27T08:34:29.7786288+00:00", "id": "search_3b12129c-c779-47da-8d7d-49a957240191",
        "lastActionDateTime": "0001-01-01T00:00:00+00:00"}'
    headers:
      access-control-expose-headers:
      - Location
      api-supported-versions:
      - 2021-03-07, 2022-01-11-preview2, 2022-06-01-preview, 2022-11-15-preview, 2022-12-01,
        2022-12-02-preview2, 2023-04-30-preview, 2023-05-01-preview, 2023-10-01-preview,
        2023-10-01-preview2, 2024-03-01-preview, 2024-04-30-preview, 2024-05-01-preview,
        2024-08-31-preview, 2025-02-11, 2025-04-01-preview, 2025-04-01, 2025-04-15-preview
      connection:
      - keep-alive
      content-type:
      - application/json; charset=utf-8
      date:
      - Thu, 27 Mar 2025 08:34:40 GMT
      location:
      - /availablePhoneNumbers/searchResults/3b12129c-c779-47da-8d7d-49a957240191?api-version=2025-02-11
      ms-cv:
      - tpGhrF4NW0ao4+UzsdmxQw.0
      request-context:
      - appId=
      strict-transport-security:
      - max-age=31536000;includeSubDomains
      transfer-encoding:
      - chunked
      x-azure-ref:
      - 20250327T083437Z-16c89bd967f64pk8hC1MAA2tuc00000011mg0000000031tz
      x-cache:
      - CONFIG_NOCACHE
      x-processing-time:
      - 2696ms
    status:
      code: 200
      message: OK
    url: sanitized
- request:
    body: null
    headers:
      Accept:
      - '*/*'
      Accept-Encoding:
      - gzip, deflate
      Connection:
      - keep-alive
      User-Agent:
      - azsdk-python-communication-phonenumbers/1.2.0 Python/3.10.11 (Windows-10-10.0.19045-SP0)
      x-ms-content-sha256:
      - 47DEQpj8HBSa+/TImW+5JCeuQeRkm5NMpJWZG3hSuFU=
      x-ms-date:
      - Thu, 27 Mar 2025 08:34:40 GMT
      x-ms-return-client-request-id:
      - 'true'
    method: GET
    uri: https://sanitized.communication.azure.com/availablePhoneNumbers/searchResults/3b12129c-c779-47da-8d7d-49a957240191?api-version=2025-02-11
  response:
    body:
      string: '{"searchId": "3b12129c-c779-47da-8d7d-49a957240191", "phoneNumbers":
        ["+18442232176"], "phoneNumberType": "tollFree", "assignmentType": "application",
        "capabilities": {"calling": "inbound", "sms": "inbound+outbound"}, "cost":
        {"amount": 2.0, "currencyCode": "USD", "billingFrequency": "monthly"}, "searchExpiresBy":
        "2025-03-27T08:50:31.5069183+00:00", "error": "NoError"}'
    headers:
      accept-ranges:
      - bytes
      api-supported-versions:
      - 2021-03-07, 2022-01-11-preview2, 2022-06-01-preview, 2022-12-01, 2022-12-02-preview2,
        2023-04-30-preview, 2023-05-01-preview, 2023-10-01-preview, 2024-03-01-preview,
        2024-04-30-preview, 2024-05-01-preview, 2024-08-31-preview, 2025-02-11, 2025-04-01-preview,
        2025-04-01, 2025-04-15-preview
      connection:
      - keep-alive
      content-length:
      - '372'
      content-type:
      - application/json; charset=utf-8
      date:
      - Thu, 27 Mar 2025 08:34:42 GMT
      ms-cv:
      - R+2ohpiBIk61HMghZiU09Q.0
      request-context:
      - appId=
      strict-transport-security:
      - max-age=31536000;includeSubDomains
      x-azure-ref:
      - 20250327T083440Z-16c89bd967f64pk8hC1MAA2tuc00000011mg000000003221
      x-cache:
      - CONFIG_NOCACHE
      x-processing-time:
      - 2556ms
    status:
      code: 200
      message: OK
    url: sanitized
- request:
    body: '{"searchId": "3b12129c-c779-47da-8d7d-49a957240191"}'
    headers:
      Accept:
      - application/json
      Accept-Encoding:
      - gzip, deflate
      Connection:
      - keep-alive
      Content-Length:
      - '52'
      Content-Type:
      - application/json
      User-Agent:
      - azsdk-python-communication-phonenumbers/1.2.0 Python/3.10.11 (Windows-10-10.0.19045-SP0)
      x-ms-content-sha256:
      - jwFPIubbFj4JHjhyr4i8Z3CUphS5gKDFctvgCY8ljV8=
      x-ms-date:
      - Thu, 27 Mar 2025 08:34:43 GMT
      x-ms-return-client-request-id:
      - 'true'
    method: POST
    uri: https://sanitized.communication.azure.com/availablePhoneNumbers/:purchase?api-version=2025-02-11
  response:
    body:
      string: ''
    headers:
      access-control-expose-headers:
      - Operation-Location,operation-id,purchase-id
      api-supported-versions:
      - 2021-03-07, 2022-01-11-preview2, 2022-06-01-preview, 2022-12-01, 2022-12-02-preview2,
        2023-04-30-preview, 2023-05-01-preview, 2023-10-01-preview, 2024-03-01-preview,
        2024-04-30-preview, 2024-05-01-preview, 2024-08-31-preview, 2025-02-11, 2025-04-01-preview,
        2025-04-01, 2025-04-15-preview
      connection:
      - keep-alive
      content-length:
      - '0'
      date:
      - Thu, 27 Mar 2025 08:34:52 GMT
      ms-cv:
      - UAiACinsekSF0CbFc8TwGQ.0
      operation-id:
      - purchase_3b12129c-c779-47da-8d7d-49a957240191
      operation-location:
      - /phoneNumbers/operations/purchase_3b12129c-c779-47da-8d7d-49a957240191?api-version=2025-02-11
      purchase-id:
      - 3b12129c-c779-47da-8d7d-49a957240191
      request-context:
      - appId=
      strict-transport-security:
      - max-age=31536000;includeSubDomains
      x-azure-ref:
      - 20250327T083442Z-16c89bd967f64pk8hC1MAA2tuc00000011mg00000000328f
      x-cache:
      - CONFIG_NOCACHE
      x-processing-time:
      - 9567ms
    status:
      code: 202
      message: Accepted
- request:
    body: null
    headers:
      Accept:
      - '*/*'
      Accept-Encoding:
      - gzip, deflate
      Connection:
      - keep-alive
      User-Agent:
      - azsdk-python-communication-phonenumbers/1.2.0 Python/3.10.11 (Windows-10-10.0.19045-SP0)
      x-ms-content-sha256:
      - 47DEQpj8HBSa+/TImW+5JCeuQeRkm5NMpJWZG3hSuFU=
      x-ms-date:
      - Thu, 27 Mar 2025 08:34:53 GMT
      x-ms-return-client-request-id:
      - 'true'
    method: GET
    uri: https://sanitized.communication.azure.com/phoneNumbers/operations/purchase_3b12129c-c779-47da-8d7d-49a957240191?api-version=2025-02-11
  response:
    body:
      string: '{"operationType": "purchase", "status": "notStarted", "resourceLocation":
        null, "createdDateTime": "2025-03-27T08:34:29.7786288+00:00", "id": "purchase_3b12129c-c779-47da-8d7d-49a957240191",
        "lastActionDateTime": "0001-01-01T00:00:00+00:00"}'
    headers:
      api-supported-versions:
      - 2021-03-07, 2022-01-11-preview2, 2022-06-01-preview, 2022-11-15-preview, 2022-12-01,
        2022-12-02-preview2, 2023-04-30-preview, 2023-05-01-preview, 2023-10-01-preview,
        2023-10-01-preview2, 2024-03-01-preview, 2024-04-30-preview, 2024-05-01-preview,
        2024-08-31-preview, 2025-02-11, 2025-04-01-preview, 2025-04-01, 2025-04-15-preview
      connection:
      - keep-alive
      content-type:
      - application/json; charset=utf-8
      date:
      - Thu, 27 Mar 2025 08:34:54 GMT
      ms-cv:
      - SQZwds7lXEqAOPkqzDmDHg.0
      request-context:
      - appId=
      strict-transport-security:
      - max-age=31536000;includeSubDomains
      transfer-encoding:
      - chunked
      x-azure-ref:
      - 20250327T083452Z-16c89bd967f64pk8hC1MAA2tuc00000011mg00000000336a
      x-cache:
      - CONFIG_NOCACHE
      x-processing-time:
      - 1557ms
    status:
      code: 200
      message: OK
    url: sanitized
- request:
    body: null
    headers:
      Accept:
      - '*/*'
      Accept-Encoding:
      - gzip, deflate
      Connection:
      - keep-alive
      User-Agent:
      - azsdk-python-communication-phonenumbers/1.2.0 Python/3.10.11 (Windows-10-10.0.19045-SP0)
      x-ms-content-sha256:
      - 47DEQpj8HBSa+/TImW+5JCeuQeRkm5NMpJWZG3hSuFU=
      x-ms-date:
      - Thu, 27 Mar 2025 08:34:57 GMT
      x-ms-return-client-request-id:
      - 'true'
    method: GET
    uri: https://sanitized.communication.azure.com/phoneNumbers/operations/purchase_3b12129c-c779-47da-8d7d-49a957240191?api-version=2025-02-11
  response:
    body:
      string: '{"operationType": "purchase", "status": "notStarted", "resourceLocation":
        null, "createdDateTime": "2025-03-27T08:34:29.7786288+00:00", "id": "purchase_3b12129c-c779-47da-8d7d-49a957240191",
        "lastActionDateTime": "0001-01-01T00:00:00+00:00"}'
    headers:
      api-supported-versions:
      - 2021-03-07, 2022-01-11-preview2, 2022-06-01-preview, 2022-11-15-preview, 2022-12-01,
        2022-12-02-preview2, 2023-04-30-preview, 2023-05-01-preview, 2023-10-01-preview,
        2023-10-01-preview2, 2024-03-01-preview, 2024-04-30-preview, 2024-05-01-preview,
        2024-08-31-preview, 2025-02-11, 2025-04-01-preview, 2025-04-01, 2025-04-15-preview
      connection:
      - keep-alive
      content-type:
      - application/json; charset=utf-8
      date:
      - Thu, 27 Mar 2025 08:34:59 GMT
      ms-cv:
      - tHU3OXaLZEWqPZLLh9XVZw.0
      request-context:
      - appId=
      strict-transport-security:
      - max-age=31536000;includeSubDomains
      transfer-encoding:
      - chunked
      x-azure-ref:
      - 20250327T083456Z-16c89bd967f64pk8hC1MAA2tuc00000011mg0000000033h8
      x-cache:
      - CONFIG_NOCACHE
      x-processing-time:
      - 2902ms
    status:
      code: 200
      message: OK
    url: sanitized
- request:
    body: null
    headers:
      Accept:
      - '*/*'
      Accept-Encoding:
      - gzip, deflate
      Connection:
      - keep-alive
      User-Agent:
      - azsdk-python-communication-phonenumbers/1.2.0 Python/3.10.11 (Windows-10-10.0.19045-SP0)
      x-ms-content-sha256:
      - 47DEQpj8HBSa+/TImW+5JCeuQeRkm5NMpJWZG3hSuFU=
      x-ms-date:
      - Thu, 27 Mar 2025 08:35:02 GMT
      x-ms-return-client-request-id:
      - 'true'
    method: GET
    uri: https://sanitized.communication.azure.com/phoneNumbers/operations/purchase_3b12129c-c779-47da-8d7d-49a957240191?api-version=2025-02-11
  response:
    body:
      string: '{"operationType": "purchase", "status": "notStarted", "resourceLocation":
        null, "createdDateTime": "2025-03-27T08:34:29.7786288+00:00", "id": "purchase_3b12129c-c779-47da-8d7d-49a957240191",
        "lastActionDateTime": "0001-01-01T00:00:00+00:00"}'
    headers:
      api-supported-versions:
      - 2021-03-07, 2022-01-11-preview2, 2022-06-01-preview, 2022-11-15-preview, 2022-12-01,
        2022-12-02-preview2, 2023-04-30-preview, 2023-05-01-preview, 2023-10-01-preview,
        2023-10-01-preview2, 2024-03-01-preview, 2024-04-30-preview, 2024-05-01-preview,
        2024-08-31-preview, 2025-02-11, 2025-04-01-preview, 2025-04-01, 2025-04-15-preview
      connection:
      - keep-alive
      content-type:
      - application/json; charset=utf-8
      date:
      - Thu, 27 Mar 2025 08:35:06 GMT
      ms-cv:
      - GG1fEHJk6UqwizaRdeAjxA.0
      request-context:
      - appId=
      strict-transport-security:
      - max-age=31536000;includeSubDomains
      transfer-encoding:
      - chunked
      x-azure-ref:
      - 20250327T083501Z-16c89bd967f64pk8hC1MAA2tuc00000011mg00000000341u
      x-cache:
      - CONFIG_NOCACHE
      x-processing-time:
      - 4363ms
    status:
      code: 200
      message: OK
    url: sanitized
- request:
    body: null
    headers:
      Accept:
      - '*/*'
      Accept-Encoding:
      - gzip, deflate
      Connection:
      - keep-alive
      User-Agent:
      - azsdk-python-communication-phonenumbers/1.2.0 Python/3.10.11 (Windows-10-10.0.19045-SP0)
      x-ms-content-sha256:
      - 47DEQpj8HBSa+/TImW+5JCeuQeRkm5NMpJWZG3hSuFU=
      x-ms-date:
      - Thu, 27 Mar 2025 08:35:09 GMT
      x-ms-return-client-request-id:
      - 'true'
    method: GET
    uri: https://sanitized.communication.azure.com/phoneNumbers/operations/purchase_3b12129c-c779-47da-8d7d-49a957240191?api-version=2025-02-11
  response:
    body:
      string: '{"operationType": "purchase", "status": "notStarted", "resourceLocation":
        null, "createdDateTime": "2025-03-27T08:34:29.7786288+00:00", "id": "purchase_3b12129c-c779-47da-8d7d-49a957240191",
        "lastActionDateTime": "0001-01-01T00:00:00+00:00"}'
    headers:
      api-supported-versions:
      - 2021-03-07, 2022-01-11-preview2, 2022-06-01-preview, 2022-11-15-preview, 2022-12-01,
        2022-12-02-preview2, 2023-04-30-preview, 2023-05-01-preview, 2023-10-01-preview,
        2023-10-01-preview2, 2024-03-01-preview, 2024-04-30-preview, 2024-05-01-preview,
        2024-08-31-preview, 2025-02-11, 2025-04-01-preview, 2025-04-01, 2025-04-15-preview
      connection:
      - keep-alive
      content-type:
      - application/json; charset=utf-8
      date:
      - Thu, 27 Mar 2025 08:35:12 GMT
      ms-cv:
      - e05wNczwKUuhTH07YOMhUw.0
      request-context:
      - appId=
      strict-transport-security:
      - max-age=31536000;includeSubDomains
      transfer-encoding:
      - chunked
      x-azure-ref:
      - 20250327T083508Z-16c89bd967f64pk8hC1MAA2tuc00000011mg0000000034kh
      x-cache:
      - CONFIG_NOCACHE
      x-processing-time:
      - 3760ms
    status:
      code: 200
      message: OK
    url: sanitized
- request:
    body: null
    headers:
      Accept:
      - '*/*'
      Accept-Encoding:
      - gzip, deflate
      Connection:
      - keep-alive
      User-Agent:
      - azsdk-python-communication-phonenumbers/1.2.0 Python/3.10.11 (Windows-10-10.0.19045-SP0)
      x-ms-content-sha256:
      - 47DEQpj8HBSa+/TImW+5JCeuQeRkm5NMpJWZG3hSuFU=
      x-ms-date:
      - Thu, 27 Mar 2025 08:35:15 GMT
      x-ms-return-client-request-id:
      - 'true'
    method: GET
    uri: https://sanitized.communication.azure.com/phoneNumbers/operations/purchase_3b12129c-c779-47da-8d7d-49a957240191?api-version=2025-02-11
  response:
    body:
      string: '{"operationType": "purchase", "status": "succeeded", "resourceLocation":
        null, "createdDateTime": "2025-03-27T08:34:29.7786288+00:00", "id": "purchase_3b12129c-c779-47da-8d7d-49a957240191",
        "lastActionDateTime": "0001-01-01T00:00:00+00:00"}'
    headers:
      api-supported-versions:
      - 2021-03-07, 2022-01-11-preview2, 2022-06-01-preview, 2022-11-15-preview, 2022-12-01,
        2022-12-02-preview2, 2023-04-30-preview, 2023-05-01-preview, 2023-10-01-preview,
        2023-10-01-preview2, 2024-03-01-preview, 2024-04-30-preview, 2024-05-01-preview,
        2024-08-31-preview, 2025-02-11, 2025-04-01-preview, 2025-04-01, 2025-04-15-preview
      connection:
      - keep-alive
      content-type:
      - application/json; charset=utf-8
      date:
      - Thu, 27 Mar 2025 08:35:18 GMT
      ms-cv:
      - hWNQz8LRQEWXetsP/NX5Vg.0
      request-context:
      - appId=
      strict-transport-security:
      - max-age=31536000;includeSubDomains
      transfer-encoding:
      - chunked
      x-azure-ref:
      - 20250327T083514Z-16c89bd967f64pk8hC1MAA2tuc00000011mg00000000352n
      x-cache:
      - CONFIG_NOCACHE
      x-processing-time:
      - 4126ms
    status:
      code: 200
      message: OK
    url: sanitized
- request:
    body: '{"phoneNumberType": "tollFree", "assignmentType": "application", "capabilities":
      {"calling": "inbound", "sms": "inbound+outbound"}}'
    headers:
      Accept:
      - application/json
      Accept-Encoding:
      - gzip, deflate
      Connection:
      - keep-alive
      Content-Length:
      - '131'
      Content-Type:
      - application/json
      User-Agent:
      - azsdk-python-communication-phonenumbers/1.2.0 Python/3.10.11 (Windows-10-10.0.19045-SP0)
      x-ms-content-sha256:
      - ecyowPPqS6i2jEjg4ZPaHAki9yDR8IHa8lF+VXRefVM=
      x-ms-date:
      - Thu, 27 Mar 2025 08:35:19 GMT
      x-ms-return-client-request-id:
      - 'true'
    method: POST
    uri: https://sanitized.communication.azure.com/availablePhoneNumbers/countries/US/:search?api-version=2025-02-11
  response:
    body:
      string: ''
    headers:
      access-control-expose-headers:
      - Location,Operation-Location,operation-id,search-id
      api-supported-versions:
      - 2021-03-07, 2022-01-11-preview2, 2022-06-01-preview, 2022-12-01, 2022-12-02-preview2,
        2023-04-30-preview, 2023-05-01-preview, 2023-10-01-preview, 2024-03-01-preview,
        2024-04-30-preview, 2024-05-01-preview, 2024-08-31-preview, 2025-02-11, 2025-04-01-preview,
        2025-04-01, 2025-04-15-preview
      connection:
      - keep-alive
      content-length:
      - '0'
      date:
      - Thu, 27 Mar 2025 08:35:34 GMT
      location:
      - /availablePhoneNumbers/searchResults/136bffd1-53be-4a15-aae0-5bb42716872f?api-version=2025-02-11
      ms-cv:
      - Ad/NaAEOIEq1FNgPPaMZEw.0
      operation-id:
      - search_136bffd1-53be-4a15-aae0-5bb42716872f
      operation-location:
      - /phoneNumbers/operations/search_136bffd1-53be-4a15-aae0-5bb42716872f?api-version=2025-02-11
      request-context:
      - appId=
      search-id:
      - 136bffd1-53be-4a15-aae0-5bb42716872f
      strict-transport-security:
      - max-age=31536000;includeSubDomains
      x-azure-ref:
      - 20250327T083519Z-16c89bd967fw79v8hC1MAAbf380000000n6000000000ba2t
      x-cache:
      - CONFIG_NOCACHE
      x-processing-time:
      - 14521ms
    status:
      code: 202
      message: Accepted
- request:
    body: null
    headers:
      Accept:
      - '*/*'
      Accept-Encoding:
      - gzip, deflate
      Connection:
      - keep-alive
      User-Agent:
      - azsdk-python-communication-phonenumbers/1.2.0 Python/3.10.11 (Windows-10-10.0.19045-SP0)
      x-ms-content-sha256:
      - 47DEQpj8HBSa+/TImW+5JCeuQeRkm5NMpJWZG3hSuFU=
      x-ms-date:
      - Thu, 27 Mar 2025 08:35:35 GMT
      x-ms-return-client-request-id:
      - 'true'
    method: GET
    uri: https://sanitized.communication.azure.com/phoneNumbers/operations/search_136bffd1-53be-4a15-aae0-5bb42716872f?api-version=2025-02-11
  response:
    body:
      string: '{"operationType": "search", "status": "notStarted", "resourceLocation":
        "/availablePhoneNumbers/searchResults/136bffd1-53be-4a15-aae0-5bb42716872f?api-version=2025-02-11",
        "createdDateTime": "2025-03-27T08:35:33.1062443+00:00", "id": "search_136bffd1-53be-4a15-aae0-5bb42716872f",
        "lastActionDateTime": "0001-01-01T00:00:00+00:00"}'
    headers:
      access-control-expose-headers:
      - Location
      api-supported-versions:
      - 2021-03-07, 2022-01-11-preview2, 2022-06-01-preview, 2022-11-15-preview, 2022-12-01,
        2022-12-02-preview2, 2023-04-30-preview, 2023-05-01-preview, 2023-10-01-preview,
        2023-10-01-preview2, 2024-03-01-preview, 2024-04-30-preview, 2024-05-01-preview,
        2024-08-31-preview, 2025-02-11, 2025-04-01-preview, 2025-04-01, 2025-04-15-preview
      connection:
      - keep-alive
      content-type:
      - application/json; charset=utf-8
      date:
      - Thu, 27 Mar 2025 08:35:37 GMT
      location:
      - /availablePhoneNumbers/searchResults/136bffd1-53be-4a15-aae0-5bb42716872f?api-version=2025-02-11
      ms-cv:
      - w11Cx1CIs02MnX73IRFgpw.0
      request-context:
      - appId=
      strict-transport-security:
      - max-age=31536000;includeSubDomains
      transfer-encoding:
      - chunked
      x-azure-ref:
      - 20250327T083534Z-16c89bd967fw79v8hC1MAAbf380000000n6000000000bbf7
      x-cache:
      - CONFIG_NOCACHE
      x-processing-time:
      - 3183ms
    status:
      code: 200
      message: OK
    url: sanitized
- request:
    body: null
    headers:
      Accept:
      - '*/*'
      Accept-Encoding:
      - gzip, deflate
      Connection:
      - keep-alive
      User-Agent:
      - azsdk-python-communication-phonenumbers/1.2.0 Python/3.10.11 (Windows-10-10.0.19045-SP0)
      x-ms-content-sha256:
      - 47DEQpj8HBSa+/TImW+5JCeuQeRkm5NMpJWZG3hSuFU=
      x-ms-date:
      - Thu, 27 Mar 2025 08:35:40 GMT
      x-ms-return-client-request-id:
      - 'true'
    method: GET
    uri: https://sanitized.communication.azure.com/phoneNumbers/operations/search_136bffd1-53be-4a15-aae0-5bb42716872f?api-version=2025-02-11
  response:
    body:
      string: '{"operationType": "search", "status": "succeeded", "resourceLocation":
        "/availablePhoneNumbers/searchResults/136bffd1-53be-4a15-aae0-5bb42716872f?api-version=2025-02-11",
        "createdDateTime": "2025-03-27T08:35:33.1062443+00:00", "id": "search_136bffd1-53be-4a15-aae0-5bb42716872f",
        "lastActionDateTime": "0001-01-01T00:00:00+00:00"}'
    headers:
      access-control-expose-headers:
      - Location
      api-supported-versions:
      - 2021-03-07, 2022-01-11-preview2, 2022-06-01-preview, 2022-11-15-preview, 2022-12-01,
        2022-12-02-preview2, 2023-04-30-preview, 2023-05-01-preview, 2023-10-01-preview,
        2023-10-01-preview2, 2024-03-01-preview, 2024-04-30-preview, 2024-05-01-preview,
        2024-08-31-preview, 2025-02-11, 2025-04-01-preview, 2025-04-01, 2025-04-15-preview
      connection:
      - keep-alive
      content-type:
      - application/json; charset=utf-8
      date:
      - Thu, 27 Mar 2025 08:35:44 GMT
      location:
      - /availablePhoneNumbers/searchResults/136bffd1-53be-4a15-aae0-5bb42716872f?api-version=2025-02-11
      ms-cv:
      - 12wjkt/auUWB7QFmriJViw.0
      request-context:
      - appId=
      strict-transport-security:
      - max-age=31536000;includeSubDomains
      transfer-encoding:
      - chunked
      x-azure-ref:
      - 20250327T083539Z-16c89bd967fw79v8hC1MAAbf380000000n6000000000bbze
      x-cache:
      - CONFIG_NOCACHE
      x-processing-time:
      - 4511ms
    status:
      code: 200
      message: OK
    url: sanitized
- request:
    body: null
    headers:
      Accept:
      - '*/*'
      Accept-Encoding:
      - gzip, deflate
      Connection:
      - keep-alive
      User-Agent:
      - azsdk-python-communication-phonenumbers/1.2.0 Python/3.10.11 (Windows-10-10.0.19045-SP0)
      x-ms-content-sha256:
      - 47DEQpj8HBSa+/TImW+5JCeuQeRkm5NMpJWZG3hSuFU=
      x-ms-date:
      - Thu, 27 Mar 2025 08:35:45 GMT
      x-ms-return-client-request-id:
      - 'true'
    method: GET
    uri: https://sanitized.communication.azure.com/availablePhoneNumbers/searchResults/136bffd1-53be-4a15-aae0-5bb42716872f?api-version=2025-02-11
  response:
    body:
      string: '{"searchId": "136bffd1-53be-4a15-aae0-5bb42716872f", "phoneNumbers":
        ["+18335273953"], "phoneNumberType": "tollFree", "assignmentType": "application",
        "capabilities": {"calling": "inbound", "sms": "inbound+outbound"}, "cost":
        {"amount": 2.0, "currencyCode": "USD", "billingFrequency": "monthly"}, "searchExpiresBy":
        "2025-03-27T08:51:36.2404347+00:00", "error": "NoError"}'
    headers:
      accept-ranges:
      - bytes
      api-supported-versions:
      - 2021-03-07, 2022-01-11-preview2, 2022-06-01-preview, 2022-12-01, 2022-12-02-preview2,
        2023-04-30-preview, 2023-05-01-preview, 2023-10-01-preview, 2024-03-01-preview,
        2024-04-30-preview, 2024-05-01-preview, 2024-08-31-preview, 2025-02-11, 2025-04-01-preview,
        2025-04-01, 2025-04-15-preview
      connection:
      - keep-alive
      content-length:
      - '372'
      content-type:
      - application/json; charset=utf-8
      date:
      - Thu, 27 Mar 2025 08:35:50 GMT
      ms-cv:
      - WxI5aTbhlUOAQg3Io99ddA.0
      request-context:
      - appId=
      strict-transport-security:
      - max-age=31536000;includeSubDomains
      x-azure-ref:
      - 20250327T083544Z-16c89bd967fw79v8hC1MAAbf380000000n6000000000bcf0
      x-cache:
      - CONFIG_NOCACHE
      x-processing-time:
      - 5049ms
    status:
      code: 200
      message: OK
    url: sanitized
- request:
    body: '{"searchId": "136bffd1-53be-4a15-aae0-5bb42716872f"}'
    headers:
      Accept:
      - application/json
      Accept-Encoding:
      - gzip, deflate
      Connection:
      - keep-alive
      Content-Length:
      - '52'
      Content-Type:
      - application/json
      User-Agent:
      - azsdk-python-communication-phonenumbers/1.2.0 Python/3.10.11 (Windows-10-10.0.19045-SP0)
      x-ms-content-sha256:
      - VCnbqRFCkRv8TJL6UxaFtqyKyT7Njsu6yGYKyeAxUhE=
      x-ms-date:
      - Thu, 27 Mar 2025 08:35:51 GMT
      x-ms-return-client-request-id:
      - 'true'
    method: POST
    uri: https://sanitized.communication.azure.com/availablePhoneNumbers/:purchase?api-version=2025-02-11
  response:
    body:
      string: ''
    headers:
      access-control-expose-headers:
      - Operation-Location,operation-id,purchase-id
      api-supported-versions:
      - 2021-03-07, 2022-01-11-preview2, 2022-06-01-preview, 2022-12-01, 2022-12-02-preview2,
        2023-04-30-preview, 2023-05-01-preview, 2023-10-01-preview, 2024-03-01-preview,
        2024-04-30-preview, 2024-05-01-preview, 2024-08-31-preview, 2025-02-11, 2025-04-01-preview,
        2025-04-01, 2025-04-15-preview
      connection:
      - keep-alive
      content-length:
      - '0'
      date:
      - Thu, 27 Mar 2025 08:35:55 GMT
      ms-cv:
      - QggrHJxueEW6fqMsrM3Sdg.0
      operation-id:
      - purchase_136bffd1-53be-4a15-aae0-5bb42716872f
      operation-location:
      - /phoneNumbers/operations/purchase_136bffd1-53be-4a15-aae0-5bb42716872f?api-version=2025-02-11
      purchase-id:
      - 136bffd1-53be-4a15-aae0-5bb42716872f
      request-context:
      - appId=
      strict-transport-security:
      - max-age=31536000;includeSubDomains
      x-azure-ref:
      - 20250327T083550Z-16c89bd967fw79v8hC1MAAbf380000000n6000000000bcw1
      x-cache:
      - CONFIG_NOCACHE
      x-processing-time:
      - 5356ms
    status:
      code: 202
      message: Accepted
- request:
    body: null
    headers:
      Accept:
      - '*/*'
      Accept-Encoding:
      - gzip, deflate
      Connection:
      - keep-alive
      User-Agent:
      - azsdk-python-communication-phonenumbers/1.2.0 Python/3.10.11 (Windows-10-10.0.19045-SP0)
      x-ms-content-sha256:
      - 47DEQpj8HBSa+/TImW+5JCeuQeRkm5NMpJWZG3hSuFU=
      x-ms-date:
      - Thu, 27 Mar 2025 08:35:56 GMT
      x-ms-return-client-request-id:
      - 'true'
    method: GET
    uri: https://sanitized.communication.azure.com/phoneNumbers/operations/purchase_136bffd1-53be-4a15-aae0-5bb42716872f?api-version=2025-02-11
  response:
    body:
      string: '{"operationType": "purchase", "status": "running", "resourceLocation":
        null, "createdDateTime": "2025-03-27T08:35:33.1062443+00:00", "id": "purchase_136bffd1-53be-4a15-aae0-5bb42716872f",
        "lastActionDateTime": "0001-01-01T00:00:00+00:00"}'
    headers:
      api-supported-versions:
      - 2021-03-07, 2022-01-11-preview2, 2022-06-01-preview, 2022-11-15-preview, 2022-12-01,
        2022-12-02-preview2, 2023-04-30-preview, 2023-05-01-preview, 2023-10-01-preview,
        2023-10-01-preview2, 2024-03-01-preview, 2024-04-30-preview, 2024-05-01-preview,
        2024-08-31-preview, 2025-02-11, 2025-04-01-preview, 2025-04-01, 2025-04-15-preview
      connection:
      - keep-alive
      content-type:
      - application/json; charset=utf-8
      date:
      - Thu, 27 Mar 2025 08:35:56 GMT
      ms-cv:
      - fjpkYXkWQ0O9rm8h+U2L3Q.0
      request-context:
      - appId=
      strict-transport-security:
      - max-age=31536000;includeSubDomains
      transfer-encoding:
      - chunked
      x-azure-ref:
      - 20250327T083555Z-16c89bd967fw79v8hC1MAAbf380000000n6000000000bdcw
      x-cache:
      - CONFIG_NOCACHE
      x-processing-time:
      - 798ms
    status:
      code: 200
      message: OK
    url: sanitized
- request:
    body: null
    headers:
      Accept:
      - '*/*'
      Accept-Encoding:
      - gzip, deflate
      Connection:
      - keep-alive
      User-Agent:
      - azsdk-python-communication-phonenumbers/1.2.0 Python/3.10.11 (Windows-10-10.0.19045-SP0)
      x-ms-content-sha256:
      - 47DEQpj8HBSa+/TImW+5JCeuQeRkm5NMpJWZG3hSuFU=
      x-ms-date:
      - Thu, 27 Mar 2025 08:35:59 GMT
      x-ms-return-client-request-id:
      - 'true'
    method: GET
    uri: https://sanitized.communication.azure.com/phoneNumbers/operations/purchase_136bffd1-53be-4a15-aae0-5bb42716872f?api-version=2025-02-11
  response:
    body:
      string: '{"operationType": "purchase", "status": "notStarted", "resourceLocation":
        null, "createdDateTime": "2025-03-27T08:35:33.1062443+00:00", "id": "purchase_136bffd1-53be-4a15-aae0-5bb42716872f",
        "lastActionDateTime": "0001-01-01T00:00:00+00:00"}'
    headers:
      api-supported-versions:
      - 2021-03-07, 2022-01-11-preview2, 2022-06-01-preview, 2022-11-15-preview, 2022-12-01,
        2022-12-02-preview2, 2023-04-30-preview, 2023-05-01-preview, 2023-10-01-preview,
        2023-10-01-preview2, 2024-03-01-preview, 2024-04-30-preview, 2024-05-01-preview,
        2024-08-31-preview, 2025-02-11, 2025-04-01-preview, 2025-04-01, 2025-04-15-preview
      connection:
      - keep-alive
      content-type:
      - application/json; charset=utf-8
      date:
      - Thu, 27 Mar 2025 08:35:59 GMT
      ms-cv:
      - E7dGv0CoO0GvMGi1YSLrig.0
      request-context:
      - appId=
      strict-transport-security:
      - max-age=31536000;includeSubDomains
      transfer-encoding:
      - chunked
      x-azure-ref:
      - 20250327T083558Z-16c89bd967fw79v8hC1MAAbf380000000n6000000000bdms
      x-cache:
      - CONFIG_NOCACHE
      x-processing-time:
      - 646ms
    status:
      code: 200
      message: OK
    url: sanitized
- request:
    body: null
    headers:
      Accept:
      - '*/*'
      Accept-Encoding:
      - gzip, deflate
      Connection:
      - keep-alive
      User-Agent:
      - azsdk-python-communication-phonenumbers/1.2.0 Python/3.10.11 (Windows-10-10.0.19045-SP0)
      x-ms-content-sha256:
      - 47DEQpj8HBSa+/TImW+5JCeuQeRkm5NMpJWZG3hSuFU=
      x-ms-date:
      - Thu, 27 Mar 2025 08:36:02 GMT
      x-ms-return-client-request-id:
      - 'true'
    method: GET
    uri: https://sanitized.communication.azure.com/phoneNumbers/operations/purchase_136bffd1-53be-4a15-aae0-5bb42716872f?api-version=2025-02-11
  response:
    body:
      string: '{"operationType": "purchase", "status": "notStarted", "resourceLocation":
        null, "createdDateTime": "2025-03-27T08:35:33.1062443+00:00", "id": "purchase_136bffd1-53be-4a15-aae0-5bb42716872f",
        "lastActionDateTime": "0001-01-01T00:00:00+00:00"}'
    headers:
      api-supported-versions:
      - 2021-03-07, 2022-01-11-preview2, 2022-06-01-preview, 2022-11-15-preview, 2022-12-01,
        2022-12-02-preview2, 2023-04-30-preview, 2023-05-01-preview, 2023-10-01-preview,
        2023-10-01-preview2, 2024-03-01-preview, 2024-04-30-preview, 2024-05-01-preview,
        2024-08-31-preview, 2025-02-11, 2025-04-01-preview, 2025-04-01, 2025-04-15-preview
      connection:
      - keep-alive
      content-type:
      - application/json; charset=utf-8
      date:
      - Thu, 27 Mar 2025 08:36:02 GMT
      ms-cv:
      - TyyKuLQ+30a79jkHqPUotA.0
      request-context:
      - appId=
      strict-transport-security:
      - max-age=31536000;includeSubDomains
      transfer-encoding:
      - chunked
      x-azure-ref:
      - 20250327T083601Z-16c89bd967fw79v8hC1MAAbf380000000n6000000000bdvs
      x-cache:
      - CONFIG_NOCACHE
      x-processing-time:
      - 830ms
    status:
      code: 200
      message: OK
    url: sanitized
- request:
    body: null
    headers:
      Accept:
      - '*/*'
      Accept-Encoding:
      - gzip, deflate
      Connection:
      - keep-alive
      User-Agent:
      - azsdk-python-communication-phonenumbers/1.2.0 Python/3.10.11 (Windows-10-10.0.19045-SP0)
      x-ms-content-sha256:
      - 47DEQpj8HBSa+/TImW+5JCeuQeRkm5NMpJWZG3hSuFU=
      x-ms-date:
      - Thu, 27 Mar 2025 08:36:05 GMT
      x-ms-return-client-request-id:
      - 'true'
    method: GET
    uri: https://sanitized.communication.azure.com/phoneNumbers/operations/purchase_136bffd1-53be-4a15-aae0-5bb42716872f?api-version=2025-02-11
  response:
    body:
      string: '{"operationType": "purchase", "status": "notStarted", "resourceLocation":
        null, "createdDateTime": "2025-03-27T08:35:33.1062443+00:00", "id": "purchase_136bffd1-53be-4a15-aae0-5bb42716872f",
        "lastActionDateTime": "0001-01-01T00:00:00+00:00"}'
    headers:
      api-supported-versions:
      - 2021-03-07, 2022-01-11-preview2, 2022-06-01-preview, 2022-11-15-preview, 2022-12-01,
        2022-12-02-preview2, 2023-04-30-preview, 2023-05-01-preview, 2023-10-01-preview,
        2023-10-01-preview2, 2024-03-01-preview, 2024-04-30-preview, 2024-05-01-preview,
        2024-08-31-preview, 2025-02-11, 2025-04-01-preview, 2025-04-01, 2025-04-15-preview
      connection:
      - keep-alive
      content-type:
      - application/json; charset=utf-8
      date:
      - Thu, 27 Mar 2025 08:36:05 GMT
      ms-cv:
      - yIjJSYTwPEmrFWmqazoyAQ.0
      request-context:
      - appId=
      strict-transport-security:
      - max-age=31536000;includeSubDomains
      transfer-encoding:
      - chunked
      x-azure-ref:
      - 20250327T083604Z-16c89bd967fw79v8hC1MAAbf380000000n6000000000be7h
      x-cache:
      - CONFIG_NOCACHE
      x-processing-time:
      - 722ms
    status:
      code: 200
      message: OK
    url: sanitized
- request:
    body: null
    headers:
      Accept:
      - '*/*'
      Accept-Encoding:
      - gzip, deflate
      Connection:
      - keep-alive
      User-Agent:
      - azsdk-python-communication-phonenumbers/1.2.0 Python/3.10.11 (Windows-10-10.0.19045-SP0)
      x-ms-content-sha256:
      - 47DEQpj8HBSa+/TImW+5JCeuQeRkm5NMpJWZG3hSuFU=
      x-ms-date:
      - Thu, 27 Mar 2025 08:36:08 GMT
      x-ms-return-client-request-id:
      - 'true'
    method: GET
    uri: https://sanitized.communication.azure.com/phoneNumbers/operations/purchase_136bffd1-53be-4a15-aae0-5bb42716872f?api-version=2025-02-11
  response:
    body:
      string: '{"operationType": "purchase", "status": "notStarted", "resourceLocation":
        null, "createdDateTime": "2025-03-27T08:35:33.1062443+00:00", "id": "purchase_136bffd1-53be-4a15-aae0-5bb42716872f",
        "lastActionDateTime": "0001-01-01T00:00:00+00:00"}'
    headers:
      api-supported-versions:
      - 2021-03-07, 2022-01-11-preview2, 2022-06-01-preview, 2022-11-15-preview, 2022-12-01,
        2022-12-02-preview2, 2023-04-30-preview, 2023-05-01-preview, 2023-10-01-preview,
        2023-10-01-preview2, 2024-03-01-preview, 2024-04-30-preview, 2024-05-01-preview,
        2024-08-31-preview, 2025-02-11, 2025-04-01-preview, 2025-04-01, 2025-04-15-preview
      connection:
      - keep-alive
      content-type:
      - application/json; charset=utf-8
      date:
      - Thu, 27 Mar 2025 08:36:08 GMT
      ms-cv:
      - mwHLimWVr06mfjA2lVr1VA.0
      request-context:
      - appId=
      strict-transport-security:
      - max-age=31536000;includeSubDomains
      transfer-encoding:
      - chunked
      x-azure-ref:
      - 20250327T083607Z-16c89bd967fw79v8hC1MAAbf380000000n6000000000beey
      x-cache:
      - CONFIG_NOCACHE
      x-processing-time:
      - 784ms
    status:
      code: 200
      message: OK
    url: sanitized
- request:
    body: null
    headers:
      Accept:
      - '*/*'
      Accept-Encoding:
      - gzip, deflate
      Connection:
      - keep-alive
      User-Agent:
      - azsdk-python-communication-phonenumbers/1.2.0 Python/3.10.11 (Windows-10-10.0.19045-SP0)
      x-ms-content-sha256:
      - 47DEQpj8HBSa+/TImW+5JCeuQeRkm5NMpJWZG3hSuFU=
      x-ms-date:
      - Thu, 27 Mar 2025 08:36:11 GMT
      x-ms-return-client-request-id:
      - 'true'
    method: GET
    uri: https://sanitized.communication.azure.com/phoneNumbers/operations/purchase_136bffd1-53be-4a15-aae0-5bb42716872f?api-version=2025-02-11
  response:
    body:
      string: '{"operationType": "purchase", "status": "notStarted", "resourceLocation":
        null, "createdDateTime": "2025-03-27T08:35:33.1062443+00:00", "id": "purchase_136bffd1-53be-4a15-aae0-5bb42716872f",
        "lastActionDateTime": "0001-01-01T00:00:00+00:00"}'
    headers:
      api-supported-versions:
      - 2021-03-07, 2022-01-11-preview2, 2022-06-01-preview, 2022-11-15-preview, 2022-12-01,
        2022-12-02-preview2, 2023-04-30-preview, 2023-05-01-preview, 2023-10-01-preview,
        2023-10-01-preview2, 2024-03-01-preview, 2024-04-30-preview, 2024-05-01-preview,
        2024-08-31-preview, 2025-02-11, 2025-04-01-preview, 2025-04-01, 2025-04-15-preview
      connection:
      - keep-alive
      content-type:
      - application/json; charset=utf-8
      date:
      - Thu, 27 Mar 2025 08:36:11 GMT
      ms-cv:
      - lTaROC39dU+4xUe1izSZnw.0
      request-context:
      - appId=
      strict-transport-security:
      - max-age=31536000;includeSubDomains
      transfer-encoding:
      - chunked
      x-azure-ref:
      - 20250327T083610Z-16c89bd967fw79v8hC1MAAbf380000000n6000000000bern
      x-cache:
      - CONFIG_NOCACHE
      x-processing-time:
      - 641ms
    status:
      code: 200
      message: OK
    url: sanitized
- request:
    body: null
    headers:
      Accept:
      - '*/*'
      Accept-Encoding:
      - gzip, deflate
      Connection:
      - keep-alive
      User-Agent:
      - azsdk-python-communication-phonenumbers/1.2.0 Python/3.10.11 (Windows-10-10.0.19045-SP0)
      x-ms-content-sha256:
      - 47DEQpj8HBSa+/TImW+5JCeuQeRkm5NMpJWZG3hSuFU=
      x-ms-date:
      - Thu, 27 Mar 2025 08:36:14 GMT
      x-ms-return-client-request-id:
      - 'true'
    method: GET
    uri: https://sanitized.communication.azure.com/phoneNumbers/operations/purchase_136bffd1-53be-4a15-aae0-5bb42716872f?api-version=2025-02-11
  response:
    body:
      string: '{"operationType": "purchase", "status": "notStarted", "resourceLocation":
        null, "createdDateTime": "2025-03-27T08:35:33.1062443+00:00", "id": "purchase_136bffd1-53be-4a15-aae0-5bb42716872f",
        "lastActionDateTime": "0001-01-01T00:00:00+00:00"}'
    headers:
      api-supported-versions:
      - 2021-03-07, 2022-01-11-preview2, 2022-06-01-preview, 2022-11-15-preview, 2022-12-01,
        2022-12-02-preview2, 2023-04-30-preview, 2023-05-01-preview, 2023-10-01-preview,
        2023-10-01-preview2, 2024-03-01-preview, 2024-04-30-preview, 2024-05-01-preview,
        2024-08-31-preview, 2025-02-11, 2025-04-01-preview, 2025-04-01, 2025-04-15-preview
      connection:
      - keep-alive
      content-type:
      - application/json; charset=utf-8
      date:
      - Thu, 27 Mar 2025 08:36:14 GMT
      ms-cv:
      - K54os5UHNUCorHfFv2SiRw.0
      request-context:
      - appId=
      strict-transport-security:
      - max-age=31536000;includeSubDomains
      transfer-encoding:
      - chunked
      x-azure-ref:
      - 20250327T083613Z-16c89bd967fw79v8hC1MAAbf380000000n6000000000bexu
      x-cache:
      - CONFIG_NOCACHE
      x-processing-time:
      - 654ms
    status:
      code: 200
      message: OK
    url: sanitized
- request:
    body: null
    headers:
      Accept:
      - '*/*'
      Accept-Encoding:
      - gzip, deflate
      Connection:
      - keep-alive
      User-Agent:
      - azsdk-python-communication-phonenumbers/1.2.0 Python/3.10.11 (Windows-10-10.0.19045-SP0)
      x-ms-content-sha256:
      - 47DEQpj8HBSa+/TImW+5JCeuQeRkm5NMpJWZG3hSuFU=
      x-ms-date:
      - Thu, 27 Mar 2025 08:36:17 GMT
      x-ms-return-client-request-id:
      - 'true'
    method: GET
    uri: https://sanitized.communication.azure.com/phoneNumbers/operations/purchase_136bffd1-53be-4a15-aae0-5bb42716872f?api-version=2025-02-11
  response:
    body:
      string: '{"operationType": "purchase", "status": "succeeded", "resourceLocation":
        null, "createdDateTime": "2025-03-27T08:35:33.1062443+00:00", "id": "purchase_136bffd1-53be-4a15-aae0-5bb42716872f",
        "lastActionDateTime": "0001-01-01T00:00:00+00:00"}'
    headers:
      api-supported-versions:
      - 2021-03-07, 2022-01-11-preview2, 2022-06-01-preview, 2022-11-15-preview, 2022-12-01,
        2022-12-02-preview2, 2023-04-30-preview, 2023-05-01-preview, 2023-10-01-preview,
        2023-10-01-preview2, 2024-03-01-preview, 2024-04-30-preview, 2024-05-01-preview,
        2024-08-31-preview, 2025-02-11, 2025-04-01-preview, 2025-04-01, 2025-04-15-preview
      connection:
      - keep-alive
      content-type:
      - application/json; charset=utf-8
      date:
      - Thu, 27 Mar 2025 08:36:17 GMT
      ms-cv:
      - IuU+txTTrEK05A5GIYCfew.0
      request-context:
      - appId=
      strict-transport-security:
      - max-age=31536000;includeSubDomains
      transfer-encoding:
      - chunked
      x-azure-ref:
      - 20250327T083616Z-16c89bd967fw79v8hC1MAAbf380000000n6000000000bf4w
      x-cache:
      - CONFIG_NOCACHE
      x-processing-time:
      - 786ms
    status:
      code: 200
      message: OK
    url: sanitized
- request:
    body: '{"from": "sanitized", "smsRecipients": [{"to": "sanitized", "repeatabilityRequestId":
      "sanitized", "repeatabilityFirstSent": "sanitized"}, {"to": "sanitized", "repeatabilityRequestId":
      "sanitized", "repeatabilityFirstSent": "sanitized"}], "message": "Hello there!!",
      "smsSendOptions": {"enableDeliveryReport": false}}'
    headers:
      Accept:
      - application/json
      Accept-Encoding:
      - gzip, deflate
      Connection:
      - keep-alive
      Content-Length:
      - '317'
      Content-Type:
      - application/json
      User-Agent:
      - AzureCli/1.13.0 azsdk-python-communication-sms/1.1.0 Python/3.10.11 (Windows-10-10.0.19045-SP0)
      x-ms-content-sha256:
      - CIwzPvhK0A+Hb19nIuaeweOHYrKWeuJM6wUAWWUQExA=
      x-ms-date:
      - Thu, 27 Mar 2025 08:36:18 GMT
      x-ms-return-client-request-id:
      - 'true'
    method: POST
    uri: https://sanitized.communication.azure.com/sms?api-version=2021-03-07
  response:
    body:
      string: '{"value": [{"to": "sanitized", "messageId": "sanitized", "httpStatusCode":
        202, "repeatabilityResult": "accepted", "successful": true}, {"to": "sanitized",
        "messageId": "sanitized", "httpStatusCode": 202, "repeatabilityResult": "accepted",
        "successful": true}]}'
    headers:
      api-supported-versions:
      - 2020-07-20-preview1, 2020-08-20-preview, 2021-03-07, 2023-06-30-privatepreview,
        2024-02-05-preview, 2024-12-10-preview, 2024-12-19-privatepreview
      connection:
      - keep-alive
      content-type:
      - application/json; charset=utf-8
      date:
      - Thu, 27 Mar 2025 08:36:19 GMT
      ms-cv:
      - BBCMVFEYqUSCuv4u0zP1CA.0
      request-context:
      - appId=
      strict-transport-security:
      - max-age=31536000;includeSubDomains
      transfer-encoding:
      - chunked
      x-azure-ref:
      - 20250327T083618Z-16c89bd967fbpktzhC1MAAwx400000000p70000000002buf
      x-cache:
      - CONFIG_NOCACHE
      x-processing-time:
      - 570ms
    status:
      code: 202
      message: Accepted
    url: sanitized
version: 1
