interactions:
- request:
    body: null
    headers:
      Accept:
      - application/json
      Accept-Encoding:
      - gzip, deflate
      CommandName:
      - identity create
      Connection:
      - keep-alive
      ParameterSetName:
      - -n -g
      User-Agent:
      - AZURECLI/2.49.0 azsdk-python-azure-mgmt-resource/22.0.0 Python/3.10.11 (Windows-10-10.0.22621-SP0)
    method: GET
    uri: https://management.azure.com/subscriptions/00000000-0000-0000-0000-000000000000/resourcegroups/cli_test_communication000001?api-version=2022-09-01
  response:
    body:
      string: '{"id":"/subscriptions/00000000-0000-0000-0000-000000000000/resourceGroups/cli_test_communication000001","name":"cli_test_communication000001","type":"Microsoft.Resources/resourceGroups","location":"eastus","tags":{"product":"azurecli","cause":"automation","test":"test_communication_identity","date":"2023-07-07T19:53:56Z","module":"communication"},"properties":{"provisioningState":"Succeeded"}}'
    headers:
      cache-control:
      - no-cache
      content-length:
      - '396'
      content-type:
      - application/json; charset=utf-8
      date:
      - Fri, 07 Jul 2023 19:53:57 GMT
      expires:
      - '-1'
      pragma:
      - no-cache
      strict-transport-security:
      - max-age=31536000; includeSubDomains
      vary:
      - Accept-Encoding
      x-content-type-options:
      - nosniff
    status:
      code: 200
      message: OK
- request:
    body: '{"location": "eastus"}'
    headers:
      Accept:
      - application/json
      Accept-Encoding:
      - gzip, deflate
      CommandName:
      - identity create
      Connection:
      - keep-alive
      Content-Length:
      - '22'
      Content-Type:
      - application/json
      ParameterSetName:
      - -n -g
      User-Agent:
      - AZURECLI/2.49.0 azsdk-python-azure-mgmt-msi/7.0.0 Python/3.10.11 (Windows-10-10.0.22621-SP0)
    method: PUT
    uri: https://management.azure.com/subscriptions/00000000-0000-0000-0000-000000000000/resourceGroups/cli_test_communication000001/providers/Microsoft.ManagedIdentity/userAssignedIdentities/managedIdentity?api-version=2023-01-31
  response:
    body:
      string: '{"location":"eastus","tags":{},"id":"/subscriptions/00000000-0000-0000-0000-000000000000/resourcegroups/cli_test_communication000001/providers/Microsoft.ManagedIdentity/userAssignedIdentities/managedIdentity","name":"managedIdentity","type":"Microsoft.ManagedIdentity/userAssignedIdentities","properties":{"tenantId":"72f988bf-86f1-41af-91ab-2d7cd011db47","principalId":"3107d52b-5ec9-42ab-975e-1ac7b9fc0ff0","clientId":"aba774bd-25f9-4c41-9955-224aa5798c40"}}'
    headers:
      cache-control:
      - no-cache
      content-length:
      - '460'
      content-type:
      - application/json; charset=utf-8
      date:
      - Fri, 07 Jul 2023 19:54:01 GMT
      expires:
      - '-1'
      location:
      - /subscriptions/00000000-0000-0000-0000-000000000000/resourcegroups/cli_test_communication000001/providers/Microsoft.ManagedIdentity/userAssignedIdentities/managedIdentity
      pragma:
      - no-cache
      strict-transport-security:
      - max-age=31536000; includeSubDomains
      x-content-type-options:
      - nosniff
      x-ms-ratelimit-remaining-subscription-writes:
      - '1199'
    status:
      code: 201
      message: Created
- request:
    body: '{"identity": {"type": "SystemAssigned"}, "location": "global", "properties":
      {"dataLocation": "unitedstates"}}'
    headers:
      Accept:
      - application/json
      Accept-Encoding:
      - gzip, deflate
      CommandName:
      - communication create
      Connection:
      - keep-alive
      Content-Length:
      - '110'
      Content-Type:
      - application/json
      ParameterSetName:
      - -n -g --location --data-location --assign-identity
      User-Agent:
      - AZURECLI/2.49.0 (AAZ) azsdk-python-core/1.26.0 Python/3.10.11 (Windows-10-10.0.22621-SP0)
    method: PUT
    uri: https://management.azure.com/subscriptions/00000000-0000-0000-0000-000000000000/resourceGroups/cli_test_communication000001/providers/Microsoft.Communication/communicationServices/resource000002?api-version=2023-04-01-preview
  response:
    body:
      string: '{"id":"/subscriptions/00000000-0000-0000-0000-000000000000/resourceGroups/cli_test_communication000001/providers/Microsoft.Communication/communicationServices/resource000002","name":"resource000002","type":"microsoft.communication/communicationservices","location":"global","systemData":{"createdBy":"jbeauregardb@microsoft.com","createdByType":"User","createdAt":"2023-07-07T19:54:03.5238079Z","lastModifiedBy":"jbeauregardb@microsoft.com","lastModifiedByType":"User","lastModifiedAt":"2023-07-07T19:54:03.5238079Z"},"identity":{"principalId":"7486fe63-2cfa-4c8b-9652-7a09c887a0df","tenantId":"72f988bf-86f1-41af-91ab-2d7cd011db47","type":"SystemAssigned"},"properties":{"dataLocation":"unitedstates","provisioningState":"Accepted"}}'
    headers:
      azure-asyncoperation:
      - https://management.azure.com/subscriptions/00000000-0000-0000-0000-000000000000/providers/Microsoft.Communication/locations/WESTUS2/operationStatuses/c99b280d-d965-4056-9b5f-c5213235d849*82B6EA170BE082B94CEB7A96EEE6552D408CC0E7DDF8B6E25009303A911EB8E8?api-version=2023-04-01-preview
      cache-control:
      - no-cache
      content-length:
      - '734'
      content-type:
      - application/json; charset=utf-8
      date:
      - Fri, 07 Jul 2023 19:54:05 GMT
      etag:
      - '"0b00c50e-0000-0700-0000-64a86d5d0000"'
      expires:
      - '-1'
      mise-correlation-id:
      - 5568ffef-e4d3-42ab-8163-d5e7eb093821
      pragma:
      - no-cache
      request-context:
      - appId=
      strict-transport-security:
      - max-age=31536000; includeSubDomains
      x-content-type-options:
      - nosniff
      x-ms-providerhub-traffic:
      - 'True'
      x-ms-ratelimit-remaining-subscription-writes:
      - '1199'
    status:
      code: 201
      message: Created
- request:
    body: null
    headers:
      Accept:
      - '*/*'
      Accept-Encoding:
      - gzip, deflate
      CommandName:
      - communication create
      Connection:
      - keep-alive
      ParameterSetName:
      - -n -g --location --data-location --assign-identity
      User-Agent:
      - AZURECLI/2.49.0 (AAZ) azsdk-python-core/1.26.0 Python/3.10.11 (Windows-10-10.0.22621-SP0)
    method: GET
    uri: https://management.azure.com/subscriptions/00000000-0000-0000-0000-000000000000/providers/Microsoft.Communication/locations/WESTUS2/operationStatuses/c99b280d-d965-4056-9b5f-c5213235d849*82B6EA170BE082B94CEB7A96EEE6552D408CC0E7DDF8B6E25009303A911EB8E8?api-version=2023-04-01-preview
  response:
    body:
      string: '{"id":"/subscriptions/00000000-0000-0000-0000-000000000000/providers/Microsoft.Communication/locations/WESTUS2/operationStatuses/c99b280d-d965-4056-9b5f-c5213235d849*82B6EA170BE082B94CEB7A96EEE6552D408CC0E7DDF8B6E25009303A911EB8E8","name":"c99b280d-d965-4056-9b5f-c5213235d849*82B6EA170BE082B94CEB7A96EEE6552D408CC0E7DDF8B6E25009303A911EB8E8","resourceId":"/subscriptions/00000000-0000-0000-0000-000000000000/resourceGroups/cli_test_communication000001/providers/Microsoft.Communication/communicationServices/resource000002","status":"Accepted","startTime":"2023-07-07T19:54:05.0687352Z"}'
    headers:
      cache-control:
      - no-cache
      content-length:
      - '588'
      content-type:
      - application/json; charset=utf-8
      date:
      - Fri, 07 Jul 2023 19:54:05 GMT
      etag:
      - '"1e0017f9-0000-0800-0000-64a86d5d0000"'
      expires:
      - '-1'
      pragma:
      - no-cache
      strict-transport-security:
      - max-age=31536000; includeSubDomains
      transfer-encoding:
      - chunked
      vary:
      - Accept-Encoding
      x-content-type-options:
      - nosniff
    status:
      code: 200
      message: OK
- request:
    body: null
    headers:
      Accept:
      - '*/*'
      Accept-Encoding:
      - gzip, deflate
      CommandName:
      - communication create
      Connection:
      - keep-alive
      ParameterSetName:
      - -n -g --location --data-location --assign-identity
      User-Agent:
      - AZURECLI/2.49.0 (AAZ) azsdk-python-core/1.26.0 Python/3.10.11 (Windows-10-10.0.22621-SP0)
    method: GET
    uri: https://management.azure.com/subscriptions/00000000-0000-0000-0000-000000000000/providers/Microsoft.Communication/locations/WESTUS2/operationStatuses/c99b280d-d965-4056-9b5f-c5213235d849*82B6EA170BE082B94CEB7A96EEE6552D408CC0E7DDF8B6E25009303A911EB8E8?api-version=2023-04-01-preview
  response:
    body:
      string: '{"id":"/subscriptions/00000000-0000-0000-0000-000000000000/providers/Microsoft.Communication/locations/WESTUS2/operationStatuses/c99b280d-d965-4056-9b5f-c5213235d849*82B6EA170BE082B94CEB7A96EEE6552D408CC0E7DDF8B6E25009303A911EB8E8","name":"c99b280d-d965-4056-9b5f-c5213235d849*82B6EA170BE082B94CEB7A96EEE6552D408CC0E7DDF8B6E25009303A911EB8E8","resourceId":"/subscriptions/00000000-0000-0000-0000-000000000000/resourceGroups/cli_test_communication000001/providers/Microsoft.Communication/communicationServices/resource000002","status":"Accepted","startTime":"2023-07-07T19:54:05.0687352Z"}'
    headers:
      cache-control:
      - no-cache
      content-length:
      - '588'
      content-type:
      - application/json; charset=utf-8
      date:
      - Fri, 07 Jul 2023 19:54:35 GMT
      etag:
      - '"1e0017f9-0000-0800-0000-64a86d5d0000"'
      expires:
      - '-1'
      pragma:
      - no-cache
      strict-transport-security:
      - max-age=31536000; includeSubDomains
      transfer-encoding:
      - chunked
      vary:
      - Accept-Encoding
      x-content-type-options:
      - nosniff
    status:
      code: 200
      message: OK
- request:
    body: null
    headers:
      Accept:
      - '*/*'
      Accept-Encoding:
      - gzip, deflate
      CommandName:
      - communication create
      Connection:
      - keep-alive
      ParameterSetName:
      - -n -g --location --data-location --assign-identity
      User-Agent:
      - AZURECLI/2.49.0 (AAZ) azsdk-python-core/1.26.0 Python/3.10.11 (Windows-10-10.0.22621-SP0)
    method: GET
    uri: https://management.azure.com/subscriptions/00000000-0000-0000-0000-000000000000/providers/Microsoft.Communication/locations/WESTUS2/operationStatuses/c99b280d-d965-4056-9b5f-c5213235d849*82B6EA170BE082B94CEB7A96EEE6552D408CC0E7DDF8B6E25009303A911EB8E8?api-version=2023-04-01-preview
  response:
    body:
      string: '{"id":"/subscriptions/00000000-0000-0000-0000-000000000000/providers/Microsoft.Communication/locations/WESTUS2/operationStatuses/c99b280d-d965-4056-9b5f-c5213235d849*82B6EA170BE082B94CEB7A96EEE6552D408CC0E7DDF8B6E25009303A911EB8E8","name":"c99b280d-d965-4056-9b5f-c5213235d849*82B6EA170BE082B94CEB7A96EEE6552D408CC0E7DDF8B6E25009303A911EB8E8","resourceId":"/subscriptions/00000000-0000-0000-0000-000000000000/resourceGroups/cli_test_communication000001/providers/Microsoft.Communication/communicationServices/resource000002","status":"Accepted","startTime":"2023-07-07T19:54:05.0687352Z"}'
    headers:
      cache-control:
      - no-cache
      content-length:
      - '588'
      content-type:
      - application/json; charset=utf-8
      date:
      - Fri, 07 Jul 2023 19:55:04 GMT
      etag:
      - '"1e0017f9-0000-0800-0000-64a86d5d0000"'
      expires:
      - '-1'
      pragma:
      - no-cache
      strict-transport-security:
      - max-age=31536000; includeSubDomains
      transfer-encoding:
      - chunked
      vary:
      - Accept-Encoding
      x-content-type-options:
      - nosniff
    status:
      code: 200
      message: OK
- request:
    body: null
    headers:
      Accept:
      - '*/*'
      Accept-Encoding:
      - gzip, deflate
      CommandName:
      - communication create
      Connection:
      - keep-alive
      ParameterSetName:
      - -n -g --location --data-location --assign-identity
      User-Agent:
      - AZURECLI/2.49.0 (AAZ) azsdk-python-core/1.26.0 Python/3.10.11 (Windows-10-10.0.22621-SP0)
    method: GET
    uri: https://management.azure.com/subscriptions/00000000-0000-0000-0000-000000000000/providers/Microsoft.Communication/locations/WESTUS2/operationStatuses/c99b280d-d965-4056-9b5f-c5213235d849*82B6EA170BE082B94CEB7A96EEE6552D408CC0E7DDF8B6E25009303A911EB8E8?api-version=2023-04-01-preview
  response:
    body:
      string: '{"id":"/subscriptions/00000000-0000-0000-0000-000000000000/providers/Microsoft.Communication/locations/WESTUS2/operationStatuses/c99b280d-d965-4056-9b5f-c5213235d849*82B6EA170BE082B94CEB7A96EEE6552D408CC0E7DDF8B6E25009303A911EB8E8","name":"c99b280d-d965-4056-9b5f-c5213235d849*82B6EA170BE082B94CEB7A96EEE6552D408CC0E7DDF8B6E25009303A911EB8E8","resourceId":"/subscriptions/00000000-0000-0000-0000-000000000000/resourceGroups/cli_test_communication000001/providers/Microsoft.Communication/communicationServices/resource000002","status":"Succeeded","startTime":"2023-07-07T19:54:05.0687352Z","properties":null}'
    headers:
      cache-control:
      - no-cache
      content-length:
      - '607'
      content-type:
      - application/json; charset=utf-8
      date:
      - Fri, 07 Jul 2023 19:55:35 GMT
      etag:
      - '"2a03b5e2-0000-0100-0000-64a86d9f0000"'
      expires:
      - '-1'
      pragma:
      - no-cache
      strict-transport-security:
      - max-age=31536000; includeSubDomains
      transfer-encoding:
      - chunked
      vary:
      - Accept-Encoding
      x-content-type-options:
      - nosniff
    status:
      code: 200
      message: OK
- request:
    body: null
    headers:
      Accept:
      - '*/*'
      Accept-Encoding:
      - gzip, deflate
      CommandName:
      - communication create
      Connection:
      - keep-alive
      ParameterSetName:
      - -n -g --location --data-location --assign-identity
      User-Agent:
      - AZURECLI/2.49.0 (AAZ) azsdk-python-core/1.26.0 Python/3.10.11 (Windows-10-10.0.22621-SP0)
    method: GET
    uri: https://management.azure.com/subscriptions/00000000-0000-0000-0000-000000000000/resourceGroups/cli_test_communication000001/providers/Microsoft.Communication/communicationServices/resource000002?api-version=2023-04-01-preview
  response:
    body:
      string: '{"id":"/subscriptions/00000000-0000-0000-0000-000000000000/resourceGroups/cli_test_communication000001/providers/Microsoft.Communication/communicationServices/resource000002","name":"resource000002","type":"microsoft.communication/communicationservices","location":"global","systemData":{"createdBy":"jbeauregardb@microsoft.com","createdByType":"User","createdAt":"2023-07-07T19:54:03.5238079Z","lastModifiedBy":"jbeauregardb@microsoft.com","lastModifiedByType":"User","lastModifiedAt":"2023-07-07T19:54:03.5238079Z"},"identity":{"principalId":"7486fe63-2cfa-4c8b-9652-7a09c887a0df","tenantId":"72f988bf-86f1-41af-91ab-2d7cd011db47","type":"SystemAssigned"},"properties":{"provisioningState":"Succeeded","hostName":"resource000002.communication.azure.com","immutableResourceId":"c1d2ca59-fa4c-454c-8329-5c07cb7839ef","dataLocation":"unitedstates"}}'
    headers:
      cache-control:
      - no-cache
      content-length:
      - '848'
      content-type:
      - application/json; charset=utf-8
      date:
      - Fri, 07 Jul 2023 19:55:35 GMT
      etag:
      - '"0b00ca0e-0000-0700-0000-64a86d650000"'
      expires:
      - '-1'
      pragma:
      - no-cache
      strict-transport-security:
      - max-age=31536000; includeSubDomains
      transfer-encoding:
      - chunked
      vary:
      - Accept-Encoding
      x-content-type-options:
      - nosniff
      x-ms-providerhub-traffic:
      - 'True'
    status:
      code: 200
      message: OK
- request:
    body: '{"identity": {"type": "None"}, "location": "global", "properties": {"dataLocation":
      "unitedstates"}}'
    headers:
      Accept:
      - application/json
      Accept-Encoding:
      - gzip, deflate
      CommandName:
      - communication create
      Connection:
      - keep-alive
      Content-Length:
      - '100'
      Content-Type:
      - application/json
      ParameterSetName:
      - -n -g --location --data-location
      User-Agent:
      - AZURECLI/2.49.0 (AAZ) azsdk-python-core/1.26.0 Python/3.10.11 (Windows-10-10.0.22621-SP0)
    method: PUT
    uri: https://management.azure.com/subscriptions/00000000-0000-0000-0000-000000000000/resourceGroups/cli_test_communication000001/providers/Microsoft.Communication/communicationServices/resource000002?api-version=2023-04-01-preview
  response:
    body:
      string: '{"id":"/subscriptions/00000000-0000-0000-0000-000000000000/resourceGroups/cli_test_communication000001/providers/Microsoft.Communication/communicationServices/resource000002","name":"resource000002","type":"microsoft.communication/communicationservices","location":"global","systemData":{"createdBy":"jbeauregardb@microsoft.com","createdByType":"User","createdAt":"2023-07-07T19:54:03.5238079Z","lastModifiedBy":"jbeauregardb@microsoft.com","lastModifiedByType":"User","lastModifiedAt":"2023-07-07T19:55:37.0161785Z"},"identity":{"type":"None"},"properties":{"provisioningState":"Accepted","hostName":"resource000002.communication.azure.com","immutableResourceId":"c1d2ca59-fa4c-454c-8329-5c07cb7839ef","dataLocation":"unitedstates"}}'
    headers:
      azure-asyncoperation:
      - https://management.azure.com/subscriptions/00000000-0000-0000-0000-000000000000/providers/Microsoft.Communication/locations/WESTUS2/operationStatuses/083eab4e-005f-4fcd-aed1-2a3a569cadcd*82B6EA170BE082B94CEB7A96EEE6552D408CC0E7DDF8B6E25009303A911EB8E8?api-version=2023-04-01-preview
      cache-control:
      - no-cache
      content-length:
      - '734'
      content-type:
      - application/json; charset=utf-8
      date:
      - Fri, 07 Jul 2023 19:55:39 GMT
      etag:
      - '"0b00ff0e-0000-0700-0000-64a86dba0000"'
      expires:
      - '-1'
      mise-correlation-id:
      - 23e5e136-036c-4afc-88a5-15b07a18363c
      pragma:
      - no-cache
      request-context:
      - appId=
      strict-transport-security:
      - max-age=31536000; includeSubDomains
      x-content-type-options:
      - nosniff
      x-ms-providerhub-traffic:
      - 'True'
      x-ms-ratelimit-remaining-subscription-writes:
      - '1199'
    status:
      code: 201
      message: Created
- request:
    body: null
    headers:
      Accept:
      - '*/*'
      Accept-Encoding:
      - gzip, deflate
      CommandName:
      - communication create
      Connection:
      - keep-alive
      ParameterSetName:
      - -n -g --location --data-location
      User-Agent:
      - AZURECLI/2.49.0 (AAZ) azsdk-python-core/1.26.0 Python/3.10.11 (Windows-10-10.0.22621-SP0)
    method: GET
    uri: https://management.azure.com/subscriptions/00000000-0000-0000-0000-000000000000/providers/Microsoft.Communication/locations/WESTUS2/operationStatuses/083eab4e-005f-4fcd-aed1-2a3a569cadcd*82B6EA170BE082B94CEB7A96EEE6552D408CC0E7DDF8B6E25009303A911EB8E8?api-version=2023-04-01-preview
  response:
    body:
      string: '{"id":"/subscriptions/00000000-0000-0000-0000-000000000000/providers/Microsoft.Communication/locations/WESTUS2/operationStatuses/083eab4e-005f-4fcd-aed1-2a3a569cadcd*82B6EA170BE082B94CEB7A96EEE6552D408CC0E7DDF8B6E25009303A911EB8E8","name":"083eab4e-005f-4fcd-aed1-2a3a569cadcd*82B6EA170BE082B94CEB7A96EEE6552D408CC0E7DDF8B6E25009303A911EB8E8","resourceId":"/subscriptions/00000000-0000-0000-0000-000000000000/resourceGroups/cli_test_communication000001/providers/Microsoft.Communication/communicationServices/resource000002","status":"Accepted","startTime":"2023-07-07T19:55:38.452501Z"}'
    headers:
      cache-control:
      - no-cache
      content-length:
      - '587'
      content-type:
      - application/json; charset=utf-8
      date:
      - Fri, 07 Jul 2023 19:55:39 GMT
      etag:
      - '"1e007bf9-0000-0800-0000-64a86dba0000"'
      expires:
      - '-1'
      pragma:
      - no-cache
      strict-transport-security:
      - max-age=31536000; includeSubDomains
      transfer-encoding:
      - chunked
      vary:
      - Accept-Encoding
      x-content-type-options:
      - nosniff
    status:
      code: 200
      message: OK
- request:
    body: null
    headers:
      Accept:
      - '*/*'
      Accept-Encoding:
      - gzip, deflate
      CommandName:
      - communication create
      Connection:
      - keep-alive
      ParameterSetName:
      - -n -g --location --data-location
      User-Agent:
      - AZURECLI/2.49.0 (AAZ) azsdk-python-core/1.26.0 Python/3.10.11 (Windows-10-10.0.22621-SP0)
    method: GET
    uri: https://management.azure.com/subscriptions/00000000-0000-0000-0000-000000000000/providers/Microsoft.Communication/locations/WESTUS2/operationStatuses/083eab4e-005f-4fcd-aed1-2a3a569cadcd*82B6EA170BE082B94CEB7A96EEE6552D408CC0E7DDF8B6E25009303A911EB8E8?api-version=2023-04-01-preview
  response:
    body:
      string: '{"id":"/subscriptions/00000000-0000-0000-0000-000000000000/providers/Microsoft.Communication/locations/WESTUS2/operationStatuses/083eab4e-005f-4fcd-aed1-2a3a569cadcd*82B6EA170BE082B94CEB7A96EEE6552D408CC0E7DDF8B6E25009303A911EB8E8","name":"083eab4e-005f-4fcd-aed1-2a3a569cadcd*82B6EA170BE082B94CEB7A96EEE6552D408CC0E7DDF8B6E25009303A911EB8E8","resourceId":"/subscriptions/00000000-0000-0000-0000-000000000000/resourceGroups/cli_test_communication000001/providers/Microsoft.Communication/communicationServices/resource000002","status":"Accepted","startTime":"2023-07-07T19:55:38.452501Z"}'
    headers:
      cache-control:
      - no-cache
      content-length:
      - '587'
      content-type:
      - application/json; charset=utf-8
      date:
      - Fri, 07 Jul 2023 19:56:09 GMT
      etag:
      - '"1e007bf9-0000-0800-0000-64a86dba0000"'
      expires:
      - '-1'
      pragma:
      - no-cache
      strict-transport-security:
      - max-age=31536000; includeSubDomains
      transfer-encoding:
      - chunked
      vary:
      - Accept-Encoding
      x-content-type-options:
      - nosniff
    status:
      code: 200
      message: OK
- request:
    body: null
    headers:
      Accept:
      - '*/*'
      Accept-Encoding:
      - gzip, deflate
      CommandName:
      - communication create
      Connection:
      - keep-alive
      ParameterSetName:
      - -n -g --location --data-location
      User-Agent:
      - AZURECLI/2.49.0 (AAZ) azsdk-python-core/1.26.0 Python/3.10.11 (Windows-10-10.0.22621-SP0)
    method: GET
    uri: https://management.azure.com/subscriptions/00000000-0000-0000-0000-000000000000/providers/Microsoft.Communication/locations/WESTUS2/operationStatuses/083eab4e-005f-4fcd-aed1-2a3a569cadcd*82B6EA170BE082B94CEB7A96EEE6552D408CC0E7DDF8B6E25009303A911EB8E8?api-version=2023-04-01-preview
  response:
    body:
      string: '{"id":"/subscriptions/00000000-0000-0000-0000-000000000000/providers/Microsoft.Communication/locations/WESTUS2/operationStatuses/083eab4e-005f-4fcd-aed1-2a3a569cadcd*82B6EA170BE082B94CEB7A96EEE6552D408CC0E7DDF8B6E25009303A911EB8E8","name":"083eab4e-005f-4fcd-aed1-2a3a569cadcd*82B6EA170BE082B94CEB7A96EEE6552D408CC0E7DDF8B6E25009303A911EB8E8","resourceId":"/subscriptions/00000000-0000-0000-0000-000000000000/resourceGroups/cli_test_communication000001/providers/Microsoft.Communication/communicationServices/resource000002","status":"Accepted","startTime":"2023-07-07T19:55:38.452501Z"}'
    headers:
      cache-control:
      - no-cache
      content-length:
      - '587'
      content-type:
      - application/json; charset=utf-8
      date:
      - Fri, 07 Jul 2023 19:56:38 GMT
      etag:
      - '"1e007bf9-0000-0800-0000-64a86dba0000"'
      expires:
      - '-1'
      pragma:
      - no-cache
      strict-transport-security:
      - max-age=31536000; includeSubDomains
      transfer-encoding:
      - chunked
      vary:
      - Accept-Encoding
      x-content-type-options:
      - nosniff
    status:
      code: 200
      message: OK
- request:
    body: null
    headers:
      Accept:
      - '*/*'
      Accept-Encoding:
      - gzip, deflate
      CommandName:
      - communication create
      Connection:
      - keep-alive
      ParameterSetName:
      - -n -g --location --data-location
      User-Agent:
      - AZURECLI/2.49.0 (AAZ) azsdk-python-core/1.26.0 Python/3.10.11 (Windows-10-10.0.22621-SP0)
    method: GET
    uri: https://management.azure.com/subscriptions/00000000-0000-0000-0000-000000000000/providers/Microsoft.Communication/locations/WESTUS2/operationStatuses/083eab4e-005f-4fcd-aed1-2a3a569cadcd*82B6EA170BE082B94CEB7A96EEE6552D408CC0E7DDF8B6E25009303A911EB8E8?api-version=2023-04-01-preview
  response:
    body:
      string: '{"id":"/subscriptions/00000000-0000-0000-0000-000000000000/providers/Microsoft.Communication/locations/WESTUS2/operationStatuses/083eab4e-005f-4fcd-aed1-2a3a569cadcd*82B6EA170BE082B94CEB7A96EEE6552D408CC0E7DDF8B6E25009303A911EB8E8","name":"083eab4e-005f-4fcd-aed1-2a3a569cadcd*82B6EA170BE082B94CEB7A96EEE6552D408CC0E7DDF8B6E25009303A911EB8E8","resourceId":"/subscriptions/00000000-0000-0000-0000-000000000000/resourceGroups/cli_test_communication000001/providers/Microsoft.Communication/communicationServices/resource000002","status":"Succeeded","startTime":"2023-07-07T19:55:38.452501Z","properties":null}'
    headers:
      cache-control:
      - no-cache
      content-length:
      - '606'
      content-type:
      - application/json; charset=utf-8
      date:
      - Fri, 07 Jul 2023 19:57:09 GMT
      etag:
      - '"1e00c5f9-0000-0800-0000-64a86dfc0000"'
      expires:
      - '-1'
      pragma:
      - no-cache
      strict-transport-security:
      - max-age=31536000; includeSubDomains
      transfer-encoding:
      - chunked
      vary:
      - Accept-Encoding
      x-content-type-options:
      - nosniff
    status:
      code: 200
      message: OK
- request:
    body: null
    headers:
      Accept:
      - '*/*'
      Accept-Encoding:
      - gzip, deflate
      CommandName:
      - communication create
      Connection:
      - keep-alive
      ParameterSetName:
      - -n -g --location --data-location
      User-Agent:
      - AZURECLI/2.49.0 (AAZ) azsdk-python-core/1.26.0 Python/3.10.11 (Windows-10-10.0.22621-SP0)
    method: GET
    uri: https://management.azure.com/subscriptions/00000000-0000-0000-0000-000000000000/resourceGroups/cli_test_communication000001/providers/Microsoft.Communication/communicationServices/resource000002?api-version=2023-04-01-preview
  response:
    body:
      string: '{"id":"/subscriptions/00000000-0000-0000-0000-000000000000/resourceGroups/cli_test_communication000001/providers/Microsoft.Communication/communicationServices/resource000002","name":"resource000002","type":"microsoft.communication/communicationservices","location":"global","systemData":{"createdBy":"jbeauregardb@microsoft.com","createdByType":"User","createdAt":"2023-07-07T19:54:03.5238079Z","lastModifiedBy":"jbeauregardb@microsoft.com","lastModifiedByType":"User","lastModifiedAt":"2023-07-07T19:55:37.0161785Z"},"identity":{"type":"None"},"properties":{"provisioningState":"Succeeded","hostName":"resource000002.communication.azure.com","immutableResourceId":"c1d2ca59-fa4c-454c-8329-5c07cb7839ef","dataLocation":"unitedstates"}}'
    headers:
      cache-control:
      - no-cache
      content-length:
      - '735'
      content-type:
      - application/json; charset=utf-8
      date:
      - Fri, 07 Jul 2023 19:57:09 GMT
      etag:
      - '"0b00050f-0000-0700-0000-64a86dc00000"'
      expires:
      - '-1'
      pragma:
      - no-cache
      strict-transport-security:
      - max-age=31536000; includeSubDomains
      transfer-encoding:
      - chunked
      vary:
      - Accept-Encoding
      x-content-type-options:
      - nosniff
      x-ms-providerhub-traffic:
      - 'True'
    status:
      code: 200
      message: OK
- request:
    body: null
    headers:
      Accept:
      - application/json
      Accept-Encoding:
      - gzip, deflate
      CommandName:
      - communication identity assign
      Connection:
      - keep-alive
      ParameterSetName:
      - -n -g --identities
      User-Agent:
      - AZURECLI/2.49.0 (AAZ) azsdk-python-core/1.26.0 Python/3.10.11 (Windows-10-10.0.22621-SP0)
    method: GET
    uri: https://management.azure.com/subscriptions/00000000-0000-0000-0000-000000000000/resourceGroups/cli_test_communication000001/providers/Microsoft.Communication/communicationServices/resource000002?api-version=2023-04-01-preview
  response:
    body:
      string: '{"id":"/subscriptions/00000000-0000-0000-0000-000000000000/resourceGroups/cli_test_communication000001/providers/Microsoft.Communication/communicationServices/resource000002","name":"resource000002","type":"microsoft.communication/communicationservices","location":"global","systemData":{"createdBy":"jbeauregardb@microsoft.com","createdByType":"User","createdAt":"2023-07-07T19:54:03.5238079Z","lastModifiedBy":"jbeauregardb@microsoft.com","lastModifiedByType":"User","lastModifiedAt":"2023-07-07T19:55:37.0161785Z"},"identity":{"type":"None"},"properties":{"provisioningState":"Succeeded","hostName":"resource000002.communication.azure.com","immutableResourceId":"c1d2ca59-fa4c-454c-8329-5c07cb7839ef","dataLocation":"unitedstates"}}'
    headers:
      cache-control:
      - no-cache
      content-length:
      - '735'
      content-type:
      - application/json; charset=utf-8
      date:
      - Fri, 07 Jul 2023 19:57:09 GMT
      etag:
      - '"0b00050f-0000-0700-0000-64a86dc00000"'
      expires:
      - '-1'
      pragma:
      - no-cache
      strict-transport-security:
      - max-age=31536000; includeSubDomains
      transfer-encoding:
      - chunked
      vary:
      - Accept-Encoding
      x-content-type-options:
      - nosniff
      x-ms-providerhub-traffic:
      - 'True'
    status:
      code: 200
      message: OK
- request:
    body: '{"identity": {"type": "SystemAssigned"}, "location": "global", "properties":
      {"dataLocation": "unitedstates"}}'
    headers:
      Accept:
      - application/json
      Accept-Encoding:
      - gzip, deflate
      CommandName:
      - communication identity assign
      Connection:
      - keep-alive
      Content-Length:
      - '110'
      Content-Type:
      - application/json
      ParameterSetName:
      - -n -g --identities
      User-Agent:
      - AZURECLI/2.49.0 (AAZ) azsdk-python-core/1.26.0 Python/3.10.11 (Windows-10-10.0.22621-SP0)
    method: PUT
    uri: https://management.azure.com/subscriptions/00000000-0000-0000-0000-000000000000/resourceGroups/cli_test_communication000001/providers/Microsoft.Communication/communicationServices/resource000002?api-version=2023-04-01-preview
  response:
    body:
      string: '{"id":"/subscriptions/00000000-0000-0000-0000-000000000000/resourceGroups/cli_test_communication000001/providers/Microsoft.Communication/communicationServices/resource000002","name":"resource000002","type":"microsoft.communication/communicationservices","location":"global","systemData":{"createdBy":"jbeauregardb@microsoft.com","createdByType":"User","createdAt":"2023-07-07T19:54:03.5238079Z","lastModifiedBy":"jbeauregardb@microsoft.com","lastModifiedByType":"User","lastModifiedAt":"2023-07-07T19:57:10.7112185Z"},"identity":{"principalId":"27ac4d09-70a5-4827-bbf8-38b7719a9b59","tenantId":"72f988bf-86f1-41af-91ab-2d7cd011db47","type":"SystemAssigned"},"properties":{"provisioningState":"Accepted","hostName":"resource000002.communication.azure.com","immutableResourceId":"c1d2ca59-fa4c-454c-8329-5c07cb7839ef","dataLocation":"unitedstates"}}'
    headers:
      azure-asyncoperation:
      - https://management.azure.com/subscriptions/00000000-0000-0000-0000-000000000000/providers/Microsoft.Communication/locations/WESTUS2/operationStatuses/31a05cc6-f24b-4fb2-983b-a7a9c22d4b82*82B6EA170BE082B94CEB7A96EEE6552D408CC0E7DDF8B6E25009303A911EB8E8?api-version=2023-04-01-preview
      cache-control:
      - no-cache
      content-length:
      - '847'
      content-type:
      - application/json; charset=utf-8
      date:
      - Fri, 07 Jul 2023 19:57:12 GMT
      etag:
      - '"0b00360f-0000-0700-0000-64a86e170000"'
      expires:
      - '-1'
      mise-correlation-id:
      - d08038f4-f420-4836-b95f-611321f59261
      pragma:
      - no-cache
      request-context:
      - appId=
      strict-transport-security:
      - max-age=31536000; includeSubDomains
      x-content-type-options:
      - nosniff
      x-ms-providerhub-traffic:
      - 'True'
      x-ms-ratelimit-remaining-subscription-writes:
      - '1199'
    status:
      code: 201
      message: Created
- request:
    body: null
    headers:
      Accept:
      - '*/*'
      Accept-Encoding:
      - gzip, deflate
      CommandName:
      - communication identity assign
      Connection:
      - keep-alive
      ParameterSetName:
      - -n -g --identities
      User-Agent:
      - AZURECLI/2.49.0 (AAZ) azsdk-python-core/1.26.0 Python/3.10.11 (Windows-10-10.0.22621-SP0)
    method: GET
    uri: https://management.azure.com/subscriptions/00000000-0000-0000-0000-000000000000/providers/Microsoft.Communication/locations/WESTUS2/operationStatuses/31a05cc6-f24b-4fb2-983b-a7a9c22d4b82*82B6EA170BE082B94CEB7A96EEE6552D408CC0E7DDF8B6E25009303A911EB8E8?api-version=2023-04-01-preview
  response:
    body:
      string: '{"id":"/subscriptions/00000000-0000-0000-0000-000000000000/providers/Microsoft.Communication/locations/WESTUS2/operationStatuses/31a05cc6-f24b-4fb2-983b-a7a9c22d4b82*82B6EA170BE082B94CEB7A96EEE6552D408CC0E7DDF8B6E25009303A911EB8E8","name":"31a05cc6-f24b-4fb2-983b-a7a9c22d4b82*82B6EA170BE082B94CEB7A96EEE6552D408CC0E7DDF8B6E25009303A911EB8E8","resourceId":"/subscriptions/00000000-0000-0000-0000-000000000000/resourceGroups/cli_test_communication000001/providers/Microsoft.Communication/communicationServices/resource000002","status":"Accepted","startTime":"2023-07-07T19:57:11.8145461Z"}'
    headers:
      cache-control:
      - no-cache
      content-length:
      - '588'
      content-type:
      - application/json; charset=utf-8
      date:
      - Fri, 07 Jul 2023 19:57:12 GMT
      etag:
      - '"1e00eff9-0000-0800-0000-64a86e170000"'
      expires:
      - '-1'
      pragma:
      - no-cache
      strict-transport-security:
      - max-age=31536000; includeSubDomains
      transfer-encoding:
      - chunked
      vary:
      - Accept-Encoding
      x-content-type-options:
      - nosniff
    status:
      code: 200
      message: OK
- request:
    body: null
    headers:
      Accept:
      - '*/*'
      Accept-Encoding:
      - gzip, deflate
      CommandName:
      - communication identity assign
      Connection:
      - keep-alive
      ParameterSetName:
      - -n -g --identities
      User-Agent:
      - AZURECLI/2.49.0 (AAZ) azsdk-python-core/1.26.0 Python/3.10.11 (Windows-10-10.0.22621-SP0)
    method: GET
    uri: https://management.azure.com/subscriptions/00000000-0000-0000-0000-000000000000/providers/Microsoft.Communication/locations/WESTUS2/operationStatuses/31a05cc6-f24b-4fb2-983b-a7a9c22d4b82*82B6EA170BE082B94CEB7A96EEE6552D408CC0E7DDF8B6E25009303A911EB8E8?api-version=2023-04-01-preview
  response:
    body:
      string: '{"id":"/subscriptions/00000000-0000-0000-0000-000000000000/providers/Microsoft.Communication/locations/WESTUS2/operationStatuses/31a05cc6-f24b-4fb2-983b-a7a9c22d4b82*82B6EA170BE082B94CEB7A96EEE6552D408CC0E7DDF8B6E25009303A911EB8E8","name":"31a05cc6-f24b-4fb2-983b-a7a9c22d4b82*82B6EA170BE082B94CEB7A96EEE6552D408CC0E7DDF8B6E25009303A911EB8E8","resourceId":"/subscriptions/00000000-0000-0000-0000-000000000000/resourceGroups/cli_test_communication000001/providers/Microsoft.Communication/communicationServices/resource000002","status":"Accepted","startTime":"2023-07-07T19:57:11.8145461Z"}'
    headers:
      cache-control:
      - no-cache
      content-length:
      - '588'
      content-type:
      - application/json; charset=utf-8
      date:
      - Fri, 07 Jul 2023 19:57:42 GMT
      etag:
      - '"1e00eff9-0000-0800-0000-64a86e170000"'
      expires:
      - '-1'
      pragma:
      - no-cache
      strict-transport-security:
      - max-age=31536000; includeSubDomains
      transfer-encoding:
      - chunked
      vary:
      - Accept-Encoding
      x-content-type-options:
      - nosniff
    status:
      code: 200
      message: OK
- request:
    body: null
    headers:
      Accept:
      - '*/*'
      Accept-Encoding:
      - gzip, deflate
      CommandName:
      - communication identity assign
      Connection:
      - keep-alive
      ParameterSetName:
      - -n -g --identities
      User-Agent:
      - AZURECLI/2.49.0 (AAZ) azsdk-python-core/1.26.0 Python/3.10.11 (Windows-10-10.0.22621-SP0)
    method: GET
    uri: https://management.azure.com/subscriptions/00000000-0000-0000-0000-000000000000/providers/Microsoft.Communication/locations/WESTUS2/operationStatuses/31a05cc6-f24b-4fb2-983b-a7a9c22d4b82*82B6EA170BE082B94CEB7A96EEE6552D408CC0E7DDF8B6E25009303A911EB8E8?api-version=2023-04-01-preview
  response:
    body:
      string: '{"id":"/subscriptions/00000000-0000-0000-0000-000000000000/providers/Microsoft.Communication/locations/WESTUS2/operationStatuses/31a05cc6-f24b-4fb2-983b-a7a9c22d4b82*82B6EA170BE082B94CEB7A96EEE6552D408CC0E7DDF8B6E25009303A911EB8E8","name":"31a05cc6-f24b-4fb2-983b-a7a9c22d4b82*82B6EA170BE082B94CEB7A96EEE6552D408CC0E7DDF8B6E25009303A911EB8E8","resourceId":"/subscriptions/00000000-0000-0000-0000-000000000000/resourceGroups/cli_test_communication000001/providers/Microsoft.Communication/communicationServices/resource000002","status":"Accepted","startTime":"2023-07-07T19:57:11.8145461Z"}'
    headers:
      cache-control:
      - no-cache
      content-length:
      - '588'
      content-type:
      - application/json; charset=utf-8
      date:
      - Fri, 07 Jul 2023 19:58:12 GMT
      etag:
      - '"1e00eff9-0000-0800-0000-64a86e170000"'
      expires:
      - '-1'
      pragma:
      - no-cache
      strict-transport-security:
      - max-age=31536000; includeSubDomains
      transfer-encoding:
      - chunked
      vary:
      - Accept-Encoding
      x-content-type-options:
      - nosniff
    status:
      code: 200
      message: OK
- request:
    body: null
    headers:
      Accept:
      - '*/*'
      Accept-Encoding:
      - gzip, deflate
      CommandName:
      - communication identity assign
      Connection:
      - keep-alive
      ParameterSetName:
      - -n -g --identities
      User-Agent:
      - AZURECLI/2.49.0 (AAZ) azsdk-python-core/1.26.0 Python/3.10.11 (Windows-10-10.0.22621-SP0)
    method: GET
    uri: https://management.azure.com/subscriptions/00000000-0000-0000-0000-000000000000/providers/Microsoft.Communication/locations/WESTUS2/operationStatuses/31a05cc6-f24b-4fb2-983b-a7a9c22d4b82*82B6EA170BE082B94CEB7A96EEE6552D408CC0E7DDF8B6E25009303A911EB8E8?api-version=2023-04-01-preview
  response:
    body:
      string: '{"id":"/subscriptions/00000000-0000-0000-0000-000000000000/providers/Microsoft.Communication/locations/WESTUS2/operationStatuses/31a05cc6-f24b-4fb2-983b-a7a9c22d4b82*82B6EA170BE082B94CEB7A96EEE6552D408CC0E7DDF8B6E25009303A911EB8E8","name":"31a05cc6-f24b-4fb2-983b-a7a9c22d4b82*82B6EA170BE082B94CEB7A96EEE6552D408CC0E7DDF8B6E25009303A911EB8E8","resourceId":"/subscriptions/00000000-0000-0000-0000-000000000000/resourceGroups/cli_test_communication000001/providers/Microsoft.Communication/communicationServices/resource000002","status":"Succeeded","startTime":"2023-07-07T19:57:11.8145461Z","properties":null}'
    headers:
      cache-control:
      - no-cache
      content-length:
      - '607'
      content-type:
      - application/json; charset=utf-8
      date:
      - Fri, 07 Jul 2023 19:58:43 GMT
      etag:
      - '"db02ff0f-0000-0700-0000-64a86e590000"'
      expires:
      - '-1'
      pragma:
      - no-cache
      strict-transport-security:
      - max-age=31536000; includeSubDomains
      transfer-encoding:
      - chunked
      vary:
      - Accept-Encoding
      x-content-type-options:
      - nosniff
    status:
      code: 200
      message: OK
- request:
    body: null
    headers:
      Accept:
      - '*/*'
      Accept-Encoding:
      - gzip, deflate
      CommandName:
      - communication identity assign
      Connection:
      - keep-alive
      ParameterSetName:
      - -n -g --identities
      User-Agent:
      - AZURECLI/2.49.0 (AAZ) azsdk-python-core/1.26.0 Python/3.10.11 (Windows-10-10.0.22621-SP0)
    method: GET
    uri: https://management.azure.com/subscriptions/00000000-0000-0000-0000-000000000000/resourceGroups/cli_test_communication000001/providers/Microsoft.Communication/communicationServices/resource000002?api-version=2023-04-01-preview
  response:
    body:
      string: '{"id":"/subscriptions/00000000-0000-0000-0000-000000000000/resourceGroups/cli_test_communication000001/providers/Microsoft.Communication/communicationServices/resource000002","name":"resource000002","type":"microsoft.communication/communicationservices","location":"global","systemData":{"createdBy":"jbeauregardb@microsoft.com","createdByType":"User","createdAt":"2023-07-07T19:54:03.5238079Z","lastModifiedBy":"jbeauregardb@microsoft.com","lastModifiedByType":"User","lastModifiedAt":"2023-07-07T19:57:10.7112185Z"},"identity":{"principalId":"27ac4d09-70a5-4827-bbf8-38b7719a9b59","tenantId":"72f988bf-86f1-41af-91ab-2d7cd011db47","type":"SystemAssigned"},"properties":{"provisioningState":"Succeeded","hostName":"resource000002.communication.azure.com","immutableResourceId":"c1d2ca59-fa4c-454c-8329-5c07cb7839ef","dataLocation":"unitedstates"}}'
    headers:
      cache-control:
      - no-cache
      content-length:
      - '848'
      content-type:
      - application/json; charset=utf-8
      date:
      - Fri, 07 Jul 2023 19:58:43 GMT
      etag:
      - '"0b00390f-0000-0700-0000-64a86e1e0000"'
      expires:
      - '-1'
      pragma:
      - no-cache
      strict-transport-security:
      - max-age=31536000; includeSubDomains
      transfer-encoding:
      - chunked
      vary:
      - Accept-Encoding
      x-content-type-options:
      - nosniff
      x-ms-providerhub-traffic:
      - 'True'
    status:
      code: 200
      message: OK
- request:
    body: null
    headers:
      Accept:
      - application/json
      Accept-Encoding:
      - gzip, deflate
      CommandName:
      - communication identity assign
      Connection:
      - keep-alive
      ParameterSetName:
      - -n -g --identities
      User-Agent:
      - AZURECLI/2.49.0 (AAZ) azsdk-python-core/1.26.0 Python/3.10.11 (Windows-10-10.0.22621-SP0)
    method: GET
    uri: https://management.azure.com/subscriptions/00000000-0000-0000-0000-000000000000/resourceGroups/cli_test_communication000001/providers/Microsoft.Communication/communicationServices/resource000002?api-version=2023-04-01-preview
  response:
    body:
      string: '{"id":"/subscriptions/00000000-0000-0000-0000-000000000000/resourceGroups/cli_test_communication000001/providers/Microsoft.Communication/communicationServices/resource000002","name":"resource000002","type":"microsoft.communication/communicationservices","location":"global","systemData":{"createdBy":"jbeauregardb@microsoft.com","createdByType":"User","createdAt":"2023-07-07T19:54:03.5238079Z","lastModifiedBy":"jbeauregardb@microsoft.com","lastModifiedByType":"User","lastModifiedAt":"2023-07-07T19:57:10.7112185Z"},"identity":{"principalId":"27ac4d09-70a5-4827-bbf8-38b7719a9b59","tenantId":"72f988bf-86f1-41af-91ab-2d7cd011db47","type":"SystemAssigned"},"properties":{"provisioningState":"Succeeded","hostName":"resource000002.communication.azure.com","immutableResourceId":"c1d2ca59-fa4c-454c-8329-5c07cb7839ef","dataLocation":"unitedstates"}}'
    headers:
      cache-control:
      - no-cache
      content-length:
      - '848'
      content-type:
      - application/json; charset=utf-8
      date:
      - Fri, 07 Jul 2023 19:58:43 GMT
      etag:
      - '"0b00390f-0000-0700-0000-64a86e1e0000"'
      expires:
      - '-1'
      pragma:
      - no-cache
      strict-transport-security:
      - max-age=31536000; includeSubDomains
      transfer-encoding:
      - chunked
      vary:
      - Accept-Encoding
      x-content-type-options:
      - nosniff
      x-ms-providerhub-traffic:
      - 'True'
    status:
      code: 200
      message: OK
- request:
    body: '{"identity": {"type": "SystemAssigned,UserAssigned", "userAssignedIdentities":
      {"/subscriptions/00000000-0000-0000-0000-000000000000/resourcegroups/cli_test_communication000001/providers/Microsoft.ManagedIdentity/userAssignedIdentities/managedIdentity":
      {}}}, "location": "global", "properties": {"dataLocation": "unitedstates"}}'
    headers:
      Accept:
      - application/json
      Accept-Encoding:
      - gzip, deflate
      CommandName:
      - communication identity assign
      Connection:
      - keep-alive
      Content-Length:
      - '329'
      Content-Type:
      - application/json
      ParameterSetName:
      - -n -g --identities
      User-Agent:
      - AZURECLI/2.49.0 (AAZ) azsdk-python-core/1.26.0 Python/3.10.11 (Windows-10-10.0.22621-SP0)
    method: PUT
    uri: https://management.azure.com/subscriptions/00000000-0000-0000-0000-000000000000/resourceGroups/cli_test_communication000001/providers/Microsoft.Communication/communicationServices/resource000002?api-version=2023-04-01-preview
  response:
    body:
      string: '{"id":"/subscriptions/00000000-0000-0000-0000-000000000000/resourceGroups/cli_test_communication000001/providers/Microsoft.Communication/communicationServices/resource000002","name":"resource000002","type":"microsoft.communication/communicationservices","location":"global","systemData":{"createdBy":"jbeauregardb@microsoft.com","createdByType":"User","createdAt":"2023-07-07T19:54:03.5238079Z","lastModifiedBy":"jbeauregardb@microsoft.com","lastModifiedByType":"User","lastModifiedAt":"2023-07-07T19:58:44.4318404Z"},"identity":{"principalId":"27ac4d09-70a5-4827-bbf8-38b7719a9b59","tenantId":"72f988bf-86f1-41af-91ab-2d7cd011db47","type":"SystemAssigned,
        UserAssigned","userAssignedIdentities":{"/subscriptions/00000000-0000-0000-0000-000000000000/resourcegroups/cli_test_communication000001/providers/Microsoft.ManagedIdentity/userAssignedIdentities/managedIdentity":{}}},"properties":{"provisioningState":"Accepted","hostName":"resource000002.communication.azure.com","immutableResourceId":"c1d2ca59-fa4c-454c-8329-5c07cb7839ef","dataLocation":"unitedstates"}}'
    headers:
      azure-asyncoperation:
      - https://management.azure.com/subscriptions/00000000-0000-0000-0000-000000000000/providers/Microsoft.Communication/locations/WESTUS2/operationStatuses/7649b565-db65-42bd-840b-2a12424558d6*82B6EA170BE082B94CEB7A96EEE6552D408CC0E7DDF8B6E25009303A911EB8E8?api-version=2023-04-01-preview
      cache-control:
      - no-cache
      content-length:
      - '1064'
      content-type:
      - application/json; charset=utf-8
      date:
      - Fri, 07 Jul 2023 19:58:45 GMT
      etag:
      - '"0b007b0f-0000-0700-0000-64a86e750000"'
      expires:
      - '-1'
      mise-correlation-id:
      - 09d984c8-0442-46eb-bffd-95b6a0beaecd
      pragma:
      - no-cache
      request-context:
      - appId=
      strict-transport-security:
      - max-age=31536000; includeSubDomains
      x-content-type-options:
      - nosniff
      x-ms-providerhub-traffic:
      - 'True'
      x-ms-ratelimit-remaining-subscription-writes:
      - '1199'
    status:
      code: 201
      message: Created
- request:
    body: null
    headers:
      Accept:
      - '*/*'
      Accept-Encoding:
      - gzip, deflate
      CommandName:
      - communication identity assign
      Connection:
      - keep-alive
      ParameterSetName:
      - -n -g --identities
      User-Agent:
      - AZURECLI/2.49.0 (AAZ) azsdk-python-core/1.26.0 Python/3.10.11 (Windows-10-10.0.22621-SP0)
    method: GET
    uri: https://management.azure.com/subscriptions/00000000-0000-0000-0000-000000000000/providers/Microsoft.Communication/locations/WESTUS2/operationStatuses/7649b565-db65-42bd-840b-2a12424558d6*82B6EA170BE082B94CEB7A96EEE6552D408CC0E7DDF8B6E25009303A911EB8E8?api-version=2023-04-01-preview
  response:
    body:
      string: '{"id":"/subscriptions/00000000-0000-0000-0000-000000000000/providers/Microsoft.Communication/locations/WESTUS2/operationStatuses/7649b565-db65-42bd-840b-2a12424558d6*82B6EA170BE082B94CEB7A96EEE6552D408CC0E7DDF8B6E25009303A911EB8E8","name":"7649b565-db65-42bd-840b-2a12424558d6*82B6EA170BE082B94CEB7A96EEE6552D408CC0E7DDF8B6E25009303A911EB8E8","resourceId":"/subscriptions/00000000-0000-0000-0000-000000000000/resourceGroups/cli_test_communication000001/providers/Microsoft.Communication/communicationServices/resource000002","status":"Accepted","startTime":"2023-07-07T19:58:45.093476Z"}'
    headers:
      cache-control:
      - no-cache
      content-length:
      - '587'
      content-type:
      - application/json; charset=utf-8
      date:
      - Fri, 07 Jul 2023 19:58:45 GMT
      etag:
      - '"1e0056fa-0000-0800-0000-64a86e750000"'
      expires:
      - '-1'
      pragma:
      - no-cache
      strict-transport-security:
      - max-age=31536000; includeSubDomains
      transfer-encoding:
      - chunked
      vary:
      - Accept-Encoding
      x-content-type-options:
      - nosniff
    status:
      code: 200
      message: OK
- request:
    body: null
    headers:
      Accept:
      - '*/*'
      Accept-Encoding:
      - gzip, deflate
      CommandName:
      - communication identity assign
      Connection:
      - keep-alive
      ParameterSetName:
      - -n -g --identities
      User-Agent:
      - AZURECLI/2.49.0 (AAZ) azsdk-python-core/1.26.0 Python/3.10.11 (Windows-10-10.0.22621-SP0)
    method: GET
    uri: https://management.azure.com/subscriptions/00000000-0000-0000-0000-000000000000/providers/Microsoft.Communication/locations/WESTUS2/operationStatuses/7649b565-db65-42bd-840b-2a12424558d6*82B6EA170BE082B94CEB7A96EEE6552D408CC0E7DDF8B6E25009303A911EB8E8?api-version=2023-04-01-preview
  response:
    body:
      string: '{"id":"/subscriptions/00000000-0000-0000-0000-000000000000/providers/Microsoft.Communication/locations/WESTUS2/operationStatuses/7649b565-db65-42bd-840b-2a12424558d6*82B6EA170BE082B94CEB7A96EEE6552D408CC0E7DDF8B6E25009303A911EB8E8","name":"7649b565-db65-42bd-840b-2a12424558d6*82B6EA170BE082B94CEB7A96EEE6552D408CC0E7DDF8B6E25009303A911EB8E8","resourceId":"/subscriptions/00000000-0000-0000-0000-000000000000/resourceGroups/cli_test_communication000001/providers/Microsoft.Communication/communicationServices/resource000002","status":"Accepted","startTime":"2023-07-07T19:58:45.093476Z"}'
    headers:
      cache-control:
      - no-cache
      content-length:
      - '587'
      content-type:
      - application/json; charset=utf-8
      date:
      - Fri, 07 Jul 2023 19:59:15 GMT
      etag:
      - '"1e0056fa-0000-0800-0000-64a86e750000"'
      expires:
      - '-1'
      pragma:
      - no-cache
      strict-transport-security:
      - max-age=31536000; includeSubDomains
      transfer-encoding:
      - chunked
      vary:
      - Accept-Encoding
      x-content-type-options:
      - nosniff
    status:
      code: 200
      message: OK
- request:
    body: null
    headers:
      Accept:
      - '*/*'
      Accept-Encoding:
      - gzip, deflate
      CommandName:
      - communication identity assign
      Connection:
      - keep-alive
      ParameterSetName:
      - -n -g --identities
      User-Agent:
      - AZURECLI/2.49.0 (AAZ) azsdk-python-core/1.26.0 Python/3.10.11 (Windows-10-10.0.22621-SP0)
    method: GET
    uri: https://management.azure.com/subscriptions/00000000-0000-0000-0000-000000000000/providers/Microsoft.Communication/locations/WESTUS2/operationStatuses/7649b565-db65-42bd-840b-2a12424558d6*82B6EA170BE082B94CEB7A96EEE6552D408CC0E7DDF8B6E25009303A911EB8E8?api-version=2023-04-01-preview
  response:
    body:
      string: '{"id":"/subscriptions/00000000-0000-0000-0000-000000000000/providers/Microsoft.Communication/locations/WESTUS2/operationStatuses/7649b565-db65-42bd-840b-2a12424558d6*82B6EA170BE082B94CEB7A96EEE6552D408CC0E7DDF8B6E25009303A911EB8E8","name":"7649b565-db65-42bd-840b-2a12424558d6*82B6EA170BE082B94CEB7A96EEE6552D408CC0E7DDF8B6E25009303A911EB8E8","resourceId":"/subscriptions/00000000-0000-0000-0000-000000000000/resourceGroups/cli_test_communication000001/providers/Microsoft.Communication/communicationServices/resource000002","status":"Accepted","startTime":"2023-07-07T19:58:45.093476Z"}'
    headers:
      cache-control:
      - no-cache
      content-length:
      - '587'
      content-type:
      - application/json; charset=utf-8
      date:
      - Fri, 07 Jul 2023 19:59:45 GMT
      etag:
      - '"1e0056fa-0000-0800-0000-64a86e750000"'
      expires:
      - '-1'
      pragma:
      - no-cache
      strict-transport-security:
      - max-age=31536000; includeSubDomains
      transfer-encoding:
      - chunked
      vary:
      - Accept-Encoding
      x-content-type-options:
      - nosniff
    status:
      code: 200
      message: OK
- request:
    body: null
    headers:
      Accept:
      - '*/*'
      Accept-Encoding:
      - gzip, deflate
      CommandName:
      - communication identity assign
      Connection:
      - keep-alive
      ParameterSetName:
      - -n -g --identities
      User-Agent:
      - AZURECLI/2.49.0 (AAZ) azsdk-python-core/1.26.0 Python/3.10.11 (Windows-10-10.0.22621-SP0)
    method: GET
    uri: https://management.azure.com/subscriptions/00000000-0000-0000-0000-000000000000/providers/Microsoft.Communication/locations/WESTUS2/operationStatuses/7649b565-db65-42bd-840b-2a12424558d6*82B6EA170BE082B94CEB7A96EEE6552D408CC0E7DDF8B6E25009303A911EB8E8?api-version=2023-04-01-preview
  response:
    body:
      string: '{"id":"/subscriptions/00000000-0000-0000-0000-000000000000/providers/Microsoft.Communication/locations/WESTUS2/operationStatuses/7649b565-db65-42bd-840b-2a12424558d6*82B6EA170BE082B94CEB7A96EEE6552D408CC0E7DDF8B6E25009303A911EB8E8","name":"7649b565-db65-42bd-840b-2a12424558d6*82B6EA170BE082B94CEB7A96EEE6552D408CC0E7DDF8B6E25009303A911EB8E8","resourceId":"/subscriptions/00000000-0000-0000-0000-000000000000/resourceGroups/cli_test_communication000001/providers/Microsoft.Communication/communicationServices/resource000002","status":"Succeeded","startTime":"2023-07-07T19:58:45.093476Z","properties":null}'
    headers:
      cache-control:
      - no-cache
      content-length:
      - '606'
      content-type:
      - application/json; charset=utf-8
      date:
      - Fri, 07 Jul 2023 20:00:16 GMT
      etag:
      - '"db02051e-0000-0700-0000-64a86eb70000"'
      expires:
      - '-1'
      pragma:
      - no-cache
      strict-transport-security:
      - max-age=31536000; includeSubDomains
      transfer-encoding:
      - chunked
      vary:
      - Accept-Encoding
      x-content-type-options:
      - nosniff
    status:
      code: 200
      message: OK
- request:
    body: null
    headers:
      Accept:
      - '*/*'
      Accept-Encoding:
      - gzip, deflate
      CommandName:
      - communication identity assign
      Connection:
      - keep-alive
      ParameterSetName:
      - -n -g --identities
      User-Agent:
      - AZURECLI/2.49.0 (AAZ) azsdk-python-core/1.26.0 Python/3.10.11 (Windows-10-10.0.22621-SP0)
    method: GET
    uri: https://management.azure.com/subscriptions/00000000-0000-0000-0000-000000000000/resourceGroups/cli_test_communication000001/providers/Microsoft.Communication/communicationServices/resource000002?api-version=2023-04-01-preview
  response:
    body:
      string: '{"id":"/subscriptions/00000000-0000-0000-0000-000000000000/resourceGroups/cli_test_communication000001/providers/Microsoft.Communication/communicationServices/resource000002","name":"resource000002","type":"microsoft.communication/communicationservices","location":"global","systemData":{"createdBy":"jbeauregardb@microsoft.com","createdByType":"User","createdAt":"2023-07-07T19:54:03.5238079Z","lastModifiedBy":"jbeauregardb@microsoft.com","lastModifiedByType":"User","lastModifiedAt":"2023-07-07T19:58:44.4318404Z"},"identity":{"principalId":"27ac4d09-70a5-4827-bbf8-38b7719a9b59","tenantId":"72f988bf-86f1-41af-91ab-2d7cd011db47","type":"SystemAssigned,
        UserAssigned","userAssignedIdentities":{"/subscriptions/00000000-0000-0000-0000-000000000000/resourcegroups/cli_test_communication000001/providers/Microsoft.ManagedIdentity/userAssignedIdentities/managedIdentity":{"clientId":"aba774bd-25f9-4c41-9955-224aa5798c40","principalId":"3107d52b-5ec9-42ab-975e-1ac7b9fc0ff0"}}},"properties":{"provisioningState":"Succeeded","hostName":"resource000002.communication.azure.com","immutableResourceId":"c1d2ca59-fa4c-454c-8329-5c07cb7839ef","dataLocation":"unitedstates"}}'
    headers:
      cache-control:
      - no-cache
      content-length:
      - '1167'
      content-type:
      - application/json; charset=utf-8
      date:
      - Fri, 07 Jul 2023 20:00:16 GMT
      etag:
      - '"0b00810f-0000-0700-0000-64a86e7b0000"'
      expires:
      - '-1'
      pragma:
      - no-cache
      strict-transport-security:
      - max-age=31536000; includeSubDomains
      transfer-encoding:
      - chunked
      vary:
      - Accept-Encoding
      x-content-type-options:
      - nosniff
      x-ms-providerhub-traffic:
      - 'True'
    status:
      code: 200
      message: OK
- request:
    body: null
    headers:
      Accept:
      - application/json
      Accept-Encoding:
      - gzip, deflate
      CommandName:
      - communication identity remove
      Connection:
      - keep-alive
      ParameterSetName:
      - -n -g --identities
      User-Agent:
      - AZURECLI/2.49.0 (AAZ) azsdk-python-core/1.26.0 Python/3.10.11 (Windows-10-10.0.22621-SP0)
    method: GET
    uri: https://management.azure.com/subscriptions/00000000-0000-0000-0000-000000000000/resourceGroups/cli_test_communication000001/providers/Microsoft.Communication/communicationServices/resource000002?api-version=2023-04-01-preview
  response:
    body:
      string: '{"id":"/subscriptions/00000000-0000-0000-0000-000000000000/resourceGroups/cli_test_communication000001/providers/Microsoft.Communication/communicationServices/resource000002","name":"resource000002","type":"microsoft.communication/communicationservices","location":"global","systemData":{"createdBy":"jbeauregardb@microsoft.com","createdByType":"User","createdAt":"2023-07-07T19:54:03.5238079Z","lastModifiedBy":"jbeauregardb@microsoft.com","lastModifiedByType":"User","lastModifiedAt":"2023-07-07T19:58:44.4318404Z"},"identity":{"principalId":"27ac4d09-70a5-4827-bbf8-38b7719a9b59","tenantId":"72f988bf-86f1-41af-91ab-2d7cd011db47","type":"SystemAssigned,
        UserAssigned","userAssignedIdentities":{"/subscriptions/00000000-0000-0000-0000-000000000000/resourcegroups/cli_test_communication000001/providers/Microsoft.ManagedIdentity/userAssignedIdentities/managedIdentity":{"clientId":"aba774bd-25f9-4c41-9955-224aa5798c40","principalId":"3107d52b-5ec9-42ab-975e-1ac7b9fc0ff0"}}},"properties":{"provisioningState":"Succeeded","hostName":"resource000002.communication.azure.com","immutableResourceId":"c1d2ca59-fa4c-454c-8329-5c07cb7839ef","dataLocation":"unitedstates"}}'
    headers:
      cache-control:
      - no-cache
      content-length:
      - '1167'
      content-type:
      - application/json; charset=utf-8
      date:
      - Fri, 07 Jul 2023 20:00:17 GMT
      etag:
      - '"0b00810f-0000-0700-0000-64a86e7b0000"'
      expires:
      - '-1'
      pragma:
      - no-cache
      strict-transport-security:
      - max-age=31536000; includeSubDomains
      transfer-encoding:
      - chunked
      vary:
      - Accept-Encoding
      x-content-type-options:
      - nosniff
      x-ms-providerhub-traffic:
      - 'True'
    status:
      code: 200
      message: OK
- request:
    body: '{"identity": {"type": "UserAssigned", "userAssignedIdentities": {"/subscriptions/00000000-0000-0000-0000-000000000000/resourcegroups/cli_test_communication000001/providers/Microsoft.ManagedIdentity/userAssignedIdentities/managedIdentity":
      {}}}, "location": "global", "properties": {"dataLocation": "unitedstates"}}'
    headers:
      Accept:
      - application/json
      Accept-Encoding:
      - gzip, deflate
      CommandName:
      - communication identity remove
      Connection:
      - keep-alive
      Content-Length:
      - '314'
      Content-Type:
      - application/json
      ParameterSetName:
      - -n -g --identities
      User-Agent:
      - AZURECLI/2.49.0 (AAZ) azsdk-python-core/1.26.0 Python/3.10.11 (Windows-10-10.0.22621-SP0)
    method: PUT
    uri: https://management.azure.com/subscriptions/00000000-0000-0000-0000-000000000000/resourceGroups/cli_test_communication000001/providers/Microsoft.Communication/communicationServices/resource000002?api-version=2023-04-01-preview
  response:
    body:
      string: '{"id":"/subscriptions/00000000-0000-0000-0000-000000000000/resourceGroups/cli_test_communication000001/providers/Microsoft.Communication/communicationServices/resource000002","name":"resource000002","type":"microsoft.communication/communicationservices","location":"global","systemData":{"createdBy":"jbeauregardb@microsoft.com","createdByType":"User","createdAt":"2023-07-07T19:54:03.5238079Z","lastModifiedBy":"jbeauregardb@microsoft.com","lastModifiedByType":"User","lastModifiedAt":"2023-07-07T20:00:17.8766109Z"},"identity":{"type":"UserAssigned","userAssignedIdentities":{"/subscriptions/00000000-0000-0000-0000-000000000000/resourcegroups/cli_test_communication000001/providers/Microsoft.ManagedIdentity/userAssignedIdentities/managedIdentity":{}}},"properties":{"provisioningState":"Accepted","hostName":"resource000002.communication.azure.com","immutableResourceId":"c1d2ca59-fa4c-454c-8329-5c07cb7839ef","dataLocation":"unitedstates"}}'
    headers:
      azure-asyncoperation:
      - https://management.azure.com/subscriptions/00000000-0000-0000-0000-000000000000/providers/Microsoft.Communication/locations/WESTUS2/operationStatuses/ed5e9dae-4abc-46c3-9858-487b3d5548d5*82B6EA170BE082B94CEB7A96EEE6552D408CC0E7DDF8B6E25009303A911EB8E8?api-version=2023-04-01-preview
      cache-control:
      - no-cache
      content-length:
      - '945'
      content-type:
      - application/json; charset=utf-8
      date:
      - Fri, 07 Jul 2023 20:00:20 GMT
      etag:
      - '"0b00970f-0000-0700-0000-64a86ed30000"'
      expires:
      - '-1'
      mise-correlation-id:
      - b168bedb-5fc8-4007-9330-ca55f8864858
      pragma:
      - no-cache
      request-context:
      - appId=
      strict-transport-security:
      - max-age=31536000; includeSubDomains
      x-content-type-options:
      - nosniff
      x-ms-providerhub-traffic:
      - 'True'
      x-ms-ratelimit-remaining-subscription-writes:
      - '1199'
    status:
      code: 201
      message: Created
- request:
    body: null
    headers:
      Accept:
      - '*/*'
      Accept-Encoding:
      - gzip, deflate
      CommandName:
      - communication identity remove
      Connection:
      - keep-alive
      ParameterSetName:
      - -n -g --identities
      User-Agent:
      - AZURECLI/2.49.0 (AAZ) azsdk-python-core/1.26.0 Python/3.10.11 (Windows-10-10.0.22621-SP0)
    method: GET
    uri: https://management.azure.com/subscriptions/00000000-0000-0000-0000-000000000000/providers/Microsoft.Communication/locations/WESTUS2/operationStatuses/ed5e9dae-4abc-46c3-9858-487b3d5548d5*82B6EA170BE082B94CEB7A96EEE6552D408CC0E7DDF8B6E25009303A911EB8E8?api-version=2023-04-01-preview
  response:
    body:
      string: '{"id":"/subscriptions/00000000-0000-0000-0000-000000000000/providers/Microsoft.Communication/locations/WESTUS2/operationStatuses/ed5e9dae-4abc-46c3-9858-487b3d5548d5*82B6EA170BE082B94CEB7A96EEE6552D408CC0E7DDF8B6E25009303A911EB8E8","name":"ed5e9dae-4abc-46c3-9858-487b3d5548d5*82B6EA170BE082B94CEB7A96EEE6552D408CC0E7DDF8B6E25009303A911EB8E8","resourceId":"/subscriptions/00000000-0000-0000-0000-000000000000/resourceGroups/cli_test_communication000001/providers/Microsoft.Communication/communicationServices/resource000002","status":"Accepted","startTime":"2023-07-07T20:00:19.2600951Z"}'
    headers:
      cache-control:
      - no-cache
      content-length:
      - '588'
      content-type:
      - application/json; charset=utf-8
      date:
      - Fri, 07 Jul 2023 20:00:20 GMT
      etag:
      - '"1e00a4fa-0000-0800-0000-64a86ed30000"'
      expires:
      - '-1'
      pragma:
      - no-cache
      strict-transport-security:
      - max-age=31536000; includeSubDomains
      transfer-encoding:
      - chunked
      vary:
      - Accept-Encoding
      x-content-type-options:
      - nosniff
    status:
      code: 200
      message: OK
- request:
    body: null
    headers:
      Accept:
      - '*/*'
      Accept-Encoding:
      - gzip, deflate
      CommandName:
      - communication identity remove
      Connection:
      - keep-alive
      ParameterSetName:
      - -n -g --identities
      User-Agent:
      - AZURECLI/2.49.0 (AAZ) azsdk-python-core/1.26.0 Python/3.10.11 (Windows-10-10.0.22621-SP0)
    method: GET
    uri: https://management.azure.com/subscriptions/00000000-0000-0000-0000-000000000000/providers/Microsoft.Communication/locations/WESTUS2/operationStatuses/ed5e9dae-4abc-46c3-9858-487b3d5548d5*82B6EA170BE082B94CEB7A96EEE6552D408CC0E7DDF8B6E25009303A911EB8E8?api-version=2023-04-01-preview
  response:
    body:
      string: '{"id":"/subscriptions/00000000-0000-0000-0000-000000000000/providers/Microsoft.Communication/locations/WESTUS2/operationStatuses/ed5e9dae-4abc-46c3-9858-487b3d5548d5*82B6EA170BE082B94CEB7A96EEE6552D408CC0E7DDF8B6E25009303A911EB8E8","name":"ed5e9dae-4abc-46c3-9858-487b3d5548d5*82B6EA170BE082B94CEB7A96EEE6552D408CC0E7DDF8B6E25009303A911EB8E8","resourceId":"/subscriptions/00000000-0000-0000-0000-000000000000/resourceGroups/cli_test_communication000001/providers/Microsoft.Communication/communicationServices/resource000002","status":"Accepted","startTime":"2023-07-07T20:00:19.2600951Z"}'
    headers:
      cache-control:
      - no-cache
      content-length:
      - '588'
      content-type:
      - application/json; charset=utf-8
      date:
      - Fri, 07 Jul 2023 20:00:50 GMT
      etag:
      - '"1e00a4fa-0000-0800-0000-64a86ed30000"'
      expires:
      - '-1'
      pragma:
      - no-cache
      strict-transport-security:
      - max-age=31536000; includeSubDomains
      transfer-encoding:
      - chunked
      vary:
      - Accept-Encoding
      x-content-type-options:
      - nosniff
    status:
      code: 200
      message: OK
- request:
    body: null
    headers:
      Accept:
      - '*/*'
      Accept-Encoding:
      - gzip, deflate
      CommandName:
      - communication identity remove
      Connection:
      - keep-alive
      ParameterSetName:
      - -n -g --identities
      User-Agent:
      - AZURECLI/2.49.0 (AAZ) azsdk-python-core/1.26.0 Python/3.10.11 (Windows-10-10.0.22621-SP0)
    method: GET
    uri: https://management.azure.com/subscriptions/00000000-0000-0000-0000-000000000000/providers/Microsoft.Communication/locations/WESTUS2/operationStatuses/ed5e9dae-4abc-46c3-9858-487b3d5548d5*82B6EA170BE082B94CEB7A96EEE6552D408CC0E7DDF8B6E25009303A911EB8E8?api-version=2023-04-01-preview
  response:
    body:
      string: '{"id":"/subscriptions/00000000-0000-0000-0000-000000000000/providers/Microsoft.Communication/locations/WESTUS2/operationStatuses/ed5e9dae-4abc-46c3-9858-487b3d5548d5*82B6EA170BE082B94CEB7A96EEE6552D408CC0E7DDF8B6E25009303A911EB8E8","name":"ed5e9dae-4abc-46c3-9858-487b3d5548d5*82B6EA170BE082B94CEB7A96EEE6552D408CC0E7DDF8B6E25009303A911EB8E8","resourceId":"/subscriptions/00000000-0000-0000-0000-000000000000/resourceGroups/cli_test_communication000001/providers/Microsoft.Communication/communicationServices/resource000002","status":"Accepted","startTime":"2023-07-07T20:00:19.2600951Z"}'
    headers:
      cache-control:
      - no-cache
      content-length:
      - '588'
      content-type:
      - application/json; charset=utf-8
      date:
      - Fri, 07 Jul 2023 20:01:20 GMT
      etag:
      - '"1e00a4fa-0000-0800-0000-64a86ed30000"'
      expires:
      - '-1'
      pragma:
      - no-cache
      strict-transport-security:
      - max-age=31536000; includeSubDomains
      transfer-encoding:
      - chunked
      vary:
      - Accept-Encoding
      x-content-type-options:
      - nosniff
    status:
      code: 200
      message: OK
- request:
    body: null
    headers:
      Accept:
      - '*/*'
      Accept-Encoding:
      - gzip, deflate
      CommandName:
      - communication identity remove
      Connection:
      - keep-alive
      ParameterSetName:
      - -n -g --identities
      User-Agent:
      - AZURECLI/2.49.0 (AAZ) azsdk-python-core/1.26.0 Python/3.10.11 (Windows-10-10.0.22621-SP0)
    method: GET
    uri: https://management.azure.com/subscriptions/00000000-0000-0000-0000-000000000000/providers/Microsoft.Communication/locations/WESTUS2/operationStatuses/ed5e9dae-4abc-46c3-9858-487b3d5548d5*82B6EA170BE082B94CEB7A96EEE6552D408CC0E7DDF8B6E25009303A911EB8E8?api-version=2023-04-01-preview
  response:
    body:
      string: '{"id":"/subscriptions/00000000-0000-0000-0000-000000000000/providers/Microsoft.Communication/locations/WESTUS2/operationStatuses/ed5e9dae-4abc-46c3-9858-487b3d5548d5*82B6EA170BE082B94CEB7A96EEE6552D408CC0E7DDF8B6E25009303A911EB8E8","name":"ed5e9dae-4abc-46c3-9858-487b3d5548d5*82B6EA170BE082B94CEB7A96EEE6552D408CC0E7DDF8B6E25009303A911EB8E8","resourceId":"/subscriptions/00000000-0000-0000-0000-000000000000/resourceGroups/cli_test_communication000001/providers/Microsoft.Communication/communicationServices/resource000002","status":"Succeeded","startTime":"2023-07-07T20:00:19.2600951Z","properties":null}'
    headers:
      cache-control:
      - no-cache
      content-length:
      - '607'
      content-type:
      - application/json; charset=utf-8
      date:
      - Fri, 07 Jul 2023 20:01:49 GMT
      etag:
      - '"1e00ecfa-0000-0800-0000-64a86f150000"'
      expires:
      - '-1'
      pragma:
      - no-cache
      strict-transport-security:
      - max-age=31536000; includeSubDomains
      transfer-encoding:
      - chunked
      vary:
      - Accept-Encoding
      x-content-type-options:
      - nosniff
    status:
      code: 200
      message: OK
- request:
    body: null
    headers:
      Accept:
      - '*/*'
      Accept-Encoding:
      - gzip, deflate
      CommandName:
      - communication identity remove
      Connection:
      - keep-alive
      ParameterSetName:
      - -n -g --identities
      User-Agent:
      - AZURECLI/2.49.0 (AAZ) azsdk-python-core/1.26.0 Python/3.10.11 (Windows-10-10.0.22621-SP0)
    method: GET
    uri: https://management.azure.com/subscriptions/00000000-0000-0000-0000-000000000000/resourceGroups/cli_test_communication000001/providers/Microsoft.Communication/communicationServices/resource000002?api-version=2023-04-01-preview
  response:
    body:
      string: '{"id":"/subscriptions/00000000-0000-0000-0000-000000000000/resourceGroups/cli_test_communication000001/providers/Microsoft.Communication/communicationServices/resource000002","name":"resource000002","type":"microsoft.communication/communicationservices","location":"global","systemData":{"createdBy":"jbeauregardb@microsoft.com","createdByType":"User","createdAt":"2023-07-07T19:54:03.5238079Z","lastModifiedBy":"jbeauregardb@microsoft.com","lastModifiedByType":"User","lastModifiedAt":"2023-07-07T20:00:17.8766109Z"},"identity":{"type":"UserAssigned","userAssignedIdentities":{"/subscriptions/00000000-0000-0000-0000-000000000000/resourcegroups/cli_test_communication000001/providers/Microsoft.ManagedIdentity/userAssignedIdentities/managedIdentity":{"clientId":"aba774bd-25f9-4c41-9955-224aa5798c40","principalId":"3107d52b-5ec9-42ab-975e-1ac7b9fc0ff0"}}},"properties":{"provisioningState":"Succeeded","hostName":"resource000002.communication.azure.com","immutableResourceId":"c1d2ca59-fa4c-454c-8329-5c07cb7839ef","dataLocation":"unitedstates"}}'
    headers:
      cache-control:
      - no-cache
      content-length:
      - '1048'
      content-type:
      - application/json; charset=utf-8
      date:
      - Fri, 07 Jul 2023 20:01:50 GMT
      etag:
      - '"0b009a0f-0000-0700-0000-64a86ed90000"'
      expires:
      - '-1'
      pragma:
      - no-cache
      strict-transport-security:
      - max-age=31536000; includeSubDomains
      transfer-encoding:
      - chunked
      vary:
      - Accept-Encoding
      x-content-type-options:
      - nosniff
      x-ms-providerhub-traffic:
      - 'True'
    status:
      code: 200
      message: OK
version: 1
