interactions:
- request:
    body: '{"validFrom": null, "validUntil": null, "pstnDialOutEnabled": false}'
    headers:
      Accept:
      - application/json
      Accept-Encoding:
      - gzip, deflate
      Connection:
      - keep-alive
      Content-Length:
      - '68'
      Content-Type:
      - application/json
      Repeatability-First-Sent:
      - Tue, 26 Mar 2024 20:37:49 GMT
      Repeatability-Request-Id:
      - b5bf7103-ebb0-11ee-96b5-70cf49b3e948
      User-Agent:
      - AzureCli/1.9.0 azsdk-python-communication-rooms/1.1.0b1 Python/3.10.11 (Windows-10-10.0.22631-SP0)
      x-ms-content-sha256:
      - 2xVVJJKx5brgL5bSWgeu9hhccJP/PkHHEzXUfUClsMI=
      x-ms-date:
      - Tue, 26 Mar 2024 20:37:49 GMT
      x-ms-return-client-request-id:
      - 'true'
    method: POST
    uri: https://sanitized.unitedstates.communication.azure.com/rooms?api-version=2023-10-30-preview
  response:
    body:
      string: '{"id": "sanitized", "createdAt": "2024-03-26T20:37:50.3135188+00:00",
        "validFrom": "2024-03-26T20:37:49.8410081+00:00", "validUntil": "2024-09-22T20:37:49.8410081+00:00",
        "pstnDialOutEnabled": false}'
    headers:
      api-deprecated-versions:
      - 2021-04-07, 2022-02-01
      api-supported-versions:
      - 2023-03-31-preview, 2023-06-14, 2023-10-30-preview, 2024-04-15
      content-type:
      - application/json; charset=utf-8
      date:
      - Tue, 26 Mar 2024 20:37:50 GMT
      location:
      - '99463975464011043'
      ms-cv:
      - WaKk0ieG+E6c7TiBV3jTwg.0
      repeatability-result:
      - accepted
      request-context:
      - appId=
      strict-transport-security:
      - max-age=31536000;includeSubDomains
      transfer-encoding:
      - chunked
      x-azure-ref:
      - 0HTIDZgAAAADVxmMkkrT8SbqGcxOMwNktV1NURURHRTA4MjAAOWZjN2I1MTktYThjYy00Zjg5LTkzNWUtYzkxNDhhZTA5ZTgx
      x-cache:
      - CONFIG_NOCACHE
    status:
      code: 201
      message: Created
- request:
    body: null
    headers:
      Accept:
      - application/json
      Accept-Encoding:
      - gzip, deflate
      Connection:
      - keep-alive
      Content-Length:
      - '0'
      Content-Type:
      - application/json
      User-Agent:
      - AzureCli/1.9.0 azsdk-python-communication-identity/1.5.0 Python/3.10.11 (Windows-10-10.0.22631-SP0)
      x-ms-content-sha256:
      - 47DEQpj8HBSa+/TImW+5JCeuQeRkm5NMpJWZG3hSuFU=
      x-ms-date:
      - Tue, 26 Mar 2024 20:37:50 GMT
      x-ms-return-client-request-id:
      - 'true'
    method: POST
    uri: https://sanitized.unitedstates.communication.azure.com/identities?api-version=2023-10-01
  response:
    body:
      string: '{"identity": {"id": "sanitized"}}'
    headers:
      api-supported-versions:
      - 2020-07-20-preview2, 2021-02-22-preview1, 2021-03-07, 2021-10-31-preview,
        2021-11-01, 2022-06-01, 2022-10-01, 2023-10-01
      content-length:
      - '33'
      content-type:
      - application/json; charset=utf-8
      date:
      - Tue, 26 Mar 2024 20:37:50 GMT
      ms-cv:
      - a8Bhe/LftE+G8nwM6/eV/Q.0
      request-context:
      - appId=
      strict-transport-security:
      - max-age=31536000;includeSubDomains
      x-azure-ref:
      - 0HjIDZgAAAAAEBIdoBsGzTIbKgwcb9bgEV1NURURHRTAxMTQAOWZjN2I1MTktYThjYy00Zjg5LTkzNWUtYzkxNDhhZTA5ZTgx
      x-cache:
      - CONFIG_NOCACHE
      x-processing-time:
      - 14ms
    status:
      code: 201
      message: Created
- request:
    body: '{"participants": {"8:acs:e9b97946-5295-4768-82c1-a8bd612e88c1_0000001f-1c5d-6ce4-d68a-08482200ab2b":
      {"role": "Presenter"}}}'
    headers:
      Accept:
      - application/json
      Accept-Encoding:
      - gzip, deflate
      Connection:
      - keep-alive
      Content-Length:
      - '124'
      Content-Type:
      - application/merge-patch+json
      User-Agent:
      - AzureCli/1.9.0 azsdk-python-communication-rooms/1.1.0b1 Python/3.10.11 (Windows-10-10.0.22631-SP0)
      x-ms-content-sha256:
      - wUcL5fyM8Id0s8awGQ4Yvxo3Y9aMxRaKGVPGzJOV0QE=
      x-ms-date:
      - Tue, 26 Mar 2024 20:37:50 GMT
      x-ms-return-client-request-id:
      - 'true'
    method: PATCH
    uri: https://sanitized.unitedstates.communication.azure.com/rooms/sanitized/participants?api-version=2023-10-30-preview
  response:
    body:
      string: '{}'
    headers:
      api-deprecated-versions:
      - '2022-02-01'
      api-supported-versions:
      - 2023-03-31-preview, 2023-06-14, 2023-10-30-preview, 2024-04-15
      content-type:
      - application/json; charset=utf-8
      date:
      - Tue, 26 Mar 2024 20:37:55 GMT
      ms-cv:
      - OrF5Svw1S0qakKqJ4XyLEw.0
      request-context:
      - appId=
      strict-transport-security:
      - max-age=31536000;includeSubDomains
      transfer-encoding:
      - chunked
      x-azure-ref:
      - 0HzIDZgAAAACCt5vRyBCFTYyeYIvnhEawV1NURURHRTAxMDkAOWZjN2I1MTktYThjYy00Zjg5LTkzNWUtYzkxNDhhZTA5ZTgx
      x-cache:
      - CONFIG_NOCACHE
    status:
      code: 200
      message: OK
- request:
    body: null
    headers:
      Accept:
      - application/json
      Accept-Encoding:
      - gzip, deflate
      Connection:
      - keep-alive
      User-Agent:
      - AzureCli/1.9.0 azsdk-python-communication-rooms/1.1.0b1 Python/3.10.11 (Windows-10-10.0.22631-SP0)
      x-ms-content-sha256:
      - 47DEQpj8HBSa+/TImW+5JCeuQeRkm5NMpJWZG3hSuFU=
      x-ms-date:
      - Tue, 26 Mar 2024 20:37:55 GMT
      x-ms-return-client-request-id:
      - 'true'
    method: GET
    uri: https://sanitized.unitedstates.communication.azure.com/rooms/sanitized/participants?api-version=2023-10-30-preview
  response:
    body:
      string: '{"value": [{"rawId": "sanitized", "role": "Presenter"}]}'
    headers:
      api-deprecated-versions:
      - '2022-02-01'
      api-supported-versions:
      - 2023-03-31-preview, 2023-06-14, 2023-10-30-preview, 2024-04-15
      content-type:
      - application/json; charset=utf-8
      date:
      - Tue, 26 Mar 2024 20:37:56 GMT
      ms-cv:
      - rE922fjSp0S5S5WqCj/+2Q.0
      request-context:
      - appId=
      strict-transport-security:
      - max-age=31536000;includeSubDomains
      transfer-encoding:
      - chunked
      x-azure-ref:
      - 0JDIDZgAAAACkQdimOaJ0R5uJscqMptQrV1NURURHRTAxMDcAOWZjN2I1MTktYThjYy00Zjg5LTkzNWUtYzkxNDhhZTA5ZTgx
      x-cache:
      - CONFIG_NOCACHE
    status:
      code: 200
      message: OK
version: 1
