interactions:
- request:
    body: '{"topic": "chat-topic", "participants": []}'
    headers:
      Accept:
      - application/json
      Accept-Encoding:
      - gzip, deflate
      Connection:
      - keep-alive
      Content-Length:
      - '43'
      Content-Type:
      - application/json
      User-Agent:
      - azsdk-python-communication-chat/1.1.0 Python/3.7.0 (Windows-10-10.0.19041-SP0)
      repeatability-request-id:
      - d272db42-7d4c-43f8-bd4d-337ec11e6b94
    method: POST
    uri: https://sanitized.communication.azure.com/chat/threads?api-version=2021-09-07
  response:
    body:
      string: '{"chatThread": {"id": "sanitized", "topic": "chat-topic", "createdOn":
        "2022-08-05T18:39:00Z", "createdByCommunicationIdentifier": {"rawId": "sanitized",
        "communicationUser": {"id": "sanitized"}}}}'
    headers:
      api-supported-versions:
      - 2021-03-07, 2021-04-05-preview6, 2021-09-07, 2022-11-15-preview8
      connection:
      - keep-alive
      content-type:
      - application/json; charset=utf-8
      date:
      - Fri, 05 Aug 2022 18:39:01 GMT
      location:
      - https://clitest000002.communication.azure.com/chat/threads/19%3AtN9pzmjbOY64J43Xz5GOA83YUIBu9aVcXTNk4Xpth5E1@thread.v2
      ms-cv:
      - FMqdF251EE26pFYFl7Qfow.0
      strict-transport-security:
      - max-age=2592000
      transfer-encoding:
      - chunked
      x-azure-ref:
      - 20220805T183900Z-kpegq6a2qh4nr419q7tfax5sn400000002u00000000024uw
      x-cache:
      - CONFIG_NOCACHE
      x-processing-time:
      - 552ms
    status:
      code: 201
      message: Created
- request:
    body: '{"participants": [{"communicationIdentifier": {"communicationUser": {"id":
      "8:acs:00000000-1111-2222-3333-444444444444_55555555-6666-7777-8888-999999999999"}}}]}'
    headers:
      Accept:
      - application/json
      Accept-Encoding:
      - gzip, deflate
      Connection:
      - keep-alive
      Content-Length:
      - '161'
      Content-Type:
      - application/json
      User-Agent:
      - azsdk-python-communication-chat/1.1.0 Python/3.7.0 (Windows-10-10.0.19041-SP0)
    method: POST
    uri: https://sanitized.communication.azure.com/chat/threads/sanitized/participants/:add?api-version=2021-09-07
  response:
    body:
      string: '{"invalidParticipants": [{"code": "403", "message": "Permissions check
        failed", "target": "8:acs:00000000-1111-2222-3333-444444444444_55555555-6666-7777-8888-999999999999"}]}'
    headers:
      api-supported-versions:
      - 2021-03-07, 2021-04-05-preview6, 2021-09-07, 2022-11-15-preview8
      connection:
      - keep-alive
      content-type:
      - application/json; charset=utf-8
      date:
      - Fri, 05 Aug 2022 18:39:02 GMT
      ms-cv:
      - 3f34arucKkS0eMj+obst1A.0
      strict-transport-security:
      - max-age=2592000
      transfer-encoding:
      - chunked
      x-azure-ref:
      - 20220805T183901Z-q1z3stmybd47948vv0qhv9299w00000002ug0000000014uk
      x-cache:
      - CONFIG_NOCACHE
      x-processing-time:
      - 120ms
    status:
      code: 201
      message: Created
- request:
    body: '{"participants": [{"communicationIdentifier": {"communicationUser": {"id":
      "8:acs:fakeid==="}}}]}'
    headers:
      Accept:
      - application/json
      Accept-Encoding:
      - gzip, deflate
      Connection:
      - keep-alive
      Content-Length:
      - '97'
      Content-Type:
      - application/json
      User-Agent:
      - azsdk-python-communication-chat/1.1.0 Python/3.7.0 (Windows-10-10.0.19041-SP0)
    method: POST
    uri: https://sanitized.communication.azure.com/chat/threads/sanitized/participants/:add?api-version=2021-09-07
  response:
    body:
      string: '{"CommunicationError": {"Code": "BadRequest", "Message": "Identifier
        format is invalid (8:acs:fakeid===).", "Details": []}}'
    headers:
      api-supported-versions:
      - 2021-03-07, 2021-04-05-preview6, 2021-09-07, 2022-11-15-preview8
      connection:
      - keep-alive
      content-type:
      - application/json
      date:
      - Fri, 05 Aug 2022 18:39:02 GMT
      ms-cv:
      - D3Az1cuX4UmiAvvFcORfzQ.0
      strict-transport-security:
      - max-age=2592000
      transfer-encoding:
      - chunked
      x-azure-ref:
      - 20220805T183902Z-q1z3stmybd47948vv0qhv9299w00000002vg00000000078d
      x-cache:
      - CONFIG_NOCACHE
      x-processing-time:
      - 10ms
    status:
      code: 400
      message: Bad Request
version: 1
