interactions:
- request:
    body: '{"createTokenWithScopes": ["chat"]}'
    headers:
      Accept:
      - application/json
      Accept-Encoding:
      - gzip, deflate
      Connection:
      - keep-alive
      Content-Length:
      - '35'
      Content-Type:
      - application/json
      User-Agent:
      - AzureCli/1.9.2 azsdk-python-communication-identity/1.4.0 Python/3.8.10 (Windows-10-10.0.22631-SP0)
      x-ms-content-sha256:
      - kWpGozyV35fifbpKdY8mbdG64VG0Pdq5upzo7YKAFM0=
      x-ms-date:
      - Mon, 22 Apr 2024 17:42:33 GMT
      x-ms-return-client-request-id:
      - 'true'
    method: POST
    uri: https://sanitized.communication.azure.com/identities?api-version=2023-10-01
  response:
    body:
      string: '{"identity": {"id": "sanitized"}, "accessToken": {"token": "sanitized",
        "expiresOn": "2024-04-23T17:42:34.6572739+00:00"}}'
    headers:
      api-supported-versions:
      - 2020-07-20-preview2, 2021-02-22-preview1, 2021-03-07, 2021-10-31-preview,
        2021-11-01, 2022-06-01, 2022-10-01, 2023-10-01
      content-length:
      - '122'
      content-type:
      - application/json; charset=utf-8
      date:
      - Mon, 22 Apr 2024 17:42:33 GMT
      ms-cv:
      - 68ZjxLAY5UWv5ukWZWMvwQ.0
      request-context:
      - appId=
      strict-transport-security:
      - max-age=31536000;includeSubDomains
      x-azure-ref:
      - 0iqEmZgAAAAC5YZpyQ+exSY4q/Bu/XpgRU04xRURHRTMxMDkAOWZjN2I1MTktYThjYy00Zjg5LTkzNWUtYzkxNDhhZTA5ZTgx
      x-cache:
      - CONFIG_NOCACHE
      x-processing-time:
      - 82ms
    status:
      code: 201
      message: Created
- request:
    body: '{"topic": "thread-topic", "participants": []}'
    headers:
      Accept:
      - application/json
      Accept-Encoding:
      - gzip, deflate
      Connection:
      - keep-alive
      Content-Length:
      - '45'
      Content-Type:
      - application/json
      User-Agent:
      - AzureCli/1.9.2 azsdk-python-communication-chat/1.3.0 Python/3.8.10 (Windows-10-10.0.22631-SP0)
      repeatability-request-id:
      - e39d0098-25e7-4ea9-a3a5-c194caf79377
    method: POST
    uri: https://sanitized.communication.azure.com/chat/threads?api-version=2024-03-07
  response:
    body:
      string: '{"chatThread": {"id": "sanitized", "topic": "thread-topic", "createdOn":
        "2024-04-22T17:42:35Z", "createdByCommunicationIdentifier": {"rawId": "sanitized",
        "communicationUser": {"id": "sanitized"}}}}'
    headers:
      access-control-expose-headers:
      - '*'
      api-supported-versions:
      - 2021-03-07, 2021-04-05-preview6, 2021-09-07, 2023-04-01-preview, 2023-07-01-preview,
        2023-11-07, 2023-11-15-preview, 2024-03-01-preview, 2024-03-07, 2024-03-15-preview
      content-length:
      - '199'
      content-type:
      - application/json; charset=utf-8
      date:
      - Mon, 22 Apr 2024 17:42:34 GMT
      location:
      - https://clitest000002.unitedstates.communication.azure.com/chat/threads/19%3APXmHUi_1y0by5hPffq8wmSPvH-ryCQJ38xpfIHbmz6g1@thread.v2
      ms-cv:
      - DcUA/yO66UyG0re8uRKpFQ.0
      strict-transport-security:
      - max-age=31536000;includeSubDomains
      x-azure-ref:
      - 0i6EmZgAAAAAOYyRxDS0eRLolhMStyfB/U04xRURHRTMwMTQAOWZjN2I1MTktYThjYy00Zjg5LTkzNWUtYzkxNDhhZTA5ZTgx
      x-cache:
      - CONFIG_NOCACHE
      x-processing-time:
      - 543ms
    status:
      code: 201
      message: Created
- request:
    body: '{"topic": "new-topic!"}'
    headers:
      Accept:
      - application/json
      Accept-Encoding:
      - gzip, deflate
      Connection:
      - keep-alive
      Content-Length:
      - '23'
      Content-Type:
      - application/merge-patch+json
      User-Agent:
      - azsdk-python-communication-chat/1.3.0 Python/3.8.10 (Windows-10-10.0.22631-SP0)
    method: PATCH
    uri: https://sanitized.communication.azure.com/chat/threads/sanitized?api-version=2024-03-07
  response:
    body:
      string: ''
    headers:
      access-control-expose-headers:
      - '*'
      api-supported-versions:
      - 2021-03-07, 2021-04-05-preview6, 2021-09-07, 2023-04-01-preview, 2023-07-01-preview,
        2023-11-07, 2023-11-15-preview, 2024-03-01-preview, 2024-03-07, 2024-03-15-preview
      date:
      - Mon, 22 Apr 2024 17:42:36 GMT
      ms-cv:
      - tepp6896jkiXbXj+I6rAkQ.0
      strict-transport-security:
      - max-age=31536000;includeSubDomains
      x-azure-ref:
      - 0jKEmZgAAAADqtraUW0FSQ70e9jMuSKNmU04xRURHRTMwMDYAOWZjN2I1MTktYThjYy00Zjg5LTkzNWUtYzkxNDhhZTA5ZTgx
      x-cache:
      - CONFIG_NOCACHE
      x-processing-time:
      - 181ms
    status:
      code: 204
      message: No Content
version: 1
