interactions:
- request:
    body: '{"phoneNumberType": "tollFree", "assignmentType": "application", "capabilities":
      {"calling": "inbound", "sms": "inbound+outbound"}}'
    headers:
      Accept:
      - application/json
      Accept-Encoding:
      - gzip, deflate
      Connection:
      - keep-alive
      Content-Length:
      - '131'
      Content-Type:
      - application/json
      User-Agent:
      - azsdk-python-communication-phonenumbers/1.1.0 Python/3.10.11 (Windows-10-10.0.19045-SP0)
      x-ms-content-sha256:
      - ecyowPPqS6i2jEjg4ZPaHAki9yDR8IHa8lF+VXRefVM=
      x-ms-date:
      - Thu, 14 Dec 2023 12:21:22 GMT
      x-ms-return-client-request-id:
      - 'true'
    method: POST
    uri: https://sanitized.communication.azure.com/availablePhoneNumbers/countries/US/:search?api-version=2022-12-01
  response:
    body:
      string: ''
    headers:
      access-control-expose-headers:
      - Location,Operation-Location,operation-id,search-id
      api-supported-versions:
      - 2021-03-07, 2022-01-11-preview2, 2022-06-01-preview, 2022-12-01, 2022-12-02-preview2,
        2023-05-01-preview, 2023-10-01-preview, 2024-01-31-preview, 2024-03-01
      content-length:
      - '0'
      date:
      - Thu, 14 Dec 2023 12:21:26 GMT
      location:
      - /availablePhoneNumbers/searchResults/7d20746a-cdd6-4ebc-8d7d-d5da8c7327a0?api-version=2022-12-01
      ms-cv:
      - CCNNuzNaqUC19ZZir7ZIBQ.0
      operation-id:
      - search_7d20746a-cdd6-4ebc-8d7d-d5da8c7327a0
      operation-location:
      - /phoneNumbers/operations/search_7d20746a-cdd6-4ebc-8d7d-d5da8c7327a0?api-version=2022-12-01
      search-id:
      - 7d20746a-cdd6-4ebc-8d7d-d5da8c7327a0
      strict-transport-security:
      - max-age=2592000
      x-azure-ref:
      - 0Q/N6ZQAAAADz62Ao9jrCT583ztQgp1S8RE9IMzBFREdFMDExMwA5ZmM3YjUxOS1hOGNjLTRmODktOTM1ZS1jOTE0OGFlMDllODE=
      x-cache:
      - CONFIG_NOCACHE
      x-processing-time:
      - 2878ms
    status:
      code: 202
      message: Accepted
- request:
    body: null
    headers:
      Accept:
      - '*/*'
      Accept-Encoding:
      - gzip, deflate
      Connection:
      - keep-alive
      User-Agent:
      - azsdk-python-communication-phonenumbers/1.1.0 Python/3.10.11 (Windows-10-10.0.19045-SP0)
      x-ms-content-sha256:
      - 47DEQpj8HBSa+/TImW+5JCeuQeRkm5NMpJWZG3hSuFU=
      x-ms-date:
      - Thu, 14 Dec 2023 12:21:26 GMT
      x-ms-return-client-request-id:
      - 'true'
    method: GET
    uri: https://sanitized.communication.azure.com/phoneNumbers/operations/search_7d20746a-cdd6-4ebc-8d7d-d5da8c7327a0?api-version=2022-12-01
  response:
    body:
      string: '{"operationType": "search", "status": "running", "resourceLocation":
        "/availablePhoneNumbers/searchResults/7d20746a-cdd6-4ebc-8d7d-d5da8c7327a0?api-version=2022-12-01",
        "createdDateTime": "2023-12-14T12:21:26.5116862+00:00", "id": "sanitized",
        "lastActionDateTime": "0001-01-01T00:00:00+00:00"}'
    headers:
      access-control-expose-headers:
      - Location
      api-supported-versions:
      - 2021-03-07, 2022-01-11-preview2, 2022-06-01-preview, 2022-11-15-preview, 2022-12-01,
        2022-12-02-preview2, 2023-05-01-preview, 2023-10-01-preview, 2024-01-31-preview,
        2024-03-01
      content-type:
      - application/json; charset=utf-8
      date:
      - Thu, 14 Dec 2023 12:21:26 GMT
      location:
      - /availablePhoneNumbers/searchResults/7d20746a-cdd6-4ebc-8d7d-d5da8c7327a0?api-version=2022-12-01
      ms-cv:
      - s9B5lccxDkidQNiH4dYJ9g.0
      strict-transport-security:
      - max-age=2592000
      transfer-encoding:
      - chunked
      x-azure-ref:
      - 0RvN6ZQAAAADQnIiRLmHWQpCXmvsUVTE1RE9IMzBFREdFMDExMwA5ZmM3YjUxOS1hOGNjLTRmODktOTM1ZS1jOTE0OGFlMDllODE=
      x-cache:
      - CONFIG_NOCACHE
      x-processing-time:
      - 256ms
    status:
      code: 200
      message: OK
    url: sanitized
- request:
    body: null
    headers:
      Accept:
      - '*/*'
      Accept-Encoding:
      - gzip, deflate
      Connection:
      - keep-alive
      User-Agent:
      - azsdk-python-communication-phonenumbers/1.1.0 Python/3.10.11 (Windows-10-10.0.19045-SP0)
      x-ms-content-sha256:
      - 47DEQpj8HBSa+/TImW+5JCeuQeRkm5NMpJWZG3hSuFU=
      x-ms-date:
      - Thu, 14 Dec 2023 12:21:28 GMT
      x-ms-return-client-request-id:
      - 'true'
    method: GET
    uri: https://sanitized.communication.azure.com/phoneNumbers/operations/search_7d20746a-cdd6-4ebc-8d7d-d5da8c7327a0?api-version=2022-12-01
  response:
    body:
      string: '{"operationType": "search", "status": "succeeded", "resourceLocation":
        "/availablePhoneNumbers/searchResults/7d20746a-cdd6-4ebc-8d7d-d5da8c7327a0?api-version=2022-12-01",
        "createdDateTime": "2023-12-14T12:21:26.5116862+00:00", "id": "sanitized",
        "lastActionDateTime": "0001-01-01T00:00:00+00:00"}'
    headers:
      access-control-expose-headers:
      - Location
      api-supported-versions:
      - 2021-03-07, 2022-01-11-preview2, 2022-06-01-preview, 2022-11-15-preview, 2022-12-01,
        2022-12-02-preview2, 2023-05-01-preview, 2023-10-01-preview, 2024-01-31-preview,
        2024-03-01
      content-type:
      - application/json; charset=utf-8
      date:
      - Thu, 14 Dec 2023 12:21:29 GMT
      location:
      - /availablePhoneNumbers/searchResults/7d20746a-cdd6-4ebc-8d7d-d5da8c7327a0?api-version=2022-12-01
      ms-cv:
      - rPk6lOImu02F/IzDWwM26Q.0
      strict-transport-security:
      - max-age=2592000
      transfer-encoding:
      - chunked
      x-azure-ref:
      - 0SfN6ZQAAAAC2NkfTN6BtSZ1D/tVN6hgWRE9IMzBFREdFMDExMwA5ZmM3YjUxOS1hOGNjLTRmODktOTM1ZS1jOTE0OGFlMDllODE=
      x-cache:
      - CONFIG_NOCACHE
      x-processing-time:
      - 278ms
    status:
      code: 200
      message: OK
    url: sanitized
- request:
    body: null
    headers:
      Accept:
      - '*/*'
      Accept-Encoding:
      - gzip, deflate
      Connection:
      - keep-alive
      User-Agent:
      - azsdk-python-communication-phonenumbers/1.1.0 Python/3.10.11 (Windows-10-10.0.19045-SP0)
      x-ms-content-sha256:
      - 47DEQpj8HBSa+/TImW+5JCeuQeRkm5NMpJWZG3hSuFU=
      x-ms-date:
      - Thu, 14 Dec 2023 12:21:29 GMT
      x-ms-return-client-request-id:
      - 'true'
    method: GET
    uri: https://sanitized.communication.azure.com/availablePhoneNumbers/searchResults/7d20746a-cdd6-4ebc-8d7d-d5da8c7327a0?api-version=2022-12-01
  response:
    body:
      string: '{"searchId": "7d20746a-cdd6-4ebc-8d7d-d5da8c7327a0", "phoneNumbers":
        ["sanitized"], "phoneNumberType": "tollFree", "assignmentType": "application",
        "capabilities": {"calling": "inbound", "sms": "inbound+outbound"}, "cost":
        {"amount": 2.0, "currencyCode": "USD", "billingFrequency": "monthly"}, "searchExpiresBy":
        "2023-12-14T12:37:28.5330333+00:00", "error": "NoError"}'
    headers:
      api-supported-versions:
      - 2021-03-07, 2022-01-11-preview2, 2022-06-01-preview, 2022-12-01, 2022-12-02-preview2,
        2023-05-01-preview, 2023-10-01-preview, 2024-01-31-preview, 2024-03-01
      content-length:
      - '369'
      content-type:
      - application/json; charset=utf-8
      date:
      - Thu, 14 Dec 2023 12:21:30 GMT
      ms-cv:
      - 24EsEyItTkqnYo9CsjbYEw.0
      strict-transport-security:
      - max-age=2592000
      x-azure-ref:
      - 0SvN6ZQAAAACZ7c+S0rwKTaN6U9iUQE4yRE9IMzBFREdFMDExMwA5ZmM3YjUxOS1hOGNjLTRmODktOTM1ZS1jOTE0OGFlMDllODE=
      x-cache:
      - CONFIG_NOCACHE
      x-processing-time:
      - 400ms
    status:
      code: 200
      message: OK
    url: sanitized
- request:
    body: '{"searchId": "7d20746a-cdd6-4ebc-8d7d-d5da8c7327a0"}'
    headers:
      Accept:
      - application/json
      Accept-Encoding:
      - gzip, deflate
      Connection:
      - keep-alive
      Content-Length:
      - '52'
      Content-Type:
      - application/json
      User-Agent:
      - azsdk-python-communication-phonenumbers/1.1.0 Python/3.10.11 (Windows-10-10.0.19045-SP0)
      x-ms-content-sha256:
      - qijIZWi9we4S24cxCQr8LNaD4IRvQYS/VVBNjbjcVoQ=
      x-ms-date:
      - Thu, 14 Dec 2023 12:21:29 GMT
      x-ms-return-client-request-id:
      - 'true'
    method: POST
    uri: https://sanitized.communication.azure.com/availablePhoneNumbers/:purchase?api-version=2022-12-01
  response:
    body:
      string: ''
    headers:
      access-control-expose-headers:
      - Operation-Location,operation-id,purchase-id
      api-supported-versions:
      - 2021-03-07, 2022-01-11-preview2, 2022-06-01-preview, 2022-12-01, 2022-12-02-preview2,
        2023-05-01-preview, 2023-10-01-preview, 2024-01-31-preview, 2024-03-01
      content-length:
      - '0'
      date:
      - Thu, 14 Dec 2023 12:21:31 GMT
      ms-cv:
      - yNyu9KDG20unXWE/RYeUGA.0
      operation-id:
      - purchase_7d20746a-cdd6-4ebc-8d7d-d5da8c7327a0
      operation-location:
      - /phoneNumbers/operations/purchase_7d20746a-cdd6-4ebc-8d7d-d5da8c7327a0?api-version=2022-12-01
      purchase-id:
      - 7d20746a-cdd6-4ebc-8d7d-d5da8c7327a0
      strict-transport-security:
      - max-age=2592000
      x-azure-ref:
      - 0SvN6ZQAAAADNuWLn5cMnTYY2aYqY9FPmRE9IMzBFREdFMDExMwA5ZmM3YjUxOS1hOGNjLTRmODktOTM1ZS1jOTE0OGFlMDllODE=
      x-cache:
      - CONFIG_NOCACHE
      x-processing-time:
      - 879ms
    status:
      code: 202
      message: Accepted
- request:
    body: null
    headers:
      Accept:
      - '*/*'
      Accept-Encoding:
      - gzip, deflate
      Connection:
      - keep-alive
      User-Agent:
      - azsdk-python-communication-phonenumbers/1.1.0 Python/3.10.11 (Windows-10-10.0.19045-SP0)
      x-ms-content-sha256:
      - 47DEQpj8HBSa+/TImW+5JCeuQeRkm5NMpJWZG3hSuFU=
      x-ms-date:
      - Thu, 14 Dec 2023 12:21:31 GMT
      x-ms-return-client-request-id:
      - 'true'
    method: GET
    uri: https://sanitized.communication.azure.com/phoneNumbers/operations/purchase_7d20746a-cdd6-4ebc-8d7d-d5da8c7327a0?api-version=2022-12-01
  response:
    body:
      string: '{"operationType": "purchase", "status": "running", "resourceLocation":
        null, "createdDateTime": "2023-12-14T12:21:26.5116862+00:00", "id": "sanitized",
        "lastActionDateTime": "0001-01-01T00:00:00+00:00"}'
    headers:
      api-supported-versions:
      - 2021-03-07, 2022-01-11-preview2, 2022-06-01-preview, 2022-11-15-preview, 2022-12-01,
        2022-12-02-preview2, 2023-05-01-preview, 2023-10-01-preview, 2024-01-31-preview,
        2024-03-01
      content-type:
      - application/json; charset=utf-8
      date:
      - Thu, 14 Dec 2023 12:21:31 GMT
      ms-cv:
      - Udy+E7SCEU2IJgCTYwK2Iw.0
      strict-transport-security:
      - max-age=2592000
      transfer-encoding:
      - chunked
      x-azure-ref:
      - 0S/N6ZQAAAAADDVidIqy7RIO4bmSDqkz4RE9IMzBFREdFMDExMwA5ZmM3YjUxOS1hOGNjLTRmODktOTM1ZS1jOTE0OGFlMDllODE=
      x-cache:
      - CONFIG_NOCACHE
      x-processing-time:
      - 265ms
    status:
      code: 200
      message: OK
    url: sanitized
- request:
    body: null
    headers:
      Accept:
      - '*/*'
      Accept-Encoding:
      - gzip, deflate
      Connection:
      - keep-alive
      User-Agent:
      - azsdk-python-communication-phonenumbers/1.1.0 Python/3.10.11 (Windows-10-10.0.19045-SP0)
      x-ms-content-sha256:
      - 47DEQpj8HBSa+/TImW+5JCeuQeRkm5NMpJWZG3hSuFU=
      x-ms-date:
      - Thu, 14 Dec 2023 12:21:33 GMT
      x-ms-return-client-request-id:
      - 'true'
    method: GET
    uri: https://sanitized.communication.azure.com/phoneNumbers/operations/purchase_7d20746a-cdd6-4ebc-8d7d-d5da8c7327a0?api-version=2022-12-01
  response:
    body:
      string: '{"operationType": "purchase", "status": "notStarted", "resourceLocation":
        null, "createdDateTime": "2023-12-14T12:21:26.5116862+00:00", "id": "sanitized",
        "lastActionDateTime": "0001-01-01T00:00:00+00:00"}'
    headers:
      api-supported-versions:
      - 2021-03-07, 2022-01-11-preview2, 2022-06-01-preview, 2022-11-15-preview, 2022-12-01,
        2022-12-02-preview2, 2023-05-01-preview, 2023-10-01-preview, 2024-01-31-preview,
        2024-03-01
      content-type:
      - application/json; charset=utf-8
      date:
      - Thu, 14 Dec 2023 12:21:34 GMT
      ms-cv:
      - lOhS0jiVGkisZugv5IkIAg.0
      strict-transport-security:
      - max-age=2592000
      transfer-encoding:
      - chunked
      x-azure-ref:
      - 0TvN6ZQAAAAAUvmJjtHlaRII67peDi5iJRE9IMzBFREdFMDExMwA5ZmM3YjUxOS1hOGNjLTRmODktOTM1ZS1jOTE0OGFlMDllODE=
      x-cache:
      - CONFIG_NOCACHE
      x-processing-time:
      - 261ms
    status:
      code: 200
      message: OK
    url: sanitized
- request:
    body: null
    headers:
      Accept:
      - '*/*'
      Accept-Encoding:
      - gzip, deflate
      Connection:
      - keep-alive
      User-Agent:
      - azsdk-python-communication-phonenumbers/1.1.0 Python/3.10.11 (Windows-10-10.0.19045-SP0)
      x-ms-content-sha256:
      - 47DEQpj8HBSa+/TImW+5JCeuQeRkm5NMpJWZG3hSuFU=
      x-ms-date:
      - Thu, 14 Dec 2023 12:21:36 GMT
      x-ms-return-client-request-id:
      - 'true'
    method: GET
    uri: https://sanitized.communication.azure.com/phoneNumbers/operations/purchase_7d20746a-cdd6-4ebc-8d7d-d5da8c7327a0?api-version=2022-12-01
  response:
    body:
      string: '{"operationType": "purchase", "status": "notStarted", "resourceLocation":
        null, "createdDateTime": "2023-12-14T12:21:26.5116862+00:00", "id": "sanitized",
        "lastActionDateTime": "0001-01-01T00:00:00+00:00"}'
    headers:
      api-supported-versions:
      - 2021-03-07, 2022-01-11-preview2, 2022-06-01-preview, 2022-11-15-preview, 2022-12-01,
        2022-12-02-preview2, 2023-05-01-preview, 2023-10-01-preview, 2024-01-31-preview,
        2024-03-01
      content-type:
      - application/json; charset=utf-8
      date:
      - Thu, 14 Dec 2023 12:21:36 GMT
      ms-cv:
      - FA+hHxHYrUWw6RhUN7i2aw.0
      strict-transport-security:
      - max-age=2592000
      transfer-encoding:
      - chunked
      x-azure-ref:
      - 0UPN6ZQAAAABC5DB+6pLPQZhJsI/q53pgRE9IMzBFREdFMDExMwA5ZmM3YjUxOS1hOGNjLTRmODktOTM1ZS1jOTE0OGFlMDllODE=
      x-cache:
      - CONFIG_NOCACHE
      x-processing-time:
      - 288ms
    status:
      code: 200
      message: OK
    url: sanitized
- request:
    body: null
    headers:
      Accept:
      - '*/*'
      Accept-Encoding:
      - gzip, deflate
      Connection:
      - keep-alive
      User-Agent:
      - azsdk-python-communication-phonenumbers/1.1.0 Python/3.10.11 (Windows-10-10.0.19045-SP0)
      x-ms-content-sha256:
      - 47DEQpj8HBSa+/TImW+5JCeuQeRkm5NMpJWZG3hSuFU=
      x-ms-date:
      - Thu, 14 Dec 2023 12:21:38 GMT
      x-ms-return-client-request-id:
      - 'true'
    method: GET
    uri: https://sanitized.communication.azure.com/phoneNumbers/operations/purchase_7d20746a-cdd6-4ebc-8d7d-d5da8c7327a0?api-version=2022-12-01
  response:
    body:
      string: '{"operationType": "purchase", "status": "notStarted", "resourceLocation":
        null, "createdDateTime": "2023-12-14T12:21:26.5116862+00:00", "id": "sanitized",
        "lastActionDateTime": "0001-01-01T00:00:00+00:00"}'
    headers:
      api-supported-versions:
      - 2021-03-07, 2022-01-11-preview2, 2022-06-01-preview, 2022-11-15-preview, 2022-12-01,
        2022-12-02-preview2, 2023-05-01-preview, 2023-10-01-preview, 2024-01-31-preview,
        2024-03-01
      content-type:
      - application/json; charset=utf-8
      date:
      - Thu, 14 Dec 2023 12:21:39 GMT
      ms-cv:
      - szF1R9iZ3Uiq7Vhv57dVCA.0
      strict-transport-security:
      - max-age=2592000
      transfer-encoding:
      - chunked
      x-azure-ref:
      - 0U/N6ZQAAAABLqAqhXa4ETaD2/W8JFY7XRE9IMzBFREdFMDExMwA5ZmM3YjUxOS1hOGNjLTRmODktOTM1ZS1jOTE0OGFlMDllODE=
      x-cache:
      - CONFIG_NOCACHE
      x-processing-time:
      - 237ms
    status:
      code: 200
      message: OK
    url: sanitized
- request:
    body: null
    headers:
      Accept:
      - '*/*'
      Accept-Encoding:
      - gzip, deflate
      Connection:
      - keep-alive
      User-Agent:
      - azsdk-python-communication-phonenumbers/1.1.0 Python/3.10.11 (Windows-10-10.0.19045-SP0)
      x-ms-content-sha256:
      - 47DEQpj8HBSa+/TImW+5JCeuQeRkm5NMpJWZG3hSuFU=
      x-ms-date:
      - Thu, 14 Dec 2023 12:21:41 GMT
      x-ms-return-client-request-id:
      - 'true'
    method: GET
    uri: https://sanitized.communication.azure.com/phoneNumbers/operations/purchase_7d20746a-cdd6-4ebc-8d7d-d5da8c7327a0?api-version=2022-12-01
  response:
    body:
      string: '{"operationType": "purchase", "status": "notStarted", "resourceLocation":
        null, "createdDateTime": "2023-12-14T12:21:26.5116862+00:00", "id": "sanitized",
        "lastActionDateTime": "0001-01-01T00:00:00+00:00"}'
    headers:
      api-supported-versions:
      - 2021-03-07, 2022-01-11-preview2, 2022-06-01-preview, 2022-11-15-preview, 2022-12-01,
        2022-12-02-preview2, 2023-05-01-preview, 2023-10-01-preview, 2024-01-31-preview,
        2024-03-01
      content-type:
      - application/json; charset=utf-8
      date:
      - Thu, 14 Dec 2023 12:21:41 GMT
      ms-cv:
      - OP6bMBsoYUG/kx40QNO+Cw.0
      strict-transport-security:
      - max-age=2592000
      transfer-encoding:
      - chunked
      x-azure-ref:
      - 0VfN6ZQAAAABW16r6YUSES5gTHz+B8fzkRE9IMzBFREdFMDExMwA5ZmM3YjUxOS1hOGNjLTRmODktOTM1ZS1jOTE0OGFlMDllODE=
      x-cache:
      - CONFIG_NOCACHE
      x-processing-time:
      - 239ms
    status:
      code: 200
      message: OK
    url: sanitized
- request:
    body: null
    headers:
      Accept:
      - '*/*'
      Accept-Encoding:
      - gzip, deflate
      Connection:
      - keep-alive
      User-Agent:
      - azsdk-python-communication-phonenumbers/1.1.0 Python/3.10.11 (Windows-10-10.0.19045-SP0)
      x-ms-content-sha256:
      - 47DEQpj8HBSa+/TImW+5JCeuQeRkm5NMpJWZG3hSuFU=
      x-ms-date:
      - Thu, 14 Dec 2023 12:21:43 GMT
      x-ms-return-client-request-id:
      - 'true'
    method: GET
    uri: https://sanitized.communication.azure.com/phoneNumbers/operations/purchase_7d20746a-cdd6-4ebc-8d7d-d5da8c7327a0?api-version=2022-12-01
  response:
    body:
      string: '{"operationType": "purchase", "status": "notStarted", "resourceLocation":
        null, "createdDateTime": "2023-12-14T12:21:26.5116862+00:00", "id": "sanitized",
        "lastActionDateTime": "0001-01-01T00:00:00+00:00"}'
    headers:
      api-supported-versions:
      - 2021-03-07, 2022-01-11-preview2, 2022-06-01-preview, 2022-11-15-preview, 2022-12-01,
        2022-12-02-preview2, 2023-05-01-preview, 2023-10-01-preview, 2024-01-31-preview,
        2024-03-01
      content-type:
      - application/json; charset=utf-8
      date:
      - Thu, 14 Dec 2023 12:21:44 GMT
      ms-cv:
      - 00y9F8DBPUu0KMCmYJBxOg.0
      strict-transport-security:
      - max-age=2592000
      transfer-encoding:
      - chunked
      x-azure-ref:
      - 0WPN6ZQAAAACiOI+GzxMCSqtazW7SIHLKRE9IMzBFREdFMDExMwA5ZmM3YjUxOS1hOGNjLTRmODktOTM1ZS1jOTE0OGFlMDllODE=
      x-cache:
      - CONFIG_NOCACHE
      x-processing-time:
      - 280ms
    status:
      code: 200
      message: OK
    url: sanitized
- request:
    body: null
    headers:
      Accept:
      - '*/*'
      Accept-Encoding:
      - gzip, deflate
      Connection:
      - keep-alive
      User-Agent:
      - azsdk-python-communication-phonenumbers/1.1.0 Python/3.10.11 (Windows-10-10.0.19045-SP0)
      x-ms-content-sha256:
      - 47DEQpj8HBSa+/TImW+5JCeuQeRkm5NMpJWZG3hSuFU=
      x-ms-date:
      - Thu, 14 Dec 2023 12:21:46 GMT
      x-ms-return-client-request-id:
      - 'true'
    method: GET
    uri: https://sanitized.communication.azure.com/phoneNumbers/operations/purchase_7d20746a-cdd6-4ebc-8d7d-d5da8c7327a0?api-version=2022-12-01
  response:
    body:
      string: '{"operationType": "purchase", "status": "notStarted", "resourceLocation":
        null, "createdDateTime": "2023-12-14T12:21:26.5116862+00:00", "id": "sanitized",
        "lastActionDateTime": "0001-01-01T00:00:00+00:00"}'
    headers:
      api-supported-versions:
      - 2021-03-07, 2022-01-11-preview2, 2022-06-01-preview, 2022-11-15-preview, 2022-12-01,
        2022-12-02-preview2, 2023-05-01-preview, 2023-10-01-preview, 2024-01-31-preview,
        2024-03-01
      content-type:
      - application/json; charset=utf-8
      date:
      - Thu, 14 Dec 2023 12:21:46 GMT
      ms-cv:
      - NasCAeVxJkGccfPTA/vr6w.0
      strict-transport-security:
      - max-age=2592000
      transfer-encoding:
      - chunked
      x-azure-ref:
      - 0W/N6ZQAAAAD8Dvz7usSZR727JdYcYQklRE9IMzBFREdFMDExMwA5ZmM3YjUxOS1hOGNjLTRmODktOTM1ZS1jOTE0OGFlMDllODE=
      x-cache:
      - CONFIG_NOCACHE
      x-processing-time:
      - 276ms
    status:
      code: 200
      message: OK
    url: sanitized
- request:
    body: null
    headers:
      Accept:
      - '*/*'
      Accept-Encoding:
      - gzip, deflate
      Connection:
      - keep-alive
      User-Agent:
      - azsdk-python-communication-phonenumbers/1.1.0 Python/3.10.11 (Windows-10-10.0.19045-SP0)
      x-ms-content-sha256:
      - 47DEQpj8HBSa+/TImW+5JCeuQeRkm5NMpJWZG3hSuFU=
      x-ms-date:
      - Thu, 14 Dec 2023 12:21:48 GMT
      x-ms-return-client-request-id:
      - 'true'
    method: GET
    uri: https://sanitized.communication.azure.com/phoneNumbers/operations/purchase_7d20746a-cdd6-4ebc-8d7d-d5da8c7327a0?api-version=2022-12-01
  response:
    body:
      string: '{"operationType": "purchase", "status": "succeeded", "resourceLocation":
        null, "createdDateTime": "2023-12-14T12:21:26.5116862+00:00", "id": "sanitized",
        "lastActionDateTime": "0001-01-01T00:00:00+00:00"}'
    headers:
      api-supported-versions:
      - 2021-03-07, 2022-01-11-preview2, 2022-06-01-preview, 2022-11-15-preview, 2022-12-01,
        2022-12-02-preview2, 2023-05-01-preview, 2023-10-01-preview, 2024-01-31-preview,
        2024-03-01
      content-type:
      - application/json; charset=utf-8
      date:
      - Thu, 14 Dec 2023 12:21:49 GMT
      ms-cv:
      - iJzgNoE5RkO3xbQ//q1Bzw.0
      strict-transport-security:
      - max-age=2592000
      transfer-encoding:
      - chunked
      x-azure-ref:
      - 0XfN6ZQAAAADDfVAXpakET4jEpzgTVGwyRE9IMzBFREdFMDExMwA5ZmM3YjUxOS1hOGNjLTRmODktOTM1ZS1jOTE0OGFlMDllODE=
      x-cache:
      - CONFIG_NOCACHE
      x-processing-time:
      - 254ms
    status:
      code: 200
      message: OK
    url: sanitized
- request:
    body: null
    headers:
      Accept:
      - application/json
      Accept-Encoding:
      - gzip, deflate
      Connection:
      - keep-alive
      User-Agent:
      - AzureCli/1.8.1 azsdk-python-communication-phonenumbers/1.1.0 Python/3.10.11
        (Windows-10-10.0.19045-SP0)
      x-ms-content-sha256:
      - 47DEQpj8HBSa+/TImW+5JCeuQeRkm5NMpJWZG3hSuFU=
      x-ms-date:
      - Thu, 14 Dec 2023 12:21:49 GMT
      x-ms-return-client-request-id:
      - 'true'
    method: GET
    uri: https://sanitized.communication.azure.com/phoneNumbers/sanitized?api-version=2022-12-01
  response:
    body:
      string: '{"id": "sanitized", "phoneNumber": "sanitized", "countryCode": "US",
        "phoneNumberType": "tollFree", "capabilities": {"calling": "inbound", "sms":
        "inbound+outbound"}, "assignmentType": "application", "purchaseDate": "2023-12-14T12:21:45.4281663+00:00",
        "cost": {"amount": 2.0, "currencyCode": "USD", "billingFrequency": "monthly"}}'
    headers:
      api-supported-versions:
      - 2021-03-07, 2022-01-11-preview2, 2022-06-01-preview, 2022-12-01, 2022-12-02-preview2,
        2023-05-01-preview, 2023-10-01-preview, 2024-01-31-preview, 2024-03-01
      content-length:
      - '331'
      content-type:
      - application/json; charset=utf-8
      date:
      - Thu, 14 Dec 2023 12:21:52 GMT
      ms-cv:
      - tAOf0uhc/UqK/V3/wHKGBQ.0
      strict-transport-security:
      - max-age=2592000
      x-azure-ref:
      - 0XvN6ZQAAAACQXrTHPrt2Rpv9i/GbmNTfRE9IMzBFREdFMDEyMQA5ZmM3YjUxOS1hOGNjLTRmODktOTM1ZS1jOTE0OGFlMDllODE=
      x-cache:
      - CONFIG_NOCACHE
      x-processing-time:
      - 1409ms
    status:
      code: 200
      message: OK
    url: sanitized
version: 1
