interactions:
- request:
    body: '{"phoneNumberType": "tollFree", "assignmentType": "application", "capabilities":
      {"calling": "inbound", "sms": "inbound+outbound"}}'
    headers:
      Accept:
      - application/json
      Accept-Encoding:
      - gzip, deflate
      Connection:
      - keep-alive
      Content-Length:
      - '131'
      Content-Type:
      - application/json
      Date:
      - Thu, 04 Aug 2022 03:52:13 GMT
      User-Agent:
      - azsdk-python-communication-phonenumbers/1.0.1 Python/3.6.7 (Windows-10-10.0.19041-SP0)
      x-ms-content-sha256:
      - ecyowPPqS6i2jEjg4ZPaHAki9yDR8IHa8lF+VXRefVM=
      x-ms-return-client-request-id:
      - 'true'
    method: POST
    uri: https://sanitized.communication.azure.com/availablePhoneNumbers/countries/US/:search?api-version=2021-03-07
  response:
    body:
      string: ''
    headers:
      access-control-expose-headers:
      - Location,Operation-Location,operation-id,search-id
      api-supported-versions:
      - 2021-03-07, 2022-01-11-preview2, 2022-06-01-preview, 2022-12-01
      connection:
      - keep-alive
      content-length:
      - '0'
      date:
      - Thu, 04 Aug 2022 03:52:16 GMT
      location:
      - /availablePhoneNumbers/searchResults/68e64321-4243-4fc8-97ed-f6ccdcc42004?api-version=2021-03-07
      ms-cv:
      - jFU/T/Tl802xnbqPlt7PqA.0
      operation-id:
      - search_68e64321-4243-4fc8-97ed-f6ccdcc42004
      operation-location:
      - /phoneNumbers/operations/search_68e64321-4243-4fc8-97ed-f6ccdcc42004?api-version=2021-03-07
      search-id:
      - 68e64321-4243-4fc8-97ed-f6ccdcc42004
      strict-transport-security:
      - max-age=2592000
      x-azure-ref:
      - 20220804T035213Z-hk9fc1hqnx3xh6y9eh1b1ua6zw00000001k0000000018ydp
      x-cache:
      - CONFIG_NOCACHE
      x-processing-time:
      - 2695ms
    status:
      code: 202
      message: Accepted
- request:
    body: null
    headers:
      Accept:
      - '*/*'
      Accept-Encoding:
      - gzip, deflate
      Connection:
      - keep-alive
      Date:
      - Thu, 04 Aug 2022 03:52:46 GMT
      User-Agent:
      - azsdk-python-communication-phonenumbers/1.0.1 Python/3.6.7 (Windows-10-10.0.19041-SP0)
      x-ms-content-sha256:
      - 47DEQpj8HBSa+/TImW+5JCeuQeRkm5NMpJWZG3hSuFU=
      x-ms-return-client-request-id:
      - 'true'
    method: GET
    uri: https://sanitized.communication.azure.com/phoneNumbers/operations/search_68e64321-4243-4fc8-97ed-f6ccdcc42004?api-version=2021-03-07
  response:
    body:
      string: '{"operationType": "search", "status": "succeeded", "resourceLocation":
        "/availablePhoneNumbers/searchResults/68e64321-4243-4fc8-97ed-f6ccdcc42004?api-version=2021-03-07",
        "createdDateTime": "2022-08-04T03:52:16.2579265+00:00", "id": "search_68e64321-4243-4fc8-97ed-f6ccdcc42004",
        "lastActionDateTime": "0001-01-01T00:00:00+00:00"}'
    headers:
      access-control-expose-headers:
      - Location
      api-supported-versions:
      - 2021-03-07, 2022-01-11-preview2, 2022-06-01-preview, 2022-12-01
      connection:
      - keep-alive
      content-type:
      - application/json; charset=utf-8
      date:
      - Thu, 04 Aug 2022 03:52:47 GMT
      location:
      - /availablePhoneNumbers/searchResults/68e64321-4243-4fc8-97ed-f6ccdcc42004?api-version=2021-03-07
      ms-cv:
      - TUNv8aB5H0+W28v75dT4Qw.0
      strict-transport-security:
      - max-age=2592000
      transfer-encoding:
      - chunked
      x-azure-ref:
      - 20220804T035246Z-hk9fc1hqnx3xh6y9eh1b1ua6zw00000001k00000000198ap
      x-cache:
      - CONFIG_NOCACHE
      x-processing-time:
      - 335ms
    status:
      code: 200
      message: OK
    url: sanitized
- request:
    body: null
    headers:
      Accept:
      - '*/*'
      Accept-Encoding:
      - gzip, deflate
      Connection:
      - keep-alive
      Date:
      - Thu, 04 Aug 2022 03:52:46 GMT
      User-Agent:
      - azsdk-python-communication-phonenumbers/1.0.1 Python/3.6.7 (Windows-10-10.0.19041-SP0)
      x-ms-content-sha256:
      - 47DEQpj8HBSa+/TImW+5JCeuQeRkm5NMpJWZG3hSuFU=
      x-ms-return-client-request-id:
      - 'true'
    method: GET
    uri: https://sanitized.communication.azure.com/availablePhoneNumbers/searchResults/68e64321-4243-4fc8-97ed-f6ccdcc42004?api-version=2021-03-07
  response:
    body:
      string: '{"searchId": "68e64321-4243-4fc8-97ed-f6ccdcc42004", "phoneNumbers":
        ["+18335022104"], "phoneNumberType": "tollFree", "assignmentType": "application",
        "capabilities": {"calling": "inbound", "sms": "inbound+outbound"}, "cost":
        {"amount": 2.0, "currencyCode": "USD", "billingFrequency": "monthly"}, "searchExpiresBy":
        "2022-08-04T04:08:18.2017052+00:00"}'
    headers:
      api-supported-versions:
      - 2021-03-07, 2022-01-11-preview2, 2022-06-01-preview, 2022-12-01
      connection:
      - keep-alive
      content-type:
      - application/json; charset=utf-8
      date:
      - Thu, 04 Aug 2022 03:52:49 GMT
      ms-cv:
      - L21+h2I5JEOu9MHiO7b7Sg.0
      strict-transport-security:
      - max-age=2592000
      transfer-encoding:
      - chunked
      x-azure-ref:
      - 20220804T035247Z-hk9fc1hqnx3xh6y9eh1b1ua6zw00000001k00000000198gc
      x-cache:
      - CONFIG_NOCACHE
      x-processing-time:
      - 2208ms
    status:
      code: 200
      message: OK
    url: sanitized
- request:
    body: '{"searchId": "68e64321-4243-4fc8-97ed-f6ccdcc42004"}'
    headers:
      Accept:
      - application/json
      Accept-Encoding:
      - gzip, deflate
      Connection:
      - keep-alive
      Content-Length:
      - '52'
      Content-Type:
      - application/json
      Date:
      - Thu, 04 Aug 2022 03:52:49 GMT
      User-Agent:
      - azsdk-python-communication-phonenumbers/1.0.1 Python/3.6.7 (Windows-10-10.0.19041-SP0)
      x-ms-content-sha256:
      - yf/VnfZWPtQyuAWGCnr/PTDvbFz924yWVUQEoi4Snw4=
      x-ms-return-client-request-id:
      - 'true'
    method: POST
    uri: https://sanitized.communication.azure.com/availablePhoneNumbers/:purchase?api-version=2021-03-07
  response:
    body:
      string: ''
    headers:
      access-control-expose-headers:
      - Operation-Location,operation-id,purchase-id
      api-supported-versions:
      - 2021-03-07, 2022-01-11-preview2, 2022-06-01-preview, 2022-12-01
      connection:
      - keep-alive
      content-length:
      - '0'
      date:
      - Thu, 04 Aug 2022 03:52:51 GMT
      ms-cv:
      - FDd/TmpKp02bNWaQuH+d4Q.0
      operation-id:
      - purchase_68e64321-4243-4fc8-97ed-f6ccdcc42004
      operation-location:
      - /phoneNumbers/operations/purchase_68e64321-4243-4fc8-97ed-f6ccdcc42004?api-version=2021-03-07
      purchase-id:
      - 68e64321-4243-4fc8-97ed-f6ccdcc42004
      strict-transport-security:
      - max-age=2592000
      x-azure-ref:
      - 20220804T035249Z-hk9fc1hqnx3xh6y9eh1b1ua6zw00000001k000000001999s
      x-cache:
      - CONFIG_NOCACHE
      x-processing-time:
      - 1755ms
    status:
      code: 202
      message: Accepted
- request:
    body: null
    headers:
      Accept:
      - '*/*'
      Accept-Encoding:
      - gzip, deflate
      Connection:
      - keep-alive
      Date:
      - Thu, 04 Aug 2022 03:53:21 GMT
      User-Agent:
      - azsdk-python-communication-phonenumbers/1.0.1 Python/3.6.7 (Windows-10-10.0.19041-SP0)
      x-ms-content-sha256:
      - 47DEQpj8HBSa+/TImW+5JCeuQeRkm5NMpJWZG3hSuFU=
      x-ms-return-client-request-id:
      - 'true'
    method: GET
    uri: https://sanitized.communication.azure.com/phoneNumbers/operations/purchase_68e64321-4243-4fc8-97ed-f6ccdcc42004?api-version=2021-03-07
  response:
    body:
      string: '{"operationType": "purchase", "status": "succeeded", "resourceLocation":
        null, "createdDateTime": "2022-08-04T03:52:16.2579265+00:00", "id": "purchase_68e64321-4243-4fc8-97ed-f6ccdcc42004",
        "lastActionDateTime": "0001-01-01T00:00:00+00:00"}'
    headers:
      api-supported-versions:
      - 2021-03-07, 2022-01-11-preview2, 2022-06-01-preview, 2022-12-01
      connection:
      - keep-alive
      content-type:
      - application/json; charset=utf-8
      date:
      - Thu, 04 Aug 2022 03:53:22 GMT
      ms-cv:
      - ZFPX3QNl+E2zSMT6r56MbQ.0
      strict-transport-security:
      - max-age=2592000
      transfer-encoding:
      - chunked
      x-azure-ref:
      - 20220804T035321Z-hk9fc1hqnx3xh6y9eh1b1ua6zw00000001k0000000019kdx
      x-cache:
      - CONFIG_NOCACHE
      x-processing-time:
      - 388ms
    status:
      code: 200
      message: OK
    url: sanitized
- request:
    body: '{"phoneNumberType": "tollFree", "assignmentType": "application", "capabilities":
      {"calling": "inbound", "sms": "inbound+outbound"}}'
    headers:
      Accept:
      - application/json
      Accept-Encoding:
      - gzip, deflate
      Connection:
      - keep-alive
      Content-Length:
      - '131'
      Content-Type:
      - application/json
      Date:
      - Thu, 04 Aug 2022 03:53:22 GMT
      User-Agent:
      - azsdk-python-communication-phonenumbers/1.0.1 Python/3.6.7 (Windows-10-10.0.19041-SP0)
      x-ms-content-sha256:
      - ecyowPPqS6i2jEjg4ZPaHAki9yDR8IHa8lF+VXRefVM=
      x-ms-return-client-request-id:
      - 'true'
    method: POST
    uri: https://sanitized.communication.azure.com/availablePhoneNumbers/countries/US/:search?api-version=2021-03-07
  response:
    body:
      string: ''
    headers:
      access-control-expose-headers:
      - Location,Operation-Location,operation-id,search-id
      api-supported-versions:
      - 2021-03-07, 2022-01-11-preview2, 2022-06-01-preview, 2022-12-01
      connection:
      - keep-alive
      content-length:
      - '0'
      date:
      - Thu, 04 Aug 2022 03:53:26 GMT
      location:
      - /availablePhoneNumbers/searchResults/f5a95cfe-08aa-403e-858f-66bf391c956d?api-version=2021-03-07
      ms-cv:
      - akFd6Q6YVUiAHJeg68E0Ag.0
      operation-id:
      - search_f5a95cfe-08aa-403e-858f-66bf391c956d
      operation-location:
      - /phoneNumbers/operations/search_f5a95cfe-08aa-403e-858f-66bf391c956d?api-version=2021-03-07
      search-id:
      - f5a95cfe-08aa-403e-858f-66bf391c956d
      strict-transport-security:
      - max-age=2592000
      x-azure-ref:
      - 20220804T035322Z-nntkv2q0nd3zt4kemgcvznhu2400000001m0000000039fqh
      x-cache:
      - CONFIG_NOCACHE
      x-processing-time:
      - 3803ms
    status:
      code: 202
      message: Accepted
- request:
    body: null
    headers:
      Accept:
      - '*/*'
      Accept-Encoding:
      - gzip, deflate
      Connection:
      - keep-alive
      Date:
      - Thu, 04 Aug 2022 03:53:56 GMT
      User-Agent:
      - azsdk-python-communication-phonenumbers/1.0.1 Python/3.6.7 (Windows-10-10.0.19041-SP0)
      x-ms-content-sha256:
      - 47DEQpj8HBSa+/TImW+5JCeuQeRkm5NMpJWZG3hSuFU=
      x-ms-return-client-request-id:
      - 'true'
    method: GET
    uri: https://sanitized.communication.azure.com/phoneNumbers/operations/search_f5a95cfe-08aa-403e-858f-66bf391c956d?api-version=2021-03-07
  response:
    body:
      string: '{"operationType": "search", "status": "succeeded", "resourceLocation":
        "/availablePhoneNumbers/searchResults/f5a95cfe-08aa-403e-858f-66bf391c956d?api-version=2021-03-07",
        "createdDateTime": "2022-08-04T03:53:26.3306167+00:00", "id": "search_f5a95cfe-08aa-403e-858f-66bf391c956d",
        "lastActionDateTime": "0001-01-01T00:00:00+00:00"}'
    headers:
      access-control-expose-headers:
      - Location
      api-supported-versions:
      - 2021-03-07, 2022-01-11-preview2, 2022-06-01-preview, 2022-12-01
      connection:
      - keep-alive
      content-type:
      - application/json; charset=utf-8
      date:
      - Thu, 04 Aug 2022 03:53:57 GMT
      location:
      - /availablePhoneNumbers/searchResults/f5a95cfe-08aa-403e-858f-66bf391c956d?api-version=2021-03-07
      ms-cv:
      - k0cVoBO50U2syzeaP0FYBw.0
      strict-transport-security:
      - max-age=2592000
      transfer-encoding:
      - chunked
      x-azure-ref:
      - 20220804T035356Z-nntkv2q0nd3zt4kemgcvznhu2400000001m0000000039rzz
      x-cache:
      - CONFIG_NOCACHE
      x-processing-time:
      - 592ms
    status:
      code: 200
      message: OK
    url: sanitized
- request:
    body: null
    headers:
      Accept:
      - '*/*'
      Accept-Encoding:
      - gzip, deflate
      Connection:
      - keep-alive
      Date:
      - Thu, 04 Aug 2022 03:53:57 GMT
      User-Agent:
      - azsdk-python-communication-phonenumbers/1.0.1 Python/3.6.7 (Windows-10-10.0.19041-SP0)
      x-ms-content-sha256:
      - 47DEQpj8HBSa+/TImW+5JCeuQeRkm5NMpJWZG3hSuFU=
      x-ms-return-client-request-id:
      - 'true'
    method: GET
    uri: https://sanitized.communication.azure.com/availablePhoneNumbers/searchResults/f5a95cfe-08aa-403e-858f-66bf391c956d?api-version=2021-03-07
  response:
    body:
      string: '{"searchId": "f5a95cfe-08aa-403e-858f-66bf391c956d", "phoneNumbers":
        ["+18443185426"], "phoneNumberType": "tollFree", "assignmentType": "application",
        "capabilities": {"calling": "inbound", "sms": "inbound+outbound"}, "cost":
        {"amount": 2.0, "currencyCode": "USD", "billingFrequency": "monthly"}, "searchExpiresBy":
        "2022-08-04T04:09:28.5394891+00:00"}'
    headers:
      api-supported-versions:
      - 2021-03-07, 2022-01-11-preview2, 2022-06-01-preview, 2022-12-01
      connection:
      - keep-alive
      content-type:
      - application/json; charset=utf-8
      date:
      - Thu, 04 Aug 2022 03:53:59 GMT
      ms-cv:
      - gNRaDPszMEml8Mtc0X421g.0
      strict-transport-security:
      - max-age=2592000
      transfer-encoding:
      - chunked
      x-azure-ref:
      - 20220804T035357Z-nntkv2q0nd3zt4kemgcvznhu2400000001m0000000039s6y
      x-cache:
      - CONFIG_NOCACHE
      x-processing-time:
      - 1121ms
    status:
      code: 200
      message: OK
    url: sanitized
- request:
    body: '{"searchId": "f5a95cfe-08aa-403e-858f-66bf391c956d"}'
    headers:
      Accept:
      - application/json
      Accept-Encoding:
      - gzip, deflate
      Connection:
      - keep-alive
      Content-Length:
      - '52'
      Content-Type:
      - application/json
      Date:
      - Thu, 04 Aug 2022 03:53:58 GMT
      User-Agent:
      - azsdk-python-communication-phonenumbers/1.0.1 Python/3.6.7 (Windows-10-10.0.19041-SP0)
      x-ms-content-sha256:
      - zlhSzRY1+ggCfhTlX6/t1mcLYkM/BI6g+c4JYFIOWJo=
      x-ms-return-client-request-id:
      - 'true'
    method: POST
    uri: https://sanitized.communication.azure.com/availablePhoneNumbers/:purchase?api-version=2021-03-07
  response:
    body:
      string: ''
    headers:
      access-control-expose-headers:
      - Operation-Location,operation-id,purchase-id
      api-supported-versions:
      - 2021-03-07, 2022-01-11-preview2, 2022-06-01-preview, 2022-12-01
      connection:
      - keep-alive
      content-length:
      - '0'
      date:
      - Thu, 04 Aug 2022 03:54:02 GMT
      ms-cv:
      - dxWtJIUe30SBNxkptE3eFQ.0
      operation-id:
      - purchase_f5a95cfe-08aa-403e-858f-66bf391c956d
      operation-location:
      - /phoneNumbers/operations/purchase_f5a95cfe-08aa-403e-858f-66bf391c956d?api-version=2021-03-07
      purchase-id:
      - f5a95cfe-08aa-403e-858f-66bf391c956d
      strict-transport-security:
      - max-age=2592000
      x-azure-ref:
      - 20220804T035359Z-nntkv2q0nd3zt4kemgcvznhu2400000001m0000000039sgw
      x-cache:
      - CONFIG_NOCACHE
      x-processing-time:
      - 2899ms
    status:
      code: 202
      message: Accepted
- request:
    body: null
    headers:
      Accept:
      - '*/*'
      Accept-Encoding:
      - gzip, deflate
      Connection:
      - keep-alive
      Date:
      - Thu, 04 Aug 2022 03:54:32 GMT
      User-Agent:
      - azsdk-python-communication-phonenumbers/1.0.1 Python/3.6.7 (Windows-10-10.0.19041-SP0)
      x-ms-content-sha256:
      - 47DEQpj8HBSa+/TImW+5JCeuQeRkm5NMpJWZG3hSuFU=
      x-ms-return-client-request-id:
      - 'true'
    method: GET
    uri: https://sanitized.communication.azure.com/phoneNumbers/operations/purchase_f5a95cfe-08aa-403e-858f-66bf391c956d?api-version=2021-03-07
  response:
    body:
      string: '{"operationType": "purchase", "status": "succeeded", "resourceLocation":
        null, "createdDateTime": "2022-08-04T03:53:26.3306167+00:00", "id": "purchase_f5a95cfe-08aa-403e-858f-66bf391c956d",
        "lastActionDateTime": "0001-01-01T00:00:00+00:00"}'
    headers:
      api-supported-versions:
      - 2021-03-07, 2022-01-11-preview2, 2022-06-01-preview, 2022-12-01
      connection:
      - keep-alive
      content-type:
      - application/json; charset=utf-8
      date:
      - Thu, 04 Aug 2022 03:54:33 GMT
      ms-cv:
      - uWGH9zzdvkuA7gSTqaKnTg.0
      strict-transport-security:
      - max-age=2592000
      transfer-encoding:
      - chunked
      x-azure-ref:
      - 20220804T035432Z-nntkv2q0nd3zt4kemgcvznhu2400000001m000000003a1z6
      x-cache:
      - CONFIG_NOCACHE
      x-processing-time:
      - 391ms
    status:
      code: 200
      message: OK
    url: sanitized
- request:
    body: '{"phoneNumberType": "tollFree", "assignmentType": "application", "capabilities":
      {"calling": "inbound", "sms": "inbound+outbound"}}'
    headers:
      Accept:
      - application/json
      Accept-Encoding:
      - gzip, deflate
      Connection:
      - keep-alive
      Content-Length:
      - '131'
      Content-Type:
      - application/json
      Date:
      - Thu, 04 Aug 2022 03:54:32 GMT
      User-Agent:
      - azsdk-python-communication-phonenumbers/1.0.1 Python/3.6.7 (Windows-10-10.0.19041-SP0)
      x-ms-content-sha256:
      - ecyowPPqS6i2jEjg4ZPaHAki9yDR8IHa8lF+VXRefVM=
      x-ms-return-client-request-id:
      - 'true'
    method: POST
    uri: https://sanitized.communication.azure.com/availablePhoneNumbers/countries/US/:search?api-version=2021-03-07
  response:
    body:
      string: ''
    headers:
      access-control-expose-headers:
      - Location,Operation-Location,operation-id,search-id
      api-supported-versions:
      - 2021-03-07, 2022-01-11-preview2, 2022-06-01-preview, 2022-12-01
      content-length:
      - '0'
      date:
      - Thu, 04 Aug 2022 03:54:36 GMT
      location:
      - /availablePhoneNumbers/searchResults/497bf24c-0c4f-4769-b0ea-8e16d4efd9f3?api-version=2021-03-07
      ms-cv:
      - NFFuVjzD4UC4q2RZ+eSK5Q.0
      operation-id:
      - search_497bf24c-0c4f-4769-b0ea-8e16d4efd9f3
      operation-location:
      - /phoneNumbers/operations/search_497bf24c-0c4f-4769-b0ea-8e16d4efd9f3?api-version=2021-03-07
      search-id:
      - 497bf24c-0c4f-4769-b0ea-8e16d4efd9f3
      strict-transport-security:
      - max-age=2592000
      x-azure-ref:
      - 0+ULrYgAAAACmyebb0NARSp3edEsCa/OrWVZSMzExMDAwMTE1MDMxADlmYzdiNTE5LWE4Y2MtNGY4OS05MzVlLWM5MTQ4YWUwOWU4MQ==
      x-cache:
      - CONFIG_NOCACHE
      x-processing-time:
      - 3282ms
    status:
      code: 202
      message: Accepted
- request:
    body: null
    headers:
      Accept:
      - '*/*'
      Accept-Encoding:
      - gzip, deflate
      Connection:
      - keep-alive
      Date:
      - Thu, 04 Aug 2022 03:55:06 GMT
      User-Agent:
      - azsdk-python-communication-phonenumbers/1.0.1 Python/3.6.7 (Windows-10-10.0.19041-SP0)
      x-ms-content-sha256:
      - 47DEQpj8HBSa+/TImW+5JCeuQeRkm5NMpJWZG3hSuFU=
      x-ms-return-client-request-id:
      - 'true'
    method: GET
    uri: https://sanitized.communication.azure.com/phoneNumbers/operations/search_497bf24c-0c4f-4769-b0ea-8e16d4efd9f3?api-version=2021-03-07
  response:
    body:
      string: '{"operationType": "search", "status": "succeeded", "resourceLocation":
        "/availablePhoneNumbers/searchResults/497bf24c-0c4f-4769-b0ea-8e16d4efd9f3?api-version=2021-03-07",
        "createdDateTime": "2022-08-04T03:54:36.2086963+00:00", "id": "search_497bf24c-0c4f-4769-b0ea-8e16d4efd9f3",
        "lastActionDateTime": "0001-01-01T00:00:00+00:00"}'
    headers:
      access-control-expose-headers:
      - Location
      api-supported-versions:
      - 2021-03-07, 2022-01-11-preview2, 2022-06-01-preview, 2022-12-01
      content-type:
      - application/json; charset=utf-8
      date:
      - Thu, 04 Aug 2022 03:55:06 GMT
      location:
      - /availablePhoneNumbers/searchResults/497bf24c-0c4f-4769-b0ea-8e16d4efd9f3?api-version=2021-03-07
      ms-cv:
      - Guey+FnVa0yiJQ3D8nH8SA.0
      strict-transport-security:
      - max-age=2592000
      transfer-encoding:
      - chunked
      x-azure-ref:
      - 0GkPrYgAAAACkmzWaDpS/R7Zmn4Sr/ZVaWVZSMzExMDAwMTE1MDMxADlmYzdiNTE5LWE4Y2MtNGY4OS05MzVlLWM5MTQ4YWUwOWU4MQ==
      x-cache:
      - CONFIG_NOCACHE
      x-processing-time:
      - 329ms
    status:
      code: 200
      message: OK
    url: sanitized
- request:
    body: null
    headers:
      Accept:
      - '*/*'
      Accept-Encoding:
      - gzip, deflate
      Connection:
      - keep-alive
      Date:
      - Thu, 04 Aug 2022 03:55:06 GMT
      User-Agent:
      - azsdk-python-communication-phonenumbers/1.0.1 Python/3.6.7 (Windows-10-10.0.19041-SP0)
      x-ms-content-sha256:
      - 47DEQpj8HBSa+/TImW+5JCeuQeRkm5NMpJWZG3hSuFU=
      x-ms-return-client-request-id:
      - 'true'
    method: GET
    uri: https://sanitized.communication.azure.com/availablePhoneNumbers/searchResults/497bf24c-0c4f-4769-b0ea-8e16d4efd9f3?api-version=2021-03-07
  response:
    body:
      string: '{"searchId": "497bf24c-0c4f-4769-b0ea-8e16d4efd9f3", "phoneNumbers":
        ["+18335022070"], "phoneNumberType": "tollFree", "assignmentType": "application",
        "capabilities": {"calling": "inbound", "sms": "inbound+outbound"}, "cost":
        {"amount": 2.0, "currencyCode": "USD", "billingFrequency": "monthly"}, "searchExpiresBy":
        "2022-08-04T04:10:38.8316849+00:00"}'
    headers:
      api-supported-versions:
      - 2021-03-07, 2022-01-11-preview2, 2022-06-01-preview, 2022-12-01
      content-type:
      - application/json; charset=utf-8
      date:
      - Thu, 04 Aug 2022 03:55:07 GMT
      ms-cv:
      - M3lbj2cXmkaC9cc66feydw.0
      strict-transport-security:
      - max-age=2592000
      transfer-encoding:
      - chunked
      x-azure-ref:
      - 0G0PrYgAAAAD9ncITpvyfQInktUTLAgiuWVZSMzExMDAwMTE1MDMxADlmYzdiNTE5LWE4Y2MtNGY4OS05MzVlLWM5MTQ4YWUwOWU4MQ==
      x-cache:
      - CONFIG_NOCACHE
      x-processing-time:
      - 1079ms
    status:
      code: 200
      message: OK
    url: sanitized
- request:
    body: '{"searchId": "497bf24c-0c4f-4769-b0ea-8e16d4efd9f3"}'
    headers:
      Accept:
      - application/json
      Accept-Encoding:
      - gzip, deflate
      Connection:
      - keep-alive
      Content-Length:
      - '52'
      Content-Type:
      - application/json
      Date:
      - Thu, 04 Aug 2022 03:55:07 GMT
      User-Agent:
      - azsdk-python-communication-phonenumbers/1.0.1 Python/3.6.7 (Windows-10-10.0.19041-SP0)
      x-ms-content-sha256:
      - MWYJrSR/ceYtdmgpBIRMJCvhezHJ14t6KzRI8zDybko=
      x-ms-return-client-request-id:
      - 'true'
    method: POST
    uri: https://sanitized.communication.azure.com/availablePhoneNumbers/:purchase?api-version=2021-03-07
  response:
    body:
      string: ''
    headers:
      access-control-expose-headers:
      - Operation-Location,operation-id,purchase-id
      api-supported-versions:
      - 2021-03-07, 2022-01-11-preview2, 2022-06-01-preview, 2022-12-01
      content-length:
      - '0'
      date:
      - Thu, 04 Aug 2022 03:55:09 GMT
      ms-cv:
      - f9QAjYXRxEqmwaB+/5g4Aw.0
      operation-id:
      - purchase_497bf24c-0c4f-4769-b0ea-8e16d4efd9f3
      operation-location:
      - /phoneNumbers/operations/purchase_497bf24c-0c4f-4769-b0ea-8e16d4efd9f3?api-version=2021-03-07
      purchase-id:
      - 497bf24c-0c4f-4769-b0ea-8e16d4efd9f3
      strict-transport-security:
      - max-age=2592000
      x-azure-ref:
      - 0HEPrYgAAAABnMKmiuN1sQKixVMAx1aznWVZSMzExMDAwMTE1MDMxADlmYzdiNTE5LWE4Y2MtNGY4OS05MzVlLWM5MTQ4YWUwOWU4MQ==
      x-cache:
      - CONFIG_NOCACHE
      x-processing-time:
      - 1740ms
    status:
      code: 202
      message: Accepted
- request:
    body: null
    headers:
      Accept:
      - '*/*'
      Accept-Encoding:
      - gzip, deflate
      Connection:
      - keep-alive
      Date:
      - Thu, 04 Aug 2022 03:55:39 GMT
      User-Agent:
      - azsdk-python-communication-phonenumbers/1.0.1 Python/3.6.7 (Windows-10-10.0.19041-SP0)
      x-ms-content-sha256:
      - 47DEQpj8HBSa+/TImW+5JCeuQeRkm5NMpJWZG3hSuFU=
      x-ms-return-client-request-id:
      - 'true'
    method: GET
    uri: https://sanitized.communication.azure.com/phoneNumbers/operations/purchase_497bf24c-0c4f-4769-b0ea-8e16d4efd9f3?api-version=2021-03-07
  response:
    body:
      string: '{"operationType": "purchase", "status": "succeeded", "resourceLocation":
        null, "createdDateTime": "2022-08-04T03:54:36.2086963+00:00", "id": "purchase_497bf24c-0c4f-4769-b0ea-8e16d4efd9f3",
        "lastActionDateTime": "0001-01-01T00:00:00+00:00"}'
    headers:
      api-supported-versions:
      - 2021-03-07, 2022-01-11-preview2, 2022-06-01-preview, 2022-12-01
      content-type:
      - application/json; charset=utf-8
      date:
      - Thu, 04 Aug 2022 03:55:39 GMT
      ms-cv:
      - 2nOl511cG0eXVxZxHQ/c3g.0
      strict-transport-security:
      - max-age=2592000
      transfer-encoding:
      - chunked
      x-azure-ref:
      - 0PEPrYgAAAAB8kLCWl1KuSbevxPZB9uaOWVZSMzExMDAwMTE1MDMxADlmYzdiNTE5LWE4Y2MtNGY4OS05MzVlLWM5MTQ4YWUwOWU4MQ==
      x-cache:
      - CONFIG_NOCACHE
      x-processing-time:
      - 294ms
    status:
      code: 200
      message: OK
    url: sanitized
- request:
    body: '{"from": "sanitized", "smsRecipients": [{"to": "sanitized", "repeatabilityRequestId":
      "sanitized", "repeatabilityFirstSent": "sanitized"}, {"to": "sanitized", "repeatabilityRequestId":
      "sanitized", "repeatabilityFirstSent": "sanitized"}], "message": "Hello there!!",
      "smsSendOptions": {"enableDeliveryReport": false}}'
    headers:
      Accept:
      - application/json
      Accept-Encoding:
      - gzip, deflate
      Connection:
      - keep-alive
      Content-Length:
      - '317'
      Content-Type:
      - application/json
      Date:
      - Thu, 04 Aug 2022 03:55:40 GMT
      User-Agent:
      - azsdk-python-communication-sms/1.0.1 Python/3.6.7 (Windows-10-10.0.19041-SP0)
      x-ms-content-sha256:
      - XYHMk3SG5Cm/ilmMIBtvBNKY9SZUzk5oKL2QeVgqfRg=
      x-ms-return-client-request-id:
      - 'true'
    method: POST
    uri: https://sanitized.communication.azure.com/sms?api-version=2021-03-07
  response:
    body:
      string: '{"value": [{"to": "sanitized", "messageId": "sanitized", "httpStatusCode":
        202, "repeatabilityResult": "accepted", "successful": true}, {"to": "sanitized",
        "messageId": "sanitized", "httpStatusCode": 202, "repeatabilityResult": "accepted",
        "successful": true}]}'
    headers:
      api-supported-versions:
      - 2020-07-20-preview1, 2020-08-20-preview, 2021-03-07
      connection:
      - keep-alive
      content-type:
      - application/json; charset=utf-8
      date:
      - Thu, 04 Aug 2022 03:55:41 GMT
      ms-cv:
      - cfJIPCWX4kmks0DCKjNNaw.0
      strict-transport-security:
      - max-age=2592000
      transfer-encoding:
      - chunked
      x-azure-ref:
      - 20220804T035540Z-afb852g2vh6591nsqudzty20xs00000001kg000000015t40
      x-cache:
      - CONFIG_NOCACHE
      x-processing-time:
      - 655ms
    status:
      code: 202
      message: Accepted
    url: sanitized
version: 1
