interactions:
- request:
    body: '{"phoneNumberType": "tollFree", "assignmentType": "application", "capabilities":
      {"calling": "inbound", "sms": "inbound+outbound"}}'
    headers:
      Accept:
      - application/json
      Accept-Encoding:
      - gzip, deflate
      Connection:
      - keep-alive
      Content-Length:
      - '131'
      Content-Type:
      - application/json
      User-Agent:
      - azsdk-python-communication-phonenumbers/1.1.0 Python/3.10.11 (Windows-10-10.0.19045-SP0)
      x-ms-content-sha256:
      - ecyowPPqS6i2jEjg4ZPaHAki9yDR8IHa8lF+VXRefVM=
      x-ms-date:
      - Fri, 15 Dec 2023 10:22:58 GMT
      x-ms-return-client-request-id:
      - 'true'
    method: POST
    uri: https://sanitized.communication.azure.com/availablePhoneNumbers/countries/US/:search?api-version=2022-12-01
  response:
    body:
      string: ''
    headers:
      access-control-expose-headers:
      - Location,Operation-Location,operation-id,search-id
      api-supported-versions:
      - 2021-03-07, 2022-01-11-preview2, 2022-06-01-preview, 2022-12-01, 2022-12-02-preview2,
        2023-05-01-preview, 2023-10-01-preview, 2024-01-31-preview, 2024-03-01
      content-length:
      - '0'
      date:
      - Fri, 15 Dec 2023 10:23:00 GMT
      location:
      - /availablePhoneNumbers/searchResults/f8389cfc-b062-4198-8504-aec12d2bb439?api-version=2022-12-01
      ms-cv:
      - 1SBwT6HY/USOwq3eeQCJjg.0
      operation-id:
      - search_f8389cfc-b062-4198-8504-aec12d2bb439
      operation-location:
      - /phoneNumbers/operations/search_f8389cfc-b062-4198-8504-aec12d2bb439?api-version=2022-12-01
      search-id:
      - f8389cfc-b062-4198-8504-aec12d2bb439
      strict-transport-security:
      - max-age=2592000
      x-azure-ref:
      - 0Ail8ZQAAAADLdoFocgWoSKZ1Xqs65JUrSFlEMzBFREdFMDQwOQA5ZmM3YjUxOS1hOGNjLTRmODktOTM1ZS1jOTE0OGFlMDllODE=
      x-cache:
      - CONFIG_NOCACHE
      x-processing-time:
      - 2398ms
    status:
      code: 202
      message: Accepted
- request:
    body: null
    headers:
      Accept:
      - '*/*'
      Accept-Encoding:
      - gzip, deflate
      Connection:
      - keep-alive
      User-Agent:
      - azsdk-python-communication-phonenumbers/1.1.0 Python/3.10.11 (Windows-10-10.0.19045-SP0)
      x-ms-content-sha256:
      - 47DEQpj8HBSa+/TImW+5JCeuQeRkm5NMpJWZG3hSuFU=
      x-ms-date:
      - Fri, 15 Dec 2023 10:23:01 GMT
      x-ms-return-client-request-id:
      - 'true'
    method: GET
    uri: https://sanitized.communication.azure.com/phoneNumbers/operations/search_f8389cfc-b062-4198-8504-aec12d2bb439?api-version=2022-12-01
  response:
    body:
      string: '{"operationType": "search", "status": "running", "resourceLocation":
        "/availablePhoneNumbers/searchResults/f8389cfc-b062-4198-8504-aec12d2bb439?api-version=2022-12-01",
        "createdDateTime": "2023-12-15T10:23:00.8316391+00:00", "id": "sanitized",
        "lastActionDateTime": "0001-01-01T00:00:00+00:00"}'
    headers:
      access-control-expose-headers:
      - Location
      api-supported-versions:
      - 2021-03-07, 2022-01-11-preview2, 2022-06-01-preview, 2022-11-15-preview, 2022-12-01,
        2022-12-02-preview2, 2023-05-01-preview, 2023-10-01-preview, 2024-01-31-preview,
        2024-03-01
      content-type:
      - application/json; charset=utf-8
      date:
      - Fri, 15 Dec 2023 10:23:01 GMT
      location:
      - /availablePhoneNumbers/searchResults/f8389cfc-b062-4198-8504-aec12d2bb439?api-version=2022-12-01
      ms-cv:
      - zaO41BG72E6rKgFGpUxPyw.0
      strict-transport-security:
      - max-age=2592000
      transfer-encoding:
      - chunked
      x-azure-ref:
      - 0BSl8ZQAAAABaEYhhHMykT6RBdDaxryUzSFlEMzBFREdFMDQwOQA5ZmM3YjUxOS1hOGNjLTRmODktOTM1ZS1jOTE0OGFlMDllODE=
      x-cache:
      - CONFIG_NOCACHE
      x-processing-time:
      - 254ms
    status:
      code: 200
      message: OK
    url: sanitized
- request:
    body: null
    headers:
      Accept:
      - '*/*'
      Accept-Encoding:
      - gzip, deflate
      Connection:
      - keep-alive
      User-Agent:
      - azsdk-python-communication-phonenumbers/1.1.0 Python/3.10.11 (Windows-10-10.0.19045-SP0)
      x-ms-content-sha256:
      - 47DEQpj8HBSa+/TImW+5JCeuQeRkm5NMpJWZG3hSuFU=
      x-ms-date:
      - Fri, 15 Dec 2023 10:23:04 GMT
      x-ms-return-client-request-id:
      - 'true'
    method: GET
    uri: https://sanitized.communication.azure.com/phoneNumbers/operations/search_f8389cfc-b062-4198-8504-aec12d2bb439?api-version=2022-12-01
  response:
    body:
      string: '{"operationType": "search", "status": "succeeded", "resourceLocation":
        "/availablePhoneNumbers/searchResults/f8389cfc-b062-4198-8504-aec12d2bb439?api-version=2022-12-01",
        "createdDateTime": "2023-12-15T10:23:00.8316391+00:00", "id": "sanitized",
        "lastActionDateTime": "0001-01-01T00:00:00+00:00"}'
    headers:
      access-control-expose-headers:
      - Location
      api-supported-versions:
      - 2021-03-07, 2022-01-11-preview2, 2022-06-01-preview, 2022-11-15-preview, 2022-12-01,
        2022-12-02-preview2, 2023-05-01-preview, 2023-10-01-preview, 2024-01-31-preview,
        2024-03-01
      content-type:
      - application/json; charset=utf-8
      date:
      - Fri, 15 Dec 2023 10:23:03 GMT
      location:
      - /availablePhoneNumbers/searchResults/f8389cfc-b062-4198-8504-aec12d2bb439?api-version=2022-12-01
      ms-cv:
      - GqYoBTMMf0W2oIGSn/io9g.0
      strict-transport-security:
      - max-age=2592000
      transfer-encoding:
      - chunked
      x-azure-ref:
      - 0CCl8ZQAAAACTnCtw1GK6S5eFToDriLXtSFlEMzBFREdFMDQwOQA5ZmM3YjUxOS1hOGNjLTRmODktOTM1ZS1jOTE0OGFlMDllODE=
      x-cache:
      - CONFIG_NOCACHE
      x-processing-time:
      - 246ms
    status:
      code: 200
      message: OK
    url: sanitized
- request:
    body: null
    headers:
      Accept:
      - '*/*'
      Accept-Encoding:
      - gzip, deflate
      Connection:
      - keep-alive
      User-Agent:
      - azsdk-python-communication-phonenumbers/1.1.0 Python/3.10.11 (Windows-10-10.0.19045-SP0)
      x-ms-content-sha256:
      - 47DEQpj8HBSa+/TImW+5JCeuQeRkm5NMpJWZG3hSuFU=
      x-ms-date:
      - Fri, 15 Dec 2023 10:23:04 GMT
      x-ms-return-client-request-id:
      - 'true'
    method: GET
    uri: https://sanitized.communication.azure.com/availablePhoneNumbers/searchResults/f8389cfc-b062-4198-8504-aec12d2bb439?api-version=2022-12-01
  response:
    body:
      string: '{"searchId": "f8389cfc-b062-4198-8504-aec12d2bb439", "phoneNumbers":
        ["sanitized"], "phoneNumberType": "tollFree", "assignmentType": "application",
        "capabilities": {"calling": "inbound", "sms": "inbound+outbound"}, "cost":
        {"amount": 2.0, "currencyCode": "USD", "billingFrequency": "monthly"}, "searchExpiresBy":
        "2023-12-15T10:39:03.8380764+00:00", "error": "NoError"}'
    headers:
      api-supported-versions:
      - 2021-03-07, 2022-01-11-preview2, 2022-06-01-preview, 2022-12-01, 2022-12-02-preview2,
        2023-05-01-preview, 2023-10-01-preview, 2024-01-31-preview, 2024-03-01
      content-length:
      - '369'
      content-type:
      - application/json; charset=utf-8
      date:
      - Fri, 15 Dec 2023 10:23:04 GMT
      ms-cv:
      - z8fTmY9ySkW0qtupwjcquQ.0
      strict-transport-security:
      - max-age=2592000
      x-azure-ref:
      - 0CCl8ZQAAAABE4CFd4vzjTrk9J0c1+2j2SFlEMzBFREdFMDQwOQA5ZmM3YjUxOS1hOGNjLTRmODktOTM1ZS1jOTE0OGFlMDllODE=
      x-cache:
      - CONFIG_NOCACHE
      x-processing-time:
      - 427ms
    status:
      code: 200
      message: OK
    url: sanitized
- request:
    body: '{"searchId": "f8389cfc-b062-4198-8504-aec12d2bb439"}'
    headers:
      Accept:
      - application/json
      Accept-Encoding:
      - gzip, deflate
      Connection:
      - keep-alive
      Content-Length:
      - '52'
      Content-Type:
      - application/json
      User-Agent:
      - azsdk-python-communication-phonenumbers/1.1.0 Python/3.10.11 (Windows-10-10.0.19045-SP0)
      x-ms-content-sha256:
      - JMAgvlt8JgiOEq3CIS9QBbUDJ8kthfDwwTsn1eYPVCg=
      x-ms-date:
      - Fri, 15 Dec 2023 10:23:05 GMT
      x-ms-return-client-request-id:
      - 'true'
    method: POST
    uri: https://sanitized.communication.azure.com/availablePhoneNumbers/:purchase?api-version=2022-12-01
  response:
    body:
      string: ''
    headers:
      access-control-expose-headers:
      - Operation-Location,operation-id,purchase-id
      api-supported-versions:
      - 2021-03-07, 2022-01-11-preview2, 2022-06-01-preview, 2022-12-01, 2022-12-02-preview2,
        2023-05-01-preview, 2023-10-01-preview, 2024-01-31-preview, 2024-03-01
      content-length:
      - '0'
      date:
      - Fri, 15 Dec 2023 10:23:05 GMT
      ms-cv:
      - BZ9bIt6B9kOIUevVmWFUeg.0
      operation-id:
      - purchase_f8389cfc-b062-4198-8504-aec12d2bb439
      operation-location:
      - /phoneNumbers/operations/purchase_f8389cfc-b062-4198-8504-aec12d2bb439?api-version=2022-12-01
      purchase-id:
      - f8389cfc-b062-4198-8504-aec12d2bb439
      strict-transport-security:
      - max-age=2592000
      x-azure-ref:
      - 0CSl8ZQAAAACvIj5J0YdoQKHyADoMdSTjSFlEMzBFREdFMDQwOQA5ZmM3YjUxOS1hOGNjLTRmODktOTM1ZS1jOTE0OGFlMDllODE=
      x-cache:
      - CONFIG_NOCACHE
      x-processing-time:
      - 868ms
    status:
      code: 202
      message: Accepted
- request:
    body: null
    headers:
      Accept:
      - '*/*'
      Accept-Encoding:
      - gzip, deflate
      Connection:
      - keep-alive
      User-Agent:
      - azsdk-python-communication-phonenumbers/1.1.0 Python/3.10.11 (Windows-10-10.0.19045-SP0)
      x-ms-content-sha256:
      - 47DEQpj8HBSa+/TImW+5JCeuQeRkm5NMpJWZG3hSuFU=
      x-ms-date:
      - Fri, 15 Dec 2023 10:23:06 GMT
      x-ms-return-client-request-id:
      - 'true'
    method: GET
    uri: https://sanitized.communication.azure.com/phoneNumbers/operations/purchase_f8389cfc-b062-4198-8504-aec12d2bb439?api-version=2022-12-01
  response:
    body:
      string: '{"operationType": "purchase", "status": "running", "resourceLocation":
        null, "createdDateTime": "2023-12-15T10:23:00.8316391+00:00", "id": "sanitized",
        "lastActionDateTime": "0001-01-01T00:00:00+00:00"}'
    headers:
      api-supported-versions:
      - 2021-03-07, 2022-01-11-preview2, 2022-06-01-preview, 2022-11-15-preview, 2022-12-01,
        2022-12-02-preview2, 2023-05-01-preview, 2023-10-01-preview, 2024-01-31-preview,
        2024-03-01
      content-type:
      - application/json; charset=utf-8
      date:
      - Fri, 15 Dec 2023 10:23:05 GMT
      ms-cv:
      - cut6OoD9gk2ELMErQmSsTg.0
      strict-transport-security:
      - max-age=2592000
      transfer-encoding:
      - chunked
      x-azure-ref:
      - 0Cil8ZQAAAAAVR57Qh9OiRYcuAQ5HBccMSFlEMzBFREdFMDQwOQA5ZmM3YjUxOS1hOGNjLTRmODktOTM1ZS1jOTE0OGFlMDllODE=
      x-cache:
      - CONFIG_NOCACHE
      x-processing-time:
      - 283ms
    status:
      code: 200
      message: OK
    url: sanitized
- request:
    body: null
    headers:
      Accept:
      - '*/*'
      Accept-Encoding:
      - gzip, deflate
      Connection:
      - keep-alive
      User-Agent:
      - azsdk-python-communication-phonenumbers/1.1.0 Python/3.10.11 (Windows-10-10.0.19045-SP0)
      x-ms-content-sha256:
      - 47DEQpj8HBSa+/TImW+5JCeuQeRkm5NMpJWZG3hSuFU=
      x-ms-date:
      - Fri, 15 Dec 2023 10:23:09 GMT
      x-ms-return-client-request-id:
      - 'true'
    method: GET
    uri: https://sanitized.communication.azure.com/phoneNumbers/operations/purchase_f8389cfc-b062-4198-8504-aec12d2bb439?api-version=2022-12-01
  response:
    body:
      string: '{"operationType": "purchase", "status": "running", "resourceLocation":
        null, "createdDateTime": "2023-12-15T10:23:00.8316391+00:00", "id": "sanitized",
        "lastActionDateTime": "0001-01-01T00:00:00+00:00"}'
    headers:
      api-supported-versions:
      - 2021-03-07, 2022-01-11-preview2, 2022-06-01-preview, 2022-11-15-preview, 2022-12-01,
        2022-12-02-preview2, 2023-05-01-preview, 2023-10-01-preview, 2024-01-31-preview,
        2024-03-01
      content-type:
      - application/json; charset=utf-8
      date:
      - Fri, 15 Dec 2023 10:23:08 GMT
      ms-cv:
      - BsfpRiN5z0i9L5oOKfxcOQ.0
      strict-transport-security:
      - max-age=2592000
      transfer-encoding:
      - chunked
      x-azure-ref:
      - 0DCl8ZQAAAAAOs08PKT0mRKounl/1zhUeSFlEMzBFREdFMDQwOQA5ZmM3YjUxOS1hOGNjLTRmODktOTM1ZS1jOTE0OGFlMDllODE=
      x-cache:
      - CONFIG_NOCACHE
      x-processing-time:
      - 260ms
    status:
      code: 200
      message: OK
    url: sanitized
- request:
    body: null
    headers:
      Accept:
      - '*/*'
      Accept-Encoding:
      - gzip, deflate
      Connection:
      - keep-alive
      User-Agent:
      - azsdk-python-communication-phonenumbers/1.1.0 Python/3.10.11 (Windows-10-10.0.19045-SP0)
      x-ms-content-sha256:
      - 47DEQpj8HBSa+/TImW+5JCeuQeRkm5NMpJWZG3hSuFU=
      x-ms-date:
      - Fri, 15 Dec 2023 10:23:11 GMT
      x-ms-return-client-request-id:
      - 'true'
    method: GET
    uri: https://sanitized.communication.azure.com/phoneNumbers/operations/purchase_f8389cfc-b062-4198-8504-aec12d2bb439?api-version=2022-12-01
  response:
    body:
      string: '{"operationType": "purchase", "status": "notStarted", "resourceLocation":
        null, "createdDateTime": "2023-12-15T10:23:00.8316391+00:00", "id": "sanitized",
        "lastActionDateTime": "0001-01-01T00:00:00+00:00"}'
    headers:
      api-supported-versions:
      - 2021-03-07, 2022-01-11-preview2, 2022-06-01-preview, 2022-11-15-preview, 2022-12-01,
        2022-12-02-preview2, 2023-05-01-preview, 2023-10-01-preview, 2024-01-31-preview,
        2024-03-01
      content-type:
      - application/json; charset=utf-8
      date:
      - Fri, 15 Dec 2023 10:23:10 GMT
      ms-cv:
      - QXGxmVGMJ0a4Qs4TbtFIoA.0
      strict-transport-security:
      - max-age=2592000
      transfer-encoding:
      - chunked
      x-azure-ref:
      - 0Dyl8ZQAAAADSudVD6zCZQ7X05Ve5y/mPSFlEMzBFREdFMDQwOQA5ZmM3YjUxOS1hOGNjLTRmODktOTM1ZS1jOTE0OGFlMDllODE=
      x-cache:
      - CONFIG_NOCACHE
      x-processing-time:
      - 231ms
    status:
      code: 200
      message: OK
    url: sanitized
- request:
    body: null
    headers:
      Accept:
      - '*/*'
      Accept-Encoding:
      - gzip, deflate
      Connection:
      - keep-alive
      User-Agent:
      - azsdk-python-communication-phonenumbers/1.1.0 Python/3.10.11 (Windows-10-10.0.19045-SP0)
      x-ms-content-sha256:
      - 47DEQpj8HBSa+/TImW+5JCeuQeRkm5NMpJWZG3hSuFU=
      x-ms-date:
      - Fri, 15 Dec 2023 10:23:14 GMT
      x-ms-return-client-request-id:
      - 'true'
    method: GET
    uri: https://sanitized.communication.azure.com/phoneNumbers/operations/purchase_f8389cfc-b062-4198-8504-aec12d2bb439?api-version=2022-12-01
  response:
    body:
      string: '{"operationType": "purchase", "status": "notStarted", "resourceLocation":
        null, "createdDateTime": "2023-12-15T10:23:00.8316391+00:00", "id": "sanitized",
        "lastActionDateTime": "0001-01-01T00:00:00+00:00"}'
    headers:
      api-supported-versions:
      - 2021-03-07, 2022-01-11-preview2, 2022-06-01-preview, 2022-11-15-preview, 2022-12-01,
        2022-12-02-preview2, 2023-05-01-preview, 2023-10-01-preview, 2024-01-31-preview,
        2024-03-01
      content-type:
      - application/json; charset=utf-8
      date:
      - Fri, 15 Dec 2023 10:23:13 GMT
      ms-cv:
      - qWIs2vCZsEO8GT1LJgujYw.0
      strict-transport-security:
      - max-age=2592000
      transfer-encoding:
      - chunked
      x-azure-ref:
      - 0ESl8ZQAAAAA85w58k6/nRIvsJK5rw1qZSFlEMzBFREdFMDQwOQA5ZmM3YjUxOS1hOGNjLTRmODktOTM1ZS1jOTE0OGFlMDllODE=
      x-cache:
      - CONFIG_NOCACHE
      x-processing-time:
      - 243ms
    status:
      code: 200
      message: OK
    url: sanitized
- request:
    body: null
    headers:
      Accept:
      - '*/*'
      Accept-Encoding:
      - gzip, deflate
      Connection:
      - keep-alive
      User-Agent:
      - azsdk-python-communication-phonenumbers/1.1.0 Python/3.10.11 (Windows-10-10.0.19045-SP0)
      x-ms-content-sha256:
      - 47DEQpj8HBSa+/TImW+5JCeuQeRkm5NMpJWZG3hSuFU=
      x-ms-date:
      - Fri, 15 Dec 2023 10:23:16 GMT
      x-ms-return-client-request-id:
      - 'true'
    method: GET
    uri: https://sanitized.communication.azure.com/phoneNumbers/operations/purchase_f8389cfc-b062-4198-8504-aec12d2bb439?api-version=2022-12-01
  response:
    body:
      string: '{"operationType": "purchase", "status": "notStarted", "resourceLocation":
        null, "createdDateTime": "2023-12-15T10:23:00.8316391+00:00", "id": "sanitized",
        "lastActionDateTime": "0001-01-01T00:00:00+00:00"}'
    headers:
      api-supported-versions:
      - 2021-03-07, 2022-01-11-preview2, 2022-06-01-preview, 2022-11-15-preview, 2022-12-01,
        2022-12-02-preview2, 2023-05-01-preview, 2023-10-01-preview, 2024-01-31-preview,
        2024-03-01
      content-type:
      - application/json; charset=utf-8
      date:
      - Fri, 15 Dec 2023 10:23:16 GMT
      ms-cv:
      - 3LeOVoMj/UCjwKRlI6H//g.0
      strict-transport-security:
      - max-age=2592000
      transfer-encoding:
      - chunked
      x-azure-ref:
      - 0FCl8ZQAAAAA/fKrP7ok1RbGi3ytqSgRqSFlEMzBFREdFMDQwOQA5ZmM3YjUxOS1hOGNjLTRmODktOTM1ZS1jOTE0OGFlMDllODE=
      x-cache:
      - CONFIG_NOCACHE
      x-processing-time:
      - 290ms
    status:
      code: 200
      message: OK
    url: sanitized
- request:
    body: null
    headers:
      Accept:
      - '*/*'
      Accept-Encoding:
      - gzip, deflate
      Connection:
      - keep-alive
      User-Agent:
      - azsdk-python-communication-phonenumbers/1.1.0 Python/3.10.11 (Windows-10-10.0.19045-SP0)
      x-ms-content-sha256:
      - 47DEQpj8HBSa+/TImW+5JCeuQeRkm5NMpJWZG3hSuFU=
      x-ms-date:
      - Fri, 15 Dec 2023 10:23:19 GMT
      x-ms-return-client-request-id:
      - 'true'
    method: GET
    uri: https://sanitized.communication.azure.com/phoneNumbers/operations/purchase_f8389cfc-b062-4198-8504-aec12d2bb439?api-version=2022-12-01
  response:
    body:
      string: '{"operationType": "purchase", "status": "notStarted", "resourceLocation":
        null, "createdDateTime": "2023-12-15T10:23:00.8316391+00:00", "id": "sanitized",
        "lastActionDateTime": "0001-01-01T00:00:00+00:00"}'
    headers:
      api-supported-versions:
      - 2021-03-07, 2022-01-11-preview2, 2022-06-01-preview, 2022-11-15-preview, 2022-12-01,
        2022-12-02-preview2, 2023-05-01-preview, 2023-10-01-preview, 2024-01-31-preview,
        2024-03-01
      content-type:
      - application/json; charset=utf-8
      date:
      - Fri, 15 Dec 2023 10:23:19 GMT
      ms-cv:
      - IU1ddHtPmUOoPlcLWQ+x6w.0
      strict-transport-security:
      - max-age=2592000
      transfer-encoding:
      - chunked
      x-azure-ref:
      - 0Fil8ZQAAAADbxrOJCkn8QKvpSgnrxwbeSFlEMzBFREdFMDQwOQA5ZmM3YjUxOS1hOGNjLTRmODktOTM1ZS1jOTE0OGFlMDllODE=
      x-cache:
      - CONFIG_NOCACHE
      x-processing-time:
      - 255ms
    status:
      code: 200
      message: OK
    url: sanitized
- request:
    body: null
    headers:
      Accept:
      - '*/*'
      Accept-Encoding:
      - gzip, deflate
      Connection:
      - keep-alive
      User-Agent:
      - azsdk-python-communication-phonenumbers/1.1.0 Python/3.10.11 (Windows-10-10.0.19045-SP0)
      x-ms-content-sha256:
      - 47DEQpj8HBSa+/TImW+5JCeuQeRkm5NMpJWZG3hSuFU=
      x-ms-date:
      - Fri, 15 Dec 2023 10:23:21 GMT
      x-ms-return-client-request-id:
      - 'true'
    method: GET
    uri: https://sanitized.communication.azure.com/phoneNumbers/operations/purchase_f8389cfc-b062-4198-8504-aec12d2bb439?api-version=2022-12-01
  response:
    body:
      string: '{"operationType": "purchase", "status": "notStarted", "resourceLocation":
        null, "createdDateTime": "2023-12-15T10:23:00.8316391+00:00", "id": "sanitized",
        "lastActionDateTime": "0001-01-01T00:00:00+00:00"}'
    headers:
      api-supported-versions:
      - 2021-03-07, 2022-01-11-preview2, 2022-06-01-preview, 2022-11-15-preview, 2022-12-01,
        2022-12-02-preview2, 2023-05-01-preview, 2023-10-01-preview, 2024-01-31-preview,
        2024-03-01
      content-type:
      - application/json; charset=utf-8
      date:
      - Fri, 15 Dec 2023 10:23:21 GMT
      ms-cv:
      - dg3Vok5Zn0m9VhucI8icdg.0
      strict-transport-security:
      - max-age=2592000
      transfer-encoding:
      - chunked
      x-azure-ref:
      - 0GSl8ZQAAAABHxjBuBc9OTIwT9yM+RS3ISFlEMzBFREdFMDQwOQA5ZmM3YjUxOS1hOGNjLTRmODktOTM1ZS1jOTE0OGFlMDllODE=
      x-cache:
      - CONFIG_NOCACHE
      x-processing-time:
      - 250ms
    status:
      code: 200
      message: OK
    url: sanitized
- request:
    body: null
    headers:
      Accept:
      - '*/*'
      Accept-Encoding:
      - gzip, deflate
      Connection:
      - keep-alive
      User-Agent:
      - azsdk-python-communication-phonenumbers/1.1.0 Python/3.10.11 (Windows-10-10.0.19045-SP0)
      x-ms-content-sha256:
      - 47DEQpj8HBSa+/TImW+5JCeuQeRkm5NMpJWZG3hSuFU=
      x-ms-date:
      - Fri, 15 Dec 2023 10:23:24 GMT
      x-ms-return-client-request-id:
      - 'true'
    method: GET
    uri: https://sanitized.communication.azure.com/phoneNumbers/operations/purchase_f8389cfc-b062-4198-8504-aec12d2bb439?api-version=2022-12-01
  response:
    body:
      string: '{"operationType": "purchase", "status": "notStarted", "resourceLocation":
        null, "createdDateTime": "2023-12-15T10:23:00.8316391+00:00", "id": "sanitized",
        "lastActionDateTime": "0001-01-01T00:00:00+00:00"}'
    headers:
      api-supported-versions:
      - 2021-03-07, 2022-01-11-preview2, 2022-06-01-preview, 2022-11-15-preview, 2022-12-01,
        2022-12-02-preview2, 2023-05-01-preview, 2023-10-01-preview, 2024-01-31-preview,
        2024-03-01
      content-type:
      - application/json; charset=utf-8
      date:
      - Fri, 15 Dec 2023 10:23:24 GMT
      ms-cv:
      - ZRqR9TPoekOjHouoPZVTkg.0
      strict-transport-security:
      - max-age=2592000
      transfer-encoding:
      - chunked
      x-azure-ref:
      - 0HCl8ZQAAAACs98LAcJLvT7vvfnPiTxVlSFlEMzBFREdFMDQwOQA5ZmM3YjUxOS1hOGNjLTRmODktOTM1ZS1jOTE0OGFlMDllODE=
      x-cache:
      - CONFIG_NOCACHE
      x-processing-time:
      - 237ms
    status:
      code: 200
      message: OK
    url: sanitized
- request:
    body: null
    headers:
      Accept:
      - '*/*'
      Accept-Encoding:
      - gzip, deflate
      Connection:
      - keep-alive
      User-Agent:
      - azsdk-python-communication-phonenumbers/1.1.0 Python/3.10.11 (Windows-10-10.0.19045-SP0)
      x-ms-content-sha256:
      - 47DEQpj8HBSa+/TImW+5JCeuQeRkm5NMpJWZG3hSuFU=
      x-ms-date:
      - Fri, 15 Dec 2023 10:23:26 GMT
      x-ms-return-client-request-id:
      - 'true'
    method: GET
    uri: https://sanitized.communication.azure.com/phoneNumbers/operations/purchase_f8389cfc-b062-4198-8504-aec12d2bb439?api-version=2022-12-01
  response:
    body:
      string: '{"operationType": "purchase", "status": "succeeded", "resourceLocation":
        null, "createdDateTime": "2023-12-15T10:23:00.8316391+00:00", "id": "sanitized",
        "lastActionDateTime": "0001-01-01T00:00:00+00:00"}'
    headers:
      api-supported-versions:
      - 2021-03-07, 2022-01-11-preview2, 2022-06-01-preview, 2022-11-15-preview, 2022-12-01,
        2022-12-02-preview2, 2023-05-01-preview, 2023-10-01-preview, 2024-01-31-preview,
        2024-03-01
      content-type:
      - application/json; charset=utf-8
      date:
      - Fri, 15 Dec 2023 10:23:26 GMT
      ms-cv:
      - kDMTyGoYckyMHxdiBFBNcA.0
      strict-transport-security:
      - max-age=2592000
      transfer-encoding:
      - chunked
      x-azure-ref:
      - 0Hil8ZQAAAAB3rxZUYkJXTp4gnmKXHI0fSFlEMzBFREdFMDQwOQA5ZmM3YjUxOS1hOGNjLTRmODktOTM1ZS1jOTE0OGFlMDllODE=
      x-cache:
      - CONFIG_NOCACHE
      x-processing-time:
      - 257ms
    status:
      code: 200
      message: OK
    url: sanitized
- request:
    body: null
    headers:
      Accept:
      - application/json
      Accept-Encoding:
      - gzip, deflate
      Connection:
      - keep-alive
      User-Agent:
      - AzureCli/1.8.1 azsdk-python-communication-phonenumbers/1.1.0 Python/3.10.11
        (Windows-10-10.0.19045-SP0)
      x-ms-content-sha256:
      - 47DEQpj8HBSa+/TImW+5JCeuQeRkm5NMpJWZG3hSuFU=
      x-ms-date:
      - Fri, 15 Dec 2023 10:23:27 GMT
      x-ms-return-client-request-id:
      - 'true'
    method: GET
    uri: https://sanitized.communication.azure.com/phoneNumbers?skip=0&top=100&api-version=2022-12-01
  response:
    body:
      string: '{"phoneNumbers": [{"id": "sanitized", "phoneNumber": "sanitized", "countryCode":
        "US", "phoneNumberType": "tollFree", "capabilities": {"calling": "inbound",
        "sms": "inbound+outbound"}, "assignmentType": "application", "purchaseDate":
        "2023-12-15T10:23:20.3408641+00:00", "cost": {"amount": 2.0, "currencyCode":
        "USD", "billingFrequency": "monthly"}}]}'
    headers:
      api-supported-versions:
      - 2021-03-07, 2022-01-11-preview2, 2022-06-01-preview, 2022-12-01, 2022-12-02-preview2,
        2023-05-01-preview, 2023-10-01-preview, 2024-01-31-preview, 2024-03-01
      content-length:
      - '351'
      content-type:
      - application/json; charset=utf-8
      date:
      - Fri, 15 Dec 2023 10:23:28 GMT
      ms-cv:
      - b0IJYevp10CqNjWtbLXglw.0
      strict-transport-security:
      - max-age=2592000
      x-azure-ref:
      - 0Hyl8ZQAAAACLuB6jU5XlSIAJmGxI2ZCbSFlEMzBFREdFMDYxNQA5ZmM3YjUxOS1hOGNjLTRmODktOTM1ZS1jOTE0OGFlMDllODE=
      x-cache:
      - CONFIG_NOCACHE
      x-processing-time:
      - 1437ms
    status:
      code: 200
      message: OK
    url: sanitized
version: 1
