interactions:
- request:
    body: '{"validFrom": null, "validUntil": null, "pstnDialOutEnabled": false}'
    headers:
      Accept:
      - application/json
      Accept-Encoding:
      - gzip, deflate
      Connection:
      - keep-alive
      Content-Length:
      - '68'
      Content-Type:
      - application/json
      Repeatability-First-Sent:
      - Mon, 16 Oct 2023 23:02:09 GMT
      Repeatability-Request-Id:
      - 0912cf2a-6c78-11ee-b081-8cf8c5abc371
      User-Agent:
      - AzureCli/1.7.2b1 azsdk-python-communication-rooms/1.1.0b1 Python/3.11.5 (Windows-10-10.0.22621-SP0)
      x-ms-content-sha256:
      - 2xVVJJKx5brgL5bSWgeu9hhccJP/PkHHEzXUfUClsMI=
      x-ms-date:
      - Mon, 16 Oct 2023 23:02:09 GMT
      x-ms-return-client-request-id:
      - 'true'
    method: POST
    uri: https://sanitized.communication.azure.com/rooms?api-version=2023-10-30-preview
  response:
    body:
      string: '{"id": "sanitized", "createdAt": "2023-10-16T23:02:11.6378171+00:00",
        "validFrom": "2023-10-16T23:02:11.1610902+00:00", "validUntil": "2024-04-13T23:02:11.1610902+00:00",
        "pstnDialOutEnabled": false}'
    headers:
      api-deprecated-versions:
      - 2021-04-07, 2022-02-01
      api-supported-versions:
      - 2023-03-31-preview, 2023-06-14, 2023-10-30-preview
      content-type:
      - application/json; charset=utf-8
      date:
      - Mon, 16 Oct 2023 23:02:11 GMT
      location:
      - '99499678676145925'
      ms-cv:
      - PLmHQhGCIUW/z2y2WBIKLQ.0
      repeatability-result:
      - accepted
      request-context:
      - appId=
      transfer-encoding:
      - chunked
      x-azure-ref:
      - 08sAtZQAAAAAsVUO9OE7vS6deWhmVT5ENWVZSMzExMDAwMTE1MDE3ADlmYzdiNTE5LWE4Y2MtNGY4OS05MzVlLWM5MTQ4YWUwOWU4MQ==
      x-cache:
      - CONFIG_NOCACHE
    status:
      code: 201
      message: Created
- request:
    body: '{"validFrom": null, "validUntil": null, "pstnDialOutEnabled": true}'
    headers:
      Accept:
      - application/json
      Accept-Encoding:
      - gzip, deflate
      Connection:
      - keep-alive
      Content-Length:
      - '67'
      Content-Type:
      - application/merge-patch+json
      User-Agent:
      - AzureCli/1.7.2b1 azsdk-python-communication-rooms/1.1.0b1 Python/3.11.5 (Windows-10-10.0.22621-SP0)
      x-ms-content-sha256:
      - QQKbDQ8A0x7b9852DAZ3wjSpELmfU1PGiuAyzF0GbQg=
      x-ms-date:
      - Mon, 16 Oct 2023 23:02:11 GMT
      x-ms-return-client-request-id:
      - 'true'
    method: PATCH
    uri: https://sanitized.communication.azure.com/rooms/sanitized?api-version=2023-10-30-preview
  response:
    body:
      string: '{"id": "sanitized", "createdAt": "2023-10-16T23:02:11.6378171+00:00",
        "validFrom": "2023-10-16T23:02:11.1610902+00:00", "validUntil": "2024-04-13T23:02:11.1610902+00:00",
        "pstnDialOutEnabled": true}'
    headers:
      api-deprecated-versions:
      - 2021-04-07, 2022-02-01
      api-supported-versions:
      - 2023-03-31-preview, 2023-06-14, 2023-10-30-preview
      content-type:
      - application/json; charset=utf-8
      date:
      - Mon, 16 Oct 2023 23:02:12 GMT
      ms-cv:
      - DvgqJZmcKk61PHAOyhLGlg.0
      request-context:
      - appId=
      transfer-encoding:
      - chunked
      x-azure-ref:
      - 09MAtZQAAAAADvIx3sAyCR6mDKCXSprqvWVZSMzExMDAwMTE1MDA5ADlmYzdiNTE5LWE4Y2MtNGY4OS05MzVlLWM5MTQ4YWUwOWU4MQ==
      x-cache:
      - CONFIG_NOCACHE
    status:
      code: 200
      message: OK
- request:
    body: '{"validFrom": null, "validUntil": null, "pstnDialOutEnabled": false}'
    headers:
      Accept:
      - application/json
      Accept-Encoding:
      - gzip, deflate
      Connection:
      - keep-alive
      Content-Length:
      - '68'
      Content-Type:
      - application/merge-patch+json
      User-Agent:
      - AzureCli/1.7.2b1 azsdk-python-communication-rooms/1.1.0b1 Python/3.11.5 (Windows-10-10.0.22621-SP0)
      x-ms-content-sha256:
      - 2xVVJJKx5brgL5bSWgeu9hhccJP/PkHHEzXUfUClsMI=
      x-ms-date:
      - Mon, 16 Oct 2023 23:02:12 GMT
      x-ms-return-client-request-id:
      - 'true'
    method: PATCH
    uri: https://sanitized.communication.azure.com/rooms/sanitized?api-version=2023-10-30-preview
  response:
    body:
      string: '{"id": "sanitized", "createdAt": "2023-10-16T23:02:11.6378171+00:00",
        "validFrom": "2023-10-16T23:02:11.1610902+00:00", "validUntil": "2024-04-13T23:02:11.1610902+00:00",
        "pstnDialOutEnabled": false}'
    headers:
      api-deprecated-versions:
      - 2021-04-07, 2022-02-01
      api-supported-versions:
      - 2023-03-31-preview, 2023-06-14, 2023-10-30-preview
      content-type:
      - application/json; charset=utf-8
      date:
      - Mon, 16 Oct 2023 23:02:12 GMT
      ms-cv:
      - ibjSGuAhM0uldf647FzZoQ.0
      request-context:
      - appId=
      transfer-encoding:
      - chunked
      x-azure-ref:
      - 09cAtZQAAAAC65/7TvAXLTbmrMSGEEddVWVZSMzExMDAwMTE1MDI3ADlmYzdiNTE5LWE4Y2MtNGY4OS05MzVlLWM5MTQ4YWUwOWU4MQ==
      x-cache:
      - CONFIG_NOCACHE
    status:
      code: 200
      message: OK
version: 1
