interactions:
- request:
    body: '{"phoneNumberType": "tollFree", "assignmentType": "application", "capabilities":
      {"calling": "inbound", "sms": "inbound+outbound"}}'
    headers:
      Accept:
      - application/json
      Accept-Encoding:
      - gzip, deflate
      Connection:
      - keep-alive
      Content-Length:
      - '131'
      Content-Type:
      - application/json
      Date:
      - Mon, 05 Dec 2022 20:18:28 GMT
      User-Agent:
      - azsdk-python-communication-phonenumbers/1.0.1 Python/3.8.10 (Windows-10-10.0.22621-SP0)
      x-ms-content-sha256:
      - ecyowPPqS6i2jEjg4ZPaHAki9yDR8IHa8lF+VXRefVM=
      x-ms-return-client-request-id:
      - 'true'
    method: POST
    uri: https://sanitized.communication.azure.com/availablePhoneNumbers/countries/US/:search?api-version=2021-03-07
  response:
    body:
      string: ''
    headers:
      access-control-expose-headers:
      - Location,Operation-Location,operation-id,search-id
      api-supported-versions:
      - 2021-03-07, 2022-01-11-preview2, 2022-06-01-preview, 2022-12-01
      content-length:
      - '0'
      date:
      - Mon, 05 Dec 2022 20:18:33 GMT
      location:
      - /availablePhoneNumbers/searchResults/d563c8a0-8e55-4600-a6f7-1105cef715b4?api-version=2021-03-07
      ms-cv:
      - JqW5p225WUa5qeG6GNUQUQ.0
      operation-id:
      - search_d563c8a0-8e55-4600-a6f7-1105cef715b4
      operation-location:
      - /phoneNumbers/operations/search_d563c8a0-8e55-4600-a6f7-1105cef715b4?api-version=2021-03-07
      search-id:
      - d563c8a0-8e55-4600-a6f7-1105cef715b4
      strict-transport-security:
      - max-age=2592000
      x-azure-ref:
      - 0FVKOYwAAAAA0IIYmRIB6SKmd2475kbGjWVZSMzExMDAwMTE1MDMxADlmYzdiNTE5LWE4Y2MtNGY4OS05MzVlLWM5MTQ4YWUwOWU4MQ==
      x-cache:
      - CONFIG_NOCACHE
      x-processing-time:
      - 4680ms
    status:
      code: 202
      message: Accepted
- request:
    body: null
    headers:
      Accept:
      - '*/*'
      Accept-Encoding:
      - gzip, deflate
      Connection:
      - keep-alive
      Date:
      - Mon, 05 Dec 2022 20:19:03 GMT
      User-Agent:
      - azsdk-python-communication-phonenumbers/1.0.1 Python/3.8.10 (Windows-10-10.0.22621-SP0)
      x-ms-content-sha256:
      - 47DEQpj8HBSa+/TImW+5JCeuQeRkm5NMpJWZG3hSuFU=
      x-ms-return-client-request-id:
      - 'true'
    method: GET
    uri: https://sanitized.communication.azure.com/phoneNumbers/operations/search_d563c8a0-8e55-4600-a6f7-1105cef715b4?api-version=2021-03-07
  response:
    body:
      string: '{"operationType": "search", "status": "succeeded", "resourceLocation":
        "/availablePhoneNumbers/searchResults/d563c8a0-8e55-4600-a6f7-1105cef715b4?api-version=2021-03-07",
        "createdDateTime": "2022-12-05T20:18:33.7227791+00:00", "id": "search_d563c8a0-8e55-4600-a6f7-1105cef715b4",
        "lastActionDateTime": "0001-01-01T00:00:00+00:00"}'
    headers:
      access-control-expose-headers:
      - Location
      api-supported-versions:
      - 2021-03-07, 2022-01-11-preview2, 2022-06-01-preview, 2022-11-15-preview, 2022-12-01
      content-type:
      - application/json; charset=utf-8
      date:
      - Mon, 05 Dec 2022 20:19:04 GMT
      location:
      - /availablePhoneNumbers/searchResults/d563c8a0-8e55-4600-a6f7-1105cef715b4?api-version=2021-03-07
      ms-cv:
      - RZ+iPCvfmUKmLKcwyre3nw.0
      strict-transport-security:
      - max-age=2592000
      transfer-encoding:
      - chunked
      x-azure-ref:
      - 0OFKOYwAAAADkUSbZsswJQJN8UxCm4DeRWVZSMzExMDAwMTE1MDMxADlmYzdiNTE5LWE4Y2MtNGY4OS05MzVlLWM5MTQ4YWUwOWU4MQ==
      x-cache:
      - CONFIG_NOCACHE
      x-processing-time:
      - 496ms
    status:
      code: 200
      message: OK
    url: sanitized
- request:
    body: null
    headers:
      Accept:
      - '*/*'
      Accept-Encoding:
      - gzip, deflate
      Connection:
      - keep-alive
      Date:
      - Mon, 05 Dec 2022 20:19:04 GMT
      User-Agent:
      - azsdk-python-communication-phonenumbers/1.0.1 Python/3.8.10 (Windows-10-10.0.22621-SP0)
      x-ms-content-sha256:
      - 47DEQpj8HBSa+/TImW+5JCeuQeRkm5NMpJWZG3hSuFU=
      x-ms-return-client-request-id:
      - 'true'
    method: GET
    uri: https://sanitized.communication.azure.com/availablePhoneNumbers/searchResults/d563c8a0-8e55-4600-a6f7-1105cef715b4?api-version=2021-03-07
  response:
    body:
      string: '{"searchId": "d563c8a0-8e55-4600-a6f7-1105cef715b4", "phoneNumbers":
        ["+18442197987"], "phoneNumberType": "tollFree", "assignmentType": "application",
        "capabilities": {"calling": "inbound", "sms": "inbound+outbound"}, "cost":
        {"amount": 2.0, "currencyCode": "USD", "billingFrequency": "monthly"}, "searchExpiresBy":
        "2022-12-05T20:34:37.5818979+00:00"}'
    headers:
      api-supported-versions:
      - 2021-03-07, 2022-01-11-preview2, 2022-06-01-preview, 2022-12-01
      content-type:
      - application/json; charset=utf-8
      date:
      - Mon, 05 Dec 2022 20:19:05 GMT
      ms-cv:
      - +g6M4UpEM0CsWXC3ZT3Jbw.0
      strict-transport-security:
      - max-age=2592000
      transfer-encoding:
      - chunked
      x-azure-ref:
      - 0OVKOYwAAAAAoNQ9O8oKBSrECkxaLm5UaWVZSMzExMDAwMTE1MDMxADlmYzdiNTE5LWE4Y2MtNGY4OS05MzVlLWM5MTQ4YWUwOWU4MQ==
      x-cache:
      - CONFIG_NOCACHE
      x-processing-time:
      - 995ms
    status:
      code: 200
      message: OK
    url: sanitized
- request:
    body: '{"searchId": "d563c8a0-8e55-4600-a6f7-1105cef715b4"}'
    headers:
      Accept:
      - application/json
      Accept-Encoding:
      - gzip, deflate
      Connection:
      - keep-alive
      Content-Length:
      - '52'
      Content-Type:
      - application/json
      Date:
      - Mon, 05 Dec 2022 20:19:05 GMT
      User-Agent:
      - azsdk-python-communication-phonenumbers/1.0.1 Python/3.8.10 (Windows-10-10.0.22621-SP0)
      x-ms-content-sha256:
      - +LS6q7WvCreXQVhaZgzJBfQk3Uk5sTaIViJFPnInlFM=
      x-ms-return-client-request-id:
      - 'true'
    method: POST
    uri: https://sanitized.communication.azure.com/availablePhoneNumbers/:purchase?api-version=2021-03-07
  response:
    body:
      string: ''
    headers:
      access-control-expose-headers:
      - Operation-Location,operation-id,purchase-id
      api-supported-versions:
      - 2021-03-07, 2022-01-11-preview2, 2022-06-01-preview, 2022-12-01
      content-length:
      - '0'
      date:
      - Mon, 05 Dec 2022 20:19:07 GMT
      ms-cv:
      - wC8vjb2RyUmTlx3fVUkICA.0
      operation-id:
      - purchase_d563c8a0-8e55-4600-a6f7-1105cef715b4
      operation-location:
      - /phoneNumbers/operations/purchase_d563c8a0-8e55-4600-a6f7-1105cef715b4?api-version=2021-03-07
      purchase-id:
      - d563c8a0-8e55-4600-a6f7-1105cef715b4
      strict-transport-security:
      - max-age=2592000
      x-azure-ref:
      - 0OlKOYwAAAAAKJlVHXTWKRYaefIU6yKrIWVZSMzExMDAwMTE1MDMxADlmYzdiNTE5LWE4Y2MtNGY4OS05MzVlLWM5MTQ4YWUwOWU4MQ==
      x-cache:
      - CONFIG_NOCACHE
      x-processing-time:
      - 1869ms
    status:
      code: 202
      message: Accepted
- request:
    body: null
    headers:
      Accept:
      - '*/*'
      Accept-Encoding:
      - gzip, deflate
      Connection:
      - keep-alive
      Date:
      - Mon, 05 Dec 2022 20:19:37 GMT
      User-Agent:
      - azsdk-python-communication-phonenumbers/1.0.1 Python/3.8.10 (Windows-10-10.0.22621-SP0)
      x-ms-content-sha256:
      - 47DEQpj8HBSa+/TImW+5JCeuQeRkm5NMpJWZG3hSuFU=
      x-ms-return-client-request-id:
      - 'true'
    method: GET
    uri: https://sanitized.communication.azure.com/phoneNumbers/operations/purchase_d563c8a0-8e55-4600-a6f7-1105cef715b4?api-version=2021-03-07
  response:
    body:
      string: '{"operationType": "purchase", "status": "succeeded", "resourceLocation":
        null, "createdDateTime": "2022-12-05T20:18:33.7227791+00:00", "id": "purchase_d563c8a0-8e55-4600-a6f7-1105cef715b4",
        "lastActionDateTime": "0001-01-01T00:00:00+00:00"}'
    headers:
      api-supported-versions:
      - 2021-03-07, 2022-01-11-preview2, 2022-06-01-preview, 2022-11-15-preview, 2022-12-01
      content-type:
      - application/json; charset=utf-8
      date:
      - Mon, 05 Dec 2022 20:19:37 GMT
      ms-cv:
      - 9sBgMIEYqkiZhiFR/i9voQ.0
      strict-transport-security:
      - max-age=2592000
      transfer-encoding:
      - chunked
      x-azure-ref:
      - 0WlKOYwAAAAA3pJkpaXu8RJFPKB9y9SmXWVZSMzExMDAwMTE1MDMxADlmYzdiNTE5LWE4Y2MtNGY4OS05MzVlLWM5MTQ4YWUwOWU4MQ==
      x-cache:
      - CONFIG_NOCACHE
      x-processing-time:
      - 221ms
    status:
      code: 200
      message: OK
    url: sanitized
- request:
    body: '{"phoneNumberType": "tollFree", "assignmentType": "application", "capabilities":
      {"calling": "inbound", "sms": "inbound+outbound"}}'
    headers:
      Accept:
      - application/json
      Accept-Encoding:
      - gzip, deflate
      Connection:
      - keep-alive
      Content-Length:
      - '131'
      Content-Type:
      - application/json
      Date:
      - Mon, 05 Dec 2022 20:19:38 GMT
      User-Agent:
      - azsdk-python-communication-phonenumbers/1.0.1 Python/3.8.10 (Windows-10-10.0.22621-SP0)
      x-ms-content-sha256:
      - ecyowPPqS6i2jEjg4ZPaHAki9yDR8IHa8lF+VXRefVM=
      x-ms-return-client-request-id:
      - 'true'
    method: POST
    uri: https://sanitized.communication.azure.com/availablePhoneNumbers/countries/US/:search?api-version=2021-03-07
  response:
    body:
      string: ''
    headers:
      access-control-expose-headers:
      - Location,Operation-Location,operation-id,search-id
      api-supported-versions:
      - 2021-03-07, 2022-01-11-preview2, 2022-06-01-preview, 2022-12-01
      content-length:
      - '0'
      date:
      - Mon, 05 Dec 2022 20:19:42 GMT
      location:
      - /availablePhoneNumbers/searchResults/a5007b22-32f8-4879-a3d6-e4b9bbe561a3?api-version=2021-03-07
      ms-cv:
      - 1OZRwAW7/0qT/QQh0KmI3Q.0
      operation-id:
      - search_a5007b22-32f8-4879-a3d6-e4b9bbe561a3
      operation-location:
      - /phoneNumbers/operations/search_a5007b22-32f8-4879-a3d6-e4b9bbe561a3?api-version=2021-03-07
      search-id:
      - a5007b22-32f8-4879-a3d6-e4b9bbe561a3
      strict-transport-security:
      - max-age=2592000
      x-azure-ref:
      - 0WlKOYwAAAADvWZGWXdn+To2DgsnG4snOWVZSMzExMDAwMTE1MDUzADlmYzdiNTE5LWE4Y2MtNGY4OS05MzVlLWM5MTQ4YWUwOWU4MQ==
      x-cache:
      - CONFIG_NOCACHE
      x-processing-time:
      - 3769ms
    status:
      code: 202
      message: Accepted
- request:
    body: null
    headers:
      Accept:
      - '*/*'
      Accept-Encoding:
      - gzip, deflate
      Connection:
      - keep-alive
      Date:
      - Mon, 05 Dec 2022 20:20:12 GMT
      User-Agent:
      - azsdk-python-communication-phonenumbers/1.0.1 Python/3.8.10 (Windows-10-10.0.22621-SP0)
      x-ms-content-sha256:
      - 47DEQpj8HBSa+/TImW+5JCeuQeRkm5NMpJWZG3hSuFU=
      x-ms-return-client-request-id:
      - 'true'
    method: GET
    uri: https://sanitized.communication.azure.com/phoneNumbers/operations/search_a5007b22-32f8-4879-a3d6-e4b9bbe561a3?api-version=2021-03-07
  response:
    body:
      string: '{"operationType": "search", "status": "succeeded", "resourceLocation":
        "/availablePhoneNumbers/searchResults/a5007b22-32f8-4879-a3d6-e4b9bbe561a3?api-version=2021-03-07",
        "createdDateTime": "2022-12-05T20:19:42.2657679+00:00", "id": "search_a5007b22-32f8-4879-a3d6-e4b9bbe561a3",
        "lastActionDateTime": "0001-01-01T00:00:00+00:00"}'
    headers:
      access-control-expose-headers:
      - Location
      api-supported-versions:
      - 2021-03-07, 2022-01-11-preview2, 2022-06-01-preview, 2022-11-15-preview, 2022-12-01
      content-type:
      - application/json; charset=utf-8
      date:
      - Mon, 05 Dec 2022 20:20:13 GMT
      location:
      - /availablePhoneNumbers/searchResults/a5007b22-32f8-4879-a3d6-e4b9bbe561a3?api-version=2021-03-07
      ms-cv:
      - PvZyuUnjO0Oyq2uGte+S0g.0
      strict-transport-security:
      - max-age=2592000
      transfer-encoding:
      - chunked
      x-azure-ref:
      - 0fVKOYwAAAADDcKLxhGScTYUeweWhHoCAWVZSMzExMDAwMTE1MDUzADlmYzdiNTE5LWE4Y2MtNGY4OS05MzVlLWM5MTQ4YWUwOWU4MQ==
      x-cache:
      - CONFIG_NOCACHE
      x-processing-time:
      - 997ms
    status:
      code: 200
      message: OK
    url: sanitized
- request:
    body: null
    headers:
      Accept:
      - '*/*'
      Accept-Encoding:
      - gzip, deflate
      Connection:
      - keep-alive
      Date:
      - Mon, 05 Dec 2022 20:20:13 GMT
      User-Agent:
      - azsdk-python-communication-phonenumbers/1.0.1 Python/3.8.10 (Windows-10-10.0.22621-SP0)
      x-ms-content-sha256:
      - 47DEQpj8HBSa+/TImW+5JCeuQeRkm5NMpJWZG3hSuFU=
      x-ms-return-client-request-id:
      - 'true'
    method: GET
    uri: https://sanitized.communication.azure.com/availablePhoneNumbers/searchResults/a5007b22-32f8-4879-a3d6-e4b9bbe561a3?api-version=2021-03-07
  response:
    body:
      string: '{"searchId": "a5007b22-32f8-4879-a3d6-e4b9bbe561a3", "phoneNumbers":
        ["+18337821021"], "phoneNumberType": "tollFree", "assignmentType": "application",
        "capabilities": {"calling": "inbound", "sms": "inbound+outbound"}, "cost":
        {"amount": 2.0, "currencyCode": "USD", "billingFrequency": "monthly"}, "searchExpiresBy":
        "2022-12-05T20:35:44.0703640+00:00"}'
    headers:
      api-supported-versions:
      - 2021-03-07, 2022-01-11-preview2, 2022-06-01-preview, 2022-12-01
      content-type:
      - application/json; charset=utf-8
      date:
      - Mon, 05 Dec 2022 20:20:14 GMT
      ms-cv:
      - o0xxr6rpRkKWHaiqc+0dIw.0
      strict-transport-security:
      - max-age=2592000
      transfer-encoding:
      - chunked
      x-azure-ref:
      - 0flKOYwAAAAD2T5CS+uzNTpOiixw55gefWVZSMzExMDAwMTE1MDUzADlmYzdiNTE5LWE4Y2MtNGY4OS05MzVlLWM5MTQ4YWUwOWU4MQ==
      x-cache:
      - CONFIG_NOCACHE
      x-processing-time:
      - 1322ms
    status:
      code: 200
      message: OK
    url: sanitized
- request:
    body: '{"searchId": "a5007b22-32f8-4879-a3d6-e4b9bbe561a3"}'
    headers:
      Accept:
      - application/json
      Accept-Encoding:
      - gzip, deflate
      Connection:
      - keep-alive
      Content-Length:
      - '52'
      Content-Type:
      - application/json
      Date:
      - Mon, 05 Dec 2022 20:20:15 GMT
      User-Agent:
      - azsdk-python-communication-phonenumbers/1.0.1 Python/3.8.10 (Windows-10-10.0.22621-SP0)
      x-ms-content-sha256:
      - 2/NLVu4dM1+dKKNBhKXgTNw8V0awaaT8p+iYO3zynj0=
      x-ms-return-client-request-id:
      - 'true'
    method: POST
    uri: https://sanitized.communication.azure.com/availablePhoneNumbers/:purchase?api-version=2021-03-07
  response:
    body:
      string: ''
    headers:
      access-control-expose-headers:
      - Operation-Location,operation-id,purchase-id
      api-supported-versions:
      - 2021-03-07, 2022-01-11-preview2, 2022-06-01-preview, 2022-12-01
      content-length:
      - '0'
      date:
      - Mon, 05 Dec 2022 20:20:17 GMT
      ms-cv:
      - joqraThGik+nUSIrStqaWw.0
      operation-id:
      - purchase_a5007b22-32f8-4879-a3d6-e4b9bbe561a3
      operation-location:
      - /phoneNumbers/operations/purchase_a5007b22-32f8-4879-a3d6-e4b9bbe561a3?api-version=2021-03-07
      purchase-id:
      - a5007b22-32f8-4879-a3d6-e4b9bbe561a3
      strict-transport-security:
      - max-age=2592000
      x-azure-ref:
      - 0f1KOYwAAAADKBWMDeWoJRqzfzEnnFLrVWVZSMzExMDAwMTE1MDUzADlmYzdiNTE5LWE4Y2MtNGY4OS05MzVlLWM5MTQ4YWUwOWU4MQ==
      x-cache:
      - CONFIG_NOCACHE
      x-processing-time:
      - 2638ms
    status:
      code: 202
      message: Accepted
- request:
    body: null
    headers:
      Accept:
      - '*/*'
      Accept-Encoding:
      - gzip, deflate
      Connection:
      - keep-alive
      Date:
      - Mon, 05 Dec 2022 20:20:47 GMT
      User-Agent:
      - azsdk-python-communication-phonenumbers/1.0.1 Python/3.8.10 (Windows-10-10.0.22621-SP0)
      x-ms-content-sha256:
      - 47DEQpj8HBSa+/TImW+5JCeuQeRkm5NMpJWZG3hSuFU=
      x-ms-return-client-request-id:
      - 'true'
    method: GET
    uri: https://sanitized.communication.azure.com/phoneNumbers/operations/purchase_a5007b22-32f8-4879-a3d6-e4b9bbe561a3?api-version=2021-03-07
  response:
    body:
      string: '{"operationType": "purchase", "status": "succeeded", "resourceLocation":
        null, "createdDateTime": "2022-12-05T20:19:42.2657679+00:00", "id": "purchase_a5007b22-32f8-4879-a3d6-e4b9bbe561a3",
        "lastActionDateTime": "0001-01-01T00:00:00+00:00"}'
    headers:
      api-supported-versions:
      - 2021-03-07, 2022-01-11-preview2, 2022-06-01-preview, 2022-11-15-preview, 2022-12-01
      content-type:
      - application/json; charset=utf-8
      date:
      - Mon, 05 Dec 2022 20:20:48 GMT
      ms-cv:
      - C2oWbGzMak+ri8srYW8uPw.0
      strict-transport-security:
      - max-age=2592000
      transfer-encoding:
      - chunked
      x-azure-ref:
      - 0oFKOYwAAAAD+sTdGauhMSaHlw9ztX/yJWVZSMzExMDAwMTE1MDUzADlmYzdiNTE5LWE4Y2MtNGY4OS05MzVlLWM5MTQ4YWUwOWU4MQ==
      x-cache:
      - CONFIG_NOCACHE
      x-processing-time:
      - 553ms
    status:
      code: 200
      message: OK
    url: sanitized
- request:
    body: '{"phoneNumberType": "tollFree", "assignmentType": "application", "capabilities":
      {"calling": "inbound", "sms": "inbound+outbound"}}'
    headers:
      Accept:
      - application/json
      Accept-Encoding:
      - gzip, deflate
      Connection:
      - keep-alive
      Content-Length:
      - '131'
      Content-Type:
      - application/json
      Date:
      - Mon, 05 Dec 2022 20:20:48 GMT
      User-Agent:
      - azsdk-python-communication-phonenumbers/1.0.1 Python/3.8.10 (Windows-10-10.0.22621-SP0)
      x-ms-content-sha256:
      - ecyowPPqS6i2jEjg4ZPaHAki9yDR8IHa8lF+VXRefVM=
      x-ms-return-client-request-id:
      - 'true'
    method: POST
    uri: https://sanitized.communication.azure.com/availablePhoneNumbers/countries/US/:search?api-version=2021-03-07
  response:
    body:
      string: ''
    headers:
      access-control-expose-headers:
      - Location,Operation-Location,operation-id,search-id
      api-supported-versions:
      - 2021-03-07, 2022-01-11-preview2, 2022-06-01-preview, 2022-12-01
      content-length:
      - '0'
      date:
      - Mon, 05 Dec 2022 20:20:52 GMT
      location:
      - /availablePhoneNumbers/searchResults/78b95f59-17fe-41a1-9ec8-ca6216387cb3?api-version=2021-03-07
      ms-cv:
      - h/8S06ko/0WNOGZpocq7Ww.0
      operation-id:
      - search_78b95f59-17fe-41a1-9ec8-ca6216387cb3
      operation-location:
      - /phoneNumbers/operations/search_78b95f59-17fe-41a1-9ec8-ca6216387cb3?api-version=2021-03-07
      search-id:
      - 78b95f59-17fe-41a1-9ec8-ca6216387cb3
      strict-transport-security:
      - max-age=2592000
      x-azure-ref:
      - 0oVKOYwAAAACshr8JSuWJTItM3z7Mt9rsWVZSMzExMDAwMTE1MDE5ADlmYzdiNTE5LWE4Y2MtNGY4OS05MzVlLWM5MTQ4YWUwOWU4MQ==
      x-cache:
      - CONFIG_NOCACHE
      x-processing-time:
      - 3373ms
    status:
      code: 202
      message: Accepted
- request:
    body: null
    headers:
      Accept:
      - '*/*'
      Accept-Encoding:
      - gzip, deflate
      Connection:
      - keep-alive
      Date:
      - Mon, 05 Dec 2022 20:21:22 GMT
      User-Agent:
      - azsdk-python-communication-phonenumbers/1.0.1 Python/3.8.10 (Windows-10-10.0.22621-SP0)
      x-ms-content-sha256:
      - 47DEQpj8HBSa+/TImW+5JCeuQeRkm5NMpJWZG3hSuFU=
      x-ms-return-client-request-id:
      - 'true'
    method: GET
    uri: https://sanitized.communication.azure.com/phoneNumbers/operations/search_78b95f59-17fe-41a1-9ec8-ca6216387cb3?api-version=2021-03-07
  response:
    body:
      string: '{"operationType": "search", "status": "succeeded", "resourceLocation":
        "/availablePhoneNumbers/searchResults/78b95f59-17fe-41a1-9ec8-ca6216387cb3?api-version=2021-03-07",
        "createdDateTime": "2022-12-05T20:20:52.1675431+00:00", "id": "search_78b95f59-17fe-41a1-9ec8-ca6216387cb3",
        "lastActionDateTime": "0001-01-01T00:00:00+00:00"}'
    headers:
      access-control-expose-headers:
      - Location
      api-supported-versions:
      - 2021-03-07, 2022-01-11-preview2, 2022-06-01-preview, 2022-11-15-preview, 2022-12-01
      content-type:
      - application/json; charset=utf-8
      date:
      - Mon, 05 Dec 2022 20:21:22 GMT
      location:
      - /availablePhoneNumbers/searchResults/78b95f59-17fe-41a1-9ec8-ca6216387cb3?api-version=2021-03-07
      ms-cv:
      - 2Nc1VJEQYUy/Rze7Gd/yWQ.0
      strict-transport-security:
      - max-age=2592000
      transfer-encoding:
      - chunked
      x-azure-ref:
      - 0wlKOYwAAAAC33VoYYKLiQK311eJbp6KZWVZSMzExMDAwMTE1MDE5ADlmYzdiNTE5LWE4Y2MtNGY4OS05MzVlLWM5MTQ4YWUwOWU4MQ==
      x-cache:
      - CONFIG_NOCACHE
      x-processing-time:
      - 220ms
    status:
      code: 200
      message: OK
    url: sanitized
- request:
    body: null
    headers:
      Accept:
      - '*/*'
      Accept-Encoding:
      - gzip, deflate
      Connection:
      - keep-alive
      Date:
      - Mon, 05 Dec 2022 20:21:22 GMT
      User-Agent:
      - azsdk-python-communication-phonenumbers/1.0.1 Python/3.8.10 (Windows-10-10.0.22621-SP0)
      x-ms-content-sha256:
      - 47DEQpj8HBSa+/TImW+5JCeuQeRkm5NMpJWZG3hSuFU=
      x-ms-return-client-request-id:
      - 'true'
    method: GET
    uri: https://sanitized.communication.azure.com/availablePhoneNumbers/searchResults/78b95f59-17fe-41a1-9ec8-ca6216387cb3?api-version=2021-03-07
  response:
    body:
      string: '{"searchId": "78b95f59-17fe-41a1-9ec8-ca6216387cb3", "phoneNumbers":
        ["+18337821025"], "phoneNumberType": "tollFree", "assignmentType": "application",
        "capabilities": {"calling": "inbound", "sms": "inbound+outbound"}, "cost":
        {"amount": 2.0, "currencyCode": "USD", "billingFrequency": "monthly"}, "searchExpiresBy":
        "2022-12-05T20:36:55.3343832+00:00"}'
    headers:
      api-supported-versions:
      - 2021-03-07, 2022-01-11-preview2, 2022-06-01-preview, 2022-12-01
      content-type:
      - application/json; charset=utf-8
      date:
      - Mon, 05 Dec 2022 20:21:23 GMT
      ms-cv:
      - dOK1mHyqmEKwsZJBEnndpw.0
      strict-transport-security:
      - max-age=2592000
      transfer-encoding:
      - chunked
      x-azure-ref:
      - 0w1KOYwAAAAC2wT+XQqiOSYDwiHypOOk3WVZSMzExMDAwMTE1MDE5ADlmYzdiNTE5LWE4Y2MtNGY4OS05MzVlLWM5MTQ4YWUwOWU4MQ==
      x-cache:
      - CONFIG_NOCACHE
      x-processing-time:
      - 711ms
    status:
      code: 200
      message: OK
    url: sanitized
- request:
    body: '{"searchId": "78b95f59-17fe-41a1-9ec8-ca6216387cb3"}'
    headers:
      Accept:
      - application/json
      Accept-Encoding:
      - gzip, deflate
      Connection:
      - keep-alive
      Content-Length:
      - '52'
      Content-Type:
      - application/json
      Date:
      - Mon, 05 Dec 2022 20:21:23 GMT
      User-Agent:
      - azsdk-python-communication-phonenumbers/1.0.1 Python/3.8.10 (Windows-10-10.0.22621-SP0)
      x-ms-content-sha256:
      - ScQE4D4qUfDiopoPZFBW29IeQUGwzFPLrBbXgSJ15aA=
      x-ms-return-client-request-id:
      - 'true'
    method: POST
    uri: https://sanitized.communication.azure.com/availablePhoneNumbers/:purchase?api-version=2021-03-07
  response:
    body:
      string: ''
    headers:
      access-control-expose-headers:
      - Operation-Location,operation-id,purchase-id
      api-supported-versions:
      - 2021-03-07, 2022-01-11-preview2, 2022-06-01-preview, 2022-12-01
      content-length:
      - '0'
      date:
      - Mon, 05 Dec 2022 20:21:25 GMT
      ms-cv:
      - 2OY4S79JU0qLAhCTAMsyXA.0
      operation-id:
      - purchase_78b95f59-17fe-41a1-9ec8-ca6216387cb3
      operation-location:
      - /phoneNumbers/operations/purchase_78b95f59-17fe-41a1-9ec8-ca6216387cb3?api-version=2021-03-07
      purchase-id:
      - 78b95f59-17fe-41a1-9ec8-ca6216387cb3
      strict-transport-security:
      - max-age=2592000
      x-azure-ref:
      - 0xFKOYwAAAAD4Y27IyTB3Ra/5e1yjGFyTWVZSMzExMDAwMTE1MDE5ADlmYzdiNTE5LWE4Y2MtNGY4OS05MzVlLWM5MTQ4YWUwOWU4MQ==
      x-cache:
      - CONFIG_NOCACHE
      x-processing-time:
      - 1447ms
    status:
      code: 202
      message: Accepted
- request:
    body: null
    headers:
      Accept:
      - '*/*'
      Accept-Encoding:
      - gzip, deflate
      Connection:
      - keep-alive
      Date:
      - Mon, 05 Dec 2022 20:21:55 GMT
      User-Agent:
      - azsdk-python-communication-phonenumbers/1.0.1 Python/3.8.10 (Windows-10-10.0.22621-SP0)
      x-ms-content-sha256:
      - 47DEQpj8HBSa+/TImW+5JCeuQeRkm5NMpJWZG3hSuFU=
      x-ms-return-client-request-id:
      - 'true'
    method: GET
    uri: https://sanitized.communication.azure.com/phoneNumbers/operations/purchase_78b95f59-17fe-41a1-9ec8-ca6216387cb3?api-version=2021-03-07
  response:
    body:
      string: '{"operationType": "purchase", "status": "succeeded", "resourceLocation":
        null, "createdDateTime": "2022-12-05T20:20:52.1675431+00:00", "id": "purchase_78b95f59-17fe-41a1-9ec8-ca6216387cb3",
        "lastActionDateTime": "0001-01-01T00:00:00+00:00"}'
    headers:
      api-supported-versions:
      - 2021-03-07, 2022-01-11-preview2, 2022-06-01-preview, 2022-11-15-preview, 2022-12-01
      content-type:
      - application/json; charset=utf-8
      date:
      - Mon, 05 Dec 2022 20:21:55 GMT
      ms-cv:
      - qY6PgRt01UeYl9hp072O4w.0
      strict-transport-security:
      - max-age=2592000
      transfer-encoding:
      - chunked
      x-azure-ref:
      - 041KOYwAAAAAthrbcJvBJT7alBoVhuH/XWVZSMzExMDAwMTE1MDE5ADlmYzdiNTE5LWE4Y2MtNGY4OS05MzVlLWM5MTQ4YWUwOWU4MQ==
      x-cache:
      - CONFIG_NOCACHE
      x-processing-time:
      - 261ms
    status:
      code: 200
      message: OK
    url: sanitized
- request:
    body: '{"from": "sanitized", "smsRecipients": [{"to": "sanitized", "repeatabilityRequestId":
      "sanitized", "repeatabilityFirstSent": "sanitized"}, {"to": "sanitized", "repeatabilityRequestId":
      "sanitized", "repeatabilityFirstSent": "sanitized"}], "message": "Hello there!!",
      "smsSendOptions": {"enableDeliveryReport": false}}'
    headers:
      Accept:
      - application/json
      Accept-Encoding:
      - gzip, deflate
      Connection:
      - keep-alive
      Content-Length:
      - '317'
      Content-Type:
      - application/json
      Date:
      - Mon, 05 Dec 2022 20:21:55 GMT
      User-Agent:
      - AzureCli/1.3.0 azsdk-python-communication-sms/1.0.1 Python/3.8.10 (Windows-10-10.0.22621-SP0)
      x-ms-content-sha256:
      - hbGnDbg9zex5dF6NGAmT14vf3YY8WwEx8tlJwkHo7SI=
      x-ms-return-client-request-id:
      - 'true'
    method: POST
    uri: https://sanitized.communication.azure.com/sms?api-version=2021-03-07
  response:
    body:
      string: '{"value": [{"to": "sanitized", "messageId": "sanitized", "httpStatusCode":
        202, "repeatabilityResult": "accepted", "successful": true}, {"to": "sanitized",
        "messageId": "sanitized", "httpStatusCode": 202, "repeatabilityResult": "accepted",
        "successful": true}]}'
    headers:
      api-supported-versions:
      - 2020-07-20-preview1, 2020-08-20-preview, 2021-03-07
      content-type:
      - application/json; charset=utf-8
      date:
      - Mon, 05 Dec 2022 20:21:55 GMT
      ms-cv:
      - AXBCos2lPEqDzR5NS3UYkg.0
      strict-transport-security:
      - max-age=2592000
      transfer-encoding:
      - chunked
      x-azure-ref:
      - 05FKOYwAAAABzT6B0/9XHQ6CfDRR67ChuWVZSMzExMDAwMTE1MDIzADlmYzdiNTE5LWE4Y2MtNGY4OS05MzVlLWM5MTQ4YWUwOWU4MQ==
      x-cache:
      - CONFIG_NOCACHE
      x-processing-time:
      - 180ms
    status:
      code: 202
      message: Accepted
    url: sanitized
version: 1
