interactions:
- request:
    body: '{"phoneNumberType": "tollFree", "assignmentType": "application", "capabilities":
      {"calling": "inbound", "sms": "inbound+outbound"}}'
    headers:
      Accept:
      - application/json
      Accept-Encoding:
      - gzip, deflate
      Connection:
      - keep-alive
      Content-Length:
      - '131'
      Content-Type:
      - application/json
      User-Agent:
<<<<<<< HEAD
<<<<<<< HEAD
      - azsdk-python-communication-phonenumbers/1.1.0 Python/3.10.11 (Windows-10-10.0.22621-SP0)
      x-ms-content-sha256:
      - ecyowPPqS6i2jEjg4ZPaHAki9yDR8IHa8lF+VXRefVM=
      x-ms-date:
      - Fri, 07 Jul 2023 02:05:22 GMT
=======
      - azsdk-python-communication-phonenumbers/1.1.0 Python/3.10.7 (Windows-10-10.0.22621-SP0)
      x-ms-content-sha256:
      - ecyowPPqS6i2jEjg4ZPaHAki9yDR8IHa8lF+VXRefVM=
      x-ms-date:
<<<<<<< HEAD
<<<<<<< HEAD
      - Fri, 23 Jun 2023 17:18:28 GMT
>>>>>>> ddcd2202f (Adding test recordings)
=======
      - Tue, 04 Jul 2023 23:42:22 GMT
>>>>>>> 7c5b674c0 (Reran tests)
=======
      - Wed, 05 Jul 2023 18:23:15 GMT
>>>>>>> 6a8169d18 (Updated rooms version for tests)
=======
      - azsdk-python-communication-phonenumbers/1.1.0 Python/3.10.11 (Windows-10-10.0.22621-SP0)
      x-ms-content-sha256:
      - ecyowPPqS6i2jEjg4ZPaHAki9yDR8IHa8lF+VXRefVM=
      x-ms-date:
      - Thu, 06 Jul 2023 21:11:57 GMT
>>>>>>> b2629cbf8 (Fix user-identity tests. Reran the whole test suite)
      x-ms-return-client-request-id:
      - 'true'
    method: POST
    uri: https://sanitized.communication.azure.com/availablePhoneNumbers/countries/US/:search?api-version=2022-12-01
  response:
    body:
      string: ''
    headers:
      access-control-expose-headers:
      - Location,Operation-Location,operation-id,search-id
      api-supported-versions:
      - 2021-03-07, 2022-01-11-preview2, 2022-06-01-preview, 2022-12-01, 2022-12-02-preview2,
        2023-05-01-preview
      content-length:
      - '0'
      date:
<<<<<<< HEAD
<<<<<<< HEAD
<<<<<<< HEAD
<<<<<<< HEAD
      - Fri, 07 Jul 2023 02:05:24 GMT
      location:
      - /availablePhoneNumbers/searchResults/f353e843-b1a9-45dd-860f-d1b049414b31?api-version=2022-12-01
      ms-cv:
      - qsPRm2xYukWLdD2gBz8a8A.0
      operation-id:
      - search_f353e843-b1a9-45dd-860f-d1b049414b31
      operation-location:
      - /phoneNumbers/operations/search_f353e843-b1a9-45dd-860f-d1b049414b31?api-version=2022-12-01
      search-id:
      - f353e843-b1a9-45dd-860f-d1b049414b31
      strict-transport-security:
      - max-age=2592000
      x-azure-ref:
      - 04XKnZAAAAADM839bxiOHSp+4eOnVvO0lWVZSMzExMDAwMTE1MDE5ADlmYzdiNTE5LWE4Y2MtNGY4OS05MzVlLWM5MTQ4YWUwOWU4MQ==
      x-cache:
      - CONFIG_NOCACHE
      x-processing-time:
      - 1872ms
=======
      - Fri, 23 Jun 2023 17:18:30 GMT
=======
      - Tue, 04 Jul 2023 23:42:26 GMT
>>>>>>> 7c5b674c0 (Reran tests)
=======
      - Wed, 05 Jul 2023 18:23:20 GMT
>>>>>>> 6a8169d18 (Updated rooms version for tests)
=======
      - Thu, 06 Jul 2023 21:11:59 GMT
>>>>>>> b2629cbf8 (Fix user-identity tests. Reran the whole test suite)
      location:
      - /availablePhoneNumbers/searchResults/16015f8b-a83d-4aff-b3e1-473fc7458590?api-version=2022-12-01
      ms-cv:
      - A27lJsbT20OcE858US4vdQ.0
      operation-id:
      - search_16015f8b-a83d-4aff-b3e1-473fc7458590
      operation-location:
      - /phoneNumbers/operations/search_16015f8b-a83d-4aff-b3e1-473fc7458590?api-version=2022-12-01
      search-id:
      - 16015f8b-a83d-4aff-b3e1-473fc7458590
      strict-transport-security:
      - max-age=2592000
      x-azure-ref:
      - 0HS6nZAAAAAAJhEb6AvacR6oUGVgPj6xnWVZSMzExMDAwMTE1MDM3ADlmYzdiNTE5LWE4Y2MtNGY4OS05MzVlLWM5MTQ4YWUwOWU4MQ==
      x-cache:
      - CONFIG_NOCACHE
      x-processing-time:
<<<<<<< HEAD
<<<<<<< HEAD
<<<<<<< HEAD
      - 1959ms
>>>>>>> ddcd2202f (Adding test recordings)
=======
      - 3571ms
>>>>>>> 7c5b674c0 (Reran tests)
=======
      - 4837ms
>>>>>>> 6a8169d18 (Updated rooms version for tests)
=======
      - 1868ms
>>>>>>> b2629cbf8 (Fix user-identity tests. Reran the whole test suite)
    status:
      code: 202
      message: Accepted
- request:
    body: null
    headers:
      Accept:
      - '*/*'
      Accept-Encoding:
      - gzip, deflate
      Connection:
      - keep-alive
      User-Agent:
<<<<<<< HEAD
<<<<<<< HEAD
      - azsdk-python-communication-phonenumbers/1.1.0 Python/3.10.11 (Windows-10-10.0.22621-SP0)
      x-ms-content-sha256:
      - 47DEQpj8HBSa+/TImW+5JCeuQeRkm5NMpJWZG3hSuFU=
      x-ms-date:
      - Fri, 07 Jul 2023 02:05:24 GMT
      x-ms-return-client-request-id:
      - 'true'
    method: GET
    uri: https://sanitized.communication.azure.com/phoneNumbers/operations/search_f353e843-b1a9-45dd-860f-d1b049414b31?api-version=2022-12-01
  response:
    body:
      string: '{"operationType": "search", "status": "notStarted", "resourceLocation":
        "/availablePhoneNumbers/searchResults/f353e843-b1a9-45dd-860f-d1b049414b31?api-version=2022-12-01",
        "createdDateTime": "2023-07-07T02:05:23.7960936+00:00", "id": "sanitized",
=======
      - azsdk-python-communication-phonenumbers/1.1.0 Python/3.10.7 (Windows-10-10.0.22621-SP0)
=======
      - azsdk-python-communication-phonenumbers/1.1.0 Python/3.10.11 (Windows-10-10.0.22621-SP0)
>>>>>>> b2629cbf8 (Fix user-identity tests. Reran the whole test suite)
      x-ms-content-sha256:
      - 47DEQpj8HBSa+/TImW+5JCeuQeRkm5NMpJWZG3hSuFU=
      x-ms-date:
      - Thu, 06 Jul 2023 21:12:00 GMT
      x-ms-return-client-request-id:
      - 'true'
    method: GET
    uri: https://sanitized.communication.azure.com/phoneNumbers/operations/search_16015f8b-a83d-4aff-b3e1-473fc7458590?api-version=2022-12-01
  response:
    body:
      string: '{"operationType": "search", "status": "notStarted", "resourceLocation":
<<<<<<< HEAD
<<<<<<< HEAD
<<<<<<< HEAD
        "/availablePhoneNumbers/searchResults/6d691246-65f2-4159-99dc-50aa02396d1e?api-version=2022-12-01",
        "createdDateTime": "2023-06-23T17:18:30.6271603+00:00", "id": "sanitized",
>>>>>>> ddcd2202f (Adding test recordings)
=======
        "/availablePhoneNumbers/searchResults/13c12c47-a58c-492d-a1c9-7cf6040c7db0?api-version=2022-12-01",
        "createdDateTime": "2023-07-04T23:42:25.8326453+00:00", "id": "sanitized",
>>>>>>> 7c5b674c0 (Reran tests)
=======
        "/availablePhoneNumbers/searchResults/aff831b1-bb82-41e4-9058-ab2eb6c00e87?api-version=2022-12-01",
        "createdDateTime": "2023-07-05T18:23:20.1376943+00:00", "id": "sanitized",
>>>>>>> 6a8169d18 (Updated rooms version for tests)
=======
        "/availablePhoneNumbers/searchResults/16015f8b-a83d-4aff-b3e1-473fc7458590?api-version=2022-12-01",
        "createdDateTime": "2023-07-06T21:11:59.0360394+00:00", "id": "sanitized",
>>>>>>> b2629cbf8 (Fix user-identity tests. Reran the whole test suite)
        "lastActionDateTime": "0001-01-01T00:00:00+00:00"}'
    headers:
      access-control-expose-headers:
      - Location
      api-supported-versions:
      - 2021-03-07, 2022-01-11-preview2, 2022-06-01-preview, 2022-11-15-preview, 2022-12-01,
        2022-12-02-preview2, 2023-05-01-preview
      content-type:
      - application/json; charset=utf-8
      date:
<<<<<<< HEAD
<<<<<<< HEAD
<<<<<<< HEAD
<<<<<<< HEAD
      - Fri, 07 Jul 2023 02:05:24 GMT
      location:
      - /availablePhoneNumbers/searchResults/f353e843-b1a9-45dd-860f-d1b049414b31?api-version=2022-12-01
      ms-cv:
      - lNcs8DVKMESU+2+u+Ok/zA.0
=======
      - Fri, 23 Jun 2023 17:18:31 GMT
=======
      - Tue, 04 Jul 2023 23:42:26 GMT
>>>>>>> 7c5b674c0 (Reran tests)
=======
      - Wed, 05 Jul 2023 18:23:20 GMT
>>>>>>> 6a8169d18 (Updated rooms version for tests)
=======
      - Thu, 06 Jul 2023 21:11:59 GMT
>>>>>>> b2629cbf8 (Fix user-identity tests. Reran the whole test suite)
      location:
      - /availablePhoneNumbers/searchResults/16015f8b-a83d-4aff-b3e1-473fc7458590?api-version=2022-12-01
      ms-cv:
<<<<<<< HEAD
<<<<<<< HEAD
<<<<<<< HEAD
      - OQ+4PiXkSU+ur+AhpkjFcA.0
>>>>>>> ddcd2202f (Adding test recordings)
=======
      - rXnvnj/rf0WRCq1q6Oz5hQ.0
>>>>>>> 7c5b674c0 (Reran tests)
=======
      - 3nF+w17UqE+k6YziGlIjiQ.0
>>>>>>> 6a8169d18 (Updated rooms version for tests)
=======
      - E9W7ndvYC0mm7Ugn8vKz8A.0
>>>>>>> b2629cbf8 (Fix user-identity tests. Reran the whole test suite)
      strict-transport-security:
      - max-age=2592000
      transfer-encoding:
      - chunked
      x-azure-ref:
<<<<<<< HEAD
<<<<<<< HEAD
<<<<<<< HEAD
<<<<<<< HEAD
      - 05HKnZAAAAABwjONxEjDKQpJV6WdduRksWVZSMzExMDAwMTE1MDE5ADlmYzdiNTE5LWE4Y2MtNGY4OS05MzVlLWM5MTQ4YWUwOWU4MQ==
      x-cache:
      - CONFIG_NOCACHE
      x-processing-time:
      - 194ms
=======
      - 059OVZAAAAAAmN+6cdnpbSa11Hf8/VldAWVZSMzExMDAwMTE1MDExADlmYzdiNTE5LWE4Y2MtNGY4OS05MzVlLWM5MTQ4YWUwOWU4MQ==
      x-cache:
      - CONFIG_NOCACHE
      x-processing-time:
      - 271ms
>>>>>>> ddcd2202f (Adding test recordings)
=======
      - 0Yq6kZAAAAADCXVgN4Vr5SqW8TIeRV1UQWVZSMzExMDAwMTE1MDM5ADlmYzdiNTE5LWE4Y2MtNGY4OS05MzVlLWM5MTQ4YWUwOWU4MQ==
      x-cache:
      - CONFIG_NOCACHE
      x-processing-time:
      - 265ms
>>>>>>> 7c5b674c0 (Reran tests)
=======
      - 0GLWlZAAAAAD2NVrRPjTHSbZGGL2YsIlsWVZSMzExMDAwMTE1MDIzADlmYzdiNTE5LWE4Y2MtNGY4OS05MzVlLWM5MTQ4YWUwOWU4MQ==
      x-cache:
      - CONFIG_NOCACHE
      x-processing-time:
      - 233ms
>>>>>>> 6a8169d18 (Updated rooms version for tests)
=======
      - 0Hy6nZAAAAAAfJ0S4DNnqSbGhOQufLSo5WVZSMzExMDAwMTE1MDM3ADlmYzdiNTE5LWE4Y2MtNGY4OS05MzVlLWM5MTQ4YWUwOWU4MQ==
      x-cache:
      - CONFIG_NOCACHE
      x-processing-time:
      - 205ms
>>>>>>> b2629cbf8 (Fix user-identity tests. Reran the whole test suite)
    status:
      code: 200
      message: OK
    url: sanitized
- request:
    body: null
    headers:
      Accept:
      - '*/*'
      Accept-Encoding:
      - gzip, deflate
      Connection:
      - keep-alive
      User-Agent:
<<<<<<< HEAD
<<<<<<< HEAD
      - azsdk-python-communication-phonenumbers/1.1.0 Python/3.10.11 (Windows-10-10.0.22621-SP0)
      x-ms-content-sha256:
      - 47DEQpj8HBSa+/TImW+5JCeuQeRkm5NMpJWZG3hSuFU=
      x-ms-date:
      - Fri, 07 Jul 2023 02:05:27 GMT
      x-ms-return-client-request-id:
      - 'true'
    method: GET
    uri: https://sanitized.communication.azure.com/phoneNumbers/operations/search_f353e843-b1a9-45dd-860f-d1b049414b31?api-version=2022-12-01
  response:
    body:
      string: '{"operationType": "search", "status": "succeeded", "resourceLocation":
        "/availablePhoneNumbers/searchResults/f353e843-b1a9-45dd-860f-d1b049414b31?api-version=2022-12-01",
        "createdDateTime": "2023-07-07T02:05:23.7960936+00:00", "id": "sanitized",
=======
      - azsdk-python-communication-phonenumbers/1.1.0 Python/3.10.7 (Windows-10-10.0.22621-SP0)
=======
      - azsdk-python-communication-phonenumbers/1.1.0 Python/3.10.11 (Windows-10-10.0.22621-SP0)
>>>>>>> b2629cbf8 (Fix user-identity tests. Reran the whole test suite)
      x-ms-content-sha256:
      - 47DEQpj8HBSa+/TImW+5JCeuQeRkm5NMpJWZG3hSuFU=
      x-ms-date:
      - Thu, 06 Jul 2023 21:12:02 GMT
      x-ms-return-client-request-id:
      - 'true'
    method: GET
    uri: https://sanitized.communication.azure.com/phoneNumbers/operations/search_16015f8b-a83d-4aff-b3e1-473fc7458590?api-version=2022-12-01
  response:
    body:
      string: '{"operationType": "search", "status": "succeeded", "resourceLocation":
<<<<<<< HEAD
<<<<<<< HEAD
<<<<<<< HEAD
        "/availablePhoneNumbers/searchResults/6d691246-65f2-4159-99dc-50aa02396d1e?api-version=2022-12-01",
        "createdDateTime": "2023-06-23T17:18:30.6271603+00:00", "id": "sanitized",
>>>>>>> ddcd2202f (Adding test recordings)
=======
        "/availablePhoneNumbers/searchResults/13c12c47-a58c-492d-a1c9-7cf6040c7db0?api-version=2022-12-01",
        "createdDateTime": "2023-07-04T23:42:25.8326453+00:00", "id": "sanitized",
>>>>>>> 7c5b674c0 (Reran tests)
=======
        "/availablePhoneNumbers/searchResults/aff831b1-bb82-41e4-9058-ab2eb6c00e87?api-version=2022-12-01",
        "createdDateTime": "2023-07-05T18:23:20.1376943+00:00", "id": "sanitized",
>>>>>>> 6a8169d18 (Updated rooms version for tests)
=======
        "/availablePhoneNumbers/searchResults/16015f8b-a83d-4aff-b3e1-473fc7458590?api-version=2022-12-01",
        "createdDateTime": "2023-07-06T21:11:59.0360394+00:00", "id": "sanitized",
>>>>>>> b2629cbf8 (Fix user-identity tests. Reran the whole test suite)
        "lastActionDateTime": "0001-01-01T00:00:00+00:00"}'
    headers:
      access-control-expose-headers:
      - Location
      api-supported-versions:
      - 2021-03-07, 2022-01-11-preview2, 2022-06-01-preview, 2022-11-15-preview, 2022-12-01,
        2022-12-02-preview2, 2023-05-01-preview
      content-type:
      - application/json; charset=utf-8
      date:
<<<<<<< HEAD
<<<<<<< HEAD
<<<<<<< HEAD
<<<<<<< HEAD
      - Fri, 07 Jul 2023 02:05:26 GMT
      location:
      - /availablePhoneNumbers/searchResults/f353e843-b1a9-45dd-860f-d1b049414b31?api-version=2022-12-01
      ms-cv:
      - 8IVdrWZaSEirBu3IQlxG0w.0
=======
      - Fri, 23 Jun 2023 17:18:33 GMT
=======
      - Tue, 04 Jul 2023 23:42:28 GMT
>>>>>>> 7c5b674c0 (Reran tests)
=======
      - Wed, 05 Jul 2023 18:23:22 GMT
>>>>>>> 6a8169d18 (Updated rooms version for tests)
=======
      - Thu, 06 Jul 2023 21:12:01 GMT
>>>>>>> b2629cbf8 (Fix user-identity tests. Reran the whole test suite)
      location:
      - /availablePhoneNumbers/searchResults/16015f8b-a83d-4aff-b3e1-473fc7458590?api-version=2022-12-01
      ms-cv:
<<<<<<< HEAD
<<<<<<< HEAD
<<<<<<< HEAD
      - Otd1pPJBfEmmRrjHQldBXg.0
>>>>>>> ddcd2202f (Adding test recordings)
=======
      - VFhREqsX3UyqbxzrZXP+xQ.0
>>>>>>> 7c5b674c0 (Reran tests)
=======
      - rXXAsAoUh0Sf72b23PYjgw.0
>>>>>>> 6a8169d18 (Updated rooms version for tests)
=======
      - KXPVh0WbmkSBxzy0jDfSwA.0
>>>>>>> b2629cbf8 (Fix user-identity tests. Reran the whole test suite)
      strict-transport-security:
      - max-age=2592000
      transfer-encoding:
      - chunked
      x-azure-ref:
<<<<<<< HEAD
<<<<<<< HEAD
<<<<<<< HEAD
<<<<<<< HEAD
      - 05nKnZAAAAACTLtVc47SAS5Fui4l7W/wuWVZSMzExMDAwMTE1MDE5ADlmYzdiNTE5LWE4Y2MtNGY4OS05MzVlLWM5MTQ4YWUwOWU4MQ==
      x-cache:
      - CONFIG_NOCACHE
      x-processing-time:
      - 196ms
=======
      - 06dOVZAAAAAAuETelQXxnTojSZMxx6I7HWVZSMzExMDAwMTE1MDExADlmYzdiNTE5LWE4Y2MtNGY4OS05MzVlLWM5MTQ4YWUwOWU4MQ==
      x-cache:
      - CONFIG_NOCACHE
      x-processing-time:
      - 202ms
>>>>>>> ddcd2202f (Adding test recordings)
=======
      - 0ZK6kZAAAAACRz5xPKV/GRKNe5kHL9x6IWVZSMzExMDAwMTE1MDM5ADlmYzdiNTE5LWE4Y2MtNGY4OS05MzVlLWM5MTQ4YWUwOWU4MQ==
      x-cache:
      - CONFIG_NOCACHE
      x-processing-time:
      - 215ms
>>>>>>> 7c5b674c0 (Reran tests)
=======
      - 0GrWlZAAAAACu9ZWCXT6uQ5eF0bIqQx9qWVZSMzExMDAwMTE1MDIzADlmYzdiNTE5LWE4Y2MtNGY4OS05MzVlLWM5MTQ4YWUwOWU4MQ==
      x-cache:
      - CONFIG_NOCACHE
      x-processing-time:
      - 283ms
>>>>>>> 6a8169d18 (Updated rooms version for tests)
=======
      - 0IS6nZAAAAABD2FY+4mmxR7SOLOHhgRB5WVZSMzExMDAwMTE1MDM3ADlmYzdiNTE5LWE4Y2MtNGY4OS05MzVlLWM5MTQ4YWUwOWU4MQ==
      x-cache:
      - CONFIG_NOCACHE
      x-processing-time:
      - 211ms
>>>>>>> b2629cbf8 (Fix user-identity tests. Reran the whole test suite)
    status:
      code: 200
      message: OK
    url: sanitized
- request:
    body: null
    headers:
      Accept:
      - '*/*'
      Accept-Encoding:
      - gzip, deflate
      Connection:
      - keep-alive
      User-Agent:
<<<<<<< HEAD
<<<<<<< HEAD
      - azsdk-python-communication-phonenumbers/1.1.0 Python/3.10.11 (Windows-10-10.0.22621-SP0)
      x-ms-content-sha256:
      - 47DEQpj8HBSa+/TImW+5JCeuQeRkm5NMpJWZG3hSuFU=
      x-ms-date:
      - Fri, 07 Jul 2023 02:05:27 GMT
      x-ms-return-client-request-id:
      - 'true'
    method: GET
    uri: https://sanitized.communication.azure.com/availablePhoneNumbers/searchResults/f353e843-b1a9-45dd-860f-d1b049414b31?api-version=2022-12-01
  response:
    body:
      string: '{"searchId": "f353e843-b1a9-45dd-860f-d1b049414b31", "phoneNumbers":
        ["sanitized"], "phoneNumberType": "tollFree", "assignmentType": "application",
        "capabilities": {"calling": "inbound", "sms": "inbound+outbound"}, "cost":
        {"amount": 2.0, "currencyCode": "USD", "billingFrequency": "monthly"}, "searchExpiresBy":
        "2023-07-07T02:21:25.9567976+00:00", "error": "NoError"}'
=======
      - azsdk-python-communication-phonenumbers/1.1.0 Python/3.10.7 (Windows-10-10.0.22621-SP0)
=======
      - azsdk-python-communication-phonenumbers/1.1.0 Python/3.10.11 (Windows-10-10.0.22621-SP0)
>>>>>>> b2629cbf8 (Fix user-identity tests. Reran the whole test suite)
      x-ms-content-sha256:
      - 47DEQpj8HBSa+/TImW+5JCeuQeRkm5NMpJWZG3hSuFU=
      x-ms-date:
      - Thu, 06 Jul 2023 21:12:02 GMT
      x-ms-return-client-request-id:
      - 'true'
    method: GET
    uri: https://sanitized.communication.azure.com/availablePhoneNumbers/searchResults/16015f8b-a83d-4aff-b3e1-473fc7458590?api-version=2022-12-01
  response:
    body:
      string: '{"searchId": "16015f8b-a83d-4aff-b3e1-473fc7458590", "phoneNumbers":
        ["sanitized"], "phoneNumberType": "tollFree", "assignmentType": "application",
        "capabilities": {"calling": "inbound", "sms": "inbound+outbound"}, "cost":
        {"amount": 2.0, "currencyCode": "USD", "billingFrequency": "monthly"}, "searchExpiresBy":
<<<<<<< HEAD
<<<<<<< HEAD
<<<<<<< HEAD
        "2023-06-23T17:34:32.6846703+00:00", "error": "NoError"}'
>>>>>>> ddcd2202f (Adding test recordings)
=======
        "2023-07-04T23:58:27.7571514+00:00", "error": "NoError"}'
>>>>>>> 7c5b674c0 (Reran tests)
=======
        "2023-07-05T18:39:21.9180621+00:00", "error": "NoError"}'
>>>>>>> 6a8169d18 (Updated rooms version for tests)
=======
        "2023-07-06T21:28:00.8466667+00:00", "error": "NoError"}'
>>>>>>> b2629cbf8 (Fix user-identity tests. Reran the whole test suite)
    headers:
      api-supported-versions:
      - 2021-03-07, 2022-01-11-preview2, 2022-06-01-preview, 2022-12-01, 2022-12-02-preview2,
        2023-05-01-preview
      content-length:
      - '369'
      content-type:
      - application/json; charset=utf-8
      date:
<<<<<<< HEAD
<<<<<<< HEAD
<<<<<<< HEAD
<<<<<<< HEAD
      - Fri, 07 Jul 2023 02:05:27 GMT
      ms-cv:
      - iZSXgVGnfE6U+H90V5BZzQ.0
      strict-transport-security:
      - max-age=2592000
      x-azure-ref:
      - 05nKnZAAAAAD+evrn+pq9ToJIT+WR5vNFWVZSMzExMDAwMTE1MDE5ADlmYzdiNTE5LWE4Y2MtNGY4OS05MzVlLWM5MTQ4YWUwOWU4MQ==
      x-cache:
      - CONFIG_NOCACHE
      x-processing-time:
      - 359ms
=======
      - Fri, 23 Jun 2023 17:18:33 GMT
=======
      - Tue, 04 Jul 2023 23:42:29 GMT
>>>>>>> 7c5b674c0 (Reran tests)
=======
      - Wed, 05 Jul 2023 18:23:23 GMT
>>>>>>> 6a8169d18 (Updated rooms version for tests)
=======
      - Thu, 06 Jul 2023 21:12:02 GMT
>>>>>>> b2629cbf8 (Fix user-identity tests. Reran the whole test suite)
      ms-cv:
      - bEi/WV5lpUGXFZTnMqYLRQ.0
      strict-transport-security:
      - max-age=2592000
      x-azure-ref:
      - 0Ii6nZAAAAAAwAS9kcRBHR4egDxh1ybkzWVZSMzExMDAwMTE1MDM3ADlmYzdiNTE5LWE4Y2MtNGY4OS05MzVlLWM5MTQ4YWUwOWU4MQ==
      x-cache:
      - CONFIG_NOCACHE
      x-processing-time:
<<<<<<< HEAD
<<<<<<< HEAD
<<<<<<< HEAD
      - 339ms
>>>>>>> ddcd2202f (Adding test recordings)
=======
      - 372ms
>>>>>>> 7c5b674c0 (Reran tests)
=======
      - 384ms
>>>>>>> 6a8169d18 (Updated rooms version for tests)
=======
      - 505ms
>>>>>>> b2629cbf8 (Fix user-identity tests. Reran the whole test suite)
    status:
      code: 200
      message: OK
    url: sanitized
- request:
<<<<<<< HEAD
<<<<<<< HEAD
<<<<<<< HEAD
<<<<<<< HEAD
    body: '{"searchId": "f353e843-b1a9-45dd-860f-d1b049414b31"}'
=======
    body: '{"searchId": "6d691246-65f2-4159-99dc-50aa02396d1e"}'
>>>>>>> ddcd2202f (Adding test recordings)
=======
    body: '{"searchId": "13c12c47-a58c-492d-a1c9-7cf6040c7db0"}'
>>>>>>> 7c5b674c0 (Reran tests)
=======
    body: '{"searchId": "aff831b1-bb82-41e4-9058-ab2eb6c00e87"}'
>>>>>>> 6a8169d18 (Updated rooms version for tests)
=======
    body: '{"searchId": "16015f8b-a83d-4aff-b3e1-473fc7458590"}'
>>>>>>> b2629cbf8 (Fix user-identity tests. Reran the whole test suite)
    headers:
      Accept:
      - application/json
      Accept-Encoding:
      - gzip, deflate
      Connection:
      - keep-alive
      Content-Length:
      - '52'
      Content-Type:
      - application/json
      User-Agent:
<<<<<<< HEAD
<<<<<<< HEAD
      - azsdk-python-communication-phonenumbers/1.1.0 Python/3.10.11 (Windows-10-10.0.22621-SP0)
      x-ms-content-sha256:
      - eeFrnIDQOqMHdN+H2WfhFCd4MPEQ5g5u1Fejg5A83TQ=
      x-ms-date:
      - Fri, 07 Jul 2023 02:05:27 GMT
=======
      - azsdk-python-communication-phonenumbers/1.1.0 Python/3.10.7 (Windows-10-10.0.22621-SP0)
=======
      - azsdk-python-communication-phonenumbers/1.1.0 Python/3.10.11 (Windows-10-10.0.22621-SP0)
>>>>>>> b2629cbf8 (Fix user-identity tests. Reran the whole test suite)
      x-ms-content-sha256:
      - aBxSMpwOC+P3GHB/V/ir4K56PLIE4ym9d7TnyV/ypmE=
      x-ms-date:
<<<<<<< HEAD
<<<<<<< HEAD
<<<<<<< HEAD
      - Fri, 23 Jun 2023 17:18:34 GMT
>>>>>>> ddcd2202f (Adding test recordings)
=======
      - Tue, 04 Jul 2023 23:42:29 GMT
>>>>>>> 7c5b674c0 (Reran tests)
=======
      - Wed, 05 Jul 2023 18:23:23 GMT
>>>>>>> 6a8169d18 (Updated rooms version for tests)
=======
      - Thu, 06 Jul 2023 21:12:03 GMT
>>>>>>> b2629cbf8 (Fix user-identity tests. Reran the whole test suite)
      x-ms-return-client-request-id:
      - 'true'
    method: POST
    uri: https://sanitized.communication.azure.com/availablePhoneNumbers/:purchase?api-version=2022-12-01
  response:
    body:
      string: ''
    headers:
      access-control-expose-headers:
      - Operation-Location,operation-id,purchase-id
      api-supported-versions:
      - 2021-03-07, 2022-01-11-preview2, 2022-06-01-preview, 2022-12-01, 2022-12-02-preview2,
        2023-05-01-preview
      content-length:
      - '0'
      date:
<<<<<<< HEAD
<<<<<<< HEAD
<<<<<<< HEAD
<<<<<<< HEAD
      - Fri, 07 Jul 2023 02:05:28 GMT
      ms-cv:
      - +Tdsqx7vZE6UJO4As9ns1Q.0
      operation-id:
      - purchase_f353e843-b1a9-45dd-860f-d1b049414b31
      operation-location:
      - /phoneNumbers/operations/purchase_f353e843-b1a9-45dd-860f-d1b049414b31?api-version=2022-12-01
      purchase-id:
      - f353e843-b1a9-45dd-860f-d1b049414b31
      strict-transport-security:
      - max-age=2592000
      x-azure-ref:
      - 053KnZAAAAACy/Pn5F3ksRZYdD6TxzC0dWVZSMzExMDAwMTE1MDE5ADlmYzdiNTE5LWE4Y2MtNGY4OS05MzVlLWM5MTQ4YWUwOWU4MQ==
      x-cache:
      - CONFIG_NOCACHE
      x-processing-time:
      - 863ms
=======
      - Fri, 23 Jun 2023 17:18:34 GMT
=======
      - Tue, 04 Jul 2023 23:42:30 GMT
>>>>>>> 7c5b674c0 (Reran tests)
=======
      - Wed, 05 Jul 2023 18:23:24 GMT
>>>>>>> 6a8169d18 (Updated rooms version for tests)
=======
      - Thu, 06 Jul 2023 21:12:03 GMT
>>>>>>> b2629cbf8 (Fix user-identity tests. Reran the whole test suite)
      ms-cv:
      - ijO6YRh4Zk+DXedYcUroFg.0
      operation-id:
      - purchase_16015f8b-a83d-4aff-b3e1-473fc7458590
      operation-location:
      - /phoneNumbers/operations/purchase_16015f8b-a83d-4aff-b3e1-473fc7458590?api-version=2022-12-01
      purchase-id:
      - 16015f8b-a83d-4aff-b3e1-473fc7458590
      strict-transport-security:
      - max-age=2592000
      x-azure-ref:
      - 0Ii6nZAAAAABEwB5+wAcwR7IbNSpDUNkPWVZSMzExMDAwMTE1MDM3ADlmYzdiNTE5LWE4Y2MtNGY4OS05MzVlLWM5MTQ4YWUwOWU4MQ==
      x-cache:
      - CONFIG_NOCACHE
      x-processing-time:
<<<<<<< HEAD
<<<<<<< HEAD
<<<<<<< HEAD
      - 751ms
>>>>>>> ddcd2202f (Adding test recordings)
=======
      - 720ms
>>>>>>> 7c5b674c0 (Reran tests)
=======
      - 789ms
>>>>>>> 6a8169d18 (Updated rooms version for tests)
=======
      - 715ms
>>>>>>> b2629cbf8 (Fix user-identity tests. Reran the whole test suite)
    status:
      code: 202
      message: Accepted
- request:
    body: null
    headers:
      Accept:
      - '*/*'
      Accept-Encoding:
      - gzip, deflate
      Connection:
      - keep-alive
      User-Agent:
<<<<<<< HEAD
<<<<<<< HEAD
      - azsdk-python-communication-phonenumbers/1.1.0 Python/3.10.11 (Windows-10-10.0.22621-SP0)
      x-ms-content-sha256:
      - 47DEQpj8HBSa+/TImW+5JCeuQeRkm5NMpJWZG3hSuFU=
      x-ms-date:
      - Fri, 07 Jul 2023 02:05:28 GMT
      x-ms-return-client-request-id:
      - 'true'
    method: GET
    uri: https://sanitized.communication.azure.com/phoneNumbers/operations/purchase_f353e843-b1a9-45dd-860f-d1b049414b31?api-version=2022-12-01
  response:
    body:
      string: '{"operationType": "purchase", "status": "running", "resourceLocation":
        null, "createdDateTime": "2023-07-07T02:05:23.7960936+00:00", "id": "sanitized",
=======
      - azsdk-python-communication-phonenumbers/1.1.0 Python/3.10.7 (Windows-10-10.0.22621-SP0)
=======
      - azsdk-python-communication-phonenumbers/1.1.0 Python/3.10.11 (Windows-10-10.0.22621-SP0)
>>>>>>> b2629cbf8 (Fix user-identity tests. Reran the whole test suite)
      x-ms-content-sha256:
      - 47DEQpj8HBSa+/TImW+5JCeuQeRkm5NMpJWZG3hSuFU=
      x-ms-date:
      - Thu, 06 Jul 2023 21:12:04 GMT
      x-ms-return-client-request-id:
      - 'true'
    method: GET
    uri: https://sanitized.communication.azure.com/phoneNumbers/operations/purchase_16015f8b-a83d-4aff-b3e1-473fc7458590?api-version=2022-12-01
  response:
    body:
      string: '{"operationType": "purchase", "status": "running", "resourceLocation":
<<<<<<< HEAD
<<<<<<< HEAD
<<<<<<< HEAD
        null, "createdDateTime": "2023-06-23T17:18:30.6271603+00:00", "id": "sanitized",
>>>>>>> ddcd2202f (Adding test recordings)
=======
        null, "createdDateTime": "2023-07-04T23:42:25.8326453+00:00", "id": "sanitized",
>>>>>>> 7c5b674c0 (Reran tests)
=======
        null, "createdDateTime": "2023-07-05T18:23:20.1376943+00:00", "id": "sanitized",
>>>>>>> 6a8169d18 (Updated rooms version for tests)
=======
        null, "createdDateTime": "2023-07-06T21:11:59.0360394+00:00", "id": "sanitized",
>>>>>>> b2629cbf8 (Fix user-identity tests. Reran the whole test suite)
        "lastActionDateTime": "0001-01-01T00:00:00+00:00"}'
    headers:
      api-supported-versions:
      - 2021-03-07, 2022-01-11-preview2, 2022-06-01-preview, 2022-11-15-preview, 2022-12-01,
        2022-12-02-preview2, 2023-05-01-preview
      content-type:
      - application/json; charset=utf-8
      date:
<<<<<<< HEAD
<<<<<<< HEAD
<<<<<<< HEAD
<<<<<<< HEAD
      - Fri, 07 Jul 2023 02:05:28 GMT
      ms-cv:
      - IFZGRUwuZUq75UuRf6VNGA.0
=======
      - Fri, 23 Jun 2023 17:18:35 GMT
      ms-cv:
      - RNMa/IMx8kqdXZwXOBgkUQ.0
>>>>>>> ddcd2202f (Adding test recordings)
=======
      - Tue, 04 Jul 2023 23:42:30 GMT
      ms-cv:
      - ezg8Nhz1AUW2JgFCU8jkXQ.0
>>>>>>> 7c5b674c0 (Reran tests)
=======
      - Wed, 05 Jul 2023 18:23:24 GMT
      ms-cv:
      - BlE5yS7rj06d+bUusWGKpQ.0
>>>>>>> 6a8169d18 (Updated rooms version for tests)
=======
      - Thu, 06 Jul 2023 21:12:03 GMT
      ms-cv:
      - xQzgaOs0nEuovuU8LX1xeg.0
>>>>>>> b2629cbf8 (Fix user-identity tests. Reran the whole test suite)
      strict-transport-security:
      - max-age=2592000
      transfer-encoding:
      - chunked
      x-azure-ref:
<<<<<<< HEAD
<<<<<<< HEAD
<<<<<<< HEAD
<<<<<<< HEAD
      - 06HKnZAAAAADZ2WTsvu1rQbCtBCXBK4L0WVZSMzExMDAwMTE1MDE5ADlmYzdiNTE5LWE4Y2MtNGY4OS05MzVlLWM5MTQ4YWUwOWU4MQ==
      x-cache:
      - CONFIG_NOCACHE
      x-processing-time:
      - 196ms
=======
      - 069OVZAAAAADvoNZHG5ybSrXg39Wj4yQhWVZSMzExMDAwMTE1MDExADlmYzdiNTE5LWE4Y2MtNGY4OS05MzVlLWM5MTQ4YWUwOWU4MQ==
      x-cache:
      - CONFIG_NOCACHE
      x-processing-time:
      - 181ms
>>>>>>> ddcd2202f (Adding test recordings)
=======
      - 0Zq6kZAAAAADgSb7PnedjQKa6eKHY2V8kWVZSMzExMDAwMTE1MDM5ADlmYzdiNTE5LWE4Y2MtNGY4OS05MzVlLWM5MTQ4YWUwOWU4MQ==
      x-cache:
      - CONFIG_NOCACHE
      x-processing-time:
      - 229ms
>>>>>>> 7c5b674c0 (Reran tests)
=======
      - 0HLWlZAAAAADgI3A2ZyPuTaB8r2b1SgpCWVZSMzExMDAwMTE1MDIzADlmYzdiNTE5LWE4Y2MtNGY4OS05MzVlLWM5MTQ4YWUwOWU4MQ==
      x-cache:
      - CONFIG_NOCACHE
      x-processing-time:
      - 260ms
>>>>>>> 6a8169d18 (Updated rooms version for tests)
    status:
      code: 200
      message: OK
    url: sanitized
- request:
    body: null
    headers:
      Accept:
      - '*/*'
      Accept-Encoding:
      - gzip, deflate
      Connection:
      - keep-alive
      User-Agent:
<<<<<<< HEAD
      - azsdk-python-communication-phonenumbers/1.1.0 Python/3.10.11 (Windows-10-10.0.22621-SP0)
      x-ms-content-sha256:
      - 47DEQpj8HBSa+/TImW+5JCeuQeRkm5NMpJWZG3hSuFU=
      x-ms-date:
      - Fri, 07 Jul 2023 02:05:31 GMT
      x-ms-return-client-request-id:
      - 'true'
    method: GET
    uri: https://sanitized.communication.azure.com/phoneNumbers/operations/purchase_f353e843-b1a9-45dd-860f-d1b049414b31?api-version=2022-12-01
  response:
    body:
      string: '{"operationType": "purchase", "status": "notStarted", "resourceLocation":
        null, "createdDateTime": "2023-07-07T02:05:23.7960936+00:00", "id": "sanitized",
=======
      - azsdk-python-communication-phonenumbers/1.1.0 Python/3.10.7 (Windows-10-10.0.22621-SP0)
      x-ms-content-sha256:
      - 47DEQpj8HBSa+/TImW+5JCeuQeRkm5NMpJWZG3hSuFU=
      x-ms-date:
      - Wed, 05 Jul 2023 18:23:26 GMT
      x-ms-return-client-request-id:
      - 'true'
    method: GET
    uri: https://sanitized.communication.azure.com/phoneNumbers/operations/purchase_aff831b1-bb82-41e4-9058-ab2eb6c00e87?api-version=2022-12-01
  response:
    body:
      string: '{"operationType": "purchase", "status": "notStarted", "resourceLocation":
<<<<<<< HEAD
<<<<<<< HEAD
        null, "createdDateTime": "2023-06-23T17:18:30.6271603+00:00", "id": "sanitized",
>>>>>>> ddcd2202f (Adding test recordings)
=======
        null, "createdDateTime": "2023-07-04T23:42:25.8326453+00:00", "id": "sanitized",
>>>>>>> 7c5b674c0 (Reran tests)
=======
        null, "createdDateTime": "2023-07-05T18:23:20.1376943+00:00", "id": "sanitized",
>>>>>>> 6a8169d18 (Updated rooms version for tests)
        "lastActionDateTime": "0001-01-01T00:00:00+00:00"}'
    headers:
      api-supported-versions:
      - 2021-03-07, 2022-01-11-preview2, 2022-06-01-preview, 2022-11-15-preview, 2022-12-01,
        2022-12-02-preview2, 2023-05-01-preview
      content-type:
      - application/json; charset=utf-8
      date:
<<<<<<< HEAD
<<<<<<< HEAD
<<<<<<< HEAD
      - Fri, 07 Jul 2023 02:05:30 GMT
      ms-cv:
      - he4u4PWHG0KLU08pKGdO/Q.0
=======
      - Fri, 23 Jun 2023 17:18:37 GMT
      ms-cv:
      - F39PqTNeA0e/7/ob2vEqdA.0
>>>>>>> ddcd2202f (Adding test recordings)
=======
      - Tue, 04 Jul 2023 23:42:32 GMT
      ms-cv:
      - C7hIa5ncQEGhzxrZib7c9Q.0
>>>>>>> 7c5b674c0 (Reran tests)
=======
      - Wed, 05 Jul 2023 18:23:26 GMT
      ms-cv:
      - 9AzWzAF880igpK/usG+pQA.0
>>>>>>> 6a8169d18 (Updated rooms version for tests)
      strict-transport-security:
      - max-age=2592000
      transfer-encoding:
      - chunked
      x-azure-ref:
<<<<<<< HEAD
<<<<<<< HEAD
<<<<<<< HEAD
      - 06nKnZAAAAACc4d7vBXY6TbhGwlaW2oHQWVZSMzExMDAwMTE1MDE5ADlmYzdiNTE5LWE4Y2MtNGY4OS05MzVlLWM5MTQ4YWUwOWU4MQ==
      x-cache:
      - CONFIG_NOCACHE
      x-processing-time:
      - 215ms
=======
      - 07dOVZAAAAAB/cuWHhMBJRK0xaMcVDf7iWVZSMzExMDAwMTE1MDExADlmYzdiNTE5LWE4Y2MtNGY4OS05MzVlLWM5MTQ4YWUwOWU4MQ==
=======
      - 0aK6kZAAAAADx+Kjwlh6JSauhPJkWIElmWVZSMzExMDAwMTE1MDM5ADlmYzdiNTE5LWE4Y2MtNGY4OS05MzVlLWM5MTQ4YWUwOWU4MQ==
      x-cache:
      - CONFIG_NOCACHE
      x-processing-time:
      - 383ms
=======
      - 0Iy6nZAAAAABUzH7NB3XKQb6bBNocI9JtWVZSMzExMDAwMTE1MDM3ADlmYzdiNTE5LWE4Y2MtNGY4OS05MzVlLWM5MTQ4YWUwOWU4MQ==
      x-cache:
      - CONFIG_NOCACHE
      x-processing-time:
      - 226ms
>>>>>>> b2629cbf8 (Fix user-identity tests. Reran the whole test suite)
    status:
      code: 200
      message: OK
    url: sanitized
- request:
    body: null
    headers:
      Accept:
      - '*/*'
      Accept-Encoding:
      - gzip, deflate
      Connection:
      - keep-alive
      User-Agent:
      - azsdk-python-communication-phonenumbers/1.1.0 Python/3.10.11 (Windows-10-10.0.22621-SP0)
      x-ms-content-sha256:
      - 47DEQpj8HBSa+/TImW+5JCeuQeRkm5NMpJWZG3hSuFU=
      x-ms-date:
<<<<<<< HEAD
      - Tue, 04 Jul 2023 23:42:34 GMT
      x-ms-return-client-request-id:
      - 'true'
    method: GET
    uri: https://sanitized.communication.azure.com/phoneNumbers/operations/purchase_13c12c47-a58c-492d-a1c9-7cf6040c7db0?api-version=2022-12-01
  response:
    body:
      string: '{"operationType": "purchase", "status": "notStarted", "resourceLocation":
        null, "createdDateTime": "2023-07-04T23:42:25.8326453+00:00", "id": "sanitized",
=======
      - Thu, 06 Jul 2023 21:12:06 GMT
      x-ms-return-client-request-id:
      - 'true'
    method: GET
    uri: https://sanitized.communication.azure.com/phoneNumbers/operations/purchase_16015f8b-a83d-4aff-b3e1-473fc7458590?api-version=2022-12-01
  response:
    body:
      string: '{"operationType": "purchase", "status": "running", "resourceLocation":
        null, "createdDateTime": "2023-07-06T21:11:59.0360394+00:00", "id": "sanitized",
        "lastActionDateTime": "0001-01-01T00:00:00+00:00"}'
    headers:
      api-supported-versions:
      - 2021-03-07, 2022-01-11-preview2, 2022-06-01-preview, 2022-11-15-preview, 2022-12-01,
        2022-12-02-preview2, 2023-05-01-preview
      content-type:
      - application/json; charset=utf-8
      date:
      - Thu, 06 Jul 2023 21:12:05 GMT
      ms-cv:
      - qSXlBzMKb0GEZ3siyNfP6w.0
      strict-transport-security:
      - max-age=2592000
      transfer-encoding:
      - chunked
      x-azure-ref:
      - 0JS6nZAAAAADEoogR7VVrQrpmARw3GzsrWVZSMzExMDAwMTE1MDM3ADlmYzdiNTE5LWE4Y2MtNGY4OS05MzVlLWM5MTQ4YWUwOWU4MQ==
      x-cache:
      - CONFIG_NOCACHE
      x-processing-time:
      - 187ms
    status:
      code: 200
      message: OK
    url: sanitized
- request:
    body: null
    headers:
      Accept:
      - '*/*'
      Accept-Encoding:
      - gzip, deflate
      Connection:
      - keep-alive
      User-Agent:
      - azsdk-python-communication-phonenumbers/1.1.0 Python/3.10.11 (Windows-10-10.0.22621-SP0)
      x-ms-content-sha256:
      - 47DEQpj8HBSa+/TImW+5JCeuQeRkm5NMpJWZG3hSuFU=
      x-ms-date:
      - Thu, 06 Jul 2023 21:12:08 GMT
      x-ms-return-client-request-id:
      - 'true'
    method: GET
    uri: https://sanitized.communication.azure.com/phoneNumbers/operations/purchase_16015f8b-a83d-4aff-b3e1-473fc7458590?api-version=2022-12-01
  response:
    body:
      string: '{"operationType": "purchase", "status": "running", "resourceLocation":
        null, "createdDateTime": "2023-07-06T21:11:59.0360394+00:00", "id": "sanitized",
        "lastActionDateTime": "0001-01-01T00:00:00+00:00"}'
    headers:
      api-supported-versions:
      - 2021-03-07, 2022-01-11-preview2, 2022-06-01-preview, 2022-11-15-preview, 2022-12-01,
        2022-12-02-preview2, 2023-05-01-preview
      content-type:
      - application/json; charset=utf-8
      date:
      - Thu, 06 Jul 2023 21:12:08 GMT
      ms-cv:
      - qSYwEyxiQkGaM9EiRHU/7Q.0
      strict-transport-security:
      - max-age=2592000
      transfer-encoding:
      - chunked
      x-azure-ref:
      - 0KC6nZAAAAADOXlY4AQwbQLGtPXI56s46WVZSMzExMDAwMTE1MDM3ADlmYzdiNTE5LWE4Y2MtNGY4OS05MzVlLWM5MTQ4YWUwOWU4MQ==
      x-cache:
      - CONFIG_NOCACHE
      x-processing-time:
      - 186ms
    status:
      code: 200
      message: OK
    url: sanitized
- request:
    body: null
    headers:
      Accept:
      - '*/*'
      Accept-Encoding:
      - gzip, deflate
      Connection:
      - keep-alive
      User-Agent:
      - azsdk-python-communication-phonenumbers/1.1.0 Python/3.10.11 (Windows-10-10.0.22621-SP0)
      x-ms-content-sha256:
      - 47DEQpj8HBSa+/TImW+5JCeuQeRkm5NMpJWZG3hSuFU=
      x-ms-date:
      - Thu, 06 Jul 2023 21:12:11 GMT
      x-ms-return-client-request-id:
      - 'true'
    method: GET
    uri: https://sanitized.communication.azure.com/phoneNumbers/operations/purchase_16015f8b-a83d-4aff-b3e1-473fc7458590?api-version=2022-12-01
  response:
    body:
      string: '{"operationType": "purchase", "status": "running", "resourceLocation":
        null, "createdDateTime": "2023-07-06T21:11:59.0360394+00:00", "id": "sanitized",
        "lastActionDateTime": "0001-01-01T00:00:00+00:00"}'
    headers:
      api-supported-versions:
      - 2021-03-07, 2022-01-11-preview2, 2022-06-01-preview, 2022-11-15-preview, 2022-12-01,
        2022-12-02-preview2, 2023-05-01-preview
      content-type:
      - application/json; charset=utf-8
      date:
      - Thu, 06 Jul 2023 21:12:10 GMT
      ms-cv:
      - E0s328W610qk2u6wXXWWgg.0
      strict-transport-security:
      - max-age=2592000
      transfer-encoding:
      - chunked
      x-azure-ref:
      - 0Ki6nZAAAAACjmzAzpRbqS6KEGGEeWEEaWVZSMzExMDAwMTE1MDM3ADlmYzdiNTE5LWE4Y2MtNGY4OS05MzVlLWM5MTQ4YWUwOWU4MQ==
      x-cache:
      - CONFIG_NOCACHE
      x-processing-time:
      - 201ms
    status:
      code: 200
      message: OK
    url: sanitized
- request:
    body: null
    headers:
      Accept:
      - '*/*'
      Accept-Encoding:
      - gzip, deflate
      Connection:
      - keep-alive
      User-Agent:
      - azsdk-python-communication-phonenumbers/1.1.0 Python/3.10.11 (Windows-10-10.0.22621-SP0)
      x-ms-content-sha256:
      - 47DEQpj8HBSa+/TImW+5JCeuQeRkm5NMpJWZG3hSuFU=
      x-ms-date:
      - Thu, 06 Jul 2023 21:12:13 GMT
      x-ms-return-client-request-id:
      - 'true'
    method: GET
    uri: https://sanitized.communication.azure.com/phoneNumbers/operations/purchase_16015f8b-a83d-4aff-b3e1-473fc7458590?api-version=2022-12-01
  response:
    body:
      string: '{"operationType": "purchase", "status": "notStarted", "resourceLocation":
        null, "createdDateTime": "2023-07-06T21:11:59.0360394+00:00", "id": "sanitized",
>>>>>>> b2629cbf8 (Fix user-identity tests. Reran the whole test suite)
        "lastActionDateTime": "0001-01-01T00:00:00+00:00"}'
    headers:
      api-supported-versions:
      - 2021-03-07, 2022-01-11-preview2, 2022-06-01-preview, 2022-11-15-preview, 2022-12-01,
        2022-12-02-preview2, 2023-05-01-preview
      content-type:
      - application/json; charset=utf-8
      date:
<<<<<<< HEAD
      - Tue, 04 Jul 2023 23:42:35 GMT
      ms-cv:
      - xKLfrM0P2ky30ynvCuA1jg.0
=======
      - Thu, 06 Jul 2023 21:12:12 GMT
      ms-cv:
      - 3bMEJyCbeUK4GBITfujcDg.0
>>>>>>> b2629cbf8 (Fix user-identity tests. Reran the whole test suite)
      strict-transport-security:
      - max-age=2592000
      transfer-encoding:
      - chunked
      x-azure-ref:
<<<<<<< HEAD
      - 0a66kZAAAAADk9aOF+1LbSp0pnAiJ367kWVZSMzExMDAwMTE1MDM5ADlmYzdiNTE5LWE4Y2MtNGY4OS05MzVlLWM5MTQ4YWUwOWU4MQ==
      x-cache:
      - CONFIG_NOCACHE
      x-processing-time:
      - 200ms
    status:
      code: 200
      message: OK
    url: sanitized
- request:
    body: null
    headers:
      Accept:
      - '*/*'
      Accept-Encoding:
      - gzip, deflate
      Connection:
      - keep-alive
      User-Agent:
      - azsdk-python-communication-phonenumbers/1.1.0 Python/3.10.7 (Windows-10-10.0.22621-SP0)
      x-ms-content-sha256:
      - 47DEQpj8HBSa+/TImW+5JCeuQeRkm5NMpJWZG3hSuFU=
      x-ms-date:
      - Tue, 04 Jul 2023 23:42:37 GMT
      x-ms-return-client-request-id:
      - 'true'
    method: GET
    uri: https://sanitized.communication.azure.com/phoneNumbers/operations/purchase_13c12c47-a58c-492d-a1c9-7cf6040c7db0?api-version=2022-12-01
  response:
    body:
      string: '{"operationType": "purchase", "status": "notStarted", "resourceLocation":
        null, "createdDateTime": "2023-07-04T23:42:25.8326453+00:00", "id": "sanitized",
        "lastActionDateTime": "0001-01-01T00:00:00+00:00"}'
    headers:
      api-supported-versions:
      - 2021-03-07, 2022-01-11-preview2, 2022-06-01-preview, 2022-11-15-preview, 2022-12-01,
        2022-12-02-preview2, 2023-05-01-preview
      content-type:
      - application/json; charset=utf-8
      date:
      - Tue, 04 Jul 2023 23:42:37 GMT
      ms-cv:
      - X8mbFxzi/0a5Zc8ksAs5dQ.0
      strict-transport-security:
      - max-age=2592000
      transfer-encoding:
      - chunked
      x-azure-ref:
      - 0ba6kZAAAAAB85WeYxjF4Qp6uzZs5OpIeWVZSMzExMDAwMTE1MDM5ADlmYzdiNTE5LWE4Y2MtNGY4OS05MzVlLWM5MTQ4YWUwOWU4MQ==
      x-cache:
      - CONFIG_NOCACHE
      x-processing-time:
      - 199ms
    status:
      code: 200
      message: OK
    url: sanitized
- request:
    body: null
    headers:
      Accept:
      - '*/*'
      Accept-Encoding:
      - gzip, deflate
      Connection:
      - keep-alive
      User-Agent:
      - azsdk-python-communication-phonenumbers/1.1.0 Python/3.10.7 (Windows-10-10.0.22621-SP0)
      x-ms-content-sha256:
      - 47DEQpj8HBSa+/TImW+5JCeuQeRkm5NMpJWZG3hSuFU=
      x-ms-date:
      - Tue, 04 Jul 2023 23:42:39 GMT
      x-ms-return-client-request-id:
      - 'true'
    method: GET
    uri: https://sanitized.communication.azure.com/phoneNumbers/operations/purchase_13c12c47-a58c-492d-a1c9-7cf6040c7db0?api-version=2022-12-01
  response:
    body:
      string: '{"operationType": "purchase", "status": "notStarted", "resourceLocation":
        null, "createdDateTime": "2023-07-04T23:42:25.8326453+00:00", "id": "sanitized",
        "lastActionDateTime": "0001-01-01T00:00:00+00:00"}'
    headers:
      api-supported-versions:
      - 2021-03-07, 2022-01-11-preview2, 2022-06-01-preview, 2022-11-15-preview, 2022-12-01,
        2022-12-02-preview2, 2023-05-01-preview
      content-type:
      - application/json; charset=utf-8
      date:
      - Tue, 04 Jul 2023 23:42:39 GMT
      ms-cv:
      - 6dNMnqAZC0+IYCORSgSgtw.0
      strict-transport-security:
      - max-age=2592000
      transfer-encoding:
      - chunked
      x-azure-ref:
      - 0b66kZAAAAADLuVRT+FWBT6S9kx5FT96UWVZSMzExMDAwMTE1MDM5ADlmYzdiNTE5LWE4Y2MtNGY4OS05MzVlLWM5MTQ4YWUwOWU4MQ==
      x-cache:
      - CONFIG_NOCACHE
      x-processing-time:
      - 212ms
    status:
      code: 200
      message: OK
    url: sanitized
- request:
    body: null
    headers:
      Accept:
      - '*/*'
      Accept-Encoding:
      - gzip, deflate
      Connection:
      - keep-alive
      User-Agent:
      - azsdk-python-communication-phonenumbers/1.1.0 Python/3.10.7 (Windows-10-10.0.22621-SP0)
      x-ms-content-sha256:
      - 47DEQpj8HBSa+/TImW+5JCeuQeRkm5NMpJWZG3hSuFU=
      x-ms-date:
      - Tue, 04 Jul 2023 23:42:41 GMT
      x-ms-return-client-request-id:
      - 'true'
    method: GET
    uri: https://sanitized.communication.azure.com/phoneNumbers/operations/purchase_13c12c47-a58c-492d-a1c9-7cf6040c7db0?api-version=2022-12-01
  response:
    body:
      string: '{"operationType": "purchase", "status": "notStarted", "resourceLocation":
        null, "createdDateTime": "2023-07-04T23:42:25.8326453+00:00", "id": "sanitized",
        "lastActionDateTime": "0001-01-01T00:00:00+00:00"}'
    headers:
      api-supported-versions:
      - 2021-03-07, 2022-01-11-preview2, 2022-06-01-preview, 2022-11-15-preview, 2022-12-01,
        2022-12-02-preview2, 2023-05-01-preview
      content-type:
      - application/json; charset=utf-8
      date:
      - Tue, 04 Jul 2023 23:42:42 GMT
      ms-cv:
      - oLVUbq7KQk6o+inmuiFSLw.0
      strict-transport-security:
      - max-age=2592000
      transfer-encoding:
      - chunked
      x-azure-ref:
      - 0ca6kZAAAAAAIDsGv9NisSaFeiZyeZpteWVZSMzExMDAwMTE1MDM5ADlmYzdiNTE5LWE4Y2MtNGY4OS05MzVlLWM5MTQ4YWUwOWU4MQ==
      x-cache:
      - CONFIG_NOCACHE
      x-processing-time:
      - 224ms
    status:
      code: 200
      message: OK
    url: sanitized
- request:
    body: null
    headers:
      Accept:
      - '*/*'
      Accept-Encoding:
      - gzip, deflate
      Connection:
      - keep-alive
      User-Agent:
      - azsdk-python-communication-phonenumbers/1.1.0 Python/3.10.7 (Windows-10-10.0.22621-SP0)
      x-ms-content-sha256:
      - 47DEQpj8HBSa+/TImW+5JCeuQeRkm5NMpJWZG3hSuFU=
      x-ms-date:
      - Tue, 04 Jul 2023 23:42:44 GMT
      x-ms-return-client-request-id:
      - 'true'
    method: GET
    uri: https://sanitized.communication.azure.com/phoneNumbers/operations/purchase_13c12c47-a58c-492d-a1c9-7cf6040c7db0?api-version=2022-12-01
  response:
    body:
      string: '{"operationType": "purchase", "status": "notStarted", "resourceLocation":
        null, "createdDateTime": "2023-07-04T23:42:25.8326453+00:00", "id": "sanitized",
        "lastActionDateTime": "0001-01-01T00:00:00+00:00"}'
    headers:
      api-supported-versions:
      - 2021-03-07, 2022-01-11-preview2, 2022-06-01-preview, 2022-11-15-preview, 2022-12-01,
        2022-12-02-preview2, 2023-05-01-preview
      content-type:
      - application/json; charset=utf-8
      date:
      - Tue, 04 Jul 2023 23:42:44 GMT
      ms-cv:
      - xgrbOxQ3Zki0gUNl/cDJJw.0
      strict-transport-security:
      - max-age=2592000
      transfer-encoding:
      - chunked
      x-azure-ref:
      - 0dK6kZAAAAADF17ZmVQtFSYd/MOwoe+7EWVZSMzExMDAwMTE1MDM5ADlmYzdiNTE5LWE4Y2MtNGY4OS05MzVlLWM5MTQ4YWUwOWU4MQ==
      x-cache:
      - CONFIG_NOCACHE
      x-processing-time:
      - 231ms
    status:
      code: 200
      message: OK
    url: sanitized
- request:
    body: null
    headers:
      Accept:
      - '*/*'
      Accept-Encoding:
      - gzip, deflate
      Connection:
      - keep-alive
      User-Agent:
      - azsdk-python-communication-phonenumbers/1.1.0 Python/3.10.7 (Windows-10-10.0.22621-SP0)
      x-ms-content-sha256:
      - 47DEQpj8HBSa+/TImW+5JCeuQeRkm5NMpJWZG3hSuFU=
      x-ms-date:
      - Tue, 04 Jul 2023 23:42:46 GMT
      x-ms-return-client-request-id:
      - 'true'
    method: GET
    uri: https://sanitized.communication.azure.com/phoneNumbers/operations/purchase_13c12c47-a58c-492d-a1c9-7cf6040c7db0?api-version=2022-12-01
  response:
    body:
      string: '{"operationType": "purchase", "status": "notStarted", "resourceLocation":
        null, "createdDateTime": "2023-07-04T23:42:25.8326453+00:00", "id": "sanitized",
        "lastActionDateTime": "0001-01-01T00:00:00+00:00"}'
    headers:
      api-supported-versions:
      - 2021-03-07, 2022-01-11-preview2, 2022-06-01-preview, 2022-11-15-preview, 2022-12-01,
        2022-12-02-preview2, 2023-05-01-preview
      content-type:
      - application/json; charset=utf-8
      date:
      - Tue, 04 Jul 2023 23:42:46 GMT
      ms-cv:
      - yfEkX19rkUO/dlhlll5AEg.0
      strict-transport-security:
      - max-age=2592000
      transfer-encoding:
      - chunked
      x-azure-ref:
      - 0dq6kZAAAAAAy4enegrwYQJN4QpxafKkeWVZSMzExMDAwMTE1MDM5ADlmYzdiNTE5LWE4Y2MtNGY4OS05MzVlLWM5MTQ4YWUwOWU4MQ==
      x-cache:
      - CONFIG_NOCACHE
      x-processing-time:
      - 234ms
    status:
      code: 200
      message: OK
    url: sanitized
- request:
    body: null
    headers:
      Accept:
      - '*/*'
      Accept-Encoding:
      - gzip, deflate
      Connection:
      - keep-alive
      User-Agent:
      - azsdk-python-communication-phonenumbers/1.1.0 Python/3.10.7 (Windows-10-10.0.22621-SP0)
      x-ms-content-sha256:
      - 47DEQpj8HBSa+/TImW+5JCeuQeRkm5NMpJWZG3hSuFU=
      x-ms-date:
      - Tue, 04 Jul 2023 23:42:48 GMT
      x-ms-return-client-request-id:
      - 'true'
    method: GET
    uri: https://sanitized.communication.azure.com/phoneNumbers/operations/purchase_13c12c47-a58c-492d-a1c9-7cf6040c7db0?api-version=2022-12-01
  response:
    body:
      string: '{"operationType": "purchase", "status": "notStarted", "resourceLocation":
        null, "createdDateTime": "2023-07-04T23:42:25.8326453+00:00", "id": "sanitized",
        "lastActionDateTime": "0001-01-01T00:00:00+00:00"}'
    headers:
      api-supported-versions:
      - 2021-03-07, 2022-01-11-preview2, 2022-06-01-preview, 2022-11-15-preview, 2022-12-01,
        2022-12-02-preview2, 2023-05-01-preview
      content-type:
      - application/json; charset=utf-8
      date:
      - Tue, 04 Jul 2023 23:42:49 GMT
      ms-cv:
      - 5S4GXf4bekKeKURFt7AYvQ.0
      strict-transport-security:
      - max-age=2592000
      transfer-encoding:
      - chunked
      x-azure-ref:
      - 0ea6kZAAAAAD24biRtPTfQpqaTC88fOYoWVZSMzExMDAwMTE1MDM5ADlmYzdiNTE5LWE4Y2MtNGY4OS05MzVlLWM5MTQ4YWUwOWU4MQ==
      x-cache:
      - CONFIG_NOCACHE
      x-processing-time:
      - 239ms
    status:
      code: 200
      message: OK
    url: sanitized
- request:
    body: null
    headers:
      Accept:
      - '*/*'
      Accept-Encoding:
      - gzip, deflate
      Connection:
      - keep-alive
      User-Agent:
      - azsdk-python-communication-phonenumbers/1.1.0 Python/3.10.7 (Windows-10-10.0.22621-SP0)
      x-ms-content-sha256:
      - 47DEQpj8HBSa+/TImW+5JCeuQeRkm5NMpJWZG3hSuFU=
      x-ms-date:
      - Tue, 04 Jul 2023 23:42:51 GMT
      x-ms-return-client-request-id:
      - 'true'
    method: GET
    uri: https://sanitized.communication.azure.com/phoneNumbers/operations/purchase_13c12c47-a58c-492d-a1c9-7cf6040c7db0?api-version=2022-12-01
  response:
    body:
      string: '{"operationType": "purchase", "status": "notStarted", "resourceLocation":
        null, "createdDateTime": "2023-07-04T23:42:25.8326453+00:00", "id": "sanitized",
        "lastActionDateTime": "0001-01-01T00:00:00+00:00"}'
    headers:
      api-supported-versions:
      - 2021-03-07, 2022-01-11-preview2, 2022-06-01-preview, 2022-11-15-preview, 2022-12-01,
        2022-12-02-preview2, 2023-05-01-preview
      content-type:
      - application/json; charset=utf-8
      date:
      - Tue, 04 Jul 2023 23:42:51 GMT
      ms-cv:
      - QgpdwO56BU2P5W2BIKMvwQ.0
      strict-transport-security:
      - max-age=2592000
      transfer-encoding:
      - chunked
      x-azure-ref:
      - 0e66kZAAAAAAphG6wDDPBRaooxvNbQz4OWVZSMzExMDAwMTE1MDM5ADlmYzdiNTE5LWE4Y2MtNGY4OS05MzVlLWM5MTQ4YWUwOWU4MQ==
      x-cache:
      - CONFIG_NOCACHE
      x-processing-time:
      - 229ms
    status:
      code: 200
      message: OK
    url: sanitized
- request:
    body: null
    headers:
      Accept:
      - '*/*'
      Accept-Encoding:
      - gzip, deflate
      Connection:
      - keep-alive
      User-Agent:
      - azsdk-python-communication-phonenumbers/1.1.0 Python/3.10.7 (Windows-10-10.0.22621-SP0)
      x-ms-content-sha256:
      - 47DEQpj8HBSa+/TImW+5JCeuQeRkm5NMpJWZG3hSuFU=
      x-ms-date:
      - Tue, 04 Jul 2023 23:42:53 GMT
      x-ms-return-client-request-id:
      - 'true'
    method: GET
    uri: https://sanitized.communication.azure.com/phoneNumbers/operations/purchase_13c12c47-a58c-492d-a1c9-7cf6040c7db0?api-version=2022-12-01
  response:
    body:
      string: '{"operationType": "purchase", "status": "notStarted", "resourceLocation":
        null, "createdDateTime": "2023-07-04T23:42:25.8326453+00:00", "id": "sanitized",
        "lastActionDateTime": "0001-01-01T00:00:00+00:00"}'
    headers:
      api-supported-versions:
      - 2021-03-07, 2022-01-11-preview2, 2022-06-01-preview, 2022-11-15-preview, 2022-12-01,
        2022-12-02-preview2, 2023-05-01-preview
      content-type:
      - application/json; charset=utf-8
      date:
      - Tue, 04 Jul 2023 23:42:53 GMT
      ms-cv:
      - tsrFOO56fkiOm95TDSoQtA.0
      strict-transport-security:
      - max-age=2592000
      transfer-encoding:
      - chunked
      x-azure-ref:
      - 0fa6kZAAAAAAgF1EXhiNWSpL+QCTOd5TvWVZSMzExMDAwMTE1MDM5ADlmYzdiNTE5LWE4Y2MtNGY4OS05MzVlLWM5MTQ4YWUwOWU4MQ==
      x-cache:
      - CONFIG_NOCACHE
      x-processing-time:
      - 216ms
    status:
      code: 200
      message: OK
    url: sanitized
- request:
    body: null
    headers:
      Accept:
      - '*/*'
      Accept-Encoding:
      - gzip, deflate
      Connection:
      - keep-alive
      User-Agent:
      - azsdk-python-communication-phonenumbers/1.1.0 Python/3.10.7 (Windows-10-10.0.22621-SP0)
      x-ms-content-sha256:
      - 47DEQpj8HBSa+/TImW+5JCeuQeRkm5NMpJWZG3hSuFU=
      x-ms-date:
      - Tue, 04 Jul 2023 23:42:55 GMT
      x-ms-return-client-request-id:
      - 'true'
    method: GET
    uri: https://sanitized.communication.azure.com/phoneNumbers/operations/purchase_13c12c47-a58c-492d-a1c9-7cf6040c7db0?api-version=2022-12-01
  response:
    body:
      string: '{"operationType": "purchase", "status": "notStarted", "resourceLocation":
        null, "createdDateTime": "2023-07-04T23:42:25.8326453+00:00", "id": "sanitized",
        "lastActionDateTime": "0001-01-01T00:00:00+00:00"}'
    headers:
      api-supported-versions:
      - 2021-03-07, 2022-01-11-preview2, 2022-06-01-preview, 2022-11-15-preview, 2022-12-01,
        2022-12-02-preview2, 2023-05-01-preview
      content-type:
      - application/json; charset=utf-8
      date:
      - Tue, 04 Jul 2023 23:42:56 GMT
      ms-cv:
      - d+zbphiXXkyFwv+EeA1VUw.0
      strict-transport-security:
      - max-age=2592000
      transfer-encoding:
      - chunked
      x-azure-ref:
      - 0gK6kZAAAAAAlnb+MsvSzS6lLQ03+2eYJWVZSMzExMDAwMTE1MDM5ADlmYzdiNTE5LWE4Y2MtNGY4OS05MzVlLWM5MTQ4YWUwOWU4MQ==
      x-cache:
      - CONFIG_NOCACHE
      x-processing-time:
      - 226ms
    status:
      code: 200
      message: OK
    url: sanitized
- request:
    body: null
    headers:
      Accept:
      - '*/*'
      Accept-Encoding:
      - gzip, deflate
      Connection:
      - keep-alive
      User-Agent:
      - azsdk-python-communication-phonenumbers/1.1.0 Python/3.10.7 (Windows-10-10.0.22621-SP0)
      x-ms-content-sha256:
      - 47DEQpj8HBSa+/TImW+5JCeuQeRkm5NMpJWZG3hSuFU=
      x-ms-date:
      - Tue, 04 Jul 2023 23:42:58 GMT
      x-ms-return-client-request-id:
      - 'true'
    method: GET
    uri: https://sanitized.communication.azure.com/phoneNumbers/operations/purchase_13c12c47-a58c-492d-a1c9-7cf6040c7db0?api-version=2022-12-01
  response:
    body:
      string: '{"operationType": "purchase", "status": "notStarted", "resourceLocation":
        null, "createdDateTime": "2023-07-04T23:42:25.8326453+00:00", "id": "sanitized",
        "lastActionDateTime": "0001-01-01T00:00:00+00:00"}'
    headers:
      api-supported-versions:
      - 2021-03-07, 2022-01-11-preview2, 2022-06-01-preview, 2022-11-15-preview, 2022-12-01,
        2022-12-02-preview2, 2023-05-01-preview
      content-type:
      - application/json; charset=utf-8
      date:
      - Tue, 04 Jul 2023 23:42:58 GMT
      ms-cv:
      - zuzZ4sTTPkGfvQrWxsP3Ow.0
      strict-transport-security:
      - max-age=2592000
      transfer-encoding:
      - chunked
      x-azure-ref:
      - 0gq6kZAAAAAC8hjcdjVUoRZQ2Hg8XLuSOWVZSMzExMDAwMTE1MDM5ADlmYzdiNTE5LWE4Y2MtNGY4OS05MzVlLWM5MTQ4YWUwOWU4MQ==
>>>>>>> 7c5b674c0 (Reran tests)
      x-cache:
      - CONFIG_NOCACHE
      x-processing-time:
      - 214ms
>>>>>>> ddcd2202f (Adding test recordings)
    status:
      code: 200
      message: OK
    url: sanitized
- request:
    body: null
    headers:
      Accept:
      - '*/*'
      Accept-Encoding:
      - gzip, deflate
      Connection:
      - keep-alive
      User-Agent:
<<<<<<< HEAD
      - azsdk-python-communication-phonenumbers/1.1.0 Python/3.10.11 (Windows-10-10.0.22621-SP0)
      x-ms-content-sha256:
      - 47DEQpj8HBSa+/TImW+5JCeuQeRkm5NMpJWZG3hSuFU=
      x-ms-date:
      - Fri, 07 Jul 2023 02:05:33 GMT
      x-ms-return-client-request-id:
      - 'true'
    method: GET
    uri: https://sanitized.communication.azure.com/phoneNumbers/operations/purchase_f353e843-b1a9-45dd-860f-d1b049414b31?api-version=2022-12-01
  response:
    body:
      string: '{"operationType": "purchase", "status": "notStarted", "resourceLocation":
        null, "createdDateTime": "2023-07-07T02:05:23.7960936+00:00", "id": "sanitized",
=======
      - azsdk-python-communication-phonenumbers/1.1.0 Python/3.10.7 (Windows-10-10.0.22621-SP0)
      x-ms-content-sha256:
      - 47DEQpj8HBSa+/TImW+5JCeuQeRkm5NMpJWZG3hSuFU=
      x-ms-date:
      - Tue, 04 Jul 2023 23:43:00 GMT
      x-ms-return-client-request-id:
      - 'true'
    method: GET
    uri: https://sanitized.communication.azure.com/phoneNumbers/operations/purchase_13c12c47-a58c-492d-a1c9-7cf6040c7db0?api-version=2022-12-01
  response:
    body:
      string: '{"operationType": "purchase", "status": "notStarted", "resourceLocation":
<<<<<<< HEAD
        null, "createdDateTime": "2023-06-23T17:18:30.6271603+00:00", "id": "sanitized",
>>>>>>> ddcd2202f (Adding test recordings)
=======
        null, "createdDateTime": "2023-07-04T23:42:25.8326453+00:00", "id": "sanitized",
>>>>>>> 7c5b674c0 (Reran tests)
        "lastActionDateTime": "0001-01-01T00:00:00+00:00"}'
    headers:
      api-supported-versions:
      - 2021-03-07, 2022-01-11-preview2, 2022-06-01-preview, 2022-11-15-preview, 2022-12-01,
        2022-12-02-preview2, 2023-05-01-preview
      content-type:
      - application/json; charset=utf-8
      date:
<<<<<<< HEAD
<<<<<<< HEAD
      - Fri, 07 Jul 2023 02:05:32 GMT
      ms-cv:
      - 1xgZmCkeq0Ku6DU7mHWOmg.0
=======
      - Fri, 23 Jun 2023 17:18:39 GMT
      ms-cv:
      - GEnz4kT3f0O1RZkP4rroOg.0
>>>>>>> ddcd2202f (Adding test recordings)
=======
      - Tue, 04 Jul 2023 23:43:00 GMT
      ms-cv:
      - FXyAGJmkNk6atGnt006XhQ.0
>>>>>>> 7c5b674c0 (Reran tests)
      strict-transport-security:
      - max-age=2592000
      transfer-encoding:
      - chunked
      x-azure-ref:
<<<<<<< HEAD
<<<<<<< HEAD
      - 07HKnZAAAAAAXVrIgRaQJQrX7Zw699ILrWVZSMzExMDAwMTE1MDE5ADlmYzdiNTE5LWE4Y2MtNGY4OS05MzVlLWM5MTQ4YWUwOWU4MQ==
      x-cache:
      - CONFIG_NOCACHE
      x-processing-time:
      - 216ms
=======
      - 079OVZAAAAAA3FR5cCGALQpxsOd9xTln5WVZSMzExMDAwMTE1MDExADlmYzdiNTE5LWE4Y2MtNGY4OS05MzVlLWM5MTQ4YWUwOWU4MQ==
      x-cache:
      - CONFIG_NOCACHE
      x-processing-time:
      - 207ms
>>>>>>> ddcd2202f (Adding test recordings)
=======
      - 0hK6kZAAAAACKYyWjE9POQ6GgEyP/ONpBWVZSMzExMDAwMTE1MDM5ADlmYzdiNTE5LWE4Y2MtNGY4OS05MzVlLWM5MTQ4YWUwOWU4MQ==
      x-cache:
      - CONFIG_NOCACHE
      x-processing-time:
      - 232ms
>>>>>>> 7c5b674c0 (Reran tests)
    status:
      code: 200
      message: OK
    url: sanitized
- request:
    body: null
    headers:
      Accept:
      - '*/*'
      Accept-Encoding:
      - gzip, deflate
      Connection:
      - keep-alive
      User-Agent:
<<<<<<< HEAD
      - azsdk-python-communication-phonenumbers/1.1.0 Python/3.10.11 (Windows-10-10.0.22621-SP0)
      x-ms-content-sha256:
      - 47DEQpj8HBSa+/TImW+5JCeuQeRkm5NMpJWZG3hSuFU=
      x-ms-date:
      - Fri, 07 Jul 2023 02:05:35 GMT
      x-ms-return-client-request-id:
      - 'true'
    method: GET
    uri: https://sanitized.communication.azure.com/phoneNumbers/operations/purchase_f353e843-b1a9-45dd-860f-d1b049414b31?api-version=2022-12-01
  response:
    body:
      string: '{"operationType": "purchase", "status": "notStarted", "resourceLocation":
        null, "createdDateTime": "2023-07-07T02:05:23.7960936+00:00", "id": "sanitized",
=======
      - azsdk-python-communication-phonenumbers/1.1.0 Python/3.10.7 (Windows-10-10.0.22621-SP0)
      x-ms-content-sha256:
      - 47DEQpj8HBSa+/TImW+5JCeuQeRkm5NMpJWZG3hSuFU=
      x-ms-date:
      - Tue, 04 Jul 2023 23:43:02 GMT
      x-ms-return-client-request-id:
      - 'true'
    method: GET
    uri: https://sanitized.communication.azure.com/phoneNumbers/operations/purchase_13c12c47-a58c-492d-a1c9-7cf6040c7db0?api-version=2022-12-01
  response:
    body:
      string: '{"operationType": "purchase", "status": "notStarted", "resourceLocation":
<<<<<<< HEAD
        null, "createdDateTime": "2023-06-23T17:18:30.6271603+00:00", "id": "sanitized",
>>>>>>> ddcd2202f (Adding test recordings)
=======
        null, "createdDateTime": "2023-07-04T23:42:25.8326453+00:00", "id": "sanitized",
>>>>>>> 7c5b674c0 (Reran tests)
        "lastActionDateTime": "0001-01-01T00:00:00+00:00"}'
    headers:
      api-supported-versions:
      - 2021-03-07, 2022-01-11-preview2, 2022-06-01-preview, 2022-11-15-preview, 2022-12-01,
        2022-12-02-preview2, 2023-05-01-preview
      content-type:
      - application/json; charset=utf-8
      date:
<<<<<<< HEAD
<<<<<<< HEAD
      - Fri, 07 Jul 2023 02:05:35 GMT
      ms-cv:
      - CpQgT6V3BUGmAHthGbH3PQ.0
=======
      - Fri, 23 Jun 2023 17:18:42 GMT
      ms-cv:
      - l90AzZ9p6kyvb0IXparRWw.0
>>>>>>> ddcd2202f (Adding test recordings)
=======
      - Tue, 04 Jul 2023 23:43:03 GMT
      ms-cv:
      - Bb8cbVnNnk61jJ60HdduTg.0
>>>>>>> 7c5b674c0 (Reran tests)
      strict-transport-security:
      - max-age=2592000
      transfer-encoding:
      - chunked
      x-azure-ref:
<<<<<<< HEAD
<<<<<<< HEAD
      - 073KnZAAAAAAFxiDaUYRMQIo//zqbt2yNWVZSMzExMDAwMTE1MDE5ADlmYzdiNTE5LWE4Y2MtNGY4OS05MzVlLWM5MTQ4YWUwOWU4MQ==
      x-cache:
      - CONFIG_NOCACHE
      x-processing-time:
      - 233ms
=======
      - 08tOVZAAAAACuIYSwfMKeSLVRf4Opq2OaWVZSMzExMDAwMTE1MDExADlmYzdiNTE5LWE4Y2MtNGY4OS05MzVlLWM5MTQ4YWUwOWU4MQ==
      x-cache:
      - CONFIG_NOCACHE
      x-processing-time:
      - 205ms
>>>>>>> ddcd2202f (Adding test recordings)
=======
      - 0h66kZAAAAACdI+wCFSjVT4sgvzxYmBNWWVZSMzExMDAwMTE1MDM5ADlmYzdiNTE5LWE4Y2MtNGY4OS05MzVlLWM5MTQ4YWUwOWU4MQ==
      x-cache:
      - CONFIG_NOCACHE
      x-processing-time:
      - 215ms
>>>>>>> 7c5b674c0 (Reran tests)
    status:
      code: 200
      message: OK
    url: sanitized
- request:
    body: null
    headers:
      Accept:
      - '*/*'
      Accept-Encoding:
      - gzip, deflate
      Connection:
      - keep-alive
      User-Agent:
<<<<<<< HEAD
      - azsdk-python-communication-phonenumbers/1.1.0 Python/3.10.11 (Windows-10-10.0.22621-SP0)
      x-ms-content-sha256:
      - 47DEQpj8HBSa+/TImW+5JCeuQeRkm5NMpJWZG3hSuFU=
      x-ms-date:
      - Fri, 07 Jul 2023 02:05:38 GMT
      x-ms-return-client-request-id:
      - 'true'
    method: GET
    uri: https://sanitized.communication.azure.com/phoneNumbers/operations/purchase_f353e843-b1a9-45dd-860f-d1b049414b31?api-version=2022-12-01
  response:
    body:
      string: '{"operationType": "purchase", "status": "notStarted", "resourceLocation":
        null, "createdDateTime": "2023-07-07T02:05:23.7960936+00:00", "id": "sanitized",
=======
      - azsdk-python-communication-phonenumbers/1.1.0 Python/3.10.7 (Windows-10-10.0.22621-SP0)
      x-ms-content-sha256:
      - 47DEQpj8HBSa+/TImW+5JCeuQeRkm5NMpJWZG3hSuFU=
      x-ms-date:
      - Tue, 04 Jul 2023 23:43:05 GMT
      x-ms-return-client-request-id:
      - 'true'
    method: GET
    uri: https://sanitized.communication.azure.com/phoneNumbers/operations/purchase_13c12c47-a58c-492d-a1c9-7cf6040c7db0?api-version=2022-12-01
  response:
    body:
      string: '{"operationType": "purchase", "status": "notStarted", "resourceLocation":
<<<<<<< HEAD
        null, "createdDateTime": "2023-06-23T17:18:30.6271603+00:00", "id": "sanitized",
>>>>>>> ddcd2202f (Adding test recordings)
=======
        null, "createdDateTime": "2023-07-04T23:42:25.8326453+00:00", "id": "sanitized",
>>>>>>> 7c5b674c0 (Reran tests)
        "lastActionDateTime": "0001-01-01T00:00:00+00:00"}'
    headers:
      api-supported-versions:
      - 2021-03-07, 2022-01-11-preview2, 2022-06-01-preview, 2022-11-15-preview, 2022-12-01,
        2022-12-02-preview2, 2023-05-01-preview
      content-type:
      - application/json; charset=utf-8
      date:
<<<<<<< HEAD
<<<<<<< HEAD
      - Fri, 07 Jul 2023 02:05:37 GMT
      ms-cv:
      - MkBFsVWXEUiRgqBP6QENdg.0
=======
      - Fri, 23 Jun 2023 17:18:44 GMT
      ms-cv:
      - D47X33erbkivxEdohpNdbQ.0
>>>>>>> ddcd2202f (Adding test recordings)
=======
      - Tue, 04 Jul 2023 23:43:05 GMT
      ms-cv:
      - QpFpQzXhokSWiA8qTWIbjA.0
>>>>>>> 7c5b674c0 (Reran tests)
      strict-transport-security:
      - max-age=2592000
      transfer-encoding:
      - chunked
      x-azure-ref:
<<<<<<< HEAD
<<<<<<< HEAD
      - 08XKnZAAAAAAlBcNjIQOrQKOUy88/uVGcWVZSMzExMDAwMTE1MDE5ADlmYzdiNTE5LWE4Y2MtNGY4OS05MzVlLWM5MTQ4YWUwOWU4MQ==
=======
      - 0ia6kZAAAAADCKQt2lEn+R6FRq/v1pT2AWVZSMzExMDAwMTE1MDM5ADlmYzdiNTE5LWE4Y2MtNGY4OS05MzVlLWM5MTQ4YWUwOWU4MQ==
      x-cache:
      - CONFIG_NOCACHE
      x-processing-time:
      - 199ms
    status:
      code: 200
      message: OK
    url: sanitized
- request:
    body: null
    headers:
      Accept:
      - '*/*'
      Accept-Encoding:
      - gzip, deflate
      Connection:
      - keep-alive
      User-Agent:
      - azsdk-python-communication-phonenumbers/1.1.0 Python/3.10.7 (Windows-10-10.0.22621-SP0)
      x-ms-content-sha256:
      - 47DEQpj8HBSa+/TImW+5JCeuQeRkm5NMpJWZG3hSuFU=
      x-ms-date:
      - Tue, 04 Jul 2023 23:43:07 GMT
      x-ms-return-client-request-id:
      - 'true'
    method: GET
    uri: https://sanitized.communication.azure.com/phoneNumbers/operations/purchase_13c12c47-a58c-492d-a1c9-7cf6040c7db0?api-version=2022-12-01
  response:
    body:
      string: '{"operationType": "purchase", "status": "notStarted", "resourceLocation":
        null, "createdDateTime": "2023-07-04T23:42:25.8326453+00:00", "id": "sanitized",
        "lastActionDateTime": "0001-01-01T00:00:00+00:00"}'
    headers:
      api-supported-versions:
      - 2021-03-07, 2022-01-11-preview2, 2022-06-01-preview, 2022-11-15-preview, 2022-12-01,
        2022-12-02-preview2, 2023-05-01-preview
      content-type:
      - application/json; charset=utf-8
      date:
      - Tue, 04 Jul 2023 23:43:07 GMT
      ms-cv:
      - TOMPB/h6OUqsHnFq5oN6ag.0
      strict-transport-security:
      - max-age=2592000
      transfer-encoding:
      - chunked
      x-azure-ref:
      - 0i66kZAAAAADNnMxlhfkuTpBeNydmc+wiWVZSMzExMDAwMTE1MDM5ADlmYzdiNTE5LWE4Y2MtNGY4OS05MzVlLWM5MTQ4YWUwOWU4MQ==
      x-cache:
      - CONFIG_NOCACHE
      x-processing-time:
      - 225ms
    status:
      code: 200
      message: OK
    url: sanitized
- request:
    body: null
    headers:
      Accept:
      - '*/*'
      Accept-Encoding:
      - gzip, deflate
      Connection:
      - keep-alive
      User-Agent:
      - azsdk-python-communication-phonenumbers/1.1.0 Python/3.10.7 (Windows-10-10.0.22621-SP0)
      x-ms-content-sha256:
      - 47DEQpj8HBSa+/TImW+5JCeuQeRkm5NMpJWZG3hSuFU=
      x-ms-date:
      - Tue, 04 Jul 2023 23:43:09 GMT
      x-ms-return-client-request-id:
      - 'true'
    method: GET
    uri: https://sanitized.communication.azure.com/phoneNumbers/operations/purchase_13c12c47-a58c-492d-a1c9-7cf6040c7db0?api-version=2022-12-01
  response:
    body:
      string: '{"operationType": "purchase", "status": "notStarted", "resourceLocation":
        null, "createdDateTime": "2023-07-04T23:42:25.8326453+00:00", "id": "sanitized",
        "lastActionDateTime": "0001-01-01T00:00:00+00:00"}'
    headers:
      api-supported-versions:
      - 2021-03-07, 2022-01-11-preview2, 2022-06-01-preview, 2022-11-15-preview, 2022-12-01,
        2022-12-02-preview2, 2023-05-01-preview
      content-type:
      - application/json; charset=utf-8
      date:
      - Tue, 04 Jul 2023 23:43:10 GMT
      ms-cv:
      - taq1Bjlpy0uPP6V3qdXD4A.0
      strict-transport-security:
      - max-age=2592000
      transfer-encoding:
      - chunked
      x-azure-ref:
      - 0ja6kZAAAAABudRKg0JjgRp+QQRQDRaKXWVZSMzExMDAwMTE1MDM5ADlmYzdiNTE5LWE4Y2MtNGY4OS05MzVlLWM5MTQ4YWUwOWU4MQ==
      x-cache:
      - CONFIG_NOCACHE
      x-processing-time:
      - 217ms
    status:
      code: 200
      message: OK
    url: sanitized
- request:
    body: null
    headers:
      Accept:
      - '*/*'
      Accept-Encoding:
      - gzip, deflate
      Connection:
      - keep-alive
      User-Agent:
      - azsdk-python-communication-phonenumbers/1.1.0 Python/3.10.7 (Windows-10-10.0.22621-SP0)
      x-ms-content-sha256:
      - 47DEQpj8HBSa+/TImW+5JCeuQeRkm5NMpJWZG3hSuFU=
      x-ms-date:
      - Tue, 04 Jul 2023 23:43:12 GMT
      x-ms-return-client-request-id:
      - 'true'
    method: GET
    uri: https://sanitized.communication.azure.com/phoneNumbers/operations/purchase_13c12c47-a58c-492d-a1c9-7cf6040c7db0?api-version=2022-12-01
  response:
    body:
      string: '{"operationType": "purchase", "status": "notStarted", "resourceLocation":
        null, "createdDateTime": "2023-07-04T23:42:25.8326453+00:00", "id": "sanitized",
        "lastActionDateTime": "0001-01-01T00:00:00+00:00"}'
    headers:
      api-supported-versions:
      - 2021-03-07, 2022-01-11-preview2, 2022-06-01-preview, 2022-11-15-preview, 2022-12-01,
        2022-12-02-preview2, 2023-05-01-preview
      content-type:
      - application/json; charset=utf-8
      date:
      - Tue, 04 Jul 2023 23:43:12 GMT
      ms-cv:
      - 16eht38kH0+aDNjjeWvlEA.0
      strict-transport-security:
      - max-age=2592000
      transfer-encoding:
      - chunked
      x-azure-ref:
      - 0kK6kZAAAAACBUg7EtSCKRZ6lVXh7iDjiWVZSMzExMDAwMTE1MDM5ADlmYzdiNTE5LWE4Y2MtNGY4OS05MzVlLWM5MTQ4YWUwOWU4MQ==
      x-cache:
      - CONFIG_NOCACHE
      x-processing-time:
      - 215ms
    status:
      code: 200
      message: OK
    url: sanitized
- request:
    body: null
    headers:
      Accept:
      - '*/*'
      Accept-Encoding:
      - gzip, deflate
      Connection:
      - keep-alive
      User-Agent:
      - azsdk-python-communication-phonenumbers/1.1.0 Python/3.10.7 (Windows-10-10.0.22621-SP0)
      x-ms-content-sha256:
      - 47DEQpj8HBSa+/TImW+5JCeuQeRkm5NMpJWZG3hSuFU=
      x-ms-date:
      - Tue, 04 Jul 2023 23:43:14 GMT
      x-ms-return-client-request-id:
      - 'true'
    method: GET
    uri: https://sanitized.communication.azure.com/phoneNumbers/operations/purchase_13c12c47-a58c-492d-a1c9-7cf6040c7db0?api-version=2022-12-01
  response:
    body:
      string: '{"operationType": "purchase", "status": "notStarted", "resourceLocation":
        null, "createdDateTime": "2023-07-04T23:42:25.8326453+00:00", "id": "sanitized",
        "lastActionDateTime": "0001-01-01T00:00:00+00:00"}'
    headers:
      api-supported-versions:
      - 2021-03-07, 2022-01-11-preview2, 2022-06-01-preview, 2022-11-15-preview, 2022-12-01,
        2022-12-02-preview2, 2023-05-01-preview
      content-type:
      - application/json; charset=utf-8
      date:
      - Tue, 04 Jul 2023 23:43:14 GMT
      ms-cv:
      - GuxmFQS6hUqjZUyzcgGEJA.0
      strict-transport-security:
      - max-age=2592000
      transfer-encoding:
      - chunked
      x-azure-ref:
      - 0kq6kZAAAAAAuWujdLFLoR76atUZVYrJ9WVZSMzExMDAwMTE1MDM5ADlmYzdiNTE5LWE4Y2MtNGY4OS05MzVlLWM5MTQ4YWUwOWU4MQ==
      x-cache:
      - CONFIG_NOCACHE
      x-processing-time:
      - 196ms
    status:
      code: 200
      message: OK
    url: sanitized
- request:
    body: null
    headers:
      Accept:
      - '*/*'
      Accept-Encoding:
      - gzip, deflate
      Connection:
      - keep-alive
      User-Agent:
      - azsdk-python-communication-phonenumbers/1.1.0 Python/3.10.7 (Windows-10-10.0.22621-SP0)
      x-ms-content-sha256:
      - 47DEQpj8HBSa+/TImW+5JCeuQeRkm5NMpJWZG3hSuFU=
      x-ms-date:
      - Tue, 04 Jul 2023 23:43:16 GMT
      x-ms-return-client-request-id:
      - 'true'
    method: GET
    uri: https://sanitized.communication.azure.com/phoneNumbers/operations/purchase_13c12c47-a58c-492d-a1c9-7cf6040c7db0?api-version=2022-12-01
  response:
    body:
      string: '{"operationType": "purchase", "status": "notStarted", "resourceLocation":
        null, "createdDateTime": "2023-07-04T23:42:25.8326453+00:00", "id": "sanitized",
        "lastActionDateTime": "0001-01-01T00:00:00+00:00"}'
    headers:
      api-supported-versions:
      - 2021-03-07, 2022-01-11-preview2, 2022-06-01-preview, 2022-11-15-preview, 2022-12-01,
        2022-12-02-preview2, 2023-05-01-preview
      content-type:
      - application/json; charset=utf-8
      date:
      - Tue, 04 Jul 2023 23:43:17 GMT
      ms-cv:
      - 9HrrA2StkE2fGTs4NDwVMQ.0
      strict-transport-security:
      - max-age=2592000
      transfer-encoding:
      - chunked
      x-azure-ref:
      - 0lK6kZAAAAABO+DzmhHEmTadfnin79+C9WVZSMzExMDAwMTE1MDM5ADlmYzdiNTE5LWE4Y2MtNGY4OS05MzVlLWM5MTQ4YWUwOWU4MQ==
      x-cache:
      - CONFIG_NOCACHE
      x-processing-time:
      - 237ms
    status:
      code: 200
      message: OK
    url: sanitized
- request:
    body: null
    headers:
      Accept:
      - '*/*'
      Accept-Encoding:
      - gzip, deflate
      Connection:
      - keep-alive
      User-Agent:
      - azsdk-python-communication-phonenumbers/1.1.0 Python/3.10.7 (Windows-10-10.0.22621-SP0)
      x-ms-content-sha256:
      - 47DEQpj8HBSa+/TImW+5JCeuQeRkm5NMpJWZG3hSuFU=
      x-ms-date:
      - Tue, 04 Jul 2023 23:43:19 GMT
      x-ms-return-client-request-id:
      - 'true'
    method: GET
    uri: https://sanitized.communication.azure.com/phoneNumbers/operations/purchase_13c12c47-a58c-492d-a1c9-7cf6040c7db0?api-version=2022-12-01
  response:
    body:
      string: '{"operationType": "purchase", "status": "notStarted", "resourceLocation":
        null, "createdDateTime": "2023-07-04T23:42:25.8326453+00:00", "id": "sanitized",
        "lastActionDateTime": "0001-01-01T00:00:00+00:00"}'
    headers:
      api-supported-versions:
      - 2021-03-07, 2022-01-11-preview2, 2022-06-01-preview, 2022-11-15-preview, 2022-12-01,
        2022-12-02-preview2, 2023-05-01-preview
      content-type:
      - application/json; charset=utf-8
      date:
      - Tue, 04 Jul 2023 23:43:19 GMT
      ms-cv:
      - gbSdj5EtAkKEj97/FAbeBA.0
      strict-transport-security:
      - max-age=2592000
      transfer-encoding:
      - chunked
      x-azure-ref:
      - 0l66kZAAAAAB4tjvg/WYtR4uzWdKiHAmlWVZSMzExMDAwMTE1MDM5ADlmYzdiNTE5LWE4Y2MtNGY4OS05MzVlLWM5MTQ4YWUwOWU4MQ==
      x-cache:
      - CONFIG_NOCACHE
      x-processing-time:
      - 220ms
    status:
      code: 200
      message: OK
    url: sanitized
- request:
    body: null
    headers:
      Accept:
      - '*/*'
      Accept-Encoding:
      - gzip, deflate
      Connection:
      - keep-alive
      User-Agent:
      - azsdk-python-communication-phonenumbers/1.1.0 Python/3.10.7 (Windows-10-10.0.22621-SP0)
      x-ms-content-sha256:
      - 47DEQpj8HBSa+/TImW+5JCeuQeRkm5NMpJWZG3hSuFU=
      x-ms-date:
      - Tue, 04 Jul 2023 23:43:21 GMT
      x-ms-return-client-request-id:
      - 'true'
    method: GET
    uri: https://sanitized.communication.azure.com/phoneNumbers/operations/purchase_13c12c47-a58c-492d-a1c9-7cf6040c7db0?api-version=2022-12-01
  response:
    body:
      string: '{"operationType": "purchase", "status": "notStarted", "resourceLocation":
        null, "createdDateTime": "2023-07-04T23:42:25.8326453+00:00", "id": "sanitized",
        "lastActionDateTime": "0001-01-01T00:00:00+00:00"}'
    headers:
      api-supported-versions:
      - 2021-03-07, 2022-01-11-preview2, 2022-06-01-preview, 2022-11-15-preview, 2022-12-01,
        2022-12-02-preview2, 2023-05-01-preview
      content-type:
      - application/json; charset=utf-8
      date:
      - Tue, 04 Jul 2023 23:43:21 GMT
      ms-cv:
      - VIl5i7/TZUyGaWHrPY6bZg.0
      strict-transport-security:
      - max-age=2592000
      transfer-encoding:
      - chunked
      x-azure-ref:
      - 0ma6kZAAAAAAw8Goj7D0GTZTdUkU+zIdeWVZSMzExMDAwMTE1MDM5ADlmYzdiNTE5LWE4Y2MtNGY4OS05MzVlLWM5MTQ4YWUwOWU4MQ==
=======
      - 0HrWlZAAAAAD40HSr1smLSp4B4P8VHCquWVZSMzExMDAwMTE1MDIzADlmYzdiNTE5LWE4Y2MtNGY4OS05MzVlLWM5MTQ4YWUwOWU4MQ==
>>>>>>> 6a8169d18 (Updated rooms version for tests)
=======
      - 0LC6nZAAAAACVgoqBOfUzS5lHkvOzxrMdWVZSMzExMDAwMTE1MDM3ADlmYzdiNTE5LWE4Y2MtNGY4OS05MzVlLWM5MTQ4YWUwOWU4MQ==
>>>>>>> b2629cbf8 (Fix user-identity tests. Reran the whole test suite)
      x-cache:
      - CONFIG_NOCACHE
      x-processing-time:
      - 186ms
    status:
      code: 200
      message: OK
    url: sanitized
- request:
    body: null
    headers:
      Accept:
      - '*/*'
      Accept-Encoding:
      - gzip, deflate
      Connection:
      - keep-alive
      User-Agent:
      - azsdk-python-communication-phonenumbers/1.1.0 Python/3.10.11 (Windows-10-10.0.22621-SP0)
      x-ms-content-sha256:
      - 47DEQpj8HBSa+/TImW+5JCeuQeRkm5NMpJWZG3hSuFU=
      x-ms-date:
      - Thu, 06 Jul 2023 21:12:15 GMT
      x-ms-return-client-request-id:
      - 'true'
    method: GET
    uri: https://sanitized.communication.azure.com/phoneNumbers/operations/purchase_16015f8b-a83d-4aff-b3e1-473fc7458590?api-version=2022-12-01
  response:
    body:
      string: '{"operationType": "purchase", "status": "notStarted", "resourceLocation":
        null, "createdDateTime": "2023-07-06T21:11:59.0360394+00:00", "id": "sanitized",
        "lastActionDateTime": "0001-01-01T00:00:00+00:00"}'
    headers:
      api-supported-versions:
      - 2021-03-07, 2022-01-11-preview2, 2022-06-01-preview, 2022-11-15-preview, 2022-12-01,
        2022-12-02-preview2, 2023-05-01-preview
      content-type:
      - application/json; charset=utf-8
      date:
      - Thu, 06 Jul 2023 21:12:15 GMT
      ms-cv:
      - TlUuf0WW60Of6g4evmwzrw.0
      strict-transport-security:
      - max-age=2592000
      transfer-encoding:
      - chunked
      x-azure-ref:
<<<<<<< HEAD
<<<<<<< HEAD
      - 0m66kZAAAAADqefRyDOJgR66ro3XblnPBWVZSMzExMDAwMTE1MDM5ADlmYzdiNTE5LWE4Y2MtNGY4OS05MzVlLWM5MTQ4YWUwOWU4MQ==
>>>>>>> 7c5b674c0 (Reran tests)
      x-cache:
      - CONFIG_NOCACHE
      x-processing-time:
      - 194ms
<<<<<<< HEAD
=======
      - 09NOVZAAAAAA6Hz8IQFFtSIr1naXyyihoWVZSMzExMDAwMTE1MDExADlmYzdiNTE5LWE4Y2MtNGY4OS05MzVlLWM5MTQ4YWUwOWU4MQ==
=======
=======
      - 0IbWlZAAAAAAIa+mURW2kSKE8lu/HFwPgWVZSMzExMDAwMTE1MDIzADlmYzdiNTE5LWE4Y2MtNGY4OS05MzVlLWM5MTQ4YWUwOWU4MQ==
      x-cache:
      - CONFIG_NOCACHE
      x-processing-time:
      - 260ms
>>>>>>> 6a8169d18 (Updated rooms version for tests)
=======
      - 0Ly6nZAAAAAB7/swFbokvTYfpXWbEB3dzWVZSMzExMDAwMTE1MDM3ADlmYzdiNTE5LWE4Y2MtNGY4OS05MzVlLWM5MTQ4YWUwOWU4MQ==
      x-cache:
      - CONFIG_NOCACHE
      x-processing-time:
      - 185ms
>>>>>>> b2629cbf8 (Fix user-identity tests. Reran the whole test suite)
    status:
      code: 200
      message: OK
    url: sanitized
- request:
    body: null
    headers:
      Accept:
      - '*/*'
      Accept-Encoding:
      - gzip, deflate
      Connection:
      - keep-alive
      User-Agent:
      - azsdk-python-communication-phonenumbers/1.1.0 Python/3.10.11 (Windows-10-10.0.22621-SP0)
      x-ms-content-sha256:
      - 47DEQpj8HBSa+/TImW+5JCeuQeRkm5NMpJWZG3hSuFU=
      x-ms-date:
      - Thu, 06 Jul 2023 21:12:18 GMT
      x-ms-return-client-request-id:
      - 'true'
    method: GET
    uri: https://sanitized.communication.azure.com/phoneNumbers/operations/purchase_16015f8b-a83d-4aff-b3e1-473fc7458590?api-version=2022-12-01
  response:
    body:
      string: '{"operationType": "purchase", "status": "notStarted", "resourceLocation":
        null, "createdDateTime": "2023-07-06T21:11:59.0360394+00:00", "id": "sanitized",
        "lastActionDateTime": "0001-01-01T00:00:00+00:00"}'
    headers:
      api-supported-versions:
      - 2021-03-07, 2022-01-11-preview2, 2022-06-01-preview, 2022-11-15-preview, 2022-12-01,
        2022-12-02-preview2, 2023-05-01-preview
      content-type:
      - application/json; charset=utf-8
      date:
      - Thu, 06 Jul 2023 21:12:17 GMT
      ms-cv:
      - zBxCRxeUpkWAcA2r2e4j1g.0
      strict-transport-security:
      - max-age=2592000
      transfer-encoding:
      - chunked
      x-azure-ref:
      - 0MS6nZAAAAACAxFb0jmuZRpcmtOkN/TDZWVZSMzExMDAwMTE1MDM3ADlmYzdiNTE5LWE4Y2MtNGY4OS05MzVlLWM5MTQ4YWUwOWU4MQ==
      x-cache:
      - CONFIG_NOCACHE
      x-processing-time:
      - 199ms
    status:
      code: 200
      message: OK
    url: sanitized
- request:
    body: null
    headers:
      Accept:
      - '*/*'
      Accept-Encoding:
      - gzip, deflate
      Connection:
      - keep-alive
      User-Agent:
      - azsdk-python-communication-phonenumbers/1.1.0 Python/3.10.11 (Windows-10-10.0.22621-SP0)
      x-ms-content-sha256:
      - 47DEQpj8HBSa+/TImW+5JCeuQeRkm5NMpJWZG3hSuFU=
      x-ms-date:
      - Thu, 06 Jul 2023 21:12:20 GMT
      x-ms-return-client-request-id:
      - 'true'
    method: GET
    uri: https://sanitized.communication.azure.com/phoneNumbers/operations/purchase_16015f8b-a83d-4aff-b3e1-473fc7458590?api-version=2022-12-01
  response:
    body:
      string: '{"operationType": "purchase", "status": "notStarted", "resourceLocation":
        null, "createdDateTime": "2023-07-06T21:11:59.0360394+00:00", "id": "sanitized",
        "lastActionDateTime": "0001-01-01T00:00:00+00:00"}'
    headers:
      api-supported-versions:
      - 2021-03-07, 2022-01-11-preview2, 2022-06-01-preview, 2022-11-15-preview, 2022-12-01,
        2022-12-02-preview2, 2023-05-01-preview
      content-type:
      - application/json; charset=utf-8
      date:
      - Thu, 06 Jul 2023 21:12:19 GMT
      ms-cv:
      - f6Qh6DLBC0GES969GZSX1A.0
      strict-transport-security:
      - max-age=2592000
      transfer-encoding:
      - chunked
      x-azure-ref:
      - 0My6nZAAAAADq2AXkg6dQQaJ/AQvnhflZWVZSMzExMDAwMTE1MDM3ADlmYzdiNTE5LWE4Y2MtNGY4OS05MzVlLWM5MTQ4YWUwOWU4MQ==
      x-cache:
      - CONFIG_NOCACHE
      x-processing-time:
      - 192ms
    status:
      code: 200
      message: OK
    url: sanitized
- request:
    body: null
    headers:
      Accept:
      - '*/*'
      Accept-Encoding:
      - gzip, deflate
      Connection:
      - keep-alive
      User-Agent:
      - azsdk-python-communication-phonenumbers/1.1.0 Python/3.10.11 (Windows-10-10.0.22621-SP0)
      x-ms-content-sha256:
      - 47DEQpj8HBSa+/TImW+5JCeuQeRkm5NMpJWZG3hSuFU=
      x-ms-date:
      - Thu, 06 Jul 2023 21:12:22 GMT
      x-ms-return-client-request-id:
      - 'true'
    method: GET
    uri: https://sanitized.communication.azure.com/phoneNumbers/operations/purchase_16015f8b-a83d-4aff-b3e1-473fc7458590?api-version=2022-12-01
  response:
    body:
      string: '{"operationType": "purchase", "status": "notStarted", "resourceLocation":
        null, "createdDateTime": "2023-07-06T21:11:59.0360394+00:00", "id": "sanitized",
        "lastActionDateTime": "0001-01-01T00:00:00+00:00"}'
    headers:
      api-supported-versions:
      - 2021-03-07, 2022-01-11-preview2, 2022-06-01-preview, 2022-11-15-preview, 2022-12-01,
        2022-12-02-preview2, 2023-05-01-preview
      content-type:
      - application/json; charset=utf-8
      date:
      - Thu, 06 Jul 2023 21:12:22 GMT
      ms-cv:
      - HQ06keJHlkaBH/vmmTlooA.0
      strict-transport-security:
      - max-age=2592000
      transfer-encoding:
      - chunked
      x-azure-ref:
      - 0NS6nZAAAAABT2gLbf7i3SJgCuP4jejCXWVZSMzExMDAwMTE1MDM3ADlmYzdiNTE5LWE4Y2MtNGY4OS05MzVlLWM5MTQ4YWUwOWU4MQ==
      x-cache:
      - CONFIG_NOCACHE
      x-processing-time:
      - 186ms
    status:
      code: 200
      message: OK
    url: sanitized
- request:
    body: null
    headers:
      Accept:
      - '*/*'
      Accept-Encoding:
      - gzip, deflate
      Connection:
      - keep-alive
      User-Agent:
      - azsdk-python-communication-phonenumbers/1.1.0 Python/3.10.11 (Windows-10-10.0.22621-SP0)
      x-ms-content-sha256:
      - 47DEQpj8HBSa+/TImW+5JCeuQeRkm5NMpJWZG3hSuFU=
      x-ms-date:
      - Thu, 06 Jul 2023 21:12:24 GMT
      x-ms-return-client-request-id:
      - 'true'
    method: GET
    uri: https://sanitized.communication.azure.com/phoneNumbers/operations/purchase_16015f8b-a83d-4aff-b3e1-473fc7458590?api-version=2022-12-01
  response:
    body:
      string: '{"operationType": "purchase", "status": "notStarted", "resourceLocation":
        null, "createdDateTime": "2023-07-06T21:11:59.0360394+00:00", "id": "sanitized",
        "lastActionDateTime": "0001-01-01T00:00:00+00:00"}'
    headers:
      api-supported-versions:
      - 2021-03-07, 2022-01-11-preview2, 2022-06-01-preview, 2022-11-15-preview, 2022-12-01,
        2022-12-02-preview2, 2023-05-01-preview
      content-type:
      - application/json; charset=utf-8
      date:
      - Thu, 06 Jul 2023 21:12:24 GMT
      ms-cv:
      - k0rFpx3R40SuYoTuluYQXg.0
      strict-transport-security:
      - max-age=2592000
      transfer-encoding:
      - chunked
      x-azure-ref:
<<<<<<< HEAD
<<<<<<< HEAD
      - 0qa6kZAAAAAAalmbclnNtSK7Cfnlx5feXWVZSMzExMDAwMTE1MDM5ADlmYzdiNTE5LWE4Y2MtNGY4OS05MzVlLWM5MTQ4YWUwOWU4MQ==
>>>>>>> 7c5b674c0 (Reran tests)
      x-cache:
      - CONFIG_NOCACHE
      x-processing-time:
      - 204ms
>>>>>>> ddcd2202f (Adding test recordings)
=======
      - 0KrWlZAAAAADhlY0YWX5dR6Uz8Xa8HotEWVZSMzExMDAwMTE1MDIzADlmYzdiNTE5LWE4Y2MtNGY4OS05MzVlLWM5MTQ4YWUwOWU4MQ==
      x-cache:
      - CONFIG_NOCACHE
      x-processing-time:
      - 228ms
>>>>>>> 6a8169d18 (Updated rooms version for tests)
=======
      - 0OC6nZAAAAAAQ4gK3UfEIR5cA8/b0YGUVWVZSMzExMDAwMTE1MDM3ADlmYzdiNTE5LWE4Y2MtNGY4OS05MzVlLWM5MTQ4YWUwOWU4MQ==
      x-cache:
      - CONFIG_NOCACHE
      x-processing-time:
      - 195ms
>>>>>>> b2629cbf8 (Fix user-identity tests. Reran the whole test suite)
    status:
      code: 200
      message: OK
    url: sanitized
- request:
    body: null
    headers:
      Accept:
      - '*/*'
      Accept-Encoding:
      - gzip, deflate
      Connection:
      - keep-alive
      User-Agent:
<<<<<<< HEAD
<<<<<<< HEAD
      - azsdk-python-communication-phonenumbers/1.1.0 Python/3.10.11 (Windows-10-10.0.22621-SP0)
      x-ms-content-sha256:
      - 47DEQpj8HBSa+/TImW+5JCeuQeRkm5NMpJWZG3hSuFU=
      x-ms-date:
      - Fri, 07 Jul 2023 02:05:40 GMT
      x-ms-return-client-request-id:
      - 'true'
    method: GET
    uri: https://sanitized.communication.azure.com/phoneNumbers/operations/purchase_f353e843-b1a9-45dd-860f-d1b049414b31?api-version=2022-12-01
  response:
    body:
      string: '{"operationType": "purchase", "status": "notStarted", "resourceLocation":
        null, "createdDateTime": "2023-07-07T02:05:23.7960936+00:00", "id": "sanitized",
=======
      - azsdk-python-communication-phonenumbers/1.1.0 Python/3.10.7 (Windows-10-10.0.22621-SP0)
=======
      - azsdk-python-communication-phonenumbers/1.1.0 Python/3.10.11 (Windows-10-10.0.22621-SP0)
>>>>>>> b2629cbf8 (Fix user-identity tests. Reran the whole test suite)
      x-ms-content-sha256:
      - 47DEQpj8HBSa+/TImW+5JCeuQeRkm5NMpJWZG3hSuFU=
      x-ms-date:
      - Thu, 06 Jul 2023 21:12:27 GMT
      x-ms-return-client-request-id:
      - 'true'
    method: GET
    uri: https://sanitized.communication.azure.com/phoneNumbers/operations/purchase_16015f8b-a83d-4aff-b3e1-473fc7458590?api-version=2022-12-01
  response:
    body:
      string: '{"operationType": "purchase", "status": "notStarted", "resourceLocation":
<<<<<<< HEAD
<<<<<<< HEAD
<<<<<<< HEAD
        null, "createdDateTime": "2023-06-23T17:18:30.6271603+00:00", "id": "sanitized",
>>>>>>> ddcd2202f (Adding test recordings)
=======
        null, "createdDateTime": "2023-07-04T23:42:25.8326453+00:00", "id": "sanitized",
>>>>>>> 7c5b674c0 (Reran tests)
=======
        null, "createdDateTime": "2023-07-05T18:23:20.1376943+00:00", "id": "sanitized",
>>>>>>> 6a8169d18 (Updated rooms version for tests)
=======
        null, "createdDateTime": "2023-07-06T21:11:59.0360394+00:00", "id": "sanitized",
>>>>>>> b2629cbf8 (Fix user-identity tests. Reran the whole test suite)
        "lastActionDateTime": "0001-01-01T00:00:00+00:00"}'
    headers:
      api-supported-versions:
      - 2021-03-07, 2022-01-11-preview2, 2022-06-01-preview, 2022-11-15-preview, 2022-12-01,
        2022-12-02-preview2, 2023-05-01-preview
      content-type:
      - application/json; charset=utf-8
      date:
<<<<<<< HEAD
<<<<<<< HEAD
<<<<<<< HEAD
<<<<<<< HEAD
      - Fri, 07 Jul 2023 02:05:40 GMT
      ms-cv:
      - +4EOb0hekk6rsWsVEKwWBg.0
=======
      - Fri, 23 Jun 2023 17:18:47 GMT
      ms-cv:
      - grnTp4W99EmIcbjmg0QYBA.0
>>>>>>> ddcd2202f (Adding test recordings)
=======
      - Tue, 04 Jul 2023 23:43:40 GMT
      ms-cv:
      - cZ5OFtXvZkK6BW3xe3Fubg.0
>>>>>>> 7c5b674c0 (Reran tests)
=======
      - Wed, 05 Jul 2023 18:23:41 GMT
      ms-cv:
      - 8iOVUQASgU6wyVByHdTBOA.0
>>>>>>> 6a8169d18 (Updated rooms version for tests)
=======
      - Thu, 06 Jul 2023 21:12:26 GMT
      ms-cv:
      - 6b9rsnwuokChNZNeps/3Eg.0
>>>>>>> b2629cbf8 (Fix user-identity tests. Reran the whole test suite)
      strict-transport-security:
      - max-age=2592000
      transfer-encoding:
      - chunked
      x-azure-ref:
<<<<<<< HEAD
<<<<<<< HEAD
<<<<<<< HEAD
<<<<<<< HEAD
      - 083KnZAAAAAB1rcsxOlpLSpb/yavlnsp5WVZSMzExMDAwMTE1MDE5ADlmYzdiNTE5LWE4Y2MtNGY4OS05MzVlLWM5MTQ4YWUwOWU4MQ==
      x-cache:
      - CONFIG_NOCACHE
      x-processing-time:
      - 353ms
=======
      - 09tOVZAAAAAAoq6xTWdApTLPiS1ZR5TRSWVZSMzExMDAwMTE1MDExADlmYzdiNTE5LWE4Y2MtNGY4OS05MzVlLWM5MTQ4YWUwOWU4MQ==
      x-cache:
      - CONFIG_NOCACHE
      x-processing-time:
      - 328ms
>>>>>>> ddcd2202f (Adding test recordings)
=======
      - 0rK6kZAAAAAAzgkwphjbHSZBOWr8hFno3WVZSMzExMDAwMTE1MDM5ADlmYzdiNTE5LWE4Y2MtNGY4OS05MzVlLWM5MTQ4YWUwOWU4MQ==
      x-cache:
      - CONFIG_NOCACHE
      x-processing-time:
      - 224ms
>>>>>>> 7c5b674c0 (Reran tests)
    status:
      code: 200
      message: OK
    url: sanitized
- request:
    body: null
    headers:
      Accept:
      - '*/*'
      Accept-Encoding:
      - gzip, deflate
      Connection:
      - keep-alive
      User-Agent:
<<<<<<< HEAD
      - azsdk-python-communication-phonenumbers/1.1.0 Python/3.10.11 (Windows-10-10.0.22621-SP0)
      x-ms-content-sha256:
      - 47DEQpj8HBSa+/TImW+5JCeuQeRkm5NMpJWZG3hSuFU=
      x-ms-date:
      - Fri, 07 Jul 2023 02:05:42 GMT
      x-ms-return-client-request-id:
      - 'true'
    method: GET
    uri: https://sanitized.communication.azure.com/phoneNumbers/operations/purchase_f353e843-b1a9-45dd-860f-d1b049414b31?api-version=2022-12-01
  response:
    body:
      string: '{"operationType": "purchase", "status": "notStarted", "resourceLocation":
        null, "createdDateTime": "2023-07-07T02:05:23.7960936+00:00", "id": "sanitized",
=======
      - azsdk-python-communication-phonenumbers/1.1.0 Python/3.10.7 (Windows-10-10.0.22621-SP0)
      x-ms-content-sha256:
      - 47DEQpj8HBSa+/TImW+5JCeuQeRkm5NMpJWZG3hSuFU=
      x-ms-date:
      - Tue, 04 Jul 2023 23:43:42 GMT
      x-ms-return-client-request-id:
      - 'true'
    method: GET
    uri: https://sanitized.communication.azure.com/phoneNumbers/operations/purchase_13c12c47-a58c-492d-a1c9-7cf6040c7db0?api-version=2022-12-01
  response:
    body:
      string: '{"operationType": "purchase", "status": "notStarted", "resourceLocation":
<<<<<<< HEAD
        null, "createdDateTime": "2023-06-23T17:18:30.6271603+00:00", "id": "sanitized",
>>>>>>> ddcd2202f (Adding test recordings)
=======
        null, "createdDateTime": "2023-07-04T23:42:25.8326453+00:00", "id": "sanitized",
>>>>>>> 7c5b674c0 (Reran tests)
        "lastActionDateTime": "0001-01-01T00:00:00+00:00"}'
    headers:
      api-supported-versions:
      - 2021-03-07, 2022-01-11-preview2, 2022-06-01-preview, 2022-11-15-preview, 2022-12-01,
        2022-12-02-preview2, 2023-05-01-preview
      content-type:
      - application/json; charset=utf-8
      date:
<<<<<<< HEAD
<<<<<<< HEAD
      - Fri, 07 Jul 2023 02:05:42 GMT
      ms-cv:
      - vaVcXIcRuUi71gdl1sFxoQ.0
=======
      - Fri, 23 Jun 2023 17:18:49 GMT
      ms-cv:
      - P/pZ59jhYEaQzp6VZl6W5Q.0
>>>>>>> ddcd2202f (Adding test recordings)
=======
      - Tue, 04 Jul 2023 23:43:42 GMT
      ms-cv:
      - xac0vsWGWkCH+8QLMDs+Lw.0
>>>>>>> 7c5b674c0 (Reran tests)
      strict-transport-security:
      - max-age=2592000
      transfer-encoding:
      - chunked
      x-azure-ref:
<<<<<<< HEAD
<<<<<<< HEAD
      - 09nKnZAAAAABvV8G9dZ6YT7olCQFJ2Cy7WVZSMzExMDAwMTE1MDE5ADlmYzdiNTE5LWE4Y2MtNGY4OS05MzVlLWM5MTQ4YWUwOWU4MQ==
      x-cache:
      - CONFIG_NOCACHE
      x-processing-time:
      - 232ms
=======
      - 0+dOVZAAAAACdMMfqhwKBTolZ60LaIArfWVZSMzExMDAwMTE1MDExADlmYzdiNTE5LWE4Y2MtNGY4OS05MzVlLWM5MTQ4YWUwOWU4MQ==
      x-cache:
      - CONFIG_NOCACHE
      x-processing-time:
      - 207ms
>>>>>>> ddcd2202f (Adding test recordings)
    status:
      code: 200
      message: OK
    url: sanitized
- request:
    body: null
    headers:
      Accept:
      - '*/*'
      Accept-Encoding:
      - gzip, deflate
      Connection:
      - keep-alive
      User-Agent:
<<<<<<< HEAD
      - azsdk-python-communication-phonenumbers/1.1.0 Python/3.10.11 (Windows-10-10.0.22621-SP0)
      x-ms-content-sha256:
      - 47DEQpj8HBSa+/TImW+5JCeuQeRkm5NMpJWZG3hSuFU=
      x-ms-date:
      - Fri, 07 Jul 2023 02:05:45 GMT
      x-ms-return-client-request-id:
      - 'true'
    method: GET
    uri: https://sanitized.communication.azure.com/phoneNumbers/operations/purchase_f353e843-b1a9-45dd-860f-d1b049414b31?api-version=2022-12-01
  response:
    body:
      string: '{"operationType": "purchase", "status": "succeeded", "resourceLocation":
        null, "createdDateTime": "2023-07-07T02:05:23.7960936+00:00", "id": "sanitized",
=======
      - azsdk-python-communication-phonenumbers/1.1.0 Python/3.10.7 (Windows-10-10.0.22621-SP0)
      x-ms-content-sha256:
      - 47DEQpj8HBSa+/TImW+5JCeuQeRkm5NMpJWZG3hSuFU=
      x-ms-date:
      - Fri, 23 Jun 2023 17:18:51 GMT
      x-ms-return-client-request-id:
      - 'true'
    method: GET
    uri: https://sanitized.communication.azure.com/phoneNumbers/operations/purchase_6d691246-65f2-4159-99dc-50aa02396d1e?api-version=2022-12-01
  response:
    body:
      string: '{"operationType": "purchase", "status": "notStarted", "resourceLocation":
        null, "createdDateTime": "2023-06-23T17:18:30.6271603+00:00", "id": "sanitized",
        "lastActionDateTime": "0001-01-01T00:00:00+00:00"}'
    headers:
      api-supported-versions:
      - 2021-03-07, 2022-01-11-preview2, 2022-06-01-preview, 2022-11-15-preview, 2022-12-01,
        2022-12-02-preview2, 2023-05-01-preview
      content-type:
      - application/json; charset=utf-8
      date:
      - Fri, 23 Jun 2023 17:18:51 GMT
      ms-cv:
      - nDlNSfgdR02tlSudP1TwFw.0
      strict-transport-security:
      - max-age=2592000
      transfer-encoding:
      - chunked
      x-azure-ref:
      - 0+9OVZAAAAACpouZ/gsZqS4J1djmZjsIaWVZSMzExMDAwMTE1MDExADlmYzdiNTE5LWE4Y2MtNGY4OS05MzVlLWM5MTQ4YWUwOWU4MQ==
      x-cache:
      - CONFIG_NOCACHE
      x-processing-time:
      - 193ms
=======
      - 0LbWlZAAAAACBlzx6J4WZQ7kMz1yR6RYeWVZSMzExMDAwMTE1MDIzADlmYzdiNTE5LWE4Y2MtNGY4OS05MzVlLWM5MTQ4YWUwOWU4MQ==
      x-cache:
      - CONFIG_NOCACHE
      x-processing-time:
      - 236ms
>>>>>>> 6a8169d18 (Updated rooms version for tests)
=======
      - 0Oi6nZAAAAAA50Y5ixHVEQbyHo/l+2azsWVZSMzExMDAwMTE1MDM3ADlmYzdiNTE5LWE4Y2MtNGY4OS05MzVlLWM5MTQ4YWUwOWU4MQ==
      x-cache:
      - CONFIG_NOCACHE
      x-processing-time:
      - 181ms
>>>>>>> b2629cbf8 (Fix user-identity tests. Reran the whole test suite)
    status:
      code: 200
      message: OK
    url: sanitized
- request:
    body: null
    headers:
      Accept:
      - '*/*'
      Accept-Encoding:
      - gzip, deflate
      Connection:
      - keep-alive
      User-Agent:
      - azsdk-python-communication-phonenumbers/1.1.0 Python/3.10.11 (Windows-10-10.0.22621-SP0)
      x-ms-content-sha256:
      - 47DEQpj8HBSa+/TImW+5JCeuQeRkm5NMpJWZG3hSuFU=
      x-ms-date:
<<<<<<< HEAD
<<<<<<< HEAD
      - Fri, 23 Jun 2023 17:18:54 GMT
      x-ms-return-client-request-id:
      - 'true'
    method: GET
    uri: https://sanitized.communication.azure.com/phoneNumbers/operations/purchase_6d691246-65f2-4159-99dc-50aa02396d1e?api-version=2022-12-01
  response:
    body:
      string: '{"operationType": "purchase", "status": "succeeded", "resourceLocation":
        null, "createdDateTime": "2023-06-23T17:18:30.6271603+00:00", "id": "sanitized",
>>>>>>> ddcd2202f (Adding test recordings)
        "lastActionDateTime": "0001-01-01T00:00:00+00:00"}'
    headers:
      api-supported-versions:
      - 2021-03-07, 2022-01-11-preview2, 2022-06-01-preview, 2022-11-15-preview, 2022-12-01,
        2022-12-02-preview2, 2023-05-01-preview
      content-type:
      - application/json; charset=utf-8
      date:
<<<<<<< HEAD
      - Fri, 07 Jul 2023 02:05:44 GMT
      ms-cv:
      - 5LRT5T4icESdKwsvlSyy9g.0
=======
      - Fri, 23 Jun 2023 17:18:53 GMT
      ms-cv:
      - jEo8XwcXgEKjxckxzrdk8A.0
>>>>>>> ddcd2202f (Adding test recordings)
      strict-transport-security:
      - max-age=2592000
      transfer-encoding:
      - chunked
      x-azure-ref:
<<<<<<< HEAD
      - 0+HKnZAAAAAC7tbwvJAkMR7cBmHwEqwhbWVZSMzExMDAwMTE1MDE5ADlmYzdiNTE5LWE4Y2MtNGY4OS05MzVlLWM5MTQ4YWUwOWU4MQ==
      x-cache:
      - CONFIG_NOCACHE
      x-processing-time:
      - 232ms
=======
      - 0/tOVZAAAAAAjJazar4rHQr4V1Q76YTnNWVZSMzExMDAwMTE1MDExADlmYzdiNTE5LWE4Y2MtNGY4OS05MzVlLWM5MTQ4YWUwOWU4MQ==
=======
      - 0rq6kZAAAAACV89A4E5rESo03eLrsyiG2WVZSMzExMDAwMTE1MDM5ADlmYzdiNTE5LWE4Y2MtNGY4OS05MzVlLWM5MTQ4YWUwOWU4MQ==
>>>>>>> 7c5b674c0 (Reran tests)
      x-cache:
      - CONFIG_NOCACHE
      x-processing-time:
      - 195ms
>>>>>>> ddcd2202f (Adding test recordings)
    status:
      code: 200
      message: OK
    url: sanitized
- request:
    body: null
    headers:
      Accept:
      - '*/*'
      Accept-Encoding:
      - gzip, deflate
      Connection:
      - keep-alive
      User-Agent:
      - azsdk-python-communication-phonenumbers/1.1.0 Python/3.10.7 (Windows-10-10.0.22621-SP0)
      x-ms-content-sha256:
      - 47DEQpj8HBSa+/TImW+5JCeuQeRkm5NMpJWZG3hSuFU=
      x-ms-date:
      - Tue, 04 Jul 2023 23:43:44 GMT
      x-ms-return-client-request-id:
      - 'true'
    method: GET
    uri: https://sanitized.communication.azure.com/phoneNumbers/operations/purchase_13c12c47-a58c-492d-a1c9-7cf6040c7db0?api-version=2022-12-01
  response:
    body:
      string: '{"operationType": "purchase", "status": "notStarted", "resourceLocation":
        null, "createdDateTime": "2023-07-04T23:42:25.8326453+00:00", "id": "sanitized",
        "lastActionDateTime": "0001-01-01T00:00:00+00:00"}'
    headers:
      api-supported-versions:
      - 2021-03-07, 2022-01-11-preview2, 2022-06-01-preview, 2022-11-15-preview, 2022-12-01,
        2022-12-02-preview2, 2023-05-01-preview
      content-type:
      - application/json; charset=utf-8
      date:
      - Tue, 04 Jul 2023 23:43:44 GMT
      ms-cv:
      - XCVqUPl3M0O/ZV7PTAKs7A.0
      strict-transport-security:
      - max-age=2592000
      transfer-encoding:
      - chunked
      x-azure-ref:
      - 0sK6kZAAAAACGvaAoNSrHR61hugSOlRNVWVZSMzExMDAwMTE1MDM5ADlmYzdiNTE5LWE4Y2MtNGY4OS05MzVlLWM5MTQ4YWUwOWU4MQ==
      x-cache:
      - CONFIG_NOCACHE
      x-processing-time:
      - 219ms
    status:
      code: 200
      message: OK
    url: sanitized
- request:
    body: null
    headers:
      Accept:
      - '*/*'
      Accept-Encoding:
      - gzip, deflate
      Connection:
      - keep-alive
      User-Agent:
      - azsdk-python-communication-phonenumbers/1.1.0 Python/3.10.7 (Windows-10-10.0.22621-SP0)
      x-ms-content-sha256:
      - 47DEQpj8HBSa+/TImW+5JCeuQeRkm5NMpJWZG3hSuFU=
      x-ms-date:
      - Tue, 04 Jul 2023 23:43:47 GMT
      x-ms-return-client-request-id:
      - 'true'
    method: GET
    uri: https://sanitized.communication.azure.com/phoneNumbers/operations/purchase_13c12c47-a58c-492d-a1c9-7cf6040c7db0?api-version=2022-12-01
=======
      - Wed, 05 Jul 2023 18:23:43 GMT
      x-ms-return-client-request-id:
      - 'true'
    method: GET
    uri: https://sanitized.communication.azure.com/phoneNumbers/operations/purchase_aff831b1-bb82-41e4-9058-ab2eb6c00e87?api-version=2022-12-01
>>>>>>> 6a8169d18 (Updated rooms version for tests)
=======
      - Thu, 06 Jul 2023 21:12:29 GMT
      x-ms-return-client-request-id:
      - 'true'
    method: GET
    uri: https://sanitized.communication.azure.com/phoneNumbers/operations/purchase_16015f8b-a83d-4aff-b3e1-473fc7458590?api-version=2022-12-01
>>>>>>> b2629cbf8 (Fix user-identity tests. Reran the whole test suite)
  response:
    body:
      string: '{"operationType": "purchase", "status": "succeeded", "resourceLocation":
        null, "createdDateTime": "2023-07-06T21:11:59.0360394+00:00", "id": "sanitized",
        "lastActionDateTime": "0001-01-01T00:00:00+00:00"}'
    headers:
      api-supported-versions:
      - 2021-03-07, 2022-01-11-preview2, 2022-06-01-preview, 2022-11-15-preview, 2022-12-01,
        2022-12-02-preview2, 2023-05-01-preview
      content-type:
      - application/json; charset=utf-8
      date:
      - Thu, 06 Jul 2023 21:12:28 GMT
      ms-cv:
      - pn856xC780aVRj+/4vrlHA.0
      strict-transport-security:
      - max-age=2592000
      transfer-encoding:
      - chunked
      x-azure-ref:
      - 0PC6nZAAAAADjeNnIdSk0SZHFYRmtlDt4WVZSMzExMDAwMTE1MDM3ADlmYzdiNTE5LWE4Y2MtNGY4OS05MzVlLWM5MTQ4YWUwOWU4MQ==
      x-cache:
      - CONFIG_NOCACHE
      x-processing-time:
      - 194ms
    status:
      code: 200
      message: OK
    url: sanitized
- request:
    body: null
    headers:
      Accept:
      - application/json
      Accept-Encoding:
      - gzip, deflate
      Connection:
      - keep-alive
      User-Agent:
<<<<<<< HEAD
<<<<<<< HEAD
      - AzureCli/1.7.0b1 azsdk-python-communication-phonenumbers/1.1.0 Python/3.10.11
=======
      - AzureCli/2.0.0 azsdk-python-communication-phonenumbers/1.1.0 Python/3.10.7
>>>>>>> ddcd2202f (Adding test recordings)
=======
      - AzureCli/2.0.0 azsdk-python-communication-phonenumbers/1.1.0 Python/3.10.11
>>>>>>> b2629cbf8 (Fix user-identity tests. Reran the whole test suite)
        (Windows-10-10.0.22621-SP0)
      x-ms-content-sha256:
      - 47DEQpj8HBSa+/TImW+5JCeuQeRkm5NMpJWZG3hSuFU=
      x-ms-date:
<<<<<<< HEAD
<<<<<<< HEAD
<<<<<<< HEAD
<<<<<<< HEAD
      - Fri, 07 Jul 2023 02:05:45 GMT
=======
      - Fri, 23 Jun 2023 17:18:54 GMT
>>>>>>> ddcd2202f (Adding test recordings)
=======
      - Tue, 04 Jul 2023 23:43:47 GMT
>>>>>>> 7c5b674c0 (Reran tests)
=======
      - Wed, 05 Jul 2023 18:23:43 GMT
>>>>>>> 6a8169d18 (Updated rooms version for tests)
=======
      - Thu, 06 Jul 2023 21:12:29 GMT
>>>>>>> b2629cbf8 (Fix user-identity tests. Reran the whole test suite)
      x-ms-return-client-request-id:
      - 'true'
    method: GET
    uri: https://sanitized.communication.azure.com/phoneNumbers?skip=0&top=100&api-version=2022-12-01
  response:
    body:
      string: '{"phoneNumbers": [{"id": "sanitized", "phoneNumber": "sanitized", "countryCode":
        "US", "phoneNumberType": "tollFree", "capabilities": {"calling": "inbound",
        "sms": "inbound+outbound"}, "assignmentType": "application", "purchaseDate":
<<<<<<< HEAD
<<<<<<< HEAD
<<<<<<< HEAD
<<<<<<< HEAD
        "2023-07-07T02:05:41.4764568+00:00", "cost": {"amount": 2.0, "currencyCode":
=======
        "2023-06-23T17:18:49.7677719+00:00", "cost": {"amount": 2.0, "currencyCode":
>>>>>>> ddcd2202f (Adding test recordings)
=======
        "2023-07-04T23:43:43.6490201+00:00", "cost": {"amount": 2.0, "currencyCode":
>>>>>>> 7c5b674c0 (Reran tests)
=======
        "2023-07-05T18:23:38.1176479+00:00", "cost": {"amount": 2.0, "currencyCode":
>>>>>>> 6a8169d18 (Updated rooms version for tests)
=======
        "2023-07-06T21:12:23.0093279+00:00", "cost": {"amount": 2.0, "currencyCode":
>>>>>>> b2629cbf8 (Fix user-identity tests. Reran the whole test suite)
        "USD", "billingFrequency": "monthly"}}]}'
    headers:
      api-supported-versions:
      - 2021-03-07, 2022-01-11-preview2, 2022-06-01-preview, 2022-12-01, 2022-12-02-preview2,
        2023-05-01-preview
      content-length:
      - '351'
      content-type:
      - application/json; charset=utf-8
      date:
<<<<<<< HEAD
<<<<<<< HEAD
<<<<<<< HEAD
<<<<<<< HEAD
      - Fri, 07 Jul 2023 02:05:47 GMT
      ms-cv:
      - oE4Bs8Zip0CFEHIryMQI4g.0
      strict-transport-security:
      - max-age=2592000
      x-azure-ref:
      - 0+XKnZAAAAAD8X77Y0GPzTaZP219yRNXvWVZSMzExMDAwMTE1MDUzADlmYzdiNTE5LWE4Y2MtNGY4OS05MzVlLWM5MTQ4YWUwOWU4MQ==
      x-cache:
      - CONFIG_NOCACHE
      x-processing-time:
      - 2670ms
=======
      - Fri, 23 Jun 2023 17:18:56 GMT
=======
      - Tue, 04 Jul 2023 23:43:49 GMT
>>>>>>> 7c5b674c0 (Reran tests)
=======
      - Wed, 05 Jul 2023 18:23:48 GMT
>>>>>>> 6a8169d18 (Updated rooms version for tests)
=======
      - Thu, 06 Jul 2023 21:12:31 GMT
>>>>>>> b2629cbf8 (Fix user-identity tests. Reran the whole test suite)
      ms-cv:
      - CYFiCj0MdEeDD3JOzG7hwA.0
      strict-transport-security:
      - max-age=2592000
      x-azure-ref:
      - 0PS6nZAAAAACwLQ8ltgZiTrPKrUdaZzZhWVZSMzExMDAwMTE1MDMxADlmYzdiNTE5LWE4Y2MtNGY4OS05MzVlLWM5MTQ4YWUwOWU4MQ==
      x-cache:
      - CONFIG_NOCACHE
      x-processing-time:
<<<<<<< HEAD
<<<<<<< HEAD
<<<<<<< HEAD
      - 2272ms
>>>>>>> ddcd2202f (Adding test recordings)
=======
      - 1957ms
>>>>>>> 7c5b674c0 (Reran tests)
=======
      - 4793ms
>>>>>>> 6a8169d18 (Updated rooms version for tests)
=======
      - 2836ms
>>>>>>> b2629cbf8 (Fix user-identity tests. Reran the whole test suite)
    status:
      code: 200
      message: OK
    url: sanitized
version: 1
