interactions:
- request:
    body: '{"topic": "chat-topic", "participants": []}'
    headers:
      Accept:
      - application/json
      Accept-Encoding:
      - gzip, deflate
      Connection:
      - keep-alive
      Content-Length:
      - '43'
      Content-Type:
      - application/json
      User-Agent:
      - azsdk-python-communication-chat/1.1.0 Python/3.7.0 (Windows-10-10.0.19041-SP0)
      repeatability-request-id:
      - da70a822-1657-491b-b587-b88a57b81d48
    method: POST
    uri: https://sanitized.communication.azure.com/chat/threads?api-version=2021-09-07
  response:
    body:
      string: '{"chatThread": {"id": "sanitized", "topic": "chat-topic", "createdOn":
        "2022-08-05T18:39:01Z", "createdByCommunicationIdentifier": {"rawId": "sanitized",
        "communicationUser": {"id": "sanitized"}}}}'
    headers:
      api-supported-versions:
      - 2021-03-07, 2021-04-05-preview6, 2021-09-07, 2022-11-15-preview8
      connection:
      - keep-alive
      content-type:
      - application/json; charset=utf-8
      date:
      - Fri, 05 Aug 2022 18:39:01 GMT
      location:
      - https://clitest000002.communication.azure.com/chat/threads/19%3ASVwwSALW7hVl3JFVNoCDV6tmWF6WrJ_bawAWheHfeII1@thread.v2
      ms-cv:
      - B8ZlGuNj6ki3PbvtpcB3LA.0
      strict-transport-security:
      - max-age=2592000
      transfer-encoding:
      - chunked
      x-azure-ref:
      - 20220805T183901Z-1ykan7zabt1sxfcs379b67eye800000000ug00000000r87h
      x-cache:
      - CONFIG_NOCACHE
      x-processing-time:
      - 577ms
    status:
      code: 201
      message: Created
- request:
    body: '{"createTokenWithScopes": ["chat"]}'
    headers:
      Accept:
      - application/json
      Accept-Encoding:
      - gzip, deflate
      Connection:
      - keep-alive
      Content-Length:
      - '35'
      Content-Type:
      - application/json
      User-Agent:
      - azsdk-python-communication-identity/1.1.0 Python/3.7.0 (Windows-10-10.0.19041-SP0)
      x-ms-content-sha256:
      - kWpGozyV35fifbpKdY8mbdG64VG0Pdq5upzo7YKAFM0=
      x-ms-date:
      - Fri, 05 Aug 2022 18:39:01 GMT
      x-ms-return-client-request-id:
      - 'true'
    method: POST
    uri: https://sanitized.communication.azure.com/identities?api-version=2022-06-01
  response:
    body:
      string: '{"identity": {"id": "sanitized"}, "accessToken": {"token": "sanitized",
        "expiresOn": "2022-08-06T18:39:02.1844182+00:00"}}'
    headers:
      api-supported-versions:
      - 2020-07-20-preview2, 2021-02-22-preview1, 2021-03-07, 2021-10-31-preview,
        2021-11-01, 2022-06-01
      connection:
      - keep-alive
      content-length:
      - '122'
      content-type:
      - application/json; charset=utf-8
      date:
      - Fri, 05 Aug 2022 18:39:02 GMT
      ms-cv:
      - N1wXM2ZTfUqSFslSNVU5jg.0
      request-context:
      - appId=
      strict-transport-security:
      - max-age=2592000
      x-azure-ref:
      - 20220805T183902Z-1ykan7zabt1sxfcs379b67eye800000000u000000000wt40
      x-cache:
      - CONFIG_NOCACHE
      x-processing-time:
      - 108ms
    status:
      code: 201
      message: Created
- request:
    body: '{"participants": [{"communicationIdentifier": {"communicationUser": {"id":
      "8:acs:0f59b30a-421f-4769-bca0-70396a952e80_00000013-0f2f-6220-290c-113a0d00992b"}},
      "displayName": "John Doe"}]}'
    headers:
      Accept:
      - application/json
      Accept-Encoding:
      - gzip, deflate
      Connection:
      - keep-alive
      Content-Length:
      - '188'
      Content-Type:
      - application/json
      User-Agent:
      - azsdk-python-communication-chat/1.1.0 Python/3.7.0 (Windows-10-10.0.19041-SP0)
    method: POST
    uri: https://sanitized.communication.azure.com/chat/threads/sanitized/participants/:add?api-version=2021-09-07
  response:
    body:
      string: '{}'
    headers:
      api-supported-versions:
      - 2021-03-07, 2021-04-05-preview6, 2021-09-07, 2022-11-15-preview8
      connection:
      - keep-alive
      content-type:
      - application/json; charset=utf-8
      date:
      - Fri, 05 Aug 2022 18:39:03 GMT
      ms-cv:
      - SWiFD1WUPUi3OlT1dLZmUw.0
      strict-transport-security:
      - max-age=2592000
      transfer-encoding:
      - chunked
      x-azure-ref:
      - 20220805T183902Z-tur6dybg817yr054hm9efewep8000000023000000001cb0y
      x-cache:
      - CONFIG_NOCACHE
      x-processing-time:
      - 308ms
    status:
      code: 201
      message: Created
version: 1
