interactions:
- request:
    body: '{"validFrom": null, "validUntil": null, "pstnDialOutEnabled": false}'
    headers:
      Accept:
      - application/json
      Accept-Encoding:
      - gzip, deflate
      Connection:
      - keep-alive
      Content-Length:
      - '68'
      Content-Type:
      - application/json
      Repeatability-First-Sent:
      - Mon, 24 Mar 2025 07:34:44 GMT
      Repeatability-Request-Id:
      - 74739b1e-0882-11f0-9a3c-00155d7b1001
      User-Agent:
      - AzureCli/1.12.0 azsdk-python-communication-rooms/1.2.0 Python/3.10.11 (Windows-10-10.0.19045-SP0)
      x-ms-content-sha256:
      - 2xVVJJKx5brgL5bSWgeu9hhccJP/PkHHEzXUfUClsMI=
      x-ms-date:
      - Mon, 24 Mar 2025 07:34:44 GMT
      x-ms-return-client-request-id:
      - 'true'
    method: POST
    uri: https://sanitized.communication.azure.com/rooms?api-version=2025-03-13
  response:
    body:
      string: '{"id": "sanitized", "createdAt": "2025-03-24T07:34:44.8340648+00:00",
        "validFrom": "2025-03-24T07:34:44.6286159+00:00", "validUntil": "2025-09-20T07:34:44.6286159+00:00",
        "pstnDialOutEnabled": false}'
    headers:
      api-supported-versions:
      - 2023-06-14, 2023-10-30-preview, 2024-04-15, 2025-03-13
      connection:
      - keep-alive
      content-type:
      - application/json; charset=utf-8
      date:
      - Mon, 24 Mar 2025 07:34:45 GMT
      location:
      - '99442580287955509'
      ms-cv:
      - j18b8478c0uxhLQgPiDw1Q.0
      repeatability-result:
      - accepted
      request-context:
      - appId=
      strict-transport-security:
      - max-age=31536000;includeSubDomains
      transfer-encoding:
      - chunked
      x-azure-ref:
      - 20250324T073444Z-16c89bd967fzz6nshC1MAAtnbc0000000w9g00000000342n
      x-cache:
      - CONFIG_NOCACHE
    status:
      code: 201
      message: Created
- request:
    body: '{"validFrom": null, "validUntil": null, "pstnDialOutEnabled": true}'
    headers:
      Accept:
      - application/json
      Accept-Encoding:
      - gzip, deflate
      Connection:
      - keep-alive
      Content-Length:
      - '67'
      Content-Type:
      - application/merge-patch+json
      User-Agent:
      - AzureCli/1.12.0 azsdk-python-communication-rooms/1.2.0 Python/3.10.11 (Windows-10-10.0.19045-SP0)
      x-ms-content-sha256:
      - QQKbDQ8A0x7b9852DAZ3wjSpELmfU1PGiuAyzF0GbQg=
      x-ms-date:
      - Mon, 24 Mar 2025 07:34:45 GMT
      x-ms-return-client-request-id:
      - 'true'
    method: PATCH
    uri: https://sanitized.communication.azure.com/rooms/sanitized?api-version=2025-03-13
  response:
    body:
      string: '{"id": "sanitized", "createdAt": "2025-03-24T07:34:44.8340648+00:00",
        "validFrom": "2025-03-24T07:34:44.6286159+00:00", "validUntil": "2025-09-20T07:34:44.6286159+00:00",
        "pstnDialOutEnabled": true}'
    headers:
      api-supported-versions:
      - 2023-06-14, 2023-10-30-preview, 2024-04-15, 2025-03-13
      connection:
      - keep-alive
      content-type:
      - application/json; charset=utf-8
      date:
      - Mon, 24 Mar 2025 07:34:46 GMT
      ms-cv:
      - ZhX9+OhTT0WCKsikiXAnMQ.0
      request-context:
      - appId=
      strict-transport-security:
      - max-age=31536000;includeSubDomains
      transfer-encoding:
      - chunked
      x-azure-ref:
      - 20250324T073445Z-16c89bd967f598hrhC1MAAunfg00000004ag000000001a5a
      x-cache:
      - CONFIG_NOCACHE
    status:
      code: 200
      message: OK
- request:
    body: '{"validFrom": null, "validUntil": null, "pstnDialOutEnabled": false}'
    headers:
      Accept:
      - application/json
      Accept-Encoding:
      - gzip, deflate
      Connection:
      - keep-alive
      Content-Length:
      - '68'
      Content-Type:
      - application/merge-patch+json
      User-Agent:
      - AzureCli/1.12.0 azsdk-python-communication-rooms/1.2.0 Python/3.10.11 (Windows-10-10.0.19045-SP0)
      x-ms-content-sha256:
      - 2xVVJJKx5brgL5bSWgeu9hhccJP/PkHHEzXUfUClsMI=
      x-ms-date:
      - Mon, 24 Mar 2025 07:34:47 GMT
      x-ms-return-client-request-id:
      - 'true'
    method: PATCH
    uri: https://sanitized.communication.azure.com/rooms/sanitized?api-version=2025-03-13
  response:
    body:
      string: '{"id": "sanitized", "createdAt": "2025-03-24T07:34:44.8340648+00:00",
        "validFrom": "2025-03-24T07:34:44.6286159+00:00", "validUntil": "2025-09-20T07:34:44.6286159+00:00",
        "pstnDialOutEnabled": false}'
    headers:
      api-supported-versions:
      - 2023-06-14, 2023-10-30-preview, 2024-04-15, 2025-03-13
      connection:
      - keep-alive
      content-type:
      - application/json; charset=utf-8
      date:
      - Mon, 24 Mar 2025 07:34:48 GMT
      ms-cv:
      - 4WAE/wC1lkGhpyrqSlI+8A.0
      request-context:
      - appId=
      strict-transport-security:
      - max-age=31536000;includeSubDomains
      transfer-encoding:
      - chunked
      x-azure-ref:
      - 20250324T073447Z-16c89bd967ftkq6khC1MAA4y6n0000000s20000000002pr2
      x-cache:
      - CONFIG_NOCACHE
    status:
      code: 200
      message: OK
version: 1
