interactions:
- request:
    body: '{"createTokenWithScopes": ["chat"], "expiresInMinutes": null}'
    headers:
      Accept:
      - application/json
      Accept-Encoding:
      - gzip, deflate
      Connection:
      - keep-alive
      Content-Length:
      - '61'
      Content-Type:
      - application/json
      User-Agent:
<<<<<<< HEAD
      - AzureCli/1.6.1 azsdk-python-communication-identity/1.3.1 Python/3.8.0 (Windows-10-10.0.22621-SP0)
      x-ms-content-sha256:
      - RgFKX8sq6gKDc377EdeILf3jgzCijxLOR8s04qluHkc=
      x-ms-date:
      - Wed, 05 Jul 2023 22:18:55 GMT
=======
      - AzureCli/2.0.0 azsdk-python-communication-identity/1.3.1 Python/3.10.7 (Windows-10-10.0.22621-SP0)
      x-ms-content-sha256:
      - RgFKX8sq6gKDc377EdeILf3jgzCijxLOR8s04qluHkc=
      x-ms-date:
<<<<<<< HEAD
      - Fri, 23 Jun 2023 17:05:29 GMT
>>>>>>> ddcd2202f (Adding test recordings)
=======
      - Tue, 04 Jul 2023 23:29:28 GMT
>>>>>>> 7c5b674c0 (Reran tests)
      x-ms-return-client-request-id:
      - 'true'
    method: POST
    uri: https://sanitized.communication.azure.com/identities?api-version=2022-10-01
  response:
    body:
      string: '{"identity": {"id": "sanitized"}, "accessToken": {"token": "sanitized",
<<<<<<< HEAD
<<<<<<< HEAD
        "expiresOn": "2023-07-06T22:18:55.7105302+00:00"}}'
=======
        "expiresOn": "2023-06-24T17:05:29.8926226+00:00"}}'
>>>>>>> ddcd2202f (Adding test recordings)
=======
        "expiresOn": "2023-07-05T23:29:29.4235344+00:00"}}'
>>>>>>> 7c5b674c0 (Reran tests)
    headers:
      api-supported-versions:
      - 2020-07-20-preview2, 2021-02-22-preview1, 2021-03-07, 2021-10-31-preview,
        2021-11-01, 2022-06-01, 2022-10-01, 2023-08-01
      content-length:
      - '122'
      content-type:
      - application/json; charset=utf-8
      date:
<<<<<<< HEAD
<<<<<<< HEAD
      - Wed, 05 Jul 2023 22:18:55 GMT
      ms-cv:
      - EWzH5TiZ/0myBGOv+XC0bQ.0
=======
      - Fri, 23 Jun 2023 17:05:29 GMT
      ms-cv:
      - 1teCMeYth0eIKqBsRCyMiw.0
>>>>>>> ddcd2202f (Adding test recordings)
=======
      - Tue, 04 Jul 2023 23:29:28 GMT
      ms-cv:
      - GuZ8DaoxGU68jX35sLv7iw.0
>>>>>>> 7c5b674c0 (Reran tests)
      request-context:
      - appId=
      strict-transport-security:
      - max-age=2592000
      x-azure-ref:
<<<<<<< HEAD
<<<<<<< HEAD
      - 0T+ylZAAAAABZk8c4kiUbQJgi1iYKS07WWVZSMzExMDAwMTE1MDIzADlmYzdiNTE5LWE4Y2MtNGY4OS05MzVlLWM5MTQ4YWUwOWU4MQ==
      x-cache:
      - CONFIG_NOCACHE
      x-processing-time:
      - 107ms
=======
      - 02dCVZAAAAAArI98TF5XJQLt9uh88PAqoWVZSMzExMDAwMTE1MDM1ADlmYzdiNTE5LWE4Y2MtNGY4OS05MzVlLWM5MTQ4YWUwOWU4MQ==
      x-cache:
      - CONFIG_NOCACHE
      x-processing-time:
      - 110ms
>>>>>>> ddcd2202f (Adding test recordings)
=======
      - 0WaukZAAAAAAEK1sIoQmlTasTp8YILrOiWVZSMzExMDAwMTE1MDMxADlmYzdiNTE5LWE4Y2MtNGY4OS05MzVlLWM5MTQ4YWUwOWU4MQ==
      x-cache:
      - CONFIG_NOCACHE
      x-processing-time:
      - 106ms
>>>>>>> 7c5b674c0 (Reran tests)
    status:
      code: 201
      message: Created
- request:
    body: '{"createTokenWithScopes": ["chat"], "expiresInMinutes": null}'
    headers:
      Accept:
      - application/json
      Accept-Encoding:
      - gzip, deflate
      Connection:
      - keep-alive
      Content-Length:
      - '61'
      Content-Type:
      - application/json
      User-Agent:
<<<<<<< HEAD
      - AzureCli/1.6.1 azsdk-python-communication-identity/1.3.1 Python/3.8.0 (Windows-10-10.0.22621-SP0)
      x-ms-content-sha256:
      - RgFKX8sq6gKDc377EdeILf3jgzCijxLOR8s04qluHkc=
      x-ms-date:
      - Wed, 05 Jul 2023 22:18:55 GMT
=======
      - AzureCli/2.0.0 azsdk-python-communication-identity/1.3.1 Python/3.10.7 (Windows-10-10.0.22621-SP0)
      x-ms-content-sha256:
      - RgFKX8sq6gKDc377EdeILf3jgzCijxLOR8s04qluHkc=
      x-ms-date:
<<<<<<< HEAD
      - Fri, 23 Jun 2023 17:05:30 GMT
>>>>>>> ddcd2202f (Adding test recordings)
=======
      - Tue, 04 Jul 2023 23:29:29 GMT
>>>>>>> 7c5b674c0 (Reran tests)
      x-ms-return-client-request-id:
      - 'true'
    method: POST
    uri: https://sanitized.communication.azure.com/identities?api-version=2022-10-01
  response:
    body:
      string: '{"identity": {"id": "sanitized"}, "accessToken": {"token": "sanitized",
<<<<<<< HEAD
<<<<<<< HEAD
        "expiresOn": "2023-07-06T22:18:56.3350446+00:00"}}'
=======
        "expiresOn": "2023-06-24T17:05:30.4728421+00:00"}}'
>>>>>>> ddcd2202f (Adding test recordings)
=======
        "expiresOn": "2023-07-05T23:29:30.1608225+00:00"}}'
>>>>>>> 7c5b674c0 (Reran tests)
    headers:
      api-supported-versions:
      - 2020-07-20-preview2, 2021-02-22-preview1, 2021-03-07, 2021-10-31-preview,
        2021-11-01, 2022-06-01, 2022-10-01, 2023-08-01
      content-length:
      - '122'
      content-type:
      - application/json; charset=utf-8
      date:
<<<<<<< HEAD
<<<<<<< HEAD
      - Wed, 05 Jul 2023 22:18:55 GMT
      ms-cv:
      - dRlFcCg4pEWMRYOeVc9exA.0
=======
      - Fri, 23 Jun 2023 17:05:29 GMT
      ms-cv:
      - ++/bwfYYyUyqfcIt9PXi5g.0
>>>>>>> ddcd2202f (Adding test recordings)
=======
      - Tue, 04 Jul 2023 23:29:29 GMT
      ms-cv:
      - Oix/PM/91E6TviVyOeMErQ.0
>>>>>>> 7c5b674c0 (Reran tests)
      request-context:
      - appId=
      strict-transport-security:
      - max-age=2592000
      x-azure-ref:
<<<<<<< HEAD
<<<<<<< HEAD
      - 0T+ylZAAAAADO/vhWKmfPRJ3TSS/Wn6szWVZSMzExMDAwMTE1MDM3ADlmYzdiNTE5LWE4Y2MtNGY4OS05MzVlLWM5MTQ4YWUwOWU4MQ==
      x-cache:
      - CONFIG_NOCACHE
      x-processing-time:
      - 108ms
=======
      - 02tCVZAAAAAALOmiUVKE4Sp2v4jl837srWVZSMzExMDAwMTE1MDUxADlmYzdiNTE5LWE4Y2MtNGY4OS05MzVlLWM5MTQ4YWUwOWU4MQ==
      x-cache:
      - CONFIG_NOCACHE
      x-processing-time:
      - 105ms
>>>>>>> ddcd2202f (Adding test recordings)
=======
      - 0WaukZAAAAAB1c9I4M4ESTKU2p2aUIDCAWVZSMzExMDAwMTE1MDM1ADlmYzdiNTE5LWE4Y2MtNGY4OS05MzVlLWM5MTQ4YWUwOWU4MQ==
      x-cache:
      - CONFIG_NOCACHE
      x-processing-time:
      - 106ms
>>>>>>> 7c5b674c0 (Reran tests)
    status:
      code: 201
      message: Created
- request:
    body: '{"topic": "chat-topic", "participants": []}'
    headers:
      Accept:
      - application/json
      Accept-Encoding:
      - gzip, deflate
      Connection:
      - keep-alive
      Content-Length:
      - '43'
      Content-Type:
      - application/json
      User-Agent:
<<<<<<< HEAD
      - AzureCli/1.6.1 azsdk-python-communication-chat/1.1.0 Python/3.8.0 (Windows-10-10.0.22621-SP0)
      repeatability-request-id:
      - e33f789f-97af-47e5-ad3d-3bda25da81b0
=======
      - AzureCli/2.0.0 azsdk-python-communication-chat/1.1.0 Python/3.10.7 (Windows-10-10.0.22621-SP0)
      repeatability-request-id:
<<<<<<< HEAD
      - 4c8bb80e-2689-48a4-9852-e6e3dc952b1e
>>>>>>> ddcd2202f (Adding test recordings)
=======
      - 3bf50ca4-9ccc-4ac6-85a0-db01b3993793
>>>>>>> 7c5b674c0 (Reran tests)
    method: POST
    uri: https://sanitized.communication.azure.com/chat/threads?api-version=2021-09-07
  response:
    body:
      string: '{"chatThread": {"id": "sanitized", "topic": "chat-topic", "createdOn":
<<<<<<< HEAD
<<<<<<< HEAD
        "2023-07-05T22:18:56Z", "createdByCommunicationIdentifier": {"rawId": "sanitized",
=======
        "2023-06-23T17:05:31Z", "createdByCommunicationIdentifier": {"rawId": "sanitized",
>>>>>>> ddcd2202f (Adding test recordings)
=======
        "2023-07-04T23:29:30Z", "createdByCommunicationIdentifier": {"rawId": "sanitized",
>>>>>>> 7c5b674c0 (Reran tests)
        "communicationUser": {"id": "sanitized"}}}}'
    headers:
      api-supported-versions:
      - 2021-03-07, 2021-04-05-preview6, 2021-09-07, 2023-04-01-preview, 2023-07-01-preview
      content-length:
      - '197'
      content-type:
      - application/json; charset=utf-8
      date:
<<<<<<< HEAD
<<<<<<< HEAD
      - Wed, 05 Jul 2023 22:18:56 GMT
      location:
      - https://clitest000002.communication.azure.com/chat/threads/19%3AHf8XVRlJRis0ZQHDDruytJdH-mRPKG_98obompYXA_E1@thread.v2
      ms-cv:
      - t5IrDyO5Ck64Qekbf0w3+g.0
      strict-transport-security:
      - max-age=2592000
      x-azure-ref:
      - 0UOylZAAAAACnTDdUD/hkQLMKN+jjULy1WVZSMzExMDAwMTE1MDE3ADlmYzdiNTE5LWE4Y2MtNGY4OS05MzVlLWM5MTQ4YWUwOWU4MQ==
      x-cache:
      - CONFIG_NOCACHE
      x-processing-time:
      - 557ms
=======
      - Fri, 23 Jun 2023 17:05:30 GMT
=======
      - Tue, 04 Jul 2023 23:29:30 GMT
>>>>>>> 7c5b674c0 (Reran tests)
      location:
      - https://clitest000002.communication.azure.com/chat/threads/19%3AKko8Ov35VNGzhd6FDBONPlporbNlAC2DXatxcjZMPVg1@thread.v2
      ms-cv:
      - 41WXwtsVUEqMXTygA7H8Yw.0
      strict-transport-security:
      - max-age=2592000
      x-azure-ref:
      - 0WqukZAAAAAAtx+B51//WQYvzxqDHsFaQWVZSMzExMDAwMTE1MDIxADlmYzdiNTE5LWE4Y2MtNGY4OS05MzVlLWM5MTQ4YWUwOWU4MQ==
      x-cache:
      - CONFIG_NOCACHE
      x-processing-time:
<<<<<<< HEAD
      - 318ms
>>>>>>> ddcd2202f (Adding test recordings)
=======
      - 535ms
>>>>>>> 7c5b674c0 (Reran tests)
    status:
      code: 201
      message: Created
- request:
    body: '{"participants": [{"communicationIdentifier": {"rawId": "sanitized", "communicationUser":
      {"id": "sanitized"}}}]}'
    headers:
      Accept:
      - application/json
      Accept-Encoding:
      - gzip, deflate
      Connection:
      - keep-alive
      Content-Length:
      - '113'
      Content-Type:
      - application/json
      User-Agent:
      - azsdk-python-communication-chat/1.1.0 Python/3.10.7 (Windows-10-10.0.22621-SP0)
    method: POST
    uri: https://sanitized.communication.azure.com/chat/threads/sanitized/participants/:add?api-version=2021-09-07
  response:
    body:
      string: '{}'
    headers:
      api-supported-versions:
      - 2021-03-07, 2021-04-05-preview6, 2021-09-07, 2023-04-01-preview, 2023-07-01-preview
      content-length:
      - '2'
      content-type:
      - application/json; charset=utf-8
      date:
<<<<<<< HEAD
<<<<<<< HEAD
      - Wed, 05 Jul 2023 22:18:57 GMT
      ms-cv:
      - vGoQ1BWvQ0qfO5gbut2yaQ.0
      strict-transport-security:
      - max-age=2592000
      x-azure-ref:
      - 0UeylZAAAAADeVwOq4jaoQZksnFeLOnkbWVZSMzExMDAwMTE1MDIzADlmYzdiNTE5LWE4Y2MtNGY4OS05MzVlLWM5MTQ4YWUwOWU4MQ==
      x-cache:
      - CONFIG_NOCACHE
      x-processing-time:
      - 365ms
=======
      - Fri, 23 Jun 2023 17:05:31 GMT
=======
      - Tue, 04 Jul 2023 23:29:30 GMT
>>>>>>> 7c5b674c0 (Reran tests)
      ms-cv:
      - hp6DRKiNJ0yWeYmYDlelcQ.0
      strict-transport-security:
      - max-age=2592000
      x-azure-ref:
      - 0W6ukZAAAAADWm7Wpx3szQ5jt1IxrfL71WVZSMzExMDAwMTE1MDE3ADlmYzdiNTE5LWE4Y2MtNGY4OS05MzVlLWM5MTQ4YWUwOWU4MQ==
      x-cache:
      - CONFIG_NOCACHE
      x-processing-time:
<<<<<<< HEAD
      - 270ms
>>>>>>> ddcd2202f (Adding test recordings)
=======
      - 156ms
>>>>>>> 7c5b674c0 (Reran tests)
    status:
      code: 201
      message: Created
version: 1
