interactions:
- request:
    body: '{"validFrom": null, "validUntil": null, "pstnDialOutEnabled": false}'
    headers:
      Accept:
      - application/json
      Accept-Encoding:
      - gzip, deflate
      Connection:
      - keep-alive
      Content-Length:
      - '68'
      Content-Type:
      - application/json
      Repeatability-First-Sent:
      - Thu, 14 Dec 2023 11:12:55 GMT
      Repeatability-Request-Id:
      - bb44cf6c-9a71-11ee-a023-a497b10aa3d0
      User-Agent:
      - AzureCli/1.8.1 azsdk-python-communication-rooms/1.1.0b1 Python/3.10.11 (Windows-10-10.0.19045-SP0)
      x-ms-content-sha256:
      - 2xVVJJKx5brgL5bSWgeu9hhccJP/PkHHEzXUfUClsMI=
      x-ms-date:
      - Thu, 14 Dec 2023 11:12:55 GMT
      x-ms-return-client-request-id:
      - 'true'
    method: POST
    uri: https://sanitized.communication.azure.com/rooms?api-version=2023-10-30-preview
  response:
    body:
      string: '{"id": "sanitized", "createdAt": "2023-12-14T11:12:58.0901918+00:00",
        "validFrom": "2023-12-14T11:12:57.9043888+00:00", "validUntil": "2024-06-11T11:12:57.9043888+00:00",
        "pstnDialOutEnabled": false}'
    headers:
      api-deprecated-versions:
      - 2021-04-07, 2022-02-01
      api-supported-versions:
      - 2023-03-31-preview, 2023-06-14, 2023-10-30-preview
      content-type:
      - application/json; charset=utf-8
      date:
      - Thu, 14 Dec 2023 11:12:57 GMT
      location:
      - '9945268749634393'
      ms-cv:
      - MF2vtIXSbECxLMGut1h73w.0
      repeatability-result:
      - accepted
      request-context:
      - appId=
      transfer-encoding:
      - chunked
      x-azure-ref:
      - 0OeN6ZQAAAABY0/Sh72kAQ4+ICmVTGpDrRE9IMzBFREdFMDEwOQA5ZmM3YjUxOS1hOGNjLTRmODktOTM1ZS1jOTE0OGFlMDllODE=
      x-cache:
      - CONFIG_NOCACHE
    status:
      code: 201
      message: Created
- request:
    body: null
    headers:
      Accept:
      - application/json
      Accept-Encoding:
      - gzip, deflate
      Connection:
      - keep-alive
      Content-Length:
      - '0'
      Content-Type:
      - application/json
      User-Agent:
      - AzureCli/1.8.1 azsdk-python-communication-identity/1.4.0 Python/3.10.11 (Windows-10-10.0.19045-SP0)
      x-ms-content-sha256:
      - 47DEQpj8HBSa+/TImW+5JCeuQeRkm5NMpJWZG3hSuFU=
      x-ms-date:
      - Thu, 14 Dec 2023 11:12:57 GMT
      x-ms-return-client-request-id:
      - 'true'
    method: POST
    uri: https://sanitized.communication.azure.com/identities?api-version=2023-10-01
  response:
    body:
      string: '{"identity": {"id": "sanitized"}}'
    headers:
      api-supported-versions:
      - 2020-07-20-preview2, 2021-02-22-preview1, 2021-03-07, 2021-10-31-preview,
        2021-11-01, 2022-06-01, 2022-10-01, 2023-10-01
      content-length:
      - '33'
      content-type:
      - application/json; charset=utf-8
      date:
      - Thu, 14 Dec 2023 11:12:58 GMT
      ms-cv:
      - rVa6bSwFAE+gCewiryajJg.2.0
      request-context:
      - appId=
      strict-transport-security:
      - max-age=2592000
      x-azure-ref:
      - 0OuN6ZQAAAAC8CWRWqjbmRI8DLid+VqEiRE9IMzBFREdFMDIxNAA5ZmM3YjUxOS1hOGNjLTRmODktOTM1ZS1jOTE0OGFlMDllODE=
      x-cache:
      - CONFIG_NOCACHE
      x-processing-time:
      - 77ms
    status:
      code: 201
      message: Created
- request:
    body: '{"participants": {"8:acs:3967ad80-f11e-44ac-9038-69275c663f49_0000001d-07e9-4232-0cf9-9c3a0d00c18b":
      {"role": "Presenter"}}}'
    headers:
      Accept:
      - application/json
      Accept-Encoding:
      - gzip, deflate
      Connection:
      - keep-alive
      Content-Length:
      - '124'
      Content-Type:
      - application/merge-patch+json
      User-Agent:
      - AzureCli/1.8.1 azsdk-python-communication-rooms/1.1.0b1 Python/3.10.11 (Windows-10-10.0.19045-SP0)
      x-ms-content-sha256:
      - Ykv64EljM0BHnOFbUIGnJobTbaEsAwkMvMXgpHSERk0=
      x-ms-date:
      - Thu, 14 Dec 2023 11:12:58 GMT
      x-ms-return-client-request-id:
      - 'true'
    method: PATCH
    uri: https://sanitized.communication.azure.com/rooms/sanitized/participants?api-version=2023-10-30-preview
  response:
    body:
      string: '{}'
    headers:
      api-deprecated-versions:
      - '2022-02-01'
      api-supported-versions:
      - 2023-03-31-preview, 2023-06-14, 2023-10-30-preview
      content-type:
      - application/json; charset=utf-8
      date:
      - Thu, 14 Dec 2023 11:12:59 GMT
      ms-cv:
      - 3z4cp/HqlUmppJfHPvpb4w.0
      request-context:
      - appId=
      transfer-encoding:
      - chunked
      x-azure-ref:
      - 0O+N6ZQAAAABoJbqsE4eGRrFAaYcDcUnIRE9IMzBFREdFMDEwNgA5ZmM3YjUxOS1hOGNjLTRmODktOTM1ZS1jOTE0OGFlMDllODE=
      x-cache:
      - CONFIG_NOCACHE
    status:
      code: 200
      message: OK
- request:
    body: null
    headers:
      Accept:
      - application/json
      Accept-Encoding:
      - gzip, deflate
      Connection:
      - keep-alive
      User-Agent:
      - AzureCli/1.8.1 azsdk-python-communication-rooms/1.1.0b1 Python/3.10.11 (Windows-10-10.0.19045-SP0)
      x-ms-content-sha256:
      - 47DEQpj8HBSa+/TImW+5JCeuQeRkm5NMpJWZG3hSuFU=
      x-ms-date:
      - Thu, 14 Dec 2023 11:13:00 GMT
      x-ms-return-client-request-id:
      - 'true'
    method: GET
    uri: https://sanitized.communication.azure.com/rooms/sanitized/participants?api-version=2023-10-30-preview
  response:
    body:
      string: '{"value": [{"rawId": "sanitized", "role": "Presenter"}]}'
    headers:
      api-deprecated-versions:
      - '2022-02-01'
      api-supported-versions:
      - 2023-03-31-preview, 2023-06-14, 2023-10-30-preview
      content-type:
      - application/json; charset=utf-8
      date:
      - Thu, 14 Dec 2023 11:13:01 GMT
      ms-cv:
      - UKGXCjBNXU29qUIDobhlHQ.0
      request-context:
      - appId=
      transfer-encoding:
      - chunked
      x-azure-ref:
      - 0PeN6ZQAAAAAwiMwMf5qGTIL/t9LDni64RE9IMzBFREdFMDEyMAA5ZmM3YjUxOS1hOGNjLTRmODktOTM1ZS1jOTE0OGFlMDllODE=
      x-cache:
      - CONFIG_NOCACHE
    status:
      code: 200
      message: OK
version: 1
