interactions:
- request:
    body: '{"createTokenWithScopes": ["chat"], "expiresInMinutes": null}'
    headers:
      Accept:
      - application/json
      Accept-Encoding:
      - gzip, deflate
      Connection:
      - keep-alive
      Content-Length:
      - '61'
      Content-Type:
      - application/json
      User-Agent:
      - AzureCli/1.8.0b1 azsdk-python-communication-identity/1.3.1 Python/3.10.11
        (Windows-10-10.0.19045-SP0)
      x-ms-content-sha256:
      - RgFKX8sq6gKDc377EdeILf3jgzCijxLOR8s04qluHkc=
      x-ms-date:
      - Mon, 11 Dec 2023 03:54:00 GMT
      x-ms-return-client-request-id:
      - 'true'
    method: POST
    uri: https://sanitized.unitedstates.communication.azure.com/identities?api-version=2022-10-01
  response:
    body:
      string: '{"identity": {"id": "sanitized"}, "accessToken": {"token": "sanitized",
        "expiresOn": "2023-12-12T03:53:59.3272295+00:00"}}'
    headers:
      api-supported-versions:
      - 2020-07-20-preview2, 2021-02-22-preview1, 2021-03-07, 2021-10-31-preview,
        2021-11-01, 2022-06-01, 2022-10-01, 2023-10-01
      content-length:
      - '122'
      content-type:
      - application/json; charset=utf-8
      date:
      - Mon, 11 Dec 2023 03:53:58 GMT
      ms-cv:
      - JU44KZT5HEaT6zTrqzRfNw.2.0
      request-context:
      - appId=
      strict-transport-security:
      - max-age=2592000
      x-azure-ref:
      - 01od2ZQAAAABfZfFtU5QiTawPIGp2OqDpSFlEMzBFREdFMDYxMwA5ZmM3YjUxOS1hOGNjLTRmODktOTM1ZS1jOTE0OGFlMDllODE=
      x-cache:
      - CONFIG_NOCACHE
      x-processing-time:
      - 23ms
    status:
      code: 201
      message: Created
- request:
    body: '{"createTokenWithScopes": ["chat"], "expiresInMinutes": null}'
    headers:
      Accept:
      - application/json
      Accept-Encoding:
      - gzip, deflate
      Connection:
      - keep-alive
      Content-Length:
      - '61'
      Content-Type:
      - application/json
      User-Agent:
      - AzureCli/1.8.0b1 azsdk-python-communication-identity/1.3.1 Python/3.10.11
        (Windows-10-10.0.19045-SP0)
      x-ms-content-sha256:
      - RgFKX8sq6gKDc377EdeILf3jgzCijxLOR8s04qluHkc=
      x-ms-date:
      - Mon, 11 Dec 2023 03:54:00 GMT
      x-ms-return-client-request-id:
      - 'true'
    method: POST
    uri: https://sanitized.unitedstates.communication.azure.com/identities?api-version=2022-10-01
  response:
    body:
      string: '{"identity": {"id": "sanitized"}, "accessToken": {"token": "sanitized",
        "expiresOn": "2023-12-12T03:54:00.1880022+00:00"}}'
    headers:
      api-supported-versions:
      - 2020-07-20-preview2, 2021-02-22-preview1, 2021-03-07, 2021-10-31-preview,
        2021-11-01, 2022-06-01, 2022-10-01, 2023-10-01
      content-length:
      - '122'
      content-type:
      - application/json; charset=utf-8
      date:
      - Mon, 11 Dec 2023 03:54:00 GMT
      ms-cv:
      - 88efNFuTWkS5OusB2hlUkw.2.0
      request-context:
      - appId=
      strict-transport-security:
      - max-age=2592000
      x-azure-ref:
      - 014d2ZQAAAADQaBPcMwH+Q5h7Vu+DLMybSFlEMzBFREdFMDQwOQA5ZmM3YjUxOS1hOGNjLTRmODktOTM1ZS1jOTE0OGFlMDllODE=
      x-cache:
      - CONFIG_NOCACHE
      x-processing-time:
      - 23ms
    status:
      code: 201
      message: Created
- request:
    body: '{"topic": "chat-topic", "participants": []}'
    headers:
      Accept:
      - application/json
      Accept-Encoding:
      - gzip, deflate
      Connection:
      - keep-alive
      Content-Length:
      - '43'
      Content-Type:
      - application/json
      User-Agent:
      - AzureCli/1.8.0b1 azsdk-python-communication-chat/1.1.0 Python/3.10.11 (Windows-10-10.0.19045-SP0)
      repeatability-request-id:
      - 38231742-cd30-4080-89fd-172913e195de
    method: POST
    uri: https://sanitized.unitedstates.communication.azure.com/chat/threads?api-version=2021-09-07
  response:
    body:
      string: '{"chatThread": {"id": "sanitized", "topic": "chat-topic", "createdOn":
        "2023-12-11T03:54:00Z", "createdByCommunicationIdentifier": {"rawId": "sanitized",
        "communicationUser": {"id": "sanitized"}}}}'
    headers:
      access-control-expose-headers:
      - '*'
      api-supported-versions:
      - 2021-03-07, 2021-04-05-preview6, 2021-09-07, 2023-04-01-preview, 2023-07-01-preview,
        2023-11-07, 2023-11-15-preview
      content-length:
      - '197'
      content-type:
      - application/json; charset=utf-8
      date:
      - Mon, 11 Dec 2023 03:54:01 GMT
      location:
      - https://clitest000002.unitedstates.communication.azure.com/chat/threads/19%3AUftvYLlIF3O2GPctzo8avoNCuPk03nZxduwPD1mN0v41@thread.v2
      ms-cv:
      - MnGoPOgZS0+kLldDGNDSpw.0
      strict-transport-security:
      - max-age=2592000
      x-azure-ref:
      - 02Id2ZQAAAAAWpi7IXXEZSKqvx69YeyHpSFlEMzBFREdFMDYyMAA5ZmM3YjUxOS1hOGNjLTRmODktOTM1ZS1jOTE0OGFlMDllODE=
      x-cache:
      - CONFIG_NOCACHE
      x-processing-time:
      - 1243ms
    status:
      code: 201
      message: Created
- request:
    body: '{"participants": [{"communicationIdentifier": {"rawId": "sanitized", "communicationUser":
      {"id": "sanitized"}}}]}'
    headers:
      Accept:
      - application/json
      Accept-Encoding:
      - gzip, deflate
      Connection:
      - keep-alive
      Content-Length:
      - '113'
      Content-Type:
      - application/json
      User-Agent:
      - azsdk-python-communication-chat/1.1.0 Python/3.10.11 (Windows-10-10.0.19045-SP0)
    method: POST
    uri: https://sanitized.unitedstates.communication.azure.com/chat/threads/sanitized/participants/:add?api-version=2021-09-07
  response:
    body:
      string: '{}'
    headers:
      access-control-expose-headers:
      - '*'
      api-supported-versions:
      - 2021-03-07, 2021-04-05-preview6, 2021-09-07, 2023-04-01-preview, 2023-07-01-preview,
        2023-11-07, 2023-11-15-preview
      content-length:
      - '2'
      content-type:
      - application/json; charset=utf-8
      date:
      - Mon, 11 Dec 2023 03:54:02 GMT
      ms-cv:
      - UBVdcrltA0mopewA6j6hYg.0
      strict-transport-security:
      - max-age=2592000
      x-azure-ref:
      - 02od2ZQAAAAAVRFWyFbQZTpgv3uzUgv0lSFlEMzBFREdFMDQyMQA5ZmM3YjUxOS1hOGNjLTRmODktOTM1ZS1jOTE0OGFlMDllODE=
      x-cache:
      - CONFIG_NOCACHE
      x-processing-time:
      - 465ms
    status:
      code: 201
      message: Created
- request:
    body: '{"rawId": "sanitized", "communicationUser": {"id": "sanitized"}}'
    headers:
      Accept:
      - application/json
      Accept-Encoding:
      - gzip, deflate
      Connection:
      - keep-alive
      Content-Length:
      - '64'
      Content-Type:
      - application/json
      User-Agent:
      - azsdk-python-communication-chat/1.1.0 Python/3.10.11 (Windows-10-10.0.19045-SP0)
    method: POST
    uri: https://sanitized.unitedstates.communication.azure.com/chat/threads/sanitized/participants/:remove?api-version=2021-09-07
  response:
    body:
      string: ''
    headers:
      access-control-expose-headers:
      - '*'
      api-supported-versions:
      - 2021-03-07, 2021-04-05-preview6, 2021-09-07, 2023-04-01-preview, 2023-07-01-preview,
        2023-11-07, 2023-11-15-preview
      date:
      - Mon, 11 Dec 2023 03:54:03 GMT
      ms-cv:
      - 7B/kPID/ZEywUU3xIj6zEQ.0
      strict-transport-security:
      - max-age=2592000
      x-azure-ref:
      - 024d2ZQAAAAAE+652gWzMSp4BtgZDdtvtSFlEMzBFREdFMDYyMQA5ZmM3YjUxOS1hOGNjLTRmODktOTM1ZS1jOTE0OGFlMDllODE=
      x-cache:
      - CONFIG_NOCACHE
      x-processing-time:
      - 655ms
    status:
      code: 204
      message: No Content
- request:
    body: '{"rawId": "sanitized", "communicationUser": {"id": "sanitized"}}'
    headers:
      Accept:
      - application/json
      Accept-Encoding:
      - gzip, deflate
      Connection:
      - keep-alive
      Content-Length:
      - '64'
      Content-Type:
      - application/json
      User-Agent:
      - azsdk-python-communication-chat/1.1.0 Python/3.10.11 (Windows-10-10.0.19045-SP0)
    method: POST
    uri: https://sanitized.unitedstates.communication.azure.com/chat/threads/sanitized/participants/:remove?api-version=2021-09-07
  response:
    body:
      string: '{"CommunicationError": {"Code": "BadRequest", "Message": "Identifier
        format is invalid (8:acs:fakeid).", "Details": []}}'
    headers:
      access-control-expose-headers:
      - '*'
      api-supported-versions:
      - 2021-03-07, 2021-04-05-preview6, 2021-09-07, 2023-04-01-preview, 2023-07-01-preview,
        2023-11-07, 2023-11-15-preview
      content-type:
      - application/json
      date:
      - Mon, 11 Dec 2023 03:54:03 GMT
      ms-cv:
      - fKdPlu0wgUeAB6ffMJC8mg.0
      strict-transport-security:
      - max-age=2592000
      transfer-encoding:
      - chunked
      x-azure-ref:
      - 03Id2ZQAAAAC8vzUV47exR4x/6Ti4C+J5SFlEMzBFREdFMDYxMAA5ZmM3YjUxOS1hOGNjLTRmODktOTM1ZS1jOTE0OGFlMDllODE=
      x-cache:
      - CONFIG_NOCACHE
      x-processing-time:
      - 4ms
    status:
      code: 400
      message: Bad Request
- request:
    body: '{"rawId": "sanitized", "communicationUser": {"id": "sanitized"}}'
    headers:
      Accept:
      - application/json
      Accept-Encoding:
      - gzip, deflate
      Connection:
      - keep-alive
      Content-Length:
      - '64'
      Content-Type:
      - application/json
      User-Agent:
      - azsdk-python-communication-chat/1.1.0 Python/3.10.11 (Windows-10-10.0.19045-SP0)
    method: POST
    uri: https://sanitized.unitedstates.communication.azure.com/chat/threads/sanitized/participants/:remove?api-version=2021-09-07
  response:
    body:
      string: ''
    headers:
      access-control-expose-headers:
      - '*'
      api-supported-versions:
      - 2021-03-07, 2021-04-05-preview6, 2021-09-07, 2023-04-01-preview, 2023-07-01-preview,
        2023-11-07, 2023-11-15-preview
      date:
      - Mon, 11 Dec 2023 03:54:05 GMT
      ms-cv:
      - y2hchOGmEUqjfigjFdCGgw.0
      strict-transport-security:
      - max-age=2592000
      x-azure-ref:
      - 03Yd2ZQAAAACSTc4MBywySaM4yAgn/on8SFlEMzBFREdFMDYyMQA5ZmM3YjUxOS1hOGNjLTRmODktOTM1ZS1jOTE0OGFlMDllODE=
      x-cache:
      - CONFIG_NOCACHE
      x-processing-time:
      - 522ms
    status:
      code: 204
      message: No Content
- request:
    body: '{"rawId": "sanitized", "communicationUser": {"id": "sanitized"}}'
    headers:
      Accept:
      - application/json
      Accept-Encoding:
      - gzip, deflate
      Connection:
      - keep-alive
      Content-Length:
      - '64'
      Content-Type:
      - application/json
      User-Agent:
      - azsdk-python-communication-chat/1.1.0 Python/3.10.11 (Windows-10-10.0.19045-SP0)
    method: POST
    uri: https://sanitized.unitedstates.communication.azure.com/chat/threads/sanitized/participants/:remove?api-version=2021-09-07
  response:
    body:
      string: '{"CommunicationError": {"Code": "Forbidden", "Message": "The initiator
        doesn''t have the permission to perform the requested operation.", "Details":
        []}}'
    headers:
      access-control-expose-headers:
      - '*'
      api-supported-versions:
      - 2021-03-07, 2021-04-05-preview6, 2021-09-07, 2023-04-01-preview, 2023-07-01-preview,
        2023-11-07, 2023-11-15-preview
      content-type:
      - application/json
      date:
      - Mon, 11 Dec 2023 03:54:05 GMT
      ms-cv:
      - gWJ7nzw9O0Wz4TGq8blGSQ.0
      strict-transport-security:
      - max-age=2592000
      transfer-encoding:
      - chunked
      x-azure-ref:
      - 03od2ZQAAAAAwHbSfEmb6T5epA3iZhFT6SFlEMzBFREdFMDYxMgA5ZmM3YjUxOS1hOGNjLTRmODktOTM1ZS1jOTE0OGFlMDllODE=
      x-cache:
      - CONFIG_NOCACHE
      x-processing-time:
      - 328ms
    status:
      code: 403
      message: Forbidden
version: 1
