interactions:
- request:
    body: '{"createTokenWithScopes": ["chat"], "expiresInMinutes": null}'
    headers:
      Accept:
      - application/json
      Accept-Encoding:
      - gzip, deflate
      Connection:
      - keep-alive
      Content-Length:
      - '61'
      Content-Type:
      - application/json
      User-Agent:
      - AzureCli/1.8.0b1 azsdk-python-communication-identity/1.3.1 Python/3.10.11
        (Windows-10-10.0.19045-SP0)
      x-ms-content-sha256:
      - RgFKX8sq6gKDc377EdeILf3jgzCijxLOR8s04qluHkc=
      x-ms-date:
      - Mon, 11 Dec 2023 03:48:30 GMT
      x-ms-return-client-request-id:
      - 'true'
    method: POST
    uri: https://sanitized.unitedstates.communication.azure.com/identities?api-version=2022-10-01
  response:
    body:
      string: '{"identity": {"id": "sanitized"}, "accessToken": {"token": "sanitized",
        "expiresOn": "2023-12-12T03:48:30.2822318+00:00"}}'
    headers:
      api-supported-versions:
      - 2020-07-20-preview2, 2021-02-22-preview1, 2021-03-07, 2021-10-31-preview,
        2021-11-01, 2022-06-01, 2022-10-01, 2023-10-01
      content-length:
      - '122'
      content-type:
      - application/json; charset=utf-8
      date:
      - Mon, 11 Dec 2023 03:48:29 GMT
      ms-cv:
      - t4Rydl/RwU2cLSPIzxQWkg.2.0
      request-context:
      - appId=
      strict-transport-security:
      - max-age=2592000
      x-azure-ref:
      - 0jYZ2ZQAAAAAwbhp3yLA/SofYe22VHnKWSFlEMzBFREdFMDYxMwA5ZmM3YjUxOS1hOGNjLTRmODktOTM1ZS1jOTE0OGFlMDllODE=
      x-cache:
      - CONFIG_NOCACHE
      x-processing-time:
      - 29ms
    status:
      code: 201
      message: Created
- request:
    body: '{"topic": "chat-topic", "participants": []}'
    headers:
      Accept:
      - application/json
      Accept-Encoding:
      - gzip, deflate
      Connection:
      - keep-alive
      Content-Length:
      - '43'
      Content-Type:
      - application/json
      User-Agent:
      - AzureCli/1.8.0b1 azsdk-python-communication-chat/1.1.0 Python/3.10.11 (Windows-10-10.0.19045-SP0)
      repeatability-request-id:
      - 0c3425b0-86a9-4ed5-b101-f2598f0db0b8
    method: POST
    uri: https://sanitized.unitedstates.communication.azure.com/chat/threads?api-version=2021-09-07
  response:
    body:
      string: '{"chatThread": {"id": "sanitized", "topic": "chat-topic", "createdOn":
        "2023-12-11T03:48:31Z", "createdByCommunicationIdentifier": {"rawId": "sanitized",
        "communicationUser": {"id": "sanitized"}}}}'
    headers:
      access-control-expose-headers:
      - '*'
      api-supported-versions:
      - 2021-03-07, 2021-04-05-preview6, 2021-09-07, 2023-04-01-preview, 2023-07-01-preview,
        2023-11-07, 2023-11-15-preview
      content-length:
      - '197'
      content-type:
      - application/json; charset=utf-8
      date:
      - Mon, 11 Dec 2023 03:48:30 GMT
      location:
      - https://clitest000002.unitedstates.communication.azure.com/chat/threads/19%3AEmdZaRqNwsXhY_--t4pRWvHL9tbu8yXa-bvMhfB__rM1@thread.v2
      ms-cv:
      - Kd6HL3VrWEyXH/n7P/C8Dw.0
      strict-transport-security:
      - max-age=2592000
      x-azure-ref:
      - 0joZ2ZQAAAAD77Bo3X7QcRp/YBYFqu3BzSFlEMzBFREdFMDYxNQA5ZmM3YjUxOS1hOGNjLTRmODktOTM1ZS1jOTE0OGFlMDllODE=
      x-cache:
      - CONFIG_NOCACHE
      x-processing-time:
      - 639ms
    status:
      code: 201
      message: Created
- request:
    body: '{"createTokenWithScopes": ["chat"], "expiresInMinutes": null}'
    headers:
      Accept:
      - application/json
      Accept-Encoding:
      - gzip, deflate
      Connection:
      - keep-alive
      Content-Length:
      - '61'
      Content-Type:
      - application/json
      User-Agent:
      - AzureCli/1.8.0b1 azsdk-python-communication-identity/1.3.1 Python/3.10.11
        (Windows-10-10.0.19045-SP0)
      x-ms-content-sha256:
      - RgFKX8sq6gKDc377EdeILf3jgzCijxLOR8s04qluHkc=
      x-ms-date:
      - Mon, 11 Dec 2023 03:48:33 GMT
      x-ms-return-client-request-id:
      - 'true'
    method: POST
    uri: https://sanitized.unitedstates.communication.azure.com/identities?api-version=2022-10-01
  response:
    body:
      string: '{"identity": {"id": "sanitized"}, "accessToken": {"token": "sanitized",
        "expiresOn": "2023-12-12T03:48:32.7931258+00:00"}}'
    headers:
      api-supported-versions:
      - 2020-07-20-preview2, 2021-02-22-preview1, 2021-03-07, 2021-10-31-preview,
        2021-11-01, 2022-06-01, 2022-10-01, 2023-10-01
      content-length:
      - '122'
      content-type:
      - application/json; charset=utf-8
      date:
      - Mon, 11 Dec 2023 03:48:31 GMT
      ms-cv:
      - /3QMHUwu5kSwYyQ5UZk6Kw.2.0
      request-context:
      - appId=
      strict-transport-security:
      - max-age=2592000
      x-azure-ref:
      - 0j4Z2ZQAAAAD4ndwKHAqbRb2Vv0zI8pvpSFlEMzBFREdFMDYxMQA5ZmM3YjUxOS1hOGNjLTRmODktOTM1ZS1jOTE0OGFlMDllODE=
      x-cache:
      - CONFIG_NOCACHE
      x-processing-time:
      - 27ms
    status:
      code: 201
      message: Created
- request:
    body: '{"participants": [{"communicationIdentifier": {"rawId": "sanitized", "communicationUser":
      {"id": "sanitized"}}, "displayName": "John Doe"}]}'
    headers:
      Accept:
      - application/json
      Accept-Encoding:
      - gzip, deflate
      Connection:
      - keep-alive
      Content-Length:
      - '140'
      Content-Type:
      - application/json
      User-Agent:
      - azsdk-python-communication-chat/1.1.0 Python/3.10.11 (Windows-10-10.0.19045-SP0)
    method: POST
    uri: https://sanitized.unitedstates.communication.azure.com/chat/threads/sanitized/participants/:add?api-version=2021-09-07
  response:
    body:
      string: '{}'
    headers:
      access-control-expose-headers:
      - '*'
      api-supported-versions:
      - 2021-03-07, 2021-04-05-preview6, 2021-09-07, 2023-04-01-preview, 2023-07-01-preview,
        2023-11-07, 2023-11-15-preview
      content-length:
      - '2'
      content-type:
      - application/json; charset=utf-8
      date:
      - Mon, 11 Dec 2023 03:48:32 GMT
      ms-cv:
      - nyLBYfDqTEu0bcJ7oXu2Rg.0
      strict-transport-security:
      - max-age=2592000
      x-azure-ref:
      - 0kYZ2ZQAAAAATs5KszYSdQ7ePrJVzie+XSFlEMzBFREdFMDYxNQA5ZmM3YjUxOS1hOGNjLTRmODktOTM1ZS1jOTE0OGFlMDllODE=
      x-cache:
      - CONFIG_NOCACHE
      x-processing-time:
      - 450ms
    status:
      code: 201
      message: Created
version: 1
