interactions:
- request:
    body: '{"createTokenWithScopes": ["chat"], "expiresInMinutes": null}'
    headers:
      Accept:
      - application/json
      Accept-Encoding:
      - gzip, deflate
      Connection:
      - keep-alive
      Content-Length:
      - '61'
      Content-Type:
      - application/json
      User-Agent:
<<<<<<< HEAD
      - AzureCli/1.6.1 azsdk-python-communication-identity/1.3.1 Python/3.8.0 (Windows-10-10.0.22621-SP0)
      x-ms-content-sha256:
      - RgFKX8sq6gKDc377EdeILf3jgzCijxLOR8s04qluHkc=
      x-ms-date:
      - Wed, 05 Jul 2023 22:18:55 GMT
=======
      - AzureCli/2.0.0 azsdk-python-communication-identity/1.3.1 Python/3.10.7 (Windows-10-10.0.22621-SP0)
      x-ms-content-sha256:
      - RgFKX8sq6gKDc377EdeILf3jgzCijxLOR8s04qluHkc=
      x-ms-date:
<<<<<<< HEAD
<<<<<<< HEAD
      - Fri, 23 Jun 2023 17:10:26 GMT
>>>>>>> ddcd2202f (Adding test recordings)
=======
      - Tue, 04 Jul 2023 23:34:21 GMT
>>>>>>> 7c5b674c0 (Reran tests)
=======
      - Wed, 05 Jul 2023 18:15:10 GMT
>>>>>>> 6a8169d18 (Updated rooms version for tests)
      x-ms-return-client-request-id:
      - 'true'
    method: POST
    uri: https://sanitized.communication.azure.com/identities?api-version=2022-10-01
  response:
    body:
      string: '{"identity": {"id": "sanitized"}, "accessToken": {"token": "sanitized",
<<<<<<< HEAD
<<<<<<< HEAD
<<<<<<< HEAD
        "expiresOn": "2023-07-06T22:18:55.9829809+00:00"}}'
=======
        "expiresOn": "2023-06-24T17:10:26.0354047+00:00"}}'
>>>>>>> ddcd2202f (Adding test recordings)
=======
        "expiresOn": "2023-07-05T23:34:22.5294295+00:00"}}'
>>>>>>> 7c5b674c0 (Reran tests)
=======
        "expiresOn": "2023-07-06T18:15:10.9037177+00:00"}}'
>>>>>>> 6a8169d18 (Updated rooms version for tests)
    headers:
      api-supported-versions:
      - 2020-07-20-preview2, 2021-02-22-preview1, 2021-03-07, 2021-10-31-preview,
        2021-11-01, 2022-06-01, 2022-10-01, 2023-08-01
      content-length:
      - '122'
      content-type:
      - application/json; charset=utf-8
      date:
<<<<<<< HEAD
<<<<<<< HEAD
<<<<<<< HEAD
      - Wed, 05 Jul 2023 22:18:55 GMT
      ms-cv:
      - lLQZL2a9zkqAlhMN67TBmg.0
=======
      - Fri, 23 Jun 2023 17:10:25 GMT
      ms-cv:
      - yF6vDDtj1k6DOMxnptlt2g.0
>>>>>>> ddcd2202f (Adding test recordings)
=======
      - Tue, 04 Jul 2023 23:34:21 GMT
      ms-cv:
      - 2byU2N2c9UW746YpDhJbnA.0
>>>>>>> 7c5b674c0 (Reran tests)
=======
      - Wed, 05 Jul 2023 18:15:10 GMT
      ms-cv:
      - FhyEiCcmdUGB6JDoF3GUpg.0
>>>>>>> 6a8169d18 (Updated rooms version for tests)
      request-context:
      - appId=
      strict-transport-security:
      - max-age=2592000
      x-azure-ref:
<<<<<<< HEAD
<<<<<<< HEAD
<<<<<<< HEAD
      - 0T+ylZAAAAABMnW/lj6VhQ5shC8FcIvDFWVZSMzExMDAwMTE1MDI5ADlmYzdiNTE5LWE4Y2MtNGY4OS05MzVlLWM5MTQ4YWUwOWU4MQ==
=======
      - 0AdKVZAAAAABfuj9fnl3xQrhO16zqMLfDWVZSMzExMDAwMTE1MDIzADlmYzdiNTE5LWE4Y2MtNGY4OS05MzVlLWM5MTQ4YWUwOWU4MQ==
>>>>>>> ddcd2202f (Adding test recordings)
=======
      - 0fqykZAAAAAA0WjmM6+yGSKGozreHHBQ6WVZSMzExMDAwMTE1MDMzADlmYzdiNTE5LWE4Y2MtNGY4OS05MzVlLWM5MTQ4YWUwOWU4MQ==
>>>>>>> 7c5b674c0 (Reran tests)
=======
      - 0LrOlZAAAAAApDXor93aEQpr/npSsGuGXWVZSMzExMDAwMTE1MDMxADlmYzdiNTE5LWE4Y2MtNGY4OS05MzVlLWM5MTQ4YWUwOWU4MQ==
>>>>>>> 6a8169d18 (Updated rooms version for tests)
      x-cache:
      - CONFIG_NOCACHE
      x-processing-time:
      - 105ms
    status:
      code: 201
      message: Created
- request:
    body: '{"topic": "thread-topic", "participants": []}'
    headers:
      Accept:
      - application/json
      Accept-Encoding:
      - gzip, deflate
      Connection:
      - keep-alive
      Content-Length:
      - '45'
      Content-Type:
      - application/json
      User-Agent:
<<<<<<< HEAD
      - AzureCli/1.6.1 azsdk-python-communication-chat/1.1.0 Python/3.8.0 (Windows-10-10.0.22621-SP0)
      repeatability-request-id:
      - b2bbb957-10a6-4fcf-b7df-ea1084c4f4a7
=======
      - AzureCli/2.0.0 azsdk-python-communication-chat/1.1.0 Python/3.10.7 (Windows-10-10.0.22621-SP0)
      repeatability-request-id:
<<<<<<< HEAD
<<<<<<< HEAD
      - ff12597e-51f2-4767-af29-a966b0066586
>>>>>>> ddcd2202f (Adding test recordings)
=======
      - 0ea7f1f7-cf34-4146-ac13-2d71a2f8c6f9
>>>>>>> 7c5b674c0 (Reran tests)
=======
      - d0eb8b32-89ff-456e-ba06-02c04d525c66
>>>>>>> 6a8169d18 (Updated rooms version for tests)
    method: POST
    uri: https://sanitized.communication.azure.com/chat/threads?api-version=2021-09-07
  response:
    body:
      string: '{"chatThread": {"id": "sanitized", "topic": "thread-topic", "createdOn":
<<<<<<< HEAD
<<<<<<< HEAD
<<<<<<< HEAD
        "2023-07-05T22:18:56Z", "createdByCommunicationIdentifier": {"rawId": "sanitized",
=======
        "2023-06-23T17:10:26Z", "createdByCommunicationIdentifier": {"rawId": "sanitized",
>>>>>>> ddcd2202f (Adding test recordings)
=======
        "2023-07-04T23:34:22Z", "createdByCommunicationIdentifier": {"rawId": "sanitized",
>>>>>>> 7c5b674c0 (Reran tests)
=======
        "2023-07-05T18:15:11Z", "createdByCommunicationIdentifier": {"rawId": "sanitized",
>>>>>>> 6a8169d18 (Updated rooms version for tests)
        "communicationUser": {"id": "sanitized"}}}}'
    headers:
      api-supported-versions:
      - 2021-03-07, 2021-04-05-preview6, 2021-09-07, 2023-04-01-preview, 2023-07-01-preview
      content-length:
      - '199'
      content-type:
      - application/json; charset=utf-8
      date:
<<<<<<< HEAD
<<<<<<< HEAD
<<<<<<< HEAD
      - Wed, 05 Jul 2023 22:18:56 GMT
      location:
      - https://clitest000002.communication.azure.com/chat/threads/19%3AiwRcHQj6o9akOCjIYumNTJKPBffeo2RhTv1TDRckQdA1@thread.v2
      ms-cv:
      - EtulkhcGg0S83C4r3RgchA.0
      strict-transport-security:
      - max-age=2592000
      x-azure-ref:
      - 0UOylZAAAAAA5sY6uVmSvRaCFi8aT+qUtWVZSMzExMDAwMTE1MDE5ADlmYzdiNTE5LWE4Y2MtNGY4OS05MzVlLWM5MTQ4YWUwOWU4MQ==
      x-cache:
      - CONFIG_NOCACHE
      x-processing-time:
      - 463ms
=======
      - Fri, 23 Jun 2023 17:10:26 GMT
=======
      - Tue, 04 Jul 2023 23:34:22 GMT
>>>>>>> 7c5b674c0 (Reran tests)
=======
      - Wed, 05 Jul 2023 18:15:10 GMT
>>>>>>> 6a8169d18 (Updated rooms version for tests)
      location:
      - https://clitest000002.communication.azure.com/chat/threads/19%3ATZc0uwNbC4bSVyGS0GXUr1KQ9z6uhn3-ptroGGqwtzg1@thread.v2
      ms-cv:
      - mytUe4N2Ek+GJzR+IDf4zA.0
      strict-transport-security:
      - max-age=2592000
      x-azure-ref:
      - 0L7OlZAAAAAAL0OQv/WYuSIzjKhwV3ZVuWVZSMzExMDAwMTE1MDI5ADlmYzdiNTE5LWE4Y2MtNGY4OS05MzVlLWM5MTQ4YWUwOWU4MQ==
      x-cache:
      - CONFIG_NOCACHE
      x-processing-time:
<<<<<<< HEAD
<<<<<<< HEAD
      - 466ms
>>>>>>> ddcd2202f (Adding test recordings)
=======
      - 351ms
>>>>>>> 7c5b674c0 (Reran tests)
=======
      - 326ms
>>>>>>> 6a8169d18 (Updated rooms version for tests)
    status:
      code: 201
      message: Created
- request:
    body: '{"topic": "new-topic!"}'
    headers:
      Accept:
      - application/json
      Accept-Encoding:
      - gzip, deflate
      Connection:
      - keep-alive
      Content-Length:
      - '23'
      Content-Type:
      - application/merge-patch+json
      User-Agent:
      - azsdk-python-communication-chat/1.1.0 Python/3.10.7 (Windows-10-10.0.22621-SP0)
    method: PATCH
    uri: https://sanitized.communication.azure.com/chat/threads/sanitized?api-version=2021-09-07
  response:
    body:
      string: ''
    headers:
      api-supported-versions:
      - 2021-03-07, 2021-04-05-preview6, 2021-09-07, 2023-04-01-preview, 2023-07-01-preview
      date:
<<<<<<< HEAD
<<<<<<< HEAD
<<<<<<< HEAD
      - Wed, 05 Jul 2023 22:18:57 GMT
      ms-cv:
      - +mo9hB0pVEir1qvPSsyKtQ.0
      strict-transport-security:
      - max-age=2592000
      x-azure-ref:
      - 0UOylZAAAAAAYbVAjCAgSSry4VkVy9rcRWVZSMzExMDAwMTE1MDE5ADlmYzdiNTE5LWE4Y2MtNGY4OS05MzVlLWM5MTQ4YWUwOWU4MQ==
      x-cache:
      - CONFIG_NOCACHE
      x-processing-time:
      - 196ms
=======
      - Fri, 23 Jun 2023 17:10:27 GMT
=======
      - Tue, 04 Jul 2023 23:34:23 GMT
>>>>>>> 7c5b674c0 (Reran tests)
=======
      - Wed, 05 Jul 2023 18:15:11 GMT
>>>>>>> 6a8169d18 (Updated rooms version for tests)
      ms-cv:
      - FtiRHygDJ0qJG+vkaXOWFQ.0
      strict-transport-security:
      - max-age=2592000
      x-azure-ref:
      - 0L7OlZAAAAAAIJPTmTPMeQYR0AmTctSt5WVZSMzExMDAwMTE1MDIzADlmYzdiNTE5LWE4Y2MtNGY4OS05MzVlLWM5MTQ4YWUwOWU4MQ==
      x-cache:
      - CONFIG_NOCACHE
      x-processing-time:
<<<<<<< HEAD
<<<<<<< HEAD
      - 272ms
>>>>>>> ddcd2202f (Adding test recordings)
=======
      - 224ms
>>>>>>> 7c5b674c0 (Reran tests)
=======
      - 264ms
>>>>>>> 6a8169d18 (Updated rooms version for tests)
    status:
      code: 204
      message: No Content
version: 1
