interactions:
- request:
    body: '{"createTokenWithScopes": ["chat"]}'
    headers:
      Accept:
      - application/json
      Accept-Encoding:
      - gzip, deflate
      Connection:
      - keep-alive
      Content-Length:
      - '35'
      Content-Type:
      - application/json
      User-Agent:
      - AzureCli/1.9.1 azsdk-python-communication-identity/1.5.0 Python/3.10.11 (Windows-10-10.0.19045-SP0)
      x-ms-content-sha256:
      - kWpGozyV35fifbpKdY8mbdG64VG0Pdq5upzo7YKAFM0=
      x-ms-date:
      - Mon, 01 Apr 2024 05:37:13 GMT
      x-ms-return-client-request-id:
      - 'true'
    method: POST
    uri: https://sanitized.communication.azure.com/identities?api-version=2023-10-01
  response:
    body:
      string: '{"identity": {"id": "sanitized"}, "accessToken": {"token": "sanitized",
        "expiresOn": "2024-04-02T05:37:14.7014971+00:00"}}'
    headers:
      api-supported-versions:
      - 2020-07-20-preview2, 2021-02-22-preview1, 2021-03-07, 2021-10-31-preview,
        2021-11-01, 2022-06-01, 2022-10-01, 2023-10-01
      content-length:
      - '122'
      content-type:
      - application/json; charset=utf-8
      date:
      - Mon, 01 Apr 2024 05:37:14 GMT
      ms-cv:
      - WmbWq4QEHUiyK+1eXiUtcQ.2.0
      request-context:
      - appId=
      strict-transport-security:
      - max-age=31536000;includeSubDomains
      x-azure-ref:
      - 0CkgKZgAAAABT4+oj8Ni4QqaffEwdBCojSEtCRURHRTA3MDYAOWZjN2I1MTktYThjYy00Zjg5LTkzNWUtYzkxNDhhZTA5ZTgx
      x-cache:
      - CONFIG_NOCACHE
      x-processing-time:
      - 26ms
    status:
      code: 201
      message: Created
- request:
    body: '{"topic": "some-other-topic", "participants": []}'
    headers:
      Accept:
      - application/json
      Accept-Encoding:
      - gzip, deflate
      Connection:
      - keep-alive
      Content-Length:
      - '49'
      Content-Type:
      - application/json
      User-Agent:
      - AzureCli/1.9.1 azsdk-python-communication-chat/1.2.0 Python/3.10.11 (Windows-10-10.0.19045-SP0)
      repeatability-request-id:
      - b77c3f51-05e8-478b-98ae-55f817aca014
    method: POST
    uri: https://sanitized.communication.azure.com/chat/threads?api-version=2023-11-07
  response:
    body:
      string: '{"chatThread": {"id": "sanitized", "topic": "some-other-topic", "createdOn":
        "2024-04-01T05:37:15Z", "createdByCommunicationIdentifier": {"rawId": "sanitized",
        "communicationUser": {"id": "sanitized"}}}}'
    headers:
      access-control-expose-headers:
      - '*'
      api-supported-versions:
      - 2021-03-07, 2021-04-05-preview6, 2021-09-07, 2023-04-01-preview, 2023-07-01-preview,
        2023-11-07, 2023-11-15-preview, 2024-03-07, 2024-03-15-preview
      content-length:
      - '203'
      content-type:
      - application/json; charset=utf-8
      date:
      - Mon, 01 Apr 2024 05:37:16 GMT
      location:
      - https://clitest000002.unitedstates.communication.azure.com/chat/threads/19%3A5pQiCHHb03A9piZv0cM9eTyMPPJM3JkRqkLl3WYZoN41@thread.v2
      ms-cv:
      - LjCcNbEP2k20BXk2NwdXEQ.0
      strict-transport-security:
      - max-age=31536000;includeSubDomains
      x-azure-ref:
      - 0C0gKZgAAAADr6dz3hwCESIPomhodEXnLSEtCRURHRTA3MTcAOWZjN2I1MTktYThjYy00Zjg5LTkzNWUtYzkxNDhhZTA5ZTgx
      x-cache:
      - CONFIG_NOCACHE
      x-processing-time:
      - 1462ms
    status:
      code: 201
      message: Created
- request:
    body: '{"content": "Hello!", "type": "text"}'
    headers:
      Accept:
      - application/json
      Accept-Encoding:
      - gzip, deflate
      Connection:
      - keep-alive
      Content-Length:
      - '37'
      Content-Type:
      - application/json
      User-Agent:
      - azsdk-python-communication-chat/1.2.0 Python/3.10.11 (Windows-10-10.0.19045-SP0)
    method: POST
    uri: https://sanitized.communication.azure.com/chat/threads/sanitized/messages?api-version=2023-11-07
  response:
    body:
      string: '{"id": "sanitized"}'
    headers:
      access-control-expose-headers:
      - '*'
      api-supported-versions:
      - 2021-03-07, 2021-04-05-preview6, 2021-09-07, 2023-04-01-preview, 2023-07-01-preview,
        2023-11-07, 2023-11-15-preview, 2024-03-07, 2024-03-15-preview
      content-length:
      - '19'
      content-type:
      - application/json; charset=utf-8
      date:
      - Mon, 01 Apr 2024 05:37:17 GMT
      location:
      - https://clitest000002.unitedstates.communication.azure.com/chat/threads/19%3A5pQiCHHb03A9piZv0cM9eTyMPPJM3JkRqkLl3WYZoN41@thread.v2/messages/1711949837692
      ms-cv:
      - A3Wi4mK0N0aoI2qKBg8M3A.0
      strict-transport-security:
      - max-age=31536000;includeSubDomains
      x-azure-ref:
      - 0DUgKZgAAAAC+nCA9TNfjTa0OzTHkvKiNSEtCRURHRTA3MTMAOWZjN2I1MTktYThjYy00Zjg5LTkzNWUtYzkxNDhhZTA5ZTgx
      x-cache:
      - CONFIG_NOCACHE
      x-processing-time:
      - 357ms
    status:
      code: 201
      message: Created
version: 1
