interactions:
- request:
    body: '{"createTokenWithScopes": ["chat"]}'
    headers:
      Accept:
      - application/json
      Accept-Encoding:
      - gzip, deflate
      Connection:
      - keep-alive
      Content-Length:
      - '35'
      Content-Type:
      - application/json
      User-Agent:
      - AzureCli/1.8.1 azsdk-python-communication-identity/1.4.0 Python/3.10.11 (Windows-10-10.0.19045-SP0)
      x-ms-content-sha256:
      - kWpGozyV35fifbpKdY8mbdG64VG0Pdq5upzo7YKAFM0=
      x-ms-date:
      - Wed, 13 Dec 2023 11:38:51 GMT
      x-ms-return-client-request-id:
      - 'true'
    method: POST
    uri: https://sanitized.communication.azure.com/identities?api-version=2023-10-01
  response:
    body:
      string: '{"identity": {"id": "sanitized"}, "accessToken": {"token": "sanitized",
        "expiresOn": "2023-12-14T11:38:53.6940927+00:00"}}'
    headers:
      api-supported-versions:
      - 2020-07-20-preview2, 2021-02-22-preview1, 2021-03-07, 2021-10-31-preview,
        2021-11-01, 2022-06-01, 2022-10-01, 2023-10-01
      content-length:
      - '122'
      content-type:
      - application/json; charset=utf-8
      date:
      - Wed, 13 Dec 2023 11:38:53 GMT
      ms-cv:
      - t+UTZk+DnUOhm6/6MDH8Lg.2.0
      request-context:
      - appId=
      strict-transport-security:
      - max-age=2592000
      x-azure-ref:
      - 0zZd5ZQAAAAALz72kqnHXRJmBM2VaNKWMSFlEMzBFREdFMDQwOAA5ZmM3YjUxOS1hOGNjLTRmODktOTM1ZS1jOTE0OGFlMDllODE=
      x-cache:
      - CONFIG_NOCACHE
      x-processing-time:
      - 25ms
    status:
      code: 201
      message: Created
- request:
    body: '{"topic": "some-other-topic", "participants": []}'
    headers:
      Accept:
      - application/json
      Accept-Encoding:
      - gzip, deflate
      Connection:
      - keep-alive
      Content-Length:
      - '49'
      Content-Type:
      - application/json
      User-Agent:
      - AzureCli/1.8.1 azsdk-python-communication-chat/1.1.0 Python/3.10.11 (Windows-10-10.0.19045-SP0)
      repeatability-request-id:
      - 5690ff34-a3e4-43e8-b395-81508a8d78ad
    method: POST
    uri: https://sanitized.communication.azure.com/chat/threads?api-version=2021-09-07
  response:
    body:
      string: '{"chatThread": {"id": "sanitized", "topic": "some-other-topic", "createdOn":
        "2023-12-13T11:38:54Z", "createdByCommunicationIdentifier": {"rawId": "sanitized",
        "communicationUser": {"id": "sanitized"}}}}'
    headers:
      access-control-expose-headers:
      - '*'
      api-supported-versions:
      - 2021-03-07, 2021-04-05-preview6, 2021-09-07, 2023-04-01-preview, 2023-07-01-preview,
        2023-11-07, 2023-11-15-preview
      content-length:
      - '203'
      content-type:
      - application/json; charset=utf-8
      date:
      - Wed, 13 Dec 2023 11:38:54 GMT
      location:
      - https://clitest000002.communication.azure.com/chat/threads/19%3AXBvZap0Ie9pUcIJsn3Tq1wCvuwj9cnxw7a3ezbeJdrE1@thread.v2
      ms-cv:
      - C6ija2H3fU6oFQSC3yzQAA.0
      strict-transport-security:
      - max-age=2592000
      x-azure-ref:
      - 0zpd5ZQAAAADEdEsiVP7kTZ8AI9n2JD/4SFlEMzBFREdFMDQxNAA5ZmM3YjUxOS1hOGNjLTRmODktOTM1ZS1jOTE0OGFlMDllODE=
      x-cache:
      - CONFIG_NOCACHE
      x-processing-time:
      - 922ms
    status:
      code: 201
      message: Created
- request:
    body: '{"content": "Hello!", "type": "text"}'
    headers:
      Accept:
      - application/json
      Accept-Encoding:
      - gzip, deflate
      Connection:
      - keep-alive
      Content-Length:
      - '37'
      Content-Type:
      - application/json
      User-Agent:
      - azsdk-python-communication-chat/1.1.0 Python/3.10.11 (Windows-10-10.0.19045-SP0)
    method: POST
    uri: https://sanitized.communication.azure.com/chat/threads/sanitized/messages?api-version=2021-09-07
  response:
    body:
      string: '{"id": "sanitized"}'
    headers:
      access-control-expose-headers:
      - '*'
      api-supported-versions:
      - 2021-03-07, 2021-04-05-preview6, 2021-09-07, 2023-04-01-preview, 2023-07-01-preview,
        2023-11-07, 2023-11-15-preview
      content-length:
      - '19'
      content-type:
      - application/json; charset=utf-8
      date:
      - Wed, 13 Dec 2023 11:38:55 GMT
      location:
      - https://clitest000002.communication.azure.com/chat/threads/19%3AXBvZap0Ie9pUcIJsn3Tq1wCvuwj9cnxw7a3ezbeJdrE1@thread.v2/messages/1702467535738
      ms-cv:
      - lzBxc5rM6USB3Xxvfo1HbA.0
      strict-transport-security:
      - max-age=2592000
      x-azure-ref:
      - 0z5d5ZQAAAACSi58DCcn0TomPj/msbsSaRE9IMzBFREdFMDEyMAA5ZmM3YjUxOS1hOGNjLTRmODktOTM1ZS1jOTE0OGFlMDllODE=
      x-cache:
      - CONFIG_NOCACHE
      x-processing-time:
      - 232ms
    status:
      code: 201
      message: Created
- request:
    body: null
    headers:
      Accept:
      - application/json
      Accept-Encoding:
      - gzip, deflate
      Connection:
      - keep-alive
      User-Agent:
      - azsdk-python-communication-chat/1.1.0 Python/3.10.11 (Windows-10-10.0.19045-SP0)
    method: GET
    uri: https://sanitized.communication.azure.com/chat/threads/sanitized/messages/sanitized?api-version=2021-09-07
  response:
    body:
      string: '{"id": "sanitized", "type": "text", "sequenceId": "3", "version": "1702467535738",
        "content": {"message": "Hello!"}, "senderDisplayName": "", "createdOn": "2023-12-13T11:38:55Z",
        "senderCommunicationIdentifier": {"rawId": "sanitized", "communicationUser":
        {"id": "sanitized"}}}'
    headers:
      access-control-expose-headers:
      - '*'
      api-supported-versions:
      - 2021-03-07, 2021-04-05-preview6, 2021-09-07, 2023-04-01-preview, 2023-07-01-preview,
        2023-11-07, 2023-11-15-preview
      content-length:
      - '277'
      content-type:
      - application/json; charset=utf-8
      date:
      - Wed, 13 Dec 2023 11:38:56 GMT
      ms-cv:
      - J0vo+7PfM0mUcFGT/hvZ7g.0
      strict-transport-security:
      - max-age=2592000
      x-azure-ref:
      - 00Jd5ZQAAAADoDj1snKWKR6sTx9rTSTZERE9IMzBFREdFMDIxOQA5ZmM3YjUxOS1hOGNjLTRmODktOTM1ZS1jOTE0OGFlMDllODE=
      x-cache:
      - CONFIG_NOCACHE
      x-processing-time:
      - 229ms
    status:
      code: 200
      message: OK
- request:
    body: null
    headers:
      Accept:
      - application/json
      Accept-Encoding:
      - gzip, deflate
      Connection:
      - keep-alive
      Content-Length:
      - '0'
      User-Agent:
      - azsdk-python-communication-chat/1.1.0 Python/3.10.11 (Windows-10-10.0.19045-SP0)
    method: DELETE
    uri: https://sanitized.communication.azure.com/chat/threads/sanitized/messages/sanitized?api-version=2021-09-07
  response:
    body:
      string: ''
    headers:
      access-control-expose-headers:
      - '*'
      api-supported-versions:
      - 2021-03-07, 2021-04-05-preview6, 2021-09-07, 2023-04-01-preview, 2023-07-01-preview,
        2023-11-07, 2023-11-15-preview
      date:
      - Wed, 13 Dec 2023 11:38:57 GMT
      ms-cv:
      - LQtQdqb90UuXxRJM/5HoLw.0
      strict-transport-security:
      - max-age=2592000
      x-azure-ref:
      - 00Zd5ZQAAAABJTSBwR3GhTbN/NzRxyyA8RE9IMzBFREdFMDExMAA5ZmM3YjUxOS1hOGNjLTRmODktOTM1ZS1jOTE0OGFlMDllODE=
      x-cache:
      - CONFIG_NOCACHE
      x-processing-time:
      - 300ms
    status:
      code: 204
      message: No Content
- request:
    body: null
    headers:
      Accept:
      - application/json
      Accept-Encoding:
      - gzip, deflate
      Connection:
      - keep-alive
      User-Agent:
      - azsdk-python-communication-chat/1.1.0 Python/3.10.11 (Windows-10-10.0.19045-SP0)
    method: GET
    uri: https://sanitized.communication.azure.com/chat/threads/sanitized/messages/sanitized?api-version=2021-09-07
  response:
    body:
      string: '{"id": "sanitized", "type": "text", "sequenceId": "3", "version": "1702467537233",
        "content": {"message": ""}, "senderDisplayName": "", "createdOn": "2023-12-13T11:38:55Z",
        "senderCommunicationIdentifier": {"rawId": "sanitized", "communicationUser":
        {"id": "sanitized"}}, "deletedOn": "2023-12-13T11:38:57Z"}'
    headers:
      access-control-expose-headers:
      - '*'
      api-supported-versions:
      - 2021-03-07, 2021-04-05-preview6, 2021-09-07, 2023-04-01-preview, 2023-07-01-preview,
        2023-11-07, 2023-11-15-preview
      content-length:
      - '308'
      content-type:
      - application/json; charset=utf-8
      date:
      - Wed, 13 Dec 2023 11:38:57 GMT
      ms-cv:
      - LekCTat5LEeVThmUXpBVvg.0
      strict-transport-security:
      - max-age=2592000
      x-azure-ref:
      - 00Zd5ZQAAAABpezq4hGvsTret9PXCkXgwRE9IMzBFREdFMDEwNgA5ZmM3YjUxOS1hOGNjLTRmODktOTM1ZS1jOTE0OGFlMDllODE=
      x-cache:
      - CONFIG_NOCACHE
      x-processing-time:
      - 191ms
    status:
      code: 200
      message: OK
version: 1
