interactions:
- request:
    body: null
    headers:
      Accept:
      - application/json
      Accept-Encoding:
      - gzip, deflate
      CommandName:
      - monitor log-analytics workspace create
      Connection:
      - keep-alive
      ParameterSetName:
      - -n -g
      User-Agent:
      - AZURECLI/2.46.0 azsdk-python-azure-mgmt-resource/22.0.0 Python/3.10.10 (Linux-5.15.0-1034-azure-x86_64-with-glibc2.31)
        VSTS_7b238909-6802-4b65-b90d-184bca47f458_build_261_0
    method: GET
    uri: https://management.azure.com/subscriptions/00000000-0000-0000-0000-000000000000/resourcegroups/cli_test_sentinel_000001?api-version=2022-09-01
  response:
    body:
      string: '{"id":"/subscriptions/00000000-0000-0000-0000-000000000000/resourceGroups/cli_test_sentinel_000001","name":"cli_test_sentinel_000001","type":"Microsoft.Resources/resourceGroups","location":"eastus2","tags":{"product":"azurecli","cause":"automation","date":"2023-03-28T09:58:20Z"},"properties":{"provisioningState":"Succeeded"}}'
    headers:
      cache-control:
      - no-cache
      content-length:
      - '327'
      content-type:
      - application/json; charset=utf-8
      date:
      - Tue, 28 Mar 2023 09:58:21 GMT
      expires:
      - '-1'
      pragma:
      - no-cache
      strict-transport-security:
      - max-age=31536000; includeSubDomains
      vary:
      - Accept-Encoding
      x-content-type-options:
      - nosniff
    status:
      code: 200
      message: OK
- request:
    body: '{"location": "eastus2", "properties": {"retentionInDays": 30, "sku": {"name":
      "PerGB2018"}}}'
    headers:
      Accept:
      - application/json
      Accept-Encoding:
      - gzip, deflate
      CommandName:
      - monitor log-analytics workspace create
      Connection:
      - keep-alive
      Content-Length:
      - '92'
      Content-Type:
      - application/json
      ParameterSetName:
      - -n -g
      User-Agent:
      - AZURECLI/2.46.0 (AAZ) azsdk-python-core/1.24.0 Python/3.10.10 (Linux-5.15.0-1034-azure-x86_64-with-glibc2.31)
        VSTS_7b238909-6802-4b65-b90d-184bca47f458_build_261_0
    method: PUT
    uri: https://management.azure.com/subscriptions/00000000-0000-0000-0000-000000000000/resourcegroups/cli_test_sentinel_000001/providers/Microsoft.OperationalInsights/workspaces/workspace-000002?api-version=2021-12-01-preview
  response:
    body:
      string: '{"properties":{"customerId":"75f71f78-cf3c-44b8-88d1-2fa8bc9d4c5c","provisioningState":"Creating","sku":{"name":"PerGB2018","lastSkuUpdate":"2023-03-28T09:58:22.5833408Z"},"retentionInDays":30,"features":{"legacy":0,"searchVersion":1,"enableLogAccessUsingOnlyResourcePermissions":true},"workspaceCapping":{"dailyQuotaGb":-1.0,"quotaNextResetTime":"2023-03-29T07:00:00Z","dataIngestionStatus":"RespectQuota"},"publicNetworkAccessForIngestion":"Enabled","publicNetworkAccessForQuery":"Enabled","createdDate":"2023-03-28T09:58:22.5833408Z","modifiedDate":"2023-03-28T09:58:22.5833408Z"},"location":"eastus2","id":"/subscriptions/00000000-0000-0000-0000-000000000000/resourceGroups/cli_test_sentinel_000001/providers/Microsoft.OperationalInsights/workspaces/workspace-000002","name":"workspace-000002","type":"Microsoft.OperationalInsights/workspaces"}'
    headers:
      access-control-allow-origin:
      - '*'
      api-supported-versions:
      - 2021-12-01-preview
      cache-control:
      - no-cache
      content-length:
      - '848'
      content-type:
      - application/json; charset=utf-8
      date:
      - Tue, 28 Mar 2023 09:58:22 GMT
      expires:
      - '-1'
      location:
      - https://management.azure.com/subscriptions/00000000-0000-0000-0000-000000000000/resourceGroups/cli_test_sentinel_000001/providers/Microsoft.OperationalInsights/workspaces/workspace-000002?api-version=2021-12-01-preview
      pragma:
      - no-cache
      request-context:
      - appId=cid-v1:e6336c63-aab2-45f0-996a-e5dbab2a1508
      strict-transport-security:
      - max-age=31536000; includeSubDomains
      x-content-type-options:
      - nosniff
      x-ms-ratelimit-remaining-subscription-writes:
      - '1199'
      x-powered-by:
      - ASP.NET
    status:
      code: 201
      message: Created
- request:
    body: null
    headers:
      Accept:
      - '*/*'
      Accept-Encoding:
      - gzip, deflate
      CommandName:
      - monitor log-analytics workspace create
      Connection:
      - keep-alive
      ParameterSetName:
      - -n -g
      User-Agent:
      - AZURECLI/2.46.0 (AAZ) azsdk-python-core/1.24.0 Python/3.10.10 (Linux-5.15.0-1034-azure-x86_64-with-glibc2.31)
        VSTS_7b238909-6802-4b65-b90d-184bca47f458_build_261_0
    method: GET
    uri: https://management.azure.com/subscriptions/00000000-0000-0000-0000-000000000000/resourceGroups/cli_test_sentinel_000001/providers/Microsoft.OperationalInsights/workspaces/workspace-000002?api-version=2021-12-01-preview
  response:
    body:
      string: '{"properties":{"customerId":"75f71f78-cf3c-44b8-88d1-2fa8bc9d4c5c","provisioningState":"Succeeded","sku":{"name":"PerGB2018","lastSkuUpdate":"2023-03-28T09:58:22.5833408Z"},"retentionInDays":30,"features":{"legacy":0,"searchVersion":1,"enableLogAccessUsingOnlyResourcePermissions":true},"workspaceCapping":{"dailyQuotaGb":-1.0,"quotaNextResetTime":"2023-03-29T07:00:00Z","dataIngestionStatus":"RespectQuota"},"publicNetworkAccessForIngestion":"Enabled","publicNetworkAccessForQuery":"Enabled","createdDate":"2023-03-28T09:58:22.5833408Z","modifiedDate":"2023-03-28T09:58:22.5833408Z"},"location":"eastus2","id":"/subscriptions/00000000-0000-0000-0000-000000000000/resourceGroups/cli_test_sentinel_000001/providers/Microsoft.OperationalInsights/workspaces/workspace-000002","name":"workspace-000002","type":"Microsoft.OperationalInsights/workspaces"}'
    headers:
      access-control-allow-origin:
      - '*'
      api-supported-versions:
      - 2021-12-01-preview
      cache-control:
      - no-cache
      content-length:
      - '849'
      content-type:
      - application/json; charset=utf-8
      date:
      - Tue, 28 Mar 2023 09:58:52 GMT
      expires:
      - '-1'
      pragma:
      - no-cache
      request-context:
      - appId=cid-v1:e6336c63-aab2-45f0-996a-e5dbab2a1508
      strict-transport-security:
      - max-age=31536000; includeSubDomains
      transfer-encoding:
      - chunked
      vary:
      - Accept-Encoding
      x-content-type-options:
      - nosniff
      x-powered-by:
      - ASP.NET
    status:
      code: 200
      message: OK
- request:
    body: null
    headers:
      Accept:
      - application/json
      Accept-Encoding:
      - gzip, deflate
      CommandName:
      - monitor log-analytics solution create
      Connection:
      - keep-alive
      ParameterSetName:
      - -t -w -g
      User-Agent:
      - AZURECLI/2.46.0 azsdk-python-mgmt-loganalytics/13.0.0b4 Python/3.10.10 (Linux-5.15.0-1034-azure-x86_64-with-glibc2.31)
        VSTS_7b238909-6802-4b65-b90d-184bca47f458_build_261_0
    method: GET
    uri: https://management.azure.com/subscriptions/00000000-0000-0000-0000-000000000000/resourcegroups/cli_test_sentinel_000001/providers/Microsoft.OperationalInsights/workspaces/workspace-000002?api-version=2021-12-01-preview
  response:
    body:
      string: '{"properties":{"customerId":"75f71f78-cf3c-44b8-88d1-2fa8bc9d4c5c","provisioningState":"Succeeded","sku":{"name":"PerGB2018","lastSkuUpdate":"2023-03-28T09:58:22.5833408Z"},"retentionInDays":30,"features":{"legacy":0,"searchVersion":1,"enableLogAccessUsingOnlyResourcePermissions":true},"workspaceCapping":{"dailyQuotaGb":-1.0,"quotaNextResetTime":"2023-03-29T07:00:00Z","dataIngestionStatus":"RespectQuota"},"publicNetworkAccessForIngestion":"Enabled","publicNetworkAccessForQuery":"Enabled","createdDate":"2023-03-28T09:58:22.5833408Z","modifiedDate":"2023-03-28T09:58:22.5833408Z"},"location":"eastus2","id":"/subscriptions/00000000-0000-0000-0000-000000000000/resourceGroups/cli_test_sentinel_000001/providers/Microsoft.OperationalInsights/workspaces/workspace-000002","name":"workspace-000002","type":"Microsoft.OperationalInsights/workspaces"}'
    headers:
      access-control-allow-origin:
      - '*'
      api-supported-versions:
      - 2021-12-01-preview
      cache-control:
      - no-cache
      content-length:
      - '849'
      content-type:
      - application/json; charset=utf-8
      date:
      - Tue, 28 Mar 2023 09:58:53 GMT
      expires:
      - '-1'
      pragma:
      - no-cache
      request-context:
      - appId=cid-v1:e6336c63-aab2-45f0-996a-e5dbab2a1508
      strict-transport-security:
      - max-age=31536000; includeSubDomains
      transfer-encoding:
      - chunked
      vary:
      - Accept-Encoding
      x-content-type-options:
      - nosniff
      x-powered-by:
      - ASP.NET
    status:
      code: 200
      message: OK
- request:
    body: '{"location": "eastus2", "plan": {"name": "SecurityInsights(workspace-000002)",
      "publisher": "Microsoft", "promotionCode": "", "product": "OMSGallery/SecurityInsights"},
      "properties": {"workspaceResourceId": "/subscriptions/00000000-0000-0000-0000-000000000000/resourceGroups/cli_test_sentinel_000001/providers/microsoft.OperationalInsights/workspaces/workspace-000002"}}'
    headers:
      Accept:
      - application/json
      Accept-Encoding:
      - gzip, deflate
      CommandName:
      - monitor log-analytics solution create
      Connection:
      - keep-alive
      Content-Length:
      - '370'
      Content-Type:
      - application/json; charset=utf-8
      ParameterSetName:
      - -t -w -g
      User-Agent:
      - python/3.10.10 (Linux-5.15.0-1034-azure-x86_64-with-glibc2.31) msrest/0.7.1
        VSTS_7b238909-6802-4b65-b90d-184bca47f458_build_261_0 msrest_azure/0.6.4 azure-mgmt-operationsmanagement/0.1.0
        Azure-SDK-For-Python AZURECLI/2.46.0
      accept-language:
      - en-US
    method: PUT
    uri: https://management.azure.com/subscriptions/00000000-0000-0000-0000-000000000000/resourcegroups/cli_test_sentinel_000001/providers/Microsoft.OperationsManagement/solutions/SecurityInsights%28workspace-000002%29?api-version=2015-11-01-preview
  response:
    body:
      string: '{"plan":{"name":"SecurityInsights(workspace-000002)","publisher":"Microsoft","promotionCode":"","product":"OMSGallery/SecurityInsights"},"properties":{"workspaceResourceId":"/subscriptions/00000000-0000-0000-0000-000000000000/resourceGroups/cli_test_sentinel_000001/providers/microsoft.OperationalInsights/workspaces/workspace-000002","provisioningState":"Succeeded","creationTime":"Tue,
        28 Mar 2023 09:58:53 GMT","sku":{"name":"PerGB"},"lastModifiedTime":"Tue,
        28 Mar 2023 09:58:53 GMT","containedResources":[],"workbookTemplates":[]},"location":"eastus2","tags":{},"id":"/subscriptions/00000000-0000-0000-0000-000000000000/resourceGroups/cli_test_sentinel_000001/providers/Microsoft.OperationsManagement/solutions/SecurityInsights(workspace-000002)","name":"SecurityInsights(workspace-000002)","type":"Microsoft.OperationsManagement/solutions"}'
    headers:
      access-control-allow-origin:
      - '*'
      api-supported-versions:
      - 2015-11-01-preview
      cache-control:
      - no-cache
      content-length:
      - '846'
      content-type:
      - application/json; charset=utf-8
      date:
      - Tue, 28 Mar 2023 09:58:53 GMT
      expires:
      - '-1'
      location:
      - https://management.azure.com/subscriptions/00000000-0000-0000-0000-000000000000/resourceGroups/cli_test_sentinel_000001/providers/Microsoft.OperationsManagement/solutions/SecurityInsights(workspace-000002)?api-version=2015-11-01-preview
      pragma:
      - no-cache
      request-context:
      - appId=cid-v1:e6336c63-aab2-45f0-996a-e5dbab2a1508
      strict-transport-security:
      - max-age=31536000; includeSubDomains
      x-content-type-options:
      - nosniff
      x-ms-ratelimit-remaining-subscription-writes:
      - '1192'
      x-powered-by:
      - ASP.NET
    status:
      code: 201
      message: Created
- request:
    body: null
    headers:
      Accept:
      - application/json
      Accept-Encoding:
      - gzip, deflate
      CommandName:
      - monitor log-analytics solution create
      Connection:
      - keep-alive
      ParameterSetName:
      - -t -w -g
      User-Agent:
      - python/3.10.10 (Linux-5.15.0-1034-azure-x86_64-with-glibc2.31) msrest/0.7.1
        VSTS_7b238909-6802-4b65-b90d-184bca47f458_build_261_0 msrest_azure/0.6.4 azure-mgmt-operationsmanagement/0.1.0
        Azure-SDK-For-Python AZURECLI/2.46.0
    method: GET
    uri: https://management.azure.com/subscriptions/00000000-0000-0000-0000-000000000000/resourceGroups/cli_test_sentinel_000001/providers/Microsoft.OperationsManagement/solutions/SecurityInsights(workspace-000002)?api-version=2015-11-01-preview
  response:
    body:
      string: '{"plan":{"name":"SecurityInsights(workspace-000002)","publisher":"Microsoft","promotionCode":"","product":"OMSGallery/SecurityInsights"},"properties":{"workspaceResourceId":"/subscriptions/00000000-0000-0000-0000-000000000000/resourceGroups/cli_test_sentinel_000001/providers/microsoft.OperationalInsights/workspaces/workspace-000002","provisioningState":"Succeeded","creationTime":"Tue,
        28 Mar 2023 09:58:53 GMT","sku":{"name":"PerGB"},"lastModifiedTime":"Tue,
        28 Mar 2023 09:58:53 GMT","containedResources":[],"workbookTemplates":[]},"location":"eastus2","tags":{},"id":"/subscriptions/00000000-0000-0000-0000-000000000000/resourceGroups/cli_test_sentinel_000001/providers/Microsoft.OperationsManagement/solutions/SecurityInsights(workspace-000002)","name":"SecurityInsights(workspace-000002)","type":"Microsoft.OperationsManagement/solutions"}'
    headers:
      access-control-allow-origin:
      - '*'
      api-supported-versions:
      - 2015-11-01-preview
      cache-control:
      - no-cache
      content-length:
      - '846'
      content-type:
      - application/json; charset=utf-8
      date:
      - Tue, 28 Mar 2023 09:59:24 GMT
      expires:
      - '-1'
      pragma:
      - no-cache
      request-context:
      - appId=cid-v1:e6336c63-aab2-45f0-996a-e5dbab2a1508
      strict-transport-security:
      - max-age=31536000; includeSubDomains
      transfer-encoding:
      - chunked
      vary:
      - Accept-Encoding
      x-content-type-options:
      - nosniff
      x-powered-by:
      - ASP.NET
    status:
      code: 200
      message: OK
- request:
    body: '{"kind": "MicrosoftSecurityIncidentCreation", "properties": {"displayName":
      "testing", "enabled": true, "productFilter": "Microsoft Cloud App Security"}}'
    headers:
      Accept:
      - application/json
      Accept-Encoding:
      - gzip, deflate
      CommandName:
      - sentinel alert-rule create
      Connection:
      - keep-alive
      Content-Length:
      - '153'
      Content-Type:
      - application/json
      ParameterSetName:
      - -n -w -g --ms-security-incident
      User-Agent:
      - AZURECLI/2.46.0 (AAZ) azsdk-python-core/1.24.0 Python/3.10.10 (Linux-5.15.0-1034-azure-x86_64-with-glibc2.31)
        VSTS_7b238909-6802-4b65-b90d-184bca47f458_build_261_0
    method: PUT
    uri: https://management.azure.com/subscriptions/00000000-0000-0000-0000-000000000000/resourceGroups/cli_test_sentinel_000001/providers/Microsoft.OperationalInsights/workspaces/workspace-000002/providers/Microsoft.SecurityInsights/alertRules/alert-rule-000003?api-version=2022-06-01-preview
  response:
    body:
      string: '{"id":"/subscriptions/00000000-0000-0000-0000-000000000000/resourceGroups/cli_test_sentinel_000001/providers/Microsoft.OperationalInsights/workspaces/workspace-000002/providers/Microsoft.SecurityInsights/alertRules/alert-rule-000003","name":"alert-rule-000003","etag":"\"0100939b-0000-0100-0000-6422ba7f0000\"","type":"Microsoft.SecurityInsights/alertRules","kind":"MicrosoftSecurityIncidentCreation","properties":{"productFilter":"Microsoft
        Cloud App Security","severitiesFilter":null,"displayNamesFilter":null,"displayNamesExcludeFilter":null,"displayName":"testing","enabled":true,"description":null,"alertRuleTemplateName":null,"lastModifiedUtc":"2023-03-28T09:59:27.9617256Z"}}'
    headers:
      cache-control:
      - no-cache
      content-length:
      - '682'
      content-type:
      - application/json; charset=utf-8
      date:
      - Tue, 28 Mar 2023 09:59:27 GMT
      expires:
      - '-1'
      pragma:
      - no-cache
      server:
      - Kestrel
      strict-transport-security:
      - max-age=31536000; includeSubDomains
      x-content-type-options:
      - nosniff
      x-ms-ratelimit-remaining-subscription-writes:
      - '1199'
    status:
      code: 201
      message: Created
- request:
    body: '{"properties": {"contentId": "c00ee137-7475-47c8-9cce-ec6f0f1bedd0", "kind":
      "AnalyticsRule", "parentId": "/subscriptions/00000000-0000-0000-0000-000000000000/resourceGroups/cli_test_sentinel_000001/providers/Microsoft.OperationalInsights/workspaces/workspace-000002/providers/Microsoft.SecurityInsights/alertRules/alert-rule-000003"}}'
    headers:
      Accept:
      - application/json
      Accept-Encoding:
      - gzip, deflate
      CommandName:
      - sentinel metadata create
      Connection:
      - keep-alive
      Content-Length:
      - '335'
      Content-Type:
      - application/json
      ParameterSetName:
      - -n -w -g --content-id --parent-id --kind
      User-Agent:
      - AZURECLI/2.46.0 (AAZ) azsdk-python-core/1.24.0 Python/3.10.10 (Linux-5.15.0-1034-azure-x86_64-with-glibc2.31)
        VSTS_7b238909-6802-4b65-b90d-184bca47f458_build_261_0
    method: PUT
    uri: https://management.azure.com/subscriptions/00000000-0000-0000-0000-000000000000/resourceGroups/cli_test_sentinel_000001/providers/Microsoft.OperationalInsights/workspaces/workspace-000002/providers/Microsoft.SecurityInsights/metadata/metadata-000004?api-version=2022-06-01-preview
  response:
    body:
      string: '{"id":"/subscriptions/00000000-0000-0000-0000-000000000000/resourceGroups/cli_test_sentinel_000001/providers/Microsoft.OperationalInsights/workspaces/workspace-000002/providers/Microsoft.SecurityInsights/metadata/metadata-000004","name":"metadata-000004","type":"Microsoft.SecurityInsights/metadata","systemData":{"createdAt":"2023-03-28T09:59:28.1497175Z","createdBy":"azureclilivetest@azuresdkteam.onmicrosoft.com","createdByType":"User","lastModifiedAt":"2023-03-28T09:59:28.1497175Z","lastModifiedBy":"azureclilivetest@azuresdkteam.onmicrosoft.com","lastModifiedByType":"User"},"properties":{"contentId":"c00ee137-7475-47c8-9cce-ec6f0f1bedd0","parentId":"/subscriptions/00000000-0000-0000-0000-000000000000/resourceGroups/cli_test_sentinel_000001/providers/Microsoft.OperationalInsights/workspaces/workspace-000002/providers/Microsoft.SecurityInsights/alertRules/alert-rule-000003","kind":"AnalyticsRule","source":{"kind":"LocalWorkspace","name":"workspace-000002","sourceId":"75f71f78-cf3c-44b8-88d1-2fa8bc9d4c5c"}}}'
    headers:
      cache-control:
      - no-cache
      content-length:
      - '1021'
      content-type:
      - application/json; charset=utf-8
      date:
      - Tue, 28 Mar 2023 09:59:28 GMT
      expires:
      - '-1'
      pragma:
      - no-cache
      server:
      - Kestrel
      strict-transport-security:
      - max-age=31536000; includeSubDomains
      x-content-type-options:
      - nosniff
      x-ms-ratelimit-remaining-subscription-writes:
      - '1197'
    status:
      code: 201
      message: Created
- request:
    body: null
    headers:
      Accept:
      - application/json
      Accept-Encoding:
      - gzip, deflate
      CommandName:
      - sentinel metadata list
      Connection:
      - keep-alive
      ParameterSetName:
      - -w -g
      User-Agent:
      - AZURECLI/2.46.0 (AAZ) azsdk-python-core/1.24.0 Python/3.10.10 (Linux-5.15.0-1034-azure-x86_64-with-glibc2.31)
        VSTS_7b238909-6802-4b65-b90d-184bca47f458_build_261_0
    method: GET
    uri: https://management.azure.com/subscriptions/00000000-0000-0000-0000-000000000000/resourceGroups/cli_test_sentinel_000001/providers/Microsoft.OperationalInsights/workspaces/workspace-000002/providers/Microsoft.SecurityInsights/metadata?api-version=2022-06-01-preview
  response:
    body:
      string: '{"value":[{"id":"/subscriptions/00000000-0000-0000-0000-000000000000/resourceGroups/cli_test_sentinel_000001/providers/Microsoft.OperationalInsights/workspaces/workspace-000002/providers/Microsoft.SecurityInsights/metadata/metadata-000004","name":"metadata-000004","type":"Microsoft.SecurityInsights/metadata","systemData":{"createdAt":"2023-03-28T09:59:28.1497175Z","createdBy":"azureclilivetest@azuresdkteam.onmicrosoft.com","createdByType":"User","lastModifiedAt":"2023-03-28T09:59:28.1497175Z","lastModifiedBy":"azureclilivetest@azuresdkteam.onmicrosoft.com","lastModifiedByType":"User"},"properties":{"contentId":"c00ee137-7475-47c8-9cce-ec6f0f1bedd0","parentId":"/subscriptions/00000000-0000-0000-0000-000000000000/resourceGroups/cli_test_sentinel_000001/providers/Microsoft.OperationalInsights/workspaces/workspace-000002/providers/Microsoft.SecurityInsights/alertRules/alert-rule-000003","kind":"AnalyticsRule","source":{"kind":"LocalWorkspace","name":"workspace-000002","sourceId":"75f71f78-cf3c-44b8-88d1-2fa8bc9d4c5c"}}}]}'
    headers:
      cache-control:
      - no-cache
      content-length:
      - '1033'
      content-type:
      - application/json; charset=utf-8
      date:
      - Tue, 28 Mar 2023 09:59:28 GMT
      expires:
      - '-1'
      pragma:
      - no-cache
      server:
      - Kestrel
      strict-transport-security:
      - max-age=31536000; includeSubDomains
      transfer-encoding:
      - chunked
      vary:
      - Accept-Encoding
      x-content-type-options:
      - nosniff
    status:
      code: 200
      message: OK
- request:
    body: null
    headers:
      Accept:
      - application/json
      Accept-Encoding:
      - gzip, deflate
      CommandName:
      - sentinel metadata update
      Connection:
      - keep-alive
      ParameterSetName:
      - -n -w -g --author
      User-Agent:
      - AZURECLI/2.46.0 (AAZ) azsdk-python-core/1.24.0 Python/3.10.10 (Linux-5.15.0-1034-azure-x86_64-with-glibc2.31)
        VSTS_7b238909-6802-4b65-b90d-184bca47f458_build_261_0
    method: GET
    uri: https://management.azure.com/subscriptions/00000000-0000-0000-0000-000000000000/resourceGroups/cli_test_sentinel_000001/providers/Microsoft.OperationalInsights/workspaces/workspace-000002/providers/Microsoft.SecurityInsights/metadata/metadata-000004?api-version=2022-06-01-preview
  response:
    body:
      string: '{"id":"/subscriptions/00000000-0000-0000-0000-000000000000/resourceGroups/cli_test_sentinel_000001/providers/Microsoft.OperationalInsights/workspaces/workspace-000002/providers/Microsoft.SecurityInsights/metadata/metadata-000004","name":"metadata-000004","type":"Microsoft.SecurityInsights/metadata","systemData":{"createdAt":"2023-03-28T09:59:28.1497175Z","createdBy":"azureclilivetest@azuresdkteam.onmicrosoft.com","createdByType":"User","lastModifiedAt":"2023-03-28T09:59:28.1497175Z","lastModifiedBy":"azureclilivetest@azuresdkteam.onmicrosoft.com","lastModifiedByType":"User"},"properties":{"contentId":"c00ee137-7475-47c8-9cce-ec6f0f1bedd0","parentId":"/subscriptions/00000000-0000-0000-0000-000000000000/resourceGroups/cli_test_sentinel_000001/providers/Microsoft.OperationalInsights/workspaces/workspace-000002/providers/Microsoft.SecurityInsights/alertRules/alert-rule-000003","kind":"AnalyticsRule","source":{"kind":"LocalWorkspace","name":"workspace-000002","sourceId":"75f71f78-cf3c-44b8-88d1-2fa8bc9d4c5c"}}}'
    headers:
      cache-control:
      - no-cache
      content-length:
      - '1021'
      content-type:
      - application/json; charset=utf-8
      date:
      - Tue, 28 Mar 2023 09:59:27 GMT
      expires:
      - '-1'
      pragma:
      - no-cache
      server:
      - Kestrel
      strict-transport-security:
      - max-age=31536000; includeSubDomains
      transfer-encoding:
      - chunked
      vary:
      - Accept-Encoding
      x-content-type-options:
      - nosniff
    status:
      code: 200
      message: OK
- request:
    body: '{"properties": {"author": {"email": "cli@microsoft.com", "name": "cli"},
      "contentId": "c00ee137-7475-47c8-9cce-ec6f0f1bedd0", "kind": "AnalyticsRule",
      "parentId": "/subscriptions/00000000-0000-0000-0000-000000000000/resourceGroups/cli_test_sentinel_000001/providers/Microsoft.OperationalInsights/workspaces/workspace-000002/providers/Microsoft.SecurityInsights/alertRules/alert-rule-000003",
      "source": {"kind": "LocalWorkspace", "name": "workspace-000002", "sourceId":
      "75f71f78-cf3c-44b8-88d1-2fa8bc9d4c5c"}}}'
    headers:
      Accept:
      - application/json
      Accept-Encoding:
      - gzip, deflate
      CommandName:
      - sentinel metadata update
      Connection:
      - keep-alive
      Content-Length:
      - '510'
      Content-Type:
      - application/json
      ParameterSetName:
      - -n -w -g --author
      User-Agent:
      - AZURECLI/2.46.0 (AAZ) azsdk-python-core/1.24.0 Python/3.10.10 (Linux-5.15.0-1034-azure-x86_64-with-glibc2.31)
        VSTS_7b238909-6802-4b65-b90d-184bca47f458_build_261_0
    method: PUT
    uri: https://management.azure.com/subscriptions/00000000-0000-0000-0000-000000000000/resourceGroups/cli_test_sentinel_000001/providers/Microsoft.OperationalInsights/workspaces/workspace-000002/providers/Microsoft.SecurityInsights/metadata/metadata-000004?api-version=2022-06-01-preview
  response:
    body:
      string: '{"id":"/subscriptions/00000000-0000-0000-0000-000000000000/resourceGroups/cli_test_sentinel_000001/providers/Microsoft.OperationalInsights/workspaces/workspace-000002/providers/Microsoft.SecurityInsights/metadata/metadata-000004","name":"metadata-000004","type":"Microsoft.SecurityInsights/metadata","systemData":{"createdAt":"2023-03-28T09:59:28.1497175Z","createdBy":"azureclilivetest@azuresdkteam.onmicrosoft.com","createdByType":"User","lastModifiedAt":"2023-03-28T09:59:28.8921163Z","lastModifiedBy":"azureclilivetest@azuresdkteam.onmicrosoft.com","lastModifiedByType":"User"},"properties":{"contentId":"c00ee137-7475-47c8-9cce-ec6f0f1bedd0","parentId":"/subscriptions/00000000-0000-0000-0000-000000000000/resourceGroups/cli_test_sentinel_000001/providers/Microsoft.OperationalInsights/workspaces/workspace-000002/providers/Microsoft.SecurityInsights/alertRules/alert-rule-000003","kind":"AnalyticsRule","source":{"kind":"LocalWorkspace","name":"workspace-000002","sourceId":"75f71f78-cf3c-44b8-88d1-2fa8bc9d4c5c"},"author":{"name":"cli","email":"cli@microsoft.com"}}}'
    headers:
      cache-control:
      - no-cache
      content-length:
      - '1073'
      content-type:
      - application/json; charset=utf-8
      date:
      - Tue, 28 Mar 2023 09:59:28 GMT
      expires:
      - '-1'
      pragma:
      - no-cache
      server:
      - Kestrel
      strict-transport-security:
      - max-age=31536000; includeSubDomains
      transfer-encoding:
      - chunked
      vary:
      - Accept-Encoding
      x-content-type-options:
      - nosniff
      x-ms-ratelimit-remaining-subscription-writes:
      - '1197'
    status:
      code: 200
      message: OK
- request:
    body: null
    headers:
      Accept:
      - application/json
      Accept-Encoding:
      - gzip, deflate
      CommandName:
      - sentinel metadata show
      Connection:
      - keep-alive
      ParameterSetName:
      - -n -w -g
      User-Agent:
      - AZURECLI/2.46.0 (AAZ) azsdk-python-core/1.24.0 Python/3.10.10 (Linux-5.15.0-1034-azure-x86_64-with-glibc2.31)
        VSTS_7b238909-6802-4b65-b90d-184bca47f458_build_261_0
    method: GET
    uri: https://management.azure.com/subscriptions/00000000-0000-0000-0000-000000000000/resourceGroups/cli_test_sentinel_000001/providers/Microsoft.OperationalInsights/workspaces/workspace-000002/providers/Microsoft.SecurityInsights/metadata/metadata-000004?api-version=2022-06-01-preview
  response:
    body:
      string: '{"id":"/subscriptions/00000000-0000-0000-0000-000000000000/resourceGroups/cli_test_sentinel_000001/providers/Microsoft.OperationalInsights/workspaces/workspace-000002/providers/Microsoft.SecurityInsights/metadata/metadata-000004","name":"metadata-000004","type":"Microsoft.SecurityInsights/metadata","systemData":{"createdAt":"2023-03-28T09:59:28.1497175Z","createdBy":"azureclilivetest@azuresdkteam.onmicrosoft.com","createdByType":"User","lastModifiedAt":"2023-03-28T09:59:28.8921163Z","lastModifiedBy":"azureclilivetest@azuresdkteam.onmicrosoft.com","lastModifiedByType":"User"},"properties":{"contentId":"c00ee137-7475-47c8-9cce-ec6f0f1bedd0","parentId":"/subscriptions/00000000-0000-0000-0000-000000000000/resourceGroups/cli_test_sentinel_000001/providers/Microsoft.OperationalInsights/workspaces/workspace-000002/providers/Microsoft.SecurityInsights/alertRules/alert-rule-000003","kind":"AnalyticsRule","source":{"kind":"LocalWorkspace","name":"workspace-000002","sourceId":"75f71f78-cf3c-44b8-88d1-2fa8bc9d4c5c"},"author":{"name":"cli","email":"cli@microsoft.com"}}}'
    headers:
      cache-control:
      - no-cache
      content-length:
      - '1073'
      content-type:
      - application/json; charset=utf-8
      date:
      - Tue, 28 Mar 2023 09:59:28 GMT
      expires:
      - '-1'
      pragma:
      - no-cache
      server:
      - Kestrel
      strict-transport-security:
      - max-age=31536000; includeSubDomains
      transfer-encoding:
      - chunked
      vary:
      - Accept-Encoding
      x-content-type-options:
      - nosniff
    status:
      code: 200
      message: OK
- request:
    body: null
    headers:
      Accept:
      - '*/*'
      Accept-Encoding:
      - gzip, deflate
      CommandName:
      - sentinel metadata delete
      Connection:
      - keep-alive
      Content-Length:
      - '0'
      ParameterSetName:
      - -n -w -g --yes
      User-Agent:
      - AZURECLI/2.46.0 (AAZ) azsdk-python-core/1.24.0 Python/3.10.10 (Linux-5.15.0-1034-azure-x86_64-with-glibc2.31)
        VSTS_7b238909-6802-4b65-b90d-184bca47f458_build_261_0
    method: DELETE
    uri: https://management.azure.com/subscriptions/00000000-0000-0000-0000-000000000000/resourceGroups/cli_test_sentinel_000001/providers/Microsoft.OperationalInsights/workspaces/workspace-000002/providers/Microsoft.SecurityInsights/metadata/metadata-000004?api-version=2022-06-01-preview
  response:
    body:
      string: '{}'
    headers:
      cache-control:
      - no-cache
      content-length:
      - '2'
      content-type:
      - application/json; charset=utf-8
      date:
      - Tue, 28 Mar 2023 09:59:29 GMT
      expires:
      - '-1'
      pragma:
      - no-cache
      server:
      - Kestrel
      strict-transport-security:
      - max-age=31536000; includeSubDomains
      transfer-encoding:
      - chunked
      vary:
      - Accept-Encoding
      x-content-type-options:
      - nosniff
      x-ms-ratelimit-remaining-subscription-deletes:
      - '14999'
    status:
      code: 200
      message: OK
version: 1
