interactions:
- request:
    body: '{"tags": {"key1": "value1", "key2": "value2"}, "location": "westus2", "properties":
      {"startDelayMilliseconds": 5000, "measurementCount": 3}}'
    headers:
      Accept:
      - application/json
      Accept-Encoding:
      - gzip, deflate
      CommandName:
      - footprint profile create
      Connection:
      - keep-alive
      Content-Length:
      - '140'
      Content-Type:
      - application/json
      ParameterSetName:
      - --location --measurement-count --start-delay-milliseconds --tags --name --resource-group
      User-Agent:
      - AZURECLI/2.9.1 azsdk-python-footprintmonitoringmanagementclient/unknown Python/3.8.5
        (Windows-10-10.0.18362-SP0)
    method: PUT
    uri: https://management.azure.com/subscriptions/00000000-0000-0000-0000-000000000000/resourceGroups/clitest000001/providers/Microsoft.FootprintMonitoring/profiles/fpPro000002?api-version=2020-02-01-preview
  response:
    body:
      string: '{"error":{"code":"ResourceCreationFailed","message":"ResourceCreationFailed:
        Service Unavailable"}}'
    headers:
      cache-control:
      - no-store
      connection:
      - close
      content-length:
      - '99'
      content-type:
      - application/json
      date:
      - Wed, 05 Aug 2020 08:20:51 GMT
      server:
      - Microsoft-IIS/10.0
      strict-transport-security:
      - max-age=31536000; includeSubDomains
      x-content-type-options:
      - nosniff
      x-ms-failure-cause:
      - service
      x-ms-ratelimit-remaining-subscription-writes:
      - '1199'
      x-msedge-ref:
      - 'Ref A: 28DA5B1A92774B62AA803F7BF36F1FC1 Ref B: STBEDGE0208 Ref C: 2020-08-05T08:20:19Z'
    status:
      code: 503
      message: Service Unavailable
- request:
    body: '{"tags": {"key1": "value1", "key2": "value2"}, "location": "westus2", "properties":
      {"startDelayMilliseconds": 5000, "measurementCount": 3}}'
    headers:
      Accept:
      - application/json
      Accept-Encoding:
      - gzip, deflate
      CommandName:
      - footprint profile create
      Connection:
      - keep-alive
      Content-Length:
      - '140'
      Content-Type:
      - application/json
      ParameterSetName:
      - --location --measurement-count --start-delay-milliseconds --tags --name --resource-group
      User-Agent:
      - AZURECLI/2.9.1 azsdk-python-footprintmonitoringmanagementclient/unknown Python/3.8.5
        (Windows-10-10.0.18362-SP0)
    method: PUT
    uri: https://management.azure.com/subscriptions/00000000-0000-0000-0000-000000000000/resourceGroups/clitest000001/providers/Microsoft.FootprintMonitoring/profiles/fpPro000002?api-version=2020-02-01-preview
  response:
    body:
      string: '{"id":"/subscriptions/00000000-0000-0000-0000-000000000000/resourceGroups/clitest000001/providers/Microsoft.FootprintMonitoring/profiles/fpPro000002","name":"fpPro000002","type":"Microsoft.FootprintMonitoring/profiles","location":"westus2","tags":{"key1":"value1","key2":"value2"},"properties":{"experiments":[],"measurementCount":3,"measurementEndpoints":[],"profileId":"fpPro000002","provisioningState":"Succeeded","startDelayMilliseconds":5000}}'
    headers:
      cache-control:
      - no-cache
      content-length:
      - '507'
      content-type:
      - application/json; charset=utf-8
      date:
      - Wed, 05 Aug 2020 08:20:58 GMT
      expires:
      - '-1'
      pragma:
      - no-cache
      server:
      - Kestrel
      strict-transport-security:
      - max-age=31536000; includeSubDomains
      transfer-encoding:
      - chunked
      vary:
      - Accept-Encoding
      x-content-type-options:
      - nosniff
      x-ms-ratelimit-remaining-subscription-writes:
      - '1199'
    status:
      code: 200
      message: OK
- request:
    body: null
    headers:
      Accept:
      - application/json
      Accept-Encoding:
      - gzip, deflate
      CommandName:
      - footprint profile list
      Connection:
      - keep-alive
      ParameterSetName:
      - --resource-group
      User-Agent:
      - AZURECLI/2.9.1 azsdk-python-footprintmonitoringmanagementclient/unknown Python/3.8.5
        (Windows-10-10.0.18362-SP0)
    method: GET
    uri: https://management.azure.com/subscriptions/00000000-0000-0000-0000-000000000000/resourceGroups/clitest000001/providers/Microsoft.FootprintMonitoring/profiles?api-version=2020-02-01-preview
  response:
    body:
      string: '{"value":[{"id":"/subscriptions/00000000-0000-0000-0000-000000000000/resourceGroups/clitest000001/providers/Microsoft.FootprintMonitoring/profiles/fpPro000002","name":"fpPro000002","type":"Microsoft.FootprintMonitoring/profiles","location":"westus2","tags":{"key1":"value1","key2":"value2"},"properties":{"coldPathSamplingPercentageRate":0.0,"experiments":[],"measurementCount":3,"measurementEndpoints":[],"profileId":"fpPro000002","provisioningState":"Succeeded","startDelayMilliseconds":5000}}]}'
    headers:
      cache-control:
      - no-cache
      content-length:
      - '556'
      content-type:
      - application/json; charset=utf-8
      date:
      - Wed, 05 Aug 2020 08:20:59 GMT
      expires:
      - '-1'
      pragma:
      - no-cache
      server:
      - Kestrel
      strict-transport-security:
      - max-age=31536000; includeSubDomains
      transfer-encoding:
      - chunked
      vary:
      - Accept-Encoding
      x-content-type-options:
      - nosniff
    status:
      code: 200
      message: OK
- request:
    body: null
    headers:
      Accept:
      - application/json
      Accept-Encoding:
      - gzip, deflate
      CommandName:
      - footprint profile list
      Connection:
      - keep-alive
      ParameterSetName:
      - -g
      User-Agent:
      - AZURECLI/2.9.1 azsdk-python-footprintmonitoringmanagementclient/unknown Python/3.8.5
        (Windows-10-10.0.18362-SP0)
    method: GET
    uri: https://management.azure.com/subscriptions/00000000-0000-0000-0000-000000000000/providers/Microsoft.FootprintMonitoring/profiles?api-version=2020-02-01-preview
  response:
    body:
      string: '{"value":[{"id":"/subscriptions/00000000-0000-0000-0000-000000000000/resourceGroups/jonunezd-rg-1/providers/Microsoft.FootprintMonitoring/profiles/jonunezd-prodtest","name":"jonunezd-prodtest","type":"Microsoft.FootprintMonitoring/profiles","location":"westus2","properties":{"coldPathSamplingPercentageRate":100.0,"experiments":[],"measurementCount":5,"measurementEndpoints":[],"profileId":"jonunezd-prodtest","provisioningState":"Succeeded","reportingEndpoints":["fpc.msedge.net/r.gif","odinvzc.azureedge.net/apc/trans.gif"],"scriptUri":"https://fpc.msedge.net/conf/v2/jonunezd-prodtest/fpconfig.min.json","startDelayMilliseconds":999}},{"id":"/subscriptions/00000000-0000-0000-0000-000000000000/resourceGroups/clitest000001/providers/Microsoft.FootprintMonitoring/profiles/fpPro000002","name":"fpPro000002","type":"Microsoft.FootprintMonitoring/profiles","location":"westus2","tags":{"key1":"value1","key2":"value2"},"properties":{"coldPathSamplingPercentageRate":0.0,"experiments":[],"measurementCount":3,"measurementEndpoints":[],"profileId":"fpPro000002","provisioningState":"Succeeded","startDelayMilliseconds":5000}}]}'
    headers:
      cache-control:
      - no-cache
      content-length:
      - '1185'
      content-type:
      - application/json; charset=utf-8
      date:
      - Wed, 05 Aug 2020 08:21:01 GMT
      expires:
      - '-1'
      pragma:
      - no-cache
      server:
      - Kestrel
      strict-transport-security:
      - max-age=31536000; includeSubDomains
      transfer-encoding:
      - chunked
      vary:
      - Accept-Encoding
      x-content-type-options:
      - nosniff
    status:
      code: 200
      message: OK
- request:
    body: null
    headers:
      Accept:
      - application/json
      Accept-Encoding:
      - gzip, deflate
      CommandName:
      - footprint profile show
      Connection:
      - keep-alive
      ParameterSetName:
      - --name --resource-group
      User-Agent:
      - AZURECLI/2.9.1 azsdk-python-footprintmonitoringmanagementclient/unknown Python/3.8.5
        (Windows-10-10.0.18362-SP0)
    method: GET
    uri: https://management.azure.com/subscriptions/00000000-0000-0000-0000-000000000000/resourceGroups/clitest000001/providers/Microsoft.FootprintMonitoring/profiles/fpPro000002?api-version=2020-02-01-preview
  response:
    body:
      string: '{"id":"/subscriptions/00000000-0000-0000-0000-000000000000/resourceGroups/clitest000001/providers/Microsoft.FootprintMonitoring/profiles/fpPro000002","name":"fpPro000002","type":"Microsoft.FootprintMonitoring/profiles","location":"westus2","tags":{"key1":"value1","key2":"value2"},"properties":{"coldPathSamplingPercentageRate":0.0,"experiments":[],"measurementCount":3,"measurementEndpoints":[],"profileId":"fpPro000002","provisioningState":"Succeeded","startDelayMilliseconds":5000}}'
    headers:
      cache-control:
      - no-cache
      content-length:
      - '544'
      content-type:
      - application/json; charset=utf-8
      date:
      - Wed, 05 Aug 2020 08:21:03 GMT
      expires:
      - '-1'
      pragma:
      - no-cache
      server:
      - Kestrel
      strict-transport-security:
      - max-age=31536000; includeSubDomains
      transfer-encoding:
      - chunked
      vary:
      - Accept-Encoding
      x-content-type-options:
      - nosniff
    status:
      code: 200
      message: OK
- request:
    body: '{"tags": {"key1": "value1", "key2": "value2"}}'
    headers:
      Accept:
      - application/json
      Accept-Encoding:
      - gzip, deflate
      CommandName:
      - footprint profile update
      Connection:
      - keep-alive
      Content-Length:
      - '46'
      Content-Type:
      - application/json
      ParameterSetName:
      - --tags --name --resource-group
      User-Agent:
      - AZURECLI/2.9.1 azsdk-python-footprintmonitoringmanagementclient/unknown Python/3.8.5
        (Windows-10-10.0.18362-SP0)
    method: PATCH
    uri: https://management.azure.com/subscriptions/00000000-0000-0000-0000-000000000000/resourceGroups/clitest000001/providers/Microsoft.FootprintMonitoring/profiles/fpPro000002?api-version=2020-02-01-preview
  response:
    body:
      string: '{"id":"/subscriptions/00000000-0000-0000-0000-000000000000/resourceGroups/clitest000001/providers/Microsoft.FootprintMonitoring/profiles/fpPro000002","name":"fpPro000002","type":"Microsoft.FootprintMonitoring/profiles","location":"westus2","tags":{"key1":"value1","key2":"value2"},"properties":{"experiments":[],"measurementCount":3,"measurementEndpoints":[],"profileId":"fpPro000002","provisioningState":"Succeeded","startDelayMilliseconds":5000}}'
    headers:
      cache-control:
      - no-cache
      content-length:
      - '507'
      content-type:
      - application/json; charset=utf-8
      date:
      - Wed, 05 Aug 2020 08:21:04 GMT
      expires:
      - '-1'
      pragma:
      - no-cache
      server:
      - Kestrel
      strict-transport-security:
      - max-age=31536000; includeSubDomains
      transfer-encoding:
      - chunked
      vary:
      - Accept-Encoding
      x-content-type-options:
      - nosniff
      x-ms-ratelimit-remaining-subscription-writes:
      - '1199'
    status:
      code: 200
      message: OK
- request:
    body: '{"properties": {"description": "An experiment description."}}'
    headers:
      Accept:
      - application/json
      Accept-Encoding:
      - gzip, deflate
      CommandName:
      - footprint experiment create
      Connection:
      - keep-alive
      Content-Length:
      - '61'
      Content-Type:
      - application/json
      ParameterSetName:
      - --name --description --profile-name --resource-group
      User-Agent:
      - AZURECLI/2.9.1 azsdk-python-footprintmonitoringmanagementclient/unknown Python/3.8.5
        (Windows-10-10.0.18362-SP0)
    method: PUT
    uri: https://management.azure.com/subscriptions/00000000-0000-0000-0000-000000000000/resourceGroups/clitest000001/providers/Microsoft.FootprintMonitoring/profiles/fpPro000002/experiments/fpE000004?api-version=2020-02-01-preview
  response:
    body:
      string: '{"id":"/subscriptions/00000000-0000-0000-0000-000000000000/resourceGroups/clitest000001/providers/Microsoft.FootprintMonitoring/profiles/fpPro000002/experiments/fpE000004","name":"fpE000004","type":"Microsoft.FootprintMonitoring/profiles/experiments","properties":{"description":"An
        experiment description.","experimentId":"586c1d81fd08775f60023bb24ffc736e","status":"Created"}}'
    headers:
      cache-control:
      - no-cache
      content-length:
      - '439'
      content-type:
      - application/json; charset=utf-8
      date:
      - Wed, 05 Aug 2020 08:21:12 GMT
      expires:
      - '-1'
      pragma:
      - no-cache
      server:
      - Kestrel
      strict-transport-security:
      - max-age=31536000; includeSubDomains
      transfer-encoding:
      - chunked
      vary:
      - Accept-Encoding
      x-content-type-options:
      - nosniff
      x-ms-ratelimit-remaining-subscription-writes:
      - '1199'
    status:
      code: 200
      message: OK
- request:
    body: '{"properties": {"description": "An experiment description."}}'
    headers:
      Accept:
      - application/json
      Accept-Encoding:
      - gzip, deflate
      CommandName:
      - footprint experiment update
      Connection:
      - keep-alive
      Content-Length:
      - '61'
      Content-Type:
      - application/json
      ParameterSetName:
      - --name --description --profile-name --resource-group
      User-Agent:
      - AZURECLI/2.9.1 azsdk-python-footprintmonitoringmanagementclient/unknown Python/3.8.5
        (Windows-10-10.0.18362-SP0)
    method: PUT
    uri: https://management.azure.com/subscriptions/00000000-0000-0000-0000-000000000000/resourceGroups/clitest000001/providers/Microsoft.FootprintMonitoring/profiles/fpPro000002/experiments/fpE000004?api-version=2020-02-01-preview
  response:
    body:
      string: '{"error":{"code":"InternalServerError","message":"Http request failed
        with unhandled exception of type ''TransportException'' and message: ''A client
        transport error occurred: The request timed out while waiting for a server
        response. (Time: 2020-08-05T08:21:20.7978176Z, activity ID: cce04305-17e2-4436-99e9-94c89f290d0b,
        error code: ReceiveTimeout [0x0010], base error: HRESULT 0x80131500, URI:
        rntbd://cdb-ms-prod-westus2-fd29.documents.azure.com:14321/apps/8bb46273-f073-4969-8b43-c0a8cd2096bc/services/4865234e-df65-4b7c-9eb7-db43ee041120/partitions/291c41c1-f2ef-4c6c-96fe-6ed3aeb25583/replicas/132409189192848212p/,
        connection: 10.244.5.102:41128 -> 13.66.138.23:14321, payload sent: True,
        CPU history: (2020-07-31T17:44:05.3141382Z 4.000), (2020-07-31T17:44:15.3138006Z
        0.000), (2020-07-31T17:44:25.3134499Z 18.182), (2020-07-31T17:44:25.3138959Z
        0.000), (2020-07-31T17:44:35.3153958Z 12.000), (2020-07-31T17:44:45.3138193Z
        4.348), CPU count: 5)''."}}'
    headers:
      cache-control:
      - no-cache
      connection:
      - close
      content-length:
      - '955'
      content-type:
      - application/json
      date:
      - Wed, 05 Aug 2020 08:21:20 GMT
      expires:
      - '-1'
      pragma:
      - no-cache
      server:
      - Kestrel
      strict-transport-security:
      - max-age=31536000; includeSubDomains
      x-content-type-options:
      - nosniff
      x-ms-failure-cause:
      - service
      x-ms-ratelimit-remaining-subscription-writes:
      - '1199'
    status:
      code: 500
      message: Internal Server Error
- request:
    body: '{"properties": {"description": "An experiment description."}}'
    headers:
      Accept:
      - application/json
      Accept-Encoding:
      - gzip, deflate
      CommandName:
      - footprint experiment update
      Connection:
      - keep-alive
      Content-Length:
      - '61'
      Content-Type:
      - application/json
      ParameterSetName:
      - --name --description --profile-name --resource-group
      User-Agent:
      - AZURECLI/2.9.1 azsdk-python-footprintmonitoringmanagementclient/unknown Python/3.8.5
        (Windows-10-10.0.18362-SP0)
    method: PUT
    uri: https://management.azure.com/subscriptions/00000000-0000-0000-0000-000000000000/resourceGroups/clitest000001/providers/Microsoft.FootprintMonitoring/profiles/fpPro000002/experiments/fpE000004?api-version=2020-02-01-preview
  response:
    body:
      string: '{"id":"/subscriptions/00000000-0000-0000-0000-000000000000/resourceGroups/clitest000001/providers/Microsoft.FootprintMonitoring/profiles/fpPro000002/experiments/fpE000004","name":"fpE000004","type":"Microsoft.FootprintMonitoring/profiles/experiments","properties":{"description":"An
        experiment description.","experimentId":"586c1d81fd08775f60023bb24ffc736e","status":"Created"}}'
    headers:
      cache-control:
      - no-cache
      content-length:
      - '439'
      content-type:
      - application/json; charset=utf-8
      date:
      - Wed, 05 Aug 2020 08:21:36 GMT
      expires:
      - '-1'
      pragma:
      - no-cache
      server:
      - Kestrel
      strict-transport-security:
      - max-age=31536000; includeSubDomains
      transfer-encoding:
      - chunked
      vary:
      - Accept-Encoding
      x-content-type-options:
      - nosniff
      x-ms-ratelimit-remaining-subscription-writes:
      - '1199'
    status:
      code: 200
      message: OK
- request:
    body: null
    headers:
      Accept:
      - application/json
      Accept-Encoding:
      - gzip, deflate
      CommandName:
      - footprint experiment show
      Connection:
      - keep-alive
      ParameterSetName:
      - --name --profile-name --resource-group
      User-Agent:
      - AZURECLI/2.9.1 azsdk-python-footprintmonitoringmanagementclient/unknown Python/3.8.5
        (Windows-10-10.0.18362-SP0)
    method: GET
    uri: https://management.azure.com/subscriptions/00000000-0000-0000-0000-000000000000/resourceGroups/clitest000001/providers/Microsoft.FootprintMonitoring/profiles/fpPro000002/experiments/fpE000004?api-version=2020-02-01-preview
  response:
    body:
      string: '{"id":"/subscriptions/00000000-0000-0000-0000-000000000000/resourceGroups/clitest000001/providers/Microsoft.FootprintMonitoring/profiles/fpPro000002/experiments/fpE000004","name":"fpE000004","type":"Microsoft.FootprintMonitoring/profiles/experiments","properties":{"description":"An
        experiment description.","experimentId":"586c1d81fd08775f60023bb24ffc736e","status":"Created"}}'
    headers:
      cache-control:
      - no-cache
      content-length:
      - '439'
      content-type:
      - application/json; charset=utf-8
      date:
      - Wed, 05 Aug 2020 08:21:37 GMT
      expires:
      - '-1'
      pragma:
      - no-cache
      server:
      - Kestrel
      strict-transport-security:
      - max-age=31536000; includeSubDomains
      transfer-encoding:
      - chunked
      vary:
      - Accept-Encoding
      x-content-type-options:
      - nosniff
    status:
      code: 200
      message: OK
- request:
    body: null
    headers:
      Accept:
      - application/json
      Accept-Encoding:
      - gzip, deflate
      CommandName:
      - footprint experiment list
      Connection:
      - keep-alive
      ParameterSetName:
      - --profile-name --resource-group
      User-Agent:
      - AZURECLI/2.9.1 azsdk-python-footprintmonitoringmanagementclient/unknown Python/3.8.5
        (Windows-10-10.0.18362-SP0)
    method: GET
    uri: https://management.azure.com/subscriptions/00000000-0000-0000-0000-000000000000/resourceGroups/clitest000001/providers/Microsoft.FootprintMonitoring/profiles/fpPro000002/experiments?api-version=2020-02-01-preview
  response:
    body:
      string: '{"value":[{"id":"/subscriptions/00000000-0000-0000-0000-000000000000/resourceGroups/clitest000001/providers/Microsoft.FootprintMonitoring/profiles/fpPro000002/experiments/fpE000004","name":"fpE000004","type":"Microsoft.FootprintMonitoring/profiles/experiments","properties":{"description":"An
        experiment description.","experimentId":"586c1d81fd08775f60023bb24ffc736e","status":"Created"}}]}'
    headers:
      cache-control:
      - no-cache
      content-length:
      - '451'
      content-type:
      - application/json; charset=utf-8
      date:
      - Wed, 05 Aug 2020 08:21:38 GMT
      expires:
      - '-1'
      pragma:
      - no-cache
      server:
      - Kestrel
      strict-transport-security:
      - max-age=31536000; includeSubDomains
      transfer-encoding:
      - chunked
      vary:
      - Accept-Encoding
      x-content-type-options:
      - nosniff
    status:
      code: 200
      message: OK
- request:
    body: '{"properties": {"endpoint": "www.contoso.com", "measurementType": 2, "weight":
      10, "experimentId": "664cdec4f07d4e1083c9b3969ee2c49b", "objectPath": "/trans.gif"}}'
    headers:
      Accept:
      - application/json
      Accept-Encoding:
      - gzip, deflate
      CommandName:
      - footprint measurement-endpoint create
      Connection:
      - keep-alive
      Content-Length:
      - '163'
      Content-Type:
      - application/json
      ParameterSetName:
      - --name --endpoint --experiment-id --measurement-type --object-path --weight
        --profile-name --resource-group
      User-Agent:
      - AZURECLI/2.9.1 azsdk-python-footprintmonitoringmanagementclient/unknown Python/3.8.5
        (Windows-10-10.0.18362-SP0)
    method: PUT
    uri: https://management.azure.com/subscriptions/00000000-0000-0000-0000-000000000000/resourceGroups/clitest000001/providers/Microsoft.FootprintMonitoring/profiles/fpPro000002/measurementEndpoints/endp000003?api-version=2020-02-01-preview
  response:
    body:
      string: '{"id":"/subscriptions/00000000-0000-0000-0000-000000000000/resourceGroups/clitest000001/providers/Microsoft.FootprintMonitoring/profiles/fpPro000002/measurementEndpoints/endp000003","name":"endp000003","type":"Microsoft.FootprintMonitoring/profiles/measurementEndpoints","properties":{"endpoint":"www.contoso.com","endpointId":"64c88d189c9ad2c9c096b211ee30e355","experimentId":"664cdec4f07d4e1083c9b3969ee2c49b","hotPathSamplingPercentageRate":0.0,"measurementType":2,"objectPath":"/trans.gif","warmPathSamplingPercentageRate":0.0,"weight":10}}'
    headers:
      cache-control:
      - no-cache
      content-length:
      - '603'
      content-type:
      - application/json; charset=utf-8
      date:
      - Wed, 05 Aug 2020 08:21:43 GMT
      expires:
      - '-1'
      pragma:
      - no-cache
      server:
      - Kestrel
      strict-transport-security:
      - max-age=31536000; includeSubDomains
      transfer-encoding:
      - chunked
      vary:
      - Accept-Encoding
      x-content-type-options:
      - nosniff
      x-ms-ratelimit-remaining-subscription-writes:
      - '1199'
    status:
      code: 200
      message: OK
- request:
    body: '{"properties": {"endpoint": "www.contoso.com", "measurementType": 2, "weight":
      10, "experimentId": "664cdec4f07d4e1083c9b3969ee2c49b", "objectPath": "/trans.gif"}}'
    headers:
      Accept:
      - application/json
      Accept-Encoding:
      - gzip, deflate
      CommandName:
      - footprint measurement-endpoint update
      Connection:
      - keep-alive
      Content-Length:
      - '163'
      Content-Type:
      - application/json
      ParameterSetName:
      - --name --endpoint --experiment-id --measurement-type --object-path --weight
        --profile-name --resource-group
      User-Agent:
      - AZURECLI/2.9.1 azsdk-python-footprintmonitoringmanagementclient/unknown Python/3.8.5
        (Windows-10-10.0.18362-SP0)
    method: PUT
    uri: https://management.azure.com/subscriptions/00000000-0000-0000-0000-000000000000/resourceGroups/clitest000001/providers/Microsoft.FootprintMonitoring/profiles/fpPro000002/measurementEndpoints/endp000003?api-version=2020-02-01-preview
  response:
    body:
      string: '{"id":"/subscriptions/00000000-0000-0000-0000-000000000000/resourceGroups/clitest000001/providers/Microsoft.FootprintMonitoring/profiles/fpPro000002/measurementEndpoints/endp000003","name":"endp000003","type":"Microsoft.FootprintMonitoring/profiles/measurementEndpoints","properties":{"conditions":[],"endpoint":"www.contoso.com","endpointId":"64c88d189c9ad2c9c096b211ee30e355","experimentId":"664cdec4f07d4e1083c9b3969ee2c49b","measurementType":2,"objectPath":"/trans.gif","weight":10}}'
    headers:
      cache-control:
      - no-cache
      content-length:
      - '546'
      content-type:
      - application/json; charset=utf-8
      date:
      - Wed, 05 Aug 2020 08:21:47 GMT
      expires:
      - '-1'
      pragma:
      - no-cache
      server:
      - Kestrel
      strict-transport-security:
      - max-age=31536000; includeSubDomains
      transfer-encoding:
      - chunked
      vary:
      - Accept-Encoding
      x-content-type-options:
      - nosniff
      x-ms-ratelimit-remaining-subscription-writes:
      - '1199'
    status:
      code: 200
      message: OK
- request:
    body: null
    headers:
      Accept:
      - application/json
      Accept-Encoding:
      - gzip, deflate
      CommandName:
      - footprint measurement-endpoint show
      Connection:
      - keep-alive
      ParameterSetName:
      - --name --profile-name --resource-group
      User-Agent:
      - AZURECLI/2.9.1 azsdk-python-footprintmonitoringmanagementclient/unknown Python/3.8.5
        (Windows-10-10.0.18362-SP0)
    method: GET
    uri: https://management.azure.com/subscriptions/00000000-0000-0000-0000-000000000000/resourceGroups/clitest000001/providers/Microsoft.FootprintMonitoring/profiles/fpPro000002/measurementEndpoints/endp000003?api-version=2020-02-01-preview
  response:
    body:
      string: '{"id":"/subscriptions/00000000-0000-0000-0000-000000000000/resourceGroups/clitest000001/providers/Microsoft.FootprintMonitoring/profiles/fpPro000002/measurementEndpoints/endp000003","name":"endp000003","type":"Microsoft.FootprintMonitoring/profiles/measurementEndpoints","properties":{"conditions":[],"endpoint":"www.contoso.com","endpointId":"64c88d189c9ad2c9c096b211ee30e355","experimentId":"664cdec4f07d4e1083c9b3969ee2c49b","hotPathSamplingPercentageRate":0.0,"measurementType":2,"objectPath":"/trans.gif","warmPathSamplingPercentageRate":0.0,"weight":10}}'
    headers:
      cache-control:
      - no-cache
      content-length:
      - '619'
      content-type:
      - application/json; charset=utf-8
      date:
      - Wed, 05 Aug 2020 08:21:47 GMT
      expires:
      - '-1'
      pragma:
      - no-cache
      server:
      - Kestrel
      strict-transport-security:
      - max-age=31536000; includeSubDomains
      transfer-encoding:
      - chunked
      vary:
      - Accept-Encoding
      x-content-type-options:
      - nosniff
    status:
      code: 200
      message: OK
- request:
    body: null
    headers:
      Accept:
      - application/json
      Accept-Encoding:
      - gzip, deflate
      CommandName:
      - footprint measurement-endpoint list
      Connection:
      - keep-alive
      ParameterSetName:
      - --profile-name --resource-group
      User-Agent:
      - AZURECLI/2.9.1 azsdk-python-footprintmonitoringmanagementclient/unknown Python/3.8.5
        (Windows-10-10.0.18362-SP0)
    method: GET
    uri: https://management.azure.com/subscriptions/00000000-0000-0000-0000-000000000000/resourceGroups/clitest000001/providers/Microsoft.FootprintMonitoring/profiles/fpPro000002/measurementEndpoints?api-version=2020-02-01-preview
  response:
    body:
      string: '{"value":[{"id":"/subscriptions/00000000-0000-0000-0000-000000000000/resourceGroups/clitest000001/providers/Microsoft.FootprintMonitoring/profiles/fpPro000002/measurementEndpoints/endp000003","name":"endp000003","type":"Microsoft.FootprintMonitoring/profiles/measurementEndpoints","properties":{"conditions":[],"endpoint":"www.contoso.com","endpointId":"64c88d189c9ad2c9c096b211ee30e355","experimentId":"664cdec4f07d4e1083c9b3969ee2c49b","hotPathSamplingPercentageRate":0.0,"measurementType":2,"objectPath":"/trans.gif","warmPathSamplingPercentageRate":0.0,"weight":10}}]}'
    headers:
      cache-control:
      - no-cache
      content-length:
      - '631'
      content-type:
      - application/json; charset=utf-8
      date:
      - Wed, 05 Aug 2020 08:21:49 GMT
      expires:
      - '-1'
      pragma:
      - no-cache
      server:
      - Kestrel
      strict-transport-security:
      - max-age=31536000; includeSubDomains
      transfer-encoding:
      - chunked
      vary:
      - Accept-Encoding
      x-content-type-options:
      - nosniff
    status:
      code: 200
      message: OK
- request:
    body: '{"properties": {"type": "RequestHeader", "variable": "X-FD-EdgeEnvironment",
      "operator": "MatchValueIgnoreCasing", "constant": "Edge-Prod-WST"}}'
    headers:
      Accept:
      - application/json
      Accept-Encoding:
      - gzip, deflate
      CommandName:
      - footprint measurement-endpoint-condition create
      Connection:
      - keep-alive
      Content-Length:
      - '144'
      Content-Type:
      - application/json
      ParameterSetName:
      - --condition-name --measurement-endpoint-name --constant --operator --variable
        --profile-name --resource-group
      User-Agent:
      - AZURECLI/2.9.1 azsdk-python-footprintmonitoringmanagementclient/unknown Python/3.8.5
        (Windows-10-10.0.18362-SP0)
    method: PUT
    uri: https://management.azure.com/subscriptions/00000000-0000-0000-0000-000000000000/resourceGroups/clitest000001/providers/Microsoft.FootprintMonitoring/profiles/fpPro000002/measurementEndpoints/endp000003/conditions/condition0?api-version=2020-02-01-preview
  response:
    body:
      string: '{"id":"/subscriptions/00000000-0000-0000-0000-000000000000/resourceGroups/clitest000001/providers/Microsoft.FootprintMonitoring/profiles/fpPro000002/measurementEndpoints/endp000003/conditions/condition0","name":"condition0","type":"Microsoft.FootprintMonitoring/profiles/measurementEndpoints/conditions","properties":{"conditionId":"ab691355ced92ed2b5173bfa5df624af","constant":"Edge-Prod-WST","operator":"MatchValueIgnoreCasing","type":"RequestHeader","variable":"X-FD-EdgeEnvironment"}}'
    headers:
      cache-control:
      - no-cache
      content-length:
      - '548'
      content-type:
      - application/json; charset=utf-8
      date:
      - Wed, 05 Aug 2020 08:21:54 GMT
      expires:
      - '-1'
      pragma:
      - no-cache
      server:
      - Kestrel
      strict-transport-security:
      - max-age=31536000; includeSubDomains
      transfer-encoding:
      - chunked
      vary:
      - Accept-Encoding
      x-content-type-options:
      - nosniff
      x-ms-ratelimit-remaining-subscription-writes:
      - '1199'
    status:
      code: 200
      message: OK
- request:
    body: '{"properties": {"type": "RequestHeader", "variable": "X-FD-EdgeEnvironment",
      "operator": "MatchValueIgnoreCasing", "constant": "Edge-Prod-WST"}}'
    headers:
      Accept:
      - application/json
      Accept-Encoding:
      - gzip, deflate
      CommandName:
      - footprint measurement-endpoint-condition update
      Connection:
      - keep-alive
      Content-Length:
      - '144'
      Content-Type:
      - application/json
      ParameterSetName:
      - --condition-name --measurement-endpoint-name --constant --operator --variable
        --profile-name --resource-group
      User-Agent:
      - AZURECLI/2.9.1 azsdk-python-footprintmonitoringmanagementclient/unknown Python/3.8.5
        (Windows-10-10.0.18362-SP0)
    method: PUT
    uri: https://management.azure.com/subscriptions/00000000-0000-0000-0000-000000000000/resourceGroups/clitest000001/providers/Microsoft.FootprintMonitoring/profiles/fpPro000002/measurementEndpoints/endp000003/conditions/condition0?api-version=2020-02-01-preview
  response:
    body:
      string: '{"id":"/subscriptions/00000000-0000-0000-0000-000000000000/resourceGroups/clitest000001/providers/Microsoft.FootprintMonitoring/profiles/fpPro000002/measurementEndpoints/endp000003/conditions/condition0","name":"condition0","type":"Microsoft.FootprintMonitoring/profiles/measurementEndpoints/conditions","properties":{"conditionId":"ab691355ced92ed2b5173bfa5df624af","constant":"Edge-Prod-WST","operator":"MatchValueIgnoreCasing","type":"RequestHeader","variable":"X-FD-EdgeEnvironment"}}'
    headers:
      cache-control:
      - no-cache
      content-length:
      - '548'
      content-type:
      - application/json; charset=utf-8
      date:
      - Wed, 05 Aug 2020 08:21:56 GMT
      expires:
      - '-1'
      pragma:
      - no-cache
      server:
      - Kestrel
      strict-transport-security:
      - max-age=31536000; includeSubDomains
      transfer-encoding:
      - chunked
      vary:
      - Accept-Encoding
      x-content-type-options:
      - nosniff
      x-ms-ratelimit-remaining-subscription-writes:
      - '1199'
    status:
      code: 200
      message: OK
- request:
    body: null
    headers:
      Accept:
      - application/json
      Accept-Encoding:
      - gzip, deflate
      CommandName:
      - footprint measurement-endpoint-condition show
      Connection:
      - keep-alive
      ParameterSetName:
      - --condition-name --measurement-endpoint-name --profile-name --resource-group
      User-Agent:
      - AZURECLI/2.9.1 azsdk-python-footprintmonitoringmanagementclient/unknown Python/3.8.5
        (Windows-10-10.0.18362-SP0)
    method: GET
    uri: https://management.azure.com/subscriptions/00000000-0000-0000-0000-000000000000/resourceGroups/clitest000001/providers/Microsoft.FootprintMonitoring/profiles/fpPro000002/measurementEndpoints/endp000003/conditions/condition0?api-version=2020-02-01-preview
  response:
    body:
      string: '{"id":"/subscriptions/00000000-0000-0000-0000-000000000000/resourceGroups/clitest000001/providers/Microsoft.FootprintMonitoring/profiles/fpPro000002/measurementEndpoints/endp000003/conditions/condition0","name":"condition0","type":"Microsoft.FootprintMonitoring/profiles/measurementEndpoints/conditions","properties":{"conditionId":"ab691355ced92ed2b5173bfa5df624af","constant":"Edge-Prod-WST","operator":"MatchValueIgnoreCasing","type":"RequestHeader","variable":"X-FD-EdgeEnvironment"}}'
    headers:
      cache-control:
      - no-cache
      content-length:
      - '548'
      content-type:
      - application/json; charset=utf-8
      date:
      - Wed, 05 Aug 2020 08:21:58 GMT
      expires:
      - '-1'
      pragma:
      - no-cache
      server:
      - Kestrel
      strict-transport-security:
      - max-age=31536000; includeSubDomains
      transfer-encoding:
      - chunked
      vary:
      - Accept-Encoding
      x-content-type-options:
      - nosniff
    status:
      code: 200
      message: OK
- request:
    body: null
    headers:
      Accept:
      - application/json
      Accept-Encoding:
      - gzip, deflate
      CommandName:
      - footprint measurement-endpoint-condition list
      Connection:
      - keep-alive
      ParameterSetName:
      - --measurement-endpoint-name --profile-name --resource-group
      User-Agent:
      - AZURECLI/2.9.1 azsdk-python-footprintmonitoringmanagementclient/unknown Python/3.8.5
        (Windows-10-10.0.18362-SP0)
    method: GET
    uri: https://management.azure.com/subscriptions/00000000-0000-0000-0000-000000000000/resourceGroups/clitest000001/providers/Microsoft.FootprintMonitoring/profiles/fpPro000002/measurementEndpoints/endp000003/conditions?api-version=2020-02-01-preview
  response:
    body:
      string: '{"value":[{"id":"/subscriptions/00000000-0000-0000-0000-000000000000/resourceGroups/clitest000001/providers/Microsoft.FootprintMonitoring/profiles/fpPro000002/measurementEndpoints/endp000003/conditions/condition0","name":"condition0","type":"Microsoft.FootprintMonitoring/profiles/measurementEndpoints/conditions","properties":{"conditionId":"ab691355ced92ed2b5173bfa5df624af","constant":"Edge-Prod-WST","operator":"MatchValueIgnoreCasing","type":"RequestHeader","variable":"X-FD-EdgeEnvironment"}}]}'
    headers:
      cache-control:
      - no-cache
      content-length:
      - '560'
      content-type:
      - application/json; charset=utf-8
      date:
      - Wed, 05 Aug 2020 08:21:59 GMT
      expires:
      - '-1'
      pragma:
      - no-cache
      server:
      - Kestrel
      strict-transport-security:
      - max-age=31536000; includeSubDomains
      transfer-encoding:
      - chunked
      vary:
      - Accept-Encoding
      x-content-type-options:
      - nosniff
    status:
      code: 200
      message: OK
- request:
    body: null
    headers:
      Accept:
      - '*/*'
      Accept-Encoding:
      - gzip, deflate
      CommandName:
      - footprint measurement-endpoint-condition delete
      Connection:
      - keep-alive
      Content-Length:
      - '0'
      ParameterSetName:
      - --condition-name --measurement-endpoint-name --profile-name --resource-group
      User-Agent:
      - AZURECLI/2.9.1 azsdk-python-footprintmonitoringmanagementclient/unknown Python/3.8.5
        (Windows-10-10.0.18362-SP0)
    method: DELETE
    uri: https://management.azure.com/subscriptions/00000000-0000-0000-0000-000000000000/resourceGroups/clitest000001/providers/Microsoft.FootprintMonitoring/profiles/fpPro000002/measurementEndpoints/endp000003/conditions/condition0?api-version=2020-02-01-preview
  response:
    body:
      string: ''
    headers:
      cache-control:
      - no-cache
      content-length:
      - '0'
      date:
      - Wed, 05 Aug 2020 08:22:03 GMT
      expires:
      - '-1'
      pragma:
      - no-cache
      server:
      - Kestrel
      strict-transport-security:
      - max-age=31536000; includeSubDomains
      x-content-type-options:
      - nosniff
      x-ms-ratelimit-remaining-subscription-deletes:
      - '14999'
    status:
      code: 200
      message: OK
- request:
    body: null
    headers:
      Accept:
      - '*/*'
      Accept-Encoding:
      - gzip, deflate
      CommandName:
      - footprint experiment delete
      Connection:
      - keep-alive
      Content-Length:
      - '0'
      ParameterSetName:
      - --name --profile-name --resource-group
      User-Agent:
      - AZURECLI/2.9.1 azsdk-python-footprintmonitoringmanagementclient/unknown Python/3.8.5
        (Windows-10-10.0.18362-SP0)
    method: DELETE
    uri: https://management.azure.com/subscriptions/00000000-0000-0000-0000-000000000000/resourceGroups/clitest000001/providers/Microsoft.FootprintMonitoring/profiles/fpPro000002/experiments/fpE000004?api-version=2020-02-01-preview
  response:
    body:
      string: ''
    headers:
      cache-control:
      - no-cache
      content-length:
      - '0'
      date:
      - Wed, 05 Aug 2020 08:22:09 GMT
      expires:
      - '-1'
      pragma:
      - no-cache
      server:
      - Kestrel
      strict-transport-security:
      - max-age=31536000; includeSubDomains
      x-content-type-options:
      - nosniff
      x-ms-ratelimit-remaining-subscription-deletes:
      - '14999'
    status:
      code: 200
      message: OK
- request:
    body: null
    headers:
      Accept:
      - '*/*'
      Accept-Encoding:
      - gzip, deflate
      CommandName:
      - footprint measurement-endpoint delete
      Connection:
      - keep-alive
      Content-Length:
      - '0'
      ParameterSetName:
      - --name --profile-name --resource-group
      User-Agent:
      - AZURECLI/2.9.1 azsdk-python-footprintmonitoringmanagementclient/unknown Python/3.8.5
        (Windows-10-10.0.18362-SP0)
    method: DELETE
    uri: https://management.azure.com/subscriptions/00000000-0000-0000-0000-000000000000/resourceGroups/clitest000001/providers/Microsoft.FootprintMonitoring/profiles/fpPro000002/measurementEndpoints/endp000003?api-version=2020-02-01-preview
  response:
    body:
      string: ''
    headers:
      cache-control:
      - no-cache
      content-length:
      - '0'
      date:
      - Wed, 05 Aug 2020 08:22:14 GMT
      expires:
      - '-1'
      pragma:
      - no-cache
      server:
      - Kestrel
      strict-transport-security:
      - max-age=31536000; includeSubDomains
      x-content-type-options:
      - nosniff
      x-ms-ratelimit-remaining-subscription-deletes:
      - '14999'
    status:
      code: 200
      message: OK
- request:
    body: null
    headers:
      Accept:
      - '*/*'
      Accept-Encoding:
      - gzip, deflate
      CommandName:
      - footprint profile delete
      Connection:
      - keep-alive
      Content-Length:
      - '0'
      ParameterSetName:
      - --name --resource-group
      User-Agent:
      - AZURECLI/2.9.1 azsdk-python-footprintmonitoringmanagementclient/unknown Python/3.8.5
        (Windows-10-10.0.18362-SP0)
    method: DELETE
    uri: https://management.azure.com/subscriptions/00000000-0000-0000-0000-000000000000/resourceGroups/clitest000001/providers/Microsoft.FootprintMonitoring/profiles/fpPro000002?api-version=2020-02-01-preview
  response:
    body:
      string: ''
    headers:
      cache-control:
      - no-cache
      content-length:
      - '0'
      date:
      - Wed, 05 Aug 2020 08:22:19 GMT
      expires:
      - '-1'
      pragma:
      - no-cache
      server:
      - Kestrel
      strict-transport-security:
      - max-age=31536000; includeSubDomains
      x-content-type-options:
      - nosniff
      x-ms-ratelimit-remaining-subscription-deletes:
      - '14999'
    status:
      code: 200
      message: OK
version: 1
