interactions:
- request:
    body: '{"properties": {"diskPoolVolume": {"targetId": "/subscriptions/00000000-0000-0000-0000-000000000000/resourceGroups/rasivagu-df-rg/providers/Microsoft.StoragePool/diskPools/rasivagu-df-diskpool/iscsiTargets/rasivagu-df-target",
      "lunName": "lun0", "mountOption": "MOUNT"}}}'
    headers:
      Accept:
      - application/json
      Accept-Encoding:
      - gzip, deflate
      CommandName:
      - vmware datastore disk-pool-volume create
      Connection:
      - keep-alive
      Content-Length:
      - '271'
      Content-Type:
      - application/json
      ParameterSetName:
      - --name --resource-group --private-cloud --cluster --target-id --lun-name
      User-Agent:
      - AZURECLI/2.27.1 azsdk-python-mgmt-avs/1.0.0b1 Python/3.8.10 (Windows-10-10.0.22621-SP0)
    method: PUT
    uri: https://localhost/subscriptions/00000000-0000-0000-0000-000000000000/resourceGroups/rasivagu-sddc-rg/providers/Microsoft.AVS/privateClouds/rasivagu-mock-sddc/clusters/Cluster-1/datastores/iSCSIDatastore1?api-version=2022-05-01
  response:
    body:
      string: '{"id":"/subscriptions/00000000-0000-0000-0000-000000000000/resourceGroups/group1/providers/Microsoft.AVS/privateClouds/cloud1/clusters/cluster1/datastores/datastore1","name":"datastore1","type":"Microsoft.AVS/privateClouds/clusters/datastores","properties":{"provisioningState":"Succeeded","netAppVolume":{"id":"/subscriptions/00000000-0000-0000-0000-000000000000/resourceGroups/ResourceGroup1/providers/Microsoft.NetApp/netAppAccounts/NetAppAccount1/capacityPools/CapacityPool1/volumes/NFSVol1"},"status":"Accessible"}}'
    headers:
      content-length:
      - '520'
      content-type:
      - application/json
      date:
      - Mon, 17 Oct 2022 15:53:27 GMT
      server:
      - Rocket
    status:
      code: 200
      message: OK
- request:
    body: null
    headers:
      Accept:
      - application/json
      Accept-Encoding:
      - gzip, deflate
      CommandName:
      - vmware datastore show
      Connection:
      - keep-alive
      ParameterSetName:
      - --name --resource-group --private-cloud --cluster
      User-Agent:
      - AZURECLI/2.27.1 azsdk-python-mgmt-avs/1.0.0b1 Python/3.8.10 (Windows-10-10.0.22621-SP0)
    method: GET
    uri: https://localhost/subscriptions/00000000-0000-0000-0000-000000000000/resourceGroups/rasivagu-sddc-rg/providers/Microsoft.AVS/privateClouds/rasivagu-mock-sddc/clusters/Cluster-1/datastores/iSCSIDatastore1?api-version=2022-05-01
  response:
    body:
      string: '{"id":"/subscriptions/00000000-0000-0000-0000-000000000000/resourceGroups/group1/providers/Microsoft.AVS/privateClouds/cloud1/clusters/cluster1/datastores/datastore1","name":"datastore1","type":"Microsoft.AVS/privateClouds/clusters/datastores","properties":{"provisioningState":"Succeeded","netAppVolume":{"id":"/subscriptions/00000000-0000-0000-0000-000000000000/resourceGroups/ResourceGroup1/providers/Microsoft.NetApp/netAppAccounts/NetAppAccount1/capacityPools/CapacityPool1/volumes/NFSVol1"},"status":"Accessible"}}'
    headers:
      content-length:
      - '520'
      content-type:
      - application/json
      date:
      - Mon, 17 Oct 2022 15:53:29 GMT
      server:
      - Rocket
    status:
      code: 200
      message: OK
- request:
    body: null
    headers:
      Accept:
      - application/json
      Accept-Encoding:
      - gzip, deflate
      CommandName:
      - vmware datastore list
      Connection:
      - keep-alive
      ParameterSetName:
      - --resource-group --private-cloud --cluster
      User-Agent:
      - AZURECLI/2.27.1 azsdk-python-mgmt-avs/1.0.0b1 Python/3.8.10 (Windows-10-10.0.22621-SP0)
    method: GET
    uri: https://localhost/subscriptions/00000000-0000-0000-0000-000000000000/resourceGroups/rasivagu-sddc-rg/providers/Microsoft.AVS/privateClouds/rasivagu-mock-sddc/clusters/Cluster-1/datastores?api-version=2022-05-01
  response:
    body:
      string: '{"value":[{"id":"/subscriptions/00000000-0000-0000-0000-000000000000/resourceGroups/group1/providers/Microsoft.AVS/privateClouds/cloud1/clusters/cluster1/datastores/datastore1","name":"datastore1","type":"Microsoft.AVS/privateClouds/clusters/datastores","properties":{"provisioningState":"Succeeded","netAppVolume":{"id":"/subscriptions/00000000-0000-0000-0000-000000000000/resourceGroups/ResourceGroup1/providers/Microsoft.NetApp/netAppAccounts/NetAppAccount1/capacityPools/CapacityPool1/volumes/NFSVol1"},"status":"Accessible"}},{"id":"/subscriptions/00000000-0000-0000-0000-000000000000/resourceGroups/group1/providers/Microsoft.AVS/privateClouds/cloud1/clusters/cluster1/datastores/datastore2","name":"datastore2","type":"Microsoft.AVS/privateClouds/clusters/datastores","properties":{"provisioningState":"Succeeded","diskPoolVolume":{"targetId":"/subscriptions/00000000-0000-0000-0000-000000000000/resourceGroups/ResourceGroup1/providers/Microsoft.StoragePool/diskPools/DiskPool1/targets/Target1","lunName":"lun0","mountOption":"MOUNT","path":"/vmfs/devices/disks/naa.6001405f75f6bdf7f6f49db8b4b21723"},"status":"Accessible"}}]}'
    headers:
      content-length:
      - '1133'
      content-type:
      - application/json
      date:
      - Mon, 17 Oct 2022 15:53:31 GMT
      server:
      - Rocket
    status:
      code: 200
      message: OK
- request:
    body: '{"properties": {"netAppVolume": {"id": "/subscriptions/00000000-0000-0000-0000-000000000000/resourceGroups/ResourceGroup1/providers/Microsoft.NetApp/netAppAccounts/NetAppAccount1/capacityPools/CapacityPool1/volumes/NFSVol1"}}}'
    headers:
      Accept:
      - application/json
      Accept-Encoding:
      - gzip, deflate
      CommandName:
      - vmware datastore netapp-volume create
      Connection:
      - keep-alive
      Content-Length:
      - '226'
      Content-Type:
      - application/json
      ParameterSetName:
      - --name --resource-group --private-cloud --cluster --volume-id
      User-Agent:
      - AZURECLI/2.27.1 azsdk-python-mgmt-avs/1.0.0b1 Python/3.8.10 (Windows-10-10.0.22621-SP0)
    method: PUT
    uri: https://localhost/subscriptions/00000000-0000-0000-0000-000000000000/resourceGroups/rasivagu-sddc-rg/providers/Microsoft.AVS/privateClouds/rasivagu-mock-sddc/clusters/Cluster-1/datastores/ANFDatastore1?api-version=2022-05-01
  response:
    body:
      string: '{"id":"/subscriptions/00000000-0000-0000-0000-000000000000/resourceGroups/group1/providers/Microsoft.AVS/privateClouds/cloud1/clusters/cluster1/datastores/datastore1","name":"datastore1","type":"Microsoft.AVS/privateClouds/clusters/datastores","properties":{"provisioningState":"Succeeded","netAppVolume":{"id":"/subscriptions/00000000-0000-0000-0000-000000000000/resourceGroups/ResourceGroup1/providers/Microsoft.NetApp/netAppAccounts/NetAppAccount1/capacityPools/CapacityPool1/volumes/NFSVol1"},"status":"Accessible"}}'
    headers:
      content-length:
      - '520'
      content-type:
      - application/json
      date:
      - Mon, 17 Oct 2022 15:53:34 GMT
      server:
      - Rocket
    status:
      code: 200
      message: OK
- request:
    body: null
    headers:
      Accept:
      - application/json
      Accept-Encoding:
      - gzip, deflate
      CommandName:
      - vmware datastore show
      Connection:
      - keep-alive
      ParameterSetName:
      - --name --resource-group --private-cloud --cluster
      User-Agent:
      - AZURECLI/2.27.1 azsdk-python-mgmt-avs/1.0.0b1 Python/3.8.10 (Windows-10-10.0.22621-SP0)
    method: GET
    uri: https://localhost/subscriptions/00000000-0000-0000-0000-000000000000/resourceGroups/rasivagu-sddc-rg/providers/Microsoft.AVS/privateClouds/rasivagu-mock-sddc/clusters/Cluster-1/datastores/ANFDatastore1?api-version=2022-05-01
  response:
    body:
      string: '{"id":"/subscriptions/00000000-0000-0000-0000-000000000000/resourceGroups/group1/providers/Microsoft.AVS/privateClouds/cloud1/clusters/cluster1/datastores/datastore1","name":"datastore1","type":"Microsoft.AVS/privateClouds/clusters/datastores","properties":{"provisioningState":"Succeeded","netAppVolume":{"id":"/subscriptions/00000000-0000-0000-0000-000000000000/resourceGroups/ResourceGroup1/providers/Microsoft.NetApp/netAppAccounts/NetAppAccount1/capacityPools/CapacityPool1/volumes/NFSVol1"},"status":"Accessible"}}'
    headers:
      content-length:
      - '520'
      content-type:
      - application/json
      date:
      - Mon, 17 Oct 2022 15:53:36 GMT
      server:
      - Rocket
    status:
      code: 200
      message: OK
- request:
    body: null
    headers:
      Accept:
      - application/json
      Accept-Encoding:
      - gzip, deflate
      CommandName:
      - vmware datastore delete
      Connection:
      - keep-alive
      Content-Length:
      - '0'
      ParameterSetName:
      - --name --resource-group --private-cloud --cluster --yes
      User-Agent:
      - AZURECLI/2.27.1 azsdk-python-mgmt-avs/1.0.0b1 Python/3.8.10 (Windows-10-10.0.22621-SP0)
    method: DELETE
    uri: https://localhost/subscriptions/00000000-0000-0000-0000-000000000000/resourceGroups/rasivagu-sddc-rg/providers/Microsoft.AVS/privateClouds/rasivagu-mock-sddc/clusters/Cluster-1/datastores/iSCSIDatastore1?api-version=2022-05-01
  response:
    body:
      string: ''
    headers:
      content-length:
      - '0'
      date:
      - Mon, 17 Oct 2022 15:53:38 GMT
      server:
      - Rocket
    status:
      code: 200
      message: OK
- request:
    body: '{"properties": {"diskPoolVolume": {"targetId": "/subscriptions/00000000-0000-0000-0000-000000000000/resourceGroups/rasivagu-df-rg/providers/Microsoft.StoragePool/diskPools/rasivagu-df-diskpool/iscsiTargets/rasivagu-df-target",
      "lunName": "lun0", "mountOption": "ATTACH"}}}'
    headers:
      Accept:
      - application/json
      Accept-Encoding:
      - gzip, deflate
      CommandName:
      - vmware datastore disk-pool-volume create
      Connection:
      - keep-alive
      Content-Length:
      - '272'
      Content-Type:
      - application/json
      ParameterSetName:
      - --name --resource-group --private-cloud --cluster --target-id --lun-name --mount-option
      User-Agent:
      - AZURECLI/2.27.1 azsdk-python-mgmt-avs/1.0.0b1 Python/3.8.10 (Windows-10-10.0.22621-SP0)
    method: PUT
    uri: https://localhost/subscriptions/00000000-0000-0000-0000-000000000000/resourceGroups/rasivagu-sddc-rg/providers/Microsoft.AVS/privateClouds/rasivagu-mock-sddc/clusters/Cluster-1/datastores/iSCSIDatastore1?api-version=2022-05-01
  response:
    body:
      string: '{"id":"/subscriptions/00000000-0000-0000-0000-000000000000/resourceGroups/group1/providers/Microsoft.AVS/privateClouds/cloud1/clusters/cluster1/datastores/datastore1","name":"datastore1","type":"Microsoft.AVS/privateClouds/clusters/datastores","properties":{"provisioningState":"Succeeded","netAppVolume":{"id":"/subscriptions/00000000-0000-0000-0000-000000000000/resourceGroups/ResourceGroup1/providers/Microsoft.NetApp/netAppAccounts/NetAppAccount1/capacityPools/CapacityPool1/volumes/NFSVol1"},"status":"Accessible"}}'
    headers:
      content-length:
      - '520'
      content-type:
      - application/json
      date:
      - Mon, 17 Oct 2022 15:53:40 GMT
      server:
      - Rocket
    status:
      code: 200
      message: OK
version: 1
