interactions:
- request:
    body: '{"identity": {"type": "None"}, "location": "westcentralus", "properties":
      {"internet": "Disabled", "managementCluster": {"clusterSize": 4}, "networkBlock":
      "192.168.48.0/22"}, "sku": {"name": "av20"}}'
    headers:
      Accept:
      - application/json
      Accept-Encoding:
      - gzip, deflate
      CommandName:
      - vmware private-cloud create
      Connection:
      - keep-alive
      Content-Length:
      - '200'
      Content-Type:
      - application/json
      ParameterSetName:
      - -g -n --location --sku --cluster-size --network-block --accept-eula
      User-Agent:
      - AZURECLI/2.74.0 azsdk-python-core/1.31.0 Python/3.12.10 (Windows-11-10.0.26100-SP0)
    method: PUT
    uri: https://localhost/subscriptions/00000000-0000-0000-0000-000000000000/resourceGroups/cli_test_vmware_hcx000001/providers/Microsoft.AVS/privateClouds/cloud1?api-version=2024-09-01
  response:
    body:
      string: '{"id":"/subscriptions/00000000-0000-0000-0000-000000000000/resourceGroups/group1/providers/Microsoft.AVS/privateClouds/cloud1","name":"cloud1","type":"Microsoft.AVS/privateClouds","tags":{},"location":"eastus2","properties":{"managementCluster":{"clusterSize":4,"clusterId":1,"hosts":["fakehost18.nyc1.kubernetes.center","fakehost19.nyc1.kubernetes.center","fakehost20.nyc1.kubernetes.center","fakehost21.nyc1.kubernetes.center"],"vsanDatastoreName":"vsanDatastore1"},"internet":"Disabled","identitySources":[{"name":"group1","alias":"groupAlias","domain":"domain1","baseUserDN":"ou=baseUser","baseGroupDN":"ou=baseGroup","primaryServer":"ldaps://1.1.1.1:636/","secondaryServer":"ldaps://1.1.1.2:636/","ssl":"Enabled"}],"availability":{"strategy":"SingleZone","zone":1},"provisioningState":"Succeeded","circuit":{"primarySubnet":"192.168.53.0/30","secondarySubnet":"192.168.53.4/30","expressRouteID":"/subscriptions/00000000-0000-0000-0000-000000000000/resourceGroups/tnt13-41a90db2-9d5e-4bd5-a77a-5ce7b58213d6-eastus2/providers/Microsoft.Network/expressroutecircuits/tnt13-41a90db2-9d5e-4bd5-a77a-5ce7b58213d6-eastus2-xconnect"},"endpoints":{"nsxtManager":"https://192.168.50.3/","vcsa":"https://192.168.50.2/"},"networkBlock":"192.168.48.0/22","externalCloudLinks":["/subscriptions/00000000-0000-0000-0000-000000000000/resourceGroups/mygroup/providers/Microsoft.AVS/privateClouds/cloud2"]},"sku":{"name":"AV36"}}'
    headers:
      access-control-allow-credentials:
      - 'true'
      access-control-allow-headers:
      - '*'
      access-control-allow-methods:
      - PUT, GET, HEAD, POST, DELETE, PATCH, OPTIONS
      access-control-allow-origin:
      - '*'
      content-length:
      - '1414'
      content-type:
      - application/json
      date:
      - Mon, 16 Jun 2025 01:45:47 GMT
      server:
      - Rocket
    status:
      code: 200
      message: OK
- request:
    body: null
    headers:
      Accept:
      - application/json
      Accept-Encoding:
      - gzip, deflate
      CommandName:
      - vmware global-reach-connection list
      Connection:
      - keep-alive
      ParameterSetName:
      - -g -c
      User-Agent:
      - AZURECLI/2.74.0 azsdk-python-core/1.31.0 Python/3.12.10 (Windows-11-10.0.26100-SP0)
    method: GET
    uri: https://localhost/subscriptions/00000000-0000-0000-0000-000000000000/resourceGroups/cli_test_vmware_hcx000001/providers/Microsoft.AVS/privateClouds/cloud1/globalReachConnections?api-version=2024-09-01
  response:
    body:
      string: '{"value":[{"id":"/subscriptions/00000000-0000-0000-0000-000000000000/resourceGroups/group1/providers/Microsoft.AVS/privateClouds/cloud1/globalReachConnections/connection1","name":"connection1","type":"Microsoft.AVS/privateClouds/globalReachConnections","properties":{"provisioningState":"Succeeded","addressPrefix":"10.2.3.16/29","authorizationKey":"01010101-0101-0101-0101-010101010101","circuitConnectionStatus":"Connected","peerExpressRouteCircuit":"/subscriptions/00000000-0000-0000-0000-000000000000/resourceGroups/mygroup/providers/Microsoft.Network/expressRouteCircuits/mypeer","expressRouteId":"/subscriptions/00000000-0000-0000-0000-000000000000/resourceGroups/tnt13-41a90db2-9d5e-4bd5-a77a-5ce7b58213d6-eastus2/providers/Microsoft.Network/expressroutecircuits/tnt13-41a90db2-9d5e-4bd5-a77a-5ce7b58213d6-eastus2-xconnect"}}]}'
    headers:
      access-control-allow-credentials:
      - 'true'
      access-control-allow-headers:
      - '*'
      access-control-allow-methods:
      - PUT, GET, HEAD, POST, DELETE, PATCH, OPTIONS
      access-control-allow-origin:
      - '*'
      content-length:
      - '834'
      content-type:
      - application/json
      date:
      - Mon, 16 Jun 2025 01:45:49 GMT
      server:
      - Rocket
    status:
      code: 200
      message: OK
- request:
    body: '{"properties": {"authorizationKey": "01010101-0101-0101-0101-010101010101",
      "expressRouteId": "/subscriptions/{subscription-id}/resourceGroups/tnt13-41a90db2-9d5e-4bd5-a77a-5ce7b58213d6-eastus2/providers/Microsoft.Network/expressroutecircuits/tnt13-41a90db2-9d5e-4bd5-a77a-5ce7b58213d6-eastus2-xconnect",
      "peerExpressRouteCircuit": "/subscriptions/00000000-0000-0000-0000-000000000000/resourceGroups/mygroup/providers/Microsoft.Network/expressRouteCircuits/mypeer"}}'
    headers:
      Accept:
      - application/json
      Accept-Encoding:
      - gzip, deflate
      CommandName:
      - vmware global-reach-connection create
      Connection:
      - keep-alive
      Content-Length:
      - '466'
      Content-Type:
      - application/json
      ParameterSetName:
      - -g -c -n --peer-express-route-circuit --authorization-key --express-route-id
      User-Agent:
      - AZURECLI/2.74.0 azsdk-python-core/1.31.0 Python/3.12.10 (Windows-11-10.0.26100-SP0)
    method: PUT
    uri: https://localhost/subscriptions/00000000-0000-0000-0000-000000000000/resourceGroups/cli_test_vmware_hcx000001/providers/Microsoft.AVS/privateClouds/cloud1/globalReachConnections/connection1?api-version=2024-09-01
  response:
    body:
      string: '{"id":"/subscriptions/00000000-0000-0000-0000-000000000000/resourceGroups/group1/providers/Microsoft.AVS/privateClouds/cloud1/globalReachConnections/connection1","name":"connection1","type":"Microsoft.AVS/privateClouds/globalReachConnections","properties":{"provisioningState":"Succeeded","addressPrefix":"10.2.3.16/29","authorizationKey":"01010101-0101-0101-0101-010101010101","circuitConnectionStatus":"Connected","peerExpressRouteCircuit":"/subscriptions/00000000-0000-0000-0000-000000000000/resourceGroups/mygroup/providers/Microsoft.Network/expressRouteCircuits/mypeer","expressRouteId":"/subscriptions/00000000-0000-0000-0000-000000000000/resourceGroups/tnt13-41a90db2-9d5e-4bd5-a77a-5ce7b58213d6-eastus2/providers/Microsoft.Network/expressroutecircuits/tnt13-41a90db2-9d5e-4bd5-a77a-5ce7b58213d6-eastus2-xconnect"}}'
    headers:
      access-control-allow-credentials:
      - 'true'
      access-control-allow-headers:
      - '*'
      access-control-allow-methods:
      - PUT, GET, HEAD, POST, DELETE, PATCH, OPTIONS
      access-control-allow-origin:
      - '*'
      content-length:
      - '822'
      content-type:
      - application/json
      date:
      - Mon, 16 Jun 2025 01:45:52 GMT
      server:
      - Rocket
    status:
      code: 200
      message: OK
- request:
    body: null
    headers:
      Accept:
      - application/json
      Accept-Encoding:
      - gzip, deflate
      CommandName:
      - vmware global-reach-connection list
      Connection:
      - keep-alive
      ParameterSetName:
      - -g -c
      User-Agent:
      - AZURECLI/2.74.0 azsdk-python-core/1.31.0 Python/3.12.10 (Windows-11-10.0.26100-SP0)
    method: GET
    uri: https://localhost/subscriptions/00000000-0000-0000-0000-000000000000/resourceGroups/cli_test_vmware_hcx000001/providers/Microsoft.AVS/privateClouds/cloud1/globalReachConnections?api-version=2024-09-01
  response:
    body:
      string: '{"value":[{"id":"/subscriptions/00000000-0000-0000-0000-000000000000/resourceGroups/group1/providers/Microsoft.AVS/privateClouds/cloud1/globalReachConnections/connection1","name":"connection1","type":"Microsoft.AVS/privateClouds/globalReachConnections","properties":{"provisioningState":"Succeeded","addressPrefix":"10.2.3.16/29","authorizationKey":"01010101-0101-0101-0101-010101010101","circuitConnectionStatus":"Connected","peerExpressRouteCircuit":"/subscriptions/00000000-0000-0000-0000-000000000000/resourceGroups/mygroup/providers/Microsoft.Network/expressRouteCircuits/mypeer","expressRouteId":"/subscriptions/00000000-0000-0000-0000-000000000000/resourceGroups/tnt13-41a90db2-9d5e-4bd5-a77a-5ce7b58213d6-eastus2/providers/Microsoft.Network/expressroutecircuits/tnt13-41a90db2-9d5e-4bd5-a77a-5ce7b58213d6-eastus2-xconnect"}}]}'
    headers:
      access-control-allow-credentials:
      - 'true'
      access-control-allow-headers:
      - '*'
      access-control-allow-methods:
      - PUT, GET, HEAD, POST, DELETE, PATCH, OPTIONS
      access-control-allow-origin:
      - '*'
      content-length:
      - '834'
      content-type:
      - application/json
      date:
      - Mon, 16 Jun 2025 01:45:54 GMT
      server:
      - Rocket
    status:
      code: 200
      message: OK
- request:
    body: null
    headers:
      Accept:
      - application/json
      Accept-Encoding:
      - gzip, deflate
      CommandName:
      - vmware global-reach-connection show
      Connection:
      - keep-alive
      ParameterSetName:
      - -g -c -n
      User-Agent:
      - AZURECLI/2.74.0 azsdk-python-core/1.31.0 Python/3.12.10 (Windows-11-10.0.26100-SP0)
    method: GET
    uri: https://localhost/subscriptions/00000000-0000-0000-0000-000000000000/resourceGroups/cli_test_vmware_hcx000001/providers/Microsoft.AVS/privateClouds/cloud1/globalReachConnections/connection1?api-version=2024-09-01
  response:
    body:
      string: '{"id":"/subscriptions/00000000-0000-0000-0000-000000000000/resourceGroups/group1/providers/Microsoft.AVS/privateClouds/cloud1/globalReachConnections/connection1","name":"connection1","type":"Microsoft.AVS/privateClouds/globalReachConnections","properties":{"provisioningState":"Succeeded","addressPrefix":"10.2.3.16/29","authorizationKey":"01010101-0101-0101-0101-010101010101","circuitConnectionStatus":"Connected","peerExpressRouteCircuit":"/subscriptions/00000000-0000-0000-0000-000000000000/resourceGroups/mygroup/providers/Microsoft.Network/expressRouteCircuits/mypeer","expressRouteId":"/subscriptions/00000000-0000-0000-0000-000000000000/resourceGroups/tnt13-41a90db2-9d5e-4bd5-a77a-5ce7b58213d6-eastus2/providers/Microsoft.Network/expressroutecircuits/tnt13-41a90db2-9d5e-4bd5-a77a-5ce7b58213d6-eastus2-xconnect"}}'
    headers:
      access-control-allow-credentials:
      - 'true'
      access-control-allow-headers:
      - '*'
      access-control-allow-methods:
      - PUT, GET, HEAD, POST, DELETE, PATCH, OPTIONS
      access-control-allow-origin:
      - '*'
      content-length:
      - '822'
      content-type:
      - application/json
      date:
      - Mon, 16 Jun 2025 01:45:57 GMT
      server:
      - Rocket
    status:
      code: 200
      message: OK
- request:
    body: null
    headers:
      Accept:
      - '*/*'
      Accept-Encoding:
      - gzip, deflate
      CommandName:
      - vmware global-reach-connection delete
      Connection:
      - keep-alive
      Content-Length:
      - '0'
      ParameterSetName:
      - -g -c -n --yes
      User-Agent:
      - AZURECLI/2.74.0 azsdk-python-core/1.31.0 Python/3.12.10 (Windows-11-10.0.26100-SP0)
    method: DELETE
    uri: https://localhost/subscriptions/00000000-0000-0000-0000-000000000000/resourceGroups/cli_test_vmware_hcx000001/providers/Microsoft.AVS/privateClouds/cloud1/globalReachConnections/connection1?api-version=2024-09-01
  response:
    body:
      string: ''
    headers:
      access-control-allow-credentials:
      - 'true'
      access-control-allow-headers:
      - '*'
      access-control-allow-methods:
      - PUT, GET, HEAD, POST, DELETE, PATCH, OPTIONS
      access-control-allow-origin:
      - '*'
      content-length:
      - '0'
      content-type:
      - application/json
      date:
      - Mon, 16 Jun 2025 01:45:59 GMT
      server:
      - Rocket
    status:
      code: 200
      message: OK
- request:
    body: null
    headers:
      Accept:
      - application/json
      Accept-Encoding:
      - gzip, deflate
      CommandName:
      - vmware global-reach-connection list
      Connection:
      - keep-alive
      ParameterSetName:
      - -g -c
      User-Agent:
      - AZURECLI/2.74.0 azsdk-python-core/1.31.0 Python/3.12.10 (Windows-11-10.0.26100-SP0)
    method: GET
    uri: https://localhost/subscriptions/00000000-0000-0000-0000-000000000000/resourceGroups/cli_test_vmware_hcx000001/providers/Microsoft.AVS/privateClouds/cloud1/globalReachConnections?api-version=2024-09-01
  response:
    body:
      string: '{"value":[{"id":"/subscriptions/00000000-0000-0000-0000-000000000000/resourceGroups/group1/providers/Microsoft.AVS/privateClouds/cloud1/globalReachConnections/connection1","name":"connection1","type":"Microsoft.AVS/privateClouds/globalReachConnections","properties":{"provisioningState":"Succeeded","addressPrefix":"10.2.3.16/29","authorizationKey":"01010101-0101-0101-0101-010101010101","circuitConnectionStatus":"Connected","peerExpressRouteCircuit":"/subscriptions/00000000-0000-0000-0000-000000000000/resourceGroups/mygroup/providers/Microsoft.Network/expressRouteCircuits/mypeer","expressRouteId":"/subscriptions/00000000-0000-0000-0000-000000000000/resourceGroups/tnt13-41a90db2-9d5e-4bd5-a77a-5ce7b58213d6-eastus2/providers/Microsoft.Network/expressroutecircuits/tnt13-41a90db2-9d5e-4bd5-a77a-5ce7b58213d6-eastus2-xconnect"}}]}'
    headers:
      access-control-allow-credentials:
      - 'true'
      access-control-allow-headers:
      - '*'
      access-control-allow-methods:
      - PUT, GET, HEAD, POST, DELETE, PATCH, OPTIONS
      access-control-allow-origin:
      - '*'
      content-length:
      - '834'
      content-type:
      - application/json
      date:
      - Mon, 16 Jun 2025 01:46:01 GMT
      server:
      - Rocket
    status:
      code: 200
      message: OK
version: 1
