interactions:
- request:
    body: null
    headers:
      Accept:
      - application/json
      Accept-Encoding:
      - gzip, deflate
      CommandName:
      - vmware placement-policy list
      Connection:
      - keep-alive
      ParameterSetName:
      - --resource-group --private-cloud --cluster-name
      User-Agent:
      - AZURECLI/2.61.0 azsdk-python-core/1.28.0 Python/3.10.11 (Windows-10-10.0.22631-SP0)
    method: GET
    uri: https://localhost/subscriptions/00000000-0000-0000-0000-000000000000/resourceGroups/cli_test_vmware_placement_policy000001/providers/Microsoft.AVS/privateClouds/cloud1/clusters/cluster1/placementPolicies?api-version=2023-09-01
  response:
    body:
      string: '{"value":[{"id":"/subscriptions/00000000-0000-0000-0000-000000000000/resourceGroups/group1/providers/Microsoft.AVS/privateClouds/cloud1/clusters/cluster1/placementPolicies/policy1","name":"policy1","type":"Microsoft.AVS/privateClouds/clusters/placementPolicies","properties":{"type":"VmHost","state":"Enabled","displayName":"policy1","provisioningState":"Succeeded","vmMembers":["/subscriptions/00000000-0000-0000-0000-000000000000/resourceGroups/group1/providers/Microsoft.AVS/privateClouds/cloud1/clusters/cluster1/virtualMachines/vm-128","/subscriptions/00000000-0000-0000-0000-000000000000/resourceGroups/group1/providers/Microsoft.AVS/privateClouds/cloud1/clusters/cluster1/virtualMachines/vm-256"],"hostMembers":["fakehost22.nyc1.kubernetes.center","fakehost23.nyc1.kubernetes.center","fakehost24.nyc1.kubernetes.center"],"affinityType":"AntiAffinity","affinityStrength":"Must","azureHybridBenefitType":"SqlHost"}},{"id":"/subscriptions/00000000-0000-0000-0000-000000000000/resourceGroups/group1/providers/Microsoft.AVS/privateClouds/cloud1/clusters/cluster1/placementPolicies/policy2","name":"policy2","type":"Microsoft.AVS/privateClouds/clusters/placementPolicies","properties":{"type":"VmVm","state":"Enabled","displayName":"policy2","provisioningState":"Succeeded","vmMembers":["/subscriptions/00000000-0000-0000-0000-000000000000/resourceGroups/group1/providers/Microsoft.AVS/privateClouds/cloud1/clusters/cluster1/virtualMachines/vm-128","/subscriptions/00000000-0000-0000-0000-000000000000/resourceGroups/group1/providers/Microsoft.AVS/privateClouds/cloud1/clusters/cluster1/virtualMachines/vm-256"],"affinityType":"Affinity"}}]}'
    headers:
      access-control-allow-credentials:
      - 'true'
      access-control-allow-headers:
      - '*'
      access-control-allow-methods:
      - PUT, GET, HEAD, POST, DELETE, PATCH, OPTIONS
      access-control-allow-origin:
      - '*'
      content-length:
      - '1642'
      content-type:
      - application/json
      date:
      - Fri, 28 Jun 2024 20:04:55 GMT
      server:
      - Rocket
    status:
      code: 200
      message: OK
- request:
    body: null
    headers:
      Accept:
      - application/json
      Accept-Encoding:
      - gzip, deflate
      CommandName:
      - vmware placement-policy show
      Connection:
      - keep-alive
      ParameterSetName:
      - --resource-group --private-cloud --cluster-name --placement-policy-name
      User-Agent:
      - AZURECLI/2.61.0 azsdk-python-core/1.28.0 Python/3.10.11 (Windows-10-10.0.22631-SP0)
    method: GET
    uri: https://localhost/subscriptions/00000000-0000-0000-0000-000000000000/resourceGroups/cli_test_vmware_placement_policy000001/providers/Microsoft.AVS/privateClouds/cloud1/clusters/cluster1/placementPolicies/policy1?api-version=2023-09-01
  response:
    body:
      string: '{"id":"/subscriptions/00000000-0000-0000-0000-000000000000/resourceGroups/group1/providers/Microsoft.AVS/privateClouds/cloud1/clusters/cluster1/placementPolicies/policy1","name":"policy1","type":"Microsoft.AVS/privateClouds/clusters/placementPolicies","properties":{"type":"VmHost","state":"Enabled","displayName":"policy1","provisioningState":"Succeeded","vmMembers":["/subscriptions/00000000-0000-0000-0000-000000000000/resourceGroups/group1/providers/Microsoft.AVS/privateClouds/cloud1/clusters/cluster1/virtualMachines/vm-128","/subscriptions/00000000-0000-0000-0000-000000000000/resourceGroups/group1/providers/Microsoft.AVS/privateClouds/cloud1/clusters/cluster1/virtualMachines/vm-256"],"hostMembers":["fakehost22.nyc1.kubernetes.center","fakehost23.nyc1.kubernetes.center","fakehost24.nyc1.kubernetes.center"],"affinityType":"AntiAffinity","affinityStrength":"Must","azureHybridBenefitType":"SqlHost"}}'
    headers:
      access-control-allow-credentials:
      - 'true'
      access-control-allow-headers:
      - '*'
      access-control-allow-methods:
      - PUT, GET, HEAD, POST, DELETE, PATCH, OPTIONS
      access-control-allow-origin:
      - '*'
      content-length:
      - '910'
      content-type:
      - application/json
      date:
      - Fri, 28 Jun 2024 20:04:58 GMT
      server:
      - Rocket
    status:
      code: 200
      message: OK
- request:
    body: '{"properties": {"displayName": "policy1", "state": "Enabled", "type": "VmHost",
      "affinityStrength": "Must", "affinityType": "AntiAffinity", "azureHybridBenefitType":
      "SqlHost", "hostMembers": ["testHostMembers"], "vmMembers": ["testVmMembers"]}}'
    headers:
      Accept:
      - application/json
      Accept-Encoding:
      - gzip, deflate
      CommandName:
      - vmware placement-policy vm-host create
      Connection:
      - keep-alive
      Content-Length:
      - '245'
      Content-Type:
      - application/json
      ParameterSetName:
      - --resource-group --private-cloud --cluster-name --placement-policy-name --state
        --display-name --vm-members --host-members --affinity-type --affinity-strength
        --azure-hybrid-benefit
      User-Agent:
      - AZURECLI/2.61.0 azsdk-python-core/1.28.0 Python/3.10.11 (Windows-10-10.0.22631-SP0)
    method: PUT
    uri: https://localhost/subscriptions/00000000-0000-0000-0000-000000000000/resourceGroups/cli_test_vmware_placement_policy000001/providers/Microsoft.AVS/privateClouds/cloud1/clusters/cluster1/placementPolicies/policy1?api-version=2023-09-01
  response:
    body:
      string: '{"id":"/subscriptions/00000000-0000-0000-0000-000000000000/resourceGroups/group1/providers/Microsoft.AVS/privateClouds/cloud1/clusters/cluster1/placementPolicies/policy1","name":"policy1","type":"Microsoft.AVS/privateClouds/clusters/placementPolicies","properties":{"type":"VmHost","state":"Enabled","displayName":"policy1","provisioningState":"Succeeded","vmMembers":["/subscriptions/00000000-0000-0000-0000-000000000000/resourceGroups/group1/providers/Microsoft.AVS/privateClouds/cloud1/clusters/cluster1/virtualMachines/vm-128","/subscriptions/00000000-0000-0000-0000-000000000000/resourceGroups/group1/providers/Microsoft.AVS/privateClouds/cloud1/clusters/cluster1/virtualMachines/vm-256"],"hostMembers":["fakehost22.nyc1.kubernetes.center","fakehost23.nyc1.kubernetes.center","fakehost24.nyc1.kubernetes.center"],"affinityType":"AntiAffinity","affinityStrength":"Must","azureHybridBenefitType":"SqlHost"}}'
    headers:
      access-control-allow-credentials:
      - 'true'
      access-control-allow-headers:
      - '*'
      access-control-allow-methods:
      - PUT, GET, HEAD, POST, DELETE, PATCH, OPTIONS
      access-control-allow-origin:
      - '*'
      content-length:
      - '910'
      content-type:
      - application/json
      date:
      - Fri, 28 Jun 2024 20:04:59 GMT
      server:
      - Rocket
    status:
      code: 200
      message: OK
- request:
    body: null
    headers:
      Accept:
      - application/json
      Accept-Encoding:
      - gzip, deflate
      CommandName:
      - vmware placement-policy vm-host update
      Connection:
      - keep-alive
      ParameterSetName:
      - --resource-group --private-cloud --cluster-name --placement-policy-name --state
        --vm-members --host-members --affinity-strength --azure-hybrid-benefit
      User-Agent:
      - AZURECLI/2.61.0 azsdk-python-core/1.28.0 Python/3.10.11 (Windows-10-10.0.22631-SP0)
    method: GET
    uri: https://localhost/subscriptions/00000000-0000-0000-0000-000000000000/resourceGroups/cli_test_vmware_placement_policy000001/providers/Microsoft.AVS/privateClouds/cloud1/clusters/cluster1/placementPolicies/policy1?api-version=2023-09-01
  response:
    body:
      string: '{"id":"/subscriptions/00000000-0000-0000-0000-000000000000/resourceGroups/group1/providers/Microsoft.AVS/privateClouds/cloud1/clusters/cluster1/placementPolicies/policy1","name":"policy1","type":"Microsoft.AVS/privateClouds/clusters/placementPolicies","properties":{"type":"VmHost","state":"Enabled","displayName":"policy1","provisioningState":"Succeeded","vmMembers":["/subscriptions/00000000-0000-0000-0000-000000000000/resourceGroups/group1/providers/Microsoft.AVS/privateClouds/cloud1/clusters/cluster1/virtualMachines/vm-128","/subscriptions/00000000-0000-0000-0000-000000000000/resourceGroups/group1/providers/Microsoft.AVS/privateClouds/cloud1/clusters/cluster1/virtualMachines/vm-256"],"hostMembers":["fakehost22.nyc1.kubernetes.center","fakehost23.nyc1.kubernetes.center","fakehost24.nyc1.kubernetes.center"],"affinityType":"AntiAffinity","affinityStrength":"Must","azureHybridBenefitType":"SqlHost"}}'
    headers:
      access-control-allow-credentials:
      - 'true'
      access-control-allow-headers:
      - '*'
      access-control-allow-methods:
      - PUT, GET, HEAD, POST, DELETE, PATCH, OPTIONS
      access-control-allow-origin:
      - '*'
      content-length:
      - '910'
      content-type:
      - application/json
      date:
      - Fri, 28 Jun 2024 20:05:02 GMT
      server:
      - Rocket
    status:
      code: 200
      message: OK
- request:
    body: '{"properties": {"displayName": "policy1", "state": "Enabled", "type": "VmHost",
      "affinityStrength": "Must", "affinityType": "AntiAffinity", "azureHybridBenefitType":
      "SqlHost", "hostMembers": ["testHostMembers"], "vmMembers": ["testVmMembers"]}}'
    headers:
      Accept:
      - application/json
      Accept-Encoding:
      - gzip, deflate
      CommandName:
      - vmware placement-policy vm-host update
      Connection:
      - keep-alive
      Content-Length:
      - '245'
      Content-Type:
      - application/json
      ParameterSetName:
      - --resource-group --private-cloud --cluster-name --placement-policy-name --state
        --vm-members --host-members --affinity-strength --azure-hybrid-benefit
      User-Agent:
      - AZURECLI/2.61.0 azsdk-python-core/1.28.0 Python/3.10.11 (Windows-10-10.0.22631-SP0)
    method: PUT
    uri: https://localhost/subscriptions/00000000-0000-0000-0000-000000000000/resourceGroups/cli_test_vmware_placement_policy000001/providers/Microsoft.AVS/privateClouds/cloud1/clusters/cluster1/placementPolicies/policy1?api-version=2023-09-01
  response:
    body:
      string: '{"id":"/subscriptions/00000000-0000-0000-0000-000000000000/resourceGroups/group1/providers/Microsoft.AVS/privateClouds/cloud1/clusters/cluster1/placementPolicies/policy1","name":"policy1","type":"Microsoft.AVS/privateClouds/clusters/placementPolicies","properties":{"type":"VmHost","state":"Enabled","displayName":"policy1","provisioningState":"Succeeded","vmMembers":["/subscriptions/00000000-0000-0000-0000-000000000000/resourceGroups/group1/providers/Microsoft.AVS/privateClouds/cloud1/clusters/cluster1/virtualMachines/vm-128","/subscriptions/00000000-0000-0000-0000-000000000000/resourceGroups/group1/providers/Microsoft.AVS/privateClouds/cloud1/clusters/cluster1/virtualMachines/vm-256"],"hostMembers":["fakehost22.nyc1.kubernetes.center","fakehost23.nyc1.kubernetes.center","fakehost24.nyc1.kubernetes.center"],"affinityType":"AntiAffinity","affinityStrength":"Must","azureHybridBenefitType":"SqlHost"}}'
    headers:
      access-control-allow-credentials:
      - 'true'
      access-control-allow-headers:
      - '*'
      access-control-allow-methods:
      - PUT, GET, HEAD, POST, DELETE, PATCH, OPTIONS
      access-control-allow-origin:
      - '*'
      content-length:
      - '910'
      content-type:
      - application/json
      date:
      - Fri, 28 Jun 2024 20:05:02 GMT
      server:
      - Rocket
    status:
      code: 200
      message: OK
- request:
    body: null
    headers:
      Accept:
      - '*/*'
      Accept-Encoding:
      - gzip, deflate
      CommandName:
      - vmware placement-policy vm-host delete
      Connection:
      - keep-alive
      Content-Length:
      - '0'
      ParameterSetName:
      - --resource-group --private-cloud --cluster-name --placement-policy-name --yes
      User-Agent:
      - AZURECLI/2.61.0 azsdk-python-core/1.28.0 Python/3.10.11 (Windows-10-10.0.22631-SP0)
    method: DELETE
    uri: https://localhost/subscriptions/00000000-0000-0000-0000-000000000000/resourceGroups/cli_test_vmware_placement_policy000001/providers/Microsoft.AVS/privateClouds/cloud1/clusters/cluster1/placementPolicies/policy1?api-version=2023-09-01
  response:
    body:
      string: ''
    headers:
      access-control-allow-credentials:
      - 'true'
      access-control-allow-headers:
      - '*'
      access-control-allow-methods:
      - PUT, GET, HEAD, POST, DELETE, PATCH, OPTIONS
      access-control-allow-origin:
      - '*'
      content-length:
      - '0'
      content-type:
      - application/json
      date:
      - Fri, 28 Jun 2024 20:05:04 GMT
      server:
      - Rocket
    status:
      code: 200
      message: OK
- request:
    body: '{"properties": {"displayName": "policy1", "state": "Enabled", "type": "VmVm",
      "affinityType": "AntiAffinity", "vmMembers": ["testVmMembers"]}}'
    headers:
      Accept:
      - application/json
      Accept-Encoding:
      - gzip, deflate
      CommandName:
      - vmware placement-policy vm create
      Connection:
      - keep-alive
      Content-Length:
      - '142'
      Content-Type:
      - application/json
      ParameterSetName:
      - --resource-group --private-cloud --cluster-name --placement-policy-name --state
        --display-name --vm-members --affinity-type
      User-Agent:
      - AZURECLI/2.61.0 azsdk-python-core/1.28.0 Python/3.10.11 (Windows-10-10.0.22631-SP0)
    method: PUT
    uri: https://localhost/subscriptions/00000000-0000-0000-0000-000000000000/resourceGroups/cli_test_vmware_placement_policy000001/providers/Microsoft.AVS/privateClouds/cloud1/clusters/cluster1/placementPolicies/policy1?api-version=2023-09-01
  response:
    body:
      string: '{"id":"/subscriptions/00000000-0000-0000-0000-000000000000/resourceGroups/group1/providers/Microsoft.AVS/privateClouds/cloud1/clusters/cluster1/placementPolicies/policy1","name":"policy1","type":"Microsoft.AVS/privateClouds/clusters/placementPolicies","properties":{"type":"VmHost","state":"Enabled","displayName":"policy1","provisioningState":"Succeeded","vmMembers":["/subscriptions/00000000-0000-0000-0000-000000000000/resourceGroups/group1/providers/Microsoft.AVS/privateClouds/cloud1/clusters/cluster1/virtualMachines/vm-128","/subscriptions/00000000-0000-0000-0000-000000000000/resourceGroups/group1/providers/Microsoft.AVS/privateClouds/cloud1/clusters/cluster1/virtualMachines/vm-256"],"hostMembers":["fakehost22.nyc1.kubernetes.center","fakehost23.nyc1.kubernetes.center","fakehost24.nyc1.kubernetes.center"],"affinityType":"AntiAffinity","affinityStrength":"Must","azureHybridBenefitType":"SqlHost"}}'
    headers:
      access-control-allow-credentials:
      - 'true'
      access-control-allow-headers:
      - '*'
      access-control-allow-methods:
      - PUT, GET, HEAD, POST, DELETE, PATCH, OPTIONS
      access-control-allow-origin:
      - '*'
      content-length:
      - '910'
      content-type:
      - application/json
      date:
      - Fri, 28 Jun 2024 20:05:07 GMT
      server:
      - Rocket
    status:
      code: 200
      message: OK
- request:
    body: null
    headers:
      Accept:
      - application/json
      Accept-Encoding:
      - gzip, deflate
      CommandName:
      - vmware placement-policy vm update
      Connection:
      - keep-alive
      ParameterSetName:
      - --resource-group --private-cloud --cluster-name --placement-policy-name --state
        --vm-members
      User-Agent:
      - AZURECLI/2.61.0 azsdk-python-core/1.28.0 Python/3.10.11 (Windows-10-10.0.22631-SP0)
    method: GET
    uri: https://localhost/subscriptions/00000000-0000-0000-0000-000000000000/resourceGroups/cli_test_vmware_placement_policy000001/providers/Microsoft.AVS/privateClouds/cloud1/clusters/cluster1/placementPolicies/policy1?api-version=2023-09-01
  response:
    body:
      string: '{"id":"/subscriptions/00000000-0000-0000-0000-000000000000/resourceGroups/group1/providers/Microsoft.AVS/privateClouds/cloud1/clusters/cluster1/placementPolicies/policy1","name":"policy1","type":"Microsoft.AVS/privateClouds/clusters/placementPolicies","properties":{"type":"VmHost","state":"Enabled","displayName":"policy1","provisioningState":"Succeeded","vmMembers":["/subscriptions/00000000-0000-0000-0000-000000000000/resourceGroups/group1/providers/Microsoft.AVS/privateClouds/cloud1/clusters/cluster1/virtualMachines/vm-128","/subscriptions/00000000-0000-0000-0000-000000000000/resourceGroups/group1/providers/Microsoft.AVS/privateClouds/cloud1/clusters/cluster1/virtualMachines/vm-256"],"hostMembers":["fakehost22.nyc1.kubernetes.center","fakehost23.nyc1.kubernetes.center","fakehost24.nyc1.kubernetes.center"],"affinityType":"AntiAffinity","affinityStrength":"Must","azureHybridBenefitType":"SqlHost"}}'
    headers:
      access-control-allow-credentials:
      - 'true'
      access-control-allow-headers:
      - '*'
      access-control-allow-methods:
      - PUT, GET, HEAD, POST, DELETE, PATCH, OPTIONS
      access-control-allow-origin:
      - '*'
      content-length:
      - '910'
      content-type:
      - application/json
      date:
      - Fri, 28 Jun 2024 20:05:10 GMT
      server:
      - Rocket
    status:
      code: 200
      message: OK
- request:
    body: '{"properties": {"displayName": "policy1", "state": "Enabled", "type": "VmVm",
      "affinityType": "AntiAffinity", "vmMembers": ["testVmMembers"]}}'
    headers:
      Accept:
      - application/json
      Accept-Encoding:
      - gzip, deflate
      CommandName:
      - vmware placement-policy vm update
      Connection:
      - keep-alive
      Content-Length:
      - '142'
      Content-Type:
      - application/json
      ParameterSetName:
      - --resource-group --private-cloud --cluster-name --placement-policy-name --state
        --vm-members
      User-Agent:
      - AZURECLI/2.61.0 azsdk-python-core/1.28.0 Python/3.10.11 (Windows-10-10.0.22631-SP0)
    method: PUT
    uri: https://localhost/subscriptions/00000000-0000-0000-0000-000000000000/resourceGroups/cli_test_vmware_placement_policy000001/providers/Microsoft.AVS/privateClouds/cloud1/clusters/cluster1/placementPolicies/policy1?api-version=2023-09-01
  response:
    body:
      string: '{"id":"/subscriptions/00000000-0000-0000-0000-000000000000/resourceGroups/group1/providers/Microsoft.AVS/privateClouds/cloud1/clusters/cluster1/placementPolicies/policy1","name":"policy1","type":"Microsoft.AVS/privateClouds/clusters/placementPolicies","properties":{"type":"VmHost","state":"Enabled","displayName":"policy1","provisioningState":"Succeeded","vmMembers":["/subscriptions/00000000-0000-0000-0000-000000000000/resourceGroups/group1/providers/Microsoft.AVS/privateClouds/cloud1/clusters/cluster1/virtualMachines/vm-128","/subscriptions/00000000-0000-0000-0000-000000000000/resourceGroups/group1/providers/Microsoft.AVS/privateClouds/cloud1/clusters/cluster1/virtualMachines/vm-256"],"hostMembers":["fakehost22.nyc1.kubernetes.center","fakehost23.nyc1.kubernetes.center","fakehost24.nyc1.kubernetes.center"],"affinityType":"AntiAffinity","affinityStrength":"Must","azureHybridBenefitType":"SqlHost"}}'
    headers:
      access-control-allow-credentials:
      - 'true'
      access-control-allow-headers:
      - '*'
      access-control-allow-methods:
      - PUT, GET, HEAD, POST, DELETE, PATCH, OPTIONS
      access-control-allow-origin:
      - '*'
      content-length:
      - '910'
      content-type:
      - application/json
      date:
      - Fri, 28 Jun 2024 20:05:10 GMT
      server:
      - Rocket
    status:
      code: 200
      message: OK
- request:
    body: null
    headers:
      Accept:
      - '*/*'
      Accept-Encoding:
      - gzip, deflate
      CommandName:
      - vmware placement-policy vm delete
      Connection:
      - keep-alive
      Content-Length:
      - '0'
      ParameterSetName:
      - --resource-group --private-cloud --cluster-name --placement-policy-name --yes
      User-Agent:
      - AZURECLI/2.61.0 azsdk-python-core/1.28.0 Python/3.10.11 (Windows-10-10.0.22631-SP0)
    method: DELETE
    uri: https://localhost/subscriptions/00000000-0000-0000-0000-000000000000/resourceGroups/cli_test_vmware_placement_policy000001/providers/Microsoft.AVS/privateClouds/cloud1/clusters/cluster1/placementPolicies/policy1?api-version=2023-09-01
  response:
    body:
      string: ''
    headers:
      access-control-allow-credentials:
      - 'true'
      access-control-allow-headers:
      - '*'
      access-control-allow-methods:
      - PUT, GET, HEAD, POST, DELETE, PATCH, OPTIONS
      access-control-allow-origin:
      - '*'
      content-length:
      - '0'
      content-type:
      - application/json
      date:
      - Fri, 28 Jun 2024 20:05:12 GMT
      server:
      - Rocket
    status:
      code: 200
      message: OK
version: 1
