interactions:
- request:
    body: null
    headers:
      Accept:
      - application/json
      Accept-Encoding:
      - gzip, deflate
      CommandName:
      - network vnet create
      Connection:
      - keep-alive
      ParameterSetName:
      - --name --resource-group --address-prefix --subnet-name --subnet-prefix --tags
      User-Agent:
      - AZURECLI/2.46.0 azsdk-python-azure-mgmt-resource/22.0.0 Python/3.10.10 (Linux-5.15.0-1034-azure-x86_64-with-glibc2.31)
        VSTS_7b238909-6802-4b65-b90d-184bca47f458_build_261_0
    method: GET
    uri: https://management.azure.com/subscriptions/00000000-0000-0000-0000-000000000000/resourcegroups/cli_test_hardware_security_modules_v2000001?api-version=2022-09-01
  response:
    body:
      string: '{"id":"/subscriptions/00000000-0000-0000-0000-000000000000/resourceGroups/cli_test_hardware_security_modules_v2000001","name":"cli_test_hardware_security_modules_v2000001","type":"Microsoft.Resources/resourceGroups","location":"eastus","tags":{"product":"azurecli","cause":"automation","date":"2023-03-29T00:42:27Z","StorageType":"Standard_LRS","type":"test"},"properties":{"provisioningState":"Succeeded"}}'
    headers:
      cache-control:
      - no-cache
      content-length:
      - '407'
      content-type:
      - application/json; charset=utf-8
      date:
      - Wed, 29 Mar 2023 00:42:28 GMT
      expires:
      - '-1'
      pragma:
      - no-cache
      strict-transport-security:
      - max-age=31536000; includeSubDomains
      vary:
      - Accept-Encoding
      x-content-type-options:
      - nosniff
    status:
      code: 200
      message: OK
- request:
    body: '{"location": "eastus", "properties": {"addressSpace": {"addressPrefixes":
      ["10.3.0.0/16"]}, "enableDdosProtection": false, "enableVmProtection": false,
      "subnets": [{"name": "compute", "properties": {"addressPrefix": "10.3.0.0/24"}}]},
      "tags": {"fastpathenabled": "true"}}'
    headers:
      Accept:
      - application/json
      Accept-Encoding:
      - gzip, deflate
      CommandName:
      - network vnet create
      Connection:
      - keep-alive
      Content-Length:
      - '271'
      Content-Type:
      - application/json
      ParameterSetName:
      - --name --resource-group --address-prefix --subnet-name --subnet-prefix --tags
      User-Agent:
      - AZURECLI/2.46.0 (AAZ) azsdk-python-core/1.24.0 Python/3.10.10 (Linux-5.15.0-1034-azure-x86_64-with-glibc2.31)
        VSTS_7b238909-6802-4b65-b90d-184bca47f458_build_261_0
    method: PUT
    uri: https://management.azure.com/subscriptions/00000000-0000-0000-0000-000000000000/resourceGroups/cli_test_hardware_security_modules_v2000001/providers/Microsoft.Network/virtualNetworks/testvnet1?api-version=2022-01-01
  response:
    body:
      string: "{\r\n  \"name\": \"testvnet1\",\r\n  \"id\": \"/subscriptions/00000000-0000-0000-0000-000000000000/resourceGroups/cli_test_hardware_security_modules_v2000001/providers/Microsoft.Network/virtualNetworks/testvnet1\",\r\n
        \ \"etag\": \"W/\\\"e40245e5-0ff8-47b8-a65e-40f8b8b91f45\\\"\",\r\n  \"type\":
        \"Microsoft.Network/virtualNetworks\",\r\n  \"location\": \"eastus\",\r\n
        \ \"tags\": {\r\n    \"fastpathenabled\": \"true\"\r\n  },\r\n  \"properties\":
        {\r\n    \"provisioningState\": \"Updating\",\r\n    \"resourceGuid\": \"6dfda550-e810-497f-a88f-79b553e19a8a\",\r\n
        \   \"addressSpace\": {\r\n      \"addressPrefixes\": [\r\n        \"10.3.0.0/16\"\r\n
        \     ]\r\n    },\r\n    \"subnets\": [\r\n      {\r\n        \"name\": \"compute\",\r\n
        \       \"id\": \"/subscriptions/00000000-0000-0000-0000-000000000000/resourceGroups/cli_test_hardware_security_modules_v2000001/providers/Microsoft.Network/virtualNetworks/testvnet1/subnets/compute\",\r\n
        \       \"etag\": \"W/\\\"e40245e5-0ff8-47b8-a65e-40f8b8b91f45\\\"\",\r\n
        \       \"properties\": {\r\n          \"provisioningState\": \"Updating\",\r\n
        \         \"addressPrefix\": \"10.3.0.0/24\",\r\n          \"delegations\":
        [],\r\n          \"privateEndpointNetworkPolicies\": \"Disabled\",\r\n          \"privateLinkServiceNetworkPolicies\":
        \"Enabled\"\r\n        },\r\n        \"type\": \"Microsoft.Network/virtualNetworks/subnets\"\r\n
        \     }\r\n    ],\r\n    \"virtualNetworkPeerings\": [],\r\n    \"enableDdosProtection\":
        false\r\n  }\r\n}"
    headers:
      azure-asyncnotification:
      - Enabled
      azure-asyncoperation:
      - https://management.azure.com/subscriptions/00000000-0000-0000-0000-000000000000/providers/Microsoft.Network/locations/eastus/operations/643f44a3-e8d9-488b-847b-562a7a5a1a6f?api-version=2022-01-01
      cache-control:
      - no-cache
      content-length:
      - '1333'
      content-type:
      - application/json; charset=utf-8
      date:
      - Wed, 29 Mar 2023 00:42:29 GMT
      expires:
      - '-1'
      pragma:
      - no-cache
      server:
      - Microsoft-HTTPAPI/2.0
      - Microsoft-HTTPAPI/2.0
      strict-transport-security:
      - max-age=31536000; includeSubDomains
      x-content-type-options:
      - nosniff
      x-ms-arm-service-request-id:
      - 9a7a2bab-af22-4cb1-bec3-d8a76ea31e67
      x-ms-ratelimit-remaining-subscription-writes:
      - '1199'
    status:
      code: 201
      message: ''
- request:
    body: null
    headers:
      Accept:
      - '*/*'
      Accept-Encoding:
      - gzip, deflate
      CommandName:
      - network vnet create
      Connection:
      - keep-alive
      ParameterSetName:
      - --name --resource-group --address-prefix --subnet-name --subnet-prefix --tags
      User-Agent:
      - AZURECLI/2.46.0 (AAZ) azsdk-python-core/1.24.0 Python/3.10.10 (Linux-5.15.0-1034-azure-x86_64-with-glibc2.31)
        VSTS_7b238909-6802-4b65-b90d-184bca47f458_build_261_0
    method: GET
    uri: https://management.azure.com/subscriptions/00000000-0000-0000-0000-000000000000/providers/Microsoft.Network/locations/eastus/operations/643f44a3-e8d9-488b-847b-562a7a5a1a6f?api-version=2022-01-01
  response:
    body:
      string: "{\r\n  \"status\": \"Succeeded\"\r\n}"
    headers:
      cache-control:
      - no-cache
      content-length:
      - '29'
      content-type:
      - application/json; charset=utf-8
      date:
      - Wed, 29 Mar 2023 00:42:32 GMT
      expires:
      - '-1'
      pragma:
      - no-cache
      server:
      - Microsoft-HTTPAPI/2.0
      - Microsoft-HTTPAPI/2.0
      strict-transport-security:
      - max-age=31536000; includeSubDomains
      transfer-encoding:
      - chunked
      vary:
      - Accept-Encoding
      x-content-type-options:
      - nosniff
      x-ms-arm-service-request-id:
      - 68252e63-db43-411d-b4df-c4b57c27c5cb
    status:
      code: 200
      message: ''
- request:
    body: null
    headers:
      Accept:
      - '*/*'
      Accept-Encoding:
      - gzip, deflate
      CommandName:
      - network vnet create
      Connection:
      - keep-alive
      ParameterSetName:
      - --name --resource-group --address-prefix --subnet-name --subnet-prefix --tags
      User-Agent:
      - AZURECLI/2.46.0 (AAZ) azsdk-python-core/1.24.0 Python/3.10.10 (Linux-5.15.0-1034-azure-x86_64-with-glibc2.31)
        VSTS_7b238909-6802-4b65-b90d-184bca47f458_build_261_0
    method: GET
    uri: https://management.azure.com/subscriptions/00000000-0000-0000-0000-000000000000/resourceGroups/cli_test_hardware_security_modules_v2000001/providers/Microsoft.Network/virtualNetworks/testvnet1?api-version=2022-01-01
  response:
    body:
      string: "{\r\n  \"name\": \"testvnet1\",\r\n  \"id\": \"/subscriptions/00000000-0000-0000-0000-000000000000/resourceGroups/cli_test_hardware_security_modules_v2000001/providers/Microsoft.Network/virtualNetworks/testvnet1\",\r\n
        \ \"etag\": \"W/\\\"64021bea-7a87-412e-946d-0f8fa52d8446\\\"\",\r\n  \"type\":
        \"Microsoft.Network/virtualNetworks\",\r\n  \"location\": \"eastus\",\r\n
        \ \"tags\": {\r\n    \"fastpathenabled\": \"true\"\r\n  },\r\n  \"properties\":
        {\r\n    \"provisioningState\": \"Succeeded\",\r\n    \"resourceGuid\": \"6dfda550-e810-497f-a88f-79b553e19a8a\",\r\n
        \   \"addressSpace\": {\r\n      \"addressPrefixes\": [\r\n        \"10.3.0.0/16\"\r\n
        \     ]\r\n    },\r\n    \"subnets\": [\r\n      {\r\n        \"name\": \"compute\",\r\n
        \       \"id\": \"/subscriptions/00000000-0000-0000-0000-000000000000/resourceGroups/cli_test_hardware_security_modules_v2000001/providers/Microsoft.Network/virtualNetworks/testvnet1/subnets/compute\",\r\n
        \       \"etag\": \"W/\\\"64021bea-7a87-412e-946d-0f8fa52d8446\\\"\",\r\n
        \       \"properties\": {\r\n          \"provisioningState\": \"Succeeded\",\r\n
        \         \"addressPrefix\": \"10.3.0.0/24\",\r\n          \"delegations\":
        [],\r\n          \"privateEndpointNetworkPolicies\": \"Disabled\",\r\n          \"privateLinkServiceNetworkPolicies\":
        \"Enabled\"\r\n        },\r\n        \"type\": \"Microsoft.Network/virtualNetworks/subnets\"\r\n
        \     }\r\n    ],\r\n    \"virtualNetworkPeerings\": [],\r\n    \"enableDdosProtection\":
        false\r\n  }\r\n}"
    headers:
      cache-control:
      - no-cache
      content-length:
      - '1335'
      content-type:
      - application/json; charset=utf-8
      date:
      - Wed, 29 Mar 2023 00:42:32 GMT
      etag:
      - W/"64021bea-7a87-412e-946d-0f8fa52d8446"
      expires:
      - '-1'
      pragma:
      - no-cache
      server:
      - Microsoft-HTTPAPI/2.0
      - Microsoft-HTTPAPI/2.0
      strict-transport-security:
      - max-age=31536000; includeSubDomains
      transfer-encoding:
      - chunked
      vary:
      - Accept-Encoding
      x-content-type-options:
      - nosniff
      x-ms-arm-service-request-id:
      - 60ed1d4b-e93a-4b65-a207-70b0e23f3c1c
    status:
      code: 200
      message: ''
- request:
    body: null
    headers:
      Accept:
      - application/json
      Accept-Encoding:
      - gzip, deflate
      CommandName:
      - network vnet create
      Connection:
      - keep-alive
      ParameterSetName:
      - --name --resource-group --address-prefix --subnet-name --subnet-prefix --tags
      User-Agent:
      - AZURECLI/2.46.0 azsdk-python-azure-mgmt-resource/22.0.0 Python/3.10.10 (Linux-5.15.0-1034-azure-x86_64-with-glibc2.31)
        VSTS_7b238909-6802-4b65-b90d-184bca47f458_build_261_0
    method: GET
    uri: https://management.azure.com/subscriptions/00000000-0000-0000-0000-000000000000/resourcegroups/cli_test_hardware_security_modules_v2000001?api-version=2022-09-01
  response:
    body:
      string: '{"id":"/subscriptions/00000000-0000-0000-0000-000000000000/resourceGroups/cli_test_hardware_security_modules_v2000001","name":"cli_test_hardware_security_modules_v2000001","type":"Microsoft.Resources/resourceGroups","location":"eastus","tags":{"product":"azurecli","cause":"automation","date":"2023-03-29T00:42:27Z","StorageType":"Standard_LRS","type":"test"},"properties":{"provisioningState":"Succeeded"}}'
    headers:
      cache-control:
      - no-cache
      content-length:
      - '407'
      content-type:
      - application/json; charset=utf-8
      date:
      - Wed, 29 Mar 2023 00:42:33 GMT
      expires:
      - '-1'
      pragma:
      - no-cache
      strict-transport-security:
      - max-age=31536000; includeSubDomains
      vary:
      - Accept-Encoding
      x-content-type-options:
      - nosniff
    status:
      code: 200
      message: OK
- request:
    body: '{"location": "eastus", "properties": {"addressSpace": {"addressPrefixes":
      ["10.4.0.0/16"]}, "enableDdosProtection": false, "enableVmProtection": false,
      "subnets": [{"name": "compute2", "properties": {"addressPrefix": "10.4.0.0/24"}}]},
      "tags": {"fastpathenabled": "true"}}'
    headers:
      Accept:
      - application/json
      Accept-Encoding:
      - gzip, deflate
      CommandName:
      - network vnet create
      Connection:
      - keep-alive
      Content-Length:
      - '272'
      Content-Type:
      - application/json
      ParameterSetName:
      - --name --resource-group --address-prefix --subnet-name --subnet-prefix --tags
      User-Agent:
      - AZURECLI/2.46.0 (AAZ) azsdk-python-core/1.24.0 Python/3.10.10 (Linux-5.15.0-1034-azure-x86_64-with-glibc2.31)
        VSTS_7b238909-6802-4b65-b90d-184bca47f458_build_261_0
    method: PUT
    uri: https://management.azure.com/subscriptions/00000000-0000-0000-0000-000000000000/resourceGroups/cli_test_hardware_security_modules_v2000001/providers/Microsoft.Network/virtualNetworks/testvnet2?api-version=2022-01-01
  response:
    body:
      string: "{\r\n  \"name\": \"testvnet2\",\r\n  \"id\": \"/subscriptions/00000000-0000-0000-0000-000000000000/resourceGroups/cli_test_hardware_security_modules_v2000001/providers/Microsoft.Network/virtualNetworks/testvnet2\",\r\n
        \ \"etag\": \"W/\\\"714e0ab7-f5bf-4e5a-b3aa-d5e0bd83dacd\\\"\",\r\n  \"type\":
        \"Microsoft.Network/virtualNetworks\",\r\n  \"location\": \"eastus\",\r\n
        \ \"tags\": {\r\n    \"fastpathenabled\": \"true\"\r\n  },\r\n  \"properties\":
        {\r\n    \"provisioningState\": \"Updating\",\r\n    \"resourceGuid\": \"473a3bef-633a-47ea-a24a-a2c65d69a3a1\",\r\n
        \   \"addressSpace\": {\r\n      \"addressPrefixes\": [\r\n        \"10.4.0.0/16\"\r\n
        \     ]\r\n    },\r\n    \"subnets\": [\r\n      {\r\n        \"name\": \"compute2\",\r\n
        \       \"id\": \"/subscriptions/00000000-0000-0000-0000-000000000000/resourceGroups/cli_test_hardware_security_modules_v2000001/providers/Microsoft.Network/virtualNetworks/testvnet2/subnets/compute2\",\r\n
        \       \"etag\": \"W/\\\"714e0ab7-f5bf-4e5a-b3aa-d5e0bd83dacd\\\"\",\r\n
        \       \"properties\": {\r\n          \"provisioningState\": \"Updating\",\r\n
        \         \"addressPrefix\": \"10.4.0.0/24\",\r\n          \"delegations\":
        [],\r\n          \"privateEndpointNetworkPolicies\": \"Disabled\",\r\n          \"privateLinkServiceNetworkPolicies\":
        \"Enabled\"\r\n        },\r\n        \"type\": \"Microsoft.Network/virtualNetworks/subnets\"\r\n
        \     }\r\n    ],\r\n    \"virtualNetworkPeerings\": [],\r\n    \"enableDdosProtection\":
        false\r\n  }\r\n}"
    headers:
      azure-asyncnotification:
      - Enabled
      azure-asyncoperation:
      - https://management.azure.com/subscriptions/00000000-0000-0000-0000-000000000000/providers/Microsoft.Network/locations/eastus/operations/db556f56-ac94-4e2b-8d50-dd5fb327c6d7?api-version=2022-01-01
      cache-control:
      - no-cache
      content-length:
      - '1335'
      content-type:
      - application/json; charset=utf-8
      date:
      - Wed, 29 Mar 2023 00:42:34 GMT
      expires:
      - '-1'
      pragma:
      - no-cache
      server:
      - Microsoft-HTTPAPI/2.0
      - Microsoft-HTTPAPI/2.0
      strict-transport-security:
      - max-age=31536000; includeSubDomains
      x-content-type-options:
      - nosniff
      x-ms-arm-service-request-id:
      - 5484ed4b-0688-4b43-84c4-129bb0e9b215
      x-ms-ratelimit-remaining-subscription-writes:
      - '1199'
    status:
      code: 201
      message: ''
- request:
    body: null
    headers:
      Accept:
      - '*/*'
      Accept-Encoding:
      - gzip, deflate
      CommandName:
      - network vnet create
      Connection:
      - keep-alive
      ParameterSetName:
      - --name --resource-group --address-prefix --subnet-name --subnet-prefix --tags
      User-Agent:
      - AZURECLI/2.46.0 (AAZ) azsdk-python-core/1.24.0 Python/3.10.10 (Linux-5.15.0-1034-azure-x86_64-with-glibc2.31)
        VSTS_7b238909-6802-4b65-b90d-184bca47f458_build_261_0
    method: GET
    uri: https://management.azure.com/subscriptions/00000000-0000-0000-0000-000000000000/providers/Microsoft.Network/locations/eastus/operations/db556f56-ac94-4e2b-8d50-dd5fb327c6d7?api-version=2022-01-01
  response:
    body:
      string: "{\r\n  \"status\": \"Succeeded\"\r\n}"
    headers:
      cache-control:
      - no-cache
      content-length:
      - '29'
      content-type:
      - application/json; charset=utf-8
      date:
      - Wed, 29 Mar 2023 00:42:37 GMT
      expires:
      - '-1'
      pragma:
      - no-cache
      server:
      - Microsoft-HTTPAPI/2.0
      - Microsoft-HTTPAPI/2.0
      strict-transport-security:
      - max-age=31536000; includeSubDomains
      transfer-encoding:
      - chunked
      vary:
      - Accept-Encoding
      x-content-type-options:
      - nosniff
      x-ms-arm-service-request-id:
      - f3a56946-12f1-4a6a-90e9-419ae8c64045
    status:
      code: 200
      message: ''
- request:
    body: null
    headers:
      Accept:
      - '*/*'
      Accept-Encoding:
      - gzip, deflate
      CommandName:
      - network vnet create
      Connection:
      - keep-alive
      ParameterSetName:
      - --name --resource-group --address-prefix --subnet-name --subnet-prefix --tags
      User-Agent:
      - AZURECLI/2.46.0 (AAZ) azsdk-python-core/1.24.0 Python/3.10.10 (Linux-5.15.0-1034-azure-x86_64-with-glibc2.31)
        VSTS_7b238909-6802-4b65-b90d-184bca47f458_build_261_0
    method: GET
    uri: https://management.azure.com/subscriptions/00000000-0000-0000-0000-000000000000/resourceGroups/cli_test_hardware_security_modules_v2000001/providers/Microsoft.Network/virtualNetworks/testvnet2?api-version=2022-01-01
  response:
    body:
      string: "{\r\n  \"name\": \"testvnet2\",\r\n  \"id\": \"/subscriptions/00000000-0000-0000-0000-000000000000/resourceGroups/cli_test_hardware_security_modules_v2000001/providers/Microsoft.Network/virtualNetworks/testvnet2\",\r\n
        \ \"etag\": \"W/\\\"36355945-d2de-4aa7-890a-b42f83fb2a17\\\"\",\r\n  \"type\":
        \"Microsoft.Network/virtualNetworks\",\r\n  \"location\": \"eastus\",\r\n
        \ \"tags\": {\r\n    \"fastpathenabled\": \"true\"\r\n  },\r\n  \"properties\":
        {\r\n    \"provisioningState\": \"Succeeded\",\r\n    \"resourceGuid\": \"473a3bef-633a-47ea-a24a-a2c65d69a3a1\",\r\n
        \   \"addressSpace\": {\r\n      \"addressPrefixes\": [\r\n        \"10.4.0.0/16\"\r\n
        \     ]\r\n    },\r\n    \"subnets\": [\r\n      {\r\n        \"name\": \"compute2\",\r\n
        \       \"id\": \"/subscriptions/00000000-0000-0000-0000-000000000000/resourceGroups/cli_test_hardware_security_modules_v2000001/providers/Microsoft.Network/virtualNetworks/testvnet2/subnets/compute2\",\r\n
        \       \"etag\": \"W/\\\"36355945-d2de-4aa7-890a-b42f83fb2a17\\\"\",\r\n
        \       \"properties\": {\r\n          \"provisioningState\": \"Succeeded\",\r\n
        \         \"addressPrefix\": \"10.4.0.0/24\",\r\n          \"delegations\":
        [],\r\n          \"privateEndpointNetworkPolicies\": \"Disabled\",\r\n          \"privateLinkServiceNetworkPolicies\":
        \"Enabled\"\r\n        },\r\n        \"type\": \"Microsoft.Network/virtualNetworks/subnets\"\r\n
        \     }\r\n    ],\r\n    \"virtualNetworkPeerings\": [],\r\n    \"enableDdosProtection\":
        false\r\n  }\r\n}"
    headers:
      cache-control:
      - no-cache
      content-length:
      - '1337'
      content-type:
      - application/json; charset=utf-8
      date:
      - Wed, 29 Mar 2023 00:42:37 GMT
      etag:
      - W/"36355945-d2de-4aa7-890a-b42f83fb2a17"
      expires:
      - '-1'
      pragma:
      - no-cache
      server:
      - Microsoft-HTTPAPI/2.0
      - Microsoft-HTTPAPI/2.0
      strict-transport-security:
      - max-age=31536000; includeSubDomains
      transfer-encoding:
      - chunked
      vary:
      - Accept-Encoding
      x-content-type-options:
      - nosniff
      x-ms-arm-service-request-id:
      - fce3cb43-3d3a-47ad-95b0-a65bc35ce386
    status:
      code: 200
      message: ''
- request:
    body: '{"name": "hsmsubnet", "properties": {"addressPrefix": "10.3.1.0/24", "delegations":
      [{"name": "0", "properties": {"serviceName": "Microsoft.HardwareSecurityModules/dedicatedHSMs"}}]}}'
    headers:
      Accept:
      - application/json
      Accept-Encoding:
      - gzip, deflate
      CommandName:
      - network vnet subnet create
      Connection:
      - keep-alive
      Content-Length:
      - '183'
      Content-Type:
      - application/json
      ParameterSetName:
      - --vnet-name --resource-group --name --address-prefixes --delegations
      User-Agent:
      - AZURECLI/2.46.0 (AAZ) azsdk-python-core/1.24.0 Python/3.10.10 (Linux-5.15.0-1034-azure-x86_64-with-glibc2.31)
        VSTS_7b238909-6802-4b65-b90d-184bca47f458_build_261_0
    method: PUT
    uri: https://management.azure.com/subscriptions/00000000-0000-0000-0000-000000000000/resourceGroups/cli_test_hardware_security_modules_v2000001/providers/Microsoft.Network/virtualNetworks/testvnet1/subnets/hsmsubnet?api-version=2022-01-01
  response:
    body:
      string: "{\r\n  \"name\": \"hsmsubnet\",\r\n  \"id\": \"/subscriptions/00000000-0000-0000-0000-000000000000/resourceGroups/cli_test_hardware_security_modules_v2000001/providers/Microsoft.Network/virtualNetworks/testvnet1/subnets/hsmsubnet\",\r\n
        \ \"etag\": \"W/\\\"68616d4a-a468-4005-aabd-ff7fe58669fe\\\"\",\r\n  \"properties\":
        {\r\n    \"provisioningState\": \"Updating\",\r\n    \"addressPrefix\": \"10.3.1.0/24\",\r\n
        \   \"delegations\": [\r\n      {\r\n        \"name\": \"0\",\r\n        \"id\":
        \"/subscriptions/00000000-0000-0000-0000-000000000000/resourceGroups/cli_test_hardware_security_modules_v2000001/providers/Microsoft.Network/virtualNetworks/testvnet1/subnets/hsmsubnet/delegations/0\",\r\n
        \       \"etag\": \"W/\\\"68616d4a-a468-4005-aabd-ff7fe58669fe\\\"\",\r\n
        \       \"properties\": {\r\n          \"provisioningState\": \"Succeeded\",\r\n
        \         \"serviceName\": \"Microsoft.HardwareSecurityModules/dedicatedHSMs\",\r\n
        \         \"actions\": [\r\n            \"Microsoft.Network/networkinterfaces/*\",\r\n
        \           \"Microsoft.Network/virtualNetworks/subnets/join/action\"\r\n
        \         ]\r\n        },\r\n        \"type\": \"Microsoft.Network/virtualNetworks/subnets/delegations\"\r\n
        \     }\r\n    ],\r\n    \"purpose\": \"HostedWorkloads\",\r\n    \"privateEndpointNetworkPolicies\":
        \"Disabled\",\r\n    \"privateLinkServiceNetworkPolicies\": \"Enabled\"\r\n
        \ },\r\n  \"type\": \"Microsoft.Network/virtualNetworks/subnets\"\r\n}"
    headers:
      azure-asyncnotification:
      - Enabled
      azure-asyncoperation:
      - https://management.azure.com/subscriptions/00000000-0000-0000-0000-000000000000/providers/Microsoft.Network/locations/eastus/operations/d107c771-d229-4c11-aeae-9c018e852c29?api-version=2022-01-01
      cache-control:
      - no-cache
      content-length:
      - '1313'
      content-type:
      - application/json; charset=utf-8
      date:
      - Wed, 29 Mar 2023 00:42:38 GMT
      expires:
      - '-1'
      pragma:
      - no-cache
      server:
      - Microsoft-HTTPAPI/2.0
      - Microsoft-HTTPAPI/2.0
      strict-transport-security:
      - max-age=31536000; includeSubDomains
      x-content-type-options:
      - nosniff
      x-ms-arm-service-request-id:
      - 9a14bd99-5096-4e3f-b9dc-3e1e520eb6f7
      x-ms-ratelimit-remaining-subscription-writes:
      - '1199'
    status:
      code: 201
      message: ''
- request:
    body: null
    headers:
      Accept:
      - '*/*'
      Accept-Encoding:
      - gzip, deflate
      CommandName:
      - network vnet subnet create
      Connection:
      - keep-alive
      ParameterSetName:
      - --vnet-name --resource-group --name --address-prefixes --delegations
      User-Agent:
      - AZURECLI/2.46.0 (AAZ) azsdk-python-core/1.24.0 Python/3.10.10 (Linux-5.15.0-1034-azure-x86_64-with-glibc2.31)
        VSTS_7b238909-6802-4b65-b90d-184bca47f458_build_261_0
    method: GET
    uri: https://management.azure.com/subscriptions/00000000-0000-0000-0000-000000000000/providers/Microsoft.Network/locations/eastus/operations/d107c771-d229-4c11-aeae-9c018e852c29?api-version=2022-01-01
  response:
    body:
      string: "{\r\n  \"status\": \"Succeeded\"\r\n}"
    headers:
      cache-control:
      - no-cache
      content-length:
      - '29'
      content-type:
      - application/json; charset=utf-8
      date:
      - Wed, 29 Mar 2023 00:42:42 GMT
      expires:
      - '-1'
      pragma:
      - no-cache
      server:
      - Microsoft-HTTPAPI/2.0
      - Microsoft-HTTPAPI/2.0
      strict-transport-security:
      - max-age=31536000; includeSubDomains
      transfer-encoding:
      - chunked
      vary:
      - Accept-Encoding
      x-content-type-options:
      - nosniff
      x-ms-arm-service-request-id:
      - a0c6acd4-9284-43b8-b828-0001aeb85f69
    status:
      code: 200
      message: ''
- request:
    body: null
    headers:
      Accept:
      - '*/*'
      Accept-Encoding:
      - gzip, deflate
      CommandName:
      - network vnet subnet create
      Connection:
      - keep-alive
      ParameterSetName:
      - --vnet-name --resource-group --name --address-prefixes --delegations
      User-Agent:
      - AZURECLI/2.46.0 (AAZ) azsdk-python-core/1.24.0 Python/3.10.10 (Linux-5.15.0-1034-azure-x86_64-with-glibc2.31)
        VSTS_7b238909-6802-4b65-b90d-184bca47f458_build_261_0
    method: GET
    uri: https://management.azure.com/subscriptions/00000000-0000-0000-0000-000000000000/resourceGroups/cli_test_hardware_security_modules_v2000001/providers/Microsoft.Network/virtualNetworks/testvnet1/subnets/hsmsubnet?api-version=2022-01-01
  response:
    body:
      string: "{\r\n  \"name\": \"hsmsubnet\",\r\n  \"id\": \"/subscriptions/00000000-0000-0000-0000-000000000000/resourceGroups/cli_test_hardware_security_modules_v2000001/providers/Microsoft.Network/virtualNetworks/testvnet1/subnets/hsmsubnet\",\r\n
        \ \"etag\": \"W/\\\"f071eda1-12b3-49c9-a305-f3a2264e752a\\\"\",\r\n  \"properties\":
        {\r\n    \"provisioningState\": \"Succeeded\",\r\n    \"addressPrefix\": \"10.3.1.0/24\",\r\n
        \   \"delegations\": [\r\n      {\r\n        \"name\": \"0\",\r\n        \"id\":
        \"/subscriptions/00000000-0000-0000-0000-000000000000/resourceGroups/cli_test_hardware_security_modules_v2000001/providers/Microsoft.Network/virtualNetworks/testvnet1/subnets/hsmsubnet/delegations/0\",\r\n
        \       \"etag\": \"W/\\\"f071eda1-12b3-49c9-a305-f3a2264e752a\\\"\",\r\n
        \       \"properties\": {\r\n          \"provisioningState\": \"Succeeded\",\r\n
        \         \"serviceName\": \"Microsoft.HardwareSecurityModules/dedicatedHSMs\",\r\n
        \         \"actions\": [\r\n            \"Microsoft.Network/networkinterfaces/*\",\r\n
        \           \"Microsoft.Network/virtualNetworks/subnets/join/action\"\r\n
        \         ]\r\n        },\r\n        \"type\": \"Microsoft.Network/virtualNetworks/subnets/delegations\"\r\n
        \     }\r\n    ],\r\n    \"purpose\": \"HostedWorkloads\",\r\n    \"privateEndpointNetworkPolicies\":
        \"Disabled\",\r\n    \"privateLinkServiceNetworkPolicies\": \"Enabled\"\r\n
        \ },\r\n  \"type\": \"Microsoft.Network/virtualNetworks/subnets\"\r\n}"
    headers:
      cache-control:
      - no-cache
      content-length:
      - '1314'
      content-type:
      - application/json; charset=utf-8
      date:
      - Wed, 29 Mar 2023 00:42:42 GMT
      etag:
      - W/"f071eda1-12b3-49c9-a305-f3a2264e752a"
      expires:
      - '-1'
      pragma:
      - no-cache
      server:
      - Microsoft-HTTPAPI/2.0
      - Microsoft-HTTPAPI/2.0
      strict-transport-security:
      - max-age=31536000; includeSubDomains
      transfer-encoding:
      - chunked
      vary:
      - Accept-Encoding
      x-content-type-options:
      - nosniff
      x-ms-arm-service-request-id:
      - 547cb638-6fcc-494f-9b59-250bd8c5f2be
    status:
      code: 200
      message: ''
- request:
    body: '{"name": "hsmsubnet2", "properties": {"addressPrefix": "10.4.1.0/24", "delegations":
      [{"name": "0", "properties": {"serviceName": "Microsoft.HardwareSecurityModules/dedicatedHSMs"}}]}}'
    headers:
      Accept:
      - application/json
      Accept-Encoding:
      - gzip, deflate
      CommandName:
      - network vnet subnet create
      Connection:
      - keep-alive
      Content-Length:
      - '184'
      Content-Type:
      - application/json
      ParameterSetName:
      - --vnet-name --resource-group --name --address-prefixes --delegations
      User-Agent:
      - AZURECLI/2.46.0 (AAZ) azsdk-python-core/1.24.0 Python/3.10.10 (Linux-5.15.0-1034-azure-x86_64-with-glibc2.31)
        VSTS_7b238909-6802-4b65-b90d-184bca47f458_build_261_0
    method: PUT
    uri: https://management.azure.com/subscriptions/00000000-0000-0000-0000-000000000000/resourceGroups/cli_test_hardware_security_modules_v2000001/providers/Microsoft.Network/virtualNetworks/testvnet2/subnets/hsmsubnet2?api-version=2022-01-01
  response:
    body:
      string: "{\r\n  \"name\": \"hsmsubnet2\",\r\n  \"id\": \"/subscriptions/00000000-0000-0000-0000-000000000000/resourceGroups/cli_test_hardware_security_modules_v2000001/providers/Microsoft.Network/virtualNetworks/testvnet2/subnets/hsmsubnet2\",\r\n
        \ \"etag\": \"W/\\\"23c0148d-0dc6-4dad-bc91-baf4a8772aa7\\\"\",\r\n  \"properties\":
        {\r\n    \"provisioningState\": \"Updating\",\r\n    \"addressPrefix\": \"10.4.1.0/24\",\r\n
        \   \"delegations\": [\r\n      {\r\n        \"name\": \"0\",\r\n        \"id\":
        \"/subscriptions/00000000-0000-0000-0000-000000000000/resourceGroups/cli_test_hardware_security_modules_v2000001/providers/Microsoft.Network/virtualNetworks/testvnet2/subnets/hsmsubnet2/delegations/0\",\r\n
        \       \"etag\": \"W/\\\"23c0148d-0dc6-4dad-bc91-baf4a8772aa7\\\"\",\r\n
        \       \"properties\": {\r\n          \"provisioningState\": \"Succeeded\",\r\n
        \         \"serviceName\": \"Microsoft.HardwareSecurityModules/dedicatedHSMs\",\r\n
        \         \"actions\": [\r\n            \"Microsoft.Network/networkinterfaces/*\",\r\n
        \           \"Microsoft.Network/virtualNetworks/subnets/join/action\"\r\n
        \         ]\r\n        },\r\n        \"type\": \"Microsoft.Network/virtualNetworks/subnets/delegations\"\r\n
        \     }\r\n    ],\r\n    \"purpose\": \"HostedWorkloads\",\r\n    \"privateEndpointNetworkPolicies\":
        \"Disabled\",\r\n    \"privateLinkServiceNetworkPolicies\": \"Enabled\"\r\n
        \ },\r\n  \"type\": \"Microsoft.Network/virtualNetworks/subnets\"\r\n}"
    headers:
      azure-asyncnotification:
      - Enabled
      azure-asyncoperation:
      - https://management.azure.com/subscriptions/00000000-0000-0000-0000-000000000000/providers/Microsoft.Network/locations/eastus/operations/ce855986-d3a9-4a35-872d-550a2fe37af6?api-version=2022-01-01
      cache-control:
      - no-cache
      content-length:
      - '1316'
      content-type:
      - application/json; charset=utf-8
      date:
      - Wed, 29 Mar 2023 00:42:43 GMT
      expires:
      - '-1'
      pragma:
      - no-cache
      server:
      - Microsoft-HTTPAPI/2.0
      - Microsoft-HTTPAPI/2.0
      strict-transport-security:
      - max-age=31536000; includeSubDomains
      x-content-type-options:
      - nosniff
      x-ms-arm-service-request-id:
      - 3c5755f1-16d7-4e1a-90eb-d5fc6139f16e
      x-ms-ratelimit-remaining-subscription-writes:
      - '1199'
    status:
      code: 201
      message: ''
- request:
    body: null
    headers:
      Accept:
      - '*/*'
      Accept-Encoding:
      - gzip, deflate
      CommandName:
      - network vnet subnet create
      Connection:
      - keep-alive
      ParameterSetName:
      - --vnet-name --resource-group --name --address-prefixes --delegations
      User-Agent:
      - AZURECLI/2.46.0 (AAZ) azsdk-python-core/1.24.0 Python/3.10.10 (Linux-5.15.0-1034-azure-x86_64-with-glibc2.31)
        VSTS_7b238909-6802-4b65-b90d-184bca47f458_build_261_0
    method: GET
    uri: https://management.azure.com/subscriptions/00000000-0000-0000-0000-000000000000/providers/Microsoft.Network/locations/eastus/operations/ce855986-d3a9-4a35-872d-550a2fe37af6?api-version=2022-01-01
  response:
    body:
      string: "{\r\n  \"status\": \"Succeeded\"\r\n}"
    headers:
      cache-control:
      - no-cache
      content-length:
      - '29'
      content-type:
      - application/json; charset=utf-8
      date:
      - Wed, 29 Mar 2023 00:42:46 GMT
      expires:
      - '-1'
      pragma:
      - no-cache
      server:
      - Microsoft-HTTPAPI/2.0
      - Microsoft-HTTPAPI/2.0
      strict-transport-security:
      - max-age=31536000; includeSubDomains
      transfer-encoding:
      - chunked
      vary:
      - Accept-Encoding
      x-content-type-options:
      - nosniff
      x-ms-arm-service-request-id:
      - 4c87262d-1bed-4d71-b1ae-6c93f4fd151b
    status:
      code: 200
      message: ''
- request:
    body: null
    headers:
      Accept:
      - '*/*'
      Accept-Encoding:
      - gzip, deflate
      CommandName:
      - network vnet subnet create
      Connection:
      - keep-alive
      ParameterSetName:
      - --vnet-name --resource-group --name --address-prefixes --delegations
      User-Agent:
      - AZURECLI/2.46.0 (AAZ) azsdk-python-core/1.24.0 Python/3.10.10 (Linux-5.15.0-1034-azure-x86_64-with-glibc2.31)
        VSTS_7b238909-6802-4b65-b90d-184bca47f458_build_261_0
    method: GET
    uri: https://management.azure.com/subscriptions/00000000-0000-0000-0000-000000000000/resourceGroups/cli_test_hardware_security_modules_v2000001/providers/Microsoft.Network/virtualNetworks/testvnet2/subnets/hsmsubnet2?api-version=2022-01-01
  response:
    body:
      string: "{\r\n  \"name\": \"hsmsubnet2\",\r\n  \"id\": \"/subscriptions/00000000-0000-0000-0000-000000000000/resourceGroups/cli_test_hardware_security_modules_v2000001/providers/Microsoft.Network/virtualNetworks/testvnet2/subnets/hsmsubnet2\",\r\n
        \ \"etag\": \"W/\\\"58fd47e2-ce2c-4e32-859a-e12419124559\\\"\",\r\n  \"properties\":
        {\r\n    \"provisioningState\": \"Succeeded\",\r\n    \"addressPrefix\": \"10.4.1.0/24\",\r\n
        \   \"delegations\": [\r\n      {\r\n        \"name\": \"0\",\r\n        \"id\":
        \"/subscriptions/00000000-0000-0000-0000-000000000000/resourceGroups/cli_test_hardware_security_modules_v2000001/providers/Microsoft.Network/virtualNetworks/testvnet2/subnets/hsmsubnet2/delegations/0\",\r\n
        \       \"etag\": \"W/\\\"58fd47e2-ce2c-4e32-859a-e12419124559\\\"\",\r\n
        \       \"properties\": {\r\n          \"provisioningState\": \"Succeeded\",\r\n
        \         \"serviceName\": \"Microsoft.HardwareSecurityModules/dedicatedHSMs\",\r\n
        \         \"actions\": [\r\n            \"Microsoft.Network/networkinterfaces/*\",\r\n
        \           \"Microsoft.Network/virtualNetworks/subnets/join/action\"\r\n
        \         ]\r\n        },\r\n        \"type\": \"Microsoft.Network/virtualNetworks/subnets/delegations\"\r\n
        \     }\r\n    ],\r\n    \"purpose\": \"HostedWorkloads\",\r\n    \"privateEndpointNetworkPolicies\":
        \"Disabled\",\r\n    \"privateLinkServiceNetworkPolicies\": \"Enabled\"\r\n
        \ },\r\n  \"type\": \"Microsoft.Network/virtualNetworks/subnets\"\r\n}"
    headers:
      cache-control:
      - no-cache
      content-length:
      - '1317'
      content-type:
      - application/json; charset=utf-8
      date:
      - Wed, 29 Mar 2023 00:42:46 GMT
      etag:
      - W/"58fd47e2-ce2c-4e32-859a-e12419124559"
      expires:
      - '-1'
      pragma:
      - no-cache
      server:
      - Microsoft-HTTPAPI/2.0
      - Microsoft-HTTPAPI/2.0
      strict-transport-security:
      - max-age=31536000; includeSubDomains
      transfer-encoding:
      - chunked
      vary:
      - Accept-Encoding
      x-content-type-options:
      - nosniff
      x-ms-arm-service-request-id:
      - 3d31e1ee-d218-48dd-a8d7-4e752cc6da0d
    status:
      code: 200
      message: ''
- request:
    body: '{"name": "GatewaySubnet", "properties": {"addressPrefix": "10.3.255.0/26"}}'
    headers:
      Accept:
      - application/json
      Accept-Encoding:
      - gzip, deflate
      CommandName:
      - network vnet subnet create
      Connection:
      - keep-alive
      Content-Length:
      - '75'
      Content-Type:
      - application/json
      ParameterSetName:
      - --vnet-name --resource-group --name --address-prefixes
      User-Agent:
      - AZURECLI/2.46.0 (AAZ) azsdk-python-core/1.24.0 Python/3.10.10 (Linux-5.15.0-1034-azure-x86_64-with-glibc2.31)
        VSTS_7b238909-6802-4b65-b90d-184bca47f458_build_261_0
    method: PUT
    uri: https://management.azure.com/subscriptions/00000000-0000-0000-0000-000000000000/resourceGroups/cli_test_hardware_security_modules_v2000001/providers/Microsoft.Network/virtualNetworks/testvnet1/subnets/GatewaySubnet?api-version=2022-01-01
  response:
    body:
      string: "{\r\n  \"name\": \"GatewaySubnet\",\r\n  \"id\": \"/subscriptions/00000000-0000-0000-0000-000000000000/resourceGroups/cli_test_hardware_security_modules_v2000001/providers/Microsoft.Network/virtualNetworks/testvnet1/subnets/GatewaySubnet\",\r\n
        \ \"etag\": \"W/\\\"6d13642f-403a-43b7-aa96-26d177642d95\\\"\",\r\n  \"properties\":
        {\r\n    \"provisioningState\": \"Updating\",\r\n    \"addressPrefix\": \"10.3.255.0/26\",\r\n
        \   \"delegations\": [],\r\n    \"privateEndpointNetworkPolicies\": \"Disabled\",\r\n
        \   \"privateLinkServiceNetworkPolicies\": \"Enabled\"\r\n  },\r\n  \"type\":
        \"Microsoft.Network/virtualNetworks/subnets\"\r\n}"
    headers:
      azure-asyncnotification:
      - Enabled
      azure-asyncoperation:
      - https://management.azure.com/subscriptions/00000000-0000-0000-0000-000000000000/providers/Microsoft.Network/locations/eastus/operations/6f3ca0f3-d4d6-4679-9a99-6a39ad9eee38?api-version=2022-01-01
      cache-control:
      - no-cache
      content-length:
      - '572'
      content-type:
      - application/json; charset=utf-8
      date:
      - Wed, 29 Mar 2023 00:42:47 GMT
      expires:
      - '-1'
      pragma:
      - no-cache
      server:
      - Microsoft-HTTPAPI/2.0
      - Microsoft-HTTPAPI/2.0
      strict-transport-security:
      - max-age=31536000; includeSubDomains
      x-content-type-options:
      - nosniff
      x-ms-arm-service-request-id:
      - 5d13af94-11d5-4d42-a016-dffe90da86f8
      x-ms-ratelimit-remaining-subscription-writes:
      - '1199'
    status:
      code: 201
      message: ''
- request:
    body: null
    headers:
      Accept:
      - '*/*'
      Accept-Encoding:
      - gzip, deflate
      CommandName:
      - network vnet subnet create
      Connection:
      - keep-alive
      ParameterSetName:
      - --vnet-name --resource-group --name --address-prefixes
      User-Agent:
      - AZURECLI/2.46.0 (AAZ) azsdk-python-core/1.24.0 Python/3.10.10 (Linux-5.15.0-1034-azure-x86_64-with-glibc2.31)
        VSTS_7b238909-6802-4b65-b90d-184bca47f458_build_261_0
    method: GET
    uri: https://management.azure.com/subscriptions/00000000-0000-0000-0000-000000000000/providers/Microsoft.Network/locations/eastus/operations/6f3ca0f3-d4d6-4679-9a99-6a39ad9eee38?api-version=2022-01-01
  response:
    body:
      string: "{\r\n  \"status\": \"Succeeded\"\r\n}"
    headers:
      cache-control:
      - no-cache
      content-length:
      - '29'
      content-type:
      - application/json; charset=utf-8
      date:
      - Wed, 29 Mar 2023 00:42:51 GMT
      expires:
      - '-1'
      pragma:
      - no-cache
      server:
      - Microsoft-HTTPAPI/2.0
      - Microsoft-HTTPAPI/2.0
      strict-transport-security:
      - max-age=31536000; includeSubDomains
      transfer-encoding:
      - chunked
      vary:
      - Accept-Encoding
      x-content-type-options:
      - nosniff
      x-ms-arm-service-request-id:
      - d61228d1-bc28-4012-baf9-aa04dc2a0dd4
    status:
      code: 200
      message: ''
- request:
    body: null
    headers:
      Accept:
      - '*/*'
      Accept-Encoding:
      - gzip, deflate
      CommandName:
      - network vnet subnet create
      Connection:
      - keep-alive
      ParameterSetName:
      - --vnet-name --resource-group --name --address-prefixes
      User-Agent:
      - AZURECLI/2.46.0 (AAZ) azsdk-python-core/1.24.0 Python/3.10.10 (Linux-5.15.0-1034-azure-x86_64-with-glibc2.31)
        VSTS_7b238909-6802-4b65-b90d-184bca47f458_build_261_0
    method: GET
    uri: https://management.azure.com/subscriptions/00000000-0000-0000-0000-000000000000/resourceGroups/cli_test_hardware_security_modules_v2000001/providers/Microsoft.Network/virtualNetworks/testvnet1/subnets/GatewaySubnet?api-version=2022-01-01
  response:
    body:
      string: "{\r\n  \"name\": \"GatewaySubnet\",\r\n  \"id\": \"/subscriptions/00000000-0000-0000-0000-000000000000/resourceGroups/cli_test_hardware_security_modules_v2000001/providers/Microsoft.Network/virtualNetworks/testvnet1/subnets/GatewaySubnet\",\r\n
        \ \"etag\": \"W/\\\"cd7964dc-71d8-441a-9fee-65ebca8139cb\\\"\",\r\n  \"properties\":
        {\r\n    \"provisioningState\": \"Succeeded\",\r\n    \"addressPrefix\": \"10.3.255.0/26\",\r\n
        \   \"delegations\": [],\r\n    \"privateEndpointNetworkPolicies\": \"Disabled\",\r\n
        \   \"privateLinkServiceNetworkPolicies\": \"Enabled\"\r\n  },\r\n  \"type\":
        \"Microsoft.Network/virtualNetworks/subnets\"\r\n}"
    headers:
      cache-control:
      - no-cache
      content-length:
      - '573'
      content-type:
      - application/json; charset=utf-8
      date:
      - Wed, 29 Mar 2023 00:42:51 GMT
      etag:
      - W/"cd7964dc-71d8-441a-9fee-65ebca8139cb"
      expires:
      - '-1'
      pragma:
      - no-cache
      server:
      - Microsoft-HTTPAPI/2.0
      - Microsoft-HTTPAPI/2.0
      strict-transport-security:
      - max-age=31536000; includeSubDomains
      transfer-encoding:
      - chunked
      vary:
      - Accept-Encoding
      x-content-type-options:
      - nosniff
      x-ms-arm-service-request-id:
      - 219b594c-e5fb-4a20-9d7e-9e2b545396fc
    status:
      code: 200
      message: ''
- request:
    body: null
    headers:
      Accept:
      - application/json
      Accept-Encoding:
      - gzip, deflate
      CommandName:
      - network public-ip create
      Connection:
      - keep-alive
      ParameterSetName:
      - --name --resource-group
      User-Agent:
      - AZURECLI/2.46.0 azsdk-python-azure-mgmt-resource/22.0.0 Python/3.10.10 (Linux-5.15.0-1034-azure-x86_64-with-glibc2.31)
        VSTS_7b238909-6802-4b65-b90d-184bca47f458_build_261_0
    method: GET
    uri: https://management.azure.com/subscriptions/00000000-0000-0000-0000-000000000000/resourcegroups/cli_test_hardware_security_modules_v2000001?api-version=2022-09-01
  response:
    body:
      string: '{"id":"/subscriptions/00000000-0000-0000-0000-000000000000/resourceGroups/cli_test_hardware_security_modules_v2000001","name":"cli_test_hardware_security_modules_v2000001","type":"Microsoft.Resources/resourceGroups","location":"eastus","tags":{"product":"azurecli","cause":"automation","date":"2023-03-29T00:42:27Z","StorageType":"Standard_LRS","type":"test"},"properties":{"provisioningState":"Succeeded"}}'
    headers:
      cache-control:
      - no-cache
      content-length:
      - '407'
      content-type:
      - application/json; charset=utf-8
      date:
      - Wed, 29 Mar 2023 00:42:50 GMT
      expires:
      - '-1'
      pragma:
      - no-cache
      strict-transport-security:
      - max-age=31536000; includeSubDomains
      vary:
      - Accept-Encoding
      x-content-type-options:
      - nosniff
    status:
      code: 200
      message: OK
- request:
    body: '{"location": "eastus", "properties": {"idleTimeoutInMinutes": 4, "publicIPAllocationMethod":
      "Dynamic"}}'
    headers:
      Accept:
      - application/json
      Accept-Encoding:
      - gzip, deflate
      CommandName:
      - network public-ip create
      Connection:
      - keep-alive
      Content-Length:
      - '104'
      Content-Type:
      - application/json
      ParameterSetName:
      - --name --resource-group
      User-Agent:
      - AZURECLI/2.46.0 (AAZ) azsdk-python-core/1.24.0 Python/3.10.10 (Linux-5.15.0-1034-azure-x86_64-with-glibc2.31)
        VSTS_7b238909-6802-4b65-b90d-184bca47f458_build_261_0
    method: PUT
    uri: https://management.azure.com/subscriptions/00000000-0000-0000-0000-000000000000/resourceGroups/cli_test_hardware_security_modules_v2000001/providers/Microsoft.Network/publicIPAddresses/testpublicIp?api-version=2022-05-01
  response:
    body:
      string: "{\r\n  \"name\": \"testpublicIp\",\r\n  \"id\": \"/subscriptions/00000000-0000-0000-0000-000000000000/resourceGroups/cli_test_hardware_security_modules_v2000001/providers/Microsoft.Network/publicIPAddresses/testpublicIp\",\r\n
        \ \"etag\": \"W/\\\"0be39215-54e1-4834-b956-c57ec785a82b\\\"\",\r\n  \"location\":
        \"eastus\",\r\n  \"properties\": {\r\n    \"provisioningState\": \"Updating\",\r\n
        \   \"resourceGuid\": \"b7aeff33-e665-4bfb-8c07-43f796867d72\",\r\n    \"publicIPAddressVersion\":
        \"IPv4\",\r\n    \"publicIPAllocationMethod\": \"Dynamic\",\r\n    \"idleTimeoutInMinutes\":
        4,\r\n    \"ipTags\": []\r\n  },\r\n  \"type\": \"Microsoft.Network/publicIPAddresses\",\r\n
        \ \"sku\": {\r\n    \"name\": \"Basic\",\r\n    \"tier\": \"Regional\"\r\n
        \ }\r\n}"
    headers:
      azure-asyncnotification:
      - Enabled
      azure-asyncoperation:
      - https://management.azure.com/subscriptions/00000000-0000-0000-0000-000000000000/providers/Microsoft.Network/locations/eastus/operations/198f3a30-adfa-402d-9c66-c66d99653e7c?api-version=2022-05-01
      cache-control:
      - no-cache
      content-length:
      - '665'
      content-type:
      - application/json; charset=utf-8
      date:
      - Wed, 29 Mar 2023 00:42:52 GMT
      expires:
      - '-1'
      pragma:
      - no-cache
      server:
      - Microsoft-HTTPAPI/2.0
      - Microsoft-HTTPAPI/2.0
      strict-transport-security:
      - max-age=31536000; includeSubDomains
      x-content-type-options:
      - nosniff
      x-ms-arm-service-request-id:
      - 55fbcdff-0279-49b4-a13a-546a595ded29
      x-ms-ratelimit-remaining-subscription-writes:
      - '1199'
    status:
      code: 201
      message: ''
- request:
    body: null
    headers:
      Accept:
      - '*/*'
      Accept-Encoding:
      - gzip, deflate
      CommandName:
      - network public-ip create
      Connection:
      - keep-alive
      ParameterSetName:
      - --name --resource-group
      User-Agent:
      - AZURECLI/2.46.0 (AAZ) azsdk-python-core/1.24.0 Python/3.10.10 (Linux-5.15.0-1034-azure-x86_64-with-glibc2.31)
        VSTS_7b238909-6802-4b65-b90d-184bca47f458_build_261_0
    method: GET
    uri: https://management.azure.com/subscriptions/00000000-0000-0000-0000-000000000000/providers/Microsoft.Network/locations/eastus/operations/198f3a30-adfa-402d-9c66-c66d99653e7c?api-version=2022-05-01
  response:
    body:
      string: "{\r\n  \"status\": \"Succeeded\"\r\n}"
    headers:
      cache-control:
      - no-cache
      content-length:
      - '29'
      content-type:
      - application/json; charset=utf-8
      date:
      - Wed, 29 Mar 2023 00:42:53 GMT
      expires:
      - '-1'
      pragma:
      - no-cache
      server:
      - Microsoft-HTTPAPI/2.0
      - Microsoft-HTTPAPI/2.0
      strict-transport-security:
      - max-age=31536000; includeSubDomains
      transfer-encoding:
      - chunked
      vary:
      - Accept-Encoding
      x-content-type-options:
      - nosniff
      x-ms-arm-service-request-id:
      - 1ec203c9-3054-4ae2-a52d-cc1c46c1a753
    status:
      code: 200
      message: ''
- request:
    body: null
    headers:
      Accept:
      - '*/*'
      Accept-Encoding:
      - gzip, deflate
      CommandName:
      - network public-ip create
      Connection:
      - keep-alive
      ParameterSetName:
      - --name --resource-group
      User-Agent:
      - AZURECLI/2.46.0 (AAZ) azsdk-python-core/1.24.0 Python/3.10.10 (Linux-5.15.0-1034-azure-x86_64-with-glibc2.31)
        VSTS_7b238909-6802-4b65-b90d-184bca47f458_build_261_0
    method: GET
    uri: https://management.azure.com/subscriptions/00000000-0000-0000-0000-000000000000/resourceGroups/cli_test_hardware_security_modules_v2000001/providers/Microsoft.Network/publicIPAddresses/testpublicIp?api-version=2022-05-01
  response:
    body:
      string: "{\r\n  \"name\": \"testpublicIp\",\r\n  \"id\": \"/subscriptions/00000000-0000-0000-0000-000000000000/resourceGroups/cli_test_hardware_security_modules_v2000001/providers/Microsoft.Network/publicIPAddresses/testpublicIp\",\r\n
        \ \"etag\": \"W/\\\"fccfcceb-6f88-49bf-b0e5-6c13ab903e9d\\\"\",\r\n  \"location\":
        \"eastus\",\r\n  \"properties\": {\r\n    \"provisioningState\": \"Succeeded\",\r\n
        \   \"resourceGuid\": \"b7aeff33-e665-4bfb-8c07-43f796867d72\",\r\n    \"publicIPAddressVersion\":
        \"IPv4\",\r\n    \"publicIPAllocationMethod\": \"Dynamic\",\r\n    \"idleTimeoutInMinutes\":
        4,\r\n    \"ipTags\": []\r\n  },\r\n  \"type\": \"Microsoft.Network/publicIPAddresses\",\r\n
        \ \"sku\": {\r\n    \"name\": \"Basic\",\r\n    \"tier\": \"Regional\"\r\n
        \ }\r\n}"
    headers:
      cache-control:
      - no-cache
      content-length:
      - '666'
      content-type:
      - application/json; charset=utf-8
      date:
      - Wed, 29 Mar 2023 00:42:53 GMT
      etag:
      - W/"fccfcceb-6f88-49bf-b0e5-6c13ab903e9d"
      expires:
      - '-1'
      pragma:
      - no-cache
      server:
      - Microsoft-HTTPAPI/2.0
      - Microsoft-HTTPAPI/2.0
      strict-transport-security:
      - max-age=31536000; includeSubDomains
      transfer-encoding:
      - chunked
      vary:
      - Accept-Encoding
      x-content-type-options:
      - nosniff
      x-ms-arm-service-request-id:
      - 34eff350-01df-463c-b247-93aa3b6f7fc6
    status:
      code: 200
      message: ''
- request:
    body: '{"location": "eastus", "properties": {"activeActive": false, "gatewayType":
      "Vpn", "ipConfigurations": [{"name": "vnetGatewayConfig0", "properties": {"privateIPAllocationMethod":
      "Dynamic", "publicIPAddress": {"id": "/subscriptions/00000000-0000-0000-0000-000000000000/resourceGroups/cli_test_hardware_security_modules_v2000001/providers/Microsoft.Network/publicIPAddresses/testpublicIp"},
      "subnet": {"id": "/subscriptions/00000000-0000-0000-0000-000000000000/resourceGroups/cli_test_hardware_security_modules_v2000001/providers/Microsoft.Network/virtualNetworks/testvnet1/subnets/GatewaySubnet"}}}],
      "sku": {"name": "Standard", "tier": "Standard"}, "vpnType": "RouteBased"}}'
    headers:
      Accept:
      - application/json
      Accept-Encoding:
      - gzip, deflate
      CommandName:
      - network vnet-gateway create
      Connection:
      - keep-alive
      Content-Length:
      - '675'
      Content-Type:
      - application/json
      ParameterSetName:
      - -g -n --public-ip-address --vnet --sku --location
      User-Agent:
      - AZURECLI/2.46.0 (AAZ) azsdk-python-core/1.24.0 Python/3.10.10 (Linux-5.15.0-1034-azure-x86_64-with-glibc2.31)
        VSTS_7b238909-6802-4b65-b90d-184bca47f458_build_261_0
    method: PUT
    uri: https://management.azure.com/subscriptions/00000000-0000-0000-0000-000000000000/resourceGroups/cli_test_hardware_security_modules_v2000001/providers/Microsoft.Network/virtualNetworkGateways/testVnetGateway?api-version=2022-01-01
  response:
    body:
      string: "{\r\n  \"name\": \"testVnetGateway\",\r\n  \"id\": \"/subscriptions/00000000-0000-0000-0000-000000000000/resourceGroups/cli_test_hardware_security_modules_v2000001/providers/Microsoft.Network/virtualNetworkGateways/testVnetGateway\",\r\n
        \ \"etag\": \"W/\\\"15b74ec5-f148-4320-a871-38ee801b15df\\\"\",\r\n  \"type\":
        \"Microsoft.Network/virtualNetworkGateways\",\r\n  \"location\": \"eastus\",\r\n
        \ \"properties\": {\r\n    \"provisioningState\": \"Updating\",\r\n    \"resourceGuid\":
        \"de8b514e-85c6-487f-87da-5e92902c0e13\",\r\n    \"packetCaptureDiagnosticState\":
        \"None\",\r\n    \"enablePrivateIpAddress\": false,\r\n    \"isMigrateToCSES\":
        false,\r\n    \"ipConfigurations\": [\r\n      {\r\n        \"name\": \"vnetGatewayConfig0\",\r\n
        \       \"id\": \"/subscriptions/00000000-0000-0000-0000-000000000000/resourceGroups/cli_test_hardware_security_modules_v2000001/providers/Microsoft.Network/virtualNetworkGateways/testVnetGateway/ipConfigurations/vnetGatewayConfig0\",\r\n
        \       \"etag\": \"W/\\\"15b74ec5-f148-4320-a871-38ee801b15df\\\"\",\r\n
        \       \"type\": \"Microsoft.Network/virtualNetworkGateways/ipConfigurations\",\r\n
        \       \"properties\": {\r\n          \"provisioningState\": \"Updating\",\r\n
        \         \"privateIPAllocationMethod\": \"Dynamic\",\r\n          \"publicIPAddress\":
        {\r\n            \"id\": \"/subscriptions/00000000-0000-0000-0000-000000000000/resourceGroups/cli_test_hardware_security_modules_v2000001/providers/Microsoft.Network/publicIPAddresses/testpublicIp\"\r\n
        \         },\r\n          \"subnet\": {\r\n            \"id\": \"/subscriptions/00000000-0000-0000-0000-000000000000/resourceGroups/cli_test_hardware_security_modules_v2000001/providers/Microsoft.Network/virtualNetworks/testvnet1/subnets/GatewaySubnet\"\r\n
        \         }\r\n        }\r\n      }\r\n    ],\r\n    \"natRules\": [],\r\n
        \   \"virtualNetworkGatewayPolicyGroups\": [],\r\n    \"enableBgpRouteTranslationForNat\":
        false,\r\n    \"disableIPSecReplayProtection\": false,\r\n    \"sku\": {\r\n
        \     \"name\": \"Standard\",\r\n      \"tier\": \"Standard\",\r\n      \"capacity\":
        2\r\n    },\r\n    \"gatewayType\": \"Vpn\",\r\n    \"vpnType\": \"RouteBased\",\r\n
        \   \"enableBgp\": false,\r\n    \"activeActive\": false,\r\n    \"vpnClientConfiguration\":
        {\r\n      \"vpnClientProtocols\": [\r\n        \"OpenVPN\",\r\n        \"IkeV2\"\r\n
        \     ],\r\n      \"vpnAuthenticationTypes\": [],\r\n      \"vpnClientRootCertificates\":
        [],\r\n      \"vpnClientRevokedCertificates\": [],\r\n      \"vngClientConnectionConfigurations\":
        [],\r\n      \"radiusServers\": [],\r\n      \"vpnClientIpsecPolicies\": []\r\n
        \   },\r\n    \"bgpSettings\": {\r\n      \"asn\": 0,\r\n      \"peerWeight\":
        0,\r\n      \"bgpPeeringAddresses\": [\r\n        {\r\n          \"ipconfigurationId\":
        \"/subscriptions/00000000-0000-0000-0000-000000000000/resourceGroups/cli_test_hardware_security_modules_v2000001/providers/Microsoft.Network/virtualNetworkGateways/testVnetGateway/ipConfigurations/vnetGatewayConfig0\",\r\n
        \         \"defaultBgpIpAddresses\": [],\r\n          \"customBgpIpAddresses\":
        []\r\n        }\r\n      ]\r\n    },\r\n    \"vpnGatewayGeneration\": \"Generation1\"\r\n
        \ }\r\n}"
    headers:
      azure-asyncnotification:
      - Enabled
      azure-asyncoperation:
      - https://management.azure.com/subscriptions/00000000-0000-0000-0000-000000000000/providers/Microsoft.Network/locations/eastus/operations/4768a15d-e770-461a-9bb4-1652ac239d3b?api-version=2022-01-01
      cache-control:
      - no-cache
      content-length:
      - '2895'
      content-type:
      - application/json; charset=utf-8
      date:
      - Wed, 29 Mar 2023 00:42:55 GMT
      expires:
      - '-1'
      pragma:
      - no-cache
      server:
      - Microsoft-HTTPAPI/2.0
      - Microsoft-HTTPAPI/2.0
      strict-transport-security:
      - max-age=31536000; includeSubDomains
      x-content-type-options:
      - nosniff
      x-ms-arm-service-request-id:
      - 8290c248-7480-46a4-8b8c-b246ce4f320f
      x-ms-ratelimit-remaining-subscription-writes:
      - '1199'
    status:
      code: 201
      message: ''
- request:
    body: null
    headers:
      Accept:
      - '*/*'
      Accept-Encoding:
      - gzip, deflate
      CommandName:
      - network vnet-gateway create
      Connection:
      - keep-alive
      ParameterSetName:
      - -g -n --public-ip-address --vnet --sku --location
      User-Agent:
      - AZURECLI/2.46.0 (AAZ) azsdk-python-core/1.24.0 Python/3.10.10 (Linux-5.15.0-1034-azure-x86_64-with-glibc2.31)
        VSTS_7b238909-6802-4b65-b90d-184bca47f458_build_261_0
    method: GET
    uri: https://management.azure.com/subscriptions/00000000-0000-0000-0000-000000000000/providers/Microsoft.Network/locations/eastus/operations/4768a15d-e770-461a-9bb4-1652ac239d3b?api-version=2022-01-01
  response:
    body:
      string: "{\r\n  \"status\": \"InProgress\"\r\n}"
    headers:
      cache-control:
      - no-cache
      content-length:
      - '30'
      content-type:
      - application/json; charset=utf-8
      date:
      - Wed, 29 Mar 2023 00:43:05 GMT
      expires:
      - '-1'
      pragma:
      - no-cache
      server:
      - Microsoft-HTTPAPI/2.0
      - Microsoft-HTTPAPI/2.0
      strict-transport-security:
      - max-age=31536000; includeSubDomains
      transfer-encoding:
      - chunked
      vary:
      - Accept-Encoding
      x-content-type-options:
      - nosniff
      x-ms-arm-service-request-id:
      - 39c9b6fc-30c4-4f24-b8e0-6727ef6450de
    status:
      code: 200
      message: ''
- request:
    body: null
    headers:
      Accept:
      - '*/*'
      Accept-Encoding:
      - gzip, deflate
      CommandName:
      - network vnet-gateway create
      Connection:
      - keep-alive
      ParameterSetName:
      - -g -n --public-ip-address --vnet --sku --location
      User-Agent:
      - AZURECLI/2.46.0 (AAZ) azsdk-python-core/1.24.0 Python/3.10.10 (Linux-5.15.0-1034-azure-x86_64-with-glibc2.31)
        VSTS_7b238909-6802-4b65-b90d-184bca47f458_build_261_0
    method: GET
    uri: https://management.azure.com/subscriptions/00000000-0000-0000-0000-000000000000/providers/Microsoft.Network/locations/eastus/operations/4768a15d-e770-461a-9bb4-1652ac239d3b?api-version=2022-01-01
  response:
    body:
      string: "{\r\n  \"status\": \"InProgress\"\r\n}"
    headers:
      cache-control:
      - no-cache
      content-length:
      - '30'
      content-type:
      - application/json; charset=utf-8
      date:
      - Wed, 29 Mar 2023 00:43:15 GMT
      expires:
      - '-1'
      pragma:
      - no-cache
      server:
      - Microsoft-HTTPAPI/2.0
      - Microsoft-HTTPAPI/2.0
      strict-transport-security:
      - max-age=31536000; includeSubDomains
      transfer-encoding:
      - chunked
      vary:
      - Accept-Encoding
      x-content-type-options:
      - nosniff
      x-ms-arm-service-request-id:
      - ae90ab3f-b9e2-4c83-9b1a-f410755117f1
    status:
      code: 200
      message: ''
- request:
    body: null
    headers:
      Accept:
      - '*/*'
      Accept-Encoding:
      - gzip, deflate
      CommandName:
      - network vnet-gateway create
      Connection:
      - keep-alive
      ParameterSetName:
      - -g -n --public-ip-address --vnet --sku --location
      User-Agent:
      - AZURECLI/2.46.0 (AAZ) azsdk-python-core/1.24.0 Python/3.10.10 (Linux-5.15.0-1034-azure-x86_64-with-glibc2.31)
        VSTS_7b238909-6802-4b65-b90d-184bca47f458_build_261_0
    method: GET
    uri: https://management.azure.com/subscriptions/00000000-0000-0000-0000-000000000000/providers/Microsoft.Network/locations/eastus/operations/4768a15d-e770-461a-9bb4-1652ac239d3b?api-version=2022-01-01
  response:
    body:
      string: "{\r\n  \"status\": \"InProgress\"\r\n}"
    headers:
      cache-control:
      - no-cache
      content-length:
      - '30'
      content-type:
      - application/json; charset=utf-8
      date:
      - Wed, 29 Mar 2023 00:43:35 GMT
      expires:
      - '-1'
      pragma:
      - no-cache
      server:
      - Microsoft-HTTPAPI/2.0
      - Microsoft-HTTPAPI/2.0
      strict-transport-security:
      - max-age=31536000; includeSubDomains
      transfer-encoding:
      - chunked
      vary:
      - Accept-Encoding
      x-content-type-options:
      - nosniff
      x-ms-arm-service-request-id:
      - 7d0dc7b0-71f8-4469-82dd-43a7a34cbb67
    status:
      code: 200
      message: ''
- request:
    body: null
    headers:
      Accept:
      - '*/*'
      Accept-Encoding:
      - gzip, deflate
      CommandName:
      - network vnet-gateway create
      Connection:
      - keep-alive
      ParameterSetName:
      - -g -n --public-ip-address --vnet --sku --location
      User-Agent:
      - AZURECLI/2.46.0 (AAZ) azsdk-python-core/1.24.0 Python/3.10.10 (Linux-5.15.0-1034-azure-x86_64-with-glibc2.31)
        VSTS_7b238909-6802-4b65-b90d-184bca47f458_build_261_0
    method: GET
    uri: https://management.azure.com/subscriptions/00000000-0000-0000-0000-000000000000/providers/Microsoft.Network/locations/eastus/operations/4768a15d-e770-461a-9bb4-1652ac239d3b?api-version=2022-01-01
  response:
    body:
      string: "{\r\n  \"status\": \"InProgress\"\r\n}"
    headers:
      cache-control:
      - no-cache
      content-length:
      - '30'
      content-type:
      - application/json; charset=utf-8
      date:
      - Wed, 29 Mar 2023 00:43:55 GMT
      expires:
      - '-1'
      pragma:
      - no-cache
      server:
      - Microsoft-HTTPAPI/2.0
      - Microsoft-HTTPAPI/2.0
      strict-transport-security:
      - max-age=31536000; includeSubDomains
      transfer-encoding:
      - chunked
      vary:
      - Accept-Encoding
      x-content-type-options:
      - nosniff
      x-ms-arm-service-request-id:
      - 6f897d1a-11a0-4876-9e98-bd41fb5531ef
    status:
      code: 200
      message: ''
- request:
    body: null
    headers:
      Accept:
      - '*/*'
      Accept-Encoding:
      - gzip, deflate
      CommandName:
      - network vnet-gateway create
      Connection:
      - keep-alive
      ParameterSetName:
      - -g -n --public-ip-address --vnet --sku --location
      User-Agent:
      - AZURECLI/2.46.0 (AAZ) azsdk-python-core/1.24.0 Python/3.10.10 (Linux-5.15.0-1034-azure-x86_64-with-glibc2.31)
        VSTS_7b238909-6802-4b65-b90d-184bca47f458_build_261_0
    method: GET
    uri: https://management.azure.com/subscriptions/00000000-0000-0000-0000-000000000000/providers/Microsoft.Network/locations/eastus/operations/4768a15d-e770-461a-9bb4-1652ac239d3b?api-version=2022-01-01
  response:
    body:
      string: "{\r\n  \"status\": \"InProgress\"\r\n}"
    headers:
      cache-control:
      - no-cache
      content-length:
      - '30'
      content-type:
      - application/json; charset=utf-8
      date:
      - Wed, 29 Mar 2023 00:44:35 GMT
      expires:
      - '-1'
      pragma:
      - no-cache
      server:
      - Microsoft-HTTPAPI/2.0
      - Microsoft-HTTPAPI/2.0
      strict-transport-security:
      - max-age=31536000; includeSubDomains
      transfer-encoding:
      - chunked
      vary:
      - Accept-Encoding
      x-content-type-options:
      - nosniff
      x-ms-arm-service-request-id:
      - e2d2d092-8fea-4d9c-bcc6-76b95c06cce3
    status:
      code: 200
      message: ''
- request:
    body: null
    headers:
      Accept:
      - '*/*'
      Accept-Encoding:
      - gzip, deflate
      CommandName:
      - network vnet-gateway create
      Connection:
      - keep-alive
      ParameterSetName:
      - -g -n --public-ip-address --vnet --sku --location
      User-Agent:
      - AZURECLI/2.46.0 (AAZ) azsdk-python-core/1.24.0 Python/3.10.10 (Linux-5.15.0-1034-azure-x86_64-with-glibc2.31)
        VSTS_7b238909-6802-4b65-b90d-184bca47f458_build_261_0
    method: GET
    uri: https://management.azure.com/subscriptions/00000000-0000-0000-0000-000000000000/providers/Microsoft.Network/locations/eastus/operations/4768a15d-e770-461a-9bb4-1652ac239d3b?api-version=2022-01-01
  response:
    body:
      string: "{\r\n  \"status\": \"InProgress\"\r\n}"
    headers:
      cache-control:
      - no-cache
      content-length:
      - '30'
      content-type:
      - application/json; charset=utf-8
      date:
      - Wed, 29 Mar 2023 00:45:15 GMT
      expires:
      - '-1'
      pragma:
      - no-cache
      server:
      - Microsoft-HTTPAPI/2.0
      - Microsoft-HTTPAPI/2.0
      strict-transport-security:
      - max-age=31536000; includeSubDomains
      transfer-encoding:
      - chunked
      vary:
      - Accept-Encoding
      x-content-type-options:
      - nosniff
      x-ms-arm-service-request-id:
      - c5d0c0b7-45eb-4a2d-a8d7-271bef432793
    status:
      code: 200
      message: ''
- request:
    body: null
    headers:
      Accept:
      - '*/*'
      Accept-Encoding:
      - gzip, deflate
      CommandName:
      - network vnet-gateway create
      Connection:
      - keep-alive
      ParameterSetName:
      - -g -n --public-ip-address --vnet --sku --location
      User-Agent:
      - AZURECLI/2.46.0 (AAZ) azsdk-python-core/1.24.0 Python/3.10.10 (Linux-5.15.0-1034-azure-x86_64-with-glibc2.31)
        VSTS_7b238909-6802-4b65-b90d-184bca47f458_build_261_0
    method: GET
    uri: https://management.azure.com/subscriptions/00000000-0000-0000-0000-000000000000/providers/Microsoft.Network/locations/eastus/operations/4768a15d-e770-461a-9bb4-1652ac239d3b?api-version=2022-01-01
  response:
    body:
      string: "{\r\n  \"status\": \"InProgress\"\r\n}"
    headers:
      cache-control:
      - no-cache
      content-length:
      - '30'
      content-type:
      - application/json; charset=utf-8
      date:
      - Wed, 29 Mar 2023 00:46:35 GMT
      expires:
      - '-1'
      pragma:
      - no-cache
      server:
      - Microsoft-HTTPAPI/2.0
      - Microsoft-HTTPAPI/2.0
      strict-transport-security:
      - max-age=31536000; includeSubDomains
      transfer-encoding:
      - chunked
      vary:
      - Accept-Encoding
      x-content-type-options:
      - nosniff
      x-ms-arm-service-request-id:
      - aa959014-2113-4022-9055-ab29c69d1798
    status:
      code: 200
      message: ''
- request:
    body: null
    headers:
      Accept:
      - '*/*'
      Accept-Encoding:
      - gzip, deflate
      CommandName:
      - network vnet-gateway create
      Connection:
      - keep-alive
      ParameterSetName:
      - -g -n --public-ip-address --vnet --sku --location
      User-Agent:
      - AZURECLI/2.46.0 (AAZ) azsdk-python-core/1.24.0 Python/3.10.10 (Linux-5.15.0-1034-azure-x86_64-with-glibc2.31)
        VSTS_7b238909-6802-4b65-b90d-184bca47f458_build_261_0
    method: GET
    uri: https://management.azure.com/subscriptions/00000000-0000-0000-0000-000000000000/providers/Microsoft.Network/locations/eastus/operations/4768a15d-e770-461a-9bb4-1652ac239d3b?api-version=2022-01-01
  response:
    body:
      string: "{\r\n  \"status\": \"InProgress\"\r\n}"
    headers:
      cache-control:
      - no-cache
      content-length:
      - '30'
      content-type:
      - application/json; charset=utf-8
      date:
      - Wed, 29 Mar 2023 00:49:15 GMT
      expires:
      - '-1'
      pragma:
      - no-cache
      server:
      - Microsoft-HTTPAPI/2.0
      - Microsoft-HTTPAPI/2.0
      strict-transport-security:
      - max-age=31536000; includeSubDomains
      transfer-encoding:
      - chunked
      vary:
      - Accept-Encoding
      x-content-type-options:
      - nosniff
      x-ms-arm-service-request-id:
      - 04a54cfa-79c7-4955-9a5e-478231767916
    status:
      code: 200
      message: ''
- request:
    body: null
    headers:
      Accept:
      - '*/*'
      Accept-Encoding:
      - gzip, deflate
      CommandName:
      - network vnet-gateway create
      Connection:
      - keep-alive
      ParameterSetName:
      - -g -n --public-ip-address --vnet --sku --location
      User-Agent:
      - AZURECLI/2.46.0 (AAZ) azsdk-python-core/1.24.0 Python/3.10.10 (Linux-5.15.0-1034-azure-x86_64-with-glibc2.31)
        VSTS_7b238909-6802-4b65-b90d-184bca47f458_build_261_0
    method: GET
    uri: https://management.azure.com/subscriptions/00000000-0000-0000-0000-000000000000/providers/Microsoft.Network/locations/eastus/operations/4768a15d-e770-461a-9bb4-1652ac239d3b?api-version=2022-01-01
  response:
    body:
      string: "{\r\n  \"status\": \"InProgress\"\r\n}"
    headers:
      cache-control:
      - no-cache
      content-length:
      - '30'
      content-type:
      - application/json; charset=utf-8
      date:
      - Wed, 29 Mar 2023 00:50:55 GMT
      expires:
      - '-1'
      pragma:
      - no-cache
      server:
      - Microsoft-HTTPAPI/2.0
      - Microsoft-HTTPAPI/2.0
      strict-transport-security:
      - max-age=31536000; includeSubDomains
      transfer-encoding:
      - chunked
      vary:
      - Accept-Encoding
      x-content-type-options:
      - nosniff
      x-ms-arm-service-request-id:
      - cf20fe48-068b-4fd6-a938-ee0f090aa3f3
    status:
      code: 200
      message: ''
- request:
    body: null
    headers:
      Accept:
      - '*/*'
      Accept-Encoding:
      - gzip, deflate
      CommandName:
      - network vnet-gateway create
      Connection:
      - keep-alive
      ParameterSetName:
      - -g -n --public-ip-address --vnet --sku --location
      User-Agent:
      - AZURECLI/2.46.0 (AAZ) azsdk-python-core/1.24.0 Python/3.10.10 (Linux-5.15.0-1034-azure-x86_64-with-glibc2.31)
        VSTS_7b238909-6802-4b65-b90d-184bca47f458_build_261_0
    method: GET
    uri: https://management.azure.com/subscriptions/00000000-0000-0000-0000-000000000000/providers/Microsoft.Network/locations/eastus/operations/4768a15d-e770-461a-9bb4-1652ac239d3b?api-version=2022-01-01
  response:
    body:
      string: "{\r\n  \"status\": \"InProgress\"\r\n}"
    headers:
      cache-control:
      - no-cache
      content-length:
      - '30'
      content-type:
      - application/json; charset=utf-8
      date:
      - Wed, 29 Mar 2023 00:52:36 GMT
      expires:
      - '-1'
      pragma:
      - no-cache
      server:
      - Microsoft-HTTPAPI/2.0
      - Microsoft-HTTPAPI/2.0
      strict-transport-security:
      - max-age=31536000; includeSubDomains
      transfer-encoding:
      - chunked
      vary:
      - Accept-Encoding
      x-content-type-options:
      - nosniff
      x-ms-arm-service-request-id:
      - 769991e6-ba43-4ec0-8f4c-7f37748d8eaa
    status:
      code: 200
      message: ''
- request:
    body: null
    headers:
      Accept:
      - '*/*'
      Accept-Encoding:
      - gzip, deflate
      CommandName:
      - network vnet-gateway create
      Connection:
      - keep-alive
      ParameterSetName:
      - -g -n --public-ip-address --vnet --sku --location
      User-Agent:
      - AZURECLI/2.46.0 (AAZ) azsdk-python-core/1.24.0 Python/3.10.10 (Linux-5.15.0-1034-azure-x86_64-with-glibc2.31)
        VSTS_7b238909-6802-4b65-b90d-184bca47f458_build_261_0
    method: GET
    uri: https://management.azure.com/subscriptions/00000000-0000-0000-0000-000000000000/providers/Microsoft.Network/locations/eastus/operations/4768a15d-e770-461a-9bb4-1652ac239d3b?api-version=2022-01-01
  response:
    body:
      string: "{\r\n  \"status\": \"InProgress\"\r\n}"
    headers:
      cache-control:
      - no-cache
      content-length:
      - '30'
      content-type:
      - application/json; charset=utf-8
      date:
      - Wed, 29 Mar 2023 00:54:16 GMT
      expires:
      - '-1'
      pragma:
      - no-cache
      server:
      - Microsoft-HTTPAPI/2.0
      - Microsoft-HTTPAPI/2.0
      strict-transport-security:
      - max-age=31536000; includeSubDomains
      transfer-encoding:
      - chunked
      vary:
      - Accept-Encoding
      x-content-type-options:
      - nosniff
      x-ms-arm-service-request-id:
      - ef43028e-93a8-4547-bf6d-08e4cc2c5442
    status:
      code: 200
      message: ''
- request:
    body: null
    headers:
      Accept:
      - '*/*'
      Accept-Encoding:
      - gzip, deflate
      CommandName:
      - network vnet-gateway create
      Connection:
      - keep-alive
      ParameterSetName:
      - -g -n --public-ip-address --vnet --sku --location
      User-Agent:
      - AZURECLI/2.46.0 (AAZ) azsdk-python-core/1.24.0 Python/3.10.10 (Linux-5.15.0-1034-azure-x86_64-with-glibc2.31)
        VSTS_7b238909-6802-4b65-b90d-184bca47f458_build_261_0
    method: GET
    uri: https://management.azure.com/subscriptions/00000000-0000-0000-0000-000000000000/providers/Microsoft.Network/locations/eastus/operations/4768a15d-e770-461a-9bb4-1652ac239d3b?api-version=2022-01-01
  response:
    body:
      string: "{\r\n  \"status\": \"InProgress\"\r\n}"
    headers:
      cache-control:
      - no-cache
      content-length:
      - '30'
      content-type:
      - application/json; charset=utf-8
      date:
      - Wed, 29 Mar 2023 00:55:56 GMT
      expires:
      - '-1'
      pragma:
      - no-cache
      server:
      - Microsoft-HTTPAPI/2.0
      - Microsoft-HTTPAPI/2.0
      strict-transport-security:
      - max-age=31536000; includeSubDomains
      transfer-encoding:
      - chunked
      vary:
      - Accept-Encoding
      x-content-type-options:
      - nosniff
      x-ms-arm-service-request-id:
      - 4de68632-5c8b-4b65-9c24-4f9a22c83507
    status:
      code: 200
      message: ''
- request:
    body: null
    headers:
      Accept:
      - '*/*'
      Accept-Encoding:
      - gzip, deflate
      CommandName:
      - network vnet-gateway create
      Connection:
      - keep-alive
      ParameterSetName:
      - -g -n --public-ip-address --vnet --sku --location
      User-Agent:
      - AZURECLI/2.46.0 (AAZ) azsdk-python-core/1.24.0 Python/3.10.10 (Linux-5.15.0-1034-azure-x86_64-with-glibc2.31)
        VSTS_7b238909-6802-4b65-b90d-184bca47f458_build_261_0
    method: GET
    uri: https://management.azure.com/subscriptions/00000000-0000-0000-0000-000000000000/providers/Microsoft.Network/locations/eastus/operations/4768a15d-e770-461a-9bb4-1652ac239d3b?api-version=2022-01-01
  response:
    body:
      string: "{\r\n  \"status\": \"InProgress\"\r\n}"
    headers:
      cache-control:
      - no-cache
      content-length:
      - '30'
      content-type:
      - application/json; charset=utf-8
      date:
      - Wed, 29 Mar 2023 00:57:36 GMT
      expires:
      - '-1'
      pragma:
      - no-cache
      server:
      - Microsoft-HTTPAPI/2.0
      - Microsoft-HTTPAPI/2.0
      strict-transport-security:
      - max-age=31536000; includeSubDomains
      transfer-encoding:
      - chunked
      vary:
      - Accept-Encoding
      x-content-type-options:
      - nosniff
      x-ms-arm-service-request-id:
      - e60f891e-5cc6-4917-ab94-fa57b9bf9b36
    status:
      code: 200
      message: ''
- request:
    body: null
    headers:
      Accept:
      - '*/*'
      Accept-Encoding:
      - gzip, deflate
      CommandName:
      - network vnet-gateway create
      Connection:
      - keep-alive
      ParameterSetName:
      - -g -n --public-ip-address --vnet --sku --location
      User-Agent:
      - AZURECLI/2.46.0 (AAZ) azsdk-python-core/1.24.0 Python/3.10.10 (Linux-5.15.0-1034-azure-x86_64-with-glibc2.31)
        VSTS_7b238909-6802-4b65-b90d-184bca47f458_build_261_0
    method: GET
    uri: https://management.azure.com/subscriptions/00000000-0000-0000-0000-000000000000/providers/Microsoft.Network/locations/eastus/operations/4768a15d-e770-461a-9bb4-1652ac239d3b?api-version=2022-01-01
  response:
    body:
      string: "{\r\n  \"status\": \"InProgress\"\r\n}"
    headers:
      cache-control:
      - no-cache
      content-length:
      - '30'
      content-type:
      - application/json; charset=utf-8
      date:
      - Wed, 29 Mar 2023 00:59:16 GMT
      expires:
      - '-1'
      pragma:
      - no-cache
      server:
      - Microsoft-HTTPAPI/2.0
      - Microsoft-HTTPAPI/2.0
      strict-transport-security:
      - max-age=31536000; includeSubDomains
      transfer-encoding:
      - chunked
      vary:
      - Accept-Encoding
      x-content-type-options:
      - nosniff
      x-ms-arm-service-request-id:
      - bf00b293-dce7-41fa-a72b-3397c8f5d47c
    status:
      code: 200
      message: ''
- request:
    body: null
    headers:
      Accept:
      - '*/*'
      Accept-Encoding:
      - gzip, deflate
      CommandName:
      - network vnet-gateway create
      Connection:
      - keep-alive
      ParameterSetName:
      - -g -n --public-ip-address --vnet --sku --location
      User-Agent:
      - AZURECLI/2.46.0 (AAZ) azsdk-python-core/1.24.0 Python/3.10.10 (Linux-5.15.0-1034-azure-x86_64-with-glibc2.31)
        VSTS_7b238909-6802-4b65-b90d-184bca47f458_build_261_0
    method: GET
    uri: https://management.azure.com/subscriptions/00000000-0000-0000-0000-000000000000/providers/Microsoft.Network/locations/eastus/operations/4768a15d-e770-461a-9bb4-1652ac239d3b?api-version=2022-01-01
  response:
    body:
      string: "{\r\n  \"status\": \"InProgress\"\r\n}"
    headers:
      cache-control:
      - no-cache
      content-length:
      - '30'
      content-type:
      - application/json; charset=utf-8
      date:
      - Wed, 29 Mar 2023 01:00:57 GMT
      expires:
      - '-1'
      pragma:
      - no-cache
      server:
      - Microsoft-HTTPAPI/2.0
      - Microsoft-HTTPAPI/2.0
      strict-transport-security:
      - max-age=31536000; includeSubDomains
      transfer-encoding:
      - chunked
      vary:
      - Accept-Encoding
      x-content-type-options:
      - nosniff
      x-ms-arm-service-request-id:
      - ac6a7743-0739-467f-8d11-97a66682317b
    status:
      code: 200
      message: ''
- request:
    body: null
    headers:
      Accept:
      - '*/*'
      Accept-Encoding:
      - gzip, deflate
      CommandName:
      - network vnet-gateway create
      Connection:
      - keep-alive
      ParameterSetName:
      - -g -n --public-ip-address --vnet --sku --location
      User-Agent:
      - AZURECLI/2.46.0 (AAZ) azsdk-python-core/1.24.0 Python/3.10.10 (Linux-5.15.0-1034-azure-x86_64-with-glibc2.31)
        VSTS_7b238909-6802-4b65-b90d-184bca47f458_build_261_0
    method: GET
    uri: https://management.azure.com/subscriptions/00000000-0000-0000-0000-000000000000/providers/Microsoft.Network/locations/eastus/operations/4768a15d-e770-461a-9bb4-1652ac239d3b?api-version=2022-01-01
  response:
    body:
      string: "{\r\n  \"status\": \"InProgress\"\r\n}"
    headers:
      cache-control:
      - no-cache
      content-length:
      - '30'
      content-type:
      - application/json; charset=utf-8
      date:
      - Wed, 29 Mar 2023 01:02:37 GMT
      expires:
      - '-1'
      pragma:
      - no-cache
      server:
      - Microsoft-HTTPAPI/2.0
      - Microsoft-HTTPAPI/2.0
      strict-transport-security:
      - max-age=31536000; includeSubDomains
      transfer-encoding:
      - chunked
      vary:
      - Accept-Encoding
      x-content-type-options:
      - nosniff
      x-ms-arm-service-request-id:
      - c6f2f6b2-c95b-4783-8da1-e1711b287a47
    status:
      code: 200
      message: ''
- request:
    body: null
    headers:
      Accept:
      - '*/*'
      Accept-Encoding:
      - gzip, deflate
      CommandName:
      - network vnet-gateway create
      Connection:
      - keep-alive
      ParameterSetName:
      - -g -n --public-ip-address --vnet --sku --location
      User-Agent:
      - AZURECLI/2.46.0 (AAZ) azsdk-python-core/1.24.0 Python/3.10.10 (Linux-5.15.0-1034-azure-x86_64-with-glibc2.31)
        VSTS_7b238909-6802-4b65-b90d-184bca47f458_build_261_0
    method: GET
    uri: https://management.azure.com/subscriptions/00000000-0000-0000-0000-000000000000/providers/Microsoft.Network/locations/eastus/operations/4768a15d-e770-461a-9bb4-1652ac239d3b?api-version=2022-01-01
  response:
    body:
      string: "{\r\n  \"status\": \"InProgress\"\r\n}"
    headers:
      cache-control:
      - no-cache
      content-length:
      - '30'
      content-type:
      - application/json; charset=utf-8
      date:
      - Wed, 29 Mar 2023 01:04:17 GMT
      expires:
      - '-1'
      pragma:
      - no-cache
      server:
      - Microsoft-HTTPAPI/2.0
      - Microsoft-HTTPAPI/2.0
      strict-transport-security:
      - max-age=31536000; includeSubDomains
      transfer-encoding:
      - chunked
      vary:
      - Accept-Encoding
      x-content-type-options:
      - nosniff
      x-ms-arm-service-request-id:
      - 2d88d3ad-5731-4f3d-b980-73993d8741bc
    status:
      code: 200
      message: ''
- request:
    body: null
    headers:
      Accept:
      - '*/*'
      Accept-Encoding:
      - gzip, deflate
      CommandName:
      - network vnet-gateway create
      Connection:
      - keep-alive
      ParameterSetName:
      - -g -n --public-ip-address --vnet --sku --location
      User-Agent:
      - AZURECLI/2.46.0 (AAZ) azsdk-python-core/1.24.0 Python/3.10.10 (Linux-5.15.0-1034-azure-x86_64-with-glibc2.31)
        VSTS_7b238909-6802-4b65-b90d-184bca47f458_build_261_0
    method: GET
    uri: https://management.azure.com/subscriptions/00000000-0000-0000-0000-000000000000/providers/Microsoft.Network/locations/eastus/operations/4768a15d-e770-461a-9bb4-1652ac239d3b?api-version=2022-01-01
  response:
    body:
      string: "{\r\n  \"status\": \"InProgress\"\r\n}"
    headers:
      cache-control:
      - no-cache
      content-length:
      - '30'
      content-type:
      - application/json; charset=utf-8
      date:
      - Wed, 29 Mar 2023 01:05:57 GMT
      expires:
      - '-1'
      pragma:
      - no-cache
      server:
      - Microsoft-HTTPAPI/2.0
      - Microsoft-HTTPAPI/2.0
      strict-transport-security:
      - max-age=31536000; includeSubDomains
      transfer-encoding:
      - chunked
      vary:
      - Accept-Encoding
      x-content-type-options:
      - nosniff
      x-ms-arm-service-request-id:
      - 6cec516b-73f7-4af7-97e6-5907c63828b5
    status:
      code: 200
      message: ''
- request:
    body: null
    headers:
      Accept:
      - '*/*'
      Accept-Encoding:
      - gzip, deflate
      CommandName:
      - network vnet-gateway create
      Connection:
      - keep-alive
      ParameterSetName:
      - -g -n --public-ip-address --vnet --sku --location
      User-Agent:
      - AZURECLI/2.46.0 (AAZ) azsdk-python-core/1.24.0 Python/3.10.10 (Linux-5.15.0-1034-azure-x86_64-with-glibc2.31)
        VSTS_7b238909-6802-4b65-b90d-184bca47f458_build_261_0
    method: GET
    uri: https://management.azure.com/subscriptions/00000000-0000-0000-0000-000000000000/providers/Microsoft.Network/locations/eastus/operations/4768a15d-e770-461a-9bb4-1652ac239d3b?api-version=2022-01-01
  response:
    body:
      string: "{\r\n  \"status\": \"InProgress\"\r\n}"
    headers:
      cache-control:
      - no-cache
      content-length:
      - '30'
      content-type:
      - application/json; charset=utf-8
      date:
      - Wed, 29 Mar 2023 01:07:37 GMT
      expires:
      - '-1'
      pragma:
      - no-cache
      server:
      - Microsoft-HTTPAPI/2.0
      - Microsoft-HTTPAPI/2.0
      strict-transport-security:
      - max-age=31536000; includeSubDomains
      transfer-encoding:
      - chunked
      vary:
      - Accept-Encoding
      x-content-type-options:
      - nosniff
      x-ms-arm-service-request-id:
      - fc6d31b1-7e3f-41d5-95b4-b06f390da675
    status:
      code: 200
      message: ''
- request:
    body: null
    headers:
      Accept:
      - '*/*'
      Accept-Encoding:
      - gzip, deflate
      CommandName:
      - network vnet-gateway create
      Connection:
      - keep-alive
      ParameterSetName:
      - -g -n --public-ip-address --vnet --sku --location
      User-Agent:
      - AZURECLI/2.46.0 (AAZ) azsdk-python-core/1.24.0 Python/3.10.10 (Linux-5.15.0-1034-azure-x86_64-with-glibc2.31)
        VSTS_7b238909-6802-4b65-b90d-184bca47f458_build_261_0
    method: GET
    uri: https://management.azure.com/subscriptions/00000000-0000-0000-0000-000000000000/providers/Microsoft.Network/locations/eastus/operations/4768a15d-e770-461a-9bb4-1652ac239d3b?api-version=2022-01-01
  response:
    body:
      string: "{\r\n  \"status\": \"InProgress\"\r\n}"
    headers:
      cache-control:
      - no-cache
      content-length:
      - '30'
      content-type:
      - application/json; charset=utf-8
      date:
      - Wed, 29 Mar 2023 01:09:18 GMT
      expires:
      - '-1'
      pragma:
      - no-cache
      server:
      - Microsoft-HTTPAPI/2.0
      - Microsoft-HTTPAPI/2.0
      strict-transport-security:
      - max-age=31536000; includeSubDomains
      transfer-encoding:
      - chunked
      vary:
      - Accept-Encoding
      x-content-type-options:
      - nosniff
      x-ms-arm-service-request-id:
      - 764c56d4-c254-4d2b-a035-441ccc4d358f
    status:
      code: 200
      message: ''
- request:
    body: null
    headers:
      Accept:
      - '*/*'
      Accept-Encoding:
      - gzip, deflate
      CommandName:
      - network vnet-gateway create
      Connection:
      - keep-alive
      ParameterSetName:
      - -g -n --public-ip-address --vnet --sku --location
      User-Agent:
      - AZURECLI/2.46.0 (AAZ) azsdk-python-core/1.24.0 Python/3.10.10 (Linux-5.15.0-1034-azure-x86_64-with-glibc2.31)
        VSTS_7b238909-6802-4b65-b90d-184bca47f458_build_261_0
    method: GET
    uri: https://management.azure.com/subscriptions/00000000-0000-0000-0000-000000000000/providers/Microsoft.Network/locations/eastus/operations/4768a15d-e770-461a-9bb4-1652ac239d3b?api-version=2022-01-01
  response:
    body:
      string: "{\r\n  \"status\": \"InProgress\"\r\n}"
    headers:
      cache-control:
      - no-cache
      content-length:
      - '30'
      content-type:
      - application/json; charset=utf-8
      date:
      - Wed, 29 Mar 2023 01:10:58 GMT
      expires:
      - '-1'
      pragma:
      - no-cache
      server:
      - Microsoft-HTTPAPI/2.0
      - Microsoft-HTTPAPI/2.0
      strict-transport-security:
      - max-age=31536000; includeSubDomains
      transfer-encoding:
      - chunked
      vary:
      - Accept-Encoding
      x-content-type-options:
      - nosniff
      x-ms-arm-service-request-id:
      - fd464d75-ae3e-4bcf-a799-b059a64f87f9
    status:
      code: 200
      message: ''
- request:
    body: null
    headers:
      Accept:
      - '*/*'
      Accept-Encoding:
      - gzip, deflate
      CommandName:
      - network vnet-gateway create
      Connection:
      - keep-alive
      ParameterSetName:
      - -g -n --public-ip-address --vnet --sku --location
      User-Agent:
      - AZURECLI/2.46.0 (AAZ) azsdk-python-core/1.24.0 Python/3.10.10 (Linux-5.15.0-1034-azure-x86_64-with-glibc2.31)
        VSTS_7b238909-6802-4b65-b90d-184bca47f458_build_261_0
    method: GET
    uri: https://management.azure.com/subscriptions/00000000-0000-0000-0000-000000000000/providers/Microsoft.Network/locations/eastus/operations/4768a15d-e770-461a-9bb4-1652ac239d3b?api-version=2022-01-01
  response:
    body:
      string: "{\r\n  \"status\": \"InProgress\"\r\n}"
    headers:
      cache-control:
      - no-cache
      content-length:
      - '30'
      content-type:
      - application/json; charset=utf-8
      date:
      - Wed, 29 Mar 2023 01:12:38 GMT
      expires:
      - '-1'
      pragma:
      - no-cache
      server:
      - Microsoft-HTTPAPI/2.0
      - Microsoft-HTTPAPI/2.0
      strict-transport-security:
      - max-age=31536000; includeSubDomains
      transfer-encoding:
      - chunked
      vary:
      - Accept-Encoding
      x-content-type-options:
      - nosniff
      x-ms-arm-service-request-id:
      - 233ec935-83ed-487c-8864-23e2d741e371
    status:
      code: 200
      message: ''
- request:
    body: null
    headers:
      Accept:
      - '*/*'
      Accept-Encoding:
      - gzip, deflate
      CommandName:
      - network vnet-gateway create
      Connection:
      - keep-alive
      ParameterSetName:
      - -g -n --public-ip-address --vnet --sku --location
      User-Agent:
      - AZURECLI/2.46.0 (AAZ) azsdk-python-core/1.24.0 Python/3.10.10 (Linux-5.15.0-1034-azure-x86_64-with-glibc2.31)
        VSTS_7b238909-6802-4b65-b90d-184bca47f458_build_261_0
    method: GET
    uri: https://management.azure.com/subscriptions/00000000-0000-0000-0000-000000000000/providers/Microsoft.Network/locations/eastus/operations/4768a15d-e770-461a-9bb4-1652ac239d3b?api-version=2022-01-01
  response:
    body:
      string: "{\r\n  \"status\": \"InProgress\"\r\n}"
    headers:
      cache-control:
      - no-cache
      content-length:
      - '30'
      content-type:
      - application/json; charset=utf-8
      date:
      - Wed, 29 Mar 2023 01:14:18 GMT
      expires:
      - '-1'
      pragma:
      - no-cache
      server:
      - Microsoft-HTTPAPI/2.0
      - Microsoft-HTTPAPI/2.0
      strict-transport-security:
      - max-age=31536000; includeSubDomains
      transfer-encoding:
      - chunked
      vary:
      - Accept-Encoding
      x-content-type-options:
      - nosniff
      x-ms-arm-service-request-id:
      - 2e231d67-e22c-435d-88d2-c659a6283d1e
    status:
      code: 200
      message: ''
- request:
    body: null
    headers:
      Accept:
      - '*/*'
      Accept-Encoding:
      - gzip, deflate
      CommandName:
      - network vnet-gateway create
      Connection:
      - keep-alive
      ParameterSetName:
      - -g -n --public-ip-address --vnet --sku --location
      User-Agent:
      - AZURECLI/2.46.0 (AAZ) azsdk-python-core/1.24.0 Python/3.10.10 (Linux-5.15.0-1034-azure-x86_64-with-glibc2.31)
        VSTS_7b238909-6802-4b65-b90d-184bca47f458_build_261_0
    method: GET
    uri: https://management.azure.com/subscriptions/00000000-0000-0000-0000-000000000000/providers/Microsoft.Network/locations/eastus/operations/4768a15d-e770-461a-9bb4-1652ac239d3b?api-version=2022-01-01
  response:
    body:
      string: "{\r\n  \"status\": \"Succeeded\"\r\n}"
    headers:
      cache-control:
      - no-cache
      content-length:
      - '29'
      content-type:
      - application/json; charset=utf-8
      date:
      - Wed, 29 Mar 2023 01:15:59 GMT
      expires:
      - '-1'
      pragma:
      - no-cache
      server:
      - Microsoft-HTTPAPI/2.0
      - Microsoft-HTTPAPI/2.0
      strict-transport-security:
      - max-age=31536000; includeSubDomains
      transfer-encoding:
      - chunked
      vary:
      - Accept-Encoding
      x-content-type-options:
      - nosniff
      x-ms-arm-service-request-id:
      - 62d1d37b-4bc8-458c-8e1c-0f1e4628fa65
    status:
      code: 200
      message: ''
- request:
    body: null
    headers:
      Accept:
      - '*/*'
      Accept-Encoding:
      - gzip, deflate
      CommandName:
      - network vnet-gateway create
      Connection:
      - keep-alive
      ParameterSetName:
      - -g -n --public-ip-address --vnet --sku --location
      User-Agent:
      - AZURECLI/2.46.0 (AAZ) azsdk-python-core/1.24.0 Python/3.10.10 (Linux-5.15.0-1034-azure-x86_64-with-glibc2.31)
        VSTS_7b238909-6802-4b65-b90d-184bca47f458_build_261_0
    method: GET
    uri: https://management.azure.com/subscriptions/00000000-0000-0000-0000-000000000000/resourceGroups/cli_test_hardware_security_modules_v2000001/providers/Microsoft.Network/virtualNetworkGateways/testVnetGateway?api-version=2022-01-01
  response:
    body:
      string: "{\r\n  \"name\": \"testVnetGateway\",\r\n  \"id\": \"/subscriptions/00000000-0000-0000-0000-000000000000/resourceGroups/cli_test_hardware_security_modules_v2000001/providers/Microsoft.Network/virtualNetworkGateways/testVnetGateway\",\r\n
        \ \"etag\": \"W/\\\"69d4edb6-5ff2-4f7c-815f-de22e4967e0e\\\"\",\r\n  \"type\":
        \"Microsoft.Network/virtualNetworkGateways\",\r\n  \"location\": \"eastus\",\r\n
        \ \"properties\": {\r\n    \"provisioningState\": \"Succeeded\",\r\n    \"resourceGuid\":
        \"de8b514e-85c6-487f-87da-5e92902c0e13\",\r\n    \"packetCaptureDiagnosticState\":
        \"None\",\r\n    \"enablePrivateIpAddress\": false,\r\n    \"isMigrateToCSES\":
        false,\r\n    \"ipConfigurations\": [\r\n      {\r\n        \"name\": \"vnetGatewayConfig0\",\r\n
        \       \"id\": \"/subscriptions/00000000-0000-0000-0000-000000000000/resourceGroups/cli_test_hardware_security_modules_v2000001/providers/Microsoft.Network/virtualNetworkGateways/testVnetGateway/ipConfigurations/vnetGatewayConfig0\",\r\n
        \       \"etag\": \"W/\\\"69d4edb6-5ff2-4f7c-815f-de22e4967e0e\\\"\",\r\n
        \       \"type\": \"Microsoft.Network/virtualNetworkGateways/ipConfigurations\",\r\n
        \       \"properties\": {\r\n          \"provisioningState\": \"Succeeded\",\r\n
        \         \"privateIPAllocationMethod\": \"Dynamic\",\r\n          \"publicIPAddress\":
        {\r\n            \"id\": \"/subscriptions/00000000-0000-0000-0000-000000000000/resourceGroups/cli_test_hardware_security_modules_v2000001/providers/Microsoft.Network/publicIPAddresses/testpublicIp\"\r\n
        \         },\r\n          \"subnet\": {\r\n            \"id\": \"/subscriptions/00000000-0000-0000-0000-000000000000/resourceGroups/cli_test_hardware_security_modules_v2000001/providers/Microsoft.Network/virtualNetworks/testvnet1/subnets/GatewaySubnet\"\r\n
        \         }\r\n        }\r\n      }\r\n    ],\r\n    \"natRules\": [],\r\n
        \   \"virtualNetworkGatewayPolicyGroups\": [],\r\n    \"enableBgpRouteTranslationForNat\":
        false,\r\n    \"disableIPSecReplayProtection\": false,\r\n    \"sku\": {\r\n
        \     \"name\": \"Standard\",\r\n      \"tier\": \"Standard\",\r\n      \"capacity\":
        2\r\n    },\r\n    \"gatewayType\": \"Vpn\",\r\n    \"vpnType\": \"RouteBased\",\r\n
        \   \"enableBgp\": false,\r\n    \"activeActive\": false,\r\n    \"bgpSettings\":
        {\r\n      \"asn\": 65515,\r\n      \"bgpPeeringAddress\": \"10.3.255.62\",\r\n
        \     \"peerWeight\": 0,\r\n      \"bgpPeeringAddresses\": [\r\n        {\r\n
        \         \"ipconfigurationId\": \"/subscriptions/00000000-0000-0000-0000-000000000000/resourceGroups/cli_test_hardware_security_modules_v2000001/providers/Microsoft.Network/virtualNetworkGateways/testVnetGateway/ipConfigurations/vnetGatewayConfig0\",\r\n
        \         \"defaultBgpIpAddresses\": [\r\n            \"10.3.255.62\"\r\n
        \         ],\r\n          \"customBgpIpAddresses\": [],\r\n          \"tunnelIpAddresses\":
        [\r\n            \"74.235.22.152\"\r\n          ]\r\n        }\r\n      ]\r\n
        \   },\r\n    \"vpnGatewayGeneration\": \"Generation1\"\r\n  }\r\n}"
    headers:
      cache-control:
      - no-cache
      content-length:
      - '2709'
      content-type:
      - application/json; charset=utf-8
      date:
      - Wed, 29 Mar 2023 01:15:59 GMT
      expires:
      - '-1'
      pragma:
      - no-cache
      server:
      - Microsoft-HTTPAPI/2.0
      - Microsoft-HTTPAPI/2.0
      strict-transport-security:
      - max-age=31536000; includeSubDomains
      transfer-encoding:
      - chunked
      vary:
      - Accept-Encoding
      x-content-type-options:
      - nosniff
      x-ms-arm-service-request-id:
      - 534b6ba0-1691-485b-880b-3bfd4f9bfd14
    status:
      code: 200
      message: ''
- request:
    body: '{"location": "eastus", "sku": {"name": "payShield10K_LMK1_CPS60"}, "tags":
      {"Dept": "hsm", "Environment": "dogfood"}, "properties": {"networkProfile":
      {"subnet": {"id": "/subscriptions/00000000-0000-0000-0000-000000000000/resourceGroups/cli_test_hardware_security_modules_v2000001/providers/Microsoft.Network/virtualNetworks/testvnet1/subnets/hsmsubnet"},
      "networkInterfaces": [{"privateIpAddress": "10.3.1.5"}]}, "managementNetworkProfile":
      {"subnet": {"id": "/subscriptions/00000000-0000-0000-0000-000000000000/resourceGroups/cli_test_hardware_security_modules_v2000001/providers/Microsoft.Network/virtualNetworks/testvnet2/subnets/hsmsubnet2"},
      "networkInterfaces": [{"privateIpAddress": "10.4.1.6"}]}, "stampId": "stamp2"}}'
    headers:
      Accept:
      - application/json
      Accept-Encoding:
      - gzip, deflate
      CommandName:
      - dedicated-hsm create
      Connection:
      - keep-alive
      Content-Length:
      - '727'
      Content-Type:
      - application/json
      ParameterSetName:
      - --name --location --network-interfaces --subnet --mgmt-network-interfaces
        --mgmt-network-subnet --stamp-id --sku --tags --resource-group
      User-Agent:
      - AZURECLI/2.46.0 azsdk-python-azurededicatedhsmresourceprovider/unknown Python/3.10.10
        (Linux-5.15.0-1034-azure-x86_64-with-glibc2.31) VSTS_7b238909-6802-4b65-b90d-184bca47f458_build_261_0
    method: PUT
    uri: https://management.azure.com/subscriptions/00000000-0000-0000-0000-000000000000/resourceGroups/cli_test_hardware_security_modules_v2000001/providers/Microsoft.HardwareSecurityModules/dedicatedHSMs/hsm1?api-version=2021-11-30
  response:
    body:
      string: '{"sku":{"name":"payShield10K_LMK1_CPS60"},"id":"/subscriptions/00000000-0000-0000-0000-000000000000/resourceGroups/cli_test_hardware_security_modules_v2000001/providers/Microsoft.HardwareSecurityModules/dedicatedHSMs/hsm1","name":"hsm1","type":"Microsoft.HardwareSecurityModules/dedicatedHSMs","location":"eastus","tags":{"Dept":"hsm","Environment":"dogfood"},"systemData":{"createdBy":"azureclilivetest@azuresdkteam.onmicrosoft.com","createdByType":"User","createdAt":"2023-03-29T01:16:00.416Z","lastModifiedBy":"azureclilivetest@azuresdkteam.onmicrosoft.com","lastModifiedByType":"User","lastModifiedAt":"2023-03-29T01:16:00.416Z"},"properties":{"networkProfile":{"subnet":{"id":"/subscriptions/00000000-0000-0000-0000-000000000000/resourceGroups/cli_test_hardware_security_modules_v2000001/providers/Microsoft.Network/virtualNetworks/testvnet1/subnets/hsmsubnet"},"networkInterfaces":[{"privateIpAddress":"10.3.1.5"}]},"managementNetworkProfile":{"subnet":{"id":"/subscriptions/00000000-0000-0000-0000-000000000000/resourceGroups/cli_test_hardware_security_modules_v2000001/providers/Microsoft.Network/virtualNetworks/testvnet2/subnets/hsmsubnet2"},"networkInterfaces":[{"privateIpAddress":"10.4.1.6"}]},"provisioningState":"CheckingQuota","statusMessage":"Resource
        creation in progress. Validating subscription device quota...","stampId":"stamp2"}}'
    headers:
      cache-control:
      - no-cache
      content-length:
      - '1352'
      content-type:
      - application/json; charset=utf-8
      date:
      - Wed, 29 Mar 2023 01:16:01 GMT
      expires:
      - '-1'
      pragma:
      - no-cache
      server:
      - Microsoft-IIS/10.0
      strict-transport-security:
      - max-age=31536000; includeSubDomains
      transfer-encoding:
      - chunked
      vary:
      - Accept-Encoding
      x-aspnet-version:
      - 4.0.30319
      x-content-type-options:
      - nosniff
      x-ms-keyvault-service-version:
      - 1.5.692.0
      x-ms-ratelimit-remaining-subscription-writes:
      - '1198'
    status:
      code: 200
      message: OK
- request:
    body: null
    headers:
      Accept:
      - '*/*'
      Accept-Encoding:
      - gzip, deflate
      CommandName:
      - dedicated-hsm create
      Connection:
      - keep-alive
      ParameterSetName:
      - --name --location --network-interfaces --subnet --mgmt-network-interfaces
        --mgmt-network-subnet --stamp-id --sku --tags --resource-group
      User-Agent:
      - AZURECLI/2.46.0 azsdk-python-azurededicatedhsmresourceprovider/unknown Python/3.10.10
        (Linux-5.15.0-1034-azure-x86_64-with-glibc2.31) VSTS_7b238909-6802-4b65-b90d-184bca47f458_build_261_0
    method: GET
    uri: https://management.azure.com/subscriptions/00000000-0000-0000-0000-000000000000/resourceGroups/cli_test_hardware_security_modules_v2000001/providers/Microsoft.HardwareSecurityModules/dedicatedHSMs/hsm1?api-version=2021-11-30
  response:
    body:
      string: '{"sku":{"name":"payShield10K_LMK1_CPS60"},"id":"/subscriptions/00000000-0000-0000-0000-000000000000/resourceGroups/cli_test_hardware_security_modules_v2000001/providers/Microsoft.HardwareSecurityModules/dedicatedHSMs/hsm1","name":"hsm1","type":"Microsoft.HardwareSecurityModules/dedicatedHSMs","location":"eastus","tags":{"Dept":"hsm","Environment":"dogfood"},"systemData":{"createdBy":"azureclilivetest@azuresdkteam.onmicrosoft.com","createdByType":"User","createdAt":"2023-03-29T01:16:00.416Z","lastModifiedBy":"azureclilivetest@azuresdkteam.onmicrosoft.com","lastModifiedByType":"User","lastModifiedAt":"2023-03-29T01:16:00.416Z"},"properties":{"networkProfile":{"subnet":{"id":"/subscriptions/00000000-0000-0000-0000-000000000000/resourceGroups/cli_test_hardware_security_modules_v2000001/providers/Microsoft.Network/virtualNetworks/testvnet1/subnets/hsmsubnet"},"networkInterfaces":[{"id":"/subscriptions/00000000-0000-0000-0000-000000000000/resourceGroups/cli_test_hardware_security_modules_v2000001/providers/Microsoft.Network/networkInterfaces/hsm1_HSMHost1Nic","privateIpAddress":"10.3.1.5"}]},"managementNetworkProfile":{"subnet":{"id":"/subscriptions/00000000-0000-0000-0000-000000000000/resourceGroups/cli_test_hardware_security_modules_v2000001/providers/Microsoft.Network/virtualNetworks/testvnet2/subnets/hsmsubnet2"},"networkInterfaces":[{"id":"/subscriptions/00000000-0000-0000-0000-000000000000/resourceGroups/cli_test_hardware_security_modules_v2000001/providers/Microsoft.Network/networkInterfaces/hsm1_HSMMgmtNic","privateIpAddress":"10.4.1.6"}]},"provisioningState":"Provisioning","statusMessage":"Resource
        creation in progress. Configuring the device...","stampId":"stamp2"}}'
    headers:
      cache-control:
      - no-cache
      content-length:
      - '1698'
      content-type:
      - application/json; charset=utf-8
      date:
      - Wed, 29 Mar 2023 01:16:31 GMT
      expires:
      - '-1'
      pragma:
      - no-cache
      server:
      - Microsoft-IIS/10.0
      strict-transport-security:
      - max-age=31536000; includeSubDomains
      transfer-encoding:
      - chunked
      vary:
      - Accept-Encoding
      x-aspnet-version:
      - 4.0.30319
      x-content-type-options:
      - nosniff
      x-ms-keyvault-service-version:
      - 1.5.692.0
    status:
      code: 200
      message: OK
- request:
    body: null
    headers:
      Accept:
      - '*/*'
      Accept-Encoding:
      - gzip, deflate
      CommandName:
      - dedicated-hsm create
      Connection:
      - keep-alive
      ParameterSetName:
      - --name --location --network-interfaces --subnet --mgmt-network-interfaces
        --mgmt-network-subnet --stamp-id --sku --tags --resource-group
      User-Agent:
      - AZURECLI/2.46.0 azsdk-python-azurededicatedhsmresourceprovider/unknown Python/3.10.10
        (Linux-5.15.0-1034-azure-x86_64-with-glibc2.31) VSTS_7b238909-6802-4b65-b90d-184bca47f458_build_261_0
    method: GET
    uri: https://management.azure.com/subscriptions/00000000-0000-0000-0000-000000000000/resourceGroups/cli_test_hardware_security_modules_v2000001/providers/Microsoft.HardwareSecurityModules/dedicatedHSMs/hsm1?api-version=2021-11-30
  response:
    body:
      string: '{"sku":{"name":"payShield10K_LMK1_CPS60"},"id":"/subscriptions/00000000-0000-0000-0000-000000000000/resourceGroups/cli_test_hardware_security_modules_v2000001/providers/Microsoft.HardwareSecurityModules/dedicatedHSMs/hsm1","name":"hsm1","type":"Microsoft.HardwareSecurityModules/dedicatedHSMs","location":"eastus","tags":{"Dept":"hsm","Environment":"dogfood"},"systemData":{"createdBy":"azureclilivetest@azuresdkteam.onmicrosoft.com","createdByType":"User","createdAt":"2023-03-29T01:16:00.416Z","lastModifiedBy":"azureclilivetest@azuresdkteam.onmicrosoft.com","lastModifiedByType":"User","lastModifiedAt":"2023-03-29T01:16:00.416Z"},"properties":{"networkProfile":{"subnet":{"id":"/subscriptions/00000000-0000-0000-0000-000000000000/resourceGroups/cli_test_hardware_security_modules_v2000001/providers/Microsoft.Network/virtualNetworks/testvnet1/subnets/hsmsubnet"},"networkInterfaces":[{"id":"/subscriptions/00000000-0000-0000-0000-000000000000/resourceGroups/cli_test_hardware_security_modules_v2000001/providers/Microsoft.Network/networkInterfaces/hsm1_HSMHost1Nic","privateIpAddress":"10.3.1.5"}]},"managementNetworkProfile":{"subnet":{"id":"/subscriptions/00000000-0000-0000-0000-000000000000/resourceGroups/cli_test_hardware_security_modules_v2000001/providers/Microsoft.Network/virtualNetworks/testvnet2/subnets/hsmsubnet2"},"networkInterfaces":[{"id":"/subscriptions/00000000-0000-0000-0000-000000000000/resourceGroups/cli_test_hardware_security_modules_v2000001/providers/Microsoft.Network/networkInterfaces/hsm1_HSMMgmtNic","privateIpAddress":"10.4.1.6"}]},"provisioningState":"Provisioning","statusMessage":"Resource
        creation in progress. Configuring the device...","stampId":"stamp2"}}'
    headers:
      cache-control:
      - no-cache
      content-length:
      - '1698'
      content-type:
      - application/json; charset=utf-8
      date:
      - Wed, 29 Mar 2023 01:17:00 GMT
      expires:
      - '-1'
      pragma:
      - no-cache
      server:
      - Microsoft-IIS/10.0
      strict-transport-security:
      - max-age=31536000; includeSubDomains
      transfer-encoding:
      - chunked
      vary:
      - Accept-Encoding
      x-aspnet-version:
      - 4.0.30319
      x-content-type-options:
      - nosniff
      x-ms-keyvault-service-version:
      - 1.5.692.0
    status:
      code: 200
      message: OK
- request:
    body: null
    headers:
      Accept:
      - '*/*'
      Accept-Encoding:
      - gzip, deflate
      CommandName:
      - dedicated-hsm create
      Connection:
      - keep-alive
      ParameterSetName:
      - --name --location --network-interfaces --subnet --mgmt-network-interfaces
        --mgmt-network-subnet --stamp-id --sku --tags --resource-group
      User-Agent:
      - AZURECLI/2.46.0 azsdk-python-azurededicatedhsmresourceprovider/unknown Python/3.10.10
        (Linux-5.15.0-1034-azure-x86_64-with-glibc2.31) VSTS_7b238909-6802-4b65-b90d-184bca47f458_build_261_0
    method: GET
    uri: https://management.azure.com/subscriptions/00000000-0000-0000-0000-000000000000/resourceGroups/cli_test_hardware_security_modules_v2000001/providers/Microsoft.HardwareSecurityModules/dedicatedHSMs/hsm1?api-version=2021-11-30
  response:
    body:
      string: '{"sku":{"name":"payShield10K_LMK1_CPS60"},"id":"/subscriptions/00000000-0000-0000-0000-000000000000/resourceGroups/cli_test_hardware_security_modules_v2000001/providers/Microsoft.HardwareSecurityModules/dedicatedHSMs/hsm1","name":"hsm1","type":"Microsoft.HardwareSecurityModules/dedicatedHSMs","location":"eastus","tags":{"Dept":"hsm","Environment":"dogfood"},"systemData":{"createdBy":"azureclilivetest@azuresdkteam.onmicrosoft.com","createdByType":"User","createdAt":"2023-03-29T01:16:00.416Z","lastModifiedBy":"azureclilivetest@azuresdkteam.onmicrosoft.com","lastModifiedByType":"User","lastModifiedAt":"2023-03-29T01:16:00.416Z"},"properties":{"networkProfile":{"subnet":{"id":"/subscriptions/00000000-0000-0000-0000-000000000000/resourceGroups/cli_test_hardware_security_modules_v2000001/providers/Microsoft.Network/virtualNetworks/testvnet1/subnets/hsmsubnet"},"networkInterfaces":[{"id":"/subscriptions/00000000-0000-0000-0000-000000000000/resourceGroups/cli_test_hardware_security_modules_v2000001/providers/Microsoft.Network/networkInterfaces/hsm1_HSMHost1Nic","privateIpAddress":"10.3.1.5"}]},"managementNetworkProfile":{"subnet":{"id":"/subscriptions/00000000-0000-0000-0000-000000000000/resourceGroups/cli_test_hardware_security_modules_v2000001/providers/Microsoft.Network/virtualNetworks/testvnet2/subnets/hsmsubnet2"},"networkInterfaces":[{"id":"/subscriptions/00000000-0000-0000-0000-000000000000/resourceGroups/cli_test_hardware_security_modules_v2000001/providers/Microsoft.Network/networkInterfaces/hsm1_HSMMgmtNic","privateIpAddress":"10.4.1.6"}]},"provisioningState":"Provisioning","statusMessage":"Resource
        creation in progress. Configuring the device...","stampId":"stamp2"}}'
    headers:
      cache-control:
      - no-cache
      content-length:
      - '1698'
      content-type:
      - application/json; charset=utf-8
      date:
      - Wed, 29 Mar 2023 01:17:30 GMT
      expires:
      - '-1'
      pragma:
      - no-cache
      server:
      - Microsoft-IIS/10.0
      strict-transport-security:
      - max-age=31536000; includeSubDomains
      transfer-encoding:
      - chunked
      vary:
      - Accept-Encoding
      x-aspnet-version:
      - 4.0.30319
      x-content-type-options:
      - nosniff
      x-ms-keyvault-service-version:
      - 1.5.692.0
    status:
      code: 200
      message: OK
- request:
    body: null
    headers:
      Accept:
      - '*/*'
      Accept-Encoding:
      - gzip, deflate
      CommandName:
      - dedicated-hsm create
      Connection:
      - keep-alive
      ParameterSetName:
      - --name --location --network-interfaces --subnet --mgmt-network-interfaces
        --mgmt-network-subnet --stamp-id --sku --tags --resource-group
      User-Agent:
      - AZURECLI/2.46.0 azsdk-python-azurededicatedhsmresourceprovider/unknown Python/3.10.10
        (Linux-5.15.0-1034-azure-x86_64-with-glibc2.31) VSTS_7b238909-6802-4b65-b90d-184bca47f458_build_261_0
    method: GET
    uri: https://management.azure.com/subscriptions/00000000-0000-0000-0000-000000000000/resourceGroups/cli_test_hardware_security_modules_v2000001/providers/Microsoft.HardwareSecurityModules/dedicatedHSMs/hsm1?api-version=2021-11-30
  response:
    body:
      string: '{"sku":{"name":"payShield10K_LMK1_CPS60"},"id":"/subscriptions/00000000-0000-0000-0000-000000000000/resourceGroups/cli_test_hardware_security_modules_v2000001/providers/Microsoft.HardwareSecurityModules/dedicatedHSMs/hsm1","name":"hsm1","type":"Microsoft.HardwareSecurityModules/dedicatedHSMs","location":"eastus","tags":{"Dept":"hsm","Environment":"dogfood"},"systemData":{"createdBy":"azureclilivetest@azuresdkteam.onmicrosoft.com","createdByType":"User","createdAt":"2023-03-29T01:16:00.416Z","lastModifiedBy":"azureclilivetest@azuresdkteam.onmicrosoft.com","lastModifiedByType":"User","lastModifiedAt":"2023-03-29T01:16:00.416Z"},"properties":{"networkProfile":{"subnet":{"id":"/subscriptions/00000000-0000-0000-0000-000000000000/resourceGroups/cli_test_hardware_security_modules_v2000001/providers/Microsoft.Network/virtualNetworks/testvnet1/subnets/hsmsubnet"},"networkInterfaces":[{"id":"/subscriptions/00000000-0000-0000-0000-000000000000/resourceGroups/cli_test_hardware_security_modules_v2000001/providers/Microsoft.Network/networkInterfaces/hsm1_HSMHost1Nic","privateIpAddress":"10.3.1.5"}]},"managementNetworkProfile":{"subnet":{"id":"/subscriptions/00000000-0000-0000-0000-000000000000/resourceGroups/cli_test_hardware_security_modules_v2000001/providers/Microsoft.Network/virtualNetworks/testvnet2/subnets/hsmsubnet2"},"networkInterfaces":[{"id":"/subscriptions/00000000-0000-0000-0000-000000000000/resourceGroups/cli_test_hardware_security_modules_v2000001/providers/Microsoft.Network/networkInterfaces/hsm1_HSMMgmtNic","privateIpAddress":"10.4.1.6"}]},"provisioningState":"Provisioning","statusMessage":"Resource
        creation in progress. Configuring the device...","stampId":"stamp2"}}'
    headers:
      cache-control:
      - no-cache
      content-length:
      - '1698'
      content-type:
      - application/json; charset=utf-8
      date:
      - Wed, 29 Mar 2023 01:18:01 GMT
      expires:
      - '-1'
      pragma:
      - no-cache
      server:
      - Microsoft-IIS/10.0
      strict-transport-security:
      - max-age=31536000; includeSubDomains
      transfer-encoding:
      - chunked
      vary:
      - Accept-Encoding
      x-aspnet-version:
      - 4.0.30319
      x-content-type-options:
      - nosniff
      x-ms-keyvault-service-version:
      - 1.5.692.0
    status:
      code: 200
      message: OK
- request:
    body: null
    headers:
      Accept:
      - '*/*'
      Accept-Encoding:
      - gzip, deflate
      CommandName:
      - dedicated-hsm create
      Connection:
      - keep-alive
      ParameterSetName:
      - --name --location --network-interfaces --subnet --mgmt-network-interfaces
        --mgmt-network-subnet --stamp-id --sku --tags --resource-group
      User-Agent:
      - AZURECLI/2.46.0 azsdk-python-azurededicatedhsmresourceprovider/unknown Python/3.10.10
        (Linux-5.15.0-1034-azure-x86_64-with-glibc2.31) VSTS_7b238909-6802-4b65-b90d-184bca47f458_build_261_0
    method: GET
    uri: https://management.azure.com/subscriptions/00000000-0000-0000-0000-000000000000/resourceGroups/cli_test_hardware_security_modules_v2000001/providers/Microsoft.HardwareSecurityModules/dedicatedHSMs/hsm1?api-version=2021-11-30
  response:
    body:
      string: '{"sku":{"name":"payShield10K_LMK1_CPS60"},"id":"/subscriptions/00000000-0000-0000-0000-000000000000/resourceGroups/cli_test_hardware_security_modules_v2000001/providers/Microsoft.HardwareSecurityModules/dedicatedHSMs/hsm1","name":"hsm1","type":"Microsoft.HardwareSecurityModules/dedicatedHSMs","location":"eastus","tags":{"Dept":"hsm","Environment":"dogfood"},"systemData":{"createdBy":"azureclilivetest@azuresdkteam.onmicrosoft.com","createdByType":"User","createdAt":"2023-03-29T01:16:00.416Z","lastModifiedBy":"azureclilivetest@azuresdkteam.onmicrosoft.com","lastModifiedByType":"User","lastModifiedAt":"2023-03-29T01:16:00.416Z"},"properties":{"networkProfile":{"subnet":{"id":"/subscriptions/00000000-0000-0000-0000-000000000000/resourceGroups/cli_test_hardware_security_modules_v2000001/providers/Microsoft.Network/virtualNetworks/testvnet1/subnets/hsmsubnet"},"networkInterfaces":[{"id":"/subscriptions/00000000-0000-0000-0000-000000000000/resourceGroups/cli_test_hardware_security_modules_v2000001/providers/Microsoft.Network/networkInterfaces/hsm1_HSMHost1Nic","privateIpAddress":"10.3.1.5"}]},"managementNetworkProfile":{"subnet":{"id":"/subscriptions/00000000-0000-0000-0000-000000000000/resourceGroups/cli_test_hardware_security_modules_v2000001/providers/Microsoft.Network/virtualNetworks/testvnet2/subnets/hsmsubnet2"},"networkInterfaces":[{"id":"/subscriptions/00000000-0000-0000-0000-000000000000/resourceGroups/cli_test_hardware_security_modules_v2000001/providers/Microsoft.Network/networkInterfaces/hsm1_HSMMgmtNic","privateIpAddress":"10.4.1.6"}]},"provisioningState":"Succeeded","statusMessage":"The
        Dedicated HSM device is provisioned successfully and ready to use.","stampId":"stamp2"}}'
    headers:
      cache-control:
      - no-cache
      content-length:
      - '1709'
      content-type:
      - application/json; charset=utf-8
      date:
      - Wed, 29 Mar 2023 01:18:31 GMT
      expires:
      - '-1'
      pragma:
      - no-cache
      server:
      - Microsoft-IIS/10.0
      strict-transport-security:
      - max-age=31536000; includeSubDomains
      transfer-encoding:
      - chunked
      vary:
      - Accept-Encoding
      x-aspnet-version:
      - 4.0.30319
      x-content-type-options:
      - nosniff
      x-ms-keyvault-service-version:
      - 1.5.692.0
    status:
      code: 200
      message: OK
- request:
    body: null
    headers:
      Accept:
      - application/json
      Accept-Encoding:
      - gzip, deflate
      CommandName:
      - dedicated-hsm show
      Connection:
      - keep-alive
      ParameterSetName:
      - --name --resource-group
      User-Agent:
      - AZURECLI/2.46.0 azsdk-python-azurededicatedhsmresourceprovider/unknown Python/3.10.10
        (Linux-5.15.0-1034-azure-x86_64-with-glibc2.31) VSTS_7b238909-6802-4b65-b90d-184bca47f458_build_261_0
    method: GET
    uri: https://management.azure.com/subscriptions/00000000-0000-0000-0000-000000000000/resourceGroups/cli_test_hardware_security_modules_v2000001/providers/Microsoft.HardwareSecurityModules/dedicatedHSMs/hsm1?api-version=2021-11-30
  response:
    body:
      string: '{"sku":{"name":"payShield10K_LMK1_CPS60"},"id":"/subscriptions/00000000-0000-0000-0000-000000000000/resourceGroups/cli_test_hardware_security_modules_v2000001/providers/Microsoft.HardwareSecurityModules/dedicatedHSMs/hsm1","name":"hsm1","type":"Microsoft.HardwareSecurityModules/dedicatedHSMs","location":"eastus","tags":{"Dept":"hsm","Environment":"dogfood"},"systemData":{"createdBy":"azureclilivetest@azuresdkteam.onmicrosoft.com","createdByType":"User","createdAt":"2023-03-29T01:16:00.416Z","lastModifiedBy":"azureclilivetest@azuresdkteam.onmicrosoft.com","lastModifiedByType":"User","lastModifiedAt":"2023-03-29T01:16:00.416Z"},"properties":{"networkProfile":{"subnet":{"id":"/subscriptions/00000000-0000-0000-0000-000000000000/resourceGroups/cli_test_hardware_security_modules_v2000001/providers/Microsoft.Network/virtualNetworks/testvnet1/subnets/hsmsubnet"},"networkInterfaces":[{"id":"/subscriptions/00000000-0000-0000-0000-000000000000/resourceGroups/cli_test_hardware_security_modules_v2000001/providers/Microsoft.Network/networkInterfaces/hsm1_HSMHost1Nic","privateIpAddress":"10.3.1.5"}]},"managementNetworkProfile":{"subnet":{"id":"/subscriptions/00000000-0000-0000-0000-000000000000/resourceGroups/cli_test_hardware_security_modules_v2000001/providers/Microsoft.Network/virtualNetworks/testvnet2/subnets/hsmsubnet2"},"networkInterfaces":[{"id":"/subscriptions/00000000-0000-0000-0000-000000000000/resourceGroups/cli_test_hardware_security_modules_v2000001/providers/Microsoft.Network/networkInterfaces/hsm1_HSMMgmtNic","privateIpAddress":"10.4.1.6"}]},"provisioningState":"Succeeded","statusMessage":"The
        Dedicated HSM device is provisioned successfully and ready to use.","stampId":"stamp2"}}'
    headers:
      cache-control:
      - no-cache
      content-length:
      - '1709'
      content-type:
      - application/json; charset=utf-8
      date:
      - Wed, 29 Mar 2023 01:33:32 GMT
      expires:
      - '-1'
      pragma:
      - no-cache
      server:
      - Microsoft-IIS/10.0
      strict-transport-security:
      - max-age=31536000; includeSubDomains
      transfer-encoding:
      - chunked
      vary:
      - Accept-Encoding
      x-aspnet-version:
      - 4.0.30319
      x-content-type-options:
      - nosniff
      x-ms-keyvault-service-version:
      - 1.5.692.0
    status:
      code: 200
      message: OK
- request:
    body: null
    headers:
      Accept:
      - application/json
      Accept-Encoding:
      - gzip, deflate
      CommandName:
      - dedicated-hsm list
      Connection:
      - keep-alive
      ParameterSetName:
      - --resource-group
      User-Agent:
      - AZURECLI/2.46.0 azsdk-python-azurededicatedhsmresourceprovider/unknown Python/3.10.10
        (Linux-5.15.0-1034-azure-x86_64-with-glibc2.31) VSTS_7b238909-6802-4b65-b90d-184bca47f458_build_261_0
    method: GET
    uri: https://management.azure.com/subscriptions/00000000-0000-0000-0000-000000000000/resourceGroups/cli_test_hardware_security_modules_v2000001/providers/Microsoft.HardwareSecurityModules/dedicatedHSMs?api-version=2021-11-30
  response:
    body:
      string: '{"value":[{"sku":{"name":"payShield10K_LMK1_CPS60"},"id":"/subscriptions/00000000-0000-0000-0000-000000000000/resourceGroups/cli_test_hardware_security_modules_v2000001/providers/Microsoft.HardwareSecurityModules/dedicatedHSMs/hsm1","name":"hsm1","type":"Microsoft.HardwareSecurityModules/dedicatedHSMs","location":"eastus","tags":{"Dept":"hsm","Environment":"dogfood"},"systemData":{"createdBy":"azureclilivetest@azuresdkteam.onmicrosoft.com","createdByType":"User","createdAt":"2023-03-29T01:16:00.416Z","lastModifiedBy":"azureclilivetest@azuresdkteam.onmicrosoft.com","lastModifiedByType":"User","lastModifiedAt":"2023-03-29T01:16:00.416Z"},"properties":{"networkProfile":{"subnet":{"id":"/subscriptions/00000000-0000-0000-0000-000000000000/resourceGroups/cli_test_hardware_security_modules_v2000001/providers/Microsoft.Network/virtualNetworks/testvnet1/subnets/hsmsubnet"},"networkInterfaces":[{"id":"/subscriptions/00000000-0000-0000-0000-000000000000/resourceGroups/cli_test_hardware_security_modules_v2000001/providers/Microsoft.Network/networkInterfaces/hsm1_HSMHost1Nic","privateIpAddress":"10.3.1.5"}]},"managementNetworkProfile":{"subnet":{"id":"/subscriptions/00000000-0000-0000-0000-000000000000/resourceGroups/cli_test_hardware_security_modules_v2000001/providers/Microsoft.Network/virtualNetworks/testvnet2/subnets/hsmsubnet2"},"networkInterfaces":[{"id":"/subscriptions/00000000-0000-0000-0000-000000000000/resourceGroups/cli_test_hardware_security_modules_v2000001/providers/Microsoft.Network/networkInterfaces/hsm1_HSMMgmtNic","privateIpAddress":"10.4.1.6"}]},"provisioningState":"Succeeded","statusMessage":"The
        Dedicated HSM device is provisioned successfully and ready to use.","stampId":"stamp2"}}]}'
    headers:
      cache-control:
      - no-cache
      content-length:
      - '1721'
      content-type:
      - application/json; charset=utf-8
      date:
      - Wed, 29 Mar 2023 01:33:32 GMT
      expires:
      - '-1'
      pragma:
      - no-cache
      server:
      - Microsoft-IIS/10.0
      strict-transport-security:
      - max-age=31536000; includeSubDomains
      transfer-encoding:
      - chunked
      vary:
      - Accept-Encoding
      x-aspnet-version:
      - 4.0.30319
      x-content-type-options:
      - nosniff
      x-ms-keyvault-service-version:
      - 1.5.692.0
    status:
      code: 200
      message: OK
- request:
    body: '{"tags": {"Dept": "hsm", "Environment": "dogfood"}}'
    headers:
      Accept:
      - application/json
      Accept-Encoding:
      - gzip, deflate
      CommandName:
      - dedicated-hsm update
      Connection:
      - keep-alive
      Content-Length:
      - '51'
      Content-Type:
      - application/json
      ParameterSetName:
      - --name --tags --resource-group
      User-Agent:
      - AZURECLI/2.46.0 azsdk-python-azurededicatedhsmresourceprovider/unknown Python/3.10.10
        (Linux-5.15.0-1034-azure-x86_64-with-glibc2.31) VSTS_7b238909-6802-4b65-b90d-184bca47f458_build_261_0
    method: PATCH
    uri: https://management.azure.com/subscriptions/00000000-0000-0000-0000-000000000000/resourceGroups/cli_test_hardware_security_modules_v2000001/providers/Microsoft.HardwareSecurityModules/dedicatedHSMs/hsm1?api-version=2021-11-30
  response:
    body:
      string: '{"sku":{"name":"payShield10K_LMK1_CPS60"},"id":"/subscriptions/00000000-0000-0000-0000-000000000000/resourceGroups/cli_test_hardware_security_modules_v2000001/providers/Microsoft.HardwareSecurityModules/dedicatedHSMs/hsm1","name":"hsm1","type":"Microsoft.HardwareSecurityModules/dedicatedHSMs","location":"eastus","tags":{"Dept":"hsm","Environment":"dogfood"},"systemData":{"createdBy":"azureclilivetest@azuresdkteam.onmicrosoft.com","createdByType":"User","createdAt":"2023-03-29T01:16:00.416Z","lastModifiedBy":"azureclilivetest@azuresdkteam.onmicrosoft.com","lastModifiedByType":"User","lastModifiedAt":"2023-03-29T01:33:33.927Z"},"properties":{"networkProfile":{"subnet":{"id":"/subscriptions/00000000-0000-0000-0000-000000000000/resourceGroups/cli_test_hardware_security_modules_v2000001/providers/Microsoft.Network/virtualNetworks/testvnet1/subnets/hsmsubnet"},"networkInterfaces":[{"id":"/subscriptions/00000000-0000-0000-0000-000000000000/resourceGroups/cli_test_hardware_security_modules_v2000001/providers/Microsoft.Network/networkInterfaces/hsm1_HSMHost1Nic","privateIpAddress":"10.3.1.5"}]},"managementNetworkProfile":{"subnet":{"id":"/subscriptions/00000000-0000-0000-0000-000000000000/resourceGroups/cli_test_hardware_security_modules_v2000001/providers/Microsoft.Network/virtualNetworks/testvnet2/subnets/hsmsubnet2"},"networkInterfaces":[{"id":"/subscriptions/00000000-0000-0000-0000-000000000000/resourceGroups/cli_test_hardware_security_modules_v2000001/providers/Microsoft.Network/networkInterfaces/hsm1_HSMMgmtNic","privateIpAddress":"10.4.1.6"}]},"provisioningState":"Succeeded","statusMessage":"The
        Dedicated HSM device is provisioned successfully and ready to use.","stampId":"stamp2"}}'
    headers:
      cache-control:
      - no-cache
      content-length:
      - '1709'
      content-type:
      - application/json; charset=utf-8
      date:
      - Wed, 29 Mar 2023 01:33:34 GMT
      expires:
      - '-1'
      pragma:
      - no-cache
      server:
      - Microsoft-IIS/10.0
      strict-transport-security:
      - max-age=31536000; includeSubDomains
      transfer-encoding:
      - chunked
      vary:
      - Accept-Encoding
      x-aspnet-version:
      - 4.0.30319
      x-content-type-options:
      - nosniff
      x-ms-keyvault-service-version:
      - 1.5.692.0
      x-ms-ratelimit-remaining-subscription-writes:
      - '1199'
    status:
      code: 200
      message: OK
- request:
    body: null
    headers:
      Accept:
      - application/json
      Accept-Encoding:
      - gzip, deflate
      CommandName:
      - dedicated-hsm delete
      Connection:
      - keep-alive
      Content-Length:
      - '0'
      ParameterSetName:
      - --name --resource-group -y
      User-Agent:
      - AZURECLI/2.46.0 azsdk-python-azurededicatedhsmresourceprovider/unknown Python/3.10.10
        (Linux-5.15.0-1034-azure-x86_64-with-glibc2.31) VSTS_7b238909-6802-4b65-b90d-184bca47f458_build_261_0
    method: DELETE
    uri: https://management.azure.com/subscriptions/00000000-0000-0000-0000-000000000000/resourceGroups/cli_test_hardware_security_modules_v2000001/providers/Microsoft.HardwareSecurityModules/dedicatedHSMs/hsm1?api-version=2021-11-30
  response:
    body:
      string: ''
    headers:
      cache-control:
      - no-cache
      content-length:
      - '0'
      date:
      - Wed, 29 Mar 2023 01:33:35 GMT
      expires:
      - '-1'
      location:
      - https://management.azure.com/subscriptions/00000000-0000-0000-0000-000000000000/providers/Microsoft.HardwareSecurityModules/locations/eastus/operationResults/MEIxRjY0NzEtMUJGMC00RERBLUFFQzMtQ0I5MjcyRjA5NTkwL0NMSV9URVNUX0hBUkRXQVJFX1NFQ1VSSVRZX01PRFVMRVNfVjJQUzdQVlNGNk5MUUxBMlFNVERPM0w3RElCQlJYT0YyTFZBRTRaMy9IU00x?api-version=2021-11-30
      pragma:
      - no-cache
      server:
      - Microsoft-IIS/10.0
      strict-transport-security:
      - max-age=31536000; includeSubDomains
      x-aspnet-version:
      - 4.0.30319
      x-content-type-options:
      - nosniff
      x-ms-keyvault-service-version:
      - 1.5.692.0
      x-ms-ratelimit-remaining-subscription-deletes:
      - '14999'
    status:
      code: 202
      message: Accepted
- request:
    body: null
    headers:
      Accept:
      - '*/*'
      Accept-Encoding:
      - gzip, deflate
      CommandName:
      - dedicated-hsm delete
      Connection:
      - keep-alive
      ParameterSetName:
      - --name --resource-group -y
      User-Agent:
      - AZURECLI/2.46.0 azsdk-python-azurededicatedhsmresourceprovider/unknown Python/3.10.10
        (Linux-5.15.0-1034-azure-x86_64-with-glibc2.31) VSTS_7b238909-6802-4b65-b90d-184bca47f458_build_261_0
    method: GET
    uri: https://management.azure.com/subscriptions/00000000-0000-0000-0000-000000000000/providers/Microsoft.HardwareSecurityModules/locations/eastus/operationResults/MEIxRjY0NzEtMUJGMC00RERBLUFFQzMtQ0I5MjcyRjA5NTkwL0NMSV9URVNUX0hBUkRXQVJFX1NFQ1VSSVRZX01PRFVMRVNfVjJQUzdQVlNGNk5MUUxBMlFNVERPM0w3RElCQlJYT0YyTFZBRTRaMy9IU00x?api-version=2021-11-30
  response:
    body:
      string: ''
    headers:
      cache-control:
      - no-cache
      content-length:
      - '0'
      date:
      - Wed, 29 Mar 2023 01:33:40 GMT
      expires:
      - '-1'
      location:
      - https://management.azure.com/subscriptions/00000000-0000-0000-0000-000000000000/providers/Microsoft.HardwareSecurityModules/locations/eastus/operationResults/MEIxRjY0NzEtMUJGMC00RERBLUFFQzMtQ0I5MjcyRjA5NTkwL0NMSV9URVNUX0hBUkRXQVJFX1NFQ1VSSVRZX01PRFVMRVNfVjJQUzdQVlNGNk5MUUxBMlFNVERPM0w3RElCQlJYT0YyTFZBRTRaMy9IU00x?api-version=2021-11-30
      pragma:
      - no-cache
      server:
      - Microsoft-IIS/10.0
      strict-transport-security:
      - max-age=31536000; includeSubDomains
      x-aspnet-version:
      - 4.0.30319
      x-content-type-options:
      - nosniff
      x-ms-keyvault-service-version:
      - 1.5.692.0
    status:
      code: 202
      message: Accepted
- request:
    body: null
    headers:
      Accept:
      - '*/*'
      Accept-Encoding:
      - gzip, deflate
      CommandName:
      - dedicated-hsm delete
      Connection:
      - keep-alive
      ParameterSetName:
      - --name --resource-group -y
      User-Agent:
      - AZURECLI/2.46.0 azsdk-python-azurededicatedhsmresourceprovider/unknown Python/3.10.10
        (Linux-5.15.0-1034-azure-x86_64-with-glibc2.31) VSTS_7b238909-6802-4b65-b90d-184bca47f458_build_261_0
    method: GET
    uri: https://management.azure.com/subscriptions/00000000-0000-0000-0000-000000000000/providers/Microsoft.HardwareSecurityModules/locations/eastus/operationResults/MEIxRjY0NzEtMUJGMC00RERBLUFFQzMtQ0I5MjcyRjA5NTkwL0NMSV9URVNUX0hBUkRXQVJFX1NFQ1VSSVRZX01PRFVMRVNfVjJQUzdQVlNGNk5MUUxBMlFNVERPM0w3RElCQlJYT0YyTFZBRTRaMy9IU00x?api-version=2021-11-30
  response:
    body:
      string: ''
    headers:
      cache-control:
      - no-cache
      content-length:
      - '0'
      date:
      - Wed, 29 Mar 2023 01:33:45 GMT
      expires:
      - '-1'
      location:
      - https://management.azure.com/subscriptions/00000000-0000-0000-0000-000000000000/providers/Microsoft.HardwareSecurityModules/locations/eastus/operationResults/MEIxRjY0NzEtMUJGMC00RERBLUFFQzMtQ0I5MjcyRjA5NTkwL0NMSV9URVNUX0hBUkRXQVJFX1NFQ1VSSVRZX01PRFVMRVNfVjJQUzdQVlNGNk5MUUxBMlFNVERPM0w3RElCQlJYT0YyTFZBRTRaMy9IU00x?api-version=2021-11-30
      pragma:
      - no-cache
      server:
      - Microsoft-IIS/10.0
      strict-transport-security:
      - max-age=31536000; includeSubDomains
      x-aspnet-version:
      - 4.0.30319
      x-content-type-options:
      - nosniff
      x-ms-keyvault-service-version:
      - 1.5.692.0
    status:
      code: 202
      message: Accepted
- request:
    body: null
    headers:
      Accept:
      - '*/*'
      Accept-Encoding:
      - gzip, deflate
      CommandName:
      - dedicated-hsm delete
      Connection:
      - keep-alive
      ParameterSetName:
      - --name --resource-group -y
      User-Agent:
      - AZURECLI/2.46.0 azsdk-python-azurededicatedhsmresourceprovider/unknown Python/3.10.10
        (Linux-5.15.0-1034-azure-x86_64-with-glibc2.31) VSTS_7b238909-6802-4b65-b90d-184bca47f458_build_261_0
    method: GET
    uri: https://management.azure.com/subscriptions/00000000-0000-0000-0000-000000000000/providers/Microsoft.HardwareSecurityModules/locations/eastus/operationResults/MEIxRjY0NzEtMUJGMC00RERBLUFFQzMtQ0I5MjcyRjA5NTkwL0NMSV9URVNUX0hBUkRXQVJFX1NFQ1VSSVRZX01PRFVMRVNfVjJQUzdQVlNGNk5MUUxBMlFNVERPM0w3RElCQlJYT0YyTFZBRTRaMy9IU00x?api-version=2021-11-30
  response:
    body:
      string: ''
    headers:
      cache-control:
      - no-cache
      content-length:
      - '0'
      date:
      - Wed, 29 Mar 2023 01:33:50 GMT
      expires:
      - '-1'
      location:
      - https://management.azure.com/subscriptions/00000000-0000-0000-0000-000000000000/providers/Microsoft.HardwareSecurityModules/locations/eastus/operationResults/MEIxRjY0NzEtMUJGMC00RERBLUFFQzMtQ0I5MjcyRjA5NTkwL0NMSV9URVNUX0hBUkRXQVJFX1NFQ1VSSVRZX01PRFVMRVNfVjJQUzdQVlNGNk5MUUxBMlFNVERPM0w3RElCQlJYT0YyTFZBRTRaMy9IU00x?api-version=2021-11-30
      pragma:
      - no-cache
      server:
      - Microsoft-IIS/10.0
      strict-transport-security:
      - max-age=31536000; includeSubDomains
      x-aspnet-version:
      - 4.0.30319
      x-content-type-options:
      - nosniff
      x-ms-keyvault-service-version:
      - 1.5.692.0
    status:
      code: 202
      message: Accepted
- request:
    body: null
    headers:
      Accept:
      - '*/*'
      Accept-Encoding:
      - gzip, deflate
      CommandName:
      - dedicated-hsm delete
      Connection:
      - keep-alive
      ParameterSetName:
      - --name --resource-group -y
      User-Agent:
      - AZURECLI/2.46.0 azsdk-python-azurededicatedhsmresourceprovider/unknown Python/3.10.10
        (Linux-5.15.0-1034-azure-x86_64-with-glibc2.31) VSTS_7b238909-6802-4b65-b90d-184bca47f458_build_261_0
    method: GET
    uri: https://management.azure.com/subscriptions/00000000-0000-0000-0000-000000000000/providers/Microsoft.HardwareSecurityModules/locations/eastus/operationResults/MEIxRjY0NzEtMUJGMC00RERBLUFFQzMtQ0I5MjcyRjA5NTkwL0NMSV9URVNUX0hBUkRXQVJFX1NFQ1VSSVRZX01PRFVMRVNfVjJQUzdQVlNGNk5MUUxBMlFNVERPM0w3RElCQlJYT0YyTFZBRTRaMy9IU00x?api-version=2021-11-30
  response:
    body:
      string: ''
    headers:
      cache-control:
      - no-cache
      content-length:
      - '0'
      date:
      - Wed, 29 Mar 2023 01:33:55 GMT
      expires:
      - '-1'
      location:
      - https://management.azure.com/subscriptions/00000000-0000-0000-0000-000000000000/providers/Microsoft.HardwareSecurityModules/locations/eastus/operationResults/MEIxRjY0NzEtMUJGMC00RERBLUFFQzMtQ0I5MjcyRjA5NTkwL0NMSV9URVNUX0hBUkRXQVJFX1NFQ1VSSVRZX01PRFVMRVNfVjJQUzdQVlNGNk5MUUxBMlFNVERPM0w3RElCQlJYT0YyTFZBRTRaMy9IU00x?api-version=2021-11-30
      pragma:
      - no-cache
      server:
      - Microsoft-IIS/10.0
      strict-transport-security:
      - max-age=31536000; includeSubDomains
      x-aspnet-version:
      - 4.0.30319
      x-content-type-options:
      - nosniff
      x-ms-keyvault-service-version:
      - 1.5.692.0
    status:
      code: 202
      message: Accepted
- request:
    body: null
    headers:
      Accept:
      - '*/*'
      Accept-Encoding:
      - gzip, deflate
      CommandName:
      - dedicated-hsm delete
      Connection:
      - keep-alive
      ParameterSetName:
      - --name --resource-group -y
      User-Agent:
      - AZURECLI/2.46.0 azsdk-python-azurededicatedhsmresourceprovider/unknown Python/3.10.10
        (Linux-5.15.0-1034-azure-x86_64-with-glibc2.31) VSTS_7b238909-6802-4b65-b90d-184bca47f458_build_261_0
    method: GET
    uri: https://management.azure.com/subscriptions/00000000-0000-0000-0000-000000000000/providers/Microsoft.HardwareSecurityModules/locations/eastus/operationResults/MEIxRjY0NzEtMUJGMC00RERBLUFFQzMtQ0I5MjcyRjA5NTkwL0NMSV9URVNUX0hBUkRXQVJFX1NFQ1VSSVRZX01PRFVMRVNfVjJQUzdQVlNGNk5MUUxBMlFNVERPM0w3RElCQlJYT0YyTFZBRTRaMy9IU00x?api-version=2021-11-30
  response:
    body:
      string: ''
    headers:
      cache-control:
      - no-cache
      content-length:
      - '0'
      date:
      - Wed, 29 Mar 2023 01:34:00 GMT
      expires:
      - '-1'
      location:
      - https://management.azure.com/subscriptions/00000000-0000-0000-0000-000000000000/providers/Microsoft.HardwareSecurityModules/locations/eastus/operationResults/MEIxRjY0NzEtMUJGMC00RERBLUFFQzMtQ0I5MjcyRjA5NTkwL0NMSV9URVNUX0hBUkRXQVJFX1NFQ1VSSVRZX01PRFVMRVNfVjJQUzdQVlNGNk5MUUxBMlFNVERPM0w3RElCQlJYT0YyTFZBRTRaMy9IU00x?api-version=2021-11-30
      pragma:
      - no-cache
      server:
      - Microsoft-IIS/10.0
      strict-transport-security:
      - max-age=31536000; includeSubDomains
      x-aspnet-version:
      - 4.0.30319
      x-content-type-options:
      - nosniff
      x-ms-keyvault-service-version:
      - 1.5.692.0
    status:
      code: 202
      message: Accepted
- request:
    body: null
    headers:
      Accept:
      - '*/*'
      Accept-Encoding:
      - gzip, deflate
      CommandName:
      - dedicated-hsm delete
      Connection:
      - keep-alive
      ParameterSetName:
      - --name --resource-group -y
      User-Agent:
      - AZURECLI/2.46.0 azsdk-python-azurededicatedhsmresourceprovider/unknown Python/3.10.10
        (Linux-5.15.0-1034-azure-x86_64-with-glibc2.31) VSTS_7b238909-6802-4b65-b90d-184bca47f458_build_261_0
    method: GET
    uri: https://management.azure.com/subscriptions/00000000-0000-0000-0000-000000000000/providers/Microsoft.HardwareSecurityModules/locations/eastus/operationResults/MEIxRjY0NzEtMUJGMC00RERBLUFFQzMtQ0I5MjcyRjA5NTkwL0NMSV9URVNUX0hBUkRXQVJFX1NFQ1VSSVRZX01PRFVMRVNfVjJQUzdQVlNGNk5MUUxBMlFNVERPM0w3RElCQlJYT0YyTFZBRTRaMy9IU00x?api-version=2021-11-30
  response:
    body:
      string: ''
    headers:
      cache-control:
      - no-cache
      content-length:
      - '0'
      date:
      - Wed, 29 Mar 2023 01:34:05 GMT
      expires:
      - '-1'
      location:
      - https://management.azure.com/subscriptions/00000000-0000-0000-0000-000000000000/providers/Microsoft.HardwareSecurityModules/locations/eastus/operationResults/MEIxRjY0NzEtMUJGMC00RERBLUFFQzMtQ0I5MjcyRjA5NTkwL0NMSV9URVNUX0hBUkRXQVJFX1NFQ1VSSVRZX01PRFVMRVNfVjJQUzdQVlNGNk5MUUxBMlFNVERPM0w3RElCQlJYT0YyTFZBRTRaMy9IU00x?api-version=2021-11-30
      pragma:
      - no-cache
      server:
      - Microsoft-IIS/10.0
      strict-transport-security:
      - max-age=31536000; includeSubDomains
      x-aspnet-version:
      - 4.0.30319
      x-content-type-options:
      - nosniff
      x-ms-keyvault-service-version:
      - 1.5.692.0
    status:
      code: 202
      message: Accepted
- request:
    body: null
    headers:
      Accept:
      - '*/*'
      Accept-Encoding:
      - gzip, deflate
      CommandName:
      - dedicated-hsm delete
      Connection:
      - keep-alive
      ParameterSetName:
      - --name --resource-group -y
      User-Agent:
      - AZURECLI/2.46.0 azsdk-python-azurededicatedhsmresourceprovider/unknown Python/3.10.10
        (Linux-5.15.0-1034-azure-x86_64-with-glibc2.31) VSTS_7b238909-6802-4b65-b90d-184bca47f458_build_261_0
    method: GET
    uri: https://management.azure.com/subscriptions/00000000-0000-0000-0000-000000000000/providers/Microsoft.HardwareSecurityModules/locations/eastus/operationResults/MEIxRjY0NzEtMUJGMC00RERBLUFFQzMtQ0I5MjcyRjA5NTkwL0NMSV9URVNUX0hBUkRXQVJFX1NFQ1VSSVRZX01PRFVMRVNfVjJQUzdQVlNGNk5MUUxBMlFNVERPM0w3RElCQlJYT0YyTFZBRTRaMy9IU00x?api-version=2021-11-30
  response:
    body:
      string: ''
    headers:
      cache-control:
      - no-cache
      content-length:
      - '0'
      date:
      - Wed, 29 Mar 2023 01:34:10 GMT
      expires:
      - '-1'
      location:
      - https://management.azure.com/subscriptions/00000000-0000-0000-0000-000000000000/providers/Microsoft.HardwareSecurityModules/locations/eastus/operationResults/MEIxRjY0NzEtMUJGMC00RERBLUFFQzMtQ0I5MjcyRjA5NTkwL0NMSV9URVNUX0hBUkRXQVJFX1NFQ1VSSVRZX01PRFVMRVNfVjJQUzdQVlNGNk5MUUxBMlFNVERPM0w3RElCQlJYT0YyTFZBRTRaMy9IU00x?api-version=2021-11-30
      pragma:
      - no-cache
      server:
      - Microsoft-IIS/10.0
      strict-transport-security:
      - max-age=31536000; includeSubDomains
      x-aspnet-version:
      - 4.0.30319
      x-content-type-options:
      - nosniff
      x-ms-keyvault-service-version:
      - 1.5.692.0
    status:
      code: 202
      message: Accepted
- request:
    body: null
    headers:
      Accept:
      - '*/*'
      Accept-Encoding:
      - gzip, deflate
      CommandName:
      - dedicated-hsm delete
      Connection:
      - keep-alive
      ParameterSetName:
      - --name --resource-group -y
      User-Agent:
      - AZURECLI/2.46.0 azsdk-python-azurededicatedhsmresourceprovider/unknown Python/3.10.10
        (Linux-5.15.0-1034-azure-x86_64-with-glibc2.31) VSTS_7b238909-6802-4b65-b90d-184bca47f458_build_261_0
    method: GET
    uri: https://management.azure.com/subscriptions/00000000-0000-0000-0000-000000000000/providers/Microsoft.HardwareSecurityModules/locations/eastus/operationResults/MEIxRjY0NzEtMUJGMC00RERBLUFFQzMtQ0I5MjcyRjA5NTkwL0NMSV9URVNUX0hBUkRXQVJFX1NFQ1VSSVRZX01PRFVMRVNfVjJQUzdQVlNGNk5MUUxBMlFNVERPM0w3RElCQlJYT0YyTFZBRTRaMy9IU00x?api-version=2021-11-30
  response:
    body:
      string: ''
    headers:
      cache-control:
      - no-cache
      content-length:
      - '0'
      date:
      - Wed, 29 Mar 2023 01:34:16 GMT
      expires:
      - '-1'
      pragma:
      - no-cache
      server:
      - Microsoft-IIS/10.0
      strict-transport-security:
      - max-age=31536000; includeSubDomains
      x-aspnet-version:
      - 4.0.30319
      x-content-type-options:
      - nosniff
      x-ms-keyvault-service-version:
      - 1.5.692.0
    status:
      code: 200
      message: OK
- request:
    body: null
    headers:
      Accept:
      - '*/*'
      Accept-Encoding:
      - gzip, deflate
      CommandName:
      - network vnet-gateway delete
      Connection:
      - keep-alive
      Content-Length:
      - '0'
      ParameterSetName:
      - -g -n
      User-Agent:
      - AZURECLI/2.46.0 (AAZ) azsdk-python-core/1.24.0 Python/3.10.10 (Linux-5.15.0-1034-azure-x86_64-with-glibc2.31)
        VSTS_7b238909-6802-4b65-b90d-184bca47f458_build_261_0
    method: DELETE
    uri: https://management.azure.com/subscriptions/00000000-0000-0000-0000-000000000000/resourceGroups/cli_test_hardware_security_modules_v2000001/providers/Microsoft.Network/virtualNetworkGateways/testVnetGateway?api-version=2022-01-01
  response:
    body:
      string: ''
    headers:
      azure-asyncnotification:
      - Enabled
      azure-asyncoperation:
      - https://management.azure.com/subscriptions/00000000-0000-0000-0000-000000000000/providers/Microsoft.Network/locations/eastus/operations/8fa36086-4161-462e-b63a-72d23db855dd?api-version=2022-01-01
      cache-control:
      - no-cache
      content-length:
      - '0'
      date:
      - Wed, 29 Mar 2023 01:34:17 GMT
      expires:
      - '-1'
      location:
      - https://management.azure.com/subscriptions/00000000-0000-0000-0000-000000000000/providers/Microsoft.Network/locations/eastus/operationResults/8fa36086-4161-462e-b63a-72d23db855dd?api-version=2022-01-01
      pragma:
      - no-cache
      server:
      - Microsoft-HTTPAPI/2.0
      - Microsoft-HTTPAPI/2.0
      strict-transport-security:
      - max-age=31536000; includeSubDomains
      x-content-type-options:
      - nosniff
      x-ms-arm-service-request-id:
      - 5c9b6b38-4b36-4192-8edb-8a2ac0758cf3
      x-ms-ratelimit-remaining-subscription-deletes:
      - '14998'
    status:
      code: 202
      message: ''
- request:
    body: null
    headers:
      Accept:
      - '*/*'
      Accept-Encoding:
      - gzip, deflate
      CommandName:
      - network vnet-gateway delete
      Connection:
      - keep-alive
      ParameterSetName:
      - -g -n
      User-Agent:
      - AZURECLI/2.46.0 (AAZ) azsdk-python-core/1.24.0 Python/3.10.10 (Linux-5.15.0-1034-azure-x86_64-with-glibc2.31)
        VSTS_7b238909-6802-4b65-b90d-184bca47f458_build_261_0
    method: GET
    uri: https://management.azure.com/subscriptions/00000000-0000-0000-0000-000000000000/providers/Microsoft.Network/locations/eastus/operations/8fa36086-4161-462e-b63a-72d23db855dd?api-version=2022-01-01
  response:
    body:
      string: "{\r\n  \"status\": \"InProgress\"\r\n}"
    headers:
      cache-control:
      - no-cache
      content-length:
      - '30'
      content-type:
      - application/json; charset=utf-8
      date:
      - Wed, 29 Mar 2023 01:34:26 GMT
      expires:
      - '-1'
      pragma:
      - no-cache
      server:
      - Microsoft-HTTPAPI/2.0
      - Microsoft-HTTPAPI/2.0
      strict-transport-security:
      - max-age=31536000; includeSubDomains
      transfer-encoding:
      - chunked
      vary:
      - Accept-Encoding
      x-content-type-options:
      - nosniff
      x-ms-arm-service-request-id:
      - 73f531f5-d725-4dce-a511-cf90c8b1d5ea
    status:
      code: 200
      message: ''
- request:
    body: null
    headers:
      Accept:
      - '*/*'
      Accept-Encoding:
      - gzip, deflate
      CommandName:
      - network vnet-gateway delete
      Connection:
      - keep-alive
      ParameterSetName:
      - -g -n
      User-Agent:
      - AZURECLI/2.46.0 (AAZ) azsdk-python-core/1.24.0 Python/3.10.10 (Linux-5.15.0-1034-azure-x86_64-with-glibc2.31)
        VSTS_7b238909-6802-4b65-b90d-184bca47f458_build_261_0
    method: GET
    uri: https://management.azure.com/subscriptions/00000000-0000-0000-0000-000000000000/providers/Microsoft.Network/locations/eastus/operations/8fa36086-4161-462e-b63a-72d23db855dd?api-version=2022-01-01
  response:
    body:
      string: "{\r\n  \"status\": \"InProgress\"\r\n}"
    headers:
      cache-control:
      - no-cache
      content-length:
      - '30'
      content-type:
      - application/json; charset=utf-8
      date:
      - Wed, 29 Mar 2023 01:34:36 GMT
      expires:
      - '-1'
      pragma:
      - no-cache
      server:
      - Microsoft-HTTPAPI/2.0
      - Microsoft-HTTPAPI/2.0
      strict-transport-security:
      - max-age=31536000; includeSubDomains
      transfer-encoding:
      - chunked
      vary:
      - Accept-Encoding
      x-content-type-options:
      - nosniff
      x-ms-arm-service-request-id:
      - 630a4c17-e7b9-4699-b8b8-1c8bd3f7d175
    status:
      code: 200
      message: ''
- request:
    body: null
    headers:
      Accept:
      - '*/*'
      Accept-Encoding:
      - gzip, deflate
      CommandName:
      - network vnet-gateway delete
      Connection:
      - keep-alive
      ParameterSetName:
      - -g -n
      User-Agent:
      - AZURECLI/2.46.0 (AAZ) azsdk-python-core/1.24.0 Python/3.10.10 (Linux-5.15.0-1034-azure-x86_64-with-glibc2.31)
        VSTS_7b238909-6802-4b65-b90d-184bca47f458_build_261_0
    method: GET
    uri: https://management.azure.com/subscriptions/00000000-0000-0000-0000-000000000000/providers/Microsoft.Network/locations/eastus/operations/8fa36086-4161-462e-b63a-72d23db855dd?api-version=2022-01-01
  response:
    body:
      string: "{\r\n  \"status\": \"InProgress\"\r\n}"
    headers:
      cache-control:
      - no-cache
      content-length:
      - '30'
      content-type:
      - application/json; charset=utf-8
      date:
      - Wed, 29 Mar 2023 01:34:57 GMT
      expires:
      - '-1'
      pragma:
      - no-cache
      server:
      - Microsoft-HTTPAPI/2.0
      - Microsoft-HTTPAPI/2.0
      strict-transport-security:
      - max-age=31536000; includeSubDomains
      transfer-encoding:
      - chunked
      vary:
      - Accept-Encoding
      x-content-type-options:
      - nosniff
      x-ms-arm-service-request-id:
      - d813ec6b-fe0d-41ee-a1db-10bcecedd8c2
    status:
      code: 200
      message: ''
- request:
    body: null
    headers:
      Accept:
      - '*/*'
      Accept-Encoding:
      - gzip, deflate
      CommandName:
      - network vnet-gateway delete
      Connection:
      - keep-alive
      ParameterSetName:
      - -g -n
      User-Agent:
      - AZURECLI/2.46.0 (AAZ) azsdk-python-core/1.24.0 Python/3.10.10 (Linux-5.15.0-1034-azure-x86_64-with-glibc2.31)
        VSTS_7b238909-6802-4b65-b90d-184bca47f458_build_261_0
    method: GET
    uri: https://management.azure.com/subscriptions/00000000-0000-0000-0000-000000000000/providers/Microsoft.Network/locations/eastus/operations/8fa36086-4161-462e-b63a-72d23db855dd?api-version=2022-01-01
  response:
    body:
      string: "{\r\n  \"status\": \"InProgress\"\r\n}"
    headers:
      cache-control:
      - no-cache
      content-length:
      - '30'
      content-type:
      - application/json; charset=utf-8
      date:
      - Wed, 29 Mar 2023 01:35:17 GMT
      expires:
      - '-1'
      pragma:
      - no-cache
      server:
      - Microsoft-HTTPAPI/2.0
      - Microsoft-HTTPAPI/2.0
      strict-transport-security:
      - max-age=31536000; includeSubDomains
      transfer-encoding:
      - chunked
      vary:
      - Accept-Encoding
      x-content-type-options:
      - nosniff
      x-ms-arm-service-request-id:
      - 86c61bbc-797f-41c2-ad70-c4517e1561e7
    status:
      code: 200
      message: ''
- request:
    body: null
    headers:
      Accept:
      - '*/*'
      Accept-Encoding:
      - gzip, deflate
      CommandName:
      - network vnet-gateway delete
      Connection:
      - keep-alive
      ParameterSetName:
      - -g -n
      User-Agent:
      - AZURECLI/2.46.0 (AAZ) azsdk-python-core/1.24.0 Python/3.10.10 (Linux-5.15.0-1034-azure-x86_64-with-glibc2.31)
        VSTS_7b238909-6802-4b65-b90d-184bca47f458_build_261_0
    method: GET
    uri: https://management.azure.com/subscriptions/00000000-0000-0000-0000-000000000000/providers/Microsoft.Network/locations/eastus/operations/8fa36086-4161-462e-b63a-72d23db855dd?api-version=2022-01-01
  response:
    body:
      string: "{\r\n  \"status\": \"InProgress\"\r\n}"
    headers:
      cache-control:
      - no-cache
      content-length:
      - '30'
      content-type:
      - application/json; charset=utf-8
      date:
      - Wed, 29 Mar 2023 01:35:57 GMT
      expires:
      - '-1'
      pragma:
      - no-cache
      server:
      - Microsoft-HTTPAPI/2.0
      - Microsoft-HTTPAPI/2.0
      strict-transport-security:
      - max-age=31536000; includeSubDomains
      transfer-encoding:
      - chunked
      vary:
      - Accept-Encoding
      x-content-type-options:
      - nosniff
      x-ms-arm-service-request-id:
      - 3d52839e-68dd-4c2d-90d9-9b8e529e77e1
    status:
      code: 200
      message: ''
- request:
    body: null
    headers:
      Accept:
      - '*/*'
      Accept-Encoding:
      - gzip, deflate
      CommandName:
      - network vnet-gateway delete
      Connection:
      - keep-alive
      ParameterSetName:
      - -g -n
      User-Agent:
      - AZURECLI/2.46.0 (AAZ) azsdk-python-core/1.24.0 Python/3.10.10 (Linux-5.15.0-1034-azure-x86_64-with-glibc2.31)
        VSTS_7b238909-6802-4b65-b90d-184bca47f458_build_261_0
    method: GET
    uri: https://management.azure.com/subscriptions/00000000-0000-0000-0000-000000000000/providers/Microsoft.Network/locations/eastus/operations/8fa36086-4161-462e-b63a-72d23db855dd?api-version=2022-01-01
  response:
    body:
      string: "{\r\n  \"status\": \"InProgress\"\r\n}"
    headers:
      cache-control:
      - no-cache
      content-length:
      - '30'
      content-type:
      - application/json; charset=utf-8
      date:
      - Wed, 29 Mar 2023 01:36:37 GMT
      expires:
      - '-1'
      pragma:
      - no-cache
      server:
      - Microsoft-HTTPAPI/2.0
      - Microsoft-HTTPAPI/2.0
      strict-transport-security:
      - max-age=31536000; includeSubDomains
      transfer-encoding:
      - chunked
      vary:
      - Accept-Encoding
      x-content-type-options:
      - nosniff
      x-ms-arm-service-request-id:
      - 9f372a07-ae5d-4a14-99e3-28c748b25eee
    status:
      code: 200
      message: ''
- request:
    body: null
    headers:
      Accept:
      - '*/*'
      Accept-Encoding:
      - gzip, deflate
      CommandName:
      - network vnet-gateway delete
      Connection:
      - keep-alive
      ParameterSetName:
      - -g -n
      User-Agent:
      - AZURECLI/2.46.0 (AAZ) azsdk-python-core/1.24.0 Python/3.10.10 (Linux-5.15.0-1034-azure-x86_64-with-glibc2.31)
        VSTS_7b238909-6802-4b65-b90d-184bca47f458_build_261_0
    method: GET
    uri: https://management.azure.com/subscriptions/00000000-0000-0000-0000-000000000000/providers/Microsoft.Network/locations/eastus/operations/8fa36086-4161-462e-b63a-72d23db855dd?api-version=2022-01-01
  response:
    body:
      string: "{\r\n  \"status\": \"InProgress\"\r\n}"
    headers:
      cache-control:
      - no-cache
      content-length:
      - '30'
      content-type:
      - application/json; charset=utf-8
      date:
      - Wed, 29 Mar 2023 01:37:57 GMT
      expires:
      - '-1'
      pragma:
      - no-cache
      server:
      - Microsoft-HTTPAPI/2.0
      - Microsoft-HTTPAPI/2.0
      strict-transport-security:
      - max-age=31536000; includeSubDomains
      transfer-encoding:
      - chunked
      vary:
      - Accept-Encoding
      x-content-type-options:
      - nosniff
      x-ms-arm-service-request-id:
      - 6e5dc999-a14f-44e9-9169-9a9114fcbd3f
    status:
      code: 200
      message: ''
- request:
    body: null
    headers:
      Accept:
      - '*/*'
      Accept-Encoding:
      - gzip, deflate
      CommandName:
      - network vnet-gateway delete
      Connection:
      - keep-alive
      ParameterSetName:
      - -g -n
      User-Agent:
      - AZURECLI/2.46.0 (AAZ) azsdk-python-core/1.24.0 Python/3.10.10 (Linux-5.15.0-1034-azure-x86_64-with-glibc2.31)
        VSTS_7b238909-6802-4b65-b90d-184bca47f458_build_261_0
    method: GET
    uri: https://management.azure.com/subscriptions/00000000-0000-0000-0000-000000000000/providers/Microsoft.Network/locations/eastus/operations/8fa36086-4161-462e-b63a-72d23db855dd?api-version=2022-01-01
  response:
    body:
      string: "{\r\n  \"status\": \"InProgress\"\r\n}"
    headers:
      cache-control:
      - no-cache
      content-length:
      - '30'
      content-type:
      - application/json; charset=utf-8
      date:
      - Wed, 29 Mar 2023 01:40:37 GMT
      expires:
      - '-1'
      pragma:
      - no-cache
      server:
      - Microsoft-HTTPAPI/2.0
      - Microsoft-HTTPAPI/2.0
      strict-transport-security:
      - max-age=31536000; includeSubDomains
      transfer-encoding:
      - chunked
      vary:
      - Accept-Encoding
      x-content-type-options:
      - nosniff
      x-ms-arm-service-request-id:
      - 30f9dd34-d45e-49ac-80ab-b1be064200c0
    status:
      code: 200
      message: ''
- request:
    body: null
    headers:
      Accept:
      - '*/*'
      Accept-Encoding:
      - gzip, deflate
      CommandName:
      - network vnet-gateway delete
      Connection:
      - keep-alive
      ParameterSetName:
      - -g -n
      User-Agent:
      - AZURECLI/2.46.0 (AAZ) azsdk-python-core/1.24.0 Python/3.10.10 (Linux-5.15.0-1034-azure-x86_64-with-glibc2.31)
        VSTS_7b238909-6802-4b65-b90d-184bca47f458_build_261_0
    method: GET
    uri: https://management.azure.com/subscriptions/00000000-0000-0000-0000-000000000000/providers/Microsoft.Network/locations/eastus/operations/8fa36086-4161-462e-b63a-72d23db855dd?api-version=2022-01-01
  response:
    body:
      string: "{\r\n  \"status\": \"InProgress\"\r\n}"
    headers:
      cache-control:
      - no-cache
      content-length:
      - '30'
      content-type:
      - application/json; charset=utf-8
      date:
      - Wed, 29 Mar 2023 01:42:18 GMT
      expires:
      - '-1'
      pragma:
      - no-cache
      server:
      - Microsoft-HTTPAPI/2.0
      - Microsoft-HTTPAPI/2.0
      strict-transport-security:
      - max-age=31536000; includeSubDomains
      transfer-encoding:
      - chunked
      vary:
      - Accept-Encoding
      x-content-type-options:
      - nosniff
      x-ms-arm-service-request-id:
      - 17e1f7f5-4739-4f33-8d18-8a48749629df
    status:
      code: 200
      message: ''
- request:
    body: null
    headers:
      Accept:
      - '*/*'
      Accept-Encoding:
      - gzip, deflate
      CommandName:
      - network vnet-gateway delete
      Connection:
      - keep-alive
      ParameterSetName:
      - -g -n
      User-Agent:
      - AZURECLI/2.46.0 (AAZ) azsdk-python-core/1.24.0 Python/3.10.10 (Linux-5.15.0-1034-azure-x86_64-with-glibc2.31)
        VSTS_7b238909-6802-4b65-b90d-184bca47f458_build_261_0
    method: GET
    uri: https://management.azure.com/subscriptions/00000000-0000-0000-0000-000000000000/providers/Microsoft.Network/locations/eastus/operations/8fa36086-4161-462e-b63a-72d23db855dd?api-version=2022-01-01
  response:
    body:
      string: "{\r\n  \"status\": \"InProgress\"\r\n}"
    headers:
      cache-control:
      - no-cache
      content-length:
      - '30'
      content-type:
      - application/json; charset=utf-8
      date:
      - Wed, 29 Mar 2023 01:43:58 GMT
      expires:
      - '-1'
      pragma:
      - no-cache
      server:
      - Microsoft-HTTPAPI/2.0
      - Microsoft-HTTPAPI/2.0
      strict-transport-security:
      - max-age=31536000; includeSubDomains
      transfer-encoding:
      - chunked
      vary:
      - Accept-Encoding
      x-content-type-options:
      - nosniff
      x-ms-arm-service-request-id:
      - 7745bf2c-67c4-4747-8418-5b038ac53eae
    status:
      code: 200
      message: ''
- request:
    body: null
    headers:
      Accept:
      - '*/*'
      Accept-Encoding:
      - gzip, deflate
      CommandName:
      - network vnet-gateway delete
      Connection:
      - keep-alive
      ParameterSetName:
      - -g -n
      User-Agent:
      - AZURECLI/2.46.0 (AAZ) azsdk-python-core/1.24.0 Python/3.10.10 (Linux-5.15.0-1034-azure-x86_64-with-glibc2.31)
        VSTS_7b238909-6802-4b65-b90d-184bca47f458_build_261_0
    method: GET
    uri: https://management.azure.com/subscriptions/00000000-0000-0000-0000-000000000000/providers/Microsoft.Network/locations/eastus/operations/8fa36086-4161-462e-b63a-72d23db855dd?api-version=2022-01-01
  response:
    body:
      string: "{\r\n  \"status\": \"InProgress\"\r\n}"
    headers:
      cache-control:
      - no-cache
      content-length:
      - '30'
      content-type:
      - application/json; charset=utf-8
      date:
      - Wed, 29 Mar 2023 01:45:38 GMT
      expires:
      - '-1'
      pragma:
      - no-cache
      server:
      - Microsoft-HTTPAPI/2.0
      - Microsoft-HTTPAPI/2.0
      strict-transport-security:
      - max-age=31536000; includeSubDomains
      transfer-encoding:
      - chunked
      vary:
      - Accept-Encoding
      x-content-type-options:
      - nosniff
      x-ms-arm-service-request-id:
      - eb9356a5-fcec-4f1f-a062-3fb1ec325445
    status:
      code: 200
      message: ''
- request:
    body: null
    headers:
      Accept:
      - '*/*'
      Accept-Encoding:
      - gzip, deflate
      CommandName:
      - network vnet-gateway delete
      Connection:
      - keep-alive
      ParameterSetName:
      - -g -n
      User-Agent:
      - AZURECLI/2.46.0 (AAZ) azsdk-python-core/1.24.0 Python/3.10.10 (Linux-5.15.0-1034-azure-x86_64-with-glibc2.31)
        VSTS_7b238909-6802-4b65-b90d-184bca47f458_build_261_0
    method: GET
    uri: https://management.azure.com/subscriptions/00000000-0000-0000-0000-000000000000/providers/Microsoft.Network/locations/eastus/operations/8fa36086-4161-462e-b63a-72d23db855dd?api-version=2022-01-01
  response:
    body:
      string: "{\r\n  \"status\": \"Succeeded\"\r\n}"
    headers:
      cache-control:
      - no-cache
      content-length:
      - '29'
      content-type:
      - application/json; charset=utf-8
      date:
      - Wed, 29 Mar 2023 01:47:18 GMT
      expires:
      - '-1'
      pragma:
      - no-cache
      server:
      - Microsoft-HTTPAPI/2.0
      - Microsoft-HTTPAPI/2.0
      strict-transport-security:
      - max-age=31536000; includeSubDomains
      transfer-encoding:
      - chunked
      vary:
      - Accept-Encoding
      x-content-type-options:
      - nosniff
      x-ms-arm-service-request-id:
      - 4887bd0d-5475-4843-9caa-860f3a356c78
    status:
      code: 200
      message: ''
- request:
    body: null
    headers:
      Accept:
      - '*/*'
      Accept-Encoding:
      - gzip, deflate
      CommandName:
      - network vnet-gateway delete
      Connection:
      - keep-alive
      ParameterSetName:
      - -g -n
      User-Agent:
      - AZURECLI/2.46.0 (AAZ) azsdk-python-core/1.24.0 Python/3.10.10 (Linux-5.15.0-1034-azure-x86_64-with-glibc2.31)
        VSTS_7b238909-6802-4b65-b90d-184bca47f458_build_261_0
    method: GET
    uri: https://management.azure.com/subscriptions/00000000-0000-0000-0000-000000000000/providers/Microsoft.Network/locations/eastus/operationResults/8fa36086-4161-462e-b63a-72d23db855dd?api-version=2022-01-01
  response:
    body:
      string: ''
    headers:
      azure-asyncnotification:
      - Enabled
      azure-asyncoperation:
      - https://management.azure.com/subscriptions/00000000-0000-0000-0000-000000000000/providers/Microsoft.Network/locations/eastus/operations/8fa36086-4161-462e-b63a-72d23db855dd?api-version=2022-01-01
      cache-control:
      - no-cache
      content-type:
      - application/json; charset=utf-8
      date:
      - Wed, 29 Mar 2023 01:47:18 GMT
      expires:
      - '-1'
      location:
      - https://management.azure.com/subscriptions/00000000-0000-0000-0000-000000000000/providers/Microsoft.Network/locations/eastus/operationResults/8fa36086-4161-462e-b63a-72d23db855dd?api-version=2022-01-01
      pragma:
      - no-cache
      server:
      - Microsoft-HTTPAPI/2.0
      - Microsoft-HTTPAPI/2.0
      strict-transport-security:
      - max-age=31536000; includeSubDomains
      x-content-type-options:
      - nosniff
      x-ms-arm-service-request-id:
      - 5c9b6b38-4b36-4192-8edb-8a2ac0758cf3
    status:
      code: 204
      message: No Content
version: 1
