interactions:
- request:
    body: '{"location": "eastus2", "properties": {"description": "MoverDesc"}, "tags":
      {"key1": "value1"}}'
    headers:
      Accept:
      - application/json
      Accept-Encoding:
      - gzip, deflate
      CommandName:
      - storage-mover create
      Connection:
      - keep-alive
      Content-Length:
      - '95'
      Content-Type:
      - application/json
      ParameterSetName:
      - -g -n -l --tags --description
      User-Agent:
      - AZURECLI/2.45.0 (PIP) (AAZ) azsdk-python-core/1.24.0 Python/3.9.6 (Windows-10-10.0.19045-SP0)
    method: PUT
    uri: https://management.azure.com/subscriptions/00000000-0000-0000-0000-000000000000/resourceGroups/clitest.rg000001/providers/Microsoft.StorageMover/storageMovers/storage-mover000002?api-version=2022-07-01-preview
  response:
    body:
      string: '{"id":"/subscriptions/00000000-0000-0000-0000-000000000000/resourceGroups/clitest.rg000001/providers/Microsoft.StorageMover/storageMovers/storage-mover000002","name":"storage-mover000002","type":"microsoft.storagemover/storagemovers","location":"eastus2","tags":{"key1":"value1"},"systemData":{"createdBy":"zhiyihuang@microsoft.com","createdByType":"User","createdAt":"2023-02-07T08:22:41.5218923Z","lastModifiedBy":"zhiyihuang@microsoft.com","lastModifiedByType":"User","lastModifiedAt":"2023-02-07T08:22:41.5218923Z"},"properties":{"description":"MoverDesc","provisioningState":"Succeeded"}}'
    headers:
      cache-control:
      - no-cache
      content-length:
      - '593'
      content-type:
      - application/json; charset=utf-8
      date:
      - Tue, 07 Feb 2023 08:22:43 GMT
      etag:
      - '"f506826b-0000-0100-0000-63e20a510000"'
      expires:
      - '-1'
      mise-correlation-id:
      - 2549b2b2-bf2a-477f-83db-89a662f9b37a
      pragma:
      - no-cache
      strict-transport-security:
      - max-age=31536000; includeSubDomains
      transfer-encoding:
      - chunked
      vary:
      - Accept-Encoding
      x-content-type-options:
      - nosniff
      x-ms-providerhub-traffic:
      - 'True'
      x-ms-ratelimit-remaining-subscription-writes:
      - '1199'
    status:
      code: 200
      message: OK
- request:
    body: '{"properties": {"description": "ProjectDesc"}}'
    headers:
      Accept:
      - application/json
      Accept-Encoding:
      - gzip, deflate
      CommandName:
      - storage-mover project create
      Connection:
      - keep-alive
      Content-Length:
      - '46'
      Content-Type:
      - application/json
      ParameterSetName:
      - -g --storage-mover-name -n --description
      User-Agent:
      - AZURECLI/2.45.0 (PIP) (AAZ) azsdk-python-core/1.24.0 Python/3.9.6 (Windows-10-10.0.19045-SP0)
    method: PUT
    uri: https://management.azure.com/subscriptions/00000000-0000-0000-0000-000000000000/resourceGroups/clitest.rg000001/providers/Microsoft.StorageMover/storageMovers/storage-mover000002/projects/project000003?api-version=2022-07-01-preview
  response:
    body:
      string: '{"id":"/subscriptions/00000000-0000-0000-0000-000000000000/resourceGroups/clitest.rg000001/providers/Microsoft.StorageMover/storageMovers/storage-mover000002/projects/project000003","name":"project000003","type":"microsoft.storagemover/storagemovers/projects","systemData":{"createdBy":"zhiyihuang@microsoft.com","createdByType":"User","createdAt":"2023-02-07T08:22:44.6905058Z","lastModifiedBy":"zhiyihuang@microsoft.com","lastModifiedByType":"User","lastModifiedAt":"2023-02-07T08:22:44.6905058Z"},"properties":{"description":"ProjectDesc","provisioningState":"Succeeded"}}'
    headers:
      cache-control:
      - no-cache
      content-length:
      - '575'
      content-type:
      - application/json; charset=utf-8
      date:
      - Tue, 07 Feb 2023 08:22:46 GMT
      etag:
      - '"0500b98e-0000-0100-0000-63e20a560000"'
      expires:
      - '-1'
      mise-correlation-id:
      - 516fbe52-5f7d-4ae8-8c65-4ac37bbe26ee
      pragma:
      - no-cache
      strict-transport-security:
      - max-age=31536000; includeSubDomains
      transfer-encoding:
      - chunked
      vary:
      - Accept-Encoding
      x-content-type-options:
      - nosniff
      x-ms-providerhub-traffic:
      - 'True'
      x-ms-ratelimit-remaining-subscription-writes:
      - '1199'
    status:
      code: 200
      message: OK
- request:
    body: null
    headers:
      Accept:
      - application/json
      Accept-Encoding:
      - gzip, deflate
      CommandName:
      - storage-mover project show
      Connection:
      - keep-alive
      ParameterSetName:
      - -g --storage-mover-name -n
      User-Agent:
      - AZURECLI/2.45.0 (PIP) (AAZ) azsdk-python-core/1.24.0 Python/3.9.6 (Windows-10-10.0.19045-SP0)
    method: GET
    uri: https://management.azure.com/subscriptions/00000000-0000-0000-0000-000000000000/resourceGroups/clitest.rg000001/providers/Microsoft.StorageMover/storageMovers/storage-mover000002/projects/project000003?api-version=2022-07-01-preview
  response:
    body:
      string: '{"id":"/subscriptions/00000000-0000-0000-0000-000000000000/resourceGroups/clitest.rg000001/providers/Microsoft.StorageMover/storageMovers/storage-mover000002/projects/project000003","name":"project000003","type":"microsoft.storagemover/storagemovers/projects","systemData":{"createdBy":"zhiyihuang@microsoft.com","createdByType":"User","createdAt":"2023-02-07T08:22:44.6905058Z","lastModifiedBy":"zhiyihuang@microsoft.com","lastModifiedByType":"User","lastModifiedAt":"2023-02-07T08:22:44.6905058Z"},"properties":{"description":"ProjectDesc","provisioningState":"Succeeded"}}'
    headers:
      cache-control:
      - no-cache
      content-length:
      - '575'
      content-type:
      - application/json; charset=utf-8
      date:
      - Tue, 07 Feb 2023 08:22:47 GMT
      etag:
      - '"0500b98e-0000-0100-0000-63e20a560000"'
      expires:
      - '-1'
      pragma:
      - no-cache
      strict-transport-security:
      - max-age=31536000; includeSubDomains
      transfer-encoding:
      - chunked
      vary:
      - Accept-Encoding
      x-content-type-options:
      - nosniff
      x-ms-providerhub-traffic:
      - 'True'
    status:
      code: 200
      message: OK
- request:
    body: null
    headers:
      Accept:
      - application/json
      Accept-Encoding:
      - gzip, deflate
      CommandName:
      - storage-mover project list
      Connection:
      - keep-alive
      ParameterSetName:
      - -g --storage-mover-name
      User-Agent:
      - AZURECLI/2.45.0 (PIP) (AAZ) azsdk-python-core/1.24.0 Python/3.9.6 (Windows-10-10.0.19045-SP0)
    method: GET
    uri: https://management.azure.com/subscriptions/00000000-0000-0000-0000-000000000000/resourceGroups/clitest.rg000001/providers/Microsoft.StorageMover/storageMovers/storage-mover000002/projects?api-version=2022-07-01-preview
  response:
    body:
      string: '{"value":[{"id":"/subscriptions/00000000-0000-0000-0000-000000000000/resourceGroups/clitest.rg000001/providers/Microsoft.StorageMover/storageMovers/storage-mover000002/projects/project000003","name":"project000003","type":"microsoft.storagemover/storagemovers/projects","systemData":{"createdBy":"zhiyihuang@microsoft.com","createdByType":"User","createdAt":"2023-02-07T08:22:44.6905058Z","lastModifiedBy":"zhiyihuang@microsoft.com","lastModifiedByType":"User","lastModifiedAt":"2023-02-07T08:22:44.6905058Z"},"properties":{"description":"ProjectDesc","provisioningState":"Succeeded"}}]}'
    headers:
      cache-control:
      - no-cache
      content-length:
      - '587'
      content-type:
      - application/json; charset=utf-8
      date:
      - Tue, 07 Feb 2023 08:22:49 GMT
      expires:
      - '-1'
      pragma:
      - no-cache
      strict-transport-security:
      - max-age=31536000; includeSubDomains
      transfer-encoding:
      - chunked
      vary:
      - Accept-Encoding
      x-content-type-options:
      - nosniff
      x-ms-providerhub-traffic:
      - 'True'
    status:
      code: 200
      message: OK
- request:
    body: null
    headers:
      Accept:
      - application/json
      Accept-Encoding:
      - gzip, deflate
      CommandName:
      - storage-mover project update
      Connection:
      - keep-alive
      ParameterSetName:
      - -g --storage-mover-name -n --description
      User-Agent:
      - AZURECLI/2.45.0 (PIP) (AAZ) azsdk-python-core/1.24.0 Python/3.9.6 (Windows-10-10.0.19045-SP0)
    method: GET
    uri: https://management.azure.com/subscriptions/00000000-0000-0000-0000-000000000000/resourceGroups/clitest.rg000001/providers/Microsoft.StorageMover/storageMovers/storage-mover000002/projects/project000003?api-version=2022-07-01-preview
  response:
    body:
      string: '{"id":"/subscriptions/00000000-0000-0000-0000-000000000000/resourceGroups/clitest.rg000001/providers/Microsoft.StorageMover/storageMovers/storage-mover000002/projects/project000003","name":"project000003","type":"microsoft.storagemover/storagemovers/projects","systemData":{"createdBy":"zhiyihuang@microsoft.com","createdByType":"User","createdAt":"2023-02-07T08:22:44.6905058Z","lastModifiedBy":"zhiyihuang@microsoft.com","lastModifiedByType":"User","lastModifiedAt":"2023-02-07T08:22:44.6905058Z"},"properties":{"description":"ProjectDesc","provisioningState":"Succeeded"}}'
    headers:
      cache-control:
      - no-cache
      content-length:
      - '575'
      content-type:
      - application/json; charset=utf-8
      date:
      - Tue, 07 Feb 2023 08:22:50 GMT
      etag:
      - '"0500b98e-0000-0100-0000-63e20a560000"'
      expires:
      - '-1'
      pragma:
      - no-cache
      strict-transport-security:
      - max-age=31536000; includeSubDomains
      transfer-encoding:
      - chunked
      vary:
      - Accept-Encoding
      x-content-type-options:
      - nosniff
      x-ms-providerhub-traffic:
      - 'True'
    status:
      code: 200
      message: OK
- request:
    body: '{"properties": {"description": "ProjectDesc2"}}'
    headers:
      Accept:
      - application/json
      Accept-Encoding:
      - gzip, deflate
      CommandName:
      - storage-mover project update
      Connection:
      - keep-alive
      Content-Length:
      - '47'
      Content-Type:
      - application/json
      ParameterSetName:
      - -g --storage-mover-name -n --description
      User-Agent:
      - AZURECLI/2.45.0 (PIP) (AAZ) azsdk-python-core/1.24.0 Python/3.9.6 (Windows-10-10.0.19045-SP0)
    method: PUT
    uri: https://management.azure.com/subscriptions/00000000-0000-0000-0000-000000000000/resourceGroups/clitest.rg000001/providers/Microsoft.StorageMover/storageMovers/storage-mover000002/projects/project000003?api-version=2022-07-01-preview
  response:
    body:
      string: '{"id":"/subscriptions/00000000-0000-0000-0000-000000000000/resourceGroups/clitest.rg000001/providers/Microsoft.StorageMover/storageMovers/storage-mover000002/projects/project000003","name":"project000003","type":"microsoft.storagemover/storagemovers/projects","systemData":{"createdBy":"zhiyihuang@microsoft.com","createdByType":"User","createdAt":"2023-02-07T08:22:44.6905058Z","lastModifiedBy":"zhiyihuang@microsoft.com","lastModifiedByType":"User","lastModifiedAt":"2023-02-07T08:22:51.7523425Z"},"properties":{"provisioningState":"Succeeded","description":"ProjectDesc2"}}'
    headers:
      cache-control:
      - no-cache
      content-length:
      - '576'
      content-type:
      - application/json; charset=utf-8
      date:
      - Tue, 07 Feb 2023 08:22:51 GMT
      etag:
      - '"0500bb8e-0000-0100-0000-63e20a5c0000"'
      expires:
      - '-1'
      mise-correlation-id:
      - 8562b6c6-55f0-4ba8-9bfa-ee950946e9ee
      pragma:
      - no-cache
      strict-transport-security:
      - max-age=31536000; includeSubDomains
      transfer-encoding:
      - chunked
      vary:
      - Accept-Encoding
      x-content-type-options:
      - nosniff
      x-ms-providerhub-traffic:
      - 'True'
      x-ms-ratelimit-remaining-subscription-writes:
      - '1199'
    status:
      code: 200
      message: OK
- request:
    body: null
    headers:
      Accept:
      - '*/*'
      Accept-Encoding:
      - gzip, deflate
      CommandName:
      - storage-mover project delete
      Connection:
      - keep-alive
      Content-Length:
      - '0'
      ParameterSetName:
      - -g --storage-mover-name -n -y
      User-Agent:
      - AZURECLI/2.45.0 (PIP) (AAZ) azsdk-python-core/1.24.0 Python/3.9.6 (Windows-10-10.0.19045-SP0)
    method: DELETE
    uri: https://management.azure.com/subscriptions/00000000-0000-0000-0000-000000000000/resourceGroups/clitest.rg000001/providers/Microsoft.StorageMover/storageMovers/storage-mover000002/projects/project000003?api-version=2022-07-01-preview
  response:
    body:
      string: 'null'
    headers:
      azure-asyncoperation:
      - https://management.azure.com/subscriptions/00000000-0000-0000-0000-000000000000/providers/Microsoft.StorageMover/locations/EASTUS2/operationStatuses/1b0f1c65-8ec3-403d-856a-9fdc21488760*2EB581C56E5D6C88D29D1A4D12AD52343EA12C3FCAF1EBEC9B62E07F533800A2?api-version=2022-07-01-preview
      cache-control:
      - no-cache
      content-length:
      - '4'
      content-type:
      - application/json; charset=utf-8
      date:
      - Tue, 07 Feb 2023 08:22:54 GMT
      etag:
      - '"0500bc8e-0000-0100-0000-63e20a5e0000"'
      expires:
      - '-1'
      location:
      - https://management.azure.com/subscriptions/00000000-0000-0000-0000-000000000000/providers/Microsoft.StorageMover/locations/EASTUS2/operationStatuses/1b0f1c65-8ec3-403d-856a-9fdc21488760*2EB581C56E5D6C88D29D1A4D12AD52343EA12C3FCAF1EBEC9B62E07F533800A2?api-version=2022-07-01-preview
      pragma:
      - no-cache
      strict-transport-security:
      - max-age=31536000; includeSubDomains
      x-content-type-options:
      - nosniff
      x-ms-providerhub-traffic:
      - 'True'
      x-ms-ratelimit-remaining-subscription-deletes:
      - '14999'
    status:
      code: 202
      message: Accepted
- request:
    body: null
    headers:
      Accept:
      - '*/*'
      Accept-Encoding:
      - gzip, deflate
      CommandName:
      - storage-mover project delete
      Connection:
      - keep-alive
      ParameterSetName:
      - -g --storage-mover-name -n -y
      User-Agent:
      - AZURECLI/2.45.0 (PIP) (AAZ) azsdk-python-core/1.24.0 Python/3.9.6 (Windows-10-10.0.19045-SP0)
    method: GET
    uri: https://management.azure.com/subscriptions/00000000-0000-0000-0000-000000000000/providers/Microsoft.StorageMover/locations/EASTUS2/operationStatuses/1b0f1c65-8ec3-403d-856a-9fdc21488760*2EB581C56E5D6C88D29D1A4D12AD52343EA12C3FCAF1EBEC9B62E07F533800A2?api-version=2022-07-01-preview
  response:
    body:
      string: '{"id":"/subscriptions/00000000-0000-0000-0000-000000000000/providers/Microsoft.StorageMover/locations/EASTUS2/operationStatuses/1b0f1c65-8ec3-403d-856a-9fdc21488760*2EB581C56E5D6C88D29D1A4D12AD52343EA12C3FCAF1EBEC9B62E07F533800A2","name":"1b0f1c65-8ec3-403d-856a-9fdc21488760*2EB581C56E5D6C88D29D1A4D12AD52343EA12C3FCAF1EBEC9B62E07F533800A2","resourceId":"/subscriptions/00000000-0000-0000-0000-000000000000/resourceGroups/clitest.rg000001/providers/Microsoft.StorageMover/storageMovers/storage-mover000002/projects/project000003","status":"Succeeded","startTime":"2023-02-07T08:22:54.4097993Z","properties":null}'
    headers:
      cache-control:
      - no-cache
      content-length:
      - '613'
      content-type:
      - application/json; charset=utf-8
      date:
      - Tue, 07 Feb 2023 08:23:24 GMT
      etag:
      - '"a900265f-0000-0100-0000-63e20a730000"'
      expires:
      - '-1'
      pragma:
      - no-cache
      strict-transport-security:
      - max-age=31536000; includeSubDomains
      transfer-encoding:
      - chunked
      vary:
      - Accept-Encoding
      x-content-type-options:
      - nosniff
    status:
      code: 200
      message: OK
- request:
    body: null
    headers:
      Accept:
      - '*/*'
      Accept-Encoding:
      - gzip, deflate
      CommandName:
      - storage-mover project delete
      Connection:
      - keep-alive
      ParameterSetName:
      - -g --storage-mover-name -n -y
      User-Agent:
      - AZURECLI/2.45.0 (PIP) (AAZ) azsdk-python-core/1.24.0 Python/3.9.6 (Windows-10-10.0.19045-SP0)
    method: GET
    uri: https://management.azure.com/subscriptions/00000000-0000-0000-0000-000000000000/providers/Microsoft.StorageMover/locations/EASTUS2/operationStatuses/1b0f1c65-8ec3-403d-856a-9fdc21488760*2EB581C56E5D6C88D29D1A4D12AD52343EA12C3FCAF1EBEC9B62E07F533800A2?api-version=2022-07-01-preview
  response:
    body:
      string: '{"id":"/subscriptions/00000000-0000-0000-0000-000000000000/providers/Microsoft.StorageMover/locations/EASTUS2/operationStatuses/1b0f1c65-8ec3-403d-856a-9fdc21488760*2EB581C56E5D6C88D29D1A4D12AD52343EA12C3FCAF1EBEC9B62E07F533800A2","name":"1b0f1c65-8ec3-403d-856a-9fdc21488760*2EB581C56E5D6C88D29D1A4D12AD52343EA12C3FCAF1EBEC9B62E07F533800A2","resourceId":"/subscriptions/00000000-0000-0000-0000-000000000000/resourceGroups/clitest.rg000001/providers/Microsoft.StorageMover/storageMovers/storage-mover000002/projects/project000003","status":"Succeeded","startTime":"2023-02-07T08:22:54.4097993Z","properties":null}'
    headers:
      cache-control:
      - no-cache
      content-length:
      - '613'
      content-type:
      - application/json; charset=utf-8
      date:
      - Tue, 07 Feb 2023 08:23:24 GMT
      etag:
      - '"a900265f-0000-0100-0000-63e20a730000"'
      expires:
      - '-1'
      pragma:
      - no-cache
      strict-transport-security:
      - max-age=31536000; includeSubDomains
      transfer-encoding:
      - chunked
      vary:
      - Accept-Encoding
      x-content-type-options:
      - nosniff
    status:
      code: 200
      message: OK
- request:
    body: null
    headers:
      Accept:
      - application/json
      Accept-Encoding:
      - gzip, deflate
      CommandName:
      - storage-mover project list
      Connection:
      - keep-alive
      ParameterSetName:
      - -g --storage-mover-name
      User-Agent:
      - AZURECLI/2.45.0 (PIP) (AAZ) azsdk-python-core/1.24.0 Python/3.9.6 (Windows-10-10.0.19045-SP0)
    method: GET
    uri: https://management.azure.com/subscriptions/00000000-0000-0000-0000-000000000000/resourceGroups/clitest.rg000001/providers/Microsoft.StorageMover/storageMovers/storage-mover000002/projects?api-version=2022-07-01-preview
  response:
    body:
      string: '{"value":[]}'
    headers:
      cache-control:
      - no-cache
      content-length:
      - '12'
      content-type:
      - application/json; charset=utf-8
      date:
      - Tue, 07 Feb 2023 08:23:26 GMT
      expires:
      - '-1'
      pragma:
      - no-cache
      strict-transport-security:
      - max-age=31536000; includeSubDomains
      transfer-encoding:
      - chunked
      vary:
      - Accept-Encoding
      x-content-type-options:
      - nosniff
      x-ms-providerhub-traffic:
      - 'True'
    status:
      code: 200
      message: OK
version: 1
