interactions:
- request:
    body: '{"location": "westus2", "tags": {"product": "azurecli", "cause": "automation",
      "date": "2019-05-07T00:31:44Z"}}'
    headers:
      Accept:
      - application/json
      Accept-Encoding:
      - gzip, deflate
      CommandName:
      - group create
      Connection:
      - keep-alive
      Content-Length:
      - '111'
      Content-Type:
      - application/json; charset=utf-8
      ParameterSetName:
      - --location --name --tag
      User-Agent:
      - python/3.7.2 (Windows-10-10.0.17763-SP0) msrest/0.6.6 msrest_azure/0.6.0 resourcemanagementclient/2.1.0
        Azure-SDK-For-Python AZURECLI/2.0.63
      accept-language:
      - en-US
    method: PUT
    uri: https://management.azure.com/subscriptions/00000000-0000-0000-0000-000000000000/resourcegroups/clitest.rg000001?api-version=2018-05-01
  response:
    body:
      string: '{"id":"/subscriptions/00000000-0000-0000-0000-000000000000/resourceGroups/clitest.rg000001","name":"clitest.rg000001","location":"westus2","tags":{"product":"azurecli","cause":"automation","date":"2019-05-07T00:31:44Z"},"properties":{"provisioningState":"Succeeded"}}'
    headers:
      cache-control:
      - no-cache
      content-length:
      - '385'
      content-type:
      - application/json; charset=utf-8
      date:
      - Tue, 07 May 2019 00:31:44 GMT
      expires:
      - '-1'
      pragma:
      - no-cache
      strict-transport-security:
      - max-age=31536000; includeSubDomains
      x-content-type-options:
      - nosniff
      x-ms-ratelimit-remaining-subscription-writes:
      - '1199'
    status:
      code: 201
      message: Created
- request:
    body: null
    headers:
      Accept:
      - application/json
      Accept-Encoding:
      - gzip, deflate
      CommandName:
      - vm create
      Connection:
      - keep-alive
      ParameterSetName:
      - -g -n --image --admin-password --use-unmanaged-disk
      User-Agent:
      - python/3.7.2 (Windows-10-10.0.17763-SP0) msrest/0.6.6 msrest_azure/0.6.0 resourcemanagementclient/2.1.0
        Azure-SDK-For-Python AZURECLI/2.0.63
      accept-language:
      - en-US
    method: GET
    uri: https://management.azure.com/subscriptions/00000000-0000-0000-0000-000000000000/resourcegroups/clitest.rg000001?api-version=2018-05-01
  response:
    body:
      string: '{"id":"/subscriptions/00000000-0000-0000-0000-000000000000/resourceGroups/clitest.rg000001","name":"clitest.rg000001","location":"westus2","tags":{"product":"azurecli","cause":"automation","date":"2019-05-07T00:31:44Z"},"properties":{"provisioningState":"Succeeded"}}'
    headers:
      cache-control:
      - no-cache
      content-length:
      - '385'
      content-type:
      - application/json; charset=utf-8
      date:
      - Tue, 07 May 2019 00:31:44 GMT
      expires:
      - '-1'
      pragma:
      - no-cache
      strict-transport-security:
      - max-age=31536000; includeSubDomains
      vary:
      - Accept-Encoding
      x-content-type-options:
      - nosniff
    status:
      code: 200
      message: OK
- request:
    body: null
    headers:
      Accept:
      - '*/*'
      Accept-Encoding:
      - gzip, deflate
      Connection:
      - keep-alive
      User-Agent:
      - python-requests/2.21.0
    method: GET
    uri: https://raw.githubusercontent.com/Azure/azure-rest-api-specs/master/arm-compute/quickstart-templates/aliases.json
  response:
    body:
      string: "{\n  \"$schema\":\"http://schema.management.azure.com/schemas/2015-01-01/deploymentTemplate.json\",\n
        \ \"contentVersion\":\"1.0.0.0\",\n  \"parameters\":{},\n  \"variables\":{},\n
        \ \"resources\":[],\n\n  \"outputs\":{\n    \"aliases\":{\n      \"type\":\"object\",\n
        \     \"value\":{\n\n        \"Linux\":{\n          \"CentOS\":{\n            \"publisher\":\"OpenLogic\",\n
        \           \"offer\":\"CentOS\",\n            \"sku\":\"7.5\",\n            \"version\":\"latest\"\n
        \         },\n          \"CoreOS\":{\n            \"publisher\":\"CoreOS\",\n
        \           \"offer\":\"CoreOS\",\n            \"sku\":\"Stable\",\n            \"version\":\"latest\"\n
        \         },\n          \"Debian\":{\n            \"publisher\":\"credativ\",\n
        \           \"offer\":\"Debian\",\n            \"sku\":\"9\",\n            \"version\":\"latest\"\n
        \         },\n          \"openSUSE-Leap\": {\n            \"publisher\":\"SUSE\",\n
        \           \"offer\":\"openSUSE-Leap\",\n            \"sku\":\"42.3\",\n
        \           \"version\": \"latest\"\n          },\n          \"RHEL\":{\n
        \           \"publisher\":\"RedHat\",\n            \"offer\":\"RHEL\",\n            \"sku\":\"7-RAW\",\n
        \           \"version\":\"latest\"\n          },\n          \"SLES\":{\n            \"publisher\":\"SUSE\",\n
        \           \"offer\":\"SLES\",\n            \"sku\":\"15\",\n            \"version\":\"latest\"\n
        \         },\n          \"UbuntuLTS\":{\n            \"publisher\":\"Canonical\",\n
        \           \"offer\":\"UbuntuServer\",\n            \"sku\":\"18.04-LTS\",\n
        \           \"version\":\"latest\"\n          }\n        },\n\n        \"Windows\":{\n
        \         \"Win2019Datacenter\":{\n            \"publisher\":\"MicrosoftWindowsServer\",\n
        \           \"offer\":\"WindowsServer\",\n            \"sku\":\"2019-Datacenter\",\n
        \           \"version\":\"latest\"\n          },\n          \"Win2016Datacenter\":{\n
        \           \"publisher\":\"MicrosoftWindowsServer\",\n            \"offer\":\"WindowsServer\",\n
        \           \"sku\":\"2016-Datacenter\",\n            \"version\":\"latest\"\n
        \         },\n          \"Win2012R2Datacenter\":{\n            \"publisher\":\"MicrosoftWindowsServer\",\n
        \           \"offer\":\"WindowsServer\",\n            \"sku\":\"2012-R2-Datacenter\",\n
        \           \"version\":\"latest\"\n          },\n          \"Win2012Datacenter\":{\n
        \           \"publisher\":\"MicrosoftWindowsServer\",\n            \"offer\":\"WindowsServer\",\n
        \           \"sku\":\"2012-Datacenter\",\n            \"version\":\"latest\"\n
        \         },\n          \"Win2008R2SP1\":{\n            \"publisher\":\"MicrosoftWindowsServer\",\n
        \           \"offer\":\"WindowsServer\",\n            \"sku\":\"2008-R2-SP1\",\n
        \           \"version\":\"latest\"\n          }\n        }\n      }\n    }\n
        \ }\n}\n"
    headers:
      accept-ranges:
      - bytes
      access-control-allow-origin:
      - '*'
      cache-control:
      - max-age=300
      connection:
      - keep-alive
      content-length:
      - '2433'
      content-security-policy:
      - default-src 'none'; style-src 'unsafe-inline'; sandbox
      content-type:
      - text/plain; charset=utf-8
      date:
      - Tue, 07 May 2019 00:31:45 GMT
      etag:
      - '"f5944d69cdbfb4a2bb2ddda8c5f050bde5bbcb32"'
      expires:
      - Tue, 07 May 2019 00:36:45 GMT
      source-age:
      - '0'
      strict-transport-security:
      - max-age=31536000
      vary:
      - Authorization,Accept-Encoding
      via:
      - 1.1 varnish
      x-cache:
      - MISS
      x-cache-hits:
      - '0'
      x-content-type-options:
      - nosniff
      x-fastly-request-id:
      - f59e996ed06d79adab485ccfb86392dcef3529df
      x-frame-options:
      - deny
      x-geo-block-list:
      - ''
      x-github-request-id:
      - EABA:2888:6A4784:78D0D5:5CD0D1F1
      x-served-by:
      - cache-sea1020-SEA
      x-timer:
      - S1557189106.543197,VS0,VE3
      x-xss-protection:
      - 1; mode=block
    status:
      code: 200
      message: OK
- request:
    body: null
    headers:
      Accept:
      - application/json
      Accept-Encoding:
      - gzip, deflate
      CommandName:
      - vm create
      Connection:
      - keep-alive
      ParameterSetName:
      - -g -n --image --admin-password --use-unmanaged-disk
      User-Agent:
      - python/3.7.2 (Windows-10-10.0.17763-SP0) msrest/0.6.6 msrest_azure/0.6.0 azure-mgmt-storage/3.1.1
        Azure-SDK-For-Python AZURECLI/2.0.63
      accept-language:
      - en-US
    method: GET
    uri: https://management.azure.com/subscriptions/00000000-0000-0000-0000-000000000000/resourceGroups/clitest.rg000001/providers/Microsoft.Storage/storageAccounts?api-version=2018-07-01
  response:
    body:
      string: '{"value":[]}'
    headers:
      cache-control:
      - no-cache
      content-length:
      - '12'
      content-type:
      - application/json; charset=utf-8
      date:
      - Tue, 07 May 2019 00:31:44 GMT
      expires:
      - '-1'
      pragma:
      - no-cache
      strict-transport-security:
      - max-age=31536000; includeSubDomains
      vary:
      - Accept-Encoding
      x-content-type-options:
      - nosniff
    status:
      code: 200
      message: OK
- request:
    body: null
    headers:
      Accept:
      - application/json
      Accept-Encoding:
      - gzip, deflate
      CommandName:
      - vm create
      Connection:
      - keep-alive
      ParameterSetName:
      - -g -n --image --admin-password --use-unmanaged-disk
      User-Agent:
      - python/3.7.2 (Windows-10-10.0.17763-SP0) msrest/0.6.6 msrest_azure/0.6.0 networkmanagementclient/2.6.0
        Azure-SDK-For-Python AZURECLI/2.0.63
      accept-language:
      - en-US
    method: GET
    uri: https://management.azure.com/subscriptions/00000000-0000-0000-0000-000000000000/resourceGroups/clitest.rg000001/providers/Microsoft.Network/virtualNetworks?api-version=2018-01-01
  response:
    body:
      string: '{"value":[]}'
    headers:
      cache-control:
      - no-cache
      content-length:
      - '12'
      content-type:
      - application/json; charset=utf-8
      date:
      - Tue, 07 May 2019 00:31:45 GMT
      expires:
      - '-1'
      pragma:
      - no-cache
      strict-transport-security:
      - max-age=31536000; includeSubDomains
      vary:
      - Accept-Encoding
      x-content-type-options:
      - nosniff
    status:
      code: 200
      message: OK
- request:
    body: 'b''{"properties": {"template": {"$schema": "https://schema.management.azure.com/schemas/2015-01-01/deploymentTemplate.json#",
      "contentVersion": "1.0.0.0", "parameters": {"adminPassword": {"type": "securestring",
      "metadata": {"description": "Secure adminPassword"}}}, "variables": {}, "resources":
      [{"type": "Microsoft.Storage/storageAccounts", "name": "vhdstorage7384745d4c8c4c",
      "apiVersion": "2015-06-15", "location": "westus2", "tags": {}, "dependsOn":
      [], "properties": {"accountType": "Premium_LRS"}}, {"name": "vm1VNET", "type":
      "Microsoft.Network/virtualNetworks", "location": "westus2", "apiVersion": "2015-06-15",
      "dependsOn": [], "tags": {}, "properties": {"addressSpace": {"addressPrefixes":
      ["10.0.0.0/16"]}, "subnets": [{"name": "vm1Subnet", "properties": {"addressPrefix":
      "10.0.0.0/24"}}]}}, {"type": "Microsoft.Network/networkSecurityGroups", "name":
      "vm1NSG", "apiVersion": "2015-06-15", "location": "westus2", "tags": {}, "dependsOn":
      [], "properties": {"securityRules": [{"name": "default-allow-ssh", "properties":
      {"protocol": "Tcp", "sourcePortRange": "*", "destinationPortRange": "22", "sourceAddressPrefix":
      "*", "destinationAddressPrefix": "*", "access": "Allow", "priority": 1000, "direction":
      "Inbound"}}]}}, {"apiVersion": "2018-01-01", "type": "Microsoft.Network/publicIPAddresses",
      "name": "vm1PublicIP", "location": "westus2", "tags": {}, "dependsOn": [], "properties":
      {"publicIPAllocationMethod": null}}, {"apiVersion": "2015-06-15", "type": "Microsoft.Network/networkInterfaces",
      "name": "vm1VMNic", "location": "westus2", "tags": {}, "dependsOn": ["Microsoft.Network/virtualNetworks/vm1VNET",
      "Microsoft.Network/networkSecurityGroups/vm1NSG", "Microsoft.Network/publicIpAddresses/vm1PublicIP"],
      "properties": {"ipConfigurations": [{"name": "ipconfigvm1", "properties": {"privateIPAllocationMethod":
      "Dynamic", "subnet": {"id": "/subscriptions/00000000-0000-0000-0000-000000000000/resourceGroups/clitest.rg000001/providers/Microsoft.Network/virtualNetworks/vm1VNET/subnets/vm1Subnet"},
      "publicIPAddress": {"id": "/subscriptions/00000000-0000-0000-0000-000000000000/resourceGroups/clitest.rg000001/providers/Microsoft.Network/publicIPAddresses/vm1PublicIP"}}}],
      "networkSecurityGroup": {"id": "/subscriptions/00000000-0000-0000-0000-000000000000/resourceGroups/clitest.rg000001/providers/Microsoft.Network/networkSecurityGroups/vm1NSG"}}},
      {"apiVersion": "2019-03-01", "type": "Microsoft.Compute/virtualMachines", "name":
      "vm1", "location": "westus2", "tags": {}, "dependsOn": ["Microsoft.Storage/storageAccounts/vhdstorage7384745d4c8c4c",
      "Microsoft.Network/networkInterfaces/vm1VMNic"], "properties": {"hardwareProfile":
      {"vmSize": "Standard_DS1_v2"}, "networkProfile": {"networkInterfaces": [{"id":
      "/subscriptions/00000000-0000-0000-0000-000000000000/resourceGroups/clitest.rg000001/providers/Microsoft.Network/networkInterfaces/vm1VMNic"}]},
      "storageProfile": {"osDisk": {"createOption": "fromImage", "name": "osdisk_7384745d4c",
      "caching": "ReadWrite", "vhd": {"uri": "https://vhdstorage7384745d4c8c4c.blob.core.windows.net/vhds/osdisk_7384745d4c.vhd"}},
      "imageReference": {"publisher": "Canonical", "offer": "UbuntuServer", "sku":
      "18.04-LTS", "version": "latest"}}, "osProfile": {"computerName": "vm1", "adminUsername":
      "subae", "adminPassword": "[parameters(\''adminPassword\'')]"}}}], "outputs":
      {}}, "parameters": {"adminPassword": {"value": "!Passw0rd2018"}}, "mode": "Incremental"}}'''
    headers:
      Accept:
      - application/json
      Accept-Encoding:
      - gzip, deflate
      CommandName:
      - vm create
      Connection:
      - keep-alive
      Content-Length:
      - '3656'
      Content-Type:
      - application/json; charset=utf-8
      ParameterSetName:
      - -g -n --image --admin-password --use-unmanaged-disk
      User-Agent:
      - python/3.7.2 (Windows-10-10.0.17763-SP0) msrest/0.6.6 msrest_azure/0.6.0 resourcemanagementclient/2.1.0
        Azure-SDK-For-Python AZURECLI/2.0.63
      accept-language:
      - en-US
    method: PUT
    uri: https://management.azure.com/subscriptions/00000000-0000-0000-0000-000000000000/resourcegroups/clitest.rg000001/providers/Microsoft.Resources/deployments/mock-deployment?api-version=2018-05-01
  response:
    body:
      string: '{"id":"/subscriptions/00000000-0000-0000-0000-000000000000/resourceGroups/clitest.rg000001/providers/Microsoft.Resources/deployments/vm_deploy_OZIWsPdrKHnWiZBgNcXENUbdpCmuEeoS","name":"vm_deploy_OZIWsPdrKHnWiZBgNcXENUbdpCmuEeoS","properties":{"templateHash":"8149942965316957128","parameters":{"adminPassword":{"type":"SecureString"}},"mode":"Incremental","provisioningState":"Accepted","timestamp":"2019-05-07T00:31:48.8629941Z","duration":"PT0.849041S","correlationId":"bf484bf8-b682-48ca-b487-d1e3ad15d634","providers":[{"namespace":"Microsoft.Storage","resourceTypes":[{"resourceType":"storageAccounts","locations":["westus2"]}]},{"namespace":"Microsoft.Network","resourceTypes":[{"resourceType":"virtualNetworks","locations":["westus2"]},{"resourceType":"networkSecurityGroups","locations":["westus2"]},{"resourceType":"publicIPAddresses","locations":["westus2"]},{"resourceType":"networkInterfaces","locations":["westus2"]}]},{"namespace":"Microsoft.Compute","resourceTypes":[{"resourceType":"virtualMachines","locations":["westus2"]}]}],"dependencies":[{"dependsOn":[{"id":"/subscriptions/00000000-0000-0000-0000-000000000000/resourceGroups/clitest.rg000001/providers/Microsoft.Network/virtualNetworks/vm1VNET","resourceType":"Microsoft.Network/virtualNetworks","resourceName":"vm1VNET"},{"id":"/subscriptions/00000000-0000-0000-0000-000000000000/resourceGroups/clitest.rg000001/providers/Microsoft.Network/networkSecurityGroups/vm1NSG","resourceType":"Microsoft.Network/networkSecurityGroups","resourceName":"vm1NSG"},{"id":"/subscriptions/00000000-0000-0000-0000-000000000000/resourceGroups/clitest.rg000001/providers/Microsoft.Network/publicIPAddresses/vm1PublicIP","resourceType":"Microsoft.Network/publicIPAddresses","resourceName":"vm1PublicIP"}],"id":"/subscriptions/00000000-0000-0000-0000-000000000000/resourceGroups/clitest.rg000001/providers/Microsoft.Network/networkInterfaces/vm1VMNic","resourceType":"Microsoft.Network/networkInterfaces","resourceName":"vm1VMNic"},{"dependsOn":[{"id":"/subscriptions/00000000-0000-0000-0000-000000000000/resourceGroups/clitest.rg000001/providers/Microsoft.Storage/storageAccounts/vhdstorage7384745d4c8c4c","resourceType":"Microsoft.Storage/storageAccounts","resourceName":"vhdstorage7384745d4c8c4c"},{"id":"/subscriptions/00000000-0000-0000-0000-000000000000/resourceGroups/clitest.rg000001/providers/Microsoft.Network/networkInterfaces/vm1VMNic","resourceType":"Microsoft.Network/networkInterfaces","resourceName":"vm1VMNic"}],"id":"/subscriptions/00000000-0000-0000-0000-000000000000/resourceGroups/clitest.rg000001/providers/Microsoft.Compute/virtualMachines/vm1","resourceType":"Microsoft.Compute/virtualMachines","resourceName":"vm1"}]}}'
    headers:
      azure-asyncoperation:
      - https://management.azure.com/subscriptions/00000000-0000-0000-0000-000000000000/resourcegroups/clitest.rg000001/providers/Microsoft.Resources/deployments/vm_deploy_OZIWsPdrKHnWiZBgNcXENUbdpCmuEeoS/operationStatuses/08586444177774636816?api-version=2018-05-01
      cache-control:
      - no-cache
      content-length:
      - '3169'
      content-type:
      - application/json; charset=utf-8
      date:
      - Tue, 07 May 2019 00:31:48 GMT
      expires:
      - '-1'
      pragma:
      - no-cache
      strict-transport-security:
      - max-age=31536000; includeSubDomains
      x-content-type-options:
      - nosniff
      x-ms-ratelimit-remaining-subscription-writes:
      - '1197'
    status:
      code: 201
      message: Created
- request:
    body: null
    headers:
      Accept:
      - application/json
      Accept-Encoding:
      - gzip, deflate
      CommandName:
      - vm create
      Connection:
      - keep-alive
      ParameterSetName:
      - -g -n --image --admin-password --use-unmanaged-disk
      User-Agent:
      - python/3.7.2 (Windows-10-10.0.17763-SP0) msrest/0.6.6 msrest_azure/0.6.0 resourcemanagementclient/2.1.0
        Azure-SDK-For-Python AZURECLI/2.0.63
    method: GET
    uri: https://management.azure.com/subscriptions/00000000-0000-0000-0000-000000000000/resourcegroups/clitest.rg000001/providers/Microsoft.Resources/deployments/mock-deployment/operationStatuses/08586444177774636816?api-version=2018-05-01
  response:
    body:
      string: '{"status":"Running"}'
    headers:
      cache-control:
      - no-cache
      content-length:
      - '20'
      content-type:
      - application/json; charset=utf-8
      date:
      - Tue, 07 May 2019 00:32:18 GMT
      expires:
      - '-1'
      pragma:
      - no-cache
      strict-transport-security:
      - max-age=31536000; includeSubDomains
      vary:
      - Accept-Encoding
      x-content-type-options:
      - nosniff
    status:
      code: 200
      message: OK
- request:
    body: null
    headers:
      Accept:
      - application/json
      Accept-Encoding:
      - gzip, deflate
      CommandName:
      - vm create
      Connection:
      - keep-alive
      ParameterSetName:
      - -g -n --image --admin-password --use-unmanaged-disk
      User-Agent:
      - python/3.7.2 (Windows-10-10.0.17763-SP0) msrest/0.6.6 msrest_azure/0.6.0 resourcemanagementclient/2.1.0
        Azure-SDK-For-Python AZURECLI/2.0.63
    method: GET
    uri: https://management.azure.com/subscriptions/00000000-0000-0000-0000-000000000000/resourcegroups/clitest.rg000001/providers/Microsoft.Resources/deployments/mock-deployment/operationStatuses/08586444177774636816?api-version=2018-05-01
  response:
    body:
      string: '{"status":"Running"}'
    headers:
      cache-control:
      - no-cache
      content-length:
      - '20'
      content-type:
      - application/json; charset=utf-8
      date:
      - Tue, 07 May 2019 00:32:48 GMT
      expires:
      - '-1'
      pragma:
      - no-cache
      strict-transport-security:
      - max-age=31536000; includeSubDomains
      vary:
      - Accept-Encoding
      x-content-type-options:
      - nosniff
    status:
      code: 200
      message: OK
- request:
    body: null
    headers:
      Accept:
      - application/json
      Accept-Encoding:
      - gzip, deflate
      CommandName:
      - vm create
      Connection:
      - keep-alive
      ParameterSetName:
      - -g -n --image --admin-password --use-unmanaged-disk
      User-Agent:
      - python/3.7.2 (Windows-10-10.0.17763-SP0) msrest/0.6.6 msrest_azure/0.6.0 resourcemanagementclient/2.1.0
        Azure-SDK-For-Python AZURECLI/2.0.63
    method: GET
    uri: https://management.azure.com/subscriptions/00000000-0000-0000-0000-000000000000/resourcegroups/clitest.rg000001/providers/Microsoft.Resources/deployments/mock-deployment/operationStatuses/08586444177774636816?api-version=2018-05-01
  response:
    body:
      string: '{"status":"Succeeded"}'
    headers:
      cache-control:
      - no-cache
      content-length:
      - '22'
      content-type:
      - application/json; charset=utf-8
      date:
      - Tue, 07 May 2019 00:33:24 GMT
      expires:
      - '-1'
      pragma:
      - no-cache
      strict-transport-security:
      - max-age=31536000; includeSubDomains
      vary:
      - Accept-Encoding
      x-content-type-options:
      - nosniff
    status:
      code: 200
      message: OK
- request:
    body: null
    headers:
      Accept:
      - application/json
      Accept-Encoding:
      - gzip, deflate
      CommandName:
      - vm create
      Connection:
      - keep-alive
      ParameterSetName:
      - -g -n --image --admin-password --use-unmanaged-disk
      User-Agent:
      - python/3.7.2 (Windows-10-10.0.17763-SP0) msrest/0.6.6 msrest_azure/0.6.0 resourcemanagementclient/2.1.0
        Azure-SDK-For-Python AZURECLI/2.0.63
    method: GET
    uri: https://management.azure.com/subscriptions/00000000-0000-0000-0000-000000000000/resourcegroups/clitest.rg000001/providers/Microsoft.Resources/deployments/mock-deployment?api-version=2018-05-01
  response:
    body:
      string: '{"id":"/subscriptions/00000000-0000-0000-0000-000000000000/resourceGroups/clitest.rg000001/providers/Microsoft.Resources/deployments/vm_deploy_OZIWsPdrKHnWiZBgNcXENUbdpCmuEeoS","name":"vm_deploy_OZIWsPdrKHnWiZBgNcXENUbdpCmuEeoS","properties":{"templateHash":"8149942965316957128","parameters":{"adminPassword":{"type":"SecureString"}},"mode":"Incremental","provisioningState":"Succeeded","timestamp":"2019-05-07T00:33:05.737083Z","duration":"PT1M17.7231299S","correlationId":"bf484bf8-b682-48ca-b487-d1e3ad15d634","providers":[{"namespace":"Microsoft.Storage","resourceTypes":[{"resourceType":"storageAccounts","locations":["westus2"]}]},{"namespace":"Microsoft.Network","resourceTypes":[{"resourceType":"virtualNetworks","locations":["westus2"]},{"resourceType":"networkSecurityGroups","locations":["westus2"]},{"resourceType":"publicIPAddresses","locations":["westus2"]},{"resourceType":"networkInterfaces","locations":["westus2"]}]},{"namespace":"Microsoft.Compute","resourceTypes":[{"resourceType":"virtualMachines","locations":["westus2"]}]}],"dependencies":[{"dependsOn":[{"id":"/subscriptions/00000000-0000-0000-0000-000000000000/resourceGroups/clitest.rg000001/providers/Microsoft.Network/virtualNetworks/vm1VNET","resourceType":"Microsoft.Network/virtualNetworks","resourceName":"vm1VNET"},{"id":"/subscriptions/00000000-0000-0000-0000-000000000000/resourceGroups/clitest.rg000001/providers/Microsoft.Network/networkSecurityGroups/vm1NSG","resourceType":"Microsoft.Network/networkSecurityGroups","resourceName":"vm1NSG"},{"id":"/subscriptions/00000000-0000-0000-0000-000000000000/resourceGroups/clitest.rg000001/providers/Microsoft.Network/publicIPAddresses/vm1PublicIP","resourceType":"Microsoft.Network/publicIPAddresses","resourceName":"vm1PublicIP"}],"id":"/subscriptions/00000000-0000-0000-0000-000000000000/resourceGroups/clitest.rg000001/providers/Microsoft.Network/networkInterfaces/vm1VMNic","resourceType":"Microsoft.Network/networkInterfaces","resourceName":"vm1VMNic"},{"dependsOn":[{"id":"/subscriptions/00000000-0000-0000-0000-000000000000/resourceGroups/clitest.rg000001/providers/Microsoft.Storage/storageAccounts/vhdstorage7384745d4c8c4c","resourceType":"Microsoft.Storage/storageAccounts","resourceName":"vhdstorage7384745d4c8c4c"},{"id":"/subscriptions/00000000-0000-0000-0000-000000000000/resourceGroups/clitest.rg000001/providers/Microsoft.Network/networkInterfaces/vm1VMNic","resourceType":"Microsoft.Network/networkInterfaces","resourceName":"vm1VMNic"}],"id":"/subscriptions/00000000-0000-0000-0000-000000000000/resourceGroups/clitest.rg000001/providers/Microsoft.Compute/virtualMachines/vm1","resourceType":"Microsoft.Compute/virtualMachines","resourceName":"vm1"}],"outputs":{},"outputResources":[{"id":"/subscriptions/00000000-0000-0000-0000-000000000000/resourceGroups/clitest.rg000001/providers/Microsoft.Compute/virtualMachines/vm1"},{"id":"/subscriptions/00000000-0000-0000-0000-000000000000/resourceGroups/clitest.rg000001/providers/Microsoft.Network/networkInterfaces/vm1VMNic"},{"id":"/subscriptions/00000000-0000-0000-0000-000000000000/resourceGroups/clitest.rg000001/providers/Microsoft.Network/networkSecurityGroups/vm1NSG"},{"id":"/subscriptions/00000000-0000-0000-0000-000000000000/resourceGroups/clitest.rg000001/providers/Microsoft.Network/publicIPAddresses/vm1PublicIP"},{"id":"/subscriptions/00000000-0000-0000-0000-000000000000/resourceGroups/clitest.rg000001/providers/Microsoft.Network/virtualNetworks/vm1VNET"},{"id":"/subscriptions/00000000-0000-0000-0000-000000000000/resourceGroups/clitest.rg000001/providers/Microsoft.Storage/storageAccounts/vhdstorage7384745d4c8c4c"}]}}'
    headers:
      cache-control:
      - no-cache
      content-length:
      - '4457'
      content-type:
      - application/json; charset=utf-8
      date:
      - Tue, 07 May 2019 00:33:19 GMT
      expires:
      - '-1'
      pragma:
      - no-cache
      strict-transport-security:
      - max-age=31536000; includeSubDomains
      vary:
      - Accept-Encoding
      x-content-type-options:
      - nosniff
    status:
      code: 200
      message: OK
- request:
    body: null
    headers:
      Accept:
      - application/json
      Accept-Encoding:
      - gzip, deflate
      CommandName:
      - vm create
      Connection:
      - keep-alive
      ParameterSetName:
      - -g -n --image --admin-password --use-unmanaged-disk
      User-Agent:
      - python/3.7.2 (Windows-10-10.0.17763-SP0) msrest/0.6.6 msrest_azure/0.6.0 computemanagementclient/4.6.1
        Azure-SDK-For-Python AZURECLI/2.0.63
      accept-language:
      - en-US
    method: GET
    uri: https://management.azure.com/subscriptions/00000000-0000-0000-0000-000000000000/resourceGroups/clitest.rg000001/providers/Microsoft.Compute/virtualMachines/vm1?$expand=instanceView&api-version=2019-03-01
  response:
    body:
      string: "{\r\n  \"properties\": {\r\n    \"vmId\": \"fe3ccb14-809d-40e9-863a-4de91f151dda\",\r\n
        \   \"hardwareProfile\": {\r\n      \"vmSize\": \"Standard_DS1_v2\"\r\n    },\r\n
        \   \"storageProfile\": {\r\n      \"imageReference\": {\r\n        \"publisher\":
        \"Canonical\",\r\n        \"offer\": \"UbuntuServer\",\r\n        \"sku\":
        \"18.04-LTS\",\r\n        \"version\": \"latest\"\r\n      },\r\n      \"osDisk\":
        {\r\n        \"osType\": \"Linux\",\r\n        \"name\": \"osdisk_7384745d4c\",\r\n
        \       \"createOption\": \"FromImage\",\r\n        \"vhd\": {\r\n          \"uri\":
        \"https://vhdstorage7384745d4c8c4c.blob.core.windows.net/vhds/osdisk_7384745d4c.vhd\"\r\n
        \       },\r\n        \"caching\": \"ReadWrite\",\r\n        \"diskSizeGB\":
        30\r\n      },\r\n      \"dataDisks\": []\r\n    },\r\n    \"osProfile\":
        {\r\n      \"computerName\": \"vm1\",\r\n      \"adminUsername\": \"subae\",\r\n
        \     \"linuxConfiguration\": {\r\n        \"disablePasswordAuthentication\":
        false,\r\n        \"provisionVMAgent\": true\r\n      },\r\n      \"secrets\":
        [],\r\n      \"allowExtensionOperations\": true,\r\n      \"requireGuestProvisionSignal\":
        true\r\n    },\r\n    \"networkProfile\": {\"networkInterfaces\":[{\"id\":\"/subscriptions/00000000-0000-0000-0000-000000000000/resourceGroups/clitest.rg000001/providers/Microsoft.Network/networkInterfaces/vm1VMNic\"}]},\r\n
        \   \"provisioningState\": \"Succeeded\",\r\n    \"instanceView\": {\r\n      \"computerName\":
        \"vm1\",\r\n      \"osName\": \"ubuntu\",\r\n      \"osVersion\": \"18.04\",\r\n
        \     \"vmAgent\": {\r\n        \"vmAgentVersion\": \"2.2.40\",\r\n        \"statuses\":
        [\r\n          {\r\n            \"code\": \"ProvisioningState/succeeded\",\r\n
        \           \"level\": \"Info\",\r\n            \"displayStatus\": \"Ready\",\r\n
        \           \"message\": \"Guest Agent is running\",\r\n            \"time\":
        \"2019-05-07T00:33:19+00:00\"\r\n          }\r\n        ],\r\n        \"extensionHandlers\":
        []\r\n      },\r\n      \"disks\": [\r\n        {\r\n          \"name\": \"osdisk_7384745d4c\",\r\n
        \         \"statuses\": [\r\n            {\r\n              \"code\": \"ProvisioningState/succeeded\",\r\n
        \             \"level\": \"Info\",\r\n              \"displayStatus\": \"Provisioning
        succeeded\",\r\n              \"time\": \"2019-05-07T00:32:10.2057144+00:00\"\r\n
        \           }\r\n          ]\r\n        }\r\n      ],\r\n      \"statuses\":
        [\r\n        {\r\n          \"code\": \"ProvisioningState/succeeded\",\r\n
        \         \"level\": \"Info\",\r\n          \"displayStatus\": \"Provisioning
        succeeded\",\r\n          \"time\": \"2019-05-07T00:33:04.4866122+00:00\"\r\n
        \       },\r\n        {\r\n          \"code\": \"PowerState/running\",\r\n
        \         \"level\": \"Info\",\r\n          \"displayStatus\": \"VM running\"\r\n
        \       }\r\n      ]\r\n    }\r\n  },\r\n  \"type\": \"Microsoft.Compute/virtualMachines\",\r\n
        \ \"location\": \"westus2\",\r\n  \"tags\": {},\r\n  \"id\": \"/subscriptions/00000000-0000-0000-0000-000000000000/resourceGroups/clitest.rg000001/providers/Microsoft.Compute/virtualMachines/vm1\",\r\n
        \ \"name\": \"vm1\"\r\n}"
    headers:
      cache-control:
      - no-cache
      content-length:
      - '2849'
      content-type:
      - application/json; charset=utf-8
      date:
      - Tue, 07 May 2019 00:33:19 GMT
      expires:
      - '-1'
      pragma:
      - no-cache
      server:
      - Microsoft-HTTPAPI/2.0
      - Microsoft-HTTPAPI/2.0
      strict-transport-security:
      - max-age=31536000; includeSubDomains
      transfer-encoding:
      - chunked
      vary:
      - Accept-Encoding
      x-content-type-options:
      - nosniff
      x-ms-ratelimit-remaining-resource:
      - Microsoft.Compute/LowCostGet3Min;3976,Microsoft.Compute/LowCostGet30Min;31709
    status:
      code: 200
      message: OK
- request:
    body: null
    headers:
      Accept:
      - application/json
      Accept-Encoding:
      - gzip, deflate
      CommandName:
      - vm create
      Connection:
      - keep-alive
      ParameterSetName:
      - -g -n --image --admin-password --use-unmanaged-disk
      User-Agent:
      - python/3.7.2 (Windows-10-10.0.17763-SP0) msrest/0.6.6 msrest_azure/0.6.0 networkmanagementclient/2.6.0
        Azure-SDK-For-Python AZURECLI/2.0.63
      accept-language:
      - en-US
    method: GET
    uri: https://management.azure.com/subscriptions/00000000-0000-0000-0000-000000000000/resourceGroups/clitest.rg000001/providers/Microsoft.Network/networkInterfaces/vm1VMNic?api-version=2018-01-01
  response:
    body:
      string: "{\r\n  \"name\": \"vm1VMNic\",\r\n  \"id\": \"/subscriptions/00000000-0000-0000-0000-000000000000/resourceGroups/clitest.rg000001/providers/Microsoft.Network/networkInterfaces/vm1VMNic\",\r\n
        \ \"etag\": \"W/\\\"1cb92ff7-41c7-4a9e-a7c5-7c1ac843d48a\\\"\",\r\n  \"location\":
        \"westus2\",\r\n  \"tags\": {},\r\n  \"properties\": {\r\n    \"provisioningState\":
        \"Succeeded\",\r\n    \"resourceGuid\": \"ddd69a22-be4e-4c0b-bb7e-2af795fe6e71\",\r\n
        \   \"ipConfigurations\": [\r\n      {\r\n        \"name\": \"ipconfigvm1\",\r\n
        \       \"id\": \"/subscriptions/00000000-0000-0000-0000-000000000000/resourceGroups/clitest.rg000001/providers/Microsoft.Network/networkInterfaces/vm1VMNic/ipConfigurations/ipconfigvm1\",\r\n
        \       \"etag\": \"W/\\\"1cb92ff7-41c7-4a9e-a7c5-7c1ac843d48a\\\"\",\r\n
        \       \"type\": \"Microsoft.Network/networkInterfaces/ipConfigurations\",\r\n
        \       \"properties\": {\r\n          \"provisioningState\": \"Succeeded\",\r\n
        \         \"privateIPAddress\": \"10.0.0.4\",\r\n          \"privateIPAllocationMethod\":
        \"Dynamic\",\r\n          \"publicIPAddress\": {\r\n            \"id\": \"/subscriptions/00000000-0000-0000-0000-000000000000/resourceGroups/clitest.rg000001/providers/Microsoft.Network/publicIPAddresses/vm1PublicIP\"\r\n
        \         },\r\n          \"subnet\": {\r\n            \"id\": \"/subscriptions/00000000-0000-0000-0000-000000000000/resourceGroups/clitest.rg000001/providers/Microsoft.Network/virtualNetworks/vm1VNET/subnets/vm1Subnet\"\r\n
        \         },\r\n          \"primary\": true,\r\n          \"privateIPAddressVersion\":
        \"IPv4\"\r\n        }\r\n      }\r\n    ],\r\n    \"dnsSettings\": {\r\n      \"dnsServers\":
        [],\r\n      \"appliedDnsServers\": [],\r\n      \"internalDomainNameSuffix\":
        \"adnigarpng5urgc1wan1zov4zc.xx.internal.cloudapp.net\"\r\n    },\r\n    \"macAddress\":
        \"00-0D-3A-06-1F-B2\",\r\n    \"enableAcceleratedNetworking\": false,\r\n
        \   \"enableIPForwarding\": false,\r\n    \"networkSecurityGroup\": {\r\n
        \     \"id\": \"/subscriptions/00000000-0000-0000-0000-000000000000/resourceGroups/clitest.rg000001/providers/Microsoft.Network/networkSecurityGroups/vm1NSG\"\r\n
        \   },\r\n    \"primary\": true,\r\n    \"virtualMachine\": {\r\n      \"id\":
        \"/subscriptions/00000000-0000-0000-0000-000000000000/resourceGroups/clitest.rg000001/providers/Microsoft.Compute/virtualMachines/vm1\"\r\n
        \   }\r\n  },\r\n  \"type\": \"Microsoft.Network/networkInterfaces\"\r\n}"
    headers:
      cache-control:
      - no-cache
      content-length:
      - '2569'
      content-type:
      - application/json; charset=utf-8
      date:
      - Tue, 07 May 2019 00:33:20 GMT
      etag:
      - W/"1cb92ff7-41c7-4a9e-a7c5-7c1ac843d48a"
      expires:
      - '-1'
      pragma:
      - no-cache
      server:
      - Microsoft-HTTPAPI/2.0
      - Microsoft-HTTPAPI/2.0
      strict-transport-security:
      - max-age=31536000; includeSubDomains
      transfer-encoding:
      - chunked
      vary:
      - Accept-Encoding
      x-content-type-options:
      - nosniff
    status:
      code: 200
      message: OK
- request:
    body: null
    headers:
      Accept:
      - application/json
      Accept-Encoding:
      - gzip, deflate
      CommandName:
      - vm create
      Connection:
      - keep-alive
      ParameterSetName:
      - -g -n --image --admin-password --use-unmanaged-disk
      User-Agent:
      - python/3.7.2 (Windows-10-10.0.17763-SP0) msrest/0.6.6 msrest_azure/0.6.0 networkmanagementclient/2.6.0
        Azure-SDK-For-Python AZURECLI/2.0.63
      accept-language:
      - en-US
    method: GET
    uri: https://management.azure.com/subscriptions/00000000-0000-0000-0000-000000000000/resourceGroups/clitest.rg000001/providers/Microsoft.Network/publicIPAddresses/vm1PublicIP?api-version=2018-01-01
  response:
    body:
      string: "{\r\n  \"name\": \"vm1PublicIP\",\r\n  \"id\": \"/subscriptions/00000000-0000-0000-0000-000000000000/resourceGroups/clitest.rg000001/providers/Microsoft.Network/publicIPAddresses/vm1PublicIP\",\r\n
        \ \"etag\": \"W/\\\"df41ef6b-3104-4659-9c5e-c6e51e7d28b2\\\"\",\r\n  \"location\":
        \"westus2\",\r\n  \"tags\": {},\r\n  \"properties\": {\r\n    \"provisioningState\":
        \"Succeeded\",\r\n    \"resourceGuid\": \"150b0a2a-4c10-4012-a0f8-e3d307715d0e\",\r\n
        \   \"ipAddress\": \"13.66.131.4\",\r\n    \"publicIPAddressVersion\": \"IPv4\",\r\n
        \   \"publicIPAllocationMethod\": \"Dynamic\",\r\n    \"idleTimeoutInMinutes\":
        4,\r\n    \"ipTags\": [],\r\n    \"ipConfiguration\": {\r\n      \"id\": \"/subscriptions/00000000-0000-0000-0000-000000000000/resourceGroups/clitest.rg000001/providers/Microsoft.Network/networkInterfaces/vm1VMNic/ipConfigurations/ipconfigvm1\"\r\n
        \   }\r\n  },\r\n  \"type\": \"Microsoft.Network/publicIPAddresses\",\r\n
        \ \"sku\": {\r\n    \"name\": \"Basic\",\r\n    \"tier\": \"Regional\"\r\n
        \ }\r\n}"
    headers:
      cache-control:
      - no-cache
      content-length:
      - '1021'
      content-type:
      - application/json; charset=utf-8
      date:
      - Tue, 07 May 2019 00:33:20 GMT
      etag:
      - W/"df41ef6b-3104-4659-9c5e-c6e51e7d28b2"
      expires:
      - '-1'
      pragma:
      - no-cache
      server:
      - Microsoft-HTTPAPI/2.0
      - Microsoft-HTTPAPI/2.0
      strict-transport-security:
      - max-age=31536000; includeSubDomains
      transfer-encoding:
      - chunked
      vary:
      - Accept-Encoding
      x-content-type-options:
      - nosniff
    status:
      code: 200
      message: OK
- request:
    body: null
    headers:
      Accept:
      - application/json
      Accept-Encoding:
      - gzip, deflate
      CommandName:
      - vm list
      Connection:
      - keep-alive
      ParameterSetName:
      - -g
      User-Agent:
      - python/3.7.2 (Windows-10-10.0.17763-SP0) msrest/0.6.6 msrest_azure/0.6.0 computemanagementclient/4.6.1
        Azure-SDK-For-Python AZURECLI/2.0.63
      accept-language:
      - en-US
    method: GET
    uri: https://management.azure.com/subscriptions/00000000-0000-0000-0000-000000000000/resourceGroups/clitest.rg000001/providers/Microsoft.Compute/virtualMachines?api-version=2019-03-01
  response:
    body:
      string: "{\r\n  \"value\": [\r\n    {\r\n      \"properties\": {\r\n        \"vmId\":
        \"fe3ccb14-809d-40e9-863a-4de91f151dda\",\r\n        \"hardwareProfile\":
        {\r\n          \"vmSize\": \"Standard_DS1_v2\"\r\n        },\r\n        \"storageProfile\":
        {\r\n          \"imageReference\": {\r\n            \"publisher\": \"Canonical\",\r\n
        \           \"offer\": \"UbuntuServer\",\r\n            \"sku\": \"18.04-LTS\",\r\n
        \           \"version\": \"latest\"\r\n          },\r\n          \"osDisk\":
        {\r\n            \"osType\": \"Linux\",\r\n            \"name\": \"osdisk_7384745d4c\",\r\n
        \           \"createOption\": \"FromImage\",\r\n            \"vhd\": {\r\n
        \             \"uri\": \"https://vhdstorage7384745d4c8c4c.blob.core.windows.net/vhds/osdisk_7384745d4c.vhd\"\r\n
        \           },\r\n            \"caching\": \"ReadWrite\",\r\n            \"diskSizeGB\":
        30\r\n          },\r\n          \"dataDisks\": []\r\n        },\r\n        \"osProfile\":
        {\r\n          \"computerName\": \"vm1\",\r\n          \"adminUsername\":
        \"subae\",\r\n          \"linuxConfiguration\": {\r\n            \"disablePasswordAuthentication\":
        false,\r\n            \"provisionVMAgent\": true\r\n          },\r\n          \"secrets\":
        [],\r\n          \"allowExtensionOperations\": true,\r\n          \"requireGuestProvisionSignal\":
        true\r\n        },\r\n        \"networkProfile\": {\"networkInterfaces\":[{\"id\":\"/subscriptions/00000000-0000-0000-0000-000000000000/resourceGroups/clitest.rg000001/providers/Microsoft.Network/networkInterfaces/vm1VMNic\"}]},\r\n
        \       \"provisioningState\": \"Succeeded\"\r\n      },\r\n      \"type\":
        \"Microsoft.Compute/virtualMachines\",\r\n      \"location\": \"westus2\",\r\n
        \     \"tags\": {},\r\n      \"id\": \"/subscriptions/00000000-0000-0000-0000-000000000000/resourceGroups/clitest.rg000001/providers/Microsoft.Compute/virtualMachines/vm1\",\r\n
        \     \"name\": \"vm1\"\r\n    }\r\n  ]\r\n}"
    headers:
      cache-control:
      - no-cache
      content-length:
      - '1823'
      content-type:
      - application/json; charset=utf-8
      date:
      - Tue, 07 May 2019 00:33:21 GMT
      expires:
      - '-1'
      pragma:
      - no-cache
      server:
      - Microsoft-HTTPAPI/2.0
      - Microsoft-HTTPAPI/2.0
      strict-transport-security:
      - max-age=31536000; includeSubDomains
      transfer-encoding:
      - chunked
      vary:
      - Accept-Encoding
      x-content-type-options:
      - nosniff
      x-ms-ratelimit-remaining-resource:
      - Microsoft.Compute/HighCostGet3Min;135,Microsoft.Compute/HighCostGet30Min;674
    status:
      code: 200
      message: OK
- request:
    body: null
    headers:
      Accept:
      - application/json
      Accept-Encoding:
      - gzip, deflate
      CommandName:
      - vm repair swap-disk
      Connection:
      - keep-alive
      ParameterSetName:
      - -g -n --rescue-password
      User-Agent:
      - python/3.7.2 (Windows-10-10.0.17763-SP0) msrest/0.6.6 msrest_azure/0.6.0 computemanagementclient/4.6.1
        Azure-SDK-For-Python AZURECLI/2.0.63
      accept-language:
      - en-US
    method: GET
    uri: https://management.azure.com/subscriptions/00000000-0000-0000-0000-000000000000/resourceGroups/clitest.rg000001/providers/Microsoft.Compute/virtualMachines/vm1?api-version=2019-03-01
  response:
    body:
      string: "{\r\n  \"properties\": {\r\n    \"vmId\": \"fe3ccb14-809d-40e9-863a-4de91f151dda\",\r\n
        \   \"hardwareProfile\": {\r\n      \"vmSize\": \"Standard_DS1_v2\"\r\n    },\r\n
        \   \"storageProfile\": {\r\n      \"imageReference\": {\r\n        \"publisher\":
        \"Canonical\",\r\n        \"offer\": \"UbuntuServer\",\r\n        \"sku\":
        \"18.04-LTS\",\r\n        \"version\": \"latest\"\r\n      },\r\n      \"osDisk\":
        {\r\n        \"osType\": \"Linux\",\r\n        \"name\": \"osdisk_7384745d4c\",\r\n
        \       \"createOption\": \"FromImage\",\r\n        \"vhd\": {\r\n          \"uri\":
        \"https://vhdstorage7384745d4c8c4c.blob.core.windows.net/vhds/osdisk_7384745d4c.vhd\"\r\n
        \       },\r\n        \"caching\": \"ReadWrite\",\r\n        \"diskSizeGB\":
        30\r\n      },\r\n      \"dataDisks\": []\r\n    },\r\n    \"osProfile\":
        {\r\n      \"computerName\": \"vm1\",\r\n      \"adminUsername\": \"subae\",\r\n
        \     \"linuxConfiguration\": {\r\n        \"disablePasswordAuthentication\":
        false,\r\n        \"provisionVMAgent\": true\r\n      },\r\n      \"secrets\":
        [],\r\n      \"allowExtensionOperations\": true,\r\n      \"requireGuestProvisionSignal\":
        true\r\n    },\r\n    \"networkProfile\": {\"networkInterfaces\":[{\"id\":\"/subscriptions/00000000-0000-0000-0000-000000000000/resourceGroups/clitest.rg000001/providers/Microsoft.Network/networkInterfaces/vm1VMNic\"}]},\r\n
        \   \"provisioningState\": \"Succeeded\"\r\n  },\r\n  \"type\": \"Microsoft.Compute/virtualMachines\",\r\n
        \ \"location\": \"westus2\",\r\n  \"tags\": {},\r\n  \"id\": \"/subscriptions/00000000-0000-0000-0000-000000000000/resourceGroups/clitest.rg000001/providers/Microsoft.Compute/virtualMachines/vm1\",\r\n
        \ \"name\": \"vm1\"\r\n}"
    headers:
      cache-control:
      - no-cache
      content-length:
      - '1618'
      content-type:
      - application/json; charset=utf-8
      date:
      - Tue, 07 May 2019 00:33:22 GMT
      expires:
      - '-1'
      pragma:
      - no-cache
      server:
      - Microsoft-HTTPAPI/2.0
      - Microsoft-HTTPAPI/2.0
      strict-transport-security:
      - max-age=31536000; includeSubDomains
      transfer-encoding:
      - chunked
      vary:
      - Accept-Encoding
      x-content-type-options:
      - nosniff
      x-ms-ratelimit-remaining-resource:
      - Microsoft.Compute/LowCostGet3Min;3962,Microsoft.Compute/LowCostGet30Min;31695
    status:
      code: 200
      message: OK
- request:
    body: null
    headers:
      Accept:
      - application/json
      Accept-Encoding:
      - gzip, deflate
      CommandName:
      - vm repair swap-disk
      Connection:
      - keep-alive
      ParameterSetName:
      - -g -n --rescue-password
      User-Agent:
      - python/3.7.2 (Windows-10-10.0.17763-SP0) msrest/0.6.6 msrest_azure/0.6.0 computemanagementclient/4.6.1
        Azure-SDK-For-Python AZURECLI/2.0.63
      accept-language:
      - en-US
    method: GET
    uri: https://management.azure.com/subscriptions/00000000-0000-0000-0000-000000000000/resourceGroups/clitest.rg000001/providers/Microsoft.Compute/virtualMachines/vm1?api-version=2019-03-01
  response:
    body:
      string: "{\r\n  \"properties\": {\r\n    \"vmId\": \"fe3ccb14-809d-40e9-863a-4de91f151dda\",\r\n
        \   \"hardwareProfile\": {\r\n      \"vmSize\": \"Standard_DS1_v2\"\r\n    },\r\n
        \   \"storageProfile\": {\r\n      \"imageReference\": {\r\n        \"publisher\":
        \"Canonical\",\r\n        \"offer\": \"UbuntuServer\",\r\n        \"sku\":
        \"18.04-LTS\",\r\n        \"version\": \"latest\"\r\n      },\r\n      \"osDisk\":
        {\r\n        \"osType\": \"Linux\",\r\n        \"name\": \"osdisk_7384745d4c\",\r\n
        \       \"createOption\": \"FromImage\",\r\n        \"vhd\": {\r\n          \"uri\":
        \"https://vhdstorage7384745d4c8c4c.blob.core.windows.net/vhds/osdisk_7384745d4c.vhd\"\r\n
        \       },\r\n        \"caching\": \"ReadWrite\",\r\n        \"diskSizeGB\":
        30\r\n      },\r\n      \"dataDisks\": []\r\n    },\r\n    \"osProfile\":
        {\r\n      \"computerName\": \"vm1\",\r\n      \"adminUsername\": \"subae\",\r\n
        \     \"linuxConfiguration\": {\r\n        \"disablePasswordAuthentication\":
        false,\r\n        \"provisionVMAgent\": true\r\n      },\r\n      \"secrets\":
        [],\r\n      \"allowExtensionOperations\": true,\r\n      \"requireGuestProvisionSignal\":
        true\r\n    },\r\n    \"networkProfile\": {\"networkInterfaces\":[{\"id\":\"/subscriptions/00000000-0000-0000-0000-000000000000/resourceGroups/clitest.rg000001/providers/Microsoft.Network/networkInterfaces/vm1VMNic\"}]},\r\n
        \   \"provisioningState\": \"Succeeded\"\r\n  },\r\n  \"type\": \"Microsoft.Compute/virtualMachines\",\r\n
        \ \"location\": \"westus2\",\r\n  \"tags\": {},\r\n  \"id\": \"/subscriptions/00000000-0000-0000-0000-000000000000/resourceGroups/clitest.rg000001/providers/Microsoft.Compute/virtualMachines/vm1\",\r\n
        \ \"name\": \"vm1\"\r\n}"
    headers:
      cache-control:
      - no-cache
      content-length:
      - '1618'
      content-type:
      - application/json; charset=utf-8
      date:
      - Tue, 07 May 2019 00:33:22 GMT
      expires:
      - '-1'
      pragma:
      - no-cache
      server:
      - Microsoft-HTTPAPI/2.0
      - Microsoft-HTTPAPI/2.0
      strict-transport-security:
      - max-age=31536000; includeSubDomains
      transfer-encoding:
      - chunked
      vary:
      - Accept-Encoding
      x-content-type-options:
      - nosniff
      x-ms-ratelimit-remaining-resource:
      - Microsoft.Compute/LowCostGet3Min;3961,Microsoft.Compute/LowCostGet30Min;31694
    status:
      code: 200
      message: OK
- request:
    body: null
    headers:
      Accept:
      - application/json
      Accept-Encoding:
      - gzip, deflate
      CommandName:
      - vm list
      Connection:
      - keep-alive
      ParameterSetName:
      - -g
      User-Agent:
      - python/3.7.2 (Windows-10-10.0.17763-SP0) msrest/0.6.6 msrest_azure/0.6.0 computemanagementclient/4.6.1
        Azure-SDK-For-Python AZURECLI/2.0.63
      accept-language:
      - en-US
    method: GET
    uri: https://management.azure.com/subscriptions/00000000-0000-0000-0000-000000000000/resourceGroups/rescue-vm1-20190506173322/providers/Microsoft.Compute/virtualMachines?api-version=2019-03-01
  response:
    body:
      string: "{\r\n  \"value\": [\r\n    {\r\n      \"properties\": {\r\n        \"vmId\":
        \"aa31f73e-f5f0-41f7-9979-1f469ca902f6\",\r\n        \"hardwareProfile\":
        {\r\n          \"vmSize\": \"Standard_DS1_v2\"\r\n        },\r\n        \"storageProfile\":
        {\r\n          \"imageReference\": {\r\n            \"publisher\": \"Canonical\",\r\n
        \           \"offer\": \"UbuntuServer\",\r\n            \"sku\": \"18.04-LTS\",\r\n
        \           \"version\": \"latest\"\r\n          },\r\n          \"osDisk\":
        {\r\n            \"osType\": \"Linux\",\r\n            \"name\": \"osdisk_04acd9a828\",\r\n
        \           \"createOption\": \"FromImage\",\r\n            \"vhd\": {\r\n
        \             \"uri\": \"https://vhdstorage04acd9a828b5e9.blob.core.windows.net/vhds/osdisk_04acd9a828.vhd\"\r\n
        \           },\r\n            \"caching\": \"ReadWrite\",\r\n            \"diskSizeGB\":
        30\r\n          },\r\n          \"dataDisks\": [\r\n            {\r\n              \"lun\":
        0,\r\n              \"name\": \"vm1-DiskCopy-20190506173322.vhd\",\r\n              \"createOption\":
        \"Attach\",\r\n              \"vhd\": {\r\n                \"uri\": \"https://vhdstorage7384745d4c8c4c.blob.core.windows.net/vhds/vm1-DiskCopy-20190506173322.vhd\"\r\n
        \             },\r\n              \"caching\": \"None\",\r\n              \"diskSizeGB\":
        30,\r\n              \"toBeDetached\": false\r\n            }\r\n          ]\r\n
        \       },\r\n        \"osProfile\": {\r\n          \"computerName\": \"rescue-vm1\",\r\n
        \         \"adminUsername\": \"subae\",\r\n          \"linuxConfiguration\":
        {\r\n            \"disablePasswordAuthentication\": false,\r\n            \"provisionVMAgent\":
        true\r\n          },\r\n          \"secrets\": [],\r\n          \"allowExtensionOperations\":
        true,\r\n          \"requireGuestProvisionSignal\": true\r\n        },\r\n
        \       \"networkProfile\": {\"networkInterfaces\":[{\"id\":\"/subscriptions/00000000-0000-0000-0000-000000000000/resourceGroups/rescue-vm1-20190506173322/providers/Microsoft.Network/networkInterfaces/rescue-vm1VMNic\"}]},\r\n
        \       \"provisioningState\": \"Succeeded\"\r\n      },\r\n      \"type\":
        \"Microsoft.Compute/virtualMachines\",\r\n      \"location\": \"westus2\",\r\n
        \     \"tags\": {\r\n        \"rescue_source\": \"clitest.rg000001/vm1\"\r\n
        \     },\r\n      \"id\": \"/subscriptions/00000000-0000-0000-0000-000000000000/resourceGroups/rescue-vm1-20190506173322/providers/Microsoft.Compute/virtualMachines/rescue-vm1\",\r\n
        \     \"name\": \"rescue-vm1\"\r\n    }\r\n  ]\r\n}"
    headers:
      cache-control:
      - no-cache
      content-length:
      - '2297'
      content-type:
      - application/json; charset=utf-8
      date:
      - Tue, 07 May 2019 00:35:55 GMT
      expires:
      - '-1'
      pragma:
      - no-cache
      server:
      - Microsoft-HTTPAPI/2.0
      - Microsoft-HTTPAPI/2.0
      strict-transport-security:
      - max-age=31536000; includeSubDomains
      transfer-encoding:
      - chunked
      vary:
      - Accept-Encoding
      x-content-type-options:
      - nosniff
      x-ms-ratelimit-remaining-resource:
      - Microsoft.Compute/HighCostGet3Min;136,Microsoft.Compute/HighCostGet30Min;676
    status:
      code: 200
      message: OK
- request:
    body: null
    headers:
      Accept:
      - application/json
      Accept-Encoding:
      - gzip, deflate
      CommandName:
      - vm repair restore-swap
      Connection:
      - keep-alive
      ParameterSetName:
      - -g -n
      User-Agent:
      - python/3.7.2 (Windows-10-10.0.17763-SP0) msrest/0.6.6 msrest_azure/0.6.0 computemanagementclient/4.6.1
        Azure-SDK-For-Python AZURECLI/2.0.63
      accept-language:
      - en-US
    method: GET
    uri: https://management.azure.com/subscriptions/00000000-0000-0000-0000-000000000000/resourceGroups/rescue-vm1-20190506173322/providers/Microsoft.Compute/virtualMachines/rescue-vm1?api-version=2019-03-01
  response:
    body:
      string: "{\r\n  \"properties\": {\r\n    \"vmId\": \"aa31f73e-f5f0-41f7-9979-1f469ca902f6\",\r\n
        \   \"hardwareProfile\": {\r\n      \"vmSize\": \"Standard_DS1_v2\"\r\n    },\r\n
        \   \"storageProfile\": {\r\n      \"imageReference\": {\r\n        \"publisher\":
        \"Canonical\",\r\n        \"offer\": \"UbuntuServer\",\r\n        \"sku\":
        \"18.04-LTS\",\r\n        \"version\": \"latest\"\r\n      },\r\n      \"osDisk\":
        {\r\n        \"osType\": \"Linux\",\r\n        \"name\": \"osdisk_04acd9a828\",\r\n
        \       \"createOption\": \"FromImage\",\r\n        \"vhd\": {\r\n          \"uri\":
        \"https://vhdstorage04acd9a828b5e9.blob.core.windows.net/vhds/osdisk_04acd9a828.vhd\"\r\n
        \       },\r\n        \"caching\": \"ReadWrite\",\r\n        \"diskSizeGB\":
        30\r\n      },\r\n      \"dataDisks\": [\r\n        {\r\n          \"lun\":
        0,\r\n          \"name\": \"vm1-DiskCopy-20190506173322.vhd\",\r\n          \"createOption\":
        \"Attach\",\r\n          \"vhd\": {\r\n            \"uri\": \"https://vhdstorage7384745d4c8c4c.blob.core.windows.net/vhds/vm1-DiskCopy-20190506173322.vhd\"\r\n
        \         },\r\n          \"caching\": \"None\",\r\n          \"diskSizeGB\":
        30,\r\n          \"toBeDetached\": false\r\n        }\r\n      ]\r\n    },\r\n
        \   \"osProfile\": {\r\n      \"computerName\": \"rescue-vm1\",\r\n      \"adminUsername\":
        \"subae\",\r\n      \"linuxConfiguration\": {\r\n        \"disablePasswordAuthentication\":
        false,\r\n        \"provisionVMAgent\": true\r\n      },\r\n      \"secrets\":
        [],\r\n      \"allowExtensionOperations\": true,\r\n      \"requireGuestProvisionSignal\":
        true\r\n    },\r\n    \"networkProfile\": {\"networkInterfaces\":[{\"id\":\"/subscriptions/00000000-0000-0000-0000-000000000000/resourceGroups/rescue-vm1-20190506173322/providers/Microsoft.Network/networkInterfaces/rescue-vm1VMNic\"}]},\r\n
        \   \"provisioningState\": \"Succeeded\"\r\n  },\r\n  \"type\": \"Microsoft.Compute/virtualMachines\",\r\n
        \ \"location\": \"westus2\",\r\n  \"tags\": {\r\n    \"rescue_source\": \"clitest.rg000001/vm1\"\r\n
        \ },\r\n  \"id\": \"/subscriptions/00000000-0000-0000-0000-000000000000/resourceGroups/rescue-vm1-20190506173322/providers/Microsoft.Compute/virtualMachines/rescue-vm1\",\r\n
        \ \"name\": \"rescue-vm1\"\r\n}"
    headers:
      cache-control:
      - no-cache
      content-length:
      - '2036'
      content-type:
      - application/json; charset=utf-8
      date:
      - Tue, 07 May 2019 00:35:57 GMT
      expires:
      - '-1'
      pragma:
      - no-cache
      server:
      - Microsoft-HTTPAPI/2.0
      - Microsoft-HTTPAPI/2.0
      strict-transport-security:
      - max-age=31536000; includeSubDomains
      transfer-encoding:
      - chunked
      vary:
      - Accept-Encoding
      x-content-type-options:
      - nosniff
      x-ms-ratelimit-remaining-resource:
      - Microsoft.Compute/LowCostGet3Min;3944,Microsoft.Compute/LowCostGet30Min;31726
    status:
      code: 200
      message: OK
- request:
    body: null
    headers:
      Accept:
      - application/json
      Accept-Encoding:
      - gzip, deflate
      CommandName:
      - vm repair restore-swap
      Connection:
      - keep-alive
      ParameterSetName:
      - -g -n
      User-Agent:
      - python/3.7.2 (Windows-10-10.0.17763-SP0) msrest/0.6.6 msrest_azure/0.6.0 computemanagementclient/4.6.1
        Azure-SDK-For-Python AZURECLI/2.0.63
      accept-language:
      - en-US
    method: GET
    uri: https://management.azure.com/subscriptions/00000000-0000-0000-0000-000000000000/resourceGroups/clitest.rg000001/providers/Microsoft.Compute/virtualMachines/vm1?api-version=2019-03-01
  response:
    body:
      string: "{\r\n  \"properties\": {\r\n    \"vmId\": \"fe3ccb14-809d-40e9-863a-4de91f151dda\",\r\n
        \   \"hardwareProfile\": {\r\n      \"vmSize\": \"Standard_DS1_v2\"\r\n    },\r\n
        \   \"storageProfile\": {\r\n      \"imageReference\": {\r\n        \"publisher\":
        \"Canonical\",\r\n        \"offer\": \"UbuntuServer\",\r\n        \"sku\":
        \"18.04-LTS\",\r\n        \"version\": \"latest\"\r\n      },\r\n      \"osDisk\":
        {\r\n        \"osType\": \"Linux\",\r\n        \"name\": \"osdisk_7384745d4c\",\r\n
        \       \"createOption\": \"FromImage\",\r\n        \"vhd\": {\r\n          \"uri\":
        \"https://vhdstorage7384745d4c8c4c.blob.core.windows.net/vhds/osdisk_7384745d4c.vhd\"\r\n
        \       },\r\n        \"caching\": \"ReadWrite\",\r\n        \"diskSizeGB\":
        30\r\n      },\r\n      \"dataDisks\": []\r\n    },\r\n    \"osProfile\":
        {\r\n      \"computerName\": \"vm1\",\r\n      \"adminUsername\": \"subae\",\r\n
        \     \"linuxConfiguration\": {\r\n        \"disablePasswordAuthentication\":
        false,\r\n        \"provisionVMAgent\": true\r\n      },\r\n      \"secrets\":
        [],\r\n      \"allowExtensionOperations\": true,\r\n      \"requireGuestProvisionSignal\":
        true\r\n    },\r\n    \"networkProfile\": {\"networkInterfaces\":[{\"id\":\"/subscriptions/00000000-0000-0000-0000-000000000000/resourceGroups/clitest.rg000001/providers/Microsoft.Network/networkInterfaces/vm1VMNic\"}]},\r\n
        \   \"provisioningState\": \"Succeeded\"\r\n  },\r\n  \"type\": \"Microsoft.Compute/virtualMachines\",\r\n
        \ \"location\": \"westus2\",\r\n  \"tags\": {},\r\n  \"id\": \"/subscriptions/00000000-0000-0000-0000-000000000000/resourceGroups/clitest.rg000001/providers/Microsoft.Compute/virtualMachines/vm1\",\r\n
        \ \"name\": \"vm1\"\r\n}"
    headers:
      cache-control:
      - no-cache
      content-length:
      - '1618'
      content-type:
      - application/json; charset=utf-8
      date:
      - Tue, 07 May 2019 00:35:57 GMT
      expires:
      - '-1'
      pragma:
      - no-cache
      server:
      - Microsoft-HTTPAPI/2.0
      - Microsoft-HTTPAPI/2.0
      strict-transport-security:
      - max-age=31536000; includeSubDomains
      transfer-encoding:
      - chunked
      vary:
      - Accept-Encoding
      x-content-type-options:
      - nosniff
      x-ms-ratelimit-remaining-resource:
      - Microsoft.Compute/LowCostGet3Min;3943,Microsoft.Compute/LowCostGet30Min;31725
    status:
      code: 200
      message: OK
- request:
    body: null
    headers:
      Accept:
      - application/json
      Accept-Encoding:
      - gzip, deflate
      CommandName:
      - vm repair restore-swap
      Connection:
      - keep-alive
      ParameterSetName:
      - -g -n
      User-Agent:
      - python/3.7.2 (Windows-10-10.0.17763-SP0) msrest/0.6.6 msrest_azure/0.6.0 computemanagementclient/4.6.1
        Azure-SDK-For-Python AZURECLI/2.0.63
      accept-language:
      - en-US
    method: GET
    uri: https://management.azure.com/subscriptions/00000000-0000-0000-0000-000000000000/resourceGroups/rescue-vm1-20190506173322/providers/Microsoft.Compute/virtualMachines/rescue-vm1?api-version=2019-03-01
  response:
    body:
      string: "{\r\n  \"properties\": {\r\n    \"vmId\": \"aa31f73e-f5f0-41f7-9979-1f469ca902f6\",\r\n
        \   \"hardwareProfile\": {\r\n      \"vmSize\": \"Standard_DS1_v2\"\r\n    },\r\n
        \   \"storageProfile\": {\r\n      \"imageReference\": {\r\n        \"publisher\":
        \"Canonical\",\r\n        \"offer\": \"UbuntuServer\",\r\n        \"sku\":
        \"18.04-LTS\",\r\n        \"version\": \"latest\"\r\n      },\r\n      \"osDisk\":
        {\r\n        \"osType\": \"Linux\",\r\n        \"name\": \"osdisk_04acd9a828\",\r\n
        \       \"createOption\": \"FromImage\",\r\n        \"vhd\": {\r\n          \"uri\":
        \"https://vhdstorage04acd9a828b5e9.blob.core.windows.net/vhds/osdisk_04acd9a828.vhd\"\r\n
        \       },\r\n        \"caching\": \"ReadWrite\",\r\n        \"diskSizeGB\":
        30\r\n      },\r\n      \"dataDisks\": [\r\n        {\r\n          \"lun\":
        0,\r\n          \"name\": \"vm1-DiskCopy-20190506173322.vhd\",\r\n          \"createOption\":
        \"Attach\",\r\n          \"vhd\": {\r\n            \"uri\": \"https://vhdstorage7384745d4c8c4c.blob.core.windows.net/vhds/vm1-DiskCopy-20190506173322.vhd\"\r\n
        \         },\r\n          \"caching\": \"None\",\r\n          \"diskSizeGB\":
        30,\r\n          \"toBeDetached\": false\r\n        }\r\n      ]\r\n    },\r\n
        \   \"osProfile\": {\r\n      \"computerName\": \"rescue-vm1\",\r\n      \"adminUsername\":
        \"subae\",\r\n      \"linuxConfiguration\": {\r\n        \"disablePasswordAuthentication\":
        false,\r\n        \"provisionVMAgent\": true\r\n      },\r\n      \"secrets\":
        [],\r\n      \"allowExtensionOperations\": true,\r\n      \"requireGuestProvisionSignal\":
        true\r\n    },\r\n    \"networkProfile\": {\"networkInterfaces\":[{\"id\":\"/subscriptions/00000000-0000-0000-0000-000000000000/resourceGroups/rescue-vm1-20190506173322/providers/Microsoft.Network/networkInterfaces/rescue-vm1VMNic\"}]},\r\n
        \   \"provisioningState\": \"Succeeded\"\r\n  },\r\n  \"type\": \"Microsoft.Compute/virtualMachines\",\r\n
        \ \"location\": \"westus2\",\r\n  \"tags\": {\r\n    \"rescue_source\": \"clitest.rg000001/vm1\"\r\n
        \ },\r\n  \"id\": \"/subscriptions/00000000-0000-0000-0000-000000000000/resourceGroups/rescue-vm1-20190506173322/providers/Microsoft.Compute/virtualMachines/rescue-vm1\",\r\n
        \ \"name\": \"rescue-vm1\"\r\n}"
    headers:
      cache-control:
      - no-cache
      content-length:
      - '2036'
      content-type:
      - application/json; charset=utf-8
      date:
      - Tue, 07 May 2019 00:35:57 GMT
      expires:
      - '-1'
      pragma:
      - no-cache
      server:
      - Microsoft-HTTPAPI/2.0
      - Microsoft-HTTPAPI/2.0
      strict-transport-security:
      - max-age=31536000; includeSubDomains
      transfer-encoding:
      - chunked
      vary:
      - Accept-Encoding
      x-content-type-options:
      - nosniff
      x-ms-ratelimit-remaining-resource:
      - Microsoft.Compute/LowCostGet3Min;3942,Microsoft.Compute/LowCostGet30Min;31724
    status:
      code: 200
      message: OK
- request:
    body: null
    headers:
      Accept:
      - application/json
      Accept-Encoding:
      - gzip, deflate
      CommandName:
      - vm list
      Connection:
      - keep-alive
      ParameterSetName:
      - -g
      User-Agent:
      - python/3.7.2 (Windows-10-10.0.17763-SP0) msrest/0.6.6 msrest_azure/0.6.0 computemanagementclient/4.6.1
        Azure-SDK-For-Python AZURECLI/2.0.63
      accept-language:
      - en-US
    method: GET
    uri: https://management.azure.com/subscriptions/00000000-0000-0000-0000-000000000000/resourceGroups/clitest.rg000001/providers/Microsoft.Compute/virtualMachines?api-version=2019-03-01
  response:
    body:
      string: "{\r\n  \"value\": [\r\n    {\r\n      \"properties\": {\r\n        \"vmId\":
        \"fe3ccb14-809d-40e9-863a-4de91f151dda\",\r\n        \"hardwareProfile\":
        {\r\n          \"vmSize\": \"Standard_DS1_v2\"\r\n        },\r\n        \"storageProfile\":
        {\r\n          \"imageReference\": {\r\n            \"publisher\": \"Canonical\",\r\n
        \           \"offer\": \"UbuntuServer\",\r\n            \"sku\": \"18.04-LTS\",\r\n
        \           \"version\": \"latest\"\r\n          },\r\n          \"osDisk\":
        {\r\n            \"osType\": \"Linux\",\r\n            \"name\": \"osdisk_7384745d4c\",\r\n
        \           \"createOption\": \"FromImage\",\r\n            \"vhd\": {\r\n
        \             \"uri\": \"https://vhdstorage7384745d4c8c4c.blob.core.windows.net/vhds/vm1-DiskCopy-20190506173322.vhd\"\r\n
        \           },\r\n            \"caching\": \"ReadWrite\",\r\n            \"diskSizeGB\":
        30\r\n          },\r\n          \"dataDisks\": []\r\n        },\r\n        \"osProfile\":
        {\r\n          \"computerName\": \"vm1\",\r\n          \"adminUsername\":
        \"subae\",\r\n          \"linuxConfiguration\": {\r\n            \"disablePasswordAuthentication\":
        false,\r\n            \"provisionVMAgent\": true\r\n          },\r\n          \"secrets\":
        [],\r\n          \"allowExtensionOperations\": true,\r\n          \"requireGuestProvisionSignal\":
        true\r\n        },\r\n        \"networkProfile\": {\"networkInterfaces\":[{\"id\":\"/subscriptions/00000000-0000-0000-0000-000000000000/resourceGroups/clitest.rg000001/providers/Microsoft.Network/networkInterfaces/vm1VMNic\"}]},\r\n
        \       \"provisioningState\": \"Succeeded\"\r\n      },\r\n      \"type\":
        \"Microsoft.Compute/virtualMachines\",\r\n      \"location\": \"westus2\",\r\n
        \     \"tags\": {},\r\n      \"id\": \"/subscriptions/00000000-0000-0000-0000-000000000000/resourceGroups/clitest.rg000001/providers/Microsoft.Compute/virtualMachines/vm1\",\r\n
        \     \"name\": \"vm1\"\r\n    }\r\n  ]\r\n}"
    headers:
      cache-control:
      - no-cache
      content-length:
      - '1833'
      content-type:
      - application/json; charset=utf-8
      date:
      - Tue, 07 May 2019 00:53:11 GMT
      expires:
      - '-1'
      pragma:
      - no-cache
      server:
      - Microsoft-HTTPAPI/2.0
      - Microsoft-HTTPAPI/2.0
      strict-transport-security:
      - max-age=31536000; includeSubDomains
      transfer-encoding:
      - chunked
      vary:
      - Accept-Encoding
      x-content-type-options:
      - nosniff
      x-ms-ratelimit-remaining-resource:
      - Microsoft.Compute/HighCostGet3Min;138,Microsoft.Compute/HighCostGet30Min;678
    status:
      code: 200
      message: OK
- request:
    body: null
    headers:
      Accept:
      - application/json
      Accept-Encoding:
      - gzip, deflate
      CommandName:
      - group exists
      Connection:
      - keep-alive
      ParameterSetName:
      - --name
      User-Agent:
      - python/3.7.2 (Windows-10-10.0.17763-SP0) msrest/0.6.6 msrest_azure/0.6.0 resourcemanagementclient/2.1.0
        Azure-SDK-For-Python AZURECLI/2.0.63
      accept-language:
      - en-US
    method: HEAD
    uri: https://management.azure.com/subscriptions/00000000-0000-0000-0000-000000000000/resourcegroups/rescue-vm1-20190506173322?api-version=2018-05-01
  response:
    body:
      string: ''
    headers:
      cache-control:
      - no-cache
      content-length:
      - '117'
      content-type:
      - application/json; charset=utf-8
      date:
      - Tue, 07 May 2019 00:53:11 GMT
      expires:
      - '-1'
      pragma:
      - no-cache
      strict-transport-security:
      - max-age=31536000; includeSubDomains
      x-content-type-options:
      - nosniff
      x-ms-failure-cause:
      - gateway
    status:
      code: 404
      message: Not Found
- request:
    body: null
    headers:
      Accept:
      - application/json
      Accept-Encoding:
      - gzip, deflate
      CommandName:
      - group delete
      Connection:
      - keep-alive
      Content-Length:
      - '0'
      ParameterSetName:
      - --name --yes --no-wait
      User-Agent:
      - python/3.7.2 (Windows-10-10.0.17763-SP0) msrest/0.6.6 msrest_azure/0.6.0 resourcemanagementclient/2.1.0
        Azure-SDK-For-Python AZURECLI/2.0.63
      accept-language:
      - en-US
    method: DELETE
    uri: https://management.azure.com/subscriptions/00000000-0000-0000-0000-000000000000/resourcegroups/clitest.rg000001?api-version=2018-05-01
  response:
    body:
      string: ''
    headers:
      cache-control:
      - no-cache
      content-length:
      - '0'
      date:
      - Tue, 07 May 2019 00:53:17 GMT
      expires:
      - '-1'
      location:
      - https://management.azure.com/subscriptions/00000000-0000-0000-0000-000000000000/operationresults/eyJqb2JJZCI6IlJFU09VUkNFR1JPVVBERUxFVElPTkpPQi1DTElURVNUOjJFUkdZVkNURU03Tks1S0hBUEc0NVNORFVQVUZNVUJOMkhIQUNZMnw5QjRFMUQ0QzcxMTk3NTA0LVdFU1RVUzIiLCJqb2JMb2NhdGlvbiI6Indlc3R1czIifQ?api-version=2018-05-01
      pragma:
      - no-cache
      strict-transport-security:
      - max-age=31536000; includeSubDomains
      x-content-type-options:
      - nosniff
      x-ms-ratelimit-remaining-subscription-deletes:
      - '14999'
    status:
      code: 202
      message: Accepted
version: 1
