interactions:
- request:
    body: null
    headers:
      Accept:
      - application/json
      Accept-Encoding:
      - gzip, deflate
      CommandName:
      - unknown
      Connection:
      - keep-alive
      User-Agent:
      - AZURECLI/2.25.0 azsdk-python-azure-mgmt-compute/21.0.0 Python/3.8.10 (Windows-10-10.0.19042-SP0)
    method: GET
    uri: https://management.azure.com/subscriptions/00000000-0000-0000-0000-000000000000/resourceGroups/cli_test_serialconsole000001/providers/Microsoft.Compute/virtualMachines/cli000003?$expand=instanceView&api-version=2021-03-01
  response:
    body:
      string: '{"error":{"code":"ResourceNotFound","message":"The Resource ''Microsoft.Compute/virtualMachines/cli000003''
        under resource group ''cli_test_serialconsole000001'' was not found. For more
        details please go to https://aka.ms/ARMResourceNotFoundFix"}}'
    headers:
      cache-control:
      - no-cache
      content-length:
      - '305'
      content-type:
      - application/json; charset=utf-8
      date:
      - Mon, 21 Jun 2021 18:28:33 GMT
      expires:
      - '-1'
      pragma:
      - no-cache
      strict-transport-security:
      - max-age=31536000; includeSubDomains
      x-content-type-options:
      - nosniff
      x-ms-failure-cause:
      - gateway
    status:
      code: 404
      message: Not Found
- request:
    body: null
    headers:
      Accept:
      - application/json
      Accept-Encoding:
      - gzip, deflate
      CommandName:
      - unknown
      Connection:
      - keep-alive
      User-Agent:
      - AZURECLI/2.25.0 azsdk-python-azure-mgmt-compute/21.0.0 Python/3.8.10 (Windows-10-10.0.19042-SP0)
    method: GET
    uri: https://management.azure.com/subscriptions/00000000-0000-0000-0000-000000000000/resourceGroups/cli_test_serialconsole000001/providers/Microsoft.Compute/virtualMachineScaleSets/cli000003?api-version=2021-03-01
  response:
    body:
      string: '{"error":{"code":"ResourceNotFound","message":"The Resource ''Microsoft.Compute/virtualMachineScaleSets/cli000003''
        under resource group ''cli_test_serialconsole000001'' was not found. For more
        details please go to https://aka.ms/ARMResourceNotFoundFix"}}'
    headers:
      cache-control:
      - no-cache
      content-length:
      - '313'
      content-type:
      - application/json; charset=utf-8
      date:
      - Mon, 21 Jun 2021 18:28:34 GMT
      expires:
      - '-1'
      pragma:
      - no-cache
      strict-transport-security:
      - max-age=31536000; includeSubDomains
      x-content-type-options:
      - nosniff
      x-ms-failure-cause:
      - gateway
    status:
      code: 404
      message: Not Found
- request:
    body: null
    headers:
      Accept:
      - application/json
      Accept-Encoding:
      - gzip, deflate
      CommandName:
      - unknown
      Connection:
      - keep-alive
      User-Agent:
      - AZURECLI/2.25.0 azsdk-python-azure-mgmt-compute/21.0.0 Python/3.8.10 (Windows-10-10.0.19042-SP0)
    method: GET
    uri: https://management.azure.com/subscriptions/00000000-0000-0000-0000-000000000000/resourceGroups/cli_test_serialconsole000001/providers/Microsoft.Compute/virtualMachineScaleSets/cli000003/virtualmachines/0/instanceView?api-version=2021-03-01
  response:
    body:
      string: '{"error":{"code":"ParentResourceNotFound","message":"Can not perform
        requested operation on nested resource. Parent resource ''cli000003'' not
        found."}}'
    headers:
      cache-control:
      - no-cache
      content-length:
      - '165'
      content-type:
      - application/json; charset=utf-8
      date:
      - Mon, 21 Jun 2021 18:28:33 GMT
      expires:
      - '-1'
      pragma:
      - no-cache
      strict-transport-security:
      - max-age=31536000; includeSubDomains
      x-content-type-options:
      - nosniff
      x-ms-failure-cause:
      - gateway
    status:
      code: 404
      message: Not Found
- request:
    body: null
    headers:
      Accept:
      - '*/*'
      Accept-Encoding:
      - gzip, deflate
      Connection:
      - keep-alive
      User-Agent:
      - python-requests/2.25.1
    method: GET
    uri: https://raw.githubusercontent.com/Azure/azure-rest-api-specs/master/arm-compute/quickstart-templates/aliases.json
  response:
    body:
      string: "{\n  \"$schema\": \"http://schema.management.azure.com/schemas/2015-01-01/deploymentTemplate.json\",\n
        \ \"contentVersion\": \"1.0.0.0\",\n  \"parameters\": {},\n  \"variables\":
        {},\n  \"resources\": [],\n  \"outputs\": {\n    \"aliases\": {\n      \"type\":
        \"object\",\n      \"value\": {\n        \"Linux\": {\n          \"CentOS\":
        {\n            \"publisher\": \"OpenLogic\",\n            \"offer\": \"CentOS\",\n
        \           \"sku\": \"7.5\",\n            \"version\": \"latest\"\n          },\n
        \         \"CoreOS\": {\n            \"publisher\": \"CoreOS\",\n            \"offer\":
        \"CoreOS\",\n            \"sku\": \"Stable\",\n            \"version\": \"latest\"\n
        \         },\n          \"Debian\": {\n            \"publisher\": \"Debian\",\n
        \           \"offer\": \"debian-10\",\n            \"sku\": \"10\",\n            \"version\":
        \"latest\"\n          },\n          \"openSUSE-Leap\": {\n            \"publisher\":
        \"SUSE\",\n            \"offer\": \"openSUSE-Leap\",\n            \"sku\":
        \"42.3\",\n            \"version\": \"latest\"\n          },\n          \"RHEL\":
        {\n            \"publisher\": \"RedHat\",\n            \"offer\": \"RHEL\",\n
        \           \"sku\": \"7-LVM\",\n            \"version\": \"latest\"\n          },\n
        \         \"SLES\": {\n            \"publisher\": \"SUSE\",\n            \"offer\":
        \"SLES\",\n            \"sku\": \"15\",\n            \"version\": \"latest\"\n
        \         },\n          \"UbuntuLTS\": {\n            \"publisher\": \"Canonical\",\n
        \           \"offer\": \"UbuntuServer\",\n            \"sku\": \"18.04-LTS\",\n
        \           \"version\": \"latest\"\n          }\n        },\n        \"Windows\":
        {\n          \"Win2019Datacenter\": {\n            \"publisher\": \"MicrosoftWindowsServer\",\n
        \           \"offer\": \"WindowsServer\",\n            \"sku\": \"2019-Datacenter\",\n
        \           \"version\": \"latest\"\n          },\n          \"Win2016Datacenter\":
        {\n            \"publisher\": \"MicrosoftWindowsServer\",\n            \"offer\":
        \"WindowsServer\",\n            \"sku\": \"2016-Datacenter\",\n            \"version\":
        \"latest\"\n          },\n          \"Win2012R2Datacenter\": {\n            \"publisher\":
        \"MicrosoftWindowsServer\",\n            \"offer\": \"WindowsServer\",\n            \"sku\":
        \"2012-R2-Datacenter\",\n            \"version\": \"latest\"\n          },\n
        \         \"Win2012Datacenter\": {\n            \"publisher\": \"MicrosoftWindowsServer\",\n
        \           \"offer\": \"WindowsServer\",\n            \"sku\": \"2012-Datacenter\",\n
        \           \"version\": \"latest\"\n          },\n          \"Win2008R2SP1\":
        {\n            \"publisher\": \"MicrosoftWindowsServer\",\n            \"offer\":
        \"WindowsServer\",\n            \"sku\": \"2008-R2-SP1\",\n            \"version\":
        \"latest\"\n          }\n        }\n      }\n    }\n  }\n}\n"
    headers:
      accept-ranges:
      - bytes
      access-control-allow-origin:
      - '*'
      cache-control:
      - max-age=300
      connection:
      - keep-alive
      content-length:
      - '2501'
      content-security-policy:
      - default-src 'none'; style-src 'unsafe-inline'; sandbox
      content-type:
      - text/plain; charset=utf-8
      date:
      - Mon, 21 Jun 2021 18:28:35 GMT
      etag:
      - W/"540044b4084c3c314537f1baa1770f248628b2bc9ba0328f1004c33862e049da"
      expires:
      - Mon, 21 Jun 2021 18:33:35 GMT
      source-age:
      - '0'
      strict-transport-security:
      - max-age=31536000
      vary:
      - Authorization,Accept-Encoding
      via:
      - 1.1 varnish
      x-cache:
      - HIT
      x-cache-hits:
      - '1'
      x-content-type-options:
      - nosniff
      x-fastly-request-id:
      - 8e83c7925d3265e21db1a42b081714a29e151ded
      x-frame-options:
      - deny
      x-github-request-id:
      - 2764:37EB:2479:3B54:60D0B778
      x-served-by:
      - cache-sea4428-SEA
      x-timer:
      - S1624300115.092150,VS0,VE1
      x-xss-protection:
      - 1; mode=block
    status:
      code: 200
      message: OK
- request:
    body: null
    headers:
      Accept:
      - application/json, text/json
      Accept-Encoding:
      - gzip, deflate
      CommandName:
      - vmss create
      Connection:
      - keep-alive
      ParameterSetName:
      - -g -n --image --instance-count -l
      User-Agent:
      - AZURECLI/2.25.0 azsdk-python-azure-mgmt-network/19.0.0 Python/3.8.10 (Windows-10-10.0.19042-SP0)
    method: GET
    uri: https://management.azure.com/subscriptions/00000000-0000-0000-0000-000000000000/resourceGroups/cli_test_serialconsole000001/providers/Microsoft.Network/virtualNetworks?api-version=2018-01-01
  response:
    body:
      string: '{"value":[]}'
    headers:
      cache-control:
      - no-cache
      content-length:
      - '12'
      content-type:
      - application/json; charset=utf-8
      date:
      - Mon, 21 Jun 2021 18:28:34 GMT
      expires:
      - '-1'
      pragma:
      - no-cache
      strict-transport-security:
      - max-age=31536000; includeSubDomains
      vary:
      - Accept-Encoding
      x-content-type-options:
      - nosniff
    status:
      code: 200
      message: OK
- request:
    body: '{"properties": {"template": {"$schema": "https://schema.management.azure.com/schemas/2015-01-01/deploymentTemplate.json#",
      "contentVersion": "1.0.0.0", "parameters": {}, "variables": {}, "resources":
      [{"name": "cli000003VNET", "type": "Microsoft.Network/virtualNetworks", "location":
      "westus2", "apiVersion": "2015-06-15", "dependsOn": [], "tags": {}, "properties":
      {"addressSpace": {"addressPrefixes": ["10.0.0.0/16"]}, "subnets": [{"name":
      "cli000003Subnet", "properties": {"addressPrefix": "10.0.0.0/24"}}]}}, {"apiVersion":
      "2018-01-01", "type": "Microsoft.Network/publicIPAddresses", "name": "cli000003LBPublicIP",
      "location": "westus2", "tags": {}, "dependsOn": [], "properties": {"publicIPAllocationMethod":
      "Dynamic"}}, {"type": "Microsoft.Network/loadBalancers", "name": "cli000003LB",
      "location": "westus2", "tags": {}, "apiVersion": "2018-01-01", "dependsOn":
      ["Microsoft.Network/virtualNetworks/cli000003VNET", "Microsoft.Network/publicIpAddresses/cli000003LBPublicIP"],
      "properties": {"backendAddressPools": [{"name": "cli000003LBBEPool"}], "inboundNatPools":
      [{"name": "cli000003LBNatPool", "properties": {"frontendIPConfiguration": {"id":
      "[concat(resourceId(''Microsoft.Network/loadBalancers'', ''cli000003LB''), ''/frontendIPConfigurations/'',
      ''loadBalancerFrontEnd'')]"}, "protocol": "tcp", "frontendPortRangeStart": "50000",
      "frontendPortRangeEnd": "50119", "backendPort": 22}}], "frontendIPConfigurations":
      [{"name": "loadBalancerFrontEnd", "properties": {"publicIPAddress": {"id": "/subscriptions/00000000-0000-0000-0000-000000000000/resourceGroups/cli_test_serialconsole000001/providers/Microsoft.Network/publicIPAddresses/cli000003LBPublicIP"}}}]}},
      {"type": "Microsoft.Compute/virtualMachineScaleSets", "name": "cli000003", "location":
      "westus2", "tags": {}, "apiVersion": "2021-03-01", "dependsOn": ["Microsoft.Network/virtualNetworks/cli000003VNET",
      "Microsoft.Network/loadBalancers/cli000003LB"], "sku": {"name": "Standard_DS1_v2",
      "capacity": 2}, "properties": {"overprovision": true, "upgradePolicy": {"mode":
      "manual", "rollingUpgradePolicy": {}}, "virtualMachineProfile": {"storageProfile":
      {"osDisk": {"createOption": "FromImage", "caching": "ReadWrite", "managedDisk":
      {"storageAccountType": null}}, "imageReference": {"publisher": "Canonical",
      "offer": "UbuntuServer", "sku": "18.04-LTS", "version": "latest"}}, "networkProfile":
      {"networkInterfaceConfigurations": [{"name": "clis5f58eNic", "properties": {"primary":
      "true", "ipConfigurations": [{"name": "clis5f58eIPConfig", "properties": {"subnet":
      {"id": "/subscriptions/00000000-0000-0000-0000-000000000000/resourceGroups/cli_test_serialconsole000001/providers/Microsoft.Network/virtualNetworks/cli000003VNET/subnets/cli000003Subnet"},
      "loadBalancerBackendAddressPools": [{"id": "/subscriptions/00000000-0000-0000-0000-000000000000/resourceGroups/cli_test_serialconsole000001/providers/Microsoft.Network/loadBalancers/cli000003LB/backendAddressPools/cli000003LBBEPool"}],
      "loadBalancerInboundNatPools": [{"id": "/subscriptions/00000000-0000-0000-0000-000000000000/resourceGroups/cli_test_serialconsole000001/providers/Microsoft.Network/loadBalancers/cli000003LB/inboundNatPools/cli000003LBNatPool"}]}}]}}]},
      "osProfile": {"computerNamePrefix": "clis5f58e", "adminUsername": "useraabedon",
      "linuxConfiguration": {"disablePasswordAuthentication": true, "ssh": {"publicKeys":
      [{"path": "/home/useraabedon/.ssh/authorized_keys", "keyData": "ssh-rsa AAAAB3NzaC1yc2EAAAADAQABAAABAQC0Gw3f0EtRO65EEYmPvlLEDipvXLlMW75hZpyuR5jAYFWTx1rHcLaUL9GtG+KQWtXBjVBTJzo3Srr4inbf1Mf21Vpy3JLfiwkN09PQlMIQXj1xgKwK6x5IXRr1+2i9VhcXQ05hsld5YPTqUW7wUIcdikQfwmHGtmZ92WiLdvAqODi9ceEcuJrABb14gquHnmbc9zVS3LhWGT+x8pvyw7co8IjmGfPuto+XbP+dOJUwNQ9nrdhhAkzHtAM5cfI5s974rREACnMszdOvszDPnL5YF6gnwHa4H1EGPfbdoV1nuSZbi9exSDP1qy3yUyJo5gI7VITgCHFyDWUAcOIlRBY3"}]}}}},
      "singlePlacementGroup": null}}], "outputs": {"VMSS": {"type": "object", "value":
      "[reference(resourceId(''Microsoft.Compute/virtualMachineScaleSets'', ''cli000003''),providers(''Microsoft.Compute'',
      ''virtualMachineScaleSets'').apiVersions[0])]"}}}, "parameters": {}, "mode":
      "incremental"}}'
    headers:
      Accept:
      - application/json
      Accept-Encoding:
      - gzip, deflate
      CommandName:
      - vmss create
      Connection:
      - keep-alive
      Content-Length:
      - '4578'
      Content-Type:
      - application/json
      ParameterSetName:
      - -g -n --image --instance-count -l
      User-Agent:
      - AZURECLI/2.25.0 azsdk-python-azure-mgmt-resource/18.0.0 Python/3.8.10 (Windows-10-10.0.19042-SP0)
    method: PUT
    uri: https://management.azure.com/subscriptions/00000000-0000-0000-0000-000000000000/resourcegroups/cli_test_serialconsole000001/providers/Microsoft.Resources/deployments/mock-deployment?api-version=2020-10-01
  response:
    body:
      string: '{"id":"/subscriptions/00000000-0000-0000-0000-000000000000/resourceGroups/cli_test_serialconsole000001/providers/Microsoft.Resources/deployments/vmss_deploy_IiOW8l3Uey5ezofd9EMUQqY9U5TxqhFC","name":"vmss_deploy_IiOW8l3Uey5ezofd9EMUQqY9U5TxqhFC","type":"Microsoft.Resources/deployments","properties":{"templateHash":"14053180036016666140","parameters":{},"mode":"Incremental","provisioningState":"Accepted","timestamp":"2021-06-21T18:28:36.8625263Z","duration":"PT0.4828015S","correlationId":"5a0867b7-65ad-461f-938f-e626fe51fe6f","providers":[{"namespace":"Microsoft.Network","resourceTypes":[{"resourceType":"virtualNetworks","locations":["westus2"]},{"resourceType":"publicIPAddresses","locations":["westus2"]},{"resourceType":"loadBalancers","locations":["westus2"]}]},{"namespace":"Microsoft.Compute","resourceTypes":[{"resourceType":"virtualMachineScaleSets","locations":["westus2"]}]}],"dependencies":[{"dependsOn":[{"id":"/subscriptions/00000000-0000-0000-0000-000000000000/resourceGroups/cli_test_serialconsole000001/providers/Microsoft.Network/virtualNetworks/cli000003VNET","resourceType":"Microsoft.Network/virtualNetworks","resourceName":"cli000003VNET"},{"id":"/subscriptions/00000000-0000-0000-0000-000000000000/resourceGroups/cli_test_serialconsole000001/providers/Microsoft.Network/publicIPAddresses/cli000003LBPublicIP","resourceType":"Microsoft.Network/publicIPAddresses","resourceName":"cli000003LBPublicIP"}],"id":"/subscriptions/00000000-0000-0000-0000-000000000000/resourceGroups/cli_test_serialconsole000001/providers/Microsoft.Network/loadBalancers/cli000003LB","resourceType":"Microsoft.Network/loadBalancers","resourceName":"cli000003LB"},{"dependsOn":[{"id":"/subscriptions/00000000-0000-0000-0000-000000000000/resourceGroups/cli_test_serialconsole000001/providers/Microsoft.Network/virtualNetworks/cli000003VNET","resourceType":"Microsoft.Network/virtualNetworks","resourceName":"cli000003VNET"},{"id":"/subscriptions/00000000-0000-0000-0000-000000000000/resourceGroups/cli_test_serialconsole000001/providers/Microsoft.Network/loadBalancers/cli000003LB","resourceType":"Microsoft.Network/loadBalancers","resourceName":"cli000003LB"}],"id":"/subscriptions/00000000-0000-0000-0000-000000000000/resourceGroups/cli_test_serialconsole000001/providers/Microsoft.Compute/virtualMachineScaleSets/cli000003","resourceType":"Microsoft.Compute/virtualMachineScaleSets","resourceName":"cli000003"}]}}'
    headers:
      azure-asyncoperation:
      - https://management.azure.com/subscriptions/00000000-0000-0000-0000-000000000000/resourcegroups/cli_test_serialconsole000001/providers/Microsoft.Resources/deployments/vmss_deploy_IiOW8l3Uey5ezofd9EMUQqY9U5TxqhFC/operationStatuses/08585773067690979074?api-version=2020-10-01
      cache-control:
      - no-cache
      content-length:
      - '2925'
      content-type:
      - application/json; charset=utf-8
      date:
      - Mon, 21 Jun 2021 18:28:36 GMT
      expires:
      - '-1'
      pragma:
      - no-cache
      strict-transport-security:
      - max-age=31536000; includeSubDomains
      x-content-type-options:
      - nosniff
      x-ms-ratelimit-remaining-subscription-writes:
      - '1198'
    status:
      code: 201
      message: Created
- request:
    body: null
    headers:
      Accept:
      - '*/*'
      Accept-Encoding:
      - gzip, deflate
      CommandName:
      - vmss create
      Connection:
      - keep-alive
      ParameterSetName:
      - -g -n --image --instance-count -l
      User-Agent:
      - AZURECLI/2.25.0 azsdk-python-azure-mgmt-resource/18.0.0 Python/3.8.10 (Windows-10-10.0.19042-SP0)
    method: GET
    uri: https://management.azure.com/subscriptions/00000000-0000-0000-0000-000000000000/resourcegroups/cli_test_serialconsole000001/providers/Microsoft.Resources/deployments/mock-deployment/operationStatuses/08585773067690979074?api-version=2020-10-01
  response:
    body:
      string: '{"status":"Running"}'
    headers:
      cache-control:
      - no-cache
      content-length:
      - '20'
      content-type:
      - application/json; charset=utf-8
      date:
      - Mon, 21 Jun 2021 18:29:06 GMT
      expires:
      - '-1'
      pragma:
      - no-cache
      strict-transport-security:
      - max-age=31536000; includeSubDomains
      vary:
      - Accept-Encoding
      x-content-type-options:
      - nosniff
    status:
      code: 200
      message: OK
- request:
    body: null
    headers:
      Accept:
      - '*/*'
      Accept-Encoding:
      - gzip, deflate
      CommandName:
      - vmss create
      Connection:
      - keep-alive
      ParameterSetName:
      - -g -n --image --instance-count -l
      User-Agent:
      - AZURECLI/2.25.0 azsdk-python-azure-mgmt-resource/18.0.0 Python/3.8.10 (Windows-10-10.0.19042-SP0)
    method: GET
    uri: https://management.azure.com/subscriptions/00000000-0000-0000-0000-000000000000/resourcegroups/cli_test_serialconsole000001/providers/Microsoft.Resources/deployments/mock-deployment/operationStatuses/08585773067690979074?api-version=2020-10-01
  response:
    body:
      string: '{"status":"Running"}'
    headers:
      cache-control:
      - no-cache
      content-length:
      - '20'
      content-type:
      - application/json; charset=utf-8
      date:
      - Mon, 21 Jun 2021 18:29:36 GMT
      expires:
      - '-1'
      pragma:
      - no-cache
      strict-transport-security:
      - max-age=31536000; includeSubDomains
      vary:
      - Accept-Encoding
      x-content-type-options:
      - nosniff
    status:
      code: 200
      message: OK
- request:
    body: null
    headers:
      Accept:
      - '*/*'
      Accept-Encoding:
      - gzip, deflate
      CommandName:
      - vmss create
      Connection:
      - keep-alive
      ParameterSetName:
      - -g -n --image --instance-count -l
      User-Agent:
      - AZURECLI/2.25.0 azsdk-python-azure-mgmt-resource/18.0.0 Python/3.8.10 (Windows-10-10.0.19042-SP0)
    method: GET
    uri: https://management.azure.com/subscriptions/00000000-0000-0000-0000-000000000000/resourcegroups/cli_test_serialconsole000001/providers/Microsoft.Resources/deployments/mock-deployment/operationStatuses/08585773067690979074?api-version=2020-10-01
  response:
    body:
      string: '{"status":"Running"}'
    headers:
      cache-control:
      - no-cache
      content-length:
      - '20'
      content-type:
      - application/json; charset=utf-8
      date:
      - Mon, 21 Jun 2021 18:30:07 GMT
      expires:
      - '-1'
      pragma:
      - no-cache
      strict-transport-security:
      - max-age=31536000; includeSubDomains
      vary:
      - Accept-Encoding
      x-content-type-options:
      - nosniff
    status:
      code: 200
      message: OK
- request:
    body: null
    headers:
      Accept:
      - '*/*'
      Accept-Encoding:
      - gzip, deflate
      CommandName:
      - vmss create
      Connection:
      - keep-alive
      ParameterSetName:
      - -g -n --image --instance-count -l
      User-Agent:
      - AZURECLI/2.25.0 azsdk-python-azure-mgmt-resource/18.0.0 Python/3.8.10 (Windows-10-10.0.19042-SP0)
    method: GET
    uri: https://management.azure.com/subscriptions/00000000-0000-0000-0000-000000000000/resourcegroups/cli_test_serialconsole000001/providers/Microsoft.Resources/deployments/mock-deployment/operationStatuses/08585773067690979074?api-version=2020-10-01
  response:
    body:
      string: '{"status":"Running"}'
    headers:
      cache-control:
      - no-cache
      content-length:
      - '20'
      content-type:
      - application/json; charset=utf-8
      date:
      - Mon, 21 Jun 2021 18:30:36 GMT
      expires:
      - '-1'
      pragma:
      - no-cache
      strict-transport-security:
      - max-age=31536000; includeSubDomains
      vary:
      - Accept-Encoding
      x-content-type-options:
      - nosniff
    status:
      code: 200
      message: OK
- request:
    body: null
    headers:
      Accept:
      - '*/*'
      Accept-Encoding:
      - gzip, deflate
      CommandName:
      - vmss create
      Connection:
      - keep-alive
      ParameterSetName:
      - -g -n --image --instance-count -l
      User-Agent:
      - AZURECLI/2.25.0 azsdk-python-azure-mgmt-resource/18.0.0 Python/3.8.10 (Windows-10-10.0.19042-SP0)
    method: GET
    uri: https://management.azure.com/subscriptions/00000000-0000-0000-0000-000000000000/resourcegroups/cli_test_serialconsole000001/providers/Microsoft.Resources/deployments/mock-deployment/operationStatuses/08585773067690979074?api-version=2020-10-01
  response:
    body:
      string: '{"status":"Succeeded"}'
    headers:
      cache-control:
      - no-cache
      content-length:
      - '22'
      content-type:
      - application/json; charset=utf-8
      date:
      - Mon, 21 Jun 2021 18:31:06 GMT
      expires:
      - '-1'
      pragma:
      - no-cache
      strict-transport-security:
      - max-age=31536000; includeSubDomains
      vary:
      - Accept-Encoding
      x-content-type-options:
      - nosniff
    status:
      code: 200
      message: OK
- request:
    body: null
    headers:
      Accept:
      - '*/*'
      Accept-Encoding:
      - gzip, deflate
      CommandName:
      - vmss create
      Connection:
      - keep-alive
      ParameterSetName:
      - -g -n --image --instance-count -l
      User-Agent:
      - AZURECLI/2.25.0 azsdk-python-azure-mgmt-resource/18.0.0 Python/3.8.10 (Windows-10-10.0.19042-SP0)
    method: GET
    uri: https://management.azure.com/subscriptions/00000000-0000-0000-0000-000000000000/resourcegroups/cli_test_serialconsole000001/providers/Microsoft.Resources/deployments/mock-deployment?api-version=2020-10-01
  response:
    body:
      string: '{"id":"/subscriptions/00000000-0000-0000-0000-000000000000/resourceGroups/cli_test_serialconsole000001/providers/Microsoft.Resources/deployments/vmss_deploy_IiOW8l3Uey5ezofd9EMUQqY9U5TxqhFC","name":"vmss_deploy_IiOW8l3Uey5ezofd9EMUQqY9U5TxqhFC","type":"Microsoft.Resources/deployments","properties":{"templateHash":"14053180036016666140","parameters":{},"mode":"Incremental","provisioningState":"Succeeded","timestamp":"2021-06-21T18:30:51.0565001Z","duration":"PT2M14.6767753S","correlationId":"5a0867b7-65ad-461f-938f-e626fe51fe6f","providers":[{"namespace":"Microsoft.Network","resourceTypes":[{"resourceType":"virtualNetworks","locations":["westus2"]},{"resourceType":"publicIPAddresses","locations":["westus2"]},{"resourceType":"loadBalancers","locations":["westus2"]}]},{"namespace":"Microsoft.Compute","resourceTypes":[{"resourceType":"virtualMachineScaleSets","locations":["westus2"]}]}],"dependencies":[{"dependsOn":[{"id":"/subscriptions/00000000-0000-0000-0000-000000000000/resourceGroups/cli_test_serialconsole000001/providers/Microsoft.Network/virtualNetworks/cli000003VNET","resourceType":"Microsoft.Network/virtualNetworks","resourceName":"cli000003VNET"},{"id":"/subscriptions/00000000-0000-0000-0000-000000000000/resourceGroups/cli_test_serialconsole000001/providers/Microsoft.Network/publicIPAddresses/cli000003LBPublicIP","resourceType":"Microsoft.Network/publicIPAddresses","resourceName":"cli000003LBPublicIP"}],"id":"/subscriptions/00000000-0000-0000-0000-000000000000/resourceGroups/cli_test_serialconsole000001/providers/Microsoft.Network/loadBalancers/cli000003LB","resourceType":"Microsoft.Network/loadBalancers","resourceName":"cli000003LB"},{"dependsOn":[{"id":"/subscriptions/00000000-0000-0000-0000-000000000000/resourceGroups/cli_test_serialconsole000001/providers/Microsoft.Network/virtualNetworks/cli000003VNET","resourceType":"Microsoft.Network/virtualNetworks","resourceName":"cli000003VNET"},{"id":"/subscriptions/00000000-0000-0000-0000-000000000000/resourceGroups/cli_test_serialconsole000001/providers/Microsoft.Network/loadBalancers/cli000003LB","resourceType":"Microsoft.Network/loadBalancers","resourceName":"cli000003LB"}],"id":"/subscriptions/00000000-0000-0000-0000-000000000000/resourceGroups/cli_test_serialconsole000001/providers/Microsoft.Compute/virtualMachineScaleSets/cli000003","resourceType":"Microsoft.Compute/virtualMachineScaleSets","resourceName":"cli000003"}],"outputs":{"vmss":{"type":"Object","value":{"singlePlacementGroup":true,"upgradePolicy":{"mode":"Manual","rollingUpgradePolicy":{"maxBatchInstancePercent":20,"maxUnhealthyInstancePercent":20,"maxUnhealthyUpgradedInstancePercent":20,"pauseTimeBetweenBatches":"PT0S"}},"virtualMachineProfile":{"osProfile":{"computerNamePrefix":"clis5f58e","adminUsername":"useraabedon","linuxConfiguration":{"disablePasswordAuthentication":true,"ssh":{"publicKeys":[{"path":"/home/useraabedon/.ssh/authorized_keys","keyData":"ssh-rsa
        AAAAB3NzaC1yc2EAAAADAQABAAABAQC0Gw3f0EtRO65EEYmPvlLEDipvXLlMW75hZpyuR5jAYFWTx1rHcLaUL9GtG+KQWtXBjVBTJzo3Srr4inbf1Mf21Vpy3JLfiwkN09PQlMIQXj1xgKwK6x5IXRr1+2i9VhcXQ05hsld5YPTqUW7wUIcdikQfwmHGtmZ92WiLdvAqODi9ceEcuJrABb14gquHnmbc9zVS3LhWGT+x8pvyw7co8IjmGfPuto+XbP+dOJUwNQ9nrdhhAkzHtAM5cfI5s974rREACnMszdOvszDPnL5YF6gnwHa4H1EGPfbdoV1nuSZbi9exSDP1qy3yUyJo5gI7VITgCHFyDWUAcOIlRBY3"}]},"provisionVMAgent":true},"secrets":[],"allowExtensionOperations":true,"requireGuestProvisionSignal":true},"storageProfile":{"osDisk":{"osType":"Linux","createOption":"FromImage","caching":"ReadWrite","managedDisk":{"storageAccountType":"Premium_LRS"},"diskSizeGB":30},"imageReference":{"publisher":"Canonical","offer":"UbuntuServer","sku":"18.04-LTS","version":"latest"}},"networkProfile":{"networkInterfaceConfigurations":[{"name":"clis5f58eNic","properties":{"primary":true,"enableAcceleratedNetworking":false,"dnsSettings":{"dnsServers":[]},"enableIPForwarding":false,"ipConfigurations":[{"name":"clis5f58eIPConfig","properties":{"subnet":{"id":"/subscriptions/00000000-0000-0000-0000-000000000000/resourceGroups/cli_test_serialconsole000001/providers/Microsoft.Network/virtualNetworks/cli000003VNET/subnets/cli000003Subnet"},"privateIPAddressVersion":"IPv4","loadBalancerBackendAddressPools":[{"id":"/subscriptions/00000000-0000-0000-0000-000000000000/resourceGroups/cli_test_serialconsole000001/providers/Microsoft.Network/loadBalancers/cli000003LB/backendAddressPools/cli000003LBBEPool"}],"loadBalancerInboundNatPools":[{"id":"/subscriptions/00000000-0000-0000-0000-000000000000/resourceGroups/cli_test_serialconsole000001/providers/Microsoft.Network/loadBalancers/cli000003LB/inboundNatPools/cli000003LBNatPool"}]}}]}}]},"extensionProfile":{"extensions":[{"name":"Microsoft.Azure.Monitor.AzureMonitorLinuxAgent","properties":{"autoUpgradeMinorVersion":true,"publisher":"Microsoft.Azure.Monitor","type":"AzureMonitorLinuxAgent","typeHandlerVersion":"1.0","settings":{"GCS_AUTO_CONFIG":true}}},{"name":"Microsoft.Azure.Security.Monitoring.AzureSecurityLinuxAgent","properties":{"autoUpgradeMinorVersion":true,"publisher":"Microsoft.Azure.Security.Monitoring","type":"AzureSecurityLinuxAgent","typeHandlerVersion":"2.0","settings":{"enableGenevaUpload":true}}}]}},"provisioningState":"Succeeded","overprovision":true,"doNotRunExtensionsOnOverprovisionedVMs":false,"uniqueId":"54884a39-27a7-4062-ac1b-75c323d3f248"}}},"outputResources":[{"id":"/subscriptions/00000000-0000-0000-0000-000000000000/resourceGroups/cli_test_serialconsole000001/providers/Microsoft.Compute/virtualMachineScaleSets/cli000003"},{"id":"/subscriptions/00000000-0000-0000-0000-000000000000/resourceGroups/cli_test_serialconsole000001/providers/Microsoft.Network/loadBalancers/cli000003LB"},{"id":"/subscriptions/00000000-0000-0000-0000-000000000000/resourceGroups/cli_test_serialconsole000001/providers/Microsoft.Network/publicIPAddresses/cli000003LBPublicIP"},{"id":"/subscriptions/00000000-0000-0000-0000-000000000000/resourceGroups/cli_test_serialconsole000001/providers/Microsoft.Network/virtualNetworks/cli000003VNET"}]}}'
    headers:
      cache-control:
      - no-cache
      content-length:
      - '7002'
      content-type:
      - application/json; charset=utf-8
      date:
      - Mon, 21 Jun 2021 18:31:06 GMT
      expires:
      - '-1'
      pragma:
      - no-cache
      strict-transport-security:
      - max-age=31536000; includeSubDomains
      vary:
      - Accept-Encoding
      x-content-type-options:
      - nosniff
    status:
      code: 200
      message: OK
- request:
    body: null
    headers:
      Accept:
      - application/json
      Accept-Encoding:
      - gzip, deflate
      CommandName:
      - vmss create
      Connection:
      - keep-alive
      ParameterSetName:
      - -g -n --image --instance-count -l
      User-Agent:
      - AZURECLI/2.25.0 azsdk-python-azure-mgmt-compute/21.0.0 Python/3.8.10 (Windows-10-10.0.19042-SP0)
    method: GET
    uri: https://management.azure.com/subscriptions/00000000-0000-0000-0000-000000000000/resourceGroups/cli_test_serialconsole000001/providers/Microsoft.Compute/virtualMachines/cli000003?$expand=instanceView&api-version=2021-03-01
  response:
    body:
      string: '{"error":{"code":"ResourceNotFound","message":"The Resource ''Microsoft.Compute/virtualMachines/cli000003''
        under resource group ''cli_test_serialconsole000001'' was not found. For more
        details please go to https://aka.ms/ARMResourceNotFoundFix"}}'
    headers:
      cache-control:
      - no-cache
      content-length:
      - '305'
      content-type:
      - application/json; charset=utf-8
      date:
      - Mon, 21 Jun 2021 18:31:06 GMT
      expires:
      - '-1'
      pragma:
      - no-cache
      strict-transport-security:
      - max-age=31536000; includeSubDomains
      x-content-type-options:
      - nosniff
      x-ms-failure-cause:
      - gateway
    status:
      code: 404
      message: Not Found
- request:
    body: null
    headers:
      Accept:
      - application/json
      Accept-Encoding:
      - gzip, deflate
      CommandName:
      - vmss create
      Connection:
      - keep-alive
      ParameterSetName:
      - -g -n --image --instance-count -l
      User-Agent:
      - AZURECLI/2.25.0 azsdk-python-azure-mgmt-compute/21.0.0 Python/3.8.10 (Windows-10-10.0.19042-SP0)
    method: GET
    uri: https://management.azure.com/subscriptions/00000000-0000-0000-0000-000000000000/resourceGroups/cli_test_serialconsole000001/providers/Microsoft.Compute/virtualMachineScaleSets/cli000003?api-version=2021-03-01
  response:
    body:
      string: "{\r\n  \"name\": \"cli000003\",\r\n  \"id\": \"/subscriptions/00000000-0000-0000-0000-000000000000/resourceGroups/cli_test_serialconsole000001/providers/Microsoft.Compute/virtualMachineScaleSets/cli000003\",\r\n
        \ \"type\": \"Microsoft.Compute/virtualMachineScaleSets\",\r\n  \"location\":
        \"westus2\",\r\n  \"tags\": {\r\n    \"azsecpack\": \"nonprod\",\r\n    \"platformsettings.host_environment.service.platform_optedin_for_rootcerts\":
        \"true\"\r\n  },\r\n  \"sku\": {\r\n    \"name\": \"Standard_DS1_v2\",\r\n
        \   \"tier\": \"Standard\",\r\n    \"capacity\": 2\r\n  },\r\n  \"properties\":
        {\r\n    \"singlePlacementGroup\": true,\r\n    \"upgradePolicy\": {\r\n      \"mode\":
        \"Manual\",\r\n      \"rollingUpgradePolicy\": {\r\n        \"maxBatchInstancePercent\":
        20,\r\n        \"maxUnhealthyInstancePercent\": 20,\r\n        \"maxUnhealthyUpgradedInstancePercent\":
        20,\r\n        \"pauseTimeBetweenBatches\": \"PT0S\"\r\n      }\r\n    },\r\n
        \   \"virtualMachineProfile\": {\r\n      \"osProfile\": {\r\n        \"computerNamePrefix\":
        \"clis5f58e\",\r\n        \"adminUsername\": \"useraabedon\",\r\n        \"linuxConfiguration\":
        {\r\n          \"disablePasswordAuthentication\": true,\r\n          \"ssh\":
        {\r\n            \"publicKeys\": [\r\n              {\r\n                \"path\":
        \"/home/useraabedon/.ssh/authorized_keys\",\r\n                \"keyData\":
        \"ssh-rsa AAAAB3NzaC1yc2EAAAADAQABAAABAQC0Gw3f0EtRO65EEYmPvlLEDipvXLlMW75hZpyuR5jAYFWTx1rHcLaUL9GtG+KQWtXBjVBTJzo3Srr4inbf1Mf21Vpy3JLfiwkN09PQlMIQXj1xgKwK6x5IXRr1+2i9VhcXQ05hsld5YPTqUW7wUIcdikQfwmHGtmZ92WiLdvAqODi9ceEcuJrABb14gquHnmbc9zVS3LhWGT+x8pvyw7co8IjmGfPuto+XbP+dOJUwNQ9nrdhhAkzHtAM5cfI5s974rREACnMszdOvszDPnL5YF6gnwHa4H1EGPfbdoV1nuSZbi9exSDP1qy3yUyJo5gI7VITgCHFyDWUAcOIlRBY3\"\r\n
        \             }\r\n            ]\r\n          },\r\n          \"provisionVMAgent\":
        true\r\n        },\r\n        \"secrets\": [],\r\n        \"allowExtensionOperations\":
        true,\r\n        \"requireGuestProvisionSignal\": true\r\n      },\r\n      \"storageProfile\":
        {\r\n        \"osDisk\": {\r\n          \"osType\": \"Linux\",\r\n          \"createOption\":
        \"FromImage\",\r\n          \"caching\": \"ReadWrite\",\r\n          \"managedDisk\":
        {\r\n            \"storageAccountType\": \"Premium_LRS\"\r\n          },\r\n
        \         \"diskSizeGB\": 30\r\n        },\r\n        \"imageReference\":
        {\r\n          \"publisher\": \"Canonical\",\r\n          \"offer\": \"UbuntuServer\",\r\n
        \         \"sku\": \"18.04-LTS\",\r\n          \"version\": \"latest\"\r\n
        \       }\r\n      },\r\n      \"networkProfile\": {\"networkInterfaceConfigurations\":[{\"name\":\"clis5f58eNic\",\"properties\":{\"primary\":true,\"enableAcceleratedNetworking\":false,\"dnsSettings\":{\"dnsServers\":[]},\"enableIPForwarding\":false,\"ipConfigurations\":[{\"name\":\"clis5f58eIPConfig\",\"properties\":{\"subnet\":{\"id\":\"/subscriptions/00000000-0000-0000-0000-000000000000/resourceGroups/cli_test_serialconsole000001/providers/Microsoft.Network/virtualNetworks/cli000003VNET/subnets/cli000003Subnet\"},\"privateIPAddressVersion\":\"IPv4\",\"loadBalancerBackendAddressPools\":[{\"id\":\"/subscriptions/00000000-0000-0000-0000-000000000000/resourceGroups/cli_test_serialconsole000001/providers/Microsoft.Network/loadBalancers/cli000003LB/backendAddressPools/cli000003LBBEPool\"}],\"loadBalancerInboundNatPools\":[{\"id\":\"/subscriptions/00000000-0000-0000-0000-000000000000/resourceGroups/cli_test_serialconsole000001/providers/Microsoft.Network/loadBalancers/cli000003LB/inboundNatPools/cli000003LBNatPool\"}]}}]}}]},\r\n
        \     \"extensionProfile\": {\r\n        \"extensions\": [\r\n          {\r\n
        \           \"name\": \"Microsoft.Azure.Monitor.AzureMonitorLinuxAgent\",\r\n
        \           \"properties\": {\r\n              \"autoUpgradeMinorVersion\":
        true,\r\n              \"publisher\": \"Microsoft.Azure.Monitor\",\r\n              \"type\":
        \"AzureMonitorLinuxAgent\",\r\n              \"typeHandlerVersion\": \"1.0\",\r\n
        \             \"settings\": {\"GCS_AUTO_CONFIG\":true}\r\n            }\r\n
        \         },\r\n          {\r\n            \"name\": \"Microsoft.Azure.Security.Monitoring.AzureSecurityLinuxAgent\",\r\n
        \           \"properties\": {\r\n              \"autoUpgradeMinorVersion\":
        true,\r\n              \"publisher\": \"Microsoft.Azure.Security.Monitoring\",\r\n
        \             \"type\": \"AzureSecurityLinuxAgent\",\r\n              \"typeHandlerVersion\":
        \"2.0\",\r\n              \"settings\": {\"enableGenevaUpload\":true}\r\n
        \           }\r\n          }\r\n        ]\r\n      }\r\n    },\r\n    \"provisioningState\":
        \"Succeeded\",\r\n    \"overprovision\": true,\r\n    \"doNotRunExtensionsOnOverprovisionedVMs\":
        false,\r\n    \"uniqueId\": \"54884a39-27a7-4062-ac1b-75c323d3f248\"\r\n  }\r\n}"
    headers:
      cache-control:
      - no-cache
      content-length:
      - '4638'
      content-type:
      - application/json; charset=utf-8
      date:
      - Mon, 21 Jun 2021 18:31:06 GMT
      expires:
      - '-1'
      pragma:
      - no-cache
      server:
      - Microsoft-HTTPAPI/2.0
      - Microsoft-HTTPAPI/2.0
      strict-transport-security:
      - max-age=31536000; includeSubDomains
      transfer-encoding:
      - chunked
      vary:
      - Accept-Encoding
      x-content-type-options:
      - nosniff
      x-ms-ratelimit-remaining-resource:
      - Microsoft.Compute/GetVMScaleSet3Min;196,Microsoft.Compute/GetVMScaleSet30Min;1281
    status:
      code: 200
      message: OK
- request:
    body: null
    headers:
      Accept:
      - application/json
      Accept-Encoding:
      - gzip, deflate
      CommandName:
      - vmss list-instances
      Connection:
      - keep-alive
      ParameterSetName:
      - --resource-group --name --query
      User-Agent:
      - AZURECLI/2.25.0 azsdk-python-azure-mgmt-compute/21.0.0 Python/3.8.10 (Windows-10-10.0.19042-SP0)
    method: GET
    uri: https://management.azure.com/subscriptions/00000000-0000-0000-0000-000000000000/resourceGroups/cli_test_serialconsole000001/providers/Microsoft.Compute/virtualMachineScaleSets/cli000003/virtualMachines?api-version=2021-03-01
  response:
    body:
      string: "{\r\n  \"value\": [\r\n    {\r\n      \"name\": \"cli000003_1\",\r\n
        \     \"id\": \"/subscriptions/00000000-0000-0000-0000-000000000000/resourceGroups/cli_test_serialconsole000001/providers/Microsoft.Compute/virtualMachineScaleSets/cli000003/virtualMachines/1\",\r\n
        \     \"type\": \"Microsoft.Compute/virtualMachineScaleSets/virtualMachines\",\r\n
        \     \"location\": \"westus2\",\r\n      \"tags\": {\r\n        \"azsecpack\":
        \"nonprod\",\r\n        \"platformsettings.host_environment.service.platform_optedin_for_rootcerts\":
        \"true\"\r\n      },\r\n      \"instanceId\": \"1\",\r\n      \"sku\": {\r\n
        \       \"name\": \"Standard_DS1_v2\",\r\n        \"tier\": \"Standard\"\r\n
        \     },\r\n      \"properties\": {\r\n        \"latestModelApplied\": true,\r\n
        \       \"modelDefinitionApplied\": \"VirtualMachineScaleSet\",\r\n        \"networkProfileConfiguration\":
        {\"networkInterfaceConfigurations\":[{\"name\":\"clis5f58eNic\",\"properties\":{\"primary\":true,\"enableAcceleratedNetworking\":false,\"dnsSettings\":{\"dnsServers\":[]},\"enableIPForwarding\":false,\"ipConfigurations\":[{\"name\":\"clis5f58eIPConfig\",\"properties\":{\"subnet\":{\"id\":\"/subscriptions/00000000-0000-0000-0000-000000000000/resourceGroups/cli_test_serialconsole000001/providers/Microsoft.Network/virtualNetworks/cli000003VNET/subnets/cli000003Subnet\"},\"privateIPAddressVersion\":\"IPv4\",\"loadBalancerBackendAddressPools\":[{\"id\":\"/subscriptions/00000000-0000-0000-0000-000000000000/resourceGroups/cli_test_serialconsole000001/providers/Microsoft.Network/loadBalancers/cli000003LB/backendAddressPools/cli000003LBBEPool\"}],\"loadBalancerInboundNatPools\":[{\"id\":\"/subscriptions/00000000-0000-0000-0000-000000000000/resourceGroups/cli_test_serialconsole000001/providers/Microsoft.Network/loadBalancers/cli000003LB/inboundNatPools/cli000003LBNatPool\"}]}}]}}]},\r\n
        \       \"vmId\": \"050eb58e-37ab-42a3-a66e-5140c0bbc5b5\",\r\n        \"hardwareProfile\":
        {},\r\n        \"storageProfile\": {\r\n          \"imageReference\": {\r\n
        \           \"publisher\": \"Canonical\",\r\n            \"offer\": \"UbuntuServer\",\r\n
        \           \"sku\": \"18.04-LTS\",\r\n            \"version\": \"latest\",\r\n
        \           \"exactVersion\": \"18.04.202106040\"\r\n          },\r\n          \"osDisk\":
        {\r\n            \"osType\": \"Linux\",\r\n            \"name\": \"clis56nwtmk6unmhlatkclis56nwtmk6unmhlatk6OS__1_4d21a28bc3fb4a3d983a195ab5f95adb\",\r\n
        \           \"createOption\": \"FromImage\",\r\n            \"caching\": \"ReadWrite\",\r\n
        \           \"managedDisk\": {\r\n              \"storageAccountType\": \"Premium_LRS\",\r\n
        \             \"id\": \"/subscriptions/00000000-0000-0000-0000-000000000000/resourceGroups/cli_test_serialconsole000001/providers/Microsoft.Compute/disks/clis56nwtmk6unmhlatkclis56nwtmk6unmhlatk6OS__1_4d21a28bc3fb4a3d983a195ab5f95adb\"\r\n
        \           },\r\n            \"diskSizeGB\": 30\r\n          },\r\n          \"dataDisks\":
        []\r\n        },\r\n        \"osProfile\": {\r\n          \"computerName\":
        \"clis5f58e000001\",\r\n          \"adminUsername\": \"useraabedon\",\r\n
        \         \"linuxConfiguration\": {\r\n            \"disablePasswordAuthentication\":
        true,\r\n            \"ssh\": {\r\n              \"publicKeys\": [\r\n                {\r\n
        \                 \"path\": \"/home/useraabedon/.ssh/authorized_keys\",\r\n
        \                 \"keyData\": \"ssh-rsa AAAAB3NzaC1yc2EAAAADAQABAAABAQC0Gw3f0EtRO65EEYmPvlLEDipvXLlMW75hZpyuR5jAYFWTx1rHcLaUL9GtG+KQWtXBjVBTJzo3Srr4inbf1Mf21Vpy3JLfiwkN09PQlMIQXj1xgKwK6x5IXRr1+2i9VhcXQ05hsld5YPTqUW7wUIcdikQfwmHGtmZ92WiLdvAqODi9ceEcuJrABb14gquHnmbc9zVS3LhWGT+x8pvyw7co8IjmGfPuto+XbP+dOJUwNQ9nrdhhAkzHtAM5cfI5s974rREACnMszdOvszDPnL5YF6gnwHa4H1EGPfbdoV1nuSZbi9exSDP1qy3yUyJo5gI7VITgCHFyDWUAcOIlRBY3\"\r\n
        \               }\r\n              ]\r\n            },\r\n            \"provisionVMAgent\":
        true\r\n          },\r\n          \"secrets\": [],\r\n          \"allowExtensionOperations\":
        true,\r\n          \"requireGuestProvisionSignal\": true\r\n        },\r\n
        \       \"networkProfile\": {\"networkInterfaces\":[{\"id\":\"/subscriptions/00000000-0000-0000-0000-000000000000/resourceGroups/cli_test_serialconsole000001/providers/Microsoft.Compute/virtualMachineScaleSets/cli000003/virtualMachines/1/networkInterfaces/clis5f58eNic\"}]},\r\n
        \       \"provisioningState\": \"Updating\"\r\n      },\r\n      \"resources\":
        [\r\n        {\r\n          \"name\": \"Microsoft.Azure.Monitor.AzureMonitorLinuxAgent\",\r\n
        \         \"id\": \"/subscriptions/00000000-0000-0000-0000-000000000000/resourceGroups/cli_test_serialconsole000001/providers/Microsoft.Compute/virtualMachines/cli000003_1/extensions/Microsoft.Azure.Monitor.AzureMonitorLinuxAgent\",\r\n
        \         \"type\": \"Microsoft.Compute/virtualMachines/extensions\",\r\n
        \         \"location\": \"westus2\",\r\n          \"properties\": {\r\n            \"autoUpgradeMinorVersion\":
        true,\r\n            \"provisioningState\": \"Updating\",\r\n            \"publisher\":
        \"Microsoft.Azure.Monitor\",\r\n            \"type\": \"AzureMonitorLinuxAgent\",\r\n
        \           \"typeHandlerVersion\": \"1.0\",\r\n            \"settings\":
        {\"GCS_AUTO_CONFIG\":true}\r\n          }\r\n        },\r\n        {\r\n          \"name\":
        \"Microsoft.Azure.Security.Monitoring.AzureSecurityLinuxAgent\",\r\n          \"id\":
        \"/subscriptions/00000000-0000-0000-0000-000000000000/resourceGroups/cli_test_serialconsole000001/providers/Microsoft.Compute/virtualMachines/cli000003_1/extensions/Microsoft.Azure.Security.Monitoring.AzureSecurityLinuxAgent\",\r\n
        \         \"type\": \"Microsoft.Compute/virtualMachines/extensions\",\r\n
        \         \"location\": \"westus2\",\r\n          \"properties\": {\r\n            \"autoUpgradeMinorVersion\":
        true,\r\n            \"provisioningState\": \"Updating\",\r\n            \"publisher\":
        \"Microsoft.Azure.Security.Monitoring\",\r\n            \"type\": \"AzureSecurityLinuxAgent\",\r\n
        \           \"typeHandlerVersion\": \"2.0\",\r\n            \"settings\":
        {\"enableGenevaUpload\":true}\r\n          }\r\n        }\r\n      ]\r\n    },\r\n
        \   {\r\n      \"name\": \"cli000003_2\",\r\n      \"id\": \"/subscriptions/00000000-0000-0000-0000-000000000000/resourceGroups/cli_test_serialconsole000001/providers/Microsoft.Compute/virtualMachineScaleSets/cli000003/virtualMachines/2\",\r\n
        \     \"type\": \"Microsoft.Compute/virtualMachineScaleSets/virtualMachines\",\r\n
        \     \"location\": \"westus2\",\r\n      \"tags\": {\r\n        \"azsecpack\":
        \"nonprod\",\r\n        \"platformsettings.host_environment.service.platform_optedin_for_rootcerts\":
        \"true\"\r\n      },\r\n      \"instanceId\": \"2\",\r\n      \"sku\": {\r\n
        \       \"name\": \"Standard_DS1_v2\",\r\n        \"tier\": \"Standard\"\r\n
        \     },\r\n      \"properties\": {\r\n        \"latestModelApplied\": true,\r\n
        \       \"modelDefinitionApplied\": \"VirtualMachineScaleSet\",\r\n        \"networkProfileConfiguration\":
        {\"networkInterfaceConfigurations\":[{\"name\":\"clis5f58eNic\",\"properties\":{\"primary\":true,\"enableAcceleratedNetworking\":false,\"dnsSettings\":{\"dnsServers\":[]},\"enableIPForwarding\":false,\"ipConfigurations\":[{\"name\":\"clis5f58eIPConfig\",\"properties\":{\"subnet\":{\"id\":\"/subscriptions/00000000-0000-0000-0000-000000000000/resourceGroups/cli_test_serialconsole000001/providers/Microsoft.Network/virtualNetworks/cli000003VNET/subnets/cli000003Subnet\"},\"privateIPAddressVersion\":\"IPv4\",\"loadBalancerBackendAddressPools\":[{\"id\":\"/subscriptions/00000000-0000-0000-0000-000000000000/resourceGroups/cli_test_serialconsole000001/providers/Microsoft.Network/loadBalancers/cli000003LB/backendAddressPools/cli000003LBBEPool\"}],\"loadBalancerInboundNatPools\":[{\"id\":\"/subscriptions/00000000-0000-0000-0000-000000000000/resourceGroups/cli_test_serialconsole000001/providers/Microsoft.Network/loadBalancers/cli000003LB/inboundNatPools/cli000003LBNatPool\"}]}}]}}]},\r\n
        \       \"vmId\": \"c7dcd1f7-0150-4190-8ed6-ff8f18a85518\",\r\n        \"hardwareProfile\":
        {},\r\n        \"storageProfile\": {\r\n          \"imageReference\": {\r\n
        \           \"publisher\": \"Canonical\",\r\n            \"offer\": \"UbuntuServer\",\r\n
        \           \"sku\": \"18.04-LTS\",\r\n            \"version\": \"latest\",\r\n
        \           \"exactVersion\": \"18.04.202106040\"\r\n          },\r\n          \"osDisk\":
        {\r\n            \"osType\": \"Linux\",\r\n            \"name\": \"clis56nwtmk6unmhlatkclis56nwtmk6unmhlatk6OS__1_839aa9915ccb4e0ba9eb1eeb277e9b9f\",\r\n
        \           \"createOption\": \"FromImage\",\r\n            \"caching\": \"ReadWrite\",\r\n
        \           \"managedDisk\": {\r\n              \"storageAccountType\": \"Premium_LRS\",\r\n
        \             \"id\": \"/subscriptions/00000000-0000-0000-0000-000000000000/resourceGroups/cli_test_serialconsole000001/providers/Microsoft.Compute/disks/clis56nwtmk6unmhlatkclis56nwtmk6unmhlatk6OS__1_839aa9915ccb4e0ba9eb1eeb277e9b9f\"\r\n
        \           },\r\n            \"diskSizeGB\": 30\r\n          },\r\n          \"dataDisks\":
        []\r\n        },\r\n        \"osProfile\": {\r\n          \"computerName\":
        \"clis5f58e000002\",\r\n          \"adminUsername\": \"useraabedon\",\r\n
        \         \"linuxConfiguration\": {\r\n            \"disablePasswordAuthentication\":
        true,\r\n            \"ssh\": {\r\n              \"publicKeys\": [\r\n                {\r\n
        \                 \"path\": \"/home/useraabedon/.ssh/authorized_keys\",\r\n
        \                 \"keyData\": \"ssh-rsa AAAAB3NzaC1yc2EAAAADAQABAAABAQC0Gw3f0EtRO65EEYmPvlLEDipvXLlMW75hZpyuR5jAYFWTx1rHcLaUL9GtG+KQWtXBjVBTJzo3Srr4inbf1Mf21Vpy3JLfiwkN09PQlMIQXj1xgKwK6x5IXRr1+2i9VhcXQ05hsld5YPTqUW7wUIcdikQfwmHGtmZ92WiLdvAqODi9ceEcuJrABb14gquHnmbc9zVS3LhWGT+x8pvyw7co8IjmGfPuto+XbP+dOJUwNQ9nrdhhAkzHtAM5cfI5s974rREACnMszdOvszDPnL5YF6gnwHa4H1EGPfbdoV1nuSZbi9exSDP1qy3yUyJo5gI7VITgCHFyDWUAcOIlRBY3\"\r\n
        \               }\r\n              ]\r\n            },\r\n            \"provisionVMAgent\":
        true\r\n          },\r\n          \"secrets\": [],\r\n          \"allowExtensionOperations\":
        true,\r\n          \"requireGuestProvisionSignal\": true\r\n        },\r\n
        \       \"networkProfile\": {\"networkInterfaces\":[{\"id\":\"/subscriptions/00000000-0000-0000-0000-000000000000/resourceGroups/cli_test_serialconsole000001/providers/Microsoft.Compute/virtualMachineScaleSets/cli000003/virtualMachines/2/networkInterfaces/clis5f58eNic\"}]},\r\n
        \       \"provisioningState\": \"Succeeded\"\r\n      },\r\n      \"resources\":
        [\r\n        {\r\n          \"name\": \"Microsoft.Azure.Monitor.AzureMonitorLinuxAgent\",\r\n
        \         \"id\": \"/subscriptions/00000000-0000-0000-0000-000000000000/resourceGroups/cli_test_serialconsole000001/providers/Microsoft.Compute/virtualMachines/cli000003_2/extensions/Microsoft.Azure.Monitor.AzureMonitorLinuxAgent\",\r\n
        \         \"type\": \"Microsoft.Compute/virtualMachines/extensions\",\r\n
        \         \"location\": \"westus2\",\r\n          \"properties\": {\r\n            \"autoUpgradeMinorVersion\":
        true,\r\n            \"provisioningState\": \"Succeeded\",\r\n            \"publisher\":
        \"Microsoft.Azure.Monitor\",\r\n            \"type\": \"AzureMonitorLinuxAgent\",\r\n
        \           \"typeHandlerVersion\": \"1.0\",\r\n            \"settings\":
        {\"GCS_AUTO_CONFIG\":true}\r\n          }\r\n        },\r\n        {\r\n          \"name\":
        \"Microsoft.Azure.Security.Monitoring.AzureSecurityLinuxAgent\",\r\n          \"id\":
        \"/subscriptions/00000000-0000-0000-0000-000000000000/resourceGroups/cli_test_serialconsole000001/providers/Microsoft.Compute/virtualMachines/cli000003_2/extensions/Microsoft.Azure.Security.Monitoring.AzureSecurityLinuxAgent\",\r\n
        \         \"type\": \"Microsoft.Compute/virtualMachines/extensions\",\r\n
        \         \"location\": \"westus2\",\r\n          \"properties\": {\r\n            \"autoUpgradeMinorVersion\":
        true,\r\n            \"provisioningState\": \"Succeeded\",\r\n            \"publisher\":
        \"Microsoft.Azure.Security.Monitoring\",\r\n            \"type\": \"AzureSecurityLinuxAgent\",\r\n
        \           \"typeHandlerVersion\": \"2.0\",\r\n            \"settings\":
        {\"enableGenevaUpload\":true}\r\n          }\r\n        }\r\n      ]\r\n    }\r\n
        \ ]\r\n}"
    headers:
      cache-control:
      - no-cache
      content-length:
      - '12289'
      content-type:
      - application/json; charset=utf-8
      date:
      - Mon, 21 Jun 2021 18:31:08 GMT
      expires:
      - '-1'
      pragma:
      - no-cache
      server:
      - Microsoft-HTTPAPI/2.0
      - Microsoft-HTTPAPI/2.0
      strict-transport-security:
      - max-age=31536000; includeSubDomains
      transfer-encoding:
      - chunked
      vary:
      - Accept-Encoding
      x-content-type-options:
      - nosniff
      x-ms-ratelimit-remaining-resource:
      - Microsoft.Compute/HighCostGetVMScaleSet3Min;172,Microsoft.Compute/HighCostGetVMScaleSet30Min;819,Microsoft.Compute/VMScaleSetVMViews3Min;4990
      x-ms-request-charge:
      - '4'
    status:
      code: 200
      message: OK
- request:
    body: null
    headers:
      Accept:
      - application/json
      Accept-Encoding:
      - gzip, deflate
      CommandName:
      - vmss list-instances
      Connection:
      - keep-alive
      ParameterSetName:
      - --resource-group --name --query
      User-Agent:
      - AZURECLI/2.25.0 azsdk-python-azure-mgmt-compute/21.0.0 Python/3.8.10 (Windows-10-10.0.19042-SP0)
    method: GET
    uri: https://management.azure.com/subscriptions/00000000-0000-0000-0000-000000000000/resourceGroups/cli_test_serialconsole000001/providers/Microsoft.Compute/virtualMachineScaleSets/cli000003/virtualmachines/2/instanceView?api-version=2021-03-01
  response:
    body:
      string: "{\r\n  \"placementGroupId\": \"0670ebf3-ba2d-41be-b0db-8586b1ba54a2\",\r\n
        \ \"platformUpdateDomain\": 2,\r\n  \"platformFaultDomain\": 2,\r\n  \"computerName\":
        \"clis5f58e000002\",\r\n  \"osName\": \"ubuntu\",\r\n  \"osVersion\": \"18.04\",\r\n
        \ \"vmAgent\": {\r\n    \"vmAgentVersion\": \"2.3.0.2\",\r\n    \"statuses\":
        [\r\n      {\r\n        \"code\": \"ProvisioningState/succeeded\",\r\n        \"level\":
        \"Info\",\r\n        \"displayStatus\": \"Ready\",\r\n        \"message\":
        \"Guest Agent is running\",\r\n        \"time\": \"2021-06-21T18:31:03+00:00\"\r\n
        \     }\r\n    ],\r\n    \"extensionHandlers\": [\r\n      {\r\n        \"type\":
        \"Microsoft.Azure.Monitor.AzureMonitorLinuxAgent\",\r\n        \"typeHandlerVersion\":
        \"1.10.1\",\r\n        \"status\": {\r\n          \"code\": \"ProvisioningState/succeeded\",\r\n
        \         \"level\": \"Info\",\r\n          \"displayStatus\": \"Ready\",\r\n
        \         \"message\": \"Plugin enabled\"\r\n        }\r\n      },\r\n      {\r\n
        \       \"type\": \"Microsoft.Azure.Security.Monitoring.AzureSecurityLinuxAgent\",\r\n
        \       \"typeHandlerVersion\": \"2.15.112\",\r\n        \"status\": {\r\n
        \         \"code\": \"ProvisioningState/succeeded\",\r\n          \"level\":
        \"Info\",\r\n          \"displayStatus\": \"Ready\",\r\n          \"message\":
        \"Plugin enabled\"\r\n        }\r\n      }\r\n    ]\r\n  },\r\n  \"disks\":
        [\r\n    {\r\n      \"name\": \"clis56nwtmk6unmhlatkclis56nwtmk6unmhlatk6OS__1_839aa9915ccb4e0ba9eb1eeb277e9b9f\",\r\n
        \     \"statuses\": [\r\n        {\r\n          \"code\": \"ProvisioningState/succeeded\",\r\n
        \         \"level\": \"Info\",\r\n          \"displayStatus\": \"Provisioning
        succeeded\",\r\n          \"time\": \"2021-06-21T18:29:16.2112914+00:00\"\r\n
        \       }\r\n      ]\r\n    }\r\n  ],\r\n  \"extensions\": [\r\n    {\r\n
        \     \"name\": \"Microsoft.Azure.Monitor.AzureMonitorLinuxAgent\",\r\n      \"type\":
        \"Microsoft.Azure.Monitor.AzureMonitorLinuxAgent\",\r\n      \"typeHandlerVersion\":
        \"1.10.1\",\r\n      \"statuses\": [\r\n        {\r\n          \"code\": \"ProvisioningState/succeeded\",\r\n
        \         \"level\": \"Info\",\r\n          \"displayStatus\": \"Provisioning
        succeeded\",\r\n          \"message\": \"Enable succeeded\"\r\n        }\r\n
        \     ]\r\n    },\r\n    {\r\n      \"name\": \"Microsoft.Azure.Security.Monitoring.AzureSecurityLinuxAgent\",\r\n
        \     \"type\": \"Microsoft.Azure.Security.Monitoring.AzureSecurityLinuxAgent\",\r\n
        \     \"typeHandlerVersion\": \"2.15.112\",\r\n      \"statuses\": [\r\n        {\r\n
        \         \"code\": \"ProvisioningState/succeeded\",\r\n          \"level\":
        \"Info\",\r\n          \"displayStatus\": \"Provisioning succeeded\",\r\n
        \         \"message\": \"Enable ASM succeeded\"\r\n        }\r\n      ]\r\n
        \   }\r\n  ],\r\n  \"hyperVGeneration\": \"V1\",\r\n  \"statuses\": [\r\n
        \   {\r\n      \"code\": \"ProvisioningState/succeeded\",\r\n      \"level\":
        \"Info\",\r\n      \"displayStatus\": \"Provisioning succeeded\",\r\n      \"time\":
        \"2021-06-21T18:30:50.0867784+00:00\"\r\n    },\r\n    {\r\n      \"code\":
        \"PowerState/running\",\r\n      \"level\": \"Info\",\r\n      \"displayStatus\":
        \"VM running\"\r\n    }\r\n  ]\r\n}"
    headers:
      cache-control:
      - no-cache
      content-length:
      - '2782'
      content-type:
      - application/json; charset=utf-8
      date:
      - Mon, 21 Jun 2021 18:31:07 GMT
      expires:
      - '-1'
      pragma:
      - no-cache
      server:
      - Microsoft-HTTPAPI/2.0
      - Microsoft-HTTPAPI/2.0
      strict-transport-security:
      - max-age=31536000; includeSubDomains
      transfer-encoding:
      - chunked
      vary:
      - Accept-Encoding
      x-content-type-options:
      - nosniff
      x-ms-ratelimit-remaining-resource:
      - Microsoft.Compute/GetVMScaleSetVM3Min;499,Microsoft.Compute/GetVMScaleSetVM30Min;2494,Microsoft.Compute/VMScaleSetVMViews3Min;4989
      x-ms-request-charge:
      - '1'
    status:
      code: 200
      message: OK
- request:
    body: null
    headers:
      Accept:
      - '*/*'
      Accept-Encoding:
      - gzip, deflate
      CommandName:
      - vmss deallocate
      Connection:
      - keep-alive
      Content-Length:
      - '0'
      ParameterSetName:
      - -g -n --instance-ids
      User-Agent:
      - AZURECLI/2.25.0 azsdk-python-azure-mgmt-compute/21.0.0 Python/3.8.10 (Windows-10-10.0.19042-SP0)
    method: POST
    uri: https://management.azure.com/subscriptions/00000000-0000-0000-0000-000000000000/resourceGroups/cli_test_serialconsole000001/providers/Microsoft.Compute/virtualMachineScaleSets/cli000003/virtualmachines/2/deallocate?api-version=2021-03-01
  response:
    body:
      string: ''
    headers:
      azure-asyncoperation:
      - https://management.azure.com/subscriptions/00000000-0000-0000-0000-000000000000/providers/Microsoft.Compute/locations/westus2/operations/574af064-0ea0-4b01-a4a6-21b2550b45d6?api-version=2021-03-01
      cache-control:
      - no-cache
      content-length:
      - '0'
      date:
      - Mon, 21 Jun 2021 18:31:08 GMT
      expires:
      - '-1'
      location:
      - https://management.azure.com/subscriptions/00000000-0000-0000-0000-000000000000/providers/Microsoft.Compute/locations/westus2/operations/574af064-0ea0-4b01-a4a6-21b2550b45d6?monitor=true&api-version=2021-03-01
      pragma:
      - no-cache
      server:
      - Microsoft-HTTPAPI/2.0
      - Microsoft-HTTPAPI/2.0
      strict-transport-security:
      - max-age=31536000; includeSubDomains
      x-content-type-options:
      - nosniff
      x-ms-ratelimit-remaining-resource:
      - Microsoft.Compute/DeleteVMScaleSetVM3Min;239,Microsoft.Compute/DeleteVMScaleSetVM30Min;1198,Microsoft.Compute/VMScaleSetBatchedVMRequests5Min;1195,Microsoft.Compute/VmssQueuedVMOperations;0
      x-ms-ratelimit-remaining-subscription-writes:
      - '1199'
      x-ms-request-charge:
      - '1'
    status:
      code: 202
      message: Accepted
- request:
    body: null
    headers:
      Accept:
      - '*/*'
      Accept-Encoding:
      - gzip, deflate
      CommandName:
      - vmss deallocate
      Connection:
      - keep-alive
      ParameterSetName:
      - -g -n --instance-ids
      User-Agent:
      - AZURECLI/2.25.0 azsdk-python-azure-mgmt-compute/21.0.0 Python/3.8.10 (Windows-10-10.0.19042-SP0)
    method: GET
    uri: https://management.azure.com/subscriptions/00000000-0000-0000-0000-000000000000/providers/Microsoft.Compute/locations/westus2/operations/574af064-0ea0-4b01-a4a6-21b2550b45d6?api-version=2021-03-01
  response:
    body:
      string: "{\r\n  \"startTime\": \"2021-06-21T18:31:08.5087955+00:00\",\r\n  \"status\":
        \"InProgress\",\r\n  \"name\": \"574af064-0ea0-4b01-a4a6-21b2550b45d6\"\r\n}"
    headers:
      cache-control:
      - no-cache
      content-length:
      - '134'
      content-type:
      - application/json; charset=utf-8
      date:
      - Mon, 21 Jun 2021 18:31:38 GMT
      expires:
      - '-1'
      pragma:
      - no-cache
      server:
      - Microsoft-HTTPAPI/2.0
      - Microsoft-HTTPAPI/2.0
      strict-transport-security:
      - max-age=31536000; includeSubDomains
      transfer-encoding:
      - chunked
      vary:
      - Accept-Encoding
      x-content-type-options:
      - nosniff
      x-ms-ratelimit-remaining-resource:
      - Microsoft.Compute/GetOperation3Min;14963,Microsoft.Compute/GetOperation30Min;29870
    status:
      code: 200
      message: OK
- request:
    body: null
    headers:
      Accept:
      - '*/*'
      Accept-Encoding:
      - gzip, deflate
      CommandName:
      - vmss deallocate
      Connection:
      - keep-alive
      ParameterSetName:
      - -g -n --instance-ids
      User-Agent:
      - AZURECLI/2.25.0 azsdk-python-azure-mgmt-compute/21.0.0 Python/3.8.10 (Windows-10-10.0.19042-SP0)
    method: GET
    uri: https://management.azure.com/subscriptions/00000000-0000-0000-0000-000000000000/providers/Microsoft.Compute/locations/westus2/operations/574af064-0ea0-4b01-a4a6-21b2550b45d6?api-version=2021-03-01
  response:
    body:
      string: "{\r\n  \"startTime\": \"2021-06-21T18:31:08.5087955+00:00\",\r\n  \"status\":
        \"InProgress\",\r\n  \"name\": \"574af064-0ea0-4b01-a4a6-21b2550b45d6\"\r\n}"
    headers:
      cache-control:
      - no-cache
      content-length:
      - '134'
      content-type:
      - application/json; charset=utf-8
      date:
      - Mon, 21 Jun 2021 18:32:07 GMT
      expires:
      - '-1'
      pragma:
      - no-cache
      server:
      - Microsoft-HTTPAPI/2.0
      - Microsoft-HTTPAPI/2.0
      strict-transport-security:
      - max-age=31536000; includeSubDomains
      transfer-encoding:
      - chunked
      vary:
      - Accept-Encoding
      x-content-type-options:
      - nosniff
      x-ms-ratelimit-remaining-resource:
      - Microsoft.Compute/GetOperation3Min;14962,Microsoft.Compute/GetOperation30Min;29865
    status:
      code: 200
      message: OK
- request:
    body: null
    headers:
      Accept:
      - '*/*'
      Accept-Encoding:
      - gzip, deflate
      CommandName:
      - vmss deallocate
      Connection:
      - keep-alive
      ParameterSetName:
      - -g -n --instance-ids
      User-Agent:
      - AZURECLI/2.25.0 azsdk-python-azure-mgmt-compute/21.0.0 Python/3.8.10 (Windows-10-10.0.19042-SP0)
    method: GET
    uri: https://management.azure.com/subscriptions/00000000-0000-0000-0000-000000000000/providers/Microsoft.Compute/locations/westus2/operations/574af064-0ea0-4b01-a4a6-21b2550b45d6?api-version=2021-03-01
  response:
    body:
      string: "{\r\n  \"startTime\": \"2021-06-21T18:31:08.5087955+00:00\",\r\n  \"endTime\":
        \"2021-06-21T18:32:22.3685822+00:00\",\r\n  \"status\": \"Succeeded\",\r\n
        \ \"name\": \"574af064-0ea0-4b01-a4a6-21b2550b45d6\"\r\n}"
    headers:
      cache-control:
      - no-cache
      content-length:
      - '184'
      content-type:
      - application/json; charset=utf-8
      date:
      - Mon, 21 Jun 2021 18:32:38 GMT
      expires:
      - '-1'
      pragma:
      - no-cache
      server:
      - Microsoft-HTTPAPI/2.0
      - Microsoft-HTTPAPI/2.0
      strict-transport-security:
      - max-age=31536000; includeSubDomains
      transfer-encoding:
      - chunked
      vary:
      - Accept-Encoding
      x-content-type-options:
      - nosniff
      x-ms-ratelimit-remaining-resource:
      - Microsoft.Compute/GetOperation3Min;14962,Microsoft.Compute/GetOperation30Min;29859
    status:
      code: 200
      message: OK
- request:
    body: null
    headers:
      Accept:
      - '*/*'
      Accept-Encoding:
      - gzip, deflate
      CommandName:
      - vmss deallocate
      Connection:
      - keep-alive
      ParameterSetName:
      - -g -n --instance-ids
      User-Agent:
      - AZURECLI/2.25.0 azsdk-python-azure-mgmt-compute/21.0.0 Python/3.8.10 (Windows-10-10.0.19042-SP0)
    method: GET
    uri: https://management.azure.com/subscriptions/00000000-0000-0000-0000-000000000000/providers/Microsoft.Compute/locations/westus2/operations/574af064-0ea0-4b01-a4a6-21b2550b45d6?monitor=true&api-version=2021-03-01
  response:
    body:
      string: ''
    headers:
      cache-control:
      - no-cache
      content-length:
      - '0'
      date:
      - Mon, 21 Jun 2021 18:32:38 GMT
      expires:
      - '-1'
      pragma:
      - no-cache
      server:
      - Microsoft-HTTPAPI/2.0
      - Microsoft-HTTPAPI/2.0
      strict-transport-security:
      - max-age=31536000; includeSubDomains
      x-content-type-options:
      - nosniff
      x-ms-ratelimit-remaining-resource:
      - Microsoft.Compute/GetOperation3Min;14961,Microsoft.Compute/GetOperation30Min;29858
    status:
      code: 200
      message: OK
- request:
    body: null
    headers:
      Accept:
      - application/json
      Accept-Encoding:
      - gzip, deflate
      CommandName:
      - vmss deallocate
      Connection:
      - keep-alive
      ParameterSetName:
      - -g -n --instance-ids
      User-Agent:
      - AZURECLI/2.25.0 azsdk-python-azure-mgmt-compute/21.0.0 Python/3.8.10 (Windows-10-10.0.19042-SP0)
    method: GET
    uri: https://management.azure.com/subscriptions/00000000-0000-0000-0000-000000000000/resourceGroups/cli_test_serialconsole000001/providers/Microsoft.Compute/virtualMachineScaleSets/cli000003/virtualmachines/2/instanceView?api-version=2021-03-01
  response:
    body:
      string: "{\r\n  \"placementGroupId\": \"0670ebf3-ba2d-41be-b0db-8586b1ba54a2\",\r\n
        \ \"platformUpdateDomain\": 2,\r\n  \"platformFaultDomain\": 2,\r\n  \"disks\":
        [\r\n    {\r\n      \"name\": \"clis56nwtmk6unmhlatkclis56nwtmk6unmhlatk6OS__1_839aa9915ccb4e0ba9eb1eeb277e9b9f\",\r\n
        \     \"statuses\": [\r\n        {\r\n          \"code\": \"ProvisioningState/succeeded\",\r\n
        \         \"level\": \"Info\",\r\n          \"displayStatus\": \"Provisioning
        succeeded\",\r\n          \"time\": \"2021-06-21T18:32:21.2904248+00:00\"\r\n
        \       }\r\n      ]\r\n    }\r\n  ],\r\n  \"hyperVGeneration\": \"V1\",\r\n
        \ \"statuses\": [\r\n    {\r\n      \"code\": \"ProvisioningState/succeeded\",\r\n
        \     \"level\": \"Info\",\r\n      \"displayStatus\": \"Provisioning succeeded\",\r\n
        \     \"time\": \"2021-06-21T18:32:21.3217194+00:00\"\r\n    },\r\n    {\r\n
        \     \"code\": \"PowerState/deallocated\",\r\n      \"level\": \"Info\",\r\n
        \     \"displayStatus\": \"VM deallocated\"\r\n    }\r\n  ]\r\n}"
    headers:
      cache-control:
      - no-cache
      content-length:
      - '854'
      content-type:
      - application/json; charset=utf-8
      date:
      - Mon, 21 Jun 2021 18:32:39 GMT
      expires:
      - '-1'
      pragma:
      - no-cache
      server:
      - Microsoft-HTTPAPI/2.0
      - Microsoft-HTTPAPI/2.0
      strict-transport-security:
      - max-age=31536000; includeSubDomains
      transfer-encoding:
      - chunked
      vary:
      - Accept-Encoding
      x-content-type-options:
      - nosniff
      x-ms-ratelimit-remaining-resource:
      - Microsoft.Compute/GetVMScaleSetVM3Min;498,Microsoft.Compute/GetVMScaleSetVM30Min;2493,Microsoft.Compute/VMScaleSetVMViews3Min;4993
      x-ms-request-charge:
      - '1'
    status:
      code: 200
      message: OK
- request:
    body: '{"instanceIds": ["2"]}'
    headers:
      Accept:
      - '*/*'
      Accept-Encoding:
      - gzip, deflate
      CommandName:
      - vmss start
      Connection:
      - keep-alive
      Content-Length:
      - '22'
      Content-Type:
      - application/json
      ParameterSetName:
      - -g -n --instance-ids
      User-Agent:
      - AZURECLI/2.25.0 azsdk-python-azure-mgmt-compute/21.0.0 Python/3.8.10 (Windows-10-10.0.19042-SP0)
    method: POST
    uri: https://management.azure.com/subscriptions/00000000-0000-0000-0000-000000000000/resourceGroups/cli_test_serialconsole000001/providers/Microsoft.Compute/virtualMachineScaleSets/cli000003/start?api-version=2021-03-01
  response:
    body:
      string: ''
    headers:
      azure-asyncoperation:
      - https://management.azure.com/subscriptions/00000000-0000-0000-0000-000000000000/providers/Microsoft.Compute/locations/westus2/operations/cffbc610-85ac-4ea9-920f-44fd3328bc5a?api-version=2021-03-01
      cache-control:
      - no-cache
      content-length:
      - '0'
      date:
      - Mon, 21 Jun 2021 18:32:39 GMT
      expires:
      - '-1'
      location:
      - https://management.azure.com/subscriptions/00000000-0000-0000-0000-000000000000/providers/Microsoft.Compute/locations/westus2/operations/cffbc610-85ac-4ea9-920f-44fd3328bc5a?monitor=true&api-version=2021-03-01
      pragma:
      - no-cache
      server:
      - Microsoft-HTTPAPI/2.0
      - Microsoft-HTTPAPI/2.0
      strict-transport-security:
      - max-age=31536000; includeSubDomains
      x-content-type-options:
      - nosniff
      x-ms-ratelimit-remaining-resource:
      - Microsoft.Compute/VMScaleSetActions3Min;239,Microsoft.Compute/VMScaleSetActions30Min;1197,Microsoft.Compute/VMScaleSetBatchedVMRequests5Min;1194,Microsoft.Compute/VmssQueuedVMOperations;0
      x-ms-ratelimit-remaining-subscription-writes:
      - '1199'
      x-ms-request-charge:
      - '1'
    status:
      code: 202
      message: Accepted
- request:
    body: null
    headers:
      Accept:
      - '*/*'
      Accept-Encoding:
      - gzip, deflate
      CommandName:
      - vmss start
      Connection:
      - keep-alive
      ParameterSetName:
      - -g -n --instance-ids
      User-Agent:
      - AZURECLI/2.25.0 azsdk-python-azure-mgmt-compute/21.0.0 Python/3.8.10 (Windows-10-10.0.19042-SP0)
    method: GET
    uri: https://management.azure.com/subscriptions/00000000-0000-0000-0000-000000000000/providers/Microsoft.Compute/locations/westus2/operations/cffbc610-85ac-4ea9-920f-44fd3328bc5a?api-version=2021-03-01
  response:
    body:
      string: "{\r\n  \"startTime\": \"2021-06-21T18:32:39.4311628+00:00\",\r\n  \"status\":
        \"InProgress\",\r\n  \"name\": \"cffbc610-85ac-4ea9-920f-44fd3328bc5a\"\r\n}"
    headers:
      cache-control:
      - no-cache
      content-length:
      - '134'
      content-type:
      - application/json; charset=utf-8
      date:
      - Mon, 21 Jun 2021 18:33:08 GMT
      expires:
      - '-1'
      pragma:
      - no-cache
      server:
      - Microsoft-HTTPAPI/2.0
      - Microsoft-HTTPAPI/2.0
      strict-transport-security:
      - max-age=31536000; includeSubDomains
      transfer-encoding:
      - chunked
      vary:
      - Accept-Encoding
      x-content-type-options:
      - nosniff
      x-ms-ratelimit-remaining-resource:
      - Microsoft.Compute/GetOperation3Min;14967,Microsoft.Compute/GetOperation30Min;29855
    status:
      code: 200
      message: OK
- request:
    body: null
    headers:
      Accept:
      - '*/*'
      Accept-Encoding:
      - gzip, deflate
      CommandName:
      - vmss start
      Connection:
      - keep-alive
      ParameterSetName:
      - -g -n --instance-ids
      User-Agent:
      - AZURECLI/2.25.0 azsdk-python-azure-mgmt-compute/21.0.0 Python/3.8.10 (Windows-10-10.0.19042-SP0)
    method: GET
    uri: https://management.azure.com/subscriptions/00000000-0000-0000-0000-000000000000/providers/Microsoft.Compute/locations/westus2/operations/cffbc610-85ac-4ea9-920f-44fd3328bc5a?api-version=2021-03-01
  response:
    body:
      string: "{\r\n  \"startTime\": \"2021-06-21T18:32:39.4311628+00:00\",\r\n  \"endTime\":
        \"2021-06-21T18:33:28.5564049+00:00\",\r\n  \"status\": \"Succeeded\",\r\n
        \ \"name\": \"cffbc610-85ac-4ea9-920f-44fd3328bc5a\"\r\n}"
    headers:
      cache-control:
      - no-cache
      content-length:
      - '184'
      content-type:
      - application/json; charset=utf-8
      date:
      - Mon, 21 Jun 2021 18:33:38 GMT
      expires:
      - '-1'
      pragma:
      - no-cache
      server:
      - Microsoft-HTTPAPI/2.0
      - Microsoft-HTTPAPI/2.0
      strict-transport-security:
      - max-age=31536000; includeSubDomains
      transfer-encoding:
      - chunked
      vary:
      - Accept-Encoding
      x-content-type-options:
      - nosniff
      x-ms-ratelimit-remaining-resource:
      - Microsoft.Compute/GetOperation3Min;14975,Microsoft.Compute/GetOperation30Min;29852
    status:
      code: 200
      message: OK
- request:
    body: null
    headers:
      Accept:
      - '*/*'
      Accept-Encoding:
      - gzip, deflate
      CommandName:
      - vmss start
      Connection:
      - keep-alive
      ParameterSetName:
      - -g -n --instance-ids
      User-Agent:
      - AZURECLI/2.25.0 azsdk-python-azure-mgmt-compute/21.0.0 Python/3.8.10 (Windows-10-10.0.19042-SP0)
    method: GET
    uri: https://management.azure.com/subscriptions/00000000-0000-0000-0000-000000000000/providers/Microsoft.Compute/locations/westus2/operations/cffbc610-85ac-4ea9-920f-44fd3328bc5a?monitor=true&api-version=2021-03-01
  response:
    body:
      string: ''
    headers:
      cache-control:
      - no-cache
      content-length:
      - '0'
      date:
      - Mon, 21 Jun 2021 18:33:38 GMT
      expires:
      - '-1'
      pragma:
      - no-cache
      server:
      - Microsoft-HTTPAPI/2.0
      - Microsoft-HTTPAPI/2.0
      strict-transport-security:
      - max-age=31536000; includeSubDomains
      x-content-type-options:
      - nosniff
      x-ms-ratelimit-remaining-resource:
      - Microsoft.Compute/GetOperation3Min;14974,Microsoft.Compute/GetOperation30Min;29851
    status:
      code: 200
      message: OK
- request:
    body: null
    headers:
      Accept:
      - application/json
      Accept-Encoding:
      - gzip, deflate
      CommandName:
      - vmss update
      Connection:
      - keep-alive
      ParameterSetName:
      - --name --resource-group --set
      User-Agent:
      - AZURECLI/2.25.0 azsdk-python-azure-mgmt-compute/21.0.0 Python/3.8.10 (Windows-10-10.0.19042-SP0)
    method: GET
    uri: https://management.azure.com/subscriptions/00000000-0000-0000-0000-000000000000/resourceGroups/cli_test_serialconsole000001/providers/Microsoft.Compute/virtualMachineScaleSets/cli000003?api-version=2021-03-01
  response:
    body:
      string: "{\r\n  \"name\": \"cli000003\",\r\n  \"id\": \"/subscriptions/00000000-0000-0000-0000-000000000000/resourceGroups/cli_test_serialconsole000001/providers/Microsoft.Compute/virtualMachineScaleSets/cli000003\",\r\n
        \ \"type\": \"Microsoft.Compute/virtualMachineScaleSets\",\r\n  \"location\":
        \"westus2\",\r\n  \"tags\": {\r\n    \"azsecpack\": \"nonprod\",\r\n    \"platformsettings.host_environment.service.platform_optedin_for_rootcerts\":
        \"true\"\r\n  },\r\n  \"sku\": {\r\n    \"name\": \"Standard_DS1_v2\",\r\n
        \   \"tier\": \"Standard\",\r\n    \"capacity\": 2\r\n  },\r\n  \"properties\":
        {\r\n    \"singlePlacementGroup\": true,\r\n    \"upgradePolicy\": {\r\n      \"mode\":
        \"Manual\",\r\n      \"rollingUpgradePolicy\": {\r\n        \"maxBatchInstancePercent\":
        20,\r\n        \"maxUnhealthyInstancePercent\": 20,\r\n        \"maxUnhealthyUpgradedInstancePercent\":
        20,\r\n        \"pauseTimeBetweenBatches\": \"PT0S\"\r\n      }\r\n    },\r\n
        \   \"virtualMachineProfile\": {\r\n      \"osProfile\": {\r\n        \"computerNamePrefix\":
        \"clis5f58e\",\r\n        \"adminUsername\": \"useraabedon\",\r\n        \"linuxConfiguration\":
        {\r\n          \"disablePasswordAuthentication\": true,\r\n          \"ssh\":
        {\r\n            \"publicKeys\": [\r\n              {\r\n                \"path\":
        \"/home/useraabedon/.ssh/authorized_keys\",\r\n                \"keyData\":
        \"ssh-rsa AAAAB3NzaC1yc2EAAAADAQABAAABAQC0Gw3f0EtRO65EEYmPvlLEDipvXLlMW75hZpyuR5jAYFWTx1rHcLaUL9GtG+KQWtXBjVBTJzo3Srr4inbf1Mf21Vpy3JLfiwkN09PQlMIQXj1xgKwK6x5IXRr1+2i9VhcXQ05hsld5YPTqUW7wUIcdikQfwmHGtmZ92WiLdvAqODi9ceEcuJrABb14gquHnmbc9zVS3LhWGT+x8pvyw7co8IjmGfPuto+XbP+dOJUwNQ9nrdhhAkzHtAM5cfI5s974rREACnMszdOvszDPnL5YF6gnwHa4H1EGPfbdoV1nuSZbi9exSDP1qy3yUyJo5gI7VITgCHFyDWUAcOIlRBY3\"\r\n
        \             }\r\n            ]\r\n          },\r\n          \"provisionVMAgent\":
        true\r\n        },\r\n        \"secrets\": [],\r\n        \"allowExtensionOperations\":
        true,\r\n        \"requireGuestProvisionSignal\": true\r\n      },\r\n      \"storageProfile\":
        {\r\n        \"osDisk\": {\r\n          \"osType\": \"Linux\",\r\n          \"createOption\":
        \"FromImage\",\r\n          \"caching\": \"ReadWrite\",\r\n          \"managedDisk\":
        {\r\n            \"storageAccountType\": \"Premium_LRS\"\r\n          },\r\n
        \         \"diskSizeGB\": 30\r\n        },\r\n        \"imageReference\":
        {\r\n          \"publisher\": \"Canonical\",\r\n          \"offer\": \"UbuntuServer\",\r\n
        \         \"sku\": \"18.04-LTS\",\r\n          \"version\": \"latest\"\r\n
        \       }\r\n      },\r\n      \"networkProfile\": {\"networkInterfaceConfigurations\":[{\"name\":\"clis5f58eNic\",\"properties\":{\"primary\":true,\"enableAcceleratedNetworking\":false,\"dnsSettings\":{\"dnsServers\":[]},\"enableIPForwarding\":false,\"ipConfigurations\":[{\"name\":\"clis5f58eIPConfig\",\"properties\":{\"subnet\":{\"id\":\"/subscriptions/00000000-0000-0000-0000-000000000000/resourceGroups/cli_test_serialconsole000001/providers/Microsoft.Network/virtualNetworks/cli000003VNET/subnets/cli000003Subnet\"},\"privateIPAddressVersion\":\"IPv4\",\"loadBalancerBackendAddressPools\":[{\"id\":\"/subscriptions/00000000-0000-0000-0000-000000000000/resourceGroups/cli_test_serialconsole000001/providers/Microsoft.Network/loadBalancers/cli000003LB/backendAddressPools/cli000003LBBEPool\"}],\"loadBalancerInboundNatPools\":[{\"id\":\"/subscriptions/00000000-0000-0000-0000-000000000000/resourceGroups/cli_test_serialconsole000001/providers/Microsoft.Network/loadBalancers/cli000003LB/inboundNatPools/cli000003LBNatPool\"}]}}]}}]},\r\n
        \     \"extensionProfile\": {\r\n        \"extensions\": [\r\n          {\r\n
        \           \"name\": \"Microsoft.Azure.Monitor.AzureMonitorLinuxAgent\",\r\n
        \           \"properties\": {\r\n              \"autoUpgradeMinorVersion\":
        true,\r\n              \"publisher\": \"Microsoft.Azure.Monitor\",\r\n              \"type\":
        \"AzureMonitorLinuxAgent\",\r\n              \"typeHandlerVersion\": \"1.0\",\r\n
        \             \"settings\": {\"GCS_AUTO_CONFIG\":true}\r\n            }\r\n
        \         },\r\n          {\r\n            \"name\": \"Microsoft.Azure.Security.Monitoring.AzureSecurityLinuxAgent\",\r\n
        \           \"properties\": {\r\n              \"autoUpgradeMinorVersion\":
        true,\r\n              \"publisher\": \"Microsoft.Azure.Security.Monitoring\",\r\n
        \             \"type\": \"AzureSecurityLinuxAgent\",\r\n              \"typeHandlerVersion\":
        \"2.0\",\r\n              \"settings\": {\"enableGenevaUpload\":true}\r\n
        \           }\r\n          }\r\n        ]\r\n      }\r\n    },\r\n    \"provisioningState\":
        \"Succeeded\",\r\n    \"overprovision\": true,\r\n    \"doNotRunExtensionsOnOverprovisionedVMs\":
        false,\r\n    \"uniqueId\": \"54884a39-27a7-4062-ac1b-75c323d3f248\"\r\n  }\r\n}"
    headers:
      cache-control:
      - no-cache
      content-length:
      - '4638'
      content-type:
      - application/json; charset=utf-8
      date:
      - Mon, 21 Jun 2021 18:33:39 GMT
      expires:
      - '-1'
      pragma:
      - no-cache
      server:
      - Microsoft-HTTPAPI/2.0
      - Microsoft-HTTPAPI/2.0
      strict-transport-security:
      - max-age=31536000; includeSubDomains
      transfer-encoding:
      - chunked
      vary:
      - Accept-Encoding
      x-content-type-options:
      - nosniff
      x-ms-ratelimit-remaining-resource:
      - Microsoft.Compute/GetVMScaleSet3Min;197,Microsoft.Compute/GetVMScaleSet30Min;1279
    status:
      code: 200
      message: OK
- request:
    body: '{"location": "westus2", "tags": {"azsecpack": "nonprod", "platformsettings.host_environment.service.platform_optedin_for_rootcerts":
      "true"}, "sku": {"name": "Standard_DS1_v2", "tier": "Standard", "capacity":
      2}, "properties": {"upgradePolicy": {"mode": "Manual", "rollingUpgradePolicy":
      {"maxBatchInstancePercent": 20, "maxUnhealthyInstancePercent": 20, "maxUnhealthyUpgradedInstancePercent":
      20, "pauseTimeBetweenBatches": "PT0S"}}, "virtualMachineProfile": {"osProfile":
      {"computerNamePrefix": "clis5f58e", "adminUsername": "useraabedon", "linuxConfiguration":
      {"disablePasswordAuthentication": true, "ssh": {"publicKeys": [{"path": "/home/useraabedon/.ssh/authorized_keys",
      "keyData": "ssh-rsa AAAAB3NzaC1yc2EAAAADAQABAAABAQC0Gw3f0EtRO65EEYmPvlLEDipvXLlMW75hZpyuR5jAYFWTx1rHcLaUL9GtG+KQWtXBjVBTJzo3Srr4inbf1Mf21Vpy3JLfiwkN09PQlMIQXj1xgKwK6x5IXRr1+2i9VhcXQ05hsld5YPTqUW7wUIcdikQfwmHGtmZ92WiLdvAqODi9ceEcuJrABb14gquHnmbc9zVS3LhWGT+x8pvyw7co8IjmGfPuto+XbP+dOJUwNQ9nrdhhAkzHtAM5cfI5s974rREACnMszdOvszDPnL5YF6gnwHa4H1EGPfbdoV1nuSZbi9exSDP1qy3yUyJo5gI7VITgCHFyDWUAcOIlRBY3"}]},
      "provisionVMAgent": true}, "secrets": []}, "storageProfile": {"osDisk": {"caching":
      "ReadWrite", "createOption": "FromImage", "diskSizeGB": 30, "osType": "Linux",
      "managedDisk": {"storageAccountType": "Premium_LRS"}}}, "networkProfile": {"networkInterfaceConfigurations":
      [{"name": "clis5f58eNic", "properties": {"primary": true, "enableAcceleratedNetworking":
      false, "dnsSettings": {"dnsServers": []}, "ipConfigurations": [{"name": "clis5f58eIPConfig",
      "properties": {"subnet": {"id": "/subscriptions/00000000-0000-0000-0000-000000000000/resourceGroups/cli_test_serialconsole000001/providers/Microsoft.Network/virtualNetworks/cli000003VNET/subnets/cli000003Subnet"},
      "privateIPAddressVersion": "IPv4", "loadBalancerBackendAddressPools": [{"id":
      "/subscriptions/00000000-0000-0000-0000-000000000000/resourceGroups/cli_test_serialconsole000001/providers/Microsoft.Network/loadBalancers/cli000003LB/backendAddressPools/cli000003LBBEPool"}],
      "loadBalancerInboundNatPools": [{"id": "/subscriptions/00000000-0000-0000-0000-000000000000/resourceGroups/cli_test_serialconsole000001/providers/Microsoft.Network/loadBalancers/cli000003LB/inboundNatPools/cli000003LBNatPool"}]}}],
      "enableIPForwarding": false}}]}, "diagnosticsProfile": {"bootDiagnostics": {"enabled":
      true, "storageUri": "https://cli000002.blob.core.windows.net/"}}, "extensionProfile":
      {"extensions": [{"name": "Microsoft.Azure.Monitor.AzureMonitorLinuxAgent", "properties":
      {"publisher": "Microsoft.Azure.Monitor", "type": "AzureMonitorLinuxAgent", "typeHandlerVersion":
      "1.0", "autoUpgradeMinorVersion": true, "settings": {"GCS_AUTO_CONFIG": true}}},
      {"name": "Microsoft.Azure.Security.Monitoring.AzureSecurityLinuxAgent", "properties":
      {"publisher": "Microsoft.Azure.Security.Monitoring", "type": "AzureSecurityLinuxAgent",
      "typeHandlerVersion": "2.0", "autoUpgradeMinorVersion": true, "settings": {"enableGenevaUpload":
      true}}}]}}, "overprovision": true, "doNotRunExtensionsOnOverprovisionedVMs":
      false, "singlePlacementGroup": true}}'
    headers:
      Accept:
      - application/json
      Accept-Encoding:
      - gzip, deflate
      CommandName:
      - vmss update
      Connection:
      - keep-alive
      Content-Length:
      - '3318'
      Content-Type:
      - application/json
      ParameterSetName:
      - --name --resource-group --set
      User-Agent:
      - AZURECLI/2.25.0 azsdk-python-azure-mgmt-compute/21.0.0 Python/3.8.10 (Windows-10-10.0.19042-SP0)
    method: PUT
    uri: https://management.azure.com/subscriptions/00000000-0000-0000-0000-000000000000/resourceGroups/cli_test_serialconsole000001/providers/Microsoft.Compute/virtualMachineScaleSets/cli000003?api-version=2021-03-01
  response:
    body:
      string: "{\r\n  \"name\": \"cli000003\",\r\n  \"id\": \"/subscriptions/00000000-0000-0000-0000-000000000000/resourceGroups/cli_test_serialconsole000001/providers/Microsoft.Compute/virtualMachineScaleSets/cli000003\",\r\n
        \ \"type\": \"Microsoft.Compute/virtualMachineScaleSets\",\r\n  \"location\":
        \"westus2\",\r\n  \"tags\": {\r\n    \"azsecpack\": \"nonprod\",\r\n    \"platformsettings.host_environment.service.platform_optedin_for_rootcerts\":
        \"true\"\r\n  },\r\n  \"sku\": {\r\n    \"name\": \"Standard_DS1_v2\",\r\n
        \   \"tier\": \"Standard\",\r\n    \"capacity\": 2\r\n  },\r\n  \"properties\":
        {\r\n    \"singlePlacementGroup\": true,\r\n    \"upgradePolicy\": {\r\n      \"mode\":
        \"Manual\",\r\n      \"rollingUpgradePolicy\": {\r\n        \"maxBatchInstancePercent\":
        20,\r\n        \"maxUnhealthyInstancePercent\": 20,\r\n        \"maxUnhealthyUpgradedInstancePercent\":
        20,\r\n        \"pauseTimeBetweenBatches\": \"PT0S\"\r\n      }\r\n    },\r\n
        \   \"virtualMachineProfile\": {\r\n      \"osProfile\": {\r\n        \"computerNamePrefix\":
        \"clis5f58e\",\r\n        \"adminUsername\": \"useraabedon\",\r\n        \"linuxConfiguration\":
        {\r\n          \"disablePasswordAuthentication\": true,\r\n          \"ssh\":
        {\r\n            \"publicKeys\": [\r\n              {\r\n                \"path\":
        \"/home/useraabedon/.ssh/authorized_keys\",\r\n                \"keyData\":
        \"ssh-rsa AAAAB3NzaC1yc2EAAAADAQABAAABAQC0Gw3f0EtRO65EEYmPvlLEDipvXLlMW75hZpyuR5jAYFWTx1rHcLaUL9GtG+KQWtXBjVBTJzo3Srr4inbf1Mf21Vpy3JLfiwkN09PQlMIQXj1xgKwK6x5IXRr1+2i9VhcXQ05hsld5YPTqUW7wUIcdikQfwmHGtmZ92WiLdvAqODi9ceEcuJrABb14gquHnmbc9zVS3LhWGT+x8pvyw7co8IjmGfPuto+XbP+dOJUwNQ9nrdhhAkzHtAM5cfI5s974rREACnMszdOvszDPnL5YF6gnwHa4H1EGPfbdoV1nuSZbi9exSDP1qy3yUyJo5gI7VITgCHFyDWUAcOIlRBY3\"\r\n
        \             }\r\n            ]\r\n          },\r\n          \"provisionVMAgent\":
        true\r\n        },\r\n        \"secrets\": [],\r\n        \"allowExtensionOperations\":
        true,\r\n        \"requireGuestProvisionSignal\": true\r\n      },\r\n      \"storageProfile\":
        {\r\n        \"osDisk\": {\r\n          \"osType\": \"Linux\",\r\n          \"createOption\":
        \"FromImage\",\r\n          \"caching\": \"ReadWrite\",\r\n          \"managedDisk\":
        {\r\n            \"storageAccountType\": \"Premium_LRS\"\r\n          },\r\n
        \         \"diskSizeGB\": 30\r\n        },\r\n        \"imageReference\":
        {\r\n          \"publisher\": \"Canonical\",\r\n          \"offer\": \"UbuntuServer\",\r\n
        \         \"sku\": \"18.04-LTS\",\r\n          \"version\": \"latest\"\r\n
        \       }\r\n      },\r\n      \"networkProfile\": {\"networkInterfaceConfigurations\":[{\"name\":\"clis5f58eNic\",\"properties\":{\"primary\":true,\"enableAcceleratedNetworking\":false,\"dnsSettings\":{\"dnsServers\":[]},\"enableIPForwarding\":false,\"ipConfigurations\":[{\"name\":\"clis5f58eIPConfig\",\"properties\":{\"subnet\":{\"id\":\"/subscriptions/00000000-0000-0000-0000-000000000000/resourceGroups/cli_test_serialconsole000001/providers/Microsoft.Network/virtualNetworks/cli000003VNET/subnets/cli000003Subnet\"},\"privateIPAddressVersion\":\"IPv4\",\"loadBalancerBackendAddressPools\":[{\"id\":\"/subscriptions/00000000-0000-0000-0000-000000000000/resourceGroups/cli_test_serialconsole000001/providers/Microsoft.Network/loadBalancers/cli000003LB/backendAddressPools/cli000003LBBEPool\"}],\"loadBalancerInboundNatPools\":[{\"id\":\"/subscriptions/00000000-0000-0000-0000-000000000000/resourceGroups/cli_test_serialconsole000001/providers/Microsoft.Network/loadBalancers/cli000003LB/inboundNatPools/cli000003LBNatPool\"}]}}]}}]},\r\n
        \     \"diagnosticsProfile\": {\r\n        \"bootDiagnostics\": {\r\n          \"enabled\":
        true,\r\n          \"storageUri\": \"https://cli000002.blob.core.windows.net/\"\r\n
        \       }\r\n      },\r\n      \"extensionProfile\": {\r\n        \"extensions\":
        [\r\n          {\r\n            \"name\": \"Microsoft.Azure.Monitor.AzureMonitorLinuxAgent\",\r\n
        \           \"properties\": {\r\n              \"autoUpgradeMinorVersion\":
        true,\r\n              \"publisher\": \"Microsoft.Azure.Monitor\",\r\n              \"type\":
        \"AzureMonitorLinuxAgent\",\r\n              \"typeHandlerVersion\": \"1.0\",\r\n
        \             \"settings\": {\"GCS_AUTO_CONFIG\":true}\r\n            }\r\n
        \         },\r\n          {\r\n            \"name\": \"Microsoft.Azure.Security.Monitoring.AzureSecurityLinuxAgent\",\r\n
        \           \"properties\": {\r\n              \"autoUpgradeMinorVersion\":
        true,\r\n              \"publisher\": \"Microsoft.Azure.Security.Monitoring\",\r\n
        \             \"type\": \"AzureSecurityLinuxAgent\",\r\n              \"typeHandlerVersion\":
        \"2.0\",\r\n              \"settings\": {\"enableGenevaUpload\":true}\r\n
        \           }\r\n          }\r\n        ]\r\n      }\r\n    },\r\n    \"provisioningState\":
        \"Updating\",\r\n    \"overprovision\": true,\r\n    \"doNotRunExtensionsOnOverprovisionedVMs\":
        false,\r\n    \"uniqueId\": \"54884a39-27a7-4062-ac1b-75c323d3f248\"\r\n  }\r\n}"
    headers:
      azure-asyncnotification:
      - Enabled
      azure-asyncoperation:
      - https://management.azure.com/subscriptions/00000000-0000-0000-0000-000000000000/providers/Microsoft.Compute/locations/westus2/operations/8a2e4735-ec5b-4689-8a14-197acee1cf67?api-version=2021-03-01
      cache-control:
      - no-cache
      content-length:
      - '4830'
      content-type:
      - application/json; charset=utf-8
      date:
      - Mon, 21 Jun 2021 18:33:40 GMT
      expires:
      - '-1'
      pragma:
      - no-cache
      server:
      - Microsoft-HTTPAPI/2.0
      - Microsoft-HTTPAPI/2.0
      strict-transport-security:
      - max-age=31536000; includeSubDomains
      transfer-encoding:
      - chunked
      vary:
      - Accept-Encoding
      x-content-type-options:
      - nosniff
      x-ms-ratelimit-remaining-resource:
      - Microsoft.Compute/CreateVMScaleSet3Min;59,Microsoft.Compute/CreateVMScaleSet30Min;295,Microsoft.Compute/VmssQueuedVMOperations;0
      x-ms-ratelimit-remaining-subscription-writes:
      - '1199'
      x-ms-request-charge:
      - '0'
    status:
      code: 200
      message: OK
- request:
    body: null
    headers:
      Accept:
      - '*/*'
      Accept-Encoding:
      - gzip, deflate
      CommandName:
      - vmss update
      Connection:
      - keep-alive
      ParameterSetName:
      - --name --resource-group --set
      User-Agent:
      - AZURECLI/2.25.0 azsdk-python-azure-mgmt-compute/21.0.0 Python/3.8.10 (Windows-10-10.0.19042-SP0)
    method: GET
    uri: https://management.azure.com/subscriptions/00000000-0000-0000-0000-000000000000/providers/Microsoft.Compute/locations/westus2/operations/8a2e4735-ec5b-4689-8a14-197acee1cf67?api-version=2021-03-01
  response:
    body:
      string: "{\r\n  \"startTime\": \"2021-06-21T18:33:41.2127926+00:00\",\r\n  \"endTime\":
        \"2021-06-21T18:33:41.5096513+00:00\",\r\n  \"status\": \"Succeeded\",\r\n
        \ \"name\": \"8a2e4735-ec5b-4689-8a14-197acee1cf67\"\r\n}"
    headers:
      cache-control:
      - no-cache
      content-length:
      - '184'
      content-type:
      - application/json; charset=utf-8
      date:
      - Mon, 21 Jun 2021 18:33:51 GMT
      expires:
      - '-1'
      pragma:
      - no-cache
      server:
      - Microsoft-HTTPAPI/2.0
      - Microsoft-HTTPAPI/2.0
      strict-transport-security:
      - max-age=31536000; includeSubDomains
      transfer-encoding:
      - chunked
      vary:
      - Accept-Encoding
      x-content-type-options:
      - nosniff
      x-ms-ratelimit-remaining-resource:
      - Microsoft.Compute/GetOperation3Min;14971,Microsoft.Compute/GetOperation30Min;29848
    status:
      code: 200
      message: OK
- request:
    body: null
    headers:
      Accept:
      - '*/*'
      Accept-Encoding:
      - gzip, deflate
      CommandName:
      - vmss update
      Connection:
      - keep-alive
      ParameterSetName:
      - --name --resource-group --set
      User-Agent:
      - AZURECLI/2.25.0 azsdk-python-azure-mgmt-compute/21.0.0 Python/3.8.10 (Windows-10-10.0.19042-SP0)
    method: GET
    uri: https://management.azure.com/subscriptions/00000000-0000-0000-0000-000000000000/resourceGroups/cli_test_serialconsole000001/providers/Microsoft.Compute/virtualMachineScaleSets/cli000003?api-version=2021-03-01
  response:
    body:
      string: "{\r\n  \"name\": \"cli000003\",\r\n  \"id\": \"/subscriptions/00000000-0000-0000-0000-000000000000/resourceGroups/cli_test_serialconsole000001/providers/Microsoft.Compute/virtualMachineScaleSets/cli000003\",\r\n
        \ \"type\": \"Microsoft.Compute/virtualMachineScaleSets\",\r\n  \"location\":
        \"westus2\",\r\n  \"tags\": {\r\n    \"azsecpack\": \"nonprod\",\r\n    \"platformsettings.host_environment.service.platform_optedin_for_rootcerts\":
        \"true\"\r\n  },\r\n  \"sku\": {\r\n    \"name\": \"Standard_DS1_v2\",\r\n
        \   \"tier\": \"Standard\",\r\n    \"capacity\": 2\r\n  },\r\n  \"properties\":
        {\r\n    \"singlePlacementGroup\": true,\r\n    \"upgradePolicy\": {\r\n      \"mode\":
        \"Manual\",\r\n      \"rollingUpgradePolicy\": {\r\n        \"maxBatchInstancePercent\":
        20,\r\n        \"maxUnhealthyInstancePercent\": 20,\r\n        \"maxUnhealthyUpgradedInstancePercent\":
        20,\r\n        \"pauseTimeBetweenBatches\": \"PT0S\"\r\n      }\r\n    },\r\n
        \   \"virtualMachineProfile\": {\r\n      \"osProfile\": {\r\n        \"computerNamePrefix\":
        \"clis5f58e\",\r\n        \"adminUsername\": \"useraabedon\",\r\n        \"linuxConfiguration\":
        {\r\n          \"disablePasswordAuthentication\": true,\r\n          \"ssh\":
        {\r\n            \"publicKeys\": [\r\n              {\r\n                \"path\":
        \"/home/useraabedon/.ssh/authorized_keys\",\r\n                \"keyData\":
        \"ssh-rsa AAAAB3NzaC1yc2EAAAADAQABAAABAQC0Gw3f0EtRO65EEYmPvlLEDipvXLlMW75hZpyuR5jAYFWTx1rHcLaUL9GtG+KQWtXBjVBTJzo3Srr4inbf1Mf21Vpy3JLfiwkN09PQlMIQXj1xgKwK6x5IXRr1+2i9VhcXQ05hsld5YPTqUW7wUIcdikQfwmHGtmZ92WiLdvAqODi9ceEcuJrABb14gquHnmbc9zVS3LhWGT+x8pvyw7co8IjmGfPuto+XbP+dOJUwNQ9nrdhhAkzHtAM5cfI5s974rREACnMszdOvszDPnL5YF6gnwHa4H1EGPfbdoV1nuSZbi9exSDP1qy3yUyJo5gI7VITgCHFyDWUAcOIlRBY3\"\r\n
        \             }\r\n            ]\r\n          },\r\n          \"provisionVMAgent\":
        true\r\n        },\r\n        \"secrets\": [],\r\n        \"allowExtensionOperations\":
        true,\r\n        \"requireGuestProvisionSignal\": true\r\n      },\r\n      \"storageProfile\":
        {\r\n        \"osDisk\": {\r\n          \"osType\": \"Linux\",\r\n          \"createOption\":
        \"FromImage\",\r\n          \"caching\": \"ReadWrite\",\r\n          \"managedDisk\":
        {\r\n            \"storageAccountType\": \"Premium_LRS\"\r\n          },\r\n
        \         \"diskSizeGB\": 30\r\n        },\r\n        \"imageReference\":
        {\r\n          \"publisher\": \"Canonical\",\r\n          \"offer\": \"UbuntuServer\",\r\n
        \         \"sku\": \"18.04-LTS\",\r\n          \"version\": \"latest\"\r\n
        \       }\r\n      },\r\n      \"networkProfile\": {\"networkInterfaceConfigurations\":[{\"name\":\"clis5f58eNic\",\"properties\":{\"primary\":true,\"enableAcceleratedNetworking\":false,\"dnsSettings\":{\"dnsServers\":[]},\"enableIPForwarding\":false,\"ipConfigurations\":[{\"name\":\"clis5f58eIPConfig\",\"properties\":{\"subnet\":{\"id\":\"/subscriptions/00000000-0000-0000-0000-000000000000/resourceGroups/cli_test_serialconsole000001/providers/Microsoft.Network/virtualNetworks/cli000003VNET/subnets/cli000003Subnet\"},\"privateIPAddressVersion\":\"IPv4\",\"loadBalancerBackendAddressPools\":[{\"id\":\"/subscriptions/00000000-0000-0000-0000-000000000000/resourceGroups/cli_test_serialconsole000001/providers/Microsoft.Network/loadBalancers/cli000003LB/backendAddressPools/cli000003LBBEPool\"}],\"loadBalancerInboundNatPools\":[{\"id\":\"/subscriptions/00000000-0000-0000-0000-000000000000/resourceGroups/cli_test_serialconsole000001/providers/Microsoft.Network/loadBalancers/cli000003LB/inboundNatPools/cli000003LBNatPool\"}]}}]}}]},\r\n
        \     \"diagnosticsProfile\": {\r\n        \"bootDiagnostics\": {\r\n          \"enabled\":
        true,\r\n          \"storageUri\": \"https://cli000002.blob.core.windows.net/\"\r\n
        \       }\r\n      },\r\n      \"extensionProfile\": {\r\n        \"extensions\":
        [\r\n          {\r\n            \"name\": \"Microsoft.Azure.Monitor.AzureMonitorLinuxAgent\",\r\n
        \           \"properties\": {\r\n              \"autoUpgradeMinorVersion\":
        true,\r\n              \"publisher\": \"Microsoft.Azure.Monitor\",\r\n              \"type\":
        \"AzureMonitorLinuxAgent\",\r\n              \"typeHandlerVersion\": \"1.0\",\r\n
        \             \"settings\": {\"GCS_AUTO_CONFIG\":true}\r\n            }\r\n
        \         },\r\n          {\r\n            \"name\": \"Microsoft.Azure.Security.Monitoring.AzureSecurityLinuxAgent\",\r\n
        \           \"properties\": {\r\n              \"autoUpgradeMinorVersion\":
        true,\r\n              \"publisher\": \"Microsoft.Azure.Security.Monitoring\",\r\n
        \             \"type\": \"AzureSecurityLinuxAgent\",\r\n              \"typeHandlerVersion\":
        \"2.0\",\r\n              \"settings\": {\"enableGenevaUpload\":true}\r\n
        \           }\r\n          }\r\n        ]\r\n      }\r\n    },\r\n    \"provisioningState\":
        \"Succeeded\",\r\n    \"overprovision\": true,\r\n    \"doNotRunExtensionsOnOverprovisionedVMs\":
        false,\r\n    \"uniqueId\": \"54884a39-27a7-4062-ac1b-75c323d3f248\"\r\n  }\r\n}"
    headers:
      cache-control:
      - no-cache
      content-length:
      - '4831'
      content-type:
      - application/json; charset=utf-8
      date:
      - Mon, 21 Jun 2021 18:33:51 GMT
      expires:
      - '-1'
      pragma:
      - no-cache
      server:
      - Microsoft-HTTPAPI/2.0
      - Microsoft-HTTPAPI/2.0
      strict-transport-security:
      - max-age=31536000; includeSubDomains
      transfer-encoding:
      - chunked
      vary:
      - Accept-Encoding
      x-content-type-options:
      - nosniff
      x-ms-ratelimit-remaining-resource:
      - Microsoft.Compute/GetVMScaleSet3Min;193,Microsoft.Compute/GetVMScaleSet30Min;1275
    status:
      code: 200
      message: OK
- request:
    body: null
    headers:
      Accept:
      - application/json
      Accept-Encoding:
      - gzip, deflate
      CommandName:
      - vmss update
      Connection:
      - keep-alive
      ParameterSetName:
      - --name --resource-group --set
      User-Agent:
      - AZURECLI/2.25.0 azsdk-python-azure-mgmt-compute/21.0.0 Python/3.8.10 (Windows-10-10.0.19042-SP0)
    method: GET
    uri: https://management.azure.com/subscriptions/00000000-0000-0000-0000-000000000000/resourceGroups/cli_test_serialconsole000001/providers/Microsoft.Compute/virtualMachineScaleSets/cli000003/virtualmachines/2/instanceView?api-version=2021-03-01
  response:
    body:
      string: "{\r\n  \"placementGroupId\": \"0670ebf3-ba2d-41be-b0db-8586b1ba54a2\",\r\n
        \ \"platformUpdateDomain\": 0,\r\n  \"platformFaultDomain\": 0,\r\n  \"computerName\":
        \"clis5f58e000002\",\r\n  \"osName\": \"ubuntu\",\r\n  \"osVersion\": \"18.04\",\r\n
        \ \"vmAgent\": {\r\n    \"vmAgentVersion\": \"2.3.0.2\",\r\n    \"statuses\":
        [\r\n      {\r\n        \"code\": \"ProvisioningState/succeeded\",\r\n        \"level\":
        \"Info\",\r\n        \"displayStatus\": \"Ready\",\r\n        \"message\":
        \"Guest Agent is running\",\r\n        \"time\": \"2021-06-21T18:33:18+00:00\"\r\n
        \     }\r\n    ],\r\n    \"extensionHandlers\": [\r\n      {\r\n        \"type\":
        \"Microsoft.Azure.Monitor.AzureMonitorLinuxAgent\",\r\n        \"typeHandlerVersion\":
        \"1.10.1\",\r\n        \"status\": {\r\n          \"code\": \"ProvisioningState/succeeded\",\r\n
        \         \"level\": \"Info\",\r\n          \"displayStatus\": \"Ready\",\r\n
        \         \"message\": \"Plugin enabled\"\r\n        }\r\n      },\r\n      {\r\n
        \       \"type\": \"Microsoft.Azure.Security.Monitoring.AzureSecurityLinuxAgent\",\r\n
        \       \"typeHandlerVersion\": \"2.15.112\",\r\n        \"status\": {\r\n
        \         \"code\": \"ProvisioningState/succeeded\",\r\n          \"level\":
        \"Info\",\r\n          \"displayStatus\": \"Ready\",\r\n          \"message\":
        \"Plugin enabled\"\r\n        }\r\n      }\r\n    ]\r\n  },\r\n  \"disks\":
        [\r\n    {\r\n      \"name\": \"clis56nwtmk6unmhlatkclis56nwtmk6unmhlatk6OS__1_839aa9915ccb4e0ba9eb1eeb277e9b9f\",\r\n
        \     \"statuses\": [\r\n        {\r\n          \"code\": \"ProvisioningState/succeeded\",\r\n
        \         \"level\": \"Info\",\r\n          \"displayStatus\": \"Provisioning
        succeeded\",\r\n          \"time\": \"2021-06-21T18:32:41.3374006+00:00\"\r\n
        \       }\r\n      ]\r\n    }\r\n  ],\r\n  \"extensions\": [\r\n    {\r\n
        \     \"name\": \"Microsoft.Azure.Monitor.AzureMonitorLinuxAgent\",\r\n      \"type\":
        \"Microsoft.Azure.Monitor.AzureMonitorLinuxAgent\",\r\n      \"typeHandlerVersion\":
        \"1.10.1\",\r\n      \"statuses\": [\r\n        {\r\n          \"code\": \"ProvisioningState/succeeded\",\r\n
        \         \"level\": \"Info\",\r\n          \"displayStatus\": \"Provisioning
        succeeded\",\r\n          \"message\": \"Enable succeeded\"\r\n        }\r\n
        \     ]\r\n    },\r\n    {\r\n      \"name\": \"Microsoft.Azure.Security.Monitoring.AzureSecurityLinuxAgent\",\r\n
        \     \"type\": \"Microsoft.Azure.Security.Monitoring.AzureSecurityLinuxAgent\",\r\n
        \     \"typeHandlerVersion\": \"2.15.112\",\r\n      \"statuses\": [\r\n        {\r\n
        \         \"code\": \"ProvisioningState/succeeded\",\r\n          \"level\":
        \"Info\",\r\n          \"displayStatus\": \"Provisioning succeeded\",\r\n
        \         \"message\": \"Enable ASM succeeded\"\r\n        }\r\n      ]\r\n
        \   }\r\n  ],\r\n  \"hyperVGeneration\": \"V1\",\r\n  \"statuses\": [\r\n
        \   {\r\n      \"code\": \"ProvisioningState/succeeded\",\r\n      \"level\":
        \"Info\",\r\n      \"displayStatus\": \"Provisioning succeeded\",\r\n      \"time\":
        \"2021-06-21T18:33:28.5407719+00:00\"\r\n    },\r\n    {\r\n      \"code\":
        \"PowerState/running\",\r\n      \"level\": \"Info\",\r\n      \"displayStatus\":
        \"VM running\"\r\n    }\r\n  ]\r\n}"
    headers:
      cache-control:
      - no-cache
      content-length:
      - '2782'
      content-type:
      - application/json; charset=utf-8
      date:
      - Mon, 21 Jun 2021 18:33:51 GMT
      expires:
      - '-1'
      pragma:
      - no-cache
      server:
      - Microsoft-HTTPAPI/2.0
      - Microsoft-HTTPAPI/2.0
      strict-transport-security:
      - max-age=31536000; includeSubDomains
      transfer-encoding:
      - chunked
      vary:
      - Accept-Encoding
      x-content-type-options:
      - nosniff
      x-ms-ratelimit-remaining-resource:
      - Microsoft.Compute/GetVMScaleSetVM3Min;497,Microsoft.Compute/GetVMScaleSetVM30Min;2492,Microsoft.Compute/VMScaleSetVMViews3Min;4986
      x-ms-request-charge:
      - '1'
    status:
      code: 200
      message: OK
- request:
    body: '{"instanceIds": ["2"]}'
    headers:
      Accept:
      - '*/*'
      Accept-Encoding:
      - gzip, deflate
      CommandName:
      - vmss update-instances
      Connection:
      - keep-alive
      Content-Length:
      - '22'
      Content-Type:
      - application/json
      ParameterSetName:
      - -g -n --instance-ids
      User-Agent:
      - AZURECLI/2.25.0 azsdk-python-azure-mgmt-compute/21.0.0 Python/3.8.10 (Windows-10-10.0.19042-SP0)
    method: POST
    uri: https://management.azure.com/subscriptions/00000000-0000-0000-0000-000000000000/resourceGroups/cli_test_serialconsole000001/providers/Microsoft.Compute/virtualMachineScaleSets/cli000003/manualupgrade?api-version=2021-03-01
  response:
    body:
      string: ''
    headers:
      azure-asyncoperation:
      - https://management.azure.com/subscriptions/00000000-0000-0000-0000-000000000000/providers/Microsoft.Compute/locations/westus2/operations/92c219b7-30c7-44da-a988-2847bfbb3153?api-version=2021-03-01
      cache-control:
      - no-cache
      content-length:
      - '0'
      date:
      - Mon, 21 Jun 2021 18:33:52 GMT
      expires:
      - '-1'
      location:
      - https://management.azure.com/subscriptions/00000000-0000-0000-0000-000000000000/providers/Microsoft.Compute/locations/westus2/operations/92c219b7-30c7-44da-a988-2847bfbb3153?monitor=true&api-version=2021-03-01
      pragma:
      - no-cache
      server:
      - Microsoft-HTTPAPI/2.0
      - Microsoft-HTTPAPI/2.0
      strict-transport-security:
      - max-age=31536000; includeSubDomains
      x-content-type-options:
      - nosniff
      x-ms-ratelimit-remaining-resource:
      - Microsoft.Compute/VMScaleSetActions3Min;238,Microsoft.Compute/VMScaleSetActions30Min;1196,Microsoft.Compute/VMScaleSetBatchedVMRequests5Min;1197,Microsoft.Compute/VmssQueuedVMOperations;0
      x-ms-ratelimit-remaining-subscription-writes:
      - '1199'
      x-ms-request-charge:
      - '1'
    status:
      code: 202
      message: Accepted
- request:
    body: null
    headers:
      Accept:
      - '*/*'
      Accept-Encoding:
      - gzip, deflate
      CommandName:
      - vmss update-instances
      Connection:
      - keep-alive
      ParameterSetName:
      - -g -n --instance-ids
      User-Agent:
      - AZURECLI/2.25.0 azsdk-python-azure-mgmt-compute/21.0.0 Python/3.8.10 (Windows-10-10.0.19042-SP0)
    method: GET
    uri: https://management.azure.com/subscriptions/00000000-0000-0000-0000-000000000000/providers/Microsoft.Compute/locations/westus2/operations/92c219b7-30c7-44da-a988-2847bfbb3153?api-version=2021-03-01
  response:
    body:
      string: "{\r\n  \"startTime\": \"2021-06-21T18:33:52.2597013+00:00\",\r\n  \"endTime\":
        \"2021-06-21T18:33:58.1190921+00:00\",\r\n  \"status\": \"Succeeded\",\r\n
        \ \"name\": \"92c219b7-30c7-44da-a988-2847bfbb3153\"\r\n}"
    headers:
      cache-control:
      - no-cache
      content-length:
      - '184'
      content-type:
      - application/json; charset=utf-8
      date:
      - Mon, 21 Jun 2021 18:34:22 GMT
      expires:
      - '-1'
      pragma:
      - no-cache
      server:
      - Microsoft-HTTPAPI/2.0
      - Microsoft-HTTPAPI/2.0
      strict-transport-security:
      - max-age=31536000; includeSubDomains
      transfer-encoding:
      - chunked
      vary:
      - Accept-Encoding
      x-content-type-options:
      - nosniff
      x-ms-ratelimit-remaining-resource:
      - Microsoft.Compute/GetOperation3Min;14974,Microsoft.Compute/GetOperation30Min;29846
    status:
      code: 200
      message: OK
- request:
    body: null
    headers:
      Accept:
      - '*/*'
      Accept-Encoding:
      - gzip, deflate
      CommandName:
      - vmss update-instances
      Connection:
      - keep-alive
      ParameterSetName:
      - -g -n --instance-ids
      User-Agent:
      - AZURECLI/2.25.0 azsdk-python-azure-mgmt-compute/21.0.0 Python/3.8.10 (Windows-10-10.0.19042-SP0)
    method: GET
    uri: https://management.azure.com/subscriptions/00000000-0000-0000-0000-000000000000/providers/Microsoft.Compute/locations/westus2/operations/92c219b7-30c7-44da-a988-2847bfbb3153?monitor=true&api-version=2021-03-01
  response:
    body:
      string: ''
    headers:
      cache-control:
      - no-cache
      content-length:
      - '0'
      date:
      - Mon, 21 Jun 2021 18:34:22 GMT
      expires:
      - '-1'
      pragma:
      - no-cache
      server:
      - Microsoft-HTTPAPI/2.0
      - Microsoft-HTTPAPI/2.0
      strict-transport-security:
      - max-age=31536000; includeSubDomains
      x-content-type-options:
      - nosniff
      x-ms-ratelimit-remaining-resource:
      - Microsoft.Compute/GetOperation3Min;14973,Microsoft.Compute/GetOperation30Min;29845
    status:
      code: 200
      message: OK
- request:
    body: null
    headers:
      Accept:
      - application/json
      Accept-Encoding:
      - gzip, deflate
      CommandName:
      - vmss update-instances
      Connection:
      - keep-alive
      ParameterSetName:
      - -g -n --instance-ids
      User-Agent:
      - AZURECLI/2.25.0 azsdk-python-azure-mgmt-compute/21.0.0 Python/3.8.10 (Windows-10-10.0.19042-SP0)
    method: GET
    uri: https://management.azure.com/subscriptions/00000000-0000-0000-0000-000000000000/resourceGroups/cli_test_serialconsole000001/providers/Microsoft.Compute/virtualMachineScaleSets/cli000003/virtualmachines/2/instanceView?api-version=2021-03-01
  response:
    body:
      string: "{\r\n  \"placementGroupId\": \"0670ebf3-ba2d-41be-b0db-8586b1ba54a2\",\r\n
        \ \"platformUpdateDomain\": 0,\r\n  \"platformFaultDomain\": 0,\r\n  \"computerName\":
        \"clis5f58e000002\",\r\n  \"osName\": \"ubuntu\",\r\n  \"osVersion\": \"18.04\",\r\n
        \ \"vmAgent\": {\r\n    \"vmAgentVersion\": \"2.3.0.2\",\r\n    \"statuses\":
        [\r\n      {\r\n        \"code\": \"ProvisioningState/succeeded\",\r\n        \"level\":
        \"Info\",\r\n        \"displayStatus\": \"Ready\",\r\n        \"message\":
        \"Guest Agent is running\",\r\n        \"time\": \"2021-06-21T18:34:05+00:00\"\r\n
        \     }\r\n    ],\r\n    \"extensionHandlers\": [\r\n      {\r\n        \"type\":
        \"Microsoft.Azure.Monitor.AzureMonitorLinuxAgent\",\r\n        \"typeHandlerVersion\":
        \"1.10.1\",\r\n        \"status\": {\r\n          \"code\": \"ProvisioningState/succeeded\",\r\n
        \         \"level\": \"Info\",\r\n          \"displayStatus\": \"Ready\",\r\n
        \         \"message\": \"Plugin enabled\"\r\n        }\r\n      },\r\n      {\r\n
        \       \"type\": \"Microsoft.Azure.Security.Monitoring.AzureSecurityLinuxAgent\",\r\n
        \       \"typeHandlerVersion\": \"2.15.112\",\r\n        \"status\": {\r\n
        \         \"code\": \"ProvisioningState/succeeded\",\r\n          \"level\":
        \"Info\",\r\n          \"displayStatus\": \"Ready\",\r\n          \"message\":
        \"Plugin enabled\"\r\n        }\r\n      }\r\n    ]\r\n  },\r\n  \"disks\":
        [\r\n    {\r\n      \"name\": \"clis56nwtmk6unmhlatkclis56nwtmk6unmhlatk6OS__1_839aa9915ccb4e0ba9eb1eeb277e9b9f\",\r\n
        \     \"statuses\": [\r\n        {\r\n          \"code\": \"ProvisioningState/succeeded\",\r\n
        \         \"level\": \"Info\",\r\n          \"displayStatus\": \"Provisioning
        succeeded\",\r\n          \"time\": \"2021-06-21T18:32:41.3374006+00:00\"\r\n
        \       }\r\n      ]\r\n    }\r\n  ],\r\n  \"bootDiagnostics\": {\r\n    \"consoleScreenshotBlobUri\":
        \"https://cli000002.blob.core.windows.net/bootdiagnostics-clis56nwt-c7dcd1f7-0150-4190-8ed6-ff8f18a85518/cli000003_2.c7dcd1f7-0150-4190-8ed6-ff8f18a85518.screenshot.bmp\",\r\n
        \   \"serialConsoleLogBlobUri\": \"https://cli000002.blob.core.windows.net/bootdiagnostics-clis56nwt-c7dcd1f7-0150-4190-8ed6-ff8f18a85518/cli000003_2.c7dcd1f7-0150-4190-8ed6-ff8f18a85518.serialconsole.log\"\r\n
        \ },\r\n  \"extensions\": [\r\n    {\r\n      \"name\": \"Microsoft.Azure.Monitor.AzureMonitorLinuxAgent\",\r\n
        \     \"type\": \"Microsoft.Azure.Monitor.AzureMonitorLinuxAgent\",\r\n      \"typeHandlerVersion\":
        \"1.10.1\",\r\n      \"statuses\": [\r\n        {\r\n          \"code\": \"ProvisioningState/succeeded\",\r\n
        \         \"level\": \"Info\",\r\n          \"displayStatus\": \"Provisioning
        succeeded\",\r\n          \"message\": \"Enable succeeded\"\r\n        }\r\n
        \     ]\r\n    },\r\n    {\r\n      \"name\": \"Microsoft.Azure.Security.Monitoring.AzureSecurityLinuxAgent\",\r\n
        \     \"type\": \"Microsoft.Azure.Security.Monitoring.AzureSecurityLinuxAgent\",\r\n
        \     \"typeHandlerVersion\": \"2.15.112\",\r\n      \"statuses\": [\r\n        {\r\n
        \         \"code\": \"ProvisioningState/succeeded\",\r\n          \"level\":
        \"Info\",\r\n          \"displayStatus\": \"Provisioning succeeded\",\r\n
        \         \"message\": \"Enable ASM succeeded\"\r\n        }\r\n      ]\r\n
        \   }\r\n  ],\r\n  \"hyperVGeneration\": \"V1\",\r\n  \"statuses\": [\r\n
        \   {\r\n      \"code\": \"ProvisioningState/succeeded\",\r\n      \"level\":
        \"Info\",\r\n      \"displayStatus\": \"Provisioning succeeded\",\r\n      \"time\":
        \"2021-06-21T18:33:58.1034857+00:00\"\r\n    },\r\n    {\r\n      \"code\":
        \"PowerState/running\",\r\n      \"level\": \"Info\",\r\n      \"displayStatus\":
        \"VM running\"\r\n    }\r\n  ]\r\n}"
    headers:
      cache-control:
      - no-cache
      content-length:
      - '3279'
      content-type:
      - application/json; charset=utf-8
      date:
      - Mon, 21 Jun 2021 18:34:22 GMT
      expires:
      - '-1'
      pragma:
      - no-cache
      server:
      - Microsoft-HTTPAPI/2.0
      - Microsoft-HTTPAPI/2.0
      strict-transport-security:
      - max-age=31536000; includeSubDomains
      transfer-encoding:
      - chunked
      vary:
      - Accept-Encoding
      x-content-type-options:
      - nosniff
      x-ms-ratelimit-remaining-resource:
      - Microsoft.Compute/GetVMScaleSetVM3Min;497,Microsoft.Compute/GetVMScaleSetVM30Min;2491,Microsoft.Compute/VMScaleSetVMViews3Min;4990
      x-ms-request-charge:
      - '1'
    status:
      code: 200
      message: OK
- request:
    body: null
    headers:
      Accept:
      - '*/*'
      Accept-Encoding:
      - gzip, deflate
      CommandName:
      - vmss deallocate
      Connection:
      - keep-alive
      Content-Length:
      - '0'
      ParameterSetName:
      - -g -n --instance-ids
      User-Agent:
      - AZURECLI/2.25.0 azsdk-python-azure-mgmt-compute/21.0.0 Python/3.8.10 (Windows-10-10.0.19042-SP0)
    method: POST
    uri: https://management.azure.com/subscriptions/00000000-0000-0000-0000-000000000000/resourceGroups/cli_test_serialconsole000001/providers/Microsoft.Compute/virtualMachineScaleSets/cli000003/virtualmachines/2/deallocate?api-version=2021-03-01
  response:
    body:
      string: ''
    headers:
      azure-asyncoperation:
      - https://management.azure.com/subscriptions/00000000-0000-0000-0000-000000000000/providers/Microsoft.Compute/locations/westus2/operations/f0a108f3-ca0b-45ca-b0d5-872257ba55f0?api-version=2021-03-01
      cache-control:
      - no-cache
      content-length:
      - '0'
      date:
      - Mon, 21 Jun 2021 18:34:23 GMT
      expires:
      - '-1'
      location:
      - https://management.azure.com/subscriptions/00000000-0000-0000-0000-000000000000/providers/Microsoft.Compute/locations/westus2/operations/f0a108f3-ca0b-45ca-b0d5-872257ba55f0?monitor=true&api-version=2021-03-01
      pragma:
      - no-cache
      server:
      - Microsoft-HTTPAPI/2.0
      - Microsoft-HTTPAPI/2.0
      strict-transport-security:
      - max-age=31536000; includeSubDomains
      x-content-type-options:
      - nosniff
      x-ms-ratelimit-remaining-resource:
      - Microsoft.Compute/DeleteVMScaleSetVM3Min;239,Microsoft.Compute/DeleteVMScaleSetVM30Min;1197,Microsoft.Compute/VMScaleSetBatchedVMRequests5Min;1196,Microsoft.Compute/VmssQueuedVMOperations;0
      x-ms-ratelimit-remaining-subscription-writes:
      - '1199'
      x-ms-request-charge:
      - '1'
    status:
      code: 202
      message: Accepted
- request:
    body: null
    headers:
      Accept:
      - '*/*'
      Accept-Encoding:
      - gzip, deflate
      CommandName:
      - vmss deallocate
      Connection:
      - keep-alive
      ParameterSetName:
      - -g -n --instance-ids
      User-Agent:
      - AZURECLI/2.25.0 azsdk-python-azure-mgmt-compute/21.0.0 Python/3.8.10 (Windows-10-10.0.19042-SP0)
    method: GET
    uri: https://management.azure.com/subscriptions/00000000-0000-0000-0000-000000000000/providers/Microsoft.Compute/locations/westus2/operations/f0a108f3-ca0b-45ca-b0d5-872257ba55f0?api-version=2021-03-01
  response:
    body:
      string: "{\r\n  \"startTime\": \"2021-06-21T18:34:23.3067356+00:00\",\r\n  \"status\":
        \"InProgress\",\r\n  \"name\": \"f0a108f3-ca0b-45ca-b0d5-872257ba55f0\"\r\n}"
    headers:
      cache-control:
      - no-cache
      content-length:
      - '134'
      content-type:
      - application/json; charset=utf-8
      date:
      - Mon, 21 Jun 2021 18:34:52 GMT
      expires:
      - '-1'
      pragma:
      - no-cache
      server:
      - Microsoft-HTTPAPI/2.0
      - Microsoft-HTTPAPI/2.0
      strict-transport-security:
      - max-age=31536000; includeSubDomains
      transfer-encoding:
      - chunked
      vary:
      - Accept-Encoding
      x-content-type-options:
      - nosniff
      x-ms-ratelimit-remaining-resource:
      - Microsoft.Compute/GetOperation3Min;14977,Microsoft.Compute/GetOperation30Min;29843
    status:
      code: 200
      message: OK
- request:
    body: null
    headers:
      Accept:
      - '*/*'
      Accept-Encoding:
      - gzip, deflate
      CommandName:
      - vmss deallocate
      Connection:
      - keep-alive
      ParameterSetName:
      - -g -n --instance-ids
      User-Agent:
      - AZURECLI/2.25.0 azsdk-python-azure-mgmt-compute/21.0.0 Python/3.8.10 (Windows-10-10.0.19042-SP0)
    method: GET
    uri: https://management.azure.com/subscriptions/00000000-0000-0000-0000-000000000000/providers/Microsoft.Compute/locations/westus2/operations/f0a108f3-ca0b-45ca-b0d5-872257ba55f0?api-version=2021-03-01
  response:
    body:
      string: "{\r\n  \"startTime\": \"2021-06-21T18:34:23.3067356+00:00\",\r\n  \"endTime\":
        \"2021-06-21T18:35:17.4789562+00:00\",\r\n  \"status\": \"Succeeded\",\r\n
        \ \"name\": \"f0a108f3-ca0b-45ca-b0d5-872257ba55f0\"\r\n}"
    headers:
      cache-control:
      - no-cache
      content-length:
      - '184'
      content-type:
      - application/json; charset=utf-8
      date:
      - Mon, 21 Jun 2021 18:35:22 GMT
      expires:
      - '-1'
      pragma:
      - no-cache
      server:
      - Microsoft-HTTPAPI/2.0
      - Microsoft-HTTPAPI/2.0
      strict-transport-security:
      - max-age=31536000; includeSubDomains
      transfer-encoding:
      - chunked
      vary:
      - Accept-Encoding
      x-content-type-options:
      - nosniff
      x-ms-ratelimit-remaining-resource:
      - Microsoft.Compute/GetOperation3Min;14980,Microsoft.Compute/GetOperation30Min;29840
    status:
      code: 200
      message: OK
- request:
    body: null
    headers:
      Accept:
      - '*/*'
      Accept-Encoding:
      - gzip, deflate
      CommandName:
      - vmss deallocate
      Connection:
      - keep-alive
      ParameterSetName:
      - -g -n --instance-ids
      User-Agent:
      - AZURECLI/2.25.0 azsdk-python-azure-mgmt-compute/21.0.0 Python/3.8.10 (Windows-10-10.0.19042-SP0)
    method: GET
    uri: https://management.azure.com/subscriptions/00000000-0000-0000-0000-000000000000/providers/Microsoft.Compute/locations/westus2/operations/f0a108f3-ca0b-45ca-b0d5-872257ba55f0?monitor=true&api-version=2021-03-01
  response:
    body:
      string: ''
    headers:
      cache-control:
      - no-cache
      content-length:
      - '0'
      date:
      - Mon, 21 Jun 2021 18:35:22 GMT
      expires:
      - '-1'
      pragma:
      - no-cache
      server:
      - Microsoft-HTTPAPI/2.0
      - Microsoft-HTTPAPI/2.0
      strict-transport-security:
      - max-age=31536000; includeSubDomains
      x-content-type-options:
      - nosniff
      x-ms-ratelimit-remaining-resource:
      - Microsoft.Compute/GetOperation3Min;14979,Microsoft.Compute/GetOperation30Min;29839
    status:
      code: 200
      message: OK
- request:
    body: null
    headers:
      Accept:
      - application/json
      Accept-Encoding:
      - gzip, deflate
      CommandName:
      - vmss deallocate
      Connection:
      - keep-alive
      ParameterSetName:
      - -g -n --instance-ids
      User-Agent:
      - AZURECLI/2.25.0 azsdk-python-azure-mgmt-compute/21.0.0 Python/3.8.10 (Windows-10-10.0.19042-SP0)
    method: GET
    uri: https://management.azure.com/subscriptions/00000000-0000-0000-0000-000000000000/resourceGroups/cli_test_serialconsole000001/providers/Microsoft.Compute/virtualMachineScaleSets/cli000003/virtualmachines/2/instanceView?api-version=2021-03-01
  response:
    body:
      string: "{\r\n  \"placementGroupId\": \"0670ebf3-ba2d-41be-b0db-8586b1ba54a2\",\r\n
        \ \"platformUpdateDomain\": 0,\r\n  \"platformFaultDomain\": 0,\r\n  \"disks\":
        [\r\n    {\r\n      \"name\": \"clis56nwtmk6unmhlatkclis56nwtmk6unmhlatk6OS__1_839aa9915ccb4e0ba9eb1eeb277e9b9f\",\r\n
        \     \"statuses\": [\r\n        {\r\n          \"code\": \"ProvisioningState/succeeded\",\r\n
        \         \"level\": \"Info\",\r\n          \"displayStatus\": \"Provisioning
        succeeded\",\r\n          \"time\": \"2021-06-21T18:35:16.4477078+00:00\"\r\n
        \       }\r\n      ]\r\n    }\r\n  ],\r\n  \"bootDiagnostics\": {\r\n    \"consoleScreenshotBlobUri\":
        \"https://cli000002.blob.core.windows.net/bootdiagnostics-clis56nwt-c7dcd1f7-0150-4190-8ed6-ff8f18a85518/cli000003_2.c7dcd1f7-0150-4190-8ed6-ff8f18a85518.screenshot.bmp\",\r\n
        \   \"serialConsoleLogBlobUri\": \"https://cli000002.blob.core.windows.net/bootdiagnostics-clis56nwt-c7dcd1f7-0150-4190-8ed6-ff8f18a85518/cli000003_2.c7dcd1f7-0150-4190-8ed6-ff8f18a85518.serialconsole.log\"\r\n
        \ },\r\n  \"hyperVGeneration\": \"V1\",\r\n  \"statuses\": [\r\n    {\r\n
        \     \"code\": \"ProvisioningState/succeeded\",\r\n      \"level\": \"Info\",\r\n
        \     \"displayStatus\": \"Provisioning succeeded\",\r\n      \"time\": \"2021-06-21T18:35:16.4633488+00:00\"\r\n
        \   },\r\n    {\r\n      \"code\": \"PowerState/deallocated\",\r\n      \"level\":
        \"Info\",\r\n      \"displayStatus\": \"VM deallocated\"\r\n    }\r\n  ]\r\n}"
    headers:
      cache-control:
      - no-cache
      content-length:
      - '1351'
      content-type:
      - application/json; charset=utf-8
      date:
      - Mon, 21 Jun 2021 18:35:23 GMT
      expires:
      - '-1'
      pragma:
      - no-cache
      server:
      - Microsoft-HTTPAPI/2.0
      - Microsoft-HTTPAPI/2.0
      strict-transport-security:
      - max-age=31536000; includeSubDomains
      transfer-encoding:
      - chunked
      vary:
      - Accept-Encoding
      x-content-type-options:
      - nosniff
      x-ms-ratelimit-remaining-resource:
      - Microsoft.Compute/GetVMScaleSetVM3Min;496,Microsoft.Compute/GetVMScaleSetVM30Min;2490,Microsoft.Compute/VMScaleSetVMViews3Min;4990
      x-ms-request-charge:
      - '1'
    status:
      code: 200
      message: OK
- request:
    body: '{"instanceIds": ["2"]}'
    headers:
      Accept:
      - '*/*'
      Accept-Encoding:
      - gzip, deflate
      CommandName:
      - vmss start
      Connection:
      - keep-alive
      Content-Length:
      - '22'
      Content-Type:
      - application/json
      ParameterSetName:
      - -g -n --instance-ids
      User-Agent:
      - AZURECLI/2.25.0 azsdk-python-azure-mgmt-compute/21.0.0 Python/3.8.10 (Windows-10-10.0.19042-SP0)
    method: POST
    uri: https://management.azure.com/subscriptions/00000000-0000-0000-0000-000000000000/resourceGroups/cli_test_serialconsole000001/providers/Microsoft.Compute/virtualMachineScaleSets/cli000003/start?api-version=2021-03-01
  response:
    body:
      string: ''
    headers:
      azure-asyncoperation:
      - https://management.azure.com/subscriptions/00000000-0000-0000-0000-000000000000/providers/Microsoft.Compute/locations/westus2/operations/c81a4b01-0a7b-48b5-938d-0c3cbd40c015?api-version=2021-03-01
      cache-control:
      - no-cache
      content-length:
      - '0'
      date:
      - Mon, 21 Jun 2021 18:35:24 GMT
      expires:
      - '-1'
      location:
      - https://management.azure.com/subscriptions/00000000-0000-0000-0000-000000000000/providers/Microsoft.Compute/locations/westus2/operations/c81a4b01-0a7b-48b5-938d-0c3cbd40c015?monitor=true&api-version=2021-03-01
      pragma:
      - no-cache
      server:
      - Microsoft-HTTPAPI/2.0
      - Microsoft-HTTPAPI/2.0
      strict-transport-security:
      - max-age=31536000; includeSubDomains
      x-content-type-options:
      - nosniff
      x-ms-ratelimit-remaining-resource:
      - Microsoft.Compute/VMScaleSetActions3Min;237,Microsoft.Compute/VMScaleSetActions30Min;1195,Microsoft.Compute/VMScaleSetBatchedVMRequests5Min;1195,Microsoft.Compute/VmssQueuedVMOperations;0
      x-ms-ratelimit-remaining-subscription-writes:
      - '1199'
      x-ms-request-charge:
      - '1'
    status:
      code: 202
      message: Accepted
- request:
    body: null
    headers:
      Accept:
      - '*/*'
      Accept-Encoding:
      - gzip, deflate
      CommandName:
      - vmss start
      Connection:
      - keep-alive
      ParameterSetName:
      - -g -n --instance-ids
      User-Agent:
      - AZURECLI/2.25.0 azsdk-python-azure-mgmt-compute/21.0.0 Python/3.8.10 (Windows-10-10.0.19042-SP0)
    method: GET
    uri: https://management.azure.com/subscriptions/00000000-0000-0000-0000-000000000000/providers/Microsoft.Compute/locations/westus2/operations/c81a4b01-0a7b-48b5-938d-0c3cbd40c015?api-version=2021-03-01
  response:
    body:
      string: "{\r\n  \"startTime\": \"2021-06-21T18:35:24.1665323+00:00\",\r\n  \"status\":
        \"InProgress\",\r\n  \"name\": \"c81a4b01-0a7b-48b5-938d-0c3cbd40c015\"\r\n}"
    headers:
      cache-control:
      - no-cache
      content-length:
      - '134'
      content-type:
      - application/json; charset=utf-8
      date:
      - Mon, 21 Jun 2021 18:35:53 GMT
      expires:
      - '-1'
      pragma:
      - no-cache
      server:
      - Microsoft-HTTPAPI/2.0
      - Microsoft-HTTPAPI/2.0
      strict-transport-security:
      - max-age=31536000; includeSubDomains
      transfer-encoding:
      - chunked
      vary:
      - Accept-Encoding
      x-content-type-options:
      - nosniff
      x-ms-ratelimit-remaining-resource:
      - Microsoft.Compute/GetOperation3Min;14980,Microsoft.Compute/GetOperation30Min;29836
    status:
      code: 200
      message: OK
- request:
    body: null
    headers:
      Accept:
      - '*/*'
      Accept-Encoding:
      - gzip, deflate
      CommandName:
      - vmss start
      Connection:
      - keep-alive
      ParameterSetName:
      - -g -n --instance-ids
      User-Agent:
      - AZURECLI/2.25.0 azsdk-python-azure-mgmt-compute/21.0.0 Python/3.8.10 (Windows-10-10.0.19042-SP0)
    method: GET
    uri: https://management.azure.com/subscriptions/00000000-0000-0000-0000-000000000000/providers/Microsoft.Compute/locations/westus2/operations/c81a4b01-0a7b-48b5-938d-0c3cbd40c015?api-version=2021-03-01
  response:
    body:
      string: "{\r\n  \"startTime\": \"2021-06-21T18:35:24.1665323+00:00\",\r\n  \"endTime\":
        \"2021-06-21T18:36:02.5416762+00:00\",\r\n  \"status\": \"Succeeded\",\r\n
        \ \"name\": \"c81a4b01-0a7b-48b5-938d-0c3cbd40c015\"\r\n}"
    headers:
      cache-control:
      - no-cache
      content-length:
      - '184'
      content-type:
      - application/json; charset=utf-8
      date:
      - Mon, 21 Jun 2021 18:36:24 GMT
      expires:
      - '-1'
      pragma:
      - no-cache
      server:
      - Microsoft-HTTPAPI/2.0
      - Microsoft-HTTPAPI/2.0
      strict-transport-security:
      - max-age=31536000; includeSubDomains
      transfer-encoding:
      - chunked
      vary:
      - Accept-Encoding
      x-content-type-options:
      - nosniff
      x-ms-ratelimit-remaining-resource:
      - Microsoft.Compute/GetOperation3Min;14980,Microsoft.Compute/GetOperation30Min;29833
    status:
      code: 200
      message: OK
- request:
    body: null
    headers:
      Accept:
      - '*/*'
      Accept-Encoding:
      - gzip, deflate
      CommandName:
      - vmss start
      Connection:
      - keep-alive
      ParameterSetName:
      - -g -n --instance-ids
      User-Agent:
      - AZURECLI/2.25.0 azsdk-python-azure-mgmt-compute/21.0.0 Python/3.8.10 (Windows-10-10.0.19042-SP0)
    method: GET
    uri: https://management.azure.com/subscriptions/00000000-0000-0000-0000-000000000000/providers/Microsoft.Compute/locations/westus2/operations/c81a4b01-0a7b-48b5-938d-0c3cbd40c015?monitor=true&api-version=2021-03-01
  response:
    body:
      string: ''
    headers:
      cache-control:
      - no-cache
      content-length:
      - '0'
      date:
      - Mon, 21 Jun 2021 18:36:24 GMT
      expires:
      - '-1'
      pragma:
      - no-cache
      server:
      - Microsoft-HTTPAPI/2.0
      - Microsoft-HTTPAPI/2.0
      strict-transport-security:
      - max-age=31536000; includeSubDomains
      x-content-type-options:
      - nosniff
      x-ms-ratelimit-remaining-resource:
      - Microsoft.Compute/GetOperation3Min;14979,Microsoft.Compute/GetOperation30Min;29832
    status:
      code: 200
      message: OK
- request:
    body: null
    headers:
      Accept:
      - application/json
      Accept-Encoding:
      - gzip, deflate
      CommandName:
      - vmss update
      Connection:
      - keep-alive
      ParameterSetName:
      - --name --resource-group --set
      User-Agent:
      - AZURECLI/2.25.0 azsdk-python-azure-mgmt-compute/21.0.0 Python/3.8.10 (Windows-10-10.0.19042-SP0)
    method: GET
    uri: https://management.azure.com/subscriptions/00000000-0000-0000-0000-000000000000/resourceGroups/cli_test_serialconsole000001/providers/Microsoft.Compute/virtualMachineScaleSets/cli000003?api-version=2021-03-01
  response:
    body:
      string: "{\r\n  \"name\": \"cli000003\",\r\n  \"id\": \"/subscriptions/00000000-0000-0000-0000-000000000000/resourceGroups/cli_test_serialconsole000001/providers/Microsoft.Compute/virtualMachineScaleSets/cli000003\",\r\n
        \ \"type\": \"Microsoft.Compute/virtualMachineScaleSets\",\r\n  \"location\":
        \"westus2\",\r\n  \"tags\": {\r\n    \"azsecpack\": \"nonprod\",\r\n    \"platformsettings.host_environment.service.platform_optedin_for_rootcerts\":
        \"true\"\r\n  },\r\n  \"sku\": {\r\n    \"name\": \"Standard_DS1_v2\",\r\n
        \   \"tier\": \"Standard\",\r\n    \"capacity\": 2\r\n  },\r\n  \"properties\":
        {\r\n    \"singlePlacementGroup\": true,\r\n    \"upgradePolicy\": {\r\n      \"mode\":
        \"Manual\",\r\n      \"rollingUpgradePolicy\": {\r\n        \"maxBatchInstancePercent\":
        20,\r\n        \"maxUnhealthyInstancePercent\": 20,\r\n        \"maxUnhealthyUpgradedInstancePercent\":
        20,\r\n        \"pauseTimeBetweenBatches\": \"PT0S\"\r\n      }\r\n    },\r\n
        \   \"virtualMachineProfile\": {\r\n      \"osProfile\": {\r\n        \"computerNamePrefix\":
        \"clis5f58e\",\r\n        \"adminUsername\": \"useraabedon\",\r\n        \"linuxConfiguration\":
        {\r\n          \"disablePasswordAuthentication\": true,\r\n          \"ssh\":
        {\r\n            \"publicKeys\": [\r\n              {\r\n                \"path\":
        \"/home/useraabedon/.ssh/authorized_keys\",\r\n                \"keyData\":
        \"ssh-rsa AAAAB3NzaC1yc2EAAAADAQABAAABAQC0Gw3f0EtRO65EEYmPvlLEDipvXLlMW75hZpyuR5jAYFWTx1rHcLaUL9GtG+KQWtXBjVBTJzo3Srr4inbf1Mf21Vpy3JLfiwkN09PQlMIQXj1xgKwK6x5IXRr1+2i9VhcXQ05hsld5YPTqUW7wUIcdikQfwmHGtmZ92WiLdvAqODi9ceEcuJrABb14gquHnmbc9zVS3LhWGT+x8pvyw7co8IjmGfPuto+XbP+dOJUwNQ9nrdhhAkzHtAM5cfI5s974rREACnMszdOvszDPnL5YF6gnwHa4H1EGPfbdoV1nuSZbi9exSDP1qy3yUyJo5gI7VITgCHFyDWUAcOIlRBY3\"\r\n
        \             }\r\n            ]\r\n          },\r\n          \"provisionVMAgent\":
        true\r\n        },\r\n        \"secrets\": [],\r\n        \"allowExtensionOperations\":
        true,\r\n        \"requireGuestProvisionSignal\": true\r\n      },\r\n      \"storageProfile\":
        {\r\n        \"osDisk\": {\r\n          \"osType\": \"Linux\",\r\n          \"createOption\":
        \"FromImage\",\r\n          \"caching\": \"ReadWrite\",\r\n          \"managedDisk\":
        {\r\n            \"storageAccountType\": \"Premium_LRS\"\r\n          },\r\n
        \         \"diskSizeGB\": 30\r\n        },\r\n        \"imageReference\":
        {\r\n          \"publisher\": \"Canonical\",\r\n          \"offer\": \"UbuntuServer\",\r\n
        \         \"sku\": \"18.04-LTS\",\r\n          \"version\": \"latest\"\r\n
        \       }\r\n      },\r\n      \"networkProfile\": {\"networkInterfaceConfigurations\":[{\"name\":\"clis5f58eNic\",\"properties\":{\"primary\":true,\"enableAcceleratedNetworking\":false,\"dnsSettings\":{\"dnsServers\":[]},\"enableIPForwarding\":false,\"ipConfigurations\":[{\"name\":\"clis5f58eIPConfig\",\"properties\":{\"subnet\":{\"id\":\"/subscriptions/00000000-0000-0000-0000-000000000000/resourceGroups/cli_test_serialconsole000001/providers/Microsoft.Network/virtualNetworks/cli000003VNET/subnets/cli000003Subnet\"},\"privateIPAddressVersion\":\"IPv4\",\"loadBalancerBackendAddressPools\":[{\"id\":\"/subscriptions/00000000-0000-0000-0000-000000000000/resourceGroups/cli_test_serialconsole000001/providers/Microsoft.Network/loadBalancers/cli000003LB/backendAddressPools/cli000003LBBEPool\"}],\"loadBalancerInboundNatPools\":[{\"id\":\"/subscriptions/00000000-0000-0000-0000-000000000000/resourceGroups/cli_test_serialconsole000001/providers/Microsoft.Network/loadBalancers/cli000003LB/inboundNatPools/cli000003LBNatPool\"}]}}]}}]},\r\n
        \     \"diagnosticsProfile\": {\r\n        \"bootDiagnostics\": {\r\n          \"enabled\":
        true,\r\n          \"storageUri\": \"https://cli000002.blob.core.windows.net/\"\r\n
        \       }\r\n      },\r\n      \"extensionProfile\": {\r\n        \"extensions\":
        [\r\n          {\r\n            \"name\": \"Microsoft.Azure.Monitor.AzureMonitorLinuxAgent\",\r\n
        \           \"properties\": {\r\n              \"autoUpgradeMinorVersion\":
        true,\r\n              \"publisher\": \"Microsoft.Azure.Monitor\",\r\n              \"type\":
        \"AzureMonitorLinuxAgent\",\r\n              \"typeHandlerVersion\": \"1.0\",\r\n
        \             \"settings\": {\"GCS_AUTO_CONFIG\":true}\r\n            }\r\n
        \         },\r\n          {\r\n            \"name\": \"Microsoft.Azure.Security.Monitoring.AzureSecurityLinuxAgent\",\r\n
        \           \"properties\": {\r\n              \"autoUpgradeMinorVersion\":
        true,\r\n              \"publisher\": \"Microsoft.Azure.Security.Monitoring\",\r\n
        \             \"type\": \"AzureSecurityLinuxAgent\",\r\n              \"typeHandlerVersion\":
        \"2.0\",\r\n              \"settings\": {\"enableGenevaUpload\":true}\r\n
        \           }\r\n          }\r\n        ]\r\n      }\r\n    },\r\n    \"provisioningState\":
        \"Succeeded\",\r\n    \"overprovision\": true,\r\n    \"doNotRunExtensionsOnOverprovisionedVMs\":
        false,\r\n    \"uniqueId\": \"54884a39-27a7-4062-ac1b-75c323d3f248\"\r\n  }\r\n}"
    headers:
      cache-control:
      - no-cache
      content-length:
      - '4831'
      content-type:
      - application/json; charset=utf-8
      date:
      - Mon, 21 Jun 2021 18:36:24 GMT
      expires:
      - '-1'
      pragma:
      - no-cache
      server:
      - Microsoft-HTTPAPI/2.0
      - Microsoft-HTTPAPI/2.0
      strict-transport-security:
      - max-age=31536000; includeSubDomains
      transfer-encoding:
      - chunked
      vary:
      - Accept-Encoding
      x-content-type-options:
      - nosniff
      x-ms-ratelimit-remaining-resource:
      - Microsoft.Compute/GetVMScaleSet3Min;194,Microsoft.Compute/GetVMScaleSet30Min;1274
    status:
      code: 200
      message: OK
- request:
    body: '{"location": "westus2", "tags": {"azsecpack": "nonprod", "platformsettings.host_environment.service.platform_optedin_for_rootcerts":
      "true"}, "sku": {"name": "Standard_DS1_v2", "tier": "Standard", "capacity":
      2}, "properties": {"upgradePolicy": {"mode": "Manual", "rollingUpgradePolicy":
      {"maxBatchInstancePercent": 20, "maxUnhealthyInstancePercent": 20, "maxUnhealthyUpgradedInstancePercent":
      20, "pauseTimeBetweenBatches": "PT0S"}}, "virtualMachineProfile": {"osProfile":
      {"computerNamePrefix": "clis5f58e", "adminUsername": "useraabedon", "linuxConfiguration":
      {"disablePasswordAuthentication": true, "ssh": {"publicKeys": [{"path": "/home/useraabedon/.ssh/authorized_keys",
      "keyData": "ssh-rsa AAAAB3NzaC1yc2EAAAADAQABAAABAQC0Gw3f0EtRO65EEYmPvlLEDipvXLlMW75hZpyuR5jAYFWTx1rHcLaUL9GtG+KQWtXBjVBTJzo3Srr4inbf1Mf21Vpy3JLfiwkN09PQlMIQXj1xgKwK6x5IXRr1+2i9VhcXQ05hsld5YPTqUW7wUIcdikQfwmHGtmZ92WiLdvAqODi9ceEcuJrABb14gquHnmbc9zVS3LhWGT+x8pvyw7co8IjmGfPuto+XbP+dOJUwNQ9nrdhhAkzHtAM5cfI5s974rREACnMszdOvszDPnL5YF6gnwHa4H1EGPfbdoV1nuSZbi9exSDP1qy3yUyJo5gI7VITgCHFyDWUAcOIlRBY3"}]},
      "provisionVMAgent": true}, "secrets": []}, "storageProfile": {"osDisk": {"caching":
      "ReadWrite", "createOption": "FromImage", "diskSizeGB": 30, "osType": "Linux",
      "managedDisk": {"storageAccountType": "Premium_LRS"}}}, "networkProfile": {"networkInterfaceConfigurations":
      [{"name": "clis5f58eNic", "properties": {"primary": true, "enableAcceleratedNetworking":
      false, "dnsSettings": {"dnsServers": []}, "ipConfigurations": [{"name": "clis5f58eIPConfig",
      "properties": {"subnet": {"id": "/subscriptions/00000000-0000-0000-0000-000000000000/resourceGroups/cli_test_serialconsole000001/providers/Microsoft.Network/virtualNetworks/cli000003VNET/subnets/cli000003Subnet"},
      "privateIPAddressVersion": "IPv4", "loadBalancerBackendAddressPools": [{"id":
      "/subscriptions/00000000-0000-0000-0000-000000000000/resourceGroups/cli_test_serialconsole000001/providers/Microsoft.Network/loadBalancers/cli000003LB/backendAddressPools/cli000003LBBEPool"}],
      "loadBalancerInboundNatPools": [{"id": "/subscriptions/00000000-0000-0000-0000-000000000000/resourceGroups/cli_test_serialconsole000001/providers/Microsoft.Network/loadBalancers/cli000003LB/inboundNatPools/cli000003LBNatPool"}]}}],
      "enableIPForwarding": false}}]}, "diagnosticsProfile": {"bootDiagnostics": {"enabled":
      true}}, "extensionProfile": {"extensions": [{"name": "Microsoft.Azure.Monitor.AzureMonitorLinuxAgent",
      "properties": {"publisher": "Microsoft.Azure.Monitor", "type": "AzureMonitorLinuxAgent",
      "typeHandlerVersion": "1.0", "autoUpgradeMinorVersion": true, "settings": {"GCS_AUTO_CONFIG":
      true}}}, {"name": "Microsoft.Azure.Security.Monitoring.AzureSecurityLinuxAgent",
      "properties": {"publisher": "Microsoft.Azure.Security.Monitoring", "type": "AzureSecurityLinuxAgent",
      "typeHandlerVersion": "2.0", "autoUpgradeMinorVersion": true, "settings": {"enableGenevaUpload":
      true}}}]}}, "overprovision": true, "doNotRunExtensionsOnOverprovisionedVMs":
      false, "singlePlacementGroup": true}}'
    headers:
      Accept:
      - application/json
      Accept-Encoding:
      - gzip, deflate
      CommandName:
      - vmss update
      Connection:
      - keep-alive
      Content-Length:
      - '3245'
      Content-Type:
      - application/json
      ParameterSetName:
      - --name --resource-group --set
      User-Agent:
      - AZURECLI/2.25.0 azsdk-python-azure-mgmt-compute/21.0.0 Python/3.8.10 (Windows-10-10.0.19042-SP0)
    method: PUT
    uri: https://management.azure.com/subscriptions/00000000-0000-0000-0000-000000000000/resourceGroups/cli_test_serialconsole000001/providers/Microsoft.Compute/virtualMachineScaleSets/cli000003?api-version=2021-03-01
  response:
    body:
      string: "{\r\n  \"name\": \"cli000003\",\r\n  \"id\": \"/subscriptions/00000000-0000-0000-0000-000000000000/resourceGroups/cli_test_serialconsole000001/providers/Microsoft.Compute/virtualMachineScaleSets/cli000003\",\r\n
        \ \"type\": \"Microsoft.Compute/virtualMachineScaleSets\",\r\n  \"location\":
        \"westus2\",\r\n  \"tags\": {\r\n    \"azsecpack\": \"nonprod\",\r\n    \"platformsettings.host_environment.service.platform_optedin_for_rootcerts\":
        \"true\"\r\n  },\r\n  \"sku\": {\r\n    \"name\": \"Standard_DS1_v2\",\r\n
        \   \"tier\": \"Standard\",\r\n    \"capacity\": 2\r\n  },\r\n  \"properties\":
        {\r\n    \"singlePlacementGroup\": true,\r\n    \"upgradePolicy\": {\r\n      \"mode\":
        \"Manual\",\r\n      \"rollingUpgradePolicy\": {\r\n        \"maxBatchInstancePercent\":
        20,\r\n        \"maxUnhealthyInstancePercent\": 20,\r\n        \"maxUnhealthyUpgradedInstancePercent\":
        20,\r\n        \"pauseTimeBetweenBatches\": \"PT0S\"\r\n      }\r\n    },\r\n
        \   \"virtualMachineProfile\": {\r\n      \"osProfile\": {\r\n        \"computerNamePrefix\":
        \"clis5f58e\",\r\n        \"adminUsername\": \"useraabedon\",\r\n        \"linuxConfiguration\":
        {\r\n          \"disablePasswordAuthentication\": true,\r\n          \"ssh\":
        {\r\n            \"publicKeys\": [\r\n              {\r\n                \"path\":
        \"/home/useraabedon/.ssh/authorized_keys\",\r\n                \"keyData\":
        \"ssh-rsa AAAAB3NzaC1yc2EAAAADAQABAAABAQC0Gw3f0EtRO65EEYmPvlLEDipvXLlMW75hZpyuR5jAYFWTx1rHcLaUL9GtG+KQWtXBjVBTJzo3Srr4inbf1Mf21Vpy3JLfiwkN09PQlMIQXj1xgKwK6x5IXRr1+2i9VhcXQ05hsld5YPTqUW7wUIcdikQfwmHGtmZ92WiLdvAqODi9ceEcuJrABb14gquHnmbc9zVS3LhWGT+x8pvyw7co8IjmGfPuto+XbP+dOJUwNQ9nrdhhAkzHtAM5cfI5s974rREACnMszdOvszDPnL5YF6gnwHa4H1EGPfbdoV1nuSZbi9exSDP1qy3yUyJo5gI7VITgCHFyDWUAcOIlRBY3\"\r\n
        \             }\r\n            ]\r\n          },\r\n          \"provisionVMAgent\":
        true\r\n        },\r\n        \"secrets\": [],\r\n        \"allowExtensionOperations\":
        true,\r\n        \"requireGuestProvisionSignal\": true\r\n      },\r\n      \"storageProfile\":
        {\r\n        \"osDisk\": {\r\n          \"osType\": \"Linux\",\r\n          \"createOption\":
        \"FromImage\",\r\n          \"caching\": \"ReadWrite\",\r\n          \"managedDisk\":
        {\r\n            \"storageAccountType\": \"Premium_LRS\"\r\n          },\r\n
        \         \"diskSizeGB\": 30\r\n        },\r\n        \"imageReference\":
        {\r\n          \"publisher\": \"Canonical\",\r\n          \"offer\": \"UbuntuServer\",\r\n
        \         \"sku\": \"18.04-LTS\",\r\n          \"version\": \"latest\"\r\n
        \       }\r\n      },\r\n      \"networkProfile\": {\"networkInterfaceConfigurations\":[{\"name\":\"clis5f58eNic\",\"properties\":{\"primary\":true,\"enableAcceleratedNetworking\":false,\"dnsSettings\":{\"dnsServers\":[]},\"enableIPForwarding\":false,\"ipConfigurations\":[{\"name\":\"clis5f58eIPConfig\",\"properties\":{\"subnet\":{\"id\":\"/subscriptions/00000000-0000-0000-0000-000000000000/resourceGroups/cli_test_serialconsole000001/providers/Microsoft.Network/virtualNetworks/cli000003VNET/subnets/cli000003Subnet\"},\"privateIPAddressVersion\":\"IPv4\",\"loadBalancerBackendAddressPools\":[{\"id\":\"/subscriptions/00000000-0000-0000-0000-000000000000/resourceGroups/cli_test_serialconsole000001/providers/Microsoft.Network/loadBalancers/cli000003LB/backendAddressPools/cli000003LBBEPool\"}],\"loadBalancerInboundNatPools\":[{\"id\":\"/subscriptions/00000000-0000-0000-0000-000000000000/resourceGroups/cli_test_serialconsole000001/providers/Microsoft.Network/loadBalancers/cli000003LB/inboundNatPools/cli000003LBNatPool\"}]}}]}}]},\r\n
        \     \"diagnosticsProfile\": {\r\n        \"bootDiagnostics\": {\r\n          \"enabled\":
        true\r\n        }\r\n      },\r\n      \"extensionProfile\": {\r\n        \"extensions\":
        [\r\n          {\r\n            \"name\": \"Microsoft.Azure.Monitor.AzureMonitorLinuxAgent\",\r\n
        \           \"properties\": {\r\n              \"autoUpgradeMinorVersion\":
        true,\r\n              \"publisher\": \"Microsoft.Azure.Monitor\",\r\n              \"type\":
        \"AzureMonitorLinuxAgent\",\r\n              \"typeHandlerVersion\": \"1.0\",\r\n
        \             \"settings\": {\"GCS_AUTO_CONFIG\":true}\r\n            }\r\n
        \         },\r\n          {\r\n            \"name\": \"Microsoft.Azure.Security.Monitoring.AzureSecurityLinuxAgent\",\r\n
        \           \"properties\": {\r\n              \"autoUpgradeMinorVersion\":
        true,\r\n              \"publisher\": \"Microsoft.Azure.Security.Monitoring\",\r\n
        \             \"type\": \"AzureSecurityLinuxAgent\",\r\n              \"typeHandlerVersion\":
        \"2.0\",\r\n              \"settings\": {\"enableGenevaUpload\":true}\r\n
        \           }\r\n          }\r\n        ]\r\n      }\r\n    },\r\n    \"provisioningState\":
        \"Updating\",\r\n    \"overprovision\": true,\r\n    \"doNotRunExtensionsOnOverprovisionedVMs\":
        false,\r\n    \"uniqueId\": \"54884a39-27a7-4062-ac1b-75c323d3f248\"\r\n  }\r\n}"
    headers:
      azure-asyncnotification:
      - Enabled
      azure-asyncoperation:
      - https://management.azure.com/subscriptions/00000000-0000-0000-0000-000000000000/providers/Microsoft.Compute/locations/westus2/operations/ad2c5041-7892-4767-b61b-55da8c10f5d7?api-version=2021-03-01
      cache-control:
      - no-cache
      content-length:
      - '4746'
      content-type:
      - application/json; charset=utf-8
      date:
      - Mon, 21 Jun 2021 18:36:25 GMT
      expires:
      - '-1'
      pragma:
      - no-cache
      server:
      - Microsoft-HTTPAPI/2.0
      - Microsoft-HTTPAPI/2.0
      strict-transport-security:
      - max-age=31536000; includeSubDomains
      transfer-encoding:
      - chunked
      vary:
      - Accept-Encoding
      x-content-type-options:
      - nosniff
      x-ms-ratelimit-remaining-resource:
      - Microsoft.Compute/CreateVMScaleSet3Min;58,Microsoft.Compute/CreateVMScaleSet30Min;294,Microsoft.Compute/VmssQueuedVMOperations;0
      x-ms-ratelimit-remaining-subscription-writes:
      - '1199'
      x-ms-request-charge:
      - '0'
    status:
      code: 200
      message: OK
- request:
    body: null
    headers:
      Accept:
      - '*/*'
      Accept-Encoding:
      - gzip, deflate
      CommandName:
      - vmss update
      Connection:
      - keep-alive
      ParameterSetName:
      - --name --resource-group --set
      User-Agent:
      - AZURECLI/2.25.0 azsdk-python-azure-mgmt-compute/21.0.0 Python/3.8.10 (Windows-10-10.0.19042-SP0)
    method: GET
    uri: https://management.azure.com/subscriptions/00000000-0000-0000-0000-000000000000/providers/Microsoft.Compute/locations/westus2/operations/ad2c5041-7892-4767-b61b-55da8c10f5d7?api-version=2021-03-01
  response:
    body:
      string: "{\r\n  \"startTime\": \"2021-06-21T18:36:25.8542757+00:00\",\r\n  \"endTime\":
        \"2021-06-21T18:36:26.1043499+00:00\",\r\n  \"status\": \"Succeeded\",\r\n
        \ \"name\": \"ad2c5041-7892-4767-b61b-55da8c10f5d7\"\r\n}"
    headers:
      cache-control:
      - no-cache
      content-length:
      - '184'
      content-type:
      - application/json; charset=utf-8
      date:
      - Mon, 21 Jun 2021 18:36:35 GMT
      expires:
      - '-1'
      pragma:
      - no-cache
      server:
      - Microsoft-HTTPAPI/2.0
      - Microsoft-HTTPAPI/2.0
      strict-transport-security:
      - max-age=31536000; includeSubDomains
      transfer-encoding:
      - chunked
      vary:
      - Accept-Encoding
      x-content-type-options:
      - nosniff
      x-ms-ratelimit-remaining-resource:
      - Microsoft.Compute/GetOperation3Min;14982,Microsoft.Compute/GetOperation30Min;29830
    status:
      code: 200
      message: OK
- request:
    body: null
    headers:
      Accept:
      - '*/*'
      Accept-Encoding:
      - gzip, deflate
      CommandName:
      - vmss update
      Connection:
      - keep-alive
      ParameterSetName:
      - --name --resource-group --set
      User-Agent:
      - AZURECLI/2.25.0 azsdk-python-azure-mgmt-compute/21.0.0 Python/3.8.10 (Windows-10-10.0.19042-SP0)
    method: GET
    uri: https://management.azure.com/subscriptions/00000000-0000-0000-0000-000000000000/resourceGroups/cli_test_serialconsole000001/providers/Microsoft.Compute/virtualMachineScaleSets/cli000003?api-version=2021-03-01
  response:
    body:
      string: "{\r\n  \"name\": \"cli000003\",\r\n  \"id\": \"/subscriptions/00000000-0000-0000-0000-000000000000/resourceGroups/cli_test_serialconsole000001/providers/Microsoft.Compute/virtualMachineScaleSets/cli000003\",\r\n
        \ \"type\": \"Microsoft.Compute/virtualMachineScaleSets\",\r\n  \"location\":
        \"westus2\",\r\n  \"tags\": {\r\n    \"azsecpack\": \"nonprod\",\r\n    \"platformsettings.host_environment.service.platform_optedin_for_rootcerts\":
        \"true\"\r\n  },\r\n  \"sku\": {\r\n    \"name\": \"Standard_DS1_v2\",\r\n
        \   \"tier\": \"Standard\",\r\n    \"capacity\": 2\r\n  },\r\n  \"properties\":
        {\r\n    \"singlePlacementGroup\": true,\r\n    \"upgradePolicy\": {\r\n      \"mode\":
        \"Manual\",\r\n      \"rollingUpgradePolicy\": {\r\n        \"maxBatchInstancePercent\":
        20,\r\n        \"maxUnhealthyInstancePercent\": 20,\r\n        \"maxUnhealthyUpgradedInstancePercent\":
        20,\r\n        \"pauseTimeBetweenBatches\": \"PT0S\"\r\n      }\r\n    },\r\n
        \   \"virtualMachineProfile\": {\r\n      \"osProfile\": {\r\n        \"computerNamePrefix\":
        \"clis5f58e\",\r\n        \"adminUsername\": \"useraabedon\",\r\n        \"linuxConfiguration\":
        {\r\n          \"disablePasswordAuthentication\": true,\r\n          \"ssh\":
        {\r\n            \"publicKeys\": [\r\n              {\r\n                \"path\":
        \"/home/useraabedon/.ssh/authorized_keys\",\r\n                \"keyData\":
        \"ssh-rsa AAAAB3NzaC1yc2EAAAADAQABAAABAQC0Gw3f0EtRO65EEYmPvlLEDipvXLlMW75hZpyuR5jAYFWTx1rHcLaUL9GtG+KQWtXBjVBTJzo3Srr4inbf1Mf21Vpy3JLfiwkN09PQlMIQXj1xgKwK6x5IXRr1+2i9VhcXQ05hsld5YPTqUW7wUIcdikQfwmHGtmZ92WiLdvAqODi9ceEcuJrABb14gquHnmbc9zVS3LhWGT+x8pvyw7co8IjmGfPuto+XbP+dOJUwNQ9nrdhhAkzHtAM5cfI5s974rREACnMszdOvszDPnL5YF6gnwHa4H1EGPfbdoV1nuSZbi9exSDP1qy3yUyJo5gI7VITgCHFyDWUAcOIlRBY3\"\r\n
        \             }\r\n            ]\r\n          },\r\n          \"provisionVMAgent\":
        true\r\n        },\r\n        \"secrets\": [],\r\n        \"allowExtensionOperations\":
        true,\r\n        \"requireGuestProvisionSignal\": true\r\n      },\r\n      \"storageProfile\":
        {\r\n        \"osDisk\": {\r\n          \"osType\": \"Linux\",\r\n          \"createOption\":
        \"FromImage\",\r\n          \"caching\": \"ReadWrite\",\r\n          \"managedDisk\":
        {\r\n            \"storageAccountType\": \"Premium_LRS\"\r\n          },\r\n
        \         \"diskSizeGB\": 30\r\n        },\r\n        \"imageReference\":
        {\r\n          \"publisher\": \"Canonical\",\r\n          \"offer\": \"UbuntuServer\",\r\n
        \         \"sku\": \"18.04-LTS\",\r\n          \"version\": \"latest\"\r\n
        \       }\r\n      },\r\n      \"networkProfile\": {\"networkInterfaceConfigurations\":[{\"name\":\"clis5f58eNic\",\"properties\":{\"primary\":true,\"enableAcceleratedNetworking\":false,\"dnsSettings\":{\"dnsServers\":[]},\"enableIPForwarding\":false,\"ipConfigurations\":[{\"name\":\"clis5f58eIPConfig\",\"properties\":{\"subnet\":{\"id\":\"/subscriptions/00000000-0000-0000-0000-000000000000/resourceGroups/cli_test_serialconsole000001/providers/Microsoft.Network/virtualNetworks/cli000003VNET/subnets/cli000003Subnet\"},\"privateIPAddressVersion\":\"IPv4\",\"loadBalancerBackendAddressPools\":[{\"id\":\"/subscriptions/00000000-0000-0000-0000-000000000000/resourceGroups/cli_test_serialconsole000001/providers/Microsoft.Network/loadBalancers/cli000003LB/backendAddressPools/cli000003LBBEPool\"}],\"loadBalancerInboundNatPools\":[{\"id\":\"/subscriptions/00000000-0000-0000-0000-000000000000/resourceGroups/cli_test_serialconsole000001/providers/Microsoft.Network/loadBalancers/cli000003LB/inboundNatPools/cli000003LBNatPool\"}]}}]}}]},\r\n
        \     \"diagnosticsProfile\": {\r\n        \"bootDiagnostics\": {\r\n          \"enabled\":
        true\r\n        }\r\n      },\r\n      \"extensionProfile\": {\r\n        \"extensions\":
        [\r\n          {\r\n            \"name\": \"Microsoft.Azure.Monitor.AzureMonitorLinuxAgent\",\r\n
        \           \"properties\": {\r\n              \"autoUpgradeMinorVersion\":
        true,\r\n              \"publisher\": \"Microsoft.Azure.Monitor\",\r\n              \"type\":
        \"AzureMonitorLinuxAgent\",\r\n              \"typeHandlerVersion\": \"1.0\",\r\n
        \             \"settings\": {\"GCS_AUTO_CONFIG\":true}\r\n            }\r\n
        \         },\r\n          {\r\n            \"name\": \"Microsoft.Azure.Security.Monitoring.AzureSecurityLinuxAgent\",\r\n
        \           \"properties\": {\r\n              \"autoUpgradeMinorVersion\":
        true,\r\n              \"publisher\": \"Microsoft.Azure.Security.Monitoring\",\r\n
        \             \"type\": \"AzureSecurityLinuxAgent\",\r\n              \"typeHandlerVersion\":
        \"2.0\",\r\n              \"settings\": {\"enableGenevaUpload\":true}\r\n
        \           }\r\n          }\r\n        ]\r\n      }\r\n    },\r\n    \"provisioningState\":
        \"Succeeded\",\r\n    \"overprovision\": true,\r\n    \"doNotRunExtensionsOnOverprovisionedVMs\":
        false,\r\n    \"uniqueId\": \"54884a39-27a7-4062-ac1b-75c323d3f248\"\r\n  }\r\n}"
    headers:
      cache-control:
      - no-cache
      content-length:
      - '4747'
      content-type:
      - application/json; charset=utf-8
      date:
      - Mon, 21 Jun 2021 18:36:35 GMT
      expires:
      - '-1'
      pragma:
      - no-cache
      server:
      - Microsoft-HTTPAPI/2.0
      - Microsoft-HTTPAPI/2.0
      strict-transport-security:
      - max-age=31536000; includeSubDomains
      transfer-encoding:
      - chunked
      vary:
      - Accept-Encoding
      x-content-type-options:
      - nosniff
      x-ms-ratelimit-remaining-resource:
      - Microsoft.Compute/GetVMScaleSet3Min;195,Microsoft.Compute/GetVMScaleSet30Min;1270
    status:
      code: 200
      message: OK
- request:
    body: '{"instanceIds": ["2"]}'
    headers:
      Accept:
      - '*/*'
      Accept-Encoding:
      - gzip, deflate
      CommandName:
      - vmss update-instances
      Connection:
      - keep-alive
      Content-Length:
      - '22'
      Content-Type:
      - application/json
      ParameterSetName:
      - -g -n --instance-ids
      User-Agent:
      - AZURECLI/2.25.0 azsdk-python-azure-mgmt-compute/21.0.0 Python/3.8.10 (Windows-10-10.0.19042-SP0)
    method: POST
    uri: https://management.azure.com/subscriptions/00000000-0000-0000-0000-000000000000/resourceGroups/cli_test_serialconsole000001/providers/Microsoft.Compute/virtualMachineScaleSets/cli000003/manualupgrade?api-version=2021-03-01
  response:
    body:
      string: ''
    headers:
      azure-asyncoperation:
      - https://management.azure.com/subscriptions/00000000-0000-0000-0000-000000000000/providers/Microsoft.Compute/locations/westus2/operations/f9572f5d-94a1-48e2-9fc3-0d3179881fef?api-version=2021-03-01
      cache-control:
      - no-cache
      content-length:
      - '0'
      date:
      - Mon, 21 Jun 2021 18:36:36 GMT
      expires:
      - '-1'
      location:
      - https://management.azure.com/subscriptions/00000000-0000-0000-0000-000000000000/providers/Microsoft.Compute/locations/westus2/operations/f9572f5d-94a1-48e2-9fc3-0d3179881fef?monitor=true&api-version=2021-03-01
      pragma:
      - no-cache
      server:
      - Microsoft-HTTPAPI/2.0
      - Microsoft-HTTPAPI/2.0
      strict-transport-security:
      - max-age=31536000; includeSubDomains
      x-content-type-options:
      - nosniff
      x-ms-ratelimit-remaining-resource:
      - Microsoft.Compute/VMScaleSetActions3Min;238,Microsoft.Compute/VMScaleSetActions30Min;1194,Microsoft.Compute/VMScaleSetBatchedVMRequests5Min;1195,Microsoft.Compute/VmssQueuedVMOperations;0
      x-ms-ratelimit-remaining-subscription-writes:
      - '1199'
      x-ms-request-charge:
      - '1'
    status:
      code: 202
      message: Accepted
- request:
    body: null
    headers:
      Accept:
      - '*/*'
      Accept-Encoding:
      - gzip, deflate
      CommandName:
      - vmss update-instances
      Connection:
      - keep-alive
      ParameterSetName:
      - -g -n --instance-ids
      User-Agent:
      - AZURECLI/2.25.0 azsdk-python-azure-mgmt-compute/21.0.0 Python/3.8.10 (Windows-10-10.0.19042-SP0)
    method: GET
    uri: https://management.azure.com/subscriptions/00000000-0000-0000-0000-000000000000/providers/Microsoft.Compute/locations/westus2/operations/f9572f5d-94a1-48e2-9fc3-0d3179881fef?api-version=2021-03-01
  response:
    body:
      string: "{\r\n  \"startTime\": \"2021-06-21T18:36:36.6200607+00:00\",\r\n  \"endTime\":
        \"2021-06-21T18:36:43.5888393+00:00\",\r\n  \"status\": \"Succeeded\",\r\n
        \ \"name\": \"f9572f5d-94a1-48e2-9fc3-0d3179881fef\"\r\n}"
    headers:
      cache-control:
      - no-cache
      content-length:
      - '184'
      content-type:
      - application/json; charset=utf-8
      date:
      - Mon, 21 Jun 2021 18:37:06 GMT
      expires:
      - '-1'
      pragma:
      - no-cache
      server:
      - Microsoft-HTTPAPI/2.0
      - Microsoft-HTTPAPI/2.0
      strict-transport-security:
      - max-age=31536000; includeSubDomains
      transfer-encoding:
      - chunked
      vary:
      - Accept-Encoding
      x-content-type-options:
      - nosniff
      x-ms-ratelimit-remaining-resource:
      - Microsoft.Compute/GetOperation3Min;14983,Microsoft.Compute/GetOperation30Min;29828
    status:
      code: 200
      message: OK
- request:
    body: null
    headers:
      Accept:
      - '*/*'
      Accept-Encoding:
      - gzip, deflate
      CommandName:
      - vmss update-instances
      Connection:
      - keep-alive
      ParameterSetName:
      - -g -n --instance-ids
      User-Agent:
      - AZURECLI/2.25.0 azsdk-python-azure-mgmt-compute/21.0.0 Python/3.8.10 (Windows-10-10.0.19042-SP0)
    method: GET
    uri: https://management.azure.com/subscriptions/00000000-0000-0000-0000-000000000000/providers/Microsoft.Compute/locations/westus2/operations/f9572f5d-94a1-48e2-9fc3-0d3179881fef?monitor=true&api-version=2021-03-01
  response:
    body:
      string: ''
    headers:
      cache-control:
      - no-cache
      content-length:
      - '0'
      date:
      - Mon, 21 Jun 2021 18:37:06 GMT
      expires:
      - '-1'
      pragma:
      - no-cache
      server:
      - Microsoft-HTTPAPI/2.0
      - Microsoft-HTTPAPI/2.0
      strict-transport-security:
      - max-age=31536000; includeSubDomains
      x-content-type-options:
      - nosniff
      x-ms-ratelimit-remaining-resource:
      - Microsoft.Compute/GetOperation3Min;14982,Microsoft.Compute/GetOperation30Min;29827
    status:
      code: 200
      message: OK
- request:
    body: null
    headers:
      Accept:
      - application/json
      Accept-Encoding:
      - gzip, deflate
      CommandName:
      - vmss update-instances
      Connection:
      - keep-alive
      ParameterSetName:
      - -g -n --instance-ids
      User-Agent:
      - AZURECLI/2.25.0 azsdk-python-azure-mgmt-compute/21.0.0 Python/3.8.10 (Windows-10-10.0.19042-SP0)
    method: GET
    uri: https://management.azure.com/subscriptions/00000000-0000-0000-0000-000000000000/resourceGroups/cli_test_serialconsole000001/providers/Microsoft.Compute/virtualMachineScaleSets/cli000003/virtualmachines/2/instanceView?api-version=2021-03-01
  response:
    body:
      string: "{\r\n  \"placementGroupId\": \"0670ebf3-ba2d-41be-b0db-8586b1ba54a2\",\r\n
        \ \"platformUpdateDomain\": 0,\r\n  \"platformFaultDomain\": 0,\r\n  \"computerName\":
        \"clis5f58e000002\",\r\n  \"osName\": \"ubuntu\",\r\n  \"osVersion\": \"18.04\",\r\n
        \ \"vmAgent\": {\r\n    \"vmAgentVersion\": \"2.3.0.2\",\r\n    \"statuses\":
        [\r\n      {\r\n        \"code\": \"ProvisioningState/succeeded\",\r\n        \"level\":
        \"Info\",\r\n        \"displayStatus\": \"Ready\",\r\n        \"message\":
        \"Guest Agent is running\",\r\n        \"time\": \"2021-06-21T18:36:50+00:00\"\r\n
        \     }\r\n    ],\r\n    \"extensionHandlers\": [\r\n      {\r\n        \"type\":
        \"Microsoft.Azure.Monitor.AzureMonitorLinuxAgent\",\r\n        \"typeHandlerVersion\":
        \"1.10.1\",\r\n        \"status\": {\r\n          \"code\": \"ProvisioningState/succeeded\",\r\n
        \         \"level\": \"Info\",\r\n          \"displayStatus\": \"Ready\",\r\n
        \         \"message\": \"Plugin enabled\"\r\n        }\r\n      },\r\n      {\r\n
        \       \"type\": \"Microsoft.Azure.Security.Monitoring.AzureSecurityLinuxAgent\",\r\n
        \       \"typeHandlerVersion\": \"2.15.112\",\r\n        \"status\": {\r\n
        \         \"code\": \"ProvisioningState/succeeded\",\r\n          \"level\":
        \"Info\",\r\n          \"displayStatus\": \"Ready\",\r\n          \"message\":
        \"Plugin enabled\"\r\n        }\r\n      }\r\n    ]\r\n  },\r\n  \"disks\":
        [\r\n    {\r\n      \"name\": \"clis56nwtmk6unmhlatkclis56nwtmk6unmhlatk6OS__1_839aa9915ccb4e0ba9eb1eeb277e9b9f\",\r\n
        \     \"statuses\": [\r\n        {\r\n          \"code\": \"ProvisioningState/succeeded\",\r\n
        \         \"level\": \"Info\",\r\n          \"displayStatus\": \"Provisioning
        succeeded\",\r\n          \"time\": \"2021-06-21T18:36:37.6825198+00:00\"\r\n
        \       }\r\n      ]\r\n    }\r\n  ],\r\n  \"bootDiagnostics\": {},\r\n  \"extensions\":
        [\r\n    {\r\n      \"name\": \"Microsoft.Azure.Monitor.AzureMonitorLinuxAgent\",\r\n
        \     \"type\": \"Microsoft.Azure.Monitor.AzureMonitorLinuxAgent\",\r\n      \"typeHandlerVersion\":
        \"1.10.1\",\r\n      \"statuses\": [\r\n        {\r\n          \"code\": \"ProvisioningState/succeeded\",\r\n
        \         \"level\": \"Info\",\r\n          \"displayStatus\": \"Provisioning
        succeeded\",\r\n          \"message\": \"Enable succeeded\"\r\n        }\r\n
        \     ]\r\n    },\r\n    {\r\n      \"name\": \"Microsoft.Azure.Security.Monitoring.AzureSecurityLinuxAgent\",\r\n
        \     \"type\": \"Microsoft.Azure.Security.Monitoring.AzureSecurityLinuxAgent\",\r\n
        \     \"typeHandlerVersion\": \"2.15.112\",\r\n      \"statuses\": [\r\n        {\r\n
        \         \"code\": \"ProvisioningState/succeeded\",\r\n          \"level\":
        \"Info\",\r\n          \"displayStatus\": \"Provisioning succeeded\",\r\n
        \         \"message\": \"Enable ASM succeeded\"\r\n        }\r\n      ]\r\n
        \   }\r\n  ],\r\n  \"hyperVGeneration\": \"V1\",\r\n  \"statuses\": [\r\n
        \   {\r\n      \"code\": \"ProvisioningState/succeeded\",\r\n      \"level\":
        \"Info\",\r\n      \"displayStatus\": \"Provisioning succeeded\",\r\n      \"time\":
        \"2021-06-21T18:36:43.557539+00:00\"\r\n    },\r\n    {\r\n      \"code\":
        \"PowerState/running\",\r\n      \"level\": \"Info\",\r\n      \"displayStatus\":
        \"VM running\"\r\n    }\r\n  ]\r\n}"
    headers:
      cache-control:
      - no-cache
      content-length:
      - '2807'
      content-type:
      - application/json; charset=utf-8
      date:
      - Mon, 21 Jun 2021 18:37:06 GMT
      expires:
      - '-1'
      pragma:
      - no-cache
      server:
      - Microsoft-HTTPAPI/2.0
      - Microsoft-HTTPAPI/2.0
      strict-transport-security:
      - max-age=31536000; includeSubDomains
      transfer-encoding:
      - chunked
      vary:
      - Accept-Encoding
      x-content-type-options:
      - nosniff
      x-ms-ratelimit-remaining-resource:
      - Microsoft.Compute/GetVMScaleSetVM3Min;498,Microsoft.Compute/GetVMScaleSetVM30Min;2489,Microsoft.Compute/VMScaleSetVMViews3Min;4997
      x-ms-request-charge:
      - '1'
    status:
      code: 200
      message: OK
- request:
    body: '{"instanceIds": ["2"]}'
    headers:
      Accept:
      - '*/*'
      Accept-Encoding:
      - gzip, deflate
      CommandName:
      - vmss stop
      Connection:
      - keep-alive
      Content-Length:
      - '22'
      Content-Type:
      - application/json
      ParameterSetName:
      - -g -n --instance-ids
      User-Agent:
      - AZURECLI/2.25.0 azsdk-python-azure-mgmt-compute/21.0.0 Python/3.8.10 (Windows-10-10.0.19042-SP0)
    method: POST
    uri: https://management.azure.com/subscriptions/00000000-0000-0000-0000-000000000000/resourceGroups/cli_test_serialconsole000001/providers/Microsoft.Compute/virtualMachineScaleSets/cli000003/poweroff?skipShutdown=false&api-version=2021-03-01
  response:
    body:
      string: ''
    headers:
      azure-asyncoperation:
      - https://management.azure.com/subscriptions/00000000-0000-0000-0000-000000000000/providers/Microsoft.Compute/locations/westus2/operations/85fb2066-e3c5-4560-8c16-aefac42fb3d8?api-version=2021-03-01
      cache-control:
      - no-cache
      content-length:
      - '0'
      date:
      - Mon, 21 Jun 2021 18:37:07 GMT
      expires:
      - '-1'
      location:
      - https://management.azure.com/subscriptions/00000000-0000-0000-0000-000000000000/providers/Microsoft.Compute/locations/westus2/operations/85fb2066-e3c5-4560-8c16-aefac42fb3d8?monitor=true&api-version=2021-03-01
      pragma:
      - no-cache
      server:
      - Microsoft-HTTPAPI/2.0
      - Microsoft-HTTPAPI/2.0
      strict-transport-security:
      - max-age=31536000; includeSubDomains
      x-content-type-options:
      - nosniff
      x-ms-ratelimit-remaining-resource:
      - Microsoft.Compute/DeleteVMScaleSet3Min;79,Microsoft.Compute/DeleteVMScaleSet30Min;397,Microsoft.Compute/VMScaleSetBatchedVMRequests5Min;1195,Microsoft.Compute/VmssQueuedVMOperations;0
      x-ms-ratelimit-remaining-subscription-writes:
      - '1199'
      x-ms-request-charge:
      - '1'
    status:
      code: 202
      message: Accepted
- request:
    body: null
    headers:
      Accept:
      - '*/*'
      Accept-Encoding:
      - gzip, deflate
      CommandName:
      - vmss stop
      Connection:
      - keep-alive
      ParameterSetName:
      - -g -n --instance-ids
      User-Agent:
      - AZURECLI/2.25.0 azsdk-python-azure-mgmt-compute/21.0.0 Python/3.8.10 (Windows-10-10.0.19042-SP0)
    method: GET
    uri: https://management.azure.com/subscriptions/00000000-0000-0000-0000-000000000000/providers/Microsoft.Compute/locations/westus2/operations/85fb2066-e3c5-4560-8c16-aefac42fb3d8?api-version=2021-03-01
  response:
    body:
      string: "{\r\n  \"startTime\": \"2021-06-21T18:37:07.8545874+00:00\",\r\n  \"status\":
        \"InProgress\",\r\n  \"name\": \"85fb2066-e3c5-4560-8c16-aefac42fb3d8\"\r\n}"
    headers:
      cache-control:
      - no-cache
      content-length:
      - '134'
      content-type:
      - application/json; charset=utf-8
      date:
      - Mon, 21 Jun 2021 18:37:37 GMT
      expires:
      - '-1'
      pragma:
      - no-cache
      server:
      - Microsoft-HTTPAPI/2.0
      - Microsoft-HTTPAPI/2.0
      strict-transport-security:
      - max-age=31536000; includeSubDomains
      transfer-encoding:
      - chunked
      vary:
      - Accept-Encoding
      x-content-type-options:
      - nosniff
      x-ms-ratelimit-remaining-resource:
      - Microsoft.Compute/GetOperation3Min;14983,Microsoft.Compute/GetOperation30Min;29825
    status:
      code: 200
      message: OK
- request:
    body: null
    headers:
      Accept:
      - '*/*'
      Accept-Encoding:
      - gzip, deflate
      CommandName:
      - vmss stop
      Connection:
      - keep-alive
      ParameterSetName:
      - -g -n --instance-ids
      User-Agent:
      - AZURECLI/2.25.0 azsdk-python-azure-mgmt-compute/21.0.0 Python/3.8.10 (Windows-10-10.0.19042-SP0)
    method: GET
    uri: https://management.azure.com/subscriptions/00000000-0000-0000-0000-000000000000/providers/Microsoft.Compute/locations/westus2/operations/85fb2066-e3c5-4560-8c16-aefac42fb3d8?api-version=2021-03-01
  response:
    body:
      string: "{\r\n  \"startTime\": \"2021-06-21T18:37:07.8545874+00:00\",\r\n  \"endTime\":
        \"2021-06-21T18:37:44.4797279+00:00\",\r\n  \"status\": \"Succeeded\",\r\n
        \ \"name\": \"85fb2066-e3c5-4560-8c16-aefac42fb3d8\"\r\n}"
    headers:
      cache-control:
      - no-cache
      content-length:
      - '184'
      content-type:
      - application/json; charset=utf-8
      date:
      - Mon, 21 Jun 2021 18:38:07 GMT
      expires:
      - '-1'
      pragma:
      - no-cache
      server:
      - Microsoft-HTTPAPI/2.0
      - Microsoft-HTTPAPI/2.0
      strict-transport-security:
      - max-age=31536000; includeSubDomains
      transfer-encoding:
      - chunked
      vary:
      - Accept-Encoding
      x-content-type-options:
      - nosniff
      x-ms-ratelimit-remaining-resource:
      - Microsoft.Compute/GetOperation3Min;14984,Microsoft.Compute/GetOperation30Min;29822
    status:
      code: 200
      message: OK
- request:
    body: null
    headers:
      Accept:
      - '*/*'
      Accept-Encoding:
      - gzip, deflate
      CommandName:
      - vmss stop
      Connection:
      - keep-alive
      ParameterSetName:
      - -g -n --instance-ids
      User-Agent:
      - AZURECLI/2.25.0 azsdk-python-azure-mgmt-compute/21.0.0 Python/3.8.10 (Windows-10-10.0.19042-SP0)
    method: GET
    uri: https://management.azure.com/subscriptions/00000000-0000-0000-0000-000000000000/providers/Microsoft.Compute/locations/westus2/operations/85fb2066-e3c5-4560-8c16-aefac42fb3d8?monitor=true&api-version=2021-03-01
  response:
    body:
      string: ''
    headers:
      cache-control:
      - no-cache
      content-length:
      - '0'
      date:
      - Mon, 21 Jun 2021 18:38:07 GMT
      expires:
      - '-1'
      pragma:
      - no-cache
      server:
      - Microsoft-HTTPAPI/2.0
      - Microsoft-HTTPAPI/2.0
      strict-transport-security:
      - max-age=31536000; includeSubDomains
      x-content-type-options:
      - nosniff
      x-ms-ratelimit-remaining-resource:
      - Microsoft.Compute/GetOperation3Min;14983,Microsoft.Compute/GetOperation30Min;29821
    status:
      code: 200
      message: OK
- request:
    body: null
    headers:
      Accept:
      - application/json
      Accept-Encoding:
      - gzip, deflate
      CommandName:
      - vmss stop
      Connection:
      - keep-alive
      ParameterSetName:
      - -g -n --instance-ids
      User-Agent:
      - AZURECLI/2.25.0 azsdk-python-azure-mgmt-compute/21.0.0 Python/3.8.10 (Windows-10-10.0.19042-SP0)
    method: GET
    uri: https://management.azure.com/subscriptions/00000000-0000-0000-0000-000000000000/resourceGroups/cli_test_serialconsole000001/providers/Microsoft.Compute/virtualMachineScaleSets/cli000003/virtualmachines/2/instanceView?api-version=2021-03-01
  response:
    body:
      string: "{\r\n  \"placementGroupId\": \"0670ebf3-ba2d-41be-b0db-8586b1ba54a2\",\r\n
        \ \"platformUpdateDomain\": 0,\r\n  \"platformFaultDomain\": 0,\r\n  \"computerName\":
        \"clis5f58e000002\",\r\n  \"osName\": \"ubuntu\",\r\n  \"osVersion\": \"18.04\",\r\n
        \ \"vmAgent\": {\r\n    \"vmAgentVersion\": \"2.3.0.2\",\r\n    \"statuses\":
        [\r\n      {\r\n        \"code\": \"ProvisioningState/succeeded\",\r\n        \"level\":
        \"Info\",\r\n        \"displayStatus\": \"Ready\",\r\n        \"message\":
        \"Guest Agent is running\",\r\n        \"time\": \"2021-06-21T18:36:50+00:00\"\r\n
        \     }\r\n    ],\r\n    \"extensionHandlers\": [\r\n      {\r\n        \"type\":
        \"Microsoft.Azure.Monitor.AzureMonitorLinuxAgent\",\r\n        \"typeHandlerVersion\":
        \"1.10.1\",\r\n        \"status\": {\r\n          \"code\": \"ProvisioningState/succeeded\",\r\n
        \         \"level\": \"Info\",\r\n          \"displayStatus\": \"Ready\",\r\n
        \         \"message\": \"Plugin enabled\"\r\n        }\r\n      },\r\n      {\r\n
        \       \"type\": \"Microsoft.Azure.Security.Monitoring.AzureSecurityLinuxAgent\",\r\n
        \       \"typeHandlerVersion\": \"2.15.112\",\r\n        \"status\": {\r\n
        \         \"code\": \"ProvisioningState/succeeded\",\r\n          \"level\":
        \"Info\",\r\n          \"displayStatus\": \"Ready\",\r\n          \"message\":
        \"Plugin enabled\"\r\n        }\r\n      }\r\n    ]\r\n  },\r\n  \"disks\":
        [\r\n    {\r\n      \"name\": \"clis56nwtmk6unmhlatkclis56nwtmk6unmhlatk6OS__1_839aa9915ccb4e0ba9eb1eeb277e9b9f\",\r\n
        \     \"statuses\": [\r\n        {\r\n          \"code\": \"ProvisioningState/succeeded\",\r\n
        \         \"level\": \"Info\",\r\n          \"displayStatus\": \"Provisioning
        succeeded\",\r\n          \"time\": \"2021-06-21T18:36:37.6825198+00:00\"\r\n
        \       }\r\n      ]\r\n    }\r\n  ],\r\n  \"bootDiagnostics\": {},\r\n  \"extensions\":
        [\r\n    {\r\n      \"name\": \"Microsoft.Azure.Monitor.AzureMonitorLinuxAgent\",\r\n
        \     \"type\": \"Microsoft.Azure.Monitor.AzureMonitorLinuxAgent\",\r\n      \"typeHandlerVersion\":
        \"1.10.1\",\r\n      \"statuses\": [\r\n        {\r\n          \"code\": \"ProvisioningState/succeeded\",\r\n
        \         \"level\": \"Info\",\r\n          \"displayStatus\": \"Provisioning
        succeeded\",\r\n          \"message\": \"Enable succeeded\"\r\n        }\r\n
        \     ]\r\n    },\r\n    {\r\n      \"name\": \"Microsoft.Azure.Security.Monitoring.AzureSecurityLinuxAgent\",\r\n
        \     \"type\": \"Microsoft.Azure.Security.Monitoring.AzureSecurityLinuxAgent\",\r\n
        \     \"typeHandlerVersion\": \"2.15.112\",\r\n      \"statuses\": [\r\n        {\r\n
        \         \"code\": \"ProvisioningState/succeeded\",\r\n          \"level\":
        \"Info\",\r\n          \"displayStatus\": \"Provisioning succeeded\",\r\n
        \         \"message\": \"Enable ASM succeeded\"\r\n        }\r\n      ]\r\n
        \   }\r\n  ],\r\n  \"hyperVGeneration\": \"V1\",\r\n  \"statuses\": [\r\n
        \   {\r\n      \"code\": \"ProvisioningState/succeeded\",\r\n      \"level\":
        \"Info\",\r\n      \"displayStatus\": \"Provisioning succeeded\",\r\n      \"time\":
        \"2021-06-21T18:37:44.4641178+00:00\"\r\n    },\r\n    {\r\n      \"code\":
        \"PowerState/stopped\",\r\n      \"level\": \"Info\",\r\n      \"displayStatus\":
        \"VM stopped\"\r\n    }\r\n  ]\r\n}"
    headers:
      cache-control:
      - no-cache
      content-length:
      - '2808'
      content-type:
      - application/json; charset=utf-8
      date:
      - Mon, 21 Jun 2021 18:38:07 GMT
      expires:
      - '-1'
      pragma:
      - no-cache
      server:
      - Microsoft-HTTPAPI/2.0
      - Microsoft-HTTPAPI/2.0
      strict-transport-security:
      - max-age=31536000; includeSubDomains
      transfer-encoding:
      - chunked
      vary:
      - Accept-Encoding
      x-content-type-options:
      - nosniff
      x-ms-ratelimit-remaining-resource:
      - Microsoft.Compute/GetVMScaleSetVM3Min;498,Microsoft.Compute/GetVMScaleSetVM30Min;2488,Microsoft.Compute/VMScaleSetVMViews3Min;4997
      x-ms-request-charge:
      - '1'
    status:
      code: 200
      message: OK
- request:
    body: '{"instanceIds": ["2"]}'
    headers:
      Accept:
      - '*/*'
      Accept-Encoding:
      - gzip, deflate
      CommandName:
      - vmss start
      Connection:
      - keep-alive
      Content-Length:
      - '22'
      Content-Type:
      - application/json
      ParameterSetName:
      - -g -n --instance-ids
      User-Agent:
      - AZURECLI/2.25.0 azsdk-python-azure-mgmt-compute/21.0.0 Python/3.8.10 (Windows-10-10.0.19042-SP0)
    method: POST
    uri: https://management.azure.com/subscriptions/00000000-0000-0000-0000-000000000000/resourceGroups/cli_test_serialconsole000001/providers/Microsoft.Compute/virtualMachineScaleSets/cli000003/start?api-version=2021-03-01
  response:
    body:
      string: ''
    headers:
      azure-asyncoperation:
      - https://management.azure.com/subscriptions/00000000-0000-0000-0000-000000000000/providers/Microsoft.Compute/locations/westus2/operations/90971b22-ca8e-42aa-9544-c3caf8520a0b?api-version=2021-03-01
      cache-control:
      - no-cache
      content-length:
      - '0'
      date:
      - Mon, 21 Jun 2021 18:38:08 GMT
      expires:
      - '-1'
      location:
      - https://management.azure.com/subscriptions/00000000-0000-0000-0000-000000000000/providers/Microsoft.Compute/locations/westus2/operations/90971b22-ca8e-42aa-9544-c3caf8520a0b?monitor=true&api-version=2021-03-01
      pragma:
      - no-cache
      server:
      - Microsoft-HTTPAPI/2.0
      - Microsoft-HTTPAPI/2.0
      strict-transport-security:
      - max-age=31536000; includeSubDomains
      x-content-type-options:
      - nosniff
      x-ms-ratelimit-remaining-resource:
      - Microsoft.Compute/VMScaleSetActions3Min;238,Microsoft.Compute/VMScaleSetActions30Min;1193,Microsoft.Compute/VMScaleSetBatchedVMRequests5Min;1195,Microsoft.Compute/VmssQueuedVMOperations;0
      x-ms-ratelimit-remaining-subscription-writes:
      - '1199'
      x-ms-request-charge:
      - '1'
    status:
      code: 202
      message: Accepted
- request:
    body: null
    headers:
      Accept:
      - '*/*'
      Accept-Encoding:
      - gzip, deflate
      CommandName:
      - vmss start
      Connection:
      - keep-alive
      ParameterSetName:
      - -g -n --instance-ids
      User-Agent:
      - AZURECLI/2.25.0 azsdk-python-azure-mgmt-compute/21.0.0 Python/3.8.10 (Windows-10-10.0.19042-SP0)
    method: GET
    uri: https://management.azure.com/subscriptions/00000000-0000-0000-0000-000000000000/providers/Microsoft.Compute/locations/westus2/operations/90971b22-ca8e-42aa-9544-c3caf8520a0b?api-version=2021-03-01
  response:
    body:
      string: "{\r\n  \"startTime\": \"2021-06-21T18:38:08.9955388+00:00\",\r\n  \"endTime\":
        \"2021-06-21T18:38:11.8705438+00:00\",\r\n  \"status\": \"Succeeded\",\r\n
        \ \"name\": \"90971b22-ca8e-42aa-9544-c3caf8520a0b\"\r\n}"
    headers:
      cache-control:
      - no-cache
      content-length:
      - '184'
      content-type:
      - application/json; charset=utf-8
      date:
      - Mon, 21 Jun 2021 18:38:38 GMT
      expires:
      - '-1'
      pragma:
      - no-cache
      server:
      - Microsoft-HTTPAPI/2.0
      - Microsoft-HTTPAPI/2.0
      strict-transport-security:
      - max-age=31536000; includeSubDomains
      transfer-encoding:
      - chunked
      vary:
      - Accept-Encoding
      x-content-type-options:
      - nosniff
      x-ms-ratelimit-remaining-resource:
      - Microsoft.Compute/GetOperation3Min;14984,Microsoft.Compute/GetOperation30Min;29819
    status:
      code: 200
      message: OK
- request:
    body: null
    headers:
      Accept:
      - '*/*'
      Accept-Encoding:
      - gzip, deflate
      CommandName:
      - vmss start
      Connection:
      - keep-alive
      ParameterSetName:
      - -g -n --instance-ids
      User-Agent:
      - AZURECLI/2.25.0 azsdk-python-azure-mgmt-compute/21.0.0 Python/3.8.10 (Windows-10-10.0.19042-SP0)
    method: GET
    uri: https://management.azure.com/subscriptions/00000000-0000-0000-0000-000000000000/providers/Microsoft.Compute/locations/westus2/operations/90971b22-ca8e-42aa-9544-c3caf8520a0b?monitor=true&api-version=2021-03-01
  response:
    body:
      string: ''
    headers:
      cache-control:
      - no-cache
      content-length:
      - '0'
      date:
      - Mon, 21 Jun 2021 18:38:38 GMT
      expires:
      - '-1'
      pragma:
      - no-cache
      server:
      - Microsoft-HTTPAPI/2.0
      - Microsoft-HTTPAPI/2.0
      strict-transport-security:
      - max-age=31536000; includeSubDomains
      x-content-type-options:
      - nosniff
      x-ms-ratelimit-remaining-resource:
      - Microsoft.Compute/GetOperation3Min;14983,Microsoft.Compute/GetOperation30Min;29818
    status:
      code: 200
      message: OK
version: 1
