interactions:
- request:
    body: '{"location": "eastus2euap", "name": "TestNetworkSecurityPerimeter"}'
    headers:
      Accept:
      - application/json
      Accept-Encoding:
      - gzip, deflate
      CommandName:
      - network perimeter create
      Connection:
      - keep-alive
      Content-Length:
      - '67'
      Content-Type:
      - application/json
      ParameterSetName:
      - --name -l --resource-group
      User-Agent:
      - AZURECLI/2.67.0 azsdk-python-core/1.31.0 Python/3.12.7 (Windows-11-10.0.22631-SP0)
    method: PUT
    uri: https://management.azure.com/subscriptions/00000000-0000-0000-0000-000000000000/resourceGroups/test_nsp_profile_crud000001/providers/Microsoft.Network/networkSecurityPerimeters/TestNetworkSecurityPerimeter?api-version=2023-08-01-preview
  response:
    body:
      string: '{"name":"TestNetworkSecurityPerimeter","id":"/subscriptions/00000000-0000-0000-0000-000000000000/resourceGroups/test_nsp_profile_crud000001/providers/Microsoft.Network/networkSecurityPerimeters/TestNetworkSecurityPerimeter","location":"eastus2euap","type":"Microsoft.Network/networkSecurityPerimeters","tags":{},"etag":"","properties":{"perimeterGuid":"ed3a2ba8-01a6-414c-998a-aefb8f24879e","provisioningState":"Succeeded"}}'
    headers:
      cache-control:
      - no-cache
      content-length:
      - '424'
      content-type:
      - application/json; charset=utf-8
      date:
      - Fri, 29 Nov 2024 07:09:20 GMT
      expires:
      - '-1'
      pragma:
      - no-cache
      strict-transport-security:
      - max-age=31536000; includeSubDomains
      x-cache:
      - CONFIG_NOCACHE
      x-content-type-options:
      - nosniff
      x-ms-ratelimit-remaining-subscription-global-writes:
      - '11999'
      x-ms-ratelimit-remaining-subscription-writes:
      - '799'
      x-msedge-ref:
      - 'Ref A: C3F5876F75F3451F917616C122AA5A42 Ref B: MNZ221060618011 Ref C: 2024-11-29T07:09:19Z'
    status:
      code: 200
      message: OK
- request:
    body: null
    headers:
      Accept:
      - application/json
      Accept-Encoding:
      - gzip, deflate
      CommandName:
      - network perimeter profile create
      Connection:
      - keep-alive
      ParameterSetName:
      - --name --perimeter-name --resource-group
      User-Agent:
      - AZURECLI/2.67.0 azsdk-python-core/1.31.0 Python/3.12.7 (Windows-11-10.0.22631-SP0)
    method: GET
    uri: https://management.azure.com/subscriptions/00000000-0000-0000-0000-000000000000/resourcegroups/test_nsp_profile_crud000001?api-version=2022-09-01
  response:
    body:
      string: '{"id":"/subscriptions/00000000-0000-0000-0000-000000000000/resourceGroups/test_nsp_profile_crud000001","name":"test_nsp_profile_crud000001","type":"Microsoft.Resources/resourceGroups","location":"eastus2euap","tags":{"product":"azurecli","cause":"automation","test":"test_nsp_profile_crud","date":"2024-11-29T07:09:15Z","module":"nsp","Created":"2024-11-29T07:09:17.1603971Z"},"properties":{"provisioningState":"Succeeded"}}'
    headers:
      cache-control:
      - no-cache
      content-length:
      - '424'
      content-type:
      - application/json; charset=utf-8
      date:
      - Fri, 29 Nov 2024 07:09:20 GMT
      expires:
      - '-1'
      pragma:
      - no-cache
      strict-transport-security:
      - max-age=31536000; includeSubDomains
      x-cache:
      - CONFIG_NOCACHE
      x-content-type-options:
      - nosniff
      x-ms-ratelimit-remaining-subscription-global-reads:
      - '16499'
      x-msedge-ref:
      - 'Ref A: 29FEABD87ED144A7ABC5550471CF4487 Ref B: MNZ221060619037 Ref C: 2024-11-29T07:09:21Z'
    status:
      code: 200
      message: OK
- request:
    body: '{"location": "eastus2euap", "name": "TestNspProfile"}'
    headers:
      Accept:
      - application/json
      Accept-Encoding:
      - gzip, deflate
      CommandName:
      - network perimeter profile create
      Connection:
      - keep-alive
      Content-Length:
      - '53'
      Content-Type:
      - application/json
      ParameterSetName:
      - --name --perimeter-name --resource-group
      User-Agent:
      - AZURECLI/2.67.0 azsdk-python-core/1.31.0 Python/3.12.7 (Windows-11-10.0.22631-SP0)
    method: PUT
    uri: https://management.azure.com/subscriptions/00000000-0000-0000-0000-000000000000/resourceGroups/test_nsp_profile_crud000001/providers/Microsoft.Network/networkSecurityPerimeters/TestNetworkSecurityPerimeter/profiles/TestNspProfile?api-version=2023-08-01-preview
  response:
    body:
      string: '{"name":"TestNspProfile","id":"/subscriptions/00000000-0000-0000-0000-000000000000/resourceGroups/test_nsp_profile_crud000001/providers/Microsoft.Network/networkSecurityPerimeters/TestNetworkSecurityPerimeter/profiles/TestNspProfile","type":"Microsoft.Network/networkSecurityPerimeters/profiles","properties":{"accessRulesVersion":"0","diagnosticSettingsVersion":"0"},"location":"eastus2euap"}'
    headers:
      cache-control:
      - no-cache
      content-length:
      - '393'
      content-type:
      - application/json; charset=utf-8
      date:
      - Fri, 29 Nov 2024 07:09:22 GMT
      expires:
      - '-1'
      pragma:
      - no-cache
      strict-transport-security:
      - max-age=31536000; includeSubDomains
      x-cache:
      - CONFIG_NOCACHE
      x-content-type-options:
      - nosniff
      x-ms-ratelimit-remaining-subscription-global-writes:
      - '11999'
      x-ms-ratelimit-remaining-subscription-writes:
      - '799'
      x-msedge-ref:
      - 'Ref A: 33C01E14BD2442D89A1EEE9451827F9D Ref B: MNZ221060619011 Ref C: 2024-11-29T07:09:21Z'
    status:
      code: 200
      message: OK
- request:
    body: null
    headers:
      Accept:
      - application/json
      Accept-Encoding:
      - gzip, deflate
      CommandName:
      - network perimeter profile show
      Connection:
      - keep-alive
      ParameterSetName:
      - --name --perimeter-name --resource-group
      User-Agent:
      - AZURECLI/2.67.0 azsdk-python-core/1.31.0 Python/3.12.7 (Windows-11-10.0.22631-SP0)
    method: GET
    uri: https://management.azure.com/subscriptions/00000000-0000-0000-0000-000000000000/resourceGroups/test_nsp_profile_crud000001/providers/Microsoft.Network/networkSecurityPerimeters/TestNetworkSecurityPerimeter/profiles/TestNspProfile?api-version=2023-08-01-preview
  response:
    body:
      string: '{"name":"TestNspProfile","id":"/subscriptions/00000000-0000-0000-0000-000000000000/resourceGroups/test_nsp_profile_crud000001/providers/Microsoft.Network/networkSecurityPerimeters/TestNetworkSecurityPerimeter/profiles/TestNspProfile","type":"Microsoft.Network/networkSecurityPerimeters/profiles","properties":{"accessRulesVersion":"0","diagnosticSettingsVersion":"0"},"location":"eastus2euap"}'
    headers:
      cache-control:
      - no-cache
      content-length:
      - '393'
      content-type:
      - application/json; charset=utf-8
      date:
      - Fri, 29 Nov 2024 07:09:23 GMT
      expires:
      - '-1'
      pragma:
      - no-cache
      strict-transport-security:
      - max-age=31536000; includeSubDomains
      x-cache:
      - CONFIG_NOCACHE
      x-content-type-options:
      - nosniff
      x-ms-ratelimit-remaining-subscription-global-reads:
      - '16499'
      x-msedge-ref:
      - 'Ref A: 3CE3FE0CFB9244DF8583293E7E308D75 Ref B: MNZ221060608029 Ref C: 2024-11-29T07:09:22Z'
    status:
      code: 200
      message: OK
- request:
    body: null
    headers:
      Accept:
      - application/json
      Accept-Encoding:
      - gzip, deflate
      CommandName:
      - network perimeter profile list
      Connection:
      - keep-alive
      ParameterSetName:
      - --perimeter-name --resource-group
      User-Agent:
      - AZURECLI/2.67.0 azsdk-python-core/1.31.0 Python/3.12.7 (Windows-11-10.0.22631-SP0)
    method: GET
    uri: https://management.azure.com/subscriptions/00000000-0000-0000-0000-000000000000/resourceGroups/test_nsp_profile_crud000001/providers/Microsoft.Network/networkSecurityPerimeters/TestNetworkSecurityPerimeter/profiles?api-version=2023-08-01-preview
  response:
    body:
      string: '{"nextLink":"","value":[{"name":"TestNspProfile","id":"/subscriptions/00000000-0000-0000-0000-000000000000/resourceGroups/test_nsp_profile_crud000001/providers/Microsoft.Network/networkSecurityPerimeters/TestNetworkSecurityPerimeter/profiles/TestNspProfile","type":"Microsoft.Network/networkSecurityPerimeters/profiles","properties":{"accessRulesVersion":"0","diagnosticSettingsVersion":"0"},"location":"eastus2euap"}]}'
    headers:
      cache-control:
      - no-cache
      content-length:
      - '419'
      content-type:
      - application/json; charset=utf-8
      date:
      - Fri, 29 Nov 2024 07:09:23 GMT
      expires:
      - '-1'
      pragma:
      - no-cache
      strict-transport-security:
      - max-age=31536000; includeSubDomains
      x-cache:
      - CONFIG_NOCACHE
      x-content-type-options:
      - nosniff
      x-ms-ratelimit-remaining-subscription-global-reads:
      - '16499'
      x-msedge-ref:
      - 'Ref A: 90C169F1366C447CA23A877445F6720B Ref B: MNZ221060608019 Ref C: 2024-11-29T07:09:24Z'
    status:
      code: 200
      message: OK
- request:
    body: null
    headers:
      Accept:
      - '*/*'
      Accept-Encoding:
      - gzip, deflate
      CommandName:
      - network perimeter profile delete
      Connection:
      - keep-alive
      Content-Length:
      - '0'
      ParameterSetName:
      - --name --perimeter-name --resource-group --yes
      User-Agent:
      - AZURECLI/2.67.0 azsdk-python-core/1.31.0 Python/3.12.7 (Windows-11-10.0.22631-SP0)
    method: DELETE
    uri: https://management.azure.com/subscriptions/00000000-0000-0000-0000-000000000000/resourceGroups/test_nsp_profile_crud000001/providers/Microsoft.Network/networkSecurityPerimeters/TestNetworkSecurityPerimeter/profiles/TestNspProfile?api-version=2023-08-01-preview
  response:
    body:
      string: ''
    headers:
      cache-control:
      - no-cache
      content-length:
      - '0'
      date:
      - Fri, 29 Nov 2024 07:09:25 GMT
      expires:
      - '-1'
      pragma:
      - no-cache
      strict-transport-security:
      - max-age=31536000; includeSubDomains
      x-cache:
      - CONFIG_NOCACHE
      x-content-type-options:
      - nosniff
      x-ms-ratelimit-remaining-subscription-deletes:
      - '799'
      x-ms-ratelimit-remaining-subscription-global-deletes:
      - '11999'
      x-msedge-ref:
      - 'Ref A: 3F22CEEED4F94976AE84C2ADAE60B4F2 Ref B: MNZ221060618033 Ref C: 2024-11-29T07:09:24Z'
    status:
      code: 200
      message: OK
version: 1
