interactions:
- request:
    body: '{"location": "eastus2euap", "name": "TestNetworkSecurityPerimeter"}'
    headers:
      Accept:
      - application/json
      Accept-Encoding:
      - gzip, deflate
      CommandName:
      - network perimeter create
      Connection:
      - keep-alive
      Content-Length:
      - '67'
      Content-Type:
      - application/json
      ParameterSetName:
      - --name -l --resource-group
      User-Agent:
      - AZURECLI/2.65.0 azsdk-python-core/1.31.0 Python/3.12.7 (Windows-11-10.0.22631-SP0)
    method: PUT
    uri: https://management.azure.com/subscriptions/00000000-0000-0000-0000-000000000000/resourceGroups/test_nsp_logging_configuration_crud000001/providers/Microsoft.Network/networkSecurityPerimeters/TestNetworkSecurityPerimeter?api-version=2023-08-01-preview
  response:
    body:
      string: '{"name":"TestNetworkSecurityPerimeter","id":"/subscriptions/00000000-0000-0000-0000-000000000000/resourceGroups/test_nsp_logging_configuration_crud000001/providers/Microsoft.Network/networkSecurityPerimeters/TestNetworkSecurityPerimeter","location":"eastus2euap","type":"Microsoft.Network/networkSecurityPerimeters","tags":{},"etag":"","properties":{"perimeterGuid":"1acbc851-1e80-4305-8e2b-f958d57ca699","provisioningState":"Succeeded"}}'
    headers:
      cache-control:
      - no-cache
      content-length:
      - '438'
      content-type:
      - application/json; charset=utf-8
      date:
      - Tue, 15 Oct 2024 11:00:46 GMT
      expires:
      - '-1'
      pragma:
      - no-cache
      strict-transport-security:
      - max-age=31536000; includeSubDomains
      x-cache:
      - CONFIG_NOCACHE
      x-content-type-options:
      - nosniff
      x-ms-ratelimit-remaining-subscription-global-writes:
      - '11999'
      x-ms-ratelimit-remaining-subscription-writes:
      - '799'
      x-msedge-ref:
      - 'Ref A: F9D4E53C39A5458EB20443CF4F50A7E2 Ref B: BN1AA2051012017 Ref C: 2024-10-15T11:00:45Z'
    status:
      code: 200
      message: OK
- request:
    body: '{"properties": {"enabledLogCategories": ["NspPublicInboundPerimeterRulesDenied"]}}'
    headers:
      Accept:
      - application/json
      Accept-Encoding:
      - gzip, deflate
      CommandName:
      - network perimeter logging-configuration create
      Connection:
      - keep-alive
      Content-Length:
      - '82'
      Content-Type:
      - application/json
      ParameterSetName:
      - --perimeter-name --resource-group --enabled-log-categories
      User-Agent:
      - AZURECLI/2.65.0 azsdk-python-core/1.31.0 Python/3.12.7 (Windows-11-10.0.22631-SP0)
    method: PUT
    uri: https://management.azure.com/subscriptions/00000000-0000-0000-0000-000000000000/resourceGroups/test_nsp_logging_configuration_crud000001/providers/Microsoft.Network/networkSecurityPerimeters/TestNetworkSecurityPerimeter/loggingConfigurations/instance?api-version=2023-08-01-preview
  response:
    body:
      string: '{"name":"instance","id":"/subscriptions/00000000-0000-0000-0000-000000000000/resourceGroups/test_nsp_logging_configuration_crud000001/providers/Microsoft.Network/networkSecurityPerimeters/TestNetworkSecurityPerimeter/loggingConfigurations/instance","type":"Microsoft.Network/networkSecurityPerimeters/loggingConfigurations","properties":{"version":"1","enabledLogCategories":["NspPublicInboundPerimeterRulesDenied"]}}'
    headers:
      cache-control:
      - no-cache
      content-length:
      - '417'
      content-type:
      - application/json; charset=utf-8
      date:
      - Tue, 15 Oct 2024 11:00:47 GMT
      expires:
      - '-1'
      pragma:
      - no-cache
      strict-transport-security:
      - max-age=31536000; includeSubDomains
      x-cache:
      - CONFIG_NOCACHE
      x-content-type-options:
      - nosniff
      x-ms-ratelimit-remaining-subscription-global-writes:
      - '11999'
      x-ms-ratelimit-remaining-subscription-writes:
      - '799'
      x-msedge-ref:
      - 'Ref A: B0E6CB52BA8840C6BEB74D9EA954D371 Ref B: BN1AA2051012019 Ref C: 2024-10-15T11:00:47Z'
    status:
      code: 200
      message: OK
- request:
    body: null
    headers:
      Accept:
      - application/json
      Accept-Encoding:
      - gzip, deflate
      CommandName:
      - network perimeter logging-configuration show
      Connection:
      - keep-alive
      ParameterSetName:
      - --perimeter-name --resource-group
      User-Agent:
      - AZURECLI/2.65.0 azsdk-python-core/1.31.0 Python/3.12.7 (Windows-11-10.0.22631-SP0)
    method: GET
    uri: https://management.azure.com/subscriptions/00000000-0000-0000-0000-000000000000/resourceGroups/test_nsp_logging_configuration_crud000001/providers/Microsoft.Network/networkSecurityPerimeters/TestNetworkSecurityPerimeter/loggingConfigurations/instance?api-version=2023-08-01-preview
  response:
    body:
      string: '{"name":"instance","id":"/subscriptions/00000000-0000-0000-0000-000000000000/resourceGroups/test_nsp_logging_configuration_crud000001/providers/Microsoft.Network/networkSecurityPerimeters/TestNetworkSecurityPerimeter/loggingConfigurations/instance","type":"Microsoft.Network/networkSecurityPerimeters/loggingConfigurations","properties":{"version":"1","enabledLogCategories":["NspPublicInboundPerimeterRulesDenied"]}}'
    headers:
      cache-control:
      - no-cache
      content-length:
      - '417'
      content-type:
      - application/json; charset=utf-8
      date:
      - Tue, 15 Oct 2024 11:00:48 GMT
      expires:
      - '-1'
      pragma:
      - no-cache
      strict-transport-security:
      - max-age=31536000; includeSubDomains
      x-cache:
      - CONFIG_NOCACHE
      x-content-type-options:
      - nosniff
      x-msedge-ref:
      - 'Ref A: CC343912DC704DA6A67EA82F6C535CC7 Ref B: BN1AA2051014027 Ref C: 2024-10-15T11:00:48Z'
    status:
      code: 200
      message: OK
- request:
    body: null
    headers:
      Accept:
      - application/json
      Accept-Encoding:
      - gzip, deflate
      CommandName:
      - network perimeter logging-configuration update
      Connection:
      - keep-alive
      ParameterSetName:
      - --perimeter-name --resource-group --enabled-log-categories
      User-Agent:
      - AZURECLI/2.65.0 azsdk-python-core/1.31.0 Python/3.12.7 (Windows-11-10.0.22631-SP0)
    method: GET
    uri: https://management.azure.com/subscriptions/00000000-0000-0000-0000-000000000000/resourceGroups/test_nsp_logging_configuration_crud000001/providers/Microsoft.Network/networkSecurityPerimeters/TestNetworkSecurityPerimeter/loggingConfigurations/instance?api-version=2023-08-01-preview
  response:
    body:
      string: '{"name":"instance","id":"/subscriptions/00000000-0000-0000-0000-000000000000/resourceGroups/test_nsp_logging_configuration_crud000001/providers/Microsoft.Network/networkSecurityPerimeters/TestNetworkSecurityPerimeter/loggingConfigurations/instance","type":"Microsoft.Network/networkSecurityPerimeters/loggingConfigurations","properties":{"version":"1","enabledLogCategories":["NspPublicInboundPerimeterRulesDenied"]}}'
    headers:
      cache-control:
      - no-cache
      content-length:
      - '417'
      content-type:
      - application/json; charset=utf-8
      date:
      - Tue, 15 Oct 2024 11:00:50 GMT
      expires:
      - '-1'
      pragma:
      - no-cache
      strict-transport-security:
      - max-age=31536000; includeSubDomains
      x-cache:
      - CONFIG_NOCACHE
      x-content-type-options:
      - nosniff
      x-ms-ratelimit-remaining-subscription-global-reads:
      - '16499'
      x-msedge-ref:
      - 'Ref A: 46BF76FBE83149F7B0C63A4A5F8AB33F Ref B: BN1AA2051013053 Ref C: 2024-10-15T11:00:49Z'
    status:
      code: 200
      message: OK
- request:
    body: '{"name": "instance", "properties": {"enabledLogCategories": ["NspPublicInboundPerimeterRulesDenied",
      "NspPublicOutboundPerimeterRulesDenied"]}}'
    headers:
      Accept:
      - application/json
      Accept-Encoding:
      - gzip, deflate
      CommandName:
      - network perimeter logging-configuration update
      Connection:
      - keep-alive
      Content-Length:
      - '143'
      Content-Type:
      - application/json
      ParameterSetName:
      - --perimeter-name --resource-group --enabled-log-categories
      User-Agent:
      - AZURECLI/2.65.0 azsdk-python-core/1.31.0 Python/3.12.7 (Windows-11-10.0.22631-SP0)
    method: PUT
    uri: https://management.azure.com/subscriptions/00000000-0000-0000-0000-000000000000/resourceGroups/test_nsp_logging_configuration_crud000001/providers/Microsoft.Network/networkSecurityPerimeters/TestNetworkSecurityPerimeter/loggingConfigurations/instance?api-version=2023-08-01-preview
  response:
    body:
      string: '{"name":"instance","id":"/subscriptions/00000000-0000-0000-0000-000000000000/resourceGroups/test_nsp_logging_configuration_crud000001/providers/Microsoft.Network/networkSecurityPerimeters/TestNetworkSecurityPerimeter/loggingConfigurations/instance","type":"Microsoft.Network/networkSecurityPerimeters/loggingConfigurations","properties":{"version":"2","enabledLogCategories":["NspPublicInboundPerimeterRulesDenied","NspPublicOutboundPerimeterRulesDenied"]}}'
    headers:
      cache-control:
      - no-cache
      content-length:
      - '457'
      content-type:
      - application/json; charset=utf-8
      date:
      - Tue, 15 Oct 2024 11:00:51 GMT
      expires:
      - '-1'
      pragma:
      - no-cache
      strict-transport-security:
      - max-age=31536000; includeSubDomains
      x-cache:
      - CONFIG_NOCACHE
      x-content-type-options:
      - nosniff
      x-ms-ratelimit-remaining-subscription-global-writes:
      - '11999'
      x-ms-ratelimit-remaining-subscription-writes:
      - '799'
      x-msedge-ref:
      - 'Ref A: 4C1175E54E974398B4DF259C850232C7 Ref B: BN1AA2051013053 Ref C: 2024-10-15T11:00:50Z'
    status:
      code: 200
      message: OK
- request:
    body: null
    headers:
      Accept:
      - application/json
      Accept-Encoding:
      - gzip, deflate
      CommandName:
      - network perimeter logging-configuration show
      Connection:
      - keep-alive
      ParameterSetName:
      - --perimeter-name --resource-group
      User-Agent:
      - AZURECLI/2.65.0 azsdk-python-core/1.31.0 Python/3.12.7 (Windows-11-10.0.22631-SP0)
    method: GET
    uri: https://management.azure.com/subscriptions/00000000-0000-0000-0000-000000000000/resourceGroups/test_nsp_logging_configuration_crud000001/providers/Microsoft.Network/networkSecurityPerimeters/TestNetworkSecurityPerimeter/loggingConfigurations/instance?api-version=2023-08-01-preview
  response:
    body:
      string: '{"name":"instance","id":"/subscriptions/00000000-0000-0000-0000-000000000000/resourceGroups/test_nsp_logging_configuration_crud000001/providers/Microsoft.Network/networkSecurityPerimeters/TestNetworkSecurityPerimeter/loggingConfigurations/instance","type":"Microsoft.Network/networkSecurityPerimeters/loggingConfigurations","properties":{"version":"2","enabledLogCategories":["NspPublicInboundPerimeterRulesDenied","NspPublicOutboundPerimeterRulesDenied"]}}'
    headers:
      cache-control:
      - no-cache
      content-length:
      - '457'
      content-type:
      - application/json; charset=utf-8
      date:
      - Tue, 15 Oct 2024 11:00:54 GMT
      expires:
      - '-1'
      pragma:
      - no-cache
      strict-transport-security:
      - max-age=31536000; includeSubDomains
      x-cache:
      - CONFIG_NOCACHE
      x-content-type-options:
      - nosniff
      x-msedge-ref:
      - 'Ref A: 1F1A7061F906493981E1C150FF3DFEF6 Ref B: BN1AA2051014009 Ref C: 2024-10-15T11:00:52Z'
    status:
      code: 200
      message: OK
- request:
    body: null
    headers:
      Accept:
      - '*/*'
      Accept-Encoding:
      - gzip, deflate
      CommandName:
      - network perimeter logging-configuration delete
      Connection:
      - keep-alive
      Content-Length:
      - '0'
      ParameterSetName:
      - --perimeter-name --resource-group --yes
      User-Agent:
      - AZURECLI/2.65.0 azsdk-python-core/1.31.0 Python/3.12.7 (Windows-11-10.0.22631-SP0)
    method: DELETE
    uri: https://management.azure.com/subscriptions/00000000-0000-0000-0000-000000000000/resourceGroups/test_nsp_logging_configuration_crud000001/providers/Microsoft.Network/networkSecurityPerimeters/TestNetworkSecurityPerimeter/loggingConfigurations/instance?api-version=2023-08-01-preview
  response:
    body:
      string: ''
    headers:
      cache-control:
      - no-cache
      content-length:
      - '0'
      date:
      - Tue, 15 Oct 2024 11:00:56 GMT
      expires:
      - '-1'
      pragma:
      - no-cache
      strict-transport-security:
      - max-age=31536000; includeSubDomains
      x-cache:
      - CONFIG_NOCACHE
      x-content-type-options:
      - nosniff
      x-ms-ratelimit-remaining-subscription-deletes:
      - '14999'
      x-msedge-ref:
      - 'Ref A: 863BAD3ECAF243D1B859C403AF5ED046 Ref B: BN1AA2051015017 Ref C: 2024-10-15T11:00:55Z'
    status:
      code: 200
      message: OK
- request:
    body: null
    headers:
      Accept:
      - application/json
      Accept-Encoding:
      - gzip, deflate
      CommandName:
      - network perimeter logging-configuration show
      Connection:
      - keep-alive
      ParameterSetName:
      - --perimeter-name --resource-group
      User-Agent:
      - AZURECLI/2.65.0 azsdk-python-core/1.31.0 Python/3.12.7 (Windows-11-10.0.22631-SP0)
    method: GET
    uri: https://management.azure.com/subscriptions/00000000-0000-0000-0000-000000000000/resourceGroups/test_nsp_logging_configuration_crud000001/providers/Microsoft.Network/networkSecurityPerimeters/TestNetworkSecurityPerimeter/loggingConfigurations/instance?api-version=2023-08-01-preview
  response:
    body:
      string: '{"error":{"message":"Resource [/subscriptions/00000000-0000-0000-0000-000000000000/resourceGroups/test_nsp_logging_configuration_crud000001/providers/Microsoft.Network/networkSecurityPerimeters/TestNetworkSecurityPerimeter/loggingConfigurations/instance]
        does not exist or has been deleted","code":"NotFound"}}'
    headers:
      cache-control:
      - no-cache
      content-length:
      - '310'
      content-type:
      - application/json; charset=utf-8
      date:
      - Tue, 15 Oct 2024 11:00:58 GMT
      expires:
      - '-1'
      pragma:
      - no-cache
      strict-transport-security:
      - max-age=31536000; includeSubDomains
      x-cache:
      - CONFIG_NOCACHE
      x-content-type-options:
      - nosniff
      x-ms-ratelimit-remaining-subscription-global-reads:
      - '16499'
      x-msedge-ref:
      - 'Ref A: 90F0312055E34E4D9CC0FEC169AA17AA Ref B: BN1AA2051013029 Ref C: 2024-10-15T11:00:57Z'
    status:
      code: 404
      message: Not Found
version: 1
