interactions:
- request:
    body: '{"location": "eastus2euap", "name": "TestNetworkSecurityPerimeter"}'
    headers:
      Accept:
      - application/json
      Accept-Encoding:
      - gzip, deflate
      CommandName:
      - network perimeter create
      Connection:
      - keep-alive
      Content-Length:
      - '67'
      Content-Type:
      - application/json
      ParameterSetName:
      - --name -l --resource-group
      User-Agent:
      - AZURECLI/2.47.0 (AAZ) azsdk-python-core/1.24.0 Python/3.9.7 (Windows-10-10.0.22621-SP0)
    method: PUT
    uri: https://management.azure.com/subscriptions/00000000-0000-0000-0000-000000000000/resourceGroups/test_nsp_association_crud000001/providers/Microsoft.Network/networkSecurityPerimeters/TestNetworkSecurityPerimeter?api-version=2021-02-01-preview
  response:
    body:
      string: '{"name":"TestNetworkSecurityPerimeter","id":"/subscriptions/00000000-0000-0000-0000-000000000000/resourceGroups/test_nsp_association_crud000001/providers/Microsoft.Network/networkSecurityPerimeters/TestNetworkSecurityPerimeter","location":"eastus2euap","type":"Microsoft.Network/networkSecurityPerimeters","tags":{},"etag":"","properties":{"perimeterGuid":"f34e9061-7304-431d-bbd9-3586393bbaae","provisioningState":"Succeeded"}}'
    headers:
      cache-control:
      - no-cache
      content-length:
      - '428'
      content-type:
      - application/json; charset=utf-8
      date:
      - Tue, 11 Apr 2023 07:35:53 GMT
      expires:
      - '-1'
      pragma:
      - no-cache
      server:
      - Kestrel
      strict-transport-security:
      - max-age=31536000; includeSubDomains
      transfer-encoding:
      - chunked
      vary:
      - Accept-Encoding
      x-content-type-options:
      - nosniff
      x-ms-ratelimit-remaining-subscription-writes:
      - '1198'
    status:
      code: 200
      message: OK
- request:
    body: null
    headers:
      Accept:
      - application/json
      Accept-Encoding:
      - gzip, deflate
      CommandName:
      - network perimeter profile create
      Connection:
      - keep-alive
      ParameterSetName:
      - --name --perimeter-name --resource-group
      User-Agent:
      - AZURECLI/2.47.0 azsdk-python-azure-mgmt-resource/22.0.0 Python/3.9.7 (Windows-10-10.0.22621-SP0)
    method: GET
    uri: https://management.azure.com/subscriptions/00000000-0000-0000-0000-000000000000/resourcegroups/test_nsp_association_crud000001?api-version=2022-09-01
  response:
    body:
      string: '{"id":"/subscriptions/00000000-0000-0000-0000-000000000000/resourceGroups/test_nsp_association_crud000001","name":"test_nsp_association_crud000001","type":"Microsoft.Resources/resourceGroups","location":"eastus2euap","tags":{"product":"azurecli","cause":"automation","date":"2023-04-11T07:35:33Z","Created":"2023-04-11T07:35:42.2379099Z"},"properties":{"provisioningState":"Succeeded"}}'
    headers:
      cache-control:
      - no-cache
      content-length:
      - '386'
      content-type:
      - application/json; charset=utf-8
      date:
      - Tue, 11 Apr 2023 07:35:54 GMT
      expires:
      - '-1'
      pragma:
      - no-cache
      strict-transport-security:
      - max-age=31536000; includeSubDomains
      vary:
      - Accept-Encoding
      x-content-type-options:
      - nosniff
    status:
      code: 200
      message: OK
- request:
    body: '{"location": "eastus2euap", "name": "TestNspProfile"}'
    headers:
      Accept:
      - application/json
      Accept-Encoding:
      - gzip, deflate
      CommandName:
      - network perimeter profile create
      Connection:
      - keep-alive
      Content-Length:
      - '53'
      Content-Type:
      - application/json
      ParameterSetName:
      - --name --perimeter-name --resource-group
      User-Agent:
      - AZURECLI/2.47.0 (AAZ) azsdk-python-core/1.24.0 Python/3.9.7 (Windows-10-10.0.22621-SP0)
    method: PUT
    uri: https://management.azure.com/subscriptions/00000000-0000-0000-0000-000000000000/resourceGroups/test_nsp_association_crud000001/providers/Microsoft.Network/networkSecurityPerimeters/TestNetworkSecurityPerimeter/profiles/TestNspProfile?api-version=2021-02-01-preview
  response:
    body:
      string: '{"name":"TestNspProfile","id":"/subscriptions/00000000-0000-0000-0000-000000000000/resourceGroups/test_nsp_association_crud000001/providers/Microsoft.Network/networkSecurityPerimeters/TestNetworkSecurityPerimeter/profiles/TestNspProfile","type":"Microsoft.Network/networkSecurityPerimeters/profiles","properties":{"accessRulesVersion":"0","diagnosticSettingsVersion":"0"},"location":"eastus2euap"}'
    headers:
      cache-control:
      - no-cache
      content-length:
      - '397'
      content-type:
      - application/json; charset=utf-8
      date:
      - Tue, 11 Apr 2023 07:35:55 GMT
      expires:
      - '-1'
      pragma:
      - no-cache
      server:
      - Kestrel
      strict-transport-security:
      - max-age=31536000; includeSubDomains
      transfer-encoding:
      - chunked
      vary:
      - Accept-Encoding
      x-content-type-options:
      - nosniff
      x-ms-ratelimit-remaining-subscription-writes:
      - '1198'
    status:
      code: 200
      message: OK
- request:
    body: null
    headers:
      Accept:
      - application/json
      Accept-Encoding:
      - gzip, deflate
      CommandName:
      - keyvault create
      Connection:
      - keep-alive
      ParameterSetName:
      - --name -l --resource-group
      User-Agent:
      - AZURECLI/2.47.0 azsdk-python-azure-mgmt-keyvault/10.2.0 Python/3.9.7 (Windows-10-10.0.22621-SP0)
    method: GET
    uri: https://management.azure.com/subscriptions/00000000-0000-0000-0000-000000000000/resourceGroups/test_nsp_association_crud000001/providers/Microsoft.KeyVault/vaults/kvclinsp7?api-version=2023-02-01
  response:
    body:
      string: '{"error":{"code":"ResourceNotFound","message":"The Resource ''Microsoft.KeyVault/vaults/kvclinsp7''
        under resource group ''test_nsp_association_crud000001'' was not found. For
        more details please go to https://aka.ms/ARMResourceNotFoundFix"}}'
    headers:
      cache-control:
      - no-cache
      content-length:
      - '238'
      content-type:
      - application/json; charset=utf-8
      date:
      - Tue, 11 Apr 2023 07:35:57 GMT
      expires:
      - '-1'
      pragma:
      - no-cache
      strict-transport-security:
      - max-age=31536000; includeSubDomains
      x-content-type-options:
      - nosniff
      x-ms-failure-cause:
      - gateway
    status:
      code: 404
      message: Not Found
- request:
    body: null
    headers:
      Accept:
      - '*/*'
      Accept-Encoding:
      - gzip, deflate
      CommandName:
      - keyvault create
      Connection:
      - keep-alive
      ParameterSetName:
      - --name -l --resource-group
      User-Agent:
      - python/3.9.7 (Windows-10-10.0.22621-SP0) AZURECLI/2.47.0
    method: GET
    uri: https://graph.microsoft.com/v1.0/me
  response:
    body:
      string: '{"@odata.context":"https://graph.microsoft.com/v1.0/$metadata#users/$entity","businessPhones":[],"displayName":"Kaushal
        Kumar","givenName":"Kaushal","jobTitle":"SOFTWARE ENGINEER II","mail":"kumarkaushal@microsoft.com","mobilePhone":null,"officeLocation":"BENGALURU
        LUXOR-MIRPL/Mobile","preferredLanguage":null,"surname":"Kumar","userPrincipalName":"kumarkaushal@microsoft.com","id":"57bfe214-9fdd-4732-bc3d-410323de367f"}'
    headers:
      cache-control:
      - no-cache
      content-length:
      - '422'
      content-type:
      - application/json;odata.metadata=minimal;odata.streaming=true;IEEE754Compatible=false;charset=utf-8
      date:
      - Tue, 11 Apr 2023 07:35:57 GMT
      odata-version:
      - '4.0'
      request-id:
      - caa1ac32-9d2b-435c-9ce1-289ee9bc1d81
      strict-transport-security:
      - max-age=31536000
      transfer-encoding:
      - chunked
      vary:
      - Accept-Encoding
      x-ms-ags-diagnostic:
      - '{"ServerInfo":{"DataCenter":"South India","Slice":"E","Ring":"2","ScaleUnit":"000","RoleInstance":"MA1PEPF00004253"}}'
      x-ms-resource-unit:
      - '1'
    status:
      code: 200
      message: OK
- request:
    body: '{"location": "eastus2euap", "properties": {"tenantId": "72f988bf-86f1-41af-91ab-2d7cd011db47",
      "sku": {"family": "A", "name": "standard"}, "accessPolicies": [{"tenantId":
      "72f988bf-86f1-41af-91ab-2d7cd011db47", "objectId": "57bfe214-9fdd-4732-bc3d-410323de367f",
      "permissions": {"keys": ["all"], "secrets": ["all"], "certificates": ["all"],
      "storage": ["all"]}}], "enableSoftDelete": true, "softDeleteRetentionInDays":
      90, "networkAcls": {"bypass": "AzureServices", "defaultAction": "Allow"}}}'
    headers:
      Accept:
      - application/json
      Accept-Encoding:
      - gzip, deflate
      CommandName:
      - keyvault create
      Connection:
      - keep-alive
      Content-Length:
      - '493'
      Content-Type:
      - application/json
      ParameterSetName:
      - --name -l --resource-group
      User-Agent:
      - AZURECLI/2.47.0 azsdk-python-azure-mgmt-keyvault/10.2.0 Python/3.9.7 (Windows-10-10.0.22621-SP0)
    method: PUT
    uri: https://management.azure.com/subscriptions/00000000-0000-0000-0000-000000000000/resourceGroups/test_nsp_association_crud000001/providers/Microsoft.KeyVault/vaults/kvclinsp7?api-version=2023-02-01
  response:
    body:
      string: '{"id":"/subscriptions/00000000-0000-0000-0000-000000000000/resourceGroups/test_nsp_association_crud000001/providers/Microsoft.KeyVault/vaults/kvclinsp7","name":"kvclinsp7","type":"Microsoft.KeyVault/vaults","location":"eastus2euap","tags":{},"systemData":{"createdBy":"kumarkaushal@microsoft.com","createdByType":"User","createdAt":"2023-04-11T07:36:01.498Z","lastModifiedBy":"kumarkaushal@microsoft.com","lastModifiedByType":"User","lastModifiedAt":"2023-04-11T07:36:01.498Z"},"properties":{"sku":{"family":"A","name":"standard"},"tenantId":"72f988bf-86f1-41af-91ab-2d7cd011db47","accessPolicies":[{"tenantId":"72f988bf-86f1-41af-91ab-2d7cd011db47","objectId":"57bfe214-9fdd-4732-bc3d-410323de367f","permissions":{"keys":["all"],"secrets":["all"],"certificates":["all"],"storage":["all"]}}],"enabledForDeployment":false,"enableSoftDelete":true,"softDeleteRetentionInDays":90,"vaultUri":"https://kvclinsp7.vault.azure.net","provisioningState":"RegisteringDns","publicNetworkAccess":"Enabled"}}'
    headers:
      cache-control:
      - no-cache
      content-length:
      - '993'
      content-type:
      - application/json; charset=utf-8
      date:
      - Tue, 11 Apr 2023 07:36:05 GMT
      expires:
      - '-1'
      pragma:
      - no-cache
      server:
      - Microsoft-IIS/10.0
      strict-transport-security:
      - max-age=31536000; includeSubDomains
      transfer-encoding:
      - chunked
      vary:
      - Accept-Encoding
      x-aspnet-version:
      - 4.0.30319
      x-content-type-options:
      - nosniff
      x-ms-keyvault-service-version:
      - 1.5.692.1
      x-ms-ratelimit-remaining-subscription-writes:
      - '1196'
    status:
      code: 200
      message: OK
- request:
    body: null
    headers:
      Accept:
      - '*/*'
      Accept-Encoding:
      - gzip, deflate
      CommandName:
      - keyvault create
      Connection:
      - keep-alive
      ParameterSetName:
      - --name -l --resource-group
      User-Agent:
      - AZURECLI/2.47.0 azsdk-python-azure-mgmt-keyvault/10.2.0 Python/3.9.7 (Windows-10-10.0.22621-SP0)
    method: GET
    uri: https://management.azure.com/subscriptions/00000000-0000-0000-0000-000000000000/resourceGroups/test_nsp_association_crud000001/providers/Microsoft.KeyVault/vaults/kvclinsp7?api-version=2023-02-01
  response:
    body:
      string: '{"id":"/subscriptions/00000000-0000-0000-0000-000000000000/resourceGroups/test_nsp_association_crud000001/providers/Microsoft.KeyVault/vaults/kvclinsp7","name":"kvclinsp7","type":"Microsoft.KeyVault/vaults","location":"eastus2euap","tags":{},"systemData":{"createdBy":"kumarkaushal@microsoft.com","createdByType":"User","createdAt":"2023-04-11T07:36:01.498Z","lastModifiedBy":"kumarkaushal@microsoft.com","lastModifiedByType":"User","lastModifiedAt":"2023-04-11T07:36:01.498Z"},"properties":{"sku":{"family":"A","name":"standard"},"tenantId":"72f988bf-86f1-41af-91ab-2d7cd011db47","accessPolicies":[{"tenantId":"72f988bf-86f1-41af-91ab-2d7cd011db47","objectId":"57bfe214-9fdd-4732-bc3d-410323de367f","permissions":{"keys":["all"],"secrets":["all"],"certificates":["all"],"storage":["all"]}}],"enabledForDeployment":false,"enableSoftDelete":true,"softDeleteRetentionInDays":90,"vaultUri":"https://kvclinsp7.vault.azure.net/","provisioningState":"Succeeded","publicNetworkAccess":"Enabled"}}'
    headers:
      cache-control:
      - no-cache
      content-length:
      - '989'
      content-type:
      - application/json; charset=utf-8
      date:
      - Tue, 11 Apr 2023 07:36:35 GMT
      expires:
      - '-1'
      pragma:
      - no-cache
      server:
      - Microsoft-IIS/10.0
      strict-transport-security:
      - max-age=31536000; includeSubDomains
      transfer-encoding:
      - chunked
      vary:
      - Accept-Encoding
      x-aspnet-version:
      - 4.0.30319
      x-content-type-options:
      - nosniff
      x-ms-keyvault-service-version:
      - 1.5.692.1
    status:
      code: 200
      message: OK
- request:
    body: null
    headers:
      Accept:
      - application/json
      Accept-Encoding:
      - gzip, deflate
      CommandName:
      - network perimeter association create
      Connection:
      - keep-alive
      ParameterSetName:
      - --name --perimeter-name --resource-group --access-mode --private-link-resource
        --profile
      User-Agent:
      - AZURECLI/2.47.0 azsdk-python-azure-mgmt-resource/22.0.0 Python/3.9.7 (Windows-10-10.0.22621-SP0)
    method: GET
    uri: https://management.azure.com/subscriptions/00000000-0000-0000-0000-000000000000/resourcegroups/test_nsp_association_crud000001?api-version=2022-09-01
  response:
    body:
      string: '{"id":"/subscriptions/00000000-0000-0000-0000-000000000000/resourceGroups/test_nsp_association_crud000001","name":"test_nsp_association_crud000001","type":"Microsoft.Resources/resourceGroups","location":"eastus2euap","tags":{"product":"azurecli","cause":"automation","date":"2023-04-11T07:35:33Z","Created":"2023-04-11T07:35:42.2379099Z"},"properties":{"provisioningState":"Succeeded"}}'
    headers:
      cache-control:
      - no-cache
      content-length:
      - '386'
      content-type:
      - application/json; charset=utf-8
      date:
      - Tue, 11 Apr 2023 07:36:35 GMT
      expires:
      - '-1'
      pragma:
      - no-cache
      strict-transport-security:
      - max-age=31536000; includeSubDomains
      vary:
      - Accept-Encoding
      x-content-type-options:
      - nosniff
    status:
      code: 200
      message: OK
- request:
    body: '{"location": "eastus2euap", "name": "TestNspAssociation", "properties":
      {"accessMode": "Learning", "privateLinkResource": {"id": "/subscriptions/00000000-0000-0000-0000-000000000000/resourceGroups/test_nsp_association_crud000001/providers/Microsoft.KeyVault/vaults/kvclinsp7"},
      "profile": {"id": "/subscriptions/00000000-0000-0000-0000-000000000000/resourceGroups/test_nsp_association_crud000001/providers/Microsoft.Network/networkSecurityPerimeters/TestNetworkSecurityPerimeter/profiles/TestNspProfile"}}}'
    headers:
      Accept:
      - application/json
      Accept-Encoding:
      - gzip, deflate
      CommandName:
      - network perimeter association create
      Connection:
      - keep-alive
      Content-Length:
      - '506'
      Content-Type:
      - application/json
      ParameterSetName:
      - --name --perimeter-name --resource-group --access-mode --private-link-resource
        --profile
      User-Agent:
      - AZURECLI/2.47.0 (AAZ) azsdk-python-core/1.24.0 Python/3.9.7 (Windows-10-10.0.22621-SP0)
    method: PUT
    uri: https://management.azure.com/subscriptions/00000000-0000-0000-0000-000000000000/resourceGroups/test_nsp_association_crud000001/providers/Microsoft.Network/networkSecurityPerimeters/TestNetworkSecurityPerimeter/resourceAssociations/TestNspAssociation?api-version=2021-02-01-preview
  response:
    body:
      string: '{"name":"TestNspAssociation","id":"/subscriptions/00000000-0000-0000-0000-000000000000/resourceGroups/test_nsp_association_crud000001/providers/Microsoft.Network/networkSecurityPerimeters/TestNetworkSecurityPerimeter/resourceAssociations/TestNspAssociation","type":"Microsoft.Network/networkSecurityPerimeters/resourceAssociations","properties":{"privateLinkResource":{"id":"/subscriptions/00000000-0000-0000-0000-000000000000/resourceGroups/test_nsp_association_crud000001/providers/Microsoft.KeyVault/vaults/kvclinsp7"},"profile":{"id":"/subscriptions/00000000-0000-0000-0000-000000000000/resourceGroups/test_nsp_association_crud000001/providers/Microsoft.Network/networkSecurityPerimeters/TestNetworkSecurityPerimeter/profiles/TestNspProfile"},"accessMode":"Learning","provisioningState":"Succeeded","hasProvisioningIssues":"no"}}'
    headers:
      cache-control:
      - no-cache
      content-length:
      - '833'
      content-type:
      - application/json; charset=utf-8
      date:
      - Tue, 11 Apr 2023 07:36:39 GMT
      expires:
      - '-1'
      location:
      - https://management.azure.com/subscriptions/00000000-0000-0000-0000-000000000000/resourceGroups/test_nsp_association_crud000001/providers/Microsoft.Network/networkSecurityPerimeters/TestNetworkSecurityPerimeter/resourceAssociations/TestNspAssociation?api-version=2021-02-01-preview
      pragma:
      - no-cache
      server:
      - Kestrel
      strict-transport-security:
      - max-age=31536000; includeSubDomains
      x-content-type-options:
      - nosniff
      x-ms-ratelimit-remaining-subscription-writes:
      - '1195'
    status:
      code: 201
      message: Created
- request:
    body: null
    headers:
      Accept:
      - application/json
      Accept-Encoding:
      - gzip, deflate
      CommandName:
      - network perimeter association show
      Connection:
      - keep-alive
      ParameterSetName:
      - --name --perimeter-name --resource-group
      User-Agent:
      - AZURECLI/2.47.0 (AAZ) azsdk-python-core/1.24.0 Python/3.9.7 (Windows-10-10.0.22621-SP0)
    method: GET
    uri: https://management.azure.com/subscriptions/00000000-0000-0000-0000-000000000000/resourceGroups/test_nsp_association_crud000001/providers/Microsoft.Network/networkSecurityPerimeters/TestNetworkSecurityPerimeter/resourceAssociations/TestNspAssociation?api-version=2021-02-01-preview
  response:
    body:
      string: '{"name":"TestNspAssociation","id":"/subscriptions/00000000-0000-0000-0000-000000000000/resourceGroups/test_nsp_association_crud000001/providers/Microsoft.Network/networkSecurityPerimeters/TestNetworkSecurityPerimeter/resourceAssociations/TestNspAssociation","type":"Microsoft.Network/networkSecurityPerimeters/resourceAssociations","properties":{"privateLinkResource":{"id":"/subscriptions/00000000-0000-0000-0000-000000000000/resourceGroups/test_nsp_association_crud000001/providers/Microsoft.KeyVault/vaults/kvclinsp7"},"profile":{"id":"/subscriptions/00000000-0000-0000-0000-000000000000/resourceGroups/test_nsp_association_crud000001/providers/Microsoft.Network/networkSecurityPerimeters/TestNetworkSecurityPerimeter/profiles/TestNspProfile"},"accessMode":"Learning","provisioningState":"Succeeded","hasProvisioningIssues":"no"}}'
    headers:
      cache-control:
      - no-cache
      content-length:
      - '833'
      content-type:
      - application/json; charset=utf-8
      date:
      - Tue, 11 Apr 2023 07:36:42 GMT
      expires:
      - '-1'
      pragma:
      - no-cache
      server:
      - Kestrel
      strict-transport-security:
      - max-age=31536000; includeSubDomains
      transfer-encoding:
      - chunked
      vary:
      - Accept-Encoding
      x-content-type-options:
      - nosniff
    status:
      code: 200
      message: OK
- request:
    body: null
    headers:
      Accept:
      - application/json
      Accept-Encoding:
      - gzip, deflate
      CommandName:
      - network perimeter association update
      Connection:
      - keep-alive
      ParameterSetName:
      - --name --perimeter-name --resource-group --access-mode --private-link-resource
        --profile
      User-Agent:
      - AZURECLI/2.47.0 azsdk-python-azure-mgmt-resource/22.0.0 Python/3.9.7 (Windows-10-10.0.22621-SP0)
    method: GET
    uri: https://management.azure.com/subscriptions/00000000-0000-0000-0000-000000000000/resourcegroups/test_nsp_association_crud000001?api-version=2022-09-01
  response:
    body:
      string: '{"id":"/subscriptions/00000000-0000-0000-0000-000000000000/resourceGroups/test_nsp_association_crud000001","name":"test_nsp_association_crud000001","type":"Microsoft.Resources/resourceGroups","location":"eastus2euap","tags":{"product":"azurecli","cause":"automation","date":"2023-04-11T07:35:33Z","Created":"2023-04-11T07:35:42.2379099Z"},"properties":{"provisioningState":"Succeeded"}}'
    headers:
      cache-control:
      - no-cache
      content-length:
      - '386'
      content-type:
      - application/json; charset=utf-8
      date:
      - Tue, 11 Apr 2023 07:36:42 GMT
      expires:
      - '-1'
      pragma:
      - no-cache
      strict-transport-security:
      - max-age=31536000; includeSubDomains
      vary:
      - Accept-Encoding
      x-content-type-options:
      - nosniff
    status:
      code: 200
      message: OK
- request:
    body: null
    headers:
      Accept:
      - application/json
      Accept-Encoding:
      - gzip, deflate
      CommandName:
      - network perimeter association update
      Connection:
      - keep-alive
      ParameterSetName:
      - --name --perimeter-name --resource-group --access-mode --private-link-resource
        --profile
      User-Agent:
      - AZURECLI/2.47.0 (AAZ) azsdk-python-core/1.24.0 Python/3.9.7 (Windows-10-10.0.22621-SP0)
    method: GET
    uri: https://management.azure.com/subscriptions/00000000-0000-0000-0000-000000000000/resourceGroups/test_nsp_association_crud000001/providers/Microsoft.Network/networkSecurityPerimeters/TestNetworkSecurityPerimeter/resourceAssociations/TestNspAssociation?api-version=2021-02-01-preview
  response:
    body:
      string: '{"name":"TestNspAssociation","id":"/subscriptions/00000000-0000-0000-0000-000000000000/resourceGroups/test_nsp_association_crud000001/providers/Microsoft.Network/networkSecurityPerimeters/TestNetworkSecurityPerimeter/resourceAssociations/TestNspAssociation","type":"Microsoft.Network/networkSecurityPerimeters/resourceAssociations","properties":{"privateLinkResource":{"id":"/subscriptions/00000000-0000-0000-0000-000000000000/resourceGroups/test_nsp_association_crud000001/providers/Microsoft.KeyVault/vaults/kvclinsp7"},"profile":{"id":"/subscriptions/00000000-0000-0000-0000-000000000000/resourceGroups/test_nsp_association_crud000001/providers/Microsoft.Network/networkSecurityPerimeters/TestNetworkSecurityPerimeter/profiles/TestNspProfile"},"accessMode":"Learning","provisioningState":"Succeeded","hasProvisioningIssues":"no"}}'
    headers:
      cache-control:
      - no-cache
      content-length:
      - '833'
      content-type:
      - application/json; charset=utf-8
      date:
      - Tue, 11 Apr 2023 07:36:43 GMT
      expires:
      - '-1'
      pragma:
      - no-cache
      server:
      - Kestrel
      strict-transport-security:
      - max-age=31536000; includeSubDomains
      transfer-encoding:
      - chunked
      vary:
      - Accept-Encoding
      x-content-type-options:
      - nosniff
    status:
      code: 200
      message: OK
- request:
    body: '{"location": "eastus2euap", "name": "TestNspAssociation", "properties":
      {"accessMode": "Enforced", "privateLinkResource": {"id": "/subscriptions/00000000-0000-0000-0000-000000000000/resourceGroups/test_nsp_association_crud000001/providers/Microsoft.KeyVault/vaults/kvclinsp7"},
      "profile": {"id": "/subscriptions/00000000-0000-0000-0000-000000000000/resourceGroups/test_nsp_association_crud000001/providers/Microsoft.Network/networkSecurityPerimeters/TestNetworkSecurityPerimeter/profiles/TestNspProfile"}}}'
    headers:
      Accept:
      - application/json
      Accept-Encoding:
      - gzip, deflate
      CommandName:
      - network perimeter association update
      Connection:
      - keep-alive
      Content-Length:
      - '506'
      Content-Type:
      - application/json
      ParameterSetName:
      - --name --perimeter-name --resource-group --access-mode --private-link-resource
        --profile
      User-Agent:
      - AZURECLI/2.47.0 (AAZ) azsdk-python-core/1.24.0 Python/3.9.7 (Windows-10-10.0.22621-SP0)
    method: PUT
    uri: https://management.azure.com/subscriptions/00000000-0000-0000-0000-000000000000/resourceGroups/test_nsp_association_crud000001/providers/Microsoft.Network/networkSecurityPerimeters/TestNetworkSecurityPerimeter/resourceAssociations/TestNspAssociation?api-version=2021-02-01-preview
  response:
    body:
      string: '{"name":"TestNspAssociation","id":"/subscriptions/00000000-0000-0000-0000-000000000000/resourceGroups/test_nsp_association_crud000001/providers/Microsoft.Network/networkSecurityPerimeters/TestNetworkSecurityPerimeter/resourceAssociations/TestNspAssociation","type":"Microsoft.Network/networkSecurityPerimeters/resourceAssociations","properties":{"privateLinkResource":{"id":"/subscriptions/00000000-0000-0000-0000-000000000000/resourceGroups/test_nsp_association_crud000001/providers/Microsoft.KeyVault/vaults/kvclinsp7"},"profile":{"id":"/subscriptions/00000000-0000-0000-0000-000000000000/resourceGroups/test_nsp_association_crud000001/providers/Microsoft.Network/networkSecurityPerimeters/TestNetworkSecurityPerimeter/profiles/TestNspProfile"},"accessMode":"Enforced","provisioningState":"Succeeded","hasProvisioningIssues":"no"}}'
    headers:
      cache-control:
      - no-cache
      content-length:
      - '833'
      content-type:
      - application/json; charset=utf-8
      date:
      - Tue, 11 Apr 2023 07:36:45 GMT
      expires:
      - '-1'
      pragma:
      - no-cache
      server:
      - Kestrel
      strict-transport-security:
      - max-age=31536000; includeSubDomains
      transfer-encoding:
      - chunked
      vary:
      - Accept-Encoding
      x-content-type-options:
      - nosniff
      x-ms-ratelimit-remaining-subscription-writes:
      - '1195'
    status:
      code: 200
      message: OK
- request:
    body: null
    headers:
      Accept:
      - application/json
      Accept-Encoding:
      - gzip, deflate
      CommandName:
      - network perimeter association show
      Connection:
      - keep-alive
      ParameterSetName:
      - --name --perimeter-name --resource-group
      User-Agent:
      - AZURECLI/2.47.0 (AAZ) azsdk-python-core/1.24.0 Python/3.9.7 (Windows-10-10.0.22621-SP0)
    method: GET
    uri: https://management.azure.com/subscriptions/00000000-0000-0000-0000-000000000000/resourceGroups/test_nsp_association_crud000001/providers/Microsoft.Network/networkSecurityPerimeters/TestNetworkSecurityPerimeter/resourceAssociations/TestNspAssociation?api-version=2021-02-01-preview
  response:
    body:
      string: '{"name":"TestNspAssociation","id":"/subscriptions/00000000-0000-0000-0000-000000000000/resourceGroups/test_nsp_association_crud000001/providers/Microsoft.Network/networkSecurityPerimeters/TestNetworkSecurityPerimeter/resourceAssociations/TestNspAssociation","type":"Microsoft.Network/networkSecurityPerimeters/resourceAssociations","properties":{"privateLinkResource":{"id":"/subscriptions/00000000-0000-0000-0000-000000000000/resourceGroups/test_nsp_association_crud000001/providers/Microsoft.KeyVault/vaults/kvclinsp7"},"profile":{"id":"/subscriptions/00000000-0000-0000-0000-000000000000/resourceGroups/test_nsp_association_crud000001/providers/Microsoft.Network/networkSecurityPerimeters/TestNetworkSecurityPerimeter/profiles/TestNspProfile"},"accessMode":"Enforced","provisioningState":"Succeeded","hasProvisioningIssues":"no"}}'
    headers:
      cache-control:
      - no-cache
      content-length:
      - '833'
      content-type:
      - application/json; charset=utf-8
      date:
      - Tue, 11 Apr 2023 07:36:46 GMT
      expires:
      - '-1'
      pragma:
      - no-cache
      server:
      - Kestrel
      strict-transport-security:
      - max-age=31536000; includeSubDomains
      transfer-encoding:
      - chunked
      vary:
      - Accept-Encoding
      x-content-type-options:
      - nosniff
    status:
      code: 200
      message: OK
- request:
    body: null
    headers:
      Accept:
      - application/json
      Accept-Encoding:
      - gzip, deflate
      CommandName:
      - network perimeter association list
      Connection:
      - keep-alive
      ParameterSetName:
      - --perimeter-name --resource-group
      User-Agent:
      - AZURECLI/2.47.0 (AAZ) azsdk-python-core/1.24.0 Python/3.9.7 (Windows-10-10.0.22621-SP0)
    method: GET
    uri: https://management.azure.com/subscriptions/00000000-0000-0000-0000-000000000000/resourceGroups/test_nsp_association_crud000001/providers/Microsoft.Network/networkSecurityPerimeters/TestNetworkSecurityPerimeter/resourceAssociations?api-version=2021-02-01-preview
  response:
    body:
      string: '{"nextLink":"","value":[{"name":"TestNspAssociation","id":"/subscriptions/00000000-0000-0000-0000-000000000000/resourceGroups/test_nsp_association_crud000001/providers/Microsoft.Network/networkSecurityPerimeters/TestNetworkSecurityPerimeter/resourceAssociations/TestNspAssociation","type":"Microsoft.Network/networkSecurityPerimeters/resourceAssociations","properties":{"privateLinkResource":{"id":"/subscriptions/00000000-0000-0000-0000-000000000000/resourceGroups/test_nsp_association_crud000001/providers/Microsoft.KeyVault/vaults/kvclinsp7"},"profile":{"id":"/subscriptions/00000000-0000-0000-0000-000000000000/resourceGroups/test_nsp_association_crud000001/providers/Microsoft.Network/networkSecurityPerimeters/TestNetworkSecurityPerimeter/profiles/TestNspProfile"},"accessMode":"Enforced","provisioningState":"Succeeded","hasProvisioningIssues":"no"}}]}'
    headers:
      cache-control:
      - no-cache
      content-length:
      - '859'
      content-type:
      - application/json; charset=utf-8
      date:
      - Tue, 11 Apr 2023 07:36:48 GMT
      expires:
      - '-1'
      pragma:
      - no-cache
      server:
      - Kestrel
      strict-transport-security:
      - max-age=31536000; includeSubDomains
      transfer-encoding:
      - chunked
      vary:
      - Accept-Encoding
      x-content-type-options:
      - nosniff
    status:
      code: 200
      message: OK
- request:
    body: null
    headers:
      Accept:
      - '*/*'
      Accept-Encoding:
      - gzip, deflate
      CommandName:
      - network perimeter association delete
      Connection:
      - keep-alive
      Content-Length:
      - '0'
      ParameterSetName:
      - --name --perimeter-name --resource-group --yes
      User-Agent:
      - AZURECLI/2.47.0 (AAZ) azsdk-python-core/1.24.0 Python/3.9.7 (Windows-10-10.0.22621-SP0)
    method: DELETE
    uri: https://management.azure.com/subscriptions/00000000-0000-0000-0000-000000000000/resourceGroups/test_nsp_association_crud000001/providers/Microsoft.Network/networkSecurityPerimeters/TestNetworkSecurityPerimeter/resourceAssociations/TestNspAssociation?api-version=2021-02-01-preview
  response:
    body:
      string: ''
    headers:
      cache-control:
      - no-cache
      date:
      - Tue, 11 Apr 2023 07:36:49 GMT
      expires:
      - '-1'
      pragma:
      - no-cache
      server:
      - Kestrel
      strict-transport-security:
      - max-age=31536000; includeSubDomains
      x-content-type-options:
      - nosniff
      x-ms-ratelimit-remaining-subscription-deletes:
      - '14997'
    status:
      code: 204
      message: No Content
- request:
    body: null
    headers:
      Accept:
      - application/json
      Accept-Encoding:
      - gzip, deflate
      CommandName:
      - network perimeter association show
      Connection:
      - keep-alive
      ParameterSetName:
      - --name --perimeter-name --resource-group
      User-Agent:
      - AZURECLI/2.47.0 (AAZ) azsdk-python-core/1.24.0 Python/3.9.7 (Windows-10-10.0.22621-SP0)
    method: GET
    uri: https://management.azure.com/subscriptions/00000000-0000-0000-0000-000000000000/resourceGroups/test_nsp_association_crud000001/providers/Microsoft.Network/networkSecurityPerimeters/TestNetworkSecurityPerimeter/resourceAssociations/TestNspAssociation?api-version=2021-02-01-preview
  response:
    body:
      string: '{"error":{"message":"Resource [/subscriptions/00000000-0000-0000-0000-000000000000/resourceGroups/test_nsp_association_crud000001/providers/Microsoft.Network/networkSecurityPerimeters/TestNetworkSecurityPerimeter/resourceAssociations/TestNspAssociation]
        does not exist or has been deleted","code":"NotFound"}}'
    headers:
      cache-control:
      - no-cache
      content-length:
      - '309'
      content-type:
      - application/json; charset=utf-8
      date:
      - Tue, 11 Apr 2023 07:36:51 GMT
      expires:
      - '-1'
      pragma:
      - no-cache
      server:
      - Kestrel
      strict-transport-security:
      - max-age=31536000; includeSubDomains
      x-content-type-options:
      - nosniff
    status:
      code: 404
      message: Not Found
- request:
    body: null
    headers:
      Accept:
      - application/json
      Accept-Encoding:
      - gzip, deflate
      CommandName:
      - keyvault delete
      Connection:
      - keep-alive
      Content-Length:
      - '0'
      ParameterSetName:
      - --name --resource-group --no-wait
      User-Agent:
      - AZURECLI/2.47.0 azsdk-python-azure-mgmt-keyvault/10.2.0 Python/3.9.7 (Windows-10-10.0.22621-SP0)
    method: DELETE
    uri: https://management.azure.com/subscriptions/00000000-0000-0000-0000-000000000000/resourceGroups/test_nsp_association_crud000001/providers/Microsoft.KeyVault/vaults/kvclinsp7?api-version=2023-02-01
  response:
    body:
      string: ''
    headers:
      cache-control:
      - no-cache
      content-length:
      - '0'
      date:
      - Tue, 11 Apr 2023 07:37:02 GMT
      expires:
      - '-1'
      pragma:
      - no-cache
      server:
      - Microsoft-IIS/10.0
      strict-transport-security:
      - max-age=31536000; includeSubDomains
      x-aspnet-version:
      - 4.0.30319
      x-content-type-options:
      - nosniff
      x-ms-keyvault-service-version:
      - 1.5.692.1
      x-ms-ratelimit-remaining-subscription-deletes:
      - '14998'
    status:
      code: 200
      message: OK
- request:
    body: null
    headers:
      Accept:
      - application/json
      Accept-Encoding:
      - gzip, deflate
      CommandName:
      - keyvault purge
      Connection:
      - keep-alive
      ParameterSetName:
      - --name -l --no-wait
      User-Agent:
      - AZURECLI/2.47.0 azsdk-python-azure-mgmt-keyvault/10.2.0 Python/3.9.7 (Windows-10-10.0.22621-SP0)
    method: GET
    uri: https://management.azure.com/subscriptions/00000000-0000-0000-0000-000000000000/providers/Microsoft.KeyVault/locations/eastus2euap/deletedVaults/kvclinsp7?api-version=2023-02-01
  response:
    body:
      string: '{"id":"/subscriptions/00000000-0000-0000-0000-000000000000/providers/Microsoft.KeyVault/locations/eastus2euap/deletedVaults/kvclinsp7","name":"kvclinsp7","type":"Microsoft.KeyVault/deletedVaults","properties":{"vaultId":"/subscriptions/00000000-0000-0000-0000-000000000000/resourceGroups/test_nsp_association_crud000001/providers/Microsoft.KeyVault/vaults/kvclinsp7","location":"eastus2euap","tags":{},"deletionDate":"2023-04-11T07:36:54Z","scheduledPurgeDate":"2023-07-10T07:36:54Z"}}'
    headers:
      cache-control:
      - no-cache
      content-length:
      - '485'
      content-type:
      - application/json; charset=utf-8
      date:
      - Tue, 11 Apr 2023 07:37:03 GMT
      expires:
      - '-1'
      pragma:
      - no-cache
      server:
      - Microsoft-IIS/10.0
      strict-transport-security:
      - max-age=31536000; includeSubDomains
      transfer-encoding:
      - chunked
      vary:
      - Accept-Encoding
      x-aspnet-version:
      - 4.0.30319
      x-content-type-options:
      - nosniff
      x-ms-keyvault-service-version:
      - 1.5.692.1
    status:
      code: 200
      message: OK
- request:
    body: null
    headers:
      Accept:
      - application/json
      Accept-Encoding:
      - gzip, deflate
      CommandName:
      - keyvault purge
      Connection:
      - keep-alive
      Content-Length:
      - '0'
      ParameterSetName:
      - --name -l --no-wait
      User-Agent:
      - AZURECLI/2.47.0 azsdk-python-azure-mgmt-keyvault/10.2.0 Python/3.9.7 (Windows-10-10.0.22621-SP0)
    method: POST
    uri: https://management.azure.com/subscriptions/00000000-0000-0000-0000-000000000000/providers/Microsoft.KeyVault/locations/eastus2euap/deletedVaults/kvclinsp7/purge?api-version=2023-02-01
  response:
    body:
      string: ''
    headers:
      cache-control:
      - no-cache
      content-length:
      - '0'
      date:
      - Tue, 11 Apr 2023 07:37:04 GMT
      expires:
      - '-1'
      location:
      - https://management.azure.com/subscriptions/00000000-0000-0000-0000-000000000000/providers/Microsoft.KeyVault/locations/eastus2euap/operationResults/VVR8MDYzODE2Nzk1NDI1ODQwOTkzN3w5ODdCMkQ1NjE0MjM0QjVBQUIyNzg4QTczNkUzNUUwRg?api-version=2023-02-01
      pragma:
      - no-cache
      server:
      - Microsoft-IIS/10.0
      strict-transport-security:
      - max-age=31536000; includeSubDomains
      x-aspnet-version:
      - 4.0.30319
      x-content-type-options:
      - nosniff
      x-ms-keyvault-service-version:
      - 1.5.692.1
      x-ms-ratelimit-remaining-subscription-writes:
      - '1199'
    status:
      code: 202
      message: Accepted
version: 1
