interactions:
- request:
    body: '{"location": "eastus2euap", "name": "TestNetworkSecurityPerimeter"}'
    headers:
      Accept:
      - application/json
      Accept-Encoding:
      - gzip, deflate
      CommandName:
      - network perimeter create
      Connection:
      - keep-alive
      Content-Length:
      - '67'
      Content-Type:
      - application/json
      ParameterSetName:
      - --name -l --resource-group
      User-Agent:
      - AZURECLI/2.60.0 azsdk-python-core/1.28.0 Python/3.8.9 (Windows-10-10.0.22621-SP0)
    method: PUT
    uri: https://management.azure.com/subscriptions/00000000-0000-0000-0000-000000000000/resourceGroups/test_nsp_profile_crud000001/providers/Microsoft.Network/networkSecurityPerimeters/TestNetworkSecurityPerimeter?api-version=2023-08-01-preview
  response:
    body:
      string: '{"name":"TestNetworkSecurityPerimeter","id":"/subscriptions/00000000-0000-0000-0000-000000000000/resourceGroups/test_nsp_profile_crud000001/providers/Microsoft.Network/networkSecurityPerimeters/TestNetworkSecurityPerimeter","location":"eastus2euap","type":"Microsoft.Network/networkSecurityPerimeters","tags":{},"etag":"","properties":{"perimeterGuid":"03b0a315-f1b6-4e8a-9c2d-9fd24383b149","provisioningState":"Succeeded"}}'
    headers:
      cache-control:
      - no-cache
      content-length:
      - '424'
      content-type:
      - application/json; charset=utf-8
      date:
      - Wed, 26 Jun 2024 05:48:28 GMT
      expires:
      - '-1'
      pragma:
      - no-cache
      strict-transport-security:
      - max-age=31536000; includeSubDomains
      x-cache:
      - CONFIG_NOCACHE
      x-content-type-options:
      - nosniff
      x-ms-ratelimit-remaining-subscription-writes:
      - '1199'
      x-msedge-ref:
      - 'Ref A: 31172C402F9A4D4791F48F44C39AA9C1 Ref B: MAA201060514011 Ref C: 2024-06-26T05:48:25Z'
    status:
      code: 200
      message: OK
- request:
    body: null
    headers:
      Accept:
      - application/json
      Accept-Encoding:
      - gzip, deflate
      CommandName:
      - network perimeter profile create
      Connection:
      - keep-alive
      ParameterSetName:
      - --name --perimeter-name --resource-group
      User-Agent:
      - AZURECLI/2.60.0 azsdk-python-core/1.28.0 Python/3.8.9 (Windows-10-10.0.22621-SP0)
    method: GET
    uri: https://management.azure.com/subscriptions/00000000-0000-0000-0000-000000000000/resourcegroups/test_nsp_profile_crud000001?api-version=2022-09-01
  response:
    body:
      string: '{"id":"/subscriptions/00000000-0000-0000-0000-000000000000/resourceGroups/test_nsp_profile_crud000001","name":"test_nsp_profile_crud000001","type":"Microsoft.Resources/resourceGroups","location":"eastus2euap","tags":{"product":"azurecli","cause":"automation","test":"test_nsp_profile_crud","date":"2024-06-26T05:48:22Z","module":"nsp","Created":"2024-06-26T05:48:23.6950050Z"},"properties":{"provisioningState":"Succeeded"}}'
    headers:
      cache-control:
      - no-cache
      content-length:
      - '424'
      content-type:
      - application/json; charset=utf-8
      date:
      - Wed, 26 Jun 2024 05:48:29 GMT
      expires:
      - '-1'
      pragma:
      - no-cache
      strict-transport-security:
      - max-age=31536000; includeSubDomains
      x-cache:
      - CONFIG_NOCACHE
      x-content-type-options:
      - nosniff
      x-msedge-ref:
      - 'Ref A: 2EE73C444F5842ED962B06D7E8E9C934 Ref B: MAA201060513039 Ref C: 2024-06-26T05:48:29Z'
    status:
      code: 200
      message: OK
- request:
    body: '{"location": "eastus2euap", "name": "TestNspProfile"}'
    headers:
      Accept:
      - application/json
      Accept-Encoding:
      - gzip, deflate
      CommandName:
      - network perimeter profile create
      Connection:
      - keep-alive
      Content-Length:
      - '53'
      Content-Type:
      - application/json
      ParameterSetName:
      - --name --perimeter-name --resource-group
      User-Agent:
      - AZURECLI/2.60.0 azsdk-python-core/1.28.0 Python/3.8.9 (Windows-10-10.0.22621-SP0)
    method: PUT
    uri: https://management.azure.com/subscriptions/00000000-0000-0000-0000-000000000000/resourceGroups/test_nsp_profile_crud000001/providers/Microsoft.Network/networkSecurityPerimeters/TestNetworkSecurityPerimeter/profiles/TestNspProfile?api-version=2023-08-01-preview
  response:
    body:
      string: '{"name":"TestNspProfile","id":"/subscriptions/00000000-0000-0000-0000-000000000000/resourceGroups/test_nsp_profile_crud000001/providers/Microsoft.Network/networkSecurityPerimeters/TestNetworkSecurityPerimeter/profiles/TestNspProfile","type":"Microsoft.Network/networkSecurityPerimeters/profiles","properties":{"accessRulesVersion":"0","diagnosticSettingsVersion":"0"},"location":"eastus2euap"}'
    headers:
      cache-control:
      - no-cache
      content-length:
      - '393'
      content-type:
      - application/json; charset=utf-8
      date:
      - Wed, 26 Jun 2024 05:48:30 GMT
      expires:
      - '-1'
      pragma:
      - no-cache
      strict-transport-security:
      - max-age=31536000; includeSubDomains
      x-cache:
      - CONFIG_NOCACHE
      x-content-type-options:
      - nosniff
      x-ms-ratelimit-remaining-subscription-writes:
      - '1199'
      x-msedge-ref:
      - 'Ref A: E41A417321A849AAB06798D0578CC553 Ref B: MAA201060514053 Ref C: 2024-06-26T05:48:29Z'
    status:
      code: 200
      message: OK
- request:
    body: null
    headers:
      Accept:
      - application/json
      Accept-Encoding:
      - gzip, deflate
      CommandName:
      - network perimeter profile show
      Connection:
      - keep-alive
      ParameterSetName:
      - --name --perimeter-name --resource-group
      User-Agent:
      - AZURECLI/2.60.0 azsdk-python-core/1.28.0 Python/3.8.9 (Windows-10-10.0.22621-SP0)
    method: GET
    uri: https://management.azure.com/subscriptions/00000000-0000-0000-0000-000000000000/resourceGroups/test_nsp_profile_crud000001/providers/Microsoft.Network/networkSecurityPerimeters/TestNetworkSecurityPerimeter/profiles/TestNspProfile?api-version=2023-08-01-preview
  response:
    body:
      string: '{"name":"TestNspProfile","id":"/subscriptions/00000000-0000-0000-0000-000000000000/resourceGroups/test_nsp_profile_crud000001/providers/Microsoft.Network/networkSecurityPerimeters/TestNetworkSecurityPerimeter/profiles/TestNspProfile","type":"Microsoft.Network/networkSecurityPerimeters/profiles","properties":{"accessRulesVersion":"0","diagnosticSettingsVersion":"0"},"location":"eastus2euap"}'
    headers:
      cache-control:
      - no-cache
      content-length:
      - '393'
      content-type:
      - application/json; charset=utf-8
      date:
      - Wed, 26 Jun 2024 05:48:32 GMT
      expires:
      - '-1'
      pragma:
      - no-cache
      strict-transport-security:
      - max-age=31536000; includeSubDomains
      x-cache:
      - CONFIG_NOCACHE
      x-content-type-options:
      - nosniff
      x-msedge-ref:
      - 'Ref A: 9EEEE533EF0C467DABCDA24769B1041B Ref B: MAA201060516029 Ref C: 2024-06-26T05:48:31Z'
    status:
      code: 200
      message: OK
- request:
    body: null
    headers:
      Accept:
      - application/json
      Accept-Encoding:
      - gzip, deflate
      CommandName:
      - network perimeter profile list
      Connection:
      - keep-alive
      ParameterSetName:
      - --perimeter-name --resource-group
      User-Agent:
      - AZURECLI/2.60.0 azsdk-python-core/1.28.0 Python/3.8.9 (Windows-10-10.0.22621-SP0)
    method: GET
    uri: https://management.azure.com/subscriptions/00000000-0000-0000-0000-000000000000/resourceGroups/test_nsp_profile_crud000001/providers/Microsoft.Network/networkSecurityPerimeters/TestNetworkSecurityPerimeter/profiles?api-version=2023-08-01-preview
  response:
    body:
      string: '{"nextLink":"","value":[{"name":"TestNspProfile","id":"/subscriptions/00000000-0000-0000-0000-000000000000/resourceGroups/test_nsp_profile_crud000001/providers/Microsoft.Network/networkSecurityPerimeters/TestNetworkSecurityPerimeter/profiles/TestNspProfile","type":"Microsoft.Network/networkSecurityPerimeters/profiles","properties":{"accessRulesVersion":"0","diagnosticSettingsVersion":"0"},"location":"eastus2euap"}]}'
    headers:
      cache-control:
      - no-cache
      content-length:
      - '419'
      content-type:
      - application/json; charset=utf-8
      date:
      - Wed, 26 Jun 2024 05:48:34 GMT
      expires:
      - '-1'
      pragma:
      - no-cache
      strict-transport-security:
      - max-age=31536000; includeSubDomains
      x-cache:
      - CONFIG_NOCACHE
      x-content-type-options:
      - nosniff
      x-msedge-ref:
      - 'Ref A: D1C6875EB7224FDFB5C00FD4B13266E5 Ref B: MAA201060515047 Ref C: 2024-06-26T05:48:34Z'
    status:
      code: 200
      message: OK
- request:
    body: null
    headers:
      Accept:
      - '*/*'
      Accept-Encoding:
      - gzip, deflate
      CommandName:
      - network perimeter profile delete
      Connection:
      - keep-alive
      Content-Length:
      - '0'
      ParameterSetName:
      - --name --perimeter-name --resource-group --yes
      User-Agent:
      - AZURECLI/2.60.0 azsdk-python-core/1.28.0 Python/3.8.9 (Windows-10-10.0.22621-SP0)
    method: DELETE
    uri: https://management.azure.com/subscriptions/00000000-0000-0000-0000-000000000000/resourceGroups/test_nsp_profile_crud000001/providers/Microsoft.Network/networkSecurityPerimeters/TestNetworkSecurityPerimeter/profiles/TestNspProfile?api-version=2023-08-01-preview
  response:
    body:
      string: ''
    headers:
      cache-control:
      - no-cache
      content-length:
      - '0'
      date:
      - Wed, 26 Jun 2024 05:48:37 GMT
      expires:
      - '-1'
      pragma:
      - no-cache
      strict-transport-security:
      - max-age=31536000; includeSubDomains
      x-cache:
      - CONFIG_NOCACHE
      x-content-type-options:
      - nosniff
      x-ms-ratelimit-remaining-subscription-deletes:
      - '14999'
      x-msedge-ref:
      - 'Ref A: 8A418F3DC82A4B458D9D75AE7772EB13 Ref B: MAA201060516053 Ref C: 2024-06-26T05:48:35Z'
    status:
      code: 200
      message: OK
version: 1
