interactions:
- request:
    body: '{"location": "eastus2euap", "name": "TestNetworkSecurityPerimeter"}'
    headers:
      Accept:
      - application/json
      Accept-Encoding:
      - gzip, deflate
      CommandName:
      - network perimeter create
      Connection:
      - keep-alive
      Content-Length:
      - '67'
      Content-Type:
      - application/json
      ParameterSetName:
      - --name -l --resource-group
      User-Agent:
      - AZURECLI/2.67.0 azsdk-python-core/1.31.0 Python/3.12.7 (Windows-11-10.0.22631-SP0)
    method: PUT
    uri: https://management.azure.com/subscriptions/00000000-0000-0000-0000-000000000000/resourceGroups/test_nsp_accessrule_inbound000001/providers/Microsoft.Network/networkSecurityPerimeters/TestNetworkSecurityPerimeter?api-version=2023-08-01-preview
  response:
    body:
      string: '{"name":"TestNetworkSecurityPerimeter","id":"/subscriptions/00000000-0000-0000-0000-000000000000/resourceGroups/test_nsp_accessrule_inbound000001/providers/Microsoft.Network/networkSecurityPerimeters/TestNetworkSecurityPerimeter","location":"eastus2euap","type":"Microsoft.Network/networkSecurityPerimeters","tags":{},"etag":"","properties":{"perimeterGuid":"7cd3a36c-8ad5-4503-89b7-0e22878a62d7","provisioningState":"Succeeded"}}'
    headers:
      cache-control:
      - no-cache
      content-length:
      - '430'
      content-type:
      - application/json; charset=utf-8
      date:
      - Fri, 29 Nov 2024 07:09:19 GMT
      expires:
      - '-1'
      pragma:
      - no-cache
      strict-transport-security:
      - max-age=31536000; includeSubDomains
      x-cache:
      - CONFIG_NOCACHE
      x-content-type-options:
      - nosniff
      x-ms-ratelimit-remaining-subscription-global-writes:
      - '11999'
      x-ms-ratelimit-remaining-subscription-writes:
      - '799'
      x-msedge-ref:
      - 'Ref A: 9B7FCEB19035470F8D4789DF2D72135D Ref B: MNZ221060618009 Ref C: 2024-11-29T07:09:19Z'
    status:
      code: 200
      message: OK
- request:
    body: null
    headers:
      Accept:
      - application/json
      Accept-Encoding:
      - gzip, deflate
      CommandName:
      - network perimeter profile create
      Connection:
      - keep-alive
      ParameterSetName:
      - --name --perimeter-name --resource-group
      User-Agent:
      - AZURECLI/2.67.0 azsdk-python-core/1.31.0 Python/3.12.7 (Windows-11-10.0.22631-SP0)
    method: GET
    uri: https://management.azure.com/subscriptions/00000000-0000-0000-0000-000000000000/resourcegroups/test_nsp_accessrule_inbound000001?api-version=2022-09-01
  response:
    body:
      string: '{"id":"/subscriptions/00000000-0000-0000-0000-000000000000/resourceGroups/test_nsp_accessrule_inbound000001","name":"test_nsp_accessrule_inbound000001","type":"Microsoft.Resources/resourceGroups","location":"eastus2euap","tags":{"product":"azurecli","cause":"automation","test":"test_nsp_accessrule_inbound","date":"2024-11-29T07:09:15Z","module":"nsp","Created":"2024-11-29T07:09:16.9897449Z"},"properties":{"provisioningState":"Succeeded"}}'
    headers:
      cache-control:
      - no-cache
      content-length:
      - '442'
      content-type:
      - application/json; charset=utf-8
      date:
      - Fri, 29 Nov 2024 07:09:20 GMT
      expires:
      - '-1'
      pragma:
      - no-cache
      strict-transport-security:
      - max-age=31536000; includeSubDomains
      x-cache:
      - CONFIG_NOCACHE
      x-content-type-options:
      - nosniff
      x-ms-ratelimit-remaining-subscription-global-reads:
      - '16499'
      x-msedge-ref:
      - 'Ref A: F8783D54F2D44AC7A60684F4BDDA9658 Ref B: MNZ221060610045 Ref C: 2024-11-29T07:09:20Z'
    status:
      code: 200
      message: OK
- request:
    body: '{"location": "eastus2euap", "name": "TestNspProfile"}'
    headers:
      Accept:
      - application/json
      Accept-Encoding:
      - gzip, deflate
      CommandName:
      - network perimeter profile create
      Connection:
      - keep-alive
      Content-Length:
      - '53'
      Content-Type:
      - application/json
      ParameterSetName:
      - --name --perimeter-name --resource-group
      User-Agent:
      - AZURECLI/2.67.0 azsdk-python-core/1.31.0 Python/3.12.7 (Windows-11-10.0.22631-SP0)
    method: PUT
    uri: https://management.azure.com/subscriptions/00000000-0000-0000-0000-000000000000/resourceGroups/test_nsp_accessrule_inbound000001/providers/Microsoft.Network/networkSecurityPerimeters/TestNetworkSecurityPerimeter/profiles/TestNspProfile?api-version=2023-08-01-preview
  response:
    body:
      string: '{"name":"TestNspProfile","id":"/subscriptions/00000000-0000-0000-0000-000000000000/resourceGroups/test_nsp_accessrule_inbound000001/providers/Microsoft.Network/networkSecurityPerimeters/TestNetworkSecurityPerimeter/profiles/TestNspProfile","type":"Microsoft.Network/networkSecurityPerimeters/profiles","properties":{"accessRulesVersion":"0","diagnosticSettingsVersion":"0"},"location":"eastus2euap"}'
    headers:
      cache-control:
      - no-cache
      content-length:
      - '399'
      content-type:
      - application/json; charset=utf-8
      date:
      - Fri, 29 Nov 2024 07:09:21 GMT
      expires:
      - '-1'
      pragma:
      - no-cache
      strict-transport-security:
      - max-age=31536000; includeSubDomains
      x-cache:
      - CONFIG_NOCACHE
      x-content-type-options:
      - nosniff
      x-ms-ratelimit-remaining-subscription-global-writes:
      - '11998'
      x-ms-ratelimit-remaining-subscription-writes:
      - '798'
      x-msedge-ref:
      - 'Ref A: 9A6692AE60AB42BEA19D45755FCCF361 Ref B: MNZ221060618023 Ref C: 2024-11-29T07:09:20Z'
    status:
      code: 200
      message: OK
- request:
    body: null
    headers:
      Accept:
      - application/json
      Accept-Encoding:
      - gzip, deflate
      CommandName:
      - network perimeter profile access-rule create
      Connection:
      - keep-alive
      ParameterSetName:
      - --name --profile-name --perimeter-name --resource-group --address-prefixes
      User-Agent:
      - AZURECLI/2.67.0 azsdk-python-core/1.31.0 Python/3.12.7 (Windows-11-10.0.22631-SP0)
    method: GET
    uri: https://management.azure.com/subscriptions/00000000-0000-0000-0000-000000000000/resourcegroups/test_nsp_accessrule_inbound000001?api-version=2022-09-01
  response:
    body:
      string: '{"id":"/subscriptions/00000000-0000-0000-0000-000000000000/resourceGroups/test_nsp_accessrule_inbound000001","name":"test_nsp_accessrule_inbound000001","type":"Microsoft.Resources/resourceGroups","location":"eastus2euap","tags":{"product":"azurecli","cause":"automation","test":"test_nsp_accessrule_inbound","date":"2024-11-29T07:09:15Z","module":"nsp","Created":"2024-11-29T07:09:16.9897449Z"},"properties":{"provisioningState":"Succeeded"}}'
    headers:
      cache-control:
      - no-cache
      content-length:
      - '442'
      content-type:
      - application/json; charset=utf-8
      date:
      - Fri, 29 Nov 2024 07:09:20 GMT
      expires:
      - '-1'
      pragma:
      - no-cache
      strict-transport-security:
      - max-age=31536000; includeSubDomains
      x-cache:
      - CONFIG_NOCACHE
      x-content-type-options:
      - nosniff
      x-ms-ratelimit-remaining-subscription-global-reads:
      - '16499'
      x-msedge-ref:
      - 'Ref A: DC4AC1FEE7D64654AECF6E3B58F8265F Ref B: MNZ221060609019 Ref C: 2024-11-29T07:09:21Z'
    status:
      code: 200
      message: OK
- request:
    body: '{"location": "eastus2euap", "name": "TestNspAccessRule_ip", "properties":
      {"addressPrefixes": ["10.10.0.0/16"]}}'
    headers:
      Accept:
      - application/json
      Accept-Encoding:
      - gzip, deflate
      CommandName:
      - network perimeter profile access-rule create
      Connection:
      - keep-alive
      Content-Length:
      - '112'
      Content-Type:
      - application/json
      ParameterSetName:
      - --name --profile-name --perimeter-name --resource-group --address-prefixes
      User-Agent:
      - AZURECLI/2.67.0 azsdk-python-core/1.31.0 Python/3.12.7 (Windows-11-10.0.22631-SP0)
    method: PUT
    uri: https://management.azure.com/subscriptions/00000000-0000-0000-0000-000000000000/resourceGroups/test_nsp_accessrule_inbound000001/providers/Microsoft.Network/networkSecurityPerimeters/TestNetworkSecurityPerimeter/profiles/TestNspProfile/accessRules/TestNspAccessRule_ip?api-version=2023-08-01-preview
  response:
    body:
      string: '{"name":"TestNspAccessRule_ip","id":"/subscriptions/00000000-0000-0000-0000-000000000000/resourceGroups/test_nsp_accessrule_inbound000001/providers/Microsoft.Network/networkSecurityPerimeters/TestNetworkSecurityPerimeter/profiles/TestNspProfile/accessRules/TestNspAccessRule_ip","type":"Microsoft.Network/networkSecurityPerimeters/profiles/accessRules","properties":{"provisioningState":"Succeeded","direction":"Inbound","addressPrefixes":["10.10.0.0/16"],"fullyQualifiedDomainNames":[],"subscriptions":[],"networkSecurityPerimeters":[],"emailAddresses":[],"phoneNumbers":[]}}'
    headers:
      cache-control:
      - no-cache
      content-length:
      - '576'
      content-type:
      - application/json; charset=utf-8
      date:
      - Fri, 29 Nov 2024 07:09:23 GMT
      expires:
      - '-1'
      pragma:
      - no-cache
      strict-transport-security:
      - max-age=31536000; includeSubDomains
      x-cache:
      - CONFIG_NOCACHE
      x-content-type-options:
      - nosniff
      x-ms-ratelimit-remaining-subscription-global-writes:
      - '11999'
      x-ms-ratelimit-remaining-subscription-writes:
      - '799'
      x-msedge-ref:
      - 'Ref A: 3C75E5DB891547E49FAB21329F4DF1BB Ref B: MNZ221060610029 Ref C: 2024-11-29T07:09:21Z'
    status:
      code: 200
      message: OK
- request:
    body: null
    headers:
      Accept:
      - application/json
      Accept-Encoding:
      - gzip, deflate
      CommandName:
      - network perimeter profile access-rule create
      Connection:
      - keep-alive
      ParameterSetName:
      - --name --profile-name --perimeter-name --resource-group --subscriptions
      User-Agent:
      - AZURECLI/2.67.0 azsdk-python-core/1.31.0 Python/3.12.7 (Windows-11-10.0.22631-SP0)
    method: GET
    uri: https://management.azure.com/subscriptions/00000000-0000-0000-0000-000000000000/resourcegroups/test_nsp_accessrule_inbound000001?api-version=2022-09-01
  response:
    body:
      string: '{"id":"/subscriptions/00000000-0000-0000-0000-000000000000/resourceGroups/test_nsp_accessrule_inbound000001","name":"test_nsp_accessrule_inbound000001","type":"Microsoft.Resources/resourceGroups","location":"eastus2euap","tags":{"product":"azurecli","cause":"automation","test":"test_nsp_accessrule_inbound","date":"2024-11-29T07:09:15Z","module":"nsp","Created":"2024-11-29T07:09:16.9897449Z"},"properties":{"provisioningState":"Succeeded"}}'
    headers:
      cache-control:
      - no-cache
      content-length:
      - '442'
      content-type:
      - application/json; charset=utf-8
      date:
      - Fri, 29 Nov 2024 07:09:23 GMT
      expires:
      - '-1'
      pragma:
      - no-cache
      strict-transport-security:
      - max-age=31536000; includeSubDomains
      x-cache:
      - CONFIG_NOCACHE
      x-content-type-options:
      - nosniff
      x-ms-ratelimit-remaining-subscription-global-reads:
      - '16499'
      x-msedge-ref:
      - 'Ref A: D717696B16674734A074B90B93F64F53 Ref B: MNZ221060610035 Ref C: 2024-11-29T07:09:24Z'
    status:
      code: 200
      message: OK
- request:
    body: '{"location": "eastus2euap", "name": "TestNspAccessRule_subscription", "properties":
      {"subscriptions": [{"id": "/subscriptions/00000000-0000-0000-0000-000000000000"}]}}'
    headers:
      Accept:
      - application/json
      Accept-Encoding:
      - gzip, deflate
      CommandName:
      - network perimeter profile access-rule create
      Connection:
      - keep-alive
      Content-Length:
      - '167'
      Content-Type:
      - application/json
      ParameterSetName:
      - --name --profile-name --perimeter-name --resource-group --subscriptions
      User-Agent:
      - AZURECLI/2.67.0 azsdk-python-core/1.31.0 Python/3.12.7 (Windows-11-10.0.22631-SP0)
    method: PUT
    uri: https://management.azure.com/subscriptions/00000000-0000-0000-0000-000000000000/resourceGroups/test_nsp_accessrule_inbound000001/providers/Microsoft.Network/networkSecurityPerimeters/TestNetworkSecurityPerimeter/profiles/TestNspProfile/accessRules/TestNspAccessRule_subscription?api-version=2023-08-01-preview
  response:
    body:
      string: '{"name":"TestNspAccessRule_subscription","id":"/subscriptions/00000000-0000-0000-0000-000000000000/resourceGroups/test_nsp_accessrule_inbound000001/providers/Microsoft.Network/networkSecurityPerimeters/TestNetworkSecurityPerimeter/profiles/TestNspProfile/accessRules/TestNspAccessRule_subscription","type":"Microsoft.Network/networkSecurityPerimeters/profiles/accessRules","properties":{"provisioningState":"Succeeded","direction":"Inbound","addressPrefixes":[],"fullyQualifiedDomainNames":[],"subscriptions":[{"id":"/subscriptions/00000000-0000-0000-0000-000000000000"}],"networkSecurityPerimeters":[],"emailAddresses":[],"phoneNumbers":[]}}'
    headers:
      cache-control:
      - no-cache
      content-length:
      - '642'
      content-type:
      - application/json; charset=utf-8
      date:
      - Fri, 29 Nov 2024 07:09:25 GMT
      expires:
      - '-1'
      pragma:
      - no-cache
      strict-transport-security:
      - max-age=31536000; includeSubDomains
      x-cache:
      - CONFIG_NOCACHE
      x-content-type-options:
      - nosniff
      x-ms-ratelimit-remaining-subscription-global-writes:
      - '11999'
      x-ms-ratelimit-remaining-subscription-writes:
      - '799'
      x-msedge-ref:
      - 'Ref A: B4CC0CE895054E799A10F1A87948F37C Ref B: MNZ221060610025 Ref C: 2024-11-29T07:09:24Z'
    status:
      code: 200
      message: OK
- request:
    body: null
    headers:
      Accept:
      - application/json
      Accept-Encoding:
      - gzip, deflate
      CommandName:
      - network perimeter profile access-rule create
      Connection:
      - keep-alive
      ParameterSetName:
      - --name --profile-name --perimeter-name --resource-group --email-addresses
        --direction
      User-Agent:
      - AZURECLI/2.67.0 azsdk-python-core/1.31.0 Python/3.12.7 (Windows-11-10.0.22631-SP0)
    method: GET
    uri: https://management.azure.com/subscriptions/00000000-0000-0000-0000-000000000000/resourcegroups/test_nsp_accessrule_inbound000001?api-version=2022-09-01
  response:
    body:
      string: '{"id":"/subscriptions/00000000-0000-0000-0000-000000000000/resourceGroups/test_nsp_accessrule_inbound000001","name":"test_nsp_accessrule_inbound000001","type":"Microsoft.Resources/resourceGroups","location":"eastus2euap","tags":{"product":"azurecli","cause":"automation","test":"test_nsp_accessrule_inbound","date":"2024-11-29T07:09:15Z","module":"nsp","Created":"2024-11-29T07:09:16.9897449Z"},"properties":{"provisioningState":"Succeeded"}}'
    headers:
      cache-control:
      - no-cache
      content-length:
      - '442'
      content-type:
      - application/json; charset=utf-8
      date:
      - Fri, 29 Nov 2024 07:09:25 GMT
      expires:
      - '-1'
      pragma:
      - no-cache
      strict-transport-security:
      - max-age=31536000; includeSubDomains
      x-cache:
      - CONFIG_NOCACHE
      x-content-type-options:
      - nosniff
      x-ms-ratelimit-remaining-subscription-global-reads:
      - '16499'
      x-msedge-ref:
      - 'Ref A: B29C4E9C4AF04C50B2C25F486F1502F4 Ref B: MNZ221060619047 Ref C: 2024-11-29T07:09:25Z'
    status:
      code: 200
      message: OK
- request:
    body: '{"location": "eastus2euap", "name": "TestNspAccessRule_email", "properties":
      {"direction": "Outbound", "emailAddresses": ["abc@microsoft.com", "bcd@microsoft.com"]}}'
    headers:
      Accept:
      - application/json
      Accept-Encoding:
      - gzip, deflate
      CommandName:
      - network perimeter profile access-rule create
      Connection:
      - keep-alive
      Content-Length:
      - '165'
      Content-Type:
      - application/json
      ParameterSetName:
      - --name --profile-name --perimeter-name --resource-group --email-addresses
        --direction
      User-Agent:
      - AZURECLI/2.67.0 azsdk-python-core/1.31.0 Python/3.12.7 (Windows-11-10.0.22631-SP0)
    method: PUT
    uri: https://management.azure.com/subscriptions/00000000-0000-0000-0000-000000000000/resourceGroups/test_nsp_accessrule_inbound000001/providers/Microsoft.Network/networkSecurityPerimeters/TestNetworkSecurityPerimeter/profiles/TestNspProfile/accessRules/TestNspAccessRule_email?api-version=2023-08-01-preview
  response:
    body:
      string: '{"name":"TestNspAccessRule_email","id":"/subscriptions/00000000-0000-0000-0000-000000000000/resourceGroups/test_nsp_accessrule_inbound000001/providers/Microsoft.Network/networkSecurityPerimeters/TestNetworkSecurityPerimeter/profiles/TestNspProfile/accessRules/TestNspAccessRule_email","type":"Microsoft.Network/networkSecurityPerimeters/profiles/accessRules","properties":{"provisioningState":"Succeeded","direction":"Outbound","addressPrefixes":[],"fullyQualifiedDomainNames":[],"subscriptions":[],"networkSecurityPerimeters":[],"emailAddresses":["abc@microsoft.com","bcd@microsoft.com"],"phoneNumbers":[]}}'
    headers:
      cache-control:
      - no-cache
      content-length:
      - '608'
      content-type:
      - application/json; charset=utf-8
      date:
      - Fri, 29 Nov 2024 07:09:26 GMT
      expires:
      - '-1'
      pragma:
      - no-cache
      strict-transport-security:
      - max-age=31536000; includeSubDomains
      x-cache:
      - CONFIG_NOCACHE
      x-content-type-options:
      - nosniff
      x-ms-ratelimit-remaining-subscription-global-writes:
      - '11999'
      x-ms-ratelimit-remaining-subscription-writes:
      - '799'
      x-msedge-ref:
      - 'Ref A: 299267D56FAB46A4881282733C0A2611 Ref B: MNZ221060609009 Ref C: 2024-11-29T07:09:25Z'
    status:
      code: 200
      message: OK
- request:
    body: null
    headers:
      Accept:
      - application/json
      Accept-Encoding:
      - gzip, deflate
      CommandName:
      - network perimeter profile access-rule create
      Connection:
      - keep-alive
      ParameterSetName:
      - --name --profile-name --perimeter-name --resource-group --phone-numbers --direction
      User-Agent:
      - AZURECLI/2.67.0 azsdk-python-core/1.31.0 Python/3.12.7 (Windows-11-10.0.22631-SP0)
    method: GET
    uri: https://management.azure.com/subscriptions/00000000-0000-0000-0000-000000000000/resourcegroups/test_nsp_accessrule_inbound000001?api-version=2022-09-01
  response:
    body:
      string: '{"id":"/subscriptions/00000000-0000-0000-0000-000000000000/resourceGroups/test_nsp_accessrule_inbound000001","name":"test_nsp_accessrule_inbound000001","type":"Microsoft.Resources/resourceGroups","location":"eastus2euap","tags":{"product":"azurecli","cause":"automation","test":"test_nsp_accessrule_inbound","date":"2024-11-29T07:09:15Z","module":"nsp","Created":"2024-11-29T07:09:16.9897449Z"},"properties":{"provisioningState":"Succeeded"}}'
    headers:
      cache-control:
      - no-cache
      content-length:
      - '442'
      content-type:
      - application/json; charset=utf-8
      date:
      - Fri, 29 Nov 2024 07:09:26 GMT
      expires:
      - '-1'
      pragma:
      - no-cache
      strict-transport-security:
      - max-age=31536000; includeSubDomains
      x-cache:
      - CONFIG_NOCACHE
      x-content-type-options:
      - nosniff
      x-ms-ratelimit-remaining-subscription-global-reads:
      - '16499'
      x-msedge-ref:
      - 'Ref A: 745602C863D040E5AF1560F65E80A148 Ref B: MNZ221060610045 Ref C: 2024-11-29T07:09:27Z'
    status:
      code: 200
      message: OK
- request:
    body: '{"location": "eastus2euap", "name": "TestNspAccessRule_sms", "properties":
      {"direction": "Outbound", "phoneNumbers": ["+919898989898", "+929898989898"]}}'
    headers:
      Accept:
      - application/json
      Accept-Encoding:
      - gzip, deflate
      CommandName:
      - network perimeter profile access-rule create
      Connection:
      - keep-alive
      Content-Length:
      - '153'
      Content-Type:
      - application/json
      ParameterSetName:
      - --name --profile-name --perimeter-name --resource-group --phone-numbers --direction
      User-Agent:
      - AZURECLI/2.67.0 azsdk-python-core/1.31.0 Python/3.12.7 (Windows-11-10.0.22631-SP0)
    method: PUT
    uri: https://management.azure.com/subscriptions/00000000-0000-0000-0000-000000000000/resourceGroups/test_nsp_accessrule_inbound000001/providers/Microsoft.Network/networkSecurityPerimeters/TestNetworkSecurityPerimeter/profiles/TestNspProfile/accessRules/TestNspAccessRule_sms?api-version=2023-08-01-preview
  response:
    body:
      string: '{"name":"TestNspAccessRule_sms","id":"/subscriptions/00000000-0000-0000-0000-000000000000/resourceGroups/test_nsp_accessrule_inbound000001/providers/Microsoft.Network/networkSecurityPerimeters/TestNetworkSecurityPerimeter/profiles/TestNspProfile/accessRules/TestNspAccessRule_sms","type":"Microsoft.Network/networkSecurityPerimeters/profiles/accessRules","properties":{"provisioningState":"Succeeded","direction":"Outbound","addressPrefixes":[],"fullyQualifiedDomainNames":[],"subscriptions":[],"networkSecurityPerimeters":[],"emailAddresses":[],"phoneNumbers":["+91
        9898989898","+92 9898989898"]}}'
    headers:
      cache-control:
      - no-cache
      content-length:
      - '598'
      content-type:
      - application/json; charset=utf-8
      date:
      - Fri, 29 Nov 2024 07:09:28 GMT
      expires:
      - '-1'
      pragma:
      - no-cache
      strict-transport-security:
      - max-age=31536000; includeSubDomains
      x-cache:
      - CONFIG_NOCACHE
      x-content-type-options:
      - nosniff
      x-ms-ratelimit-remaining-subscription-global-writes:
      - '11999'
      x-ms-ratelimit-remaining-subscription-writes:
      - '799'
      x-msedge-ref:
      - 'Ref A: CAD59C0C7FF941DF9B65D702212E31FD Ref B: MNZ221060618011 Ref C: 2024-11-29T07:09:27Z'
    status:
      code: 200
      message: OK
- request:
    body: null
    headers:
      Accept:
      - application/json
      Accept-Encoding:
      - gzip, deflate
      CommandName:
      - network perimeter profile access-rule create
      Connection:
      - keep-alive
      ParameterSetName:
      - --name --profile-name --perimeter-name --resource-group --service-tags
      User-Agent:
      - AZURECLI/2.67.0 azsdk-python-core/1.31.0 Python/3.12.7 (Windows-11-10.0.22631-SP0)
    method: GET
    uri: https://management.azure.com/subscriptions/00000000-0000-0000-0000-000000000000/resourcegroups/test_nsp_accessrule_inbound000001?api-version=2022-09-01
  response:
    body:
      string: '{"id":"/subscriptions/00000000-0000-0000-0000-000000000000/resourceGroups/test_nsp_accessrule_inbound000001","name":"test_nsp_accessrule_inbound000001","type":"Microsoft.Resources/resourceGroups","location":"eastus2euap","tags":{"product":"azurecli","cause":"automation","test":"test_nsp_accessrule_inbound","date":"2024-11-29T07:09:15Z","module":"nsp","Created":"2024-11-29T07:09:16.9897449Z"},"properties":{"provisioningState":"Succeeded"}}'
    headers:
      cache-control:
      - no-cache
      content-length:
      - '442'
      content-type:
      - application/json; charset=utf-8
      date:
      - Fri, 29 Nov 2024 07:09:28 GMT
      expires:
      - '-1'
      pragma:
      - no-cache
      strict-transport-security:
      - max-age=31536000; includeSubDomains
      x-cache:
      - CONFIG_NOCACHE
      x-content-type-options:
      - nosniff
      x-ms-ratelimit-remaining-subscription-global-reads:
      - '16499'
      x-msedge-ref:
      - 'Ref A: 5F324A7E4C2C4E9980CC3D0055F47B5A Ref B: MNZ221060618011 Ref C: 2024-11-29T07:09:29Z'
    status:
      code: 200
      message: OK
- request:
    body: '{"location": "eastus2euap", "name": "TestNspAccessRule_servicetag", "properties":
      {"serviceTags": ["MicrosoftPublicIPSpace"]}}'
    headers:
      Accept:
      - application/json
      Accept-Encoding:
      - gzip, deflate
      CommandName:
      - network perimeter profile access-rule create
      Connection:
      - keep-alive
      Content-Length:
      - '126'
      Content-Type:
      - application/json
      ParameterSetName:
      - --name --profile-name --perimeter-name --resource-group --service-tags
      User-Agent:
      - AZURECLI/2.67.0 azsdk-python-core/1.31.0 Python/3.12.7 (Windows-11-10.0.22631-SP0)
    method: PUT
    uri: https://management.azure.com/subscriptions/00000000-0000-0000-0000-000000000000/resourceGroups/test_nsp_accessrule_inbound000001/providers/Microsoft.Network/networkSecurityPerimeters/TestNetworkSecurityPerimeter/profiles/TestNspProfile/accessRules/TestNspAccessRule_servicetag?api-version=2023-08-01-preview
  response:
    body:
      string: '{"name":"TestNspAccessRule_servicetag","id":"/subscriptions/00000000-0000-0000-0000-000000000000/resourceGroups/test_nsp_accessrule_inbound000001/providers/Microsoft.Network/networkSecurityPerimeters/TestNetworkSecurityPerimeter/profiles/TestNspProfile/accessRules/TestNspAccessRule_servicetag","type":"Microsoft.Network/networkSecurityPerimeters/profiles/accessRules","properties":{"provisioningState":"Succeeded","direction":"Inbound","addressPrefixes":[],"fullyQualifiedDomainNames":[],"subscriptions":[],"networkSecurityPerimeters":[],"emailAddresses":[],"phoneNumbers":[],"serviceTags":["MicrosoftPublicIPSpace"]}}'
    headers:
      cache-control:
      - no-cache
      content-length:
      - '619'
      content-type:
      - application/json; charset=utf-8
      date:
      - Fri, 29 Nov 2024 07:09:30 GMT
      expires:
      - '-1'
      pragma:
      - no-cache
      strict-transport-security:
      - max-age=31536000; includeSubDomains
      x-cache:
      - CONFIG_NOCACHE
      x-content-type-options:
      - nosniff
      x-ms-ratelimit-remaining-subscription-global-writes:
      - '11999'
      x-ms-ratelimit-remaining-subscription-writes:
      - '799'
      x-msedge-ref:
      - 'Ref A: CEBC61F729DC494A9FA5276205779FCF Ref B: MNZ221060610025 Ref C: 2024-11-29T07:09:29Z'
    status:
      code: 200
      message: OK
version: 1
