interactions:
- request:
    body: '{"location": "eastus"}'
    headers:
      Accept:
      - application/json
      Accept-Encoding:
      - gzip, deflate
      CommandName:
      - apic service create
      Connection:
      - keep-alive
      Content-Length:
      - '22'
      Content-Type:
      - application/json
      ParameterSetName:
      - -g --service-name --location
      User-Agent:
      - AZURECLI/2.56.0 (AAZ) azsdk-python-core/1.28.0 Python/3.8.10 (Windows-10-10.0.22621-SP0)
    method: PUT
    uri: https://management.azure.com/subscriptions/00000000-0000-0000-0000-000000000000/resourceGroups/api-center-test/providers/Microsoft.ApiCenter/services/contosoeuap101-cli?api-version=2024-03-01
  response:
    body:
      string: '{"type":"Microsoft.ApiCenter/services","location":"eastus","properties":{"dataApiHostname":"contosoeuap101-cli.data.eastus.azure-apicenter.ms"},"id":"/subscriptions/00000000-0000-0000-0000-000000000000/resourceGroups/api-center-test/providers/Microsoft.ApiCenter/services/contosoeuap101-cli","name":"contosoeuap101-cli","tags":{},"systemData":{"createdAt":"2024-01-24T23:43:09.1550552Z","lastModifiedAt":"2024-01-24T23:43:09.1550552Z"}}'
    headers:
      api-supported-versions:
      - 2023-07-01-preview, 2024-03-01
      cache-control:
      - no-cache
      content-length:
      - '436'
      content-type:
      - application/json; charset=utf-8
      date:
      - Wed, 24 Jan 2024 23:43:09 GMT
      etag:
      - 420059cb-0000-0100-0000-65b1a08d0000
      expires:
      - '-1'
      pragma:
      - no-cache
      server:
      - Microsoft-IIS/10.0
      strict-transport-security:
      - max-age=31536000; includeSubDomains
      transfer-encoding:
      - chunked
      vary:
      - Accept-Encoding,Accept-Encoding
      x-content-type-options:
      - nosniff
      x-ms-ratelimit-remaining-subscription-writes:
      - '1199'
      x-powered-by:
      - ASP.NET
    status:
      code: 200
      message: OK
- request:
    body: null
    headers:
      Accept:
      - application/json
      Accept-Encoding:
      - gzip, deflate
      CommandName:
      - apic service show
      Connection:
      - keep-alive
      ParameterSetName:
      - -g --service-name
      User-Agent:
      - AZURECLI/2.56.0 (AAZ) azsdk-python-core/1.28.0 Python/3.8.10 (Windows-10-10.0.22621-SP0)
    method: GET
    uri: https://management.azure.com/subscriptions/00000000-0000-0000-0000-000000000000/resourceGroups/api-center-test/providers/Microsoft.ApiCenter/services/contosoeuap101-cli?api-version=2024-03-01
  response:
    body:
      string: '{"type":"Microsoft.ApiCenter/services","location":"eastus","properties":{"dataApiHostname":"contosoeuap101-cli.data.eastus.azure-apicenter.ms"},"id":"/subscriptions/00000000-0000-0000-0000-000000000000/resourceGroups/api-center-test/providers/Microsoft.ApiCenter/services/contosoeuap101-cli","name":"contosoeuap101-cli","tags":{},"systemData":{"createdAt":"2024-01-24T23:43:09.1550552Z","lastModifiedAt":"2024-01-24T23:43:09.1550552Z"}}'
    headers:
      api-supported-versions:
      - 2023-07-01-preview, 2024-03-01
      cache-control:
      - no-cache
      content-length:
      - '436'
      content-type:
      - application/json; charset=utf-8
      date:
      - Wed, 24 Jan 2024 23:43:09 GMT
      etag:
      - 420059cb-0000-0100-0000-65b1a08d0000
      expires:
      - '-1'
      pragma:
      - no-cache
      server:
      - Microsoft-IIS/10.0
      strict-transport-security:
      - max-age=31536000; includeSubDomains
      transfer-encoding:
      - chunked
      vary:
      - Accept-Encoding,Accept-Encoding
      x-content-type-options:
      - nosniff
      x-powered-by:
      - ASP.NET
    status:
      code: 200
      message: OK
- request:
    body: null
    headers:
      Accept:
      - '*/*'
      Accept-Encoding:
      - gzip, deflate
      CommandName:
      - apic service delete
      Connection:
      - keep-alive
      Content-Length:
      - '0'
      ParameterSetName:
      - -g --service-name --yes
      User-Agent:
      - AZURECLI/2.56.0 (AAZ) azsdk-python-core/1.28.0 Python/3.8.10 (Windows-10-10.0.22621-SP0)
    method: DELETE
    uri: https://management.azure.com/subscriptions/00000000-0000-0000-0000-000000000000/resourceGroups/api-center-test/providers/Microsoft.ApiCenter/services/contosoeuap101-cli?api-version=2024-03-01
  response:
    body:
      string: ''
    headers:
      api-supported-versions:
      - 2023-07-01-preview, 2024-03-01
      cache-control:
      - no-cache
      content-length:
      - '0'
      date:
      - Wed, 24 Jan 2024 23:43:32 GMT
      expires:
      - '-1'
      pragma:
      - no-cache
      server:
      - Microsoft-IIS/10.0
      strict-transport-security:
      - max-age=31536000; includeSubDomains
      x-content-type-options:
      - nosniff
      x-ms-ratelimit-remaining-subscription-deletes:
      - '14999'
      x-powered-by:
      - ASP.NET
    status:
      code: 200
      message: OK
version: 1
