interactions:
- request:
    body: '{"properties": {"analyzerType": "spectral"}}'
    headers:
      Accept:
      - application/json
      Accept-Encoding:
      - gzip, deflate
      CommandName:
      - apic api-analysis create
      Connection:
      - keep-alive
      Content-Length:
      - '44'
      Content-Type:
      - application/json
      ParameterSetName:
      - -g -n -c
      User-Agent:
      - AZURECLI/2.67.0 azsdk-python-core/1.28.0 Python/3.11.9 (Windows-10-10.0.22631-SP0)
    method: PUT
    uri: https://management.azure.com/subscriptions/00000000-0000-0000-0000-000000000000/resourceGroups/clirg000001/providers/Microsoft.ApiCenter/services/clitest000002/workspaces/default/analyzerConfigs/clianalysisconfig000003?api-version=2024-06-01-preview
  response:
    body:
      string: '{"type":"Microsoft.ApiCenter/services/workspaces/analyzerConfigs","properties":{"title":"clianalysisconfig000003","analyzerType":"Spectral","state":"inactive"},"id":"/subscriptions/00000000-0000-0000-0000-000000000000/resourceGroups/clirg000001/providers/Microsoft.ApiCenter/services/clitest000002/workspaces/default/analyzerConfigs/clianalysisconfig000003","name":"clianalysisconfig000003"}'
    headers:
      api-supported-versions:
      - 2023-07-01-preview, 2024-03-01, 2024-03-15-preview, 2024-06-01-preview
      cache-control:
      - no-cache
      content-length:
      - '391'
      content-type:
      - application/json; charset=utf-8
      date:
      - Mon, 27 Jan 2025 06:02:32 GMT
      expires:
      - '-1'
      pragma:
      - no-cache
      strict-transport-security:
      - max-age=31536000; includeSubDomains
      vary:
      - Accept-Encoding
      x-cache:
      - CONFIG_NOCACHE
      x-content-type-options:
      - nosniff
      x-ms-ratelimit-remaining-subscription-global-writes:
      - '11999'
      x-ms-ratelimit-remaining-subscription-writes:
      - '799'
      x-msedge-ref:
      - 'Ref A: F4F5256D606B4F10A170E907B553A94A Ref B: MAA201060514019 Ref C: 2025-01-27T06:02:30Z'
      x-powered-by:
      - ASP.NET
    status:
      code: 200
      message: OK
- request:
    body: null
    headers:
      Accept:
      - application/json
      Accept-Encoding:
      - gzip, deflate
      CommandName:
      - apic api-analysis update
      Connection:
      - keep-alive
      ParameterSetName:
      - -g -n -c --analyzer-type
      User-Agent:
      - AZURECLI/2.67.0 azsdk-python-core/1.28.0 Python/3.11.9 (Windows-10-10.0.22631-SP0)
    method: GET
    uri: https://management.azure.com/subscriptions/00000000-0000-0000-0000-000000000000/resourceGroups/clirg000001/providers/Microsoft.ApiCenter/services/clitest000002/workspaces/default/analyzerConfigs/clianalysisconfig000003?api-version=2024-06-01-preview
  response:
    body:
      string: '{"type":"Microsoft.ApiCenter/services/workspaces/analyzerConfigs","properties":{"title":"clianalysisconfig000003","analyzerType":"Spectral","state":"inactive"},"id":"/subscriptions/00000000-0000-0000-0000-000000000000/resourceGroups/clirg000001/providers/Microsoft.ApiCenter/services/clitest000002/workspaces/default/analyzerConfigs/clianalysisconfig000003","name":"clianalysisconfig000003"}'
    headers:
      api-supported-versions:
      - 2023-07-01-preview, 2024-03-01, 2024-03-15-preview, 2024-06-01-preview
      cache-control:
      - no-cache
      content-length:
      - '391'
      content-type:
      - application/json; charset=utf-8
      date:
      - Mon, 27 Jan 2025 06:02:33 GMT
      expires:
      - '-1'
      pragma:
      - no-cache
      strict-transport-security:
      - max-age=31536000; includeSubDomains
      vary:
      - Accept-Encoding
      x-cache:
      - CONFIG_NOCACHE
      x-content-type-options:
      - nosniff
      x-ms-ratelimit-remaining-subscription-global-reads:
      - '16499'
      x-msedge-ref:
      - 'Ref A: F5906B988CEA4BD9A8FA6E850EAB1E8C Ref B: MAA201060515009 Ref C: 2025-01-27T06:02:32Z'
      x-powered-by:
      - ASP.NET
    status:
      code: 200
      message: OK
- request:
    body: '{"properties": {"analyzerType": "spectral", "title": "clianalysisconfig000003"}}'
    headers:
      Accept:
      - application/json
      Accept-Encoding:
      - gzip, deflate
      CommandName:
      - apic api-analysis update
      Connection:
      - keep-alive
      Content-Length:
      - '80'
      Content-Type:
      - application/json
      ParameterSetName:
      - -g -n -c --analyzer-type
      User-Agent:
      - AZURECLI/2.67.0 azsdk-python-core/1.28.0 Python/3.11.9 (Windows-10-10.0.22631-SP0)
    method: PUT
    uri: https://management.azure.com/subscriptions/00000000-0000-0000-0000-000000000000/resourceGroups/clirg000001/providers/Microsoft.ApiCenter/services/clitest000002/workspaces/default/analyzerConfigs/clianalysisconfig000003?api-version=2024-06-01-preview
  response:
    body:
      string: '{"type":"Microsoft.ApiCenter/services/workspaces/analyzerConfigs","properties":{"title":"clianalysisconfig000003","analyzerType":"Spectral","state":"inactive"},"id":"/subscriptions/00000000-0000-0000-0000-000000000000/resourceGroups/clirg000001/providers/Microsoft.ApiCenter/services/clitest000002/workspaces/default/analyzerConfigs/clianalysisconfig000003","name":"clianalysisconfig000003"}'
    headers:
      api-supported-versions:
      - 2023-07-01-preview, 2024-03-01, 2024-03-15-preview, 2024-06-01-preview
      cache-control:
      - no-cache
      content-length:
      - '391'
      content-type:
      - application/json; charset=utf-8
      date:
      - Mon, 27 Jan 2025 06:02:36 GMT
      expires:
      - '-1'
      pragma:
      - no-cache
      strict-transport-security:
      - max-age=31536000; includeSubDomains
      vary:
      - Accept-Encoding
      x-cache:
      - CONFIG_NOCACHE
      x-content-type-options:
      - nosniff
      x-ms-ratelimit-remaining-subscription-global-writes:
      - '11999'
      x-ms-ratelimit-remaining-subscription-writes:
      - '799'
      x-msedge-ref:
      - 'Ref A: A35A7C48B3944582BAA4BE94D2640A65 Ref B: MAA201060515009 Ref C: 2025-01-27T06:02:34Z'
      x-powered-by:
      - ASP.NET
    status:
      code: 200
      message: OK
version: 1
