interactions:
- request:
    body: null
    headers:
      Accept:
      - application/json
      Accept-Encoding:
      - gzip, deflate
      CommandName:
      - apic create
      Connection:
      - keep-alive
      ParameterSetName:
      - -g --name
      User-Agent:
      - AZURECLI/2.74.0 azsdk-python-core/1.31.0 Python/3.11.9 (Windows-10-10.0.26100-SP0)
    method: GET
    uri: https://management.azure.com/subscriptions/00000000-0000-0000-0000-000000000000/resourcegroups/clirg000001?api-version=2024-11-01
  response:
    body:
      string: '{"id":"/subscriptions/00000000-0000-0000-0000-000000000000/resourceGroups/clirg000001","name":"clirg000001","type":"Microsoft.Resources/resourceGroups","location":"eastus","tags":{"product":"azurecli","cause":"automation","test":"test_create_service_multiple_times","date":"2025-06-11T05:51:43Z","module":"apic-extension"},"properties":{"provisioningState":"Succeeded"}}'
    headers:
      cache-control:
      - no-cache
      content-length:
      - '370'
      content-type:
      - application/json; charset=utf-8
      date:
      - Wed, 11 Jun 2025 05:51:58 GMT
      expires:
      - '-1'
      pragma:
      - no-cache
      strict-transport-security:
      - max-age=31536000; includeSubDomains
      x-cache:
      - CONFIG_NOCACHE
      x-content-type-options:
      - nosniff
      x-ms-ratelimit-remaining-subscription-global-reads:
      - '16498'
      x-msedge-ref:
      - 'Ref A: 1058C00286B94BA1A4A0D575300471D6 Ref B: MAA201060513021 Ref C: 2025-06-11T05:51:57Z'
    status:
      code: 200
      message: OK
- request:
    body: '{"location": "eastus", "sku": {"name": "Free"}}'
    headers:
      Accept:
      - application/json
      Accept-Encoding:
      - gzip, deflate
      CommandName:
      - apic create
      Connection:
      - keep-alive
      Content-Length:
      - '47'
      Content-Type:
      - application/json
      ParameterSetName:
      - -g --name
      User-Agent:
      - AZURECLI/2.74.0 azsdk-python-core/1.31.0 Python/3.11.9 (Windows-10-10.0.26100-SP0)
    method: PUT
    uri: https://management.azure.com/subscriptions/00000000-0000-0000-0000-000000000000/resourceGroups/clirg000001/providers/Microsoft.ApiCenter/services/cli000002?api-version=2024-03-01
  response:
    body:
      string: '{"type":"Microsoft.ApiCenter/services","location":"eastus","sku":{"name":"Free"},"properties":{"portalHostname":"cli000002.portal.eastus.azure-apicenter.ms","provisioningState":"Succeeded"},"id":"/subscriptions/00000000-0000-0000-0000-000000000000/resourceGroups/clirg000001/providers/Microsoft.ApiCenter/services/cli000002","name":"cli000002","tags":{},"systemData":{"createdAt":"2025-06-11T05:52:04.7126771Z","lastModifiedAt":"2025-06-11T05:52:04.7126597Z"}}'
    headers:
      api-supported-versions:
      - 2023-07-01-preview, 2024-03-01, 2024-03-15-preview, 2024-06-01-preview
      cache-control:
      - no-cache
      content-length:
      - '460'
      content-type:
      - application/json; charset=utf-8
      date:
      - Wed, 11 Jun 2025 05:52:04 GMT
      expires:
      - '-1'
      pragma:
      - no-cache
      strict-transport-security:
      - max-age=31536000; includeSubDomains
      vary:
      - Accept-Encoding
      x-cache:
      - CONFIG_NOCACHE
      x-content-type-options:
      - nosniff
      x-ms-operation-identifier:
      - tenantId=b5ee6c06-c2c2-4e3c-8606-5f170cee077a,objectId=9aec9bf7-7066-4c57-bc6d-3bc7935e826d/southeastasia/680de43d-1eec-4da4-bdd7-d9fe742a5dbc
      x-ms-ratelimit-remaining-subscription-global-writes:
      - '11999'
      x-ms-ratelimit-remaining-subscription-writes:
      - '799'
      x-msedge-ref:
      - 'Ref A: 91D59B06B7B146C2A7E5B75C0A33E62B Ref B: MAA201060515023 Ref C: 2025-06-11T05:51:59Z'
      x-powered-by:
      - ASP.NET
    status:
      code: 201
      message: Created
- request:
    body: null
    headers:
      Accept:
      - application/json
      Accept-Encoding:
      - gzip, deflate
      CommandName:
      - apic create
      Connection:
      - keep-alive
      ParameterSetName:
      - -g --name
      User-Agent:
      - AZURECLI/2.74.0 azsdk-python-core/1.31.0 Python/3.11.9 (Windows-10-10.0.26100-SP0)
    method: GET
    uri: https://management.azure.com/subscriptions/00000000-0000-0000-0000-000000000000/resourcegroups/clirg000001?api-version=2024-11-01
  response:
    body:
      string: '{"id":"/subscriptions/00000000-0000-0000-0000-000000000000/resourceGroups/clirg000001","name":"clirg000001","type":"Microsoft.Resources/resourceGroups","location":"eastus","tags":{"product":"azurecli","cause":"automation","test":"test_create_service_multiple_times","date":"2025-06-11T05:51:43Z","module":"apic-extension"},"properties":{"provisioningState":"Succeeded"}}'
    headers:
      cache-control:
      - no-cache
      content-length:
      - '370'
      content-type:
      - application/json; charset=utf-8
      date:
      - Wed, 11 Jun 2025 05:52:06 GMT
      expires:
      - '-1'
      pragma:
      - no-cache
      strict-transport-security:
      - max-age=31536000; includeSubDomains
      x-cache:
      - CONFIG_NOCACHE
      x-content-type-options:
      - nosniff
      x-ms-ratelimit-remaining-subscription-global-reads:
      - '16499'
      x-msedge-ref:
      - 'Ref A: 129337E01C444AF8936567FC25821150 Ref B: MAA201060516035 Ref C: 2025-06-11T05:52:06Z'
    status:
      code: 200
      message: OK
- request:
    body: '{"location": "eastus", "sku": {"name": "Free"}}'
    headers:
      Accept:
      - application/json
      Accept-Encoding:
      - gzip, deflate
      CommandName:
      - apic create
      Connection:
      - keep-alive
      Content-Length:
      - '47'
      Content-Type:
      - application/json
      ParameterSetName:
      - -g --name
      User-Agent:
      - AZURECLI/2.74.0 azsdk-python-core/1.31.0 Python/3.11.9 (Windows-10-10.0.26100-SP0)
    method: PUT
    uri: https://management.azure.com/subscriptions/00000000-0000-0000-0000-000000000000/resourceGroups/clirg000001/providers/Microsoft.ApiCenter/services/cli000002?api-version=2024-03-01
  response:
    body:
      string: '{"type":"Microsoft.ApiCenter/services","location":"eastus","sku":{"name":"Free"},"properties":{"portalHostname":"cli000002.portal.eastus.azure-apicenter.ms","provisioningState":"Succeeded"},"id":"/subscriptions/00000000-0000-0000-0000-000000000000/resourceGroups/clirg000001/providers/Microsoft.ApiCenter/services/cli000002","name":"cli000002","tags":{},"systemData":{"createdAt":"2025-06-11T05:52:04.7126771Z","lastModifiedAt":"2025-06-11T05:52:09.1757628Z"}}'
    headers:
      api-supported-versions:
      - 2023-07-01-preview, 2024-03-01, 2024-03-15-preview, 2024-06-01-preview
      cache-control:
      - no-cache
      content-length:
      - '460'
      content-type:
      - application/json; charset=utf-8
      date:
      - Wed, 11 Jun 2025 05:52:08 GMT
      expires:
      - '-1'
      pragma:
      - no-cache
      strict-transport-security:
      - max-age=31536000; includeSubDomains
      vary:
      - Accept-Encoding
      x-cache:
      - CONFIG_NOCACHE
      x-content-type-options:
      - nosniff
      x-ms-operation-identifier:
      - tenantId=b5ee6c06-c2c2-4e3c-8606-5f170cee077a,objectId=9aec9bf7-7066-4c57-bc6d-3bc7935e826d/indonesiacentral/2214c0eb-d6a9-4c5d-8e40-ebd148b81e75
      x-ms-ratelimit-remaining-subscription-global-writes:
      - '11999'
      x-ms-ratelimit-remaining-subscription-writes:
      - '799'
      x-msedge-ref:
      - 'Ref A: F5D4EA3D2DAF43FC93391A9962A63079 Ref B: MAA201060513035 Ref C: 2025-06-11T05:52:07Z'
      x-powered-by:
      - ASP.NET
    status:
      code: 200
      message: OK
version: 1
