interactions:
- request:
    body: '{"location": "eastus2euap"}'
    headers:
      Accept:
      - application/json
      Accept-Encoding:
      - gzip, deflate
      CommandName:
      - datamigration sql-service create
      Connection:
      - keep-alive
      Content-Length:
      - '27'
      Content-Type:
      - application/json
      ParameterSetName:
      - --location --resource-group --name
      User-Agent:
      - AZURECLI/2.32.0 azsdk-python-mgmt-datamigration/1.0.0b1 Python/3.8.10 (Windows-10-10.0.19043-SP0)
    method: PUT
    uri: https://management.azure.com/subscriptions/00000000-0000-0000-0000-000000000000/resourceGroups/CLIUnitTest/providers/Microsoft.DataMigration/sqlMigrationServices/sqlServiceUnitTest-Pipeline?api-version=2021-10-30-preview
  response:
    body:
      string: '{"properties":{"provisioningState":"Provisioning"},"location":"eastus2euap","id":"/subscriptions/00000000-0000-0000-0000-000000000000/resourceGroups/CLIUnitTest/providers/Microsoft.DataMigration/sqlMigrationServices/sqlServiceUnitTest-Pipeline","name":"sqlServiceUnitTest-Pipeline","type":"Microsoft.DataMigration/sqlMigrationServices"}'
    headers:
      azure-asyncoperation:
      - https://management.azure.com/subscriptions/00000000-0000-0000-0000-000000000000/providers/Microsoft.DataMigration/locations/eastus2euap/operationTypes/createsqlmigrationservice/operationResults/281191f3-b3b6-4ff8-844c-993810e98c2f?api-version=2021-10-30-preview
      cache-control:
      - no-cache
      content-length:
      - '336'
      content-type:
      - application/json; charset=utf-8
      date:
      - Thu, 06 Jan 2022 10:36:14 GMT
      expires:
      - '-1'
      pragma:
      - no-cache
      server:
      - Microsoft-HTTPAPI/2.0
      strict-transport-security:
      - max-age=31536000; includeSubDomains
      x-content-type-options:
      - nosniff
      x-ms-ratelimit-remaining-subscription-writes:
      - '1199'
    status:
      code: 201
      message: Created
- request:
    body: null
    headers:
      Accept:
      - '*/*'
      Accept-Encoding:
      - gzip, deflate
      CommandName:
      - datamigration sql-service create
      Connection:
      - keep-alive
      ParameterSetName:
      - --location --resource-group --name
      User-Agent:
      - AZURECLI/2.32.0 azsdk-python-mgmt-datamigration/1.0.0b1 Python/3.8.10 (Windows-10-10.0.19043-SP0)
    method: GET
    uri: https://management.azure.com/subscriptions/00000000-0000-0000-0000-000000000000/providers/Microsoft.DataMigration/locations/eastus2euap/operationTypes/createsqlmigrationservice/operationResults/281191f3-b3b6-4ff8-844c-993810e98c2f?api-version=2021-10-30-preview
  response:
    body:
      string: '{"name":"281191f3-b3b6-4ff8-844c-993810e98c2f","status":"Succeeded","startTime":"2022-01-06T10:36:13.153Z"}'
    headers:
      cache-control:
      - no-cache
      content-length:
      - '107'
      content-type:
      - application/json; charset=utf-8
      date:
      - Thu, 06 Jan 2022 10:36:29 GMT
      expires:
      - '-1'
      pragma:
      - no-cache
      server:
      - Microsoft-HTTPAPI/2.0
      strict-transport-security:
      - max-age=31536000; includeSubDomains
      transfer-encoding:
      - chunked
      vary:
      - Accept-Encoding
      x-content-type-options:
      - nosniff
    status:
      code: 200
      message: OK
- request:
    body: null
    headers:
      Accept:
      - '*/*'
      Accept-Encoding:
      - gzip, deflate
      CommandName:
      - datamigration sql-service create
      Connection:
      - keep-alive
      ParameterSetName:
      - --location --resource-group --name
      User-Agent:
      - AZURECLI/2.32.0 azsdk-python-mgmt-datamigration/1.0.0b1 Python/3.8.10 (Windows-10-10.0.19043-SP0)
    method: GET
    uri: https://management.azure.com/subscriptions/00000000-0000-0000-0000-000000000000/resourceGroups/CLIUnitTest/providers/Microsoft.DataMigration/sqlMigrationServices/sqlServiceUnitTest-Pipeline?api-version=2021-10-30-preview
  response:
    body:
      string: '{"properties":{"provisioningState":"Succeeded","integrationRuntimeState":"NeedRegistration"},"location":"eastus2euap","id":"/subscriptions/00000000-0000-0000-0000-000000000000/resourceGroups/CLIUnitTest/providers/Microsoft.DataMigration/sqlMigrationServices/sqlServiceUnitTest-Pipeline","name":"sqlServiceUnitTest-Pipeline","type":"Microsoft.DataMigration/sqlMigrationServices"}'
    headers:
      cache-control:
      - no-cache
      content-length:
      - '378'
      content-type:
      - application/json; charset=utf-8
      date:
      - Thu, 06 Jan 2022 10:36:30 GMT
      expires:
      - '-1'
      pragma:
      - no-cache
      server:
      - Microsoft-HTTPAPI/2.0
      strict-transport-security:
      - max-age=31536000; includeSubDomains
      transfer-encoding:
      - chunked
      vary:
      - Accept-Encoding
      x-content-type-options:
      - nosniff
    status:
      code: 200
      message: OK
- request:
    body: null
    headers:
      Accept:
      - application/json
      Accept-Encoding:
      - gzip, deflate
      CommandName:
      - datamigration sql-service show
      Connection:
      - keep-alive
      ParameterSetName:
      - --resource-group --name
      User-Agent:
      - AZURECLI/2.32.0 azsdk-python-mgmt-datamigration/1.0.0b1 Python/3.8.10 (Windows-10-10.0.19043-SP0)
    method: GET
    uri: https://management.azure.com/subscriptions/00000000-0000-0000-0000-000000000000/resourceGroups/CLIUnitTest/providers/Microsoft.DataMigration/sqlMigrationServices/dmsCliUnitTest?api-version=2021-10-30-preview
  response:
    body:
      string: '{"properties":{"provisioningState":"Succeeded","integrationRuntimeState":"NeedRegistration"},"location":"eastus2euap","id":"/subscriptions/00000000-0000-0000-0000-000000000000/resourceGroups/CLIUnitTest/providers/Microsoft.DataMigration/sqlMigrationServices/dmsCliUnitTest","name":"dmsCliUnitTest","type":"Microsoft.DataMigration/sqlMigrationServices"}'
    headers:
      cache-control:
      - no-cache
      content-length:
      - '352'
      content-type:
      - application/json; charset=utf-8
      date:
      - Thu, 06 Jan 2022 10:36:32 GMT
      expires:
      - '-1'
      pragma:
      - no-cache
      server:
      - Microsoft-HTTPAPI/2.0
      strict-transport-security:
      - max-age=31536000; includeSubDomains
      transfer-encoding:
      - chunked
      vary:
      - Accept-Encoding
      x-content-type-options:
      - nosniff
    status:
      code: 200
      message: OK
- request:
    body: null
    headers:
      Accept:
      - application/json
      Accept-Encoding:
      - gzip, deflate
      CommandName:
      - datamigration sql-service list
      Connection:
      - keep-alive
      ParameterSetName:
      - --resource-group
      User-Agent:
      - AZURECLI/2.32.0 azsdk-python-mgmt-datamigration/1.0.0b1 Python/3.8.10 (Windows-10-10.0.19043-SP0)
    method: GET
    uri: https://management.azure.com/subscriptions/00000000-0000-0000-0000-000000000000/resourceGroups/CLIUnitTest/providers/Microsoft.DataMigration/sqlMigrationServices?api-version=2021-10-30-preview
  response:
    body:
      string: '{"value":[{"properties":{"provisioningState":"Succeeded","integrationRuntimeState":""},"location":"eastus2euap","id":"/subscriptions/00000000-0000-0000-0000-000000000000/resourceGroups/CLIUnitTest/providers/Microsoft.DataMigration/sqlMigrationServices/dmsCliUnitTest","name":"dmsCliUnitTest","type":"Microsoft.DataMigration/sqlMigrationServices"},{"properties":{"provisioningState":"Succeeded","integrationRuntimeState":""},"location":"eastus2euap","id":"/subscriptions/00000000-0000-0000-0000-000000000000/resourceGroups/CLIUnitTest/providers/Microsoft.DataMigration/sqlMigrationServices/sqlServiceUnitTest7SBLE","name":"sqlServiceUnitTest7SBLE","type":"Microsoft.DataMigration/sqlMigrationServices"},{"properties":{"provisioningState":"Succeeded","integrationRuntimeState":""},"location":"eastus2euap","id":"/subscriptions/00000000-0000-0000-0000-000000000000/resourceGroups/CLIUnitTest/providers/Microsoft.DataMigration/sqlMigrationServices/sqlServiceUnitTest-Pipeline","name":"sqlServiceUnitTest-Pipeline","type":"Microsoft.DataMigration/sqlMigrationServices"}]}'
    headers:
      cache-control:
      - no-cache
      content-length:
      - '1066'
      content-type:
      - application/json; charset=utf-8
      date:
      - Thu, 06 Jan 2022 10:36:33 GMT
      expires:
      - '-1'
      pragma:
      - no-cache
      server:
      - Microsoft-HTTPAPI/2.0
      strict-transport-security:
      - max-age=31536000; includeSubDomains
      transfer-encoding:
      - chunked
      vary:
      - Accept-Encoding
      x-content-type-options:
      - nosniff
    status:
      code: 200
      message: OK
- request:
    body: null
    headers:
      Accept:
      - application/json
      Accept-Encoding:
      - gzip, deflate
      CommandName:
      - datamigration sql-service list
      Connection:
      - keep-alive
      User-Agent:
      - AZURECLI/2.32.0 azsdk-python-mgmt-datamigration/1.0.0b1 Python/3.8.10 (Windows-10-10.0.19043-SP0)
    method: GET
    uri: https://management.azure.com/subscriptions/00000000-0000-0000-0000-000000000000/providers/Microsoft.DataMigration/sqlMigrationServices?api-version=2021-10-30-preview
  response:
    body:
      string: '{"value":[{"properties":{"provisioningState":"Succeeded","integrationRuntimeState":""},"location":"eastus2","id":"/subscriptions/00000000-0000-0000-0000-000000000000/resourceGroups/aasimtest10/providers/Microsoft.DataMigration/sqlMigrationServices/aasimdms944","name":"aasimdms944","type":"Microsoft.DataMigration/sqlMigrationServices"},{"properties":{"provisioningState":"Succeeded","integrationRuntimeState":""},"location":"eastus2","id":"/subscriptions/00000000-0000-0000-0000-000000000000/resourceGroups/aaskhan/providers/Microsoft.DataMigration/sqlMigrationServices/aasimtestdmseastus2","name":"aasimtestdmseastus2","type":"Microsoft.DataMigration/sqlMigrationServices"},{"properties":{"provisioningState":"Succeeded","integrationRuntimeState":""},"location":"eastus2","id":"/subscriptions/00000000-0000-0000-0000-000000000000/resourceGroups/aaskhan/providers/Microsoft.DataMigration/sqlMigrationServices/anjalitest","name":"anjalitest","type":"Microsoft.DataMigration/sqlMigrationServices"},{"properties":{"provisioningState":"Succeeded","integrationRuntimeState":""},"location":"eastus2","id":"/subscriptions/00000000-0000-0000-0000-000000000000/resourceGroups/anjali/providers/Microsoft.DataMigration/sqlMigrationServices/anjali-dms-v2","name":"anjali-dms-v2","type":"Microsoft.DataMigration/sqlMigrationServices"},{"properties":{"provisioningState":"Succeeded","integrationRuntimeState":""},"location":"eastus2","id":"/subscriptions/00000000-0000-0000-0000-000000000000/resourceGroups/hijavaeastus2/providers/Microsoft.DataMigration/sqlMigrationServices/hijavasvcapril23","name":"hijavasvcapril23","type":"Microsoft.DataMigration/sqlMigrationServices"},{"properties":{"provisioningState":"Failed","integrationRuntimeState":""},"location":"eastus2","id":"/subscriptions/00000000-0000-0000-0000-000000000000/resourceGroups/hijavarg_canary/providers/Microsoft.DataMigration/sqlMigrationServices/hijavaservice123","name":"hijavaservice123","type":"Microsoft.DataMigration/sqlMigrationServices"},{"properties":{"provisioningState":"Succeeded","integrationRuntimeState":""},"location":"eastus2","id":"/subscriptions/00000000-0000-0000-0000-000000000000/resourceGroups/lonwrg/providers/Microsoft.DataMigration/sqlMigrationServices/lonwdmseus2","name":"lonwdmseus2","type":"Microsoft.DataMigration/sqlMigrationServices"},{"properties":{"provisioningState":"Succeeded","integrationRuntimeState":""},"location":"eastus2","id":"/subscriptions/00000000-0000-0000-0000-000000000000/resourceGroups/MadhuriRG/providers/Microsoft.DataMigration/sqlMigrationServices/aasim0509test","name":"aasim0509test","type":"Microsoft.DataMigration/sqlMigrationServices"},{"properties":{"provisioningState":"Failed","integrationRuntimeState":""},"location":"eastus2","id":"/subscriptions/00000000-0000-0000-0000-000000000000/resourceGroups/madhurirg/providers/Microsoft.DataMigration/sqlMigrationServices/hijavaservice9","name":"hijavaservice9","type":"Microsoft.DataMigration/sqlMigrationServices"},{"properties":{"provisioningState":"Succeeded","integrationRuntimeState":""},"location":"eastus2","id":"/subscriptions/00000000-0000-0000-0000-000000000000/resourceGroups/MadhuriRGEastUS2/providers/Microsoft.DataMigration/sqlMigrationServices/myservice1","name":"myservice1","type":"Microsoft.DataMigration/sqlMigrationServices"},{"properties":{"provisioningState":"Succeeded","integrationRuntimeState":""},"location":"eastus2","id":"/subscriptions/00000000-0000-0000-0000-000000000000/resourceGroups/MadhuriRGEastUS2/providers/Microsoft.DataMigration/sqlMigrationServices/myservice-eastus2","name":"myservice-eastus2","type":"Microsoft.DataMigration/sqlMigrationServices"},{"properties":{"provisioningState":"Succeeded","integrationRuntimeState":""},"location":"eastus2","id":"/subscriptions/00000000-0000-0000-0000-000000000000/resourceGroups/MigrationTesting/providers/Microsoft.DataMigration/sqlMigrationServices/mscmdlet","name":"mscmdlet","type":"Microsoft.DataMigration/sqlMigrationServices"},{"properties":{"provisioningState":"Succeeded","integrationRuntimeState":""},"location":"eastus2","id":"/subscriptions/00000000-0000-0000-0000-000000000000/resourceGroups/MigrationTesting/providers/Microsoft.DataMigration/sqlMigrationServices/vasuMService","name":"vasuMService","type":"Microsoft.DataMigration/sqlMigrationServices"},{"properties":{"provisioningState":"Succeeded","integrationRuntimeState":""},"location":"eastus2","id":"/subscriptions/00000000-0000-0000-0000-000000000000/resourceGroups/psTest/providers/Microsoft.DataMigration/sqlMigrationServices/dmsAuth","name":"dmsAuth","type":"Microsoft.DataMigration/sqlMigrationServices"},{"properties":{"provisioningState":"Succeeded","integrationRuntimeState":""},"location":"eastus2","id":"/subscriptions/00000000-0000-0000-0000-000000000000/resourceGroups/psTest/providers/Microsoft.DataMigration/sqlMigrationServices/dmscheck","name":"dmscheck","type":"Microsoft.DataMigration/sqlMigrationServices"},{"properties":{"provisioningState":"Succeeded","integrationRuntimeState":""},"location":"eastus2","id":"/subscriptions/00000000-0000-0000-0000-000000000000/resourceGroups/psTest/providers/Microsoft.DataMigration/sqlMigrationServices/dmsMigration","name":"dmsMigration","type":"Microsoft.DataMigration/sqlMigrationServices"},{"properties":{"provisioningState":"Succeeded","integrationRuntimeState":""},"location":"eastus2","id":"/subscriptions/00000000-0000-0000-0000-000000000000/resourceGroups/psTest/providers/Microsoft.DataMigration/sqlMigrationServices/psDMS","name":"psDMS","type":"Microsoft.DataMigration/sqlMigrationServices"},{"properties":{"provisioningState":"Succeeded","integrationRuntimeState":""},"location":"eastus2","id":"/subscriptions/00000000-0000-0000-0000-000000000000/resourceGroups/psTest/providers/Microsoft.DataMigration/sqlMigrationServices/psDMStest267abchywo","name":"psDMStest267abchywo","type":"Microsoft.DataMigration/sqlMigrationServices"},{"properties":{"provisioningState":"Succeeded","integrationRuntimeState":""},"location":"eastus2","id":"/subscriptions/00000000-0000-0000-0000-000000000000/resourceGroups/psTest/providers/Microsoft.DataMigration/sqlMigrationServices/psDMStest3rbnp5yalc","name":"psDMStest3rbnp5yalc","type":"Microsoft.DataMigration/sqlMigrationServices"},{"properties":{"provisioningState":"Succeeded","integrationRuntimeState":""},"location":"eastus2","id":"/subscriptions/00000000-0000-0000-0000-000000000000/resourceGroups/psTest/providers/Microsoft.DataMigration/sqlMigrationServices/psDMStest49jxbqeuta","name":"psDMStest49jxbqeuta","type":"Microsoft.DataMigration/sqlMigrationServices"},{"properties":{"provisioningState":"Succeeded","integrationRuntimeState":""},"location":"eastus2","id":"/subscriptions/00000000-0000-0000-0000-000000000000/resourceGroups/psTest/providers/Microsoft.DataMigration/sqlMigrationServices/psDMStest6xzdi2cqjy","name":"psDMStest6xzdi2cqjy","type":"Microsoft.DataMigration/sqlMigrationServices"},{"properties":{"provisioningState":"Succeeded","integrationRuntimeState":""},"location":"eastus2","id":"/subscriptions/00000000-0000-0000-0000-000000000000/resourceGroups/psTest/providers/Microsoft.DataMigration/sqlMigrationServices/psDMStest7b5m0vptuw","name":"psDMStest7b5m0vptuw","type":"Microsoft.DataMigration/sqlMigrationServices"},{"properties":{"provisioningState":"Succeeded","integrationRuntimeState":""},"location":"eastus2","id":"/subscriptions/00000000-0000-0000-0000-000000000000/resourceGroups/psTest/providers/Microsoft.DataMigration/sqlMigrationServices/psDMStest9gezsb4x5o","name":"psDMStest9gezsb4x5o","type":"Microsoft.DataMigration/sqlMigrationServices"},{"properties":{"provisioningState":"Succeeded","integrationRuntimeState":""},"location":"eastus2","id":"/subscriptions/00000000-0000-0000-0000-000000000000/resourceGroups/psTest/providers/Microsoft.DataMigration/sqlMigrationServices/psDMStestbxyther6fp","name":"psDMStestbxyther6fp","type":"Microsoft.DataMigration/sqlMigrationServices"},{"properties":{"provisioningState":"Succeeded","integrationRuntimeState":""},"location":"eastus2","id":"/subscriptions/00000000-0000-0000-0000-000000000000/resourceGroups/psTest/providers/Microsoft.DataMigration/sqlMigrationServices/psDMStestdn2lcrmj6o","name":"psDMStestdn2lcrmj6o","type":"Microsoft.DataMigration/sqlMigrationServices"},{"properties":{"provisioningState":"Succeeded","integrationRuntimeState":""},"location":"eastus2","id":"/subscriptions/00000000-0000-0000-0000-000000000000/resourceGroups/psTest/providers/Microsoft.DataMigration/sqlMigrationServices/psDMStestjtpgsridov","name":"psDMStestjtpgsridov","type":"Microsoft.DataMigration/sqlMigrationServices"},{"properties":{"provisioningState":"Succeeded","integrationRuntimeState":""},"location":"eastus2","id":"/subscriptions/00000000-0000-0000-0000-000000000000/resourceGroups/psTest/providers/Microsoft.DataMigration/sqlMigrationServices/psDMStestkgy63ticsz","name":"psDMStestkgy63ticsz","type":"Microsoft.DataMigration/sqlMigrationServices"},{"properties":{"provisioningState":"Succeeded","integrationRuntimeState":""},"location":"eastus2","id":"/subscriptions/00000000-0000-0000-0000-000000000000/resourceGroups/psTest/providers/Microsoft.DataMigration/sqlMigrationServices/psDMStestlfo728yn3g","name":"psDMStestlfo728yn3g","type":"Microsoft.DataMigration/sqlMigrationServices"},{"properties":{"provisioningState":"Succeeded","integrationRuntimeState":""},"location":"eastus2","id":"/subscriptions/00000000-0000-0000-0000-000000000000/resourceGroups/psTest/providers/Microsoft.DataMigration/sqlMigrationServices/psDMStestmw4tqh6vok","name":"psDMStestmw4tqh6vok","type":"Microsoft.DataMigration/sqlMigrationServices"},{"properties":{"provisioningState":"Succeeded","integrationRuntimeState":""},"location":"eastus2","id":"/subscriptions/00000000-0000-0000-0000-000000000000/resourceGroups/psTest/providers/Microsoft.DataMigration/sqlMigrationServices/psDMStesto2sjnmaq6y","name":"psDMStesto2sjnmaq6y","type":"Microsoft.DataMigration/sqlMigrationServices"},{"properties":{"provisioningState":"Succeeded","integrationRuntimeState":""},"location":"eastus2","id":"/subscriptions/00000000-0000-0000-0000-000000000000/resourceGroups/psTest/providers/Microsoft.DataMigration/sqlMigrationServices/psDMStestpjvnwf04q7","name":"psDMStestpjvnwf04q7","type":"Microsoft.DataMigration/sqlMigrationServices"},{"properties":{"provisioningState":"Succeeded","integrationRuntimeState":""},"location":"eastus2","id":"/subscriptions/00000000-0000-0000-0000-000000000000/resourceGroups/psTest/providers/Microsoft.DataMigration/sqlMigrationServices/psDMStestxftmn20j81","name":"psDMStestxftmn20j81","type":"Microsoft.DataMigration/sqlMigrationServices"},{"properties":{"provisioningState":"Succeeded","integrationRuntimeState":""},"location":"eastus2","id":"/subscriptions/00000000-0000-0000-0000-000000000000/resourceGroups/psTest/providers/Microsoft.DataMigration/sqlMigrationServices/psDMStestxnjlyh5gmp","name":"psDMStestxnjlyh5gmp","type":"Microsoft.DataMigration/sqlMigrationServices"},{"properties":{"provisioningState":"Succeeded","integrationRuntimeState":""},"location":"eastus2","id":"/subscriptions/00000000-0000-0000-0000-000000000000/resourceGroups/psTest/providers/Microsoft.DataMigration/sqlMigrationServices/psDMStesty6i3w7zmbf","name":"psDMStesty6i3w7zmbf","type":"Microsoft.DataMigration/sqlMigrationServices"},{"properties":{"provisioningState":"Succeeded","integrationRuntimeState":""},"location":"eastus2","id":"/subscriptions/00000000-0000-0000-0000-000000000000/resourceGroups/rackimtest2/providers/Microsoft.DataMigration/sqlMigrationServices/test0903","name":"test0903","type":"Microsoft.DataMigration/sqlMigrationServices"},{"properties":{"provisioningState":"Succeeded","integrationRuntimeState":""},"location":"eastus2","id":"/subscriptions/00000000-0000-0000-0000-000000000000/resourceGroups/tsum38RG/providers/Microsoft.DataMigration/sqlMigrationServices/dmsUnit","name":"dmsUnit","type":"Microsoft.DataMigration/sqlMigrationServices"},{"properties":{"provisioningState":"Succeeded","integrationRuntimeState":""},"location":"eastus2","id":"/subscriptions/00000000-0000-0000-0000-000000000000/resourceGroups/tsum38RG/providers/Microsoft.DataMigration/sqlMigrationServices/dmsUnitTest","name":"dmsUnitTest","type":"Microsoft.DataMigration/sqlMigrationServices"},{"properties":{"provisioningState":"Succeeded","integrationRuntimeState":""},"location":"eastus2","id":"/subscriptions/00000000-0000-0000-0000-000000000000/resourceGroups/yaly/providers/Microsoft.DataMigration/sqlMigrationServices/myservice2","name":"myservice2","type":"Microsoft.DataMigration/sqlMigrationServices"},{"properties":{"provisioningState":"Succeeded","integrationRuntimeState":""},"location":"eastus2","id":"/subscriptions/00000000-0000-0000-0000-000000000000/resourceGroups/yaly/providers/Microsoft.DataMigration/sqlMigrationServices/myservice3","name":"myservice3","type":"Microsoft.DataMigration/sqlMigrationServices"},{"properties":{"provisioningState":"Succeeded","integrationRuntimeState":""},"location":"eastus2","id":"/subscriptions/00000000-0000-0000-0000-000000000000/resourceGroups/yaly/providers/Microsoft.DataMigration/sqlMigrationServices/yalyservice2","name":"yalyservice2","type":"Microsoft.DataMigration/sqlMigrationServices"},{"properties":{"provisioningState":"Succeeded","integrationRuntimeState":""},"location":"eastus","id":"/subscriptions/00000000-0000-0000-0000-000000000000/resourceGroups/eastustest/providers/Microsoft.DataMigration/sqlMigrationServices/EastUSTestService","name":"EastUSTestService","type":"Microsoft.DataMigration/sqlMigrationServices"},{"properties":{"provisioningState":"Succeeded","integrationRuntimeState":""},"location":"eastus","id":"/subscriptions/00000000-0000-0000-0000-000000000000/resourceGroups/madhuriRG/providers/Microsoft.DataMigration/sqlMigrationServices/ms123","name":"ms123","type":"Microsoft.DataMigration/sqlMigrationServices"},{"properties":{"provisioningState":"Succeeded","integrationRuntimeState":""},"location":"eastus","id":"/subscriptions/00000000-0000-0000-0000-000000000000/resourceGroups/MigrationTesting/providers/Microsoft.DataMigration/sqlMigrationServices/SaGangwarSqlMigrationService","name":"SaGangwarSqlMigrationService","type":"Microsoft.DataMigration/sqlMigrationServices"},{"properties":{"provisioningState":"Succeeded","integrationRuntimeState":""},"location":"eastus","id":"/subscriptions/00000000-0000-0000-0000-000000000000/resourceGroups/tsum38RG/providers/Microsoft.DataMigration/sqlMigrationServices/SaGangwarSqlMigrationService","name":"SaGangwarSqlMigrationService","type":"Microsoft.DataMigration/sqlMigrationServices"},{"properties":{"provisioningState":"Succeeded","integrationRuntimeState":""},"location":"eastus","id":"/subscriptions/00000000-0000-0000-0000-000000000000/resourceGroups/tsum38RG/providers/Microsoft.DataMigration/sqlMigrationServices/MySqlMigrationService","name":"MySqlMigrationService","type":"Microsoft.DataMigration/sqlMigrationServices"},{"properties":{"provisioningState":"Succeeded","integrationRuntimeState":""},"location":"eastus","id":"/subscriptions/00000000-0000-0000-0000-000000000000/resourceGroups/madhuriRG/providers/Microsoft.DataMigration/sqlMigrationServices/vms1","name":"vms1","type":"Microsoft.DataMigration/sqlMigrationServices"},{"properties":{"provisioningState":"Succeeded","integrationRuntimeState":""},"location":"eastus","id":"/subscriptions/00000000-0000-0000-0000-000000000000/resourceGroups/SaGangwarGroup/providers/Microsoft.DataMigration/sqlMigrationServices/SaGangwarSqlMigrationService","name":"SaGangwarSqlMigrationService","type":"Microsoft.DataMigration/sqlMigrationServices"},{"properties":{"provisioningState":"Succeeded","integrationRuntimeState":""},"location":"eastus","id":"/subscriptions/00000000-0000-0000-0000-000000000000/resourceGroups/vasundhra/providers/Microsoft.DataMigration/sqlMigrationServices/trial","name":"trial","type":"Microsoft.DataMigration/sqlMigrationServices"},{"properties":{"provisioningState":"Succeeded","integrationRuntimeState":""},"location":"canadacentral","id":"/subscriptions/00000000-0000-0000-0000-000000000000/resourceGroups/canadacentraltest/providers/Microsoft.DataMigration/sqlMigrationServices/CanadaCentralTest","name":"CanadaCentralTest","type":"Microsoft.DataMigration/sqlMigrationServices"},{"properties":{"provisioningState":"Succeeded","integrationRuntimeState":""},"location":"centralus","id":"/subscriptions/00000000-0000-0000-0000-000000000000/resourceGroups/CentralUsTest/providers/Microsoft.DataMigration/sqlMigrationServices/CentralUsTest","name":"CentralUsTest","type":"Microsoft.DataMigration/sqlMigrationServices"},{"properties":{"provisioningState":"Succeeded","integrationRuntimeState":""},"location":"canadaeast","id":"/subscriptions/00000000-0000-0000-0000-000000000000/resourceGroups/CanadaEastTest/providers/Microsoft.DataMigration/sqlMigrationServices/CanadaEastTest","name":"CanadaEastTest","type":"Microsoft.DataMigration/sqlMigrationServices"},{"properties":{"provisioningState":"Succeeded","integrationRuntimeState":""},"location":"westeurope","id":"/subscriptions/00000000-0000-0000-0000-000000000000/resourceGroups/yalywesteurope/providers/Microsoft.DataMigration/sqlMigrationServices/failovertest","name":"failovertest","type":"Microsoft.DataMigration/sqlMigrationServices"},{"properties":{"provisioningState":"Succeeded","integrationRuntimeState":""},"location":"australiaeast","id":"/subscriptions/00000000-0000-0000-0000-000000000000/resourceGroups/servicergaustraliaeast/providers/Microsoft.DataMigration/sqlMigrationServices/serviceaustraliaeast","name":"serviceaustraliaeast","type":"Microsoft.DataMigration/sqlMigrationServices"},{"properties":{"provisioningState":"Succeeded","integrationRuntimeState":""},"location":"australiasoutheast","id":"/subscriptions/00000000-0000-0000-0000-000000000000/resourceGroups/servicergaustraliasoutheast/providers/Microsoft.DataMigration/sqlMigrationServices/serviceaustraliasoutheast","name":"serviceaustraliasoutheast","type":"Microsoft.DataMigration/sqlMigrationServices"},{"properties":{"provisioningState":"Succeeded","integrationRuntimeState":""},"location":"francecentral","id":"/subscriptions/00000000-0000-0000-0000-000000000000/resourceGroups/servicergfrancec/providers/Microsoft.DataMigration/sqlMigrationServices/servicefrancec","name":"servicefrancec","type":"Microsoft.DataMigration/sqlMigrationServices"},{"properties":{"provisioningState":"Succeeded","integrationRuntimeState":""},"location":"centralindia","id":"/subscriptions/00000000-0000-0000-0000-000000000000/resourceGroups/servicergindiacentral/providers/Microsoft.DataMigration/sqlMigrationServices/serviceindiacentral","name":"serviceindiacentral","type":"Microsoft.DataMigration/sqlMigrationServices"},{"properties":{"provisioningState":"Succeeded","integrationRuntimeState":""},"location":"southindia","id":"/subscriptions/00000000-0000-0000-0000-000000000000/resourceGroups/servicergindiasouth/providers/Microsoft.DataMigration/sqlMigrationServices/serviceindiasouth","name":"serviceindiasouth","type":"Microsoft.DataMigration/sqlMigrationServices"},{"properties":{"provisioningState":"Succeeded","integrationRuntimeState":""},"location":"japaneast","id":"/subscriptions/00000000-0000-0000-0000-000000000000/resourceGroups/servicergjapaneast/providers/Microsoft.DataMigration/sqlMigrationServices/servicejapaneast","name":"servicejapaneast","type":"Microsoft.DataMigration/sqlMigrationServices"},{"properties":{"provisioningState":"Succeeded","integrationRuntimeState":""},"location":"southcentralus","id":"/subscriptions/00000000-0000-0000-0000-000000000000/resourceGroups/servicergussouth/providers/Microsoft.DataMigration/sqlMigrationServices/serviceussouth","name":"serviceussouth","type":"Microsoft.DataMigration/sqlMigrationServices"},{"properties":{"provisioningState":"Succeeded","integrationRuntimeState":""},"location":"southeastasia","id":"/subscriptions/00000000-0000-0000-0000-000000000000/resourceGroups/servicergasiasoutheast/providers/Microsoft.DataMigration/sqlMigrationServices/serviceasiasoutheast","name":"serviceasiasoutheast","type":"Microsoft.DataMigration/sqlMigrationServices"},{"properties":{"provisioningState":"Succeeded","integrationRuntimeState":""},"location":"southeastasia","id":"/subscriptions/00000000-0000-0000-0000-000000000000/resourceGroups/testyaly/providers/Microsoft.DataMigration/sqlMigrationServices/testyaly","name":"testyaly","type":"Microsoft.DataMigration/sqlMigrationServices"},{"properties":{"provisioningState":"Succeeded","integrationRuntimeState":""},"location":"uksouth","id":"/subscriptions/00000000-0000-0000-0000-000000000000/resourceGroups/MigrationTesting/providers/Microsoft.DataMigration/sqlMigrationServices/MadhuriBB","name":"MadhuriBB","type":"Microsoft.DataMigration/sqlMigrationServices"},{"properties":{"provisioningState":"Succeeded","integrationRuntimeState":""},"location":"uksouth","id":"/subscriptions/00000000-0000-0000-0000-000000000000/resourceGroups/MigrationTesting/providers/Microsoft.DataMigration/sqlMigrationServices/MadhuriServiceBugBash","name":"MadhuriServiceBugBash","type":"Microsoft.DataMigration/sqlMigrationServices"},{"properties":{"provisioningState":"Succeeded","integrationRuntimeState":""},"location":"uksouth","id":"/subscriptions/00000000-0000-0000-0000-000000000000/resourceGroups/MigrationTesting/providers/Microsoft.DataMigration/sqlMigrationServices/kamurugatest1","name":"kamurugatest1","type":"Microsoft.DataMigration/sqlMigrationServices"},{"properties":{"provisioningState":"Succeeded","integrationRuntimeState":""},"location":"uksouth","id":"/subscriptions/00000000-0000-0000-0000-000000000000/resourceGroups/servicerguksouth/providers/Microsoft.DataMigration/sqlMigrationServices/serviceuksouth","name":"serviceuksouth","type":"Microsoft.DataMigration/sqlMigrationServices"},{"properties":{"provisioningState":"Succeeded","integrationRuntimeState":""},"location":"uksouth","id":"/subscriptions/00000000-0000-0000-0000-000000000000/resourceGroups/MigrationTesting/providers/Microsoft.DataMigration/sqlMigrationServices/rohitdhtest","name":"rohitdhtest","type":"Microsoft.DataMigration/sqlMigrationServices"},{"properties":{"provisioningState":"Succeeded","integrationRuntimeState":""},"location":"uksouth","id":"/subscriptions/00000000-0000-0000-0000-000000000000/resourceGroups/hijavarg/providers/Microsoft.DataMigration/sqlMigrationServices/hijavaDmsUkSouth1","name":"hijavaDmsUkSouth1","type":"Microsoft.DataMigration/sqlMigrationServices"},{"properties":{"provisioningState":"Succeeded","integrationRuntimeState":""},"location":"westus","id":"/subscriptions/00000000-0000-0000-0000-000000000000/resourceGroups/servicerguswest/providers/Microsoft.DataMigration/sqlMigrationServices/serviceuswest","name":"serviceuswest","type":"Microsoft.DataMigration/sqlMigrationServices"},{"properties":{"provisioningState":"Succeeded","integrationRuntimeState":""},"location":"westus2","id":"/subscriptions/00000000-0000-0000-0000-000000000000/resourceGroups/servicerguswest2/providers/Microsoft.DataMigration/sqlMigrationServices/serviceuswest2","name":"serviceuswest2","type":"Microsoft.DataMigration/sqlMigrationServices"},{"properties":{"provisioningState":"Succeeded","integrationRuntimeState":""},"location":"eastasia","id":"/subscriptions/00000000-0000-0000-0000-000000000000/resourceGroups/yalyeastasia/providers/Microsoft.DataMigration/sqlMigrationServices/CRUDTest","name":"CRUDTest","type":"Microsoft.DataMigration/sqlMigrationServices"},{"properties":{"provisioningState":"Succeeded","integrationRuntimeState":""},"location":"northeurope","id":"/subscriptions/00000000-0000-0000-0000-000000000000/resourceGroups/yalyNorthEurope/providers/Microsoft.DataMigration/sqlMigrationServices/DMSTest","name":"DMSTest","type":"Microsoft.DataMigration/sqlMigrationServices"},{"properties":{"provisioningState":"Succeeded","integrationRuntimeState":""},"location":"ukwest","id":"/subscriptions/00000000-0000-0000-0000-000000000000/resourceGroups/yalyukwest/providers/Microsoft.DataMigration/sqlMigrationServices/DMSFailoverTest","name":"DMSFailoverTest","type":"Microsoft.DataMigration/sqlMigrationServices"},{"properties":{"provisioningState":"Succeeded","integrationRuntimeState":""},"location":"westcentralus","id":"/subscriptions/00000000-0000-0000-0000-000000000000/resourceGroups/yalywestcentralus/providers/Microsoft.DataMigration/sqlMigrationServices/FailoverTest","name":"FailoverTest","type":"Microsoft.DataMigration/sqlMigrationServices"},{"properties":{"provisioningState":"Failed","integrationRuntimeState":""},"location":"eastus2euap","id":"/subscriptions/00000000-0000-0000-0000-000000000000/resourceGroups/azrRG/providers/Microsoft.DataMigration/sqlMigrationServices/azrTest2","name":"azrTest2","type":"Microsoft.DataMigration/sqlMigrationServices"},{"properties":{"provisioningState":"Succeeded","integrationRuntimeState":""},"location":"eastus2euap","id":"/subscriptions/00000000-0000-0000-0000-000000000000/resourceGroups/aaskhan/providers/Microsoft.DataMigration/sqlMigrationServices/asdfsadfsadfasd","name":"asdfsadfsadfasd","type":"Microsoft.DataMigration/sqlMigrationServices"},{"properties":{"provisioningState":"Succeeded","integrationRuntimeState":""},"location":"eastus2euap","id":"/subscriptions/00000000-0000-0000-0000-000000000000/resourceGroups/aaskhan/providers/Microsoft.DataMigration/sqlMigrationServices/test6","name":"test6","type":"Microsoft.DataMigration/sqlMigrationServices"},{"properties":{"provisioningState":"Succeeded","integrationRuntimeState":""},"location":"eastus2euap","id":"/subscriptions/00000000-0000-0000-0000-000000000000/resourceGroups/aaskhan/providers/Microsoft.DataMigration/sqlMigrationServices/test1","name":"test1","type":"Microsoft.DataMigration/sqlMigrationServices"},{"properties":{"provisioningState":"Failed","integrationRuntimeState":""},"location":"eastus2euap","id":"/subscriptions/00000000-0000-0000-0000-000000000000/resourceGroups/aasimTestVM_group/providers/Microsoft.DataMigration/sqlMigrationServices/test0608202122","name":"test0608202122","type":"Microsoft.DataMigration/sqlMigrationServices"},{"properties":{"provisioningState":"Failed","integrationRuntimeState":""},"location":"eastus2euap","id":"/subscriptions/00000000-0000-0000-0000-000000000000/resourceGroups/MadhuriRG/providers/Microsoft.DataMigration/sqlMigrationServices/myservice1","name":"myservice1","type":"Microsoft.DataMigration/sqlMigrationServices"},{"properties":{"provisioningState":"Succeeded","integrationRuntimeState":""},"location":"eastus2euap","id":"/subscriptions/00000000-0000-0000-0000-000000000000/resourceGroups/MigrationTesting/providers/Microsoft.DataMigration/sqlMigrationServices/vmsf","name":"vmsf","type":"Microsoft.DataMigration/sqlMigrationServices"},{"properties":{"provisioningState":"Succeeded","integrationRuntimeState":""},"location":"eastus2euap","id":"/subscriptions/00000000-0000-0000-0000-000000000000/resourceGroups/aaskhan/providers/Microsoft.DataMigration/sqlMigrationServices/datamigration-test-ads","name":"datamigration-test-ads","type":"Microsoft.DataMigration/sqlMigrationServices"},{"properties":{"provisioningState":"Succeeded","integrationRuntimeState":""},"location":"eastus2euap","id":"/subscriptions/00000000-0000-0000-0000-000000000000/resourceGroups/tsum38RG/providers/Microsoft.DataMigration/sqlMigrationServices/alias","name":"alias","type":"Microsoft.DataMigration/sqlMigrationServices"},{"properties":{"provisioningState":"Succeeded","integrationRuntimeState":""},"location":"eastus2euap","id":"/subscriptions/00000000-0000-0000-0000-000000000000/resourceGroups/tsum38RG/providers/Microsoft.DataMigration/sqlMigrationServices/alias-dms","name":"alias-dms","type":"Microsoft.DataMigration/sqlMigrationServices"},{"properties":{"provisioningState":"Succeeded","integrationRuntimeState":""},"location":"eastus2euap","id":"/subscriptions/00000000-0000-0000-0000-000000000000/resourceGroups/aaskhan/providers/Microsoft.DataMigration/sqlMigrationServices/sqltoolsdemo331","name":"sqltoolsdemo331","type":"Microsoft.DataMigration/sqlMigrationServices"},{"properties":{"provisioningState":"Succeeded","integrationRuntimeState":""},"location":"eastus2euap","id":"/subscriptions/00000000-0000-0000-0000-000000000000/resourceGroups/MadhuriRG/providers/Microsoft.DataMigration/sqlMigrationServices/tsum38-td","name":"tsum38-td","type":"Microsoft.DataMigration/sqlMigrationServices"},{"properties":{"provisioningState":"Succeeded","integrationRuntimeState":""},"location":"eastus2euap","id":"/subscriptions/00000000-0000-0000-0000-000000000000/resourceGroups/aaskhan/providers/Microsoft.DataMigration/sqlMigrationServices/061020211057","name":"061020211057","type":"Microsoft.DataMigration/sqlMigrationServices"},{"properties":{"provisioningState":"Failed","integrationRuntimeState":""},"location":"eastus2euap","id":"/subscriptions/00000000-0000-0000-0000-000000000000/resourceGroups/aaskhan/providers/Microsoft.DataMigration/sqlMigrationServices/aasimtestdms0504","name":"aasimtestdms0504","type":"Microsoft.DataMigration/sqlMigrationServices"},{"properties":{"provisioningState":"Succeeded","integrationRuntimeState":""},"location":"eastus2euap","id":"/subscriptions/00000000-0000-0000-0000-000000000000/resourceGroups/MadhuriRG/providers/Microsoft.DataMigration/sqlMigrationServices/listdmscanary","name":"listdmscanary","type":"Microsoft.DataMigration/sqlMigrationServices"},{"properties":{"provisioningState":"Succeeded","integrationRuntimeState":""},"location":"eastus2euap","id":"/subscriptions/00000000-0000-0000-0000-000000000000/resourceGroups/RSETLEM-RG-DMS/providers/Microsoft.DataMigration/sqlMigrationServices/RSETLEM-DMS-Service20","name":"RSETLEM-DMS-Service20","type":"Microsoft.DataMigration/sqlMigrationServices"},{"properties":{"provisioningState":"Failed","integrationRuntimeState":""},"location":"eastus2euap","id":"/subscriptions/00000000-0000-0000-0000-000000000000/resourceGroups/hijavarg/providers/Microsoft.DataMigration/sqlMigrationServices/hijava_canary_controller","name":"hijava_canary_controller","type":"Microsoft.DataMigration/sqlMigrationServices"},{"properties":{"provisioningState":"Failed","integrationRuntimeState":""},"location":"eastus2euap","id":"/subscriptions/00000000-0000-0000-0000-000000000000/resourceGroups/tsum38RG/providers/Microsoft.DataMigration/sqlMigrationServices/new-testing-sqlmigrationservice-cd5j6m1bh8","name":"new-testing-sqlmigrationservice-cd5j6m1bh8","type":"Microsoft.DataMigration/sqlMigrationServices"},{"properties":{"provisioningState":"Succeeded","integrationRuntimeState":""},"location":"eastus2euap","id":"/subscriptions/00000000-0000-0000-0000-000000000000/resourceGroups/hijavarg_canary/providers/Microsoft.DataMigration/sqlMigrationServices/hijavaservicesep01","name":"hijavaservicesep01","type":"Microsoft.DataMigration/sqlMigrationServices"},{"properties":{"provisioningState":"Succeeded","integrationRuntimeState":""},"location":"eastus2euap","id":"/subscriptions/00000000-0000-0000-0000-000000000000/resourceGroups/aaskhan/providers/Microsoft.DataMigration/sqlMigrationServices/aasim-test-dms-330","name":"aasim-test-dms-330","type":"Microsoft.DataMigration/sqlMigrationServices"},{"properties":{"provisioningState":"Succeeded","integrationRuntimeState":""},"location":"eastus2euap","id":"/subscriptions/00000000-0000-0000-0000-000000000000/resourceGroups/aaskhan/providers/Microsoft.DataMigration/sqlMigrationServices/aasim-dms-test-330-2","name":"aasim-dms-test-330-2","type":"Microsoft.DataMigration/sqlMigrationServices"},{"properties":{"provisioningState":"Failed","integrationRuntimeState":""},"location":"eastus2euap","id":"/subscriptions/00000000-0000-0000-0000-000000000000/resourceGroups/hijavarg_canary/providers/Microsoft.DataMigration/sqlMigrationServices/hijava_canary_controller","name":"hijava_canary_controller","type":"Microsoft.DataMigration/sqlMigrationServices"},{"properties":{"provisioningState":"Failed","integrationRuntimeState":""},"location":"eastus2euap","id":"/subscriptions/00000000-0000-0000-0000-000000000000/resourceGroups/aaskhan/providers/Microsoft.DataMigration/sqlMigrationServices/test060821","name":"test060821","type":"Microsoft.DataMigration/sqlMigrationServices"},{"properties":{"provisioningState":"Failed","integrationRuntimeState":""},"location":"eastus2euap","id":"/subscriptions/00000000-0000-0000-0000-000000000000/resourceGroups/MigrationTesting/providers/Microsoft.DataMigration/sqlMigrationServices/vasumsFiddler","name":"vasumsFiddler","type":"Microsoft.DataMigration/sqlMigrationServices"},{"properties":{"provisioningState":"Succeeded","integrationRuntimeState":""},"location":"eastus2euap","id":"/subscriptions/00000000-0000-0000-0000-000000000000/resourceGroups/aaskhan/providers/Microsoft.DataMigration/sqlMigrationServices/aasimtestbutton","name":"aasimtestbutton","type":"Microsoft.DataMigration/sqlMigrationServices"},{"properties":{"provisioningState":"Succeeded","integrationRuntimeState":""},"location":"eastus2euap","id":"/subscriptions/00000000-0000-0000-0000-000000000000/resourceGroups/aaskhan/providers/Microsoft.DataMigration/sqlMigrationServices/vmTest0611256","name":"vmTest0611256","type":"Microsoft.DataMigration/sqlMigrationServices"},{"properties":{"provisioningState":"Failed","integrationRuntimeState":""},"location":"eastus2euap","id":"/subscriptions/00000000-0000-0000-0000-000000000000/resourceGroups/aasimTestVM_group/providers/Microsoft.DataMigration/sqlMigrationServices/at0608t","name":"at0608t","type":"Microsoft.DataMigration/sqlMigrationServices"},{"properties":{"provisioningState":"Succeeded","integrationRuntimeState":""},"location":"eastus2euap","id":"/subscriptions/00000000-0000-0000-0000-000000000000/resourceGroups/aaskhan/providers/Microsoft.DataMigration/sqlMigrationServices/aasimtest1","name":"aasimtest1","type":"Microsoft.DataMigration/sqlMigrationServices"},{"properties":{"provisioningState":"Succeeded","integrationRuntimeState":""},"location":"eastus2euap","id":"/subscriptions/00000000-0000-0000-0000-000000000000/resourceGroups/aasimtest10/providers/Microsoft.DataMigration/sqlMigrationServices/aasim728157","name":"aasim728157","type":"Microsoft.DataMigration/sqlMigrationServices"},{"properties":{"provisioningState":"Failed","integrationRuntimeState":""},"location":"eastus2euap","id":"/subscriptions/00000000-0000-0000-0000-000000000000/resourceGroups/aasimTestVM_group/providers/Microsoft.DataMigration/sqlMigrationServices/test","name":"test","type":"Microsoft.DataMigration/sqlMigrationServices"},{"properties":{"provisioningState":"Failed","integrationRuntimeState":""},"location":"eastus2euap","id":"/subscriptions/00000000-0000-0000-0000-000000000000/resourceGroups/aasimTestVM_group/providers/Microsoft.DataMigration/sqlMigrationServices/test123","name":"test123","type":"Microsoft.DataMigration/sqlMigrationServices"},{"properties":{"provisioningState":"Succeeded","integrationRuntimeState":""},"location":"eastus2euap","id":"/subscriptions/00000000-0000-0000-0000-000000000000/resourceGroups/aaskhan/providers/Microsoft.DataMigration/sqlMigrationServices/aasim-dms-330-test-2","name":"aasim-dms-330-test-2","type":"Microsoft.DataMigration/sqlMigrationServices"},{"properties":{"provisioningState":"Succeeded","integrationRuntimeState":""},"location":"eastus2euap","id":"/subscriptions/00000000-0000-0000-0000-000000000000/resourceGroups/aaskhan/providers/Microsoft.DataMigration/sqlMigrationServices/test1234","name":"test1234","type":"Microsoft.DataMigration/sqlMigrationServices"},{"properties":{"provisioningState":"Succeeded","integrationRuntimeState":""},"location":"eastus2euap","id":"/subscriptions/00000000-0000-0000-0000-000000000000/resourceGroups/aaskhan/providers/Microsoft.DataMigration/sqlMigrationServices/aasimtest0505","name":"aasimtest0505","type":"Microsoft.DataMigration/sqlMigrationServices"},{"properties":{"provisioningState":"Succeeded","integrationRuntimeState":""},"location":"eastus2euap","id":"/subscriptions/00000000-0000-0000-0000-000000000000/resourceGroups/hijavarg_canary/providers/Microsoft.DataMigration/sqlMigrationServices/hijavaservice3","name":"hijavaservice3","type":"Microsoft.DataMigration/sqlMigrationServices"},{"properties":{"provisioningState":"Succeeded","integrationRuntimeState":""},"location":"eastus2euap","id":"/subscriptions/00000000-0000-0000-0000-000000000000/resourceGroups/yaly/providers/Microsoft.DataMigration/sqlMigrationServices/hijavaservice3","name":"hijavaservice3","type":"Microsoft.DataMigration/sqlMigrationServices"},{"properties":{"provisioningState":"Succeeded","integrationRuntimeState":""},"location":"eastus2euap","id":"/subscriptions/00000000-0000-0000-0000-000000000000/resourceGroups/rohitdhmi/providers/Microsoft.DataMigration/sqlMigrationServices/rohitdhbugbush1021","name":"rohitdhbugbush1021","type":"Microsoft.DataMigration/sqlMigrationServices"},{"properties":{"provisioningState":"Succeeded","integrationRuntimeState":""},"location":"eastus2euap","id":"/subscriptions/00000000-0000-0000-0000-000000000000/resourceGroups/MadhuriRG/providers/Microsoft.DataMigration/sqlMigrationServices/TestFactory0505","name":"TestFactory0505","type":"Microsoft.DataMigration/sqlMigrationServices"},{"properties":{"provisioningState":"Failed","integrationRuntimeState":""},"location":"eastus2euap","id":"/subscriptions/00000000-0000-0000-0000-000000000000/resourceGroups/yaly/providers/Microsoft.DataMigration/sqlMigrationServices/yalyservice4","name":"yalyservice4","type":"Microsoft.DataMigration/sqlMigrationServices"},{"properties":{"provisioningState":"Succeeded","integrationRuntimeState":""},"location":"eastus2euap","id":"/subscriptions/00000000-0000-0000-0000-000000000000/resourceGroups/aaskhan/providers/Microsoft.DataMigration/sqlMigrationServices/test5","name":"test5","type":"Microsoft.DataMigration/sqlMigrationServices"},{"properties":{"provisioningState":"Failed","integrationRuntimeState":""},"location":"eastus2euap","id":"/subscriptions/00000000-0000-0000-0000-000000000000/resourceGroups/aaskhan/providers/Microsoft.DataMigration/sqlMigrationServices/aaskhan060821trial24","name":"aaskhan060821trial24","type":"Microsoft.DataMigration/sqlMigrationServices"},{"properties":{"provisioningState":"Succeeded","integrationRuntimeState":""},"location":"eastus2euap","id":"/subscriptions/00000000-0000-0000-0000-000000000000/resourceGroups/servicerguseast2euap/providers/Microsoft.DataMigration/sqlMigrationServices/serviceuseast2euap","name":"serviceuseast2euap","type":"Microsoft.DataMigration/sqlMigrationServices"},{"properties":{"provisioningState":"Succeeded","integrationRuntimeState":""},"location":"eastus2euap","id":"/subscriptions/00000000-0000-0000-0000-000000000000/resourceGroups/hijavarg_canary/providers/Microsoft.DataMigration/sqlMigrationServices/hijavaservice2","name":"hijavaservice2","type":"Microsoft.DataMigration/sqlMigrationServices"},{"properties":{"provisioningState":"Succeeded","integrationRuntimeState":""},"location":"eastus2euap","id":"/subscriptions/00000000-0000-0000-0000-000000000000/resourceGroups/MadhuriRG/providers/Microsoft.DataMigration/sqlMigrationServices/MadhuriTestFactory1","name":"MadhuriTestFactory1","type":"Microsoft.DataMigration/sqlMigrationServices"},{"properties":{"provisioningState":"Failed","integrationRuntimeState":""},"location":"eastus2euap","id":"/subscriptions/00000000-0000-0000-0000-000000000000/resourceGroups/tsum38RG/providers/Microsoft.DataMigration/sqlMigrationServices/trailTD-delete","name":"trailTD-delete","type":"Microsoft.DataMigration/sqlMigrationServices"},{"properties":{"provisioningState":"Succeeded","integrationRuntimeState":""},"location":"eastus2euap","id":"/subscriptions/00000000-0000-0000-0000-000000000000/resourceGroups/RSETLEM-DMS-RG/providers/Microsoft.DataMigration/sqlMigrationServices/DMS-05192021","name":"DMS-05192021","type":"Microsoft.DataMigration/sqlMigrationServices"},{"properties":{"provisioningState":"Succeeded","integrationRuntimeState":""},"location":"eastus2euap","id":"/subscriptions/00000000-0000-0000-0000-000000000000/resourceGroups/MadhuriRG/providers/Microsoft.DataMigration/sqlMigrationServices/MadhuriTestFactory","name":"MadhuriTestFactory","type":"Microsoft.DataMigration/sqlMigrationServices"},{"properties":{"provisioningState":"Succeeded","integrationRuntimeState":""},"location":"eastus2euap","id":"/subscriptions/00000000-0000-0000-0000-000000000000/resourceGroups/hijavarg_canary/providers/Microsoft.DataMigration/sqlMigrationServices/hijavasvc25may","name":"hijavasvc25may","type":"Microsoft.DataMigration/sqlMigrationServices"},{"properties":{"provisioningState":"Succeeded","integrationRuntimeState":""},"location":"eastus2euap","id":"/subscriptions/00000000-0000-0000-0000-000000000000/resourceGroups/yaly/providers/Microsoft.DataMigration/sqlMigrationServices/yalytest","name":"yalytest","type":"Microsoft.DataMigration/sqlMigrationServices"},{"properties":{"provisioningState":"Failed","integrationRuntimeState":""},"location":"eastus2euap","id":"/subscriptions/00000000-0000-0000-0000-000000000000/resourceGroups/aaskhan/providers/Microsoft.DataMigration/sqlMigrationServices/aasimTestDms060821trial1","name":"aasimTestDms060821trial1","type":"Microsoft.DataMigration/sqlMigrationServices"},{"properties":{"provisioningState":"Succeeded","integrationRuntimeState":""},"location":"eastus2euap","id":"/subscriptions/00000000-0000-0000-0000-000000000000/resourceGroups/hijavarg_canary/providers/Microsoft.DataMigration/sqlMigrationServices/hijavasep22-3","name":"hijavasep22-3","type":"Microsoft.DataMigration/sqlMigrationServices"},{"properties":{"provisioningState":"Succeeded","integrationRuntimeState":""},"location":"eastus2euap","id":"/subscriptions/00000000-0000-0000-0000-000000000000/resourceGroups/aaskhan/providers/Microsoft.DataMigration/sqlMigrationServices/aasimTest","name":"aasimTest","type":"Microsoft.DataMigration/sqlMigrationServices"},{"properties":{"provisioningState":"Succeeded","integrationRuntimeState":""},"location":"eastus2euap","id":"/subscriptions/00000000-0000-0000-0000-000000000000/resourceGroups/rackimtest2/providers/Microsoft.DataMigration/sqlMigrationServices/0910DMS","name":"0910DMS","type":"Microsoft.DataMigration/sqlMigrationServices"},{"properties":{"provisioningState":"Succeeded","integrationRuntimeState":""},"location":"eastus2euap","id":"/subscriptions/00000000-0000-0000-0000-000000000000/resourceGroups/RSETLEM-RG-MC41/providers/Microsoft.DataMigration/sqlMigrationServices/RSETLEM-MC41","name":"RSETLEM-MC41","type":"Microsoft.DataMigration/sqlMigrationServices"},{"properties":{"provisioningState":"Succeeded","integrationRuntimeState":""},"location":"eastus2euap","id":"/subscriptions/00000000-0000-0000-0000-000000000000/resourceGroups/aaskhan/providers/Microsoft.DataMigration/sqlMigrationServices/aasimtestirdms419","name":"aasimtestirdms419","type":"Microsoft.DataMigration/sqlMigrationServices"},{"properties":{"provisioningState":"Succeeded","integrationRuntimeState":""},"location":"eastus2euap","id":"/subscriptions/00000000-0000-0000-0000-000000000000/resourceGroups/MadhuriRG/providers/Microsoft.DataMigration/sqlMigrationServices/vasu","name":"vasu","type":"Microsoft.DataMigration/sqlMigrationServices"},{"properties":{"provisioningState":"Succeeded","integrationRuntimeState":""},"location":"eastus2euap","id":"/subscriptions/00000000-0000-0000-0000-000000000000/resourceGroups/MadhuriRG/providers/Microsoft.DataMigration/sqlMigrationServices/MadhuriTestFactory2","name":"MadhuriTestFactory2","type":"Microsoft.DataMigration/sqlMigrationServices"},{"properties":{"provisioningState":"Failed","integrationRuntimeState":""},"location":"eastus2euap","id":"/subscriptions/00000000-0000-0000-0000-000000000000/resourceGroups/aaskhan/providers/Microsoft.DataMigration/sqlMigrationServices/aaskhan060821trial23","name":"aaskhan060821trial23","type":"Microsoft.DataMigration/sqlMigrationServices"},{"properties":{"provisioningState":"Succeeded","integrationRuntimeState":""},"location":"eastus2euap","id":"/subscriptions/00000000-0000-0000-0000-000000000000/resourceGroups/aasimtest10/providers/Microsoft.DataMigration/sqlMigrationServices/test2","name":"test2","type":"Microsoft.DataMigration/sqlMigrationServices"},{"properties":{"provisioningState":"Succeeded","integrationRuntimeState":""},"location":"eastus2euap","id":"/subscriptions/00000000-0000-0000-0000-000000000000/resourceGroups/CLIUnitTest/providers/Microsoft.DataMigration/sqlMigrationServices/sqlServiceUnitTest7SBLE","name":"sqlServiceUnitTest7SBLE","type":"Microsoft.DataMigration/sqlMigrationServices"},{"properties":{"provisioningState":"Succeeded","integrationRuntimeState":""},"location":"eastus2euap","id":"/subscriptions/00000000-0000-0000-0000-000000000000/resourceGroups/rackimtest/providers/Microsoft.DataMigration/sqlMigrationServices/test1","name":"test1","type":"Microsoft.DataMigration/sqlMigrationServices"},{"properties":{"provisioningState":"Succeeded","integrationRuntimeState":""},"location":"eastus2euap","id":"/subscriptions/00000000-0000-0000-0000-000000000000/resourceGroups/rackimtest2/providers/Microsoft.DataMigration/sqlMigrationServices/test1","name":"test1","type":"Microsoft.DataMigration/sqlMigrationServices"},{"properties":{"provisioningState":"Succeeded","integrationRuntimeState":""},"location":"eastus2euap","id":"/subscriptions/00000000-0000-0000-0000-000000000000/resourceGroups/aaskhan/providers/Microsoft.DataMigration/sqlMigrationServices/aaskhan","name":"aaskhan","type":"Microsoft.DataMigration/sqlMigrationServices"},{"properties":{"provisioningState":"Succeeded","integrationRuntimeState":""},"location":"eastus2euap","id":"/subscriptions/00000000-0000-0000-0000-000000000000/resourceGroups/test/providers/Microsoft.DataMigration/sqlMigrationServices/brih-ADMS-v2","name":"brih-ADMS-v2","type":"Microsoft.DataMigration/sqlMigrationServices"},{"properties":{"provisioningState":"Succeeded","integrationRuntimeState":""},"location":"eastus2euap","id":"/subscriptions/00000000-0000-0000-0000-000000000000/resourceGroups/MadhuriRG/providers/Microsoft.DataMigration/sqlMigrationServices/vmanhasADSMS","name":"vmanhasADSMS","type":"Microsoft.DataMigration/sqlMigrationServices"},{"properties":{"provisioningState":"Succeeded","integrationRuntimeState":""},"location":"eastus2euap","id":"/subscriptions/00000000-0000-0000-0000-000000000000/resourceGroups/aaskhan/providers/Microsoft.DataMigration/sqlMigrationServices/aasimtest412","name":"aasimtest412","type":"Microsoft.DataMigration/sqlMigrationServices"},{"properties":{"provisioningState":"Succeeded","integrationRuntimeState":""},"location":"eastus2euap","id":"/subscriptions/00000000-0000-0000-0000-000000000000/resourceGroups/migrationdemoads/providers/Microsoft.DataMigration/sqlMigrationServices/migrationdemodms2021","name":"migrationdemodms2021","type":"Microsoft.DataMigration/sqlMigrationServices"},{"properties":{"provisioningState":"Succeeded","integrationRuntimeState":""},"location":"eastus2euap","id":"/subscriptions/00000000-0000-0000-0000-000000000000/resourceGroups/rohitdhmi/providers/Microsoft.DataMigration/sqlMigrationServices/testservicecreation","name":"testservicecreation","type":"Microsoft.DataMigration/sqlMigrationServices"},{"properties":{"provisioningState":"Succeeded","integrationRuntimeState":""},"location":"eastus2euap","id":"/subscriptions/00000000-0000-0000-0000-000000000000/resourceGroups/tsum38RG/providers/Microsoft.DataMigration/sqlMigrationServices/dms20211030","name":"dms20211030","type":"Microsoft.DataMigration/sqlMigrationServices"},{"properties":{"provisioningState":"Succeeded","integrationRuntimeState":""},"location":"eastus2euap","id":"/subscriptions/00000000-0000-0000-0000-000000000000/resourceGroups/MadhuriRG/providers/Microsoft.DataMigration/sqlMigrationServices/vMS07","name":"vMS07","type":"Microsoft.DataMigration/sqlMigrationServices"},{"properties":{"provisioningState":"Failed","integrationRuntimeState":""},"location":"eastus2euap","id":"/subscriptions/00000000-0000-0000-0000-000000000000/resourceGroups/aasimTestVM_group/providers/Microsoft.DataMigration/sqlMigrationServices/at0608","name":"at0608","type":"Microsoft.DataMigration/sqlMigrationServices"},{"properties":{"provisioningState":"Succeeded","integrationRuntimeState":""},"location":"eastus2euap","id":"/subscriptions/00000000-0000-0000-0000-000000000000/resourceGroups/mohamedrg/providers/Microsoft.DataMigration/sqlMigrationServices/mohamedservice001","name":"mohamedservice001","type":"Microsoft.DataMigration/sqlMigrationServices"},{"properties":{"provisioningState":"Succeeded","integrationRuntimeState":""},"location":"eastus2euap","id":"/subscriptions/00000000-0000-0000-0000-000000000000/resourceGroups/madhurirg/providers/Microsoft.DataMigration/sqlMigrationServices/hijavaservice1","name":"hijavaservice1","type":"Microsoft.DataMigration/sqlMigrationServices"},{"properties":{"provisioningState":"Succeeded","integrationRuntimeState":""},"location":"eastus2euap","id":"/subscriptions/00000000-0000-0000-0000-000000000000/resourceGroups/aaskhan/providers/Microsoft.DataMigration/sqlMigrationServices/06101046","name":"06101046","type":"Microsoft.DataMigration/sqlMigrationServices"},{"properties":{"provisioningState":"Succeeded","integrationRuntimeState":""},"location":"eastus2euap","id":"/subscriptions/00000000-0000-0000-0000-000000000000/resourceGroups/aaskhan/providers/Microsoft.DataMigration/sqlMigrationServices/test123ggjugu","name":"test123ggjugu","type":"Microsoft.DataMigration/sqlMigrationServices"},{"properties":{"provisioningState":"Succeeded","integrationRuntimeState":""},"location":"eastus2euap","id":"/subscriptions/00000000-0000-0000-0000-000000000000/resourceGroups/brih-dms-v2/providers/Microsoft.DataMigration/sqlMigrationServices/brih-dms-v2-2","name":"brih-dms-v2-2","type":"Microsoft.DataMigration/sqlMigrationServices"},{"properties":{"provisioningState":"Succeeded","integrationRuntimeState":""},"location":"eastus2euap","id":"/subscriptions/00000000-0000-0000-0000-000000000000/resourceGroups/aaskhan/providers/Microsoft.DataMigration/sqlMigrationServices/aasimtestdms0505","name":"aasimtestdms0505","type":"Microsoft.DataMigration/sqlMigrationServices"},{"properties":{"provisioningState":"Succeeded","integrationRuntimeState":""},"location":"eastus2euap","id":"/subscriptions/00000000-0000-0000-0000-000000000000/resourceGroups/aaskhan/providers/Microsoft.DataMigration/sqlMigrationServices/aasimtestdms","name":"aasimtestdms","type":"Microsoft.DataMigration/sqlMigrationServices"},{"properties":{"provisioningState":"Failed","integrationRuntimeState":""},"location":"eastus2euap","id":"/subscriptions/00000000-0000-0000-0000-000000000000/resourceGroups/MadhuriRG/providers/Microsoft.DataMigration/sqlMigrationServices/myservice","name":"myservice","type":"Microsoft.DataMigration/sqlMigrationServices"},{"properties":{"provisioningState":"Succeeded","integrationRuntimeState":""},"location":"eastus2euap","id":"/subscriptions/00000000-0000-0000-0000-000000000000/resourceGroups/rackimtest2/providers/Microsoft.DataMigration/sqlMigrationServices/0901dms","name":"0901dms","type":"Microsoft.DataMigration/sqlMigrationServices"},{"properties":{"provisioningState":"Succeeded","integrationRuntimeState":""},"location":"eastus2euap","id":"/subscriptions/00000000-0000-0000-0000-000000000000/resourceGroups/MadhuriRG/providers/Microsoft.DataMigration/sqlMigrationServices/myservice2","name":"myservice2","type":"Microsoft.DataMigration/sqlMigrationServices"},{"properties":{"provisioningState":"Succeeded","integrationRuntimeState":""},"location":"eastus2euap","id":"/subscriptions/00000000-0000-0000-0000-000000000000/resourceGroups/hijavarg_canary/providers/Microsoft.DataMigration/sqlMigrationServices/hijavasep22-2","name":"hijavasep22-2","type":"Microsoft.DataMigration/sqlMigrationServices"},{"properties":{"provisioningState":"Succeeded","integrationRuntimeState":""},"location":"eastus2euap","id":"/subscriptions/00000000-0000-0000-0000-000000000000/resourceGroups/hijavarg_canary/providers/Microsoft.DataMigration/sqlMigrationServices/hijavajuly28","name":"hijavajuly28","type":"Microsoft.DataMigration/sqlMigrationServices"},{"properties":{"provisioningState":"Succeeded","integrationRuntimeState":""},"location":"eastus2euap","id":"/subscriptions/00000000-0000-0000-0000-000000000000/resourceGroups/tsum38RG/providers/Microsoft.DataMigration/sqlMigrationServices/MySqlMigrationService1","name":"MySqlMigrationService1","type":"Microsoft.DataMigration/sqlMigrationServices"},{"properties":{"provisioningState":"Succeeded","integrationRuntimeState":""},"location":"eastus2euap","id":"/subscriptions/00000000-0000-0000-0000-000000000000/resourceGroups/brih-dms-v2/providers/Microsoft.DataMigration/sqlMigrationServices/brih-dms-v2","name":"brih-dms-v2","type":"Microsoft.DataMigration/sqlMigrationServices"},{"properties":{"provisioningState":"Succeeded","integrationRuntimeState":""},"location":"eastus2euap","id":"/subscriptions/00000000-0000-0000-0000-000000000000/resourceGroups/CLIUnitTest/providers/Microsoft.DataMigration/sqlMigrationServices/dmsCliUnitTest","name":"dmsCliUnitTest","type":"Microsoft.DataMigration/sqlMigrationServices"},{"properties":{"provisioningState":"Succeeded","integrationRuntimeState":""},"location":"eastus2euap","id":"/subscriptions/00000000-0000-0000-0000-000000000000/resourceGroups/CLIUnitTest/providers/Microsoft.DataMigration/sqlMigrationServices/sqlServiceUnitTest-Pipeline","name":"sqlServiceUnitTest-Pipeline","type":"Microsoft.DataMigration/sqlMigrationServices"},{"properties":{"provisioningState":"Succeeded","integrationRuntimeState":""},"location":"eastus2euap","id":"/subscriptions/00000000-0000-0000-0000-000000000000/resourceGroups/aaskhan/providers/Microsoft.DataMigration/sqlMigrationServices/aasimTest06102021","name":"aasimTest06102021","type":"Microsoft.DataMigration/sqlMigrationServices"},{"properties":{"provisioningState":"Failed","integrationRuntimeState":""},"location":"eastus2euap","id":"/subscriptions/00000000-0000-0000-0000-000000000000/resourceGroups/MadhuriRG/providers/Microsoft.DataMigration/sqlMigrationServices/TestFactory0107_1","name":"TestFactory0107_1","type":"Microsoft.DataMigration/sqlMigrationServices"},{"properties":{"provisioningState":"Succeeded","integrationRuntimeState":""},"location":"eastus2euap","id":"/subscriptions/00000000-0000-0000-0000-000000000000/resourceGroups/blakhani-ads/providers/Microsoft.DataMigration/sqlMigrationServices/blakhani-ads-ui","name":"blakhani-ads-ui","type":"Microsoft.DataMigration/sqlMigrationServices"},{"properties":{"provisioningState":"Failed","integrationRuntimeState":""},"location":"eastus2euap","id":"/subscriptions/00000000-0000-0000-0000-000000000000/resourceGroups/aasimTestVM_group/providers/Microsoft.DataMigration/sqlMigrationServices/at0608tt","name":"at0608tt","type":"Microsoft.DataMigration/sqlMigrationServices"},{"properties":{"provisioningState":"Succeeded","integrationRuntimeState":""},"location":"eastus2euap","id":"/subscriptions/00000000-0000-0000-0000-000000000000/resourceGroups/aaskhan/providers/Microsoft.DataMigration/sqlMigrationServices/aasim-dms-330-3","name":"aasim-dms-330-3","type":"Microsoft.DataMigration/sqlMigrationServices"},{"properties":{"provisioningState":"Succeeded","integrationRuntimeState":""},"location":"eastus2euap","id":"/subscriptions/00000000-0000-0000-0000-000000000000/resourceGroups/madhuriRG/providers/Microsoft.DataMigration/sqlMigrationServices/dms2021","name":"dms2021","type":"Microsoft.DataMigration/sqlMigrationServices"},{"properties":{"provisioningState":"Failed","integrationRuntimeState":""},"location":"eastus2euap","id":"/subscriptions/00000000-0000-0000-0000-000000000000/resourceGroups/aasimTestVM_group/providers/Microsoft.DataMigration/sqlMigrationServices/asdfasdfasdf","name":"asdfasdfasdf","type":"Microsoft.DataMigration/sqlMigrationServices"},{"properties":{"provisioningState":"Succeeded","integrationRuntimeState":""},"location":"eastus2euap","id":"/subscriptions/00000000-0000-0000-0000-000000000000/resourceGroups/yaly/providers/Microsoft.DataMigration/sqlMigrationServices/yalyservice1","name":"yalyservice1","type":"Microsoft.DataMigration/sqlMigrationServices"},{"properties":{"provisioningState":"Succeeded","integrationRuntimeState":""},"location":"eastus2euap","id":"/subscriptions/00000000-0000-0000-0000-000000000000/resourceGroups/aaskhan/providers/Microsoft.DataMigration/sqlMigrationServices/test123","name":"test123","type":"Microsoft.DataMigration/sqlMigrationServices"},{"properties":{"provisioningState":"Succeeded","integrationRuntimeState":""},"location":"eastus2euap","id":"/subscriptions/00000000-0000-0000-0000-000000000000/resourceGroups/tsum38RG/providers/Microsoft.DataMigration/sqlMigrationServices/trialTD","name":"trialTD","type":"Microsoft.DataMigration/sqlMigrationServices"},{"properties":{"provisioningState":"Succeeded","integrationRuntimeState":""},"location":"eastus2euap","id":"/subscriptions/00000000-0000-0000-0000-000000000000/resourceGroups/aaskhan/providers/Microsoft.DataMigration/sqlMigrationServices/aasim0610","name":"aasim0610","type":"Microsoft.DataMigration/sqlMigrationServices"},{"properties":{"provisioningState":"Succeeded","integrationRuntimeState":""},"location":"eastus2euap","id":"/subscriptions/00000000-0000-0000-0000-000000000000/resourceGroups/aasimtest10/providers/Microsoft.DataMigration/sqlMigrationServices/test454","name":"test454","type":"Microsoft.DataMigration/sqlMigrationServices"},{"properties":{"provisioningState":"Succeeded","integrationRuntimeState":""},"location":"eastus2euap","id":"/subscriptions/00000000-0000-0000-0000-000000000000/resourceGroups/aaskhan/providers/Microsoft.DataMigration/sqlMigrationServices/aasimbuttontest2","name":"aasimbuttontest2","type":"Microsoft.DataMigration/sqlMigrationServices"},{"properties":{"provisioningState":"Succeeded","integrationRuntimeState":""},"location":"eastus2euap","id":"/subscriptions/00000000-0000-0000-0000-000000000000/resourceGroups/aaskhan/providers/Microsoft.DataMigration/sqlMigrationServices/aasimtestbutton2","name":"aasimtestbutton2","type":"Microsoft.DataMigration/sqlMigrationServices"},{"properties":{"provisioningState":"Succeeded","integrationRuntimeState":""},"location":"eastus2euap","id":"/subscriptions/00000000-0000-0000-0000-000000000000/resourceGroups/MadhuriRG/providers/Microsoft.DataMigration/sqlMigrationServices/MyTestService","name":"MyTestService","type":"Microsoft.DataMigration/sqlMigrationServices"},{"properties":{"provisioningState":"Failed","integrationRuntimeState":""},"location":"eastus2euap","id":"/subscriptions/00000000-0000-0000-0000-000000000000/resourceGroups/tsum38RG/providers/Microsoft.DataMigration/sqlMigrationServices/trail-custom","name":"trail-custom","type":"Microsoft.DataMigration/sqlMigrationServices"},{"properties":{"provisioningState":"Succeeded","integrationRuntimeState":""},"location":"eastus2euap","id":"/subscriptions/00000000-0000-0000-0000-000000000000/resourceGroups/hijavarg_canary/providers/Microsoft.DataMigration/sqlMigrationServices/hijavasvccanary","name":"hijavasvccanary","type":"Microsoft.DataMigration/sqlMigrationServices"},{"properties":{"provisioningState":"Succeeded","integrationRuntimeState":""},"location":"eastus2euap","id":"/subscriptions/00000000-0000-0000-0000-000000000000/resourceGroups/aaskhan/providers/Microsoft.DataMigration/sqlMigrationServices/test124","name":"test124","type":"Microsoft.DataMigration/sqlMigrationServices"},{"properties":{"provisioningState":"Succeeded","integrationRuntimeState":""},"location":"eastus2euap","id":"/subscriptions/00000000-0000-0000-0000-000000000000/resourceGroups/aaskhan/providers/Microsoft.DataMigration/sqlMigrationServices/aasimtestbuttons","name":"aasimtestbuttons","type":"Microsoft.DataMigration/sqlMigrationServices"},{"properties":{"provisioningState":"Failed","integrationRuntimeState":""},"location":"eastus2euap","id":"/subscriptions/00000000-0000-0000-0000-000000000000/resourceGroups/aasimTestVM_group/providers/Microsoft.DataMigration/sqlMigrationServices/at0608ttf","name":"at0608ttf","type":"Microsoft.DataMigration/sqlMigrationServices"},{"properties":{"provisioningState":"Failed","integrationRuntimeState":""},"location":"eastus2euap","id":"/subscriptions/00000000-0000-0000-0000-000000000000/resourceGroups/aasimTestVM_group/providers/Microsoft.DataMigration/sqlMigrationServices/test123ds","name":"test123ds","type":"Microsoft.DataMigration/sqlMigrationServices"},{"properties":{"provisioningState":"Succeeded","integrationRuntimeState":""},"location":"eastus2euap","id":"/subscriptions/00000000-0000-0000-0000-000000000000/resourceGroups/hijavarg_canary/providers/Microsoft.DataMigration/sqlMigrationServices/hijavasep22-1","name":"hijavasep22-1","type":"Microsoft.DataMigration/sqlMigrationServices"},{"properties":{"provisioningState":"Succeeded","integrationRuntimeState":""},"location":"eastus2euap","id":"/subscriptions/00000000-0000-0000-0000-000000000000/resourceGroups/hijavarg_canary/providers/Microsoft.DataMigration/sqlMigrationServices/hijavasvc25may2","name":"hijavasvc25may2","type":"Microsoft.DataMigration/sqlMigrationServices"},{"properties":{"provisioningState":"Succeeded","integrationRuntimeState":""},"location":"eastus2euap","id":"/subscriptions/00000000-0000-0000-0000-000000000000/resourceGroups/yalyeastus2EUAP/providers/Microsoft.DataMigration/sqlMigrationServices/failovertest","name":"failovertest","type":"Microsoft.DataMigration/sqlMigrationServices"},{"properties":{"provisioningState":"Succeeded","integrationRuntimeState":""},"location":"eastus2euap","id":"/subscriptions/00000000-0000-0000-0000-000000000000/resourceGroups/brih-dms-v2/providers/Microsoft.DataMigration/sqlMigrationServices/kebarlet-dms","name":"kebarlet-dms","type":"Microsoft.DataMigration/sqlMigrationServices"},{"properties":{"provisioningState":"Succeeded","integrationRuntimeState":""},"location":"eastus2euap","id":"/subscriptions/00000000-0000-0000-0000-000000000000/resourceGroups/aaskhan/providers/Microsoft.DataMigration/sqlMigrationServices/aasim-test-06-10-2021","name":"aasim-test-06-10-2021","type":"Microsoft.DataMigration/sqlMigrationServices"},{"properties":{"provisioningState":"Succeeded","integrationRuntimeState":""},"location":"eastus2euap","id":"/subscriptions/00000000-0000-0000-0000-000000000000/resourceGroups/MadhuriRG/providers/Microsoft.DataMigration/sqlMigrationServices/factoryeuap","name":"factoryeuap","type":"Microsoft.DataMigration/sqlMigrationServices"},{"properties":{"provisioningState":"Succeeded","integrationRuntimeState":""},"location":"eastus2euap","id":"/subscriptions/00000000-0000-0000-0000-000000000000/resourceGroups/tsum38RG/providers/Microsoft.DataMigration/sqlMigrationServices/IR1","name":"IR1","type":"Microsoft.DataMigration/sqlMigrationServices"},{"properties":{"provisioningState":"Failed","integrationRuntimeState":""},"location":"eastus2euap","id":"/subscriptions/00000000-0000-0000-0000-000000000000/resourceGroups/aaskhan/providers/Microsoft.DataMigration/sqlMigrationServices/aasimTestDms060821trial2","name":"aasimTestDms060821trial2","type":"Microsoft.DataMigration/sqlMigrationServices"},{"properties":{"provisioningState":"Succeeded","integrationRuntimeState":""},"location":"eastus2euap","id":"/subscriptions/00000000-0000-0000-0000-000000000000/resourceGroups/aaskhan/providers/Microsoft.DataMigration/sqlMigrationServices/aasim-test0610","name":"aasim-test0610","type":"Microsoft.DataMigration/sqlMigrationServices"},{"properties":{"provisioningState":"Succeeded","integrationRuntimeState":""},"location":"eastus2euap","id":"/subscriptions/00000000-0000-0000-0000-000000000000/resourceGroups/aaskhan/providers/Microsoft.DataMigration/sqlMigrationServices/aaskhan-dms-0329","name":"aaskhan-dms-0329","type":"Microsoft.DataMigration/sqlMigrationServices"},{"properties":{"provisioningState":"Failed","integrationRuntimeState":""},"location":"eastus2euap","id":"/subscriptions/00000000-0000-0000-0000-000000000000/resourceGroups/yaly/providers/Microsoft.DataMigration/sqlMigrationServices/yalyservice3","name":"yalyservice3","type":"Microsoft.DataMigration/sqlMigrationServices"},{"properties":{"provisioningState":"Succeeded","integrationRuntimeState":""},"location":"centraluseuap","id":"/subscriptions/00000000-0000-0000-0000-000000000000/resourceGroups/central_us_euap_testing/providers/Microsoft.DataMigration/sqlMigrationServices/hijavacanary2svc1","name":"hijavacanary2svc1","type":"Microsoft.DataMigration/sqlMigrationServices"},{"properties":{"provisioningState":"Succeeded","integrationRuntimeState":""},"location":"koreasouth","id":"/subscriptions/00000000-0000-0000-0000-000000000000/resourceGroups/yalyKoreaSouth/providers/Microsoft.DataMigration/sqlMigrationServices/FailoverTest","name":"FailoverTest","type":"Microsoft.DataMigration/sqlMigrationServices"},{"properties":{"provisioningState":"Succeeded","integrationRuntimeState":""},"location":"swedensouth","id":"/subscriptions/00000000-0000-0000-0000-000000000000/resourceGroups/brih-dms-v2/providers/Microsoft.DataMigration/sqlMigrationServices/hijava-sweden-svc1","name":"hijava-sweden-svc1","type":"Microsoft.DataMigration/sqlMigrationServices"}]}'
    headers:
      cache-control:
      - no-cache
      content-length:
      - '65196'
      content-type:
      - application/json; charset=utf-8
      date:
      - Thu, 06 Jan 2022 10:36:35 GMT
      expires:
      - '-1'
      pragma:
      - no-cache
      strict-transport-security:
      - max-age=31536000; includeSubDomains
      vary:
      - Accept-Encoding
      x-content-type-options:
      - nosniff
      x-ms-original-request-ids:
      - a561c594-8fd4-4271-9f65-7965c92f9721
      - 24d0f9b8-1b01-42bd-8ddb-19663eb88177
      - 7fdc4da6-212a-40d0-b4a2-0653457c9874
      - a4619cb5-2970-4160-86b1-641b726dc00b
      - 3bdd1acb-b852-4956-9a25-3df6a1a46b1f
      - 6b7f1398-df4b-484d-b71f-987a3fcc9395
      - 10de53bf-2540-44e0-9955-30e95c9be089
      - 49e49f77-afc3-4a70-879c-d5c20e7a91d9
      - 4258620b-3903-40bd-88c0-19d7d5cad7ca
      - b95452a9-20c6-4f13-b64c-bb48fa91d398
      - 3d137dba-6c65-4a5a-8fd6-690b3e44331c
      - 9f66c2ce-fd32-49d1-8b45-eb8547ca73e0
      - 6dada918-e278-4804-abbb-f11048ea88c4
      - f0c18126-5b6f-4a55-a274-dfd8cdf82dd8
      - 412f9f75-3ef2-41bb-bfcc-652e2946ac6c
      - 62e0bee1-6563-4eda-baa3-50557a619528
      - 413b0704-b026-431c-ae8a-afe5207fa3b5
      - e087623d-30a6-4f88-8244-a9a5498ceb5f
      - f458f160-4405-4d74-b34f-b582ce3109fd
      - 3dd72b05-35ac-4c58-8ae2-fa35bc7a8a17
      - d19a9438-42dc-4087-b3d0-030158cfe530
      - ee619a60-e8a2-4555-a727-31df0f405baf
      - 0b90e547-e5d0-4155-95e9-a77f28a48447
      - 2df0ae18-5a29-4d81-a6b6-4b3ee8eb8364
      - 44f6364d-ffa3-4611-9982-8413b197d838
    status:
      code: 200
      message: OK
- request:
    body: null
    headers:
      Accept:
      - application/json
      Accept-Encoding:
      - gzip, deflate
      CommandName:
      - datamigration sql-service list-migration
      Connection:
      - keep-alive
      ParameterSetName:
      - --resource-group --name
      User-Agent:
      - AZURECLI/2.32.0 azsdk-python-mgmt-datamigration/1.0.0b1 Python/3.8.10 (Windows-10-10.0.19043-SP0)
    method: GET
    uri: https://management.azure.com/subscriptions/00000000-0000-0000-0000-000000000000/resourceGroups/CLIUnitTest/providers/Microsoft.DataMigration/sqlMigrationServices/dmsCliUnitTest/listMigrations?api-version=2021-10-30-preview
  response:
    body:
      string: '{"value":[]}'
    headers:
      cache-control:
      - no-cache
      content-length:
      - '12'
      content-type:
      - application/json; charset=utf-8
      date:
      - Thu, 06 Jan 2022 10:36:36 GMT
      expires:
      - '-1'
      pragma:
      - no-cache
      server:
      - Microsoft-HTTPAPI/2.0
      strict-transport-security:
      - max-age=31536000; includeSubDomains
      transfer-encoding:
      - chunked
      vary:
      - Accept-Encoding
      x-content-type-options:
      - nosniff
    status:
      code: 200
      message: OK
- request:
    body: null
    headers:
      Accept:
      - application/json
      Accept-Encoding:
      - gzip, deflate
      CommandName:
      - datamigration sql-service list-auth-key
      Connection:
      - keep-alive
      Content-Length:
      - '0'
      ParameterSetName:
      - --resource-group --name
      User-Agent:
      - AZURECLI/2.32.0 azsdk-python-mgmt-datamigration/1.0.0b1 Python/3.8.10 (Windows-10-10.0.19043-SP0)
    method: POST
    uri: https://management.azure.com/subscriptions/00000000-0000-0000-0000-000000000000/resourceGroups/CLIUnitTest/providers/Microsoft.DataMigration/sqlMigrationServices/dmsCliUnitTest/listAuthKeys?api-version=2021-10-30-preview
  response:
    body:
      string: '{"authKey1":"IR@xxxxxxxx@xxxxxxx@xxxxxxxx","authKey2":"IR@yyyyyyy@xxxxxxx@yyyyyyy"}'
    headers:
      cache-control:
      - no-cache
      content-length:
      - '243'
      content-type:
      - application/json; charset=utf-8
      date:
      - Thu, 06 Jan 2022 10:36:38 GMT
      expires:
      - '-1'
      pragma:
      - no-cache
      server:
      - Microsoft-HTTPAPI/2.0
      strict-transport-security:
      - max-age=31536000; includeSubDomains
      transfer-encoding:
      - chunked
      vary:
      - Accept-Encoding
      x-content-type-options:
      - nosniff
      x-ms-ratelimit-remaining-subscription-writes:
      - '1199'
    status:
      code: 200
      message: OK
- request:
    body: '{"keyName": "authKey1"}'
    headers:
      Accept:
      - application/json
      Accept-Encoding:
      - gzip, deflate
      CommandName:
      - datamigration sql-service regenerate-auth-key
      Connection:
      - keep-alive
      Content-Length:
      - '23'
      Content-Type:
      - application/json
      ParameterSetName:
      - --key-name --resource-group --name
      User-Agent:
      - AZURECLI/2.32.0 azsdk-python-mgmt-datamigration/1.0.0b1 Python/3.8.10 (Windows-10-10.0.19043-SP0)
    method: POST
    uri: https://management.azure.com/subscriptions/00000000-0000-0000-0000-000000000000/resourceGroups/CLIUnitTest/providers/Microsoft.DataMigration/sqlMigrationServices/dmsCliUnitTest/regenerateAuthKeys?api-version=2021-10-30-preview
  response:
    body:
      string: '{"authKey1":"IR@xxxxxxxx@xxxxxxx@xxxxxxxx"}'
    headers:
      cache-control:
      - no-cache
      content-length:
      - '122'
      content-type:
      - application/json; charset=utf-8
      date:
      - Thu, 06 Jan 2022 10:36:39 GMT
      expires:
      - '-1'
      pragma:
      - no-cache
      server:
      - Microsoft-HTTPAPI/2.0
      strict-transport-security:
      - max-age=31536000; includeSubDomains
      transfer-encoding:
      - chunked
      vary:
      - Accept-Encoding
      x-content-type-options:
      - nosniff
      x-ms-ratelimit-remaining-subscription-writes:
      - '1199'
    status:
      code: 200
      message: OK
- request:
    body: null
    headers:
      Accept:
      - application/json
      Accept-Encoding:
      - gzip, deflate
      CommandName:
      - datamigration sql-service list-integration-runtime-metric
      Connection:
      - keep-alive
      Content-Length:
      - '0'
      ParameterSetName:
      - --resource-group --name
      User-Agent:
      - AZURECLI/2.32.0 azsdk-python-mgmt-datamigration/1.0.0b1 Python/3.8.10 (Windows-10-10.0.19043-SP0)
    method: POST
    uri: https://management.azure.com/subscriptions/00000000-0000-0000-0000-000000000000/resourceGroups/CLIUnitTest/providers/Microsoft.DataMigration/sqlMigrationServices/dmsCliUnitTest/listMonitoringData?api-version=2021-10-30-preview
  response:
    body:
      string: '{"name":"default-ir","nodes":[]}'
    headers:
      cache-control:
      - no-cache
      content-length:
      - '32'
      content-type:
      - application/json; charset=utf-8
      date:
      - Thu, 06 Jan 2022 10:36:40 GMT
      expires:
      - '-1'
      pragma:
      - no-cache
      server:
      - Microsoft-HTTPAPI/2.0
      strict-transport-security:
      - max-age=31536000; includeSubDomains
      transfer-encoding:
      - chunked
      vary:
      - Accept-Encoding
      x-content-type-options:
      - nosniff
      x-ms-ratelimit-remaining-subscription-writes:
      - '1199'
    status:
      code: 200
      message: OK
- request:
    body: null
    headers:
      Accept:
      - '*/*'
      Accept-Encoding:
      - gzip, deflate
      CommandName:
      - datamigration sql-service delete
      Connection:
      - keep-alive
      Content-Length:
      - '0'
      ParameterSetName:
      - -y --resource-group --name
      User-Agent:
      - AZURECLI/2.32.0 azsdk-python-mgmt-datamigration/1.0.0b1 Python/3.8.10 (Windows-10-10.0.19043-SP0)
    method: DELETE
    uri: https://management.azure.com/subscriptions/00000000-0000-0000-0000-000000000000/resourceGroups/CLIUnitTest/providers/Microsoft.DataMigration/sqlMigrationServices/sqlServiceUnitTest-Pipeline?api-version=2021-10-30-preview
  response:
    body:
      string: ''
    headers:
      azure-asyncoperation:
      - https://management.azure.com/subscriptions/00000000-0000-0000-0000-000000000000/providers/Microsoft.DataMigration/locations/eastus2euap/operationTypes/deletesqlmigrationservice/operationResults/8a35fdf4-f99c-48fd-9d46-66e5ce3ad6de?api-version=2021-10-30-preview
      cache-control:
      - no-cache
      content-length:
      - '0'
      date:
      - Thu, 06 Jan 2022 10:36:45 GMT
      expires:
      - '-1'
      location:
      - https://management.azure.com/subscriptions/00000000-0000-0000-0000-000000000000/providers/Microsoft.DataMigration/locations/eastus2euap/sqlMigrationServiceOperationResults/8a35fdf4-f99c-48fd-9d46-66e5ce3ad6de?api-version=2021-10-30-preview
      pragma:
      - no-cache
      server:
      - Microsoft-HTTPAPI/2.0
      strict-transport-security:
      - max-age=31536000; includeSubDomains
      x-content-type-options:
      - nosniff
      x-ms-ratelimit-remaining-subscription-deletes:
      - '14999'
    status:
      code: 202
      message: Accepted
- request:
    body: null
    headers:
      Accept:
      - '*/*'
      Accept-Encoding:
      - gzip, deflate
      CommandName:
      - datamigration sql-service delete
      Connection:
      - keep-alive
      ParameterSetName:
      - -y --resource-group --name
      User-Agent:
      - AZURECLI/2.32.0 azsdk-python-mgmt-datamigration/1.0.0b1 Python/3.8.10 (Windows-10-10.0.19043-SP0)
    method: GET
    uri: https://management.azure.com/subscriptions/00000000-0000-0000-0000-000000000000/providers/Microsoft.DataMigration/locations/eastus2euap/operationTypes/deletesqlmigrationservice/operationResults/8a35fdf4-f99c-48fd-9d46-66e5ce3ad6de?api-version=2021-10-30-preview
  response:
    body:
      string: '{"name":"8a35fdf4-f99c-48fd-9d46-66e5ce3ad6de","status":"Succeeded","startTime":"2022-01-06T10:36:45.313Z"}'
    headers:
      cache-control:
      - no-cache
      content-length:
      - '107'
      content-type:
      - application/json; charset=utf-8
      date:
      - Thu, 06 Jan 2022 10:37:01 GMT
      expires:
      - '-1'
      pragma:
      - no-cache
      server:
      - Microsoft-HTTPAPI/2.0
      strict-transport-security:
      - max-age=31536000; includeSubDomains
      transfer-encoding:
      - chunked
      vary:
      - Accept-Encoding
      x-content-type-options:
      - nosniff
    status:
      code: 200
      message: OK
- request:
    body: null
    headers:
      Accept:
      - application/json
      Accept-Encoding:
      - gzip, deflate
      CommandName:
      - datamigration to-sql-managed-instance show
      Connection:
      - keep-alive
      ParameterSetName:
      - --managed-instance-name --resource-group --target-db-name
      User-Agent:
      - AZURECLI/2.32.0 azsdk-python-mgmt-datamigration/1.0.0b1 Python/3.8.10 (Windows-10-10.0.19043-SP0)
    method: GET
    uri: https://management.azure.com/subscriptions/00000000-0000-0000-0000-000000000000/resourceGroups/migrationTesting/providers/Microsoft.Sql/managedInstances/migrationtestmi/providers/Microsoft.DataMigration/databaseMigrations/tsum-CLI-MIOnline?api-version=2021-10-30-preview
  response:
    body:
      string: '{"properties":{"scope":"/subscriptions/00000000-0000-0000-0000-000000000000/resourceGroups/migrationTesting/providers/Microsoft.Sql/managedInstances/migrationtestmi","provisioningState":"Succeeded","migrationStatus":"Succeeded","startedOn":"2021-12-30T06:16:43.983Z","endedOn":"2021-12-30T07:34:46.553Z","sourceDatabaseName":"AdventureWorks","migrationService":"/subscriptions/00000000-0000-0000-0000-000000000000/resourceGroups/tsum38RG/providers/Microsoft.DataMigration/sqlMigrationServices/IR1","migrationOperationId":"c20c73a6-9cf4-488e-b458-243b9eb43e24","kind":"SqlMi"},"id":"/subscriptions/00000000-0000-0000-0000-000000000000/resourceGroups/migrationTesting/providers/Microsoft.Sql/managedInstances/migrationtestmi/providers/Microsoft.DataMigration/databaseMigrations/tsum-CLI-MIOnline","name":"tsum-CLI-MIOnline","type":"Microsoft.DataMigration/databaseMigrations"}'
    headers:
      cache-control:
      - no-cache
      content-length:
      - '874'
      content-type:
      - application/json; charset=utf-8
      date:
      - Thu, 06 Jan 2022 10:37:03 GMT
      expires:
      - '-1'
      pragma:
      - no-cache
      server:
      - Microsoft-HTTPAPI/2.0
      strict-transport-security:
      - max-age=31536000; includeSubDomains
      transfer-encoding:
      - chunked
      vary:
      - Accept-Encoding
      x-content-type-options:
      - nosniff
    status:
      code: 200
      message: OK
- request:
    body: null
    headers:
      Accept:
      - application/json
      Accept-Encoding:
      - gzip, deflate
      CommandName:
      - datamigration to-sql-vm show
      Connection:
      - keep-alive
      ParameterSetName:
      - --resource-group --sql-vm-name --target-db-name
      User-Agent:
      - AZURECLI/2.32.0 azsdk-python-mgmt-datamigration/1.0.0b1 Python/3.8.10 (Windows-10-10.0.19043-SP0)
    method: GET
    uri: https://management.azure.com/subscriptions/00000000-0000-0000-0000-000000000000/resourceGroups/tsum38RG/providers/Microsoft.SqlVirtualMachine/sqlVirtualMachines/DMSCmdletTest-SqlVM/providers/Microsoft.DataMigration/databaseMigrations/tsum-Db-VM?api-version=2021-10-30-preview
  response:
    body:
      string: '{"properties":{"scope":"/subscriptions/00000000-0000-0000-0000-000000000000/resourceGroups/tsum38RG/providers/Microsoft.SqlVirtualMachine/sqlVirtualMachines/DMSCmdletTest-SqlVM","provisioningState":"Succeeded","migrationStatus":"Succeeded","startedOn":"2021-12-28T17:31:36.843Z","endedOn":"2021-12-28T17:45:08.573Z","sourceDatabaseName":"AdventureWorks","migrationService":"/subscriptions/00000000-0000-0000-0000-000000000000/resourceGroups/tsum38RG/providers/Microsoft.DataMigration/sqlMigrationServices/IR1","migrationOperationId":"18aff4bb-892a-4c9a-bc31-49110101255d","kind":"SqlVm"},"id":"/subscriptions/00000000-0000-0000-0000-000000000000/resourceGroups/tsum38RG/providers/Microsoft.SqlVirtualMachine/sqlVirtualMachines/DMSCmdletTest-SqlVM/providers/Microsoft.DataMigration/databaseMigrations/tsum-Db-VM","name":"tsum-Db-VM","type":"Microsoft.DataMigration/databaseMigrations"}'
    headers:
      cache-control:
      - no-cache
      content-length:
      - '884'
      content-type:
      - application/json; charset=utf-8
      date:
      - Thu, 06 Jan 2022 10:37:04 GMT
      expires:
      - '-1'
      pragma:
      - no-cache
      server:
      - Microsoft-HTTPAPI/2.0
      strict-transport-security:
      - max-age=31536000; includeSubDomains
      transfer-encoding:
      - chunked
      vary:
      - Accept-Encoding
      x-content-type-options:
      - nosniff
    status:
      code: 200
      message: OK
version: 1
