interactions:
- request:
    body: null
    headers:
      Accept:
      - application/json
      Accept-Encoding:
      - gzip, deflate
      CommandName:
      - cosmosdb gremlin retrieve-latest-backup-time
      Connection:
      - keep-alive
      ParameterSetName:
      - -g -a -d -n -l
      User-Agent:
      - AZURECLI/2.36.0 azsdk-python-mgmt-cosmosdb/7.0.0b4 Python/3.10.4 (Windows-10-10.0.22598-SP0)
    method: GET
    uri: https://management.azure.com/subscriptions/00000000-0000-0000-0000-000000000000/resourceGroups/cli_test_cosmosdb_gremlin_graph_backupinfo000001/providers/Microsoft.DocumentDB/databaseAccounts/cli000004/gremlinDatabases/cli000003?api-version=2022-02-15-preview
  response:
    body:
      string: '{"error":{"code":"ResourceNotFound","message":"The Resource ''Microsoft.DocumentDB/databaseAccounts/cli000004''
        under resource group ''cli_test_cosmosdb_gremlin_graph_backupinfo000001''
        was not found. For more details please go to https://aka.ms/ARMResourceNotFoundFix"}}'
    headers:
      cache-control:
      - no-cache
      content-length:
      - '267'
      content-type:
      - application/json; charset=utf-8
      date:
      - Wed, 04 May 2022 00:35:37 GMT
      expires:
      - '-1'
      pragma:
      - no-cache
      strict-transport-security:
      - max-age=31536000; includeSubDomains
      x-content-type-options:
      - nosniff
      x-ms-failure-cause:
      - gateway
    status:
      code: 404
      message: Not Found
- request:
    body: null
    headers:
      Accept:
      - application/json
      Accept-Encoding:
      - gzip, deflate
      CommandName:
      - cosmosdb create
      Connection:
      - keep-alive
      ParameterSetName:
      - -n -g --backup-policy-type --locations --kind --capabilities
      User-Agent:
      - AZURECLI/2.36.0 azsdk-python-azure-mgmt-resource/20.0.0 Python/3.10.4 (Windows-10-10.0.22598-SP0)
    method: GET
    uri: https://management.azure.com/subscriptions/00000000-0000-0000-0000-000000000000/resourcegroups/cli_test_cosmosdb_gremlin_graph_backupinfo000001?api-version=2021-04-01
  response:
    body:
      string: '{"id":"/subscriptions/00000000-0000-0000-0000-000000000000/resourceGroups/cli_test_cosmosdb_gremlin_graph_backupinfo000001","name":"cli_test_cosmosdb_gremlin_graph_backupinfo000001","type":"Microsoft.Resources/resourceGroups","location":"eastus2","tags":{"product":"azurecli","cause":"automation","date":"2022-05-04T00:35:34Z"},"properties":{"provisioningState":"Succeeded"}}'
    headers:
      cache-control:
      - no-cache
      content-length:
      - '375'
      content-type:
      - application/json; charset=utf-8
      date:
      - Wed, 04 May 2022 00:35:38 GMT
      expires:
      - '-1'
      pragma:
      - no-cache
      strict-transport-security:
      - max-age=31536000; includeSubDomains
      vary:
      - Accept-Encoding
      x-content-type-options:
      - nosniff
    status:
      code: 200
      message: OK
- request:
    body: '{"location": "eastus2", "kind": "GlobalDocumentDB", "properties": {"locations":
      [{"locationName": "eastus2", "failoverPriority": 0, "isZoneRedundant": false}],
      "databaseAccountOfferType": "Standard", "capabilities": [{"name": "EnableGremlin"}],
      "apiProperties": {}, "createMode": "Default", "backupPolicy": {"type": "Continuous",
      "continuousModeProperties": {"tier": "Continuous30Days"}}}}'
    headers:
      Accept:
      - application/json
      Accept-Encoding:
      - gzip, deflate
      CommandName:
      - cosmosdb create
      Connection:
      - keep-alive
      Content-Length:
      - '389'
      Content-Type:
      - application/json
      ParameterSetName:
      - -n -g --backup-policy-type --locations --kind --capabilities
      User-Agent:
      - AZURECLI/2.36.0 azsdk-python-mgmt-cosmosdb/7.0.0b4 Python/3.10.4 (Windows-10-10.0.22598-SP0)
    method: PUT
    uri: https://management.azure.com/subscriptions/00000000-0000-0000-0000-000000000000/resourceGroups/cli_test_cosmosdb_gremlin_graph_backupinfo000001/providers/Microsoft.DocumentDB/databaseAccounts/cli000004?api-version=2022-02-15-preview
  response:
    body:
      string: '{"id":"/subscriptions/00000000-0000-0000-0000-000000000000/resourceGroups/cli_test_cosmosdb_gremlin_graph_backupinfo000001/providers/Microsoft.DocumentDB/databaseAccounts/cli000004","name":"cli000004","location":"East
        US 2","type":"Microsoft.DocumentDB/databaseAccounts","kind":"GlobalDocumentDB","tags":{},"systemData":{"createdAt":"2022-05-04T00:35:42.4555315Z"},"properties":{"provisioningState":"Creating","publicNetworkAccess":"Enabled","enableAutomaticFailover":false,"enableMultipleWriteLocations":false,"enablePartitionKeyMonitor":false,"isVirtualNetworkFilterEnabled":false,"virtualNetworkRules":[],"EnabledApiTypes":"Gremlin,
        Sql","disableKeyBasedMetadataWriteAccess":false,"enableFreeTier":false,"enableAnalyticalStorage":false,"analyticalStorageConfiguration":{"schemaType":"WellDefined"},"instanceId":"68a95a0e-847b-446c-bb06-76f37caf7ddd","createMode":"Default","databaseAccountOfferType":"Standard","defaultIdentity":"","networkAclBypass":"None","disableLocalAuth":false,"consistencyPolicy":{"defaultConsistencyLevel":"Session","maxIntervalInSeconds":5,"maxStalenessPrefix":100},"configurationOverrides":{},"writeLocations":[{"id":"cli000004-eastus2","locationName":"East
        US 2","provisioningState":"Creating","failoverPriority":0,"isZoneRedundant":false}],"readLocations":[{"id":"cli000004-eastus2","locationName":"East
        US 2","provisioningState":"Creating","failoverPriority":0,"isZoneRedundant":false}],"locations":[{"id":"cli000004-eastus2","locationName":"East
        US 2","provisioningState":"Creating","failoverPriority":0,"isZoneRedundant":false}],"failoverPolicies":[{"id":"cli000004-eastus2","locationName":"East
        US 2","failoverPriority":0}],"cors":[],"capabilities":[{"name":"EnableGremlin"}],"ipRules":[],"backupPolicy":{"type":"Continuous","continuousModeProperties":{"tier":"Continuous30Days"}},"networkAclBypassResourceIds":[],"diagnosticLogSettings":{"enableFullTextQuery":"None"}},"identity":{"type":"None"}}'
    headers:
      azure-asyncoperation:
      - https://management.azure.com/subscriptions/00000000-0000-0000-0000-000000000000/providers/Microsoft.DocumentDB/locations/eastus2/operationsStatus/8e3fd500-2186-4a4b-ab05-d891ac8eeb4e?api-version=2022-02-15-preview
      cache-control:
      - no-store, no-cache
      content-length:
      - '1932'
      content-type:
      - application/json
      date:
      - Wed, 04 May 2022 00:35:44 GMT
      location:
      - https://management.azure.com/subscriptions/00000000-0000-0000-0000-000000000000/resourceGroups/cli_test_cosmosdb_gremlin_graph_backupinfo000001/providers/Microsoft.DocumentDB/databaseAccounts/cli000004/operationResults/8e3fd500-2186-4a4b-ab05-d891ac8eeb4e?api-version=2022-02-15-preview
      pragma:
      - no-cache
      server:
      - Microsoft-HTTPAPI/2.0
      strict-transport-security:
      - max-age=31536000; includeSubDomains
      transfer-encoding:
      - chunked
      vary:
      - Accept-Encoding
      x-content-type-options:
      - nosniff
      x-ms-gatewayversion:
      - version=2.14.0
      x-ms-ratelimit-remaining-subscription-writes:
      - '1198'
    status:
      code: 200
      message: Ok
- request:
    body: null
    headers:
      Accept:
      - '*/*'
      Accept-Encoding:
      - gzip, deflate
      CommandName:
      - cosmosdb create
      Connection:
      - keep-alive
      ParameterSetName:
      - -n -g --backup-policy-type --locations --kind --capabilities
      User-Agent:
      - AZURECLI/2.36.0 azsdk-python-mgmt-cosmosdb/7.0.0b4 Python/3.10.4 (Windows-10-10.0.22598-SP0)
    method: GET
    uri: https://management.azure.com/subscriptions/00000000-0000-0000-0000-000000000000/providers/Microsoft.DocumentDB/locations/eastus2/operationsStatus/8e3fd500-2186-4a4b-ab05-d891ac8eeb4e?api-version=2022-02-15-preview
  response:
    body:
      string: '{"status":"Dequeued"}'
    headers:
      cache-control:
      - no-store, no-cache
      content-length:
      - '21'
      content-type:
      - application/json
      date:
      - Wed, 04 May 2022 00:36:14 GMT
      pragma:
      - no-cache
      server:
      - Microsoft-HTTPAPI/2.0
      strict-transport-security:
      - max-age=31536000; includeSubDomains
      transfer-encoding:
      - chunked
      vary:
      - Accept-Encoding
      x-content-type-options:
      - nosniff
      x-ms-gatewayversion:
      - version=2.14.0
    status:
      code: 200
      message: Ok
- request:
    body: null
    headers:
      Accept:
      - '*/*'
      Accept-Encoding:
      - gzip, deflate
      CommandName:
      - cosmosdb create
      Connection:
      - keep-alive
      ParameterSetName:
      - -n -g --backup-policy-type --locations --kind --capabilities
      User-Agent:
      - AZURECLI/2.36.0 azsdk-python-mgmt-cosmosdb/7.0.0b4 Python/3.10.4 (Windows-10-10.0.22598-SP0)
    method: GET
    uri: https://management.azure.com/subscriptions/00000000-0000-0000-0000-000000000000/providers/Microsoft.DocumentDB/locations/eastus2/operationsStatus/8e3fd500-2186-4a4b-ab05-d891ac8eeb4e?api-version=2022-02-15-preview
  response:
    body:
      string: '{"status":"Dequeued"}'
    headers:
      cache-control:
      - no-store, no-cache
      content-length:
      - '21'
      content-type:
      - application/json
      date:
      - Wed, 04 May 2022 00:36:43 GMT
      pragma:
      - no-cache
      server:
      - Microsoft-HTTPAPI/2.0
      strict-transport-security:
      - max-age=31536000; includeSubDomains
      transfer-encoding:
      - chunked
      vary:
      - Accept-Encoding
      x-content-type-options:
      - nosniff
      x-ms-gatewayversion:
      - version=2.14.0
    status:
      code: 200
      message: Ok
- request:
    body: null
    headers:
      Accept:
      - '*/*'
      Accept-Encoding:
      - gzip, deflate
      CommandName:
      - cosmosdb create
      Connection:
      - keep-alive
      ParameterSetName:
      - -n -g --backup-policy-type --locations --kind --capabilities
      User-Agent:
      - AZURECLI/2.36.0 azsdk-python-mgmt-cosmosdb/7.0.0b4 Python/3.10.4 (Windows-10-10.0.22598-SP0)
    method: GET
    uri: https://management.azure.com/subscriptions/00000000-0000-0000-0000-000000000000/providers/Microsoft.DocumentDB/locations/eastus2/operationsStatus/8e3fd500-2186-4a4b-ab05-d891ac8eeb4e?api-version=2022-02-15-preview
  response:
    body:
      string: '{"status":"Dequeued"}'
    headers:
      cache-control:
      - no-store, no-cache
      content-length:
      - '21'
      content-type:
      - application/json
      date:
      - Wed, 04 May 2022 00:37:14 GMT
      pragma:
      - no-cache
      server:
      - Microsoft-HTTPAPI/2.0
      strict-transport-security:
      - max-age=31536000; includeSubDomains
      transfer-encoding:
      - chunked
      vary:
      - Accept-Encoding
      x-content-type-options:
      - nosniff
      x-ms-gatewayversion:
      - version=2.14.0
    status:
      code: 200
      message: Ok
- request:
    body: null
    headers:
      Accept:
      - '*/*'
      Accept-Encoding:
      - gzip, deflate
      CommandName:
      - cosmosdb create
      Connection:
      - keep-alive
      ParameterSetName:
      - -n -g --backup-policy-type --locations --kind --capabilities
      User-Agent:
      - AZURECLI/2.36.0 azsdk-python-mgmt-cosmosdb/7.0.0b4 Python/3.10.4 (Windows-10-10.0.22598-SP0)
    method: GET
    uri: https://management.azure.com/subscriptions/00000000-0000-0000-0000-000000000000/providers/Microsoft.DocumentDB/locations/eastus2/operationsStatus/8e3fd500-2186-4a4b-ab05-d891ac8eeb4e?api-version=2022-02-15-preview
  response:
    body:
      string: '{"status":"Dequeued"}'
    headers:
      cache-control:
      - no-store, no-cache
      content-length:
      - '21'
      content-type:
      - application/json
      date:
      - Wed, 04 May 2022 00:37:45 GMT
      pragma:
      - no-cache
      server:
      - Microsoft-HTTPAPI/2.0
      strict-transport-security:
      - max-age=31536000; includeSubDomains
      transfer-encoding:
      - chunked
      vary:
      - Accept-Encoding
      x-content-type-options:
      - nosniff
      x-ms-gatewayversion:
      - version=2.14.0
    status:
      code: 200
      message: Ok
- request:
    body: null
    headers:
      Accept:
      - '*/*'
      Accept-Encoding:
      - gzip, deflate
      CommandName:
      - cosmosdb create
      Connection:
      - keep-alive
      ParameterSetName:
      - -n -g --backup-policy-type --locations --kind --capabilities
      User-Agent:
      - AZURECLI/2.36.0 azsdk-python-mgmt-cosmosdb/7.0.0b4 Python/3.10.4 (Windows-10-10.0.22598-SP0)
    method: GET
    uri: https://management.azure.com/subscriptions/00000000-0000-0000-0000-000000000000/providers/Microsoft.DocumentDB/locations/eastus2/operationsStatus/8e3fd500-2186-4a4b-ab05-d891ac8eeb4e?api-version=2022-02-15-preview
  response:
    body:
      string: '{"status":"Dequeued"}'
    headers:
      cache-control:
      - no-store, no-cache
      content-length:
      - '21'
      content-type:
      - application/json
      date:
      - Wed, 04 May 2022 00:38:14 GMT
      pragma:
      - no-cache
      server:
      - Microsoft-HTTPAPI/2.0
      strict-transport-security:
      - max-age=31536000; includeSubDomains
      transfer-encoding:
      - chunked
      vary:
      - Accept-Encoding
      x-content-type-options:
      - nosniff
      x-ms-gatewayversion:
      - version=2.14.0
    status:
      code: 200
      message: Ok
- request:
    body: null
    headers:
      Accept:
      - '*/*'
      Accept-Encoding:
      - gzip, deflate
      CommandName:
      - cosmosdb create
      Connection:
      - keep-alive
      ParameterSetName:
      - -n -g --backup-policy-type --locations --kind --capabilities
      User-Agent:
      - AZURECLI/2.36.0 azsdk-python-mgmt-cosmosdb/7.0.0b4 Python/3.10.4 (Windows-10-10.0.22598-SP0)
    method: GET
    uri: https://management.azure.com/subscriptions/00000000-0000-0000-0000-000000000000/providers/Microsoft.DocumentDB/locations/eastus2/operationsStatus/8e3fd500-2186-4a4b-ab05-d891ac8eeb4e?api-version=2022-02-15-preview
  response:
    body:
      string: '{"status":"Dequeued"}'
    headers:
      cache-control:
      - no-store, no-cache
      content-length:
      - '21'
      content-type:
      - application/json
      date:
      - Wed, 04 May 2022 00:38:45 GMT
      pragma:
      - no-cache
      server:
      - Microsoft-HTTPAPI/2.0
      strict-transport-security:
      - max-age=31536000; includeSubDomains
      transfer-encoding:
      - chunked
      vary:
      - Accept-Encoding
      x-content-type-options:
      - nosniff
      x-ms-gatewayversion:
      - version=2.14.0
    status:
      code: 200
      message: Ok
- request:
    body: null
    headers:
      Accept:
      - '*/*'
      Accept-Encoding:
      - gzip, deflate
      CommandName:
      - cosmosdb create
      Connection:
      - keep-alive
      ParameterSetName:
      - -n -g --backup-policy-type --locations --kind --capabilities
      User-Agent:
      - AZURECLI/2.36.0 azsdk-python-mgmt-cosmosdb/7.0.0b4 Python/3.10.4 (Windows-10-10.0.22598-SP0)
    method: GET
    uri: https://management.azure.com/subscriptions/00000000-0000-0000-0000-000000000000/providers/Microsoft.DocumentDB/locations/eastus2/operationsStatus/8e3fd500-2186-4a4b-ab05-d891ac8eeb4e?api-version=2022-02-15-preview
  response:
    body:
      string: '{"status":"Dequeued"}'
    headers:
      cache-control:
      - no-store, no-cache
      content-length:
      - '21'
      content-type:
      - application/json
      date:
      - Wed, 04 May 2022 00:39:14 GMT
      pragma:
      - no-cache
      server:
      - Microsoft-HTTPAPI/2.0
      strict-transport-security:
      - max-age=31536000; includeSubDomains
      transfer-encoding:
      - chunked
      vary:
      - Accept-Encoding
      x-content-type-options:
      - nosniff
      x-ms-gatewayversion:
      - version=2.14.0
    status:
      code: 200
      message: Ok
- request:
    body: null
    headers:
      Accept:
      - '*/*'
      Accept-Encoding:
      - gzip, deflate
      CommandName:
      - cosmosdb create
      Connection:
      - keep-alive
      ParameterSetName:
      - -n -g --backup-policy-type --locations --kind --capabilities
      User-Agent:
      - AZURECLI/2.36.0 azsdk-python-mgmt-cosmosdb/7.0.0b4 Python/3.10.4 (Windows-10-10.0.22598-SP0)
    method: GET
    uri: https://management.azure.com/subscriptions/00000000-0000-0000-0000-000000000000/providers/Microsoft.DocumentDB/locations/eastus2/operationsStatus/8e3fd500-2186-4a4b-ab05-d891ac8eeb4e?api-version=2022-02-15-preview
  response:
    body:
      string: '{"status":"Dequeued"}'
    headers:
      cache-control:
      - no-store, no-cache
      content-length:
      - '21'
      content-type:
      - application/json
      date:
      - Wed, 04 May 2022 00:39:45 GMT
      pragma:
      - no-cache
      server:
      - Microsoft-HTTPAPI/2.0
      strict-transport-security:
      - max-age=31536000; includeSubDomains
      transfer-encoding:
      - chunked
      vary:
      - Accept-Encoding
      x-content-type-options:
      - nosniff
      x-ms-gatewayversion:
      - version=2.14.0
    status:
      code: 200
      message: Ok
- request:
    body: null
    headers:
      Accept:
      - '*/*'
      Accept-Encoding:
      - gzip, deflate
      CommandName:
      - cosmosdb create
      Connection:
      - keep-alive
      ParameterSetName:
      - -n -g --backup-policy-type --locations --kind --capabilities
      User-Agent:
      - AZURECLI/2.36.0 azsdk-python-mgmt-cosmosdb/7.0.0b4 Python/3.10.4 (Windows-10-10.0.22598-SP0)
    method: GET
    uri: https://management.azure.com/subscriptions/00000000-0000-0000-0000-000000000000/providers/Microsoft.DocumentDB/locations/eastus2/operationsStatus/8e3fd500-2186-4a4b-ab05-d891ac8eeb4e?api-version=2022-02-15-preview
  response:
    body:
      string: '{"status":"Dequeued"}'
    headers:
      cache-control:
      - no-store, no-cache
      content-length:
      - '21'
      content-type:
      - application/json
      date:
      - Wed, 04 May 2022 00:40:15 GMT
      pragma:
      - no-cache
      server:
      - Microsoft-HTTPAPI/2.0
      strict-transport-security:
      - max-age=31536000; includeSubDomains
      transfer-encoding:
      - chunked
      vary:
      - Accept-Encoding
      x-content-type-options:
      - nosniff
      x-ms-gatewayversion:
      - version=2.14.0
    status:
      code: 200
      message: Ok
- request:
    body: null
    headers:
      Accept:
      - '*/*'
      Accept-Encoding:
      - gzip, deflate
      CommandName:
      - cosmosdb create
      Connection:
      - keep-alive
      ParameterSetName:
      - -n -g --backup-policy-type --locations --kind --capabilities
      User-Agent:
      - AZURECLI/2.36.0 azsdk-python-mgmt-cosmosdb/7.0.0b4 Python/3.10.4 (Windows-10-10.0.22598-SP0)
    method: GET
    uri: https://management.azure.com/subscriptions/00000000-0000-0000-0000-000000000000/providers/Microsoft.DocumentDB/locations/eastus2/operationsStatus/8e3fd500-2186-4a4b-ab05-d891ac8eeb4e?api-version=2022-02-15-preview
  response:
    body:
      string: '{"status":"Dequeued"}'
    headers:
      cache-control:
      - no-store, no-cache
      content-length:
      - '21'
      content-type:
      - application/json
      date:
      - Wed, 04 May 2022 00:40:45 GMT
      pragma:
      - no-cache
      server:
      - Microsoft-HTTPAPI/2.0
      strict-transport-security:
      - max-age=31536000; includeSubDomains
      transfer-encoding:
      - chunked
      vary:
      - Accept-Encoding
      x-content-type-options:
      - nosniff
      x-ms-gatewayversion:
      - version=2.14.0
    status:
      code: 200
      message: Ok
- request:
    body: null
    headers:
      Accept:
      - '*/*'
      Accept-Encoding:
      - gzip, deflate
      CommandName:
      - cosmosdb create
      Connection:
      - keep-alive
      ParameterSetName:
      - -n -g --backup-policy-type --locations --kind --capabilities
      User-Agent:
      - AZURECLI/2.36.0 azsdk-python-mgmt-cosmosdb/7.0.0b4 Python/3.10.4 (Windows-10-10.0.22598-SP0)
    method: GET
    uri: https://management.azure.com/subscriptions/00000000-0000-0000-0000-000000000000/providers/Microsoft.DocumentDB/locations/eastus2/operationsStatus/8e3fd500-2186-4a4b-ab05-d891ac8eeb4e?api-version=2022-02-15-preview
  response:
    body:
      string: '{"status":"Succeeded"}'
    headers:
      cache-control:
      - no-store, no-cache
      content-length:
      - '22'
      content-type:
      - application/json
      date:
      - Wed, 04 May 2022 00:41:16 GMT
      pragma:
      - no-cache
      server:
      - Microsoft-HTTPAPI/2.0
      strict-transport-security:
      - max-age=31536000; includeSubDomains
      transfer-encoding:
      - chunked
      vary:
      - Accept-Encoding
      x-content-type-options:
      - nosniff
      x-ms-gatewayversion:
      - version=2.14.0
    status:
      code: 200
      message: Ok
- request:
    body: null
    headers:
      Accept:
      - '*/*'
      Accept-Encoding:
      - gzip, deflate
      CommandName:
      - cosmosdb create
      Connection:
      - keep-alive
      ParameterSetName:
      - -n -g --backup-policy-type --locations --kind --capabilities
      User-Agent:
      - AZURECLI/2.36.0 azsdk-python-mgmt-cosmosdb/7.0.0b4 Python/3.10.4 (Windows-10-10.0.22598-SP0)
    method: GET
    uri: https://management.azure.com/subscriptions/00000000-0000-0000-0000-000000000000/resourceGroups/cli_test_cosmosdb_gremlin_graph_backupinfo000001/providers/Microsoft.DocumentDB/databaseAccounts/cli000004?api-version=2022-02-15-preview
  response:
    body:
      string: '{"id":"/subscriptions/00000000-0000-0000-0000-000000000000/resourceGroups/cli_test_cosmosdb_gremlin_graph_backupinfo000001/providers/Microsoft.DocumentDB/databaseAccounts/cli000004","name":"cli000004","location":"East
        US 2","type":"Microsoft.DocumentDB/databaseAccounts","kind":"GlobalDocumentDB","tags":{},"systemData":{"createdAt":"2022-05-04T00:40:36.5034803Z"},"properties":{"provisioningState":"Succeeded","documentEndpoint":"https://cli000004.documents.azure.com:443/","gremlinEndpoint":"https://cli000004.gremlin.cosmos.azure.com:443/","publicNetworkAccess":"Enabled","enableAutomaticFailover":false,"enableMultipleWriteLocations":false,"enablePartitionKeyMonitor":false,"isVirtualNetworkFilterEnabled":false,"virtualNetworkRules":[],"EnabledApiTypes":"Gremlin,
        Sql","disableKeyBasedMetadataWriteAccess":false,"enableFreeTier":false,"enableAnalyticalStorage":false,"analyticalStorageConfiguration":{"schemaType":"WellDefined"},"instanceId":"68a95a0e-847b-446c-bb06-76f37caf7ddd","createMode":"Default","databaseAccountOfferType":"Standard","defaultIdentity":"FirstPartyIdentity","networkAclBypass":"None","disableLocalAuth":false,"consistencyPolicy":{"defaultConsistencyLevel":"Session","maxIntervalInSeconds":5,"maxStalenessPrefix":100},"configurationOverrides":{},"writeLocations":[{"id":"cli000004-eastus2","locationName":"East
        US 2","documentEndpoint":"https://cli000004-eastus2.documents.azure.com:443/","provisioningState":"Succeeded","failoverPriority":0,"isZoneRedundant":false}],"readLocations":[{"id":"cli000004-eastus2","locationName":"East
        US 2","documentEndpoint":"https://cli000004-eastus2.documents.azure.com:443/","provisioningState":"Succeeded","failoverPriority":0,"isZoneRedundant":false}],"locations":[{"id":"cli000004-eastus2","locationName":"East
        US 2","documentEndpoint":"https://cli000004-eastus2.documents.azure.com:443/","provisioningState":"Succeeded","failoverPriority":0,"isZoneRedundant":false}],"failoverPolicies":[{"id":"cli000004-eastus2","locationName":"East
        US 2","failoverPriority":0}],"cors":[],"capabilities":[{"name":"EnableGremlin"}],"ipRules":[],"backupPolicy":{"type":"Continuous","continuousModeProperties":{"tier":"Continuous30Days"}},"networkAclBypassResourceIds":[],"diagnosticLogSettings":{"enableFullTextQuery":"None"}},"identity":{"type":"None"}}'
    headers:
      cache-control:
      - no-store, no-cache
      content-length:
      - '2302'
      content-type:
      - application/json
      date:
      - Wed, 04 May 2022 00:41:16 GMT
      pragma:
      - no-cache
      server:
      - Microsoft-HTTPAPI/2.0
      strict-transport-security:
      - max-age=31536000; includeSubDomains
      transfer-encoding:
      - chunked
      vary:
      - Accept-Encoding
      x-content-type-options:
      - nosniff
      x-ms-gatewayversion:
      - version=2.14.0
    status:
      code: 200
      message: Ok
- request:
    body: null
    headers:
      Accept:
      - application/json
      Accept-Encoding:
      - gzip, deflate
      CommandName:
      - cosmosdb create
      Connection:
      - keep-alive
      ParameterSetName:
      - -n -g --backup-policy-type --locations --kind --capabilities
      User-Agent:
      - AZURECLI/2.36.0 azsdk-python-mgmt-cosmosdb/7.0.0b4 Python/3.10.4 (Windows-10-10.0.22598-SP0)
    method: GET
    uri: https://management.azure.com/subscriptions/00000000-0000-0000-0000-000000000000/resourceGroups/cli_test_cosmosdb_gremlin_graph_backupinfo000001/providers/Microsoft.DocumentDB/databaseAccounts/cli000004?api-version=2022-02-15-preview
  response:
    body:
      string: '{"id":"/subscriptions/00000000-0000-0000-0000-000000000000/resourceGroups/cli_test_cosmosdb_gremlin_graph_backupinfo000001/providers/Microsoft.DocumentDB/databaseAccounts/cli000004","name":"cli000004","location":"East
        US 2","type":"Microsoft.DocumentDB/databaseAccounts","kind":"GlobalDocumentDB","tags":{},"systemData":{"createdAt":"2022-05-04T00:40:36.5034803Z"},"properties":{"provisioningState":"Succeeded","documentEndpoint":"https://cli000004.documents.azure.com:443/","gremlinEndpoint":"https://cli000004.gremlin.cosmos.azure.com:443/","publicNetworkAccess":"Enabled","enableAutomaticFailover":false,"enableMultipleWriteLocations":false,"enablePartitionKeyMonitor":false,"isVirtualNetworkFilterEnabled":false,"virtualNetworkRules":[],"EnabledApiTypes":"Gremlin,
        Sql","disableKeyBasedMetadataWriteAccess":false,"enableFreeTier":false,"enableAnalyticalStorage":false,"analyticalStorageConfiguration":{"schemaType":"WellDefined"},"instanceId":"68a95a0e-847b-446c-bb06-76f37caf7ddd","createMode":"Default","databaseAccountOfferType":"Standard","defaultIdentity":"FirstPartyIdentity","networkAclBypass":"None","disableLocalAuth":false,"consistencyPolicy":{"defaultConsistencyLevel":"Session","maxIntervalInSeconds":5,"maxStalenessPrefix":100},"configurationOverrides":{},"writeLocations":[{"id":"cli000004-eastus2","locationName":"East
        US 2","documentEndpoint":"https://cli000004-eastus2.documents.azure.com:443/","provisioningState":"Succeeded","failoverPriority":0,"isZoneRedundant":false}],"readLocations":[{"id":"cli000004-eastus2","locationName":"East
        US 2","documentEndpoint":"https://cli000004-eastus2.documents.azure.com:443/","provisioningState":"Succeeded","failoverPriority":0,"isZoneRedundant":false}],"locations":[{"id":"cli000004-eastus2","locationName":"East
        US 2","documentEndpoint":"https://cli000004-eastus2.documents.azure.com:443/","provisioningState":"Succeeded","failoverPriority":0,"isZoneRedundant":false}],"failoverPolicies":[{"id":"cli000004-eastus2","locationName":"East
        US 2","failoverPriority":0}],"cors":[],"capabilities":[{"name":"EnableGremlin"}],"ipRules":[],"backupPolicy":{"type":"Continuous","continuousModeProperties":{"tier":"Continuous30Days"}},"networkAclBypassResourceIds":[],"diagnosticLogSettings":{"enableFullTextQuery":"None"}},"identity":{"type":"None"}}'
    headers:
      cache-control:
      - no-store, no-cache
      content-length:
      - '2302'
      content-type:
      - application/json
      date:
      - Wed, 04 May 2022 00:41:16 GMT
      pragma:
      - no-cache
      server:
      - Microsoft-HTTPAPI/2.0
      strict-transport-security:
      - max-age=31536000; includeSubDomains
      transfer-encoding:
      - chunked
      vary:
      - Accept-Encoding
      x-content-type-options:
      - nosniff
      x-ms-gatewayversion:
      - version=2.14.0
    status:
      code: 200
      message: Ok
- request:
    body: null
    headers:
      Accept:
      - application/json
      Accept-Encoding:
      - gzip, deflate
      CommandName:
      - cosmosdb show
      Connection:
      - keep-alive
      ParameterSetName:
      - -n -g
      User-Agent:
      - AZURECLI/2.36.0 azsdk-python-mgmt-cosmosdb/7.0.0b4 Python/3.10.4 (Windows-10-10.0.22598-SP0)
    method: GET
    uri: https://management.azure.com/subscriptions/00000000-0000-0000-0000-000000000000/resourceGroups/cli_test_cosmosdb_gremlin_graph_backupinfo000001/providers/Microsoft.DocumentDB/databaseAccounts/cli000004?api-version=2022-02-15-preview
  response:
    body:
      string: '{"id":"/subscriptions/00000000-0000-0000-0000-000000000000/resourceGroups/cli_test_cosmosdb_gremlin_graph_backupinfo000001/providers/Microsoft.DocumentDB/databaseAccounts/cli000004","name":"cli000004","location":"East
        US 2","type":"Microsoft.DocumentDB/databaseAccounts","kind":"GlobalDocumentDB","tags":{},"systemData":{"createdAt":"2022-05-04T00:40:36.5034803Z"},"properties":{"provisioningState":"Succeeded","documentEndpoint":"https://cli000004.documents.azure.com:443/","gremlinEndpoint":"https://cli000004.gremlin.cosmos.azure.com:443/","publicNetworkAccess":"Enabled","enableAutomaticFailover":false,"enableMultipleWriteLocations":false,"enablePartitionKeyMonitor":false,"isVirtualNetworkFilterEnabled":false,"virtualNetworkRules":[],"EnabledApiTypes":"Gremlin,
        Sql","disableKeyBasedMetadataWriteAccess":false,"enableFreeTier":false,"enableAnalyticalStorage":false,"analyticalStorageConfiguration":{"schemaType":"WellDefined"},"instanceId":"68a95a0e-847b-446c-bb06-76f37caf7ddd","createMode":"Default","databaseAccountOfferType":"Standard","defaultIdentity":"FirstPartyIdentity","networkAclBypass":"None","disableLocalAuth":false,"consistencyPolicy":{"defaultConsistencyLevel":"Session","maxIntervalInSeconds":5,"maxStalenessPrefix":100},"configurationOverrides":{},"writeLocations":[{"id":"cli000004-eastus2","locationName":"East
        US 2","documentEndpoint":"https://cli000004-eastus2.documents.azure.com:443/","provisioningState":"Succeeded","failoverPriority":0,"isZoneRedundant":false}],"readLocations":[{"id":"cli000004-eastus2","locationName":"East
        US 2","documentEndpoint":"https://cli000004-eastus2.documents.azure.com:443/","provisioningState":"Succeeded","failoverPriority":0,"isZoneRedundant":false}],"locations":[{"id":"cli000004-eastus2","locationName":"East
        US 2","documentEndpoint":"https://cli000004-eastus2.documents.azure.com:443/","provisioningState":"Succeeded","failoverPriority":0,"isZoneRedundant":false}],"failoverPolicies":[{"id":"cli000004-eastus2","locationName":"East
        US 2","failoverPriority":0}],"cors":[],"capabilities":[{"name":"EnableGremlin"}],"ipRules":[],"backupPolicy":{"type":"Continuous","continuousModeProperties":{"tier":"Continuous30Days"}},"networkAclBypassResourceIds":[],"diagnosticLogSettings":{"enableFullTextQuery":"None"}},"identity":{"type":"None"}}'
    headers:
      cache-control:
      - no-store, no-cache
      content-length:
      - '2302'
      content-type:
      - application/json
      date:
      - Wed, 04 May 2022 00:41:16 GMT
      pragma:
      - no-cache
      server:
      - Microsoft-HTTPAPI/2.0
      strict-transport-security:
      - max-age=31536000; includeSubDomains
      transfer-encoding:
      - chunked
      vary:
      - Accept-Encoding
      x-content-type-options:
      - nosniff
      x-ms-gatewayversion:
      - version=2.14.0
    status:
      code: 200
      message: Ok
- request:
    body: null
    headers:
      Accept:
      - application/json
      Accept-Encoding:
      - gzip, deflate
      CommandName:
      - cosmosdb gremlin retrieve-latest-backup-time
      Connection:
      - keep-alive
      ParameterSetName:
      - -g -a -d -n -l
      User-Agent:
      - AZURECLI/2.36.0 azsdk-python-mgmt-cosmosdb/7.0.0b4 Python/3.10.4 (Windows-10-10.0.22598-SP0)
    method: GET
    uri: https://management.azure.com/subscriptions/00000000-0000-0000-0000-000000000000/resourceGroups/cli_test_cosmosdb_gremlin_graph_backupinfo000001/providers/Microsoft.DocumentDB/databaseAccounts/cli000004/gremlinDatabases/cli000003?api-version=2022-02-15-preview
  response:
    body:
      string: '{"code":"NotFound","message":"Message: {\"code\":\"NotFound\",\"message\":\"Message:
        {\\\"Errors\\\":[\\\"Resource Not Found. Learn more: https:\\\\/\\\\/aka.ms\\\\/cosmosdb-tsg-not-found\\\"]}\\r\\nActivityId:
        e80c2e79-cb42-11ec-9d52-8045dd1923fe, Request URI: /apps/106d653a-cbd4-4c30-88f1-0fe3574b6679/services/cac981c7-a6ce-4ff5-90ee-656031bee2a8/partitions/7cb1fd1e-4f18-4c3f-af24-1711123fa119/replicas/132960504047491076s,
        RequestStats: \\r\\nRequestStartTime: 2022-05-04T00:41:18.0130611Z, RequestEndTime:
        2022-05-04T00:41:18.0130611Z,  Number of regions attempted:1\\r\\n{\\\"systemHistory\\\":[{\\\"dateUtc\\\":\\\"2022-05-04T00:40:20.5238651Z\\\",\\\"cpu\\\":0.268,\\\"memory\\\":648493852.000,\\\"threadInfo\\\":{\\\"isThreadStarving\\\":\\\"False\\\",\\\"threadWaitIntervalInMs\\\":0.0176,\\\"availableThreads\\\":32763,\\\"minThreads\\\":64,\\\"maxThreads\\\":32767}},{\\\"dateUtc\\\":\\\"2022-05-04T00:40:30.5336973Z\\\",\\\"cpu\\\":0.212,\\\"memory\\\":647838928.000,\\\"threadInfo\\\":{\\\"isThreadStarving\\\":\\\"False\\\",\\\"threadWaitIntervalInMs\\\":0.0157,\\\"availableThreads\\\":32761,\\\"minThreads\\\":64,\\\"maxThreads\\\":32767}},{\\\"dateUtc\\\":\\\"2022-05-04T00:40:40.5435447Z\\\",\\\"cpu\\\":0.192,\\\"memory\\\":647506228.000,\\\"threadInfo\\\":{\\\"isThreadStarving\\\":\\\"False\\\",\\\"threadWaitIntervalInMs\\\":0.0088,\\\"availableThreads\\\":32764,\\\"minThreads\\\":64,\\\"maxThreads\\\":32767}},{\\\"dateUtc\\\":\\\"2022-05-04T00:40:50.5634287Z\\\",\\\"cpu\\\":0.205,\\\"memory\\\":646976280.000,\\\"threadInfo\\\":{\\\"isThreadStarving\\\":\\\"False\\\",\\\"threadWaitIntervalInMs\\\":0.0124,\\\"availableThreads\\\":32765,\\\"minThreads\\\":64,\\\"maxThreads\\\":32767}},{\\\"dateUtc\\\":\\\"2022-05-04T00:41:00.5733079Z\\\",\\\"cpu\\\":0.946,\\\"memory\\\":650989740.000,\\\"threadInfo\\\":{\\\"isThreadStarving\\\":\\\"False\\\",\\\"threadWaitIntervalInMs\\\":0.0087,\\\"availableThreads\\\":32763,\\\"minThreads\\\":64,\\\"maxThreads\\\":32767}},{\\\"dateUtc\\\":\\\"2022-05-04T00:41:10.5731861Z\\\",\\\"cpu\\\":0.227,\\\"memory\\\":650594592.000,\\\"threadInfo\\\":{\\\"isThreadStarving\\\":\\\"False\\\",\\\"threadWaitIntervalInMs\\\":0.0178,\\\"availableThreads\\\":32764,\\\"minThreads\\\":64,\\\"maxThreads\\\":32767}}]}\\r\\nRequestStart:
        2022-05-04T00:41:18.0130611Z; ResponseTime: 2022-05-04T00:41:18.0130611Z;
        StoreResult: StorePhysicalAddress: rntbd://10.0.0.19:11300/apps/106d653a-cbd4-4c30-88f1-0fe3574b6679/services/cac981c7-a6ce-4ff5-90ee-656031bee2a8/partitions/7cb1fd1e-4f18-4c3f-af24-1711123fa119/replicas/132960504047491076s,
        LSN: 9, GlobalCommittedLsn: 9, PartitionKeyRangeId: , IsValid: True, StatusCode:
        404, SubStatusCode: 0, RequestCharge: 1, ItemLSN: -1, SessionToken: -1#9,
        UsingLocalLSN: False, TransportException: null, BELatencyMs: 0.982, ActivityId:
        e80c2e79-cb42-11ec-9d52-8045dd1923fe, RetryAfterInMs: , TransportRequestTimeline:
        {\\\"requestTimeline\\\":[{\\\"event\\\": \\\"Created\\\", \\\"startTimeUtc\\\":
        \\\"2022-05-04T00:41:18.0130611Z\\\", \\\"durationInMs\\\": 0.006},{\\\"event\\\":
        \\\"ChannelAcquisitionStarted\\\", \\\"startTimeUtc\\\": \\\"2022-05-04T00:41:18.0130671Z\\\",
        \\\"durationInMs\\\": 0.0025},{\\\"event\\\": \\\"Pipelined\\\", \\\"startTimeUtc\\\":
        \\\"2022-05-04T00:41:18.0130696Z\\\", \\\"durationInMs\\\": 0.0748},{\\\"event\\\":
        \\\"Transit Time\\\", \\\"startTimeUtc\\\": \\\"2022-05-04T00:41:18.0131444Z\\\",
        \\\"durationInMs\\\": 1.2937},{\\\"event\\\": \\\"Received\\\", \\\"startTimeUtc\\\":
        \\\"2022-05-04T00:41:18.0144381Z\\\", \\\"durationInMs\\\": 0.0662},{\\\"event\\\":
        \\\"Completed\\\", \\\"startTimeUtc\\\": \\\"2022-05-04T00:41:18.0145043Z\\\",
        \\\"durationInMs\\\": 0}],\\\"serviceEndpointStats\\\":{\\\"inflightRequests\\\":1,\\\"openConnections\\\":1},\\\"connectionStats\\\":{\\\"waitforConnectionInit\\\":\\\"False\\\",\\\"callsPendingReceive\\\":0,\\\"lastSendAttempt\\\":\\\"2022-05-04T00:41:17.9430611Z\\\",\\\"lastSend\\\":\\\"2022-05-04T00:41:17.9430611Z\\\",\\\"lastReceive\\\":\\\"2022-05-04T00:41:17.9730693Z\\\"},\\\"requestSizeInBytes\\\":464,\\\"responseMetadataSizeInBytes\\\":134,\\\"responseBodySizeInBytes\\\":87};\\r\\n
        ResourceType: Database, OperationType: Read\\r\\nRequestStart: 2022-05-04T00:41:18.0130611Z;
        ResponseTime: 2022-05-04T00:41:18.0130611Z; StoreResult: StorePhysicalAddress:
        rntbd://10.0.0.22:11300/apps/106d653a-cbd4-4c30-88f1-0fe3574b6679/services/cac981c7-a6ce-4ff5-90ee-656031bee2a8/partitions/7cb1fd1e-4f18-4c3f-af24-1711123fa119/replicas/132960504047491078s,
        LSN: 9, GlobalCommittedLsn: 9, PartitionKeyRangeId: , IsValid: True, StatusCode:
        404, SubStatusCode: 0, RequestCharge: 1, ItemLSN: -1, SessionToken: -1#9,
        UsingLocalLSN: False, TransportException: null, BELatencyMs: 1.041, ActivityId:
        e80c2e79-cb42-11ec-9d52-8045dd1923fe, RetryAfterInMs: , TransportRequestTimeline:
        {\\\"requestTimeline\\\":[{\\\"event\\\": \\\"Created\\\", \\\"startTimeUtc\\\":
        \\\"2022-05-04T00:41:18.0130611Z\\\", \\\"durationInMs\\\": 0.0028},{\\\"event\\\":
        \\\"ChannelAcquisitionStarted\\\", \\\"startTimeUtc\\\": \\\"2022-05-04T00:41:18.0130639Z\\\",
        \\\"durationInMs\\\": 0.0009},{\\\"event\\\": \\\"Pipelined\\\", \\\"startTimeUtc\\\":
        \\\"2022-05-04T00:41:18.0130648Z\\\", \\\"durationInMs\\\": 0.0521},{\\\"event\\\":
        \\\"Transit Time\\\", \\\"startTimeUtc\\\": \\\"2022-05-04T00:41:18.0131169Z\\\",
        \\\"durationInMs\\\": 1.507},{\\\"event\\\": \\\"Received\\\", \\\"startTimeUtc\\\":
        \\\"2022-05-04T00:41:18.0146239Z\\\", \\\"durationInMs\\\": 0.024},{\\\"event\\\":
        \\\"Completed\\\", \\\"startTimeUtc\\\": \\\"2022-05-04T00:41:18.0146479Z\\\",
        \\\"durationInMs\\\": 0}],\\\"serviceEndpointStats\\\":{\\\"inflightRequests\\\":1,\\\"openConnections\\\":1},\\\"connectionStats\\\":{\\\"waitforConnectionInit\\\":\\\"False\\\",\\\"callsPendingReceive\\\":0,\\\"lastSendAttempt\\\":\\\"2022-05-04T00:41:17.8630644Z\\\",\\\"lastSend\\\":\\\"2022-05-04T00:41:17.8630644Z\\\",\\\"lastReceive\\\":\\\"2022-05-04T00:41:17.8930709Z\\\"},\\\"requestSizeInBytes\\\":464,\\\"responseMetadataSizeInBytes\\\":134,\\\"responseBodySizeInBytes\\\":87};\\r\\n
        ResourceType: Database, OperationType: Read\\r\\n, SDK: Microsoft.Azure.Documents.Common/2.14.0\"},
        Request URI: /dbs/cli000003, RequestStats: , SDK: Microsoft.Azure.Documents.Common/2.14.0"}'
    headers:
      cache-control:
      - no-store, no-cache
      content-length:
      - '6291'
      content-type:
      - application/json
      date:
      - Wed, 04 May 2022 00:41:18 GMT
      pragma:
      - no-cache
      server:
      - Microsoft-HTTPAPI/2.0
      strict-transport-security:
      - max-age=31536000; includeSubDomains
      x-content-type-options:
      - nosniff
      x-ms-gatewayversion:
      - version=2.14.0
    status:
      code: 404
      message: NotFound
- request:
    body: '{"properties": {"resource": {"id": "cli000003"}, "options": {}}}'
    headers:
      Accept:
      - application/json
      Accept-Encoding:
      - gzip, deflate
      CommandName:
      - cosmosdb gremlin database create
      Connection:
      - keep-alive
      Content-Length:
      - '64'
      Content-Type:
      - application/json
      ParameterSetName:
      - -g -a -n
      User-Agent:
      - AZURECLI/2.36.0 azsdk-python-mgmt-cosmosdb/7.0.0b2 Python/3.10.4 (Windows-10-10.0.22598-SP0)
    method: PUT
    uri: https://management.azure.com/subscriptions/00000000-0000-0000-0000-000000000000/resourceGroups/cli_test_cosmosdb_gremlin_graph_backupinfo000001/providers/Microsoft.DocumentDB/databaseAccounts/cli000004/gremlinDatabases/cli000003?api-version=2021-10-15
  response:
    body:
      string: '{"status":"Enqueued"}'
    headers:
      azure-asyncoperation:
      - https://management.azure.com/subscriptions/00000000-0000-0000-0000-000000000000/providers/Microsoft.DocumentDB/locations/eastus2/operationsStatus/a5dfea36-ed35-4297-b731-1177bd4c1750?api-version=2021-10-15
      cache-control:
      - no-store, no-cache
      content-length:
      - '21'
      content-type:
      - application/json
      date:
      - Wed, 04 May 2022 00:41:18 GMT
      location:
      - https://management.azure.com/subscriptions/00000000-0000-0000-0000-000000000000/resourceGroups/cli_test_cosmosdb_gremlin_graph_backupinfo000001/providers/Microsoft.DocumentDB/databaseAccounts/cli000004/gremlinDatabases/cli000003/operationResults/a5dfea36-ed35-4297-b731-1177bd4c1750?api-version=2021-10-15
      pragma:
      - no-cache
      server:
      - Microsoft-HTTPAPI/2.0
      strict-transport-security:
      - max-age=31536000; includeSubDomains
      x-content-type-options:
      - nosniff
      x-ms-gatewayversion:
      - version=2.14.0
      x-ms-ratelimit-remaining-subscription-writes:
      - '1199'
    status:
      code: 202
      message: Accepted
- request:
    body: null
    headers:
      Accept:
      - '*/*'
      Accept-Encoding:
      - gzip, deflate
      CommandName:
      - cosmosdb gremlin database create
      Connection:
      - keep-alive
      ParameterSetName:
      - -g -a -n
      User-Agent:
      - AZURECLI/2.36.0 azsdk-python-mgmt-cosmosdb/7.0.0b2 Python/3.10.4 (Windows-10-10.0.22598-SP0)
    method: GET
    uri: https://management.azure.com/subscriptions/00000000-0000-0000-0000-000000000000/providers/Microsoft.DocumentDB/locations/eastus2/operationsStatus/a5dfea36-ed35-4297-b731-1177bd4c1750?api-version=2021-10-15
  response:
    body:
      string: '{"status":"Succeeded"}'
    headers:
      cache-control:
      - no-store, no-cache
      content-length:
      - '22'
      content-type:
      - application/json
      date:
      - Wed, 04 May 2022 00:41:48 GMT
      pragma:
      - no-cache
      server:
      - Microsoft-HTTPAPI/2.0
      strict-transport-security:
      - max-age=31536000; includeSubDomains
      transfer-encoding:
      - chunked
      vary:
      - Accept-Encoding
      x-content-type-options:
      - nosniff
      x-ms-gatewayversion:
      - version=2.14.0
    status:
      code: 200
      message: Ok
- request:
    body: null
    headers:
      Accept:
      - '*/*'
      Accept-Encoding:
      - gzip, deflate
      CommandName:
      - cosmosdb gremlin database create
      Connection:
      - keep-alive
      ParameterSetName:
      - -g -a -n
      User-Agent:
      - AZURECLI/2.36.0 azsdk-python-mgmt-cosmosdb/7.0.0b2 Python/3.10.4 (Windows-10-10.0.22598-SP0)
    method: GET
    uri: https://management.azure.com/subscriptions/00000000-0000-0000-0000-000000000000/resourceGroups/cli_test_cosmosdb_gremlin_graph_backupinfo000001/providers/Microsoft.DocumentDB/databaseAccounts/cli000004/gremlinDatabases/cli000003?api-version=2021-10-15
  response:
    body:
      string: '{"id":"/subscriptions/00000000-0000-0000-0000-000000000000/resourceGroups/cli_test_cosmosdb_gremlin_graph_backupinfo000001/providers/Microsoft.DocumentDB/databaseAccounts/cli000004/gremlinDatabases/cli000003","type":"Microsoft.DocumentDB/databaseAccounts/gremlinDatabases","name":"cli000003","properties":{"resource":{"id":"cli000003","_rid":"Xs8mAA==","_self":"dbs/Xs8mAA==/","_etag":"\"0000e201-0000-0200-0000-6271cbb30000\"","_colls":"colls/","_users":"users/","_ts":1651624883}}}'
    headers:
      cache-control:
      - no-store, no-cache
      content-length:
      - '483'
      content-type:
      - application/json
      date:
      - Wed, 04 May 2022 00:41:49 GMT
      pragma:
      - no-cache
      server:
      - Microsoft-HTTPAPI/2.0
      strict-transport-security:
      - max-age=31536000; includeSubDomains
      transfer-encoding:
      - chunked
      vary:
      - Accept-Encoding
      x-content-type-options:
      - nosniff
      x-ms-gatewayversion:
      - version=2.14.0
    status:
      code: 200
      message: Ok
- request:
    body: null
    headers:
      Accept:
      - application/json
      Accept-Encoding:
      - gzip, deflate
      CommandName:
      - cosmosdb gremlin retrieve-latest-backup-time
      Connection:
      - keep-alive
      ParameterSetName:
      - -g -a -d -n -l
      User-Agent:
      - AZURECLI/2.36.0 azsdk-python-mgmt-cosmosdb/7.0.0b4 Python/3.10.4 (Windows-10-10.0.22598-SP0)
    method: GET
    uri: https://management.azure.com/subscriptions/00000000-0000-0000-0000-000000000000/resourceGroups/cli_test_cosmosdb_gremlin_graph_backupinfo000001/providers/Microsoft.DocumentDB/databaseAccounts/cli000004/gremlinDatabases/cli000003?api-version=2022-02-15-preview
  response:
    body:
      string: '{"id":"/subscriptions/00000000-0000-0000-0000-000000000000/resourceGroups/cli_test_cosmosdb_gremlin_graph_backupinfo000001/providers/Microsoft.DocumentDB/databaseAccounts/cli000004/gremlinDatabases/cli000003","type":"Microsoft.DocumentDB/databaseAccounts/gremlinDatabases","name":"cli000003","properties":{"resource":{"id":"cli000003","_rid":"Xs8mAA==","_self":"dbs/Xs8mAA==/","_etag":"\"0000e201-0000-0200-0000-6271cbb30000\"","_colls":"colls/","_users":"users/","_ts":1651624883}}}'
    headers:
      cache-control:
      - no-store, no-cache
      content-length:
      - '483'
      content-type:
      - application/json
      date:
      - Wed, 04 May 2022 00:41:50 GMT
      pragma:
      - no-cache
      server:
      - Microsoft-HTTPAPI/2.0
      strict-transport-security:
      - max-age=31536000; includeSubDomains
      transfer-encoding:
      - chunked
      vary:
      - Accept-Encoding
      x-content-type-options:
      - nosniff
      x-ms-gatewayversion:
      - version=2.14.0
    status:
      code: 200
      message: Ok
- request:
    body: null
    headers:
      Accept:
      - application/json
      Accept-Encoding:
      - gzip, deflate
      CommandName:
      - cosmosdb gremlin retrieve-latest-backup-time
      Connection:
      - keep-alive
      ParameterSetName:
      - -g -a -d -n -l
      User-Agent:
      - AZURECLI/2.36.0 azsdk-python-mgmt-cosmosdb/7.0.0b4 Python/3.10.4 (Windows-10-10.0.22598-SP0)
    method: GET
    uri: https://management.azure.com/subscriptions/00000000-0000-0000-0000-000000000000/resourceGroups/cli_test_cosmosdb_gremlin_graph_backupinfo000001/providers/Microsoft.DocumentDB/databaseAccounts/cli000004/gremlinDatabases/cli000003/graphs/cli000002?api-version=2022-02-15-preview
  response:
    body:
      string: '{"code":"NotFound","message":"Message: {\"code\":\"NotFound\",\"message\":\"Message:
        {\\\"Errors\\\":[\\\"Resource Not Found. Learn more: https:\\\\/\\\\/aka.ms\\\\/cosmosdb-tsg-not-found\\\"]}\\r\\nActivityId:
        fbcc0252-cb42-11ec-8323-8045dd1923fe, Request URI: /apps/106d653a-cbd4-4c30-88f1-0fe3574b6679/services/cac981c7-a6ce-4ff5-90ee-656031bee2a8/partitions/7cb1fd1e-4f18-4c3f-af24-1711123fa119/replicas/132960504047491076s,
        RequestStats: \\r\\nRequestStartTime: 2022-05-04T00:41:51.3253789Z, RequestEndTime:
        2022-05-04T00:41:51.3253789Z,  Number of regions attempted:1\\r\\n{\\\"systemHistory\\\":[{\\\"dateUtc\\\":\\\"2022-05-04T00:40:56.7961589Z\\\",\\\"cpu\\\":0.273,\\\"memory\\\":653821184.000,\\\"threadInfo\\\":{\\\"isThreadStarving\\\":\\\"False\\\",\\\"threadWaitIntervalInMs\\\":0.0152,\\\"availableThreads\\\":32765,\\\"minThreads\\\":64,\\\"maxThreads\\\":32767}},{\\\"dateUtc\\\":\\\"2022-05-04T00:41:06.8060365Z\\\",\\\"cpu\\\":0.351,\\\"memory\\\":653457240.000,\\\"threadInfo\\\":{\\\"isThreadStarving\\\":\\\"False\\\",\\\"threadWaitIntervalInMs\\\":0.018,\\\"availableThreads\\\":32763,\\\"minThreads\\\":64,\\\"maxThreads\\\":32767}},{\\\"dateUtc\\\":\\\"2022-05-04T00:41:16.8158529Z\\\",\\\"cpu\\\":0.568,\\\"memory\\\":653131672.000,\\\"threadInfo\\\":{\\\"isThreadStarving\\\":\\\"False\\\",\\\"threadWaitIntervalInMs\\\":0.0152,\\\"availableThreads\\\":32765,\\\"minThreads\\\":64,\\\"maxThreads\\\":32767}},{\\\"dateUtc\\\":\\\"2022-05-04T00:41:26.8256955Z\\\",\\\"cpu\\\":0.459,\\\"memory\\\":652691604.000,\\\"threadInfo\\\":{\\\"isThreadStarving\\\":\\\"False\\\",\\\"threadWaitIntervalInMs\\\":0.0121,\\\"availableThreads\\\":32764,\\\"minThreads\\\":64,\\\"maxThreads\\\":32767}},{\\\"dateUtc\\\":\\\"2022-05-04T00:41:36.8455735Z\\\",\\\"cpu\\\":0.382,\\\"memory\\\":652449248.000,\\\"threadInfo\\\":{\\\"isThreadStarving\\\":\\\"False\\\",\\\"threadWaitIntervalInMs\\\":0.0277,\\\"availableThreads\\\":32764,\\\"minThreads\\\":64,\\\"maxThreads\\\":32767}},{\\\"dateUtc\\\":\\\"2022-05-04T00:41:46.8554415Z\\\",\\\"cpu\\\":0.675,\\\"memory\\\":655295436.000,\\\"threadInfo\\\":{\\\"isThreadStarving\\\":\\\"False\\\",\\\"threadWaitIntervalInMs\\\":0.023,\\\"availableThreads\\\":32763,\\\"minThreads\\\":64,\\\"maxThreads\\\":32767}}]}\\r\\nRequestStart:
        2022-05-04T00:41:51.3253789Z; ResponseTime: 2022-05-04T00:41:51.3253789Z;
        StoreResult: StorePhysicalAddress: rntbd://10.0.0.19:11300/apps/106d653a-cbd4-4c30-88f1-0fe3574b6679/services/cac981c7-a6ce-4ff5-90ee-656031bee2a8/partitions/7cb1fd1e-4f18-4c3f-af24-1711123fa119/replicas/132960504047491076s,
        LSN: 10, GlobalCommittedLsn: 10, PartitionKeyRangeId: , IsValid: True, StatusCode:
        404, SubStatusCode: 0, RequestCharge: 1, ItemLSN: -1, SessionToken: -1#10,
        UsingLocalLSN: False, TransportException: null, BELatencyMs: 0.833, ActivityId:
        fbcc0252-cb42-11ec-8323-8045dd1923fe, RetryAfterInMs: , TransportRequestTimeline:
        {\\\"requestTimeline\\\":[{\\\"event\\\": \\\"Created\\\", \\\"startTimeUtc\\\":
        \\\"2022-05-04T00:41:51.3253789Z\\\", \\\"durationInMs\\\": 0.0154},{\\\"event\\\":
        \\\"ChannelAcquisitionStarted\\\", \\\"startTimeUtc\\\": \\\"2022-05-04T00:41:51.3253943Z\\\",
        \\\"durationInMs\\\": 0.0046},{\\\"event\\\": \\\"Pipelined\\\", \\\"startTimeUtc\\\":
        \\\"2022-05-04T00:41:51.3253989Z\\\", \\\"durationInMs\\\": 0.2053},{\\\"event\\\":
        \\\"Transit Time\\\", \\\"startTimeUtc\\\": \\\"2022-05-04T00:41:51.3256042Z\\\",
        \\\"durationInMs\\\": 1.1307},{\\\"event\\\": \\\"Received\\\", \\\"startTimeUtc\\\":
        \\\"2022-05-04T00:41:51.3267349Z\\\", \\\"durationInMs\\\": 0.0691},{\\\"event\\\":
        \\\"Completed\\\", \\\"startTimeUtc\\\": \\\"2022-05-04T00:41:51.3268040Z\\\",
        \\\"durationInMs\\\": 0}],\\\"serviceEndpointStats\\\":{\\\"inflightRequests\\\":1,\\\"openConnections\\\":1},\\\"connectionStats\\\":{\\\"waitforConnectionInit\\\":\\\"False\\\",\\\"callsPendingReceive\\\":0,\\\"lastSendAttempt\\\":\\\"2022-05-04T00:41:51.1453849Z\\\",\\\"lastSend\\\":\\\"2022-05-04T00:41:51.1453849Z\\\",\\\"lastReceive\\\":\\\"2022-05-04T00:41:51.1453849Z\\\"},\\\"requestSizeInBytes\\\":502,\\\"responseMetadataSizeInBytes\\\":135,\\\"responseBodySizeInBytes\\\":87};\\r\\n
        ResourceType: Collection, OperationType: Read\\r\\nRequestStart: 2022-05-04T00:41:51.3253789Z;
        ResponseTime: 2022-05-04T00:41:51.3253789Z; StoreResult: StorePhysicalAddress:
        rntbd://10.0.0.20:11300/apps/106d653a-cbd4-4c30-88f1-0fe3574b6679/services/cac981c7-a6ce-4ff5-90ee-656031bee2a8/partitions/7cb1fd1e-4f18-4c3f-af24-1711123fa119/replicas/132960504047491077s,
        LSN: 10, GlobalCommittedLsn: 10, PartitionKeyRangeId: , IsValid: True, StatusCode:
        404, SubStatusCode: 0, RequestCharge: 1, ItemLSN: -1, SessionToken: -1#10,
        UsingLocalLSN: False, TransportException: null, BELatencyMs: 1.151, ActivityId:
        fbcc0252-cb42-11ec-8323-8045dd1923fe, RetryAfterInMs: , TransportRequestTimeline:
        {\\\"requestTimeline\\\":[{\\\"event\\\": \\\"Created\\\", \\\"startTimeUtc\\\":
        \\\"2022-05-04T00:41:51.3253789Z\\\", \\\"durationInMs\\\": 0.0042},{\\\"event\\\":
        \\\"ChannelAcquisitionStarted\\\", \\\"startTimeUtc\\\": \\\"2022-05-04T00:41:51.3253831Z\\\",
        \\\"durationInMs\\\": 0.0011},{\\\"event\\\": \\\"Pipelined\\\", \\\"startTimeUtc\\\":
        \\\"2022-05-04T00:41:51.3253842Z\\\", \\\"durationInMs\\\": 0.1542},{\\\"event\\\":
        \\\"Transit Time\\\", \\\"startTimeUtc\\\": \\\"2022-05-04T00:41:51.3255384Z\\\",
        \\\"durationInMs\\\": 1.5711},{\\\"event\\\": \\\"Received\\\", \\\"startTimeUtc\\\":
        \\\"2022-05-04T00:41:51.3271095Z\\\", \\\"durationInMs\\\": 0.1733},{\\\"event\\\":
        \\\"Completed\\\", \\\"startTimeUtc\\\": \\\"2022-05-04T00:41:51.3272828Z\\\",
        \\\"durationInMs\\\": 0}],\\\"serviceEndpointStats\\\":{\\\"inflightRequests\\\":1,\\\"openConnections\\\":1},\\\"connectionStats\\\":{\\\"waitforConnectionInit\\\":\\\"False\\\",\\\"callsPendingReceive\\\":0,\\\"lastSendAttempt\\\":\\\"2022-05-04T00:41:51.0753758Z\\\",\\\"lastSend\\\":\\\"2022-05-04T00:41:51.0753758Z\\\",\\\"lastReceive\\\":\\\"2022-05-04T00:41:51.1053868Z\\\"},\\\"requestSizeInBytes\\\":502,\\\"responseMetadataSizeInBytes\\\":135,\\\"responseBodySizeInBytes\\\":87};\\r\\n
        ResourceType: Collection, OperationType: Read\\r\\n, SDK: Microsoft.Azure.Documents.Common/2.14.0\"},
        Request URI: /dbs/cli000003/colls/cli000002, RequestStats: , SDK: Microsoft.Azure.Documents.Common/2.14.0"}'
    headers:
      cache-control:
      - no-store, no-cache
      content-length:
      - '6318'
      content-type:
      - application/json
      date:
      - Wed, 04 May 2022 00:41:50 GMT
      pragma:
      - no-cache
      server:
      - Microsoft-HTTPAPI/2.0
      strict-transport-security:
      - max-age=31536000; includeSubDomains
      x-content-type-options:
      - nosniff
      x-ms-gatewayversion:
      - version=2.14.0
    status:
      code: 404
      message: NotFound
- request:
    body: '{"properties": {"resource": {"id": "cli000002", "indexingPolicy": {"automatic":
      true, "indexingMode": "consistent", "includedPaths": [{"path": "/*"}], "excludedPaths":
      [{"path": "/\"_etag\"/?"}]}, "partitionKey": {"paths": ["/pk"], "kind": "Hash"}},
      "options": {}}}'
    headers:
      Accept:
      - application/json
      Accept-Encoding:
      - gzip, deflate
      CommandName:
      - cosmosdb gremlin graph create
      Connection:
      - keep-alive
      Content-Length:
      - '265'
      Content-Type:
      - application/json
      ParameterSetName:
      - -g -a -d -n -p
      User-Agent:
      - AZURECLI/2.36.0 azsdk-python-mgmt-cosmosdb/7.0.0b2 Python/3.10.4 (Windows-10-10.0.22598-SP0)
    method: PUT
    uri: https://management.azure.com/subscriptions/00000000-0000-0000-0000-000000000000/resourceGroups/cli_test_cosmosdb_gremlin_graph_backupinfo000001/providers/Microsoft.DocumentDB/databaseAccounts/cli000004/gremlinDatabases/cli000003/graphs/cli000002?api-version=2021-10-15
  response:
    body:
      string: '{"status":"Enqueued"}'
    headers:
      azure-asyncoperation:
      - https://management.azure.com/subscriptions/00000000-0000-0000-0000-000000000000/providers/Microsoft.DocumentDB/locations/eastus2/operationsStatus/f87bc479-ab9a-4eea-ae94-c4d262ea1729?api-version=2021-10-15
      cache-control:
      - no-store, no-cache
      content-length:
      - '21'
      content-type:
      - application/json
      date:
      - Wed, 04 May 2022 00:41:51 GMT
      location:
      - https://management.azure.com/subscriptions/00000000-0000-0000-0000-000000000000/resourceGroups/cli_test_cosmosdb_gremlin_graph_backupinfo000001/providers/Microsoft.DocumentDB/databaseAccounts/cli000004/gremlinDatabases/cli000003/graphs/cli000002/operationResults/f87bc479-ab9a-4eea-ae94-c4d262ea1729?api-version=2021-10-15
      pragma:
      - no-cache
      server:
      - Microsoft-HTTPAPI/2.0
      strict-transport-security:
      - max-age=31536000; includeSubDomains
      x-content-type-options:
      - nosniff
      x-ms-gatewayversion:
      - version=2.14.0
      x-ms-ratelimit-remaining-subscription-writes:
      - '1199'
    status:
      code: 202
      message: Accepted
- request:
    body: null
    headers:
      Accept:
      - '*/*'
      Accept-Encoding:
      - gzip, deflate
      CommandName:
      - cosmosdb gremlin graph create
      Connection:
      - keep-alive
      ParameterSetName:
      - -g -a -d -n -p
      User-Agent:
      - AZURECLI/2.36.0 azsdk-python-mgmt-cosmosdb/7.0.0b2 Python/3.10.4 (Windows-10-10.0.22598-SP0)
    method: GET
    uri: https://management.azure.com/subscriptions/00000000-0000-0000-0000-000000000000/providers/Microsoft.DocumentDB/locations/eastus2/operationsStatus/f87bc479-ab9a-4eea-ae94-c4d262ea1729?api-version=2021-10-15
  response:
    body:
      string: '{"status":"Succeeded"}'
    headers:
      cache-control:
      - no-store, no-cache
      content-length:
      - '22'
      content-type:
      - application/json
      date:
      - Wed, 04 May 2022 00:42:22 GMT
      pragma:
      - no-cache
      server:
      - Microsoft-HTTPAPI/2.0
      strict-transport-security:
      - max-age=31536000; includeSubDomains
      transfer-encoding:
      - chunked
      vary:
      - Accept-Encoding
      x-content-type-options:
      - nosniff
      x-ms-gatewayversion:
      - version=2.14.0
    status:
      code: 200
      message: Ok
- request:
    body: null
    headers:
      Accept:
      - '*/*'
      Accept-Encoding:
      - gzip, deflate
      CommandName:
      - cosmosdb gremlin graph create
      Connection:
      - keep-alive
      ParameterSetName:
      - -g -a -d -n -p
      User-Agent:
      - AZURECLI/2.36.0 azsdk-python-mgmt-cosmosdb/7.0.0b2 Python/3.10.4 (Windows-10-10.0.22598-SP0)
    method: GET
    uri: https://management.azure.com/subscriptions/00000000-0000-0000-0000-000000000000/resourceGroups/cli_test_cosmosdb_gremlin_graph_backupinfo000001/providers/Microsoft.DocumentDB/databaseAccounts/cli000004/gremlinDatabases/cli000003/graphs/cli000002?api-version=2021-10-15
  response:
    body:
      string: '{"id":"/subscriptions/00000000-0000-0000-0000-000000000000/resourceGroups/cli_test_cosmosdb_gremlin_graph_backupinfo000001/providers/Microsoft.DocumentDB/databaseAccounts/cli000004/gremlinDatabases/cli000003/graphs/cli000002","type":"Microsoft.DocumentDB/databaseAccounts/gremlinDatabases/graphs","name":"cli000002","properties":{"resource":{"id":"cli000002","indexingPolicy":{"indexingMode":"consistent","automatic":true,"includedPaths":[{"path":"/*"}],"excludedPaths":[{"path":"/\"_etag\"/?"}]},"partitionKey":{"paths":["/pk"],"kind":"Hash"},"uniqueKeyPolicy":{"uniqueKeys":[]},"conflictResolutionPolicy":{"mode":"LastWriterWins","conflictResolutionPath":"/_ts","conflictResolutionProcedure":""},"backupPolicy":{"type":1},"geospatialConfig":{"type":"Geography"},"_rid":"Xs8mAMKtDQM=","_ts":1651624920,"_self":"dbs/Xs8mAA==/colls/Xs8mAMKtDQM=/","_etag":"\"0000e501-0000-0200-0000-6271cbd80000\"","_docs":"docs/","_sprocs":"sprocs/","_triggers":"triggers/","_udfs":"udfs/","_conflicts":"conflicts/","statistics":[{"id":"0","sizeInKB":0,"documentCount":0,"sampledDistinctPartitionKeyCount":0,"partitionKeys":[]}]}}}'
    headers:
      cache-control:
      - no-store, no-cache
      content-length:
      - '1114'
      content-type:
      - application/json
      date:
      - Wed, 04 May 2022 00:42:22 GMT
      pragma:
      - no-cache
      server:
      - Microsoft-HTTPAPI/2.0
      strict-transport-security:
      - max-age=31536000; includeSubDomains
      transfer-encoding:
      - chunked
      vary:
      - Accept-Encoding
      x-content-type-options:
      - nosniff
      x-ms-gatewayversion:
      - version=2.14.0
    status:
      code: 200
      message: Ok
- request:
    body: null
    headers:
      Accept:
      - application/json
      Accept-Encoding:
      - gzip, deflate
      CommandName:
      - cosmosdb gremlin retrieve-latest-backup-time
      Connection:
      - keep-alive
      ParameterSetName:
      - -g -a -d -n -l
      User-Agent:
      - AZURECLI/2.36.0 azsdk-python-mgmt-cosmosdb/7.0.0b4 Python/3.10.4 (Windows-10-10.0.22598-SP0)
    method: GET
    uri: https://management.azure.com/subscriptions/00000000-0000-0000-0000-000000000000/resourceGroups/cli_test_cosmosdb_gremlin_graph_backupinfo000001/providers/Microsoft.DocumentDB/databaseAccounts/cli000004/gremlinDatabases/cli000003?api-version=2022-02-15-preview
  response:
    body:
      string: '{"id":"/subscriptions/00000000-0000-0000-0000-000000000000/resourceGroups/cli_test_cosmosdb_gremlin_graph_backupinfo000001/providers/Microsoft.DocumentDB/databaseAccounts/cli000004/gremlinDatabases/cli000003","type":"Microsoft.DocumentDB/databaseAccounts/gremlinDatabases","name":"cli000003","properties":{"resource":{"id":"cli000003","_rid":"Xs8mAA==","_self":"dbs/Xs8mAA==/","_etag":"\"0000e201-0000-0200-0000-6271cbb30000\"","_colls":"colls/","_users":"users/","_ts":1651624883}}}'
    headers:
      cache-control:
      - no-store, no-cache
      content-length:
      - '483'
      content-type:
      - application/json
      date:
      - Wed, 04 May 2022 00:42:23 GMT
      pragma:
      - no-cache
      server:
      - Microsoft-HTTPAPI/2.0
      strict-transport-security:
      - max-age=31536000; includeSubDomains
      transfer-encoding:
      - chunked
      vary:
      - Accept-Encoding
      x-content-type-options:
      - nosniff
      x-ms-gatewayversion:
      - version=2.14.0
    status:
      code: 200
      message: Ok
- request:
    body: null
    headers:
      Accept:
      - application/json
      Accept-Encoding:
      - gzip, deflate
      CommandName:
      - cosmosdb gremlin retrieve-latest-backup-time
      Connection:
      - keep-alive
      ParameterSetName:
      - -g -a -d -n -l
      User-Agent:
      - AZURECLI/2.36.0 azsdk-python-mgmt-cosmosdb/7.0.0b4 Python/3.10.4 (Windows-10-10.0.22598-SP0)
    method: GET
    uri: https://management.azure.com/subscriptions/00000000-0000-0000-0000-000000000000/resourceGroups/cli_test_cosmosdb_gremlin_graph_backupinfo000001/providers/Microsoft.DocumentDB/databaseAccounts/cli000004/gremlinDatabases/cli000003/graphs/cli000002?api-version=2022-02-15-preview
  response:
    body:
      string: '{"id":"/subscriptions/00000000-0000-0000-0000-000000000000/resourceGroups/cli_test_cosmosdb_gremlin_graph_backupinfo000001/providers/Microsoft.DocumentDB/databaseAccounts/cli000004/gremlinDatabases/cli000003/graphs/cli000002","type":"Microsoft.DocumentDB/databaseAccounts/gremlinDatabases/graphs","name":"cli000002","properties":{"resource":{"id":"cli000002","indexingPolicy":{"indexingMode":"consistent","automatic":true,"includedPaths":[{"path":"/*"}],"excludedPaths":[{"path":"/\"_etag\"/?"}]},"partitionKey":{"paths":["/pk"],"kind":"Hash"},"uniqueKeyPolicy":{"uniqueKeys":[]},"conflictResolutionPolicy":{"mode":"LastWriterWins","conflictResolutionPath":"/_ts","conflictResolutionProcedure":""},"backupPolicy":{"type":1},"geospatialConfig":{"type":"Geography"},"_rid":"Xs8mAMKtDQM=","_ts":1651624920,"_self":"dbs/Xs8mAA==/colls/Xs8mAMKtDQM=/","_etag":"\"0000e501-0000-0200-0000-6271cbd80000\"","_docs":"docs/","_sprocs":"sprocs/","_triggers":"triggers/","_udfs":"udfs/","_conflicts":"conflicts/","statistics":[{"id":"0","sizeInKB":0,"documentCount":0,"sampledDistinctPartitionKeyCount":0,"partitionKeys":[]}]}}}'
    headers:
      cache-control:
      - no-store, no-cache
      content-length:
      - '1114'
      content-type:
      - application/json
      date:
      - Wed, 04 May 2022 00:42:23 GMT
      pragma:
      - no-cache
      server:
      - Microsoft-HTTPAPI/2.0
      strict-transport-security:
      - max-age=31536000; includeSubDomains
      transfer-encoding:
      - chunked
      vary:
      - Accept-Encoding
      x-content-type-options:
      - nosniff
      x-ms-gatewayversion:
      - version=2.14.0
    status:
      code: 200
      message: Ok
- request:
    body: '{"location": "eastus2"}'
    headers:
      Accept:
      - application/json
      Accept-Encoding:
      - gzip, deflate
      CommandName:
      - cosmosdb gremlin retrieve-latest-backup-time
      Connection:
      - keep-alive
      Content-Length:
      - '23'
      Content-Type:
      - application/json
      ParameterSetName:
      - -g -a -d -n -l
      User-Agent:
      - AZURECLI/2.36.0 azsdk-python-mgmt-cosmosdb/7.0.0b4 Python/3.10.4 (Windows-10-10.0.22598-SP0)
    method: POST
    uri: https://management.azure.com/subscriptions/00000000-0000-0000-0000-000000000000/resourceGroups/cli_test_cosmosdb_gremlin_graph_backupinfo000001/providers/Microsoft.DocumentDB/databaseAccounts/cli000004/gremlinDatabases/cli000003/graphs/cli000002/retrieveContinuousBackupInformation?api-version=2022-02-15-preview
  response:
    body:
      string: '{"status":"Enqueued"}'
    headers:
      cache-control:
      - no-store, no-cache
      content-length:
      - '21'
      content-type:
      - application/json
      date:
      - Wed, 04 May 2022 00:42:24 GMT
      location:
      - https://management.azure.com/subscriptions/00000000-0000-0000-0000-000000000000/resourceGroups/cli_test_cosmosdb_gremlin_graph_backupinfo000001/providers/Microsoft.DocumentDB/databaseAccounts/cli000004/gremlinDatabases/cli000003/graphs/cli000002/retrieveContinuousBackupInformation/operationResults/4e672e1c-8827-43fa-b866-58993cff2bb1?api-version=2022-02-15-preview
      pragma:
      - no-cache
      server:
      - Microsoft-HTTPAPI/2.0
      strict-transport-security:
      - max-age=31536000; includeSubDomains
      x-content-type-options:
      - nosniff
      x-ms-gatewayversion:
      - version=2.14.0
      x-ms-ratelimit-remaining-subscription-writes:
      - '1199'
    status:
      code: 202
      message: Accepted
- request:
    body: null
    headers:
      Accept:
      - '*/*'
      Accept-Encoding:
      - gzip, deflate
      CommandName:
      - cosmosdb gremlin retrieve-latest-backup-time
      Connection:
      - keep-alive
      ParameterSetName:
      - -g -a -d -n -l
      User-Agent:
      - AZURECLI/2.36.0 azsdk-python-mgmt-cosmosdb/7.0.0b4 Python/3.10.4 (Windows-10-10.0.22598-SP0)
    method: GET
    uri: https://management.azure.com/subscriptions/00000000-0000-0000-0000-000000000000/resourceGroups/cli_test_cosmosdb_gremlin_graph_backupinfo000001/providers/Microsoft.DocumentDB/databaseAccounts/cli000004/gremlinDatabases/cli000003/graphs/cli000002/retrieveContinuousBackupInformation/operationResults/4e672e1c-8827-43fa-b866-58993cff2bb1?api-version=2022-02-15-preview
  response:
    body:
      string: '{"continuousBackupInformation":{"latestRestorableTimestamp":"5/4/2022
        12:42:29 AM"}}'
    headers:
      cache-control:
      - no-store, no-cache
      content-length:
      - '84'
      content-type:
      - application/json
      date:
      - Wed, 04 May 2022 00:42:54 GMT
      pragma:
      - no-cache
      server:
      - Microsoft-HTTPAPI/2.0
      strict-transport-security:
      - max-age=31536000; includeSubDomains
      transfer-encoding:
      - chunked
      vary:
      - Accept-Encoding
      x-content-type-options:
      - nosniff
      x-ms-gatewayversion:
      - version=2.14.0
    status:
      code: 200
      message: Ok
- request:
    body: null
    headers:
      Accept:
      - application/json
      Accept-Encoding:
      - gzip, deflate
      CommandName:
      - cosmosdb gremlin retrieve-latest-backup-time
      Connection:
      - keep-alive
      ParameterSetName:
      - -g -a -d -n -l
      User-Agent:
      - AZURECLI/2.36.0 azsdk-python-mgmt-cosmosdb/7.0.0b4 Python/3.10.4 (Windows-10-10.0.22598-SP0)
    method: GET
    uri: https://management.azure.com/subscriptions/00000000-0000-0000-0000-000000000000/resourceGroups/cli_test_cosmosdb_gremlin_graph_backupinfo000001/providers/Microsoft.DocumentDB/databaseAccounts/cli000004/gremlinDatabases/cli000003?api-version=2022-02-15-preview
  response:
    body:
      string: '{"id":"/subscriptions/00000000-0000-0000-0000-000000000000/resourceGroups/cli_test_cosmosdb_gremlin_graph_backupinfo000001/providers/Microsoft.DocumentDB/databaseAccounts/cli000004/gremlinDatabases/cli000003","type":"Microsoft.DocumentDB/databaseAccounts/gremlinDatabases","name":"cli000003","properties":{"resource":{"id":"cli000003","_rid":"Xs8mAA==","_self":"dbs/Xs8mAA==/","_etag":"\"0000e201-0000-0200-0000-6271cbb30000\"","_colls":"colls/","_users":"users/","_ts":1651624883}}}'
    headers:
      cache-control:
      - no-store, no-cache
      content-length:
      - '483'
      content-type:
      - application/json
      date:
      - Wed, 04 May 2022 00:42:55 GMT
      pragma:
      - no-cache
      server:
      - Microsoft-HTTPAPI/2.0
      strict-transport-security:
      - max-age=31536000; includeSubDomains
      transfer-encoding:
      - chunked
      vary:
      - Accept-Encoding
      x-content-type-options:
      - nosniff
      x-ms-gatewayversion:
      - version=2.14.0
    status:
      code: 200
      message: Ok
- request:
    body: null
    headers:
      Accept:
      - application/json
      Accept-Encoding:
      - gzip, deflate
      CommandName:
      - cosmosdb gremlin retrieve-latest-backup-time
      Connection:
      - keep-alive
      ParameterSetName:
      - -g -a -d -n -l
      User-Agent:
      - AZURECLI/2.36.0 azsdk-python-mgmt-cosmosdb/7.0.0b4 Python/3.10.4 (Windows-10-10.0.22598-SP0)
    method: GET
    uri: https://management.azure.com/subscriptions/00000000-0000-0000-0000-000000000000/resourceGroups/cli_test_cosmosdb_gremlin_graph_backupinfo000001/providers/Microsoft.DocumentDB/databaseAccounts/cli000004/gremlinDatabases/cli000003/graphs/cli000002?api-version=2022-02-15-preview
  response:
    body:
      string: '{"id":"/subscriptions/00000000-0000-0000-0000-000000000000/resourceGroups/cli_test_cosmosdb_gremlin_graph_backupinfo000001/providers/Microsoft.DocumentDB/databaseAccounts/cli000004/gremlinDatabases/cli000003/graphs/cli000002","type":"Microsoft.DocumentDB/databaseAccounts/gremlinDatabases/graphs","name":"cli000002","properties":{"resource":{"id":"cli000002","indexingPolicy":{"indexingMode":"consistent","automatic":true,"includedPaths":[{"path":"/*"}],"excludedPaths":[{"path":"/\"_etag\"/?"}]},"partitionKey":{"paths":["/pk"],"kind":"Hash"},"uniqueKeyPolicy":{"uniqueKeys":[]},"conflictResolutionPolicy":{"mode":"LastWriterWins","conflictResolutionPath":"/_ts","conflictResolutionProcedure":""},"backupPolicy":{"type":1},"geospatialConfig":{"type":"Geography"},"_rid":"Xs8mAMKtDQM=","_ts":1651624920,"_self":"dbs/Xs8mAA==/colls/Xs8mAMKtDQM=/","_etag":"\"0000e501-0000-0200-0000-6271cbd80000\"","_docs":"docs/","_sprocs":"sprocs/","_triggers":"triggers/","_udfs":"udfs/","_conflicts":"conflicts/","statistics":[{"id":"0","sizeInKB":0,"documentCount":0,"sampledDistinctPartitionKeyCount":0,"partitionKeys":[]}]}}}'
    headers:
      cache-control:
      - no-store, no-cache
      content-length:
      - '1114'
      content-type:
      - application/json
      date:
      - Wed, 04 May 2022 00:42:55 GMT
      pragma:
      - no-cache
      server:
      - Microsoft-HTTPAPI/2.0
      strict-transport-security:
      - max-age=31536000; includeSubDomains
      transfer-encoding:
      - chunked
      vary:
      - Accept-Encoding
      x-content-type-options:
      - nosniff
      x-ms-gatewayversion:
      - version=2.14.0
    status:
      code: 200
      message: Ok
- request:
    body: '{"location": "eastus2"}'
    headers:
      Accept:
      - application/json
      Accept-Encoding:
      - gzip, deflate
      CommandName:
      - cosmosdb gremlin retrieve-latest-backup-time
      Connection:
      - keep-alive
      Content-Length:
      - '23'
      Content-Type:
      - application/json
      ParameterSetName:
      - -g -a -d -n -l
      User-Agent:
      - AZURECLI/2.36.0 azsdk-python-mgmt-cosmosdb/7.0.0b4 Python/3.10.4 (Windows-10-10.0.22598-SP0)
    method: POST
    uri: https://management.azure.com/subscriptions/00000000-0000-0000-0000-000000000000/resourceGroups/cli_test_cosmosdb_gremlin_graph_backupinfo000001/providers/Microsoft.DocumentDB/databaseAccounts/cli000004/gremlinDatabases/cli000003/graphs/cli000002/retrieveContinuousBackupInformation?api-version=2022-02-15-preview
  response:
    body:
      string: '{"status":"Enqueued"}'
    headers:
      cache-control:
      - no-store, no-cache
      content-length:
      - '21'
      content-type:
      - application/json
      date:
      - Wed, 04 May 2022 00:42:55 GMT
      location:
      - https://management.azure.com/subscriptions/00000000-0000-0000-0000-000000000000/resourceGroups/cli_test_cosmosdb_gremlin_graph_backupinfo000001/providers/Microsoft.DocumentDB/databaseAccounts/cli000004/gremlinDatabases/cli000003/graphs/cli000002/retrieveContinuousBackupInformation/operationResults/e370919f-8330-4030-bdb4-885f98151b3e?api-version=2022-02-15-preview
      pragma:
      - no-cache
      server:
      - Microsoft-HTTPAPI/2.0
      strict-transport-security:
      - max-age=31536000; includeSubDomains
      x-content-type-options:
      - nosniff
      x-ms-gatewayversion:
      - version=2.14.0
      x-ms-ratelimit-remaining-subscription-writes:
      - '1199'
    status:
      code: 202
      message: Accepted
- request:
    body: null
    headers:
      Accept:
      - '*/*'
      Accept-Encoding:
      - gzip, deflate
      CommandName:
      - cosmosdb gremlin retrieve-latest-backup-time
      Connection:
      - keep-alive
      ParameterSetName:
      - -g -a -d -n -l
      User-Agent:
      - AZURECLI/2.36.0 azsdk-python-mgmt-cosmosdb/7.0.0b4 Python/3.10.4 (Windows-10-10.0.22598-SP0)
    method: GET
    uri: https://management.azure.com/subscriptions/00000000-0000-0000-0000-000000000000/resourceGroups/cli_test_cosmosdb_gremlin_graph_backupinfo000001/providers/Microsoft.DocumentDB/databaseAccounts/cli000004/gremlinDatabases/cli000003/graphs/cli000002/retrieveContinuousBackupInformation/operationResults/e370919f-8330-4030-bdb4-885f98151b3e?api-version=2022-02-15-preview
  response:
    body:
      string: '{"continuousBackupInformation":{"latestRestorableTimestamp":"5/4/2022
        12:43:01 AM"}}'
    headers:
      cache-control:
      - no-store, no-cache
      content-length:
      - '84'
      content-type:
      - application/json
      date:
      - Wed, 04 May 2022 00:43:26 GMT
      pragma:
      - no-cache
      server:
      - Microsoft-HTTPAPI/2.0
      strict-transport-security:
      - max-age=31536000; includeSubDomains
      transfer-encoding:
      - chunked
      vary:
      - Accept-Encoding
      x-content-type-options:
      - nosniff
      x-ms-gatewayversion:
      - version=2.14.0
    status:
      code: 200
      message: Ok
- request:
    body: null
    headers:
      Accept:
      - application/json
      Accept-Encoding:
      - gzip, deflate
      CommandName:
      - cosmosdb gremlin retrieve-latest-backup-time
      Connection:
      - keep-alive
      ParameterSetName:
      - -g -a -d -n -l
      User-Agent:
      - AZURECLI/2.36.0 azsdk-python-mgmt-cosmosdb/7.0.0b4 Python/3.10.4 (Windows-10-10.0.22598-SP0)
    method: GET
    uri: https://management.azure.com/subscriptions/00000000-0000-0000-0000-000000000000/resourceGroups/cli_test_cosmosdb_gremlin_graph_backupinfo000001/providers/Microsoft.DocumentDB/databaseAccounts/cli000004/gremlinDatabases/cli000003?api-version=2022-02-15-preview
  response:
    body:
      string: '{"id":"/subscriptions/00000000-0000-0000-0000-000000000000/resourceGroups/cli_test_cosmosdb_gremlin_graph_backupinfo000001/providers/Microsoft.DocumentDB/databaseAccounts/cli000004/gremlinDatabases/cli000003","type":"Microsoft.DocumentDB/databaseAccounts/gremlinDatabases","name":"cli000003","properties":{"resource":{"id":"cli000003","_rid":"Xs8mAA==","_self":"dbs/Xs8mAA==/","_etag":"\"0000e201-0000-0200-0000-6271cbb30000\"","_colls":"colls/","_users":"users/","_ts":1651624883}}}'
    headers:
      cache-control:
      - no-store, no-cache
      content-length:
      - '483'
      content-type:
      - application/json
      date:
      - Wed, 04 May 2022 00:43:26 GMT
      pragma:
      - no-cache
      server:
      - Microsoft-HTTPAPI/2.0
      strict-transport-security:
      - max-age=31536000; includeSubDomains
      transfer-encoding:
      - chunked
      vary:
      - Accept-Encoding
      x-content-type-options:
      - nosniff
      x-ms-gatewayversion:
      - version=2.14.0
    status:
      code: 200
      message: Ok
- request:
    body: null
    headers:
      Accept:
      - application/json
      Accept-Encoding:
      - gzip, deflate
      CommandName:
      - cosmosdb gremlin retrieve-latest-backup-time
      Connection:
      - keep-alive
      ParameterSetName:
      - -g -a -d -n -l
      User-Agent:
      - AZURECLI/2.36.0 azsdk-python-mgmt-cosmosdb/7.0.0b4 Python/3.10.4 (Windows-10-10.0.22598-SP0)
    method: GET
    uri: https://management.azure.com/subscriptions/00000000-0000-0000-0000-000000000000/resourceGroups/cli_test_cosmosdb_gremlin_graph_backupinfo000001/providers/Microsoft.DocumentDB/databaseAccounts/cli000004/gremlinDatabases/cli000003/graphs/cli000002?api-version=2022-02-15-preview
  response:
    body:
      string: '{"id":"/subscriptions/00000000-0000-0000-0000-000000000000/resourceGroups/cli_test_cosmosdb_gremlin_graph_backupinfo000001/providers/Microsoft.DocumentDB/databaseAccounts/cli000004/gremlinDatabases/cli000003/graphs/cli000002","type":"Microsoft.DocumentDB/databaseAccounts/gremlinDatabases/graphs","name":"cli000002","properties":{"resource":{"id":"cli000002","indexingPolicy":{"indexingMode":"consistent","automatic":true,"includedPaths":[{"path":"/*"}],"excludedPaths":[{"path":"/\"_etag\"/?"}]},"partitionKey":{"paths":["/pk"],"kind":"Hash"},"uniqueKeyPolicy":{"uniqueKeys":[]},"conflictResolutionPolicy":{"mode":"LastWriterWins","conflictResolutionPath":"/_ts","conflictResolutionProcedure":""},"backupPolicy":{"type":1},"geospatialConfig":{"type":"Geography"},"_rid":"Xs8mAMKtDQM=","_ts":1651624920,"_self":"dbs/Xs8mAA==/colls/Xs8mAMKtDQM=/","_etag":"\"0000e501-0000-0200-0000-6271cbd80000\"","_docs":"docs/","_sprocs":"sprocs/","_triggers":"triggers/","_udfs":"udfs/","_conflicts":"conflicts/","statistics":[{"id":"0","sizeInKB":0,"documentCount":0,"sampledDistinctPartitionKeyCount":0,"partitionKeys":[]}]}}}'
    headers:
      cache-control:
      - no-store, no-cache
      content-length:
      - '1114'
      content-type:
      - application/json
      date:
      - Wed, 04 May 2022 00:43:27 GMT
      pragma:
      - no-cache
      server:
      - Microsoft-HTTPAPI/2.0
      strict-transport-security:
      - max-age=31536000; includeSubDomains
      transfer-encoding:
      - chunked
      vary:
      - Accept-Encoding
      x-content-type-options:
      - nosniff
      x-ms-gatewayversion:
      - version=2.14.0
    status:
      code: 200
      message: Ok
- request:
    body: '{"location": "eastus2"}'
    headers:
      Accept:
      - application/json
      Accept-Encoding:
      - gzip, deflate
      CommandName:
      - cosmosdb gremlin retrieve-latest-backup-time
      Connection:
      - keep-alive
      Content-Length:
      - '23'
      Content-Type:
      - application/json
      ParameterSetName:
      - -g -a -d -n -l
      User-Agent:
      - AZURECLI/2.36.0 azsdk-python-mgmt-cosmosdb/7.0.0b4 Python/3.10.4 (Windows-10-10.0.22598-SP0)
    method: POST
    uri: https://management.azure.com/subscriptions/00000000-0000-0000-0000-000000000000/resourceGroups/cli_test_cosmosdb_gremlin_graph_backupinfo000001/providers/Microsoft.DocumentDB/databaseAccounts/cli000004/gremlinDatabases/cli000003/graphs/cli000002/retrieveContinuousBackupInformation?api-version=2022-02-15-preview
  response:
    body:
      string: '{"status":"Enqueued"}'
    headers:
      cache-control:
      - no-store, no-cache
      content-length:
      - '21'
      content-type:
      - application/json
      date:
      - Wed, 04 May 2022 00:43:27 GMT
      location:
      - https://management.azure.com/subscriptions/00000000-0000-0000-0000-000000000000/resourceGroups/cli_test_cosmosdb_gremlin_graph_backupinfo000001/providers/Microsoft.DocumentDB/databaseAccounts/cli000004/gremlinDatabases/cli000003/graphs/cli000002/retrieveContinuousBackupInformation/operationResults/9f59441c-4d31-41e0-851a-485569270bfd?api-version=2022-02-15-preview
      pragma:
      - no-cache
      server:
      - Microsoft-HTTPAPI/2.0
      strict-transport-security:
      - max-age=31536000; includeSubDomains
      x-content-type-options:
      - nosniff
      x-ms-gatewayversion:
      - version=2.14.0
      x-ms-ratelimit-remaining-subscription-writes:
      - '1199'
    status:
      code: 202
      message: Accepted
- request:
    body: null
    headers:
      Accept:
      - '*/*'
      Accept-Encoding:
      - gzip, deflate
      CommandName:
      - cosmosdb gremlin retrieve-latest-backup-time
      Connection:
      - keep-alive
      ParameterSetName:
      - -g -a -d -n -l
      User-Agent:
      - AZURECLI/2.36.0 azsdk-python-mgmt-cosmosdb/7.0.0b4 Python/3.10.4 (Windows-10-10.0.22598-SP0)
    method: GET
    uri: https://management.azure.com/subscriptions/00000000-0000-0000-0000-000000000000/resourceGroups/cli_test_cosmosdb_gremlin_graph_backupinfo000001/providers/Microsoft.DocumentDB/databaseAccounts/cli000004/gremlinDatabases/cli000003/graphs/cli000002/retrieveContinuousBackupInformation/operationResults/9f59441c-4d31-41e0-851a-485569270bfd?api-version=2022-02-15-preview
  response:
    body:
      string: '{"continuousBackupInformation":{"latestRestorableTimestamp":"5/4/2022
        12:43:32 AM"}}'
    headers:
      cache-control:
      - no-store, no-cache
      content-length:
      - '84'
      content-type:
      - application/json
      date:
      - Wed, 04 May 2022 00:43:57 GMT
      pragma:
      - no-cache
      server:
      - Microsoft-HTTPAPI/2.0
      strict-transport-security:
      - max-age=31536000; includeSubDomains
      transfer-encoding:
      - chunked
      vary:
      - Accept-Encoding
      x-content-type-options:
      - nosniff
      x-ms-gatewayversion:
      - version=2.14.0
    status:
      code: 200
      message: Ok
version: 1
