interactions:
- request:
    body: null
    headers:
      Accept:
      - application/json
      Accept-Encoding:
      - gzip, deflate
      CommandName:
      - cosmosdb create
      Connection:
      - keep-alive
      ParameterSetName:
      - -n -g --kind --capabilities
      User-Agent:
      - AZURECLI/2.46.0 azsdk-python-azure-mgmt-resource/21.1.0b1 Python/3.10.2 (Windows-10-10.0.19045-SP0)
    method: GET
    uri: https://eastus2euap.management.azure.com/subscriptions/00000000-0000-0000-0000-000000000000/resourcegroups/cli_test_cosmosdb_mongodb_role000001?api-version=2021-04-01
  response:
    body:
      string: '{"id":"/subscriptions/00000000-0000-0000-0000-000000000000/resourceGroups/cli_test_cosmosdb_mongodb_role000001","name":"cli_test_cosmosdb_mongodb_role000001","type":"Microsoft.Resources/resourceGroups","location":"westus2","tags":{"product":"azurecli","cause":"automation","date":"2023-04-06T12:31:13Z"},"properties":{"provisioningState":"Succeeded"}}'
    headers:
      cache-control:
      - no-cache
      content-length:
      - '351'
      content-type:
      - application/json; charset=utf-8
      date:
      - Thu, 06 Apr 2023 12:31:18 GMT
      expires:
      - '-1'
      pragma:
      - no-cache
      strict-transport-security:
      - max-age=31536000; includeSubDomains
      vary:
      - Accept-Encoding
      x-content-type-options:
      - nosniff
    status:
      code: 200
      message: OK
- request:
    body: '{"location": "westus2", "kind": "MongoDB", "properties": {"locations":
      [{"locationName": "westus2", "failoverPriority": 0, "isZoneRedundant": false}],
      "databaseAccountOfferType": "Standard", "capabilities": [{"name": "EnableMongoRoleBasedAccessControl"}],
      "apiProperties": {}, "createMode": "Default"}}'
    headers:
      Accept:
      - application/json
      Accept-Encoding:
      - gzip, deflate
      CommandName:
      - cosmosdb create
      Connection:
      - keep-alive
      Content-Length:
      - '302'
      Content-Type:
      - application/json
      ParameterSetName:
      - -n -g --kind --capabilities
      User-Agent:
      - AZURECLI/2.46.0 azsdk-python-mgmt-cosmosdb/0.7.0 Python/3.10.2 (Windows-10-10.0.19045-SP0)
    method: PUT
    uri: https://eastus2euap.management.azure.com/subscriptions/00000000-0000-0000-0000-000000000000/resourceGroups/cli_test_cosmosdb_mongodb_role000001/providers/Microsoft.DocumentDB/databaseAccounts/cli000002?api-version=2023-03-01-preview
  response:
    body:
      string: '{"id":"/subscriptions/00000000-0000-0000-0000-000000000000/resourceGroups/cli_test_cosmosdb_mongodb_role000001/providers/Microsoft.DocumentDB/databaseAccounts/cli000002","name":"cli000002","location":"West
        US 2","type":"Microsoft.DocumentDB/databaseAccounts","kind":"MongoDB","tags":{},"systemData":{"createdAt":"2023-04-06T12:31:29.5095422Z"},"properties":{"provisioningState":"Creating","publicNetworkAccess":"Enabled","enableAutomaticFailover":false,"enableMultipleWriteLocations":false,"enablePartitionKeyMonitor":false,"isVirtualNetworkFilterEnabled":false,"virtualNetworkRules":[],"EnabledApiTypes":"MongoDB","disableKeyBasedMetadataWriteAccess":false,"enableFreeTier":false,"enableAnalyticalStorage":false,"analyticalStorageConfiguration":{"schemaType":"FullFidelity"},"instanceId":"feb5d517-35b9-4704-abe3-1ae6abbe2a86","databaseAccountOfferType":"Standard","enableMaterializedViews":false,"defaultIdentity":"","networkAclBypass":"None","disableLocalAuth":false,"enablePartitionMerge":false,"enableBurstCapacity":false,"minimalTlsVersion":"Tls12","consistencyPolicy":{"defaultConsistencyLevel":"Session","maxIntervalInSeconds":5,"maxStalenessPrefix":100},"apiProperties":{"serverVersion":"3.6"},"configurationOverrides":{},"writeLocations":[{"id":"cli000002-westus2","locationName":"West
        US 2","provisioningState":"Creating","failoverPriority":0,"isZoneRedundant":false}],"readLocations":[{"id":"cli000002-westus2","locationName":"West
        US 2","provisioningState":"Creating","failoverPriority":0,"isZoneRedundant":false}],"locations":[{"id":"cli000002-westus2","locationName":"West
        US 2","provisioningState":"Creating","failoverPriority":0,"isZoneRedundant":false}],"failoverPolicies":[{"id":"cli000002-westus2","locationName":"West
        US 2","failoverPriority":0}],"cors":[],"capabilities":[{"name":"EnableMongoRoleBasedAccessControl"},{"name":"EnableMongo"}],"ipRules":[],"backupPolicy":{"type":"Periodic","periodicModeProperties":{"backupIntervalInMinutes":240,"backupRetentionIntervalInHours":8,"backupStorageRedundancy":"Invalid"}},"networkAclBypassResourceIds":[],"diagnosticLogSettings":{"enableFullTextQuery":"None"},"keysMetadata":{"primaryMasterKey":{"generationTime":"2023-04-06T12:31:29.5095422Z"},"secondaryMasterKey":{"generationTime":"2023-04-06T12:31:29.5095422Z"},"primaryReadonlyMasterKey":{"generationTime":"2023-04-06T12:31:29.5095422Z"},"secondaryReadonlyMasterKey":{"generationTime":"2023-04-06T12:31:29.5095422Z"}}},"identity":{"type":"None"}}'
    headers:
      azure-asyncoperation:
      - https://eastus2euap.management.azure.com/subscriptions/00000000-0000-0000-0000-000000000000/providers/Microsoft.DocumentDB/locations/westus2/operationsStatus/b7ef98b7-e4af-4f0d-9710-2bc6d15d13e5?api-version=2023-03-01-preview
      cache-control:
      - no-store, no-cache
      content-length:
      - '2468'
      content-type:
      - application/json
      date:
      - Thu, 06 Apr 2023 12:31:32 GMT
      location:
      - https://eastus2euap.management.azure.com/subscriptions/00000000-0000-0000-0000-000000000000/resourceGroups/cli_test_cosmosdb_mongodb_role000001/providers/Microsoft.DocumentDB/databaseAccounts/cli000002/operationResults/b7ef98b7-e4af-4f0d-9710-2bc6d15d13e5?api-version=2023-03-01-preview
      pragma:
      - no-cache
      server:
      - Microsoft-HTTPAPI/2.0
      strict-transport-security:
      - max-age=31536000; includeSubDomains
      transfer-encoding:
      - chunked
      vary:
      - Accept-Encoding
      x-content-type-options:
      - nosniff
      x-ms-gatewayversion:
      - version=2.14.0
      x-ms-ratelimit-remaining-subscription-writes:
      - '1191'
    status:
      code: 200
      message: Ok
- request:
    body: null
    headers:
      Accept:
      - '*/*'
      Accept-Encoding:
      - gzip, deflate
      CommandName:
      - cosmosdb create
      Connection:
      - keep-alive
      ParameterSetName:
      - -n -g --kind --capabilities
      User-Agent:
      - AZURECLI/2.46.0 azsdk-python-mgmt-cosmosdb/0.7.0 Python/3.10.2 (Windows-10-10.0.19045-SP0)
    method: GET
    uri: https://eastus2euap.management.azure.com/subscriptions/00000000-0000-0000-0000-000000000000/providers/Microsoft.DocumentDB/locations/westus2/operationsStatus/b7ef98b7-e4af-4f0d-9710-2bc6d15d13e5?api-version=2023-03-01-preview
  response:
    body:
      string: '{"status":"Enqueued"}'
    headers:
      cache-control:
      - no-store, no-cache
      content-length:
      - '21'
      content-type:
      - application/json
      date:
      - Thu, 06 Apr 2023 12:31:32 GMT
      pragma:
      - no-cache
      server:
      - Microsoft-HTTPAPI/2.0
      strict-transport-security:
      - max-age=31536000; includeSubDomains
      transfer-encoding:
      - chunked
      vary:
      - Accept-Encoding
      x-content-type-options:
      - nosniff
      x-ms-gatewayversion:
      - version=2.14.0
    status:
      code: 200
      message: Ok
- request:
    body: null
    headers:
      Accept:
      - '*/*'
      Accept-Encoding:
      - gzip, deflate
      CommandName:
      - cosmosdb create
      Connection:
      - keep-alive
      ParameterSetName:
      - -n -g --kind --capabilities
      User-Agent:
      - AZURECLI/2.46.0 azsdk-python-mgmt-cosmosdb/0.7.0 Python/3.10.2 (Windows-10-10.0.19045-SP0)
    method: GET
    uri: https://eastus2euap.management.azure.com/subscriptions/00000000-0000-0000-0000-000000000000/providers/Microsoft.DocumentDB/locations/westus2/operationsStatus/b7ef98b7-e4af-4f0d-9710-2bc6d15d13e5?api-version=2023-03-01-preview
  response:
    body:
      string: '{"status":"Dequeued"}'
    headers:
      cache-control:
      - no-store, no-cache
      content-length:
      - '21'
      content-type:
      - application/json
      date:
      - Thu, 06 Apr 2023 12:32:03 GMT
      pragma:
      - no-cache
      server:
      - Microsoft-HTTPAPI/2.0
      strict-transport-security:
      - max-age=31536000; includeSubDomains
      transfer-encoding:
      - chunked
      vary:
      - Accept-Encoding
      x-content-type-options:
      - nosniff
      x-ms-gatewayversion:
      - version=2.14.0
    status:
      code: 200
      message: Ok
- request:
    body: null
    headers:
      Accept:
      - '*/*'
      Accept-Encoding:
      - gzip, deflate
      CommandName:
      - cosmosdb create
      Connection:
      - keep-alive
      ParameterSetName:
      - -n -g --kind --capabilities
      User-Agent:
      - AZURECLI/2.46.0 azsdk-python-mgmt-cosmosdb/0.7.0 Python/3.10.2 (Windows-10-10.0.19045-SP0)
    method: GET
    uri: https://eastus2euap.management.azure.com/subscriptions/00000000-0000-0000-0000-000000000000/providers/Microsoft.DocumentDB/locations/westus2/operationsStatus/b7ef98b7-e4af-4f0d-9710-2bc6d15d13e5?api-version=2023-03-01-preview
  response:
    body:
      string: '{"status":"Dequeued"}'
    headers:
      cache-control:
      - no-store, no-cache
      content-length:
      - '21'
      content-type:
      - application/json
      date:
      - Thu, 06 Apr 2023 12:32:33 GMT
      pragma:
      - no-cache
      server:
      - Microsoft-HTTPAPI/2.0
      strict-transport-security:
      - max-age=31536000; includeSubDomains
      transfer-encoding:
      - chunked
      vary:
      - Accept-Encoding
      x-content-type-options:
      - nosniff
      x-ms-gatewayversion:
      - version=2.14.0
    status:
      code: 200
      message: Ok
- request:
    body: null
    headers:
      Accept:
      - '*/*'
      Accept-Encoding:
      - gzip, deflate
      CommandName:
      - cosmosdb create
      Connection:
      - keep-alive
      ParameterSetName:
      - -n -g --kind --capabilities
      User-Agent:
      - AZURECLI/2.46.0 azsdk-python-mgmt-cosmosdb/0.7.0 Python/3.10.2 (Windows-10-10.0.19045-SP0)
    method: GET
    uri: https://eastus2euap.management.azure.com/subscriptions/00000000-0000-0000-0000-000000000000/providers/Microsoft.DocumentDB/locations/westus2/operationsStatus/b7ef98b7-e4af-4f0d-9710-2bc6d15d13e5?api-version=2023-03-01-preview
  response:
    body:
      string: '{"status":"Dequeued"}'
    headers:
      cache-control:
      - no-store, no-cache
      content-length:
      - '21'
      content-type:
      - application/json
      date:
      - Thu, 06 Apr 2023 12:33:03 GMT
      pragma:
      - no-cache
      server:
      - Microsoft-HTTPAPI/2.0
      strict-transport-security:
      - max-age=31536000; includeSubDomains
      transfer-encoding:
      - chunked
      vary:
      - Accept-Encoding
      x-content-type-options:
      - nosniff
      x-ms-gatewayversion:
      - version=2.14.0
    status:
      code: 200
      message: Ok
- request:
    body: null
    headers:
      Accept:
      - '*/*'
      Accept-Encoding:
      - gzip, deflate
      CommandName:
      - cosmosdb create
      Connection:
      - keep-alive
      ParameterSetName:
      - -n -g --kind --capabilities
      User-Agent:
      - AZURECLI/2.46.0 azsdk-python-mgmt-cosmosdb/0.7.0 Python/3.10.2 (Windows-10-10.0.19045-SP0)
    method: GET
    uri: https://eastus2euap.management.azure.com/subscriptions/00000000-0000-0000-0000-000000000000/providers/Microsoft.DocumentDB/locations/westus2/operationsStatus/b7ef98b7-e4af-4f0d-9710-2bc6d15d13e5?api-version=2023-03-01-preview
  response:
    body:
      string: '{"status":"Dequeued"}'
    headers:
      cache-control:
      - no-store, no-cache
      content-length:
      - '21'
      content-type:
      - application/json
      date:
      - Thu, 06 Apr 2023 12:33:33 GMT
      pragma:
      - no-cache
      server:
      - Microsoft-HTTPAPI/2.0
      strict-transport-security:
      - max-age=31536000; includeSubDomains
      transfer-encoding:
      - chunked
      vary:
      - Accept-Encoding
      x-content-type-options:
      - nosniff
      x-ms-gatewayversion:
      - version=2.14.0
    status:
      code: 200
      message: Ok
- request:
    body: null
    headers:
      Accept:
      - '*/*'
      Accept-Encoding:
      - gzip, deflate
      CommandName:
      - cosmosdb create
      Connection:
      - keep-alive
      ParameterSetName:
      - -n -g --kind --capabilities
      User-Agent:
      - AZURECLI/2.46.0 azsdk-python-mgmt-cosmosdb/0.7.0 Python/3.10.2 (Windows-10-10.0.19045-SP0)
    method: GET
    uri: https://eastus2euap.management.azure.com/subscriptions/00000000-0000-0000-0000-000000000000/providers/Microsoft.DocumentDB/locations/westus2/operationsStatus/b7ef98b7-e4af-4f0d-9710-2bc6d15d13e5?api-version=2023-03-01-preview
  response:
    body:
      string: '{"status":"Dequeued"}'
    headers:
      cache-control:
      - no-store, no-cache
      content-length:
      - '21'
      content-type:
      - application/json
      date:
      - Thu, 06 Apr 2023 12:34:04 GMT
      pragma:
      - no-cache
      server:
      - Microsoft-HTTPAPI/2.0
      strict-transport-security:
      - max-age=31536000; includeSubDomains
      transfer-encoding:
      - chunked
      vary:
      - Accept-Encoding
      x-content-type-options:
      - nosniff
      x-ms-gatewayversion:
      - version=2.14.0
    status:
      code: 200
      message: Ok
- request:
    body: null
    headers:
      Accept:
      - '*/*'
      Accept-Encoding:
      - gzip, deflate
      CommandName:
      - cosmosdb create
      Connection:
      - keep-alive
      ParameterSetName:
      - -n -g --kind --capabilities
      User-Agent:
      - AZURECLI/2.46.0 azsdk-python-mgmt-cosmosdb/0.7.0 Python/3.10.2 (Windows-10-10.0.19045-SP0)
    method: GET
    uri: https://eastus2euap.management.azure.com/subscriptions/00000000-0000-0000-0000-000000000000/providers/Microsoft.DocumentDB/locations/westus2/operationsStatus/b7ef98b7-e4af-4f0d-9710-2bc6d15d13e5?api-version=2023-03-01-preview
  response:
    body:
      string: '{"status":"Dequeued"}'
    headers:
      cache-control:
      - no-store, no-cache
      content-length:
      - '21'
      content-type:
      - application/json
      date:
      - Thu, 06 Apr 2023 12:34:34 GMT
      pragma:
      - no-cache
      server:
      - Microsoft-HTTPAPI/2.0
      strict-transport-security:
      - max-age=31536000; includeSubDomains
      transfer-encoding:
      - chunked
      vary:
      - Accept-Encoding
      x-content-type-options:
      - nosniff
      x-ms-gatewayversion:
      - version=2.14.0
    status:
      code: 200
      message: Ok
- request:
    body: null
    headers:
      Accept:
      - '*/*'
      Accept-Encoding:
      - gzip, deflate
      CommandName:
      - cosmosdb create
      Connection:
      - keep-alive
      ParameterSetName:
      - -n -g --kind --capabilities
      User-Agent:
      - AZURECLI/2.46.0 azsdk-python-mgmt-cosmosdb/0.7.0 Python/3.10.2 (Windows-10-10.0.19045-SP0)
    method: GET
    uri: https://eastus2euap.management.azure.com/subscriptions/00000000-0000-0000-0000-000000000000/providers/Microsoft.DocumentDB/locations/westus2/operationsStatus/b7ef98b7-e4af-4f0d-9710-2bc6d15d13e5?api-version=2023-03-01-preview
  response:
    body:
      string: '{"status":"Succeeded"}'
    headers:
      cache-control:
      - no-store, no-cache
      content-length:
      - '22'
      content-type:
      - application/json
      date:
      - Thu, 06 Apr 2023 12:35:04 GMT
      pragma:
      - no-cache
      server:
      - Microsoft-HTTPAPI/2.0
      strict-transport-security:
      - max-age=31536000; includeSubDomains
      transfer-encoding:
      - chunked
      vary:
      - Accept-Encoding
      x-content-type-options:
      - nosniff
      x-ms-gatewayversion:
      - version=2.14.0
    status:
      code: 200
      message: Ok
- request:
    body: null
    headers:
      Accept:
      - '*/*'
      Accept-Encoding:
      - gzip, deflate
      CommandName:
      - cosmosdb create
      Connection:
      - keep-alive
      ParameterSetName:
      - -n -g --kind --capabilities
      User-Agent:
      - AZURECLI/2.46.0 azsdk-python-mgmt-cosmosdb/0.7.0 Python/3.10.2 (Windows-10-10.0.19045-SP0)
    method: GET
    uri: https://eastus2euap.management.azure.com/subscriptions/00000000-0000-0000-0000-000000000000/resourceGroups/cli_test_cosmosdb_mongodb_role000001/providers/Microsoft.DocumentDB/databaseAccounts/cli000002?api-version=2023-03-01-preview
  response:
    body:
      string: '{"id":"/subscriptions/00000000-0000-0000-0000-000000000000/resourceGroups/cli_test_cosmosdb_mongodb_role000001/providers/Microsoft.DocumentDB/databaseAccounts/cli000002","name":"cli000002","location":"West
        US 2","type":"Microsoft.DocumentDB/databaseAccounts","kind":"MongoDB","tags":{},"systemData":{"createdAt":"2023-04-06T12:34:12.4723301Z"},"properties":{"provisioningState":"Succeeded","documentEndpoint":"https://cli000002.documents.azure.com:443/","sqlEndpoint":"https://cli000002.documents.azure.com:443/","mongoEndpoint":"https://cli000002.mongo.cosmos.azure.com:443/","publicNetworkAccess":"Enabled","enableAutomaticFailover":false,"enableMultipleWriteLocations":false,"enablePartitionKeyMonitor":false,"isVirtualNetworkFilterEnabled":false,"virtualNetworkRules":[],"EnabledApiTypes":"MongoDB","disableKeyBasedMetadataWriteAccess":false,"enableFreeTier":false,"enableAnalyticalStorage":false,"analyticalStorageConfiguration":{"schemaType":"FullFidelity"},"instanceId":"feb5d517-35b9-4704-abe3-1ae6abbe2a86","databaseAccountOfferType":"Standard","enableMaterializedViews":false,"defaultIdentity":"FirstPartyIdentity","networkAclBypass":"None","disableLocalAuth":false,"enablePartitionMerge":false,"enableBurstCapacity":false,"minimalTlsVersion":"Tls12","consistencyPolicy":{"defaultConsistencyLevel":"Session","maxIntervalInSeconds":5,"maxStalenessPrefix":100},"apiProperties":{"serverVersion":"3.6"},"configurationOverrides":{"EnableBsonSchema":"True"},"writeLocations":[{"id":"cli000002-westus2","locationName":"West
        US 2","documentEndpoint":"https://cli000002-westus2.documents.azure.com:443/","provisioningState":"Succeeded","failoverPriority":0,"isZoneRedundant":false}],"readLocations":[{"id":"cli000002-westus2","locationName":"West
        US 2","documentEndpoint":"https://cli000002-westus2.documents.azure.com:443/","provisioningState":"Succeeded","failoverPriority":0,"isZoneRedundant":false}],"locations":[{"id":"cli000002-westus2","locationName":"West
        US 2","documentEndpoint":"https://cli000002-westus2.documents.azure.com:443/","provisioningState":"Succeeded","failoverPriority":0,"isZoneRedundant":false}],"failoverPolicies":[{"id":"cli000002-westus2","locationName":"West
        US 2","failoverPriority":0}],"cors":[],"capabilities":[{"name":"EnableMongoRoleBasedAccessControl"},{"name":"EnableMongo"}],"ipRules":[],"backupPolicy":{"type":"Periodic","periodicModeProperties":{"backupIntervalInMinutes":240,"backupRetentionIntervalInHours":8,"backupStorageRedundancy":"Geo"}},"networkAclBypassResourceIds":[],"diagnosticLogSettings":{"enableFullTextQuery":"None"},"keysMetadata":{"primaryMasterKey":{"generationTime":"2023-04-06T12:34:12.4723301Z"},"secondaryMasterKey":{"generationTime":"2023-04-06T12:34:12.4723301Z"},"primaryReadonlyMasterKey":{"generationTime":"2023-04-06T12:34:12.4723301Z"},"secondaryReadonlyMasterKey":{"generationTime":"2023-04-06T12:34:12.4723301Z"}}},"identity":{"type":"None"}}'
    headers:
      cache-control:
      - no-store, no-cache
      content-length:
      - '2914'
      content-type:
      - application/json
      date:
      - Thu, 06 Apr 2023 12:35:04 GMT
      pragma:
      - no-cache
      server:
      - Microsoft-HTTPAPI/2.0
      strict-transport-security:
      - max-age=31536000; includeSubDomains
      transfer-encoding:
      - chunked
      vary:
      - Accept-Encoding
      x-content-type-options:
      - nosniff
      x-ms-gatewayversion:
      - version=2.14.0
    status:
      code: 200
      message: Ok
- request:
    body: null
    headers:
      Accept:
      - application/json
      Accept-Encoding:
      - gzip, deflate
      CommandName:
      - cosmosdb create
      Connection:
      - keep-alive
      ParameterSetName:
      - -n -g --kind --capabilities
      User-Agent:
      - AZURECLI/2.46.0 azsdk-python-mgmt-cosmosdb/0.7.0 Python/3.10.2 (Windows-10-10.0.19045-SP0)
    method: GET
    uri: https://eastus2euap.management.azure.com/subscriptions/00000000-0000-0000-0000-000000000000/resourceGroups/cli_test_cosmosdb_mongodb_role000001/providers/Microsoft.DocumentDB/databaseAccounts/cli000002?api-version=2023-03-01-preview
  response:
    body:
      string: '{"id":"/subscriptions/00000000-0000-0000-0000-000000000000/resourceGroups/cli_test_cosmosdb_mongodb_role000001/providers/Microsoft.DocumentDB/databaseAccounts/cli000002","name":"cli000002","location":"West
        US 2","type":"Microsoft.DocumentDB/databaseAccounts","kind":"MongoDB","tags":{},"systemData":{"createdAt":"2023-04-06T12:34:12.4723301Z"},"properties":{"provisioningState":"Succeeded","documentEndpoint":"https://cli000002.documents.azure.com:443/","sqlEndpoint":"https://cli000002.documents.azure.com:443/","mongoEndpoint":"https://cli000002.mongo.cosmos.azure.com:443/","publicNetworkAccess":"Enabled","enableAutomaticFailover":false,"enableMultipleWriteLocations":false,"enablePartitionKeyMonitor":false,"isVirtualNetworkFilterEnabled":false,"virtualNetworkRules":[],"EnabledApiTypes":"MongoDB","disableKeyBasedMetadataWriteAccess":false,"enableFreeTier":false,"enableAnalyticalStorage":false,"analyticalStorageConfiguration":{"schemaType":"FullFidelity"},"instanceId":"feb5d517-35b9-4704-abe3-1ae6abbe2a86","databaseAccountOfferType":"Standard","enableMaterializedViews":false,"defaultIdentity":"FirstPartyIdentity","networkAclBypass":"None","disableLocalAuth":false,"enablePartitionMerge":false,"enableBurstCapacity":false,"minimalTlsVersion":"Tls12","consistencyPolicy":{"defaultConsistencyLevel":"Session","maxIntervalInSeconds":5,"maxStalenessPrefix":100},"apiProperties":{"serverVersion":"3.6"},"configurationOverrides":{"EnableBsonSchema":"True"},"writeLocations":[{"id":"cli000002-westus2","locationName":"West
        US 2","documentEndpoint":"https://cli000002-westus2.documents.azure.com:443/","provisioningState":"Succeeded","failoverPriority":0,"isZoneRedundant":false}],"readLocations":[{"id":"cli000002-westus2","locationName":"West
        US 2","documentEndpoint":"https://cli000002-westus2.documents.azure.com:443/","provisioningState":"Succeeded","failoverPriority":0,"isZoneRedundant":false}],"locations":[{"id":"cli000002-westus2","locationName":"West
        US 2","documentEndpoint":"https://cli000002-westus2.documents.azure.com:443/","provisioningState":"Succeeded","failoverPriority":0,"isZoneRedundant":false}],"failoverPolicies":[{"id":"cli000002-westus2","locationName":"West
        US 2","failoverPriority":0}],"cors":[],"capabilities":[{"name":"EnableMongoRoleBasedAccessControl"},{"name":"EnableMongo"}],"ipRules":[],"backupPolicy":{"type":"Periodic","periodicModeProperties":{"backupIntervalInMinutes":240,"backupRetentionIntervalInHours":8,"backupStorageRedundancy":"Geo"}},"networkAclBypassResourceIds":[],"diagnosticLogSettings":{"enableFullTextQuery":"None"},"keysMetadata":{"primaryMasterKey":{"generationTime":"2023-04-06T12:34:12.4723301Z"},"secondaryMasterKey":{"generationTime":"2023-04-06T12:34:12.4723301Z"},"primaryReadonlyMasterKey":{"generationTime":"2023-04-06T12:34:12.4723301Z"},"secondaryReadonlyMasterKey":{"generationTime":"2023-04-06T12:34:12.4723301Z"}}},"identity":{"type":"None"}}'
    headers:
      cache-control:
      - no-store, no-cache
      content-length:
      - '2914'
      content-type:
      - application/json
      date:
      - Thu, 06 Apr 2023 12:35:04 GMT
      pragma:
      - no-cache
      server:
      - Microsoft-HTTPAPI/2.0
      strict-transport-security:
      - max-age=31536000; includeSubDomains
      transfer-encoding:
      - chunked
      vary:
      - Accept-Encoding
      x-content-type-options:
      - nosniff
      x-ms-gatewayversion:
      - version=2.14.0
    status:
      code: 200
      message: Ok
- request:
    body: '{"properties": {"resource": {"id": "cli000003"}, "options": {}}}'
    headers:
      Accept:
      - application/json
      Accept-Encoding:
      - gzip, deflate
      CommandName:
      - cosmosdb mongodb database create
      Connection:
      - keep-alive
      Content-Length:
      - '64'
      Content-Type:
      - application/json
      ParameterSetName:
      - -g -a -n
      User-Agent:
      - AZURECLI/2.46.0 azsdk-python-mgmt-cosmosdb/9.0.0 Python/3.10.2 (Windows-10-10.0.19045-SP0)
    method: PUT
    uri: https://eastus2euap.management.azure.com/subscriptions/00000000-0000-0000-0000-000000000000/resourceGroups/cli_test_cosmosdb_mongodb_role000001/providers/Microsoft.DocumentDB/databaseAccounts/cli000002/mongodbDatabases/cli000003?api-version=2022-11-15
  response:
    body:
      string: '{"status":"Enqueued"}'
    headers:
      azure-asyncoperation:
      - https://eastus2euap.management.azure.com/subscriptions/00000000-0000-0000-0000-000000000000/providers/Microsoft.DocumentDB/locations/westus2/operationsStatus/adc5693a-e51b-4992-a134-7fd263ce5762?api-version=2022-11-15
      cache-control:
      - no-store, no-cache
      content-length:
      - '21'
      content-type:
      - application/json
      date:
      - Thu, 06 Apr 2023 12:35:07 GMT
      location:
      - https://eastus2euap.management.azure.com/subscriptions/00000000-0000-0000-0000-000000000000/resourceGroups/cli_test_cosmosdb_mongodb_role000001/providers/Microsoft.DocumentDB/databaseAccounts/cli000002/mongodbDatabases/cli000003/operationResults/adc5693a-e51b-4992-a134-7fd263ce5762?api-version=2022-11-15
      pragma:
      - no-cache
      server:
      - Microsoft-HTTPAPI/2.0
      strict-transport-security:
      - max-age=31536000; includeSubDomains
      x-content-type-options:
      - nosniff
      x-ms-gatewayversion:
      - version=2.14.0
      x-ms-ratelimit-remaining-subscription-writes:
      - '1191'
    status:
      code: 202
      message: Accepted
- request:
    body: null
    headers:
      Accept:
      - '*/*'
      Accept-Encoding:
      - gzip, deflate
      CommandName:
      - cosmosdb mongodb database create
      Connection:
      - keep-alive
      ParameterSetName:
      - -g -a -n
      User-Agent:
      - AZURECLI/2.46.0 azsdk-python-mgmt-cosmosdb/9.0.0 Python/3.10.2 (Windows-10-10.0.19045-SP0)
    method: GET
    uri: https://eastus2euap.management.azure.com/subscriptions/00000000-0000-0000-0000-000000000000/providers/Microsoft.DocumentDB/locations/westus2/operationsStatus/adc5693a-e51b-4992-a134-7fd263ce5762?api-version=2022-11-15
  response:
    body:
      string: '{"status":"Enqueued"}'
    headers:
      cache-control:
      - no-store, no-cache
      content-length:
      - '21'
      content-type:
      - application/json
      date:
      - Thu, 06 Apr 2023 12:35:07 GMT
      pragma:
      - no-cache
      server:
      - Microsoft-HTTPAPI/2.0
      strict-transport-security:
      - max-age=31536000; includeSubDomains
      transfer-encoding:
      - chunked
      vary:
      - Accept-Encoding
      x-content-type-options:
      - nosniff
      x-ms-gatewayversion:
      - version=2.14.0
    status:
      code: 200
      message: Ok
- request:
    body: null
    headers:
      Accept:
      - '*/*'
      Accept-Encoding:
      - gzip, deflate
      CommandName:
      - cosmosdb mongodb database create
      Connection:
      - keep-alive
      ParameterSetName:
      - -g -a -n
      User-Agent:
      - AZURECLI/2.46.0 azsdk-python-mgmt-cosmosdb/9.0.0 Python/3.10.2 (Windows-10-10.0.19045-SP0)
    method: GET
    uri: https://eastus2euap.management.azure.com/subscriptions/00000000-0000-0000-0000-000000000000/providers/Microsoft.DocumentDB/locations/westus2/operationsStatus/adc5693a-e51b-4992-a134-7fd263ce5762?api-version=2022-11-15
  response:
    body:
      string: '{"status":"Succeeded"}'
    headers:
      cache-control:
      - no-store, no-cache
      content-length:
      - '22'
      content-type:
      - application/json
      date:
      - Thu, 06 Apr 2023 12:35:37 GMT
      pragma:
      - no-cache
      server:
      - Microsoft-HTTPAPI/2.0
      strict-transport-security:
      - max-age=31536000; includeSubDomains
      transfer-encoding:
      - chunked
      vary:
      - Accept-Encoding
      x-content-type-options:
      - nosniff
      x-ms-gatewayversion:
      - version=2.14.0
    status:
      code: 200
      message: Ok
- request:
    body: null
    headers:
      Accept:
      - '*/*'
      Accept-Encoding:
      - gzip, deflate
      CommandName:
      - cosmosdb mongodb database create
      Connection:
      - keep-alive
      ParameterSetName:
      - -g -a -n
      User-Agent:
      - AZURECLI/2.46.0 azsdk-python-mgmt-cosmosdb/9.0.0 Python/3.10.2 (Windows-10-10.0.19045-SP0)
    method: GET
    uri: https://eastus2euap.management.azure.com/subscriptions/00000000-0000-0000-0000-000000000000/resourceGroups/cli_test_cosmosdb_mongodb_role000001/providers/Microsoft.DocumentDB/databaseAccounts/cli000002/mongodbDatabases/cli000003?api-version=2022-11-15
  response:
    body:
      string: '{"id":"/subscriptions/00000000-0000-0000-0000-000000000000/resourceGroups/cli_test_cosmosdb_mongodb_role000001/providers/Microsoft.DocumentDB/databaseAccounts/cli000002/mongodbDatabases/cli000003","type":"Microsoft.DocumentDB/databaseAccounts/mongodbDatabases","name":"cli000003","properties":{"resource":{"id":"cli000003"}}}'
    headers:
      cache-control:
      - no-store, no-cache
      content-length:
      - '325'
      content-type:
      - application/json
      date:
      - Thu, 06 Apr 2023 12:35:37 GMT
      pragma:
      - no-cache
      server:
      - Microsoft-HTTPAPI/2.0
      strict-transport-security:
      - max-age=31536000; includeSubDomains
      transfer-encoding:
      - chunked
      vary:
      - Accept-Encoding
      x-content-type-options:
      - nosniff
      x-ms-gatewayversion:
      - version=2.14.0
    status:
      code: 200
      message: Ok
- request:
    body: '{"properties": {"roleName": "my_role_def1", "type": "CustomRole", "databaseName":
      "cli000003", "privileges": [{"resource": {"db": "cli000003", "collection": "test"},
      "actions": ["insert", "find"]}], "roles": []}}'
    headers:
      Accept:
      - application/json
      Accept-Encoding:
      - gzip, deflate
      CommandName:
      - cosmosdb mongodb role definition create
      Connection:
      - keep-alive
      Content-Length:
      - '212'
      Content-Type:
      - application/json
      ParameterSetName:
      - -g -a -b
      User-Agent:
      - AZURECLI/2.46.0 azsdk-python-mgmt-cosmosdb/0.7.0 Python/3.10.2 (Windows-10-10.0.19045-SP0)
    method: PUT
    uri: https://eastus2euap.management.azure.com/subscriptions/00000000-0000-0000-0000-000000000000/resourceGroups/cli_test_cosmosdb_mongodb_role000001/providers/Microsoft.DocumentDB/databaseAccounts/cli000002/mongodbRoleDefinitions/randomid?api-version=2023-03-01-preview
  response:
    body:
      string: '{"code":"BadRequest","message":"A Mongo Role Definition with given
        ID [randomid] id not valid. The Mongo role definition should follow the format
        dbName.roleName for database '''' and roleName ''''\r\nActivityId: 89427978-d477-11ed-9116-8cdcd4532c5b,
        Microsoft.Azure.Documents.Common/2.14.0"}'
    headers:
      cache-control:
      - no-store, no-cache
      content-length:
      - '288'
      content-type:
      - application/json
      date:
      - Thu, 06 Apr 2023 12:35:40 GMT
      pragma:
      - no-cache
      server:
      - Microsoft-HTTPAPI/2.0
      strict-transport-security:
      - max-age=31536000; includeSubDomains
      x-content-type-options:
      - nosniff
      x-ms-gatewayversion:
      - version=2.14.0
      x-ms-ratelimit-remaining-subscription-writes:
      - '1186'
    status:
      code: 400
      message: BadRequest
- request:
    body: null
    headers:
      Accept:
      - application/json
      Accept-Encoding:
      - gzip, deflate
      CommandName:
      - cosmosdb mongodb role definition delete
      Connection:
      - keep-alive
      Content-Length:
      - '0'
      ParameterSetName:
      - -g -a -i --yes
      User-Agent:
      - AZURECLI/2.46.0 azsdk-python-mgmt-cosmosdb/0.7.0 Python/3.10.2 (Windows-10-10.0.19045-SP0)
    method: DELETE
    uri: https://eastus2euap.management.azure.com/subscriptions/00000000-0000-0000-0000-000000000000/resourceGroups/cli_test_cosmosdb_mongodb_role000001/providers/Microsoft.DocumentDB/databaseAccounts/cli000002/mongodbRoleDefinitions/cli000003.my_role_def1?api-version=2023-03-01-preview
  response:
    body:
      string: ''
    headers:
      cache-control:
      - no-store, no-cache
      date:
      - Thu, 06 Apr 2023 12:35:43 GMT
      pragma:
      - no-cache
      server:
      - Microsoft-HTTPAPI/2.0
      strict-transport-security:
      - max-age=31536000; includeSubDomains
      x-content-type-options:
      - nosniff
      x-ms-activity-id:
      - 8b770f2c-d477-11ed-9c25-8cdcd4532c5b
      x-ms-ratelimit-remaining-subscription-deletes:
      - '14994'
    status:
      code: 204
      message: No Content
- request:
    body: null
    headers:
      Accept:
      - application/json
      Accept-Encoding:
      - gzip, deflate
      CommandName:
      - cosmosdb mongodb role definition list
      Connection:
      - keep-alive
      ParameterSetName:
      - -g -a
      User-Agent:
      - AZURECLI/2.46.0 azsdk-python-mgmt-cosmosdb/0.7.0 Python/3.10.2 (Windows-10-10.0.19045-SP0)
    method: GET
    uri: https://eastus2euap.management.azure.com/subscriptions/00000000-0000-0000-0000-000000000000/resourceGroups/cli_test_cosmosdb_mongodb_role000001/providers/Microsoft.DocumentDB/databaseAccounts/cli000002/mongodbRoleDefinitions?api-version=2023-03-01-preview
  response:
    body:
      string: '{"value":[]}'
    headers:
      cache-control:
      - no-store, no-cache
      content-length:
      - '12'
      content-type:
      - application/json
      date:
      - Thu, 06 Apr 2023 12:35:45 GMT
      pragma:
      - no-cache
      server:
      - Microsoft-HTTPAPI/2.0
      strict-transport-security:
      - max-age=31536000; includeSubDomains
      transfer-encoding:
      - chunked
      vary:
      - Accept-Encoding
      x-content-type-options:
      - nosniff
      x-ms-gatewayversion:
      - version=2.14.0
    status:
      code: 200
      message: Ok
- request:
    body: '{"properties": {"roleName": "my_role_def1", "type": "CustomRole", "databaseName":
      "cli000003", "privileges": [{"resource": {"db": "cli000003", "collection": "test"},
      "actions": ["insert", "find"]}], "roles": []}}'
    headers:
      Accept:
      - application/json
      Accept-Encoding:
      - gzip, deflate
      CommandName:
      - cosmosdb mongodb role definition create
      Connection:
      - keep-alive
      Content-Length:
      - '212'
      Content-Type:
      - application/json
      ParameterSetName:
      - -g -a -b
      User-Agent:
      - AZURECLI/2.46.0 azsdk-python-mgmt-cosmosdb/0.7.0 Python/3.10.2 (Windows-10-10.0.19045-SP0)
    method: PUT
    uri: https://eastus2euap.management.azure.com/subscriptions/00000000-0000-0000-0000-000000000000/resourceGroups/cli_test_cosmosdb_mongodb_role000001/providers/Microsoft.DocumentDB/databaseAccounts/cli000002/mongodbRoleDefinitions/cli000003.my_role_def1?api-version=2023-03-01-preview
  response:
    body:
      string: '{"status":"Enqueued"}'
    headers:
      azure-asyncoperation:
      - https://eastus2euap.management.azure.com/subscriptions/00000000-0000-0000-0000-000000000000/providers/Microsoft.DocumentDB/locations/westus2/operationsStatus/1b7fd1b6-f1c9-4171-ba19-78da35c54061?api-version=2023-03-01-preview
      cache-control:
      - no-store, no-cache
      content-length:
      - '21'
      content-type:
      - application/json
      date:
      - Thu, 06 Apr 2023 12:35:47 GMT
      location:
      - https://eastus2euap.management.azure.com/subscriptions/00000000-0000-0000-0000-000000000000/resourceGroups/cli_test_cosmosdb_mongodb_role000001/providers/Microsoft.DocumentDB/databaseAccounts/cli000002/mongodbRoleDefinitions/cli000003.my_role_def1/operationResults/1b7fd1b6-f1c9-4171-ba19-78da35c54061?api-version=2023-03-01-preview
      pragma:
      - no-cache
      server:
      - Microsoft-HTTPAPI/2.0
      strict-transport-security:
      - max-age=31536000; includeSubDomains
      x-content-type-options:
      - nosniff
      x-ms-gatewayversion:
      - version=2.14.0
      x-ms-ratelimit-remaining-subscription-writes:
      - '1192'
    status:
      code: 202
      message: Accepted
- request:
    body: null
    headers:
      Accept:
      - '*/*'
      Accept-Encoding:
      - gzip, deflate
      CommandName:
      - cosmosdb mongodb role definition create
      Connection:
      - keep-alive
      ParameterSetName:
      - -g -a -b
      User-Agent:
      - AZURECLI/2.46.0 azsdk-python-mgmt-cosmosdb/0.7.0 Python/3.10.2 (Windows-10-10.0.19045-SP0)
    method: GET
    uri: https://eastus2euap.management.azure.com/subscriptions/00000000-0000-0000-0000-000000000000/providers/Microsoft.DocumentDB/locations/westus2/operationsStatus/1b7fd1b6-f1c9-4171-ba19-78da35c54061?api-version=2023-03-01-preview
  response:
    body:
      string: '{"status":"Enqueued"}'
    headers:
      cache-control:
      - no-store, no-cache
      content-length:
      - '21'
      content-type:
      - application/json
      date:
      - Thu, 06 Apr 2023 12:35:47 GMT
      pragma:
      - no-cache
      server:
      - Microsoft-HTTPAPI/2.0
      strict-transport-security:
      - max-age=31536000; includeSubDomains
      transfer-encoding:
      - chunked
      vary:
      - Accept-Encoding
      x-content-type-options:
      - nosniff
      x-ms-gatewayversion:
      - version=2.14.0
    status:
      code: 200
      message: Ok
- request:
    body: null
    headers:
      Accept:
      - '*/*'
      Accept-Encoding:
      - gzip, deflate
      CommandName:
      - cosmosdb mongodb role definition create
      Connection:
      - keep-alive
      ParameterSetName:
      - -g -a -b
      User-Agent:
      - AZURECLI/2.46.0 azsdk-python-mgmt-cosmosdb/0.7.0 Python/3.10.2 (Windows-10-10.0.19045-SP0)
    method: GET
    uri: https://eastus2euap.management.azure.com/subscriptions/00000000-0000-0000-0000-000000000000/providers/Microsoft.DocumentDB/locations/westus2/operationsStatus/1b7fd1b6-f1c9-4171-ba19-78da35c54061?api-version=2023-03-01-preview
  response:
    body:
      string: '{"status":"Succeeded"}'
    headers:
      cache-control:
      - no-store, no-cache
      content-length:
      - '22'
      content-type:
      - application/json
      date:
      - Thu, 06 Apr 2023 12:36:18 GMT
      pragma:
      - no-cache
      server:
      - Microsoft-HTTPAPI/2.0
      strict-transport-security:
      - max-age=31536000; includeSubDomains
      transfer-encoding:
      - chunked
      vary:
      - Accept-Encoding
      x-content-type-options:
      - nosniff
      x-ms-gatewayversion:
      - version=2.14.0
    status:
      code: 200
      message: Ok
- request:
    body: null
    headers:
      Accept:
      - '*/*'
      Accept-Encoding:
      - gzip, deflate
      CommandName:
      - cosmosdb mongodb role definition create
      Connection:
      - keep-alive
      ParameterSetName:
      - -g -a -b
      User-Agent:
      - AZURECLI/2.46.0 azsdk-python-mgmt-cosmosdb/0.7.0 Python/3.10.2 (Windows-10-10.0.19045-SP0)
    method: GET
    uri: https://eastus2euap.management.azure.com/subscriptions/00000000-0000-0000-0000-000000000000/resourceGroups/cli_test_cosmosdb_mongodb_role000001/providers/Microsoft.DocumentDB/databaseAccounts/cli000002/mongodbRoleDefinitions/cli000003.my_role_def1?api-version=2023-03-01-preview
  response:
    body:
      string: '{"id":"/subscriptions/00000000-0000-0000-0000-000000000000/resourceGroups/cli_test_cosmosdb_mongodb_role000001/providers/Microsoft.DocumentDB/databaseAccounts/cli000002/mongodbRoleDefinitions/cli000003.my_role_def1","name":"my_role_def1","properties":{"roleName":"my_role_def1","type":1,"databaseName":"cli000003","privileges":[{"resource":{"db":"cli000003","collection":"test"},"actions":["insert","find"]}],"roles":[]},"type":"Microsoft.DocumentDB/databaseAccounts/mongodbRoleDefinitions"}'
    headers:
      cache-control:
      - no-store, no-cache
      content-length:
      - '491'
      content-type:
      - application/json
      date:
      - Thu, 06 Apr 2023 12:36:18 GMT
      pragma:
      - no-cache
      server:
      - Microsoft-HTTPAPI/2.0
      strict-transport-security:
      - max-age=31536000; includeSubDomains
      transfer-encoding:
      - chunked
      vary:
      - Accept-Encoding
      x-content-type-options:
      - nosniff
      x-ms-gatewayversion:
      - version=2.14.0
    status:
      code: 200
      message: Ok
- request:
    body: null
    headers:
      Accept:
      - application/json
      Accept-Encoding:
      - gzip, deflate
      CommandName:
      - cosmosdb mongodb role definition exists
      Connection:
      - keep-alive
      ParameterSetName:
      - -g -a -i
      User-Agent:
      - AZURECLI/2.46.0 azsdk-python-mgmt-cosmosdb/0.7.0 Python/3.10.2 (Windows-10-10.0.19045-SP0)
    method: GET
    uri: https://eastus2euap.management.azure.com/subscriptions/00000000-0000-0000-0000-000000000000/resourceGroups/cli_test_cosmosdb_mongodb_role000001/providers/Microsoft.DocumentDB/databaseAccounts/cli000002/mongodbRoleDefinitions/cli000003.my_role_def1?api-version=2023-03-01-preview
  response:
    body:
      string: '{"id":"/subscriptions/00000000-0000-0000-0000-000000000000/resourceGroups/cli_test_cosmosdb_mongodb_role000001/providers/Microsoft.DocumentDB/databaseAccounts/cli000002/mongodbRoleDefinitions/cli000003.my_role_def1","name":"my_role_def1","properties":{"roleName":"my_role_def1","type":1,"databaseName":"cli000003","privileges":[{"resource":{"db":"cli000003","collection":"test"},"actions":["insert","find"]}],"roles":[]},"type":"Microsoft.DocumentDB/databaseAccounts/mongodbRoleDefinitions"}'
    headers:
      cache-control:
      - no-store, no-cache
      content-length:
      - '491'
      content-type:
      - application/json
      date:
      - Thu, 06 Apr 2023 12:36:20 GMT
      pragma:
      - no-cache
      server:
      - Microsoft-HTTPAPI/2.0
      strict-transport-security:
      - max-age=31536000; includeSubDomains
      transfer-encoding:
      - chunked
      vary:
      - Accept-Encoding
      x-content-type-options:
      - nosniff
      x-ms-gatewayversion:
      - version=2.14.0
    status:
      code: 200
      message: Ok
- request:
    body: null
    headers:
      Accept:
      - application/json
      Accept-Encoding:
      - gzip, deflate
      CommandName:
      - cosmosdb mongodb role definition show
      Connection:
      - keep-alive
      ParameterSetName:
      - -g -a -i
      User-Agent:
      - AZURECLI/2.46.0 azsdk-python-mgmt-cosmosdb/0.7.0 Python/3.10.2 (Windows-10-10.0.19045-SP0)
    method: GET
    uri: https://eastus2euap.management.azure.com/subscriptions/00000000-0000-0000-0000-000000000000/resourceGroups/cli_test_cosmosdb_mongodb_role000001/providers/Microsoft.DocumentDB/databaseAccounts/cli000002/mongodbRoleDefinitions/cli000003.my_role_def1?api-version=2023-03-01-preview
  response:
    body:
      string: '{"id":"/subscriptions/00000000-0000-0000-0000-000000000000/resourceGroups/cli_test_cosmosdb_mongodb_role000001/providers/Microsoft.DocumentDB/databaseAccounts/cli000002/mongodbRoleDefinitions/cli000003.my_role_def1","name":"my_role_def1","properties":{"roleName":"my_role_def1","type":1,"databaseName":"cli000003","privileges":[{"resource":{"db":"cli000003","collection":"test"},"actions":["insert","find"]}],"roles":[]},"type":"Microsoft.DocumentDB/databaseAccounts/mongodbRoleDefinitions"}'
    headers:
      cache-control:
      - no-store, no-cache
      content-length:
      - '491'
      content-type:
      - application/json
      date:
      - Thu, 06 Apr 2023 12:36:22 GMT
      pragma:
      - no-cache
      server:
      - Microsoft-HTTPAPI/2.0
      strict-transport-security:
      - max-age=31536000; includeSubDomains
      transfer-encoding:
      - chunked
      vary:
      - Accept-Encoding
      x-content-type-options:
      - nosniff
      x-ms-gatewayversion:
      - version=2.14.0
    status:
      code: 200
      message: Ok
- request:
    body: null
    headers:
      Accept:
      - application/json
      Accept-Encoding:
      - gzip, deflate
      CommandName:
      - cosmosdb mongodb role definition update
      Connection:
      - keep-alive
      ParameterSetName:
      - -g -a -b
      User-Agent:
      - AZURECLI/2.46.0 azsdk-python-mgmt-cosmosdb/0.7.0 Python/3.10.2 (Windows-10-10.0.19045-SP0)
    method: GET
    uri: https://eastus2euap.management.azure.com/subscriptions/00000000-0000-0000-0000-000000000000/resourceGroups/cli_test_cosmosdb_mongodb_role000001/providers/Microsoft.DocumentDB/databaseAccounts/cli000002/mongodbRoleDefinitions/cli000003.my_role_def1?api-version=2023-03-01-preview
  response:
    body:
      string: '{"id":"/subscriptions/00000000-0000-0000-0000-000000000000/resourceGroups/cli_test_cosmosdb_mongodb_role000001/providers/Microsoft.DocumentDB/databaseAccounts/cli000002/mongodbRoleDefinitions/cli000003.my_role_def1","name":"my_role_def1","properties":{"roleName":"my_role_def1","type":1,"databaseName":"cli000003","privileges":[{"resource":{"db":"cli000003","collection":"test"},"actions":["insert","find"]}],"roles":[]},"type":"Microsoft.DocumentDB/databaseAccounts/mongodbRoleDefinitions"}'
    headers:
      cache-control:
      - no-store, no-cache
      content-length:
      - '491'
      content-type:
      - application/json
      date:
      - Thu, 06 Apr 2023 12:36:23 GMT
      pragma:
      - no-cache
      server:
      - Microsoft-HTTPAPI/2.0
      strict-transport-security:
      - max-age=31536000; includeSubDomains
      transfer-encoding:
      - chunked
      vary:
      - Accept-Encoding
      x-content-type-options:
      - nosniff
      x-ms-gatewayversion:
      - version=2.14.0
    status:
      code: 200
      message: Ok
- request:
    body: '{"properties": {"roleName": "my_role_def1", "type": "CustomRole", "databaseName":
      "cli000003", "privileges": [{"resource": {"db": "cli000003", "collection": "test"},
      "actions": ["find"]}], "roles": []}}'
    headers:
      Accept:
      - application/json
      Accept-Encoding:
      - gzip, deflate
      CommandName:
      - cosmosdb mongodb role definition update
      Connection:
      - keep-alive
      Content-Length:
      - '202'
      Content-Type:
      - application/json
      ParameterSetName:
      - -g -a -b
      User-Agent:
      - AZURECLI/2.46.0 azsdk-python-mgmt-cosmosdb/0.7.0 Python/3.10.2 (Windows-10-10.0.19045-SP0)
    method: PUT
    uri: https://eastus2euap.management.azure.com/subscriptions/00000000-0000-0000-0000-000000000000/resourceGroups/cli_test_cosmosdb_mongodb_role000001/providers/Microsoft.DocumentDB/databaseAccounts/cli000002/mongodbRoleDefinitions/cli000003.my_role_def1?api-version=2023-03-01-preview
  response:
    body:
      string: '{"status":"Enqueued"}'
    headers:
      azure-asyncoperation:
      - https://eastus2euap.management.azure.com/subscriptions/00000000-0000-0000-0000-000000000000/providers/Microsoft.DocumentDB/locations/westus2/operationsStatus/aec4181e-974f-448f-b639-a1f5b69bc6b7?api-version=2023-03-01-preview
      cache-control:
      - no-store, no-cache
      content-length:
      - '21'
      content-type:
      - application/json
      date:
      - Thu, 06 Apr 2023 12:36:24 GMT
      location:
      - https://eastus2euap.management.azure.com/subscriptions/00000000-0000-0000-0000-000000000000/resourceGroups/cli_test_cosmosdb_mongodb_role000001/providers/Microsoft.DocumentDB/databaseAccounts/cli000002/mongodbRoleDefinitions/cli000003.my_role_def1/operationResults/aec4181e-974f-448f-b639-a1f5b69bc6b7?api-version=2023-03-01-preview
      pragma:
      - no-cache
      server:
      - Microsoft-HTTPAPI/2.0
      strict-transport-security:
      - max-age=31536000; includeSubDomains
      x-content-type-options:
      - nosniff
      x-ms-gatewayversion:
      - version=2.14.0
      x-ms-ratelimit-remaining-subscription-writes:
      - '1185'
    status:
      code: 202
      message: Accepted
- request:
    body: null
    headers:
      Accept:
      - '*/*'
      Accept-Encoding:
      - gzip, deflate
      CommandName:
      - cosmosdb mongodb role definition update
      Connection:
      - keep-alive
      ParameterSetName:
      - -g -a -b
      User-Agent:
      - AZURECLI/2.46.0 azsdk-python-mgmt-cosmosdb/0.7.0 Python/3.10.2 (Windows-10-10.0.19045-SP0)
    method: GET
    uri: https://eastus2euap.management.azure.com/subscriptions/00000000-0000-0000-0000-000000000000/providers/Microsoft.DocumentDB/locations/westus2/operationsStatus/aec4181e-974f-448f-b639-a1f5b69bc6b7?api-version=2023-03-01-preview
  response:
    body:
      string: '{"status":"Enqueued"}'
    headers:
      cache-control:
      - no-store, no-cache
      content-length:
      - '21'
      content-type:
      - application/json
      date:
      - Thu, 06 Apr 2023 12:36:24 GMT
      pragma:
      - no-cache
      server:
      - Microsoft-HTTPAPI/2.0
      strict-transport-security:
      - max-age=31536000; includeSubDomains
      transfer-encoding:
      - chunked
      vary:
      - Accept-Encoding
      x-content-type-options:
      - nosniff
      x-ms-gatewayversion:
      - version=2.14.0
    status:
      code: 200
      message: Ok
- request:
    body: null
    headers:
      Accept:
      - '*/*'
      Accept-Encoding:
      - gzip, deflate
      CommandName:
      - cosmosdb mongodb role definition update
      Connection:
      - keep-alive
      ParameterSetName:
      - -g -a -b
      User-Agent:
      - AZURECLI/2.46.0 azsdk-python-mgmt-cosmosdb/0.7.0 Python/3.10.2 (Windows-10-10.0.19045-SP0)
    method: GET
    uri: https://eastus2euap.management.azure.com/subscriptions/00000000-0000-0000-0000-000000000000/providers/Microsoft.DocumentDB/locations/westus2/operationsStatus/aec4181e-974f-448f-b639-a1f5b69bc6b7?api-version=2023-03-01-preview
  response:
    body:
      string: '{"status":"Succeeded"}'
    headers:
      cache-control:
      - no-store, no-cache
      content-length:
      - '22'
      content-type:
      - application/json
      date:
      - Thu, 06 Apr 2023 12:36:54 GMT
      pragma:
      - no-cache
      server:
      - Microsoft-HTTPAPI/2.0
      strict-transport-security:
      - max-age=31536000; includeSubDomains
      transfer-encoding:
      - chunked
      vary:
      - Accept-Encoding
      x-content-type-options:
      - nosniff
      x-ms-gatewayversion:
      - version=2.14.0
    status:
      code: 200
      message: Ok
- request:
    body: null
    headers:
      Accept:
      - '*/*'
      Accept-Encoding:
      - gzip, deflate
      CommandName:
      - cosmosdb mongodb role definition update
      Connection:
      - keep-alive
      ParameterSetName:
      - -g -a -b
      User-Agent:
      - AZURECLI/2.46.0 azsdk-python-mgmt-cosmosdb/0.7.0 Python/3.10.2 (Windows-10-10.0.19045-SP0)
    method: GET
    uri: https://eastus2euap.management.azure.com/subscriptions/00000000-0000-0000-0000-000000000000/resourceGroups/cli_test_cosmosdb_mongodb_role000001/providers/Microsoft.DocumentDB/databaseAccounts/cli000002/mongodbRoleDefinitions/cli000003.my_role_def1?api-version=2023-03-01-preview
  response:
    body:
      string: '{"id":"/subscriptions/00000000-0000-0000-0000-000000000000/resourceGroups/cli_test_cosmosdb_mongodb_role000001/providers/Microsoft.DocumentDB/databaseAccounts/cli000002/mongodbRoleDefinitions/cli000003.my_role_def1","name":"my_role_def1","properties":{"roleName":"my_role_def1","type":1,"databaseName":"cli000003","privileges":[{"resource":{"db":"cli000003","collection":"test"},"actions":["find"]}],"roles":[]},"type":"Microsoft.DocumentDB/databaseAccounts/mongodbRoleDefinitions"}'
    headers:
      cache-control:
      - no-store, no-cache
      content-length:
      - '482'
      content-type:
      - application/json
      date:
      - Thu, 06 Apr 2023 12:36:55 GMT
      pragma:
      - no-cache
      server:
      - Microsoft-HTTPAPI/2.0
      strict-transport-security:
      - max-age=31536000; includeSubDomains
      transfer-encoding:
      - chunked
      vary:
      - Accept-Encoding
      x-content-type-options:
      - nosniff
      x-ms-gatewayversion:
      - version=2.14.0
    status:
      code: 200
      message: Ok
- request:
    body: null
    headers:
      Accept:
      - application/json
      Accept-Encoding:
      - gzip, deflate
      CommandName:
      - cosmosdb mongodb role definition delete
      Connection:
      - keep-alive
      Content-Length:
      - '0'
      ParameterSetName:
      - -g -a -i --yes
      User-Agent:
      - AZURECLI/2.46.0 azsdk-python-mgmt-cosmosdb/0.7.0 Python/3.10.2 (Windows-10-10.0.19045-SP0)
    method: DELETE
    uri: https://eastus2euap.management.azure.com/subscriptions/00000000-0000-0000-0000-000000000000/resourceGroups/cli_test_cosmosdb_mongodb_role000001/providers/Microsoft.DocumentDB/databaseAccounts/cli000002/mongodbRoleDefinitions/cli000003.my_role_def2?api-version=2023-03-01-preview
  response:
    body:
      string: ''
    headers:
      cache-control:
      - no-store, no-cache
      date:
      - Thu, 06 Apr 2023 12:36:56 GMT
      pragma:
      - no-cache
      server:
      - Microsoft-HTTPAPI/2.0
      strict-transport-security:
      - max-age=31536000; includeSubDomains
      x-content-type-options:
      - nosniff
      x-ms-activity-id:
      - b71715ad-d477-11ed-831a-8cdcd4532c5b
      x-ms-ratelimit-remaining-subscription-deletes:
      - '14998'
    status:
      code: 204
      message: No Content
- request:
    body: null
    headers:
      Accept:
      - application/json
      Accept-Encoding:
      - gzip, deflate
      CommandName:
      - cosmosdb mongodb role definition list
      Connection:
      - keep-alive
      ParameterSetName:
      - -g -a
      User-Agent:
      - AZURECLI/2.46.0 azsdk-python-mgmt-cosmosdb/0.7.0 Python/3.10.2 (Windows-10-10.0.19045-SP0)
    method: GET
    uri: https://eastus2euap.management.azure.com/subscriptions/00000000-0000-0000-0000-000000000000/resourceGroups/cli_test_cosmosdb_mongodb_role000001/providers/Microsoft.DocumentDB/databaseAccounts/cli000002/mongodbRoleDefinitions?api-version=2023-03-01-preview
  response:
    body:
      string: '{"value":[{"id":"/subscriptions/00000000-0000-0000-0000-000000000000/resourceGroups/cli_test_cosmosdb_mongodb_role000001/providers/Microsoft.DocumentDB/databaseAccounts/cli000002/mongodbRoleDefinitions/cli000003.my_role_def1","name":"my_role_def1","properties":{"roleName":"my_role_def1","type":1,"databaseName":"cli000003","privileges":[{"resource":{"db":"cli000003","collection":"test"},"actions":["find"]}],"roles":[]},"type":"Microsoft.DocumentDB/databaseAccounts/mongodbRoleDefinitions"}]}'
    headers:
      cache-control:
      - no-store, no-cache
      content-length:
      - '494'
      content-type:
      - application/json
      date:
      - Thu, 06 Apr 2023 12:36:59 GMT
      pragma:
      - no-cache
      server:
      - Microsoft-HTTPAPI/2.0
      strict-transport-security:
      - max-age=31536000; includeSubDomains
      transfer-encoding:
      - chunked
      vary:
      - Accept-Encoding
      x-content-type-options:
      - nosniff
      x-ms-gatewayversion:
      - version=2.14.0
    status:
      code: 200
      message: Ok
- request:
    body: '{"properties": {"roleName": "my_role_def2", "type": "CustomRole", "databaseName":
      "cli000003", "privileges": [{"resource": {"db": "cli000003", "collection": "test"},
      "actions": ["insert"]}], "roles": [{"db": "cli000003", "role": "my_role_def1"}]}}'
    headers:
      Accept:
      - application/json
      Accept-Encoding:
      - gzip, deflate
      CommandName:
      - cosmosdb mongodb role definition create
      Connection:
      - keep-alive
      Content-Length:
      - '247'
      Content-Type:
      - application/json
      ParameterSetName:
      - -g -a -b
      User-Agent:
      - AZURECLI/2.46.0 azsdk-python-mgmt-cosmosdb/0.7.0 Python/3.10.2 (Windows-10-10.0.19045-SP0)
    method: PUT
    uri: https://eastus2euap.management.azure.com/subscriptions/00000000-0000-0000-0000-000000000000/resourceGroups/cli_test_cosmosdb_mongodb_role000001/providers/Microsoft.DocumentDB/databaseAccounts/cli000002/mongodbRoleDefinitions/cli000003.my_role_def2?api-version=2023-03-01-preview
  response:
    body:
      string: '{"status":"Enqueued"}'
    headers:
      azure-asyncoperation:
      - https://eastus2euap.management.azure.com/subscriptions/00000000-0000-0000-0000-000000000000/providers/Microsoft.DocumentDB/locations/westus2/operationsStatus/9bc357b7-fd5a-452e-af2c-92359c3240ea?api-version=2023-03-01-preview
      cache-control:
      - no-store, no-cache
      content-length:
      - '21'
      content-type:
      - application/json
      date:
      - Thu, 06 Apr 2023 12:37:00 GMT
      location:
      - https://eastus2euap.management.azure.com/subscriptions/00000000-0000-0000-0000-000000000000/resourceGroups/cli_test_cosmosdb_mongodb_role000001/providers/Microsoft.DocumentDB/databaseAccounts/cli000002/mongodbRoleDefinitions/cli000003.my_role_def2/operationResults/9bc357b7-fd5a-452e-af2c-92359c3240ea?api-version=2023-03-01-preview
      pragma:
      - no-cache
      server:
      - Microsoft-HTTPAPI/2.0
      strict-transport-security:
      - max-age=31536000; includeSubDomains
      x-content-type-options:
      - nosniff
      x-ms-gatewayversion:
      - version=2.14.0
      x-ms-ratelimit-remaining-subscription-writes:
      - '1193'
    status:
      code: 202
      message: Accepted
- request:
    body: null
    headers:
      Accept:
      - '*/*'
      Accept-Encoding:
      - gzip, deflate
      CommandName:
      - cosmosdb mongodb role definition create
      Connection:
      - keep-alive
      ParameterSetName:
      - -g -a -b
      User-Agent:
      - AZURECLI/2.46.0 azsdk-python-mgmt-cosmosdb/0.7.0 Python/3.10.2 (Windows-10-10.0.19045-SP0)
    method: GET
    uri: https://eastus2euap.management.azure.com/subscriptions/00000000-0000-0000-0000-000000000000/providers/Microsoft.DocumentDB/locations/westus2/operationsStatus/9bc357b7-fd5a-452e-af2c-92359c3240ea?api-version=2023-03-01-preview
  response:
    body:
      string: '{"status":"Enqueued"}'
    headers:
      cache-control:
      - no-store, no-cache
      content-length:
      - '21'
      content-type:
      - application/json
      date:
      - Thu, 06 Apr 2023 12:37:00 GMT
      pragma:
      - no-cache
      server:
      - Microsoft-HTTPAPI/2.0
      strict-transport-security:
      - max-age=31536000; includeSubDomains
      transfer-encoding:
      - chunked
      vary:
      - Accept-Encoding
      x-content-type-options:
      - nosniff
      x-ms-gatewayversion:
      - version=2.14.0
    status:
      code: 200
      message: Ok
- request:
    body: null
    headers:
      Accept:
      - '*/*'
      Accept-Encoding:
      - gzip, deflate
      CommandName:
      - cosmosdb mongodb role definition create
      Connection:
      - keep-alive
      ParameterSetName:
      - -g -a -b
      User-Agent:
      - AZURECLI/2.46.0 azsdk-python-mgmt-cosmosdb/0.7.0 Python/3.10.2 (Windows-10-10.0.19045-SP0)
    method: GET
    uri: https://eastus2euap.management.azure.com/subscriptions/00000000-0000-0000-0000-000000000000/providers/Microsoft.DocumentDB/locations/westus2/operationsStatus/9bc357b7-fd5a-452e-af2c-92359c3240ea?api-version=2023-03-01-preview
  response:
    body:
      string: '{"status":"Succeeded"}'
    headers:
      cache-control:
      - no-store, no-cache
      content-length:
      - '22'
      content-type:
      - application/json
      date:
      - Thu, 06 Apr 2023 12:37:31 GMT
      pragma:
      - no-cache
      server:
      - Microsoft-HTTPAPI/2.0
      strict-transport-security:
      - max-age=31536000; includeSubDomains
      transfer-encoding:
      - chunked
      vary:
      - Accept-Encoding
      x-content-type-options:
      - nosniff
      x-ms-gatewayversion:
      - version=2.14.0
    status:
      code: 200
      message: Ok
- request:
    body: null
    headers:
      Accept:
      - '*/*'
      Accept-Encoding:
      - gzip, deflate
      CommandName:
      - cosmosdb mongodb role definition create
      Connection:
      - keep-alive
      ParameterSetName:
      - -g -a -b
      User-Agent:
      - AZURECLI/2.46.0 azsdk-python-mgmt-cosmosdb/0.7.0 Python/3.10.2 (Windows-10-10.0.19045-SP0)
    method: GET
    uri: https://eastus2euap.management.azure.com/subscriptions/00000000-0000-0000-0000-000000000000/resourceGroups/cli_test_cosmosdb_mongodb_role000001/providers/Microsoft.DocumentDB/databaseAccounts/cli000002/mongodbRoleDefinitions/cli000003.my_role_def2?api-version=2023-03-01-preview
  response:
    body:
      string: '{"id":"/subscriptions/00000000-0000-0000-0000-000000000000/resourceGroups/cli_test_cosmosdb_mongodb_role000001/providers/Microsoft.DocumentDB/databaseAccounts/cli000002/mongodbRoleDefinitions/cli000003.my_role_def2","name":"my_role_def2","properties":{"roleName":"my_role_def2","type":1,"databaseName":"cli000003","privileges":[{"resource":{"db":"cli000003","collection":"test"},"actions":["insert"]}],"roles":[{"db":"cli000003","role":"my_role_def1"}]},"type":"Microsoft.DocumentDB/databaseAccounts/mongodbRoleDefinitions"}'
    headers:
      cache-control:
      - no-store, no-cache
      content-length:
      - '524'
      content-type:
      - application/json
      date:
      - Thu, 06 Apr 2023 12:37:31 GMT
      pragma:
      - no-cache
      server:
      - Microsoft-HTTPAPI/2.0
      strict-transport-security:
      - max-age=31536000; includeSubDomains
      transfer-encoding:
      - chunked
      vary:
      - Accept-Encoding
      x-content-type-options:
      - nosniff
      x-ms-gatewayversion:
      - version=2.14.0
    status:
      code: 200
      message: Ok
- request:
    body: null
    headers:
      Accept:
      - application/json
      Accept-Encoding:
      - gzip, deflate
      CommandName:
      - cosmosdb mongodb role definition list
      Connection:
      - keep-alive
      ParameterSetName:
      - -g -a
      User-Agent:
      - AZURECLI/2.46.0 azsdk-python-mgmt-cosmosdb/0.7.0 Python/3.10.2 (Windows-10-10.0.19045-SP0)
    method: GET
    uri: https://eastus2euap.management.azure.com/subscriptions/00000000-0000-0000-0000-000000000000/resourceGroups/cli_test_cosmosdb_mongodb_role000001/providers/Microsoft.DocumentDB/databaseAccounts/cli000002/mongodbRoleDefinitions?api-version=2023-03-01-preview
  response:
    body:
      string: '{"value":[{"id":"/subscriptions/00000000-0000-0000-0000-000000000000/resourceGroups/cli_test_cosmosdb_mongodb_role000001/providers/Microsoft.DocumentDB/databaseAccounts/cli000002/mongodbRoleDefinitions/cli000003.my_role_def1","name":"my_role_def1","properties":{"roleName":"my_role_def1","type":1,"databaseName":"cli000003","privileges":[{"resource":{"db":"cli000003","collection":"test"},"actions":["find"]}],"roles":[]},"type":"Microsoft.DocumentDB/databaseAccounts/mongodbRoleDefinitions"},{"id":"/subscriptions/00000000-0000-0000-0000-000000000000/resourceGroups/cli_test_cosmosdb_mongodb_role000001/providers/Microsoft.DocumentDB/databaseAccounts/cli000002/mongodbRoleDefinitions/cli000003.my_role_def2","name":"my_role_def2","properties":{"roleName":"my_role_def2","type":1,"databaseName":"cli000003","privileges":[{"resource":{"db":"cli000003","collection":"test"},"actions":["insert"]}],"roles":[{"db":"cli000003","role":"my_role_def1"}]},"type":"Microsoft.DocumentDB/databaseAccounts/mongodbRoleDefinitions"}]}'
    headers:
      cache-control:
      - no-store, no-cache
      content-length:
      - '1019'
      content-type:
      - application/json
      date:
      - Thu, 06 Apr 2023 12:37:35 GMT
      pragma:
      - no-cache
      server:
      - Microsoft-HTTPAPI/2.0
      strict-transport-security:
      - max-age=31536000; includeSubDomains
      transfer-encoding:
      - chunked
      vary:
      - Accept-Encoding
      x-content-type-options:
      - nosniff
      x-ms-gatewayversion:
      - version=2.14.0
    status:
      code: 200
      message: Ok
- request:
    body: '{"properties": {"userName": "testUser", "password": "MyPass", "databaseName":
      "cli000003", "customData": "MyCustomData", "roles": [{"db": "cli000003", "role":
      "my_role_def1"}], "mechanisms": "SCRAM-SHA-256"}}'
    headers:
      Accept:
      - application/json
      Accept-Encoding:
      - gzip, deflate
      CommandName:
      - cosmosdb mongodb user definition create
      Connection:
      - keep-alive
      Content-Length:
      - '208'
      Content-Type:
      - application/json
      ParameterSetName:
      - -g -a -b
      User-Agent:
      - AZURECLI/2.46.0 azsdk-python-mgmt-cosmosdb/0.7.0 Python/3.10.2 (Windows-10-10.0.19045-SP0)
    method: PUT
    uri: https://eastus2euap.management.azure.com/subscriptions/00000000-0000-0000-0000-000000000000/resourceGroups/cli_test_cosmosdb_mongodb_role000001/providers/Microsoft.DocumentDB/databaseAccounts/cli000002/mongodbUserDefinitions/randomuserid?api-version=2023-03-01-preview
  response:
    body:
      string: '{"code":"BadRequest","message":"A Mongo User Definition with given
        ID [randomuserid] id not valid. The Mongo User Definition should follow the
        format dbName.userName for database '''' and userName ''''\r\nActivityId:
        cf0633a5-d477-11ed-b29f-8cdcd4532c5b, Microsoft.Azure.Documents.Common/2.14.0"}'
    headers:
      cache-control:
      - no-store, no-cache
      content-length:
      - '292'
      content-type:
      - application/json
      date:
      - Thu, 06 Apr 2023 12:37:37 GMT
      pragma:
      - no-cache
      server:
      - Microsoft-HTTPAPI/2.0
      strict-transport-security:
      - max-age=31536000; includeSubDomains
      x-content-type-options:
      - nosniff
      x-ms-gatewayversion:
      - version=2.14.0
      x-ms-ratelimit-remaining-subscription-writes:
      - '1190'
    status:
      code: 400
      message: BadRequest
- request:
    body: null
    headers:
      Accept:
      - application/json
      Accept-Encoding:
      - gzip, deflate
      CommandName:
      - cosmosdb mongodb user definition delete
      Connection:
      - keep-alive
      Content-Length:
      - '0'
      ParameterSetName:
      - -g -a -i --yes
      User-Agent:
      - AZURECLI/2.46.0 azsdk-python-mgmt-cosmosdb/0.7.0 Python/3.10.2 (Windows-10-10.0.19045-SP0)
    method: DELETE
    uri: https://eastus2euap.management.azure.com/subscriptions/00000000-0000-0000-0000-000000000000/resourceGroups/cli_test_cosmosdb_mongodb_role000001/providers/Microsoft.DocumentDB/databaseAccounts/cli000002/mongodbUserDefinitions/cli000003.testUser?api-version=2023-03-01-preview
  response:
    body:
      string: ''
    headers:
      cache-control:
      - no-store, no-cache
      date:
      - Thu, 06 Apr 2023 12:37:39 GMT
      pragma:
      - no-cache
      server:
      - Microsoft-HTTPAPI/2.0
      strict-transport-security:
      - max-age=31536000; includeSubDomains
      x-content-type-options:
      - nosniff
      x-ms-activity-id:
      - d08ce4f2-d477-11ed-a5b5-8cdcd4532c5b
      x-ms-ratelimit-remaining-subscription-deletes:
      - '14997'
    status:
      code: 204
      message: No Content
- request:
    body: null
    headers:
      Accept:
      - application/json
      Accept-Encoding:
      - gzip, deflate
      CommandName:
      - cosmosdb mongodb user definition list
      Connection:
      - keep-alive
      ParameterSetName:
      - -g -a
      User-Agent:
      - AZURECLI/2.46.0 azsdk-python-mgmt-cosmosdb/0.7.0 Python/3.10.2 (Windows-10-10.0.19045-SP0)
    method: GET
    uri: https://eastus2euap.management.azure.com/subscriptions/00000000-0000-0000-0000-000000000000/resourceGroups/cli_test_cosmosdb_mongodb_role000001/providers/Microsoft.DocumentDB/databaseAccounts/cli000002/mongodbUserDefinitions?api-version=2023-03-01-preview
  response:
    body:
      string: '{"value":[]}'
    headers:
      cache-control:
      - no-store, no-cache
      content-length:
      - '12'
      content-type:
      - application/json
      date:
      - Thu, 06 Apr 2023 12:37:40 GMT
      pragma:
      - no-cache
      server:
      - Microsoft-HTTPAPI/2.0
      strict-transport-security:
      - max-age=31536000; includeSubDomains
      transfer-encoding:
      - chunked
      vary:
      - Accept-Encoding
      x-content-type-options:
      - nosniff
      x-ms-gatewayversion:
      - version=2.14.0
    status:
      code: 200
      message: Ok
- request:
    body: '{"properties": {"userName": "testUser", "password": "MyPass", "databaseName":
      "cli000003", "customData": "MyCustomData", "roles": [{"db": "cli000003", "role":
      "my_role_def1"}], "mechanisms": "SCRAM-SHA-256"}}'
    headers:
      Accept:
      - application/json
      Accept-Encoding:
      - gzip, deflate
      CommandName:
      - cosmosdb mongodb user definition create
      Connection:
      - keep-alive
      Content-Length:
      - '208'
      Content-Type:
      - application/json
      ParameterSetName:
      - -g -a -b
      User-Agent:
      - AZURECLI/2.46.0 azsdk-python-mgmt-cosmosdb/0.7.0 Python/3.10.2 (Windows-10-10.0.19045-SP0)
    method: PUT
    uri: https://eastus2euap.management.azure.com/subscriptions/00000000-0000-0000-0000-000000000000/resourceGroups/cli_test_cosmosdb_mongodb_role000001/providers/Microsoft.DocumentDB/databaseAccounts/cli000002/mongodbUserDefinitions/cli000003.testUser?api-version=2023-03-01-preview
  response:
    body:
      string: '{"status":"Enqueued"}'
    headers:
      azure-asyncoperation:
      - https://eastus2euap.management.azure.com/subscriptions/00000000-0000-0000-0000-000000000000/providers/Microsoft.DocumentDB/locations/westus2/operationsStatus/0877a8e5-e7af-4095-aef9-7e1416a12ed8?api-version=2023-03-01-preview
      cache-control:
      - no-store, no-cache
      content-length:
      - '21'
      content-type:
      - application/json
      date:
      - Thu, 06 Apr 2023 12:37:41 GMT
      location:
      - https://eastus2euap.management.azure.com/subscriptions/00000000-0000-0000-0000-000000000000/resourceGroups/cli_test_cosmosdb_mongodb_role000001/providers/Microsoft.DocumentDB/databaseAccounts/cli000002/mongodbUserDefinitions/cli000003.testUser/operationResults/0877a8e5-e7af-4095-aef9-7e1416a12ed8?api-version=2023-03-01-preview
      pragma:
      - no-cache
      server:
      - Microsoft-HTTPAPI/2.0
      strict-transport-security:
      - max-age=31536000; includeSubDomains
      x-content-type-options:
      - nosniff
      x-ms-gatewayversion:
      - version=2.14.0
      x-ms-ratelimit-remaining-subscription-writes:
      - '1189'
    status:
      code: 202
      message: Accepted
- request:
    body: null
    headers:
      Accept:
      - '*/*'
      Accept-Encoding:
      - gzip, deflate
      CommandName:
      - cosmosdb mongodb user definition create
      Connection:
      - keep-alive
      ParameterSetName:
      - -g -a -b
      User-Agent:
      - AZURECLI/2.46.0 azsdk-python-mgmt-cosmosdb/0.7.0 Python/3.10.2 (Windows-10-10.0.19045-SP0)
    method: GET
    uri: https://eastus2euap.management.azure.com/subscriptions/00000000-0000-0000-0000-000000000000/providers/Microsoft.DocumentDB/locations/westus2/operationsStatus/0877a8e5-e7af-4095-aef9-7e1416a12ed8?api-version=2023-03-01-preview
  response:
    body:
      string: '{"status":"Enqueued"}'
    headers:
      cache-control:
      - no-store, no-cache
      content-length:
      - '21'
      content-type:
      - application/json
      date:
      - Thu, 06 Apr 2023 12:37:41 GMT
      pragma:
      - no-cache
      server:
      - Microsoft-HTTPAPI/2.0
      strict-transport-security:
      - max-age=31536000; includeSubDomains
      transfer-encoding:
      - chunked
      vary:
      - Accept-Encoding
      x-content-type-options:
      - nosniff
      x-ms-gatewayversion:
      - version=2.14.0
    status:
      code: 200
      message: Ok
- request:
    body: null
    headers:
      Accept:
      - '*/*'
      Accept-Encoding:
      - gzip, deflate
      CommandName:
      - cosmosdb mongodb user definition create
      Connection:
      - keep-alive
      ParameterSetName:
      - -g -a -b
      User-Agent:
      - AZURECLI/2.46.0 azsdk-python-mgmt-cosmosdb/0.7.0 Python/3.10.2 (Windows-10-10.0.19045-SP0)
    method: GET
    uri: https://eastus2euap.management.azure.com/subscriptions/00000000-0000-0000-0000-000000000000/providers/Microsoft.DocumentDB/locations/westus2/operationsStatus/0877a8e5-e7af-4095-aef9-7e1416a12ed8?api-version=2023-03-01-preview
  response:
    body:
      string: '{"status":"Succeeded"}'
    headers:
      cache-control:
      - no-store, no-cache
      content-length:
      - '22'
      content-type:
      - application/json
      date:
      - Thu, 06 Apr 2023 12:38:12 GMT
      pragma:
      - no-cache
      server:
      - Microsoft-HTTPAPI/2.0
      strict-transport-security:
      - max-age=31536000; includeSubDomains
      transfer-encoding:
      - chunked
      vary:
      - Accept-Encoding
      x-content-type-options:
      - nosniff
      x-ms-gatewayversion:
      - version=2.14.0
    status:
      code: 200
      message: Ok
- request:
    body: null
    headers:
      Accept:
      - '*/*'
      Accept-Encoding:
      - gzip, deflate
      CommandName:
      - cosmosdb mongodb user definition create
      Connection:
      - keep-alive
      ParameterSetName:
      - -g -a -b
      User-Agent:
      - AZURECLI/2.46.0 azsdk-python-mgmt-cosmosdb/0.7.0 Python/3.10.2 (Windows-10-10.0.19045-SP0)
    method: GET
    uri: https://eastus2euap.management.azure.com/subscriptions/00000000-0000-0000-0000-000000000000/resourceGroups/cli_test_cosmosdb_mongodb_role000001/providers/Microsoft.DocumentDB/databaseAccounts/cli000002/mongodbUserDefinitions/cli000003.testUser?api-version=2023-03-01-preview
  response:
    body:
      string: '{"id":"/subscriptions/00000000-0000-0000-0000-000000000000/resourceGroups/cli_test_cosmosdb_mongodb_role000001/providers/Microsoft.DocumentDB/databaseAccounts/cli000002/mongodbUserDefinitions/cli000003.testUser","name":"testUser","properties":{"userName":"testUser","password":"","databaseName":"cli000003","customData":"","mechanisms":"SCRAM-SHA-256","roles":[{"db":"cli000003","role":"my_role_def1"}]},"type":"Microsoft.DocumentDB/databaseAccounts/mongodbUserDefinitions"}'
    headers:
      cache-control:
      - no-store, no-cache
      content-length:
      - '474'
      content-type:
      - application/json
      date:
      - Thu, 06 Apr 2023 12:38:12 GMT
      pragma:
      - no-cache
      server:
      - Microsoft-HTTPAPI/2.0
      strict-transport-security:
      - max-age=31536000; includeSubDomains
      transfer-encoding:
      - chunked
      vary:
      - Accept-Encoding
      x-content-type-options:
      - nosniff
      x-ms-gatewayversion:
      - version=2.14.0
    status:
      code: 200
      message: Ok
- request:
    body: null
    headers:
      Accept:
      - application/json
      Accept-Encoding:
      - gzip, deflate
      CommandName:
      - cosmosdb mongodb user definition exists
      Connection:
      - keep-alive
      ParameterSetName:
      - -g -a -i
      User-Agent:
      - AZURECLI/2.46.0 azsdk-python-mgmt-cosmosdb/0.7.0 Python/3.10.2 (Windows-10-10.0.19045-SP0)
    method: GET
    uri: https://eastus2euap.management.azure.com/subscriptions/00000000-0000-0000-0000-000000000000/resourceGroups/cli_test_cosmosdb_mongodb_role000001/providers/Microsoft.DocumentDB/databaseAccounts/cli000002/mongodbUserDefinitions/cli000003.testUser?api-version=2023-03-01-preview
  response:
    body:
      string: '{"id":"/subscriptions/00000000-0000-0000-0000-000000000000/resourceGroups/cli_test_cosmosdb_mongodb_role000001/providers/Microsoft.DocumentDB/databaseAccounts/cli000002/mongodbUserDefinitions/cli000003.testUser","name":"testUser","properties":{"userName":"testUser","password":"","databaseName":"cli000003","customData":"","mechanisms":"SCRAM-SHA-256","roles":[{"db":"cli000003","role":"my_role_def1"}]},"type":"Microsoft.DocumentDB/databaseAccounts/mongodbUserDefinitions"}'
    headers:
      cache-control:
      - no-store, no-cache
      content-length:
      - '474'
      content-type:
      - application/json
      date:
      - Thu, 06 Apr 2023 12:38:14 GMT
      pragma:
      - no-cache
      server:
      - Microsoft-HTTPAPI/2.0
      strict-transport-security:
      - max-age=31536000; includeSubDomains
      transfer-encoding:
      - chunked
      vary:
      - Accept-Encoding
      x-content-type-options:
      - nosniff
      x-ms-gatewayversion:
      - version=2.14.0
    status:
      code: 200
      message: Ok
- request:
    body: null
    headers:
      Accept:
      - application/json
      Accept-Encoding:
      - gzip, deflate
      CommandName:
      - cosmosdb mongodb user definition show
      Connection:
      - keep-alive
      ParameterSetName:
      - -g -a -i
      User-Agent:
      - AZURECLI/2.46.0 azsdk-python-mgmt-cosmosdb/0.7.0 Python/3.10.2 (Windows-10-10.0.19045-SP0)
    method: GET
    uri: https://eastus2euap.management.azure.com/subscriptions/00000000-0000-0000-0000-000000000000/resourceGroups/cli_test_cosmosdb_mongodb_role000001/providers/Microsoft.DocumentDB/databaseAccounts/cli000002/mongodbUserDefinitions/cli000003.testUser?api-version=2023-03-01-preview
  response:
    body:
      string: '{"id":"/subscriptions/00000000-0000-0000-0000-000000000000/resourceGroups/cli_test_cosmosdb_mongodb_role000001/providers/Microsoft.DocumentDB/databaseAccounts/cli000002/mongodbUserDefinitions/cli000003.testUser","name":"testUser","properties":{"userName":"testUser","password":"","databaseName":"cli000003","customData":"","mechanisms":"SCRAM-SHA-256","roles":[{"db":"cli000003","role":"my_role_def1"}]},"type":"Microsoft.DocumentDB/databaseAccounts/mongodbUserDefinitions"}'
    headers:
      cache-control:
      - no-store, no-cache
      content-length:
      - '474'
      content-type:
      - application/json
      date:
      - Thu, 06 Apr 2023 12:38:16 GMT
      pragma:
      - no-cache
      server:
      - Microsoft-HTTPAPI/2.0
      strict-transport-security:
      - max-age=31536000; includeSubDomains
      transfer-encoding:
      - chunked
      vary:
      - Accept-Encoding
      x-content-type-options:
      - nosniff
      x-ms-gatewayversion:
      - version=2.14.0
    status:
      code: 200
      message: Ok
- request:
    body: null
    headers:
      Accept:
      - application/json
      Accept-Encoding:
      - gzip, deflate
      CommandName:
      - cosmosdb mongodb user definition update
      Connection:
      - keep-alive
      ParameterSetName:
      - -g -a -b
      User-Agent:
      - AZURECLI/2.46.0 azsdk-python-mgmt-cosmosdb/0.7.0 Python/3.10.2 (Windows-10-10.0.19045-SP0)
    method: GET
    uri: https://eastus2euap.management.azure.com/subscriptions/00000000-0000-0000-0000-000000000000/resourceGroups/cli_test_cosmosdb_mongodb_role000001/providers/Microsoft.DocumentDB/databaseAccounts/cli000002/mongodbUserDefinitions/cli000003.testUser?api-version=2023-03-01-preview
  response:
    body:
      string: '{"id":"/subscriptions/00000000-0000-0000-0000-000000000000/resourceGroups/cli_test_cosmosdb_mongodb_role000001/providers/Microsoft.DocumentDB/databaseAccounts/cli000002/mongodbUserDefinitions/cli000003.testUser","name":"testUser","properties":{"userName":"testUser","password":"","databaseName":"cli000003","customData":"","mechanisms":"SCRAM-SHA-256","roles":[{"db":"cli000003","role":"my_role_def1"}]},"type":"Microsoft.DocumentDB/databaseAccounts/mongodbUserDefinitions"}'
    headers:
      cache-control:
      - no-store, no-cache
      content-length:
      - '474'
      content-type:
      - application/json
      date:
      - Thu, 06 Apr 2023 12:38:17 GMT
      pragma:
      - no-cache
      server:
      - Microsoft-HTTPAPI/2.0
      strict-transport-security:
      - max-age=31536000; includeSubDomains
      transfer-encoding:
      - chunked
      vary:
      - Accept-Encoding
      x-content-type-options:
      - nosniff
      x-ms-gatewayversion:
      - version=2.14.0
    status:
      code: 200
      message: Ok
- request:
    body: '{"properties": {"userName": "testUser", "password": "MyPass", "databaseName":
      "cli000003", "customData": "MyCustomData", "roles": [{"db": "cli000003", "role":
      "my_role_def2"}], "mechanisms": "SCRAM-SHA-256"}}'
    headers:
      Accept:
      - application/json
      Accept-Encoding:
      - gzip, deflate
      CommandName:
      - cosmosdb mongodb user definition update
      Connection:
      - keep-alive
      Content-Length:
      - '208'
      Content-Type:
      - application/json
      ParameterSetName:
      - -g -a -b
      User-Agent:
      - AZURECLI/2.46.0 azsdk-python-mgmt-cosmosdb/0.7.0 Python/3.10.2 (Windows-10-10.0.19045-SP0)
    method: PUT
    uri: https://eastus2euap.management.azure.com/subscriptions/00000000-0000-0000-0000-000000000000/resourceGroups/cli_test_cosmosdb_mongodb_role000001/providers/Microsoft.DocumentDB/databaseAccounts/cli000002/mongodbUserDefinitions/cli000003.testUser?api-version=2023-03-01-preview
  response:
    body:
      string: '{"status":"Enqueued"}'
    headers:
      azure-asyncoperation:
      - https://eastus2euap.management.azure.com/subscriptions/00000000-0000-0000-0000-000000000000/providers/Microsoft.DocumentDB/locations/westus2/operationsStatus/23734a5f-a4d4-409a-b8ba-a25b8b2d4d9b?api-version=2023-03-01-preview
      cache-control:
      - no-store, no-cache
      content-length:
      - '21'
      content-type:
      - application/json
      date:
      - Thu, 06 Apr 2023 12:38:19 GMT
      location:
      - https://eastus2euap.management.azure.com/subscriptions/00000000-0000-0000-0000-000000000000/resourceGroups/cli_test_cosmosdb_mongodb_role000001/providers/Microsoft.DocumentDB/databaseAccounts/cli000002/mongodbUserDefinitions/cli000003.testUser/operationResults/23734a5f-a4d4-409a-b8ba-a25b8b2d4d9b?api-version=2023-03-01-preview
      pragma:
      - no-cache
      server:
      - Microsoft-HTTPAPI/2.0
      strict-transport-security:
      - max-age=31536000; includeSubDomains
      x-content-type-options:
      - nosniff
      x-ms-gatewayversion:
      - version=2.14.0
      x-ms-ratelimit-remaining-subscription-writes:
      - '1188'
    status:
      code: 202
      message: Accepted
- request:
    body: null
    headers:
      Accept:
      - '*/*'
      Accept-Encoding:
      - gzip, deflate
      CommandName:
      - cosmosdb mongodb user definition update
      Connection:
      - keep-alive
      ParameterSetName:
      - -g -a -b
      User-Agent:
      - AZURECLI/2.46.0 azsdk-python-mgmt-cosmosdb/0.7.0 Python/3.10.2 (Windows-10-10.0.19045-SP0)
    method: GET
    uri: https://eastus2euap.management.azure.com/subscriptions/00000000-0000-0000-0000-000000000000/providers/Microsoft.DocumentDB/locations/westus2/operationsStatus/23734a5f-a4d4-409a-b8ba-a25b8b2d4d9b?api-version=2023-03-01-preview
  response:
    body:
      string: '{"status":"Enqueued"}'
    headers:
      cache-control:
      - no-store, no-cache
      content-length:
      - '21'
      content-type:
      - application/json
      date:
      - Thu, 06 Apr 2023 12:38:19 GMT
      pragma:
      - no-cache
      server:
      - Microsoft-HTTPAPI/2.0
      strict-transport-security:
      - max-age=31536000; includeSubDomains
      transfer-encoding:
      - chunked
      vary:
      - Accept-Encoding
      x-content-type-options:
      - nosniff
      x-ms-gatewayversion:
      - version=2.14.0
    status:
      code: 200
      message: Ok
- request:
    body: null
    headers:
      Accept:
      - '*/*'
      Accept-Encoding:
      - gzip, deflate
      CommandName:
      - cosmosdb mongodb user definition update
      Connection:
      - keep-alive
      ParameterSetName:
      - -g -a -b
      User-Agent:
      - AZURECLI/2.46.0 azsdk-python-mgmt-cosmosdb/0.7.0 Python/3.10.2 (Windows-10-10.0.19045-SP0)
    method: GET
    uri: https://eastus2euap.management.azure.com/subscriptions/00000000-0000-0000-0000-000000000000/providers/Microsoft.DocumentDB/locations/westus2/operationsStatus/23734a5f-a4d4-409a-b8ba-a25b8b2d4d9b?api-version=2023-03-01-preview
  response:
    body:
      string: '{"status":"Succeeded"}'
    headers:
      cache-control:
      - no-store, no-cache
      content-length:
      - '22'
      content-type:
      - application/json
      date:
      - Thu, 06 Apr 2023 12:38:49 GMT
      pragma:
      - no-cache
      server:
      - Microsoft-HTTPAPI/2.0
      strict-transport-security:
      - max-age=31536000; includeSubDomains
      transfer-encoding:
      - chunked
      vary:
      - Accept-Encoding
      x-content-type-options:
      - nosniff
      x-ms-gatewayversion:
      - version=2.14.0
    status:
      code: 200
      message: Ok
- request:
    body: null
    headers:
      Accept:
      - '*/*'
      Accept-Encoding:
      - gzip, deflate
      CommandName:
      - cosmosdb mongodb user definition update
      Connection:
      - keep-alive
      ParameterSetName:
      - -g -a -b
      User-Agent:
      - AZURECLI/2.46.0 azsdk-python-mgmt-cosmosdb/0.7.0 Python/3.10.2 (Windows-10-10.0.19045-SP0)
    method: GET
    uri: https://eastus2euap.management.azure.com/subscriptions/00000000-0000-0000-0000-000000000000/resourceGroups/cli_test_cosmosdb_mongodb_role000001/providers/Microsoft.DocumentDB/databaseAccounts/cli000002/mongodbUserDefinitions/cli000003.testUser?api-version=2023-03-01-preview
  response:
    body:
      string: '{"id":"/subscriptions/00000000-0000-0000-0000-000000000000/resourceGroups/cli_test_cosmosdb_mongodb_role000001/providers/Microsoft.DocumentDB/databaseAccounts/cli000002/mongodbUserDefinitions/cli000003.testUser","name":"testUser","properties":{"userName":"testUser","password":"","databaseName":"cli000003","customData":"","mechanisms":"SCRAM-SHA-256","roles":[{"db":"cli000003","role":"my_role_def2"}]},"type":"Microsoft.DocumentDB/databaseAccounts/mongodbUserDefinitions"}'
    headers:
      cache-control:
      - no-store, no-cache
      content-length:
      - '474'
      content-type:
      - application/json
      date:
      - Thu, 06 Apr 2023 12:38:49 GMT
      pragma:
      - no-cache
      server:
      - Microsoft-HTTPAPI/2.0
      strict-transport-security:
      - max-age=31536000; includeSubDomains
      transfer-encoding:
      - chunked
      vary:
      - Accept-Encoding
      x-content-type-options:
      - nosniff
      x-ms-gatewayversion:
      - version=2.14.0
    status:
      code: 200
      message: Ok
- request:
    body: null
    headers:
      Accept:
      - application/json
      Accept-Encoding:
      - gzip, deflate
      CommandName:
      - cosmosdb mongodb user definition list
      Connection:
      - keep-alive
      ParameterSetName:
      - -g -a
      User-Agent:
      - AZURECLI/2.46.0 azsdk-python-mgmt-cosmosdb/0.7.0 Python/3.10.2 (Windows-10-10.0.19045-SP0)
    method: GET
    uri: https://eastus2euap.management.azure.com/subscriptions/00000000-0000-0000-0000-000000000000/resourceGroups/cli_test_cosmosdb_mongodb_role000001/providers/Microsoft.DocumentDB/databaseAccounts/cli000002/mongodbUserDefinitions?api-version=2023-03-01-preview
  response:
    body:
      string: '{"value":[{"id":"/subscriptions/00000000-0000-0000-0000-000000000000/resourceGroups/cli_test_cosmosdb_mongodb_role000001/providers/Microsoft.DocumentDB/databaseAccounts/cli000002/mongodbUserDefinitions/cli000003.testUser","name":"testUser","properties":{"userName":"testUser","password":"","databaseName":"cli000003","customData":"","mechanisms":"SCRAM-SHA-256","roles":[{"db":"cli000003","role":"my_role_def2"}]},"type":"Microsoft.DocumentDB/databaseAccounts/mongodbUserDefinitions"}]}'
    headers:
      cache-control:
      - no-store, no-cache
      content-length:
      - '486'
      content-type:
      - application/json
      date:
      - Thu, 06 Apr 2023 12:38:51 GMT
      pragma:
      - no-cache
      server:
      - Microsoft-HTTPAPI/2.0
      strict-transport-security:
      - max-age=31536000; includeSubDomains
      transfer-encoding:
      - chunked
      vary:
      - Accept-Encoding
      x-content-type-options:
      - nosniff
      x-ms-gatewayversion:
      - version=2.14.0
    status:
      code: 200
      message: Ok
- request:
    body: null
    headers:
      Accept:
      - application/json
      Accept-Encoding:
      - gzip, deflate
      CommandName:
      - cosmosdb mongodb user definition delete
      Connection:
      - keep-alive
      Content-Length:
      - '0'
      ParameterSetName:
      - -g -a -i --yes
      User-Agent:
      - AZURECLI/2.46.0 azsdk-python-mgmt-cosmosdb/0.7.0 Python/3.10.2 (Windows-10-10.0.19045-SP0)
    method: DELETE
    uri: https://eastus2euap.management.azure.com/subscriptions/00000000-0000-0000-0000-000000000000/resourceGroups/cli_test_cosmosdb_mongodb_role000001/providers/Microsoft.DocumentDB/databaseAccounts/cli000002/mongodbUserDefinitions/cli000003.testUser?api-version=2023-03-01-preview
  response:
    body:
      string: '{"status":"Enqueued"}'
    headers:
      azure-asyncoperation:
      - https://eastus2euap.management.azure.com/subscriptions/00000000-0000-0000-0000-000000000000/providers/Microsoft.DocumentDB/locations/westus2/operationsStatus/41002b06-bad1-4689-aa96-6bae9d43b85b?api-version=2023-03-01-preview
      cache-control:
      - no-store, no-cache
      content-length:
      - '21'
      content-type:
      - application/json
      date:
      - Thu, 06 Apr 2023 12:38:53 GMT
      location:
      - https://eastus2euap.management.azure.com/subscriptions/00000000-0000-0000-0000-000000000000/resourceGroups/cli_test_cosmosdb_mongodb_role000001/providers/Microsoft.DocumentDB/databaseAccounts/cli000002/mongodbUserDefinitions/cli000003.testUser/operationResults/41002b06-bad1-4689-aa96-6bae9d43b85b?api-version=2023-03-01-preview
      pragma:
      - no-cache
      server:
      - Microsoft-HTTPAPI/2.0
      strict-transport-security:
      - max-age=31536000; includeSubDomains
      x-content-type-options:
      - nosniff
      x-ms-gatewayversion:
      - version=2.14.0
      x-ms-ratelimit-remaining-subscription-deletes:
      - '14996'
    status:
      code: 202
      message: Accepted
- request:
    body: null
    headers:
      Accept:
      - '*/*'
      Accept-Encoding:
      - gzip, deflate
      CommandName:
      - cosmosdb mongodb user definition delete
      Connection:
      - keep-alive
      ParameterSetName:
      - -g -a -i --yes
      User-Agent:
      - AZURECLI/2.46.0 azsdk-python-mgmt-cosmosdb/0.7.0 Python/3.10.2 (Windows-10-10.0.19045-SP0)
    method: GET
    uri: https://eastus2euap.management.azure.com/subscriptions/00000000-0000-0000-0000-000000000000/providers/Microsoft.DocumentDB/locations/westus2/operationsStatus/41002b06-bad1-4689-aa96-6bae9d43b85b?api-version=2023-03-01-preview
  response:
    body:
      string: '{"status":"Enqueued"}'
    headers:
      cache-control:
      - no-store, no-cache
      content-length:
      - '21'
      content-type:
      - application/json
      date:
      - Thu, 06 Apr 2023 12:38:53 GMT
      pragma:
      - no-cache
      server:
      - Microsoft-HTTPAPI/2.0
      strict-transport-security:
      - max-age=31536000; includeSubDomains
      transfer-encoding:
      - chunked
      vary:
      - Accept-Encoding
      x-content-type-options:
      - nosniff
      x-ms-gatewayversion:
      - version=2.14.0
    status:
      code: 200
      message: Ok
- request:
    body: null
    headers:
      Accept:
      - '*/*'
      Accept-Encoding:
      - gzip, deflate
      CommandName:
      - cosmosdb mongodb user definition delete
      Connection:
      - keep-alive
      ParameterSetName:
      - -g -a -i --yes
      User-Agent:
      - AZURECLI/2.46.0 azsdk-python-mgmt-cosmosdb/0.7.0 Python/3.10.2 (Windows-10-10.0.19045-SP0)
    method: GET
    uri: https://eastus2euap.management.azure.com/subscriptions/00000000-0000-0000-0000-000000000000/providers/Microsoft.DocumentDB/locations/westus2/operationsStatus/41002b06-bad1-4689-aa96-6bae9d43b85b?api-version=2023-03-01-preview
  response:
    body:
      string: '{"status":"Succeeded"}'
    headers:
      cache-control:
      - no-store, no-cache
      content-length:
      - '22'
      content-type:
      - application/json
      date:
      - Thu, 06 Apr 2023 12:39:23 GMT
      pragma:
      - no-cache
      server:
      - Microsoft-HTTPAPI/2.0
      strict-transport-security:
      - max-age=31536000; includeSubDomains
      transfer-encoding:
      - chunked
      vary:
      - Accept-Encoding
      x-content-type-options:
      - nosniff
      x-ms-gatewayversion:
      - version=2.14.0
    status:
      code: 200
      message: Ok
- request:
    body: null
    headers:
      Accept:
      - application/json
      Accept-Encoding:
      - gzip, deflate
      CommandName:
      - cosmosdb mongodb user definition list
      Connection:
      - keep-alive
      ParameterSetName:
      - -g -a
      User-Agent:
      - AZURECLI/2.46.0 azsdk-python-mgmt-cosmosdb/0.7.0 Python/3.10.2 (Windows-10-10.0.19045-SP0)
    method: GET
    uri: https://eastus2euap.management.azure.com/subscriptions/00000000-0000-0000-0000-000000000000/resourceGroups/cli_test_cosmosdb_mongodb_role000001/providers/Microsoft.DocumentDB/databaseAccounts/cli000002/mongodbUserDefinitions?api-version=2023-03-01-preview
  response:
    body:
      string: '{"value":[]}'
    headers:
      cache-control:
      - no-store, no-cache
      content-length:
      - '12'
      content-type:
      - application/json
      date:
      - Thu, 06 Apr 2023 12:39:25 GMT
      pragma:
      - no-cache
      server:
      - Microsoft-HTTPAPI/2.0
      strict-transport-security:
      - max-age=31536000; includeSubDomains
      transfer-encoding:
      - chunked
      vary:
      - Accept-Encoding
      x-content-type-options:
      - nosniff
      x-ms-gatewayversion:
      - version=2.14.0
    status:
      code: 200
      message: Ok
- request:
    body: null
    headers:
      Accept:
      - application/json
      Accept-Encoding:
      - gzip, deflate
      CommandName:
      - cosmosdb mongodb role definition delete
      Connection:
      - keep-alive
      Content-Length:
      - '0'
      ParameterSetName:
      - -g -a -i --yes
      User-Agent:
      - AZURECLI/2.46.0 azsdk-python-mgmt-cosmosdb/0.7.0 Python/3.10.2 (Windows-10-10.0.19045-SP0)
    method: DELETE
    uri: https://eastus2euap.management.azure.com/subscriptions/00000000-0000-0000-0000-000000000000/resourceGroups/cli_test_cosmosdb_mongodb_role000001/providers/Microsoft.DocumentDB/databaseAccounts/cli000002/mongodbRoleDefinitions/cli000003.my_role_def1?api-version=2023-03-01-preview
  response:
    body:
      string: '{"status":"Enqueued"}'
    headers:
      azure-asyncoperation:
      - https://eastus2euap.management.azure.com/subscriptions/00000000-0000-0000-0000-000000000000/providers/Microsoft.DocumentDB/locations/westus2/operationsStatus/7d60366a-aa98-4f16-98e1-2c8c3c4196c0?api-version=2023-03-01-preview
      cache-control:
      - no-store, no-cache
      content-length:
      - '21'
      content-type:
      - application/json
      date:
      - Thu, 06 Apr 2023 12:39:27 GMT
      location:
      - https://eastus2euap.management.azure.com/subscriptions/00000000-0000-0000-0000-000000000000/resourceGroups/cli_test_cosmosdb_mongodb_role000001/providers/Microsoft.DocumentDB/databaseAccounts/cli000002/mongodbRoleDefinitions/cli000003.my_role_def1/operationResults/7d60366a-aa98-4f16-98e1-2c8c3c4196c0?api-version=2023-03-01-preview
      pragma:
      - no-cache
      server:
      - Microsoft-HTTPAPI/2.0
      strict-transport-security:
      - max-age=31536000; includeSubDomains
      x-content-type-options:
      - nosniff
      x-ms-gatewayversion:
      - version=2.14.0
      x-ms-ratelimit-remaining-subscription-deletes:
      - '14998'
    status:
      code: 202
      message: Accepted
- request:
    body: null
    headers:
      Accept:
      - '*/*'
      Accept-Encoding:
      - gzip, deflate
      CommandName:
      - cosmosdb mongodb role definition delete
      Connection:
      - keep-alive
      ParameterSetName:
      - -g -a -i --yes
      User-Agent:
      - AZURECLI/2.46.0 azsdk-python-mgmt-cosmosdb/0.7.0 Python/3.10.2 (Windows-10-10.0.19045-SP0)
    method: GET
    uri: https://eastus2euap.management.azure.com/subscriptions/00000000-0000-0000-0000-000000000000/providers/Microsoft.DocumentDB/locations/westus2/operationsStatus/7d60366a-aa98-4f16-98e1-2c8c3c4196c0?api-version=2023-03-01-preview
  response:
    body:
      string: '{"status":"Enqueued"}'
    headers:
      cache-control:
      - no-store, no-cache
      content-length:
      - '21'
      content-type:
      - application/json
      date:
      - Thu, 06 Apr 2023 12:39:27 GMT
      pragma:
      - no-cache
      server:
      - Microsoft-HTTPAPI/2.0
      strict-transport-security:
      - max-age=31536000; includeSubDomains
      transfer-encoding:
      - chunked
      vary:
      - Accept-Encoding
      x-content-type-options:
      - nosniff
      x-ms-gatewayversion:
      - version=2.14.0
    status:
      code: 200
      message: Ok
- request:
    body: null
    headers:
      Accept:
      - '*/*'
      Accept-Encoding:
      - gzip, deflate
      CommandName:
      - cosmosdb mongodb role definition delete
      Connection:
      - keep-alive
      ParameterSetName:
      - -g -a -i --yes
      User-Agent:
      - AZURECLI/2.46.0 azsdk-python-mgmt-cosmosdb/0.7.0 Python/3.10.2 (Windows-10-10.0.19045-SP0)
    method: GET
    uri: https://eastus2euap.management.azure.com/subscriptions/00000000-0000-0000-0000-000000000000/providers/Microsoft.DocumentDB/locations/westus2/operationsStatus/7d60366a-aa98-4f16-98e1-2c8c3c4196c0?api-version=2023-03-01-preview
  response:
    body:
      string: '{"status":"Succeeded"}'
    headers:
      cache-control:
      - no-store, no-cache
      content-length:
      - '22'
      content-type:
      - application/json
      date:
      - Thu, 06 Apr 2023 12:39:57 GMT
      pragma:
      - no-cache
      server:
      - Microsoft-HTTPAPI/2.0
      strict-transport-security:
      - max-age=31536000; includeSubDomains
      transfer-encoding:
      - chunked
      vary:
      - Accept-Encoding
      x-content-type-options:
      - nosniff
      x-ms-gatewayversion:
      - version=2.14.0
    status:
      code: 200
      message: Ok
- request:
    body: null
    headers:
      Accept:
      - application/json
      Accept-Encoding:
      - gzip, deflate
      CommandName:
      - cosmosdb mongodb role definition list
      Connection:
      - keep-alive
      ParameterSetName:
      - -g -a
      User-Agent:
      - AZURECLI/2.46.0 azsdk-python-mgmt-cosmosdb/0.7.0 Python/3.10.2 (Windows-10-10.0.19045-SP0)
    method: GET
    uri: https://eastus2euap.management.azure.com/subscriptions/00000000-0000-0000-0000-000000000000/resourceGroups/cli_test_cosmosdb_mongodb_role000001/providers/Microsoft.DocumentDB/databaseAccounts/cli000002/mongodbRoleDefinitions?api-version=2023-03-01-preview
  response:
    body:
      string: '{"value":[{"id":"/subscriptions/00000000-0000-0000-0000-000000000000/resourceGroups/cli_test_cosmosdb_mongodb_role000001/providers/Microsoft.DocumentDB/databaseAccounts/cli000002/mongodbRoleDefinitions/cli000003.my_role_def2","name":"my_role_def2","properties":{"roleName":"my_role_def2","type":1,"databaseName":"cli000003","privileges":[{"resource":{"db":"cli000003","collection":"test"},"actions":["insert"]}],"roles":[]},"type":"Microsoft.DocumentDB/databaseAccounts/mongodbRoleDefinitions"}]}'
    headers:
      cache-control:
      - no-store, no-cache
      content-length:
      - '496'
      content-type:
      - application/json
      date:
      - Thu, 06 Apr 2023 12:39:59 GMT
      pragma:
      - no-cache
      server:
      - Microsoft-HTTPAPI/2.0
      strict-transport-security:
      - max-age=31536000; includeSubDomains
      transfer-encoding:
      - chunked
      vary:
      - Accept-Encoding
      x-content-type-options:
      - nosniff
      x-ms-gatewayversion:
      - version=2.14.0
    status:
      code: 200
      message: Ok
- request:
    body: null
    headers:
      Accept:
      - application/json
      Accept-Encoding:
      - gzip, deflate
      CommandName:
      - cosmosdb mongodb role definition delete
      Connection:
      - keep-alive
      Content-Length:
      - '0'
      ParameterSetName:
      - -g -a -i --yes
      User-Agent:
      - AZURECLI/2.46.0 azsdk-python-mgmt-cosmosdb/0.7.0 Python/3.10.2 (Windows-10-10.0.19045-SP0)
    method: DELETE
    uri: https://eastus2euap.management.azure.com/subscriptions/00000000-0000-0000-0000-000000000000/resourceGroups/cli_test_cosmosdb_mongodb_role000001/providers/Microsoft.DocumentDB/databaseAccounts/cli000002/mongodbRoleDefinitions/cli000003.my_role_def2?api-version=2023-03-01-preview
  response:
    body:
      string: '{"status":"Enqueued"}'
    headers:
      azure-asyncoperation:
      - https://eastus2euap.management.azure.com/subscriptions/00000000-0000-0000-0000-000000000000/providers/Microsoft.DocumentDB/locations/westus2/operationsStatus/bba3cee3-e63b-46c3-bae3-256091ff7216?api-version=2023-03-01-preview
      cache-control:
      - no-store, no-cache
      content-length:
      - '21'
      content-type:
      - application/json
      date:
      - Thu, 06 Apr 2023 12:40:01 GMT
      location:
      - https://eastus2euap.management.azure.com/subscriptions/00000000-0000-0000-0000-000000000000/resourceGroups/cli_test_cosmosdb_mongodb_role000001/providers/Microsoft.DocumentDB/databaseAccounts/cli000002/mongodbRoleDefinitions/cli000003.my_role_def2/operationResults/bba3cee3-e63b-46c3-bae3-256091ff7216?api-version=2023-03-01-preview
      pragma:
      - no-cache
      server:
      - Microsoft-HTTPAPI/2.0
      strict-transport-security:
      - max-age=31536000; includeSubDomains
      x-content-type-options:
      - nosniff
      x-ms-gatewayversion:
      - version=2.14.0
      x-ms-ratelimit-remaining-subscription-deletes:
      - '14994'
    status:
      code: 202
      message: Accepted
- request:
    body: null
    headers:
      Accept:
      - '*/*'
      Accept-Encoding:
      - gzip, deflate
      CommandName:
      - cosmosdb mongodb role definition delete
      Connection:
      - keep-alive
      ParameterSetName:
      - -g -a -i --yes
      User-Agent:
      - AZURECLI/2.46.0 azsdk-python-mgmt-cosmosdb/0.7.0 Python/3.10.2 (Windows-10-10.0.19045-SP0)
    method: GET
    uri: https://eastus2euap.management.azure.com/subscriptions/00000000-0000-0000-0000-000000000000/providers/Microsoft.DocumentDB/locations/westus2/operationsStatus/bba3cee3-e63b-46c3-bae3-256091ff7216?api-version=2023-03-01-preview
  response:
    body:
      string: '{"status":"Enqueued"}'
    headers:
      cache-control:
      - no-store, no-cache
      content-length:
      - '21'
      content-type:
      - application/json
      date:
      - Thu, 06 Apr 2023 12:40:01 GMT
      pragma:
      - no-cache
      server:
      - Microsoft-HTTPAPI/2.0
      strict-transport-security:
      - max-age=31536000; includeSubDomains
      transfer-encoding:
      - chunked
      vary:
      - Accept-Encoding
      x-content-type-options:
      - nosniff
      x-ms-gatewayversion:
      - version=2.14.0
    status:
      code: 200
      message: Ok
- request:
    body: null
    headers:
      Accept:
      - '*/*'
      Accept-Encoding:
      - gzip, deflate
      CommandName:
      - cosmosdb mongodb role definition delete
      Connection:
      - keep-alive
      ParameterSetName:
      - -g -a -i --yes
      User-Agent:
      - AZURECLI/2.46.0 azsdk-python-mgmt-cosmosdb/0.7.0 Python/3.10.2 (Windows-10-10.0.19045-SP0)
    method: GET
    uri: https://eastus2euap.management.azure.com/subscriptions/00000000-0000-0000-0000-000000000000/providers/Microsoft.DocumentDB/locations/westus2/operationsStatus/bba3cee3-e63b-46c3-bae3-256091ff7216?api-version=2023-03-01-preview
  response:
    body:
      string: '{"status":"Succeeded"}'
    headers:
      cache-control:
      - no-store, no-cache
      content-length:
      - '22'
      content-type:
      - application/json
      date:
      - Thu, 06 Apr 2023 12:40:31 GMT
      pragma:
      - no-cache
      server:
      - Microsoft-HTTPAPI/2.0
      strict-transport-security:
      - max-age=31536000; includeSubDomains
      transfer-encoding:
      - chunked
      vary:
      - Accept-Encoding
      x-content-type-options:
      - nosniff
      x-ms-gatewayversion:
      - version=2.14.0
    status:
      code: 200
      message: Ok
- request:
    body: null
    headers:
      Accept:
      - application/json
      Accept-Encoding:
      - gzip, deflate
      CommandName:
      - cosmosdb mongodb role definition list
      Connection:
      - keep-alive
      ParameterSetName:
      - -g -a
      User-Agent:
      - AZURECLI/2.46.0 azsdk-python-mgmt-cosmosdb/0.7.0 Python/3.10.2 (Windows-10-10.0.19045-SP0)
    method: GET
    uri: https://eastus2euap.management.azure.com/subscriptions/00000000-0000-0000-0000-000000000000/resourceGroups/cli_test_cosmosdb_mongodb_role000001/providers/Microsoft.DocumentDB/databaseAccounts/cli000002/mongodbRoleDefinitions?api-version=2023-03-01-preview
  response:
    body:
      string: '{"value":[]}'
    headers:
      cache-control:
      - no-store, no-cache
      content-length:
      - '12'
      content-type:
      - application/json
      date:
      - Thu, 06 Apr 2023 12:40:33 GMT
      pragma:
      - no-cache
      server:
      - Microsoft-HTTPAPI/2.0
      strict-transport-security:
      - max-age=31536000; includeSubDomains
      transfer-encoding:
      - chunked
      vary:
      - Accept-Encoding
      x-content-type-options:
      - nosniff
      x-ms-gatewayversion:
      - version=2.14.0
    status:
      code: 200
      message: Ok
version: 1
