interactions:
- request:
    body: null
    headers:
      Accept:
      - application/json
      Accept-Encoding:
      - gzip, deflate
      CommandName:
      - cosmosdb create
      Connection:
      - keep-alive
      ParameterSetName:
      - -n -g --locations --capabilities
      User-Agent:
      - AZURECLI/2.50.0 azsdk-python-azure-mgmt-resource/23.1.0b2 Python/3.10.11 (Windows-10-10.0.23506-SP0)
    method: GET
    uri: https://management.azure.com/subscriptions/00000000-0000-0000-0000-000000000000/resourcegroups/cli_test_cosmosdb_dts_cassandra000001?api-version=2022-09-01
  response:
    body:
      string: '{"id":"/subscriptions/00000000-0000-0000-0000-000000000000/resourceGroups/cli_test_cosmosdb_dts_cassandra000001","name":"cli_test_cosmosdb_dts_cassandra000001","type":"Microsoft.Resources/resourceGroups","location":"eastus","tags":{"product":"azurecli","cause":"automation","test":"test_cosmosdb_dts","date":"2023-07-24T19:56:14Z","module":"cosmosdb-preview"},"properties":{"provisioningState":"Succeeded"}}'
    headers:
      cache-control:
      - no-cache
      content-length:
      - '407'
      content-type:
      - application/json; charset=utf-8
      date:
      - Mon, 24 Jul 2023 19:56:13 GMT
      expires:
      - '-1'
      pragma:
      - no-cache
      strict-transport-security:
      - max-age=31536000; includeSubDomains
      vary:
      - Accept-Encoding
      x-content-type-options:
      - nosniff
    status:
      code: 200
      message: OK
- request:
    body: '{"location": "eastus", "kind": "GlobalDocumentDB", "properties": {"locations":
      [{"locationName": "eastus", "failoverPriority": 0, "isZoneRedundant": false}],
      "databaseAccountOfferType": "Standard", "capabilities": [{"name": "EnableCassandra"}],
      "apiProperties": {}, "createMode": "Default"}}'
    headers:
      Accept:
      - application/json
      Accept-Encoding:
      - gzip, deflate
      CommandName:
      - cosmosdb create
      Connection:
      - keep-alive
      Content-Length:
      - '291'
      Content-Type:
      - application/json
      ParameterSetName:
      - -n -g --locations --capabilities
      User-Agent:
      - AZURECLI/2.50.0 azsdk-python-mgmt-cosmosdb/0.7.0 Python/3.10.11 (Windows-10-10.0.23506-SP0)
    method: PUT
    uri: https://management.azure.com/subscriptions/00000000-0000-0000-0000-000000000000/resourceGroups/cli_test_cosmosdb_dts_cassandra000001/providers/Microsoft.DocumentDB/databaseAccounts/cli000006?api-version=2023-03-15-preview
  response:
    body:
      string: '{"id":"/subscriptions/00000000-0000-0000-0000-000000000000/resourceGroups/cli_test_cosmosdb_dts_cassandra000001/providers/Microsoft.DocumentDB/databaseAccounts/cli000006","name":"cli000006","location":"East
        US","type":"Microsoft.DocumentDB/databaseAccounts","kind":"GlobalDocumentDB","tags":{},"systemData":{"createdAt":"2023-07-24T19:56:18.4294754Z"},"properties":{"provisioningState":"Creating","publicNetworkAccess":"Enabled","enableAutomaticFailover":false,"enableMultipleWriteLocations":false,"enablePartitionKeyMonitor":false,"isVirtualNetworkFilterEnabled":false,"virtualNetworkRules":[],"EnabledApiTypes":"Cassandra","disableKeyBasedMetadataWriteAccess":false,"enableFreeTier":false,"enableAnalyticalStorage":false,"analyticalStorageConfiguration":{"schemaType":"WellDefined"},"instanceId":"642f7fe7-1d16-4a99-a15e-418fab61f370","databaseAccountOfferType":"Standard","enableCassandraConnector":false,"connectorOffer":"","enableMaterializedViews":false,"defaultIdentity":"","networkAclBypass":"None","disableLocalAuth":false,"enablePartitionMerge":false,"enableBurstCapacity":false,"minimalTlsVersion":"Tls12","consistencyPolicy":{"defaultConsistencyLevel":"Session","maxIntervalInSeconds":5,"maxStalenessPrefix":100},"configurationOverrides":{},"writeLocations":[{"id":"cli000006-eastus","locationName":"East
        US","provisioningState":"Creating","failoverPriority":0,"isZoneRedundant":false}],"readLocations":[{"id":"cli000006-eastus","locationName":"East
        US","provisioningState":"Creating","failoverPriority":0,"isZoneRedundant":false}],"locations":[{"id":"cli000006-eastus","locationName":"East
        US","provisioningState":"Creating","failoverPriority":0,"isZoneRedundant":false}],"failoverPolicies":[{"id":"cli000006-eastus","locationName":"East
        US","failoverPriority":0}],"cors":[],"capabilities":[{"name":"EnableCassandra"}],"ipRules":[],"backupPolicy":{"type":"Periodic","periodicModeProperties":{"backupIntervalInMinutes":240,"backupRetentionIntervalInHours":8,"backupStorageRedundancy":"Invalid"}},"networkAclBypassResourceIds":[],"diagnosticLogSettings":{"enableFullTextQuery":"None"},"keysMetadata":{"primaryMasterKey":{"generationTime":"2023-07-24T19:56:18.4294754Z"},"secondaryMasterKey":{"generationTime":"2023-07-24T19:56:18.4294754Z"},"primaryReadonlyMasterKey":{"generationTime":"2023-07-24T19:56:18.4294754Z"},"secondaryReadonlyMasterKey":{"generationTime":"2023-07-24T19:56:18.4294754Z"}}},"identity":{"type":"None"}}'
    headers:
      azure-asyncoperation:
      - https://management.azure.com/subscriptions/00000000-0000-0000-0000-000000000000/providers/Microsoft.DocumentDB/locations/eastus/operationsStatus/752cc24e-2efd-4d8c-9cbc-9eaa728de936?api-version=2023-03-15-preview
      cache-control:
      - no-store, no-cache
      content-length:
      - '2437'
      content-type:
      - application/json
      date:
      - Mon, 24 Jul 2023 19:56:19 GMT
      location:
      - https://management.azure.com/subscriptions/00000000-0000-0000-0000-000000000000/resourceGroups/cli_test_cosmosdb_dts_cassandra000001/providers/Microsoft.DocumentDB/databaseAccounts/cli000006/operationResults/752cc24e-2efd-4d8c-9cbc-9eaa728de936?api-version=2023-03-15-preview
      pragma:
      - no-cache
      server:
      - Microsoft-HTTPAPI/2.0
      strict-transport-security:
      - max-age=31536000; includeSubDomains
      transfer-encoding:
      - chunked
      vary:
      - Accept-Encoding
      x-content-type-options:
      - nosniff
      x-ms-gatewayversion:
      - version=2.14.0
      x-ms-ratelimit-remaining-subscription-writes:
      - '1199'
    status:
      code: 200
      message: Ok
- request:
    body: null
    headers:
      Accept:
      - '*/*'
      Accept-Encoding:
      - gzip, deflate
      CommandName:
      - cosmosdb create
      Connection:
      - keep-alive
      ParameterSetName:
      - -n -g --locations --capabilities
      User-Agent:
      - AZURECLI/2.50.0 azsdk-python-mgmt-cosmosdb/0.7.0 Python/3.10.11 (Windows-10-10.0.23506-SP0)
    method: GET
    uri: https://management.azure.com/subscriptions/00000000-0000-0000-0000-000000000000/providers/Microsoft.DocumentDB/locations/eastus/operationsStatus/752cc24e-2efd-4d8c-9cbc-9eaa728de936?api-version=2023-03-15-preview
  response:
    body:
      string: '{"status":"Enqueued"}'
    headers:
      cache-control:
      - no-store, no-cache
      content-length:
      - '21'
      content-type:
      - application/json
      date:
      - Mon, 24 Jul 2023 19:56:20 GMT
      pragma:
      - no-cache
      server:
      - Microsoft-HTTPAPI/2.0
      strict-transport-security:
      - max-age=31536000; includeSubDomains
      transfer-encoding:
      - chunked
      vary:
      - Accept-Encoding
      x-content-type-options:
      - nosniff
      x-ms-gatewayversion:
      - version=2.14.0
    status:
      code: 200
      message: Ok
- request:
    body: null
    headers:
      Accept:
      - '*/*'
      Accept-Encoding:
      - gzip, deflate
      CommandName:
      - cosmosdb create
      Connection:
      - keep-alive
      ParameterSetName:
      - -n -g --locations --capabilities
      User-Agent:
      - AZURECLI/2.50.0 azsdk-python-mgmt-cosmosdb/0.7.0 Python/3.10.11 (Windows-10-10.0.23506-SP0)
    method: GET
    uri: https://management.azure.com/subscriptions/00000000-0000-0000-0000-000000000000/providers/Microsoft.DocumentDB/locations/eastus/operationsStatus/752cc24e-2efd-4d8c-9cbc-9eaa728de936?api-version=2023-03-15-preview
  response:
    body:
      string: '{"status":"Dequeued"}'
    headers:
      cache-control:
      - no-store, no-cache
      content-length:
      - '21'
      content-type:
      - application/json
      date:
      - Mon, 24 Jul 2023 19:56:50 GMT
      pragma:
      - no-cache
      server:
      - Microsoft-HTTPAPI/2.0
      strict-transport-security:
      - max-age=31536000; includeSubDomains
      transfer-encoding:
      - chunked
      vary:
      - Accept-Encoding
      x-content-type-options:
      - nosniff
      x-ms-gatewayversion:
      - version=2.14.0
    status:
      code: 200
      message: Ok
- request:
    body: null
    headers:
      Accept:
      - '*/*'
      Accept-Encoding:
      - gzip, deflate
      CommandName:
      - cosmosdb create
      Connection:
      - keep-alive
      ParameterSetName:
      - -n -g --locations --capabilities
      User-Agent:
      - AZURECLI/2.50.0 azsdk-python-mgmt-cosmosdb/0.7.0 Python/3.10.11 (Windows-10-10.0.23506-SP0)
    method: GET
    uri: https://management.azure.com/subscriptions/00000000-0000-0000-0000-000000000000/providers/Microsoft.DocumentDB/locations/eastus/operationsStatus/752cc24e-2efd-4d8c-9cbc-9eaa728de936?api-version=2023-03-15-preview
  response:
    body:
      string: '{"status":"Dequeued"}'
    headers:
      cache-control:
      - no-store, no-cache
      content-length:
      - '21'
      content-type:
      - application/json
      date:
      - Mon, 24 Jul 2023 19:57:20 GMT
      pragma:
      - no-cache
      server:
      - Microsoft-HTTPAPI/2.0
      strict-transport-security:
      - max-age=31536000; includeSubDomains
      transfer-encoding:
      - chunked
      vary:
      - Accept-Encoding
      x-content-type-options:
      - nosniff
      x-ms-gatewayversion:
      - version=2.14.0
    status:
      code: 200
      message: Ok
- request:
    body: null
    headers:
      Accept:
      - '*/*'
      Accept-Encoding:
      - gzip, deflate
      CommandName:
      - cosmosdb create
      Connection:
      - keep-alive
      ParameterSetName:
      - -n -g --locations --capabilities
      User-Agent:
      - AZURECLI/2.50.0 azsdk-python-mgmt-cosmosdb/0.7.0 Python/3.10.11 (Windows-10-10.0.23506-SP0)
    method: GET
    uri: https://management.azure.com/subscriptions/00000000-0000-0000-0000-000000000000/providers/Microsoft.DocumentDB/locations/eastus/operationsStatus/752cc24e-2efd-4d8c-9cbc-9eaa728de936?api-version=2023-03-15-preview
  response:
    body:
      string: '{"status":"Dequeued"}'
    headers:
      cache-control:
      - no-store, no-cache
      content-length:
      - '21'
      content-type:
      - application/json
      date:
      - Mon, 24 Jul 2023 19:57:51 GMT
      pragma:
      - no-cache
      server:
      - Microsoft-HTTPAPI/2.0
      strict-transport-security:
      - max-age=31536000; includeSubDomains
      transfer-encoding:
      - chunked
      vary:
      - Accept-Encoding
      x-content-type-options:
      - nosniff
      x-ms-gatewayversion:
      - version=2.14.0
    status:
      code: 200
      message: Ok
- request:
    body: null
    headers:
      Accept:
      - '*/*'
      Accept-Encoding:
      - gzip, deflate
      CommandName:
      - cosmosdb create
      Connection:
      - keep-alive
      ParameterSetName:
      - -n -g --locations --capabilities
      User-Agent:
      - AZURECLI/2.50.0 azsdk-python-mgmt-cosmosdb/0.7.0 Python/3.10.11 (Windows-10-10.0.23506-SP0)
    method: GET
    uri: https://management.azure.com/subscriptions/00000000-0000-0000-0000-000000000000/providers/Microsoft.DocumentDB/locations/eastus/operationsStatus/752cc24e-2efd-4d8c-9cbc-9eaa728de936?api-version=2023-03-15-preview
  response:
    body:
      string: '{"status":"Succeeded"}'
    headers:
      cache-control:
      - no-store, no-cache
      content-length:
      - '22'
      content-type:
      - application/json
      date:
      - Mon, 24 Jul 2023 19:58:21 GMT
      pragma:
      - no-cache
      server:
      - Microsoft-HTTPAPI/2.0
      strict-transport-security:
      - max-age=31536000; includeSubDomains
      transfer-encoding:
      - chunked
      vary:
      - Accept-Encoding
      x-content-type-options:
      - nosniff
      x-ms-gatewayversion:
      - version=2.14.0
    status:
      code: 200
      message: Ok
- request:
    body: null
    headers:
      Accept:
      - '*/*'
      Accept-Encoding:
      - gzip, deflate
      CommandName:
      - cosmosdb create
      Connection:
      - keep-alive
      ParameterSetName:
      - -n -g --locations --capabilities
      User-Agent:
      - AZURECLI/2.50.0 azsdk-python-mgmt-cosmosdb/0.7.0 Python/3.10.11 (Windows-10-10.0.23506-SP0)
    method: GET
    uri: https://management.azure.com/subscriptions/00000000-0000-0000-0000-000000000000/resourceGroups/cli_test_cosmosdb_dts_cassandra000001/providers/Microsoft.DocumentDB/databaseAccounts/cli000006?api-version=2023-03-15-preview
  response:
    body:
      string: '{"id":"/subscriptions/00000000-0000-0000-0000-000000000000/resourceGroups/cli_test_cosmosdb_dts_cassandra000001/providers/Microsoft.DocumentDB/databaseAccounts/cli000006","name":"cli000006","location":"East
        US","type":"Microsoft.DocumentDB/databaseAccounts","kind":"GlobalDocumentDB","tags":{},"systemData":{"createdAt":"2023-07-24T19:57:37.6002324Z"},"properties":{"provisioningState":"Succeeded","documentEndpoint":"https://cli000006.documents.azure.com:443/","cassandraEndpoint":"https://cli000006.cassandra.cosmos.azure.com:443/","sqlEndpoint":"https://cli000006.documents.azure.com:443/","publicNetworkAccess":"Enabled","enableAutomaticFailover":false,"enableMultipleWriteLocations":false,"enablePartitionKeyMonitor":false,"isVirtualNetworkFilterEnabled":false,"virtualNetworkRules":[],"EnabledApiTypes":"Cassandra","disableKeyBasedMetadataWriteAccess":false,"enableFreeTier":false,"enableAnalyticalStorage":false,"analyticalStorageConfiguration":{"schemaType":"WellDefined"},"instanceId":"642f7fe7-1d16-4a99-a15e-418fab61f370","databaseAccountOfferType":"Standard","enableCassandraConnector":false,"connectorOffer":"","enableMaterializedViews":false,"defaultIdentity":"FirstPartyIdentity","networkAclBypass":"None","disableLocalAuth":false,"enablePartitionMerge":false,"enableBurstCapacity":false,"minimalTlsVersion":"Tls12","consistencyPolicy":{"defaultConsistencyLevel":"Session","maxIntervalInSeconds":5,"maxStalenessPrefix":100},"configurationOverrides":{},"writeLocations":[{"id":"cli000006-eastus","locationName":"East
        US","documentEndpoint":"https://cli000006-eastus.documents.azure.com:443/","provisioningState":"Succeeded","failoverPriority":0,"isZoneRedundant":false}],"readLocations":[{"id":"cli000006-eastus","locationName":"East
        US","documentEndpoint":"https://cli000006-eastus.documents.azure.com:443/","provisioningState":"Succeeded","failoverPriority":0,"isZoneRedundant":false}],"locations":[{"id":"cli000006-eastus","locationName":"East
        US","documentEndpoint":"https://cli000006-eastus.documents.azure.com:443/","provisioningState":"Succeeded","failoverPriority":0,"isZoneRedundant":false}],"failoverPolicies":[{"id":"cli000006-eastus","locationName":"East
        US","failoverPriority":0}],"cors":[],"capabilities":[{"name":"EnableCassandra"}],"ipRules":[],"backupPolicy":{"type":"Periodic","periodicModeProperties":{"backupIntervalInMinutes":240,"backupRetentionIntervalInHours":8,"backupStorageRedundancy":"Geo"}},"networkAclBypassResourceIds":[],"diagnosticLogSettings":{"enableFullTextQuery":"None"},"keysMetadata":{"primaryMasterKey":{"generationTime":"2023-07-24T19:57:37.6002324Z"},"secondaryMasterKey":{"generationTime":"2023-07-24T19:57:37.6002324Z"},"primaryReadonlyMasterKey":{"generationTime":"2023-07-24T19:57:37.6002324Z"},"secondaryReadonlyMasterKey":{"generationTime":"2023-07-24T19:57:37.6002324Z"}}},"identity":{"type":"None"}}'
    headers:
      cache-control:
      - no-store, no-cache
      content-length:
      - '2863'
      content-type:
      - application/json
      date:
      - Mon, 24 Jul 2023 19:58:22 GMT
      pragma:
      - no-cache
      server:
      - Microsoft-HTTPAPI/2.0
      strict-transport-security:
      - max-age=31536000; includeSubDomains
      transfer-encoding:
      - chunked
      vary:
      - Accept-Encoding
      x-content-type-options:
      - nosniff
      x-ms-gatewayversion:
      - version=2.14.0
    status:
      code: 200
      message: Ok
- request:
    body: null
    headers:
      Accept:
      - application/json
      Accept-Encoding:
      - gzip, deflate
      CommandName:
      - cosmosdb create
      Connection:
      - keep-alive
      ParameterSetName:
      - -n -g --locations --capabilities
      User-Agent:
      - AZURECLI/2.50.0 azsdk-python-mgmt-cosmosdb/0.7.0 Python/3.10.11 (Windows-10-10.0.23506-SP0)
    method: GET
    uri: https://management.azure.com/subscriptions/00000000-0000-0000-0000-000000000000/resourceGroups/cli_test_cosmosdb_dts_cassandra000001/providers/Microsoft.DocumentDB/databaseAccounts/cli000006?api-version=2023-03-15-preview
  response:
    body:
      string: '{"id":"/subscriptions/00000000-0000-0000-0000-000000000000/resourceGroups/cli_test_cosmosdb_dts_cassandra000001/providers/Microsoft.DocumentDB/databaseAccounts/cli000006","name":"cli000006","location":"East
        US","type":"Microsoft.DocumentDB/databaseAccounts","kind":"GlobalDocumentDB","tags":{},"systemData":{"createdAt":"2023-07-24T19:57:37.6002324Z"},"properties":{"provisioningState":"Succeeded","documentEndpoint":"https://cli000006.documents.azure.com:443/","cassandraEndpoint":"https://cli000006.cassandra.cosmos.azure.com:443/","sqlEndpoint":"https://cli000006.documents.azure.com:443/","publicNetworkAccess":"Enabled","enableAutomaticFailover":false,"enableMultipleWriteLocations":false,"enablePartitionKeyMonitor":false,"isVirtualNetworkFilterEnabled":false,"virtualNetworkRules":[],"EnabledApiTypes":"Cassandra","disableKeyBasedMetadataWriteAccess":false,"enableFreeTier":false,"enableAnalyticalStorage":false,"analyticalStorageConfiguration":{"schemaType":"WellDefined"},"instanceId":"642f7fe7-1d16-4a99-a15e-418fab61f370","databaseAccountOfferType":"Standard","enableCassandraConnector":false,"connectorOffer":"","enableMaterializedViews":false,"defaultIdentity":"FirstPartyIdentity","networkAclBypass":"None","disableLocalAuth":false,"enablePartitionMerge":false,"enableBurstCapacity":false,"minimalTlsVersion":"Tls12","consistencyPolicy":{"defaultConsistencyLevel":"Session","maxIntervalInSeconds":5,"maxStalenessPrefix":100},"configurationOverrides":{},"writeLocations":[{"id":"cli000006-eastus","locationName":"East
        US","documentEndpoint":"https://cli000006-eastus.documents.azure.com:443/","provisioningState":"Succeeded","failoverPriority":0,"isZoneRedundant":false}],"readLocations":[{"id":"cli000006-eastus","locationName":"East
        US","documentEndpoint":"https://cli000006-eastus.documents.azure.com:443/","provisioningState":"Succeeded","failoverPriority":0,"isZoneRedundant":false}],"locations":[{"id":"cli000006-eastus","locationName":"East
        US","documentEndpoint":"https://cli000006-eastus.documents.azure.com:443/","provisioningState":"Succeeded","failoverPriority":0,"isZoneRedundant":false}],"failoverPolicies":[{"id":"cli000006-eastus","locationName":"East
        US","failoverPriority":0}],"cors":[],"capabilities":[{"name":"EnableCassandra"}],"ipRules":[],"backupPolicy":{"type":"Periodic","periodicModeProperties":{"backupIntervalInMinutes":240,"backupRetentionIntervalInHours":8,"backupStorageRedundancy":"Geo"}},"networkAclBypassResourceIds":[],"diagnosticLogSettings":{"enableFullTextQuery":"None"},"keysMetadata":{"primaryMasterKey":{"generationTime":"2023-07-24T19:57:37.6002324Z"},"secondaryMasterKey":{"generationTime":"2023-07-24T19:57:37.6002324Z"},"primaryReadonlyMasterKey":{"generationTime":"2023-07-24T19:57:37.6002324Z"},"secondaryReadonlyMasterKey":{"generationTime":"2023-07-24T19:57:37.6002324Z"}}},"identity":{"type":"None"}}'
    headers:
      cache-control:
      - no-store, no-cache
      content-length:
      - '2863'
      content-type:
      - application/json
      date:
      - Mon, 24 Jul 2023 19:58:23 GMT
      pragma:
      - no-cache
      server:
      - Microsoft-HTTPAPI/2.0
      strict-transport-security:
      - max-age=31536000; includeSubDomains
      transfer-encoding:
      - chunked
      vary:
      - Accept-Encoding
      x-content-type-options:
      - nosniff
      x-ms-gatewayversion:
      - version=2.14.0
    status:
      code: 200
      message: Ok
- request:
    body: null
    headers:
      Accept:
      - application/json
      Accept-Encoding:
      - gzip, deflate
      CommandName:
      - cosmosdb show
      Connection:
      - keep-alive
      ParameterSetName:
      - -n -g
      User-Agent:
      - AZURECLI/2.50.0 azsdk-python-mgmt-cosmosdb/0.7.0 Python/3.10.11 (Windows-10-10.0.23506-SP0)
    method: GET
    uri: https://management.azure.com/subscriptions/00000000-0000-0000-0000-000000000000/resourceGroups/cli_test_cosmosdb_dts_cassandra000001/providers/Microsoft.DocumentDB/databaseAccounts/cli000006?api-version=2023-03-15-preview
  response:
    body:
      string: '{"id":"/subscriptions/00000000-0000-0000-0000-000000000000/resourceGroups/cli_test_cosmosdb_dts_cassandra000001/providers/Microsoft.DocumentDB/databaseAccounts/cli000006","name":"cli000006","location":"East
        US","type":"Microsoft.DocumentDB/databaseAccounts","kind":"GlobalDocumentDB","tags":{},"systemData":{"createdAt":"2023-07-24T19:57:37.6002324Z"},"properties":{"provisioningState":"Succeeded","documentEndpoint":"https://cli000006.documents.azure.com:443/","cassandraEndpoint":"https://cli000006.cassandra.cosmos.azure.com:443/","sqlEndpoint":"https://cli000006.documents.azure.com:443/","publicNetworkAccess":"Enabled","enableAutomaticFailover":false,"enableMultipleWriteLocations":false,"enablePartitionKeyMonitor":false,"isVirtualNetworkFilterEnabled":false,"virtualNetworkRules":[],"EnabledApiTypes":"Cassandra","disableKeyBasedMetadataWriteAccess":false,"enableFreeTier":false,"enableAnalyticalStorage":false,"analyticalStorageConfiguration":{"schemaType":"WellDefined"},"instanceId":"642f7fe7-1d16-4a99-a15e-418fab61f370","databaseAccountOfferType":"Standard","enableCassandraConnector":false,"connectorOffer":"","enableMaterializedViews":false,"defaultIdentity":"FirstPartyIdentity","networkAclBypass":"None","disableLocalAuth":false,"enablePartitionMerge":false,"enableBurstCapacity":false,"minimalTlsVersion":"Tls12","consistencyPolicy":{"defaultConsistencyLevel":"Session","maxIntervalInSeconds":5,"maxStalenessPrefix":100},"configurationOverrides":{},"writeLocations":[{"id":"cli000006-eastus","locationName":"East
        US","documentEndpoint":"https://cli000006-eastus.documents.azure.com:443/","provisioningState":"Succeeded","failoverPriority":0,"isZoneRedundant":false}],"readLocations":[{"id":"cli000006-eastus","locationName":"East
        US","documentEndpoint":"https://cli000006-eastus.documents.azure.com:443/","provisioningState":"Succeeded","failoverPriority":0,"isZoneRedundant":false}],"locations":[{"id":"cli000006-eastus","locationName":"East
        US","documentEndpoint":"https://cli000006-eastus.documents.azure.com:443/","provisioningState":"Succeeded","failoverPriority":0,"isZoneRedundant":false}],"failoverPolicies":[{"id":"cli000006-eastus","locationName":"East
        US","failoverPriority":0}],"cors":[],"capabilities":[{"name":"EnableCassandra"}],"ipRules":[],"backupPolicy":{"type":"Periodic","periodicModeProperties":{"backupIntervalInMinutes":240,"backupRetentionIntervalInHours":8,"backupStorageRedundancy":"Geo"}},"networkAclBypassResourceIds":[],"diagnosticLogSettings":{"enableFullTextQuery":"None"},"keysMetadata":{"primaryMasterKey":{"generationTime":"2023-07-24T19:57:37.6002324Z"},"secondaryMasterKey":{"generationTime":"2023-07-24T19:57:37.6002324Z"},"primaryReadonlyMasterKey":{"generationTime":"2023-07-24T19:57:37.6002324Z"},"secondaryReadonlyMasterKey":{"generationTime":"2023-07-24T19:57:37.6002324Z"}}},"identity":{"type":"None"}}'
    headers:
      cache-control:
      - no-store, no-cache
      content-length:
      - '2863'
      content-type:
      - application/json
      date:
      - Mon, 24 Jul 2023 19:58:23 GMT
      pragma:
      - no-cache
      server:
      - Microsoft-HTTPAPI/2.0
      strict-transport-security:
      - max-age=31536000; includeSubDomains
      transfer-encoding:
      - chunked
      vary:
      - Accept-Encoding
      x-content-type-options:
      - nosniff
      x-ms-gatewayversion:
      - version=2.14.0
    status:
      code: 200
      message: Ok
- request:
    body: '{"properties": {"source": {"component": "CosmosDBCassandra", "keyspaceName":
      "cli000002", "tableName": "cli000003"}, "destination": {"component": "CosmosDBCassandra",
      "keyspaceName": "cli000002", "tableName": "cli000004"}}}'
    headers:
      Accept:
      - application/json
      Accept-Encoding:
      - gzip, deflate
      CommandName:
      - cosmosdb dts copy
      Connection:
      - keep-alive
      Content-Length:
      - '223'
      Content-Type:
      - application/json
      ParameterSetName:
      - -g --job-name --account-name --source-cassandra-table --dest-cassandra-table
      User-Agent:
      - AZURECLI/2.50.0 azsdk-python-mgmt-cosmosdb/0.7.0 Python/3.10.11 (Windows-10-10.0.23506-SP0)
    method: PUT
    uri: https://management.azure.com/subscriptions/00000000-0000-0000-0000-000000000000/resourceGroups/cli_test_cosmosdb_dts_cassandra000001/providers/Microsoft.DocumentDB/databaseAccounts/cli000006/dataTransferJobs/cli000005?api-version=2023-03-15-preview
  response:
    body:
      string: '{"id":"/subscriptions/00000000-0000-0000-0000-000000000000/resourceGroups/cli_test_cosmosdb_dts_cassandra000001/providers/Microsoft.DocumentDB/databaseAccounts/cli000006/dataTransferJobs/cli000005","type":"Microsoft.DocumentDB/databaseAccounts/dataTransferJobs","properties":{"jobName":"cli000005","status":"Pending","lastUpdatedUtcTime":"2023-07-24T19:58:25.1489012Z","processedCount":0,"totalCount":0,"source":{"keyspaceName":"cli000002","tableName":"cli000003","component":"CosmosDBCassandra"},"destination":{"keyspaceName":"cli000002","tableName":"cli000004","component":"CosmosDBCassandra"}}}'
    headers:
      cache-control:
      - no-store, no-cache
      content-length:
      - '597'
      content-type:
      - application/json
      date:
      - Mon, 24 Jul 2023 19:58:25 GMT
      pragma:
      - no-cache
      server:
      - Microsoft-HTTPAPI/2.0
      strict-transport-security:
      - max-age=31536000; includeSubDomains
      transfer-encoding:
      - chunked
      vary:
      - Accept-Encoding
      x-content-type-options:
      - nosniff
      x-ms-gatewayversion:
      - version=2.14.0
      x-ms-ratelimit-remaining-subscription-writes:
      - '1199'
    status:
      code: 200
      message: Ok
- request:
    body: null
    headers:
      Accept:
      - application/json
      Accept-Encoding:
      - gzip, deflate
      CommandName:
      - cosmosdb dts show
      Connection:
      - keep-alive
      ParameterSetName:
      - -g --account-name --job-name
      User-Agent:
      - AZURECLI/2.50.0 azsdk-python-mgmt-cosmosdb/0.7.0 Python/3.10.11 (Windows-10-10.0.23506-SP0)
    method: GET
    uri: https://management.azure.com/subscriptions/00000000-0000-0000-0000-000000000000/resourceGroups/cli_test_cosmosdb_dts_cassandra000001/providers/Microsoft.DocumentDB/databaseAccounts/cli000006/dataTransferJobs/cli000005?api-version=2023-03-15-preview
  response:
    body:
      string: '{"id":"/subscriptions/00000000-0000-0000-0000-000000000000/resourceGroups/cli_test_cosmosdb_dts_cassandra000001/providers/Microsoft.DocumentDB/databaseAccounts/cli000006/dataTransferJobs/cli000005","type":"Microsoft.DocumentDB/databaseAccounts/dataTransferJobs","properties":{"jobName":"cli000005","status":"Pending","lastUpdatedUtcTime":"2023-07-24T19:58:25Z","processedCount":0,"totalCount":0,"source":{"keyspaceName":"cli000002","tableName":"cli000003","component":"CosmosDBCassandra"},"destination":{"keyspaceName":"cli000002","tableName":"cli000004","component":"CosmosDBCassandra"}}}'
    headers:
      cache-control:
      - no-store, no-cache
      content-length:
      - '589'
      content-type:
      - application/json
      date:
      - Mon, 24 Jul 2023 19:58:26 GMT
      pragma:
      - no-cache
      server:
      - Microsoft-HTTPAPI/2.0
      strict-transport-security:
      - max-age=31536000; includeSubDomains
      transfer-encoding:
      - chunked
      vary:
      - Accept-Encoding
      x-content-type-options:
      - nosniff
      x-ms-gatewayversion:
      - version=2.14.0
    status:
      code: 200
      message: Ok
- request:
    body: null
    headers:
      Accept:
      - application/json
      Accept-Encoding:
      - gzip, deflate
      CommandName:
      - cosmosdb dts list
      Connection:
      - keep-alive
      ParameterSetName:
      - -g --account-name
      User-Agent:
      - AZURECLI/2.50.0 azsdk-python-mgmt-cosmosdb/0.7.0 Python/3.10.11 (Windows-10-10.0.23506-SP0)
    method: GET
    uri: https://management.azure.com/subscriptions/00000000-0000-0000-0000-000000000000/resourceGroups/cli_test_cosmosdb_dts_cassandra000001/providers/Microsoft.DocumentDB/databaseAccounts/cli000006/dataTransferJobs?api-version=2023-03-15-preview
  response:
    body:
      string: '{"value":[{"id":"/subscriptions/00000000-0000-0000-0000-000000000000/resourceGroups/cli_test_cosmosdb_dts_cassandra000001/providers/Microsoft.DocumentDB/databaseAccounts/cli000006/dataTransferJobs/cli000005","type":"Microsoft.DocumentDB/databaseAccounts/dataTransferJobs","properties":{"jobName":"cli000005","status":"Pending","lastUpdatedUtcTime":"2023-07-24T19:58:25Z","processedCount":0,"totalCount":0,"source":{"keyspaceName":"cli000002","tableName":"cli000003","component":"CosmosDBCassandra"},"destination":{"keyspaceName":"cli000002","tableName":"cli000004","component":"CosmosDBCassandra"}}}]}'
    headers:
      cache-control:
      - no-store, no-cache
      content-length:
      - '601'
      content-type:
      - application/json
      date:
      - Mon, 24 Jul 2023 19:58:27 GMT
      pragma:
      - no-cache
      server:
      - Microsoft-HTTPAPI/2.0
      strict-transport-security:
      - max-age=31536000; includeSubDomains
      transfer-encoding:
      - chunked
      vary:
      - Accept-Encoding
      x-content-type-options:
      - nosniff
      x-ms-gatewayversion:
      - version=2.14.0
    status:
      code: 200
      message: Ok
- request:
    body: null
    headers:
      Accept:
      - application/json
      Accept-Encoding:
      - gzip, deflate
      CommandName:
      - cosmosdb dts pause
      Connection:
      - keep-alive
      Content-Length:
      - '0'
      ParameterSetName:
      - -g --account-name --job-name
      User-Agent:
      - AZURECLI/2.50.0 azsdk-python-mgmt-cosmosdb/0.7.0 Python/3.10.11 (Windows-10-10.0.23506-SP0)
    method: POST
    uri: https://management.azure.com/subscriptions/00000000-0000-0000-0000-000000000000/resourceGroups/cli_test_cosmosdb_dts_cassandra000001/providers/Microsoft.DocumentDB/databaseAccounts/cli000006/dataTransferJobs/cli000005/pause?api-version=2023-03-15-preview
  response:
    body:
      string: '{"id":"/subscriptions/00000000-0000-0000-0000-000000000000/resourceGroups/cli_test_cosmosdb_dts_cassandra000001/providers/Microsoft.DocumentDB/databaseAccounts/cli000006/dataTransferJobs/cli000005","type":"Microsoft.DocumentDB/databaseAccounts/dataTransferJobs","properties":{"jobName":"cli000005","status":"Paused","lastUpdatedUtcTime":"2023-07-24T19:58:29Z","processedCount":0,"totalCount":0,"source":{"keyspaceName":"cli000002","tableName":"cli000003","component":"CosmosDBCassandra"},"destination":{"keyspaceName":"cli000002","tableName":"cli000004","component":"CosmosDBCassandra"}}}'
    headers:
      cache-control:
      - no-store, no-cache
      content-length:
      - '588'
      content-type:
      - application/json
      date:
      - Mon, 24 Jul 2023 19:58:29 GMT
      pragma:
      - no-cache
      server:
      - Microsoft-HTTPAPI/2.0
      strict-transport-security:
      - max-age=31536000; includeSubDomains
      transfer-encoding:
      - chunked
      vary:
      - Accept-Encoding
      x-content-type-options:
      - nosniff
      x-ms-gatewayversion:
      - version=2.14.0
      x-ms-ratelimit-remaining-subscription-writes:
      - '1199'
    status:
      code: 200
      message: Ok
- request:
    body: null
    headers:
      Accept:
      - application/json
      Accept-Encoding:
      - gzip, deflate
      CommandName:
      - cosmosdb dts show
      Connection:
      - keep-alive
      ParameterSetName:
      - -g --account-name --job-name
      User-Agent:
      - AZURECLI/2.50.0 azsdk-python-mgmt-cosmosdb/0.7.0 Python/3.10.11 (Windows-10-10.0.23506-SP0)
    method: GET
    uri: https://management.azure.com/subscriptions/00000000-0000-0000-0000-000000000000/resourceGroups/cli_test_cosmosdb_dts_cassandra000001/providers/Microsoft.DocumentDB/databaseAccounts/cli000006/dataTransferJobs/cli000005?api-version=2023-03-15-preview
  response:
    body:
      string: '{"id":"/subscriptions/00000000-0000-0000-0000-000000000000/resourceGroups/cli_test_cosmosdb_dts_cassandra000001/providers/Microsoft.DocumentDB/databaseAccounts/cli000006/dataTransferJobs/cli000005","type":"Microsoft.DocumentDB/databaseAccounts/dataTransferJobs","properties":{"jobName":"cli000005","status":"Paused","lastUpdatedUtcTime":"2023-07-24T19:58:29Z","processedCount":0,"totalCount":0,"source":{"keyspaceName":"cli000002","tableName":"cli000003","component":"CosmosDBCassandra"},"destination":{"keyspaceName":"cli000002","tableName":"cli000004","component":"CosmosDBCassandra"}}}'
    headers:
      cache-control:
      - no-store, no-cache
      content-length:
      - '588'
      content-type:
      - application/json
      date:
      - Mon, 24 Jul 2023 19:58:31 GMT
      pragma:
      - no-cache
      server:
      - Microsoft-HTTPAPI/2.0
      strict-transport-security:
      - max-age=31536000; includeSubDomains
      transfer-encoding:
      - chunked
      vary:
      - Accept-Encoding
      x-content-type-options:
      - nosniff
      x-ms-gatewayversion:
      - version=2.14.0
    status:
      code: 200
      message: Ok
- request:
    body: null
    headers:
      Accept:
      - application/json
      Accept-Encoding:
      - gzip, deflate
      CommandName:
      - cosmosdb dts resume
      Connection:
      - keep-alive
      Content-Length:
      - '0'
      ParameterSetName:
      - -g --account-name --job-name
      User-Agent:
      - AZURECLI/2.50.0 azsdk-python-mgmt-cosmosdb/0.7.0 Python/3.10.11 (Windows-10-10.0.23506-SP0)
    method: POST
    uri: https://management.azure.com/subscriptions/00000000-0000-0000-0000-000000000000/resourceGroups/cli_test_cosmosdb_dts_cassandra000001/providers/Microsoft.DocumentDB/databaseAccounts/cli000006/dataTransferJobs/cli000005/resume?api-version=2023-03-15-preview
  response:
    body:
      string: '{"id":"/subscriptions/00000000-0000-0000-0000-000000000000/resourceGroups/cli_test_cosmosdb_dts_cassandra000001/providers/Microsoft.DocumentDB/databaseAccounts/cli000006/dataTransferJobs/cli000005","type":"Microsoft.DocumentDB/databaseAccounts/dataTransferJobs","properties":{"jobName":"cli000005","status":"Pending","lastUpdatedUtcTime":"2023-07-24T19:58:32Z","processedCount":0,"totalCount":0,"source":{"keyspaceName":"cli000002","tableName":"cli000003","component":"CosmosDBCassandra"},"destination":{"keyspaceName":"cli000002","tableName":"cli000004","component":"CosmosDBCassandra"}}}'
    headers:
      cache-control:
      - no-store, no-cache
      content-length:
      - '589'
      content-type:
      - application/json
      date:
      - Mon, 24 Jul 2023 19:58:33 GMT
      pragma:
      - no-cache
      server:
      - Microsoft-HTTPAPI/2.0
      strict-transport-security:
      - max-age=31536000; includeSubDomains
      transfer-encoding:
      - chunked
      vary:
      - Accept-Encoding
      x-content-type-options:
      - nosniff
      x-ms-gatewayversion:
      - version=2.14.0
      x-ms-ratelimit-remaining-subscription-writes:
      - '1199'
    status:
      code: 200
      message: Ok
- request:
    body: null
    headers:
      Accept:
      - application/json
      Accept-Encoding:
      - gzip, deflate
      CommandName:
      - cosmosdb dts show
      Connection:
      - keep-alive
      ParameterSetName:
      - -g --account-name --job-name
      User-Agent:
      - AZURECLI/2.50.0 azsdk-python-mgmt-cosmosdb/0.7.0 Python/3.10.11 (Windows-10-10.0.23506-SP0)
    method: GET
    uri: https://management.azure.com/subscriptions/00000000-0000-0000-0000-000000000000/resourceGroups/cli_test_cosmosdb_dts_cassandra000001/providers/Microsoft.DocumentDB/databaseAccounts/cli000006/dataTransferJobs/cli000005?api-version=2023-03-15-preview
  response:
    body:
      string: '{"id":"/subscriptions/00000000-0000-0000-0000-000000000000/resourceGroups/cli_test_cosmosdb_dts_cassandra000001/providers/Microsoft.DocumentDB/databaseAccounts/cli000006/dataTransferJobs/cli000005","type":"Microsoft.DocumentDB/databaseAccounts/dataTransferJobs","properties":{"jobName":"cli000005","status":"Pending","lastUpdatedUtcTime":"2023-07-24T19:58:32Z","processedCount":0,"totalCount":0,"source":{"keyspaceName":"cli000002","tableName":"cli000003","component":"CosmosDBCassandra"},"destination":{"keyspaceName":"cli000002","tableName":"cli000004","component":"CosmosDBCassandra"}}}'
    headers:
      cache-control:
      - no-store, no-cache
      content-length:
      - '589'
      content-type:
      - application/json
      date:
      - Mon, 24 Jul 2023 19:58:34 GMT
      pragma:
      - no-cache
      server:
      - Microsoft-HTTPAPI/2.0
      strict-transport-security:
      - max-age=31536000; includeSubDomains
      transfer-encoding:
      - chunked
      vary:
      - Accept-Encoding
      x-content-type-options:
      - nosniff
      x-ms-gatewayversion:
      - version=2.14.0
    status:
      code: 200
      message: Ok
- request:
    body: null
    headers:
      Accept:
      - application/json
      Accept-Encoding:
      - gzip, deflate
      CommandName:
      - cosmosdb dts cancel
      Connection:
      - keep-alive
      Content-Length:
      - '0'
      ParameterSetName:
      - -g --account-name --job-name
      User-Agent:
      - AZURECLI/2.50.0 azsdk-python-mgmt-cosmosdb/0.7.0 Python/3.10.11 (Windows-10-10.0.23506-SP0)
    method: POST
    uri: https://management.azure.com/subscriptions/00000000-0000-0000-0000-000000000000/resourceGroups/cli_test_cosmosdb_dts_cassandra000001/providers/Microsoft.DocumentDB/databaseAccounts/cli000006/dataTransferJobs/cli000005/cancel?api-version=2023-03-15-preview
  response:
    body:
      string: '{"id":"/subscriptions/00000000-0000-0000-0000-000000000000/resourceGroups/cli_test_cosmosdb_dts_cassandra000001/providers/Microsoft.DocumentDB/databaseAccounts/cli000006/dataTransferJobs/cli000005","type":"Microsoft.DocumentDB/databaseAccounts/dataTransferJobs","properties":{"jobName":"cli000005","status":"Cancelled","lastUpdatedUtcTime":"2023-07-24T19:58:35Z","processedCount":0,"totalCount":0,"source":{"keyspaceName":"cli000002","tableName":"cli000003","component":"CosmosDBCassandra"},"destination":{"keyspaceName":"cli000002","tableName":"cli000004","component":"CosmosDBCassandra"}}}'
    headers:
      cache-control:
      - no-store, no-cache
      content-length:
      - '591'
      content-type:
      - application/json
      date:
      - Mon, 24 Jul 2023 19:58:35 GMT
      pragma:
      - no-cache
      server:
      - Microsoft-HTTPAPI/2.0
      strict-transport-security:
      - max-age=31536000; includeSubDomains
      transfer-encoding:
      - chunked
      vary:
      - Accept-Encoding
      x-content-type-options:
      - nosniff
      x-ms-gatewayversion:
      - version=2.14.0
      x-ms-ratelimit-remaining-subscription-writes:
      - '1199'
    status:
      code: 200
      message: Ok
- request:
    body: null
    headers:
      Accept:
      - application/json
      Accept-Encoding:
      - gzip, deflate
      CommandName:
      - cosmosdb dts show
      Connection:
      - keep-alive
      ParameterSetName:
      - -g --account-name --job-name
      User-Agent:
      - AZURECLI/2.50.0 azsdk-python-mgmt-cosmosdb/0.7.0 Python/3.10.11 (Windows-10-10.0.23506-SP0)
    method: GET
    uri: https://management.azure.com/subscriptions/00000000-0000-0000-0000-000000000000/resourceGroups/cli_test_cosmosdb_dts_cassandra000001/providers/Microsoft.DocumentDB/databaseAccounts/cli000006/dataTransferJobs/cli000005?api-version=2023-03-15-preview
  response:
    body:
      string: '{"id":"/subscriptions/00000000-0000-0000-0000-000000000000/resourceGroups/cli_test_cosmosdb_dts_cassandra000001/providers/Microsoft.DocumentDB/databaseAccounts/cli000006/dataTransferJobs/cli000005","type":"Microsoft.DocumentDB/databaseAccounts/dataTransferJobs","properties":{"jobName":"cli000005","status":"Cancelled","lastUpdatedUtcTime":"2023-07-24T19:58:35Z","processedCount":0,"totalCount":0,"source":{"keyspaceName":"cli000002","tableName":"cli000003","component":"CosmosDBCassandra"},"destination":{"keyspaceName":"cli000002","tableName":"cli000004","component":"CosmosDBCassandra"}}}'
    headers:
      cache-control:
      - no-store, no-cache
      content-length:
      - '591'
      content-type:
      - application/json
      date:
      - Mon, 24 Jul 2023 19:58:37 GMT
      pragma:
      - no-cache
      server:
      - Microsoft-HTTPAPI/2.0
      strict-transport-security:
      - max-age=31536000; includeSubDomains
      transfer-encoding:
      - chunked
      vary:
      - Accept-Encoding
      x-content-type-options:
      - nosniff
      x-ms-gatewayversion:
      - version=2.14.0
    status:
      code: 200
      message: Ok
version: 1
