interactions:
- request:
    body: null
    headers:
      Accept:
      - application/json
      Accept-Encoding:
      - gzip, deflate
      CommandName:
      - cosmosdb create
      Connection:
      - keep-alive
      ParameterSetName:
      - -n -g --backup-policy-type --locations --capabilities
      User-Agent:
      - AZURECLI/2.40.0 (PIP) azsdk-python-azure-mgmt-resource/21.1.0b1 Python/3.10.1
        (Windows-10-10.0.19044-SP0)
    method: GET
    uri: https://management.azure.com/subscriptions/00000000-0000-0000-0000-000000000000/resourcegroups/cli_test_cosmosdb_table_restorable_commands000001?api-version=2021-04-01
  response:
    body:
      string: '{"id":"/subscriptions/00000000-0000-0000-0000-000000000000/resourceGroups/cli_test_cosmosdb_table_restorable_commands000001","name":"cli_test_cosmosdb_table_restorable_commands000001","type":"Microsoft.Resources/resourceGroups","location":"eastus2","tags":{"product":"azurecli","cause":"automation","date":"2022-09-28T02:25:54Z"},"properties":{"provisioningState":"Succeeded"}}'
    headers:
      cache-control:
      - no-cache
      content-length:
      - '377'
      content-type:
      - application/json; charset=utf-8
      date:
      - Wed, 28 Sep 2022 02:25:56 GMT
      expires:
      - '-1'
      pragma:
      - no-cache
      strict-transport-security:
      - max-age=31536000; includeSubDomains
      vary:
      - Accept-Encoding
      x-content-type-options:
      - nosniff
    status:
      code: 200
      message: OK
- request:
    body: '{"location": "eastus2", "kind": "GlobalDocumentDB", "properties": {"locations":
      [{"locationName": "eastus2", "failoverPriority": 0, "isZoneRedundant": false}],
      "databaseAccountOfferType": "Standard", "capabilities": [{"name": "EnableTable"}],
      "apiProperties": {}, "createMode": "Default", "backupPolicy": {"type": "Continuous",
      "continuousModeProperties": {"tier": "Continuous30Days"}}}}'
    headers:
      Accept:
      - application/json
      Accept-Encoding:
      - gzip, deflate
      CommandName:
      - cosmosdb create
      Connection:
      - keep-alive
      Content-Length:
      - '387'
      Content-Type:
      - application/json
      ParameterSetName:
      - -n -g --backup-policy-type --locations --capabilities
      User-Agent:
      - AZURECLI/2.40.0 (PIP) azsdk-python-mgmt-cosmosdb/0.7.0 Python/3.10.1 (Windows-10-10.0.19044-SP0)
    method: PUT
    uri: https://management.azure.com/subscriptions/00000000-0000-0000-0000-000000000000/resourceGroups/cli_test_cosmosdb_table_restorable_commands000001/providers/Microsoft.DocumentDB/databaseAccounts/cli000003?api-version=2022-08-15-preview
  response:
    body:
      string: '{"id":"/subscriptions/00000000-0000-0000-0000-000000000000/resourceGroups/cli_test_cosmosdb_table_restorable_commands000001/providers/Microsoft.DocumentDB/databaseAccounts/cli000003","name":"cli000003","location":"East
        US 2","type":"Microsoft.DocumentDB/databaseAccounts","kind":"GlobalDocumentDB","tags":{},"systemData":{"createdAt":"2022-09-28T02:26:00.5037725Z"},"properties":{"provisioningState":"Creating","publicNetworkAccess":"Enabled","enableAutomaticFailover":false,"enableMultipleWriteLocations":false,"enablePartitionKeyMonitor":false,"isVirtualNetworkFilterEnabled":false,"virtualNetworkRules":[],"EnabledApiTypes":"Table,
        Sql","disableKeyBasedMetadataWriteAccess":false,"enableFreeTier":false,"enableAnalyticalStorage":false,"analyticalStorageConfiguration":{"schemaType":"WellDefined"},"instanceId":"7defba14-ba7a-4f02-8361-2e192b3bea48","createMode":"Default","databaseAccountOfferType":"Standard","enableCassandraConnector":false,"connectorOffer":"","enableMaterializedViews":false,"defaultIdentity":"","networkAclBypass":"None","disableLocalAuth":false,"enablePartitionMerge":false,"consistencyPolicy":{"defaultConsistencyLevel":"BoundedStaleness","maxIntervalInSeconds":86400,"maxStalenessPrefix":1000000},"configurationOverrides":{},"writeLocations":[{"id":"cli000003-eastus2","locationName":"East
        US 2","provisioningState":"Creating","failoverPriority":0,"isZoneRedundant":false}],"readLocations":[{"id":"cli000003-eastus2","locationName":"East
        US 2","provisioningState":"Creating","failoverPriority":0,"isZoneRedundant":false}],"locations":[{"id":"cli000003-eastus2","locationName":"East
        US 2","provisioningState":"Creating","failoverPriority":0,"isZoneRedundant":false}],"failoverPolicies":[{"id":"cli000003-eastus2","locationName":"East
        US 2","failoverPriority":0}],"cors":[],"capabilities":[{"name":"EnableTable"}],"ipRules":[],"backupPolicy":{"type":"Continuous","continuousModeProperties":{"tier":"Continuous30Days"}},"networkAclBypassResourceIds":[],"diagnosticLogSettings":{"enableFullTextQuery":"None"},"keysMetadata":{"primaryMasterKey":{"generationTime":"2022-09-28T02:26:00.5037725Z"},"secondaryMasterKey":{"generationTime":"2022-09-28T02:26:00.5037725Z"},"primaryReadonlyMasterKey":{"generationTime":"2022-09-28T02:26:00.5037725Z"},"secondaryReadonlyMasterKey":{"generationTime":"2022-09-28T02:26:00.5037725Z"}}},"identity":{"type":"None"}}'
    headers:
      azure-asyncoperation:
      - https://management.azure.com/subscriptions/00000000-0000-0000-0000-000000000000/providers/Microsoft.DocumentDB/locations/eastus2/operationsStatus/8f9cba2a-40bc-4240-a282-a1674ea44812?api-version=2022-08-15-preview
      cache-control:
      - no-store, no-cache
      content-length:
      - '2373'
      content-type:
      - application/json
      date:
      - Wed, 28 Sep 2022 02:26:01 GMT
      location:
      - https://management.azure.com/subscriptions/00000000-0000-0000-0000-000000000000/resourceGroups/cli_test_cosmosdb_table_restorable_commands000001/providers/Microsoft.DocumentDB/databaseAccounts/cli000003/operationResults/8f9cba2a-40bc-4240-a282-a1674ea44812?api-version=2022-08-15-preview
      pragma:
      - no-cache
      server:
      - Microsoft-HTTPAPI/2.0
      strict-transport-security:
      - max-age=31536000; includeSubDomains
      transfer-encoding:
      - chunked
      vary:
      - Accept-Encoding
      x-content-type-options:
      - nosniff
      x-ms-gatewayversion:
      - version=2.14.0
      x-ms-ratelimit-remaining-subscription-writes:
      - '1199'
    status:
      code: 200
      message: Ok
- request:
    body: null
    headers:
      Accept:
      - '*/*'
      Accept-Encoding:
      - gzip, deflate
      CommandName:
      - cosmosdb create
      Connection:
      - keep-alive
      ParameterSetName:
      - -n -g --backup-policy-type --locations --capabilities
      User-Agent:
      - AZURECLI/2.40.0 (PIP) azsdk-python-mgmt-cosmosdb/0.7.0 Python/3.10.1 (Windows-10-10.0.19044-SP0)
    method: GET
    uri: https://management.azure.com/subscriptions/00000000-0000-0000-0000-000000000000/providers/Microsoft.DocumentDB/locations/eastus2/operationsStatus/8f9cba2a-40bc-4240-a282-a1674ea44812?api-version=2022-08-15-preview
  response:
    body:
      string: '{"status":"Dequeued"}'
    headers:
      cache-control:
      - no-store, no-cache
      content-length:
      - '21'
      content-type:
      - application/json
      date:
      - Wed, 28 Sep 2022 02:26:31 GMT
      pragma:
      - no-cache
      server:
      - Microsoft-HTTPAPI/2.0
      strict-transport-security:
      - max-age=31536000; includeSubDomains
      transfer-encoding:
      - chunked
      vary:
      - Accept-Encoding
      x-content-type-options:
      - nosniff
      x-ms-gatewayversion:
      - version=2.14.0
    status:
      code: 200
      message: Ok
- request:
    body: null
    headers:
      Accept:
      - '*/*'
      Accept-Encoding:
      - gzip, deflate
      CommandName:
      - cosmosdb create
      Connection:
      - keep-alive
      ParameterSetName:
      - -n -g --backup-policy-type --locations --capabilities
      User-Agent:
      - AZURECLI/2.40.0 (PIP) azsdk-python-mgmt-cosmosdb/0.7.0 Python/3.10.1 (Windows-10-10.0.19044-SP0)
    method: GET
    uri: https://management.azure.com/subscriptions/00000000-0000-0000-0000-000000000000/providers/Microsoft.DocumentDB/locations/eastus2/operationsStatus/8f9cba2a-40bc-4240-a282-a1674ea44812?api-version=2022-08-15-preview
  response:
    body:
      string: '{"status":"Dequeued"}'
    headers:
      cache-control:
      - no-store, no-cache
      content-length:
      - '21'
      content-type:
      - application/json
      date:
      - Wed, 28 Sep 2022 02:27:02 GMT
      pragma:
      - no-cache
      server:
      - Microsoft-HTTPAPI/2.0
      strict-transport-security:
      - max-age=31536000; includeSubDomains
      transfer-encoding:
      - chunked
      vary:
      - Accept-Encoding
      x-content-type-options:
      - nosniff
      x-ms-gatewayversion:
      - version=2.14.0
    status:
      code: 200
      message: Ok
- request:
    body: null
    headers:
      Accept:
      - '*/*'
      Accept-Encoding:
      - gzip, deflate
      CommandName:
      - cosmosdb create
      Connection:
      - keep-alive
      ParameterSetName:
      - -n -g --backup-policy-type --locations --capabilities
      User-Agent:
      - AZURECLI/2.40.0 (PIP) azsdk-python-mgmt-cosmosdb/0.7.0 Python/3.10.1 (Windows-10-10.0.19044-SP0)
    method: GET
    uri: https://management.azure.com/subscriptions/00000000-0000-0000-0000-000000000000/providers/Microsoft.DocumentDB/locations/eastus2/operationsStatus/8f9cba2a-40bc-4240-a282-a1674ea44812?api-version=2022-08-15-preview
  response:
    body:
      string: '{"status":"Dequeued"}'
    headers:
      cache-control:
      - no-store, no-cache
      content-length:
      - '21'
      content-type:
      - application/json
      date:
      - Wed, 28 Sep 2022 02:27:32 GMT
      pragma:
      - no-cache
      server:
      - Microsoft-HTTPAPI/2.0
      strict-transport-security:
      - max-age=31536000; includeSubDomains
      transfer-encoding:
      - chunked
      vary:
      - Accept-Encoding
      x-content-type-options:
      - nosniff
      x-ms-gatewayversion:
      - version=2.14.0
    status:
      code: 200
      message: Ok
- request:
    body: null
    headers:
      Accept:
      - '*/*'
      Accept-Encoding:
      - gzip, deflate
      CommandName:
      - cosmosdb create
      Connection:
      - keep-alive
      ParameterSetName:
      - -n -g --backup-policy-type --locations --capabilities
      User-Agent:
      - AZURECLI/2.40.0 (PIP) azsdk-python-mgmt-cosmosdb/0.7.0 Python/3.10.1 (Windows-10-10.0.19044-SP0)
    method: GET
    uri: https://management.azure.com/subscriptions/00000000-0000-0000-0000-000000000000/providers/Microsoft.DocumentDB/locations/eastus2/operationsStatus/8f9cba2a-40bc-4240-a282-a1674ea44812?api-version=2022-08-15-preview
  response:
    body:
      string: '{"status":"Dequeued"}'
    headers:
      cache-control:
      - no-store, no-cache
      content-length:
      - '21'
      content-type:
      - application/json
      date:
      - Wed, 28 Sep 2022 02:28:02 GMT
      pragma:
      - no-cache
      server:
      - Microsoft-HTTPAPI/2.0
      strict-transport-security:
      - max-age=31536000; includeSubDomains
      transfer-encoding:
      - chunked
      vary:
      - Accept-Encoding
      x-content-type-options:
      - nosniff
      x-ms-gatewayversion:
      - version=2.14.0
    status:
      code: 200
      message: Ok
- request:
    body: null
    headers:
      Accept:
      - '*/*'
      Accept-Encoding:
      - gzip, deflate
      CommandName:
      - cosmosdb create
      Connection:
      - keep-alive
      ParameterSetName:
      - -n -g --backup-policy-type --locations --capabilities
      User-Agent:
      - AZURECLI/2.40.0 (PIP) azsdk-python-mgmt-cosmosdb/0.7.0 Python/3.10.1 (Windows-10-10.0.19044-SP0)
    method: GET
    uri: https://management.azure.com/subscriptions/00000000-0000-0000-0000-000000000000/providers/Microsoft.DocumentDB/locations/eastus2/operationsStatus/8f9cba2a-40bc-4240-a282-a1674ea44812?api-version=2022-08-15-preview
  response:
    body:
      string: '{"status":"Dequeued"}'
    headers:
      cache-control:
      - no-store, no-cache
      content-length:
      - '21'
      content-type:
      - application/json
      date:
      - Wed, 28 Sep 2022 02:28:32 GMT
      pragma:
      - no-cache
      server:
      - Microsoft-HTTPAPI/2.0
      strict-transport-security:
      - max-age=31536000; includeSubDomains
      transfer-encoding:
      - chunked
      vary:
      - Accept-Encoding
      x-content-type-options:
      - nosniff
      x-ms-gatewayversion:
      - version=2.14.0
    status:
      code: 200
      message: Ok
- request:
    body: null
    headers:
      Accept:
      - '*/*'
      Accept-Encoding:
      - gzip, deflate
      CommandName:
      - cosmosdb create
      Connection:
      - keep-alive
      ParameterSetName:
      - -n -g --backup-policy-type --locations --capabilities
      User-Agent:
      - AZURECLI/2.40.0 (PIP) azsdk-python-mgmt-cosmosdb/0.7.0 Python/3.10.1 (Windows-10-10.0.19044-SP0)
    method: GET
    uri: https://management.azure.com/subscriptions/00000000-0000-0000-0000-000000000000/providers/Microsoft.DocumentDB/locations/eastus2/operationsStatus/8f9cba2a-40bc-4240-a282-a1674ea44812?api-version=2022-08-15-preview
  response:
    body:
      string: '{"status":"Dequeued"}'
    headers:
      cache-control:
      - no-store, no-cache
      content-length:
      - '21'
      content-type:
      - application/json
      date:
      - Wed, 28 Sep 2022 02:29:02 GMT
      pragma:
      - no-cache
      server:
      - Microsoft-HTTPAPI/2.0
      strict-transport-security:
      - max-age=31536000; includeSubDomains
      transfer-encoding:
      - chunked
      vary:
      - Accept-Encoding
      x-content-type-options:
      - nosniff
      x-ms-gatewayversion:
      - version=2.14.0
    status:
      code: 200
      message: Ok
- request:
    body: null
    headers:
      Accept:
      - '*/*'
      Accept-Encoding:
      - gzip, deflate
      CommandName:
      - cosmosdb create
      Connection:
      - keep-alive
      ParameterSetName:
      - -n -g --backup-policy-type --locations --capabilities
      User-Agent:
      - AZURECLI/2.40.0 (PIP) azsdk-python-mgmt-cosmosdb/0.7.0 Python/3.10.1 (Windows-10-10.0.19044-SP0)
    method: GET
    uri: https://management.azure.com/subscriptions/00000000-0000-0000-0000-000000000000/providers/Microsoft.DocumentDB/locations/eastus2/operationsStatus/8f9cba2a-40bc-4240-a282-a1674ea44812?api-version=2022-08-15-preview
  response:
    body:
      string: '{"status":"Dequeued"}'
    headers:
      cache-control:
      - no-store, no-cache
      content-length:
      - '21'
      content-type:
      - application/json
      date:
      - Wed, 28 Sep 2022 02:29:33 GMT
      pragma:
      - no-cache
      server:
      - Microsoft-HTTPAPI/2.0
      strict-transport-security:
      - max-age=31536000; includeSubDomains
      transfer-encoding:
      - chunked
      vary:
      - Accept-Encoding
      x-content-type-options:
      - nosniff
      x-ms-gatewayversion:
      - version=2.14.0
    status:
      code: 200
      message: Ok
- request:
    body: null
    headers:
      Accept:
      - '*/*'
      Accept-Encoding:
      - gzip, deflate
      CommandName:
      - cosmosdb create
      Connection:
      - keep-alive
      ParameterSetName:
      - -n -g --backup-policy-type --locations --capabilities
      User-Agent:
      - AZURECLI/2.40.0 (PIP) azsdk-python-mgmt-cosmosdb/0.7.0 Python/3.10.1 (Windows-10-10.0.19044-SP0)
    method: GET
    uri: https://management.azure.com/subscriptions/00000000-0000-0000-0000-000000000000/providers/Microsoft.DocumentDB/locations/eastus2/operationsStatus/8f9cba2a-40bc-4240-a282-a1674ea44812?api-version=2022-08-15-preview
  response:
    body:
      string: '{"status":"Dequeued"}'
    headers:
      cache-control:
      - no-store, no-cache
      content-length:
      - '21'
      content-type:
      - application/json
      date:
      - Wed, 28 Sep 2022 02:30:03 GMT
      pragma:
      - no-cache
      server:
      - Microsoft-HTTPAPI/2.0
      strict-transport-security:
      - max-age=31536000; includeSubDomains
      transfer-encoding:
      - chunked
      vary:
      - Accept-Encoding
      x-content-type-options:
      - nosniff
      x-ms-gatewayversion:
      - version=2.14.0
    status:
      code: 200
      message: Ok
- request:
    body: null
    headers:
      Accept:
      - '*/*'
      Accept-Encoding:
      - gzip, deflate
      CommandName:
      - cosmosdb create
      Connection:
      - keep-alive
      ParameterSetName:
      - -n -g --backup-policy-type --locations --capabilities
      User-Agent:
      - AZURECLI/2.40.0 (PIP) azsdk-python-mgmt-cosmosdb/0.7.0 Python/3.10.1 (Windows-10-10.0.19044-SP0)
    method: GET
    uri: https://management.azure.com/subscriptions/00000000-0000-0000-0000-000000000000/providers/Microsoft.DocumentDB/locations/eastus2/operationsStatus/8f9cba2a-40bc-4240-a282-a1674ea44812?api-version=2022-08-15-preview
  response:
    body:
      string: '{"status":"Dequeued"}'
    headers:
      cache-control:
      - no-store, no-cache
      content-length:
      - '21'
      content-type:
      - application/json
      date:
      - Wed, 28 Sep 2022 02:30:33 GMT
      pragma:
      - no-cache
      server:
      - Microsoft-HTTPAPI/2.0
      strict-transport-security:
      - max-age=31536000; includeSubDomains
      transfer-encoding:
      - chunked
      vary:
      - Accept-Encoding
      x-content-type-options:
      - nosniff
      x-ms-gatewayversion:
      - version=2.14.0
    status:
      code: 200
      message: Ok
- request:
    body: null
    headers:
      Accept:
      - '*/*'
      Accept-Encoding:
      - gzip, deflate
      CommandName:
      - cosmosdb create
      Connection:
      - keep-alive
      ParameterSetName:
      - -n -g --backup-policy-type --locations --capabilities
      User-Agent:
      - AZURECLI/2.40.0 (PIP) azsdk-python-mgmt-cosmosdb/0.7.0 Python/3.10.1 (Windows-10-10.0.19044-SP0)
    method: GET
    uri: https://management.azure.com/subscriptions/00000000-0000-0000-0000-000000000000/providers/Microsoft.DocumentDB/locations/eastus2/operationsStatus/8f9cba2a-40bc-4240-a282-a1674ea44812?api-version=2022-08-15-preview
  response:
    body:
      string: '{"status":"Succeeded"}'
    headers:
      cache-control:
      - no-store, no-cache
      content-length:
      - '22'
      content-type:
      - application/json
      date:
      - Wed, 28 Sep 2022 02:31:03 GMT
      pragma:
      - no-cache
      server:
      - Microsoft-HTTPAPI/2.0
      strict-transport-security:
      - max-age=31536000; includeSubDomains
      transfer-encoding:
      - chunked
      vary:
      - Accept-Encoding
      x-content-type-options:
      - nosniff
      x-ms-gatewayversion:
      - version=2.14.0
    status:
      code: 200
      message: Ok
- request:
    body: null
    headers:
      Accept:
      - '*/*'
      Accept-Encoding:
      - gzip, deflate
      CommandName:
      - cosmosdb create
      Connection:
      - keep-alive
      ParameterSetName:
      - -n -g --backup-policy-type --locations --capabilities
      User-Agent:
      - AZURECLI/2.40.0 (PIP) azsdk-python-mgmt-cosmosdb/0.7.0 Python/3.10.1 (Windows-10-10.0.19044-SP0)
    method: GET
    uri: https://management.azure.com/subscriptions/00000000-0000-0000-0000-000000000000/resourceGroups/cli_test_cosmosdb_table_restorable_commands000001/providers/Microsoft.DocumentDB/databaseAccounts/cli000003?api-version=2022-08-15-preview
  response:
    body:
      string: '{"id":"/subscriptions/00000000-0000-0000-0000-000000000000/resourceGroups/cli_test_cosmosdb_table_restorable_commands000001/providers/Microsoft.DocumentDB/databaseAccounts/cli000003","name":"cli000003","location":"East
        US 2","type":"Microsoft.DocumentDB/databaseAccounts","kind":"GlobalDocumentDB","tags":{},"systemData":{"createdAt":"2022-09-28T02:30:26.6224848Z"},"properties":{"provisioningState":"Succeeded","documentEndpoint":"https://cli000003.documents.azure.com:443/","tableEndpoint":"https://cli000003.table.cosmos.azure.com:443/","publicNetworkAccess":"Enabled","enableAutomaticFailover":false,"enableMultipleWriteLocations":false,"enablePartitionKeyMonitor":false,"isVirtualNetworkFilterEnabled":false,"virtualNetworkRules":[],"EnabledApiTypes":"Table,
        Sql","disableKeyBasedMetadataWriteAccess":false,"enableFreeTier":false,"enableAnalyticalStorage":false,"analyticalStorageConfiguration":{"schemaType":"WellDefined"},"instanceId":"7defba14-ba7a-4f02-8361-2e192b3bea48","createMode":"Default","databaseAccountOfferType":"Standard","enableCassandraConnector":false,"connectorOffer":"","enableMaterializedViews":false,"defaultIdentity":"FirstPartyIdentity","networkAclBypass":"None","disableLocalAuth":false,"enablePartitionMerge":false,"consistencyPolicy":{"defaultConsistencyLevel":"BoundedStaleness","maxIntervalInSeconds":86400,"maxStalenessPrefix":1000000},"configurationOverrides":{},"writeLocations":[{"id":"cli000003-eastus2","locationName":"East
        US 2","documentEndpoint":"https://cli000003-eastus2.documents.azure.com:443/","provisioningState":"Succeeded","failoverPriority":0,"isZoneRedundant":false}],"readLocations":[{"id":"cli000003-eastus2","locationName":"East
        US 2","documentEndpoint":"https://cli000003-eastus2.documents.azure.com:443/","provisioningState":"Succeeded","failoverPriority":0,"isZoneRedundant":false}],"locations":[{"id":"cli000003-eastus2","locationName":"East
        US 2","documentEndpoint":"https://cli000003-eastus2.documents.azure.com:443/","provisioningState":"Succeeded","failoverPriority":0,"isZoneRedundant":false}],"failoverPolicies":[{"id":"cli000003-eastus2","locationName":"East
        US 2","failoverPriority":0}],"cors":[],"capabilities":[{"name":"EnableTable"}],"ipRules":[],"backupPolicy":{"type":"Continuous","continuousModeProperties":{"tier":"Continuous30Days"}},"networkAclBypassResourceIds":[],"diagnosticLogSettings":{"enableFullTextQuery":"None"},"keysMetadata":{"primaryMasterKey":{"generationTime":"2022-09-28T02:30:26.6224848Z"},"secondaryMasterKey":{"generationTime":"2022-09-28T02:30:26.6224848Z"},"primaryReadonlyMasterKey":{"generationTime":"2022-09-28T02:30:26.6224848Z"},"secondaryReadonlyMasterKey":{"generationTime":"2022-09-28T02:30:26.6224848Z"}}},"identity":{"type":"None"}}'
    headers:
      cache-control:
      - no-store, no-cache
      content-length:
      - '2739'
      content-type:
      - application/json
      date:
      - Wed, 28 Sep 2022 02:31:03 GMT
      pragma:
      - no-cache
      server:
      - Microsoft-HTTPAPI/2.0
      strict-transport-security:
      - max-age=31536000; includeSubDomains
      transfer-encoding:
      - chunked
      vary:
      - Accept-Encoding
      x-content-type-options:
      - nosniff
      x-ms-gatewayversion:
      - version=2.14.0
    status:
      code: 200
      message: Ok
- request:
    body: null
    headers:
      Accept:
      - application/json
      Accept-Encoding:
      - gzip, deflate
      CommandName:
      - cosmosdb create
      Connection:
      - keep-alive
      ParameterSetName:
      - -n -g --backup-policy-type --locations --capabilities
      User-Agent:
      - AZURECLI/2.40.0 (PIP) azsdk-python-mgmt-cosmosdb/0.7.0 Python/3.10.1 (Windows-10-10.0.19044-SP0)
    method: GET
    uri: https://management.azure.com/subscriptions/00000000-0000-0000-0000-000000000000/resourceGroups/cli_test_cosmosdb_table_restorable_commands000001/providers/Microsoft.DocumentDB/databaseAccounts/cli000003?api-version=2022-08-15-preview
  response:
    body:
      string: '{"id":"/subscriptions/00000000-0000-0000-0000-000000000000/resourceGroups/cli_test_cosmosdb_table_restorable_commands000001/providers/Microsoft.DocumentDB/databaseAccounts/cli000003","name":"cli000003","location":"East
        US 2","type":"Microsoft.DocumentDB/databaseAccounts","kind":"GlobalDocumentDB","tags":{},"systemData":{"createdAt":"2022-09-28T02:30:26.6224848Z"},"properties":{"provisioningState":"Succeeded","documentEndpoint":"https://cli000003.documents.azure.com:443/","tableEndpoint":"https://cli000003.table.cosmos.azure.com:443/","publicNetworkAccess":"Enabled","enableAutomaticFailover":false,"enableMultipleWriteLocations":false,"enablePartitionKeyMonitor":false,"isVirtualNetworkFilterEnabled":false,"virtualNetworkRules":[],"EnabledApiTypes":"Table,
        Sql","disableKeyBasedMetadataWriteAccess":false,"enableFreeTier":false,"enableAnalyticalStorage":false,"analyticalStorageConfiguration":{"schemaType":"WellDefined"},"instanceId":"7defba14-ba7a-4f02-8361-2e192b3bea48","createMode":"Default","databaseAccountOfferType":"Standard","enableCassandraConnector":false,"connectorOffer":"","enableMaterializedViews":false,"defaultIdentity":"FirstPartyIdentity","networkAclBypass":"None","disableLocalAuth":false,"enablePartitionMerge":false,"consistencyPolicy":{"defaultConsistencyLevel":"BoundedStaleness","maxIntervalInSeconds":86400,"maxStalenessPrefix":1000000},"configurationOverrides":{},"writeLocations":[{"id":"cli000003-eastus2","locationName":"East
        US 2","documentEndpoint":"https://cli000003-eastus2.documents.azure.com:443/","provisioningState":"Succeeded","failoverPriority":0,"isZoneRedundant":false}],"readLocations":[{"id":"cli000003-eastus2","locationName":"East
        US 2","documentEndpoint":"https://cli000003-eastus2.documents.azure.com:443/","provisioningState":"Succeeded","failoverPriority":0,"isZoneRedundant":false}],"locations":[{"id":"cli000003-eastus2","locationName":"East
        US 2","documentEndpoint":"https://cli000003-eastus2.documents.azure.com:443/","provisioningState":"Succeeded","failoverPriority":0,"isZoneRedundant":false}],"failoverPolicies":[{"id":"cli000003-eastus2","locationName":"East
        US 2","failoverPriority":0}],"cors":[],"capabilities":[{"name":"EnableTable"}],"ipRules":[],"backupPolicy":{"type":"Continuous","continuousModeProperties":{"tier":"Continuous30Days"}},"networkAclBypassResourceIds":[],"diagnosticLogSettings":{"enableFullTextQuery":"None"},"keysMetadata":{"primaryMasterKey":{"generationTime":"2022-09-28T02:30:26.6224848Z"},"secondaryMasterKey":{"generationTime":"2022-09-28T02:30:26.6224848Z"},"primaryReadonlyMasterKey":{"generationTime":"2022-09-28T02:30:26.6224848Z"},"secondaryReadonlyMasterKey":{"generationTime":"2022-09-28T02:30:26.6224848Z"}}},"identity":{"type":"None"}}'
    headers:
      cache-control:
      - no-store, no-cache
      content-length:
      - '2739'
      content-type:
      - application/json
      date:
      - Wed, 28 Sep 2022 02:31:03 GMT
      pragma:
      - no-cache
      server:
      - Microsoft-HTTPAPI/2.0
      strict-transport-security:
      - max-age=31536000; includeSubDomains
      transfer-encoding:
      - chunked
      vary:
      - Accept-Encoding
      x-content-type-options:
      - nosniff
      x-ms-gatewayversion:
      - version=2.14.0
    status:
      code: 200
      message: Ok
- request:
    body: null
    headers:
      Accept:
      - application/json
      Accept-Encoding:
      - gzip, deflate
      CommandName:
      - cosmosdb show
      Connection:
      - keep-alive
      ParameterSetName:
      - -n -g
      User-Agent:
      - AZURECLI/2.40.0 (PIP) azsdk-python-mgmt-cosmosdb/0.7.0 Python/3.10.1 (Windows-10-10.0.19044-SP0)
    method: GET
    uri: https://management.azure.com/subscriptions/00000000-0000-0000-0000-000000000000/resourceGroups/cli_test_cosmosdb_table_restorable_commands000001/providers/Microsoft.DocumentDB/databaseAccounts/cli000003?api-version=2022-08-15-preview
  response:
    body:
      string: '{"id":"/subscriptions/00000000-0000-0000-0000-000000000000/resourceGroups/cli_test_cosmosdb_table_restorable_commands000001/providers/Microsoft.DocumentDB/databaseAccounts/cli000003","name":"cli000003","location":"East
        US 2","type":"Microsoft.DocumentDB/databaseAccounts","kind":"GlobalDocumentDB","tags":{},"systemData":{"createdAt":"2022-09-28T02:30:26.6224848Z"},"properties":{"provisioningState":"Succeeded","documentEndpoint":"https://cli000003.documents.azure.com:443/","tableEndpoint":"https://cli000003.table.cosmos.azure.com:443/","publicNetworkAccess":"Enabled","enableAutomaticFailover":false,"enableMultipleWriteLocations":false,"enablePartitionKeyMonitor":false,"isVirtualNetworkFilterEnabled":false,"virtualNetworkRules":[],"EnabledApiTypes":"Table,
        Sql","disableKeyBasedMetadataWriteAccess":false,"enableFreeTier":false,"enableAnalyticalStorage":false,"analyticalStorageConfiguration":{"schemaType":"WellDefined"},"instanceId":"7defba14-ba7a-4f02-8361-2e192b3bea48","createMode":"Default","databaseAccountOfferType":"Standard","enableCassandraConnector":false,"connectorOffer":"","enableMaterializedViews":false,"defaultIdentity":"FirstPartyIdentity","networkAclBypass":"None","disableLocalAuth":false,"enablePartitionMerge":false,"consistencyPolicy":{"defaultConsistencyLevel":"BoundedStaleness","maxIntervalInSeconds":86400,"maxStalenessPrefix":1000000},"configurationOverrides":{},"writeLocations":[{"id":"cli000003-eastus2","locationName":"East
        US 2","documentEndpoint":"https://cli000003-eastus2.documents.azure.com:443/","provisioningState":"Succeeded","failoverPriority":0,"isZoneRedundant":false}],"readLocations":[{"id":"cli000003-eastus2","locationName":"East
        US 2","documentEndpoint":"https://cli000003-eastus2.documents.azure.com:443/","provisioningState":"Succeeded","failoverPriority":0,"isZoneRedundant":false}],"locations":[{"id":"cli000003-eastus2","locationName":"East
        US 2","documentEndpoint":"https://cli000003-eastus2.documents.azure.com:443/","provisioningState":"Succeeded","failoverPriority":0,"isZoneRedundant":false}],"failoverPolicies":[{"id":"cli000003-eastus2","locationName":"East
        US 2","failoverPriority":0}],"cors":[],"capabilities":[{"name":"EnableTable"}],"ipRules":[],"backupPolicy":{"type":"Continuous","continuousModeProperties":{"tier":"Continuous30Days"}},"networkAclBypassResourceIds":[],"diagnosticLogSettings":{"enableFullTextQuery":"None"},"keysMetadata":{"primaryMasterKey":{"generationTime":"2022-09-28T02:30:26.6224848Z"},"secondaryMasterKey":{"generationTime":"2022-09-28T02:30:26.6224848Z"},"primaryReadonlyMasterKey":{"generationTime":"2022-09-28T02:30:26.6224848Z"},"secondaryReadonlyMasterKey":{"generationTime":"2022-09-28T02:30:26.6224848Z"}}},"identity":{"type":"None"}}'
    headers:
      cache-control:
      - no-store, no-cache
      content-length:
      - '2739'
      content-type:
      - application/json
      date:
      - Wed, 28 Sep 2022 02:31:04 GMT
      pragma:
      - no-cache
      server:
      - Microsoft-HTTPAPI/2.0
      strict-transport-security:
      - max-age=31536000; includeSubDomains
      transfer-encoding:
      - chunked
      vary:
      - Accept-Encoding
      x-content-type-options:
      - nosniff
      x-ms-gatewayversion:
      - version=2.14.0
    status:
      code: 200
      message: Ok
- request:
    body: '{"properties": {"resource": {"id": "cli000002"}, "options": {"throughput":
      1000}}}'
    headers:
      Accept:
      - application/json
      Accept-Encoding:
      - gzip, deflate
      CommandName:
      - cosmosdb table create
      Connection:
      - keep-alive
      Content-Length:
      - '82'
      Content-Type:
      - application/json
      ParameterSetName:
      - -g -a -n --throughput
      User-Agent:
      - AZURECLI/2.40.0 (PIP) azsdk-python-mgmt-cosmosdb/7.0.0 Python/3.10.1 (Windows-10-10.0.19044-SP0)
    method: PUT
    uri: https://management.azure.com/subscriptions/00000000-0000-0000-0000-000000000000/resourceGroups/cli_test_cosmosdb_table_restorable_commands000001/providers/Microsoft.DocumentDB/databaseAccounts/cli000003/tables/cli000002?api-version=2022-05-15
  response:
    body:
      string: '{"status":"Enqueued"}'
    headers:
      azure-asyncoperation:
      - https://management.azure.com/subscriptions/00000000-0000-0000-0000-000000000000/providers/Microsoft.DocumentDB/locations/eastus2/operationsStatus/5614a6bf-284b-4ff3-b00a-3ec181ec6339?api-version=2022-05-15
      cache-control:
      - no-store, no-cache
      content-length:
      - '21'
      content-type:
      - application/json
      date:
      - Wed, 28 Sep 2022 02:31:06 GMT
      location:
      - https://management.azure.com/subscriptions/00000000-0000-0000-0000-000000000000/resourceGroups/cli_test_cosmosdb_table_restorable_commands000001/providers/Microsoft.DocumentDB/databaseAccounts/cli000003/tables/cli000002/operationResults/5614a6bf-284b-4ff3-b00a-3ec181ec6339?api-version=2022-05-15
      pragma:
      - no-cache
      server:
      - Microsoft-HTTPAPI/2.0
      strict-transport-security:
      - max-age=31536000; includeSubDomains
      x-content-type-options:
      - nosniff
      x-ms-gatewayversion:
      - version=2.14.0
      x-ms-ratelimit-remaining-subscription-writes:
      - '1199'
    status:
      code: 202
      message: Accepted
- request:
    body: null
    headers:
      Accept:
      - '*/*'
      Accept-Encoding:
      - gzip, deflate
      CommandName:
      - cosmosdb table create
      Connection:
      - keep-alive
      ParameterSetName:
      - -g -a -n --throughput
      User-Agent:
      - AZURECLI/2.40.0 (PIP) azsdk-python-mgmt-cosmosdb/7.0.0 Python/3.10.1 (Windows-10-10.0.19044-SP0)
    method: GET
    uri: https://management.azure.com/subscriptions/00000000-0000-0000-0000-000000000000/providers/Microsoft.DocumentDB/locations/eastus2/operationsStatus/5614a6bf-284b-4ff3-b00a-3ec181ec6339?api-version=2022-05-15
  response:
    body:
      string: '{"status":"Succeeded"}'
    headers:
      cache-control:
      - no-store, no-cache
      content-length:
      - '22'
      content-type:
      - application/json
      date:
      - Wed, 28 Sep 2022 02:31:36 GMT
      pragma:
      - no-cache
      server:
      - Microsoft-HTTPAPI/2.0
      strict-transport-security:
      - max-age=31536000; includeSubDomains
      transfer-encoding:
      - chunked
      vary:
      - Accept-Encoding
      x-content-type-options:
      - nosniff
      x-ms-gatewayversion:
      - version=2.14.0
    status:
      code: 200
      message: Ok
- request:
    body: null
    headers:
      Accept:
      - '*/*'
      Accept-Encoding:
      - gzip, deflate
      CommandName:
      - cosmosdb table create
      Connection:
      - keep-alive
      ParameterSetName:
      - -g -a -n --throughput
      User-Agent:
      - AZURECLI/2.40.0 (PIP) azsdk-python-mgmt-cosmosdb/7.0.0 Python/3.10.1 (Windows-10-10.0.19044-SP0)
    method: GET
    uri: https://management.azure.com/subscriptions/00000000-0000-0000-0000-000000000000/resourceGroups/cli_test_cosmosdb_table_restorable_commands000001/providers/Microsoft.DocumentDB/databaseAccounts/cli000003/tables/cli000002?api-version=2022-05-15
  response:
    body:
      string: '{"id":"/subscriptions/00000000-0000-0000-0000-000000000000/resourceGroups/cli_test_cosmosdb_table_restorable_commands000001/providers/Microsoft.DocumentDB/databaseAccounts/cli000003/tables/cli000002","type":"Microsoft.DocumentDB/databaseAccounts/tables","name":"cli000002","properties":{"resource":{"id":"cli000002","_rid":"Qj95AKB9V2w=","_etag":"\"00000000-0000-0000-d2e2-623b040201d8\"","_ts":1664332275}}}'
    headers:
      cache-control:
      - no-store, no-cache
      content-length:
      - '408'
      content-type:
      - application/json
      date:
      - Wed, 28 Sep 2022 02:31:36 GMT
      pragma:
      - no-cache
      server:
      - Microsoft-HTTPAPI/2.0
      strict-transport-security:
      - max-age=31536000; includeSubDomains
      transfer-encoding:
      - chunked
      vary:
      - Accept-Encoding
      x-content-type-options:
      - nosniff
      x-ms-gatewayversion:
      - version=2.14.0
    status:
      code: 200
      message: Ok
- request:
    body: null
    headers:
      Accept:
      - application/json
      Accept-Encoding:
      - gzip, deflate
      CommandName:
      - cosmosdb restorable-database-account show
      Connection:
      - keep-alive
      ParameterSetName:
      - --location --instance-id
      User-Agent:
      - AZURECLI/2.40.0 (PIP) azsdk-python-mgmt-cosmosdb/0.7.0 Python/3.10.1 (Windows-10-10.0.19044-SP0)
    method: GET
    uri: https://management.azure.com/subscriptions/00000000-0000-0000-0000-000000000000/providers/Microsoft.DocumentDB/locations/eastus2/restorableDatabaseAccounts/7defba14-ba7a-4f02-8361-2e192b3bea48?api-version=2022-08-15-preview
  response:
    body:
      string: '{"name":"7defba14-ba7a-4f02-8361-2e192b3bea48","location":"East US
        2","type":"Microsoft.DocumentDB/locations/restorableDatabaseAccounts","id":"/subscriptions/00000000-0000-0000-0000-000000000000/providers/Microsoft.DocumentDB/locations/eastus2/restorableDatabaseAccounts/7defba14-ba7a-4f02-8361-2e192b3bea48","properties":{"accountName":"cli000003","apiType":"Table,
        Sql","creationTime":"2022-09-28T02:30:27Z","oldestRestorableTime":"2022-09-28T02:30:27Z","restorableLocations":[{"locationName":"East
        US 2","regionalDatabaseAccountInstanceId":"3ad8d86f-8001-4dad-9e1b-f6a0170ee68f","creationTime":"2022-09-28T02:30:28Z"}]}}'
    headers:
      cache-control:
      - no-store, no-cache
      content-length:
      - '623'
      content-type:
      - application/json
      date:
      - Wed, 28 Sep 2022 02:31:38 GMT
      pragma:
      - no-cache
      server:
      - Microsoft-HTTPAPI/2.0
      strict-transport-security:
      - max-age=31536000; includeSubDomains
      transfer-encoding:
      - chunked
      vary:
      - Accept-Encoding
      x-content-type-options:
      - nosniff
      x-ms-gatewayversion:
      - version=2.14.0
    status:
      code: 200
      message: Ok
- request:
    body: null
    headers:
      Accept:
      - application/json
      Accept-Encoding:
      - gzip, deflate
      CommandName:
      - cosmosdb table restorable-table list
      Connection:
      - keep-alive
      ParameterSetName:
      - --location --instance-id
      User-Agent:
      - AZURECLI/2.40.0 (PIP) azsdk-python-mgmt-cosmosdb/0.7.0 Python/3.10.1 (Windows-10-10.0.19044-SP0)
    method: GET
    uri: https://management.azure.com/subscriptions/00000000-0000-0000-0000-000000000000/providers/Microsoft.DocumentDB/locations/eastus2/restorableDatabaseAccounts/7defba14-ba7a-4f02-8361-2e192b3bea48/restorableTables?api-version=2022-08-15-preview
  response:
    body:
      string: '{"value":[{"id":"/subscriptions/00000000-0000-0000-0000-000000000000/providers/Microsoft.DocumentDB/locations/eastus2/restorableDatabaseAccounts/7defba14-ba7a-4f02-8361-2e192b3bea48/restorableTables/3671cab4-066e-4503-be2f-812112eacfed","type":"Microsoft.DocumentDB/locations/restorableDatabaseAccounts/restorableTables","name":"3671cab4-066e-4503-be2f-812112eacfed","properties":{"resource":{"_rid":"j18kHwAAAA==","eventTimestamp":"2022-09-28T02:31:15Z","ownerId":"cli000002","ownerResourceId":"Qj95AKB9V2w=","operationType":"Create"}}}]}'
    headers:
      cache-control:
      - no-store, no-cache
      content-length:
      - '539'
      content-type:
      - application/json
      date:
      - Wed, 28 Sep 2022 02:31:39 GMT
      pragma:
      - no-cache
      server:
      - Microsoft-HTTPAPI/2.0
      strict-transport-security:
      - max-age=31536000; includeSubDomains
      transfer-encoding:
      - chunked
      vary:
      - Accept-Encoding
      x-content-type-options:
      - nosniff
      x-ms-gatewayversion:
      - version=2.14.0
    status:
      code: 200
      message: Ok
- request:
    body: null
    headers:
      Accept:
      - application/json
      Accept-Encoding:
      - gzip, deflate
      CommandName:
      - cosmosdb table restorable-resource list
      Connection:
      - keep-alive
      ParameterSetName:
      - --restore-location -l --instance-id --restore-timestamp
      User-Agent:
      - AZURECLI/2.40.0 (PIP) azsdk-python-mgmt-cosmosdb/0.7.0 Python/3.10.1 (Windows-10-10.0.19044-SP0)
    method: GET
    uri: https://management.azure.com/subscriptions/00000000-0000-0000-0000-000000000000/providers/Microsoft.DocumentDB/locations/eastus2/restorableDatabaseAccounts/7defba14-ba7a-4f02-8361-2e192b3bea48/restorableTableResources?api-version=2022-08-15-preview&restoreLocation=eastus2&restoreTimestampInUtc=2022-09-28T02%3A32%3A27%2B00%3A00
  response:
    body:
      string: '{"value":[{"id":"/subscriptions/00000000-0000-0000-0000-000000000000/providers/Microsoft.DocumentDB/locations/eastus2/restorableDatabaseAccounts/7defba14-ba7a-4f02-8361-2e192b3bea48/restorableTableResources/cli000002","type":"Microsoft.DocumentDB/locations/restorableDatabaseAccounts/restorableTableResources","name":"cli000002"}]}'
    headers:
      cache-control:
      - no-store, no-cache
      content-length:
      - '331'
      content-type:
      - application/json
      date:
      - Wed, 28 Sep 2022 02:33:40 GMT
      pragma:
      - no-cache
      server:
      - Microsoft-HTTPAPI/2.0
      strict-transport-security:
      - max-age=31536000; includeSubDomains
      transfer-encoding:
      - chunked
      vary:
      - Accept-Encoding
      x-content-type-options:
      - nosniff
      x-ms-gatewayversion:
      - version=2.14.0
    status:
      code: 200
      message: Ok
version: 1
