interactions:
- request:
    body: '{"properties": {"resource": {"id": "cli000003"}, "options": {}}}'
    headers:
      Accept:
      - application/json
      Accept-Encoding:
      - gzip, deflate
      CommandName:
      - cosmosdb mongodb database create
      Connection:
      - keep-alive
      Content-Length:
      - '64'
      Content-Type:
      - application/json
      ParameterSetName:
      - -g -a -n
      User-Agent:
      - AZURECLI/2.40.0 (PIP) azsdk-python-mgmt-cosmosdb/8.0.0 Python/3.10.1 (Windows-10-10.0.19044-SP0)
    method: PUT
    uri: https://management.azure.com/subscriptions/00000000-0000-0000-0000-000000000000/resourceGroups/cosmosTest/providers/Microsoft.DocumentDB/databaseAccounts/adrutest3/mongodbDatabases/cli000003?api-version=2022-08-15
  response:
    body:
      string: '{"status":"Enqueued"}'
    headers:
      azure-asyncoperation:
      - https://management.azure.com/subscriptions/00000000-0000-0000-0000-000000000000/providers/Microsoft.DocumentDB/locations/australiaeast/operationsStatus/3ef9a198-af88-44a0-a291-5a44623774ce?api-version=2022-08-15
      cache-control:
      - no-store, no-cache
      content-length:
      - '21'
      content-type:
      - application/json
      date:
      - Thu, 29 Sep 2022 07:56:56 GMT
      location:
      - https://management.azure.com/subscriptions/00000000-0000-0000-0000-000000000000/resourceGroups/cosmosTest/providers/Microsoft.DocumentDB/databaseAccounts/adrutest3/mongodbDatabases/cli000003/operationResults/3ef9a198-af88-44a0-a291-5a44623774ce?api-version=2022-08-15
      pragma:
      - no-cache
      server:
      - Microsoft-HTTPAPI/2.0
      strict-transport-security:
      - max-age=31536000; includeSubDomains
      x-content-type-options:
      - nosniff
      x-ms-gatewayversion:
      - version=2.14.0
      x-ms-ratelimit-remaining-subscription-writes:
      - '1199'
    status:
      code: 202
      message: Accepted
- request:
    body: null
    headers:
      Accept:
      - '*/*'
      Accept-Encoding:
      - gzip, deflate
      CommandName:
      - cosmosdb mongodb database create
      Connection:
      - keep-alive
      ParameterSetName:
      - -g -a -n
      User-Agent:
      - AZURECLI/2.40.0 (PIP) azsdk-python-mgmt-cosmosdb/8.0.0 Python/3.10.1 (Windows-10-10.0.19044-SP0)
    method: GET
    uri: https://management.azure.com/subscriptions/00000000-0000-0000-0000-000000000000/providers/Microsoft.DocumentDB/locations/australiaeast/operationsStatus/3ef9a198-af88-44a0-a291-5a44623774ce?api-version=2022-08-15
  response:
    body:
      string: '{"status":"Succeeded"}'
    headers:
      cache-control:
      - no-store, no-cache
      content-length:
      - '22'
      content-type:
      - application/json
      date:
      - Thu, 29 Sep 2022 07:57:26 GMT
      pragma:
      - no-cache
      server:
      - Microsoft-HTTPAPI/2.0
      strict-transport-security:
      - max-age=31536000; includeSubDomains
      transfer-encoding:
      - chunked
      vary:
      - Accept-Encoding
      x-content-type-options:
      - nosniff
      x-ms-gatewayversion:
      - version=2.14.0
    status:
      code: 200
      message: Ok
- request:
    body: null
    headers:
      Accept:
      - '*/*'
      Accept-Encoding:
      - gzip, deflate
      CommandName:
      - cosmosdb mongodb database create
      Connection:
      - keep-alive
      ParameterSetName:
      - -g -a -n
      User-Agent:
      - AZURECLI/2.40.0 (PIP) azsdk-python-mgmt-cosmosdb/8.0.0 Python/3.10.1 (Windows-10-10.0.19044-SP0)
    method: GET
    uri: https://management.azure.com/subscriptions/00000000-0000-0000-0000-000000000000/resourceGroups/cosmosTest/providers/Microsoft.DocumentDB/databaseAccounts/adrutest3/mongodbDatabases/cli000003?api-version=2022-08-15
  response:
    body:
      string: '{"id":"/subscriptions/00000000-0000-0000-0000-000000000000/resourceGroups/cosmosTest/providers/Microsoft.DocumentDB/databaseAccounts/adrutest3/mongodbDatabases/cli000003","type":"Microsoft.DocumentDB/databaseAccounts/mongodbDatabases","name":"cli000003","properties":{"resource":{"id":"cli000003"}}}'
    headers:
      cache-control:
      - no-store, no-cache
      content-length:
      - '299'
      content-type:
      - application/json
      date:
      - Thu, 29 Sep 2022 07:57:26 GMT
      pragma:
      - no-cache
      server:
      - Microsoft-HTTPAPI/2.0
      strict-transport-security:
      - max-age=31536000; includeSubDomains
      transfer-encoding:
      - chunked
      vary:
      - Accept-Encoding
      x-content-type-options:
      - nosniff
      x-ms-gatewayversion:
      - version=2.14.0
    status:
      code: 200
      message: Ok
- request:
    body: '{"properties": {"resource": {"id": "cli000002", "shardKey": {"theShardKey":
      "Hash"}}, "options": {"throughput": 18000}}}'
    headers:
      Accept:
      - application/json
      Accept-Encoding:
      - gzip, deflate
      CommandName:
      - cosmosdb mongodb collection create
      Connection:
      - keep-alive
      Content-Length:
      - '120'
      Content-Type:
      - application/json
      ParameterSetName:
      - -g -a -d -n --shard --throughput
      User-Agent:
      - AZURECLI/2.40.0 (PIP) azsdk-python-mgmt-cosmosdb/8.0.0 Python/3.10.1 (Windows-10-10.0.19044-SP0)
    method: PUT
    uri: https://management.azure.com/subscriptions/00000000-0000-0000-0000-000000000000/resourceGroups/cosmosTest/providers/Microsoft.DocumentDB/databaseAccounts/adrutest3/mongodbDatabases/cli000003/collections/cli000002?api-version=2022-08-15
  response:
    body:
      string: '{"status":"Enqueued"}'
    headers:
      azure-asyncoperation:
      - https://management.azure.com/subscriptions/00000000-0000-0000-0000-000000000000/providers/Microsoft.DocumentDB/locations/australiaeast/operationsStatus/7a5120ba-a596-4f6c-96fc-d60237d4fb71?api-version=2022-08-15
      cache-control:
      - no-store, no-cache
      content-length:
      - '21'
      content-type:
      - application/json
      date:
      - Thu, 29 Sep 2022 07:57:28 GMT
      location:
      - https://management.azure.com/subscriptions/00000000-0000-0000-0000-000000000000/resourceGroups/cosmosTest/providers/Microsoft.DocumentDB/databaseAccounts/adrutest3/mongodbDatabases/cli000003/collections/cli000002/operationResults/7a5120ba-a596-4f6c-96fc-d60237d4fb71?api-version=2022-08-15
      pragma:
      - no-cache
      server:
      - Microsoft-HTTPAPI/2.0
      strict-transport-security:
      - max-age=31536000; includeSubDomains
      x-content-type-options:
      - nosniff
      x-ms-gatewayversion:
      - version=2.14.0
      x-ms-ratelimit-remaining-subscription-writes:
      - '1199'
    status:
      code: 202
      message: Accepted
- request:
    body: null
    headers:
      Accept:
      - '*/*'
      Accept-Encoding:
      - gzip, deflate
      CommandName:
      - cosmosdb mongodb collection create
      Connection:
      - keep-alive
      ParameterSetName:
      - -g -a -d -n --shard --throughput
      User-Agent:
      - AZURECLI/2.40.0 (PIP) azsdk-python-mgmt-cosmosdb/8.0.0 Python/3.10.1 (Windows-10-10.0.19044-SP0)
    method: GET
    uri: https://management.azure.com/subscriptions/00000000-0000-0000-0000-000000000000/providers/Microsoft.DocumentDB/locations/australiaeast/operationsStatus/7a5120ba-a596-4f6c-96fc-d60237d4fb71?api-version=2022-08-15
  response:
    body:
      string: '{"status":"Succeeded"}'
    headers:
      cache-control:
      - no-store, no-cache
      content-length:
      - '22'
      content-type:
      - application/json
      date:
      - Thu, 29 Sep 2022 07:57:58 GMT
      pragma:
      - no-cache
      server:
      - Microsoft-HTTPAPI/2.0
      strict-transport-security:
      - max-age=31536000; includeSubDomains
      transfer-encoding:
      - chunked
      vary:
      - Accept-Encoding
      x-content-type-options:
      - nosniff
      x-ms-gatewayversion:
      - version=2.14.0
    status:
      code: 200
      message: Ok
- request:
    body: null
    headers:
      Accept:
      - '*/*'
      Accept-Encoding:
      - gzip, deflate
      CommandName:
      - cosmosdb mongodb collection create
      Connection:
      - keep-alive
      ParameterSetName:
      - -g -a -d -n --shard --throughput
      User-Agent:
      - AZURECLI/2.40.0 (PIP) azsdk-python-mgmt-cosmosdb/8.0.0 Python/3.10.1 (Windows-10-10.0.19044-SP0)
    method: GET
    uri: https://management.azure.com/subscriptions/00000000-0000-0000-0000-000000000000/resourceGroups/cosmosTest/providers/Microsoft.DocumentDB/databaseAccounts/adrutest3/mongodbDatabases/cli000003/collections/cli000002?api-version=2022-08-15
  response:
    body:
      string: '{"id":"/subscriptions/00000000-0000-0000-0000-000000000000/resourceGroups/cosmosTest/providers/Microsoft.DocumentDB/databaseAccounts/adrutest3/mongodbDatabases/cli000003/collections/cli000002","type":"Microsoft.DocumentDB/databaseAccounts/mongodbDatabases/collections","name":"cli000002","properties":{"resource":{"id":"cli000002","shardKey":{"theShardKey":"Hash"},"indexes":[{"key":{"keys":["_id"]}}]}}}'
    headers:
      cache-control:
      - no-store, no-cache
      content-length:
      - '404'
      content-type:
      - application/json
      date:
      - Thu, 29 Sep 2022 07:57:59 GMT
      pragma:
      - no-cache
      server:
      - Microsoft-HTTPAPI/2.0
      strict-transport-security:
      - max-age=31536000; includeSubDomains
      transfer-encoding:
      - chunked
      vary:
      - Accept-Encoding
      x-content-type-options:
      - nosniff
      x-ms-gatewayversion:
      - version=2.14.0
    status:
      code: 200
      message: Ok
- request:
    body: '{"properties": {"resource": {"throughput": 3000}}}'
    headers:
      Accept:
      - application/json
      Accept-Encoding:
      - gzip, deflate
      CommandName:
      - cosmosdb mongodb collection throughput update
      Connection:
      - keep-alive
      Content-Length:
      - '50'
      Content-Type:
      - application/json
      ParameterSetName:
      - -g -a -d -n --throughput
      User-Agent:
      - AZURECLI/2.40.0 (PIP) azsdk-python-mgmt-cosmosdb/8.0.0 Python/3.10.1 (Windows-10-10.0.19044-SP0)
    method: PUT
    uri: https://management.azure.com/subscriptions/00000000-0000-0000-0000-000000000000/resourceGroups/cosmosTest/providers/Microsoft.DocumentDB/databaseAccounts/adrutest3/mongodbDatabases/cli000003/collections/cli000002/throughputSettings/default?api-version=2022-08-15
  response:
    body:
      string: '{"status":"Enqueued"}'
    headers:
      azure-asyncoperation:
      - https://management.azure.com/subscriptions/00000000-0000-0000-0000-000000000000/providers/Microsoft.DocumentDB/locations/australiaeast/operationsStatus/b83c38f5-a2d7-496c-a8a8-92d3d5808a44?api-version=2022-08-15
      cache-control:
      - no-store, no-cache
      content-length:
      - '21'
      content-type:
      - application/json
      date:
      - Thu, 29 Sep 2022 07:58:00 GMT
      location:
      - https://management.azure.com/subscriptions/00000000-0000-0000-0000-000000000000/resourceGroups/cosmosTest/providers/Microsoft.DocumentDB/databaseAccounts/adrutest3/mongodbDatabases/cli000003/collections/cli000002/throughputSettings/default/operationResults/b83c38f5-a2d7-496c-a8a8-92d3d5808a44?api-version=2022-08-15
      pragma:
      - no-cache
      server:
      - Microsoft-HTTPAPI/2.0
      strict-transport-security:
      - max-age=31536000; includeSubDomains
      x-content-type-options:
      - nosniff
      x-ms-gatewayversion:
      - version=2.14.0
      x-ms-ratelimit-remaining-subscription-writes:
      - '1198'
    status:
      code: 202
      message: Accepted
- request:
    body: null
    headers:
      Accept:
      - '*/*'
      Accept-Encoding:
      - gzip, deflate
      CommandName:
      - cosmosdb mongodb collection throughput update
      Connection:
      - keep-alive
      ParameterSetName:
      - -g -a -d -n --throughput
      User-Agent:
      - AZURECLI/2.40.0 (PIP) azsdk-python-mgmt-cosmosdb/8.0.0 Python/3.10.1 (Windows-10-10.0.19044-SP0)
    method: GET
    uri: https://management.azure.com/subscriptions/00000000-0000-0000-0000-000000000000/providers/Microsoft.DocumentDB/locations/australiaeast/operationsStatus/b83c38f5-a2d7-496c-a8a8-92d3d5808a44?api-version=2022-08-15
  response:
    body:
      string: '{"status":"Succeeded"}'
    headers:
      cache-control:
      - no-store, no-cache
      content-length:
      - '22'
      content-type:
      - application/json
      date:
      - Thu, 29 Sep 2022 07:58:30 GMT
      pragma:
      - no-cache
      server:
      - Microsoft-HTTPAPI/2.0
      strict-transport-security:
      - max-age=31536000; includeSubDomains
      transfer-encoding:
      - chunked
      vary:
      - Accept-Encoding
      x-content-type-options:
      - nosniff
      x-ms-gatewayversion:
      - version=2.14.0
    status:
      code: 200
      message: Ok
- request:
    body: null
    headers:
      Accept:
      - '*/*'
      Accept-Encoding:
      - gzip, deflate
      CommandName:
      - cosmosdb mongodb collection throughput update
      Connection:
      - keep-alive
      ParameterSetName:
      - -g -a -d -n --throughput
      User-Agent:
      - AZURECLI/2.40.0 (PIP) azsdk-python-mgmt-cosmosdb/8.0.0 Python/3.10.1 (Windows-10-10.0.19044-SP0)
    method: GET
    uri: https://management.azure.com/subscriptions/00000000-0000-0000-0000-000000000000/resourceGroups/cosmosTest/providers/Microsoft.DocumentDB/databaseAccounts/adrutest3/mongodbDatabases/cli000003/collections/cli000002/throughputSettings/default?api-version=2022-08-15
  response:
    body:
      string: '{"id":"/subscriptions/00000000-0000-0000-0000-000000000000/resourceGroups/cosmosTest/providers/Microsoft.DocumentDB/databaseAccounts/adrutest3/mongodbDatabases/cli000003/collections/cli000002/throughputSettings/default","type":"Microsoft.DocumentDB/databaseAccounts/mongodbDatabases/collections/throughputSettings","name":"foFh","properties":{"resource":{"throughput":3000,"minimumThroughput":"400"}}}'
    headers:
      cache-control:
      - no-store, no-cache
      content-length:
      - '401'
      content-type:
      - application/json
      date:
      - Thu, 29 Sep 2022 07:58:30 GMT
      pragma:
      - no-cache
      server:
      - Microsoft-HTTPAPI/2.0
      strict-transport-security:
      - max-age=31536000; includeSubDomains
      transfer-encoding:
      - chunked
      vary:
      - Accept-Encoding
      x-content-type-options:
      - nosniff
      x-ms-gatewayversion:
      - version=2.14.0
    status:
      code: 200
      message: Ok
- request:
    body: null
    headers:
      Accept:
      - application/json
      Accept-Encoding:
      - gzip, deflate
      CommandName:
      - cosmosdb mongodb collection retrieve-partition-throughput
      Connection:
      - keep-alive
      ParameterSetName:
      - --resource-group --account-name --database-name --name --all-partitions
      User-Agent:
      - AZURECLI/2.40.0 (PIP) azsdk-python-mgmt-cosmosdb/0.7.0 Python/3.10.1 (Windows-10-10.0.19044-SP0)
    method: GET
    uri: https://management.azure.com/subscriptions/00000000-0000-0000-0000-000000000000/resourceGroups/cosmosTest/providers/Microsoft.DocumentDB/databaseAccounts/adrutest3/mongodbDatabases/cli000003/collections/cli000002?api-version=2022-08-15-preview
  response:
    body:
      string: '{"id":"/subscriptions/00000000-0000-0000-0000-000000000000/resourceGroups/cosmosTest/providers/Microsoft.DocumentDB/databaseAccounts/adrutest3/mongodbDatabases/cli000003/collections/cli000002","type":"Microsoft.DocumentDB/databaseAccounts/mongodbDatabases/collections","name":"cli000002","properties":{"resource":{"id":"cli000002","shardKey":{"theShardKey":"Hash"},"indexes":[{"key":{"keys":["_id"]}}]}}}'
    headers:
      cache-control:
      - no-store, no-cache
      content-length:
      - '404'
      content-type:
      - application/json
      date:
      - Thu, 29 Sep 2022 07:58:32 GMT
      pragma:
      - no-cache
      server:
      - Microsoft-HTTPAPI/2.0
      strict-transport-security:
      - max-age=31536000; includeSubDomains
      transfer-encoding:
      - chunked
      vary:
      - Accept-Encoding
      x-content-type-options:
      - nosniff
      x-ms-gatewayversion:
      - version=2.14.0
    status:
      code: 200
      message: Ok
- request:
    body: '{"properties": {"resource": {"physicalPartitionIds": [{"id": "-1"}]}}}'
    headers:
      Accept:
      - application/json
      Accept-Encoding:
      - gzip, deflate
      CommandName:
      - cosmosdb mongodb collection retrieve-partition-throughput
      Connection:
      - keep-alive
      Content-Length:
      - '70'
      Content-Type:
      - application/json
      ParameterSetName:
      - --resource-group --account-name --database-name --name --all-partitions
      User-Agent:
      - AZURECLI/2.40.0 (PIP) azsdk-python-mgmt-cosmosdb/0.7.0 Python/3.10.1 (Windows-10-10.0.19044-SP0)
    method: POST
    uri: https://management.azure.com/subscriptions/00000000-0000-0000-0000-000000000000/resourceGroups/cosmosTest/providers/Microsoft.DocumentDB/databaseAccounts/adrutest3/mongodbDatabases/cli000003/collections/cli000002/throughputSettings/default/retrieveThroughputDistribution?api-version=2022-08-15-preview
  response:
    body:
      string: '{"status":"Enqueued"}'
    headers:
      azure-asyncoperation:
      - https://management.azure.com/subscriptions/00000000-0000-0000-0000-000000000000/providers/Microsoft.DocumentDB/locations/australiaeast/operationsStatus/0875d053-ac79-454f-915c-c1abf241bcc1?api-version=2022-08-15-preview
      cache-control:
      - no-store, no-cache
      content-length:
      - '21'
      content-type:
      - application/json
      date:
      - Thu, 29 Sep 2022 07:58:32 GMT
      location:
      - https://management.azure.com/subscriptions/00000000-0000-0000-0000-000000000000/resourceGroups/cosmosTest/providers/Microsoft.DocumentDB/databaseAccounts/adrutest3/mongodbDatabases/cli000003/collections/cli000002/throughputSettings/default/retrieveThroughputDistribution/operationResults/0875d053-ac79-454f-915c-c1abf241bcc1?api-version=2022-08-15-preview
      pragma:
      - no-cache
      server:
      - Microsoft-HTTPAPI/2.0
      strict-transport-security:
      - max-age=31536000; includeSubDomains
      x-content-type-options:
      - nosniff
      x-ms-gatewayversion:
      - version=2.14.0
      x-ms-ratelimit-remaining-subscription-writes:
      - '1199'
    status:
      code: 202
      message: Accepted
- request:
    body: null
    headers:
      Accept:
      - '*/*'
      Accept-Encoding:
      - gzip, deflate
      CommandName:
      - cosmosdb mongodb collection retrieve-partition-throughput
      Connection:
      - keep-alive
      ParameterSetName:
      - --resource-group --account-name --database-name --name --all-partitions
      User-Agent:
      - AZURECLI/2.40.0 (PIP) azsdk-python-mgmt-cosmosdb/0.7.0 Python/3.10.1 (Windows-10-10.0.19044-SP0)
    method: GET
    uri: https://management.azure.com/subscriptions/00000000-0000-0000-0000-000000000000/providers/Microsoft.DocumentDB/locations/australiaeast/operationsStatus/0875d053-ac79-454f-915c-c1abf241bcc1?api-version=2022-08-15-preview
  response:
    body:
      string: '{"status":"Succeeded"}'
    headers:
      cache-control:
      - no-store, no-cache
      content-length:
      - '22'
      content-type:
      - application/json
      date:
      - Thu, 29 Sep 2022 07:59:02 GMT
      pragma:
      - no-cache
      server:
      - Microsoft-HTTPAPI/2.0
      strict-transport-security:
      - max-age=31536000; includeSubDomains
      transfer-encoding:
      - chunked
      vary:
      - Accept-Encoding
      x-content-type-options:
      - nosniff
      x-ms-gatewayversion:
      - version=2.14.0
    status:
      code: 200
      message: Ok
- request:
    body: null
    headers:
      Accept:
      - '*/*'
      Accept-Encoding:
      - gzip, deflate
      CommandName:
      - cosmosdb mongodb collection retrieve-partition-throughput
      Connection:
      - keep-alive
      ParameterSetName:
      - --resource-group --account-name --database-name --name --all-partitions
      User-Agent:
      - AZURECLI/2.40.0 (PIP) azsdk-python-mgmt-cosmosdb/0.7.0 Python/3.10.1 (Windows-10-10.0.19044-SP0)
    method: GET
    uri: https://management.azure.com/subscriptions/00000000-0000-0000-0000-000000000000/resourceGroups/cosmosTest/providers/Microsoft.DocumentDB/databaseAccounts/adrutest3/mongodbDatabases/cli000003/collections/cli000002/throughputSettings/default/retrieveThroughputDistribution/operationResults/0875d053-ac79-454f-915c-c1abf241bcc1?api-version=2022-08-15-preview
  response:
    body:
      string: '{"id":"/subscriptions/00000000-0000-0000-0000-000000000000/resourceGroups/cosmosTest/providers/Microsoft.DocumentDB/databaseAccounts/adrutest3/mongodbDatabases/cli000003/collections/cli000002/throughputSettings/default/retrieveThroughputDistribution","type":"Microsoft.DocumentDB/databaseAccounts/mongodbDatabases/collections/throughputSettings/retrieveThroughputDistribution","name":"foFh","properties":{"resource":{"physicalPartitionThroughputInfo":[{"throughput":1000.0,"id":"0"},{"throughput":1000.0,"id":"1"},{"throughput":1000.0,"id":"2"}]}}}'
    headers:
      cache-control:
      - no-store, no-cache
      content-length:
      - '548'
      content-type:
      - application/json
      date:
      - Thu, 29 Sep 2022 07:59:02 GMT
      pragma:
      - no-cache
      server:
      - Microsoft-HTTPAPI/2.0
      strict-transport-security:
      - max-age=31536000; includeSubDomains
      transfer-encoding:
      - chunked
      vary:
      - Accept-Encoding
      x-content-type-options:
      - nosniff
      x-ms-gatewayversion:
      - version=2.14.0
    status:
      code: 200
      message: Ok
- request:
    body: null
    headers:
      Accept:
      - application/json
      Accept-Encoding:
      - gzip, deflate
      CommandName:
      - cosmosdb mongodb collection retrieve-partition-throughput
      Connection:
      - keep-alive
      ParameterSetName:
      - --resource-group --account-name --database-name --name --physical-partition-ids
      User-Agent:
      - AZURECLI/2.40.0 (PIP) azsdk-python-mgmt-cosmosdb/0.7.0 Python/3.10.1 (Windows-10-10.0.19044-SP0)
    method: GET
    uri: https://management.azure.com/subscriptions/00000000-0000-0000-0000-000000000000/resourceGroups/cosmosTest/providers/Microsoft.DocumentDB/databaseAccounts/adrutest3/mongodbDatabases/cli000003/collections/cli000002?api-version=2022-08-15-preview
  response:
    body:
      string: '{"id":"/subscriptions/00000000-0000-0000-0000-000000000000/resourceGroups/cosmosTest/providers/Microsoft.DocumentDB/databaseAccounts/adrutest3/mongodbDatabases/cli000003/collections/cli000002","type":"Microsoft.DocumentDB/databaseAccounts/mongodbDatabases/collections","name":"cli000002","properties":{"resource":{"id":"cli000002","shardKey":{"theShardKey":"Hash"},"indexes":[{"key":{"keys":["_id"]}}]}}}'
    headers:
      cache-control:
      - no-store, no-cache
      content-length:
      - '404'
      content-type:
      - application/json
      date:
      - Thu, 29 Sep 2022 07:59:04 GMT
      pragma:
      - no-cache
      server:
      - Microsoft-HTTPAPI/2.0
      strict-transport-security:
      - max-age=31536000; includeSubDomains
      transfer-encoding:
      - chunked
      vary:
      - Accept-Encoding
      x-content-type-options:
      - nosniff
      x-ms-gatewayversion:
      - version=2.14.0
    status:
      code: 200
      message: Ok
- request:
    body: '{"properties": {"resource": {"physicalPartitionIds": [{"id": "0"}, {"id":
      "1"}]}}}'
    headers:
      Accept:
      - application/json
      Accept-Encoding:
      - gzip, deflate
      CommandName:
      - cosmosdb mongodb collection retrieve-partition-throughput
      Connection:
      - keep-alive
      Content-Length:
      - '82'
      Content-Type:
      - application/json
      ParameterSetName:
      - --resource-group --account-name --database-name --name --physical-partition-ids
      User-Agent:
      - AZURECLI/2.40.0 (PIP) azsdk-python-mgmt-cosmosdb/0.7.0 Python/3.10.1 (Windows-10-10.0.19044-SP0)
    method: POST
    uri: https://management.azure.com/subscriptions/00000000-0000-0000-0000-000000000000/resourceGroups/cosmosTest/providers/Microsoft.DocumentDB/databaseAccounts/adrutest3/mongodbDatabases/cli000003/collections/cli000002/throughputSettings/default/retrieveThroughputDistribution?api-version=2022-08-15-preview
  response:
    body:
      string: '{"status":"Enqueued"}'
    headers:
      azure-asyncoperation:
      - https://management.azure.com/subscriptions/00000000-0000-0000-0000-000000000000/providers/Microsoft.DocumentDB/locations/australiaeast/operationsStatus/44db55a9-652e-4ba2-910e-d3c0818d891e?api-version=2022-08-15-preview
      cache-control:
      - no-store, no-cache
      content-length:
      - '21'
      content-type:
      - application/json
      date:
      - Thu, 29 Sep 2022 07:59:05 GMT
      location:
      - https://management.azure.com/subscriptions/00000000-0000-0000-0000-000000000000/resourceGroups/cosmosTest/providers/Microsoft.DocumentDB/databaseAccounts/adrutest3/mongodbDatabases/cli000003/collections/cli000002/throughputSettings/default/retrieveThroughputDistribution/operationResults/44db55a9-652e-4ba2-910e-d3c0818d891e?api-version=2022-08-15-preview
      pragma:
      - no-cache
      server:
      - Microsoft-HTTPAPI/2.0
      strict-transport-security:
      - max-age=31536000; includeSubDomains
      x-content-type-options:
      - nosniff
      x-ms-gatewayversion:
      - version=2.14.0
      x-ms-ratelimit-remaining-subscription-writes:
      - '1199'
    status:
      code: 202
      message: Accepted
- request:
    body: null
    headers:
      Accept:
      - '*/*'
      Accept-Encoding:
      - gzip, deflate
      CommandName:
      - cosmosdb mongodb collection retrieve-partition-throughput
      Connection:
      - keep-alive
      ParameterSetName:
      - --resource-group --account-name --database-name --name --physical-partition-ids
      User-Agent:
      - AZURECLI/2.40.0 (PIP) azsdk-python-mgmt-cosmosdb/0.7.0 Python/3.10.1 (Windows-10-10.0.19044-SP0)
    method: GET
    uri: https://management.azure.com/subscriptions/00000000-0000-0000-0000-000000000000/providers/Microsoft.DocumentDB/locations/australiaeast/operationsStatus/44db55a9-652e-4ba2-910e-d3c0818d891e?api-version=2022-08-15-preview
  response:
    body:
      string: '{"status":"Succeeded"}'
    headers:
      cache-control:
      - no-store, no-cache
      content-length:
      - '22'
      content-type:
      - application/json
      date:
      - Thu, 29 Sep 2022 07:59:34 GMT
      pragma:
      - no-cache
      server:
      - Microsoft-HTTPAPI/2.0
      strict-transport-security:
      - max-age=31536000; includeSubDomains
      transfer-encoding:
      - chunked
      vary:
      - Accept-Encoding
      x-content-type-options:
      - nosniff
      x-ms-gatewayversion:
      - version=2.14.0
    status:
      code: 200
      message: Ok
- request:
    body: null
    headers:
      Accept:
      - '*/*'
      Accept-Encoding:
      - gzip, deflate
      CommandName:
      - cosmosdb mongodb collection retrieve-partition-throughput
      Connection:
      - keep-alive
      ParameterSetName:
      - --resource-group --account-name --database-name --name --physical-partition-ids
      User-Agent:
      - AZURECLI/2.40.0 (PIP) azsdk-python-mgmt-cosmosdb/0.7.0 Python/3.10.1 (Windows-10-10.0.19044-SP0)
    method: GET
    uri: https://management.azure.com/subscriptions/00000000-0000-0000-0000-000000000000/resourceGroups/cosmosTest/providers/Microsoft.DocumentDB/databaseAccounts/adrutest3/mongodbDatabases/cli000003/collections/cli000002/throughputSettings/default/retrieveThroughputDistribution/operationResults/44db55a9-652e-4ba2-910e-d3c0818d891e?api-version=2022-08-15-preview
  response:
    body:
      string: '{"id":"/subscriptions/00000000-0000-0000-0000-000000000000/resourceGroups/cosmosTest/providers/Microsoft.DocumentDB/databaseAccounts/adrutest3/mongodbDatabases/cli000003/collections/cli000002/throughputSettings/default/retrieveThroughputDistribution","type":"Microsoft.DocumentDB/databaseAccounts/mongodbDatabases/collections/throughputSettings/retrieveThroughputDistribution","name":"foFh","properties":{"resource":{"physicalPartitionThroughputInfo":[{"throughput":1000.0,"id":"0"},{"throughput":1000.0,"id":"1"}]}}}'
    headers:
      cache-control:
      - no-store, no-cache
      content-length:
      - '517'
      content-type:
      - application/json
      date:
      - Thu, 29 Sep 2022 07:59:35 GMT
      pragma:
      - no-cache
      server:
      - Microsoft-HTTPAPI/2.0
      strict-transport-security:
      - max-age=31536000; includeSubDomains
      transfer-encoding:
      - chunked
      vary:
      - Accept-Encoding
      x-content-type-options:
      - nosniff
      x-ms-gatewayversion:
      - version=2.14.0
    status:
      code: 200
      message: Ok
- request:
    body: null
    headers:
      Accept:
      - application/json
      Accept-Encoding:
      - gzip, deflate
      CommandName:
      - cosmosdb mongodb collection redistribute-partition-throughput
      Connection:
      - keep-alive
      ParameterSetName:
      - --resource-group --account-name --database-name --name --target-partition-info
        --source-partition-info
      User-Agent:
      - AZURECLI/2.40.0 (PIP) azsdk-python-mgmt-cosmosdb/0.7.0 Python/3.10.1 (Windows-10-10.0.19044-SP0)
    method: GET
    uri: https://management.azure.com/subscriptions/00000000-0000-0000-0000-000000000000/resourceGroups/cosmosTest/providers/Microsoft.DocumentDB/databaseAccounts/adrutest3/mongodbDatabases/cli000003/collections/cli000002?api-version=2022-08-15-preview
  response:
    body:
      string: '{"id":"/subscriptions/00000000-0000-0000-0000-000000000000/resourceGroups/cosmosTest/providers/Microsoft.DocumentDB/databaseAccounts/adrutest3/mongodbDatabases/cli000003/collections/cli000002","type":"Microsoft.DocumentDB/databaseAccounts/mongodbDatabases/collections","name":"cli000002","properties":{"resource":{"id":"cli000002","shardKey":{"theShardKey":"Hash"},"indexes":[{"key":{"keys":["_id"]}}]}}}'
    headers:
      cache-control:
      - no-store, no-cache
      content-length:
      - '404'
      content-type:
      - application/json
      date:
      - Thu, 29 Sep 2022 07:59:37 GMT
      pragma:
      - no-cache
      server:
      - Microsoft-HTTPAPI/2.0
      strict-transport-security:
      - max-age=31536000; includeSubDomains
      transfer-encoding:
      - chunked
      vary:
      - Accept-Encoding
      x-content-type-options:
      - nosniff
      x-ms-gatewayversion:
      - version=2.14.0
    status:
      code: 200
      message: Ok
- request:
    body: '{"properties": {"resource": {"throughputPolicy": "custom", "targetPhysicalPartitionThroughputInfo":
      [{"id": "0", "throughput": 1200.0}, {"id": "1", "throughput": 1200.0}], "sourcePhysicalPartitionThroughputInfo":
      [{"id": "2", "throughput": 0.0}]}}}'
    headers:
      Accept:
      - application/json
      Accept-Encoding:
      - gzip, deflate
      CommandName:
      - cosmosdb mongodb collection redistribute-partition-throughput
      Connection:
      - keep-alive
      Content-Length:
      - '248'
      Content-Type:
      - application/json
      ParameterSetName:
      - --resource-group --account-name --database-name --name --target-partition-info
        --source-partition-info
      User-Agent:
      - AZURECLI/2.40.0 (PIP) azsdk-python-mgmt-cosmosdb/0.7.0 Python/3.10.1 (Windows-10-10.0.19044-SP0)
    method: POST
    uri: https://management.azure.com/subscriptions/00000000-0000-0000-0000-000000000000/resourceGroups/cosmosTest/providers/Microsoft.DocumentDB/databaseAccounts/adrutest3/mongodbDatabases/cli000003/collections/cli000002/throughputSettings/default/redistributeThroughput?api-version=2022-08-15-preview
  response:
    body:
      string: '{"status":"Enqueued"}'
    headers:
      azure-asyncoperation:
      - https://management.azure.com/subscriptions/00000000-0000-0000-0000-000000000000/providers/Microsoft.DocumentDB/locations/australiaeast/operationsStatus/c5880f20-1b07-4a15-9371-58418c698541?api-version=2022-08-15-preview
      cache-control:
      - no-store, no-cache
      content-length:
      - '21'
      content-type:
      - application/json
      date:
      - Thu, 29 Sep 2022 07:59:37 GMT
      location:
      - https://management.azure.com/subscriptions/00000000-0000-0000-0000-000000000000/resourceGroups/cosmosTest/providers/Microsoft.DocumentDB/databaseAccounts/adrutest3/mongodbDatabases/cli000003/collections/cli000002/throughputSettings/default/redistributeThroughput/operationResults/c5880f20-1b07-4a15-9371-58418c698541?api-version=2022-08-15-preview
      pragma:
      - no-cache
      server:
      - Microsoft-HTTPAPI/2.0
      strict-transport-security:
      - max-age=31536000; includeSubDomains
      x-content-type-options:
      - nosniff
      x-ms-gatewayversion:
      - version=2.14.0
      x-ms-ratelimit-remaining-subscription-writes:
      - '1199'
    status:
      code: 202
      message: Accepted
- request:
    body: null
    headers:
      Accept:
      - '*/*'
      Accept-Encoding:
      - gzip, deflate
      CommandName:
      - cosmosdb mongodb collection redistribute-partition-throughput
      Connection:
      - keep-alive
      ParameterSetName:
      - --resource-group --account-name --database-name --name --target-partition-info
        --source-partition-info
      User-Agent:
      - AZURECLI/2.40.0 (PIP) azsdk-python-mgmt-cosmosdb/0.7.0 Python/3.10.1 (Windows-10-10.0.19044-SP0)
    method: GET
    uri: https://management.azure.com/subscriptions/00000000-0000-0000-0000-000000000000/providers/Microsoft.DocumentDB/locations/australiaeast/operationsStatus/c5880f20-1b07-4a15-9371-58418c698541?api-version=2022-08-15-preview
  response:
    body:
      string: '{"status":"Succeeded"}'
    headers:
      cache-control:
      - no-store, no-cache
      content-length:
      - '22'
      content-type:
      - application/json
      date:
      - Thu, 29 Sep 2022 08:00:08 GMT
      pragma:
      - no-cache
      server:
      - Microsoft-HTTPAPI/2.0
      strict-transport-security:
      - max-age=31536000; includeSubDomains
      transfer-encoding:
      - chunked
      vary:
      - Accept-Encoding
      x-content-type-options:
      - nosniff
      x-ms-gatewayversion:
      - version=2.14.0
    status:
      code: 200
      message: Ok
- request:
    body: null
    headers:
      Accept:
      - '*/*'
      Accept-Encoding:
      - gzip, deflate
      CommandName:
      - cosmosdb mongodb collection redistribute-partition-throughput
      Connection:
      - keep-alive
      ParameterSetName:
      - --resource-group --account-name --database-name --name --target-partition-info
        --source-partition-info
      User-Agent:
      - AZURECLI/2.40.0 (PIP) azsdk-python-mgmt-cosmosdb/0.7.0 Python/3.10.1 (Windows-10-10.0.19044-SP0)
    method: GET
    uri: https://management.azure.com/subscriptions/00000000-0000-0000-0000-000000000000/resourceGroups/cosmosTest/providers/Microsoft.DocumentDB/databaseAccounts/adrutest3/mongodbDatabases/cli000003/collections/cli000002/throughputSettings/default/redistributeThroughput/operationResults/c5880f20-1b07-4a15-9371-58418c698541?api-version=2022-08-15-preview
  response:
    body:
      string: '{"id":"/subscriptions/00000000-0000-0000-0000-000000000000/resourceGroups/cosmosTest/providers/Microsoft.DocumentDB/databaseAccounts/adrutest3/mongodbDatabases/cli000003/collections/cli000002/throughputSettings/default/redistributeThroughput","type":"Microsoft.DocumentDB/databaseAccounts/mongodbDatabases/collections/throughputSettings/redistributeThroughput","name":"foFh","properties":{"resource":{"physicalPartitionThroughputInfo":[{"throughput":1200.0,"id":"0"},{"throughput":1200.0,"id":"1"},{"throughput":599.99999999999966,"id":"2"}]}}}'
    headers:
      cache-control:
      - no-store, no-cache
      content-length:
      - '544'
      content-type:
      - application/json
      date:
      - Thu, 29 Sep 2022 08:00:08 GMT
      pragma:
      - no-cache
      server:
      - Microsoft-HTTPAPI/2.0
      strict-transport-security:
      - max-age=31536000; includeSubDomains
      transfer-encoding:
      - chunked
      vary:
      - Accept-Encoding
      x-content-type-options:
      - nosniff
      x-ms-gatewayversion:
      - version=2.14.0
    status:
      code: 200
      message: Ok
- request:
    body: null
    headers:
      Accept:
      - application/json
      Accept-Encoding:
      - gzip, deflate
      CommandName:
      - cosmosdb mongodb collection redistribute-partition-throughput
      Connection:
      - keep-alive
      ParameterSetName:
      - --resource-group --account-name --database-name --name --evenly-distribute
      User-Agent:
      - AZURECLI/2.40.0 (PIP) azsdk-python-mgmt-cosmosdb/0.7.0 Python/3.10.1 (Windows-10-10.0.19044-SP0)
    method: GET
    uri: https://management.azure.com/subscriptions/00000000-0000-0000-0000-000000000000/resourceGroups/cosmosTest/providers/Microsoft.DocumentDB/databaseAccounts/adrutest3/mongodbDatabases/cli000003/collections/cli000002?api-version=2022-08-15-preview
  response:
    body:
      string: '{"id":"/subscriptions/00000000-0000-0000-0000-000000000000/resourceGroups/cosmosTest/providers/Microsoft.DocumentDB/databaseAccounts/adrutest3/mongodbDatabases/cli000003/collections/cli000002","type":"Microsoft.DocumentDB/databaseAccounts/mongodbDatabases/collections","name":"cli000002","properties":{"resource":{"id":"cli000002","shardKey":{"theShardKey":"Hash"},"indexes":[{"key":{"keys":["_id"]}}]}}}'
    headers:
      cache-control:
      - no-store, no-cache
      content-length:
      - '404'
      content-type:
      - application/json
      date:
      - Thu, 29 Sep 2022 08:00:09 GMT
      pragma:
      - no-cache
      server:
      - Microsoft-HTTPAPI/2.0
      strict-transport-security:
      - max-age=31536000; includeSubDomains
      transfer-encoding:
      - chunked
      vary:
      - Accept-Encoding
      x-content-type-options:
      - nosniff
      x-ms-gatewayversion:
      - version=2.14.0
    status:
      code: 200
      message: Ok
- request:
    body: '{"properties": {"resource": {"throughputPolicy": "equal", "targetPhysicalPartitionThroughputInfo":
      [], "sourcePhysicalPartitionThroughputInfo": []}}}'
    headers:
      Accept:
      - application/json
      Accept-Encoding:
      - gzip, deflate
      CommandName:
      - cosmosdb mongodb collection redistribute-partition-throughput
      Connection:
      - keep-alive
      Content-Length:
      - '149'
      Content-Type:
      - application/json
      ParameterSetName:
      - --resource-group --account-name --database-name --name --evenly-distribute
      User-Agent:
      - AZURECLI/2.40.0 (PIP) azsdk-python-mgmt-cosmosdb/0.7.0 Python/3.10.1 (Windows-10-10.0.19044-SP0)
    method: POST
    uri: https://management.azure.com/subscriptions/00000000-0000-0000-0000-000000000000/resourceGroups/cosmosTest/providers/Microsoft.DocumentDB/databaseAccounts/adrutest3/mongodbDatabases/cli000003/collections/cli000002/throughputSettings/default/redistributeThroughput?api-version=2022-08-15-preview
  response:
    body:
      string: '{"status":"Enqueued"}'
    headers:
      azure-asyncoperation:
      - https://management.azure.com/subscriptions/00000000-0000-0000-0000-000000000000/providers/Microsoft.DocumentDB/locations/australiaeast/operationsStatus/66d83d7e-b20f-49d8-87a0-54a469dd704f?api-version=2022-08-15-preview
      cache-control:
      - no-store, no-cache
      content-length:
      - '21'
      content-type:
      - application/json
      date:
      - Thu, 29 Sep 2022 08:00:09 GMT
      location:
      - https://management.azure.com/subscriptions/00000000-0000-0000-0000-000000000000/resourceGroups/cosmosTest/providers/Microsoft.DocumentDB/databaseAccounts/adrutest3/mongodbDatabases/cli000003/collections/cli000002/throughputSettings/default/redistributeThroughput/operationResults/66d83d7e-b20f-49d8-87a0-54a469dd704f?api-version=2022-08-15-preview
      pragma:
      - no-cache
      server:
      - Microsoft-HTTPAPI/2.0
      strict-transport-security:
      - max-age=31536000; includeSubDomains
      x-content-type-options:
      - nosniff
      x-ms-gatewayversion:
      - version=2.14.0
      x-ms-ratelimit-remaining-subscription-writes:
      - '1199'
    status:
      code: 202
      message: Accepted
- request:
    body: null
    headers:
      Accept:
      - '*/*'
      Accept-Encoding:
      - gzip, deflate
      CommandName:
      - cosmosdb mongodb collection redistribute-partition-throughput
      Connection:
      - keep-alive
      ParameterSetName:
      - --resource-group --account-name --database-name --name --evenly-distribute
      User-Agent:
      - AZURECLI/2.40.0 (PIP) azsdk-python-mgmt-cosmosdb/0.7.0 Python/3.10.1 (Windows-10-10.0.19044-SP0)
    method: GET
    uri: https://management.azure.com/subscriptions/00000000-0000-0000-0000-000000000000/providers/Microsoft.DocumentDB/locations/australiaeast/operationsStatus/66d83d7e-b20f-49d8-87a0-54a469dd704f?api-version=2022-08-15-preview
  response:
    body:
      string: '{"status":"Succeeded"}'
    headers:
      cache-control:
      - no-store, no-cache
      content-length:
      - '22'
      content-type:
      - application/json
      date:
      - Thu, 29 Sep 2022 08:00:39 GMT
      pragma:
      - no-cache
      server:
      - Microsoft-HTTPAPI/2.0
      strict-transport-security:
      - max-age=31536000; includeSubDomains
      transfer-encoding:
      - chunked
      vary:
      - Accept-Encoding
      x-content-type-options:
      - nosniff
      x-ms-gatewayversion:
      - version=2.14.0
    status:
      code: 200
      message: Ok
- request:
    body: null
    headers:
      Accept:
      - '*/*'
      Accept-Encoding:
      - gzip, deflate
      CommandName:
      - cosmosdb mongodb collection redistribute-partition-throughput
      Connection:
      - keep-alive
      ParameterSetName:
      - --resource-group --account-name --database-name --name --evenly-distribute
      User-Agent:
      - AZURECLI/2.40.0 (PIP) azsdk-python-mgmt-cosmosdb/0.7.0 Python/3.10.1 (Windows-10-10.0.19044-SP0)
    method: GET
    uri: https://management.azure.com/subscriptions/00000000-0000-0000-0000-000000000000/resourceGroups/cosmosTest/providers/Microsoft.DocumentDB/databaseAccounts/adrutest3/mongodbDatabases/cli000003/collections/cli000002/throughputSettings/default/redistributeThroughput/operationResults/66d83d7e-b20f-49d8-87a0-54a469dd704f?api-version=2022-08-15-preview
  response:
    body:
      string: '{"id":"/subscriptions/00000000-0000-0000-0000-000000000000/resourceGroups/cosmosTest/providers/Microsoft.DocumentDB/databaseAccounts/adrutest3/mongodbDatabases/cli000003/collections/cli000002/throughputSettings/default/redistributeThroughput","type":"Microsoft.DocumentDB/databaseAccounts/mongodbDatabases/collections/throughputSettings/redistributeThroughput","name":"foFh","properties":{"resource":{"physicalPartitionThroughputInfo":[{"throughput":1000.0,"id":"0"},{"throughput":1000.0,"id":"1"},{"throughput":1000.0,"id":"2"}]}}}'
    headers:
      cache-control:
      - no-store, no-cache
      content-length:
      - '532'
      content-type:
      - application/json
      date:
      - Thu, 29 Sep 2022 08:00:40 GMT
      pragma:
      - no-cache
      server:
      - Microsoft-HTTPAPI/2.0
      strict-transport-security:
      - max-age=31536000; includeSubDomains
      transfer-encoding:
      - chunked
      vary:
      - Accept-Encoding
      x-content-type-options:
      - nosniff
      x-ms-gatewayversion:
      - version=2.14.0
    status:
      code: 200
      message: Ok
version: 1
