interactions:
- request:
    body: '{"location": "eastus2", "properties": {"addressSpace": {"addressPrefixes":
      ["10.0.0.0/16"]}, "enableDdosProtection": false, "enableVmProtection": false,
      "subnets": [{"name": "cli000004", "properties": {"addressPrefix": "10.0.0.0/24"}}]}}'
    headers:
      Accept:
      - application/json
      Accept-Encoding:
      - gzip, deflate
      CommandName:
      - network vnet create
      Connection:
      - keep-alive
      Content-Length:
      - '237'
      Content-Type:
      - application/json
      ParameterSetName:
      - -g -l -n --subnet-name
      User-Agent:
      - AZURECLI/2.47.0 (AAZ) azsdk-python-core/1.26.4 Python/3.10.2 (Windows-10-10.0.19045-SP0)
    method: PUT
    uri: https://management.azure.com/subscriptions/00000000-0000-0000-0000-000000000000/resourceGroups/cli_managed_cassandra000001/providers/Microsoft.Network/virtualNetworks/cli000003?api-version=2022-01-01
  response:
    body:
      string: "{\r\n  \"name\": \"cli000003\",\r\n  \"id\": \"/subscriptions/00000000-0000-0000-0000-000000000000/resourceGroups/cli_managed_cassandra000001/providers/Microsoft.Network/virtualNetworks/cli000003\",\r\n
        \ \"etag\": \"W/\\\"7ee8ac57-363a-45f5-bc82-3da1a26c3d57\\\"\",\r\n  \"type\":
        \"Microsoft.Network/virtualNetworks\",\r\n  \"location\": \"eastus2\",\r\n
        \ \"properties\": {\r\n    \"provisioningState\": \"Updating\",\r\n    \"resourceGuid\":
        \"d80d1cc7-0ac6-489e-b6ef-b8aeb0d604d0\",\r\n    \"addressSpace\": {\r\n      \"addressPrefixes\":
        [\r\n        \"10.0.0.0/16\"\r\n      ]\r\n    },\r\n    \"subnets\": [\r\n
        \     {\r\n        \"name\": \"cli000004\",\r\n        \"id\": \"/subscriptions/00000000-0000-0000-0000-000000000000/resourceGroups/cli_managed_cassandra000001/providers/Microsoft.Network/virtualNetworks/cli000003/subnets/cli000004\",\r\n
        \       \"etag\": \"W/\\\"7ee8ac57-363a-45f5-bc82-3da1a26c3d57\\\"\",\r\n
        \       \"properties\": {\r\n          \"provisioningState\": \"Updating\",\r\n
        \         \"addressPrefix\": \"10.0.0.0/24\",\r\n          \"delegations\":
        [],\r\n          \"privateEndpointNetworkPolicies\": \"Disabled\",\r\n          \"privateLinkServiceNetworkPolicies\":
        \"Enabled\"\r\n        },\r\n        \"type\": \"Microsoft.Network/virtualNetworks/subnets\"\r\n
        \     }\r\n    ],\r\n    \"virtualNetworkPeerings\": [],\r\n    \"enableDdosProtection\":
        false\r\n  }\r\n}"
    headers:
      azure-asyncnotification:
      - Enabled
      azure-asyncoperation:
      - https://management.azure.com/subscriptions/00000000-0000-0000-0000-000000000000/providers/Microsoft.Network/locations/eastus2/operations/d0bee44a-13c4-4bb3-8f71-c332255968e6?api-version=2022-01-01
      cache-control:
      - no-cache
      content-length:
      - '1256'
      content-type:
      - application/json; charset=utf-8
      date:
      - Mon, 17 Apr 2023 20:34:09 GMT
      expires:
      - '-1'
      pragma:
      - no-cache
      server:
      - Microsoft-HTTPAPI/2.0
      - Microsoft-HTTPAPI/2.0
      strict-transport-security:
      - max-age=31536000; includeSubDomains
      x-content-type-options:
      - nosniff
      x-ms-arm-service-request-id:
      - e922bf33-141d-4e80-a851-d421e4dd5f6a
      x-ms-ratelimit-remaining-subscription-writes:
      - '1199'
    status:
      code: 201
      message: Created
- request:
    body: null
    headers:
      Accept:
      - '*/*'
      Accept-Encoding:
      - gzip, deflate
      CommandName:
      - network vnet create
      Connection:
      - keep-alive
      ParameterSetName:
      - -g -l -n --subnet-name
      User-Agent:
      - AZURECLI/2.47.0 (AAZ) azsdk-python-core/1.26.4 Python/3.10.2 (Windows-10-10.0.19045-SP0)
    method: GET
    uri: https://management.azure.com/subscriptions/00000000-0000-0000-0000-000000000000/providers/Microsoft.Network/locations/eastus2/operations/d0bee44a-13c4-4bb3-8f71-c332255968e6?api-version=2022-01-01
  response:
    body:
      string: "{\r\n  \"status\": \"InProgress\"\r\n}"
    headers:
      cache-control:
      - no-cache
      content-length:
      - '30'
      content-type:
      - application/json; charset=utf-8
      date:
      - Mon, 17 Apr 2023 20:34:09 GMT
      expires:
      - '-1'
      pragma:
      - no-cache
      server:
      - Microsoft-HTTPAPI/2.0
      - Microsoft-HTTPAPI/2.0
      strict-transport-security:
      - max-age=31536000; includeSubDomains
      transfer-encoding:
      - chunked
      vary:
      - Accept-Encoding
      x-content-type-options:
      - nosniff
      x-ms-arm-service-request-id:
      - 6536cf49-2e60-45db-bc0b-a870939bc7fd
    status:
      code: 200
      message: OK
- request:
    body: null
    headers:
      Accept:
      - '*/*'
      Accept-Encoding:
      - gzip, deflate
      CommandName:
      - network vnet create
      Connection:
      - keep-alive
      ParameterSetName:
      - -g -l -n --subnet-name
      User-Agent:
      - AZURECLI/2.47.0 (AAZ) azsdk-python-core/1.26.4 Python/3.10.2 (Windows-10-10.0.19045-SP0)
    method: GET
    uri: https://management.azure.com/subscriptions/00000000-0000-0000-0000-000000000000/providers/Microsoft.Network/locations/eastus2/operations/d0bee44a-13c4-4bb3-8f71-c332255968e6?api-version=2022-01-01
  response:
    body:
      string: "{\r\n  \"status\": \"Succeeded\"\r\n}"
    headers:
      cache-control:
      - no-cache
      content-length:
      - '29'
      content-type:
      - application/json; charset=utf-8
      date:
      - Mon, 17 Apr 2023 20:34:19 GMT
      expires:
      - '-1'
      pragma:
      - no-cache
      server:
      - Microsoft-HTTPAPI/2.0
      - Microsoft-HTTPAPI/2.0
      strict-transport-security:
      - max-age=31536000; includeSubDomains
      transfer-encoding:
      - chunked
      vary:
      - Accept-Encoding
      x-content-type-options:
      - nosniff
      x-ms-arm-service-request-id:
      - 03d50902-c911-4e95-bf56-7f8d520d3af3
    status:
      code: 200
      message: OK
- request:
    body: null
    headers:
      Accept:
      - '*/*'
      Accept-Encoding:
      - gzip, deflate
      CommandName:
      - network vnet create
      Connection:
      - keep-alive
      ParameterSetName:
      - -g -l -n --subnet-name
      User-Agent:
      - AZURECLI/2.47.0 (AAZ) azsdk-python-core/1.26.4 Python/3.10.2 (Windows-10-10.0.19045-SP0)
    method: GET
    uri: https://management.azure.com/subscriptions/00000000-0000-0000-0000-000000000000/resourceGroups/cli_managed_cassandra000001/providers/Microsoft.Network/virtualNetworks/cli000003?api-version=2022-01-01
  response:
    body:
      string: "{\r\n  \"name\": \"cli000003\",\r\n  \"id\": \"/subscriptions/00000000-0000-0000-0000-000000000000/resourceGroups/cli_managed_cassandra000001/providers/Microsoft.Network/virtualNetworks/cli000003\",\r\n
        \ \"etag\": \"W/\\\"dc2f3337-a9bf-4cf7-9129-6a51059416a9\\\"\",\r\n  \"type\":
        \"Microsoft.Network/virtualNetworks\",\r\n  \"location\": \"eastus2\",\r\n
        \ \"properties\": {\r\n    \"provisioningState\": \"Succeeded\",\r\n    \"resourceGuid\":
        \"d80d1cc7-0ac6-489e-b6ef-b8aeb0d604d0\",\r\n    \"addressSpace\": {\r\n      \"addressPrefixes\":
        [\r\n        \"10.0.0.0/16\"\r\n      ]\r\n    },\r\n    \"subnets\": [\r\n
        \     {\r\n        \"name\": \"cli000004\",\r\n        \"id\": \"/subscriptions/00000000-0000-0000-0000-000000000000/resourceGroups/cli_managed_cassandra000001/providers/Microsoft.Network/virtualNetworks/cli000003/subnets/cli000004\",\r\n
        \       \"etag\": \"W/\\\"dc2f3337-a9bf-4cf7-9129-6a51059416a9\\\"\",\r\n
        \       \"properties\": {\r\n          \"provisioningState\": \"Succeeded\",\r\n
        \         \"addressPrefix\": \"10.0.0.0/24\",\r\n          \"delegations\":
        [],\r\n          \"privateEndpointNetworkPolicies\": \"Disabled\",\r\n          \"privateLinkServiceNetworkPolicies\":
        \"Enabled\"\r\n        },\r\n        \"type\": \"Microsoft.Network/virtualNetworks/subnets\"\r\n
        \     }\r\n    ],\r\n    \"virtualNetworkPeerings\": [],\r\n    \"enableDdosProtection\":
        false\r\n  }\r\n}"
    headers:
      cache-control:
      - no-cache
      content-length:
      - '1258'
      content-type:
      - application/json; charset=utf-8
      date:
      - Mon, 17 Apr 2023 20:34:19 GMT
      etag:
      - W/"dc2f3337-a9bf-4cf7-9129-6a51059416a9"
      expires:
      - '-1'
      pragma:
      - no-cache
      server:
      - Microsoft-HTTPAPI/2.0
      - Microsoft-HTTPAPI/2.0
      strict-transport-security:
      - max-age=31536000; includeSubDomains
      transfer-encoding:
      - chunked
      vary:
      - Accept-Encoding
      x-content-type-options:
      - nosniff
      x-ms-arm-service-request-id:
      - b3841c49-e1e9-4037-acb8-36d67a02d516
    status:
      code: 200
      message: OK
- request:
    body: null
    headers:
      Accept:
      - application/json
      Accept-Encoding:
      - gzip, deflate
      CommandName:
      - network vnet show
      Connection:
      - keep-alive
      ParameterSetName:
      - -g -n
      User-Agent:
      - AZURECLI/2.47.0 (AAZ) azsdk-python-core/1.26.4 Python/3.10.2 (Windows-10-10.0.19045-SP0)
    method: GET
    uri: https://management.azure.com/subscriptions/00000000-0000-0000-0000-000000000000/resourceGroups/cli_managed_cassandra000001/providers/Microsoft.Network/virtualNetworks/cli000003?api-version=2022-01-01
  response:
    body:
      string: "{\r\n  \"name\": \"cli000003\",\r\n  \"id\": \"/subscriptions/00000000-0000-0000-0000-000000000000/resourceGroups/cli_managed_cassandra000001/providers/Microsoft.Network/virtualNetworks/cli000003\",\r\n
        \ \"etag\": \"W/\\\"dc2f3337-a9bf-4cf7-9129-6a51059416a9\\\"\",\r\n  \"type\":
        \"Microsoft.Network/virtualNetworks\",\r\n  \"location\": \"eastus2\",\r\n
        \ \"properties\": {\r\n    \"provisioningState\": \"Succeeded\",\r\n    \"resourceGuid\":
        \"d80d1cc7-0ac6-489e-b6ef-b8aeb0d604d0\",\r\n    \"addressSpace\": {\r\n      \"addressPrefixes\":
        [\r\n        \"10.0.0.0/16\"\r\n      ]\r\n    },\r\n    \"subnets\": [\r\n
        \     {\r\n        \"name\": \"cli000004\",\r\n        \"id\": \"/subscriptions/00000000-0000-0000-0000-000000000000/resourceGroups/cli_managed_cassandra000001/providers/Microsoft.Network/virtualNetworks/cli000003/subnets/cli000004\",\r\n
        \       \"etag\": \"W/\\\"dc2f3337-a9bf-4cf7-9129-6a51059416a9\\\"\",\r\n
        \       \"properties\": {\r\n          \"provisioningState\": \"Succeeded\",\r\n
        \         \"addressPrefix\": \"10.0.0.0/24\",\r\n          \"delegations\":
        [],\r\n          \"privateEndpointNetworkPolicies\": \"Disabled\",\r\n          \"privateLinkServiceNetworkPolicies\":
        \"Enabled\"\r\n        },\r\n        \"type\": \"Microsoft.Network/virtualNetworks/subnets\"\r\n
        \     }\r\n    ],\r\n    \"virtualNetworkPeerings\": [],\r\n    \"enableDdosProtection\":
        false\r\n  }\r\n}"
    headers:
      cache-control:
      - no-cache
      content-length:
      - '1258'
      content-type:
      - application/json; charset=utf-8
      date:
      - Mon, 17 Apr 2023 20:34:21 GMT
      etag:
      - W/"dc2f3337-a9bf-4cf7-9129-6a51059416a9"
      expires:
      - '-1'
      pragma:
      - no-cache
      server:
      - Microsoft-HTTPAPI/2.0
      - Microsoft-HTTPAPI/2.0
      strict-transport-security:
      - max-age=31536000; includeSubDomains
      transfer-encoding:
      - chunked
      vary:
      - Accept-Encoding
      x-content-type-options:
      - nosniff
      x-ms-arm-service-request-id:
      - 4bcc3cdf-1287-4ac2-b814-2c95401cda03
    status:
      code: 200
      message: OK
- request:
    body: null
    headers:
      Accept:
      - '*/*'
      Accept-Encoding:
      - gzip, deflate
      CommandName:
      - role assignment create
      Connection:
      - keep-alive
      ParameterSetName:
      - --assignee --role --scope
      User-Agent:
      - python/3.10.2 (Windows-10-10.0.19045-SP0) AZURECLI/2.47.0
    method: GET
    uri: https://graph.microsoft.com/v1.0/servicePrincipals?$filter=servicePrincipalNames%2Fany%28c%3Ac%20eq%20%27e5007d2c-4b13-4a74-9b6a-605d99f03501%27%29
  response:
    body:
      string: '{"@odata.context":"https://graph.microsoft.com/v1.0/$metadata#servicePrincipals","value":[]}'
    headers:
      cache-control:
      - no-cache
      content-length:
      - '92'
      content-type:
      - application/json;odata.metadata=minimal;odata.streaming=true;IEEE754Compatible=false;charset=utf-8
      date:
      - Mon, 17 Apr 2023 20:34:22 GMT
      odata-version:
      - '4.0'
      request-id:
      - f28c3504-866d-425f-9dc1-44ce28c96e16
      strict-transport-security:
      - max-age=31536000
      transfer-encoding:
      - chunked
      vary:
      - Accept-Encoding
      x-ms-ags-diagnostic:
      - '{"ServerInfo":{"DataCenter":"West US 2","Slice":"E","Ring":"1","ScaleUnit":"002","RoleInstance":"MWH0EPF0004E10A"}}'
      x-ms-resource-unit:
      - '1'
    status:
      code: 200
      message: OK
- request:
    body: '{"ids": ["e5007d2c-4b13-4a74-9b6a-605d99f03501"], "types": ["user", "group",
      "servicePrincipal", "directoryObjectPartnerReference"]}'
    headers:
      Accept:
      - '*/*'
      Accept-Encoding:
      - gzip, deflate
      CommandName:
      - role assignment create
      Connection:
      - keep-alive
      Content-Length:
      - '132'
      Content-Type:
      - application/json
      ParameterSetName:
      - --assignee --role --scope
      User-Agent:
      - python/3.10.2 (Windows-10-10.0.19045-SP0) AZURECLI/2.47.0
    method: POST
    uri: https://graph.microsoft.com/v1.0/directoryObjects/getByIds
  response:
    body:
      string: '{"@odata.context":"https://graph.microsoft.com/v1.0/$metadata#directoryObjects","value":[{"@odata.type":"#microsoft.graph.servicePrincipal","id":"e5007d2c-4b13-4a74-9b6a-605d99f03501","deletedDateTime":null,"accountEnabled":true,"alternativeNames":[],"appDisplayName":"Azure
        Cosmos DB","appDescription":null,"appId":"a232010e-820c-4083-83bb-3ace5fc29d0b","applicationTemplateId":null,"appOwnerOrganizationId":"f8cdef31-a31e-4b4a-93e4-5f571e91255a","appRoleAssignmentRequired":false,"createdDateTime":"2020-01-03T02:38:32Z","description":null,"disabledByMicrosoftStatus":null,"displayName":"Azure
        Cosmos DB","homepage":null,"loginUrl":null,"logoutUrl":null,"notes":null,"notificationEmailAddresses":[],"preferredSingleSignOnMode":null,"preferredTokenSigningKeyThumbprint":null,"replyUrls":[],"servicePrincipalNames":["a232010e-820c-4083-83bb-3ace5fc29d0b"],"servicePrincipalType":"Application","signInAudience":"AzureADMultipleOrgs","tags":[],"tokenEncryptionKeyId":null,"samlSingleSignOnSettings":null,"addIns":[],"appRoles":[],"info":{"logoUrl":null,"marketingUrl":null,"privacyStatementUrl":null,"supportUrl":null,"termsOfServiceUrl":null},"keyCredentials":[],"oauth2PermissionScopes":[{"adminConsentDescription":"Allow
        the application to access Azure Cosmos DB on behalf of the signed-in user.","adminConsentDisplayName":"Access
        Azure Cosmos DB","id":"8741c20d-e8c0-41ff-8adf-b7b9ba168197","isEnabled":true,"type":"User","userConsentDescription":"Allow
        the application to access Azure Cosmos DB on your behalf.","userConsentDisplayName":"Access
        Azure Cosmos DB as the Signed-in User","value":"user_impersonation"}],"passwordCredentials":[],"resourceSpecificApplicationPermissions":[],"verifiedPublisher":{"displayName":null,"verifiedPublisherId":null,"addedDateTime":null}}]}'
    headers:
      cache-control:
      - no-cache
      content-length:
      - '1778'
      content-type:
      - application/json;odata.metadata=minimal;odata.streaming=true;IEEE754Compatible=false;charset=utf-8
      date:
      - Mon, 17 Apr 2023 20:34:23 GMT
      location:
      - https://graph.microsoft.com
      odata-version:
      - '4.0'
      request-id:
      - 9e08b9bc-ee8d-49d4-ad48-a37a0263ab7a
      strict-transport-security:
      - max-age=31536000
      transfer-encoding:
      - chunked
      vary:
      - Accept-Encoding
      x-ms-ags-diagnostic:
      - '{"ServerInfo":{"DataCenter":"West US 2","Slice":"E","Ring":"1","ScaleUnit":"002","RoleInstance":"MWH0EPF00032B57"}}'
      x-ms-resource-unit:
      - '3'
    status:
      code: 200
      message: OK
- request:
    body: '{"properties": {"roleDefinitionId": "/subscriptions/00000000-0000-0000-0000-000000000000/providers/Microsoft.Authorization/roleDefinitions/4d97b98b-1d4f-4787-a291-c67834d212e7",
      "principalId": "e5007d2c-4b13-4a74-9b6a-605d99f03501", "principalType": "ServicePrincipal"}}'
    headers:
      Accept:
      - application/json
      Accept-Encoding:
      - gzip, deflate
      CommandName:
      - role assignment create
      Connection:
      - keep-alive
      Content-Length:
      - '270'
      Content-Type:
      - application/json
      ParameterSetName:
      - --assignee --role --scope
      User-Agent:
      - AZURECLI/2.47.0 azsdk-python-azure-mgmt-authorization/3.0.0 Python/3.10.2
        (Windows-10-10.0.19045-SP0)
    method: PUT
    uri: https://management.azure.com/subscriptions/00000000-0000-0000-0000-000000000000/resourceGroups/cli_managed_cassandra000001/providers/Microsoft.Network/virtualNetworks/cli000003/providers/Microsoft.Authorization/roleAssignments/88888888-0000-0000-0000-000000000001?api-version=2022-04-01
  response:
    body:
      string: '{"properties":{"roleDefinitionId":"/subscriptions/00000000-0000-0000-0000-000000000000/providers/Microsoft.Authorization/roleDefinitions/4d97b98b-1d4f-4787-a291-c67834d212e7","principalId":"e5007d2c-4b13-4a74-9b6a-605d99f03501","principalType":"ServicePrincipal","scope":"/subscriptions/00000000-0000-0000-0000-000000000000/resourceGroups/cli_managed_cassandra000001/providers/Microsoft.Network/virtualNetworks/cli000003","condition":null,"conditionVersion":null,"createdOn":"2023-04-17T20:34:24.1376820Z","updatedOn":"2023-04-17T20:34:24.8174816Z","createdBy":null,"updatedBy":"3472afbc-da6d-4050-88a0-b0fe52e69bc5","delegatedManagedIdentityResourceId":null,"description":null},"id":"/subscriptions/00000000-0000-0000-0000-000000000000/resourceGroups/cli_managed_cassandra000001/providers/Microsoft.Network/virtualNetworks/cli000003/providers/Microsoft.Authorization/roleAssignments/88888888-0000-0000-0000-000000000001","type":"Microsoft.Authorization/roleAssignments","name":"88888888-0000-0000-0000-000000000001"}'
    headers:
      cache-control:
      - no-cache
      content-length:
      - '1017'
      content-type:
      - application/json; charset=utf-8
      date:
      - Mon, 17 Apr 2023 20:34:25 GMT
      expires:
      - '-1'
      pragma:
      - no-cache
      set-cookie:
      - x-ms-gateway-slice=Production; path=/; secure; samesite=none; httponly
      strict-transport-security:
      - max-age=31536000; includeSubDomains
      x-content-type-options:
      - nosniff
      x-ms-ratelimit-remaining-subscription-writes:
      - '1199'
    status:
      code: 201
      message: Created
- request:
    body: null
    headers:
      Accept:
      - application/json
      Accept-Encoding:
      - gzip, deflate
      CommandName:
      - network vnet subnet show
      Connection:
      - keep-alive
      ParameterSetName:
      - -g --vnet-name --name
      User-Agent:
      - AZURECLI/2.47.0 (AAZ) azsdk-python-core/1.26.4 Python/3.10.2 (Windows-10-10.0.19045-SP0)
    method: GET
    uri: https://management.azure.com/subscriptions/00000000-0000-0000-0000-000000000000/resourceGroups/cli_managed_cassandra000001/providers/Microsoft.Network/virtualNetworks/cli000003/subnets/cli000004?api-version=2022-01-01
  response:
    body:
      string: "{\r\n  \"name\": \"cli000004\",\r\n  \"id\": \"/subscriptions/00000000-0000-0000-0000-000000000000/resourceGroups/cli_managed_cassandra000001/providers/Microsoft.Network/virtualNetworks/cli000003/subnets/cli000004\",\r\n
        \ \"etag\": \"W/\\\"dc2f3337-a9bf-4cf7-9129-6a51059416a9\\\"\",\r\n  \"properties\":
        {\r\n    \"provisioningState\": \"Succeeded\",\r\n    \"addressPrefix\": \"10.0.0.0/24\",\r\n
        \   \"delegations\": [],\r\n    \"privateEndpointNetworkPolicies\": \"Disabled\",\r\n
        \   \"privateLinkServiceNetworkPolicies\": \"Enabled\"\r\n  },\r\n  \"type\":
        \"Microsoft.Network/virtualNetworks/subnets\"\r\n}"
    headers:
      cache-control:
      - no-cache
      content-length:
      - '547'
      content-type:
      - application/json; charset=utf-8
      date:
      - Mon, 17 Apr 2023 20:34:27 GMT
      etag:
      - W/"dc2f3337-a9bf-4cf7-9129-6a51059416a9"
      expires:
      - '-1'
      pragma:
      - no-cache
      server:
      - Microsoft-HTTPAPI/2.0
      - Microsoft-HTTPAPI/2.0
      strict-transport-security:
      - max-age=31536000; includeSubDomains
      transfer-encoding:
      - chunked
      vary:
      - Accept-Encoding
      x-content-type-options:
      - nosniff
      x-ms-arm-service-request-id:
      - acebdb71-3e3e-4f52-b690-5d8461dfb7d6
    status:
      code: 200
      message: OK
- request:
    body: '{"location": "eastus2", "identity": {"type": "None"}, "properties": {"delegatedManagementSubnetId":
      "/subscriptions/00000000-0000-0000-0000-000000000000/resourceGroups/cli_managed_cassandra000001/providers/Microsoft.Network/virtualNetworks/cli000003/subnets/cli000004",
      "initialCassandraAdminPassword": "cassandra"}}'
    headers:
      Accept:
      - application/json
      Accept-Encoding:
      - gzip, deflate
      CommandName:
      - managed-cassandra cluster create
      Connection:
      - keep-alive
      Content-Length:
      - '316'
      Content-Type:
      - application/json
      ParameterSetName:
      - -c -l -g -s -i
      User-Agent:
      - AZURECLI/2.47.0 azsdk-python-mgmt-cosmosdb/0.7.0 Python/3.10.2 (Windows-10-10.0.19045-SP0)
    method: PUT
    uri: https://management.azure.com/subscriptions/00000000-0000-0000-0000-000000000000/resourceGroups/cli_managed_cassandra000001/providers/Microsoft.DocumentDB/cassandraClusters/cli000002?api-version=2023-03-01-preview
  response:
    body:
      string: '{"id":"/subscriptions/00000000-0000-0000-0000-000000000000/resourceGroups/cli_managed_cassandra000001/providers/Microsoft.DocumentDB/cassandraClusters/cli000002","name":"cli000002","type":"Microsoft.DocumentDB/cassandraClusters","location":"East
        US 2","tags":{},"systemData":{"createdBy":"ashwsing@microsoft.com","createdByType":"User","createdAt":"2023-04-17T20:34:29.1880037Z","lastModifiedBy":"ashwsing@microsoft.com","lastModifiedByType":"User","lastModifiedAt":"2023-04-17T20:34:29.1880037Z"},"identity":{"type":"None"},"properties":{"authenticationMethod":"Cassandra","backupSchedules":[{"scheduleName":"DailyBackup-02:00UTC","cronExpression":"0
        2 * * *","retentionInHours":48}],"cassandraVersion":"3.11","clientCertificates":[],"deallocated":false,"clusterType":"Production","delegatedManagementSubnetId":"/subscriptions/00000000-0000-0000-0000-000000000000/resourceGroups/cli_managed_cassandra000001/providers/Microsoft.Network/virtualNetworks/cli000003/subnets/cli000004","extensions":[],"externalGossipCertificates":[],"externalSeedNodes":[],"gossipCertificates":[],"hoursBetweenBackups":24,"backupRetentionPeriodInHours":24,"prometheusEndpoint":{},"provisioningState":"Creating","repairEnabled":true,"seedNodes":[],"cassandraAuditLoggingEnabled":false,"diagnosticSettingsId":"/SUBSCRIPTIONS/00000000-0000-0000-0000-000000000000/RESOURCEGROUPS/CLI_MANAGED_CASSANDRAALTGUM4VH34TECDKBIUBUZKH6RBKAVUJ3GOSTDZPZYAHGFXN6NJPOY/PROVIDERS/MICROSOFT.DOCUMENTDB/CASSANDRACLUSTERS/CLIGC5WCK2"}}'
    headers:
      azure-asyncoperation:
      - https://management.azure.com/subscriptions/00000000-0000-0000-0000-000000000000/providers/Microsoft.DocumentDB/locations/eastus2/operationsStatus/3d2b8f20-94c7-4a5c-afee-b42dfd5990f0?api-version=2023-03-01-preview
      cache-control:
      - no-store, no-cache
      content-length:
      - '1492'
      content-type:
      - application/json
      date:
      - Mon, 17 Apr 2023 20:34:29 GMT
      pragma:
      - no-cache
      server:
      - Microsoft-HTTPAPI/2.0
      strict-transport-security:
      - max-age=31536000; includeSubDomains
      x-content-type-options:
      - nosniff
      x-ms-gatewayversion:
      - version=2.14.0
      x-ms-ratelimit-remaining-subscription-writes:
      - '1199'
    status:
      code: 201
      message: Created
- request:
    body: null
    headers:
      Accept:
      - '*/*'
      Accept-Encoding:
      - gzip, deflate
      CommandName:
      - managed-cassandra cluster create
      Connection:
      - keep-alive
      ParameterSetName:
      - -c -l -g -s -i
      User-Agent:
      - AZURECLI/2.47.0 azsdk-python-mgmt-cosmosdb/0.7.0 Python/3.10.2 (Windows-10-10.0.19045-SP0)
    method: GET
    uri: https://management.azure.com/subscriptions/00000000-0000-0000-0000-000000000000/providers/Microsoft.DocumentDB/locations/eastus2/operationsStatus/3d2b8f20-94c7-4a5c-afee-b42dfd5990f0?api-version=2023-03-01-preview
  response:
    body:
      string: '{"status":"Enqueued"}'
    headers:
      cache-control:
      - no-store, no-cache
      content-length:
      - '21'
      content-type:
      - application/json
      date:
      - Mon, 17 Apr 2023 20:34:29 GMT
      pragma:
      - no-cache
      server:
      - Microsoft-HTTPAPI/2.0
      strict-transport-security:
      - max-age=31536000; includeSubDomains
      transfer-encoding:
      - chunked
      vary:
      - Accept-Encoding
      x-content-type-options:
      - nosniff
      x-ms-gatewayversion:
      - version=2.14.0
    status:
      code: 200
      message: Ok
- request:
    body: null
    headers:
      Accept:
      - '*/*'
      Accept-Encoding:
      - gzip, deflate
      CommandName:
      - managed-cassandra cluster create
      Connection:
      - keep-alive
      ParameterSetName:
      - -c -l -g -s -i
      User-Agent:
      - AZURECLI/2.47.0 azsdk-python-mgmt-cosmosdb/0.7.0 Python/3.10.2 (Windows-10-10.0.19045-SP0)
    method: GET
    uri: https://management.azure.com/subscriptions/00000000-0000-0000-0000-000000000000/providers/Microsoft.DocumentDB/locations/eastus2/operationsStatus/3d2b8f20-94c7-4a5c-afee-b42dfd5990f0?api-version=2023-03-01-preview
  response:
    body:
      string: '{"status":"Dequeued"}'
    headers:
      cache-control:
      - no-store, no-cache
      content-length:
      - '21'
      content-type:
      - application/json
      date:
      - Mon, 17 Apr 2023 20:35:00 GMT
      pragma:
      - no-cache
      server:
      - Microsoft-HTTPAPI/2.0
      strict-transport-security:
      - max-age=31536000; includeSubDomains
      transfer-encoding:
      - chunked
      vary:
      - Accept-Encoding
      x-content-type-options:
      - nosniff
      x-ms-gatewayversion:
      - version=2.14.0
    status:
      code: 200
      message: Ok
- request:
    body: null
    headers:
      Accept:
      - '*/*'
      Accept-Encoding:
      - gzip, deflate
      CommandName:
      - managed-cassandra cluster create
      Connection:
      - keep-alive
      ParameterSetName:
      - -c -l -g -s -i
      User-Agent:
      - AZURECLI/2.47.0 azsdk-python-mgmt-cosmosdb/0.7.0 Python/3.10.2 (Windows-10-10.0.19045-SP0)
    method: GET
    uri: https://management.azure.com/subscriptions/00000000-0000-0000-0000-000000000000/providers/Microsoft.DocumentDB/locations/eastus2/operationsStatus/3d2b8f20-94c7-4a5c-afee-b42dfd5990f0?api-version=2023-03-01-preview
  response:
    body:
      string: '{"status":"Dequeued"}'
    headers:
      cache-control:
      - no-store, no-cache
      content-length:
      - '21'
      content-type:
      - application/json
      date:
      - Mon, 17 Apr 2023 20:35:30 GMT
      pragma:
      - no-cache
      server:
      - Microsoft-HTTPAPI/2.0
      strict-transport-security:
      - max-age=31536000; includeSubDomains
      transfer-encoding:
      - chunked
      vary:
      - Accept-Encoding
      x-content-type-options:
      - nosniff
      x-ms-gatewayversion:
      - version=2.14.0
    status:
      code: 200
      message: Ok
- request:
    body: null
    headers:
      Accept:
      - '*/*'
      Accept-Encoding:
      - gzip, deflate
      CommandName:
      - managed-cassandra cluster create
      Connection:
      - keep-alive
      ParameterSetName:
      - -c -l -g -s -i
      User-Agent:
      - AZURECLI/2.47.0 azsdk-python-mgmt-cosmosdb/0.7.0 Python/3.10.2 (Windows-10-10.0.19045-SP0)
    method: GET
    uri: https://management.azure.com/subscriptions/00000000-0000-0000-0000-000000000000/providers/Microsoft.DocumentDB/locations/eastus2/operationsStatus/3d2b8f20-94c7-4a5c-afee-b42dfd5990f0?api-version=2023-03-01-preview
  response:
    body:
      string: '{"status":"Dequeued"}'
    headers:
      cache-control:
      - no-store, no-cache
      content-length:
      - '21'
      content-type:
      - application/json
      date:
      - Mon, 17 Apr 2023 20:36:00 GMT
      pragma:
      - no-cache
      server:
      - Microsoft-HTTPAPI/2.0
      strict-transport-security:
      - max-age=31536000; includeSubDomains
      transfer-encoding:
      - chunked
      vary:
      - Accept-Encoding
      x-content-type-options:
      - nosniff
      x-ms-gatewayversion:
      - version=2.14.0
    status:
      code: 200
      message: Ok
- request:
    body: null
    headers:
      Accept:
      - '*/*'
      Accept-Encoding:
      - gzip, deflate
      CommandName:
      - managed-cassandra cluster create
      Connection:
      - keep-alive
      ParameterSetName:
      - -c -l -g -s -i
      User-Agent:
      - AZURECLI/2.47.0 azsdk-python-mgmt-cosmosdb/0.7.0 Python/3.10.2 (Windows-10-10.0.19045-SP0)
    method: GET
    uri: https://management.azure.com/subscriptions/00000000-0000-0000-0000-000000000000/providers/Microsoft.DocumentDB/locations/eastus2/operationsStatus/3d2b8f20-94c7-4a5c-afee-b42dfd5990f0?api-version=2023-03-01-preview
  response:
    body:
      string: '{"status":"Dequeued"}'
    headers:
      cache-control:
      - no-store, no-cache
      content-length:
      - '21'
      content-type:
      - application/json
      date:
      - Mon, 17 Apr 2023 20:36:30 GMT
      pragma:
      - no-cache
      server:
      - Microsoft-HTTPAPI/2.0
      strict-transport-security:
      - max-age=31536000; includeSubDomains
      transfer-encoding:
      - chunked
      vary:
      - Accept-Encoding
      x-content-type-options:
      - nosniff
      x-ms-gatewayversion:
      - version=2.14.0
    status:
      code: 200
      message: Ok
- request:
    body: null
    headers:
      Accept:
      - '*/*'
      Accept-Encoding:
      - gzip, deflate
      CommandName:
      - managed-cassandra cluster create
      Connection:
      - keep-alive
      ParameterSetName:
      - -c -l -g -s -i
      User-Agent:
      - AZURECLI/2.47.0 azsdk-python-mgmt-cosmosdb/0.7.0 Python/3.10.2 (Windows-10-10.0.19045-SP0)
    method: GET
    uri: https://management.azure.com/subscriptions/00000000-0000-0000-0000-000000000000/providers/Microsoft.DocumentDB/locations/eastus2/operationsStatus/3d2b8f20-94c7-4a5c-afee-b42dfd5990f0?api-version=2023-03-01-preview
  response:
    body:
      string: '{"status":"Dequeued"}'
    headers:
      cache-control:
      - no-store, no-cache
      content-length:
      - '21'
      content-type:
      - application/json
      date:
      - Mon, 17 Apr 2023 20:37:00 GMT
      pragma:
      - no-cache
      server:
      - Microsoft-HTTPAPI/2.0
      strict-transport-security:
      - max-age=31536000; includeSubDomains
      transfer-encoding:
      - chunked
      vary:
      - Accept-Encoding
      x-content-type-options:
      - nosniff
      x-ms-gatewayversion:
      - version=2.14.0
    status:
      code: 200
      message: Ok
- request:
    body: null
    headers:
      Accept:
      - '*/*'
      Accept-Encoding:
      - gzip, deflate
      CommandName:
      - managed-cassandra cluster create
      Connection:
      - keep-alive
      ParameterSetName:
      - -c -l -g -s -i
      User-Agent:
      - AZURECLI/2.47.0 azsdk-python-mgmt-cosmosdb/0.7.0 Python/3.10.2 (Windows-10-10.0.19045-SP0)
    method: GET
    uri: https://management.azure.com/subscriptions/00000000-0000-0000-0000-000000000000/providers/Microsoft.DocumentDB/locations/eastus2/operationsStatus/3d2b8f20-94c7-4a5c-afee-b42dfd5990f0?api-version=2023-03-01-preview
  response:
    body:
      string: '{"status":"Dequeued"}'
    headers:
      cache-control:
      - no-store, no-cache
      content-length:
      - '21'
      content-type:
      - application/json
      date:
      - Mon, 17 Apr 2023 20:37:30 GMT
      pragma:
      - no-cache
      server:
      - Microsoft-HTTPAPI/2.0
      strict-transport-security:
      - max-age=31536000; includeSubDomains
      transfer-encoding:
      - chunked
      vary:
      - Accept-Encoding
      x-content-type-options:
      - nosniff
      x-ms-gatewayversion:
      - version=2.14.0
    status:
      code: 200
      message: Ok
- request:
    body: null
    headers:
      Accept:
      - '*/*'
      Accept-Encoding:
      - gzip, deflate
      CommandName:
      - managed-cassandra cluster create
      Connection:
      - keep-alive
      ParameterSetName:
      - -c -l -g -s -i
      User-Agent:
      - AZURECLI/2.47.0 azsdk-python-mgmt-cosmosdb/0.7.0 Python/3.10.2 (Windows-10-10.0.19045-SP0)
    method: GET
    uri: https://management.azure.com/subscriptions/00000000-0000-0000-0000-000000000000/providers/Microsoft.DocumentDB/locations/eastus2/operationsStatus/3d2b8f20-94c7-4a5c-afee-b42dfd5990f0?api-version=2023-03-01-preview
  response:
    body:
      string: '{"status":"Dequeued"}'
    headers:
      cache-control:
      - no-store, no-cache
      content-length:
      - '21'
      content-type:
      - application/json
      date:
      - Mon, 17 Apr 2023 20:38:01 GMT
      pragma:
      - no-cache
      server:
      - Microsoft-HTTPAPI/2.0
      strict-transport-security:
      - max-age=31536000; includeSubDomains
      transfer-encoding:
      - chunked
      vary:
      - Accept-Encoding
      x-content-type-options:
      - nosniff
      x-ms-gatewayversion:
      - version=2.14.0
    status:
      code: 200
      message: Ok
- request:
    body: null
    headers:
      Accept:
      - '*/*'
      Accept-Encoding:
      - gzip, deflate
      CommandName:
      - managed-cassandra cluster create
      Connection:
      - keep-alive
      ParameterSetName:
      - -c -l -g -s -i
      User-Agent:
      - AZURECLI/2.47.0 azsdk-python-mgmt-cosmosdb/0.7.0 Python/3.10.2 (Windows-10-10.0.19045-SP0)
    method: GET
    uri: https://management.azure.com/subscriptions/00000000-0000-0000-0000-000000000000/providers/Microsoft.DocumentDB/locations/eastus2/operationsStatus/3d2b8f20-94c7-4a5c-afee-b42dfd5990f0?api-version=2023-03-01-preview
  response:
    body:
      string: '{"status":"Dequeued"}'
    headers:
      cache-control:
      - no-store, no-cache
      content-length:
      - '21'
      content-type:
      - application/json
      date:
      - Mon, 17 Apr 2023 20:38:31 GMT
      pragma:
      - no-cache
      server:
      - Microsoft-HTTPAPI/2.0
      strict-transport-security:
      - max-age=31536000; includeSubDomains
      transfer-encoding:
      - chunked
      vary:
      - Accept-Encoding
      x-content-type-options:
      - nosniff
      x-ms-gatewayversion:
      - version=2.14.0
    status:
      code: 200
      message: Ok
- request:
    body: null
    headers:
      Accept:
      - '*/*'
      Accept-Encoding:
      - gzip, deflate
      CommandName:
      - managed-cassandra cluster create
      Connection:
      - keep-alive
      ParameterSetName:
      - -c -l -g -s -i
      User-Agent:
      - AZURECLI/2.47.0 azsdk-python-mgmt-cosmosdb/0.7.0 Python/3.10.2 (Windows-10-10.0.19045-SP0)
    method: GET
    uri: https://management.azure.com/subscriptions/00000000-0000-0000-0000-000000000000/providers/Microsoft.DocumentDB/locations/eastus2/operationsStatus/3d2b8f20-94c7-4a5c-afee-b42dfd5990f0?api-version=2023-03-01-preview
  response:
    body:
      string: '{"status":"Dequeued"}'
    headers:
      cache-control:
      - no-store, no-cache
      content-length:
      - '21'
      content-type:
      - application/json
      date:
      - Mon, 17 Apr 2023 20:39:01 GMT
      pragma:
      - no-cache
      server:
      - Microsoft-HTTPAPI/2.0
      strict-transport-security:
      - max-age=31536000; includeSubDomains
      transfer-encoding:
      - chunked
      vary:
      - Accept-Encoding
      x-content-type-options:
      - nosniff
      x-ms-gatewayversion:
      - version=2.14.0
    status:
      code: 200
      message: Ok
- request:
    body: null
    headers:
      Accept:
      - '*/*'
      Accept-Encoding:
      - gzip, deflate
      CommandName:
      - managed-cassandra cluster create
      Connection:
      - keep-alive
      ParameterSetName:
      - -c -l -g -s -i
      User-Agent:
      - AZURECLI/2.47.0 azsdk-python-mgmt-cosmosdb/0.7.0 Python/3.10.2 (Windows-10-10.0.19045-SP0)
    method: GET
    uri: https://management.azure.com/subscriptions/00000000-0000-0000-0000-000000000000/providers/Microsoft.DocumentDB/locations/eastus2/operationsStatus/3d2b8f20-94c7-4a5c-afee-b42dfd5990f0?api-version=2023-03-01-preview
  response:
    body:
      string: '{"status":"Dequeued"}'
    headers:
      cache-control:
      - no-store, no-cache
      content-length:
      - '21'
      content-type:
      - application/json
      date:
      - Mon, 17 Apr 2023 20:39:31 GMT
      pragma:
      - no-cache
      server:
      - Microsoft-HTTPAPI/2.0
      strict-transport-security:
      - max-age=31536000; includeSubDomains
      transfer-encoding:
      - chunked
      vary:
      - Accept-Encoding
      x-content-type-options:
      - nosniff
      x-ms-gatewayversion:
      - version=2.14.0
    status:
      code: 200
      message: Ok
- request:
    body: null
    headers:
      Accept:
      - '*/*'
      Accept-Encoding:
      - gzip, deflate
      CommandName:
      - managed-cassandra cluster create
      Connection:
      - keep-alive
      ParameterSetName:
      - -c -l -g -s -i
      User-Agent:
      - AZURECLI/2.47.0 azsdk-python-mgmt-cosmosdb/0.7.0 Python/3.10.2 (Windows-10-10.0.19045-SP0)
    method: GET
    uri: https://management.azure.com/subscriptions/00000000-0000-0000-0000-000000000000/providers/Microsoft.DocumentDB/locations/eastus2/operationsStatus/3d2b8f20-94c7-4a5c-afee-b42dfd5990f0?api-version=2023-03-01-preview
  response:
    body:
      string: '{"status":"Succeeded"}'
    headers:
      cache-control:
      - no-store, no-cache
      content-length:
      - '22'
      content-type:
      - application/json
      date:
      - Mon, 17 Apr 2023 20:40:02 GMT
      pragma:
      - no-cache
      server:
      - Microsoft-HTTPAPI/2.0
      strict-transport-security:
      - max-age=31536000; includeSubDomains
      transfer-encoding:
      - chunked
      vary:
      - Accept-Encoding
      x-content-type-options:
      - nosniff
      x-ms-gatewayversion:
      - version=2.14.0
    status:
      code: 200
      message: Ok
- request:
    body: null
    headers:
      Accept:
      - '*/*'
      Accept-Encoding:
      - gzip, deflate
      CommandName:
      - managed-cassandra cluster create
      Connection:
      - keep-alive
      ParameterSetName:
      - -c -l -g -s -i
      User-Agent:
      - AZURECLI/2.47.0 azsdk-python-mgmt-cosmosdb/0.7.0 Python/3.10.2 (Windows-10-10.0.19045-SP0)
    method: GET
    uri: https://management.azure.com/subscriptions/00000000-0000-0000-0000-000000000000/resourceGroups/cli_managed_cassandra000001/providers/Microsoft.DocumentDB/cassandraClusters/cli000002?api-version=2023-03-01-preview
  response:
    body:
      string: '{"id":"/subscriptions/00000000-0000-0000-0000-000000000000/resourceGroups/cli_managed_cassandra000001/providers/Microsoft.DocumentDB/cassandraClusters/cli000002","name":"cli000002","type":"Microsoft.DocumentDB/cassandraClusters","location":"East
        US 2","tags":{},"systemData":{"createdBy":"ashwsing@microsoft.com","createdByType":"User","createdAt":"2023-04-17T20:34:29.1880037Z","lastModifiedBy":"ashwsing@microsoft.com","lastModifiedByType":"User","lastModifiedAt":"2023-04-17T20:34:29.1880037Z"},"identity":{"type":"None"},"properties":{"authenticationMethod":"Cassandra","backupSchedules":[{"scheduleName":"DailyBackup-02:00UTC","cronExpression":"0
        2 * * *","retentionInHours":48}],"cassandraVersion":"3.11","clientCertificates":[],"deallocated":false,"clusterType":"Production","delegatedManagementSubnetId":"/subscriptions/00000000-0000-0000-0000-000000000000/resourceGroups/cli_managed_cassandra000001/providers/Microsoft.Network/virtualNetworks/cli000003/subnets/cli000004","extensions":[],"externalGossipCertificates":[],"externalSeedNodes":[],"gossipCertificates":[{"pem":"-----BEGIN
        CERTIFICATE-----\r\nMIIElDCCA3ygAwIBAgIQAf2j627KdciIQ4tyS8+8kTANBgkqhkiG9w0BAQsFADBhMQswCQYDVQQG\r\nEwJVUzEVMBMGA1UEChMMRGlnaUNlcnQgSW5jMRkwFwYDVQQLExB3d3cuZGlnaWNlcnQuY29tMSAw\r\nHgYDVQQDExdEaWdpQ2VydCBHbG9iYWwgUm9vdCBDQTAeFw0xMzAzMDgxMjAwMDBaFw0yMzAzMDgx\r\nMjAwMDBaME0xCzAJBgNVBAYTAlVTMRUwEwYDVQQKEwxEaWdpQ2VydCBJbmMxJzAlBgNVBAMTHkRp\r\nZ2lDZXJ0IFNIQTIgU2VjdXJlIFNlcnZlciBDQTCCASIwDQYJKoZIhvcNAQEBBQADggEPADCCAQoC\r\nggEBANyuWJBNwcQwFZA1W248ghX1LFy949v/cUP6ZCWA1O4Yok3wZtAKc24RmDYXZK83nf36QYSv\r\nx6+M/hpzTc8zl5CilodTgyu5pnVILR1WN3vaMTIa16yrBvSqXUu3R0bdKpPDkC55gIDvEwRqFDu1\r\nm5K+wgdlTvza/P96rtxcflUxDOg5B6TXvi/TC2rSsd9f/ld0Uzs1gN2ujkSYs58O09rg1/RrKatE\r\np0tYhG2SS4HD2nOLEpdIkARFdRrdNzGXkujNVA075ME/OV4uuPNcfhCOhkEAjUVmR7ChZc6gqikJ\r\nTvOX6+guqw9ypzAO+sf0/RR3w6RbKFfCs/mC/bdFWJsCAwEAAaOCAVowggFWMBIGA1UdEwEB/wQI\r\nMAYBAf8CAQAwDgYDVR0PAQH/BAQDAgGGMDQGCCsGAQUFBwEBBCgwJjAkBggrBgEFBQcwAYYYaHR0\r\ncDovL29jc3AuZGlnaWNlcnQuY29tMHsGA1UdHwR0MHIwN6A1oDOGMWh0dHA6Ly9jcmwzLmRpZ2lj\r\nZXJ0LmNvbS9EaWdpQ2VydEdsb2JhbFJvb3RDQS5jcmwwN6A1oDOGMWh0dHA6Ly9jcmw0LmRpZ2lj\r\nZXJ0LmNvbS9EaWdpQ2VydEdsb2JhbFJvb3RDQS5jcmwwPQYDVR0gBDYwNDAyBgRVHSAAMCowKAYI\r\nKwYBBQUHAgEWHGh0dHBzOi8vd3d3LmRpZ2ljZXJ0LmNvbS9DUFMwHQYDVR0OBBYEFA+AYRyCMWHV\r\nLyjnjUY4tCzhxtniMB8GA1UdIwQYMBaAFAPeUDVW0Uy7ZvCj4hsbw5eyPdFVMA0GCSqGSIb3DQEB\r\nCwUAA4IBAQAjPt9L0jFCpbZ+QlwaRMxp0Wi0XUvgBCFsS+JtzLHgl4+mUwnNqipl5TlPHoOlblyY\r\noiQm5vuh7ZPHLgLGTUq/sELfeNqzqPlt/yGFUzZgTHbO7Djc1lGA8MXW5dRNJ2Srm8c+cftIl7gz\r\nbckTB+6WohsYFfZcTEDts8Ls/3HB40f/1LkAtDdC2iDJ6m6K7hQGrn2iWZiIqBtvLfTyyRRfJs8s\r\njX7tN8Cp1Tm5gr8ZDOo0rwAhaPitc+LJMto4JQtV05od8GiG7S5BNO98pVAdvzr508EIDObtHopY\r\nJeS4d60tbvVS3bR0j6tJLp07kzQoH3jOlOrHvdPJbRzeXDLz\r\n-----END
        CERTIFICATE-----\r\n"},{"pem":"-----BEGIN CERTIFICATE-----\r\nMIIDrzCCApegAwIBAgIQCDvgVpBCRrGhdWrJWZHHSjANBgkqhkiG9w0BAQUFADBhMQswCQYDVQQG\r\nEwJVUzEVMBMGA1UEChMMRGlnaUNlcnQgSW5jMRkwFwYDVQQLExB3d3cuZGlnaWNlcnQuY29tMSAw\r\nHgYDVQQDExdEaWdpQ2VydCBHbG9iYWwgUm9vdCBDQTAeFw0wNjExMTAwMDAwMDBaFw0zMTExMTAw\r\nMDAwMDBaMGExCzAJBgNVBAYTAlVTMRUwEwYDVQQKEwxEaWdpQ2VydCBJbmMxGTAXBgNVBAsTEHd3\r\ndy5kaWdpY2VydC5jb20xIDAeBgNVBAMTF0RpZ2lDZXJ0IEdsb2JhbCBSb290IENBMIIBIjANBgkq\r\nhkiG9w0BAQEFAAOCAQ8AMIIBCgKCAQEA4jvhEXLeqKTTo1eqUKKPC3eQyaKl7hLOllsBCSDMAZOn\r\nTjC3U/dDxGkAV53ijSLdhwZAAIEJzs4bg7/fzTtxRuLWZscFs3YnFo97nh6Vfe63SKMI2tavegw5\r\nBmV/Sl0fvBf4q77uKNd0f3p4mVmFaG5cIzJLv07A6Fpt43C/dxC//AH2hdmoRBBYMql1GNXRor5H\r\n4idq9Joz+EkIYIvUX7Q6hL+hqkpMfT7PT19sdl6gSzeRntwi5m3OFBqOasv+zbMUZBfHWymeMr/y\r\n7vrTC0LUq7dBMtoM1O/4gdW7jVg/tRvoSSiicNoxBN33shbyTApOB6jtSj1etX+jkMOvJwIDAQAB\r\no2MwYTAOBgNVHQ8BAf8EBAMCAYYwDwYDVR0TAQH/BAUwAwEB/zAdBgNVHQ4EFgQUA95QNVbRTLtm\r\n8KPiGxvDl7I90VUwHwYDVR0jBBgwFoAUA95QNVbRTLtm8KPiGxvDl7I90VUwDQYJKoZIhvcNAQEF\r\nBQADggEBAMucN6pIExIK+t1EnE9SsPTfrgT1eXkIoyQY/EsrhMAtudXH/vTBH1jLuG2cenTnmCmr\r\nEbXjcKChzUyImZOMkXDiqw8cvpOp/2PV5Adg06O/nVsJ8dWO41P0jmP6P6fbtGbfYmbW0W5BjfIt\r\ntep3Sp+dWOIrWcBAI+0tKIJFPnlUkiaY4IBIqDfv8NZ5YBberOgOzW6sRBc4L0na4UU+Krk2U886\r\nUAb3LujEV0lsYSEY1QSteDwsOoBrp+uvFRTp2InBuThs4pFsiv9kuXclVzDAGySj4dzp30d8tbQk\r\nCAUw7C29C79Fv1C5qfPrmAESrciIxpg0X40KPMbp1ZWVbd4=\r\n-----END
        CERTIFICATE-----\r\n"},{"pem":"-----BEGIN CERTIFICATE-----\r\nMIIE6DCCA9CgAwIBAgIQAnQuqhfKjiHHF7sf/P0MoDANBgkqhkiG9w0BAQsFADBhMQswCQYDVQQG\r\nEwJVUzEVMBMGA1UEChMMRGlnaUNlcnQgSW5jMRkwFwYDVQQLExB3d3cuZGlnaWNlcnQuY29tMSAw\r\nHgYDVQQDExdEaWdpQ2VydCBHbG9iYWwgUm9vdCBDQTAeFw0yMDA5MjMwMDAwMDBaFw0zMDA5MjIy\r\nMzU5NTlaME0xCzAJBgNVBAYTAlVTMRUwEwYDVQQKEwxEaWdpQ2VydCBJbmMxJzAlBgNVBAMTHkRp\r\nZ2lDZXJ0IFNIQTIgU2VjdXJlIFNlcnZlciBDQTCCASIwDQYJKoZIhvcNAQEBBQADggEPADCCAQoC\r\nggEBANyuWJBNwcQwFZA1W248ghX1LFy949v/cUP6ZCWA1O4Yok3wZtAKc24RmDYXZK83nf36QYSv\r\nx6+M/hpzTc8zl5CilodTgyu5pnVILR1WN3vaMTIa16yrBvSqXUu3R0bdKpPDkC55gIDvEwRqFDu1\r\nm5K+wgdlTvza/P96rtxcflUxDOg5B6TXvi/TC2rSsd9f/ld0Uzs1gN2ujkSYs58O09rg1/RrKatE\r\np0tYhG2SS4HD2nOLEpdIkARFdRrdNzGXkujNVA075ME/OV4uuPNcfhCOhkEAjUVmR7ChZc6gqikJ\r\nTvOX6+guqw9ypzAO+sf0/RR3w6RbKFfCs/mC/bdFWJsCAwEAAaOCAa4wggGqMB0GA1UdDgQWBBQP\r\ngGEcgjFh1S8o541GOLQs4cbZ4jAfBgNVHSMEGDAWgBQD3lA1VtFMu2bwo+IbG8OXsj3RVTAOBgNV\r\nHQ8BAf8EBAMCAYYwHQYDVR0lBBYwFAYIKwYBBQUHAwEGCCsGAQUFBwMCMBIGA1UdEwEB/wQIMAYB\r\nAf8CAQAwdgYIKwYBBQUHAQEEajBoMCQGCCsGAQUFBzABhhhodHRwOi8vb2NzcC5kaWdpY2VydC5j\r\nb20wQAYIKwYBBQUHMAKGNGh0dHA6Ly9jYWNlcnRzLmRpZ2ljZXJ0LmNvbS9EaWdpQ2VydEdsb2Jh\r\nbFJvb3RDQS5jcnQwewYDVR0fBHQwcjA3oDWgM4YxaHR0cDovL2NybDMuZGlnaWNlcnQuY29tL0Rp\r\nZ2lDZXJ0R2xvYmFsUm9vdENBLmNybDA3oDWgM4YxaHR0cDovL2NybDQuZGlnaWNlcnQuY29tL0Rp\r\nZ2lDZXJ0R2xvYmFsUm9vdENBLmNybDAwBgNVHSAEKTAnMAcGBWeBDAEBMAgGBmeBDAECATAIBgZn\r\ngQwBAgIwCAYGZ4EMAQIDMA0GCSqGSIb3DQEBCwUAA4IBAQB3MR8Il9cSm2PSEWUIpvZlubj6kgPL\r\noX7hyA2MPrQbkb4CCF6fWXF7Ef3gwOOPWdegUqHQS1TSSJZI73fpKQbLQxCgLzwWji3+HlU87MOY\r\n7hgNI+gH9bMtxKtXc1r2G1O6+x/6vYzTUVEgR17vf5irF0LKhVyfIjc0RXbyQ14AniKDrN+v0ebH\r\nExfppGlkTIBn6rakf4994VH6npdn6mkus5CkHBXIrMtPKex6XF2firjUDLuU7tC8y7WlHgjPxEED\r\nDb0Gw6D0yDdVSvG/5XlCNatBmO/8EznDu1vr72N8gJzISUZwa6CCUD7QBLbKJcXBBVVf8nwvV9Gv\r\nlW+sbXlr\r\n-----END
        CERTIFICATE-----\r\n"},{"pem":"-----BEGIN CERTIFICATE-----\r\nMIIE6jCCA9KgAwIBAgIQCjUI1VwpKwF9+K1lwA/35DANBgkqhkiG9w0BAQsFADBhMQswCQYDVQQG\r\nEwJVUzEVMBMGA1UEChMMRGlnaUNlcnQgSW5jMRkwFwYDVQQLExB3d3cuZGlnaWNlcnQuY29tMSAw\r\nHgYDVQQDExdEaWdpQ2VydCBHbG9iYWwgUm9vdCBDQTAeFw0yMDA5MjQwMDAwMDBaFw0zMDA5MjMy\r\nMzU5NTlaME8xCzAJBgNVBAYTAlVTMRUwEwYDVQQKEwxEaWdpQ2VydCBJbmMxKTAnBgNVBAMTIERp\r\nZ2lDZXJ0IFRMUyBSU0EgU0hBMjU2IDIwMjAgQ0ExMIIBIjANBgkqhkiG9w0BAQEFAAOCAQ8AMIIB\r\nCgKCAQEAwUuzZUdwvN1PWNvsnO3DZuUfMRNUrUpmRh8sCuxkB+Uu3Ny5CiDt3+PE0J6aqXodgojl\r\nEVbbHp9YwlHnLDQNLtKS4VbL8Xlfs7uHyiUDe5pSQWYQYE9XE0nw6Ddng9/n00tnTCJRpt8OmRDt\r\nV1F0JuJ9x8piLhMbfyOIJVNvwTRYAIuE//i+p1hJInuWraKImxW8oHzf6VGo1bDtN+I2tIJLYrVJ\r\nmuzHZ9bjPvXj1hJeRPG/cUJ9WIQDgLGBAfr5yjK7tI4nhyfFK3TUqNaX3sNk+crOU6JWvHgXjkkD\r\nKa77SU+kFbnO8lwZV21reacroicgE7XQPUDTITAHk+qZ9QIDAQABo4IBrjCCAaowHQYDVR0OBBYE\r\nFLdrouqoqoSMeeq02g+YssWVdrn0MB8GA1UdIwQYMBaAFAPeUDVW0Uy7ZvCj4hsbw5eyPdFVMA4G\r\nA1UdDwEB/wQEAwIBhjAdBgNVHSUEFjAUBggrBgEFBQcDAQYIKwYBBQUHAwIwEgYDVR0TAQH/BAgw\r\nBgEB/wIBADB2BggrBgEFBQcBAQRqMGgwJAYIKwYBBQUHMAGGGGh0dHA6Ly9vY3NwLmRpZ2ljZXJ0\r\nLmNvbTBABggrBgEFBQcwAoY0aHR0cDovL2NhY2VydHMuZGlnaWNlcnQuY29tL0RpZ2lDZXJ0R2xv\r\nYmFsUm9vdENBLmNydDB7BgNVHR8EdDByMDegNaAzhjFodHRwOi8vY3JsMy5kaWdpY2VydC5jb20v\r\nRGlnaUNlcnRHbG9iYWxSb290Q0EuY3JsMDegNaAzhjFodHRwOi8vY3JsNC5kaWdpY2VydC5jb20v\r\nRGlnaUNlcnRHbG9iYWxSb290Q0EuY3JsMDAGA1UdIAQpMCcwBwYFZ4EMAQEwCAYGZ4EMAQIBMAgG\r\nBmeBDAECAjAIBgZngQwBAgMwDQYJKoZIhvcNAQELBQADggEBAHert3onPa679n/gWlbJhKrKW3EX\r\n3SJH/E6f7tDBpATho+vFScH90cnfjK+URSxGKqNjOSD5nkoklEHIqdninFQFBstcHL4AGw+oWv8Z\r\nu2XHFq8hVt1hBcnpj5h232sb0HIMULkwKXq/YFkQZhM6LawVEWwtIwwCPgU7/uWhnOKK24fXSuhe\r\n50gG66sSmvKvhMNbg0qZgYOrAKHKCjxMoiWJKiKnpPMzTFuMLhoClw+dj20tlQj7T9rxkTgl4Zxu\r\nYRiHas6xuwAwapu3r9rxxZf+ingkquqTgLozZXq8oXfpf2kUCwA/d5KxTVtzhwoT0JzI8ks5T1KE\r\nSaZMkE4f97Q=\r\n-----END
        CERTIFICATE-----\r\n"},{"pem":"-----BEGIN CERTIFICATE-----\r\nMIIFWjCCBEKgAwIBAgIQDxSWXyAgaZlP1ceseIlB4jANBgkqhkiG9w0BAQsFADBaMQswCQYDVQQG\r\nEwJJRTESMBAGA1UEChMJQmFsdGltb3JlMRMwEQYDVQQLEwpDeWJlclRydXN0MSIwIAYDVQQDExlC\r\nYWx0aW1vcmUgQ3liZXJUcnVzdCBSb290MB4XDTIwMDcyMTIzMDAwMFoXDTI0MTAwODA3MDAwMFow\r\nTzELMAkGA1UEBhMCVVMxHjAcBgNVBAoTFU1pY3Jvc29mdCBDb3Jwb3JhdGlvbjEgMB4GA1UEAxMX\r\nTWljcm9zb2Z0IFJTQSBUTFMgQ0EgMDEwggIiMA0GCSqGSIb3DQEBAQUAA4ICDwAwggIKAoICAQCq\r\nYnfPmmOyBoTzkDb0mfMUUavqlQo7Rgb9EUEf/lsGWMk4bgj8T0RIzTqk970eouKVuL5RIMW/snBj\r\nXXgMQ8ApzWRJCZbar879BV8rKpHoAW4uGJssnNABf2n17j9TiFy6BWy+IhVnFILyLNK+W2M3zK9g\r\nheiWa2uACKhuvgCca5Vw/OQYErEdG7LBEzFnMzTmJcliW1iCdXby/vI/OxbfqkKD4zJtm45DJvC9\r\nDh+hpzqvLMiK5uo/+aXSJY+SqhoIEpz+rErHw+uAlKuHFtEjSeeku8eR3+Z5ND9BSqc6JtLqb0bj\r\nOHPm5dSRrgt4nnil75bjc9j3lWXpBb9PXP9Sp/nPCK+nTQmZwHGjUnqlO9ebAVQD47ZisFonnDAm\r\njrZNVqEXF3p7laEHrFMxttYuD81BdOzxAbL9Rb/8MeFGQjE2Qx65qgVfhH+RsYuuD9dUw/3wZAhq\r\n05yO6nk07AM9c+AbNtRoEcdZcLCHfMDcbkXKNs5DJncCqXAN6LhXVERCw/usG2MmCMLSIx9/kwt8\r\nbwhUmitOXc6fpT7SmFvRAtvxg84wUkg4Y/Gx++0j0z6StSeN0EJz150jaHG6WV4HUqaWTb98Tm90\r\nIgXAU4AW2GBOlzFPiU5IY9jt+eXC2Q6yC/ZpTL1LAcnL3Qa/OgLrHN0wiw1KFGD51WRPQ0Sh7QID\r\nAQABo4IBJTCCASEwHQYDVR0OBBYEFLV2DDARzseSQk1Mx1wsyKkM6AtkMB8GA1UdIwQYMBaAFOWd\r\nWTCCR1jMrPoIVDaGezq1BE3wMA4GA1UdDwEB/wQEAwIBhjAdBgNVHSUEFjAUBggrBgEFBQcDAQYI\r\nKwYBBQUHAwIwEgYDVR0TAQH/BAgwBgEB/wIBADA0BggrBgEFBQcBAQQoMCYwJAYIKwYBBQUHMAGG\r\nGGh0dHA6Ly9vY3NwLmRpZ2ljZXJ0LmNvbTA6BgNVHR8EMzAxMC+gLaArhilodHRwOi8vY3JsMy5k\r\naWdpY2VydC5jb20vT21uaXJvb3QyMDI1LmNybDAqBgNVHSAEIzAhMAgGBmeBDAECATAIBgZngQwB\r\nAgIwCwYJKwYBBAGCNyoBMA0GCSqGSIb3DQEBCwUAA4IBAQCfK76SZ1vae4qt6P+dTQUO7bYNFUHR\r\n5hXcA2D59CJWnEj5na7aKzyowKvQupW4yMH9fGNxtsh6iJswRqOOfZYC4/giBO/gNsBvwr8uDW7t\r\n1nYoDYGHPpvnpxCM2mYfQFHq576/TmeYu1RZY29C4w8xYBlkAA8mDJfRhMCmehk7cN5FJtyWRj2c\r\nZj/hOoI45TYDBChXpOlLZKIYiG1giY16vhCRi6zmPzEwv+tk156N6cGSVm44jTQ/rs1sa0JSYjzU\r\naYngoFdZC4OfxnIkQvUIA4TOFmPzNPEFdjcZsgbeEz4TcGHTBPK4R28F44qIMCtHRV55VMX53ev6\r\nP3hRddJb\r\n-----END
        CERTIFICATE-----\r\n"},{"pem":"-----BEGIN CERTIFICATE-----\r\nMIIDdzCCAl+gAwIBAgIEAgAAuTANBgkqhkiG9w0BAQUFADBaMQswCQYDVQQGEwJJRTESMBAGA1UE\r\nChMJQmFsdGltb3JlMRMwEQYDVQQLEwpDeWJlclRydXN0MSIwIAYDVQQDExlCYWx0aW1vcmUgQ3li\r\nZXJUcnVzdCBSb290MB4XDTAwMDUxMjE4NDYwMFoXDTI1MDUxMjIzNTkwMFowWjELMAkGA1UEBhMC\r\nSUUxEjAQBgNVBAoTCUJhbHRpbW9yZTETMBEGA1UECxMKQ3liZXJUcnVzdDEiMCAGA1UEAxMZQmFs\r\ndGltb3JlIEN5YmVyVHJ1c3QgUm9vdDCCASIwDQYJKoZIhvcNAQEBBQADggEPADCCAQoCggEBAKME\r\nuyKrmD1X6CZymrV51Cni4eiVgLGw41uOKymaZN+hXe2wCQVt2yguzmKiYv60iNoS6zjrIZ3AQSsB\r\nUnuId9Mcj8e6uYi1agnnc+gRQKfRzMpijS3ljwumUNKoUMMo6vWrJYeKmpYcqWe4PwzV9/lSEy/C\r\nG9VwcPCPwBLKBsua4dnKM3p31vjsufFoREJIE9LAwqSuXmD+tqYF/LTdB1kC1FkYmGP1pWPgkAx9\r\nXbIGevOF6uvUA65ehD5f/xXtabz5OTZydc93Uk3zyZAsuT3lySNTPx8kmCFcB5kpvcY67Oduhjpr\r\nl3RjM71oGDHweI12v/yejl0qhqdNkNwnGjkCAwEAAaNFMEMwHQYDVR0OBBYEFOWdWTCCR1jMrPoI\r\nVDaGezq1BE3wMBIGA1UdEwEB/wQIMAYBAf8CAQMwDgYDVR0PAQH/BAQDAgEGMA0GCSqGSIb3DQEB\r\nBQUAA4IBAQCFDF2O5G9RaEIFoN27TyclhAO992T9Ldcw46QQF+vaKSm2eT929hkTI7gQCvlYpNRh\r\ncL0EYWoSihfVCr3FvDB81ukMJY2GQE/szKN+OMY3EU/t3WgxjkzSswF07r51XgdIGn9w/xZchMB5\r\nhbgF/X++ZRGjD8ACtPhSNzkE1akxehi/oCr0Epn3o0WC4zxe9Z2etciefC7IpJ5OCBRLbf1wbWsa\r\nY71k5h+3zvDyny67G7fyUIhzksLi4xaNmjICq44Y3ekQEe5+NauQrz4wlHrQMz2nZQ/1/I6eYs9H\r\nRCwBXbsdtTLSR9I4LtD+gdwyah617jzV/OeBHRnDJELqYzmp\r\n-----END
        CERTIFICATE-----\r\n"},{"pem":"-----BEGIN CERTIFICATE-----\r\nMIIFWjCCBEKgAwIBAgIQD6dHIsU9iMgPWJ77H51KOjANBgkqhkiG9w0BAQsFADBaMQswCQYDVQQG\r\nEwJJRTESMBAGA1UEChMJQmFsdGltb3JlMRMwEQYDVQQLEwpDeWJlclRydXN0MSIwIAYDVQQDExlC\r\nYWx0aW1vcmUgQ3liZXJUcnVzdCBSb290MB4XDTIwMDcyMTIzMDAwMFoXDTI0MTAwODA3MDAwMFow\r\nTzELMAkGA1UEBhMCVVMxHjAcBgNVBAoTFU1pY3Jvc29mdCBDb3Jwb3JhdGlvbjEgMB4GA1UEAxMX\r\nTWljcm9zb2Z0IFJTQSBUTFMgQ0EgMDIwggIiMA0GCSqGSIb3DQEBAQUAA4ICDwAwggIKAoICAQD0\r\nwBlZqiokfAYhMdHuEvWBapTj9tFKL+NdsS4pFDi8zJVdKQfR+F039CDXtD9YOnqS7o88+isKcgOe\r\nQNTri472mPnn8N3vPCX0bDOEVk+nkZNIBA3zApvGGg/40Thv78kAlxibMipsKahdbuoHByOB4ZlY\r\notcBhf/ObUf65kCRfXMRQqOKWkZLkilPPn3zkYM5GHxeI4MNZ1SoKBEoHa2E/uDwBQVxadY4SRZW\r\nFxMd7ARyI4Cz1ik4N2Z6ALD3MfjAgEEDwoknyw9TGvr4PubAZdqU511zNLBoavar2OAVTl0Tddj+\r\nRAhbnX1/zypqk+ifv+d3CgiDa8Mbvo1u2Q8nuUBrKVUmR6EjkV/dDrIsUaU643v/Wp/uE7xLDdhC\r\n5rplK9siNlYohMTMKLAkjxVeWBWbQj7REickISpc+yowi3yUrO5lCgNAKrCNYw+wAfAvhFkOeqPm\r\n6kP41IHVXVtGNC/UogcdiKUiR/N59IfYB+o2v54GMW+ubSC3BohLFbho/oZZ5XyulIZK75pwTHma\r\nuCIeE5clU9ivpLwPTx9b0Vno9+ApElrFgdY0/YKZ46GfjOC9ta4G25VJ1WKsMmWLtzyrfgwbYopq\r\nuZd724fFdpvsxfIvMG5m3VFkThOqzsOttDcUfyMTqM2pan4txG58uxNJ0MjR03UCEULRU+qMnwID\r\nAQABo4IBJTCCASEwHQYDVR0OBBYEFP8vf+EG9DjzLe0ljZjC/g72bPz6MB8GA1UdIwQYMBaAFOWd\r\nWTCCR1jMrPoIVDaGezq1BE3wMA4GA1UdDwEB/wQEAwIBhjAdBgNVHSUEFjAUBggrBgEFBQcDAQYI\r\nKwYBBQUHAwIwEgYDVR0TAQH/BAgwBgEB/wIBADA0BggrBgEFBQcBAQQoMCYwJAYIKwYBBQUHMAGG\r\nGGh0dHA6Ly9vY3NwLmRpZ2ljZXJ0LmNvbTA6BgNVHR8EMzAxMC+gLaArhilodHRwOi8vY3JsMy5k\r\naWdpY2VydC5jb20vT21uaXJvb3QyMDI1LmNybDAqBgNVHSAEIzAhMAgGBmeBDAECATAIBgZngQwB\r\nAgIwCwYJKwYBBAGCNyoBMA0GCSqGSIb3DQEBCwUAA4IBAQCg2d165dQ1tHS0IN83uOi4S5heLhsx\r\n+zXIOwtxnvwCWdOJ3wFLQaFDcgaMtN79UjMIFVIUedDZBsvalKnx+6l2tM/VH4YAyNPx+u1LFR0j\r\noPYpQYLbNYkedkNuhRmEBesPqj4aDz68ZDI6fJ92sj2q18QvJUJ5Qz728AvtFOat+AjgK0PFqPYE\r\nAviUKr162NB1XZJxf6uyIjUlnG4UEdHfUqdhl0R84mMtrYINksTzQ2sHYM8fEhqICtTlcRLr/FEr\r\nUaPUe9648nziSnA0qKH7rUZqP/Ifmbo+WNZSZG1BbgOhlk+521W+Ncih3HRbvRBE0LWYT8vWKnfj\r\ngZKxwHwJ\r\n-----END
        CERTIFICATE-----\r\n"},{"pem":"-----BEGIN CERTIFICATE-----\r\nMIIF8zCCBNugAwIBAgIQCq+mxcpjxFFB6jvh98dTFzANBgkqhkiG9w0BAQwFADBhMQswCQYDVQQG\r\nEwJVUzEVMBMGA1UEChMMRGlnaUNlcnQgSW5jMRkwFwYDVQQLExB3d3cuZGlnaWNlcnQuY29tMSAw\r\nHgYDVQQDExdEaWdpQ2VydCBHbG9iYWwgUm9vdCBHMjAeFw0yMDA3MjkxMjMwMDBaFw0yNDA2Mjcy\r\nMzU5NTlaMFkxCzAJBgNVBAYTAlVTMR4wHAYDVQQKExVNaWNyb3NvZnQgQ29ycG9yYXRpb24xKjAo\r\nBgNVBAMTIU1pY3Jvc29mdCBBenVyZSBUTFMgSXNzdWluZyBDQSAwMTCCAiIwDQYJKoZIhvcNAQEB\r\nBQADggIPADCCAgoCggIBAMedcDrkXufP7pxVm1FHLDNA9IjwHaMoaY8arqqZ4Gff4xyrRygnavXL\r\n7g12MPAx8Q6Dd9hfBzrfWxkF0Br2wIvlvkzW01naNVSkHp+OS3hL3W6nl/jYvZnVeJXjtsKYcXIf\r\n/6WtspcF5awlQ9LZJcjwaH7KoZuK+THpXCMtzD8XNVdmGW/JI0C/7U/E7evXn9XDio8SYkGSM63a\r\nLO5BtLCv092+1d4GGBSQYolRq+7Pd1kREkWBPm0ywZ2Vb8GIS5DLrjelEkBnKCyy3B0yQud9dpVs\r\niUeE7F5sY8Me96WVxQcbOyYdEY/j/9UpDlOG+vA+YgOvBhkKEjiqygVpP8EZoMMijephzg43b5Qi\r\n9r5UrvYoo19oR/8pf4HJNDPF0/FJwFVMW8PmCBLGstin3NE1+NeWTkGt0TzpHjgKyfaDP2tO4bCk\r\n1G7pP2kDFT7SYfc8xbgCkFQ2UCEXsaH/f5YmpLn4YPiNFCeeIida7xnfTvc47IxyVccHHq1FzGyg\r\nOqemrxEETKh8hvDR6eBdrBwmCHVgZrnAqnn93JtGyPLi6+cjWGVGtMZHwzVvX1HvSFG771sskcEj\r\nJxiQNQDQRWHEh3NxvNb7kFlAXnVdRkkvhjpRGchFhTAzqmwltdWhWDEyCMKC2x/mSZvZtlZGY+g3\r\n7Y72qHzidwtyW7rBetZJAgMBAAGjggGtMIIBqTAdBgNVHQ4EFgQUDyBd16FXlduSzyvQx8J3BM5y\r\ngHYwHwYDVR0jBBgwFoAUTiJUIBiV5uNu5g/6+rkS7QYXjzkwDgYDVR0PAQH/BAQDAgGGMB0GA1Ud\r\nJQQWMBQGCCsGAQUFBwMBBggrBgEFBQcDAjASBgNVHRMBAf8ECDAGAQH/AgEAMHYGCCsGAQUFBwEB\r\nBGowaDAkBggrBgEFBQcwAYYYaHR0cDovL29jc3AuZGlnaWNlcnQuY29tMEAGCCsGAQUFBzAChjRo\r\ndHRwOi8vY2FjZXJ0cy5kaWdpY2VydC5jb20vRGlnaUNlcnRHbG9iYWxSb290RzIuY3J0MHsGA1Ud\r\nHwR0MHIwN6A1oDOGMWh0dHA6Ly9jcmwzLmRpZ2ljZXJ0LmNvbS9EaWdpQ2VydEdsb2JhbFJvb3RH\r\nMi5jcmwwN6A1oDOGMWh0dHA6Ly9jcmw0LmRpZ2ljZXJ0LmNvbS9EaWdpQ2VydEdsb2JhbFJvb3RH\r\nMi5jcmwwHQYDVR0gBBYwFDAIBgZngQwBAgEwCAYGZ4EMAQICMBAGCSsGAQQBgjcVAQQDAgEAMA0G\r\nCSqGSIb3DQEBDAUAA4IBAQAlFvNh7QgXVLAZSsNR2XRmIn9iS8OHFCBAWxKJoi8YYQafpMTkMqeu\r\nzoL3HWb1pYEipsDkhiMnrpfeYZEA7Lz7yqEEtfgHcEBsK9KcStQGGZRfmWU07hPXHnFz+5gTXqzC\r\nE2PBMlRgVUYJiA25mJPXfB00gDvGhtYa+mENwM9Bq1B9YYLyLjRtUz8cyGsdyTIG/bBM/Q9jcV8J\r\nGqMU/UjAdh1pFyTnnHElY59Npi7F87ZqYYJEHJM2LGD+le8VsHjgeWX2CJQko7klXvcizuZvUEDT\r\njHaQcs2J+kPgfyMIOY1DMJ21NxOJ2xPRC/wAh/hzSBRVtoAnyuxtkZ4VjIOh\r\n-----END
        CERTIFICATE-----\r\n"},{"pem":"-----BEGIN CERTIFICATE-----\r\nMIIDjjCCAnagAwIBAgIQAzrx5qcRqaC7KGSxHQn65TANBgkqhkiG9w0BAQsFADBhMQswCQYDVQQG\r\nEwJVUzEVMBMGA1UEChMMRGlnaUNlcnQgSW5jMRkwFwYDVQQLExB3d3cuZGlnaWNlcnQuY29tMSAw\r\nHgYDVQQDExdEaWdpQ2VydCBHbG9iYWwgUm9vdCBHMjAeFw0xMzA4MDExMjAwMDBaFw0zODAxMTUx\r\nMjAwMDBaMGExCzAJBgNVBAYTAlVTMRUwEwYDVQQKEwxEaWdpQ2VydCBJbmMxGTAXBgNVBAsTEHd3\r\ndy5kaWdpY2VydC5jb20xIDAeBgNVBAMTF0RpZ2lDZXJ0IEdsb2JhbCBSb290IEcyMIIBIjANBgkq\r\nhkiG9w0BAQEFAAOCAQ8AMIIBCgKCAQEAuzfNNNx7a8myaJCtSnX/RrohCgiN9RlUyfuI2/Ou8jqJ\r\nkTx65qsGGmvPrC3oXgkkRLpimn7Wo6h+4FR1IAWsULecYxpsMNzaHxmx1x7e/dfgy5SDN67sH0NO\r\n3Xss0r0upS/kqbitOtSZpLYl6ZtrAGCSYP9PIUkY92eQq2EGnI/yuum06ZIya7XzV+hdG82MHauV\r\nBJVJ8zUtluNJbd134/tJS7SsVQepj5WztCO7TG1F8PapspUwtP1MVYwnSlcUfIKdzXOS0xZKBgyM\r\nUNGPHgm+F6HmIcr9g+UQvIOlCsRnKPZzFBQ9RnbDhxSJITRNrw9FDKZJobq7nMWxM4MphQIDAQAB\r\no0IwQDAPBgNVHRMBAf8EBTADAQH/MA4GA1UdDwEB/wQEAwIBhjAdBgNVHQ4EFgQUTiJUIBiV5uNu\r\n5g/6+rkS7QYXjzkwDQYJKoZIhvcNAQELBQADggEBAGBnKJRvDkhj6zHd6mcY1Yl9PMWLSn/pvtsr\r\nF9+wX3N3KjITOYFnQoQj8kVnNeyIv/iPsGEMNKSuIEyExtv4NeF22d+mQrvHRAiGfzZ0JFrabA0U\r\nWTW98kndth/Jsw1HKj2ZL7tcu7XUIOGZX1NGFdtom/DzMNU+MeKNhJ7jitralj41E6Vf8PlwUHBH\r\nQRFXGU7Aj64GxJUTFy8bJZ918rGOmaFvE7FBcf6IKshPECBV1/MUReXgRPTqh5Uykw7+U0b6LJ3/\r\niyK5S9kJRaTepLiaWN0bfVKfjllDiIGknibVb63dDcY3fe0Dkhvld1927jyNxF1WW6LZZm6zNTfl\r\nMrY=\r\n-----END
        CERTIFICATE-----\r\n"},{"pem":"-----BEGIN CERTIFICATE-----\r\nMIIF8zCCBNugAwIBAgIQAueRcfuAIek/4tmDg0xQwDANBgkqhkiG9w0BAQwFADBhMQswCQYDVQQG\r\nEwJVUzEVMBMGA1UEChMMRGlnaUNlcnQgSW5jMRkwFwYDVQQLExB3d3cuZGlnaWNlcnQuY29tMSAw\r\nHgYDVQQDExdEaWdpQ2VydCBHbG9iYWwgUm9vdCBHMjAeFw0yMDA3MjkxMjMwMDBaFw0yNDA2Mjcy\r\nMzU5NTlaMFkxCzAJBgNVBAYTAlVTMR4wHAYDVQQKExVNaWNyb3NvZnQgQ29ycG9yYXRpb24xKjAo\r\nBgNVBAMTIU1pY3Jvc29mdCBBenVyZSBUTFMgSXNzdWluZyBDQSAwNjCCAiIwDQYJKoZIhvcNAQEB\r\nBQADggIPADCCAgoCggIBALVGARl56bx3KBUSGuPc4H5uoNFkFH4e7pvTCxRi4j/+z+XbwjEz+5Ci\r\npDOqjx9/jWjskL5dk7PaQkzItidsAAnDCW1leZBOIi68Lff1bjTeZgMYiwdRd3Y39b/lcGpiuP2d\r\n23W95YHkMMT8IlWosYIX0f4kYb62rphyfnAjYb/4Od99ThnhlAxGtfvSbXcBVIKCYfZgqRvV+5lR\r\neUnd1aNjRYVzPOoifgSx2fRyy1+pO1UzaMMNnIOE71bVYW0A1hr19w7kOb0KkJXoALTDDj1ukUED\r\nqQuBfBxReL5mXiu1O7WG0vltg0VZ/SZzctBsdBlx1BkmWYBW261KZgBivrql5ELTKKd8qgtHcLQA\r\n5fl6JB0Qgs5XDaWehN86Gps5JW8ArjGtjcWAIP+X8CQaWfaCnuRm6Bk/03PQWhgdi84qwA0ssRfF\r\nJwHUPTNSnE8EiGVk2frt0u8PG1pwSQsFuNJfcYIHEv1vOzP7uEOuDydsmCjhlxuoK2n5/2aVR3BM\r\nTu+p4+gl8alXoBycyLmj3J/PUgqD8SL5fTCUegGsdia/Sa60N2oV7vQ17wjMN+LXa2rjj/b4ZlZg\r\nXVojDmAjDwIRdDUujQu0RVsJqFLMzSIHpp2CZp7mIoLrySay2YYBu7SiNwL95X6He2kS8eefBBHj\r\nzwW/9FxGqry57i71c2cDAgMBAAGjggGtMIIBqTAdBgNVHQ4EFgQU1cFnOsKjnfR3UltZEjgp5lVo\r\nu6UwHwYDVR0jBBgwFoAUTiJUIBiV5uNu5g/6+rkS7QYXjzkwDgYDVR0PAQH/BAQDAgGGMB0GA1Ud\r\nJQQWMBQGCCsGAQUFBwMBBggrBgEFBQcDAjASBgNVHRMBAf8ECDAGAQH/AgEAMHYGCCsGAQUFBwEB\r\nBGowaDAkBggrBgEFBQcwAYYYaHR0cDovL29jc3AuZGlnaWNlcnQuY29tMEAGCCsGAQUFBzAChjRo\r\ndHRwOi8vY2FjZXJ0cy5kaWdpY2VydC5jb20vRGlnaUNlcnRHbG9iYWxSb290RzIuY3J0MHsGA1Ud\r\nHwR0MHIwN6A1oDOGMWh0dHA6Ly9jcmwzLmRpZ2ljZXJ0LmNvbS9EaWdpQ2VydEdsb2JhbFJvb3RH\r\nMi5jcmwwN6A1oDOGMWh0dHA6Ly9jcmw0LmRpZ2ljZXJ0LmNvbS9EaWdpQ2VydEdsb2JhbFJvb3RH\r\nMi5jcmwwHQYDVR0gBBYwFDAIBgZngQwBAgEwCAYGZ4EMAQICMBAGCSsGAQQBgjcVAQQDAgEAMA0G\r\nCSqGSIb3DQEBDAUAA4IBAQB2oWc93fB8esci/8esixj++N22meiGDjgF+rA2LUK5IOQOgcUSTGKS\r\nqF9lYfAxPjrqPjDCUPHCURv+26ad5P/BYtXtbmtxJWu+cS5BhMDPPeG3oPZwXRHBJFAkY4O4AF7R\r\nIAAUW6EzDflUoDHKv83zOiPfYGcpHc9skxAInCedk7QSgXvMARjjOqdakor21DTmNIUotxo8kHv5\r\nhwRlGhBJwps6fEVi1Bt0trpM/3wYxlr473WSPUFZPgP1j519kLpWOJ8z09wxay+Br29irPcBYv0G\r\nMXlHqThy8y4m/HyTQeI2IMvMrQnwqPpY+rLIXyviI2vLoI+4xKE4Rn38ZZ8m\r\n-----END
        CERTIFICATE-----\r\n"},{"pem":"-----BEGIN CERTIFICATE-----\r\nMIIF8zCCBNugAwIBAgIQDXvt6X2CCZZ6UmMbi90YvTANBgkqhkiG9w0BAQwFADBhMQswCQYDVQQG\r\nEwJVUzEVMBMGA1UEChMMRGlnaUNlcnQgSW5jMRkwFwYDVQQLExB3d3cuZGlnaWNlcnQuY29tMSAw\r\nHgYDVQQDExdEaWdpQ2VydCBHbG9iYWwgUm9vdCBHMjAeFw0yMDA3MjkxMjMwMDBaFw0yNDA2Mjcy\r\nMzU5NTlaMFkxCzAJBgNVBAYTAlVTMR4wHAYDVQQKExVNaWNyb3NvZnQgQ29ycG9yYXRpb24xKjAo\r\nBgNVBAMTIU1pY3Jvc29mdCBBenVyZSBUTFMgSXNzdWluZyBDQSAwNTCCAiIwDQYJKoZIhvcNAQEB\r\nBQADggIPADCCAgoCggIBAKplDTmQ9afwVPQelDuu+NkxNJ084CNKnrZ21ABewE+UU4GKDnwygZdK\r\n6agNSMs5UochUEDzz9CpdV5tdPzL14O/GeE2gO5/aUFTUMG9c6neyxk5tq1WdKsPkitPws6V8MWa\r\n5d1L/y4RFhZHUsgxxUySlYlGpNcHhhsyr7EvFecZGA1MfsitAWVp6hiWANkWKINfRcdt3Z2A23hm\r\nMH9MRSGBccHiPuzwrVsSmLwvt3WlRDgObJkE40tFYvJ6GXAQiaGHCIWSVObgO3zj6xkdbEFMmJ/z\r\nr2Wet5KEcUDtUBhA4dUUoaPVz69u46V56Vscy3lXu1Ylsk84j5lUPLdsAxtultP4OPQoOTpnY8kx\r\nWkH6kgO5gTKE3HRvoVIjU4xJ0JQ746zy/8GdQA36SaNiz4U3u10zFZg2Rkv2dL1Lv58EXL02r5q5\r\nB/nhVH/M1joTvpRvaeEpAJhkIA9NkpvbGEpSdcA0OrtOOeGtrsiOyMBYkjpB5nw0cJY1QHOr3nIv\r\nJ2OnY+OKJbDSrhFqWsk8/1q6Z1WNvONz7te1pAtHerdPi5pCHeiXCNpv+fadwP0k8czaf2Vs19nY\r\nsgWn5uIyLQL8EehdBzCbOKJy9sl86S4Fqe4HGyAtmqGlaWOsq2A6O/paMi3BSmWTDbgPLCPBbPte\r\n/bsuAEF4ajkPEES3GHP9AgMBAAGjggGtMIIBqTAdBgNVHQ4EFgQUx7KcfxzjuFrv6WgaqF2UwSZS\r\namgwHwYDVR0jBBgwFoAUTiJUIBiV5uNu5g/6+rkS7QYXjzkwDgYDVR0PAQH/BAQDAgGGMB0GA1Ud\r\nJQQWMBQGCCsGAQUFBwMBBggrBgEFBQcDAjASBgNVHRMBAf8ECDAGAQH/AgEAMHYGCCsGAQUFBwEB\r\nBGowaDAkBggrBgEFBQcwAYYYaHR0cDovL29jc3AuZGlnaWNlcnQuY29tMEAGCCsGAQUFBzAChjRo\r\ndHRwOi8vY2FjZXJ0cy5kaWdpY2VydC5jb20vRGlnaUNlcnRHbG9iYWxSb290RzIuY3J0MHsGA1Ud\r\nHwR0MHIwN6A1oDOGMWh0dHA6Ly9jcmwzLmRpZ2ljZXJ0LmNvbS9EaWdpQ2VydEdsb2JhbFJvb3RH\r\nMi5jcmwwN6A1oDOGMWh0dHA6Ly9jcmw0LmRpZ2ljZXJ0LmNvbS9EaWdpQ2VydEdsb2JhbFJvb3RH\r\nMi5jcmwwHQYDVR0gBBYwFDAIBgZngQwBAgEwCAYGZ4EMAQICMBAGCSsGAQQBgjcVAQQDAgEAMA0G\r\nCSqGSIb3DQEBDAUAA4IBAQAe+G+G2RFdWtYxLIKMR5H/aVNFjNP7Jdeu+oZaKaIu7U3NidykFr99\r\n4jSxMBMV768ukJ5/hLSKsuj/SLjmAfwRAZ+w0RGqi/kOvPYUlBr/sKOwr3tVkg9ccZBebnBVG+DL\r\nKTp2Ox0+jYBCPxla5FO252qpk7/6wt8SZk3diSU12Jm7if/jjkhkGB/e8UdfrKoLytDvqVeiwPA5\r\nFPzqKoSqN75byLjsIKJEdNi07SY45hN/RUnsmIoAf93qlaHR/SJWVRhrWt3JmeoBJ2RDK492zF6T\r\nGu1moh4aE6e00YkwTPWreuwvaLB220vWmtgZPs+DSIb2d9hPBdCJgvcho1c7\r\n-----END
        CERTIFICATE-----\r\n"},{"pem":"-----BEGIN CERTIFICATE-----\r\nMIIF8zCCBNugAwIBAgIQDGrpfM7VmYOGkKAKnqUyFDANBgkqhkiG9w0BAQwFADBhMQswCQYDVQQG\r\nEwJVUzEVMBMGA1UEChMMRGlnaUNlcnQgSW5jMRkwFwYDVQQLExB3d3cuZGlnaWNlcnQuY29tMSAw\r\nHgYDVQQDExdEaWdpQ2VydCBHbG9iYWwgUm9vdCBHMjAeFw0yMDA3MjkxMjMwMDBaFw0yNDA2Mjcy\r\nMzU5NTlaMFkxCzAJBgNVBAYTAlVTMR4wHAYDVQQKExVNaWNyb3NvZnQgQ29ycG9yYXRpb24xKjAo\r\nBgNVBAMTIU1pY3Jvc29mdCBBenVyZSBUTFMgSXNzdWluZyBDQSAwMjCCAiIwDQYJKoZIhvcNAQEB\r\nBQADggIPADCCAgoCggIBAOBiO1K6Fk4fHI6t3mJkpg7lxoeUgL8tz9wuI2z0UgY8vFra3VBo7Qzn\r\nC4K3s9jqKWEyIQY11Le0108bSYa/TK0aioO6itpGiigEG+vH/iqtQXPSu6D804ri0NFZ1SOP9Izj\r\nYuQiK6AWntCqP4WAcZAPtpNrNLPBIyiqmiTDS4dlFg1dskMuVpT4z0MpgEMmxQnrSZ615rBQ25vn\r\nVbBNig04FCsh1V3S8ve5Gzh08oIrL/g5xq95oRrgEeOBIeiegQpoKrLYyo3R1Tt48HmSJCBYQ52Q\r\nc34RgxQdZsLXMUrWuL1JLAZP6yeo47ySSxKCjhq5/AUWvQBP3N/cP/iJzKKKw23qJ/kkVrE0DSVD\r\niIiXWF0c9abSGhYl9SPl86IHcIAIzwelJ4SKpHrVbh0/w4YHdFi5QbdAp7O5KxfxBYhQOeHyis01\r\nzkpYn6SqUFGvbK8eZ8y9Aclt8PIUftMG6q5BhdlBZkDDV3n70RlXwYvllzfZ/nV94l+hYp+GLW7j\r\nSmpxZLG/XEz4OXtTtWwLV+IkIOe/EDF79KCazW2SXOIvVInPoi1PqN4TudNv0GyBF5tRC/aBjUqp\r\nly1YYfeKwgRVs83z5kuiOicmdGZKH9SqU5bnKse7IlyfZLg6yAxYyTNe7A9acJ3/pGmCIkJ/9dfL\r\nUFc4hYb3YyIIYGmqm2/3AgMBAAGjggGtMIIBqTAdBgNVHQ4EFgQUAKuR/CFiJpeaqHkbYUGQYKli\r\nZ/0wHwYDVR0jBBgwFoAUTiJUIBiV5uNu5g/6+rkS7QYXjzkwDgYDVR0PAQH/BAQDAgGGMB0GA1Ud\r\nJQQWMBQGCCsGAQUFBwMBBggrBgEFBQcDAjASBgNVHRMBAf8ECDAGAQH/AgEAMHYGCCsGAQUFBwEB\r\nBGowaDAkBggrBgEFBQcwAYYYaHR0cDovL29jc3AuZGlnaWNlcnQuY29tMEAGCCsGAQUFBzAChjRo\r\ndHRwOi8vY2FjZXJ0cy5kaWdpY2VydC5jb20vRGlnaUNlcnRHbG9iYWxSb290RzIuY3J0MHsGA1Ud\r\nHwR0MHIwN6A1oDOGMWh0dHA6Ly9jcmwzLmRpZ2ljZXJ0LmNvbS9EaWdpQ2VydEdsb2JhbFJvb3RH\r\nMi5jcmwwN6A1oDOGMWh0dHA6Ly9jcmw0LmRpZ2ljZXJ0LmNvbS9EaWdpQ2VydEdsb2JhbFJvb3RH\r\nMi5jcmwwHQYDVR0gBBYwFDAIBgZngQwBAgEwCAYGZ4EMAQICMBAGCSsGAQQBgjcVAQQDAgEAMA0G\r\nCSqGSIb3DQEBDAUAA4IBAQAzo/KdmWPPTaYLQW7J5DqxEiBT9QyYGUfeZd7TR1837H6DSkFa/mGM\r\n1kLwi5y9miZKA9k6T9OwTx8CflcvbNO2UkFW0VCldEGHiyx5421+HpRxMQIRjligePtOtRGXwaNO\r\nQ7ySWfJhRhKcPKe2PGFHQI7/3n+T3kXQ/SLu2lk9Qs5YgSJ3VhxBUznYn1KVKJWPE07M55kuUgCq\r\nuAV0PksZj7EC4nK6e/UVbPumlj1nyjlxhvNud4WYmr4ntbBev6cSbK78dpI/3cr7P/WJPYJuL0Es\r\nO3MgjS3eDCX7NXp5ylue3TcpQfRU8BL+yZC1wqX98R4ndw7X4qfGaE7SlF7I\r\n-----END
        CERTIFICATE-----\r\n"},{"pem":"-----BEGIN CERTIFICATE-----\r\nMIIDqDCCAy6gAwIBAgIQDo2+XqYQ5su1acc29tcASzAKBggqhkjOPQQDAzBhMQswCQYDVQQGEwJV\r\nUzEVMBMGA1UEChMMRGlnaUNlcnQgSW5jMRkwFwYDVQQLExB3d3cuZGlnaWNlcnQuY29tMSAwHgYD\r\nVQQDExdEaWdpQ2VydCBHbG9iYWwgUm9vdCBHMzAeFw0yMDA4MTIwMDAwMDBaFw0yNDA2MjcyMzU5\r\nNTlaMF0xCzAJBgNVBAYTAlVTMR4wHAYDVQQKExVNaWNyb3NvZnQgQ29ycG9yYXRpb24xLjAsBgNV\r\nBAMTJU1pY3Jvc29mdCBBenVyZSBFQ0MgVExTIElzc3VpbmcgQ0EgMDIwdjAQBgcqhkjOPQIBBgUr\r\ngQQAIgNiAATlxJr7ThHOTChFtITU0Taop1bFSVf3h9toLKI7bi0GVWd3a3uQVIImulk4pdVuOkoC\r\nI+wEIBkrsEnNUrH28+uUXb48SnwzdhArFcG3zygvZEnBYdcWNlOLKZ5XZhqUZKKjggGtMIIBqTAd\r\nBgNVHQ4EFgQUneUOdzdHngkz2ZC+KgnCEn9O0qMwHwYDVR0jBBgwFoAUs9tIpPmhxdiuNkHMEWNp\r\nYim8S8YwDgYDVR0PAQH/BAQDAgGGMB0GA1UdJQQWMBQGCCsGAQUFBwMBBggrBgEFBQcDAjASBgNV\r\nHRMBAf8ECDAGAQH/AgEAMHYGCCsGAQUFBwEBBGowaDAkBggrBgEFBQcwAYYYaHR0cDovL29jc3Au\r\nZGlnaWNlcnQuY29tMEAGCCsGAQUFBzAChjRodHRwOi8vY2FjZXJ0cy5kaWdpY2VydC5jb20vRGln\r\naUNlcnRHbG9iYWxSb290RzMuY3J0MHsGA1UdHwR0MHIwN6A1oDOGMWh0dHA6Ly9jcmwzLmRpZ2lj\r\nZXJ0LmNvbS9EaWdpQ2VydEdsb2JhbFJvb3RHMy5jcmwwN6A1oDOGMWh0dHA6Ly9jcmw0LmRpZ2lj\r\nZXJ0LmNvbS9EaWdpQ2VydEdsb2JhbFJvb3RHMy5jcmwwHQYDVR0gBBYwFDAIBgZngQwBAgEwCAYG\r\nZ4EMAQICMBAGCSsGAQQBgjcVAQQDAgEAMAoGCCqGSM49BAMDA2gAMGUCMCIdzL1WliSNxC+uX8Iz\r\ngfyxdmELlX0I7TtWowrKUov8QSfi57irRIGpHvmxoFW7XQIxAPdJJZ/jAbKJ5lS21mLnKcdsctXO\r\ntl2eFVqGSfIFWbJUihZCKesfoSMThZ4fa/Ir8g==\r\n-----END
        CERTIFICATE-----\r\n"},{"pem":"-----BEGIN CERTIFICATE-----\r\nMIICPzCCAcWgAwIBAgIQBVVWvPJepDU1w6QP1atFcjAKBggqhkjOPQQDAzBhMQswCQYDVQQGEwJV\r\nUzEVMBMGA1UEChMMRGlnaUNlcnQgSW5jMRkwFwYDVQQLExB3d3cuZGlnaWNlcnQuY29tMSAwHgYD\r\nVQQDExdEaWdpQ2VydCBHbG9iYWwgUm9vdCBHMzAeFw0xMzA4MDExMjAwMDBaFw0zODAxMTUxMjAw\r\nMDBaMGExCzAJBgNVBAYTAlVTMRUwEwYDVQQKEwxEaWdpQ2VydCBJbmMxGTAXBgNVBAsTEHd3dy5k\r\naWdpY2VydC5jb20xIDAeBgNVBAMTF0RpZ2lDZXJ0IEdsb2JhbCBSb290IEczMHYwEAYHKoZIzj0C\r\nAQYFK4EEACIDYgAE3afZu4q4C/sLfyHS8L6+c/MzXRq8NOrexpu80JX28MzQC7phW1FGfp4tn+6O\r\nYwwX7Adw9c+ELkCDnOg/QW07rdOkFFk2eJ0DQ+4QE2xy3q6Ip6FrtUPOZ9wj/wMco+I+o0IwQDAP\r\nBgNVHRMBAf8EBTADAQH/MA4GA1UdDwEB/wQEAwIBhjAdBgNVHQ4EFgQUs9tIpPmhxdiuNkHMEWNp\r\nYim8S8YwCgYIKoZIzj0EAwMDaAAwZQIxAK288mw/EkrRLTnDCgmXc/SINoyIJ7vmiI1Qhadj+Z4y\r\n3maTD/HMsQmP3Wyr+mt/oAIwOWZbwmSNuJ5Q3KjVSaLtx9zRSX8XAbjIho9OjIgrqJqpisXRAL34\r\nVOKa5Vt8sycX\r\n-----END
        CERTIFICATE-----\r\n"},{"pem":"-----BEGIN CERTIFICATE-----\r\nMIIDqDCCAy6gAwIBAgIQBm55zXYkxjEwx3q+tqi7lDAKBggqhkjOPQQDAzBhMQswCQYDVQQGEwJV\r\nUzEVMBMGA1UEChMMRGlnaUNlcnQgSW5jMRkwFwYDVQQLExB3d3cuZGlnaWNlcnQuY29tMSAwHgYD\r\nVQQDExdEaWdpQ2VydCBHbG9iYWwgUm9vdCBHMzAeFw0yMDA4MTIwMDAwMDBaFw0yNDA2MjcyMzU5\r\nNTlaMF0xCzAJBgNVBAYTAlVTMR4wHAYDVQQKExVNaWNyb3NvZnQgQ29ycG9yYXRpb24xLjAsBgNV\r\nBAMTJU1pY3Jvc29mdCBBenVyZSBFQ0MgVExTIElzc3VpbmcgQ0EgMDYwdjAQBgcqhkjOPQIBBgUr\r\ngQQAIgNiAARodFftKDyrox+TSSyDI1N0mihPAZTht8YaqlSbw8xGGrHBU6msYCcfjOdsbxmOyYv4\r\naF1IlXQWxionC+Z4BuqhQobPhgmB6sFxES9K441KK9QLTUWQYapoCbyfodkT/JqjggGtMIIBqTAd\r\nBgNVHQ4EFgQUH87HnWRTX7b8lQeulSYzUcEn2SYwHwYDVR0jBBgwFoAUs9tIpPmhxdiuNkHMEWNp\r\nYim8S8YwDgYDVR0PAQH/BAQDAgGGMB0GA1UdJQQWMBQGCCsGAQUFBwMBBggrBgEFBQcDAjASBgNV\r\nHRMBAf8ECDAGAQH/AgEAMHYGCCsGAQUFBwEBBGowaDAkBggrBgEFBQcwAYYYaHR0cDovL29jc3Au\r\nZGlnaWNlcnQuY29tMEAGCCsGAQUFBzAChjRodHRwOi8vY2FjZXJ0cy5kaWdpY2VydC5jb20vRGln\r\naUNlcnRHbG9iYWxSb290RzMuY3J0MHsGA1UdHwR0MHIwN6A1oDOGMWh0dHA6Ly9jcmwzLmRpZ2lj\r\nZXJ0LmNvbS9EaWdpQ2VydEdsb2JhbFJvb3RHMy5jcmwwN6A1oDOGMWh0dHA6Ly9jcmw0LmRpZ2lj\r\nZXJ0LmNvbS9EaWdpQ2VydEdsb2JhbFJvb3RHMy5jcmwwHQYDVR0gBBYwFDAIBgZngQwBAgEwCAYG\r\nZ4EMAQICMBAGCSsGAQQBgjcVAQQDAgEAMAoGCCqGSM49BAMDA2gAMGUCMC6mseL4nziiCiMxO4ZV\r\nukItZ0JU3nZqpHmDkw3apBtupflaKdHeRqDc/jYXJJagnAIxAPTYJFPD55v1mmssDLRzYpB1DIJT\r\nasbhYvJr69O4PdqSjyrJzduOGHdE3+5NmWy/Ag==\r\n-----END
        CERTIFICATE-----\r\n"},{"pem":"-----BEGIN CERTIFICATE-----\r\nMIIDqTCCAy6gAwIBAgIQCdxCpfV0/zo4nuBtXU3kQDAKBggqhkjOPQQDAzBhMQswCQYDVQQGEwJV\r\nUzEVMBMGA1UEChMMRGlnaUNlcnQgSW5jMRkwFwYDVQQLExB3d3cuZGlnaWNlcnQuY29tMSAwHgYD\r\nVQQDExdEaWdpQ2VydCBHbG9iYWwgUm9vdCBHMzAeFw0yMDA4MTIwMDAwMDBaFw0yNDA2MjcyMzU5\r\nNTlaMF0xCzAJBgNVBAYTAlVTMR4wHAYDVQQKExVNaWNyb3NvZnQgQ29ycG9yYXRpb24xLjAsBgNV\r\nBAMTJU1pY3Jvc29mdCBBenVyZSBFQ0MgVExTIElzc3VpbmcgQ0EgMDEwdjAQBgcqhkjOPQIBBgUr\r\ngQQAIgNiAAS2l9suuS4cCc6TIq49UKNhdFf8aqX+bCNy9qS+Z6oMvojY9juMwieyeWnamryKdYYm\r\nm/Gp7dLAJdOqbDPkpjf1hwFpXzfHvMS7dkYAOZznH9xAXB2DhYZtyhGqcyE6j5yjggGtMIIBqTAd\r\nBgNVHQ4EFgQUqv0wDdei1e+KencxqmamwmwRu28wHwYDVR0jBBgwFoAUs9tIpPmhxdiuNkHMEWNp\r\nYim8S8YwDgYDVR0PAQH/BAQDAgGGMB0GA1UdJQQWMBQGCCsGAQUFBwMBBggrBgEFBQcDAjASBgNV\r\nHRMBAf8ECDAGAQH/AgEAMHYGCCsGAQUFBwEBBGowaDAkBggrBgEFBQcwAYYYaHR0cDovL29jc3Au\r\nZGlnaWNlcnQuY29tMEAGCCsGAQUFBzAChjRodHRwOi8vY2FjZXJ0cy5kaWdpY2VydC5jb20vRGln\r\naUNlcnRHbG9iYWxSb290RzMuY3J0MHsGA1UdHwR0MHIwN6A1oDOGMWh0dHA6Ly9jcmwzLmRpZ2lj\r\nZXJ0LmNvbS9EaWdpQ2VydEdsb2JhbFJvb3RHMy5jcmwwN6A1oDOGMWh0dHA6Ly9jcmw0LmRpZ2lj\r\nZXJ0LmNvbS9EaWdpQ2VydEdsb2JhbFJvb3RHMy5jcmwwHQYDVR0gBBYwFDAIBgZngQwBAgEwCAYG\r\nZ4EMAQICMBAGCSsGAQQBgjcVAQQDAgEAMAoGCCqGSM49BAMDA2kAMGYCMQDQRUmslOjL+aU3alpy\r\neQ9dwKPz1wGGCTBQqaB/99pLQQEjTd3qyc9dX2Pw8ZRnR4oCMQC+BRXUqY73PRgE7vNdX6Jwrwof\r\nyl27okJaXLVbi6O96eB3a59r8IytP2M8Pubw0hM=\r\n-----END
        CERTIFICATE-----\r\n"},{"pem":"-----BEGIN CERTIFICATE-----\r\nMIIDqTCCAy6gAwIBAgIQDOWcMP16g1MuLQFGszL5ZTAKBggqhkjOPQQDAzBhMQswCQYDVQQGEwJV\r\nUzEVMBMGA1UEChMMRGlnaUNlcnQgSW5jMRkwFwYDVQQLExB3d3cuZGlnaWNlcnQuY29tMSAwHgYD\r\nVQQDExdEaWdpQ2VydCBHbG9iYWwgUm9vdCBHMzAeFw0yMDA4MTIwMDAwMDBaFw0yNDA2MjcyMzU5\r\nNTlaMF0xCzAJBgNVBAYTAlVTMR4wHAYDVQQKExVNaWNyb3NvZnQgQ29ycG9yYXRpb24xLjAsBgNV\r\nBAMTJU1pY3Jvc29mdCBBenVyZSBFQ0MgVExTIElzc3VpbmcgQ0EgMDUwdjAQBgcqhkjOPQIBBgUr\r\ngQQAIgNiAATMpLWI9tiXgEukKWh1kjMYAKbaq50AY1+CBCU/yuChcnzPTKO8Jgj00Z4y2Ic41I59\r\nkHUW7v10Ug2eFNaW6LEwnKkab33I+nswrHlTK0009agqhbSVs1LByY/g26RvTt2jggGtMIIBqTAd\r\nBgNVHQ4EFgQUVd/uHies8p4rnoA5NXlWRzrOsxAwHwYDVR0jBBgwFoAUs9tIpPmhxdiuNkHMEWNp\r\nYim8S8YwDgYDVR0PAQH/BAQDAgGGMB0GA1UdJQQWMBQGCCsGAQUFBwMBBggrBgEFBQcDAjASBgNV\r\nHRMBAf8ECDAGAQH/AgEAMHYGCCsGAQUFBwEBBGowaDAkBggrBgEFBQcwAYYYaHR0cDovL29jc3Au\r\nZGlnaWNlcnQuY29tMEAGCCsGAQUFBzAChjRodHRwOi8vY2FjZXJ0cy5kaWdpY2VydC5jb20vRGln\r\naUNlcnRHbG9iYWxSb290RzMuY3J0MHsGA1UdHwR0MHIwN6A1oDOGMWh0dHA6Ly9jcmwzLmRpZ2lj\r\nZXJ0LmNvbS9EaWdpQ2VydEdsb2JhbFJvb3RHMy5jcmwwN6A1oDOGMWh0dHA6Ly9jcmw0LmRpZ2lj\r\nZXJ0LmNvbS9EaWdpQ2VydEdsb2JhbFJvb3RHMy5jcmwwHQYDVR0gBBYwFDAIBgZngQwBAgEwCAYG\r\nZ4EMAQICMBAGCSsGAQQBgjcVAQQDAgEAMAoGCCqGSM49BAMDA2kAMGYCMQCu22LB4kPjxpFT4OeZ\r\nuLnvAnjQe7bEn4xSyqCz+N54fjhE0lWrh80BvbiKtL0RQTsCMQDvmxaAuzNlRJctCgdw8UUAS4Jg\r\nj0Z1YCj/1pNDE/Jvfb3T81ELCvjeXnMjIlgYNP8=\r\n-----END
        CERTIFICATE-----\r\n"},{"pem":"-----BEGIN CERTIFICATE-----\r\nMIIEQzCCAyugAwIBAgIQCidf5wTW7ssj1c1bSxpOBDANBgkqhkiG9w0BAQwFADBhMQswCQYDVQQG\r\nEwJVUzEVMBMGA1UEChMMRGlnaUNlcnQgSW5jMRkwFwYDVQQLExB3d3cuZGlnaWNlcnQuY29tMSAw\r\nHgYDVQQDExdEaWdpQ2VydCBHbG9iYWwgUm9vdCBDQTAeFw0yMDA5MjMwMDAwMDBaFw0zMDA5MjIy\r\nMzU5NTlaMFYxCzAJBgNVBAYTAlVTMRUwEwYDVQQKEwxEaWdpQ2VydCBJbmMxMDAuBgNVBAMTJ0Rp\r\nZ2lDZXJ0IFRMUyBIeWJyaWQgRUNDIFNIQTM4NCAyMDIwIENBMTB2MBAGByqGSM49AgEGBSuBBAAi\r\nA2IABMEbxppbmNmkKaDp1AS12+umsmxVwP/tmMZJLwYnUcu/cMEFesOxnYeJuq20ExfJqLSDyLiQ\r\n0cx0NTY8g3KwtdD3ImnI8YDEe0CPz2iHJlw5ifFNkU3aiYvkA8ND5b8vc6OCAa4wggGqMB0GA1Ud\r\nDgQWBBQKvAgpF4ylOW16Ds4zxy6z7fvDejAfBgNVHSMEGDAWgBQD3lA1VtFMu2bwo+IbG8OXsj3R\r\nVTAOBgNVHQ8BAf8EBAMCAYYwHQYDVR0lBBYwFAYIKwYBBQUHAwEGCCsGAQUFBwMCMBIGA1UdEwEB\r\n/wQIMAYBAf8CAQAwdgYIKwYBBQUHAQEEajBoMCQGCCsGAQUFBzABhhhodHRwOi8vb2NzcC5kaWdp\r\nY2VydC5jb20wQAYIKwYBBQUHMAKGNGh0dHA6Ly9jYWNlcnRzLmRpZ2ljZXJ0LmNvbS9EaWdpQ2Vy\r\ndEdsb2JhbFJvb3RDQS5jcnQwewYDVR0fBHQwcjA3oDWgM4YxaHR0cDovL2NybDMuZGlnaWNlcnQu\r\nY29tL0RpZ2lDZXJ0R2xvYmFsUm9vdENBLmNybDA3oDWgM4YxaHR0cDovL2NybDQuZGlnaWNlcnQu\r\nY29tL0RpZ2lDZXJ0R2xvYmFsUm9vdENBLmNybDAwBgNVHSAEKTAnMAcGBWeBDAEBMAgGBmeBDAEC\r\nATAIBgZngQwBAgIwCAYGZ4EMAQIDMA0GCSqGSIb3DQEBDAUAA4IBAQDeOpcbhb17jApY4+PwCwYA\r\neq9EYyp/3YFtERim+vc4YLGwOWK9uHsu8AjJkltz32WQt960V6zALxyZZ02LXvIBoa33llPN1d9R\r\nJzcGRvJvPDGJLEoWKRGC5+23QhST4Nlg+j8cZMsywzEXJNmvPlVv/w+AbxsBCMqkBGPI2lNM8hkm\r\nxPad31z6n58SXqJdH/bYF462YvgdgbYKOytobPAyTgr3mYI5sUjeCzqJx1+NLyc8nAK8Ib2HxnC+\r\nIrrWzfRLvVNve8KaN9EtBH7TuMwNW4SpDCmGr6fY1h3tDjHhkTb9PA36zoaJzu0cIw265vZt6hCm\r\nYWJC+/j+fgZwcPwL\r\n-----END
        CERTIFICATE-----\r\n"},{"pem":"-----BEGIN CERTIFICATE-----\r\nMIIEFzCCAv+gAwIBAgIQB/LzXIeod6967+lHmTUlvTANBgkqhkiG9w0BAQwFADBhMQswCQYDVQQG\r\nEwJVUzEVMBMGA1UEChMMRGlnaUNlcnQgSW5jMRkwFwYDVQQLExB3d3cuZGlnaWNlcnQuY29tMSAw\r\nHgYDVQQDExdEaWdpQ2VydCBHbG9iYWwgUm9vdCBDQTAeFw0yMTA0MTQwMDAwMDBaFw0zMTA0MTMy\r\nMzU5NTlaMFYxCzAJBgNVBAYTAlVTMRUwEwYDVQQKEwxEaWdpQ2VydCBJbmMxMDAuBgNVBAMTJ0Rp\r\nZ2lDZXJ0IFRMUyBIeWJyaWQgRUNDIFNIQTM4NCAyMDIwIENBMTB2MBAGByqGSM49AgEGBSuBBAAi\r\nA2IABMEbxppbmNmkKaDp1AS12+umsmxVwP/tmMZJLwYnUcu/cMEFesOxnYeJuq20ExfJqLSDyLiQ\r\n0cx0NTY8g3KwtdD3ImnI8YDEe0CPz2iHJlw5ifFNkU3aiYvkA8ND5b8vc6OCAYIwggF+MBIGA1Ud\r\nEwEB/wQIMAYBAf8CAQAwHQYDVR0OBBYEFAq8CCkXjKU5bXoOzjPHLrPt+8N6MB8GA1UdIwQYMBaA\r\nFAPeUDVW0Uy7ZvCj4hsbw5eyPdFVMA4GA1UdDwEB/wQEAwIBhjAdBgNVHSUEFjAUBggrBgEFBQcD\r\nAQYIKwYBBQUHAwIwdgYIKwYBBQUHAQEEajBoMCQGCCsGAQUFBzABhhhodHRwOi8vb2NzcC5kaWdp\r\nY2VydC5jb20wQAYIKwYBBQUHMAKGNGh0dHA6Ly9jYWNlcnRzLmRpZ2ljZXJ0LmNvbS9EaWdpQ2Vy\r\ndEdsb2JhbFJvb3RDQS5jcnQwQgYDVR0fBDswOTA3oDWgM4YxaHR0cDovL2NybDMuZGlnaWNlcnQu\r\nY29tL0RpZ2lDZXJ0R2xvYmFsUm9vdENBLmNybDA9BgNVHSAENjA0MAsGCWCGSAGG/WwCATAHBgVn\r\ngQwBATAIBgZngQwBAgEwCAYGZ4EMAQICMAgGBmeBDAECAzANBgkqhkiG9w0BAQwFAAOCAQEAR1mB\r\nf9QbH7Bx9phdGLqYR5iwfnYr6v8ai6wms0KNMeZK6BnQ79oU59cUkqGS8qcuLa/7Hfb7U7CKP/zY\r\nFgrpsC62pQsYkDUmotr2qLcy/JUjS8ZFucTP5Hzu5sn4kL1y45nDHQsFfGqXbbKrAjbYwrwsAZI/\r\nBKOLdRHHuSm8EdCGupK8JvllyDfNJvaGEwwEqonleLHBTnm8dqMLUeTF0J5q/hosVq4GNiejcxwI\r\nfZMy0MJEGdqN9A57HSgDKwmKdsp33Id6rHtSJlWncg+d0ohP/rEhxRqhqjn1VtvChMQ1H3Dau0bw\r\nhr9kAMQ+959GG50jBbl9s08PqUU643QwmA==\r\n-----END
        CERTIFICATE-----\r\n"},{"pem":"-----BEGIN CERTIFICATE-----\r\nMIIFrTCCBJWgAwIBAgIQB9JqWPDx4GjFlGd8ZBuA+DANBgkqhkiG9w0BAQsFADBaMQswCQYDVQQG\r\nEwJJRTESMBAGA1UEChMJQmFsdGltb3JlMRMwEQYDVQQLEwpDeWJlclRydXN0MSIwIAYDVQQDExlC\r\nYWx0aW1vcmUgQ3liZXJUcnVzdCBSb290MB4XDTIyMDQwNzAwMDAwMFoXDTI1MDUxMTIzNTk1OVow\r\nSjELMAkGA1UEBhMCVVMxHjAcBgNVBAoTFU1pY3Jvc29mdCBDb3Jwb3JhdGlvbjEbMBkGA1UEAxMS\r\nTVNGVCBCQUxUIFJTMjU2IENBMIICIjANBgkqhkiG9w0BAQEFAAOCAg8AMIICCgKCAgEAwTgQW2vE\r\ntqjPda6g6ZwoqAqb1mdoiFEqeYB8nex6Y0mSgW8NnF4C+MiF1MCFjSlWYgkIVycQ4E86g7znUL1u\r\nVdkEol39U6UiogypLAsQh58fDe7goJrTE36BfQBeS9qx/rvfUPv/PhR74miZsc7nOUsaoMMS76LN\r\nymDhXD+imVseHynsmN2D2AJQZ/7nompXsn/NHIdQF2hqFdLqb6tanGSZuCqCvnf9kJ7RNQipq8lo\r\nzQhWSIQu6tQh2Rs+1iv2wEH7XJgSq8rcsnk4qI9uzfcvhPUNwU14a2rtnahcfUBHrjsaCsB7Ubgj\r\nqi+s9j3POkBCcBDW4x84kAwhpGNYIp1abupXdBPPZYZ6VI3ViA9xeoql/ig8tlGLHsalfYb69Hbm\r\nMGdrwDYmf4YIuLmWSBBynmOJUcNSaDSEtKxERNwcUHzrrp9A9SaC4eg8ZK6J5R5mbVr5eegELzWT\r\nvPtXjiCXlfDvpr+PXLchwEkV3xjymdZd7eq+NmaSafY5mCm/C/KF5eQOhgaXomERa2brYyUazJPQ\r\nzoyHwFOdKpfNINqRg+TnzwXoapbZzVXdquafgUYuHOa28T8/nv85tV20kxQMUy+ICV4anHsAibEp\r\nzgLuDV1Cl9CpoDMOL7fFYOpKXn/zLAG5ZyWW6h426JHq5SKWV4z4utoSDiqMGsZpL1UCAwEAAaOC\r\nAX0wggF5MBIGA1UdEwEB/wQIMAYBAf8CAQAwHQYDVR0OBBYEFEa78CwfKmRLIeiu3crbctSqIShc\r\nMB8GA1UdIwQYMBaAFOWdWTCCR1jMrPoIVDaGezq1BE3wMA4GA1UdDwEB/wQEAwIBhjAdBgNVHSUE\r\nFjAUBggrBgEFBQcDAQYIKwYBBQUHAwIweQYIKwYBBQUHAQEEbTBrMCQGCCsGAQUFBzABhhhodHRw\r\nOi8vb2NzcC5kaWdpY2VydC5jb20wQwYIKwYBBQUHMAKGN2h0dHA6Ly9jYWNlcnRzLmRpZ2ljZXJ0\r\nLmNvbS9CYWx0aW1vcmVDeWJlclRydXN0Um9vdC5jcnQwOgYDVR0fBDMwMTAvoC2gK4YpaHR0cDov\r\nL2NybDMuZGlnaWNlcnQuY29tL09tbmlyb290MjAyNS5jcmwwPQYDVR0gBDYwNDALBglghkgBhv1s\r\nAgEwBwYFZ4EMAQEwCAYGZ4EMAQIBMAgGBmeBDAECAjAIBgZngQwBAgMwDQYJKoZIhvcNAQELBQAD\r\nggEBADOP/3F1jZdadZfbmTfTRjJXHHjisxhiFlVL87cG9PLYIgn5E3xfuGKBnaGXnfdGlPBQuwB2\r\nlKIUA1/JuE5CYF//6Kpa087EDV+Vn3pJ04VkIibNi48Efjs6ROSWPeSd/CzqXB15LbeLB8v7tm4f\r\nsD7CRhERJJUfVkGP8s9249cy7V63SovqP6EYQhFxP0lwJUbzhmMNx37mjnK9dMiKhNKhGQ2KUBdH\r\n/NuiuBL11h2mFowSiuNq6sGBNv9JwwKBHQQ05jhzxXEJiw9lcCYg+2yIk5p6IY4ArdAwi4oZ4knE\r\noyyUmOQy/MkTEdsSptaEbOoBncTBFX2YkXulNYTPyz4=\r\n-----END
        CERTIFICATE-----\r\n"},{"pem":"-----BEGIN CERTIFICATE-----\r\nMIIEtjCCA56gAwIBAgIQCv1eRG9c89YADp5Gwibf9jANBgkqhkiG9w0BAQsFADBhMQswCQYDVQQG\r\nEwJVUzEVMBMGA1UEChMMRGlnaUNlcnQgSW5jMRkwFwYDVQQLExB3d3cuZGlnaWNlcnQuY29tMSAw\r\nHgYDVQQDExdEaWdpQ2VydCBHbG9iYWwgUm9vdCBHMjAeFw0yMjA0MjgwMDAwMDBaFw0zMjA0Mjcy\r\nMzU5NTlaMEcxCzAJBgNVBAYTAlVTMR4wHAYDVQQKExVNaWNyb3NvZnQgQ29ycG9yYXRpb24xGDAW\r\nBgNVBAMTD01TRlQgUlMyNTYgQ0EtMTCCASIwDQYJKoZIhvcNAQEBBQADggEPADCCAQoCggEBAMiJ\r\nV34oeVNHI0mZGh1Rj9mdde3zSY7IhQNqAmRaTzOeRye8QsfhYFXSiMW25JddlcqaqGJ9GEMcJPWB\r\nIBIEdNVYl1bB5KQOl+3m68p59Pu7npC74lJRY8F+p8PLKZAJjSkDD9ExmjHBlPcRrasgflPom3D0\r\nXB++nB1y+WLn+cB7DWLoj6qZSUDyWwnEDkkjfKee6ybxSAXq7oORPe9o2BKfgi7dTKlOd7eKhotw\r\n96yIgMx7yigE3Q3ARS8m+BOFZ/mx150gdKFfMcDNvSkCpxjVWnk//icrrmmEsn2xJbEuDCvtoSNv\r\nGIuCXxqhTM352HGfO2JKAF/Kjf5OrPn2QpECAwEAAaOCAYIwggF+MBIGA1UdEwEB/wQIMAYBAf8C\r\nAQAwHQYDVR0OBBYEFAyBfpQ5X8d3on8XFnk46DWWjn+UMB8GA1UdIwQYMBaAFE4iVCAYlebjbuYP\r\n+vq5Eu0GF485MA4GA1UdDwEB/wQEAwIBhjAdBgNVHSUEFjAUBggrBgEFBQcDAQYIKwYBBQUHAwIw\r\ndgYIKwYBBQUHAQEEajBoMCQGCCsGAQUFBzABhhhodHRwOi8vb2NzcC5kaWdpY2VydC5jb20wQAYI\r\nKwYBBQUHMAKGNGh0dHA6Ly9jYWNlcnRzLmRpZ2ljZXJ0LmNvbS9EaWdpQ2VydEdsb2JhbFJvb3RH\r\nMi5jcnQwQgYDVR0fBDswOTA3oDWgM4YxaHR0cDovL2NybDMuZGlnaWNlcnQuY29tL0RpZ2lDZXJ0\r\nR2xvYmFsUm9vdEcyLmNybDA9BgNVHSAENjA0MAsGCWCGSAGG/WwCATAHBgVngQwBATAIBgZngQwB\r\nAgEwCAYGZ4EMAQICMAgGBmeBDAECAzANBgkqhkiG9w0BAQsFAAOCAQEAdYWmf+ABklEQShTbhGPQ\r\nmH1c9BfnEgUFMJsNpzo9dvRj1Uek+L9WfI3kBQn97oUtf25BQsfckIIvTlE3WhA2Cg2yWLTVjH0N\r\ny03dGsqoFYIypnuAwhOWUPHAu++vaUMcPUTUpQCbeC1h4YW4CCSTYN37D2Q555wxnni0elPj9O0p\r\nymWS8gZnsfoKjvoYi/qDPZw1/TSRpenOgI6XjmlmPLBrk4LIw7P7PPg4uXUpCzzeybvARG/NIIkF\r\nv1eRYIbDF+bIkZbJQFdB9BjjlA4ukAg2YkOyCiB8eXTBi2APaceh3+uBLIgLk8ysy52g2U3gP7Q2\r\n6Jlgq/xKzj3O9hFh/g==\r\n-----END
        CERTIFICATE-----\r\n"},{"pem":"-----BEGIN CERTIFICATE-----\r\nMIIHmDCCBYCgAwIBAgITMwAAAC/68G9ml+JGnAAAAAAALzANBgkqhkiG9w0BAQwFADBlMQswCQYD\r\nVQQGEwJVUzEeMBwGA1UEChMVTWljcm9zb2Z0IENvcnBvcmF0aW9uMTYwNAYDVQQDEy1NaWNyb3Nv\r\nZnQgUlNBIFJvb3QgQ2VydGlmaWNhdGUgQXV0aG9yaXR5IDIwMTcwHhcNMjEwNjI0MjA1NzM1WhcN\r\nMjYwNjI0MjA1NzM1WjBbMQswCQYDVQQGEwJVUzEeMBwGA1UEChMVTWljcm9zb2Z0IENvcnBvcmF0\r\naW9uMSwwKgYDVQQDEyNNaWNyb3NvZnQgUlNBIFRMUyBJc3N1aW5nIEFPQyBDQSAwMTCCAiIwDQYJ\r\nKoZIhvcNAQEBBQADggIPADCCAgoCggIBAKAYz8zB6I+LeiWYURf1QUaISydvRgxWfcc6UvEiwvry\r\nj2UsRfFuREo2ErLTvP9qQ9E0YBTyWEqI2TXn4jo2uZ2cpGODiQQWlixeaAFcYgSqLzidFXj401vz\r\nQsz4E0zylD/ZeY+xkQ6xrdg5312x2u2Ap7AWLzqolZHZgR0aicn9gcO6M4qn6Uuge8mOve1N7U6j\r\n8ebhSiw0KlkzY9ha1Kvrez+NXQdeLC+VPDWPPPlBWeysTnIM6dusbV1v2/C7Ooz9TuGb8wiXRriP\r\npI7+igSIPqBebF00rHGJDmx9eN3g78VF9JpTrrRkV8alpMYVZKAh9IzMp9NWVZsw5wgZaX2W05Sa\r\nXkSHP3zROBANhKzwkBkCcDMbmF1LFOk+wgkcEtFlKEnfgvOQVHTp02gTzyhSxstw0buon4CyZAm1\r\nL+6bJJ+puNL8HuLTJxq1mqiaY0T50olJeySSX5uJBo/l29Pz+0WjANnhRLVqe5xdxPV11QGHDxnv\r\nsXaMgC4y/5sLo5v4UEZT+4VDcKiRHReusJD+kUt92FSYqWTKxs6zwuxf25as/rJbZT99o9QVFLfH\r\nEs6DgHKNIqQuVxZxH0T3M6XqfmnRTo1FrD8ip/93Q4zQta5S9whe/sAxpizwyMw/9fhBDHGVHfgF\r\nV1C0EP9zxkyHEya0CGAMhbzp+0Y/ZYxrAgMBAAGjggJJMIICRTAOBgNVHQ8BAf8EBAMCAYYwEAYJ\r\nKwYBBAGCNxUBBAMCAQAwHQYDVR0OBBYEFOtMMXw9PzK4g9fF23va5HjanBRXMB0GA1UdJQQWMBQG\r\nCCsGAQUFBwMBBggrBgEFBQcDAjAZBgkrBgEEAYI3FAIEDB4KAFMAdQBiAEMAQTASBgNVHRMBAf8E\r\nCDAGAQH/AgEAMB8GA1UdIwQYMBaAFAnLWX+GsnCPGsM548DZ6b+7TbIjMHAGA1UdHwRpMGcwZaBj\r\noGGGX2h0dHA6Ly93d3cubWljcm9zb2Z0LmNvbS9wa2lvcHMvY3JsL01pY3Jvc29mdCUyMFJTQSUy\r\nMFJvb3QlMjBDZXJ0aWZpY2F0ZSUyMEF1dGhvcml0eSUyMDIwMTcuY3JsMIGuBggrBgEFBQcBAQSB\r\noTCBnjBtBggrBgEFBQcwAoZhaHR0cDovL3d3dy5taWNyb3NvZnQuY29tL3BraW9wcy9jZXJ0cy9N\r\naWNyb3NvZnQlMjBSU0ElMjBSb290JTIwQ2VydGlmaWNhdGUlMjBBdXRob3JpdHklMjAyMDE3LmNy\r\ndDAtBggrBgEFBQcwAYYhaHR0cDovL29uZW9jc3AubWljcm9zb2Z0LmNvbS9vY3NwMHAGA1UdIARp\r\nMGcwCAYGZ4EMAQIBMAgGBmeBDAECAjBRBgwrBgEEAYI3TIN9AQEwQTA/BggrBgEFBQcCARYzaHR0\r\ncDovL3d3dy5taWNyb3NvZnQuY29tL3BraW9wcy9Eb2NzL1JlcG9zaXRvcnkuaHRtMA0GCSqGSIb3\r\nDQEBDAUAA4ICAQAkucWkMrgs2ahYrG7y4sY2yZno4f9TGyk7p+Srg4Yz/g7LmVeyOob9o579Omw9\r\nAiyeDK8Y/dXnTTof+sKJrlNTpIzyEBkzCiGGkWtp7x2yxLCm12L65wtmD/6OAV9Bm1kOhf3p7v+d\r\n3gtFt7cw46W35lr+fguy62s7uuytTV9hfhQ0pp2E2E9F6B7U71jR4bC+6zGq+34AmqTirjKHwXOh\r\nWDRDpEJIkaFAh+qdz/nqJktZj3n5GdC94jfWrMUJjClGjlc4+Ws3AxN46oFpx8oIXDG9wIPfFhUf\r\n0SdnCYJL8TD5+qBNp0H5q/V2R31Wi8rijHGQ4CxHqzP5VJbjgvRQgxAp39BrmLQ+JSvf9e5VqQqa\r\nH4NYgpB1WObq12B73BJHjBOvpRrULFjPqDW8sPRBzBTRXkXOPEdZbzQj6O/CWEFsg6ilO4thk3n3\r\ndrb9FEJjVh9uGtRXV6Ea5bNaPvJppZNXb7M9mORk3mddx/K1FgOETQE3quh+mU4ojbSRUWMVmjcb\r\n6bKF5oQd+Q0do4yaEIfH1oVnIas/FIE/xu3Z4fvBs0qdiNLCeNT6uS26vqD2PEvVlFWb683Do3Ls\r\n59MMCxhy6Erb7kFQgu1oUWXGFhbMQkeLN4TXGi6X3loXYfING9omnWa/udxvPRwAZmcHU2l2W8cw\r\nVXiy6uucsh3kPQ==\r\n-----END
        CERTIFICATE-----\r\n"},{"pem":"-----BEGIN CERTIFICATE-----\r\nMIIFqDCCA5CgAwIBAgIQHtOXCV/YtLNHcB6qvn9FszANBgkqhkiG9w0BAQwFADBlMQswCQYDVQQG\r\nEwJVUzEeMBwGA1UEChMVTWljcm9zb2Z0IENvcnBvcmF0aW9uMTYwNAYDVQQDEy1NaWNyb3NvZnQg\r\nUlNBIFJvb3QgQ2VydGlmaWNhdGUgQXV0aG9yaXR5IDIwMTcwHhcNMTkxMjE4MjI1MTIyWhcNNDIw\r\nNzE4MjMwMDIzWjBlMQswCQYDVQQGEwJVUzEeMBwGA1UEChMVTWljcm9zb2Z0IENvcnBvcmF0aW9u\r\nMTYwNAYDVQQDEy1NaWNyb3NvZnQgUlNBIFJvb3QgQ2VydGlmaWNhdGUgQXV0aG9yaXR5IDIwMTcw\r\nggIiMA0GCSqGSIb3DQEBAQUAA4ICDwAwggIKAoICAQDKW76UM4wplZEWCpW9R2LBifOZNt9GkMml\r\n7Xhqb0eRaPgnZ1AzHaGm++DlQ6OEAlcBXZxIQIJTELy/xztokLaCLeX0ZdDMbRnMlfl7rEqUrQ7e\r\nS0MdhweSE5CAg2Q1OQT85elss7YfUJQ4ZVBcF0a5toW1HLUX6NZFndiyJrDKxHBKrmCk3bPZ7Pw7\r\n1VdyvD/IybLeS2v4I2wDwAW9lcfNcztmgGTjGqwu+UcF8ga2m3P1eDNbx6H7JyqhtJqRjJHTOoI+\r\ndkC0zVJhUXAoP8XFWvLJjEm7FFtNyP9nTUwSlq31/niol4fX/V4ggNyhSyL71Imtus5Hl0dVe49F\r\nyGcohJUcaDDv70ngNXtk55iwlNpNhTs+VcQor1fznhPbRiefHqJeRIOkpcrVE7NLP8TjwuaGYaRS\r\nMLl6IE9vDzhTyzMMEyuP1pq9KsgtsRx9S1HKR9FIJ3Jdh+vVReZIZZ2vUpC6W6IYZVcSn2i51BVr\r\nlMRpIpj0M+Dt+VGOQVDJNE92kKz8OMHY4Xu54+OU4UZpyw4KUGsTuqwPN1q3ErWQgR5WrlcihtnJ\r\n0tHXUeOrO8ZV/R4O03QK0dqq6mm4lyiPSMQH+FJDOvTKVTUssKZqwJz58oHhEmrARdlns87/I6KJ\r\nClTUFLkqqNfs+avNJVgyeY+QW5g5xAgGwax/Dj0ApQIDAQABo1QwUjAOBgNVHQ8BAf8EBAMCAYYw\r\nDwYDVR0TAQH/BAUwAwEB/zAdBgNVHQ4EFgQUCctZf4aycI8awznjwNnpv7tNsiMwEAYJKwYBBAGC\r\nNxUBBAMCAQAwDQYJKoZIhvcNAQEMBQADggIBAKyvPl3CEZaJjqPnktaXFbgToqZCLgLNFgVZJ8og\r\n6Lq46BrsTaiXVq5lQ7GPAJtSzVXNUzltYkyLDVt8LkS/gxCP81OCgMNPOsduET/m4xaRhPtthH80\r\ndK2Jp86519efhGSSvpWhrQlTM93uCupKUY5vVau6tZRGrox/2KJQJWVggEbbMwSubLWYdFQl3JPk\r\n+ONVFT24bcMKpBLBaYVu32TxU5nhSnUgnZUP5NbcA/FZGOhHibJXWpS2qdgXKxdJ5XbLwVaZOjex\r\n/2kskZGT4d9Mozd2TaGf+G0eHdP67Pv0RR0Tbc/3WeUiJ3IrhvNXuzDtJE3cfVa7o7P4NHmJweDy\r\nAmH3pvwPuxwXC65B2Xy9J6P9LjrRk5Sxcx0ki69bIImtt2dmefU6xqaWM/5TkshGsRGRxpl/j8nW\r\nZjEgQRCHLQzWwa80mMpkg/sTV9HB8Dx6jKXB/ZUhoHHBk2dxEuqPiAppGWSZI1b7rCoucL5mxAyE\r\n7+WL85MB+GqQk2dLsmijtWKP6T+MejteD+eMuMZ87zf9dOLITzNy4ZQ5bb0Sr74MTnB8G2+NszKT\r\nc0QWbej09+CVgI+WXTik9KveCjCHk9hNAHFiRSdLOkKEW39lt2c0Ui2cFmuqqNh7o0JMcccMyj6D\r\n5KbvtwEwXlGjefVwaaZBRA+GsCyRxj3qrg+E\r\n-----END
        CERTIFICATE-----\r\n"},{"pem":"-----BEGIN CERTIFICATE-----\r\nMIIHmDCCBYCgAwIBAgITMwAAADJETXUhNBSWqQAAAAAAMjANBgkqhkiG9w0BAQwFADBlMQswCQYD\r\nVQQGEwJVUzEeMBwGA1UEChMVTWljcm9zb2Z0IENvcnBvcmF0aW9uMTYwNAYDVQQDEy1NaWNyb3Nv\r\nZnQgUlNBIFJvb3QgQ2VydGlmaWNhdGUgQXV0aG9yaXR5IDIwMTcwHhcNMjEwNjI0MjA1NzQwWhcN\r\nMjYwNjI0MjA1NzQwWjBbMQswCQYDVQQGEwJVUzEeMBwGA1UEChMVTWljcm9zb2Z0IENvcnBvcmF0\r\naW9uMSwwKgYDVQQDEyNNaWNyb3NvZnQgUlNBIFRMUyBJc3N1aW5nIEVPQyBDQSAwMjCCAiIwDQYJ\r\nKoZIhvcNAQEBBQADggIPADCCAgoCggIBAL28YfGMKaaA3aFSX4S0CqcMBgt6nWcNV3mlKE9XH2yi\r\nEQJf3xOAW+22DPRcbpjMkfj7m88h4GbKblK2VTyhjdHDCnHwi7f1Q5zY/H8XWLqiPYfKPAuq53QD\r\n5o5wPjyfMCouFwOzEkUBAN7xlpkiRkN0G4OI2miP3Jx7GecbmyqJnbdL6C84iKH4j8PN10KNLtTR\r\na6W0LjZHEQFoIrIQ/+VqXpBW/AoSGek6+anEZkRBtZ5AxRV0P/aQXhE5+Mxiv18T3aYXB5+cImcx\r\ncWXIlITDydAYO+P8RgM2PZ95QjUagR33+4zkoopss/XH0FtdjmdTLa9pyXXIFjy94jnqZbo1sGgF\r\nVyFx2vdcnk0ssH8VbS20amKsRsbhBfVaFQX1j0KRgepL+KW50EYhoTXEiB7TgT7agqpDivWJ5o5s\r\n7f9/YrHi/+gNQLyVdsvBovL6N6lzjXpy0wTlQv+IIHwzDu7mRu+aFR+gwsB/LF+VtTtxbK3l9deI\r\nqikgyRrQHcjFhkeF26R9bmgPgV4vGOEJBlctLiJ29Ihiy4y00tu346bSnvxDGSxKHQz+KE4fTYyR\r\n/XgIasIUwmW12sB6NhdkCJTE9KBPrN3tWzaiPNvKnvcGG2vZ2jXvmBOXsq46R9iiQ6e3ywU9+lLe\r\nOeXMvMeIxSUCEX89F1vL4+vwe9/CIf6BAgMBAAGjggJJMIICRTAOBgNVHQ8BAf8EBAMCAYYwEAYJ\r\nKwYBBAGCNxUBBAMCAQAwHQYDVR0OBBYEFMmEljhzpi5LGGptRNWUo300psf3MB0GA1UdJQQWMBQG\r\nCCsGAQUFBwMBBggrBgEFBQcDAjAZBgkrBgEEAYI3FAIEDB4KAFMAdQBiAEMAQTASBgNVHRMBAf8E\r\nCDAGAQH/AgEAMB8GA1UdIwQYMBaAFAnLWX+GsnCPGsM548DZ6b+7TbIjMHAGA1UdHwRpMGcwZaBj\r\noGGGX2h0dHA6Ly93d3cubWljcm9zb2Z0LmNvbS9wa2lvcHMvY3JsL01pY3Jvc29mdCUyMFJTQSUy\r\nMFJvb3QlMjBDZXJ0aWZpY2F0ZSUyMEF1dGhvcml0eSUyMDIwMTcuY3JsMIGuBggrBgEFBQcBAQSB\r\noTCBnjBtBggrBgEFBQcwAoZhaHR0cDovL3d3dy5taWNyb3NvZnQuY29tL3BraW9wcy9jZXJ0cy9N\r\naWNyb3NvZnQlMjBSU0ElMjBSb290JTIwQ2VydGlmaWNhdGUlMjBBdXRob3JpdHklMjAyMDE3LmNy\r\ndDAtBggrBgEFBQcwAYYhaHR0cDovL29uZW9jc3AubWljcm9zb2Z0LmNvbS9vY3NwMHAGA1UdIARp\r\nMGcwCAYGZ4EMAQIBMAgGBmeBDAECAjBRBgwrBgEEAYI3TIN9AQEwQTA/BggrBgEFBQcCARYzaHR0\r\ncDovL3d3dy5taWNyb3NvZnQuY29tL3BraW9wcy9Eb2NzL1JlcG9zaXRvcnkuaHRtMA0GCSqGSIb3\r\nDQEBDAUAA4ICAQCdEQ+ePCPMaq87pCqCJKdniTeRKIYI/jv15KRw89WoYi7H+XWz8v2MawuffAuF\r\n/LS+CKq9pIh2RlR7oLeymU6ZKQ+HKLDNkKAyEbSqvVjg0sQGOYDNu1SIOwywkZFLowWtzetCOzhN\r\nE/ujq2H0Lz6biPK7cgK+2afg5iJfy2N9bftR7MKV1jcidk5JbMyMJWPnHirS4erYiQymmvive2mr\r\njewZAykUkqTuGtNuumnQtaDm+aW7c+SJkn7uhTavShnLZeH8LfA5+I+obJg22ZNvg5KSQ0Sglsi2\r\n0uSuVnzAvIjaOvWlIxcBnhLIKuxUChPcT9+3shfmvEa0iJEArOI8m9YJ4H54Xu0sI6VVdSQA23BW\r\nkA6uLQU9EPzJ+oSAumXUXKV/MeHmU3iai2Guf1EMf3JdaIdGlAU9o/seIUa/Ht98xo7oao8Ge/kT\r\nQG0IQTGUhIloQzjMALlNrcmekKVwVTFTVKEWil1XKckDWr0UaeTghY2YXItR8qznKNPIwCKOiEYy\r\npQ05uZRpTT5YmBR28/ffac8OLr1avAlK8N52nkg319gMYbtwkjpjCitTnZkmis8LDfafRxq+DD0R\r\nsLbH1B6Ajbthiz6KN3GnG6GpNw2vuKVYohLQ2of+f2f/cMwjFU79PQGL7+70lverGFlpuhcdt7XZ\r\nEzawCYwdiBi+KA==\r\n-----END
        CERTIFICATE-----\r\n"},{"pem":"-----BEGIN CERTIFICATE-----\r\nMIIHmDCCBYCgAwIBAgITMwAAADDHVsyI9cHn6wAAAAAAMDANBgkqhkiG9w0BAQwFADBlMQswCQYD\r\nVQQGEwJVUzEeMBwGA1UEChMVTWljcm9zb2Z0IENvcnBvcmF0aW9uMTYwNAYDVQQDEy1NaWNyb3Nv\r\nZnQgUlNBIFJvb3QgQ2VydGlmaWNhdGUgQXV0aG9yaXR5IDIwMTcwHhcNMjEwNjI0MjA1NzM3WhcN\r\nMjYwNjI0MjA1NzM3WjBbMQswCQYDVQQGEwJVUzEeMBwGA1UEChMVTWljcm9zb2Z0IENvcnBvcmF0\r\naW9uMSwwKgYDVQQDEyNNaWNyb3NvZnQgUlNBIFRMUyBJc3N1aW5nIEFPQyBDQSAwMjCCAiIwDQYJ\r\nKoZIhvcNAQEBBQADggIPADCCAgoCggIBALMPi6Bpg5qJHcamm8fFfU2hj27RSRFp614v82PPoLeK\r\neJwRetr+Up5NAi7FN1EO/zu9b4TU4i7HRaDKnVrPMQdWkh5BcKQxicpXgnMvN0FRtMA7Bo7WVTJz\r\nw6THkB88ARRYlQz9HdctBd+AfL27oWZ9MJo2lJ8v+3jxj3BMaKbiYVLmabDn/Arm5J7ThYaRduhy\r\nu22/kMFtVk5bqhg+jg7GPvdCaLnRuV1SvEdb+ZkQ8dT/bEWYugnoDfX8x10b+jFT1G1wpnNK7bWM\r\nU3NVJL1y8h7/ZNBNloyjqdrn0NeUdaqp95EI6ER5CRpGyNq7/tCjr2vhJIumZzr+abEZfBq6ML2m\r\ngoa83jwcR6xMkmSOwPeE7F6MlVN5MrTx1Fco3VMIrzOLfzwUkZ2385grAjY7S10olouk//xOwo7c\r\nkVTZKVBlL2jAtDVXCYwrTPdyx9SLfJrYVAN+kfa1wqR4/I7xgK6gXhf+Gn5PBktIYiY7QX7Q/CdF\r\nrSFIKrZOWyqj9okUC+pMOu7AKbQHeBJDz//UsS7cxkCzptBPmta5AH69PlgJdZEFYOFT8PHfF/EF\r\nbIlHwP+vyKzg1EMnRsCB5tt4RZ8Bw44Md6mtR5PYbSBGnQFxcr6BBZJl6cVdQZGzk6FvoYM3uhQV\r\nrxBEbVUfBweskghG+kyBd0fAB3ZshGJ5AgMBAAGjggJJMIICRTAOBgNVHQ8BAf8EBAMCAYYwEAYJ\r\nKwYBBAGCNxUBBAMCAQAwHQYDVR0OBBYEFIqWwoENV4pCzjD5uMGdDB5Tpk/lMB0GA1UdJQQWMBQG\r\nCCsGAQUFBwMBBggrBgEFBQcDAjAZBgkrBgEEAYI3FAIEDB4KAFMAdQBiAEMAQTASBgNVHRMBAf8E\r\nCDAGAQH/AgEAMB8GA1UdIwQYMBaAFAnLWX+GsnCPGsM548DZ6b+7TbIjMHAGA1UdHwRpMGcwZaBj\r\noGGGX2h0dHA6Ly93d3cubWljcm9zb2Z0LmNvbS9wa2lvcHMvY3JsL01pY3Jvc29mdCUyMFJTQSUy\r\nMFJvb3QlMjBDZXJ0aWZpY2F0ZSUyMEF1dGhvcml0eSUyMDIwMTcuY3JsMIGuBggrBgEFBQcBAQSB\r\noTCBnjBtBggrBgEFBQcwAoZhaHR0cDovL3d3dy5taWNyb3NvZnQuY29tL3BraW9wcy9jZXJ0cy9N\r\naWNyb3NvZnQlMjBSU0ElMjBSb290JTIwQ2VydGlmaWNhdGUlMjBBdXRob3JpdHklMjAyMDE3LmNy\r\ndDAtBggrBgEFBQcwAYYhaHR0cDovL29uZW9jc3AubWljcm9zb2Z0LmNvbS9vY3NwMHAGA1UdIARp\r\nMGcwCAYGZ4EMAQIBMAgGBmeBDAECAjBRBgwrBgEEAYI3TIN9AQEwQTA/BggrBgEFBQcCARYzaHR0\r\ncDovL3d3dy5taWNyb3NvZnQuY29tL3BraW9wcy9Eb2NzL1JlcG9zaXRvcnkuaHRtMA0GCSqGSIb3\r\nDQEBDAUAA4ICAQCKnn44AnDZSahvJeSdxx3trgl8XI+IiQ/+O9Uj55D32IO8PN2AWoSDhmgiWXyw\r\nN3WdM6HrJoJAaJgiZitql68aNdqcW2VILRdvNdWj25may+YQY4GIfAmrfLEHJXLZNljfOi+BvLS7\r\nRyk2fmNx6E2Pi8+ZGWwJeBVpfHuFsWG2gmiD3ZpTryOPZLs2+nwiHTmnwUQRp4jX5Zxq3d6Ee/Zp\r\nPNO0u0SAJ4fE5WXiec1uzpbcAtziMG1weo3fW4apTHffzdzuJ/VSoQSgcvCko/SYLthxNYVDyA9D\r\nbYJPLAiVkaqQXOMl39BD/cD8DrOrAoTA/M1Sdx9G+gcXtXkgBa1wLzQ3vaKysOyRuBsIXvjyU8oe\r\n7iEX9N3JAe8qqSZVgqtyb5x/st23PzdnfeH95ExT/EyQevOIN9mfTCs0ywkU2A1ruL/wgHhKl5AK\r\n2aEzdoYqcueYG0BZxCcc4jWUaKwKpLXk1xP+EALGgJnSrPaqwOIGRu5s7ER5ZMkrKEQQDboa83Pz\r\nyIXeKWyLyiqztRZ4KZTmIbe5le4u+QWhPZ57Hv4BP6HKH+R41Fy5iXq7oXNeW9d9dumNzsk1rKow\r\n+LkotQfC9Owgoi4+aZpLW9lrwt3n41hfHu5GlNhv0f3J1XQFoimVPqas7J793+QfvhL9weeouO4m\r\nRj8ZD6RQFn5qjA==\r\n-----END
        CERTIFICATE-----\r\n"},{"pem":"-----BEGIN CERTIFICATE-----\r\nMIIHmDCCBYCgAwIBAgITMwAAADEMSRSxjI8zmgAAAAAAMTANBgkqhkiG9w0BAQwFADBlMQswCQYD\r\nVQQGEwJVUzEeMBwGA1UEChMVTWljcm9zb2Z0IENvcnBvcmF0aW9uMTYwNAYDVQQDEy1NaWNyb3Nv\r\nZnQgUlNBIFJvb3QgQ2VydGlmaWNhdGUgQXV0aG9yaXR5IDIwMTcwHhcNMjEwNjI0MjA1NzM5WhcN\r\nMjYwNjI0MjA1NzM5WjBbMQswCQYDVQQGEwJVUzEeMBwGA1UEChMVTWljcm9zb2Z0IENvcnBvcmF0\r\naW9uMSwwKgYDVQQDEyNNaWNyb3NvZnQgUlNBIFRMUyBJc3N1aW5nIEVPQyBDQSAwMTCCAiIwDQYJ\r\nKoZIhvcNAQEBBQADggIPADCCAgoCggIBAL7Z8OMcWj3FKKBLKIQ2CBoe0HICBLmagHZmQpECgsmD\r\nRXqA6QcLQPzwZUvQLUvRITLaGshy0zuL27fT9hD0YRFFQyUcVDVWVyOaChL0H2Lhsie3nnKe2ivo\r\nenWrPx00CSU9ONVlyihtur7Jga1lA8nxYmmZTONVGilZoBrQ3kJBfJmrdTPbcjQtqi+8ok/cvY0f\r\n5UdMtGroBJOwFtwRDCckV/qExILfI/9bibWlYBX1iecZF2JwGxEWD8qP8BV+cVleMB5rhIIcs9DH\r\n2SFMwok+lctQB68WYEskbhXfIrS4xHldcHrYxMWdPrdKPLFXHUaE7UJIovyBDvzDfoGRMzSy5DOE\r\nTnghTByzz/87GB0aM2k17oLGafN2yHRUT7+XxNFqoSSLt2siuBbwelsnaGitq40HCLbfrNTWjRv5\r\nFiAuqygpgBF+RclWH8HHHii7lLHGsPARssdlffk7J7+Nb7x5SOo8J6sSTrqk4N/nP7Z1FPqUG6qU\r\n2tcCDVsRh4qb5LzqHl7SpoJzAP+vIBGkRH4At1gRpkJzdg8FWqtzQ5wX5MQnB62OPnYTyFByStAQ\r\nC3puN8FCtlurm74gqdIdR6fYURbpH9OXag8Fa4qbmYbmnCQF/A2cLB1EOhjk4MGlmfp/aDdCTC+z\r\nMr9VTNTt5KkowSSWZ0wUpjUNZ9bRPzZPAgMBAAGjggJJMIICRTAOBgNVHQ8BAf8EBAMCAYYwEAYJ\r\nKwYBBAGCNxUBBAMCAQAwHQYDVR0OBBYEFHMIeJP51amco3d+ETR0/0UycbeDMB0GA1UdJQQWMBQG\r\nCCsGAQUFBwMBBggrBgEFBQcDAjAZBgkrBgEEAYI3FAIEDB4KAFMAdQBiAEMAQTASBgNVHRMBAf8E\r\nCDAGAQH/AgEAMB8GA1UdIwQYMBaAFAnLWX+GsnCPGsM548DZ6b+7TbIjMHAGA1UdHwRpMGcwZaBj\r\noGGGX2h0dHA6Ly93d3cubWljcm9zb2Z0LmNvbS9wa2lvcHMvY3JsL01pY3Jvc29mdCUyMFJTQSUy\r\nMFJvb3QlMjBDZXJ0aWZpY2F0ZSUyMEF1dGhvcml0eSUyMDIwMTcuY3JsMIGuBggrBgEFBQcBAQSB\r\noTCBnjBtBggrBgEFBQcwAoZhaHR0cDovL3d3dy5taWNyb3NvZnQuY29tL3BraW9wcy9jZXJ0cy9N\r\naWNyb3NvZnQlMjBSU0ElMjBSb290JTIwQ2VydGlmaWNhdGUlMjBBdXRob3JpdHklMjAyMDE3LmNy\r\ndDAtBggrBgEFBQcwAYYhaHR0cDovL29uZW9jc3AubWljcm9zb2Z0LmNvbS9vY3NwMHAGA1UdIARp\r\nMGcwCAYGZ4EMAQIBMAgGBmeBDAECAjBRBgwrBgEEAYI3TIN9AQEwQTA/BggrBgEFBQcCARYzaHR0\r\ncDovL3d3dy5taWNyb3NvZnQuY29tL3BraW9wcy9Eb2NzL1JlcG9zaXRvcnkuaHRtMA0GCSqGSIb3\r\nDQEBDAUAA4ICAQBw7zk6D2kKZzdRQNSGTtOtfssB4MjYgEKeeTtzmgz8B2HO654S0WPHIn2EFV5s\r\nJgn3WzMKGCRizxKq00ulUOBJQpPx3x1DnW2LgWXNBWtcXzSBpAyeQf2BWa08BzqbmQ2uG8k96A4x\r\nUvYk2HmQioyDk+f9+o5tlHXlf8IKx1joSahaLEmGwBOCQFC6JbUYIVgOeS1hf7gNRyM8QWPR5D5M\r\n9qMVyGNoTt3fIXHxgbDuNHhEGPpiv9FWlzMT8jKFtURutEYmhg3Y6Qr/QXbbeaN4Ow5UiS5/Tr4A\r\nQEaU6Yoc3qvKFdoOV9Fjp7Ze4UmRv81LoQrzuS7vAP5iW3mB/n2jzCHdNIKX/qHDYU4qjC+aZFqq\r\nT9rUpWnYW9qsPhTi8LORsn7fvPuL1ecVgkUB3F/1z9udnfjhG1sjt3hj0NXJc1qnYGDhiKLJHeU9\r\nMSFUlBieVUSV2m+0q8WHPjLiJBHiZbt/gleHbdTb+WPCFa3LCPbLuqiK+KKAsWvtuJs26KegodyE\r\nfvFz753D3fLWMfRZBZgRTKJODA5Vb899QyzsUSXBMX7+oYE4A9o9yc8rvzTWoMuEw3UhCdfTKrE0\r\nuKg4FSYi1W5UMdjlMdACoCh2aCp7jNiLt6wtSZIzG27MNIz/bWTFmcRoN9xh4Lbj7b5tfuIop8cZ\r\ndKuCtnRBx5mK8w==\r\n-----END
        CERTIFICATE-----\r\n"},{"pem":"-----BEGIN CERTIFICATE-----\r\nMIIESTCCA8+gAwIBAgITMwAAACgr/SPn0a3XBwAAAAAAKDAKBggqhkjOPQQDAzBlMQswCQYDVQQG\r\nEwJVUzEeMBwGA1UEChMVTWljcm9zb2Z0IENvcnBvcmF0aW9uMTYwNAYDVQQDEy1NaWNyb3NvZnQg\r\nRUNDIFJvb3QgQ2VydGlmaWNhdGUgQXV0aG9yaXR5IDIwMTcwHhcNMjEwNjI0MTk1ODM2WhcNMjYw\r\nNjI0MTk1ODM2WjBbMQswCQYDVQQGEwJVUzEeMBwGA1UEChMVTWljcm9zb2Z0IENvcnBvcmF0aW9u\r\nMSwwKgYDVQQDEyNNaWNyb3NvZnQgRUNDIFRMUyBJc3N1aW5nIEFPQyBDQSAwMTB2MBAGByqGSM49\r\nAgEGBSuBBAAiA2IABMBXcHExvrYrhw7v30oPR4aBaMne5o0FtTtbMV7iqVhTJDQSWDEJhr528nyS\r\n6jcLLu9pLXQMJYxVd7bz4wWXgVtZnnbQ7trAAIPWVh5B6f5eJf5OQ7w7AwJgz3snP5Hx16OCAkkw\r\nggJFMA4GA1UdDwEB/wQEAwIBhjAQBgkrBgEEAYI3FQEEAwIBADAdBgNVHQ4EFgQUMVu5zlEbfNGq\r\nA8Dr7TZdwp3TieEwHQYDVR0lBBYwFAYIKwYBBQUHAwEGCCsGAQUFBwMCMBkGCSsGAQQBgjcUAgQM\r\nHgoAUwB1AGIAQwBBMBIGA1UdEwEB/wQIMAYBAf8CAQAwHwYDVR0jBBgwFoAUyMuZcnBSDPjmvrIE\r\nVykqz0IQ7TUwcAYDVR0fBGkwZzBloGOgYYZfaHR0cDovL3d3dy5taWNyb3NvZnQuY29tL3BraW9w\r\ncy9jcmwvTWljcm9zb2Z0JTIwRUNDJTIwUm9vdCUyMENlcnRpZmljYXRlJTIwQXV0aG9yaXR5JTIw\r\nMjAxNy5jcmwwga4GCCsGAQUFBwEBBIGhMIGeMG0GCCsGAQUFBzAChmFodHRwOi8vd3d3Lm1pY3Jv\r\nc29mdC5jb20vcGtpb3BzL2NlcnRzL01pY3Jvc29mdCUyMEVDQyUyMFJvb3QlMjBDZXJ0aWZpY2F0\r\nZSUyMEF1dGhvcml0eSUyMDIwMTcuY3J0MC0GCCsGAQUFBzABhiFodHRwOi8vb25lb2NzcC5taWNy\r\nb3NvZnQuY29tL29jc3AwcAYDVR0gBGkwZzAIBgZngQwBAgEwCAYGZ4EMAQICMFEGDCsGAQQBgjdM\r\ng30BATBBMD8GCCsGAQUFBwIBFjNodHRwOi8vd3d3Lm1pY3Jvc29mdC5jb20vcGtpb3BzL0RvY3Mv\r\nUmVwb3NpdG9yeS5odG0wCgYIKoZIzj0EAwMDaAAwZQIxANmPydUjlgj/2K77UnMeMkSGIgXzOhcT\r\nsixzZL+NmTR1Bq2hSPeA6Y3mn3lMlwxZmAIwIio6KrgItH4YmLWKd8QClIrE9QjbDlR7oFqaU3J3\r\n4bWbMlAEjRARdZhhQlNwdORe\r\n-----END
        CERTIFICATE-----\r\n"},{"pem":"-----BEGIN CERTIFICATE-----\r\nMIICWTCCAd+gAwIBAgIQZvI9r4fei7FK6gxXMQHC7DAKBggqhkjOPQQDAzBlMQswCQYDVQQGEwJV\r\nUzEeMBwGA1UEChMVTWljcm9zb2Z0IENvcnBvcmF0aW9uMTYwNAYDVQQDEy1NaWNyb3NvZnQgRUND\r\nIFJvb3QgQ2VydGlmaWNhdGUgQXV0aG9yaXR5IDIwMTcwHhcNMTkxMjE4MjMwNjQ1WhcNNDIwNzE4\r\nMjMxNjA0WjBlMQswCQYDVQQGEwJVUzEeMBwGA1UEChMVTWljcm9zb2Z0IENvcnBvcmF0aW9uMTYw\r\nNAYDVQQDEy1NaWNyb3NvZnQgRUNDIFJvb3QgQ2VydGlmaWNhdGUgQXV0aG9yaXR5IDIwMTcwdjAQ\r\nBgcqhkjOPQIBBgUrgQQAIgNiAATUvD0CQnVBEyPNgASGAlEvaqiBYgtlzPbKnR5vSmZRogPZnZH6\r\nthaxjG7efM3beaYvzrvOcS/lpaso7GMEZpn4+vKTEAXhgShC48Zo9OYbhGBKia/teQ87zvH2RPUB\r\neMCjVDBSMA4GA1UdDwEB/wQEAwIBhjAPBgNVHRMBAf8EBTADAQH/MB0GA1UdDgQWBBTIy5lycFIM\r\n+Oa+sgRXKSrPQhDtNTAQBgkrBgEEAYI3FQEEAwIBADAKBggqhkjOPQQDAwNoADBlAjBY8k3qDPlf\r\nXu5gKcs68tvWMoQZP3zVL8KxzJOuULsJMsbG7X7JNpQS5GiFBqIb0C8CMQCZ6Ra0DvpWSNSkMBaR\r\neNtUjGUBiudQZsIxtzm6uBoiB078a1QWIP8rtedMDE2mT3M=\r\n-----END
        CERTIFICATE-----\r\n"},{"pem":"-----BEGIN CERTIFICATE-----\r\nMIIESDCCA8+gAwIBAgITMwAAACkPimIi72pWlQAAAAAAKTAKBggqhkjOPQQDAzBlMQswCQYDVQQG\r\nEwJVUzEeMBwGA1UEChMVTWljcm9zb2Z0IENvcnBvcmF0aW9uMTYwNAYDVQQDEy1NaWNyb3NvZnQg\r\nRUNDIFJvb3QgQ2VydGlmaWNhdGUgQXV0aG9yaXR5IDIwMTcwHhcNMjEwNjI0MTk1ODM4WhcNMjYw\r\nNjI0MTk1ODM4WjBbMQswCQYDVQQGEwJVUzEeMBwGA1UEChMVTWljcm9zb2Z0IENvcnBvcmF0aW9u\r\nMSwwKgYDVQQDEyNNaWNyb3NvZnQgRUNDIFRMUyBJc3N1aW5nIEFPQyBDQSAwMjB2MBAGByqGSM49\r\nAgEGBSuBBAAiA2IABI7Zgbmjd2OumgotYraLtAF/obAK54drz/RFV2lzPGE0f3js0+CUCGTEOGdO\r\naB+7fODrVJ84rKJPRPS/pEc8k80WepwWMYri+yoA7OlAQFiyIqk900jUel2o9LBoBNr72qOCAkkw\r\nggJFMA4GA1UdDwEB/wQEAwIBhjAQBgkrBgEEAYI3FQEEAwIBADAdBgNVHQ4EFgQU3tzXbCOZQ+qs\r\n7ci3HRhYgDZLjfQwHQYDVR0lBBYwFAYIKwYBBQUHAwEGCCsGAQUFBwMCMBkGCSsGAQQBgjcUAgQM\r\nHgoAUwB1AGIAQwBBMBIGA1UdEwEB/wQIMAYBAf8CAQAwHwYDVR0jBBgwFoAUyMuZcnBSDPjmvrIE\r\nVykqz0IQ7TUwcAYDVR0fBGkwZzBloGOgYYZfaHR0cDovL3d3dy5taWNyb3NvZnQuY29tL3BraW9w\r\ncy9jcmwvTWljcm9zb2Z0JTIwRUNDJTIwUm9vdCUyMENlcnRpZmljYXRlJTIwQXV0aG9yaXR5JTIw\r\nMjAxNy5jcmwwga4GCCsGAQUFBwEBBIGhMIGeMG0GCCsGAQUFBzAChmFodHRwOi8vd3d3Lm1pY3Jv\r\nc29mdC5jb20vcGtpb3BzL2NlcnRzL01pY3Jvc29mdCUyMEVDQyUyMFJvb3QlMjBDZXJ0aWZpY2F0\r\nZSUyMEF1dGhvcml0eSUyMDIwMTcuY3J0MC0GCCsGAQUFBzABhiFodHRwOi8vb25lb2NzcC5taWNy\r\nb3NvZnQuY29tL29jc3AwcAYDVR0gBGkwZzAIBgZngQwBAgEwCAYGZ4EMAQICMFEGDCsGAQQBgjdM\r\ng30BATBBMD8GCCsGAQUFBwIBFjNodHRwOi8vd3d3Lm1pY3Jvc29mdC5jb20vcGtpb3BzL0RvY3Mv\r\nUmVwb3NpdG9yeS5odG0wCgYIKoZIzj0EAwMDZwAwZAIwSiB+6RshdjasB841Y6l6wCivxxnEBvxn\r\n6GCYIjk22EJa1p6B4w+Qf5seGf20/SsXAjBxv8F+Qz6CfnpQNxIGRby0UfKq36vne88PuoQCHdxY\r\nLnjkUiveg2NRTNiAFWXqhUg=\r\n-----END
        CERTIFICATE-----\r\n"},{"pem":"-----BEGIN CERTIFICATE-----\r\nMIIESTCCA8+gAwIBAgITMwAAACvmkCg4ZytmeQAAAAAAKzAKBggqhkjOPQQDAzBlMQswCQYDVQQG\r\nEwJVUzEeMBwGA1UEChMVTWljcm9zb2Z0IENvcnBvcmF0aW9uMTYwNAYDVQQDEy1NaWNyb3NvZnQg\r\nRUNDIFJvb3QgQ2VydGlmaWNhdGUgQXV0aG9yaXR5IDIwMTcwHhcNMjEwNjI0MTk1ODQwWhcNMjYw\r\nNjI0MTk1ODQwWjBbMQswCQYDVQQGEwJVUzEeMBwGA1UEChMVTWljcm9zb2Z0IENvcnBvcmF0aW9u\r\nMSwwKgYDVQQDEyNNaWNyb3NvZnQgRUNDIFRMUyBJc3N1aW5nIEVPQyBDQSAwMjB2MBAGByqGSM49\r\nAgEGBSuBBAAiA2IABCnY32N9ck71DA0aFNh3TJUp5baxIf9K2kh2RJOvnsU82Epig+iwGtsdLbmm\r\nnQCis9VR8E0KfKUUBnNSdmtUneh36lhFwxDZ4NzmfdUjG24K8zbbMd/qTAVztrcDvdlhxqOCAkkw\r\nggJFMA4GA1UdDwEB/wQEAwIBhjAQBgkrBgEEAYI3FQEEAwIBADAdBgNVHQ4EFgQUv9gyNCuhlTu0\r\ntdS5QC1ySpwaAIYwHQYDVR0lBBYwFAYIKwYBBQUHAwEGCCsGAQUFBwMCMBkGCSsGAQQBgjcUAgQM\r\nHgoAUwB1AGIAQwBBMBIGA1UdEwEB/wQIMAYBAf8CAQAwHwYDVR0jBBgwFoAUyMuZcnBSDPjmvrIE\r\nVykqz0IQ7TUwcAYDVR0fBGkwZzBloGOgYYZfaHR0cDovL3d3dy5taWNyb3NvZnQuY29tL3BraW9w\r\ncy9jcmwvTWljcm9zb2Z0JTIwRUNDJTIwUm9vdCUyMENlcnRpZmljYXRlJTIwQXV0aG9yaXR5JTIw\r\nMjAxNy5jcmwwga4GCCsGAQUFBwEBBIGhMIGeMG0GCCsGAQUFBzAChmFodHRwOi8vd3d3Lm1pY3Jv\r\nc29mdC5jb20vcGtpb3BzL2NlcnRzL01pY3Jvc29mdCUyMEVDQyUyMFJvb3QlMjBDZXJ0aWZpY2F0\r\nZSUyMEF1dGhvcml0eSUyMDIwMTcuY3J0MC0GCCsGAQUFBzABhiFodHRwOi8vb25lb2NzcC5taWNy\r\nb3NvZnQuY29tL29jc3AwcAYDVR0gBGkwZzAIBgZngQwBAgEwCAYGZ4EMAQICMFEGDCsGAQQBgjdM\r\ng30BATBBMD8GCCsGAQUFBwIBFjNodHRwOi8vd3d3Lm1pY3Jvc29mdC5jb20vcGtpb3BzL0RvY3Mv\r\nUmVwb3NpdG9yeS5odG0wCgYIKoZIzj0EAwMDaAAwZQIwGfSjP75G6tGRAEfRAnzF8zX82samzvpm\r\nHzL0nZtkAZbAAl94dP1iB4XNrmJjcSVxAjEA013gOWgrzozfn7vuDKDvI2xo+sQXBCJhagE/gJz8\r\niO6Hk1vZbEK2xVGQc0yBqBlO\r\n-----END
        CERTIFICATE-----\r\n"},{"pem":"-----BEGIN CERTIFICATE-----\r\nMIIESTCCA8+gAwIBAgITMwAAACotAGSF/ay/6wAAAAAAKjAKBggqhkjOPQQDAzBlMQswCQYDVQQG\r\nEwJVUzEeMBwGA1UEChMVTWljcm9zb2Z0IENvcnBvcmF0aW9uMTYwNAYDVQQDEy1NaWNyb3NvZnQg\r\nRUNDIFJvb3QgQ2VydGlmaWNhdGUgQXV0aG9yaXR5IDIwMTcwHhcNMjEwNjI0MTk1ODM5WhcNMjYw\r\nNjI0MTk1ODM5WjBbMQswCQYDVQQGEwJVUzEeMBwGA1UEChMVTWljcm9zb2Z0IENvcnBvcmF0aW9u\r\nMSwwKgYDVQQDEyNNaWNyb3NvZnQgRUNDIFRMUyBJc3N1aW5nIEVPQyBDQSAwMTB2MBAGByqGSM49\r\nAgEGBSuBBAAiA2IABOJbIiS8pUiOCaUql10Yl6GbIflaGVxiZRG9Ot/zChiB74DcUfHk/wQXn4CQ\r\nlaml9yi80zVAzt5DlpmJ9nKGPZwAXEEYQ15WqfjuLmKRnUXJA8Z69uql5GUmyna4GnWuI6OCAkkw\r\nggJFMA4GA1UdDwEB/wQEAwIBhjAQBgkrBgEEAYI3FQEEAwIBADAdBgNVHQ4EFgQUuxzt0Ihxqcr7\r\nzZNfcXkiNXjGmsowHQYDVR0lBBYwFAYIKwYBBQUHAwEGCCsGAQUFBwMCMBkGCSsGAQQBgjcUAgQM\r\nHgoAUwB1AGIAQwBBMBIGA1UdEwEB/wQIMAYBAf8CAQAwHwYDVR0jBBgwFoAUyMuZcnBSDPjmvrIE\r\nVykqz0IQ7TUwcAYDVR0fBGkwZzBloGOgYYZfaHR0cDovL3d3dy5taWNyb3NvZnQuY29tL3BraW9w\r\ncy9jcmwvTWljcm9zb2Z0JTIwRUNDJTIwUm9vdCUyMENlcnRpZmljYXRlJTIwQXV0aG9yaXR5JTIw\r\nMjAxNy5jcmwwga4GCCsGAQUFBwEBBIGhMIGeMG0GCCsGAQUFBzAChmFodHRwOi8vd3d3Lm1pY3Jv\r\nc29mdC5jb20vcGtpb3BzL2NlcnRzL01pY3Jvc29mdCUyMEVDQyUyMFJvb3QlMjBDZXJ0aWZpY2F0\r\nZSUyMEF1dGhvcml0eSUyMDIwMTcuY3J0MC0GCCsGAQUFBzABhiFodHRwOi8vb25lb2NzcC5taWNy\r\nb3NvZnQuY29tL29jc3AwcAYDVR0gBGkwZzAIBgZngQwBAgEwCAYGZ4EMAQICMFEGDCsGAQQBgjdM\r\ng30BATBBMD8GCCsGAQUFBwIBFjNodHRwOi8vd3d3Lm1pY3Jvc29mdC5jb20vcGtpb3BzL0RvY3Mv\r\nUmVwb3NpdG9yeS5odG0wCgYIKoZIzj0EAwMDaAAwZQIxALsVA16qVCnS2LXK0EFRtQCFStOvrTmi\r\n+aBoWaiCqf6i/m7t3+Uhnxe5bYKhUM/LMAIwOJ1jHlVIe0xLjV6LZQo4eZA/bgQaDwIoUECkuW9D\r\nzwJORmfzm5h1e+oMay+Bb/mm\r\n-----END
        CERTIFICATE-----\r\n"}],"hoursBetweenBackups":24,"backupRetentionPeriodInHours":24,"prometheusEndpoint":{"ipAddress":"10.0.0.4"},"provisioningState":"Succeeded","repairEnabled":true,"seedNodes":[],"cassandraAuditLoggingEnabled":false,"diagnosticSettingsId":"/SUBSCRIPTIONS/00000000-0000-0000-0000-000000000000/RESOURCEGROUPS/CLI_MANAGED_CASSANDRAALTGUM4VH34TECDKBIUBUZKH6RBKAVUJ3GOSTDZPZYAHGFXN6NJPOY/PROVIDERS/MICROSOFT.DOCUMENTDB/CASSANDRACLUSTERS/CLIGC5WCK2"}}'
    headers:
      cache-control:
      - no-store, no-cache
      content-length:
      - '58155'
      content-type:
      - application/json
      date:
      - Mon, 17 Apr 2023 20:40:02 GMT
      pragma:
      - no-cache
      server:
      - Microsoft-HTTPAPI/2.0
      strict-transport-security:
      - max-age=31536000; includeSubDomains
      transfer-encoding:
      - chunked
      vary:
      - Accept-Encoding
      x-content-type-options:
      - nosniff
      x-ms-gatewayversion:
      - version=2.14.0
    status:
      code: 200
      message: Ok
- request:
    body: null
    headers:
      Accept:
      - application/json
      Accept-Encoding:
      - gzip, deflate
      CommandName:
      - managed-cassandra cluster show
      Connection:
      - keep-alive
      ParameterSetName:
      - -c -g
      User-Agent:
      - AZURECLI/2.47.0 azsdk-python-mgmt-cosmosdb/0.7.0 Python/3.10.2 (Windows-10-10.0.19045-SP0)
    method: GET
    uri: https://management.azure.com/subscriptions/00000000-0000-0000-0000-000000000000/resourceGroups/cli_managed_cassandra000001/providers/Microsoft.DocumentDB/cassandraClusters/cli000002?api-version=2023-03-01-preview
  response:
    body:
      string: '{"id":"/subscriptions/00000000-0000-0000-0000-000000000000/resourceGroups/cli_managed_cassandra000001/providers/Microsoft.DocumentDB/cassandraClusters/cli000002","name":"cli000002","type":"Microsoft.DocumentDB/cassandraClusters","location":"East
        US 2","tags":{},"systemData":{"createdBy":"ashwsing@microsoft.com","createdByType":"User","createdAt":"2023-04-17T20:34:29.1880037Z","lastModifiedBy":"ashwsing@microsoft.com","lastModifiedByType":"User","lastModifiedAt":"2023-04-17T20:34:29.1880037Z"},"identity":{"type":"None"},"properties":{"authenticationMethod":"Cassandra","backupSchedules":[{"scheduleName":"DailyBackup-02:00UTC","cronExpression":"0
        2 * * *","retentionInHours":48}],"cassandraVersion":"3.11","clientCertificates":[],"deallocated":false,"clusterType":"Production","delegatedManagementSubnetId":"/subscriptions/00000000-0000-0000-0000-000000000000/resourceGroups/cli_managed_cassandra000001/providers/Microsoft.Network/virtualNetworks/cli000003/subnets/cli000004","extensions":[],"externalGossipCertificates":[],"externalSeedNodes":[],"gossipCertificates":[{"pem":"-----BEGIN
        CERTIFICATE-----\r\nMIIElDCCA3ygAwIBAgIQAf2j627KdciIQ4tyS8+8kTANBgkqhkiG9w0BAQsFADBhMQswCQYDVQQG\r\nEwJVUzEVMBMGA1UEChMMRGlnaUNlcnQgSW5jMRkwFwYDVQQLExB3d3cuZGlnaWNlcnQuY29tMSAw\r\nHgYDVQQDExdEaWdpQ2VydCBHbG9iYWwgUm9vdCBDQTAeFw0xMzAzMDgxMjAwMDBaFw0yMzAzMDgx\r\nMjAwMDBaME0xCzAJBgNVBAYTAlVTMRUwEwYDVQQKEwxEaWdpQ2VydCBJbmMxJzAlBgNVBAMTHkRp\r\nZ2lDZXJ0IFNIQTIgU2VjdXJlIFNlcnZlciBDQTCCASIwDQYJKoZIhvcNAQEBBQADggEPADCCAQoC\r\nggEBANyuWJBNwcQwFZA1W248ghX1LFy949v/cUP6ZCWA1O4Yok3wZtAKc24RmDYXZK83nf36QYSv\r\nx6+M/hpzTc8zl5CilodTgyu5pnVILR1WN3vaMTIa16yrBvSqXUu3R0bdKpPDkC55gIDvEwRqFDu1\r\nm5K+wgdlTvza/P96rtxcflUxDOg5B6TXvi/TC2rSsd9f/ld0Uzs1gN2ujkSYs58O09rg1/RrKatE\r\np0tYhG2SS4HD2nOLEpdIkARFdRrdNzGXkujNVA075ME/OV4uuPNcfhCOhkEAjUVmR7ChZc6gqikJ\r\nTvOX6+guqw9ypzAO+sf0/RR3w6RbKFfCs/mC/bdFWJsCAwEAAaOCAVowggFWMBIGA1UdEwEB/wQI\r\nMAYBAf8CAQAwDgYDVR0PAQH/BAQDAgGGMDQGCCsGAQUFBwEBBCgwJjAkBggrBgEFBQcwAYYYaHR0\r\ncDovL29jc3AuZGlnaWNlcnQuY29tMHsGA1UdHwR0MHIwN6A1oDOGMWh0dHA6Ly9jcmwzLmRpZ2lj\r\nZXJ0LmNvbS9EaWdpQ2VydEdsb2JhbFJvb3RDQS5jcmwwN6A1oDOGMWh0dHA6Ly9jcmw0LmRpZ2lj\r\nZXJ0LmNvbS9EaWdpQ2VydEdsb2JhbFJvb3RDQS5jcmwwPQYDVR0gBDYwNDAyBgRVHSAAMCowKAYI\r\nKwYBBQUHAgEWHGh0dHBzOi8vd3d3LmRpZ2ljZXJ0LmNvbS9DUFMwHQYDVR0OBBYEFA+AYRyCMWHV\r\nLyjnjUY4tCzhxtniMB8GA1UdIwQYMBaAFAPeUDVW0Uy7ZvCj4hsbw5eyPdFVMA0GCSqGSIb3DQEB\r\nCwUAA4IBAQAjPt9L0jFCpbZ+QlwaRMxp0Wi0XUvgBCFsS+JtzLHgl4+mUwnNqipl5TlPHoOlblyY\r\noiQm5vuh7ZPHLgLGTUq/sELfeNqzqPlt/yGFUzZgTHbO7Djc1lGA8MXW5dRNJ2Srm8c+cftIl7gz\r\nbckTB+6WohsYFfZcTEDts8Ls/3HB40f/1LkAtDdC2iDJ6m6K7hQGrn2iWZiIqBtvLfTyyRRfJs8s\r\njX7tN8Cp1Tm5gr8ZDOo0rwAhaPitc+LJMto4JQtV05od8GiG7S5BNO98pVAdvzr508EIDObtHopY\r\nJeS4d60tbvVS3bR0j6tJLp07kzQoH3jOlOrHvdPJbRzeXDLz\r\n-----END
        CERTIFICATE-----\r\n"},{"pem":"-----BEGIN CERTIFICATE-----\r\nMIIDrzCCApegAwIBAgIQCDvgVpBCRrGhdWrJWZHHSjANBgkqhkiG9w0BAQUFADBhMQswCQYDVQQG\r\nEwJVUzEVMBMGA1UEChMMRGlnaUNlcnQgSW5jMRkwFwYDVQQLExB3d3cuZGlnaWNlcnQuY29tMSAw\r\nHgYDVQQDExdEaWdpQ2VydCBHbG9iYWwgUm9vdCBDQTAeFw0wNjExMTAwMDAwMDBaFw0zMTExMTAw\r\nMDAwMDBaMGExCzAJBgNVBAYTAlVTMRUwEwYDVQQKEwxEaWdpQ2VydCBJbmMxGTAXBgNVBAsTEHd3\r\ndy5kaWdpY2VydC5jb20xIDAeBgNVBAMTF0RpZ2lDZXJ0IEdsb2JhbCBSb290IENBMIIBIjANBgkq\r\nhkiG9w0BAQEFAAOCAQ8AMIIBCgKCAQEA4jvhEXLeqKTTo1eqUKKPC3eQyaKl7hLOllsBCSDMAZOn\r\nTjC3U/dDxGkAV53ijSLdhwZAAIEJzs4bg7/fzTtxRuLWZscFs3YnFo97nh6Vfe63SKMI2tavegw5\r\nBmV/Sl0fvBf4q77uKNd0f3p4mVmFaG5cIzJLv07A6Fpt43C/dxC//AH2hdmoRBBYMql1GNXRor5H\r\n4idq9Joz+EkIYIvUX7Q6hL+hqkpMfT7PT19sdl6gSzeRntwi5m3OFBqOasv+zbMUZBfHWymeMr/y\r\n7vrTC0LUq7dBMtoM1O/4gdW7jVg/tRvoSSiicNoxBN33shbyTApOB6jtSj1etX+jkMOvJwIDAQAB\r\no2MwYTAOBgNVHQ8BAf8EBAMCAYYwDwYDVR0TAQH/BAUwAwEB/zAdBgNVHQ4EFgQUA95QNVbRTLtm\r\n8KPiGxvDl7I90VUwHwYDVR0jBBgwFoAUA95QNVbRTLtm8KPiGxvDl7I90VUwDQYJKoZIhvcNAQEF\r\nBQADggEBAMucN6pIExIK+t1EnE9SsPTfrgT1eXkIoyQY/EsrhMAtudXH/vTBH1jLuG2cenTnmCmr\r\nEbXjcKChzUyImZOMkXDiqw8cvpOp/2PV5Adg06O/nVsJ8dWO41P0jmP6P6fbtGbfYmbW0W5BjfIt\r\ntep3Sp+dWOIrWcBAI+0tKIJFPnlUkiaY4IBIqDfv8NZ5YBberOgOzW6sRBc4L0na4UU+Krk2U886\r\nUAb3LujEV0lsYSEY1QSteDwsOoBrp+uvFRTp2InBuThs4pFsiv9kuXclVzDAGySj4dzp30d8tbQk\r\nCAUw7C29C79Fv1C5qfPrmAESrciIxpg0X40KPMbp1ZWVbd4=\r\n-----END
        CERTIFICATE-----\r\n"},{"pem":"-----BEGIN CERTIFICATE-----\r\nMIIE6DCCA9CgAwIBAgIQAnQuqhfKjiHHF7sf/P0MoDANBgkqhkiG9w0BAQsFADBhMQswCQYDVQQG\r\nEwJVUzEVMBMGA1UEChMMRGlnaUNlcnQgSW5jMRkwFwYDVQQLExB3d3cuZGlnaWNlcnQuY29tMSAw\r\nHgYDVQQDExdEaWdpQ2VydCBHbG9iYWwgUm9vdCBDQTAeFw0yMDA5MjMwMDAwMDBaFw0zMDA5MjIy\r\nMzU5NTlaME0xCzAJBgNVBAYTAlVTMRUwEwYDVQQKEwxEaWdpQ2VydCBJbmMxJzAlBgNVBAMTHkRp\r\nZ2lDZXJ0IFNIQTIgU2VjdXJlIFNlcnZlciBDQTCCASIwDQYJKoZIhvcNAQEBBQADggEPADCCAQoC\r\nggEBANyuWJBNwcQwFZA1W248ghX1LFy949v/cUP6ZCWA1O4Yok3wZtAKc24RmDYXZK83nf36QYSv\r\nx6+M/hpzTc8zl5CilodTgyu5pnVILR1WN3vaMTIa16yrBvSqXUu3R0bdKpPDkC55gIDvEwRqFDu1\r\nm5K+wgdlTvza/P96rtxcflUxDOg5B6TXvi/TC2rSsd9f/ld0Uzs1gN2ujkSYs58O09rg1/RrKatE\r\np0tYhG2SS4HD2nOLEpdIkARFdRrdNzGXkujNVA075ME/OV4uuPNcfhCOhkEAjUVmR7ChZc6gqikJ\r\nTvOX6+guqw9ypzAO+sf0/RR3w6RbKFfCs/mC/bdFWJsCAwEAAaOCAa4wggGqMB0GA1UdDgQWBBQP\r\ngGEcgjFh1S8o541GOLQs4cbZ4jAfBgNVHSMEGDAWgBQD3lA1VtFMu2bwo+IbG8OXsj3RVTAOBgNV\r\nHQ8BAf8EBAMCAYYwHQYDVR0lBBYwFAYIKwYBBQUHAwEGCCsGAQUFBwMCMBIGA1UdEwEB/wQIMAYB\r\nAf8CAQAwdgYIKwYBBQUHAQEEajBoMCQGCCsGAQUFBzABhhhodHRwOi8vb2NzcC5kaWdpY2VydC5j\r\nb20wQAYIKwYBBQUHMAKGNGh0dHA6Ly9jYWNlcnRzLmRpZ2ljZXJ0LmNvbS9EaWdpQ2VydEdsb2Jh\r\nbFJvb3RDQS5jcnQwewYDVR0fBHQwcjA3oDWgM4YxaHR0cDovL2NybDMuZGlnaWNlcnQuY29tL0Rp\r\nZ2lDZXJ0R2xvYmFsUm9vdENBLmNybDA3oDWgM4YxaHR0cDovL2NybDQuZGlnaWNlcnQuY29tL0Rp\r\nZ2lDZXJ0R2xvYmFsUm9vdENBLmNybDAwBgNVHSAEKTAnMAcGBWeBDAEBMAgGBmeBDAECATAIBgZn\r\ngQwBAgIwCAYGZ4EMAQIDMA0GCSqGSIb3DQEBCwUAA4IBAQB3MR8Il9cSm2PSEWUIpvZlubj6kgPL\r\noX7hyA2MPrQbkb4CCF6fWXF7Ef3gwOOPWdegUqHQS1TSSJZI73fpKQbLQxCgLzwWji3+HlU87MOY\r\n7hgNI+gH9bMtxKtXc1r2G1O6+x/6vYzTUVEgR17vf5irF0LKhVyfIjc0RXbyQ14AniKDrN+v0ebH\r\nExfppGlkTIBn6rakf4994VH6npdn6mkus5CkHBXIrMtPKex6XF2firjUDLuU7tC8y7WlHgjPxEED\r\nDb0Gw6D0yDdVSvG/5XlCNatBmO/8EznDu1vr72N8gJzISUZwa6CCUD7QBLbKJcXBBVVf8nwvV9Gv\r\nlW+sbXlr\r\n-----END
        CERTIFICATE-----\r\n"},{"pem":"-----BEGIN CERTIFICATE-----\r\nMIIE6jCCA9KgAwIBAgIQCjUI1VwpKwF9+K1lwA/35DANBgkqhkiG9w0BAQsFADBhMQswCQYDVQQG\r\nEwJVUzEVMBMGA1UEChMMRGlnaUNlcnQgSW5jMRkwFwYDVQQLExB3d3cuZGlnaWNlcnQuY29tMSAw\r\nHgYDVQQDExdEaWdpQ2VydCBHbG9iYWwgUm9vdCBDQTAeFw0yMDA5MjQwMDAwMDBaFw0zMDA5MjMy\r\nMzU5NTlaME8xCzAJBgNVBAYTAlVTMRUwEwYDVQQKEwxEaWdpQ2VydCBJbmMxKTAnBgNVBAMTIERp\r\nZ2lDZXJ0IFRMUyBSU0EgU0hBMjU2IDIwMjAgQ0ExMIIBIjANBgkqhkiG9w0BAQEFAAOCAQ8AMIIB\r\nCgKCAQEAwUuzZUdwvN1PWNvsnO3DZuUfMRNUrUpmRh8sCuxkB+Uu3Ny5CiDt3+PE0J6aqXodgojl\r\nEVbbHp9YwlHnLDQNLtKS4VbL8Xlfs7uHyiUDe5pSQWYQYE9XE0nw6Ddng9/n00tnTCJRpt8OmRDt\r\nV1F0JuJ9x8piLhMbfyOIJVNvwTRYAIuE//i+p1hJInuWraKImxW8oHzf6VGo1bDtN+I2tIJLYrVJ\r\nmuzHZ9bjPvXj1hJeRPG/cUJ9WIQDgLGBAfr5yjK7tI4nhyfFK3TUqNaX3sNk+crOU6JWvHgXjkkD\r\nKa77SU+kFbnO8lwZV21reacroicgE7XQPUDTITAHk+qZ9QIDAQABo4IBrjCCAaowHQYDVR0OBBYE\r\nFLdrouqoqoSMeeq02g+YssWVdrn0MB8GA1UdIwQYMBaAFAPeUDVW0Uy7ZvCj4hsbw5eyPdFVMA4G\r\nA1UdDwEB/wQEAwIBhjAdBgNVHSUEFjAUBggrBgEFBQcDAQYIKwYBBQUHAwIwEgYDVR0TAQH/BAgw\r\nBgEB/wIBADB2BggrBgEFBQcBAQRqMGgwJAYIKwYBBQUHMAGGGGh0dHA6Ly9vY3NwLmRpZ2ljZXJ0\r\nLmNvbTBABggrBgEFBQcwAoY0aHR0cDovL2NhY2VydHMuZGlnaWNlcnQuY29tL0RpZ2lDZXJ0R2xv\r\nYmFsUm9vdENBLmNydDB7BgNVHR8EdDByMDegNaAzhjFodHRwOi8vY3JsMy5kaWdpY2VydC5jb20v\r\nRGlnaUNlcnRHbG9iYWxSb290Q0EuY3JsMDegNaAzhjFodHRwOi8vY3JsNC5kaWdpY2VydC5jb20v\r\nRGlnaUNlcnRHbG9iYWxSb290Q0EuY3JsMDAGA1UdIAQpMCcwBwYFZ4EMAQEwCAYGZ4EMAQIBMAgG\r\nBmeBDAECAjAIBgZngQwBAgMwDQYJKoZIhvcNAQELBQADggEBAHert3onPa679n/gWlbJhKrKW3EX\r\n3SJH/E6f7tDBpATho+vFScH90cnfjK+URSxGKqNjOSD5nkoklEHIqdninFQFBstcHL4AGw+oWv8Z\r\nu2XHFq8hVt1hBcnpj5h232sb0HIMULkwKXq/YFkQZhM6LawVEWwtIwwCPgU7/uWhnOKK24fXSuhe\r\n50gG66sSmvKvhMNbg0qZgYOrAKHKCjxMoiWJKiKnpPMzTFuMLhoClw+dj20tlQj7T9rxkTgl4Zxu\r\nYRiHas6xuwAwapu3r9rxxZf+ingkquqTgLozZXq8oXfpf2kUCwA/d5KxTVtzhwoT0JzI8ks5T1KE\r\nSaZMkE4f97Q=\r\n-----END
        CERTIFICATE-----\r\n"},{"pem":"-----BEGIN CERTIFICATE-----\r\nMIIFWjCCBEKgAwIBAgIQDxSWXyAgaZlP1ceseIlB4jANBgkqhkiG9w0BAQsFADBaMQswCQYDVQQG\r\nEwJJRTESMBAGA1UEChMJQmFsdGltb3JlMRMwEQYDVQQLEwpDeWJlclRydXN0MSIwIAYDVQQDExlC\r\nYWx0aW1vcmUgQ3liZXJUcnVzdCBSb290MB4XDTIwMDcyMTIzMDAwMFoXDTI0MTAwODA3MDAwMFow\r\nTzELMAkGA1UEBhMCVVMxHjAcBgNVBAoTFU1pY3Jvc29mdCBDb3Jwb3JhdGlvbjEgMB4GA1UEAxMX\r\nTWljcm9zb2Z0IFJTQSBUTFMgQ0EgMDEwggIiMA0GCSqGSIb3DQEBAQUAA4ICDwAwggIKAoICAQCq\r\nYnfPmmOyBoTzkDb0mfMUUavqlQo7Rgb9EUEf/lsGWMk4bgj8T0RIzTqk970eouKVuL5RIMW/snBj\r\nXXgMQ8ApzWRJCZbar879BV8rKpHoAW4uGJssnNABf2n17j9TiFy6BWy+IhVnFILyLNK+W2M3zK9g\r\nheiWa2uACKhuvgCca5Vw/OQYErEdG7LBEzFnMzTmJcliW1iCdXby/vI/OxbfqkKD4zJtm45DJvC9\r\nDh+hpzqvLMiK5uo/+aXSJY+SqhoIEpz+rErHw+uAlKuHFtEjSeeku8eR3+Z5ND9BSqc6JtLqb0bj\r\nOHPm5dSRrgt4nnil75bjc9j3lWXpBb9PXP9Sp/nPCK+nTQmZwHGjUnqlO9ebAVQD47ZisFonnDAm\r\njrZNVqEXF3p7laEHrFMxttYuD81BdOzxAbL9Rb/8MeFGQjE2Qx65qgVfhH+RsYuuD9dUw/3wZAhq\r\n05yO6nk07AM9c+AbNtRoEcdZcLCHfMDcbkXKNs5DJncCqXAN6LhXVERCw/usG2MmCMLSIx9/kwt8\r\nbwhUmitOXc6fpT7SmFvRAtvxg84wUkg4Y/Gx++0j0z6StSeN0EJz150jaHG6WV4HUqaWTb98Tm90\r\nIgXAU4AW2GBOlzFPiU5IY9jt+eXC2Q6yC/ZpTL1LAcnL3Qa/OgLrHN0wiw1KFGD51WRPQ0Sh7QID\r\nAQABo4IBJTCCASEwHQYDVR0OBBYEFLV2DDARzseSQk1Mx1wsyKkM6AtkMB8GA1UdIwQYMBaAFOWd\r\nWTCCR1jMrPoIVDaGezq1BE3wMA4GA1UdDwEB/wQEAwIBhjAdBgNVHSUEFjAUBggrBgEFBQcDAQYI\r\nKwYBBQUHAwIwEgYDVR0TAQH/BAgwBgEB/wIBADA0BggrBgEFBQcBAQQoMCYwJAYIKwYBBQUHMAGG\r\nGGh0dHA6Ly9vY3NwLmRpZ2ljZXJ0LmNvbTA6BgNVHR8EMzAxMC+gLaArhilodHRwOi8vY3JsMy5k\r\naWdpY2VydC5jb20vT21uaXJvb3QyMDI1LmNybDAqBgNVHSAEIzAhMAgGBmeBDAECATAIBgZngQwB\r\nAgIwCwYJKwYBBAGCNyoBMA0GCSqGSIb3DQEBCwUAA4IBAQCfK76SZ1vae4qt6P+dTQUO7bYNFUHR\r\n5hXcA2D59CJWnEj5na7aKzyowKvQupW4yMH9fGNxtsh6iJswRqOOfZYC4/giBO/gNsBvwr8uDW7t\r\n1nYoDYGHPpvnpxCM2mYfQFHq576/TmeYu1RZY29C4w8xYBlkAA8mDJfRhMCmehk7cN5FJtyWRj2c\r\nZj/hOoI45TYDBChXpOlLZKIYiG1giY16vhCRi6zmPzEwv+tk156N6cGSVm44jTQ/rs1sa0JSYjzU\r\naYngoFdZC4OfxnIkQvUIA4TOFmPzNPEFdjcZsgbeEz4TcGHTBPK4R28F44qIMCtHRV55VMX53ev6\r\nP3hRddJb\r\n-----END
        CERTIFICATE-----\r\n"},{"pem":"-----BEGIN CERTIFICATE-----\r\nMIIDdzCCAl+gAwIBAgIEAgAAuTANBgkqhkiG9w0BAQUFADBaMQswCQYDVQQGEwJJRTESMBAGA1UE\r\nChMJQmFsdGltb3JlMRMwEQYDVQQLEwpDeWJlclRydXN0MSIwIAYDVQQDExlCYWx0aW1vcmUgQ3li\r\nZXJUcnVzdCBSb290MB4XDTAwMDUxMjE4NDYwMFoXDTI1MDUxMjIzNTkwMFowWjELMAkGA1UEBhMC\r\nSUUxEjAQBgNVBAoTCUJhbHRpbW9yZTETMBEGA1UECxMKQ3liZXJUcnVzdDEiMCAGA1UEAxMZQmFs\r\ndGltb3JlIEN5YmVyVHJ1c3QgUm9vdDCCASIwDQYJKoZIhvcNAQEBBQADggEPADCCAQoCggEBAKME\r\nuyKrmD1X6CZymrV51Cni4eiVgLGw41uOKymaZN+hXe2wCQVt2yguzmKiYv60iNoS6zjrIZ3AQSsB\r\nUnuId9Mcj8e6uYi1agnnc+gRQKfRzMpijS3ljwumUNKoUMMo6vWrJYeKmpYcqWe4PwzV9/lSEy/C\r\nG9VwcPCPwBLKBsua4dnKM3p31vjsufFoREJIE9LAwqSuXmD+tqYF/LTdB1kC1FkYmGP1pWPgkAx9\r\nXbIGevOF6uvUA65ehD5f/xXtabz5OTZydc93Uk3zyZAsuT3lySNTPx8kmCFcB5kpvcY67Oduhjpr\r\nl3RjM71oGDHweI12v/yejl0qhqdNkNwnGjkCAwEAAaNFMEMwHQYDVR0OBBYEFOWdWTCCR1jMrPoI\r\nVDaGezq1BE3wMBIGA1UdEwEB/wQIMAYBAf8CAQMwDgYDVR0PAQH/BAQDAgEGMA0GCSqGSIb3DQEB\r\nBQUAA4IBAQCFDF2O5G9RaEIFoN27TyclhAO992T9Ldcw46QQF+vaKSm2eT929hkTI7gQCvlYpNRh\r\ncL0EYWoSihfVCr3FvDB81ukMJY2GQE/szKN+OMY3EU/t3WgxjkzSswF07r51XgdIGn9w/xZchMB5\r\nhbgF/X++ZRGjD8ACtPhSNzkE1akxehi/oCr0Epn3o0WC4zxe9Z2etciefC7IpJ5OCBRLbf1wbWsa\r\nY71k5h+3zvDyny67G7fyUIhzksLi4xaNmjICq44Y3ekQEe5+NauQrz4wlHrQMz2nZQ/1/I6eYs9H\r\nRCwBXbsdtTLSR9I4LtD+gdwyah617jzV/OeBHRnDJELqYzmp\r\n-----END
        CERTIFICATE-----\r\n"},{"pem":"-----BEGIN CERTIFICATE-----\r\nMIIFWjCCBEKgAwIBAgIQD6dHIsU9iMgPWJ77H51KOjANBgkqhkiG9w0BAQsFADBaMQswCQYDVQQG\r\nEwJJRTESMBAGA1UEChMJQmFsdGltb3JlMRMwEQYDVQQLEwpDeWJlclRydXN0MSIwIAYDVQQDExlC\r\nYWx0aW1vcmUgQ3liZXJUcnVzdCBSb290MB4XDTIwMDcyMTIzMDAwMFoXDTI0MTAwODA3MDAwMFow\r\nTzELMAkGA1UEBhMCVVMxHjAcBgNVBAoTFU1pY3Jvc29mdCBDb3Jwb3JhdGlvbjEgMB4GA1UEAxMX\r\nTWljcm9zb2Z0IFJTQSBUTFMgQ0EgMDIwggIiMA0GCSqGSIb3DQEBAQUAA4ICDwAwggIKAoICAQD0\r\nwBlZqiokfAYhMdHuEvWBapTj9tFKL+NdsS4pFDi8zJVdKQfR+F039CDXtD9YOnqS7o88+isKcgOe\r\nQNTri472mPnn8N3vPCX0bDOEVk+nkZNIBA3zApvGGg/40Thv78kAlxibMipsKahdbuoHByOB4ZlY\r\notcBhf/ObUf65kCRfXMRQqOKWkZLkilPPn3zkYM5GHxeI4MNZ1SoKBEoHa2E/uDwBQVxadY4SRZW\r\nFxMd7ARyI4Cz1ik4N2Z6ALD3MfjAgEEDwoknyw9TGvr4PubAZdqU511zNLBoavar2OAVTl0Tddj+\r\nRAhbnX1/zypqk+ifv+d3CgiDa8Mbvo1u2Q8nuUBrKVUmR6EjkV/dDrIsUaU643v/Wp/uE7xLDdhC\r\n5rplK9siNlYohMTMKLAkjxVeWBWbQj7REickISpc+yowi3yUrO5lCgNAKrCNYw+wAfAvhFkOeqPm\r\n6kP41IHVXVtGNC/UogcdiKUiR/N59IfYB+o2v54GMW+ubSC3BohLFbho/oZZ5XyulIZK75pwTHma\r\nuCIeE5clU9ivpLwPTx9b0Vno9+ApElrFgdY0/YKZ46GfjOC9ta4G25VJ1WKsMmWLtzyrfgwbYopq\r\nuZd724fFdpvsxfIvMG5m3VFkThOqzsOttDcUfyMTqM2pan4txG58uxNJ0MjR03UCEULRU+qMnwID\r\nAQABo4IBJTCCASEwHQYDVR0OBBYEFP8vf+EG9DjzLe0ljZjC/g72bPz6MB8GA1UdIwQYMBaAFOWd\r\nWTCCR1jMrPoIVDaGezq1BE3wMA4GA1UdDwEB/wQEAwIBhjAdBgNVHSUEFjAUBggrBgEFBQcDAQYI\r\nKwYBBQUHAwIwEgYDVR0TAQH/BAgwBgEB/wIBADA0BggrBgEFBQcBAQQoMCYwJAYIKwYBBQUHMAGG\r\nGGh0dHA6Ly9vY3NwLmRpZ2ljZXJ0LmNvbTA6BgNVHR8EMzAxMC+gLaArhilodHRwOi8vY3JsMy5k\r\naWdpY2VydC5jb20vT21uaXJvb3QyMDI1LmNybDAqBgNVHSAEIzAhMAgGBmeBDAECATAIBgZngQwB\r\nAgIwCwYJKwYBBAGCNyoBMA0GCSqGSIb3DQEBCwUAA4IBAQCg2d165dQ1tHS0IN83uOi4S5heLhsx\r\n+zXIOwtxnvwCWdOJ3wFLQaFDcgaMtN79UjMIFVIUedDZBsvalKnx+6l2tM/VH4YAyNPx+u1LFR0j\r\noPYpQYLbNYkedkNuhRmEBesPqj4aDz68ZDI6fJ92sj2q18QvJUJ5Qz728AvtFOat+AjgK0PFqPYE\r\nAviUKr162NB1XZJxf6uyIjUlnG4UEdHfUqdhl0R84mMtrYINksTzQ2sHYM8fEhqICtTlcRLr/FEr\r\nUaPUe9648nziSnA0qKH7rUZqP/Ifmbo+WNZSZG1BbgOhlk+521W+Ncih3HRbvRBE0LWYT8vWKnfj\r\ngZKxwHwJ\r\n-----END
        CERTIFICATE-----\r\n"},{"pem":"-----BEGIN CERTIFICATE-----\r\nMIIF8zCCBNugAwIBAgIQCq+mxcpjxFFB6jvh98dTFzANBgkqhkiG9w0BAQwFADBhMQswCQYDVQQG\r\nEwJVUzEVMBMGA1UEChMMRGlnaUNlcnQgSW5jMRkwFwYDVQQLExB3d3cuZGlnaWNlcnQuY29tMSAw\r\nHgYDVQQDExdEaWdpQ2VydCBHbG9iYWwgUm9vdCBHMjAeFw0yMDA3MjkxMjMwMDBaFw0yNDA2Mjcy\r\nMzU5NTlaMFkxCzAJBgNVBAYTAlVTMR4wHAYDVQQKExVNaWNyb3NvZnQgQ29ycG9yYXRpb24xKjAo\r\nBgNVBAMTIU1pY3Jvc29mdCBBenVyZSBUTFMgSXNzdWluZyBDQSAwMTCCAiIwDQYJKoZIhvcNAQEB\r\nBQADggIPADCCAgoCggIBAMedcDrkXufP7pxVm1FHLDNA9IjwHaMoaY8arqqZ4Gff4xyrRygnavXL\r\n7g12MPAx8Q6Dd9hfBzrfWxkF0Br2wIvlvkzW01naNVSkHp+OS3hL3W6nl/jYvZnVeJXjtsKYcXIf\r\n/6WtspcF5awlQ9LZJcjwaH7KoZuK+THpXCMtzD8XNVdmGW/JI0C/7U/E7evXn9XDio8SYkGSM63a\r\nLO5BtLCv092+1d4GGBSQYolRq+7Pd1kREkWBPm0ywZ2Vb8GIS5DLrjelEkBnKCyy3B0yQud9dpVs\r\niUeE7F5sY8Me96WVxQcbOyYdEY/j/9UpDlOG+vA+YgOvBhkKEjiqygVpP8EZoMMijephzg43b5Qi\r\n9r5UrvYoo19oR/8pf4HJNDPF0/FJwFVMW8PmCBLGstin3NE1+NeWTkGt0TzpHjgKyfaDP2tO4bCk\r\n1G7pP2kDFT7SYfc8xbgCkFQ2UCEXsaH/f5YmpLn4YPiNFCeeIida7xnfTvc47IxyVccHHq1FzGyg\r\nOqemrxEETKh8hvDR6eBdrBwmCHVgZrnAqnn93JtGyPLi6+cjWGVGtMZHwzVvX1HvSFG771sskcEj\r\nJxiQNQDQRWHEh3NxvNb7kFlAXnVdRkkvhjpRGchFhTAzqmwltdWhWDEyCMKC2x/mSZvZtlZGY+g3\r\n7Y72qHzidwtyW7rBetZJAgMBAAGjggGtMIIBqTAdBgNVHQ4EFgQUDyBd16FXlduSzyvQx8J3BM5y\r\ngHYwHwYDVR0jBBgwFoAUTiJUIBiV5uNu5g/6+rkS7QYXjzkwDgYDVR0PAQH/BAQDAgGGMB0GA1Ud\r\nJQQWMBQGCCsGAQUFBwMBBggrBgEFBQcDAjASBgNVHRMBAf8ECDAGAQH/AgEAMHYGCCsGAQUFBwEB\r\nBGowaDAkBggrBgEFBQcwAYYYaHR0cDovL29jc3AuZGlnaWNlcnQuY29tMEAGCCsGAQUFBzAChjRo\r\ndHRwOi8vY2FjZXJ0cy5kaWdpY2VydC5jb20vRGlnaUNlcnRHbG9iYWxSb290RzIuY3J0MHsGA1Ud\r\nHwR0MHIwN6A1oDOGMWh0dHA6Ly9jcmwzLmRpZ2ljZXJ0LmNvbS9EaWdpQ2VydEdsb2JhbFJvb3RH\r\nMi5jcmwwN6A1oDOGMWh0dHA6Ly9jcmw0LmRpZ2ljZXJ0LmNvbS9EaWdpQ2VydEdsb2JhbFJvb3RH\r\nMi5jcmwwHQYDVR0gBBYwFDAIBgZngQwBAgEwCAYGZ4EMAQICMBAGCSsGAQQBgjcVAQQDAgEAMA0G\r\nCSqGSIb3DQEBDAUAA4IBAQAlFvNh7QgXVLAZSsNR2XRmIn9iS8OHFCBAWxKJoi8YYQafpMTkMqeu\r\nzoL3HWb1pYEipsDkhiMnrpfeYZEA7Lz7yqEEtfgHcEBsK9KcStQGGZRfmWU07hPXHnFz+5gTXqzC\r\nE2PBMlRgVUYJiA25mJPXfB00gDvGhtYa+mENwM9Bq1B9YYLyLjRtUz8cyGsdyTIG/bBM/Q9jcV8J\r\nGqMU/UjAdh1pFyTnnHElY59Npi7F87ZqYYJEHJM2LGD+le8VsHjgeWX2CJQko7klXvcizuZvUEDT\r\njHaQcs2J+kPgfyMIOY1DMJ21NxOJ2xPRC/wAh/hzSBRVtoAnyuxtkZ4VjIOh\r\n-----END
        CERTIFICATE-----\r\n"},{"pem":"-----BEGIN CERTIFICATE-----\r\nMIIDjjCCAnagAwIBAgIQAzrx5qcRqaC7KGSxHQn65TANBgkqhkiG9w0BAQsFADBhMQswCQYDVQQG\r\nEwJVUzEVMBMGA1UEChMMRGlnaUNlcnQgSW5jMRkwFwYDVQQLExB3d3cuZGlnaWNlcnQuY29tMSAw\r\nHgYDVQQDExdEaWdpQ2VydCBHbG9iYWwgUm9vdCBHMjAeFw0xMzA4MDExMjAwMDBaFw0zODAxMTUx\r\nMjAwMDBaMGExCzAJBgNVBAYTAlVTMRUwEwYDVQQKEwxEaWdpQ2VydCBJbmMxGTAXBgNVBAsTEHd3\r\ndy5kaWdpY2VydC5jb20xIDAeBgNVBAMTF0RpZ2lDZXJ0IEdsb2JhbCBSb290IEcyMIIBIjANBgkq\r\nhkiG9w0BAQEFAAOCAQ8AMIIBCgKCAQEAuzfNNNx7a8myaJCtSnX/RrohCgiN9RlUyfuI2/Ou8jqJ\r\nkTx65qsGGmvPrC3oXgkkRLpimn7Wo6h+4FR1IAWsULecYxpsMNzaHxmx1x7e/dfgy5SDN67sH0NO\r\n3Xss0r0upS/kqbitOtSZpLYl6ZtrAGCSYP9PIUkY92eQq2EGnI/yuum06ZIya7XzV+hdG82MHauV\r\nBJVJ8zUtluNJbd134/tJS7SsVQepj5WztCO7TG1F8PapspUwtP1MVYwnSlcUfIKdzXOS0xZKBgyM\r\nUNGPHgm+F6HmIcr9g+UQvIOlCsRnKPZzFBQ9RnbDhxSJITRNrw9FDKZJobq7nMWxM4MphQIDAQAB\r\no0IwQDAPBgNVHRMBAf8EBTADAQH/MA4GA1UdDwEB/wQEAwIBhjAdBgNVHQ4EFgQUTiJUIBiV5uNu\r\n5g/6+rkS7QYXjzkwDQYJKoZIhvcNAQELBQADggEBAGBnKJRvDkhj6zHd6mcY1Yl9PMWLSn/pvtsr\r\nF9+wX3N3KjITOYFnQoQj8kVnNeyIv/iPsGEMNKSuIEyExtv4NeF22d+mQrvHRAiGfzZ0JFrabA0U\r\nWTW98kndth/Jsw1HKj2ZL7tcu7XUIOGZX1NGFdtom/DzMNU+MeKNhJ7jitralj41E6Vf8PlwUHBH\r\nQRFXGU7Aj64GxJUTFy8bJZ918rGOmaFvE7FBcf6IKshPECBV1/MUReXgRPTqh5Uykw7+U0b6LJ3/\r\niyK5S9kJRaTepLiaWN0bfVKfjllDiIGknibVb63dDcY3fe0Dkhvld1927jyNxF1WW6LZZm6zNTfl\r\nMrY=\r\n-----END
        CERTIFICATE-----\r\n"},{"pem":"-----BEGIN CERTIFICATE-----\r\nMIIF8zCCBNugAwIBAgIQAueRcfuAIek/4tmDg0xQwDANBgkqhkiG9w0BAQwFADBhMQswCQYDVQQG\r\nEwJVUzEVMBMGA1UEChMMRGlnaUNlcnQgSW5jMRkwFwYDVQQLExB3d3cuZGlnaWNlcnQuY29tMSAw\r\nHgYDVQQDExdEaWdpQ2VydCBHbG9iYWwgUm9vdCBHMjAeFw0yMDA3MjkxMjMwMDBaFw0yNDA2Mjcy\r\nMzU5NTlaMFkxCzAJBgNVBAYTAlVTMR4wHAYDVQQKExVNaWNyb3NvZnQgQ29ycG9yYXRpb24xKjAo\r\nBgNVBAMTIU1pY3Jvc29mdCBBenVyZSBUTFMgSXNzdWluZyBDQSAwNjCCAiIwDQYJKoZIhvcNAQEB\r\nBQADggIPADCCAgoCggIBALVGARl56bx3KBUSGuPc4H5uoNFkFH4e7pvTCxRi4j/+z+XbwjEz+5Ci\r\npDOqjx9/jWjskL5dk7PaQkzItidsAAnDCW1leZBOIi68Lff1bjTeZgMYiwdRd3Y39b/lcGpiuP2d\r\n23W95YHkMMT8IlWosYIX0f4kYb62rphyfnAjYb/4Od99ThnhlAxGtfvSbXcBVIKCYfZgqRvV+5lR\r\neUnd1aNjRYVzPOoifgSx2fRyy1+pO1UzaMMNnIOE71bVYW0A1hr19w7kOb0KkJXoALTDDj1ukUED\r\nqQuBfBxReL5mXiu1O7WG0vltg0VZ/SZzctBsdBlx1BkmWYBW261KZgBivrql5ELTKKd8qgtHcLQA\r\n5fl6JB0Qgs5XDaWehN86Gps5JW8ArjGtjcWAIP+X8CQaWfaCnuRm6Bk/03PQWhgdi84qwA0ssRfF\r\nJwHUPTNSnE8EiGVk2frt0u8PG1pwSQsFuNJfcYIHEv1vOzP7uEOuDydsmCjhlxuoK2n5/2aVR3BM\r\nTu+p4+gl8alXoBycyLmj3J/PUgqD8SL5fTCUegGsdia/Sa60N2oV7vQ17wjMN+LXa2rjj/b4ZlZg\r\nXVojDmAjDwIRdDUujQu0RVsJqFLMzSIHpp2CZp7mIoLrySay2YYBu7SiNwL95X6He2kS8eefBBHj\r\nzwW/9FxGqry57i71c2cDAgMBAAGjggGtMIIBqTAdBgNVHQ4EFgQU1cFnOsKjnfR3UltZEjgp5lVo\r\nu6UwHwYDVR0jBBgwFoAUTiJUIBiV5uNu5g/6+rkS7QYXjzkwDgYDVR0PAQH/BAQDAgGGMB0GA1Ud\r\nJQQWMBQGCCsGAQUFBwMBBggrBgEFBQcDAjASBgNVHRMBAf8ECDAGAQH/AgEAMHYGCCsGAQUFBwEB\r\nBGowaDAkBggrBgEFBQcwAYYYaHR0cDovL29jc3AuZGlnaWNlcnQuY29tMEAGCCsGAQUFBzAChjRo\r\ndHRwOi8vY2FjZXJ0cy5kaWdpY2VydC5jb20vRGlnaUNlcnRHbG9iYWxSb290RzIuY3J0MHsGA1Ud\r\nHwR0MHIwN6A1oDOGMWh0dHA6Ly9jcmwzLmRpZ2ljZXJ0LmNvbS9EaWdpQ2VydEdsb2JhbFJvb3RH\r\nMi5jcmwwN6A1oDOGMWh0dHA6Ly9jcmw0LmRpZ2ljZXJ0LmNvbS9EaWdpQ2VydEdsb2JhbFJvb3RH\r\nMi5jcmwwHQYDVR0gBBYwFDAIBgZngQwBAgEwCAYGZ4EMAQICMBAGCSsGAQQBgjcVAQQDAgEAMA0G\r\nCSqGSIb3DQEBDAUAA4IBAQB2oWc93fB8esci/8esixj++N22meiGDjgF+rA2LUK5IOQOgcUSTGKS\r\nqF9lYfAxPjrqPjDCUPHCURv+26ad5P/BYtXtbmtxJWu+cS5BhMDPPeG3oPZwXRHBJFAkY4O4AF7R\r\nIAAUW6EzDflUoDHKv83zOiPfYGcpHc9skxAInCedk7QSgXvMARjjOqdakor21DTmNIUotxo8kHv5\r\nhwRlGhBJwps6fEVi1Bt0trpM/3wYxlr473WSPUFZPgP1j519kLpWOJ8z09wxay+Br29irPcBYv0G\r\nMXlHqThy8y4m/HyTQeI2IMvMrQnwqPpY+rLIXyviI2vLoI+4xKE4Rn38ZZ8m\r\n-----END
        CERTIFICATE-----\r\n"},{"pem":"-----BEGIN CERTIFICATE-----\r\nMIIF8zCCBNugAwIBAgIQDXvt6X2CCZZ6UmMbi90YvTANBgkqhkiG9w0BAQwFADBhMQswCQYDVQQG\r\nEwJVUzEVMBMGA1UEChMMRGlnaUNlcnQgSW5jMRkwFwYDVQQLExB3d3cuZGlnaWNlcnQuY29tMSAw\r\nHgYDVQQDExdEaWdpQ2VydCBHbG9iYWwgUm9vdCBHMjAeFw0yMDA3MjkxMjMwMDBaFw0yNDA2Mjcy\r\nMzU5NTlaMFkxCzAJBgNVBAYTAlVTMR4wHAYDVQQKExVNaWNyb3NvZnQgQ29ycG9yYXRpb24xKjAo\r\nBgNVBAMTIU1pY3Jvc29mdCBBenVyZSBUTFMgSXNzdWluZyBDQSAwNTCCAiIwDQYJKoZIhvcNAQEB\r\nBQADggIPADCCAgoCggIBAKplDTmQ9afwVPQelDuu+NkxNJ084CNKnrZ21ABewE+UU4GKDnwygZdK\r\n6agNSMs5UochUEDzz9CpdV5tdPzL14O/GeE2gO5/aUFTUMG9c6neyxk5tq1WdKsPkitPws6V8MWa\r\n5d1L/y4RFhZHUsgxxUySlYlGpNcHhhsyr7EvFecZGA1MfsitAWVp6hiWANkWKINfRcdt3Z2A23hm\r\nMH9MRSGBccHiPuzwrVsSmLwvt3WlRDgObJkE40tFYvJ6GXAQiaGHCIWSVObgO3zj6xkdbEFMmJ/z\r\nr2Wet5KEcUDtUBhA4dUUoaPVz69u46V56Vscy3lXu1Ylsk84j5lUPLdsAxtultP4OPQoOTpnY8kx\r\nWkH6kgO5gTKE3HRvoVIjU4xJ0JQ746zy/8GdQA36SaNiz4U3u10zFZg2Rkv2dL1Lv58EXL02r5q5\r\nB/nhVH/M1joTvpRvaeEpAJhkIA9NkpvbGEpSdcA0OrtOOeGtrsiOyMBYkjpB5nw0cJY1QHOr3nIv\r\nJ2OnY+OKJbDSrhFqWsk8/1q6Z1WNvONz7te1pAtHerdPi5pCHeiXCNpv+fadwP0k8czaf2Vs19nY\r\nsgWn5uIyLQL8EehdBzCbOKJy9sl86S4Fqe4HGyAtmqGlaWOsq2A6O/paMi3BSmWTDbgPLCPBbPte\r\n/bsuAEF4ajkPEES3GHP9AgMBAAGjggGtMIIBqTAdBgNVHQ4EFgQUx7KcfxzjuFrv6WgaqF2UwSZS\r\namgwHwYDVR0jBBgwFoAUTiJUIBiV5uNu5g/6+rkS7QYXjzkwDgYDVR0PAQH/BAQDAgGGMB0GA1Ud\r\nJQQWMBQGCCsGAQUFBwMBBggrBgEFBQcDAjASBgNVHRMBAf8ECDAGAQH/AgEAMHYGCCsGAQUFBwEB\r\nBGowaDAkBggrBgEFBQcwAYYYaHR0cDovL29jc3AuZGlnaWNlcnQuY29tMEAGCCsGAQUFBzAChjRo\r\ndHRwOi8vY2FjZXJ0cy5kaWdpY2VydC5jb20vRGlnaUNlcnRHbG9iYWxSb290RzIuY3J0MHsGA1Ud\r\nHwR0MHIwN6A1oDOGMWh0dHA6Ly9jcmwzLmRpZ2ljZXJ0LmNvbS9EaWdpQ2VydEdsb2JhbFJvb3RH\r\nMi5jcmwwN6A1oDOGMWh0dHA6Ly9jcmw0LmRpZ2ljZXJ0LmNvbS9EaWdpQ2VydEdsb2JhbFJvb3RH\r\nMi5jcmwwHQYDVR0gBBYwFDAIBgZngQwBAgEwCAYGZ4EMAQICMBAGCSsGAQQBgjcVAQQDAgEAMA0G\r\nCSqGSIb3DQEBDAUAA4IBAQAe+G+G2RFdWtYxLIKMR5H/aVNFjNP7Jdeu+oZaKaIu7U3NidykFr99\r\n4jSxMBMV768ukJ5/hLSKsuj/SLjmAfwRAZ+w0RGqi/kOvPYUlBr/sKOwr3tVkg9ccZBebnBVG+DL\r\nKTp2Ox0+jYBCPxla5FO252qpk7/6wt8SZk3diSU12Jm7if/jjkhkGB/e8UdfrKoLytDvqVeiwPA5\r\nFPzqKoSqN75byLjsIKJEdNi07SY45hN/RUnsmIoAf93qlaHR/SJWVRhrWt3JmeoBJ2RDK492zF6T\r\nGu1moh4aE6e00YkwTPWreuwvaLB220vWmtgZPs+DSIb2d9hPBdCJgvcho1c7\r\n-----END
        CERTIFICATE-----\r\n"},{"pem":"-----BEGIN CERTIFICATE-----\r\nMIIF8zCCBNugAwIBAgIQDGrpfM7VmYOGkKAKnqUyFDANBgkqhkiG9w0BAQwFADBhMQswCQYDVQQG\r\nEwJVUzEVMBMGA1UEChMMRGlnaUNlcnQgSW5jMRkwFwYDVQQLExB3d3cuZGlnaWNlcnQuY29tMSAw\r\nHgYDVQQDExdEaWdpQ2VydCBHbG9iYWwgUm9vdCBHMjAeFw0yMDA3MjkxMjMwMDBaFw0yNDA2Mjcy\r\nMzU5NTlaMFkxCzAJBgNVBAYTAlVTMR4wHAYDVQQKExVNaWNyb3NvZnQgQ29ycG9yYXRpb24xKjAo\r\nBgNVBAMTIU1pY3Jvc29mdCBBenVyZSBUTFMgSXNzdWluZyBDQSAwMjCCAiIwDQYJKoZIhvcNAQEB\r\nBQADggIPADCCAgoCggIBAOBiO1K6Fk4fHI6t3mJkpg7lxoeUgL8tz9wuI2z0UgY8vFra3VBo7Qzn\r\nC4K3s9jqKWEyIQY11Le0108bSYa/TK0aioO6itpGiigEG+vH/iqtQXPSu6D804ri0NFZ1SOP9Izj\r\nYuQiK6AWntCqP4WAcZAPtpNrNLPBIyiqmiTDS4dlFg1dskMuVpT4z0MpgEMmxQnrSZ615rBQ25vn\r\nVbBNig04FCsh1V3S8ve5Gzh08oIrL/g5xq95oRrgEeOBIeiegQpoKrLYyo3R1Tt48HmSJCBYQ52Q\r\nc34RgxQdZsLXMUrWuL1JLAZP6yeo47ySSxKCjhq5/AUWvQBP3N/cP/iJzKKKw23qJ/kkVrE0DSVD\r\niIiXWF0c9abSGhYl9SPl86IHcIAIzwelJ4SKpHrVbh0/w4YHdFi5QbdAp7O5KxfxBYhQOeHyis01\r\nzkpYn6SqUFGvbK8eZ8y9Aclt8PIUftMG6q5BhdlBZkDDV3n70RlXwYvllzfZ/nV94l+hYp+GLW7j\r\nSmpxZLG/XEz4OXtTtWwLV+IkIOe/EDF79KCazW2SXOIvVInPoi1PqN4TudNv0GyBF5tRC/aBjUqp\r\nly1YYfeKwgRVs83z5kuiOicmdGZKH9SqU5bnKse7IlyfZLg6yAxYyTNe7A9acJ3/pGmCIkJ/9dfL\r\nUFc4hYb3YyIIYGmqm2/3AgMBAAGjggGtMIIBqTAdBgNVHQ4EFgQUAKuR/CFiJpeaqHkbYUGQYKli\r\nZ/0wHwYDVR0jBBgwFoAUTiJUIBiV5uNu5g/6+rkS7QYXjzkwDgYDVR0PAQH/BAQDAgGGMB0GA1Ud\r\nJQQWMBQGCCsGAQUFBwMBBggrBgEFBQcDAjASBgNVHRMBAf8ECDAGAQH/AgEAMHYGCCsGAQUFBwEB\r\nBGowaDAkBggrBgEFBQcwAYYYaHR0cDovL29jc3AuZGlnaWNlcnQuY29tMEAGCCsGAQUFBzAChjRo\r\ndHRwOi8vY2FjZXJ0cy5kaWdpY2VydC5jb20vRGlnaUNlcnRHbG9iYWxSb290RzIuY3J0MHsGA1Ud\r\nHwR0MHIwN6A1oDOGMWh0dHA6Ly9jcmwzLmRpZ2ljZXJ0LmNvbS9EaWdpQ2VydEdsb2JhbFJvb3RH\r\nMi5jcmwwN6A1oDOGMWh0dHA6Ly9jcmw0LmRpZ2ljZXJ0LmNvbS9EaWdpQ2VydEdsb2JhbFJvb3RH\r\nMi5jcmwwHQYDVR0gBBYwFDAIBgZngQwBAgEwCAYGZ4EMAQICMBAGCSsGAQQBgjcVAQQDAgEAMA0G\r\nCSqGSIb3DQEBDAUAA4IBAQAzo/KdmWPPTaYLQW7J5DqxEiBT9QyYGUfeZd7TR1837H6DSkFa/mGM\r\n1kLwi5y9miZKA9k6T9OwTx8CflcvbNO2UkFW0VCldEGHiyx5421+HpRxMQIRjligePtOtRGXwaNO\r\nQ7ySWfJhRhKcPKe2PGFHQI7/3n+T3kXQ/SLu2lk9Qs5YgSJ3VhxBUznYn1KVKJWPE07M55kuUgCq\r\nuAV0PksZj7EC4nK6e/UVbPumlj1nyjlxhvNud4WYmr4ntbBev6cSbK78dpI/3cr7P/WJPYJuL0Es\r\nO3MgjS3eDCX7NXp5ylue3TcpQfRU8BL+yZC1wqX98R4ndw7X4qfGaE7SlF7I\r\n-----END
        CERTIFICATE-----\r\n"},{"pem":"-----BEGIN CERTIFICATE-----\r\nMIIDqDCCAy6gAwIBAgIQDo2+XqYQ5su1acc29tcASzAKBggqhkjOPQQDAzBhMQswCQYDVQQGEwJV\r\nUzEVMBMGA1UEChMMRGlnaUNlcnQgSW5jMRkwFwYDVQQLExB3d3cuZGlnaWNlcnQuY29tMSAwHgYD\r\nVQQDExdEaWdpQ2VydCBHbG9iYWwgUm9vdCBHMzAeFw0yMDA4MTIwMDAwMDBaFw0yNDA2MjcyMzU5\r\nNTlaMF0xCzAJBgNVBAYTAlVTMR4wHAYDVQQKExVNaWNyb3NvZnQgQ29ycG9yYXRpb24xLjAsBgNV\r\nBAMTJU1pY3Jvc29mdCBBenVyZSBFQ0MgVExTIElzc3VpbmcgQ0EgMDIwdjAQBgcqhkjOPQIBBgUr\r\ngQQAIgNiAATlxJr7ThHOTChFtITU0Taop1bFSVf3h9toLKI7bi0GVWd3a3uQVIImulk4pdVuOkoC\r\nI+wEIBkrsEnNUrH28+uUXb48SnwzdhArFcG3zygvZEnBYdcWNlOLKZ5XZhqUZKKjggGtMIIBqTAd\r\nBgNVHQ4EFgQUneUOdzdHngkz2ZC+KgnCEn9O0qMwHwYDVR0jBBgwFoAUs9tIpPmhxdiuNkHMEWNp\r\nYim8S8YwDgYDVR0PAQH/BAQDAgGGMB0GA1UdJQQWMBQGCCsGAQUFBwMBBggrBgEFBQcDAjASBgNV\r\nHRMBAf8ECDAGAQH/AgEAMHYGCCsGAQUFBwEBBGowaDAkBggrBgEFBQcwAYYYaHR0cDovL29jc3Au\r\nZGlnaWNlcnQuY29tMEAGCCsGAQUFBzAChjRodHRwOi8vY2FjZXJ0cy5kaWdpY2VydC5jb20vRGln\r\naUNlcnRHbG9iYWxSb290RzMuY3J0MHsGA1UdHwR0MHIwN6A1oDOGMWh0dHA6Ly9jcmwzLmRpZ2lj\r\nZXJ0LmNvbS9EaWdpQ2VydEdsb2JhbFJvb3RHMy5jcmwwN6A1oDOGMWh0dHA6Ly9jcmw0LmRpZ2lj\r\nZXJ0LmNvbS9EaWdpQ2VydEdsb2JhbFJvb3RHMy5jcmwwHQYDVR0gBBYwFDAIBgZngQwBAgEwCAYG\r\nZ4EMAQICMBAGCSsGAQQBgjcVAQQDAgEAMAoGCCqGSM49BAMDA2gAMGUCMCIdzL1WliSNxC+uX8Iz\r\ngfyxdmELlX0I7TtWowrKUov8QSfi57irRIGpHvmxoFW7XQIxAPdJJZ/jAbKJ5lS21mLnKcdsctXO\r\ntl2eFVqGSfIFWbJUihZCKesfoSMThZ4fa/Ir8g==\r\n-----END
        CERTIFICATE-----\r\n"},{"pem":"-----BEGIN CERTIFICATE-----\r\nMIICPzCCAcWgAwIBAgIQBVVWvPJepDU1w6QP1atFcjAKBggqhkjOPQQDAzBhMQswCQYDVQQGEwJV\r\nUzEVMBMGA1UEChMMRGlnaUNlcnQgSW5jMRkwFwYDVQQLExB3d3cuZGlnaWNlcnQuY29tMSAwHgYD\r\nVQQDExdEaWdpQ2VydCBHbG9iYWwgUm9vdCBHMzAeFw0xMzA4MDExMjAwMDBaFw0zODAxMTUxMjAw\r\nMDBaMGExCzAJBgNVBAYTAlVTMRUwEwYDVQQKEwxEaWdpQ2VydCBJbmMxGTAXBgNVBAsTEHd3dy5k\r\naWdpY2VydC5jb20xIDAeBgNVBAMTF0RpZ2lDZXJ0IEdsb2JhbCBSb290IEczMHYwEAYHKoZIzj0C\r\nAQYFK4EEACIDYgAE3afZu4q4C/sLfyHS8L6+c/MzXRq8NOrexpu80JX28MzQC7phW1FGfp4tn+6O\r\nYwwX7Adw9c+ELkCDnOg/QW07rdOkFFk2eJ0DQ+4QE2xy3q6Ip6FrtUPOZ9wj/wMco+I+o0IwQDAP\r\nBgNVHRMBAf8EBTADAQH/MA4GA1UdDwEB/wQEAwIBhjAdBgNVHQ4EFgQUs9tIpPmhxdiuNkHMEWNp\r\nYim8S8YwCgYIKoZIzj0EAwMDaAAwZQIxAK288mw/EkrRLTnDCgmXc/SINoyIJ7vmiI1Qhadj+Z4y\r\n3maTD/HMsQmP3Wyr+mt/oAIwOWZbwmSNuJ5Q3KjVSaLtx9zRSX8XAbjIho9OjIgrqJqpisXRAL34\r\nVOKa5Vt8sycX\r\n-----END
        CERTIFICATE-----\r\n"},{"pem":"-----BEGIN CERTIFICATE-----\r\nMIIDqDCCAy6gAwIBAgIQBm55zXYkxjEwx3q+tqi7lDAKBggqhkjOPQQDAzBhMQswCQYDVQQGEwJV\r\nUzEVMBMGA1UEChMMRGlnaUNlcnQgSW5jMRkwFwYDVQQLExB3d3cuZGlnaWNlcnQuY29tMSAwHgYD\r\nVQQDExdEaWdpQ2VydCBHbG9iYWwgUm9vdCBHMzAeFw0yMDA4MTIwMDAwMDBaFw0yNDA2MjcyMzU5\r\nNTlaMF0xCzAJBgNVBAYTAlVTMR4wHAYDVQQKExVNaWNyb3NvZnQgQ29ycG9yYXRpb24xLjAsBgNV\r\nBAMTJU1pY3Jvc29mdCBBenVyZSBFQ0MgVExTIElzc3VpbmcgQ0EgMDYwdjAQBgcqhkjOPQIBBgUr\r\ngQQAIgNiAARodFftKDyrox+TSSyDI1N0mihPAZTht8YaqlSbw8xGGrHBU6msYCcfjOdsbxmOyYv4\r\naF1IlXQWxionC+Z4BuqhQobPhgmB6sFxES9K441KK9QLTUWQYapoCbyfodkT/JqjggGtMIIBqTAd\r\nBgNVHQ4EFgQUH87HnWRTX7b8lQeulSYzUcEn2SYwHwYDVR0jBBgwFoAUs9tIpPmhxdiuNkHMEWNp\r\nYim8S8YwDgYDVR0PAQH/BAQDAgGGMB0GA1UdJQQWMBQGCCsGAQUFBwMBBggrBgEFBQcDAjASBgNV\r\nHRMBAf8ECDAGAQH/AgEAMHYGCCsGAQUFBwEBBGowaDAkBggrBgEFBQcwAYYYaHR0cDovL29jc3Au\r\nZGlnaWNlcnQuY29tMEAGCCsGAQUFBzAChjRodHRwOi8vY2FjZXJ0cy5kaWdpY2VydC5jb20vRGln\r\naUNlcnRHbG9iYWxSb290RzMuY3J0MHsGA1UdHwR0MHIwN6A1oDOGMWh0dHA6Ly9jcmwzLmRpZ2lj\r\nZXJ0LmNvbS9EaWdpQ2VydEdsb2JhbFJvb3RHMy5jcmwwN6A1oDOGMWh0dHA6Ly9jcmw0LmRpZ2lj\r\nZXJ0LmNvbS9EaWdpQ2VydEdsb2JhbFJvb3RHMy5jcmwwHQYDVR0gBBYwFDAIBgZngQwBAgEwCAYG\r\nZ4EMAQICMBAGCSsGAQQBgjcVAQQDAgEAMAoGCCqGSM49BAMDA2gAMGUCMC6mseL4nziiCiMxO4ZV\r\nukItZ0JU3nZqpHmDkw3apBtupflaKdHeRqDc/jYXJJagnAIxAPTYJFPD55v1mmssDLRzYpB1DIJT\r\nasbhYvJr69O4PdqSjyrJzduOGHdE3+5NmWy/Ag==\r\n-----END
        CERTIFICATE-----\r\n"},{"pem":"-----BEGIN CERTIFICATE-----\r\nMIIDqTCCAy6gAwIBAgIQCdxCpfV0/zo4nuBtXU3kQDAKBggqhkjOPQQDAzBhMQswCQYDVQQGEwJV\r\nUzEVMBMGA1UEChMMRGlnaUNlcnQgSW5jMRkwFwYDVQQLExB3d3cuZGlnaWNlcnQuY29tMSAwHgYD\r\nVQQDExdEaWdpQ2VydCBHbG9iYWwgUm9vdCBHMzAeFw0yMDA4MTIwMDAwMDBaFw0yNDA2MjcyMzU5\r\nNTlaMF0xCzAJBgNVBAYTAlVTMR4wHAYDVQQKExVNaWNyb3NvZnQgQ29ycG9yYXRpb24xLjAsBgNV\r\nBAMTJU1pY3Jvc29mdCBBenVyZSBFQ0MgVExTIElzc3VpbmcgQ0EgMDEwdjAQBgcqhkjOPQIBBgUr\r\ngQQAIgNiAAS2l9suuS4cCc6TIq49UKNhdFf8aqX+bCNy9qS+Z6oMvojY9juMwieyeWnamryKdYYm\r\nm/Gp7dLAJdOqbDPkpjf1hwFpXzfHvMS7dkYAOZznH9xAXB2DhYZtyhGqcyE6j5yjggGtMIIBqTAd\r\nBgNVHQ4EFgQUqv0wDdei1e+KencxqmamwmwRu28wHwYDVR0jBBgwFoAUs9tIpPmhxdiuNkHMEWNp\r\nYim8S8YwDgYDVR0PAQH/BAQDAgGGMB0GA1UdJQQWMBQGCCsGAQUFBwMBBggrBgEFBQcDAjASBgNV\r\nHRMBAf8ECDAGAQH/AgEAMHYGCCsGAQUFBwEBBGowaDAkBggrBgEFBQcwAYYYaHR0cDovL29jc3Au\r\nZGlnaWNlcnQuY29tMEAGCCsGAQUFBzAChjRodHRwOi8vY2FjZXJ0cy5kaWdpY2VydC5jb20vRGln\r\naUNlcnRHbG9iYWxSb290RzMuY3J0MHsGA1UdHwR0MHIwN6A1oDOGMWh0dHA6Ly9jcmwzLmRpZ2lj\r\nZXJ0LmNvbS9EaWdpQ2VydEdsb2JhbFJvb3RHMy5jcmwwN6A1oDOGMWh0dHA6Ly9jcmw0LmRpZ2lj\r\nZXJ0LmNvbS9EaWdpQ2VydEdsb2JhbFJvb3RHMy5jcmwwHQYDVR0gBBYwFDAIBgZngQwBAgEwCAYG\r\nZ4EMAQICMBAGCSsGAQQBgjcVAQQDAgEAMAoGCCqGSM49BAMDA2kAMGYCMQDQRUmslOjL+aU3alpy\r\neQ9dwKPz1wGGCTBQqaB/99pLQQEjTd3qyc9dX2Pw8ZRnR4oCMQC+BRXUqY73PRgE7vNdX6Jwrwof\r\nyl27okJaXLVbi6O96eB3a59r8IytP2M8Pubw0hM=\r\n-----END
        CERTIFICATE-----\r\n"},{"pem":"-----BEGIN CERTIFICATE-----\r\nMIIDqTCCAy6gAwIBAgIQDOWcMP16g1MuLQFGszL5ZTAKBggqhkjOPQQDAzBhMQswCQYDVQQGEwJV\r\nUzEVMBMGA1UEChMMRGlnaUNlcnQgSW5jMRkwFwYDVQQLExB3d3cuZGlnaWNlcnQuY29tMSAwHgYD\r\nVQQDExdEaWdpQ2VydCBHbG9iYWwgUm9vdCBHMzAeFw0yMDA4MTIwMDAwMDBaFw0yNDA2MjcyMzU5\r\nNTlaMF0xCzAJBgNVBAYTAlVTMR4wHAYDVQQKExVNaWNyb3NvZnQgQ29ycG9yYXRpb24xLjAsBgNV\r\nBAMTJU1pY3Jvc29mdCBBenVyZSBFQ0MgVExTIElzc3VpbmcgQ0EgMDUwdjAQBgcqhkjOPQIBBgUr\r\ngQQAIgNiAATMpLWI9tiXgEukKWh1kjMYAKbaq50AY1+CBCU/yuChcnzPTKO8Jgj00Z4y2Ic41I59\r\nkHUW7v10Ug2eFNaW6LEwnKkab33I+nswrHlTK0009agqhbSVs1LByY/g26RvTt2jggGtMIIBqTAd\r\nBgNVHQ4EFgQUVd/uHies8p4rnoA5NXlWRzrOsxAwHwYDVR0jBBgwFoAUs9tIpPmhxdiuNkHMEWNp\r\nYim8S8YwDgYDVR0PAQH/BAQDAgGGMB0GA1UdJQQWMBQGCCsGAQUFBwMBBggrBgEFBQcDAjASBgNV\r\nHRMBAf8ECDAGAQH/AgEAMHYGCCsGAQUFBwEBBGowaDAkBggrBgEFBQcwAYYYaHR0cDovL29jc3Au\r\nZGlnaWNlcnQuY29tMEAGCCsGAQUFBzAChjRodHRwOi8vY2FjZXJ0cy5kaWdpY2VydC5jb20vRGln\r\naUNlcnRHbG9iYWxSb290RzMuY3J0MHsGA1UdHwR0MHIwN6A1oDOGMWh0dHA6Ly9jcmwzLmRpZ2lj\r\nZXJ0LmNvbS9EaWdpQ2VydEdsb2JhbFJvb3RHMy5jcmwwN6A1oDOGMWh0dHA6Ly9jcmw0LmRpZ2lj\r\nZXJ0LmNvbS9EaWdpQ2VydEdsb2JhbFJvb3RHMy5jcmwwHQYDVR0gBBYwFDAIBgZngQwBAgEwCAYG\r\nZ4EMAQICMBAGCSsGAQQBgjcVAQQDAgEAMAoGCCqGSM49BAMDA2kAMGYCMQCu22LB4kPjxpFT4OeZ\r\nuLnvAnjQe7bEn4xSyqCz+N54fjhE0lWrh80BvbiKtL0RQTsCMQDvmxaAuzNlRJctCgdw8UUAS4Jg\r\nj0Z1YCj/1pNDE/Jvfb3T81ELCvjeXnMjIlgYNP8=\r\n-----END
        CERTIFICATE-----\r\n"},{"pem":"-----BEGIN CERTIFICATE-----\r\nMIIEQzCCAyugAwIBAgIQCidf5wTW7ssj1c1bSxpOBDANBgkqhkiG9w0BAQwFADBhMQswCQYDVQQG\r\nEwJVUzEVMBMGA1UEChMMRGlnaUNlcnQgSW5jMRkwFwYDVQQLExB3d3cuZGlnaWNlcnQuY29tMSAw\r\nHgYDVQQDExdEaWdpQ2VydCBHbG9iYWwgUm9vdCBDQTAeFw0yMDA5MjMwMDAwMDBaFw0zMDA5MjIy\r\nMzU5NTlaMFYxCzAJBgNVBAYTAlVTMRUwEwYDVQQKEwxEaWdpQ2VydCBJbmMxMDAuBgNVBAMTJ0Rp\r\nZ2lDZXJ0IFRMUyBIeWJyaWQgRUNDIFNIQTM4NCAyMDIwIENBMTB2MBAGByqGSM49AgEGBSuBBAAi\r\nA2IABMEbxppbmNmkKaDp1AS12+umsmxVwP/tmMZJLwYnUcu/cMEFesOxnYeJuq20ExfJqLSDyLiQ\r\n0cx0NTY8g3KwtdD3ImnI8YDEe0CPz2iHJlw5ifFNkU3aiYvkA8ND5b8vc6OCAa4wggGqMB0GA1Ud\r\nDgQWBBQKvAgpF4ylOW16Ds4zxy6z7fvDejAfBgNVHSMEGDAWgBQD3lA1VtFMu2bwo+IbG8OXsj3R\r\nVTAOBgNVHQ8BAf8EBAMCAYYwHQYDVR0lBBYwFAYIKwYBBQUHAwEGCCsGAQUFBwMCMBIGA1UdEwEB\r\n/wQIMAYBAf8CAQAwdgYIKwYBBQUHAQEEajBoMCQGCCsGAQUFBzABhhhodHRwOi8vb2NzcC5kaWdp\r\nY2VydC5jb20wQAYIKwYBBQUHMAKGNGh0dHA6Ly9jYWNlcnRzLmRpZ2ljZXJ0LmNvbS9EaWdpQ2Vy\r\ndEdsb2JhbFJvb3RDQS5jcnQwewYDVR0fBHQwcjA3oDWgM4YxaHR0cDovL2NybDMuZGlnaWNlcnQu\r\nY29tL0RpZ2lDZXJ0R2xvYmFsUm9vdENBLmNybDA3oDWgM4YxaHR0cDovL2NybDQuZGlnaWNlcnQu\r\nY29tL0RpZ2lDZXJ0R2xvYmFsUm9vdENBLmNybDAwBgNVHSAEKTAnMAcGBWeBDAEBMAgGBmeBDAEC\r\nATAIBgZngQwBAgIwCAYGZ4EMAQIDMA0GCSqGSIb3DQEBDAUAA4IBAQDeOpcbhb17jApY4+PwCwYA\r\neq9EYyp/3YFtERim+vc4YLGwOWK9uHsu8AjJkltz32WQt960V6zALxyZZ02LXvIBoa33llPN1d9R\r\nJzcGRvJvPDGJLEoWKRGC5+23QhST4Nlg+j8cZMsywzEXJNmvPlVv/w+AbxsBCMqkBGPI2lNM8hkm\r\nxPad31z6n58SXqJdH/bYF462YvgdgbYKOytobPAyTgr3mYI5sUjeCzqJx1+NLyc8nAK8Ib2HxnC+\r\nIrrWzfRLvVNve8KaN9EtBH7TuMwNW4SpDCmGr6fY1h3tDjHhkTb9PA36zoaJzu0cIw265vZt6hCm\r\nYWJC+/j+fgZwcPwL\r\n-----END
        CERTIFICATE-----\r\n"},{"pem":"-----BEGIN CERTIFICATE-----\r\nMIIEFzCCAv+gAwIBAgIQB/LzXIeod6967+lHmTUlvTANBgkqhkiG9w0BAQwFADBhMQswCQYDVQQG\r\nEwJVUzEVMBMGA1UEChMMRGlnaUNlcnQgSW5jMRkwFwYDVQQLExB3d3cuZGlnaWNlcnQuY29tMSAw\r\nHgYDVQQDExdEaWdpQ2VydCBHbG9iYWwgUm9vdCBDQTAeFw0yMTA0MTQwMDAwMDBaFw0zMTA0MTMy\r\nMzU5NTlaMFYxCzAJBgNVBAYTAlVTMRUwEwYDVQQKEwxEaWdpQ2VydCBJbmMxMDAuBgNVBAMTJ0Rp\r\nZ2lDZXJ0IFRMUyBIeWJyaWQgRUNDIFNIQTM4NCAyMDIwIENBMTB2MBAGByqGSM49AgEGBSuBBAAi\r\nA2IABMEbxppbmNmkKaDp1AS12+umsmxVwP/tmMZJLwYnUcu/cMEFesOxnYeJuq20ExfJqLSDyLiQ\r\n0cx0NTY8g3KwtdD3ImnI8YDEe0CPz2iHJlw5ifFNkU3aiYvkA8ND5b8vc6OCAYIwggF+MBIGA1Ud\r\nEwEB/wQIMAYBAf8CAQAwHQYDVR0OBBYEFAq8CCkXjKU5bXoOzjPHLrPt+8N6MB8GA1UdIwQYMBaA\r\nFAPeUDVW0Uy7ZvCj4hsbw5eyPdFVMA4GA1UdDwEB/wQEAwIBhjAdBgNVHSUEFjAUBggrBgEFBQcD\r\nAQYIKwYBBQUHAwIwdgYIKwYBBQUHAQEEajBoMCQGCCsGAQUFBzABhhhodHRwOi8vb2NzcC5kaWdp\r\nY2VydC5jb20wQAYIKwYBBQUHMAKGNGh0dHA6Ly9jYWNlcnRzLmRpZ2ljZXJ0LmNvbS9EaWdpQ2Vy\r\ndEdsb2JhbFJvb3RDQS5jcnQwQgYDVR0fBDswOTA3oDWgM4YxaHR0cDovL2NybDMuZGlnaWNlcnQu\r\nY29tL0RpZ2lDZXJ0R2xvYmFsUm9vdENBLmNybDA9BgNVHSAENjA0MAsGCWCGSAGG/WwCATAHBgVn\r\ngQwBATAIBgZngQwBAgEwCAYGZ4EMAQICMAgGBmeBDAECAzANBgkqhkiG9w0BAQwFAAOCAQEAR1mB\r\nf9QbH7Bx9phdGLqYR5iwfnYr6v8ai6wms0KNMeZK6BnQ79oU59cUkqGS8qcuLa/7Hfb7U7CKP/zY\r\nFgrpsC62pQsYkDUmotr2qLcy/JUjS8ZFucTP5Hzu5sn4kL1y45nDHQsFfGqXbbKrAjbYwrwsAZI/\r\nBKOLdRHHuSm8EdCGupK8JvllyDfNJvaGEwwEqonleLHBTnm8dqMLUeTF0J5q/hosVq4GNiejcxwI\r\nfZMy0MJEGdqN9A57HSgDKwmKdsp33Id6rHtSJlWncg+d0ohP/rEhxRqhqjn1VtvChMQ1H3Dau0bw\r\nhr9kAMQ+959GG50jBbl9s08PqUU643QwmA==\r\n-----END
        CERTIFICATE-----\r\n"},{"pem":"-----BEGIN CERTIFICATE-----\r\nMIIFrTCCBJWgAwIBAgIQB9JqWPDx4GjFlGd8ZBuA+DANBgkqhkiG9w0BAQsFADBaMQswCQYDVQQG\r\nEwJJRTESMBAGA1UEChMJQmFsdGltb3JlMRMwEQYDVQQLEwpDeWJlclRydXN0MSIwIAYDVQQDExlC\r\nYWx0aW1vcmUgQ3liZXJUcnVzdCBSb290MB4XDTIyMDQwNzAwMDAwMFoXDTI1MDUxMTIzNTk1OVow\r\nSjELMAkGA1UEBhMCVVMxHjAcBgNVBAoTFU1pY3Jvc29mdCBDb3Jwb3JhdGlvbjEbMBkGA1UEAxMS\r\nTVNGVCBCQUxUIFJTMjU2IENBMIICIjANBgkqhkiG9w0BAQEFAAOCAg8AMIICCgKCAgEAwTgQW2vE\r\ntqjPda6g6ZwoqAqb1mdoiFEqeYB8nex6Y0mSgW8NnF4C+MiF1MCFjSlWYgkIVycQ4E86g7znUL1u\r\nVdkEol39U6UiogypLAsQh58fDe7goJrTE36BfQBeS9qx/rvfUPv/PhR74miZsc7nOUsaoMMS76LN\r\nymDhXD+imVseHynsmN2D2AJQZ/7nompXsn/NHIdQF2hqFdLqb6tanGSZuCqCvnf9kJ7RNQipq8lo\r\nzQhWSIQu6tQh2Rs+1iv2wEH7XJgSq8rcsnk4qI9uzfcvhPUNwU14a2rtnahcfUBHrjsaCsB7Ubgj\r\nqi+s9j3POkBCcBDW4x84kAwhpGNYIp1abupXdBPPZYZ6VI3ViA9xeoql/ig8tlGLHsalfYb69Hbm\r\nMGdrwDYmf4YIuLmWSBBynmOJUcNSaDSEtKxERNwcUHzrrp9A9SaC4eg8ZK6J5R5mbVr5eegELzWT\r\nvPtXjiCXlfDvpr+PXLchwEkV3xjymdZd7eq+NmaSafY5mCm/C/KF5eQOhgaXomERa2brYyUazJPQ\r\nzoyHwFOdKpfNINqRg+TnzwXoapbZzVXdquafgUYuHOa28T8/nv85tV20kxQMUy+ICV4anHsAibEp\r\nzgLuDV1Cl9CpoDMOL7fFYOpKXn/zLAG5ZyWW6h426JHq5SKWV4z4utoSDiqMGsZpL1UCAwEAAaOC\r\nAX0wggF5MBIGA1UdEwEB/wQIMAYBAf8CAQAwHQYDVR0OBBYEFEa78CwfKmRLIeiu3crbctSqIShc\r\nMB8GA1UdIwQYMBaAFOWdWTCCR1jMrPoIVDaGezq1BE3wMA4GA1UdDwEB/wQEAwIBhjAdBgNVHSUE\r\nFjAUBggrBgEFBQcDAQYIKwYBBQUHAwIweQYIKwYBBQUHAQEEbTBrMCQGCCsGAQUFBzABhhhodHRw\r\nOi8vb2NzcC5kaWdpY2VydC5jb20wQwYIKwYBBQUHMAKGN2h0dHA6Ly9jYWNlcnRzLmRpZ2ljZXJ0\r\nLmNvbS9CYWx0aW1vcmVDeWJlclRydXN0Um9vdC5jcnQwOgYDVR0fBDMwMTAvoC2gK4YpaHR0cDov\r\nL2NybDMuZGlnaWNlcnQuY29tL09tbmlyb290MjAyNS5jcmwwPQYDVR0gBDYwNDALBglghkgBhv1s\r\nAgEwBwYFZ4EMAQEwCAYGZ4EMAQIBMAgGBmeBDAECAjAIBgZngQwBAgMwDQYJKoZIhvcNAQELBQAD\r\nggEBADOP/3F1jZdadZfbmTfTRjJXHHjisxhiFlVL87cG9PLYIgn5E3xfuGKBnaGXnfdGlPBQuwB2\r\nlKIUA1/JuE5CYF//6Kpa087EDV+Vn3pJ04VkIibNi48Efjs6ROSWPeSd/CzqXB15LbeLB8v7tm4f\r\nsD7CRhERJJUfVkGP8s9249cy7V63SovqP6EYQhFxP0lwJUbzhmMNx37mjnK9dMiKhNKhGQ2KUBdH\r\n/NuiuBL11h2mFowSiuNq6sGBNv9JwwKBHQQ05jhzxXEJiw9lcCYg+2yIk5p6IY4ArdAwi4oZ4knE\r\noyyUmOQy/MkTEdsSptaEbOoBncTBFX2YkXulNYTPyz4=\r\n-----END
        CERTIFICATE-----\r\n"},{"pem":"-----BEGIN CERTIFICATE-----\r\nMIIEtjCCA56gAwIBAgIQCv1eRG9c89YADp5Gwibf9jANBgkqhkiG9w0BAQsFADBhMQswCQYDVQQG\r\nEwJVUzEVMBMGA1UEChMMRGlnaUNlcnQgSW5jMRkwFwYDVQQLExB3d3cuZGlnaWNlcnQuY29tMSAw\r\nHgYDVQQDExdEaWdpQ2VydCBHbG9iYWwgUm9vdCBHMjAeFw0yMjA0MjgwMDAwMDBaFw0zMjA0Mjcy\r\nMzU5NTlaMEcxCzAJBgNVBAYTAlVTMR4wHAYDVQQKExVNaWNyb3NvZnQgQ29ycG9yYXRpb24xGDAW\r\nBgNVBAMTD01TRlQgUlMyNTYgQ0EtMTCCASIwDQYJKoZIhvcNAQEBBQADggEPADCCAQoCggEBAMiJ\r\nV34oeVNHI0mZGh1Rj9mdde3zSY7IhQNqAmRaTzOeRye8QsfhYFXSiMW25JddlcqaqGJ9GEMcJPWB\r\nIBIEdNVYl1bB5KQOl+3m68p59Pu7npC74lJRY8F+p8PLKZAJjSkDD9ExmjHBlPcRrasgflPom3D0\r\nXB++nB1y+WLn+cB7DWLoj6qZSUDyWwnEDkkjfKee6ybxSAXq7oORPe9o2BKfgi7dTKlOd7eKhotw\r\n96yIgMx7yigE3Q3ARS8m+BOFZ/mx150gdKFfMcDNvSkCpxjVWnk//icrrmmEsn2xJbEuDCvtoSNv\r\nGIuCXxqhTM352HGfO2JKAF/Kjf5OrPn2QpECAwEAAaOCAYIwggF+MBIGA1UdEwEB/wQIMAYBAf8C\r\nAQAwHQYDVR0OBBYEFAyBfpQ5X8d3on8XFnk46DWWjn+UMB8GA1UdIwQYMBaAFE4iVCAYlebjbuYP\r\n+vq5Eu0GF485MA4GA1UdDwEB/wQEAwIBhjAdBgNVHSUEFjAUBggrBgEFBQcDAQYIKwYBBQUHAwIw\r\ndgYIKwYBBQUHAQEEajBoMCQGCCsGAQUFBzABhhhodHRwOi8vb2NzcC5kaWdpY2VydC5jb20wQAYI\r\nKwYBBQUHMAKGNGh0dHA6Ly9jYWNlcnRzLmRpZ2ljZXJ0LmNvbS9EaWdpQ2VydEdsb2JhbFJvb3RH\r\nMi5jcnQwQgYDVR0fBDswOTA3oDWgM4YxaHR0cDovL2NybDMuZGlnaWNlcnQuY29tL0RpZ2lDZXJ0\r\nR2xvYmFsUm9vdEcyLmNybDA9BgNVHSAENjA0MAsGCWCGSAGG/WwCATAHBgVngQwBATAIBgZngQwB\r\nAgEwCAYGZ4EMAQICMAgGBmeBDAECAzANBgkqhkiG9w0BAQsFAAOCAQEAdYWmf+ABklEQShTbhGPQ\r\nmH1c9BfnEgUFMJsNpzo9dvRj1Uek+L9WfI3kBQn97oUtf25BQsfckIIvTlE3WhA2Cg2yWLTVjH0N\r\ny03dGsqoFYIypnuAwhOWUPHAu++vaUMcPUTUpQCbeC1h4YW4CCSTYN37D2Q555wxnni0elPj9O0p\r\nymWS8gZnsfoKjvoYi/qDPZw1/TSRpenOgI6XjmlmPLBrk4LIw7P7PPg4uXUpCzzeybvARG/NIIkF\r\nv1eRYIbDF+bIkZbJQFdB9BjjlA4ukAg2YkOyCiB8eXTBi2APaceh3+uBLIgLk8ysy52g2U3gP7Q2\r\n6Jlgq/xKzj3O9hFh/g==\r\n-----END
        CERTIFICATE-----\r\n"},{"pem":"-----BEGIN CERTIFICATE-----\r\nMIIHmDCCBYCgAwIBAgITMwAAAC/68G9ml+JGnAAAAAAALzANBgkqhkiG9w0BAQwFADBlMQswCQYD\r\nVQQGEwJVUzEeMBwGA1UEChMVTWljcm9zb2Z0IENvcnBvcmF0aW9uMTYwNAYDVQQDEy1NaWNyb3Nv\r\nZnQgUlNBIFJvb3QgQ2VydGlmaWNhdGUgQXV0aG9yaXR5IDIwMTcwHhcNMjEwNjI0MjA1NzM1WhcN\r\nMjYwNjI0MjA1NzM1WjBbMQswCQYDVQQGEwJVUzEeMBwGA1UEChMVTWljcm9zb2Z0IENvcnBvcmF0\r\naW9uMSwwKgYDVQQDEyNNaWNyb3NvZnQgUlNBIFRMUyBJc3N1aW5nIEFPQyBDQSAwMTCCAiIwDQYJ\r\nKoZIhvcNAQEBBQADggIPADCCAgoCggIBAKAYz8zB6I+LeiWYURf1QUaISydvRgxWfcc6UvEiwvry\r\nj2UsRfFuREo2ErLTvP9qQ9E0YBTyWEqI2TXn4jo2uZ2cpGODiQQWlixeaAFcYgSqLzidFXj401vz\r\nQsz4E0zylD/ZeY+xkQ6xrdg5312x2u2Ap7AWLzqolZHZgR0aicn9gcO6M4qn6Uuge8mOve1N7U6j\r\n8ebhSiw0KlkzY9ha1Kvrez+NXQdeLC+VPDWPPPlBWeysTnIM6dusbV1v2/C7Ooz9TuGb8wiXRriP\r\npI7+igSIPqBebF00rHGJDmx9eN3g78VF9JpTrrRkV8alpMYVZKAh9IzMp9NWVZsw5wgZaX2W05Sa\r\nXkSHP3zROBANhKzwkBkCcDMbmF1LFOk+wgkcEtFlKEnfgvOQVHTp02gTzyhSxstw0buon4CyZAm1\r\nL+6bJJ+puNL8HuLTJxq1mqiaY0T50olJeySSX5uJBo/l29Pz+0WjANnhRLVqe5xdxPV11QGHDxnv\r\nsXaMgC4y/5sLo5v4UEZT+4VDcKiRHReusJD+kUt92FSYqWTKxs6zwuxf25as/rJbZT99o9QVFLfH\r\nEs6DgHKNIqQuVxZxH0T3M6XqfmnRTo1FrD8ip/93Q4zQta5S9whe/sAxpizwyMw/9fhBDHGVHfgF\r\nV1C0EP9zxkyHEya0CGAMhbzp+0Y/ZYxrAgMBAAGjggJJMIICRTAOBgNVHQ8BAf8EBAMCAYYwEAYJ\r\nKwYBBAGCNxUBBAMCAQAwHQYDVR0OBBYEFOtMMXw9PzK4g9fF23va5HjanBRXMB0GA1UdJQQWMBQG\r\nCCsGAQUFBwMBBggrBgEFBQcDAjAZBgkrBgEEAYI3FAIEDB4KAFMAdQBiAEMAQTASBgNVHRMBAf8E\r\nCDAGAQH/AgEAMB8GA1UdIwQYMBaAFAnLWX+GsnCPGsM548DZ6b+7TbIjMHAGA1UdHwRpMGcwZaBj\r\noGGGX2h0dHA6Ly93d3cubWljcm9zb2Z0LmNvbS9wa2lvcHMvY3JsL01pY3Jvc29mdCUyMFJTQSUy\r\nMFJvb3QlMjBDZXJ0aWZpY2F0ZSUyMEF1dGhvcml0eSUyMDIwMTcuY3JsMIGuBggrBgEFBQcBAQSB\r\noTCBnjBtBggrBgEFBQcwAoZhaHR0cDovL3d3dy5taWNyb3NvZnQuY29tL3BraW9wcy9jZXJ0cy9N\r\naWNyb3NvZnQlMjBSU0ElMjBSb290JTIwQ2VydGlmaWNhdGUlMjBBdXRob3JpdHklMjAyMDE3LmNy\r\ndDAtBggrBgEFBQcwAYYhaHR0cDovL29uZW9jc3AubWljcm9zb2Z0LmNvbS9vY3NwMHAGA1UdIARp\r\nMGcwCAYGZ4EMAQIBMAgGBmeBDAECAjBRBgwrBgEEAYI3TIN9AQEwQTA/BggrBgEFBQcCARYzaHR0\r\ncDovL3d3dy5taWNyb3NvZnQuY29tL3BraW9wcy9Eb2NzL1JlcG9zaXRvcnkuaHRtMA0GCSqGSIb3\r\nDQEBDAUAA4ICAQAkucWkMrgs2ahYrG7y4sY2yZno4f9TGyk7p+Srg4Yz/g7LmVeyOob9o579Omw9\r\nAiyeDK8Y/dXnTTof+sKJrlNTpIzyEBkzCiGGkWtp7x2yxLCm12L65wtmD/6OAV9Bm1kOhf3p7v+d\r\n3gtFt7cw46W35lr+fguy62s7uuytTV9hfhQ0pp2E2E9F6B7U71jR4bC+6zGq+34AmqTirjKHwXOh\r\nWDRDpEJIkaFAh+qdz/nqJktZj3n5GdC94jfWrMUJjClGjlc4+Ws3AxN46oFpx8oIXDG9wIPfFhUf\r\n0SdnCYJL8TD5+qBNp0H5q/V2R31Wi8rijHGQ4CxHqzP5VJbjgvRQgxAp39BrmLQ+JSvf9e5VqQqa\r\nH4NYgpB1WObq12B73BJHjBOvpRrULFjPqDW8sPRBzBTRXkXOPEdZbzQj6O/CWEFsg6ilO4thk3n3\r\ndrb9FEJjVh9uGtRXV6Ea5bNaPvJppZNXb7M9mORk3mddx/K1FgOETQE3quh+mU4ojbSRUWMVmjcb\r\n6bKF5oQd+Q0do4yaEIfH1oVnIas/FIE/xu3Z4fvBs0qdiNLCeNT6uS26vqD2PEvVlFWb683Do3Ls\r\n59MMCxhy6Erb7kFQgu1oUWXGFhbMQkeLN4TXGi6X3loXYfING9omnWa/udxvPRwAZmcHU2l2W8cw\r\nVXiy6uucsh3kPQ==\r\n-----END
        CERTIFICATE-----\r\n"},{"pem":"-----BEGIN CERTIFICATE-----\r\nMIIFqDCCA5CgAwIBAgIQHtOXCV/YtLNHcB6qvn9FszANBgkqhkiG9w0BAQwFADBlMQswCQYDVQQG\r\nEwJVUzEeMBwGA1UEChMVTWljcm9zb2Z0IENvcnBvcmF0aW9uMTYwNAYDVQQDEy1NaWNyb3NvZnQg\r\nUlNBIFJvb3QgQ2VydGlmaWNhdGUgQXV0aG9yaXR5IDIwMTcwHhcNMTkxMjE4MjI1MTIyWhcNNDIw\r\nNzE4MjMwMDIzWjBlMQswCQYDVQQGEwJVUzEeMBwGA1UEChMVTWljcm9zb2Z0IENvcnBvcmF0aW9u\r\nMTYwNAYDVQQDEy1NaWNyb3NvZnQgUlNBIFJvb3QgQ2VydGlmaWNhdGUgQXV0aG9yaXR5IDIwMTcw\r\nggIiMA0GCSqGSIb3DQEBAQUAA4ICDwAwggIKAoICAQDKW76UM4wplZEWCpW9R2LBifOZNt9GkMml\r\n7Xhqb0eRaPgnZ1AzHaGm++DlQ6OEAlcBXZxIQIJTELy/xztokLaCLeX0ZdDMbRnMlfl7rEqUrQ7e\r\nS0MdhweSE5CAg2Q1OQT85elss7YfUJQ4ZVBcF0a5toW1HLUX6NZFndiyJrDKxHBKrmCk3bPZ7Pw7\r\n1VdyvD/IybLeS2v4I2wDwAW9lcfNcztmgGTjGqwu+UcF8ga2m3P1eDNbx6H7JyqhtJqRjJHTOoI+\r\ndkC0zVJhUXAoP8XFWvLJjEm7FFtNyP9nTUwSlq31/niol4fX/V4ggNyhSyL71Imtus5Hl0dVe49F\r\nyGcohJUcaDDv70ngNXtk55iwlNpNhTs+VcQor1fznhPbRiefHqJeRIOkpcrVE7NLP8TjwuaGYaRS\r\nMLl6IE9vDzhTyzMMEyuP1pq9KsgtsRx9S1HKR9FIJ3Jdh+vVReZIZZ2vUpC6W6IYZVcSn2i51BVr\r\nlMRpIpj0M+Dt+VGOQVDJNE92kKz8OMHY4Xu54+OU4UZpyw4KUGsTuqwPN1q3ErWQgR5WrlcihtnJ\r\n0tHXUeOrO8ZV/R4O03QK0dqq6mm4lyiPSMQH+FJDOvTKVTUssKZqwJz58oHhEmrARdlns87/I6KJ\r\nClTUFLkqqNfs+avNJVgyeY+QW5g5xAgGwax/Dj0ApQIDAQABo1QwUjAOBgNVHQ8BAf8EBAMCAYYw\r\nDwYDVR0TAQH/BAUwAwEB/zAdBgNVHQ4EFgQUCctZf4aycI8awznjwNnpv7tNsiMwEAYJKwYBBAGC\r\nNxUBBAMCAQAwDQYJKoZIhvcNAQEMBQADggIBAKyvPl3CEZaJjqPnktaXFbgToqZCLgLNFgVZJ8og\r\n6Lq46BrsTaiXVq5lQ7GPAJtSzVXNUzltYkyLDVt8LkS/gxCP81OCgMNPOsduET/m4xaRhPtthH80\r\ndK2Jp86519efhGSSvpWhrQlTM93uCupKUY5vVau6tZRGrox/2KJQJWVggEbbMwSubLWYdFQl3JPk\r\n+ONVFT24bcMKpBLBaYVu32TxU5nhSnUgnZUP5NbcA/FZGOhHibJXWpS2qdgXKxdJ5XbLwVaZOjex\r\n/2kskZGT4d9Mozd2TaGf+G0eHdP67Pv0RR0Tbc/3WeUiJ3IrhvNXuzDtJE3cfVa7o7P4NHmJweDy\r\nAmH3pvwPuxwXC65B2Xy9J6P9LjrRk5Sxcx0ki69bIImtt2dmefU6xqaWM/5TkshGsRGRxpl/j8nW\r\nZjEgQRCHLQzWwa80mMpkg/sTV9HB8Dx6jKXB/ZUhoHHBk2dxEuqPiAppGWSZI1b7rCoucL5mxAyE\r\n7+WL85MB+GqQk2dLsmijtWKP6T+MejteD+eMuMZ87zf9dOLITzNy4ZQ5bb0Sr74MTnB8G2+NszKT\r\nc0QWbej09+CVgI+WXTik9KveCjCHk9hNAHFiRSdLOkKEW39lt2c0Ui2cFmuqqNh7o0JMcccMyj6D\r\n5KbvtwEwXlGjefVwaaZBRA+GsCyRxj3qrg+E\r\n-----END
        CERTIFICATE-----\r\n"},{"pem":"-----BEGIN CERTIFICATE-----\r\nMIIHmDCCBYCgAwIBAgITMwAAADJETXUhNBSWqQAAAAAAMjANBgkqhkiG9w0BAQwFADBlMQswCQYD\r\nVQQGEwJVUzEeMBwGA1UEChMVTWljcm9zb2Z0IENvcnBvcmF0aW9uMTYwNAYDVQQDEy1NaWNyb3Nv\r\nZnQgUlNBIFJvb3QgQ2VydGlmaWNhdGUgQXV0aG9yaXR5IDIwMTcwHhcNMjEwNjI0MjA1NzQwWhcN\r\nMjYwNjI0MjA1NzQwWjBbMQswCQYDVQQGEwJVUzEeMBwGA1UEChMVTWljcm9zb2Z0IENvcnBvcmF0\r\naW9uMSwwKgYDVQQDEyNNaWNyb3NvZnQgUlNBIFRMUyBJc3N1aW5nIEVPQyBDQSAwMjCCAiIwDQYJ\r\nKoZIhvcNAQEBBQADggIPADCCAgoCggIBAL28YfGMKaaA3aFSX4S0CqcMBgt6nWcNV3mlKE9XH2yi\r\nEQJf3xOAW+22DPRcbpjMkfj7m88h4GbKblK2VTyhjdHDCnHwi7f1Q5zY/H8XWLqiPYfKPAuq53QD\r\n5o5wPjyfMCouFwOzEkUBAN7xlpkiRkN0G4OI2miP3Jx7GecbmyqJnbdL6C84iKH4j8PN10KNLtTR\r\na6W0LjZHEQFoIrIQ/+VqXpBW/AoSGek6+anEZkRBtZ5AxRV0P/aQXhE5+Mxiv18T3aYXB5+cImcx\r\ncWXIlITDydAYO+P8RgM2PZ95QjUagR33+4zkoopss/XH0FtdjmdTLa9pyXXIFjy94jnqZbo1sGgF\r\nVyFx2vdcnk0ssH8VbS20amKsRsbhBfVaFQX1j0KRgepL+KW50EYhoTXEiB7TgT7agqpDivWJ5o5s\r\n7f9/YrHi/+gNQLyVdsvBovL6N6lzjXpy0wTlQv+IIHwzDu7mRu+aFR+gwsB/LF+VtTtxbK3l9deI\r\nqikgyRrQHcjFhkeF26R9bmgPgV4vGOEJBlctLiJ29Ihiy4y00tu346bSnvxDGSxKHQz+KE4fTYyR\r\n/XgIasIUwmW12sB6NhdkCJTE9KBPrN3tWzaiPNvKnvcGG2vZ2jXvmBOXsq46R9iiQ6e3ywU9+lLe\r\nOeXMvMeIxSUCEX89F1vL4+vwe9/CIf6BAgMBAAGjggJJMIICRTAOBgNVHQ8BAf8EBAMCAYYwEAYJ\r\nKwYBBAGCNxUBBAMCAQAwHQYDVR0OBBYEFMmEljhzpi5LGGptRNWUo300psf3MB0GA1UdJQQWMBQG\r\nCCsGAQUFBwMBBggrBgEFBQcDAjAZBgkrBgEEAYI3FAIEDB4KAFMAdQBiAEMAQTASBgNVHRMBAf8E\r\nCDAGAQH/AgEAMB8GA1UdIwQYMBaAFAnLWX+GsnCPGsM548DZ6b+7TbIjMHAGA1UdHwRpMGcwZaBj\r\noGGGX2h0dHA6Ly93d3cubWljcm9zb2Z0LmNvbS9wa2lvcHMvY3JsL01pY3Jvc29mdCUyMFJTQSUy\r\nMFJvb3QlMjBDZXJ0aWZpY2F0ZSUyMEF1dGhvcml0eSUyMDIwMTcuY3JsMIGuBggrBgEFBQcBAQSB\r\noTCBnjBtBggrBgEFBQcwAoZhaHR0cDovL3d3dy5taWNyb3NvZnQuY29tL3BraW9wcy9jZXJ0cy9N\r\naWNyb3NvZnQlMjBSU0ElMjBSb290JTIwQ2VydGlmaWNhdGUlMjBBdXRob3JpdHklMjAyMDE3LmNy\r\ndDAtBggrBgEFBQcwAYYhaHR0cDovL29uZW9jc3AubWljcm9zb2Z0LmNvbS9vY3NwMHAGA1UdIARp\r\nMGcwCAYGZ4EMAQIBMAgGBmeBDAECAjBRBgwrBgEEAYI3TIN9AQEwQTA/BggrBgEFBQcCARYzaHR0\r\ncDovL3d3dy5taWNyb3NvZnQuY29tL3BraW9wcy9Eb2NzL1JlcG9zaXRvcnkuaHRtMA0GCSqGSIb3\r\nDQEBDAUAA4ICAQCdEQ+ePCPMaq87pCqCJKdniTeRKIYI/jv15KRw89WoYi7H+XWz8v2MawuffAuF\r\n/LS+CKq9pIh2RlR7oLeymU6ZKQ+HKLDNkKAyEbSqvVjg0sQGOYDNu1SIOwywkZFLowWtzetCOzhN\r\nE/ujq2H0Lz6biPK7cgK+2afg5iJfy2N9bftR7MKV1jcidk5JbMyMJWPnHirS4erYiQymmvive2mr\r\njewZAykUkqTuGtNuumnQtaDm+aW7c+SJkn7uhTavShnLZeH8LfA5+I+obJg22ZNvg5KSQ0Sglsi2\r\n0uSuVnzAvIjaOvWlIxcBnhLIKuxUChPcT9+3shfmvEa0iJEArOI8m9YJ4H54Xu0sI6VVdSQA23BW\r\nkA6uLQU9EPzJ+oSAumXUXKV/MeHmU3iai2Guf1EMf3JdaIdGlAU9o/seIUa/Ht98xo7oao8Ge/kT\r\nQG0IQTGUhIloQzjMALlNrcmekKVwVTFTVKEWil1XKckDWr0UaeTghY2YXItR8qznKNPIwCKOiEYy\r\npQ05uZRpTT5YmBR28/ffac8OLr1avAlK8N52nkg319gMYbtwkjpjCitTnZkmis8LDfafRxq+DD0R\r\nsLbH1B6Ajbthiz6KN3GnG6GpNw2vuKVYohLQ2of+f2f/cMwjFU79PQGL7+70lverGFlpuhcdt7XZ\r\nEzawCYwdiBi+KA==\r\n-----END
        CERTIFICATE-----\r\n"},{"pem":"-----BEGIN CERTIFICATE-----\r\nMIIHmDCCBYCgAwIBAgITMwAAADDHVsyI9cHn6wAAAAAAMDANBgkqhkiG9w0BAQwFADBlMQswCQYD\r\nVQQGEwJVUzEeMBwGA1UEChMVTWljcm9zb2Z0IENvcnBvcmF0aW9uMTYwNAYDVQQDEy1NaWNyb3Nv\r\nZnQgUlNBIFJvb3QgQ2VydGlmaWNhdGUgQXV0aG9yaXR5IDIwMTcwHhcNMjEwNjI0MjA1NzM3WhcN\r\nMjYwNjI0MjA1NzM3WjBbMQswCQYDVQQGEwJVUzEeMBwGA1UEChMVTWljcm9zb2Z0IENvcnBvcmF0\r\naW9uMSwwKgYDVQQDEyNNaWNyb3NvZnQgUlNBIFRMUyBJc3N1aW5nIEFPQyBDQSAwMjCCAiIwDQYJ\r\nKoZIhvcNAQEBBQADggIPADCCAgoCggIBALMPi6Bpg5qJHcamm8fFfU2hj27RSRFp614v82PPoLeK\r\neJwRetr+Up5NAi7FN1EO/zu9b4TU4i7HRaDKnVrPMQdWkh5BcKQxicpXgnMvN0FRtMA7Bo7WVTJz\r\nw6THkB88ARRYlQz9HdctBd+AfL27oWZ9MJo2lJ8v+3jxj3BMaKbiYVLmabDn/Arm5J7ThYaRduhy\r\nu22/kMFtVk5bqhg+jg7GPvdCaLnRuV1SvEdb+ZkQ8dT/bEWYugnoDfX8x10b+jFT1G1wpnNK7bWM\r\nU3NVJL1y8h7/ZNBNloyjqdrn0NeUdaqp95EI6ER5CRpGyNq7/tCjr2vhJIumZzr+abEZfBq6ML2m\r\ngoa83jwcR6xMkmSOwPeE7F6MlVN5MrTx1Fco3VMIrzOLfzwUkZ2385grAjY7S10olouk//xOwo7c\r\nkVTZKVBlL2jAtDVXCYwrTPdyx9SLfJrYVAN+kfa1wqR4/I7xgK6gXhf+Gn5PBktIYiY7QX7Q/CdF\r\nrSFIKrZOWyqj9okUC+pMOu7AKbQHeBJDz//UsS7cxkCzptBPmta5AH69PlgJdZEFYOFT8PHfF/EF\r\nbIlHwP+vyKzg1EMnRsCB5tt4RZ8Bw44Md6mtR5PYbSBGnQFxcr6BBZJl6cVdQZGzk6FvoYM3uhQV\r\nrxBEbVUfBweskghG+kyBd0fAB3ZshGJ5AgMBAAGjggJJMIICRTAOBgNVHQ8BAf8EBAMCAYYwEAYJ\r\nKwYBBAGCNxUBBAMCAQAwHQYDVR0OBBYEFIqWwoENV4pCzjD5uMGdDB5Tpk/lMB0GA1UdJQQWMBQG\r\nCCsGAQUFBwMBBggrBgEFBQcDAjAZBgkrBgEEAYI3FAIEDB4KAFMAdQBiAEMAQTASBgNVHRMBAf8E\r\nCDAGAQH/AgEAMB8GA1UdIwQYMBaAFAnLWX+GsnCPGsM548DZ6b+7TbIjMHAGA1UdHwRpMGcwZaBj\r\noGGGX2h0dHA6Ly93d3cubWljcm9zb2Z0LmNvbS9wa2lvcHMvY3JsL01pY3Jvc29mdCUyMFJTQSUy\r\nMFJvb3QlMjBDZXJ0aWZpY2F0ZSUyMEF1dGhvcml0eSUyMDIwMTcuY3JsMIGuBggrBgEFBQcBAQSB\r\noTCBnjBtBggrBgEFBQcwAoZhaHR0cDovL3d3dy5taWNyb3NvZnQuY29tL3BraW9wcy9jZXJ0cy9N\r\naWNyb3NvZnQlMjBSU0ElMjBSb290JTIwQ2VydGlmaWNhdGUlMjBBdXRob3JpdHklMjAyMDE3LmNy\r\ndDAtBggrBgEFBQcwAYYhaHR0cDovL29uZW9jc3AubWljcm9zb2Z0LmNvbS9vY3NwMHAGA1UdIARp\r\nMGcwCAYGZ4EMAQIBMAgGBmeBDAECAjBRBgwrBgEEAYI3TIN9AQEwQTA/BggrBgEFBQcCARYzaHR0\r\ncDovL3d3dy5taWNyb3NvZnQuY29tL3BraW9wcy9Eb2NzL1JlcG9zaXRvcnkuaHRtMA0GCSqGSIb3\r\nDQEBDAUAA4ICAQCKnn44AnDZSahvJeSdxx3trgl8XI+IiQ/+O9Uj55D32IO8PN2AWoSDhmgiWXyw\r\nN3WdM6HrJoJAaJgiZitql68aNdqcW2VILRdvNdWj25may+YQY4GIfAmrfLEHJXLZNljfOi+BvLS7\r\nRyk2fmNx6E2Pi8+ZGWwJeBVpfHuFsWG2gmiD3ZpTryOPZLs2+nwiHTmnwUQRp4jX5Zxq3d6Ee/Zp\r\nPNO0u0SAJ4fE5WXiec1uzpbcAtziMG1weo3fW4apTHffzdzuJ/VSoQSgcvCko/SYLthxNYVDyA9D\r\nbYJPLAiVkaqQXOMl39BD/cD8DrOrAoTA/M1Sdx9G+gcXtXkgBa1wLzQ3vaKysOyRuBsIXvjyU8oe\r\n7iEX9N3JAe8qqSZVgqtyb5x/st23PzdnfeH95ExT/EyQevOIN9mfTCs0ywkU2A1ruL/wgHhKl5AK\r\n2aEzdoYqcueYG0BZxCcc4jWUaKwKpLXk1xP+EALGgJnSrPaqwOIGRu5s7ER5ZMkrKEQQDboa83Pz\r\nyIXeKWyLyiqztRZ4KZTmIbe5le4u+QWhPZ57Hv4BP6HKH+R41Fy5iXq7oXNeW9d9dumNzsk1rKow\r\n+LkotQfC9Owgoi4+aZpLW9lrwt3n41hfHu5GlNhv0f3J1XQFoimVPqas7J793+QfvhL9weeouO4m\r\nRj8ZD6RQFn5qjA==\r\n-----END
        CERTIFICATE-----\r\n"},{"pem":"-----BEGIN CERTIFICATE-----\r\nMIIHmDCCBYCgAwIBAgITMwAAADEMSRSxjI8zmgAAAAAAMTANBgkqhkiG9w0BAQwFADBlMQswCQYD\r\nVQQGEwJVUzEeMBwGA1UEChMVTWljcm9zb2Z0IENvcnBvcmF0aW9uMTYwNAYDVQQDEy1NaWNyb3Nv\r\nZnQgUlNBIFJvb3QgQ2VydGlmaWNhdGUgQXV0aG9yaXR5IDIwMTcwHhcNMjEwNjI0MjA1NzM5WhcN\r\nMjYwNjI0MjA1NzM5WjBbMQswCQYDVQQGEwJVUzEeMBwGA1UEChMVTWljcm9zb2Z0IENvcnBvcmF0\r\naW9uMSwwKgYDVQQDEyNNaWNyb3NvZnQgUlNBIFRMUyBJc3N1aW5nIEVPQyBDQSAwMTCCAiIwDQYJ\r\nKoZIhvcNAQEBBQADggIPADCCAgoCggIBAL7Z8OMcWj3FKKBLKIQ2CBoe0HICBLmagHZmQpECgsmD\r\nRXqA6QcLQPzwZUvQLUvRITLaGshy0zuL27fT9hD0YRFFQyUcVDVWVyOaChL0H2Lhsie3nnKe2ivo\r\nenWrPx00CSU9ONVlyihtur7Jga1lA8nxYmmZTONVGilZoBrQ3kJBfJmrdTPbcjQtqi+8ok/cvY0f\r\n5UdMtGroBJOwFtwRDCckV/qExILfI/9bibWlYBX1iecZF2JwGxEWD8qP8BV+cVleMB5rhIIcs9DH\r\n2SFMwok+lctQB68WYEskbhXfIrS4xHldcHrYxMWdPrdKPLFXHUaE7UJIovyBDvzDfoGRMzSy5DOE\r\nTnghTByzz/87GB0aM2k17oLGafN2yHRUT7+XxNFqoSSLt2siuBbwelsnaGitq40HCLbfrNTWjRv5\r\nFiAuqygpgBF+RclWH8HHHii7lLHGsPARssdlffk7J7+Nb7x5SOo8J6sSTrqk4N/nP7Z1FPqUG6qU\r\n2tcCDVsRh4qb5LzqHl7SpoJzAP+vIBGkRH4At1gRpkJzdg8FWqtzQ5wX5MQnB62OPnYTyFByStAQ\r\nC3puN8FCtlurm74gqdIdR6fYURbpH9OXag8Fa4qbmYbmnCQF/A2cLB1EOhjk4MGlmfp/aDdCTC+z\r\nMr9VTNTt5KkowSSWZ0wUpjUNZ9bRPzZPAgMBAAGjggJJMIICRTAOBgNVHQ8BAf8EBAMCAYYwEAYJ\r\nKwYBBAGCNxUBBAMCAQAwHQYDVR0OBBYEFHMIeJP51amco3d+ETR0/0UycbeDMB0GA1UdJQQWMBQG\r\nCCsGAQUFBwMBBggrBgEFBQcDAjAZBgkrBgEEAYI3FAIEDB4KAFMAdQBiAEMAQTASBgNVHRMBAf8E\r\nCDAGAQH/AgEAMB8GA1UdIwQYMBaAFAnLWX+GsnCPGsM548DZ6b+7TbIjMHAGA1UdHwRpMGcwZaBj\r\noGGGX2h0dHA6Ly93d3cubWljcm9zb2Z0LmNvbS9wa2lvcHMvY3JsL01pY3Jvc29mdCUyMFJTQSUy\r\nMFJvb3QlMjBDZXJ0aWZpY2F0ZSUyMEF1dGhvcml0eSUyMDIwMTcuY3JsMIGuBggrBgEFBQcBAQSB\r\noTCBnjBtBggrBgEFBQcwAoZhaHR0cDovL3d3dy5taWNyb3NvZnQuY29tL3BraW9wcy9jZXJ0cy9N\r\naWNyb3NvZnQlMjBSU0ElMjBSb290JTIwQ2VydGlmaWNhdGUlMjBBdXRob3JpdHklMjAyMDE3LmNy\r\ndDAtBggrBgEFBQcwAYYhaHR0cDovL29uZW9jc3AubWljcm9zb2Z0LmNvbS9vY3NwMHAGA1UdIARp\r\nMGcwCAYGZ4EMAQIBMAgGBmeBDAECAjBRBgwrBgEEAYI3TIN9AQEwQTA/BggrBgEFBQcCARYzaHR0\r\ncDovL3d3dy5taWNyb3NvZnQuY29tL3BraW9wcy9Eb2NzL1JlcG9zaXRvcnkuaHRtMA0GCSqGSIb3\r\nDQEBDAUAA4ICAQBw7zk6D2kKZzdRQNSGTtOtfssB4MjYgEKeeTtzmgz8B2HO654S0WPHIn2EFV5s\r\nJgn3WzMKGCRizxKq00ulUOBJQpPx3x1DnW2LgWXNBWtcXzSBpAyeQf2BWa08BzqbmQ2uG8k96A4x\r\nUvYk2HmQioyDk+f9+o5tlHXlf8IKx1joSahaLEmGwBOCQFC6JbUYIVgOeS1hf7gNRyM8QWPR5D5M\r\n9qMVyGNoTt3fIXHxgbDuNHhEGPpiv9FWlzMT8jKFtURutEYmhg3Y6Qr/QXbbeaN4Ow5UiS5/Tr4A\r\nQEaU6Yoc3qvKFdoOV9Fjp7Ze4UmRv81LoQrzuS7vAP5iW3mB/n2jzCHdNIKX/qHDYU4qjC+aZFqq\r\nT9rUpWnYW9qsPhTi8LORsn7fvPuL1ecVgkUB3F/1z9udnfjhG1sjt3hj0NXJc1qnYGDhiKLJHeU9\r\nMSFUlBieVUSV2m+0q8WHPjLiJBHiZbt/gleHbdTb+WPCFa3LCPbLuqiK+KKAsWvtuJs26KegodyE\r\nfvFz753D3fLWMfRZBZgRTKJODA5Vb899QyzsUSXBMX7+oYE4A9o9yc8rvzTWoMuEw3UhCdfTKrE0\r\nuKg4FSYi1W5UMdjlMdACoCh2aCp7jNiLt6wtSZIzG27MNIz/bWTFmcRoN9xh4Lbj7b5tfuIop8cZ\r\ndKuCtnRBx5mK8w==\r\n-----END
        CERTIFICATE-----\r\n"},{"pem":"-----BEGIN CERTIFICATE-----\r\nMIIESTCCA8+gAwIBAgITMwAAACgr/SPn0a3XBwAAAAAAKDAKBggqhkjOPQQDAzBlMQswCQYDVQQG\r\nEwJVUzEeMBwGA1UEChMVTWljcm9zb2Z0IENvcnBvcmF0aW9uMTYwNAYDVQQDEy1NaWNyb3NvZnQg\r\nRUNDIFJvb3QgQ2VydGlmaWNhdGUgQXV0aG9yaXR5IDIwMTcwHhcNMjEwNjI0MTk1ODM2WhcNMjYw\r\nNjI0MTk1ODM2WjBbMQswCQYDVQQGEwJVUzEeMBwGA1UEChMVTWljcm9zb2Z0IENvcnBvcmF0aW9u\r\nMSwwKgYDVQQDEyNNaWNyb3NvZnQgRUNDIFRMUyBJc3N1aW5nIEFPQyBDQSAwMTB2MBAGByqGSM49\r\nAgEGBSuBBAAiA2IABMBXcHExvrYrhw7v30oPR4aBaMne5o0FtTtbMV7iqVhTJDQSWDEJhr528nyS\r\n6jcLLu9pLXQMJYxVd7bz4wWXgVtZnnbQ7trAAIPWVh5B6f5eJf5OQ7w7AwJgz3snP5Hx16OCAkkw\r\nggJFMA4GA1UdDwEB/wQEAwIBhjAQBgkrBgEEAYI3FQEEAwIBADAdBgNVHQ4EFgQUMVu5zlEbfNGq\r\nA8Dr7TZdwp3TieEwHQYDVR0lBBYwFAYIKwYBBQUHAwEGCCsGAQUFBwMCMBkGCSsGAQQBgjcUAgQM\r\nHgoAUwB1AGIAQwBBMBIGA1UdEwEB/wQIMAYBAf8CAQAwHwYDVR0jBBgwFoAUyMuZcnBSDPjmvrIE\r\nVykqz0IQ7TUwcAYDVR0fBGkwZzBloGOgYYZfaHR0cDovL3d3dy5taWNyb3NvZnQuY29tL3BraW9w\r\ncy9jcmwvTWljcm9zb2Z0JTIwRUNDJTIwUm9vdCUyMENlcnRpZmljYXRlJTIwQXV0aG9yaXR5JTIw\r\nMjAxNy5jcmwwga4GCCsGAQUFBwEBBIGhMIGeMG0GCCsGAQUFBzAChmFodHRwOi8vd3d3Lm1pY3Jv\r\nc29mdC5jb20vcGtpb3BzL2NlcnRzL01pY3Jvc29mdCUyMEVDQyUyMFJvb3QlMjBDZXJ0aWZpY2F0\r\nZSUyMEF1dGhvcml0eSUyMDIwMTcuY3J0MC0GCCsGAQUFBzABhiFodHRwOi8vb25lb2NzcC5taWNy\r\nb3NvZnQuY29tL29jc3AwcAYDVR0gBGkwZzAIBgZngQwBAgEwCAYGZ4EMAQICMFEGDCsGAQQBgjdM\r\ng30BATBBMD8GCCsGAQUFBwIBFjNodHRwOi8vd3d3Lm1pY3Jvc29mdC5jb20vcGtpb3BzL0RvY3Mv\r\nUmVwb3NpdG9yeS5odG0wCgYIKoZIzj0EAwMDaAAwZQIxANmPydUjlgj/2K77UnMeMkSGIgXzOhcT\r\nsixzZL+NmTR1Bq2hSPeA6Y3mn3lMlwxZmAIwIio6KrgItH4YmLWKd8QClIrE9QjbDlR7oFqaU3J3\r\n4bWbMlAEjRARdZhhQlNwdORe\r\n-----END
        CERTIFICATE-----\r\n"},{"pem":"-----BEGIN CERTIFICATE-----\r\nMIICWTCCAd+gAwIBAgIQZvI9r4fei7FK6gxXMQHC7DAKBggqhkjOPQQDAzBlMQswCQYDVQQGEwJV\r\nUzEeMBwGA1UEChMVTWljcm9zb2Z0IENvcnBvcmF0aW9uMTYwNAYDVQQDEy1NaWNyb3NvZnQgRUND\r\nIFJvb3QgQ2VydGlmaWNhdGUgQXV0aG9yaXR5IDIwMTcwHhcNMTkxMjE4MjMwNjQ1WhcNNDIwNzE4\r\nMjMxNjA0WjBlMQswCQYDVQQGEwJVUzEeMBwGA1UEChMVTWljcm9zb2Z0IENvcnBvcmF0aW9uMTYw\r\nNAYDVQQDEy1NaWNyb3NvZnQgRUNDIFJvb3QgQ2VydGlmaWNhdGUgQXV0aG9yaXR5IDIwMTcwdjAQ\r\nBgcqhkjOPQIBBgUrgQQAIgNiAATUvD0CQnVBEyPNgASGAlEvaqiBYgtlzPbKnR5vSmZRogPZnZH6\r\nthaxjG7efM3beaYvzrvOcS/lpaso7GMEZpn4+vKTEAXhgShC48Zo9OYbhGBKia/teQ87zvH2RPUB\r\neMCjVDBSMA4GA1UdDwEB/wQEAwIBhjAPBgNVHRMBAf8EBTADAQH/MB0GA1UdDgQWBBTIy5lycFIM\r\n+Oa+sgRXKSrPQhDtNTAQBgkrBgEEAYI3FQEEAwIBADAKBggqhkjOPQQDAwNoADBlAjBY8k3qDPlf\r\nXu5gKcs68tvWMoQZP3zVL8KxzJOuULsJMsbG7X7JNpQS5GiFBqIb0C8CMQCZ6Ra0DvpWSNSkMBaR\r\neNtUjGUBiudQZsIxtzm6uBoiB078a1QWIP8rtedMDE2mT3M=\r\n-----END
        CERTIFICATE-----\r\n"},{"pem":"-----BEGIN CERTIFICATE-----\r\nMIIESDCCA8+gAwIBAgITMwAAACkPimIi72pWlQAAAAAAKTAKBggqhkjOPQQDAzBlMQswCQYDVQQG\r\nEwJVUzEeMBwGA1UEChMVTWljcm9zb2Z0IENvcnBvcmF0aW9uMTYwNAYDVQQDEy1NaWNyb3NvZnQg\r\nRUNDIFJvb3QgQ2VydGlmaWNhdGUgQXV0aG9yaXR5IDIwMTcwHhcNMjEwNjI0MTk1ODM4WhcNMjYw\r\nNjI0MTk1ODM4WjBbMQswCQYDVQQGEwJVUzEeMBwGA1UEChMVTWljcm9zb2Z0IENvcnBvcmF0aW9u\r\nMSwwKgYDVQQDEyNNaWNyb3NvZnQgRUNDIFRMUyBJc3N1aW5nIEFPQyBDQSAwMjB2MBAGByqGSM49\r\nAgEGBSuBBAAiA2IABI7Zgbmjd2OumgotYraLtAF/obAK54drz/RFV2lzPGE0f3js0+CUCGTEOGdO\r\naB+7fODrVJ84rKJPRPS/pEc8k80WepwWMYri+yoA7OlAQFiyIqk900jUel2o9LBoBNr72qOCAkkw\r\nggJFMA4GA1UdDwEB/wQEAwIBhjAQBgkrBgEEAYI3FQEEAwIBADAdBgNVHQ4EFgQU3tzXbCOZQ+qs\r\n7ci3HRhYgDZLjfQwHQYDVR0lBBYwFAYIKwYBBQUHAwEGCCsGAQUFBwMCMBkGCSsGAQQBgjcUAgQM\r\nHgoAUwB1AGIAQwBBMBIGA1UdEwEB/wQIMAYBAf8CAQAwHwYDVR0jBBgwFoAUyMuZcnBSDPjmvrIE\r\nVykqz0IQ7TUwcAYDVR0fBGkwZzBloGOgYYZfaHR0cDovL3d3dy5taWNyb3NvZnQuY29tL3BraW9w\r\ncy9jcmwvTWljcm9zb2Z0JTIwRUNDJTIwUm9vdCUyMENlcnRpZmljYXRlJTIwQXV0aG9yaXR5JTIw\r\nMjAxNy5jcmwwga4GCCsGAQUFBwEBBIGhMIGeMG0GCCsGAQUFBzAChmFodHRwOi8vd3d3Lm1pY3Jv\r\nc29mdC5jb20vcGtpb3BzL2NlcnRzL01pY3Jvc29mdCUyMEVDQyUyMFJvb3QlMjBDZXJ0aWZpY2F0\r\nZSUyMEF1dGhvcml0eSUyMDIwMTcuY3J0MC0GCCsGAQUFBzABhiFodHRwOi8vb25lb2NzcC5taWNy\r\nb3NvZnQuY29tL29jc3AwcAYDVR0gBGkwZzAIBgZngQwBAgEwCAYGZ4EMAQICMFEGDCsGAQQBgjdM\r\ng30BATBBMD8GCCsGAQUFBwIBFjNodHRwOi8vd3d3Lm1pY3Jvc29mdC5jb20vcGtpb3BzL0RvY3Mv\r\nUmVwb3NpdG9yeS5odG0wCgYIKoZIzj0EAwMDZwAwZAIwSiB+6RshdjasB841Y6l6wCivxxnEBvxn\r\n6GCYIjk22EJa1p6B4w+Qf5seGf20/SsXAjBxv8F+Qz6CfnpQNxIGRby0UfKq36vne88PuoQCHdxY\r\nLnjkUiveg2NRTNiAFWXqhUg=\r\n-----END
        CERTIFICATE-----\r\n"},{"pem":"-----BEGIN CERTIFICATE-----\r\nMIIESTCCA8+gAwIBAgITMwAAACvmkCg4ZytmeQAAAAAAKzAKBggqhkjOPQQDAzBlMQswCQYDVQQG\r\nEwJVUzEeMBwGA1UEChMVTWljcm9zb2Z0IENvcnBvcmF0aW9uMTYwNAYDVQQDEy1NaWNyb3NvZnQg\r\nRUNDIFJvb3QgQ2VydGlmaWNhdGUgQXV0aG9yaXR5IDIwMTcwHhcNMjEwNjI0MTk1ODQwWhcNMjYw\r\nNjI0MTk1ODQwWjBbMQswCQYDVQQGEwJVUzEeMBwGA1UEChMVTWljcm9zb2Z0IENvcnBvcmF0aW9u\r\nMSwwKgYDVQQDEyNNaWNyb3NvZnQgRUNDIFRMUyBJc3N1aW5nIEVPQyBDQSAwMjB2MBAGByqGSM49\r\nAgEGBSuBBAAiA2IABCnY32N9ck71DA0aFNh3TJUp5baxIf9K2kh2RJOvnsU82Epig+iwGtsdLbmm\r\nnQCis9VR8E0KfKUUBnNSdmtUneh36lhFwxDZ4NzmfdUjG24K8zbbMd/qTAVztrcDvdlhxqOCAkkw\r\nggJFMA4GA1UdDwEB/wQEAwIBhjAQBgkrBgEEAYI3FQEEAwIBADAdBgNVHQ4EFgQUv9gyNCuhlTu0\r\ntdS5QC1ySpwaAIYwHQYDVR0lBBYwFAYIKwYBBQUHAwEGCCsGAQUFBwMCMBkGCSsGAQQBgjcUAgQM\r\nHgoAUwB1AGIAQwBBMBIGA1UdEwEB/wQIMAYBAf8CAQAwHwYDVR0jBBgwFoAUyMuZcnBSDPjmvrIE\r\nVykqz0IQ7TUwcAYDVR0fBGkwZzBloGOgYYZfaHR0cDovL3d3dy5taWNyb3NvZnQuY29tL3BraW9w\r\ncy9jcmwvTWljcm9zb2Z0JTIwRUNDJTIwUm9vdCUyMENlcnRpZmljYXRlJTIwQXV0aG9yaXR5JTIw\r\nMjAxNy5jcmwwga4GCCsGAQUFBwEBBIGhMIGeMG0GCCsGAQUFBzAChmFodHRwOi8vd3d3Lm1pY3Jv\r\nc29mdC5jb20vcGtpb3BzL2NlcnRzL01pY3Jvc29mdCUyMEVDQyUyMFJvb3QlMjBDZXJ0aWZpY2F0\r\nZSUyMEF1dGhvcml0eSUyMDIwMTcuY3J0MC0GCCsGAQUFBzABhiFodHRwOi8vb25lb2NzcC5taWNy\r\nb3NvZnQuY29tL29jc3AwcAYDVR0gBGkwZzAIBgZngQwBAgEwCAYGZ4EMAQICMFEGDCsGAQQBgjdM\r\ng30BATBBMD8GCCsGAQUFBwIBFjNodHRwOi8vd3d3Lm1pY3Jvc29mdC5jb20vcGtpb3BzL0RvY3Mv\r\nUmVwb3NpdG9yeS5odG0wCgYIKoZIzj0EAwMDaAAwZQIwGfSjP75G6tGRAEfRAnzF8zX82samzvpm\r\nHzL0nZtkAZbAAl94dP1iB4XNrmJjcSVxAjEA013gOWgrzozfn7vuDKDvI2xo+sQXBCJhagE/gJz8\r\niO6Hk1vZbEK2xVGQc0yBqBlO\r\n-----END
        CERTIFICATE-----\r\n"},{"pem":"-----BEGIN CERTIFICATE-----\r\nMIIESTCCA8+gAwIBAgITMwAAACotAGSF/ay/6wAAAAAAKjAKBggqhkjOPQQDAzBlMQswCQYDVQQG\r\nEwJVUzEeMBwGA1UEChMVTWljcm9zb2Z0IENvcnBvcmF0aW9uMTYwNAYDVQQDEy1NaWNyb3NvZnQg\r\nRUNDIFJvb3QgQ2VydGlmaWNhdGUgQXV0aG9yaXR5IDIwMTcwHhcNMjEwNjI0MTk1ODM5WhcNMjYw\r\nNjI0MTk1ODM5WjBbMQswCQYDVQQGEwJVUzEeMBwGA1UEChMVTWljcm9zb2Z0IENvcnBvcmF0aW9u\r\nMSwwKgYDVQQDEyNNaWNyb3NvZnQgRUNDIFRMUyBJc3N1aW5nIEVPQyBDQSAwMTB2MBAGByqGSM49\r\nAgEGBSuBBAAiA2IABOJbIiS8pUiOCaUql10Yl6GbIflaGVxiZRG9Ot/zChiB74DcUfHk/wQXn4CQ\r\nlaml9yi80zVAzt5DlpmJ9nKGPZwAXEEYQ15WqfjuLmKRnUXJA8Z69uql5GUmyna4GnWuI6OCAkkw\r\nggJFMA4GA1UdDwEB/wQEAwIBhjAQBgkrBgEEAYI3FQEEAwIBADAdBgNVHQ4EFgQUuxzt0Ihxqcr7\r\nzZNfcXkiNXjGmsowHQYDVR0lBBYwFAYIKwYBBQUHAwEGCCsGAQUFBwMCMBkGCSsGAQQBgjcUAgQM\r\nHgoAUwB1AGIAQwBBMBIGA1UdEwEB/wQIMAYBAf8CAQAwHwYDVR0jBBgwFoAUyMuZcnBSDPjmvrIE\r\nVykqz0IQ7TUwcAYDVR0fBGkwZzBloGOgYYZfaHR0cDovL3d3dy5taWNyb3NvZnQuY29tL3BraW9w\r\ncy9jcmwvTWljcm9zb2Z0JTIwRUNDJTIwUm9vdCUyMENlcnRpZmljYXRlJTIwQXV0aG9yaXR5JTIw\r\nMjAxNy5jcmwwga4GCCsGAQUFBwEBBIGhMIGeMG0GCCsGAQUFBzAChmFodHRwOi8vd3d3Lm1pY3Jv\r\nc29mdC5jb20vcGtpb3BzL2NlcnRzL01pY3Jvc29mdCUyMEVDQyUyMFJvb3QlMjBDZXJ0aWZpY2F0\r\nZSUyMEF1dGhvcml0eSUyMDIwMTcuY3J0MC0GCCsGAQUFBzABhiFodHRwOi8vb25lb2NzcC5taWNy\r\nb3NvZnQuY29tL29jc3AwcAYDVR0gBGkwZzAIBgZngQwBAgEwCAYGZ4EMAQICMFEGDCsGAQQBgjdM\r\ng30BATBBMD8GCCsGAQUFBwIBFjNodHRwOi8vd3d3Lm1pY3Jvc29mdC5jb20vcGtpb3BzL0RvY3Mv\r\nUmVwb3NpdG9yeS5odG0wCgYIKoZIzj0EAwMDaAAwZQIxALsVA16qVCnS2LXK0EFRtQCFStOvrTmi\r\n+aBoWaiCqf6i/m7t3+Uhnxe5bYKhUM/LMAIwOJ1jHlVIe0xLjV6LZQo4eZA/bgQaDwIoUECkuW9D\r\nzwJORmfzm5h1e+oMay+Bb/mm\r\n-----END
        CERTIFICATE-----\r\n"}],"hoursBetweenBackups":24,"backupRetentionPeriodInHours":24,"prometheusEndpoint":{"ipAddress":"10.0.0.4"},"provisioningState":"Succeeded","repairEnabled":true,"seedNodes":[],"cassandraAuditLoggingEnabled":false,"diagnosticSettingsId":"/SUBSCRIPTIONS/00000000-0000-0000-0000-000000000000/RESOURCEGROUPS/CLI_MANAGED_CASSANDRAALTGUM4VH34TECDKBIUBUZKH6RBKAVUJ3GOSTDZPZYAHGFXN6NJPOY/PROVIDERS/MICROSOFT.DOCUMENTDB/CASSANDRACLUSTERS/CLIGC5WCK2"}}'
    headers:
      cache-control:
      - no-store, no-cache
      content-length:
      - '58155'
      content-type:
      - application/json
      date:
      - Mon, 17 Apr 2023 20:40:04 GMT
      pragma:
      - no-cache
      server:
      - Microsoft-HTTPAPI/2.0
      strict-transport-security:
      - max-age=31536000; includeSubDomains
      transfer-encoding:
      - chunked
      vary:
      - Accept-Encoding
      x-content-type-options:
      - nosniff
      x-ms-gatewayversion:
      - version=2.14.0
    status:
      code: 200
      message: Ok
- request:
    body: null
    headers:
      Accept:
      - application/json
      Accept-Encoding:
      - gzip, deflate
      CommandName:
      - managed-cassandra cluster delete
      Connection:
      - keep-alive
      Content-Length:
      - '0'
      ParameterSetName:
      - -c -g --yes
      User-Agent:
      - AZURECLI/2.47.0 azsdk-python-mgmt-cosmosdb/0.7.0 Python/3.10.2 (Windows-10-10.0.19045-SP0)
    method: DELETE
    uri: https://management.azure.com/subscriptions/00000000-0000-0000-0000-000000000000/resourceGroups/cli_managed_cassandra000001/providers/Microsoft.DocumentDB/cassandraClusters/cli000002?api-version=2023-03-01-preview
  response:
    body:
      string: '{"status":"Enqueued"}'
    headers:
      azure-asyncoperation:
      - https://management.azure.com/subscriptions/00000000-0000-0000-0000-000000000000/providers/Microsoft.DocumentDB/locations/eastus2/operationsStatus/43959d7c-211b-4cbd-a7d0-f7badfc2191b?api-version=2023-03-01-preview
      cache-control:
      - no-store, no-cache
      content-length:
      - '21'
      content-type:
      - application/json
      date:
      - Mon, 17 Apr 2023 20:40:06 GMT
      location:
      - https://management.azure.com/subscriptions/00000000-0000-0000-0000-000000000000/providers/Microsoft.DocumentDB/locations/eastus2/operationResults/43959d7c-211b-4cbd-a7d0-f7badfc2191b?api-version=2023-03-01-preview
      pragma:
      - no-cache
      server:
      - Microsoft-HTTPAPI/2.0
      strict-transport-security:
      - max-age=31536000; includeSubDomains
      x-content-type-options:
      - nosniff
      x-ms-gatewayversion:
      - version=2.14.0
      x-ms-ratelimit-remaining-subscription-deletes:
      - '14999'
    status:
      code: 202
      message: Accepted
- request:
    body: null
    headers:
      Accept:
      - '*/*'
      Accept-Encoding:
      - gzip, deflate
      CommandName:
      - managed-cassandra cluster delete
      Connection:
      - keep-alive
      ParameterSetName:
      - -c -g --yes
      User-Agent:
      - AZURECLI/2.47.0 azsdk-python-mgmt-cosmosdb/0.7.0 Python/3.10.2 (Windows-10-10.0.19045-SP0)
    method: GET
    uri: https://management.azure.com/subscriptions/00000000-0000-0000-0000-000000000000/providers/Microsoft.DocumentDB/locations/eastus2/operationsStatus/43959d7c-211b-4cbd-a7d0-f7badfc2191b?api-version=2023-03-01-preview
  response:
    body:
      string: '{"status":"Enqueued"}'
    headers:
      cache-control:
      - no-store, no-cache
      content-length:
      - '21'
      content-type:
      - application/json
      date:
      - Mon, 17 Apr 2023 20:40:06 GMT
      pragma:
      - no-cache
      server:
      - Microsoft-HTTPAPI/2.0
      strict-transport-security:
      - max-age=31536000; includeSubDomains
      transfer-encoding:
      - chunked
      vary:
      - Accept-Encoding
      x-content-type-options:
      - nosniff
      x-ms-gatewayversion:
      - version=2.14.0
    status:
      code: 200
      message: Ok
- request:
    body: null
    headers:
      Accept:
      - '*/*'
      Accept-Encoding:
      - gzip, deflate
      CommandName:
      - managed-cassandra cluster delete
      Connection:
      - keep-alive
      ParameterSetName:
      - -c -g --yes
      User-Agent:
      - AZURECLI/2.47.0 azsdk-python-mgmt-cosmosdb/0.7.0 Python/3.10.2 (Windows-10-10.0.19045-SP0)
    method: GET
    uri: https://management.azure.com/subscriptions/00000000-0000-0000-0000-000000000000/providers/Microsoft.DocumentDB/locations/eastus2/operationsStatus/43959d7c-211b-4cbd-a7d0-f7badfc2191b?api-version=2023-03-01-preview
  response:
    body:
      string: '{"status":"Dequeued"}'
    headers:
      cache-control:
      - no-store, no-cache
      content-length:
      - '21'
      content-type:
      - application/json
      date:
      - Mon, 17 Apr 2023 20:40:36 GMT
      pragma:
      - no-cache
      server:
      - Microsoft-HTTPAPI/2.0
      strict-transport-security:
      - max-age=31536000; includeSubDomains
      transfer-encoding:
      - chunked
      vary:
      - Accept-Encoding
      x-content-type-options:
      - nosniff
      x-ms-gatewayversion:
      - version=2.14.0
    status:
      code: 200
      message: Ok
- request:
    body: null
    headers:
      Accept:
      - '*/*'
      Accept-Encoding:
      - gzip, deflate
      CommandName:
      - managed-cassandra cluster delete
      Connection:
      - keep-alive
      ParameterSetName:
      - -c -g --yes
      User-Agent:
      - AZURECLI/2.47.0 azsdk-python-mgmt-cosmosdb/0.7.0 Python/3.10.2 (Windows-10-10.0.19045-SP0)
    method: GET
    uri: https://management.azure.com/subscriptions/00000000-0000-0000-0000-000000000000/providers/Microsoft.DocumentDB/locations/eastus2/operationsStatus/43959d7c-211b-4cbd-a7d0-f7badfc2191b?api-version=2023-03-01-preview
  response:
    body:
      string: '{"status":"Dequeued"}'
    headers:
      cache-control:
      - no-store, no-cache
      content-length:
      - '21'
      content-type:
      - application/json
      date:
      - Mon, 17 Apr 2023 20:41:06 GMT
      pragma:
      - no-cache
      server:
      - Microsoft-HTTPAPI/2.0
      strict-transport-security:
      - max-age=31536000; includeSubDomains
      transfer-encoding:
      - chunked
      vary:
      - Accept-Encoding
      x-content-type-options:
      - nosniff
      x-ms-gatewayversion:
      - version=2.14.0
    status:
      code: 200
      message: Ok
- request:
    body: null
    headers:
      Accept:
      - '*/*'
      Accept-Encoding:
      - gzip, deflate
      CommandName:
      - managed-cassandra cluster delete
      Connection:
      - keep-alive
      ParameterSetName:
      - -c -g --yes
      User-Agent:
      - AZURECLI/2.47.0 azsdk-python-mgmt-cosmosdb/0.7.0 Python/3.10.2 (Windows-10-10.0.19045-SP0)
    method: GET
    uri: https://management.azure.com/subscriptions/00000000-0000-0000-0000-000000000000/providers/Microsoft.DocumentDB/locations/eastus2/operationsStatus/43959d7c-211b-4cbd-a7d0-f7badfc2191b?api-version=2023-03-01-preview
  response:
    body:
      string: '{"status":"Dequeued"}'
    headers:
      cache-control:
      - no-store, no-cache
      content-length:
      - '21'
      content-type:
      - application/json
      date:
      - Mon, 17 Apr 2023 20:41:36 GMT
      pragma:
      - no-cache
      server:
      - Microsoft-HTTPAPI/2.0
      strict-transport-security:
      - max-age=31536000; includeSubDomains
      transfer-encoding:
      - chunked
      vary:
      - Accept-Encoding
      x-content-type-options:
      - nosniff
      x-ms-gatewayversion:
      - version=2.14.0
    status:
      code: 200
      message: Ok
- request:
    body: null
    headers:
      Accept:
      - '*/*'
      Accept-Encoding:
      - gzip, deflate
      CommandName:
      - managed-cassandra cluster delete
      Connection:
      - keep-alive
      ParameterSetName:
      - -c -g --yes
      User-Agent:
      - AZURECLI/2.47.0 azsdk-python-mgmt-cosmosdb/0.7.0 Python/3.10.2 (Windows-10-10.0.19045-SP0)
    method: GET
    uri: https://management.azure.com/subscriptions/00000000-0000-0000-0000-000000000000/providers/Microsoft.DocumentDB/locations/eastus2/operationsStatus/43959d7c-211b-4cbd-a7d0-f7badfc2191b?api-version=2023-03-01-preview
  response:
    body:
      string: '{"status":"Dequeued"}'
    headers:
      cache-control:
      - no-store, no-cache
      content-length:
      - '21'
      content-type:
      - application/json
      date:
      - Mon, 17 Apr 2023 20:42:07 GMT
      pragma:
      - no-cache
      server:
      - Microsoft-HTTPAPI/2.0
      strict-transport-security:
      - max-age=31536000; includeSubDomains
      transfer-encoding:
      - chunked
      vary:
      - Accept-Encoding
      x-content-type-options:
      - nosniff
      x-ms-gatewayversion:
      - version=2.14.0
    status:
      code: 200
      message: Ok
- request:
    body: null
    headers:
      Accept:
      - '*/*'
      Accept-Encoding:
      - gzip, deflate
      CommandName:
      - managed-cassandra cluster delete
      Connection:
      - keep-alive
      ParameterSetName:
      - -c -g --yes
      User-Agent:
      - AZURECLI/2.47.0 azsdk-python-mgmt-cosmosdb/0.7.0 Python/3.10.2 (Windows-10-10.0.19045-SP0)
    method: GET
    uri: https://management.azure.com/subscriptions/00000000-0000-0000-0000-000000000000/providers/Microsoft.DocumentDB/locations/eastus2/operationsStatus/43959d7c-211b-4cbd-a7d0-f7badfc2191b?api-version=2023-03-01-preview
  response:
    body:
      string: '{"status":"Dequeued"}'
    headers:
      cache-control:
      - no-store, no-cache
      content-length:
      - '21'
      content-type:
      - application/json
      date:
      - Mon, 17 Apr 2023 20:42:37 GMT
      pragma:
      - no-cache
      server:
      - Microsoft-HTTPAPI/2.0
      strict-transport-security:
      - max-age=31536000; includeSubDomains
      transfer-encoding:
      - chunked
      vary:
      - Accept-Encoding
      x-content-type-options:
      - nosniff
      x-ms-gatewayversion:
      - version=2.14.0
    status:
      code: 200
      message: Ok
- request:
    body: null
    headers:
      Accept:
      - '*/*'
      Accept-Encoding:
      - gzip, deflate
      CommandName:
      - managed-cassandra cluster delete
      Connection:
      - keep-alive
      ParameterSetName:
      - -c -g --yes
      User-Agent:
      - AZURECLI/2.47.0 azsdk-python-mgmt-cosmosdb/0.7.0 Python/3.10.2 (Windows-10-10.0.19045-SP0)
    method: GET
    uri: https://management.azure.com/subscriptions/00000000-0000-0000-0000-000000000000/providers/Microsoft.DocumentDB/locations/eastus2/operationsStatus/43959d7c-211b-4cbd-a7d0-f7badfc2191b?api-version=2023-03-01-preview
  response:
    body:
      string: '{"status":"Succeeded"}'
    headers:
      cache-control:
      - no-store, no-cache
      content-length:
      - '22'
      content-type:
      - application/json
      date:
      - Mon, 17 Apr 2023 20:43:07 GMT
      pragma:
      - no-cache
      server:
      - Microsoft-HTTPAPI/2.0
      strict-transport-security:
      - max-age=31536000; includeSubDomains
      transfer-encoding:
      - chunked
      vary:
      - Accept-Encoding
      x-content-type-options:
      - nosniff
      x-ms-gatewayversion:
      - version=2.14.0
    status:
      code: 200
      message: Ok
version: 1
