interactions:
- request:
    body: null
    headers:
      Accept:
      - application/json
      Accept-Encoding:
      - gzip, deflate
      CommandName:
      - cosmosdb create
      Connection:
      - keep-alive
      ParameterSetName:
      - -n -g --backup-policy-type --locations
      User-Agent:
      - python/3.8.3 (Windows-10-10.0.17763-SP0) msrest/0.6.19 msrest_azure/0.6.4
        azure-mgmt-resource/10.2.0 Azure-SDK-For-Python AZURECLI/2.15.1
      accept-language:
      - en-US
    method: GET
    uri: https://management.azure.com/subscriptions/00000000-0000-0000-0000-000000000000/resourcegroups/cli_test_cosmosdb_restore_command000001?api-version=2020-06-01
  response:
    body:
      string: '{"id":"/subscriptions/00000000-0000-0000-0000-000000000000/resourceGroups/cli_test_cosmosdb_restore_command000001","name":"cli_test_cosmosdb_restore_command000001","type":"Microsoft.Resources/resourceGroups","location":"westus","tags":{"product":"azurecli","cause":"automation","date":"2020-12-14T03:45:56Z"},"properties":{"provisioningState":"Succeeded"}}'
    headers:
      cache-control:
      - no-cache
      content-length:
      - '428'
      content-type:
      - application/json; charset=utf-8
      date:
      - Mon, 14 Dec 2020 03:46:00 GMT
      expires:
      - '-1'
      pragma:
      - no-cache
      strict-transport-security:
      - max-age=31536000; includeSubDomains
      vary:
      - Accept-Encoding
      x-content-type-options:
      - nosniff
    status:
      code: 200
      message: OK
- request:
    body: '{"location": "westus", "kind": "GlobalDocumentDB", "properties": {"locations":
      [{"locationName": "westus", "failoverPriority": 0, "isZoneRedundant": false}],
      "databaseAccountOfferType": "Standard", "apiProperties": {}, "backupPolicy":
      {"type": "Continuous"}, "createMode": "Default"}}'
    headers:
      Accept:
      - application/json
      Accept-Encoding:
      - gzip, deflate
      CommandName:
      - cosmosdb create
      Connection:
      - keep-alive
      Content-Length:
      - '284'
      Content-Type:
      - application/json; charset=utf-8
      ParameterSetName:
      - -n -g --backup-policy-type --locations
      User-Agent:
      - python/3.8.3 (Windows-10-10.0.17763-SP0) msrest/0.6.19 msrest_azure/0.6.4
        azure-mgmt-cosmosdb/0.7.0 Azure-SDK-For-Python AZURECLI/2.15.1
      accept-language:
      - en-US
    method: PUT
    uri: https://management.azure.com/subscriptions/00000000-0000-0000-0000-000000000000/resourceGroups/cli_test_cosmosdb_restore_command000001/providers/Microsoft.DocumentDB/databaseAccounts/cli000003?api-version=2020-06-01-preview
  response:
    body:
      string: '{"id":"/subscriptions/00000000-0000-0000-0000-000000000000/resourceGroups/cli_test_cosmosdb_restore_command000001/providers/Microsoft.DocumentDB/databaseAccounts/cli000003","name":"cli000003","location":"West
        US","type":"Microsoft.DocumentDB/databaseAccounts","kind":"GlobalDocumentDB","tags":{},"systemData":{"createdAt":"2020-12-14T03:46:02.9759509Z"},"properties":{"provisioningState":"Creating","publicNetworkAccess":"Enabled","enableAutomaticFailover":false,"enableMultipleWriteLocations":false,"enablePartitionKeyMonitor":false,"isVirtualNetworkFilterEnabled":false,"virtualNetworkRules":[],"EnabledApiTypes":"Sql","disableKeyBasedMetadataWriteAccess":false,"enableFreeTier":false,"enableAnalyticalStorage":false,"instanceId":"5c8a5401-1159-40cc-9e1d-99af7c7bc289","createMode":"Default","databaseAccountOfferType":"Standard","consistencyPolicy":{"defaultConsistencyLevel":"Session","maxIntervalInSeconds":5,"maxStalenessPrefix":100},"configurationOverrides":{},"writeLocations":[{"id":"cli000003-westus","locationName":"West
        US","provisioningState":"Creating","failoverPriority":0,"isZoneRedundant":false}],"readLocations":[{"id":"cli000003-westus","locationName":"West
        US","provisioningState":"Creating","failoverPriority":0,"isZoneRedundant":false}],"locations":[{"id":"cli000003-westus","locationName":"West
        US","provisioningState":"Creating","failoverPriority":0,"isZoneRedundant":false}],"failoverPolicies":[{"id":"cli000003-westus","locationName":"West
        US","failoverPriority":0}],"cors":[],"capabilities":[],"ipRules":[],"backupPolicy":{"type":"Continuous"}},"identity":{"type":"None"}}'
    headers:
      azure-asyncoperation:
      - https://management.azure.com/subscriptions/00000000-0000-0000-0000-000000000000/providers/Microsoft.DocumentDB/locations/westus/operationsStatus/52f49a82-d772-4e39-a576-a7b0dbb7ac8a?api-version=2020-06-01-preview
      cache-control:
      - no-store, no-cache
      content-length:
      - '1671'
      content-type:
      - application/json
      date:
      - Mon, 14 Dec 2020 03:46:03 GMT
      location:
      - https://management.azure.com/subscriptions/00000000-0000-0000-0000-000000000000/resourceGroups/cli_test_cosmosdb_restore_command000001/providers/Microsoft.DocumentDB/databaseAccounts/cli000003/operationResults/52f49a82-d772-4e39-a576-a7b0dbb7ac8a?api-version=2020-06-01-preview
      pragma:
      - no-cache
      server:
      - Microsoft-HTTPAPI/2.0
      strict-transport-security:
      - max-age=31536000; includeSubDomains
      transfer-encoding:
      - chunked
      vary:
      - Accept-Encoding
      x-content-type-options:
      - nosniff
      x-ms-gatewayversion:
      - version=2.11.0
      x-ms-ratelimit-remaining-subscription-writes:
      - '1199'
    status:
      code: 200
      message: Ok
- request:
    body: null
    headers:
      Accept:
      - application/json
      Accept-Encoding:
      - gzip, deflate
      CommandName:
      - cosmosdb create
      Connection:
      - keep-alive
      ParameterSetName:
      - -n -g --backup-policy-type --locations
      User-Agent:
      - python/3.8.3 (Windows-10-10.0.17763-SP0) msrest/0.6.19 msrest_azure/0.6.4
        azure-mgmt-cosmosdb/0.7.0 Azure-SDK-For-Python AZURECLI/2.15.1
    method: GET
    uri: https://management.azure.com/subscriptions/00000000-0000-0000-0000-000000000000/providers/Microsoft.DocumentDB/locations/westus/operationsStatus/52f49a82-d772-4e39-a576-a7b0dbb7ac8a?api-version=2020-06-01-preview
  response:
    body:
      string: '{"status":"Dequeued"}'
    headers:
      cache-control:
      - no-store, no-cache
      content-length:
      - '21'
      content-type:
      - application/json
      date:
      - Mon, 14 Dec 2020 03:46:34 GMT
      pragma:
      - no-cache
      server:
      - Microsoft-HTTPAPI/2.0
      strict-transport-security:
      - max-age=31536000; includeSubDomains
      transfer-encoding:
      - chunked
      vary:
      - Accept-Encoding
      x-content-type-options:
      - nosniff
      x-ms-gatewayversion:
      - version=2.11.0
    status:
      code: 200
      message: Ok
- request:
    body: null
    headers:
      Accept:
      - application/json
      Accept-Encoding:
      - gzip, deflate
      CommandName:
      - cosmosdb create
      Connection:
      - keep-alive
      ParameterSetName:
      - -n -g --backup-policy-type --locations
      User-Agent:
      - python/3.8.3 (Windows-10-10.0.17763-SP0) msrest/0.6.19 msrest_azure/0.6.4
        azure-mgmt-cosmosdb/0.7.0 Azure-SDK-For-Python AZURECLI/2.15.1
    method: GET
    uri: https://management.azure.com/subscriptions/00000000-0000-0000-0000-000000000000/providers/Microsoft.DocumentDB/locations/westus/operationsStatus/52f49a82-d772-4e39-a576-a7b0dbb7ac8a?api-version=2020-06-01-preview
  response:
    body:
      string: '{"status":"Dequeued"}'
    headers:
      cache-control:
      - no-store, no-cache
      content-length:
      - '21'
      content-type:
      - application/json
      date:
      - Mon, 14 Dec 2020 03:47:04 GMT
      pragma:
      - no-cache
      server:
      - Microsoft-HTTPAPI/2.0
      strict-transport-security:
      - max-age=31536000; includeSubDomains
      transfer-encoding:
      - chunked
      vary:
      - Accept-Encoding
      x-content-type-options:
      - nosniff
      x-ms-gatewayversion:
      - version=2.11.0
    status:
      code: 200
      message: Ok
- request:
    body: null
    headers:
      Accept:
      - application/json
      Accept-Encoding:
      - gzip, deflate
      CommandName:
      - cosmosdb create
      Connection:
      - keep-alive
      ParameterSetName:
      - -n -g --backup-policy-type --locations
      User-Agent:
      - python/3.8.3 (Windows-10-10.0.17763-SP0) msrest/0.6.19 msrest_azure/0.6.4
        azure-mgmt-cosmosdb/0.7.0 Azure-SDK-For-Python AZURECLI/2.15.1
    method: GET
    uri: https://management.azure.com/subscriptions/00000000-0000-0000-0000-000000000000/providers/Microsoft.DocumentDB/locations/westus/operationsStatus/52f49a82-d772-4e39-a576-a7b0dbb7ac8a?api-version=2020-06-01-preview
  response:
    body:
      string: '{"status":"Dequeued"}'
    headers:
      cache-control:
      - no-store, no-cache
      content-length:
      - '21'
      content-type:
      - application/json
      date:
      - Mon, 14 Dec 2020 03:47:34 GMT
      pragma:
      - no-cache
      server:
      - Microsoft-HTTPAPI/2.0
      strict-transport-security:
      - max-age=31536000; includeSubDomains
      transfer-encoding:
      - chunked
      vary:
      - Accept-Encoding
      x-content-type-options:
      - nosniff
      x-ms-gatewayversion:
      - version=2.11.0
    status:
      code: 200
      message: Ok
- request:
    body: null
    headers:
      Accept:
      - application/json
      Accept-Encoding:
      - gzip, deflate
      CommandName:
      - cosmosdb create
      Connection:
      - keep-alive
      ParameterSetName:
      - -n -g --backup-policy-type --locations
      User-Agent:
      - python/3.8.3 (Windows-10-10.0.17763-SP0) msrest/0.6.19 msrest_azure/0.6.4
        azure-mgmt-cosmosdb/0.7.0 Azure-SDK-For-Python AZURECLI/2.15.1
    method: GET
    uri: https://management.azure.com/subscriptions/00000000-0000-0000-0000-000000000000/providers/Microsoft.DocumentDB/locations/westus/operationsStatus/52f49a82-d772-4e39-a576-a7b0dbb7ac8a?api-version=2020-06-01-preview
  response:
    body:
      string: '{"status":"Dequeued"}'
    headers:
      cache-control:
      - no-store, no-cache
      content-length:
      - '21'
      content-type:
      - application/json
      date:
      - Mon, 14 Dec 2020 03:48:05 GMT
      pragma:
      - no-cache
      server:
      - Microsoft-HTTPAPI/2.0
      strict-transport-security:
      - max-age=31536000; includeSubDomains
      transfer-encoding:
      - chunked
      vary:
      - Accept-Encoding
      x-content-type-options:
      - nosniff
      x-ms-gatewayversion:
      - version=2.11.0
    status:
      code: 200
      message: Ok
- request:
    body: null
    headers:
      Accept:
      - application/json
      Accept-Encoding:
      - gzip, deflate
      CommandName:
      - cosmosdb create
      Connection:
      - keep-alive
      ParameterSetName:
      - -n -g --backup-policy-type --locations
      User-Agent:
      - python/3.8.3 (Windows-10-10.0.17763-SP0) msrest/0.6.19 msrest_azure/0.6.4
        azure-mgmt-cosmosdb/0.7.0 Azure-SDK-For-Python AZURECLI/2.15.1
    method: GET
    uri: https://management.azure.com/subscriptions/00000000-0000-0000-0000-000000000000/providers/Microsoft.DocumentDB/locations/westus/operationsStatus/52f49a82-d772-4e39-a576-a7b0dbb7ac8a?api-version=2020-06-01-preview
  response:
    body:
      string: '{"status":"Dequeued"}'
    headers:
      cache-control:
      - no-store, no-cache
      content-length:
      - '21'
      content-type:
      - application/json
      date:
      - Mon, 14 Dec 2020 03:48:35 GMT
      pragma:
      - no-cache
      server:
      - Microsoft-HTTPAPI/2.0
      strict-transport-security:
      - max-age=31536000; includeSubDomains
      transfer-encoding:
      - chunked
      vary:
      - Accept-Encoding
      x-content-type-options:
      - nosniff
      x-ms-gatewayversion:
      - version=2.11.0
    status:
      code: 200
      message: Ok
- request:
    body: null
    headers:
      Accept:
      - application/json
      Accept-Encoding:
      - gzip, deflate
      CommandName:
      - cosmosdb create
      Connection:
      - keep-alive
      ParameterSetName:
      - -n -g --backup-policy-type --locations
      User-Agent:
      - python/3.8.3 (Windows-10-10.0.17763-SP0) msrest/0.6.19 msrest_azure/0.6.4
        azure-mgmt-cosmosdb/0.7.0 Azure-SDK-For-Python AZURECLI/2.15.1
    method: GET
    uri: https://management.azure.com/subscriptions/00000000-0000-0000-0000-000000000000/providers/Microsoft.DocumentDB/locations/westus/operationsStatus/52f49a82-d772-4e39-a576-a7b0dbb7ac8a?api-version=2020-06-01-preview
  response:
    body:
      string: '{"status":"Dequeued"}'
    headers:
      cache-control:
      - no-store, no-cache
      content-length:
      - '21'
      content-type:
      - application/json
      date:
      - Mon, 14 Dec 2020 03:49:07 GMT
      pragma:
      - no-cache
      server:
      - Microsoft-HTTPAPI/2.0
      strict-transport-security:
      - max-age=31536000; includeSubDomains
      transfer-encoding:
      - chunked
      vary:
      - Accept-Encoding
      x-content-type-options:
      - nosniff
      x-ms-gatewayversion:
      - version=2.11.0
    status:
      code: 200
      message: Ok
- request:
    body: null
    headers:
      Accept:
      - application/json
      Accept-Encoding:
      - gzip, deflate
      CommandName:
      - cosmosdb create
      Connection:
      - keep-alive
      ParameterSetName:
      - -n -g --backup-policy-type --locations
      User-Agent:
      - python/3.8.3 (Windows-10-10.0.17763-SP0) msrest/0.6.19 msrest_azure/0.6.4
        azure-mgmt-cosmosdb/0.7.0 Azure-SDK-For-Python AZURECLI/2.15.1
    method: GET
    uri: https://management.azure.com/subscriptions/00000000-0000-0000-0000-000000000000/providers/Microsoft.DocumentDB/locations/westus/operationsStatus/52f49a82-d772-4e39-a576-a7b0dbb7ac8a?api-version=2020-06-01-preview
  response:
    body:
      string: '{"status":"Dequeued"}'
    headers:
      cache-control:
      - no-store, no-cache
      content-length:
      - '21'
      content-type:
      - application/json
      date:
      - Mon, 14 Dec 2020 03:49:37 GMT
      pragma:
      - no-cache
      server:
      - Microsoft-HTTPAPI/2.0
      strict-transport-security:
      - max-age=31536000; includeSubDomains
      transfer-encoding:
      - chunked
      vary:
      - Accept-Encoding
      x-content-type-options:
      - nosniff
      x-ms-gatewayversion:
      - version=2.11.0
    status:
      code: 200
      message: Ok
- request:
    body: null
    headers:
      Accept:
      - application/json
      Accept-Encoding:
      - gzip, deflate
      CommandName:
      - cosmosdb create
      Connection:
      - keep-alive
      ParameterSetName:
      - -n -g --backup-policy-type --locations
      User-Agent:
      - python/3.8.3 (Windows-10-10.0.17763-SP0) msrest/0.6.19 msrest_azure/0.6.4
        azure-mgmt-cosmosdb/0.7.0 Azure-SDK-For-Python AZURECLI/2.15.1
    method: GET
    uri: https://management.azure.com/subscriptions/00000000-0000-0000-0000-000000000000/providers/Microsoft.DocumentDB/locations/westus/operationsStatus/52f49a82-d772-4e39-a576-a7b0dbb7ac8a?api-version=2020-06-01-preview
  response:
    body:
      string: '{"status":"Dequeued"}'
    headers:
      cache-control:
      - no-store, no-cache
      content-length:
      - '21'
      content-type:
      - application/json
      date:
      - Mon, 14 Dec 2020 03:50:07 GMT
      pragma:
      - no-cache
      server:
      - Microsoft-HTTPAPI/2.0
      strict-transport-security:
      - max-age=31536000; includeSubDomains
      transfer-encoding:
      - chunked
      vary:
      - Accept-Encoding
      x-content-type-options:
      - nosniff
      x-ms-gatewayversion:
      - version=2.11.0
    status:
      code: 200
      message: Ok
- request:
    body: null
    headers:
      Accept:
      - application/json
      Accept-Encoding:
      - gzip, deflate
      CommandName:
      - cosmosdb create
      Connection:
      - keep-alive
      ParameterSetName:
      - -n -g --backup-policy-type --locations
      User-Agent:
      - python/3.8.3 (Windows-10-10.0.17763-SP0) msrest/0.6.19 msrest_azure/0.6.4
        azure-mgmt-cosmosdb/0.7.0 Azure-SDK-For-Python AZURECLI/2.15.1
    method: GET
    uri: https://management.azure.com/subscriptions/00000000-0000-0000-0000-000000000000/providers/Microsoft.DocumentDB/locations/westus/operationsStatus/52f49a82-d772-4e39-a576-a7b0dbb7ac8a?api-version=2020-06-01-preview
  response:
    body:
      string: '{"status":"Dequeued"}'
    headers:
      cache-control:
      - no-store, no-cache
      content-length:
      - '21'
      content-type:
      - application/json
      date:
      - Mon, 14 Dec 2020 03:50:38 GMT
      pragma:
      - no-cache
      server:
      - Microsoft-HTTPAPI/2.0
      strict-transport-security:
      - max-age=31536000; includeSubDomains
      transfer-encoding:
      - chunked
      vary:
      - Accept-Encoding
      x-content-type-options:
      - nosniff
      x-ms-gatewayversion:
      - version=2.11.0
    status:
      code: 200
      message: Ok
- request:
    body: null
    headers:
      Accept:
      - application/json
      Accept-Encoding:
      - gzip, deflate
      CommandName:
      - cosmosdb create
      Connection:
      - keep-alive
      ParameterSetName:
      - -n -g --backup-policy-type --locations
      User-Agent:
      - python/3.8.3 (Windows-10-10.0.17763-SP0) msrest/0.6.19 msrest_azure/0.6.4
        azure-mgmt-cosmosdb/0.7.0 Azure-SDK-For-Python AZURECLI/2.15.1
    method: GET
    uri: https://management.azure.com/subscriptions/00000000-0000-0000-0000-000000000000/providers/Microsoft.DocumentDB/locations/westus/operationsStatus/52f49a82-d772-4e39-a576-a7b0dbb7ac8a?api-version=2020-06-01-preview
  response:
    body:
      string: '{"status":"Dequeued"}'
    headers:
      cache-control:
      - no-store, no-cache
      content-length:
      - '21'
      content-type:
      - application/json
      date:
      - Mon, 14 Dec 2020 03:51:08 GMT
      pragma:
      - no-cache
      server:
      - Microsoft-HTTPAPI/2.0
      strict-transport-security:
      - max-age=31536000; includeSubDomains
      transfer-encoding:
      - chunked
      vary:
      - Accept-Encoding
      x-content-type-options:
      - nosniff
      x-ms-gatewayversion:
      - version=2.11.0
    status:
      code: 200
      message: Ok
- request:
    body: null
    headers:
      Accept:
      - application/json
      Accept-Encoding:
      - gzip, deflate
      CommandName:
      - cosmosdb create
      Connection:
      - keep-alive
      ParameterSetName:
      - -n -g --backup-policy-type --locations
      User-Agent:
      - python/3.8.3 (Windows-10-10.0.17763-SP0) msrest/0.6.19 msrest_azure/0.6.4
        azure-mgmt-cosmosdb/0.7.0 Azure-SDK-For-Python AZURECLI/2.15.1
    method: GET
    uri: https://management.azure.com/subscriptions/00000000-0000-0000-0000-000000000000/providers/Microsoft.DocumentDB/locations/westus/operationsStatus/52f49a82-d772-4e39-a576-a7b0dbb7ac8a?api-version=2020-06-01-preview
  response:
    body:
      string: '{"status":"Dequeued"}'
    headers:
      cache-control:
      - no-store, no-cache
      content-length:
      - '21'
      content-type:
      - application/json
      date:
      - Mon, 14 Dec 2020 03:51:39 GMT
      pragma:
      - no-cache
      server:
      - Microsoft-HTTPAPI/2.0
      strict-transport-security:
      - max-age=31536000; includeSubDomains
      transfer-encoding:
      - chunked
      vary:
      - Accept-Encoding
      x-content-type-options:
      - nosniff
      x-ms-gatewayversion:
      - version=2.11.0
    status:
      code: 200
      message: Ok
- request:
    body: null
    headers:
      Accept:
      - application/json
      Accept-Encoding:
      - gzip, deflate
      CommandName:
      - cosmosdb create
      Connection:
      - keep-alive
      ParameterSetName:
      - -n -g --backup-policy-type --locations
      User-Agent:
      - python/3.8.3 (Windows-10-10.0.17763-SP0) msrest/0.6.19 msrest_azure/0.6.4
        azure-mgmt-cosmosdb/0.7.0 Azure-SDK-For-Python AZURECLI/2.15.1
    method: GET
    uri: https://management.azure.com/subscriptions/00000000-0000-0000-0000-000000000000/providers/Microsoft.DocumentDB/locations/westus/operationsStatus/52f49a82-d772-4e39-a576-a7b0dbb7ac8a?api-version=2020-06-01-preview
  response:
    body:
      string: '{"status":"Dequeued"}'
    headers:
      cache-control:
      - no-store, no-cache
      content-length:
      - '21'
      content-type:
      - application/json
      date:
      - Mon, 14 Dec 2020 03:52:09 GMT
      pragma:
      - no-cache
      server:
      - Microsoft-HTTPAPI/2.0
      strict-transport-security:
      - max-age=31536000; includeSubDomains
      transfer-encoding:
      - chunked
      vary:
      - Accept-Encoding
      x-content-type-options:
      - nosniff
      x-ms-gatewayversion:
      - version=2.11.0
    status:
      code: 200
      message: Ok
- request:
    body: null
    headers:
      Accept:
      - application/json
      Accept-Encoding:
      - gzip, deflate
      CommandName:
      - cosmosdb create
      Connection:
      - keep-alive
      ParameterSetName:
      - -n -g --backup-policy-type --locations
      User-Agent:
      - python/3.8.3 (Windows-10-10.0.17763-SP0) msrest/0.6.19 msrest_azure/0.6.4
        azure-mgmt-cosmosdb/0.7.0 Azure-SDK-For-Python AZURECLI/2.15.1
    method: GET
    uri: https://management.azure.com/subscriptions/00000000-0000-0000-0000-000000000000/providers/Microsoft.DocumentDB/locations/westus/operationsStatus/52f49a82-d772-4e39-a576-a7b0dbb7ac8a?api-version=2020-06-01-preview
  response:
    body:
      string: '{"status":"Dequeued"}'
    headers:
      cache-control:
      - no-store, no-cache
      content-length:
      - '21'
      content-type:
      - application/json
      date:
      - Mon, 14 Dec 2020 03:52:40 GMT
      pragma:
      - no-cache
      server:
      - Microsoft-HTTPAPI/2.0
      strict-transport-security:
      - max-age=31536000; includeSubDomains
      transfer-encoding:
      - chunked
      vary:
      - Accept-Encoding
      x-content-type-options:
      - nosniff
      x-ms-gatewayversion:
      - version=2.11.0
    status:
      code: 200
      message: Ok
- request:
    body: null
    headers:
      Accept:
      - application/json
      Accept-Encoding:
      - gzip, deflate
      CommandName:
      - cosmosdb create
      Connection:
      - keep-alive
      ParameterSetName:
      - -n -g --backup-policy-type --locations
      User-Agent:
      - python/3.8.3 (Windows-10-10.0.17763-SP0) msrest/0.6.19 msrest_azure/0.6.4
        azure-mgmt-cosmosdb/0.7.0 Azure-SDK-For-Python AZURECLI/2.15.1
    method: GET
    uri: https://management.azure.com/subscriptions/00000000-0000-0000-0000-000000000000/providers/Microsoft.DocumentDB/locations/westus/operationsStatus/52f49a82-d772-4e39-a576-a7b0dbb7ac8a?api-version=2020-06-01-preview
  response:
    body:
      string: '{"status":"Dequeued"}'
    headers:
      cache-control:
      - no-store, no-cache
      content-length:
      - '21'
      content-type:
      - application/json
      date:
      - Mon, 14 Dec 2020 03:53:10 GMT
      pragma:
      - no-cache
      server:
      - Microsoft-HTTPAPI/2.0
      strict-transport-security:
      - max-age=31536000; includeSubDomains
      transfer-encoding:
      - chunked
      vary:
      - Accept-Encoding
      x-content-type-options:
      - nosniff
      x-ms-gatewayversion:
      - version=2.11.0
    status:
      code: 200
      message: Ok
- request:
    body: null
    headers:
      Accept:
      - application/json
      Accept-Encoding:
      - gzip, deflate
      CommandName:
      - cosmosdb create
      Connection:
      - keep-alive
      ParameterSetName:
      - -n -g --backup-policy-type --locations
      User-Agent:
      - python/3.8.3 (Windows-10-10.0.17763-SP0) msrest/0.6.19 msrest_azure/0.6.4
        azure-mgmt-cosmosdb/0.7.0 Azure-SDK-For-Python AZURECLI/2.15.1
    method: GET
    uri: https://management.azure.com/subscriptions/00000000-0000-0000-0000-000000000000/providers/Microsoft.DocumentDB/locations/westus/operationsStatus/52f49a82-d772-4e39-a576-a7b0dbb7ac8a?api-version=2020-06-01-preview
  response:
    body:
      string: '{"status":"Succeeded"}'
    headers:
      cache-control:
      - no-store, no-cache
      content-length:
      - '22'
      content-type:
      - application/json
      date:
      - Mon, 14 Dec 2020 03:53:41 GMT
      pragma:
      - no-cache
      server:
      - Microsoft-HTTPAPI/2.0
      strict-transport-security:
      - max-age=31536000; includeSubDomains
      transfer-encoding:
      - chunked
      vary:
      - Accept-Encoding
      x-content-type-options:
      - nosniff
      x-ms-gatewayversion:
      - version=2.11.0
    status:
      code: 200
      message: Ok
- request:
    body: null
    headers:
      Accept:
      - application/json
      Accept-Encoding:
      - gzip, deflate
      CommandName:
      - cosmosdb create
      Connection:
      - keep-alive
      ParameterSetName:
      - -n -g --backup-policy-type --locations
      User-Agent:
      - python/3.8.3 (Windows-10-10.0.17763-SP0) msrest/0.6.19 msrest_azure/0.6.4
        azure-mgmt-cosmosdb/0.7.0 Azure-SDK-For-Python AZURECLI/2.15.1
    method: GET
    uri: https://management.azure.com/subscriptions/00000000-0000-0000-0000-000000000000/resourceGroups/cli_test_cosmosdb_restore_command000001/providers/Microsoft.DocumentDB/databaseAccounts/cli000003?api-version=2020-06-01-preview
  response:
    body:
      string: '{"id":"/subscriptions/00000000-0000-0000-0000-000000000000/resourceGroups/cli_test_cosmosdb_restore_command000001/providers/Microsoft.DocumentDB/databaseAccounts/cli000003","name":"cli000003","location":"West
        US","type":"Microsoft.DocumentDB/databaseAccounts","kind":"GlobalDocumentDB","tags":{},"systemData":{"createdAt":"2020-12-14T03:53:12.2321417Z"},"properties":{"provisioningState":"Succeeded","documentEndpoint":"https://cli000003.documents.azure.com:443/","publicNetworkAccess":"Enabled","enableAutomaticFailover":false,"enableMultipleWriteLocations":false,"enablePartitionKeyMonitor":false,"isVirtualNetworkFilterEnabled":false,"virtualNetworkRules":[],"EnabledApiTypes":"Sql","disableKeyBasedMetadataWriteAccess":false,"enableFreeTier":false,"enableAnalyticalStorage":false,"instanceId":"5c8a5401-1159-40cc-9e1d-99af7c7bc289","createMode":"Default","databaseAccountOfferType":"Standard","consistencyPolicy":{"defaultConsistencyLevel":"Session","maxIntervalInSeconds":5,"maxStalenessPrefix":100},"configurationOverrides":{},"writeLocations":[{"id":"cli000003-westus","locationName":"West
        US","documentEndpoint":"https://cli000003-westus.documents.azure.com:443/","provisioningState":"Succeeded","failoverPriority":0,"isZoneRedundant":false}],"readLocations":[{"id":"cli000003-westus","locationName":"West
        US","documentEndpoint":"https://cli000003-westus.documents.azure.com:443/","provisioningState":"Succeeded","failoverPriority":0,"isZoneRedundant":false}],"locations":[{"id":"cli000003-westus","locationName":"West
        US","documentEndpoint":"https://cli000003-westus.documents.azure.com:443/","provisioningState":"Succeeded","failoverPriority":0,"isZoneRedundant":false}],"failoverPolicies":[{"id":"cli000003-westus","locationName":"West
        US","failoverPriority":0}],"cors":[],"capabilities":[],"ipRules":[],"backupPolicy":{"type":"Continuous"}},"identity":{"type":"None"}}'
    headers:
      cache-control:
      - no-store, no-cache
      content-length:
      - '1976'
      content-type:
      - application/json
      date:
      - Mon, 14 Dec 2020 03:53:41 GMT
      pragma:
      - no-cache
      server:
      - Microsoft-HTTPAPI/2.0
      strict-transport-security:
      - max-age=31536000; includeSubDomains
      transfer-encoding:
      - chunked
      vary:
      - Accept-Encoding
      x-content-type-options:
      - nosniff
      x-ms-gatewayversion:
      - version=2.11.0
    status:
      code: 200
      message: Ok
- request:
    body: null
    headers:
      Accept:
      - application/json
      Accept-Encoding:
      - gzip, deflate
      CommandName:
      - cosmosdb create
      Connection:
      - keep-alive
      ParameterSetName:
      - -n -g --backup-policy-type --locations
      User-Agent:
      - python/3.8.3 (Windows-10-10.0.17763-SP0) msrest/0.6.19 msrest_azure/0.6.4
        azure-mgmt-cosmosdb/0.7.0 Azure-SDK-For-Python AZURECLI/2.15.1
      accept-language:
      - en-US
    method: GET
    uri: https://management.azure.com/subscriptions/00000000-0000-0000-0000-000000000000/resourceGroups/cli_test_cosmosdb_restore_command000001/providers/Microsoft.DocumentDB/databaseAccounts/cli000003?api-version=2020-06-01-preview
  response:
    body:
      string: '{"id":"/subscriptions/00000000-0000-0000-0000-000000000000/resourceGroups/cli_test_cosmosdb_restore_command000001/providers/Microsoft.DocumentDB/databaseAccounts/cli000003","name":"cli000003","location":"West
        US","type":"Microsoft.DocumentDB/databaseAccounts","kind":"GlobalDocumentDB","tags":{},"systemData":{"createdAt":"2020-12-14T03:53:12.2321417Z"},"properties":{"provisioningState":"Succeeded","documentEndpoint":"https://cli000003.documents.azure.com:443/","publicNetworkAccess":"Enabled","enableAutomaticFailover":false,"enableMultipleWriteLocations":false,"enablePartitionKeyMonitor":false,"isVirtualNetworkFilterEnabled":false,"virtualNetworkRules":[],"EnabledApiTypes":"Sql","disableKeyBasedMetadataWriteAccess":false,"enableFreeTier":false,"enableAnalyticalStorage":false,"instanceId":"5c8a5401-1159-40cc-9e1d-99af7c7bc289","createMode":"Default","databaseAccountOfferType":"Standard","consistencyPolicy":{"defaultConsistencyLevel":"Session","maxIntervalInSeconds":5,"maxStalenessPrefix":100},"configurationOverrides":{},"writeLocations":[{"id":"cli000003-westus","locationName":"West
        US","documentEndpoint":"https://cli000003-westus.documents.azure.com:443/","provisioningState":"Succeeded","failoverPriority":0,"isZoneRedundant":false}],"readLocations":[{"id":"cli000003-westus","locationName":"West
        US","documentEndpoint":"https://cli000003-westus.documents.azure.com:443/","provisioningState":"Succeeded","failoverPriority":0,"isZoneRedundant":false}],"locations":[{"id":"cli000003-westus","locationName":"West
        US","documentEndpoint":"https://cli000003-westus.documents.azure.com:443/","provisioningState":"Succeeded","failoverPriority":0,"isZoneRedundant":false}],"failoverPolicies":[{"id":"cli000003-westus","locationName":"West
        US","failoverPriority":0}],"cors":[],"capabilities":[],"ipRules":[],"backupPolicy":{"type":"Continuous"}},"identity":{"type":"None"}}'
    headers:
      cache-control:
      - no-store, no-cache
      content-length:
      - '1976'
      content-type:
      - application/json
      date:
      - Mon, 14 Dec 2020 03:53:41 GMT
      pragma:
      - no-cache
      server:
      - Microsoft-HTTPAPI/2.0
      strict-transport-security:
      - max-age=31536000; includeSubDomains
      transfer-encoding:
      - chunked
      vary:
      - Accept-Encoding
      x-content-type-options:
      - nosniff
      x-ms-gatewayversion:
      - version=2.11.0
    status:
      code: 200
      message: Ok
- request:
    body: null
    headers:
      Accept:
      - application/json
      Accept-Encoding:
      - gzip, deflate
      CommandName:
      - cosmosdb show
      Connection:
      - keep-alive
      ParameterSetName:
      - -n -g
      User-Agent:
      - python/3.8.3 (Windows-10-10.0.17763-SP0) msrest/0.6.19 msrest_azure/0.6.4
        azure-mgmt-cosmosdb/0.7.0 Azure-SDK-For-Python AZURECLI/2.15.1
      accept-language:
      - en-US
    method: GET
    uri: https://management.azure.com/subscriptions/00000000-0000-0000-0000-000000000000/resourceGroups/cli_test_cosmosdb_restore_command000001/providers/Microsoft.DocumentDB/databaseAccounts/cli000003?api-version=2020-06-01-preview
  response:
    body:
      string: '{"id":"/subscriptions/00000000-0000-0000-0000-000000000000/resourceGroups/cli_test_cosmosdb_restore_command000001/providers/Microsoft.DocumentDB/databaseAccounts/cli000003","name":"cli000003","location":"West
        US","type":"Microsoft.DocumentDB/databaseAccounts","kind":"GlobalDocumentDB","tags":{},"systemData":{"createdAt":"2020-12-14T03:53:12.2321417Z"},"properties":{"provisioningState":"Succeeded","documentEndpoint":"https://cli000003.documents.azure.com:443/","publicNetworkAccess":"Enabled","enableAutomaticFailover":false,"enableMultipleWriteLocations":false,"enablePartitionKeyMonitor":false,"isVirtualNetworkFilterEnabled":false,"virtualNetworkRules":[],"EnabledApiTypes":"Sql","disableKeyBasedMetadataWriteAccess":false,"enableFreeTier":false,"enableAnalyticalStorage":false,"instanceId":"5c8a5401-1159-40cc-9e1d-99af7c7bc289","createMode":"Default","databaseAccountOfferType":"Standard","consistencyPolicy":{"defaultConsistencyLevel":"Session","maxIntervalInSeconds":5,"maxStalenessPrefix":100},"configurationOverrides":{},"writeLocations":[{"id":"cli000003-westus","locationName":"West
        US","documentEndpoint":"https://cli000003-westus.documents.azure.com:443/","provisioningState":"Succeeded","failoverPriority":0,"isZoneRedundant":false}],"readLocations":[{"id":"cli000003-westus","locationName":"West
        US","documentEndpoint":"https://cli000003-westus.documents.azure.com:443/","provisioningState":"Succeeded","failoverPriority":0,"isZoneRedundant":false}],"locations":[{"id":"cli000003-westus","locationName":"West
        US","documentEndpoint":"https://cli000003-westus.documents.azure.com:443/","provisioningState":"Succeeded","failoverPriority":0,"isZoneRedundant":false}],"failoverPolicies":[{"id":"cli000003-westus","locationName":"West
        US","failoverPriority":0}],"cors":[],"capabilities":[],"ipRules":[],"backupPolicy":{"type":"Continuous"}},"identity":{"type":"None"}}'
    headers:
      cache-control:
      - no-store, no-cache
      content-length:
      - '1976'
      content-type:
      - application/json
      date:
      - Mon, 14 Dec 2020 03:53:42 GMT
      pragma:
      - no-cache
      server:
      - Microsoft-HTTPAPI/2.0
      strict-transport-security:
      - max-age=31536000; includeSubDomains
      transfer-encoding:
      - chunked
      vary:
      - Accept-Encoding
      x-content-type-options:
      - nosniff
      x-ms-gatewayversion:
      - version=2.11.0
    status:
      code: 200
      message: Ok
- request:
    body: '{"properties": {"resource": {"id": "cli000005"}, "options": {}}}'
    headers:
      Accept:
      - application/json
      Accept-Encoding:
      - gzip, deflate
      CommandName:
      - cosmosdb sql database create
      Connection:
      - keep-alive
      Content-Length:
      - '70'
      Content-Type:
      - application/json; charset=utf-8
      ParameterSetName:
      - -g -a -n
      User-Agent:
      - python/3.8.3 (Windows-10-10.0.17763-SP0) msrest/0.6.19 msrest_azure/0.6.4
        azure-mgmt-cosmosdb/1.0.0 Azure-SDK-For-Python AZURECLI/2.15.1
      accept-language:
      - en-US
    method: PUT
    uri: https://management.azure.com/subscriptions/00000000-0000-0000-0000-000000000000/resourceGroups/cli_test_cosmosdb_restore_command000001/providers/Microsoft.DocumentDB/databaseAccounts/cli000003/sqlDatabases/cli000005?api-version=2020-04-01
  response:
    body:
      string: '{"status":"Enqueued"}'
    headers:
      azure-asyncoperation:
      - https://management.azure.com/subscriptions/00000000-0000-0000-0000-000000000000/providers/Microsoft.DocumentDB/locations/westus/operationsStatus/6590aedd-0361-49b0-b5ea-c23b0563a41e?api-version=2020-04-01
      cache-control:
      - no-store, no-cache
      content-length:
      - '21'
      content-type:
      - application/json
      date:
      - Mon, 14 Dec 2020 03:53:44 GMT
      location:
      - https://management.azure.com/subscriptions/00000000-0000-0000-0000-000000000000/resourceGroups/cli_test_cosmosdb_restore_command000001/providers/Microsoft.DocumentDB/databaseAccounts/cli000003/sqlDatabases/cli000005/operationResults/6590aedd-0361-49b0-b5ea-c23b0563a41e?api-version=2020-04-01
      pragma:
      - no-cache
      server:
      - Microsoft-HTTPAPI/2.0
      strict-transport-security:
      - max-age=31536000; includeSubDomains
      x-content-type-options:
      - nosniff
      x-ms-gatewayversion:
      - version=2.11.0
      x-ms-ratelimit-remaining-subscription-writes:
      - '1199'
    status:
      code: 202
      message: Accepted
- request:
    body: null
    headers:
      Accept:
      - application/json
      Accept-Encoding:
      - gzip, deflate
      CommandName:
      - cosmosdb sql database create
      Connection:
      - keep-alive
      ParameterSetName:
      - -g -a -n
      User-Agent:
      - python/3.8.3 (Windows-10-10.0.17763-SP0) msrest/0.6.19 msrest_azure/0.6.4
        azure-mgmt-cosmosdb/1.0.0 Azure-SDK-For-Python AZURECLI/2.15.1
    method: GET
    uri: https://management.azure.com/subscriptions/00000000-0000-0000-0000-000000000000/providers/Microsoft.DocumentDB/locations/westus/operationsStatus/6590aedd-0361-49b0-b5ea-c23b0563a41e?api-version=2020-04-01
  response:
    body:
      string: '{"status":"Succeeded"}'
    headers:
      cache-control:
      - no-store, no-cache
      content-length:
      - '22'
      content-type:
      - application/json
      date:
      - Mon, 14 Dec 2020 03:54:14 GMT
      pragma:
      - no-cache
      server:
      - Microsoft-HTTPAPI/2.0
      strict-transport-security:
      - max-age=31536000; includeSubDomains
      transfer-encoding:
      - chunked
      vary:
      - Accept-Encoding
      x-content-type-options:
      - nosniff
      x-ms-gatewayversion:
      - version=2.11.0
    status:
      code: 200
      message: Ok
- request:
    body: null
    headers:
      Accept:
      - application/json
      Accept-Encoding:
      - gzip, deflate
      CommandName:
      - cosmosdb sql database create
      Connection:
      - keep-alive
      ParameterSetName:
      - -g -a -n
      User-Agent:
      - python/3.8.3 (Windows-10-10.0.17763-SP0) msrest/0.6.19 msrest_azure/0.6.4
        azure-mgmt-cosmosdb/1.0.0 Azure-SDK-For-Python AZURECLI/2.15.1
    method: GET
    uri: https://management.azure.com/subscriptions/00000000-0000-0000-0000-000000000000/resourceGroups/cli_test_cosmosdb_restore_command000001/providers/Microsoft.DocumentDB/databaseAccounts/cli000003/sqlDatabases/cli000005?api-version=2020-04-01
  response:
    body:
      string: '{"id":"/subscriptions/00000000-0000-0000-0000-000000000000/resourceGroups/cli_test_cosmosdb_restore_command000001/providers/Microsoft.DocumentDB/databaseAccounts/cli000003/sqlDatabases/cli000005","type":"Microsoft.DocumentDB/databaseAccounts/sqlDatabases","name":"cli000005","properties":{"resource":{"id":"cli000005","_rid":"Q+NzAA==","_self":"dbs/Q+NzAA==/","_etag":"\"0000e601-0000-0700-0000-5fd6e1ce0000\"","_colls":"colls/","_users":"users/","_ts":1607918030}}}'
    headers:
      cache-control:
      - no-store, no-cache
      content-length:
      - '526'
      content-type:
      - application/json
      date:
      - Mon, 14 Dec 2020 03:54:14 GMT
      pragma:
      - no-cache
      server:
      - Microsoft-HTTPAPI/2.0
      strict-transport-security:
      - max-age=31536000; includeSubDomains
      transfer-encoding:
      - chunked
      vary:
      - Accept-Encoding
      x-content-type-options:
      - nosniff
      x-ms-gatewayversion:
      - version=2.11.0
    status:
      code: 200
      message: Ok
- request:
    body: '{"properties": {"resource": {"id": "cli000002", "indexingPolicy": {"automatic":
      true, "indexingMode": "consistent", "includedPaths": [{"path": "/*"}], "excludedPaths":
      [{"path": "/\"_etag\"/?"}]}, "partitionKey": {"paths": ["/pk"], "kind": "Hash"}},
      "options": {}}}'
    headers:
      Accept:
      - application/json
      Accept-Encoding:
      - gzip, deflate
      CommandName:
      - cosmosdb sql container create
      Connection:
      - keep-alive
      Content-Length:
      - '271'
      Content-Type:
      - application/json; charset=utf-8
      ParameterSetName:
      - -g -a -d -n -p
      User-Agent:
      - python/3.8.3 (Windows-10-10.0.17763-SP0) msrest/0.6.19 msrest_azure/0.6.4
        azure-mgmt-cosmosdb/1.0.0 Azure-SDK-For-Python AZURECLI/2.15.1
      accept-language:
      - en-US
    method: PUT
    uri: https://management.azure.com/subscriptions/00000000-0000-0000-0000-000000000000/resourceGroups/cli_test_cosmosdb_restore_command000001/providers/Microsoft.DocumentDB/databaseAccounts/cli000003/sqlDatabases/cli000005/containers/cli000002?api-version=2020-04-01
  response:
    body:
      string: '{"status":"Enqueued"}'
    headers:
      azure-asyncoperation:
      - https://management.azure.com/subscriptions/00000000-0000-0000-0000-000000000000/providers/Microsoft.DocumentDB/locations/westus/operationsStatus/5d09e3b7-5a55-4858-beac-cbe762ac7569?api-version=2020-04-01
      cache-control:
      - no-store, no-cache
      content-length:
      - '21'
      content-type:
      - application/json
      date:
      - Mon, 14 Dec 2020 03:54:15 GMT
      location:
      - https://management.azure.com/subscriptions/00000000-0000-0000-0000-000000000000/resourceGroups/cli_test_cosmosdb_restore_command000001/providers/Microsoft.DocumentDB/databaseAccounts/cli000003/sqlDatabases/cli000005/containers/cli000002/operationResults/5d09e3b7-5a55-4858-beac-cbe762ac7569?api-version=2020-04-01
      pragma:
      - no-cache
      server:
      - Microsoft-HTTPAPI/2.0
      strict-transport-security:
      - max-age=31536000; includeSubDomains
      x-content-type-options:
      - nosniff
      x-ms-gatewayversion:
      - version=2.11.0
      x-ms-ratelimit-remaining-subscription-writes:
      - '1199'
    status:
      code: 202
      message: Accepted
- request:
    body: null
    headers:
      Accept:
      - application/json
      Accept-Encoding:
      - gzip, deflate
      CommandName:
      - cosmosdb sql container create
      Connection:
      - keep-alive
      ParameterSetName:
      - -g -a -d -n -p
      User-Agent:
      - python/3.8.3 (Windows-10-10.0.17763-SP0) msrest/0.6.19 msrest_azure/0.6.4
        azure-mgmt-cosmosdb/1.0.0 Azure-SDK-For-Python AZURECLI/2.15.1
    method: GET
    uri: https://management.azure.com/subscriptions/00000000-0000-0000-0000-000000000000/providers/Microsoft.DocumentDB/locations/westus/operationsStatus/5d09e3b7-5a55-4858-beac-cbe762ac7569?api-version=2020-04-01
  response:
    body:
      string: '{"status":"Succeeded"}'
    headers:
      cache-control:
      - no-store, no-cache
      content-length:
      - '22'
      content-type:
      - application/json
      date:
      - Mon, 14 Dec 2020 03:54:47 GMT
      pragma:
      - no-cache
      server:
      - Microsoft-HTTPAPI/2.0
      strict-transport-security:
      - max-age=31536000; includeSubDomains
      transfer-encoding:
      - chunked
      vary:
      - Accept-Encoding
      x-content-type-options:
      - nosniff
      x-ms-gatewayversion:
      - version=2.11.0
    status:
      code: 200
      message: Ok
- request:
    body: null
    headers:
      Accept:
      - application/json
      Accept-Encoding:
      - gzip, deflate
      CommandName:
      - cosmosdb sql container create
      Connection:
      - keep-alive
      ParameterSetName:
      - -g -a -d -n -p
      User-Agent:
      - python/3.8.3 (Windows-10-10.0.17763-SP0) msrest/0.6.19 msrest_azure/0.6.4
        azure-mgmt-cosmosdb/1.0.0 Azure-SDK-For-Python AZURECLI/2.15.1
    method: GET
    uri: https://management.azure.com/subscriptions/00000000-0000-0000-0000-000000000000/resourceGroups/cli_test_cosmosdb_restore_command000001/providers/Microsoft.DocumentDB/databaseAccounts/cli000003/sqlDatabases/cli000005/containers/cli000002?api-version=2020-04-01
  response:
    body:
      string: '{"id":"/subscriptions/00000000-0000-0000-0000-000000000000/resourceGroups/cli_test_cosmosdb_restore_command000001/providers/Microsoft.DocumentDB/databaseAccounts/cli000003/sqlDatabases/cli000005/containers/cli000002","type":"Microsoft.DocumentDB/databaseAccounts/sqlDatabases/containers","name":"cli000002","properties":{"resource":{"id":"cli000002","indexingPolicy":{"indexingMode":"consistent","automatic":true,"includedPaths":[{"path":"/*"}],"excludedPaths":[{"path":"/\"_etag\"/?"}]},"partitionKey":{"paths":["/pk"],"kind":"Hash"},"uniqueKeyPolicy":{"uniqueKeys":[]},"conflictResolutionPolicy":{"mode":"LastWriterWins","conflictResolutionPath":"/_ts","conflictResolutionProcedure":""},"backupPolicy":{"type":1},"allowMaterializedViews":false,"geospatialConfig":{"type":"Geography"},"_rid":"Q+NzAJQ8vS4=","_ts":1607918060,"_self":"dbs/Q+NzAA==/colls/Q+NzAJQ8vS4=/","_etag":"\"0000e901-0000-0700-0000-5fd6e1ec0000\"","_docs":"docs/","_sprocs":"sprocs/","_triggers":"triggers/","_udfs":"udfs/","_conflicts":"conflicts/","statistics":[{"id":"0","sizeInKB":0,"documentCount":0,"partitionKeys":[]}]}}}'
    headers:
      cache-control:
      - no-store, no-cache
      content-length:
      - '1165'
      content-type:
      - application/json
      date:
      - Mon, 14 Dec 2020 03:54:47 GMT
      pragma:
      - no-cache
      server:
      - Microsoft-HTTPAPI/2.0
      strict-transport-security:
      - max-age=31536000; includeSubDomains
      transfer-encoding:
      - chunked
      vary:
      - Accept-Encoding
      x-content-type-options:
      - nosniff
      x-ms-gatewayversion:
      - version=2.11.0
    status:
      code: 200
      message: Ok
- request:
    body: null
    headers:
      Accept:
      - application/json
      Accept-Encoding:
      - gzip, deflate
      CommandName:
      - cosmosdb restorable-database-account show
      Connection:
      - keep-alive
      ParameterSetName:
      - --location --instance-id
      User-Agent:
      - python/3.8.3 (Windows-10-10.0.17763-SP0) msrest/0.6.19 msrest_azure/0.6.4
        azure-mgmt-cosmosdb/0.7.0 Azure-SDK-For-Python AZURECLI/2.15.1
      accept-language:
      - en-US
    method: GET
    uri: https://management.azure.com/subscriptions/00000000-0000-0000-0000-000000000000/providers/Microsoft.DocumentDB/locations/westus/restorableDatabaseAccounts/5c8a5401-1159-40cc-9e1d-99af7c7bc289?api-version=2020-06-01-preview
  response:
    body:
      string: '{"name":"5c8a5401-1159-40cc-9e1d-99af7c7bc289","location":"West US","type":"Microsoft.DocumentDB/locations/restorableDatabaseAccounts","id":"/subscriptions/00000000-0000-0000-0000-000000000000/providers/Microsoft.DocumentDB/locations/westus/restorableDatabaseAccounts/5c8a5401-1159-40cc-9e1d-99af7c7bc289","properties":{"accountName":"cli000003","creationTime":"2020-12-14T03:53:12.2321417Z","apiType":"Sql","restorableLocations":[{"locationName":"West
        US","creationTime":"2020-12-14T03:53:12.9771426Z","regionalDatabaseAccountInstanceId":"63446e97-a8fb-4373-b0fd-57bd2d700bfa"}]}}'
    headers:
      cache-control:
      - no-store, no-cache
      content-length:
      - '587'
      content-type:
      - application/json
      date:
      - Mon, 14 Dec 2020 03:54:49 GMT
      pragma:
      - no-cache
      server:
      - Microsoft-HTTPAPI/2.0
      strict-transport-security:
      - max-age=31536000; includeSubDomains
      transfer-encoding:
      - chunked
      vary:
      - Accept-Encoding
      x-content-type-options:
      - nosniff
      x-ms-gatewayversion:
      - version=2.11.0
    status:
      code: 200
      message: Ok
- request:
    body: null
    headers:
      Accept:
      - application/json
      Accept-Encoding:
      - gzip, deflate
      CommandName:
      - cosmosdb restore
      Connection:
      - keep-alive
      ParameterSetName:
      - -n -g -a --restore-timestamp --location
      User-Agent:
      - python/3.8.3 (Windows-10-10.0.17763-SP0) msrest/0.6.19 msrest_azure/0.6.4
        azure-mgmt-cosmosdb/0.7.0 Azure-SDK-For-Python AZURECLI/2.15.1
      accept-language:
      - en-US
    method: GET
    uri: https://management.azure.com/subscriptions/00000000-0000-0000-0000-000000000000/providers/Microsoft.DocumentDB/restorableDatabaseAccounts?api-version=2020-06-01-preview
  response:
    body:
      string: '{"value":[{"name":"5c8a5401-1159-40cc-9e1d-99af7c7bc289","location":"West
        US","type":"Microsoft.DocumentDB/locations/restorableDatabaseAccounts","id":"/subscriptions/00000000-0000-0000-0000-000000000000/providers/Microsoft.DocumentDB/locations/westus/restorableDatabaseAccounts/5c8a5401-1159-40cc-9e1d-99af7c7bc289","properties":{"accountName":"cli000003","creationTime":"2020-12-14T03:53:12.2321417Z","apiType":"Sql","restorableLocations":[{"locationName":"West
        US","creationTime":"2020-12-14T03:53:12.9771426Z","regionalDatabaseAccountInstanceId":"63446e97-a8fb-4373-b0fd-57bd2d700bfa"}]}},{"name":"651acce6-dd9b-4cb0-a236-444fa0760775","location":"West
        US","type":"Microsoft.DocumentDB/locations/restorableDatabaseAccounts","id":"/subscriptions/00000000-0000-0000-0000-000000000000/providers/Microsoft.DocumentDB/locations/westus/restorableDatabaseAccounts/651acce6-dd9b-4cb0-a236-444fa0760775","properties":{"accountName":"continuous-db2121","creationTime":"2020-08-06T21:04:15.6720984Z","apiType":"Sql","restorableLocations":[{"locationName":"West
        US","creationTime":"2020-08-06T21:04:16.5626858Z","regionalDatabaseAccountInstanceId":"7119a7d0-aab2-4dac-90d2-68880d3fa967"}]}},{"name":"b27cbd07-72f0-4769-9bc7-8cfbe0523d29","location":"West
        US","type":"Microsoft.DocumentDB/locations/restorableDatabaseAccounts","id":"/subscriptions/00000000-0000-0000-0000-000000000000/providers/Microsoft.DocumentDB/locations/westus/restorableDatabaseAccounts/b27cbd07-72f0-4769-9bc7-8cfbe0523d29","properties":{"accountName":"continuous-db2121-r1","creationTime":"2020-09-03T17:58:33.3003917Z","apiType":"Sql","restorableLocations":[{"locationName":"West
        US","creationTime":"2020-09-03T17:58:33.3003917Z","regionalDatabaseAccountInstanceId":"c800c27e-ec05-4656-9391-6e31f28e3e8b"}]}},{"name":"780425ec-5b37-4661-ab56-bdeac3ca2763","location":"West
        US","type":"Microsoft.DocumentDB/locations/restorableDatabaseAccounts","id":"/subscriptions/00000000-0000-0000-0000-000000000000/providers/Microsoft.DocumentDB/locations/westus/restorableDatabaseAccounts/780425ec-5b37-4661-ab56-bdeac3ca2763","properties":{"accountName":"continuous-db2332","creationTime":"2020-08-06T22:43:00.3153258Z","apiType":"Sql","restorableLocations":[{"locationName":"West
        US","creationTime":"2020-08-06T22:43:01.1889467Z","regionalDatabaseAccountInstanceId":"4d097971-9228-459b-8687-e6016e34599e"}]}},{"name":"d92d948a-afb9-4bb3-9a4c-d6b8fcf8d204","location":"West
        US","type":"Microsoft.DocumentDB/locations/restorableDatabaseAccounts","id":"/subscriptions/00000000-0000-0000-0000-000000000000/providers/Microsoft.DocumentDB/locations/westus/restorableDatabaseAccounts/d92d948a-afb9-4bb3-9a4c-d6b8fcf8d204","properties":{"accountName":"kal-continuous","creationTime":"2020-08-05T01:00:24.1857393Z","apiType":"Sql","restorableLocations":[{"locationName":"West
        US","creationTime":"2020-08-05T01:00:25.0607285Z","regionalDatabaseAccountInstanceId":"c28cc815-caba-4bd3-9402-6c8ec362efe6"},{"locationName":"East
        US","creationTime":"2020-08-05T01:12:02.3818516Z","regionalDatabaseAccountInstanceId":"cc0bacf7-91d0-4c4b-95ff-2479327f0866"},{"locationName":"South
        Central US","creationTime":"2020-08-23T01:34:10.8844144Z","regionalDatabaseAccountInstanceId":"6fc9f211-8f76-4c29-9edc-f82ee8c5211a"}]}},{"name":"11d8ee78-2502-4ad6-becd-291aef9ac258","location":"West
        US","type":"Microsoft.DocumentDB/locations/restorableDatabaseAccounts","id":"/subscriptions/00000000-0000-0000-0000-000000000000/providers/Microsoft.DocumentDB/locations/westus/restorableDatabaseAccounts/11d8ee78-2502-4ad6-becd-291aef9ac258","properties":{"accountName":"kal-continuous-dedicated-test","creationTime":"2020-10-05T23:45:25.9865024Z","apiType":"Sql","restorableLocations":[{"locationName":"West
        US","creationTime":"2020-10-05T23:45:26.9395959Z","regionalDatabaseAccountInstanceId":"543c99f9-7bc2-4b55-9732-9733b981341f"}]}},{"name":"ed1b5536-d225-4af9-bf33-71ff5fc8ef4b","location":"South
        Central US","type":"Microsoft.DocumentDB/locations/restorableDatabaseAccounts","id":"/subscriptions/00000000-0000-0000-0000-000000000000/providers/Microsoft.DocumentDB/locations/southcentralus/restorableDatabaseAccounts/ed1b5536-d225-4af9-bf33-71ff5fc8ef4b","properties":{"accountName":"kal-dedicated-test","creationTime":"2020-10-05T23:57:44.8347861Z","apiType":"Sql","restorableLocations":[{"locationName":"South
        Central US","creationTime":"2020-10-05T23:57:45.381672Z","regionalDatabaseAccountInstanceId":"ff8bf7b0-f9c3-461c-8c13-26e94ac4c2bc"}]}},{"name":"3325eb2c-3a59-4ebb-882f-27fe519f2253","location":"West
        US","type":"Microsoft.DocumentDB/locations/restorableDatabaseAccounts","id":"/subscriptions/00000000-0000-0000-0000-000000000000/providers/Microsoft.DocumentDB/locations/westus/restorableDatabaseAccounts/3325eb2c-3a59-4ebb-882f-27fe519f2253","properties":{"accountName":"pitracc","creationTime":"2020-10-15T00:44:15.224607Z","apiType":"Sql","restorableLocations":[{"locationName":"West
        US","creationTime":"2020-10-15T00:44:16.8339914Z","regionalDatabaseAccountInstanceId":"b7cb54bc-b620-4d34-a004-11bda0dab218"},{"locationName":"East
        US 2","creationTime":"2020-10-15T06:41:51.7956227Z","regionalDatabaseAccountInstanceId":"9b2e4539-1898-4f11-b568-5b72c913eb53"}]}},{"name":"1e2bec8e-adcc-4c5a-aa5b-82091d6c8a37","location":"West
        US","type":"Microsoft.DocumentDB/locations/restorableDatabaseAccounts","id":"/subscriptions/00000000-0000-0000-0000-000000000000/providers/Microsoft.DocumentDB/locations/westus/restorableDatabaseAccounts/1e2bec8e-adcc-4c5a-aa5b-82091d6c8a37","properties":{"accountName":"pitracctdemo2","creationTime":"2020-08-11T02:34:22.7041021Z","apiType":"Sql","restorableLocations":[{"locationName":"West
        US","creationTime":"2020-08-11T02:34:23.4228904Z","regionalDatabaseAccountInstanceId":"7419408f-e6af-4596-a76b-c31ca62a54ca"}]}},{"name":"6fd844b3-71af-4e89-9b9d-f829945272bf","location":"West
        US","type":"Microsoft.DocumentDB/locations/restorableDatabaseAccounts","id":"/subscriptions/00000000-0000-0000-0000-000000000000/providers/Microsoft.DocumentDB/locations/westus/restorableDatabaseAccounts/6fd844b3-71af-4e89-9b9d-f829945272bf","properties":{"accountName":"pitrdemo1015","creationTime":"2020-10-15T17:28:58.4349667Z","apiType":"Sql","restorableLocations":[{"locationName":"West
        US","creationTime":"2020-10-15T17:28:59.3099929Z","regionalDatabaseAccountInstanceId":"af26f717-b6ff-4eac-864c-17e759891ae8"}]}},{"name":"3f392004-9f83-4ae9-ac1c-fa5f6542f245","location":"West
        US","type":"Microsoft.DocumentDB/locations/restorableDatabaseAccounts","id":"/subscriptions/00000000-0000-0000-0000-000000000000/providers/Microsoft.DocumentDB/locations/westus/restorableDatabaseAccounts/3f392004-9f83-4ae9-ac1c-fa5f6542f245","properties":{"accountName":"pitrdemorestored1015","creationTime":"2020-10-15T17:37:19.7445957Z","apiType":"Sql","restorableLocations":[{"locationName":"West
        US","creationTime":"2020-10-15T17:37:19.7445957Z","regionalDatabaseAccountInstanceId":"2f4857ad-25c3-4e2f-883a-abe35c5f5e0c"}]}},{"name":"74ebfb99-1914-4ea9-b802-736b5bda12a7","location":"West
        US","type":"Microsoft.DocumentDB/locations/restorableDatabaseAccounts","id":"/subscriptions/00000000-0000-0000-0000-000000000000/providers/Microsoft.DocumentDB/locations/westus/restorableDatabaseAccounts/74ebfb99-1914-4ea9-b802-736b5bda12a7","properties":{"accountName":"pitrmongotest","creationTime":"2020-10-01T17:27:21.7773462Z","apiType":"MongoDB","restorableLocations":[{"locationName":"West
        US","creationTime":"2020-10-01T17:27:22.8398227Z","regionalDatabaseAccountInstanceId":"73ef95f2-a338-4afc-8bb2-6fc3b0071d58"}]}},{"name":"9905e7ca-6f2d-4b24-a4c5-8e7529036a74","location":"West
        US","type":"Microsoft.DocumentDB/locations/restorableDatabaseAccounts","id":"/subscriptions/00000000-0000-0000-0000-000000000000/providers/Microsoft.DocumentDB/locations/westus/restorableDatabaseAccounts/9905e7ca-6f2d-4b24-a4c5-8e7529036a74","properties":{"accountName":"pitrmongotest-restore","creationTime":"2020-10-01T21:24:44.2340464Z","apiType":"MongoDB","restorableLocations":[{"locationName":"West
        US","creationTime":"2020-10-01T21:24:44.2340464Z","regionalDatabaseAccountInstanceId":"75c41286-d7f2-4594-b9f2-87f6c9843cf8"}]}},{"name":"eeb45f7f-4c05-4b52-9f42-6807d8eb8703","location":"West
        US","type":"Microsoft.DocumentDB/locations/restorableDatabaseAccounts","id":"/subscriptions/00000000-0000-0000-0000-000000000000/providers/Microsoft.DocumentDB/locations/westus/restorableDatabaseAccounts/eeb45f7f-4c05-4b52-9f42-6807d8eb8703","properties":{"accountName":"powershell-restore","creationTime":"2020-08-10T19:20:13.1359094Z","apiType":"Sql","restorableLocations":[{"locationName":"West
        US","creationTime":"2020-08-10T19:20:13.1359094Z","regionalDatabaseAccountInstanceId":"3cd8b081-4b95-47d8-86f5-a17da18e3b88"}]}},{"name":"f780ef6c-1fea-4a6a-9c33-784bf8a52edd","location":"West
        US","type":"Microsoft.DocumentDB/locations/restorableDatabaseAccounts","id":"/subscriptions/00000000-0000-0000-0000-000000000000/providers/Microsoft.DocumentDB/locations/westus/restorableDatabaseAccounts/f780ef6c-1fea-4a6a-9c33-784bf8a52edd","properties":{"accountName":"restored-continuous-db2121-1","creationTime":"2020-08-07T17:55:44.1250519Z","apiType":"Sql","restorableLocations":[{"locationName":"West
        US","creationTime":"2020-08-07T17:55:44.1250519Z","regionalDatabaseAccountInstanceId":"ce739365-8e46-4e12-81e5-9ba7f7ee5ff9"}]}},{"name":"d412cde0-dcee-4e6c-9e8f-69770224be1a","location":"West
        US","type":"Microsoft.DocumentDB/locations/restorableDatabaseAccounts","id":"/subscriptions/00000000-0000-0000-0000-000000000000/providers/Microsoft.DocumentDB/locations/westus/restorableDatabaseAccounts/d412cde0-dcee-4e6c-9e8f-69770224be1a","properties":{"accountName":"restored2-continuous-db2121-2","creationTime":"2020-08-07T18:16:29.8946196Z","apiType":"Sql","restorableLocations":[{"locationName":"West
        US","creationTime":"2020-08-07T18:16:29.8946196Z","regionalDatabaseAccountInstanceId":"a52cc373-6f32-4feb-b28b-15c0bb9842c3"}]}},{"name":"23e99a35-cd36-4df4-9614-f767a03b9995","location":"West
        US","type":"Microsoft.DocumentDB/locations/restorableDatabaseAccounts","id":"/subscriptions/00000000-0000-0000-0000-000000000000/providers/Microsoft.DocumentDB/locations/westus/restorableDatabaseAccounts/23e99a35-cd36-4df4-9614-f767a03b9995","properties":{"accountName":"subbannageeta","creationTime":"2020-08-08T01:04:52.0701907Z","apiType":"Sql","restorableLocations":[{"locationName":"West
        US","creationTime":"2020-08-08T01:04:52.9451855Z","regionalDatabaseAccountInstanceId":"30701557-ecf8-43ce-8810-2c8be01dccf9"},{"locationName":"East
        US","creationTime":"2020-08-08T01:15:43.5077951Z","regionalDatabaseAccountInstanceId":"8283b088-b67d-4975-bfbe-0705e3e7a599"}]}},{"name":"2cfb9266-6837-4c5c-b7ae-ec8e72913cd1","location":"West
        US","type":"Microsoft.DocumentDB/locations/restorableDatabaseAccounts","id":"/subscriptions/00000000-0000-0000-0000-000000000000/providers/Microsoft.DocumentDB/locations/westus/restorableDatabaseAccounts/2cfb9266-6837-4c5c-b7ae-ec8e72913cd1","properties":{"accountName":"test-bk-cont-restore1","creationTime":"2020-10-15T23:55:02.6142219Z","apiType":"Sql","restorableLocations":[{"locationName":"South
        Central US","creationTime":"2020-10-15T23:55:02.6142219Z","regionalDatabaseAccountInstanceId":"a1893351-8aa8-4ff0-8457-47ce4e6c2790"}]}},{"name":"6f7de73f-d3aa-4b35-9bab-f4359a8415a5","location":"West
        US","type":"Microsoft.DocumentDB/locations/restorableDatabaseAccounts","id":"/subscriptions/00000000-0000-0000-0000-000000000000/providers/Microsoft.DocumentDB/locations/westus/restorableDatabaseAccounts/6f7de73f-d3aa-4b35-9bab-f4359a8415a5","properties":{"accountName":"vinhpitrrestored1015","creationTime":"2020-10-15T16:08:38.1731104Z","apiType":"Sql","restorableLocations":[{"locationName":"West
        US","creationTime":"2020-10-15T16:08:38.1731104Z","regionalDatabaseAccountInstanceId":"2d731560-b500-49c7-ad88-acba387c072c"}]}},{"name":"c0291614-213c-4629-a26a-12802ca1b761","location":"West
        US 2","type":"Microsoft.DocumentDB/locations/restorableDatabaseAccounts","id":"/subscriptions/00000000-0000-0000-0000-000000000000/providers/Microsoft.DocumentDB/locations/westus2/restorableDatabaseAccounts/c0291614-213c-4629-a26a-12802ca1b761","properties":{"accountName":"virangai-test-mongo-pitr","creationTime":"2020-11-24T21:46:06.459782Z","apiType":"MongoDB","restorableLocations":[{"locationName":"West
        US 2","creationTime":"2020-11-24T21:46:07.1249476Z","regionalDatabaseAccountInstanceId":"12e12ed9-5da1-4a35-9ecf-09dff1515d58"}]}},{"name":"7ccb546f-804d-4fe3-902f-bdb162d2ca51","location":"West
        US","type":"Microsoft.DocumentDB/locations/restorableDatabaseAccounts","id":"/subscriptions/00000000-0000-0000-0000-000000000000/providers/Microsoft.DocumentDB/locations/westus/restorableDatabaseAccounts/7ccb546f-804d-4fe3-902f-bdb162d2ca51","properties":{"accountName":"virangai-test-pitr-restore-del","creationTime":"2020-12-10T02:06:21.2690247Z","apiType":"Sql","restorableLocations":[{"locationName":"West
        US","creationTime":"2020-12-10T02:06:21.2690247Z","regionalDatabaseAccountInstanceId":"fbbdcce1-e4cc-4fb9-8a5c-64f96438e722"}]}},{"name":"02cf4c6e-8c16-48ed-9626-e135a1e3fc01","location":"West
        US","type":"Microsoft.DocumentDB/locations/restorableDatabaseAccounts","id":"/subscriptions/00000000-0000-0000-0000-000000000000/providers/Microsoft.DocumentDB/locations/westus/restorableDatabaseAccounts/02cf4c6e-8c16-48ed-9626-e135a1e3fc01","properties":{"accountName":"cli6sjyklw2shv5","creationTime":"2020-12-10T22:11:55.0479455Z","apiType":"Sql","deletionTime":"2020-12-10T22:16:27.9464018Z","restorableLocations":[{"locationName":"West
        US","creationTime":"2020-12-10T22:11:55.8079602Z","deletionTime":"2020-12-10T22:16:27.9464018Z","regionalDatabaseAccountInstanceId":"244e1781-aead-45ba-b987-06d7cf9d9016"}]}},{"name":"0f15c95d-762e-465d-a31c-a66b9d880bfc","location":"West
        US","type":"Microsoft.DocumentDB/locations/restorableDatabaseAccounts","id":"/subscriptions/00000000-0000-0000-0000-000000000000/providers/Microsoft.DocumentDB/locations/westus/restorableDatabaseAccounts/0f15c95d-762e-465d-a31c-a66b9d880bfc","properties":{"accountName":"virangai-test-pitr-restore1","creationTime":"2020-11-17T23:20:50.6676642Z","apiType":"Sql","deletionTime":"2020-11-19T07:21:17.9581005Z","restorableLocations":[{"locationName":"West
        US","creationTime":"2020-11-17T23:20:50.6676642Z","deletionTime":"2020-11-19T07:21:17.9581005Z","regionalDatabaseAccountInstanceId":"718a2356-4556-4d54-90fb-b8c65b065d38"}]}},{"name":"1d16299c-e79e-4130-9647-1fa47f738892","location":"West
        US","type":"Microsoft.DocumentDB/locations/restorableDatabaseAccounts","id":"/subscriptions/00000000-0000-0000-0000-000000000000/providers/Microsoft.DocumentDB/locations/westus/restorableDatabaseAccounts/1d16299c-e79e-4130-9647-1fa47f738892","properties":{"accountName":"clid4bvkfsumrnr","creationTime":"2020-12-10T21:41:44.7967591Z","apiType":"MongoDB","deletionTime":"2020-12-10T21:46:01.404794Z","restorableLocations":[{"locationName":"West
        US","creationTime":"2020-12-10T21:41:45.8387477Z","deletionTime":"2020-12-10T21:46:01.404794Z","regionalDatabaseAccountInstanceId":"0583b6dc-1c55-4786-be03-8a5ecc6ff7b1"}]}},{"name":"4fae7f97-17a8-4e16-b1ec-c403112381e1","location":"West
        US","type":"Microsoft.DocumentDB/locations/restorableDatabaseAccounts","id":"/subscriptions/00000000-0000-0000-0000-000000000000/providers/Microsoft.DocumentDB/locations/westus/restorableDatabaseAccounts/4fae7f97-17a8-4e16-b1ec-c403112381e1","properties":{"accountName":"virangai-test-pitr","creationTime":"2020-11-17T05:43:36.9551156Z","apiType":"Sql","deletionTime":"2020-11-19T07:24:27.2721258Z","restorableLocations":[{"locationName":"West
        US","creationTime":"2020-11-17T05:43:37.7451168Z","deletionTime":"2020-11-19T07:24:27.2721258Z","regionalDatabaseAccountInstanceId":"09b126d6-b6f2-490f-8ab9-71fab19bde3a"}]}},{"name":"5fdb9f12-f0ec-4600-85c2-bc747a65a794","location":"West
        US","type":"Microsoft.DocumentDB/locations/restorableDatabaseAccounts","id":"/subscriptions/00000000-0000-0000-0000-000000000000/providers/Microsoft.DocumentDB/locations/westus/restorableDatabaseAccounts/5fdb9f12-f0ec-4600-85c2-bc747a65a794","properties":{"accountName":"cliddnyz7svsjkw","creationTime":"2020-12-10T20:04:05.7748719Z","apiType":"MongoDB","deletionTime":"2020-12-10T20:06:37.8091556Z","restorableLocations":[{"locationName":"West
        US","creationTime":"2020-12-10T20:04:06.5848765Z","deletionTime":"2020-12-10T20:06:37.8091556Z","regionalDatabaseAccountInstanceId":"15115e15-54a6-4798-9492-9021583f9449"}]}},{"name":"7f6eb33c-2b17-44f5-a956-0acd1bd9437d","location":"West
        US","type":"Microsoft.DocumentDB/locations/restorableDatabaseAccounts","id":"/subscriptions/00000000-0000-0000-0000-000000000000/providers/Microsoft.DocumentDB/locations/westus/restorableDatabaseAccounts/7f6eb33c-2b17-44f5-a956-0acd1bd9437d","properties":{"accountName":"clie4ftgf4chlgo","creationTime":"2020-12-10T22:08:58.6534483Z","apiType":"MongoDB","deletionTime":"2020-12-10T22:13:41.7778806Z","restorableLocations":[{"locationName":"West
        US","creationTime":"2020-12-10T22:08:59.5384495Z","deletionTime":"2020-12-10T22:13:41.7778806Z","regionalDatabaseAccountInstanceId":"3ff2c3f0-9ee9-4010-980b-2e5f48066f75"}]}},{"name":"8547cf42-c6b3-40c4-8803-5f9028ebf8b9","location":"West
        US","type":"Microsoft.DocumentDB/locations/restorableDatabaseAccounts","id":"/subscriptions/00000000-0000-0000-0000-000000000000/providers/Microsoft.DocumentDB/locations/westus/restorableDatabaseAccounts/8547cf42-c6b3-40c4-8803-5f9028ebf8b9","properties":{"accountName":"cliv27tkdmumnms","creationTime":"2020-12-09T23:55:23.3285739Z","apiType":"MongoDB","deletionTime":"2020-12-09T23:56:36.6896944Z","restorableLocations":[{"locationName":"West
        US","creationTime":"2020-12-09T23:55:25.0086107Z","deletionTime":"2020-12-09T23:56:36.6896944Z","regionalDatabaseAccountInstanceId":"50ba6bf9-62df-42c0-b86e-7d2e5f7e1dcf"}]}},{"name":"9b2e1fd4-16b5-42c6-b1a7-106d5854e6bb","location":"West
        US","type":"Microsoft.DocumentDB/locations/restorableDatabaseAccounts","id":"/subscriptions/00000000-0000-0000-0000-000000000000/providers/Microsoft.DocumentDB/locations/westus/restorableDatabaseAccounts/9b2e1fd4-16b5-42c6-b1a7-106d5854e6bb","properties":{"accountName":"clia4mcsvr7ks4h","creationTime":"2020-12-09T23:34:23.0830227Z","apiType":"Sql","deletionTime":"2020-12-09T23:35:35.022734Z","restorableLocations":[{"locationName":"West
        US","creationTime":"2020-12-09T23:34:24.16302Z","deletionTime":"2020-12-09T23:35:35.022734Z","regionalDatabaseAccountInstanceId":"d7cc4411-8e9a-4e5d-a013-7e7add065426"}]}},{"name":"9df51477-54dc-4b4f-905f-1ed43537317f","location":"West
        US","type":"Microsoft.DocumentDB/locations/restorableDatabaseAccounts","id":"/subscriptions/00000000-0000-0000-0000-000000000000/providers/Microsoft.DocumentDB/locations/westus/restorableDatabaseAccounts/9df51477-54dc-4b4f-905f-1ed43537317f","properties":{"accountName":"clibqfjknjmazv2","creationTime":"2020-12-10T21:05:11.5937687Z","apiType":"MongoDB","deletionTime":"2020-12-10T21:09:42.3504596Z","restorableLocations":[{"locationName":"West
        US","creationTime":"2020-12-10T21:05:12.7519752Z","deletionTime":"2020-12-10T21:09:42.3504596Z","regionalDatabaseAccountInstanceId":"491d82d1-4212-4dcd-b96e-a8eda0082222"}]}},{"name":"b4069826-61d2-4e50-aa0d-2cd03d81642c","location":"West
        US","type":"Microsoft.DocumentDB/locations/restorableDatabaseAccounts","id":"/subscriptions/00000000-0000-0000-0000-000000000000/providers/Microsoft.DocumentDB/locations/westus/restorableDatabaseAccounts/b4069826-61d2-4e50-aa0d-2cd03d81642c","properties":{"accountName":"clipfj35yw42xny","creationTime":"2020-12-10T00:45:43.8449527Z","apiType":"MongoDB","deletionTime":"2020-12-10T00:47:06.4394815Z","restorableLocations":[{"locationName":"West
        US","creationTime":"2020-12-10T00:45:44.6499584Z","deletionTime":"2020-12-10T00:47:06.4394815Z","regionalDatabaseAccountInstanceId":"9da90b42-f7b3-48bb-8512-66be68306d10"}]}},{"name":"c05c602b-ab23-4a18-84e9-290d58baacbf","location":"West
        US","type":"Microsoft.DocumentDB/locations/restorableDatabaseAccounts","id":"/subscriptions/00000000-0000-0000-0000-000000000000/providers/Microsoft.DocumentDB/locations/westus/restorableDatabaseAccounts/c05c602b-ab23-4a18-84e9-290d58baacbf","properties":{"accountName":"clipop7ki4e6xqj","creationTime":"2020-12-10T21:44:27.2688628Z","apiType":"Sql","deletionTime":"2020-12-10T21:48:55.2953289Z","restorableLocations":[{"locationName":"West
        US","creationTime":"2020-12-10T21:44:28.1288929Z","deletionTime":"2020-12-10T21:48:55.2953289Z","regionalDatabaseAccountInstanceId":"f0c11f0f-89cc-4b0d-b752-ea0077244dfc"}]}},{"name":"c4b9598a-0ebc-4f67-8fac-2b21a77155a7","location":"West
        US","type":"Microsoft.DocumentDB/locations/restorableDatabaseAccounts","id":"/subscriptions/00000000-0000-0000-0000-000000000000/providers/Microsoft.DocumentDB/locations/westus/restorableDatabaseAccounts/c4b9598a-0ebc-4f67-8fac-2b21a77155a7","properties":{"accountName":"viragai-test-pitr-restore","creationTime":"2020-11-17T08:02:02.2299935Z","apiType":"Sql","deletionTime":"2020-11-17T23:08:08.3790553Z","restorableLocations":[{"locationName":"West
        US","creationTime":"2020-11-17T08:02:02.2299935Z","deletionTime":"2020-11-17T23:08:08.3790553Z","regionalDatabaseAccountInstanceId":"63ec2eb9-1037-4785-8aee-fc7bcc71b2ea"}]}},{"name":"d3f80d92-65bc-4c29-9441-a9a048d304d7","location":"West
        US","type":"Microsoft.DocumentDB/locations/restorableDatabaseAccounts","id":"/subscriptions/00000000-0000-0000-0000-000000000000/providers/Microsoft.DocumentDB/locations/westus/restorableDatabaseAccounts/d3f80d92-65bc-4c29-9441-a9a048d304d7","properties":{"accountName":"cli2loqd5ro7y4w","creationTime":"2020-12-10T06:23:42.3337138Z","apiType":"Sql","deletionTime":"2020-12-10T06:30:25.9454783Z","restorableLocations":[{"locationName":"West
        US","creationTime":"2020-12-10T06:23:43.6317337Z","deletionTime":"2020-12-10T06:30:25.9454783Z","regionalDatabaseAccountInstanceId":"c23c9314-e31d-47c5-a735-ba2b1b200adc"}]}},{"name":"dd81c490-1c9f-46e7-941c-4bc466d1aa57","location":"West
        US","type":"Microsoft.DocumentDB/locations/restorableDatabaseAccounts","id":"/subscriptions/00000000-0000-0000-0000-000000000000/providers/Microsoft.DocumentDB/locations/westus/restorableDatabaseAccounts/dd81c490-1c9f-46e7-941c-4bc466d1aa57","properties":{"accountName":"clipvtgubbsmtym","creationTime":"2020-12-10T19:35:40.4977301Z","apiType":"MongoDB","deletionTime":"2020-12-10T19:37:24.8071209Z","restorableLocations":[{"locationName":"West
        US","creationTime":"2020-12-10T19:35:41.337723Z","deletionTime":"2020-12-10T19:37:24.8071209Z","regionalDatabaseAccountInstanceId":"3ecbb255-c516-4620-868c-c05e49dc5fe1"}]}}]}'
    headers:
      cache-control:
      - no-cache
      content-length:
      - '22661'
      content-type:
      - application/json; charset=utf-8
      date:
      - Mon, 14 Dec 2020 03:58:51 GMT
      expires:
      - '-1'
      pragma:
      - no-cache
      strict-transport-security:
      - max-age=31536000; includeSubDomains
      vary:
      - Accept-Encoding
      x-content-type-options:
      - nosniff
      x-ms-original-request-ids:
      - ''
      - ''
      - ''
    status:
      code: 200
      message: OK
- request:
    body: '{"location": "West US", "kind": "GlobalDocumentDB", "properties": {"locations":
      [{"locationName": "westus", "failoverPriority": 0}], "databaseAccountOfferType":
      "Standard", "apiProperties": {}, "createMode": "Restore", "restoreParameters":
      {"restoreMode": "PointInTime", "restoreSource": "/subscriptions/00000000-0000-0000-0000-000000000000/providers/Microsoft.DocumentDB/locations/westus/restorableDatabaseAccounts/5c8a5401-1159-40cc-9e1d-99af7c7bc289",
      "restoreTimestampInUtc": "2020-12-14T03:57:12.232141Z"}}}'
    headers:
      Accept:
      - application/json
      Accept-Encoding:
      - gzip, deflate
      CommandName:
      - cosmosdb restore
      Connection:
      - keep-alive
      Content-Length:
      - '512'
      Content-Type:
      - application/json; charset=utf-8
      ParameterSetName:
      - -n -g -a --restore-timestamp --location
      User-Agent:
      - python/3.8.3 (Windows-10-10.0.17763-SP0) msrest/0.6.19 msrest_azure/0.6.4
        azure-mgmt-cosmosdb/0.7.0 Azure-SDK-For-Python AZURECLI/2.15.1
      accept-language:
      - en-US
    method: PUT
    uri: https://management.azure.com/subscriptions/00000000-0000-0000-0000-000000000000/resourceGroups/cli_test_cosmosdb_restore_command000001/providers/Microsoft.DocumentDB/databaseAccounts/cli000004?api-version=2020-06-01-preview
  response:
    body:
      string: '{"id":"/subscriptions/00000000-0000-0000-0000-000000000000/resourceGroups/cli_test_cosmosdb_restore_command000001/providers/Microsoft.DocumentDB/databaseAccounts/cli000004","name":"cli000004","location":"West
        US","type":"Microsoft.DocumentDB/databaseAccounts","kind":"GlobalDocumentDB","tags":{},"systemData":{"createdAt":"2020-12-14T03:59:00.5204584Z"},"properties":{"provisioningState":"Creating","publicNetworkAccess":"Enabled","enableAutomaticFailover":false,"enableMultipleWriteLocations":false,"enablePartitionKeyMonitor":false,"isVirtualNetworkFilterEnabled":false,"virtualNetworkRules":[],"EnabledApiTypes":"Sql","disableKeyBasedMetadataWriteAccess":false,"enableFreeTier":false,"enableAnalyticalStorage":false,"instanceId":"352dffff-44ea-4189-91e3-56ecc28ab6f3","createMode":"Restore","databaseAccountOfferType":"Standard","consistencyPolicy":{"defaultConsistencyLevel":"Session","maxIntervalInSeconds":5,"maxStalenessPrefix":100},"configurationOverrides":{},"writeLocations":[{"id":"cli000004-westus","locationName":"West
        US","documentEndpoint":"https://cli000003-westus.documents.azure.com:443/","provisioningState":"Creating","failoverPriority":0,"isZoneRedundant":false}],"readLocations":[{"id":"cli000004-westus","locationName":"West
        US","documentEndpoint":"https://cli000003-westus.documents.azure.com:443/","provisioningState":"Creating","failoverPriority":0,"isZoneRedundant":false}],"locations":[{"id":"cli000004-westus","locationName":"West
        US","documentEndpoint":"https://cli000003-westus.documents.azure.com:443/","provisioningState":"Creating","failoverPriority":0,"isZoneRedundant":false}],"failoverPolicies":[{"id":"cli000004-westus","locationName":"West
        US","failoverPriority":0}],"cors":[],"capabilities":[],"ipRules":[],"backupPolicy":{"type":"Continuous"},"restoreParameters":{"restoreMode":"PointInTime","restoreSource":"/subscriptions/00000000-0000-0000-0000-000000000000/providers/Microsoft.DocumentDB/locations/westus/restorableDatabaseAccounts/5c8a5401-1159-40cc-9e1d-99af7c7bc289","restoreTimestampInUtc":"2020-12-14T03:57:12.232141Z","databasesToRestore":[]}},"identity":{"type":"None"}}'
    headers:
      azure-asyncoperation:
      - https://management.azure.com/subscriptions/00000000-0000-0000-0000-000000000000/providers/Microsoft.DocumentDB/locations/westus/operationsStatus/eb2701d8-52ac-44ba-9607-2e7b62137212?api-version=2020-06-01-preview
      cache-control:
      - no-store, no-cache
      content-length:
      - '2212'
      content-type:
      - application/json
      date:
      - Mon, 14 Dec 2020 03:59:01 GMT
      location:
      - https://management.azure.com/subscriptions/00000000-0000-0000-0000-000000000000/resourceGroups/cli_test_cosmosdb_restore_command000001/providers/Microsoft.DocumentDB/databaseAccounts/cli000004/operationResults/eb2701d8-52ac-44ba-9607-2e7b62137212?api-version=2020-06-01-preview
      pragma:
      - no-cache
      server:
      - Microsoft-HTTPAPI/2.0
      strict-transport-security:
      - max-age=31536000; includeSubDomains
      transfer-encoding:
      - chunked
      vary:
      - Accept-Encoding
      x-content-type-options:
      - nosniff
      x-ms-gatewayversion:
      - version=2.11.0
      x-ms-ratelimit-remaining-subscription-writes:
      - '1199'
    status:
      code: 200
      message: Ok
- request:
    body: null
    headers:
      Accept:
      - application/json
      Accept-Encoding:
      - gzip, deflate
      CommandName:
      - cosmosdb restore
      Connection:
      - keep-alive
      ParameterSetName:
      - -n -g -a --restore-timestamp --location
      User-Agent:
      - python/3.8.3 (Windows-10-10.0.17763-SP0) msrest/0.6.19 msrest_azure/0.6.4
        azure-mgmt-cosmosdb/0.7.0 Azure-SDK-For-Python AZURECLI/2.15.1
    method: GET
    uri: https://management.azure.com/subscriptions/00000000-0000-0000-0000-000000000000/providers/Microsoft.DocumentDB/locations/westus/operationsStatus/eb2701d8-52ac-44ba-9607-2e7b62137212?api-version=2020-06-01-preview
  response:
    body:
      string: '{"status":"Dequeued"}'
    headers:
      cache-control:
      - no-store, no-cache
      content-length:
      - '21'
      content-type:
      - application/json
      date:
      - Mon, 14 Dec 2020 03:59:31 GMT
      pragma:
      - no-cache
      server:
      - Microsoft-HTTPAPI/2.0
      strict-transport-security:
      - max-age=31536000; includeSubDomains
      transfer-encoding:
      - chunked
      vary:
      - Accept-Encoding
      x-content-type-options:
      - nosniff
      x-ms-gatewayversion:
      - version=2.11.0
    status:
      code: 200
      message: Ok
- request:
    body: null
    headers:
      Accept:
      - application/json
      Accept-Encoding:
      - gzip, deflate
      CommandName:
      - cosmosdb restore
      Connection:
      - keep-alive
      ParameterSetName:
      - -n -g -a --restore-timestamp --location
      User-Agent:
      - python/3.8.3 (Windows-10-10.0.17763-SP0) msrest/0.6.19 msrest_azure/0.6.4
        azure-mgmt-cosmosdb/0.7.0 Azure-SDK-For-Python AZURECLI/2.15.1
    method: GET
    uri: https://management.azure.com/subscriptions/00000000-0000-0000-0000-000000000000/providers/Microsoft.DocumentDB/locations/westus/operationsStatus/eb2701d8-52ac-44ba-9607-2e7b62137212?api-version=2020-06-01-preview
  response:
    body:
      string: '{"status":"Dequeued"}'
    headers:
      cache-control:
      - no-store, no-cache
      content-length:
      - '21'
      content-type:
      - application/json
      date:
      - Mon, 14 Dec 2020 04:00:01 GMT
      pragma:
      - no-cache
      server:
      - Microsoft-HTTPAPI/2.0
      strict-transport-security:
      - max-age=31536000; includeSubDomains
      transfer-encoding:
      - chunked
      vary:
      - Accept-Encoding
      x-content-type-options:
      - nosniff
      x-ms-gatewayversion:
      - version=2.11.0
    status:
      code: 200
      message: Ok
- request:
    body: null
    headers:
      Accept:
      - application/json
      Accept-Encoding:
      - gzip, deflate
      CommandName:
      - cosmosdb restore
      Connection:
      - keep-alive
      ParameterSetName:
      - -n -g -a --restore-timestamp --location
      User-Agent:
      - python/3.8.3 (Windows-10-10.0.17763-SP0) msrest/0.6.19 msrest_azure/0.6.4
        azure-mgmt-cosmosdb/0.7.0 Azure-SDK-For-Python AZURECLI/2.15.1
    method: GET
    uri: https://management.azure.com/subscriptions/00000000-0000-0000-0000-000000000000/providers/Microsoft.DocumentDB/locations/westus/operationsStatus/eb2701d8-52ac-44ba-9607-2e7b62137212?api-version=2020-06-01-preview
  response:
    body:
      string: '{"status":"Dequeued"}'
    headers:
      cache-control:
      - no-store, no-cache
      content-length:
      - '21'
      content-type:
      - application/json
      date:
      - Mon, 14 Dec 2020 04:00:32 GMT
      pragma:
      - no-cache
      server:
      - Microsoft-HTTPAPI/2.0
      strict-transport-security:
      - max-age=31536000; includeSubDomains
      transfer-encoding:
      - chunked
      vary:
      - Accept-Encoding
      x-content-type-options:
      - nosniff
      x-ms-gatewayversion:
      - version=2.11.0
    status:
      code: 200
      message: Ok
- request:
    body: null
    headers:
      Accept:
      - application/json
      Accept-Encoding:
      - gzip, deflate
      CommandName:
      - cosmosdb restore
      Connection:
      - keep-alive
      ParameterSetName:
      - -n -g -a --restore-timestamp --location
      User-Agent:
      - python/3.8.3 (Windows-10-10.0.17763-SP0) msrest/0.6.19 msrest_azure/0.6.4
        azure-mgmt-cosmosdb/0.7.0 Azure-SDK-For-Python AZURECLI/2.15.1
    method: GET
    uri: https://management.azure.com/subscriptions/00000000-0000-0000-0000-000000000000/providers/Microsoft.DocumentDB/locations/westus/operationsStatus/eb2701d8-52ac-44ba-9607-2e7b62137212?api-version=2020-06-01-preview
  response:
    body:
      string: '{"status":"Dequeued"}'
    headers:
      cache-control:
      - no-store, no-cache
      content-length:
      - '21'
      content-type:
      - application/json
      date:
      - Mon, 14 Dec 2020 04:01:02 GMT
      pragma:
      - no-cache
      server:
      - Microsoft-HTTPAPI/2.0
      strict-transport-security:
      - max-age=31536000; includeSubDomains
      transfer-encoding:
      - chunked
      vary:
      - Accept-Encoding
      x-content-type-options:
      - nosniff
      x-ms-gatewayversion:
      - version=2.11.0
    status:
      code: 200
      message: Ok
- request:
    body: null
    headers:
      Accept:
      - application/json
      Accept-Encoding:
      - gzip, deflate
      CommandName:
      - cosmosdb restore
      Connection:
      - keep-alive
      ParameterSetName:
      - -n -g -a --restore-timestamp --location
      User-Agent:
      - python/3.8.3 (Windows-10-10.0.17763-SP0) msrest/0.6.19 msrest_azure/0.6.4
        azure-mgmt-cosmosdb/0.7.0 Azure-SDK-For-Python AZURECLI/2.15.1
    method: GET
    uri: https://management.azure.com/subscriptions/00000000-0000-0000-0000-000000000000/providers/Microsoft.DocumentDB/locations/westus/operationsStatus/eb2701d8-52ac-44ba-9607-2e7b62137212?api-version=2020-06-01-preview
  response:
    body:
      string: '{"status":"Dequeued"}'
    headers:
      cache-control:
      - no-store, no-cache
      content-length:
      - '21'
      content-type:
      - application/json
      date:
      - Mon, 14 Dec 2020 04:01:33 GMT
      pragma:
      - no-cache
      server:
      - Microsoft-HTTPAPI/2.0
      strict-transport-security:
      - max-age=31536000; includeSubDomains
      transfer-encoding:
      - chunked
      vary:
      - Accept-Encoding
      x-content-type-options:
      - nosniff
      x-ms-gatewayversion:
      - version=2.11.0
    status:
      code: 200
      message: Ok
- request:
    body: null
    headers:
      Accept:
      - application/json
      Accept-Encoding:
      - gzip, deflate
      CommandName:
      - cosmosdb restore
      Connection:
      - keep-alive
      ParameterSetName:
      - -n -g -a --restore-timestamp --location
      User-Agent:
      - python/3.8.3 (Windows-10-10.0.17763-SP0) msrest/0.6.19 msrest_azure/0.6.4
        azure-mgmt-cosmosdb/0.7.0 Azure-SDK-For-Python AZURECLI/2.15.1
    method: GET
    uri: https://management.azure.com/subscriptions/00000000-0000-0000-0000-000000000000/providers/Microsoft.DocumentDB/locations/westus/operationsStatus/eb2701d8-52ac-44ba-9607-2e7b62137212?api-version=2020-06-01-preview
  response:
    body:
      string: '{"status":"Dequeued"}'
    headers:
      cache-control:
      - no-store, no-cache
      content-length:
      - '21'
      content-type:
      - application/json
      date:
      - Mon, 14 Dec 2020 04:02:03 GMT
      pragma:
      - no-cache
      server:
      - Microsoft-HTTPAPI/2.0
      strict-transport-security:
      - max-age=31536000; includeSubDomains
      transfer-encoding:
      - chunked
      vary:
      - Accept-Encoding
      x-content-type-options:
      - nosniff
      x-ms-gatewayversion:
      - version=2.11.0
    status:
      code: 200
      message: Ok
- request:
    body: null
    headers:
      Accept:
      - application/json
      Accept-Encoding:
      - gzip, deflate
      CommandName:
      - cosmosdb restore
      Connection:
      - keep-alive
      ParameterSetName:
      - -n -g -a --restore-timestamp --location
      User-Agent:
      - python/3.8.3 (Windows-10-10.0.17763-SP0) msrest/0.6.19 msrest_azure/0.6.4
        azure-mgmt-cosmosdb/0.7.0 Azure-SDK-For-Python AZURECLI/2.15.1
    method: GET
    uri: https://management.azure.com/subscriptions/00000000-0000-0000-0000-000000000000/providers/Microsoft.DocumentDB/locations/westus/operationsStatus/eb2701d8-52ac-44ba-9607-2e7b62137212?api-version=2020-06-01-preview
  response:
    body:
      string: '{"status":"Dequeued"}'
    headers:
      cache-control:
      - no-store, no-cache
      content-length:
      - '21'
      content-type:
      - application/json
      date:
      - Mon, 14 Dec 2020 04:02:34 GMT
      pragma:
      - no-cache
      server:
      - Microsoft-HTTPAPI/2.0
      strict-transport-security:
      - max-age=31536000; includeSubDomains
      transfer-encoding:
      - chunked
      vary:
      - Accept-Encoding
      x-content-type-options:
      - nosniff
      x-ms-gatewayversion:
      - version=2.11.0
    status:
      code: 200
      message: Ok
- request:
    body: null
    headers:
      Accept:
      - application/json
      Accept-Encoding:
      - gzip, deflate
      CommandName:
      - cosmosdb restore
      Connection:
      - keep-alive
      ParameterSetName:
      - -n -g -a --restore-timestamp --location
      User-Agent:
      - python/3.8.3 (Windows-10-10.0.17763-SP0) msrest/0.6.19 msrest_azure/0.6.4
        azure-mgmt-cosmosdb/0.7.0 Azure-SDK-For-Python AZURECLI/2.15.1
    method: GET
    uri: https://management.azure.com/subscriptions/00000000-0000-0000-0000-000000000000/providers/Microsoft.DocumentDB/locations/westus/operationsStatus/eb2701d8-52ac-44ba-9607-2e7b62137212?api-version=2020-06-01-preview
  response:
    body:
      string: '{"status":"Dequeued"}'
    headers:
      cache-control:
      - no-store, no-cache
      content-length:
      - '21'
      content-type:
      - application/json
      date:
      - Mon, 14 Dec 2020 04:03:04 GMT
      pragma:
      - no-cache
      server:
      - Microsoft-HTTPAPI/2.0
      strict-transport-security:
      - max-age=31536000; includeSubDomains
      transfer-encoding:
      - chunked
      vary:
      - Accept-Encoding
      x-content-type-options:
      - nosniff
      x-ms-gatewayversion:
      - version=2.11.0
    status:
      code: 200
      message: Ok
- request:
    body: null
    headers:
      Accept:
      - application/json
      Accept-Encoding:
      - gzip, deflate
      CommandName:
      - cosmosdb restore
      Connection:
      - keep-alive
      ParameterSetName:
      - -n -g -a --restore-timestamp --location
      User-Agent:
      - python/3.8.3 (Windows-10-10.0.17763-SP0) msrest/0.6.19 msrest_azure/0.6.4
        azure-mgmt-cosmosdb/0.7.0 Azure-SDK-For-Python AZURECLI/2.15.1
    method: GET
    uri: https://management.azure.com/subscriptions/00000000-0000-0000-0000-000000000000/providers/Microsoft.DocumentDB/locations/westus/operationsStatus/eb2701d8-52ac-44ba-9607-2e7b62137212?api-version=2020-06-01-preview
  response:
    body:
      string: '{"status":"Dequeued"}'
    headers:
      cache-control:
      - no-store, no-cache
      content-length:
      - '21'
      content-type:
      - application/json
      date:
      - Mon, 14 Dec 2020 04:03:35 GMT
      pragma:
      - no-cache
      server:
      - Microsoft-HTTPAPI/2.0
      strict-transport-security:
      - max-age=31536000; includeSubDomains
      transfer-encoding:
      - chunked
      vary:
      - Accept-Encoding
      x-content-type-options:
      - nosniff
      x-ms-gatewayversion:
      - version=2.11.0
    status:
      code: 200
      message: Ok
- request:
    body: null
    headers:
      Accept:
      - application/json
      Accept-Encoding:
      - gzip, deflate
      CommandName:
      - cosmosdb restore
      Connection:
      - keep-alive
      ParameterSetName:
      - -n -g -a --restore-timestamp --location
      User-Agent:
      - python/3.8.3 (Windows-10-10.0.17763-SP0) msrest/0.6.19 msrest_azure/0.6.4
        azure-mgmt-cosmosdb/0.7.0 Azure-SDK-For-Python AZURECLI/2.15.1
    method: GET
    uri: https://management.azure.com/subscriptions/00000000-0000-0000-0000-000000000000/providers/Microsoft.DocumentDB/locations/westus/operationsStatus/eb2701d8-52ac-44ba-9607-2e7b62137212?api-version=2020-06-01-preview
  response:
    body:
      string: '{"status":"Dequeued"}'
    headers:
      cache-control:
      - no-store, no-cache
      content-length:
      - '21'
      content-type:
      - application/json
      date:
      - Mon, 14 Dec 2020 04:04:05 GMT
      pragma:
      - no-cache
      server:
      - Microsoft-HTTPAPI/2.0
      strict-transport-security:
      - max-age=31536000; includeSubDomains
      transfer-encoding:
      - chunked
      vary:
      - Accept-Encoding
      x-content-type-options:
      - nosniff
      x-ms-gatewayversion:
      - version=2.11.0
    status:
      code: 200
      message: Ok
- request:
    body: null
    headers:
      Accept:
      - application/json
      Accept-Encoding:
      - gzip, deflate
      CommandName:
      - cosmosdb restore
      Connection:
      - keep-alive
      ParameterSetName:
      - -n -g -a --restore-timestamp --location
      User-Agent:
      - python/3.8.3 (Windows-10-10.0.17763-SP0) msrest/0.6.19 msrest_azure/0.6.4
        azure-mgmt-cosmosdb/0.7.0 Azure-SDK-For-Python AZURECLI/2.15.1
    method: GET
    uri: https://management.azure.com/subscriptions/00000000-0000-0000-0000-000000000000/providers/Microsoft.DocumentDB/locations/westus/operationsStatus/eb2701d8-52ac-44ba-9607-2e7b62137212?api-version=2020-06-01-preview
  response:
    body:
      string: '{"status":"Dequeued"}'
    headers:
      cache-control:
      - no-store, no-cache
      content-length:
      - '21'
      content-type:
      - application/json
      date:
      - Mon, 14 Dec 2020 04:04:35 GMT
      pragma:
      - no-cache
      server:
      - Microsoft-HTTPAPI/2.0
      strict-transport-security:
      - max-age=31536000; includeSubDomains
      transfer-encoding:
      - chunked
      vary:
      - Accept-Encoding
      x-content-type-options:
      - nosniff
      x-ms-gatewayversion:
      - version=2.11.0
    status:
      code: 200
      message: Ok
- request:
    body: null
    headers:
      Accept:
      - application/json
      Accept-Encoding:
      - gzip, deflate
      CommandName:
      - cosmosdb restore
      Connection:
      - keep-alive
      ParameterSetName:
      - -n -g -a --restore-timestamp --location
      User-Agent:
      - python/3.8.3 (Windows-10-10.0.17763-SP0) msrest/0.6.19 msrest_azure/0.6.4
        azure-mgmt-cosmosdb/0.7.0 Azure-SDK-For-Python AZURECLI/2.15.1
    method: GET
    uri: https://management.azure.com/subscriptions/00000000-0000-0000-0000-000000000000/providers/Microsoft.DocumentDB/locations/westus/operationsStatus/eb2701d8-52ac-44ba-9607-2e7b62137212?api-version=2020-06-01-preview
  response:
    body:
      string: '{"status":"Dequeued"}'
    headers:
      cache-control:
      - no-store, no-cache
      content-length:
      - '21'
      content-type:
      - application/json
      date:
      - Mon, 14 Dec 2020 04:05:06 GMT
      pragma:
      - no-cache
      server:
      - Microsoft-HTTPAPI/2.0
      strict-transport-security:
      - max-age=31536000; includeSubDomains
      transfer-encoding:
      - chunked
      vary:
      - Accept-Encoding
      x-content-type-options:
      - nosniff
      x-ms-gatewayversion:
      - version=2.11.0
    status:
      code: 200
      message: Ok
- request:
    body: null
    headers:
      Accept:
      - application/json
      Accept-Encoding:
      - gzip, deflate
      CommandName:
      - cosmosdb restore
      Connection:
      - keep-alive
      ParameterSetName:
      - -n -g -a --restore-timestamp --location
      User-Agent:
      - python/3.8.3 (Windows-10-10.0.17763-SP0) msrest/0.6.19 msrest_azure/0.6.4
        azure-mgmt-cosmosdb/0.7.0 Azure-SDK-For-Python AZURECLI/2.15.1
    method: GET
    uri: https://management.azure.com/subscriptions/00000000-0000-0000-0000-000000000000/providers/Microsoft.DocumentDB/locations/westus/operationsStatus/eb2701d8-52ac-44ba-9607-2e7b62137212?api-version=2020-06-01-preview
  response:
    body:
      string: '{"status":"Dequeued"}'
    headers:
      cache-control:
      - no-store, no-cache
      content-length:
      - '21'
      content-type:
      - application/json
      date:
      - Mon, 14 Dec 2020 04:05:37 GMT
      pragma:
      - no-cache
      server:
      - Microsoft-HTTPAPI/2.0
      strict-transport-security:
      - max-age=31536000; includeSubDomains
      transfer-encoding:
      - chunked
      vary:
      - Accept-Encoding
      x-content-type-options:
      - nosniff
      x-ms-gatewayversion:
      - version=2.11.0
    status:
      code: 200
      message: Ok
- request:
    body: null
    headers:
      Accept:
      - application/json
      Accept-Encoding:
      - gzip, deflate
      CommandName:
      - cosmosdb restore
      Connection:
      - keep-alive
      ParameterSetName:
      - -n -g -a --restore-timestamp --location
      User-Agent:
      - python/3.8.3 (Windows-10-10.0.17763-SP0) msrest/0.6.19 msrest_azure/0.6.4
        azure-mgmt-cosmosdb/0.7.0 Azure-SDK-For-Python AZURECLI/2.15.1
    method: GET
    uri: https://management.azure.com/subscriptions/00000000-0000-0000-0000-000000000000/providers/Microsoft.DocumentDB/locations/westus/operationsStatus/eb2701d8-52ac-44ba-9607-2e7b62137212?api-version=2020-06-01-preview
  response:
    body:
      string: '{"status":"Dequeued"}'
    headers:
      cache-control:
      - no-store, no-cache
      content-length:
      - '21'
      content-type:
      - application/json
      date:
      - Mon, 14 Dec 2020 04:06:07 GMT
      pragma:
      - no-cache
      server:
      - Microsoft-HTTPAPI/2.0
      strict-transport-security:
      - max-age=31536000; includeSubDomains
      transfer-encoding:
      - chunked
      vary:
      - Accept-Encoding
      x-content-type-options:
      - nosniff
      x-ms-gatewayversion:
      - version=2.11.0
    status:
      code: 200
      message: Ok
- request:
    body: null
    headers:
      Accept:
      - application/json
      Accept-Encoding:
      - gzip, deflate
      CommandName:
      - cosmosdb restore
      Connection:
      - keep-alive
      ParameterSetName:
      - -n -g -a --restore-timestamp --location
      User-Agent:
      - python/3.8.3 (Windows-10-10.0.17763-SP0) msrest/0.6.19 msrest_azure/0.6.4
        azure-mgmt-cosmosdb/0.7.0 Azure-SDK-For-Python AZURECLI/2.15.1
    method: GET
    uri: https://management.azure.com/subscriptions/00000000-0000-0000-0000-000000000000/providers/Microsoft.DocumentDB/locations/westus/operationsStatus/eb2701d8-52ac-44ba-9607-2e7b62137212?api-version=2020-06-01-preview
  response:
    body:
      string: '{"status":"Dequeued"}'
    headers:
      cache-control:
      - no-store, no-cache
      content-length:
      - '21'
      content-type:
      - application/json
      date:
      - Mon, 14 Dec 2020 04:06:37 GMT
      pragma:
      - no-cache
      server:
      - Microsoft-HTTPAPI/2.0
      strict-transport-security:
      - max-age=31536000; includeSubDomains
      transfer-encoding:
      - chunked
      vary:
      - Accept-Encoding
      x-content-type-options:
      - nosniff
      x-ms-gatewayversion:
      - version=2.11.0
    status:
      code: 200
      message: Ok
- request:
    body: null
    headers:
      Accept:
      - application/json
      Accept-Encoding:
      - gzip, deflate
      CommandName:
      - cosmosdb restore
      Connection:
      - keep-alive
      ParameterSetName:
      - -n -g -a --restore-timestamp --location
      User-Agent:
      - python/3.8.3 (Windows-10-10.0.17763-SP0) msrest/0.6.19 msrest_azure/0.6.4
        azure-mgmt-cosmosdb/0.7.0 Azure-SDK-For-Python AZURECLI/2.15.1
    method: GET
    uri: https://management.azure.com/subscriptions/00000000-0000-0000-0000-000000000000/providers/Microsoft.DocumentDB/locations/westus/operationsStatus/eb2701d8-52ac-44ba-9607-2e7b62137212?api-version=2020-06-01-preview
  response:
    body:
      string: '{"status":"Dequeued"}'
    headers:
      cache-control:
      - no-store, no-cache
      content-length:
      - '21'
      content-type:
      - application/json
      date:
      - Mon, 14 Dec 2020 04:07:08 GMT
      pragma:
      - no-cache
      server:
      - Microsoft-HTTPAPI/2.0
      strict-transport-security:
      - max-age=31536000; includeSubDomains
      transfer-encoding:
      - chunked
      vary:
      - Accept-Encoding
      x-content-type-options:
      - nosniff
      x-ms-gatewayversion:
      - version=2.11.0
    status:
      code: 200
      message: Ok
- request:
    body: null
    headers:
      Accept:
      - application/json
      Accept-Encoding:
      - gzip, deflate
      CommandName:
      - cosmosdb restore
      Connection:
      - keep-alive
      ParameterSetName:
      - -n -g -a --restore-timestamp --location
      User-Agent:
      - python/3.8.3 (Windows-10-10.0.17763-SP0) msrest/0.6.19 msrest_azure/0.6.4
        azure-mgmt-cosmosdb/0.7.0 Azure-SDK-For-Python AZURECLI/2.15.1
    method: GET
    uri: https://management.azure.com/subscriptions/00000000-0000-0000-0000-000000000000/providers/Microsoft.DocumentDB/locations/westus/operationsStatus/eb2701d8-52ac-44ba-9607-2e7b62137212?api-version=2020-06-01-preview
  response:
    body:
      string: '{"status":"Dequeued"}'
    headers:
      cache-control:
      - no-store, no-cache
      content-length:
      - '21'
      content-type:
      - application/json
      date:
      - Mon, 14 Dec 2020 04:07:38 GMT
      pragma:
      - no-cache
      server:
      - Microsoft-HTTPAPI/2.0
      strict-transport-security:
      - max-age=31536000; includeSubDomains
      transfer-encoding:
      - chunked
      vary:
      - Accept-Encoding
      x-content-type-options:
      - nosniff
      x-ms-gatewayversion:
      - version=2.11.0
    status:
      code: 200
      message: Ok
- request:
    body: null
    headers:
      Accept:
      - application/json
      Accept-Encoding:
      - gzip, deflate
      CommandName:
      - cosmosdb restore
      Connection:
      - keep-alive
      ParameterSetName:
      - -n -g -a --restore-timestamp --location
      User-Agent:
      - python/3.8.3 (Windows-10-10.0.17763-SP0) msrest/0.6.19 msrest_azure/0.6.4
        azure-mgmt-cosmosdb/0.7.0 Azure-SDK-For-Python AZURECLI/2.15.1
    method: GET
    uri: https://management.azure.com/subscriptions/00000000-0000-0000-0000-000000000000/providers/Microsoft.DocumentDB/locations/westus/operationsStatus/eb2701d8-52ac-44ba-9607-2e7b62137212?api-version=2020-06-01-preview
  response:
    body:
      string: '{"status":"Dequeued"}'
    headers:
      cache-control:
      - no-store, no-cache
      content-length:
      - '21'
      content-type:
      - application/json
      date:
      - Mon, 14 Dec 2020 04:08:09 GMT
      pragma:
      - no-cache
      server:
      - Microsoft-HTTPAPI/2.0
      strict-transport-security:
      - max-age=31536000; includeSubDomains
      transfer-encoding:
      - chunked
      vary:
      - Accept-Encoding
      x-content-type-options:
      - nosniff
      x-ms-gatewayversion:
      - version=2.11.0
    status:
      code: 200
      message: Ok
- request:
    body: null
    headers:
      Accept:
      - application/json
      Accept-Encoding:
      - gzip, deflate
      CommandName:
      - cosmosdb restore
      Connection:
      - keep-alive
      ParameterSetName:
      - -n -g -a --restore-timestamp --location
      User-Agent:
      - python/3.8.3 (Windows-10-10.0.17763-SP0) msrest/0.6.19 msrest_azure/0.6.4
        azure-mgmt-cosmosdb/0.7.0 Azure-SDK-For-Python AZURECLI/2.15.1
    method: GET
    uri: https://management.azure.com/subscriptions/00000000-0000-0000-0000-000000000000/providers/Microsoft.DocumentDB/locations/westus/operationsStatus/eb2701d8-52ac-44ba-9607-2e7b62137212?api-version=2020-06-01-preview
  response:
    body:
      string: '{"status":"Dequeued"}'
    headers:
      cache-control:
      - no-store, no-cache
      content-length:
      - '21'
      content-type:
      - application/json
      date:
      - Mon, 14 Dec 2020 04:08:40 GMT
      pragma:
      - no-cache
      server:
      - Microsoft-HTTPAPI/2.0
      strict-transport-security:
      - max-age=31536000; includeSubDomains
      transfer-encoding:
      - chunked
      vary:
      - Accept-Encoding
      x-content-type-options:
      - nosniff
      x-ms-gatewayversion:
      - version=2.11.0
    status:
      code: 200
      message: Ok
- request:
    body: null
    headers:
      Accept:
      - application/json
      Accept-Encoding:
      - gzip, deflate
      CommandName:
      - cosmosdb restore
      Connection:
      - keep-alive
      ParameterSetName:
      - -n -g -a --restore-timestamp --location
      User-Agent:
      - python/3.8.3 (Windows-10-10.0.17763-SP0) msrest/0.6.19 msrest_azure/0.6.4
        azure-mgmt-cosmosdb/0.7.0 Azure-SDK-For-Python AZURECLI/2.15.1
    method: GET
    uri: https://management.azure.com/subscriptions/00000000-0000-0000-0000-000000000000/providers/Microsoft.DocumentDB/locations/westus/operationsStatus/eb2701d8-52ac-44ba-9607-2e7b62137212?api-version=2020-06-01-preview
  response:
    body:
      string: '{"status":"Dequeued"}'
    headers:
      cache-control:
      - no-store, no-cache
      content-length:
      - '21'
      content-type:
      - application/json
      date:
      - Mon, 14 Dec 2020 04:09:09 GMT
      pragma:
      - no-cache
      server:
      - Microsoft-HTTPAPI/2.0
      strict-transport-security:
      - max-age=31536000; includeSubDomains
      transfer-encoding:
      - chunked
      vary:
      - Accept-Encoding
      x-content-type-options:
      - nosniff
      x-ms-gatewayversion:
      - version=2.11.0
    status:
      code: 200
      message: Ok
- request:
    body: null
    headers:
      Accept:
      - application/json
      Accept-Encoding:
      - gzip, deflate
      CommandName:
      - cosmosdb restore
      Connection:
      - keep-alive
      ParameterSetName:
      - -n -g -a --restore-timestamp --location
      User-Agent:
      - python/3.8.3 (Windows-10-10.0.17763-SP0) msrest/0.6.19 msrest_azure/0.6.4
        azure-mgmt-cosmosdb/0.7.0 Azure-SDK-For-Python AZURECLI/2.15.1
    method: GET
    uri: https://management.azure.com/subscriptions/00000000-0000-0000-0000-000000000000/providers/Microsoft.DocumentDB/locations/westus/operationsStatus/eb2701d8-52ac-44ba-9607-2e7b62137212?api-version=2020-06-01-preview
  response:
    body:
      string: '{"status":"Dequeued"}'
    headers:
      cache-control:
      - no-store, no-cache
      content-length:
      - '21'
      content-type:
      - application/json
      date:
      - Mon, 14 Dec 2020 04:09:40 GMT
      pragma:
      - no-cache
      server:
      - Microsoft-HTTPAPI/2.0
      strict-transport-security:
      - max-age=31536000; includeSubDomains
      transfer-encoding:
      - chunked
      vary:
      - Accept-Encoding
      x-content-type-options:
      - nosniff
      x-ms-gatewayversion:
      - version=2.11.0
    status:
      code: 200
      message: Ok
- request:
    body: null
    headers:
      Accept:
      - application/json
      Accept-Encoding:
      - gzip, deflate
      CommandName:
      - cosmosdb restore
      Connection:
      - keep-alive
      ParameterSetName:
      - -n -g -a --restore-timestamp --location
      User-Agent:
      - python/3.8.3 (Windows-10-10.0.17763-SP0) msrest/0.6.19 msrest_azure/0.6.4
        azure-mgmt-cosmosdb/0.7.0 Azure-SDK-For-Python AZURECLI/2.15.1
    method: GET
    uri: https://management.azure.com/subscriptions/00000000-0000-0000-0000-000000000000/providers/Microsoft.DocumentDB/locations/westus/operationsStatus/eb2701d8-52ac-44ba-9607-2e7b62137212?api-version=2020-06-01-preview
  response:
    body:
      string: '{"status":"Dequeued"}'
    headers:
      cache-control:
      - no-store, no-cache
      content-length:
      - '21'
      content-type:
      - application/json
      date:
      - Mon, 14 Dec 2020 04:10:10 GMT
      pragma:
      - no-cache
      server:
      - Microsoft-HTTPAPI/2.0
      strict-transport-security:
      - max-age=31536000; includeSubDomains
      transfer-encoding:
      - chunked
      vary:
      - Accept-Encoding
      x-content-type-options:
      - nosniff
      x-ms-gatewayversion:
      - version=2.11.0
    status:
      code: 200
      message: Ok
- request:
    body: null
    headers:
      Accept:
      - application/json
      Accept-Encoding:
      - gzip, deflate
      CommandName:
      - cosmosdb restore
      Connection:
      - keep-alive
      ParameterSetName:
      - -n -g -a --restore-timestamp --location
      User-Agent:
      - python/3.8.3 (Windows-10-10.0.17763-SP0) msrest/0.6.19 msrest_azure/0.6.4
        azure-mgmt-cosmosdb/0.7.0 Azure-SDK-For-Python AZURECLI/2.15.1
    method: GET
    uri: https://management.azure.com/subscriptions/00000000-0000-0000-0000-000000000000/providers/Microsoft.DocumentDB/locations/westus/operationsStatus/eb2701d8-52ac-44ba-9607-2e7b62137212?api-version=2020-06-01-preview
  response:
    body:
      string: '{"status":"Dequeued"}'
    headers:
      cache-control:
      - no-store, no-cache
      content-length:
      - '21'
      content-type:
      - application/json
      date:
      - Mon, 14 Dec 2020 04:10:41 GMT
      pragma:
      - no-cache
      server:
      - Microsoft-HTTPAPI/2.0
      strict-transport-security:
      - max-age=31536000; includeSubDomains
      transfer-encoding:
      - chunked
      vary:
      - Accept-Encoding
      x-content-type-options:
      - nosniff
      x-ms-gatewayversion:
      - version=2.11.0
    status:
      code: 200
      message: Ok
- request:
    body: null
    headers:
      Accept:
      - application/json
      Accept-Encoding:
      - gzip, deflate
      CommandName:
      - cosmosdb restore
      Connection:
      - keep-alive
      ParameterSetName:
      - -n -g -a --restore-timestamp --location
      User-Agent:
      - python/3.8.3 (Windows-10-10.0.17763-SP0) msrest/0.6.19 msrest_azure/0.6.4
        azure-mgmt-cosmosdb/0.7.0 Azure-SDK-For-Python AZURECLI/2.15.1
    method: GET
    uri: https://management.azure.com/subscriptions/00000000-0000-0000-0000-000000000000/providers/Microsoft.DocumentDB/locations/westus/operationsStatus/eb2701d8-52ac-44ba-9607-2e7b62137212?api-version=2020-06-01-preview
  response:
    body:
      string: '{"status":"Dequeued"}'
    headers:
      cache-control:
      - no-store, no-cache
      content-length:
      - '21'
      content-type:
      - application/json
      date:
      - Mon, 14 Dec 2020 04:11:11 GMT
      pragma:
      - no-cache
      server:
      - Microsoft-HTTPAPI/2.0
      strict-transport-security:
      - max-age=31536000; includeSubDomains
      transfer-encoding:
      - chunked
      vary:
      - Accept-Encoding
      x-content-type-options:
      - nosniff
      x-ms-gatewayversion:
      - version=2.11.0
    status:
      code: 200
      message: Ok
- request:
    body: null
    headers:
      Accept:
      - application/json
      Accept-Encoding:
      - gzip, deflate
      CommandName:
      - cosmosdb restore
      Connection:
      - keep-alive
      ParameterSetName:
      - -n -g -a --restore-timestamp --location
      User-Agent:
      - python/3.8.3 (Windows-10-10.0.17763-SP0) msrest/0.6.19 msrest_azure/0.6.4
        azure-mgmt-cosmosdb/0.7.0 Azure-SDK-For-Python AZURECLI/2.15.1
    method: GET
    uri: https://management.azure.com/subscriptions/00000000-0000-0000-0000-000000000000/providers/Microsoft.DocumentDB/locations/westus/operationsStatus/eb2701d8-52ac-44ba-9607-2e7b62137212?api-version=2020-06-01-preview
  response:
    body:
      string: '{"status":"Dequeued"}'
    headers:
      cache-control:
      - no-store, no-cache
      content-length:
      - '21'
      content-type:
      - application/json
      date:
      - Mon, 14 Dec 2020 04:11:42 GMT
      pragma:
      - no-cache
      server:
      - Microsoft-HTTPAPI/2.0
      strict-transport-security:
      - max-age=31536000; includeSubDomains
      transfer-encoding:
      - chunked
      vary:
      - Accept-Encoding
      x-content-type-options:
      - nosniff
      x-ms-gatewayversion:
      - version=2.11.0
    status:
      code: 200
      message: Ok
- request:
    body: null
    headers:
      Accept:
      - application/json
      Accept-Encoding:
      - gzip, deflate
      CommandName:
      - cosmosdb restore
      Connection:
      - keep-alive
      ParameterSetName:
      - -n -g -a --restore-timestamp --location
      User-Agent:
      - python/3.8.3 (Windows-10-10.0.17763-SP0) msrest/0.6.19 msrest_azure/0.6.4
        azure-mgmt-cosmosdb/0.7.0 Azure-SDK-For-Python AZURECLI/2.15.1
    method: GET
    uri: https://management.azure.com/subscriptions/00000000-0000-0000-0000-000000000000/providers/Microsoft.DocumentDB/locations/westus/operationsStatus/eb2701d8-52ac-44ba-9607-2e7b62137212?api-version=2020-06-01-preview
  response:
    body:
      string: '{"status":"Dequeued"}'
    headers:
      cache-control:
      - no-store, no-cache
      content-length:
      - '21'
      content-type:
      - application/json
      date:
      - Mon, 14 Dec 2020 04:12:13 GMT
      pragma:
      - no-cache
      server:
      - Microsoft-HTTPAPI/2.0
      strict-transport-security:
      - max-age=31536000; includeSubDomains
      transfer-encoding:
      - chunked
      vary:
      - Accept-Encoding
      x-content-type-options:
      - nosniff
      x-ms-gatewayversion:
      - version=2.11.0
    status:
      code: 200
      message: Ok
- request:
    body: null
    headers:
      Accept:
      - application/json
      Accept-Encoding:
      - gzip, deflate
      CommandName:
      - cosmosdb restore
      Connection:
      - keep-alive
      ParameterSetName:
      - -n -g -a --restore-timestamp --location
      User-Agent:
      - python/3.8.3 (Windows-10-10.0.17763-SP0) msrest/0.6.19 msrest_azure/0.6.4
        azure-mgmt-cosmosdb/0.7.0 Azure-SDK-For-Python AZURECLI/2.15.1
    method: GET
    uri: https://management.azure.com/subscriptions/00000000-0000-0000-0000-000000000000/providers/Microsoft.DocumentDB/locations/westus/operationsStatus/eb2701d8-52ac-44ba-9607-2e7b62137212?api-version=2020-06-01-preview
  response:
    body:
      string: '{"status":"Dequeued"}'
    headers:
      cache-control:
      - no-store, no-cache
      content-length:
      - '21'
      content-type:
      - application/json
      date:
      - Mon, 14 Dec 2020 04:12:43 GMT
      pragma:
      - no-cache
      server:
      - Microsoft-HTTPAPI/2.0
      strict-transport-security:
      - max-age=31536000; includeSubDomains
      transfer-encoding:
      - chunked
      vary:
      - Accept-Encoding
      x-content-type-options:
      - nosniff
      x-ms-gatewayversion:
      - version=2.11.0
    status:
      code: 200
      message: Ok
- request:
    body: null
    headers:
      Accept:
      - application/json
      Accept-Encoding:
      - gzip, deflate
      CommandName:
      - cosmosdb restore
      Connection:
      - keep-alive
      ParameterSetName:
      - -n -g -a --restore-timestamp --location
      User-Agent:
      - python/3.8.3 (Windows-10-10.0.17763-SP0) msrest/0.6.19 msrest_azure/0.6.4
        azure-mgmt-cosmosdb/0.7.0 Azure-SDK-For-Python AZURECLI/2.15.1
    method: GET
    uri: https://management.azure.com/subscriptions/00000000-0000-0000-0000-000000000000/providers/Microsoft.DocumentDB/locations/westus/operationsStatus/eb2701d8-52ac-44ba-9607-2e7b62137212?api-version=2020-06-01-preview
  response:
    body:
      string: '{"status":"Dequeued"}'
    headers:
      cache-control:
      - no-store, no-cache
      content-length:
      - '21'
      content-type:
      - application/json
      date:
      - Mon, 14 Dec 2020 04:13:14 GMT
      pragma:
      - no-cache
      server:
      - Microsoft-HTTPAPI/2.0
      strict-transport-security:
      - max-age=31536000; includeSubDomains
      transfer-encoding:
      - chunked
      vary:
      - Accept-Encoding
      x-content-type-options:
      - nosniff
      x-ms-gatewayversion:
      - version=2.11.0
    status:
      code: 200
      message: Ok
- request:
    body: null
    headers:
      Accept:
      - application/json
      Accept-Encoding:
      - gzip, deflate
      CommandName:
      - cosmosdb restore
      Connection:
      - keep-alive
      ParameterSetName:
      - -n -g -a --restore-timestamp --location
      User-Agent:
      - python/3.8.3 (Windows-10-10.0.17763-SP0) msrest/0.6.19 msrest_azure/0.6.4
        azure-mgmt-cosmosdb/0.7.0 Azure-SDK-For-Python AZURECLI/2.15.1
    method: GET
    uri: https://management.azure.com/subscriptions/00000000-0000-0000-0000-000000000000/providers/Microsoft.DocumentDB/locations/westus/operationsStatus/eb2701d8-52ac-44ba-9607-2e7b62137212?api-version=2020-06-01-preview
  response:
    body:
      string: '{"status":"Dequeued"}'
    headers:
      cache-control:
      - no-store, no-cache
      content-length:
      - '21'
      content-type:
      - application/json
      date:
      - Mon, 14 Dec 2020 04:13:44 GMT
      pragma:
      - no-cache
      server:
      - Microsoft-HTTPAPI/2.0
      strict-transport-security:
      - max-age=31536000; includeSubDomains
      transfer-encoding:
      - chunked
      vary:
      - Accept-Encoding
      x-content-type-options:
      - nosniff
      x-ms-gatewayversion:
      - version=2.11.0
    status:
      code: 200
      message: Ok
- request:
    body: null
    headers:
      Accept:
      - application/json
      Accept-Encoding:
      - gzip, deflate
      CommandName:
      - cosmosdb restore
      Connection:
      - keep-alive
      ParameterSetName:
      - -n -g -a --restore-timestamp --location
      User-Agent:
      - python/3.8.3 (Windows-10-10.0.17763-SP0) msrest/0.6.19 msrest_azure/0.6.4
        azure-mgmt-cosmosdb/0.7.0 Azure-SDK-For-Python AZURECLI/2.15.1
    method: GET
    uri: https://management.azure.com/subscriptions/00000000-0000-0000-0000-000000000000/providers/Microsoft.DocumentDB/locations/westus/operationsStatus/eb2701d8-52ac-44ba-9607-2e7b62137212?api-version=2020-06-01-preview
  response:
    body:
      string: '{"status":"Dequeued"}'
    headers:
      cache-control:
      - no-store, no-cache
      content-length:
      - '21'
      content-type:
      - application/json
      date:
      - Mon, 14 Dec 2020 04:14:14 GMT
      pragma:
      - no-cache
      server:
      - Microsoft-HTTPAPI/2.0
      strict-transport-security:
      - max-age=31536000; includeSubDomains
      transfer-encoding:
      - chunked
      vary:
      - Accept-Encoding
      x-content-type-options:
      - nosniff
      x-ms-gatewayversion:
      - version=2.11.0
    status:
      code: 200
      message: Ok
- request:
    body: null
    headers:
      Accept:
      - application/json
      Accept-Encoding:
      - gzip, deflate
      CommandName:
      - cosmosdb restore
      Connection:
      - keep-alive
      ParameterSetName:
      - -n -g -a --restore-timestamp --location
      User-Agent:
      - python/3.8.3 (Windows-10-10.0.17763-SP0) msrest/0.6.19 msrest_azure/0.6.4
        azure-mgmt-cosmosdb/0.7.0 Azure-SDK-For-Python AZURECLI/2.15.1
    method: GET
    uri: https://management.azure.com/subscriptions/00000000-0000-0000-0000-000000000000/providers/Microsoft.DocumentDB/locations/westus/operationsStatus/eb2701d8-52ac-44ba-9607-2e7b62137212?api-version=2020-06-01-preview
  response:
    body:
      string: '{"status":"Succeeded"}'
    headers:
      cache-control:
      - no-store, no-cache
      content-length:
      - '22'
      content-type:
      - application/json
      date:
      - Mon, 14 Dec 2020 04:14:45 GMT
      pragma:
      - no-cache
      server:
      - Microsoft-HTTPAPI/2.0
      strict-transport-security:
      - max-age=31536000; includeSubDomains
      transfer-encoding:
      - chunked
      vary:
      - Accept-Encoding
      x-content-type-options:
      - nosniff
      x-ms-gatewayversion:
      - version=2.11.0
    status:
      code: 200
      message: Ok
- request:
    body: null
    headers:
      Accept:
      - application/json
      Accept-Encoding:
      - gzip, deflate
      CommandName:
      - cosmosdb restore
      Connection:
      - keep-alive
      ParameterSetName:
      - -n -g -a --restore-timestamp --location
      User-Agent:
      - python/3.8.3 (Windows-10-10.0.17763-SP0) msrest/0.6.19 msrest_azure/0.6.4
        azure-mgmt-cosmosdb/0.7.0 Azure-SDK-For-Python AZURECLI/2.15.1
    method: GET
    uri: https://management.azure.com/subscriptions/00000000-0000-0000-0000-000000000000/resourceGroups/cli_test_cosmosdb_restore_command000001/providers/Microsoft.DocumentDB/databaseAccounts/cli000004?api-version=2020-06-01-preview
  response:
    body:
      string: '{"id":"/subscriptions/00000000-0000-0000-0000-000000000000/resourceGroups/cli_test_cosmosdb_restore_command000001/providers/Microsoft.DocumentDB/databaseAccounts/cli000004","name":"cli000004","location":"West
        US","type":"Microsoft.DocumentDB/databaseAccounts","kind":"GlobalDocumentDB","tags":{},"systemData":{"createdAt":"2020-12-14T04:14:26.6871551Z"},"properties":{"provisioningState":"Succeeded","documentEndpoint":"https://cli000004.documents.azure.com:443/","publicNetworkAccess":"Enabled","enableAutomaticFailover":false,"enableMultipleWriteLocations":false,"enablePartitionKeyMonitor":false,"isVirtualNetworkFilterEnabled":false,"virtualNetworkRules":[],"EnabledApiTypes":"Sql","disableKeyBasedMetadataWriteAccess":false,"enableFreeTier":false,"enableAnalyticalStorage":false,"instanceId":"352dffff-44ea-4189-91e3-56ecc28ab6f3","createMode":"Restore","databaseAccountOfferType":"Standard","consistencyPolicy":{"defaultConsistencyLevel":"Session","maxIntervalInSeconds":5,"maxStalenessPrefix":100},"configurationOverrides":{},"writeLocations":[{"id":"cli000004-westus","locationName":"West
        US","documentEndpoint":"https://cli000004-westus.documents.azure.com:443/","provisioningState":"Succeeded","failoverPriority":0,"isZoneRedundant":false}],"readLocations":[{"id":"cli000004-westus","locationName":"West
        US","documentEndpoint":"https://cli000004-westus.documents.azure.com:443/","provisioningState":"Succeeded","failoverPriority":0,"isZoneRedundant":false}],"locations":[{"id":"cli000004-westus","locationName":"West
        US","documentEndpoint":"https://cli000004-westus.documents.azure.com:443/","provisioningState":"Succeeded","failoverPriority":0,"isZoneRedundant":false}],"failoverPolicies":[{"id":"cli000004-westus","locationName":"West
        US","failoverPriority":0}],"cors":[],"capabilities":[],"ipRules":[],"backupPolicy":{"type":"Continuous"},"restoreParameters":{"restoreMode":"PointInTime","restoreSource":"/subscriptions/00000000-0000-0000-0000-000000000000/providers/Microsoft.DocumentDB/locations/westus/restorableDatabaseAccounts/5c8a5401-1159-40cc-9e1d-99af7c7bc289","restoreTimestampInUtc":"2020-12-14T03:57:12.232141Z","databasesToRestore":[]}},"identity":{"type":"None"}}'
    headers:
      cache-control:
      - no-store, no-cache
      content-length:
      - '2286'
      content-type:
      - application/json
      date:
      - Mon, 14 Dec 2020 04:14:46 GMT
      pragma:
      - no-cache
      server:
      - Microsoft-HTTPAPI/2.0
      strict-transport-security:
      - max-age=31536000; includeSubDomains
      transfer-encoding:
      - chunked
      vary:
      - Accept-Encoding
      x-content-type-options:
      - nosniff
      x-ms-gatewayversion:
      - version=2.11.0
    status:
      code: 200
      message: Ok
- request:
    body: null
    headers:
      Accept:
      - application/json
      Accept-Encoding:
      - gzip, deflate
      CommandName:
      - cosmosdb restore
      Connection:
      - keep-alive
      ParameterSetName:
      - -n -g -a --restore-timestamp --location
      User-Agent:
      - python/3.8.3 (Windows-10-10.0.17763-SP0) msrest/0.6.19 msrest_azure/0.6.4
        azure-mgmt-cosmosdb/0.7.0 Azure-SDK-For-Python AZURECLI/2.15.1
      accept-language:
      - en-US
    method: GET
    uri: https://management.azure.com/subscriptions/00000000-0000-0000-0000-000000000000/resourceGroups/cli_test_cosmosdb_restore_command000001/providers/Microsoft.DocumentDB/databaseAccounts/cli000004?api-version=2020-06-01-preview
  response:
    body:
      string: '{"id":"/subscriptions/00000000-0000-0000-0000-000000000000/resourceGroups/cli_test_cosmosdb_restore_command000001/providers/Microsoft.DocumentDB/databaseAccounts/cli000004","name":"cli000004","location":"West
        US","type":"Microsoft.DocumentDB/databaseAccounts","kind":"GlobalDocumentDB","tags":{},"systemData":{"createdAt":"2020-12-14T04:14:26.6871551Z"},"properties":{"provisioningState":"Succeeded","documentEndpoint":"https://cli000004.documents.azure.com:443/","publicNetworkAccess":"Enabled","enableAutomaticFailover":false,"enableMultipleWriteLocations":false,"enablePartitionKeyMonitor":false,"isVirtualNetworkFilterEnabled":false,"virtualNetworkRules":[],"EnabledApiTypes":"Sql","disableKeyBasedMetadataWriteAccess":false,"enableFreeTier":false,"enableAnalyticalStorage":false,"instanceId":"352dffff-44ea-4189-91e3-56ecc28ab6f3","createMode":"Restore","databaseAccountOfferType":"Standard","consistencyPolicy":{"defaultConsistencyLevel":"Session","maxIntervalInSeconds":5,"maxStalenessPrefix":100},"configurationOverrides":{},"writeLocations":[{"id":"cli000004-westus","locationName":"West
        US","documentEndpoint":"https://cli000004-westus.documents.azure.com:443/","provisioningState":"Succeeded","failoverPriority":0,"isZoneRedundant":false}],"readLocations":[{"id":"cli000004-westus","locationName":"West
        US","documentEndpoint":"https://cli000004-westus.documents.azure.com:443/","provisioningState":"Succeeded","failoverPriority":0,"isZoneRedundant":false}],"locations":[{"id":"cli000004-westus","locationName":"West
        US","documentEndpoint":"https://cli000004-westus.documents.azure.com:443/","provisioningState":"Succeeded","failoverPriority":0,"isZoneRedundant":false}],"failoverPolicies":[{"id":"cli000004-westus","locationName":"West
        US","failoverPriority":0}],"cors":[],"capabilities":[],"ipRules":[],"backupPolicy":{"type":"Continuous"},"restoreParameters":{"restoreMode":"PointInTime","restoreSource":"/subscriptions/00000000-0000-0000-0000-000000000000/providers/Microsoft.DocumentDB/locations/westus/restorableDatabaseAccounts/5c8a5401-1159-40cc-9e1d-99af7c7bc289","restoreTimestampInUtc":"2020-12-14T03:57:12.232141Z","databasesToRestore":[]}},"identity":{"type":"None"}}'
    headers:
      cache-control:
      - no-store, no-cache
      content-length:
      - '2286'
      content-type:
      - application/json
      date:
      - Mon, 14 Dec 2020 04:14:47 GMT
      pragma:
      - no-cache
      server:
      - Microsoft-HTTPAPI/2.0
      strict-transport-security:
      - max-age=31536000; includeSubDomains
      transfer-encoding:
      - chunked
      vary:
      - Accept-Encoding
      x-content-type-options:
      - nosniff
      x-ms-gatewayversion:
      - version=2.11.0
    status:
      code: 200
      message: Ok
- request:
    body: null
    headers:
      Accept:
      - application/json
      Accept-Encoding:
      - gzip, deflate
      CommandName:
      - cosmosdb show
      Connection:
      - keep-alive
      ParameterSetName:
      - -n -g
      User-Agent:
      - python/3.8.3 (Windows-10-10.0.17763-SP0) msrest/0.6.19 msrest_azure/0.6.4
        azure-mgmt-cosmosdb/0.7.0 Azure-SDK-For-Python AZURECLI/2.15.1
      accept-language:
      - en-US
    method: GET
    uri: https://management.azure.com/subscriptions/00000000-0000-0000-0000-000000000000/resourceGroups/cli_test_cosmosdb_restore_command000001/providers/Microsoft.DocumentDB/databaseAccounts/cli000004?api-version=2020-06-01-preview
  response:
    body:
      string: '{"id":"/subscriptions/00000000-0000-0000-0000-000000000000/resourceGroups/cli_test_cosmosdb_restore_command000001/providers/Microsoft.DocumentDB/databaseAccounts/cli000004","name":"cli000004","location":"West
        US","type":"Microsoft.DocumentDB/databaseAccounts","kind":"GlobalDocumentDB","tags":{},"systemData":{"createdAt":"2020-12-14T04:14:26.6871551Z"},"properties":{"provisioningState":"Succeeded","documentEndpoint":"https://cli000004.documents.azure.com:443/","publicNetworkAccess":"Enabled","enableAutomaticFailover":false,"enableMultipleWriteLocations":false,"enablePartitionKeyMonitor":false,"isVirtualNetworkFilterEnabled":false,"virtualNetworkRules":[],"EnabledApiTypes":"Sql","disableKeyBasedMetadataWriteAccess":false,"enableFreeTier":false,"enableAnalyticalStorage":false,"instanceId":"352dffff-44ea-4189-91e3-56ecc28ab6f3","createMode":"Restore","databaseAccountOfferType":"Standard","consistencyPolicy":{"defaultConsistencyLevel":"Session","maxIntervalInSeconds":5,"maxStalenessPrefix":100},"configurationOverrides":{},"writeLocations":[{"id":"cli000004-westus","locationName":"West
        US","documentEndpoint":"https://cli000004-westus.documents.azure.com:443/","provisioningState":"Succeeded","failoverPriority":0,"isZoneRedundant":false}],"readLocations":[{"id":"cli000004-westus","locationName":"West
        US","documentEndpoint":"https://cli000004-westus.documents.azure.com:443/","provisioningState":"Succeeded","failoverPriority":0,"isZoneRedundant":false}],"locations":[{"id":"cli000004-westus","locationName":"West
        US","documentEndpoint":"https://cli000004-westus.documents.azure.com:443/","provisioningState":"Succeeded","failoverPriority":0,"isZoneRedundant":false}],"failoverPolicies":[{"id":"cli000004-westus","locationName":"West
        US","failoverPriority":0}],"cors":[],"capabilities":[],"ipRules":[],"backupPolicy":{"type":"Continuous"},"restoreParameters":{"restoreMode":"PointInTime","restoreSource":"/subscriptions/00000000-0000-0000-0000-000000000000/providers/Microsoft.DocumentDB/locations/westus/restorableDatabaseAccounts/5c8a5401-1159-40cc-9e1d-99af7c7bc289","restoreTimestampInUtc":"2020-12-14T03:57:12.232141Z","databasesToRestore":[]}},"identity":{"type":"None"}}'
    headers:
      cache-control:
      - no-store, no-cache
      content-length:
      - '2286'
      content-type:
      - application/json
      date:
      - Mon, 14 Dec 2020 04:14:47 GMT
      pragma:
      - no-cache
      server:
      - Microsoft-HTTPAPI/2.0
      strict-transport-security:
      - max-age=31536000; includeSubDomains
      transfer-encoding:
      - chunked
      vary:
      - Accept-Encoding
      x-content-type-options:
      - nosniff
      x-ms-gatewayversion:
      - version=2.11.0
    status:
      code: 200
      message: Ok
version: 1
