interactions:
- request:
    body: null
    headers:
      Accept:
      - application/json
      Accept-Encoding:
      - gzip, deflate
      CommandName:
      - cosmosdb create
      Connection:
      - keep-alive
      ParameterSetName:
      - -n -g --capabilities --backup-policy-type --locations
      User-Agent:
      - AZURECLI/2.47.0 azsdk-python-azure-mgmt-resource/22.0.0 Python/3.10.2 (Windows-10-10.0.19045-SP0)
    method: GET
    uri: https://management.azure.com/subscriptions/00000000-0000-0000-0000-000000000000/resourcegroups/cli_test_cosmosdb_gremlin_graph000001?api-version=2022-09-01
  response:
    body:
      string: '{"id":"/subscriptions/00000000-0000-0000-0000-000000000000/resourceGroups/cli_test_cosmosdb_gremlin_graph000001","name":"cli_test_cosmosdb_gremlin_graph000001","type":"Microsoft.Resources/resourceGroups","location":"westus","tags":{"product":"azurecli","cause":"automation","date":"2023-04-17T21:14:23Z"},"properties":{"provisioningState":"Succeeded"}}'
    headers:
      cache-control:
      - no-cache
      content-length:
      - '352'
      content-type:
      - application/json; charset=utf-8
      date:
      - Mon, 17 Apr 2023 21:14:24 GMT
      expires:
      - '-1'
      pragma:
      - no-cache
      strict-transport-security:
      - max-age=31536000; includeSubDomains
      vary:
      - Accept-Encoding
      x-content-type-options:
      - nosniff
    status:
      code: 200
      message: OK
- request:
    body: '{"location": "westus", "kind": "GlobalDocumentDB", "properties": {"locations":
      [{"locationName": "WestUS", "failoverPriority": 0, "isZoneRedundant": false}],
      "databaseAccountOfferType": "Standard", "capabilities": [{"name": "EnableGremlin"}],
      "apiProperties": {}, "createMode": "Default", "backupPolicy": {"type": "Continuous",
      "continuousModeProperties": {"tier": "Continuous30Days"}}}}'
    headers:
      Accept:
      - application/json
      Accept-Encoding:
      - gzip, deflate
      CommandName:
      - cosmosdb create
      Connection:
      - keep-alive
      Content-Length:
      - '387'
      Content-Type:
      - application/json
      ParameterSetName:
      - -n -g --capabilities --backup-policy-type --locations
      User-Agent:
      - AZURECLI/2.47.0 azsdk-python-mgmt-cosmosdb/0.7.0 Python/3.10.2 (Windows-10-10.0.19045-SP0)
    method: PUT
    uri: https://management.azure.com/subscriptions/00000000-0000-0000-0000-000000000000/resourceGroups/cli_test_cosmosdb_gremlin_graph000001/providers/Microsoft.DocumentDB/databaseAccounts/cli000004?api-version=2023-03-01-preview
  response:
    body:
      string: '{"id":"/subscriptions/00000000-0000-0000-0000-000000000000/resourceGroups/cli_test_cosmosdb_gremlin_graph000001/providers/Microsoft.DocumentDB/databaseAccounts/cli000004","name":"cli000004","location":"West
        US","type":"Microsoft.DocumentDB/databaseAccounts","kind":"GlobalDocumentDB","tags":{},"systemData":{"createdAt":"2023-04-17T21:14:29.3201907Z"},"properties":{"provisioningState":"Creating","publicNetworkAccess":"Enabled","enableAutomaticFailover":false,"enableMultipleWriteLocations":false,"enablePartitionKeyMonitor":false,"isVirtualNetworkFilterEnabled":false,"virtualNetworkRules":[],"EnabledApiTypes":"Gremlin,
        Sql","disableKeyBasedMetadataWriteAccess":false,"enableFreeTier":false,"enableAnalyticalStorage":false,"analyticalStorageConfiguration":{"schemaType":"WellDefined"},"instanceId":"e6e0d583-460e-4d75-a70d-bf3dbc717d95","createMode":"Default","databaseAccountOfferType":"Standard","enableCassandraConnector":false,"connectorOffer":"","enableMaterializedViews":false,"defaultIdentity":"","networkAclBypass":"None","disableLocalAuth":false,"enablePartitionMerge":false,"enableBurstCapacity":false,"minimalTlsVersion":"Tls","consistencyPolicy":{"defaultConsistencyLevel":"Session","maxIntervalInSeconds":5,"maxStalenessPrefix":100},"configurationOverrides":{},"writeLocations":[{"id":"cli000004-westus","locationName":"West
        US","provisioningState":"Creating","failoverPriority":0,"isZoneRedundant":false}],"readLocations":[{"id":"cli000004-westus","locationName":"West
        US","provisioningState":"Creating","failoverPriority":0,"isZoneRedundant":false}],"locations":[{"id":"cli000004-westus","locationName":"West
        US","provisioningState":"Creating","failoverPriority":0,"isZoneRedundant":false}],"failoverPolicies":[{"id":"cli000004-westus","locationName":"West
        US","failoverPriority":0}],"cors":[],"capabilities":[{"name":"EnableGremlin"}],"ipRules":[],"backupPolicy":{"type":"Continuous","continuousModeProperties":{"tier":"Continuous30Days"}},"networkAclBypassResourceIds":[],"diagnosticLogSettings":{"enableFullTextQuery":"None"},"keysMetadata":{"primaryMasterKey":{"generationTime":"2023-04-17T21:14:29.3201907Z"},"secondaryMasterKey":{"generationTime":"2023-04-17T21:14:29.3201907Z"},"primaryReadonlyMasterKey":{"generationTime":"2023-04-17T21:14:29.3201907Z"},"secondaryReadonlyMasterKey":{"generationTime":"2023-04-17T21:14:29.3201907Z"}}},"identity":{"type":"None"}}'
    headers:
      azure-asyncoperation:
      - https://management.azure.com/subscriptions/00000000-0000-0000-0000-000000000000/providers/Microsoft.DocumentDB/locations/westus/operationsStatus/645a3160-8800-4af7-8217-0b92d8c8a9bf?api-version=2023-03-01-preview
      cache-control:
      - no-store, no-cache
      content-length:
      - '2388'
      content-type:
      - application/json
      date:
      - Mon, 17 Apr 2023 21:14:31 GMT
      location:
      - https://management.azure.com/subscriptions/00000000-0000-0000-0000-000000000000/resourceGroups/cli_test_cosmosdb_gremlin_graph000001/providers/Microsoft.DocumentDB/databaseAccounts/cli000004/operationResults/645a3160-8800-4af7-8217-0b92d8c8a9bf?api-version=2023-03-01-preview
      pragma:
      - no-cache
      server:
      - Microsoft-HTTPAPI/2.0
      strict-transport-security:
      - max-age=31536000; includeSubDomains
      transfer-encoding:
      - chunked
      vary:
      - Accept-Encoding
      x-content-type-options:
      - nosniff
      x-ms-gatewayversion:
      - version=2.14.0
      x-ms-ratelimit-remaining-subscription-writes:
      - '1199'
    status:
      code: 200
      message: Ok
- request:
    body: null
    headers:
      Accept:
      - '*/*'
      Accept-Encoding:
      - gzip, deflate
      CommandName:
      - cosmosdb create
      Connection:
      - keep-alive
      ParameterSetName:
      - -n -g --capabilities --backup-policy-type --locations
      User-Agent:
      - AZURECLI/2.47.0 azsdk-python-mgmt-cosmosdb/0.7.0 Python/3.10.2 (Windows-10-10.0.19045-SP0)
    method: GET
    uri: https://management.azure.com/subscriptions/00000000-0000-0000-0000-000000000000/providers/Microsoft.DocumentDB/locations/westus/operationsStatus/645a3160-8800-4af7-8217-0b92d8c8a9bf?api-version=2023-03-01-preview
  response:
    body:
      string: '{"status":"Enqueued"}'
    headers:
      cache-control:
      - no-store, no-cache
      content-length:
      - '21'
      content-type:
      - application/json
      date:
      - Mon, 17 Apr 2023 21:14:31 GMT
      pragma:
      - no-cache
      server:
      - Microsoft-HTTPAPI/2.0
      strict-transport-security:
      - max-age=31536000; includeSubDomains
      transfer-encoding:
      - chunked
      vary:
      - Accept-Encoding
      x-content-type-options:
      - nosniff
      x-ms-gatewayversion:
      - version=2.14.0
    status:
      code: 200
      message: Ok
- request:
    body: null
    headers:
      Accept:
      - '*/*'
      Accept-Encoding:
      - gzip, deflate
      CommandName:
      - cosmosdb create
      Connection:
      - keep-alive
      ParameterSetName:
      - -n -g --capabilities --backup-policy-type --locations
      User-Agent:
      - AZURECLI/2.47.0 azsdk-python-mgmt-cosmosdb/0.7.0 Python/3.10.2 (Windows-10-10.0.19045-SP0)
    method: GET
    uri: https://management.azure.com/subscriptions/00000000-0000-0000-0000-000000000000/providers/Microsoft.DocumentDB/locations/westus/operationsStatus/645a3160-8800-4af7-8217-0b92d8c8a9bf?api-version=2023-03-01-preview
  response:
    body:
      string: '{"status":"Dequeued"}'
    headers:
      cache-control:
      - no-store, no-cache
      content-length:
      - '21'
      content-type:
      - application/json
      date:
      - Mon, 17 Apr 2023 21:15:01 GMT
      pragma:
      - no-cache
      server:
      - Microsoft-HTTPAPI/2.0
      strict-transport-security:
      - max-age=31536000; includeSubDomains
      transfer-encoding:
      - chunked
      vary:
      - Accept-Encoding
      x-content-type-options:
      - nosniff
      x-ms-gatewayversion:
      - version=2.14.0
    status:
      code: 200
      message: Ok
- request:
    body: null
    headers:
      Accept:
      - '*/*'
      Accept-Encoding:
      - gzip, deflate
      CommandName:
      - cosmosdb create
      Connection:
      - keep-alive
      ParameterSetName:
      - -n -g --capabilities --backup-policy-type --locations
      User-Agent:
      - AZURECLI/2.47.0 azsdk-python-mgmt-cosmosdb/0.7.0 Python/3.10.2 (Windows-10-10.0.19045-SP0)
    method: GET
    uri: https://management.azure.com/subscriptions/00000000-0000-0000-0000-000000000000/providers/Microsoft.DocumentDB/locations/westus/operationsStatus/645a3160-8800-4af7-8217-0b92d8c8a9bf?api-version=2023-03-01-preview
  response:
    body:
      string: '{"status":"Dequeued"}'
    headers:
      cache-control:
      - no-store, no-cache
      content-length:
      - '21'
      content-type:
      - application/json
      date:
      - Mon, 17 Apr 2023 21:15:31 GMT
      pragma:
      - no-cache
      server:
      - Microsoft-HTTPAPI/2.0
      strict-transport-security:
      - max-age=31536000; includeSubDomains
      transfer-encoding:
      - chunked
      vary:
      - Accept-Encoding
      x-content-type-options:
      - nosniff
      x-ms-gatewayversion:
      - version=2.14.0
    status:
      code: 200
      message: Ok
- request:
    body: null
    headers:
      Accept:
      - '*/*'
      Accept-Encoding:
      - gzip, deflate
      CommandName:
      - cosmosdb create
      Connection:
      - keep-alive
      ParameterSetName:
      - -n -g --capabilities --backup-policy-type --locations
      User-Agent:
      - AZURECLI/2.47.0 azsdk-python-mgmt-cosmosdb/0.7.0 Python/3.10.2 (Windows-10-10.0.19045-SP0)
    method: GET
    uri: https://management.azure.com/subscriptions/00000000-0000-0000-0000-000000000000/providers/Microsoft.DocumentDB/locations/westus/operationsStatus/645a3160-8800-4af7-8217-0b92d8c8a9bf?api-version=2023-03-01-preview
  response:
    body:
      string: '{"status":"Dequeued"}'
    headers:
      cache-control:
      - no-store, no-cache
      content-length:
      - '21'
      content-type:
      - application/json
      date:
      - Mon, 17 Apr 2023 21:16:01 GMT
      pragma:
      - no-cache
      server:
      - Microsoft-HTTPAPI/2.0
      strict-transport-security:
      - max-age=31536000; includeSubDomains
      transfer-encoding:
      - chunked
      vary:
      - Accept-Encoding
      x-content-type-options:
      - nosniff
      x-ms-gatewayversion:
      - version=2.14.0
    status:
      code: 200
      message: Ok
- request:
    body: null
    headers:
      Accept:
      - '*/*'
      Accept-Encoding:
      - gzip, deflate
      CommandName:
      - cosmosdb create
      Connection:
      - keep-alive
      ParameterSetName:
      - -n -g --capabilities --backup-policy-type --locations
      User-Agent:
      - AZURECLI/2.47.0 azsdk-python-mgmt-cosmosdb/0.7.0 Python/3.10.2 (Windows-10-10.0.19045-SP0)
    method: GET
    uri: https://management.azure.com/subscriptions/00000000-0000-0000-0000-000000000000/providers/Microsoft.DocumentDB/locations/westus/operationsStatus/645a3160-8800-4af7-8217-0b92d8c8a9bf?api-version=2023-03-01-preview
  response:
    body:
      string: '{"status":"Dequeued"}'
    headers:
      cache-control:
      - no-store, no-cache
      content-length:
      - '21'
      content-type:
      - application/json
      date:
      - Mon, 17 Apr 2023 21:16:31 GMT
      pragma:
      - no-cache
      server:
      - Microsoft-HTTPAPI/2.0
      strict-transport-security:
      - max-age=31536000; includeSubDomains
      transfer-encoding:
      - chunked
      vary:
      - Accept-Encoding
      x-content-type-options:
      - nosniff
      x-ms-gatewayversion:
      - version=2.14.0
    status:
      code: 200
      message: Ok
- request:
    body: null
    headers:
      Accept:
      - '*/*'
      Accept-Encoding:
      - gzip, deflate
      CommandName:
      - cosmosdb create
      Connection:
      - keep-alive
      ParameterSetName:
      - -n -g --capabilities --backup-policy-type --locations
      User-Agent:
      - AZURECLI/2.47.0 azsdk-python-mgmt-cosmosdb/0.7.0 Python/3.10.2 (Windows-10-10.0.19045-SP0)
    method: GET
    uri: https://management.azure.com/subscriptions/00000000-0000-0000-0000-000000000000/providers/Microsoft.DocumentDB/locations/westus/operationsStatus/645a3160-8800-4af7-8217-0b92d8c8a9bf?api-version=2023-03-01-preview
  response:
    body:
      string: '{"status":"Dequeued"}'
    headers:
      cache-control:
      - no-store, no-cache
      content-length:
      - '21'
      content-type:
      - application/json
      date:
      - Mon, 17 Apr 2023 21:17:01 GMT
      pragma:
      - no-cache
      server:
      - Microsoft-HTTPAPI/2.0
      strict-transport-security:
      - max-age=31536000; includeSubDomains
      transfer-encoding:
      - chunked
      vary:
      - Accept-Encoding
      x-content-type-options:
      - nosniff
      x-ms-gatewayversion:
      - version=2.14.0
    status:
      code: 200
      message: Ok
- request:
    body: null
    headers:
      Accept:
      - '*/*'
      Accept-Encoding:
      - gzip, deflate
      CommandName:
      - cosmosdb create
      Connection:
      - keep-alive
      ParameterSetName:
      - -n -g --capabilities --backup-policy-type --locations
      User-Agent:
      - AZURECLI/2.47.0 azsdk-python-mgmt-cosmosdb/0.7.0 Python/3.10.2 (Windows-10-10.0.19045-SP0)
    method: GET
    uri: https://management.azure.com/subscriptions/00000000-0000-0000-0000-000000000000/providers/Microsoft.DocumentDB/locations/westus/operationsStatus/645a3160-8800-4af7-8217-0b92d8c8a9bf?api-version=2023-03-01-preview
  response:
    body:
      string: '{"status":"Dequeued"}'
    headers:
      cache-control:
      - no-store, no-cache
      content-length:
      - '21'
      content-type:
      - application/json
      date:
      - Mon, 17 Apr 2023 21:17:31 GMT
      pragma:
      - no-cache
      server:
      - Microsoft-HTTPAPI/2.0
      strict-transport-security:
      - max-age=31536000; includeSubDomains
      transfer-encoding:
      - chunked
      vary:
      - Accept-Encoding
      x-content-type-options:
      - nosniff
      x-ms-gatewayversion:
      - version=2.14.0
    status:
      code: 200
      message: Ok
- request:
    body: null
    headers:
      Accept:
      - '*/*'
      Accept-Encoding:
      - gzip, deflate
      CommandName:
      - cosmosdb create
      Connection:
      - keep-alive
      ParameterSetName:
      - -n -g --capabilities --backup-policy-type --locations
      User-Agent:
      - AZURECLI/2.47.0 azsdk-python-mgmt-cosmosdb/0.7.0 Python/3.10.2 (Windows-10-10.0.19045-SP0)
    method: GET
    uri: https://management.azure.com/subscriptions/00000000-0000-0000-0000-000000000000/providers/Microsoft.DocumentDB/locations/westus/operationsStatus/645a3160-8800-4af7-8217-0b92d8c8a9bf?api-version=2023-03-01-preview
  response:
    body:
      string: '{"status":"Dequeued"}'
    headers:
      cache-control:
      - no-store, no-cache
      content-length:
      - '21'
      content-type:
      - application/json
      date:
      - Mon, 17 Apr 2023 21:18:01 GMT
      pragma:
      - no-cache
      server:
      - Microsoft-HTTPAPI/2.0
      strict-transport-security:
      - max-age=31536000; includeSubDomains
      transfer-encoding:
      - chunked
      vary:
      - Accept-Encoding
      x-content-type-options:
      - nosniff
      x-ms-gatewayversion:
      - version=2.14.0
    status:
      code: 200
      message: Ok
- request:
    body: null
    headers:
      Accept:
      - '*/*'
      Accept-Encoding:
      - gzip, deflate
      CommandName:
      - cosmosdb create
      Connection:
      - keep-alive
      ParameterSetName:
      - -n -g --capabilities --backup-policy-type --locations
      User-Agent:
      - AZURECLI/2.47.0 azsdk-python-mgmt-cosmosdb/0.7.0 Python/3.10.2 (Windows-10-10.0.19045-SP0)
    method: GET
    uri: https://management.azure.com/subscriptions/00000000-0000-0000-0000-000000000000/providers/Microsoft.DocumentDB/locations/westus/operationsStatus/645a3160-8800-4af7-8217-0b92d8c8a9bf?api-version=2023-03-01-preview
  response:
    body:
      string: '{"status":"Dequeued"}'
    headers:
      cache-control:
      - no-store, no-cache
      content-length:
      - '21'
      content-type:
      - application/json
      date:
      - Mon, 17 Apr 2023 21:18:32 GMT
      pragma:
      - no-cache
      server:
      - Microsoft-HTTPAPI/2.0
      strict-transport-security:
      - max-age=31536000; includeSubDomains
      transfer-encoding:
      - chunked
      vary:
      - Accept-Encoding
      x-content-type-options:
      - nosniff
      x-ms-gatewayversion:
      - version=2.14.0
    status:
      code: 200
      message: Ok
- request:
    body: null
    headers:
      Accept:
      - '*/*'
      Accept-Encoding:
      - gzip, deflate
      CommandName:
      - cosmosdb create
      Connection:
      - keep-alive
      ParameterSetName:
      - -n -g --capabilities --backup-policy-type --locations
      User-Agent:
      - AZURECLI/2.47.0 azsdk-python-mgmt-cosmosdb/0.7.0 Python/3.10.2 (Windows-10-10.0.19045-SP0)
    method: GET
    uri: https://management.azure.com/subscriptions/00000000-0000-0000-0000-000000000000/providers/Microsoft.DocumentDB/locations/westus/operationsStatus/645a3160-8800-4af7-8217-0b92d8c8a9bf?api-version=2023-03-01-preview
  response:
    body:
      string: '{"status":"Dequeued"}'
    headers:
      cache-control:
      - no-store, no-cache
      content-length:
      - '21'
      content-type:
      - application/json
      date:
      - Mon, 17 Apr 2023 21:19:03 GMT
      pragma:
      - no-cache
      server:
      - Microsoft-HTTPAPI/2.0
      strict-transport-security:
      - max-age=31536000; includeSubDomains
      transfer-encoding:
      - chunked
      vary:
      - Accept-Encoding
      x-content-type-options:
      - nosniff
      x-ms-gatewayversion:
      - version=2.14.0
    status:
      code: 200
      message: Ok
- request:
    body: null
    headers:
      Accept:
      - '*/*'
      Accept-Encoding:
      - gzip, deflate
      CommandName:
      - cosmosdb create
      Connection:
      - keep-alive
      ParameterSetName:
      - -n -g --capabilities --backup-policy-type --locations
      User-Agent:
      - AZURECLI/2.47.0 azsdk-python-mgmt-cosmosdb/0.7.0 Python/3.10.2 (Windows-10-10.0.19045-SP0)
    method: GET
    uri: https://management.azure.com/subscriptions/00000000-0000-0000-0000-000000000000/providers/Microsoft.DocumentDB/locations/westus/operationsStatus/645a3160-8800-4af7-8217-0b92d8c8a9bf?api-version=2023-03-01-preview
  response:
    body:
      string: '{"status":"Succeeded"}'
    headers:
      cache-control:
      - no-store, no-cache
      content-length:
      - '22'
      content-type:
      - application/json
      date:
      - Mon, 17 Apr 2023 21:19:33 GMT
      pragma:
      - no-cache
      server:
      - Microsoft-HTTPAPI/2.0
      strict-transport-security:
      - max-age=31536000; includeSubDomains
      transfer-encoding:
      - chunked
      vary:
      - Accept-Encoding
      x-content-type-options:
      - nosniff
      x-ms-gatewayversion:
      - version=2.14.0
    status:
      code: 200
      message: Ok
- request:
    body: null
    headers:
      Accept:
      - '*/*'
      Accept-Encoding:
      - gzip, deflate
      CommandName:
      - cosmosdb create
      Connection:
      - keep-alive
      ParameterSetName:
      - -n -g --capabilities --backup-policy-type --locations
      User-Agent:
      - AZURECLI/2.47.0 azsdk-python-mgmt-cosmosdb/0.7.0 Python/3.10.2 (Windows-10-10.0.19045-SP0)
    method: GET
    uri: https://management.azure.com/subscriptions/00000000-0000-0000-0000-000000000000/resourceGroups/cli_test_cosmosdb_gremlin_graph000001/providers/Microsoft.DocumentDB/databaseAccounts/cli000004?api-version=2023-03-01-preview
  response:
    body:
      string: '{"id":"/subscriptions/00000000-0000-0000-0000-000000000000/resourceGroups/cli_test_cosmosdb_gremlin_graph000001/providers/Microsoft.DocumentDB/databaseAccounts/cli000004","name":"cli000004","location":"West
        US","type":"Microsoft.DocumentDB/databaseAccounts","kind":"GlobalDocumentDB","tags":{},"systemData":{"createdAt":"2023-04-17T21:18:38.6406779Z"},"properties":{"provisioningState":"Succeeded","documentEndpoint":"https://cli000004.documents.azure.com:443/","gremlinEndpoint":"https://cli000004.gremlin.cosmos.azure.com:443/","sqlEndpoint":"https://cli000004.documents.azure.com:443/","publicNetworkAccess":"Enabled","enableAutomaticFailover":false,"enableMultipleWriteLocations":false,"enablePartitionKeyMonitor":false,"isVirtualNetworkFilterEnabled":false,"virtualNetworkRules":[],"EnabledApiTypes":"Gremlin,
        Sql","disableKeyBasedMetadataWriteAccess":false,"enableFreeTier":false,"enableAnalyticalStorage":false,"analyticalStorageConfiguration":{"schemaType":"WellDefined"},"instanceId":"e6e0d583-460e-4d75-a70d-bf3dbc717d95","createMode":"Default","databaseAccountOfferType":"Standard","enableCassandraConnector":false,"connectorOffer":"","enableMaterializedViews":false,"defaultIdentity":"FirstPartyIdentity","networkAclBypass":"None","disableLocalAuth":false,"enablePartitionMerge":false,"enableBurstCapacity":false,"minimalTlsVersion":"Tls","consistencyPolicy":{"defaultConsistencyLevel":"Session","maxIntervalInSeconds":5,"maxStalenessPrefix":100},"configurationOverrides":{},"writeLocations":[{"id":"cli000004-westus","locationName":"West
        US","documentEndpoint":"https://cli000004-westus.documents.azure.com:443/","provisioningState":"Succeeded","failoverPriority":0,"isZoneRedundant":false}],"readLocations":[{"id":"cli000004-westus","locationName":"West
        US","documentEndpoint":"https://cli000004-westus.documents.azure.com:443/","provisioningState":"Succeeded","failoverPriority":0,"isZoneRedundant":false}],"locations":[{"id":"cli000004-westus","locationName":"West
        US","documentEndpoint":"https://cli000004-westus.documents.azure.com:443/","provisioningState":"Succeeded","failoverPriority":0,"isZoneRedundant":false}],"failoverPolicies":[{"id":"cli000004-westus","locationName":"West
        US","failoverPriority":0}],"cors":[],"capabilities":[{"name":"EnableGremlin"}],"ipRules":[],"backupPolicy":{"type":"Continuous","continuousModeProperties":{"tier":"Continuous30Days"}},"networkAclBypassResourceIds":[],"diagnosticLogSettings":{"enableFullTextQuery":"None"},"keysMetadata":{"primaryMasterKey":{"generationTime":"2023-04-17T21:18:38.6406779Z"},"secondaryMasterKey":{"generationTime":"2023-04-17T21:18:38.6406779Z"},"primaryReadonlyMasterKey":{"generationTime":"2023-04-17T21:18:38.6406779Z"},"secondaryReadonlyMasterKey":{"generationTime":"2023-04-17T21:18:38.6406779Z"}}},"identity":{"type":"None"}}'
    headers:
      cache-control:
      - no-store, no-cache
      content-length:
      - '2814'
      content-type:
      - application/json
      date:
      - Mon, 17 Apr 2023 21:19:33 GMT
      pragma:
      - no-cache
      server:
      - Microsoft-HTTPAPI/2.0
      strict-transport-security:
      - max-age=31536000; includeSubDomains
      transfer-encoding:
      - chunked
      vary:
      - Accept-Encoding
      x-content-type-options:
      - nosniff
      x-ms-gatewayversion:
      - version=2.14.0
    status:
      code: 200
      message: Ok
- request:
    body: null
    headers:
      Accept:
      - application/json
      Accept-Encoding:
      - gzip, deflate
      CommandName:
      - cosmosdb create
      Connection:
      - keep-alive
      ParameterSetName:
      - -n -g --capabilities --backup-policy-type --locations
      User-Agent:
      - AZURECLI/2.47.0 azsdk-python-mgmt-cosmosdb/0.7.0 Python/3.10.2 (Windows-10-10.0.19045-SP0)
    method: GET
    uri: https://management.azure.com/subscriptions/00000000-0000-0000-0000-000000000000/resourceGroups/cli_test_cosmosdb_gremlin_graph000001/providers/Microsoft.DocumentDB/databaseAccounts/cli000004?api-version=2023-03-01-preview
  response:
    body:
      string: '{"id":"/subscriptions/00000000-0000-0000-0000-000000000000/resourceGroups/cli_test_cosmosdb_gremlin_graph000001/providers/Microsoft.DocumentDB/databaseAccounts/cli000004","name":"cli000004","location":"West
        US","type":"Microsoft.DocumentDB/databaseAccounts","kind":"GlobalDocumentDB","tags":{},"systemData":{"createdAt":"2023-04-17T21:18:38.6406779Z"},"properties":{"provisioningState":"Succeeded","documentEndpoint":"https://cli000004.documents.azure.com:443/","gremlinEndpoint":"https://cli000004.gremlin.cosmos.azure.com:443/","sqlEndpoint":"https://cli000004.documents.azure.com:443/","publicNetworkAccess":"Enabled","enableAutomaticFailover":false,"enableMultipleWriteLocations":false,"enablePartitionKeyMonitor":false,"isVirtualNetworkFilterEnabled":false,"virtualNetworkRules":[],"EnabledApiTypes":"Gremlin,
        Sql","disableKeyBasedMetadataWriteAccess":false,"enableFreeTier":false,"enableAnalyticalStorage":false,"analyticalStorageConfiguration":{"schemaType":"WellDefined"},"instanceId":"e6e0d583-460e-4d75-a70d-bf3dbc717d95","createMode":"Default","databaseAccountOfferType":"Standard","enableCassandraConnector":false,"connectorOffer":"","enableMaterializedViews":false,"defaultIdentity":"FirstPartyIdentity","networkAclBypass":"None","disableLocalAuth":false,"enablePartitionMerge":false,"enableBurstCapacity":false,"minimalTlsVersion":"Tls","consistencyPolicy":{"defaultConsistencyLevel":"Session","maxIntervalInSeconds":5,"maxStalenessPrefix":100},"configurationOverrides":{},"writeLocations":[{"id":"cli000004-westus","locationName":"West
        US","documentEndpoint":"https://cli000004-westus.documents.azure.com:443/","provisioningState":"Succeeded","failoverPriority":0,"isZoneRedundant":false}],"readLocations":[{"id":"cli000004-westus","locationName":"West
        US","documentEndpoint":"https://cli000004-westus.documents.azure.com:443/","provisioningState":"Succeeded","failoverPriority":0,"isZoneRedundant":false}],"locations":[{"id":"cli000004-westus","locationName":"West
        US","documentEndpoint":"https://cli000004-westus.documents.azure.com:443/","provisioningState":"Succeeded","failoverPriority":0,"isZoneRedundant":false}],"failoverPolicies":[{"id":"cli000004-westus","locationName":"West
        US","failoverPriority":0}],"cors":[],"capabilities":[{"name":"EnableGremlin"}],"ipRules":[],"backupPolicy":{"type":"Continuous","continuousModeProperties":{"tier":"Continuous30Days"}},"networkAclBypassResourceIds":[],"diagnosticLogSettings":{"enableFullTextQuery":"None"},"keysMetadata":{"primaryMasterKey":{"generationTime":"2023-04-17T21:18:38.6406779Z"},"secondaryMasterKey":{"generationTime":"2023-04-17T21:18:38.6406779Z"},"primaryReadonlyMasterKey":{"generationTime":"2023-04-17T21:18:38.6406779Z"},"secondaryReadonlyMasterKey":{"generationTime":"2023-04-17T21:18:38.6406779Z"}}},"identity":{"type":"None"}}'
    headers:
      cache-control:
      - no-store, no-cache
      content-length:
      - '2814'
      content-type:
      - application/json
      date:
      - Mon, 17 Apr 2023 21:19:33 GMT
      pragma:
      - no-cache
      server:
      - Microsoft-HTTPAPI/2.0
      strict-transport-security:
      - max-age=31536000; includeSubDomains
      transfer-encoding:
      - chunked
      vary:
      - Accept-Encoding
      x-content-type-options:
      - nosniff
      x-ms-gatewayversion:
      - version=2.14.0
    status:
      code: 200
      message: Ok
- request:
    body: '{"properties": {"resource": {"id": "cli000002"}, "options": {}}}'
    headers:
      Accept:
      - application/json
      Accept-Encoding:
      - gzip, deflate
      CommandName:
      - cosmosdb gremlin database create
      Connection:
      - keep-alive
      Content-Length:
      - '64'
      Content-Type:
      - application/json
      ParameterSetName:
      - -g -a -n
      User-Agent:
      - AZURECLI/2.47.0 azsdk-python-mgmt-cosmosdb/9.0.0 Python/3.10.2 (Windows-10-10.0.19045-SP0)
    method: PUT
    uri: https://management.azure.com/subscriptions/00000000-0000-0000-0000-000000000000/resourceGroups/cli_test_cosmosdb_gremlin_graph000001/providers/Microsoft.DocumentDB/databaseAccounts/cli000004/gremlinDatabases/cli000002?api-version=2022-11-15
  response:
    body:
      string: '{"status":"Enqueued"}'
    headers:
      azure-asyncoperation:
      - https://management.azure.com/subscriptions/00000000-0000-0000-0000-000000000000/providers/Microsoft.DocumentDB/locations/westus/operationsStatus/0da4b149-e1a5-4d29-b75a-928aa15d92d9?api-version=2022-11-15
      cache-control:
      - no-store, no-cache
      content-length:
      - '21'
      content-type:
      - application/json
      date:
      - Mon, 17 Apr 2023 21:19:35 GMT
      location:
      - https://management.azure.com/subscriptions/00000000-0000-0000-0000-000000000000/resourceGroups/cli_test_cosmosdb_gremlin_graph000001/providers/Microsoft.DocumentDB/databaseAccounts/cli000004/gremlinDatabases/cli000002/operationResults/0da4b149-e1a5-4d29-b75a-928aa15d92d9?api-version=2022-11-15
      pragma:
      - no-cache
      server:
      - Microsoft-HTTPAPI/2.0
      strict-transport-security:
      - max-age=31536000; includeSubDomains
      x-content-type-options:
      - nosniff
      x-ms-gatewayversion:
      - version=2.14.0
      x-ms-ratelimit-remaining-subscription-writes:
      - '1199'
    status:
      code: 202
      message: Accepted
- request:
    body: null
    headers:
      Accept:
      - '*/*'
      Accept-Encoding:
      - gzip, deflate
      CommandName:
      - cosmosdb gremlin database create
      Connection:
      - keep-alive
      ParameterSetName:
      - -g -a -n
      User-Agent:
      - AZURECLI/2.47.0 azsdk-python-mgmt-cosmosdb/9.0.0 Python/3.10.2 (Windows-10-10.0.19045-SP0)
    method: GET
    uri: https://management.azure.com/subscriptions/00000000-0000-0000-0000-000000000000/providers/Microsoft.DocumentDB/locations/westus/operationsStatus/0da4b149-e1a5-4d29-b75a-928aa15d92d9?api-version=2022-11-15
  response:
    body:
      string: '{"status":"Enqueued"}'
    headers:
      cache-control:
      - no-store, no-cache
      content-length:
      - '21'
      content-type:
      - application/json
      date:
      - Mon, 17 Apr 2023 21:19:35 GMT
      pragma:
      - no-cache
      server:
      - Microsoft-HTTPAPI/2.0
      strict-transport-security:
      - max-age=31536000; includeSubDomains
      transfer-encoding:
      - chunked
      vary:
      - Accept-Encoding
      x-content-type-options:
      - nosniff
      x-ms-gatewayversion:
      - version=2.14.0
    status:
      code: 200
      message: Ok
- request:
    body: null
    headers:
      Accept:
      - '*/*'
      Accept-Encoding:
      - gzip, deflate
      CommandName:
      - cosmosdb gremlin database create
      Connection:
      - keep-alive
      ParameterSetName:
      - -g -a -n
      User-Agent:
      - AZURECLI/2.47.0 azsdk-python-mgmt-cosmosdb/9.0.0 Python/3.10.2 (Windows-10-10.0.19045-SP0)
    method: GET
    uri: https://management.azure.com/subscriptions/00000000-0000-0000-0000-000000000000/providers/Microsoft.DocumentDB/locations/westus/operationsStatus/0da4b149-e1a5-4d29-b75a-928aa15d92d9?api-version=2022-11-15
  response:
    body:
      string: '{"status":"Succeeded"}'
    headers:
      cache-control:
      - no-store, no-cache
      content-length:
      - '22'
      content-type:
      - application/json
      date:
      - Mon, 17 Apr 2023 21:20:04 GMT
      pragma:
      - no-cache
      server:
      - Microsoft-HTTPAPI/2.0
      strict-transport-security:
      - max-age=31536000; includeSubDomains
      transfer-encoding:
      - chunked
      vary:
      - Accept-Encoding
      x-content-type-options:
      - nosniff
      x-ms-gatewayversion:
      - version=2.14.0
    status:
      code: 200
      message: Ok
- request:
    body: null
    headers:
      Accept:
      - '*/*'
      Accept-Encoding:
      - gzip, deflate
      CommandName:
      - cosmosdb gremlin database create
      Connection:
      - keep-alive
      ParameterSetName:
      - -g -a -n
      User-Agent:
      - AZURECLI/2.47.0 azsdk-python-mgmt-cosmosdb/9.0.0 Python/3.10.2 (Windows-10-10.0.19045-SP0)
    method: GET
    uri: https://management.azure.com/subscriptions/00000000-0000-0000-0000-000000000000/resourceGroups/cli_test_cosmosdb_gremlin_graph000001/providers/Microsoft.DocumentDB/databaseAccounts/cli000004/gremlinDatabases/cli000002?api-version=2022-11-15
  response:
    body:
      string: '{"id":"/subscriptions/00000000-0000-0000-0000-000000000000/resourceGroups/cli_test_cosmosdb_gremlin_graph000001/providers/Microsoft.DocumentDB/databaseAccounts/cli000004/gremlinDatabases/cli000002","type":"Microsoft.DocumentDB/databaseAccounts/gremlinDatabases","name":"cli000002","properties":{"resource":{"id":"cli000002","_rid":"ys5FAA==","_self":"dbs/ys5FAA==/","_etag":"\"00003b26-0000-0700-0000-643db7eb0000\"","_colls":"colls/","_users":"users/","_ts":1681766379}}}'
    headers:
      cache-control:
      - no-store, no-cache
      content-length:
      - '472'
      content-type:
      - application/json
      date:
      - Mon, 17 Apr 2023 21:20:05 GMT
      pragma:
      - no-cache
      server:
      - Microsoft-HTTPAPI/2.0
      strict-transport-security:
      - max-age=31536000; includeSubDomains
      transfer-encoding:
      - chunked
      vary:
      - Accept-Encoding
      x-content-type-options:
      - nosniff
      x-ms-gatewayversion:
      - version=2.14.0
    status:
      code: 200
      message: Ok
- request:
    body: null
    headers:
      Accept:
      - application/json
      Accept-Encoding:
      - gzip, deflate
      CommandName:
      - cosmosdb gremlin graph exists
      Connection:
      - keep-alive
      ParameterSetName:
      - -g -a -d -n
      User-Agent:
      - AZURECLI/2.47.0 azsdk-python-mgmt-cosmosdb/9.0.0 Python/3.10.2 (Windows-10-10.0.19045-SP0)
    method: GET
    uri: https://management.azure.com/subscriptions/00000000-0000-0000-0000-000000000000/resourceGroups/cli_test_cosmosdb_gremlin_graph000001/providers/Microsoft.DocumentDB/databaseAccounts/cli000004/gremlinDatabases/cli000002/graphs/cli000003?api-version=2022-11-15
  response:
    body:
      string: '{"code":"NotFound","message":"Message: {\"code\":\"NotFound\",\"message\":\"Message:
        {\\\"Errors\\\":[\\\"Resource Not Found. Learn more: https:\\\\/\\\\/aka.ms\\\\/cosmosdb-tsg-not-found\\\"]}\\r\\nActivityId:
        9fb2178c-dd65-11ed-8592-8cdcd4532c5b, Request URI: /apps/086b9727-0f1e-420d-ad24-bd7872d61a7c/services/87034a31-c7cb-4778-90f3-1dd01cf5dbe6/partitions/e275e43a-9d87-40db-9635-176997b4c4da/replicas/133259691058993258s,
        RequestStats: \\r\\nRequestStartTime: 2023-04-17T21:20:06.7496213Z, RequestEndTime:
        2023-04-17T21:20:06.7496213Z,  Number of regions attempted:1\\r\\n{\\\"systemHistory\\\":[{\\\"dateUtc\\\":\\\"2023-04-17T21:19:04.3192373Z\\\",\\\"cpu\\\":0.827,\\\"memory\\\":657898048.000,\\\"threadInfo\\\":{\\\"isThreadStarving\\\":\\\"False\\\",\\\"threadWaitIntervalInMs\\\":0.0145,\\\"availableThreads\\\":32763,\\\"minThreads\\\":64,\\\"maxThreads\\\":32767},\\\"numberOfOpenTcpConnection\\\":1107},{\\\"dateUtc\\\":\\\"2023-04-17T21:19:14.3292994Z\\\",\\\"cpu\\\":1.141,\\\"memory\\\":657869408.000,\\\"threadInfo\\\":{\\\"isThreadStarving\\\":\\\"False\\\",\\\"threadWaitIntervalInMs\\\":0.0152,\\\"availableThreads\\\":32764,\\\"minThreads\\\":64,\\\"maxThreads\\\":32767},\\\"numberOfOpenTcpConnection\\\":1104},{\\\"dateUtc\\\":\\\"2023-04-17T21:19:24.3393611Z\\\",\\\"cpu\\\":0.295,\\\"memory\\\":657837724.000,\\\"threadInfo\\\":{\\\"isThreadStarving\\\":\\\"False\\\",\\\"threadWaitIntervalInMs\\\":0.0176,\\\"availableThreads\\\":32764,\\\"minThreads\\\":64,\\\"maxThreads\\\":32767},\\\"numberOfOpenTcpConnection\\\":1104},{\\\"dateUtc\\\":\\\"2023-04-17T21:19:34.3494202Z\\\",\\\"cpu\\\":0.913,\\\"memory\\\":657825576.000,\\\"threadInfo\\\":{\\\"isThreadStarving\\\":\\\"False\\\",\\\"threadWaitIntervalInMs\\\":0.0171,\\\"availableThreads\\\":32763,\\\"minThreads\\\":64,\\\"maxThreads\\\":32767},\\\"numberOfOpenTcpConnection\\\":1104},{\\\"dateUtc\\\":\\\"2023-04-17T21:19:54.3595317Z\\\",\\\"cpu\\\":0.567,\\\"memory\\\":657790152.000,\\\"threadInfo\\\":{\\\"isThreadStarving\\\":\\\"False\\\",\\\"threadWaitIntervalInMs\\\":0.0196,\\\"availableThreads\\\":32763,\\\"minThreads\\\":64,\\\"maxThreads\\\":32767},\\\"numberOfOpenTcpConnection\\\":1105},{\\\"dateUtc\\\":\\\"2023-04-17T21:20:04.3695861Z\\\",\\\"cpu\\\":1.051,\\\"memory\\\":657761560.000,\\\"threadInfo\\\":{\\\"isThreadStarving\\\":\\\"False\\\",\\\"threadWaitIntervalInMs\\\":0.0353,\\\"availableThreads\\\":32763,\\\"minThreads\\\":64,\\\"maxThreads\\\":32767},\\\"numberOfOpenTcpConnection\\\":1106}]}\\r\\nRequestStart:
        2023-04-17T21:20:06.7496213Z; ResponseTime: 2023-04-17T21:20:06.7496213Z;
        StoreResult: StorePhysicalAddress: rntbd://10.0.1.12:11000/apps/086b9727-0f1e-420d-ad24-bd7872d61a7c/services/87034a31-c7cb-4778-90f3-1dd01cf5dbe6/partitions/e275e43a-9d87-40db-9635-176997b4c4da/replicas/133259691058993258s,
        LSN: 10, GlobalCommittedLsn: 10, PartitionKeyRangeId: , IsValid: True, StatusCode:
        404, SubStatusCode: 0, RequestCharge: 1, ItemLSN: -1, SessionToken: -1#10,
        UsingLocalLSN: False, TransportException: null, BELatencyMs: 0.837, ActivityId:
        9fb2178c-dd65-11ed-8592-8cdcd4532c5b, RetryAfterInMs: , TransportRequestTimeline:
        {\\\"requestTimeline\\\":[{\\\"event\\\": \\\"Created\\\", \\\"startTimeUtc\\\":
        \\\"2023-04-17T21:20:06.7496213Z\\\", \\\"durationInMs\\\": 0.0144},{\\\"event\\\":
        \\\"ChannelAcquisitionStarted\\\", \\\"startTimeUtc\\\": \\\"2023-04-17T21:20:06.7496357Z\\\",
        \\\"durationInMs\\\": 0.003},{\\\"event\\\": \\\"Pipelined\\\", \\\"startTimeUtc\\\":
        \\\"2023-04-17T21:20:06.7496387Z\\\", \\\"durationInMs\\\": 0.1285},{\\\"event\\\":
        \\\"Transit Time\\\", \\\"startTimeUtc\\\": \\\"2023-04-17T21:20:06.7497672Z\\\",
        \\\"durationInMs\\\": 1.096},{\\\"event\\\": \\\"Received\\\", \\\"startTimeUtc\\\":
        \\\"2023-04-17T21:20:06.7508632Z\\\", \\\"durationInMs\\\": 0.0899},{\\\"event\\\":
        \\\"Completed\\\", \\\"startTimeUtc\\\": \\\"2023-04-17T21:20:06.7509531Z\\\",
        \\\"durationInMs\\\": 0}],\\\"serviceEndpointStats\\\":{\\\"inflightRequests\\\":1,\\\"openConnections\\\":1},\\\"connectionStats\\\":{\\\"waitforConnectionInit\\\":\\\"False\\\",\\\"callsPendingReceive\\\":0,\\\"lastSendAttempt\\\":\\\"2023-04-17T21:20:06.6796019Z\\\",\\\"lastSend\\\":\\\"2023-04-17T21:20:06.6796019Z\\\",\\\"lastReceive\\\":\\\"2023-04-17T21:20:06.7096006Z\\\"},\\\"requestSizeInBytes\\\":492,\\\"responseMetadataSizeInBytes\\\":135,\\\"responseBodySizeInBytes\\\":87};\\r\\n
        ResourceType: Collection, OperationType: Read\\r\\nRequestStart: 2023-04-17T21:20:06.7496213Z;
        ResponseTime: 2023-04-17T21:20:06.7496213Z; StoreResult: StorePhysicalAddress:
        rntbd://10.0.1.4:11300/apps/086b9727-0f1e-420d-ad24-bd7872d61a7c/services/87034a31-c7cb-4778-90f3-1dd01cf5dbe6/partitions/e275e43a-9d87-40db-9635-176997b4c4da/replicas/133259691058993257s,
        LSN: 10, GlobalCommittedLsn: 10, PartitionKeyRangeId: , IsValid: True, StatusCode:
        404, SubStatusCode: 0, RequestCharge: 1, ItemLSN: -1, SessionToken: -1#10,
        UsingLocalLSN: False, TransportException: null, BELatencyMs: 0.835, ActivityId:
        9fb2178c-dd65-11ed-8592-8cdcd4532c5b, RetryAfterInMs: , TransportRequestTimeline:
        {\\\"requestTimeline\\\":[{\\\"event\\\": \\\"Created\\\", \\\"startTimeUtc\\\":
        \\\"2023-04-17T21:20:06.7496213Z\\\", \\\"durationInMs\\\": 0.0048},{\\\"event\\\":
        \\\"ChannelAcquisitionStarted\\\", \\\"startTimeUtc\\\": \\\"2023-04-17T21:20:06.7496261Z\\\",
        \\\"durationInMs\\\": 0.0017},{\\\"event\\\": \\\"Pipelined\\\", \\\"startTimeUtc\\\":
        \\\"2023-04-17T21:20:06.7496278Z\\\", \\\"durationInMs\\\": 0.0775},{\\\"event\\\":
        \\\"Transit Time\\\", \\\"startTimeUtc\\\": \\\"2023-04-17T21:20:06.7497053Z\\\",
        \\\"durationInMs\\\": 1.1723},{\\\"event\\\": \\\"Received\\\", \\\"startTimeUtc\\\":
        \\\"2023-04-17T21:20:06.7508776Z\\\", \\\"durationInMs\\\": 0.0494},{\\\"event\\\":
        \\\"Completed\\\", \\\"startTimeUtc\\\": \\\"2023-04-17T21:20:06.7509270Z\\\",
        \\\"durationInMs\\\": 0}],\\\"serviceEndpointStats\\\":{\\\"inflightRequests\\\":1,\\\"openConnections\\\":1},\\\"connectionStats\\\":{\\\"waitforConnectionInit\\\":\\\"False\\\",\\\"callsPendingReceive\\\":0,\\\"lastSendAttempt\\\":\\\"2023-04-17T21:20:06.5996005Z\\\",\\\"lastSend\\\":\\\"2023-04-17T21:20:06.5996005Z\\\",\\\"lastReceive\\\":\\\"2023-04-17T21:20:06.6295987Z\\\"},\\\"requestSizeInBytes\\\":492,\\\"responseMetadataSizeInBytes\\\":135,\\\"responseBodySizeInBytes\\\":87};\\r\\n
        ResourceType: Collection, OperationType: Read\\r\\n, SDK: Microsoft.Azure.Documents.Common/2.14.0\"},
        Request URI: /dbs/cli000002/colls/cli000003, RequestStats: , SDK: Microsoft.Azure.Documents.Common/2.14.0"}'
    headers:
      cache-control:
      - no-store, no-cache
      content-length:
      - '6551'
      content-type:
      - application/json
      date:
      - Mon, 17 Apr 2023 21:20:06 GMT
      pragma:
      - no-cache
      server:
      - Microsoft-HTTPAPI/2.0
      strict-transport-security:
      - max-age=31536000; includeSubDomains
      x-content-type-options:
      - nosniff
      x-ms-gatewayversion:
      - version=2.14.0
    status:
      code: 404
      message: NotFound
- request:
    body: '{"properties": {"resource": {"id": "cli000003", "indexingPolicy": {"automatic":
      true, "indexingMode": "consistent", "includedPaths": [{"path": "/*"}], "excludedPaths":
      [{"path": "/headquarters/employees/?"}]}, "partitionKey": {"paths": ["/thePartitionKey"],
      "kind": "Hash"}, "defaultTtl": 1000, "conflictResolutionPolicy": {"mode": "lastWriterWins",
      "conflictResolutionPath": "/path"}}, "options": {}}}'
    headers:
      Accept:
      - application/json
      Accept-Encoding:
      - gzip, deflate
      CommandName:
      - cosmosdb gremlin graph create
      Connection:
      - keep-alive
      Content-Length:
      - '402'
      Content-Type:
      - application/json
      ParameterSetName:
      - -g -a -d -n -p --ttl --conflict-resolution-policy --idx
      User-Agent:
      - AZURECLI/2.47.0 azsdk-python-mgmt-cosmosdb/9.0.0 Python/3.10.2 (Windows-10-10.0.19045-SP0)
    method: PUT
    uri: https://management.azure.com/subscriptions/00000000-0000-0000-0000-000000000000/resourceGroups/cli_test_cosmosdb_gremlin_graph000001/providers/Microsoft.DocumentDB/databaseAccounts/cli000004/gremlinDatabases/cli000002/graphs/cli000003?api-version=2022-11-15
  response:
    body:
      string: '{"status":"Enqueued"}'
    headers:
      azure-asyncoperation:
      - https://management.azure.com/subscriptions/00000000-0000-0000-0000-000000000000/providers/Microsoft.DocumentDB/locations/westus/operationsStatus/b67b36de-da9c-433f-a49d-a8eb142fdce7?api-version=2022-11-15
      cache-control:
      - no-store, no-cache
      content-length:
      - '21'
      content-type:
      - application/json
      date:
      - Mon, 17 Apr 2023 21:20:07 GMT
      location:
      - https://management.azure.com/subscriptions/00000000-0000-0000-0000-000000000000/resourceGroups/cli_test_cosmosdb_gremlin_graph000001/providers/Microsoft.DocumentDB/databaseAccounts/cli000004/gremlinDatabases/cli000002/graphs/cli000003/operationResults/b67b36de-da9c-433f-a49d-a8eb142fdce7?api-version=2022-11-15
      pragma:
      - no-cache
      server:
      - Microsoft-HTTPAPI/2.0
      strict-transport-security:
      - max-age=31536000; includeSubDomains
      x-content-type-options:
      - nosniff
      x-ms-gatewayversion:
      - version=2.14.0
      x-ms-ratelimit-remaining-subscription-writes:
      - '1199'
    status:
      code: 202
      message: Accepted
- request:
    body: null
    headers:
      Accept:
      - '*/*'
      Accept-Encoding:
      - gzip, deflate
      CommandName:
      - cosmosdb gremlin graph create
      Connection:
      - keep-alive
      ParameterSetName:
      - -g -a -d -n -p --ttl --conflict-resolution-policy --idx
      User-Agent:
      - AZURECLI/2.47.0 azsdk-python-mgmt-cosmosdb/9.0.0 Python/3.10.2 (Windows-10-10.0.19045-SP0)
    method: GET
    uri: https://management.azure.com/subscriptions/00000000-0000-0000-0000-000000000000/providers/Microsoft.DocumentDB/locations/westus/operationsStatus/b67b36de-da9c-433f-a49d-a8eb142fdce7?api-version=2022-11-15
  response:
    body:
      string: '{"status":"Enqueued"}'
    headers:
      cache-control:
      - no-store, no-cache
      content-length:
      - '21'
      content-type:
      - application/json
      date:
      - Mon, 17 Apr 2023 21:20:07 GMT
      pragma:
      - no-cache
      server:
      - Microsoft-HTTPAPI/2.0
      strict-transport-security:
      - max-age=31536000; includeSubDomains
      transfer-encoding:
      - chunked
      vary:
      - Accept-Encoding
      x-content-type-options:
      - nosniff
      x-ms-gatewayversion:
      - version=2.14.0
    status:
      code: 200
      message: Ok
- request:
    body: null
    headers:
      Accept:
      - '*/*'
      Accept-Encoding:
      - gzip, deflate
      CommandName:
      - cosmosdb gremlin graph create
      Connection:
      - keep-alive
      ParameterSetName:
      - -g -a -d -n -p --ttl --conflict-resolution-policy --idx
      User-Agent:
      - AZURECLI/2.47.0 azsdk-python-mgmt-cosmosdb/9.0.0 Python/3.10.2 (Windows-10-10.0.19045-SP0)
    method: GET
    uri: https://management.azure.com/subscriptions/00000000-0000-0000-0000-000000000000/providers/Microsoft.DocumentDB/locations/westus/operationsStatus/b67b36de-da9c-433f-a49d-a8eb142fdce7?api-version=2022-11-15
  response:
    body:
      string: '{"status":"Succeeded"}'
    headers:
      cache-control:
      - no-store, no-cache
      content-length:
      - '22'
      content-type:
      - application/json
      date:
      - Mon, 17 Apr 2023 21:20:37 GMT
      pragma:
      - no-cache
      server:
      - Microsoft-HTTPAPI/2.0
      strict-transport-security:
      - max-age=31536000; includeSubDomains
      transfer-encoding:
      - chunked
      vary:
      - Accept-Encoding
      x-content-type-options:
      - nosniff
      x-ms-gatewayversion:
      - version=2.14.0
    status:
      code: 200
      message: Ok
- request:
    body: null
    headers:
      Accept:
      - '*/*'
      Accept-Encoding:
      - gzip, deflate
      CommandName:
      - cosmosdb gremlin graph create
      Connection:
      - keep-alive
      ParameterSetName:
      - -g -a -d -n -p --ttl --conflict-resolution-policy --idx
      User-Agent:
      - AZURECLI/2.47.0 azsdk-python-mgmt-cosmosdb/9.0.0 Python/3.10.2 (Windows-10-10.0.19045-SP0)
    method: GET
    uri: https://management.azure.com/subscriptions/00000000-0000-0000-0000-000000000000/resourceGroups/cli_test_cosmosdb_gremlin_graph000001/providers/Microsoft.DocumentDB/databaseAccounts/cli000004/gremlinDatabases/cli000002/graphs/cli000003?api-version=2022-11-15
  response:
    body:
      string: '{"id":"/subscriptions/00000000-0000-0000-0000-000000000000/resourceGroups/cli_test_cosmosdb_gremlin_graph000001/providers/Microsoft.DocumentDB/databaseAccounts/cli000004/gremlinDatabases/cli000002/graphs/cli000003","type":"Microsoft.DocumentDB/databaseAccounts/gremlinDatabases/graphs","name":"cli000003","properties":{"resource":{"id":"cli000003","indexingPolicy":{"indexingMode":"consistent","automatic":true,"includedPaths":[{"path":"/*"}],"excludedPaths":[{"path":"/headquarters/employees/?"},{"path":"/\"_etag\"/?"}]},"partitionKey":{"paths":["/thePartitionKey"],"kind":"Hash"},"defaultTtl":1000,"uniqueKeyPolicy":{"uniqueKeys":[]},"conflictResolutionPolicy":{"mode":"lastWriterWins","conflictResolutionPath":"/path","conflictResolutionProcedure":""},"backupPolicy":{"type":1},"geospatialConfig":{"type":"Geography"},"_rid":"ys5FAPj88Xw=","_ts":1681766412,"_self":"dbs/ys5FAA==/colls/ys5FAPj88Xw=/","_etag":"\"00003f26-0000-0700-0000-643db80c0000\"","_docs":"docs/","_sprocs":"sprocs/","_triggers":"triggers/","_udfs":"udfs/","_conflicts":"conflicts/","statistics":[{"id":"0","sizeInKB":0,"documentCount":0,"sampledDistinctPartitionKeyCount":0,"partitionKeys":[]}]}}}'
    headers:
      cache-control:
      - no-store, no-cache
      content-length:
      - '1172'
      content-type:
      - application/json
      date:
      - Mon, 17 Apr 2023 21:20:37 GMT
      pragma:
      - no-cache
      server:
      - Microsoft-HTTPAPI/2.0
      strict-transport-security:
      - max-age=31536000; includeSubDomains
      transfer-encoding:
      - chunked
      vary:
      - Accept-Encoding
      x-content-type-options:
      - nosniff
      x-ms-gatewayversion:
      - version=2.14.0
    status:
      code: 200
      message: Ok
- request:
    body: null
    headers:
      Accept:
      - application/json
      Accept-Encoding:
      - gzip, deflate
      CommandName:
      - cosmosdb gremlin graph update
      Connection:
      - keep-alive
      ParameterSetName:
      - -g -a -d -n --ttl
      User-Agent:
      - AZURECLI/2.47.0 azsdk-python-mgmt-cosmosdb/9.0.0 Python/3.10.2 (Windows-10-10.0.19045-SP0)
    method: GET
    uri: https://management.azure.com/subscriptions/00000000-0000-0000-0000-000000000000/resourceGroups/cli_test_cosmosdb_gremlin_graph000001/providers/Microsoft.DocumentDB/databaseAccounts/cli000004/gremlinDatabases/cli000002/graphs/cli000003?api-version=2022-11-15
  response:
    body:
      string: '{"id":"/subscriptions/00000000-0000-0000-0000-000000000000/resourceGroups/cli_test_cosmosdb_gremlin_graph000001/providers/Microsoft.DocumentDB/databaseAccounts/cli000004/gremlinDatabases/cli000002/graphs/cli000003","type":"Microsoft.DocumentDB/databaseAccounts/gremlinDatabases/graphs","name":"cli000003","properties":{"resource":{"id":"cli000003","indexingPolicy":{"indexingMode":"consistent","automatic":true,"includedPaths":[{"path":"/*"}],"excludedPaths":[{"path":"/headquarters/employees/?"},{"path":"/\"_etag\"/?"}]},"partitionKey":{"paths":["/thePartitionKey"],"kind":"Hash"},"defaultTtl":1000,"uniqueKeyPolicy":{"uniqueKeys":[]},"conflictResolutionPolicy":{"mode":"lastWriterWins","conflictResolutionPath":"/path","conflictResolutionProcedure":""},"backupPolicy":{"type":1},"geospatialConfig":{"type":"Geography"},"_rid":"ys5FAPj88Xw=","_ts":1681766412,"_self":"dbs/ys5FAA==/colls/ys5FAPj88Xw=/","_etag":"\"00003f26-0000-0700-0000-643db80c0000\"","_docs":"docs/","_sprocs":"sprocs/","_triggers":"triggers/","_udfs":"udfs/","_conflicts":"conflicts/","statistics":[{"id":"0","sizeInKB":0,"documentCount":0,"sampledDistinctPartitionKeyCount":0,"partitionKeys":[]}]}}}'
    headers:
      cache-control:
      - no-store, no-cache
      content-length:
      - '1172'
      content-type:
      - application/json
      date:
      - Mon, 17 Apr 2023 21:20:38 GMT
      pragma:
      - no-cache
      server:
      - Microsoft-HTTPAPI/2.0
      strict-transport-security:
      - max-age=31536000; includeSubDomains
      transfer-encoding:
      - chunked
      vary:
      - Accept-Encoding
      x-content-type-options:
      - nosniff
      x-ms-gatewayversion:
      - version=2.14.0
    status:
      code: 200
      message: Ok
- request:
    body: '{"properties": {"resource": {"id": "cli000003", "indexingPolicy": {"automatic":
      true, "indexingMode": "consistent", "includedPaths": [{"path": "/*"}], "excludedPaths":
      [{"path": "/headquarters/employees/?"}, {"path": "/\"_etag\"/?"}]}, "partitionKey":
      {"paths": ["/thePartitionKey"], "kind": "Hash"}, "defaultTtl": 2000, "uniqueKeyPolicy":
      {"uniqueKeys": []}, "conflictResolutionPolicy": {"mode": "lastWriterWins", "conflictResolutionPath":
      "/path", "conflictResolutionProcedure": ""}}, "options": {}}}'
    headers:
      Accept:
      - application/json
      Accept-Encoding:
      - gzip, deflate
      CommandName:
      - cosmosdb gremlin graph update
      Connection:
      - keep-alive
      Content-Length:
      - '502'
      Content-Type:
      - application/json
      ParameterSetName:
      - -g -a -d -n --ttl
      User-Agent:
      - AZURECLI/2.47.0 azsdk-python-mgmt-cosmosdb/9.0.0 Python/3.10.2 (Windows-10-10.0.19045-SP0)
    method: PUT
    uri: https://management.azure.com/subscriptions/00000000-0000-0000-0000-000000000000/resourceGroups/cli_test_cosmosdb_gremlin_graph000001/providers/Microsoft.DocumentDB/databaseAccounts/cli000004/gremlinDatabases/cli000002/graphs/cli000003?api-version=2022-11-15
  response:
    body:
      string: '{"status":"Enqueued"}'
    headers:
      azure-asyncoperation:
      - https://management.azure.com/subscriptions/00000000-0000-0000-0000-000000000000/providers/Microsoft.DocumentDB/locations/westus/operationsStatus/4918c58f-154a-4974-a20c-93898dd4d398?api-version=2022-11-15
      cache-control:
      - no-store, no-cache
      content-length:
      - '21'
      content-type:
      - application/json
      date:
      - Mon, 17 Apr 2023 21:20:39 GMT
      location:
      - https://management.azure.com/subscriptions/00000000-0000-0000-0000-000000000000/resourceGroups/cli_test_cosmosdb_gremlin_graph000001/providers/Microsoft.DocumentDB/databaseAccounts/cli000004/gremlinDatabases/cli000002/graphs/cli000003/operationResults/4918c58f-154a-4974-a20c-93898dd4d398?api-version=2022-11-15
      pragma:
      - no-cache
      server:
      - Microsoft-HTTPAPI/2.0
      strict-transport-security:
      - max-age=31536000; includeSubDomains
      x-content-type-options:
      - nosniff
      x-ms-gatewayversion:
      - version=2.14.0
      x-ms-ratelimit-remaining-subscription-writes:
      - '1199'
    status:
      code: 202
      message: Accepted
- request:
    body: null
    headers:
      Accept:
      - '*/*'
      Accept-Encoding:
      - gzip, deflate
      CommandName:
      - cosmosdb gremlin graph update
      Connection:
      - keep-alive
      ParameterSetName:
      - -g -a -d -n --ttl
      User-Agent:
      - AZURECLI/2.47.0 azsdk-python-mgmt-cosmosdb/9.0.0 Python/3.10.2 (Windows-10-10.0.19045-SP0)
    method: GET
    uri: https://management.azure.com/subscriptions/00000000-0000-0000-0000-000000000000/providers/Microsoft.DocumentDB/locations/westus/operationsStatus/4918c58f-154a-4974-a20c-93898dd4d398?api-version=2022-11-15
  response:
    body:
      string: '{"status":"Enqueued"}'
    headers:
      cache-control:
      - no-store, no-cache
      content-length:
      - '21'
      content-type:
      - application/json
      date:
      - Mon, 17 Apr 2023 21:20:39 GMT
      pragma:
      - no-cache
      server:
      - Microsoft-HTTPAPI/2.0
      strict-transport-security:
      - max-age=31536000; includeSubDomains
      transfer-encoding:
      - chunked
      vary:
      - Accept-Encoding
      x-content-type-options:
      - nosniff
      x-ms-gatewayversion:
      - version=2.14.0
    status:
      code: 200
      message: Ok
- request:
    body: null
    headers:
      Accept:
      - '*/*'
      Accept-Encoding:
      - gzip, deflate
      CommandName:
      - cosmosdb gremlin graph update
      Connection:
      - keep-alive
      ParameterSetName:
      - -g -a -d -n --ttl
      User-Agent:
      - AZURECLI/2.47.0 azsdk-python-mgmt-cosmosdb/9.0.0 Python/3.10.2 (Windows-10-10.0.19045-SP0)
    method: GET
    uri: https://management.azure.com/subscriptions/00000000-0000-0000-0000-000000000000/providers/Microsoft.DocumentDB/locations/westus/operationsStatus/4918c58f-154a-4974-a20c-93898dd4d398?api-version=2022-11-15
  response:
    body:
      string: '{"status":"Succeeded"}'
    headers:
      cache-control:
      - no-store, no-cache
      content-length:
      - '22'
      content-type:
      - application/json
      date:
      - Mon, 17 Apr 2023 21:21:10 GMT
      pragma:
      - no-cache
      server:
      - Microsoft-HTTPAPI/2.0
      strict-transport-security:
      - max-age=31536000; includeSubDomains
      transfer-encoding:
      - chunked
      vary:
      - Accept-Encoding
      x-content-type-options:
      - nosniff
      x-ms-gatewayversion:
      - version=2.14.0
    status:
      code: 200
      message: Ok
- request:
    body: null
    headers:
      Accept:
      - '*/*'
      Accept-Encoding:
      - gzip, deflate
      CommandName:
      - cosmosdb gremlin graph update
      Connection:
      - keep-alive
      ParameterSetName:
      - -g -a -d -n --ttl
      User-Agent:
      - AZURECLI/2.47.0 azsdk-python-mgmt-cosmosdb/9.0.0 Python/3.10.2 (Windows-10-10.0.19045-SP0)
    method: GET
    uri: https://management.azure.com/subscriptions/00000000-0000-0000-0000-000000000000/resourceGroups/cli_test_cosmosdb_gremlin_graph000001/providers/Microsoft.DocumentDB/databaseAccounts/cli000004/gremlinDatabases/cli000002/graphs/cli000003?api-version=2022-11-15
  response:
    body:
      string: '{"id":"/subscriptions/00000000-0000-0000-0000-000000000000/resourceGroups/cli_test_cosmosdb_gremlin_graph000001/providers/Microsoft.DocumentDB/databaseAccounts/cli000004/gremlinDatabases/cli000002/graphs/cli000003","type":"Microsoft.DocumentDB/databaseAccounts/gremlinDatabases/graphs","name":"cli000003","properties":{"resource":{"id":"cli000003","indexingPolicy":{"indexingMode":"consistent","automatic":true,"includedPaths":[{"path":"/*"}],"excludedPaths":[{"path":"/headquarters/employees/?"},{"path":"/\"_etag\"/?"}]},"partitionKey":{"paths":["/thePartitionKey"],"kind":"Hash"},"defaultTtl":2000,"uniqueKeyPolicy":{"uniqueKeys":[]},"conflictResolutionPolicy":{"mode":"lastWriterWins","conflictResolutionPath":"/path","conflictResolutionProcedure":""},"backupPolicy":{"type":1},"geospatialConfig":{"type":"Geography"},"_rid":"ys5FAPj88Xw=","_ts":1681766444,"_self":"dbs/ys5FAA==/colls/ys5FAPj88Xw=/","_etag":"\"00004526-0000-0700-0000-643db82c0000\"","_docs":"docs/","_sprocs":"sprocs/","_triggers":"triggers/","_udfs":"udfs/","_conflicts":"conflicts/","statistics":[{"id":"0","sizeInKB":0,"documentCount":0,"sampledDistinctPartitionKeyCount":0,"partitionKeys":[]}]}}}'
    headers:
      cache-control:
      - no-store, no-cache
      content-length:
      - '1172'
      content-type:
      - application/json
      date:
      - Mon, 17 Apr 2023 21:21:10 GMT
      pragma:
      - no-cache
      server:
      - Microsoft-HTTPAPI/2.0
      strict-transport-security:
      - max-age=31536000; includeSubDomains
      transfer-encoding:
      - chunked
      vary:
      - Accept-Encoding
      x-content-type-options:
      - nosniff
      x-ms-gatewayversion:
      - version=2.14.0
    status:
      code: 200
      message: Ok
- request:
    body: null
    headers:
      Accept:
      - application/json
      Accept-Encoding:
      - gzip, deflate
      CommandName:
      - cosmosdb gremlin graph show
      Connection:
      - keep-alive
      ParameterSetName:
      - -g -a -d -n
      User-Agent:
      - AZURECLI/2.47.0 azsdk-python-mgmt-cosmosdb/9.0.0 Python/3.10.2 (Windows-10-10.0.19045-SP0)
    method: GET
    uri: https://management.azure.com/subscriptions/00000000-0000-0000-0000-000000000000/resourceGroups/cli_test_cosmosdb_gremlin_graph000001/providers/Microsoft.DocumentDB/databaseAccounts/cli000004/gremlinDatabases/cli000002/graphs/cli000003?api-version=2022-11-15
  response:
    body:
      string: '{"id":"/subscriptions/00000000-0000-0000-0000-000000000000/resourceGroups/cli_test_cosmosdb_gremlin_graph000001/providers/Microsoft.DocumentDB/databaseAccounts/cli000004/gremlinDatabases/cli000002/graphs/cli000003","type":"Microsoft.DocumentDB/databaseAccounts/gremlinDatabases/graphs","name":"cli000003","properties":{"resource":{"id":"cli000003","indexingPolicy":{"indexingMode":"consistent","automatic":true,"includedPaths":[{"path":"/*"}],"excludedPaths":[{"path":"/headquarters/employees/?"},{"path":"/\"_etag\"/?"}]},"partitionKey":{"paths":["/thePartitionKey"],"kind":"Hash"},"defaultTtl":2000,"uniqueKeyPolicy":{"uniqueKeys":[]},"conflictResolutionPolicy":{"mode":"lastWriterWins","conflictResolutionPath":"/path","conflictResolutionProcedure":""},"backupPolicy":{"type":1},"geospatialConfig":{"type":"Geography"},"_rid":"ys5FAPj88Xw=","_ts":1681766444,"_self":"dbs/ys5FAA==/colls/ys5FAPj88Xw=/","_etag":"\"00004526-0000-0700-0000-643db82c0000\"","_docs":"docs/","_sprocs":"sprocs/","_triggers":"triggers/","_udfs":"udfs/","_conflicts":"conflicts/","statistics":[{"id":"0","sizeInKB":0,"documentCount":0,"sampledDistinctPartitionKeyCount":0,"partitionKeys":[]}]}}}'
    headers:
      cache-control:
      - no-store, no-cache
      content-length:
      - '1172'
      content-type:
      - application/json
      date:
      - Mon, 17 Apr 2023 21:21:10 GMT
      pragma:
      - no-cache
      server:
      - Microsoft-HTTPAPI/2.0
      strict-transport-security:
      - max-age=31536000; includeSubDomains
      transfer-encoding:
      - chunked
      vary:
      - Accept-Encoding
      x-content-type-options:
      - nosniff
      x-ms-gatewayversion:
      - version=2.14.0
    status:
      code: 200
      message: Ok
- request:
    body: null
    headers:
      Accept:
      - application/json
      Accept-Encoding:
      - gzip, deflate
      CommandName:
      - cosmosdb gremlin graph list
      Connection:
      - keep-alive
      ParameterSetName:
      - -g -a -d
      User-Agent:
      - AZURECLI/2.47.0 azsdk-python-mgmt-cosmosdb/9.0.0 Python/3.10.2 (Windows-10-10.0.19045-SP0)
    method: GET
    uri: https://management.azure.com/subscriptions/00000000-0000-0000-0000-000000000000/resourceGroups/cli_test_cosmosdb_gremlin_graph000001/providers/Microsoft.DocumentDB/databaseAccounts/cli000004/gremlinDatabases/cli000002/graphs?api-version=2022-11-15
  response:
    body:
      string: '{"value":[{"id":"/subscriptions/00000000-0000-0000-0000-000000000000/resourceGroups/cli_test_cosmosdb_gremlin_graph000001/providers/Microsoft.DocumentDB/databaseAccounts/cli000004/gremlinDatabases/cli000002/graphs/cli000003","type":"Microsoft.DocumentDB/databaseAccounts/gremlinDatabases/graphs","name":"cli000003","properties":{"resource":{"id":"cli000003","indexingPolicy":{"indexingMode":"consistent","automatic":true,"includedPaths":[{"path":"/*"}],"excludedPaths":[{"path":"/headquarters/employees/?"},{"path":"/\"_etag\"/?"}]},"partitionKey":{"paths":["/thePartitionKey"],"kind":"Hash"},"defaultTtl":2000,"uniqueKeyPolicy":{"uniqueKeys":[]},"conflictResolutionPolicy":{"mode":"lastWriterWins","conflictResolutionPath":"/path","conflictResolutionProcedure":""},"backupPolicy":{"type":1},"geospatialConfig":{"type":"Geography"},"_rid":"ys5FAPj88Xw=","_ts":1681766444,"_self":"dbs/ys5FAA==/colls/ys5FAPj88Xw=/","_etag":"\"00004526-0000-0700-0000-643db82c0000\"","_docs":"docs/","_sprocs":"sprocs/","_triggers":"triggers/","_udfs":"udfs/","_conflicts":"conflicts/"}}}]}'
    headers:
      cache-control:
      - no-store, no-cache
      content-length:
      - '1071'
      content-type:
      - application/json
      date:
      - Mon, 17 Apr 2023 21:21:12 GMT
      pragma:
      - no-cache
      server:
      - Microsoft-HTTPAPI/2.0
      strict-transport-security:
      - max-age=31536000; includeSubDomains
      transfer-encoding:
      - chunked
      vary:
      - Accept-Encoding
      x-content-type-options:
      - nosniff
      x-ms-gatewayversion:
      - version=2.14.0
    status:
      code: 200
      message: Ok
- request:
    body: null
    headers:
      Accept:
      - application/json
      Accept-Encoding:
      - gzip, deflate
      CommandName:
      - cosmosdb gremlin graph exists
      Connection:
      - keep-alive
      ParameterSetName:
      - -g -a -d -n
      User-Agent:
      - AZURECLI/2.47.0 azsdk-python-mgmt-cosmosdb/9.0.0 Python/3.10.2 (Windows-10-10.0.19045-SP0)
    method: GET
    uri: https://management.azure.com/subscriptions/00000000-0000-0000-0000-000000000000/resourceGroups/cli_test_cosmosdb_gremlin_graph000001/providers/Microsoft.DocumentDB/databaseAccounts/cli000004/gremlinDatabases/cli000002/graphs/cli000003?api-version=2022-11-15
  response:
    body:
      string: '{"id":"/subscriptions/00000000-0000-0000-0000-000000000000/resourceGroups/cli_test_cosmosdb_gremlin_graph000001/providers/Microsoft.DocumentDB/databaseAccounts/cli000004/gremlinDatabases/cli000002/graphs/cli000003","type":"Microsoft.DocumentDB/databaseAccounts/gremlinDatabases/graphs","name":"cli000003","properties":{"resource":{"id":"cli000003","indexingPolicy":{"indexingMode":"consistent","automatic":true,"includedPaths":[{"path":"/*"}],"excludedPaths":[{"path":"/headquarters/employees/?"},{"path":"/\"_etag\"/?"}]},"partitionKey":{"paths":["/thePartitionKey"],"kind":"Hash"},"defaultTtl":2000,"uniqueKeyPolicy":{"uniqueKeys":[]},"conflictResolutionPolicy":{"mode":"lastWriterWins","conflictResolutionPath":"/path","conflictResolutionProcedure":""},"backupPolicy":{"type":1},"geospatialConfig":{"type":"Geography"},"_rid":"ys5FAPj88Xw=","_ts":1681766444,"_self":"dbs/ys5FAA==/colls/ys5FAPj88Xw=/","_etag":"\"00004526-0000-0700-0000-643db82c0000\"","_docs":"docs/","_sprocs":"sprocs/","_triggers":"triggers/","_udfs":"udfs/","_conflicts":"conflicts/","statistics":[{"id":"0","sizeInKB":0,"documentCount":0,"sampledDistinctPartitionKeyCount":0,"partitionKeys":[]}]}}}'
    headers:
      cache-control:
      - no-store, no-cache
      content-length:
      - '1172'
      content-type:
      - application/json
      date:
      - Mon, 17 Apr 2023 21:21:12 GMT
      pragma:
      - no-cache
      server:
      - Microsoft-HTTPAPI/2.0
      strict-transport-security:
      - max-age=31536000; includeSubDomains
      transfer-encoding:
      - chunked
      vary:
      - Accept-Encoding
      x-content-type-options:
      - nosniff
      x-ms-gatewayversion:
      - version=2.14.0
    status:
      code: 200
      message: Ok
- request:
    body: null
    headers:
      Accept:
      - '*/*'
      Accept-Encoding:
      - gzip, deflate
      CommandName:
      - cosmosdb gremlin graph delete
      Connection:
      - keep-alive
      Content-Length:
      - '0'
      ParameterSetName:
      - -g -a -d -n --yes
      User-Agent:
      - AZURECLI/2.47.0 azsdk-python-mgmt-cosmosdb/9.0.0 Python/3.10.2 (Windows-10-10.0.19045-SP0)
    method: DELETE
    uri: https://management.azure.com/subscriptions/00000000-0000-0000-0000-000000000000/resourceGroups/cli_test_cosmosdb_gremlin_graph000001/providers/Microsoft.DocumentDB/databaseAccounts/cli000004/gremlinDatabases/cli000002/graphs/cli000003?api-version=2022-11-15
  response:
    body:
      string: '{"status":"Enqueued"}'
    headers:
      azure-asyncoperation:
      - https://management.azure.com/subscriptions/00000000-0000-0000-0000-000000000000/providers/Microsoft.DocumentDB/locations/westus/operationsStatus/67b4c791-f207-4c8f-a342-0cad63231b41?api-version=2022-11-15
      cache-control:
      - no-store, no-cache
      content-length:
      - '21'
      content-type:
      - application/json
      date:
      - Mon, 17 Apr 2023 21:21:13 GMT
      location:
      - https://management.azure.com/subscriptions/00000000-0000-0000-0000-000000000000/resourceGroups/cli_test_cosmosdb_gremlin_graph000001/providers/Microsoft.DocumentDB/databaseAccounts/cli000004/gremlinDatabases/cli000002/graphs/cli000003/operationResults/67b4c791-f207-4c8f-a342-0cad63231b41?api-version=2022-11-15
      pragma:
      - no-cache
      server:
      - Microsoft-HTTPAPI/2.0
      strict-transport-security:
      - max-age=31536000; includeSubDomains
      x-content-type-options:
      - nosniff
      x-ms-gatewayversion:
      - version=2.14.0
      x-ms-ratelimit-remaining-subscription-deletes:
      - '14999'
    status:
      code: 202
      message: Accepted
- request:
    body: null
    headers:
      Accept:
      - '*/*'
      Accept-Encoding:
      - gzip, deflate
      CommandName:
      - cosmosdb gremlin graph delete
      Connection:
      - keep-alive
      ParameterSetName:
      - -g -a -d -n --yes
      User-Agent:
      - AZURECLI/2.47.0 azsdk-python-mgmt-cosmosdb/9.0.0 Python/3.10.2 (Windows-10-10.0.19045-SP0)
    method: GET
    uri: https://management.azure.com/subscriptions/00000000-0000-0000-0000-000000000000/providers/Microsoft.DocumentDB/locations/westus/operationsStatus/67b4c791-f207-4c8f-a342-0cad63231b41?api-version=2022-11-15
  response:
    body:
      string: '{"status":"Enqueued"}'
    headers:
      cache-control:
      - no-store, no-cache
      content-length:
      - '21'
      content-type:
      - application/json
      date:
      - Mon, 17 Apr 2023 21:21:14 GMT
      pragma:
      - no-cache
      server:
      - Microsoft-HTTPAPI/2.0
      strict-transport-security:
      - max-age=31536000; includeSubDomains
      transfer-encoding:
      - chunked
      vary:
      - Accept-Encoding
      x-content-type-options:
      - nosniff
      x-ms-gatewayversion:
      - version=2.14.0
    status:
      code: 200
      message: Ok
- request:
    body: null
    headers:
      Accept:
      - '*/*'
      Accept-Encoding:
      - gzip, deflate
      CommandName:
      - cosmosdb gremlin graph delete
      Connection:
      - keep-alive
      ParameterSetName:
      - -g -a -d -n --yes
      User-Agent:
      - AZURECLI/2.47.0 azsdk-python-mgmt-cosmosdb/9.0.0 Python/3.10.2 (Windows-10-10.0.19045-SP0)
    method: GET
    uri: https://management.azure.com/subscriptions/00000000-0000-0000-0000-000000000000/providers/Microsoft.DocumentDB/locations/westus/operationsStatus/67b4c791-f207-4c8f-a342-0cad63231b41?api-version=2022-11-15
  response:
    body:
      string: '{"status":"Succeeded"}'
    headers:
      cache-control:
      - no-store, no-cache
      content-length:
      - '22'
      content-type:
      - application/json
      date:
      - Mon, 17 Apr 2023 21:21:44 GMT
      pragma:
      - no-cache
      server:
      - Microsoft-HTTPAPI/2.0
      strict-transport-security:
      - max-age=31536000; includeSubDomains
      transfer-encoding:
      - chunked
      vary:
      - Accept-Encoding
      x-content-type-options:
      - nosniff
      x-ms-gatewayversion:
      - version=2.14.0
    status:
      code: 200
      message: Ok
- request:
    body: null
    headers:
      Accept:
      - application/json
      Accept-Encoding:
      - gzip, deflate
      CommandName:
      - cosmosdb gremlin graph list
      Connection:
      - keep-alive
      ParameterSetName:
      - -g -a -d
      User-Agent:
      - AZURECLI/2.47.0 azsdk-python-mgmt-cosmosdb/9.0.0 Python/3.10.2 (Windows-10-10.0.19045-SP0)
    method: GET
    uri: https://management.azure.com/subscriptions/00000000-0000-0000-0000-000000000000/resourceGroups/cli_test_cosmosdb_gremlin_graph000001/providers/Microsoft.DocumentDB/databaseAccounts/cli000004/gremlinDatabases/cli000002/graphs?api-version=2022-11-15
  response:
    body:
      string: '{"value":[]}'
    headers:
      cache-control:
      - no-store, no-cache
      content-length:
      - '12'
      content-type:
      - application/json
      date:
      - Mon, 17 Apr 2023 21:21:44 GMT
      pragma:
      - no-cache
      server:
      - Microsoft-HTTPAPI/2.0
      strict-transport-security:
      - max-age=31536000; includeSubDomains
      transfer-encoding:
      - chunked
      vary:
      - Accept-Encoding
      x-content-type-options:
      - nosniff
      x-ms-gatewayversion:
      - version=2.14.0
    status:
      code: 200
      message: Ok
version: 1
