interactions:
- request:
    body: null
    headers:
      Accept:
      - application/json
      Accept-Encoding:
      - gzip, deflate
      CommandName:
      - cosmosdb create
      Connection:
      - keep-alive
      ParameterSetName:
      - -n -g --enable-burst-capacity
      User-Agent:
      - AZURECLI/2.47.0 azsdk-python-azure-mgmt-resource/22.0.0 Python/3.8.10 (Windows-10-10.0.22621-SP0)
    method: GET
    uri: https://management.azure.com/subscriptions/00000000-0000-0000-0000-000000000000/resourcegroups/cosmosTest?api-version=2022-09-01
  response:
    body:
      string: '{"id":"/subscriptions/00000000-0000-0000-0000-000000000000/resourceGroups/cosmosTest","name":"cosmosTest","type":"Microsoft.Resources/resourceGroups","location":"westus","tags":{"DONT
        CREATE NEW RESOURCES HERE":"TRUE"},"properties":{"provisioningState":"Succeeded"}}'
    headers:
      cache-control:
      - no-cache
      content-length:
      - '266'
      content-type:
      - application/json; charset=utf-8
      date:
      - Thu, 13 Apr 2023 05:20:33 GMT
      expires:
      - '-1'
      pragma:
      - no-cache
      strict-transport-security:
      - max-age=31536000; includeSubDomains
      vary:
      - Accept-Encoding
      x-content-type-options:
      - nosniff
    status:
      code: 200
      message: OK
- request:
    body: '{"location": "westus", "kind": "GlobalDocumentDB", "properties": {"locations":
      [{"locationName": "westus", "failoverPriority": 0, "isZoneRedundant": false}],
      "databaseAccountOfferType": "Standard", "apiProperties": {}, "createMode": "Default",
      "enableBurstCapacity": true}}'
    headers:
      Accept:
      - application/json
      Accept-Encoding:
      - gzip, deflate
      CommandName:
      - cosmosdb create
      Connection:
      - keep-alive
      Content-Length:
      - '273'
      Content-Type:
      - application/json
      ParameterSetName:
      - -n -g --enable-burst-capacity
      User-Agent:
      - AZURECLI/2.47.0 azsdk-python-mgmt-cosmosdb/0.7.0 Python/3.8.10 (Windows-10-10.0.22621-SP0)
    method: PUT
    uri: https://management.azure.com/subscriptions/00000000-0000-0000-0000-000000000000/resourceGroups/cosmosTest/providers/Microsoft.DocumentDB/databaseAccounts/burst-test-38129749813?api-version=2023-03-01-preview
  response:
    body:
      string: '{"id":"/subscriptions/00000000-0000-0000-0000-000000000000/resourceGroups/cosmosTest/providers/Microsoft.DocumentDB/databaseAccounts/burst-test-38129749813","name":"burst-test-38129749813","location":"West
        US","type":"Microsoft.DocumentDB/databaseAccounts","kind":"GlobalDocumentDB","tags":{},"systemData":{"createdAt":"2023-04-13T05:20:38.3221797Z"},"properties":{"provisioningState":"Creating","publicNetworkAccess":"Enabled","enableAutomaticFailover":false,"enableMultipleWriteLocations":false,"enablePartitionKeyMonitor":false,"isVirtualNetworkFilterEnabled":false,"virtualNetworkRules":[],"EnabledApiTypes":"Sql","disableKeyBasedMetadataWriteAccess":false,"enableFreeTier":false,"enableAnalyticalStorage":false,"analyticalStorageConfiguration":{"schemaType":"WellDefined"},"instanceId":"22fd5a29-bc2c-474d-98cd-dc65ca8154d7","databaseAccountOfferType":"Standard","enableCassandraConnector":false,"connectorOffer":"","enableMaterializedViews":false,"defaultIdentity":"","networkAclBypass":"None","disableLocalAuth":false,"enablePartitionMerge":false,"enableBurstCapacity":true,"minimalTlsVersion":"Tls","consistencyPolicy":{"defaultConsistencyLevel":"Session","maxIntervalInSeconds":5,"maxStalenessPrefix":100},"configurationOverrides":{},"writeLocations":[{"id":"burst-test-38129749813-westus","locationName":"West
        US","provisioningState":"Creating","failoverPriority":0,"isZoneRedundant":false}],"readLocations":[{"id":"burst-test-38129749813-westus","locationName":"West
        US","provisioningState":"Creating","failoverPriority":0,"isZoneRedundant":false}],"locations":[{"id":"burst-test-38129749813-westus","locationName":"West
        US","provisioningState":"Creating","failoverPriority":0,"isZoneRedundant":false}],"failoverPolicies":[{"id":"burst-test-38129749813-westus","locationName":"West
        US","failoverPriority":0}],"cors":[],"capabilities":[],"ipRules":[],"backupPolicy":{"type":"Periodic","periodicModeProperties":{"backupIntervalInMinutes":240,"backupRetentionIntervalInHours":8,"backupStorageRedundancy":"Invalid"}},"networkAclBypassResourceIds":[],"diagnosticLogSettings":{"enableFullTextQuery":"None"},"keysMetadata":{"primaryMasterKey":{"generationTime":"2023-04-13T05:20:38.3221797Z"},"secondaryMasterKey":{"generationTime":"2023-04-13T05:20:38.3221797Z"},"primaryReadonlyMasterKey":{"generationTime":"2023-04-13T05:20:38.3221797Z"},"secondaryReadonlyMasterKey":{"generationTime":"2023-04-13T05:20:38.3221797Z"}}},"identity":{"type":"None"}}'
    headers:
      azure-asyncoperation:
      - https://management.azure.com/subscriptions/00000000-0000-0000-0000-000000000000/providers/Microsoft.DocumentDB/locations/westus/operationsStatus/9169aa54-cb58-481b-a318-c1e9d477ce3d?api-version=2023-03-01-preview
      cache-control:
      - no-store, no-cache
      content-length:
      - '2453'
      content-type:
      - application/json
      date:
      - Thu, 13 Apr 2023 05:20:41 GMT
      location:
      - https://management.azure.com/subscriptions/00000000-0000-0000-0000-000000000000/resourceGroups/cosmosTest/providers/Microsoft.DocumentDB/databaseAccounts/burst-test-38129749813/operationResults/9169aa54-cb58-481b-a318-c1e9d477ce3d?api-version=2023-03-01-preview
      pragma:
      - no-cache
      server:
      - Microsoft-HTTPAPI/2.0
      strict-transport-security:
      - max-age=31536000; includeSubDomains
      x-content-type-options:
      - nosniff
      x-ms-gatewayversion:
      - version=2.14.0
      x-ms-ratelimit-remaining-subscription-writes:
      - '1199'
    status:
      code: 200
      message: Ok
- request:
    body: null
    headers:
      Accept:
      - '*/*'
      Accept-Encoding:
      - gzip, deflate
      CommandName:
      - cosmosdb create
      Connection:
      - keep-alive
      ParameterSetName:
      - -n -g --enable-burst-capacity
      User-Agent:
      - AZURECLI/2.47.0 azsdk-python-mgmt-cosmosdb/0.7.0 Python/3.8.10 (Windows-10-10.0.22621-SP0)
    method: GET
    uri: https://management.azure.com/subscriptions/00000000-0000-0000-0000-000000000000/providers/Microsoft.DocumentDB/locations/westus/operationsStatus/9169aa54-cb58-481b-a318-c1e9d477ce3d?api-version=2023-03-01-preview
  response:
    body:
      string: '{"status":"Enqueued"}'
    headers:
      cache-control:
      - no-store, no-cache
      content-length:
      - '21'
      content-type:
      - application/json
      date:
      - Thu, 13 Apr 2023 05:20:41 GMT
      pragma:
      - no-cache
      server:
      - Microsoft-HTTPAPI/2.0
      strict-transport-security:
      - max-age=31536000; includeSubDomains
      x-content-type-options:
      - nosniff
      x-ms-gatewayversion:
      - version=2.14.0
    status:
      code: 200
      message: Ok
- request:
    body: null
    headers:
      Accept:
      - '*/*'
      Accept-Encoding:
      - gzip, deflate
      CommandName:
      - cosmosdb create
      Connection:
      - keep-alive
      ParameterSetName:
      - -n -g --enable-burst-capacity
      User-Agent:
      - AZURECLI/2.47.0 azsdk-python-mgmt-cosmosdb/0.7.0 Python/3.8.10 (Windows-10-10.0.22621-SP0)
    method: GET
    uri: https://management.azure.com/subscriptions/00000000-0000-0000-0000-000000000000/providers/Microsoft.DocumentDB/locations/westus/operationsStatus/9169aa54-cb58-481b-a318-c1e9d477ce3d?api-version=2023-03-01-preview
  response:
    body:
      string: '{"status":"Dequeued"}'
    headers:
      cache-control:
      - no-store, no-cache
      content-length:
      - '21'
      content-type:
      - application/json
      date:
      - Thu, 13 Apr 2023 05:21:11 GMT
      pragma:
      - no-cache
      server:
      - Microsoft-HTTPAPI/2.0
      strict-transport-security:
      - max-age=31536000; includeSubDomains
      x-content-type-options:
      - nosniff
      x-ms-gatewayversion:
      - version=2.14.0
    status:
      code: 200
      message: Ok
- request:
    body: null
    headers:
      Accept:
      - '*/*'
      Accept-Encoding:
      - gzip, deflate
      CommandName:
      - cosmosdb create
      Connection:
      - keep-alive
      ParameterSetName:
      - -n -g --enable-burst-capacity
      User-Agent:
      - AZURECLI/2.47.0 azsdk-python-mgmt-cosmosdb/0.7.0 Python/3.8.10 (Windows-10-10.0.22621-SP0)
    method: GET
    uri: https://management.azure.com/subscriptions/00000000-0000-0000-0000-000000000000/providers/Microsoft.DocumentDB/locations/westus/operationsStatus/9169aa54-cb58-481b-a318-c1e9d477ce3d?api-version=2023-03-01-preview
  response:
    body:
      string: '{"status":"Dequeued"}'
    headers:
      cache-control:
      - no-store, no-cache
      content-length:
      - '21'
      content-type:
      - application/json
      date:
      - Thu, 13 Apr 2023 05:21:42 GMT
      pragma:
      - no-cache
      server:
      - Microsoft-HTTPAPI/2.0
      strict-transport-security:
      - max-age=31536000; includeSubDomains
      x-content-type-options:
      - nosniff
      x-ms-gatewayversion:
      - version=2.14.0
    status:
      code: 200
      message: Ok
- request:
    body: null
    headers:
      Accept:
      - '*/*'
      Accept-Encoding:
      - gzip, deflate
      CommandName:
      - cosmosdb create
      Connection:
      - keep-alive
      ParameterSetName:
      - -n -g --enable-burst-capacity
      User-Agent:
      - AZURECLI/2.47.0 azsdk-python-mgmt-cosmosdb/0.7.0 Python/3.8.10 (Windows-10-10.0.22621-SP0)
    method: GET
    uri: https://management.azure.com/subscriptions/00000000-0000-0000-0000-000000000000/providers/Microsoft.DocumentDB/locations/westus/operationsStatus/9169aa54-cb58-481b-a318-c1e9d477ce3d?api-version=2023-03-01-preview
  response:
    body:
      string: '{"status":"Dequeued"}'
    headers:
      cache-control:
      - no-store, no-cache
      content-length:
      - '21'
      content-type:
      - application/json
      date:
      - Thu, 13 Apr 2023 05:22:12 GMT
      pragma:
      - no-cache
      server:
      - Microsoft-HTTPAPI/2.0
      strict-transport-security:
      - max-age=31536000; includeSubDomains
      x-content-type-options:
      - nosniff
      x-ms-gatewayversion:
      - version=2.14.0
    status:
      code: 200
      message: Ok
- request:
    body: null
    headers:
      Accept:
      - '*/*'
      Accept-Encoding:
      - gzip, deflate
      CommandName:
      - cosmosdb create
      Connection:
      - keep-alive
      ParameterSetName:
      - -n -g --enable-burst-capacity
      User-Agent:
      - AZURECLI/2.47.0 azsdk-python-mgmt-cosmosdb/0.7.0 Python/3.8.10 (Windows-10-10.0.22621-SP0)
    method: GET
    uri: https://management.azure.com/subscriptions/00000000-0000-0000-0000-000000000000/providers/Microsoft.DocumentDB/locations/westus/operationsStatus/9169aa54-cb58-481b-a318-c1e9d477ce3d?api-version=2023-03-01-preview
  response:
    body:
      string: '{"status":"Succeeded"}'
    headers:
      cache-control:
      - no-store, no-cache
      content-length:
      - '22'
      content-type:
      - application/json
      date:
      - Thu, 13 Apr 2023 05:22:42 GMT
      pragma:
      - no-cache
      server:
      - Microsoft-HTTPAPI/2.0
      strict-transport-security:
      - max-age=31536000; includeSubDomains
      x-content-type-options:
      - nosniff
      x-ms-gatewayversion:
      - version=2.14.0
    status:
      code: 200
      message: Ok
- request:
    body: null
    headers:
      Accept:
      - '*/*'
      Accept-Encoding:
      - gzip, deflate
      CommandName:
      - cosmosdb create
      Connection:
      - keep-alive
      ParameterSetName:
      - -n -g --enable-burst-capacity
      User-Agent:
      - AZURECLI/2.47.0 azsdk-python-mgmt-cosmosdb/0.7.0 Python/3.8.10 (Windows-10-10.0.22621-SP0)
    method: GET
    uri: https://management.azure.com/subscriptions/00000000-0000-0000-0000-000000000000/resourceGroups/cosmosTest/providers/Microsoft.DocumentDB/databaseAccounts/burst-test-38129749813?api-version=2023-03-01-preview
  response:
    body:
      string: '{"id":"/subscriptions/00000000-0000-0000-0000-000000000000/resourceGroups/cosmosTest/providers/Microsoft.DocumentDB/databaseAccounts/burst-test-38129749813","name":"burst-test-38129749813","location":"West
        US","type":"Microsoft.DocumentDB/databaseAccounts","kind":"GlobalDocumentDB","tags":{},"systemData":{"createdAt":"2023-04-13T05:22:05.1108209Z"},"properties":{"provisioningState":"Succeeded","documentEndpoint":"https://burst-test-38129749813.documents.azure.com:443/","sqlEndpoint":"https://burst-test-38129749813.documents.azure.com:443/","publicNetworkAccess":"Enabled","enableAutomaticFailover":false,"enableMultipleWriteLocations":false,"enablePartitionKeyMonitor":false,"isVirtualNetworkFilterEnabled":false,"virtualNetworkRules":[],"EnabledApiTypes":"Sql","disableKeyBasedMetadataWriteAccess":false,"enableFreeTier":false,"enableAnalyticalStorage":false,"analyticalStorageConfiguration":{"schemaType":"WellDefined"},"instanceId":"22fd5a29-bc2c-474d-98cd-dc65ca8154d7","databaseAccountOfferType":"Standard","enableCassandraConnector":false,"connectorOffer":"","enableMaterializedViews":false,"defaultIdentity":"FirstPartyIdentity","networkAclBypass":"None","disableLocalAuth":false,"enablePartitionMerge":false,"enableBurstCapacity":true,"minimalTlsVersion":"Tls","consistencyPolicy":{"defaultConsistencyLevel":"Session","maxIntervalInSeconds":5,"maxStalenessPrefix":100},"configurationOverrides":{},"writeLocations":[{"id":"burst-test-38129749813-westus","locationName":"West
        US","documentEndpoint":"https://burst-test-38129749813-westus.documents.azure.com:443/","provisioningState":"Succeeded","failoverPriority":0,"isZoneRedundant":false}],"readLocations":[{"id":"burst-test-38129749813-westus","locationName":"West
        US","documentEndpoint":"https://burst-test-38129749813-westus.documents.azure.com:443/","provisioningState":"Succeeded","failoverPriority":0,"isZoneRedundant":false}],"locations":[{"id":"burst-test-38129749813-westus","locationName":"West
        US","documentEndpoint":"https://burst-test-38129749813-westus.documents.azure.com:443/","provisioningState":"Succeeded","failoverPriority":0,"isZoneRedundant":false}],"failoverPolicies":[{"id":"burst-test-38129749813-westus","locationName":"West
        US","failoverPriority":0}],"cors":[],"capabilities":[],"ipRules":[],"backupPolicy":{"type":"Periodic","periodicModeProperties":{"backupIntervalInMinutes":240,"backupRetentionIntervalInHours":8,"backupStorageRedundancy":"Geo"}},"networkAclBypassResourceIds":[],"diagnosticLogSettings":{"enableFullTextQuery":"None"},"keysMetadata":{"primaryMasterKey":{"generationTime":"2023-04-13T05:22:05.1108209Z"},"secondaryMasterKey":{"generationTime":"2023-04-13T05:22:05.1108209Z"},"primaryReadonlyMasterKey":{"generationTime":"2023-04-13T05:22:05.1108209Z"},"secondaryReadonlyMasterKey":{"generationTime":"2023-04-13T05:22:05.1108209Z"}}},"identity":{"type":"None"}}'
    headers:
      cache-control:
      - no-store, no-cache
      content-length:
      - '2872'
      content-type:
      - application/json
      date:
      - Thu, 13 Apr 2023 05:22:42 GMT
      pragma:
      - no-cache
      server:
      - Microsoft-HTTPAPI/2.0
      strict-transport-security:
      - max-age=31536000; includeSubDomains
      x-content-type-options:
      - nosniff
      x-ms-gatewayversion:
      - version=2.14.0
    status:
      code: 200
      message: Ok
- request:
    body: null
    headers:
      Accept:
      - application/json
      Accept-Encoding:
      - gzip, deflate
      CommandName:
      - cosmosdb create
      Connection:
      - keep-alive
      ParameterSetName:
      - -n -g --enable-burst-capacity
      User-Agent:
      - AZURECLI/2.47.0 azsdk-python-mgmt-cosmosdb/0.7.0 Python/3.8.10 (Windows-10-10.0.22621-SP0)
    method: GET
    uri: https://management.azure.com/subscriptions/00000000-0000-0000-0000-000000000000/resourceGroups/cosmosTest/providers/Microsoft.DocumentDB/databaseAccounts/burst-test-38129749813?api-version=2023-03-01-preview
  response:
    body:
      string: '{"id":"/subscriptions/00000000-0000-0000-0000-000000000000/resourceGroups/cosmosTest/providers/Microsoft.DocumentDB/databaseAccounts/burst-test-38129749813","name":"burst-test-38129749813","location":"West
        US","type":"Microsoft.DocumentDB/databaseAccounts","kind":"GlobalDocumentDB","tags":{},"systemData":{"createdAt":"2023-04-13T05:22:05.1108209Z"},"properties":{"provisioningState":"Succeeded","documentEndpoint":"https://burst-test-38129749813.documents.azure.com:443/","sqlEndpoint":"https://burst-test-38129749813.documents.azure.com:443/","publicNetworkAccess":"Enabled","enableAutomaticFailover":false,"enableMultipleWriteLocations":false,"enablePartitionKeyMonitor":false,"isVirtualNetworkFilterEnabled":false,"virtualNetworkRules":[],"EnabledApiTypes":"Sql","disableKeyBasedMetadataWriteAccess":false,"enableFreeTier":false,"enableAnalyticalStorage":false,"analyticalStorageConfiguration":{"schemaType":"WellDefined"},"instanceId":"22fd5a29-bc2c-474d-98cd-dc65ca8154d7","databaseAccountOfferType":"Standard","enableCassandraConnector":false,"connectorOffer":"","enableMaterializedViews":false,"defaultIdentity":"FirstPartyIdentity","networkAclBypass":"None","disableLocalAuth":false,"enablePartitionMerge":false,"enableBurstCapacity":true,"minimalTlsVersion":"Tls","consistencyPolicy":{"defaultConsistencyLevel":"Session","maxIntervalInSeconds":5,"maxStalenessPrefix":100},"configurationOverrides":{},"writeLocations":[{"id":"burst-test-38129749813-westus","locationName":"West
        US","documentEndpoint":"https://burst-test-38129749813-westus.documents.azure.com:443/","provisioningState":"Succeeded","failoverPriority":0,"isZoneRedundant":false}],"readLocations":[{"id":"burst-test-38129749813-westus","locationName":"West
        US","documentEndpoint":"https://burst-test-38129749813-westus.documents.azure.com:443/","provisioningState":"Succeeded","failoverPriority":0,"isZoneRedundant":false}],"locations":[{"id":"burst-test-38129749813-westus","locationName":"West
        US","documentEndpoint":"https://burst-test-38129749813-westus.documents.azure.com:443/","provisioningState":"Succeeded","failoverPriority":0,"isZoneRedundant":false}],"failoverPolicies":[{"id":"burst-test-38129749813-westus","locationName":"West
        US","failoverPriority":0}],"cors":[],"capabilities":[],"ipRules":[],"backupPolicy":{"type":"Periodic","periodicModeProperties":{"backupIntervalInMinutes":240,"backupRetentionIntervalInHours":8,"backupStorageRedundancy":"Geo"}},"networkAclBypassResourceIds":[],"diagnosticLogSettings":{"enableFullTextQuery":"None"},"keysMetadata":{"primaryMasterKey":{"generationTime":"2023-04-13T05:22:05.1108209Z"},"secondaryMasterKey":{"generationTime":"2023-04-13T05:22:05.1108209Z"},"primaryReadonlyMasterKey":{"generationTime":"2023-04-13T05:22:05.1108209Z"},"secondaryReadonlyMasterKey":{"generationTime":"2023-04-13T05:22:05.1108209Z"}}},"identity":{"type":"None"}}'
    headers:
      cache-control:
      - no-store, no-cache
      content-length:
      - '2872'
      content-type:
      - application/json
      date:
      - Thu, 13 Apr 2023 05:22:42 GMT
      pragma:
      - no-cache
      server:
      - Microsoft-HTTPAPI/2.0
      strict-transport-security:
      - max-age=31536000; includeSubDomains
      x-content-type-options:
      - nosniff
      x-ms-gatewayversion:
      - version=2.14.0
    status:
      code: 200
      message: Ok
- request:
    body: null
    headers:
      Accept:
      - application/json
      Accept-Encoding:
      - gzip, deflate
      CommandName:
      - cosmosdb show
      Connection:
      - keep-alive
      ParameterSetName:
      - -n -g
      User-Agent:
      - AZURECLI/2.47.0 azsdk-python-mgmt-cosmosdb/0.7.0 Python/3.8.10 (Windows-10-10.0.22621-SP0)
    method: GET
    uri: https://management.azure.com/subscriptions/00000000-0000-0000-0000-000000000000/resourceGroups/cosmosTest/providers/Microsoft.DocumentDB/databaseAccounts/burst-test-38129749813?api-version=2023-03-01-preview
  response:
    body:
      string: '{"id":"/subscriptions/00000000-0000-0000-0000-000000000000/resourceGroups/cosmosTest/providers/Microsoft.DocumentDB/databaseAccounts/burst-test-38129749813","name":"burst-test-38129749813","location":"West
        US","type":"Microsoft.DocumentDB/databaseAccounts","kind":"GlobalDocumentDB","tags":{},"systemData":{"createdAt":"2023-04-13T05:22:05.1108209Z"},"properties":{"provisioningState":"Succeeded","documentEndpoint":"https://burst-test-38129749813.documents.azure.com:443/","sqlEndpoint":"https://burst-test-38129749813.documents.azure.com:443/","publicNetworkAccess":"Enabled","enableAutomaticFailover":false,"enableMultipleWriteLocations":false,"enablePartitionKeyMonitor":false,"isVirtualNetworkFilterEnabled":false,"virtualNetworkRules":[],"EnabledApiTypes":"Sql","disableKeyBasedMetadataWriteAccess":false,"enableFreeTier":false,"enableAnalyticalStorage":false,"analyticalStorageConfiguration":{"schemaType":"WellDefined"},"instanceId":"22fd5a29-bc2c-474d-98cd-dc65ca8154d7","databaseAccountOfferType":"Standard","enableCassandraConnector":false,"connectorOffer":"","enableMaterializedViews":false,"defaultIdentity":"FirstPartyIdentity","networkAclBypass":"None","disableLocalAuth":false,"enablePartitionMerge":false,"enableBurstCapacity":true,"minimalTlsVersion":"Tls","consistencyPolicy":{"defaultConsistencyLevel":"Session","maxIntervalInSeconds":5,"maxStalenessPrefix":100},"configurationOverrides":{},"writeLocations":[{"id":"burst-test-38129749813-westus","locationName":"West
        US","documentEndpoint":"https://burst-test-38129749813-westus.documents.azure.com:443/","provisioningState":"Succeeded","failoverPriority":0,"isZoneRedundant":false}],"readLocations":[{"id":"burst-test-38129749813-westus","locationName":"West
        US","documentEndpoint":"https://burst-test-38129749813-westus.documents.azure.com:443/","provisioningState":"Succeeded","failoverPriority":0,"isZoneRedundant":false}],"locations":[{"id":"burst-test-38129749813-westus","locationName":"West
        US","documentEndpoint":"https://burst-test-38129749813-westus.documents.azure.com:443/","provisioningState":"Succeeded","failoverPriority":0,"isZoneRedundant":false}],"failoverPolicies":[{"id":"burst-test-38129749813-westus","locationName":"West
        US","failoverPriority":0}],"cors":[],"capabilities":[],"ipRules":[],"backupPolicy":{"type":"Periodic","periodicModeProperties":{"backupIntervalInMinutes":240,"backupRetentionIntervalInHours":8,"backupStorageRedundancy":"Geo"}},"networkAclBypassResourceIds":[],"diagnosticLogSettings":{"enableFullTextQuery":"None"},"keysMetadata":{"primaryMasterKey":{"generationTime":"2023-04-13T05:22:05.1108209Z"},"secondaryMasterKey":{"generationTime":"2023-04-13T05:22:05.1108209Z"},"primaryReadonlyMasterKey":{"generationTime":"2023-04-13T05:22:05.1108209Z"},"secondaryReadonlyMasterKey":{"generationTime":"2023-04-13T05:22:05.1108209Z"}}},"identity":{"type":"None"}}'
    headers:
      cache-control:
      - no-store, no-cache
      content-length:
      - '2872'
      content-type:
      - application/json
      date:
      - Thu, 13 Apr 2023 05:22:43 GMT
      pragma:
      - no-cache
      server:
      - Microsoft-HTTPAPI/2.0
      strict-transport-security:
      - max-age=31536000; includeSubDomains
      x-content-type-options:
      - nosniff
      x-ms-gatewayversion:
      - version=2.14.0
    status:
      code: 200
      message: Ok
- request:
    body: null
    headers:
      Accept:
      - application/json
      Accept-Encoding:
      - gzip, deflate
      CommandName:
      - cosmosdb create
      Connection:
      - keep-alive
      ParameterSetName:
      - -n -g --enable-burst-capacity
      User-Agent:
      - AZURECLI/2.47.0 azsdk-python-azure-mgmt-resource/22.0.0 Python/3.8.10 (Windows-10-10.0.22621-SP0)
    method: GET
    uri: https://management.azure.com/subscriptions/00000000-0000-0000-0000-000000000000/resourcegroups/cosmosTest?api-version=2022-09-01
  response:
    body:
      string: '{"id":"/subscriptions/00000000-0000-0000-0000-000000000000/resourceGroups/cosmosTest","name":"cosmosTest","type":"Microsoft.Resources/resourceGroups","location":"westus","tags":{"DONT
        CREATE NEW RESOURCES HERE":"TRUE"},"properties":{"provisioningState":"Succeeded"}}'
    headers:
      cache-control:
      - no-cache
      content-length:
      - '266'
      content-type:
      - application/json; charset=utf-8
      date:
      - Thu, 13 Apr 2023 05:22:44 GMT
      expires:
      - '-1'
      pragma:
      - no-cache
      strict-transport-security:
      - max-age=31536000; includeSubDomains
      vary:
      - Accept-Encoding
      x-content-type-options:
      - nosniff
    status:
      code: 200
      message: OK
- request:
    body: '{"location": "westus", "kind": "GlobalDocumentDB", "properties": {"locations":
      [{"locationName": "westus", "failoverPriority": 0, "isZoneRedundant": false}],
      "databaseAccountOfferType": "Standard", "apiProperties": {}, "createMode": "Default",
      "enableBurstCapacity": false}}'
    headers:
      Accept:
      - application/json
      Accept-Encoding:
      - gzip, deflate
      CommandName:
      - cosmosdb create
      Connection:
      - keep-alive
      Content-Length:
      - '274'
      Content-Type:
      - application/json
      ParameterSetName:
      - -n -g --enable-burst-capacity
      User-Agent:
      - AZURECLI/2.47.0 azsdk-python-mgmt-cosmosdb/0.7.0 Python/3.8.10 (Windows-10-10.0.22621-SP0)
    method: PUT
    uri: https://management.azure.com/subscriptions/00000000-0000-0000-0000-000000000000/resourceGroups/cosmosTest/providers/Microsoft.DocumentDB/databaseAccounts/burst-test-38129749813?api-version=2023-03-01-preview
  response:
    body:
      string: '{"id":"/subscriptions/00000000-0000-0000-0000-000000000000/resourceGroups/cosmosTest/providers/Microsoft.DocumentDB/databaseAccounts/burst-test-38129749813","name":"burst-test-38129749813","location":"West
        US","type":"Microsoft.DocumentDB/databaseAccounts","kind":"GlobalDocumentDB","tags":{},"systemData":{"createdAt":"2023-04-13T05:22:05.1108209Z"},"properties":{"provisioningState":"Updating","documentEndpoint":"https://burst-test-38129749813.documents.azure.com:443/","sqlEndpoint":"https://burst-test-38129749813.documents.azure.com:443/","publicNetworkAccess":"Enabled","enableAutomaticFailover":false,"enableMultipleWriteLocations":false,"enablePartitionKeyMonitor":false,"isVirtualNetworkFilterEnabled":false,"virtualNetworkRules":[],"EnabledApiTypes":"Sql","disableKeyBasedMetadataWriteAccess":false,"enableFreeTier":false,"enableAnalyticalStorage":false,"analyticalStorageConfiguration":{"schemaType":"WellDefined"},"instanceId":"22fd5a29-bc2c-474d-98cd-dc65ca8154d7","databaseAccountOfferType":"Standard","enableCassandraConnector":false,"connectorOffer":"","enableMaterializedViews":false,"defaultIdentity":"FirstPartyIdentity","networkAclBypass":"None","disableLocalAuth":false,"enablePartitionMerge":false,"enableBurstCapacity":true,"minimalTlsVersion":"Tls","consistencyPolicy":{"defaultConsistencyLevel":"Session","maxIntervalInSeconds":5,"maxStalenessPrefix":100},"configurationOverrides":{},"writeLocations":[{"id":"burst-test-38129749813-westus","locationName":"West
        US","documentEndpoint":"https://burst-test-38129749813-westus.documents.azure.com:443/","provisioningState":"Succeeded","failoverPriority":0,"isZoneRedundant":false}],"readLocations":[{"id":"burst-test-38129749813-westus","locationName":"West
        US","documentEndpoint":"https://burst-test-38129749813-westus.documents.azure.com:443/","provisioningState":"Succeeded","failoverPriority":0,"isZoneRedundant":false}],"locations":[{"id":"burst-test-38129749813-westus","locationName":"West
        US","documentEndpoint":"https://burst-test-38129749813-westus.documents.azure.com:443/","provisioningState":"Succeeded","failoverPriority":0,"isZoneRedundant":false}],"failoverPolicies":[{"id":"burst-test-38129749813-westus","locationName":"West
        US","failoverPriority":0}],"cors":[],"capabilities":[],"ipRules":[],"backupPolicy":{"type":"Periodic","periodicModeProperties":{"backupIntervalInMinutes":240,"backupRetentionIntervalInHours":8,"backupStorageRedundancy":"Geo"}},"networkAclBypassResourceIds":[],"diagnosticLogSettings":{"enableFullTextQuery":"None"},"keysMetadata":{"primaryMasterKey":{"generationTime":"2023-04-13T05:22:05.1108209Z"},"secondaryMasterKey":{"generationTime":"2023-04-13T05:22:05.1108209Z"},"primaryReadonlyMasterKey":{"generationTime":"2023-04-13T05:22:05.1108209Z"},"secondaryReadonlyMasterKey":{"generationTime":"2023-04-13T05:22:05.1108209Z"}}},"identity":{"type":"None"}}'
    headers:
      azure-asyncoperation:
      - https://management.azure.com/subscriptions/00000000-0000-0000-0000-000000000000/providers/Microsoft.DocumentDB/locations/westus/operationsStatus/352a3c7c-fe57-4695-8ac2-229d048479b8?api-version=2023-03-01-preview
      cache-control:
      - no-store, no-cache
      content-length:
      - '2871'
      content-type:
      - application/json
      date:
      - Thu, 13 Apr 2023 05:22:46 GMT
      location:
      - https://management.azure.com/subscriptions/00000000-0000-0000-0000-000000000000/resourceGroups/cosmosTest/providers/Microsoft.DocumentDB/databaseAccounts/burst-test-38129749813/operationResults/352a3c7c-fe57-4695-8ac2-229d048479b8?api-version=2023-03-01-preview
      pragma:
      - no-cache
      server:
      - Microsoft-HTTPAPI/2.0
      strict-transport-security:
      - max-age=31536000; includeSubDomains
      x-content-type-options:
      - nosniff
      x-ms-gatewayversion:
      - version=2.14.0
      x-ms-ratelimit-remaining-subscription-writes:
      - '1198'
    status:
      code: 200
      message: Ok
- request:
    body: null
    headers:
      Accept:
      - '*/*'
      Accept-Encoding:
      - gzip, deflate
      CommandName:
      - cosmosdb create
      Connection:
      - keep-alive
      ParameterSetName:
      - -n -g --enable-burst-capacity
      User-Agent:
      - AZURECLI/2.47.0 azsdk-python-mgmt-cosmosdb/0.7.0 Python/3.8.10 (Windows-10-10.0.22621-SP0)
    method: GET
    uri: https://management.azure.com/subscriptions/00000000-0000-0000-0000-000000000000/providers/Microsoft.DocumentDB/locations/westus/operationsStatus/352a3c7c-fe57-4695-8ac2-229d048479b8?api-version=2023-03-01-preview
  response:
    body:
      string: '{"status":"Enqueued"}'
    headers:
      cache-control:
      - no-store, no-cache
      content-length:
      - '21'
      content-type:
      - application/json
      date:
      - Thu, 13 Apr 2023 05:22:47 GMT
      pragma:
      - no-cache
      server:
      - Microsoft-HTTPAPI/2.0
      strict-transport-security:
      - max-age=31536000; includeSubDomains
      x-content-type-options:
      - nosniff
      x-ms-gatewayversion:
      - version=2.14.0
    status:
      code: 200
      message: Ok
- request:
    body: null
    headers:
      Accept:
      - '*/*'
      Accept-Encoding:
      - gzip, deflate
      CommandName:
      - cosmosdb create
      Connection:
      - keep-alive
      ParameterSetName:
      - -n -g --enable-burst-capacity
      User-Agent:
      - AZURECLI/2.47.0 azsdk-python-mgmt-cosmosdb/0.7.0 Python/3.8.10 (Windows-10-10.0.22621-SP0)
    method: GET
    uri: https://management.azure.com/subscriptions/00000000-0000-0000-0000-000000000000/providers/Microsoft.DocumentDB/locations/westus/operationsStatus/352a3c7c-fe57-4695-8ac2-229d048479b8?api-version=2023-03-01-preview
  response:
    body:
      string: '{"status":"Dequeued"}'
    headers:
      cache-control:
      - no-store, no-cache
      content-length:
      - '21'
      content-type:
      - application/json
      date:
      - Thu, 13 Apr 2023 05:23:17 GMT
      pragma:
      - no-cache
      server:
      - Microsoft-HTTPAPI/2.0
      strict-transport-security:
      - max-age=31536000; includeSubDomains
      x-content-type-options:
      - nosniff
      x-ms-gatewayversion:
      - version=2.14.0
    status:
      code: 200
      message: Ok
- request:
    body: null
    headers:
      Accept:
      - '*/*'
      Accept-Encoding:
      - gzip, deflate
      CommandName:
      - cosmosdb create
      Connection:
      - keep-alive
      ParameterSetName:
      - -n -g --enable-burst-capacity
      User-Agent:
      - AZURECLI/2.47.0 azsdk-python-mgmt-cosmosdb/0.7.0 Python/3.8.10 (Windows-10-10.0.22621-SP0)
    method: GET
    uri: https://management.azure.com/subscriptions/00000000-0000-0000-0000-000000000000/providers/Microsoft.DocumentDB/locations/westus/operationsStatus/352a3c7c-fe57-4695-8ac2-229d048479b8?api-version=2023-03-01-preview
  response:
    body:
      string: '{"status":"Succeeded"}'
    headers:
      cache-control:
      - no-store, no-cache
      content-length:
      - '22'
      content-type:
      - application/json
      date:
      - Thu, 13 Apr 2023 05:23:47 GMT
      pragma:
      - no-cache
      server:
      - Microsoft-HTTPAPI/2.0
      strict-transport-security:
      - max-age=31536000; includeSubDomains
      x-content-type-options:
      - nosniff
      x-ms-gatewayversion:
      - version=2.14.0
    status:
      code: 200
      message: Ok
- request:
    body: null
    headers:
      Accept:
      - '*/*'
      Accept-Encoding:
      - gzip, deflate
      CommandName:
      - cosmosdb create
      Connection:
      - keep-alive
      ParameterSetName:
      - -n -g --enable-burst-capacity
      User-Agent:
      - AZURECLI/2.47.0 azsdk-python-mgmt-cosmosdb/0.7.0 Python/3.8.10 (Windows-10-10.0.22621-SP0)
    method: GET
    uri: https://management.azure.com/subscriptions/00000000-0000-0000-0000-000000000000/resourceGroups/cosmosTest/providers/Microsoft.DocumentDB/databaseAccounts/burst-test-38129749813?api-version=2023-03-01-preview
  response:
    body:
      string: '{"id":"/subscriptions/00000000-0000-0000-0000-000000000000/resourceGroups/cosmosTest/providers/Microsoft.DocumentDB/databaseAccounts/burst-test-38129749813","name":"burst-test-38129749813","location":"West
        US","type":"Microsoft.DocumentDB/databaseAccounts","kind":"GlobalDocumentDB","tags":{},"systemData":{"createdAt":"2023-04-13T05:22:05.1108209Z"},"properties":{"provisioningState":"Succeeded","documentEndpoint":"https://burst-test-38129749813.documents.azure.com:443/","sqlEndpoint":"https://burst-test-38129749813.documents.azure.com:443/","publicNetworkAccess":"Enabled","enableAutomaticFailover":false,"enableMultipleWriteLocations":false,"enablePartitionKeyMonitor":false,"isVirtualNetworkFilterEnabled":false,"virtualNetworkRules":[],"EnabledApiTypes":"Sql","disableKeyBasedMetadataWriteAccess":false,"enableFreeTier":false,"enableAnalyticalStorage":false,"analyticalStorageConfiguration":{"schemaType":"WellDefined"},"instanceId":"22fd5a29-bc2c-474d-98cd-dc65ca8154d7","databaseAccountOfferType":"Standard","enableCassandraConnector":false,"connectorOffer":"","enableMaterializedViews":false,"defaultIdentity":"FirstPartyIdentity","networkAclBypass":"None","disableLocalAuth":false,"enablePartitionMerge":false,"enableBurstCapacity":false,"minimalTlsVersion":"Tls","consistencyPolicy":{"defaultConsistencyLevel":"Session","maxIntervalInSeconds":5,"maxStalenessPrefix":100},"configurationOverrides":{},"writeLocations":[{"id":"burst-test-38129749813-westus","locationName":"West
        US","documentEndpoint":"https://burst-test-38129749813-westus.documents.azure.com:443/","provisioningState":"Succeeded","failoverPriority":0,"isZoneRedundant":false}],"readLocations":[{"id":"burst-test-38129749813-westus","locationName":"West
        US","documentEndpoint":"https://burst-test-38129749813-westus.documents.azure.com:443/","provisioningState":"Succeeded","failoverPriority":0,"isZoneRedundant":false}],"locations":[{"id":"burst-test-38129749813-westus","locationName":"West
        US","documentEndpoint":"https://burst-test-38129749813-westus.documents.azure.com:443/","provisioningState":"Succeeded","failoverPriority":0,"isZoneRedundant":false}],"failoverPolicies":[{"id":"burst-test-38129749813-westus","locationName":"West
        US","failoverPriority":0}],"cors":[],"capabilities":[],"ipRules":[],"backupPolicy":{"type":"Periodic","periodicModeProperties":{"backupIntervalInMinutes":240,"backupRetentionIntervalInHours":8,"backupStorageRedundancy":"Geo"}},"networkAclBypassResourceIds":[],"diagnosticLogSettings":{"enableFullTextQuery":"None"},"keysMetadata":{"primaryMasterKey":{"generationTime":"2023-04-13T05:22:05.1108209Z"},"secondaryMasterKey":{"generationTime":"2023-04-13T05:22:05.1108209Z"},"primaryReadonlyMasterKey":{"generationTime":"2023-04-13T05:22:05.1108209Z"},"secondaryReadonlyMasterKey":{"generationTime":"2023-04-13T05:22:05.1108209Z"}}},"identity":{"type":"None"}}'
    headers:
      cache-control:
      - no-store, no-cache
      content-length:
      - '2873'
      content-type:
      - application/json
      date:
      - Thu, 13 Apr 2023 05:23:47 GMT
      pragma:
      - no-cache
      server:
      - Microsoft-HTTPAPI/2.0
      strict-transport-security:
      - max-age=31536000; includeSubDomains
      x-content-type-options:
      - nosniff
      x-ms-gatewayversion:
      - version=2.14.0
    status:
      code: 200
      message: Ok
- request:
    body: null
    headers:
      Accept:
      - application/json
      Accept-Encoding:
      - gzip, deflate
      CommandName:
      - cosmosdb create
      Connection:
      - keep-alive
      ParameterSetName:
      - -n -g --enable-burst-capacity
      User-Agent:
      - AZURECLI/2.47.0 azsdk-python-mgmt-cosmosdb/0.7.0 Python/3.8.10 (Windows-10-10.0.22621-SP0)
    method: GET
    uri: https://management.azure.com/subscriptions/00000000-0000-0000-0000-000000000000/resourceGroups/cosmosTest/providers/Microsoft.DocumentDB/databaseAccounts/burst-test-38129749813?api-version=2023-03-01-preview
  response:
    body:
      string: '{"id":"/subscriptions/00000000-0000-0000-0000-000000000000/resourceGroups/cosmosTest/providers/Microsoft.DocumentDB/databaseAccounts/burst-test-38129749813","name":"burst-test-38129749813","location":"West
        US","type":"Microsoft.DocumentDB/databaseAccounts","kind":"GlobalDocumentDB","tags":{},"systemData":{"createdAt":"2023-04-13T05:22:05.1108209Z"},"properties":{"provisioningState":"Succeeded","documentEndpoint":"https://burst-test-38129749813.documents.azure.com:443/","sqlEndpoint":"https://burst-test-38129749813.documents.azure.com:443/","publicNetworkAccess":"Enabled","enableAutomaticFailover":false,"enableMultipleWriteLocations":false,"enablePartitionKeyMonitor":false,"isVirtualNetworkFilterEnabled":false,"virtualNetworkRules":[],"EnabledApiTypes":"Sql","disableKeyBasedMetadataWriteAccess":false,"enableFreeTier":false,"enableAnalyticalStorage":false,"analyticalStorageConfiguration":{"schemaType":"WellDefined"},"instanceId":"22fd5a29-bc2c-474d-98cd-dc65ca8154d7","databaseAccountOfferType":"Standard","enableCassandraConnector":false,"connectorOffer":"","enableMaterializedViews":false,"defaultIdentity":"FirstPartyIdentity","networkAclBypass":"None","disableLocalAuth":false,"enablePartitionMerge":false,"enableBurstCapacity":false,"minimalTlsVersion":"Tls","consistencyPolicy":{"defaultConsistencyLevel":"Session","maxIntervalInSeconds":5,"maxStalenessPrefix":100},"configurationOverrides":{},"writeLocations":[{"id":"burst-test-38129749813-westus","locationName":"West
        US","documentEndpoint":"https://burst-test-38129749813-westus.documents.azure.com:443/","provisioningState":"Succeeded","failoverPriority":0,"isZoneRedundant":false}],"readLocations":[{"id":"burst-test-38129749813-westus","locationName":"West
        US","documentEndpoint":"https://burst-test-38129749813-westus.documents.azure.com:443/","provisioningState":"Succeeded","failoverPriority":0,"isZoneRedundant":false}],"locations":[{"id":"burst-test-38129749813-westus","locationName":"West
        US","documentEndpoint":"https://burst-test-38129749813-westus.documents.azure.com:443/","provisioningState":"Succeeded","failoverPriority":0,"isZoneRedundant":false}],"failoverPolicies":[{"id":"burst-test-38129749813-westus","locationName":"West
        US","failoverPriority":0}],"cors":[],"capabilities":[],"ipRules":[],"backupPolicy":{"type":"Periodic","periodicModeProperties":{"backupIntervalInMinutes":240,"backupRetentionIntervalInHours":8,"backupStorageRedundancy":"Geo"}},"networkAclBypassResourceIds":[],"diagnosticLogSettings":{"enableFullTextQuery":"None"},"keysMetadata":{"primaryMasterKey":{"generationTime":"2023-04-13T05:22:05.1108209Z"},"secondaryMasterKey":{"generationTime":"2023-04-13T05:22:05.1108209Z"},"primaryReadonlyMasterKey":{"generationTime":"2023-04-13T05:22:05.1108209Z"},"secondaryReadonlyMasterKey":{"generationTime":"2023-04-13T05:22:05.1108209Z"}}},"identity":{"type":"None"}}'
    headers:
      cache-control:
      - no-store, no-cache
      content-length:
      - '2873'
      content-type:
      - application/json
      date:
      - Thu, 13 Apr 2023 05:23:47 GMT
      pragma:
      - no-cache
      server:
      - Microsoft-HTTPAPI/2.0
      strict-transport-security:
      - max-age=31536000; includeSubDomains
      x-content-type-options:
      - nosniff
      x-ms-gatewayversion:
      - version=2.14.0
    status:
      code: 200
      message: Ok
- request:
    body: null
    headers:
      Accept:
      - application/json
      Accept-Encoding:
      - gzip, deflate
      CommandName:
      - cosmosdb show
      Connection:
      - keep-alive
      ParameterSetName:
      - -n -g
      User-Agent:
      - AZURECLI/2.47.0 azsdk-python-mgmt-cosmosdb/0.7.0 Python/3.8.10 (Windows-10-10.0.22621-SP0)
    method: GET
    uri: https://management.azure.com/subscriptions/00000000-0000-0000-0000-000000000000/resourceGroups/cosmosTest/providers/Microsoft.DocumentDB/databaseAccounts/burst-test-38129749813?api-version=2023-03-01-preview
  response:
    body:
      string: '{"id":"/subscriptions/00000000-0000-0000-0000-000000000000/resourceGroups/cosmosTest/providers/Microsoft.DocumentDB/databaseAccounts/burst-test-38129749813","name":"burst-test-38129749813","location":"West
        US","type":"Microsoft.DocumentDB/databaseAccounts","kind":"GlobalDocumentDB","tags":{},"systemData":{"createdAt":"2023-04-13T05:22:05.1108209Z"},"properties":{"provisioningState":"Succeeded","documentEndpoint":"https://burst-test-38129749813.documents.azure.com:443/","sqlEndpoint":"https://burst-test-38129749813.documents.azure.com:443/","publicNetworkAccess":"Enabled","enableAutomaticFailover":false,"enableMultipleWriteLocations":false,"enablePartitionKeyMonitor":false,"isVirtualNetworkFilterEnabled":false,"virtualNetworkRules":[],"EnabledApiTypes":"Sql","disableKeyBasedMetadataWriteAccess":false,"enableFreeTier":false,"enableAnalyticalStorage":false,"analyticalStorageConfiguration":{"schemaType":"WellDefined"},"instanceId":"22fd5a29-bc2c-474d-98cd-dc65ca8154d7","databaseAccountOfferType":"Standard","enableCassandraConnector":false,"connectorOffer":"","enableMaterializedViews":false,"defaultIdentity":"FirstPartyIdentity","networkAclBypass":"None","disableLocalAuth":false,"enablePartitionMerge":false,"enableBurstCapacity":false,"minimalTlsVersion":"Tls","consistencyPolicy":{"defaultConsistencyLevel":"Session","maxIntervalInSeconds":5,"maxStalenessPrefix":100},"configurationOverrides":{},"writeLocations":[{"id":"burst-test-38129749813-westus","locationName":"West
        US","documentEndpoint":"https://burst-test-38129749813-westus.documents.azure.com:443/","provisioningState":"Succeeded","failoverPriority":0,"isZoneRedundant":false}],"readLocations":[{"id":"burst-test-38129749813-westus","locationName":"West
        US","documentEndpoint":"https://burst-test-38129749813-westus.documents.azure.com:443/","provisioningState":"Succeeded","failoverPriority":0,"isZoneRedundant":false}],"locations":[{"id":"burst-test-38129749813-westus","locationName":"West
        US","documentEndpoint":"https://burst-test-38129749813-westus.documents.azure.com:443/","provisioningState":"Succeeded","failoverPriority":0,"isZoneRedundant":false}],"failoverPolicies":[{"id":"burst-test-38129749813-westus","locationName":"West
        US","failoverPriority":0}],"cors":[],"capabilities":[],"ipRules":[],"backupPolicy":{"type":"Periodic","periodicModeProperties":{"backupIntervalInMinutes":240,"backupRetentionIntervalInHours":8,"backupStorageRedundancy":"Geo"}},"networkAclBypassResourceIds":[],"diagnosticLogSettings":{"enableFullTextQuery":"None"},"keysMetadata":{"primaryMasterKey":{"generationTime":"2023-04-13T05:22:05.1108209Z"},"secondaryMasterKey":{"generationTime":"2023-04-13T05:22:05.1108209Z"},"primaryReadonlyMasterKey":{"generationTime":"2023-04-13T05:22:05.1108209Z"},"secondaryReadonlyMasterKey":{"generationTime":"2023-04-13T05:22:05.1108209Z"}}},"identity":{"type":"None"}}'
    headers:
      cache-control:
      - no-store, no-cache
      content-length:
      - '2873'
      content-type:
      - application/json
      date:
      - Thu, 13 Apr 2023 05:23:49 GMT
      pragma:
      - no-cache
      server:
      - Microsoft-HTTPAPI/2.0
      strict-transport-security:
      - max-age=31536000; includeSubDomains
      transfer-encoding:
      - chunked
      vary:
      - Accept-Encoding
      x-content-type-options:
      - nosniff
      x-ms-gatewayversion:
      - version=2.14.0
    status:
      code: 200
      message: Ok
- request:
    body: null
    headers:
      Accept:
      - application/json
      Accept-Encoding:
      - gzip, deflate
      CommandName:
      - cosmosdb create
      Connection:
      - keep-alive
      ParameterSetName:
      - -n -g --enable-burst-capacity
      User-Agent:
      - AZURECLI/2.47.0 azsdk-python-azure-mgmt-resource/22.0.0 Python/3.8.10 (Windows-10-10.0.22621-SP0)
    method: GET
    uri: https://management.azure.com/subscriptions/00000000-0000-0000-0000-000000000000/resourcegroups/cosmosTest?api-version=2022-09-01
  response:
    body:
      string: '{"id":"/subscriptions/00000000-0000-0000-0000-000000000000/resourceGroups/cosmosTest","name":"cosmosTest","type":"Microsoft.Resources/resourceGroups","location":"westus","tags":{"DONT
        CREATE NEW RESOURCES HERE":"TRUE"},"properties":{"provisioningState":"Succeeded"}}'
    headers:
      cache-control:
      - no-cache
      content-length:
      - '266'
      content-type:
      - application/json; charset=utf-8
      date:
      - Thu, 13 Apr 2023 05:23:48 GMT
      expires:
      - '-1'
      pragma:
      - no-cache
      strict-transport-security:
      - max-age=31536000; includeSubDomains
      vary:
      - Accept-Encoding
      x-content-type-options:
      - nosniff
    status:
      code: 200
      message: OK
- request:
    body: '{"location": "westus", "kind": "GlobalDocumentDB", "properties": {"locations":
      [{"locationName": "westus", "failoverPriority": 0, "isZoneRedundant": false}],
      "databaseAccountOfferType": "Standard", "apiProperties": {}, "createMode": "Default",
      "enableBurstCapacity": true}}'
    headers:
      Accept:
      - application/json
      Accept-Encoding:
      - gzip, deflate
      CommandName:
      - cosmosdb create
      Connection:
      - keep-alive
      Content-Length:
      - '273'
      Content-Type:
      - application/json
      ParameterSetName:
      - -n -g --enable-burst-capacity
      User-Agent:
      - AZURECLI/2.47.0 azsdk-python-mgmt-cosmosdb/0.7.0 Python/3.8.10 (Windows-10-10.0.22621-SP0)
    method: PUT
    uri: https://management.azure.com/subscriptions/00000000-0000-0000-0000-000000000000/resourceGroups/cosmosTest/providers/Microsoft.DocumentDB/databaseAccounts/burst-test-38129749813?api-version=2023-03-01-preview
  response:
    body:
      string: '{"id":"/subscriptions/00000000-0000-0000-0000-000000000000/resourceGroups/cosmosTest/providers/Microsoft.DocumentDB/databaseAccounts/burst-test-38129749813","name":"burst-test-38129749813","location":"West
        US","type":"Microsoft.DocumentDB/databaseAccounts","kind":"GlobalDocumentDB","tags":{},"systemData":{"createdAt":"2023-04-13T05:22:05.1108209Z"},"properties":{"provisioningState":"Updating","documentEndpoint":"https://burst-test-38129749813.documents.azure.com:443/","sqlEndpoint":"https://burst-test-38129749813.documents.azure.com:443/","publicNetworkAccess":"Enabled","enableAutomaticFailover":false,"enableMultipleWriteLocations":false,"enablePartitionKeyMonitor":false,"isVirtualNetworkFilterEnabled":false,"virtualNetworkRules":[],"EnabledApiTypes":"Sql","disableKeyBasedMetadataWriteAccess":false,"enableFreeTier":false,"enableAnalyticalStorage":false,"analyticalStorageConfiguration":{"schemaType":"WellDefined"},"instanceId":"22fd5a29-bc2c-474d-98cd-dc65ca8154d7","databaseAccountOfferType":"Standard","enableCassandraConnector":false,"connectorOffer":"","enableMaterializedViews":false,"defaultIdentity":"FirstPartyIdentity","networkAclBypass":"None","disableLocalAuth":false,"enablePartitionMerge":false,"enableBurstCapacity":false,"minimalTlsVersion":"Tls","consistencyPolicy":{"defaultConsistencyLevel":"Session","maxIntervalInSeconds":5,"maxStalenessPrefix":100},"configurationOverrides":{},"writeLocations":[{"id":"burst-test-38129749813-westus","locationName":"West
        US","documentEndpoint":"https://burst-test-38129749813-westus.documents.azure.com:443/","provisioningState":"Succeeded","failoverPriority":0,"isZoneRedundant":false}],"readLocations":[{"id":"burst-test-38129749813-westus","locationName":"West
        US","documentEndpoint":"https://burst-test-38129749813-westus.documents.azure.com:443/","provisioningState":"Succeeded","failoverPriority":0,"isZoneRedundant":false}],"locations":[{"id":"burst-test-38129749813-westus","locationName":"West
        US","documentEndpoint":"https://burst-test-38129749813-westus.documents.azure.com:443/","provisioningState":"Succeeded","failoverPriority":0,"isZoneRedundant":false}],"failoverPolicies":[{"id":"burst-test-38129749813-westus","locationName":"West
        US","failoverPriority":0}],"cors":[],"capabilities":[],"ipRules":[],"backupPolicy":{"type":"Periodic","periodicModeProperties":{"backupIntervalInMinutes":240,"backupRetentionIntervalInHours":8,"backupStorageRedundancy":"Geo"}},"networkAclBypassResourceIds":[],"diagnosticLogSettings":{"enableFullTextQuery":"None"},"keysMetadata":{"primaryMasterKey":{"generationTime":"2023-04-13T05:22:05.1108209Z"},"secondaryMasterKey":{"generationTime":"2023-04-13T05:22:05.1108209Z"},"primaryReadonlyMasterKey":{"generationTime":"2023-04-13T05:22:05.1108209Z"},"secondaryReadonlyMasterKey":{"generationTime":"2023-04-13T05:22:05.1108209Z"}}},"identity":{"type":"None"}}'
    headers:
      azure-asyncoperation:
      - https://management.azure.com/subscriptions/00000000-0000-0000-0000-000000000000/providers/Microsoft.DocumentDB/locations/westus/operationsStatus/3cf71714-efb0-4c90-8ba3-988f8c928644?api-version=2023-03-01-preview
      cache-control:
      - no-store, no-cache
      content-length:
      - '2872'
      content-type:
      - application/json
      date:
      - Thu, 13 Apr 2023 05:23:51 GMT
      location:
      - https://management.azure.com/subscriptions/00000000-0000-0000-0000-000000000000/resourceGroups/cosmosTest/providers/Microsoft.DocumentDB/databaseAccounts/burst-test-38129749813/operationResults/3cf71714-efb0-4c90-8ba3-988f8c928644?api-version=2023-03-01-preview
      pragma:
      - no-cache
      server:
      - Microsoft-HTTPAPI/2.0
      strict-transport-security:
      - max-age=31536000; includeSubDomains
      transfer-encoding:
      - chunked
      vary:
      - Accept-Encoding
      x-content-type-options:
      - nosniff
      x-ms-gatewayversion:
      - version=2.14.0
      x-ms-ratelimit-remaining-subscription-writes:
      - '1199'
    status:
      code: 200
      message: Ok
- request:
    body: null
    headers:
      Accept:
      - '*/*'
      Accept-Encoding:
      - gzip, deflate
      CommandName:
      - cosmosdb create
      Connection:
      - keep-alive
      ParameterSetName:
      - -n -g --enable-burst-capacity
      User-Agent:
      - AZURECLI/2.47.0 azsdk-python-mgmt-cosmosdb/0.7.0 Python/3.8.10 (Windows-10-10.0.22621-SP0)
    method: GET
    uri: https://management.azure.com/subscriptions/00000000-0000-0000-0000-000000000000/providers/Microsoft.DocumentDB/locations/westus/operationsStatus/3cf71714-efb0-4c90-8ba3-988f8c928644?api-version=2023-03-01-preview
  response:
    body:
      string: '{"status":"Enqueued"}'
    headers:
      cache-control:
      - no-store, no-cache
      content-length:
      - '21'
      content-type:
      - application/json
      date:
      - Thu, 13 Apr 2023 05:23:52 GMT
      pragma:
      - no-cache
      server:
      - Microsoft-HTTPAPI/2.0
      strict-transport-security:
      - max-age=31536000; includeSubDomains
      transfer-encoding:
      - chunked
      vary:
      - Accept-Encoding
      x-content-type-options:
      - nosniff
      x-ms-gatewayversion:
      - version=2.14.0
    status:
      code: 200
      message: Ok
- request:
    body: null
    headers:
      Accept:
      - '*/*'
      Accept-Encoding:
      - gzip, deflate
      CommandName:
      - cosmosdb create
      Connection:
      - keep-alive
      ParameterSetName:
      - -n -g --enable-burst-capacity
      User-Agent:
      - AZURECLI/2.47.0 azsdk-python-mgmt-cosmosdb/0.7.0 Python/3.8.10 (Windows-10-10.0.22621-SP0)
    method: GET
    uri: https://management.azure.com/subscriptions/00000000-0000-0000-0000-000000000000/providers/Microsoft.DocumentDB/locations/westus/operationsStatus/3cf71714-efb0-4c90-8ba3-988f8c928644?api-version=2023-03-01-preview
  response:
    body:
      string: '{"status":"Dequeued"}'
    headers:
      cache-control:
      - no-store, no-cache
      content-length:
      - '21'
      content-type:
      - application/json
      date:
      - Thu, 13 Apr 2023 05:24:21 GMT
      pragma:
      - no-cache
      server:
      - Microsoft-HTTPAPI/2.0
      strict-transport-security:
      - max-age=31536000; includeSubDomains
      transfer-encoding:
      - chunked
      vary:
      - Accept-Encoding
      x-content-type-options:
      - nosniff
      x-ms-gatewayversion:
      - version=2.14.0
    status:
      code: 200
      message: Ok
- request:
    body: null
    headers:
      Accept:
      - '*/*'
      Accept-Encoding:
      - gzip, deflate
      CommandName:
      - cosmosdb create
      Connection:
      - keep-alive
      ParameterSetName:
      - -n -g --enable-burst-capacity
      User-Agent:
      - AZURECLI/2.47.0 azsdk-python-mgmt-cosmosdb/0.7.0 Python/3.8.10 (Windows-10-10.0.22621-SP0)
    method: GET
    uri: https://management.azure.com/subscriptions/00000000-0000-0000-0000-000000000000/providers/Microsoft.DocumentDB/locations/westus/operationsStatus/3cf71714-efb0-4c90-8ba3-988f8c928644?api-version=2023-03-01-preview
  response:
    body:
      string: '{"status":"Succeeded"}'
    headers:
      cache-control:
      - no-store, no-cache
      content-length:
      - '22'
      content-type:
      - application/json
      date:
      - Thu, 13 Apr 2023 05:24:51 GMT
      pragma:
      - no-cache
      server:
      - Microsoft-HTTPAPI/2.0
      strict-transport-security:
      - max-age=31536000; includeSubDomains
      transfer-encoding:
      - chunked
      vary:
      - Accept-Encoding
      x-content-type-options:
      - nosniff
      x-ms-gatewayversion:
      - version=2.14.0
    status:
      code: 200
      message: Ok
- request:
    body: null
    headers:
      Accept:
      - '*/*'
      Accept-Encoding:
      - gzip, deflate
      CommandName:
      - cosmosdb create
      Connection:
      - keep-alive
      ParameterSetName:
      - -n -g --enable-burst-capacity
      User-Agent:
      - AZURECLI/2.47.0 azsdk-python-mgmt-cosmosdb/0.7.0 Python/3.8.10 (Windows-10-10.0.22621-SP0)
    method: GET
    uri: https://management.azure.com/subscriptions/00000000-0000-0000-0000-000000000000/resourceGroups/cosmosTest/providers/Microsoft.DocumentDB/databaseAccounts/burst-test-38129749813?api-version=2023-03-01-preview
  response:
    body:
      string: '{"id":"/subscriptions/00000000-0000-0000-0000-000000000000/resourceGroups/cosmosTest/providers/Microsoft.DocumentDB/databaseAccounts/burst-test-38129749813","name":"burst-test-38129749813","location":"West
        US","type":"Microsoft.DocumentDB/databaseAccounts","kind":"GlobalDocumentDB","tags":{},"systemData":{"createdAt":"2023-04-13T05:22:05.1108209Z"},"properties":{"provisioningState":"Succeeded","documentEndpoint":"https://burst-test-38129749813.documents.azure.com:443/","sqlEndpoint":"https://burst-test-38129749813.documents.azure.com:443/","publicNetworkAccess":"Enabled","enableAutomaticFailover":false,"enableMultipleWriteLocations":false,"enablePartitionKeyMonitor":false,"isVirtualNetworkFilterEnabled":false,"virtualNetworkRules":[],"EnabledApiTypes":"Sql","disableKeyBasedMetadataWriteAccess":false,"enableFreeTier":false,"enableAnalyticalStorage":false,"analyticalStorageConfiguration":{"schemaType":"WellDefined"},"instanceId":"22fd5a29-bc2c-474d-98cd-dc65ca8154d7","databaseAccountOfferType":"Standard","enableCassandraConnector":false,"connectorOffer":"","enableMaterializedViews":false,"defaultIdentity":"FirstPartyIdentity","networkAclBypass":"None","disableLocalAuth":false,"enablePartitionMerge":false,"enableBurstCapacity":true,"minimalTlsVersion":"Tls","consistencyPolicy":{"defaultConsistencyLevel":"Session","maxIntervalInSeconds":5,"maxStalenessPrefix":100},"configurationOverrides":{},"writeLocations":[{"id":"burst-test-38129749813-westus","locationName":"West
        US","documentEndpoint":"https://burst-test-38129749813-westus.documents.azure.com:443/","provisioningState":"Succeeded","failoverPriority":0,"isZoneRedundant":false}],"readLocations":[{"id":"burst-test-38129749813-westus","locationName":"West
        US","documentEndpoint":"https://burst-test-38129749813-westus.documents.azure.com:443/","provisioningState":"Succeeded","failoverPriority":0,"isZoneRedundant":false}],"locations":[{"id":"burst-test-38129749813-westus","locationName":"West
        US","documentEndpoint":"https://burst-test-38129749813-westus.documents.azure.com:443/","provisioningState":"Succeeded","failoverPriority":0,"isZoneRedundant":false}],"failoverPolicies":[{"id":"burst-test-38129749813-westus","locationName":"West
        US","failoverPriority":0}],"cors":[],"capabilities":[],"ipRules":[],"backupPolicy":{"type":"Periodic","periodicModeProperties":{"backupIntervalInMinutes":240,"backupRetentionIntervalInHours":8,"backupStorageRedundancy":"Geo"}},"networkAclBypassResourceIds":[],"diagnosticLogSettings":{"enableFullTextQuery":"None"},"keysMetadata":{"primaryMasterKey":{"generationTime":"2023-04-13T05:22:05.1108209Z"},"secondaryMasterKey":{"generationTime":"2023-04-13T05:22:05.1108209Z"},"primaryReadonlyMasterKey":{"generationTime":"2023-04-13T05:22:05.1108209Z"},"secondaryReadonlyMasterKey":{"generationTime":"2023-04-13T05:22:05.1108209Z"}}},"identity":{"type":"None"}}'
    headers:
      cache-control:
      - no-store, no-cache
      content-length:
      - '2872'
      content-type:
      - application/json
      date:
      - Thu, 13 Apr 2023 05:24:51 GMT
      pragma:
      - no-cache
      server:
      - Microsoft-HTTPAPI/2.0
      strict-transport-security:
      - max-age=31536000; includeSubDomains
      transfer-encoding:
      - chunked
      vary:
      - Accept-Encoding
      x-content-type-options:
      - nosniff
      x-ms-gatewayversion:
      - version=2.14.0
    status:
      code: 200
      message: Ok
- request:
    body: null
    headers:
      Accept:
      - application/json
      Accept-Encoding:
      - gzip, deflate
      CommandName:
      - cosmosdb create
      Connection:
      - keep-alive
      ParameterSetName:
      - -n -g --enable-burst-capacity
      User-Agent:
      - AZURECLI/2.47.0 azsdk-python-mgmt-cosmosdb/0.7.0 Python/3.8.10 (Windows-10-10.0.22621-SP0)
    method: GET
    uri: https://management.azure.com/subscriptions/00000000-0000-0000-0000-000000000000/resourceGroups/cosmosTest/providers/Microsoft.DocumentDB/databaseAccounts/burst-test-38129749813?api-version=2023-03-01-preview
  response:
    body:
      string: '{"id":"/subscriptions/00000000-0000-0000-0000-000000000000/resourceGroups/cosmosTest/providers/Microsoft.DocumentDB/databaseAccounts/burst-test-38129749813","name":"burst-test-38129749813","location":"West
        US","type":"Microsoft.DocumentDB/databaseAccounts","kind":"GlobalDocumentDB","tags":{},"systemData":{"createdAt":"2023-04-13T05:22:05.1108209Z"},"properties":{"provisioningState":"Succeeded","documentEndpoint":"https://burst-test-38129749813.documents.azure.com:443/","sqlEndpoint":"https://burst-test-38129749813.documents.azure.com:443/","publicNetworkAccess":"Enabled","enableAutomaticFailover":false,"enableMultipleWriteLocations":false,"enablePartitionKeyMonitor":false,"isVirtualNetworkFilterEnabled":false,"virtualNetworkRules":[],"EnabledApiTypes":"Sql","disableKeyBasedMetadataWriteAccess":false,"enableFreeTier":false,"enableAnalyticalStorage":false,"analyticalStorageConfiguration":{"schemaType":"WellDefined"},"instanceId":"22fd5a29-bc2c-474d-98cd-dc65ca8154d7","databaseAccountOfferType":"Standard","enableCassandraConnector":false,"connectorOffer":"","enableMaterializedViews":false,"defaultIdentity":"FirstPartyIdentity","networkAclBypass":"None","disableLocalAuth":false,"enablePartitionMerge":false,"enableBurstCapacity":true,"minimalTlsVersion":"Tls","consistencyPolicy":{"defaultConsistencyLevel":"Session","maxIntervalInSeconds":5,"maxStalenessPrefix":100},"configurationOverrides":{},"writeLocations":[{"id":"burst-test-38129749813-westus","locationName":"West
        US","documentEndpoint":"https://burst-test-38129749813-westus.documents.azure.com:443/","provisioningState":"Succeeded","failoverPriority":0,"isZoneRedundant":false}],"readLocations":[{"id":"burst-test-38129749813-westus","locationName":"West
        US","documentEndpoint":"https://burst-test-38129749813-westus.documents.azure.com:443/","provisioningState":"Succeeded","failoverPriority":0,"isZoneRedundant":false}],"locations":[{"id":"burst-test-38129749813-westus","locationName":"West
        US","documentEndpoint":"https://burst-test-38129749813-westus.documents.azure.com:443/","provisioningState":"Succeeded","failoverPriority":0,"isZoneRedundant":false}],"failoverPolicies":[{"id":"burst-test-38129749813-westus","locationName":"West
        US","failoverPriority":0}],"cors":[],"capabilities":[],"ipRules":[],"backupPolicy":{"type":"Periodic","periodicModeProperties":{"backupIntervalInMinutes":240,"backupRetentionIntervalInHours":8,"backupStorageRedundancy":"Geo"}},"networkAclBypassResourceIds":[],"diagnosticLogSettings":{"enableFullTextQuery":"None"},"keysMetadata":{"primaryMasterKey":{"generationTime":"2023-04-13T05:22:05.1108209Z"},"secondaryMasterKey":{"generationTime":"2023-04-13T05:22:05.1108209Z"},"primaryReadonlyMasterKey":{"generationTime":"2023-04-13T05:22:05.1108209Z"},"secondaryReadonlyMasterKey":{"generationTime":"2023-04-13T05:22:05.1108209Z"}}},"identity":{"type":"None"}}'
    headers:
      cache-control:
      - no-store, no-cache
      content-length:
      - '2872'
      content-type:
      - application/json
      date:
      - Thu, 13 Apr 2023 05:24:52 GMT
      pragma:
      - no-cache
      server:
      - Microsoft-HTTPAPI/2.0
      strict-transport-security:
      - max-age=31536000; includeSubDomains
      transfer-encoding:
      - chunked
      vary:
      - Accept-Encoding
      x-content-type-options:
      - nosniff
      x-ms-gatewayversion:
      - version=2.14.0
    status:
      code: 200
      message: Ok
- request:
    body: null
    headers:
      Accept:
      - application/json
      Accept-Encoding:
      - gzip, deflate
      CommandName:
      - cosmosdb show
      Connection:
      - keep-alive
      ParameterSetName:
      - -n -g
      User-Agent:
      - AZURECLI/2.47.0 azsdk-python-mgmt-cosmosdb/0.7.0 Python/3.8.10 (Windows-10-10.0.22621-SP0)
    method: GET
    uri: https://management.azure.com/subscriptions/00000000-0000-0000-0000-000000000000/resourceGroups/cosmosTest/providers/Microsoft.DocumentDB/databaseAccounts/burst-test-38129749813?api-version=2023-03-01-preview
  response:
    body:
      string: '{"id":"/subscriptions/00000000-0000-0000-0000-000000000000/resourceGroups/cosmosTest/providers/Microsoft.DocumentDB/databaseAccounts/burst-test-38129749813","name":"burst-test-38129749813","location":"West
        US","type":"Microsoft.DocumentDB/databaseAccounts","kind":"GlobalDocumentDB","tags":{},"systemData":{"createdAt":"2023-04-13T05:22:05.1108209Z"},"properties":{"provisioningState":"Succeeded","documentEndpoint":"https://burst-test-38129749813.documents.azure.com:443/","sqlEndpoint":"https://burst-test-38129749813.documents.azure.com:443/","publicNetworkAccess":"Enabled","enableAutomaticFailover":false,"enableMultipleWriteLocations":false,"enablePartitionKeyMonitor":false,"isVirtualNetworkFilterEnabled":false,"virtualNetworkRules":[],"EnabledApiTypes":"Sql","disableKeyBasedMetadataWriteAccess":false,"enableFreeTier":false,"enableAnalyticalStorage":false,"analyticalStorageConfiguration":{"schemaType":"WellDefined"},"instanceId":"22fd5a29-bc2c-474d-98cd-dc65ca8154d7","databaseAccountOfferType":"Standard","enableCassandraConnector":false,"connectorOffer":"","enableMaterializedViews":false,"defaultIdentity":"FirstPartyIdentity","networkAclBypass":"None","disableLocalAuth":false,"enablePartitionMerge":false,"enableBurstCapacity":true,"minimalTlsVersion":"Tls","consistencyPolicy":{"defaultConsistencyLevel":"Session","maxIntervalInSeconds":5,"maxStalenessPrefix":100},"configurationOverrides":{},"writeLocations":[{"id":"burst-test-38129749813-westus","locationName":"West
        US","documentEndpoint":"https://burst-test-38129749813-westus.documents.azure.com:443/","provisioningState":"Succeeded","failoverPriority":0,"isZoneRedundant":false}],"readLocations":[{"id":"burst-test-38129749813-westus","locationName":"West
        US","documentEndpoint":"https://burst-test-38129749813-westus.documents.azure.com:443/","provisioningState":"Succeeded","failoverPriority":0,"isZoneRedundant":false}],"locations":[{"id":"burst-test-38129749813-westus","locationName":"West
        US","documentEndpoint":"https://burst-test-38129749813-westus.documents.azure.com:443/","provisioningState":"Succeeded","failoverPriority":0,"isZoneRedundant":false}],"failoverPolicies":[{"id":"burst-test-38129749813-westus","locationName":"West
        US","failoverPriority":0}],"cors":[],"capabilities":[],"ipRules":[],"backupPolicy":{"type":"Periodic","periodicModeProperties":{"backupIntervalInMinutes":240,"backupRetentionIntervalInHours":8,"backupStorageRedundancy":"Geo"}},"networkAclBypassResourceIds":[],"diagnosticLogSettings":{"enableFullTextQuery":"None"},"keysMetadata":{"primaryMasterKey":{"generationTime":"2023-04-13T05:22:05.1108209Z"},"secondaryMasterKey":{"generationTime":"2023-04-13T05:22:05.1108209Z"},"primaryReadonlyMasterKey":{"generationTime":"2023-04-13T05:22:05.1108209Z"},"secondaryReadonlyMasterKey":{"generationTime":"2023-04-13T05:22:05.1108209Z"}}},"identity":{"type":"None"}}'
    headers:
      cache-control:
      - no-store, no-cache
      content-length:
      - '2872'
      content-type:
      - application/json
      date:
      - Thu, 13 Apr 2023 05:24:53 GMT
      pragma:
      - no-cache
      server:
      - Microsoft-HTTPAPI/2.0
      strict-transport-security:
      - max-age=31536000; includeSubDomains
      transfer-encoding:
      - chunked
      vary:
      - Accept-Encoding
      x-content-type-options:
      - nosniff
      x-ms-gatewayversion:
      - version=2.14.0
    status:
      code: 200
      message: Ok
- request:
    body: null
    headers:
      Accept:
      - '*/*'
      Accept-Encoding:
      - gzip, deflate
      CommandName:
      - cosmosdb delete
      Connection:
      - keep-alive
      Content-Length:
      - '0'
      ParameterSetName:
      - -n -g --yes
      User-Agent:
      - AZURECLI/2.47.0 azsdk-python-mgmt-cosmosdb/9.0.0 Python/3.8.10 (Windows-10-10.0.22621-SP0)
    method: DELETE
    uri: https://management.azure.com/subscriptions/00000000-0000-0000-0000-000000000000/resourceGroups/cosmosTest/providers/Microsoft.DocumentDB/databaseAccounts/burst-test-38129749813?api-version=2022-11-15
  response:
    body:
      string: '{"status":"Enqueued"}'
    headers:
      azure-asyncoperation:
      - https://management.azure.com/subscriptions/00000000-0000-0000-0000-000000000000/providers/Microsoft.DocumentDB/locations/westus/operationsStatus/7f18241c-cf07-4dcf-9a54-52ef1c885790?api-version=2022-11-15
      cache-control:
      - no-store, no-cache
      content-length:
      - '21'
      content-type:
      - application/json
      date:
      - Thu, 13 Apr 2023 05:24:54 GMT
      location:
      - https://management.azure.com/subscriptions/00000000-0000-0000-0000-000000000000/providers/Microsoft.DocumentDB/locations/westus/operationResults/7f18241c-cf07-4dcf-9a54-52ef1c885790?api-version=2022-11-15
      pragma:
      - no-cache
      server:
      - Microsoft-HTTPAPI/2.0
      strict-transport-security:
      - max-age=31536000; includeSubDomains
      x-content-type-options:
      - nosniff
      x-ms-gatewayversion:
      - version=2.14.0
      x-ms-ratelimit-remaining-subscription-deletes:
      - '14999'
    status:
      code: 202
      message: Accepted
- request:
    body: null
    headers:
      Accept:
      - '*/*'
      Accept-Encoding:
      - gzip, deflate
      CommandName:
      - cosmosdb delete
      Connection:
      - keep-alive
      ParameterSetName:
      - -n -g --yes
      User-Agent:
      - AZURECLI/2.47.0 azsdk-python-mgmt-cosmosdb/9.0.0 Python/3.8.10 (Windows-10-10.0.22621-SP0)
    method: GET
    uri: https://management.azure.com/subscriptions/00000000-0000-0000-0000-000000000000/providers/Microsoft.DocumentDB/locations/westus/operationsStatus/7f18241c-cf07-4dcf-9a54-52ef1c885790?api-version=2022-11-15
  response:
    body:
      string: '{"status":"Enqueued"}'
    headers:
      cache-control:
      - no-store, no-cache
      content-length:
      - '21'
      content-type:
      - application/json
      date:
      - Thu, 13 Apr 2023 05:24:54 GMT
      pragma:
      - no-cache
      server:
      - Microsoft-HTTPAPI/2.0
      strict-transport-security:
      - max-age=31536000; includeSubDomains
      transfer-encoding:
      - chunked
      vary:
      - Accept-Encoding
      x-content-type-options:
      - nosniff
      x-ms-gatewayversion:
      - version=2.14.0
    status:
      code: 200
      message: Ok
- request:
    body: null
    headers:
      Accept:
      - '*/*'
      Accept-Encoding:
      - gzip, deflate
      CommandName:
      - cosmosdb delete
      Connection:
      - keep-alive
      ParameterSetName:
      - -n -g --yes
      User-Agent:
      - AZURECLI/2.47.0 azsdk-python-mgmt-cosmosdb/9.0.0 Python/3.8.10 (Windows-10-10.0.22621-SP0)
    method: GET
    uri: https://management.azure.com/subscriptions/00000000-0000-0000-0000-000000000000/providers/Microsoft.DocumentDB/locations/westus/operationsStatus/7f18241c-cf07-4dcf-9a54-52ef1c885790?api-version=2022-11-15
  response:
    body:
      string: '{"status":"Dequeued"}'
    headers:
      cache-control:
      - no-store, no-cache
      content-length:
      - '21'
      content-type:
      - application/json
      date:
      - Thu, 13 Apr 2023 05:25:25 GMT
      pragma:
      - no-cache
      server:
      - Microsoft-HTTPAPI/2.0
      strict-transport-security:
      - max-age=31536000; includeSubDomains
      transfer-encoding:
      - chunked
      vary:
      - Accept-Encoding
      x-content-type-options:
      - nosniff
      x-ms-gatewayversion:
      - version=2.14.0
    status:
      code: 200
      message: Ok
- request:
    body: null
    headers:
      Accept:
      - '*/*'
      Accept-Encoding:
      - gzip, deflate
      CommandName:
      - cosmosdb delete
      Connection:
      - keep-alive
      ParameterSetName:
      - -n -g --yes
      User-Agent:
      - AZURECLI/2.47.0 azsdk-python-mgmt-cosmosdb/9.0.0 Python/3.8.10 (Windows-10-10.0.22621-SP0)
    method: GET
    uri: https://management.azure.com/subscriptions/00000000-0000-0000-0000-000000000000/providers/Microsoft.DocumentDB/locations/westus/operationsStatus/7f18241c-cf07-4dcf-9a54-52ef1c885790?api-version=2022-11-15
  response:
    body:
      string: '{"status":"Dequeued"}'
    headers:
      cache-control:
      - no-store, no-cache
      content-length:
      - '21'
      content-type:
      - application/json
      date:
      - Thu, 13 Apr 2023 05:25:55 GMT
      pragma:
      - no-cache
      server:
      - Microsoft-HTTPAPI/2.0
      strict-transport-security:
      - max-age=31536000; includeSubDomains
      transfer-encoding:
      - chunked
      vary:
      - Accept-Encoding
      x-content-type-options:
      - nosniff
      x-ms-gatewayversion:
      - version=2.14.0
    status:
      code: 200
      message: Ok
- request:
    body: null
    headers:
      Accept:
      - '*/*'
      Accept-Encoding:
      - gzip, deflate
      CommandName:
      - cosmosdb delete
      Connection:
      - keep-alive
      ParameterSetName:
      - -n -g --yes
      User-Agent:
      - AZURECLI/2.47.0 azsdk-python-mgmt-cosmosdb/9.0.0 Python/3.8.10 (Windows-10-10.0.22621-SP0)
    method: GET
    uri: https://management.azure.com/subscriptions/00000000-0000-0000-0000-000000000000/providers/Microsoft.DocumentDB/locations/westus/operationsStatus/7f18241c-cf07-4dcf-9a54-52ef1c885790?api-version=2022-11-15
  response:
    body:
      string: '{"status":"Dequeued"}'
    headers:
      cache-control:
      - no-store, no-cache
      content-length:
      - '21'
      content-type:
      - application/json
      date:
      - Thu, 13 Apr 2023 05:26:25 GMT
      pragma:
      - no-cache
      server:
      - Microsoft-HTTPAPI/2.0
      strict-transport-security:
      - max-age=31536000; includeSubDomains
      transfer-encoding:
      - chunked
      vary:
      - Accept-Encoding
      x-content-type-options:
      - nosniff
      x-ms-gatewayversion:
      - version=2.14.0
    status:
      code: 200
      message: Ok
- request:
    body: null
    headers:
      Accept:
      - '*/*'
      Accept-Encoding:
      - gzip, deflate
      CommandName:
      - cosmosdb delete
      Connection:
      - keep-alive
      ParameterSetName:
      - -n -g --yes
      User-Agent:
      - AZURECLI/2.47.0 azsdk-python-mgmt-cosmosdb/9.0.0 Python/3.8.10 (Windows-10-10.0.22621-SP0)
    method: GET
    uri: https://management.azure.com/subscriptions/00000000-0000-0000-0000-000000000000/providers/Microsoft.DocumentDB/locations/westus/operationsStatus/7f18241c-cf07-4dcf-9a54-52ef1c885790?api-version=2022-11-15
  response:
    body:
      string: '{"status":"Dequeued"}'
    headers:
      cache-control:
      - no-store, no-cache
      content-length:
      - '21'
      content-type:
      - application/json
      date:
      - Thu, 13 Apr 2023 05:26:56 GMT
      pragma:
      - no-cache
      server:
      - Microsoft-HTTPAPI/2.0
      strict-transport-security:
      - max-age=31536000; includeSubDomains
      transfer-encoding:
      - chunked
      vary:
      - Accept-Encoding
      x-content-type-options:
      - nosniff
      x-ms-gatewayversion:
      - version=2.14.0
    status:
      code: 200
      message: Ok
- request:
    body: null
    headers:
      Accept:
      - '*/*'
      Accept-Encoding:
      - gzip, deflate
      CommandName:
      - cosmosdb delete
      Connection:
      - keep-alive
      ParameterSetName:
      - -n -g --yes
      User-Agent:
      - AZURECLI/2.47.0 azsdk-python-mgmt-cosmosdb/9.0.0 Python/3.8.10 (Windows-10-10.0.22621-SP0)
    method: GET
    uri: https://management.azure.com/subscriptions/00000000-0000-0000-0000-000000000000/providers/Microsoft.DocumentDB/locations/westus/operationsStatus/7f18241c-cf07-4dcf-9a54-52ef1c885790?api-version=2022-11-15
  response:
    body:
      string: '{"status":"Dequeued"}'
    headers:
      cache-control:
      - no-store, no-cache
      content-length:
      - '21'
      content-type:
      - application/json
      date:
      - Thu, 13 Apr 2023 05:27:25 GMT
      pragma:
      - no-cache
      server:
      - Microsoft-HTTPAPI/2.0
      strict-transport-security:
      - max-age=31536000; includeSubDomains
      transfer-encoding:
      - chunked
      vary:
      - Accept-Encoding
      x-content-type-options:
      - nosniff
      x-ms-gatewayversion:
      - version=2.14.0
    status:
      code: 200
      message: Ok
- request:
    body: null
    headers:
      Accept:
      - '*/*'
      Accept-Encoding:
      - gzip, deflate
      CommandName:
      - cosmosdb delete
      Connection:
      - keep-alive
      ParameterSetName:
      - -n -g --yes
      User-Agent:
      - AZURECLI/2.47.0 azsdk-python-mgmt-cosmosdb/9.0.0 Python/3.8.10 (Windows-10-10.0.22621-SP0)
    method: GET
    uri: https://management.azure.com/subscriptions/00000000-0000-0000-0000-000000000000/providers/Microsoft.DocumentDB/locations/westus/operationsStatus/7f18241c-cf07-4dcf-9a54-52ef1c885790?api-version=2022-11-15
  response:
    body:
      string: '{"status":"Dequeued"}'
    headers:
      cache-control:
      - no-store, no-cache
      content-length:
      - '21'
      content-type:
      - application/json
      date:
      - Thu, 13 Apr 2023 05:27:56 GMT
      pragma:
      - no-cache
      server:
      - Microsoft-HTTPAPI/2.0
      strict-transport-security:
      - max-age=31536000; includeSubDomains
      transfer-encoding:
      - chunked
      vary:
      - Accept-Encoding
      x-content-type-options:
      - nosniff
      x-ms-gatewayversion:
      - version=2.14.0
    status:
      code: 200
      message: Ok
- request:
    body: null
    headers:
      Accept:
      - '*/*'
      Accept-Encoding:
      - gzip, deflate
      CommandName:
      - cosmosdb delete
      Connection:
      - keep-alive
      ParameterSetName:
      - -n -g --yes
      User-Agent:
      - AZURECLI/2.47.0 azsdk-python-mgmt-cosmosdb/9.0.0 Python/3.8.10 (Windows-10-10.0.22621-SP0)
    method: GET
    uri: https://management.azure.com/subscriptions/00000000-0000-0000-0000-000000000000/providers/Microsoft.DocumentDB/locations/westus/operationsStatus/7f18241c-cf07-4dcf-9a54-52ef1c885790?api-version=2022-11-15
  response:
    body:
      string: '{"status":"Dequeued"}'
    headers:
      cache-control:
      - no-store, no-cache
      content-length:
      - '21'
      content-type:
      - application/json
      date:
      - Thu, 13 Apr 2023 05:28:26 GMT
      pragma:
      - no-cache
      server:
      - Microsoft-HTTPAPI/2.0
      strict-transport-security:
      - max-age=31536000; includeSubDomains
      transfer-encoding:
      - chunked
      vary:
      - Accept-Encoding
      x-content-type-options:
      - nosniff
      x-ms-gatewayversion:
      - version=2.14.0
    status:
      code: 200
      message: Ok
- request:
    body: null
    headers:
      Accept:
      - '*/*'
      Accept-Encoding:
      - gzip, deflate
      CommandName:
      - cosmosdb delete
      Connection:
      - keep-alive
      ParameterSetName:
      - -n -g --yes
      User-Agent:
      - AZURECLI/2.47.0 azsdk-python-mgmt-cosmosdb/9.0.0 Python/3.8.10 (Windows-10-10.0.22621-SP0)
    method: GET
    uri: https://management.azure.com/subscriptions/00000000-0000-0000-0000-000000000000/providers/Microsoft.DocumentDB/locations/westus/operationsStatus/7f18241c-cf07-4dcf-9a54-52ef1c885790?api-version=2022-11-15
  response:
    body:
      string: '{"status":"Dequeued"}'
    headers:
      cache-control:
      - no-store, no-cache
      content-length:
      - '21'
      content-type:
      - application/json
      date:
      - Thu, 13 Apr 2023 05:28:56 GMT
      pragma:
      - no-cache
      server:
      - Microsoft-HTTPAPI/2.0
      strict-transport-security:
      - max-age=31536000; includeSubDomains
      transfer-encoding:
      - chunked
      vary:
      - Accept-Encoding
      x-content-type-options:
      - nosniff
      x-ms-gatewayversion:
      - version=2.14.0
    status:
      code: 200
      message: Ok
- request:
    body: null
    headers:
      Accept:
      - '*/*'
      Accept-Encoding:
      - gzip, deflate
      CommandName:
      - cosmosdb delete
      Connection:
      - keep-alive
      ParameterSetName:
      - -n -g --yes
      User-Agent:
      - AZURECLI/2.47.0 azsdk-python-mgmt-cosmosdb/9.0.0 Python/3.8.10 (Windows-10-10.0.22621-SP0)
    method: GET
    uri: https://management.azure.com/subscriptions/00000000-0000-0000-0000-000000000000/providers/Microsoft.DocumentDB/locations/westus/operationsStatus/7f18241c-cf07-4dcf-9a54-52ef1c885790?api-version=2022-11-15
  response:
    body:
      string: '{"status":"Dequeued"}'
    headers:
      cache-control:
      - no-store, no-cache
      content-length:
      - '21'
      content-type:
      - application/json
      date:
      - Thu, 13 Apr 2023 05:29:26 GMT
      pragma:
      - no-cache
      server:
      - Microsoft-HTTPAPI/2.0
      strict-transport-security:
      - max-age=31536000; includeSubDomains
      transfer-encoding:
      - chunked
      vary:
      - Accept-Encoding
      x-content-type-options:
      - nosniff
      x-ms-gatewayversion:
      - version=2.14.0
    status:
      code: 200
      message: Ok
- request:
    body: null
    headers:
      Accept:
      - '*/*'
      Accept-Encoding:
      - gzip, deflate
      CommandName:
      - cosmosdb delete
      Connection:
      - keep-alive
      ParameterSetName:
      - -n -g --yes
      User-Agent:
      - AZURECLI/2.47.0 azsdk-python-mgmt-cosmosdb/9.0.0 Python/3.8.10 (Windows-10-10.0.22621-SP0)
    method: GET
    uri: https://management.azure.com/subscriptions/00000000-0000-0000-0000-000000000000/providers/Microsoft.DocumentDB/locations/westus/operationsStatus/7f18241c-cf07-4dcf-9a54-52ef1c885790?api-version=2022-11-15
  response:
    body:
      string: '{"status":"Dequeued"}'
    headers:
      cache-control:
      - no-store, no-cache
      content-length:
      - '21'
      content-type:
      - application/json
      date:
      - Thu, 13 Apr 2023 05:29:57 GMT
      pragma:
      - no-cache
      server:
      - Microsoft-HTTPAPI/2.0
      strict-transport-security:
      - max-age=31536000; includeSubDomains
      transfer-encoding:
      - chunked
      vary:
      - Accept-Encoding
      x-content-type-options:
      - nosniff
      x-ms-gatewayversion:
      - version=2.14.0
    status:
      code: 200
      message: Ok
- request:
    body: null
    headers:
      Accept:
      - '*/*'
      Accept-Encoding:
      - gzip, deflate
      CommandName:
      - cosmosdb delete
      Connection:
      - keep-alive
      ParameterSetName:
      - -n -g --yes
      User-Agent:
      - AZURECLI/2.47.0 azsdk-python-mgmt-cosmosdb/9.0.0 Python/3.8.10 (Windows-10-10.0.22621-SP0)
    method: GET
    uri: https://management.azure.com/subscriptions/00000000-0000-0000-0000-000000000000/providers/Microsoft.DocumentDB/locations/westus/operationsStatus/7f18241c-cf07-4dcf-9a54-52ef1c885790?api-version=2022-11-15
  response:
    body:
      string: '{"status":"Dequeued"}'
    headers:
      cache-control:
      - no-store, no-cache
      content-length:
      - '21'
      content-type:
      - application/json
      date:
      - Thu, 13 Apr 2023 05:30:27 GMT
      pragma:
      - no-cache
      server:
      - Microsoft-HTTPAPI/2.0
      strict-transport-security:
      - max-age=31536000; includeSubDomains
      transfer-encoding:
      - chunked
      vary:
      - Accept-Encoding
      x-content-type-options:
      - nosniff
      x-ms-gatewayversion:
      - version=2.14.0
    status:
      code: 200
      message: Ok
- request:
    body: null
    headers:
      Accept:
      - '*/*'
      Accept-Encoding:
      - gzip, deflate
      CommandName:
      - cosmosdb delete
      Connection:
      - keep-alive
      ParameterSetName:
      - -n -g --yes
      User-Agent:
      - AZURECLI/2.47.0 azsdk-python-mgmt-cosmosdb/9.0.0 Python/3.8.10 (Windows-10-10.0.22621-SP0)
    method: GET
    uri: https://management.azure.com/subscriptions/00000000-0000-0000-0000-000000000000/providers/Microsoft.DocumentDB/locations/westus/operationsStatus/7f18241c-cf07-4dcf-9a54-52ef1c885790?api-version=2022-11-15
  response:
    body:
      string: '{"status":"Dequeued"}'
    headers:
      cache-control:
      - no-store, no-cache
      content-length:
      - '21'
      content-type:
      - application/json
      date:
      - Thu, 13 Apr 2023 05:30:57 GMT
      pragma:
      - no-cache
      server:
      - Microsoft-HTTPAPI/2.0
      strict-transport-security:
      - max-age=31536000; includeSubDomains
      transfer-encoding:
      - chunked
      vary:
      - Accept-Encoding
      x-content-type-options:
      - nosniff
      x-ms-gatewayversion:
      - version=2.14.0
    status:
      code: 200
      message: Ok
- request:
    body: null
    headers:
      Accept:
      - '*/*'
      Accept-Encoding:
      - gzip, deflate
      CommandName:
      - cosmosdb delete
      Connection:
      - keep-alive
      ParameterSetName:
      - -n -g --yes
      User-Agent:
      - AZURECLI/2.47.0 azsdk-python-mgmt-cosmosdb/9.0.0 Python/3.8.10 (Windows-10-10.0.22621-SP0)
    method: GET
    uri: https://management.azure.com/subscriptions/00000000-0000-0000-0000-000000000000/providers/Microsoft.DocumentDB/locations/westus/operationsStatus/7f18241c-cf07-4dcf-9a54-52ef1c885790?api-version=2022-11-15
  response:
    body:
      string: '{"status":"Dequeued"}'
    headers:
      cache-control:
      - no-store, no-cache
      content-length:
      - '21'
      content-type:
      - application/json
      date:
      - Thu, 13 Apr 2023 05:31:27 GMT
      pragma:
      - no-cache
      server:
      - Microsoft-HTTPAPI/2.0
      strict-transport-security:
      - max-age=31536000; includeSubDomains
      transfer-encoding:
      - chunked
      vary:
      - Accept-Encoding
      x-content-type-options:
      - nosniff
      x-ms-gatewayversion:
      - version=2.14.0
    status:
      code: 200
      message: Ok
- request:
    body: null
    headers:
      Accept:
      - '*/*'
      Accept-Encoding:
      - gzip, deflate
      CommandName:
      - cosmosdb delete
      Connection:
      - keep-alive
      ParameterSetName:
      - -n -g --yes
      User-Agent:
      - AZURECLI/2.47.0 azsdk-python-mgmt-cosmosdb/9.0.0 Python/3.8.10 (Windows-10-10.0.22621-SP0)
    method: GET
    uri: https://management.azure.com/subscriptions/00000000-0000-0000-0000-000000000000/providers/Microsoft.DocumentDB/locations/westus/operationsStatus/7f18241c-cf07-4dcf-9a54-52ef1c885790?api-version=2022-11-15
  response:
    body:
      string: '{"status":"Dequeued"}'
    headers:
      cache-control:
      - no-store, no-cache
      content-length:
      - '21'
      content-type:
      - application/json
      date:
      - Thu, 13 Apr 2023 05:31:57 GMT
      pragma:
      - no-cache
      server:
      - Microsoft-HTTPAPI/2.0
      strict-transport-security:
      - max-age=31536000; includeSubDomains
      transfer-encoding:
      - chunked
      vary:
      - Accept-Encoding
      x-content-type-options:
      - nosniff
      x-ms-gatewayversion:
      - version=2.14.0
    status:
      code: 200
      message: Ok
- request:
    body: null
    headers:
      Accept:
      - '*/*'
      Accept-Encoding:
      - gzip, deflate
      CommandName:
      - cosmosdb delete
      Connection:
      - keep-alive
      ParameterSetName:
      - -n -g --yes
      User-Agent:
      - AZURECLI/2.47.0 azsdk-python-mgmt-cosmosdb/9.0.0 Python/3.8.10 (Windows-10-10.0.22621-SP0)
    method: GET
    uri: https://management.azure.com/subscriptions/00000000-0000-0000-0000-000000000000/providers/Microsoft.DocumentDB/locations/westus/operationsStatus/7f18241c-cf07-4dcf-9a54-52ef1c885790?api-version=2022-11-15
  response:
    body:
      string: '{"status":"Dequeued"}'
    headers:
      cache-control:
      - no-store, no-cache
      content-length:
      - '21'
      content-type:
      - application/json
      date:
      - Thu, 13 Apr 2023 05:32:27 GMT
      pragma:
      - no-cache
      server:
      - Microsoft-HTTPAPI/2.0
      strict-transport-security:
      - max-age=31536000; includeSubDomains
      transfer-encoding:
      - chunked
      vary:
      - Accept-Encoding
      x-content-type-options:
      - nosniff
      x-ms-gatewayversion:
      - version=2.14.0
    status:
      code: 200
      message: Ok
- request:
    body: null
    headers:
      Accept:
      - '*/*'
      Accept-Encoding:
      - gzip, deflate
      CommandName:
      - cosmosdb delete
      Connection:
      - keep-alive
      ParameterSetName:
      - -n -g --yes
      User-Agent:
      - AZURECLI/2.47.0 azsdk-python-mgmt-cosmosdb/9.0.0 Python/3.8.10 (Windows-10-10.0.22621-SP0)
    method: GET
    uri: https://management.azure.com/subscriptions/00000000-0000-0000-0000-000000000000/providers/Microsoft.DocumentDB/locations/westus/operationsStatus/7f18241c-cf07-4dcf-9a54-52ef1c885790?api-version=2022-11-15
  response:
    body:
      string: '{"status":"Dequeued"}'
    headers:
      cache-control:
      - no-store, no-cache
      content-length:
      - '21'
      content-type:
      - application/json
      date:
      - Thu, 13 Apr 2023 05:32:57 GMT
      pragma:
      - no-cache
      server:
      - Microsoft-HTTPAPI/2.0
      strict-transport-security:
      - max-age=31536000; includeSubDomains
      transfer-encoding:
      - chunked
      vary:
      - Accept-Encoding
      x-content-type-options:
      - nosniff
      x-ms-gatewayversion:
      - version=2.14.0
    status:
      code: 200
      message: Ok
- request:
    body: null
    headers:
      Accept:
      - '*/*'
      Accept-Encoding:
      - gzip, deflate
      CommandName:
      - cosmosdb delete
      Connection:
      - keep-alive
      ParameterSetName:
      - -n -g --yes
      User-Agent:
      - AZURECLI/2.47.0 azsdk-python-mgmt-cosmosdb/9.0.0 Python/3.8.10 (Windows-10-10.0.22621-SP0)
    method: GET
    uri: https://management.azure.com/subscriptions/00000000-0000-0000-0000-000000000000/providers/Microsoft.DocumentDB/locations/westus/operationsStatus/7f18241c-cf07-4dcf-9a54-52ef1c885790?api-version=2022-11-15
  response:
    body:
      string: '{"status":"Succeeded"}'
    headers:
      cache-control:
      - no-store, no-cache
      content-length:
      - '22'
      content-type:
      - application/json
      date:
      - Thu, 13 Apr 2023 05:33:27 GMT
      pragma:
      - no-cache
      server:
      - Microsoft-HTTPAPI/2.0
      strict-transport-security:
      - max-age=31536000; includeSubDomains
      transfer-encoding:
      - chunked
      vary:
      - Accept-Encoding
      x-content-type-options:
      - nosniff
      x-ms-gatewayversion:
      - version=2.14.0
    status:
      code: 200
      message: Ok
version: 1
