interactions:
- request:
    body: null
    headers:
      Accept:
      - application/json
      Accept-Encoding:
      - gzip, deflate
      CommandName:
      - cosmosdb create
      Connection:
      - keep-alive
      ParameterSetName:
      - -n -g --backup-policy-type --locations --capabilities
      User-Agent:
      - AZURECLI/2.36.0 azsdk-python-azure-mgmt-resource/20.0.0 Python/3.10.4 (Windows-10-10.0.22000-SP0)
    method: GET
    uri: https://management.azure.com/subscriptions/00000000-0000-0000-0000-000000000000/resourcegroups/cli_test_cosmosdb_gremlin_account_restore_using_create000001?api-version=2021-04-01
  response:
    body:
      string: '{"id":"/subscriptions/00000000-0000-0000-0000-000000000000/resourceGroups/cli_test_cosmosdb_gremlin_account_restore_using_create000001","name":"cli_test_cosmosdb_gremlin_account_restore_using_create000001","type":"Microsoft.Resources/resourceGroups","location":"westus2","tags":{"product":"azurecli","cause":"automation","date":"2022-05-08T06:04:40Z"},"properties":{"provisioningState":"Succeeded"}}'
    headers:
      cache-control:
      - no-cache
      content-length:
      - '399'
      content-type:
      - application/json; charset=utf-8
      date:
      - Sun, 08 May 2022 06:04:46 GMT
      expires:
      - '-1'
      pragma:
      - no-cache
      strict-transport-security:
      - max-age=31536000; includeSubDomains
      vary:
      - Accept-Encoding
      x-content-type-options:
      - nosniff
    status:
      code: 200
      message: OK
- request:
    body: '{"location": "westus2", "kind": "GlobalDocumentDB", "properties": {"locations":
      [{"locationName": "westus2", "failoverPriority": 0, "isZoneRedundant": false}],
      "databaseAccountOfferType": "Standard", "capabilities": [{"name": "EnableGremlin"}],
      "apiProperties": {}, "createMode": "Default", "backupPolicy": {"type": "Continuous"}}}'
    headers:
      Accept:
      - application/json
      Accept-Encoding:
      - gzip, deflate
      CommandName:
      - cosmosdb create
      Connection:
      - keep-alive
      Content-Length:
      - '331'
      Content-Type:
      - application/json
      ParameterSetName:
      - -n -g --backup-policy-type --locations --capabilities
      User-Agent:
      - AZURECLI/2.36.0 azsdk-python-mgmt-cosmosdb/7.0.0b5 Python/3.10.4 (Windows-10-10.0.22000-SP0)
    method: PUT
    uri: https://management.azure.com/subscriptions/00000000-0000-0000-0000-000000000000/resourceGroups/cli_test_cosmosdb_gremlin_account_restore_using_create000001/providers/Microsoft.DocumentDB/databaseAccounts/cli000003?api-version=2022-02-15-preview
  response:
    body:
      string: '{"id":"/subscriptions/00000000-0000-0000-0000-000000000000/resourceGroups/cli_test_cosmosdb_gremlin_account_restore_using_create000001/providers/Microsoft.DocumentDB/databaseAccounts/cli000003","name":"cli000003","location":"West
        US 2","type":"Microsoft.DocumentDB/databaseAccounts","kind":"GlobalDocumentDB","tags":{},"systemData":{"createdAt":"2022-05-08T06:04:57.9239957Z"},"properties":{"provisioningState":"Creating","publicNetworkAccess":"Enabled","enableAutomaticFailover":false,"enableMultipleWriteLocations":false,"enablePartitionKeyMonitor":false,"isVirtualNetworkFilterEnabled":false,"virtualNetworkRules":[],"EnabledApiTypes":"Gremlin,
        Sql","disableKeyBasedMetadataWriteAccess":false,"enableFreeTier":false,"enableAnalyticalStorage":false,"analyticalStorageConfiguration":{"schemaType":"WellDefined"},"instanceId":"0c29493a-570d-40bc-8a57-709862f8b630","createMode":"Default","databaseAccountOfferType":"Standard","defaultIdentity":"","networkAclBypass":"None","disableLocalAuth":false,"consistencyPolicy":{"defaultConsistencyLevel":"Session","maxIntervalInSeconds":5,"maxStalenessPrefix":100},"configurationOverrides":{},"writeLocations":[{"id":"cli000003-westus2","locationName":"West
        US 2","provisioningState":"Creating","failoverPriority":0,"isZoneRedundant":false}],"readLocations":[{"id":"cli000003-westus2","locationName":"West
        US 2","provisioningState":"Creating","failoverPriority":0,"isZoneRedundant":false}],"locations":[{"id":"cli000003-westus2","locationName":"West
        US 2","provisioningState":"Creating","failoverPriority":0,"isZoneRedundant":false}],"failoverPolicies":[{"id":"cli000003-westus2","locationName":"West
        US 2","failoverPriority":0}],"cors":[],"capabilities":[{"name":"EnableGremlin"}],"ipRules":[],"backupPolicy":{"type":"Continuous","continuousModeProperties":{"tier":"Continuous30Days"}},"networkAclBypassResourceIds":[],"diagnosticLogSettings":{"enableFullTextQuery":"None"}},"identity":{"type":"None"}}'
    headers:
      azure-asyncoperation:
      - https://management.azure.com/subscriptions/00000000-0000-0000-0000-000000000000/providers/Microsoft.DocumentDB/locations/westus2/operationsStatus/1e8e6d4f-a720-478d-bcca-7080367da31b?api-version=2022-02-15-preview
      cache-control:
      - no-store, no-cache
      content-length:
      - '1944'
      content-type:
      - application/json
      date:
      - Sun, 08 May 2022 06:05:01 GMT
      location:
      - https://management.azure.com/subscriptions/00000000-0000-0000-0000-000000000000/resourceGroups/cli_test_cosmosdb_gremlin_account_restore_using_create000001/providers/Microsoft.DocumentDB/databaseAccounts/cli000003/operationResults/1e8e6d4f-a720-478d-bcca-7080367da31b?api-version=2022-02-15-preview
      pragma:
      - no-cache
      server:
      - Microsoft-HTTPAPI/2.0
      strict-transport-security:
      - max-age=31536000; includeSubDomains
      transfer-encoding:
      - chunked
      vary:
      - Accept-Encoding
      x-content-type-options:
      - nosniff
      x-ms-gatewayversion:
      - version=2.14.0
      x-ms-ratelimit-remaining-subscription-writes:
      - '1194'
    status:
      code: 200
      message: Ok
- request:
    body: null
    headers:
      Accept:
      - '*/*'
      Accept-Encoding:
      - gzip, deflate
      CommandName:
      - cosmosdb create
      Connection:
      - keep-alive
      ParameterSetName:
      - -n -g --backup-policy-type --locations --capabilities
      User-Agent:
      - AZURECLI/2.36.0 azsdk-python-mgmt-cosmosdb/7.0.0b5 Python/3.10.4 (Windows-10-10.0.22000-SP0)
    method: GET
    uri: https://management.azure.com/subscriptions/00000000-0000-0000-0000-000000000000/providers/Microsoft.DocumentDB/locations/westus2/operationsStatus/1e8e6d4f-a720-478d-bcca-7080367da31b?api-version=2022-02-15-preview
  response:
    body:
      string: '{"status":"Dequeued"}'
    headers:
      cache-control:
      - no-store, no-cache
      content-length:
      - '21'
      content-type:
      - application/json
      date:
      - Sun, 08 May 2022 06:05:32 GMT
      pragma:
      - no-cache
      server:
      - Microsoft-HTTPAPI/2.0
      strict-transport-security:
      - max-age=31536000; includeSubDomains
      transfer-encoding:
      - chunked
      vary:
      - Accept-Encoding
      x-content-type-options:
      - nosniff
      x-ms-gatewayversion:
      - version=2.14.0
    status:
      code: 200
      message: Ok
- request:
    body: null
    headers:
      Accept:
      - '*/*'
      Accept-Encoding:
      - gzip, deflate
      CommandName:
      - cosmosdb create
      Connection:
      - keep-alive
      ParameterSetName:
      - -n -g --backup-policy-type --locations --capabilities
      User-Agent:
      - AZURECLI/2.36.0 azsdk-python-mgmt-cosmosdb/7.0.0b5 Python/3.10.4 (Windows-10-10.0.22000-SP0)
    method: GET
    uri: https://management.azure.com/subscriptions/00000000-0000-0000-0000-000000000000/providers/Microsoft.DocumentDB/locations/westus2/operationsStatus/1e8e6d4f-a720-478d-bcca-7080367da31b?api-version=2022-02-15-preview
  response:
    body:
      string: '{"status":"Dequeued"}'
    headers:
      cache-control:
      - no-store, no-cache
      content-length:
      - '21'
      content-type:
      - application/json
      date:
      - Sun, 08 May 2022 06:06:02 GMT
      pragma:
      - no-cache
      server:
      - Microsoft-HTTPAPI/2.0
      strict-transport-security:
      - max-age=31536000; includeSubDomains
      transfer-encoding:
      - chunked
      vary:
      - Accept-Encoding
      x-content-type-options:
      - nosniff
      x-ms-gatewayversion:
      - version=2.14.0
    status:
      code: 200
      message: Ok
- request:
    body: null
    headers:
      Accept:
      - '*/*'
      Accept-Encoding:
      - gzip, deflate
      CommandName:
      - cosmosdb create
      Connection:
      - keep-alive
      ParameterSetName:
      - -n -g --backup-policy-type --locations --capabilities
      User-Agent:
      - AZURECLI/2.36.0 azsdk-python-mgmt-cosmosdb/7.0.0b5 Python/3.10.4 (Windows-10-10.0.22000-SP0)
    method: GET
    uri: https://management.azure.com/subscriptions/00000000-0000-0000-0000-000000000000/providers/Microsoft.DocumentDB/locations/westus2/operationsStatus/1e8e6d4f-a720-478d-bcca-7080367da31b?api-version=2022-02-15-preview
  response:
    body:
      string: '{"status":"Dequeued"}'
    headers:
      cache-control:
      - no-store, no-cache
      content-length:
      - '21'
      content-type:
      - application/json
      date:
      - Sun, 08 May 2022 06:06:32 GMT
      pragma:
      - no-cache
      server:
      - Microsoft-HTTPAPI/2.0
      strict-transport-security:
      - max-age=31536000; includeSubDomains
      transfer-encoding:
      - chunked
      vary:
      - Accept-Encoding
      x-content-type-options:
      - nosniff
      x-ms-gatewayversion:
      - version=2.14.0
    status:
      code: 200
      message: Ok
- request:
    body: null
    headers:
      Accept:
      - '*/*'
      Accept-Encoding:
      - gzip, deflate
      CommandName:
      - cosmosdb create
      Connection:
      - keep-alive
      ParameterSetName:
      - -n -g --backup-policy-type --locations --capabilities
      User-Agent:
      - AZURECLI/2.36.0 azsdk-python-mgmt-cosmosdb/7.0.0b5 Python/3.10.4 (Windows-10-10.0.22000-SP0)
    method: GET
    uri: https://management.azure.com/subscriptions/00000000-0000-0000-0000-000000000000/providers/Microsoft.DocumentDB/locations/westus2/operationsStatus/1e8e6d4f-a720-478d-bcca-7080367da31b?api-version=2022-02-15-preview
  response:
    body:
      string: '{"status":"Dequeued"}'
    headers:
      cache-control:
      - no-store, no-cache
      content-length:
      - '21'
      content-type:
      - application/json
      date:
      - Sun, 08 May 2022 06:07:02 GMT
      pragma:
      - no-cache
      server:
      - Microsoft-HTTPAPI/2.0
      strict-transport-security:
      - max-age=31536000; includeSubDomains
      transfer-encoding:
      - chunked
      vary:
      - Accept-Encoding
      x-content-type-options:
      - nosniff
      x-ms-gatewayversion:
      - version=2.14.0
    status:
      code: 200
      message: Ok
- request:
    body: null
    headers:
      Accept:
      - '*/*'
      Accept-Encoding:
      - gzip, deflate
      CommandName:
      - cosmosdb create
      Connection:
      - keep-alive
      ParameterSetName:
      - -n -g --backup-policy-type --locations --capabilities
      User-Agent:
      - AZURECLI/2.36.0 azsdk-python-mgmt-cosmosdb/7.0.0b5 Python/3.10.4 (Windows-10-10.0.22000-SP0)
    method: GET
    uri: https://management.azure.com/subscriptions/00000000-0000-0000-0000-000000000000/providers/Microsoft.DocumentDB/locations/westus2/operationsStatus/1e8e6d4f-a720-478d-bcca-7080367da31b?api-version=2022-02-15-preview
  response:
    body:
      string: '{"status":"Dequeued"}'
    headers:
      cache-control:
      - no-store, no-cache
      content-length:
      - '21'
      content-type:
      - application/json
      date:
      - Sun, 08 May 2022 06:07:33 GMT
      pragma:
      - no-cache
      server:
      - Microsoft-HTTPAPI/2.0
      strict-transport-security:
      - max-age=31536000; includeSubDomains
      transfer-encoding:
      - chunked
      vary:
      - Accept-Encoding
      x-content-type-options:
      - nosniff
      x-ms-gatewayversion:
      - version=2.14.0
    status:
      code: 200
      message: Ok
- request:
    body: null
    headers:
      Accept:
      - '*/*'
      Accept-Encoding:
      - gzip, deflate
      CommandName:
      - cosmosdb create
      Connection:
      - keep-alive
      ParameterSetName:
      - -n -g --backup-policy-type --locations --capabilities
      User-Agent:
      - AZURECLI/2.36.0 azsdk-python-mgmt-cosmosdb/7.0.0b5 Python/3.10.4 (Windows-10-10.0.22000-SP0)
    method: GET
    uri: https://management.azure.com/subscriptions/00000000-0000-0000-0000-000000000000/providers/Microsoft.DocumentDB/locations/westus2/operationsStatus/1e8e6d4f-a720-478d-bcca-7080367da31b?api-version=2022-02-15-preview
  response:
    body:
      string: '{"status":"Dequeued"}'
    headers:
      cache-control:
      - no-store, no-cache
      content-length:
      - '21'
      content-type:
      - application/json
      date:
      - Sun, 08 May 2022 06:08:03 GMT
      pragma:
      - no-cache
      server:
      - Microsoft-HTTPAPI/2.0
      strict-transport-security:
      - max-age=31536000; includeSubDomains
      transfer-encoding:
      - chunked
      vary:
      - Accept-Encoding
      x-content-type-options:
      - nosniff
      x-ms-gatewayversion:
      - version=2.14.0
    status:
      code: 200
      message: Ok
- request:
    body: null
    headers:
      Accept:
      - '*/*'
      Accept-Encoding:
      - gzip, deflate
      CommandName:
      - cosmosdb create
      Connection:
      - keep-alive
      ParameterSetName:
      - -n -g --backup-policy-type --locations --capabilities
      User-Agent:
      - AZURECLI/2.36.0 azsdk-python-mgmt-cosmosdb/7.0.0b5 Python/3.10.4 (Windows-10-10.0.22000-SP0)
    method: GET
    uri: https://management.azure.com/subscriptions/00000000-0000-0000-0000-000000000000/providers/Microsoft.DocumentDB/locations/westus2/operationsStatus/1e8e6d4f-a720-478d-bcca-7080367da31b?api-version=2022-02-15-preview
  response:
    body:
      string: '{"status":"Succeeded"}'
    headers:
      cache-control:
      - no-store, no-cache
      content-length:
      - '22'
      content-type:
      - application/json
      date:
      - Sun, 08 May 2022 06:08:33 GMT
      pragma:
      - no-cache
      server:
      - Microsoft-HTTPAPI/2.0
      strict-transport-security:
      - max-age=31536000; includeSubDomains
      transfer-encoding:
      - chunked
      vary:
      - Accept-Encoding
      x-content-type-options:
      - nosniff
      x-ms-gatewayversion:
      - version=2.14.0
    status:
      code: 200
      message: Ok
- request:
    body: null
    headers:
      Accept:
      - '*/*'
      Accept-Encoding:
      - gzip, deflate
      CommandName:
      - cosmosdb create
      Connection:
      - keep-alive
      ParameterSetName:
      - -n -g --backup-policy-type --locations --capabilities
      User-Agent:
      - AZURECLI/2.36.0 azsdk-python-mgmt-cosmosdb/7.0.0b5 Python/3.10.4 (Windows-10-10.0.22000-SP0)
    method: GET
    uri: https://management.azure.com/subscriptions/00000000-0000-0000-0000-000000000000/resourceGroups/cli_test_cosmosdb_gremlin_account_restore_using_create000001/providers/Microsoft.DocumentDB/databaseAccounts/cli000003?api-version=2022-02-15-preview
  response:
    body:
      string: '{"id":"/subscriptions/00000000-0000-0000-0000-000000000000/resourceGroups/cli_test_cosmosdb_gremlin_account_restore_using_create000001/providers/Microsoft.DocumentDB/databaseAccounts/cli000003","name":"cli000003","location":"West
        US 2","type":"Microsoft.DocumentDB/databaseAccounts","kind":"GlobalDocumentDB","tags":{},"systemData":{"createdAt":"2022-05-08T06:08:11.5922724Z"},"properties":{"provisioningState":"Succeeded","documentEndpoint":"https://cli000003.documents.azure.com:443/","gremlinEndpoint":"https://cli000003.gremlin.cosmos.azure.com:443/","publicNetworkAccess":"Enabled","enableAutomaticFailover":false,"enableMultipleWriteLocations":false,"enablePartitionKeyMonitor":false,"isVirtualNetworkFilterEnabled":false,"virtualNetworkRules":[],"EnabledApiTypes":"Gremlin,
        Sql","disableKeyBasedMetadataWriteAccess":false,"enableFreeTier":false,"enableAnalyticalStorage":false,"analyticalStorageConfiguration":{"schemaType":"WellDefined"},"instanceId":"0c29493a-570d-40bc-8a57-709862f8b630","createMode":"Default","databaseAccountOfferType":"Standard","defaultIdentity":"FirstPartyIdentity","networkAclBypass":"None","disableLocalAuth":false,"consistencyPolicy":{"defaultConsistencyLevel":"Session","maxIntervalInSeconds":5,"maxStalenessPrefix":100},"configurationOverrides":{},"writeLocations":[{"id":"cli000003-westus2","locationName":"West
        US 2","documentEndpoint":"https://cli000003-westus2.documents.azure.com:443/","provisioningState":"Succeeded","failoverPriority":0,"isZoneRedundant":false}],"readLocations":[{"id":"cli000003-westus2","locationName":"West
        US 2","documentEndpoint":"https://cli000003-westus2.documents.azure.com:443/","provisioningState":"Succeeded","failoverPriority":0,"isZoneRedundant":false}],"locations":[{"id":"cli000003-westus2","locationName":"West
        US 2","documentEndpoint":"https://cli000003-westus2.documents.azure.com:443/","provisioningState":"Succeeded","failoverPriority":0,"isZoneRedundant":false}],"failoverPolicies":[{"id":"cli000003-westus2","locationName":"West
        US 2","failoverPriority":0}],"cors":[],"capabilities":[{"name":"EnableGremlin"}],"ipRules":[],"backupPolicy":{"type":"Continuous","continuousModeProperties":{"tier":"Continuous30Days"}},"networkAclBypassResourceIds":[],"diagnosticLogSettings":{"enableFullTextQuery":"None"}},"identity":{"type":"None"}}'
    headers:
      cache-control:
      - no-store, no-cache
      content-length:
      - '2314'
      content-type:
      - application/json
      date:
      - Sun, 08 May 2022 06:08:34 GMT
      pragma:
      - no-cache
      server:
      - Microsoft-HTTPAPI/2.0
      strict-transport-security:
      - max-age=31536000; includeSubDomains
      transfer-encoding:
      - chunked
      vary:
      - Accept-Encoding
      x-content-type-options:
      - nosniff
      x-ms-gatewayversion:
      - version=2.14.0
    status:
      code: 200
      message: Ok
- request:
    body: null
    headers:
      Accept:
      - application/json
      Accept-Encoding:
      - gzip, deflate
      CommandName:
      - cosmosdb create
      Connection:
      - keep-alive
      ParameterSetName:
      - -n -g --backup-policy-type --locations --capabilities
      User-Agent:
      - AZURECLI/2.36.0 azsdk-python-mgmt-cosmosdb/7.0.0b5 Python/3.10.4 (Windows-10-10.0.22000-SP0)
    method: GET
    uri: https://management.azure.com/subscriptions/00000000-0000-0000-0000-000000000000/resourceGroups/cli_test_cosmosdb_gremlin_account_restore_using_create000001/providers/Microsoft.DocumentDB/databaseAccounts/cli000003?api-version=2022-02-15-preview
  response:
    body:
      string: '{"id":"/subscriptions/00000000-0000-0000-0000-000000000000/resourceGroups/cli_test_cosmosdb_gremlin_account_restore_using_create000001/providers/Microsoft.DocumentDB/databaseAccounts/cli000003","name":"cli000003","location":"West
        US 2","type":"Microsoft.DocumentDB/databaseAccounts","kind":"GlobalDocumentDB","tags":{},"systemData":{"createdAt":"2022-05-08T06:08:11.5922724Z"},"properties":{"provisioningState":"Succeeded","documentEndpoint":"https://cli000003.documents.azure.com:443/","gremlinEndpoint":"https://cli000003.gremlin.cosmos.azure.com:443/","publicNetworkAccess":"Enabled","enableAutomaticFailover":false,"enableMultipleWriteLocations":false,"enablePartitionKeyMonitor":false,"isVirtualNetworkFilterEnabled":false,"virtualNetworkRules":[],"EnabledApiTypes":"Gremlin,
        Sql","disableKeyBasedMetadataWriteAccess":false,"enableFreeTier":false,"enableAnalyticalStorage":false,"analyticalStorageConfiguration":{"schemaType":"WellDefined"},"instanceId":"0c29493a-570d-40bc-8a57-709862f8b630","createMode":"Default","databaseAccountOfferType":"Standard","defaultIdentity":"FirstPartyIdentity","networkAclBypass":"None","disableLocalAuth":false,"consistencyPolicy":{"defaultConsistencyLevel":"Session","maxIntervalInSeconds":5,"maxStalenessPrefix":100},"configurationOverrides":{},"writeLocations":[{"id":"cli000003-westus2","locationName":"West
        US 2","documentEndpoint":"https://cli000003-westus2.documents.azure.com:443/","provisioningState":"Succeeded","failoverPriority":0,"isZoneRedundant":false}],"readLocations":[{"id":"cli000003-westus2","locationName":"West
        US 2","documentEndpoint":"https://cli000003-westus2.documents.azure.com:443/","provisioningState":"Succeeded","failoverPriority":0,"isZoneRedundant":false}],"locations":[{"id":"cli000003-westus2","locationName":"West
        US 2","documentEndpoint":"https://cli000003-westus2.documents.azure.com:443/","provisioningState":"Succeeded","failoverPriority":0,"isZoneRedundant":false}],"failoverPolicies":[{"id":"cli000003-westus2","locationName":"West
        US 2","failoverPriority":0}],"cors":[],"capabilities":[{"name":"EnableGremlin"}],"ipRules":[],"backupPolicy":{"type":"Continuous","continuousModeProperties":{"tier":"Continuous30Days"}},"networkAclBypassResourceIds":[],"diagnosticLogSettings":{"enableFullTextQuery":"None"}},"identity":{"type":"None"}}'
    headers:
      cache-control:
      - no-store, no-cache
      content-length:
      - '2314'
      content-type:
      - application/json
      date:
      - Sun, 08 May 2022 06:08:34 GMT
      pragma:
      - no-cache
      server:
      - Microsoft-HTTPAPI/2.0
      strict-transport-security:
      - max-age=31536000; includeSubDomains
      transfer-encoding:
      - chunked
      vary:
      - Accept-Encoding
      x-content-type-options:
      - nosniff
      x-ms-gatewayversion:
      - version=2.14.0
    status:
      code: 200
      message: Ok
- request:
    body: null
    headers:
      Accept:
      - application/json
      Accept-Encoding:
      - gzip, deflate
      CommandName:
      - cosmosdb show
      Connection:
      - keep-alive
      ParameterSetName:
      - -n -g
      User-Agent:
      - AZURECLI/2.36.0 azsdk-python-mgmt-cosmosdb/7.0.0b5 Python/3.10.4 (Windows-10-10.0.22000-SP0)
    method: GET
    uri: https://management.azure.com/subscriptions/00000000-0000-0000-0000-000000000000/resourceGroups/cli_test_cosmosdb_gremlin_account_restore_using_create000001/providers/Microsoft.DocumentDB/databaseAccounts/cli000003?api-version=2022-02-15-preview
  response:
    body:
      string: '{"id":"/subscriptions/00000000-0000-0000-0000-000000000000/resourceGroups/cli_test_cosmosdb_gremlin_account_restore_using_create000001/providers/Microsoft.DocumentDB/databaseAccounts/cli000003","name":"cli000003","location":"West
        US 2","type":"Microsoft.DocumentDB/databaseAccounts","kind":"GlobalDocumentDB","tags":{},"systemData":{"createdAt":"2022-05-08T06:08:11.5922724Z"},"properties":{"provisioningState":"Succeeded","documentEndpoint":"https://cli000003.documents.azure.com:443/","gremlinEndpoint":"https://cli000003.gremlin.cosmos.azure.com:443/","publicNetworkAccess":"Enabled","enableAutomaticFailover":false,"enableMultipleWriteLocations":false,"enablePartitionKeyMonitor":false,"isVirtualNetworkFilterEnabled":false,"virtualNetworkRules":[],"EnabledApiTypes":"Gremlin,
        Sql","disableKeyBasedMetadataWriteAccess":false,"enableFreeTier":false,"enableAnalyticalStorage":false,"analyticalStorageConfiguration":{"schemaType":"WellDefined"},"instanceId":"0c29493a-570d-40bc-8a57-709862f8b630","createMode":"Default","databaseAccountOfferType":"Standard","defaultIdentity":"FirstPartyIdentity","networkAclBypass":"None","disableLocalAuth":false,"consistencyPolicy":{"defaultConsistencyLevel":"Session","maxIntervalInSeconds":5,"maxStalenessPrefix":100},"configurationOverrides":{},"writeLocations":[{"id":"cli000003-westus2","locationName":"West
        US 2","documentEndpoint":"https://cli000003-westus2.documents.azure.com:443/","provisioningState":"Succeeded","failoverPriority":0,"isZoneRedundant":false}],"readLocations":[{"id":"cli000003-westus2","locationName":"West
        US 2","documentEndpoint":"https://cli000003-westus2.documents.azure.com:443/","provisioningState":"Succeeded","failoverPriority":0,"isZoneRedundant":false}],"locations":[{"id":"cli000003-westus2","locationName":"West
        US 2","documentEndpoint":"https://cli000003-westus2.documents.azure.com:443/","provisioningState":"Succeeded","failoverPriority":0,"isZoneRedundant":false}],"failoverPolicies":[{"id":"cli000003-westus2","locationName":"West
        US 2","failoverPriority":0}],"cors":[],"capabilities":[{"name":"EnableGremlin"}],"ipRules":[],"backupPolicy":{"type":"Continuous","continuousModeProperties":{"tier":"Continuous30Days"}},"networkAclBypassResourceIds":[],"diagnosticLogSettings":{"enableFullTextQuery":"None"}},"identity":{"type":"None"}}'
    headers:
      cache-control:
      - no-store, no-cache
      content-length:
      - '2314'
      content-type:
      - application/json
      date:
      - Sun, 08 May 2022 06:08:38 GMT
      pragma:
      - no-cache
      server:
      - Microsoft-HTTPAPI/2.0
      strict-transport-security:
      - max-age=31536000; includeSubDomains
      transfer-encoding:
      - chunked
      vary:
      - Accept-Encoding
      x-content-type-options:
      - nosniff
      x-ms-gatewayversion:
      - version=2.14.0
    status:
      code: 200
      message: Ok
- request:
    body: '{"properties": {"resource": {"id": "cli000005"}, "options": {}}}'
    headers:
      Accept:
      - application/json
      Accept-Encoding:
      - gzip, deflate
      CommandName:
      - cosmosdb gremlin database create
      Connection:
      - keep-alive
      Content-Length:
      - '64'
      Content-Type:
      - application/json
      ParameterSetName:
      - -g -a -n
      User-Agent:
      - AZURECLI/2.36.0 azsdk-python-mgmt-cosmosdb/7.0.0b2 Python/3.10.4 (Windows-10-10.0.22000-SP0)
    method: PUT
    uri: https://management.azure.com/subscriptions/00000000-0000-0000-0000-000000000000/resourceGroups/cli_test_cosmosdb_gremlin_account_restore_using_create000001/providers/Microsoft.DocumentDB/databaseAccounts/cli000003/gremlinDatabases/cli000005?api-version=2021-10-15
  response:
    body:
      string: '{"status":"Enqueued"}'
    headers:
      azure-asyncoperation:
      - https://management.azure.com/subscriptions/00000000-0000-0000-0000-000000000000/providers/Microsoft.DocumentDB/locations/westus2/operationsStatus/01ab451a-b136-40a6-b719-422a78aa2ba1?api-version=2021-10-15
      cache-control:
      - no-store, no-cache
      content-length:
      - '21'
      content-type:
      - application/json
      date:
      - Sun, 08 May 2022 06:08:42 GMT
      location:
      - https://management.azure.com/subscriptions/00000000-0000-0000-0000-000000000000/resourceGroups/cli_test_cosmosdb_gremlin_account_restore_using_create000001/providers/Microsoft.DocumentDB/databaseAccounts/cli000003/gremlinDatabases/cli000005/operationResults/01ab451a-b136-40a6-b719-422a78aa2ba1?api-version=2021-10-15
      pragma:
      - no-cache
      server:
      - Microsoft-HTTPAPI/2.0
      strict-transport-security:
      - max-age=31536000; includeSubDomains
      x-content-type-options:
      - nosniff
      x-ms-gatewayversion:
      - version=2.14.0
      x-ms-ratelimit-remaining-subscription-writes:
      - '1195'
    status:
      code: 202
      message: Accepted
- request:
    body: null
    headers:
      Accept:
      - '*/*'
      Accept-Encoding:
      - gzip, deflate
      CommandName:
      - cosmosdb gremlin database create
      Connection:
      - keep-alive
      ParameterSetName:
      - -g -a -n
      User-Agent:
      - AZURECLI/2.36.0 azsdk-python-mgmt-cosmosdb/7.0.0b2 Python/3.10.4 (Windows-10-10.0.22000-SP0)
    method: GET
    uri: https://management.azure.com/subscriptions/00000000-0000-0000-0000-000000000000/providers/Microsoft.DocumentDB/locations/westus2/operationsStatus/01ab451a-b136-40a6-b719-422a78aa2ba1?api-version=2021-10-15
  response:
    body:
      string: '{"status":"Succeeded"}'
    headers:
      cache-control:
      - no-store, no-cache
      content-length:
      - '22'
      content-type:
      - application/json
      date:
      - Sun, 08 May 2022 06:09:14 GMT
      pragma:
      - no-cache
      server:
      - Microsoft-HTTPAPI/2.0
      strict-transport-security:
      - max-age=31536000; includeSubDomains
      transfer-encoding:
      - chunked
      vary:
      - Accept-Encoding
      x-content-type-options:
      - nosniff
      x-ms-gatewayversion:
      - version=2.14.0
    status:
      code: 200
      message: Ok
- request:
    body: null
    headers:
      Accept:
      - '*/*'
      Accept-Encoding:
      - gzip, deflate
      CommandName:
      - cosmosdb gremlin database create
      Connection:
      - keep-alive
      ParameterSetName:
      - -g -a -n
      User-Agent:
      - AZURECLI/2.36.0 azsdk-python-mgmt-cosmosdb/7.0.0b2 Python/3.10.4 (Windows-10-10.0.22000-SP0)
    method: GET
    uri: https://management.azure.com/subscriptions/00000000-0000-0000-0000-000000000000/resourceGroups/cli_test_cosmosdb_gremlin_account_restore_using_create000001/providers/Microsoft.DocumentDB/databaseAccounts/cli000003/gremlinDatabases/cli000005?api-version=2021-10-15
  response:
    body:
      string: '{"id":"/subscriptions/00000000-0000-0000-0000-000000000000/resourceGroups/cli_test_cosmosdb_gremlin_account_restore_using_create000001/providers/Microsoft.DocumentDB/databaseAccounts/cli000003/gremlinDatabases/cli000005","type":"Microsoft.DocumentDB/databaseAccounts/gremlinDatabases","name":"cli000005","properties":{"resource":{"id":"cli000005","_rid":"T6YNAA==","_self":"dbs/T6YNAA==/","_etag":"\"00001607-0000-0800-0000-62775e700000\"","_colls":"colls/","_users":"users/","_ts":1651990128}}}'
    headers:
      cache-control:
      - no-store, no-cache
      content-length:
      - '495'
      content-type:
      - application/json
      date:
      - Sun, 08 May 2022 06:09:15 GMT
      pragma:
      - no-cache
      server:
      - Microsoft-HTTPAPI/2.0
      strict-transport-security:
      - max-age=31536000; includeSubDomains
      transfer-encoding:
      - chunked
      vary:
      - Accept-Encoding
      x-content-type-options:
      - nosniff
      x-ms-gatewayversion:
      - version=2.14.0
    status:
      code: 200
      message: Ok
- request:
    body: '{"properties": {"resource": {"id": "cli000002", "indexingPolicy": {"automatic":
      true, "indexingMode": "consistent", "includedPaths": [{"path": "/*"}], "excludedPaths":
      [{"path": "/\"_etag\"/?"}]}, "partitionKey": {"paths": ["/pk"], "kind": "Hash"}},
      "options": {}}}'
    headers:
      Accept:
      - application/json
      Accept-Encoding:
      - gzip, deflate
      CommandName:
      - cosmosdb gremlin graph create
      Connection:
      - keep-alive
      Content-Length:
      - '265'
      Content-Type:
      - application/json
      ParameterSetName:
      - -g -a -d -n -p
      User-Agent:
      - AZURECLI/2.36.0 azsdk-python-mgmt-cosmosdb/7.0.0b2 Python/3.10.4 (Windows-10-10.0.22000-SP0)
    method: PUT
    uri: https://management.azure.com/subscriptions/00000000-0000-0000-0000-000000000000/resourceGroups/cli_test_cosmosdb_gremlin_account_restore_using_create000001/providers/Microsoft.DocumentDB/databaseAccounts/cli000003/gremlinDatabases/cli000005/graphs/cli000002?api-version=2021-10-15
  response:
    body:
      string: '{"status":"Enqueued"}'
    headers:
      azure-asyncoperation:
      - https://management.azure.com/subscriptions/00000000-0000-0000-0000-000000000000/providers/Microsoft.DocumentDB/locations/westus2/operationsStatus/05ff9eff-2165-41e6-99ac-37dcc2216a94?api-version=2021-10-15
      cache-control:
      - no-store, no-cache
      content-length:
      - '21'
      content-type:
      - application/json
      date:
      - Sun, 08 May 2022 06:09:17 GMT
      location:
      - https://management.azure.com/subscriptions/00000000-0000-0000-0000-000000000000/resourceGroups/cli_test_cosmosdb_gremlin_account_restore_using_create000001/providers/Microsoft.DocumentDB/databaseAccounts/cli000003/gremlinDatabases/cli000005/graphs/cli000002/operationResults/05ff9eff-2165-41e6-99ac-37dcc2216a94?api-version=2021-10-15
      pragma:
      - no-cache
      server:
      - Microsoft-HTTPAPI/2.0
      strict-transport-security:
      - max-age=31536000; includeSubDomains
      x-content-type-options:
      - nosniff
      x-ms-gatewayversion:
      - version=2.14.0
      x-ms-ratelimit-remaining-subscription-writes:
      - '1194'
    status:
      code: 202
      message: Accepted
- request:
    body: null
    headers:
      Accept:
      - '*/*'
      Accept-Encoding:
      - gzip, deflate
      CommandName:
      - cosmosdb gremlin graph create
      Connection:
      - keep-alive
      ParameterSetName:
      - -g -a -d -n -p
      User-Agent:
      - AZURECLI/2.36.0 azsdk-python-mgmt-cosmosdb/7.0.0b2 Python/3.10.4 (Windows-10-10.0.22000-SP0)
    method: GET
    uri: https://management.azure.com/subscriptions/00000000-0000-0000-0000-000000000000/providers/Microsoft.DocumentDB/locations/westus2/operationsStatus/05ff9eff-2165-41e6-99ac-37dcc2216a94?api-version=2021-10-15
  response:
    body:
      string: '{"status":"Succeeded"}'
    headers:
      cache-control:
      - no-store, no-cache
      content-length:
      - '22'
      content-type:
      - application/json
      date:
      - Sun, 08 May 2022 06:09:47 GMT
      pragma:
      - no-cache
      server:
      - Microsoft-HTTPAPI/2.0
      strict-transport-security:
      - max-age=31536000; includeSubDomains
      transfer-encoding:
      - chunked
      vary:
      - Accept-Encoding
      x-content-type-options:
      - nosniff
      x-ms-gatewayversion:
      - version=2.14.0
    status:
      code: 200
      message: Ok
- request:
    body: null
    headers:
      Accept:
      - '*/*'
      Accept-Encoding:
      - gzip, deflate
      CommandName:
      - cosmosdb gremlin graph create
      Connection:
      - keep-alive
      ParameterSetName:
      - -g -a -d -n -p
      User-Agent:
      - AZURECLI/2.36.0 azsdk-python-mgmt-cosmosdb/7.0.0b2 Python/3.10.4 (Windows-10-10.0.22000-SP0)
    method: GET
    uri: https://management.azure.com/subscriptions/00000000-0000-0000-0000-000000000000/resourceGroups/cli_test_cosmosdb_gremlin_account_restore_using_create000001/providers/Microsoft.DocumentDB/databaseAccounts/cli000003/gremlinDatabases/cli000005/graphs/cli000002?api-version=2021-10-15
  response:
    body:
      string: '{"id":"/subscriptions/00000000-0000-0000-0000-000000000000/resourceGroups/cli_test_cosmosdb_gremlin_account_restore_using_create000001/providers/Microsoft.DocumentDB/databaseAccounts/cli000003/gremlinDatabases/cli000005/graphs/cli000002","type":"Microsoft.DocumentDB/databaseAccounts/gremlinDatabases/graphs","name":"cli000002","properties":{"resource":{"id":"cli000002","indexingPolicy":{"indexingMode":"consistent","automatic":true,"includedPaths":[{"path":"/*"}],"excludedPaths":[{"path":"/\"_etag\"/?"}]},"partitionKey":{"paths":["/pk"],"kind":"Hash"},"uniqueKeyPolicy":{"uniqueKeys":[]},"conflictResolutionPolicy":{"mode":"LastWriterWins","conflictResolutionPath":"/_ts","conflictResolutionProcedure":""},"backupPolicy":{"type":1},"geospatialConfig":{"type":"Geography"},"_rid":"T6YNAJEedLk=","_ts":1651990162,"_self":"dbs/T6YNAA==/colls/T6YNAJEedLk=/","_etag":"\"00001907-0000-0800-0000-62775e920000\"","_docs":"docs/","_sprocs":"sprocs/","_triggers":"triggers/","_udfs":"udfs/","_conflicts":"conflicts/","statistics":[{"id":"0","sizeInKB":0,"documentCount":0,"sampledDistinctPartitionKeyCount":0,"partitionKeys":[]}]}}}'
    headers:
      cache-control:
      - no-store, no-cache
      content-length:
      - '1126'
      content-type:
      - application/json
      date:
      - Sun, 08 May 2022 06:09:48 GMT
      pragma:
      - no-cache
      server:
      - Microsoft-HTTPAPI/2.0
      strict-transport-security:
      - max-age=31536000; includeSubDomains
      transfer-encoding:
      - chunked
      vary:
      - Accept-Encoding
      x-content-type-options:
      - nosniff
      x-ms-gatewayversion:
      - version=2.14.0
    status:
      code: 200
      message: Ok
- request:
    body: null
    headers:
      Accept:
      - application/json
      Accept-Encoding:
      - gzip, deflate
      CommandName:
      - cosmosdb restorable-database-account list
      Connection:
      - keep-alive
      User-Agent:
      - AZURECLI/2.36.0 azsdk-python-mgmt-cosmosdb/7.0.0b2 Python/3.10.4 (Windows-10-10.0.22000-SP0)
    method: GET
    uri: https://management.azure.com/subscriptions/00000000-0000-0000-0000-000000000000/providers/Microsoft.DocumentDB/restorableDatabaseAccounts?api-version=2021-10-15
  response:
    body:
      string: '{"value":[{"name":"f6ba3a24-baba-448e-b628-b3d9d0303dcb","location":"West
        US 2","type":"Microsoft.DocumentDB/locations/restorableDatabaseAccounts","id":"/subscriptions/00000000-0000-0000-0000-000000000000/providers/Microsoft.DocumentDB/locations/westus2/restorableDatabaseAccounts/f6ba3a24-baba-448e-b628-b3d9d0303dcb","properties":{"accountName":"cli5yfaea4ryzuv","apiType":"Gremlin,
        Sql","creationTime":"2022-05-08T06:03:51Z","restorableLocations":[{"locationName":"West
        US 2","regionalDatabaseAccountInstanceId":"d61ac7f3-84cc-4511-bbf1-e498f5bfebfb","creationTime":"2022-05-08T06:03:52Z"}]}},{"name":"95ad87ee-e0e3-4ec8-951a-25ffe733a717","location":"West
        US 2","type":"Microsoft.DocumentDB/locations/restorableDatabaseAccounts","id":"/subscriptions/00000000-0000-0000-0000-000000000000/providers/Microsoft.DocumentDB/locations/westus2/restorableDatabaseAccounts/95ad87ee-e0e3-4ec8-951a-25ffe733a717","properties":{"accountName":"clincfmuuss7a4a","apiType":"Gremlin,
        Sql","creationTime":"2022-05-08T06:06:21Z","restorableLocations":[{"locationName":"West
        US 2","regionalDatabaseAccountInstanceId":"754bcbd7-2f43-4a53-8db4-0106cd4c0a8c","creationTime":"2022-05-08T06:06:22Z"}]}},{"name":"0c29493a-570d-40bc-8a57-709862f8b630","location":"West
        US 2","type":"Microsoft.DocumentDB/locations/restorableDatabaseAccounts","id":"/subscriptions/00000000-0000-0000-0000-000000000000/providers/Microsoft.DocumentDB/locations/westus2/restorableDatabaseAccounts/0c29493a-570d-40bc-8a57-709862f8b630","properties":{"accountName":"cli000003","apiType":"Gremlin,
        Sql","creationTime":"2022-05-08T06:08:12Z","restorableLocations":[{"locationName":"West
        US 2","regionalDatabaseAccountInstanceId":"c5e7c9b3-546f-4897-8204-ecf34b456234","creationTime":"2022-05-08T06:08:13Z"}]}},{"name":"c8b28d6f-3133-4d74-9d55-74cea5529be3","location":"West
        US 2","type":"Microsoft.DocumentDB/locations/restorableDatabaseAccounts","id":"/subscriptions/00000000-0000-0000-0000-000000000000/providers/Microsoft.DocumentDB/locations/westus2/restorableDatabaseAccounts/c8b28d6f-3133-4d74-9d55-74cea5529be3","properties":{"accountName":"clivrlwzejn37zr","apiType":"Gremlin,
        Sql","creationTime":"2022-05-07T14:35:04Z","deletionTime":"2022-05-07T14:57:35Z","restorableLocations":[{"locationName":"West
        US 2","regionalDatabaseAccountInstanceId":"6c1964bd-8e41-4007-8195-89001c24b5ea","creationTime":"2022-05-07T14:35:05Z","deletionTime":"2022-05-07T14:57:35Z"}]}},{"name":"0d33f2f8-e21f-4e90-985b-95e1cbe5f220","location":"West
        US 2","type":"Microsoft.DocumentDB/locations/restorableDatabaseAccounts","id":"/subscriptions/00000000-0000-0000-0000-000000000000/providers/Microsoft.DocumentDB/locations/westus2/restorableDatabaseAccounts/0d33f2f8-e21f-4e90-985b-95e1cbe5f220","properties":{"accountName":"cli5avjkh5egbsi","apiType":"Gremlin,
        Sql","creationTime":"2022-05-07T14:55:34Z","deletionTime":"2022-05-07T14:57:35Z","restorableLocations":[{"locationName":"West
        US 2","regionalDatabaseAccountInstanceId":"9bb8f46c-84c4-4a2f-8e77-a8176f111fb0","creationTime":"2022-05-07T14:55:34Z","deletionTime":"2022-05-07T14:57:35Z"}]}},{"name":"ebf68e56-65c6-497b-b874-8f0085a3de17","location":"East
        US 2","type":"Microsoft.DocumentDB/locations/restorableDatabaseAccounts","id":"/subscriptions/00000000-0000-0000-0000-000000000000/providers/Microsoft.DocumentDB/locations/eastus2/restorableDatabaseAccounts/ebf68e56-65c6-497b-b874-8f0085a3de17","properties":{"accountName":"clioaf6yyccxtve","apiType":"Gremlin,
        Sql","creationTime":"2022-05-07T04:05:05Z","restorableLocations":[{"locationName":"East
        US 2","regionalDatabaseAccountInstanceId":"5c73bff9-5f08-4f84-a014-f886fa97c1eb","creationTime":"2022-05-07T04:05:06Z"}]}},{"name":"0cf65ab7-e31a-40fb-a5a2-c48c52c7ee8d","location":"East
        US 2","type":"Microsoft.DocumentDB/locations/restorableDatabaseAccounts","id":"/subscriptions/00000000-0000-0000-0000-000000000000/providers/Microsoft.DocumentDB/locations/eastus2/restorableDatabaseAccounts/0cf65ab7-e31a-40fb-a5a2-c48c52c7ee8d","properties":{"accountName":"clitws7g3gmxabv","apiType":"Gremlin,
        Sql","creationTime":"2022-05-07T04:05:06Z","restorableLocations":[{"locationName":"East
        US 2","regionalDatabaseAccountInstanceId":"a25aa72b-167c-434d-9aab-48bb203e1fec","creationTime":"2022-05-07T04:05:07Z"}]}},{"name":"7c3ac43b-1382-4cac-9254-d65ae8163390","location":"East
        US 2","type":"Microsoft.DocumentDB/locations/restorableDatabaseAccounts","id":"/subscriptions/00000000-0000-0000-0000-000000000000/providers/Microsoft.DocumentDB/locations/eastus2/restorableDatabaseAccounts/7c3ac43b-1382-4cac-9254-d65ae8163390","properties":{"accountName":"clinsl4wn7ie3wg","apiType":"Gremlin,
        Sql","creationTime":"2022-05-07T04:06:02Z","restorableLocations":[{"locationName":"East
        US 2","regionalDatabaseAccountInstanceId":"c7c930d3-1e96-4b2c-b7ab-3b739baf68af","creationTime":"2022-05-07T04:06:03Z"}]}},{"name":"9e055b93-8cb6-47c0-9f4b-69bf47b615a5","location":"East
        US 2","type":"Microsoft.DocumentDB/locations/restorableDatabaseAccounts","id":"/subscriptions/00000000-0000-0000-0000-000000000000/providers/Microsoft.DocumentDB/locations/eastus2/restorableDatabaseAccounts/9e055b93-8cb6-47c0-9f4b-69bf47b615a5","properties":{"accountName":"clico6muo4fndkv","apiType":"Gremlin,
        Sql","creationTime":"2022-05-07T04:12:15Z","restorableLocations":[{"locationName":"East
        US 2","regionalDatabaseAccountInstanceId":"9e9f43a9-f849-46af-a67a-a020225db57f","creationTime":"2022-05-07T04:12:16Z"}]}},{"name":"4fbae957-38cb-4b8b-8209-d87cc57c4c77","location":"East
        US 2","type":"Microsoft.DocumentDB/locations/restorableDatabaseAccounts","id":"/subscriptions/00000000-0000-0000-0000-000000000000/providers/Microsoft.DocumentDB/locations/eastus2/restorableDatabaseAccounts/4fbae957-38cb-4b8b-8209-d87cc57c4c77","properties":{"accountName":"cli57qfodkv5yib","apiType":"Gremlin,
        Sql","creationTime":"2022-05-07T04:11:44Z","restorableLocations":[{"locationName":"East
        US 2","regionalDatabaseAccountInstanceId":"5ba7bc9f-f5e2-43e8-9634-2aeae54e9042","creationTime":"2022-05-07T04:11:45Z"}]}},{"name":"c56f6e52-f3a9-430e-adc3-e7dfa6c7e7aa","location":"East
        US 2","type":"Microsoft.DocumentDB/locations/restorableDatabaseAccounts","id":"/subscriptions/00000000-0000-0000-0000-000000000000/providers/Microsoft.DocumentDB/locations/eastus2/restorableDatabaseAccounts/c56f6e52-f3a9-430e-adc3-e7dfa6c7e7aa","properties":{"accountName":"cliyrlaadvtcltc","apiType":"Gremlin,
        Sql","creationTime":"2022-05-07T04:32:06Z","restorableLocations":[{"locationName":"East
        US 2","regionalDatabaseAccountInstanceId":"707f31fe-8a7d-4dbc-ad89-e7f3889c289c","creationTime":"2022-05-07T04:32:06Z"}]}},{"name":"af3f12c9-80bc-41b4-8b35-7f582067ae3d","location":"East
        US 2","type":"Microsoft.DocumentDB/locations/restorableDatabaseAccounts","id":"/subscriptions/00000000-0000-0000-0000-000000000000/providers/Microsoft.DocumentDB/locations/eastus2/restorableDatabaseAccounts/af3f12c9-80bc-41b4-8b35-7f582067ae3d","properties":{"accountName":"cligra7uktjuncl","apiType":"Gremlin,
        Sql","creationTime":"2022-05-07T04:34:43Z","restorableLocations":[{"locationName":"East
        US 2","regionalDatabaseAccountInstanceId":"a01868d1-2819-44f0-96bb-ca4d263b07a9","creationTime":"2022-05-07T04:34:43Z"}]}},{"name":"a91ebb63-5d38-4b37-ab2f-c902f5887726","location":"East
        US 2","type":"Microsoft.DocumentDB/locations/restorableDatabaseAccounts","id":"/subscriptions/00000000-0000-0000-0000-000000000000/providers/Microsoft.DocumentDB/locations/eastus2/restorableDatabaseAccounts/a91ebb63-5d38-4b37-ab2f-c902f5887726","properties":{"accountName":"clizhsmdm4gevup","apiType":"Gremlin,
        Sql","creationTime":"2022-05-07T04:42:42Z","restorableLocations":[{"locationName":"East
        US 2","regionalDatabaseAccountInstanceId":"2db0b83e-bacb-40b8-8de4-610e8eace938","creationTime":"2022-05-07T04:42:43Z"}]}},{"name":"0dfab5bf-66a7-46c8-9a24-d55081d97245","location":"East
        US 2","type":"Microsoft.DocumentDB/locations/restorableDatabaseAccounts","id":"/subscriptions/00000000-0000-0000-0000-000000000000/providers/Microsoft.DocumentDB/locations/eastus2/restorableDatabaseAccounts/0dfab5bf-66a7-46c8-9a24-d55081d97245","properties":{"accountName":"cli2hj7sw32fi7a","apiType":"Gremlin,
        Sql","creationTime":"2022-05-07T04:42:47Z","restorableLocations":[{"locationName":"East
        US 2","regionalDatabaseAccountInstanceId":"af13067f-c587-4af5-aba4-779d1f9855c7","creationTime":"2022-05-07T04:42:48Z"}]}},{"name":"a1066e35-dead-42e2-adb4-f8ceeda39bb8","location":"East
        US 2","type":"Microsoft.DocumentDB/locations/restorableDatabaseAccounts","id":"/subscriptions/00000000-0000-0000-0000-000000000000/providers/Microsoft.DocumentDB/locations/eastus2/restorableDatabaseAccounts/a1066e35-dead-42e2-adb4-f8ceeda39bb8","properties":{"accountName":"clicpo255ojcjur","apiType":"Gremlin,
        Sql","creationTime":"2022-05-07T04:42:17Z","restorableLocations":[{"locationName":"East
        US 2","regionalDatabaseAccountInstanceId":"7eef0eae-d515-4f86-9938-d5f06fa5e40a","creationTime":"2022-05-07T04:42:18Z"}]}},{"name":"c8b64def-6349-4786-a64f-91c45fef53df","location":"East
        US 2","type":"Microsoft.DocumentDB/locations/restorableDatabaseAccounts","id":"/subscriptions/00000000-0000-0000-0000-000000000000/providers/Microsoft.DocumentDB/locations/eastus2/restorableDatabaseAccounts/c8b64def-6349-4786-a64f-91c45fef53df","properties":{"accountName":"cli5qszpumno5lf","apiType":"Table,
        Sql","creationTime":"2022-05-07T04:42:38Z","restorableLocations":[{"locationName":"East
        US 2","regionalDatabaseAccountInstanceId":"e8451db7-5058-4616-853a-518c95c80046","creationTime":"2022-05-07T04:42:39Z"}]}},{"name":"6e1a6154-f8b7-4709-9746-391a4cd25fa8","location":"East
        US 2","type":"Microsoft.DocumentDB/locations/restorableDatabaseAccounts","id":"/subscriptions/00000000-0000-0000-0000-000000000000/providers/Microsoft.DocumentDB/locations/eastus2/restorableDatabaseAccounts/6e1a6154-f8b7-4709-9746-391a4cd25fa8","properties":{"accountName":"clij2li37x73b2m","apiType":"Gremlin,
        Sql","creationTime":"2022-05-07T04:44:28Z","restorableLocations":[{"locationName":"East
        US 2","regionalDatabaseAccountInstanceId":"12f1f448-92ee-48c3-8f0d-76466827d694","creationTime":"2022-05-07T04:44:29Z"}]}},{"name":"e30410a1-ccbc-495b-be8f-09bbb4b12c10","location":"East
        US 2","type":"Microsoft.DocumentDB/locations/restorableDatabaseAccounts","id":"/subscriptions/00000000-0000-0000-0000-000000000000/providers/Microsoft.DocumentDB/locations/eastus2/restorableDatabaseAccounts/e30410a1-ccbc-495b-be8f-09bbb4b12c10","properties":{"accountName":"clij7eeczmyo3sn","apiType":"Gremlin,
        Sql","creationTime":"2022-05-07T04:44:40Z","restorableLocations":[{"locationName":"East
        US 2","regionalDatabaseAccountInstanceId":"361f2a8e-c3e0-4412-90ab-8cbb29dce9bd","creationTime":"2022-05-07T04:44:41Z"}]}},{"name":"c0f636da-fd1d-4ccb-b4ff-3cb0feaa2454","location":"East
        US 2","type":"Microsoft.DocumentDB/locations/restorableDatabaseAccounts","id":"/subscriptions/00000000-0000-0000-0000-000000000000/providers/Microsoft.DocumentDB/locations/eastus2/restorableDatabaseAccounts/c0f636da-fd1d-4ccb-b4ff-3cb0feaa2454","properties":{"accountName":"cli7kvacnpqqofa","apiType":"Table,
        Sql","creationTime":"2022-05-07T04:52:17Z","restorableLocations":[{"locationName":"East
        US 2","regionalDatabaseAccountInstanceId":"92b59f9a-19cd-4d88-b35d-8fba0ab82c6a","creationTime":"2022-05-07T04:52:18Z"}]}},{"name":"7d592627-eaf6-4f39-846c-6416074c1ed8","location":"East
        US 2","type":"Microsoft.DocumentDB/locations/restorableDatabaseAccounts","id":"/subscriptions/00000000-0000-0000-0000-000000000000/providers/Microsoft.DocumentDB/locations/eastus2/restorableDatabaseAccounts/7d592627-eaf6-4f39-846c-6416074c1ed8","properties":{"accountName":"cli6q7cr3nejjvn","apiType":"Gremlin,
        Sql","creationTime":"2022-05-07T05:04:59Z","restorableLocations":[{"locationName":"East
        US 2","regionalDatabaseAccountInstanceId":"0663ae23-6461-4549-bd10-54511e50fc79","creationTime":"2022-05-07T05:04:59Z"}]}},{"name":"8e75c58d-2a64-4c70-9878-25dc4c986cfb","location":"East
        US 2","type":"Microsoft.DocumentDB/locations/restorableDatabaseAccounts","id":"/subscriptions/00000000-0000-0000-0000-000000000000/providers/Microsoft.DocumentDB/locations/eastus2/restorableDatabaseAccounts/8e75c58d-2a64-4c70-9878-25dc4c986cfb","properties":{"accountName":"clig66mx27ojlpa","apiType":"Gremlin,
        Sql","creationTime":"2022-05-07T05:05:24Z","restorableLocations":[{"locationName":"East
        US 2","regionalDatabaseAccountInstanceId":"d9923dca-0d45-41f7-a3b7-eb735ed807b1","creationTime":"2022-05-07T05:05:24Z"}]}},{"name":"93121393-bcc6-4244-8d24-ff860de03983","location":"East
        US 2","type":"Microsoft.DocumentDB/locations/restorableDatabaseAccounts","id":"/subscriptions/00000000-0000-0000-0000-000000000000/providers/Microsoft.DocumentDB/locations/eastus2/restorableDatabaseAccounts/93121393-bcc6-4244-8d24-ff860de03983","properties":{"accountName":"clig4b7xlroie3p","apiType":"MongoDB","creationTime":"2022-05-07T04:55:05Z","restorableLocations":[{"locationName":"East
        US 2","regionalDatabaseAccountInstanceId":"0a096471-0ca9-4043-85ec-0a2ead48dfa6","creationTime":"2022-05-07T04:55:06Z"}]}},{"name":"1db4ff45-de15-48c7-80ba-653f68dff489","location":"East
        US 2","type":"Microsoft.DocumentDB/locations/restorableDatabaseAccounts","id":"/subscriptions/00000000-0000-0000-0000-000000000000/providers/Microsoft.DocumentDB/locations/eastus2/restorableDatabaseAccounts/1db4ff45-de15-48c7-80ba-653f68dff489","properties":{"accountName":"cli5fx35lgvck72","apiType":"Gremlin,
        Sql","creationTime":"2022-05-08T06:05:07Z","restorableLocations":[{"locationName":"East
        US 2","regionalDatabaseAccountInstanceId":"be85371a-1dba-4705-a2fc-6e76242112bb","creationTime":"2022-05-08T06:05:08Z"}]}},{"name":"18eb52a9-773f-4ccd-9604-895201e2a010","location":"East
        US 2","type":"Microsoft.DocumentDB/locations/restorableDatabaseAccounts","id":"/subscriptions/00000000-0000-0000-0000-000000000000/providers/Microsoft.DocumentDB/locations/eastus2/restorableDatabaseAccounts/18eb52a9-773f-4ccd-9604-895201e2a010","properties":{"accountName":"cli53sgnin6bf4y","apiType":"Gremlin,
        Sql","creationTime":"2022-05-08T06:05:05Z","restorableLocations":[{"locationName":"East
        US 2","regionalDatabaseAccountInstanceId":"67e5a1d9-7f80-42de-9b86-226b1897b615","creationTime":"2022-05-08T06:05:06Z"}]}},{"name":"f4220cbd-9e09-488a-904e-0e95fa404527","location":"East
        US 2","type":"Microsoft.DocumentDB/locations/restorableDatabaseAccounts","id":"/subscriptions/00000000-0000-0000-0000-000000000000/providers/Microsoft.DocumentDB/locations/eastus2/restorableDatabaseAccounts/f4220cbd-9e09-488a-904e-0e95fa404527","properties":{"accountName":"cli66ueo5b3g32q","apiType":"Gremlin,
        Sql","creationTime":"2022-05-08T06:06:20Z","restorableLocations":[{"locationName":"East
        US 2","regionalDatabaseAccountInstanceId":"8c9ae896-9b3e-4a65-8555-c638bfd47d8e","creationTime":"2022-05-08T06:06:21Z"}]}},{"name":"f582543a-3816-456c-951c-6f27fe54e45c","location":"East
        US 2","type":"Microsoft.DocumentDB/locations/restorableDatabaseAccounts","id":"/subscriptions/00000000-0000-0000-0000-000000000000/providers/Microsoft.DocumentDB/locations/eastus2/restorableDatabaseAccounts/f582543a-3816-456c-951c-6f27fe54e45c","properties":{"accountName":"clia6tl42wccpkz","apiType":"MongoDB","creationTime":"2022-05-08T06:06:36Z","restorableLocations":[{"locationName":"East
        US 2","regionalDatabaseAccountInstanceId":"143bae20-db7a-45cf-abb0-c24c1c7a7855","creationTime":"2022-05-08T06:06:37Z"}]}},{"name":"191da5d8-32a2-4059-a9a8-5118de735a14","location":"East
        US 2","type":"Microsoft.DocumentDB/locations/restorableDatabaseAccounts","id":"/subscriptions/00000000-0000-0000-0000-000000000000/providers/Microsoft.DocumentDB/locations/eastus2/restorableDatabaseAccounts/191da5d8-32a2-4059-a9a8-5118de735a14","properties":{"accountName":"clicrmupk35djcs","apiType":"Gremlin,
        Sql","creationTime":"2022-05-08T06:07:44Z","restorableLocations":[{"locationName":"East
        US 2","regionalDatabaseAccountInstanceId":"423e9e6e-52fd-41b3-8592-f8b8d61c88f5","creationTime":"2022-05-08T06:07:45Z"}]}},{"name":"1e372ed7-00cb-462b-ac17-ed9a70e05055","location":"East
        US 2","type":"Microsoft.DocumentDB/locations/restorableDatabaseAccounts","id":"/subscriptions/00000000-0000-0000-0000-000000000000/providers/Microsoft.DocumentDB/locations/eastus2/restorableDatabaseAccounts/1e372ed7-00cb-462b-ac17-ed9a70e05055","properties":{"accountName":"cliynzujgxj7dnu","apiType":"Gremlin,
        Sql","creationTime":"2022-05-08T06:06:36Z","restorableLocations":[{"locationName":"East
        US 2","regionalDatabaseAccountInstanceId":"632a1ec5-123f-4472-9306-66b25e0a6ec6","creationTime":"2022-05-08T06:06:37Z"}]}},{"name":"b31a874e-63b5-4de9-827f-170e3b6b828e","location":"East
        US 2","type":"Microsoft.DocumentDB/locations/restorableDatabaseAccounts","id":"/subscriptions/00000000-0000-0000-0000-000000000000/providers/Microsoft.DocumentDB/locations/eastus2/restorableDatabaseAccounts/b31a874e-63b5-4de9-827f-170e3b6b828e","properties":{"accountName":"cli6ylxrakhqc3n","apiType":"Gremlin,
        Sql","creationTime":"2022-05-08T06:07:25Z","restorableLocations":[{"locationName":"East
        US 2","regionalDatabaseAccountInstanceId":"5bd814bd-0429-4fd8-81ef-1bf5abdc7f7a","creationTime":"2022-05-08T06:07:26Z"}]}},{"name":"883d235e-2ec3-4473-9ba0-462328ca734d","location":"East
        US 2","type":"Microsoft.DocumentDB/locations/restorableDatabaseAccounts","id":"/subscriptions/00000000-0000-0000-0000-000000000000/providers/Microsoft.DocumentDB/locations/eastus2/restorableDatabaseAccounts/883d235e-2ec3-4473-9ba0-462328ca734d","properties":{"accountName":"clixlijtn6nbjlm","apiType":"MongoDB","creationTime":"2022-05-08T06:08:02Z","restorableLocations":[{"locationName":"East
        US 2","regionalDatabaseAccountInstanceId":"faf78534-9317-43f5-8b31-dda8d560fa7e","creationTime":"2022-05-08T06:08:04Z"}]}},{"name":"f2129487-49ea-4972-8b47-f80618b0eb90","location":"East
        US 2","type":"Microsoft.DocumentDB/locations/restorableDatabaseAccounts","id":"/subscriptions/00000000-0000-0000-0000-000000000000/providers/Microsoft.DocumentDB/locations/eastus2/restorableDatabaseAccounts/f2129487-49ea-4972-8b47-f80618b0eb90","properties":{"accountName":"cligd7t2elqpkiv","apiType":"MongoDB","creationTime":"2022-05-06T18:18:38Z","deletionTime":"2022-05-06T18:18:58Z","restorableLocations":[{"locationName":"East
        US 2","regionalDatabaseAccountInstanceId":"824bba9e-d093-42e2-9f40-d32e5768581d","creationTime":"2022-05-06T18:18:39Z","deletionTime":"2022-05-06T18:18:58Z"}]}},{"name":"a1655fef-b3b6-4e8c-8140-6f74d76740b5","location":"East
        US 2","type":"Microsoft.DocumentDB/locations/restorableDatabaseAccounts","id":"/subscriptions/00000000-0000-0000-0000-000000000000/providers/Microsoft.DocumentDB/locations/eastus2/restorableDatabaseAccounts/a1655fef-b3b6-4e8c-8140-6f74d76740b5","properties":{"accountName":"clii6ojo3e7y47c","apiType":"Gremlin,
        Sql","creationTime":"2022-05-06T18:28:00Z","deletionTime":"2022-05-06T18:32:39Z","restorableLocations":[{"locationName":"East
        US 2","regionalDatabaseAccountInstanceId":"78b2966b-6973-4061-94c0-e30463b48b55","creationTime":"2022-05-06T18:28:01Z","deletionTime":"2022-05-06T18:32:39Z"}]}},{"name":"72958a39-e675-4391-aa67-b268e33566b4","location":"East
        US 2","type":"Microsoft.DocumentDB/locations/restorableDatabaseAccounts","id":"/subscriptions/00000000-0000-0000-0000-000000000000/providers/Microsoft.DocumentDB/locations/eastus2/restorableDatabaseAccounts/72958a39-e675-4391-aa67-b268e33566b4","properties":{"accountName":"clipfre4wom6dhv","apiType":"Gremlin,
        Sql","creationTime":"2022-05-06T18:28:19Z","deletionTime":"2022-05-06T18:33:21Z","restorableLocations":[{"locationName":"East
        US 2","regionalDatabaseAccountInstanceId":"0e285682-4487-4b39-8da2-dba70ecf993c","creationTime":"2022-05-06T18:28:21Z","deletionTime":"2022-05-06T18:33:21Z"}]}},{"name":"17f31fbc-9d04-4d8e-9b61-011a227dcb52","location":"East
        US 2","type":"Microsoft.DocumentDB/locations/restorableDatabaseAccounts","id":"/subscriptions/00000000-0000-0000-0000-000000000000/providers/Microsoft.DocumentDB/locations/eastus2/restorableDatabaseAccounts/17f31fbc-9d04-4d8e-9b61-011a227dcb52","properties":{"accountName":"cli7wbtgpgvb7zs","apiType":"Table,
        Sql","creationTime":"2022-05-06T18:35:34Z","deletionTime":"2022-05-06T18:39:24Z","restorableLocations":[{"locationName":"East
        US 2","regionalDatabaseAccountInstanceId":"f3469ce5-3a3c-4a17-b4b7-a9b67760533f","creationTime":"2022-05-06T18:35:35Z","deletionTime":"2022-05-06T18:39:24Z"}]}},{"name":"3e10c1b6-5e44-4538-987f-dbd6b9a2462a","location":"East
        US 2","type":"Microsoft.DocumentDB/locations/restorableDatabaseAccounts","id":"/subscriptions/00000000-0000-0000-0000-000000000000/providers/Microsoft.DocumentDB/locations/eastus2/restorableDatabaseAccounts/3e10c1b6-5e44-4538-987f-dbd6b9a2462a","properties":{"accountName":"cli22gszt6ehaq6","apiType":"Gremlin,
        Sql","creationTime":"2022-05-06T18:10:01Z","deletionTime":"2022-05-06T19:32:31Z","restorableLocations":[{"locationName":"East
        US 2","regionalDatabaseAccountInstanceId":"0615b59d-d11d-4d19-82ad-4d73374042ba","creationTime":"2022-05-06T18:10:02Z","deletionTime":"2022-05-06T19:32:31Z"}]}},{"name":"5a5fe7e5-53f6-4f84-8216-3d3edd996dcf","location":"East
        US 2","type":"Microsoft.DocumentDB/locations/restorableDatabaseAccounts","id":"/subscriptions/00000000-0000-0000-0000-000000000000/providers/Microsoft.DocumentDB/locations/eastus2/restorableDatabaseAccounts/5a5fe7e5-53f6-4f84-8216-3d3edd996dcf","properties":{"accountName":"clij6e7d47clwha","apiType":"Gremlin,
        Sql","creationTime":"2022-05-06T11:40:30Z","deletionTime":"2022-05-06T19:33:25Z","restorableLocations":[{"locationName":"East
        US 2","regionalDatabaseAccountInstanceId":"f334821a-392a-4b59-a429-da67016a5e6a","creationTime":"2022-05-06T11:40:31Z","deletionTime":"2022-05-06T19:33:25Z"}]}},{"name":"519b174e-770d-45cb-954b-168cc220ecc8","location":"East
        US 2","type":"Microsoft.DocumentDB/locations/restorableDatabaseAccounts","id":"/subscriptions/00000000-0000-0000-0000-000000000000/providers/Microsoft.DocumentDB/locations/eastus2/restorableDatabaseAccounts/519b174e-770d-45cb-954b-168cc220ecc8","properties":{"accountName":"clibglooyuyyhrz","apiType":"Gremlin,
        Sql","creationTime":"2022-05-06T18:14:32Z","deletionTime":"2022-05-06T19:33:40Z","restorableLocations":[{"locationName":"East
        US 2","regionalDatabaseAccountInstanceId":"3ccb7bf8-7733-4db9-88e6-9b43102c7cd3","creationTime":"2022-05-06T18:14:33Z","deletionTime":"2022-05-06T19:33:40Z"}]}},{"name":"92800406-d5b7-4cba-91de-f8356cb2fbe0","location":"East
        US 2","type":"Microsoft.DocumentDB/locations/restorableDatabaseAccounts","id":"/subscriptions/00000000-0000-0000-0000-000000000000/providers/Microsoft.DocumentDB/locations/eastus2/restorableDatabaseAccounts/92800406-d5b7-4cba-91de-f8356cb2fbe0","properties":{"accountName":"cli2czrjx6qzaah","apiType":"Gremlin,
        Sql","creationTime":"2022-05-06T18:07:07Z","deletionTime":"2022-05-06T19:33:46Z","restorableLocations":[{"locationName":"East
        US 2","regionalDatabaseAccountInstanceId":"51179327-ead0-4f6d-b866-bec8f5677e4a","creationTime":"2022-05-06T18:07:08Z","deletionTime":"2022-05-06T19:33:46Z"}]}},{"name":"f9f5fed4-f33e-4105-9df3-fe0f359e9466","location":"East
        US 2","type":"Microsoft.DocumentDB/locations/restorableDatabaseAccounts","id":"/subscriptions/00000000-0000-0000-0000-000000000000/providers/Microsoft.DocumentDB/locations/eastus2/restorableDatabaseAccounts/f9f5fed4-f33e-4105-9df3-fe0f359e9466","properties":{"accountName":"cli3rhdeja5hm5b","apiType":"Gremlin,
        Sql","creationTime":"2022-05-06T11:38:30Z","deletionTime":"2022-05-06T19:59:49Z","restorableLocations":[{"locationName":"East
        US 2","regionalDatabaseAccountInstanceId":"eb529645-be1e-4402-99e3-9943a1cc4f65","creationTime":"2022-05-06T11:38:31Z","deletionTime":"2022-05-06T19:59:49Z"}]}},{"name":"381c6daf-fbe0-435a-b792-89afc5b4d9b9","location":"East
        US 2","type":"Microsoft.DocumentDB/locations/restorableDatabaseAccounts","id":"/subscriptions/00000000-0000-0000-0000-000000000000/providers/Microsoft.DocumentDB/locations/eastus2/restorableDatabaseAccounts/381c6daf-fbe0-435a-b792-89afc5b4d9b9","properties":{"accountName":"cli3rgmnaf47agn","apiType":"Gremlin,
        Sql","creationTime":"2022-05-06T11:38:35Z","deletionTime":"2022-05-06T20:00:39Z","restorableLocations":[{"locationName":"East
        US 2","regionalDatabaseAccountInstanceId":"2ccf25e9-b432-4d60-9b36-31fb191d843b","creationTime":"2022-05-06T11:38:36Z","deletionTime":"2022-05-06T20:00:39Z"}]}},{"name":"9669204d-1370-4920-96d7-234a786ad620","location":"East
        US 2","type":"Microsoft.DocumentDB/locations/restorableDatabaseAccounts","id":"/subscriptions/00000000-0000-0000-0000-000000000000/providers/Microsoft.DocumentDB/locations/eastus2/restorableDatabaseAccounts/9669204d-1370-4920-96d7-234a786ad620","properties":{"accountName":"clivt5adq2urn3n","apiType":"Gremlin,
        Sql","creationTime":"2022-05-06T11:38:51Z","deletionTime":"2022-05-06T20:00:43Z","restorableLocations":[{"locationName":"East
        US 2","regionalDatabaseAccountInstanceId":"9a1b75e2-9a92-4ee1-826a-08a13c91b552","creationTime":"2022-05-06T11:38:53Z","deletionTime":"2022-05-06T20:00:43Z"}]}},{"name":"e9735a08-0654-41c5-a200-b19ad743b56c","location":"East
        US 2","type":"Microsoft.DocumentDB/locations/restorableDatabaseAccounts","id":"/subscriptions/00000000-0000-0000-0000-000000000000/providers/Microsoft.DocumentDB/locations/eastus2/restorableDatabaseAccounts/e9735a08-0654-41c5-a200-b19ad743b56c","properties":{"accountName":"clidxzcd4mk4esb","apiType":"Gremlin,
        Sql","creationTime":"2022-05-06T11:38:16Z","deletionTime":"2022-05-06T20:00:53Z","restorableLocations":[{"locationName":"East
        US 2","regionalDatabaseAccountInstanceId":"68c4321c-e437-4b9b-97b8-93b13655601f","creationTime":"2022-05-06T11:38:17Z","deletionTime":"2022-05-06T20:00:53Z"}]}},{"name":"ad5a4331-fb04-41c9-987a-e6d800fb2bf7","location":"East
        US 2","type":"Microsoft.DocumentDB/locations/restorableDatabaseAccounts","id":"/subscriptions/00000000-0000-0000-0000-000000000000/providers/Microsoft.DocumentDB/locations/eastus2/restorableDatabaseAccounts/ad5a4331-fb04-41c9-987a-e6d800fb2bf7","properties":{"accountName":"clirrwoijgcgup7","apiType":"Gremlin,
        Sql","creationTime":"2022-05-06T11:40:20Z","deletionTime":"2022-05-06T20:01:03Z","restorableLocations":[{"locationName":"East
        US 2","regionalDatabaseAccountInstanceId":"0bdd9637-46c0-4ba1-98ae-c6f7ddf68f63","creationTime":"2022-05-06T11:40:21Z","deletionTime":"2022-05-06T20:01:03Z"}]}},{"name":"014000ee-bad9-4924-8549-47b354081004","location":"East
        US 2","type":"Microsoft.DocumentDB/locations/restorableDatabaseAccounts","id":"/subscriptions/00000000-0000-0000-0000-000000000000/providers/Microsoft.DocumentDB/locations/eastus2/restorableDatabaseAccounts/014000ee-bad9-4924-8549-47b354081004","properties":{"accountName":"clihczx44h6rzg3","apiType":"Gremlin,
        Sql","creationTime":"2022-05-06T11:40:52Z","deletionTime":"2022-05-06T20:01:09Z","restorableLocations":[{"locationName":"East
        US 2","regionalDatabaseAccountInstanceId":"818a9c9d-b409-4bc6-8d97-75506f42f523","creationTime":"2022-05-06T11:40:53Z","deletionTime":"2022-05-06T20:01:09Z"}]}},{"name":"8a115355-6018-45b3-998f-0e60e8dbd376","location":"East
        US 2","type":"Microsoft.DocumentDB/locations/restorableDatabaseAccounts","id":"/subscriptions/00000000-0000-0000-0000-000000000000/providers/Microsoft.DocumentDB/locations/eastus2/restorableDatabaseAccounts/8a115355-6018-45b3-998f-0e60e8dbd376","properties":{"accountName":"cli6auz7j5n6a3t","apiType":"Gremlin,
        Sql","creationTime":"2022-05-06T18:14:20Z","deletionTime":"2022-05-06T20:01:09Z","restorableLocations":[{"locationName":"East
        US 2","regionalDatabaseAccountInstanceId":"1e2749fb-ec83-4f8b-a87d-d8966248f96d","creationTime":"2022-05-06T18:14:21Z","deletionTime":"2022-05-06T20:01:09Z"}]}},{"name":"f3fb4344-9f04-404f-b7f9-74e6ddca8e51","location":"East
        US 2","type":"Microsoft.DocumentDB/locations/restorableDatabaseAccounts","id":"/subscriptions/00000000-0000-0000-0000-000000000000/providers/Microsoft.DocumentDB/locations/eastus2/restorableDatabaseAccounts/f3fb4344-9f04-404f-b7f9-74e6ddca8e51","properties":{"accountName":"cliv5z6rv5fwsek","apiType":"Gremlin,
        Sql","creationTime":"2022-05-06T11:40:10Z","deletionTime":"2022-05-06T20:01:19Z","restorableLocations":[{"locationName":"East
        US 2","regionalDatabaseAccountInstanceId":"bfb1e628-9c66-4cc4-80b5-c02ee9cb5361","creationTime":"2022-05-06T11:40:11Z","deletionTime":"2022-05-06T20:01:19Z"}]}},{"name":"28da2c26-412c-45e4-b9d5-259019e92e66","location":"East
        US 2","type":"Microsoft.DocumentDB/locations/restorableDatabaseAccounts","id":"/subscriptions/00000000-0000-0000-0000-000000000000/providers/Microsoft.DocumentDB/locations/eastus2/restorableDatabaseAccounts/28da2c26-412c-45e4-b9d5-259019e92e66","properties":{"accountName":"cliarpuko4gkkpc","apiType":"Gremlin,
        Sql","creationTime":"2022-05-06T18:08:12Z","deletionTime":"2022-05-06T20:01:27Z","restorableLocations":[{"locationName":"East
        US 2","regionalDatabaseAccountInstanceId":"1d1402f7-f1ff-4e93-b7aa-685b7f341600","creationTime":"2022-05-06T18:08:15Z","deletionTime":"2022-05-06T20:01:27Z"}]}},{"name":"5aa85f13-c605-40cc-aa83-2c6389a4c22b","location":"East
        US 2","type":"Microsoft.DocumentDB/locations/restorableDatabaseAccounts","id":"/subscriptions/00000000-0000-0000-0000-000000000000/providers/Microsoft.DocumentDB/locations/eastus2/restorableDatabaseAccounts/5aa85f13-c605-40cc-aa83-2c6389a4c22b","properties":{"accountName":"clihelseaupkwdi","apiType":"Gremlin,
        Sql","creationTime":"2022-05-06T18:17:51Z","deletionTime":"2022-05-06T20:01:32Z","restorableLocations":[{"locationName":"East
        US 2","regionalDatabaseAccountInstanceId":"8c8bfa36-30f2-4930-bc07-7ef661f461b2","creationTime":"2022-05-06T18:17:52Z","deletionTime":"2022-05-06T20:01:32Z"}]}},{"name":"a7c8f177-eca1-4ff0-8656-6c1bf091761f","location":"East
        US 2","type":"Microsoft.DocumentDB/locations/restorableDatabaseAccounts","id":"/subscriptions/00000000-0000-0000-0000-000000000000/providers/Microsoft.DocumentDB/locations/eastus2/restorableDatabaseAccounts/a7c8f177-eca1-4ff0-8656-6c1bf091761f","properties":{"accountName":"clizcsqsh7yx4r6","apiType":"Gremlin,
        Sql","creationTime":"2022-05-06T18:07:22Z","deletionTime":"2022-05-06T20:01:32Z","restorableLocations":[{"locationName":"East
        US 2","regionalDatabaseAccountInstanceId":"f5bcab7a-f2ca-46d2-bd06-908dc32b7c48","creationTime":"2022-05-06T18:07:23Z","deletionTime":"2022-05-06T20:01:32Z"}]}},{"name":"8670ed24-2564-4c60-a551-1daa1c44eb15","location":"East
        US 2","type":"Microsoft.DocumentDB/locations/restorableDatabaseAccounts","id":"/subscriptions/00000000-0000-0000-0000-000000000000/providers/Microsoft.DocumentDB/locations/eastus2/restorableDatabaseAccounts/8670ed24-2564-4c60-a551-1daa1c44eb15","properties":{"accountName":"cliruipfukrtmiq","apiType":"Gremlin,
        Sql","creationTime":"2022-05-06T18:18:11Z","deletionTime":"2022-05-06T20:01:33Z","restorableLocations":[{"locationName":"East
        US 2","regionalDatabaseAccountInstanceId":"a546ee49-50c9-4cbc-9b6a-2e7bc5c52027","creationTime":"2022-05-06T18:18:12Z","deletionTime":"2022-05-06T20:01:33Z"}]}},{"name":"77b28e42-98b9-443f-a9a7-ed885b36528a","location":"East
        US 2","type":"Microsoft.DocumentDB/locations/restorableDatabaseAccounts","id":"/subscriptions/00000000-0000-0000-0000-000000000000/providers/Microsoft.DocumentDB/locations/eastus2/restorableDatabaseAccounts/77b28e42-98b9-443f-a9a7-ed885b36528a","properties":{"accountName":"clibcz6xyjarirb","apiType":"Gremlin,
        Sql","creationTime":"2022-05-06T18:07:36Z","deletionTime":"2022-05-06T20:01:36Z","restorableLocations":[{"locationName":"East
        US 2","regionalDatabaseAccountInstanceId":"3bf96ba5-0c4c-4f6e-b1bb-b6bc3394ae86","creationTime":"2022-05-06T18:07:37Z","deletionTime":"2022-05-06T20:01:36Z"}]}},{"name":"631b4313-e850-480f-a3a8-a975ac4bb798","location":"East
        US 2","type":"Microsoft.DocumentDB/locations/restorableDatabaseAccounts","id":"/subscriptions/00000000-0000-0000-0000-000000000000/providers/Microsoft.DocumentDB/locations/eastus2/restorableDatabaseAccounts/631b4313-e850-480f-a3a8-a975ac4bb798","properties":{"accountName":"cli23xvy5m6aemr","apiType":"Gremlin,
        Sql","creationTime":"2022-05-06T18:20:11Z","deletionTime":"2022-05-06T20:01:38Z","restorableLocations":[{"locationName":"East
        US 2","regionalDatabaseAccountInstanceId":"7b726086-8cf9-43cb-9c89-9fcf1000b5e5","creationTime":"2022-05-06T18:20:12Z","deletionTime":"2022-05-06T20:01:38Z"}]}},{"name":"1bed1259-4d4e-4d5c-8cb5-9e0dcc2e5eff","location":"East
        US 2","type":"Microsoft.DocumentDB/locations/restorableDatabaseAccounts","id":"/subscriptions/00000000-0000-0000-0000-000000000000/providers/Microsoft.DocumentDB/locations/eastus2/restorableDatabaseAccounts/1bed1259-4d4e-4d5c-8cb5-9e0dcc2e5eff","properties":{"accountName":"cli6rc5gu7h7cgm","apiType":"Gremlin,
        Sql","creationTime":"2022-05-06T18:09:49Z","deletionTime":"2022-05-06T20:01:43Z","restorableLocations":[{"locationName":"East
        US 2","regionalDatabaseAccountInstanceId":"6febb0a2-3691-4dce-8304-2743b6f1b40e","creationTime":"2022-05-06T18:09:50Z","deletionTime":"2022-05-06T20:01:43Z"}]}},{"name":"ad82949a-9f02-4188-bfba-bd04d3ad511b","location":"East
        US 2","type":"Microsoft.DocumentDB/locations/restorableDatabaseAccounts","id":"/subscriptions/00000000-0000-0000-0000-000000000000/providers/Microsoft.DocumentDB/locations/eastus2/restorableDatabaseAccounts/ad82949a-9f02-4188-bfba-bd04d3ad511b","properties":{"accountName":"cli4wq7kpbko6io","apiType":"Gremlin,
        Sql","creationTime":"2022-05-06T18:19:46Z","deletionTime":"2022-05-06T20:01:44Z","restorableLocations":[{"locationName":"East
        US 2","regionalDatabaseAccountInstanceId":"cd92c923-b13d-4fbc-a80b-ff87a3dead17","creationTime":"2022-05-06T18:19:47Z","deletionTime":"2022-05-06T20:01:44Z"}]}},{"name":"6b2cf1fa-6d03-42b1-8af9-9b7cb34b42b3","location":"East
        US 2","type":"Microsoft.DocumentDB/locations/restorableDatabaseAccounts","id":"/subscriptions/00000000-0000-0000-0000-000000000000/providers/Microsoft.DocumentDB/locations/eastus2/restorableDatabaseAccounts/6b2cf1fa-6d03-42b1-8af9-9b7cb34b42b3","properties":{"accountName":"cli6o32garjijcu","apiType":"Gremlin,
        Sql","creationTime":"2022-05-06T18:09:49Z","deletionTime":"2022-05-06T20:01:49Z","restorableLocations":[{"locationName":"East
        US 2","regionalDatabaseAccountInstanceId":"67ff8643-db7a-4da1-889c-d652761300a6","creationTime":"2022-05-06T18:09:50Z","deletionTime":"2022-05-06T20:01:49Z"}]}},{"name":"110d65ca-04da-4c71-bb07-c77c7eecab9b","location":"East
        US 2","type":"Microsoft.DocumentDB/locations/restorableDatabaseAccounts","id":"/subscriptions/00000000-0000-0000-0000-000000000000/providers/Microsoft.DocumentDB/locations/eastus2/restorableDatabaseAccounts/110d65ca-04da-4c71-bb07-c77c7eecab9b","properties":{"accountName":"clie4p7aafqeje2","apiType":"Table,
        Sql","creationTime":"2022-05-06T18:09:45Z","deletionTime":"2022-05-06T20:01:54Z","restorableLocations":[{"locationName":"East
        US 2","regionalDatabaseAccountInstanceId":"001ff2eb-2a83-4558-85d4-4037c9eca960","creationTime":"2022-05-06T18:09:46Z","deletionTime":"2022-05-06T20:01:54Z"}]}},{"name":"10fb5977-8ab3-48fd-a8af-7caf38cddf66","location":"East
        US 2","type":"Microsoft.DocumentDB/locations/restorableDatabaseAccounts","id":"/subscriptions/00000000-0000-0000-0000-000000000000/providers/Microsoft.DocumentDB/locations/eastus2/restorableDatabaseAccounts/10fb5977-8ab3-48fd-a8af-7caf38cddf66","properties":{"accountName":"climy7cy7tkob7m","apiType":"Table,
        Sql","creationTime":"2022-05-06T18:35:52Z","deletionTime":"2022-05-06T20:01:59Z","restorableLocations":[{"locationName":"East
        US 2","regionalDatabaseAccountInstanceId":"dd6c99a3-4ec8-4242-9c9c-97f5afaf6e2e","creationTime":"2022-05-06T18:35:53Z","deletionTime":"2022-05-06T20:01:59Z"}]}},{"name":"478e68e2-0bc3-4153-bab2-a3d6f9fafe2d","location":"East
        US 2","type":"Microsoft.DocumentDB/locations/restorableDatabaseAccounts","id":"/subscriptions/00000000-0000-0000-0000-000000000000/providers/Microsoft.DocumentDB/locations/eastus2/restorableDatabaseAccounts/478e68e2-0bc3-4153-bab2-a3d6f9fafe2d","properties":{"accountName":"clitrugfp32gmqw","apiType":"MongoDB","creationTime":"2022-05-06T18:38:23Z","deletionTime":"2022-05-06T20:02:00Z","restorableLocations":[{"locationName":"East
        US 2","regionalDatabaseAccountInstanceId":"c1074f23-c4e1-4d50-96f5-78a89b5fbeb4","creationTime":"2022-05-06T18:38:24Z","deletionTime":"2022-05-06T20:02:00Z"}]}},{"name":"8ffc8020-bdb0-4ab9-98f3-191e62fb8fa4","location":"East
        US 2","type":"Microsoft.DocumentDB/locations/restorableDatabaseAccounts","id":"/subscriptions/00000000-0000-0000-0000-000000000000/providers/Microsoft.DocumentDB/locations/eastus2/restorableDatabaseAccounts/8ffc8020-bdb0-4ab9-98f3-191e62fb8fa4","properties":{"accountName":"cliy5vej6j7tb4c","apiType":"Gremlin,
        Sql","creationTime":"2022-05-06T18:15:19Z","deletionTime":"2022-05-06T20:02:04Z","restorableLocations":[{"locationName":"East
        US 2","regionalDatabaseAccountInstanceId":"b5d6c8ee-cfdb-4964-b0c7-16e94742de97","creationTime":"2022-05-06T18:15:20Z","deletionTime":"2022-05-06T20:02:04Z"}]}},{"name":"4a8fd688-642a-43f9-afd2-673aa8ce7098","location":"East
        US 2","type":"Microsoft.DocumentDB/locations/restorableDatabaseAccounts","id":"/subscriptions/00000000-0000-0000-0000-000000000000/providers/Microsoft.DocumentDB/locations/eastus2/restorableDatabaseAccounts/4a8fd688-642a-43f9-afd2-673aa8ce7098","properties":{"accountName":"cliqwdwgp6gfdwh","apiType":"Gremlin,
        Sql","creationTime":"2022-05-06T18:15:20Z","deletionTime":"2022-05-06T20:02:09Z","restorableLocations":[{"locationName":"East
        US 2","regionalDatabaseAccountInstanceId":"2c244a5a-b329-4a5a-a7ee-bb85accb34c4","creationTime":"2022-05-06T18:15:21Z","deletionTime":"2022-05-06T20:02:09Z"}]}},{"name":"0ca0dcb5-8793-4d59-8e3d-f219f4d8e99e","location":"East
        US 2","type":"Microsoft.DocumentDB/locations/restorableDatabaseAccounts","id":"/subscriptions/00000000-0000-0000-0000-000000000000/providers/Microsoft.DocumentDB/locations/eastus2/restorableDatabaseAccounts/0ca0dcb5-8793-4d59-8e3d-f219f4d8e99e","properties":{"accountName":"cli5redpjbh2sl5","apiType":"Gremlin,
        Sql","creationTime":"2022-05-06T18:18:13Z","deletionTime":"2022-05-06T20:02:25Z","restorableLocations":[{"locationName":"East
        US 2","regionalDatabaseAccountInstanceId":"81fa5f84-fe1f-43ea-8320-0e394ec1787f","creationTime":"2022-05-06T18:18:14Z","deletionTime":"2022-05-06T20:02:25Z"}]}},{"name":"121ed624-a8b5-45c2-a15a-a5c03d3e8698","location":"East
        US 2","type":"Microsoft.DocumentDB/locations/restorableDatabaseAccounts","id":"/subscriptions/00000000-0000-0000-0000-000000000000/providers/Microsoft.DocumentDB/locations/eastus2/restorableDatabaseAccounts/121ed624-a8b5-45c2-a15a-a5c03d3e8698","properties":{"accountName":"clialt6q6ua2kti","apiType":"Gremlin,
        Sql","creationTime":"2022-05-06T18:18:39Z","deletionTime":"2022-05-06T20:02:27Z","restorableLocations":[{"locationName":"East
        US 2","regionalDatabaseAccountInstanceId":"a80c8d39-4e62-43b6-9fd7-9219881036bb","creationTime":"2022-05-06T18:18:40Z","deletionTime":"2022-05-06T20:02:27Z"}]}},{"name":"5b35a966-59c8-4480-a470-98fa0ce6b6f5","location":"East
        US 2","type":"Microsoft.DocumentDB/locations/restorableDatabaseAccounts","id":"/subscriptions/00000000-0000-0000-0000-000000000000/providers/Microsoft.DocumentDB/locations/eastus2/restorableDatabaseAccounts/5b35a966-59c8-4480-a470-98fa0ce6b6f5","properties":{"accountName":"cli5mlcp6ryzs3s","apiType":"Gremlin,
        Sql","creationTime":"2022-05-06T18:20:03Z","deletionTime":"2022-05-06T20:02:40Z","restorableLocations":[{"locationName":"East
        US 2","regionalDatabaseAccountInstanceId":"0073d780-0e0e-48b3-9da5-1883a9bfddbc","creationTime":"2022-05-06T18:20:04Z","deletionTime":"2022-05-06T20:02:40Z"}]}},{"name":"4fcfea6f-1988-4e6c-9b99-2e0346bd0707","location":"East
        US 2","type":"Microsoft.DocumentDB/locations/restorableDatabaseAccounts","id":"/subscriptions/00000000-0000-0000-0000-000000000000/providers/Microsoft.DocumentDB/locations/eastus2/restorableDatabaseAccounts/4fcfea6f-1988-4e6c-9b99-2e0346bd0707","properties":{"accountName":"clixftog5dgevvs","apiType":"Gremlin,
        Sql","creationTime":"2022-05-06T18:19:41Z","deletionTime":"2022-05-06T20:02:49Z","restorableLocations":[{"locationName":"East
        US 2","regionalDatabaseAccountInstanceId":"2a08f49a-6271-4326-b607-1c0472ac1145","creationTime":"2022-05-06T18:19:42Z","deletionTime":"2022-05-06T20:02:49Z"}]}},{"name":"24dbcf44-b62a-48f5-a23d-b83fcffbd44f","location":"East
        US 2","type":"Microsoft.DocumentDB/locations/restorableDatabaseAccounts","id":"/subscriptions/00000000-0000-0000-0000-000000000000/providers/Microsoft.DocumentDB/locations/eastus2/restorableDatabaseAccounts/24dbcf44-b62a-48f5-a23d-b83fcffbd44f","properties":{"accountName":"clixtd7wyhpqyj7","apiType":"MongoDB","creationTime":"2022-05-06T18:20:32Z","deletionTime":"2022-05-06T20:02:50Z","restorableLocations":[{"locationName":"East
        US 2","regionalDatabaseAccountInstanceId":"b8a6942a-963f-42f8-8c75-66de3006f9df","creationTime":"2022-05-06T18:20:33Z","deletionTime":"2022-05-06T20:02:50Z"}]}},{"name":"1e4c5ec3-bc4a-4ed9-b842-eeb9d03789eb","location":"East
        US 2","type":"Microsoft.DocumentDB/locations/restorableDatabaseAccounts","id":"/subscriptions/00000000-0000-0000-0000-000000000000/providers/Microsoft.DocumentDB/locations/eastus2/restorableDatabaseAccounts/1e4c5ec3-bc4a-4ed9-b842-eeb9d03789eb","properties":{"accountName":"clih7jom7ihn43w","apiType":"Gremlin,
        Sql","creationTime":"2022-05-06T18:27:32Z","deletionTime":"2022-05-06T20:02:52Z","restorableLocations":[{"locationName":"East
        US 2","regionalDatabaseAccountInstanceId":"1bf3a3b2-b40b-4aa1-a23b-cb32accb7690","creationTime":"2022-05-06T18:27:33Z","deletionTime":"2022-05-06T20:02:52Z"}]}},{"name":"bacf7799-7f9b-44a8-bc50-a65e744f38c8","location":"East
        US 2","type":"Microsoft.DocumentDB/locations/restorableDatabaseAccounts","id":"/subscriptions/00000000-0000-0000-0000-000000000000/providers/Microsoft.DocumentDB/locations/eastus2/restorableDatabaseAccounts/bacf7799-7f9b-44a8-bc50-a65e744f38c8","properties":{"accountName":"clip2dss2df23le","apiType":"Gremlin,
        Sql","creationTime":"2022-05-06T18:48:44Z","deletionTime":"2022-05-06T20:02:52Z","restorableLocations":[{"locationName":"East
        US 2","regionalDatabaseAccountInstanceId":"f625ab4b-3074-441a-b387-69b6547fe5be","creationTime":"2022-05-06T18:48:44Z","deletionTime":"2022-05-06T20:02:52Z"}]}},{"name":"9492c50d-6367-4da3-a788-87cbd3e4b6b3","location":"East
        US 2","type":"Microsoft.DocumentDB/locations/restorableDatabaseAccounts","id":"/subscriptions/00000000-0000-0000-0000-000000000000/providers/Microsoft.DocumentDB/locations/eastus2/restorableDatabaseAccounts/9492c50d-6367-4da3-a788-87cbd3e4b6b3","properties":{"accountName":"cli3fnizznpwo3p","apiType":"Gremlin,
        Sql","creationTime":"2022-05-06T18:48:34Z","deletionTime":"2022-05-06T20:02:55Z","restorableLocations":[{"locationName":"East
        US 2","regionalDatabaseAccountInstanceId":"c02f6f39-0549-449d-bd92-e4f829bbe3f4","creationTime":"2022-05-06T18:48:34Z","deletionTime":"2022-05-06T20:02:55Z"}]}},{"name":"d8485627-8041-4fb2-b1d0-a520e482eeba","location":"East
        US 2","type":"Microsoft.DocumentDB/locations/restorableDatabaseAccounts","id":"/subscriptions/00000000-0000-0000-0000-000000000000/providers/Microsoft.DocumentDB/locations/eastus2/restorableDatabaseAccounts/d8485627-8041-4fb2-b1d0-a520e482eeba","properties":{"accountName":"cli5x6td7tylmel","apiType":"Gremlin,
        Sql","creationTime":"2022-05-06T18:27:32Z","deletionTime":"2022-05-06T20:02:55Z","restorableLocations":[{"locationName":"East
        US 2","regionalDatabaseAccountInstanceId":"1ec48893-7c5e-4bf9-9715-87f2dab51c1b","creationTime":"2022-05-06T18:27:33Z","deletionTime":"2022-05-06T20:02:55Z"}]}},{"name":"62eee40d-4ff5-4ee5-9bdb-972879d5d1c6","location":"East
        US 2","type":"Microsoft.DocumentDB/locations/restorableDatabaseAccounts","id":"/subscriptions/00000000-0000-0000-0000-000000000000/providers/Microsoft.DocumentDB/locations/eastus2/restorableDatabaseAccounts/62eee40d-4ff5-4ee5-9bdb-972879d5d1c6","properties":{"accountName":"cli3gulmetiiujd","apiType":"Gremlin,
        Sql","creationTime":"2022-05-07T04:06:00Z","deletionTime":"2022-05-07T04:09:00Z","restorableLocations":[{"locationName":"East
        US 2","regionalDatabaseAccountInstanceId":"523d59d2-0142-4a5a-9c06-f290c36c969f","creationTime":"2022-05-07T04:06:01Z","deletionTime":"2022-05-07T04:09:00Z"}]}},{"name":"d96c54fc-c1be-49a2-9ff9-7979a23e213c","location":"East
        US 2","type":"Microsoft.DocumentDB/locations/restorableDatabaseAccounts","id":"/subscriptions/00000000-0000-0000-0000-000000000000/providers/Microsoft.DocumentDB/locations/eastus2/restorableDatabaseAccounts/d96c54fc-c1be-49a2-9ff9-7979a23e213c","properties":{"accountName":"climhqgyc7beo7o","apiType":"Gremlin,
        Sql","creationTime":"2022-05-07T04:11:57Z","deletionTime":"2022-05-07T04:16:33Z","restorableLocations":[{"locationName":"East
        US 2","regionalDatabaseAccountInstanceId":"13c8a8b5-9035-40e4-8c69-89197ff425ee","creationTime":"2022-05-07T04:11:58Z","deletionTime":"2022-05-07T04:16:33Z"}]}},{"name":"6898024f-348d-4420-a2c1-d374eb32c8a0","location":"East
        US 2","type":"Microsoft.DocumentDB/locations/restorableDatabaseAccounts","id":"/subscriptions/00000000-0000-0000-0000-000000000000/providers/Microsoft.DocumentDB/locations/eastus2/restorableDatabaseAccounts/6898024f-348d-4420-a2c1-d374eb32c8a0","properties":{"accountName":"clirvw4bp6466x3","apiType":"Gremlin,
        Sql","creationTime":"2022-05-07T04:12:53Z","deletionTime":"2022-05-07T04:18:17Z","restorableLocations":[{"locationName":"East
        US 2","regionalDatabaseAccountInstanceId":"133a0a07-8387-4149-aa33-9683a3f7a216","creationTime":"2022-05-07T04:12:54Z","deletionTime":"2022-05-07T04:18:17Z"}]}},{"name":"43d55eb1-9b5d-4994-9582-35a856d69dad","location":"East
        US 2","type":"Microsoft.DocumentDB/locations/restorableDatabaseAccounts","id":"/subscriptions/00000000-0000-0000-0000-000000000000/providers/Microsoft.DocumentDB/locations/eastus2/restorableDatabaseAccounts/43d55eb1-9b5d-4994-9582-35a856d69dad","properties":{"accountName":"cli6ceptw423ekp","apiType":"Table,
        Sql","creationTime":"2022-05-07T04:20:11Z","deletionTime":"2022-05-07T04:23:17Z","restorableLocations":[{"locationName":"East
        US 2","regionalDatabaseAccountInstanceId":"76724a35-862f-4df6-ae1d-5e59afb6ac87","creationTime":"2022-05-07T04:20:12Z","deletionTime":"2022-05-07T04:23:17Z"}]}},{"name":"5295da7a-5ac1-4d4f-9a9b-54e21313641e","location":"East
        US 2","type":"Microsoft.DocumentDB/locations/restorableDatabaseAccounts","id":"/subscriptions/00000000-0000-0000-0000-000000000000/providers/Microsoft.DocumentDB/locations/eastus2/restorableDatabaseAccounts/5295da7a-5ac1-4d4f-9a9b-54e21313641e","properties":{"accountName":"cliffbo24ehskza","apiType":"Table,
        Sql","creationTime":"2022-05-07T04:20:46Z","deletionTime":"2022-05-07T04:25:19Z","restorableLocations":[{"locationName":"East
        US 2","regionalDatabaseAccountInstanceId":"91fec87d-7f64-4a2f-94b5-830bc9c5fa33","creationTime":"2022-05-07T04:20:47Z","deletionTime":"2022-05-07T04:25:19Z"}]}},{"name":"35f37c0b-3225-41ba-8507-5986ec5135ed","location":"East
        US 2","type":"Microsoft.DocumentDB/locations/restorableDatabaseAccounts","id":"/subscriptions/00000000-0000-0000-0000-000000000000/providers/Microsoft.DocumentDB/locations/eastus2/restorableDatabaseAccounts/35f37c0b-3225-41ba-8507-5986ec5135ed","properties":{"accountName":"clii623pnu6uyo7","apiType":"MongoDB","creationTime":"2022-05-07T04:23:17Z","deletionTime":"2022-05-07T04:28:08Z","restorableLocations":[{"locationName":"East
        US 2","regionalDatabaseAccountInstanceId":"6419ddb1-c2fa-4f38-9163-b36e05cc4f46","creationTime":"2022-05-07T04:23:18Z","deletionTime":"2022-05-07T04:28:08Z"}]}},{"name":"1b0ac468-bcc8-4791-bace-74a96b63edd2","location":"East
        US 2","type":"Microsoft.DocumentDB/locations/restorableDatabaseAccounts","id":"/subscriptions/00000000-0000-0000-0000-000000000000/providers/Microsoft.DocumentDB/locations/eastus2/restorableDatabaseAccounts/1b0ac468-bcc8-4791-bace-74a96b63edd2","properties":{"accountName":"cliopy272dekyzv","apiType":"Gremlin,
        Sql","creationTime":"2022-05-07T04:44:47Z","deletionTime":"2022-05-07T04:49:18Z","restorableLocations":[{"locationName":"East
        US 2","regionalDatabaseAccountInstanceId":"7f3f71c1-0e56-4573-a4fa-6c0eb3096cff","creationTime":"2022-05-07T04:44:48Z","deletionTime":"2022-05-07T04:49:18Z"}]}},{"name":"8bc13c2d-e411-4b23-a4a4-6350ffa125d7","location":"East
        US 2","type":"Microsoft.DocumentDB/locations/restorableDatabaseAccounts","id":"/subscriptions/00000000-0000-0000-0000-000000000000/providers/Microsoft.DocumentDB/locations/eastus2/restorableDatabaseAccounts/8bc13c2d-e411-4b23-a4a4-6350ffa125d7","properties":{"accountName":"cli7yzdgqfkmrzi","apiType":"Gremlin,
        Sql","creationTime":"2022-05-07T04:44:28Z","deletionTime":"2022-05-07T04:49:39Z","restorableLocations":[{"locationName":"East
        US 2","regionalDatabaseAccountInstanceId":"000c8864-3d26-4f2f-8d83-f7b6086601f3","creationTime":"2022-05-07T04:44:29Z","deletionTime":"2022-05-07T04:49:39Z"}]}},{"name":"f5c7d22e-b760-4ba2-bfcd-9d8feb17b589","location":"East
        US 2","type":"Microsoft.DocumentDB/locations/restorableDatabaseAccounts","id":"/subscriptions/00000000-0000-0000-0000-000000000000/providers/Microsoft.DocumentDB/locations/eastus2/restorableDatabaseAccounts/f5c7d22e-b760-4ba2-bfcd-9d8feb17b589","properties":{"accountName":"cli3cymanpxfo5f","apiType":"Table,
        Sql","creationTime":"2022-05-07T04:51:53Z","deletionTime":"2022-05-07T04:55:57Z","restorableLocations":[{"locationName":"East
        US 2","regionalDatabaseAccountInstanceId":"22e3ccdb-198a-43e4-8948-4cbff967ebac","creationTime":"2022-05-07T04:51:54Z","deletionTime":"2022-05-07T04:55:57Z"}]}},{"name":"4021264e-e020-4570-a3cd-7fc9f6804b9b","location":"East
        US 2","type":"Microsoft.DocumentDB/locations/restorableDatabaseAccounts","id":"/subscriptions/00000000-0000-0000-0000-000000000000/providers/Microsoft.DocumentDB/locations/eastus2/restorableDatabaseAccounts/4021264e-e020-4570-a3cd-7fc9f6804b9b","properties":{"accountName":"clizntqpaih3spl","apiType":"Gremlin,
        Sql","creationTime":"2022-05-07T05:54:19Z","deletionTime":"2022-05-07T05:56:47Z","restorableLocations":[{"locationName":"East
        US 2","regionalDatabaseAccountInstanceId":"aedaed5b-eb7c-4ed5-b42f-ed3739b81bd1","creationTime":"2022-05-07T05:54:20Z","deletionTime":"2022-05-07T05:56:47Z"}]}},{"name":"77f64972-1e28-4c8d-8d42-b9b58800161e","location":"East
        US 2","type":"Microsoft.DocumentDB/locations/restorableDatabaseAccounts","id":"/subscriptions/00000000-0000-0000-0000-000000000000/providers/Microsoft.DocumentDB/locations/eastus2/restorableDatabaseAccounts/77f64972-1e28-4c8d-8d42-b9b58800161e","properties":{"accountName":"cliydvamtw2hnde","apiType":"Gremlin,
        Sql","creationTime":"2022-05-07T05:54:10Z","deletionTime":"2022-05-07T05:56:47Z","restorableLocations":[{"locationName":"East
        US 2","regionalDatabaseAccountInstanceId":"dfd3b0d4-4ba3-4fe1-a379-2bdf20ed05b8","creationTime":"2022-05-07T05:54:11Z","deletionTime":"2022-05-07T05:56:47Z"}]}},{"name":"92212b43-d1fb-4a09-b199-f0e889683537","location":"East
        US 2","type":"Microsoft.DocumentDB/locations/restorableDatabaseAccounts","id":"/subscriptions/00000000-0000-0000-0000-000000000000/providers/Microsoft.DocumentDB/locations/eastus2/restorableDatabaseAccounts/92212b43-d1fb-4a09-b199-f0e889683537","properties":{"accountName":"clispuwxhpuhtpw","apiType":"Gremlin,
        Sql","creationTime":"2022-05-07T14:57:23Z","deletionTime":"2022-05-07T14:59:27Z","restorableLocations":[{"locationName":"East
        US 2","regionalDatabaseAccountInstanceId":"d97e4402-4407-4c59-a4b5-78d336a462e0","creationTime":"2022-05-07T14:57:23Z","deletionTime":"2022-05-07T14:59:27Z"}]}},{"name":"ae141b2d-ec16-402c-906c-701b3befa5cc","location":"East
        US 2","type":"Microsoft.DocumentDB/locations/restorableDatabaseAccounts","id":"/subscriptions/00000000-0000-0000-0000-000000000000/providers/Microsoft.DocumentDB/locations/eastus2/restorableDatabaseAccounts/ae141b2d-ec16-402c-906c-701b3befa5cc","properties":{"accountName":"cliu4su6mjdbph3","apiType":"Gremlin,
        Sql","creationTime":"2022-05-07T14:35:50Z","deletionTime":"2022-05-07T14:59:27Z","restorableLocations":[{"locationName":"East
        US 2","regionalDatabaseAccountInstanceId":"94a7eb9d-01c2-437e-beed-0e0d12eb44c0","creationTime":"2022-05-07T14:35:51Z","deletionTime":"2022-05-07T14:59:27Z"}]}},{"name":"0f521be3-08a0-4ee3-8dd0-802d16811f6b","location":"East
        US 2","type":"Microsoft.DocumentDB/locations/restorableDatabaseAccounts","id":"/subscriptions/00000000-0000-0000-0000-000000000000/providers/Microsoft.DocumentDB/locations/eastus2/restorableDatabaseAccounts/0f521be3-08a0-4ee3-8dd0-802d16811f6b","properties":{"accountName":"clim32xmixkbnzz","apiType":"Gremlin,
        Sql","creationTime":"2022-05-07T18:20:43Z","deletionTime":"2022-05-07T18:25:34Z","restorableLocations":[{"locationName":"East
        US 2","regionalDatabaseAccountInstanceId":"0227f679-9033-4a0e-87b0-3f6c4070a3b8","creationTime":"2022-05-07T18:20:44Z","deletionTime":"2022-05-07T18:25:34Z"}]}},{"name":"a663215f-b8a7-4daa-864d-a2691089dc4d","location":"East
        US 2","type":"Microsoft.DocumentDB/locations/restorableDatabaseAccounts","id":"/subscriptions/00000000-0000-0000-0000-000000000000/providers/Microsoft.DocumentDB/locations/eastus2/restorableDatabaseAccounts/a663215f-b8a7-4daa-864d-a2691089dc4d","properties":{"accountName":"clibfm3cqp5kiut","apiType":"Gremlin,
        Sql","creationTime":"2022-05-07T18:21:06Z","deletionTime":"2022-05-07T18:25:59Z","restorableLocations":[{"locationName":"East
        US 2","regionalDatabaseAccountInstanceId":"7884dd02-69e9-4104-9845-d83160a1720c","creationTime":"2022-05-07T18:21:07Z","deletionTime":"2022-05-07T18:25:59Z"}]}},{"name":"38ad3db0-1907-44e9-8742-aa3f67ad8748","location":"East
        US 2","type":"Microsoft.DocumentDB/locations/restorableDatabaseAccounts","id":"/subscriptions/00000000-0000-0000-0000-000000000000/providers/Microsoft.DocumentDB/locations/eastus2/restorableDatabaseAccounts/38ad3db0-1907-44e9-8742-aa3f67ad8748","properties":{"accountName":"cliual4fv4w4nbf","apiType":"Table,
        Sql","creationTime":"2022-05-07T18:28:26Z","deletionTime":"2022-05-07T18:32:43Z","restorableLocations":[{"locationName":"East
        US 2","regionalDatabaseAccountInstanceId":"c273b58c-37ed-4908-b819-625cb8937dcb","creationTime":"2022-05-07T18:28:28Z","deletionTime":"2022-05-07T18:32:43Z"}]}},{"name":"4dcbeb4c-f085-4a46-837e-6dc11f6e8d2b","location":"East
        US 2","type":"Microsoft.DocumentDB/locations/restorableDatabaseAccounts","id":"/subscriptions/00000000-0000-0000-0000-000000000000/providers/Microsoft.DocumentDB/locations/eastus2/restorableDatabaseAccounts/4dcbeb4c-f085-4a46-837e-6dc11f6e8d2b","properties":{"accountName":"cli4t2nb47ellim","apiType":"Table,
        Sql","creationTime":"2022-05-07T18:28:49Z","deletionTime":"2022-05-07T18:32:55Z","restorableLocations":[{"locationName":"East
        US 2","regionalDatabaseAccountInstanceId":"943a6eb9-3474-4a40-9a8e-7a96526f7949","creationTime":"2022-05-07T18:28:50Z","deletionTime":"2022-05-07T18:32:55Z"}]}},{"name":"dc726173-d0a1-46fa-abf0-8a2332fb32a6","location":"East
        US 2","type":"Microsoft.DocumentDB/locations/restorableDatabaseAccounts","id":"/subscriptions/00000000-0000-0000-0000-000000000000/providers/Microsoft.DocumentDB/locations/eastus2/restorableDatabaseAccounts/dc726173-d0a1-46fa-abf0-8a2332fb32a6","properties":{"accountName":"clifxqq75svmcmq","apiType":"MongoDB","creationTime":"2022-05-07T18:32:36Z","deletionTime":"2022-05-07T18:37:46Z","restorableLocations":[{"locationName":"East
        US 2","regionalDatabaseAccountInstanceId":"6a69bd0b-aedd-4423-8de4-5dc15506c512","creationTime":"2022-05-07T18:32:37Z","deletionTime":"2022-05-07T18:37:46Z"}]}},{"name":"aad5469a-012e-465b-a4ce-03ec94249ad5","location":"East
        US 2","type":"Microsoft.DocumentDB/locations/restorableDatabaseAccounts","id":"/subscriptions/00000000-0000-0000-0000-000000000000/providers/Microsoft.DocumentDB/locations/eastus2/restorableDatabaseAccounts/aad5469a-012e-465b-a4ce-03ec94249ad5","properties":{"accountName":"climydttou2wggh","apiType":"Gremlin,
        Sql","creationTime":"2022-05-07T18:41:45Z","deletionTime":"2022-05-07T18:43:27Z","restorableLocations":[{"locationName":"East
        US 2","regionalDatabaseAccountInstanceId":"709a72cf-18fd-426b-a3fe-1a489db416d5","creationTime":"2022-05-07T18:41:45Z","deletionTime":"2022-05-07T18:43:27Z"}]}},{"name":"27ccf095-8d76-43d8-8b3c-844a01930774","location":"East
        US 2","type":"Microsoft.DocumentDB/locations/restorableDatabaseAccounts","id":"/subscriptions/00000000-0000-0000-0000-000000000000/providers/Microsoft.DocumentDB/locations/eastus2/restorableDatabaseAccounts/27ccf095-8d76-43d8-8b3c-844a01930774","properties":{"accountName":"cliwetiucmecxqj","apiType":"Gremlin,
        Sql","creationTime":"2022-05-07T18:20:35Z","deletionTime":"2022-05-07T18:43:27Z","restorableLocations":[{"locationName":"East
        US 2","regionalDatabaseAccountInstanceId":"0fcdd03f-edd3-41d8-b5be-7c475aef1898","creationTime":"2022-05-07T18:20:37Z","deletionTime":"2022-05-07T18:43:27Z"}]}},{"name":"ae585666-d7e5-40aa-a4a7-b6b9883aa28d","location":"East
        US 2","type":"Microsoft.DocumentDB/locations/restorableDatabaseAccounts","id":"/subscriptions/00000000-0000-0000-0000-000000000000/providers/Microsoft.DocumentDB/locations/eastus2/restorableDatabaseAccounts/ae585666-d7e5-40aa-a4a7-b6b9883aa28d","properties":{"accountName":"clidtuhvudszlp5","apiType":"Gremlin,
        Sql","creationTime":"2022-05-07T18:44:26Z","deletionTime":"2022-05-07T18:46:09Z","restorableLocations":[{"locationName":"East
        US 2","regionalDatabaseAccountInstanceId":"85e6c961-3c43-4cca-8206-fa94ca6c6136","creationTime":"2022-05-07T18:44:26Z","deletionTime":"2022-05-07T18:46:09Z"}]}},{"name":"682b0571-d8e5-4aa9-a189-b03de5412a43","location":"East
        US 2","type":"Microsoft.DocumentDB/locations/restorableDatabaseAccounts","id":"/subscriptions/00000000-0000-0000-0000-000000000000/providers/Microsoft.DocumentDB/locations/eastus2/restorableDatabaseAccounts/682b0571-d8e5-4aa9-a189-b03de5412a43","properties":{"accountName":"cliazqdez75hvjp","apiType":"Gremlin,
        Sql","creationTime":"2022-05-07T18:21:04Z","deletionTime":"2022-05-07T18:46:09Z","restorableLocations":[{"locationName":"East
        US 2","regionalDatabaseAccountInstanceId":"a77d40a1-30fc-433c-b287-ea3113e86856","creationTime":"2022-05-07T18:21:05Z","deletionTime":"2022-05-07T18:46:09Z"}]}},{"name":"2a51aec9-e3a9-4caa-8612-a8baf46a9b43","location":"East
        US 2","type":"Microsoft.DocumentDB/locations/restorableDatabaseAccounts","id":"/subscriptions/00000000-0000-0000-0000-000000000000/providers/Microsoft.DocumentDB/locations/eastus2/restorableDatabaseAccounts/2a51aec9-e3a9-4caa-8612-a8baf46a9b43","properties":{"accountName":"clij5epzh3cmauc","apiType":"Table,
        Sql","creationTime":"2022-05-07T18:46:15Z","deletionTime":"2022-05-07T18:47:02Z","restorableLocations":[{"locationName":"East
        US 2","regionalDatabaseAccountInstanceId":"aa4d7b3b-7e6c-4827-8c69-ffea03aed8b0","creationTime":"2022-05-07T18:46:16Z","deletionTime":"2022-05-07T18:47:02Z"}]}},{"name":"9124cf84-ea68-4dce-a345-2b8dcbed8ae3","location":"East
        US 2","type":"Microsoft.DocumentDB/locations/restorableDatabaseAccounts","id":"/subscriptions/00000000-0000-0000-0000-000000000000/providers/Microsoft.DocumentDB/locations/eastus2/restorableDatabaseAccounts/9124cf84-ea68-4dce-a345-2b8dcbed8ae3","properties":{"accountName":"cliuiehx6dc4boy","apiType":"Sql","creationTime":"2022-05-07T18:59:53Z","deletionTime":"2022-05-07T19:05:51Z","restorableLocations":[{"locationName":"East
        US 2","regionalDatabaseAccountInstanceId":"67056733-aa62-4d5a-84c6-6af5f5cdad10","creationTime":"2022-05-07T18:59:54Z","deletionTime":"2022-05-07T19:05:51Z"}]}},{"name":"9255f8ed-ca0b-410d-8c57-e68e2f76f055","location":"East
        US 2","type":"Microsoft.DocumentDB/locations/restorableDatabaseAccounts","id":"/subscriptions/00000000-0000-0000-0000-000000000000/providers/Microsoft.DocumentDB/locations/eastus2/restorableDatabaseAccounts/9255f8ed-ca0b-410d-8c57-e68e2f76f055","properties":{"accountName":"cliu2xlbnryaeef","apiType":"Table,
        Sql","creationTime":"2022-05-07T19:09:04Z","deletionTime":"2022-05-07T19:10:44Z","restorableLocations":[{"locationName":"East
        US 2","regionalDatabaseAccountInstanceId":"d39e7863-30be-4ad9-ba8a-ea44229c7049","creationTime":"2022-05-07T19:09:04Z","deletionTime":"2022-05-07T19:10:44Z"}]}},{"name":"78e32a2b-a2c4-43f4-90d5-10b93cfee6ad","location":"East
        US 2","type":"Microsoft.DocumentDB/locations/restorableDatabaseAccounts","id":"/subscriptions/00000000-0000-0000-0000-000000000000/providers/Microsoft.DocumentDB/locations/eastus2/restorableDatabaseAccounts/78e32a2b-a2c4-43f4-90d5-10b93cfee6ad","properties":{"accountName":"clizawa3azykrlj","apiType":"Table,
        Sql","creationTime":"2022-05-07T18:48:39Z","deletionTime":"2022-05-07T19:11:27Z","restorableLocations":[{"locationName":"East
        US 2","regionalDatabaseAccountInstanceId":"fb5cadbc-9fdc-4a94-8f9f-b4294855cdd6","creationTime":"2022-05-07T18:48:40Z","deletionTime":"2022-05-07T19:11:27Z"}]}}]}'
    headers:
      cache-control:
      - no-cache
      content-length:
      - '60692'
      content-type:
      - application/json; charset=utf-8
      date:
      - Sun, 08 May 2022 06:09:51 GMT
      expires:
      - '-1'
      pragma:
      - no-cache
      strict-transport-security:
      - max-age=31536000; includeSubDomains
      vary:
      - Accept-Encoding
      x-content-type-options:
      - nosniff
      x-ms-original-request-ids:
      - ''
      - ''
      - ''
      - ''
      - ''
      - ''
      - ''
      - ''
      - ''
      - ''
      - ''
      - ''
      - ''
      - ''
      - ''
      - ''
      - ''
      - ''
      - ''
      - ''
      - ''
      - ''
      - ''
      - ''
      - ''
      - ''
      - ''
      - ''
      - ''
      - ''
      - ''
      - ''
      - ''
      - ''
      - ''
      - ''
      - ''
      - ''
    status:
      code: 200
      message: OK
- request:
    body: null
    headers:
      Accept:
      - application/json
      Accept-Encoding:
      - gzip, deflate
      CommandName:
      - cosmosdb create
      Connection:
      - keep-alive
      ParameterSetName:
      - -n -g --is-restore-request --restore-source --restore-timestamp
      User-Agent:
      - AZURECLI/2.36.0 azsdk-python-azure-mgmt-resource/20.0.0 Python/3.10.4 (Windows-10-10.0.22000-SP0)
    method: GET
    uri: https://management.azure.com/subscriptions/00000000-0000-0000-0000-000000000000/resourcegroups/cli_test_cosmosdb_gremlin_account_restore_using_create000001?api-version=2021-04-01
  response:
    body:
      string: '{"id":"/subscriptions/00000000-0000-0000-0000-000000000000/resourceGroups/cli_test_cosmosdb_gremlin_account_restore_using_create000001","name":"cli_test_cosmosdb_gremlin_account_restore_using_create000001","type":"Microsoft.Resources/resourceGroups","location":"westus2","tags":{"product":"azurecli","cause":"automation","date":"2022-05-08T06:04:40Z"},"properties":{"provisioningState":"Succeeded"}}'
    headers:
      cache-control:
      - no-cache
      content-length:
      - '399'
      content-type:
      - application/json; charset=utf-8
      date:
      - Sun, 08 May 2022 06:13:51 GMT
      expires:
      - '-1'
      pragma:
      - no-cache
      strict-transport-security:
      - max-age=31536000; includeSubDomains
      vary:
      - Accept-Encoding
      x-content-type-options:
      - nosniff
    status:
      code: 200
      message: OK
- request:
    body: '{"location": "westus2", "kind": "GlobalDocumentDB", "properties": {"locations":
      [{"locationName": "westus2", "failoverPriority": 0, "isZoneRedundant": false}],
      "databaseAccountOfferType": "Standard", "apiProperties": {}, "createMode": "Restore",
      "restoreParameters": {"restoreMode": "PointInTime", "restoreSource": "/subscriptions/00000000-0000-0000-0000-000000000000/providers/Microsoft.DocumentDB/locations/westus2/restorableDatabaseAccounts/0c29493a-570d-40bc-8a57-709862f8b630",
      "restoreTimestampInUtc": "2022-05-08T06:12:12.000Z"}}}'
    headers:
      Accept:
      - application/json
      Accept-Encoding:
      - gzip, deflate
      CommandName:
      - cosmosdb create
      Connection:
      - keep-alive
      Content-Length:
      - '537'
      Content-Type:
      - application/json
      ParameterSetName:
      - -n -g --is-restore-request --restore-source --restore-timestamp
      User-Agent:
      - AZURECLI/2.36.0 azsdk-python-mgmt-cosmosdb/7.0.0b5 Python/3.10.4 (Windows-10-10.0.22000-SP0)
    method: PUT
    uri: https://management.azure.com/subscriptions/00000000-0000-0000-0000-000000000000/resourceGroups/cli_test_cosmosdb_gremlin_account_restore_using_create000001/providers/Microsoft.DocumentDB/databaseAccounts/cli000004?api-version=2022-02-15-preview
  response:
    body:
      string: '{"id":"/subscriptions/00000000-0000-0000-0000-000000000000/resourceGroups/cli_test_cosmosdb_gremlin_account_restore_using_create000001/providers/Microsoft.DocumentDB/databaseAccounts/cli000004","name":"cli000004","location":"West
        US 2","type":"Microsoft.DocumentDB/databaseAccounts","kind":"GlobalDocumentDB","tags":{},"systemData":{"createdAt":"2022-05-08T06:14:00.6740559Z"},"properties":{"provisioningState":"Creating","publicNetworkAccess":"Enabled","enableAutomaticFailover":false,"enableMultipleWriteLocations":false,"enablePartitionKeyMonitor":false,"isVirtualNetworkFilterEnabled":false,"virtualNetworkRules":[],"EnabledApiTypes":"Gremlin,
        Sql","disableKeyBasedMetadataWriteAccess":false,"enableFreeTier":false,"enableAnalyticalStorage":false,"analyticalStorageConfiguration":{},"instanceId":"3c4e0cea-16ed-4ba4-adce-df53cdbb3e58","createMode":"Restore","databaseAccountOfferType":"Standard","defaultIdentity":"FirstPartyIdentity","networkAclBypass":"None","disableLocalAuth":false,"consistencyPolicy":{"defaultConsistencyLevel":"Session","maxIntervalInSeconds":5,"maxStalenessPrefix":100},"configurationOverrides":{},"writeLocations":[{"id":"cli000004-westus2","locationName":"West
        US 2","documentEndpoint":"https://cli000003-westus2.documents.azure.com:443/","provisioningState":"Creating","failoverPriority":0,"isZoneRedundant":false}],"readLocations":[{"id":"cli000004-westus2","locationName":"West
        US 2","documentEndpoint":"https://cli000003-westus2.documents.azure.com:443/","provisioningState":"Creating","failoverPriority":0,"isZoneRedundant":false}],"locations":[{"id":"cli000004-westus2","locationName":"West
        US 2","documentEndpoint":"https://cli000003-westus2.documents.azure.com:443/","provisioningState":"Creating","failoverPriority":0,"isZoneRedundant":false}],"failoverPolicies":[{"id":"cli000004-westus2","locationName":"West
        US 2","failoverPriority":0}],"cors":[],"capabilities":[{"name":"EnableGremlin"}],"ipRules":[],"backupPolicy":{"type":"Continuous","continuousModeProperties":{"tier":"Continuous30Days"}},"restoreParameters":{"restoreMode":"PointInTime","restoreSource":"/subscriptions/00000000-0000-0000-0000-000000000000/providers/Microsoft.DocumentDB/locations/westus2/restorableDatabaseAccounts/0c29493a-570d-40bc-8a57-709862f8b630","restoreTimestampInUtc":"2022-05-08T06:12:12Z","gremlinDatabasesToRestore":[]},"networkAclBypassResourceIds":[],"diagnosticLogSettings":{"enableFullTextQuery":"None"},"capacity":{"totalThroughputLimit":-1}},"identity":{"type":"None"}}'
    headers:
      azure-asyncoperation:
      - https://management.azure.com/subscriptions/00000000-0000-0000-0000-000000000000/providers/Microsoft.DocumentDB/locations/westus2/operationsStatus/08eef06c-3eb9-4b94-9903-1cdb480aaa2c?api-version=2022-02-15-preview
      cache-control:
      - no-store, no-cache
      content-length:
      - '2502'
      content-type:
      - application/json
      date:
      - Sun, 08 May 2022 06:14:04 GMT
      location:
      - https://management.azure.com/subscriptions/00000000-0000-0000-0000-000000000000/resourceGroups/cli_test_cosmosdb_gremlin_account_restore_using_create000001/providers/Microsoft.DocumentDB/databaseAccounts/cli000004/operationResults/08eef06c-3eb9-4b94-9903-1cdb480aaa2c?api-version=2022-02-15-preview
      pragma:
      - no-cache
      server:
      - Microsoft-HTTPAPI/2.0
      strict-transport-security:
      - max-age=31536000; includeSubDomains
      transfer-encoding:
      - chunked
      vary:
      - Accept-Encoding
      x-content-type-options:
      - nosniff
      x-ms-gatewayversion:
      - version=2.14.0
      x-ms-ratelimit-remaining-subscription-writes:
      - '1193'
    status:
      code: 200
      message: Ok
- request:
    body: null
    headers:
      Accept:
      - '*/*'
      Accept-Encoding:
      - gzip, deflate
      CommandName:
      - cosmosdb create
      Connection:
      - keep-alive
      ParameterSetName:
      - -n -g --is-restore-request --restore-source --restore-timestamp
      User-Agent:
      - AZURECLI/2.36.0 azsdk-python-mgmt-cosmosdb/7.0.0b5 Python/3.10.4 (Windows-10-10.0.22000-SP0)
    method: GET
    uri: https://management.azure.com/subscriptions/00000000-0000-0000-0000-000000000000/providers/Microsoft.DocumentDB/locations/westus2/operationsStatus/08eef06c-3eb9-4b94-9903-1cdb480aaa2c?api-version=2022-02-15-preview
  response:
    body:
      string: '{"status":"Dequeued"}'
    headers:
      cache-control:
      - no-store, no-cache
      content-length:
      - '21'
      content-type:
      - application/json
      date:
      - Sun, 08 May 2022 06:14:34 GMT
      pragma:
      - no-cache
      server:
      - Microsoft-HTTPAPI/2.0
      strict-transport-security:
      - max-age=31536000; includeSubDomains
      transfer-encoding:
      - chunked
      vary:
      - Accept-Encoding
      x-content-type-options:
      - nosniff
      x-ms-gatewayversion:
      - version=2.14.0
    status:
      code: 200
      message: Ok
- request:
    body: null
    headers:
      Accept:
      - '*/*'
      Accept-Encoding:
      - gzip, deflate
      CommandName:
      - cosmosdb create
      Connection:
      - keep-alive
      ParameterSetName:
      - -n -g --is-restore-request --restore-source --restore-timestamp
      User-Agent:
      - AZURECLI/2.36.0 azsdk-python-mgmt-cosmosdb/7.0.0b5 Python/3.10.4 (Windows-10-10.0.22000-SP0)
    method: GET
    uri: https://management.azure.com/subscriptions/00000000-0000-0000-0000-000000000000/providers/Microsoft.DocumentDB/locations/westus2/operationsStatus/08eef06c-3eb9-4b94-9903-1cdb480aaa2c?api-version=2022-02-15-preview
  response:
    body:
      string: '{"status":"Dequeued"}'
    headers:
      cache-control:
      - no-store, no-cache
      content-length:
      - '21'
      content-type:
      - application/json
      date:
      - Sun, 08 May 2022 06:15:06 GMT
      pragma:
      - no-cache
      server:
      - Microsoft-HTTPAPI/2.0
      strict-transport-security:
      - max-age=31536000; includeSubDomains
      transfer-encoding:
      - chunked
      vary:
      - Accept-Encoding
      x-content-type-options:
      - nosniff
      x-ms-gatewayversion:
      - version=2.14.0
    status:
      code: 200
      message: Ok
- request:
    body: null
    headers:
      Accept:
      - '*/*'
      Accept-Encoding:
      - gzip, deflate
      CommandName:
      - cosmosdb create
      Connection:
      - keep-alive
      ParameterSetName:
      - -n -g --is-restore-request --restore-source --restore-timestamp
      User-Agent:
      - AZURECLI/2.36.0 azsdk-python-mgmt-cosmosdb/7.0.0b5 Python/3.10.4 (Windows-10-10.0.22000-SP0)
    method: GET
    uri: https://management.azure.com/subscriptions/00000000-0000-0000-0000-000000000000/providers/Microsoft.DocumentDB/locations/westus2/operationsStatus/08eef06c-3eb9-4b94-9903-1cdb480aaa2c?api-version=2022-02-15-preview
  response:
    body:
      string: '{"status":"Dequeued"}'
    headers:
      cache-control:
      - no-store, no-cache
      content-length:
      - '21'
      content-type:
      - application/json
      date:
      - Sun, 08 May 2022 06:15:36 GMT
      pragma:
      - no-cache
      server:
      - Microsoft-HTTPAPI/2.0
      strict-transport-security:
      - max-age=31536000; includeSubDomains
      transfer-encoding:
      - chunked
      vary:
      - Accept-Encoding
      x-content-type-options:
      - nosniff
      x-ms-gatewayversion:
      - version=2.14.0
    status:
      code: 200
      message: Ok
- request:
    body: null
    headers:
      Accept:
      - '*/*'
      Accept-Encoding:
      - gzip, deflate
      CommandName:
      - cosmosdb create
      Connection:
      - keep-alive
      ParameterSetName:
      - -n -g --is-restore-request --restore-source --restore-timestamp
      User-Agent:
      - AZURECLI/2.36.0 azsdk-python-mgmt-cosmosdb/7.0.0b5 Python/3.10.4 (Windows-10-10.0.22000-SP0)
    method: GET
    uri: https://management.azure.com/subscriptions/00000000-0000-0000-0000-000000000000/providers/Microsoft.DocumentDB/locations/westus2/operationsStatus/08eef06c-3eb9-4b94-9903-1cdb480aaa2c?api-version=2022-02-15-preview
  response:
    body:
      string: '{"status":"Dequeued"}'
    headers:
      cache-control:
      - no-store, no-cache
      content-length:
      - '21'
      content-type:
      - application/json
      date:
      - Sun, 08 May 2022 06:16:05 GMT
      pragma:
      - no-cache
      server:
      - Microsoft-HTTPAPI/2.0
      strict-transport-security:
      - max-age=31536000; includeSubDomains
      transfer-encoding:
      - chunked
      vary:
      - Accept-Encoding
      x-content-type-options:
      - nosniff
      x-ms-gatewayversion:
      - version=2.14.0
    status:
      code: 200
      message: Ok
- request:
    body: null
    headers:
      Accept:
      - '*/*'
      Accept-Encoding:
      - gzip, deflate
      CommandName:
      - cosmosdb create
      Connection:
      - keep-alive
      ParameterSetName:
      - -n -g --is-restore-request --restore-source --restore-timestamp
      User-Agent:
      - AZURECLI/2.36.0 azsdk-python-mgmt-cosmosdb/7.0.0b5 Python/3.10.4 (Windows-10-10.0.22000-SP0)
    method: GET
    uri: https://management.azure.com/subscriptions/00000000-0000-0000-0000-000000000000/providers/Microsoft.DocumentDB/locations/westus2/operationsStatus/08eef06c-3eb9-4b94-9903-1cdb480aaa2c?api-version=2022-02-15-preview
  response:
    body:
      string: '{"status":"Dequeued"}'
    headers:
      cache-control:
      - no-store, no-cache
      content-length:
      - '21'
      content-type:
      - application/json
      date:
      - Sun, 08 May 2022 06:16:36 GMT
      pragma:
      - no-cache
      server:
      - Microsoft-HTTPAPI/2.0
      strict-transport-security:
      - max-age=31536000; includeSubDomains
      transfer-encoding:
      - chunked
      vary:
      - Accept-Encoding
      x-content-type-options:
      - nosniff
      x-ms-gatewayversion:
      - version=2.14.0
    status:
      code: 200
      message: Ok
- request:
    body: null
    headers:
      Accept:
      - '*/*'
      Accept-Encoding:
      - gzip, deflate
      CommandName:
      - cosmosdb create
      Connection:
      - keep-alive
      ParameterSetName:
      - -n -g --is-restore-request --restore-source --restore-timestamp
      User-Agent:
      - AZURECLI/2.36.0 azsdk-python-mgmt-cosmosdb/7.0.0b5 Python/3.10.4 (Windows-10-10.0.22000-SP0)
    method: GET
    uri: https://management.azure.com/subscriptions/00000000-0000-0000-0000-000000000000/providers/Microsoft.DocumentDB/locations/westus2/operationsStatus/08eef06c-3eb9-4b94-9903-1cdb480aaa2c?api-version=2022-02-15-preview
  response:
    body:
      string: '{"status":"Dequeued"}'
    headers:
      cache-control:
      - no-store, no-cache
      content-length:
      - '21'
      content-type:
      - application/json
      date:
      - Sun, 08 May 2022 06:17:06 GMT
      pragma:
      - no-cache
      server:
      - Microsoft-HTTPAPI/2.0
      strict-transport-security:
      - max-age=31536000; includeSubDomains
      transfer-encoding:
      - chunked
      vary:
      - Accept-Encoding
      x-content-type-options:
      - nosniff
      x-ms-gatewayversion:
      - version=2.14.0
    status:
      code: 200
      message: Ok
- request:
    body: null
    headers:
      Accept:
      - '*/*'
      Accept-Encoding:
      - gzip, deflate
      CommandName:
      - cosmosdb create
      Connection:
      - keep-alive
      ParameterSetName:
      - -n -g --is-restore-request --restore-source --restore-timestamp
      User-Agent:
      - AZURECLI/2.36.0 azsdk-python-mgmt-cosmosdb/7.0.0b5 Python/3.10.4 (Windows-10-10.0.22000-SP0)
    method: GET
    uri: https://management.azure.com/subscriptions/00000000-0000-0000-0000-000000000000/providers/Microsoft.DocumentDB/locations/westus2/operationsStatus/08eef06c-3eb9-4b94-9903-1cdb480aaa2c?api-version=2022-02-15-preview
  response:
    body:
      string: '{"status":"Dequeued"}'
    headers:
      cache-control:
      - no-store, no-cache
      content-length:
      - '21'
      content-type:
      - application/json
      date:
      - Sun, 08 May 2022 06:17:37 GMT
      pragma:
      - no-cache
      server:
      - Microsoft-HTTPAPI/2.0
      strict-transport-security:
      - max-age=31536000; includeSubDomains
      transfer-encoding:
      - chunked
      vary:
      - Accept-Encoding
      x-content-type-options:
      - nosniff
      x-ms-gatewayversion:
      - version=2.14.0
    status:
      code: 200
      message: Ok
- request:
    body: null
    headers:
      Accept:
      - '*/*'
      Accept-Encoding:
      - gzip, deflate
      CommandName:
      - cosmosdb create
      Connection:
      - keep-alive
      ParameterSetName:
      - -n -g --is-restore-request --restore-source --restore-timestamp
      User-Agent:
      - AZURECLI/2.36.0 azsdk-python-mgmt-cosmosdb/7.0.0b5 Python/3.10.4 (Windows-10-10.0.22000-SP0)
    method: GET
    uri: https://management.azure.com/subscriptions/00000000-0000-0000-0000-000000000000/providers/Microsoft.DocumentDB/locations/westus2/operationsStatus/08eef06c-3eb9-4b94-9903-1cdb480aaa2c?api-version=2022-02-15-preview
  response:
    body:
      string: '{"status":"Dequeued"}'
    headers:
      cache-control:
      - no-store, no-cache
      content-length:
      - '21'
      content-type:
      - application/json
      date:
      - Sun, 08 May 2022 06:18:07 GMT
      pragma:
      - no-cache
      server:
      - Microsoft-HTTPAPI/2.0
      strict-transport-security:
      - max-age=31536000; includeSubDomains
      transfer-encoding:
      - chunked
      vary:
      - Accept-Encoding
      x-content-type-options:
      - nosniff
      x-ms-gatewayversion:
      - version=2.14.0
    status:
      code: 200
      message: Ok
- request:
    body: null
    headers:
      Accept:
      - '*/*'
      Accept-Encoding:
      - gzip, deflate
      CommandName:
      - cosmosdb create
      Connection:
      - keep-alive
      ParameterSetName:
      - -n -g --is-restore-request --restore-source --restore-timestamp
      User-Agent:
      - AZURECLI/2.36.0 azsdk-python-mgmt-cosmosdb/7.0.0b5 Python/3.10.4 (Windows-10-10.0.22000-SP0)
    method: GET
    uri: https://management.azure.com/subscriptions/00000000-0000-0000-0000-000000000000/providers/Microsoft.DocumentDB/locations/westus2/operationsStatus/08eef06c-3eb9-4b94-9903-1cdb480aaa2c?api-version=2022-02-15-preview
  response:
    body:
      string: '{"status":"Dequeued"}'
    headers:
      cache-control:
      - no-store, no-cache
      content-length:
      - '21'
      content-type:
      - application/json
      date:
      - Sun, 08 May 2022 06:18:38 GMT
      pragma:
      - no-cache
      server:
      - Microsoft-HTTPAPI/2.0
      strict-transport-security:
      - max-age=31536000; includeSubDomains
      transfer-encoding:
      - chunked
      vary:
      - Accept-Encoding
      x-content-type-options:
      - nosniff
      x-ms-gatewayversion:
      - version=2.14.0
    status:
      code: 200
      message: Ok
- request:
    body: null
    headers:
      Accept:
      - '*/*'
      Accept-Encoding:
      - gzip, deflate
      CommandName:
      - cosmosdb create
      Connection:
      - keep-alive
      ParameterSetName:
      - -n -g --is-restore-request --restore-source --restore-timestamp
      User-Agent:
      - AZURECLI/2.36.0 azsdk-python-mgmt-cosmosdb/7.0.0b5 Python/3.10.4 (Windows-10-10.0.22000-SP0)
    method: GET
    uri: https://management.azure.com/subscriptions/00000000-0000-0000-0000-000000000000/providers/Microsoft.DocumentDB/locations/westus2/operationsStatus/08eef06c-3eb9-4b94-9903-1cdb480aaa2c?api-version=2022-02-15-preview
  response:
    body:
      string: '{"status":"Dequeued"}'
    headers:
      cache-control:
      - no-store, no-cache
      content-length:
      - '21'
      content-type:
      - application/json
      date:
      - Sun, 08 May 2022 06:19:08 GMT
      pragma:
      - no-cache
      server:
      - Microsoft-HTTPAPI/2.0
      strict-transport-security:
      - max-age=31536000; includeSubDomains
      transfer-encoding:
      - chunked
      vary:
      - Accept-Encoding
      x-content-type-options:
      - nosniff
      x-ms-gatewayversion:
      - version=2.14.0
    status:
      code: 200
      message: Ok
- request:
    body: null
    headers:
      Accept:
      - '*/*'
      Accept-Encoding:
      - gzip, deflate
      CommandName:
      - cosmosdb create
      Connection:
      - keep-alive
      ParameterSetName:
      - -n -g --is-restore-request --restore-source --restore-timestamp
      User-Agent:
      - AZURECLI/2.36.0 azsdk-python-mgmt-cosmosdb/7.0.0b5 Python/3.10.4 (Windows-10-10.0.22000-SP0)
    method: GET
    uri: https://management.azure.com/subscriptions/00000000-0000-0000-0000-000000000000/providers/Microsoft.DocumentDB/locations/westus2/operationsStatus/08eef06c-3eb9-4b94-9903-1cdb480aaa2c?api-version=2022-02-15-preview
  response:
    body:
      string: '{"status":"Dequeued"}'
    headers:
      cache-control:
      - no-store, no-cache
      content-length:
      - '21'
      content-type:
      - application/json
      date:
      - Sun, 08 May 2022 06:19:38 GMT
      pragma:
      - no-cache
      server:
      - Microsoft-HTTPAPI/2.0
      strict-transport-security:
      - max-age=31536000; includeSubDomains
      transfer-encoding:
      - chunked
      vary:
      - Accept-Encoding
      x-content-type-options:
      - nosniff
      x-ms-gatewayversion:
      - version=2.14.0
    status:
      code: 200
      message: Ok
- request:
    body: null
    headers:
      Accept:
      - '*/*'
      Accept-Encoding:
      - gzip, deflate
      CommandName:
      - cosmosdb create
      Connection:
      - keep-alive
      ParameterSetName:
      - -n -g --is-restore-request --restore-source --restore-timestamp
      User-Agent:
      - AZURECLI/2.36.0 azsdk-python-mgmt-cosmosdb/7.0.0b5 Python/3.10.4 (Windows-10-10.0.22000-SP0)
    method: GET
    uri: https://management.azure.com/subscriptions/00000000-0000-0000-0000-000000000000/providers/Microsoft.DocumentDB/locations/westus2/operationsStatus/08eef06c-3eb9-4b94-9903-1cdb480aaa2c?api-version=2022-02-15-preview
  response:
    body:
      string: '{"status":"Dequeued"}'
    headers:
      cache-control:
      - no-store, no-cache
      content-length:
      - '21'
      content-type:
      - application/json
      date:
      - Sun, 08 May 2022 06:20:08 GMT
      pragma:
      - no-cache
      server:
      - Microsoft-HTTPAPI/2.0
      strict-transport-security:
      - max-age=31536000; includeSubDomains
      transfer-encoding:
      - chunked
      vary:
      - Accept-Encoding
      x-content-type-options:
      - nosniff
      x-ms-gatewayversion:
      - version=2.14.0
    status:
      code: 200
      message: Ok
- request:
    body: null
    headers:
      Accept:
      - '*/*'
      Accept-Encoding:
      - gzip, deflate
      CommandName:
      - cosmosdb create
      Connection:
      - keep-alive
      ParameterSetName:
      - -n -g --is-restore-request --restore-source --restore-timestamp
      User-Agent:
      - AZURECLI/2.36.0 azsdk-python-mgmt-cosmosdb/7.0.0b5 Python/3.10.4 (Windows-10-10.0.22000-SP0)
    method: GET
    uri: https://management.azure.com/subscriptions/00000000-0000-0000-0000-000000000000/providers/Microsoft.DocumentDB/locations/westus2/operationsStatus/08eef06c-3eb9-4b94-9903-1cdb480aaa2c?api-version=2022-02-15-preview
  response:
    body:
      string: '{"status":"Dequeued"}'
    headers:
      cache-control:
      - no-store, no-cache
      content-length:
      - '21'
      content-type:
      - application/json
      date:
      - Sun, 08 May 2022 06:20:39 GMT
      pragma:
      - no-cache
      server:
      - Microsoft-HTTPAPI/2.0
      strict-transport-security:
      - max-age=31536000; includeSubDomains
      transfer-encoding:
      - chunked
      vary:
      - Accept-Encoding
      x-content-type-options:
      - nosniff
      x-ms-gatewayversion:
      - version=2.14.0
    status:
      code: 200
      message: Ok
- request:
    body: null
    headers:
      Accept:
      - '*/*'
      Accept-Encoding:
      - gzip, deflate
      CommandName:
      - cosmosdb create
      Connection:
      - keep-alive
      ParameterSetName:
      - -n -g --is-restore-request --restore-source --restore-timestamp
      User-Agent:
      - AZURECLI/2.36.0 azsdk-python-mgmt-cosmosdb/7.0.0b5 Python/3.10.4 (Windows-10-10.0.22000-SP0)
    method: GET
    uri: https://management.azure.com/subscriptions/00000000-0000-0000-0000-000000000000/providers/Microsoft.DocumentDB/locations/westus2/operationsStatus/08eef06c-3eb9-4b94-9903-1cdb480aaa2c?api-version=2022-02-15-preview
  response:
    body:
      string: '{"status":"Dequeued"}'
    headers:
      cache-control:
      - no-store, no-cache
      content-length:
      - '21'
      content-type:
      - application/json
      date:
      - Sun, 08 May 2022 06:21:10 GMT
      pragma:
      - no-cache
      server:
      - Microsoft-HTTPAPI/2.0
      strict-transport-security:
      - max-age=31536000; includeSubDomains
      transfer-encoding:
      - chunked
      vary:
      - Accept-Encoding
      x-content-type-options:
      - nosniff
      x-ms-gatewayversion:
      - version=2.14.0
    status:
      code: 200
      message: Ok
- request:
    body: null
    headers:
      Accept:
      - '*/*'
      Accept-Encoding:
      - gzip, deflate
      CommandName:
      - cosmosdb create
      Connection:
      - keep-alive
      ParameterSetName:
      - -n -g --is-restore-request --restore-source --restore-timestamp
      User-Agent:
      - AZURECLI/2.36.0 azsdk-python-mgmt-cosmosdb/7.0.0b5 Python/3.10.4 (Windows-10-10.0.22000-SP0)
    method: GET
    uri: https://management.azure.com/subscriptions/00000000-0000-0000-0000-000000000000/providers/Microsoft.DocumentDB/locations/westus2/operationsStatus/08eef06c-3eb9-4b94-9903-1cdb480aaa2c?api-version=2022-02-15-preview
  response:
    body:
      string: '{"status":"Dequeued"}'
    headers:
      cache-control:
      - no-store, no-cache
      content-length:
      - '21'
      content-type:
      - application/json
      date:
      - Sun, 08 May 2022 06:21:40 GMT
      pragma:
      - no-cache
      server:
      - Microsoft-HTTPAPI/2.0
      strict-transport-security:
      - max-age=31536000; includeSubDomains
      transfer-encoding:
      - chunked
      vary:
      - Accept-Encoding
      x-content-type-options:
      - nosniff
      x-ms-gatewayversion:
      - version=2.14.0
    status:
      code: 200
      message: Ok
- request:
    body: null
    headers:
      Accept:
      - '*/*'
      Accept-Encoding:
      - gzip, deflate
      CommandName:
      - cosmosdb create
      Connection:
      - keep-alive
      ParameterSetName:
      - -n -g --is-restore-request --restore-source --restore-timestamp
      User-Agent:
      - AZURECLI/2.36.0 azsdk-python-mgmt-cosmosdb/7.0.0b5 Python/3.10.4 (Windows-10-10.0.22000-SP0)
    method: GET
    uri: https://management.azure.com/subscriptions/00000000-0000-0000-0000-000000000000/providers/Microsoft.DocumentDB/locations/westus2/operationsStatus/08eef06c-3eb9-4b94-9903-1cdb480aaa2c?api-version=2022-02-15-preview
  response:
    body:
      string: '{"status":"Dequeued"}'
    headers:
      cache-control:
      - no-store, no-cache
      content-length:
      - '21'
      content-type:
      - application/json
      date:
      - Sun, 08 May 2022 06:22:10 GMT
      pragma:
      - no-cache
      server:
      - Microsoft-HTTPAPI/2.0
      strict-transport-security:
      - max-age=31536000; includeSubDomains
      transfer-encoding:
      - chunked
      vary:
      - Accept-Encoding
      x-content-type-options:
      - nosniff
      x-ms-gatewayversion:
      - version=2.14.0
    status:
      code: 200
      message: Ok
- request:
    body: null
    headers:
      Accept:
      - '*/*'
      Accept-Encoding:
      - gzip, deflate
      CommandName:
      - cosmosdb create
      Connection:
      - keep-alive
      ParameterSetName:
      - -n -g --is-restore-request --restore-source --restore-timestamp
      User-Agent:
      - AZURECLI/2.36.0 azsdk-python-mgmt-cosmosdb/7.0.0b5 Python/3.10.4 (Windows-10-10.0.22000-SP0)
    method: GET
    uri: https://management.azure.com/subscriptions/00000000-0000-0000-0000-000000000000/providers/Microsoft.DocumentDB/locations/westus2/operationsStatus/08eef06c-3eb9-4b94-9903-1cdb480aaa2c?api-version=2022-02-15-preview
  response:
    body:
      string: '{"status":"Dequeued"}'
    headers:
      cache-control:
      - no-store, no-cache
      content-length:
      - '21'
      content-type:
      - application/json
      date:
      - Sun, 08 May 2022 06:22:40 GMT
      pragma:
      - no-cache
      server:
      - Microsoft-HTTPAPI/2.0
      strict-transport-security:
      - max-age=31536000; includeSubDomains
      transfer-encoding:
      - chunked
      vary:
      - Accept-Encoding
      x-content-type-options:
      - nosniff
      x-ms-gatewayversion:
      - version=2.14.0
    status:
      code: 200
      message: Ok
- request:
    body: null
    headers:
      Accept:
      - '*/*'
      Accept-Encoding:
      - gzip, deflate
      CommandName:
      - cosmosdb create
      Connection:
      - keep-alive
      ParameterSetName:
      - -n -g --is-restore-request --restore-source --restore-timestamp
      User-Agent:
      - AZURECLI/2.36.0 azsdk-python-mgmt-cosmosdb/7.0.0b5 Python/3.10.4 (Windows-10-10.0.22000-SP0)
    method: GET
    uri: https://management.azure.com/subscriptions/00000000-0000-0000-0000-000000000000/providers/Microsoft.DocumentDB/locations/westus2/operationsStatus/08eef06c-3eb9-4b94-9903-1cdb480aaa2c?api-version=2022-02-15-preview
  response:
    body:
      string: '{"status":"Dequeued"}'
    headers:
      cache-control:
      - no-store, no-cache
      content-length:
      - '21'
      content-type:
      - application/json
      date:
      - Sun, 08 May 2022 06:23:11 GMT
      pragma:
      - no-cache
      server:
      - Microsoft-HTTPAPI/2.0
      strict-transport-security:
      - max-age=31536000; includeSubDomains
      transfer-encoding:
      - chunked
      vary:
      - Accept-Encoding
      x-content-type-options:
      - nosniff
      x-ms-gatewayversion:
      - version=2.14.0
    status:
      code: 200
      message: Ok
- request:
    body: null
    headers:
      Accept:
      - '*/*'
      Accept-Encoding:
      - gzip, deflate
      CommandName:
      - cosmosdb create
      Connection:
      - keep-alive
      ParameterSetName:
      - -n -g --is-restore-request --restore-source --restore-timestamp
      User-Agent:
      - AZURECLI/2.36.0 azsdk-python-mgmt-cosmosdb/7.0.0b5 Python/3.10.4 (Windows-10-10.0.22000-SP0)
    method: GET
    uri: https://management.azure.com/subscriptions/00000000-0000-0000-0000-000000000000/providers/Microsoft.DocumentDB/locations/westus2/operationsStatus/08eef06c-3eb9-4b94-9903-1cdb480aaa2c?api-version=2022-02-15-preview
  response:
    body:
      string: '{"status":"Dequeued"}'
    headers:
      cache-control:
      - no-store, no-cache
      content-length:
      - '21'
      content-type:
      - application/json
      date:
      - Sun, 08 May 2022 06:23:41 GMT
      pragma:
      - no-cache
      server:
      - Microsoft-HTTPAPI/2.0
      strict-transport-security:
      - max-age=31536000; includeSubDomains
      transfer-encoding:
      - chunked
      vary:
      - Accept-Encoding
      x-content-type-options:
      - nosniff
      x-ms-gatewayversion:
      - version=2.14.0
    status:
      code: 200
      message: Ok
- request:
    body: null
    headers:
      Accept:
      - '*/*'
      Accept-Encoding:
      - gzip, deflate
      CommandName:
      - cosmosdb create
      Connection:
      - keep-alive
      ParameterSetName:
      - -n -g --is-restore-request --restore-source --restore-timestamp
      User-Agent:
      - AZURECLI/2.36.0 azsdk-python-mgmt-cosmosdb/7.0.0b5 Python/3.10.4 (Windows-10-10.0.22000-SP0)
    method: GET
    uri: https://management.azure.com/subscriptions/00000000-0000-0000-0000-000000000000/providers/Microsoft.DocumentDB/locations/westus2/operationsStatus/08eef06c-3eb9-4b94-9903-1cdb480aaa2c?api-version=2022-02-15-preview
  response:
    body:
      string: '{"status":"Dequeued"}'
    headers:
      cache-control:
      - no-store, no-cache
      content-length:
      - '21'
      content-type:
      - application/json
      date:
      - Sun, 08 May 2022 06:24:11 GMT
      pragma:
      - no-cache
      server:
      - Microsoft-HTTPAPI/2.0
      strict-transport-security:
      - max-age=31536000; includeSubDomains
      transfer-encoding:
      - chunked
      vary:
      - Accept-Encoding
      x-content-type-options:
      - nosniff
      x-ms-gatewayversion:
      - version=2.14.0
    status:
      code: 200
      message: Ok
- request:
    body: null
    headers:
      Accept:
      - '*/*'
      Accept-Encoding:
      - gzip, deflate
      CommandName:
      - cosmosdb create
      Connection:
      - keep-alive
      ParameterSetName:
      - -n -g --is-restore-request --restore-source --restore-timestamp
      User-Agent:
      - AZURECLI/2.36.0 azsdk-python-mgmt-cosmosdb/7.0.0b5 Python/3.10.4 (Windows-10-10.0.22000-SP0)
    method: GET
    uri: https://management.azure.com/subscriptions/00000000-0000-0000-0000-000000000000/providers/Microsoft.DocumentDB/locations/westus2/operationsStatus/08eef06c-3eb9-4b94-9903-1cdb480aaa2c?api-version=2022-02-15-preview
  response:
    body:
      string: '{"status":"Dequeued"}'
    headers:
      cache-control:
      - no-store, no-cache
      content-length:
      - '21'
      content-type:
      - application/json
      date:
      - Sun, 08 May 2022 06:24:41 GMT
      pragma:
      - no-cache
      server:
      - Microsoft-HTTPAPI/2.0
      strict-transport-security:
      - max-age=31536000; includeSubDomains
      transfer-encoding:
      - chunked
      vary:
      - Accept-Encoding
      x-content-type-options:
      - nosniff
      x-ms-gatewayversion:
      - version=2.14.0
    status:
      code: 200
      message: Ok
- request:
    body: null
    headers:
      Accept:
      - '*/*'
      Accept-Encoding:
      - gzip, deflate
      CommandName:
      - cosmosdb create
      Connection:
      - keep-alive
      ParameterSetName:
      - -n -g --is-restore-request --restore-source --restore-timestamp
      User-Agent:
      - AZURECLI/2.36.0 azsdk-python-mgmt-cosmosdb/7.0.0b5 Python/3.10.4 (Windows-10-10.0.22000-SP0)
    method: GET
    uri: https://management.azure.com/subscriptions/00000000-0000-0000-0000-000000000000/providers/Microsoft.DocumentDB/locations/westus2/operationsStatus/08eef06c-3eb9-4b94-9903-1cdb480aaa2c?api-version=2022-02-15-preview
  response:
    body:
      string: '{"status":"Dequeued"}'
    headers:
      cache-control:
      - no-store, no-cache
      content-length:
      - '21'
      content-type:
      - application/json
      date:
      - Sun, 08 May 2022 06:25:12 GMT
      pragma:
      - no-cache
      server:
      - Microsoft-HTTPAPI/2.0
      strict-transport-security:
      - max-age=31536000; includeSubDomains
      transfer-encoding:
      - chunked
      vary:
      - Accept-Encoding
      x-content-type-options:
      - nosniff
      x-ms-gatewayversion:
      - version=2.14.0
    status:
      code: 200
      message: Ok
- request:
    body: null
    headers:
      Accept:
      - '*/*'
      Accept-Encoding:
      - gzip, deflate
      CommandName:
      - cosmosdb create
      Connection:
      - keep-alive
      ParameterSetName:
      - -n -g --is-restore-request --restore-source --restore-timestamp
      User-Agent:
      - AZURECLI/2.36.0 azsdk-python-mgmt-cosmosdb/7.0.0b5 Python/3.10.4 (Windows-10-10.0.22000-SP0)
    method: GET
    uri: https://management.azure.com/subscriptions/00000000-0000-0000-0000-000000000000/providers/Microsoft.DocumentDB/locations/westus2/operationsStatus/08eef06c-3eb9-4b94-9903-1cdb480aaa2c?api-version=2022-02-15-preview
  response:
    body:
      string: '{"status":"Dequeued"}'
    headers:
      cache-control:
      - no-store, no-cache
      content-length:
      - '21'
      content-type:
      - application/json
      date:
      - Sun, 08 May 2022 06:25:42 GMT
      pragma:
      - no-cache
      server:
      - Microsoft-HTTPAPI/2.0
      strict-transport-security:
      - max-age=31536000; includeSubDomains
      transfer-encoding:
      - chunked
      vary:
      - Accept-Encoding
      x-content-type-options:
      - nosniff
      x-ms-gatewayversion:
      - version=2.14.0
    status:
      code: 200
      message: Ok
- request:
    body: null
    headers:
      Accept:
      - '*/*'
      Accept-Encoding:
      - gzip, deflate
      CommandName:
      - cosmosdb create
      Connection:
      - keep-alive
      ParameterSetName:
      - -n -g --is-restore-request --restore-source --restore-timestamp
      User-Agent:
      - AZURECLI/2.36.0 azsdk-python-mgmt-cosmosdb/7.0.0b5 Python/3.10.4 (Windows-10-10.0.22000-SP0)
    method: GET
    uri: https://management.azure.com/subscriptions/00000000-0000-0000-0000-000000000000/providers/Microsoft.DocumentDB/locations/westus2/operationsStatus/08eef06c-3eb9-4b94-9903-1cdb480aaa2c?api-version=2022-02-15-preview
  response:
    body:
      string: '{"status":"Dequeued"}'
    headers:
      cache-control:
      - no-store, no-cache
      content-length:
      - '21'
      content-type:
      - application/json
      date:
      - Sun, 08 May 2022 06:26:13 GMT
      pragma:
      - no-cache
      server:
      - Microsoft-HTTPAPI/2.0
      strict-transport-security:
      - max-age=31536000; includeSubDomains
      transfer-encoding:
      - chunked
      vary:
      - Accept-Encoding
      x-content-type-options:
      - nosniff
      x-ms-gatewayversion:
      - version=2.14.0
    status:
      code: 200
      message: Ok
- request:
    body: null
    headers:
      Accept:
      - '*/*'
      Accept-Encoding:
      - gzip, deflate
      CommandName:
      - cosmosdb create
      Connection:
      - keep-alive
      ParameterSetName:
      - -n -g --is-restore-request --restore-source --restore-timestamp
      User-Agent:
      - AZURECLI/2.36.0 azsdk-python-mgmt-cosmosdb/7.0.0b5 Python/3.10.4 (Windows-10-10.0.22000-SP0)
    method: GET
    uri: https://management.azure.com/subscriptions/00000000-0000-0000-0000-000000000000/providers/Microsoft.DocumentDB/locations/westus2/operationsStatus/08eef06c-3eb9-4b94-9903-1cdb480aaa2c?api-version=2022-02-15-preview
  response:
    body:
      string: '{"status":"Dequeued"}'
    headers:
      cache-control:
      - no-store, no-cache
      content-length:
      - '21'
      content-type:
      - application/json
      date:
      - Sun, 08 May 2022 06:26:43 GMT
      pragma:
      - no-cache
      server:
      - Microsoft-HTTPAPI/2.0
      strict-transport-security:
      - max-age=31536000; includeSubDomains
      transfer-encoding:
      - chunked
      vary:
      - Accept-Encoding
      x-content-type-options:
      - nosniff
      x-ms-gatewayversion:
      - version=2.14.0
    status:
      code: 200
      message: Ok
- request:
    body: null
    headers:
      Accept:
      - '*/*'
      Accept-Encoding:
      - gzip, deflate
      CommandName:
      - cosmosdb create
      Connection:
      - keep-alive
      ParameterSetName:
      - -n -g --is-restore-request --restore-source --restore-timestamp
      User-Agent:
      - AZURECLI/2.36.0 azsdk-python-mgmt-cosmosdb/7.0.0b5 Python/3.10.4 (Windows-10-10.0.22000-SP0)
    method: GET
    uri: https://management.azure.com/subscriptions/00000000-0000-0000-0000-000000000000/providers/Microsoft.DocumentDB/locations/westus2/operationsStatus/08eef06c-3eb9-4b94-9903-1cdb480aaa2c?api-version=2022-02-15-preview
  response:
    body:
      string: '{"status":"Dequeued"}'
    headers:
      cache-control:
      - no-store, no-cache
      content-length:
      - '21'
      content-type:
      - application/json
      date:
      - Sun, 08 May 2022 06:27:13 GMT
      pragma:
      - no-cache
      server:
      - Microsoft-HTTPAPI/2.0
      strict-transport-security:
      - max-age=31536000; includeSubDomains
      transfer-encoding:
      - chunked
      vary:
      - Accept-Encoding
      x-content-type-options:
      - nosniff
      x-ms-gatewayversion:
      - version=2.14.0
    status:
      code: 200
      message: Ok
- request:
    body: null
    headers:
      Accept:
      - '*/*'
      Accept-Encoding:
      - gzip, deflate
      CommandName:
      - cosmosdb create
      Connection:
      - keep-alive
      ParameterSetName:
      - -n -g --is-restore-request --restore-source --restore-timestamp
      User-Agent:
      - AZURECLI/2.36.0 azsdk-python-mgmt-cosmosdb/7.0.0b5 Python/3.10.4 (Windows-10-10.0.22000-SP0)
    method: GET
    uri: https://management.azure.com/subscriptions/00000000-0000-0000-0000-000000000000/providers/Microsoft.DocumentDB/locations/westus2/operationsStatus/08eef06c-3eb9-4b94-9903-1cdb480aaa2c?api-version=2022-02-15-preview
  response:
    body:
      string: '{"status":"Dequeued"}'
    headers:
      cache-control:
      - no-store, no-cache
      content-length:
      - '21'
      content-type:
      - application/json
      date:
      - Sun, 08 May 2022 06:27:43 GMT
      pragma:
      - no-cache
      server:
      - Microsoft-HTTPAPI/2.0
      strict-transport-security:
      - max-age=31536000; includeSubDomains
      transfer-encoding:
      - chunked
      vary:
      - Accept-Encoding
      x-content-type-options:
      - nosniff
      x-ms-gatewayversion:
      - version=2.14.0
    status:
      code: 200
      message: Ok
- request:
    body: null
    headers:
      Accept:
      - '*/*'
      Accept-Encoding:
      - gzip, deflate
      CommandName:
      - cosmosdb create
      Connection:
      - keep-alive
      ParameterSetName:
      - -n -g --is-restore-request --restore-source --restore-timestamp
      User-Agent:
      - AZURECLI/2.36.0 azsdk-python-mgmt-cosmosdb/7.0.0b5 Python/3.10.4 (Windows-10-10.0.22000-SP0)
    method: GET
    uri: https://management.azure.com/subscriptions/00000000-0000-0000-0000-000000000000/providers/Microsoft.DocumentDB/locations/westus2/operationsStatus/08eef06c-3eb9-4b94-9903-1cdb480aaa2c?api-version=2022-02-15-preview
  response:
    body:
      string: '{"status":"Succeeded"}'
    headers:
      cache-control:
      - no-store, no-cache
      content-length:
      - '22'
      content-type:
      - application/json
      date:
      - Sun, 08 May 2022 06:28:14 GMT
      pragma:
      - no-cache
      server:
      - Microsoft-HTTPAPI/2.0
      strict-transport-security:
      - max-age=31536000; includeSubDomains
      transfer-encoding:
      - chunked
      vary:
      - Accept-Encoding
      x-content-type-options:
      - nosniff
      x-ms-gatewayversion:
      - version=2.14.0
    status:
      code: 200
      message: Ok
- request:
    body: null
    headers:
      Accept:
      - '*/*'
      Accept-Encoding:
      - gzip, deflate
      CommandName:
      - cosmosdb create
      Connection:
      - keep-alive
      ParameterSetName:
      - -n -g --is-restore-request --restore-source --restore-timestamp
      User-Agent:
      - AZURECLI/2.36.0 azsdk-python-mgmt-cosmosdb/7.0.0b5 Python/3.10.4 (Windows-10-10.0.22000-SP0)
    method: GET
    uri: https://management.azure.com/subscriptions/00000000-0000-0000-0000-000000000000/resourceGroups/cli_test_cosmosdb_gremlin_account_restore_using_create000001/providers/Microsoft.DocumentDB/databaseAccounts/cli000004?api-version=2022-02-15-preview
  response:
    body:
      string: '{"id":"/subscriptions/00000000-0000-0000-0000-000000000000/resourceGroups/cli_test_cosmosdb_gremlin_account_restore_using_create000001/providers/Microsoft.DocumentDB/databaseAccounts/cli000004","name":"cli000004","location":"West
        US 2","type":"Microsoft.DocumentDB/databaseAccounts","kind":"GlobalDocumentDB","tags":{},"systemData":{"createdAt":"2022-05-08T06:27:52.3669901Z"},"properties":{"provisioningState":"Succeeded","documentEndpoint":"https://cli000004.documents.azure.com:443/","gremlinEndpoint":"https://cli000004.gremlin.cosmos.azure.com:443/","publicNetworkAccess":"Enabled","enableAutomaticFailover":false,"enableMultipleWriteLocations":false,"enablePartitionKeyMonitor":false,"isVirtualNetworkFilterEnabled":false,"virtualNetworkRules":[],"EnabledApiTypes":"Gremlin,
        Sql","disableKeyBasedMetadataWriteAccess":false,"enableFreeTier":false,"enableAnalyticalStorage":false,"analyticalStorageConfiguration":{},"instanceId":"3c4e0cea-16ed-4ba4-adce-df53cdbb3e58","createMode":"Restore","databaseAccountOfferType":"Standard","defaultIdentity":"FirstPartyIdentity","networkAclBypass":"None","disableLocalAuth":false,"consistencyPolicy":{"defaultConsistencyLevel":"Session","maxIntervalInSeconds":5,"maxStalenessPrefix":100},"configurationOverrides":{},"writeLocations":[{"id":"cli000004-westus2","locationName":"West
        US 2","documentEndpoint":"https://cli000004-westus2.documents.azure.com:443/","provisioningState":"Succeeded","failoverPriority":0,"isZoneRedundant":false}],"readLocations":[{"id":"cli000004-westus2","locationName":"West
        US 2","documentEndpoint":"https://cli000004-westus2.documents.azure.com:443/","provisioningState":"Succeeded","failoverPriority":0,"isZoneRedundant":false}],"locations":[{"id":"cli000004-westus2","locationName":"West
        US 2","documentEndpoint":"https://cli000004-westus2.documents.azure.com:443/","provisioningState":"Succeeded","failoverPriority":0,"isZoneRedundant":false}],"failoverPolicies":[{"id":"cli000004-westus2","locationName":"West
        US 2","failoverPriority":0}],"cors":[],"capabilities":[{"name":"EnableGremlin"}],"ipRules":[],"backupPolicy":{"type":"Continuous","continuousModeProperties":{"tier":"Continuous30Days"}},"restoreParameters":{"restoreMode":"PointInTime","restoreSource":"/subscriptions/00000000-0000-0000-0000-000000000000/providers/Microsoft.DocumentDB/locations/westus2/restorableDatabaseAccounts/0c29493a-570d-40bc-8a57-709862f8b630","restoreTimestampInUtc":"2022-05-08T06:12:12Z","gremlinDatabasesToRestore":[]},"networkAclBypassResourceIds":[],"diagnosticLogSettings":{"enableFullTextQuery":"None"},"capacity":{"totalThroughputLimit":-1}},"identity":{"type":"None"}}'
    headers:
      cache-control:
      - no-store, no-cache
      content-length:
      - '2638'
      content-type:
      - application/json
      date:
      - Sun, 08 May 2022 06:28:15 GMT
      pragma:
      - no-cache
      server:
      - Microsoft-HTTPAPI/2.0
      strict-transport-security:
      - max-age=31536000; includeSubDomains
      transfer-encoding:
      - chunked
      vary:
      - Accept-Encoding
      x-content-type-options:
      - nosniff
      x-ms-gatewayversion:
      - version=2.14.0
    status:
      code: 200
      message: Ok
- request:
    body: null
    headers:
      Accept:
      - application/json
      Accept-Encoding:
      - gzip, deflate
      CommandName:
      - cosmosdb create
      Connection:
      - keep-alive
      ParameterSetName:
      - -n -g --is-restore-request --restore-source --restore-timestamp
      User-Agent:
      - AZURECLI/2.36.0 azsdk-python-mgmt-cosmosdb/7.0.0b5 Python/3.10.4 (Windows-10-10.0.22000-SP0)
    method: GET
    uri: https://management.azure.com/subscriptions/00000000-0000-0000-0000-000000000000/resourceGroups/cli_test_cosmosdb_gremlin_account_restore_using_create000001/providers/Microsoft.DocumentDB/databaseAccounts/cli000004?api-version=2022-02-15-preview
  response:
    body:
      string: '{"id":"/subscriptions/00000000-0000-0000-0000-000000000000/resourceGroups/cli_test_cosmosdb_gremlin_account_restore_using_create000001/providers/Microsoft.DocumentDB/databaseAccounts/cli000004","name":"cli000004","location":"West
        US 2","type":"Microsoft.DocumentDB/databaseAccounts","kind":"GlobalDocumentDB","tags":{},"systemData":{"createdAt":"2022-05-08T06:27:52.3669901Z"},"properties":{"provisioningState":"Succeeded","documentEndpoint":"https://cli000004.documents.azure.com:443/","gremlinEndpoint":"https://cli000004.gremlin.cosmos.azure.com:443/","publicNetworkAccess":"Enabled","enableAutomaticFailover":false,"enableMultipleWriteLocations":false,"enablePartitionKeyMonitor":false,"isVirtualNetworkFilterEnabled":false,"virtualNetworkRules":[],"EnabledApiTypes":"Gremlin,
        Sql","disableKeyBasedMetadataWriteAccess":false,"enableFreeTier":false,"enableAnalyticalStorage":false,"analyticalStorageConfiguration":{},"instanceId":"3c4e0cea-16ed-4ba4-adce-df53cdbb3e58","createMode":"Restore","databaseAccountOfferType":"Standard","defaultIdentity":"FirstPartyIdentity","networkAclBypass":"None","disableLocalAuth":false,"consistencyPolicy":{"defaultConsistencyLevel":"Session","maxIntervalInSeconds":5,"maxStalenessPrefix":100},"configurationOverrides":{},"writeLocations":[{"id":"cli000004-westus2","locationName":"West
        US 2","documentEndpoint":"https://cli000004-westus2.documents.azure.com:443/","provisioningState":"Succeeded","failoverPriority":0,"isZoneRedundant":false}],"readLocations":[{"id":"cli000004-westus2","locationName":"West
        US 2","documentEndpoint":"https://cli000004-westus2.documents.azure.com:443/","provisioningState":"Succeeded","failoverPriority":0,"isZoneRedundant":false}],"locations":[{"id":"cli000004-westus2","locationName":"West
        US 2","documentEndpoint":"https://cli000004-westus2.documents.azure.com:443/","provisioningState":"Succeeded","failoverPriority":0,"isZoneRedundant":false}],"failoverPolicies":[{"id":"cli000004-westus2","locationName":"West
        US 2","failoverPriority":0}],"cors":[],"capabilities":[{"name":"EnableGremlin"}],"ipRules":[],"backupPolicy":{"type":"Continuous","continuousModeProperties":{"tier":"Continuous30Days"}},"restoreParameters":{"restoreMode":"PointInTime","restoreSource":"/subscriptions/00000000-0000-0000-0000-000000000000/providers/Microsoft.DocumentDB/locations/westus2/restorableDatabaseAccounts/0c29493a-570d-40bc-8a57-709862f8b630","restoreTimestampInUtc":"2022-05-08T06:12:12Z","gremlinDatabasesToRestore":[]},"networkAclBypassResourceIds":[],"diagnosticLogSettings":{"enableFullTextQuery":"None"},"capacity":{"totalThroughputLimit":-1}},"identity":{"type":"None"}}'
    headers:
      cache-control:
      - no-store, no-cache
      content-length:
      - '2638'
      content-type:
      - application/json
      date:
      - Sun, 08 May 2022 06:28:15 GMT
      pragma:
      - no-cache
      server:
      - Microsoft-HTTPAPI/2.0
      strict-transport-security:
      - max-age=31536000; includeSubDomains
      transfer-encoding:
      - chunked
      vary:
      - Accept-Encoding
      x-content-type-options:
      - nosniff
      x-ms-gatewayversion:
      - version=2.14.0
    status:
      code: 200
      message: Ok
- request:
    body: null
    headers:
      Accept:
      - application/json
      Accept-Encoding:
      - gzip, deflate
      CommandName:
      - cosmosdb show
      Connection:
      - keep-alive
      ParameterSetName:
      - -n -g
      User-Agent:
      - AZURECLI/2.36.0 azsdk-python-mgmt-cosmosdb/7.0.0b5 Python/3.10.4 (Windows-10-10.0.22000-SP0)
    method: GET
    uri: https://management.azure.com/subscriptions/00000000-0000-0000-0000-000000000000/resourceGroups/cli_test_cosmosdb_gremlin_account_restore_using_create000001/providers/Microsoft.DocumentDB/databaseAccounts/cli000004?api-version=2022-02-15-preview
  response:
    body:
      string: '{"id":"/subscriptions/00000000-0000-0000-0000-000000000000/resourceGroups/cli_test_cosmosdb_gremlin_account_restore_using_create000001/providers/Microsoft.DocumentDB/databaseAccounts/cli000004","name":"cli000004","location":"West
        US 2","type":"Microsoft.DocumentDB/databaseAccounts","kind":"GlobalDocumentDB","tags":{},"systemData":{"createdAt":"2022-05-08T06:27:52.3669901Z"},"properties":{"provisioningState":"Succeeded","documentEndpoint":"https://cli000004.documents.azure.com:443/","gremlinEndpoint":"https://cli000004.gremlin.cosmos.azure.com:443/","publicNetworkAccess":"Enabled","enableAutomaticFailover":false,"enableMultipleWriteLocations":false,"enablePartitionKeyMonitor":false,"isVirtualNetworkFilterEnabled":false,"virtualNetworkRules":[],"EnabledApiTypes":"Gremlin,
        Sql","disableKeyBasedMetadataWriteAccess":false,"enableFreeTier":false,"enableAnalyticalStorage":false,"analyticalStorageConfiguration":{},"instanceId":"3c4e0cea-16ed-4ba4-adce-df53cdbb3e58","createMode":"Restore","databaseAccountOfferType":"Standard","defaultIdentity":"FirstPartyIdentity","networkAclBypass":"None","disableLocalAuth":false,"consistencyPolicy":{"defaultConsistencyLevel":"Session","maxIntervalInSeconds":5,"maxStalenessPrefix":100},"configurationOverrides":{},"writeLocations":[{"id":"cli000004-westus2","locationName":"West
        US 2","documentEndpoint":"https://cli000004-westus2.documents.azure.com:443/","provisioningState":"Succeeded","failoverPriority":0,"isZoneRedundant":false}],"readLocations":[{"id":"cli000004-westus2","locationName":"West
        US 2","documentEndpoint":"https://cli000004-westus2.documents.azure.com:443/","provisioningState":"Succeeded","failoverPriority":0,"isZoneRedundant":false}],"locations":[{"id":"cli000004-westus2","locationName":"West
        US 2","documentEndpoint":"https://cli000004-westus2.documents.azure.com:443/","provisioningState":"Succeeded","failoverPriority":0,"isZoneRedundant":false}],"failoverPolicies":[{"id":"cli000004-westus2","locationName":"West
        US 2","failoverPriority":0}],"cors":[],"capabilities":[{"name":"EnableGremlin"}],"ipRules":[],"backupPolicy":{"type":"Continuous","continuousModeProperties":{"tier":"Continuous30Days"}},"restoreParameters":{"restoreMode":"PointInTime","restoreSource":"/subscriptions/00000000-0000-0000-0000-000000000000/providers/Microsoft.DocumentDB/locations/westus2/restorableDatabaseAccounts/0c29493a-570d-40bc-8a57-709862f8b630","restoreTimestampInUtc":"2022-05-08T06:12:12Z","gremlinDatabasesToRestore":[]},"networkAclBypassResourceIds":[],"diagnosticLogSettings":{"enableFullTextQuery":"None"},"capacity":{"totalThroughputLimit":-1}},"identity":{"type":"None"}}'
    headers:
      cache-control:
      - no-store, no-cache
      content-length:
      - '2638'
      content-type:
      - application/json
      date:
      - Sun, 08 May 2022 06:28:19 GMT
      pragma:
      - no-cache
      server:
      - Microsoft-HTTPAPI/2.0
      strict-transport-security:
      - max-age=31536000; includeSubDomains
      transfer-encoding:
      - chunked
      vary:
      - Accept-Encoding
      x-content-type-options:
      - nosniff
      x-ms-gatewayversion:
      - version=2.14.0
    status:
      code: 200
      message: Ok
version: 1
