interactions:
- request:
    body: null
    headers:
      Accept:
      - application/json
      Accept-Encoding:
      - gzip, deflate
      CommandName:
      - cosmosdb mongodb retrieve-latest-backup-time
      Connection:
      - keep-alive
      ParameterSetName:
      - -g -a -d -c -l
      User-Agent:
      - AZURECLI/2.47.0 azsdk-python-mgmt-cosmosdb/9.0.0 Python/3.10.11 (Windows-10-10.0.22621-SP0)
    method: GET
    uri: https://management.azure.com/subscriptions/00000000-0000-0000-0000-000000000000/resourceGroups/cli_test_cosmosdb_mongodb_collection_backupinfo000001/providers/Microsoft.DocumentDB/databaseAccounts/cli000004/mongodbDatabases/cli000003?api-version=2022-11-15
  response:
    body:
      string: '{"error":{"code":"ResourceNotFound","message":"The Resource ''Microsoft.DocumentDB/databaseAccounts/cli000004''
        under resource group ''cli_test_cosmosdb_mongodb_collection_backupinfo000001''
        was not found. For more details please go to https://aka.ms/ARMResourceNotFoundFix"}}'
    headers:
      cache-control:
      - no-cache
      content-length:
      - '272'
      content-type:
      - application/json; charset=utf-8
      date:
      - Fri, 14 Apr 2023 16:55:40 GMT
      expires:
      - '-1'
      pragma:
      - no-cache
      strict-transport-security:
      - max-age=31536000; includeSubDomains
      x-content-type-options:
      - nosniff
      x-ms-failure-cause:
      - gateway
    status:
      code: 404
      message: Not Found
- request:
    body: null
    headers:
      Accept:
      - application/json
      Accept-Encoding:
      - gzip, deflate
      CommandName:
      - cosmosdb create
      Connection:
      - keep-alive
      ParameterSetName:
      - -n -g --backup-policy-type --locations --kind
      User-Agent:
      - AZURECLI/2.47.0 azsdk-python-azure-mgmt-resource/22.0.0 Python/3.10.11 (Windows-10-10.0.22621-SP0)
    method: GET
    uri: https://management.azure.com/subscriptions/00000000-0000-0000-0000-000000000000/resourcegroups/cli_test_cosmosdb_mongodb_collection_backupinfo000001?api-version=2022-09-01
  response:
    body:
      string: '{"id":"/subscriptions/00000000-0000-0000-0000-000000000000/resourceGroups/cli_test_cosmosdb_mongodb_collection_backupinfo000001","name":"cli_test_cosmosdb_mongodb_collection_backupinfo000001","type":"Microsoft.Resources/resourceGroups","location":"eastus2","tags":{"product":"azurecli","cause":"automation","date":"2023-04-14T16:55:39Z"},"properties":{"provisioningState":"Succeeded"}}'
    headers:
      cache-control:
      - no-cache
      content-length:
      - '385'
      content-type:
      - application/json; charset=utf-8
      date:
      - Fri, 14 Apr 2023 16:55:40 GMT
      expires:
      - '-1'
      pragma:
      - no-cache
      strict-transport-security:
      - max-age=31536000; includeSubDomains
      vary:
      - Accept-Encoding
      x-content-type-options:
      - nosniff
    status:
      code: 200
      message: OK
- request:
    body: '{"location": "eastus2", "kind": "MongoDB", "properties": {"locations":
      [{"locationName": "eastus2", "failoverPriority": 0, "isZoneRedundant": false}],
      "databaseAccountOfferType": "Standard", "apiProperties": {}, "createMode": "Default",
      "backupPolicy": {"type": "Continuous", "continuousModeProperties": {"tier":
      "Continuous30Days"}}}}'
    headers:
      Accept:
      - application/json
      Accept-Encoding:
      - gzip, deflate
      CommandName:
      - cosmosdb create
      Connection:
      - keep-alive
      Content-Length:
      - '335'
      Content-Type:
      - application/json
      ParameterSetName:
      - -n -g --backup-policy-type --locations --kind
      User-Agent:
      - AZURECLI/2.47.0 azsdk-python-mgmt-cosmosdb/0.7.0 Python/3.10.11 (Windows-10-10.0.22621-SP0)
    method: PUT
    uri: https://management.azure.com/subscriptions/00000000-0000-0000-0000-000000000000/resourceGroups/cli_test_cosmosdb_mongodb_collection_backupinfo000001/providers/Microsoft.DocumentDB/databaseAccounts/cli000004?api-version=2023-03-01-preview
  response:
    body:
      string: '{"id":"/subscriptions/00000000-0000-0000-0000-000000000000/resourceGroups/cli_test_cosmosdb_mongodb_collection_backupinfo000001/providers/Microsoft.DocumentDB/databaseAccounts/cli000004","name":"cli000004","location":"East
        US 2","type":"Microsoft.DocumentDB/databaseAccounts","kind":"MongoDB","tags":{},"systemData":{"createdAt":"2023-04-14T16:55:43.7546519Z"},"properties":{"provisioningState":"Creating","publicNetworkAccess":"Enabled","enableAutomaticFailover":false,"enableMultipleWriteLocations":false,"enablePartitionKeyMonitor":false,"isVirtualNetworkFilterEnabled":false,"virtualNetworkRules":[],"EnabledApiTypes":"MongoDB","disableKeyBasedMetadataWriteAccess":false,"enableFreeTier":false,"enableAnalyticalStorage":false,"analyticalStorageConfiguration":{"schemaType":"FullFidelity"},"instanceId":"7b198b9f-c763-407a-aa48-dc3d61c7be06","createMode":"Default","databaseAccountOfferType":"Standard","enableMaterializedViews":false,"defaultIdentity":"","networkAclBypass":"None","disableLocalAuth":false,"enablePartitionMerge":false,"enableBurstCapacity":false,"minimalTlsVersion":"Tls12","consistencyPolicy":{"defaultConsistencyLevel":"Session","maxIntervalInSeconds":5,"maxStalenessPrefix":100},"apiProperties":{"serverVersion":"3.6"},"configurationOverrides":{},"writeLocations":[{"id":"cli000004-eastus2","locationName":"East
        US 2","provisioningState":"Creating","failoverPriority":0,"isZoneRedundant":false}],"readLocations":[{"id":"cli000004-eastus2","locationName":"East
        US 2","provisioningState":"Creating","failoverPriority":0,"isZoneRedundant":false}],"locations":[{"id":"cli000004-eastus2","locationName":"East
        US 2","provisioningState":"Creating","failoverPriority":0,"isZoneRedundant":false}],"failoverPolicies":[{"id":"cli000004-eastus2","locationName":"East
        US 2","failoverPriority":0}],"cors":[],"capabilities":[{"name":"EnableMongo"}],"ipRules":[],"backupPolicy":{"type":"Continuous","continuousModeProperties":{"tier":"Continuous30Days"}},"networkAclBypassResourceIds":[],"diagnosticLogSettings":{"enableFullTextQuery":"None"},"keysMetadata":{"primaryMasterKey":{"generationTime":"2023-04-14T16:55:43.7546519Z"},"secondaryMasterKey":{"generationTime":"2023-04-14T16:55:43.7546519Z"},"primaryReadonlyMasterKey":{"generationTime":"2023-04-14T16:55:43.7546519Z"},"secondaryReadonlyMasterKey":{"generationTime":"2023-04-14T16:55:43.7546519Z"}}},"identity":{"type":"None"}}'
    headers:
      azure-asyncoperation:
      - https://management.azure.com/subscriptions/00000000-0000-0000-0000-000000000000/providers/Microsoft.DocumentDB/locations/eastus2/operationsStatus/16e0e895-2918-47f7-ae27-8ef9b03ceb45?api-version=2023-03-01-preview
      cache-control:
      - no-store, no-cache
      content-length:
      - '2392'
      content-type:
      - application/json
      date:
      - Fri, 14 Apr 2023 16:55:44 GMT
      location:
      - https://management.azure.com/subscriptions/00000000-0000-0000-0000-000000000000/resourceGroups/cli_test_cosmosdb_mongodb_collection_backupinfo000001/providers/Microsoft.DocumentDB/databaseAccounts/cli000004/operationResults/16e0e895-2918-47f7-ae27-8ef9b03ceb45?api-version=2023-03-01-preview
      pragma:
      - no-cache
      server:
      - Microsoft-HTTPAPI/2.0
      strict-transport-security:
      - max-age=31536000; includeSubDomains
      transfer-encoding:
      - chunked
      vary:
      - Accept-Encoding
      x-content-type-options:
      - nosniff
      x-ms-gatewayversion:
      - version=2.14.0
      x-ms-ratelimit-remaining-subscription-writes:
      - '1199'
    status:
      code: 200
      message: Ok
- request:
    body: null
    headers:
      Accept:
      - '*/*'
      Accept-Encoding:
      - gzip, deflate
      CommandName:
      - cosmosdb create
      Connection:
      - keep-alive
      ParameterSetName:
      - -n -g --backup-policy-type --locations --kind
      User-Agent:
      - AZURECLI/2.47.0 azsdk-python-mgmt-cosmosdb/0.7.0 Python/3.10.11 (Windows-10-10.0.22621-SP0)
    method: GET
    uri: https://management.azure.com/subscriptions/00000000-0000-0000-0000-000000000000/providers/Microsoft.DocumentDB/locations/eastus2/operationsStatus/16e0e895-2918-47f7-ae27-8ef9b03ceb45?api-version=2023-03-01-preview
  response:
    body:
      string: '{"status":"Enqueued"}'
    headers:
      cache-control:
      - no-store, no-cache
      content-length:
      - '21'
      content-type:
      - application/json
      date:
      - Fri, 14 Apr 2023 16:55:44 GMT
      pragma:
      - no-cache
      server:
      - Microsoft-HTTPAPI/2.0
      strict-transport-security:
      - max-age=31536000; includeSubDomains
      transfer-encoding:
      - chunked
      vary:
      - Accept-Encoding
      x-content-type-options:
      - nosniff
      x-ms-gatewayversion:
      - version=2.14.0
    status:
      code: 200
      message: Ok
- request:
    body: null
    headers:
      Accept:
      - '*/*'
      Accept-Encoding:
      - gzip, deflate
      CommandName:
      - cosmosdb create
      Connection:
      - keep-alive
      ParameterSetName:
      - -n -g --backup-policy-type --locations --kind
      User-Agent:
      - AZURECLI/2.47.0 azsdk-python-mgmt-cosmosdb/0.7.0 Python/3.10.11 (Windows-10-10.0.22621-SP0)
    method: GET
    uri: https://management.azure.com/subscriptions/00000000-0000-0000-0000-000000000000/providers/Microsoft.DocumentDB/locations/eastus2/operationsStatus/16e0e895-2918-47f7-ae27-8ef9b03ceb45?api-version=2023-03-01-preview
  response:
    body:
      string: '{"status":"Dequeued"}'
    headers:
      cache-control:
      - no-store, no-cache
      content-length:
      - '21'
      content-type:
      - application/json
      date:
      - Fri, 14 Apr 2023 16:56:15 GMT
      pragma:
      - no-cache
      server:
      - Microsoft-HTTPAPI/2.0
      strict-transport-security:
      - max-age=31536000; includeSubDomains
      transfer-encoding:
      - chunked
      vary:
      - Accept-Encoding
      x-content-type-options:
      - nosniff
      x-ms-gatewayversion:
      - version=2.14.0
    status:
      code: 200
      message: Ok
- request:
    body: null
    headers:
      Accept:
      - '*/*'
      Accept-Encoding:
      - gzip, deflate
      CommandName:
      - cosmosdb create
      Connection:
      - keep-alive
      ParameterSetName:
      - -n -g --backup-policy-type --locations --kind
      User-Agent:
      - AZURECLI/2.47.0 azsdk-python-mgmt-cosmosdb/0.7.0 Python/3.10.11 (Windows-10-10.0.22621-SP0)
    method: GET
    uri: https://management.azure.com/subscriptions/00000000-0000-0000-0000-000000000000/providers/Microsoft.DocumentDB/locations/eastus2/operationsStatus/16e0e895-2918-47f7-ae27-8ef9b03ceb45?api-version=2023-03-01-preview
  response:
    body:
      string: '{"status":"Dequeued"}'
    headers:
      cache-control:
      - no-store, no-cache
      content-length:
      - '21'
      content-type:
      - application/json
      date:
      - Fri, 14 Apr 2023 16:56:45 GMT
      pragma:
      - no-cache
      server:
      - Microsoft-HTTPAPI/2.0
      strict-transport-security:
      - max-age=31536000; includeSubDomains
      transfer-encoding:
      - chunked
      vary:
      - Accept-Encoding
      x-content-type-options:
      - nosniff
      x-ms-gatewayversion:
      - version=2.14.0
    status:
      code: 200
      message: Ok
- request:
    body: null
    headers:
      Accept:
      - '*/*'
      Accept-Encoding:
      - gzip, deflate
      CommandName:
      - cosmosdb create
      Connection:
      - keep-alive
      ParameterSetName:
      - -n -g --backup-policy-type --locations --kind
      User-Agent:
      - AZURECLI/2.47.0 azsdk-python-mgmt-cosmosdb/0.7.0 Python/3.10.11 (Windows-10-10.0.22621-SP0)
    method: GET
    uri: https://management.azure.com/subscriptions/00000000-0000-0000-0000-000000000000/providers/Microsoft.DocumentDB/locations/eastus2/operationsStatus/16e0e895-2918-47f7-ae27-8ef9b03ceb45?api-version=2023-03-01-preview
  response:
    body:
      string: '{"status":"Dequeued"}'
    headers:
      cache-control:
      - no-store, no-cache
      content-length:
      - '21'
      content-type:
      - application/json
      date:
      - Fri, 14 Apr 2023 16:57:15 GMT
      pragma:
      - no-cache
      server:
      - Microsoft-HTTPAPI/2.0
      strict-transport-security:
      - max-age=31536000; includeSubDomains
      transfer-encoding:
      - chunked
      vary:
      - Accept-Encoding
      x-content-type-options:
      - nosniff
      x-ms-gatewayversion:
      - version=2.14.0
    status:
      code: 200
      message: Ok
- request:
    body: null
    headers:
      Accept:
      - '*/*'
      Accept-Encoding:
      - gzip, deflate
      CommandName:
      - cosmosdb create
      Connection:
      - keep-alive
      ParameterSetName:
      - -n -g --backup-policy-type --locations --kind
      User-Agent:
      - AZURECLI/2.47.0 azsdk-python-mgmt-cosmosdb/0.7.0 Python/3.10.11 (Windows-10-10.0.22621-SP0)
    method: GET
    uri: https://management.azure.com/subscriptions/00000000-0000-0000-0000-000000000000/providers/Microsoft.DocumentDB/locations/eastus2/operationsStatus/16e0e895-2918-47f7-ae27-8ef9b03ceb45?api-version=2023-03-01-preview
  response:
    body:
      string: '{"status":"Dequeued"}'
    headers:
      cache-control:
      - no-store, no-cache
      content-length:
      - '21'
      content-type:
      - application/json
      date:
      - Fri, 14 Apr 2023 16:57:45 GMT
      pragma:
      - no-cache
      server:
      - Microsoft-HTTPAPI/2.0
      strict-transport-security:
      - max-age=31536000; includeSubDomains
      transfer-encoding:
      - chunked
      vary:
      - Accept-Encoding
      x-content-type-options:
      - nosniff
      x-ms-gatewayversion:
      - version=2.14.0
    status:
      code: 200
      message: Ok
- request:
    body: null
    headers:
      Accept:
      - '*/*'
      Accept-Encoding:
      - gzip, deflate
      CommandName:
      - cosmosdb create
      Connection:
      - keep-alive
      ParameterSetName:
      - -n -g --backup-policy-type --locations --kind
      User-Agent:
      - AZURECLI/2.47.0 azsdk-python-mgmt-cosmosdb/0.7.0 Python/3.10.11 (Windows-10-10.0.22621-SP0)
    method: GET
    uri: https://management.azure.com/subscriptions/00000000-0000-0000-0000-000000000000/providers/Microsoft.DocumentDB/locations/eastus2/operationsStatus/16e0e895-2918-47f7-ae27-8ef9b03ceb45?api-version=2023-03-01-preview
  response:
    body:
      string: '{"status":"Dequeued"}'
    headers:
      cache-control:
      - no-store, no-cache
      content-length:
      - '21'
      content-type:
      - application/json
      date:
      - Fri, 14 Apr 2023 16:58:15 GMT
      pragma:
      - no-cache
      server:
      - Microsoft-HTTPAPI/2.0
      strict-transport-security:
      - max-age=31536000; includeSubDomains
      transfer-encoding:
      - chunked
      vary:
      - Accept-Encoding
      x-content-type-options:
      - nosniff
      x-ms-gatewayversion:
      - version=2.14.0
    status:
      code: 200
      message: Ok
- request:
    body: null
    headers:
      Accept:
      - '*/*'
      Accept-Encoding:
      - gzip, deflate
      CommandName:
      - cosmosdb create
      Connection:
      - keep-alive
      ParameterSetName:
      - -n -g --backup-policy-type --locations --kind
      User-Agent:
      - AZURECLI/2.47.0 azsdk-python-mgmt-cosmosdb/0.7.0 Python/3.10.11 (Windows-10-10.0.22621-SP0)
    method: GET
    uri: https://management.azure.com/subscriptions/00000000-0000-0000-0000-000000000000/providers/Microsoft.DocumentDB/locations/eastus2/operationsStatus/16e0e895-2918-47f7-ae27-8ef9b03ceb45?api-version=2023-03-01-preview
  response:
    body:
      string: '{"status":"Dequeued"}'
    headers:
      cache-control:
      - no-store, no-cache
      content-length:
      - '21'
      content-type:
      - application/json
      date:
      - Fri, 14 Apr 2023 16:58:46 GMT
      pragma:
      - no-cache
      server:
      - Microsoft-HTTPAPI/2.0
      strict-transport-security:
      - max-age=31536000; includeSubDomains
      transfer-encoding:
      - chunked
      vary:
      - Accept-Encoding
      x-content-type-options:
      - nosniff
      x-ms-gatewayversion:
      - version=2.14.0
    status:
      code: 200
      message: Ok
- request:
    body: null
    headers:
      Accept:
      - '*/*'
      Accept-Encoding:
      - gzip, deflate
      CommandName:
      - cosmosdb create
      Connection:
      - keep-alive
      ParameterSetName:
      - -n -g --backup-policy-type --locations --kind
      User-Agent:
      - AZURECLI/2.47.0 azsdk-python-mgmt-cosmosdb/0.7.0 Python/3.10.11 (Windows-10-10.0.22621-SP0)
    method: GET
    uri: https://management.azure.com/subscriptions/00000000-0000-0000-0000-000000000000/providers/Microsoft.DocumentDB/locations/eastus2/operationsStatus/16e0e895-2918-47f7-ae27-8ef9b03ceb45?api-version=2023-03-01-preview
  response:
    body:
      string: '{"status":"Dequeued"}'
    headers:
      cache-control:
      - no-store, no-cache
      content-length:
      - '21'
      content-type:
      - application/json
      date:
      - Fri, 14 Apr 2023 16:59:16 GMT
      pragma:
      - no-cache
      server:
      - Microsoft-HTTPAPI/2.0
      strict-transport-security:
      - max-age=31536000; includeSubDomains
      transfer-encoding:
      - chunked
      vary:
      - Accept-Encoding
      x-content-type-options:
      - nosniff
      x-ms-gatewayversion:
      - version=2.14.0
    status:
      code: 200
      message: Ok
- request:
    body: null
    headers:
      Accept:
      - '*/*'
      Accept-Encoding:
      - gzip, deflate
      CommandName:
      - cosmosdb create
      Connection:
      - keep-alive
      ParameterSetName:
      - -n -g --backup-policy-type --locations --kind
      User-Agent:
      - AZURECLI/2.47.0 azsdk-python-mgmt-cosmosdb/0.7.0 Python/3.10.11 (Windows-10-10.0.22621-SP0)
    method: GET
    uri: https://management.azure.com/subscriptions/00000000-0000-0000-0000-000000000000/providers/Microsoft.DocumentDB/locations/eastus2/operationsStatus/16e0e895-2918-47f7-ae27-8ef9b03ceb45?api-version=2023-03-01-preview
  response:
    body:
      string: '{"status":"Dequeued"}'
    headers:
      cache-control:
      - no-store, no-cache
      content-length:
      - '21'
      content-type:
      - application/json
      date:
      - Fri, 14 Apr 2023 16:59:46 GMT
      pragma:
      - no-cache
      server:
      - Microsoft-HTTPAPI/2.0
      strict-transport-security:
      - max-age=31536000; includeSubDomains
      transfer-encoding:
      - chunked
      vary:
      - Accept-Encoding
      x-content-type-options:
      - nosniff
      x-ms-gatewayversion:
      - version=2.14.0
    status:
      code: 200
      message: Ok
- request:
    body: null
    headers:
      Accept:
      - '*/*'
      Accept-Encoding:
      - gzip, deflate
      CommandName:
      - cosmosdb create
      Connection:
      - keep-alive
      ParameterSetName:
      - -n -g --backup-policy-type --locations --kind
      User-Agent:
      - AZURECLI/2.47.0 azsdk-python-mgmt-cosmosdb/0.7.0 Python/3.10.11 (Windows-10-10.0.22621-SP0)
    method: GET
    uri: https://management.azure.com/subscriptions/00000000-0000-0000-0000-000000000000/providers/Microsoft.DocumentDB/locations/eastus2/operationsStatus/16e0e895-2918-47f7-ae27-8ef9b03ceb45?api-version=2023-03-01-preview
  response:
    body:
      string: '{"status":"Succeeded"}'
    headers:
      cache-control:
      - no-store, no-cache
      content-length:
      - '22'
      content-type:
      - application/json
      date:
      - Fri, 14 Apr 2023 17:00:16 GMT
      pragma:
      - no-cache
      server:
      - Microsoft-HTTPAPI/2.0
      strict-transport-security:
      - max-age=31536000; includeSubDomains
      transfer-encoding:
      - chunked
      vary:
      - Accept-Encoding
      x-content-type-options:
      - nosniff
      x-ms-gatewayversion:
      - version=2.14.0
    status:
      code: 200
      message: Ok
- request:
    body: null
    headers:
      Accept:
      - '*/*'
      Accept-Encoding:
      - gzip, deflate
      CommandName:
      - cosmosdb create
      Connection:
      - keep-alive
      ParameterSetName:
      - -n -g --backup-policy-type --locations --kind
      User-Agent:
      - AZURECLI/2.47.0 azsdk-python-mgmt-cosmosdb/0.7.0 Python/3.10.11 (Windows-10-10.0.22621-SP0)
    method: GET
    uri: https://management.azure.com/subscriptions/00000000-0000-0000-0000-000000000000/resourceGroups/cli_test_cosmosdb_mongodb_collection_backupinfo000001/providers/Microsoft.DocumentDB/databaseAccounts/cli000004?api-version=2023-03-01-preview
  response:
    body:
      string: '{"id":"/subscriptions/00000000-0000-0000-0000-000000000000/resourceGroups/cli_test_cosmosdb_mongodb_collection_backupinfo000001/providers/Microsoft.DocumentDB/databaseAccounts/cli000004","name":"cli000004","location":"East
        US 2","type":"Microsoft.DocumentDB/databaseAccounts","kind":"MongoDB","tags":{},"systemData":{"createdAt":"2023-04-14T16:59:33.6414383Z"},"properties":{"provisioningState":"Succeeded","documentEndpoint":"https://cli000004.documents.azure.com:443/","sqlEndpoint":"https://cli000004.documents.azure.com:443/","mongoEndpoint":"https://cli000004.mongo.cosmos.azure.com:443/","publicNetworkAccess":"Enabled","enableAutomaticFailover":false,"enableMultipleWriteLocations":false,"enablePartitionKeyMonitor":false,"isVirtualNetworkFilterEnabled":false,"virtualNetworkRules":[],"EnabledApiTypes":"MongoDB","disableKeyBasedMetadataWriteAccess":false,"enableFreeTier":false,"enableAnalyticalStorage":false,"analyticalStorageConfiguration":{"schemaType":"FullFidelity"},"instanceId":"7b198b9f-c763-407a-aa48-dc3d61c7be06","createMode":"Default","databaseAccountOfferType":"Standard","enableMaterializedViews":false,"defaultIdentity":"FirstPartyIdentity","networkAclBypass":"None","disableLocalAuth":false,"enablePartitionMerge":false,"enableBurstCapacity":false,"minimalTlsVersion":"Tls12","consistencyPolicy":{"defaultConsistencyLevel":"Session","maxIntervalInSeconds":5,"maxStalenessPrefix":100},"apiProperties":{"serverVersion":"3.6"},"configurationOverrides":{"EnableBsonSchema":"True"},"writeLocations":[{"id":"cli000004-eastus2","locationName":"East
        US 2","documentEndpoint":"https://cli000004-eastus2.documents.azure.com:443/","provisioningState":"Succeeded","failoverPriority":0,"isZoneRedundant":false}],"readLocations":[{"id":"cli000004-eastus2","locationName":"East
        US 2","documentEndpoint":"https://cli000004-eastus2.documents.azure.com:443/","provisioningState":"Succeeded","failoverPriority":0,"isZoneRedundant":false}],"locations":[{"id":"cli000004-eastus2","locationName":"East
        US 2","documentEndpoint":"https://cli000004-eastus2.documents.azure.com:443/","provisioningState":"Succeeded","failoverPriority":0,"isZoneRedundant":false}],"failoverPolicies":[{"id":"cli000004-eastus2","locationName":"East
        US 2","failoverPriority":0}],"cors":[],"capabilities":[{"name":"EnableMongo"}],"ipRules":[],"backupPolicy":{"type":"Continuous","continuousModeProperties":{"tier":"Continuous30Days"}},"networkAclBypassResourceIds":[],"diagnosticLogSettings":{"enableFullTextQuery":"None"},"keysMetadata":{"primaryMasterKey":{"generationTime":"2023-04-14T16:59:33.6414383Z"},"secondaryMasterKey":{"generationTime":"2023-04-14T16:59:33.6414383Z"},"primaryReadonlyMasterKey":{"generationTime":"2023-04-14T16:59:33.6414383Z"},"secondaryReadonlyMasterKey":{"generationTime":"2023-04-14T16:59:33.6414383Z"}}},"identity":{"type":"None"}}'
    headers:
      cache-control:
      - no-store, no-cache
      content-length:
      - '2842'
      content-type:
      - application/json
      date:
      - Fri, 14 Apr 2023 17:00:17 GMT
      pragma:
      - no-cache
      server:
      - Microsoft-HTTPAPI/2.0
      strict-transport-security:
      - max-age=31536000; includeSubDomains
      transfer-encoding:
      - chunked
      vary:
      - Accept-Encoding
      x-content-type-options:
      - nosniff
      x-ms-gatewayversion:
      - version=2.14.0
    status:
      code: 200
      message: Ok
- request:
    body: null
    headers:
      Accept:
      - application/json
      Accept-Encoding:
      - gzip, deflate
      CommandName:
      - cosmosdb create
      Connection:
      - keep-alive
      ParameterSetName:
      - -n -g --backup-policy-type --locations --kind
      User-Agent:
      - AZURECLI/2.47.0 azsdk-python-mgmt-cosmosdb/0.7.0 Python/3.10.11 (Windows-10-10.0.22621-SP0)
    method: GET
    uri: https://management.azure.com/subscriptions/00000000-0000-0000-0000-000000000000/resourceGroups/cli_test_cosmosdb_mongodb_collection_backupinfo000001/providers/Microsoft.DocumentDB/databaseAccounts/cli000004?api-version=2023-03-01-preview
  response:
    body:
      string: '{"id":"/subscriptions/00000000-0000-0000-0000-000000000000/resourceGroups/cli_test_cosmosdb_mongodb_collection_backupinfo000001/providers/Microsoft.DocumentDB/databaseAccounts/cli000004","name":"cli000004","location":"East
        US 2","type":"Microsoft.DocumentDB/databaseAccounts","kind":"MongoDB","tags":{},"systemData":{"createdAt":"2023-04-14T16:59:33.6414383Z"},"properties":{"provisioningState":"Succeeded","documentEndpoint":"https://cli000004.documents.azure.com:443/","sqlEndpoint":"https://cli000004.documents.azure.com:443/","mongoEndpoint":"https://cli000004.mongo.cosmos.azure.com:443/","publicNetworkAccess":"Enabled","enableAutomaticFailover":false,"enableMultipleWriteLocations":false,"enablePartitionKeyMonitor":false,"isVirtualNetworkFilterEnabled":false,"virtualNetworkRules":[],"EnabledApiTypes":"MongoDB","disableKeyBasedMetadataWriteAccess":false,"enableFreeTier":false,"enableAnalyticalStorage":false,"analyticalStorageConfiguration":{"schemaType":"FullFidelity"},"instanceId":"7b198b9f-c763-407a-aa48-dc3d61c7be06","createMode":"Default","databaseAccountOfferType":"Standard","enableMaterializedViews":false,"defaultIdentity":"FirstPartyIdentity","networkAclBypass":"None","disableLocalAuth":false,"enablePartitionMerge":false,"enableBurstCapacity":false,"minimalTlsVersion":"Tls12","consistencyPolicy":{"defaultConsistencyLevel":"Session","maxIntervalInSeconds":5,"maxStalenessPrefix":100},"apiProperties":{"serverVersion":"3.6"},"configurationOverrides":{"EnableBsonSchema":"True"},"writeLocations":[{"id":"cli000004-eastus2","locationName":"East
        US 2","documentEndpoint":"https://cli000004-eastus2.documents.azure.com:443/","provisioningState":"Succeeded","failoverPriority":0,"isZoneRedundant":false}],"readLocations":[{"id":"cli000004-eastus2","locationName":"East
        US 2","documentEndpoint":"https://cli000004-eastus2.documents.azure.com:443/","provisioningState":"Succeeded","failoverPriority":0,"isZoneRedundant":false}],"locations":[{"id":"cli000004-eastus2","locationName":"East
        US 2","documentEndpoint":"https://cli000004-eastus2.documents.azure.com:443/","provisioningState":"Succeeded","failoverPriority":0,"isZoneRedundant":false}],"failoverPolicies":[{"id":"cli000004-eastus2","locationName":"East
        US 2","failoverPriority":0}],"cors":[],"capabilities":[{"name":"EnableMongo"}],"ipRules":[],"backupPolicy":{"type":"Continuous","continuousModeProperties":{"tier":"Continuous30Days"}},"networkAclBypassResourceIds":[],"diagnosticLogSettings":{"enableFullTextQuery":"None"},"keysMetadata":{"primaryMasterKey":{"generationTime":"2023-04-14T16:59:33.6414383Z"},"secondaryMasterKey":{"generationTime":"2023-04-14T16:59:33.6414383Z"},"primaryReadonlyMasterKey":{"generationTime":"2023-04-14T16:59:33.6414383Z"},"secondaryReadonlyMasterKey":{"generationTime":"2023-04-14T16:59:33.6414383Z"}}},"identity":{"type":"None"}}'
    headers:
      cache-control:
      - no-store, no-cache
      content-length:
      - '2842'
      content-type:
      - application/json
      date:
      - Fri, 14 Apr 2023 17:00:17 GMT
      pragma:
      - no-cache
      server:
      - Microsoft-HTTPAPI/2.0
      strict-transport-security:
      - max-age=31536000; includeSubDomains
      transfer-encoding:
      - chunked
      vary:
      - Accept-Encoding
      x-content-type-options:
      - nosniff
      x-ms-gatewayversion:
      - version=2.14.0
    status:
      code: 200
      message: Ok
- request:
    body: null
    headers:
      Accept:
      - application/json
      Accept-Encoding:
      - gzip, deflate
      CommandName:
      - cosmosdb show
      Connection:
      - keep-alive
      ParameterSetName:
      - -n -g
      User-Agent:
      - AZURECLI/2.47.0 azsdk-python-mgmt-cosmosdb/0.7.0 Python/3.10.11 (Windows-10-10.0.22621-SP0)
    method: GET
    uri: https://management.azure.com/subscriptions/00000000-0000-0000-0000-000000000000/resourceGroups/cli_test_cosmosdb_mongodb_collection_backupinfo000001/providers/Microsoft.DocumentDB/databaseAccounts/cli000004?api-version=2023-03-01-preview
  response:
    body:
      string: '{"id":"/subscriptions/00000000-0000-0000-0000-000000000000/resourceGroups/cli_test_cosmosdb_mongodb_collection_backupinfo000001/providers/Microsoft.DocumentDB/databaseAccounts/cli000004","name":"cli000004","location":"East
        US 2","type":"Microsoft.DocumentDB/databaseAccounts","kind":"MongoDB","tags":{},"systemData":{"createdAt":"2023-04-14T16:59:33.6414383Z"},"properties":{"provisioningState":"Succeeded","documentEndpoint":"https://cli000004.documents.azure.com:443/","sqlEndpoint":"https://cli000004.documents.azure.com:443/","mongoEndpoint":"https://cli000004.mongo.cosmos.azure.com:443/","publicNetworkAccess":"Enabled","enableAutomaticFailover":false,"enableMultipleWriteLocations":false,"enablePartitionKeyMonitor":false,"isVirtualNetworkFilterEnabled":false,"virtualNetworkRules":[],"EnabledApiTypes":"MongoDB","disableKeyBasedMetadataWriteAccess":false,"enableFreeTier":false,"enableAnalyticalStorage":false,"analyticalStorageConfiguration":{"schemaType":"FullFidelity"},"instanceId":"7b198b9f-c763-407a-aa48-dc3d61c7be06","createMode":"Default","databaseAccountOfferType":"Standard","enableMaterializedViews":false,"defaultIdentity":"FirstPartyIdentity","networkAclBypass":"None","disableLocalAuth":false,"enablePartitionMerge":false,"enableBurstCapacity":false,"minimalTlsVersion":"Tls12","consistencyPolicy":{"defaultConsistencyLevel":"Session","maxIntervalInSeconds":5,"maxStalenessPrefix":100},"apiProperties":{"serverVersion":"3.6"},"configurationOverrides":{"EnableBsonSchema":"True"},"writeLocations":[{"id":"cli000004-eastus2","locationName":"East
        US 2","documentEndpoint":"https://cli000004-eastus2.documents.azure.com:443/","provisioningState":"Succeeded","failoverPriority":0,"isZoneRedundant":false}],"readLocations":[{"id":"cli000004-eastus2","locationName":"East
        US 2","documentEndpoint":"https://cli000004-eastus2.documents.azure.com:443/","provisioningState":"Succeeded","failoverPriority":0,"isZoneRedundant":false}],"locations":[{"id":"cli000004-eastus2","locationName":"East
        US 2","documentEndpoint":"https://cli000004-eastus2.documents.azure.com:443/","provisioningState":"Succeeded","failoverPriority":0,"isZoneRedundant":false}],"failoverPolicies":[{"id":"cli000004-eastus2","locationName":"East
        US 2","failoverPriority":0}],"cors":[],"capabilities":[{"name":"EnableMongo"}],"ipRules":[],"backupPolicy":{"type":"Continuous","continuousModeProperties":{"tier":"Continuous30Days"}},"networkAclBypassResourceIds":[],"diagnosticLogSettings":{"enableFullTextQuery":"None"},"keysMetadata":{"primaryMasterKey":{"generationTime":"2023-04-14T16:59:33.6414383Z"},"secondaryMasterKey":{"generationTime":"2023-04-14T16:59:33.6414383Z"},"primaryReadonlyMasterKey":{"generationTime":"2023-04-14T16:59:33.6414383Z"},"secondaryReadonlyMasterKey":{"generationTime":"2023-04-14T16:59:33.6414383Z"}}},"identity":{"type":"None"}}'
    headers:
      cache-control:
      - no-store, no-cache
      content-length:
      - '2842'
      content-type:
      - application/json
      date:
      - Fri, 14 Apr 2023 17:00:17 GMT
      pragma:
      - no-cache
      server:
      - Microsoft-HTTPAPI/2.0
      strict-transport-security:
      - max-age=31536000; includeSubDomains
      transfer-encoding:
      - chunked
      vary:
      - Accept-Encoding
      x-content-type-options:
      - nosniff
      x-ms-gatewayversion:
      - version=2.14.0
    status:
      code: 200
      message: Ok
- request:
    body: null
    headers:
      Accept:
      - application/json
      Accept-Encoding:
      - gzip, deflate
      CommandName:
      - cosmosdb mongodb retrieve-latest-backup-time
      Connection:
      - keep-alive
      ParameterSetName:
      - -g -a -d -c -l
      User-Agent:
      - AZURECLI/2.47.0 azsdk-python-mgmt-cosmosdb/9.0.0 Python/3.10.11 (Windows-10-10.0.22621-SP0)
    method: GET
    uri: https://management.azure.com/subscriptions/00000000-0000-0000-0000-000000000000/resourceGroups/cli_test_cosmosdb_mongodb_collection_backupinfo000001/providers/Microsoft.DocumentDB/databaseAccounts/cli000004/mongodbDatabases/cli000003?api-version=2022-11-15
  response:
    body:
      string: '{"code":"NotFound","message":"the database cli000003 doesn''t exist.\r\nActivityId:
        d5679074-dae5-11ed-b315-f46b8c04f750, Microsoft.Azure.Documents.Common/2.14.0"}'
    headers:
      cache-control:
      - no-store, no-cache
      content-length:
      - '162'
      content-type:
      - application/json
      date:
      - Fri, 14 Apr 2023 17:00:18 GMT
      pragma:
      - no-cache
      server:
      - Microsoft-HTTPAPI/2.0
      strict-transport-security:
      - max-age=31536000; includeSubDomains
      x-content-type-options:
      - nosniff
      x-ms-gatewayversion:
      - version=2.14.0
    status:
      code: 404
      message: NotFound
- request:
    body: '{"properties": {"resource": {"id": "cli000003"}, "options": {}}}'
    headers:
      Accept:
      - application/json
      Accept-Encoding:
      - gzip, deflate
      CommandName:
      - cosmosdb mongodb database create
      Connection:
      - keep-alive
      Content-Length:
      - '64'
      Content-Type:
      - application/json
      ParameterSetName:
      - -g -a -n
      User-Agent:
      - AZURECLI/2.47.0 azsdk-python-mgmt-cosmosdb/9.0.0 Python/3.10.11 (Windows-10-10.0.22621-SP0)
    method: PUT
    uri: https://management.azure.com/subscriptions/00000000-0000-0000-0000-000000000000/resourceGroups/cli_test_cosmosdb_mongodb_collection_backupinfo000001/providers/Microsoft.DocumentDB/databaseAccounts/cli000004/mongodbDatabases/cli000003?api-version=2022-11-15
  response:
    body:
      string: '{"status":"Enqueued"}'
    headers:
      azure-asyncoperation:
      - https://management.azure.com/subscriptions/00000000-0000-0000-0000-000000000000/providers/Microsoft.DocumentDB/locations/eastus2/operationsStatus/9cea9151-8c78-41b9-a989-fdf0c48bb224?api-version=2022-11-15
      cache-control:
      - no-store, no-cache
      content-length:
      - '21'
      content-type:
      - application/json
      date:
      - Fri, 14 Apr 2023 17:00:19 GMT
      location:
      - https://management.azure.com/subscriptions/00000000-0000-0000-0000-000000000000/resourceGroups/cli_test_cosmosdb_mongodb_collection_backupinfo000001/providers/Microsoft.DocumentDB/databaseAccounts/cli000004/mongodbDatabases/cli000003/operationResults/9cea9151-8c78-41b9-a989-fdf0c48bb224?api-version=2022-11-15
      pragma:
      - no-cache
      server:
      - Microsoft-HTTPAPI/2.0
      strict-transport-security:
      - max-age=31536000; includeSubDomains
      x-content-type-options:
      - nosniff
      x-ms-gatewayversion:
      - version=2.14.0
      x-ms-ratelimit-remaining-subscription-writes:
      - '1199'
    status:
      code: 202
      message: Accepted
- request:
    body: null
    headers:
      Accept:
      - '*/*'
      Accept-Encoding:
      - gzip, deflate
      CommandName:
      - cosmosdb mongodb database create
      Connection:
      - keep-alive
      ParameterSetName:
      - -g -a -n
      User-Agent:
      - AZURECLI/2.47.0 azsdk-python-mgmt-cosmosdb/9.0.0 Python/3.10.11 (Windows-10-10.0.22621-SP0)
    method: GET
    uri: https://management.azure.com/subscriptions/00000000-0000-0000-0000-000000000000/providers/Microsoft.DocumentDB/locations/eastus2/operationsStatus/9cea9151-8c78-41b9-a989-fdf0c48bb224?api-version=2022-11-15
  response:
    body:
      string: '{"status":"Enqueued"}'
    headers:
      cache-control:
      - no-store, no-cache
      content-length:
      - '21'
      content-type:
      - application/json
      date:
      - Fri, 14 Apr 2023 17:00:19 GMT
      pragma:
      - no-cache
      server:
      - Microsoft-HTTPAPI/2.0
      strict-transport-security:
      - max-age=31536000; includeSubDomains
      transfer-encoding:
      - chunked
      vary:
      - Accept-Encoding
      x-content-type-options:
      - nosniff
      x-ms-gatewayversion:
      - version=2.14.0
    status:
      code: 200
      message: Ok
- request:
    body: null
    headers:
      Accept:
      - '*/*'
      Accept-Encoding:
      - gzip, deflate
      CommandName:
      - cosmosdb mongodb database create
      Connection:
      - keep-alive
      ParameterSetName:
      - -g -a -n
      User-Agent:
      - AZURECLI/2.47.0 azsdk-python-mgmt-cosmosdb/9.0.0 Python/3.10.11 (Windows-10-10.0.22621-SP0)
    method: GET
    uri: https://management.azure.com/subscriptions/00000000-0000-0000-0000-000000000000/providers/Microsoft.DocumentDB/locations/eastus2/operationsStatus/9cea9151-8c78-41b9-a989-fdf0c48bb224?api-version=2022-11-15
  response:
    body:
      string: '{"status":"Succeeded"}'
    headers:
      cache-control:
      - no-store, no-cache
      content-length:
      - '22'
      content-type:
      - application/json
      date:
      - Fri, 14 Apr 2023 17:00:49 GMT
      pragma:
      - no-cache
      server:
      - Microsoft-HTTPAPI/2.0
      strict-transport-security:
      - max-age=31536000; includeSubDomains
      transfer-encoding:
      - chunked
      vary:
      - Accept-Encoding
      x-content-type-options:
      - nosniff
      x-ms-gatewayversion:
      - version=2.14.0
    status:
      code: 200
      message: Ok
- request:
    body: null
    headers:
      Accept:
      - '*/*'
      Accept-Encoding:
      - gzip, deflate
      CommandName:
      - cosmosdb mongodb database create
      Connection:
      - keep-alive
      ParameterSetName:
      - -g -a -n
      User-Agent:
      - AZURECLI/2.47.0 azsdk-python-mgmt-cosmosdb/9.0.0 Python/3.10.11 (Windows-10-10.0.22621-SP0)
    method: GET
    uri: https://management.azure.com/subscriptions/00000000-0000-0000-0000-000000000000/resourceGroups/cli_test_cosmosdb_mongodb_collection_backupinfo000001/providers/Microsoft.DocumentDB/databaseAccounts/cli000004/mongodbDatabases/cli000003?api-version=2022-11-15
  response:
    body:
      string: '{"id":"/subscriptions/00000000-0000-0000-0000-000000000000/resourceGroups/cli_test_cosmosdb_mongodb_collection_backupinfo000001/providers/Microsoft.DocumentDB/databaseAccounts/cli000004/mongodbDatabases/cli000003","type":"Microsoft.DocumentDB/databaseAccounts/mongodbDatabases","name":"cli000003","properties":{"resource":{"id":"cli000003"}}}'
    headers:
      cache-control:
      - no-store, no-cache
      content-length:
      - '342'
      content-type:
      - application/json
      date:
      - Fri, 14 Apr 2023 17:00:50 GMT
      pragma:
      - no-cache
      server:
      - Microsoft-HTTPAPI/2.0
      strict-transport-security:
      - max-age=31536000; includeSubDomains
      transfer-encoding:
      - chunked
      vary:
      - Accept-Encoding
      x-content-type-options:
      - nosniff
      x-ms-gatewayversion:
      - version=2.14.0
    status:
      code: 200
      message: Ok
- request:
    body: null
    headers:
      Accept:
      - application/json
      Accept-Encoding:
      - gzip, deflate
      CommandName:
      - cosmosdb mongodb retrieve-latest-backup-time
      Connection:
      - keep-alive
      ParameterSetName:
      - -g -a -d -c -l
      User-Agent:
      - AZURECLI/2.47.0 azsdk-python-mgmt-cosmosdb/9.0.0 Python/3.10.11 (Windows-10-10.0.22621-SP0)
    method: GET
    uri: https://management.azure.com/subscriptions/00000000-0000-0000-0000-000000000000/resourceGroups/cli_test_cosmosdb_mongodb_collection_backupinfo000001/providers/Microsoft.DocumentDB/databaseAccounts/cli000004/mongodbDatabases/cli000003?api-version=2022-11-15
  response:
    body:
      string: '{"id":"/subscriptions/00000000-0000-0000-0000-000000000000/resourceGroups/cli_test_cosmosdb_mongodb_collection_backupinfo000001/providers/Microsoft.DocumentDB/databaseAccounts/cli000004/mongodbDatabases/cli000003","type":"Microsoft.DocumentDB/databaseAccounts/mongodbDatabases","name":"cli000003","properties":{"resource":{"id":"cli000003"}}}'
    headers:
      cache-control:
      - no-store, no-cache
      content-length:
      - '342'
      content-type:
      - application/json
      date:
      - Fri, 14 Apr 2023 17:00:52 GMT
      pragma:
      - no-cache
      server:
      - Microsoft-HTTPAPI/2.0
      strict-transport-security:
      - max-age=31536000; includeSubDomains
      transfer-encoding:
      - chunked
      vary:
      - Accept-Encoding
      x-content-type-options:
      - nosniff
      x-ms-gatewayversion:
      - version=2.14.0
    status:
      code: 200
      message: Ok
- request:
    body: null
    headers:
      Accept:
      - application/json
      Accept-Encoding:
      - gzip, deflate
      CommandName:
      - cosmosdb mongodb retrieve-latest-backup-time
      Connection:
      - keep-alive
      ParameterSetName:
      - -g -a -d -c -l
      User-Agent:
      - AZURECLI/2.47.0 azsdk-python-mgmt-cosmosdb/9.0.0 Python/3.10.11 (Windows-10-10.0.22621-SP0)
    method: GET
    uri: https://management.azure.com/subscriptions/00000000-0000-0000-0000-000000000000/resourceGroups/cli_test_cosmosdb_mongodb_collection_backupinfo000001/providers/Microsoft.DocumentDB/databaseAccounts/cli000004/mongodbDatabases/cli000003/collections/cli000002?api-version=2022-11-15
  response:
    body:
      string: '{"code":"NotFound","message":"The collection ''cli000003''.''cli000002''
        doesn''t exist.\r\nActivityId: e90da50f-dae5-11ed-930f-f46b8c04f750, Microsoft.Azure.Documents.Common/2.14.0"}'
    headers:
      cache-control:
      - no-store, no-cache
      content-length:
      - '178'
      content-type:
      - application/json
      date:
      - Fri, 14 Apr 2023 17:00:52 GMT
      pragma:
      - no-cache
      server:
      - Microsoft-HTTPAPI/2.0
      strict-transport-security:
      - max-age=31536000; includeSubDomains
      x-content-type-options:
      - nosniff
      x-ms-gatewayversion:
      - version=2.14.0
    status:
      code: 404
      message: NotFound
- request:
    body: '{"properties": {"resource": {"id": "cli000002", "shardKey": {"theShardKey":
      "Hash"}}, "options": {"throughput": 1000}}}'
    headers:
      Accept:
      - application/json
      Accept-Encoding:
      - gzip, deflate
      CommandName:
      - cosmosdb mongodb collection create
      Connection:
      - keep-alive
      Content-Length:
      - '119'
      Content-Type:
      - application/json
      ParameterSetName:
      - -g -a -d -n --shard --throughput
      User-Agent:
      - AZURECLI/2.47.0 azsdk-python-mgmt-cosmosdb/9.0.0 Python/3.10.11 (Windows-10-10.0.22621-SP0)
    method: PUT
    uri: https://management.azure.com/subscriptions/00000000-0000-0000-0000-000000000000/resourceGroups/cli_test_cosmosdb_mongodb_collection_backupinfo000001/providers/Microsoft.DocumentDB/databaseAccounts/cli000004/mongodbDatabases/cli000003/collections/cli000002?api-version=2022-11-15
  response:
    body:
      string: '{"status":"Enqueued"}'
    headers:
      azure-asyncoperation:
      - https://management.azure.com/subscriptions/00000000-0000-0000-0000-000000000000/providers/Microsoft.DocumentDB/locations/eastus2/operationsStatus/01545b3a-45e9-4f1a-b447-20f1520158dc?api-version=2022-11-15
      cache-control:
      - no-store, no-cache
      content-length:
      - '21'
      content-type:
      - application/json
      date:
      - Fri, 14 Apr 2023 17:00:53 GMT
      location:
      - https://management.azure.com/subscriptions/00000000-0000-0000-0000-000000000000/resourceGroups/cli_test_cosmosdb_mongodb_collection_backupinfo000001/providers/Microsoft.DocumentDB/databaseAccounts/cli000004/mongodbDatabases/cli000003/collections/cli000002/operationResults/01545b3a-45e9-4f1a-b447-20f1520158dc?api-version=2022-11-15
      pragma:
      - no-cache
      server:
      - Microsoft-HTTPAPI/2.0
      strict-transport-security:
      - max-age=31536000; includeSubDomains
      x-content-type-options:
      - nosniff
      x-ms-gatewayversion:
      - version=2.14.0
      x-ms-ratelimit-remaining-subscription-writes:
      - '1199'
    status:
      code: 202
      message: Accepted
- request:
    body: null
    headers:
      Accept:
      - '*/*'
      Accept-Encoding:
      - gzip, deflate
      CommandName:
      - cosmosdb mongodb collection create
      Connection:
      - keep-alive
      ParameterSetName:
      - -g -a -d -n --shard --throughput
      User-Agent:
      - AZURECLI/2.47.0 azsdk-python-mgmt-cosmosdb/9.0.0 Python/3.10.11 (Windows-10-10.0.22621-SP0)
    method: GET
    uri: https://management.azure.com/subscriptions/00000000-0000-0000-0000-000000000000/providers/Microsoft.DocumentDB/locations/eastus2/operationsStatus/01545b3a-45e9-4f1a-b447-20f1520158dc?api-version=2022-11-15
  response:
    body:
      string: '{"status":"Enqueued"}'
    headers:
      cache-control:
      - no-store, no-cache
      content-length:
      - '21'
      content-type:
      - application/json
      date:
      - Fri, 14 Apr 2023 17:00:53 GMT
      pragma:
      - no-cache
      server:
      - Microsoft-HTTPAPI/2.0
      strict-transport-security:
      - max-age=31536000; includeSubDomains
      transfer-encoding:
      - chunked
      vary:
      - Accept-Encoding
      x-content-type-options:
      - nosniff
      x-ms-gatewayversion:
      - version=2.14.0
    status:
      code: 200
      message: Ok
- request:
    body: null
    headers:
      Accept:
      - '*/*'
      Accept-Encoding:
      - gzip, deflate
      CommandName:
      - cosmosdb mongodb collection create
      Connection:
      - keep-alive
      ParameterSetName:
      - -g -a -d -n --shard --throughput
      User-Agent:
      - AZURECLI/2.47.0 azsdk-python-mgmt-cosmosdb/9.0.0 Python/3.10.11 (Windows-10-10.0.22621-SP0)
    method: GET
    uri: https://management.azure.com/subscriptions/00000000-0000-0000-0000-000000000000/providers/Microsoft.DocumentDB/locations/eastus2/operationsStatus/01545b3a-45e9-4f1a-b447-20f1520158dc?api-version=2022-11-15
  response:
    body:
      string: '{"status":"Succeeded"}'
    headers:
      cache-control:
      - no-store, no-cache
      content-length:
      - '22'
      content-type:
      - application/json
      date:
      - Fri, 14 Apr 2023 17:01:23 GMT
      pragma:
      - no-cache
      server:
      - Microsoft-HTTPAPI/2.0
      strict-transport-security:
      - max-age=31536000; includeSubDomains
      transfer-encoding:
      - chunked
      vary:
      - Accept-Encoding
      x-content-type-options:
      - nosniff
      x-ms-gatewayversion:
      - version=2.14.0
    status:
      code: 200
      message: Ok
- request:
    body: null
    headers:
      Accept:
      - '*/*'
      Accept-Encoding:
      - gzip, deflate
      CommandName:
      - cosmosdb mongodb collection create
      Connection:
      - keep-alive
      ParameterSetName:
      - -g -a -d -n --shard --throughput
      User-Agent:
      - AZURECLI/2.47.0 azsdk-python-mgmt-cosmosdb/9.0.0 Python/3.10.11 (Windows-10-10.0.22621-SP0)
    method: GET
    uri: https://management.azure.com/subscriptions/00000000-0000-0000-0000-000000000000/resourceGroups/cli_test_cosmosdb_mongodb_collection_backupinfo000001/providers/Microsoft.DocumentDB/databaseAccounts/cli000004/mongodbDatabases/cli000003/collections/cli000002?api-version=2022-11-15
  response:
    body:
      string: '{"id":"/subscriptions/00000000-0000-0000-0000-000000000000/resourceGroups/cli_test_cosmosdb_mongodb_collection_backupinfo000001/providers/Microsoft.DocumentDB/databaseAccounts/cli000004/mongodbDatabases/cli000003/collections/cli000002","type":"Microsoft.DocumentDB/databaseAccounts/mongodbDatabases/collections","name":"cli000002","properties":{"resource":{"id":"cli000002","shardKey":{"theShardKey":"Hash"},"indexes":[{"key":{"keys":["_id"]}}]}}}'
    headers:
      cache-control:
      - no-store, no-cache
      content-length:
      - '447'
      content-type:
      - application/json
      date:
      - Fri, 14 Apr 2023 17:01:24 GMT
      pragma:
      - no-cache
      server:
      - Microsoft-HTTPAPI/2.0
      strict-transport-security:
      - max-age=31536000; includeSubDomains
      transfer-encoding:
      - chunked
      vary:
      - Accept-Encoding
      x-content-type-options:
      - nosniff
      x-ms-gatewayversion:
      - version=2.14.0
    status:
      code: 200
      message: Ok
- request:
    body: null
    headers:
      Accept:
      - application/json
      Accept-Encoding:
      - gzip, deflate
      CommandName:
      - cosmosdb mongodb retrieve-latest-backup-time
      Connection:
      - keep-alive
      ParameterSetName:
      - -g -a -d -c -l
      User-Agent:
      - AZURECLI/2.47.0 azsdk-python-mgmt-cosmosdb/9.0.0 Python/3.10.11 (Windows-10-10.0.22621-SP0)
    method: GET
    uri: https://management.azure.com/subscriptions/00000000-0000-0000-0000-000000000000/resourceGroups/cli_test_cosmosdb_mongodb_collection_backupinfo000001/providers/Microsoft.DocumentDB/databaseAccounts/cli000004/mongodbDatabases/cli000003?api-version=2022-11-15
  response:
    body:
      string: '{"id":"/subscriptions/00000000-0000-0000-0000-000000000000/resourceGroups/cli_test_cosmosdb_mongodb_collection_backupinfo000001/providers/Microsoft.DocumentDB/databaseAccounts/cli000004/mongodbDatabases/cli000003","type":"Microsoft.DocumentDB/databaseAccounts/mongodbDatabases","name":"cli000003","properties":{"resource":{"id":"cli000003"}}}'
    headers:
      cache-control:
      - no-store, no-cache
      content-length:
      - '342'
      content-type:
      - application/json
      date:
      - Fri, 14 Apr 2023 17:01:25 GMT
      pragma:
      - no-cache
      server:
      - Microsoft-HTTPAPI/2.0
      strict-transport-security:
      - max-age=31536000; includeSubDomains
      transfer-encoding:
      - chunked
      vary:
      - Accept-Encoding
      x-content-type-options:
      - nosniff
      x-ms-gatewayversion:
      - version=2.14.0
    status:
      code: 200
      message: Ok
- request:
    body: null
    headers:
      Accept:
      - application/json
      Accept-Encoding:
      - gzip, deflate
      CommandName:
      - cosmosdb mongodb retrieve-latest-backup-time
      Connection:
      - keep-alive
      ParameterSetName:
      - -g -a -d -c -l
      User-Agent:
      - AZURECLI/2.47.0 azsdk-python-mgmt-cosmosdb/9.0.0 Python/3.10.11 (Windows-10-10.0.22621-SP0)
    method: GET
    uri: https://management.azure.com/subscriptions/00000000-0000-0000-0000-000000000000/resourceGroups/cli_test_cosmosdb_mongodb_collection_backupinfo000001/providers/Microsoft.DocumentDB/databaseAccounts/cli000004/mongodbDatabases/cli000003/collections/cli000002?api-version=2022-11-15
  response:
    body:
      string: '{"id":"/subscriptions/00000000-0000-0000-0000-000000000000/resourceGroups/cli_test_cosmosdb_mongodb_collection_backupinfo000001/providers/Microsoft.DocumentDB/databaseAccounts/cli000004/mongodbDatabases/cli000003/collections/cli000002","type":"Microsoft.DocumentDB/databaseAccounts/mongodbDatabases/collections","name":"cli000002","properties":{"resource":{"id":"cli000002","shardKey":{"theShardKey":"Hash"},"indexes":[{"key":{"keys":["_id"]}}]}}}'
    headers:
      cache-control:
      - no-store, no-cache
      content-length:
      - '447'
      content-type:
      - application/json
      date:
      - Fri, 14 Apr 2023 17:01:26 GMT
      pragma:
      - no-cache
      server:
      - Microsoft-HTTPAPI/2.0
      strict-transport-security:
      - max-age=31536000; includeSubDomains
      transfer-encoding:
      - chunked
      vary:
      - Accept-Encoding
      x-content-type-options:
      - nosniff
      x-ms-gatewayversion:
      - version=2.14.0
    status:
      code: 200
      message: Ok
- request:
    body: '{"location": "eastus2"}'
    headers:
      Accept:
      - application/json
      Accept-Encoding:
      - gzip, deflate
      CommandName:
      - cosmosdb mongodb retrieve-latest-backup-time
      Connection:
      - keep-alive
      Content-Length:
      - '23'
      Content-Type:
      - application/json
      ParameterSetName:
      - -g -a -d -c -l
      User-Agent:
      - AZURECLI/2.47.0 azsdk-python-mgmt-cosmosdb/9.0.0 Python/3.10.11 (Windows-10-10.0.22621-SP0)
    method: POST
    uri: https://management.azure.com/subscriptions/00000000-0000-0000-0000-000000000000/resourceGroups/cli_test_cosmosdb_mongodb_collection_backupinfo000001/providers/Microsoft.DocumentDB/databaseAccounts/cli000004/mongodbDatabases/cli000003/collections/cli000002/retrieveContinuousBackupInformation?api-version=2022-11-15
  response:
    body:
      string: '{"status":"Enqueued"}'
    headers:
      cache-control:
      - no-store, no-cache
      content-length:
      - '21'
      content-type:
      - application/json
      date:
      - Fri, 14 Apr 2023 17:01:26 GMT
      location:
      - https://management.azure.com/subscriptions/00000000-0000-0000-0000-000000000000/resourceGroups/cli_test_cosmosdb_mongodb_collection_backupinfo000001/providers/Microsoft.DocumentDB/databaseAccounts/cli000004/mongodbDatabases/cli000003/collections/cli000002/retrieveContinuousBackupInformation/operationResults/c7b2a22f-b951-41f8-bf73-88c318ec477e?api-version=2022-11-15
      pragma:
      - no-cache
      server:
      - Microsoft-HTTPAPI/2.0
      strict-transport-security:
      - max-age=31536000; includeSubDomains
      x-content-type-options:
      - nosniff
      x-ms-gatewayversion:
      - version=2.14.0
      x-ms-ratelimit-remaining-subscription-writes:
      - '1199'
    status:
      code: 202
      message: Accepted
- request:
    body: null
    headers:
      Accept:
      - '*/*'
      Accept-Encoding:
      - gzip, deflate
      CommandName:
      - cosmosdb mongodb retrieve-latest-backup-time
      Connection:
      - keep-alive
      ParameterSetName:
      - -g -a -d -c -l
      User-Agent:
      - AZURECLI/2.47.0 azsdk-python-mgmt-cosmosdb/9.0.0 Python/3.10.11 (Windows-10-10.0.22621-SP0)
    method: GET
    uri: https://management.azure.com/subscriptions/00000000-0000-0000-0000-000000000000/resourceGroups/cli_test_cosmosdb_mongodb_collection_backupinfo000001/providers/Microsoft.DocumentDB/databaseAccounts/cli000004/mongodbDatabases/cli000003/collections/cli000002/retrieveContinuousBackupInformation/operationResults/c7b2a22f-b951-41f8-bf73-88c318ec477e?api-version=2022-11-15
  response:
    body:
      string: '{"status":"Enqueued"}'
    headers:
      cache-control:
      - no-store, no-cache
      content-length:
      - '21'
      content-type:
      - application/json
      date:
      - Fri, 14 Apr 2023 17:01:26 GMT
      location:
      - https://management.azure.com/subscriptions/00000000-0000-0000-0000-000000000000/resourceGroups/cli_test_cosmosdb_mongodb_collection_backupinfo000001/providers/Microsoft.DocumentDB/databaseAccounts/cli000004/mongodbDatabases/cli000003/collections/cli000002/retrieveContinuousBackupInformation/operationResults/c7b2a22f-b951-41f8-bf73-88c318ec477e?api-version=2022-11-15
      pragma:
      - no-cache
      server:
      - Microsoft-HTTPAPI/2.0
      strict-transport-security:
      - max-age=31536000; includeSubDomains
      x-content-type-options:
      - nosniff
      x-ms-gatewayversion:
      - version=2.14.0
    status:
      code: 202
      message: Accepted
- request:
    body: null
    headers:
      Accept:
      - '*/*'
      Accept-Encoding:
      - gzip, deflate
      CommandName:
      - cosmosdb mongodb retrieve-latest-backup-time
      Connection:
      - keep-alive
      ParameterSetName:
      - -g -a -d -c -l
      User-Agent:
      - AZURECLI/2.47.0 azsdk-python-mgmt-cosmosdb/9.0.0 Python/3.10.11 (Windows-10-10.0.22621-SP0)
    method: GET
    uri: https://management.azure.com/subscriptions/00000000-0000-0000-0000-000000000000/resourceGroups/cli_test_cosmosdb_mongodb_collection_backupinfo000001/providers/Microsoft.DocumentDB/databaseAccounts/cli000004/mongodbDatabases/cli000003/collections/cli000002/retrieveContinuousBackupInformation/operationResults/c7b2a22f-b951-41f8-bf73-88c318ec477e?api-version=2022-11-15
  response:
    body:
      string: '{"continuousBackupInformation":{"latestRestorableTimestamp":"4/14/2023
        5:01:31 PM"}}'
    headers:
      cache-control:
      - no-store, no-cache
      content-length:
      - '84'
      content-type:
      - application/json
      date:
      - Fri, 14 Apr 2023 17:01:56 GMT
      pragma:
      - no-cache
      server:
      - Microsoft-HTTPAPI/2.0
      strict-transport-security:
      - max-age=31536000; includeSubDomains
      transfer-encoding:
      - chunked
      vary:
      - Accept-Encoding
      x-content-type-options:
      - nosniff
      x-ms-gatewayversion:
      - version=2.14.0
    status:
      code: 200
      message: Ok
- request:
    body: null
    headers:
      Accept:
      - application/json
      Accept-Encoding:
      - gzip, deflate
      CommandName:
      - cosmosdb mongodb retrieve-latest-backup-time
      Connection:
      - keep-alive
      ParameterSetName:
      - -g -a -d -c -l
      User-Agent:
      - AZURECLI/2.47.0 azsdk-python-mgmt-cosmosdb/9.0.0 Python/3.10.11 (Windows-10-10.0.22621-SP0)
    method: GET
    uri: https://management.azure.com/subscriptions/00000000-0000-0000-0000-000000000000/resourceGroups/cli_test_cosmosdb_mongodb_collection_backupinfo000001/providers/Microsoft.DocumentDB/databaseAccounts/cli000004/mongodbDatabases/cli000003?api-version=2022-11-15
  response:
    body:
      string: '{"id":"/subscriptions/00000000-0000-0000-0000-000000000000/resourceGroups/cli_test_cosmosdb_mongodb_collection_backupinfo000001/providers/Microsoft.DocumentDB/databaseAccounts/cli000004/mongodbDatabases/cli000003","type":"Microsoft.DocumentDB/databaseAccounts/mongodbDatabases","name":"cli000003","properties":{"resource":{"id":"cli000003"}}}'
    headers:
      cache-control:
      - no-store, no-cache
      content-length:
      - '342'
      content-type:
      - application/json
      date:
      - Fri, 14 Apr 2023 17:01:57 GMT
      pragma:
      - no-cache
      server:
      - Microsoft-HTTPAPI/2.0
      strict-transport-security:
      - max-age=31536000; includeSubDomains
      x-content-type-options:
      - nosniff
      x-ms-gatewayversion:
      - version=2.14.0
    status:
      code: 200
      message: Ok
- request:
    body: null
    headers:
      Accept:
      - application/json
      Accept-Encoding:
      - gzip, deflate
      CommandName:
      - cosmosdb mongodb retrieve-latest-backup-time
      Connection:
      - keep-alive
      ParameterSetName:
      - -g -a -d -c -l
      User-Agent:
      - AZURECLI/2.47.0 azsdk-python-mgmt-cosmosdb/9.0.0 Python/3.10.11 (Windows-10-10.0.22621-SP0)
    method: GET
    uri: https://management.azure.com/subscriptions/00000000-0000-0000-0000-000000000000/resourceGroups/cli_test_cosmosdb_mongodb_collection_backupinfo000001/providers/Microsoft.DocumentDB/databaseAccounts/cli000004/mongodbDatabases/cli000003/collections/cli000002?api-version=2022-11-15
  response:
    body:
      string: '{"id":"/subscriptions/00000000-0000-0000-0000-000000000000/resourceGroups/cli_test_cosmosdb_mongodb_collection_backupinfo000001/providers/Microsoft.DocumentDB/databaseAccounts/cli000004/mongodbDatabases/cli000003/collections/cli000002","type":"Microsoft.DocumentDB/databaseAccounts/mongodbDatabases/collections","name":"cli000002","properties":{"resource":{"id":"cli000002","shardKey":{"theShardKey":"Hash"},"indexes":[{"key":{"keys":["_id"]}}]}}}'
    headers:
      cache-control:
      - no-store, no-cache
      content-length:
      - '447'
      content-type:
      - application/json
      date:
      - Fri, 14 Apr 2023 17:01:58 GMT
      pragma:
      - no-cache
      server:
      - Microsoft-HTTPAPI/2.0
      strict-transport-security:
      - max-age=31536000; includeSubDomains
      x-content-type-options:
      - nosniff
      x-ms-gatewayversion:
      - version=2.14.0
    status:
      code: 200
      message: Ok
- request:
    body: '{"location": "eastus2"}'
    headers:
      Accept:
      - application/json
      Accept-Encoding:
      - gzip, deflate
      CommandName:
      - cosmosdb mongodb retrieve-latest-backup-time
      Connection:
      - keep-alive
      Content-Length:
      - '23'
      Content-Type:
      - application/json
      ParameterSetName:
      - -g -a -d -c -l
      User-Agent:
      - AZURECLI/2.47.0 azsdk-python-mgmt-cosmosdb/9.0.0 Python/3.10.11 (Windows-10-10.0.22621-SP0)
    method: POST
    uri: https://management.azure.com/subscriptions/00000000-0000-0000-0000-000000000000/resourceGroups/cli_test_cosmosdb_mongodb_collection_backupinfo000001/providers/Microsoft.DocumentDB/databaseAccounts/cli000004/mongodbDatabases/cli000003/collections/cli000002/retrieveContinuousBackupInformation?api-version=2022-11-15
  response:
    body:
      string: '{"status":"Enqueued"}'
    headers:
      cache-control:
      - no-store, no-cache
      content-length:
      - '21'
      content-type:
      - application/json
      date:
      - Fri, 14 Apr 2023 17:01:59 GMT
      location:
      - https://management.azure.com/subscriptions/00000000-0000-0000-0000-000000000000/resourceGroups/cli_test_cosmosdb_mongodb_collection_backupinfo000001/providers/Microsoft.DocumentDB/databaseAccounts/cli000004/mongodbDatabases/cli000003/collections/cli000002/retrieveContinuousBackupInformation/operationResults/3c4f4289-cdca-4401-abe9-2e42d059130e?api-version=2022-11-15
      pragma:
      - no-cache
      server:
      - Microsoft-HTTPAPI/2.0
      strict-transport-security:
      - max-age=31536000; includeSubDomains
      x-content-type-options:
      - nosniff
      x-ms-gatewayversion:
      - version=2.14.0
      x-ms-ratelimit-remaining-subscription-writes:
      - '1199'
    status:
      code: 202
      message: Accepted
- request:
    body: null
    headers:
      Accept:
      - '*/*'
      Accept-Encoding:
      - gzip, deflate
      CommandName:
      - cosmosdb mongodb retrieve-latest-backup-time
      Connection:
      - keep-alive
      ParameterSetName:
      - -g -a -d -c -l
      User-Agent:
      - AZURECLI/2.47.0 azsdk-python-mgmt-cosmosdb/9.0.0 Python/3.10.11 (Windows-10-10.0.22621-SP0)
    method: GET
    uri: https://management.azure.com/subscriptions/00000000-0000-0000-0000-000000000000/resourceGroups/cli_test_cosmosdb_mongodb_collection_backupinfo000001/providers/Microsoft.DocumentDB/databaseAccounts/cli000004/mongodbDatabases/cli000003/collections/cli000002/retrieveContinuousBackupInformation/operationResults/3c4f4289-cdca-4401-abe9-2e42d059130e?api-version=2022-11-15
  response:
    body:
      string: '{"status":"Enqueued"}'
    headers:
      cache-control:
      - no-store, no-cache
      content-length:
      - '21'
      content-type:
      - application/json
      date:
      - Fri, 14 Apr 2023 17:01:59 GMT
      location:
      - https://management.azure.com/subscriptions/00000000-0000-0000-0000-000000000000/resourceGroups/cli_test_cosmosdb_mongodb_collection_backupinfo000001/providers/Microsoft.DocumentDB/databaseAccounts/cli000004/mongodbDatabases/cli000003/collections/cli000002/retrieveContinuousBackupInformation/operationResults/3c4f4289-cdca-4401-abe9-2e42d059130e?api-version=2022-11-15
      pragma:
      - no-cache
      server:
      - Microsoft-HTTPAPI/2.0
      strict-transport-security:
      - max-age=31536000; includeSubDomains
      x-content-type-options:
      - nosniff
      x-ms-gatewayversion:
      - version=2.14.0
    status:
      code: 202
      message: Accepted
- request:
    body: null
    headers:
      Accept:
      - '*/*'
      Accept-Encoding:
      - gzip, deflate
      CommandName:
      - cosmosdb mongodb retrieve-latest-backup-time
      Connection:
      - keep-alive
      ParameterSetName:
      - -g -a -d -c -l
      User-Agent:
      - AZURECLI/2.47.0 azsdk-python-mgmt-cosmosdb/9.0.0 Python/3.10.11 (Windows-10-10.0.22621-SP0)
    method: GET
    uri: https://management.azure.com/subscriptions/00000000-0000-0000-0000-000000000000/resourceGroups/cli_test_cosmosdb_mongodb_collection_backupinfo000001/providers/Microsoft.DocumentDB/databaseAccounts/cli000004/mongodbDatabases/cli000003/collections/cli000002/retrieveContinuousBackupInformation/operationResults/3c4f4289-cdca-4401-abe9-2e42d059130e?api-version=2022-11-15
  response:
    body:
      string: '{"continuousBackupInformation":{"latestRestorableTimestamp":"4/14/2023
        5:02:04 PM"}}'
    headers:
      cache-control:
      - no-store, no-cache
      content-length:
      - '84'
      content-type:
      - application/json
      date:
      - Fri, 14 Apr 2023 17:02:29 GMT
      pragma:
      - no-cache
      server:
      - Microsoft-HTTPAPI/2.0
      strict-transport-security:
      - max-age=31536000; includeSubDomains
      x-content-type-options:
      - nosniff
      x-ms-gatewayversion:
      - version=2.14.0
    status:
      code: 200
      message: Ok
- request:
    body: null
    headers:
      Accept:
      - application/json
      Accept-Encoding:
      - gzip, deflate
      CommandName:
      - cosmosdb mongodb retrieve-latest-backup-time
      Connection:
      - keep-alive
      ParameterSetName:
      - -g -a -d -c -l
      User-Agent:
      - AZURECLI/2.47.0 azsdk-python-mgmt-cosmosdb/9.0.0 Python/3.10.11 (Windows-10-10.0.22621-SP0)
    method: GET
    uri: https://management.azure.com/subscriptions/00000000-0000-0000-0000-000000000000/resourceGroups/cli_test_cosmosdb_mongodb_collection_backupinfo000001/providers/Microsoft.DocumentDB/databaseAccounts/cli000004/mongodbDatabases/cli000003?api-version=2022-11-15
  response:
    body:
      string: '{"id":"/subscriptions/00000000-0000-0000-0000-000000000000/resourceGroups/cli_test_cosmosdb_mongodb_collection_backupinfo000001/providers/Microsoft.DocumentDB/databaseAccounts/cli000004/mongodbDatabases/cli000003","type":"Microsoft.DocumentDB/databaseAccounts/mongodbDatabases","name":"cli000003","properties":{"resource":{"id":"cli000003"}}}'
    headers:
      cache-control:
      - no-store, no-cache
      content-length:
      - '342'
      content-type:
      - application/json
      date:
      - Fri, 14 Apr 2023 17:02:30 GMT
      pragma:
      - no-cache
      server:
      - Microsoft-HTTPAPI/2.0
      strict-transport-security:
      - max-age=31536000; includeSubDomains
      transfer-encoding:
      - chunked
      vary:
      - Accept-Encoding
      x-content-type-options:
      - nosniff
      x-ms-gatewayversion:
      - version=2.14.0
    status:
      code: 200
      message: Ok
- request:
    body: null
    headers:
      Accept:
      - application/json
      Accept-Encoding:
      - gzip, deflate
      CommandName:
      - cosmosdb mongodb retrieve-latest-backup-time
      Connection:
      - keep-alive
      ParameterSetName:
      - -g -a -d -c -l
      User-Agent:
      - AZURECLI/2.47.0 azsdk-python-mgmt-cosmosdb/9.0.0 Python/3.10.11 (Windows-10-10.0.22621-SP0)
    method: GET
    uri: https://management.azure.com/subscriptions/00000000-0000-0000-0000-000000000000/resourceGroups/cli_test_cosmosdb_mongodb_collection_backupinfo000001/providers/Microsoft.DocumentDB/databaseAccounts/cli000004/mongodbDatabases/cli000003/collections/cli000002?api-version=2022-11-15
  response:
    body:
      string: '{"id":"/subscriptions/00000000-0000-0000-0000-000000000000/resourceGroups/cli_test_cosmosdb_mongodb_collection_backupinfo000001/providers/Microsoft.DocumentDB/databaseAccounts/cli000004/mongodbDatabases/cli000003/collections/cli000002","type":"Microsoft.DocumentDB/databaseAccounts/mongodbDatabases/collections","name":"cli000002","properties":{"resource":{"id":"cli000002","shardKey":{"theShardKey":"Hash"},"indexes":[{"key":{"keys":["_id"]}}]}}}'
    headers:
      cache-control:
      - no-store, no-cache
      content-length:
      - '447'
      content-type:
      - application/json
      date:
      - Fri, 14 Apr 2023 17:02:30 GMT
      pragma:
      - no-cache
      server:
      - Microsoft-HTTPAPI/2.0
      strict-transport-security:
      - max-age=31536000; includeSubDomains
      transfer-encoding:
      - chunked
      vary:
      - Accept-Encoding
      x-content-type-options:
      - nosniff
      x-ms-gatewayversion:
      - version=2.14.0
    status:
      code: 200
      message: Ok
- request:
    body: '{"location": "eastus2"}'
    headers:
      Accept:
      - application/json
      Accept-Encoding:
      - gzip, deflate
      CommandName:
      - cosmosdb mongodb retrieve-latest-backup-time
      Connection:
      - keep-alive
      Content-Length:
      - '23'
      Content-Type:
      - application/json
      ParameterSetName:
      - -g -a -d -c -l
      User-Agent:
      - AZURECLI/2.47.0 azsdk-python-mgmt-cosmosdb/9.0.0 Python/3.10.11 (Windows-10-10.0.22621-SP0)
    method: POST
    uri: https://management.azure.com/subscriptions/00000000-0000-0000-0000-000000000000/resourceGroups/cli_test_cosmosdb_mongodb_collection_backupinfo000001/providers/Microsoft.DocumentDB/databaseAccounts/cli000004/mongodbDatabases/cli000003/collections/cli000002/retrieveContinuousBackupInformation?api-version=2022-11-15
  response:
    body:
      string: '{"status":"Enqueued"}'
    headers:
      cache-control:
      - no-store, no-cache
      content-length:
      - '21'
      content-type:
      - application/json
      date:
      - Fri, 14 Apr 2023 17:02:31 GMT
      location:
      - https://management.azure.com/subscriptions/00000000-0000-0000-0000-000000000000/resourceGroups/cli_test_cosmosdb_mongodb_collection_backupinfo000001/providers/Microsoft.DocumentDB/databaseAccounts/cli000004/mongodbDatabases/cli000003/collections/cli000002/retrieveContinuousBackupInformation/operationResults/61b20303-551a-455e-b205-8efc16c11546?api-version=2022-11-15
      pragma:
      - no-cache
      server:
      - Microsoft-HTTPAPI/2.0
      strict-transport-security:
      - max-age=31536000; includeSubDomains
      x-content-type-options:
      - nosniff
      x-ms-gatewayversion:
      - version=2.14.0
      x-ms-ratelimit-remaining-subscription-writes:
      - '1199'
    status:
      code: 202
      message: Accepted
- request:
    body: null
    headers:
      Accept:
      - '*/*'
      Accept-Encoding:
      - gzip, deflate
      CommandName:
      - cosmosdb mongodb retrieve-latest-backup-time
      Connection:
      - keep-alive
      ParameterSetName:
      - -g -a -d -c -l
      User-Agent:
      - AZURECLI/2.47.0 azsdk-python-mgmt-cosmosdb/9.0.0 Python/3.10.11 (Windows-10-10.0.22621-SP0)
    method: GET
    uri: https://management.azure.com/subscriptions/00000000-0000-0000-0000-000000000000/resourceGroups/cli_test_cosmosdb_mongodb_collection_backupinfo000001/providers/Microsoft.DocumentDB/databaseAccounts/cli000004/mongodbDatabases/cli000003/collections/cli000002/retrieveContinuousBackupInformation/operationResults/61b20303-551a-455e-b205-8efc16c11546?api-version=2022-11-15
  response:
    body:
      string: '{"status":"Enqueued"}'
    headers:
      cache-control:
      - no-store, no-cache
      content-length:
      - '21'
      content-type:
      - application/json
      date:
      - Fri, 14 Apr 2023 17:02:31 GMT
      location:
      - https://management.azure.com/subscriptions/00000000-0000-0000-0000-000000000000/resourceGroups/cli_test_cosmosdb_mongodb_collection_backupinfo000001/providers/Microsoft.DocumentDB/databaseAccounts/cli000004/mongodbDatabases/cli000003/collections/cli000002/retrieveContinuousBackupInformation/operationResults/61b20303-551a-455e-b205-8efc16c11546?api-version=2022-11-15
      pragma:
      - no-cache
      server:
      - Microsoft-HTTPAPI/2.0
      strict-transport-security:
      - max-age=31536000; includeSubDomains
      x-content-type-options:
      - nosniff
      x-ms-gatewayversion:
      - version=2.14.0
    status:
      code: 202
      message: Accepted
- request:
    body: null
    headers:
      Accept:
      - '*/*'
      Accept-Encoding:
      - gzip, deflate
      CommandName:
      - cosmosdb mongodb retrieve-latest-backup-time
      Connection:
      - keep-alive
      ParameterSetName:
      - -g -a -d -c -l
      User-Agent:
      - AZURECLI/2.47.0 azsdk-python-mgmt-cosmosdb/9.0.0 Python/3.10.11 (Windows-10-10.0.22621-SP0)
    method: GET
    uri: https://management.azure.com/subscriptions/00000000-0000-0000-0000-000000000000/resourceGroups/cli_test_cosmosdb_mongodb_collection_backupinfo000001/providers/Microsoft.DocumentDB/databaseAccounts/cli000004/mongodbDatabases/cli000003/collections/cli000002/retrieveContinuousBackupInformation/operationResults/61b20303-551a-455e-b205-8efc16c11546?api-version=2022-11-15
  response:
    body:
      string: '{"continuousBackupInformation":{"latestRestorableTimestamp":"4/14/2023
        5:02:36 PM"}}'
    headers:
      cache-control:
      - no-store, no-cache
      content-length:
      - '84'
      content-type:
      - application/json
      date:
      - Fri, 14 Apr 2023 17:03:01 GMT
      pragma:
      - no-cache
      server:
      - Microsoft-HTTPAPI/2.0
      strict-transport-security:
      - max-age=31536000; includeSubDomains
      transfer-encoding:
      - chunked
      vary:
      - Accept-Encoding
      x-content-type-options:
      - nosniff
      x-ms-gatewayversion:
      - version=2.14.0
    status:
      code: 200
      message: Ok
version: 1
