interactions:
- request:
    body: '{"properties": {"resource": {"id": "cli000003"}, "options": {}}}'
    headers:
      Accept:
      - application/json
      Accept-Encoding:
      - gzip, deflate
      CommandName:
      - cosmosdb mongodb database create
      Connection:
      - keep-alive
      Content-Length:
      - '64'
      Content-Type:
      - application/json
      ParameterSetName:
      - -g -a -n
      User-Agent:
      - AZURECLI/2.50.0 azsdk-python-mgmt-cosmosdb/9.2.0 Python/3.10.11 (Windows-10-10.0.23506-SP0)
    method: PUT
    uri: https://management.azure.com/subscriptions/00000000-0000-0000-0000-000000000000/resourceGroups/cosmosTest/providers/Microsoft.DocumentDB/databaseAccounts/mergetest3/mongodbDatabases/cli000003?api-version=2023-04-15
  response:
    body:
      string: '{"status":"Enqueued"}'
    headers:
      azure-asyncoperation:
      - https://management.azure.com/subscriptions/00000000-0000-0000-0000-000000000000/providers/Microsoft.DocumentDB/locations/westus/operationsStatus/d5905f51-b2d9-419f-bbea-86afe0d91493?api-version=2023-04-15
      cache-control:
      - no-store, no-cache
      content-length:
      - '21'
      content-type:
      - application/json
      date:
      - Mon, 24 Jul 2023 19:58:39 GMT
      location:
      - https://management.azure.com/subscriptions/00000000-0000-0000-0000-000000000000/resourceGroups/cosmosTest/providers/Microsoft.DocumentDB/databaseAccounts/mergetest3/mongodbDatabases/cli000003/operationResults/d5905f51-b2d9-419f-bbea-86afe0d91493?api-version=2023-04-15
      pragma:
      - no-cache
      server:
      - Microsoft-HTTPAPI/2.0
      strict-transport-security:
      - max-age=31536000; includeSubDomains
      x-content-type-options:
      - nosniff
      x-ms-gatewayversion:
      - version=2.14.0
      x-ms-ratelimit-remaining-subscription-writes:
      - '1198'
    status:
      code: 202
      message: Accepted
- request:
    body: null
    headers:
      Accept:
      - '*/*'
      Accept-Encoding:
      - gzip, deflate
      CommandName:
      - cosmosdb mongodb database create
      Connection:
      - keep-alive
      ParameterSetName:
      - -g -a -n
      User-Agent:
      - AZURECLI/2.50.0 azsdk-python-mgmt-cosmosdb/9.2.0 Python/3.10.11 (Windows-10-10.0.23506-SP0)
    method: GET
    uri: https://management.azure.com/subscriptions/00000000-0000-0000-0000-000000000000/providers/Microsoft.DocumentDB/locations/westus/operationsStatus/d5905f51-b2d9-419f-bbea-86afe0d91493?api-version=2023-04-15
  response:
    body:
      string: '{"status":"Enqueued"}'
    headers:
      cache-control:
      - no-store, no-cache
      content-length:
      - '21'
      content-type:
      - application/json
      date:
      - Mon, 24 Jul 2023 19:58:40 GMT
      pragma:
      - no-cache
      server:
      - Microsoft-HTTPAPI/2.0
      strict-transport-security:
      - max-age=31536000; includeSubDomains
      transfer-encoding:
      - chunked
      vary:
      - Accept-Encoding
      x-content-type-options:
      - nosniff
      x-ms-gatewayversion:
      - version=2.14.0
    status:
      code: 200
      message: Ok
- request:
    body: null
    headers:
      Accept:
      - '*/*'
      Accept-Encoding:
      - gzip, deflate
      CommandName:
      - cosmosdb mongodb database create
      Connection:
      - keep-alive
      ParameterSetName:
      - -g -a -n
      User-Agent:
      - AZURECLI/2.50.0 azsdk-python-mgmt-cosmosdb/9.2.0 Python/3.10.11 (Windows-10-10.0.23506-SP0)
    method: GET
    uri: https://management.azure.com/subscriptions/00000000-0000-0000-0000-000000000000/providers/Microsoft.DocumentDB/locations/westus/operationsStatus/d5905f51-b2d9-419f-bbea-86afe0d91493?api-version=2023-04-15
  response:
    body:
      string: '{"status":"Succeeded"}'
    headers:
      cache-control:
      - no-store, no-cache
      content-length:
      - '22'
      content-type:
      - application/json
      date:
      - Mon, 24 Jul 2023 19:59:10 GMT
      pragma:
      - no-cache
      server:
      - Microsoft-HTTPAPI/2.0
      strict-transport-security:
      - max-age=31536000; includeSubDomains
      transfer-encoding:
      - chunked
      vary:
      - Accept-Encoding
      x-content-type-options:
      - nosniff
      x-ms-gatewayversion:
      - version=2.14.0
    status:
      code: 200
      message: Ok
- request:
    body: null
    headers:
      Accept:
      - '*/*'
      Accept-Encoding:
      - gzip, deflate
      CommandName:
      - cosmosdb mongodb database create
      Connection:
      - keep-alive
      ParameterSetName:
      - -g -a -n
      User-Agent:
      - AZURECLI/2.50.0 azsdk-python-mgmt-cosmosdb/9.2.0 Python/3.10.11 (Windows-10-10.0.23506-SP0)
    method: GET
    uri: https://management.azure.com/subscriptions/00000000-0000-0000-0000-000000000000/resourceGroups/cosmosTest/providers/Microsoft.DocumentDB/databaseAccounts/mergetest3/mongodbDatabases/cli000003?api-version=2023-04-15
  response:
    body:
      string: '{"id":"/subscriptions/00000000-0000-0000-0000-000000000000/resourceGroups/cosmosTest/providers/Microsoft.DocumentDB/databaseAccounts/mergetest3/mongodbDatabases/cli000003","type":"Microsoft.DocumentDB/databaseAccounts/mongodbDatabases","name":"cli000003","properties":{"resource":{"id":"cli000003"}}}'
    headers:
      cache-control:
      - no-store, no-cache
      content-length:
      - '300'
      content-type:
      - application/json
      date:
      - Mon, 24 Jul 2023 19:59:11 GMT
      pragma:
      - no-cache
      server:
      - Microsoft-HTTPAPI/2.0
      strict-transport-security:
      - max-age=31536000; includeSubDomains
      transfer-encoding:
      - chunked
      vary:
      - Accept-Encoding
      x-content-type-options:
      - nosniff
      x-ms-gatewayversion:
      - version=2.14.0
    status:
      code: 200
      message: Ok
- request:
    body: '{"properties": {"resource": {"id": "cli000002", "shardKey": {"theShardKey":
      "Hash"}}, "options": {"throughput": 20000}}}'
    headers:
      Accept:
      - application/json
      Accept-Encoding:
      - gzip, deflate
      CommandName:
      - cosmosdb mongodb collection create
      Connection:
      - keep-alive
      Content-Length:
      - '120'
      Content-Type:
      - application/json
      ParameterSetName:
      - -g -a -d -n --shard --throughput
      User-Agent:
      - AZURECLI/2.50.0 azsdk-python-mgmt-cosmosdb/9.2.0 Python/3.10.11 (Windows-10-10.0.23506-SP0)
    method: PUT
    uri: https://management.azure.com/subscriptions/00000000-0000-0000-0000-000000000000/resourceGroups/cosmosTest/providers/Microsoft.DocumentDB/databaseAccounts/mergetest3/mongodbDatabases/cli000003/collections/cli000002?api-version=2023-04-15
  response:
    body:
      string: '{"status":"Enqueued"}'
    headers:
      azure-asyncoperation:
      - https://management.azure.com/subscriptions/00000000-0000-0000-0000-000000000000/providers/Microsoft.DocumentDB/locations/westus/operationsStatus/2091acc8-0884-406d-945f-326f460689e1?api-version=2023-04-15
      cache-control:
      - no-store, no-cache
      content-length:
      - '21'
      content-type:
      - application/json
      date:
      - Mon, 24 Jul 2023 19:59:12 GMT
      location:
      - https://management.azure.com/subscriptions/00000000-0000-0000-0000-000000000000/resourceGroups/cosmosTest/providers/Microsoft.DocumentDB/databaseAccounts/mergetest3/mongodbDatabases/cli000003/collections/cli000002/operationResults/2091acc8-0884-406d-945f-326f460689e1?api-version=2023-04-15
      pragma:
      - no-cache
      server:
      - Microsoft-HTTPAPI/2.0
      strict-transport-security:
      - max-age=31536000; includeSubDomains
      x-content-type-options:
      - nosniff
      x-ms-gatewayversion:
      - version=2.14.0
      x-ms-ratelimit-remaining-subscription-writes:
      - '1199'
    status:
      code: 202
      message: Accepted
- request:
    body: null
    headers:
      Accept:
      - '*/*'
      Accept-Encoding:
      - gzip, deflate
      CommandName:
      - cosmosdb mongodb collection create
      Connection:
      - keep-alive
      ParameterSetName:
      - -g -a -d -n --shard --throughput
      User-Agent:
      - AZURECLI/2.50.0 azsdk-python-mgmt-cosmosdb/9.2.0 Python/3.10.11 (Windows-10-10.0.23506-SP0)
    method: GET
    uri: https://management.azure.com/subscriptions/00000000-0000-0000-0000-000000000000/providers/Microsoft.DocumentDB/locations/westus/operationsStatus/2091acc8-0884-406d-945f-326f460689e1?api-version=2023-04-15
  response:
    body:
      string: '{"status":"Enqueued"}'
    headers:
      cache-control:
      - no-store, no-cache
      content-length:
      - '21'
      content-type:
      - application/json
      date:
      - Mon, 24 Jul 2023 19:59:12 GMT
      pragma:
      - no-cache
      server:
      - Microsoft-HTTPAPI/2.0
      strict-transport-security:
      - max-age=31536000; includeSubDomains
      transfer-encoding:
      - chunked
      vary:
      - Accept-Encoding
      x-content-type-options:
      - nosniff
      x-ms-gatewayversion:
      - version=2.14.0
    status:
      code: 200
      message: Ok
- request:
    body: null
    headers:
      Accept:
      - '*/*'
      Accept-Encoding:
      - gzip, deflate
      CommandName:
      - cosmosdb mongodb collection create
      Connection:
      - keep-alive
      ParameterSetName:
      - -g -a -d -n --shard --throughput
      User-Agent:
      - AZURECLI/2.50.0 azsdk-python-mgmt-cosmosdb/9.2.0 Python/3.10.11 (Windows-10-10.0.23506-SP0)
    method: GET
    uri: https://management.azure.com/subscriptions/00000000-0000-0000-0000-000000000000/providers/Microsoft.DocumentDB/locations/westus/operationsStatus/2091acc8-0884-406d-945f-326f460689e1?api-version=2023-04-15
  response:
    body:
      string: '{"status":"Succeeded"}'
    headers:
      cache-control:
      - no-store, no-cache
      content-length:
      - '22'
      content-type:
      - application/json
      date:
      - Mon, 24 Jul 2023 19:59:43 GMT
      pragma:
      - no-cache
      server:
      - Microsoft-HTTPAPI/2.0
      strict-transport-security:
      - max-age=31536000; includeSubDomains
      transfer-encoding:
      - chunked
      vary:
      - Accept-Encoding
      x-content-type-options:
      - nosniff
      x-ms-gatewayversion:
      - version=2.14.0
    status:
      code: 200
      message: Ok
- request:
    body: null
    headers:
      Accept:
      - '*/*'
      Accept-Encoding:
      - gzip, deflate
      CommandName:
      - cosmosdb mongodb collection create
      Connection:
      - keep-alive
      ParameterSetName:
      - -g -a -d -n --shard --throughput
      User-Agent:
      - AZURECLI/2.50.0 azsdk-python-mgmt-cosmosdb/9.2.0 Python/3.10.11 (Windows-10-10.0.23506-SP0)
    method: GET
    uri: https://management.azure.com/subscriptions/00000000-0000-0000-0000-000000000000/resourceGroups/cosmosTest/providers/Microsoft.DocumentDB/databaseAccounts/mergetest3/mongodbDatabases/cli000003/collections/cli000002?api-version=2023-04-15
  response:
    body:
      string: '{"id":"/subscriptions/00000000-0000-0000-0000-000000000000/resourceGroups/cosmosTest/providers/Microsoft.DocumentDB/databaseAccounts/mergetest3/mongodbDatabases/cli000003/collections/cli000002","type":"Microsoft.DocumentDB/databaseAccounts/mongodbDatabases/collections","name":"cli000002","properties":{"resource":{"id":"cli000002","shardKey":{"theShardKey":"Hash"},"indexes":[{"key":{"keys":["_id"]}}]}}}'
    headers:
      cache-control:
      - no-store, no-cache
      content-length:
      - '405'
      content-type:
      - application/json
      date:
      - Mon, 24 Jul 2023 19:59:44 GMT
      pragma:
      - no-cache
      server:
      - Microsoft-HTTPAPI/2.0
      strict-transport-security:
      - max-age=31536000; includeSubDomains
      transfer-encoding:
      - chunked
      vary:
      - Accept-Encoding
      x-content-type-options:
      - nosniff
      x-ms-gatewayversion:
      - version=2.14.0
    status:
      code: 200
      message: Ok
- request:
    body: '{"properties": {"resource": {"throughput": 1000}}}'
    headers:
      Accept:
      - application/json
      Accept-Encoding:
      - gzip, deflate
      CommandName:
      - cosmosdb mongodb collection throughput update
      Connection:
      - keep-alive
      Content-Length:
      - '50'
      Content-Type:
      - application/json
      ParameterSetName:
      - -g -a -d -n --throughput
      User-Agent:
      - AZURECLI/2.50.0 azsdk-python-mgmt-cosmosdb/9.2.0 Python/3.10.11 (Windows-10-10.0.23506-SP0)
    method: PUT
    uri: https://management.azure.com/subscriptions/00000000-0000-0000-0000-000000000000/resourceGroups/cosmosTest/providers/Microsoft.DocumentDB/databaseAccounts/mergetest3/mongodbDatabases/cli000003/collections/cli000002/throughputSettings/default?api-version=2023-04-15
  response:
    body:
      string: '{"status":"Enqueued"}'
    headers:
      azure-asyncoperation:
      - https://management.azure.com/subscriptions/00000000-0000-0000-0000-000000000000/providers/Microsoft.DocumentDB/locations/westus/operationsStatus/8e42877c-5880-42db-a55e-346badf7c0e0?api-version=2023-04-15
      cache-control:
      - no-store, no-cache
      content-length:
      - '21'
      content-type:
      - application/json
      date:
      - Mon, 24 Jul 2023 19:59:45 GMT
      location:
      - https://management.azure.com/subscriptions/00000000-0000-0000-0000-000000000000/resourceGroups/cosmosTest/providers/Microsoft.DocumentDB/databaseAccounts/mergetest3/mongodbDatabases/cli000003/collections/cli000002/throughputSettings/default/operationResults/8e42877c-5880-42db-a55e-346badf7c0e0?api-version=2023-04-15
      pragma:
      - no-cache
      server:
      - Microsoft-HTTPAPI/2.0
      strict-transport-security:
      - max-age=31536000; includeSubDomains
      x-content-type-options:
      - nosniff
      x-ms-gatewayversion:
      - version=2.14.0
      x-ms-ratelimit-remaining-subscription-writes:
      - '1199'
    status:
      code: 202
      message: Accepted
- request:
    body: null
    headers:
      Accept:
      - '*/*'
      Accept-Encoding:
      - gzip, deflate
      CommandName:
      - cosmosdb mongodb collection throughput update
      Connection:
      - keep-alive
      ParameterSetName:
      - -g -a -d -n --throughput
      User-Agent:
      - AZURECLI/2.50.0 azsdk-python-mgmt-cosmosdb/9.2.0 Python/3.10.11 (Windows-10-10.0.23506-SP0)
    method: GET
    uri: https://management.azure.com/subscriptions/00000000-0000-0000-0000-000000000000/providers/Microsoft.DocumentDB/locations/westus/operationsStatus/8e42877c-5880-42db-a55e-346badf7c0e0?api-version=2023-04-15
  response:
    body:
      string: '{"status":"Enqueued"}'
    headers:
      cache-control:
      - no-store, no-cache
      content-length:
      - '21'
      content-type:
      - application/json
      date:
      - Mon, 24 Jul 2023 19:59:46 GMT
      pragma:
      - no-cache
      server:
      - Microsoft-HTTPAPI/2.0
      strict-transport-security:
      - max-age=31536000; includeSubDomains
      transfer-encoding:
      - chunked
      vary:
      - Accept-Encoding
      x-content-type-options:
      - nosniff
      x-ms-gatewayversion:
      - version=2.14.0
    status:
      code: 200
      message: Ok
- request:
    body: null
    headers:
      Accept:
      - '*/*'
      Accept-Encoding:
      - gzip, deflate
      CommandName:
      - cosmosdb mongodb collection throughput update
      Connection:
      - keep-alive
      ParameterSetName:
      - -g -a -d -n --throughput
      User-Agent:
      - AZURECLI/2.50.0 azsdk-python-mgmt-cosmosdb/9.2.0 Python/3.10.11 (Windows-10-10.0.23506-SP0)
    method: GET
    uri: https://management.azure.com/subscriptions/00000000-0000-0000-0000-000000000000/providers/Microsoft.DocumentDB/locations/westus/operationsStatus/8e42877c-5880-42db-a55e-346badf7c0e0?api-version=2023-04-15
  response:
    body:
      string: '{"status":"Succeeded"}'
    headers:
      cache-control:
      - no-store, no-cache
      content-length:
      - '22'
      content-type:
      - application/json
      date:
      - Mon, 24 Jul 2023 20:00:17 GMT
      pragma:
      - no-cache
      server:
      - Microsoft-HTTPAPI/2.0
      strict-transport-security:
      - max-age=31536000; includeSubDomains
      transfer-encoding:
      - chunked
      vary:
      - Accept-Encoding
      x-content-type-options:
      - nosniff
      x-ms-gatewayversion:
      - version=2.14.0
    status:
      code: 200
      message: Ok
- request:
    body: null
    headers:
      Accept:
      - '*/*'
      Accept-Encoding:
      - gzip, deflate
      CommandName:
      - cosmosdb mongodb collection throughput update
      Connection:
      - keep-alive
      ParameterSetName:
      - -g -a -d -n --throughput
      User-Agent:
      - AZURECLI/2.50.0 azsdk-python-mgmt-cosmosdb/9.2.0 Python/3.10.11 (Windows-10-10.0.23506-SP0)
    method: GET
    uri: https://management.azure.com/subscriptions/00000000-0000-0000-0000-000000000000/resourceGroups/cosmosTest/providers/Microsoft.DocumentDB/databaseAccounts/mergetest3/mongodbDatabases/cli000003/collections/cli000002/throughputSettings/default?api-version=2023-04-15
  response:
    body:
      string: '{"id":"/subscriptions/00000000-0000-0000-0000-000000000000/resourceGroups/cosmosTest/providers/Microsoft.DocumentDB/databaseAccounts/mergetest3/mongodbDatabases/cli000003/collections/cli000002/throughputSettings/default","type":"Microsoft.DocumentDB/databaseAccounts/mongodbDatabases/collections/throughputSettings","name":"RaNM","properties":{"resource":{"throughput":1000,"minimumThroughput":"400","softAllowedMaximumThroughput":"100000"}}}'
    headers:
      cache-control:
      - no-store, no-cache
      content-length:
      - '442'
      content-type:
      - application/json
      date:
      - Mon, 24 Jul 2023 20:00:17 GMT
      pragma:
      - no-cache
      server:
      - Microsoft-HTTPAPI/2.0
      strict-transport-security:
      - max-age=31536000; includeSubDomains
      transfer-encoding:
      - chunked
      vary:
      - Accept-Encoding
      x-content-type-options:
      - nosniff
      x-ms-gatewayversion:
      - version=2.14.0
    status:
      code: 200
      message: Ok
- request:
    body: null
    headers:
      Accept:
      - application/json
      Accept-Encoding:
      - gzip, deflate
      CommandName:
      - cosmosdb mongodb collection merge
      Connection:
      - keep-alive
      ParameterSetName:
      - -g -a -d -n
      User-Agent:
      - AZURECLI/2.50.0 azsdk-python-mgmt-cosmosdb/0.7.0 Python/3.10.11 (Windows-10-10.0.23506-SP0)
    method: GET
    uri: https://management.azure.com/subscriptions/00000000-0000-0000-0000-000000000000/resourceGroups/cosmosTest/providers/Microsoft.DocumentDB/databaseAccounts/mergetest3/mongodbDatabases/cli000003/collections/cli000002?api-version=2023-03-15-preview
  response:
    body:
      string: '{"id":"/subscriptions/00000000-0000-0000-0000-000000000000/resourceGroups/cosmosTest/providers/Microsoft.DocumentDB/databaseAccounts/mergetest3/mongodbDatabases/cli000003/collections/cli000002","type":"Microsoft.DocumentDB/databaseAccounts/mongodbDatabases/collections","name":"cli000002","properties":{"resource":{"id":"cli000002","shardKey":{"theShardKey":"Hash"},"indexes":[{"key":{"keys":["_id"]}}]}}}'
    headers:
      cache-control:
      - no-store, no-cache
      content-length:
      - '405'
      content-type:
      - application/json
      date:
      - Mon, 24 Jul 2023 20:00:18 GMT
      pragma:
      - no-cache
      server:
      - Microsoft-HTTPAPI/2.0
      strict-transport-security:
      - max-age=31536000; includeSubDomains
      transfer-encoding:
      - chunked
      vary:
      - Accept-Encoding
      x-content-type-options:
      - nosniff
      x-ms-gatewayversion:
      - version=2.14.0
    status:
      code: 200
      message: Ok
- request:
    body: '{"isDryRun": false}'
    headers:
      Accept:
      - application/json
      Accept-Encoding:
      - gzip, deflate
      CommandName:
      - cosmosdb mongodb collection merge
      Connection:
      - keep-alive
      Content-Length:
      - '19'
      Content-Type:
      - application/json
      ParameterSetName:
      - -g -a -d -n
      User-Agent:
      - AZURECLI/2.50.0 azsdk-python-mgmt-cosmosdb/0.7.0 Python/3.10.11 (Windows-10-10.0.23506-SP0)
    method: POST
    uri: https://management.azure.com/subscriptions/00000000-0000-0000-0000-000000000000/resourceGroups/cosmosTest/providers/Microsoft.DocumentDB/databaseAccounts/mergetest3/mongodbDatabases/cli000003/collections/cli000002/partitionMerge?api-version=2023-03-15-preview
  response:
    body:
      string: '{"status":"Enqueued"}'
    headers:
      cache-control:
      - no-store, no-cache
      content-length:
      - '21'
      content-type:
      - application/json
      date:
      - Mon, 24 Jul 2023 20:00:22 GMT
      location:
      - https://management.azure.com/subscriptions/00000000-0000-0000-0000-000000000000/resourceGroups/cosmosTest/providers/Microsoft.DocumentDB/databaseAccounts/mergetest3/mongodbDatabases/cli000003/collections/cli000002/partitionMerge/operationResults/f4db1775-58b1-4148-983e-9569d1332754?api-version=2023-03-15-preview
      pragma:
      - no-cache
      server:
      - Microsoft-HTTPAPI/2.0
      strict-transport-security:
      - max-age=31536000; includeSubDomains
      x-content-type-options:
      - nosniff
      x-ms-gatewayversion:
      - version=2.14.0
      x-ms-ratelimit-remaining-subscription-writes:
      - '1199'
    status:
      code: 202
      message: Accepted
- request:
    body: null
    headers:
      Accept:
      - '*/*'
      Accept-Encoding:
      - gzip, deflate
      CommandName:
      - cosmosdb mongodb collection merge
      Connection:
      - keep-alive
      ParameterSetName:
      - -g -a -d -n
      User-Agent:
      - AZURECLI/2.50.0 azsdk-python-mgmt-cosmosdb/0.7.0 Python/3.10.11 (Windows-10-10.0.23506-SP0)
    method: GET
    uri: https://management.azure.com/subscriptions/00000000-0000-0000-0000-000000000000/resourceGroups/cosmosTest/providers/Microsoft.DocumentDB/databaseAccounts/mergetest3/mongodbDatabases/cli000003/collections/cli000002/partitionMerge/operationResults/f4db1775-58b1-4148-983e-9569d1332754?api-version=2023-03-15-preview
  response:
    body:
      string: '{"status":"Enqueued"}'
    headers:
      cache-control:
      - no-store, no-cache
      content-length:
      - '21'
      content-type:
      - application/json
      date:
      - Mon, 24 Jul 2023 20:00:23 GMT
      location:
      - https://management.azure.com/subscriptions/00000000-0000-0000-0000-000000000000/resourceGroups/cosmosTest/providers/Microsoft.DocumentDB/databaseAccounts/mergetest3/mongodbDatabases/cli000003/collections/cli000002/partitionMerge/operationResults/f4db1775-58b1-4148-983e-9569d1332754?api-version=2023-03-15-preview
      pragma:
      - no-cache
      server:
      - Microsoft-HTTPAPI/2.0
      strict-transport-security:
      - max-age=31536000; includeSubDomains
      x-content-type-options:
      - nosniff
      x-ms-gatewayversion:
      - version=2.14.0
    status:
      code: 202
      message: Accepted
- request:
    body: null
    headers:
      Accept:
      - '*/*'
      Accept-Encoding:
      - gzip, deflate
      CommandName:
      - cosmosdb mongodb collection merge
      Connection:
      - keep-alive
      ParameterSetName:
      - -g -a -d -n
      User-Agent:
      - AZURECLI/2.50.0 azsdk-python-mgmt-cosmosdb/0.7.0 Python/3.10.11 (Windows-10-10.0.23506-SP0)
    method: GET
    uri: https://management.azure.com/subscriptions/00000000-0000-0000-0000-000000000000/resourceGroups/cosmosTest/providers/Microsoft.DocumentDB/databaseAccounts/mergetest3/mongodbDatabases/cli000003/collections/cli000002/partitionMerge/operationResults/f4db1775-58b1-4148-983e-9569d1332754?api-version=2023-03-15-preview
  response:
    body:
      string: '{"status":"Dequeued"}'
    headers:
      cache-control:
      - no-store, no-cache
      content-length:
      - '21'
      content-type:
      - application/json
      date:
      - Mon, 24 Jul 2023 20:00:54 GMT
      location:
      - https://management.azure.com/subscriptions/00000000-0000-0000-0000-000000000000/resourceGroups/cosmosTest/providers/Microsoft.DocumentDB/databaseAccounts/mergetest3/mongodbDatabases/cli000003/collections/cli000002/partitionMerge/operationResults/f4db1775-58b1-4148-983e-9569d1332754?api-version=2023-03-15-preview
      pragma:
      - no-cache
      server:
      - Microsoft-HTTPAPI/2.0
      strict-transport-security:
      - max-age=31536000; includeSubDomains
      x-content-type-options:
      - nosniff
      x-ms-gatewayversion:
      - version=2.14.0
    status:
      code: 202
      message: Accepted
- request:
    body: null
    headers:
      Accept:
      - '*/*'
      Accept-Encoding:
      - gzip, deflate
      CommandName:
      - cosmosdb mongodb collection merge
      Connection:
      - keep-alive
      ParameterSetName:
      - -g -a -d -n
      User-Agent:
      - AZURECLI/2.50.0 azsdk-python-mgmt-cosmosdb/0.7.0 Python/3.10.11 (Windows-10-10.0.23506-SP0)
    method: GET
    uri: https://management.azure.com/subscriptions/00000000-0000-0000-0000-000000000000/resourceGroups/cosmosTest/providers/Microsoft.DocumentDB/databaseAccounts/mergetest3/mongodbDatabases/cli000003/collections/cli000002/partitionMerge/operationResults/f4db1775-58b1-4148-983e-9569d1332754?api-version=2023-03-15-preview
  response:
    body:
      string: '{"status":"Dequeued"}'
    headers:
      cache-control:
      - no-store, no-cache
      content-length:
      - '21'
      content-type:
      - application/json
      date:
      - Mon, 24 Jul 2023 20:01:24 GMT
      location:
      - https://management.azure.com/subscriptions/00000000-0000-0000-0000-000000000000/resourceGroups/cosmosTest/providers/Microsoft.DocumentDB/databaseAccounts/mergetest3/mongodbDatabases/cli000003/collections/cli000002/partitionMerge/operationResults/f4db1775-58b1-4148-983e-9569d1332754?api-version=2023-03-15-preview
      pragma:
      - no-cache
      server:
      - Microsoft-HTTPAPI/2.0
      strict-transport-security:
      - max-age=31536000; includeSubDomains
      x-content-type-options:
      - nosniff
      x-ms-gatewayversion:
      - version=2.14.0
    status:
      code: 202
      message: Accepted
- request:
    body: null
    headers:
      Accept:
      - '*/*'
      Accept-Encoding:
      - gzip, deflate
      CommandName:
      - cosmosdb mongodb collection merge
      Connection:
      - keep-alive
      ParameterSetName:
      - -g -a -d -n
      User-Agent:
      - AZURECLI/2.50.0 azsdk-python-mgmt-cosmosdb/0.7.0 Python/3.10.11 (Windows-10-10.0.23506-SP0)
    method: GET
    uri: https://management.azure.com/subscriptions/00000000-0000-0000-0000-000000000000/resourceGroups/cosmosTest/providers/Microsoft.DocumentDB/databaseAccounts/mergetest3/mongodbDatabases/cli000003/collections/cli000002/partitionMerge/operationResults/f4db1775-58b1-4148-983e-9569d1332754?api-version=2023-03-15-preview
  response:
    body:
      string: '{"status":"Dequeued"}'
    headers:
      cache-control:
      - no-store, no-cache
      content-length:
      - '21'
      content-type:
      - application/json
      date:
      - Mon, 24 Jul 2023 20:01:54 GMT
      location:
      - https://management.azure.com/subscriptions/00000000-0000-0000-0000-000000000000/resourceGroups/cosmosTest/providers/Microsoft.DocumentDB/databaseAccounts/mergetest3/mongodbDatabases/cli000003/collections/cli000002/partitionMerge/operationResults/f4db1775-58b1-4148-983e-9569d1332754?api-version=2023-03-15-preview
      pragma:
      - no-cache
      server:
      - Microsoft-HTTPAPI/2.0
      strict-transport-security:
      - max-age=31536000; includeSubDomains
      x-content-type-options:
      - nosniff
      x-ms-gatewayversion:
      - version=2.14.0
    status:
      code: 202
      message: Accepted
- request:
    body: null
    headers:
      Accept:
      - '*/*'
      Accept-Encoding:
      - gzip, deflate
      CommandName:
      - cosmosdb mongodb collection merge
      Connection:
      - keep-alive
      ParameterSetName:
      - -g -a -d -n
      User-Agent:
      - AZURECLI/2.50.0 azsdk-python-mgmt-cosmosdb/0.7.0 Python/3.10.11 (Windows-10-10.0.23506-SP0)
    method: GET
    uri: https://management.azure.com/subscriptions/00000000-0000-0000-0000-000000000000/resourceGroups/cosmosTest/providers/Microsoft.DocumentDB/databaseAccounts/mergetest3/mongodbDatabases/cli000003/collections/cli000002/partitionMerge/operationResults/f4db1775-58b1-4148-983e-9569d1332754?api-version=2023-03-15-preview
  response:
    body:
      string: '{"status":"Dequeued"}'
    headers:
      cache-control:
      - no-store, no-cache
      content-length:
      - '21'
      content-type:
      - application/json
      date:
      - Mon, 24 Jul 2023 20:02:25 GMT
      location:
      - https://management.azure.com/subscriptions/00000000-0000-0000-0000-000000000000/resourceGroups/cosmosTest/providers/Microsoft.DocumentDB/databaseAccounts/mergetest3/mongodbDatabases/cli000003/collections/cli000002/partitionMerge/operationResults/f4db1775-58b1-4148-983e-9569d1332754?api-version=2023-03-15-preview
      pragma:
      - no-cache
      server:
      - Microsoft-HTTPAPI/2.0
      strict-transport-security:
      - max-age=31536000; includeSubDomains
      x-content-type-options:
      - nosniff
      x-ms-gatewayversion:
      - version=2.14.0
    status:
      code: 202
      message: Accepted
- request:
    body: null
    headers:
      Accept:
      - '*/*'
      Accept-Encoding:
      - gzip, deflate
      CommandName:
      - cosmosdb mongodb collection merge
      Connection:
      - keep-alive
      ParameterSetName:
      - -g -a -d -n
      User-Agent:
      - AZURECLI/2.50.0 azsdk-python-mgmt-cosmosdb/0.7.0 Python/3.10.11 (Windows-10-10.0.23506-SP0)
    method: GET
    uri: https://management.azure.com/subscriptions/00000000-0000-0000-0000-000000000000/resourceGroups/cosmosTest/providers/Microsoft.DocumentDB/databaseAccounts/mergetest3/mongodbDatabases/cli000003/collections/cli000002/partitionMerge/operationResults/f4db1775-58b1-4148-983e-9569d1332754?api-version=2023-03-15-preview
  response:
    body:
      string: '{"status":"Dequeued"}'
    headers:
      cache-control:
      - no-store, no-cache
      content-length:
      - '21'
      content-type:
      - application/json
      date:
      - Mon, 24 Jul 2023 20:02:55 GMT
      location:
      - https://management.azure.com/subscriptions/00000000-0000-0000-0000-000000000000/resourceGroups/cosmosTest/providers/Microsoft.DocumentDB/databaseAccounts/mergetest3/mongodbDatabases/cli000003/collections/cli000002/partitionMerge/operationResults/f4db1775-58b1-4148-983e-9569d1332754?api-version=2023-03-15-preview
      pragma:
      - no-cache
      server:
      - Microsoft-HTTPAPI/2.0
      strict-transport-security:
      - max-age=31536000; includeSubDomains
      x-content-type-options:
      - nosniff
      x-ms-gatewayversion:
      - version=2.14.0
    status:
      code: 202
      message: Accepted
- request:
    body: null
    headers:
      Accept:
      - '*/*'
      Accept-Encoding:
      - gzip, deflate
      CommandName:
      - cosmosdb mongodb collection merge
      Connection:
      - keep-alive
      ParameterSetName:
      - -g -a -d -n
      User-Agent:
      - AZURECLI/2.50.0 azsdk-python-mgmt-cosmosdb/0.7.0 Python/3.10.11 (Windows-10-10.0.23506-SP0)
    method: GET
    uri: https://management.azure.com/subscriptions/00000000-0000-0000-0000-000000000000/resourceGroups/cosmosTest/providers/Microsoft.DocumentDB/databaseAccounts/mergetest3/mongodbDatabases/cli000003/collections/cli000002/partitionMerge/operationResults/f4db1775-58b1-4148-983e-9569d1332754?api-version=2023-03-15-preview
  response:
    body:
      string: '{"status":"Dequeued"}'
    headers:
      cache-control:
      - no-store, no-cache
      content-length:
      - '21'
      content-type:
      - application/json
      date:
      - Mon, 24 Jul 2023 20:03:26 GMT
      location:
      - https://management.azure.com/subscriptions/00000000-0000-0000-0000-000000000000/resourceGroups/cosmosTest/providers/Microsoft.DocumentDB/databaseAccounts/mergetest3/mongodbDatabases/cli000003/collections/cli000002/partitionMerge/operationResults/f4db1775-58b1-4148-983e-9569d1332754?api-version=2023-03-15-preview
      pragma:
      - no-cache
      server:
      - Microsoft-HTTPAPI/2.0
      strict-transport-security:
      - max-age=31536000; includeSubDomains
      x-content-type-options:
      - nosniff
      x-ms-gatewayversion:
      - version=2.14.0
    status:
      code: 202
      message: Accepted
- request:
    body: null
    headers:
      Accept:
      - '*/*'
      Accept-Encoding:
      - gzip, deflate
      CommandName:
      - cosmosdb mongodb collection merge
      Connection:
      - keep-alive
      ParameterSetName:
      - -g -a -d -n
      User-Agent:
      - AZURECLI/2.50.0 azsdk-python-mgmt-cosmosdb/0.7.0 Python/3.10.11 (Windows-10-10.0.23506-SP0)
    method: GET
    uri: https://management.azure.com/subscriptions/00000000-0000-0000-0000-000000000000/resourceGroups/cosmosTest/providers/Microsoft.DocumentDB/databaseAccounts/mergetest3/mongodbDatabases/cli000003/collections/cli000002/partitionMerge/operationResults/f4db1775-58b1-4148-983e-9569d1332754?api-version=2023-03-15-preview
  response:
    body:
      string: '{"status":"Dequeued"}'
    headers:
      cache-control:
      - no-store, no-cache
      content-length:
      - '21'
      content-type:
      - application/json
      date:
      - Mon, 24 Jul 2023 20:03:56 GMT
      location:
      - https://management.azure.com/subscriptions/00000000-0000-0000-0000-000000000000/resourceGroups/cosmosTest/providers/Microsoft.DocumentDB/databaseAccounts/mergetest3/mongodbDatabases/cli000003/collections/cli000002/partitionMerge/operationResults/f4db1775-58b1-4148-983e-9569d1332754?api-version=2023-03-15-preview
      pragma:
      - no-cache
      server:
      - Microsoft-HTTPAPI/2.0
      strict-transport-security:
      - max-age=31536000; includeSubDomains
      x-content-type-options:
      - nosniff
      x-ms-gatewayversion:
      - version=2.14.0
    status:
      code: 202
      message: Accepted
- request:
    body: null
    headers:
      Accept:
      - '*/*'
      Accept-Encoding:
      - gzip, deflate
      CommandName:
      - cosmosdb mongodb collection merge
      Connection:
      - keep-alive
      ParameterSetName:
      - -g -a -d -n
      User-Agent:
      - AZURECLI/2.50.0 azsdk-python-mgmt-cosmosdb/0.7.0 Python/3.10.11 (Windows-10-10.0.23506-SP0)
    method: GET
    uri: https://management.azure.com/subscriptions/00000000-0000-0000-0000-000000000000/resourceGroups/cosmosTest/providers/Microsoft.DocumentDB/databaseAccounts/mergetest3/mongodbDatabases/cli000003/collections/cli000002/partitionMerge/operationResults/f4db1775-58b1-4148-983e-9569d1332754?api-version=2023-03-15-preview
  response:
    body:
      string: '{"status":"Dequeued"}'
    headers:
      cache-control:
      - no-store, no-cache
      content-length:
      - '21'
      content-type:
      - application/json
      date:
      - Mon, 24 Jul 2023 20:04:26 GMT
      location:
      - https://management.azure.com/subscriptions/00000000-0000-0000-0000-000000000000/resourceGroups/cosmosTest/providers/Microsoft.DocumentDB/databaseAccounts/mergetest3/mongodbDatabases/cli000003/collections/cli000002/partitionMerge/operationResults/f4db1775-58b1-4148-983e-9569d1332754?api-version=2023-03-15-preview
      pragma:
      - no-cache
      server:
      - Microsoft-HTTPAPI/2.0
      strict-transport-security:
      - max-age=31536000; includeSubDomains
      x-content-type-options:
      - nosniff
      x-ms-gatewayversion:
      - version=2.14.0
    status:
      code: 202
      message: Accepted
- request:
    body: null
    headers:
      Accept:
      - '*/*'
      Accept-Encoding:
      - gzip, deflate
      CommandName:
      - cosmosdb mongodb collection merge
      Connection:
      - keep-alive
      ParameterSetName:
      - -g -a -d -n
      User-Agent:
      - AZURECLI/2.50.0 azsdk-python-mgmt-cosmosdb/0.7.0 Python/3.10.11 (Windows-10-10.0.23506-SP0)
    method: GET
    uri: https://management.azure.com/subscriptions/00000000-0000-0000-0000-000000000000/resourceGroups/cosmosTest/providers/Microsoft.DocumentDB/databaseAccounts/mergetest3/mongodbDatabases/cli000003/collections/cli000002/partitionMerge/operationResults/f4db1775-58b1-4148-983e-9569d1332754?api-version=2023-03-15-preview
  response:
    body:
      string: '{"physicalPartitionStorageInfoCollection":[{"storageInKB":0.0,"id":"4"}]}'
    headers:
      cache-control:
      - no-store, no-cache
      content-length:
      - '73'
      content-type:
      - application/json
      date:
      - Mon, 24 Jul 2023 20:04:57 GMT
      pragma:
      - no-cache
      server:
      - Microsoft-HTTPAPI/2.0
      strict-transport-security:
      - max-age=31536000; includeSubDomains
      transfer-encoding:
      - chunked
      vary:
      - Accept-Encoding
      x-content-type-options:
      - nosniff
      x-ms-gatewayversion:
      - version=2.14.0
    status:
      code: 200
      message: Ok
version: 1
