interactions:
- request:
    body: null
    headers:
      Accept:
      - application/json
      Accept-Encoding:
      - gzip, deflate
      CommandName:
      - cosmosdb create
      Connection:
      - keep-alive
      ParameterSetName:
      - -n -g --capabilities --backup-policy-type --locations
      User-Agent:
      - AZURECLI/2.47.0 azsdk-python-azure-mgmt-resource/22.0.0 Python/3.10.2 (Windows-10-10.0.19045-SP0)
    method: GET
    uri: https://management.azure.com/subscriptions/00000000-0000-0000-0000-000000000000/resourcegroups/cli_test_cosmosdb_gremlin_database000001?api-version=2022-09-01
  response:
    body:
      string: '{"id":"/subscriptions/00000000-0000-0000-0000-000000000000/resourceGroups/cli_test_cosmosdb_gremlin_database000001","name":"cli_test_cosmosdb_gremlin_database000001","type":"Microsoft.Resources/resourceGroups","location":"westus","tags":{"product":"azurecli","cause":"automation","date":"2023-04-17T21:14:23Z"},"properties":{"provisioningState":"Succeeded"}}'
    headers:
      cache-control:
      - no-cache
      content-length:
      - '358'
      content-type:
      - application/json; charset=utf-8
      date:
      - Mon, 17 Apr 2023 21:14:24 GMT
      expires:
      - '-1'
      pragma:
      - no-cache
      strict-transport-security:
      - max-age=31536000; includeSubDomains
      vary:
      - Accept-Encoding
      x-content-type-options:
      - nosniff
    status:
      code: 200
      message: OK
- request:
    body: '{"location": "westus", "kind": "GlobalDocumentDB", "properties": {"locations":
      [{"locationName": "WestUS", "failoverPriority": 0, "isZoneRedundant": false}],
      "databaseAccountOfferType": "Standard", "capabilities": [{"name": "EnableGremlin"}],
      "apiProperties": {}, "createMode": "Default", "backupPolicy": {"type": "Continuous",
      "continuousModeProperties": {"tier": "Continuous30Days"}}}}'
    headers:
      Accept:
      - application/json
      Accept-Encoding:
      - gzip, deflate
      CommandName:
      - cosmosdb create
      Connection:
      - keep-alive
      Content-Length:
      - '387'
      Content-Type:
      - application/json
      ParameterSetName:
      - -n -g --capabilities --backup-policy-type --locations
      User-Agent:
      - AZURECLI/2.47.0 azsdk-python-mgmt-cosmosdb/0.7.0 Python/3.10.2 (Windows-10-10.0.19045-SP0)
    method: PUT
    uri: https://management.azure.com/subscriptions/00000000-0000-0000-0000-000000000000/resourceGroups/cli_test_cosmosdb_gremlin_database000001/providers/Microsoft.DocumentDB/databaseAccounts/cli000003?api-version=2023-03-01-preview
  response:
    body:
      string: '{"id":"/subscriptions/00000000-0000-0000-0000-000000000000/resourceGroups/cli_test_cosmosdb_gremlin_database000001/providers/Microsoft.DocumentDB/databaseAccounts/cli000003","name":"cli000003","location":"West
        US","type":"Microsoft.DocumentDB/databaseAccounts","kind":"GlobalDocumentDB","tags":{},"systemData":{"createdAt":"2023-04-17T21:14:29.898344Z"},"properties":{"provisioningState":"Creating","publicNetworkAccess":"Enabled","enableAutomaticFailover":false,"enableMultipleWriteLocations":false,"enablePartitionKeyMonitor":false,"isVirtualNetworkFilterEnabled":false,"virtualNetworkRules":[],"EnabledApiTypes":"Gremlin,
        Sql","disableKeyBasedMetadataWriteAccess":false,"enableFreeTier":false,"enableAnalyticalStorage":false,"analyticalStorageConfiguration":{"schemaType":"WellDefined"},"instanceId":"f3600e75-06dd-4c40-8c09-d5eafba4490b","createMode":"Default","databaseAccountOfferType":"Standard","enableCassandraConnector":false,"connectorOffer":"","enableMaterializedViews":false,"defaultIdentity":"","networkAclBypass":"None","disableLocalAuth":false,"enablePartitionMerge":false,"enableBurstCapacity":false,"minimalTlsVersion":"Tls","consistencyPolicy":{"defaultConsistencyLevel":"Session","maxIntervalInSeconds":5,"maxStalenessPrefix":100},"configurationOverrides":{},"writeLocations":[{"id":"cli000003-westus","locationName":"West
        US","provisioningState":"Creating","failoverPriority":0,"isZoneRedundant":false}],"readLocations":[{"id":"cli000003-westus","locationName":"West
        US","provisioningState":"Creating","failoverPriority":0,"isZoneRedundant":false}],"locations":[{"id":"cli000003-westus","locationName":"West
        US","provisioningState":"Creating","failoverPriority":0,"isZoneRedundant":false}],"failoverPolicies":[{"id":"cli000003-westus","locationName":"West
        US","failoverPriority":0}],"cors":[],"capabilities":[{"name":"EnableGremlin"}],"ipRules":[],"backupPolicy":{"type":"Continuous","continuousModeProperties":{"tier":"Continuous30Days"}},"networkAclBypassResourceIds":[],"diagnosticLogSettings":{"enableFullTextQuery":"None"},"keysMetadata":{"primaryMasterKey":{"generationTime":"2023-04-17T21:14:29.898344Z"},"secondaryMasterKey":{"generationTime":"2023-04-17T21:14:29.898344Z"},"primaryReadonlyMasterKey":{"generationTime":"2023-04-17T21:14:29.898344Z"},"secondaryReadonlyMasterKey":{"generationTime":"2023-04-17T21:14:29.898344Z"}}},"identity":{"type":"None"}}'
    headers:
      azure-asyncoperation:
      - https://management.azure.com/subscriptions/00000000-0000-0000-0000-000000000000/providers/Microsoft.DocumentDB/locations/westus/operationsStatus/3c80c854-dc5a-48ec-84fa-4b8586465f33?api-version=2023-03-01-preview
      cache-control:
      - no-store, no-cache
      content-length:
      - '2386'
      content-type:
      - application/json
      date:
      - Mon, 17 Apr 2023 21:14:32 GMT
      location:
      - https://management.azure.com/subscriptions/00000000-0000-0000-0000-000000000000/resourceGroups/cli_test_cosmosdb_gremlin_database000001/providers/Microsoft.DocumentDB/databaseAccounts/cli000003/operationResults/3c80c854-dc5a-48ec-84fa-4b8586465f33?api-version=2023-03-01-preview
      pragma:
      - no-cache
      server:
      - Microsoft-HTTPAPI/2.0
      strict-transport-security:
      - max-age=31536000; includeSubDomains
      transfer-encoding:
      - chunked
      vary:
      - Accept-Encoding
      x-content-type-options:
      - nosniff
      x-ms-gatewayversion:
      - version=2.14.0
      x-ms-ratelimit-remaining-subscription-writes:
      - '1199'
    status:
      code: 200
      message: Ok
- request:
    body: null
    headers:
      Accept:
      - '*/*'
      Accept-Encoding:
      - gzip, deflate
      CommandName:
      - cosmosdb create
      Connection:
      - keep-alive
      ParameterSetName:
      - -n -g --capabilities --backup-policy-type --locations
      User-Agent:
      - AZURECLI/2.47.0 azsdk-python-mgmt-cosmosdb/0.7.0 Python/3.10.2 (Windows-10-10.0.19045-SP0)
    method: GET
    uri: https://management.azure.com/subscriptions/00000000-0000-0000-0000-000000000000/providers/Microsoft.DocumentDB/locations/westus/operationsStatus/3c80c854-dc5a-48ec-84fa-4b8586465f33?api-version=2023-03-01-preview
  response:
    body:
      string: '{"status":"Enqueued"}'
    headers:
      cache-control:
      - no-store, no-cache
      content-length:
      - '21'
      content-type:
      - application/json
      date:
      - Mon, 17 Apr 2023 21:14:32 GMT
      pragma:
      - no-cache
      server:
      - Microsoft-HTTPAPI/2.0
      strict-transport-security:
      - max-age=31536000; includeSubDomains
      transfer-encoding:
      - chunked
      vary:
      - Accept-Encoding
      x-content-type-options:
      - nosniff
      x-ms-gatewayversion:
      - version=2.14.0
    status:
      code: 200
      message: Ok
- request:
    body: null
    headers:
      Accept:
      - '*/*'
      Accept-Encoding:
      - gzip, deflate
      CommandName:
      - cosmosdb create
      Connection:
      - keep-alive
      ParameterSetName:
      - -n -g --capabilities --backup-policy-type --locations
      User-Agent:
      - AZURECLI/2.47.0 azsdk-python-mgmt-cosmosdb/0.7.0 Python/3.10.2 (Windows-10-10.0.19045-SP0)
    method: GET
    uri: https://management.azure.com/subscriptions/00000000-0000-0000-0000-000000000000/providers/Microsoft.DocumentDB/locations/westus/operationsStatus/3c80c854-dc5a-48ec-84fa-4b8586465f33?api-version=2023-03-01-preview
  response:
    body:
      string: '{"status":"Dequeued"}'
    headers:
      cache-control:
      - no-store, no-cache
      content-length:
      - '21'
      content-type:
      - application/json
      date:
      - Mon, 17 Apr 2023 21:15:02 GMT
      pragma:
      - no-cache
      server:
      - Microsoft-HTTPAPI/2.0
      strict-transport-security:
      - max-age=31536000; includeSubDomains
      transfer-encoding:
      - chunked
      vary:
      - Accept-Encoding
      x-content-type-options:
      - nosniff
      x-ms-gatewayversion:
      - version=2.14.0
    status:
      code: 200
      message: Ok
- request:
    body: null
    headers:
      Accept:
      - '*/*'
      Accept-Encoding:
      - gzip, deflate
      CommandName:
      - cosmosdb create
      Connection:
      - keep-alive
      ParameterSetName:
      - -n -g --capabilities --backup-policy-type --locations
      User-Agent:
      - AZURECLI/2.47.0 azsdk-python-mgmt-cosmosdb/0.7.0 Python/3.10.2 (Windows-10-10.0.19045-SP0)
    method: GET
    uri: https://management.azure.com/subscriptions/00000000-0000-0000-0000-000000000000/providers/Microsoft.DocumentDB/locations/westus/operationsStatus/3c80c854-dc5a-48ec-84fa-4b8586465f33?api-version=2023-03-01-preview
  response:
    body:
      string: '{"status":"Dequeued"}'
    headers:
      cache-control:
      - no-store, no-cache
      content-length:
      - '21'
      content-type:
      - application/json
      date:
      - Mon, 17 Apr 2023 21:15:32 GMT
      pragma:
      - no-cache
      server:
      - Microsoft-HTTPAPI/2.0
      strict-transport-security:
      - max-age=31536000; includeSubDomains
      transfer-encoding:
      - chunked
      vary:
      - Accept-Encoding
      x-content-type-options:
      - nosniff
      x-ms-gatewayversion:
      - version=2.14.0
    status:
      code: 200
      message: Ok
- request:
    body: null
    headers:
      Accept:
      - '*/*'
      Accept-Encoding:
      - gzip, deflate
      CommandName:
      - cosmosdb create
      Connection:
      - keep-alive
      ParameterSetName:
      - -n -g --capabilities --backup-policy-type --locations
      User-Agent:
      - AZURECLI/2.47.0 azsdk-python-mgmt-cosmosdb/0.7.0 Python/3.10.2 (Windows-10-10.0.19045-SP0)
    method: GET
    uri: https://management.azure.com/subscriptions/00000000-0000-0000-0000-000000000000/providers/Microsoft.DocumentDB/locations/westus/operationsStatus/3c80c854-dc5a-48ec-84fa-4b8586465f33?api-version=2023-03-01-preview
  response:
    body:
      string: '{"status":"Dequeued"}'
    headers:
      cache-control:
      - no-store, no-cache
      content-length:
      - '21'
      content-type:
      - application/json
      date:
      - Mon, 17 Apr 2023 21:16:03 GMT
      pragma:
      - no-cache
      server:
      - Microsoft-HTTPAPI/2.0
      strict-transport-security:
      - max-age=31536000; includeSubDomains
      transfer-encoding:
      - chunked
      vary:
      - Accept-Encoding
      x-content-type-options:
      - nosniff
      x-ms-gatewayversion:
      - version=2.14.0
    status:
      code: 200
      message: Ok
- request:
    body: null
    headers:
      Accept:
      - '*/*'
      Accept-Encoding:
      - gzip, deflate
      CommandName:
      - cosmosdb create
      Connection:
      - keep-alive
      ParameterSetName:
      - -n -g --capabilities --backup-policy-type --locations
      User-Agent:
      - AZURECLI/2.47.0 azsdk-python-mgmt-cosmosdb/0.7.0 Python/3.10.2 (Windows-10-10.0.19045-SP0)
    method: GET
    uri: https://management.azure.com/subscriptions/00000000-0000-0000-0000-000000000000/providers/Microsoft.DocumentDB/locations/westus/operationsStatus/3c80c854-dc5a-48ec-84fa-4b8586465f33?api-version=2023-03-01-preview
  response:
    body:
      string: '{"status":"Dequeued"}'
    headers:
      cache-control:
      - no-store, no-cache
      content-length:
      - '21'
      content-type:
      - application/json
      date:
      - Mon, 17 Apr 2023 21:16:33 GMT
      pragma:
      - no-cache
      server:
      - Microsoft-HTTPAPI/2.0
      strict-transport-security:
      - max-age=31536000; includeSubDomains
      transfer-encoding:
      - chunked
      vary:
      - Accept-Encoding
      x-content-type-options:
      - nosniff
      x-ms-gatewayversion:
      - version=2.14.0
    status:
      code: 200
      message: Ok
- request:
    body: null
    headers:
      Accept:
      - '*/*'
      Accept-Encoding:
      - gzip, deflate
      CommandName:
      - cosmosdb create
      Connection:
      - keep-alive
      ParameterSetName:
      - -n -g --capabilities --backup-policy-type --locations
      User-Agent:
      - AZURECLI/2.47.0 azsdk-python-mgmt-cosmosdb/0.7.0 Python/3.10.2 (Windows-10-10.0.19045-SP0)
    method: GET
    uri: https://management.azure.com/subscriptions/00000000-0000-0000-0000-000000000000/providers/Microsoft.DocumentDB/locations/westus/operationsStatus/3c80c854-dc5a-48ec-84fa-4b8586465f33?api-version=2023-03-01-preview
  response:
    body:
      string: '{"status":"Dequeued"}'
    headers:
      cache-control:
      - no-store, no-cache
      content-length:
      - '21'
      content-type:
      - application/json
      date:
      - Mon, 17 Apr 2023 21:17:03 GMT
      pragma:
      - no-cache
      server:
      - Microsoft-HTTPAPI/2.0
      strict-transport-security:
      - max-age=31536000; includeSubDomains
      transfer-encoding:
      - chunked
      vary:
      - Accept-Encoding
      x-content-type-options:
      - nosniff
      x-ms-gatewayversion:
      - version=2.14.0
    status:
      code: 200
      message: Ok
- request:
    body: null
    headers:
      Accept:
      - '*/*'
      Accept-Encoding:
      - gzip, deflate
      CommandName:
      - cosmosdb create
      Connection:
      - keep-alive
      ParameterSetName:
      - -n -g --capabilities --backup-policy-type --locations
      User-Agent:
      - AZURECLI/2.47.0 azsdk-python-mgmt-cosmosdb/0.7.0 Python/3.10.2 (Windows-10-10.0.19045-SP0)
    method: GET
    uri: https://management.azure.com/subscriptions/00000000-0000-0000-0000-000000000000/providers/Microsoft.DocumentDB/locations/westus/operationsStatus/3c80c854-dc5a-48ec-84fa-4b8586465f33?api-version=2023-03-01-preview
  response:
    body:
      string: '{"status":"Dequeued"}'
    headers:
      cache-control:
      - no-store, no-cache
      content-length:
      - '21'
      content-type:
      - application/json
      date:
      - Mon, 17 Apr 2023 21:17:33 GMT
      pragma:
      - no-cache
      server:
      - Microsoft-HTTPAPI/2.0
      strict-transport-security:
      - max-age=31536000; includeSubDomains
      transfer-encoding:
      - chunked
      vary:
      - Accept-Encoding
      x-content-type-options:
      - nosniff
      x-ms-gatewayversion:
      - version=2.14.0
    status:
      code: 200
      message: Ok
- request:
    body: null
    headers:
      Accept:
      - '*/*'
      Accept-Encoding:
      - gzip, deflate
      CommandName:
      - cosmosdb create
      Connection:
      - keep-alive
      ParameterSetName:
      - -n -g --capabilities --backup-policy-type --locations
      User-Agent:
      - AZURECLI/2.47.0 azsdk-python-mgmt-cosmosdb/0.7.0 Python/3.10.2 (Windows-10-10.0.19045-SP0)
    method: GET
    uri: https://management.azure.com/subscriptions/00000000-0000-0000-0000-000000000000/providers/Microsoft.DocumentDB/locations/westus/operationsStatus/3c80c854-dc5a-48ec-84fa-4b8586465f33?api-version=2023-03-01-preview
  response:
    body:
      string: '{"status":"Dequeued"}'
    headers:
      cache-control:
      - no-store, no-cache
      content-length:
      - '21'
      content-type:
      - application/json
      date:
      - Mon, 17 Apr 2023 21:18:03 GMT
      pragma:
      - no-cache
      server:
      - Microsoft-HTTPAPI/2.0
      strict-transport-security:
      - max-age=31536000; includeSubDomains
      transfer-encoding:
      - chunked
      vary:
      - Accept-Encoding
      x-content-type-options:
      - nosniff
      x-ms-gatewayversion:
      - version=2.14.0
    status:
      code: 200
      message: Ok
- request:
    body: null
    headers:
      Accept:
      - '*/*'
      Accept-Encoding:
      - gzip, deflate
      CommandName:
      - cosmosdb create
      Connection:
      - keep-alive
      ParameterSetName:
      - -n -g --capabilities --backup-policy-type --locations
      User-Agent:
      - AZURECLI/2.47.0 azsdk-python-mgmt-cosmosdb/0.7.0 Python/3.10.2 (Windows-10-10.0.19045-SP0)
    method: GET
    uri: https://management.azure.com/subscriptions/00000000-0000-0000-0000-000000000000/providers/Microsoft.DocumentDB/locations/westus/operationsStatus/3c80c854-dc5a-48ec-84fa-4b8586465f33?api-version=2023-03-01-preview
  response:
    body:
      string: '{"status":"Dequeued"}'
    headers:
      cache-control:
      - no-store, no-cache
      content-length:
      - '21'
      content-type:
      - application/json
      date:
      - Mon, 17 Apr 2023 21:18:33 GMT
      pragma:
      - no-cache
      server:
      - Microsoft-HTTPAPI/2.0
      strict-transport-security:
      - max-age=31536000; includeSubDomains
      transfer-encoding:
      - chunked
      vary:
      - Accept-Encoding
      x-content-type-options:
      - nosniff
      x-ms-gatewayversion:
      - version=2.14.0
    status:
      code: 200
      message: Ok
- request:
    body: null
    headers:
      Accept:
      - '*/*'
      Accept-Encoding:
      - gzip, deflate
      CommandName:
      - cosmosdb create
      Connection:
      - keep-alive
      ParameterSetName:
      - -n -g --capabilities --backup-policy-type --locations
      User-Agent:
      - AZURECLI/2.47.0 azsdk-python-mgmt-cosmosdb/0.7.0 Python/3.10.2 (Windows-10-10.0.19045-SP0)
    method: GET
    uri: https://management.azure.com/subscriptions/00000000-0000-0000-0000-000000000000/providers/Microsoft.DocumentDB/locations/westus/operationsStatus/3c80c854-dc5a-48ec-84fa-4b8586465f33?api-version=2023-03-01-preview
  response:
    body:
      string: '{"status":"Dequeued"}'
    headers:
      cache-control:
      - no-store, no-cache
      content-length:
      - '21'
      content-type:
      - application/json
      date:
      - Mon, 17 Apr 2023 21:19:03 GMT
      pragma:
      - no-cache
      server:
      - Microsoft-HTTPAPI/2.0
      strict-transport-security:
      - max-age=31536000; includeSubDomains
      transfer-encoding:
      - chunked
      vary:
      - Accept-Encoding
      x-content-type-options:
      - nosniff
      x-ms-gatewayversion:
      - version=2.14.0
    status:
      code: 200
      message: Ok
- request:
    body: null
    headers:
      Accept:
      - '*/*'
      Accept-Encoding:
      - gzip, deflate
      CommandName:
      - cosmosdb create
      Connection:
      - keep-alive
      ParameterSetName:
      - -n -g --capabilities --backup-policy-type --locations
      User-Agent:
      - AZURECLI/2.47.0 azsdk-python-mgmt-cosmosdb/0.7.0 Python/3.10.2 (Windows-10-10.0.19045-SP0)
    method: GET
    uri: https://management.azure.com/subscriptions/00000000-0000-0000-0000-000000000000/providers/Microsoft.DocumentDB/locations/westus/operationsStatus/3c80c854-dc5a-48ec-84fa-4b8586465f33?api-version=2023-03-01-preview
  response:
    body:
      string: '{"status":"Succeeded"}'
    headers:
      cache-control:
      - no-store, no-cache
      content-length:
      - '22'
      content-type:
      - application/json
      date:
      - Mon, 17 Apr 2023 21:19:33 GMT
      pragma:
      - no-cache
      server:
      - Microsoft-HTTPAPI/2.0
      strict-transport-security:
      - max-age=31536000; includeSubDomains
      transfer-encoding:
      - chunked
      vary:
      - Accept-Encoding
      x-content-type-options:
      - nosniff
      x-ms-gatewayversion:
      - version=2.14.0
    status:
      code: 200
      message: Ok
- request:
    body: null
    headers:
      Accept:
      - '*/*'
      Accept-Encoding:
      - gzip, deflate
      CommandName:
      - cosmosdb create
      Connection:
      - keep-alive
      ParameterSetName:
      - -n -g --capabilities --backup-policy-type --locations
      User-Agent:
      - AZURECLI/2.47.0 azsdk-python-mgmt-cosmosdb/0.7.0 Python/3.10.2 (Windows-10-10.0.19045-SP0)
    method: GET
    uri: https://management.azure.com/subscriptions/00000000-0000-0000-0000-000000000000/resourceGroups/cli_test_cosmosdb_gremlin_database000001/providers/Microsoft.DocumentDB/databaseAccounts/cli000003?api-version=2023-03-01-preview
  response:
    body:
      string: '{"id":"/subscriptions/00000000-0000-0000-0000-000000000000/resourceGroups/cli_test_cosmosdb_gremlin_database000001/providers/Microsoft.DocumentDB/databaseAccounts/cli000003","name":"cli000003","location":"West
        US","type":"Microsoft.DocumentDB/databaseAccounts","kind":"GlobalDocumentDB","tags":{},"systemData":{"createdAt":"2023-04-17T21:18:53.2495658Z"},"properties":{"provisioningState":"Succeeded","documentEndpoint":"https://cli000003.documents.azure.com:443/","gremlinEndpoint":"https://cli000003.gremlin.cosmos.azure.com:443/","sqlEndpoint":"https://cli000003.documents.azure.com:443/","publicNetworkAccess":"Enabled","enableAutomaticFailover":false,"enableMultipleWriteLocations":false,"enablePartitionKeyMonitor":false,"isVirtualNetworkFilterEnabled":false,"virtualNetworkRules":[],"EnabledApiTypes":"Gremlin,
        Sql","disableKeyBasedMetadataWriteAccess":false,"enableFreeTier":false,"enableAnalyticalStorage":false,"analyticalStorageConfiguration":{"schemaType":"WellDefined"},"instanceId":"f3600e75-06dd-4c40-8c09-d5eafba4490b","createMode":"Default","databaseAccountOfferType":"Standard","enableCassandraConnector":false,"connectorOffer":"","enableMaterializedViews":false,"defaultIdentity":"FirstPartyIdentity","networkAclBypass":"None","disableLocalAuth":false,"enablePartitionMerge":false,"enableBurstCapacity":false,"minimalTlsVersion":"Tls","consistencyPolicy":{"defaultConsistencyLevel":"Session","maxIntervalInSeconds":5,"maxStalenessPrefix":100},"configurationOverrides":{},"writeLocations":[{"id":"cli000003-westus","locationName":"West
        US","documentEndpoint":"https://cli000003-westus.documents.azure.com:443/","provisioningState":"Succeeded","failoverPriority":0,"isZoneRedundant":false}],"readLocations":[{"id":"cli000003-westus","locationName":"West
        US","documentEndpoint":"https://cli000003-westus.documents.azure.com:443/","provisioningState":"Succeeded","failoverPriority":0,"isZoneRedundant":false}],"locations":[{"id":"cli000003-westus","locationName":"West
        US","documentEndpoint":"https://cli000003-westus.documents.azure.com:443/","provisioningState":"Succeeded","failoverPriority":0,"isZoneRedundant":false}],"failoverPolicies":[{"id":"cli000003-westus","locationName":"West
        US","failoverPriority":0}],"cors":[],"capabilities":[{"name":"EnableGremlin"}],"ipRules":[],"backupPolicy":{"type":"Continuous","continuousModeProperties":{"tier":"Continuous30Days"}},"networkAclBypassResourceIds":[],"diagnosticLogSettings":{"enableFullTextQuery":"None"},"keysMetadata":{"primaryMasterKey":{"generationTime":"2023-04-17T21:18:53.2495658Z"},"secondaryMasterKey":{"generationTime":"2023-04-17T21:18:53.2495658Z"},"primaryReadonlyMasterKey":{"generationTime":"2023-04-17T21:18:53.2495658Z"},"secondaryReadonlyMasterKey":{"generationTime":"2023-04-17T21:18:53.2495658Z"}}},"identity":{"type":"None"}}'
    headers:
      cache-control:
      - no-store, no-cache
      content-length:
      - '2817'
      content-type:
      - application/json
      date:
      - Mon, 17 Apr 2023 21:19:33 GMT
      pragma:
      - no-cache
      server:
      - Microsoft-HTTPAPI/2.0
      strict-transport-security:
      - max-age=31536000; includeSubDomains
      transfer-encoding:
      - chunked
      vary:
      - Accept-Encoding
      x-content-type-options:
      - nosniff
      x-ms-gatewayversion:
      - version=2.14.0
    status:
      code: 200
      message: Ok
- request:
    body: null
    headers:
      Accept:
      - application/json
      Accept-Encoding:
      - gzip, deflate
      CommandName:
      - cosmosdb create
      Connection:
      - keep-alive
      ParameterSetName:
      - -n -g --capabilities --backup-policy-type --locations
      User-Agent:
      - AZURECLI/2.47.0 azsdk-python-mgmt-cosmosdb/0.7.0 Python/3.10.2 (Windows-10-10.0.19045-SP0)
    method: GET
    uri: https://management.azure.com/subscriptions/00000000-0000-0000-0000-000000000000/resourceGroups/cli_test_cosmosdb_gremlin_database000001/providers/Microsoft.DocumentDB/databaseAccounts/cli000003?api-version=2023-03-01-preview
  response:
    body:
      string: '{"id":"/subscriptions/00000000-0000-0000-0000-000000000000/resourceGroups/cli_test_cosmosdb_gremlin_database000001/providers/Microsoft.DocumentDB/databaseAccounts/cli000003","name":"cli000003","location":"West
        US","type":"Microsoft.DocumentDB/databaseAccounts","kind":"GlobalDocumentDB","tags":{},"systemData":{"createdAt":"2023-04-17T21:18:53.2495658Z"},"properties":{"provisioningState":"Succeeded","documentEndpoint":"https://cli000003.documents.azure.com:443/","gremlinEndpoint":"https://cli000003.gremlin.cosmos.azure.com:443/","sqlEndpoint":"https://cli000003.documents.azure.com:443/","publicNetworkAccess":"Enabled","enableAutomaticFailover":false,"enableMultipleWriteLocations":false,"enablePartitionKeyMonitor":false,"isVirtualNetworkFilterEnabled":false,"virtualNetworkRules":[],"EnabledApiTypes":"Gremlin,
        Sql","disableKeyBasedMetadataWriteAccess":false,"enableFreeTier":false,"enableAnalyticalStorage":false,"analyticalStorageConfiguration":{"schemaType":"WellDefined"},"instanceId":"f3600e75-06dd-4c40-8c09-d5eafba4490b","createMode":"Default","databaseAccountOfferType":"Standard","enableCassandraConnector":false,"connectorOffer":"","enableMaterializedViews":false,"defaultIdentity":"FirstPartyIdentity","networkAclBypass":"None","disableLocalAuth":false,"enablePartitionMerge":false,"enableBurstCapacity":false,"minimalTlsVersion":"Tls","consistencyPolicy":{"defaultConsistencyLevel":"Session","maxIntervalInSeconds":5,"maxStalenessPrefix":100},"configurationOverrides":{},"writeLocations":[{"id":"cli000003-westus","locationName":"West
        US","documentEndpoint":"https://cli000003-westus.documents.azure.com:443/","provisioningState":"Succeeded","failoverPriority":0,"isZoneRedundant":false}],"readLocations":[{"id":"cli000003-westus","locationName":"West
        US","documentEndpoint":"https://cli000003-westus.documents.azure.com:443/","provisioningState":"Succeeded","failoverPriority":0,"isZoneRedundant":false}],"locations":[{"id":"cli000003-westus","locationName":"West
        US","documentEndpoint":"https://cli000003-westus.documents.azure.com:443/","provisioningState":"Succeeded","failoverPriority":0,"isZoneRedundant":false}],"failoverPolicies":[{"id":"cli000003-westus","locationName":"West
        US","failoverPriority":0}],"cors":[],"capabilities":[{"name":"EnableGremlin"}],"ipRules":[],"backupPolicy":{"type":"Continuous","continuousModeProperties":{"tier":"Continuous30Days"}},"networkAclBypassResourceIds":[],"diagnosticLogSettings":{"enableFullTextQuery":"None"},"keysMetadata":{"primaryMasterKey":{"generationTime":"2023-04-17T21:18:53.2495658Z"},"secondaryMasterKey":{"generationTime":"2023-04-17T21:18:53.2495658Z"},"primaryReadonlyMasterKey":{"generationTime":"2023-04-17T21:18:53.2495658Z"},"secondaryReadonlyMasterKey":{"generationTime":"2023-04-17T21:18:53.2495658Z"}}},"identity":{"type":"None"}}'
    headers:
      cache-control:
      - no-store, no-cache
      content-length:
      - '2817'
      content-type:
      - application/json
      date:
      - Mon, 17 Apr 2023 21:19:33 GMT
      pragma:
      - no-cache
      server:
      - Microsoft-HTTPAPI/2.0
      strict-transport-security:
      - max-age=31536000; includeSubDomains
      transfer-encoding:
      - chunked
      vary:
      - Accept-Encoding
      x-content-type-options:
      - nosniff
      x-ms-gatewayversion:
      - version=2.14.0
    status:
      code: 200
      message: Ok
- request:
    body: null
    headers:
      Accept:
      - application/json
      Accept-Encoding:
      - gzip, deflate
      CommandName:
      - cosmosdb gremlin database exists
      Connection:
      - keep-alive
      ParameterSetName:
      - -g -a -n
      User-Agent:
      - AZURECLI/2.47.0 azsdk-python-mgmt-cosmosdb/9.0.0 Python/3.10.2 (Windows-10-10.0.19045-SP0)
    method: GET
    uri: https://management.azure.com/subscriptions/00000000-0000-0000-0000-000000000000/resourceGroups/cli_test_cosmosdb_gremlin_database000001/providers/Microsoft.DocumentDB/databaseAccounts/cli000003/gremlinDatabases/cli000002?api-version=2022-11-15
  response:
    body:
      string: '{"code":"NotFound","message":"Message: {\"code\":\"NotFound\",\"message\":\"Message:
        {\\\"Errors\\\":[\\\"Resource Not Found. Learn more: https:\\\\/\\\\/aka.ms\\\\/cosmosdb-tsg-not-found\\\"]}\\r\\nActivityId:
        8cb70693-dd65-11ed-9d82-8cdcd4532c5b, Request URI: /apps/0b51ba6d-ec42-44ac-8164-6eeab9bb568a/services/8a5b2fcd-f104-498e-8fed-c42a9dca3f18/partitions/a156614d-8140-41ef-bfea-71faca9c15cc/replicas/133261278057766095s,
        RequestStats: \\r\\nRequestStartTime: 2023-04-17T21:19:34.9587601Z, RequestEndTime:
        2023-04-17T21:19:34.9687763Z,  Number of regions attempted:1\\r\\n{\\\"systemHistory\\\":[{\\\"dateUtc\\\":\\\"2023-04-17T21:18:35.8272780Z\\\",\\\"cpu\\\":0.375,\\\"memory\\\":475685096.000,\\\"threadInfo\\\":{\\\"isThreadStarving\\\":\\\"False\\\",\\\"threadWaitIntervalInMs\\\":0.0202,\\\"availableThreads\\\":32762,\\\"minThreads\\\":52,\\\"maxThreads\\\":32767},\\\"numberOfOpenTcpConnection\\\":242},{\\\"dateUtc\\\":\\\"2023-04-17T21:18:45.8376542Z\\\",\\\"cpu\\\":0.366,\\\"memory\\\":475690836.000,\\\"threadInfo\\\":{\\\"isThreadStarving\\\":\\\"False\\\",\\\"threadWaitIntervalInMs\\\":0.0111,\\\"availableThreads\\\":32764,\\\"minThreads\\\":52,\\\"maxThreads\\\":32767},\\\"numberOfOpenTcpConnection\\\":242},{\\\"dateUtc\\\":\\\"2023-04-17T21:18:55.8478773Z\\\",\\\"cpu\\\":0.357,\\\"memory\\\":475670492.000,\\\"threadInfo\\\":{\\\"isThreadStarving\\\":\\\"False\\\",\\\"threadWaitIntervalInMs\\\":0.0199,\\\"availableThreads\\\":32763,\\\"minThreads\\\":52,\\\"maxThreads\\\":32767},\\\"numberOfOpenTcpConnection\\\":242},{\\\"dateUtc\\\":\\\"2023-04-17T21:19:05.8580699Z\\\",\\\"cpu\\\":0.258,\\\"memory\\\":475675340.000,\\\"threadInfo\\\":{\\\"isThreadStarving\\\":\\\"False\\\",\\\"threadWaitIntervalInMs\\\":0.0319,\\\"availableThreads\\\":32764,\\\"minThreads\\\":52,\\\"maxThreads\\\":32767},\\\"numberOfOpenTcpConnection\\\":242},{\\\"dateUtc\\\":\\\"2023-04-17T21:19:15.8683801Z\\\",\\\"cpu\\\":0.261,\\\"memory\\\":475664652.000,\\\"threadInfo\\\":{\\\"isThreadStarving\\\":\\\"False\\\",\\\"threadWaitIntervalInMs\\\":0.0173,\\\"availableThreads\\\":32763,\\\"minThreads\\\":52,\\\"maxThreads\\\":32767},\\\"numberOfOpenTcpConnection\\\":242},{\\\"dateUtc\\\":\\\"2023-04-17T21:19:25.8885407Z\\\",\\\"cpu\\\":0.315,\\\"memory\\\":475670148.000,\\\"threadInfo\\\":{\\\"isThreadStarving\\\":\\\"False\\\",\\\"threadWaitIntervalInMs\\\":0.0314,\\\"availableThreads\\\":32763,\\\"minThreads\\\":52,\\\"maxThreads\\\":32767},\\\"numberOfOpenTcpConnection\\\":242}]}\\r\\nRequestStart:
        2023-04-17T21:19:34.9587601Z; ResponseTime: 2023-04-17T21:19:34.9687763Z;
        StoreResult: StorePhysicalAddress: rntbd://10.0.1.9:11000/apps/0b51ba6d-ec42-44ac-8164-6eeab9bb568a/services/8a5b2fcd-f104-498e-8fed-c42a9dca3f18/partitions/a156614d-8140-41ef-bfea-71faca9c15cc/replicas/133261278057766095s,
        LSN: 9, GlobalCommittedLsn: 9, PartitionKeyRangeId: , IsValid: True, StatusCode:
        404, SubStatusCode: 0, RequestCharge: 1, ItemLSN: -1, SessionToken: -1#9,
        UsingLocalLSN: False, TransportException: null, BELatencyMs: 2.547, ActivityId:
        8cb70693-dd65-11ed-9d82-8cdcd4532c5b, RetryAfterInMs: , TransportRequestTimeline:
        {\\\"requestTimeline\\\":[{\\\"event\\\": \\\"Created\\\", \\\"startTimeUtc\\\":
        \\\"2023-04-17T21:19:34.9587601Z\\\", \\\"durationInMs\\\": 0.0088},{\\\"event\\\":
        \\\"ChannelAcquisitionStarted\\\", \\\"startTimeUtc\\\": \\\"2023-04-17T21:19:34.9587689Z\\\",
        \\\"durationInMs\\\": 0.0026},{\\\"event\\\": \\\"Pipelined\\\", \\\"startTimeUtc\\\":
        \\\"2023-04-17T21:19:34.9587715Z\\\", \\\"durationInMs\\\": 0.1644},{\\\"event\\\":
        \\\"Transit Time\\\", \\\"startTimeUtc\\\": \\\"2023-04-17T21:19:34.9589359Z\\\",
        \\\"durationInMs\\\": 2.8044},{\\\"event\\\": \\\"Received\\\", \\\"startTimeUtc\\\":
        \\\"2023-04-17T21:19:34.9617403Z\\\", \\\"durationInMs\\\": 0.061},{\\\"event\\\":
        \\\"Completed\\\", \\\"startTimeUtc\\\": \\\"2023-04-17T21:19:34.9618013Z\\\",
        \\\"durationInMs\\\": 0}],\\\"serviceEndpointStats\\\":{\\\"inflightRequests\\\":1,\\\"openConnections\\\":1},\\\"connectionStats\\\":{\\\"waitforConnectionInit\\\":\\\"False\\\",\\\"callsPendingReceive\\\":0,\\\"lastSendAttempt\\\":\\\"2023-04-17T21:19:34.8688315Z\\\",\\\"lastSend\\\":\\\"2023-04-17T21:19:34.8688315Z\\\",\\\"lastReceive\\\":\\\"2023-04-17T21:19:34.9087722Z\\\"},\\\"requestSizeInBytes\\\":468,\\\"responseMetadataSizeInBytes\\\":134,\\\"responseBodySizeInBytes\\\":87};\\r\\n
        ResourceType: Database, OperationType: Read\\r\\nRequestStart: 2023-04-17T21:19:34.9587601Z;
        ResponseTime: 2023-04-17T21:19:34.9687763Z; StoreResult: StorePhysicalAddress:
        rntbd://10.0.1.13:11000/apps/0b51ba6d-ec42-44ac-8164-6eeab9bb568a/services/8a5b2fcd-f104-498e-8fed-c42a9dca3f18/partitions/a156614d-8140-41ef-bfea-71faca9c15cc/replicas/133261278057766097s,
        LSN: 9, GlobalCommittedLsn: 9, PartitionKeyRangeId: , IsValid: True, StatusCode:
        404, SubStatusCode: 0, RequestCharge: 1, ItemLSN: -1, SessionToken: -1#9,
        UsingLocalLSN: False, TransportException: null, BELatencyMs: 1.573, ActivityId:
        8cb70693-dd65-11ed-9d82-8cdcd4532c5b, RetryAfterInMs: , TransportRequestTimeline:
        {\\\"requestTimeline\\\":[{\\\"event\\\": \\\"Created\\\", \\\"startTimeUtc\\\":
        \\\"2023-04-17T21:19:34.9587601Z\\\", \\\"durationInMs\\\": 0.0047},{\\\"event\\\":
        \\\"ChannelAcquisitionStarted\\\", \\\"startTimeUtc\\\": \\\"2023-04-17T21:19:34.9587648Z\\\",
        \\\"durationInMs\\\": 0.0016},{\\\"event\\\": \\\"Pipelined\\\", \\\"startTimeUtc\\\":
        \\\"2023-04-17T21:19:34.9587664Z\\\", \\\"durationInMs\\\": 0.0657},{\\\"event\\\":
        \\\"Transit Time\\\", \\\"startTimeUtc\\\": \\\"2023-04-17T21:19:34.9588321Z\\\",
        \\\"durationInMs\\\": 2.5985},{\\\"event\\\": \\\"Received\\\", \\\"startTimeUtc\\\":
        \\\"2023-04-17T21:19:34.9614306Z\\\", \\\"durationInMs\\\": 0.1511},{\\\"event\\\":
        \\\"Completed\\\", \\\"startTimeUtc\\\": \\\"2023-04-17T21:19:34.9615817Z\\\",
        \\\"durationInMs\\\": 0}],\\\"serviceEndpointStats\\\":{\\\"inflightRequests\\\":1,\\\"openConnections\\\":1},\\\"connectionStats\\\":{\\\"waitforConnectionInit\\\":\\\"False\\\",\\\"callsPendingReceive\\\":0,\\\"lastSendAttempt\\\":\\\"2023-04-17T21:19:34.7587534Z\\\",\\\"lastSend\\\":\\\"2023-04-17T21:19:34.7587534Z\\\",\\\"lastReceive\\\":\\\"2023-04-17T21:19:34.8088287Z\\\"},\\\"requestSizeInBytes\\\":468,\\\"responseMetadataSizeInBytes\\\":134,\\\"responseBodySizeInBytes\\\":87};\\r\\n
        ResourceType: Database, OperationType: Read\\r\\n, SDK: Microsoft.Azure.Documents.Common/2.14.0\"},
        Request URI: /dbs/cli000002, RequestStats: , SDK: Microsoft.Azure.Documents.Common/2.14.0"}'
    headers:
      cache-control:
      - no-store, no-cache
      content-length:
      - '6520'
      content-type:
      - application/json
      date:
      - Mon, 17 Apr 2023 21:19:34 GMT
      pragma:
      - no-cache
      server:
      - Microsoft-HTTPAPI/2.0
      strict-transport-security:
      - max-age=31536000; includeSubDomains
      x-content-type-options:
      - nosniff
      x-ms-gatewayversion:
      - version=2.14.0
    status:
      code: 404
      message: NotFound
- request:
    body: '{"properties": {"resource": {"id": "cli000002"}, "options": {}}}'
    headers:
      Accept:
      - application/json
      Accept-Encoding:
      - gzip, deflate
      CommandName:
      - cosmosdb gremlin database create
      Connection:
      - keep-alive
      Content-Length:
      - '64'
      Content-Type:
      - application/json
      ParameterSetName:
      - -g -a -n
      User-Agent:
      - AZURECLI/2.47.0 azsdk-python-mgmt-cosmosdb/9.0.0 Python/3.10.2 (Windows-10-10.0.19045-SP0)
    method: PUT
    uri: https://management.azure.com/subscriptions/00000000-0000-0000-0000-000000000000/resourceGroups/cli_test_cosmosdb_gremlin_database000001/providers/Microsoft.DocumentDB/databaseAccounts/cli000003/gremlinDatabases/cli000002?api-version=2022-11-15
  response:
    body:
      string: '{"status":"Enqueued"}'
    headers:
      azure-asyncoperation:
      - https://management.azure.com/subscriptions/00000000-0000-0000-0000-000000000000/providers/Microsoft.DocumentDB/locations/westus/operationsStatus/3be463d8-26a6-4f5f-8c2e-bfb0c5b63bb6?api-version=2022-11-15
      cache-control:
      - no-store, no-cache
      content-length:
      - '21'
      content-type:
      - application/json
      date:
      - Mon, 17 Apr 2023 21:19:36 GMT
      location:
      - https://management.azure.com/subscriptions/00000000-0000-0000-0000-000000000000/resourceGroups/cli_test_cosmosdb_gremlin_database000001/providers/Microsoft.DocumentDB/databaseAccounts/cli000003/gremlinDatabases/cli000002/operationResults/3be463d8-26a6-4f5f-8c2e-bfb0c5b63bb6?api-version=2022-11-15
      pragma:
      - no-cache
      server:
      - Microsoft-HTTPAPI/2.0
      strict-transport-security:
      - max-age=31536000; includeSubDomains
      x-content-type-options:
      - nosniff
      x-ms-gatewayversion:
      - version=2.14.0
      x-ms-ratelimit-remaining-subscription-writes:
      - '1199'
    status:
      code: 202
      message: Accepted
- request:
    body: null
    headers:
      Accept:
      - '*/*'
      Accept-Encoding:
      - gzip, deflate
      CommandName:
      - cosmosdb gremlin database create
      Connection:
      - keep-alive
      ParameterSetName:
      - -g -a -n
      User-Agent:
      - AZURECLI/2.47.0 azsdk-python-mgmt-cosmosdb/9.0.0 Python/3.10.2 (Windows-10-10.0.19045-SP0)
    method: GET
    uri: https://management.azure.com/subscriptions/00000000-0000-0000-0000-000000000000/providers/Microsoft.DocumentDB/locations/westus/operationsStatus/3be463d8-26a6-4f5f-8c2e-bfb0c5b63bb6?api-version=2022-11-15
  response:
    body:
      string: '{"status":"Enqueued"}'
    headers:
      cache-control:
      - no-store, no-cache
      content-length:
      - '21'
      content-type:
      - application/json
      date:
      - Mon, 17 Apr 2023 21:19:36 GMT
      pragma:
      - no-cache
      server:
      - Microsoft-HTTPAPI/2.0
      strict-transport-security:
      - max-age=31536000; includeSubDomains
      transfer-encoding:
      - chunked
      vary:
      - Accept-Encoding
      x-content-type-options:
      - nosniff
      x-ms-gatewayversion:
      - version=2.14.0
    status:
      code: 200
      message: Ok
- request:
    body: null
    headers:
      Accept:
      - '*/*'
      Accept-Encoding:
      - gzip, deflate
      CommandName:
      - cosmosdb gremlin database create
      Connection:
      - keep-alive
      ParameterSetName:
      - -g -a -n
      User-Agent:
      - AZURECLI/2.47.0 azsdk-python-mgmt-cosmosdb/9.0.0 Python/3.10.2 (Windows-10-10.0.19045-SP0)
    method: GET
    uri: https://management.azure.com/subscriptions/00000000-0000-0000-0000-000000000000/providers/Microsoft.DocumentDB/locations/westus/operationsStatus/3be463d8-26a6-4f5f-8c2e-bfb0c5b63bb6?api-version=2022-11-15
  response:
    body:
      string: '{"status":"Succeeded"}'
    headers:
      cache-control:
      - no-store, no-cache
      content-length:
      - '22'
      content-type:
      - application/json
      date:
      - Mon, 17 Apr 2023 21:20:05 GMT
      pragma:
      - no-cache
      server:
      - Microsoft-HTTPAPI/2.0
      strict-transport-security:
      - max-age=31536000; includeSubDomains
      transfer-encoding:
      - chunked
      vary:
      - Accept-Encoding
      x-content-type-options:
      - nosniff
      x-ms-gatewayversion:
      - version=2.14.0
    status:
      code: 200
      message: Ok
- request:
    body: null
    headers:
      Accept:
      - '*/*'
      Accept-Encoding:
      - gzip, deflate
      CommandName:
      - cosmosdb gremlin database create
      Connection:
      - keep-alive
      ParameterSetName:
      - -g -a -n
      User-Agent:
      - AZURECLI/2.47.0 azsdk-python-mgmt-cosmosdb/9.0.0 Python/3.10.2 (Windows-10-10.0.19045-SP0)
    method: GET
    uri: https://management.azure.com/subscriptions/00000000-0000-0000-0000-000000000000/resourceGroups/cli_test_cosmosdb_gremlin_database000001/providers/Microsoft.DocumentDB/databaseAccounts/cli000003/gremlinDatabases/cli000002?api-version=2022-11-15
  response:
    body:
      string: '{"id":"/subscriptions/00000000-0000-0000-0000-000000000000/resourceGroups/cli_test_cosmosdb_gremlin_database000001/providers/Microsoft.DocumentDB/databaseAccounts/cli000003/gremlinDatabases/cli000002","type":"Microsoft.DocumentDB/databaseAccounts/gremlinDatabases","name":"cli000002","properties":{"resource":{"id":"cli000002","_rid":"e7UWAA==","_self":"dbs/e7UWAA==/","_etag":"\"01006ddc-0000-0700-0000-643db7ed0000\"","_colls":"colls/","_users":"users/","_ts":1681766381}}}'
    headers:
      cache-control:
      - no-store, no-cache
      content-length:
      - '475'
      content-type:
      - application/json
      date:
      - Mon, 17 Apr 2023 21:20:06 GMT
      pragma:
      - no-cache
      server:
      - Microsoft-HTTPAPI/2.0
      strict-transport-security:
      - max-age=31536000; includeSubDomains
      transfer-encoding:
      - chunked
      vary:
      - Accept-Encoding
      x-content-type-options:
      - nosniff
      x-ms-gatewayversion:
      - version=2.14.0
    status:
      code: 200
      message: Ok
- request:
    body: null
    headers:
      Accept:
      - application/json
      Accept-Encoding:
      - gzip, deflate
      CommandName:
      - cosmosdb gremlin database show
      Connection:
      - keep-alive
      ParameterSetName:
      - -g -a -n
      User-Agent:
      - AZURECLI/2.47.0 azsdk-python-mgmt-cosmosdb/9.0.0 Python/3.10.2 (Windows-10-10.0.19045-SP0)
    method: GET
    uri: https://management.azure.com/subscriptions/00000000-0000-0000-0000-000000000000/resourceGroups/cli_test_cosmosdb_gremlin_database000001/providers/Microsoft.DocumentDB/databaseAccounts/cli000003/gremlinDatabases/cli000002?api-version=2022-11-15
  response:
    body:
      string: '{"id":"/subscriptions/00000000-0000-0000-0000-000000000000/resourceGroups/cli_test_cosmosdb_gremlin_database000001/providers/Microsoft.DocumentDB/databaseAccounts/cli000003/gremlinDatabases/cli000002","type":"Microsoft.DocumentDB/databaseAccounts/gremlinDatabases","name":"cli000002","properties":{"resource":{"id":"cli000002","_rid":"e7UWAA==","_self":"dbs/e7UWAA==/","_etag":"\"01006ddc-0000-0700-0000-643db7ed0000\"","_colls":"colls/","_users":"users/","_ts":1681766381}}}'
    headers:
      cache-control:
      - no-store, no-cache
      content-length:
      - '475'
      content-type:
      - application/json
      date:
      - Mon, 17 Apr 2023 21:20:07 GMT
      pragma:
      - no-cache
      server:
      - Microsoft-HTTPAPI/2.0
      strict-transport-security:
      - max-age=31536000; includeSubDomains
      transfer-encoding:
      - chunked
      vary:
      - Accept-Encoding
      x-content-type-options:
      - nosniff
      x-ms-gatewayversion:
      - version=2.14.0
    status:
      code: 200
      message: Ok
- request:
    body: null
    headers:
      Accept:
      - application/json
      Accept-Encoding:
      - gzip, deflate
      CommandName:
      - cosmosdb gremlin database list
      Connection:
      - keep-alive
      ParameterSetName:
      - -g -a
      User-Agent:
      - AZURECLI/2.47.0 azsdk-python-mgmt-cosmosdb/9.0.0 Python/3.10.2 (Windows-10-10.0.19045-SP0)
    method: GET
    uri: https://management.azure.com/subscriptions/00000000-0000-0000-0000-000000000000/resourceGroups/cli_test_cosmosdb_gremlin_database000001/providers/Microsoft.DocumentDB/databaseAccounts/cli000003/gremlinDatabases?api-version=2022-11-15
  response:
    body:
      string: '{"value":[{"id":"/subscriptions/00000000-0000-0000-0000-000000000000/resourceGroups/cli_test_cosmosdb_gremlin_database000001/providers/Microsoft.DocumentDB/databaseAccounts/cli000003/gremlinDatabases/cli000002","type":"Microsoft.DocumentDB/databaseAccounts/gremlinDatabases","name":"cli000002","properties":{"resource":{"id":"cli000002","_rid":"e7UWAA==","_self":"dbs/e7UWAA==/","_etag":"\"01006ddc-0000-0700-0000-643db7ed0000\"","_colls":"colls/","_users":"users/","_ts":1681766381}}}]}'
    headers:
      cache-control:
      - no-store, no-cache
      content-length:
      - '487'
      content-type:
      - application/json
      date:
      - Mon, 17 Apr 2023 21:20:08 GMT
      pragma:
      - no-cache
      server:
      - Microsoft-HTTPAPI/2.0
      strict-transport-security:
      - max-age=31536000; includeSubDomains
      transfer-encoding:
      - chunked
      vary:
      - Accept-Encoding
      x-content-type-options:
      - nosniff
      x-ms-gatewayversion:
      - version=2.14.0
    status:
      code: 200
      message: Ok
- request:
    body: null
    headers:
      Accept:
      - application/json
      Accept-Encoding:
      - gzip, deflate
      CommandName:
      - cosmosdb gremlin database exists
      Connection:
      - keep-alive
      ParameterSetName:
      - -g -a -n
      User-Agent:
      - AZURECLI/2.47.0 azsdk-python-mgmt-cosmosdb/9.0.0 Python/3.10.2 (Windows-10-10.0.19045-SP0)
    method: GET
    uri: https://management.azure.com/subscriptions/00000000-0000-0000-0000-000000000000/resourceGroups/cli_test_cosmosdb_gremlin_database000001/providers/Microsoft.DocumentDB/databaseAccounts/cli000003/gremlinDatabases/cli000002?api-version=2022-11-15
  response:
    body:
      string: '{"id":"/subscriptions/00000000-0000-0000-0000-000000000000/resourceGroups/cli_test_cosmosdb_gremlin_database000001/providers/Microsoft.DocumentDB/databaseAccounts/cli000003/gremlinDatabases/cli000002","type":"Microsoft.DocumentDB/databaseAccounts/gremlinDatabases","name":"cli000002","properties":{"resource":{"id":"cli000002","_rid":"e7UWAA==","_self":"dbs/e7UWAA==/","_etag":"\"01006ddc-0000-0700-0000-643db7ed0000\"","_colls":"colls/","_users":"users/","_ts":1681766381}}}'
    headers:
      cache-control:
      - no-store, no-cache
      content-length:
      - '475'
      content-type:
      - application/json
      date:
      - Mon, 17 Apr 2023 21:20:09 GMT
      pragma:
      - no-cache
      server:
      - Microsoft-HTTPAPI/2.0
      strict-transport-security:
      - max-age=31536000; includeSubDomains
      transfer-encoding:
      - chunked
      vary:
      - Accept-Encoding
      x-content-type-options:
      - nosniff
      x-ms-gatewayversion:
      - version=2.14.0
    status:
      code: 200
      message: Ok
- request:
    body: null
    headers:
      Accept:
      - '*/*'
      Accept-Encoding:
      - gzip, deflate
      CommandName:
      - cosmosdb gremlin database delete
      Connection:
      - keep-alive
      Content-Length:
      - '0'
      ParameterSetName:
      - -g -a -n --yes
      User-Agent:
      - AZURECLI/2.47.0 azsdk-python-mgmt-cosmosdb/9.0.0 Python/3.10.2 (Windows-10-10.0.19045-SP0)
    method: DELETE
    uri: https://management.azure.com/subscriptions/00000000-0000-0000-0000-000000000000/resourceGroups/cli_test_cosmosdb_gremlin_database000001/providers/Microsoft.DocumentDB/databaseAccounts/cli000003/gremlinDatabases/cli000002?api-version=2022-11-15
  response:
    body:
      string: '{"status":"Enqueued"}'
    headers:
      azure-asyncoperation:
      - https://management.azure.com/subscriptions/00000000-0000-0000-0000-000000000000/providers/Microsoft.DocumentDB/locations/westus/operationsStatus/d7c782bb-52e8-490a-8ad5-705d3ba49450?api-version=2022-11-15
      cache-control:
      - no-store, no-cache
      content-length:
      - '21'
      content-type:
      - application/json
      date:
      - Mon, 17 Apr 2023 21:20:10 GMT
      location:
      - https://management.azure.com/subscriptions/00000000-0000-0000-0000-000000000000/resourceGroups/cli_test_cosmosdb_gremlin_database000001/providers/Microsoft.DocumentDB/databaseAccounts/cli000003/gremlinDatabases/cli000002/operationResults/d7c782bb-52e8-490a-8ad5-705d3ba49450?api-version=2022-11-15
      pragma:
      - no-cache
      server:
      - Microsoft-HTTPAPI/2.0
      strict-transport-security:
      - max-age=31536000; includeSubDomains
      x-content-type-options:
      - nosniff
      x-ms-gatewayversion:
      - version=2.14.0
      x-ms-ratelimit-remaining-subscription-deletes:
      - '14999'
    status:
      code: 202
      message: Accepted
- request:
    body: null
    headers:
      Accept:
      - '*/*'
      Accept-Encoding:
      - gzip, deflate
      CommandName:
      - cosmosdb gremlin database delete
      Connection:
      - keep-alive
      ParameterSetName:
      - -g -a -n --yes
      User-Agent:
      - AZURECLI/2.47.0 azsdk-python-mgmt-cosmosdb/9.0.0 Python/3.10.2 (Windows-10-10.0.19045-SP0)
    method: GET
    uri: https://management.azure.com/subscriptions/00000000-0000-0000-0000-000000000000/providers/Microsoft.DocumentDB/locations/westus/operationsStatus/d7c782bb-52e8-490a-8ad5-705d3ba49450?api-version=2022-11-15
  response:
    body:
      string: '{"status":"Enqueued"}'
    headers:
      cache-control:
      - no-store, no-cache
      content-length:
      - '21'
      content-type:
      - application/json
      date:
      - Mon, 17 Apr 2023 21:20:10 GMT
      pragma:
      - no-cache
      server:
      - Microsoft-HTTPAPI/2.0
      strict-transport-security:
      - max-age=31536000; includeSubDomains
      transfer-encoding:
      - chunked
      vary:
      - Accept-Encoding
      x-content-type-options:
      - nosniff
      x-ms-gatewayversion:
      - version=2.14.0
    status:
      code: 200
      message: Ok
- request:
    body: null
    headers:
      Accept:
      - '*/*'
      Accept-Encoding:
      - gzip, deflate
      CommandName:
      - cosmosdb gremlin database delete
      Connection:
      - keep-alive
      ParameterSetName:
      - -g -a -n --yes
      User-Agent:
      - AZURECLI/2.47.0 azsdk-python-mgmt-cosmosdb/9.0.0 Python/3.10.2 (Windows-10-10.0.19045-SP0)
    method: GET
    uri: https://management.azure.com/subscriptions/00000000-0000-0000-0000-000000000000/providers/Microsoft.DocumentDB/locations/westus/operationsStatus/d7c782bb-52e8-490a-8ad5-705d3ba49450?api-version=2022-11-15
  response:
    body:
      string: '{"status":"Succeeded"}'
    headers:
      cache-control:
      - no-store, no-cache
      content-length:
      - '22'
      content-type:
      - application/json
      date:
      - Mon, 17 Apr 2023 21:20:41 GMT
      pragma:
      - no-cache
      server:
      - Microsoft-HTTPAPI/2.0
      strict-transport-security:
      - max-age=31536000; includeSubDomains
      transfer-encoding:
      - chunked
      vary:
      - Accept-Encoding
      x-content-type-options:
      - nosniff
      x-ms-gatewayversion:
      - version=2.14.0
    status:
      code: 200
      message: Ok
- request:
    body: null
    headers:
      Accept:
      - application/json
      Accept-Encoding:
      - gzip, deflate
      CommandName:
      - cosmosdb gremlin database list
      Connection:
      - keep-alive
      ParameterSetName:
      - -g -a
      User-Agent:
      - AZURECLI/2.47.0 azsdk-python-mgmt-cosmosdb/9.0.0 Python/3.10.2 (Windows-10-10.0.19045-SP0)
    method: GET
    uri: https://management.azure.com/subscriptions/00000000-0000-0000-0000-000000000000/resourceGroups/cli_test_cosmosdb_gremlin_database000001/providers/Microsoft.DocumentDB/databaseAccounts/cli000003/gremlinDatabases?api-version=2022-11-15
  response:
    body:
      string: '{"value":[]}'
    headers:
      cache-control:
      - no-store, no-cache
      content-length:
      - '12'
      content-type:
      - application/json
      date:
      - Mon, 17 Apr 2023 21:20:41 GMT
      pragma:
      - no-cache
      server:
      - Microsoft-HTTPAPI/2.0
      strict-transport-security:
      - max-age=31536000; includeSubDomains
      transfer-encoding:
      - chunked
      vary:
      - Accept-Encoding
      x-content-type-options:
      - nosniff
      x-ms-gatewayversion:
      - version=2.14.0
    status:
      code: 200
      message: Ok
version: 1
