interactions:
- request:
    body: null
    headers:
      Accept:
      - application/json
      Accept-Encoding:
      - gzip, deflate
      CommandName:
      - networkcloud storageappliance enable-remote-vendor-management
      Connection:
      - keep-alive
      Content-Length:
      - '0'
      Content-Type:
      - application/json
      ParameterSetName:
      - --resource-group --storage-appliance-name
      User-Agent:
      - AZURECLI/2.48.1 (AAZ) azsdk-python-core/1.26.4 Python/3.8.10 (Linux-5.10.102.1-microsoft-standard-WSL2-x86_64-with-glibc2.29)
    method: POST
    uri: https://management.azure.com/subscriptions/00000000-0000-0000-0000-000000000000/resourceGroups/m16-1-9c522075177c-HostedResources-07ABB5FF/providers/Microsoft.NetworkCloud/storageAppliances/b37m16purestor1/enableRemoteVendorManagement?api-version=2022-12-12-preview
  response:
    body:
      string: 'null'
    headers:
      azure-asyncoperation:
      - https://management.azure.com/subscriptions/00000000-0000-0000-0000-000000000000/providers/Microsoft.NetworkCloud/locations/EASTUS/operationStatuses/3f7e5a8f-844d-4e2c-9066-b81b2d3a5dcf*B0E965AEBB5A6247B18AE5AA08D2CEB57E7A499CA846E41D4FB48448D8618A6C?api-version=2022-12-12-preview
      cache-control:
      - no-cache
      content-length:
      - '4'
      content-type:
      - application/json; charset=utf-8
      date:
      - Thu, 18 May 2023 23:41:04 GMT
      expires:
      - '-1'
      location:
      - https://management.azure.com/subscriptions/00000000-0000-0000-0000-000000000000/providers/Microsoft.NetworkCloud/locations/EASTUS/operationStatuses/3f7e5a8f-844d-4e2c-9066-b81b2d3a5dcf*B0E965AEBB5A6247B18AE5AA08D2CEB57E7A499CA846E41D4FB48448D8618A6C?api-version=2022-12-12-preview
      mise-correlation-id:
      - fce8bdd7-1152-4fa4-be35-b09f286fdbc2
      pragma:
      - no-cache
      strict-transport-security:
      - max-age=31536000; includeSubDomains
      x-content-type-options:
      - nosniff
      x-ms-providerhub-traffic:
      - 'True'
      x-ms-ratelimit-remaining-subscription-writes:
      - '1199'
    status:
      code: 202
      message: Accepted
- request:
    body: null
    headers:
      Accept:
      - '*/*'
      Accept-Encoding:
      - gzip, deflate
      CommandName:
      - networkcloud storageappliance enable-remote-vendor-management
      Connection:
      - keep-alive
      ParameterSetName:
      - --resource-group --storage-appliance-name
      User-Agent:
      - AZURECLI/2.48.1 (AAZ) azsdk-python-core/1.26.4 Python/3.8.10 (Linux-5.10.102.1-microsoft-standard-WSL2-x86_64-with-glibc2.29)
    method: GET
    uri: https://management.azure.com/subscriptions/00000000-0000-0000-0000-000000000000/providers/Microsoft.NetworkCloud/locations/EASTUS/operationStatuses/3f7e5a8f-844d-4e2c-9066-b81b2d3a5dcf*B0E965AEBB5A6247B18AE5AA08D2CEB57E7A499CA846E41D4FB48448D8618A6C?api-version=2022-12-12-preview
  response:
    body:
      string: '{"id":"/subscriptions/00000000-0000-0000-0000-000000000000/providers/Microsoft.NetworkCloud/locations/EASTUS/operationStatuses/3f7e5a8f-844d-4e2c-9066-b81b2d3a5dcf*B0E965AEBB5A6247B18AE5AA08D2CEB57E7A499CA846E41D4FB48448D8618A6C","name":"3f7e5a8f-844d-4e2c-9066-b81b2d3a5dcf*B0E965AEBB5A6247B18AE5AA08D2CEB57E7A499CA846E41D4FB48448D8618A6C","resourceId":"/subscriptions/00000000-0000-0000-0000-000000000000/resourceGroups/m16-1-9c522075177c-HostedResources-07ABB5FF/providers/Microsoft.NetworkCloud/storageAppliances/b37m16purestor1","status":"Accepted","startTime":"2023-05-18T23:41:04.4001581Z"}'
    headers:
      cache-control:
      - no-cache
      content-length:
      - '597'
      content-type:
      - application/json; charset=utf-8
      date:
      - Thu, 18 May 2023 23:41:04 GMT
      etag:
      - '"4c0083aa-0000-0100-0000-6466b7900000"'
      expires:
      - '-1'
      pragma:
      - no-cache
      strict-transport-security:
      - max-age=31536000; includeSubDomains
      x-content-type-options:
      - nosniff
    status:
      code: 202
      message: Accepted
- request:
    body: null
    headers:
      Accept:
      - '*/*'
      Accept-Encoding:
      - gzip, deflate
      CommandName:
      - networkcloud storageappliance enable-remote-vendor-management
      Connection:
      - keep-alive
      ParameterSetName:
      - --resource-group --storage-appliance-name
      User-Agent:
      - AZURECLI/2.48.1 (AAZ) azsdk-python-core/1.26.4 Python/3.8.10 (Linux-5.10.102.1-microsoft-standard-WSL2-x86_64-with-glibc2.29)
    method: GET
    uri: https://management.azure.com/subscriptions/00000000-0000-0000-0000-000000000000/providers/Microsoft.NetworkCloud/locations/EASTUS/operationStatuses/3f7e5a8f-844d-4e2c-9066-b81b2d3a5dcf*B0E965AEBB5A6247B18AE5AA08D2CEB57E7A499CA846E41D4FB48448D8618A6C?api-version=2022-12-12-preview
  response:
    body:
      string: '{"id":"/subscriptions/00000000-0000-0000-0000-000000000000/providers/Microsoft.NetworkCloud/locations/EASTUS/operationStatuses/3f7e5a8f-844d-4e2c-9066-b81b2d3a5dcf*B0E965AEBB5A6247B18AE5AA08D2CEB57E7A499CA846E41D4FB48448D8618A6C","name":"3f7e5a8f-844d-4e2c-9066-b81b2d3a5dcf*B0E965AEBB5A6247B18AE5AA08D2CEB57E7A499CA846E41D4FB48448D8618A6C","resourceId":"/subscriptions/00000000-0000-0000-0000-000000000000/resourceGroups/m16-1-9c522075177c-HostedResources-07ABB5FF/providers/Microsoft.NetworkCloud/storageAppliances/b37m16purestor1","status":"Succeeded","startTime":"2023-05-18T23:41:04.4001581Z","endTime":"2023-05-18T23:41:12.9991829Z","error":{},"properties":null}'
    headers:
      cache-control:
      - no-cache
      content-length:
      - '668'
      content-type:
      - application/json; charset=utf-8
      date:
      - Thu, 18 May 2023 23:41:34 GMT
      etag:
      - '"4c00e4ab-0000-0100-0000-6466b7980000"'
      expires:
      - '-1'
      pragma:
      - no-cache
      strict-transport-security:
      - max-age=31536000; includeSubDomains
      transfer-encoding:
      - chunked
      vary:
      - Accept-Encoding
      x-content-type-options:
      - nosniff
    status:
      code: 200
      message: OK
- request:
    body: null
    headers:
      Accept:
      - '*/*'
      Accept-Encoding:
      - gzip, deflate
      CommandName:
      - networkcloud storageappliance enable-remote-vendor-management
      Connection:
      - keep-alive
      ParameterSetName:
      - --resource-group --storage-appliance-name
      User-Agent:
      - AZURECLI/2.48.1 (AAZ) azsdk-python-core/1.26.4 Python/3.8.10 (Linux-5.10.102.1-microsoft-standard-WSL2-x86_64-with-glibc2.29)
    method: GET
    uri: https://management.azure.com/subscriptions/00000000-0000-0000-0000-000000000000/providers/Microsoft.NetworkCloud/locations/EASTUS/operationStatuses/3f7e5a8f-844d-4e2c-9066-b81b2d3a5dcf*B0E965AEBB5A6247B18AE5AA08D2CEB57E7A499CA846E41D4FB48448D8618A6C?api-version=2022-12-12-preview
  response:
    body:
      string: '{"id":"/subscriptions/00000000-0000-0000-0000-000000000000/providers/Microsoft.NetworkCloud/locations/EASTUS/operationStatuses/3f7e5a8f-844d-4e2c-9066-b81b2d3a5dcf*B0E965AEBB5A6247B18AE5AA08D2CEB57E7A499CA846E41D4FB48448D8618A6C","name":"3f7e5a8f-844d-4e2c-9066-b81b2d3a5dcf*B0E965AEBB5A6247B18AE5AA08D2CEB57E7A499CA846E41D4FB48448D8618A6C","resourceId":"/subscriptions/00000000-0000-0000-0000-000000000000/resourceGroups/m16-1-9c522075177c-HostedResources-07ABB5FF/providers/Microsoft.NetworkCloud/storageAppliances/b37m16purestor1","status":"Succeeded","startTime":"2023-05-18T23:41:04.4001581Z","endTime":"2023-05-18T23:41:12.9991829Z","error":{},"properties":null}'
    headers:
      cache-control:
      - no-cache
      content-length:
      - '668'
      content-type:
      - application/json; charset=utf-8
      date:
      - Thu, 18 May 2023 23:41:34 GMT
      etag:
      - '"4c00e4ab-0000-0100-0000-6466b7980000"'
      expires:
      - '-1'
      pragma:
      - no-cache
      strict-transport-security:
      - max-age=31536000; includeSubDomains
      transfer-encoding:
      - chunked
      vary:
      - Accept-Encoding
      x-content-type-options:
      - nosniff
    status:
      code: 200
      message: OK
- request:
    body: null
    headers:
      Accept:
      - application/json
      Accept-Encoding:
      - gzip, deflate
      CommandName:
      - networkcloud storageappliance disable-remote-vendor-management
      Connection:
      - keep-alive
      Content-Length:
      - '0'
      ParameterSetName:
      - --resource-group --storage-appliance-name
      User-Agent:
      - AZURECLI/2.48.1 (AAZ) azsdk-python-core/1.26.4 Python/3.8.10 (Linux-5.10.102.1-microsoft-standard-WSL2-x86_64-with-glibc2.29)
    method: POST
    uri: https://management.azure.com/subscriptions/00000000-0000-0000-0000-000000000000/resourceGroups/m16-1-9c522075177c-HostedResources-07ABB5FF/providers/Microsoft.NetworkCloud/storageAppliances/b37m16purestor1/disableRemoteVendorManagement?api-version=2022-12-12-preview
  response:
    body:
      string: 'null'
    headers:
      azure-asyncoperation:
      - https://management.azure.com/subscriptions/00000000-0000-0000-0000-000000000000/providers/Microsoft.NetworkCloud/locations/EASTUS/operationStatuses/7c0810bc-678c-43e5-88d0-82e6ed00a14f*B0E965AEBB5A6247B18AE5AA08D2CEB57E7A499CA846E41D4FB48448D8618A6C?api-version=2022-12-12-preview
      cache-control:
      - no-cache
      content-length:
      - '4'
      content-type:
      - application/json; charset=utf-8
      date:
      - Thu, 18 May 2023 23:41:39 GMT
      expires:
      - '-1'
      location:
      - https://management.azure.com/subscriptions/00000000-0000-0000-0000-000000000000/providers/Microsoft.NetworkCloud/locations/EASTUS/operationStatuses/7c0810bc-678c-43e5-88d0-82e6ed00a14f*B0E965AEBB5A6247B18AE5AA08D2CEB57E7A499CA846E41D4FB48448D8618A6C?api-version=2022-12-12-preview
      mise-correlation-id:
      - 07f19833-9319-4ce2-a90b-029e4fe05b66
      pragma:
      - no-cache
      strict-transport-security:
      - max-age=31536000; includeSubDomains
      x-content-type-options:
      - nosniff
      x-ms-providerhub-traffic:
      - 'True'
      x-ms-ratelimit-remaining-subscription-writes:
      - '1199'
    status:
      code: 202
      message: Accepted
- request:
    body: null
    headers:
      Accept:
      - '*/*'
      Accept-Encoding:
      - gzip, deflate
      CommandName:
      - networkcloud storageappliance disable-remote-vendor-management
      Connection:
      - keep-alive
      ParameterSetName:
      - --resource-group --storage-appliance-name
      User-Agent:
      - AZURECLI/2.48.1 (AAZ) azsdk-python-core/1.26.4 Python/3.8.10 (Linux-5.10.102.1-microsoft-standard-WSL2-x86_64-with-glibc2.29)
    method: GET
    uri: https://management.azure.com/subscriptions/00000000-0000-0000-0000-000000000000/providers/Microsoft.NetworkCloud/locations/EASTUS/operationStatuses/7c0810bc-678c-43e5-88d0-82e6ed00a14f*B0E965AEBB5A6247B18AE5AA08D2CEB57E7A499CA846E41D4FB48448D8618A6C?api-version=2022-12-12-preview
  response:
    body:
      string: '{"id":"/subscriptions/00000000-0000-0000-0000-000000000000/providers/Microsoft.NetworkCloud/locations/EASTUS/operationStatuses/7c0810bc-678c-43e5-88d0-82e6ed00a14f*B0E965AEBB5A6247B18AE5AA08D2CEB57E7A499CA846E41D4FB48448D8618A6C","name":"7c0810bc-678c-43e5-88d0-82e6ed00a14f*B0E965AEBB5A6247B18AE5AA08D2CEB57E7A499CA846E41D4FB48448D8618A6C","resourceId":"/subscriptions/00000000-0000-0000-0000-000000000000/resourceGroups/m16-1-9c522075177c-HostedResources-07ABB5FF/providers/Microsoft.NetworkCloud/storageAppliances/b37m16purestor1","status":"Accepted","startTime":"2023-05-18T23:41:37.3829492Z"}'
    headers:
      cache-control:
      - no-cache
      content-length:
      - '597'
      content-type:
      - application/json; charset=utf-8
      date:
      - Thu, 18 May 2023 23:41:39 GMT
      etag:
      - '"4c002fae-0000-0100-0000-6466b7b10000"'
      expires:
      - '-1'
      pragma:
      - no-cache
      strict-transport-security:
      - max-age=31536000; includeSubDomains
      x-content-type-options:
      - nosniff
    status:
      code: 202
      message: Accepted
- request:
    body: null
    headers:
      Accept:
      - '*/*'
      Accept-Encoding:
      - gzip, deflate
      CommandName:
      - networkcloud storageappliance disable-remote-vendor-management
      Connection:
      - keep-alive
      ParameterSetName:
      - --resource-group --storage-appliance-name
      User-Agent:
      - AZURECLI/2.48.1 (AAZ) azsdk-python-core/1.26.4 Python/3.8.10 (Linux-5.10.102.1-microsoft-standard-WSL2-x86_64-with-glibc2.29)
    method: GET
    uri: https://management.azure.com/subscriptions/00000000-0000-0000-0000-000000000000/providers/Microsoft.NetworkCloud/locations/EASTUS/operationStatuses/7c0810bc-678c-43e5-88d0-82e6ed00a14f*B0E965AEBB5A6247B18AE5AA08D2CEB57E7A499CA846E41D4FB48448D8618A6C?api-version=2022-12-12-preview
  response:
    body:
      string: '{"id":"/subscriptions/00000000-0000-0000-0000-000000000000/providers/Microsoft.NetworkCloud/locations/EASTUS/operationStatuses/7c0810bc-678c-43e5-88d0-82e6ed00a14f*B0E965AEBB5A6247B18AE5AA08D2CEB57E7A499CA846E41D4FB48448D8618A6C","name":"7c0810bc-678c-43e5-88d0-82e6ed00a14f*B0E965AEBB5A6247B18AE5AA08D2CEB57E7A499CA846E41D4FB48448D8618A6C","resourceId":"/subscriptions/00000000-0000-0000-0000-000000000000/resourceGroups/m16-1-9c522075177c-HostedResources-07ABB5FF/providers/Microsoft.NetworkCloud/storageAppliances/b37m16purestor1","status":"Succeeded","startTime":"2023-05-18T23:41:37.3829492Z","endTime":"2023-05-18T23:41:44.9626342Z","error":{},"properties":null}'
    headers:
      cache-control:
      - no-cache
      content-length:
      - '668'
      content-type:
      - application/json; charset=utf-8
      date:
      - Thu, 18 May 2023 23:42:09 GMT
      etag:
      - '"4c0083af-0000-0100-0000-6466b7b80000"'
      expires:
      - '-1'
      pragma:
      - no-cache
      strict-transport-security:
      - max-age=31536000; includeSubDomains
      transfer-encoding:
      - chunked
      vary:
      - Accept-Encoding
      x-content-type-options:
      - nosniff
    status:
      code: 200
      message: OK
- request:
    body: null
    headers:
      Accept:
      - '*/*'
      Accept-Encoding:
      - gzip, deflate
      CommandName:
      - networkcloud storageappliance disable-remote-vendor-management
      Connection:
      - keep-alive
      ParameterSetName:
      - --resource-group --storage-appliance-name
      User-Agent:
      - AZURECLI/2.48.1 (AAZ) azsdk-python-core/1.26.4 Python/3.8.10 (Linux-5.10.102.1-microsoft-standard-WSL2-x86_64-with-glibc2.29)
    method: GET
    uri: https://management.azure.com/subscriptions/00000000-0000-0000-0000-000000000000/providers/Microsoft.NetworkCloud/locations/EASTUS/operationStatuses/7c0810bc-678c-43e5-88d0-82e6ed00a14f*B0E965AEBB5A6247B18AE5AA08D2CEB57E7A499CA846E41D4FB48448D8618A6C?api-version=2022-12-12-preview
  response:
    body:
      string: '{"id":"/subscriptions/00000000-0000-0000-0000-000000000000/providers/Microsoft.NetworkCloud/locations/EASTUS/operationStatuses/7c0810bc-678c-43e5-88d0-82e6ed00a14f*B0E965AEBB5A6247B18AE5AA08D2CEB57E7A499CA846E41D4FB48448D8618A6C","name":"7c0810bc-678c-43e5-88d0-82e6ed00a14f*B0E965AEBB5A6247B18AE5AA08D2CEB57E7A499CA846E41D4FB48448D8618A6C","resourceId":"/subscriptions/00000000-0000-0000-0000-000000000000/resourceGroups/m16-1-9c522075177c-HostedResources-07ABB5FF/providers/Microsoft.NetworkCloud/storageAppliances/b37m16purestor1","status":"Succeeded","startTime":"2023-05-18T23:41:37.3829492Z","endTime":"2023-05-18T23:41:44.9626342Z","error":{},"properties":null}'
    headers:
      cache-control:
      - no-cache
      content-length:
      - '668'
      content-type:
      - application/json; charset=utf-8
      date:
      - Thu, 18 May 2023 23:42:09 GMT
      etag:
      - '"4c0083af-0000-0100-0000-6466b7b80000"'
      expires:
      - '-1'
      pragma:
      - no-cache
      strict-transport-security:
      - max-age=31536000; includeSubDomains
      transfer-encoding:
      - chunked
      vary:
      - Accept-Encoding
      x-content-type-options:
      - nosniff
    status:
      code: 200
      message: OK
- request:
    body: null
    headers:
      Accept:
      - application/json
      Accept-Encoding:
      - gzip, deflate
      CommandName:
      - networkcloud storageappliance show
      Connection:
      - keep-alive
      ParameterSetName:
      - --resource-group --storage-appliance-name
      User-Agent:
      - AZURECLI/2.48.1 (AAZ) azsdk-python-core/1.26.4 Python/3.8.10 (Linux-5.10.102.1-microsoft-standard-WSL2-x86_64-with-glibc2.29)
    method: GET
    uri: https://management.azure.com/subscriptions/00000000-0000-0000-0000-000000000000/resourceGroups/m16-1-9c522075177c-HostedResources-07ABB5FF/providers/Microsoft.NetworkCloud/storageAppliances/b37m16purestor1?api-version=2022-12-12-preview
  response:
    body:
      string: '{"id":"/subscriptions/00000000-0000-0000-0000-000000000000/resourceGroups/m16-1-9c522075177c-HostedResources-07ABB5FF/providers/Microsoft.NetworkCloud/storageAppliances/b37m16purestor1","name":"b37m16purestor1","type":"microsoft.networkcloud/storageappliances","location":"eastus","extendedLocation":{"name":"/subscriptions/00000000-0000-0000-0000-000000000000/resourceGroups/m16-1-9c522075177c-hostedresources-07abb5ff/providers/microsoft.extendedlocation/customlocations/m16-1-9c522075177c-cstm-loc","type":"CustomLocation"},"tags":{"CreatedBy":"/subscriptions/00000000-0000-0000-0000-000000000000/resourceGroups/m16-1-9c522075177c-hostedresources-07abb5ff/providers/microsoft.extendedlocation/customlocations/m16-1-9c522075177c-cstm-loc/resourcesyncrules/storageapplianceshydrationrule"},"systemData":{"createdBy":"319f651f-7ddb-4fc6-9857-7aef9250bd05","createdByType":"Application","createdAt":"2023-05-09T04:49:02.2693193Z","lastModifiedBy":"319f651f-7ddb-4fc6-9857-7aef9250bd05","lastModifiedByType":"Application","lastModifiedAt":"2023-05-18T23:41:45.8909539Z"},"properties":{"rackId":"/subscriptions/00000000-0000-0000-0000-000000000000/resourceGroups/m16-1-9c522075177c-HostedResources-07ABB5FF/providers/Microsoft.NetworkCloud/racks/b37m16r1","storageApplianceSkuId":"Pure_x70r3_9_91000GB","serialNumber":"serial","rackSlot":1,"administratorCredentials":{"username":"pureuser"},"clusterId":"/subscriptions/00000000-0000-0000-0000-000000000000/resourceGroups/m16-1-cluster/providers/Microsoft.NetworkCloud/clusters/m16-1-9c522075177c","detailedStatus":"Available","detailedStatusMessage":"OK","managementIpv4Address":"172.29.70.60","capacity":11792,"capacityUsed":1,"remoteVendorManagementStatus":"Disabled","remoteVendorManagementFeature":"Supported","provisioningState":"Succeeded"}}'
    headers:
      cache-control:
      - no-cache
      content-length:
      - '1794'
      content-type:
      - application/json; charset=utf-8
      date:
      - Thu, 18 May 2023 23:42:11 GMT
      etag:
      - '"420000ef-0000-0100-0000-6466b7b90000"'
      expires:
      - '-1'
      pragma:
      - no-cache
      strict-transport-security:
      - max-age=31536000; includeSubDomains
      transfer-encoding:
      - chunked
      vary:
      - Accept-Encoding
      x-content-type-options:
      - nosniff
      x-ms-providerhub-traffic:
      - 'True'
    status:
      code: 200
      message: OK
- request:
    body: null
    headers:
      Accept:
      - application/json
      Accept-Encoding:
      - gzip, deflate
      CommandName:
      - networkcloud storageappliance list
      Connection:
      - keep-alive
      User-Agent:
      - AZURECLI/2.48.1 (AAZ) azsdk-python-core/1.26.4 Python/3.8.10 (Linux-5.10.102.1-microsoft-standard-WSL2-x86_64-with-glibc2.29)
    method: GET
    uri: https://management.azure.com/subscriptions/00000000-0000-0000-0000-000000000000/providers/Microsoft.NetworkCloud/storageAppliances?api-version=2022-12-12-preview
  response:
    body:
      string: '{"value":[{"id":"/subscriptions/00000000-0000-0000-0000-000000000000/resourceGroups/simulator-HostedResources-79D8EB80/providers/Microsoft.NetworkCloud/storageAppliances/storage-appliance","name":"storage-appliance","type":"microsoft.networkcloud/storageappliances","location":"westus3","extendedLocation":{"name":"/subscriptions/00000000-0000-0000-0000-000000000000/resourceGroups/simulator-hostedresources-79d8eb80/providers/microsoft.extendedlocation/customlocations/simulator-cstm-loc","type":"CustomLocation"},"tags":{"CreatedBy":"/subscriptions/00000000-0000-0000-0000-000000000000/resourceGroups/simulator-hostedresources-79d8eb80/providers/microsoft.extendedlocation/customlocations/simulator-cstm-loc/resourcesyncrules/storageapplianceshydrationrule"},"systemData":{"createdBy":"319f651f-7ddb-4fc6-9857-7aef9250bd05","createdByType":"Application","createdAt":"2023-03-30T18:27:12.6434249Z","lastModifiedBy":"319f651f-7ddb-4fc6-9857-7aef9250bd05","lastModifiedByType":"Application","lastModifiedAt":"2023-03-30T18:27:15.644596Z"},"properties":{"rackId":"/subscriptions/00000000-0000-0000-0000-000000000000/resourceGroups/simulator-HostedResources-79D8EB80/providers/Microsoft.NetworkCloud/racks/aa1234","storageApplianceSkuId":"Pure_x70r3_9_91000GB","serialNumber":"SA1912XXX","rackSlot":11,"administratorCredentials":{"username":"username"},"detailedStatus":"Provisioning","detailedStatusMessage":"StorageAppliance
        pureCfg not ready","provisioningState":"Succeeded"}},{"id":"/subscriptions/00000000-0000-0000-0000-000000000000/resourceGroups/simulator212981102-HostedResources-5997170C/providers/Microsoft.NetworkCloud/storageAppliances/storage-appliance-82vpzkg46x","name":"storage-appliance-82vpzkg46x","type":"microsoft.networkcloud/storageappliances","location":"eastus","extendedLocation":{"name":"/subscriptions/00000000-0000-0000-0000-000000000000/resourceGroups/simulator212981102-hostedresources-5997170c/providers/microsoft.extendedlocation/customlocations/simulator212981102-cstm-loc","type":"CustomLocation"},"tags":{"CreatedBy":"/subscriptions/00000000-0000-0000-0000-000000000000/resourceGroups/simulator212981102-hostedresources-5997170c/providers/microsoft.extendedlocation/customlocations/simulator212981102-cstm-loc/resourcesyncrules/sahydrationproc"},"systemData":{"createdBy":"319f651f-7ddb-4fc6-9857-7aef9250bd05","createdByType":"Application","createdAt":"2022-11-17T21:52:43.0753182Z","lastModifiedBy":"319f651f-7ddb-4fc6-9857-7aef9250bd05","lastModifiedByType":"Application","lastModifiedAt":"2022-11-17T21:53:14.2164037Z"},"properties":{"rackId":"/subscriptions/00000000-0000-0000-0000-000000000000/resourceGroups/simulator212981102-HostedResources-5997170C/providers/Microsoft.NetworkCloud/racks/aa1234","storageApplianceSkuId":"Pure_x70r3_9_91000GB","serialNumber":"SA13120XXX","rackSlot":11,"administratorCredentials":{"username":"username"},"provisioningState":"Succeeded","clusterId":"/subscriptions/00000000-0000-0000-0000-000000000000/resourceGroups/rundataextract-test/providers/Microsoft.NetworkCloud/clusters/simulator212981102","managementIpv4Address":"10.10.0.210"}},{"id":"/subscriptions/00000000-0000-0000-0000-000000000000/resourceGroups/simulator993130908-HostedResources-622723AD/providers/Microsoft.NetworkCloud/storageAppliances/storage-appliance-n8q5wd9sl4","name":"storage-appliance-n8q5wd9sl4","type":"microsoft.networkcloud/storageappliances","location":"eastus","extendedLocation":{"name":"/subscriptions/00000000-0000-0000-0000-000000000000/resourceGroups/simulator993130908-hostedresources-622723ad/providers/microsoft.extendedlocation/customlocations/simulator993130908-cstm-loc","type":"CustomLocation"},"tags":{"CreatedBy":"/subscriptions/00000000-0000-0000-0000-000000000000/resourceGroups/simulator993130908-hostedresources-622723ad/providers/microsoft.extendedlocation/customlocations/simulator993130908-cstm-loc/resourcesyncrules/storageapplianceshydrationrule"},"systemData":{"createdBy":"319f651f-7ddb-4fc6-9857-7aef9250bd05","createdByType":"Application","createdAt":"2022-11-17T23:52:01.1704546Z","lastModifiedBy":"319f651f-7ddb-4fc6-9857-7aef9250bd05","lastModifiedByType":"Application","lastModifiedAt":"2022-11-17T23:53:02.5759256Z"},"properties":{"rackId":"/subscriptions/00000000-0000-0000-0000-000000000000/resourceGroups/simulator993130908-HostedResources-622723AD/providers/Microsoft.NetworkCloud/racks/aa1234","storageApplianceSkuId":"Pure_x70r3_9_91000GB","serialNumber":"SA1912XXX","rackSlot":11,"administratorCredentials":{"username":"username"},"provisioningState":"Succeeded","clusterId":"/subscriptions/00000000-0000-0000-0000-000000000000/resourceGroups/jm-sim-2/providers/Microsoft.NetworkCloud/clusters/simulator993130908","managementIpv4Address":"10.10.0.91"}},{"id":"/subscriptions/00000000-0000-0000-0000-000000000000/resourceGroups/simulator3183210073-HostedResources-48C8BD25/providers/Microsoft.NetworkCloud/storageAppliances/storage-appliance-vbl96spw7d","name":"storage-appliance-vbl96spw7d","type":"microsoft.networkcloud/storageappliances","location":"eastus","extendedLocation":{"name":"/subscriptions/00000000-0000-0000-0000-000000000000/resourceGroups/simulator3183210073-hostedresources-48c8bd25/providers/microsoft.extendedlocation/customlocations/simulator3183210073-cstm-loc","type":"CustomLocation"},"tags":{"CreatedBy":"/subscriptions/00000000-0000-0000-0000-000000000000/resourceGroups/simulator3183210073-hostedresources-48c8bd25/providers/microsoft.extendedlocation/customlocations/simulator3183210073-cstm-loc/resourcesyncrules/sahydrationproc"},"systemData":{"createdBy":"319f651f-7ddb-4fc6-9857-7aef9250bd05","createdByType":"Application","createdAt":"2022-11-18T17:43:06.6813943Z","lastModifiedBy":"319f651f-7ddb-4fc6-9857-7aef9250bd05","lastModifiedByType":"Application","lastModifiedAt":"2022-11-18T17:43:08.775222Z"},"properties":{"rackId":"/subscriptions/00000000-0000-0000-0000-000000000000/resourceGroups/simulator3183210073-HostedResources-48C8BD25/providers/Microsoft.NetworkCloud/racks/aa1234","storageApplianceSkuId":"Pure_x70r3_9_91000GB","serialNumber":"SA1912XXX","rackSlot":11,"administratorCredentials":{"username":"username"},"clusterId":"/subscriptions/00000000-0000-0000-0000-000000000000/resourceGroups/mattj-sim-rg2/providers/Microsoft.NetworkCloud/clusters/simulator3183210073","managementIpv4Address":"10.10.0.168","provisioningState":"Succeeded"}},{"id":"/subscriptions/00000000-0000-0000-0000-000000000000/resourceGroups/simulator2196025594-HostedResources-688157B8/providers/Microsoft.NetworkCloud/storageAppliances/storage-appliance-6d66hnzmfq","name":"storage-appliance-6d66hnzmfq","type":"microsoft.networkcloud/storageappliances","location":"eastus","extendedLocation":{"name":"/subscriptions/00000000-0000-0000-0000-000000000000/resourceGroups/simulator2196025594-hostedresources-688157b8/providers/microsoft.extendedlocation/customlocations/simulator2196025594-cstm-loc","type":"CustomLocation"},"tags":{"CreatedBy":"/subscriptions/00000000-0000-0000-0000-000000000000/resourceGroups/simulator2196025594-hostedresources-688157b8/providers/microsoft.extendedlocation/customlocations/simulator2196025594-cstm-loc/resourcesyncrules/sahydrationproc"},"systemData":{"createdBy":"319f651f-7ddb-4fc6-9857-7aef9250bd05","createdByType":"Application","createdAt":"2022-11-18T18:57:41.425167Z","lastModifiedBy":"319f651f-7ddb-4fc6-9857-7aef9250bd05","lastModifiedByType":"Application","lastModifiedAt":"2022-11-18T18:57:49.6598886Z"},"properties":{"rackId":"/subscriptions/00000000-0000-0000-0000-000000000000/resourceGroups/simulator2196025594-HostedResources-688157B8/providers/Microsoft.NetworkCloud/racks/aa1234","storageApplianceSkuId":"Pure_x70r3_9_91000GB","serialNumber":"SA13120XXX","rackSlot":11,"administratorCredentials":{"username":"username"},"provisioningState":"Succeeded","clusterId":"/subscriptions/00000000-0000-0000-0000-000000000000/resourceGroups/jm-test/providers/Microsoft.NetworkCloud/clusters/simulator2196025594","managementIpv4Address":"10.10.0.116"}},{"id":"/subscriptions/00000000-0000-0000-0000-000000000000/resourceGroups/simulator-HostedResources-0C81871F/providers/Microsoft.NetworkCloud/storageAppliances/storage-appliance-qpt4bm98b4","name":"storage-appliance-qpt4bm98b4","type":"microsoft.networkcloud/storageappliances","location":"eastus","extendedLocation":{"name":"/subscriptions/00000000-0000-0000-0000-000000000000/resourceGroups/simulator-hostedresources-0c81871f/providers/microsoft.extendedlocation/customlocations/simulator-2afe96c8-cstm-loc","type":"CustomLocation"},"tags":{"CreatedBy":"/subscriptions/00000000-0000-0000-0000-000000000000/resourceGroups/simulator-hostedresources-0c81871f/providers/microsoft.extendedlocation/customlocations/simulator-2afe96c8-cstm-loc/resourcesyncrules/storageapplianceshydrationrule"},"systemData":{"createdBy":"319f651f-7ddb-4fc6-9857-7aef9250bd05","createdByType":"Application","createdAt":"2022-11-29T18:21:16.806028Z","lastModifiedBy":"319f651f-7ddb-4fc6-9857-7aef9250bd05","lastModifiedByType":"Application","lastModifiedAt":"2022-11-29T18:21:48.1691894Z"},"properties":{"rackId":"/subscriptions/00000000-0000-0000-0000-000000000000/resourceGroups/simulator-HostedResources-0C81871F/providers/Microsoft.NetworkCloud/racks/aa1234","storageApplianceSkuId":"Pure_x70r3_9_91000GB","serialNumber":"SA1912XXX","rackSlot":11,"administratorCredentials":{"username":"username"},"provisioningState":"Succeeded","clusterId":"/subscriptions/00000000-0000-0000-0000-000000000000/resourceGroups/rickbartra-simulator/providers/Microsoft.NetworkCloud/clusters/simulator","managementIpv4Address":"10.10.0.188"}},{"id":"/subscriptions/00000000-0000-0000-0000-000000000000/resourceGroups/simulator-HostedResources-0B3185B8/providers/Microsoft.NetworkCloud/storageAppliances/storage-appliance-cdfzrhh2n6","name":"storage-appliance-cdfzrhh2n6","type":"microsoft.networkcloud/storageappliances","location":"eastus","extendedLocation":{"name":"/subscriptions/00000000-0000-0000-0000-000000000000/resourceGroups/simulator-hostedresources-0b3185b8/providers/microsoft.extendedlocation/customlocations/simulator-bc2c0821-cstm-loc","type":"CustomLocation"},"tags":{"CreatedBy":"/subscriptions/00000000-0000-0000-0000-000000000000/resourceGroups/simulator-hostedresources-0b3185b8/providers/microsoft.extendedlocation/customlocations/simulator-bc2c0821-cstm-loc/resourcesyncrules/storageapplianceshydrationrule"},"systemData":{"createdBy":"319f651f-7ddb-4fc6-9857-7aef9250bd05","createdByType":"Application","createdAt":"2022-11-30T20:18:20.3753823Z","lastModifiedBy":"319f651f-7ddb-4fc6-9857-7aef9250bd05","lastModifiedByType":"Application","lastModifiedAt":"2022-11-30T20:18:59.018495Z"},"properties":{"rackId":"/subscriptions/00000000-0000-0000-0000-000000000000/resourceGroups/simulator-HostedResources-0B3185B8/providers/Microsoft.NetworkCloud/racks/aa1234","storageApplianceSkuId":"Pure_x70r3_9_91000GB","serialNumber":"SA1912XXX","rackSlot":11,"administratorCredentials":{"username":"username"},"provisioningState":"Succeeded","clusterId":"/subscriptions/00000000-0000-0000-0000-000000000000/resourceGroups/sidneyshiba-refactor-deploy-action/providers/Microsoft.NetworkCloud/clusters/simulator","managementIpv4Address":"10.10.0.154"}},{"id":"/subscriptions/00000000-0000-0000-0000-000000000000/resourceGroups/simulator-HostedResources-1554043A/providers/Microsoft.NetworkCloud/storageAppliances/storage-appliance-mrf4tgwvrs","name":"storage-appliance-mrf4tgwvrs","type":"microsoft.networkcloud/storageappliances","location":"eastus","extendedLocation":{"name":"/subscriptions/00000000-0000-0000-0000-000000000000/resourceGroups/simulator-hostedresources-1554043a/providers/microsoft.extendedlocation/customlocations/simulator-c968e63b-cstm-loc","type":"CustomLocation"},"tags":{"CreatedBy":"/subscriptions/00000000-0000-0000-0000-000000000000/resourceGroups/simulator-hostedresources-1554043a/providers/microsoft.extendedlocation/customlocations/simulator-c968e63b-cstm-loc/resourcesyncrules/storageapplianceshydrationrule"},"systemData":{"createdBy":"319f651f-7ddb-4fc6-9857-7aef9250bd05","createdByType":"Application","createdAt":"2022-11-30T21:09:13.9268444Z","lastModifiedBy":"319f651f-7ddb-4fc6-9857-7aef9250bd05","lastModifiedByType":"Application","lastModifiedAt":"2022-11-30T21:09:46.0066359Z"},"properties":{"rackId":"/subscriptions/00000000-0000-0000-0000-000000000000/resourceGroups/simulator-HostedResources-1554043A/providers/Microsoft.NetworkCloud/racks/aa1234","storageApplianceSkuId":"Pure_x70r3_9_91000GB","serialNumber":"SA1912XXX","rackSlot":11,"administratorCredentials":{"username":"username"},"provisioningState":"Succeeded","clusterId":"/subscriptions/00000000-0000-0000-0000-000000000000/resourceGroups/mbashtovaya-sim-rg/providers/Microsoft.NetworkCloud/clusters/simulator","managementIpv4Address":"10.10.0.201"}},{"id":"/subscriptions/00000000-0000-0000-0000-000000000000/resourceGroups/simulator-HostedResources-2787B8A8/providers/Microsoft.NetworkCloud/storageAppliances/storage-appliance-6xdqvmgqkw","name":"storage-appliance-6xdqvmgqkw","type":"microsoft.networkcloud/storageappliances","location":"eastus","extendedLocation":{"name":"/subscriptions/00000000-0000-0000-0000-000000000000/resourceGroups/simulator-hostedresources-2787b8a8/providers/microsoft.extendedlocation/customlocations/simulator-e247b819-cstm-loc","type":"CustomLocation"},"tags":{"CreatedBy":"/subscriptions/00000000-0000-0000-0000-000000000000/resourceGroups/simulator-hostedresources-2787b8a8/providers/microsoft.extendedlocation/customlocations/simulator-e247b819-cstm-loc/resourcesyncrules/storageapplianceshydrationrule"},"systemData":{"createdBy":"319f651f-7ddb-4fc6-9857-7aef9250bd05","createdByType":"Application","createdAt":"2022-12-01T20:13:39.433766Z","lastModifiedBy":"319f651f-7ddb-4fc6-9857-7aef9250bd05","lastModifiedByType":"Application","lastModifiedAt":"2022-12-01T20:14:39.9313069Z"},"properties":{"rackId":"/subscriptions/00000000-0000-0000-0000-000000000000/resourceGroups/simulator-HostedResources-2787B8A8/providers/Microsoft.NetworkCloud/racks/aa1234","storageApplianceSkuId":"Pure_x70r3_9_91000GB","serialNumber":"SA1912XXX","rackSlot":11,"administratorCredentials":{"username":"username"},"provisioningState":"Succeeded","clusterId":"/subscriptions/00000000-0000-0000-0000-000000000000/resourceGroups/sangeetgupta-sim/providers/Microsoft.NetworkCloud/clusters/simulator","managementIpv4Address":"10.10.0.7"}},{"id":"/subscriptions/00000000-0000-0000-0000-000000000000/resourceGroups/simulator-HostedResources-38438A51/providers/Microsoft.NetworkCloud/storageAppliances/storage-appliance-crd2jrpdfr","name":"storage-appliance-crd2jrpdfr","type":"microsoft.networkcloud/storageappliances","location":"eastus","extendedLocation":{"name":"/subscriptions/00000000-0000-0000-0000-000000000000/resourceGroups/simulator-hostedresources-38438a51/providers/microsoft.extendedlocation/customlocations/simulator-85fdbee1-cstm-loc","type":"CustomLocation"},"tags":{"CreatedBy":"/subscriptions/00000000-0000-0000-0000-000000000000/resourceGroups/simulator-hostedresources-38438a51/providers/microsoft.extendedlocation/customlocations/simulator-85fdbee1-cstm-loc/resourcesyncrules/storageapplianceshydrationrule"},"systemData":{"createdBy":"319f651f-7ddb-4fc6-9857-7aef9250bd05","createdByType":"Application","createdAt":"2022-12-01T23:37:10.6250416Z","lastModifiedBy":"319f651f-7ddb-4fc6-9857-7aef9250bd05","lastModifiedByType":"Application","lastModifiedAt":"2022-12-01T23:37:42.3878238Z"},"properties":{"rackId":"/subscriptions/00000000-0000-0000-0000-000000000000/resourceGroups/simulator-HostedResources-38438A51/providers/Microsoft.NetworkCloud/racks/aa1234","storageApplianceSkuId":"Pure_x70r3_9_91000GB","serialNumber":"SA1912XXX","rackSlot":11,"administratorCredentials":{"username":"username"},"provisioningState":"Succeeded","clusterId":"/subscriptions/00000000-0000-0000-0000-000000000000/resourceGroups/ddejaeger-east-rg/providers/Microsoft.NetworkCloud/clusters/simulator","managementIpv4Address":"10.10.0.221"}},{"id":"/subscriptions/00000000-0000-0000-0000-000000000000/resourceGroups/simulator-HostedResources-5DAAE664/providers/Microsoft.NetworkCloud/storageAppliances/storage-appliance-c4l7n47n72","name":"storage-appliance-c4l7n47n72","type":"microsoft.networkcloud/storageappliances","location":"eastus","extendedLocation":{"name":"/subscriptions/00000000-0000-0000-0000-000000000000/resourceGroups/simulator-hostedresources-5daae664/providers/microsoft.extendedlocation/customlocations/simulator-5702f4d5-cstm-loc","type":"CustomLocation"},"tags":{"CreatedBy":"/subscriptions/00000000-0000-0000-0000-000000000000/resourceGroups/simulator-hostedresources-5daae664/providers/microsoft.extendedlocation/customlocations/simulator-5702f4d5-cstm-loc/resourcesyncrules/storageapplianceshydrationrule"},"systemData":{"createdBy":"319f651f-7ddb-4fc6-9857-7aef9250bd05","createdByType":"Application","createdAt":"2022-12-02T20:23:23.2979109Z","lastModifiedBy":"319f651f-7ddb-4fc6-9857-7aef9250bd05","lastModifiedByType":"Application","lastModifiedAt":"2022-12-02T20:23:55.0653392Z"},"properties":{"rackId":"/subscriptions/00000000-0000-0000-0000-000000000000/resourceGroups/simulator-HostedResources-5DAAE664/providers/Microsoft.NetworkCloud/racks/aa1234","storageApplianceSkuId":"Pure_x70r3_9_91000GB","serialNumber":"SA1912XXX","rackSlot":11,"administratorCredentials":{"username":"username"},"provisioningState":"Succeeded","clusterId":"/subscriptions/00000000-0000-0000-0000-000000000000/resourceGroups/aostapenko-test-rg-test-sleep/providers/Microsoft.NetworkCloud/clusters/simulator","managementIpv4Address":"10.10.0.202"}},{"id":"/subscriptions/00000000-0000-0000-0000-000000000000/resourceGroups/simulator-HostedResources-6406EE8D/providers/Microsoft.NetworkCloud/storageAppliances/storage-appliance-x2qhwd2dfx","name":"storage-appliance-x2qhwd2dfx","type":"microsoft.networkcloud/storageappliances","location":"eastus","extendedLocation":{"name":"/subscriptions/00000000-0000-0000-0000-000000000000/resourceGroups/simulator-hostedresources-6406ee8d/providers/microsoft.extendedlocation/customlocations/simulator-65a9d3f2-cstm-loc","type":"CustomLocation"},"tags":{"CreatedBy":"/subscriptions/00000000-0000-0000-0000-000000000000/resourceGroups/simulator-hostedresources-6406ee8d/providers/microsoft.extendedlocation/customlocations/simulator-65a9d3f2-cstm-loc/resourcesyncrules/storageapplianceshydrationrule"},"systemData":{"createdBy":"319f651f-7ddb-4fc6-9857-7aef9250bd05","createdByType":"Application","createdAt":"2022-12-03T09:26:17.5149342Z","lastModifiedBy":"319f651f-7ddb-4fc6-9857-7aef9250bd05","lastModifiedByType":"Application","lastModifiedAt":"2022-12-03T09:27:22.0646509Z"},"properties":{"rackId":"/subscriptions/00000000-0000-0000-0000-000000000000/resourceGroups/simulator-HostedResources-6406EE8D/providers/Microsoft.NetworkCloud/racks/aa1234","storageApplianceSkuId":"Pure_x70r3_9_91000GB","serialNumber":"SA1912XXX","rackSlot":11,"administratorCredentials":{"username":"username"},"provisioningState":"Succeeded","clusterId":"/subscriptions/00000000-0000-0000-0000-000000000000/resourceGroups/aostapenko-test-rg-isol1/providers/Microsoft.NetworkCloud/clusters/simulator","managementIpv4Address":"10.10.0.115"}},{"id":"/subscriptions/00000000-0000-0000-0000-000000000000/resourceGroups/simulator-HostedResources-1A44F0D9/providers/Microsoft.NetworkCloud/storageAppliances/storage-appliance-lrjql5sxtg","name":"storage-appliance-lrjql5sxtg","type":"microsoft.networkcloud/storageappliances","location":"eastus","extendedLocation":{"name":"/subscriptions/00000000-0000-0000-0000-000000000000/resourceGroups/simulator-hostedresources-1a44f0d9/providers/microsoft.extendedlocation/customlocations/simulator-3684adfc-cstm-loc","type":"CustomLocation"},"tags":{"CreatedBy":"/subscriptions/00000000-0000-0000-0000-000000000000/resourceGroups/simulator-hostedresources-1a44f0d9/providers/microsoft.extendedlocation/customlocations/simulator-3684adfc-cstm-loc/resourcesyncrules/storageapplianceshydrationrule"},"systemData":{"createdBy":"319f651f-7ddb-4fc6-9857-7aef9250bd05","createdByType":"Application","createdAt":"2022-12-05T17:30:17.9689527Z","lastModifiedBy":"319f651f-7ddb-4fc6-9857-7aef9250bd05","lastModifiedByType":"Application","lastModifiedAt":"2022-12-05T17:31:17.3898737Z"},"properties":{"rackId":"/subscriptions/00000000-0000-0000-0000-000000000000/resourceGroups/simulator-HostedResources-1A44F0D9/providers/Microsoft.NetworkCloud/racks/aa1234","storageApplianceSkuId":"Pure_x70r3_9_91000GB","serialNumber":"SA1912XXX","rackSlot":11,"administratorCredentials":{"username":"username"},"provisioningState":"Succeeded","clusterId":"/subscriptions/00000000-0000-0000-0000-000000000000/resourceGroups/mmceuen1-rg/providers/Microsoft.NetworkCloud/clusters/simulator","managementIpv4Address":"10.10.0.106"}},{"id":"/subscriptions/00000000-0000-0000-0000-000000000000/resourceGroups/simulator-HostedResources-24260F61/providers/Microsoft.NetworkCloud/storageAppliances/storage-appliance-49hl5krzn9","name":"storage-appliance-49hl5krzn9","type":"microsoft.networkcloud/storageappliances","location":"eastus","extendedLocation":{"name":"/subscriptions/00000000-0000-0000-0000-000000000000/resourceGroups/simulator-hostedresources-24260f61/providers/microsoft.extendedlocation/customlocations/simulator-c70ce43d-cstm-loc","type":"CustomLocation"},"tags":{"CreatedBy":"/subscriptions/00000000-0000-0000-0000-000000000000/resourceGroups/simulator-hostedresources-24260f61/providers/microsoft.extendedlocation/customlocations/simulator-c70ce43d-cstm-loc/resourcesyncrules/storageapplianceshydrationrule"},"systemData":{"createdBy":"319f651f-7ddb-4fc6-9857-7aef9250bd05","createdByType":"Application","createdAt":"2022-12-05T20:15:56.1098883Z","lastModifiedBy":"319f651f-7ddb-4fc6-9857-7aef9250bd05","lastModifiedByType":"Application","lastModifiedAt":"2022-12-05T20:16:28.9581948Z"},"properties":{"rackId":"/subscriptions/00000000-0000-0000-0000-000000000000/resourceGroups/simulator-HostedResources-24260F61/providers/Microsoft.NetworkCloud/racks/aa1234","storageApplianceSkuId":"Pure_x70r3_9_91000GB","serialNumber":"SA1912XXX","rackSlot":11,"administratorCredentials":{"username":"username"},"provisioningState":"Succeeded","clusterId":"/subscriptions/00000000-0000-0000-0000-000000000000/resourceGroups/rickbartra-sim/providers/Microsoft.NetworkCloud/clusters/simulator","managementIpv4Address":"10.10.0.184"}},{"id":"/subscriptions/00000000-0000-0000-0000-000000000000/resourceGroups/simulator-HostedResources-4A708F2B/providers/Microsoft.NetworkCloud/storageAppliances/storage-appliance-zqp7dxrvz6","name":"storage-appliance-zqp7dxrvz6","type":"microsoft.networkcloud/storageappliances","location":"eastus","extendedLocation":{"name":"/subscriptions/00000000-0000-0000-0000-000000000000/resourceGroups/simulator-hostedresources-4a708f2b/providers/microsoft.extendedlocation/customlocations/simulator-cstm-loc","type":"CustomLocation"},"tags":{"CreatedBy":"/subscriptions/00000000-0000-0000-0000-000000000000/resourceGroups/simulator-hostedresources-4a708f2b/providers/microsoft.extendedlocation/customlocations/simulator-cstm-loc/resourcesyncrules/storageapplianceshydrationrule"},"systemData":{"createdBy":"319f651f-7ddb-4fc6-9857-7aef9250bd05","createdByType":"Application","createdAt":"2022-12-22T21:18:21.4825192Z","lastModifiedBy":"319f651f-7ddb-4fc6-9857-7aef9250bd05","lastModifiedByType":"Application","lastModifiedAt":"2023-02-11T16:01:41.2928237Z"},"properties":{"rackId":"/subscriptions/00000000-0000-0000-0000-000000000000/resourceGroups/simulator-HostedResources-4A708F2B/providers/Microsoft.NetworkCloud/racks/aa1234","storageApplianceSkuId":"Pure_x70r3_9_91000GB","serialNumber":"SA1912XXX","rackSlot":11,"administratorCredentials":{"username":"username"},"clusterId":"/subscriptions/00000000-0000-0000-0000-000000000000/resourceGroups/test-rundataextract-aw2/providers/Microsoft.NetworkCloud/clusters/simulator","detailedStatus":"Error","detailedStatusMessage":"Creating
        state handler error: error logging into Pure array","managementIpv4Address":"10.10.0.27","provisioningState":"Succeeded"}},{"id":"/subscriptions/00000000-0000-0000-0000-000000000000/resourceGroups/simulator-HostedResources-183468FB/providers/Microsoft.NetworkCloud/storageAppliances/storage-appliance-wh9cppt6b8","name":"storage-appliance-wh9cppt6b8","type":"microsoft.networkcloud/storageappliances","location":"eastus","extendedLocation":{"name":"/subscriptions/00000000-0000-0000-0000-000000000000/resourceGroups/simulator-hostedresources-183468fb/providers/microsoft.extendedlocation/customlocations/simulator-cstm-loc","type":"CustomLocation"},"tags":{"CreatedBy":"/subscriptions/00000000-0000-0000-0000-000000000000/resourceGroups/simulator-hostedresources-183468fb/providers/microsoft.extendedlocation/customlocations/simulator-cstm-loc/resourcesyncrules/storageapplianceshydrationrule"},"systemData":{"createdBy":"319f651f-7ddb-4fc6-9857-7aef9250bd05","createdByType":"Application","createdAt":"2023-01-11T06:35:47.267387Z","lastModifiedBy":"319f651f-7ddb-4fc6-9857-7aef9250bd05","lastModifiedByType":"Application","lastModifiedAt":"2023-01-11T06:35:49.886002Z"},"properties":{"rackId":"/subscriptions/00000000-0000-0000-0000-000000000000/resourceGroups/simulator-HostedResources-183468FB/providers/Microsoft.NetworkCloud/racks/aa1234","storageApplianceSkuId":"Pure_x70r3_9_91000GB","serialNumber":"SA1912XXX","rackSlot":11,"administratorCredentials":{"username":"username"},"clusterId":"/subscriptions/00000000-0000-0000-0000-000000000000/resourceGroups/ckalynovskyi-grp004/providers/Microsoft.NetworkCloud/clusters/simulator","detailedStatus":"Error","detailedStatusMessage":"Creating
        state handler error: error logging into Pure array","managementIpv4Address":"10.10.0.120","provisioningState":"Succeeded"}},{"id":"/subscriptions/00000000-0000-0000-0000-000000000000/resourceGroups/simulator-HostedResources-12DBD87B/providers/Microsoft.NetworkCloud/storageAppliances/storage-appliance-pbtzcps8t7","name":"storage-appliance-pbtzcps8t7","type":"microsoft.networkcloud/storageappliances","location":"eastus","extendedLocation":{"name":"/subscriptions/00000000-0000-0000-0000-000000000000/resourceGroups/simulator-hostedresources-12dbd87b/providers/microsoft.extendedlocation/customlocations/simulator-cstm-loc","type":"CustomLocation"},"tags":{"CreatedBy":"/subscriptions/00000000-0000-0000-0000-000000000000/resourceGroups/simulator-hostedresources-12dbd87b/providers/microsoft.extendedlocation/customlocations/simulator-cstm-loc/resourcesyncrules/storageapplianceshydrationrule"},"systemData":{"createdBy":"319f651f-7ddb-4fc6-9857-7aef9250bd05","createdByType":"Application","createdAt":"2023-01-11T18:38:00.2852465Z","lastModifiedBy":"319f651f-7ddb-4fc6-9857-7aef9250bd05","lastModifiedByType":"Application","lastModifiedAt":"2023-01-11T18:38:22.3119818Z"},"properties":{"rackId":"/subscriptions/00000000-0000-0000-0000-000000000000/resourceGroups/simulator-HostedResources-12DBD87B/providers/Microsoft.NetworkCloud/racks/aa1234","storageApplianceSkuId":"Pure_x70r3_9_91000GB","serialNumber":"SA1912XXX","rackSlot":11,"administratorCredentials":{"username":"username"},"detailedStatus":"Error","detailedStatusMessage":"Creating
        state handler error: error logging into Pure array","provisioningState":"Succeeded","clusterId":"/subscriptions/00000000-0000-0000-0000-000000000000/resourceGroups/digpatil-rrrr-redfishtest/providers/Microsoft.NetworkCloud/clusters/simulator","managementIpv4Address":"10.10.0.234"}},{"id":"/subscriptions/00000000-0000-0000-0000-000000000000/resourceGroups/simulator-HostedResources-2BF8075E/providers/Microsoft.NetworkCloud/storageAppliances/storage-appliance-nnxj2xrd9x","name":"storage-appliance-nnxj2xrd9x","type":"microsoft.networkcloud/storageappliances","location":"eastus","extendedLocation":{"name":"/subscriptions/00000000-0000-0000-0000-000000000000/resourceGroups/simulator-hostedresources-2bf8075e/providers/microsoft.extendedlocation/customlocations/simulator-cstm-loc","type":"CustomLocation"},"tags":{"CreatedBy":"/subscriptions/00000000-0000-0000-0000-000000000000/resourceGroups/simulator-hostedresources-2bf8075e/providers/microsoft.extendedlocation/customlocations/simulator-cstm-loc/resourcesyncrules/storageapplianceshydrationrule"},"systemData":{"createdBy":"319f651f-7ddb-4fc6-9857-7aef9250bd05","createdByType":"Application","createdAt":"2023-01-11T21:17:16.4847761Z","lastModifiedBy":"319f651f-7ddb-4fc6-9857-7aef9250bd05","lastModifiedByType":"Application","lastModifiedAt":"2023-01-11T21:17:19.8326475Z"},"properties":{"rackId":"/subscriptions/00000000-0000-0000-0000-000000000000/resourceGroups/simulator-HostedResources-2BF8075E/providers/Microsoft.NetworkCloud/racks/aa1234","storageApplianceSkuId":"Pure_x70r3_9_91000GB","serialNumber":"SA1912XXX","rackSlot":11,"administratorCredentials":{"username":"username"},"clusterId":"/subscriptions/00000000-0000-0000-0000-000000000000/resourceGroups/ddejaeger-rg/providers/Microsoft.NetworkCloud/clusters/simulator","detailedStatus":"Error","detailedStatusMessage":"Creating
        state handler error: error logging into Pure array","managementIpv4Address":"10.10.0.127","provisioningState":"Succeeded"}},{"id":"/subscriptions/00000000-0000-0000-0000-000000000000/resourceGroups/simulator-HostedResources-3AF04B83/providers/Microsoft.NetworkCloud/storageAppliances/storage-appliance-dzj5h4xvnx","name":"storage-appliance-dzj5h4xvnx","type":"microsoft.networkcloud/storageappliances","location":"eastus","extendedLocation":{"name":"/subscriptions/00000000-0000-0000-0000-000000000000/resourceGroups/simulator-hostedresources-3af04b83/providers/microsoft.extendedlocation/customlocations/simulator-cstm-loc","type":"CustomLocation"},"tags":{"CreatedBy":"/subscriptions/00000000-0000-0000-0000-000000000000/resourceGroups/simulator-hostedresources-3af04b83/providers/microsoft.extendedlocation/customlocations/simulator-cstm-loc/resourcesyncrules/storageapplianceshydrationrule"},"systemData":{"createdBy":"319f651f-7ddb-4fc6-9857-7aef9250bd05","createdByType":"Application","createdAt":"2023-01-13T19:26:42.4336324Z","lastModifiedBy":"319f651f-7ddb-4fc6-9857-7aef9250bd05","lastModifiedByType":"Application","lastModifiedAt":"2023-01-13T19:27:44.7659534Z"},"properties":{"rackId":"/subscriptions/00000000-0000-0000-0000-000000000000/resourceGroups/simulator-HostedResources-3AF04B83/providers/Microsoft.NetworkCloud/racks/aa1234","storageApplianceSkuId":"Pure_x70r3_9_91000GB","serialNumber":"SA1912XXX","rackSlot":11,"administratorCredentials":{"username":"username"},"detailedStatus":"Error","detailedStatusMessage":"Creating
        state handler error: error logging into Pure array","provisioningState":"Succeeded","clusterId":"/subscriptions/00000000-0000-0000-0000-000000000000/resourceGroups/mmceuen3-rg/providers/Microsoft.NetworkCloud/clusters/simulator","managementIpv4Address":"10.10.0.237"}},{"id":"/subscriptions/00000000-0000-0000-0000-000000000000/resourceGroups/simulator-HostedResources-350B739D/providers/Microsoft.NetworkCloud/storageAppliances/storage-appliance-wgrf7qbxpp","name":"storage-appliance-wgrf7qbxpp","type":"microsoft.networkcloud/storageappliances","location":"eastus","extendedLocation":{"name":"/subscriptions/00000000-0000-0000-0000-000000000000/resourceGroups/simulator-hostedresources-350b739d/providers/microsoft.extendedlocation/customlocations/simulator-cstm-loc","type":"CustomLocation"},"tags":{"CreatedBy":"/subscriptions/00000000-0000-0000-0000-000000000000/resourceGroups/simulator-hostedresources-350b739d/providers/microsoft.extendedlocation/customlocations/simulator-cstm-loc/resourcesyncrules/storageapplianceshydrationrule"},"systemData":{"createdBy":"319f651f-7ddb-4fc6-9857-7aef9250bd05","createdByType":"Application","createdAt":"2023-01-13T20:35:34.4103246Z","lastModifiedBy":"319f651f-7ddb-4fc6-9857-7aef9250bd05","lastModifiedByType":"Application","lastModifiedAt":"2023-01-13T20:36:34.288286Z"},"properties":{"rackId":"/subscriptions/00000000-0000-0000-0000-000000000000/resourceGroups/simulator-HostedResources-350B739D/providers/Microsoft.NetworkCloud/racks/aa1234","storageApplianceSkuId":"Pure_x70r3_9_91000GB","serialNumber":"SA1912XXX","rackSlot":11,"administratorCredentials":{"username":"username"},"detailedStatus":"Error","detailedStatusMessage":"Creating
        state handler error: error logging into Pure array","provisioningState":"Succeeded","clusterId":"/subscriptions/00000000-0000-0000-0000-000000000000/resourceGroups/v-ceridavies-rg/providers/Microsoft.NetworkCloud/clusters/simulator","managementIpv4Address":"10.10.0.220"}},{"id":"/subscriptions/00000000-0000-0000-0000-000000000000/resourceGroups/simulator-HostedResources-60084C01/providers/Microsoft.NetworkCloud/storageAppliances/storage-appliance-xs2vcrhtwb","name":"storage-appliance-xs2vcrhtwb","type":"microsoft.networkcloud/storageappliances","location":"eastus","extendedLocation":{"name":"/subscriptions/00000000-0000-0000-0000-000000000000/resourceGroups/simulator-hostedresources-60084c01/providers/microsoft.extendedlocation/customlocations/simulator-cstm-loc","type":"CustomLocation"},"tags":{"CreatedBy":"/subscriptions/00000000-0000-0000-0000-000000000000/resourceGroups/simulator-hostedresources-60084c01/providers/microsoft.extendedlocation/customlocations/simulator-cstm-loc/resourcesyncrules/storageapplianceshydrationrule"},"systemData":{"createdBy":"319f651f-7ddb-4fc6-9857-7aef9250bd05","createdByType":"Application","createdAt":"2023-01-13T22:30:39.1254405Z","lastModifiedBy":"319f651f-7ddb-4fc6-9857-7aef9250bd05","lastModifiedByType":"Application","lastModifiedAt":"2023-01-13T22:31:10.7390236Z"},"properties":{"rackId":"/subscriptions/00000000-0000-0000-0000-000000000000/resourceGroups/simulator-HostedResources-60084C01/providers/Microsoft.NetworkCloud/racks/aa1234","storageApplianceSkuId":"Pure_x70r3_9_91000GB","serialNumber":"SA1912XXX","rackSlot":11,"administratorCredentials":{"username":"username"},"detailedStatus":"Error","detailedStatusMessage":"Creating
        state handler error: error logging into Pure array","provisioningState":"Succeeded","clusterId":"/subscriptions/00000000-0000-0000-0000-000000000000/resourceGroups/jalfred-rg/providers/Microsoft.NetworkCloud/clusters/simulator","managementIpv4Address":"10.10.0.21"}},{"id":"/subscriptions/00000000-0000-0000-0000-000000000000/resourceGroups/simulator-HostedResources-21C5D965/providers/Microsoft.NetworkCloud/storageAppliances/storage-appliance-h6rmkn7xfq","name":"storage-appliance-h6rmkn7xfq","type":"microsoft.networkcloud/storageappliances","location":"eastus","extendedLocation":{"name":"/subscriptions/00000000-0000-0000-0000-000000000000/resourceGroups/simulator-hostedresources-21c5d965/providers/microsoft.extendedlocation/customlocations/simulator-cstm-loc","type":"CustomLocation"},"tags":{"CreatedBy":"/subscriptions/00000000-0000-0000-0000-000000000000/resourceGroups/simulator-hostedresources-21c5d965/providers/microsoft.extendedlocation/customlocations/simulator-cstm-loc/resourcesyncrules/storageapplianceshydrationrule"},"systemData":{"createdBy":"319f651f-7ddb-4fc6-9857-7aef9250bd05","createdByType":"Application","createdAt":"2023-01-14T00:11:55.2763957Z","lastModifiedBy":"319f651f-7ddb-4fc6-9857-7aef9250bd05","lastModifiedByType":"Application","lastModifiedAt":"2023-01-14T00:12:56.2226689Z"},"properties":{"rackId":"/subscriptions/00000000-0000-0000-0000-000000000000/resourceGroups/simulator-HostedResources-21C5D965/providers/Microsoft.NetworkCloud/racks/aa1234","storageApplianceSkuId":"Pure_x70r3_9_91000GB","serialNumber":"SA1912XXX","rackSlot":11,"administratorCredentials":{"username":"username"},"detailedStatus":"Error","detailedStatusMessage":"Creating
        state handler error: error logging into Pure array","provisioningState":"Succeeded","clusterId":"/subscriptions/00000000-0000-0000-0000-000000000000/resourceGroups/matfuller-sim-rg/providers/Microsoft.NetworkCloud/clusters/simulator","managementIpv4Address":"10.10.0.51"}},{"id":"/subscriptions/00000000-0000-0000-0000-000000000000/resourceGroups/simulator-HostedResources-11786698/providers/Microsoft.NetworkCloud/storageAppliances/storage-appliance-pnnh4sll5p","name":"storage-appliance-pnnh4sll5p","type":"microsoft.networkcloud/storageappliances","location":"eastus","extendedLocation":{"name":"/subscriptions/00000000-0000-0000-0000-000000000000/resourceGroups/simulator-hostedresources-11786698/providers/microsoft.extendedlocation/customlocations/simulator-cstm-loc","type":"CustomLocation"},"tags":{"CreatedBy":"/subscriptions/00000000-0000-0000-0000-000000000000/resourceGroups/simulator-hostedresources-11786698/providers/microsoft.extendedlocation/customlocations/simulator-cstm-loc/resourcesyncrules/storageapplianceshydrationrule"},"systemData":{"createdBy":"319f651f-7ddb-4fc6-9857-7aef9250bd05","createdByType":"Application","createdAt":"2023-01-31T18:57:53.4964554Z","lastModifiedBy":"319f651f-7ddb-4fc6-9857-7aef9250bd05","lastModifiedByType":"Application","lastModifiedAt":"2023-01-31T18:58:22.7233091Z"},"properties":{"rackId":"/subscriptions/00000000-0000-0000-0000-000000000000/resourceGroups/simulator-HostedResources-11786698/providers/Microsoft.NetworkCloud/racks/aa1234","storageApplianceSkuId":"Pure_x70r3_9_91000GB","serialNumber":"SA1912XXX","rackSlot":11,"administratorCredentials":{"username":"username"},"detailedStatus":"Error","detailedStatusMessage":"Creating
        state handler error: error logging into Pure array","provisioningState":"Succeeded","clusterId":"/subscriptions/00000000-0000-0000-0000-000000000000/resourceGroups/fstestpipeline-rg/providers/Microsoft.NetworkCloud/clusters/simulator","managementIpv4Address":"10.10.0.95"}},{"id":"/subscriptions/00000000-0000-0000-0000-000000000000/resourceGroups/simulator-HostedResources-4DEB0127/providers/Microsoft.NetworkCloud/storageAppliances/storage-appliance","name":"storage-appliance","type":"microsoft.networkcloud/storageappliances","location":"eastus","extendedLocation":{"name":"/subscriptions/00000000-0000-0000-0000-000000000000/resourceGroups/simulator-hostedresources-4deb0127/providers/microsoft.extendedlocation/customlocations/simulator-cstm-loc","type":"CustomLocation"},"tags":{"CreatedBy":"/subscriptions/00000000-0000-0000-0000-000000000000/resourceGroups/simulator-hostedresources-4deb0127/providers/microsoft.extendedlocation/customlocations/simulator-cstm-loc/resourcesyncrules/storageapplianceshydrationrule"},"systemData":{"createdBy":"319f651f-7ddb-4fc6-9857-7aef9250bd05","createdByType":"Application","createdAt":"2023-03-11T22:23:39.5818203Z","lastModifiedBy":"319f651f-7ddb-4fc6-9857-7aef9250bd05","lastModifiedByType":"Application","lastModifiedAt":"2023-03-16T19:09:17.1148765Z"},"properties":{"rackId":"/subscriptions/00000000-0000-0000-0000-000000000000/resourceGroups/simulator-HostedResources-4DEB0127/providers/Microsoft.NetworkCloud/racks/aa1234","storageApplianceSkuId":"Pure_x70r3_9_91000GB","serialNumber":"SA1912XXX","rackSlot":11,"administratorCredentials":{"username":"username"},"detailedStatus":"Provisioning","detailedStatusMessage":"StorageAppliance
        pureCfg not ready","provisioningState":"Succeeded"}},{"id":"/subscriptions/00000000-0000-0000-0000-000000000000/resourceGroups/simulator-HostedResources-7CA83657/providers/Microsoft.NetworkCloud/storageAppliances/storage-appliance","name":"storage-appliance","type":"microsoft.networkcloud/storageappliances","location":"eastus","extendedLocation":{"name":"/subscriptions/00000000-0000-0000-0000-000000000000/resourceGroups/simulator-hostedresources-7ca83657/providers/microsoft.extendedlocation/customlocations/simulator-cstm-loc","type":"CustomLocation"},"tags":{"CreatedBy":"/subscriptions/00000000-0000-0000-0000-000000000000/resourceGroups/simulator-hostedresources-7ca83657/providers/microsoft.extendedlocation/customlocations/simulator-cstm-loc/resourcesyncrules/storageapplianceshydrationrule"},"systemData":{"createdBy":"319f651f-7ddb-4fc6-9857-7aef9250bd05","createdByType":"Application","createdAt":"2023-03-28T00:41:13.4514606Z","lastModifiedBy":"319f651f-7ddb-4fc6-9857-7aef9250bd05","lastModifiedByType":"Application","lastModifiedAt":"2023-03-28T00:41:19.4010614Z"},"properties":{"rackId":"/subscriptions/00000000-0000-0000-0000-000000000000/resourceGroups/simulator-HostedResources-7CA83657/providers/Microsoft.NetworkCloud/racks/aa1234","storageApplianceSkuId":"Pure_x70r3_9_91000GB","serialNumber":"SA1912XXX","rackSlot":11,"administratorCredentials":{"username":"username"},"detailedStatus":"Provisioning","detailedStatusMessage":"StorageAppliance
        pureCfg not ready","provisioningState":"Succeeded"}},{"id":"/subscriptions/00000000-0000-0000-0000-000000000000/resourceGroups/simulator-HostedResources-229F0678/providers/Microsoft.NetworkCloud/storageAppliances/storage-appliance","name":"storage-appliance","type":"microsoft.networkcloud/storageappliances","location":"eastus","extendedLocation":{"name":"/subscriptions/00000000-0000-0000-0000-000000000000/resourceGroups/simulator-hostedresources-229f0678/providers/microsoft.extendedlocation/customlocations/simulator-cstm-loc","type":"CustomLocation"},"tags":{"CreatedBy":"/subscriptions/00000000-0000-0000-0000-000000000000/resourceGroups/simulator-hostedresources-229f0678/providers/microsoft.extendedlocation/customlocations/simulator-cstm-loc/resourcesyncrules/storageapplianceshydrationrule"},"systemData":{"createdBy":"319f651f-7ddb-4fc6-9857-7aef9250bd05","createdByType":"Application","createdAt":"2023-03-29T05:39:14.2447835Z","lastModifiedBy":"319f651f-7ddb-4fc6-9857-7aef9250bd05","lastModifiedByType":"Application","lastModifiedAt":"2023-03-29T05:39:16.0028173Z"},"properties":{"rackId":"/subscriptions/00000000-0000-0000-0000-000000000000/resourceGroups/simulator-HostedResources-229F0678/providers/Microsoft.NetworkCloud/racks/aa1234","storageApplianceSkuId":"Pure_x70r3_9_91000GB","serialNumber":"SA1912XXX","rackSlot":11,"administratorCredentials":{"username":"username"},"detailedStatus":"Provisioning","detailedStatusMessage":"StorageAppliance
        pureCfg not ready","provisioningState":"Succeeded"}},{"id":"/subscriptions/00000000-0000-0000-0000-000000000000/resourceGroups/simulator-HostedResources-7ED45DDF/providers/Microsoft.NetworkCloud/storageAppliances/storage-appliance","name":"storage-appliance","type":"microsoft.networkcloud/storageappliances","location":"eastus","extendedLocation":{"name":"/subscriptions/00000000-0000-0000-0000-000000000000/resourceGroups/simulator-hostedresources-7ed45ddf/providers/microsoft.extendedlocation/customlocations/simulator-cstm-loc","type":"CustomLocation"},"tags":{"CreatedBy":"/subscriptions/00000000-0000-0000-0000-000000000000/resourceGroups/simulator-hostedresources-7ed45ddf/providers/microsoft.extendedlocation/customlocations/simulator-cstm-loc/resourcesyncrules/storageapplianceshydrationrule"},"systemData":{"createdBy":"319f651f-7ddb-4fc6-9857-7aef9250bd05","createdByType":"Application","createdAt":"2023-04-10T17:28:45.3637766Z","lastModifiedBy":"319f651f-7ddb-4fc6-9857-7aef9250bd05","lastModifiedByType":"Application","lastModifiedAt":"2023-04-10T17:28:50.6942705Z"},"properties":{"rackId":"/subscriptions/00000000-0000-0000-0000-000000000000/resourceGroups/simulator-HostedResources-7ED45DDF/providers/Microsoft.NetworkCloud/racks/aa1234","storageApplianceSkuId":"Pure_x70r3_9_91000GB","serialNumber":"SA13120XXX","rackSlot":11,"administratorCredentials":{"username":"username"},"detailedStatus":"Provisioning","detailedStatusMessage":"StorageAppliance
        pureCfg not ready","provisioningState":"Succeeded"}},{"id":"/subscriptions/00000000-0000-0000-0000-000000000000/resourceGroups/simulator-HostedResources-02640C46/providers/Microsoft.NetworkCloud/storageAppliances/storage-appliance","name":"storage-appliance","type":"microsoft.networkcloud/storageappliances","location":"eastus","extendedLocation":{"name":"/subscriptions/00000000-0000-0000-0000-000000000000/resourceGroups/simulator-hostedresources-02640c46/providers/microsoft.extendedlocation/customlocations/simulator-cstm-loc","type":"CustomLocation"},"tags":{"CreatedBy":"/subscriptions/00000000-0000-0000-0000-000000000000/resourceGroups/simulator-hostedresources-02640c46/providers/microsoft.extendedlocation/customlocations/simulator-cstm-loc/resourcesyncrules/storageapplianceshydrationrule"},"systemData":{"createdBy":"319f651f-7ddb-4fc6-9857-7aef9250bd05","createdByType":"Application","createdAt":"2023-04-10T18:50:34.9737955Z","lastModifiedBy":"319f651f-7ddb-4fc6-9857-7aef9250bd05","lastModifiedByType":"Application","lastModifiedAt":"2023-04-10T18:50:38.4372274Z"},"properties":{"rackId":"/subscriptions/00000000-0000-0000-0000-000000000000/resourceGroups/simulator-HostedResources-02640C46/providers/Microsoft.NetworkCloud/racks/aa1234","storageApplianceSkuId":"Pure_x70r3_9_91000GB","serialNumber":"SA1912XXX","rackSlot":11,"administratorCredentials":{"username":"username"},"detailedStatus":"Provisioning","detailedStatusMessage":"StorageAppliance
        pureCfg not ready","provisioningState":"Succeeded"}},{"id":"/subscriptions/00000000-0000-0000-0000-000000000000/resourceGroups/simulator-HostedResources-2B81D203/providers/Microsoft.NetworkCloud/storageAppliances/storage-appliance","name":"storage-appliance","type":"microsoft.networkcloud/storageappliances","location":"eastus","extendedLocation":{"name":"/subscriptions/00000000-0000-0000-0000-000000000000/resourceGroups/simulator-hostedresources-2b81d203/providers/microsoft.extendedlocation/customlocations/simulator-cstm-loc","type":"CustomLocation"},"tags":{"CreatedBy":"/subscriptions/00000000-0000-0000-0000-000000000000/resourceGroups/simulator-hostedresources-2b81d203/providers/microsoft.extendedlocation/customlocations/simulator-cstm-loc/resourcesyncrules/storageapplianceshydrationrule"},"systemData":{"createdBy":"319f651f-7ddb-4fc6-9857-7aef9250bd05","createdByType":"Application","createdAt":"2023-04-13T16:24:05.0577399Z","lastModifiedBy":"319f651f-7ddb-4fc6-9857-7aef9250bd05","lastModifiedByType":"Application","lastModifiedAt":"2023-05-17T21:13:52.8707609Z"},"properties":{"rackId":"/subscriptions/00000000-0000-0000-0000-000000000000/resourceGroups/simulator-HostedResources-2B81D203/providers/Microsoft.NetworkCloud/racks/aa1234","storageApplianceSkuId":"Pure_x70r3_9_91000GB","serialNumber":"SA13120XXX","rackSlot":11,"administratorCredentials":{"username":"username"},"detailedStatus":"Provisioning","detailedStatusMessage":"StorageAppliance
        pureCfg not ready","provisioningState":"Succeeded"}},{"id":"/subscriptions/00000000-0000-0000-0000-000000000000/resourceGroups/simulator-HostedResources-106B4111/providers/Microsoft.NetworkCloud/storageAppliances/storage-appliance","name":"storage-appliance","type":"microsoft.networkcloud/storageappliances","location":"eastus","extendedLocation":{"name":"/subscriptions/00000000-0000-0000-0000-000000000000/resourceGroups/simulator-hostedresources-106b4111/providers/microsoft.extendedlocation/customlocations/simulator-cstm-loc","type":"CustomLocation"},"tags":{"CreatedBy":"/subscriptions/00000000-0000-0000-0000-000000000000/resourceGroups/simulator-hostedresources-106b4111/providers/microsoft.extendedlocation/customlocations/simulator-cstm-loc/resourcesyncrules/storageapplianceshydrationrule"},"systemData":{"createdBy":"319f651f-7ddb-4fc6-9857-7aef9250bd05","createdByType":"Application","createdAt":"2023-04-27T23:44:28.0969312Z","lastModifiedBy":"319f651f-7ddb-4fc6-9857-7aef9250bd05","lastModifiedByType":"Application","lastModifiedAt":"2023-04-27T23:44:30.7440975Z"},"properties":{"rackId":"/subscriptions/00000000-0000-0000-0000-000000000000/resourceGroups/simulator-HostedResources-106B4111/providers/Microsoft.NetworkCloud/racks/aa1234","storageApplianceSkuId":"Pure_x70r3_9_91000GB","serialNumber":"SA1912XXX","rackSlot":11,"administratorCredentials":{"username":"username"},"detailedStatus":"Provisioning","detailedStatusMessage":"StorageAppliance
        pureCfg not ready","provisioningState":"Succeeded"}},{"id":"/subscriptions/00000000-0000-0000-0000-000000000000/resourceGroups/simulator-HostedResources-7B7DD1CB/providers/Microsoft.NetworkCloud/storageAppliances/storage-appliance","name":"storage-appliance","type":"microsoft.networkcloud/storageappliances","location":"eastus","extendedLocation":{"name":"/subscriptions/00000000-0000-0000-0000-000000000000/resourceGroups/simulator-hostedresources-7b7dd1cb/providers/microsoft.extendedlocation/customlocations/simulator-cstm-loc","type":"CustomLocation"},"tags":{"CreatedBy":"/subscriptions/00000000-0000-0000-0000-000000000000/resourceGroups/simulator-hostedresources-7b7dd1cb/providers/microsoft.extendedlocation/customlocations/simulator-cstm-loc/resourcesyncrules/storageapplianceshydrationrule"},"systemData":{"createdBy":"319f651f-7ddb-4fc6-9857-7aef9250bd05","createdByType":"Application","createdAt":"2023-05-02T15:35:29.9086094Z","lastModifiedBy":"319f651f-7ddb-4fc6-9857-7aef9250bd05","lastModifiedByType":"Application","lastModifiedAt":"2023-05-02T15:35:37.7378944Z"},"properties":{"rackId":"/subscriptions/00000000-0000-0000-0000-000000000000/resourceGroups/simulator-HostedResources-7B7DD1CB/providers/Microsoft.NetworkCloud/racks/aa1234","storageApplianceSkuId":"Pure_x70r3_9_91000GB","serialNumber":"SA1912XXX","rackSlot":11,"administratorCredentials":{"username":"username"},"detailedStatus":"Provisioning","detailedStatusMessage":"StorageAppliance
        pureCfg not ready","provisioningState":"Succeeded"}},{"id":"/subscriptions/00000000-0000-0000-0000-000000000000/resourceGroups/j20-440fce2e6ce7-HostedResources-21DB109D/providers/Microsoft.NetworkCloud/storageAppliances/b37j20purestor1","name":"b37j20purestor1","type":"microsoft.networkcloud/storageappliances","location":"eastus","extendedLocation":{"name":"/subscriptions/00000000-0000-0000-0000-000000000000/resourceGroups/j20-440fce2e6ce7-hostedresources-21db109d/providers/microsoft.extendedlocation/customlocations/j20-440fce2e6ce7-cstm-loc","type":"CustomLocation"},"tags":{"CreatedBy":"/subscriptions/00000000-0000-0000-0000-000000000000/resourceGroups/j20-440fce2e6ce7-hostedresources-21db109d/providers/microsoft.extendedlocation/customlocations/j20-440fce2e6ce7-cstm-loc/resourcesyncrules/storageapplianceshydrationrule"},"systemData":{"createdBy":"319f651f-7ddb-4fc6-9857-7aef9250bd05","createdByType":"Application","createdAt":"2023-05-02T19:09:09.304441Z","lastModifiedBy":"319f651f-7ddb-4fc6-9857-7aef9250bd05","lastModifiedByType":"Application","lastModifiedAt":"2023-05-04T22:33:01.2844254Z"},"properties":{"rackId":"/subscriptions/00000000-0000-0000-0000-000000000000/resourceGroups/j20-440fce2e6ce7-HostedResources-21DB109D/providers/Microsoft.NetworkCloud/racks/b37j20r1","storageApplianceSkuId":"Pure_x70r3_9_91000GB","serialNumber":"serial","rackSlot":1,"administratorCredentials":{"username":"pureuser"},"clusterId":"/subscriptions/00000000-0000-0000-0000-000000000000/resourceGroups/j20-cluster/providers/Microsoft.NetworkCloud/clusters/j20-440fce2e6ce7","detailedStatus":"Available","detailedStatusMessage":"OK","managementIpv4Address":"172.29.19.68","provisioningState":"Succeeded","capacity":11792,"capacityUsed":33,"remoteVendorManagementStatus":"Disabled","remoteVendorManagementFeature":"Supported"}},{"id":"/subscriptions/00000000-0000-0000-0000-000000000000/resourceGroups/simulator-HostedResources-6F33D91E/providers/Microsoft.NetworkCloud/storageAppliances/storage-appliance","name":"storage-appliance","type":"microsoft.networkcloud/storageappliances","location":"eastus","extendedLocation":{"name":"/subscriptions/00000000-0000-0000-0000-000000000000/resourceGroups/simulator-hostedresources-6f33d91e/providers/microsoft.extendedlocation/customlocations/simulator-cstm-loc","type":"CustomLocation"},"tags":{"CreatedBy":"/subscriptions/00000000-0000-0000-0000-000000000000/resourceGroups/simulator-hostedresources-6f33d91e/providers/microsoft.extendedlocation/customlocations/simulator-cstm-loc/resourcesyncrules/storageapplianceshydrationrule"},"systemData":{"createdBy":"319f651f-7ddb-4fc6-9857-7aef9250bd05","createdByType":"Application","createdAt":"2023-05-03T03:59:31.9441453Z","lastModifiedBy":"319f651f-7ddb-4fc6-9857-7aef9250bd05","lastModifiedByType":"Application","lastModifiedAt":"2023-05-08T23:50:34.3601307Z"},"properties":{"rackId":"/subscriptions/00000000-0000-0000-0000-000000000000/resourceGroups/simulator-HostedResources-6F33D91E/providers/Microsoft.NetworkCloud/racks/aa1234","storageApplianceSkuId":"Pure_x70r3_9_91000GB","serialNumber":"SA1912XXX","rackSlot":11,"administratorCredentials":{"username":"username"},"detailedStatus":"Provisioning","detailedStatusMessage":"StorageAppliance
        pureCfg not ready","provisioningState":"Succeeded"}},{"id":"/subscriptions/00000000-0000-0000-0000-000000000000/resourceGroups/j25-43afbbb97bf3-HostedResources-32AB8B27/providers/Microsoft.NetworkCloud/storageAppliances/b37j25purestor1","name":"b37j25purestor1","type":"microsoft.networkcloud/storageappliances","location":"eastus","extendedLocation":{"name":"/subscriptions/00000000-0000-0000-0000-000000000000/resourceGroups/j25-43afbbb97bf3-hostedresources-32ab8b27/providers/microsoft.extendedlocation/customlocations/j25-43afbbb97bf3-cstm-loc","type":"CustomLocation"},"tags":{"CreatedBy":"/subscriptions/00000000-0000-0000-0000-000000000000/resourceGroups/j25-43afbbb97bf3-hostedresources-32ab8b27/providers/microsoft.extendedlocation/customlocations/j25-43afbbb97bf3-cstm-loc/resourcesyncrules/storageapplianceshydrationrule"},"systemData":{"createdBy":"319f651f-7ddb-4fc6-9857-7aef9250bd05","createdByType":"Application","createdAt":"2023-05-05T17:50:09.6859612Z","lastModifiedBy":"319f651f-7ddb-4fc6-9857-7aef9250bd05","lastModifiedByType":"Application","lastModifiedAt":"2023-05-16T04:49:21.8551949Z"},"properties":{"rackId":"/subscriptions/00000000-0000-0000-0000-000000000000/resourceGroups/j25-43afbbb97bf3-HostedResources-32AB8B27/providers/Microsoft.NetworkCloud/racks/b37j25r1","storageApplianceSkuId":"Pure_x70r3_9_91000GB","serialNumber":"serial","rackSlot":1,"administratorCredentials":{"username":"pureuser"},"clusterId":"/subscriptions/00000000-0000-0000-0000-000000000000/resourceGroups/j25-cluster/providers/Microsoft.NetworkCloud/clusters/j25-43afbbb97bf3","remoteVendorManagementStatus":"Disabled","remoteVendorManagementFeature":"Supported","detailedStatus":"Error","detailedStatusMessage":"Creating
        state handler error: error configuring syslog server on Pure array, name:
        syslog","managementIpv4Address":"172.29.99.20","provisioningState":"Succeeded"}},{"id":"/subscriptions/00000000-0000-0000-0000-000000000000/resourceGroups/m16-1-9c522075177c-HostedResources-07ABB5FF/providers/Microsoft.NetworkCloud/storageAppliances/b37m16purestor1","name":"b37m16purestor1","type":"microsoft.networkcloud/storageappliances","location":"eastus","extendedLocation":{"name":"/subscriptions/00000000-0000-0000-0000-000000000000/resourceGroups/m16-1-9c522075177c-hostedresources-07abb5ff/providers/microsoft.extendedlocation/customlocations/m16-1-9c522075177c-cstm-loc","type":"CustomLocation"},"tags":{"CreatedBy":"/subscriptions/00000000-0000-0000-0000-000000000000/resourceGroups/m16-1-9c522075177c-hostedresources-07abb5ff/providers/microsoft.extendedlocation/customlocations/m16-1-9c522075177c-cstm-loc/resourcesyncrules/storageapplianceshydrationrule"},"systemData":{"createdBy":"319f651f-7ddb-4fc6-9857-7aef9250bd05","createdByType":"Application","createdAt":"2023-05-09T04:49:02.2693193Z","lastModifiedBy":"319f651f-7ddb-4fc6-9857-7aef9250bd05","lastModifiedByType":"Application","lastModifiedAt":"2023-05-18T23:41:45.8909539Z"},"properties":{"rackId":"/subscriptions/00000000-0000-0000-0000-000000000000/resourceGroups/m16-1-9c522075177c-HostedResources-07ABB5FF/providers/Microsoft.NetworkCloud/racks/b37m16r1","storageApplianceSkuId":"Pure_x70r3_9_91000GB","serialNumber":"serial","rackSlot":1,"administratorCredentials":{"username":"pureuser"},"clusterId":"/subscriptions/00000000-0000-0000-0000-000000000000/resourceGroups/m16-1-cluster/providers/Microsoft.NetworkCloud/clusters/m16-1-9c522075177c","detailedStatus":"Available","detailedStatusMessage":"OK","managementIpv4Address":"172.29.70.60","capacity":11792,"capacityUsed":1,"remoteVendorManagementStatus":"Disabled","remoteVendorManagementFeature":"Supported","provisioningState":"Succeeded"}},{"id":"/subscriptions/00000000-0000-0000-0000-000000000000/resourceGroups/simulator-HostedResources-5A3087F7/providers/Microsoft.NetworkCloud/storageAppliances/storage-appliance","name":"storage-appliance","type":"microsoft.networkcloud/storageappliances","location":"eastus","extendedLocation":{"name":"/subscriptions/00000000-0000-0000-0000-000000000000/resourceGroups/simulator-hostedresources-5a3087f7/providers/microsoft.extendedlocation/customlocations/simulator-cstm-loc","type":"CustomLocation"},"tags":{"CreatedBy":"/subscriptions/00000000-0000-0000-0000-000000000000/resourceGroups/simulator-hostedresources-5a3087f7/providers/microsoft.extendedlocation/customlocations/simulator-cstm-loc/resourcesyncrules/storageapplianceshydrationrule"},"systemData":{"createdBy":"319f651f-7ddb-4fc6-9857-7aef9250bd05","createdByType":"Application","createdAt":"2023-05-11T22:35:18.0612358Z","lastModifiedBy":"319f651f-7ddb-4fc6-9857-7aef9250bd05","lastModifiedByType":"Application","lastModifiedAt":"2023-05-11T22:35:22.2961546Z"},"properties":{"rackId":"/subscriptions/00000000-0000-0000-0000-000000000000/resourceGroups/simulator-HostedResources-5A3087F7/providers/Microsoft.NetworkCloud/racks/aa1234","storageApplianceSkuId":"Pure_x70r3_9_91000GB","serialNumber":"SA1912XXX","rackSlot":11,"administratorCredentials":{"username":"username"},"detailedStatus":"Provisioning","detailedStatusMessage":"StorageAppliance
        pureCfg not ready","provisioningState":"Succeeded"}},{"id":"/subscriptions/00000000-0000-0000-0000-000000000000/resourceGroups/simulator-HostedResources-6EF92725/providers/Microsoft.NetworkCloud/storageAppliances/storage-appliance","name":"storage-appliance","type":"microsoft.networkcloud/storageappliances","location":"eastus","extendedLocation":{"name":"/subscriptions/00000000-0000-0000-0000-000000000000/resourceGroups/simulator-hostedresources-6ef92725/providers/microsoft.extendedlocation/customlocations/simulator-cstm-loc","type":"CustomLocation"},"tags":{"CreatedBy":"/subscriptions/00000000-0000-0000-0000-000000000000/resourceGroups/m16-1-9c522075177c-hostedresources-07abb5ff/providers/microsoft.extendedlocation/customlocations/m16-1-9c522075177c-cstm-loc/resourcesyncrules/storageapplianceshydrationrule"},"systemData":{"createdBy":"319f651f-7ddb-4fc6-9857-7aef9250bd05","createdByType":"Application","createdAt":"2023-05-13T01:23:28.8959836Z","lastModifiedBy":"REDACTED","lastModifiedByType":"User","lastModifiedAt":"2023-05-18T20:36:07.4723853Z"},"properties":{"rackId":"/subscriptions/00000000-0000-0000-0000-000000000000/resourceGroups/simulator-HostedResources-6EF92725/providers/Microsoft.NetworkCloud/racks/aa1234","storageApplianceSkuId":"Pure_x70r3_9_91000GB","serialNumber":"SA1912XXX","rackSlot":11,"administratorCredentials":{"username":"username"},"detailedStatus":"Provisioning","detailedStatusMessage":"StorageAppliance
        pureCfg not ready","provisioningState":"Failed"}},{"id":"/subscriptions/00000000-0000-0000-0000-000000000000/resourceGroups/simulator-HostedResources-56A42BCC/providers/Microsoft.NetworkCloud/storageAppliances/storage-appliance","name":"storage-appliance","type":"microsoft.networkcloud/storageappliances","location":"eastus","extendedLocation":{"name":"/subscriptions/00000000-0000-0000-0000-000000000000/resourceGroups/simulator-hostedresources-56a42bcc/providers/microsoft.extendedlocation/customlocations/simulator-cstm-loc","type":"CustomLocation"},"tags":{"CreatedBy":"/subscriptions/00000000-0000-0000-0000-000000000000/resourceGroups/simulator-hostedresources-56a42bcc/providers/microsoft.extendedlocation/customlocations/simulator-cstm-loc/resourcesyncrules/storageapplianceshydrationrule"},"systemData":{"createdBy":"319f651f-7ddb-4fc6-9857-7aef9250bd05","createdByType":"Application","createdAt":"2023-05-15T23:20:04.4511357Z","lastModifiedBy":"319f651f-7ddb-4fc6-9857-7aef9250bd05","lastModifiedByType":"Application","lastModifiedAt":"2023-05-15T23:20:07.10317Z"},"properties":{"rackId":"/subscriptions/00000000-0000-0000-0000-000000000000/resourceGroups/simulator-HostedResources-56A42BCC/providers/Microsoft.NetworkCloud/racks/aa1234","storageApplianceSkuId":"Pure_x70r3_9_91000GB","serialNumber":"SA1912XXX","rackSlot":11,"administratorCredentials":{"username":"username"},"detailedStatus":"Provisioning","detailedStatusMessage":"StorageAppliance
        pureCfg not ready","provisioningState":"Succeeded"}},{"id":"/subscriptions/00000000-0000-0000-0000-000000000000/resourceGroups/simulator-HostedResources-02CDA526/providers/Microsoft.NetworkCloud/storageAppliances/storage-appliance","name":"storage-appliance","type":"microsoft.networkcloud/storageappliances","location":"eastus","extendedLocation":{"name":"/subscriptions/00000000-0000-0000-0000-000000000000/resourceGroups/simulator-hostedresources-02cda526/providers/microsoft.extendedlocation/customlocations/simulator-cstm-loc","type":"CustomLocation"},"tags":{"CreatedBy":"/subscriptions/00000000-0000-0000-0000-000000000000/resourceGroups/simulator-hostedresources-02cda526/providers/microsoft.extendedlocation/customlocations/simulator-cstm-loc/resourcesyncrules/storageapplianceshydrationrule"},"systemData":{"createdBy":"319f651f-7ddb-4fc6-9857-7aef9250bd05","createdByType":"Application","createdAt":"2023-05-15T23:47:48.5015602Z","lastModifiedBy":"319f651f-7ddb-4fc6-9857-7aef9250bd05","lastModifiedByType":"Application","lastModifiedAt":"2023-05-15T23:47:51.7728002Z"},"properties":{"rackId":"/subscriptions/00000000-0000-0000-0000-000000000000/resourceGroups/simulator-HostedResources-02CDA526/providers/Microsoft.NetworkCloud/racks/aa1234","storageApplianceSkuId":"Pure_x70r3_9_91000GB","serialNumber":"SA1912XXX","rackSlot":11,"administratorCredentials":{"username":"username"},"detailedStatus":"Provisioning","detailedStatusMessage":"StorageAppliance
        pureCfg not ready","provisioningState":"Succeeded"}},{"id":"/subscriptions/00000000-0000-0000-0000-000000000000/resourceGroups/simulator-HostedResources-327ABD59/providers/Microsoft.NetworkCloud/storageAppliances/storage-appliance","name":"storage-appliance","type":"microsoft.networkcloud/storageappliances","location":"eastus","extendedLocation":{"name":"/subscriptions/00000000-0000-0000-0000-000000000000/resourceGroups/simulator-hostedresources-327abd59/providers/microsoft.extendedlocation/customlocations/simulator-cstm-loc","type":"CustomLocation"},"tags":{"CreatedBy":"/subscriptions/00000000-0000-0000-0000-000000000000/resourceGroups/simulator-hostedresources-327abd59/providers/microsoft.extendedlocation/customlocations/simulator-cstm-loc/resourcesyncrules/storageapplianceshydrationrule"},"systemData":{"createdBy":"319f651f-7ddb-4fc6-9857-7aef9250bd05","createdByType":"Application","createdAt":"2023-05-16T02:13:32.8599833Z","lastModifiedBy":"319f651f-7ddb-4fc6-9857-7aef9250bd05","lastModifiedByType":"Application","lastModifiedAt":"2023-05-16T02:13:35.6400389Z"},"properties":{"rackId":"/subscriptions/00000000-0000-0000-0000-000000000000/resourceGroups/simulator-HostedResources-327ABD59/providers/Microsoft.NetworkCloud/racks/aa1234","storageApplianceSkuId":"Pure_x70r3_9_91000GB","serialNumber":"SA1912XXX","rackSlot":11,"administratorCredentials":{"username":"username"},"detailedStatus":"Provisioning","detailedStatusMessage":"StorageAppliance
        pureCfg not ready","provisioningState":"Succeeded"}},{"id":"/subscriptions/00000000-0000-0000-0000-000000000000/resourceGroups/simulator-HostedResources-1EB7466E/providers/Microsoft.NetworkCloud/storageAppliances/storage-appliance","name":"storage-appliance","type":"microsoft.networkcloud/storageappliances","location":"eastus","extendedLocation":{"name":"/subscriptions/00000000-0000-0000-0000-000000000000/resourceGroups/simulator-hostedresources-1eb7466e/providers/microsoft.extendedlocation/customlocations/simulator-cstm-loc","type":"CustomLocation"},"tags":{"CreatedBy":"/subscriptions/00000000-0000-0000-0000-000000000000/resourceGroups/simulator-hostedresources-1eb7466e/providers/microsoft.extendedlocation/customlocations/simulator-cstm-loc/resourcesyncrules/storageapplianceshydrationrule"},"systemData":{"createdBy":"319f651f-7ddb-4fc6-9857-7aef9250bd05","createdByType":"Application","createdAt":"2023-05-16T05:16:41.8542582Z","lastModifiedBy":"319f651f-7ddb-4fc6-9857-7aef9250bd05","lastModifiedByType":"Application","lastModifiedAt":"2023-05-16T05:16:44.4782017Z"},"properties":{"rackId":"/subscriptions/00000000-0000-0000-0000-000000000000/resourceGroups/simulator-HostedResources-1EB7466E/providers/Microsoft.NetworkCloud/racks/aa1234","storageApplianceSkuId":"Pure_x70r3_9_91000GB","serialNumber":"SA1912XXX","rackSlot":11,"administratorCredentials":{"username":"username"},"detailedStatus":"Provisioning","detailedStatusMessage":"StorageAppliance
        pureCfg not ready","provisioningState":"Succeeded"}},{"id":"/subscriptions/00000000-0000-0000-0000-000000000000/resourceGroups/simulator-HostedResources-62871B54/providers/Microsoft.NetworkCloud/storageAppliances/storage-appliance","name":"storage-appliance","type":"microsoft.networkcloud/storageappliances","location":"eastus","extendedLocation":{"name":"/subscriptions/00000000-0000-0000-0000-000000000000/resourceGroups/simulator-hostedresources-62871b54/providers/microsoft.extendedlocation/customlocations/simulator-cstm-loc","type":"CustomLocation"},"tags":{"CreatedBy":"/subscriptions/00000000-0000-0000-0000-000000000000/resourceGroups/simulator-hostedresources-62871b54/providers/microsoft.extendedlocation/customlocations/simulator-cstm-loc/resourcesyncrules/storageapplianceshydrationrule"},"systemData":{"createdBy":"319f651f-7ddb-4fc6-9857-7aef9250bd05","createdByType":"Application","createdAt":"2023-05-16T15:47:50.5770953Z","lastModifiedBy":"319f651f-7ddb-4fc6-9857-7aef9250bd05","lastModifiedByType":"Application","lastModifiedAt":"2023-05-16T15:47:53.5867523Z"},"properties":{"rackId":"/subscriptions/00000000-0000-0000-0000-000000000000/resourceGroups/simulator-HostedResources-62871B54/providers/Microsoft.NetworkCloud/racks/aa1234","storageApplianceSkuId":"Pure_x70r3_9_91000GB","serialNumber":"SA1912XXX","rackSlot":11,"administratorCredentials":{"username":"username"},"detailedStatus":"Provisioning","detailedStatusMessage":"StorageAppliance
        pureCfg not ready","provisioningState":"Succeeded"}},{"id":"/subscriptions/00000000-0000-0000-0000-000000000000/resourceGroups/simulator-HostedResources-5A34CBD8/providers/Microsoft.NetworkCloud/storageAppliances/storage-appliance","name":"storage-appliance","type":"microsoft.networkcloud/storageappliances","location":"eastus","extendedLocation":{"name":"/subscriptions/00000000-0000-0000-0000-000000000000/resourceGroups/simulator-hostedresources-5a34cbd8/providers/microsoft.extendedlocation/customlocations/simulator-cstm-loc","type":"CustomLocation"},"tags":{"CreatedBy":"/subscriptions/00000000-0000-0000-0000-000000000000/resourceGroups/simulator-hostedresources-5a34cbd8/providers/microsoft.extendedlocation/customlocations/simulator-cstm-loc/resourcesyncrules/storageapplianceshydrationrule"},"systemData":{"createdBy":"319f651f-7ddb-4fc6-9857-7aef9250bd05","createdByType":"Application","createdAt":"2023-05-16T16:58:22.799628Z","lastModifiedBy":"319f651f-7ddb-4fc6-9857-7aef9250bd05","lastModifiedByType":"Application","lastModifiedAt":"2023-05-16T16:58:25.6951355Z"},"properties":{"rackId":"/subscriptions/00000000-0000-0000-0000-000000000000/resourceGroups/simulator-HostedResources-5A34CBD8/providers/Microsoft.NetworkCloud/racks/aa1234","storageApplianceSkuId":"Pure_x70r3_9_91000GB","serialNumber":"SA1912XXX","rackSlot":11,"administratorCredentials":{"username":"username"},"detailedStatus":"Provisioning","detailedStatusMessage":"StorageAppliance
        pureCfg not ready","provisioningState":"Succeeded"}},{"id":"/subscriptions/00000000-0000-0000-0000-000000000000/resourceGroups/simulator-HostedResources-6230D082/providers/Microsoft.NetworkCloud/storageAppliances/storage-appliance","name":"storage-appliance","type":"microsoft.networkcloud/storageappliances","location":"eastus","extendedLocation":{"name":"/subscriptions/00000000-0000-0000-0000-000000000000/resourceGroups/simulator-hostedresources-6230d082/providers/microsoft.extendedlocation/customlocations/simulator-cstm-loc","type":"CustomLocation"},"tags":{"CreatedBy":"/subscriptions/00000000-0000-0000-0000-000000000000/resourceGroups/simulator-hostedresources-6230d082/providers/microsoft.extendedlocation/customlocations/simulator-cstm-loc/resourcesyncrules/storageapplianceshydrationrule"},"systemData":{"createdBy":"319f651f-7ddb-4fc6-9857-7aef9250bd05","createdByType":"Application","createdAt":"2023-05-16T21:01:54.4840834Z","lastModifiedBy":"319f651f-7ddb-4fc6-9857-7aef9250bd05","lastModifiedByType":"Application","lastModifiedAt":"2023-05-16T21:01:57.3015553Z"},"properties":{"rackId":"/subscriptions/00000000-0000-0000-0000-000000000000/resourceGroups/simulator-HostedResources-6230D082/providers/Microsoft.NetworkCloud/racks/aa1234","storageApplianceSkuId":"Pure_x70r3_9_91000GB","serialNumber":"SA1912XXX","rackSlot":11,"administratorCredentials":{"username":"username"},"detailedStatus":"Provisioning","detailedStatusMessage":"StorageAppliance
        pureCfg not ready","provisioningState":"Succeeded"}},{"id":"/subscriptions/00000000-0000-0000-0000-000000000000/resourceGroups/simulator-HostedResources-210FEF31/providers/Microsoft.NetworkCloud/storageAppliances/storage-appliance","name":"storage-appliance","type":"microsoft.networkcloud/storageappliances","location":"eastus","extendedLocation":{"name":"/subscriptions/00000000-0000-0000-0000-000000000000/resourceGroups/simulator-hostedresources-210fef31/providers/microsoft.extendedlocation/customlocations/simulator-cstm-loc","type":"CustomLocation"},"tags":{"CreatedBy":"/subscriptions/00000000-0000-0000-0000-000000000000/resourceGroups/simulator-hostedresources-210fef31/providers/microsoft.extendedlocation/customlocations/simulator-cstm-loc/resourcesyncrules/storageapplianceshydrationrule"},"systemData":{"createdBy":"319f651f-7ddb-4fc6-9857-7aef9250bd05","createdByType":"Application","createdAt":"2023-05-17T16:51:53.1125216Z","lastModifiedBy":"319f651f-7ddb-4fc6-9857-7aef9250bd05","lastModifiedByType":"Application","lastModifiedAt":"2023-05-17T16:51:55.55004Z"},"properties":{"rackId":"/subscriptions/00000000-0000-0000-0000-000000000000/resourceGroups/simulator-HostedResources-210FEF31/providers/Microsoft.NetworkCloud/racks/aa1234","storageApplianceSkuId":"Pure_x70r3_9_91000GB","serialNumber":"SA1912XXX","rackSlot":11,"administratorCredentials":{"username":"username"},"detailedStatus":"Provisioning","detailedStatusMessage":"StorageAppliance
        pureCfg not ready","provisioningState":"Succeeded"}},{"id":"/subscriptions/00000000-0000-0000-0000-000000000000/resourceGroups/simulator-HostedResources-0A288810/providers/Microsoft.NetworkCloud/storageAppliances/storage-appliance","name":"storage-appliance","type":"microsoft.networkcloud/storageappliances","location":"eastus","extendedLocation":{"name":"/subscriptions/00000000-0000-0000-0000-000000000000/resourceGroups/simulator-hostedresources-0a288810/providers/microsoft.extendedlocation/customlocations/simulator-cstm-loc","type":"CustomLocation"},"tags":{"CreatedBy":"/subscriptions/00000000-0000-0000-0000-000000000000/resourceGroups/simulator-hostedresources-0a288810/providers/microsoft.extendedlocation/customlocations/simulator-cstm-loc/resourcesyncrules/storageapplianceshydrationrule"},"systemData":{"createdBy":"319f651f-7ddb-4fc6-9857-7aef9250bd05","createdByType":"Application","createdAt":"2023-05-17T18:40:44.4965986Z","lastModifiedBy":"319f651f-7ddb-4fc6-9857-7aef9250bd05","lastModifiedByType":"Application","lastModifiedAt":"2023-05-17T18:40:47.6216344Z"},"properties":{"rackId":"/subscriptions/00000000-0000-0000-0000-000000000000/resourceGroups/simulator-HostedResources-0A288810/providers/Microsoft.NetworkCloud/racks/aa1234","storageApplianceSkuId":"Pure_x70r3_9_91000GB","serialNumber":"SA1912XXX","rackSlot":11,"administratorCredentials":{"username":"username"},"detailedStatus":"Provisioning","detailedStatusMessage":"failed
        to retrieve storage appliance configuration","provisioningState":"Succeeded"}},{"id":"/subscriptions/00000000-0000-0000-0000-000000000000/resourceGroups/simulator-HostedResources-401E2856/providers/Microsoft.NetworkCloud/storageAppliances/storage-appliance","name":"storage-appliance","type":"microsoft.networkcloud/storageappliances","location":"eastus","extendedLocation":{"name":"/subscriptions/00000000-0000-0000-0000-000000000000/resourceGroups/simulator-hostedresources-401e2856/providers/microsoft.extendedlocation/customlocations/simulator-cstm-loc","type":"CustomLocation"},"tags":{"CreatedBy":"/subscriptions/00000000-0000-0000-0000-000000000000/resourceGroups/simulator-hostedresources-401e2856/providers/microsoft.extendedlocation/customlocations/simulator-cstm-loc/resourcesyncrules/storageapplianceshydrationrule"},"systemData":{"createdBy":"319f651f-7ddb-4fc6-9857-7aef9250bd05","createdByType":"Application","createdAt":"2023-05-17T19:54:37.2646944Z","lastModifiedBy":"319f651f-7ddb-4fc6-9857-7aef9250bd05","lastModifiedByType":"Application","lastModifiedAt":"2023-05-17T19:54:39.9406593Z"},"properties":{"rackId":"/subscriptions/00000000-0000-0000-0000-000000000000/resourceGroups/simulator-HostedResources-401E2856/providers/Microsoft.NetworkCloud/racks/aa1234","storageApplianceSkuId":"Pure_x70r3_9_91000GB","serialNumber":"SA1912XXX","rackSlot":11,"administratorCredentials":{"username":"username"},"detailedStatus":"Provisioning","detailedStatusMessage":"StorageAppliance
        pureCfg not ready","provisioningState":"Succeeded"}},{"id":"/subscriptions/00000000-0000-0000-0000-000000000000/resourceGroups/simulator-HostedResources-2525EDDA/providers/Microsoft.NetworkCloud/storageAppliances/storage-appliance","name":"storage-appliance","type":"microsoft.networkcloud/storageappliances","location":"eastus","extendedLocation":{"name":"/subscriptions/00000000-0000-0000-0000-000000000000/resourceGroups/simulator-hostedresources-2525edda/providers/microsoft.extendedlocation/customlocations/simulator-cstm-loc","type":"CustomLocation"},"tags":{"CreatedBy":"/subscriptions/00000000-0000-0000-0000-000000000000/resourceGroups/simulator-hostedresources-2525edda/providers/microsoft.extendedlocation/customlocations/simulator-cstm-loc/resourcesyncrules/storageapplianceshydrationrule"},"systemData":{"createdBy":"319f651f-7ddb-4fc6-9857-7aef9250bd05","createdByType":"Application","createdAt":"2023-05-17T23:11:09.9772966Z","lastModifiedBy":"319f651f-7ddb-4fc6-9857-7aef9250bd05","lastModifiedByType":"Application","lastModifiedAt":"2023-05-17T23:11:13.3522831Z"},"properties":{"rackId":"/subscriptions/00000000-0000-0000-0000-000000000000/resourceGroups/simulator-HostedResources-2525EDDA/providers/Microsoft.NetworkCloud/racks/aa1234","storageApplianceSkuId":"Pure_x70r3_9_91000GB","serialNumber":"SA1912XXX","rackSlot":11,"administratorCredentials":{"username":"username"},"detailedStatus":"Provisioning","detailedStatusMessage":"failed
        to retrieve storage appliance configuration","provisioningState":"Succeeded"}},{"id":"/subscriptions/00000000-0000-0000-0000-000000000000/resourceGroups/simulator-HostedResources-432A8F10/providers/Microsoft.NetworkCloud/storageAppliances/storage-appliance","name":"storage-appliance","type":"microsoft.networkcloud/storageappliances","location":"eastus","extendedLocation":{"name":"/subscriptions/00000000-0000-0000-0000-000000000000/resourceGroups/simulator-hostedresources-432a8f10/providers/microsoft.extendedlocation/customlocations/simulator-cstm-loc","type":"CustomLocation"},"tags":{"CreatedBy":"/subscriptions/00000000-0000-0000-0000-000000000000/resourceGroups/simulator-hostedresources-432a8f10/providers/microsoft.extendedlocation/customlocations/simulator-cstm-loc/resourcesyncrules/storageapplianceshydrationrule"},"systemData":{"createdBy":"319f651f-7ddb-4fc6-9857-7aef9250bd05","createdByType":"Application","createdAt":"2023-05-17T23:38:42.9591052Z","lastModifiedBy":"319f651f-7ddb-4fc6-9857-7aef9250bd05","lastModifiedByType":"Application","lastModifiedAt":"2023-05-17T23:38:45.8879993Z"},"properties":{"rackId":"/subscriptions/00000000-0000-0000-0000-000000000000/resourceGroups/simulator-HostedResources-432A8F10/providers/Microsoft.NetworkCloud/racks/aa1234","storageApplianceSkuId":"Pure_x70r3_9_91000GB","serialNumber":"SA1912XXX","rackSlot":11,"administratorCredentials":{"username":"username"},"detailedStatus":"Provisioning","detailedStatusMessage":"StorageAppliance
        pureCfg not ready","provisioningState":"Succeeded"}},{"id":"/subscriptions/00000000-0000-0000-0000-000000000000/resourceGroups/simulator-HostedResources-07B0ED4A/providers/Microsoft.NetworkCloud/storageAppliances/storage-appliance","name":"storage-appliance","type":"microsoft.networkcloud/storageappliances","location":"eastus","extendedLocation":{"name":"/subscriptions/00000000-0000-0000-0000-000000000000/resourceGroups/simulator-hostedresources-07b0ed4a/providers/microsoft.extendedlocation/customlocations/simulator-cstm-loc","type":"CustomLocation"},"tags":{"CreatedBy":"/subscriptions/00000000-0000-0000-0000-000000000000/resourceGroups/simulator-hostedresources-07b0ed4a/providers/microsoft.extendedlocation/customlocations/simulator-cstm-loc/resourcesyncrules/storageapplianceshydrationrule"},"systemData":{"createdBy":"319f651f-7ddb-4fc6-9857-7aef9250bd05","createdByType":"Application","createdAt":"2023-05-18T00:08:32.6717366Z","lastModifiedBy":"319f651f-7ddb-4fc6-9857-7aef9250bd05","lastModifiedByType":"Application","lastModifiedAt":"2023-05-18T00:08:36.0857763Z"},"properties":{"rackId":"/subscriptions/00000000-0000-0000-0000-000000000000/resourceGroups/simulator-HostedResources-07B0ED4A/providers/Microsoft.NetworkCloud/racks/aa1234","storageApplianceSkuId":"Pure_x70r3_9_91000GB","serialNumber":"SA1912XXX","rackSlot":11,"administratorCredentials":{"username":"username"},"detailedStatus":"Provisioning","detailedStatusMessage":"failed
        to retrieve storage appliance configuration","provisioningState":"Succeeded"}},{"id":"/subscriptions/00000000-0000-0000-0000-000000000000/resourceGroups/simulator-HostedResources-27E40714/providers/Microsoft.NetworkCloud/storageAppliances/storage-appliance","name":"storage-appliance","type":"microsoft.networkcloud/storageappliances","location":"eastus","extendedLocation":{"name":"/subscriptions/00000000-0000-0000-0000-000000000000/resourceGroups/simulator-hostedresources-27e40714/providers/microsoft.extendedlocation/customlocations/simulator-cstm-loc","type":"CustomLocation"},"tags":{"CreatedBy":"/subscriptions/00000000-0000-0000-0000-000000000000/resourceGroups/simulator-hostedresources-27e40714/providers/microsoft.extendedlocation/customlocations/simulator-cstm-loc/resourcesyncrules/storageapplianceshydrationrule"},"systemData":{"createdBy":"319f651f-7ddb-4fc6-9857-7aef9250bd05","createdByType":"Application","createdAt":"2023-05-18T00:40:50.486203Z","lastModifiedBy":"319f651f-7ddb-4fc6-9857-7aef9250bd05","lastModifiedByType":"Application","lastModifiedAt":"2023-05-18T00:40:54.8442754Z"},"properties":{"rackId":"/subscriptions/00000000-0000-0000-0000-000000000000/resourceGroups/simulator-HostedResources-27E40714/providers/Microsoft.NetworkCloud/racks/aa1234","storageApplianceSkuId":"Pure_x70r3_9_91000GB","serialNumber":"SA1912XXX","rackSlot":11,"administratorCredentials":{"username":"username"},"detailedStatus":"Provisioning","detailedStatusMessage":"failed
        to retrieve storage appliance configuration","provisioningState":"Succeeded"}},{"id":"/subscriptions/00000000-0000-0000-0000-000000000000/resourceGroups/simulator-HostedResources-2782B6C2/providers/Microsoft.NetworkCloud/storageAppliances/storage-appliance","name":"storage-appliance","type":"microsoft.networkcloud/storageappliances","location":"eastus","extendedLocation":{"name":"/subscriptions/00000000-0000-0000-0000-000000000000/resourceGroups/simulator-hostedresources-2782b6c2/providers/microsoft.extendedlocation/customlocations/simulator-cstm-loc","type":"CustomLocation"},"tags":{"CreatedBy":"/subscriptions/00000000-0000-0000-0000-000000000000/resourceGroups/simulator-hostedresources-2782b6c2/providers/microsoft.extendedlocation/customlocations/simulator-cstm-loc/resourcesyncrules/storageapplianceshydrationrule"},"systemData":{"createdBy":"319f651f-7ddb-4fc6-9857-7aef9250bd05","createdByType":"Application","createdAt":"2023-05-18T01:46:43.005718Z","lastModifiedBy":"319f651f-7ddb-4fc6-9857-7aef9250bd05","lastModifiedByType":"Application","lastModifiedAt":"2023-05-18T01:46:45.896723Z"},"properties":{"rackId":"/subscriptions/00000000-0000-0000-0000-000000000000/resourceGroups/simulator-HostedResources-2782B6C2/providers/Microsoft.NetworkCloud/racks/aa1234","storageApplianceSkuId":"Pure_x70r3_9_91000GB","serialNumber":"SA1912XXX","rackSlot":11,"administratorCredentials":{"username":"username"},"detailedStatus":"Provisioning","detailedStatusMessage":"failed
        to retrieve storage appliance configuration","provisioningState":"Succeeded"}},{"id":"/subscriptions/00000000-0000-0000-0000-000000000000/resourceGroups/simulator-HostedResources-36A09266/providers/Microsoft.NetworkCloud/storageAppliances/storage-appliance","name":"storage-appliance","type":"microsoft.networkcloud/storageappliances","location":"eastus","extendedLocation":{"name":"/subscriptions/00000000-0000-0000-0000-000000000000/resourceGroups/simulator-hostedresources-36a09266/providers/microsoft.extendedlocation/customlocations/simulator-cstm-loc","type":"CustomLocation"},"tags":{"CreatedBy":"/subscriptions/00000000-0000-0000-0000-000000000000/resourceGroups/simulator-hostedresources-36a09266/providers/microsoft.extendedlocation/customlocations/simulator-cstm-loc/resourcesyncrules/storageapplianceshydrationrule"},"systemData":{"createdBy":"319f651f-7ddb-4fc6-9857-7aef9250bd05","createdByType":"Application","createdAt":"2023-05-18T02:17:20.1510657Z","lastModifiedBy":"319f651f-7ddb-4fc6-9857-7aef9250bd05","lastModifiedByType":"Application","lastModifiedAt":"2023-05-18T02:17:22.7793781Z"},"properties":{"rackId":"/subscriptions/00000000-0000-0000-0000-000000000000/resourceGroups/simulator-HostedResources-36A09266/providers/Microsoft.NetworkCloud/racks/aa1234","storageApplianceSkuId":"Pure_x70r3_9_91000GB","serialNumber":"SA1912XXX","rackSlot":11,"administratorCredentials":{"username":"username"},"detailedStatus":"Provisioning","detailedStatusMessage":"failed
        to retrieve storage appliance configuration","provisioningState":"Succeeded"}},{"id":"/subscriptions/00000000-0000-0000-0000-000000000000/resourceGroups/simulator-HostedResources-49AD5594/providers/Microsoft.NetworkCloud/storageAppliances/storage-appliance","name":"storage-appliance","type":"microsoft.networkcloud/storageappliances","location":"eastus","extendedLocation":{"name":"/subscriptions/00000000-0000-0000-0000-000000000000/resourceGroups/simulator-hostedresources-49ad5594/providers/microsoft.extendedlocation/customlocations/simulator-cstm-loc","type":"CustomLocation"},"tags":{"CreatedBy":"/subscriptions/00000000-0000-0000-0000-000000000000/resourceGroups/simulator-hostedresources-49ad5594/providers/microsoft.extendedlocation/customlocations/simulator-cstm-loc/resourcesyncrules/storageapplianceshydrationrule"},"systemData":{"createdBy":"319f651f-7ddb-4fc6-9857-7aef9250bd05","createdByType":"Application","createdAt":"2023-05-18T02:45:37.4439538Z","lastModifiedBy":"319f651f-7ddb-4fc6-9857-7aef9250bd05","lastModifiedByType":"Application","lastModifiedAt":"2023-05-18T02:45:40.2439032Z"},"properties":{"rackId":"/subscriptions/00000000-0000-0000-0000-000000000000/resourceGroups/simulator-HostedResources-49AD5594/providers/Microsoft.NetworkCloud/racks/aa1234","storageApplianceSkuId":"Pure_x70r3_9_91000GB","serialNumber":"SA1912XXX","rackSlot":11,"administratorCredentials":{"username":"username"},"detailedStatus":"Provisioning","detailedStatusMessage":"failed
        to retrieve storage appliance configuration","provisioningState":"Succeeded"}},{"id":"/subscriptions/00000000-0000-0000-0000-000000000000/resourceGroups/simulator-HostedResources-5EEC4457/providers/Microsoft.NetworkCloud/storageAppliances/storage-appliance","name":"storage-appliance","type":"microsoft.networkcloud/storageappliances","location":"eastus","extendedLocation":{"name":"/subscriptions/00000000-0000-0000-0000-000000000000/resourceGroups/simulator-hostedresources-5eec4457/providers/microsoft.extendedlocation/customlocations/simulator-cstm-loc","type":"CustomLocation"},"tags":{"CreatedBy":"/subscriptions/00000000-0000-0000-0000-000000000000/resourceGroups/simulator-hostedresources-5eec4457/providers/microsoft.extendedlocation/customlocations/simulator-cstm-loc/resourcesyncrules/storageapplianceshydrationrule"},"systemData":{"createdBy":"319f651f-7ddb-4fc6-9857-7aef9250bd05","createdByType":"Application","createdAt":"2023-05-18T06:25:54.5940363Z","lastModifiedBy":"319f651f-7ddb-4fc6-9857-7aef9250bd05","lastModifiedByType":"Application","lastModifiedAt":"2023-05-18T06:25:57.5029057Z"},"properties":{"rackId":"/subscriptions/00000000-0000-0000-0000-000000000000/resourceGroups/simulator-HostedResources-5EEC4457/providers/Microsoft.NetworkCloud/racks/aa1234","storageApplianceSkuId":"Pure_x70r3_9_91000GB","serialNumber":"SA1912XXX","rackSlot":11,"administratorCredentials":{"username":"username"},"detailedStatus":"Provisioning","detailedStatusMessage":"failed
        to retrieve storage appliance configuration","provisioningState":"Succeeded"}},{"id":"/subscriptions/00000000-0000-0000-0000-000000000000/resourceGroups/simulator-HostedResources-3FACCDA7/providers/Microsoft.NetworkCloud/storageAppliances/storage-appliance","name":"storage-appliance","type":"microsoft.networkcloud/storageappliances","location":"eastus","extendedLocation":{"name":"/subscriptions/00000000-0000-0000-0000-000000000000/resourceGroups/simulator-hostedresources-3faccda7/providers/microsoft.extendedlocation/customlocations/simulator-cstm-loc","type":"CustomLocation"},"tags":{"CreatedBy":"/subscriptions/00000000-0000-0000-0000-000000000000/resourceGroups/simulator-hostedresources-3faccda7/providers/microsoft.extendedlocation/customlocations/simulator-cstm-loc/resourcesyncrules/storageapplianceshydrationrule"},"systemData":{"createdBy":"319f651f-7ddb-4fc6-9857-7aef9250bd05","createdByType":"Application","createdAt":"2023-05-18T06:36:48.8495426Z","lastModifiedBy":"319f651f-7ddb-4fc6-9857-7aef9250bd05","lastModifiedByType":"Application","lastModifiedAt":"2023-05-18T06:36:51.9248146Z"},"properties":{"rackId":"/subscriptions/00000000-0000-0000-0000-000000000000/resourceGroups/simulator-HostedResources-3FACCDA7/providers/Microsoft.NetworkCloud/racks/aa1234","storageApplianceSkuId":"Pure_x70r3_9_91000GB","serialNumber":"SA1912XXX","rackSlot":11,"administratorCredentials":{"username":"username"},"detailedStatus":"Provisioning","detailedStatusMessage":"failed
        to retrieve storage appliance configuration","provisioningState":"Succeeded"}},{"id":"/subscriptions/00000000-0000-0000-0000-000000000000/resourceGroups/simulator-HostedResources-209B2767/providers/Microsoft.NetworkCloud/storageAppliances/storage-appliance","name":"storage-appliance","type":"microsoft.networkcloud/storageappliances","location":"eastus","extendedLocation":{"name":"/subscriptions/00000000-0000-0000-0000-000000000000/resourceGroups/simulator-hostedresources-209b2767/providers/microsoft.extendedlocation/customlocations/simulator-cstm-loc","type":"CustomLocation"},"tags":{"CreatedBy":"/subscriptions/00000000-0000-0000-0000-000000000000/resourceGroups/simulator-hostedresources-209b2767/providers/microsoft.extendedlocation/customlocations/simulator-cstm-loc/resourcesyncrules/storageapplianceshydrationrule"},"systemData":{"createdBy":"319f651f-7ddb-4fc6-9857-7aef9250bd05","createdByType":"Application","createdAt":"2023-05-18T13:57:25.1290842Z","lastModifiedBy":"319f651f-7ddb-4fc6-9857-7aef9250bd05","lastModifiedByType":"Application","lastModifiedAt":"2023-05-18T13:57:27.0393277Z"},"properties":{"rackId":"/subscriptions/00000000-0000-0000-0000-000000000000/resourceGroups/simulator-HostedResources-209B2767/providers/Microsoft.NetworkCloud/racks/aa1234","storageApplianceSkuId":"Pure_x70r3_9_91000GB","serialNumber":"SA1912XXX","rackSlot":11,"administratorCredentials":{"username":"username"},"detailedStatus":"Provisioning","detailedStatusMessage":"failed
        to retrieve storage appliance configuration","provisioningState":"Succeeded"}},{"id":"/subscriptions/00000000-0000-0000-0000-000000000000/resourceGroups/simulator-HostedResources-0A7AEED0/providers/Microsoft.NetworkCloud/storageAppliances/storage-appliance","name":"storage-appliance","type":"microsoft.networkcloud/storageappliances","location":"eastus","extendedLocation":{"name":"/subscriptions/00000000-0000-0000-0000-000000000000/resourceGroups/simulator-hostedresources-0a7aeed0/providers/microsoft.extendedlocation/customlocations/simulator-cstm-loc","type":"CustomLocation"},"tags":{"CreatedBy":"/subscriptions/00000000-0000-0000-0000-000000000000/resourceGroups/simulator-hostedresources-0a7aeed0/providers/microsoft.extendedlocation/customlocations/simulator-cstm-loc/resourcesyncrules/storageapplianceshydrationrule"},"systemData":{"createdBy":"319f651f-7ddb-4fc6-9857-7aef9250bd05","createdByType":"Application","createdAt":"2023-05-18T18:09:25.2847768Z","lastModifiedBy":"319f651f-7ddb-4fc6-9857-7aef9250bd05","lastModifiedByType":"Application","lastModifiedAt":"2023-05-18T18:09:27.595882Z"},"properties":{"rackId":"/subscriptions/00000000-0000-0000-0000-000000000000/resourceGroups/simulator-HostedResources-0A7AEED0/providers/Microsoft.NetworkCloud/racks/aa1234","storageApplianceSkuId":"Pure_x70r3_9_91000GB","serialNumber":"SA13120XXX","rackSlot":11,"administratorCredentials":{"username":"username"},"detailedStatus":"Provisioning","detailedStatusMessage":"failed
        to retrieve storage appliance configuration","provisioningState":"Succeeded"}},{"id":"/subscriptions/00000000-0000-0000-0000-000000000000/resourceGroups/simulator-HostedResources-32F08284/providers/Microsoft.NetworkCloud/storageAppliances/storage-appliance","name":"storage-appliance","type":"microsoft.networkcloud/storageappliances","location":"eastus","extendedLocation":{"name":"/subscriptions/00000000-0000-0000-0000-000000000000/resourceGroups/simulator-hostedresources-32f08284/providers/microsoft.extendedlocation/customlocations/simulator-cstm-loc","type":"CustomLocation"},"tags":{"CreatedBy":"/subscriptions/00000000-0000-0000-0000-000000000000/resourceGroups/simulator-hostedresources-32f08284/providers/microsoft.extendedlocation/customlocations/simulator-cstm-loc/resourcesyncrules/storageapplianceshydrationrule"},"systemData":{"createdBy":"319f651f-7ddb-4fc6-9857-7aef9250bd05","createdByType":"Application","createdAt":"2023-05-18T19:23:20.9131888Z","lastModifiedBy":"319f651f-7ddb-4fc6-9857-7aef9250bd05","lastModifiedByType":"Application","lastModifiedAt":"2023-05-18T19:23:26.9758111Z"},"properties":{"rackId":"/subscriptions/00000000-0000-0000-0000-000000000000/resourceGroups/simulator-HostedResources-32F08284/providers/Microsoft.NetworkCloud/racks/aa1234","storageApplianceSkuId":"Pure_x70r3_9_91000GB","serialNumber":"SA1912XXX","rackSlot":11,"administratorCredentials":{"username":"username"},"detailedStatus":"Provisioning","detailedStatusMessage":"failed
        to retrieve storage appliance configuration","provisioningState":"Succeeded"}},{"id":"/subscriptions/00000000-0000-0000-0000-000000000000/resourceGroups/simulator-HostedResources-7CF3F9E8/providers/Microsoft.NetworkCloud/storageAppliances/storage-appliance","name":"storage-appliance","type":"microsoft.networkcloud/storageappliances","location":"eastus","extendedLocation":{"name":"/subscriptions/00000000-0000-0000-0000-000000000000/resourceGroups/simulator-hostedresources-7cf3f9e8/providers/microsoft.extendedlocation/customlocations/simulator-cstm-loc","type":"CustomLocation"},"tags":{"CreatedBy":"/subscriptions/00000000-0000-0000-0000-000000000000/resourceGroups/simulator-hostedresources-7cf3f9e8/providers/microsoft.extendedlocation/customlocations/simulator-cstm-loc/resourcesyncrules/storageapplianceshydrationrule"},"systemData":{"createdBy":"319f651f-7ddb-4fc6-9857-7aef9250bd05","createdByType":"Application","createdAt":"2023-05-18T19:26:55.3433141Z","lastModifiedBy":"319f651f-7ddb-4fc6-9857-7aef9250bd05","lastModifiedByType":"Application","lastModifiedAt":"2023-05-18T19:26:58.2340982Z"},"properties":{"rackId":"/subscriptions/00000000-0000-0000-0000-000000000000/resourceGroups/simulator-HostedResources-7CF3F9E8/providers/Microsoft.NetworkCloud/racks/aa1234","storageApplianceSkuId":"Pure_x70r3_9_91000GB","serialNumber":"SA1912XXX","rackSlot":11,"administratorCredentials":{"username":"username"},"detailedStatus":"Provisioning","detailedStatusMessage":"failed
        to retrieve storage appliance configuration","provisioningState":"Succeeded"}},{"id":"/subscriptions/00000000-0000-0000-0000-000000000000/resourceGroups/simulator-HostedResources-3DBD129F/providers/Microsoft.NetworkCloud/storageAppliances/storage-appliance","name":"storage-appliance","type":"microsoft.networkcloud/storageappliances","location":"eastus","extendedLocation":{"name":"/subscriptions/00000000-0000-0000-0000-000000000000/resourceGroups/simulator-hostedresources-3dbd129f/providers/microsoft.extendedlocation/customlocations/simulator-cstm-loc","type":"CustomLocation"},"tags":{"CreatedBy":"/subscriptions/00000000-0000-0000-0000-000000000000/resourceGroups/simulator-hostedresources-3dbd129f/providers/microsoft.extendedlocation/customlocations/simulator-cstm-loc/resourcesyncrules/storageapplianceshydrationrule"},"systemData":{"createdBy":"319f651f-7ddb-4fc6-9857-7aef9250bd05","createdByType":"Application","createdAt":"2023-05-18T19:31:29.6862533Z","lastModifiedBy":"319f651f-7ddb-4fc6-9857-7aef9250bd05","lastModifiedByType":"Application","lastModifiedAt":"2023-05-18T19:31:33.7349673Z"},"properties":{"rackId":"/subscriptions/00000000-0000-0000-0000-000000000000/resourceGroups/simulator-HostedResources-3DBD129F/providers/Microsoft.NetworkCloud/racks/aa1234","storageApplianceSkuId":"Pure_x70r3_9_91000GB","serialNumber":"SA1912XXX","rackSlot":11,"administratorCredentials":{"username":"username"},"detailedStatus":"Provisioning","detailedStatusMessage":"failed
        to retrieve storage appliance configuration","provisioningState":"Succeeded"}},{"id":"/subscriptions/00000000-0000-0000-0000-000000000000/resourceGroups/simulator-HostedResources-4984CAC9/providers/Microsoft.NetworkCloud/storageAppliances/storage-appliance","name":"storage-appliance","type":"microsoft.networkcloud/storageappliances","location":"eastus","extendedLocation":{"name":"/subscriptions/00000000-0000-0000-0000-000000000000/resourceGroups/simulator-hostedresources-4984cac9/providers/microsoft.extendedlocation/customlocations/simulator-cstm-loc","type":"CustomLocation"},"tags":{"CreatedBy":"/subscriptions/00000000-0000-0000-0000-000000000000/resourceGroups/simulator-hostedresources-4984cac9/providers/microsoft.extendedlocation/customlocations/simulator-cstm-loc/resourcesyncrules/storageapplianceshydrationrule"},"systemData":{"createdBy":"319f651f-7ddb-4fc6-9857-7aef9250bd05","createdByType":"Application","createdAt":"2023-05-18T20:02:16.2175463Z","lastModifiedBy":"319f651f-7ddb-4fc6-9857-7aef9250bd05","lastModifiedByType":"Application","lastModifiedAt":"2023-05-18T20:02:18.273756Z"},"properties":{"rackId":"/subscriptions/00000000-0000-0000-0000-000000000000/resourceGroups/simulator-HostedResources-4984CAC9/providers/Microsoft.NetworkCloud/racks/aa1234","storageApplianceSkuId":"Pure_x70r3_9_91000GB","serialNumber":"SA1912XXX","rackSlot":11,"administratorCredentials":{"username":"username"},"detailedStatus":"Provisioning","detailedStatusMessage":"failed
        to retrieve storage appliance configuration","provisioningState":"Succeeded"}},{"id":"/subscriptions/00000000-0000-0000-0000-000000000000/resourceGroups/simulator-HostedResources-4AC996B5/providers/Microsoft.NetworkCloud/storageAppliances/storage-appliance","name":"storage-appliance","type":"microsoft.networkcloud/storageappliances","location":"eastus","extendedLocation":{"name":"/subscriptions/00000000-0000-0000-0000-000000000000/resourceGroups/simulator-hostedresources-4ac996b5/providers/microsoft.extendedlocation/customlocations/simulator-cstm-loc","type":"CustomLocation"},"tags":{"CreatedBy":"/subscriptions/00000000-0000-0000-0000-000000000000/resourceGroups/simulator-hostedresources-4ac996b5/providers/microsoft.extendedlocation/customlocations/simulator-cstm-loc/resourcesyncrules/storageapplianceshydrationrule"},"systemData":{"createdBy":"319f651f-7ddb-4fc6-9857-7aef9250bd05","createdByType":"Application","createdAt":"2023-05-18T20:03:29.1808869Z","lastModifiedBy":"319f651f-7ddb-4fc6-9857-7aef9250bd05","lastModifiedByType":"Application","lastModifiedAt":"2023-05-18T20:04:06.251947Z"},"properties":{"rackId":"/subscriptions/00000000-0000-0000-0000-000000000000/resourceGroups/simulator-HostedResources-4AC996B5/providers/Microsoft.NetworkCloud/racks/aa1234","storageApplianceSkuId":"Pure_x70r3_9_91000GB","serialNumber":"SA1912XXX","rackSlot":11,"administratorCredentials":{"username":"username"},"provisioningState":"Succeeded","detailedStatus":"Provisioning","detailedStatusMessage":"failed
        to retrieve storage appliance configuration"}},{"id":"/subscriptions/00000000-0000-0000-0000-000000000000/resourceGroups/simulator-HostedResources-1836DB5F/providers/Microsoft.NetworkCloud/storageAppliances/storage-appliance","name":"storage-appliance","type":"microsoft.networkcloud/storageappliances","location":"eastus","extendedLocation":{"name":"/subscriptions/00000000-0000-0000-0000-000000000000/resourceGroups/simulator-hostedresources-1836db5f/providers/microsoft.extendedlocation/customlocations/simulator-cstm-loc","type":"CustomLocation"},"tags":{"CreatedBy":"/subscriptions/00000000-0000-0000-0000-000000000000/resourceGroups/simulator-hostedresources-1836db5f/providers/microsoft.extendedlocation/customlocations/simulator-cstm-loc/resourcesyncrules/storageapplianceshydrationrule"},"systemData":{"createdBy":"319f651f-7ddb-4fc6-9857-7aef9250bd05","createdByType":"Application","createdAt":"2023-05-18T20:09:05.5566105Z","lastModifiedBy":"319f651f-7ddb-4fc6-9857-7aef9250bd05","lastModifiedByType":"Application","lastModifiedAt":"2023-05-18T20:09:10.2177644Z"},"properties":{"rackId":"/subscriptions/00000000-0000-0000-0000-000000000000/resourceGroups/simulator-HostedResources-1836DB5F/providers/Microsoft.NetworkCloud/racks/aa1234","storageApplianceSkuId":"Pure_x70r3_9_91000GB","serialNumber":"SA1912XXX","rackSlot":11,"administratorCredentials":{"username":"username"},"detailedStatus":"Provisioning","detailedStatusMessage":"failed
        to retrieve storage appliance configuration","provisioningState":"Succeeded"}},{"id":"/subscriptions/00000000-0000-0000-0000-000000000000/resourceGroups/simulator-HostedResources-6474DECD/providers/Microsoft.NetworkCloud/storageAppliances/storage-appliance","name":"storage-appliance","type":"microsoft.networkcloud/storageappliances","location":"eastus","extendedLocation":{"name":"/subscriptions/00000000-0000-0000-0000-000000000000/resourceGroups/simulator-hostedresources-6474decd/providers/microsoft.extendedlocation/customlocations/simulator-cstm-loc","type":"CustomLocation"},"tags":{"CreatedBy":"/subscriptions/00000000-0000-0000-0000-000000000000/resourceGroups/simulator-hostedresources-6474decd/providers/microsoft.extendedlocation/customlocations/simulator-cstm-loc/resourcesyncrules/storageapplianceshydrationrule"},"systemData":{"createdBy":"319f651f-7ddb-4fc6-9857-7aef9250bd05","createdByType":"Application","createdAt":"2023-05-18T21:21:17.9684905Z","lastModifiedBy":"319f651f-7ddb-4fc6-9857-7aef9250bd05","lastModifiedByType":"Application","lastModifiedAt":"2023-05-18T21:21:20.1490858Z"},"properties":{"rackId":"/subscriptions/00000000-0000-0000-0000-000000000000/resourceGroups/simulator-HostedResources-6474DECD/providers/Microsoft.NetworkCloud/racks/aa1234","storageApplianceSkuId":"Pure_x70r3_9_91000GB","serialNumber":"SA1912XXX","rackSlot":11,"administratorCredentials":{"username":"username"},"detailedStatus":"Provisioning","detailedStatusMessage":"StorageAppliance
        pureCfg not ready","provisioningState":"Succeeded"}},{"id":"/subscriptions/00000000-0000-0000-0000-000000000000/resourceGroups/simulator-HostedResources-7E8A3EEF/providers/Microsoft.NetworkCloud/storageAppliances/storage-appliance","name":"storage-appliance","type":"microsoft.networkcloud/storageappliances","location":"eastus","extendedLocation":{"name":"/subscriptions/00000000-0000-0000-0000-000000000000/resourceGroups/simulator-hostedresources-7e8a3eef/providers/microsoft.extendedlocation/customlocations/simulator-cstm-loc","type":"CustomLocation"},"tags":{"CreatedBy":"/subscriptions/00000000-0000-0000-0000-000000000000/resourceGroups/simulator-hostedresources-7e8a3eef/providers/microsoft.extendedlocation/customlocations/simulator-cstm-loc/resourcesyncrules/storageapplianceshydrationrule"},"systemData":{"createdBy":"319f651f-7ddb-4fc6-9857-7aef9250bd05","createdByType":"Application","createdAt":"2023-05-18T21:44:02.1948885Z","lastModifiedBy":"319f651f-7ddb-4fc6-9857-7aef9250bd05","lastModifiedByType":"Application","lastModifiedAt":"2023-05-18T21:44:05.648Z"},"properties":{"rackId":"/subscriptions/00000000-0000-0000-0000-000000000000/resourceGroups/simulator-HostedResources-7E8A3EEF/providers/Microsoft.NetworkCloud/racks/aa1234","storageApplianceSkuId":"Pure_x70r3_9_91000GB","serialNumber":"SA1912XXX","rackSlot":11,"administratorCredentials":{"username":"username"},"detailedStatus":"Provisioning","detailedStatusMessage":"failed
        to retrieve storage appliance configuration","provisioningState":"Succeeded"}},{"id":"/subscriptions/00000000-0000-0000-0000-000000000000/resourceGroups/simulator-HostedResources-2316405F/providers/Microsoft.NetworkCloud/storageAppliances/storage-appliance","name":"storage-appliance","type":"microsoft.networkcloud/storageappliances","location":"eastus","extendedLocation":{"name":"/subscriptions/00000000-0000-0000-0000-000000000000/resourceGroups/simulator-hostedresources-2316405f/providers/microsoft.extendedlocation/customlocations/simulator-cstm-loc","type":"CustomLocation"},"tags":{"CreatedBy":"/subscriptions/00000000-0000-0000-0000-000000000000/resourceGroups/simulator-hostedresources-2316405f/providers/microsoft.extendedlocation/customlocations/simulator-cstm-loc/resourcesyncrules/storageapplianceshydrationrule"},"systemData":{"createdBy":"319f651f-7ddb-4fc6-9857-7aef9250bd05","createdByType":"Application","createdAt":"2023-05-18T22:19:20.8598962Z","lastModifiedBy":"319f651f-7ddb-4fc6-9857-7aef9250bd05","lastModifiedByType":"Application","lastModifiedAt":"2023-05-18T22:19:23.1652569Z"},"properties":{"rackId":"/subscriptions/00000000-0000-0000-0000-000000000000/resourceGroups/simulator-HostedResources-2316405F/providers/Microsoft.NetworkCloud/racks/aa1234","storageApplianceSkuId":"Pure_x70r3_9_91000GB","serialNumber":"SA1912XXX","rackSlot":11,"administratorCredentials":{"username":"username"},"detailedStatus":"Provisioning","detailedStatusMessage":"failed
        to retrieve storage appliance configuration","provisioningState":"Succeeded"}},{"id":"/subscriptions/00000000-0000-0000-0000-000000000000/resourceGroups/simulator-HostedResources-4C9BF5DF/providers/Microsoft.NetworkCloud/storageAppliances/storage-appliance","name":"storage-appliance","type":"microsoft.networkcloud/storageappliances","location":"eastus","extendedLocation":{"name":"/subscriptions/00000000-0000-0000-0000-000000000000/resourceGroups/simulator-hostedresources-4c9bf5df/providers/microsoft.extendedlocation/customlocations/simulator-cstm-loc","type":"CustomLocation"},"tags":{"CreatedBy":"/subscriptions/00000000-0000-0000-0000-000000000000/resourceGroups/simulator-hostedresources-4c9bf5df/providers/microsoft.extendedlocation/customlocations/simulator-cstm-loc/resourcesyncrules/storageapplianceshydrationrule"},"systemData":{"createdBy":"319f651f-7ddb-4fc6-9857-7aef9250bd05","createdByType":"Application","createdAt":"2023-05-18T22:19:36.0419563Z","lastModifiedBy":"319f651f-7ddb-4fc6-9857-7aef9250bd05","lastModifiedByType":"Application","lastModifiedAt":"2023-05-18T22:19:39.0315593Z"},"properties":{"rackId":"/subscriptions/00000000-0000-0000-0000-000000000000/resourceGroups/simulator-HostedResources-4C9BF5DF/providers/Microsoft.NetworkCloud/racks/aa1234","storageApplianceSkuId":"Pure_x70r3_9_91000GB","serialNumber":"SA1912XXX","rackSlot":11,"administratorCredentials":{"username":"username"},"detailedStatus":"Provisioning","detailedStatusMessage":"failed
        to retrieve storage appliance configuration","provisioningState":"Succeeded"}},{"id":"/subscriptions/00000000-0000-0000-0000-000000000000/resourceGroups/m15-f4e07a9971e4-HostedResources-000AEA6E/providers/Microsoft.NetworkCloud/storageAppliances/b37m15purestor1","name":"b37m15purestor1","type":"microsoft.networkcloud/storageappliances","location":"eastus","extendedLocation":{"name":"/subscriptions/00000000-0000-0000-0000-000000000000/resourceGroups/m15-f4e07a9971e4-hostedresources-000aea6e/providers/microsoft.extendedlocation/customlocations/m15-f4e07a9971e4-cstm-loc","type":"CustomLocation"},"tags":{"CreatedBy":"/subscriptions/00000000-0000-0000-0000-000000000000/resourceGroups/m15-f4e07a9971e4-hostedresources-000aea6e/providers/microsoft.extendedlocation/customlocations/m15-f4e07a9971e4-cstm-loc/resourcesyncrules/storageapplianceshydrationrule"},"systemData":{"createdBy":"319f651f-7ddb-4fc6-9857-7aef9250bd05","createdByType":"Application","createdAt":"2023-05-18T23:08:17.3154987Z","lastModifiedBy":"319f651f-7ddb-4fc6-9857-7aef9250bd05","lastModifiedByType":"Application","lastModifiedAt":"2023-05-18T23:34:32.2580073Z"},"properties":{"rackId":"/subscriptions/00000000-0000-0000-0000-000000000000/resourceGroups/m15-f4e07a9971e4-HostedResources-000AEA6E/providers/Microsoft.NetworkCloud/racks/b37m15r1","storageApplianceSkuId":"Pure_x70r3_9_91000GB","serialNumber":"serial","rackSlot":1,"administratorCredentials":{"username":"pureuser"},"detailedStatus":"Available","detailedStatusMessage":"OK","provisioningState":"Succeeded","clusterId":"/subscriptions/00000000-0000-0000-0000-000000000000/resourceGroups/m15-cluster/providers/Microsoft.NetworkCloud/clusters/m15-f4e07a9971e4","managementIpv4Address":"172.29.136.109","capacity":50982,"capacityUsed":100,"remoteVendorManagementStatus":"Disabled","remoteVendorManagementFeature":"Supported"}},{"id":"/subscriptions/00000000-0000-0000-0000-000000000000/resourceGroups/simulator-HostedResources-1CFDCF3E/providers/Microsoft.NetworkCloud/storageAppliances/storage-appliance","name":"storage-appliance","type":"microsoft.networkcloud/storageappliances","location":"eastus","extendedLocation":{"name":"/subscriptions/00000000-0000-0000-0000-000000000000/resourceGroups/simulator-hostedresources-1cfdcf3e/providers/microsoft.extendedlocation/customlocations/simulator-cstm-loc","type":"CustomLocation"},"tags":{"CreatedBy":"/subscriptions/00000000-0000-0000-0000-000000000000/resourceGroups/simulator-hostedresources-1cfdcf3e/providers/microsoft.extendedlocation/customlocations/simulator-cstm-loc/resourcesyncrules/storageapplianceshydrationrule"},"systemData":{"createdBy":"319f651f-7ddb-4fc6-9857-7aef9250bd05","createdByType":"Application","createdAt":"2023-05-18T23:19:22.7306658Z","lastModifiedBy":"319f651f-7ddb-4fc6-9857-7aef9250bd05","lastModifiedByType":"Application","lastModifiedAt":"2023-05-18T23:19:25.9996921Z"},"properties":{"rackId":"/subscriptions/00000000-0000-0000-0000-000000000000/resourceGroups/simulator-HostedResources-1CFDCF3E/providers/Microsoft.NetworkCloud/racks/aa1234","storageApplianceSkuId":"Pure_x70r3_9_91000GB","serialNumber":"SA1912XXX","rackSlot":11,"administratorCredentials":{"username":"username"},"detailedStatus":"Provisioning","detailedStatusMessage":"failed
        to retrieve storage appliance configuration","provisioningState":"Succeeded"}},{"id":"/subscriptions/00000000-0000-0000-0000-000000000000/resourceGroups/simulator-HostedResources-427177BF/providers/Microsoft.NetworkCloud/storageAppliances/storage-appliance","name":"storage-appliance","type":"microsoft.networkcloud/storageappliances","location":"eastus2euap","extendedLocation":{"name":"/subscriptions/00000000-0000-0000-0000-000000000000/resourceGroups/simulator-hostedresources-427177bf/providers/microsoft.extendedlocation/customlocations/simulator-cstm-loc","type":"CustomLocation"},"tags":{"CreatedBy":"/subscriptions/00000000-0000-0000-0000-000000000000/resourceGroups/simulator-hostedresources-427177bf/providers/microsoft.extendedlocation/customlocations/simulator-cstm-loc/resourcesyncrules/storageapplianceshydrationrule"},"systemData":{"createdBy":"319f651f-7ddb-4fc6-9857-7aef9250bd05","createdByType":"Application","createdAt":"2023-04-20T00:25:19.4866736Z","lastModifiedBy":"319f651f-7ddb-4fc6-9857-7aef9250bd05","lastModifiedByType":"Application","lastModifiedAt":"2023-05-06T02:31:43.3759701Z"},"properties":{"rackId":"/subscriptions/00000000-0000-0000-0000-000000000000/resourceGroups/simulator-HostedResources-427177BF/providers/Microsoft.NetworkCloud/racks/aa1234","storageApplianceSkuId":"Pure_x70r3_9_91000GB","serialNumber":"SA1912XXX","rackSlot":11,"administratorCredentials":{"username":"username"},"detailedStatus":"Provisioning","detailedStatusMessage":"StorageAppliance
        pureCfg not ready","provisioningState":"Succeeded"}},{"id":"/subscriptions/00000000-0000-0000-0000-000000000000/resourceGroups/j18-c0d28c8f7cd3-HostedResources-3781AC00/providers/Microsoft.NetworkCloud/storageAppliances/b37j18purestor1","name":"b37j18purestor1","type":"microsoft.networkcloud/storageappliances","location":"eastus2euap","extendedLocation":{"name":"/subscriptions/00000000-0000-0000-0000-000000000000/resourceGroups/j18-c0d28c8f7cd3-hostedresources-3781ac00/providers/microsoft.extendedlocation/customlocations/j18-c0d28c8f7cd3-cstm-loc","type":"CustomLocation"},"tags":{"CreatedBy":"/subscriptions/00000000-0000-0000-0000-000000000000/resourceGroups/j18-c0d28c8f7cd3-hostedresources-3781ac00/providers/microsoft.extendedlocation/customlocations/j18-c0d28c8f7cd3-cstm-loc/resourcesyncrules/storageapplianceshydrationrule"},"systemData":{"createdBy":"319f651f-7ddb-4fc6-9857-7aef9250bd05","createdByType":"Application","createdAt":"2023-05-02T02:02:48.8103485Z","lastModifiedBy":"319f651f-7ddb-4fc6-9857-7aef9250bd05","lastModifiedByType":"Application","lastModifiedAt":"2023-05-18T23:41:01.857031Z"},"properties":{"rackId":"/subscriptions/00000000-0000-0000-0000-000000000000/resourceGroups/j18-c0d28c8f7cd3-HostedResources-3781AC00/providers/Microsoft.NetworkCloud/racks/b37j18r1","storageApplianceSkuId":"Pure_x70r3_9_91000GB","serialNumber":"serial","rackSlot":1,"administratorCredentials":{"username":"pureuser"},"clusterId":"/subscriptions/00000000-0000-0000-0000-000000000000/resourceGroups/j18-cluster/providers/Microsoft.NetworkCloud/clusters/j18-c0d28c8f7cd3","detailedStatus":"Available","detailedStatusMessage":"OK","managementIpv4Address":"172.29.251.218","provisioningState":"Succeeded","capacity":11792,"capacityUsed":21,"remoteVendorManagementStatus":"Disabled","remoteVendorManagementFeature":"Supported"}},{"id":"/subscriptions/00000000-0000-0000-0000-000000000000/resourceGroups/simulator-HostedResources-09D5FD05/providers/Microsoft.NetworkCloud/storageAppliances/storage-appliance","name":"storage-appliance","type":"microsoft.networkcloud/storageappliances","location":"eastus2euap","extendedLocation":{"name":"/subscriptions/00000000-0000-0000-0000-000000000000/resourceGroups/simulator-hostedresources-09d5fd05/providers/microsoft.extendedlocation/customlocations/simulator-cstm-loc","type":"CustomLocation"},"tags":{"CreatedBy":"/subscriptions/00000000-0000-0000-0000-000000000000/resourceGroups/simulator-hostedresources-09d5fd05/providers/microsoft.extendedlocation/customlocations/simulator-cstm-loc/resourcesyncrules/storageapplianceshydrationrule"},"systemData":{"createdBy":"319f651f-7ddb-4fc6-9857-7aef9250bd05","createdByType":"Application","createdAt":"2023-05-18T20:40:42.0274853Z","lastModifiedBy":"319f651f-7ddb-4fc6-9857-7aef9250bd05","lastModifiedByType":"Application","lastModifiedAt":"2023-05-18T20:40:46.38695Z"},"properties":{"rackId":"/subscriptions/00000000-0000-0000-0000-000000000000/resourceGroups/simulator-HostedResources-09D5FD05/providers/Microsoft.NetworkCloud/racks/aa1234","storageApplianceSkuId":"Pure_x70r3_9_91000GB","serialNumber":"SA1912XXX","rackSlot":11,"administratorCredentials":{"username":"username"},"detailedStatus":"Provisioning","detailedStatusMessage":"failed
        to retrieve storage appliance configuration","provisioningState":"Succeeded"}}]}'
    headers:
      cache-control:
      - no-cache
      content-length:
      - '113051'
      content-type:
      - application/json; charset=utf-8
      date:
      - Thu, 18 May 2023 23:42:12 GMT
      expires:
      - '-1'
      pragma:
      - no-cache
      strict-transport-security:
      - max-age=31536000; includeSubDomains
      vary:
      - Accept-Encoding
      x-content-type-options:
      - nosniff
      x-ms-original-request-ids:
      - a3261241-8945-44b7-8ecd-649539abff2c
      - 3a00be00-e512-4c6a-bf22-05912d364835
      - 51e7c240-6a51-465e-b36d-010bc65f3fce
    status:
      code: 200
      message: OK
- request:
    body: null
    headers:
      Accept:
      - application/json
      Accept-Encoding:
      - gzip, deflate
      CommandName:
      - networkcloud storageappliance list
      Connection:
      - keep-alive
      ParameterSetName:
      - --resource-group
      User-Agent:
      - AZURECLI/2.48.1 (AAZ) azsdk-python-core/1.26.4 Python/3.8.10 (Linux-5.10.102.1-microsoft-standard-WSL2-x86_64-with-glibc2.29)
    method: GET
    uri: https://management.azure.com/subscriptions/00000000-0000-0000-0000-000000000000/resourceGroups/m16-1-9c522075177c-HostedResources-07ABB5FF/providers/Microsoft.NetworkCloud/storageAppliances?api-version=2022-12-12-preview
  response:
    body:
      string: '{"value":[{"id":"/subscriptions/00000000-0000-0000-0000-000000000000/resourceGroups/m16-1-9c522075177c-HostedResources-07ABB5FF/providers/Microsoft.NetworkCloud/storageAppliances/b37m16purestor1","name":"b37m16purestor1","type":"microsoft.networkcloud/storageappliances","location":"eastus","extendedLocation":{"name":"/subscriptions/00000000-0000-0000-0000-000000000000/resourceGroups/m16-1-9c522075177c-hostedresources-07abb5ff/providers/microsoft.extendedlocation/customlocations/m16-1-9c522075177c-cstm-loc","type":"CustomLocation"},"tags":{"CreatedBy":"/subscriptions/00000000-0000-0000-0000-000000000000/resourceGroups/m16-1-9c522075177c-hostedresources-07abb5ff/providers/microsoft.extendedlocation/customlocations/m16-1-9c522075177c-cstm-loc/resourcesyncrules/storageapplianceshydrationrule"},"systemData":{"createdBy":"319f651f-7ddb-4fc6-9857-7aef9250bd05","createdByType":"Application","createdAt":"2023-05-09T04:49:02.2693193Z","lastModifiedBy":"319f651f-7ddb-4fc6-9857-7aef9250bd05","lastModifiedByType":"Application","lastModifiedAt":"2023-05-18T23:41:45.8909539Z"},"properties":{"rackId":"/subscriptions/00000000-0000-0000-0000-000000000000/resourceGroups/m16-1-9c522075177c-HostedResources-07ABB5FF/providers/Microsoft.NetworkCloud/racks/b37m16r1","storageApplianceSkuId":"Pure_x70r3_9_91000GB","serialNumber":"serial","rackSlot":1,"administratorCredentials":{"username":"pureuser"},"clusterId":"/subscriptions/00000000-0000-0000-0000-000000000000/resourceGroups/m16-1-cluster/providers/Microsoft.NetworkCloud/clusters/m16-1-9c522075177c","detailedStatus":"Available","detailedStatusMessage":"OK","managementIpv4Address":"172.29.70.60","capacity":11792,"capacityUsed":1,"remoteVendorManagementStatus":"Disabled","remoteVendorManagementFeature":"Supported","provisioningState":"Succeeded"}}]}'
    headers:
      cache-control:
      - no-cache
      content-length:
      - '1806'
      content-type:
      - application/json; charset=utf-8
      date:
      - Thu, 18 May 2023 23:42:15 GMT
      expires:
      - '-1'
      pragma:
      - no-cache
      strict-transport-security:
      - max-age=31536000; includeSubDomains
      vary:
      - Accept-Encoding
      x-content-type-options:
      - nosniff
      x-ms-original-request-ids:
      - f6c1cb13-f62d-49fb-8dda-79cc5ae4c16b
      - be63f0b0-26a6-4b02-b029-caa69d975994
      - a1850d1b-e7a9-46e8-b19a-f53d6c2a4a90
    status:
      code: 200
      message: OK
- request:
    body: '{"properties": {"serialNumber": "serial"}, "tags": {"CreatedBy": "/subscriptions/00000000-0000-0000-0000-000000000000/resourceGroups/m16-1-9c522075177c-hostedresources-07abb5ff/providers/microsoft.extendedlocation/customlocations/m16-1-9c522075177c-cstm-loc/resourcesyncrules/storageapplianceshydrationrule"}}'
    headers:
      Accept:
      - application/json
      Accept-Encoding:
      - gzip, deflate
      CommandName:
      - networkcloud storageappliance update
      Connection:
      - keep-alive
      Content-Length:
      - '309'
      Content-Type:
      - application/json
      ParameterSetName:
      - --resource-group --storage-appliance-name --serial-number --tags
      User-Agent:
      - AZURECLI/2.48.1 (AAZ) azsdk-python-core/1.26.4 Python/3.8.10 (Linux-5.10.102.1-microsoft-standard-WSL2-x86_64-with-glibc2.29)
    method: PATCH
    uri: https://management.azure.com/subscriptions/00000000-0000-0000-0000-000000000000/resourceGroups/m16-1-9c522075177c-HostedResources-07ABB5FF/providers/Microsoft.NetworkCloud/storageAppliances/b37m16purestor1?api-version=2022-12-12-preview
  response:
    body:
      string: 'null'
    headers:
      azure-asyncoperation:
      - https://management.azure.com/subscriptions/00000000-0000-0000-0000-000000000000/providers/Microsoft.NetworkCloud/locations/EASTUS/operationStatuses/92c16567-fc04-4a43-8fe6-ed04964ff583*B0E965AEBB5A6247B18AE5AA08D2CEB57E7A499CA846E41D4FB48448D8618A6C?api-version=2022-12-12-preview
      cache-control:
      - no-cache
      content-length:
      - '4'
      content-type:
      - application/json; charset=utf-8
      date:
      - Thu, 18 May 2023 23:42:18 GMT
      etag:
      - '"420022f9-0000-0100-0000-6466b7da0000"'
      expires:
      - '-1'
      location:
      - https://management.azure.com/subscriptions/00000000-0000-0000-0000-000000000000/providers/Microsoft.NetworkCloud/locations/EASTUS/operationStatuses/92c16567-fc04-4a43-8fe6-ed04964ff583*B0E965AEBB5A6247B18AE5AA08D2CEB57E7A499CA846E41D4FB48448D8618A6C?api-version=2022-12-12-preview
      mise-correlation-id:
      - 24df2d04-0998-4331-a0f8-84bb638bea54
      pragma:
      - no-cache
      strict-transport-security:
      - max-age=31536000; includeSubDomains
      x-content-type-options:
      - nosniff
      x-ms-providerhub-traffic:
      - 'True'
      x-ms-ratelimit-remaining-subscription-writes:
      - '1199'
    status:
      code: 202
      message: Accepted
- request:
    body: null
    headers:
      Accept:
      - '*/*'
      Accept-Encoding:
      - gzip, deflate
      CommandName:
      - networkcloud storageappliance update
      Connection:
      - keep-alive
      ParameterSetName:
      - --resource-group --storage-appliance-name --serial-number --tags
      User-Agent:
      - AZURECLI/2.48.1 (AAZ) azsdk-python-core/1.26.4 Python/3.8.10 (Linux-5.10.102.1-microsoft-standard-WSL2-x86_64-with-glibc2.29)
    method: GET
    uri: https://management.azure.com/subscriptions/00000000-0000-0000-0000-000000000000/providers/Microsoft.NetworkCloud/locations/EASTUS/operationStatuses/92c16567-fc04-4a43-8fe6-ed04964ff583*B0E965AEBB5A6247B18AE5AA08D2CEB57E7A499CA846E41D4FB48448D8618A6C?api-version=2022-12-12-preview
  response:
    body:
      string: '{"id":"/subscriptions/00000000-0000-0000-0000-000000000000/providers/Microsoft.NetworkCloud/locations/EASTUS/operationStatuses/92c16567-fc04-4a43-8fe6-ed04964ff583*B0E965AEBB5A6247B18AE5AA08D2CEB57E7A499CA846E41D4FB48448D8618A6C","name":"92c16567-fc04-4a43-8fe6-ed04964ff583*B0E965AEBB5A6247B18AE5AA08D2CEB57E7A499CA846E41D4FB48448D8618A6C","resourceId":"/subscriptions/00000000-0000-0000-0000-000000000000/resourceGroups/m16-1-9c522075177c-HostedResources-07ABB5FF/providers/Microsoft.NetworkCloud/storageAppliances/b37m16purestor1","status":"Accepted","startTime":"2023-05-18T23:42:17.4432092Z"}'
    headers:
      cache-control:
      - no-cache
      content-length:
      - '597'
      content-type:
      - application/json; charset=utf-8
      date:
      - Thu, 18 May 2023 23:42:18 GMT
      etag:
      - '"4c0041b5-0000-0100-0000-6466b7d90000"'
      expires:
      - '-1'
      pragma:
      - no-cache
      strict-transport-security:
      - max-age=31536000; includeSubDomains
      transfer-encoding:
      - chunked
      vary:
      - Accept-Encoding
      x-content-type-options:
      - nosniff
    status:
      code: 200
      message: OK
- request:
    body: null
    headers:
      Accept:
      - '*/*'
      Accept-Encoding:
      - gzip, deflate
      CommandName:
      - networkcloud storageappliance update
      Connection:
      - keep-alive
      ParameterSetName:
      - --resource-group --storage-appliance-name --serial-number --tags
      User-Agent:
      - AZURECLI/2.48.1 (AAZ) azsdk-python-core/1.26.4 Python/3.8.10 (Linux-5.10.102.1-microsoft-standard-WSL2-x86_64-with-glibc2.29)
    method: GET
    uri: https://management.azure.com/subscriptions/00000000-0000-0000-0000-000000000000/providers/Microsoft.NetworkCloud/locations/EASTUS/operationStatuses/92c16567-fc04-4a43-8fe6-ed04964ff583*B0E965AEBB5A6247B18AE5AA08D2CEB57E7A499CA846E41D4FB48448D8618A6C?api-version=2022-12-12-preview
  response:
    body:
      string: '{"id":"/subscriptions/00000000-0000-0000-0000-000000000000/providers/Microsoft.NetworkCloud/locations/EASTUS/operationStatuses/92c16567-fc04-4a43-8fe6-ed04964ff583*B0E965AEBB5A6247B18AE5AA08D2CEB57E7A499CA846E41D4FB48448D8618A6C","name":"92c16567-fc04-4a43-8fe6-ed04964ff583*B0E965AEBB5A6247B18AE5AA08D2CEB57E7A499CA846E41D4FB48448D8618A6C","resourceId":"/subscriptions/00000000-0000-0000-0000-000000000000/resourceGroups/m16-1-9c522075177c-HostedResources-07ABB5FF/providers/Microsoft.NetworkCloud/storageAppliances/b37m16purestor1","status":"Succeeded","startTime":"2023-05-18T23:42:17.4432092Z","endTime":"2023-05-18T23:42:23.9340203Z","error":{},"properties":null}'
    headers:
      cache-control:
      - no-cache
      content-length:
      - '668'
      content-type:
      - application/json; charset=utf-8
      date:
      - Thu, 18 May 2023 23:42:48 GMT
      etag:
      - '"4c0003b6-0000-0100-0000-6466b7df0000"'
      expires:
      - '-1'
      pragma:
      - no-cache
      strict-transport-security:
      - max-age=31536000; includeSubDomains
      transfer-encoding:
      - chunked
      vary:
      - Accept-Encoding
      x-content-type-options:
      - nosniff
    status:
      code: 200
      message: OK
- request:
    body: null
    headers:
      Accept:
      - '*/*'
      Accept-Encoding:
      - gzip, deflate
      CommandName:
      - networkcloud storageappliance update
      Connection:
      - keep-alive
      ParameterSetName:
      - --resource-group --storage-appliance-name --serial-number --tags
      User-Agent:
      - AZURECLI/2.48.1 (AAZ) azsdk-python-core/1.26.4 Python/3.8.10 (Linux-5.10.102.1-microsoft-standard-WSL2-x86_64-with-glibc2.29)
    method: GET
    uri: https://management.azure.com/subscriptions/00000000-0000-0000-0000-000000000000/resourceGroups/m16-1-9c522075177c-HostedResources-07ABB5FF/providers/Microsoft.NetworkCloud/storageAppliances/b37m16purestor1?api-version=2022-12-12-preview
  response:
    body:
      string: '{"id":"/subscriptions/00000000-0000-0000-0000-000000000000/resourceGroups/m16-1-9c522075177c-HostedResources-07ABB5FF/providers/Microsoft.NetworkCloud/storageAppliances/b37m16purestor1","name":"b37m16purestor1","type":"microsoft.networkcloud/storageappliances","location":"eastus","extendedLocation":{"name":"/subscriptions/00000000-0000-0000-0000-000000000000/resourceGroups/m16-1-9c522075177c-hostedresources-07abb5ff/providers/microsoft.extendedlocation/customlocations/m16-1-9c522075177c-cstm-loc","type":"CustomLocation"},"tags":{"CreatedBy":"/subscriptions/00000000-0000-0000-0000-000000000000/resourceGroups/m16-1-9c522075177c-hostedresources-07abb5ff/providers/microsoft.extendedlocation/customlocations/m16-1-9c522075177c-cstm-loc/resourcesyncrules/storageapplianceshydrationrule"},"systemData":{"createdBy":"319f651f-7ddb-4fc6-9857-7aef9250bd05","createdByType":"Application","createdAt":"2023-05-09T04:49:02.2693193Z","lastModifiedBy":"319f651f-7ddb-4fc6-9857-7aef9250bd05","lastModifiedByType":"Application","lastModifiedAt":"2023-05-18T23:42:24.8889447Z"},"properties":{"rackId":"/subscriptions/00000000-0000-0000-0000-000000000000/resourceGroups/m16-1-9c522075177c-HostedResources-07ABB5FF/providers/Microsoft.NetworkCloud/racks/b37m16r1","storageApplianceSkuId":"Pure_x70r3_9_91000GB","serialNumber":"serial","rackSlot":1,"administratorCredentials":{"username":"pureuser"},"clusterId":"/subscriptions/00000000-0000-0000-0000-000000000000/resourceGroups/m16-1-cluster/providers/Microsoft.NetworkCloud/clusters/m16-1-9c522075177c","detailedStatus":"Available","detailedStatusMessage":"OK","managementIpv4Address":"172.29.70.60","capacity":11792,"capacityUsed":1,"remoteVendorManagementStatus":"Disabled","remoteVendorManagementFeature":"Supported","provisioningState":"Succeeded"}}'
    headers:
      cache-control:
      - no-cache
      content-length:
      - '1794'
      content-type:
      - application/json; charset=utf-8
      date:
      - Thu, 18 May 2023 23:42:48 GMT
      etag:
      - '"4200d6fc-0000-0100-0000-6466b7e00000"'
      expires:
      - '-1'
      pragma:
      - no-cache
      strict-transport-security:
      - max-age=31536000; includeSubDomains
      transfer-encoding:
      - chunked
      vary:
      - Accept-Encoding
      x-content-type-options:
      - nosniff
      x-ms-providerhub-traffic:
      - 'True'
    status:
      code: 200
      message: OK
version: 1
