interactions:
- request:
    body: null
    headers:
      Accept:
      - application/json
      Accept-Encoding:
      - gzip, deflate
      CommandName:
      - monitor data-collection endpoint create
      Connection:
      - keep-alive
      ParameterSetName:
      - -g -n --public-network-access
      User-Agent:
      - AZURECLI/2.47.0 azsdk-python-azure-mgmt-resource/22.0.0 Python/3.10.6 (macOS-13.3.1-x86_64-i386-64bit)
    method: GET
    uri: https://management.azure.com/subscriptions/00000000-0000-0000-0000-000000000000/resourcegroups/clitest_amcs_endpoints000001?api-version=2022-09-01
  response:
    body:
      string: '{"id":"/subscriptions/00000000-0000-0000-0000-000000000000/resourceGroups/clitest_amcs_endpoints000001","name":"clitest_amcs_endpoints000001","type":"Microsoft.Resources/resourceGroups","location":"eastus2euap","tags":{"product":"azurecli","cause":"automation","date":"2023-05-06T07:15:47Z"},"properties":{"provisioningState":"Succeeded"}}'
    headers:
      cache-control:
      - no-cache
      content-length:
      - '339'
      content-type:
      - application/json; charset=utf-8
      date:
      - Sat, 06 May 2023 07:15:55 GMT
      expires:
      - '-1'
      pragma:
      - no-cache
      strict-transport-security:
      - max-age=31536000; includeSubDomains
      vary:
      - Accept-Encoding
      x-content-type-options:
      - nosniff
    status:
      code: 200
      message: OK
- request:
    body: '{"location": "eastus2euap", "properties": {"networkAcls": {"publicNetworkAccess":
      "Disabled"}}}'
    headers:
      Accept:
      - application/json
      Accept-Encoding:
      - gzip, deflate
      CommandName:
      - monitor data-collection endpoint create
      Connection:
      - keep-alive
      Content-Length:
      - '95'
      Content-Type:
      - application/json
      ParameterSetName:
      - -g -n --public-network-access
      User-Agent:
      - AZURECLI/2.47.0 azsdk-python-mgmt-monitor/1.0.0b1 Python/3.10.6 (macOS-13.3.1-x86_64-i386-64bit)
    method: PUT
    uri: https://management.azure.com/subscriptions/00000000-0000-0000-0000-000000000000/resourceGroups/clitest_amcs_endpoints000001/providers/Microsoft.Insights/dataCollectionEndpoints/endpoint1?api-version=2021-09-01-preview
  response:
    body:
      string: '{"properties":{"immutableId":"dce-4f98db5feb204578aebf0fd0951ac62c","configurationAccess":{"endpoint":"https://endpoint1-yuwr.eastus2euap-1.handler.canary.control.monitor.azure.com"},"logsIngestion":{"endpoint":"https://endpoint1-yuwr.eastus2euap-1.canary.ingest.monitor.azure.com"},"metricsIngestion":{"endpoint":"https://endpoint1-yuwr.eastus2euap-1.metrics.canary.ingest.monitor.azure.com"},"networkAcls":{"publicNetworkAccess":"Disabled"},"provisioningState":"Succeeded"},"location":"eastus2euap","id":"/subscriptions/00000000-0000-0000-0000-000000000000/resourceGroups/clitest_amcs_endpoints000001/providers/Microsoft.Insights/dataCollectionEndpoints/endpoint1","name":"endpoint1","type":"Microsoft.Insights/dataCollectionEndpoints","etag":"\"00008305-0000-3400-0000-6455feb30000\"","systemData":{"createdBy":"liwang3@microsoft.com","createdByType":"User","createdAt":"2023-05-06T07:16:00.3643905Z","lastModifiedBy":"liwang3@microsoft.com","lastModifiedByType":"User","lastModifiedAt":"2023-05-06T07:16:00.3643905Z"}}'
    headers:
      api-supported-versions:
      - 2021-04-01, 2021-09-01-preview, 2022-06-01, 2023-03-11
      cache-control:
      - no-cache
      content-length:
      - '1022'
      content-type:
      - application/json; charset=utf-8
      date:
      - Sat, 06 May 2023 07:16:04 GMT
      expires:
      - '-1'
      pragma:
      - no-cache
      request-context:
      - appId=cid-v1:2bbfbac8-e1b0-44af-b9c6-3a40669d37e3
      server:
      - Microsoft-HTTPAPI/2.0
      strict-transport-security:
      - max-age=31536000; includeSubDomains
      transfer-encoding:
      - chunked
      vary:
      - Accept-Encoding,Accept-Encoding
      x-content-type-options:
      - nosniff
      x-ms-ratelimit-remaining-subscription-resource-requests:
      - '59'
    status:
      code: 200
      message: OK
- request:
    body: null
    headers:
      Accept:
      - application/json
      Accept-Encoding:
      - gzip, deflate
      CommandName:
      - monitor data-collection endpoint update
      Connection:
      - keep-alive
      ParameterSetName:
      - -g -n --public-network-access --kind
      User-Agent:
      - AZURECLI/2.47.0 azsdk-python-mgmt-monitor/1.0.0b1 Python/3.10.6 (macOS-13.3.1-x86_64-i386-64bit)
    method: GET
    uri: https://management.azure.com/subscriptions/00000000-0000-0000-0000-000000000000/resourceGroups/clitest_amcs_endpoints000001/providers/Microsoft.Insights/dataCollectionEndpoints/endpoint1?api-version=2021-09-01-preview
  response:
    body:
      string: '{"properties":{"immutableId":"dce-4f98db5feb204578aebf0fd0951ac62c","configurationAccess":{"endpoint":"https://endpoint1-yuwr.eastus2euap-1.handler.canary.control.monitor.azure.com"},"logsIngestion":{"endpoint":"https://endpoint1-yuwr.eastus2euap-1.canary.ingest.monitor.azure.com"},"metricsIngestion":{"endpoint":"https://endpoint1-yuwr.eastus2euap-1.metrics.canary.ingest.monitor.azure.com"},"networkAcls":{"publicNetworkAccess":"Disabled"},"provisioningState":"Succeeded"},"location":"eastus2euap","id":"/subscriptions/00000000-0000-0000-0000-000000000000/resourceGroups/clitest_amcs_endpoints000001/providers/Microsoft.Insights/dataCollectionEndpoints/endpoint1","name":"endpoint1","type":"Microsoft.Insights/dataCollectionEndpoints","etag":"\"00008305-0000-3400-0000-6455feb30000\"","systemData":{"createdBy":"liwang3@microsoft.com","createdByType":"User","createdAt":"2023-05-06T07:16:00.3643905Z","lastModifiedBy":"liwang3@microsoft.com","lastModifiedByType":"User","lastModifiedAt":"2023-05-06T07:16:00.3643905Z"}}'
    headers:
      api-supported-versions:
      - 2021-04-01, 2021-09-01-preview, 2022-06-01, 2023-03-11
      cache-control:
      - no-cache
      content-length:
      - '1022'
      content-type:
      - application/json; charset=utf-8
      date:
      - Sat, 06 May 2023 07:16:06 GMT
      expires:
      - '-1'
      pragma:
      - no-cache
      request-context:
      - appId=cid-v1:2bbfbac8-e1b0-44af-b9c6-3a40669d37e3
      server:
      - Microsoft-HTTPAPI/2.0
      strict-transport-security:
      - max-age=31536000; includeSubDomains
      transfer-encoding:
      - chunked
      vary:
      - Accept-Encoding,Accept-Encoding
      x-content-type-options:
      - nosniff
    status:
      code: 200
      message: OK
- request:
    body: '{"location": "eastus2euap", "kind": "Windows", "properties": {"immutableId":
      "dce-4f98db5feb204578aebf0fd0951ac62c", "configurationAccess": {}, "logsIngestion":
      {}, "networkAcls": {"publicNetworkAccess": "Enabled"}}}'
    headers:
      Accept:
      - application/json
      Accept-Encoding:
      - gzip, deflate
      CommandName:
      - monitor data-collection endpoint update
      Connection:
      - keep-alive
      Content-Length:
      - '216'
      Content-Type:
      - application/json
      ParameterSetName:
      - -g -n --public-network-access --kind
      User-Agent:
      - AZURECLI/2.47.0 azsdk-python-mgmt-monitor/1.0.0b1 Python/3.10.6 (macOS-13.3.1-x86_64-i386-64bit)
    method: PUT
    uri: https://management.azure.com/subscriptions/00000000-0000-0000-0000-000000000000/resourceGroups/clitest_amcs_endpoints000001/providers/Microsoft.Insights/dataCollectionEndpoints/endpoint1?api-version=2021-09-01-preview
  response:
    body:
      string: '{"properties":{"immutableId":"dce-4f98db5feb204578aebf0fd0951ac62c","configurationAccess":{"endpoint":"https://endpoint1-yuwr.eastus2euap-1.handler.canary.control.monitor.azure.com"},"logsIngestion":{"endpoint":"https://endpoint1-yuwr.eastus2euap-1.canary.ingest.monitor.azure.com"},"metricsIngestion":{"endpoint":"https://endpoint1-yuwr.eastus2euap-1.metrics.canary.ingest.monitor.azure.com"},"networkAcls":{"publicNetworkAccess":"Enabled"},"provisioningState":"Succeeded"},"location":"eastus2euap","kind":"Windows","id":"/subscriptions/00000000-0000-0000-0000-000000000000/resourceGroups/clitest_amcs_endpoints000001/providers/Microsoft.Insights/dataCollectionEndpoints/endpoint1","name":"endpoint1","type":"Microsoft.Insights/dataCollectionEndpoints","etag":"\"00008805-0000-3400-0000-6455feb80000\"","systemData":{"createdBy":"liwang3@microsoft.com","createdByType":"User","createdAt":"2023-05-06T07:16:00.3643905Z","lastModifiedBy":"liwang3@microsoft.com","lastModifiedByType":"User","lastModifiedAt":"2023-05-06T07:16:07.7216487Z"}}'
    headers:
      api-supported-versions:
      - 2021-04-01, 2021-09-01-preview, 2022-06-01, 2023-03-11
      cache-control:
      - no-cache
      content-length:
      - '1038'
      content-type:
      - application/json; charset=utf-8
      date:
      - Sat, 06 May 2023 07:16:10 GMT
      expires:
      - '-1'
      pragma:
      - no-cache
      request-context:
      - appId=cid-v1:2bbfbac8-e1b0-44af-b9c6-3a40669d37e3
      server:
      - Microsoft-HTTPAPI/2.0
      strict-transport-security:
      - max-age=31536000; includeSubDomains
      transfer-encoding:
      - chunked
      vary:
      - Accept-Encoding,Accept-Encoding
      x-content-type-options:
      - nosniff
      x-ms-ratelimit-remaining-subscription-resource-requests:
      - '59'
    status:
      code: 200
      message: OK
- request:
    body: null
    headers:
      Accept:
      - application/json
      Accept-Encoding:
      - gzip, deflate
      CommandName:
      - monitor data-collection endpoint create
      Connection:
      - keep-alive
      ParameterSetName:
      - -g -n --public-network-access --kind
      User-Agent:
      - AZURECLI/2.47.0 azsdk-python-azure-mgmt-resource/22.0.0 Python/3.10.6 (macOS-13.3.1-x86_64-i386-64bit)
    method: GET
    uri: https://management.azure.com/subscriptions/00000000-0000-0000-0000-000000000000/resourcegroups/clitest_amcs_endpoints000001?api-version=2022-09-01
  response:
    body:
      string: '{"id":"/subscriptions/00000000-0000-0000-0000-000000000000/resourceGroups/clitest_amcs_endpoints000001","name":"clitest_amcs_endpoints000001","type":"Microsoft.Resources/resourceGroups","location":"eastus2euap","tags":{"product":"azurecli","cause":"automation","date":"2023-05-06T07:15:47Z"},"properties":{"provisioningState":"Succeeded"}}'
    headers:
      cache-control:
      - no-cache
      content-length:
      - '339'
      content-type:
      - application/json; charset=utf-8
      date:
      - Sat, 06 May 2023 07:16:11 GMT
      expires:
      - '-1'
      pragma:
      - no-cache
      strict-transport-security:
      - max-age=31536000; includeSubDomains
      vary:
      - Accept-Encoding
      x-content-type-options:
      - nosniff
    status:
      code: 200
      message: OK
- request:
    body: '{"location": "eastus2euap", "kind": "Linux", "properties": {"networkAcls":
      {"publicNetworkAccess": "Enabled"}}}'
    headers:
      Accept:
      - application/json
      Accept-Encoding:
      - gzip, deflate
      CommandName:
      - monitor data-collection endpoint create
      Connection:
      - keep-alive
      Content-Length:
      - '111'
      Content-Type:
      - application/json
      ParameterSetName:
      - -g -n --public-network-access --kind
      User-Agent:
      - AZURECLI/2.47.0 azsdk-python-mgmt-monitor/1.0.0b1 Python/3.10.6 (macOS-13.3.1-x86_64-i386-64bit)
    method: PUT
    uri: https://management.azure.com/subscriptions/00000000-0000-0000-0000-000000000000/resourceGroups/clitest_amcs_endpoints000001/providers/Microsoft.Insights/dataCollectionEndpoints/endpoint2?api-version=2021-09-01-preview
  response:
    body:
      string: '{"properties":{"immutableId":"dce-6127685178a746bab93d5a9795524323","configurationAccess":{"endpoint":"https://endpoint2-vs0z.eastus2euap-1.handler.canary.control.monitor.azure.com"},"logsIngestion":{"endpoint":"https://endpoint2-vs0z.eastus2euap-1.canary.ingest.monitor.azure.com"},"metricsIngestion":{"endpoint":"https://endpoint2-vs0z.eastus2euap-1.metrics.canary.ingest.monitor.azure.com"},"networkAcls":{"publicNetworkAccess":"Enabled"},"provisioningState":"Succeeded"},"location":"eastus2euap","kind":"Linux","id":"/subscriptions/00000000-0000-0000-0000-000000000000/resourceGroups/clitest_amcs_endpoints000001/providers/Microsoft.Insights/dataCollectionEndpoints/endpoint2","name":"endpoint2","type":"Microsoft.Insights/dataCollectionEndpoints","etag":"\"00008905-0000-3400-0000-6455fec90000\"","systemData":{"createdBy":"liwang3@microsoft.com","createdByType":"User","createdAt":"2023-05-06T07:16:22.9917083Z","lastModifiedBy":"liwang3@microsoft.com","lastModifiedByType":"User","lastModifiedAt":"2023-05-06T07:16:22.9917083Z"}}'
    headers:
      api-supported-versions:
      - 2021-04-01, 2021-09-01-preview, 2022-06-01, 2023-03-11
      cache-control:
      - no-cache
      content-length:
      - '1036'
      content-type:
      - application/json; charset=utf-8
      date:
      - Sat, 06 May 2023 07:16:26 GMT
      expires:
      - '-1'
      pragma:
      - no-cache
      request-context:
      - appId=cid-v1:2bbfbac8-e1b0-44af-b9c6-3a40669d37e3
      server:
      - Microsoft-HTTPAPI/2.0
      strict-transport-security:
      - max-age=31536000; includeSubDomains
      transfer-encoding:
      - chunked
      vary:
      - Accept-Encoding,Accept-Encoding
      x-content-type-options:
      - nosniff
      x-ms-ratelimit-remaining-subscription-resource-requests:
      - '59'
    status:
      code: 200
      message: OK
- request:
    body: null
    headers:
      Accept:
      - application/json
      Accept-Encoding:
      - gzip, deflate
      CommandName:
      - monitor data-collection endpoint show
      Connection:
      - keep-alive
      ParameterSetName:
      - -g -n
      User-Agent:
      - AZURECLI/2.47.0 azsdk-python-mgmt-monitor/1.0.0b1 Python/3.10.6 (macOS-13.3.1-x86_64-i386-64bit)
    method: GET
    uri: https://management.azure.com/subscriptions/00000000-0000-0000-0000-000000000000/resourceGroups/clitest_amcs_endpoints000001/providers/Microsoft.Insights/dataCollectionEndpoints/endpoint2?api-version=2021-09-01-preview
  response:
    body:
      string: '{"properties":{"immutableId":"dce-6127685178a746bab93d5a9795524323","configurationAccess":{"endpoint":"https://endpoint2-vs0z.eastus2euap-1.handler.canary.control.monitor.azure.com"},"logsIngestion":{"endpoint":"https://endpoint2-vs0z.eastus2euap-1.canary.ingest.monitor.azure.com"},"metricsIngestion":{"endpoint":"https://endpoint2-vs0z.eastus2euap-1.metrics.canary.ingest.monitor.azure.com"},"networkAcls":{"publicNetworkAccess":"Enabled"},"provisioningState":"Succeeded"},"location":"eastus2euap","kind":"Linux","id":"/subscriptions/00000000-0000-0000-0000-000000000000/resourceGroups/clitest_amcs_endpoints000001/providers/Microsoft.Insights/dataCollectionEndpoints/endpoint2","name":"endpoint2","type":"Microsoft.Insights/dataCollectionEndpoints","etag":"\"00008905-0000-3400-0000-6455fec90000\"","systemData":{"createdBy":"liwang3@microsoft.com","createdByType":"User","createdAt":"2023-05-06T07:16:22.9917083Z","lastModifiedBy":"liwang3@microsoft.com","lastModifiedByType":"User","lastModifiedAt":"2023-05-06T07:16:22.9917083Z"}}'
    headers:
      api-supported-versions:
      - 2021-04-01, 2021-09-01-preview, 2022-06-01, 2023-03-11
      cache-control:
      - no-cache
      content-length:
      - '1036'
      content-type:
      - application/json; charset=utf-8
      date:
      - Sat, 06 May 2023 07:16:27 GMT
      expires:
      - '-1'
      pragma:
      - no-cache
      request-context:
      - appId=cid-v1:2bbfbac8-e1b0-44af-b9c6-3a40669d37e3
      server:
      - Microsoft-HTTPAPI/2.0
      strict-transport-security:
      - max-age=31536000; includeSubDomains
      transfer-encoding:
      - chunked
      vary:
      - Accept-Encoding,Accept-Encoding
      x-content-type-options:
      - nosniff
    status:
      code: 200
      message: OK
- request:
    body: null
    headers:
      Accept:
      - application/json
      Accept-Encoding:
      - gzip, deflate
      CommandName:
      - monitor data-collection endpoint list
      Connection:
      - keep-alive
      ParameterSetName:
      - -g
      User-Agent:
      - AZURECLI/2.47.0 azsdk-python-mgmt-monitor/1.0.0b1 Python/3.10.6 (macOS-13.3.1-x86_64-i386-64bit)
    method: GET
    uri: https://management.azure.com/subscriptions/00000000-0000-0000-0000-000000000000/resourceGroups/clitest_amcs_endpoints000001/providers/Microsoft.Insights/dataCollectionEndpoints?api-version=2021-09-01-preview
  response:
    body:
      string: '{"value":[{"properties":{"immutableId":"dce-4f98db5feb204578aebf0fd0951ac62c","configurationAccess":{"endpoint":"https://endpoint1-yuwr.eastus2euap-1.handler.canary.control.monitor.azure.com"},"logsIngestion":{"endpoint":"https://endpoint1-yuwr.eastus2euap-1.canary.ingest.monitor.azure.com"},"metricsIngestion":{"endpoint":"https://endpoint1-yuwr.eastus2euap-1.metrics.canary.ingest.monitor.azure.com"},"networkAcls":{"publicNetworkAccess":"Enabled"},"provisioningState":"Succeeded"},"location":"eastus2euap","kind":"Windows","id":"/subscriptions/00000000-0000-0000-0000-000000000000/resourceGroups/clitest_amcs_endpoints000001/providers/Microsoft.Insights/dataCollectionEndpoints/endpoint1","name":"endpoint1","type":"Microsoft.Insights/dataCollectionEndpoints","etag":"\"00008805-0000-3400-0000-6455feb80000\"","systemData":{"createdBy":"liwang3@microsoft.com","createdByType":"User","createdAt":"2023-05-06T07:16:00.3643905Z","lastModifiedBy":"liwang3@microsoft.com","lastModifiedByType":"User","lastModifiedAt":"2023-05-06T07:16:07.7216487Z"}},{"properties":{"immutableId":"dce-6127685178a746bab93d5a9795524323","configurationAccess":{"endpoint":"https://endpoint2-vs0z.eastus2euap-1.handler.canary.control.monitor.azure.com"},"logsIngestion":{"endpoint":"https://endpoint2-vs0z.eastus2euap-1.canary.ingest.monitor.azure.com"},"metricsIngestion":{"endpoint":"https://endpoint2-vs0z.eastus2euap-1.metrics.canary.ingest.monitor.azure.com"},"networkAcls":{"publicNetworkAccess":"Enabled"},"provisioningState":"Succeeded"},"location":"eastus2euap","kind":"Linux","id":"/subscriptions/00000000-0000-0000-0000-000000000000/resourceGroups/clitest_amcs_endpoints000001/providers/Microsoft.Insights/dataCollectionEndpoints/endpoint2","name":"endpoint2","type":"Microsoft.Insights/dataCollectionEndpoints","etag":"\"00008905-0000-3400-0000-6455fec90000\"","systemData":{"createdBy":"liwang3@microsoft.com","createdByType":"User","createdAt":"2023-05-06T07:16:22.9917083Z","lastModifiedBy":"liwang3@microsoft.com","lastModifiedByType":"User","lastModifiedAt":"2023-05-06T07:16:22.9917083Z"}}],"nextLink":null}'
    headers:
      api-supported-versions:
      - 2021-04-01, 2021-09-01-preview, 2022-06-01, 2023-03-11
      cache-control:
      - no-cache
      content-length:
      - '2103'
      content-type:
      - application/json; charset=utf-8
      date:
      - Sat, 06 May 2023 07:16:31 GMT
      expires:
      - '-1'
      pragma:
      - no-cache
      request-context:
      - appId=cid-v1:2bbfbac8-e1b0-44af-b9c6-3a40669d37e3
      server:
      - Microsoft-HTTPAPI/2.0
      strict-transport-security:
      - max-age=31536000; includeSubDomains
      transfer-encoding:
      - chunked
      vary:
      - Accept-Encoding,Accept-Encoding
      x-content-type-options:
      - nosniff
    status:
      code: 200
      message: OK
- request:
    body: null
    headers:
      Accept:
      - application/json
      Accept-Encoding:
      - gzip, deflate
      CommandName:
      - monitor data-collection endpoint delete
      Connection:
      - keep-alive
      Content-Length:
      - '0'
      ParameterSetName:
      - -g -n -y
      User-Agent:
      - AZURECLI/2.47.0 azsdk-python-mgmt-monitor/1.0.0b1 Python/3.10.6 (macOS-13.3.1-x86_64-i386-64bit)
    method: DELETE
    uri: https://management.azure.com/subscriptions/00000000-0000-0000-0000-000000000000/resourceGroups/clitest_amcs_endpoints000001/providers/Microsoft.Insights/dataCollectionEndpoints/endpoint2?api-version=2021-09-01-preview
  response:
    body:
      string: ''
    headers:
      api-supported-versions:
      - 2021-04-01, 2021-09-01-preview, 2022-06-01, 2023-03-11
      cache-control:
      - no-cache
      content-length:
      - '0'
      date:
      - Sat, 06 May 2023 07:16:39 GMT
      expires:
      - '-1'
      pragma:
      - no-cache
      request-context:
      - appId=cid-v1:2bbfbac8-e1b0-44af-b9c6-3a40669d37e3
      server:
      - Microsoft-HTTPAPI/2.0
      strict-transport-security:
      - max-age=31536000; includeSubDomains
      x-content-type-options:
      - nosniff
      x-ms-ratelimit-remaining-subscription-deletes:
      - '14999'
    status:
      code: 200
      message: OK
- request:
    body: null
    headers:
      Accept:
      - application/json
      Accept-Encoding:
      - gzip, deflate
      CommandName:
      - monitor data-collection endpoint list
      Connection:
      - keep-alive
      ParameterSetName:
      - -g
      User-Agent:
      - AZURECLI/2.47.0 azsdk-python-mgmt-monitor/1.0.0b1 Python/3.10.6 (macOS-13.3.1-x86_64-i386-64bit)
    method: GET
    uri: https://management.azure.com/subscriptions/00000000-0000-0000-0000-000000000000/resourceGroups/clitest_amcs_endpoints000001/providers/Microsoft.Insights/dataCollectionEndpoints?api-version=2021-09-01-preview
  response:
    body:
      string: '{"value":[{"properties":{"immutableId":"dce-4f98db5feb204578aebf0fd0951ac62c","configurationAccess":{"endpoint":"https://endpoint1-yuwr.eastus2euap-1.handler.canary.control.monitor.azure.com"},"logsIngestion":{"endpoint":"https://endpoint1-yuwr.eastus2euap-1.canary.ingest.monitor.azure.com"},"metricsIngestion":{"endpoint":"https://endpoint1-yuwr.eastus2euap-1.metrics.canary.ingest.monitor.azure.com"},"networkAcls":{"publicNetworkAccess":"Enabled"},"provisioningState":"Succeeded"},"location":"eastus2euap","kind":"Windows","id":"/subscriptions/00000000-0000-0000-0000-000000000000/resourceGroups/clitest_amcs_endpoints000001/providers/Microsoft.Insights/dataCollectionEndpoints/endpoint1","name":"endpoint1","type":"Microsoft.Insights/dataCollectionEndpoints","etag":"\"00008805-0000-3400-0000-6455feb80000\"","systemData":{"createdBy":"liwang3@microsoft.com","createdByType":"User","createdAt":"2023-05-06T07:16:00.3643905Z","lastModifiedBy":"liwang3@microsoft.com","lastModifiedByType":"User","lastModifiedAt":"2023-05-06T07:16:07.7216487Z"}}],"nextLink":null}'
    headers:
      api-supported-versions:
      - 2021-04-01, 2021-09-01-preview, 2022-06-01, 2023-03-11
      cache-control:
      - no-cache
      content-length:
      - '1066'
      content-type:
      - application/json; charset=utf-8
      date:
      - Sat, 06 May 2023 07:16:40 GMT
      expires:
      - '-1'
      pragma:
      - no-cache
      request-context:
      - appId=cid-v1:2bbfbac8-e1b0-44af-b9c6-3a40669d37e3
      server:
      - Microsoft-HTTPAPI/2.0
      strict-transport-security:
      - max-age=31536000; includeSubDomains
      transfer-encoding:
      - chunked
      vary:
      - Accept-Encoding,Accept-Encoding
      x-content-type-options:
      - nosniff
    status:
      code: 200
      message: OK
version: 1
