interactions:
- request:
    body: '{"location": "eastus", "properties": {"sku": {"name": "CapacityReservation",
      "capacityReservationLevel": 100}, "retentionInDays": 30, "workspaceCapping":
      {"dailyQuotaGb": 1.0}}}'
    headers:
      Accept:
      - application/json
      Accept-Encoding:
      - gzip, deflate
      CommandName:
      - monitor log-analytics workspace create
      Connection:
      - keep-alive
      Content-Length:
      - '177'
      Content-Type:
      - application/json; charset=utf-8
      ParameterSetName:
      - -g -n --location --quota --level --sku
      User-Agent:
      - python/3.8.6 (Windows-10-10.0.19041-SP0) msrest/0.6.18 msrest_azure/0.6.3
        azure-mgmt-loganalytics/0.7.0 Azure-SDK-For-Python AZURECLI/2.15.1
      accept-language:
      - en-US
    method: PUT
    uri: https://management.azure.com/subscriptions/00000000-0000-0000-0000-000000000000/resourcegroups/clitest000001/providers/Microsoft.OperationalInsights/workspaces/clitest000002?api-version=2020-03-01-preview
  response:
    body:
      string: "{\r\n  \"properties\": {\r\n    \"source\": \"Azure\",\r\n    \"customerId\":
        \"25eb7a5b-9643-4338-ab2e-a4b570977c29\",\r\n    \"provisioningState\": \"Creating\",\r\n
        \   \"sku\": {\r\n      \"name\": \"capacityreservation\",\r\n      \"capacityReservationLevel\":
        100,\r\n      \"maxCapacityReservationLevel\": 3000,\r\n      \"lastSkuUpdate\":
        \"Fri, 04 Dec 2020 09:48:57 GMT\"\r\n    },\r\n    \"retentionInDays\": 30,\r\n
        \   \"features\": {\r\n      \"legacy\": 0,\r\n      \"searchVersion\": 1,\r\n
        \     \"enableLogAccessUsingOnlyResourcePermissions\": true\r\n    },\r\n
        \   \"workspaceCapping\": {\r\n      \"dailyQuotaGb\": -1.0,\r\n      \"quotaNextResetTime\":
        \"Fri, 04 Dec 2020 11:00:00 GMT\",\r\n      \"dataIngestionStatus\": \"RespectQuota\"\r\n
        \   },\r\n    \"publicNetworkAccessForIngestion\": \"Enabled\",\r\n    \"publicNetworkAccessForQuery\":
        \"Enabled\",\r\n    \"createdDate\": \"Fri, 04 Dec 2020 09:48:57 GMT\",\r\n
        \   \"modifiedDate\": \"Fri, 04 Dec 2020 09:48:57 GMT\"\r\n  },\r\n  \"id\":
        \"/subscriptions/00000000-0000-0000-0000-000000000000/resourcegroups/clitest000001/providers/microsoft.operationalinsights/workspaces/clitest000002\",\r\n
        \ \"name\": \"clitest000002\",\r\n  \"type\": \"Microsoft.OperationalInsights/workspaces\",\r\n
        \ \"location\": \"eastus\"\r\n}"
    headers:
      cache-control:
      - no-cache
      content-length:
      - '1227'
      content-type:
      - application/json
      date:
      - Fri, 04 Dec 2020 09:48:58 GMT
      pragma:
      - no-cache
      server:
      - Microsoft-IIS/10.0
      - Microsoft-IIS/10.0
      strict-transport-security:
      - max-age=31536000; includeSubDomains
      x-content-type-options:
      - nosniff
      x-ms-ratelimit-remaining-subscription-writes:
      - '1198'
      x-powered-by:
      - ASP.NET
      - ASP.NET
    status:
      code: 201
      message: Created
- request:
    body: null
    headers:
      Accept:
      - application/json
      Accept-Encoding:
      - gzip, deflate
      CommandName:
      - monitor log-analytics workspace create
      Connection:
      - keep-alive
      ParameterSetName:
      - -g -n --location --quota --level --sku
      User-Agent:
      - python/3.8.6 (Windows-10-10.0.19041-SP0) msrest/0.6.18 msrest_azure/0.6.3
        azure-mgmt-loganalytics/0.7.0 Azure-SDK-For-Python AZURECLI/2.15.1
    method: GET
    uri: https://management.azure.com/subscriptions/00000000-0000-0000-0000-000000000000/resourcegroups/clitest000001/providers/Microsoft.OperationalInsights/workspaces/clitest000002?api-version=2020-03-01-preview
  response:
    body:
      string: "{\r\n  \"properties\": {\r\n    \"source\": \"Azure\",\r\n    \"customerId\":
        \"25eb7a5b-9643-4338-ab2e-a4b570977c29\",\r\n    \"provisioningState\": \"Succeeded\",\r\n
        \   \"sku\": {\r\n      \"name\": \"capacityreservation\",\r\n      \"capacityReservationLevel\":
        100,\r\n      \"maxCapacityReservationLevel\": 3000,\r\n      \"lastSkuUpdate\":
        \"Fri, 04 Dec 2020 09:48:57 GMT\"\r\n    },\r\n    \"retentionInDays\": 30,\r\n
        \   \"features\": {\r\n      \"legacy\": 0,\r\n      \"searchVersion\": 1,\r\n
        \     \"enableLogAccessUsingOnlyResourcePermissions\": true\r\n    },\r\n
        \   \"workspaceCapping\": {\r\n      \"dailyQuotaGb\": 1.0,\r\n      \"quotaNextResetTime\":
        \"Fri, 04 Dec 2020 11:00:00 GMT\",\r\n      \"dataIngestionStatus\": \"RespectQuota\"\r\n
        \   },\r\n    \"publicNetworkAccessForIngestion\": \"Enabled\",\r\n    \"publicNetworkAccessForQuery\":
        \"Enabled\",\r\n    \"createdDate\": \"Fri, 04 Dec 2020 09:48:57 GMT\",\r\n
        \   \"modifiedDate\": \"Fri, 04 Dec 2020 09:48:59 GMT\"\r\n  },\r\n  \"id\":
        \"/subscriptions/00000000-0000-0000-0000-000000000000/resourcegroups/clitest000001/providers/microsoft.operationalinsights/workspaces/clitest000002\",\r\n
        \ \"name\": \"clitest000002\",\r\n  \"type\": \"Microsoft.OperationalInsights/workspaces\",\r\n
        \ \"location\": \"eastus\"\r\n}"
    headers:
      cache-control:
      - no-cache
      content-length:
      - '1227'
      content-type:
      - application/json
      date:
      - Fri, 04 Dec 2020 09:49:30 GMT
      pragma:
      - no-cache
      server:
      - Microsoft-IIS/10.0
      - Microsoft-IIS/10.0
      strict-transport-security:
      - max-age=31536000; includeSubDomains
      transfer-encoding:
      - chunked
      vary:
      - Accept-Encoding
      x-content-type-options:
      - nosniff
      x-powered-by:
      - ASP.NET
      - ASP.NET
    status:
      code: 200
      message: OK
- request:
    body: null
    headers:
      Accept:
      - application/json
      Accept-Encoding:
      - gzip, deflate
      CommandName:
      - vm create
      Connection:
      - keep-alive
      ParameterSetName:
      - -g -n --image --admin-password --admin-username --authentication-type
      User-Agent:
      - python/3.8.6 (Windows-10-10.0.19041-SP0) msrest/0.6.18 msrest_azure/0.6.3
        azure-mgmt-resource/10.2.0 Azure-SDK-For-Python AZURECLI/2.15.1
      accept-language:
      - en-US
    method: GET
    uri: https://management.azure.com/subscriptions/00000000-0000-0000-0000-000000000000/resourcegroups/clitest000001?api-version=2020-06-01
  response:
    body:
      string: '{"id":"/subscriptions/00000000-0000-0000-0000-000000000000/resourceGroups/clitest000001","name":"clitest000001","type":"Microsoft.Resources/resourceGroups","location":"westus","tags":{"product":"azurecli","cause":"automation","date":"2020-12-04T09:48:38Z"},"properties":{"provisioningState":"Succeeded"}}'
    headers:
      cache-control:
      - no-cache
      content-length:
      - '428'
      content-type:
      - application/json; charset=utf-8
      date:
      - Fri, 04 Dec 2020 09:49:32 GMT
      expires:
      - '-1'
      pragma:
      - no-cache
      strict-transport-security:
      - max-age=31536000; includeSubDomains
      vary:
      - Accept-Encoding
      x-content-type-options:
      - nosniff
    status:
      code: 200
      message: OK
- request:
    body: null
    headers:
      Accept:
      - '*/*'
      Accept-Encoding:
      - gzip, deflate
      Connection:
      - keep-alive
      User-Agent:
      - python-requests/2.22.0
    method: GET
    uri: https://raw.githubusercontent.com/Azure/azure-rest-api-specs/master/arm-compute/quickstart-templates/aliases.json
  response:
    body:
      string: "{\n  \"$schema\": \"http://schema.management.azure.com/schemas/2015-01-01/deploymentTemplate.json\",\n
        \ \"contentVersion\": \"1.0.0.0\",\n  \"parameters\": {},\n  \"variables\":
        {},\n  \"resources\": [],\n  \"outputs\": {\n    \"aliases\": {\n      \"type\":
        \"object\",\n      \"value\": {\n        \"Linux\": {\n          \"CentOS\":
        {\n            \"publisher\": \"OpenLogic\",\n            \"offer\": \"CentOS\",\n
        \           \"sku\": \"7.5\",\n            \"version\": \"latest\"\n          },\n
        \         \"CoreOS\": {\n            \"publisher\": \"CoreOS\",\n            \"offer\":
        \"CoreOS\",\n            \"sku\": \"Stable\",\n            \"version\": \"latest\"\n
        \         },\n          \"Debian\": {\n            \"publisher\": \"Debian\",\n
        \           \"offer\": \"debian-10\",\n            \"sku\": \"10\",\n            \"version\":
        \"latest\"\n          },\n          \"openSUSE-Leap\": {\n            \"publisher\":
        \"SUSE\",\n            \"offer\": \"openSUSE-Leap\",\n            \"sku\":
        \"42.3\",\n            \"version\": \"latest\"\n          },\n          \"RHEL\":
        {\n            \"publisher\": \"RedHat\",\n            \"offer\": \"RHEL\",\n
        \           \"sku\": \"7-LVM\",\n            \"version\": \"latest\"\n          },\n
        \         \"SLES\": {\n            \"publisher\": \"SUSE\",\n            \"offer\":
        \"SLES\",\n            \"sku\": \"15\",\n            \"version\": \"latest\"\n
        \         },\n          \"UbuntuLTS\": {\n            \"publisher\": \"Canonical\",\n
        \           \"offer\": \"UbuntuServer\",\n            \"sku\": \"18.04-LTS\",\n
        \           \"version\": \"latest\"\n          }\n        },\n        \"Windows\":
        {\n          \"Win2019Datacenter\": {\n            \"publisher\": \"MicrosoftWindowsServer\",\n
        \           \"offer\": \"WindowsServer\",\n            \"sku\": \"2019-Datacenter\",\n
        \           \"version\": \"latest\"\n          },\n          \"Win2016Datacenter\":
        {\n            \"publisher\": \"MicrosoftWindowsServer\",\n            \"offer\":
        \"WindowsServer\",\n            \"sku\": \"2016-Datacenter\",\n            \"version\":
        \"latest\"\n          },\n          \"Win2012R2Datacenter\": {\n            \"publisher\":
        \"MicrosoftWindowsServer\",\n            \"offer\": \"WindowsServer\",\n            \"sku\":
        \"2012-R2-Datacenter\",\n            \"version\": \"latest\"\n          },\n
        \         \"Win2012Datacenter\": {\n            \"publisher\": \"MicrosoftWindowsServer\",\n
        \           \"offer\": \"WindowsServer\",\n            \"sku\": \"2012-Datacenter\",\n
        \           \"version\": \"latest\"\n          },\n          \"Win2008R2SP1\":
        {\n            \"publisher\": \"MicrosoftWindowsServer\",\n            \"offer\":
        \"WindowsServer\",\n            \"sku\": \"2008-R2-SP1\",\n            \"version\":
        \"latest\"\n          }\n        }\n      }\n    }\n  }\n}\n"
    headers:
      accept-ranges:
      - bytes
      access-control-allow-origin:
      - '*'
      cache-control:
      - max-age=300
      connection:
      - keep-alive
      content-length:
      - '2501'
      content-security-policy:
      - default-src 'none'; style-src 'unsafe-inline'; sandbox
      content-type:
      - text/plain; charset=utf-8
      date:
      - Fri, 04 Dec 2020 09:49:32 GMT
      etag:
      - W/"540044b4084c3c314537f1baa1770f248628b2bc9ba0328f1004c33862e049da"
      expires:
      - Fri, 04 Dec 2020 09:54:32 GMT
      source-age:
      - '35'
      strict-transport-security:
      - max-age=31536000
      vary:
      - Authorization,Accept-Encoding
      via:
      - 1.1 varnish (Varnish/6.0), 1.1 varnish
      x-cache:
      - HIT, MISS
      x-cache-hits:
      - 1, 0
      x-content-type-options:
      - nosniff
      x-fastly-request-id:
      - 9e1f36bf4fad9afa974fea024c66866557f0b078
      x-frame-options:
      - deny
      x-github-request-id:
      - C542:8EB1:8416B:99E9F:5FCA062C
      x-served-by:
      - cache-sin18028-SIN
      x-timer:
      - S1607075373.775369,VS0,VE159
      x-xss-protection:
      - 1; mode=block
    status:
      code: 200
      message: OK
- request:
    body: null
    headers:
      Accept:
      - application/json
      Accept-Encoding:
      - gzip, deflate
      CommandName:
      - vm create
      Connection:
      - keep-alive
      ParameterSetName:
      - -g -n --image --admin-password --admin-username --authentication-type
      User-Agent:
      - python/3.8.6 (Windows-10-10.0.19041-SP0) msrest/0.6.18 msrest_azure/0.6.3
        azure-mgmt-network/12.0.0 Azure-SDK-For-Python AZURECLI/2.15.1
      accept-language:
      - en-US
    method: GET
    uri: https://management.azure.com/subscriptions/00000000-0000-0000-0000-000000000000/resourceGroups/clitest000001/providers/Microsoft.Network/virtualNetworks?api-version=2018-01-01
  response:
    body:
      string: '{"value":[]}'
    headers:
      cache-control:
      - no-cache
      content-length:
      - '12'
      content-type:
      - application/json; charset=utf-8
      date:
      - Fri, 04 Dec 2020 09:49:33 GMT
      expires:
      - '-1'
      pragma:
      - no-cache
      strict-transport-security:
      - max-age=31536000; includeSubDomains
      vary:
      - Accept-Encoding
      x-content-type-options:
      - nosniff
    status:
      code: 200
      message: OK
- request:
    body: '{"properties": {"template": {"$schema": "https://schema.management.azure.com/schemas/2015-01-01/deploymentTemplate.json#",
      "contentVersion": "1.0.0.0", "parameters": {"adminPassword": {"type": "securestring",
      "metadata": {"description": "Secure adminPassword"}}}, "variables": {}, "resources":
      [{"name": "vm1VNET", "type": "Microsoft.Network/virtualNetworks", "location":
      "westus", "apiVersion": "2015-06-15", "dependsOn": [], "tags": {}, "properties":
      {"addressSpace": {"addressPrefixes": ["10.0.0.0/16"]}, "subnets": [{"name":
      "vm1Subnet", "properties": {"addressPrefix": "10.0.0.0/24"}}]}}, {"type": "Microsoft.Network/networkSecurityGroups",
      "name": "vm1NSG", "apiVersion": "2015-06-15", "location": "westus", "tags":
      {}, "dependsOn": [], "properties": {"securityRules": [{"name": "default-allow-ssh",
      "properties": {"protocol": "Tcp", "sourcePortRange": "*", "destinationPortRange":
      "22", "sourceAddressPrefix": "*", "destinationAddressPrefix": "*", "access":
      "Allow", "priority": 1000, "direction": "Inbound"}}]}}, {"apiVersion": "2018-01-01",
      "type": "Microsoft.Network/publicIPAddresses", "name": "vm1PublicIP", "location":
      "westus", "tags": {}, "dependsOn": [], "properties": {"publicIPAllocationMethod":
      null}}, {"apiVersion": "2015-06-15", "type": "Microsoft.Network/networkInterfaces",
      "name": "vm1VMNic", "location": "westus", "tags": {}, "dependsOn": ["Microsoft.Network/virtualNetworks/vm1VNET",
      "Microsoft.Network/networkSecurityGroups/vm1NSG", "Microsoft.Network/publicIpAddresses/vm1PublicIP"],
      "properties": {"ipConfigurations": [{"name": "ipconfigvm1", "properties": {"privateIPAllocationMethod":
      "Dynamic", "subnet": {"id": "/subscriptions/00000000-0000-0000-0000-000000000000/resourceGroups/clitest000001/providers/Microsoft.Network/virtualNetworks/vm1VNET/subnets/vm1Subnet"},
      "publicIPAddress": {"id": "/subscriptions/00000000-0000-0000-0000-000000000000/resourceGroups/clitest000001/providers/Microsoft.Network/publicIPAddresses/vm1PublicIP"}}}],
      "networkSecurityGroup": {"id": "/subscriptions/00000000-0000-0000-0000-000000000000/resourceGroups/clitest000001/providers/Microsoft.Network/networkSecurityGroups/vm1NSG"}}},
      {"apiVersion": "2020-06-01", "type": "Microsoft.Compute/virtualMachines", "name":
      "vm1", "location": "westus", "tags": {}, "dependsOn": ["Microsoft.Network/networkInterfaces/vm1VMNic"],
      "properties": {"hardwareProfile": {"vmSize": "Standard_DS1_v2"}, "networkProfile":
      {"networkInterfaces": [{"id": "/subscriptions/00000000-0000-0000-0000-000000000000/resourceGroups/clitest000001/providers/Microsoft.Network/networkInterfaces/vm1VMNic"}]},
      "storageProfile": {"osDisk": {"createOption": "fromImage", "name": null, "caching":
      "ReadWrite", "managedDisk": {"storageAccountType": null}}, "imageReference":
      {"publisher": "Canonical", "offer": "UbuntuServer", "sku": "18.04-LTS", "version":
      "latest"}}, "osProfile": {"computerName": "vm1", "adminUsername": "testadmin",
      "adminPassword": "[parameters(''adminPassword'')]"}}}], "outputs": {}}, "parameters":
      {"adminPassword": {"value": "TestPassword11!!"}}, "mode": "Incremental"}}'
    headers:
      Accept:
      - application/json
      Accept-Encoding:
      - gzip, deflate
      CommandName:
      - vm create
      Connection:
      - keep-alive
      Content-Length:
      - '3316'
      Content-Type:
      - application/json; charset=utf-8
      ParameterSetName:
      - -g -n --image --admin-password --admin-username --authentication-type
      User-Agent:
      - python/3.8.6 (Windows-10-10.0.19041-SP0) msrest/0.6.18 msrest_azure/0.6.3
        azure-mgmt-resource/10.2.0 Azure-SDK-For-Python AZURECLI/2.15.1
      accept-language:
      - en-US
    method: PUT
    uri: https://management.azure.com/subscriptions/00000000-0000-0000-0000-000000000000/resourcegroups/clitest000001/providers/Microsoft.Resources/deployments/mock-deployment?api-version=2020-06-01
  response:
    body:
      string: '{"id":"/subscriptions/00000000-0000-0000-0000-000000000000/resourceGroups/clitest000001/providers/Microsoft.Resources/deployments/vm_deploy_MjKMo6I9UYKlOgZlbK1lAx5KEmcVkbCT","name":"vm_deploy_MjKMo6I9UYKlOgZlbK1lAx5KEmcVkbCT","type":"Microsoft.Resources/deployments","properties":{"templateHash":"287894828193344787","parameters":{"adminPassword":{"type":"SecureString"}},"mode":"Incremental","provisioningState":"Accepted","timestamp":"2020-12-04T09:49:38.6972905Z","duration":"PT2.6093205S","correlationId":"534e13ce-8ebd-42dd-b0f6-39a689cb9e55","providers":[{"namespace":"Microsoft.Network","resourceTypes":[{"resourceType":"virtualNetworks","locations":["westus"]},{"resourceType":"networkSecurityGroups","locations":["westus"]},{"resourceType":"publicIPAddresses","locations":["westus"]},{"resourceType":"networkInterfaces","locations":["westus"]}]},{"namespace":"Microsoft.Compute","resourceTypes":[{"resourceType":"virtualMachines","locations":["westus"]}]}],"dependencies":[{"dependsOn":[{"id":"/subscriptions/00000000-0000-0000-0000-000000000000/resourceGroups/clitest000001/providers/Microsoft.Network/virtualNetworks/vm1VNET","resourceType":"Microsoft.Network/virtualNetworks","resourceName":"vm1VNET"},{"id":"/subscriptions/00000000-0000-0000-0000-000000000000/resourceGroups/clitest000001/providers/Microsoft.Network/networkSecurityGroups/vm1NSG","resourceType":"Microsoft.Network/networkSecurityGroups","resourceName":"vm1NSG"},{"id":"/subscriptions/00000000-0000-0000-0000-000000000000/resourceGroups/clitest000001/providers/Microsoft.Network/publicIPAddresses/vm1PublicIP","resourceType":"Microsoft.Network/publicIPAddresses","resourceName":"vm1PublicIP"}],"id":"/subscriptions/00000000-0000-0000-0000-000000000000/resourceGroups/clitest000001/providers/Microsoft.Network/networkInterfaces/vm1VMNic","resourceType":"Microsoft.Network/networkInterfaces","resourceName":"vm1VMNic"},{"dependsOn":[{"id":"/subscriptions/00000000-0000-0000-0000-000000000000/resourceGroups/clitest000001/providers/Microsoft.Network/networkInterfaces/vm1VMNic","resourceType":"Microsoft.Network/networkInterfaces","resourceName":"vm1VMNic"}],"id":"/subscriptions/00000000-0000-0000-0000-000000000000/resourceGroups/clitest000001/providers/Microsoft.Compute/virtualMachines/vm1","resourceType":"Microsoft.Compute/virtualMachines","resourceName":"vm1"}]}}'
    headers:
      azure-asyncoperation:
      - https://management.azure.com/subscriptions/00000000-0000-0000-0000-000000000000/resourcegroups/clitest000001/providers/Microsoft.Resources/deployments/vm_deploy_MjKMo6I9UYKlOgZlbK1lAx5KEmcVkbCT/operationStatuses/08585945315093896669?api-version=2020-06-01
      cache-control:
      - no-cache
      content-length:
      - '2780'
      content-type:
      - application/json; charset=utf-8
      date:
      - Fri, 04 Dec 2020 09:49:39 GMT
      expires:
      - '-1'
      pragma:
      - no-cache
      strict-transport-security:
      - max-age=31536000; includeSubDomains
      x-content-type-options:
      - nosniff
      x-ms-ratelimit-remaining-subscription-writes:
      - '1199'
    status:
      code: 201
      message: Created
- request:
    body: null
    headers:
      Accept:
      - application/json
      Accept-Encoding:
      - gzip, deflate
      CommandName:
      - vm create
      Connection:
      - keep-alive
      ParameterSetName:
      - -g -n --image --admin-password --admin-username --authentication-type
      User-Agent:
      - python/3.8.6 (Windows-10-10.0.19041-SP0) msrest/0.6.18 msrest_azure/0.6.3
        azure-mgmt-resource/10.2.0 Azure-SDK-For-Python AZURECLI/2.15.1
    method: GET
    uri: https://management.azure.com/subscriptions/00000000-0000-0000-0000-000000000000/resourcegroups/clitest000001/providers/Microsoft.Resources/deployments/mock-deployment/operationStatuses/08585945315093896669?api-version=2020-06-01
  response:
    body:
      string: '{"status":"Running"}'
    headers:
      cache-control:
      - no-cache
      content-length:
      - '20'
      content-type:
      - application/json; charset=utf-8
      date:
      - Fri, 04 Dec 2020 09:50:10 GMT
      expires:
      - '-1'
      pragma:
      - no-cache
      strict-transport-security:
      - max-age=31536000; includeSubDomains
      vary:
      - Accept-Encoding
      x-content-type-options:
      - nosniff
    status:
      code: 200
      message: OK
- request:
    body: null
    headers:
      Accept:
      - application/json
      Accept-Encoding:
      - gzip, deflate
      CommandName:
      - vm create
      Connection:
      - keep-alive
      ParameterSetName:
      - -g -n --image --admin-password --admin-username --authentication-type
      User-Agent:
      - python/3.8.6 (Windows-10-10.0.19041-SP0) msrest/0.6.18 msrest_azure/0.6.3
        azure-mgmt-resource/10.2.0 Azure-SDK-For-Python AZURECLI/2.15.1
    method: GET
    uri: https://management.azure.com/subscriptions/00000000-0000-0000-0000-000000000000/resourcegroups/clitest000001/providers/Microsoft.Resources/deployments/mock-deployment/operationStatuses/08585945315093896669?api-version=2020-06-01
  response:
    body:
      string: '{"status":"Running"}'
    headers:
      cache-control:
      - no-cache
      content-length:
      - '20'
      content-type:
      - application/json; charset=utf-8
      date:
      - Fri, 04 Dec 2020 09:50:41 GMT
      expires:
      - '-1'
      pragma:
      - no-cache
      strict-transport-security:
      - max-age=31536000; includeSubDomains
      vary:
      - Accept-Encoding
      x-content-type-options:
      - nosniff
    status:
      code: 200
      message: OK
- request:
    body: null
    headers:
      Accept:
      - application/json
      Accept-Encoding:
      - gzip, deflate
      CommandName:
      - vm create
      Connection:
      - keep-alive
      ParameterSetName:
      - -g -n --image --admin-password --admin-username --authentication-type
      User-Agent:
      - python/3.8.6 (Windows-10-10.0.19041-SP0) msrest/0.6.18 msrest_azure/0.6.3
        azure-mgmt-resource/10.2.0 Azure-SDK-For-Python AZURECLI/2.15.1
    method: GET
    uri: https://management.azure.com/subscriptions/00000000-0000-0000-0000-000000000000/resourcegroups/clitest000001/providers/Microsoft.Resources/deployments/mock-deployment/operationStatuses/08585945315093896669?api-version=2020-06-01
  response:
    body:
      string: '{"status":"Running"}'
    headers:
      cache-control:
      - no-cache
      content-length:
      - '20'
      content-type:
      - application/json; charset=utf-8
      date:
      - Fri, 04 Dec 2020 09:51:12 GMT
      expires:
      - '-1'
      pragma:
      - no-cache
      strict-transport-security:
      - max-age=31536000; includeSubDomains
      vary:
      - Accept-Encoding
      x-content-type-options:
      - nosniff
    status:
      code: 200
      message: OK
- request:
    body: null
    headers:
      Accept:
      - application/json
      Accept-Encoding:
      - gzip, deflate
      CommandName:
      - vm create
      Connection:
      - keep-alive
      ParameterSetName:
      - -g -n --image --admin-password --admin-username --authentication-type
      User-Agent:
      - python/3.8.6 (Windows-10-10.0.19041-SP0) msrest/0.6.18 msrest_azure/0.6.3
        azure-mgmt-resource/10.2.0 Azure-SDK-For-Python AZURECLI/2.15.1
    method: GET
    uri: https://management.azure.com/subscriptions/00000000-0000-0000-0000-000000000000/resourcegroups/clitest000001/providers/Microsoft.Resources/deployments/mock-deployment/operationStatuses/08585945315093896669?api-version=2020-06-01
  response:
    body:
      string: '{"status":"Running"}'
    headers:
      cache-control:
      - no-cache
      content-length:
      - '20'
      content-type:
      - application/json; charset=utf-8
      date:
      - Fri, 04 Dec 2020 09:51:42 GMT
      expires:
      - '-1'
      pragma:
      - no-cache
      strict-transport-security:
      - max-age=31536000; includeSubDomains
      vary:
      - Accept-Encoding
      x-content-type-options:
      - nosniff
    status:
      code: 200
      message: OK
- request:
    body: null
    headers:
      Accept:
      - application/json
      Accept-Encoding:
      - gzip, deflate
      CommandName:
      - vm create
      Connection:
      - keep-alive
      ParameterSetName:
      - -g -n --image --admin-password --admin-username --authentication-type
      User-Agent:
      - python/3.8.6 (Windows-10-10.0.19041-SP0) msrest/0.6.18 msrest_azure/0.6.3
        azure-mgmt-resource/10.2.0 Azure-SDK-For-Python AZURECLI/2.15.1
    method: GET
    uri: https://management.azure.com/subscriptions/00000000-0000-0000-0000-000000000000/resourcegroups/clitest000001/providers/Microsoft.Resources/deployments/mock-deployment/operationStatuses/08585945315093896669?api-version=2020-06-01
  response:
    body:
      string: '{"status":"Succeeded"}'
    headers:
      cache-control:
      - no-cache
      content-length:
      - '22'
      content-type:
      - application/json; charset=utf-8
      date:
      - Fri, 04 Dec 2020 09:52:12 GMT
      expires:
      - '-1'
      pragma:
      - no-cache
      strict-transport-security:
      - max-age=31536000; includeSubDomains
      vary:
      - Accept-Encoding
      x-content-type-options:
      - nosniff
    status:
      code: 200
      message: OK
- request:
    body: null
    headers:
      Accept:
      - application/json
      Accept-Encoding:
      - gzip, deflate
      CommandName:
      - vm create
      Connection:
      - keep-alive
      ParameterSetName:
      - -g -n --image --admin-password --admin-username --authentication-type
      User-Agent:
      - python/3.8.6 (Windows-10-10.0.19041-SP0) msrest/0.6.18 msrest_azure/0.6.3
        azure-mgmt-resource/10.2.0 Azure-SDK-For-Python AZURECLI/2.15.1
    method: GET
    uri: https://management.azure.com/subscriptions/00000000-0000-0000-0000-000000000000/resourcegroups/clitest000001/providers/Microsoft.Resources/deployments/mock-deployment?api-version=2020-06-01
  response:
    body:
      string: '{"id":"/subscriptions/00000000-0000-0000-0000-000000000000/resourceGroups/clitest000001/providers/Microsoft.Resources/deployments/vm_deploy_MjKMo6I9UYKlOgZlbK1lAx5KEmcVkbCT","name":"vm_deploy_MjKMo6I9UYKlOgZlbK1lAx5KEmcVkbCT","type":"Microsoft.Resources/deployments","properties":{"templateHash":"287894828193344787","parameters":{"adminPassword":{"type":"SecureString"}},"mode":"Incremental","provisioningState":"Succeeded","timestamp":"2020-12-04T09:51:53.038497Z","duration":"PT2M16.950527S","correlationId":"534e13ce-8ebd-42dd-b0f6-39a689cb9e55","providers":[{"namespace":"Microsoft.Network","resourceTypes":[{"resourceType":"virtualNetworks","locations":["westus"]},{"resourceType":"networkSecurityGroups","locations":["westus"]},{"resourceType":"publicIPAddresses","locations":["westus"]},{"resourceType":"networkInterfaces","locations":["westus"]}]},{"namespace":"Microsoft.Compute","resourceTypes":[{"resourceType":"virtualMachines","locations":["westus"]}]}],"dependencies":[{"dependsOn":[{"id":"/subscriptions/00000000-0000-0000-0000-000000000000/resourceGroups/clitest000001/providers/Microsoft.Network/virtualNetworks/vm1VNET","resourceType":"Microsoft.Network/virtualNetworks","resourceName":"vm1VNET"},{"id":"/subscriptions/00000000-0000-0000-0000-000000000000/resourceGroups/clitest000001/providers/Microsoft.Network/networkSecurityGroups/vm1NSG","resourceType":"Microsoft.Network/networkSecurityGroups","resourceName":"vm1NSG"},{"id":"/subscriptions/00000000-0000-0000-0000-000000000000/resourceGroups/clitest000001/providers/Microsoft.Network/publicIPAddresses/vm1PublicIP","resourceType":"Microsoft.Network/publicIPAddresses","resourceName":"vm1PublicIP"}],"id":"/subscriptions/00000000-0000-0000-0000-000000000000/resourceGroups/clitest000001/providers/Microsoft.Network/networkInterfaces/vm1VMNic","resourceType":"Microsoft.Network/networkInterfaces","resourceName":"vm1VMNic"},{"dependsOn":[{"id":"/subscriptions/00000000-0000-0000-0000-000000000000/resourceGroups/clitest000001/providers/Microsoft.Network/networkInterfaces/vm1VMNic","resourceType":"Microsoft.Network/networkInterfaces","resourceName":"vm1VMNic"}],"id":"/subscriptions/00000000-0000-0000-0000-000000000000/resourceGroups/clitest000001/providers/Microsoft.Compute/virtualMachines/vm1","resourceType":"Microsoft.Compute/virtualMachines","resourceName":"vm1"}],"outputs":{},"outputResources":[{"id":"/subscriptions/00000000-0000-0000-0000-000000000000/resourceGroups/clitest000001/providers/Microsoft.Compute/virtualMachines/vm1"},{"id":"/subscriptions/00000000-0000-0000-0000-000000000000/resourceGroups/clitest000001/providers/Microsoft.Network/networkInterfaces/vm1VMNic"},{"id":"/subscriptions/00000000-0000-0000-0000-000000000000/resourceGroups/clitest000001/providers/Microsoft.Network/networkSecurityGroups/vm1NSG"},{"id":"/subscriptions/00000000-0000-0000-0000-000000000000/resourceGroups/clitest000001/providers/Microsoft.Network/publicIPAddresses/vm1PublicIP"},{"id":"/subscriptions/00000000-0000-0000-0000-000000000000/resourceGroups/clitest000001/providers/Microsoft.Network/virtualNetworks/vm1VNET"}]}}'
    headers:
      cache-control:
      - no-cache
      content-length:
      - '3845'
      content-type:
      - application/json; charset=utf-8
      date:
      - Fri, 04 Dec 2020 09:52:13 GMT
      expires:
      - '-1'
      pragma:
      - no-cache
      strict-transport-security:
      - max-age=31536000; includeSubDomains
      vary:
      - Accept-Encoding
      x-content-type-options:
      - nosniff
    status:
      code: 200
      message: OK
- request:
    body: null
    headers:
      Accept:
      - application/json
      Accept-Encoding:
      - gzip, deflate
      CommandName:
      - vm create
      Connection:
      - keep-alive
      ParameterSetName:
      - -g -n --image --admin-password --admin-username --authentication-type
      User-Agent:
      - python/3.8.6 (Windows-10-10.0.19041-SP0) msrest/0.6.18 msrest_azure/0.6.3
        azure-mgmt-compute/14.0.0 Azure-SDK-For-Python AZURECLI/2.15.1
      accept-language:
      - en-US
    method: GET
    uri: https://management.azure.com/subscriptions/00000000-0000-0000-0000-000000000000/resourceGroups/clitest000001/providers/Microsoft.Compute/virtualMachines/vm1?$expand=instanceView&api-version=2020-06-01
  response:
    body:
      string: "{\r\n  \"name\": \"vm1\",\r\n  \"id\": \"/subscriptions/00000000-0000-0000-0000-000000000000/resourceGroups/clitest000001/providers/Microsoft.Compute/virtualMachines/vm1\",\r\n
        \ \"type\": \"Microsoft.Compute/virtualMachines\",\r\n  \"location\": \"westus\",\r\n
        \ \"tags\": {},\r\n  \"properties\": {\r\n    \"vmId\": \"1c9b46af-a2f7-445c-85e5-7896bb73af02\",\r\n
        \   \"hardwareProfile\": {\r\n      \"vmSize\": \"Standard_DS1_v2\"\r\n    },\r\n
        \   \"storageProfile\": {\r\n      \"imageReference\": {\r\n        \"publisher\":
        \"Canonical\",\r\n        \"offer\": \"UbuntuServer\",\r\n        \"sku\":
        \"18.04-LTS\",\r\n        \"version\": \"latest\",\r\n        \"exactVersion\":
        \"18.04.202012010\"\r\n      },\r\n      \"osDisk\": {\r\n        \"osType\":
        \"Linux\",\r\n        \"name\": \"vm1_disk1_f6703830a08e462a9fb64a4b2227729e\",\r\n
        \       \"createOption\": \"FromImage\",\r\n        \"caching\": \"ReadWrite\",\r\n
        \       \"managedDisk\": {\r\n          \"storageAccountType\": \"Premium_LRS\",\r\n
        \         \"id\": \"/subscriptions/00000000-0000-0000-0000-000000000000/resourceGroups/clitest000001/providers/Microsoft.Compute/disks/vm1_disk1_f6703830a08e462a9fb64a4b2227729e\"\r\n
        \       },\r\n        \"diskSizeGB\": 30\r\n      },\r\n      \"dataDisks\":
        []\r\n    },\r\n    \"osProfile\": {\r\n      \"computerName\": \"vm1\",\r\n
        \     \"adminUsername\": \"testadmin\",\r\n      \"linuxConfiguration\": {\r\n
        \       \"disablePasswordAuthentication\": false,\r\n        \"provisionVMAgent\":
        true,\r\n        \"patchSettings\": {\r\n          \"patchMode\": \"ImageDefault\"\r\n
        \       }\r\n      },\r\n      \"secrets\": [],\r\n      \"allowExtensionOperations\":
        true,\r\n      \"requireGuestProvisionSignal\": true\r\n    },\r\n    \"networkProfile\":
        {\"networkInterfaces\":[{\"id\":\"/subscriptions/00000000-0000-0000-0000-000000000000/resourceGroups/clitest000001/providers/Microsoft.Network/networkInterfaces/vm1VMNic\"}]},\r\n
        \   \"provisioningState\": \"Succeeded\",\r\n    \"instanceView\": {\r\n      \"computerName\":
        \"vm1\",\r\n      \"osName\": \"ubuntu\",\r\n      \"osVersion\": \"18.04\",\r\n
        \     \"vmAgent\": {\r\n        \"vmAgentVersion\": \"2.2.52\",\r\n        \"statuses\":
        [\r\n          {\r\n            \"code\": \"ProvisioningState/succeeded\",\r\n
        \           \"level\": \"Info\",\r\n            \"displayStatus\": \"Ready\",\r\n
        \           \"message\": \"Guest Agent is running\",\r\n            \"time\":
        \"2020-12-04T09:52:09+00:00\"\r\n          }\r\n        ],\r\n        \"extensionHandlers\":
        []\r\n      },\r\n      \"disks\": [\r\n        {\r\n          \"name\": \"vm1_disk1_f6703830a08e462a9fb64a4b2227729e\",\r\n
        \         \"statuses\": [\r\n            {\r\n              \"code\": \"ProvisioningState/succeeded\",\r\n
        \             \"level\": \"Info\",\r\n              \"displayStatus\": \"Provisioning
        succeeded\",\r\n              \"time\": \"2020-12-04T09:51:29.2448124+00:00\"\r\n
        \           }\r\n          ]\r\n        }\r\n      ],\r\n      \"hyperVGeneration\":
        \"V1\",\r\n      \"statuses\": [\r\n        {\r\n          \"code\": \"ProvisioningState/succeeded/osProvisioningInProgress\",\r\n
        \         \"level\": \"Info\",\r\n          \"displayStatus\": \"OS provisioning
        in progress\",\r\n          \"time\": \"2020-12-04T09:51:48.4167129+00:00\"\r\n
        \       },\r\n        {\r\n          \"code\": \"PowerState/running\",\r\n
        \         \"level\": \"Info\",\r\n          \"displayStatus\": \"VM running\"\r\n
        \       }\r\n      ]\r\n    }\r\n  }\r\n}"
    headers:
      cache-control:
      - no-cache
      content-length:
      - '3281'
      content-type:
      - application/json; charset=utf-8
      date:
      - Fri, 04 Dec 2020 09:52:14 GMT
      expires:
      - '-1'
      pragma:
      - no-cache
      server:
      - Microsoft-HTTPAPI/2.0
      - Microsoft-HTTPAPI/2.0
      strict-transport-security:
      - max-age=31536000; includeSubDomains
      transfer-encoding:
      - chunked
      vary:
      - Accept-Encoding
      x-content-type-options:
      - nosniff
      x-ms-ratelimit-remaining-resource:
      - Microsoft.Compute/LowCostGet3Min;3993,Microsoft.Compute/LowCostGet30Min;31984
    status:
      code: 200
      message: OK
- request:
    body: null
    headers:
      Accept:
      - application/json
      Accept-Encoding:
      - gzip, deflate
      CommandName:
      - vm create
      Connection:
      - keep-alive
      ParameterSetName:
      - -g -n --image --admin-password --admin-username --authentication-type
      User-Agent:
      - python/3.8.6 (Windows-10-10.0.19041-SP0) msrest/0.6.18 msrest_azure/0.6.3
        azure-mgmt-network/12.0.0 Azure-SDK-For-Python AZURECLI/2.15.1
      accept-language:
      - en-US
    method: GET
    uri: https://management.azure.com/subscriptions/00000000-0000-0000-0000-000000000000/resourceGroups/clitest000001/providers/Microsoft.Network/networkInterfaces/vm1VMNic?api-version=2018-01-01
  response:
    body:
      string: "{\r\n  \"name\": \"vm1VMNic\",\r\n  \"id\": \"/subscriptions/00000000-0000-0000-0000-000000000000/resourceGroups/clitest000001/providers/Microsoft.Network/networkInterfaces/vm1VMNic\",\r\n
        \ \"etag\": \"W/\\\"368f3828-8b50-40de-a802-8816bac9b783\\\"\",\r\n  \"location\":
        \"westus\",\r\n  \"tags\": {},\r\n  \"properties\": {\r\n    \"provisioningState\":
        \"Succeeded\",\r\n    \"resourceGuid\": \"e7f45e78-0f11-4ff9-9e95-ef393b53980a\",\r\n
        \   \"ipConfigurations\": [\r\n      {\r\n        \"name\": \"ipconfigvm1\",\r\n
        \       \"id\": \"/subscriptions/00000000-0000-0000-0000-000000000000/resourceGroups/clitest000001/providers/Microsoft.Network/networkInterfaces/vm1VMNic/ipConfigurations/ipconfigvm1\",\r\n
        \       \"etag\": \"W/\\\"368f3828-8b50-40de-a802-8816bac9b783\\\"\",\r\n
        \       \"type\": \"Microsoft.Network/networkInterfaces/ipConfigurations\",\r\n
        \       \"properties\": {\r\n          \"provisioningState\": \"Succeeded\",\r\n
        \         \"privateIPAddress\": \"10.0.0.4\",\r\n          \"privateIPAllocationMethod\":
        \"Dynamic\",\r\n          \"publicIPAddress\": {\r\n            \"id\": \"/subscriptions/00000000-0000-0000-0000-000000000000/resourceGroups/clitest000001/providers/Microsoft.Network/publicIPAddresses/vm1PublicIP\"\r\n
        \         },\r\n          \"subnet\": {\r\n            \"id\": \"/subscriptions/00000000-0000-0000-0000-000000000000/resourceGroups/clitest000001/providers/Microsoft.Network/virtualNetworks/vm1VNET/subnets/vm1Subnet\"\r\n
        \         },\r\n          \"primary\": true,\r\n          \"privateIPAddressVersion\":
        \"IPv4\"\r\n        }\r\n      }\r\n    ],\r\n    \"dnsSettings\": {\r\n      \"dnsServers\":
        [],\r\n      \"appliedDnsServers\": [],\r\n      \"internalDomainNameSuffix\":
        \"s4xixoor4emuninfhcmayu4yrh.dx.internal.cloudapp.net\"\r\n    },\r\n    \"macAddress\":
        \"00-0D-3A-35-F4-DA\",\r\n    \"enableAcceleratedNetworking\": false,\r\n
        \   \"enableIPForwarding\": false,\r\n    \"networkSecurityGroup\": {\r\n
        \     \"id\": \"/subscriptions/00000000-0000-0000-0000-000000000000/resourceGroups/clitest000001/providers/Microsoft.Network/networkSecurityGroups/vm1NSG\"\r\n
        \   },\r\n    \"primary\": true,\r\n    \"virtualMachine\": {\r\n      \"id\":
        \"/subscriptions/00000000-0000-0000-0000-000000000000/resourceGroups/clitest000001/providers/Microsoft.Compute/virtualMachines/vm1\"\r\n
        \   }\r\n  },\r\n  \"type\": \"Microsoft.Network/networkInterfaces\"\r\n}"
    headers:
      cache-control:
      - no-cache
      content-length:
      - '2568'
      content-type:
      - application/json; charset=utf-8
      date:
      - Fri, 04 Dec 2020 09:52:15 GMT
      etag:
      - W/"368f3828-8b50-40de-a802-8816bac9b783"
      expires:
      - '-1'
      pragma:
      - no-cache
      server:
      - Microsoft-HTTPAPI/2.0
      - Microsoft-HTTPAPI/2.0
      strict-transport-security:
      - max-age=31536000; includeSubDomains
      transfer-encoding:
      - chunked
      vary:
      - Accept-Encoding
      x-content-type-options:
      - nosniff
      x-ms-arm-service-request-id:
      - a4d33d9b-2b4d-4ba9-831e-38962f943f3d
    status:
      code: 200
      message: OK
- request:
    body: null
    headers:
      Accept:
      - application/json
      Accept-Encoding:
      - gzip, deflate
      CommandName:
      - vm create
      Connection:
      - keep-alive
      ParameterSetName:
      - -g -n --image --admin-password --admin-username --authentication-type
      User-Agent:
      - python/3.8.6 (Windows-10-10.0.19041-SP0) msrest/0.6.18 msrest_azure/0.6.3
        azure-mgmt-network/12.0.0 Azure-SDK-For-Python AZURECLI/2.15.1
      accept-language:
      - en-US
    method: GET
    uri: https://management.azure.com/subscriptions/00000000-0000-0000-0000-000000000000/resourceGroups/clitest000001/providers/Microsoft.Network/publicIPAddresses/vm1PublicIP?api-version=2018-01-01
  response:
    body:
      string: "{\r\n  \"name\": \"vm1PublicIP\",\r\n  \"id\": \"/subscriptions/00000000-0000-0000-0000-000000000000/resourceGroups/clitest000001/providers/Microsoft.Network/publicIPAddresses/vm1PublicIP\",\r\n
        \ \"etag\": \"W/\\\"854b85a0-557f-4b3c-a5d2-c68d4cc330db\\\"\",\r\n  \"location\":
        \"westus\",\r\n  \"tags\": {},\r\n  \"properties\": {\r\n    \"provisioningState\":
        \"Succeeded\",\r\n    \"resourceGuid\": \"e80d01d3-9981-466a-9448-9fbedd531d69\",\r\n
        \   \"ipAddress\": \"104.45.239.147\",\r\n    \"publicIPAddressVersion\":
        \"IPv4\",\r\n    \"publicIPAllocationMethod\": \"Dynamic\",\r\n    \"idleTimeoutInMinutes\":
        4,\r\n    \"ipTags\": [],\r\n    \"ipConfiguration\": {\r\n      \"id\": \"/subscriptions/00000000-0000-0000-0000-000000000000/resourceGroups/clitest000001/providers/Microsoft.Network/networkInterfaces/vm1VMNic/ipConfigurations/ipconfigvm1\"\r\n
        \   }\r\n  },\r\n  \"type\": \"Microsoft.Network/publicIPAddresses\",\r\n
        \ \"sku\": {\r\n    \"name\": \"Basic\"\r\n  }\r\n}"
    headers:
      cache-control:
      - no-cache
      content-length:
      - '998'
      content-type:
      - application/json; charset=utf-8
      date:
      - Fri, 04 Dec 2020 09:52:16 GMT
      etag:
      - W/"854b85a0-557f-4b3c-a5d2-c68d4cc330db"
      expires:
      - '-1'
      pragma:
      - no-cache
      server:
      - Microsoft-HTTPAPI/2.0
      - Microsoft-HTTPAPI/2.0
      strict-transport-security:
      - max-age=31536000; includeSubDomains
      transfer-encoding:
      - chunked
      vary:
      - Accept-Encoding
      x-content-type-options:
      - nosniff
      x-ms-arm-service-request-id:
      - 6f4959cd-7c67-4d3d-bc15-ef04f615b1e9
    status:
      code: 200
      message: OK
- request:
    body: '{"location": "eastus", "properties": {"dataSources": {"performanceCounters":
      [{"streams": ["Microsoft-Perf"], "scheduledTransferPeriod": "PT1M", "samplingFrequencyInSeconds":
      15, "counterSpecifiers": ["\\Processor(_Total)\\% Processor Time", "\\Memory\\Committed
      Bytes", "\\LogicalDisk(_Total)\\Free Megabytes", "\\PhysicalDisk(_Total)\\Avg.
      Disk Queue Length"], "name": "cloudTeamCoreCounters"}, {"streams": ["Microsoft-Perf"],
      "scheduledTransferPeriod": "PT5M", "samplingFrequencyInSeconds": 30, "counterSpecifiers":
      ["\\Process(_Total)\\Thread Count"], "name": "appTeamExtraCounters"}], "windowsEventLogs":
      [{"streams": ["Microsoft-WindowsEvent"], "scheduledTransferPeriod": "PT1M",
      "xPathQueries": ["Security!"], "name": "cloudSecurityTeamEvents"}, {"streams":
      ["Microsoft-WindowsEvent"], "scheduledTransferPeriod": "PT5M", "xPathQueries":
      ["System![System[(Level = 1 or Level = 2 or Level = 3)]]", "Application!*[System[(Level
      = 1 or Level = 2 or Level = 3)]]"], "name": "appTeam1AppEvents"}], "syslog":
      [{"streams": ["Microsoft-Syslog"], "facilityNames": ["cron"], "logLevels": ["Debug",
      "Critical", "Emergency"], "name": "cronSyslog"}, {"streams": ["Microsoft-Syslog"],
      "facilityNames": ["syslog"], "logLevels": ["Alert", "Critical", "Emergency"],
      "name": "syslogBase"}]}, "destinations": {"logAnalytics": [{"workspaceResourceId":
      "/subscriptions/00000000-0000-0000-0000-000000000000/resourcegroups/clitest000001/providers/microsoft.operationalinsights/workspaces/clitest000002",
      "name": "clitest000002"}]}, "dataFlows": [{"streams": ["Microsoft-Perf", "Microsoft-Syslog",
      "Microsoft-WindowsEvent"], "destinations": ["clitest000002"]}]}}'
    headers:
      Accept:
      - application/json
      Accept-Encoding:
      - gzip, deflate
      CommandName:
      - monitor data-collection rule create
      Connection:
      - keep-alive
      Content-Length:
      - '1727'
      Content-Type:
      - application/json
      ParameterSetName:
      - -g -n --location --data-flow --log-analytics --performance-counter --performance-counter
        --syslog --syslog --windows-event-log --windows-event-log
      User-Agent:
      - AZURECLI/2.15.1 azsdk-python-monitorclient/unknown Python/3.8.6 (Windows-10-10.0.19041-SP0)
    method: PUT
    uri: https://management.azure.com/subscriptions/00000000-0000-0000-0000-000000000000/resourceGroups/clitest000001/providers/Microsoft.Insights/dataCollectionRules/myCollectionRule?api-version=2019-11-01-preview
  response:
    body:
      string: '{"properties":{"immutableId":"dcr-8c4a4edb3d3b4924aca0955ea9effdb2","dataSources":{"performanceCounters":[{"streams":["Microsoft-Perf"],"scheduledTransferPeriod":"PT1M","samplingFrequencyInSeconds":15,"counterSpecifiers":["\\Processor(_Total)\\%
        Processor Time","\\Memory\\Committed Bytes","\\LogicalDisk(_Total)\\Free Megabytes","\\PhysicalDisk(_Total)\\Avg.
        Disk Queue Length"],"name":"cloudTeamCoreCounters"},{"streams":["Microsoft-Perf"],"scheduledTransferPeriod":"PT5M","samplingFrequencyInSeconds":30,"counterSpecifiers":["\\Process(_Total)\\Thread
        Count"],"name":"appTeamExtraCounters"}],"windowsEventLogs":[{"streams":["Microsoft-WindowsEvent"],"scheduledTransferPeriod":"PT1M","xPathQueries":["Security!"],"name":"cloudSecurityTeamEvents"},{"streams":["Microsoft-WindowsEvent"],"scheduledTransferPeriod":"PT5M","xPathQueries":["System![System[(Level
        = 1 or Level = 2 or Level = 3)]]","Application!*[System[(Level = 1 or Level
        = 2 or Level = 3)]]"],"name":"appTeam1AppEvents"}],"syslog":[{"streams":["Microsoft-Syslog"],"facilityNames":["cron"],"logLevels":["Debug","Critical","Emergency"],"name":"cronSyslog"},{"streams":["Microsoft-Syslog"],"facilityNames":["syslog"],"logLevels":["Alert","Critical","Emergency"],"name":"syslogBase"}]},"destinations":{"logAnalytics":[{"workspaceResourceId":"/subscriptions/00000000-0000-0000-0000-000000000000/resourcegroups/clitest000001/providers/microsoft.operationalinsights/workspaces/clitest000002","workspaceId":"25eb7a5b-9643-4338-ab2e-a4b570977c29","name":"clitest000002"}]},"dataFlows":[{"streams":["Microsoft-Perf","Microsoft-Syslog","Microsoft-WindowsEvent"],"destinations":["clitest000002"]}],"provisioningState":"Succeeded"},"location":"eastus","id":"/subscriptions/00000000-0000-0000-0000-000000000000/resourceGroups/clitest000001/providers/Microsoft.Insights/dataCollectionRules/myCollectionRule","name":"myCollectionRule","type":"Microsoft.Insights/dataCollectionRules","etag":"\"00002a09-0000-0100-0000-5fca06d80000\""}'
    headers:
      api-supported-versions:
      - 2019-11-01-preview
      cache-control:
      - no-cache
      content-length:
      - '2126'
      content-type:
      - application/json; charset=utf-8
      date:
      - Fri, 04 Dec 2020 09:52:25 GMT
      expires:
      - '-1'
      pragma:
      - no-cache
      request-context:
      - appId=cid-v1:2bbfbac8-e1b0-44af-b9c6-3a40669d37e3
      server:
      - Microsoft-HTTPAPI/2.0
      strict-transport-security:
      - max-age=31536000; includeSubDomains
      transfer-encoding:
      - chunked
      vary:
      - Accept-Encoding,Accept-Encoding
      x-content-type-options:
      - nosniff
      x-ms-ratelimit-remaining-subscription-resource-requests:
      - '59'
    status:
      code: 200
      message: OK
- request:
    body: null
    headers:
      Accept:
      - application/json
      Accept-Encoding:
      - gzip, deflate
      CommandName:
      - monitor data-collection rule show
      Connection:
      - keep-alive
      ParameterSetName:
      - --name --resource-group
      User-Agent:
      - AZURECLI/2.15.1 azsdk-python-monitorclient/unknown Python/3.8.6 (Windows-10-10.0.19041-SP0)
    method: GET
    uri: https://management.azure.com/subscriptions/00000000-0000-0000-0000-000000000000/resourceGroups/clitest000001/providers/Microsoft.Insights/dataCollectionRules/myCollectionRule?api-version=2019-11-01-preview
  response:
    body:
      string: '{"properties":{"immutableId":"dcr-8c4a4edb3d3b4924aca0955ea9effdb2","dataSources":{"performanceCounters":[{"streams":["Microsoft-Perf"],"scheduledTransferPeriod":"PT1M","samplingFrequencyInSeconds":15,"counterSpecifiers":["\\Processor(_Total)\\%
        Processor Time","\\Memory\\Committed Bytes","\\LogicalDisk(_Total)\\Free Megabytes","\\PhysicalDisk(_Total)\\Avg.
        Disk Queue Length"],"name":"cloudTeamCoreCounters"},{"streams":["Microsoft-Perf"],"scheduledTransferPeriod":"PT5M","samplingFrequencyInSeconds":30,"counterSpecifiers":["\\Process(_Total)\\Thread
        Count"],"name":"appTeamExtraCounters"}],"windowsEventLogs":[{"streams":["Microsoft-WindowsEvent"],"scheduledTransferPeriod":"PT1M","xPathQueries":["Security!"],"name":"cloudSecurityTeamEvents"},{"streams":["Microsoft-WindowsEvent"],"scheduledTransferPeriod":"PT5M","xPathQueries":["System![System[(Level
        = 1 or Level = 2 or Level = 3)]]","Application!*[System[(Level = 1 or Level
        = 2 or Level = 3)]]"],"name":"appTeam1AppEvents"}],"syslog":[{"streams":["Microsoft-Syslog"],"facilityNames":["cron"],"logLevels":["Debug","Critical","Emergency"],"name":"cronSyslog"},{"streams":["Microsoft-Syslog"],"facilityNames":["syslog"],"logLevels":["Alert","Critical","Emergency"],"name":"syslogBase"}]},"destinations":{"logAnalytics":[{"workspaceResourceId":"/subscriptions/00000000-0000-0000-0000-000000000000/resourcegroups/clitest000001/providers/microsoft.operationalinsights/workspaces/clitest000002","workspaceId":"25eb7a5b-9643-4338-ab2e-a4b570977c29","name":"clitest000002"}]},"dataFlows":[{"streams":["Microsoft-Perf","Microsoft-Syslog","Microsoft-WindowsEvent"],"destinations":["clitest000002"]}],"provisioningState":"Succeeded"},"location":"eastus","id":"/subscriptions/00000000-0000-0000-0000-000000000000/resourceGroups/clitest000001/providers/Microsoft.Insights/dataCollectionRules/myCollectionRule","name":"myCollectionRule","type":"Microsoft.Insights/dataCollectionRules","etag":"\"00002a09-0000-0100-0000-5fca06d80000\""}'
    headers:
      api-supported-versions:
      - 2019-11-01-preview
      cache-control:
      - no-cache
      content-length:
      - '2126'
      content-type:
      - application/json; charset=utf-8
      date:
      - Fri, 04 Dec 2020 09:52:28 GMT
      expires:
      - '-1'
      pragma:
      - no-cache
      request-context:
      - appId=cid-v1:2bbfbac8-e1b0-44af-b9c6-3a40669d37e3
      server:
      - Microsoft-HTTPAPI/2.0
      strict-transport-security:
      - max-age=31536000; includeSubDomains
      transfer-encoding:
      - chunked
      vary:
      - Accept-Encoding,Accept-Encoding
      x-content-type-options:
      - nosniff
    status:
      code: 200
      message: OK
- request:
    body: null
    headers:
      Accept:
      - application/json
      Accept-Encoding:
      - gzip, deflate
      CommandName:
      - monitor data-collection rule list
      Connection:
      - keep-alive
      ParameterSetName:
      - --resource-group
      User-Agent:
      - AZURECLI/2.15.1 azsdk-python-monitorclient/unknown Python/3.8.6 (Windows-10-10.0.19041-SP0)
    method: GET
    uri: https://management.azure.com/subscriptions/00000000-0000-0000-0000-000000000000/resourceGroups/clitest000001/providers/Microsoft.Insights/dataCollectionRules?api-version=2019-11-01-preview
  response:
    body:
      string: '{"value":[{"properties":{"immutableId":"dcr-8c4a4edb3d3b4924aca0955ea9effdb2","dataSources":{"performanceCounters":[{"streams":["Microsoft-Perf"],"scheduledTransferPeriod":"PT1M","samplingFrequencyInSeconds":15,"counterSpecifiers":["\\Processor(_Total)\\%
        Processor Time","\\Memory\\Committed Bytes","\\LogicalDisk(_Total)\\Free Megabytes","\\PhysicalDisk(_Total)\\Avg.
        Disk Queue Length"],"name":"cloudTeamCoreCounters"},{"streams":["Microsoft-Perf"],"scheduledTransferPeriod":"PT5M","samplingFrequencyInSeconds":30,"counterSpecifiers":["\\Process(_Total)\\Thread
        Count"],"name":"appTeamExtraCounters"}],"windowsEventLogs":[{"streams":["Microsoft-WindowsEvent"],"scheduledTransferPeriod":"PT1M","xPathQueries":["Security!"],"name":"cloudSecurityTeamEvents"},{"streams":["Microsoft-WindowsEvent"],"scheduledTransferPeriod":"PT5M","xPathQueries":["System![System[(Level
        = 1 or Level = 2 or Level = 3)]]","Application!*[System[(Level = 1 or Level
        = 2 or Level = 3)]]"],"name":"appTeam1AppEvents"}],"syslog":[{"streams":["Microsoft-Syslog"],"facilityNames":["cron"],"logLevels":["Debug","Critical","Emergency"],"name":"cronSyslog"},{"streams":["Microsoft-Syslog"],"facilityNames":["syslog"],"logLevels":["Alert","Critical","Emergency"],"name":"syslogBase"}]},"destinations":{"logAnalytics":[{"workspaceResourceId":"/subscriptions/00000000-0000-0000-0000-000000000000/resourcegroups/clitest000001/providers/microsoft.operationalinsights/workspaces/clitest000002","workspaceId":"25eb7a5b-9643-4338-ab2e-a4b570977c29","name":"clitest000002"}]},"dataFlows":[{"streams":["Microsoft-Perf","Microsoft-Syslog","Microsoft-WindowsEvent"],"destinations":["clitest000002"]}],"provisioningState":"Succeeded"},"location":"eastus","id":"/subscriptions/00000000-0000-0000-0000-000000000000/resourceGroups/clitest000001/providers/Microsoft.Insights/dataCollectionRules/myCollectionRule","name":"myCollectionRule","type":"Microsoft.Insights/dataCollectionRules","etag":"\"00002a09-0000-0100-0000-5fca06d80000\""}],"nextLink":null}'
    headers:
      api-supported-versions:
      - 2019-11-01-preview
      cache-control:
      - no-cache
      content-length:
      - '2154'
      content-type:
      - application/json; charset=utf-8
      date:
      - Fri, 04 Dec 2020 09:52:30 GMT
      expires:
      - '-1'
      pragma:
      - no-cache
      request-context:
      - appId=cid-v1:2bbfbac8-e1b0-44af-b9c6-3a40669d37e3
      server:
      - Microsoft-HTTPAPI/2.0
      strict-transport-security:
      - max-age=31536000; includeSubDomains
      transfer-encoding:
      - chunked
      vary:
      - Accept-Encoding,Accept-Encoding
      x-content-type-options:
      - nosniff
    status:
      code: 200
      message: OK
- request:
    body: null
    headers:
      Accept:
      - application/json
      Accept-Encoding:
      - gzip, deflate
      CommandName:
      - monitor data-collection rule list
      Connection:
      - keep-alive
      User-Agent:
      - AZURECLI/2.15.1 azsdk-python-monitorclient/unknown Python/3.8.6 (Windows-10-10.0.19041-SP0)
    method: GET
    uri: https://management.azure.com/subscriptions/00000000-0000-0000-0000-000000000000/providers/Microsoft.Insights/dataCollectionRules?api-version=2019-11-01-preview
  response:
    body:
      string: '{"value":[{"properties":{"immutableId":"dcr-ceac23f719ef4d66b1243676a3bed17b","dataSources":{"performanceCounters":[{"streams":["Microsoft-Perf"],"scheduledTransferPeriod":"PT1M","samplingFrequencyInSeconds":15,"counterSpecifiers":["\\Processor(_Total)\\%
        Processor Time","\\Memory\\Committed Bytes","\\LogicalDisk(_Total)\\Free Megabytes","\\PhysicalDisk(_Total)\\Avg.
        Disk Queue Length"],"name":"cloudTeamCoreCounters"},{"streams":["Microsoft-Perf"],"scheduledTransferPeriod":"PT5M","samplingFrequencyInSeconds":30,"counterSpecifiers":["\\Process(_Total)\\Thread
        Count"],"name":"appTeamExtraCounters"}],"windowsEventLogs":[{"streams":["Microsoft-WindowsEvent"],"scheduledTransferPeriod":"PT1M","xPathQueries":["Security!"],"name":"cloudSecurityTeamEvents"},{"streams":["Microsoft-WindowsEvent"],"scheduledTransferPeriod":"PT5M","xPathQueries":["System![System[(Level
        = 1 or Level = 2 or Level = 3)]]","Application!*[System[(Level = 1 or Level
        = 2 or Level = 3)]]"],"name":"appTeam1AppEvents"}],"syslog":[{"streams":["Microsoft-Syslog"],"facilityNames":["cron"],"logLevels":["Debug","Critical","Emergency"],"name":"cronSyslog"},{"streams":["Microsoft-Syslog"],"facilityNames":["syslog"],"logLevels":["Alert","Critical","Emergency"],"name":"syslogBase"}]},"destinations":{"logAnalytics":[{"workspaceResourceId":"/subscriptions/00000000-0000-0000-0000-000000000000/resourcegroups/clitestxsaez7jnme7zhbcdltmp3yb2o66drltckuwz73fvetvq5cj6tl6bmbx4xwipxisk25ne/providers/microsoft.operationalinsights/workspaces/clitesthldx5k3njrpoa","workspaceId":"3d98f43a-4dc2-4b87-ab86-0211be784cee","name":"clitesthldx5k3njrpoa"}]},"dataFlows":[{"streams":["Microsoft-Perf","Microsoft-Syslog","Microsoft-WindowsEvent"],"destinations":["clitesthldx5k3njrpoa"]}],"provisioningState":"Succeeded"},"location":"eastus","id":"/subscriptions/00000000-0000-0000-0000-000000000000/resourceGroups/clitestxsaez7jnme7zhbcdltmp3yb2o66drltckuwz73fvetvq5cj6tl6bmbx4xwipxisk25ne/providers/Microsoft.Insights/dataCollectionRules/myCollectionRule","name":"myCollectionRule","type":"Microsoft.Insights/dataCollectionRules","etag":"\"0000d108-0000-0100-0000-5fc9ddc80000\""},{"properties":{"immutableId":"dcr-eaa696c378d2487a8b8a6ec4589a37ec","dataSources":{"performanceCounters":[{"streams":["Microsoft-Perf"],"scheduledTransferPeriod":"PT1M","samplingFrequencyInSeconds":15,"counterSpecifiers":["\\Processor(_Total)\\%
        Processor Time","\\Memory\\Committed Bytes","\\LogicalDisk(_Total)\\Free Megabytes","\\PhysicalDisk(_Total)\\Avg.
        Disk Queue Length"],"name":"cloudTeamCoreCounters"},{"streams":["Microsoft-Perf"],"scheduledTransferPeriod":"PT5M","samplingFrequencyInSeconds":30,"counterSpecifiers":["\\Process(_Total)\\Thread
        Count"],"name":"appTeamExtraCounters"}],"windowsEventLogs":[{"streams":["Microsoft-WindowsEvent"],"scheduledTransferPeriod":"PT1M","xPathQueries":["Security!"],"name":"cloudSecurityTeamEvents"},{"streams":["Microsoft-WindowsEvent"],"scheduledTransferPeriod":"PT5M","xPathQueries":["System![System[(Level
        = 1 or Level = 2 or Level = 3)]]","Application!*[System[(Level = 1 or Level
        = 2 or Level = 3)]]"],"name":"appTeam1AppEvents"}],"syslog":[{"streams":["Microsoft-Syslog"],"facilityNames":["cron"],"logLevels":["Debug","Critical","Emergency"],"name":"cronSyslog"},{"streams":["Microsoft-Syslog"],"facilityNames":["syslog"],"logLevels":["Alert","Critical","Emergency"],"name":"syslogBase"}]},"destinations":{"logAnalytics":[{"workspaceResourceId":"/subscriptions/00000000-0000-0000-0000-000000000000/resourcegroups/clitestmimwx3rjca4vscwq5hwk6cwhv2v5kxbifgivf67jviqkhl4uft7eykifyag6aluen4r5/providers/microsoft.operationalinsights/workspaces/clitestgzvci5ctgyy5e","workspaceId":"0dbc319b-bff0-4739-ae12-f65dae008a34","name":"clitestgzvci5ctgyy5e"}]},"dataFlows":[{"streams":["Microsoft-Perf","Microsoft-Syslog","Microsoft-WindowsEvent"],"destinations":["clitestgzvci5ctgyy5e"]}],"provisioningState":"Succeeded"},"location":"eastus","id":"/subscriptions/00000000-0000-0000-0000-000000000000/resourceGroups/clitestmimwx3rjca4vscwq5hwk6cwhv2v5kxbifgivf67jviqkhl4uft7eykifyag6aluen4r5/providers/Microsoft.Insights/dataCollectionRules/myCollectionRule","name":"myCollectionRule","type":"Microsoft.Insights/dataCollectionRules","etag":"\"0000d508-0000-0100-0000-5fc9eb600000\""},{"properties":{"immutableId":"dcr-8c4a4edb3d3b4924aca0955ea9effdb2","dataSources":{"performanceCounters":[{"streams":["Microsoft-Perf"],"scheduledTransferPeriod":"PT1M","samplingFrequencyInSeconds":15,"counterSpecifiers":["\\Processor(_Total)\\%
        Processor Time","\\Memory\\Committed Bytes","\\LogicalDisk(_Total)\\Free Megabytes","\\PhysicalDisk(_Total)\\Avg.
        Disk Queue Length"],"name":"cloudTeamCoreCounters"},{"streams":["Microsoft-Perf"],"scheduledTransferPeriod":"PT5M","samplingFrequencyInSeconds":30,"counterSpecifiers":["\\Process(_Total)\\Thread
        Count"],"name":"appTeamExtraCounters"}],"windowsEventLogs":[{"streams":["Microsoft-WindowsEvent"],"scheduledTransferPeriod":"PT1M","xPathQueries":["Security!"],"name":"cloudSecurityTeamEvents"},{"streams":["Microsoft-WindowsEvent"],"scheduledTransferPeriod":"PT5M","xPathQueries":["System![System[(Level
        = 1 or Level = 2 or Level = 3)]]","Application!*[System[(Level = 1 or Level
        = 2 or Level = 3)]]"],"name":"appTeam1AppEvents"}],"syslog":[{"streams":["Microsoft-Syslog"],"facilityNames":["cron"],"logLevels":["Debug","Critical","Emergency"],"name":"cronSyslog"},{"streams":["Microsoft-Syslog"],"facilityNames":["syslog"],"logLevels":["Alert","Critical","Emergency"],"name":"syslogBase"}]},"destinations":{"logAnalytics":[{"workspaceResourceId":"/subscriptions/00000000-0000-0000-0000-000000000000/resourcegroups/clitest000001/providers/microsoft.operationalinsights/workspaces/clitest000002","workspaceId":"25eb7a5b-9643-4338-ab2e-a4b570977c29","name":"clitest000002"}]},"dataFlows":[{"streams":["Microsoft-Perf","Microsoft-Syslog","Microsoft-WindowsEvent"],"destinations":["clitest000002"]}],"provisioningState":"Succeeded"},"location":"eastus","id":"/subscriptions/00000000-0000-0000-0000-000000000000/resourceGroups/clitest000001/providers/Microsoft.Insights/dataCollectionRules/myCollectionRule","name":"myCollectionRule","type":"Microsoft.Insights/dataCollectionRules","etag":"\"00002a09-0000-0100-0000-5fca06d80000\""}],"nextLink":null}'
    headers:
      api-supported-versions:
      - 2019-11-01-preview
      cache-control:
      - no-cache
      content-length:
      - '6408'
      content-type:
      - application/json; charset=utf-8
      date:
      - Fri, 04 Dec 2020 09:52:30 GMT
      expires:
      - '-1'
      pragma:
      - no-cache
      request-context:
      - appId=cid-v1:2bbfbac8-e1b0-44af-b9c6-3a40669d37e3
      server:
      - Microsoft-HTTPAPI/2.0
      strict-transport-security:
      - max-age=31536000; includeSubDomains
      transfer-encoding:
      - chunked
      vary:
      - Accept-Encoding,Accept-Encoding
      x-content-type-options:
      - nosniff
    status:
      code: 200
      message: OK
- request:
    body: null
    headers:
      Accept:
      - application/json
      Accept-Encoding:
      - gzip, deflate
      CommandName:
      - monitor data-collection rule update
      Connection:
      - keep-alive
      ParameterSetName:
      - --tags --name --resource-group
      User-Agent:
      - AZURECLI/2.15.1 azsdk-python-monitorclient/unknown Python/3.8.6 (Windows-10-10.0.19041-SP0)
    method: GET
    uri: https://management.azure.com/subscriptions/00000000-0000-0000-0000-000000000000/resourceGroups/clitest000001/providers/Microsoft.Insights/dataCollectionRules/myCollectionRule?api-version=2019-11-01-preview
  response:
    body:
      string: '{"properties":{"immutableId":"dcr-8c4a4edb3d3b4924aca0955ea9effdb2","dataSources":{"performanceCounters":[{"streams":["Microsoft-Perf"],"scheduledTransferPeriod":"PT1M","samplingFrequencyInSeconds":15,"counterSpecifiers":["\\Processor(_Total)\\%
        Processor Time","\\Memory\\Committed Bytes","\\LogicalDisk(_Total)\\Free Megabytes","\\PhysicalDisk(_Total)\\Avg.
        Disk Queue Length"],"name":"cloudTeamCoreCounters"},{"streams":["Microsoft-Perf"],"scheduledTransferPeriod":"PT5M","samplingFrequencyInSeconds":30,"counterSpecifiers":["\\Process(_Total)\\Thread
        Count"],"name":"appTeamExtraCounters"}],"windowsEventLogs":[{"streams":["Microsoft-WindowsEvent"],"scheduledTransferPeriod":"PT1M","xPathQueries":["Security!"],"name":"cloudSecurityTeamEvents"},{"streams":["Microsoft-WindowsEvent"],"scheduledTransferPeriod":"PT5M","xPathQueries":["System![System[(Level
        = 1 or Level = 2 or Level = 3)]]","Application!*[System[(Level = 1 or Level
        = 2 or Level = 3)]]"],"name":"appTeam1AppEvents"}],"syslog":[{"streams":["Microsoft-Syslog"],"facilityNames":["cron"],"logLevels":["Debug","Critical","Emergency"],"name":"cronSyslog"},{"streams":["Microsoft-Syslog"],"facilityNames":["syslog"],"logLevels":["Alert","Critical","Emergency"],"name":"syslogBase"}]},"destinations":{"logAnalytics":[{"workspaceResourceId":"/subscriptions/00000000-0000-0000-0000-000000000000/resourcegroups/clitest000001/providers/microsoft.operationalinsights/workspaces/clitest000002","workspaceId":"25eb7a5b-9643-4338-ab2e-a4b570977c29","name":"clitest000002"}]},"dataFlows":[{"streams":["Microsoft-Perf","Microsoft-Syslog","Microsoft-WindowsEvent"],"destinations":["clitest000002"]}],"provisioningState":"Succeeded"},"location":"eastus","id":"/subscriptions/00000000-0000-0000-0000-000000000000/resourceGroups/clitest000001/providers/Microsoft.Insights/dataCollectionRules/myCollectionRule","name":"myCollectionRule","type":"Microsoft.Insights/dataCollectionRules","etag":"\"00002a09-0000-0100-0000-5fca06d80000\""}'
    headers:
      api-supported-versions:
      - 2019-11-01-preview
      cache-control:
      - no-cache
      content-length:
      - '2126'
      content-type:
      - application/json; charset=utf-8
      date:
      - Fri, 04 Dec 2020 09:52:33 GMT
      expires:
      - '-1'
      pragma:
      - no-cache
      request-context:
      - appId=cid-v1:2bbfbac8-e1b0-44af-b9c6-3a40669d37e3
      server:
      - Microsoft-HTTPAPI/2.0
      strict-transport-security:
      - max-age=31536000; includeSubDomains
      transfer-encoding:
      - chunked
      vary:
      - Accept-Encoding,Accept-Encoding
      x-content-type-options:
      - nosniff
    status:
      code: 200
      message: OK
- request:
    body: '{"location": "eastus", "tags": {"tag1": "A", "tag2": "B", "tag3": "C"},
      "properties": {"dataSources": {"performanceCounters": [{"streams": ["Microsoft-Perf"],
      "scheduledTransferPeriod": "PT1M", "samplingFrequencyInSeconds": 15, "counterSpecifiers":
      ["\\Processor(_Total)\\% Processor Time", "\\Memory\\Committed Bytes", "\\LogicalDisk(_Total)\\Free
      Megabytes", "\\PhysicalDisk(_Total)\\Avg. Disk Queue Length"], "name": "cloudTeamCoreCounters"},
      {"streams": ["Microsoft-Perf"], "scheduledTransferPeriod": "PT5M", "samplingFrequencyInSeconds":
      30, "counterSpecifiers": ["\\Process(_Total)\\Thread Count"], "name": "appTeamExtraCounters"}],
      "windowsEventLogs": [{"streams": ["Microsoft-WindowsEvent"], "scheduledTransferPeriod":
      "PT1M", "xPathQueries": ["Security!"], "name": "cloudSecurityTeamEvents"}, {"streams":
      ["Microsoft-WindowsEvent"], "scheduledTransferPeriod": "PT5M", "xPathQueries":
      ["System![System[(Level = 1 or Level = 2 or Level = 3)]]", "Application!*[System[(Level
      = 1 or Level = 2 or Level = 3)]]"], "name": "appTeam1AppEvents"}], "syslog":
      [{"streams": ["Microsoft-Syslog"], "facilityNames": ["cron"], "logLevels": ["Debug",
      "Critical", "Emergency"], "name": "cronSyslog"}, {"streams": ["Microsoft-Syslog"],
      "facilityNames": ["syslog"], "logLevels": ["Alert", "Critical", "Emergency"],
      "name": "syslogBase"}]}, "destinations": {"logAnalytics": [{"workspaceResourceId":
      "/subscriptions/00000000-0000-0000-0000-000000000000/resourcegroups/clitest000001/providers/microsoft.operationalinsights/workspaces/clitest000002",
      "name": "clitest000002"}]}, "dataFlows": [{"streams": ["Microsoft-Perf", "Microsoft-Syslog",
      "Microsoft-WindowsEvent"], "destinations": ["clitest000002"]}]}}'
    headers:
      Accept:
      - application/json
      Accept-Encoding:
      - gzip, deflate
      CommandName:
      - monitor data-collection rule update
      Connection:
      - keep-alive
      Content-Length:
      - '1776'
      Content-Type:
      - application/json
      ParameterSetName:
      - --tags --name --resource-group
      User-Agent:
      - AZURECLI/2.15.1 azsdk-python-monitorclient/unknown Python/3.8.6 (Windows-10-10.0.19041-SP0)
    method: PUT
    uri: https://management.azure.com/subscriptions/00000000-0000-0000-0000-000000000000/resourceGroups/clitest000001/providers/Microsoft.Insights/dataCollectionRules/myCollectionRule?api-version=2019-11-01-preview
  response:
    body:
      string: '{"properties":{"immutableId":"dcr-8c4a4edb3d3b4924aca0955ea9effdb2","dataSources":{"performanceCounters":[{"streams":["Microsoft-Perf"],"scheduledTransferPeriod":"PT1M","samplingFrequencyInSeconds":15,"counterSpecifiers":["\\Processor(_Total)\\%
        Processor Time","\\Memory\\Committed Bytes","\\LogicalDisk(_Total)\\Free Megabytes","\\PhysicalDisk(_Total)\\Avg.
        Disk Queue Length"],"name":"cloudTeamCoreCounters"},{"streams":["Microsoft-Perf"],"scheduledTransferPeriod":"PT5M","samplingFrequencyInSeconds":30,"counterSpecifiers":["\\Process(_Total)\\Thread
        Count"],"name":"appTeamExtraCounters"}],"windowsEventLogs":[{"streams":["Microsoft-WindowsEvent"],"scheduledTransferPeriod":"PT1M","xPathQueries":["Security!"],"name":"cloudSecurityTeamEvents"},{"streams":["Microsoft-WindowsEvent"],"scheduledTransferPeriod":"PT5M","xPathQueries":["System![System[(Level
        = 1 or Level = 2 or Level = 3)]]","Application!*[System[(Level = 1 or Level
        = 2 or Level = 3)]]"],"name":"appTeam1AppEvents"}],"syslog":[{"streams":["Microsoft-Syslog"],"facilityNames":["cron"],"logLevels":["Debug","Critical","Emergency"],"name":"cronSyslog"},{"streams":["Microsoft-Syslog"],"facilityNames":["syslog"],"logLevels":["Alert","Critical","Emergency"],"name":"syslogBase"}]},"destinations":{"logAnalytics":[{"workspaceResourceId":"/subscriptions/00000000-0000-0000-0000-000000000000/resourcegroups/clitest000001/providers/microsoft.operationalinsights/workspaces/clitest000002","workspaceId":"25eb7a5b-9643-4338-ab2e-a4b570977c29","name":"clitest000002"}]},"dataFlows":[{"streams":["Microsoft-Perf","Microsoft-Syslog","Microsoft-WindowsEvent"],"destinations":["clitest000002"]}],"provisioningState":"Succeeded"},"location":"eastus","tags":{"tag1":"A","tag2":"B","tag3":"C"},"id":"/subscriptions/00000000-0000-0000-0000-000000000000/resourceGroups/clitest000001/providers/Microsoft.Insights/dataCollectionRules/myCollectionRule","name":"myCollectionRule","type":"Microsoft.Insights/dataCollectionRules","etag":"\"00002c09-0000-0100-0000-5fca06e50000\""}'
    headers:
      api-supported-versions:
      - 2019-11-01-preview
      cache-control:
      - no-cache
      content-length:
      - '2168'
      content-type:
      - application/json; charset=utf-8
      date:
      - Fri, 04 Dec 2020 09:52:40 GMT
      expires:
      - '-1'
      pragma:
      - no-cache
      request-context:
      - appId=cid-v1:2bbfbac8-e1b0-44af-b9c6-3a40669d37e3
      server:
      - Microsoft-HTTPAPI/2.0
      strict-transport-security:
      - max-age=31536000; includeSubDomains
      transfer-encoding:
      - chunked
      vary:
      - Accept-Encoding,Accept-Encoding
      x-content-type-options:
      - nosniff
      x-ms-ratelimit-remaining-subscription-resource-requests:
      - '59'
    status:
      code: 200
      message: OK
- request:
    body: '{"properties": {"dataCollectionRuleId": "/subscriptions/00000000-0000-0000-0000-000000000000/resourceGroups/clitest000001/providers/Microsoft.Insights/dataCollectionRules/myCollectionRule"}}'
    headers:
      Accept:
      - application/json
      Accept-Encoding:
      - gzip, deflate
      CommandName:
      - monitor data-collection rule association create
      Connection:
      - keep-alive
      Content-Length:
      - '252'
      Content-Type:
      - application/json
      ParameterSetName:
      - --name --rule-id --resource
      User-Agent:
      - AZURECLI/2.15.1 azsdk-python-monitorclient/unknown Python/3.8.6 (Windows-10-10.0.19041-SP0)
    method: PUT
    uri: https://management.azure.com/subscriptions/00000000-0000-0000-0000-000000000000/resourceGroups/clitest000001/providers/Microsoft.Compute/virtualMachines/vm1/providers/Microsoft.Insights/dataCollectionRuleAssociations/myAssociation?api-version=2019-11-01-preview
  response:
    body:
      string: '{"properties":{"dataCollectionRuleId":"/subscriptions/00000000-0000-0000-0000-000000000000/resourceGroups/clitest000001/providers/Microsoft.Insights/dataCollectionRules/myCollectionRule"},"id":"/subscriptions/00000000-0000-0000-0000-000000000000/resourceGroups/clitest000001/providers/Microsoft.Compute/virtualMachines/vm1/providers/Microsoft.Insights/dataCollectionRuleAssociations/myAssociation","name":"myAssociation","type":"Microsoft.Insights/dataCollectionRuleAssociations","etag":"\"02004658-0000-0700-0000-5fca06ea0000\""}'
    headers:
      api-supported-versions:
      - 2019-11-01-preview
      cache-control:
      - no-cache
      content-length:
      - '654'
      content-type:
      - application/json; charset=utf-8
      date:
      - Fri, 04 Dec 2020 09:52:42 GMT
      expires:
      - '-1'
      pragma:
      - no-cache
      request-context:
      - appId=cid-v1:2bbfbac8-e1b0-44af-b9c6-3a40669d37e3
      server:
      - Microsoft-HTTPAPI/2.0
      strict-transport-security:
      - max-age=31536000; includeSubDomains
      transfer-encoding:
      - chunked
      vary:
      - Accept-Encoding,Accept-Encoding
      x-content-type-options:
      - nosniff
      x-ms-ratelimit-remaining-subscription-resource-requests:
      - '59'
    status:
      code: 200
      message: OK
- request:
    body: null
    headers:
      Accept:
      - application/json
      Accept-Encoding:
      - gzip, deflate
      CommandName:
      - monitor data-collection rule association show
      Connection:
      - keep-alive
      ParameterSetName:
      - --name --resource
      User-Agent:
      - AZURECLI/2.15.1 azsdk-python-monitorclient/unknown Python/3.8.6 (Windows-10-10.0.19041-SP0)
    method: GET
    uri: https://management.azure.com/subscriptions/00000000-0000-0000-0000-000000000000/resourceGroups/clitest000001/providers/Microsoft.Compute/virtualMachines/vm1/providers/Microsoft.Insights/dataCollectionRuleAssociations/myAssociation?api-version=2019-11-01-preview
  response:
    body:
      string: '{"properties":{"dataCollectionRuleId":"/subscriptions/00000000-0000-0000-0000-000000000000/resourceGroups/clitest000001/providers/Microsoft.Insights/dataCollectionRules/myCollectionRule"},"id":"/subscriptions/00000000-0000-0000-0000-000000000000/resourceGroups/clitest000001/providers/Microsoft.Compute/virtualMachines/vm1/providers/Microsoft.Insights/dataCollectionRuleAssociations/myAssociation","name":"myAssociation","type":"Microsoft.Insights/dataCollectionRuleAssociations","etag":"\"02004658-0000-0700-0000-5fca06ea0000\""}'
    headers:
      api-supported-versions:
      - 2019-11-01-preview
      cache-control:
      - no-cache
      content-length:
      - '654'
      content-type:
      - application/json; charset=utf-8
      date:
      - Fri, 04 Dec 2020 09:52:44 GMT
      expires:
      - '-1'
      pragma:
      - no-cache
      request-context:
      - appId=cid-v1:2bbfbac8-e1b0-44af-b9c6-3a40669d37e3
      server:
      - Microsoft-HTTPAPI/2.0
      strict-transport-security:
      - max-age=31536000; includeSubDomains
      transfer-encoding:
      - chunked
      vary:
      - Accept-Encoding,Accept-Encoding
      x-content-type-options:
      - nosniff
    status:
      code: 200
      message: OK
- request:
    body: null
    headers:
      Accept:
      - application/json
      Accept-Encoding:
      - gzip, deflate
      CommandName:
      - monitor data-collection rule association list
      Connection:
      - keep-alive
      ParameterSetName:
      - --rule-name --resource-group
      User-Agent:
      - AZURECLI/2.15.1 azsdk-python-monitorclient/unknown Python/3.8.6 (Windows-10-10.0.19041-SP0)
    method: GET
    uri: https://management.azure.com/subscriptions/00000000-0000-0000-0000-000000000000/resourceGroups/clitest000001/providers/Microsoft.Insights/dataCollectionRules/myCollectionRule/associations?api-version=2019-11-01-preview
  response:
    body:
      string: '{"value":[{"properties":{"dataCollectionRuleId":"/subscriptions/00000000-0000-0000-0000-000000000000/resourcegroups/clitest000001/providers/microsoft.insights/datacollectionrules/mycollectionrule"},"id":"/subscriptions/00000000-0000-0000-0000-000000000000/resourcegroups/clitest000001/providers/microsoft.compute/virtualmachines/vm1/providers/microsoft.insights/datacollectionruleassociations/myassociation","name":"myassociation","type":"Microsoft.Insights/dataCollectionRuleAssociations"}],"nextLink":null}'
    headers:
      api-supported-versions:
      - 2019-11-01-preview
      cache-control:
      - no-cache
      content-length:
      - '632'
      content-type:
      - application/json; charset=utf-8
      date:
      - Fri, 04 Dec 2020 09:52:45 GMT
      expires:
      - '-1'
      pragma:
      - no-cache
      request-context:
      - appId=cid-v1:2bbfbac8-e1b0-44af-b9c6-3a40669d37e3
      server:
      - Microsoft-HTTPAPI/2.0
      strict-transport-security:
      - max-age=31536000; includeSubDomains
      transfer-encoding:
      - chunked
      vary:
      - Accept-Encoding,Accept-Encoding
      x-content-type-options:
      - nosniff
    status:
      code: 200
      message: OK
- request:
    body: null
    headers:
      Accept:
      - application/json
      Accept-Encoding:
      - gzip, deflate
      CommandName:
      - monitor data-collection rule association list
      Connection:
      - keep-alive
      ParameterSetName:
      - --resource
      User-Agent:
      - AZURECLI/2.15.1 azsdk-python-monitorclient/unknown Python/3.8.6 (Windows-10-10.0.19041-SP0)
    method: GET
    uri: https://management.azure.com/subscriptions/00000000-0000-0000-0000-000000000000/resourceGroups/clitest000001/providers/Microsoft.Compute/virtualMachines/vm1/providers/Microsoft.Insights/dataCollectionRuleAssociations?api-version=2019-11-01-preview
  response:
    body:
      string: '{"value":[{"properties":{"dataCollectionRuleId":"/subscriptions/00000000-0000-0000-0000-000000000000/resourceGroups/clitest000001/providers/Microsoft.Insights/dataCollectionRules/myCollectionRule"},"id":"/subscriptions/00000000-0000-0000-0000-000000000000/resourceGroups/clitest000001/providers/Microsoft.Compute/virtualMachines/vm1/providers/Microsoft.Insights/dataCollectionRuleAssociations/myAssociation","name":"myAssociation","type":"Microsoft.Insights/dataCollectionRuleAssociations","etag":"\"02004658-0000-0700-0000-5fca06ea0000\""}],"nextLink":null}'
    headers:
      api-supported-versions:
      - 2019-11-01-preview
      cache-control:
      - no-cache
      content-length:
      - '682'
      content-type:
      - application/json; charset=utf-8
      date:
      - Fri, 04 Dec 2020 09:52:47 GMT
      expires:
      - '-1'
      pragma:
      - no-cache
      request-context:
      - appId=cid-v1:2bbfbac8-e1b0-44af-b9c6-3a40669d37e3
      server:
      - Microsoft-HTTPAPI/2.0
      strict-transport-security:
      - max-age=31536000; includeSubDomains
      transfer-encoding:
      - chunked
      vary:
      - Accept-Encoding,Accept-Encoding
      x-content-type-options:
      - nosniff
    status:
      code: 200
      message: OK
- request:
    body: null
    headers:
      Accept:
      - application/json
      Accept-Encoding:
      - gzip, deflate
      CommandName:
      - monitor data-collection rule association delete
      Connection:
      - keep-alive
      Content-Length:
      - '0'
      ParameterSetName:
      - -y --name --resource
      User-Agent:
      - AZURECLI/2.15.1 azsdk-python-monitorclient/unknown Python/3.8.6 (Windows-10-10.0.19041-SP0)
    method: DELETE
    uri: https://management.azure.com/subscriptions/00000000-0000-0000-0000-000000000000/resourceGroups/clitest000001/providers/Microsoft.Compute/virtualMachines/vm1/providers/Microsoft.Insights/dataCollectionRuleAssociations/myAssociation?api-version=2019-11-01-preview
  response:
    body:
      string: ''
    headers:
      api-supported-versions:
      - 2019-11-01-preview
      cache-control:
      - no-cache
      content-length:
      - '0'
      date:
      - Fri, 04 Dec 2020 09:52:49 GMT
      expires:
      - '-1'
      pragma:
      - no-cache
      request-context:
      - appId=cid-v1:2bbfbac8-e1b0-44af-b9c6-3a40669d37e3
      server:
      - Microsoft-HTTPAPI/2.0
      strict-transport-security:
      - max-age=31536000; includeSubDomains
      x-content-type-options:
      - nosniff
      x-ms-ratelimit-remaining-subscription-deletes:
      - '14999'
    status:
      code: 200
      message: OK
- request:
    body: null
    headers:
      Accept:
      - application/json
      Accept-Encoding:
      - gzip, deflate
      CommandName:
      - monitor data-collection rule delete
      Connection:
      - keep-alive
      Content-Length:
      - '0'
      ParameterSetName:
      - -y --name --resource-group
      User-Agent:
      - AZURECLI/2.15.1 azsdk-python-monitorclient/unknown Python/3.8.6 (Windows-10-10.0.19041-SP0)
    method: DELETE
    uri: https://management.azure.com/subscriptions/00000000-0000-0000-0000-000000000000/resourceGroups/clitest000001/providers/Microsoft.Insights/dataCollectionRules/myCollectionRule?api-version=2019-11-01-preview
  response:
    body:
      string: ''
    headers:
      api-supported-versions:
      - 2019-11-01-preview
      cache-control:
      - no-cache
      content-length:
      - '0'
      date:
      - Fri, 04 Dec 2020 09:52:57 GMT
      expires:
      - '-1'
      pragma:
      - no-cache
      request-context:
      - appId=cid-v1:2bbfbac8-e1b0-44af-b9c6-3a40669d37e3
      server:
      - Microsoft-HTTPAPI/2.0
      strict-transport-security:
      - max-age=31536000; includeSubDomains
      x-content-type-options:
      - nosniff
      x-ms-ratelimit-remaining-subscription-deletes:
      - '14999'
    status:
      code: 200
      message: OK
version: 1
