interactions:
- request:
    body: '{"location": "eastus", "properties": {"retentionInDays": 30, "sku": {"name":
      "PerGB2018"}}}'
    headers:
      Accept:
      - application/json
      Accept-Encoding:
      - gzip, deflate
      CommandName:
      - monitor log-analytics workspace create
      Connection:
      - keep-alive
      Content-Length:
      - '91'
      Content-Type:
      - application/json
      ParameterSetName:
      - -g -n -l
      User-Agent:
      - AZURECLI/2.46.0 (AAZ) azsdk-python-core/1.24.0 Python/3.10.10 (Windows-10-10.0.22621-SP0)
    method: PUT
    uri: https://management.azure.com/subscriptions/00000000-0000-0000-0000-000000000000/resourcegroups/clitest.rg000001/providers/Microsoft.OperationalInsights/workspaces/containerapp-env000004?api-version=2021-12-01-preview
  response:
    body:
      string: '{"properties":{"customerId":"e11a3bf1-20b7-46d1-a6cf-369ffbacc71f","provisioningState":"Creating","sku":{"name":"PerGB2018","lastSkuUpdate":"2023-03-20T07:01:15.3148175Z"},"retentionInDays":30,"features":{"legacy":0,"searchVersion":1,"enableLogAccessUsingOnlyResourcePermissions":true},"workspaceCapping":{"dailyQuotaGb":-1.0,"quotaNextResetTime":"2023-03-21T02:00:00Z","dataIngestionStatus":"RespectQuota"},"publicNetworkAccessForIngestion":"Enabled","publicNetworkAccessForQuery":"Enabled","createdDate":"2023-03-20T07:01:15.3148175Z","modifiedDate":"2023-03-20T07:01:15.3148175Z"},"location":"eastus","id":"/subscriptions/00000000-0000-0000-0000-000000000000/resourceGroups/clitest.rg000001/providers/Microsoft.OperationalInsights/workspaces/containerapp-env000004","name":"containerapp-env000004","type":"Microsoft.OperationalInsights/workspaces"}'
    headers:
      access-control-allow-origin:
      - '*'
      api-supported-versions:
      - 2021-12-01-preview
      cache-control:
      - no-cache
      content-length:
      - '851'
      content-type:
      - application/json; charset=utf-8
      date:
      - Mon, 20 Mar 2023 07:01:16 GMT
      expires:
      - '-1'
      location:
      - https://management.azure.com/subscriptions/00000000-0000-0000-0000-000000000000/resourceGroups/clitest.rg000001/providers/Microsoft.OperationalInsights/workspaces/containerapp-env000004?api-version=2021-12-01-preview
      pragma:
      - no-cache
      request-context:
      - appId=cid-v1:e6336c63-aab2-45f0-996a-e5dbab2a1508
      server:
      - Microsoft-IIS/10.0
      strict-transport-security:
      - max-age=31536000; includeSubDomains
      x-content-type-options:
      - nosniff
      x-ms-ratelimit-remaining-subscription-writes:
      - '1199'
      x-powered-by:
      - ASP.NET
    status:
      code: 201
      message: Created
- request:
    body: null
    headers:
      Accept:
      - '*/*'
      Accept-Encoding:
      - gzip, deflate
      CommandName:
      - monitor log-analytics workspace create
      Connection:
      - keep-alive
      ParameterSetName:
      - -g -n -l
      User-Agent:
      - AZURECLI/2.46.0 (AAZ) azsdk-python-core/1.24.0 Python/3.10.10 (Windows-10-10.0.22621-SP0)
    method: GET
    uri: https://management.azure.com/subscriptions/00000000-0000-0000-0000-000000000000/resourceGroups/clitest.rg000001/providers/Microsoft.OperationalInsights/workspaces/containerapp-env000004?api-version=2021-12-01-preview
  response:
    body:
      string: '{"properties":{"customerId":"e11a3bf1-20b7-46d1-a6cf-369ffbacc71f","provisioningState":"Succeeded","sku":{"name":"PerGB2018","lastSkuUpdate":"2023-03-20T07:01:15.3148175Z"},"retentionInDays":30,"features":{"legacy":0,"searchVersion":1,"enableLogAccessUsingOnlyResourcePermissions":true},"workspaceCapping":{"dailyQuotaGb":-1.0,"quotaNextResetTime":"2023-03-21T02:00:00Z","dataIngestionStatus":"RespectQuota"},"publicNetworkAccessForIngestion":"Enabled","publicNetworkAccessForQuery":"Enabled","createdDate":"2023-03-20T07:01:15.3148175Z","modifiedDate":"2023-03-20T07:01:15.3148175Z"},"location":"eastus","id":"/subscriptions/00000000-0000-0000-0000-000000000000/resourceGroups/clitest.rg000001/providers/Microsoft.OperationalInsights/workspaces/containerapp-env000004","name":"containerapp-env000004","type":"Microsoft.OperationalInsights/workspaces"}'
    headers:
      access-control-allow-origin:
      - '*'
      api-supported-versions:
      - 2021-12-01-preview
      cache-control:
      - no-cache
      content-length:
      - '852'
      content-type:
      - application/json; charset=utf-8
      date:
      - Mon, 20 Mar 2023 07:01:47 GMT
      expires:
      - '-1'
      pragma:
      - no-cache
      request-context:
      - appId=cid-v1:e6336c63-aab2-45f0-996a-e5dbab2a1508
      server:
      - Microsoft-IIS/10.0
      strict-transport-security:
      - max-age=31536000; includeSubDomains
      transfer-encoding:
      - chunked
      vary:
      - Accept-Encoding
      x-content-type-options:
      - nosniff
      x-powered-by:
      - ASP.NET
    status:
      code: 200
      message: OK
- request:
    body: null
    headers:
      Accept:
      - application/json
      Accept-Encoding:
      - gzip, deflate
      CommandName:
      - monitor log-analytics workspace get-shared-keys
      Connection:
      - keep-alive
      Content-Length:
      - '0'
      ParameterSetName:
      - -g -n
      User-Agent:
      - AZURECLI/2.46.0 (AAZ) azsdk-python-core/1.24.0 Python/3.10.10 (Windows-10-10.0.22621-SP0)
    method: POST
    uri: https://management.azure.com/subscriptions/00000000-0000-0000-0000-000000000000/resourcegroups/clitest.rg000001/providers/Microsoft.OperationalInsights/workspaces/containerapp-env000004/sharedKeys?api-version=2020-08-01
  response:
    body:
      string: '{"primarySharedKey":"z9RC0m2m4MoBEIBANMWiavGk2YsmO9YuOoz7cbXUKncrjqkqam7baGjzLv0fD1w01bX1wVJOpsNreCI4404+IA==","secondarySharedKey":"OF94YFg4k1QLfopo3oE2qDL4RZON6kMG1+A1LRoq/SuDH1G2sIIlldf5ijttEzlGo9p3PZr3Vq07/1/oFHxkNw=="}'
    headers:
      access-control-allow-origin:
      - '*'
      api-supported-versions:
      - 2015-03-20, 2020-08-01, 2020-10-01, 2021-06-01, 2022-10-01
      cache-control:
      - no-cache
      content-length:
      - '223'
      content-type:
      - application/json; charset=utf-8
      date:
      - Mon, 20 Mar 2023 07:01:50 GMT
      expires:
      - '-1'
      pragma:
      - no-cache
      request-context:
      - appId=cid-v1:e6336c63-aab2-45f0-996a-e5dbab2a1508
      server:
      - Microsoft-IIS/10.0
      strict-transport-security:
      - max-age=31536000; includeSubDomains
      transfer-encoding:
      - chunked
      vary:
      - Accept-Encoding
      x-content-type-options:
      - nosniff
      x-ms-ratelimit-remaining-subscription-writes:
      - '1199'
      x-powered-by:
      - ASP.NET
    status:
      code: 200
      message: OK
- request:
    body: null
    headers:
      Accept:
      - application/json
      Accept-Encoding:
      - gzip, deflate
      CommandName:
      - containerapp env create
      Connection:
      - keep-alive
      ParameterSetName:
      - -g -n --logs-workspace-id --logs-workspace-key
      User-Agent:
      - AZURECLI/2.46.0 azsdk-python-azure-mgmt-resource/21.1.0b1 Python/3.10.10 (Windows-10-10.0.22621-SP0)
    method: GET
    uri: https://management.azure.com/subscriptions/00000000-0000-0000-0000-000000000000/providers/Microsoft.App?api-version=2021-04-01
  response:
    body:
      string: '{"id":"/subscriptions/00000000-0000-0000-0000-000000000000/providers/Microsoft.App","namespace":"Microsoft.App","authorizations":[{"applicationId":"7e3bc4fd-85a3-4192-b177-5b8bfc87f42c","roleDefinitionId":"39a74f72-b40f-4bdc-b639-562fe2260bf0"},{"applicationId":"3734c1a4-2bed-4998-a37a-ff1a9e7bf019","roleDefinitionId":"5c779a4f-5cb2-4547-8c41-478d9be8ba90"},{"applicationId":"55ebbb62-3b9c-49fd-9b87-9595226dd4ac","roleDefinitionId":"e49ca620-7992-4561-a7df-4ed67dad77b5","managedByRoleDefinitionId":"9e3af657-a8ff-583c-a75c-2fe7c4bcb635"}],"resourceTypes":[{"resourceType":"operations","locations":["North
        Central US (Stage)","Central US EUAP","East US 2 EUAP","Canada Central","West
        Europe","North Europe","East US","East US 2","East Asia","Australia East","Germany
        West Central","Japan East","UK South","West US","Central US","North Central
        US","South Central US","Korea Central","Brazil South","West US 3","France
        Central","South Africa North","Norway East","Switzerland North","UAE North"],"apiVersions":["2022-11-01-preview","2022-10-01","2022-06-01-preview","2022-03-01","2022-01-01-preview"],"capabilities":"None"},{"resourceType":"locations/connectedEnvironmentOperationResults","locations":["North
        Central US (Stage)","North Central US","East US","East Asia","West Europe","Central
        US EUAP","East US 2 EUAP"],"apiVersions":["2022-11-01-preview","2022-10-01","2022-06-01-preview"],"capabilities":"None"},{"resourceType":"managedEnvironments","locations":["Central
        US EUAP","East US 2 EUAP","North Central US (Stage)","Canada Central","West
        Europe","North Europe","East US","East US 2","East Asia","Australia East","Germany
        West Central","Japan East","UK South","West US","Central US","North Central
        US","South Central US","Korea Central","Brazil South","West US 3","France
        Central","South Africa North","Norway East","Switzerland North","UAE North"],"apiVersions":["2022-11-01-preview","2022-10-01","2022-06-01-preview","2022-03-01","2022-01-01-preview"],"capabilities":"CrossResourceGroupResourceMove,
        CrossSubscriptionResourceMove, SupportsTags, SupportsLocation"},{"resourceType":"managedEnvironments/certificates","locations":["Central
        US EUAP","East US 2 EUAP","North Central US (Stage)","Canada Central","West
        Europe","North Europe","East US","East US 2","East Asia","Australia East","Germany
        West Central","Japan East","UK South","West US","Central US","North Central
        US","South Central US","Korea Central","Brazil South","West US 3","France
        Central","South Africa North","Norway East","Switzerland North","UAE North"],"apiVersions":["2022-11-01-preview","2022-10-01","2022-06-01-preview","2022-03-01","2022-01-01-preview"],"capabilities":"CrossResourceGroupResourceMove,
        CrossSubscriptionResourceMove, SupportsTags, SupportsLocation"},{"resourceType":"managedEnvironments/managedCertificates","locations":["Central
        US EUAP","East US 2 EUAP","North Central US (Stage)","Canada Central","West
        Europe","North Europe","East US","East US 2","East Asia","Australia East","Germany
        West Central","Japan East","UK South","West US","Central US","North Central
        US","South Central US","Korea Central","Brazil South","West US 3","France
        Central","South Africa North","Norway East","Switzerland North","UAE North"],"apiVersions":["2022-11-01-preview"],"capabilities":"CrossResourceGroupResourceMove,
        CrossSubscriptionResourceMove, SupportsTags, SupportsLocation"},{"resourceType":"containerApps","locations":["Central
        US EUAP","East US 2 EUAP","North Central US (Stage)","Canada Central","West
        Europe","North Europe","East US","East US 2","East Asia","Australia East","Germany
        West Central","Japan East","UK South","West US","Central US","North Central
        US","South Central US","Korea Central","Brazil South","West US 3","France
        Central","South Africa North","Norway East","Switzerland North","UAE North"],"apiVersions":["2022-11-01-preview","2022-10-01","2022-06-01-preview","2022-03-01","2022-01-01-preview"],"capabilities":"CrossResourceGroupResourceMove,
        CrossSubscriptionResourceMove, SystemAssignedResourceIdentity, SupportsTags,
        SupportsLocation"},{"resourceType":"jobs","locations":["Central US EUAP","East
        US 2 EUAP","North Central US (Stage)","Canada Central","West Europe","North
        Europe","East US","East US 2","East Asia","Australia East","Germany West Central","Japan
        East","UK South","West US","Central US","North Central US","South Central
        US","Korea Central","Brazil South","West US 3","France Central","South Africa
        North","Norway East","Switzerland North","UAE North"],"apiVersions":["2022-11-01-preview"],"capabilities":"CrossResourceGroupResourceMove,
        CrossSubscriptionResourceMove, SystemAssignedResourceIdentity, SupportsTags,
        SupportsLocation"},{"resourceType":"locations","locations":[],"apiVersions":["2022-11-01-preview","2022-10-01","2022-06-01-preview","2022-03-01","2022-01-01-preview"],"capabilities":"None"},{"resourceType":"locations/managedEnvironmentOperationResults","locations":["Central
        US EUAP","East US 2 EUAP","North Central US (Stage)","Canada Central","West
        Europe","North Europe","East US","East US 2","East Asia","Australia East","Germany
        West Central","Japan East","UK South","West US","Central US","North Central
        US","South Central US","Korea Central","Brazil South","West US 3","France
        Central","South Africa North","Norway East","Switzerland North","UAE North"],"apiVersions":["2022-11-01-preview","2022-10-01","2022-06-01-preview","2022-03-01","2022-01-01-preview"],"capabilities":"None"},{"resourceType":"locations/managedEnvironmentOperationStatuses","locations":["Central
        US EUAP","East US 2 EUAP","North Central US (Stage)","Canada Central","West
        Europe","North Europe","East US","East US 2","East Asia","Australia East","Germany
        West Central","Japan East","UK South","West US","Central US","North Central
        US","South Central US","Korea Central","Brazil South","West US 3","France
        Central","South Africa North","Norway East","Switzerland North","UAE North"],"apiVersions":["2022-11-01-preview","2022-10-01","2022-06-01-preview","2022-03-01","2022-01-01-preview"],"capabilities":"None"},{"resourceType":"locations/containerappOperationResults","locations":["Central
        US EUAP","East US 2 EUAP","North Central US (Stage)","Canada Central","West
        Europe","North Europe","East US","East US 2","East Asia","Australia East","Germany
        West Central","Japan East","UK South","West US","Central US","North Central
        US","South Central US","Korea Central","Brazil South","West US 3","France
        Central","South Africa North","Norway East","Switzerland North","UAE North"],"apiVersions":["2022-11-01-preview","2022-10-01","2022-06-01-preview","2022-03-01","2022-01-01-preview"],"capabilities":"None"},{"resourceType":"locations/containerappOperationStatuses","locations":["Central
        US EUAP","East US 2 EUAP","North Central US (Stage)","Canada Central","West
        Europe","North Europe","East US","East US 2","East Asia","Australia East","Germany
        West Central","Japan East","UK South","West US","Central US","North Central
        US","South Central US","Korea Central","Brazil South","West US 3","France
        Central","South Africa North","Norway East","Switzerland North","UAE North"],"apiVersions":["2022-11-01-preview","2022-10-01","2022-06-01-preview","2022-03-01","2022-01-01-preview"],"capabilities":"None"},{"resourceType":"connectedEnvironments","locations":["Central
        US EUAP","East US 2 EUAP","North Central US (Stage)","North Central US","East
        US","East Asia","West Europe"],"apiVersions":["2022-11-01-preview","2022-10-01","2022-06-01-preview"],"capabilities":"CrossResourceGroupResourceMove,
        CrossSubscriptionResourceMove, SupportsTags, SupportsLocation"},{"resourceType":"connectedEnvironments/certificates","locations":["Central
        US EUAP","East US 2 EUAP","North Central US (Stage)","North Central US","East
        US","East Asia","West Europe"],"apiVersions":["2022-11-01-preview","2022-10-01","2022-06-01-preview"],"capabilities":"CrossResourceGroupResourceMove,
        CrossSubscriptionResourceMove, SupportsTags, SupportsLocation"},{"resourceType":"locations/connectedEnvironmentOperationStatuses","locations":["Central
        US EUAP","East US 2 EUAP","North Central US (Stage)","North Central US","East
        US","East Asia","West Europe"],"apiVersions":["2022-11-01-preview","2022-10-01","2022-06-01-preview"],"capabilities":"None"},{"resourceType":"locations/billingMeters","locations":["Central
        US EUAP","East US 2 EUAP","North Central US (Stage)","Australia East","North
        Central US","East US 2","West Europe","Central US","East US","North Europe","South
        Central US","UK South","West US 3"],"apiVersions":["2022-11-01-preview","2022-10-01","2022-06-01-preview"],"capabilities":"None"},{"resourceType":"locations/availableManagedEnvironmentsWorkloadProfileTypes","locations":["Central
        US EUAP","East US 2 EUAP","North Central US (Stage)","Australia East","North
        Central US","East US 2","West Europe","Central US","East US","North Europe","South
        Central US","UK South","West US 3"],"apiVersions":["2022-11-01-preview","2022-10-01","2022-06-01-preview"],"capabilities":"None"}],"registrationState":"Registered","registrationPolicy":"RegistrationRequired"}'
    headers:
      cache-control:
      - no-cache
      content-length:
      - '9060'
      content-type:
      - application/json; charset=utf-8
      date:
      - Mon, 20 Mar 2023 07:01:51 GMT
      expires:
      - '-1'
      pragma:
      - no-cache
      strict-transport-security:
      - max-age=31536000; includeSubDomains
      vary:
      - Accept-Encoding
      x-content-type-options:
      - nosniff
    status:
      code: 200
      message: OK
- request:
    body: null
    headers:
      Accept:
      - application/json
      Accept-Encoding:
      - gzip, deflate
      CommandName:
      - containerapp env create
      Connection:
      - keep-alive
      ParameterSetName:
      - -g -n --logs-workspace-id --logs-workspace-key
      User-Agent:
      - AZURECLI/2.46.0 azsdk-python-azure-mgmt-resource/21.1.0b1 Python/3.10.10 (Windows-10-10.0.22621-SP0)
    method: GET
    uri: https://management.azure.com/subscriptions/00000000-0000-0000-0000-000000000000/providers/Microsoft.App?api-version=2021-04-01
  response:
    body:
      string: '{"id":"/subscriptions/00000000-0000-0000-0000-000000000000/providers/Microsoft.App","namespace":"Microsoft.App","authorizations":[{"applicationId":"7e3bc4fd-85a3-4192-b177-5b8bfc87f42c","roleDefinitionId":"39a74f72-b40f-4bdc-b639-562fe2260bf0"},{"applicationId":"3734c1a4-2bed-4998-a37a-ff1a9e7bf019","roleDefinitionId":"5c779a4f-5cb2-4547-8c41-478d9be8ba90"},{"applicationId":"55ebbb62-3b9c-49fd-9b87-9595226dd4ac","roleDefinitionId":"e49ca620-7992-4561-a7df-4ed67dad77b5","managedByRoleDefinitionId":"9e3af657-a8ff-583c-a75c-2fe7c4bcb635"}],"resourceTypes":[{"resourceType":"operations","locations":["North
        Central US (Stage)","Central US EUAP","East US 2 EUAP","Canada Central","West
        Europe","North Europe","East US","East US 2","East Asia","Australia East","Germany
        West Central","Japan East","UK South","West US","Central US","North Central
        US","South Central US","Korea Central","Brazil South","West US 3","France
        Central","South Africa North","Norway East","Switzerland North","UAE North"],"apiVersions":["2022-11-01-preview","2022-10-01","2022-06-01-preview","2022-03-01","2022-01-01-preview"],"capabilities":"None"},{"resourceType":"locations/connectedEnvironmentOperationResults","locations":["North
        Central US (Stage)","North Central US","East US","East Asia","West Europe","Central
        US EUAP","East US 2 EUAP"],"apiVersions":["2022-11-01-preview","2022-10-01","2022-06-01-preview"],"capabilities":"None"},{"resourceType":"managedEnvironments","locations":["Central
        US EUAP","East US 2 EUAP","North Central US (Stage)","Canada Central","West
        Europe","North Europe","East US","East US 2","East Asia","Australia East","Germany
        West Central","Japan East","UK South","West US","Central US","North Central
        US","South Central US","Korea Central","Brazil South","West US 3","France
        Central","South Africa North","Norway East","Switzerland North","UAE North"],"apiVersions":["2022-11-01-preview","2022-10-01","2022-06-01-preview","2022-03-01","2022-01-01-preview"],"capabilities":"CrossResourceGroupResourceMove,
        CrossSubscriptionResourceMove, SupportsTags, SupportsLocation"},{"resourceType":"managedEnvironments/certificates","locations":["Central
        US EUAP","East US 2 EUAP","North Central US (Stage)","Canada Central","West
        Europe","North Europe","East US","East US 2","East Asia","Australia East","Germany
        West Central","Japan East","UK South","West US","Central US","North Central
        US","South Central US","Korea Central","Brazil South","West US 3","France
        Central","South Africa North","Norway East","Switzerland North","UAE North"],"apiVersions":["2022-11-01-preview","2022-10-01","2022-06-01-preview","2022-03-01","2022-01-01-preview"],"capabilities":"CrossResourceGroupResourceMove,
        CrossSubscriptionResourceMove, SupportsTags, SupportsLocation"},{"resourceType":"managedEnvironments/managedCertificates","locations":["Central
        US EUAP","East US 2 EUAP","North Central US (Stage)","Canada Central","West
        Europe","North Europe","East US","East US 2","East Asia","Australia East","Germany
        West Central","Japan East","UK South","West US","Central US","North Central
        US","South Central US","Korea Central","Brazil South","West US 3","France
        Central","South Africa North","Norway East","Switzerland North","UAE North"],"apiVersions":["2022-11-01-preview"],"capabilities":"CrossResourceGroupResourceMove,
        CrossSubscriptionResourceMove, SupportsTags, SupportsLocation"},{"resourceType":"containerApps","locations":["Central
        US EUAP","East US 2 EUAP","North Central US (Stage)","Canada Central","West
        Europe","North Europe","East US","East US 2","East Asia","Australia East","Germany
        West Central","Japan East","UK South","West US","Central US","North Central
        US","South Central US","Korea Central","Brazil South","West US 3","France
        Central","South Africa North","Norway East","Switzerland North","UAE North"],"apiVersions":["2022-11-01-preview","2022-10-01","2022-06-01-preview","2022-03-01","2022-01-01-preview"],"capabilities":"CrossResourceGroupResourceMove,
        CrossSubscriptionResourceMove, SystemAssignedResourceIdentity, SupportsTags,
        SupportsLocation"},{"resourceType":"jobs","locations":["Central US EUAP","East
        US 2 EUAP","North Central US (Stage)","Canada Central","West Europe","North
        Europe","East US","East US 2","East Asia","Australia East","Germany West Central","Japan
        East","UK South","West US","Central US","North Central US","South Central
        US","Korea Central","Brazil South","West US 3","France Central","South Africa
        North","Norway East","Switzerland North","UAE North"],"apiVersions":["2022-11-01-preview"],"capabilities":"CrossResourceGroupResourceMove,
        CrossSubscriptionResourceMove, SystemAssignedResourceIdentity, SupportsTags,
        SupportsLocation"},{"resourceType":"locations","locations":[],"apiVersions":["2022-11-01-preview","2022-10-01","2022-06-01-preview","2022-03-01","2022-01-01-preview"],"capabilities":"None"},{"resourceType":"locations/managedEnvironmentOperationResults","locations":["Central
        US EUAP","East US 2 EUAP","North Central US (Stage)","Canada Central","West
        Europe","North Europe","East US","East US 2","East Asia","Australia East","Germany
        West Central","Japan East","UK South","West US","Central US","North Central
        US","South Central US","Korea Central","Brazil South","West US 3","France
        Central","South Africa North","Norway East","Switzerland North","UAE North"],"apiVersions":["2022-11-01-preview","2022-10-01","2022-06-01-preview","2022-03-01","2022-01-01-preview"],"capabilities":"None"},{"resourceType":"locations/managedEnvironmentOperationStatuses","locations":["Central
        US EUAP","East US 2 EUAP","North Central US (Stage)","Canada Central","West
        Europe","North Europe","East US","East US 2","East Asia","Australia East","Germany
        West Central","Japan East","UK South","West US","Central US","North Central
        US","South Central US","Korea Central","Brazil South","West US 3","France
        Central","South Africa North","Norway East","Switzerland North","UAE North"],"apiVersions":["2022-11-01-preview","2022-10-01","2022-06-01-preview","2022-03-01","2022-01-01-preview"],"capabilities":"None"},{"resourceType":"locations/containerappOperationResults","locations":["Central
        US EUAP","East US 2 EUAP","North Central US (Stage)","Canada Central","West
        Europe","North Europe","East US","East US 2","East Asia","Australia East","Germany
        West Central","Japan East","UK South","West US","Central US","North Central
        US","South Central US","Korea Central","Brazil South","West US 3","France
        Central","South Africa North","Norway East","Switzerland North","UAE North"],"apiVersions":["2022-11-01-preview","2022-10-01","2022-06-01-preview","2022-03-01","2022-01-01-preview"],"capabilities":"None"},{"resourceType":"locations/containerappOperationStatuses","locations":["Central
        US EUAP","East US 2 EUAP","North Central US (Stage)","Canada Central","West
        Europe","North Europe","East US","East US 2","East Asia","Australia East","Germany
        West Central","Japan East","UK South","West US","Central US","North Central
        US","South Central US","Korea Central","Brazil South","West US 3","France
        Central","South Africa North","Norway East","Switzerland North","UAE North"],"apiVersions":["2022-11-01-preview","2022-10-01","2022-06-01-preview","2022-03-01","2022-01-01-preview"],"capabilities":"None"},{"resourceType":"connectedEnvironments","locations":["Central
        US EUAP","East US 2 EUAP","North Central US (Stage)","North Central US","East
        US","East Asia","West Europe"],"apiVersions":["2022-11-01-preview","2022-10-01","2022-06-01-preview"],"capabilities":"CrossResourceGroupResourceMove,
        CrossSubscriptionResourceMove, SupportsTags, SupportsLocation"},{"resourceType":"connectedEnvironments/certificates","locations":["Central
        US EUAP","East US 2 EUAP","North Central US (Stage)","North Central US","East
        US","East Asia","West Europe"],"apiVersions":["2022-11-01-preview","2022-10-01","2022-06-01-preview"],"capabilities":"CrossResourceGroupResourceMove,
        CrossSubscriptionResourceMove, SupportsTags, SupportsLocation"},{"resourceType":"locations/connectedEnvironmentOperationStatuses","locations":["Central
        US EUAP","East US 2 EUAP","North Central US (Stage)","North Central US","East
        US","East Asia","West Europe"],"apiVersions":["2022-11-01-preview","2022-10-01","2022-06-01-preview"],"capabilities":"None"},{"resourceType":"locations/billingMeters","locations":["Central
        US EUAP","East US 2 EUAP","North Central US (Stage)","Australia East","North
        Central US","East US 2","West Europe","Central US","East US","North Europe","South
        Central US","UK South","West US 3"],"apiVersions":["2022-11-01-preview","2022-10-01","2022-06-01-preview"],"capabilities":"None"},{"resourceType":"locations/availableManagedEnvironmentsWorkloadProfileTypes","locations":["Central
        US EUAP","East US 2 EUAP","North Central US (Stage)","Australia East","North
        Central US","East US 2","West Europe","Central US","East US","North Europe","South
        Central US","UK South","West US 3"],"apiVersions":["2022-11-01-preview","2022-10-01","2022-06-01-preview"],"capabilities":"None"}],"registrationState":"Registered","registrationPolicy":"RegistrationRequired"}'
    headers:
      cache-control:
      - no-cache
      content-length:
      - '9060'
      content-type:
      - application/json; charset=utf-8
      date:
      - Mon, 20 Mar 2023 07:01:52 GMT
      expires:
      - '-1'
      pragma:
      - no-cache
      strict-transport-security:
      - max-age=31536000; includeSubDomains
      vary:
      - Accept-Encoding
      x-content-type-options:
      - nosniff
    status:
      code: 200
      message: OK
- request:
    body: null
    headers:
      Accept:
      - application/json
      Accept-Encoding:
      - gzip, deflate
      CommandName:
      - containerapp env create
      Connection:
      - keep-alive
      ParameterSetName:
      - -g -n --logs-workspace-id --logs-workspace-key
      User-Agent:
      - AZURECLI/2.46.0 azsdk-python-azure-mgmt-resource/21.1.0b1 Python/3.10.10 (Windows-10-10.0.22621-SP0)
    method: GET
    uri: https://management.azure.com/subscriptions/00000000-0000-0000-0000-000000000000/providers/Microsoft.App?api-version=2021-04-01
  response:
    body:
      string: '{"id":"/subscriptions/00000000-0000-0000-0000-000000000000/providers/Microsoft.App","namespace":"Microsoft.App","authorizations":[{"applicationId":"7e3bc4fd-85a3-4192-b177-5b8bfc87f42c","roleDefinitionId":"39a74f72-b40f-4bdc-b639-562fe2260bf0"},{"applicationId":"3734c1a4-2bed-4998-a37a-ff1a9e7bf019","roleDefinitionId":"5c779a4f-5cb2-4547-8c41-478d9be8ba90"},{"applicationId":"55ebbb62-3b9c-49fd-9b87-9595226dd4ac","roleDefinitionId":"e49ca620-7992-4561-a7df-4ed67dad77b5","managedByRoleDefinitionId":"9e3af657-a8ff-583c-a75c-2fe7c4bcb635"}],"resourceTypes":[{"resourceType":"operations","locations":["North
        Central US (Stage)","Central US EUAP","East US 2 EUAP","Canada Central","West
        Europe","North Europe","East US","East US 2","East Asia","Australia East","Germany
        West Central","Japan East","UK South","West US","Central US","North Central
        US","South Central US","Korea Central","Brazil South","West US 3","France
        Central","South Africa North","Norway East","Switzerland North","UAE North"],"apiVersions":["2022-11-01-preview","2022-10-01","2022-06-01-preview","2022-03-01","2022-01-01-preview"],"capabilities":"None"},{"resourceType":"locations/connectedEnvironmentOperationResults","locations":["North
        Central US (Stage)","North Central US","East US","East Asia","West Europe","Central
        US EUAP","East US 2 EUAP"],"apiVersions":["2022-11-01-preview","2022-10-01","2022-06-01-preview"],"capabilities":"None"},{"resourceType":"managedEnvironments","locations":["Central
        US EUAP","East US 2 EUAP","North Central US (Stage)","Canada Central","West
        Europe","North Europe","East US","East US 2","East Asia","Australia East","Germany
        West Central","Japan East","UK South","West US","Central US","North Central
        US","South Central US","Korea Central","Brazil South","West US 3","France
        Central","South Africa North","Norway East","Switzerland North","UAE North"],"apiVersions":["2022-11-01-preview","2022-10-01","2022-06-01-preview","2022-03-01","2022-01-01-preview"],"capabilities":"CrossResourceGroupResourceMove,
        CrossSubscriptionResourceMove, SupportsTags, SupportsLocation"},{"resourceType":"managedEnvironments/certificates","locations":["Central
        US EUAP","East US 2 EUAP","North Central US (Stage)","Canada Central","West
        Europe","North Europe","East US","East US 2","East Asia","Australia East","Germany
        West Central","Japan East","UK South","West US","Central US","North Central
        US","South Central US","Korea Central","Brazil South","West US 3","France
        Central","South Africa North","Norway East","Switzerland North","UAE North"],"apiVersions":["2022-11-01-preview","2022-10-01","2022-06-01-preview","2022-03-01","2022-01-01-preview"],"capabilities":"CrossResourceGroupResourceMove,
        CrossSubscriptionResourceMove, SupportsTags, SupportsLocation"},{"resourceType":"managedEnvironments/managedCertificates","locations":["Central
        US EUAP","East US 2 EUAP","North Central US (Stage)","Canada Central","West
        Europe","North Europe","East US","East US 2","East Asia","Australia East","Germany
        West Central","Japan East","UK South","West US","Central US","North Central
        US","South Central US","Korea Central","Brazil South","West US 3","France
        Central","South Africa North","Norway East","Switzerland North","UAE North"],"apiVersions":["2022-11-01-preview"],"capabilities":"CrossResourceGroupResourceMove,
        CrossSubscriptionResourceMove, SupportsTags, SupportsLocation"},{"resourceType":"containerApps","locations":["Central
        US EUAP","East US 2 EUAP","North Central US (Stage)","Canada Central","West
        Europe","North Europe","East US","East US 2","East Asia","Australia East","Germany
        West Central","Japan East","UK South","West US","Central US","North Central
        US","South Central US","Korea Central","Brazil South","West US 3","France
        Central","South Africa North","Norway East","Switzerland North","UAE North"],"apiVersions":["2022-11-01-preview","2022-10-01","2022-06-01-preview","2022-03-01","2022-01-01-preview"],"capabilities":"CrossResourceGroupResourceMove,
        CrossSubscriptionResourceMove, SystemAssignedResourceIdentity, SupportsTags,
        SupportsLocation"},{"resourceType":"jobs","locations":["Central US EUAP","East
        US 2 EUAP","North Central US (Stage)","Canada Central","West Europe","North
        Europe","East US","East US 2","East Asia","Australia East","Germany West Central","Japan
        East","UK South","West US","Central US","North Central US","South Central
        US","Korea Central","Brazil South","West US 3","France Central","South Africa
        North","Norway East","Switzerland North","UAE North"],"apiVersions":["2022-11-01-preview"],"capabilities":"CrossResourceGroupResourceMove,
        CrossSubscriptionResourceMove, SystemAssignedResourceIdentity, SupportsTags,
        SupportsLocation"},{"resourceType":"locations","locations":[],"apiVersions":["2022-11-01-preview","2022-10-01","2022-06-01-preview","2022-03-01","2022-01-01-preview"],"capabilities":"None"},{"resourceType":"locations/managedEnvironmentOperationResults","locations":["Central
        US EUAP","East US 2 EUAP","North Central US (Stage)","Canada Central","West
        Europe","North Europe","East US","East US 2","East Asia","Australia East","Germany
        West Central","Japan East","UK South","West US","Central US","North Central
        US","South Central US","Korea Central","Brazil South","West US 3","France
        Central","South Africa North","Norway East","Switzerland North","UAE North"],"apiVersions":["2022-11-01-preview","2022-10-01","2022-06-01-preview","2022-03-01","2022-01-01-preview"],"capabilities":"None"},{"resourceType":"locations/managedEnvironmentOperationStatuses","locations":["Central
        US EUAP","East US 2 EUAP","North Central US (Stage)","Canada Central","West
        Europe","North Europe","East US","East US 2","East Asia","Australia East","Germany
        West Central","Japan East","UK South","West US","Central US","North Central
        US","South Central US","Korea Central","Brazil South","West US 3","France
        Central","South Africa North","Norway East","Switzerland North","UAE North"],"apiVersions":["2022-11-01-preview","2022-10-01","2022-06-01-preview","2022-03-01","2022-01-01-preview"],"capabilities":"None"},{"resourceType":"locations/containerappOperationResults","locations":["Central
        US EUAP","East US 2 EUAP","North Central US (Stage)","Canada Central","West
        Europe","North Europe","East US","East US 2","East Asia","Australia East","Germany
        West Central","Japan East","UK South","West US","Central US","North Central
        US","South Central US","Korea Central","Brazil South","West US 3","France
        Central","South Africa North","Norway East","Switzerland North","UAE North"],"apiVersions":["2022-11-01-preview","2022-10-01","2022-06-01-preview","2022-03-01","2022-01-01-preview"],"capabilities":"None"},{"resourceType":"locations/containerappOperationStatuses","locations":["Central
        US EUAP","East US 2 EUAP","North Central US (Stage)","Canada Central","West
        Europe","North Europe","East US","East US 2","East Asia","Australia East","Germany
        West Central","Japan East","UK South","West US","Central US","North Central
        US","South Central US","Korea Central","Brazil South","West US 3","France
        Central","South Africa North","Norway East","Switzerland North","UAE North"],"apiVersions":["2022-11-01-preview","2022-10-01","2022-06-01-preview","2022-03-01","2022-01-01-preview"],"capabilities":"None"},{"resourceType":"connectedEnvironments","locations":["Central
        US EUAP","East US 2 EUAP","North Central US (Stage)","North Central US","East
        US","East Asia","West Europe"],"apiVersions":["2022-11-01-preview","2022-10-01","2022-06-01-preview"],"capabilities":"CrossResourceGroupResourceMove,
        CrossSubscriptionResourceMove, SupportsTags, SupportsLocation"},{"resourceType":"connectedEnvironments/certificates","locations":["Central
        US EUAP","East US 2 EUAP","North Central US (Stage)","North Central US","East
        US","East Asia","West Europe"],"apiVersions":["2022-11-01-preview","2022-10-01","2022-06-01-preview"],"capabilities":"CrossResourceGroupResourceMove,
        CrossSubscriptionResourceMove, SupportsTags, SupportsLocation"},{"resourceType":"locations/connectedEnvironmentOperationStatuses","locations":["Central
        US EUAP","East US 2 EUAP","North Central US (Stage)","North Central US","East
        US","East Asia","West Europe"],"apiVersions":["2022-11-01-preview","2022-10-01","2022-06-01-preview"],"capabilities":"None"},{"resourceType":"locations/billingMeters","locations":["Central
        US EUAP","East US 2 EUAP","North Central US (Stage)","Australia East","North
        Central US","East US 2","West Europe","Central US","East US","North Europe","South
        Central US","UK South","West US 3"],"apiVersions":["2022-11-01-preview","2022-10-01","2022-06-01-preview"],"capabilities":"None"},{"resourceType":"locations/availableManagedEnvironmentsWorkloadProfileTypes","locations":["Central
        US EUAP","East US 2 EUAP","North Central US (Stage)","Australia East","North
        Central US","East US 2","West Europe","Central US","East US","North Europe","South
        Central US","UK South","West US 3"],"apiVersions":["2022-11-01-preview","2022-10-01","2022-06-01-preview"],"capabilities":"None"}],"registrationState":"Registered","registrationPolicy":"RegistrationRequired"}'
    headers:
      cache-control:
      - no-cache
      content-length:
      - '9060'
      content-type:
      - application/json; charset=utf-8
      date:
      - Mon, 20 Mar 2023 07:01:52 GMT
      expires:
      - '-1'
      pragma:
      - no-cache
      strict-transport-security:
      - max-age=31536000; includeSubDomains
      vary:
      - Accept-Encoding
      x-content-type-options:
      - nosniff
    status:
      code: 200
      message: OK
- request:
    body: null
    headers:
      Accept:
      - application/json
      Accept-Encoding:
      - gzip, deflate
      CommandName:
      - containerapp env create
      Connection:
      - keep-alive
      ParameterSetName:
      - -g -n --logs-workspace-id --logs-workspace-key
      User-Agent:
      - AZURECLI/2.46.0 azsdk-python-azure-mgmt-resource/21.1.0b1 Python/3.10.10 (Windows-10-10.0.22621-SP0)
    method: GET
    uri: https://management.azure.com/subscriptions/00000000-0000-0000-0000-000000000000/providers/Microsoft.App?api-version=2021-04-01
  response:
    body:
      string: '{"id":"/subscriptions/00000000-0000-0000-0000-000000000000/providers/Microsoft.App","namespace":"Microsoft.App","authorizations":[{"applicationId":"7e3bc4fd-85a3-4192-b177-5b8bfc87f42c","roleDefinitionId":"39a74f72-b40f-4bdc-b639-562fe2260bf0"},{"applicationId":"3734c1a4-2bed-4998-a37a-ff1a9e7bf019","roleDefinitionId":"5c779a4f-5cb2-4547-8c41-478d9be8ba90"},{"applicationId":"55ebbb62-3b9c-49fd-9b87-9595226dd4ac","roleDefinitionId":"e49ca620-7992-4561-a7df-4ed67dad77b5","managedByRoleDefinitionId":"9e3af657-a8ff-583c-a75c-2fe7c4bcb635"}],"resourceTypes":[{"resourceType":"operations","locations":["North
        Central US (Stage)","Central US EUAP","East US 2 EUAP","Canada Central","West
        Europe","North Europe","East US","East US 2","East Asia","Australia East","Germany
        West Central","Japan East","UK South","West US","Central US","North Central
        US","South Central US","Korea Central","Brazil South","West US 3","France
        Central","South Africa North","Norway East","Switzerland North","UAE North"],"apiVersions":["2022-11-01-preview","2022-10-01","2022-06-01-preview","2022-03-01","2022-01-01-preview"],"capabilities":"None"},{"resourceType":"locations/connectedEnvironmentOperationResults","locations":["North
        Central US (Stage)","North Central US","East US","East Asia","West Europe","Central
        US EUAP","East US 2 EUAP"],"apiVersions":["2022-11-01-preview","2022-10-01","2022-06-01-preview"],"capabilities":"None"},{"resourceType":"managedEnvironments","locations":["Central
        US EUAP","East US 2 EUAP","North Central US (Stage)","Canada Central","West
        Europe","North Europe","East US","East US 2","East Asia","Australia East","Germany
        West Central","Japan East","UK South","West US","Central US","North Central
        US","South Central US","Korea Central","Brazil South","West US 3","France
        Central","South Africa North","Norway East","Switzerland North","UAE North"],"apiVersions":["2022-11-01-preview","2022-10-01","2022-06-01-preview","2022-03-01","2022-01-01-preview"],"capabilities":"CrossResourceGroupResourceMove,
        CrossSubscriptionResourceMove, SupportsTags, SupportsLocation"},{"resourceType":"managedEnvironments/certificates","locations":["Central
        US EUAP","East US 2 EUAP","North Central US (Stage)","Canada Central","West
        Europe","North Europe","East US","East US 2","East Asia","Australia East","Germany
        West Central","Japan East","UK South","West US","Central US","North Central
        US","South Central US","Korea Central","Brazil South","West US 3","France
        Central","South Africa North","Norway East","Switzerland North","UAE North"],"apiVersions":["2022-11-01-preview","2022-10-01","2022-06-01-preview","2022-03-01","2022-01-01-preview"],"capabilities":"CrossResourceGroupResourceMove,
        CrossSubscriptionResourceMove, SupportsTags, SupportsLocation"},{"resourceType":"managedEnvironments/managedCertificates","locations":["Central
        US EUAP","East US 2 EUAP","North Central US (Stage)","Canada Central","West
        Europe","North Europe","East US","East US 2","East Asia","Australia East","Germany
        West Central","Japan East","UK South","West US","Central US","North Central
        US","South Central US","Korea Central","Brazil South","West US 3","France
        Central","South Africa North","Norway East","Switzerland North","UAE North"],"apiVersions":["2022-11-01-preview"],"capabilities":"CrossResourceGroupResourceMove,
        CrossSubscriptionResourceMove, SupportsTags, SupportsLocation"},{"resourceType":"containerApps","locations":["Central
        US EUAP","East US 2 EUAP","North Central US (Stage)","Canada Central","West
        Europe","North Europe","East US","East US 2","East Asia","Australia East","Germany
        West Central","Japan East","UK South","West US","Central US","North Central
        US","South Central US","Korea Central","Brazil South","West US 3","France
        Central","South Africa North","Norway East","Switzerland North","UAE North"],"apiVersions":["2022-11-01-preview","2022-10-01","2022-06-01-preview","2022-03-01","2022-01-01-preview"],"capabilities":"CrossResourceGroupResourceMove,
        CrossSubscriptionResourceMove, SystemAssignedResourceIdentity, SupportsTags,
        SupportsLocation"},{"resourceType":"jobs","locations":["Central US EUAP","East
        US 2 EUAP","North Central US (Stage)","Canada Central","West Europe","North
        Europe","East US","East US 2","East Asia","Australia East","Germany West Central","Japan
        East","UK South","West US","Central US","North Central US","South Central
        US","Korea Central","Brazil South","West US 3","France Central","South Africa
        North","Norway East","Switzerland North","UAE North"],"apiVersions":["2022-11-01-preview"],"capabilities":"CrossResourceGroupResourceMove,
        CrossSubscriptionResourceMove, SystemAssignedResourceIdentity, SupportsTags,
        SupportsLocation"},{"resourceType":"locations","locations":[],"apiVersions":["2022-11-01-preview","2022-10-01","2022-06-01-preview","2022-03-01","2022-01-01-preview"],"capabilities":"None"},{"resourceType":"locations/managedEnvironmentOperationResults","locations":["Central
        US EUAP","East US 2 EUAP","North Central US (Stage)","Canada Central","West
        Europe","North Europe","East US","East US 2","East Asia","Australia East","Germany
        West Central","Japan East","UK South","West US","Central US","North Central
        US","South Central US","Korea Central","Brazil South","West US 3","France
        Central","South Africa North","Norway East","Switzerland North","UAE North"],"apiVersions":["2022-11-01-preview","2022-10-01","2022-06-01-preview","2022-03-01","2022-01-01-preview"],"capabilities":"None"},{"resourceType":"locations/managedEnvironmentOperationStatuses","locations":["Central
        US EUAP","East US 2 EUAP","North Central US (Stage)","Canada Central","West
        Europe","North Europe","East US","East US 2","East Asia","Australia East","Germany
        West Central","Japan East","UK South","West US","Central US","North Central
        US","South Central US","Korea Central","Brazil South","West US 3","France
        Central","South Africa North","Norway East","Switzerland North","UAE North"],"apiVersions":["2022-11-01-preview","2022-10-01","2022-06-01-preview","2022-03-01","2022-01-01-preview"],"capabilities":"None"},{"resourceType":"locations/containerappOperationResults","locations":["Central
        US EUAP","East US 2 EUAP","North Central US (Stage)","Canada Central","West
        Europe","North Europe","East US","East US 2","East Asia","Australia East","Germany
        West Central","Japan East","UK South","West US","Central US","North Central
        US","South Central US","Korea Central","Brazil South","West US 3","France
        Central","South Africa North","Norway East","Switzerland North","UAE North"],"apiVersions":["2022-11-01-preview","2022-10-01","2022-06-01-preview","2022-03-01","2022-01-01-preview"],"capabilities":"None"},{"resourceType":"locations/containerappOperationStatuses","locations":["Central
        US EUAP","East US 2 EUAP","North Central US (Stage)","Canada Central","West
        Europe","North Europe","East US","East US 2","East Asia","Australia East","Germany
        West Central","Japan East","UK South","West US","Central US","North Central
        US","South Central US","Korea Central","Brazil South","West US 3","France
        Central","South Africa North","Norway East","Switzerland North","UAE North"],"apiVersions":["2022-11-01-preview","2022-10-01","2022-06-01-preview","2022-03-01","2022-01-01-preview"],"capabilities":"None"},{"resourceType":"connectedEnvironments","locations":["Central
        US EUAP","East US 2 EUAP","North Central US (Stage)","North Central US","East
        US","East Asia","West Europe"],"apiVersions":["2022-11-01-preview","2022-10-01","2022-06-01-preview"],"capabilities":"CrossResourceGroupResourceMove,
        CrossSubscriptionResourceMove, SupportsTags, SupportsLocation"},{"resourceType":"connectedEnvironments/certificates","locations":["Central
        US EUAP","East US 2 EUAP","North Central US (Stage)","North Central US","East
        US","East Asia","West Europe"],"apiVersions":["2022-11-01-preview","2022-10-01","2022-06-01-preview"],"capabilities":"CrossResourceGroupResourceMove,
        CrossSubscriptionResourceMove, SupportsTags, SupportsLocation"},{"resourceType":"locations/connectedEnvironmentOperationStatuses","locations":["Central
        US EUAP","East US 2 EUAP","North Central US (Stage)","North Central US","East
        US","East Asia","West Europe"],"apiVersions":["2022-11-01-preview","2022-10-01","2022-06-01-preview"],"capabilities":"None"},{"resourceType":"locations/billingMeters","locations":["Central
        US EUAP","East US 2 EUAP","North Central US (Stage)","Australia East","North
        Central US","East US 2","West Europe","Central US","East US","North Europe","South
        Central US","UK South","West US 3"],"apiVersions":["2022-11-01-preview","2022-10-01","2022-06-01-preview"],"capabilities":"None"},{"resourceType":"locations/availableManagedEnvironmentsWorkloadProfileTypes","locations":["Central
        US EUAP","East US 2 EUAP","North Central US (Stage)","Australia East","North
        Central US","East US 2","West Europe","Central US","East US","North Europe","South
        Central US","UK South","West US 3"],"apiVersions":["2022-11-01-preview","2022-10-01","2022-06-01-preview"],"capabilities":"None"}],"registrationState":"Registered","registrationPolicy":"RegistrationRequired"}'
    headers:
      cache-control:
      - no-cache
      content-length:
      - '9060'
      content-type:
      - application/json; charset=utf-8
      date:
      - Mon, 20 Mar 2023 07:01:53 GMT
      expires:
      - '-1'
      pragma:
      - no-cache
      strict-transport-security:
      - max-age=31536000; includeSubDomains
      vary:
      - Accept-Encoding
      x-content-type-options:
      - nosniff
    status:
      code: 200
      message: OK
- request:
    body: '{"location": "westeurope", "tags": null, "sku": {"name": "Consumption"},
      "properties": {"daprAIInstrumentationKey": null, "vnetConfiguration": null,
      "appLogsConfiguration": {"destination": "log-analytics", "logAnalyticsConfiguration":
      {"customerId": "e11a3bf1-20b7-46d1-a6cf-369ffbacc71f", "sharedKey": "z9RC0m2m4MoBEIBANMWiavGk2YsmO9YuOoz7cbXUKncrjqkqam7baGjzLv0fD1w01bX1wVJOpsNreCI4404+IA=="}},
      "customDomainConfiguration": null, "zoneRedundant": false}}'
    headers:
      Accept:
      - '*/*'
      Accept-Encoding:
      - gzip, deflate
      CommandName:
      - containerapp env create
      Connection:
      - keep-alive
      Content-Length:
      - '456'
      Content-Type:
      - application/json
      ParameterSetName:
      - -g -n --logs-workspace-id --logs-workspace-key
      User-Agent:
      - python/3.10.10 (Windows-10-10.0.22621-SP0) AZURECLI/2.46.0
    method: PUT
    uri: https://management.azure.com/subscriptions/00000000-0000-0000-0000-000000000000/resourceGroups/clitest.rg000001/providers/Microsoft.App/managedEnvironments/env000002?api-version=2022-10-01
  response:
    body:
      string: '{"id":"/subscriptions/00000000-0000-0000-0000-000000000000/resourceGroups/clitest.rg000001/providers/Microsoft.App/managedEnvironments/env000002","name":"env000002","type":"Microsoft.App/managedEnvironments","location":"westeurope","systemData":{"createdBy":"xinyupang@microsoft.com","createdByType":"User","createdAt":"2023-03-20T07:01:56.673038Z","lastModifiedBy":"xinyupang@microsoft.com","lastModifiedByType":"User","lastModifiedAt":"2023-03-20T07:01:56.673038Z"},"properties":{"provisioningState":"Waiting","defaultDomain":"happyocean-0fd73bed.westeurope.azurecontainerapps.io","staticIp":"20.31.151.250","appLogsConfiguration":{"destination":"log-analytics","logAnalyticsConfiguration":{"customerId":"e11a3bf1-20b7-46d1-a6cf-369ffbacc71f"}},"zoneRedundant":false,"eventStreamEndpoint":"https://westeurope.azurecontainerapps.dev/subscriptions/00000000-0000-0000-0000-000000000000/resourceGroups/clitest.rg000001/managedEnvironments/env000002/eventstream","customDomainConfiguration":{"customDomainVerificationId":"D3F71C85EB6552E36A89A3E4A080C3CFB00181670B659B0003264FC673AA9B00"}}}'
    headers:
      api-supported-versions:
      - 2022-01-01-preview, 2022-03-01, 2022-06-01-preview, 2022-10-01, 2022-11-01-preview,
        2023-02-01
      azure-asyncoperation:
      - https://management.azure.com/subscriptions/00000000-0000-0000-0000-000000000000/providers/Microsoft.App/locations/westeurope/managedEnvironmentOperationStatuses/b9377daf-cd9f-4d11-96af-d67203082a4e?api-version=2022-10-01&azureAsyncOperation=true
      cache-control:
      - no-cache
      content-length:
      - '1087'
      content-type:
      - application/json; charset=utf-8
      date:
      - Mon, 20 Mar 2023 07:01:59 GMT
      expires:
      - '-1'
      pragma:
      - no-cache
      server:
      - Microsoft-IIS/10.0
      strict-transport-security:
      - max-age=31536000; includeSubDomains
      x-content-type-options:
      - nosniff
      x-ms-async-operation-timeout:
      - PT15M
      x-ms-ratelimit-remaining-subscription-resource-requests:
      - '99'
      x-powered-by:
      - ASP.NET
    status:
      code: 201
      message: Created
- request:
    body: null
    headers:
      Accept:
      - '*/*'
      Accept-Encoding:
      - gzip, deflate
      CommandName:
      - containerapp env create
      Connection:
      - keep-alive
      ParameterSetName:
      - -g -n --logs-workspace-id --logs-workspace-key
      User-Agent:
      - python/3.10.10 (Windows-10-10.0.22621-SP0) AZURECLI/2.46.0
    method: GET
    uri: https://management.azure.com/subscriptions/00000000-0000-0000-0000-000000000000/providers/Microsoft.App/locations/westeurope/managedEnvironmentOperationStatuses/b9377daf-cd9f-4d11-96af-d67203082a4e?api-version=2022-10-01&azureAsyncOperation=true
  response:
    body:
      string: '{"id":"/subscriptions/00000000-0000-0000-0000-000000000000/providers/Microsoft.App/locations/westeurope/managedEnvironmentOperationStatuses/b9377daf-cd9f-4d11-96af-d67203082a4e","name":"b9377daf-cd9f-4d11-96af-d67203082a4e","status":"InProgress","startTime":"2023-03-20T07:01:58.944244"}'
    headers:
      api-supported-versions:
      - 2022-01-01-preview, 2022-03-01, 2022-06-01-preview, 2022-10-01, 2022-11-01-preview,
        2023-02-01
      cache-control:
      - no-cache
      content-length:
      - '287'
      content-type:
      - application/json; charset=utf-8
      date:
      - Mon, 20 Mar 2023 07:02:01 GMT
      expires:
      - '-1'
      pragma:
      - no-cache
      server:
      - Microsoft-IIS/10.0
      strict-transport-security:
      - max-age=31536000; includeSubDomains
      transfer-encoding:
      - chunked
      vary:
      - Accept-Encoding,Accept-Encoding
      x-content-type-options:
      - nosniff
      x-powered-by:
      - ASP.NET
    status:
      code: 200
      message: OK
- request:
    body: null
    headers:
      Accept:
      - '*/*'
      Accept-Encoding:
      - gzip, deflate
      CommandName:
      - containerapp env create
      Connection:
      - keep-alive
      ParameterSetName:
      - -g -n --logs-workspace-id --logs-workspace-key
      User-Agent:
      - python/3.10.10 (Windows-10-10.0.22621-SP0) AZURECLI/2.46.0
    method: GET
    uri: https://management.azure.com/subscriptions/00000000-0000-0000-0000-000000000000/providers/Microsoft.App/locations/westeurope/managedEnvironmentOperationStatuses/b9377daf-cd9f-4d11-96af-d67203082a4e?api-version=2022-10-01&azureAsyncOperation=true
  response:
    body:
      string: '{"id":"/subscriptions/00000000-0000-0000-0000-000000000000/providers/Microsoft.App/locations/westeurope/managedEnvironmentOperationStatuses/b9377daf-cd9f-4d11-96af-d67203082a4e","name":"b9377daf-cd9f-4d11-96af-d67203082a4e","status":"InProgress","startTime":"2023-03-20T07:01:58.944244"}'
    headers:
      api-supported-versions:
      - 2022-01-01-preview, 2022-03-01, 2022-06-01-preview, 2022-10-01, 2022-11-01-preview,
        2023-02-01
      cache-control:
      - no-cache
      content-length:
      - '287'
      content-type:
      - application/json; charset=utf-8
      date:
      - Mon, 20 Mar 2023 07:02:04 GMT
      expires:
      - '-1'
      pragma:
      - no-cache
      server:
      - Microsoft-IIS/10.0
      strict-transport-security:
      - max-age=31536000; includeSubDomains
      transfer-encoding:
      - chunked
      vary:
      - Accept-Encoding,Accept-Encoding
      x-content-type-options:
      - nosniff
      x-powered-by:
      - ASP.NET
    status:
      code: 200
      message: OK
- request:
    body: null
    headers:
      Accept:
      - '*/*'
      Accept-Encoding:
      - gzip, deflate
      CommandName:
      - containerapp env create
      Connection:
      - keep-alive
      ParameterSetName:
      - -g -n --logs-workspace-id --logs-workspace-key
      User-Agent:
      - python/3.10.10 (Windows-10-10.0.22621-SP0) AZURECLI/2.46.0
    method: GET
    uri: https://management.azure.com/subscriptions/00000000-0000-0000-0000-000000000000/providers/Microsoft.App/locations/westeurope/managedEnvironmentOperationStatuses/b9377daf-cd9f-4d11-96af-d67203082a4e?api-version=2022-10-01&azureAsyncOperation=true
  response:
    body:
      string: '{"id":"/subscriptions/00000000-0000-0000-0000-000000000000/providers/Microsoft.App/locations/westeurope/managedEnvironmentOperationStatuses/b9377daf-cd9f-4d11-96af-d67203082a4e","name":"b9377daf-cd9f-4d11-96af-d67203082a4e","status":"InProgress","startTime":"2023-03-20T07:01:58.944244"}'
    headers:
      api-supported-versions:
      - 2022-01-01-preview, 2022-03-01, 2022-06-01-preview, 2022-10-01, 2022-11-01-preview,
        2023-02-01
      cache-control:
      - no-cache
      content-length:
      - '287'
      content-type:
      - application/json; charset=utf-8
      date:
      - Mon, 20 Mar 2023 07:02:08 GMT
      expires:
      - '-1'
      pragma:
      - no-cache
      server:
      - Microsoft-IIS/10.0
      strict-transport-security:
      - max-age=31536000; includeSubDomains
      transfer-encoding:
      - chunked
      vary:
      - Accept-Encoding,Accept-Encoding
      x-content-type-options:
      - nosniff
      x-powered-by:
      - ASP.NET
    status:
      code: 200
      message: OK
- request:
    body: null
    headers:
      Accept:
      - '*/*'
      Accept-Encoding:
      - gzip, deflate
      CommandName:
      - containerapp env create
      Connection:
      - keep-alive
      ParameterSetName:
      - -g -n --logs-workspace-id --logs-workspace-key
      User-Agent:
      - python/3.10.10 (Windows-10-10.0.22621-SP0) AZURECLI/2.46.0
    method: GET
    uri: https://management.azure.com/subscriptions/00000000-0000-0000-0000-000000000000/providers/Microsoft.App/locations/westeurope/managedEnvironmentOperationStatuses/b9377daf-cd9f-4d11-96af-d67203082a4e?api-version=2022-10-01&azureAsyncOperation=true
  response:
    body:
      string: '{"id":"/subscriptions/00000000-0000-0000-0000-000000000000/providers/Microsoft.App/locations/westeurope/managedEnvironmentOperationStatuses/b9377daf-cd9f-4d11-96af-d67203082a4e","name":"b9377daf-cd9f-4d11-96af-d67203082a4e","status":"Succeeded","startTime":"2023-03-20T07:01:58.944244"}'
    headers:
      api-supported-versions:
      - 2022-01-01-preview, 2022-03-01, 2022-06-01-preview, 2022-10-01, 2022-11-01-preview,
        2023-02-01
      cache-control:
      - no-cache
      content-length:
      - '286'
      content-type:
      - application/json; charset=utf-8
      date:
      - Mon, 20 Mar 2023 07:02:11 GMT
      expires:
      - '-1'
      pragma:
      - no-cache
      server:
      - Microsoft-IIS/10.0
      strict-transport-security:
      - max-age=31536000; includeSubDomains
      transfer-encoding:
      - chunked
      vary:
      - Accept-Encoding,Accept-Encoding
      x-content-type-options:
      - nosniff
      x-powered-by:
      - ASP.NET
    status:
      code: 200
      message: OK
- request:
    body: null
    headers:
      Accept:
      - '*/*'
      Accept-Encoding:
      - gzip, deflate
      CommandName:
      - containerapp env create
      Connection:
      - keep-alive
      ParameterSetName:
      - -g -n --logs-workspace-id --logs-workspace-key
      User-Agent:
      - python/3.10.10 (Windows-10-10.0.22621-SP0) AZURECLI/2.46.0
    method: GET
    uri: https://management.azure.com/subscriptions/00000000-0000-0000-0000-000000000000/resourceGroups/clitest.rg000001/providers/Microsoft.App/managedEnvironments/env000002?api-version=2022-10-01
  response:
    body:
      string: '{"id":"/subscriptions/00000000-0000-0000-0000-000000000000/resourceGroups/clitest.rg000001/providers/Microsoft.App/managedEnvironments/env000002","name":"env000002","type":"Microsoft.App/managedEnvironments","location":"westeurope","systemData":{"createdBy":"xinyupang@microsoft.com","createdByType":"User","createdAt":"2023-03-20T07:01:56.673038","lastModifiedBy":"xinyupang@microsoft.com","lastModifiedByType":"User","lastModifiedAt":"2023-03-20T07:01:56.673038"},"properties":{"provisioningState":"Succeeded","defaultDomain":"happyocean-0fd73bed.westeurope.azurecontainerapps.io","staticIp":"20.31.151.250","appLogsConfiguration":{"destination":"log-analytics","logAnalyticsConfiguration":{"customerId":"e11a3bf1-20b7-46d1-a6cf-369ffbacc71f"}},"zoneRedundant":false,"eventStreamEndpoint":"https://westeurope.azurecontainerapps.dev/subscriptions/00000000-0000-0000-0000-000000000000/resourceGroups/clitest.rg000001/managedEnvironments/env000002/eventstream","customDomainConfiguration":{"customDomainVerificationId":"D3F71C85EB6552E36A89A3E4A080C3CFB00181670B659B0003264FC673AA9B00"}}}'
    headers:
      api-supported-versions:
      - 2022-01-01-preview, 2022-03-01, 2022-06-01-preview, 2022-10-01, 2022-11-01-preview,
        2023-02-01
      cache-control:
      - no-cache
      content-length:
      - '1087'
      content-type:
      - application/json; charset=utf-8
      date:
      - Mon, 20 Mar 2023 07:02:14 GMT
      expires:
      - '-1'
      pragma:
      - no-cache
      server:
      - Microsoft-IIS/10.0
      strict-transport-security:
      - max-age=31536000; includeSubDomains
      transfer-encoding:
      - chunked
      vary:
      - Accept-Encoding,Accept-Encoding
      x-content-type-options:
      - nosniff
      x-powered-by:
      - ASP.NET
    status:
      code: 200
      message: OK
- request:
    body: null
    headers:
      Accept:
      - application/json
      Accept-Encoding:
      - gzip, deflate
      CommandName:
      - containerapp env show
      Connection:
      - keep-alive
      ParameterSetName:
      - -g -n
      User-Agent:
      - AZURECLI/2.46.0 azsdk-python-azure-mgmt-resource/21.1.0b1 Python/3.10.10 (Windows-10-10.0.22621-SP0)
    method: GET
    uri: https://management.azure.com/subscriptions/00000000-0000-0000-0000-000000000000/providers/Microsoft.App?api-version=2021-04-01
  response:
    body:
      string: '{"id":"/subscriptions/00000000-0000-0000-0000-000000000000/providers/Microsoft.App","namespace":"Microsoft.App","authorizations":[{"applicationId":"7e3bc4fd-85a3-4192-b177-5b8bfc87f42c","roleDefinitionId":"39a74f72-b40f-4bdc-b639-562fe2260bf0"},{"applicationId":"3734c1a4-2bed-4998-a37a-ff1a9e7bf019","roleDefinitionId":"5c779a4f-5cb2-4547-8c41-478d9be8ba90"},{"applicationId":"55ebbb62-3b9c-49fd-9b87-9595226dd4ac","roleDefinitionId":"e49ca620-7992-4561-a7df-4ed67dad77b5","managedByRoleDefinitionId":"9e3af657-a8ff-583c-a75c-2fe7c4bcb635"}],"resourceTypes":[{"resourceType":"operations","locations":["North
        Central US (Stage)","Central US EUAP","East US 2 EUAP","Canada Central","West
        Europe","North Europe","East US","East US 2","East Asia","Australia East","Germany
        West Central","Japan East","UK South","West US","Central US","North Central
        US","South Central US","Korea Central","Brazil South","West US 3","France
        Central","South Africa North","Norway East","Switzerland North","UAE North"],"apiVersions":["2022-11-01-preview","2022-10-01","2022-06-01-preview","2022-03-01","2022-01-01-preview"],"capabilities":"None"},{"resourceType":"locations/connectedEnvironmentOperationResults","locations":["North
        Central US (Stage)","North Central US","East US","East Asia","West Europe","Central
        US EUAP","East US 2 EUAP"],"apiVersions":["2022-11-01-preview","2022-10-01","2022-06-01-preview"],"capabilities":"None"},{"resourceType":"managedEnvironments","locations":["Central
        US EUAP","East US 2 EUAP","North Central US (Stage)","Canada Central","West
        Europe","North Europe","East US","East US 2","East Asia","Australia East","Germany
        West Central","Japan East","UK South","West US","Central US","North Central
        US","South Central US","Korea Central","Brazil South","West US 3","France
        Central","South Africa North","Norway East","Switzerland North","UAE North"],"apiVersions":["2022-11-01-preview","2022-10-01","2022-06-01-preview","2022-03-01","2022-01-01-preview"],"capabilities":"CrossResourceGroupResourceMove,
        CrossSubscriptionResourceMove, SupportsTags, SupportsLocation"},{"resourceType":"managedEnvironments/certificates","locations":["Central
        US EUAP","East US 2 EUAP","North Central US (Stage)","Canada Central","West
        Europe","North Europe","East US","East US 2","East Asia","Australia East","Germany
        West Central","Japan East","UK South","West US","Central US","North Central
        US","South Central US","Korea Central","Brazil South","West US 3","France
        Central","South Africa North","Norway East","Switzerland North","UAE North"],"apiVersions":["2022-11-01-preview","2022-10-01","2022-06-01-preview","2022-03-01","2022-01-01-preview"],"capabilities":"CrossResourceGroupResourceMove,
        CrossSubscriptionResourceMove, SupportsTags, SupportsLocation"},{"resourceType":"managedEnvironments/managedCertificates","locations":["Central
        US EUAP","East US 2 EUAP","North Central US (Stage)","Canada Central","West
        Europe","North Europe","East US","East US 2","East Asia","Australia East","Germany
        West Central","Japan East","UK South","West US","Central US","North Central
        US","South Central US","Korea Central","Brazil South","West US 3","France
        Central","South Africa North","Norway East","Switzerland North","UAE North"],"apiVersions":["2022-11-01-preview"],"capabilities":"CrossResourceGroupResourceMove,
        CrossSubscriptionResourceMove, SupportsTags, SupportsLocation"},{"resourceType":"containerApps","locations":["Central
        US EUAP","East US 2 EUAP","North Central US (Stage)","Canada Central","West
        Europe","North Europe","East US","East US 2","East Asia","Australia East","Germany
        West Central","Japan East","UK South","West US","Central US","North Central
        US","South Central US","Korea Central","Brazil South","West US 3","France
        Central","South Africa North","Norway East","Switzerland North","UAE North"],"apiVersions":["2022-11-01-preview","2022-10-01","2022-06-01-preview","2022-03-01","2022-01-01-preview"],"capabilities":"CrossResourceGroupResourceMove,
        CrossSubscriptionResourceMove, SystemAssignedResourceIdentity, SupportsTags,
        SupportsLocation"},{"resourceType":"jobs","locations":["Central US EUAP","East
        US 2 EUAP","North Central US (Stage)","Canada Central","West Europe","North
        Europe","East US","East US 2","East Asia","Australia East","Germany West Central","Japan
        East","UK South","West US","Central US","North Central US","South Central
        US","Korea Central","Brazil South","West US 3","France Central","South Africa
        North","Norway East","Switzerland North","UAE North"],"apiVersions":["2022-11-01-preview"],"capabilities":"CrossResourceGroupResourceMove,
        CrossSubscriptionResourceMove, SystemAssignedResourceIdentity, SupportsTags,
        SupportsLocation"},{"resourceType":"locations","locations":[],"apiVersions":["2022-11-01-preview","2022-10-01","2022-06-01-preview","2022-03-01","2022-01-01-preview"],"capabilities":"None"},{"resourceType":"locations/managedEnvironmentOperationResults","locations":["Central
        US EUAP","East US 2 EUAP","North Central US (Stage)","Canada Central","West
        Europe","North Europe","East US","East US 2","East Asia","Australia East","Germany
        West Central","Japan East","UK South","West US","Central US","North Central
        US","South Central US","Korea Central","Brazil South","West US 3","France
        Central","South Africa North","Norway East","Switzerland North","UAE North"],"apiVersions":["2022-11-01-preview","2022-10-01","2022-06-01-preview","2022-03-01","2022-01-01-preview"],"capabilities":"None"},{"resourceType":"locations/managedEnvironmentOperationStatuses","locations":["Central
        US EUAP","East US 2 EUAP","North Central US (Stage)","Canada Central","West
        Europe","North Europe","East US","East US 2","East Asia","Australia East","Germany
        West Central","Japan East","UK South","West US","Central US","North Central
        US","South Central US","Korea Central","Brazil South","West US 3","France
        Central","South Africa North","Norway East","Switzerland North","UAE North"],"apiVersions":["2022-11-01-preview","2022-10-01","2022-06-01-preview","2022-03-01","2022-01-01-preview"],"capabilities":"None"},{"resourceType":"locations/containerappOperationResults","locations":["Central
        US EUAP","East US 2 EUAP","North Central US (Stage)","Canada Central","West
        Europe","North Europe","East US","East US 2","East Asia","Australia East","Germany
        West Central","Japan East","UK South","West US","Central US","North Central
        US","South Central US","Korea Central","Brazil South","West US 3","France
        Central","South Africa North","Norway East","Switzerland North","UAE North"],"apiVersions":["2022-11-01-preview","2022-10-01","2022-06-01-preview","2022-03-01","2022-01-01-preview"],"capabilities":"None"},{"resourceType":"locations/containerappOperationStatuses","locations":["Central
        US EUAP","East US 2 EUAP","North Central US (Stage)","Canada Central","West
        Europe","North Europe","East US","East US 2","East Asia","Australia East","Germany
        West Central","Japan East","UK South","West US","Central US","North Central
        US","South Central US","Korea Central","Brazil South","West US 3","France
        Central","South Africa North","Norway East","Switzerland North","UAE North"],"apiVersions":["2022-11-01-preview","2022-10-01","2022-06-01-preview","2022-03-01","2022-01-01-preview"],"capabilities":"None"},{"resourceType":"connectedEnvironments","locations":["Central
        US EUAP","East US 2 EUAP","North Central US (Stage)","North Central US","East
        US","East Asia","West Europe"],"apiVersions":["2022-11-01-preview","2022-10-01","2022-06-01-preview"],"capabilities":"CrossResourceGroupResourceMove,
        CrossSubscriptionResourceMove, SupportsTags, SupportsLocation"},{"resourceType":"connectedEnvironments/certificates","locations":["Central
        US EUAP","East US 2 EUAP","North Central US (Stage)","North Central US","East
        US","East Asia","West Europe"],"apiVersions":["2022-11-01-preview","2022-10-01","2022-06-01-preview"],"capabilities":"CrossResourceGroupResourceMove,
        CrossSubscriptionResourceMove, SupportsTags, SupportsLocation"},{"resourceType":"locations/connectedEnvironmentOperationStatuses","locations":["Central
        US EUAP","East US 2 EUAP","North Central US (Stage)","North Central US","East
        US","East Asia","West Europe"],"apiVersions":["2022-11-01-preview","2022-10-01","2022-06-01-preview"],"capabilities":"None"},{"resourceType":"locations/billingMeters","locations":["Central
        US EUAP","East US 2 EUAP","North Central US (Stage)","Australia East","North
        Central US","East US 2","West Europe","Central US","East US","North Europe","South
        Central US","UK South","West US 3"],"apiVersions":["2022-11-01-preview","2022-10-01","2022-06-01-preview"],"capabilities":"None"},{"resourceType":"locations/availableManagedEnvironmentsWorkloadProfileTypes","locations":["Central
        US EUAP","East US 2 EUAP","North Central US (Stage)","Australia East","North
        Central US","East US 2","West Europe","Central US","East US","North Europe","South
        Central US","UK South","West US 3"],"apiVersions":["2022-11-01-preview","2022-10-01","2022-06-01-preview"],"capabilities":"None"}],"registrationState":"Registered","registrationPolicy":"RegistrationRequired"}'
    headers:
      cache-control:
      - no-cache
      content-length:
      - '9060'
      content-type:
      - application/json; charset=utf-8
      date:
      - Mon, 20 Mar 2023 07:02:14 GMT
      expires:
      - '-1'
      pragma:
      - no-cache
      strict-transport-security:
      - max-age=31536000; includeSubDomains
      vary:
      - Accept-Encoding
      x-content-type-options:
      - nosniff
    status:
      code: 200
      message: OK
- request:
    body: null
    headers:
      Accept:
      - '*/*'
      Accept-Encoding:
      - gzip, deflate
      CommandName:
      - containerapp env show
      Connection:
      - keep-alive
      ParameterSetName:
      - -g -n
      User-Agent:
      - python/3.10.10 (Windows-10-10.0.22621-SP0) AZURECLI/2.46.0
    method: GET
    uri: https://management.azure.com/subscriptions/00000000-0000-0000-0000-000000000000/resourceGroups/clitest.rg000001/providers/Microsoft.App/managedEnvironments/env000002?api-version=2022-10-01
  response:
    body:
      string: '{"id":"/subscriptions/00000000-0000-0000-0000-000000000000/resourceGroups/clitest.rg000001/providers/Microsoft.App/managedEnvironments/env000002","name":"env000002","type":"Microsoft.App/managedEnvironments","location":"westeurope","systemData":{"createdBy":"xinyupang@microsoft.com","createdByType":"User","createdAt":"2023-03-20T07:01:56.673038","lastModifiedBy":"xinyupang@microsoft.com","lastModifiedByType":"User","lastModifiedAt":"2023-03-20T07:01:56.673038"},"properties":{"provisioningState":"Succeeded","defaultDomain":"happyocean-0fd73bed.westeurope.azurecontainerapps.io","staticIp":"20.31.151.250","appLogsConfiguration":{"destination":"log-analytics","logAnalyticsConfiguration":{"customerId":"e11a3bf1-20b7-46d1-a6cf-369ffbacc71f"}},"zoneRedundant":false,"eventStreamEndpoint":"https://westeurope.azurecontainerapps.dev/subscriptions/00000000-0000-0000-0000-000000000000/resourceGroups/clitest.rg000001/managedEnvironments/env000002/eventstream","customDomainConfiguration":{"customDomainVerificationId":"D3F71C85EB6552E36A89A3E4A080C3CFB00181670B659B0003264FC673AA9B00"}}}'
    headers:
      api-supported-versions:
      - 2022-01-01-preview, 2022-03-01, 2022-06-01-preview, 2022-10-01, 2022-11-01-preview,
        2023-02-01
      cache-control:
      - no-cache
      content-length:
      - '1087'
      content-type:
      - application/json; charset=utf-8
      date:
      - Mon, 20 Mar 2023 07:02:16 GMT
      expires:
      - '-1'
      pragma:
      - no-cache
      server:
      - Microsoft-IIS/10.0
      strict-transport-security:
      - max-age=31536000; includeSubDomains
      transfer-encoding:
      - chunked
      vary:
      - Accept-Encoding,Accept-Encoding
      x-content-type-options:
      - nosniff
      x-powered-by:
      - ASP.NET
    status:
      code: 200
      message: OK
- request:
    body: null
    headers:
      Accept:
      - application/json
      Accept-Encoding:
      - gzip, deflate
      CommandName:
      - containerapp env show
      Connection:
      - keep-alive
      ParameterSetName:
      - -g -n
      User-Agent:
      - AZURECLI/2.46.0 azsdk-python-azure-mgmt-resource/21.1.0b1 Python/3.10.10 (Windows-10-10.0.22621-SP0)
    method: GET
    uri: https://management.azure.com/subscriptions/00000000-0000-0000-0000-000000000000/providers/Microsoft.App?api-version=2021-04-01
  response:
    body:
      string: '{"id":"/subscriptions/00000000-0000-0000-0000-000000000000/providers/Microsoft.App","namespace":"Microsoft.App","authorizations":[{"applicationId":"7e3bc4fd-85a3-4192-b177-5b8bfc87f42c","roleDefinitionId":"39a74f72-b40f-4bdc-b639-562fe2260bf0"},{"applicationId":"3734c1a4-2bed-4998-a37a-ff1a9e7bf019","roleDefinitionId":"5c779a4f-5cb2-4547-8c41-478d9be8ba90"},{"applicationId":"55ebbb62-3b9c-49fd-9b87-9595226dd4ac","roleDefinitionId":"e49ca620-7992-4561-a7df-4ed67dad77b5","managedByRoleDefinitionId":"9e3af657-a8ff-583c-a75c-2fe7c4bcb635"}],"resourceTypes":[{"resourceType":"operations","locations":["North
        Central US (Stage)","Central US EUAP","East US 2 EUAP","Canada Central","West
        Europe","North Europe","East US","East US 2","East Asia","Australia East","Germany
        West Central","Japan East","UK South","West US","Central US","North Central
        US","South Central US","Korea Central","Brazil South","West US 3","France
        Central","South Africa North","Norway East","Switzerland North","UAE North"],"apiVersions":["2022-11-01-preview","2022-10-01","2022-06-01-preview","2022-03-01","2022-01-01-preview"],"capabilities":"None"},{"resourceType":"locations/connectedEnvironmentOperationResults","locations":["North
        Central US (Stage)","North Central US","East US","East Asia","West Europe","Central
        US EUAP","East US 2 EUAP"],"apiVersions":["2022-11-01-preview","2022-10-01","2022-06-01-preview"],"capabilities":"None"},{"resourceType":"managedEnvironments","locations":["Central
        US EUAP","East US 2 EUAP","North Central US (Stage)","Canada Central","West
        Europe","North Europe","East US","East US 2","East Asia","Australia East","Germany
        West Central","Japan East","UK South","West US","Central US","North Central
        US","South Central US","Korea Central","Brazil South","West US 3","France
        Central","South Africa North","Norway East","Switzerland North","UAE North"],"apiVersions":["2022-11-01-preview","2022-10-01","2022-06-01-preview","2022-03-01","2022-01-01-preview"],"capabilities":"CrossResourceGroupResourceMove,
        CrossSubscriptionResourceMove, SupportsTags, SupportsLocation"},{"resourceType":"managedEnvironments/certificates","locations":["Central
        US EUAP","East US 2 EUAP","North Central US (Stage)","Canada Central","West
        Europe","North Europe","East US","East US 2","East Asia","Australia East","Germany
        West Central","Japan East","UK South","West US","Central US","North Central
        US","South Central US","Korea Central","Brazil South","West US 3","France
        Central","South Africa North","Norway East","Switzerland North","UAE North"],"apiVersions":["2022-11-01-preview","2022-10-01","2022-06-01-preview","2022-03-01","2022-01-01-preview"],"capabilities":"CrossResourceGroupResourceMove,
        CrossSubscriptionResourceMove, SupportsTags, SupportsLocation"},{"resourceType":"managedEnvironments/managedCertificates","locations":["Central
        US EUAP","East US 2 EUAP","North Central US (Stage)","Canada Central","West
        Europe","North Europe","East US","East US 2","East Asia","Australia East","Germany
        West Central","Japan East","UK South","West US","Central US","North Central
        US","South Central US","Korea Central","Brazil South","West US 3","France
        Central","South Africa North","Norway East","Switzerland North","UAE North"],"apiVersions":["2022-11-01-preview"],"capabilities":"CrossResourceGroupResourceMove,
        CrossSubscriptionResourceMove, SupportsTags, SupportsLocation"},{"resourceType":"containerApps","locations":["Central
        US EUAP","East US 2 EUAP","North Central US (Stage)","Canada Central","West
        Europe","North Europe","East US","East US 2","East Asia","Australia East","Germany
        West Central","Japan East","UK South","West US","Central US","North Central
        US","South Central US","Korea Central","Brazil South","West US 3","France
        Central","South Africa North","Norway East","Switzerland North","UAE North"],"apiVersions":["2022-11-01-preview","2022-10-01","2022-06-01-preview","2022-03-01","2022-01-01-preview"],"capabilities":"CrossResourceGroupResourceMove,
        CrossSubscriptionResourceMove, SystemAssignedResourceIdentity, SupportsTags,
        SupportsLocation"},{"resourceType":"jobs","locations":["Central US EUAP","East
        US 2 EUAP","North Central US (Stage)","Canada Central","West Europe","North
        Europe","East US","East US 2","East Asia","Australia East","Germany West Central","Japan
        East","UK South","West US","Central US","North Central US","South Central
        US","Korea Central","Brazil South","West US 3","France Central","South Africa
        North","Norway East","Switzerland North","UAE North"],"apiVersions":["2022-11-01-preview"],"capabilities":"CrossResourceGroupResourceMove,
        CrossSubscriptionResourceMove, SystemAssignedResourceIdentity, SupportsTags,
        SupportsLocation"},{"resourceType":"locations","locations":[],"apiVersions":["2022-11-01-preview","2022-10-01","2022-06-01-preview","2022-03-01","2022-01-01-preview"],"capabilities":"None"},{"resourceType":"locations/managedEnvironmentOperationResults","locations":["Central
        US EUAP","East US 2 EUAP","North Central US (Stage)","Canada Central","West
        Europe","North Europe","East US","East US 2","East Asia","Australia East","Germany
        West Central","Japan East","UK South","West US","Central US","North Central
        US","South Central US","Korea Central","Brazil South","West US 3","France
        Central","South Africa North","Norway East","Switzerland North","UAE North"],"apiVersions":["2022-11-01-preview","2022-10-01","2022-06-01-preview","2022-03-01","2022-01-01-preview"],"capabilities":"None"},{"resourceType":"locations/managedEnvironmentOperationStatuses","locations":["Central
        US EUAP","East US 2 EUAP","North Central US (Stage)","Canada Central","West
        Europe","North Europe","East US","East US 2","East Asia","Australia East","Germany
        West Central","Japan East","UK South","West US","Central US","North Central
        US","South Central US","Korea Central","Brazil South","West US 3","France
        Central","South Africa North","Norway East","Switzerland North","UAE North"],"apiVersions":["2022-11-01-preview","2022-10-01","2022-06-01-preview","2022-03-01","2022-01-01-preview"],"capabilities":"None"},{"resourceType":"locations/containerappOperationResults","locations":["Central
        US EUAP","East US 2 EUAP","North Central US (Stage)","Canada Central","West
        Europe","North Europe","East US","East US 2","East Asia","Australia East","Germany
        West Central","Japan East","UK South","West US","Central US","North Central
        US","South Central US","Korea Central","Brazil South","West US 3","France
        Central","South Africa North","Norway East","Switzerland North","UAE North"],"apiVersions":["2022-11-01-preview","2022-10-01","2022-06-01-preview","2022-03-01","2022-01-01-preview"],"capabilities":"None"},{"resourceType":"locations/containerappOperationStatuses","locations":["Central
        US EUAP","East US 2 EUAP","North Central US (Stage)","Canada Central","West
        Europe","North Europe","East US","East US 2","East Asia","Australia East","Germany
        West Central","Japan East","UK South","West US","Central US","North Central
        US","South Central US","Korea Central","Brazil South","West US 3","France
        Central","South Africa North","Norway East","Switzerland North","UAE North"],"apiVersions":["2022-11-01-preview","2022-10-01","2022-06-01-preview","2022-03-01","2022-01-01-preview"],"capabilities":"None"},{"resourceType":"connectedEnvironments","locations":["Central
        US EUAP","East US 2 EUAP","North Central US (Stage)","North Central US","East
        US","East Asia","West Europe"],"apiVersions":["2022-11-01-preview","2022-10-01","2022-06-01-preview"],"capabilities":"CrossResourceGroupResourceMove,
        CrossSubscriptionResourceMove, SupportsTags, SupportsLocation"},{"resourceType":"connectedEnvironments/certificates","locations":["Central
        US EUAP","East US 2 EUAP","North Central US (Stage)","North Central US","East
        US","East Asia","West Europe"],"apiVersions":["2022-11-01-preview","2022-10-01","2022-06-01-preview"],"capabilities":"CrossResourceGroupResourceMove,
        CrossSubscriptionResourceMove, SupportsTags, SupportsLocation"},{"resourceType":"locations/connectedEnvironmentOperationStatuses","locations":["Central
        US EUAP","East US 2 EUAP","North Central US (Stage)","North Central US","East
        US","East Asia","West Europe"],"apiVersions":["2022-11-01-preview","2022-10-01","2022-06-01-preview"],"capabilities":"None"},{"resourceType":"locations/billingMeters","locations":["Central
        US EUAP","East US 2 EUAP","North Central US (Stage)","Australia East","North
        Central US","East US 2","West Europe","Central US","East US","North Europe","South
        Central US","UK South","West US 3"],"apiVersions":["2022-11-01-preview","2022-10-01","2022-06-01-preview"],"capabilities":"None"},{"resourceType":"locations/availableManagedEnvironmentsWorkloadProfileTypes","locations":["Central
        US EUAP","East US 2 EUAP","North Central US (Stage)","Australia East","North
        Central US","East US 2","West Europe","Central US","East US","North Europe","South
        Central US","UK South","West US 3"],"apiVersions":["2022-11-01-preview","2022-10-01","2022-06-01-preview"],"capabilities":"None"}],"registrationState":"Registered","registrationPolicy":"RegistrationRequired"}'
    headers:
      cache-control:
      - no-cache
      content-length:
      - '9060'
      content-type:
      - application/json; charset=utf-8
      date:
      - Mon, 20 Mar 2023 07:02:17 GMT
      expires:
      - '-1'
      pragma:
      - no-cache
      strict-transport-security:
      - max-age=31536000; includeSubDomains
      vary:
      - Accept-Encoding
      x-content-type-options:
      - nosniff
    status:
      code: 200
      message: OK
- request:
    body: null
    headers:
      Accept:
      - '*/*'
      Accept-Encoding:
      - gzip, deflate
      CommandName:
      - containerapp env show
      Connection:
      - keep-alive
      ParameterSetName:
      - -g -n
      User-Agent:
      - python/3.10.10 (Windows-10-10.0.22621-SP0) AZURECLI/2.46.0
    method: GET
    uri: https://management.azure.com/subscriptions/00000000-0000-0000-0000-000000000000/resourceGroups/clitest.rg000001/providers/Microsoft.App/managedEnvironments/env000002?api-version=2022-10-01
  response:
    body:
      string: '{"id":"/subscriptions/00000000-0000-0000-0000-000000000000/resourceGroups/clitest.rg000001/providers/Microsoft.App/managedEnvironments/env000002","name":"env000002","type":"Microsoft.App/managedEnvironments","location":"westeurope","systemData":{"createdBy":"xinyupang@microsoft.com","createdByType":"User","createdAt":"2023-03-20T07:01:56.673038","lastModifiedBy":"xinyupang@microsoft.com","lastModifiedByType":"User","lastModifiedAt":"2023-03-20T07:01:56.673038"},"properties":{"provisioningState":"Succeeded","defaultDomain":"happyocean-0fd73bed.westeurope.azurecontainerapps.io","staticIp":"20.31.151.250","appLogsConfiguration":{"destination":"log-analytics","logAnalyticsConfiguration":{"customerId":"e11a3bf1-20b7-46d1-a6cf-369ffbacc71f"}},"zoneRedundant":false,"eventStreamEndpoint":"https://westeurope.azurecontainerapps.dev/subscriptions/00000000-0000-0000-0000-000000000000/resourceGroups/clitest.rg000001/managedEnvironments/env000002/eventstream","customDomainConfiguration":{"customDomainVerificationId":"D3F71C85EB6552E36A89A3E4A080C3CFB00181670B659B0003264FC673AA9B00"}}}'
    headers:
      api-supported-versions:
      - 2022-01-01-preview, 2022-03-01, 2022-06-01-preview, 2022-10-01, 2022-11-01-preview,
        2023-02-01
      cache-control:
      - no-cache
      content-length:
      - '1087'
      content-type:
      - application/json; charset=utf-8
      date:
      - Mon, 20 Mar 2023 07:02:19 GMT
      expires:
      - '-1'
      pragma:
      - no-cache
      server:
      - Microsoft-IIS/10.0
      strict-transport-security:
      - max-age=31536000; includeSubDomains
      transfer-encoding:
      - chunked
      vary:
      - Accept-Encoding,Accept-Encoding
      x-content-type-options:
      - nosniff
      x-powered-by:
      - ASP.NET
    status:
      code: 200
      message: OK
- request:
    body: null
    headers:
      Accept:
      - application/json
      Accept-Encoding:
      - gzip, deflate
      CommandName:
      - containerapp create
      Connection:
      - keep-alive
      ParameterSetName:
      - -n -g --environment --yaml
      User-Agent:
      - AZURECLI/2.46.0 azsdk-python-azure-mgmt-resource/21.1.0b1 Python/3.10.10 (Windows-10-10.0.22621-SP0)
    method: GET
    uri: https://management.azure.com/subscriptions/00000000-0000-0000-0000-000000000000/providers/Microsoft.App?api-version=2021-04-01
  response:
    body:
      string: '{"id":"/subscriptions/00000000-0000-0000-0000-000000000000/providers/Microsoft.App","namespace":"Microsoft.App","authorizations":[{"applicationId":"7e3bc4fd-85a3-4192-b177-5b8bfc87f42c","roleDefinitionId":"39a74f72-b40f-4bdc-b639-562fe2260bf0"},{"applicationId":"3734c1a4-2bed-4998-a37a-ff1a9e7bf019","roleDefinitionId":"5c779a4f-5cb2-4547-8c41-478d9be8ba90"},{"applicationId":"55ebbb62-3b9c-49fd-9b87-9595226dd4ac","roleDefinitionId":"e49ca620-7992-4561-a7df-4ed67dad77b5","managedByRoleDefinitionId":"9e3af657-a8ff-583c-a75c-2fe7c4bcb635"}],"resourceTypes":[{"resourceType":"operations","locations":["North
        Central US (Stage)","Central US EUAP","East US 2 EUAP","Canada Central","West
        Europe","North Europe","East US","East US 2","East Asia","Australia East","Germany
        West Central","Japan East","UK South","West US","Central US","North Central
        US","South Central US","Korea Central","Brazil South","West US 3","France
        Central","South Africa North","Norway East","Switzerland North","UAE North"],"apiVersions":["2022-11-01-preview","2022-10-01","2022-06-01-preview","2022-03-01","2022-01-01-preview"],"capabilities":"None"},{"resourceType":"locations/connectedEnvironmentOperationResults","locations":["North
        Central US (Stage)","North Central US","East US","East Asia","West Europe","Central
        US EUAP","East US 2 EUAP"],"apiVersions":["2022-11-01-preview","2022-10-01","2022-06-01-preview"],"capabilities":"None"},{"resourceType":"managedEnvironments","locations":["Central
        US EUAP","East US 2 EUAP","North Central US (Stage)","Canada Central","West
        Europe","North Europe","East US","East US 2","East Asia","Australia East","Germany
        West Central","Japan East","UK South","West US","Central US","North Central
        US","South Central US","Korea Central","Brazil South","West US 3","France
        Central","South Africa North","Norway East","Switzerland North","UAE North"],"apiVersions":["2022-11-01-preview","2022-10-01","2022-06-01-preview","2022-03-01","2022-01-01-preview"],"capabilities":"CrossResourceGroupResourceMove,
        CrossSubscriptionResourceMove, SupportsTags, SupportsLocation"},{"resourceType":"managedEnvironments/certificates","locations":["Central
        US EUAP","East US 2 EUAP","North Central US (Stage)","Canada Central","West
        Europe","North Europe","East US","East US 2","East Asia","Australia East","Germany
        West Central","Japan East","UK South","West US","Central US","North Central
        US","South Central US","Korea Central","Brazil South","West US 3","France
        Central","South Africa North","Norway East","Switzerland North","UAE North"],"apiVersions":["2022-11-01-preview","2022-10-01","2022-06-01-preview","2022-03-01","2022-01-01-preview"],"capabilities":"CrossResourceGroupResourceMove,
        CrossSubscriptionResourceMove, SupportsTags, SupportsLocation"},{"resourceType":"managedEnvironments/managedCertificates","locations":["Central
        US EUAP","East US 2 EUAP","North Central US (Stage)","Canada Central","West
        Europe","North Europe","East US","East US 2","East Asia","Australia East","Germany
        West Central","Japan East","UK South","West US","Central US","North Central
        US","South Central US","Korea Central","Brazil South","West US 3","France
        Central","South Africa North","Norway East","Switzerland North","UAE North"],"apiVersions":["2022-11-01-preview"],"capabilities":"CrossResourceGroupResourceMove,
        CrossSubscriptionResourceMove, SupportsTags, SupportsLocation"},{"resourceType":"containerApps","locations":["Central
        US EUAP","East US 2 EUAP","North Central US (Stage)","Canada Central","West
        Europe","North Europe","East US","East US 2","East Asia","Australia East","Germany
        West Central","Japan East","UK South","West US","Central US","North Central
        US","South Central US","Korea Central","Brazil South","West US 3","France
        Central","South Africa North","Norway East","Switzerland North","UAE North"],"apiVersions":["2022-11-01-preview","2022-10-01","2022-06-01-preview","2022-03-01","2022-01-01-preview"],"capabilities":"CrossResourceGroupResourceMove,
        CrossSubscriptionResourceMove, SystemAssignedResourceIdentity, SupportsTags,
        SupportsLocation"},{"resourceType":"jobs","locations":["Central US EUAP","East
        US 2 EUAP","North Central US (Stage)","Canada Central","West Europe","North
        Europe","East US","East US 2","East Asia","Australia East","Germany West Central","Japan
        East","UK South","West US","Central US","North Central US","South Central
        US","Korea Central","Brazil South","West US 3","France Central","South Africa
        North","Norway East","Switzerland North","UAE North"],"apiVersions":["2022-11-01-preview"],"capabilities":"CrossResourceGroupResourceMove,
        CrossSubscriptionResourceMove, SystemAssignedResourceIdentity, SupportsTags,
        SupportsLocation"},{"resourceType":"locations","locations":[],"apiVersions":["2022-11-01-preview","2022-10-01","2022-06-01-preview","2022-03-01","2022-01-01-preview"],"capabilities":"None"},{"resourceType":"locations/managedEnvironmentOperationResults","locations":["Central
        US EUAP","East US 2 EUAP","North Central US (Stage)","Canada Central","West
        Europe","North Europe","East US","East US 2","East Asia","Australia East","Germany
        West Central","Japan East","UK South","West US","Central US","North Central
        US","South Central US","Korea Central","Brazil South","West US 3","France
        Central","South Africa North","Norway East","Switzerland North","UAE North"],"apiVersions":["2022-11-01-preview","2022-10-01","2022-06-01-preview","2022-03-01","2022-01-01-preview"],"capabilities":"None"},{"resourceType":"locations/managedEnvironmentOperationStatuses","locations":["Central
        US EUAP","East US 2 EUAP","North Central US (Stage)","Canada Central","West
        Europe","North Europe","East US","East US 2","East Asia","Australia East","Germany
        West Central","Japan East","UK South","West US","Central US","North Central
        US","South Central US","Korea Central","Brazil South","West US 3","France
        Central","South Africa North","Norway East","Switzerland North","UAE North"],"apiVersions":["2022-11-01-preview","2022-10-01","2022-06-01-preview","2022-03-01","2022-01-01-preview"],"capabilities":"None"},{"resourceType":"locations/containerappOperationResults","locations":["Central
        US EUAP","East US 2 EUAP","North Central US (Stage)","Canada Central","West
        Europe","North Europe","East US","East US 2","East Asia","Australia East","Germany
        West Central","Japan East","UK South","West US","Central US","North Central
        US","South Central US","Korea Central","Brazil South","West US 3","France
        Central","South Africa North","Norway East","Switzerland North","UAE North"],"apiVersions":["2022-11-01-preview","2022-10-01","2022-06-01-preview","2022-03-01","2022-01-01-preview"],"capabilities":"None"},{"resourceType":"locations/containerappOperationStatuses","locations":["Central
        US EUAP","East US 2 EUAP","North Central US (Stage)","Canada Central","West
        Europe","North Europe","East US","East US 2","East Asia","Australia East","Germany
        West Central","Japan East","UK South","West US","Central US","North Central
        US","South Central US","Korea Central","Brazil South","West US 3","France
        Central","South Africa North","Norway East","Switzerland North","UAE North"],"apiVersions":["2022-11-01-preview","2022-10-01","2022-06-01-preview","2022-03-01","2022-01-01-preview"],"capabilities":"None"},{"resourceType":"connectedEnvironments","locations":["Central
        US EUAP","East US 2 EUAP","North Central US (Stage)","North Central US","East
        US","East Asia","West Europe"],"apiVersions":["2022-11-01-preview","2022-10-01","2022-06-01-preview"],"capabilities":"CrossResourceGroupResourceMove,
        CrossSubscriptionResourceMove, SupportsTags, SupportsLocation"},{"resourceType":"connectedEnvironments/certificates","locations":["Central
        US EUAP","East US 2 EUAP","North Central US (Stage)","North Central US","East
        US","East Asia","West Europe"],"apiVersions":["2022-11-01-preview","2022-10-01","2022-06-01-preview"],"capabilities":"CrossResourceGroupResourceMove,
        CrossSubscriptionResourceMove, SupportsTags, SupportsLocation"},{"resourceType":"locations/connectedEnvironmentOperationStatuses","locations":["Central
        US EUAP","East US 2 EUAP","North Central US (Stage)","North Central US","East
        US","East Asia","West Europe"],"apiVersions":["2022-11-01-preview","2022-10-01","2022-06-01-preview"],"capabilities":"None"},{"resourceType":"locations/billingMeters","locations":["Central
        US EUAP","East US 2 EUAP","North Central US (Stage)","Australia East","North
        Central US","East US 2","West Europe","Central US","East US","North Europe","South
        Central US","UK South","West US 3"],"apiVersions":["2022-11-01-preview","2022-10-01","2022-06-01-preview"],"capabilities":"None"},{"resourceType":"locations/availableManagedEnvironmentsWorkloadProfileTypes","locations":["Central
        US EUAP","East US 2 EUAP","North Central US (Stage)","Australia East","North
        Central US","East US 2","West Europe","Central US","East US","North Europe","South
        Central US","UK South","West US 3"],"apiVersions":["2022-11-01-preview","2022-10-01","2022-06-01-preview"],"capabilities":"None"}],"registrationState":"Registered","registrationPolicy":"RegistrationRequired"}'
    headers:
      cache-control:
      - no-cache
      content-length:
      - '9060'
      content-type:
      - application/json; charset=utf-8
      date:
      - Mon, 20 Mar 2023 07:02:20 GMT
      expires:
      - '-1'
      pragma:
      - no-cache
      strict-transport-security:
      - max-age=31536000; includeSubDomains
      vary:
      - Accept-Encoding
      x-content-type-options:
      - nosniff
    status:
      code: 200
      message: OK
- request:
    body: null
    headers:
      Accept:
      - '*/*'
      Accept-Encoding:
      - gzip, deflate
      CommandName:
      - containerapp create
      Connection:
      - keep-alive
      ParameterSetName:
      - -n -g --environment --yaml
      User-Agent:
      - python/3.10.10 (Windows-10-10.0.22621-SP0) AZURECLI/2.46.0
    method: GET
    uri: https://management.azure.com/subscriptions/00000000-0000-0000-0000-000000000000/resourceGroups/clitest.rg000001/providers/Microsoft.App/managedEnvironments/env000002?api-version=2022-10-01
  response:
    body:
      string: '{"id":"/subscriptions/00000000-0000-0000-0000-000000000000/resourceGroups/clitest.rg000001/providers/Microsoft.App/managedEnvironments/env000002","name":"env000002","type":"Microsoft.App/managedEnvironments","location":"westeurope","systemData":{"createdBy":"xinyupang@microsoft.com","createdByType":"User","createdAt":"2023-03-20T07:01:56.673038","lastModifiedBy":"xinyupang@microsoft.com","lastModifiedByType":"User","lastModifiedAt":"2023-03-20T07:01:56.673038"},"properties":{"provisioningState":"Succeeded","defaultDomain":"happyocean-0fd73bed.westeurope.azurecontainerapps.io","staticIp":"20.31.151.250","appLogsConfiguration":{"destination":"log-analytics","logAnalyticsConfiguration":{"customerId":"e11a3bf1-20b7-46d1-a6cf-369ffbacc71f"}},"zoneRedundant":false,"eventStreamEndpoint":"https://westeurope.azurecontainerapps.dev/subscriptions/00000000-0000-0000-0000-000000000000/resourceGroups/clitest.rg000001/managedEnvironments/env000002/eventstream","customDomainConfiguration":{"customDomainVerificationId":"D3F71C85EB6552E36A89A3E4A080C3CFB00181670B659B0003264FC673AA9B00"}}}'
    headers:
      api-supported-versions:
      - 2022-01-01-preview, 2022-03-01, 2022-06-01-preview, 2022-10-01, 2022-11-01-preview,
        2023-02-01
      cache-control:
      - no-cache
      content-length:
      - '1087'
      content-type:
      - application/json; charset=utf-8
      date:
      - Mon, 20 Mar 2023 07:02:21 GMT
      expires:
      - '-1'
      pragma:
      - no-cache
      server:
      - Microsoft-IIS/10.0
      strict-transport-security:
      - max-age=31536000; includeSubDomains
      transfer-encoding:
      - chunked
      vary:
      - Accept-Encoding,Accept-Encoding
      x-content-type-options:
      - nosniff
      x-powered-by:
      - ASP.NET
    status:
      code: 200
      message: OK
- request:
    body: '{"tags": {"tagname": "value"}, "location": "westeurope", "identity": null,
      "properties": {"environmentId": "/subscriptions/00000000-0000-0000-0000-000000000000/resourceGroups/clitest.rg000001/providers/Microsoft.App/managedEnvironments/env000002",
      "configuration": {"secrets": null, "activeRevisionsMode": "Multiple", "ingress":
      {"external": true, "targetPort": 80, "transport": "Auto", "traffic": [{"revisionName":
      null, "weight": 100, "latestRevision": true}], "customDomains": null, "allowInsecure":
      false, "ipSecurityRestrictions": null, "fqdn": null}, "dapr": null, "registries":
      null}, "template": {"revisionSuffix": "myrevision", "containers": [{"image":
      "nginx", "name": "nginx", "command": ["npm", "start"], "args": null, "env":
      [{"name": "HTTP_PORT", "value": "80", "secretRef": null}], "resources": {"cpu":
      0.5, "memory": "1Gi", "ephemeralStorage": null}, "probes": null, "volumeMounts":
      null}], "initContainers": null, "scale": {"minReplicas": 1, "maxReplicas": 3,
      "rules": null}, "volumes": null}}}'
    headers:
      Accept:
      - '*/*'
      Accept-Encoding:
      - gzip, deflate
      CommandName:
      - containerapp create
      Connection:
      - keep-alive
      Content-Length:
      - '1011'
      Content-Type:
      - application/json
      ParameterSetName:
      - -n -g --environment --yaml
      User-Agent:
      - python/3.10.10 (Windows-10-10.0.22621-SP0) AZURECLI/2.46.0
    method: PUT
    uri: https://management.azure.com/subscriptions/00000000-0000-0000-0000-000000000000/resourceGroups/clitest.rg000001/providers/Microsoft.App/containerApps/yaml000003?api-version=2022-10-01
  response:
    body:
      string: '{"id":"/subscriptions/00000000-0000-0000-0000-000000000000/resourceGroups/clitest.rg000001/providers/Microsoft.App/containerapps/yaml000003","name":"yaml000003","type":"Microsoft.App/containerApps","location":"West
        Europe","tags":{"tagname":"value"},"systemData":{"createdBy":"xinyupang@microsoft.com","createdByType":"User","createdAt":"2023-03-20T07:02:26.9391172Z","lastModifiedBy":"xinyupang@microsoft.com","lastModifiedByType":"User","lastModifiedAt":"2023-03-20T07:02:26.9391172Z"},"properties":{"provisioningState":"InProgress","managedEnvironmentId":"/subscriptions/00000000-0000-0000-0000-000000000000/resourceGroups/clitest.rg000001/providers/Microsoft.App/managedEnvironments/env000002","environmentId":"/subscriptions/00000000-0000-0000-0000-000000000000/resourceGroups/clitest.rg000001/providers/Microsoft.App/managedEnvironments/env000002","workloadProfileType":null,"outboundIpAddresses":["20.31.151.202"],"latestRevisionName":"","latestReadyRevisionName":"","latestRevisionFqdn":"","customDomainVerificationId":"D3F71C85EB6552E36A89A3E4A080C3CFB00181670B659B0003264FC673AA9B00","configuration":{"secrets":null,"activeRevisionsMode":"Multiple","ingress":{"fqdn":"yaml000003.happyocean-0fd73bed.westeurope.azurecontainerapps.io","external":true,"targetPort":80,"exposedPort":0,"transport":"Auto","traffic":[{"weight":100,"latestRevision":true}],"customDomains":null,"allowInsecure":false,"ipSecurityRestrictions":null,"corsPolicy":null,"clientCertificateMode":null},"registries":null,"dapr":null,"maxInactiveRevisions":null},"template":{"revisionSuffix":"myrevision","containers":[{"image":"nginx","name":"nginx","command":["npm","start"],"env":[{"name":"HTTP_PORT","value":"80"}],"resources":{"cpu":0.5,"memory":"1Gi","ephemeralStorage":"2Gi"}}],"initContainers":null,"scale":{"minReplicas":1,"maxReplicas":3,"rules":null},"volumes":null},"eventStreamEndpoint":"https://westeurope.azurecontainerapps.dev/subscriptions/00000000-0000-0000-0000-000000000000/resourceGroups/clitest.rg000001/containerApps/yaml000003/eventstream"},"identity":{"type":"None"}}'
    headers:
      api-supported-versions:
      - 2022-01-01-preview, 2022-03-01, 2022-06-01-preview, 2022-10-01, 2022-11-01-preview,
        2023-02-01
      azure-asyncoperation:
      - https://management.azure.com/subscriptions/00000000-0000-0000-0000-000000000000/providers/Microsoft.App/locations/westeurope/containerappOperationStatuses/7bb81823-1175-462d-a20c-23064bf55d33?api-version=2022-10-01&azureAsyncOperation=true
      cache-control:
      - no-cache
      content-length:
      - '2068'
      content-type:
      - application/json; charset=utf-8
      date:
      - Mon, 20 Mar 2023 07:02:31 GMT
      expires:
      - '-1'
      pragma:
      - no-cache
      server:
      - Microsoft-IIS/10.0
      strict-transport-security:
      - max-age=31536000; includeSubDomains
      x-content-type-options:
      - nosniff
      x-ms-async-operation-timeout:
      - PT15M
      x-ms-ratelimit-remaining-subscription-resource-requests:
      - '499'
      x-powered-by:
      - ASP.NET
    status:
      code: 201
      message: Created
- request:
    body: null
    headers:
      Accept:
      - '*/*'
      Accept-Encoding:
      - gzip, deflate
      CommandName:
      - containerapp create
      Connection:
      - keep-alive
      ParameterSetName:
      - -n -g --environment --yaml
      User-Agent:
      - python/3.10.10 (Windows-10-10.0.22621-SP0) AZURECLI/2.46.0
    method: GET
    uri: https://management.azure.com/subscriptions/00000000-0000-0000-0000-000000000000/providers/Microsoft.App/locations/westeurope/containerappOperationStatuses/7bb81823-1175-462d-a20c-23064bf55d33?api-version=2022-10-01&azureAsyncOperation=true
  response:
    body:
      string: '{"id":"/subscriptions/00000000-0000-0000-0000-000000000000/providers/Microsoft.App/locations/westeurope/containerappOperationStatuses/7bb81823-1175-462d-a20c-23064bf55d33","name":"7bb81823-1175-462d-a20c-23064bf55d33","status":"InProgress","startTime":"2023-03-20T07:02:27.9208352"}'
    headers:
      api-supported-versions:
      - 2022-01-01-preview, 2022-03-01, 2022-06-01-preview, 2022-10-01, 2022-11-01-preview,
        2023-02-01
      cache-control:
      - no-cache
      content-length:
      - '282'
      content-type:
      - application/json; charset=utf-8
      date:
      - Mon, 20 Mar 2023 07:02:31 GMT
      expires:
      - '-1'
      pragma:
      - no-cache
      server:
      - Microsoft-IIS/10.0
      strict-transport-security:
      - max-age=31536000; includeSubDomains
      transfer-encoding:
      - chunked
      vary:
      - Accept-Encoding,Accept-Encoding
      x-content-type-options:
      - nosniff
      x-powered-by:
      - ASP.NET
    status:
      code: 200
      message: OK
- request:
    body: null
    headers:
      Accept:
      - '*/*'
      Accept-Encoding:
      - gzip, deflate
      CommandName:
      - containerapp create
      Connection:
      - keep-alive
      ParameterSetName:
      - -n -g --environment --yaml
      User-Agent:
      - python/3.10.10 (Windows-10-10.0.22621-SP0) AZURECLI/2.46.0
    method: GET
    uri: https://management.azure.com/subscriptions/00000000-0000-0000-0000-000000000000/providers/Microsoft.App/locations/westeurope/containerappOperationStatuses/7bb81823-1175-462d-a20c-23064bf55d33?api-version=2022-10-01&azureAsyncOperation=true
  response:
    body:
      string: '{"id":"/subscriptions/00000000-0000-0000-0000-000000000000/providers/Microsoft.App/locations/westeurope/containerappOperationStatuses/7bb81823-1175-462d-a20c-23064bf55d33","name":"7bb81823-1175-462d-a20c-23064bf55d33","status":"InProgress","startTime":"2023-03-20T07:02:27.9208352"}'
    headers:
      api-supported-versions:
      - 2022-01-01-preview, 2022-03-01, 2022-06-01-preview, 2022-10-01, 2022-11-01-preview,
        2023-02-01
      cache-control:
      - no-cache
      content-length:
      - '282'
      content-type:
      - application/json; charset=utf-8
      date:
      - Mon, 20 Mar 2023 07:02:34 GMT
      expires:
      - '-1'
      pragma:
      - no-cache
      server:
      - Microsoft-IIS/10.0
      strict-transport-security:
      - max-age=31536000; includeSubDomains
      transfer-encoding:
      - chunked
      vary:
      - Accept-Encoding,Accept-Encoding
      x-content-type-options:
      - nosniff
      x-powered-by:
      - ASP.NET
    status:
      code: 200
      message: OK
- request:
    body: null
    headers:
      Accept:
      - '*/*'
      Accept-Encoding:
      - gzip, deflate
      CommandName:
      - containerapp create
      Connection:
      - keep-alive
      ParameterSetName:
      - -n -g --environment --yaml
      User-Agent:
      - python/3.10.10 (Windows-10-10.0.22621-SP0) AZURECLI/2.46.0
    method: GET
    uri: https://management.azure.com/subscriptions/00000000-0000-0000-0000-000000000000/providers/Microsoft.App/locations/westeurope/containerappOperationStatuses/7bb81823-1175-462d-a20c-23064bf55d33?api-version=2022-10-01&azureAsyncOperation=true
  response:
    body:
      string: '{"id":"/subscriptions/00000000-0000-0000-0000-000000000000/providers/Microsoft.App/locations/westeurope/containerappOperationStatuses/7bb81823-1175-462d-a20c-23064bf55d33","name":"7bb81823-1175-462d-a20c-23064bf55d33","status":"InProgress","startTime":"2023-03-20T07:02:27.9208352"}'
    headers:
      api-supported-versions:
      - 2022-01-01-preview, 2022-03-01, 2022-06-01-preview, 2022-10-01, 2022-11-01-preview,
        2023-02-01
      cache-control:
      - no-cache
      content-length:
      - '282'
      content-type:
      - application/json; charset=utf-8
      date:
      - Mon, 20 Mar 2023 07:02:37 GMT
      expires:
      - '-1'
      pragma:
      - no-cache
      server:
      - Microsoft-IIS/10.0
      strict-transport-security:
      - max-age=31536000; includeSubDomains
      transfer-encoding:
      - chunked
      vary:
      - Accept-Encoding,Accept-Encoding
      x-content-type-options:
      - nosniff
      x-powered-by:
      - ASP.NET
    status:
      code: 200
      message: OK
- request:
    body: null
    headers:
      Accept:
      - '*/*'
      Accept-Encoding:
      - gzip, deflate
      CommandName:
      - containerapp create
      Connection:
      - keep-alive
      ParameterSetName:
      - -n -g --environment --yaml
      User-Agent:
      - python/3.10.10 (Windows-10-10.0.22621-SP0) AZURECLI/2.46.0
    method: GET
    uri: https://management.azure.com/subscriptions/00000000-0000-0000-0000-000000000000/providers/Microsoft.App/locations/westeurope/containerappOperationStatuses/7bb81823-1175-462d-a20c-23064bf55d33?api-version=2022-10-01&azureAsyncOperation=true
  response:
    body:
      string: '{"id":"/subscriptions/00000000-0000-0000-0000-000000000000/providers/Microsoft.App/locations/westeurope/containerappOperationStatuses/7bb81823-1175-462d-a20c-23064bf55d33","name":"7bb81823-1175-462d-a20c-23064bf55d33","status":"InProgress","startTime":"2023-03-20T07:02:27.9208352"}'
    headers:
      api-supported-versions:
      - 2022-01-01-preview, 2022-03-01, 2022-06-01-preview, 2022-10-01, 2022-11-01-preview,
        2023-02-01
      cache-control:
      - no-cache
      content-length:
      - '282'
      content-type:
      - application/json; charset=utf-8
      date:
      - Mon, 20 Mar 2023 07:02:41 GMT
      expires:
      - '-1'
      pragma:
      - no-cache
      server:
      - Microsoft-IIS/10.0
      strict-transport-security:
      - max-age=31536000; includeSubDomains
      transfer-encoding:
      - chunked
      vary:
      - Accept-Encoding,Accept-Encoding
      x-content-type-options:
      - nosniff
      x-powered-by:
      - ASP.NET
    status:
      code: 200
      message: OK
- request:
    body: null
    headers:
      Accept:
      - '*/*'
      Accept-Encoding:
      - gzip, deflate
      CommandName:
      - containerapp create
      Connection:
      - keep-alive
      ParameterSetName:
      - -n -g --environment --yaml
      User-Agent:
      - python/3.10.10 (Windows-10-10.0.22621-SP0) AZURECLI/2.46.0
    method: GET
    uri: https://management.azure.com/subscriptions/00000000-0000-0000-0000-000000000000/providers/Microsoft.App/locations/westeurope/containerappOperationStatuses/7bb81823-1175-462d-a20c-23064bf55d33?api-version=2022-10-01&azureAsyncOperation=true
  response:
    body:
      string: '{"id":"/subscriptions/00000000-0000-0000-0000-000000000000/providers/Microsoft.App/locations/westeurope/containerappOperationStatuses/7bb81823-1175-462d-a20c-23064bf55d33","name":"7bb81823-1175-462d-a20c-23064bf55d33","status":"InProgress","startTime":"2023-03-20T07:02:27.9208352"}'
    headers:
      api-supported-versions:
      - 2022-01-01-preview, 2022-03-01, 2022-06-01-preview, 2022-10-01, 2022-11-01-preview,
        2023-02-01
      cache-control:
      - no-cache
      content-length:
      - '282'
      content-type:
      - application/json; charset=utf-8
      date:
      - Mon, 20 Mar 2023 07:02:44 GMT
      expires:
      - '-1'
      pragma:
      - no-cache
      server:
      - Microsoft-IIS/10.0
      strict-transport-security:
      - max-age=31536000; includeSubDomains
      transfer-encoding:
      - chunked
      vary:
      - Accept-Encoding,Accept-Encoding
      x-content-type-options:
      - nosniff
      x-powered-by:
      - ASP.NET
    status:
      code: 200
      message: OK
- request:
    body: null
    headers:
      Accept:
      - '*/*'
      Accept-Encoding:
      - gzip, deflate
      CommandName:
      - containerapp create
      Connection:
      - keep-alive
      ParameterSetName:
      - -n -g --environment --yaml
      User-Agent:
      - python/3.10.10 (Windows-10-10.0.22621-SP0) AZURECLI/2.46.0
    method: GET
    uri: https://management.azure.com/subscriptions/00000000-0000-0000-0000-000000000000/providers/Microsoft.App/locations/westeurope/containerappOperationStatuses/7bb81823-1175-462d-a20c-23064bf55d33?api-version=2022-10-01&azureAsyncOperation=true
  response:
    body:
      string: '{"id":"/subscriptions/00000000-0000-0000-0000-000000000000/providers/Microsoft.App/locations/westeurope/containerappOperationStatuses/7bb81823-1175-462d-a20c-23064bf55d33","name":"7bb81823-1175-462d-a20c-23064bf55d33","status":"Succeeded","startTime":"2023-03-20T07:02:27.9208352"}'
    headers:
      api-supported-versions:
      - 2022-01-01-preview, 2022-03-01, 2022-06-01-preview, 2022-10-01, 2022-11-01-preview,
        2023-02-01
      cache-control:
      - no-cache
      content-length:
      - '281'
      content-type:
      - application/json; charset=utf-8
      date:
      - Mon, 20 Mar 2023 07:02:47 GMT
      expires:
      - '-1'
      pragma:
      - no-cache
      server:
      - Microsoft-IIS/10.0
      strict-transport-security:
      - max-age=31536000; includeSubDomains
      transfer-encoding:
      - chunked
      vary:
      - Accept-Encoding,Accept-Encoding
      x-content-type-options:
      - nosniff
      x-powered-by:
      - ASP.NET
    status:
      code: 200
      message: OK
- request:
    body: null
    headers:
      Accept:
      - '*/*'
      Accept-Encoding:
      - gzip, deflate
      CommandName:
      - containerapp create
      Connection:
      - keep-alive
      ParameterSetName:
      - -n -g --environment --yaml
      User-Agent:
      - python/3.10.10 (Windows-10-10.0.22621-SP0) AZURECLI/2.46.0
    method: GET
    uri: https://management.azure.com/subscriptions/00000000-0000-0000-0000-000000000000/resourceGroups/clitest.rg000001/providers/Microsoft.App/containerApps/yaml000003?api-version=2022-10-01
  response:
    body:
      string: '{"id":"/subscriptions/00000000-0000-0000-0000-000000000000/resourceGroups/clitest.rg000001/providers/Microsoft.App/containerapps/yaml000003","name":"yaml000003","type":"Microsoft.App/containerApps","location":"West
        Europe","tags":{"tagname":"value"},"systemData":{"createdBy":"xinyupang@microsoft.com","createdByType":"User","createdAt":"2023-03-20T07:02:26.9391172","lastModifiedBy":"xinyupang@microsoft.com","lastModifiedByType":"User","lastModifiedAt":"2023-03-20T07:02:26.9391172"},"properties":{"provisioningState":"Succeeded","managedEnvironmentId":"/subscriptions/00000000-0000-0000-0000-000000000000/resourceGroups/clitest.rg000001/providers/Microsoft.App/managedEnvironments/env000002","environmentId":"/subscriptions/00000000-0000-0000-0000-000000000000/resourceGroups/clitest.rg000001/providers/Microsoft.App/managedEnvironments/env000002","workloadProfileType":null,"outboundIpAddresses":["20.31.151.202"],"latestRevisionName":"yaml000003--myrevision","latestReadyRevisionName":"yaml000003--myrevision","latestRevisionFqdn":"yaml000003--myrevision.happyocean-0fd73bed.westeurope.azurecontainerapps.io","customDomainVerificationId":"D3F71C85EB6552E36A89A3E4A080C3CFB00181670B659B0003264FC673AA9B00","configuration":{"secrets":null,"activeRevisionsMode":"Multiple","ingress":{"fqdn":"yaml000003.happyocean-0fd73bed.westeurope.azurecontainerapps.io","external":true,"targetPort":80,"exposedPort":0,"transport":"Auto","traffic":[{"weight":100,"latestRevision":true}],"customDomains":null,"allowInsecure":false,"ipSecurityRestrictions":null,"corsPolicy":null,"clientCertificateMode":null},"registries":null,"dapr":null,"maxInactiveRevisions":null},"template":{"revisionSuffix":"myrevision","containers":[{"image":"nginx","name":"nginx","command":["npm","start"],"env":[{"name":"HTTP_PORT","value":"80"}],"resources":{"cpu":0.5,"memory":"1Gi","ephemeralStorage":"2Gi"}}],"initContainers":null,"scale":{"minReplicas":1,"maxReplicas":3,"rules":null},"volumes":null},"eventStreamEndpoint":"https://westeurope.azurecontainerapps.dev/subscriptions/00000000-0000-0000-0000-000000000000/resourceGroups/clitest.rg000001/containerApps/yaml000003/eventstream"},"identity":{"type":"None"}}'
    headers:
      api-supported-versions:
      - 2022-01-01-preview, 2022-03-01, 2022-06-01-preview, 2022-10-01, 2022-11-01-preview,
        2023-02-01
      cache-control:
      - no-cache
      content-length:
      - '2184'
      content-type:
      - application/json; charset=utf-8
      date:
      - Mon, 20 Mar 2023 07:02:48 GMT
      expires:
      - '-1'
      pragma:
      - no-cache
      server:
      - Microsoft-IIS/10.0
      strict-transport-security:
      - max-age=31536000; includeSubDomains
      transfer-encoding:
      - chunked
      vary:
      - Accept-Encoding,Accept-Encoding
      x-content-type-options:
      - nosniff
      x-powered-by:
      - ASP.NET
    status:
      code: 200
      message: OK
- request:
    body: null
    headers:
      Accept:
      - application/json
      Accept-Encoding:
      - gzip, deflate
      CommandName:
      - containerapp show
      Connection:
      - keep-alive
      ParameterSetName:
      - -g -n
      User-Agent:
      - AZURECLI/2.46.0 azsdk-python-azure-mgmt-resource/21.1.0b1 Python/3.10.10 (Windows-10-10.0.22621-SP0)
    method: GET
    uri: https://management.azure.com/subscriptions/00000000-0000-0000-0000-000000000000/providers/Microsoft.App?api-version=2021-04-01
  response:
    body:
      string: '{"id":"/subscriptions/00000000-0000-0000-0000-000000000000/providers/Microsoft.App","namespace":"Microsoft.App","authorizations":[{"applicationId":"7e3bc4fd-85a3-4192-b177-5b8bfc87f42c","roleDefinitionId":"39a74f72-b40f-4bdc-b639-562fe2260bf0"},{"applicationId":"3734c1a4-2bed-4998-a37a-ff1a9e7bf019","roleDefinitionId":"5c779a4f-5cb2-4547-8c41-478d9be8ba90"},{"applicationId":"55ebbb62-3b9c-49fd-9b87-9595226dd4ac","roleDefinitionId":"e49ca620-7992-4561-a7df-4ed67dad77b5","managedByRoleDefinitionId":"9e3af657-a8ff-583c-a75c-2fe7c4bcb635"}],"resourceTypes":[{"resourceType":"operations","locations":["North
        Central US (Stage)","Central US EUAP","East US 2 EUAP","Canada Central","West
        Europe","North Europe","East US","East US 2","East Asia","Australia East","Germany
        West Central","Japan East","UK South","West US","Central US","North Central
        US","South Central US","Korea Central","Brazil South","West US 3","France
        Central","South Africa North","Norway East","Switzerland North","UAE North"],"apiVersions":["2022-11-01-preview","2022-10-01","2022-06-01-preview","2022-03-01","2022-01-01-preview"],"capabilities":"None"},{"resourceType":"locations/connectedEnvironmentOperationResults","locations":["North
        Central US (Stage)","North Central US","East US","East Asia","West Europe","Central
        US EUAP","East US 2 EUAP"],"apiVersions":["2022-11-01-preview","2022-10-01","2022-06-01-preview"],"capabilities":"None"},{"resourceType":"managedEnvironments","locations":["Central
        US EUAP","East US 2 EUAP","North Central US (Stage)","Canada Central","West
        Europe","North Europe","East US","East US 2","East Asia","Australia East","Germany
        West Central","Japan East","UK South","West US","Central US","North Central
        US","South Central US","Korea Central","Brazil South","West US 3","France
        Central","South Africa North","Norway East","Switzerland North","UAE North"],"apiVersions":["2022-11-01-preview","2022-10-01","2022-06-01-preview","2022-03-01","2022-01-01-preview"],"capabilities":"CrossResourceGroupResourceMove,
        CrossSubscriptionResourceMove, SupportsTags, SupportsLocation"},{"resourceType":"managedEnvironments/certificates","locations":["Central
        US EUAP","East US 2 EUAP","North Central US (Stage)","Canada Central","West
        Europe","North Europe","East US","East US 2","East Asia","Australia East","Germany
        West Central","Japan East","UK South","West US","Central US","North Central
        US","South Central US","Korea Central","Brazil South","West US 3","France
        Central","South Africa North","Norway East","Switzerland North","UAE North"],"apiVersions":["2022-11-01-preview","2022-10-01","2022-06-01-preview","2022-03-01","2022-01-01-preview"],"capabilities":"CrossResourceGroupResourceMove,
        CrossSubscriptionResourceMove, SupportsTags, SupportsLocation"},{"resourceType":"managedEnvironments/managedCertificates","locations":["Central
        US EUAP","East US 2 EUAP","North Central US (Stage)","Canada Central","West
        Europe","North Europe","East US","East US 2","East Asia","Australia East","Germany
        West Central","Japan East","UK South","West US","Central US","North Central
        US","South Central US","Korea Central","Brazil South","West US 3","France
        Central","South Africa North","Norway East","Switzerland North","UAE North"],"apiVersions":["2022-11-01-preview"],"capabilities":"CrossResourceGroupResourceMove,
        CrossSubscriptionResourceMove, SupportsTags, SupportsLocation"},{"resourceType":"containerApps","locations":["Central
        US EUAP","East US 2 EUAP","North Central US (Stage)","Canada Central","West
        Europe","North Europe","East US","East US 2","East Asia","Australia East","Germany
        West Central","Japan East","UK South","West US","Central US","North Central
        US","South Central US","Korea Central","Brazil South","West US 3","France
        Central","South Africa North","Norway East","Switzerland North","UAE North"],"apiVersions":["2022-11-01-preview","2022-10-01","2022-06-01-preview","2022-03-01","2022-01-01-preview"],"capabilities":"CrossResourceGroupResourceMove,
        CrossSubscriptionResourceMove, SystemAssignedResourceIdentity, SupportsTags,
        SupportsLocation"},{"resourceType":"jobs","locations":["Central US EUAP","East
        US 2 EUAP","North Central US (Stage)","Canada Central","West Europe","North
        Europe","East US","East US 2","East Asia","Australia East","Germany West Central","Japan
        East","UK South","West US","Central US","North Central US","South Central
        US","Korea Central","Brazil South","West US 3","France Central","South Africa
        North","Norway East","Switzerland North","UAE North"],"apiVersions":["2022-11-01-preview"],"capabilities":"CrossResourceGroupResourceMove,
        CrossSubscriptionResourceMove, SystemAssignedResourceIdentity, SupportsTags,
        SupportsLocation"},{"resourceType":"locations","locations":[],"apiVersions":["2022-11-01-preview","2022-10-01","2022-06-01-preview","2022-03-01","2022-01-01-preview"],"capabilities":"None"},{"resourceType":"locations/managedEnvironmentOperationResults","locations":["Central
        US EUAP","East US 2 EUAP","North Central US (Stage)","Canada Central","West
        Europe","North Europe","East US","East US 2","East Asia","Australia East","Germany
        West Central","Japan East","UK South","West US","Central US","North Central
        US","South Central US","Korea Central","Brazil South","West US 3","France
        Central","South Africa North","Norway East","Switzerland North","UAE North"],"apiVersions":["2022-11-01-preview","2022-10-01","2022-06-01-preview","2022-03-01","2022-01-01-preview"],"capabilities":"None"},{"resourceType":"locations/managedEnvironmentOperationStatuses","locations":["Central
        US EUAP","East US 2 EUAP","North Central US (Stage)","Canada Central","West
        Europe","North Europe","East US","East US 2","East Asia","Australia East","Germany
        West Central","Japan East","UK South","West US","Central US","North Central
        US","South Central US","Korea Central","Brazil South","West US 3","France
        Central","South Africa North","Norway East","Switzerland North","UAE North"],"apiVersions":["2022-11-01-preview","2022-10-01","2022-06-01-preview","2022-03-01","2022-01-01-preview"],"capabilities":"None"},{"resourceType":"locations/containerappOperationResults","locations":["Central
        US EUAP","East US 2 EUAP","North Central US (Stage)","Canada Central","West
        Europe","North Europe","East US","East US 2","East Asia","Australia East","Germany
        West Central","Japan East","UK South","West US","Central US","North Central
        US","South Central US","Korea Central","Brazil South","West US 3","France
        Central","South Africa North","Norway East","Switzerland North","UAE North"],"apiVersions":["2022-11-01-preview","2022-10-01","2022-06-01-preview","2022-03-01","2022-01-01-preview"],"capabilities":"None"},{"resourceType":"locations/containerappOperationStatuses","locations":["Central
        US EUAP","East US 2 EUAP","North Central US (Stage)","Canada Central","West
        Europe","North Europe","East US","East US 2","East Asia","Australia East","Germany
        West Central","Japan East","UK South","West US","Central US","North Central
        US","South Central US","Korea Central","Brazil South","West US 3","France
        Central","South Africa North","Norway East","Switzerland North","UAE North"],"apiVersions":["2022-11-01-preview","2022-10-01","2022-06-01-preview","2022-03-01","2022-01-01-preview"],"capabilities":"None"},{"resourceType":"connectedEnvironments","locations":["Central
        US EUAP","East US 2 EUAP","North Central US (Stage)","North Central US","East
        US","East Asia","West Europe"],"apiVersions":["2022-11-01-preview","2022-10-01","2022-06-01-preview"],"capabilities":"CrossResourceGroupResourceMove,
        CrossSubscriptionResourceMove, SupportsTags, SupportsLocation"},{"resourceType":"connectedEnvironments/certificates","locations":["Central
        US EUAP","East US 2 EUAP","North Central US (Stage)","North Central US","East
        US","East Asia","West Europe"],"apiVersions":["2022-11-01-preview","2022-10-01","2022-06-01-preview"],"capabilities":"CrossResourceGroupResourceMove,
        CrossSubscriptionResourceMove, SupportsTags, SupportsLocation"},{"resourceType":"locations/connectedEnvironmentOperationStatuses","locations":["Central
        US EUAP","East US 2 EUAP","North Central US (Stage)","North Central US","East
        US","East Asia","West Europe"],"apiVersions":["2022-11-01-preview","2022-10-01","2022-06-01-preview"],"capabilities":"None"},{"resourceType":"locations/billingMeters","locations":["Central
        US EUAP","East US 2 EUAP","North Central US (Stage)","Australia East","North
        Central US","East US 2","West Europe","Central US","East US","North Europe","South
        Central US","UK South","West US 3"],"apiVersions":["2022-11-01-preview","2022-10-01","2022-06-01-preview"],"capabilities":"None"},{"resourceType":"locations/availableManagedEnvironmentsWorkloadProfileTypes","locations":["Central
        US EUAP","East US 2 EUAP","North Central US (Stage)","Australia East","North
        Central US","East US 2","West Europe","Central US","East US","North Europe","South
        Central US","UK South","West US 3"],"apiVersions":["2022-11-01-preview","2022-10-01","2022-06-01-preview"],"capabilities":"None"}],"registrationState":"Registered","registrationPolicy":"RegistrationRequired"}'
    headers:
      cache-control:
      - no-cache
      content-length:
      - '9060'
      content-type:
      - application/json; charset=utf-8
      date:
      - Mon, 20 Mar 2023 07:02:49 GMT
      expires:
      - '-1'
      pragma:
      - no-cache
      strict-transport-security:
      - max-age=31536000; includeSubDomains
      vary:
      - Accept-Encoding
      x-content-type-options:
      - nosniff
    status:
      code: 200
      message: OK
- request:
    body: null
    headers:
      Accept:
      - '*/*'
      Accept-Encoding:
      - gzip, deflate
      CommandName:
      - containerapp show
      Connection:
      - keep-alive
      ParameterSetName:
      - -g -n
      User-Agent:
      - python/3.10.10 (Windows-10-10.0.22621-SP0) AZURECLI/2.46.0
    method: GET
    uri: https://management.azure.com/subscriptions/00000000-0000-0000-0000-000000000000/resourceGroups/clitest.rg000001/providers/Microsoft.App/containerApps/yaml000003?api-version=2022-10-01
  response:
    body:
      string: '{"id":"/subscriptions/00000000-0000-0000-0000-000000000000/resourceGroups/clitest.rg000001/providers/Microsoft.App/containerapps/yaml000003","name":"yaml000003","type":"Microsoft.App/containerApps","location":"West
        Europe","tags":{"tagname":"value"},"systemData":{"createdBy":"xinyupang@microsoft.com","createdByType":"User","createdAt":"2023-03-20T07:02:26.9391172","lastModifiedBy":"xinyupang@microsoft.com","lastModifiedByType":"User","lastModifiedAt":"2023-03-20T07:02:26.9391172"},"properties":{"provisioningState":"Succeeded","managedEnvironmentId":"/subscriptions/00000000-0000-0000-0000-000000000000/resourceGroups/clitest.rg000001/providers/Microsoft.App/managedEnvironments/env000002","environmentId":"/subscriptions/00000000-0000-0000-0000-000000000000/resourceGroups/clitest.rg000001/providers/Microsoft.App/managedEnvironments/env000002","workloadProfileType":null,"outboundIpAddresses":["20.31.151.202"],"latestRevisionName":"yaml000003--myrevision","latestReadyRevisionName":"yaml000003--myrevision","latestRevisionFqdn":"yaml000003--myrevision.happyocean-0fd73bed.westeurope.azurecontainerapps.io","customDomainVerificationId":"D3F71C85EB6552E36A89A3E4A080C3CFB00181670B659B0003264FC673AA9B00","configuration":{"secrets":null,"activeRevisionsMode":"Multiple","ingress":{"fqdn":"yaml000003.happyocean-0fd73bed.westeurope.azurecontainerapps.io","external":true,"targetPort":80,"exposedPort":0,"transport":"Auto","traffic":[{"weight":100,"latestRevision":true}],"customDomains":null,"allowInsecure":false,"ipSecurityRestrictions":null,"corsPolicy":null,"clientCertificateMode":null},"registries":null,"dapr":null,"maxInactiveRevisions":null},"template":{"revisionSuffix":"myrevision","containers":[{"image":"nginx","name":"nginx","command":["npm","start"],"env":[{"name":"HTTP_PORT","value":"80"}],"resources":{"cpu":0.5,"memory":"1Gi","ephemeralStorage":"2Gi"}}],"initContainers":null,"scale":{"minReplicas":1,"maxReplicas":3,"rules":null},"volumes":null},"eventStreamEndpoint":"https://westeurope.azurecontainerapps.dev/subscriptions/00000000-0000-0000-0000-000000000000/resourceGroups/clitest.rg000001/containerApps/yaml000003/eventstream"},"identity":{"type":"None"}}'
    headers:
      api-supported-versions:
      - 2022-01-01-preview, 2022-03-01, 2022-06-01-preview, 2022-10-01, 2022-11-01-preview,
        2023-02-01
      cache-control:
      - no-cache
      content-length:
      - '2184'
      content-type:
      - application/json; charset=utf-8
      date:
      - Mon, 20 Mar 2023 07:02:51 GMT
      expires:
      - '-1'
      pragma:
      - no-cache
      server:
      - Microsoft-IIS/10.0
      strict-transport-security:
      - max-age=31536000; includeSubDomains
      transfer-encoding:
      - chunked
      vary:
      - Accept-Encoding,Accept-Encoding
      x-content-type-options:
      - nosniff
      x-powered-by:
      - ASP.NET
    status:
      code: 200
      message: OK
- request:
    body: null
    headers:
      Accept:
      - application/json
      Accept-Encoding:
      - gzip, deflate
      CommandName:
      - containerapp update
      Connection:
      - keep-alive
      ParameterSetName:
      - -n -g --yaml
      User-Agent:
      - AZURECLI/2.46.0 azsdk-python-azure-mgmt-resource/21.1.0b1 Python/3.10.10 (Windows-10-10.0.22621-SP0)
    method: GET
    uri: https://management.azure.com/subscriptions/00000000-0000-0000-0000-000000000000/providers/Microsoft.App?api-version=2021-04-01
  response:
    body:
      string: '{"id":"/subscriptions/00000000-0000-0000-0000-000000000000/providers/Microsoft.App","namespace":"Microsoft.App","authorizations":[{"applicationId":"7e3bc4fd-85a3-4192-b177-5b8bfc87f42c","roleDefinitionId":"39a74f72-b40f-4bdc-b639-562fe2260bf0"},{"applicationId":"3734c1a4-2bed-4998-a37a-ff1a9e7bf019","roleDefinitionId":"5c779a4f-5cb2-4547-8c41-478d9be8ba90"},{"applicationId":"55ebbb62-3b9c-49fd-9b87-9595226dd4ac","roleDefinitionId":"e49ca620-7992-4561-a7df-4ed67dad77b5","managedByRoleDefinitionId":"9e3af657-a8ff-583c-a75c-2fe7c4bcb635"}],"resourceTypes":[{"resourceType":"operations","locations":["North
        Central US (Stage)","Central US EUAP","East US 2 EUAP","Canada Central","West
        Europe","North Europe","East US","East US 2","East Asia","Australia East","Germany
        West Central","Japan East","UK South","West US","Central US","North Central
        US","South Central US","Korea Central","Brazil South","West US 3","France
        Central","South Africa North","Norway East","Switzerland North","UAE North"],"apiVersions":["2022-11-01-preview","2022-10-01","2022-06-01-preview","2022-03-01","2022-01-01-preview"],"capabilities":"None"},{"resourceType":"locations/connectedEnvironmentOperationResults","locations":["North
        Central US (Stage)","North Central US","East US","East Asia","West Europe","Central
        US EUAP","East US 2 EUAP"],"apiVersions":["2022-11-01-preview","2022-10-01","2022-06-01-preview"],"capabilities":"None"},{"resourceType":"managedEnvironments","locations":["Central
        US EUAP","East US 2 EUAP","North Central US (Stage)","Canada Central","West
        Europe","North Europe","East US","East US 2","East Asia","Australia East","Germany
        West Central","Japan East","UK South","West US","Central US","North Central
        US","South Central US","Korea Central","Brazil South","West US 3","France
        Central","South Africa North","Norway East","Switzerland North","UAE North"],"apiVersions":["2022-11-01-preview","2022-10-01","2022-06-01-preview","2022-03-01","2022-01-01-preview"],"capabilities":"CrossResourceGroupResourceMove,
        CrossSubscriptionResourceMove, SupportsTags, SupportsLocation"},{"resourceType":"managedEnvironments/certificates","locations":["Central
        US EUAP","East US 2 EUAP","North Central US (Stage)","Canada Central","West
        Europe","North Europe","East US","East US 2","East Asia","Australia East","Germany
        West Central","Japan East","UK South","West US","Central US","North Central
        US","South Central US","Korea Central","Brazil South","West US 3","France
        Central","South Africa North","Norway East","Switzerland North","UAE North"],"apiVersions":["2022-11-01-preview","2022-10-01","2022-06-01-preview","2022-03-01","2022-01-01-preview"],"capabilities":"CrossResourceGroupResourceMove,
        CrossSubscriptionResourceMove, SupportsTags, SupportsLocation"},{"resourceType":"managedEnvironments/managedCertificates","locations":["Central
        US EUAP","East US 2 EUAP","North Central US (Stage)","Canada Central","West
        Europe","North Europe","East US","East US 2","East Asia","Australia East","Germany
        West Central","Japan East","UK South","West US","Central US","North Central
        US","South Central US","Korea Central","Brazil South","West US 3","France
        Central","South Africa North","Norway East","Switzerland North","UAE North"],"apiVersions":["2022-11-01-preview"],"capabilities":"CrossResourceGroupResourceMove,
        CrossSubscriptionResourceMove, SupportsTags, SupportsLocation"},{"resourceType":"containerApps","locations":["Central
        US EUAP","East US 2 EUAP","North Central US (Stage)","Canada Central","West
        Europe","North Europe","East US","East US 2","East Asia","Australia East","Germany
        West Central","Japan East","UK South","West US","Central US","North Central
        US","South Central US","Korea Central","Brazil South","West US 3","France
        Central","South Africa North","Norway East","Switzerland North","UAE North"],"apiVersions":["2022-11-01-preview","2022-10-01","2022-06-01-preview","2022-03-01","2022-01-01-preview"],"capabilities":"CrossResourceGroupResourceMove,
        CrossSubscriptionResourceMove, SystemAssignedResourceIdentity, SupportsTags,
        SupportsLocation"},{"resourceType":"jobs","locations":["Central US EUAP","East
        US 2 EUAP","North Central US (Stage)","Canada Central","West Europe","North
        Europe","East US","East US 2","East Asia","Australia East","Germany West Central","Japan
        East","UK South","West US","Central US","North Central US","South Central
        US","Korea Central","Brazil South","West US 3","France Central","South Africa
        North","Norway East","Switzerland North","UAE North"],"apiVersions":["2022-11-01-preview"],"capabilities":"CrossResourceGroupResourceMove,
        CrossSubscriptionResourceMove, SystemAssignedResourceIdentity, SupportsTags,
        SupportsLocation"},{"resourceType":"locations","locations":[],"apiVersions":["2022-11-01-preview","2022-10-01","2022-06-01-preview","2022-03-01","2022-01-01-preview"],"capabilities":"None"},{"resourceType":"locations/managedEnvironmentOperationResults","locations":["Central
        US EUAP","East US 2 EUAP","North Central US (Stage)","Canada Central","West
        Europe","North Europe","East US","East US 2","East Asia","Australia East","Germany
        West Central","Japan East","UK South","West US","Central US","North Central
        US","South Central US","Korea Central","Brazil South","West US 3","France
        Central","South Africa North","Norway East","Switzerland North","UAE North"],"apiVersions":["2022-11-01-preview","2022-10-01","2022-06-01-preview","2022-03-01","2022-01-01-preview"],"capabilities":"None"},{"resourceType":"locations/managedEnvironmentOperationStatuses","locations":["Central
        US EUAP","East US 2 EUAP","North Central US (Stage)","Canada Central","West
        Europe","North Europe","East US","East US 2","East Asia","Australia East","Germany
        West Central","Japan East","UK South","West US","Central US","North Central
        US","South Central US","Korea Central","Brazil South","West US 3","France
        Central","South Africa North","Norway East","Switzerland North","UAE North"],"apiVersions":["2022-11-01-preview","2022-10-01","2022-06-01-preview","2022-03-01","2022-01-01-preview"],"capabilities":"None"},{"resourceType":"locations/containerappOperationResults","locations":["Central
        US EUAP","East US 2 EUAP","North Central US (Stage)","Canada Central","West
        Europe","North Europe","East US","East US 2","East Asia","Australia East","Germany
        West Central","Japan East","UK South","West US","Central US","North Central
        US","South Central US","Korea Central","Brazil South","West US 3","France
        Central","South Africa North","Norway East","Switzerland North","UAE North"],"apiVersions":["2022-11-01-preview","2022-10-01","2022-06-01-preview","2022-03-01","2022-01-01-preview"],"capabilities":"None"},{"resourceType":"locations/containerappOperationStatuses","locations":["Central
        US EUAP","East US 2 EUAP","North Central US (Stage)","Canada Central","West
        Europe","North Europe","East US","East US 2","East Asia","Australia East","Germany
        West Central","Japan East","UK South","West US","Central US","North Central
        US","South Central US","Korea Central","Brazil South","West US 3","France
        Central","South Africa North","Norway East","Switzerland North","UAE North"],"apiVersions":["2022-11-01-preview","2022-10-01","2022-06-01-preview","2022-03-01","2022-01-01-preview"],"capabilities":"None"},{"resourceType":"connectedEnvironments","locations":["Central
        US EUAP","East US 2 EUAP","North Central US (Stage)","North Central US","East
        US","East Asia","West Europe"],"apiVersions":["2022-11-01-preview","2022-10-01","2022-06-01-preview"],"capabilities":"CrossResourceGroupResourceMove,
        CrossSubscriptionResourceMove, SupportsTags, SupportsLocation"},{"resourceType":"connectedEnvironments/certificates","locations":["Central
        US EUAP","East US 2 EUAP","North Central US (Stage)","North Central US","East
        US","East Asia","West Europe"],"apiVersions":["2022-11-01-preview","2022-10-01","2022-06-01-preview"],"capabilities":"CrossResourceGroupResourceMove,
        CrossSubscriptionResourceMove, SupportsTags, SupportsLocation"},{"resourceType":"locations/connectedEnvironmentOperationStatuses","locations":["Central
        US EUAP","East US 2 EUAP","North Central US (Stage)","North Central US","East
        US","East Asia","West Europe"],"apiVersions":["2022-11-01-preview","2022-10-01","2022-06-01-preview"],"capabilities":"None"},{"resourceType":"locations/billingMeters","locations":["Central
        US EUAP","East US 2 EUAP","North Central US (Stage)","Australia East","North
        Central US","East US 2","West Europe","Central US","East US","North Europe","South
        Central US","UK South","West US 3"],"apiVersions":["2022-11-01-preview","2022-10-01","2022-06-01-preview"],"capabilities":"None"},{"resourceType":"locations/availableManagedEnvironmentsWorkloadProfileTypes","locations":["Central
        US EUAP","East US 2 EUAP","North Central US (Stage)","Australia East","North
        Central US","East US 2","West Europe","Central US","East US","North Europe","South
        Central US","UK South","West US 3"],"apiVersions":["2022-11-01-preview","2022-10-01","2022-06-01-preview"],"capabilities":"None"}],"registrationState":"Registered","registrationPolicy":"RegistrationRequired"}'
    headers:
      cache-control:
      - no-cache
      content-length:
      - '9060'
      content-type:
      - application/json; charset=utf-8
      date:
      - Mon, 20 Mar 2023 07:02:52 GMT
      expires:
      - '-1'
      pragma:
      - no-cache
      strict-transport-security:
      - max-age=31536000; includeSubDomains
      vary:
      - Accept-Encoding
      x-content-type-options:
      - nosniff
    status:
      code: 200
      message: OK
- request:
    body: null
    headers:
      Accept:
      - application/json
      Accept-Encoding:
      - gzip, deflate
      CommandName:
      - containerapp update
      Connection:
      - keep-alive
      ParameterSetName:
      - -n -g --yaml
      User-Agent:
      - AZURECLI/2.46.0 azsdk-python-azure-mgmt-resource/21.1.0b1 Python/3.10.10 (Windows-10-10.0.22621-SP0)
    method: GET
    uri: https://management.azure.com/subscriptions/00000000-0000-0000-0000-000000000000/providers/Microsoft.App?api-version=2021-04-01
  response:
    body:
      string: '{"id":"/subscriptions/00000000-0000-0000-0000-000000000000/providers/Microsoft.App","namespace":"Microsoft.App","authorizations":[{"applicationId":"7e3bc4fd-85a3-4192-b177-5b8bfc87f42c","roleDefinitionId":"39a74f72-b40f-4bdc-b639-562fe2260bf0"},{"applicationId":"3734c1a4-2bed-4998-a37a-ff1a9e7bf019","roleDefinitionId":"5c779a4f-5cb2-4547-8c41-478d9be8ba90"},{"applicationId":"55ebbb62-3b9c-49fd-9b87-9595226dd4ac","roleDefinitionId":"e49ca620-7992-4561-a7df-4ed67dad77b5","managedByRoleDefinitionId":"9e3af657-a8ff-583c-a75c-2fe7c4bcb635"}],"resourceTypes":[{"resourceType":"operations","locations":["North
        Central US (Stage)","Central US EUAP","East US 2 EUAP","Canada Central","West
        Europe","North Europe","East US","East US 2","East Asia","Australia East","Germany
        West Central","Japan East","UK South","West US","Central US","North Central
        US","South Central US","Korea Central","Brazil South","West US 3","France
        Central","South Africa North","Norway East","Switzerland North","UAE North"],"apiVersions":["2022-11-01-preview","2022-10-01","2022-06-01-preview","2022-03-01","2022-01-01-preview"],"capabilities":"None"},{"resourceType":"locations/connectedEnvironmentOperationResults","locations":["North
        Central US (Stage)","North Central US","East US","East Asia","West Europe","Central
        US EUAP","East US 2 EUAP"],"apiVersions":["2022-11-01-preview","2022-10-01","2022-06-01-preview"],"capabilities":"None"},{"resourceType":"managedEnvironments","locations":["Central
        US EUAP","East US 2 EUAP","North Central US (Stage)","Canada Central","West
        Europe","North Europe","East US","East US 2","East Asia","Australia East","Germany
        West Central","Japan East","UK South","West US","Central US","North Central
        US","South Central US","Korea Central","Brazil South","West US 3","France
        Central","South Africa North","Norway East","Switzerland North","UAE North"],"apiVersions":["2022-11-01-preview","2022-10-01","2022-06-01-preview","2022-03-01","2022-01-01-preview"],"capabilities":"CrossResourceGroupResourceMove,
        CrossSubscriptionResourceMove, SupportsTags, SupportsLocation"},{"resourceType":"managedEnvironments/certificates","locations":["Central
        US EUAP","East US 2 EUAP","North Central US (Stage)","Canada Central","West
        Europe","North Europe","East US","East US 2","East Asia","Australia East","Germany
        West Central","Japan East","UK South","West US","Central US","North Central
        US","South Central US","Korea Central","Brazil South","West US 3","France
        Central","South Africa North","Norway East","Switzerland North","UAE North"],"apiVersions":["2022-11-01-preview","2022-10-01","2022-06-01-preview","2022-03-01","2022-01-01-preview"],"capabilities":"CrossResourceGroupResourceMove,
        CrossSubscriptionResourceMove, SupportsTags, SupportsLocation"},{"resourceType":"managedEnvironments/managedCertificates","locations":["Central
        US EUAP","East US 2 EUAP","North Central US (Stage)","Canada Central","West
        Europe","North Europe","East US","East US 2","East Asia","Australia East","Germany
        West Central","Japan East","UK South","West US","Central US","North Central
        US","South Central US","Korea Central","Brazil South","West US 3","France
        Central","South Africa North","Norway East","Switzerland North","UAE North"],"apiVersions":["2022-11-01-preview"],"capabilities":"CrossResourceGroupResourceMove,
        CrossSubscriptionResourceMove, SupportsTags, SupportsLocation"},{"resourceType":"containerApps","locations":["Central
        US EUAP","East US 2 EUAP","North Central US (Stage)","Canada Central","West
        Europe","North Europe","East US","East US 2","East Asia","Australia East","Germany
        West Central","Japan East","UK South","West US","Central US","North Central
        US","South Central US","Korea Central","Brazil South","West US 3","France
        Central","South Africa North","Norway East","Switzerland North","UAE North"],"apiVersions":["2022-11-01-preview","2022-10-01","2022-06-01-preview","2022-03-01","2022-01-01-preview"],"capabilities":"CrossResourceGroupResourceMove,
        CrossSubscriptionResourceMove, SystemAssignedResourceIdentity, SupportsTags,
        SupportsLocation"},{"resourceType":"jobs","locations":["Central US EUAP","East
        US 2 EUAP","North Central US (Stage)","Canada Central","West Europe","North
        Europe","East US","East US 2","East Asia","Australia East","Germany West Central","Japan
        East","UK South","West US","Central US","North Central US","South Central
        US","Korea Central","Brazil South","West US 3","France Central","South Africa
        North","Norway East","Switzerland North","UAE North"],"apiVersions":["2022-11-01-preview"],"capabilities":"CrossResourceGroupResourceMove,
        CrossSubscriptionResourceMove, SystemAssignedResourceIdentity, SupportsTags,
        SupportsLocation"},{"resourceType":"locations","locations":[],"apiVersions":["2022-11-01-preview","2022-10-01","2022-06-01-preview","2022-03-01","2022-01-01-preview"],"capabilities":"None"},{"resourceType":"locations/managedEnvironmentOperationResults","locations":["Central
        US EUAP","East US 2 EUAP","North Central US (Stage)","Canada Central","West
        Europe","North Europe","East US","East US 2","East Asia","Australia East","Germany
        West Central","Japan East","UK South","West US","Central US","North Central
        US","South Central US","Korea Central","Brazil South","West US 3","France
        Central","South Africa North","Norway East","Switzerland North","UAE North"],"apiVersions":["2022-11-01-preview","2022-10-01","2022-06-01-preview","2022-03-01","2022-01-01-preview"],"capabilities":"None"},{"resourceType":"locations/managedEnvironmentOperationStatuses","locations":["Central
        US EUAP","East US 2 EUAP","North Central US (Stage)","Canada Central","West
        Europe","North Europe","East US","East US 2","East Asia","Australia East","Germany
        West Central","Japan East","UK South","West US","Central US","North Central
        US","South Central US","Korea Central","Brazil South","West US 3","France
        Central","South Africa North","Norway East","Switzerland North","UAE North"],"apiVersions":["2022-11-01-preview","2022-10-01","2022-06-01-preview","2022-03-01","2022-01-01-preview"],"capabilities":"None"},{"resourceType":"locations/containerappOperationResults","locations":["Central
        US EUAP","East US 2 EUAP","North Central US (Stage)","Canada Central","West
        Europe","North Europe","East US","East US 2","East Asia","Australia East","Germany
        West Central","Japan East","UK South","West US","Central US","North Central
        US","South Central US","Korea Central","Brazil South","West US 3","France
        Central","South Africa North","Norway East","Switzerland North","UAE North"],"apiVersions":["2022-11-01-preview","2022-10-01","2022-06-01-preview","2022-03-01","2022-01-01-preview"],"capabilities":"None"},{"resourceType":"locations/containerappOperationStatuses","locations":["Central
        US EUAP","East US 2 EUAP","North Central US (Stage)","Canada Central","West
        Europe","North Europe","East US","East US 2","East Asia","Australia East","Germany
        West Central","Japan East","UK South","West US","Central US","North Central
        US","South Central US","Korea Central","Brazil South","West US 3","France
        Central","South Africa North","Norway East","Switzerland North","UAE North"],"apiVersions":["2022-11-01-preview","2022-10-01","2022-06-01-preview","2022-03-01","2022-01-01-preview"],"capabilities":"None"},{"resourceType":"connectedEnvironments","locations":["Central
        US EUAP","East US 2 EUAP","North Central US (Stage)","North Central US","East
        US","East Asia","West Europe"],"apiVersions":["2022-11-01-preview","2022-10-01","2022-06-01-preview"],"capabilities":"CrossResourceGroupResourceMove,
        CrossSubscriptionResourceMove, SupportsTags, SupportsLocation"},{"resourceType":"connectedEnvironments/certificates","locations":["Central
        US EUAP","East US 2 EUAP","North Central US (Stage)","North Central US","East
        US","East Asia","West Europe"],"apiVersions":["2022-11-01-preview","2022-10-01","2022-06-01-preview"],"capabilities":"CrossResourceGroupResourceMove,
        CrossSubscriptionResourceMove, SupportsTags, SupportsLocation"},{"resourceType":"locations/connectedEnvironmentOperationStatuses","locations":["Central
        US EUAP","East US 2 EUAP","North Central US (Stage)","North Central US","East
        US","East Asia","West Europe"],"apiVersions":["2022-11-01-preview","2022-10-01","2022-06-01-preview"],"capabilities":"None"},{"resourceType":"locations/billingMeters","locations":["Central
        US EUAP","East US 2 EUAP","North Central US (Stage)","Australia East","North
        Central US","East US 2","West Europe","Central US","East US","North Europe","South
        Central US","UK South","West US 3"],"apiVersions":["2022-11-01-preview","2022-10-01","2022-06-01-preview"],"capabilities":"None"},{"resourceType":"locations/availableManagedEnvironmentsWorkloadProfileTypes","locations":["Central
        US EUAP","East US 2 EUAP","North Central US (Stage)","Australia East","North
        Central US","East US 2","West Europe","Central US","East US","North Europe","South
        Central US","UK South","West US 3"],"apiVersions":["2022-11-01-preview","2022-10-01","2022-06-01-preview"],"capabilities":"None"}],"registrationState":"Registered","registrationPolicy":"RegistrationRequired"}'
    headers:
      cache-control:
      - no-cache
      content-length:
      - '9060'
      content-type:
      - application/json; charset=utf-8
      date:
      - Mon, 20 Mar 2023 07:02:53 GMT
      expires:
      - '-1'
      pragma:
      - no-cache
      strict-transport-security:
      - max-age=31536000; includeSubDomains
      vary:
      - Accept-Encoding
      x-content-type-options:
      - nosniff
    status:
      code: 200
      message: OK
- request:
    body: null
    headers:
      Accept:
      - '*/*'
      Accept-Encoding:
      - gzip, deflate
      CommandName:
      - containerapp update
      Connection:
      - keep-alive
      ParameterSetName:
      - -n -g --yaml
      User-Agent:
      - python/3.10.10 (Windows-10-10.0.22621-SP0) AZURECLI/2.46.0
    method: GET
    uri: https://management.azure.com/subscriptions/00000000-0000-0000-0000-000000000000/resourceGroups/clitest.rg000001/providers/Microsoft.App/containerApps/yaml000003?api-version=2022-10-01
  response:
    body:
      string: '{"id":"/subscriptions/00000000-0000-0000-0000-000000000000/resourceGroups/clitest.rg000001/providers/Microsoft.App/containerapps/yaml000003","name":"yaml000003","type":"Microsoft.App/containerApps","location":"West
        Europe","tags":{"tagname":"value"},"systemData":{"createdBy":"xinyupang@microsoft.com","createdByType":"User","createdAt":"2023-03-20T07:02:26.9391172","lastModifiedBy":"xinyupang@microsoft.com","lastModifiedByType":"User","lastModifiedAt":"2023-03-20T07:02:26.9391172"},"properties":{"provisioningState":"Succeeded","managedEnvironmentId":"/subscriptions/00000000-0000-0000-0000-000000000000/resourceGroups/clitest.rg000001/providers/Microsoft.App/managedEnvironments/env000002","environmentId":"/subscriptions/00000000-0000-0000-0000-000000000000/resourceGroups/clitest.rg000001/providers/Microsoft.App/managedEnvironments/env000002","workloadProfileType":null,"outboundIpAddresses":["20.31.151.202"],"latestRevisionName":"yaml000003--myrevision","latestReadyRevisionName":"yaml000003--myrevision","latestRevisionFqdn":"yaml000003--myrevision.happyocean-0fd73bed.westeurope.azurecontainerapps.io","customDomainVerificationId":"D3F71C85EB6552E36A89A3E4A080C3CFB00181670B659B0003264FC673AA9B00","configuration":{"secrets":null,"activeRevisionsMode":"Multiple","ingress":{"fqdn":"yaml000003.happyocean-0fd73bed.westeurope.azurecontainerapps.io","external":true,"targetPort":80,"exposedPort":0,"transport":"Auto","traffic":[{"weight":100,"latestRevision":true}],"customDomains":null,"allowInsecure":false,"ipSecurityRestrictions":null,"corsPolicy":null,"clientCertificateMode":null},"registries":null,"dapr":null,"maxInactiveRevisions":null},"template":{"revisionSuffix":"myrevision","containers":[{"image":"nginx","name":"nginx","command":["npm","start"],"env":[{"name":"HTTP_PORT","value":"80"}],"resources":{"cpu":0.5,"memory":"1Gi","ephemeralStorage":"2Gi"}}],"initContainers":null,"scale":{"minReplicas":1,"maxReplicas":3,"rules":null},"volumes":null},"eventStreamEndpoint":"https://westeurope.azurecontainerapps.dev/subscriptions/00000000-0000-0000-0000-000000000000/resourceGroups/clitest.rg000001/containerApps/yaml000003/eventstream"},"identity":{"type":"None"}}'
    headers:
      api-supported-versions:
      - 2022-01-01-preview, 2022-03-01, 2022-06-01-preview, 2022-10-01, 2022-11-01-preview,
        2023-02-01
      cache-control:
      - no-cache
      content-length:
      - '2184'
      content-type:
      - application/json; charset=utf-8
      date:
      - Mon, 20 Mar 2023 07:02:54 GMT
      expires:
      - '-1'
      pragma:
      - no-cache
      server:
      - Microsoft-IIS/10.0
      strict-transport-security:
      - max-age=31536000; includeSubDomains
      transfer-encoding:
      - chunked
      vary:
      - Accept-Encoding,Accept-Encoding
      x-content-type-options:
      - nosniff
      x-powered-by:
      - ASP.NET
    status:
      code: 200
      message: OK
- request:
    body: null
    headers:
      Accept:
      - application/json
      Accept-Encoding:
      - gzip, deflate
      CommandName:
      - containerapp update
      Connection:
      - keep-alive
      ParameterSetName:
      - -n -g --yaml
      User-Agent:
      - AZURECLI/2.46.0 azsdk-python-azure-mgmt-resource/21.1.0b1 Python/3.10.10 (Windows-10-10.0.22621-SP0)
    method: GET
    uri: https://management.azure.com/subscriptions/00000000-0000-0000-0000-000000000000/providers/Microsoft.App?api-version=2021-04-01
  response:
    body:
      string: '{"id":"/subscriptions/00000000-0000-0000-0000-000000000000/providers/Microsoft.App","namespace":"Microsoft.App","authorizations":[{"applicationId":"7e3bc4fd-85a3-4192-b177-5b8bfc87f42c","roleDefinitionId":"39a74f72-b40f-4bdc-b639-562fe2260bf0"},{"applicationId":"3734c1a4-2bed-4998-a37a-ff1a9e7bf019","roleDefinitionId":"5c779a4f-5cb2-4547-8c41-478d9be8ba90"},{"applicationId":"55ebbb62-3b9c-49fd-9b87-9595226dd4ac","roleDefinitionId":"e49ca620-7992-4561-a7df-4ed67dad77b5","managedByRoleDefinitionId":"9e3af657-a8ff-583c-a75c-2fe7c4bcb635"}],"resourceTypes":[{"resourceType":"operations","locations":["North
        Central US (Stage)","Central US EUAP","East US 2 EUAP","Canada Central","West
        Europe","North Europe","East US","East US 2","East Asia","Australia East","Germany
        West Central","Japan East","UK South","West US","Central US","North Central
        US","South Central US","Korea Central","Brazil South","West US 3","France
        Central","South Africa North","Norway East","Switzerland North","UAE North"],"apiVersions":["2022-11-01-preview","2022-10-01","2022-06-01-preview","2022-03-01","2022-01-01-preview"],"capabilities":"None"},{"resourceType":"locations/connectedEnvironmentOperationResults","locations":["North
        Central US (Stage)","North Central US","East US","East Asia","West Europe","Central
        US EUAP","East US 2 EUAP"],"apiVersions":["2022-11-01-preview","2022-10-01","2022-06-01-preview"],"capabilities":"None"},{"resourceType":"managedEnvironments","locations":["Central
        US EUAP","East US 2 EUAP","North Central US (Stage)","Canada Central","West
        Europe","North Europe","East US","East US 2","East Asia","Australia East","Germany
        West Central","Japan East","UK South","West US","Central US","North Central
        US","South Central US","Korea Central","Brazil South","West US 3","France
        Central","South Africa North","Norway East","Switzerland North","UAE North"],"apiVersions":["2022-11-01-preview","2022-10-01","2022-06-01-preview","2022-03-01","2022-01-01-preview"],"capabilities":"CrossResourceGroupResourceMove,
        CrossSubscriptionResourceMove, SupportsTags, SupportsLocation"},{"resourceType":"managedEnvironments/certificates","locations":["Central
        US EUAP","East US 2 EUAP","North Central US (Stage)","Canada Central","West
        Europe","North Europe","East US","East US 2","East Asia","Australia East","Germany
        West Central","Japan East","UK South","West US","Central US","North Central
        US","South Central US","Korea Central","Brazil South","West US 3","France
        Central","South Africa North","Norway East","Switzerland North","UAE North"],"apiVersions":["2022-11-01-preview","2022-10-01","2022-06-01-preview","2022-03-01","2022-01-01-preview"],"capabilities":"CrossResourceGroupResourceMove,
        CrossSubscriptionResourceMove, SupportsTags, SupportsLocation"},{"resourceType":"managedEnvironments/managedCertificates","locations":["Central
        US EUAP","East US 2 EUAP","North Central US (Stage)","Canada Central","West
        Europe","North Europe","East US","East US 2","East Asia","Australia East","Germany
        West Central","Japan East","UK South","West US","Central US","North Central
        US","South Central US","Korea Central","Brazil South","West US 3","France
        Central","South Africa North","Norway East","Switzerland North","UAE North"],"apiVersions":["2022-11-01-preview"],"capabilities":"CrossResourceGroupResourceMove,
        CrossSubscriptionResourceMove, SupportsTags, SupportsLocation"},{"resourceType":"containerApps","locations":["Central
        US EUAP","East US 2 EUAP","North Central US (Stage)","Canada Central","West
        Europe","North Europe","East US","East US 2","East Asia","Australia East","Germany
        West Central","Japan East","UK South","West US","Central US","North Central
        US","South Central US","Korea Central","Brazil South","West US 3","France
        Central","South Africa North","Norway East","Switzerland North","UAE North"],"apiVersions":["2022-11-01-preview","2022-10-01","2022-06-01-preview","2022-03-01","2022-01-01-preview"],"capabilities":"CrossResourceGroupResourceMove,
        CrossSubscriptionResourceMove, SystemAssignedResourceIdentity, SupportsTags,
        SupportsLocation"},{"resourceType":"jobs","locations":["Central US EUAP","East
        US 2 EUAP","North Central US (Stage)","Canada Central","West Europe","North
        Europe","East US","East US 2","East Asia","Australia East","Germany West Central","Japan
        East","UK South","West US","Central US","North Central US","South Central
        US","Korea Central","Brazil South","West US 3","France Central","South Africa
        North","Norway East","Switzerland North","UAE North"],"apiVersions":["2022-11-01-preview"],"capabilities":"CrossResourceGroupResourceMove,
        CrossSubscriptionResourceMove, SystemAssignedResourceIdentity, SupportsTags,
        SupportsLocation"},{"resourceType":"locations","locations":[],"apiVersions":["2022-11-01-preview","2022-10-01","2022-06-01-preview","2022-03-01","2022-01-01-preview"],"capabilities":"None"},{"resourceType":"locations/managedEnvironmentOperationResults","locations":["Central
        US EUAP","East US 2 EUAP","North Central US (Stage)","Canada Central","West
        Europe","North Europe","East US","East US 2","East Asia","Australia East","Germany
        West Central","Japan East","UK South","West US","Central US","North Central
        US","South Central US","Korea Central","Brazil South","West US 3","France
        Central","South Africa North","Norway East","Switzerland North","UAE North"],"apiVersions":["2022-11-01-preview","2022-10-01","2022-06-01-preview","2022-03-01","2022-01-01-preview"],"capabilities":"None"},{"resourceType":"locations/managedEnvironmentOperationStatuses","locations":["Central
        US EUAP","East US 2 EUAP","North Central US (Stage)","Canada Central","West
        Europe","North Europe","East US","East US 2","East Asia","Australia East","Germany
        West Central","Japan East","UK South","West US","Central US","North Central
        US","South Central US","Korea Central","Brazil South","West US 3","France
        Central","South Africa North","Norway East","Switzerland North","UAE North"],"apiVersions":["2022-11-01-preview","2022-10-01","2022-06-01-preview","2022-03-01","2022-01-01-preview"],"capabilities":"None"},{"resourceType":"locations/containerappOperationResults","locations":["Central
        US EUAP","East US 2 EUAP","North Central US (Stage)","Canada Central","West
        Europe","North Europe","East US","East US 2","East Asia","Australia East","Germany
        West Central","Japan East","UK South","West US","Central US","North Central
        US","South Central US","Korea Central","Brazil South","West US 3","France
        Central","South Africa North","Norway East","Switzerland North","UAE North"],"apiVersions":["2022-11-01-preview","2022-10-01","2022-06-01-preview","2022-03-01","2022-01-01-preview"],"capabilities":"None"},{"resourceType":"locations/containerappOperationStatuses","locations":["Central
        US EUAP","East US 2 EUAP","North Central US (Stage)","Canada Central","West
        Europe","North Europe","East US","East US 2","East Asia","Australia East","Germany
        West Central","Japan East","UK South","West US","Central US","North Central
        US","South Central US","Korea Central","Brazil South","West US 3","France
        Central","South Africa North","Norway East","Switzerland North","UAE North"],"apiVersions":["2022-11-01-preview","2022-10-01","2022-06-01-preview","2022-03-01","2022-01-01-preview"],"capabilities":"None"},{"resourceType":"connectedEnvironments","locations":["Central
        US EUAP","East US 2 EUAP","North Central US (Stage)","North Central US","East
        US","East Asia","West Europe"],"apiVersions":["2022-11-01-preview","2022-10-01","2022-06-01-preview"],"capabilities":"CrossResourceGroupResourceMove,
        CrossSubscriptionResourceMove, SupportsTags, SupportsLocation"},{"resourceType":"connectedEnvironments/certificates","locations":["Central
        US EUAP","East US 2 EUAP","North Central US (Stage)","North Central US","East
        US","East Asia","West Europe"],"apiVersions":["2022-11-01-preview","2022-10-01","2022-06-01-preview"],"capabilities":"CrossResourceGroupResourceMove,
        CrossSubscriptionResourceMove, SupportsTags, SupportsLocation"},{"resourceType":"locations/connectedEnvironmentOperationStatuses","locations":["Central
        US EUAP","East US 2 EUAP","North Central US (Stage)","North Central US","East
        US","East Asia","West Europe"],"apiVersions":["2022-11-01-preview","2022-10-01","2022-06-01-preview"],"capabilities":"None"},{"resourceType":"locations/billingMeters","locations":["Central
        US EUAP","East US 2 EUAP","North Central US (Stage)","Australia East","North
        Central US","East US 2","West Europe","Central US","East US","North Europe","South
        Central US","UK South","West US 3"],"apiVersions":["2022-11-01-preview","2022-10-01","2022-06-01-preview"],"capabilities":"None"},{"resourceType":"locations/availableManagedEnvironmentsWorkloadProfileTypes","locations":["Central
        US EUAP","East US 2 EUAP","North Central US (Stage)","Australia East","North
        Central US","East US 2","West Europe","Central US","East US","North Europe","South
        Central US","UK South","West US 3"],"apiVersions":["2022-11-01-preview","2022-10-01","2022-06-01-preview"],"capabilities":"None"}],"registrationState":"Registered","registrationPolicy":"RegistrationRequired"}'
    headers:
      cache-control:
      - no-cache
      content-length:
      - '9060'
      content-type:
      - application/json; charset=utf-8
      date:
      - Mon, 20 Mar 2023 07:02:55 GMT
      expires:
      - '-1'
      pragma:
      - no-cache
      strict-transport-security:
      - max-age=31536000; includeSubDomains
      vary:
      - Accept-Encoding
      x-content-type-options:
      - nosniff
    status:
      code: 200
      message: OK
- request:
    body: null
    headers:
      Accept:
      - '*/*'
      Accept-Encoding:
      - gzip, deflate
      CommandName:
      - containerapp update
      Connection:
      - keep-alive
      ParameterSetName:
      - -n -g --yaml
      User-Agent:
      - python/3.10.10 (Windows-10-10.0.22621-SP0) AZURECLI/2.46.0
    method: GET
    uri: https://management.azure.com/subscriptions/00000000-0000-0000-0000-000000000000/resourceGroups/clitest.rg000001/providers/Microsoft.App/containerApps/yaml000003?api-version=2022-10-01
  response:
    body:
      string: '{"id":"/subscriptions/00000000-0000-0000-0000-000000000000/resourceGroups/clitest.rg000001/providers/Microsoft.App/containerapps/yaml000003","name":"yaml000003","type":"Microsoft.App/containerApps","location":"West
        Europe","tags":{"tagname":"value"},"systemData":{"createdBy":"xinyupang@microsoft.com","createdByType":"User","createdAt":"2023-03-20T07:02:26.9391172","lastModifiedBy":"xinyupang@microsoft.com","lastModifiedByType":"User","lastModifiedAt":"2023-03-20T07:02:26.9391172"},"properties":{"provisioningState":"Succeeded","managedEnvironmentId":"/subscriptions/00000000-0000-0000-0000-000000000000/resourceGroups/clitest.rg000001/providers/Microsoft.App/managedEnvironments/env000002","environmentId":"/subscriptions/00000000-0000-0000-0000-000000000000/resourceGroups/clitest.rg000001/providers/Microsoft.App/managedEnvironments/env000002","workloadProfileType":null,"outboundIpAddresses":["20.31.151.202"],"latestRevisionName":"yaml000003--myrevision","latestReadyRevisionName":"yaml000003--myrevision","latestRevisionFqdn":"yaml000003--myrevision.happyocean-0fd73bed.westeurope.azurecontainerapps.io","customDomainVerificationId":"D3F71C85EB6552E36A89A3E4A080C3CFB00181670B659B0003264FC673AA9B00","configuration":{"secrets":null,"activeRevisionsMode":"Multiple","ingress":{"fqdn":"yaml000003.happyocean-0fd73bed.westeurope.azurecontainerapps.io","external":true,"targetPort":80,"exposedPort":0,"transport":"Auto","traffic":[{"weight":100,"latestRevision":true}],"customDomains":null,"allowInsecure":false,"ipSecurityRestrictions":null,"corsPolicy":null,"clientCertificateMode":null},"registries":null,"dapr":null,"maxInactiveRevisions":null},"template":{"revisionSuffix":"myrevision","containers":[{"image":"nginx","name":"nginx","command":["npm","start"],"env":[{"name":"HTTP_PORT","value":"80"}],"resources":{"cpu":0.5,"memory":"1Gi","ephemeralStorage":"2Gi"}}],"initContainers":null,"scale":{"minReplicas":1,"maxReplicas":3,"rules":null},"volumes":null},"eventStreamEndpoint":"https://westeurope.azurecontainerapps.dev/subscriptions/00000000-0000-0000-0000-000000000000/resourceGroups/clitest.rg000001/containerApps/yaml000003/eventstream"},"identity":{"type":"None"}}'
    headers:
      api-supported-versions:
      - 2022-01-01-preview, 2022-03-01, 2022-06-01-preview, 2022-10-01, 2022-11-01-preview,
        2023-02-01
      cache-control:
      - no-cache
      content-length:
      - '2184'
      content-type:
      - application/json; charset=utf-8
      date:
      - Mon, 20 Mar 2023 07:02:57 GMT
      expires:
      - '-1'
      pragma:
      - no-cache
      server:
      - Microsoft-IIS/10.0
      strict-transport-security:
      - max-age=31536000; includeSubDomains
      transfer-encoding:
      - chunked
      vary:
      - Accept-Encoding,Accept-Encoding
      x-content-type-options:
      - nosniff
      x-powered-by:
      - ASP.NET
    status:
      code: 200
      message: OK
- request:
    body: null
    headers:
      Accept:
      - '*/*'
      Accept-Encoding:
      - gzip, deflate
      CommandName:
      - containerapp update
      Connection:
      - keep-alive
      Content-Length:
      - '0'
      ParameterSetName:
      - -n -g --yaml
      User-Agent:
      - python/3.10.10 (Windows-10-10.0.22621-SP0) AZURECLI/2.46.0
    method: POST
    uri: https://management.azure.com/subscriptions/00000000-0000-0000-0000-000000000000/resourceGroups/clitest.rg000001/providers/Microsoft.App/containerApps/yaml000003/listSecrets?api-version=2022-10-01
  response:
    body:
      string: '{"value":[]}'
    headers:
      api-supported-versions:
      - 2022-01-01-preview, 2022-03-01, 2022-06-01-preview, 2022-10-01, 2022-11-01-preview,
        2023-02-01
      cache-control:
      - no-cache
      content-length:
      - '12'
      content-type:
      - application/json; charset=utf-8
      date:
      - Mon, 20 Mar 2023 07:03:00 GMT
      expires:
      - '-1'
      pragma:
      - no-cache
      server:
      - Microsoft-IIS/10.0
      strict-transport-security:
      - max-age=31536000; includeSubDomains
      transfer-encoding:
      - chunked
      vary:
      - Accept-Encoding,Accept-Encoding
      x-content-type-options:
      - nosniff
      x-ms-ratelimit-remaining-subscription-writes:
      - '1199'
      x-powered-by:
      - ASP.NET
    status:
      code: 200
      message: OK
- request:
    body: '{"tags": {"tagname": "value"}, "location": "westeurope", "properties":
      {"environmentId": "/subscriptions/00000000-0000-0000-0000-000000000000/resourceGroups/clitest.rg000001/providers/Microsoft.App/managedEnvironments/env000002",
      "configuration": {"activeRevisionsMode": "Multiple", "ingress": {"external":
      true, "targetPort": 80, "transport": "Auto", "traffic": [{"weight": 100, "latestRevision":
      true}]}}, "template": {"revisionSuffix": "myrevision", "containers": [{"image":
      "nginx", "name": "nginx", "command": ["npm", "start"], "env": [{"name": "HTTP_PORT",
      "value": "80"}], "resources": {"cpu": 0.5, "memory": "1Gi"}}], "scale": {"minReplicas":
      1, "maxReplicas": 3}}}}'
    headers:
      Accept:
      - '*/*'
      Accept-Encoding:
      - gzip, deflate
      CommandName:
      - containerapp update
      Connection:
      - keep-alive
      Content-Length:
      - '674'
      Content-Type:
      - application/json
      ParameterSetName:
      - -n -g --yaml
      User-Agent:
      - python/3.10.10 (Windows-10-10.0.22621-SP0) AZURECLI/2.46.0
    method: PATCH
    uri: https://management.azure.com/subscriptions/00000000-0000-0000-0000-000000000000/resourceGroups/clitest.rg000001/providers/Microsoft.App/containerApps/yaml000003?api-version=2022-10-01
  response:
    body:
      string: ''
    headers:
      api-supported-versions:
      - 2022-01-01-preview, 2022-03-01, 2022-06-01-preview, 2022-10-01, 2022-11-01-preview,
        2023-02-01
      cache-control:
      - no-cache
      content-length:
      - '0'
      date:
      - Mon, 20 Mar 2023 07:03:04 GMT
      expires:
      - '-1'
      location:
      - https://management.azure.com/subscriptions/00000000-0000-0000-0000-000000000000/providers/Microsoft.App/locations/westeurope/containerappOperationResults/5e7d0223-1cf4-495e-9231-f4b61f3da10c?api-version=2022-10-01
      pragma:
      - no-cache
      server:
      - Microsoft-IIS/10.0
      strict-transport-security:
      - max-age=31536000; includeSubDomains
      x-content-type-options:
      - nosniff
      x-ms-ratelimit-remaining-subscription-resource-requests:
      - '499'
      x-powered-by:
      - ASP.NET
    status:
      code: 202
      message: Accepted
- request:
    body: null
    headers:
      Accept:
      - '*/*'
      Accept-Encoding:
      - gzip, deflate
      CommandName:
      - containerapp update
      Connection:
      - keep-alive
      ParameterSetName:
      - -n -g --yaml
      User-Agent:
      - python/3.10.10 (Windows-10-10.0.22621-SP0) AZURECLI/2.46.0
    method: GET
    uri: https://management.azure.com/subscriptions/00000000-0000-0000-0000-000000000000/providers/Microsoft.App/locations/westeurope/containerappOperationResults/5e7d0223-1cf4-495e-9231-f4b61f3da10c?api-version=2022-10-01
  response:
    body:
      string: ''
    headers:
      api-supported-versions:
      - 2022-01-01-preview, 2022-03-01, 2022-06-01-preview, 2022-10-01, 2022-11-01-preview,
        2023-02-01
      cache-control:
      - no-cache
      content-length:
      - '0'
      date:
      - Mon, 20 Mar 2023 07:03:05 GMT
      expires:
      - '-1'
      location:
      - https://management.azure.com/subscriptions/00000000-0000-0000-0000-000000000000/providers/Microsoft.App/locations/westeurope/containerappOperationResults/5e7d0223-1cf4-495e-9231-f4b61f3da10c?api-version=2022-10-01
      pragma:
      - no-cache
      server:
      - Microsoft-IIS/10.0
      strict-transport-security:
      - max-age=31536000; includeSubDomains
      x-content-type-options:
      - nosniff
      x-powered-by:
      - ASP.NET
    status:
      code: 202
      message: Accepted
- request:
    body: null
    headers:
      Accept:
      - '*/*'
      Accept-Encoding:
      - gzip, deflate
      CommandName:
      - containerapp update
      Connection:
      - keep-alive
      ParameterSetName:
      - -n -g --yaml
      User-Agent:
      - python/3.10.10 (Windows-10-10.0.22621-SP0) AZURECLI/2.46.0
    method: GET
    uri: https://management.azure.com/subscriptions/00000000-0000-0000-0000-000000000000/providers/Microsoft.App/locations/westeurope/containerappOperationResults/5e7d0223-1cf4-495e-9231-f4b61f3da10c?api-version=2022-10-01
  response:
    body:
      string: ''
    headers:
      api-supported-versions:
      - 2022-01-01-preview, 2022-03-01, 2022-06-01-preview, 2022-10-01, 2022-11-01-preview,
        2023-02-01
      cache-control:
      - no-cache
      content-length:
      - '0'
      date:
      - Mon, 20 Mar 2023 07:03:09 GMT
      expires:
      - '-1'
      location:
      - https://management.azure.com/subscriptions/00000000-0000-0000-0000-000000000000/providers/Microsoft.App/locations/westeurope/containerappOperationResults/5e7d0223-1cf4-495e-9231-f4b61f3da10c?api-version=2022-10-01
      pragma:
      - no-cache
      server:
      - Microsoft-IIS/10.0
      strict-transport-security:
      - max-age=31536000; includeSubDomains
      x-content-type-options:
      - nosniff
      x-powered-by:
      - ASP.NET
    status:
      code: 202
      message: Accepted
- request:
    body: null
    headers:
      Accept:
      - '*/*'
      Accept-Encoding:
      - gzip, deflate
      CommandName:
      - containerapp update
      Connection:
      - keep-alive
      ParameterSetName:
      - -n -g --yaml
      User-Agent:
      - python/3.10.10 (Windows-10-10.0.22621-SP0) AZURECLI/2.46.0
    method: GET
    uri: https://management.azure.com/subscriptions/00000000-0000-0000-0000-000000000000/providers/Microsoft.App/locations/westeurope/containerappOperationResults/5e7d0223-1cf4-495e-9231-f4b61f3da10c?api-version=2022-10-01
  response:
    body:
      string: '{"id":"/subscriptions/00000000-0000-0000-0000-000000000000/resourceGroups/clitest.rg000001/providers/Microsoft.App/containerapps/yaml000003","name":"yaml000003","type":"Microsoft.App/containerApps","location":"West
        Europe","tags":{"tagname":"value"},"systemData":{"createdBy":"xinyupang@microsoft.com","createdByType":"User","createdAt":"2023-03-20T07:02:26.9391172","lastModifiedBy":"xinyupang@microsoft.com","lastModifiedByType":"User","lastModifiedAt":"2023-03-20T07:03:02.3765699"},"properties":{"provisioningState":"Succeeded","managedEnvironmentId":"/subscriptions/00000000-0000-0000-0000-000000000000/resourceGroups/clitest.rg000001/providers/Microsoft.App/managedEnvironments/env000002","environmentId":"/subscriptions/00000000-0000-0000-0000-000000000000/resourceGroups/clitest.rg000001/providers/Microsoft.App/managedEnvironments/env000002","workloadProfileType":null,"outboundIpAddresses":["20.31.151.202"],"latestRevisionName":"yaml000003--myrevision","latestReadyRevisionName":"yaml000003--myrevision","latestRevisionFqdn":"yaml000003--myrevision.happyocean-0fd73bed.westeurope.azurecontainerapps.io","customDomainVerificationId":"D3F71C85EB6552E36A89A3E4A080C3CFB00181670B659B0003264FC673AA9B00","configuration":{"secrets":null,"activeRevisionsMode":"Multiple","ingress":{"fqdn":"yaml000003.happyocean-0fd73bed.westeurope.azurecontainerapps.io","external":true,"targetPort":80,"exposedPort":0,"transport":"Auto","traffic":[{"weight":100,"latestRevision":true}],"customDomains":null,"allowInsecure":false,"ipSecurityRestrictions":null,"corsPolicy":null,"clientCertificateMode":null},"registries":null,"dapr":null,"maxInactiveRevisions":null},"template":{"revisionSuffix":"myrevision","containers":[{"image":"nginx","name":"nginx","command":["npm","start"],"env":[{"name":"HTTP_PORT","value":"80"}],"resources":{"cpu":0.5,"memory":"1Gi","ephemeralStorage":"2Gi"}}],"initContainers":null,"scale":{"minReplicas":1,"maxReplicas":3,"rules":null},"volumes":null},"eventStreamEndpoint":"https://westeurope.azurecontainerapps.dev/subscriptions/00000000-0000-0000-0000-000000000000/resourceGroups/clitest.rg000001/containerApps/yaml000003/eventstream"},"identity":{"type":"None"}}'
    headers:
      api-supported-versions:
      - 2022-01-01-preview, 2022-03-01, 2022-06-01-preview, 2022-10-01, 2022-11-01-preview,
        2023-02-01
      cache-control:
      - no-cache
      content-length:
      - '2184'
      content-type:
      - application/json; charset=utf-8
      date:
      - Mon, 20 Mar 2023 07:03:12 GMT
      expires:
      - '-1'
      pragma:
      - no-cache
      server:
      - Microsoft-IIS/10.0
      strict-transport-security:
      - max-age=31536000; includeSubDomains
      transfer-encoding:
      - chunked
      vary:
      - Accept-Encoding,Accept-Encoding
      x-content-type-options:
      - nosniff
      x-powered-by:
      - ASP.NET
    status:
      code: 200
      message: OK
- request:
    body: null
    headers:
      Accept:
      - application/json
      Accept-Encoding:
      - gzip, deflate
      CommandName:
      - containerapp show
      Connection:
      - keep-alive
      ParameterSetName:
      - -g -n
      User-Agent:
      - AZURECLI/2.46.0 azsdk-python-azure-mgmt-resource/21.1.0b1 Python/3.10.10 (Windows-10-10.0.22621-SP0)
    method: GET
    uri: https://management.azure.com/subscriptions/00000000-0000-0000-0000-000000000000/providers/Microsoft.App?api-version=2021-04-01
  response:
    body:
      string: '{"id":"/subscriptions/00000000-0000-0000-0000-000000000000/providers/Microsoft.App","namespace":"Microsoft.App","authorizations":[{"applicationId":"7e3bc4fd-85a3-4192-b177-5b8bfc87f42c","roleDefinitionId":"39a74f72-b40f-4bdc-b639-562fe2260bf0"},{"applicationId":"3734c1a4-2bed-4998-a37a-ff1a9e7bf019","roleDefinitionId":"5c779a4f-5cb2-4547-8c41-478d9be8ba90"},{"applicationId":"55ebbb62-3b9c-49fd-9b87-9595226dd4ac","roleDefinitionId":"e49ca620-7992-4561-a7df-4ed67dad77b5","managedByRoleDefinitionId":"9e3af657-a8ff-583c-a75c-2fe7c4bcb635"}],"resourceTypes":[{"resourceType":"operations","locations":["North
        Central US (Stage)","Central US EUAP","East US 2 EUAP","Canada Central","West
        Europe","North Europe","East US","East US 2","East Asia","Australia East","Germany
        West Central","Japan East","UK South","West US","Central US","North Central
        US","South Central US","Korea Central","Brazil South","West US 3","France
        Central","South Africa North","Norway East","Switzerland North","UAE North"],"apiVersions":["2022-11-01-preview","2022-10-01","2022-06-01-preview","2022-03-01","2022-01-01-preview"],"capabilities":"None"},{"resourceType":"locations/connectedEnvironmentOperationResults","locations":["North
        Central US (Stage)","North Central US","East US","East Asia","West Europe","Central
        US EUAP","East US 2 EUAP"],"apiVersions":["2022-11-01-preview","2022-10-01","2022-06-01-preview"],"capabilities":"None"},{"resourceType":"managedEnvironments","locations":["Central
        US EUAP","East US 2 EUAP","North Central US (Stage)","Canada Central","West
        Europe","North Europe","East US","East US 2","East Asia","Australia East","Germany
        West Central","Japan East","UK South","West US","Central US","North Central
        US","South Central US","Korea Central","Brazil South","West US 3","France
        Central","South Africa North","Norway East","Switzerland North","UAE North"],"apiVersions":["2022-11-01-preview","2022-10-01","2022-06-01-preview","2022-03-01","2022-01-01-preview"],"capabilities":"CrossResourceGroupResourceMove,
        CrossSubscriptionResourceMove, SupportsTags, SupportsLocation"},{"resourceType":"managedEnvironments/certificates","locations":["Central
        US EUAP","East US 2 EUAP","North Central US (Stage)","Canada Central","West
        Europe","North Europe","East US","East US 2","East Asia","Australia East","Germany
        West Central","Japan East","UK South","West US","Central US","North Central
        US","South Central US","Korea Central","Brazil South","West US 3","France
        Central","South Africa North","Norway East","Switzerland North","UAE North"],"apiVersions":["2022-11-01-preview","2022-10-01","2022-06-01-preview","2022-03-01","2022-01-01-preview"],"capabilities":"CrossResourceGroupResourceMove,
        CrossSubscriptionResourceMove, SupportsTags, SupportsLocation"},{"resourceType":"managedEnvironments/managedCertificates","locations":["Central
        US EUAP","East US 2 EUAP","North Central US (Stage)","Canada Central","West
        Europe","North Europe","East US","East US 2","East Asia","Australia East","Germany
        West Central","Japan East","UK South","West US","Central US","North Central
        US","South Central US","Korea Central","Brazil South","West US 3","France
        Central","South Africa North","Norway East","Switzerland North","UAE North"],"apiVersions":["2022-11-01-preview"],"capabilities":"CrossResourceGroupResourceMove,
        CrossSubscriptionResourceMove, SupportsTags, SupportsLocation"},{"resourceType":"containerApps","locations":["Central
        US EUAP","East US 2 EUAP","North Central US (Stage)","Canada Central","West
        Europe","North Europe","East US","East US 2","East Asia","Australia East","Germany
        West Central","Japan East","UK South","West US","Central US","North Central
        US","South Central US","Korea Central","Brazil South","West US 3","France
        Central","South Africa North","Norway East","Switzerland North","UAE North"],"apiVersions":["2022-11-01-preview","2022-10-01","2022-06-01-preview","2022-03-01","2022-01-01-preview"],"capabilities":"CrossResourceGroupResourceMove,
        CrossSubscriptionResourceMove, SystemAssignedResourceIdentity, SupportsTags,
        SupportsLocation"},{"resourceType":"jobs","locations":["Central US EUAP","East
        US 2 EUAP","North Central US (Stage)","Canada Central","West Europe","North
        Europe","East US","East US 2","East Asia","Australia East","Germany West Central","Japan
        East","UK South","West US","Central US","North Central US","South Central
        US","Korea Central","Brazil South","West US 3","France Central","South Africa
        North","Norway East","Switzerland North","UAE North"],"apiVersions":["2022-11-01-preview"],"capabilities":"CrossResourceGroupResourceMove,
        CrossSubscriptionResourceMove, SystemAssignedResourceIdentity, SupportsTags,
        SupportsLocation"},{"resourceType":"locations","locations":[],"apiVersions":["2022-11-01-preview","2022-10-01","2022-06-01-preview","2022-03-01","2022-01-01-preview"],"capabilities":"None"},{"resourceType":"locations/managedEnvironmentOperationResults","locations":["Central
        US EUAP","East US 2 EUAP","North Central US (Stage)","Canada Central","West
        Europe","North Europe","East US","East US 2","East Asia","Australia East","Germany
        West Central","Japan East","UK South","West US","Central US","North Central
        US","South Central US","Korea Central","Brazil South","West US 3","France
        Central","South Africa North","Norway East","Switzerland North","UAE North"],"apiVersions":["2022-11-01-preview","2022-10-01","2022-06-01-preview","2022-03-01","2022-01-01-preview"],"capabilities":"None"},{"resourceType":"locations/managedEnvironmentOperationStatuses","locations":["Central
        US EUAP","East US 2 EUAP","North Central US (Stage)","Canada Central","West
        Europe","North Europe","East US","East US 2","East Asia","Australia East","Germany
        West Central","Japan East","UK South","West US","Central US","North Central
        US","South Central US","Korea Central","Brazil South","West US 3","France
        Central","South Africa North","Norway East","Switzerland North","UAE North"],"apiVersions":["2022-11-01-preview","2022-10-01","2022-06-01-preview","2022-03-01","2022-01-01-preview"],"capabilities":"None"},{"resourceType":"locations/containerappOperationResults","locations":["Central
        US EUAP","East US 2 EUAP","North Central US (Stage)","Canada Central","West
        Europe","North Europe","East US","East US 2","East Asia","Australia East","Germany
        West Central","Japan East","UK South","West US","Central US","North Central
        US","South Central US","Korea Central","Brazil South","West US 3","France
        Central","South Africa North","Norway East","Switzerland North","UAE North"],"apiVersions":["2022-11-01-preview","2022-10-01","2022-06-01-preview","2022-03-01","2022-01-01-preview"],"capabilities":"None"},{"resourceType":"locations/containerappOperationStatuses","locations":["Central
        US EUAP","East US 2 EUAP","North Central US (Stage)","Canada Central","West
        Europe","North Europe","East US","East US 2","East Asia","Australia East","Germany
        West Central","Japan East","UK South","West US","Central US","North Central
        US","South Central US","Korea Central","Brazil South","West US 3","France
        Central","South Africa North","Norway East","Switzerland North","UAE North"],"apiVersions":["2022-11-01-preview","2022-10-01","2022-06-01-preview","2022-03-01","2022-01-01-preview"],"capabilities":"None"},{"resourceType":"connectedEnvironments","locations":["Central
        US EUAP","East US 2 EUAP","North Central US (Stage)","North Central US","East
        US","East Asia","West Europe"],"apiVersions":["2022-11-01-preview","2022-10-01","2022-06-01-preview"],"capabilities":"CrossResourceGroupResourceMove,
        CrossSubscriptionResourceMove, SupportsTags, SupportsLocation"},{"resourceType":"connectedEnvironments/certificates","locations":["Central
        US EUAP","East US 2 EUAP","North Central US (Stage)","North Central US","East
        US","East Asia","West Europe"],"apiVersions":["2022-11-01-preview","2022-10-01","2022-06-01-preview"],"capabilities":"CrossResourceGroupResourceMove,
        CrossSubscriptionResourceMove, SupportsTags, SupportsLocation"},{"resourceType":"locations/connectedEnvironmentOperationStatuses","locations":["Central
        US EUAP","East US 2 EUAP","North Central US (Stage)","North Central US","East
        US","East Asia","West Europe"],"apiVersions":["2022-11-01-preview","2022-10-01","2022-06-01-preview"],"capabilities":"None"},{"resourceType":"locations/billingMeters","locations":["Central
        US EUAP","East US 2 EUAP","North Central US (Stage)","Australia East","North
        Central US","East US 2","West Europe","Central US","East US","North Europe","South
        Central US","UK South","West US 3"],"apiVersions":["2022-11-01-preview","2022-10-01","2022-06-01-preview"],"capabilities":"None"},{"resourceType":"locations/availableManagedEnvironmentsWorkloadProfileTypes","locations":["Central
        US EUAP","East US 2 EUAP","North Central US (Stage)","Australia East","North
        Central US","East US 2","West Europe","Central US","East US","North Europe","South
        Central US","UK South","West US 3"],"apiVersions":["2022-11-01-preview","2022-10-01","2022-06-01-preview"],"capabilities":"None"}],"registrationState":"Registered","registrationPolicy":"RegistrationRequired"}'
    headers:
      cache-control:
      - no-cache
      content-length:
      - '9060'
      content-type:
      - application/json; charset=utf-8
      date:
      - Mon, 20 Mar 2023 07:03:13 GMT
      expires:
      - '-1'
      pragma:
      - no-cache
      strict-transport-security:
      - max-age=31536000; includeSubDomains
      vary:
      - Accept-Encoding
      x-content-type-options:
      - nosniff
    status:
      code: 200
      message: OK
- request:
    body: null
    headers:
      Accept:
      - '*/*'
      Accept-Encoding:
      - gzip, deflate
      CommandName:
      - containerapp show
      Connection:
      - keep-alive
      ParameterSetName:
      - -g -n
      User-Agent:
      - python/3.10.10 (Windows-10-10.0.22621-SP0) AZURECLI/2.46.0
    method: GET
    uri: https://management.azure.com/subscriptions/00000000-0000-0000-0000-000000000000/resourceGroups/clitest.rg000001/providers/Microsoft.App/containerApps/yaml000003?api-version=2022-10-01
  response:
    body:
      string: '{"id":"/subscriptions/00000000-0000-0000-0000-000000000000/resourceGroups/clitest.rg000001/providers/Microsoft.App/containerapps/yaml000003","name":"yaml000003","type":"Microsoft.App/containerApps","location":"West
        Europe","tags":{"tagname":"value"},"systemData":{"createdBy":"xinyupang@microsoft.com","createdByType":"User","createdAt":"2023-03-20T07:02:26.9391172","lastModifiedBy":"xinyupang@microsoft.com","lastModifiedByType":"User","lastModifiedAt":"2023-03-20T07:03:02.3765699"},"properties":{"provisioningState":"Succeeded","managedEnvironmentId":"/subscriptions/00000000-0000-0000-0000-000000000000/resourceGroups/clitest.rg000001/providers/Microsoft.App/managedEnvironments/env000002","environmentId":"/subscriptions/00000000-0000-0000-0000-000000000000/resourceGroups/clitest.rg000001/providers/Microsoft.App/managedEnvironments/env000002","workloadProfileType":null,"outboundIpAddresses":["20.31.151.202"],"latestRevisionName":"yaml000003--myrevision","latestReadyRevisionName":"yaml000003--myrevision","latestRevisionFqdn":"yaml000003--myrevision.happyocean-0fd73bed.westeurope.azurecontainerapps.io","customDomainVerificationId":"D3F71C85EB6552E36A89A3E4A080C3CFB00181670B659B0003264FC673AA9B00","configuration":{"secrets":null,"activeRevisionsMode":"Multiple","ingress":{"fqdn":"yaml000003.happyocean-0fd73bed.westeurope.azurecontainerapps.io","external":true,"targetPort":80,"exposedPort":0,"transport":"Auto","traffic":[{"weight":100,"latestRevision":true}],"customDomains":null,"allowInsecure":false,"ipSecurityRestrictions":null,"corsPolicy":null,"clientCertificateMode":null},"registries":null,"dapr":null,"maxInactiveRevisions":null},"template":{"revisionSuffix":"myrevision","containers":[{"image":"nginx","name":"nginx","command":["npm","start"],"env":[{"name":"HTTP_PORT","value":"80"}],"resources":{"cpu":0.5,"memory":"1Gi","ephemeralStorage":"2Gi"}}],"initContainers":null,"scale":{"minReplicas":1,"maxReplicas":3,"rules":null},"volumes":null},"eventStreamEndpoint":"https://westeurope.azurecontainerapps.dev/subscriptions/00000000-0000-0000-0000-000000000000/resourceGroups/clitest.rg000001/containerApps/yaml000003/eventstream"},"identity":{"type":"None"}}'
    headers:
      api-supported-versions:
      - 2022-01-01-preview, 2022-03-01, 2022-06-01-preview, 2022-10-01, 2022-11-01-preview,
        2023-02-01
      cache-control:
      - no-cache
      content-length:
      - '2184'
      content-type:
      - application/json; charset=utf-8
      date:
      - Mon, 20 Mar 2023 07:03:15 GMT
      expires:
      - '-1'
      pragma:
      - no-cache
      server:
      - Microsoft-IIS/10.0
      strict-transport-security:
      - max-age=31536000; includeSubDomains
      transfer-encoding:
      - chunked
      vary:
      - Accept-Encoding,Accept-Encoding
      x-content-type-options:
      - nosniff
      x-powered-by:
      - ASP.NET
    status:
      code: 200
      message: OK
version: 1
