interactions:
- request:
    body: null
    headers:
      Accept:
      - application/json
      Accept-Encoding:
      - gzip, deflate
      CommandName:
      - monitor log-analytics workspace create
      Connection:
      - keep-alive
      ParameterSetName:
      - -g -n
      User-Agent:
      - AZURECLI/2.33.0 azsdk-python-azure-mgmt-resource/20.0.0 Python/3.6.7 (Windows-10-10.0.22000-SP0)
    method: GET
    uri: https://management.azure.com/subscriptions/00000000-0000-0000-0000-000000000000/resourcegroups/clitest.rg000001?api-version=2021-04-01
  response:
    body:
      string: '{"id":"/subscriptions/00000000-0000-0000-0000-000000000000/resourceGroups/clitest.rg000001","name":"clitest.rg000001","type":"Microsoft.Resources/resourceGroups","location":"northeurope","tags":{"product":"azurecli","cause":"automation","date":"2022-05-10T18:59:28Z"},"properties":{"provisioningState":"Succeeded"}}'
    headers:
      cache-control:
      - no-cache
      content-length:
      - '315'
      content-type:
      - application/json; charset=utf-8
      date:
      - Tue, 10 May 2022 18:59:32 GMT
      expires:
      - '-1'
      pragma:
      - no-cache
      strict-transport-security:
      - max-age=31536000; includeSubDomains
      vary:
      - Accept-Encoding
      x-content-type-options:
      - nosniff
    status:
      code: 200
      message: OK
- request:
    body: '{"location": "northeurope", "properties": {"sku": {"name": "PerGB2018"},
      "retentionInDays": 30, "workspaceCapping": {}}}'
    headers:
      Accept:
      - application/json
      Accept-Encoding:
      - gzip, deflate
      CommandName:
      - monitor log-analytics workspace create
      Connection:
      - keep-alive
      Content-Length:
      - '120'
      Content-Type:
      - application/json
      ParameterSetName:
      - -g -n
      User-Agent:
      - AZURECLI/2.33.0 azsdk-python-mgmt-loganalytics/12.0.0 Python/3.6.7 (Windows-10-10.0.22000-SP0)
    method: PUT
    uri: https://management.azure.com/subscriptions/00000000-0000-0000-0000-000000000000/resourcegroups/clitest.rg000001/providers/Microsoft.OperationalInsights/workspaces/containerapp-env000003?api-version=2021-06-01
  response:
    body:
      string: '{"properties":{"customerId":"d1833452-7547-40a1-9251-c808d86b26f9","provisioningState":"Creating","sku":{"name":"PerGB2018","lastSkuUpdate":"2022-05-10T18:59:39.3621057Z"},"retentionInDays":30,"features":{"legacy":0,"searchVersion":1,"enableLogAccessUsingOnlyResourcePermissions":true},"workspaceCapping":{"dailyQuotaGb":-1.0,"quotaNextResetTime":"2022-05-10T19:00:00Z","dataIngestionStatus":"RespectQuota"},"publicNetworkAccessForIngestion":"Enabled","publicNetworkAccessForQuery":"Enabled","createdDate":"2022-05-10T18:59:39.3621057Z","modifiedDate":"2022-05-10T18:59:39.3621057Z"},"location":"northeurope","id":"/subscriptions/00000000-0000-0000-0000-000000000000/resourceGroups/clitest.rg000001/providers/Microsoft.OperationalInsights/workspaces/containerapp-env000003","name":"containerapp-env000003","type":"Microsoft.OperationalInsights/workspaces"}'
    headers:
      access-control-allow-origin:
      - '*'
      api-supported-versions:
      - 2015-03-20, 2020-08-01, 2020-10-01, 2021-06-01
      cache-control:
      - no-cache
      content-length:
      - '856'
      content-type:
      - application/json; charset=utf-8
      date:
      - Tue, 10 May 2022 18:59:41 GMT
      expires:
      - '-1'
      location:
      - https://management.azure.com/subscriptions/00000000-0000-0000-0000-000000000000/resourceGroups/clitest.rg000001/providers/Microsoft.OperationalInsights/workspaces/containerapp-env000003?api-version=2021-06-01
      pragma:
      - no-cache
      request-context:
      - appId=cid-v1:e6336c63-aab2-45f0-996a-e5dbab2a1508
      server:
      - Microsoft-IIS/10.0
      strict-transport-security:
      - max-age=31536000; includeSubDomains
      x-content-type-options:
      - nosniff
      x-ms-ratelimit-remaining-subscription-writes:
      - '1199'
      x-powered-by:
      - ASP.NET
    status:
      code: 201
      message: Created
- request:
    body: null
    headers:
      Accept:
      - '*/*'
      Accept-Encoding:
      - gzip, deflate
      CommandName:
      - monitor log-analytics workspace create
      Connection:
      - keep-alive
      ParameterSetName:
      - -g -n
      User-Agent:
      - AZURECLI/2.33.0 azsdk-python-mgmt-loganalytics/12.0.0 Python/3.6.7 (Windows-10-10.0.22000-SP0)
    method: GET
    uri: https://management.azure.com/subscriptions/00000000-0000-0000-0000-000000000000/resourceGroups/clitest.rg000001/providers/Microsoft.OperationalInsights/workspaces/containerapp-env000003?api-version=2021-06-01
  response:
    body:
      string: '{"properties":{"customerId":"d1833452-7547-40a1-9251-c808d86b26f9","provisioningState":"Succeeded","sku":{"name":"PerGB2018","lastSkuUpdate":"2022-05-10T18:59:39.3621057Z"},"retentionInDays":30,"features":{"legacy":0,"searchVersion":1,"enableLogAccessUsingOnlyResourcePermissions":true},"workspaceCapping":{"dailyQuotaGb":-1.0,"quotaNextResetTime":"2022-05-10T19:00:00Z","dataIngestionStatus":"RespectQuota"},"publicNetworkAccessForIngestion":"Enabled","publicNetworkAccessForQuery":"Enabled","createdDate":"2022-05-10T18:59:39.3621057Z","modifiedDate":"2022-05-10T18:59:39.3621057Z"},"location":"northeurope","id":"/subscriptions/00000000-0000-0000-0000-000000000000/resourceGroups/clitest.rg000001/providers/Microsoft.OperationalInsights/workspaces/containerapp-env000003","name":"containerapp-env000003","type":"Microsoft.OperationalInsights/workspaces"}'
    headers:
      access-control-allow-origin:
      - '*'
      api-supported-versions:
      - 2015-03-20, 2020-08-01, 2020-10-01, 2021-06-01
      cache-control:
      - no-cache
      content-length:
      - '857'
      content-type:
      - application/json; charset=utf-8
      date:
      - Tue, 10 May 2022 19:00:12 GMT
      expires:
      - '-1'
      pragma:
      - no-cache
      request-context:
      - appId=cid-v1:e6336c63-aab2-45f0-996a-e5dbab2a1508
      server:
      - Microsoft-IIS/10.0
      strict-transport-security:
      - max-age=31536000; includeSubDomains
      transfer-encoding:
      - chunked
      vary:
      - Accept-Encoding,Accept-Encoding
      x-content-type-options:
      - nosniff
      x-powered-by:
      - ASP.NET
    status:
      code: 200
      message: OK
- request:
    body: null
    headers:
      Accept:
      - application/json
      Accept-Encoding:
      - gzip, deflate
      CommandName:
      - monitor log-analytics workspace get-shared-keys
      Connection:
      - keep-alive
      Content-Length:
      - '0'
      ParameterSetName:
      - -g -n
      User-Agent:
      - AZURECLI/2.33.0 azsdk-python-mgmt-loganalytics/12.0.0 Python/3.6.7 (Windows-10-10.0.22000-SP0)
    method: POST
    uri: https://management.azure.com/subscriptions/00000000-0000-0000-0000-000000000000/resourcegroups/clitest.rg000001/providers/Microsoft.OperationalInsights/workspaces/containerapp-env000003/sharedKeys?api-version=2020-08-01
  response:
    body:
      string: '{"primarySharedKey":"ACUDLpMtnLFdIgSiRDcgnjdOTymzQGa59bolWbjcH2CBKALwWjU9YsCP4MJDTS3f7Pyw/8IEHsuzmkqo5DpLSw==","secondarySharedKey":"qU6T2c3V65OEFuqKXJ4wKrTTl69KSjr4ZUzhWhZeFjKZ8GAR4kf61dj1IYbg8pd6/BXp1rCFrTSEyksXJs0UaA=="}'
    headers:
      access-control-allow-origin:
      - '*'
      api-supported-versions:
      - 2015-03-20, 2020-08-01, 2020-10-01, 2021-06-01
      cache-control:
      - no-cache
      content-length:
      - '223'
      content-type:
      - application/json; charset=utf-8
      date:
      - Tue, 10 May 2022 19:00:14 GMT
      expires:
      - '-1'
      pragma:
      - no-cache
      request-context:
      - appId=cid-v1:e6336c63-aab2-45f0-996a-e5dbab2a1508
      server:
      - Microsoft-IIS/10.0
      strict-transport-security:
      - max-age=31536000; includeSubDomains
      transfer-encoding:
      - chunked
      vary:
      - Accept-Encoding
      x-content-type-options:
      - nosniff
      x-ms-ratelimit-remaining-subscription-writes:
      - '1199'
      x-powered-by:
      - ASP.NET
    status:
      code: 200
      message: OK
- request:
    body: null
    headers:
      Accept:
      - application/json
      Accept-Encoding:
      - gzip, deflate
      CommandName:
      - containerapp env create
      Connection:
      - keep-alive
      ParameterSetName:
      - -g -n --logs-workspace-id --logs-workspace-key
      User-Agent:
      - AZURECLI/2.33.0 azsdk-python-azure-mgmt-resource/20.0.0 Python/3.6.7 (Windows-10-10.0.22000-SP0)
    method: GET
    uri: https://management.azure.com/subscriptions/00000000-0000-0000-0000-000000000000/resourcegroups/clitest.rg000001?api-version=2021-04-01
  response:
    body:
      string: '{"id":"/subscriptions/00000000-0000-0000-0000-000000000000/resourceGroups/clitest.rg000001","name":"clitest.rg000001","type":"Microsoft.Resources/resourceGroups","location":"northeurope","tags":{"product":"azurecli","cause":"automation","date":"2022-05-10T18:59:28Z"},"properties":{"provisioningState":"Succeeded"}}'
    headers:
      cache-control:
      - no-cache
      content-length:
      - '315'
      content-type:
      - application/json; charset=utf-8
      date:
      - Tue, 10 May 2022 19:00:15 GMT
      expires:
      - '-1'
      pragma:
      - no-cache
      strict-transport-security:
      - max-age=31536000; includeSubDomains
      vary:
      - Accept-Encoding
      x-content-type-options:
      - nosniff
    status:
      code: 200
      message: OK
- request:
    body: null
    headers:
      Accept:
      - application/json
      Accept-Encoding:
      - gzip, deflate
      CommandName:
      - containerapp env create
      Connection:
      - keep-alive
      ParameterSetName:
      - -g -n --logs-workspace-id --logs-workspace-key
      User-Agent:
      - AZURECLI/2.33.0 azsdk-python-azure-mgmt-resource/20.0.0 Python/3.6.7 (Windows-10-10.0.22000-SP0)
    method: GET
    uri: https://management.azure.com/subscriptions/00000000-0000-0000-0000-000000000000/providers/Microsoft.App?api-version=2021-04-01
  response:
    body:
      string: '{"id":"/subscriptions/00000000-0000-0000-0000-000000000000/providers/Microsoft.App","namespace":"Microsoft.App","authorizations":[{"applicationId":"7e3bc4fd-85a3-4192-b177-5b8bfc87f42c","roleDefinitionId":"39a74f72-b40f-4bdc-b639-562fe2260bf0"},{"applicationId":"3734c1a4-2bed-4998-a37a-ff1a9e7bf019","roleDefinitionId":"5c779a4f-5cb2-4547-8c41-478d9be8ba90"}],"resourceTypes":[{"resourceType":"managedEnvironments","locations":["North
        Central US (Stage)","Canada Central","West Europe","North Europe","East US","East
        US 2","Central US EUAP"],"apiVersions":["2022-03-01","2022-01-01-preview"],"capabilities":"CrossResourceGroupResourceMove,
        CrossSubscriptionResourceMove, SupportsTags, SupportsLocation"},{"resourceType":"managedEnvironments/certificates","locations":["North
        Central US (Stage)","Canada Central","West Europe","North Europe","East US","East
        US 2","Central US EUAP"],"apiVersions":["2022-03-01","2022-01-01-preview"],"capabilities":"CrossResourceGroupResourceMove,
        CrossSubscriptionResourceMove, SupportsTags, SupportsLocation"},{"resourceType":"containerApps","locations":["North
        Central US (Stage)","Canada Central","West Europe","North Europe","East US","East
        US 2","Central US EUAP"],"apiVersions":["2022-03-01","2022-01-01-preview"],"capabilities":"CrossResourceGroupResourceMove,
        CrossSubscriptionResourceMove, SystemAssignedResourceIdentity, SupportsTags,
        SupportsLocation"},{"resourceType":"locations","locations":[],"apiVersions":["2022-03-01","2022-01-01-preview"],"capabilities":"None"},{"resourceType":"locations/managedEnvironmentOperationResults","locations":["North
        Central US (Stage)","Canada Central","West Europe","North Europe","East US","East
        US 2","Central US EUAP"],"apiVersions":["2022-03-01","2022-01-01-preview"],"capabilities":"None"},{"resourceType":"locations/managedEnvironmentOperationStatuses","locations":["North
        Central US (Stage)","Canada Central","West Europe","North Europe","East US","East
        US 2","Central US EUAP"],"apiVersions":["2022-03-01","2022-01-01-preview"],"capabilities":"None"},{"resourceType":"locations/containerappOperationResults","locations":["North
        Central US (Stage)","Canada Central","West Europe","North Europe","East US","East
        US 2","Central US EUAP"],"apiVersions":["2022-03-01","2022-01-01-preview"],"capabilities":"None"},{"resourceType":"locations/containerappOperationStatuses","locations":["North
        Central US (Stage)","Canada Central","West Europe","North Europe","East US","East
        US 2","Central US EUAP"],"apiVersions":["2022-03-01","2022-01-01-preview"],"capabilities":"None"},{"resourceType":"operations","locations":["North
        Central US (Stage)","Central US EUAP","Canada Central","West Europe","North
        Europe","East US","East US 2"],"apiVersions":["2022-03-01","2022-01-01-preview"],"capabilities":"None"}],"registrationState":"Registered","registrationPolicy":"RegistrationRequired"}'
    headers:
      cache-control:
      - no-cache
      content-length:
      - '2863'
      content-type:
      - application/json; charset=utf-8
      date:
      - Tue, 10 May 2022 19:00:15 GMT
      expires:
      - '-1'
      pragma:
      - no-cache
      strict-transport-security:
      - max-age=31536000; includeSubDomains
      vary:
      - Accept-Encoding
      x-content-type-options:
      - nosniff
    status:
      code: 200
      message: OK
- request:
    body: null
    headers:
      Accept:
      - application/json
      Accept-Encoding:
      - gzip, deflate
      CommandName:
      - containerapp env create
      Connection:
      - keep-alive
      ParameterSetName:
      - -g -n --logs-workspace-id --logs-workspace-key
      User-Agent:
      - AZURECLI/2.33.0 azsdk-python-azure-mgmt-resource/20.0.0 Python/3.6.7 (Windows-10-10.0.22000-SP0)
    method: GET
    uri: https://management.azure.com/subscriptions/00000000-0000-0000-0000-000000000000/providers/Microsoft.App?api-version=2021-04-01
  response:
    body:
      string: '{"id":"/subscriptions/00000000-0000-0000-0000-000000000000/providers/Microsoft.App","namespace":"Microsoft.App","authorizations":[{"applicationId":"7e3bc4fd-85a3-4192-b177-5b8bfc87f42c","roleDefinitionId":"39a74f72-b40f-4bdc-b639-562fe2260bf0"},{"applicationId":"3734c1a4-2bed-4998-a37a-ff1a9e7bf019","roleDefinitionId":"5c779a4f-5cb2-4547-8c41-478d9be8ba90"}],"resourceTypes":[{"resourceType":"managedEnvironments","locations":["North
        Central US (Stage)","Canada Central","West Europe","North Europe","East US","East
        US 2","Central US EUAP"],"apiVersions":["2022-03-01","2022-01-01-preview"],"capabilities":"CrossResourceGroupResourceMove,
        CrossSubscriptionResourceMove, SupportsTags, SupportsLocation"},{"resourceType":"managedEnvironments/certificates","locations":["North
        Central US (Stage)","Canada Central","West Europe","North Europe","East US","East
        US 2","Central US EUAP"],"apiVersions":["2022-03-01","2022-01-01-preview"],"capabilities":"CrossResourceGroupResourceMove,
        CrossSubscriptionResourceMove, SupportsTags, SupportsLocation"},{"resourceType":"containerApps","locations":["North
        Central US (Stage)","Canada Central","West Europe","North Europe","East US","East
        US 2","Central US EUAP"],"apiVersions":["2022-03-01","2022-01-01-preview"],"capabilities":"CrossResourceGroupResourceMove,
        CrossSubscriptionResourceMove, SystemAssignedResourceIdentity, SupportsTags,
        SupportsLocation"},{"resourceType":"locations","locations":[],"apiVersions":["2022-03-01","2022-01-01-preview"],"capabilities":"None"},{"resourceType":"locations/managedEnvironmentOperationResults","locations":["North
        Central US (Stage)","Canada Central","West Europe","North Europe","East US","East
        US 2","Central US EUAP"],"apiVersions":["2022-03-01","2022-01-01-preview"],"capabilities":"None"},{"resourceType":"locations/managedEnvironmentOperationStatuses","locations":["North
        Central US (Stage)","Canada Central","West Europe","North Europe","East US","East
        US 2","Central US EUAP"],"apiVersions":["2022-03-01","2022-01-01-preview"],"capabilities":"None"},{"resourceType":"locations/containerappOperationResults","locations":["North
        Central US (Stage)","Canada Central","West Europe","North Europe","East US","East
        US 2","Central US EUAP"],"apiVersions":["2022-03-01","2022-01-01-preview"],"capabilities":"None"},{"resourceType":"locations/containerappOperationStatuses","locations":["North
        Central US (Stage)","Canada Central","West Europe","North Europe","East US","East
        US 2","Central US EUAP"],"apiVersions":["2022-03-01","2022-01-01-preview"],"capabilities":"None"},{"resourceType":"operations","locations":["North
        Central US (Stage)","Central US EUAP","Canada Central","West Europe","North
        Europe","East US","East US 2"],"apiVersions":["2022-03-01","2022-01-01-preview"],"capabilities":"None"}],"registrationState":"Registered","registrationPolicy":"RegistrationRequired"}'
    headers:
      cache-control:
      - no-cache
      content-length:
      - '2863'
      content-type:
      - application/json; charset=utf-8
      date:
      - Tue, 10 May 2022 19:00:15 GMT
      expires:
      - '-1'
      pragma:
      - no-cache
      strict-transport-security:
      - max-age=31536000; includeSubDomains
      vary:
      - Accept-Encoding
      x-content-type-options:
      - nosniff
    status:
      code: 200
      message: OK
- request:
    body: '{"location": "northeurope", "tags": null, "properties": {"daprAIInstrumentationKey":
      null, "vnetConfiguration": null, "internalLoadBalancerEnabled": false, "appLogsConfiguration":
      {"destination": "log-analytics", "logAnalyticsConfiguration": {"customerId":
      "d1833452-7547-40a1-9251-c808d86b26f9", "sharedKey": "ACUDLpMtnLFdIgSiRDcgnjdOTymzQGa59bolWbjcH2CBKALwWjU9YsCP4MJDTS3f7Pyw/8IEHsuzmkqo5DpLSw=="}}}}'
    headers:
      Accept:
      - '*/*'
      Accept-Encoding:
      - gzip, deflate
      CommandName:
      - containerapp env create
      Connection:
      - keep-alive
      Content-Length:
      - '404'
      Content-Type:
      - application/json
      ParameterSetName:
      - -g -n --logs-workspace-id --logs-workspace-key
      User-Agent:
      - python/3.6.7 (Windows-10-10.0.22000-SP0) AZURECLI/2.33.0
    method: PUT
    uri: https://management.azure.com/subscriptions/00000000-0000-0000-0000-000000000000/resourceGroups/clitest.rg000001/providers/Microsoft.App/managedEnvironments/containerapp-e2e-env000002?api-version=2022-03-01
  response:
    body:
      string: '{"id":"/subscriptions/00000000-0000-0000-0000-000000000000/resourceGroups/clitest.rg000001/providers/Microsoft.App/managedEnvironments/containerapp-e2e-env000002","name":"containerapp-e2e-env000002","type":"Microsoft.App/managedEnvironments","location":"northeurope","systemData":{"createdBy":"calcha@microsoft.com","createdByType":"User","createdAt":"2022-05-10T19:00:21.2554351Z","lastModifiedBy":"calcha@microsoft.com","lastModifiedByType":"User","lastModifiedAt":"2022-05-10T19:00:21.2554351Z"},"properties":{"provisioningState":"Waiting","defaultDomain":"bluecoast-f72a6723.northeurope.azurecontainerapps.io","staticIp":"20.123.127.218","appLogsConfiguration":{"destination":"log-analytics","logAnalyticsConfiguration":{"customerId":"d1833452-7547-40a1-9251-c808d86b26f9"}},"zoneRedundant":false}}'
    headers:
      api-supported-versions:
      - 2022-01-01-preview, 2022-03-01
      azure-asyncoperation:
      - https://management.azure.com/subscriptions/00000000-0000-0000-0000-000000000000/providers/Microsoft.App/locations/northeurope/managedEnvironmentOperationStatuses/c11e0f27-90b6-46d4-b143-3a5c318fc5c4?api-version=2022-03-01&azureAsyncOperation=true
      cache-control:
      - no-cache
      content-length:
      - '802'
      content-type:
      - application/json; charset=utf-8
      date:
      - Tue, 10 May 2022 19:00:22 GMT
      expires:
      - '-1'
      pragma:
      - no-cache
      server:
      - Microsoft-IIS/10.0
      strict-transport-security:
      - max-age=31536000; includeSubDomains
      x-content-type-options:
      - nosniff
      x-ms-async-operation-timeout:
      - PT15M
      x-ms-ratelimit-remaining-subscription-resource-requests:
      - '99'
      x-powered-by:
      - ASP.NET
    status:
      code: 201
      message: Created
- request:
    body: null
    headers:
      Accept:
      - '*/*'
      Accept-Encoding:
      - gzip, deflate
      CommandName:
      - containerapp env create
      Connection:
      - keep-alive
      ParameterSetName:
      - -g -n --logs-workspace-id --logs-workspace-key
      User-Agent:
      - python/3.6.7 (Windows-10-10.0.22000-SP0) AZURECLI/2.33.0
    method: GET
    uri: https://management.azure.com/subscriptions/00000000-0000-0000-0000-000000000000/resourceGroups/clitest.rg000001/providers/Microsoft.App/managedEnvironments/containerapp-e2e-env000002?api-version=2022-03-01
  response:
    body:
      string: '{"id":"/subscriptions/00000000-0000-0000-0000-000000000000/resourceGroups/clitest.rg000001/providers/Microsoft.App/managedEnvironments/containerapp-e2e-env000002","name":"containerapp-e2e-env000002","type":"Microsoft.App/managedEnvironments","location":"northeurope","systemData":{"createdBy":"calcha@microsoft.com","createdByType":"User","createdAt":"2022-05-10T19:00:21.2554351","lastModifiedBy":"calcha@microsoft.com","lastModifiedByType":"User","lastModifiedAt":"2022-05-10T19:00:21.2554351"},"properties":{"provisioningState":"Waiting","defaultDomain":"bluecoast-f72a6723.northeurope.azurecontainerapps.io","staticIp":"20.123.127.218","appLogsConfiguration":{"destination":"log-analytics","logAnalyticsConfiguration":{"customerId":"d1833452-7547-40a1-9251-c808d86b26f9"}},"zoneRedundant":false}}'
    headers:
      api-supported-versions:
      - 2022-01-01-preview, 2022-03-01
      cache-control:
      - no-cache
      content-length:
      - '800'
      content-type:
      - application/json; charset=utf-8
      date:
      - Tue, 10 May 2022 19:00:25 GMT
      expires:
      - '-1'
      pragma:
      - no-cache
      server:
      - Microsoft-IIS/10.0
      strict-transport-security:
      - max-age=31536000; includeSubDomains
      transfer-encoding:
      - chunked
      vary:
      - Accept-Encoding,Accept-Encoding
      x-content-type-options:
      - nosniff
      x-powered-by:
      - ASP.NET
    status:
      code: 200
      message: OK
- request:
    body: null
    headers:
      Accept:
      - '*/*'
      Accept-Encoding:
      - gzip, deflate
      CommandName:
      - containerapp env create
      Connection:
      - keep-alive
      ParameterSetName:
      - -g -n --logs-workspace-id --logs-workspace-key
      User-Agent:
      - python/3.6.7 (Windows-10-10.0.22000-SP0) AZURECLI/2.33.0
    method: GET
    uri: https://management.azure.com/subscriptions/00000000-0000-0000-0000-000000000000/resourceGroups/clitest.rg000001/providers/Microsoft.App/managedEnvironments/containerapp-e2e-env000002?api-version=2022-03-01
  response:
    body:
      string: '{"id":"/subscriptions/00000000-0000-0000-0000-000000000000/resourceGroups/clitest.rg000001/providers/Microsoft.App/managedEnvironments/containerapp-e2e-env000002","name":"containerapp-e2e-env000002","type":"Microsoft.App/managedEnvironments","location":"northeurope","systemData":{"createdBy":"calcha@microsoft.com","createdByType":"User","createdAt":"2022-05-10T19:00:21.2554351","lastModifiedBy":"calcha@microsoft.com","lastModifiedByType":"User","lastModifiedAt":"2022-05-10T19:00:21.2554351"},"properties":{"provisioningState":"Waiting","defaultDomain":"bluecoast-f72a6723.northeurope.azurecontainerapps.io","staticIp":"20.123.127.218","appLogsConfiguration":{"destination":"log-analytics","logAnalyticsConfiguration":{"customerId":"d1833452-7547-40a1-9251-c808d86b26f9"}},"zoneRedundant":false}}'
    headers:
      api-supported-versions:
      - 2022-01-01-preview, 2022-03-01
      cache-control:
      - no-cache
      content-length:
      - '800'
      content-type:
      - application/json; charset=utf-8
      date:
      - Tue, 10 May 2022 19:00:30 GMT
      expires:
      - '-1'
      pragma:
      - no-cache
      server:
      - Microsoft-IIS/10.0
      strict-transport-security:
      - max-age=31536000; includeSubDomains
      transfer-encoding:
      - chunked
      vary:
      - Accept-Encoding,Accept-Encoding
      x-content-type-options:
      - nosniff
      x-powered-by:
      - ASP.NET
    status:
      code: 200
      message: OK
- request:
    body: null
    headers:
      Accept:
      - '*/*'
      Accept-Encoding:
      - gzip, deflate
      CommandName:
      - containerapp env create
      Connection:
      - keep-alive
      ParameterSetName:
      - -g -n --logs-workspace-id --logs-workspace-key
      User-Agent:
      - python/3.6.7 (Windows-10-10.0.22000-SP0) AZURECLI/2.33.0
    method: GET
    uri: https://management.azure.com/subscriptions/00000000-0000-0000-0000-000000000000/resourceGroups/clitest.rg000001/providers/Microsoft.App/managedEnvironments/containerapp-e2e-env000002?api-version=2022-03-01
  response:
    body:
      string: '{"id":"/subscriptions/00000000-0000-0000-0000-000000000000/resourceGroups/clitest.rg000001/providers/Microsoft.App/managedEnvironments/containerapp-e2e-env000002","name":"containerapp-e2e-env000002","type":"Microsoft.App/managedEnvironments","location":"northeurope","systemData":{"createdBy":"calcha@microsoft.com","createdByType":"User","createdAt":"2022-05-10T19:00:21.2554351","lastModifiedBy":"calcha@microsoft.com","lastModifiedByType":"User","lastModifiedAt":"2022-05-10T19:00:21.2554351"},"properties":{"provisioningState":"Waiting","defaultDomain":"bluecoast-f72a6723.northeurope.azurecontainerapps.io","staticIp":"20.123.127.218","appLogsConfiguration":{"destination":"log-analytics","logAnalyticsConfiguration":{"customerId":"d1833452-7547-40a1-9251-c808d86b26f9"}},"zoneRedundant":false}}'
    headers:
      api-supported-versions:
      - 2022-01-01-preview, 2022-03-01
      cache-control:
      - no-cache
      content-length:
      - '800'
      content-type:
      - application/json; charset=utf-8
      date:
      - Tue, 10 May 2022 19:00:37 GMT
      expires:
      - '-1'
      pragma:
      - no-cache
      server:
      - Microsoft-IIS/10.0
      strict-transport-security:
      - max-age=31536000; includeSubDomains
      transfer-encoding:
      - chunked
      vary:
      - Accept-Encoding,Accept-Encoding
      x-content-type-options:
      - nosniff
      x-powered-by:
      - ASP.NET
    status:
      code: 200
      message: OK
- request:
    body: null
    headers:
      Accept:
      - '*/*'
      Accept-Encoding:
      - gzip, deflate
      CommandName:
      - containerapp env create
      Connection:
      - keep-alive
      ParameterSetName:
      - -g -n --logs-workspace-id --logs-workspace-key
      User-Agent:
      - python/3.6.7 (Windows-10-10.0.22000-SP0) AZURECLI/2.33.0
    method: GET
    uri: https://management.azure.com/subscriptions/00000000-0000-0000-0000-000000000000/resourceGroups/clitest.rg000001/providers/Microsoft.App/managedEnvironments/containerapp-e2e-env000002?api-version=2022-03-01
  response:
    body:
      string: '{"id":"/subscriptions/00000000-0000-0000-0000-000000000000/resourceGroups/clitest.rg000001/providers/Microsoft.App/managedEnvironments/containerapp-e2e-env000002","name":"containerapp-e2e-env000002","type":"Microsoft.App/managedEnvironments","location":"northeurope","systemData":{"createdBy":"calcha@microsoft.com","createdByType":"User","createdAt":"2022-05-10T19:00:21.2554351","lastModifiedBy":"calcha@microsoft.com","lastModifiedByType":"User","lastModifiedAt":"2022-05-10T19:00:21.2554351"},"properties":{"provisioningState":"Waiting","defaultDomain":"bluecoast-f72a6723.northeurope.azurecontainerapps.io","staticIp":"20.123.127.218","appLogsConfiguration":{"destination":"log-analytics","logAnalyticsConfiguration":{"customerId":"d1833452-7547-40a1-9251-c808d86b26f9"}},"zoneRedundant":false}}'
    headers:
      api-supported-versions:
      - 2022-01-01-preview, 2022-03-01
      cache-control:
      - no-cache
      content-length:
      - '800'
      content-type:
      - application/json; charset=utf-8
      date:
      - Tue, 10 May 2022 19:00:40 GMT
      expires:
      - '-1'
      pragma:
      - no-cache
      server:
      - Microsoft-IIS/10.0
      strict-transport-security:
      - max-age=31536000; includeSubDomains
      transfer-encoding:
      - chunked
      vary:
      - Accept-Encoding,Accept-Encoding
      x-content-type-options:
      - nosniff
      x-powered-by:
      - ASP.NET
    status:
      code: 200
      message: OK
- request:
    body: null
    headers:
      Accept:
      - '*/*'
      Accept-Encoding:
      - gzip, deflate
      CommandName:
      - containerapp env create
      Connection:
      - keep-alive
      ParameterSetName:
      - -g -n --logs-workspace-id --logs-workspace-key
      User-Agent:
      - python/3.6.7 (Windows-10-10.0.22000-SP0) AZURECLI/2.33.0
    method: GET
    uri: https://management.azure.com/subscriptions/00000000-0000-0000-0000-000000000000/resourceGroups/clitest.rg000001/providers/Microsoft.App/managedEnvironments/containerapp-e2e-env000002?api-version=2022-03-01
  response:
    body:
      string: '{"id":"/subscriptions/00000000-0000-0000-0000-000000000000/resourceGroups/clitest.rg000001/providers/Microsoft.App/managedEnvironments/containerapp-e2e-env000002","name":"containerapp-e2e-env000002","type":"Microsoft.App/managedEnvironments","location":"northeurope","systemData":{"createdBy":"calcha@microsoft.com","createdByType":"User","createdAt":"2022-05-10T19:00:21.2554351","lastModifiedBy":"calcha@microsoft.com","lastModifiedByType":"User","lastModifiedAt":"2022-05-10T19:00:21.2554351"},"properties":{"provisioningState":"Waiting","defaultDomain":"bluecoast-f72a6723.northeurope.azurecontainerapps.io","staticIp":"20.123.127.218","appLogsConfiguration":{"destination":"log-analytics","logAnalyticsConfiguration":{"customerId":"d1833452-7547-40a1-9251-c808d86b26f9"}},"zoneRedundant":false}}'
    headers:
      api-supported-versions:
      - 2022-01-01-preview, 2022-03-01
      cache-control:
      - no-cache
      content-length:
      - '800'
      content-type:
      - application/json; charset=utf-8
      date:
      - Tue, 10 May 2022 19:00:45 GMT
      expires:
      - '-1'
      pragma:
      - no-cache
      server:
      - Microsoft-IIS/10.0
      strict-transport-security:
      - max-age=31536000; includeSubDomains
      transfer-encoding:
      - chunked
      vary:
      - Accept-Encoding,Accept-Encoding
      x-content-type-options:
      - nosniff
      x-powered-by:
      - ASP.NET
    status:
      code: 200
      message: OK
- request:
    body: null
    headers:
      Accept:
      - '*/*'
      Accept-Encoding:
      - gzip, deflate
      CommandName:
      - containerapp env create
      Connection:
      - keep-alive
      ParameterSetName:
      - -g -n --logs-workspace-id --logs-workspace-key
      User-Agent:
      - python/3.6.7 (Windows-10-10.0.22000-SP0) AZURECLI/2.33.0
    method: GET
    uri: https://management.azure.com/subscriptions/00000000-0000-0000-0000-000000000000/resourceGroups/clitest.rg000001/providers/Microsoft.App/managedEnvironments/containerapp-e2e-env000002?api-version=2022-03-01
  response:
    body:
      string: '{"id":"/subscriptions/00000000-0000-0000-0000-000000000000/resourceGroups/clitest.rg000001/providers/Microsoft.App/managedEnvironments/containerapp-e2e-env000002","name":"containerapp-e2e-env000002","type":"Microsoft.App/managedEnvironments","location":"northeurope","systemData":{"createdBy":"calcha@microsoft.com","createdByType":"User","createdAt":"2022-05-10T19:00:21.2554351","lastModifiedBy":"calcha@microsoft.com","lastModifiedByType":"User","lastModifiedAt":"2022-05-10T19:00:21.2554351"},"properties":{"provisioningState":"Waiting","defaultDomain":"bluecoast-f72a6723.northeurope.azurecontainerapps.io","staticIp":"20.123.127.218","appLogsConfiguration":{"destination":"log-analytics","logAnalyticsConfiguration":{"customerId":"d1833452-7547-40a1-9251-c808d86b26f9"}},"zoneRedundant":false}}'
    headers:
      api-supported-versions:
      - 2022-01-01-preview, 2022-03-01
      cache-control:
      - no-cache
      content-length:
      - '800'
      content-type:
      - application/json; charset=utf-8
      date:
      - Tue, 10 May 2022 19:00:48 GMT
      expires:
      - '-1'
      pragma:
      - no-cache
      server:
      - Microsoft-IIS/10.0
      strict-transport-security:
      - max-age=31536000; includeSubDomains
      transfer-encoding:
      - chunked
      vary:
      - Accept-Encoding,Accept-Encoding
      x-content-type-options:
      - nosniff
      x-powered-by:
      - ASP.NET
    status:
      code: 200
      message: OK
- request:
    body: null
    headers:
      Accept:
      - '*/*'
      Accept-Encoding:
      - gzip, deflate
      CommandName:
      - containerapp env create
      Connection:
      - keep-alive
      ParameterSetName:
      - -g -n --logs-workspace-id --logs-workspace-key
      User-Agent:
      - python/3.6.7 (Windows-10-10.0.22000-SP0) AZURECLI/2.33.0
    method: GET
    uri: https://management.azure.com/subscriptions/00000000-0000-0000-0000-000000000000/resourceGroups/clitest.rg000001/providers/Microsoft.App/managedEnvironments/containerapp-e2e-env000002?api-version=2022-03-01
  response:
    body:
      string: '{"id":"/subscriptions/00000000-0000-0000-0000-000000000000/resourceGroups/clitest.rg000001/providers/Microsoft.App/managedEnvironments/containerapp-e2e-env000002","name":"containerapp-e2e-env000002","type":"Microsoft.App/managedEnvironments","location":"northeurope","systemData":{"createdBy":"calcha@microsoft.com","createdByType":"User","createdAt":"2022-05-10T19:00:21.2554351","lastModifiedBy":"calcha@microsoft.com","lastModifiedByType":"User","lastModifiedAt":"2022-05-10T19:00:21.2554351"},"properties":{"provisioningState":"Waiting","defaultDomain":"bluecoast-f72a6723.northeurope.azurecontainerapps.io","staticIp":"20.123.127.218","appLogsConfiguration":{"destination":"log-analytics","logAnalyticsConfiguration":{"customerId":"d1833452-7547-40a1-9251-c808d86b26f9"}},"zoneRedundant":false}}'
    headers:
      api-supported-versions:
      - 2022-01-01-preview, 2022-03-01
      cache-control:
      - no-cache
      content-length:
      - '800'
      content-type:
      - application/json; charset=utf-8
      date:
      - Tue, 10 May 2022 19:00:54 GMT
      expires:
      - '-1'
      pragma:
      - no-cache
      server:
      - Microsoft-IIS/10.0
      strict-transport-security:
      - max-age=31536000; includeSubDomains
      transfer-encoding:
      - chunked
      vary:
      - Accept-Encoding,Accept-Encoding
      x-content-type-options:
      - nosniff
      x-powered-by:
      - ASP.NET
    status:
      code: 200
      message: OK
- request:
    body: null
    headers:
      Accept:
      - '*/*'
      Accept-Encoding:
      - gzip, deflate
      CommandName:
      - containerapp env create
      Connection:
      - keep-alive
      ParameterSetName:
      - -g -n --logs-workspace-id --logs-workspace-key
      User-Agent:
      - python/3.6.7 (Windows-10-10.0.22000-SP0) AZURECLI/2.33.0
    method: GET
    uri: https://management.azure.com/subscriptions/00000000-0000-0000-0000-000000000000/resourceGroups/clitest.rg000001/providers/Microsoft.App/managedEnvironments/containerapp-e2e-env000002?api-version=2022-03-01
  response:
    body:
      string: '{"id":"/subscriptions/00000000-0000-0000-0000-000000000000/resourceGroups/clitest.rg000001/providers/Microsoft.App/managedEnvironments/containerapp-e2e-env000002","name":"containerapp-e2e-env000002","type":"Microsoft.App/managedEnvironments","location":"northeurope","systemData":{"createdBy":"calcha@microsoft.com","createdByType":"User","createdAt":"2022-05-10T19:00:21.2554351","lastModifiedBy":"calcha@microsoft.com","lastModifiedByType":"User","lastModifiedAt":"2022-05-10T19:00:21.2554351"},"properties":{"provisioningState":"Waiting","defaultDomain":"bluecoast-f72a6723.northeurope.azurecontainerapps.io","staticIp":"20.123.127.218","appLogsConfiguration":{"destination":"log-analytics","logAnalyticsConfiguration":{"customerId":"d1833452-7547-40a1-9251-c808d86b26f9"}},"zoneRedundant":false}}'
    headers:
      api-supported-versions:
      - 2022-01-01-preview, 2022-03-01
      cache-control:
      - no-cache
      content-length:
      - '800'
      content-type:
      - application/json; charset=utf-8
      date:
      - Tue, 10 May 2022 19:00:57 GMT
      expires:
      - '-1'
      pragma:
      - no-cache
      server:
      - Microsoft-IIS/10.0
      strict-transport-security:
      - max-age=31536000; includeSubDomains
      transfer-encoding:
      - chunked
      vary:
      - Accept-Encoding,Accept-Encoding
      x-content-type-options:
      - nosniff
      x-powered-by:
      - ASP.NET
    status:
      code: 200
      message: OK
- request:
    body: null
    headers:
      Accept:
      - '*/*'
      Accept-Encoding:
      - gzip, deflate
      CommandName:
      - containerapp env create
      Connection:
      - keep-alive
      ParameterSetName:
      - -g -n --logs-workspace-id --logs-workspace-key
      User-Agent:
      - python/3.6.7 (Windows-10-10.0.22000-SP0) AZURECLI/2.33.0
    method: GET
    uri: https://management.azure.com/subscriptions/00000000-0000-0000-0000-000000000000/resourceGroups/clitest.rg000001/providers/Microsoft.App/managedEnvironments/containerapp-e2e-env000002?api-version=2022-03-01
  response:
    body:
      string: '{"id":"/subscriptions/00000000-0000-0000-0000-000000000000/resourceGroups/clitest.rg000001/providers/Microsoft.App/managedEnvironments/containerapp-e2e-env000002","name":"containerapp-e2e-env000002","type":"Microsoft.App/managedEnvironments","location":"northeurope","systemData":{"createdBy":"calcha@microsoft.com","createdByType":"User","createdAt":"2022-05-10T19:00:21.2554351","lastModifiedBy":"calcha@microsoft.com","lastModifiedByType":"User","lastModifiedAt":"2022-05-10T19:00:21.2554351"},"properties":{"provisioningState":"Waiting","defaultDomain":"bluecoast-f72a6723.northeurope.azurecontainerapps.io","staticIp":"20.123.127.218","appLogsConfiguration":{"destination":"log-analytics","logAnalyticsConfiguration":{"customerId":"d1833452-7547-40a1-9251-c808d86b26f9"}},"zoneRedundant":false}}'
    headers:
      api-supported-versions:
      - 2022-01-01-preview, 2022-03-01
      cache-control:
      - no-cache
      content-length:
      - '800'
      content-type:
      - application/json; charset=utf-8
      date:
      - Tue, 10 May 2022 19:01:00 GMT
      expires:
      - '-1'
      pragma:
      - no-cache
      server:
      - Microsoft-IIS/10.0
      strict-transport-security:
      - max-age=31536000; includeSubDomains
      transfer-encoding:
      - chunked
      vary:
      - Accept-Encoding,Accept-Encoding
      x-content-type-options:
      - nosniff
      x-powered-by:
      - ASP.NET
    status:
      code: 200
      message: OK
- request:
    body: null
    headers:
      Accept:
      - '*/*'
      Accept-Encoding:
      - gzip, deflate
      CommandName:
      - containerapp env create
      Connection:
      - keep-alive
      ParameterSetName:
      - -g -n --logs-workspace-id --logs-workspace-key
      User-Agent:
      - python/3.6.7 (Windows-10-10.0.22000-SP0) AZURECLI/2.33.0
    method: GET
    uri: https://management.azure.com/subscriptions/00000000-0000-0000-0000-000000000000/resourceGroups/clitest.rg000001/providers/Microsoft.App/managedEnvironments/containerapp-e2e-env000002?api-version=2022-03-01
  response:
    body:
      string: '{"id":"/subscriptions/00000000-0000-0000-0000-000000000000/resourceGroups/clitest.rg000001/providers/Microsoft.App/managedEnvironments/containerapp-e2e-env000002","name":"containerapp-e2e-env000002","type":"Microsoft.App/managedEnvironments","location":"northeurope","systemData":{"createdBy":"calcha@microsoft.com","createdByType":"User","createdAt":"2022-05-10T19:00:21.2554351","lastModifiedBy":"calcha@microsoft.com","lastModifiedByType":"User","lastModifiedAt":"2022-05-10T19:00:21.2554351"},"properties":{"provisioningState":"Waiting","defaultDomain":"bluecoast-f72a6723.northeurope.azurecontainerapps.io","staticIp":"20.123.127.218","appLogsConfiguration":{"destination":"log-analytics","logAnalyticsConfiguration":{"customerId":"d1833452-7547-40a1-9251-c808d86b26f9"}},"zoneRedundant":false}}'
    headers:
      api-supported-versions:
      - 2022-01-01-preview, 2022-03-01
      cache-control:
      - no-cache
      content-length:
      - '800'
      content-type:
      - application/json; charset=utf-8
      date:
      - Tue, 10 May 2022 19:01:03 GMT
      expires:
      - '-1'
      pragma:
      - no-cache
      server:
      - Microsoft-IIS/10.0
      strict-transport-security:
      - max-age=31536000; includeSubDomains
      transfer-encoding:
      - chunked
      vary:
      - Accept-Encoding,Accept-Encoding
      x-content-type-options:
      - nosniff
      x-powered-by:
      - ASP.NET
    status:
      code: 200
      message: OK
- request:
    body: null
    headers:
      Accept:
      - '*/*'
      Accept-Encoding:
      - gzip, deflate
      CommandName:
      - containerapp env create
      Connection:
      - keep-alive
      ParameterSetName:
      - -g -n --logs-workspace-id --logs-workspace-key
      User-Agent:
      - python/3.6.7 (Windows-10-10.0.22000-SP0) AZURECLI/2.33.0
    method: GET
    uri: https://management.azure.com/subscriptions/00000000-0000-0000-0000-000000000000/resourceGroups/clitest.rg000001/providers/Microsoft.App/managedEnvironments/containerapp-e2e-env000002?api-version=2022-03-01
  response:
    body:
      string: '{"id":"/subscriptions/00000000-0000-0000-0000-000000000000/resourceGroups/clitest.rg000001/providers/Microsoft.App/managedEnvironments/containerapp-e2e-env000002","name":"containerapp-e2e-env000002","type":"Microsoft.App/managedEnvironments","location":"northeurope","systemData":{"createdBy":"calcha@microsoft.com","createdByType":"User","createdAt":"2022-05-10T19:00:21.2554351","lastModifiedBy":"calcha@microsoft.com","lastModifiedByType":"User","lastModifiedAt":"2022-05-10T19:00:21.2554351"},"properties":{"provisioningState":"Waiting","defaultDomain":"bluecoast-f72a6723.northeurope.azurecontainerapps.io","staticIp":"20.123.127.218","appLogsConfiguration":{"destination":"log-analytics","logAnalyticsConfiguration":{"customerId":"d1833452-7547-40a1-9251-c808d86b26f9"}},"zoneRedundant":false}}'
    headers:
      api-supported-versions:
      - 2022-01-01-preview, 2022-03-01
      cache-control:
      - no-cache
      content-length:
      - '800'
      content-type:
      - application/json; charset=utf-8
      date:
      - Tue, 10 May 2022 19:01:08 GMT
      expires:
      - '-1'
      pragma:
      - no-cache
      server:
      - Microsoft-IIS/10.0
      strict-transport-security:
      - max-age=31536000; includeSubDomains
      transfer-encoding:
      - chunked
      vary:
      - Accept-Encoding,Accept-Encoding
      x-content-type-options:
      - nosniff
      x-powered-by:
      - ASP.NET
    status:
      code: 200
      message: OK
- request:
    body: null
    headers:
      Accept:
      - '*/*'
      Accept-Encoding:
      - gzip, deflate
      CommandName:
      - containerapp env create
      Connection:
      - keep-alive
      ParameterSetName:
      - -g -n --logs-workspace-id --logs-workspace-key
      User-Agent:
      - python/3.6.7 (Windows-10-10.0.22000-SP0) AZURECLI/2.33.0
    method: GET
    uri: https://management.azure.com/subscriptions/00000000-0000-0000-0000-000000000000/resourceGroups/clitest.rg000001/providers/Microsoft.App/managedEnvironments/containerapp-e2e-env000002?api-version=2022-03-01
  response:
    body:
      string: '{"id":"/subscriptions/00000000-0000-0000-0000-000000000000/resourceGroups/clitest.rg000001/providers/Microsoft.App/managedEnvironments/containerapp-e2e-env000002","name":"containerapp-e2e-env000002","type":"Microsoft.App/managedEnvironments","location":"northeurope","systemData":{"createdBy":"calcha@microsoft.com","createdByType":"User","createdAt":"2022-05-10T19:00:21.2554351","lastModifiedBy":"calcha@microsoft.com","lastModifiedByType":"User","lastModifiedAt":"2022-05-10T19:00:21.2554351"},"properties":{"provisioningState":"Waiting","defaultDomain":"bluecoast-f72a6723.northeurope.azurecontainerapps.io","staticIp":"20.123.127.218","appLogsConfiguration":{"destination":"log-analytics","logAnalyticsConfiguration":{"customerId":"d1833452-7547-40a1-9251-c808d86b26f9"}},"zoneRedundant":false}}'
    headers:
      api-supported-versions:
      - 2022-01-01-preview, 2022-03-01
      cache-control:
      - no-cache
      content-length:
      - '800'
      content-type:
      - application/json; charset=utf-8
      date:
      - Tue, 10 May 2022 19:01:13 GMT
      expires:
      - '-1'
      pragma:
      - no-cache
      server:
      - Microsoft-IIS/10.0
      strict-transport-security:
      - max-age=31536000; includeSubDomains
      transfer-encoding:
      - chunked
      vary:
      - Accept-Encoding,Accept-Encoding
      x-content-type-options:
      - nosniff
      x-powered-by:
      - ASP.NET
    status:
      code: 200
      message: OK
- request:
    body: null
    headers:
      Accept:
      - '*/*'
      Accept-Encoding:
      - gzip, deflate
      CommandName:
      - containerapp env create
      Connection:
      - keep-alive
      ParameterSetName:
      - -g -n --logs-workspace-id --logs-workspace-key
      User-Agent:
      - python/3.6.7 (Windows-10-10.0.22000-SP0) AZURECLI/2.33.0
    method: GET
    uri: https://management.azure.com/subscriptions/00000000-0000-0000-0000-000000000000/resourceGroups/clitest.rg000001/providers/Microsoft.App/managedEnvironments/containerapp-e2e-env000002?api-version=2022-03-01
  response:
    body:
      string: '{"id":"/subscriptions/00000000-0000-0000-0000-000000000000/resourceGroups/clitest.rg000001/providers/Microsoft.App/managedEnvironments/containerapp-e2e-env000002","name":"containerapp-e2e-env000002","type":"Microsoft.App/managedEnvironments","location":"northeurope","systemData":{"createdBy":"calcha@microsoft.com","createdByType":"User","createdAt":"2022-05-10T19:00:21.2554351","lastModifiedBy":"calcha@microsoft.com","lastModifiedByType":"User","lastModifiedAt":"2022-05-10T19:00:21.2554351"},"properties":{"provisioningState":"Waiting","defaultDomain":"bluecoast-f72a6723.northeurope.azurecontainerapps.io","staticIp":"20.123.127.218","appLogsConfiguration":{"destination":"log-analytics","logAnalyticsConfiguration":{"customerId":"d1833452-7547-40a1-9251-c808d86b26f9"}},"zoneRedundant":false}}'
    headers:
      api-supported-versions:
      - 2022-01-01-preview, 2022-03-01
      cache-control:
      - no-cache
      content-length:
      - '800'
      content-type:
      - application/json; charset=utf-8
      date:
      - Tue, 10 May 2022 19:01:19 GMT
      expires:
      - '-1'
      pragma:
      - no-cache
      server:
      - Microsoft-IIS/10.0
      strict-transport-security:
      - max-age=31536000; includeSubDomains
      transfer-encoding:
      - chunked
      vary:
      - Accept-Encoding,Accept-Encoding
      x-content-type-options:
      - nosniff
      x-powered-by:
      - ASP.NET
    status:
      code: 200
      message: OK
- request:
    body: null
    headers:
      Accept:
      - '*/*'
      Accept-Encoding:
      - gzip, deflate
      CommandName:
      - containerapp env create
      Connection:
      - keep-alive
      ParameterSetName:
      - -g -n --logs-workspace-id --logs-workspace-key
      User-Agent:
      - python/3.6.7 (Windows-10-10.0.22000-SP0) AZURECLI/2.33.0
    method: GET
    uri: https://management.azure.com/subscriptions/00000000-0000-0000-0000-000000000000/resourceGroups/clitest.rg000001/providers/Microsoft.App/managedEnvironments/containerapp-e2e-env000002?api-version=2022-03-01
  response:
    body:
      string: '{"id":"/subscriptions/00000000-0000-0000-0000-000000000000/resourceGroups/clitest.rg000001/providers/Microsoft.App/managedEnvironments/containerapp-e2e-env000002","name":"containerapp-e2e-env000002","type":"Microsoft.App/managedEnvironments","location":"northeurope","systemData":{"createdBy":"calcha@microsoft.com","createdByType":"User","createdAt":"2022-05-10T19:00:21.2554351","lastModifiedBy":"calcha@microsoft.com","lastModifiedByType":"User","lastModifiedAt":"2022-05-10T19:00:21.2554351"},"properties":{"provisioningState":"Waiting","defaultDomain":"bluecoast-f72a6723.northeurope.azurecontainerapps.io","staticIp":"20.123.127.218","appLogsConfiguration":{"destination":"log-analytics","logAnalyticsConfiguration":{"customerId":"d1833452-7547-40a1-9251-c808d86b26f9"}},"zoneRedundant":false}}'
    headers:
      api-supported-versions:
      - 2022-01-01-preview, 2022-03-01
      cache-control:
      - no-cache
      content-length:
      - '800'
      content-type:
      - application/json; charset=utf-8
      date:
      - Tue, 10 May 2022 19:01:24 GMT
      expires:
      - '-1'
      pragma:
      - no-cache
      server:
      - Microsoft-IIS/10.0
      strict-transport-security:
      - max-age=31536000; includeSubDomains
      transfer-encoding:
      - chunked
      vary:
      - Accept-Encoding,Accept-Encoding
      x-content-type-options:
      - nosniff
      x-powered-by:
      - ASP.NET
    status:
      code: 200
      message: OK
- request:
    body: null
    headers:
      Accept:
      - application/json
      Accept-Encoding:
      - gzip, deflate
      CommandName:
      - containerapp env show
      Connection:
      - keep-alive
      ParameterSetName:
      - -g -n
      User-Agent:
      - AZURECLI/2.33.0 azsdk-python-azure-mgmt-resource/20.0.0 Python/3.6.7 (Windows-10-10.0.22000-SP0)
    method: GET
    uri: https://management.azure.com/subscriptions/00000000-0000-0000-0000-000000000000/providers/Microsoft.App?api-version=2021-04-01
  response:
    body:
      string: '{"id":"/subscriptions/00000000-0000-0000-0000-000000000000/providers/Microsoft.App","namespace":"Microsoft.App","authorizations":[{"applicationId":"7e3bc4fd-85a3-4192-b177-5b8bfc87f42c","roleDefinitionId":"39a74f72-b40f-4bdc-b639-562fe2260bf0"},{"applicationId":"3734c1a4-2bed-4998-a37a-ff1a9e7bf019","roleDefinitionId":"5c779a4f-5cb2-4547-8c41-478d9be8ba90"}],"resourceTypes":[{"resourceType":"managedEnvironments","locations":["North
        Central US (Stage)","Canada Central","West Europe","North Europe","East US","East
        US 2","Central US EUAP"],"apiVersions":["2022-03-01","2022-01-01-preview"],"capabilities":"CrossResourceGroupResourceMove,
        CrossSubscriptionResourceMove, SupportsTags, SupportsLocation"},{"resourceType":"managedEnvironments/certificates","locations":["North
        Central US (Stage)","Canada Central","West Europe","North Europe","East US","East
        US 2","Central US EUAP"],"apiVersions":["2022-03-01","2022-01-01-preview"],"capabilities":"CrossResourceGroupResourceMove,
        CrossSubscriptionResourceMove, SupportsTags, SupportsLocation"},{"resourceType":"containerApps","locations":["North
        Central US (Stage)","Canada Central","West Europe","North Europe","East US","East
        US 2","Central US EUAP"],"apiVersions":["2022-03-01","2022-01-01-preview"],"capabilities":"CrossResourceGroupResourceMove,
        CrossSubscriptionResourceMove, SystemAssignedResourceIdentity, SupportsTags,
        SupportsLocation"},{"resourceType":"locations","locations":[],"apiVersions":["2022-03-01","2022-01-01-preview"],"capabilities":"None"},{"resourceType":"locations/managedEnvironmentOperationResults","locations":["North
        Central US (Stage)","Canada Central","West Europe","North Europe","East US","East
        US 2","Central US EUAP"],"apiVersions":["2022-03-01","2022-01-01-preview"],"capabilities":"None"},{"resourceType":"locations/managedEnvironmentOperationStatuses","locations":["North
        Central US (Stage)","Canada Central","West Europe","North Europe","East US","East
        US 2","Central US EUAP"],"apiVersions":["2022-03-01","2022-01-01-preview"],"capabilities":"None"},{"resourceType":"locations/containerappOperationResults","locations":["North
        Central US (Stage)","Canada Central","West Europe","North Europe","East US","East
        US 2","Central US EUAP"],"apiVersions":["2022-03-01","2022-01-01-preview"],"capabilities":"None"},{"resourceType":"locations/containerappOperationStatuses","locations":["North
        Central US (Stage)","Canada Central","West Europe","North Europe","East US","East
        US 2","Central US EUAP"],"apiVersions":["2022-03-01","2022-01-01-preview"],"capabilities":"None"},{"resourceType":"operations","locations":["North
        Central US (Stage)","Central US EUAP","Canada Central","West Europe","North
        Europe","East US","East US 2"],"apiVersions":["2022-03-01","2022-01-01-preview"],"capabilities":"None"}],"registrationState":"Registered","registrationPolicy":"RegistrationRequired"}'
    headers:
      cache-control:
      - no-cache
      content-length:
      - '2863'
      content-type:
      - application/json; charset=utf-8
      date:
      - Tue, 10 May 2022 19:01:24 GMT
      expires:
      - '-1'
      pragma:
      - no-cache
      strict-transport-security:
      - max-age=31536000; includeSubDomains
      vary:
      - Accept-Encoding
      x-content-type-options:
      - nosniff
    status:
      code: 200
      message: OK
- request:
    body: null
    headers:
      Accept:
      - '*/*'
      Accept-Encoding:
      - gzip, deflate
      CommandName:
      - containerapp env show
      Connection:
      - keep-alive
      ParameterSetName:
      - -g -n
      User-Agent:
      - python/3.6.7 (Windows-10-10.0.22000-SP0) AZURECLI/2.33.0
    method: GET
    uri: https://management.azure.com/subscriptions/00000000-0000-0000-0000-000000000000/resourceGroups/clitest.rg000001/providers/Microsoft.App/managedEnvironments/containerapp-e2e-env000002?api-version=2022-03-01
  response:
    body:
      string: '{"id":"/subscriptions/00000000-0000-0000-0000-000000000000/resourceGroups/clitest.rg000001/providers/Microsoft.App/managedEnvironments/containerapp-e2e-env000002","name":"containerapp-e2e-env000002","type":"Microsoft.App/managedEnvironments","location":"northeurope","systemData":{"createdBy":"calcha@microsoft.com","createdByType":"User","createdAt":"2022-05-10T19:00:21.2554351","lastModifiedBy":"calcha@microsoft.com","lastModifiedByType":"User","lastModifiedAt":"2022-05-10T19:00:21.2554351"},"properties":{"provisioningState":"Succeeded","defaultDomain":"bluecoast-f72a6723.northeurope.azurecontainerapps.io","staticIp":"20.123.127.218","appLogsConfiguration":{"destination":"log-analytics","logAnalyticsConfiguration":{"customerId":"d1833452-7547-40a1-9251-c808d86b26f9"}},"zoneRedundant":false}}'
    headers:
      api-supported-versions:
      - 2022-01-01-preview, 2022-03-01
      cache-control:
      - no-cache
      content-length:
      - '802'
      content-type:
      - application/json; charset=utf-8
      date:
      - Tue, 10 May 2022 19:01:27 GMT
      expires:
      - '-1'
      pragma:
      - no-cache
      server:
      - Microsoft-IIS/10.0
      strict-transport-security:
      - max-age=31536000; includeSubDomains
      transfer-encoding:
      - chunked
      vary:
      - Accept-Encoding,Accept-Encoding
      x-content-type-options:
      - nosniff
      x-powered-by:
      - ASP.NET
    status:
      code: 200
      message: OK
- request:
    body: null
    headers:
      Accept:
      - application/json
      Accept-Encoding:
      - gzip, deflate
      CommandName:
      - containerapp env list
      Connection:
      - keep-alive
      ParameterSetName:
      - -g
      User-Agent:
      - AZURECLI/2.33.0 azsdk-python-azure-mgmt-resource/20.0.0 Python/3.6.7 (Windows-10-10.0.22000-SP0)
    method: GET
    uri: https://management.azure.com/subscriptions/00000000-0000-0000-0000-000000000000/providers/Microsoft.App?api-version=2021-04-01
  response:
    body:
      string: '{"id":"/subscriptions/00000000-0000-0000-0000-000000000000/providers/Microsoft.App","namespace":"Microsoft.App","authorizations":[{"applicationId":"7e3bc4fd-85a3-4192-b177-5b8bfc87f42c","roleDefinitionId":"39a74f72-b40f-4bdc-b639-562fe2260bf0"},{"applicationId":"3734c1a4-2bed-4998-a37a-ff1a9e7bf019","roleDefinitionId":"5c779a4f-5cb2-4547-8c41-478d9be8ba90"}],"resourceTypes":[{"resourceType":"managedEnvironments","locations":["North
        Central US (Stage)","Canada Central","West Europe","North Europe","East US","East
        US 2","Central US EUAP"],"apiVersions":["2022-03-01","2022-01-01-preview"],"capabilities":"CrossResourceGroupResourceMove,
        CrossSubscriptionResourceMove, SupportsTags, SupportsLocation"},{"resourceType":"managedEnvironments/certificates","locations":["North
        Central US (Stage)","Canada Central","West Europe","North Europe","East US","East
        US 2","Central US EUAP"],"apiVersions":["2022-03-01","2022-01-01-preview"],"capabilities":"CrossResourceGroupResourceMove,
        CrossSubscriptionResourceMove, SupportsTags, SupportsLocation"},{"resourceType":"containerApps","locations":["North
        Central US (Stage)","Canada Central","West Europe","North Europe","East US","East
        US 2","Central US EUAP"],"apiVersions":["2022-03-01","2022-01-01-preview"],"capabilities":"CrossResourceGroupResourceMove,
        CrossSubscriptionResourceMove, SystemAssignedResourceIdentity, SupportsTags,
        SupportsLocation"},{"resourceType":"locations","locations":[],"apiVersions":["2022-03-01","2022-01-01-preview"],"capabilities":"None"},{"resourceType":"locations/managedEnvironmentOperationResults","locations":["North
        Central US (Stage)","Canada Central","West Europe","North Europe","East US","East
        US 2","Central US EUAP"],"apiVersions":["2022-03-01","2022-01-01-preview"],"capabilities":"None"},{"resourceType":"locations/managedEnvironmentOperationStatuses","locations":["North
        Central US (Stage)","Canada Central","West Europe","North Europe","East US","East
        US 2","Central US EUAP"],"apiVersions":["2022-03-01","2022-01-01-preview"],"capabilities":"None"},{"resourceType":"locations/containerappOperationResults","locations":["North
        Central US (Stage)","Canada Central","West Europe","North Europe","East US","East
        US 2","Central US EUAP"],"apiVersions":["2022-03-01","2022-01-01-preview"],"capabilities":"None"},{"resourceType":"locations/containerappOperationStatuses","locations":["North
        Central US (Stage)","Canada Central","West Europe","North Europe","East US","East
        US 2","Central US EUAP"],"apiVersions":["2022-03-01","2022-01-01-preview"],"capabilities":"None"},{"resourceType":"operations","locations":["North
        Central US (Stage)","Central US EUAP","Canada Central","West Europe","North
        Europe","East US","East US 2"],"apiVersions":["2022-03-01","2022-01-01-preview"],"capabilities":"None"}],"registrationState":"Registered","registrationPolicy":"RegistrationRequired"}'
    headers:
      cache-control:
      - no-cache
      content-length:
      - '2863'
      content-type:
      - application/json; charset=utf-8
      date:
      - Tue, 10 May 2022 19:01:27 GMT
      expires:
      - '-1'
      pragma:
      - no-cache
      strict-transport-security:
      - max-age=31536000; includeSubDomains
      vary:
      - Accept-Encoding
      x-content-type-options:
      - nosniff
    status:
      code: 200
      message: OK
- request:
    body: null
    headers:
      Accept:
      - '*/*'
      Accept-Encoding:
      - gzip, deflate
      CommandName:
      - containerapp env list
      Connection:
      - keep-alive
      ParameterSetName:
      - -g
      User-Agent:
      - python/3.6.7 (Windows-10-10.0.22000-SP0) AZURECLI/2.33.0
    method: GET
    uri: https://management.azure.com/subscriptions/00000000-0000-0000-0000-000000000000/resourceGroups/clitest.rg000001/providers/Microsoft.App/managedEnvironments?api-version=2022-03-01
  response:
    body:
      string: '{"value":[{"id":"/subscriptions/00000000-0000-0000-0000-000000000000/resourceGroups/clitest.rg000001/providers/Microsoft.App/managedEnvironments/containerapp-e2e-env000002","name":"containerapp-e2e-env000002","type":"Microsoft.App/managedEnvironments","location":"northeurope","systemData":{"createdBy":"calcha@microsoft.com","createdByType":"User","createdAt":"2022-05-10T19:00:21.2554351","lastModifiedBy":"calcha@microsoft.com","lastModifiedByType":"User","lastModifiedAt":"2022-05-10T19:00:21.2554351"},"properties":{"provisioningState":"Succeeded","defaultDomain":"bluecoast-f72a6723.northeurope.azurecontainerapps.io","staticIp":"20.123.127.218","appLogsConfiguration":{"destination":"log-analytics","logAnalyticsConfiguration":{"customerId":"d1833452-7547-40a1-9251-c808d86b26f9"}},"zoneRedundant":false}}]}'
    headers:
      api-supported-versions:
      - 2022-01-01-preview, 2022-03-01
      cache-control:
      - no-cache
      content-length:
      - '814'
      content-type:
      - application/json; charset=utf-8
      date:
      - Tue, 10 May 2022 19:01:29 GMT
      expires:
      - '-1'
      pragma:
      - no-cache
      server:
      - Microsoft-IIS/10.0
      strict-transport-security:
      - max-age=31536000; includeSubDomains
      transfer-encoding:
      - chunked
      vary:
      - Accept-Encoding,Accept-Encoding
      x-content-type-options:
      - nosniff
      x-powered-by:
      - ASP.NET
    status:
      code: 200
      message: OK
- request:
    body: null
    headers:
      Accept:
      - application/json
      Accept-Encoding:
      - gzip, deflate
      CommandName:
      - containerapp env show
      Connection:
      - keep-alive
      ParameterSetName:
      - -n -g
      User-Agent:
      - AZURECLI/2.33.0 azsdk-python-azure-mgmt-resource/20.0.0 Python/3.6.7 (Windows-10-10.0.22000-SP0)
    method: GET
    uri: https://management.azure.com/subscriptions/00000000-0000-0000-0000-000000000000/providers/Microsoft.App?api-version=2021-04-01
  response:
    body:
      string: '{"id":"/subscriptions/00000000-0000-0000-0000-000000000000/providers/Microsoft.App","namespace":"Microsoft.App","authorizations":[{"applicationId":"7e3bc4fd-85a3-4192-b177-5b8bfc87f42c","roleDefinitionId":"39a74f72-b40f-4bdc-b639-562fe2260bf0"},{"applicationId":"3734c1a4-2bed-4998-a37a-ff1a9e7bf019","roleDefinitionId":"5c779a4f-5cb2-4547-8c41-478d9be8ba90"}],"resourceTypes":[{"resourceType":"managedEnvironments","locations":["North
        Central US (Stage)","Canada Central","West Europe","North Europe","East US","East
        US 2","Central US EUAP"],"apiVersions":["2022-03-01","2022-01-01-preview"],"capabilities":"CrossResourceGroupResourceMove,
        CrossSubscriptionResourceMove, SupportsTags, SupportsLocation"},{"resourceType":"managedEnvironments/certificates","locations":["North
        Central US (Stage)","Canada Central","West Europe","North Europe","East US","East
        US 2","Central US EUAP"],"apiVersions":["2022-03-01","2022-01-01-preview"],"capabilities":"CrossResourceGroupResourceMove,
        CrossSubscriptionResourceMove, SupportsTags, SupportsLocation"},{"resourceType":"containerApps","locations":["North
        Central US (Stage)","Canada Central","West Europe","North Europe","East US","East
        US 2","Central US EUAP"],"apiVersions":["2022-03-01","2022-01-01-preview"],"capabilities":"CrossResourceGroupResourceMove,
        CrossSubscriptionResourceMove, SystemAssignedResourceIdentity, SupportsTags,
        SupportsLocation"},{"resourceType":"locations","locations":[],"apiVersions":["2022-03-01","2022-01-01-preview"],"capabilities":"None"},{"resourceType":"locations/managedEnvironmentOperationResults","locations":["North
        Central US (Stage)","Canada Central","West Europe","North Europe","East US","East
        US 2","Central US EUAP"],"apiVersions":["2022-03-01","2022-01-01-preview"],"capabilities":"None"},{"resourceType":"locations/managedEnvironmentOperationStatuses","locations":["North
        Central US (Stage)","Canada Central","West Europe","North Europe","East US","East
        US 2","Central US EUAP"],"apiVersions":["2022-03-01","2022-01-01-preview"],"capabilities":"None"},{"resourceType":"locations/containerappOperationResults","locations":["North
        Central US (Stage)","Canada Central","West Europe","North Europe","East US","East
        US 2","Central US EUAP"],"apiVersions":["2022-03-01","2022-01-01-preview"],"capabilities":"None"},{"resourceType":"locations/containerappOperationStatuses","locations":["North
        Central US (Stage)","Canada Central","West Europe","North Europe","East US","East
        US 2","Central US EUAP"],"apiVersions":["2022-03-01","2022-01-01-preview"],"capabilities":"None"},{"resourceType":"operations","locations":["North
        Central US (Stage)","Central US EUAP","Canada Central","West Europe","North
        Europe","East US","East US 2"],"apiVersions":["2022-03-01","2022-01-01-preview"],"capabilities":"None"}],"registrationState":"Registered","registrationPolicy":"RegistrationRequired"}'
    headers:
      cache-control:
      - no-cache
      content-length:
      - '2863'
      content-type:
      - application/json; charset=utf-8
      date:
      - Tue, 10 May 2022 19:01:29 GMT
      expires:
      - '-1'
      pragma:
      - no-cache
      strict-transport-security:
      - max-age=31536000; includeSubDomains
      vary:
      - Accept-Encoding
      x-content-type-options:
      - nosniff
    status:
      code: 200
      message: OK
- request:
    body: null
    headers:
      Accept:
      - '*/*'
      Accept-Encoding:
      - gzip, deflate
      CommandName:
      - containerapp env show
      Connection:
      - keep-alive
      ParameterSetName:
      - -n -g
      User-Agent:
      - python/3.6.7 (Windows-10-10.0.22000-SP0) AZURECLI/2.33.0
    method: GET
    uri: https://management.azure.com/subscriptions/00000000-0000-0000-0000-000000000000/resourceGroups/clitest.rg000001/providers/Microsoft.App/managedEnvironments/containerapp-e2e-env000002?api-version=2022-03-01
  response:
    body:
      string: '{"id":"/subscriptions/00000000-0000-0000-0000-000000000000/resourceGroups/clitest.rg000001/providers/Microsoft.App/managedEnvironments/containerapp-e2e-env000002","name":"containerapp-e2e-env000002","type":"Microsoft.App/managedEnvironments","location":"northeurope","systemData":{"createdBy":"calcha@microsoft.com","createdByType":"User","createdAt":"2022-05-10T19:00:21.2554351","lastModifiedBy":"calcha@microsoft.com","lastModifiedByType":"User","lastModifiedAt":"2022-05-10T19:00:21.2554351"},"properties":{"provisioningState":"Succeeded","defaultDomain":"bluecoast-f72a6723.northeurope.azurecontainerapps.io","staticIp":"20.123.127.218","appLogsConfiguration":{"destination":"log-analytics","logAnalyticsConfiguration":{"customerId":"d1833452-7547-40a1-9251-c808d86b26f9"}},"zoneRedundant":false}}'
    headers:
      api-supported-versions:
      - 2022-01-01-preview, 2022-03-01
      cache-control:
      - no-cache
      content-length:
      - '802'
      content-type:
      - application/json; charset=utf-8
      date:
      - Tue, 10 May 2022 19:01:30 GMT
      expires:
      - '-1'
      pragma:
      - no-cache
      server:
      - Microsoft-IIS/10.0
      strict-transport-security:
      - max-age=31536000; includeSubDomains
      transfer-encoding:
      - chunked
      vary:
      - Accept-Encoding,Accept-Encoding
      x-content-type-options:
      - nosniff
      x-powered-by:
      - ASP.NET
    status:
      code: 200
      message: OK
- request:
    body: null
    headers:
      Accept:
      - application/json
      Accept-Encoding:
      - gzip, deflate
      CommandName:
      - containerapp env delete
      Connection:
      - keep-alive
      ParameterSetName:
      - -g -n --yes
      User-Agent:
      - AZURECLI/2.33.0 azsdk-python-azure-mgmt-resource/20.0.0 Python/3.6.7 (Windows-10-10.0.22000-SP0)
    method: GET
    uri: https://management.azure.com/subscriptions/00000000-0000-0000-0000-000000000000/providers/Microsoft.App?api-version=2021-04-01
  response:
    body:
      string: '{"id":"/subscriptions/00000000-0000-0000-0000-000000000000/providers/Microsoft.App","namespace":"Microsoft.App","authorizations":[{"applicationId":"7e3bc4fd-85a3-4192-b177-5b8bfc87f42c","roleDefinitionId":"39a74f72-b40f-4bdc-b639-562fe2260bf0"},{"applicationId":"3734c1a4-2bed-4998-a37a-ff1a9e7bf019","roleDefinitionId":"5c779a4f-5cb2-4547-8c41-478d9be8ba90"}],"resourceTypes":[{"resourceType":"managedEnvironments","locations":["North
        Central US (Stage)","Canada Central","West Europe","North Europe","East US","East
        US 2","Central US EUAP"],"apiVersions":["2022-03-01","2022-01-01-preview"],"capabilities":"CrossResourceGroupResourceMove,
        CrossSubscriptionResourceMove, SupportsTags, SupportsLocation"},{"resourceType":"managedEnvironments/certificates","locations":["North
        Central US (Stage)","Canada Central","West Europe","North Europe","East US","East
        US 2","Central US EUAP"],"apiVersions":["2022-03-01","2022-01-01-preview"],"capabilities":"CrossResourceGroupResourceMove,
        CrossSubscriptionResourceMove, SupportsTags, SupportsLocation"},{"resourceType":"containerApps","locations":["North
        Central US (Stage)","Canada Central","West Europe","North Europe","East US","East
        US 2","Central US EUAP"],"apiVersions":["2022-03-01","2022-01-01-preview"],"capabilities":"CrossResourceGroupResourceMove,
        CrossSubscriptionResourceMove, SystemAssignedResourceIdentity, SupportsTags,
        SupportsLocation"},{"resourceType":"locations","locations":[],"apiVersions":["2022-03-01","2022-01-01-preview"],"capabilities":"None"},{"resourceType":"locations/managedEnvironmentOperationResults","locations":["North
        Central US (Stage)","Canada Central","West Europe","North Europe","East US","East
        US 2","Central US EUAP"],"apiVersions":["2022-03-01","2022-01-01-preview"],"capabilities":"None"},{"resourceType":"locations/managedEnvironmentOperationStatuses","locations":["North
        Central US (Stage)","Canada Central","West Europe","North Europe","East US","East
        US 2","Central US EUAP"],"apiVersions":["2022-03-01","2022-01-01-preview"],"capabilities":"None"},{"resourceType":"locations/containerappOperationResults","locations":["North
        Central US (Stage)","Canada Central","West Europe","North Europe","East US","East
        US 2","Central US EUAP"],"apiVersions":["2022-03-01","2022-01-01-preview"],"capabilities":"None"},{"resourceType":"locations/containerappOperationStatuses","locations":["North
        Central US (Stage)","Canada Central","West Europe","North Europe","East US","East
        US 2","Central US EUAP"],"apiVersions":["2022-03-01","2022-01-01-preview"],"capabilities":"None"},{"resourceType":"operations","locations":["North
        Central US (Stage)","Central US EUAP","Canada Central","West Europe","North
        Europe","East US","East US 2"],"apiVersions":["2022-03-01","2022-01-01-preview"],"capabilities":"None"}],"registrationState":"Registered","registrationPolicy":"RegistrationRequired"}'
    headers:
      cache-control:
      - no-cache
      content-length:
      - '2863'
      content-type:
      - application/json; charset=utf-8
      date:
      - Tue, 10 May 2022 19:01:30 GMT
      expires:
      - '-1'
      pragma:
      - no-cache
      strict-transport-security:
      - max-age=31536000; includeSubDomains
      vary:
      - Accept-Encoding
      x-content-type-options:
      - nosniff
    status:
      code: 200
      message: OK
- request:
    body: null
    headers:
      Accept:
      - '*/*'
      Accept-Encoding:
      - gzip, deflate
      CommandName:
      - containerapp env delete
      Connection:
      - keep-alive
      Content-Length:
      - '0'
      ParameterSetName:
      - -g -n --yes
      User-Agent:
      - python/3.6.7 (Windows-10-10.0.22000-SP0) AZURECLI/2.33.0
    method: DELETE
    uri: https://management.azure.com/subscriptions/00000000-0000-0000-0000-000000000000/resourceGroups/clitest.rg000001/providers/Microsoft.App/managedEnvironments/containerapp-e2e-env000002?api-version=2022-03-01
  response:
    body:
      string: ''
    headers:
      api-supported-versions:
      - 2022-01-01-preview, 2022-03-01
      cache-control:
      - no-cache
      content-length:
      - '0'
      date:
      - Tue, 10 May 2022 19:01:32 GMT
      expires:
      - '-1'
      location:
      - https://management.azure.com/subscriptions/00000000-0000-0000-0000-000000000000/providers/Microsoft.App/locations/northeurope/managedEnvironmentOperationResults/1d7ecbb9-0684-439f-b342-a4820a405db7?api-version=2022-03-01
      pragma:
      - no-cache
      server:
      - Microsoft-IIS/10.0
      strict-transport-security:
      - max-age=31536000; includeSubDomains
      x-content-type-options:
      - nosniff
      x-ms-ratelimit-remaining-subscription-deletes:
      - '14999'
      x-powered-by:
      - ASP.NET
    status:
      code: 202
      message: Accepted
- request:
    body: null
    headers:
      Accept:
      - '*/*'
      Accept-Encoding:
      - gzip, deflate
      CommandName:
      - containerapp env delete
      Connection:
      - keep-alive
      ParameterSetName:
      - -g -n --yes
      User-Agent:
      - python/3.6.7 (Windows-10-10.0.22000-SP0) AZURECLI/2.33.0
    method: GET
    uri: https://management.azure.com/subscriptions/00000000-0000-0000-0000-000000000000/resourceGroups/clitest.rg000001/providers/Microsoft.App/managedEnvironments/containerapp-e2e-env000002?api-version=2022-03-01
  response:
    body:
      string: '{"id":"/subscriptions/00000000-0000-0000-0000-000000000000/resourceGroups/clitest.rg000001/providers/Microsoft.App/managedEnvironments/containerapp-e2e-env000002","name":"containerapp-e2e-env000002","type":"Microsoft.App/managedEnvironments","location":"northeurope","systemData":{"createdBy":"calcha@microsoft.com","createdByType":"User","createdAt":"2022-05-10T19:00:21.2554351","lastModifiedBy":"calcha@microsoft.com","lastModifiedByType":"User","lastModifiedAt":"2022-05-10T19:00:21.2554351"},"properties":{"provisioningState":"ScheduledForDelete","defaultDomain":"bluecoast-f72a6723.northeurope.azurecontainerapps.io","staticIp":"20.123.127.218","appLogsConfiguration":{"destination":"log-analytics","logAnalyticsConfiguration":{"customerId":"d1833452-7547-40a1-9251-c808d86b26f9"}},"zoneRedundant":false}}'
    headers:
      api-supported-versions:
      - 2022-01-01-preview, 2022-03-01
      cache-control:
      - no-cache
      content-length:
      - '811'
      content-type:
      - application/json; charset=utf-8
      date:
      - Tue, 10 May 2022 19:01:34 GMT
      expires:
      - '-1'
      pragma:
      - no-cache
      server:
      - Microsoft-IIS/10.0
      strict-transport-security:
      - max-age=31536000; includeSubDomains
      transfer-encoding:
      - chunked
      vary:
      - Accept-Encoding,Accept-Encoding
      x-content-type-options:
      - nosniff
      x-powered-by:
      - ASP.NET
    status:
      code: 200
      message: OK
- request:
    body: null
    headers:
      Accept:
      - '*/*'
      Accept-Encoding:
      - gzip, deflate
      CommandName:
      - containerapp env delete
      Connection:
      - keep-alive
      ParameterSetName:
      - -g -n --yes
      User-Agent:
      - python/3.6.7 (Windows-10-10.0.22000-SP0) AZURECLI/2.33.0
    method: GET
    uri: https://management.azure.com/subscriptions/00000000-0000-0000-0000-000000000000/resourceGroups/clitest.rg000001/providers/Microsoft.App/managedEnvironments/containerapp-e2e-env000002?api-version=2022-03-01
  response:
    body:
      string: '{"code":"ManagedEnvironmentNotFound","message":"Environment containerapp-e2e-env000002
        was not found."}'
    headers:
      api-supported-versions:
      - 2022-01-01-preview, 2022-03-01
      cache-control:
      - no-cache
      content-length:
      - '103'
      content-type:
      - application/json; charset=utf-8
      date:
      - Tue, 10 May 2022 19:01:38 GMT
      expires:
      - '-1'
      pragma:
      - no-cache
      server:
      - Microsoft-IIS/10.0
      strict-transport-security:
      - max-age=31536000; includeSubDomains
      x-content-type-options:
      - nosniff
      x-powered-by:
      - ASP.NET
    status:
      code: 404
      message: Not Found
- request:
    body: null
    headers:
      Accept:
      - application/json
      Accept-Encoding:
      - gzip, deflate
      CommandName:
      - containerapp env list
      Connection:
      - keep-alive
      ParameterSetName:
      - -g
      User-Agent:
      - AZURECLI/2.33.0 azsdk-python-azure-mgmt-resource/20.0.0 Python/3.6.7 (Windows-10-10.0.22000-SP0)
    method: GET
    uri: https://management.azure.com/subscriptions/00000000-0000-0000-0000-000000000000/providers/Microsoft.App?api-version=2021-04-01
  response:
    body:
      string: '{"id":"/subscriptions/00000000-0000-0000-0000-000000000000/providers/Microsoft.App","namespace":"Microsoft.App","authorizations":[{"applicationId":"7e3bc4fd-85a3-4192-b177-5b8bfc87f42c","roleDefinitionId":"39a74f72-b40f-4bdc-b639-562fe2260bf0"},{"applicationId":"3734c1a4-2bed-4998-a37a-ff1a9e7bf019","roleDefinitionId":"5c779a4f-5cb2-4547-8c41-478d9be8ba90"}],"resourceTypes":[{"resourceType":"managedEnvironments","locations":["North
        Central US (Stage)","Canada Central","West Europe","North Europe","East US","East
        US 2","Central US EUAP"],"apiVersions":["2022-03-01","2022-01-01-preview"],"capabilities":"CrossResourceGroupResourceMove,
        CrossSubscriptionResourceMove, SupportsTags, SupportsLocation"},{"resourceType":"managedEnvironments/certificates","locations":["North
        Central US (Stage)","Canada Central","West Europe","North Europe","East US","East
        US 2","Central US EUAP"],"apiVersions":["2022-03-01","2022-01-01-preview"],"capabilities":"CrossResourceGroupResourceMove,
        CrossSubscriptionResourceMove, SupportsTags, SupportsLocation"},{"resourceType":"containerApps","locations":["North
        Central US (Stage)","Canada Central","West Europe","North Europe","East US","East
        US 2","Central US EUAP"],"apiVersions":["2022-03-01","2022-01-01-preview"],"capabilities":"CrossResourceGroupResourceMove,
        CrossSubscriptionResourceMove, SystemAssignedResourceIdentity, SupportsTags,
        SupportsLocation"},{"resourceType":"locations","locations":[],"apiVersions":["2022-03-01","2022-01-01-preview"],"capabilities":"None"},{"resourceType":"locations/managedEnvironmentOperationResults","locations":["North
        Central US (Stage)","Canada Central","West Europe","North Europe","East US","East
        US 2","Central US EUAP"],"apiVersions":["2022-03-01","2022-01-01-preview"],"capabilities":"None"},{"resourceType":"locations/managedEnvironmentOperationStatuses","locations":["North
        Central US (Stage)","Canada Central","West Europe","North Europe","East US","East
        US 2","Central US EUAP"],"apiVersions":["2022-03-01","2022-01-01-preview"],"capabilities":"None"},{"resourceType":"locations/containerappOperationResults","locations":["North
        Central US (Stage)","Canada Central","West Europe","North Europe","East US","East
        US 2","Central US EUAP"],"apiVersions":["2022-03-01","2022-01-01-preview"],"capabilities":"None"},{"resourceType":"locations/containerappOperationStatuses","locations":["North
        Central US (Stage)","Canada Central","West Europe","North Europe","East US","East
        US 2","Central US EUAP"],"apiVersions":["2022-03-01","2022-01-01-preview"],"capabilities":"None"},{"resourceType":"operations","locations":["North
        Central US (Stage)","Central US EUAP","Canada Central","West Europe","North
        Europe","East US","East US 2"],"apiVersions":["2022-03-01","2022-01-01-preview"],"capabilities":"None"}],"registrationState":"Registered","registrationPolicy":"RegistrationRequired"}'
    headers:
      cache-control:
      - no-cache
      content-length:
      - '2863'
      content-type:
      - application/json; charset=utf-8
      date:
      - Tue, 10 May 2022 19:01:39 GMT
      expires:
      - '-1'
      pragma:
      - no-cache
      strict-transport-security:
      - max-age=31536000; includeSubDomains
      vary:
      - Accept-Encoding
      x-content-type-options:
      - nosniff
    status:
      code: 200
      message: OK
- request:
    body: null
    headers:
      Accept:
      - '*/*'
      Accept-Encoding:
      - gzip, deflate
      CommandName:
      - containerapp env list
      Connection:
      - keep-alive
      ParameterSetName:
      - -g
      User-Agent:
      - python/3.6.7 (Windows-10-10.0.22000-SP0) AZURECLI/2.33.0
    method: GET
    uri: https://management.azure.com/subscriptions/00000000-0000-0000-0000-000000000000/resourceGroups/clitest.rg000001/providers/Microsoft.App/managedEnvironments?api-version=2022-03-01
  response:
    body:
      string: '{"value":[]}'
    headers:
      api-supported-versions:
      - 2022-01-01-preview, 2022-03-01
      cache-control:
      - no-cache
      content-length:
      - '12'
      content-type:
      - application/json; charset=utf-8
      date:
      - Tue, 10 May 2022 19:01:40 GMT
      expires:
      - '-1'
      pragma:
      - no-cache
      server:
      - Microsoft-IIS/10.0
      strict-transport-security:
      - max-age=31536000; includeSubDomains
      transfer-encoding:
      - chunked
      vary:
      - Accept-Encoding,Accept-Encoding
      x-content-type-options:
      - nosniff
      x-powered-by:
      - ASP.NET
    status:
      code: 200
      message: OK
version: 1
