interactions:
- request:
    body: '{"location": "eastus", "properties": {"retentionInDays": 30, "sku": {"name":
      "PerGB2018"}}}'
    headers:
      Accept:
      - application/json
      Accept-Encoding:
      - gzip, deflate
      CommandName:
      - monitor log-analytics workspace create
      Connection:
      - keep-alive
      Content-Length:
      - '91'
      Content-Type:
      - application/json
      ParameterSetName:
      - -g -n -l
      User-Agent:
      - AZURECLI/2.51.0 (AAZ) azsdk-python-core/1.26.0 Python/3.10.11 (Windows-10-10.0.22621-SP0)
    method: PUT
    uri: https://management.azure.com/subscriptions/00000000-0000-0000-0000-000000000000/resourcegroups/clitest.rg000001/providers/Microsoft.OperationalInsights/workspaces/containerapp-env000004?api-version=2021-12-01-preview
  response:
    body:
      string: '{"properties":{"customerId":"36a585e9-2a79-44a7-8adf-fa16002e5fb7","provisioningState":"Creating","sku":{"name":"PerGB2018","lastSkuUpdate":"2023-08-03T02:32:57.4015588Z"},"retentionInDays":30,"features":{"legacy":0,"searchVersion":1,"enableLogAccessUsingOnlyResourcePermissions":true},"workspaceCapping":{"dailyQuotaGb":-1.0,"quotaNextResetTime":"2023-08-03T21:00:00Z","dataIngestionStatus":"RespectQuota"},"publicNetworkAccessForIngestion":"Enabled","publicNetworkAccessForQuery":"Enabled","createdDate":"2023-08-03T02:32:57.4015588Z","modifiedDate":"2023-08-03T02:32:57.4015588Z"},"location":"eastus","id":"/subscriptions/00000000-0000-0000-0000-000000000000/resourceGroups/clitest.rg000001/providers/Microsoft.OperationalInsights/workspaces/containerapp-env000004","name":"containerapp-env000004","type":"Microsoft.OperationalInsights/workspaces"}'
    headers:
      access-control-allow-origin:
      - '*'
      api-supported-versions:
      - 2021-12-01-preview
      cache-control:
      - no-cache
      content-length:
      - '851'
      content-type:
      - application/json; charset=utf-8
      date:
      - Thu, 03 Aug 2023 02:32:57 GMT
      expires:
      - '-1'
      location:
      - https://management.azure.com/subscriptions/00000000-0000-0000-0000-000000000000/resourceGroups/clitest.rg000001/providers/Microsoft.OperationalInsights/workspaces/containerapp-env000004?api-version=2021-12-01-preview
      pragma:
      - no-cache
      request-context:
      - appId=cid-v1:e6336c63-aab2-45f0-996a-e5dbab2a1508
      strict-transport-security:
      - max-age=31536000; includeSubDomains
      x-content-type-options:
      - nosniff
      x-ms-ratelimit-remaining-subscription-writes:
      - '1196'
      x-powered-by:
      - ASP.NET
    status:
      code: 201
      message: Created
- request:
    body: null
    headers:
      Accept:
      - '*/*'
      Accept-Encoding:
      - gzip, deflate
      CommandName:
      - monitor log-analytics workspace create
      Connection:
      - keep-alive
      ParameterSetName:
      - -g -n -l
      User-Agent:
      - AZURECLI/2.51.0 (AAZ) azsdk-python-core/1.26.0 Python/3.10.11 (Windows-10-10.0.22621-SP0)
    method: GET
    uri: https://management.azure.com/subscriptions/00000000-0000-0000-0000-000000000000/resourceGroups/clitest.rg000001/providers/Microsoft.OperationalInsights/workspaces/containerapp-env000004?api-version=2021-12-01-preview
  response:
    body:
      string: '{"properties":{"customerId":"36a585e9-2a79-44a7-8adf-fa16002e5fb7","provisioningState":"Creating","sku":{"name":"PerGB2018","lastSkuUpdate":"2023-08-03T02:32:57.4015588Z"},"retentionInDays":30,"features":{"legacy":0,"searchVersion":1,"enableLogAccessUsingOnlyResourcePermissions":true},"workspaceCapping":{"dailyQuotaGb":-1.0,"quotaNextResetTime":"2023-08-03T21:00:00Z","dataIngestionStatus":"RespectQuota"},"publicNetworkAccessForIngestion":"Enabled","publicNetworkAccessForQuery":"Enabled","createdDate":"2023-08-03T02:32:57.4015588Z","modifiedDate":"2023-08-03T02:32:57.4015588Z"},"location":"eastus","id":"/subscriptions/00000000-0000-0000-0000-000000000000/resourceGroups/clitest.rg000001/providers/Microsoft.OperationalInsights/workspaces/containerapp-env000004","name":"containerapp-env000004","type":"Microsoft.OperationalInsights/workspaces"}'
    headers:
      access-control-allow-origin:
      - '*'
      api-supported-versions:
      - 2021-12-01-preview
      cache-control:
      - no-cache
      content-length:
      - '851'
      content-type:
      - application/json; charset=utf-8
      date:
      - Thu, 03 Aug 2023 02:32:58 GMT
      expires:
      - '-1'
      pragma:
      - no-cache
      request-context:
      - appId=cid-v1:e6336c63-aab2-45f0-996a-e5dbab2a1508
      strict-transport-security:
      - max-age=31536000; includeSubDomains
      transfer-encoding:
      - chunked
      vary:
      - Accept-Encoding
      x-content-type-options:
      - nosniff
      x-powered-by:
      - ASP.NET
    status:
      code: 200
      message: OK
- request:
    body: null
    headers:
      Accept:
      - application/json
      Accept-Encoding:
      - gzip, deflate
      CommandName:
      - monitor log-analytics workspace get-shared-keys
      Connection:
      - keep-alive
      Content-Length:
      - '0'
      ParameterSetName:
      - -g -n
      User-Agent:
      - AZURECLI/2.51.0 (AAZ) azsdk-python-core/1.26.0 Python/3.10.11 (Windows-10-10.0.22621-SP0)
    method: POST
    uri: https://management.azure.com/subscriptions/00000000-0000-0000-0000-000000000000/resourcegroups/clitest.rg000001/providers/Microsoft.OperationalInsights/workspaces/containerapp-env000004/sharedKeys?api-version=2020-08-01
  response:
    body:
      string: '{"primarySharedKey":"YmxZiktYhhAhUriaqSbGL/eSBZHyyc3L0ZewSPQn5b5K4C34GAtL9DHw7VZAO1VF9hPeBinW+ArlRqCV2R48uQ==","secondarySharedKey":"5mLpGD8LMU5EdgRydFfd0AyjFuEOt+j+jSGm22sd9W+G1rJBFZNavg1Qy8552grqmWvfbXAB6o0Dm6kapkyYpw=="}'
    headers:
      access-control-allow-origin:
      - '*'
      api-supported-versions:
      - 2015-03-20, 2020-08-01, 2020-10-01, 2021-06-01, 2022-10-01
      cache-control:
      - no-cache
      content-length:
      - '223'
      content-type:
      - application/json; charset=utf-8
      date:
      - Thu, 03 Aug 2023 02:32:59 GMT
      expires:
      - '-1'
      pragma:
      - no-cache
      request-context:
      - appId=cid-v1:e6336c63-aab2-45f0-996a-e5dbab2a1508
      strict-transport-security:
      - max-age=31536000; includeSubDomains
      transfer-encoding:
      - chunked
      vary:
      - Accept-Encoding
      x-content-type-options:
      - nosniff
      x-ms-ratelimit-remaining-subscription-writes:
      - '1199'
      x-powered-by:
      - ASP.NET
    status:
      code: 200
      message: OK
- request:
    body: null
    headers:
      Accept:
      - application/json
      Accept-Encoding:
      - gzip, deflate
      CommandName:
      - containerapp env create
      Connection:
      - keep-alive
      ParameterSetName:
      - -g -n --logs-workspace-id --logs-workspace-key
      User-Agent:
      - AZURECLI/2.51.0 azsdk-python-azure-mgmt-resource/23.1.0b2 Python/3.10.11 (Windows-10-10.0.22621-SP0)
    method: GET
    uri: https://management.azure.com/subscriptions/00000000-0000-0000-0000-000000000000/providers/Microsoft.App?api-version=2022-09-01
  response:
    body:
      string: '{"id":"/subscriptions/00000000-0000-0000-0000-000000000000/providers/Microsoft.App","namespace":"Microsoft.App","authorizations":[{"applicationId":"7e3bc4fd-85a3-4192-b177-5b8bfc87f42c","roleDefinitionId":"39a74f72-b40f-4bdc-b639-562fe2260bf0"},{"applicationId":"3734c1a4-2bed-4998-a37a-ff1a9e7bf019","roleDefinitionId":"5c779a4f-5cb2-4547-8c41-478d9be8ba90"},{"applicationId":"55ebbb62-3b9c-49fd-9b87-9595226dd4ac","roleDefinitionId":"e49ca620-7992-4561-a7df-4ed67dad77b5","managedByRoleDefinitionId":"9e3af657-a8ff-583c-a75c-2fe7c4bcb635"}],"resourceTypes":[{"resourceType":"operations","locations":["North
        Central US (Stage)","Central US EUAP","East US 2 EUAP","West US 2","Southeast
        Asia","Sweden Central","Canada Central","West Europe","North Europe","East
        US","East US 2","East Asia","Australia East","Germany West Central","Japan
        East","UK South","West US","Central US","North Central US","South Central
        US","Korea Central","Brazil South","West US 3","France Central","South Africa
        North","Norway East","Switzerland North","UAE North"],"apiVersions":["2023-04-01-preview","2023-02-01","2022-11-01-preview","2022-10-01","2022-06-01-preview","2022-03-01","2022-01-01-preview"],"defaultApiVersion":"2023-04-01-preview","capabilities":"None"},{"resourceType":"managedEnvironments","locations":["Central
        US EUAP","East US 2 EUAP","North Central US (Stage)","West US 2","Southeast
        Asia","Sweden Central","Canada Central","West Europe","North Europe","East
        US","East US 2","East Asia","Australia East","Germany West Central","Japan
        East","UK South","West US","Central US","North Central US","South Central
        US","Korea Central","Brazil South","West US 3","France Central","South Africa
        North","Norway East","Switzerland North","UAE North"],"apiVersions":["2023-05-02-preview","2023-05-01","2023-04-01-preview","2022-11-01-preview","2022-10-01","2022-06-01-preview","2022-03-01","2022-01-01-preview"],"defaultApiVersion":"2023-04-01-preview","capabilities":"CrossResourceGroupResourceMove,
        CrossSubscriptionResourceMove, SupportsTags, SupportsLocation"},{"resourceType":"managedEnvironments/certificates","locations":["Central
        US EUAP","East US 2 EUAP","North Central US (Stage)","West US 2","Southeast
        Asia","Sweden Central","Canada Central","West Europe","North Europe","East
        US","East US 2","East Asia","Australia East","Germany West Central","Japan
        East","UK South","West US","Central US","North Central US","South Central
        US","Korea Central","Brazil South","West US 3","France Central","South Africa
        North","Norway East","Switzerland North","UAE North"],"apiVersions":["2023-05-02-preview","2023-05-01","2023-04-01-preview","2022-11-01-preview","2022-10-01","2022-06-01-preview","2022-03-01","2022-01-01-preview"],"defaultApiVersion":"2023-04-01-preview","capabilities":"CrossResourceGroupResourceMove,
        CrossSubscriptionResourceMove, SupportsTags, SupportsLocation"},{"resourceType":"managedEnvironments/managedCertificates","locations":["Central
        US EUAP","East US 2 EUAP","North Central US (Stage)","West US 2","Southeast
        Asia","Sweden Central","Canada Central","West Europe","North Europe","East
        US","East US 2","East Asia","Australia East","Germany West Central","Japan
        East","UK South","West US","Central US","North Central US","South Central
        US","Korea Central","Brazil South","West US 3","France Central","South Africa
        North","Norway East","Switzerland North","UAE North"],"apiVersions":["2023-05-02-preview","2023-05-01","2023-04-01-preview","2022-11-01-preview"],"defaultApiVersion":"2023-04-01-preview","capabilities":"CrossResourceGroupResourceMove,
        CrossSubscriptionResourceMove, SupportsTags, SupportsLocation"},{"resourceType":"containerApps","locations":["Central
        US EUAP","East US 2 EUAP","North Central US (Stage)","West US 2","Southeast
        Asia","Sweden Central","Canada Central","West Europe","North Europe","East
        US","East US 2","East Asia","Australia East","Germany West Central","Japan
        East","UK South","West US","Central US","North Central US","South Central
        US","Korea Central","Brazil South","West US 3","France Central","South Africa
        North","Norway East","Switzerland North","UAE North"],"apiVersions":["2023-05-02-preview","2023-05-01","2023-04-01-preview","2022-11-01-preview","2022-10-01","2022-06-01-preview","2022-03-01","2022-01-01-preview"],"defaultApiVersion":"2023-04-01-preview","capabilities":"CrossResourceGroupResourceMove,
        CrossSubscriptionResourceMove, SystemAssignedResourceIdentity, SupportsTags,
        SupportsLocation"},{"resourceType":"jobs","locations":["Central US EUAP","East
        US 2 EUAP","North Central US (Stage)","West US 2","Southeast Asia","Sweden
        Central","Canada Central","West Europe","North Europe","East US","East US
        2","East Asia","Australia East","Germany West Central","Japan East","UK South","West
        US","Central US","North Central US","South Central US","Korea Central","Brazil
        South","West US 3","France Central","South Africa North","Norway East","Switzerland
        North","UAE North"],"apiVersions":["2023-05-02-preview","2023-05-01","2023-04-01-preview","2022-11-01-preview"],"defaultApiVersion":"2023-04-01-preview","capabilities":"CrossResourceGroupResourceMove,
        CrossSubscriptionResourceMove, SystemAssignedResourceIdentity, SupportsTags,
        SupportsLocation"},{"resourceType":"locations","locations":[],"apiVersions":["2023-05-02-preview","2023-05-01","2023-04-01-preview","2022-11-01-preview","2022-10-01","2022-06-01-preview","2022-03-01","2022-01-01-preview"],"defaultApiVersion":"2023-04-01-preview","capabilities":"None"},{"resourceType":"locations/managedEnvironmentOperationResults","locations":["Central
        US EUAP","East US 2 EUAP","North Central US (Stage)","West US 2","Southeast
        Asia","Sweden Central","Canada Central","West Europe","North Europe","East
        US","East US 2","East Asia","Australia East","Germany West Central","Japan
        East","UK South","West US","Central US","North Central US","South Central
        US","Korea Central","Brazil South","West US 3","France Central","South Africa
        North","Norway East","Switzerland North","UAE North"],"apiVersions":["2023-05-02-preview","2023-05-01","2023-04-01-preview","2022-11-01-preview","2022-10-01","2022-06-01-preview","2022-03-01","2022-01-01-preview"],"defaultApiVersion":"2023-04-01-preview","capabilities":"None"},{"resourceType":"locations/managedEnvironmentOperationStatuses","locations":["Central
        US EUAP","East US 2 EUAP","North Central US (Stage)","West US 2","Southeast
        Asia","Sweden Central","Canada Central","West Europe","North Europe","East
        US","East US 2","East Asia","Australia East","Germany West Central","Japan
        East","UK South","West US","Central US","North Central US","South Central
        US","Korea Central","Brazil South","West US 3","France Central","South Africa
        North","Norway East","Switzerland North","UAE North"],"apiVersions":["2023-05-02-preview","2023-05-01","2023-04-01-preview","2022-11-01-preview","2022-10-01","2022-06-01-preview","2022-03-01","2022-01-01-preview"],"defaultApiVersion":"2023-04-01-preview","capabilities":"None"},{"resourceType":"locations/containerappOperationResults","locations":["Central
        US EUAP","East US 2 EUAP","North Central US (Stage)","West US 2","Southeast
        Asia","Sweden Central","Canada Central","West Europe","North Europe","East
        US","East US 2","East Asia","Australia East","Germany West Central","Japan
        East","UK South","West US","Central US","North Central US","South Central
        US","Korea Central","Brazil South","West US 3","France Central","South Africa
        North","Norway East","Switzerland North","UAE North"],"apiVersions":["2023-05-02-preview","2023-05-01","2023-04-01-preview","2022-11-01-preview","2022-10-01","2022-06-01-preview","2022-03-01","2022-01-01-preview"],"defaultApiVersion":"2023-04-01-preview","capabilities":"None"},{"resourceType":"locations/containerappOperationStatuses","locations":["Central
        US EUAP","East US 2 EUAP","North Central US (Stage)","West US 2","Southeast
        Asia","Sweden Central","Canada Central","West Europe","North Europe","East
        US","East US 2","East Asia","Australia East","Germany West Central","Japan
        East","UK South","West US","Central US","North Central US","South Central
        US","Korea Central","Brazil South","West US 3","France Central","South Africa
        North","Norway East","Switzerland North","UAE North"],"apiVersions":["2023-05-02-preview","2023-05-01","2023-04-01-preview","2022-11-01-preview","2022-10-01","2022-06-01-preview","2022-03-01","2022-01-01-preview"],"defaultApiVersion":"2023-04-01-preview","capabilities":"None"},{"resourceType":"locations/containerappsjobOperationResults","locations":["Central
        US EUAP","East US 2 EUAP","North Central US (Stage)","West US 2","Southeast
        Asia","Sweden Central","Canada Central","West Europe","North Europe","East
        US","East US 2","East Asia","Australia East","Germany West Central","Japan
        East","UK South","West US","Central US","North Central US","South Central
        US","Korea Central","Brazil South","West US 3","France Central","South Africa
        North","Norway East","Switzerland North","UAE North"],"apiVersions":["2023-05-02-preview","2023-05-01","2023-04-01-preview","2022-11-01-preview"],"defaultApiVersion":"2023-04-01-preview","capabilities":"None"},{"resourceType":"locations/containerappsjobOperationStatuses","locations":["Central
        US EUAP","East US 2 EUAP","North Central US (Stage)","West US 2","Southeast
        Asia","Sweden Central","Canada Central","West Europe","North Europe","East
        US","East US 2","East Asia","Australia East","Germany West Central","Japan
        East","UK South","West US","Central US","North Central US","South Central
        US","Korea Central","Brazil South","West US 3","France Central","South Africa
        North","Norway East","Switzerland North","UAE North"],"apiVersions":["2023-05-02-preview","2023-05-01","2023-04-01-preview","2022-11-01-preview"],"defaultApiVersion":"2023-04-01-preview","capabilities":"None"},{"resourceType":"connectedEnvironments","locations":["Central
        US EUAP","East US 2 EUAP","North Central US (Stage)","North Central US","East
        US","East Asia","West Europe"],"apiVersions":["2023-04-01-preview","2022-11-01-preview","2022-10-01","2022-06-01-preview"],"defaultApiVersion":"2023-04-01-preview","capabilities":"CrossResourceGroupResourceMove,
        CrossSubscriptionResourceMove, SupportsTags, SupportsLocation"},{"resourceType":"connectedEnvironments/certificates","locations":["Central
        US EUAP","East US 2 EUAP","North Central US (Stage)","North Central US","East
        US","East Asia","West Europe"],"apiVersions":["2023-04-01-preview","2022-11-01-preview","2022-10-01","2022-06-01-preview"],"defaultApiVersion":"2023-04-01-preview","capabilities":"CrossResourceGroupResourceMove,
        CrossSubscriptionResourceMove, SupportsTags, SupportsLocation"},{"resourceType":"locations/connectedEnvironmentOperationResults","locations":["Central
        US EUAP","East US 2 EUAP","North Central US (Stage)","North Central US","East
        US","East Asia","West Europe"],"apiVersions":["2023-04-01-preview","2022-11-01-preview","2022-10-01","2022-06-01-preview"],"defaultApiVersion":"2023-04-01-preview","capabilities":"None"},{"resourceType":"locations/connectedEnvironmentOperationStatuses","locations":["Central
        US EUAP","East US 2 EUAP","North Central US (Stage)","North Central US","East
        US","East Asia","West Europe"],"apiVersions":["2023-04-01-preview","2022-11-01-preview","2022-10-01","2022-06-01-preview"],"defaultApiVersion":"2023-04-01-preview","capabilities":"None"},{"resourceType":"locations/managedCertificateOperationStatuses","locations":["Central
        US EUAP","East US 2 EUAP","North Central US (Stage)","West US 2","Southeast
        Asia","Sweden Central","Canada Central","West Europe","North Europe","East
        US","East US 2","East Asia","Australia East","Germany West Central","Japan
        East","UK South","West US","Central US","North Central US","South Central
        US","Korea Central","Brazil South","West US 3","France Central","South Africa
        North","Norway East","Switzerland North","UAE North"],"apiVersions":["2023-05-02-preview","2023-05-01","2023-04-01-preview","2022-11-01-preview"],"defaultApiVersion":"2023-04-01-preview","capabilities":"None"},{"resourceType":"locations/billingMeters","locations":["Central
        US EUAP","East US 2 EUAP","North Central US (Stage)","West US 2","Southeast
        Asia","Sweden Central","Canada Central","West Europe","North Europe","East
        US","East US 2","East Asia","Australia East","Germany West Central","Japan
        East","UK South","West US","Central US","North Central US","South Central
        US","Korea Central","Brazil South","West US 3","France Central","South Africa
        North","Norway East","Switzerland North","UAE North"],"apiVersions":["2023-05-02-preview","2023-05-01","2023-04-01-preview","2022-11-01-preview","2022-10-01","2022-06-01-preview","2022-01-01-preview"],"defaultApiVersion":"2023-04-01-preview","capabilities":"None"},{"resourceType":"locations/availableManagedEnvironmentsWorkloadProfileTypes","locations":["Central
        US EUAP","East US 2 EUAP","North Central US (Stage)","West US 2","Southeast
        Asia","Sweden Central","Canada Central","West Europe","North Europe","East
        US","East US 2","East Asia","Australia East","Germany West Central","Japan
        East","UK South","West US","Central US","North Central US","South Central
        US","Korea Central","Brazil South","West US 3","France Central","South Africa
        North","Norway East","Switzerland North","UAE North"],"apiVersions":["2023-05-02-preview","2023-05-01","2023-04-01-preview","2022-11-01-preview","2022-10-01","2022-06-01-preview"],"defaultApiVersion":"2023-04-01-preview","capabilities":"None"}],"registrationState":"Registered","registrationPolicy":"RegistrationRequired"}'
    headers:
      cache-control:
      - no-cache
      content-length:
      - '13505'
      content-type:
      - application/json; charset=utf-8
      date:
      - Thu, 03 Aug 2023 02:32:59 GMT
      expires:
      - '-1'
      pragma:
      - no-cache
      strict-transport-security:
      - max-age=31536000; includeSubDomains
      vary:
      - Accept-Encoding
      x-content-type-options:
      - nosniff
    status:
      code: 200
      message: OK
- request:
    body: null
    headers:
      Accept:
      - application/json
      Accept-Encoding:
      - gzip, deflate
      CommandName:
      - containerapp env create
      Connection:
      - keep-alive
      ParameterSetName:
      - -g -n --logs-workspace-id --logs-workspace-key
      User-Agent:
      - AZURECLI/2.51.0 azsdk-python-azure-mgmt-resource/23.1.0b2 Python/3.10.11 (Windows-10-10.0.22621-SP0)
    method: GET
    uri: https://management.azure.com/subscriptions/00000000-0000-0000-0000-000000000000/providers/Microsoft.App?api-version=2022-09-01
  response:
    body:
      string: '{"id":"/subscriptions/00000000-0000-0000-0000-000000000000/providers/Microsoft.App","namespace":"Microsoft.App","authorizations":[{"applicationId":"7e3bc4fd-85a3-4192-b177-5b8bfc87f42c","roleDefinitionId":"39a74f72-b40f-4bdc-b639-562fe2260bf0"},{"applicationId":"3734c1a4-2bed-4998-a37a-ff1a9e7bf019","roleDefinitionId":"5c779a4f-5cb2-4547-8c41-478d9be8ba90"},{"applicationId":"55ebbb62-3b9c-49fd-9b87-9595226dd4ac","roleDefinitionId":"e49ca620-7992-4561-a7df-4ed67dad77b5","managedByRoleDefinitionId":"9e3af657-a8ff-583c-a75c-2fe7c4bcb635"}],"resourceTypes":[{"resourceType":"operations","locations":["North
        Central US (Stage)","Central US EUAP","East US 2 EUAP","West US 2","Southeast
        Asia","Sweden Central","Canada Central","West Europe","North Europe","East
        US","East US 2","East Asia","Australia East","Germany West Central","Japan
        East","UK South","West US","Central US","North Central US","South Central
        US","Korea Central","Brazil South","West US 3","France Central","South Africa
        North","Norway East","Switzerland North","UAE North"],"apiVersions":["2023-04-01-preview","2023-02-01","2022-11-01-preview","2022-10-01","2022-06-01-preview","2022-03-01","2022-01-01-preview"],"defaultApiVersion":"2023-04-01-preview","capabilities":"None"},{"resourceType":"managedEnvironments","locations":["Central
        US EUAP","East US 2 EUAP","North Central US (Stage)","West US 2","Southeast
        Asia","Sweden Central","Canada Central","West Europe","North Europe","East
        US","East US 2","East Asia","Australia East","Germany West Central","Japan
        East","UK South","West US","Central US","North Central US","South Central
        US","Korea Central","Brazil South","West US 3","France Central","South Africa
        North","Norway East","Switzerland North","UAE North"],"apiVersions":["2023-05-02-preview","2023-05-01","2023-04-01-preview","2022-11-01-preview","2022-10-01","2022-06-01-preview","2022-03-01","2022-01-01-preview"],"defaultApiVersion":"2023-04-01-preview","capabilities":"CrossResourceGroupResourceMove,
        CrossSubscriptionResourceMove, SupportsTags, SupportsLocation"},{"resourceType":"managedEnvironments/certificates","locations":["Central
        US EUAP","East US 2 EUAP","North Central US (Stage)","West US 2","Southeast
        Asia","Sweden Central","Canada Central","West Europe","North Europe","East
        US","East US 2","East Asia","Australia East","Germany West Central","Japan
        East","UK South","West US","Central US","North Central US","South Central
        US","Korea Central","Brazil South","West US 3","France Central","South Africa
        North","Norway East","Switzerland North","UAE North"],"apiVersions":["2023-05-02-preview","2023-05-01","2023-04-01-preview","2022-11-01-preview","2022-10-01","2022-06-01-preview","2022-03-01","2022-01-01-preview"],"defaultApiVersion":"2023-04-01-preview","capabilities":"CrossResourceGroupResourceMove,
        CrossSubscriptionResourceMove, SupportsTags, SupportsLocation"},{"resourceType":"managedEnvironments/managedCertificates","locations":["Central
        US EUAP","East US 2 EUAP","North Central US (Stage)","West US 2","Southeast
        Asia","Sweden Central","Canada Central","West Europe","North Europe","East
        US","East US 2","East Asia","Australia East","Germany West Central","Japan
        East","UK South","West US","Central US","North Central US","South Central
        US","Korea Central","Brazil South","West US 3","France Central","South Africa
        North","Norway East","Switzerland North","UAE North"],"apiVersions":["2023-05-02-preview","2023-05-01","2023-04-01-preview","2022-11-01-preview"],"defaultApiVersion":"2023-04-01-preview","capabilities":"CrossResourceGroupResourceMove,
        CrossSubscriptionResourceMove, SupportsTags, SupportsLocation"},{"resourceType":"containerApps","locations":["Central
        US EUAP","East US 2 EUAP","North Central US (Stage)","West US 2","Southeast
        Asia","Sweden Central","Canada Central","West Europe","North Europe","East
        US","East US 2","East Asia","Australia East","Germany West Central","Japan
        East","UK South","West US","Central US","North Central US","South Central
        US","Korea Central","Brazil South","West US 3","France Central","South Africa
        North","Norway East","Switzerland North","UAE North"],"apiVersions":["2023-05-02-preview","2023-05-01","2023-04-01-preview","2022-11-01-preview","2022-10-01","2022-06-01-preview","2022-03-01","2022-01-01-preview"],"defaultApiVersion":"2023-04-01-preview","capabilities":"CrossResourceGroupResourceMove,
        CrossSubscriptionResourceMove, SystemAssignedResourceIdentity, SupportsTags,
        SupportsLocation"},{"resourceType":"jobs","locations":["Central US EUAP","East
        US 2 EUAP","North Central US (Stage)","West US 2","Southeast Asia","Sweden
        Central","Canada Central","West Europe","North Europe","East US","East US
        2","East Asia","Australia East","Germany West Central","Japan East","UK South","West
        US","Central US","North Central US","South Central US","Korea Central","Brazil
        South","West US 3","France Central","South Africa North","Norway East","Switzerland
        North","UAE North"],"apiVersions":["2023-05-02-preview","2023-05-01","2023-04-01-preview","2022-11-01-preview"],"defaultApiVersion":"2023-04-01-preview","capabilities":"CrossResourceGroupResourceMove,
        CrossSubscriptionResourceMove, SystemAssignedResourceIdentity, SupportsTags,
        SupportsLocation"},{"resourceType":"locations","locations":[],"apiVersions":["2023-05-02-preview","2023-05-01","2023-04-01-preview","2022-11-01-preview","2022-10-01","2022-06-01-preview","2022-03-01","2022-01-01-preview"],"defaultApiVersion":"2023-04-01-preview","capabilities":"None"},{"resourceType":"locations/managedEnvironmentOperationResults","locations":["Central
        US EUAP","East US 2 EUAP","North Central US (Stage)","West US 2","Southeast
        Asia","Sweden Central","Canada Central","West Europe","North Europe","East
        US","East US 2","East Asia","Australia East","Germany West Central","Japan
        East","UK South","West US","Central US","North Central US","South Central
        US","Korea Central","Brazil South","West US 3","France Central","South Africa
        North","Norway East","Switzerland North","UAE North"],"apiVersions":["2023-05-02-preview","2023-05-01","2023-04-01-preview","2022-11-01-preview","2022-10-01","2022-06-01-preview","2022-03-01","2022-01-01-preview"],"defaultApiVersion":"2023-04-01-preview","capabilities":"None"},{"resourceType":"locations/managedEnvironmentOperationStatuses","locations":["Central
        US EUAP","East US 2 EUAP","North Central US (Stage)","West US 2","Southeast
        Asia","Sweden Central","Canada Central","West Europe","North Europe","East
        US","East US 2","East Asia","Australia East","Germany West Central","Japan
        East","UK South","West US","Central US","North Central US","South Central
        US","Korea Central","Brazil South","West US 3","France Central","South Africa
        North","Norway East","Switzerland North","UAE North"],"apiVersions":["2023-05-02-preview","2023-05-01","2023-04-01-preview","2022-11-01-preview","2022-10-01","2022-06-01-preview","2022-03-01","2022-01-01-preview"],"defaultApiVersion":"2023-04-01-preview","capabilities":"None"},{"resourceType":"locations/containerappOperationResults","locations":["Central
        US EUAP","East US 2 EUAP","North Central US (Stage)","West US 2","Southeast
        Asia","Sweden Central","Canada Central","West Europe","North Europe","East
        US","East US 2","East Asia","Australia East","Germany West Central","Japan
        East","UK South","West US","Central US","North Central US","South Central
        US","Korea Central","Brazil South","West US 3","France Central","South Africa
        North","Norway East","Switzerland North","UAE North"],"apiVersions":["2023-05-02-preview","2023-05-01","2023-04-01-preview","2022-11-01-preview","2022-10-01","2022-06-01-preview","2022-03-01","2022-01-01-preview"],"defaultApiVersion":"2023-04-01-preview","capabilities":"None"},{"resourceType":"locations/containerappOperationStatuses","locations":["Central
        US EUAP","East US 2 EUAP","North Central US (Stage)","West US 2","Southeast
        Asia","Sweden Central","Canada Central","West Europe","North Europe","East
        US","East US 2","East Asia","Australia East","Germany West Central","Japan
        East","UK South","West US","Central US","North Central US","South Central
        US","Korea Central","Brazil South","West US 3","France Central","South Africa
        North","Norway East","Switzerland North","UAE North"],"apiVersions":["2023-05-02-preview","2023-05-01","2023-04-01-preview","2022-11-01-preview","2022-10-01","2022-06-01-preview","2022-03-01","2022-01-01-preview"],"defaultApiVersion":"2023-04-01-preview","capabilities":"None"},{"resourceType":"locations/containerappsjobOperationResults","locations":["Central
        US EUAP","East US 2 EUAP","North Central US (Stage)","West US 2","Southeast
        Asia","Sweden Central","Canada Central","West Europe","North Europe","East
        US","East US 2","East Asia","Australia East","Germany West Central","Japan
        East","UK South","West US","Central US","North Central US","South Central
        US","Korea Central","Brazil South","West US 3","France Central","South Africa
        North","Norway East","Switzerland North","UAE North"],"apiVersions":["2023-05-02-preview","2023-05-01","2023-04-01-preview","2022-11-01-preview"],"defaultApiVersion":"2023-04-01-preview","capabilities":"None"},{"resourceType":"locations/containerappsjobOperationStatuses","locations":["Central
        US EUAP","East US 2 EUAP","North Central US (Stage)","West US 2","Southeast
        Asia","Sweden Central","Canada Central","West Europe","North Europe","East
        US","East US 2","East Asia","Australia East","Germany West Central","Japan
        East","UK South","West US","Central US","North Central US","South Central
        US","Korea Central","Brazil South","West US 3","France Central","South Africa
        North","Norway East","Switzerland North","UAE North"],"apiVersions":["2023-05-02-preview","2023-05-01","2023-04-01-preview","2022-11-01-preview"],"defaultApiVersion":"2023-04-01-preview","capabilities":"None"},{"resourceType":"connectedEnvironments","locations":["Central
        US EUAP","East US 2 EUAP","North Central US (Stage)","North Central US","East
        US","East Asia","West Europe"],"apiVersions":["2023-04-01-preview","2022-11-01-preview","2022-10-01","2022-06-01-preview"],"defaultApiVersion":"2023-04-01-preview","capabilities":"CrossResourceGroupResourceMove,
        CrossSubscriptionResourceMove, SupportsTags, SupportsLocation"},{"resourceType":"connectedEnvironments/certificates","locations":["Central
        US EUAP","East US 2 EUAP","North Central US (Stage)","North Central US","East
        US","East Asia","West Europe"],"apiVersions":["2023-04-01-preview","2022-11-01-preview","2022-10-01","2022-06-01-preview"],"defaultApiVersion":"2023-04-01-preview","capabilities":"CrossResourceGroupResourceMove,
        CrossSubscriptionResourceMove, SupportsTags, SupportsLocation"},{"resourceType":"locations/connectedEnvironmentOperationResults","locations":["Central
        US EUAP","East US 2 EUAP","North Central US (Stage)","North Central US","East
        US","East Asia","West Europe"],"apiVersions":["2023-04-01-preview","2022-11-01-preview","2022-10-01","2022-06-01-preview"],"defaultApiVersion":"2023-04-01-preview","capabilities":"None"},{"resourceType":"locations/connectedEnvironmentOperationStatuses","locations":["Central
        US EUAP","East US 2 EUAP","North Central US (Stage)","North Central US","East
        US","East Asia","West Europe"],"apiVersions":["2023-04-01-preview","2022-11-01-preview","2022-10-01","2022-06-01-preview"],"defaultApiVersion":"2023-04-01-preview","capabilities":"None"},{"resourceType":"locations/managedCertificateOperationStatuses","locations":["Central
        US EUAP","East US 2 EUAP","North Central US (Stage)","West US 2","Southeast
        Asia","Sweden Central","Canada Central","West Europe","North Europe","East
        US","East US 2","East Asia","Australia East","Germany West Central","Japan
        East","UK South","West US","Central US","North Central US","South Central
        US","Korea Central","Brazil South","West US 3","France Central","South Africa
        North","Norway East","Switzerland North","UAE North"],"apiVersions":["2023-05-02-preview","2023-05-01","2023-04-01-preview","2022-11-01-preview"],"defaultApiVersion":"2023-04-01-preview","capabilities":"None"},{"resourceType":"locations/billingMeters","locations":["Central
        US EUAP","East US 2 EUAP","North Central US (Stage)","West US 2","Southeast
        Asia","Sweden Central","Canada Central","West Europe","North Europe","East
        US","East US 2","East Asia","Australia East","Germany West Central","Japan
        East","UK South","West US","Central US","North Central US","South Central
        US","Korea Central","Brazil South","West US 3","France Central","South Africa
        North","Norway East","Switzerland North","UAE North"],"apiVersions":["2023-05-02-preview","2023-05-01","2023-04-01-preview","2022-11-01-preview","2022-10-01","2022-06-01-preview","2022-01-01-preview"],"defaultApiVersion":"2023-04-01-preview","capabilities":"None"},{"resourceType":"locations/availableManagedEnvironmentsWorkloadProfileTypes","locations":["Central
        US EUAP","East US 2 EUAP","North Central US (Stage)","West US 2","Southeast
        Asia","Sweden Central","Canada Central","West Europe","North Europe","East
        US","East US 2","East Asia","Australia East","Germany West Central","Japan
        East","UK South","West US","Central US","North Central US","South Central
        US","Korea Central","Brazil South","West US 3","France Central","South Africa
        North","Norway East","Switzerland North","UAE North"],"apiVersions":["2023-05-02-preview","2023-05-01","2023-04-01-preview","2022-11-01-preview","2022-10-01","2022-06-01-preview"],"defaultApiVersion":"2023-04-01-preview","capabilities":"None"}],"registrationState":"Registered","registrationPolicy":"RegistrationRequired"}'
    headers:
      cache-control:
      - no-cache
      content-length:
      - '13505'
      content-type:
      - application/json; charset=utf-8
      date:
      - Thu, 03 Aug 2023 02:33:00 GMT
      expires:
      - '-1'
      pragma:
      - no-cache
      strict-transport-security:
      - max-age=31536000; includeSubDomains
      vary:
      - Accept-Encoding
      x-content-type-options:
      - nosniff
    status:
      code: 200
      message: OK
- request:
    body: null
    headers:
      Accept:
      - application/json
      Accept-Encoding:
      - gzip, deflate
      CommandName:
      - containerapp env create
      Connection:
      - keep-alive
      ParameterSetName:
      - -g -n --logs-workspace-id --logs-workspace-key
      User-Agent:
      - AZURECLI/2.51.0 azsdk-python-azure-mgmt-resource/23.1.0b2 Python/3.10.11 (Windows-10-10.0.22621-SP0)
    method: GET
    uri: https://management.azure.com/subscriptions/00000000-0000-0000-0000-000000000000/providers/Microsoft.App?api-version=2022-09-01
  response:
    body:
      string: '{"id":"/subscriptions/00000000-0000-0000-0000-000000000000/providers/Microsoft.App","namespace":"Microsoft.App","authorizations":[{"applicationId":"7e3bc4fd-85a3-4192-b177-5b8bfc87f42c","roleDefinitionId":"39a74f72-b40f-4bdc-b639-562fe2260bf0"},{"applicationId":"3734c1a4-2bed-4998-a37a-ff1a9e7bf019","roleDefinitionId":"5c779a4f-5cb2-4547-8c41-478d9be8ba90"},{"applicationId":"55ebbb62-3b9c-49fd-9b87-9595226dd4ac","roleDefinitionId":"e49ca620-7992-4561-a7df-4ed67dad77b5","managedByRoleDefinitionId":"9e3af657-a8ff-583c-a75c-2fe7c4bcb635"}],"resourceTypes":[{"resourceType":"operations","locations":["North
        Central US (Stage)","Central US EUAP","East US 2 EUAP","West US 2","Southeast
        Asia","Sweden Central","Canada Central","West Europe","North Europe","East
        US","East US 2","East Asia","Australia East","Germany West Central","Japan
        East","UK South","West US","Central US","North Central US","South Central
        US","Korea Central","Brazil South","West US 3","France Central","South Africa
        North","Norway East","Switzerland North","UAE North"],"apiVersions":["2023-04-01-preview","2023-02-01","2022-11-01-preview","2022-10-01","2022-06-01-preview","2022-03-01","2022-01-01-preview"],"defaultApiVersion":"2023-04-01-preview","capabilities":"None"},{"resourceType":"managedEnvironments","locations":["Central
        US EUAP","East US 2 EUAP","North Central US (Stage)","West US 2","Southeast
        Asia","Sweden Central","Canada Central","West Europe","North Europe","East
        US","East US 2","East Asia","Australia East","Germany West Central","Japan
        East","UK South","West US","Central US","North Central US","South Central
        US","Korea Central","Brazil South","West US 3","France Central","South Africa
        North","Norway East","Switzerland North","UAE North"],"apiVersions":["2023-05-02-preview","2023-05-01","2023-04-01-preview","2022-11-01-preview","2022-10-01","2022-06-01-preview","2022-03-01","2022-01-01-preview"],"defaultApiVersion":"2023-04-01-preview","capabilities":"CrossResourceGroupResourceMove,
        CrossSubscriptionResourceMove, SupportsTags, SupportsLocation"},{"resourceType":"managedEnvironments/certificates","locations":["Central
        US EUAP","East US 2 EUAP","North Central US (Stage)","West US 2","Southeast
        Asia","Sweden Central","Canada Central","West Europe","North Europe","East
        US","East US 2","East Asia","Australia East","Germany West Central","Japan
        East","UK South","West US","Central US","North Central US","South Central
        US","Korea Central","Brazil South","West US 3","France Central","South Africa
        North","Norway East","Switzerland North","UAE North"],"apiVersions":["2023-05-02-preview","2023-05-01","2023-04-01-preview","2022-11-01-preview","2022-10-01","2022-06-01-preview","2022-03-01","2022-01-01-preview"],"defaultApiVersion":"2023-04-01-preview","capabilities":"CrossResourceGroupResourceMove,
        CrossSubscriptionResourceMove, SupportsTags, SupportsLocation"},{"resourceType":"managedEnvironments/managedCertificates","locations":["Central
        US EUAP","East US 2 EUAP","North Central US (Stage)","West US 2","Southeast
        Asia","Sweden Central","Canada Central","West Europe","North Europe","East
        US","East US 2","East Asia","Australia East","Germany West Central","Japan
        East","UK South","West US","Central US","North Central US","South Central
        US","Korea Central","Brazil South","West US 3","France Central","South Africa
        North","Norway East","Switzerland North","UAE North"],"apiVersions":["2023-05-02-preview","2023-05-01","2023-04-01-preview","2022-11-01-preview"],"defaultApiVersion":"2023-04-01-preview","capabilities":"CrossResourceGroupResourceMove,
        CrossSubscriptionResourceMove, SupportsTags, SupportsLocation"},{"resourceType":"containerApps","locations":["Central
        US EUAP","East US 2 EUAP","North Central US (Stage)","West US 2","Southeast
        Asia","Sweden Central","Canada Central","West Europe","North Europe","East
        US","East US 2","East Asia","Australia East","Germany West Central","Japan
        East","UK South","West US","Central US","North Central US","South Central
        US","Korea Central","Brazil South","West US 3","France Central","South Africa
        North","Norway East","Switzerland North","UAE North"],"apiVersions":["2023-05-02-preview","2023-05-01","2023-04-01-preview","2022-11-01-preview","2022-10-01","2022-06-01-preview","2022-03-01","2022-01-01-preview"],"defaultApiVersion":"2023-04-01-preview","capabilities":"CrossResourceGroupResourceMove,
        CrossSubscriptionResourceMove, SystemAssignedResourceIdentity, SupportsTags,
        SupportsLocation"},{"resourceType":"jobs","locations":["Central US EUAP","East
        US 2 EUAP","North Central US (Stage)","West US 2","Southeast Asia","Sweden
        Central","Canada Central","West Europe","North Europe","East US","East US
        2","East Asia","Australia East","Germany West Central","Japan East","UK South","West
        US","Central US","North Central US","South Central US","Korea Central","Brazil
        South","West US 3","France Central","South Africa North","Norway East","Switzerland
        North","UAE North"],"apiVersions":["2023-05-02-preview","2023-05-01","2023-04-01-preview","2022-11-01-preview"],"defaultApiVersion":"2023-04-01-preview","capabilities":"CrossResourceGroupResourceMove,
        CrossSubscriptionResourceMove, SystemAssignedResourceIdentity, SupportsTags,
        SupportsLocation"},{"resourceType":"locations","locations":[],"apiVersions":["2023-05-02-preview","2023-05-01","2023-04-01-preview","2022-11-01-preview","2022-10-01","2022-06-01-preview","2022-03-01","2022-01-01-preview"],"defaultApiVersion":"2023-04-01-preview","capabilities":"None"},{"resourceType":"locations/managedEnvironmentOperationResults","locations":["Central
        US EUAP","East US 2 EUAP","North Central US (Stage)","West US 2","Southeast
        Asia","Sweden Central","Canada Central","West Europe","North Europe","East
        US","East US 2","East Asia","Australia East","Germany West Central","Japan
        East","UK South","West US","Central US","North Central US","South Central
        US","Korea Central","Brazil South","West US 3","France Central","South Africa
        North","Norway East","Switzerland North","UAE North"],"apiVersions":["2023-05-02-preview","2023-05-01","2023-04-01-preview","2022-11-01-preview","2022-10-01","2022-06-01-preview","2022-03-01","2022-01-01-preview"],"defaultApiVersion":"2023-04-01-preview","capabilities":"None"},{"resourceType":"locations/managedEnvironmentOperationStatuses","locations":["Central
        US EUAP","East US 2 EUAP","North Central US (Stage)","West US 2","Southeast
        Asia","Sweden Central","Canada Central","West Europe","North Europe","East
        US","East US 2","East Asia","Australia East","Germany West Central","Japan
        East","UK South","West US","Central US","North Central US","South Central
        US","Korea Central","Brazil South","West US 3","France Central","South Africa
        North","Norway East","Switzerland North","UAE North"],"apiVersions":["2023-05-02-preview","2023-05-01","2023-04-01-preview","2022-11-01-preview","2022-10-01","2022-06-01-preview","2022-03-01","2022-01-01-preview"],"defaultApiVersion":"2023-04-01-preview","capabilities":"None"},{"resourceType":"locations/containerappOperationResults","locations":["Central
        US EUAP","East US 2 EUAP","North Central US (Stage)","West US 2","Southeast
        Asia","Sweden Central","Canada Central","West Europe","North Europe","East
        US","East US 2","East Asia","Australia East","Germany West Central","Japan
        East","UK South","West US","Central US","North Central US","South Central
        US","Korea Central","Brazil South","West US 3","France Central","South Africa
        North","Norway East","Switzerland North","UAE North"],"apiVersions":["2023-05-02-preview","2023-05-01","2023-04-01-preview","2022-11-01-preview","2022-10-01","2022-06-01-preview","2022-03-01","2022-01-01-preview"],"defaultApiVersion":"2023-04-01-preview","capabilities":"None"},{"resourceType":"locations/containerappOperationStatuses","locations":["Central
        US EUAP","East US 2 EUAP","North Central US (Stage)","West US 2","Southeast
        Asia","Sweden Central","Canada Central","West Europe","North Europe","East
        US","East US 2","East Asia","Australia East","Germany West Central","Japan
        East","UK South","West US","Central US","North Central US","South Central
        US","Korea Central","Brazil South","West US 3","France Central","South Africa
        North","Norway East","Switzerland North","UAE North"],"apiVersions":["2023-05-02-preview","2023-05-01","2023-04-01-preview","2022-11-01-preview","2022-10-01","2022-06-01-preview","2022-03-01","2022-01-01-preview"],"defaultApiVersion":"2023-04-01-preview","capabilities":"None"},{"resourceType":"locations/containerappsjobOperationResults","locations":["Central
        US EUAP","East US 2 EUAP","North Central US (Stage)","West US 2","Southeast
        Asia","Sweden Central","Canada Central","West Europe","North Europe","East
        US","East US 2","East Asia","Australia East","Germany West Central","Japan
        East","UK South","West US","Central US","North Central US","South Central
        US","Korea Central","Brazil South","West US 3","France Central","South Africa
        North","Norway East","Switzerland North","UAE North"],"apiVersions":["2023-05-02-preview","2023-05-01","2023-04-01-preview","2022-11-01-preview"],"defaultApiVersion":"2023-04-01-preview","capabilities":"None"},{"resourceType":"locations/containerappsjobOperationStatuses","locations":["Central
        US EUAP","East US 2 EUAP","North Central US (Stage)","West US 2","Southeast
        Asia","Sweden Central","Canada Central","West Europe","North Europe","East
        US","East US 2","East Asia","Australia East","Germany West Central","Japan
        East","UK South","West US","Central US","North Central US","South Central
        US","Korea Central","Brazil South","West US 3","France Central","South Africa
        North","Norway East","Switzerland North","UAE North"],"apiVersions":["2023-05-02-preview","2023-05-01","2023-04-01-preview","2022-11-01-preview"],"defaultApiVersion":"2023-04-01-preview","capabilities":"None"},{"resourceType":"connectedEnvironments","locations":["Central
        US EUAP","East US 2 EUAP","North Central US (Stage)","North Central US","East
        US","East Asia","West Europe"],"apiVersions":["2023-04-01-preview","2022-11-01-preview","2022-10-01","2022-06-01-preview"],"defaultApiVersion":"2023-04-01-preview","capabilities":"CrossResourceGroupResourceMove,
        CrossSubscriptionResourceMove, SupportsTags, SupportsLocation"},{"resourceType":"connectedEnvironments/certificates","locations":["Central
        US EUAP","East US 2 EUAP","North Central US (Stage)","North Central US","East
        US","East Asia","West Europe"],"apiVersions":["2023-04-01-preview","2022-11-01-preview","2022-10-01","2022-06-01-preview"],"defaultApiVersion":"2023-04-01-preview","capabilities":"CrossResourceGroupResourceMove,
        CrossSubscriptionResourceMove, SupportsTags, SupportsLocation"},{"resourceType":"locations/connectedEnvironmentOperationResults","locations":["Central
        US EUAP","East US 2 EUAP","North Central US (Stage)","North Central US","East
        US","East Asia","West Europe"],"apiVersions":["2023-04-01-preview","2022-11-01-preview","2022-10-01","2022-06-01-preview"],"defaultApiVersion":"2023-04-01-preview","capabilities":"None"},{"resourceType":"locations/connectedEnvironmentOperationStatuses","locations":["Central
        US EUAP","East US 2 EUAP","North Central US (Stage)","North Central US","East
        US","East Asia","West Europe"],"apiVersions":["2023-04-01-preview","2022-11-01-preview","2022-10-01","2022-06-01-preview"],"defaultApiVersion":"2023-04-01-preview","capabilities":"None"},{"resourceType":"locations/managedCertificateOperationStatuses","locations":["Central
        US EUAP","East US 2 EUAP","North Central US (Stage)","West US 2","Southeast
        Asia","Sweden Central","Canada Central","West Europe","North Europe","East
        US","East US 2","East Asia","Australia East","Germany West Central","Japan
        East","UK South","West US","Central US","North Central US","South Central
        US","Korea Central","Brazil South","West US 3","France Central","South Africa
        North","Norway East","Switzerland North","UAE North"],"apiVersions":["2023-05-02-preview","2023-05-01","2023-04-01-preview","2022-11-01-preview"],"defaultApiVersion":"2023-04-01-preview","capabilities":"None"},{"resourceType":"locations/billingMeters","locations":["Central
        US EUAP","East US 2 EUAP","North Central US (Stage)","West US 2","Southeast
        Asia","Sweden Central","Canada Central","West Europe","North Europe","East
        US","East US 2","East Asia","Australia East","Germany West Central","Japan
        East","UK South","West US","Central US","North Central US","South Central
        US","Korea Central","Brazil South","West US 3","France Central","South Africa
        North","Norway East","Switzerland North","UAE North"],"apiVersions":["2023-05-02-preview","2023-05-01","2023-04-01-preview","2022-11-01-preview","2022-10-01","2022-06-01-preview","2022-01-01-preview"],"defaultApiVersion":"2023-04-01-preview","capabilities":"None"},{"resourceType":"locations/availableManagedEnvironmentsWorkloadProfileTypes","locations":["Central
        US EUAP","East US 2 EUAP","North Central US (Stage)","West US 2","Southeast
        Asia","Sweden Central","Canada Central","West Europe","North Europe","East
        US","East US 2","East Asia","Australia East","Germany West Central","Japan
        East","UK South","West US","Central US","North Central US","South Central
        US","Korea Central","Brazil South","West US 3","France Central","South Africa
        North","Norway East","Switzerland North","UAE North"],"apiVersions":["2023-05-02-preview","2023-05-01","2023-04-01-preview","2022-11-01-preview","2022-10-01","2022-06-01-preview"],"defaultApiVersion":"2023-04-01-preview","capabilities":"None"}],"registrationState":"Registered","registrationPolicy":"RegistrationRequired"}'
    headers:
      cache-control:
      - no-cache
      content-length:
      - '13505'
      content-type:
      - application/json; charset=utf-8
      date:
      - Thu, 03 Aug 2023 02:33:00 GMT
      expires:
      - '-1'
      pragma:
      - no-cache
      strict-transport-security:
      - max-age=31536000; includeSubDomains
      vary:
      - Accept-Encoding
      x-content-type-options:
      - nosniff
    status:
      code: 200
      message: OK
- request:
    body: null
    headers:
      Accept:
      - application/json
      Accept-Encoding:
      - gzip, deflate
      CommandName:
      - containerapp env create
      Connection:
      - keep-alive
      ParameterSetName:
      - -g -n --logs-workspace-id --logs-workspace-key
      User-Agent:
      - AZURECLI/2.51.0 azsdk-python-azure-mgmt-resource/23.1.0b2 Python/3.10.11 (Windows-10-10.0.22621-SP0)
    method: GET
    uri: https://management.azure.com/subscriptions/00000000-0000-0000-0000-000000000000/providers/Microsoft.App?api-version=2022-09-01
  response:
    body:
      string: '{"id":"/subscriptions/00000000-0000-0000-0000-000000000000/providers/Microsoft.App","namespace":"Microsoft.App","authorizations":[{"applicationId":"7e3bc4fd-85a3-4192-b177-5b8bfc87f42c","roleDefinitionId":"39a74f72-b40f-4bdc-b639-562fe2260bf0"},{"applicationId":"3734c1a4-2bed-4998-a37a-ff1a9e7bf019","roleDefinitionId":"5c779a4f-5cb2-4547-8c41-478d9be8ba90"},{"applicationId":"55ebbb62-3b9c-49fd-9b87-9595226dd4ac","roleDefinitionId":"e49ca620-7992-4561-a7df-4ed67dad77b5","managedByRoleDefinitionId":"9e3af657-a8ff-583c-a75c-2fe7c4bcb635"}],"resourceTypes":[{"resourceType":"operations","locations":["North
        Central US (Stage)","Central US EUAP","East US 2 EUAP","West US 2","Southeast
        Asia","Sweden Central","Canada Central","West Europe","North Europe","East
        US","East US 2","East Asia","Australia East","Germany West Central","Japan
        East","UK South","West US","Central US","North Central US","South Central
        US","Korea Central","Brazil South","West US 3","France Central","South Africa
        North","Norway East","Switzerland North","UAE North"],"apiVersions":["2023-04-01-preview","2023-02-01","2022-11-01-preview","2022-10-01","2022-06-01-preview","2022-03-01","2022-01-01-preview"],"defaultApiVersion":"2023-04-01-preview","capabilities":"None"},{"resourceType":"managedEnvironments","locations":["Central
        US EUAP","East US 2 EUAP","North Central US (Stage)","West US 2","Southeast
        Asia","Sweden Central","Canada Central","West Europe","North Europe","East
        US","East US 2","East Asia","Australia East","Germany West Central","Japan
        East","UK South","West US","Central US","North Central US","South Central
        US","Korea Central","Brazil South","West US 3","France Central","South Africa
        North","Norway East","Switzerland North","UAE North"],"apiVersions":["2023-05-02-preview","2023-05-01","2023-04-01-preview","2022-11-01-preview","2022-10-01","2022-06-01-preview","2022-03-01","2022-01-01-preview"],"defaultApiVersion":"2023-04-01-preview","capabilities":"CrossResourceGroupResourceMove,
        CrossSubscriptionResourceMove, SupportsTags, SupportsLocation"},{"resourceType":"managedEnvironments/certificates","locations":["Central
        US EUAP","East US 2 EUAP","North Central US (Stage)","West US 2","Southeast
        Asia","Sweden Central","Canada Central","West Europe","North Europe","East
        US","East US 2","East Asia","Australia East","Germany West Central","Japan
        East","UK South","West US","Central US","North Central US","South Central
        US","Korea Central","Brazil South","West US 3","France Central","South Africa
        North","Norway East","Switzerland North","UAE North"],"apiVersions":["2023-05-02-preview","2023-05-01","2023-04-01-preview","2022-11-01-preview","2022-10-01","2022-06-01-preview","2022-03-01","2022-01-01-preview"],"defaultApiVersion":"2023-04-01-preview","capabilities":"CrossResourceGroupResourceMove,
        CrossSubscriptionResourceMove, SupportsTags, SupportsLocation"},{"resourceType":"managedEnvironments/managedCertificates","locations":["Central
        US EUAP","East US 2 EUAP","North Central US (Stage)","West US 2","Southeast
        Asia","Sweden Central","Canada Central","West Europe","North Europe","East
        US","East US 2","East Asia","Australia East","Germany West Central","Japan
        East","UK South","West US","Central US","North Central US","South Central
        US","Korea Central","Brazil South","West US 3","France Central","South Africa
        North","Norway East","Switzerland North","UAE North"],"apiVersions":["2023-05-02-preview","2023-05-01","2023-04-01-preview","2022-11-01-preview"],"defaultApiVersion":"2023-04-01-preview","capabilities":"CrossResourceGroupResourceMove,
        CrossSubscriptionResourceMove, SupportsTags, SupportsLocation"},{"resourceType":"containerApps","locations":["Central
        US EUAP","East US 2 EUAP","North Central US (Stage)","West US 2","Southeast
        Asia","Sweden Central","Canada Central","West Europe","North Europe","East
        US","East US 2","East Asia","Australia East","Germany West Central","Japan
        East","UK South","West US","Central US","North Central US","South Central
        US","Korea Central","Brazil South","West US 3","France Central","South Africa
        North","Norway East","Switzerland North","UAE North"],"apiVersions":["2023-05-02-preview","2023-05-01","2023-04-01-preview","2022-11-01-preview","2022-10-01","2022-06-01-preview","2022-03-01","2022-01-01-preview"],"defaultApiVersion":"2023-04-01-preview","capabilities":"CrossResourceGroupResourceMove,
        CrossSubscriptionResourceMove, SystemAssignedResourceIdentity, SupportsTags,
        SupportsLocation"},{"resourceType":"jobs","locations":["Central US EUAP","East
        US 2 EUAP","North Central US (Stage)","West US 2","Southeast Asia","Sweden
        Central","Canada Central","West Europe","North Europe","East US","East US
        2","East Asia","Australia East","Germany West Central","Japan East","UK South","West
        US","Central US","North Central US","South Central US","Korea Central","Brazil
        South","West US 3","France Central","South Africa North","Norway East","Switzerland
        North","UAE North"],"apiVersions":["2023-05-02-preview","2023-05-01","2023-04-01-preview","2022-11-01-preview"],"defaultApiVersion":"2023-04-01-preview","capabilities":"CrossResourceGroupResourceMove,
        CrossSubscriptionResourceMove, SystemAssignedResourceIdentity, SupportsTags,
        SupportsLocation"},{"resourceType":"locations","locations":[],"apiVersions":["2023-05-02-preview","2023-05-01","2023-04-01-preview","2022-11-01-preview","2022-10-01","2022-06-01-preview","2022-03-01","2022-01-01-preview"],"defaultApiVersion":"2023-04-01-preview","capabilities":"None"},{"resourceType":"locations/managedEnvironmentOperationResults","locations":["Central
        US EUAP","East US 2 EUAP","North Central US (Stage)","West US 2","Southeast
        Asia","Sweden Central","Canada Central","West Europe","North Europe","East
        US","East US 2","East Asia","Australia East","Germany West Central","Japan
        East","UK South","West US","Central US","North Central US","South Central
        US","Korea Central","Brazil South","West US 3","France Central","South Africa
        North","Norway East","Switzerland North","UAE North"],"apiVersions":["2023-05-02-preview","2023-05-01","2023-04-01-preview","2022-11-01-preview","2022-10-01","2022-06-01-preview","2022-03-01","2022-01-01-preview"],"defaultApiVersion":"2023-04-01-preview","capabilities":"None"},{"resourceType":"locations/managedEnvironmentOperationStatuses","locations":["Central
        US EUAP","East US 2 EUAP","North Central US (Stage)","West US 2","Southeast
        Asia","Sweden Central","Canada Central","West Europe","North Europe","East
        US","East US 2","East Asia","Australia East","Germany West Central","Japan
        East","UK South","West US","Central US","North Central US","South Central
        US","Korea Central","Brazil South","West US 3","France Central","South Africa
        North","Norway East","Switzerland North","UAE North"],"apiVersions":["2023-05-02-preview","2023-05-01","2023-04-01-preview","2022-11-01-preview","2022-10-01","2022-06-01-preview","2022-03-01","2022-01-01-preview"],"defaultApiVersion":"2023-04-01-preview","capabilities":"None"},{"resourceType":"locations/containerappOperationResults","locations":["Central
        US EUAP","East US 2 EUAP","North Central US (Stage)","West US 2","Southeast
        Asia","Sweden Central","Canada Central","West Europe","North Europe","East
        US","East US 2","East Asia","Australia East","Germany West Central","Japan
        East","UK South","West US","Central US","North Central US","South Central
        US","Korea Central","Brazil South","West US 3","France Central","South Africa
        North","Norway East","Switzerland North","UAE North"],"apiVersions":["2023-05-02-preview","2023-05-01","2023-04-01-preview","2022-11-01-preview","2022-10-01","2022-06-01-preview","2022-03-01","2022-01-01-preview"],"defaultApiVersion":"2023-04-01-preview","capabilities":"None"},{"resourceType":"locations/containerappOperationStatuses","locations":["Central
        US EUAP","East US 2 EUAP","North Central US (Stage)","West US 2","Southeast
        Asia","Sweden Central","Canada Central","West Europe","North Europe","East
        US","East US 2","East Asia","Australia East","Germany West Central","Japan
        East","UK South","West US","Central US","North Central US","South Central
        US","Korea Central","Brazil South","West US 3","France Central","South Africa
        North","Norway East","Switzerland North","UAE North"],"apiVersions":["2023-05-02-preview","2023-05-01","2023-04-01-preview","2022-11-01-preview","2022-10-01","2022-06-01-preview","2022-03-01","2022-01-01-preview"],"defaultApiVersion":"2023-04-01-preview","capabilities":"None"},{"resourceType":"locations/containerappsjobOperationResults","locations":["Central
        US EUAP","East US 2 EUAP","North Central US (Stage)","West US 2","Southeast
        Asia","Sweden Central","Canada Central","West Europe","North Europe","East
        US","East US 2","East Asia","Australia East","Germany West Central","Japan
        East","UK South","West US","Central US","North Central US","South Central
        US","Korea Central","Brazil South","West US 3","France Central","South Africa
        North","Norway East","Switzerland North","UAE North"],"apiVersions":["2023-05-02-preview","2023-05-01","2023-04-01-preview","2022-11-01-preview"],"defaultApiVersion":"2023-04-01-preview","capabilities":"None"},{"resourceType":"locations/containerappsjobOperationStatuses","locations":["Central
        US EUAP","East US 2 EUAP","North Central US (Stage)","West US 2","Southeast
        Asia","Sweden Central","Canada Central","West Europe","North Europe","East
        US","East US 2","East Asia","Australia East","Germany West Central","Japan
        East","UK South","West US","Central US","North Central US","South Central
        US","Korea Central","Brazil South","West US 3","France Central","South Africa
        North","Norway East","Switzerland North","UAE North"],"apiVersions":["2023-05-02-preview","2023-05-01","2023-04-01-preview","2022-11-01-preview"],"defaultApiVersion":"2023-04-01-preview","capabilities":"None"},{"resourceType":"connectedEnvironments","locations":["Central
        US EUAP","East US 2 EUAP","North Central US (Stage)","North Central US","East
        US","East Asia","West Europe"],"apiVersions":["2023-04-01-preview","2022-11-01-preview","2022-10-01","2022-06-01-preview"],"defaultApiVersion":"2023-04-01-preview","capabilities":"CrossResourceGroupResourceMove,
        CrossSubscriptionResourceMove, SupportsTags, SupportsLocation"},{"resourceType":"connectedEnvironments/certificates","locations":["Central
        US EUAP","East US 2 EUAP","North Central US (Stage)","North Central US","East
        US","East Asia","West Europe"],"apiVersions":["2023-04-01-preview","2022-11-01-preview","2022-10-01","2022-06-01-preview"],"defaultApiVersion":"2023-04-01-preview","capabilities":"CrossResourceGroupResourceMove,
        CrossSubscriptionResourceMove, SupportsTags, SupportsLocation"},{"resourceType":"locations/connectedEnvironmentOperationResults","locations":["Central
        US EUAP","East US 2 EUAP","North Central US (Stage)","North Central US","East
        US","East Asia","West Europe"],"apiVersions":["2023-04-01-preview","2022-11-01-preview","2022-10-01","2022-06-01-preview"],"defaultApiVersion":"2023-04-01-preview","capabilities":"None"},{"resourceType":"locations/connectedEnvironmentOperationStatuses","locations":["Central
        US EUAP","East US 2 EUAP","North Central US (Stage)","North Central US","East
        US","East Asia","West Europe"],"apiVersions":["2023-04-01-preview","2022-11-01-preview","2022-10-01","2022-06-01-preview"],"defaultApiVersion":"2023-04-01-preview","capabilities":"None"},{"resourceType":"locations/managedCertificateOperationStatuses","locations":["Central
        US EUAP","East US 2 EUAP","North Central US (Stage)","West US 2","Southeast
        Asia","Sweden Central","Canada Central","West Europe","North Europe","East
        US","East US 2","East Asia","Australia East","Germany West Central","Japan
        East","UK South","West US","Central US","North Central US","South Central
        US","Korea Central","Brazil South","West US 3","France Central","South Africa
        North","Norway East","Switzerland North","UAE North"],"apiVersions":["2023-05-02-preview","2023-05-01","2023-04-01-preview","2022-11-01-preview"],"defaultApiVersion":"2023-04-01-preview","capabilities":"None"},{"resourceType":"locations/billingMeters","locations":["Central
        US EUAP","East US 2 EUAP","North Central US (Stage)","West US 2","Southeast
        Asia","Sweden Central","Canada Central","West Europe","North Europe","East
        US","East US 2","East Asia","Australia East","Germany West Central","Japan
        East","UK South","West US","Central US","North Central US","South Central
        US","Korea Central","Brazil South","West US 3","France Central","South Africa
        North","Norway East","Switzerland North","UAE North"],"apiVersions":["2023-05-02-preview","2023-05-01","2023-04-01-preview","2022-11-01-preview","2022-10-01","2022-06-01-preview","2022-01-01-preview"],"defaultApiVersion":"2023-04-01-preview","capabilities":"None"},{"resourceType":"locations/availableManagedEnvironmentsWorkloadProfileTypes","locations":["Central
        US EUAP","East US 2 EUAP","North Central US (Stage)","West US 2","Southeast
        Asia","Sweden Central","Canada Central","West Europe","North Europe","East
        US","East US 2","East Asia","Australia East","Germany West Central","Japan
        East","UK South","West US","Central US","North Central US","South Central
        US","Korea Central","Brazil South","West US 3","France Central","South Africa
        North","Norway East","Switzerland North","UAE North"],"apiVersions":["2023-05-02-preview","2023-05-01","2023-04-01-preview","2022-11-01-preview","2022-10-01","2022-06-01-preview"],"defaultApiVersion":"2023-04-01-preview","capabilities":"None"}],"registrationState":"Registered","registrationPolicy":"RegistrationRequired"}'
    headers:
      cache-control:
      - no-cache
      content-length:
      - '13505'
      content-type:
      - application/json; charset=utf-8
      date:
      - Thu, 03 Aug 2023 02:33:01 GMT
      expires:
      - '-1'
      pragma:
      - no-cache
      strict-transport-security:
      - max-age=31536000; includeSubDomains
      vary:
      - Accept-Encoding
      x-content-type-options:
      - nosniff
    status:
      code: 200
      message: OK
- request:
    body: '{"location": "eastus", "tags": null, "properties": {"daprAIInstrumentationKey":
      null, "vnetConfiguration": null, "appLogsConfiguration": {"destination": "log-analytics",
      "logAnalyticsConfiguration": {"customerId": "36a585e9-2a79-44a7-8adf-fa16002e5fb7",
      "sharedKey": "YmxZiktYhhAhUriaqSbGL/eSBZHyyc3L0ZewSPQn5b5K4C34GAtL9DHw7VZAO1VF9hPeBinW+ArlRqCV2R48uQ=="}},
      "customDomainConfiguration": null, "workloadProfiles": null, "zoneRedundant":
      false}}'
    headers:
      Accept:
      - '*/*'
      Accept-Encoding:
      - gzip, deflate
      CommandName:
      - containerapp env create
      Connection:
      - keep-alive
      Content-Length:
      - '446'
      Content-Type:
      - application/json
      ParameterSetName:
      - -g -n --logs-workspace-id --logs-workspace-key
      User-Agent:
      - python/3.10.11 (Windows-10-10.0.22621-SP0) AZURECLI/2.51.0
    method: PUT
    uri: https://management.azure.com/subscriptions/00000000-0000-0000-0000-000000000000/resourceGroups/clitest.rg000001/providers/Microsoft.App/managedEnvironments/env000002?api-version=2023-04-01-preview
  response:
    body:
      string: '{"id":"/subscriptions/00000000-0000-0000-0000-000000000000/resourceGroups/clitest.rg000001/providers/Microsoft.App/managedEnvironments/env000002","name":"env000002","type":"Microsoft.App/managedEnvironments","location":"East
        US","systemData":{"createdBy":"xinyupang@microsoft.com","createdByType":"User","createdAt":"2023-08-03T02:33:03.4732157Z","lastModifiedBy":"xinyupang@microsoft.com","lastModifiedByType":"User","lastModifiedAt":"2023-08-03T02:33:03.4732157Z"},"properties":{"provisioningState":"Waiting","daprAIInstrumentationKey":null,"daprAIConnectionString":null,"vnetConfiguration":null,"defaultDomain":"ashybush-d2e1e819.eastus.azurecontainerapps.io","staticIp":"20.62.235.159","appLogsConfiguration":{"destination":"log-analytics","logAnalyticsConfiguration":{"customerId":"36a585e9-2a79-44a7-8adf-fa16002e5fb7","sharedKey":null}},"zoneRedundant":false,"kedaConfiguration":{"version":"2.10.0"},"daprConfiguration":{"version":"1.10.8"},"eventStreamEndpoint":"https://eastus.azurecontainerapps.dev/subscriptions/00000000-0000-0000-0000-000000000000/resourceGroups/clitest.rg000001/managedEnvironments/env000002/eventstream","customDomainConfiguration":{"customDomainVerificationId":"D3F71C85EB6552E36A89A3E4A080C3CFB00181670B659B0003264FC673AA9B00","dnsSuffix":null,"certificateValue":null,"certificatePassword":null,"thumbprint":null,"subjectName":null,"expirationDate":null},"workloadProfiles":null,"firstPartyConfiguration":null,"infrastructureResourceGroup":null,"peerAuthentication":{"mtls":{"enabled":false}}}}'
    headers:
      api-supported-versions:
      - 2022-01-01-preview, 2022-03-01, 2022-06-01-preview, 2022-10-01, 2022-11-01-preview,
        2023-04-01-preview, 2023-05-01, 2023-05-02-preview, 2023-08-01-preview
      azure-asyncoperation:
      - https://management.azure.com/subscriptions/00000000-0000-0000-0000-000000000000/providers/Microsoft.App/locations/eastus/managedEnvironmentOperationStatuses/75f36f62-f890-4307-8d80-0586aae53caa?api-version=2023-04-01-preview&azureAsyncOperation=true
      cache-control:
      - no-cache
      content-length:
      - '1527'
      content-type:
      - application/json; charset=utf-8
      date:
      - Thu, 03 Aug 2023 02:33:06 GMT
      expires:
      - '-1'
      pragma:
      - no-cache
      server:
      - Microsoft-IIS/10.0
      strict-transport-security:
      - max-age=31536000; includeSubDomains
      x-content-type-options:
      - nosniff
      x-ms-async-operation-timeout:
      - PT15M
      x-ms-ratelimit-remaining-subscription-resource-requests:
      - '99'
      x-powered-by:
      - ASP.NET
    status:
      code: 201
      message: Created
- request:
    body: null
    headers:
      Accept:
      - '*/*'
      Accept-Encoding:
      - gzip, deflate
      CommandName:
      - containerapp env create
      Connection:
      - keep-alive
      ParameterSetName:
      - -g -n --logs-workspace-id --logs-workspace-key
      User-Agent:
      - python/3.10.11 (Windows-10-10.0.22621-SP0) AZURECLI/2.51.0
    method: GET
    uri: https://management.azure.com/subscriptions/00000000-0000-0000-0000-000000000000/providers/Microsoft.App/locations/eastus/managedEnvironmentOperationStatuses/75f36f62-f890-4307-8d80-0586aae53caa?api-version=2023-04-01-preview&azureAsyncOperation=true
  response:
    body:
      string: '{"id":"/subscriptions/00000000-0000-0000-0000-000000000000/providers/Microsoft.App/locations/eastus/managedEnvironmentOperationStatuses/75f36f62-f890-4307-8d80-0586aae53caa","name":"75f36f62-f890-4307-8d80-0586aae53caa","status":"InProgress","startTime":"2023-08-03T02:33:06.551365"}'
    headers:
      api-supported-versions:
      - 2022-01-01-preview, 2022-03-01, 2022-06-01-preview, 2022-10-01, 2022-11-01-preview,
        2023-04-01-preview, 2023-05-01, 2023-05-02-preview, 2023-08-01-preview
      cache-control:
      - no-cache
      content-length:
      - '283'
      content-type:
      - application/json; charset=utf-8
      date:
      - Thu, 03 Aug 2023 02:33:08 GMT
      expires:
      - '-1'
      pragma:
      - no-cache
      server:
      - Microsoft-IIS/10.0
      strict-transport-security:
      - max-age=31536000; includeSubDomains
      transfer-encoding:
      - chunked
      vary:
      - Accept-Encoding,Accept-Encoding
      x-content-type-options:
      - nosniff
      x-powered-by:
      - ASP.NET
    status:
      code: 200
      message: OK
- request:
    body: null
    headers:
      Accept:
      - '*/*'
      Accept-Encoding:
      - gzip, deflate
      CommandName:
      - containerapp env create
      Connection:
      - keep-alive
      ParameterSetName:
      - -g -n --logs-workspace-id --logs-workspace-key
      User-Agent:
      - python/3.10.11 (Windows-10-10.0.22621-SP0) AZURECLI/2.51.0
    method: GET
    uri: https://management.azure.com/subscriptions/00000000-0000-0000-0000-000000000000/providers/Microsoft.App/locations/eastus/managedEnvironmentOperationStatuses/75f36f62-f890-4307-8d80-0586aae53caa?api-version=2023-04-01-preview&azureAsyncOperation=true
  response:
    body:
      string: '{"id":"/subscriptions/00000000-0000-0000-0000-000000000000/providers/Microsoft.App/locations/eastus/managedEnvironmentOperationStatuses/75f36f62-f890-4307-8d80-0586aae53caa","name":"75f36f62-f890-4307-8d80-0586aae53caa","status":"InProgress","startTime":"2023-08-03T02:33:06.551365"}'
    headers:
      api-supported-versions:
      - 2022-01-01-preview, 2022-03-01, 2022-06-01-preview, 2022-10-01, 2022-11-01-preview,
        2023-04-01-preview, 2023-05-01, 2023-05-02-preview, 2023-08-01-preview
      cache-control:
      - no-cache
      content-length:
      - '283'
      content-type:
      - application/json; charset=utf-8
      date:
      - Thu, 03 Aug 2023 02:33:12 GMT
      expires:
      - '-1'
      pragma:
      - no-cache
      server:
      - Microsoft-IIS/10.0
      strict-transport-security:
      - max-age=31536000; includeSubDomains
      transfer-encoding:
      - chunked
      vary:
      - Accept-Encoding,Accept-Encoding
      x-content-type-options:
      - nosniff
      x-powered-by:
      - ASP.NET
    status:
      code: 200
      message: OK
- request:
    body: null
    headers:
      Accept:
      - '*/*'
      Accept-Encoding:
      - gzip, deflate
      CommandName:
      - containerapp env create
      Connection:
      - keep-alive
      ParameterSetName:
      - -g -n --logs-workspace-id --logs-workspace-key
      User-Agent:
      - python/3.10.11 (Windows-10-10.0.22621-SP0) AZURECLI/2.51.0
    method: GET
    uri: https://management.azure.com/subscriptions/00000000-0000-0000-0000-000000000000/providers/Microsoft.App/locations/eastus/managedEnvironmentOperationStatuses/75f36f62-f890-4307-8d80-0586aae53caa?api-version=2023-04-01-preview&azureAsyncOperation=true
  response:
    body:
      string: '{"id":"/subscriptions/00000000-0000-0000-0000-000000000000/providers/Microsoft.App/locations/eastus/managedEnvironmentOperationStatuses/75f36f62-f890-4307-8d80-0586aae53caa","name":"75f36f62-f890-4307-8d80-0586aae53caa","status":"InProgress","startTime":"2023-08-03T02:33:06.551365"}'
    headers:
      api-supported-versions:
      - 2022-01-01-preview, 2022-03-01, 2022-06-01-preview, 2022-10-01, 2022-11-01-preview,
        2023-04-01-preview, 2023-05-01, 2023-05-02-preview, 2023-08-01-preview
      cache-control:
      - no-cache
      content-length:
      - '283'
      content-type:
      - application/json; charset=utf-8
      date:
      - Thu, 03 Aug 2023 02:33:15 GMT
      expires:
      - '-1'
      pragma:
      - no-cache
      server:
      - Microsoft-IIS/10.0
      strict-transport-security:
      - max-age=31536000; includeSubDomains
      transfer-encoding:
      - chunked
      vary:
      - Accept-Encoding,Accept-Encoding
      x-content-type-options:
      - nosniff
      x-powered-by:
      - ASP.NET
    status:
      code: 200
      message: OK
- request:
    body: null
    headers:
      Accept:
      - '*/*'
      Accept-Encoding:
      - gzip, deflate
      CommandName:
      - containerapp env create
      Connection:
      - keep-alive
      ParameterSetName:
      - -g -n --logs-workspace-id --logs-workspace-key
      User-Agent:
      - python/3.10.11 (Windows-10-10.0.22621-SP0) AZURECLI/2.51.0
    method: GET
    uri: https://management.azure.com/subscriptions/00000000-0000-0000-0000-000000000000/providers/Microsoft.App/locations/eastus/managedEnvironmentOperationStatuses/75f36f62-f890-4307-8d80-0586aae53caa?api-version=2023-04-01-preview&azureAsyncOperation=true
  response:
    body:
      string: '{"id":"/subscriptions/00000000-0000-0000-0000-000000000000/providers/Microsoft.App/locations/eastus/managedEnvironmentOperationStatuses/75f36f62-f890-4307-8d80-0586aae53caa","name":"75f36f62-f890-4307-8d80-0586aae53caa","status":"InProgress","startTime":"2023-08-03T02:33:06.551365"}'
    headers:
      api-supported-versions:
      - 2022-01-01-preview, 2022-03-01, 2022-06-01-preview, 2022-10-01, 2022-11-01-preview,
        2023-04-01-preview, 2023-05-01, 2023-05-02-preview, 2023-08-01-preview
      cache-control:
      - no-cache
      content-length:
      - '283'
      content-type:
      - application/json; charset=utf-8
      date:
      - Thu, 03 Aug 2023 02:33:19 GMT
      expires:
      - '-1'
      pragma:
      - no-cache
      server:
      - Microsoft-IIS/10.0
      strict-transport-security:
      - max-age=31536000; includeSubDomains
      transfer-encoding:
      - chunked
      vary:
      - Accept-Encoding,Accept-Encoding
      x-content-type-options:
      - nosniff
      x-powered-by:
      - ASP.NET
    status:
      code: 200
      message: OK
- request:
    body: null
    headers:
      Accept:
      - '*/*'
      Accept-Encoding:
      - gzip, deflate
      CommandName:
      - containerapp env create
      Connection:
      - keep-alive
      ParameterSetName:
      - -g -n --logs-workspace-id --logs-workspace-key
      User-Agent:
      - python/3.10.11 (Windows-10-10.0.22621-SP0) AZURECLI/2.51.0
    method: GET
    uri: https://management.azure.com/subscriptions/00000000-0000-0000-0000-000000000000/providers/Microsoft.App/locations/eastus/managedEnvironmentOperationStatuses/75f36f62-f890-4307-8d80-0586aae53caa?api-version=2023-04-01-preview&azureAsyncOperation=true
  response:
    body:
      string: '{"id":"/subscriptions/00000000-0000-0000-0000-000000000000/providers/Microsoft.App/locations/eastus/managedEnvironmentOperationStatuses/75f36f62-f890-4307-8d80-0586aae53caa","name":"75f36f62-f890-4307-8d80-0586aae53caa","status":"InProgress","startTime":"2023-08-03T02:33:06.551365"}'
    headers:
      api-supported-versions:
      - 2022-01-01-preview, 2022-03-01, 2022-06-01-preview, 2022-10-01, 2022-11-01-preview,
        2023-04-01-preview, 2023-05-01, 2023-05-02-preview, 2023-08-01-preview
      cache-control:
      - no-cache
      content-length:
      - '283'
      content-type:
      - application/json; charset=utf-8
      date:
      - Thu, 03 Aug 2023 02:33:23 GMT
      expires:
      - '-1'
      pragma:
      - no-cache
      server:
      - Microsoft-IIS/10.0
      strict-transport-security:
      - max-age=31536000; includeSubDomains
      transfer-encoding:
      - chunked
      vary:
      - Accept-Encoding,Accept-Encoding
      x-content-type-options:
      - nosniff
      x-powered-by:
      - ASP.NET
    status:
      code: 200
      message: OK
- request:
    body: null
    headers:
      Accept:
      - '*/*'
      Accept-Encoding:
      - gzip, deflate
      CommandName:
      - containerapp env create
      Connection:
      - keep-alive
      ParameterSetName:
      - -g -n --logs-workspace-id --logs-workspace-key
      User-Agent:
      - python/3.10.11 (Windows-10-10.0.22621-SP0) AZURECLI/2.51.0
    method: GET
    uri: https://management.azure.com/subscriptions/00000000-0000-0000-0000-000000000000/providers/Microsoft.App/locations/eastus/managedEnvironmentOperationStatuses/75f36f62-f890-4307-8d80-0586aae53caa?api-version=2023-04-01-preview&azureAsyncOperation=true
  response:
    body:
      string: '{"id":"/subscriptions/00000000-0000-0000-0000-000000000000/providers/Microsoft.App/locations/eastus/managedEnvironmentOperationStatuses/75f36f62-f890-4307-8d80-0586aae53caa","name":"75f36f62-f890-4307-8d80-0586aae53caa","status":"Succeeded","startTime":"2023-08-03T02:33:06.551365"}'
    headers:
      api-supported-versions:
      - 2022-01-01-preview, 2022-03-01, 2022-06-01-preview, 2022-10-01, 2022-11-01-preview,
        2023-04-01-preview, 2023-05-01, 2023-05-02-preview, 2023-08-01-preview
      cache-control:
      - no-cache
      content-length:
      - '282'
      content-type:
      - application/json; charset=utf-8
      date:
      - Thu, 03 Aug 2023 02:33:27 GMT
      expires:
      - '-1'
      pragma:
      - no-cache
      server:
      - Microsoft-IIS/10.0
      strict-transport-security:
      - max-age=31536000; includeSubDomains
      transfer-encoding:
      - chunked
      vary:
      - Accept-Encoding,Accept-Encoding
      x-content-type-options:
      - nosniff
      x-powered-by:
      - ASP.NET
    status:
      code: 200
      message: OK
- request:
    body: null
    headers:
      Accept:
      - '*/*'
      Accept-Encoding:
      - gzip, deflate
      CommandName:
      - containerapp env create
      Connection:
      - keep-alive
      ParameterSetName:
      - -g -n --logs-workspace-id --logs-workspace-key
      User-Agent:
      - python/3.10.11 (Windows-10-10.0.22621-SP0) AZURECLI/2.51.0
    method: GET
    uri: https://management.azure.com/subscriptions/00000000-0000-0000-0000-000000000000/resourceGroups/clitest.rg000001/providers/Microsoft.App/managedEnvironments/env000002?api-version=2023-04-01-preview
  response:
    body:
      string: '{"id":"/subscriptions/00000000-0000-0000-0000-000000000000/resourceGroups/clitest.rg000001/providers/Microsoft.App/managedEnvironments/env000002","name":"env000002","type":"Microsoft.App/managedEnvironments","location":"East
        US","systemData":{"createdBy":"xinyupang@microsoft.com","createdByType":"User","createdAt":"2023-08-03T02:33:03.4732157","lastModifiedBy":"xinyupang@microsoft.com","lastModifiedByType":"User","lastModifiedAt":"2023-08-03T02:33:03.4732157"},"properties":{"provisioningState":"Succeeded","daprAIInstrumentationKey":null,"daprAIConnectionString":null,"vnetConfiguration":null,"defaultDomain":"ashybush-d2e1e819.eastus.azurecontainerapps.io","staticIp":"20.62.235.159","appLogsConfiguration":{"destination":"log-analytics","logAnalyticsConfiguration":{"customerId":"36a585e9-2a79-44a7-8adf-fa16002e5fb7","sharedKey":null}},"zoneRedundant":false,"kedaConfiguration":{"version":"2.10.0"},"daprConfiguration":{"version":"1.10.8"},"eventStreamEndpoint":"https://eastus.azurecontainerapps.dev/subscriptions/00000000-0000-0000-0000-000000000000/resourceGroups/clitest.rg000001/managedEnvironments/env000002/eventstream","customDomainConfiguration":{"customDomainVerificationId":"D3F71C85EB6552E36A89A3E4A080C3CFB00181670B659B0003264FC673AA9B00","dnsSuffix":null,"certificateValue":null,"certificatePassword":null,"thumbprint":null,"subjectName":null,"expirationDate":null},"workloadProfiles":null,"firstPartyConfiguration":null,"infrastructureResourceGroup":null,"peerAuthentication":{"mtls":{"enabled":false}}}}'
    headers:
      api-supported-versions:
      - 2022-01-01-preview, 2022-03-01, 2022-06-01-preview, 2022-10-01, 2022-11-01-preview,
        2023-04-01-preview, 2023-05-01, 2023-05-02-preview, 2023-08-01-preview
      cache-control:
      - no-cache
      content-length:
      - '1527'
      content-type:
      - application/json; charset=utf-8
      date:
      - Thu, 03 Aug 2023 02:33:29 GMT
      expires:
      - '-1'
      pragma:
      - no-cache
      server:
      - Microsoft-IIS/10.0
      strict-transport-security:
      - max-age=31536000; includeSubDomains
      transfer-encoding:
      - chunked
      vary:
      - Accept-Encoding,Accept-Encoding
      x-content-type-options:
      - nosniff
      x-powered-by:
      - ASP.NET
    status:
      code: 200
      message: OK
- request:
    body: null
    headers:
      Accept:
      - application/json
      Accept-Encoding:
      - gzip, deflate
      CommandName:
      - containerapp env show
      Connection:
      - keep-alive
      ParameterSetName:
      - -g -n
      User-Agent:
      - AZURECLI/2.51.0 azsdk-python-azure-mgmt-resource/23.1.0b2 Python/3.10.11 (Windows-10-10.0.22621-SP0)
    method: GET
    uri: https://management.azure.com/subscriptions/00000000-0000-0000-0000-000000000000/providers/Microsoft.App?api-version=2022-09-01
  response:
    body:
      string: '{"id":"/subscriptions/00000000-0000-0000-0000-000000000000/providers/Microsoft.App","namespace":"Microsoft.App","authorizations":[{"applicationId":"7e3bc4fd-85a3-4192-b177-5b8bfc87f42c","roleDefinitionId":"39a74f72-b40f-4bdc-b639-562fe2260bf0"},{"applicationId":"3734c1a4-2bed-4998-a37a-ff1a9e7bf019","roleDefinitionId":"5c779a4f-5cb2-4547-8c41-478d9be8ba90"},{"applicationId":"55ebbb62-3b9c-49fd-9b87-9595226dd4ac","roleDefinitionId":"e49ca620-7992-4561-a7df-4ed67dad77b5","managedByRoleDefinitionId":"9e3af657-a8ff-583c-a75c-2fe7c4bcb635"}],"resourceTypes":[{"resourceType":"operations","locations":["North
        Central US (Stage)","Central US EUAP","East US 2 EUAP","West US 2","Southeast
        Asia","Sweden Central","Canada Central","West Europe","North Europe","East
        US","East US 2","East Asia","Australia East","Germany West Central","Japan
        East","UK South","West US","Central US","North Central US","South Central
        US","Korea Central","Brazil South","West US 3","France Central","South Africa
        North","Norway East","Switzerland North","UAE North"],"apiVersions":["2023-04-01-preview","2023-02-01","2022-11-01-preview","2022-10-01","2022-06-01-preview","2022-03-01","2022-01-01-preview"],"defaultApiVersion":"2023-04-01-preview","capabilities":"None"},{"resourceType":"managedEnvironments","locations":["Central
        US EUAP","East US 2 EUAP","North Central US (Stage)","West US 2","Southeast
        Asia","Sweden Central","Canada Central","West Europe","North Europe","East
        US","East US 2","East Asia","Australia East","Germany West Central","Japan
        East","UK South","West US","Central US","North Central US","South Central
        US","Korea Central","Brazil South","West US 3","France Central","South Africa
        North","Norway East","Switzerland North","UAE North"],"apiVersions":["2023-05-02-preview","2023-05-01","2023-04-01-preview","2022-11-01-preview","2022-10-01","2022-06-01-preview","2022-03-01","2022-01-01-preview"],"defaultApiVersion":"2023-04-01-preview","capabilities":"CrossResourceGroupResourceMove,
        CrossSubscriptionResourceMove, SupportsTags, SupportsLocation"},{"resourceType":"managedEnvironments/certificates","locations":["Central
        US EUAP","East US 2 EUAP","North Central US (Stage)","West US 2","Southeast
        Asia","Sweden Central","Canada Central","West Europe","North Europe","East
        US","East US 2","East Asia","Australia East","Germany West Central","Japan
        East","UK South","West US","Central US","North Central US","South Central
        US","Korea Central","Brazil South","West US 3","France Central","South Africa
        North","Norway East","Switzerland North","UAE North"],"apiVersions":["2023-05-02-preview","2023-05-01","2023-04-01-preview","2022-11-01-preview","2022-10-01","2022-06-01-preview","2022-03-01","2022-01-01-preview"],"defaultApiVersion":"2023-04-01-preview","capabilities":"CrossResourceGroupResourceMove,
        CrossSubscriptionResourceMove, SupportsTags, SupportsLocation"},{"resourceType":"managedEnvironments/managedCertificates","locations":["Central
        US EUAP","East US 2 EUAP","North Central US (Stage)","West US 2","Southeast
        Asia","Sweden Central","Canada Central","West Europe","North Europe","East
        US","East US 2","East Asia","Australia East","Germany West Central","Japan
        East","UK South","West US","Central US","North Central US","South Central
        US","Korea Central","Brazil South","West US 3","France Central","South Africa
        North","Norway East","Switzerland North","UAE North"],"apiVersions":["2023-05-02-preview","2023-05-01","2023-04-01-preview","2022-11-01-preview"],"defaultApiVersion":"2023-04-01-preview","capabilities":"CrossResourceGroupResourceMove,
        CrossSubscriptionResourceMove, SupportsTags, SupportsLocation"},{"resourceType":"containerApps","locations":["Central
        US EUAP","East US 2 EUAP","North Central US (Stage)","West US 2","Southeast
        Asia","Sweden Central","Canada Central","West Europe","North Europe","East
        US","East US 2","East Asia","Australia East","Germany West Central","Japan
        East","UK South","West US","Central US","North Central US","South Central
        US","Korea Central","Brazil South","West US 3","France Central","South Africa
        North","Norway East","Switzerland North","UAE North"],"apiVersions":["2023-05-02-preview","2023-05-01","2023-04-01-preview","2022-11-01-preview","2022-10-01","2022-06-01-preview","2022-03-01","2022-01-01-preview"],"defaultApiVersion":"2023-04-01-preview","capabilities":"CrossResourceGroupResourceMove,
        CrossSubscriptionResourceMove, SystemAssignedResourceIdentity, SupportsTags,
        SupportsLocation"},{"resourceType":"jobs","locations":["Central US EUAP","East
        US 2 EUAP","North Central US (Stage)","West US 2","Southeast Asia","Sweden
        Central","Canada Central","West Europe","North Europe","East US","East US
        2","East Asia","Australia East","Germany West Central","Japan East","UK South","West
        US","Central US","North Central US","South Central US","Korea Central","Brazil
        South","West US 3","France Central","South Africa North","Norway East","Switzerland
        North","UAE North"],"apiVersions":["2023-05-02-preview","2023-05-01","2023-04-01-preview","2022-11-01-preview"],"defaultApiVersion":"2023-04-01-preview","capabilities":"CrossResourceGroupResourceMove,
        CrossSubscriptionResourceMove, SystemAssignedResourceIdentity, SupportsTags,
        SupportsLocation"},{"resourceType":"locations","locations":[],"apiVersions":["2023-05-02-preview","2023-05-01","2023-04-01-preview","2022-11-01-preview","2022-10-01","2022-06-01-preview","2022-03-01","2022-01-01-preview"],"defaultApiVersion":"2023-04-01-preview","capabilities":"None"},{"resourceType":"locations/managedEnvironmentOperationResults","locations":["Central
        US EUAP","East US 2 EUAP","North Central US (Stage)","West US 2","Southeast
        Asia","Sweden Central","Canada Central","West Europe","North Europe","East
        US","East US 2","East Asia","Australia East","Germany West Central","Japan
        East","UK South","West US","Central US","North Central US","South Central
        US","Korea Central","Brazil South","West US 3","France Central","South Africa
        North","Norway East","Switzerland North","UAE North"],"apiVersions":["2023-05-02-preview","2023-05-01","2023-04-01-preview","2022-11-01-preview","2022-10-01","2022-06-01-preview","2022-03-01","2022-01-01-preview"],"defaultApiVersion":"2023-04-01-preview","capabilities":"None"},{"resourceType":"locations/managedEnvironmentOperationStatuses","locations":["Central
        US EUAP","East US 2 EUAP","North Central US (Stage)","West US 2","Southeast
        Asia","Sweden Central","Canada Central","West Europe","North Europe","East
        US","East US 2","East Asia","Australia East","Germany West Central","Japan
        East","UK South","West US","Central US","North Central US","South Central
        US","Korea Central","Brazil South","West US 3","France Central","South Africa
        North","Norway East","Switzerland North","UAE North"],"apiVersions":["2023-05-02-preview","2023-05-01","2023-04-01-preview","2022-11-01-preview","2022-10-01","2022-06-01-preview","2022-03-01","2022-01-01-preview"],"defaultApiVersion":"2023-04-01-preview","capabilities":"None"},{"resourceType":"locations/containerappOperationResults","locations":["Central
        US EUAP","East US 2 EUAP","North Central US (Stage)","West US 2","Southeast
        Asia","Sweden Central","Canada Central","West Europe","North Europe","East
        US","East US 2","East Asia","Australia East","Germany West Central","Japan
        East","UK South","West US","Central US","North Central US","South Central
        US","Korea Central","Brazil South","West US 3","France Central","South Africa
        North","Norway East","Switzerland North","UAE North"],"apiVersions":["2023-05-02-preview","2023-05-01","2023-04-01-preview","2022-11-01-preview","2022-10-01","2022-06-01-preview","2022-03-01","2022-01-01-preview"],"defaultApiVersion":"2023-04-01-preview","capabilities":"None"},{"resourceType":"locations/containerappOperationStatuses","locations":["Central
        US EUAP","East US 2 EUAP","North Central US (Stage)","West US 2","Southeast
        Asia","Sweden Central","Canada Central","West Europe","North Europe","East
        US","East US 2","East Asia","Australia East","Germany West Central","Japan
        East","UK South","West US","Central US","North Central US","South Central
        US","Korea Central","Brazil South","West US 3","France Central","South Africa
        North","Norway East","Switzerland North","UAE North"],"apiVersions":["2023-05-02-preview","2023-05-01","2023-04-01-preview","2022-11-01-preview","2022-10-01","2022-06-01-preview","2022-03-01","2022-01-01-preview"],"defaultApiVersion":"2023-04-01-preview","capabilities":"None"},{"resourceType":"locations/containerappsjobOperationResults","locations":["Central
        US EUAP","East US 2 EUAP","North Central US (Stage)","West US 2","Southeast
        Asia","Sweden Central","Canada Central","West Europe","North Europe","East
        US","East US 2","East Asia","Australia East","Germany West Central","Japan
        East","UK South","West US","Central US","North Central US","South Central
        US","Korea Central","Brazil South","West US 3","France Central","South Africa
        North","Norway East","Switzerland North","UAE North"],"apiVersions":["2023-05-02-preview","2023-05-01","2023-04-01-preview","2022-11-01-preview"],"defaultApiVersion":"2023-04-01-preview","capabilities":"None"},{"resourceType":"locations/containerappsjobOperationStatuses","locations":["Central
        US EUAP","East US 2 EUAP","North Central US (Stage)","West US 2","Southeast
        Asia","Sweden Central","Canada Central","West Europe","North Europe","East
        US","East US 2","East Asia","Australia East","Germany West Central","Japan
        East","UK South","West US","Central US","North Central US","South Central
        US","Korea Central","Brazil South","West US 3","France Central","South Africa
        North","Norway East","Switzerland North","UAE North"],"apiVersions":["2023-05-02-preview","2023-05-01","2023-04-01-preview","2022-11-01-preview"],"defaultApiVersion":"2023-04-01-preview","capabilities":"None"},{"resourceType":"connectedEnvironments","locations":["Central
        US EUAP","East US 2 EUAP","North Central US (Stage)","North Central US","East
        US","East Asia","West Europe"],"apiVersions":["2023-04-01-preview","2022-11-01-preview","2022-10-01","2022-06-01-preview"],"defaultApiVersion":"2023-04-01-preview","capabilities":"CrossResourceGroupResourceMove,
        CrossSubscriptionResourceMove, SupportsTags, SupportsLocation"},{"resourceType":"connectedEnvironments/certificates","locations":["Central
        US EUAP","East US 2 EUAP","North Central US (Stage)","North Central US","East
        US","East Asia","West Europe"],"apiVersions":["2023-04-01-preview","2022-11-01-preview","2022-10-01","2022-06-01-preview"],"defaultApiVersion":"2023-04-01-preview","capabilities":"CrossResourceGroupResourceMove,
        CrossSubscriptionResourceMove, SupportsTags, SupportsLocation"},{"resourceType":"locations/connectedEnvironmentOperationResults","locations":["Central
        US EUAP","East US 2 EUAP","North Central US (Stage)","North Central US","East
        US","East Asia","West Europe"],"apiVersions":["2023-04-01-preview","2022-11-01-preview","2022-10-01","2022-06-01-preview"],"defaultApiVersion":"2023-04-01-preview","capabilities":"None"},{"resourceType":"locations/connectedEnvironmentOperationStatuses","locations":["Central
        US EUAP","East US 2 EUAP","North Central US (Stage)","North Central US","East
        US","East Asia","West Europe"],"apiVersions":["2023-04-01-preview","2022-11-01-preview","2022-10-01","2022-06-01-preview"],"defaultApiVersion":"2023-04-01-preview","capabilities":"None"},{"resourceType":"locations/managedCertificateOperationStatuses","locations":["Central
        US EUAP","East US 2 EUAP","North Central US (Stage)","West US 2","Southeast
        Asia","Sweden Central","Canada Central","West Europe","North Europe","East
        US","East US 2","East Asia","Australia East","Germany West Central","Japan
        East","UK South","West US","Central US","North Central US","South Central
        US","Korea Central","Brazil South","West US 3","France Central","South Africa
        North","Norway East","Switzerland North","UAE North"],"apiVersions":["2023-05-02-preview","2023-05-01","2023-04-01-preview","2022-11-01-preview"],"defaultApiVersion":"2023-04-01-preview","capabilities":"None"},{"resourceType":"locations/billingMeters","locations":["Central
        US EUAP","East US 2 EUAP","North Central US (Stage)","West US 2","Southeast
        Asia","Sweden Central","Canada Central","West Europe","North Europe","East
        US","East US 2","East Asia","Australia East","Germany West Central","Japan
        East","UK South","West US","Central US","North Central US","South Central
        US","Korea Central","Brazil South","West US 3","France Central","South Africa
        North","Norway East","Switzerland North","UAE North"],"apiVersions":["2023-05-02-preview","2023-05-01","2023-04-01-preview","2022-11-01-preview","2022-10-01","2022-06-01-preview","2022-01-01-preview"],"defaultApiVersion":"2023-04-01-preview","capabilities":"None"},{"resourceType":"locations/availableManagedEnvironmentsWorkloadProfileTypes","locations":["Central
        US EUAP","East US 2 EUAP","North Central US (Stage)","West US 2","Southeast
        Asia","Sweden Central","Canada Central","West Europe","North Europe","East
        US","East US 2","East Asia","Australia East","Germany West Central","Japan
        East","UK South","West US","Central US","North Central US","South Central
        US","Korea Central","Brazil South","West US 3","France Central","South Africa
        North","Norway East","Switzerland North","UAE North"],"apiVersions":["2023-05-02-preview","2023-05-01","2023-04-01-preview","2022-11-01-preview","2022-10-01","2022-06-01-preview"],"defaultApiVersion":"2023-04-01-preview","capabilities":"None"}],"registrationState":"Registered","registrationPolicy":"RegistrationRequired"}'
    headers:
      cache-control:
      - no-cache
      content-length:
      - '13505'
      content-type:
      - application/json; charset=utf-8
      date:
      - Thu, 03 Aug 2023 02:33:30 GMT
      expires:
      - '-1'
      pragma:
      - no-cache
      strict-transport-security:
      - max-age=31536000; includeSubDomains
      vary:
      - Accept-Encoding
      x-content-type-options:
      - nosniff
    status:
      code: 200
      message: OK
- request:
    body: null
    headers:
      Accept:
      - '*/*'
      Accept-Encoding:
      - gzip, deflate
      CommandName:
      - containerapp env show
      Connection:
      - keep-alive
      ParameterSetName:
      - -g -n
      User-Agent:
      - python/3.10.11 (Windows-10-10.0.22621-SP0) AZURECLI/2.51.0
    method: GET
    uri: https://management.azure.com/subscriptions/00000000-0000-0000-0000-000000000000/resourceGroups/clitest.rg000001/providers/Microsoft.App/managedEnvironments/env000002?api-version=2023-04-01-preview
  response:
    body:
      string: '{"id":"/subscriptions/00000000-0000-0000-0000-000000000000/resourceGroups/clitest.rg000001/providers/Microsoft.App/managedEnvironments/env000002","name":"env000002","type":"Microsoft.App/managedEnvironments","location":"East
        US","systemData":{"createdBy":"xinyupang@microsoft.com","createdByType":"User","createdAt":"2023-08-03T02:33:03.4732157","lastModifiedBy":"xinyupang@microsoft.com","lastModifiedByType":"User","lastModifiedAt":"2023-08-03T02:33:03.4732157"},"properties":{"provisioningState":"Succeeded","daprAIInstrumentationKey":null,"daprAIConnectionString":null,"vnetConfiguration":null,"defaultDomain":"ashybush-d2e1e819.eastus.azurecontainerapps.io","staticIp":"20.62.235.159","appLogsConfiguration":{"destination":"log-analytics","logAnalyticsConfiguration":{"customerId":"36a585e9-2a79-44a7-8adf-fa16002e5fb7","sharedKey":null}},"zoneRedundant":false,"kedaConfiguration":{"version":"2.10.0"},"daprConfiguration":{"version":"1.10.8"},"eventStreamEndpoint":"https://eastus.azurecontainerapps.dev/subscriptions/00000000-0000-0000-0000-000000000000/resourceGroups/clitest.rg000001/managedEnvironments/env000002/eventstream","customDomainConfiguration":{"customDomainVerificationId":"D3F71C85EB6552E36A89A3E4A080C3CFB00181670B659B0003264FC673AA9B00","dnsSuffix":null,"certificateValue":null,"certificatePassword":null,"thumbprint":null,"subjectName":null,"expirationDate":null},"workloadProfiles":null,"firstPartyConfiguration":null,"infrastructureResourceGroup":null,"peerAuthentication":{"mtls":{"enabled":false}}}}'
    headers:
      api-supported-versions:
      - 2022-01-01-preview, 2022-03-01, 2022-06-01-preview, 2022-10-01, 2022-11-01-preview,
        2023-04-01-preview, 2023-05-01, 2023-05-02-preview, 2023-08-01-preview
      cache-control:
      - no-cache
      content-length:
      - '1527'
      content-type:
      - application/json; charset=utf-8
      date:
      - Thu, 03 Aug 2023 02:33:32 GMT
      expires:
      - '-1'
      pragma:
      - no-cache
      server:
      - Microsoft-IIS/10.0
      strict-transport-security:
      - max-age=31536000; includeSubDomains
      transfer-encoding:
      - chunked
      vary:
      - Accept-Encoding,Accept-Encoding
      x-content-type-options:
      - nosniff
      x-powered-by:
      - ASP.NET
    status:
      code: 200
      message: OK
- request:
    body: null
    headers:
      Accept:
      - application/json
      Accept-Encoding:
      - gzip, deflate
      CommandName:
      - containerapp env show
      Connection:
      - keep-alive
      ParameterSetName:
      - -n -g
      User-Agent:
      - AZURECLI/2.51.0 azsdk-python-azure-mgmt-resource/23.1.0b2 Python/3.10.11 (Windows-10-10.0.22621-SP0)
    method: GET
    uri: https://management.azure.com/subscriptions/00000000-0000-0000-0000-000000000000/providers/Microsoft.App?api-version=2022-09-01
  response:
    body:
      string: '{"id":"/subscriptions/00000000-0000-0000-0000-000000000000/providers/Microsoft.App","namespace":"Microsoft.App","authorizations":[{"applicationId":"7e3bc4fd-85a3-4192-b177-5b8bfc87f42c","roleDefinitionId":"39a74f72-b40f-4bdc-b639-562fe2260bf0"},{"applicationId":"3734c1a4-2bed-4998-a37a-ff1a9e7bf019","roleDefinitionId":"5c779a4f-5cb2-4547-8c41-478d9be8ba90"},{"applicationId":"55ebbb62-3b9c-49fd-9b87-9595226dd4ac","roleDefinitionId":"e49ca620-7992-4561-a7df-4ed67dad77b5","managedByRoleDefinitionId":"9e3af657-a8ff-583c-a75c-2fe7c4bcb635"}],"resourceTypes":[{"resourceType":"operations","locations":["North
        Central US (Stage)","Central US EUAP","East US 2 EUAP","West US 2","Southeast
        Asia","Sweden Central","Canada Central","West Europe","North Europe","East
        US","East US 2","East Asia","Australia East","Germany West Central","Japan
        East","UK South","West US","Central US","North Central US","South Central
        US","Korea Central","Brazil South","West US 3","France Central","South Africa
        North","Norway East","Switzerland North","UAE North"],"apiVersions":["2023-04-01-preview","2023-02-01","2022-11-01-preview","2022-10-01","2022-06-01-preview","2022-03-01","2022-01-01-preview"],"defaultApiVersion":"2023-04-01-preview","capabilities":"None"},{"resourceType":"managedEnvironments","locations":["Central
        US EUAP","East US 2 EUAP","North Central US (Stage)","West US 2","Southeast
        Asia","Sweden Central","Canada Central","West Europe","North Europe","East
        US","East US 2","East Asia","Australia East","Germany West Central","Japan
        East","UK South","West US","Central US","North Central US","South Central
        US","Korea Central","Brazil South","West US 3","France Central","South Africa
        North","Norway East","Switzerland North","UAE North"],"apiVersions":["2023-05-02-preview","2023-05-01","2023-04-01-preview","2022-11-01-preview","2022-10-01","2022-06-01-preview","2022-03-01","2022-01-01-preview"],"defaultApiVersion":"2023-04-01-preview","capabilities":"CrossResourceGroupResourceMove,
        CrossSubscriptionResourceMove, SupportsTags, SupportsLocation"},{"resourceType":"managedEnvironments/certificates","locations":["Central
        US EUAP","East US 2 EUAP","North Central US (Stage)","West US 2","Southeast
        Asia","Sweden Central","Canada Central","West Europe","North Europe","East
        US","East US 2","East Asia","Australia East","Germany West Central","Japan
        East","UK South","West US","Central US","North Central US","South Central
        US","Korea Central","Brazil South","West US 3","France Central","South Africa
        North","Norway East","Switzerland North","UAE North"],"apiVersions":["2023-05-02-preview","2023-05-01","2023-04-01-preview","2022-11-01-preview","2022-10-01","2022-06-01-preview","2022-03-01","2022-01-01-preview"],"defaultApiVersion":"2023-04-01-preview","capabilities":"CrossResourceGroupResourceMove,
        CrossSubscriptionResourceMove, SupportsTags, SupportsLocation"},{"resourceType":"managedEnvironments/managedCertificates","locations":["Central
        US EUAP","East US 2 EUAP","North Central US (Stage)","West US 2","Southeast
        Asia","Sweden Central","Canada Central","West Europe","North Europe","East
        US","East US 2","East Asia","Australia East","Germany West Central","Japan
        East","UK South","West US","Central US","North Central US","South Central
        US","Korea Central","Brazil South","West US 3","France Central","South Africa
        North","Norway East","Switzerland North","UAE North"],"apiVersions":["2023-05-02-preview","2023-05-01","2023-04-01-preview","2022-11-01-preview"],"defaultApiVersion":"2023-04-01-preview","capabilities":"CrossResourceGroupResourceMove,
        CrossSubscriptionResourceMove, SupportsTags, SupportsLocation"},{"resourceType":"containerApps","locations":["Central
        US EUAP","East US 2 EUAP","North Central US (Stage)","West US 2","Southeast
        Asia","Sweden Central","Canada Central","West Europe","North Europe","East
        US","East US 2","East Asia","Australia East","Germany West Central","Japan
        East","UK South","West US","Central US","North Central US","South Central
        US","Korea Central","Brazil South","West US 3","France Central","South Africa
        North","Norway East","Switzerland North","UAE North"],"apiVersions":["2023-05-02-preview","2023-05-01","2023-04-01-preview","2022-11-01-preview","2022-10-01","2022-06-01-preview","2022-03-01","2022-01-01-preview"],"defaultApiVersion":"2023-04-01-preview","capabilities":"CrossResourceGroupResourceMove,
        CrossSubscriptionResourceMove, SystemAssignedResourceIdentity, SupportsTags,
        SupportsLocation"},{"resourceType":"jobs","locations":["Central US EUAP","East
        US 2 EUAP","North Central US (Stage)","West US 2","Southeast Asia","Sweden
        Central","Canada Central","West Europe","North Europe","East US","East US
        2","East Asia","Australia East","Germany West Central","Japan East","UK South","West
        US","Central US","North Central US","South Central US","Korea Central","Brazil
        South","West US 3","France Central","South Africa North","Norway East","Switzerland
        North","UAE North"],"apiVersions":["2023-05-02-preview","2023-05-01","2023-04-01-preview","2022-11-01-preview"],"defaultApiVersion":"2023-04-01-preview","capabilities":"CrossResourceGroupResourceMove,
        CrossSubscriptionResourceMove, SystemAssignedResourceIdentity, SupportsTags,
        SupportsLocation"},{"resourceType":"locations","locations":[],"apiVersions":["2023-05-02-preview","2023-05-01","2023-04-01-preview","2022-11-01-preview","2022-10-01","2022-06-01-preview","2022-03-01","2022-01-01-preview"],"defaultApiVersion":"2023-04-01-preview","capabilities":"None"},{"resourceType":"locations/managedEnvironmentOperationResults","locations":["Central
        US EUAP","East US 2 EUAP","North Central US (Stage)","West US 2","Southeast
        Asia","Sweden Central","Canada Central","West Europe","North Europe","East
        US","East US 2","East Asia","Australia East","Germany West Central","Japan
        East","UK South","West US","Central US","North Central US","South Central
        US","Korea Central","Brazil South","West US 3","France Central","South Africa
        North","Norway East","Switzerland North","UAE North"],"apiVersions":["2023-05-02-preview","2023-05-01","2023-04-01-preview","2022-11-01-preview","2022-10-01","2022-06-01-preview","2022-03-01","2022-01-01-preview"],"defaultApiVersion":"2023-04-01-preview","capabilities":"None"},{"resourceType":"locations/managedEnvironmentOperationStatuses","locations":["Central
        US EUAP","East US 2 EUAP","North Central US (Stage)","West US 2","Southeast
        Asia","Sweden Central","Canada Central","West Europe","North Europe","East
        US","East US 2","East Asia","Australia East","Germany West Central","Japan
        East","UK South","West US","Central US","North Central US","South Central
        US","Korea Central","Brazil South","West US 3","France Central","South Africa
        North","Norway East","Switzerland North","UAE North"],"apiVersions":["2023-05-02-preview","2023-05-01","2023-04-01-preview","2022-11-01-preview","2022-10-01","2022-06-01-preview","2022-03-01","2022-01-01-preview"],"defaultApiVersion":"2023-04-01-preview","capabilities":"None"},{"resourceType":"locations/containerappOperationResults","locations":["Central
        US EUAP","East US 2 EUAP","North Central US (Stage)","West US 2","Southeast
        Asia","Sweden Central","Canada Central","West Europe","North Europe","East
        US","East US 2","East Asia","Australia East","Germany West Central","Japan
        East","UK South","West US","Central US","North Central US","South Central
        US","Korea Central","Brazil South","West US 3","France Central","South Africa
        North","Norway East","Switzerland North","UAE North"],"apiVersions":["2023-05-02-preview","2023-05-01","2023-04-01-preview","2022-11-01-preview","2022-10-01","2022-06-01-preview","2022-03-01","2022-01-01-preview"],"defaultApiVersion":"2023-04-01-preview","capabilities":"None"},{"resourceType":"locations/containerappOperationStatuses","locations":["Central
        US EUAP","East US 2 EUAP","North Central US (Stage)","West US 2","Southeast
        Asia","Sweden Central","Canada Central","West Europe","North Europe","East
        US","East US 2","East Asia","Australia East","Germany West Central","Japan
        East","UK South","West US","Central US","North Central US","South Central
        US","Korea Central","Brazil South","West US 3","France Central","South Africa
        North","Norway East","Switzerland North","UAE North"],"apiVersions":["2023-05-02-preview","2023-05-01","2023-04-01-preview","2022-11-01-preview","2022-10-01","2022-06-01-preview","2022-03-01","2022-01-01-preview"],"defaultApiVersion":"2023-04-01-preview","capabilities":"None"},{"resourceType":"locations/containerappsjobOperationResults","locations":["Central
        US EUAP","East US 2 EUAP","North Central US (Stage)","West US 2","Southeast
        Asia","Sweden Central","Canada Central","West Europe","North Europe","East
        US","East US 2","East Asia","Australia East","Germany West Central","Japan
        East","UK South","West US","Central US","North Central US","South Central
        US","Korea Central","Brazil South","West US 3","France Central","South Africa
        North","Norway East","Switzerland North","UAE North"],"apiVersions":["2023-05-02-preview","2023-05-01","2023-04-01-preview","2022-11-01-preview"],"defaultApiVersion":"2023-04-01-preview","capabilities":"None"},{"resourceType":"locations/containerappsjobOperationStatuses","locations":["Central
        US EUAP","East US 2 EUAP","North Central US (Stage)","West US 2","Southeast
        Asia","Sweden Central","Canada Central","West Europe","North Europe","East
        US","East US 2","East Asia","Australia East","Germany West Central","Japan
        East","UK South","West US","Central US","North Central US","South Central
        US","Korea Central","Brazil South","West US 3","France Central","South Africa
        North","Norway East","Switzerland North","UAE North"],"apiVersions":["2023-05-02-preview","2023-05-01","2023-04-01-preview","2022-11-01-preview"],"defaultApiVersion":"2023-04-01-preview","capabilities":"None"},{"resourceType":"connectedEnvironments","locations":["Central
        US EUAP","East US 2 EUAP","North Central US (Stage)","North Central US","East
        US","East Asia","West Europe"],"apiVersions":["2023-04-01-preview","2022-11-01-preview","2022-10-01","2022-06-01-preview"],"defaultApiVersion":"2023-04-01-preview","capabilities":"CrossResourceGroupResourceMove,
        CrossSubscriptionResourceMove, SupportsTags, SupportsLocation"},{"resourceType":"connectedEnvironments/certificates","locations":["Central
        US EUAP","East US 2 EUAP","North Central US (Stage)","North Central US","East
        US","East Asia","West Europe"],"apiVersions":["2023-04-01-preview","2022-11-01-preview","2022-10-01","2022-06-01-preview"],"defaultApiVersion":"2023-04-01-preview","capabilities":"CrossResourceGroupResourceMove,
        CrossSubscriptionResourceMove, SupportsTags, SupportsLocation"},{"resourceType":"locations/connectedEnvironmentOperationResults","locations":["Central
        US EUAP","East US 2 EUAP","North Central US (Stage)","North Central US","East
        US","East Asia","West Europe"],"apiVersions":["2023-04-01-preview","2022-11-01-preview","2022-10-01","2022-06-01-preview"],"defaultApiVersion":"2023-04-01-preview","capabilities":"None"},{"resourceType":"locations/connectedEnvironmentOperationStatuses","locations":["Central
        US EUAP","East US 2 EUAP","North Central US (Stage)","North Central US","East
        US","East Asia","West Europe"],"apiVersions":["2023-04-01-preview","2022-11-01-preview","2022-10-01","2022-06-01-preview"],"defaultApiVersion":"2023-04-01-preview","capabilities":"None"},{"resourceType":"locations/managedCertificateOperationStatuses","locations":["Central
        US EUAP","East US 2 EUAP","North Central US (Stage)","West US 2","Southeast
        Asia","Sweden Central","Canada Central","West Europe","North Europe","East
        US","East US 2","East Asia","Australia East","Germany West Central","Japan
        East","UK South","West US","Central US","North Central US","South Central
        US","Korea Central","Brazil South","West US 3","France Central","South Africa
        North","Norway East","Switzerland North","UAE North"],"apiVersions":["2023-05-02-preview","2023-05-01","2023-04-01-preview","2022-11-01-preview"],"defaultApiVersion":"2023-04-01-preview","capabilities":"None"},{"resourceType":"locations/billingMeters","locations":["Central
        US EUAP","East US 2 EUAP","North Central US (Stage)","West US 2","Southeast
        Asia","Sweden Central","Canada Central","West Europe","North Europe","East
        US","East US 2","East Asia","Australia East","Germany West Central","Japan
        East","UK South","West US","Central US","North Central US","South Central
        US","Korea Central","Brazil South","West US 3","France Central","South Africa
        North","Norway East","Switzerland North","UAE North"],"apiVersions":["2023-05-02-preview","2023-05-01","2023-04-01-preview","2022-11-01-preview","2022-10-01","2022-06-01-preview","2022-01-01-preview"],"defaultApiVersion":"2023-04-01-preview","capabilities":"None"},{"resourceType":"locations/availableManagedEnvironmentsWorkloadProfileTypes","locations":["Central
        US EUAP","East US 2 EUAP","North Central US (Stage)","West US 2","Southeast
        Asia","Sweden Central","Canada Central","West Europe","North Europe","East
        US","East US 2","East Asia","Australia East","Germany West Central","Japan
        East","UK South","West US","Central US","North Central US","South Central
        US","Korea Central","Brazil South","West US 3","France Central","South Africa
        North","Norway East","Switzerland North","UAE North"],"apiVersions":["2023-05-02-preview","2023-05-01","2023-04-01-preview","2022-11-01-preview","2022-10-01","2022-06-01-preview"],"defaultApiVersion":"2023-04-01-preview","capabilities":"None"}],"registrationState":"Registered","registrationPolicy":"RegistrationRequired"}'
    headers:
      cache-control:
      - no-cache
      content-length:
      - '13505'
      content-type:
      - application/json; charset=utf-8
      date:
      - Thu, 03 Aug 2023 02:33:32 GMT
      expires:
      - '-1'
      pragma:
      - no-cache
      strict-transport-security:
      - max-age=31536000; includeSubDomains
      vary:
      - Accept-Encoding
      x-content-type-options:
      - nosniff
    status:
      code: 200
      message: OK
- request:
    body: null
    headers:
      Accept:
      - '*/*'
      Accept-Encoding:
      - gzip, deflate
      CommandName:
      - containerapp env show
      Connection:
      - keep-alive
      ParameterSetName:
      - -n -g
      User-Agent:
      - python/3.10.11 (Windows-10-10.0.22621-SP0) AZURECLI/2.51.0
    method: GET
    uri: https://management.azure.com/subscriptions/00000000-0000-0000-0000-000000000000/resourceGroups/clitest.rg000001/providers/Microsoft.App/managedEnvironments/env000002?api-version=2023-04-01-preview
  response:
    body:
      string: '{"id":"/subscriptions/00000000-0000-0000-0000-000000000000/resourceGroups/clitest.rg000001/providers/Microsoft.App/managedEnvironments/env000002","name":"env000002","type":"Microsoft.App/managedEnvironments","location":"East
        US","systemData":{"createdBy":"xinyupang@microsoft.com","createdByType":"User","createdAt":"2023-08-03T02:33:03.4732157","lastModifiedBy":"xinyupang@microsoft.com","lastModifiedByType":"User","lastModifiedAt":"2023-08-03T02:33:03.4732157"},"properties":{"provisioningState":"Succeeded","daprAIInstrumentationKey":null,"daprAIConnectionString":null,"vnetConfiguration":null,"defaultDomain":"ashybush-d2e1e819.eastus.azurecontainerapps.io","staticIp":"20.62.235.159","appLogsConfiguration":{"destination":"log-analytics","logAnalyticsConfiguration":{"customerId":"36a585e9-2a79-44a7-8adf-fa16002e5fb7","sharedKey":null}},"zoneRedundant":false,"kedaConfiguration":{"version":"2.10.0"},"daprConfiguration":{"version":"1.10.8"},"eventStreamEndpoint":"https://eastus.azurecontainerapps.dev/subscriptions/00000000-0000-0000-0000-000000000000/resourceGroups/clitest.rg000001/managedEnvironments/env000002/eventstream","customDomainConfiguration":{"customDomainVerificationId":"D3F71C85EB6552E36A89A3E4A080C3CFB00181670B659B0003264FC673AA9B00","dnsSuffix":null,"certificateValue":null,"certificatePassword":null,"thumbprint":null,"subjectName":null,"expirationDate":null},"workloadProfiles":null,"firstPartyConfiguration":null,"infrastructureResourceGroup":null,"peerAuthentication":{"mtls":{"enabled":false}}}}'
    headers:
      api-supported-versions:
      - 2022-01-01-preview, 2022-03-01, 2022-06-01-preview, 2022-10-01, 2022-11-01-preview,
        2023-04-01-preview, 2023-05-01, 2023-05-02-preview, 2023-08-01-preview
      cache-control:
      - no-cache
      content-length:
      - '1527'
      content-type:
      - application/json; charset=utf-8
      date:
      - Thu, 03 Aug 2023 02:33:34 GMT
      expires:
      - '-1'
      pragma:
      - no-cache
      server:
      - Microsoft-IIS/10.0
      strict-transport-security:
      - max-age=31536000; includeSubDomains
      transfer-encoding:
      - chunked
      vary:
      - Accept-Encoding,Accept-Encoding
      x-content-type-options:
      - nosniff
      x-powered-by:
      - ASP.NET
    status:
      code: 200
      message: OK
- request:
    body: null
    headers:
      Accept:
      - application/json
      Accept-Encoding:
      - gzip, deflate
      CommandName:
      - containerapp job create
      Connection:
      - keep-alive
      ParameterSetName:
      - --resource-group --name --environment --replica-timeout --replica-retry-limit
        --trigger-type --replica-completion-count --parallelism --image --cpu --memory
      User-Agent:
      - AZURECLI/2.51.0 azsdk-python-azure-mgmt-resource/23.1.0b2 Python/3.10.11 (Windows-10-10.0.22621-SP0)
    method: GET
    uri: https://management.azure.com/subscriptions/00000000-0000-0000-0000-000000000000/providers/Microsoft.App?api-version=2022-09-01
  response:
    body:
      string: '{"id":"/subscriptions/00000000-0000-0000-0000-000000000000/providers/Microsoft.App","namespace":"Microsoft.App","authorizations":[{"applicationId":"7e3bc4fd-85a3-4192-b177-5b8bfc87f42c","roleDefinitionId":"39a74f72-b40f-4bdc-b639-562fe2260bf0"},{"applicationId":"3734c1a4-2bed-4998-a37a-ff1a9e7bf019","roleDefinitionId":"5c779a4f-5cb2-4547-8c41-478d9be8ba90"},{"applicationId":"55ebbb62-3b9c-49fd-9b87-9595226dd4ac","roleDefinitionId":"e49ca620-7992-4561-a7df-4ed67dad77b5","managedByRoleDefinitionId":"9e3af657-a8ff-583c-a75c-2fe7c4bcb635"}],"resourceTypes":[{"resourceType":"operations","locations":["North
        Central US (Stage)","Central US EUAP","East US 2 EUAP","West US 2","Southeast
        Asia","Sweden Central","Canada Central","West Europe","North Europe","East
        US","East US 2","East Asia","Australia East","Germany West Central","Japan
        East","UK South","West US","Central US","North Central US","South Central
        US","Korea Central","Brazil South","West US 3","France Central","South Africa
        North","Norway East","Switzerland North","UAE North"],"apiVersions":["2023-04-01-preview","2023-02-01","2022-11-01-preview","2022-10-01","2022-06-01-preview","2022-03-01","2022-01-01-preview"],"defaultApiVersion":"2023-04-01-preview","capabilities":"None"},{"resourceType":"managedEnvironments","locations":["Central
        US EUAP","East US 2 EUAP","North Central US (Stage)","West US 2","Southeast
        Asia","Sweden Central","Canada Central","West Europe","North Europe","East
        US","East US 2","East Asia","Australia East","Germany West Central","Japan
        East","UK South","West US","Central US","North Central US","South Central
        US","Korea Central","Brazil South","West US 3","France Central","South Africa
        North","Norway East","Switzerland North","UAE North"],"apiVersions":["2023-05-02-preview","2023-05-01","2023-04-01-preview","2022-11-01-preview","2022-10-01","2022-06-01-preview","2022-03-01","2022-01-01-preview"],"defaultApiVersion":"2023-04-01-preview","capabilities":"CrossResourceGroupResourceMove,
        CrossSubscriptionResourceMove, SupportsTags, SupportsLocation"},{"resourceType":"managedEnvironments/certificates","locations":["Central
        US EUAP","East US 2 EUAP","North Central US (Stage)","West US 2","Southeast
        Asia","Sweden Central","Canada Central","West Europe","North Europe","East
        US","East US 2","East Asia","Australia East","Germany West Central","Japan
        East","UK South","West US","Central US","North Central US","South Central
        US","Korea Central","Brazil South","West US 3","France Central","South Africa
        North","Norway East","Switzerland North","UAE North"],"apiVersions":["2023-05-02-preview","2023-05-01","2023-04-01-preview","2022-11-01-preview","2022-10-01","2022-06-01-preview","2022-03-01","2022-01-01-preview"],"defaultApiVersion":"2023-04-01-preview","capabilities":"CrossResourceGroupResourceMove,
        CrossSubscriptionResourceMove, SupportsTags, SupportsLocation"},{"resourceType":"managedEnvironments/managedCertificates","locations":["Central
        US EUAP","East US 2 EUAP","North Central US (Stage)","West US 2","Southeast
        Asia","Sweden Central","Canada Central","West Europe","North Europe","East
        US","East US 2","East Asia","Australia East","Germany West Central","Japan
        East","UK South","West US","Central US","North Central US","South Central
        US","Korea Central","Brazil South","West US 3","France Central","South Africa
        North","Norway East","Switzerland North","UAE North"],"apiVersions":["2023-05-02-preview","2023-05-01","2023-04-01-preview","2022-11-01-preview"],"defaultApiVersion":"2023-04-01-preview","capabilities":"CrossResourceGroupResourceMove,
        CrossSubscriptionResourceMove, SupportsTags, SupportsLocation"},{"resourceType":"containerApps","locations":["Central
        US EUAP","East US 2 EUAP","North Central US (Stage)","West US 2","Southeast
        Asia","Sweden Central","Canada Central","West Europe","North Europe","East
        US","East US 2","East Asia","Australia East","Germany West Central","Japan
        East","UK South","West US","Central US","North Central US","South Central
        US","Korea Central","Brazil South","West US 3","France Central","South Africa
        North","Norway East","Switzerland North","UAE North"],"apiVersions":["2023-05-02-preview","2023-05-01","2023-04-01-preview","2022-11-01-preview","2022-10-01","2022-06-01-preview","2022-03-01","2022-01-01-preview"],"defaultApiVersion":"2023-04-01-preview","capabilities":"CrossResourceGroupResourceMove,
        CrossSubscriptionResourceMove, SystemAssignedResourceIdentity, SupportsTags,
        SupportsLocation"},{"resourceType":"jobs","locations":["Central US EUAP","East
        US 2 EUAP","North Central US (Stage)","West US 2","Southeast Asia","Sweden
        Central","Canada Central","West Europe","North Europe","East US","East US
        2","East Asia","Australia East","Germany West Central","Japan East","UK South","West
        US","Central US","North Central US","South Central US","Korea Central","Brazil
        South","West US 3","France Central","South Africa North","Norway East","Switzerland
        North","UAE North"],"apiVersions":["2023-05-02-preview","2023-05-01","2023-04-01-preview","2022-11-01-preview"],"defaultApiVersion":"2023-04-01-preview","capabilities":"CrossResourceGroupResourceMove,
        CrossSubscriptionResourceMove, SystemAssignedResourceIdentity, SupportsTags,
        SupportsLocation"},{"resourceType":"locations","locations":[],"apiVersions":["2023-05-02-preview","2023-05-01","2023-04-01-preview","2022-11-01-preview","2022-10-01","2022-06-01-preview","2022-03-01","2022-01-01-preview"],"defaultApiVersion":"2023-04-01-preview","capabilities":"None"},{"resourceType":"locations/managedEnvironmentOperationResults","locations":["Central
        US EUAP","East US 2 EUAP","North Central US (Stage)","West US 2","Southeast
        Asia","Sweden Central","Canada Central","West Europe","North Europe","East
        US","East US 2","East Asia","Australia East","Germany West Central","Japan
        East","UK South","West US","Central US","North Central US","South Central
        US","Korea Central","Brazil South","West US 3","France Central","South Africa
        North","Norway East","Switzerland North","UAE North"],"apiVersions":["2023-05-02-preview","2023-05-01","2023-04-01-preview","2022-11-01-preview","2022-10-01","2022-06-01-preview","2022-03-01","2022-01-01-preview"],"defaultApiVersion":"2023-04-01-preview","capabilities":"None"},{"resourceType":"locations/managedEnvironmentOperationStatuses","locations":["Central
        US EUAP","East US 2 EUAP","North Central US (Stage)","West US 2","Southeast
        Asia","Sweden Central","Canada Central","West Europe","North Europe","East
        US","East US 2","East Asia","Australia East","Germany West Central","Japan
        East","UK South","West US","Central US","North Central US","South Central
        US","Korea Central","Brazil South","West US 3","France Central","South Africa
        North","Norway East","Switzerland North","UAE North"],"apiVersions":["2023-05-02-preview","2023-05-01","2023-04-01-preview","2022-11-01-preview","2022-10-01","2022-06-01-preview","2022-03-01","2022-01-01-preview"],"defaultApiVersion":"2023-04-01-preview","capabilities":"None"},{"resourceType":"locations/containerappOperationResults","locations":["Central
        US EUAP","East US 2 EUAP","North Central US (Stage)","West US 2","Southeast
        Asia","Sweden Central","Canada Central","West Europe","North Europe","East
        US","East US 2","East Asia","Australia East","Germany West Central","Japan
        East","UK South","West US","Central US","North Central US","South Central
        US","Korea Central","Brazil South","West US 3","France Central","South Africa
        North","Norway East","Switzerland North","UAE North"],"apiVersions":["2023-05-02-preview","2023-05-01","2023-04-01-preview","2022-11-01-preview","2022-10-01","2022-06-01-preview","2022-03-01","2022-01-01-preview"],"defaultApiVersion":"2023-04-01-preview","capabilities":"None"},{"resourceType":"locations/containerappOperationStatuses","locations":["Central
        US EUAP","East US 2 EUAP","North Central US (Stage)","West US 2","Southeast
        Asia","Sweden Central","Canada Central","West Europe","North Europe","East
        US","East US 2","East Asia","Australia East","Germany West Central","Japan
        East","UK South","West US","Central US","North Central US","South Central
        US","Korea Central","Brazil South","West US 3","France Central","South Africa
        North","Norway East","Switzerland North","UAE North"],"apiVersions":["2023-05-02-preview","2023-05-01","2023-04-01-preview","2022-11-01-preview","2022-10-01","2022-06-01-preview","2022-03-01","2022-01-01-preview"],"defaultApiVersion":"2023-04-01-preview","capabilities":"None"},{"resourceType":"locations/containerappsjobOperationResults","locations":["Central
        US EUAP","East US 2 EUAP","North Central US (Stage)","West US 2","Southeast
        Asia","Sweden Central","Canada Central","West Europe","North Europe","East
        US","East US 2","East Asia","Australia East","Germany West Central","Japan
        East","UK South","West US","Central US","North Central US","South Central
        US","Korea Central","Brazil South","West US 3","France Central","South Africa
        North","Norway East","Switzerland North","UAE North"],"apiVersions":["2023-05-02-preview","2023-05-01","2023-04-01-preview","2022-11-01-preview"],"defaultApiVersion":"2023-04-01-preview","capabilities":"None"},{"resourceType":"locations/containerappsjobOperationStatuses","locations":["Central
        US EUAP","East US 2 EUAP","North Central US (Stage)","West US 2","Southeast
        Asia","Sweden Central","Canada Central","West Europe","North Europe","East
        US","East US 2","East Asia","Australia East","Germany West Central","Japan
        East","UK South","West US","Central US","North Central US","South Central
        US","Korea Central","Brazil South","West US 3","France Central","South Africa
        North","Norway East","Switzerland North","UAE North"],"apiVersions":["2023-05-02-preview","2023-05-01","2023-04-01-preview","2022-11-01-preview"],"defaultApiVersion":"2023-04-01-preview","capabilities":"None"},{"resourceType":"connectedEnvironments","locations":["Central
        US EUAP","East US 2 EUAP","North Central US (Stage)","North Central US","East
        US","East Asia","West Europe"],"apiVersions":["2023-04-01-preview","2022-11-01-preview","2022-10-01","2022-06-01-preview"],"defaultApiVersion":"2023-04-01-preview","capabilities":"CrossResourceGroupResourceMove,
        CrossSubscriptionResourceMove, SupportsTags, SupportsLocation"},{"resourceType":"connectedEnvironments/certificates","locations":["Central
        US EUAP","East US 2 EUAP","North Central US (Stage)","North Central US","East
        US","East Asia","West Europe"],"apiVersions":["2023-04-01-preview","2022-11-01-preview","2022-10-01","2022-06-01-preview"],"defaultApiVersion":"2023-04-01-preview","capabilities":"CrossResourceGroupResourceMove,
        CrossSubscriptionResourceMove, SupportsTags, SupportsLocation"},{"resourceType":"locations/connectedEnvironmentOperationResults","locations":["Central
        US EUAP","East US 2 EUAP","North Central US (Stage)","North Central US","East
        US","East Asia","West Europe"],"apiVersions":["2023-04-01-preview","2022-11-01-preview","2022-10-01","2022-06-01-preview"],"defaultApiVersion":"2023-04-01-preview","capabilities":"None"},{"resourceType":"locations/connectedEnvironmentOperationStatuses","locations":["Central
        US EUAP","East US 2 EUAP","North Central US (Stage)","North Central US","East
        US","East Asia","West Europe"],"apiVersions":["2023-04-01-preview","2022-11-01-preview","2022-10-01","2022-06-01-preview"],"defaultApiVersion":"2023-04-01-preview","capabilities":"None"},{"resourceType":"locations/managedCertificateOperationStatuses","locations":["Central
        US EUAP","East US 2 EUAP","North Central US (Stage)","West US 2","Southeast
        Asia","Sweden Central","Canada Central","West Europe","North Europe","East
        US","East US 2","East Asia","Australia East","Germany West Central","Japan
        East","UK South","West US","Central US","North Central US","South Central
        US","Korea Central","Brazil South","West US 3","France Central","South Africa
        North","Norway East","Switzerland North","UAE North"],"apiVersions":["2023-05-02-preview","2023-05-01","2023-04-01-preview","2022-11-01-preview"],"defaultApiVersion":"2023-04-01-preview","capabilities":"None"},{"resourceType":"locations/billingMeters","locations":["Central
        US EUAP","East US 2 EUAP","North Central US (Stage)","West US 2","Southeast
        Asia","Sweden Central","Canada Central","West Europe","North Europe","East
        US","East US 2","East Asia","Australia East","Germany West Central","Japan
        East","UK South","West US","Central US","North Central US","South Central
        US","Korea Central","Brazil South","West US 3","France Central","South Africa
        North","Norway East","Switzerland North","UAE North"],"apiVersions":["2023-05-02-preview","2023-05-01","2023-04-01-preview","2022-11-01-preview","2022-10-01","2022-06-01-preview","2022-01-01-preview"],"defaultApiVersion":"2023-04-01-preview","capabilities":"None"},{"resourceType":"locations/availableManagedEnvironmentsWorkloadProfileTypes","locations":["Central
        US EUAP","East US 2 EUAP","North Central US (Stage)","West US 2","Southeast
        Asia","Sweden Central","Canada Central","West Europe","North Europe","East
        US","East US 2","East Asia","Australia East","Germany West Central","Japan
        East","UK South","West US","Central US","North Central US","South Central
        US","Korea Central","Brazil South","West US 3","France Central","South Africa
        North","Norway East","Switzerland North","UAE North"],"apiVersions":["2023-05-02-preview","2023-05-01","2023-04-01-preview","2022-11-01-preview","2022-10-01","2022-06-01-preview"],"defaultApiVersion":"2023-04-01-preview","capabilities":"None"}],"registrationState":"Registered","registrationPolicy":"RegistrationRequired"}'
    headers:
      cache-control:
      - no-cache
      content-length:
      - '13505'
      content-type:
      - application/json; charset=utf-8
      date:
      - Thu, 03 Aug 2023 02:33:36 GMT
      expires:
      - '-1'
      pragma:
      - no-cache
      strict-transport-security:
      - max-age=31536000; includeSubDomains
      vary:
      - Accept-Encoding
      x-content-type-options:
      - nosniff
    status:
      code: 200
      message: OK
- request:
    body: null
    headers:
      Accept:
      - '*/*'
      Accept-Encoding:
      - gzip, deflate
      CommandName:
      - containerapp job create
      Connection:
      - keep-alive
      ParameterSetName:
      - --resource-group --name --environment --replica-timeout --replica-retry-limit
        --trigger-type --replica-completion-count --parallelism --image --cpu --memory
      User-Agent:
      - python/3.10.11 (Windows-10-10.0.22621-SP0) AZURECLI/2.51.0
    method: GET
    uri: https://management.azure.com/subscriptions/00000000-0000-0000-0000-000000000000/resourceGroups/clitest.rg000001/providers/Microsoft.App/managedEnvironments/env000002?api-version=2023-04-01-preview
  response:
    body:
      string: '{"id":"/subscriptions/00000000-0000-0000-0000-000000000000/resourceGroups/clitest.rg000001/providers/Microsoft.App/managedEnvironments/env000002","name":"env000002","type":"Microsoft.App/managedEnvironments","location":"East
        US","systemData":{"createdBy":"xinyupang@microsoft.com","createdByType":"User","createdAt":"2023-08-03T02:33:03.4732157","lastModifiedBy":"xinyupang@microsoft.com","lastModifiedByType":"User","lastModifiedAt":"2023-08-03T02:33:03.4732157"},"properties":{"provisioningState":"Succeeded","daprAIInstrumentationKey":null,"daprAIConnectionString":null,"vnetConfiguration":null,"defaultDomain":"ashybush-d2e1e819.eastus.azurecontainerapps.io","staticIp":"20.62.235.159","appLogsConfiguration":{"destination":"log-analytics","logAnalyticsConfiguration":{"customerId":"36a585e9-2a79-44a7-8adf-fa16002e5fb7","sharedKey":null}},"zoneRedundant":false,"kedaConfiguration":{"version":"2.10.0"},"daprConfiguration":{"version":"1.10.8"},"eventStreamEndpoint":"https://eastus.azurecontainerapps.dev/subscriptions/00000000-0000-0000-0000-000000000000/resourceGroups/clitest.rg000001/managedEnvironments/env000002/eventstream","customDomainConfiguration":{"customDomainVerificationId":"D3F71C85EB6552E36A89A3E4A080C3CFB00181670B659B0003264FC673AA9B00","dnsSuffix":null,"certificateValue":null,"certificatePassword":null,"thumbprint":null,"subjectName":null,"expirationDate":null},"workloadProfiles":null,"firstPartyConfiguration":null,"infrastructureResourceGroup":null,"peerAuthentication":{"mtls":{"enabled":false}}}}'
    headers:
      api-supported-versions:
      - 2022-01-01-preview, 2022-03-01, 2022-06-01-preview, 2022-10-01, 2022-11-01-preview,
        2023-04-01-preview, 2023-05-01, 2023-05-02-preview, 2023-08-01-preview
      cache-control:
      - no-cache
      content-length:
      - '1527'
      content-type:
      - application/json; charset=utf-8
      date:
      - Thu, 03 Aug 2023 02:33:37 GMT
      expires:
      - '-1'
      pragma:
      - no-cache
      server:
      - Microsoft-IIS/10.0
      strict-transport-security:
      - max-age=31536000; includeSubDomains
      transfer-encoding:
      - chunked
      vary:
      - Accept-Encoding,Accept-Encoding
      x-content-type-options:
      - nosniff
      x-powered-by:
      - ASP.NET
    status:
      code: 200
      message: OK
- request:
    body: null
    headers:
      Accept:
      - application/json
      Accept-Encoding:
      - gzip, deflate
      CommandName:
      - containerapp job create
      Connection:
      - keep-alive
      ParameterSetName:
      - --resource-group --name --environment --replica-timeout --replica-retry-limit
        --trigger-type --replica-completion-count --parallelism --image --cpu --memory
      User-Agent:
      - AZURECLI/2.51.0 azsdk-python-azure-mgmt-resource/23.1.0b2 Python/3.10.11 (Windows-10-10.0.22621-SP0)
    method: GET
    uri: https://management.azure.com/subscriptions/00000000-0000-0000-0000-000000000000/providers/Microsoft.App?api-version=2022-09-01
  response:
    body:
      string: '{"id":"/subscriptions/00000000-0000-0000-0000-000000000000/providers/Microsoft.App","namespace":"Microsoft.App","authorizations":[{"applicationId":"7e3bc4fd-85a3-4192-b177-5b8bfc87f42c","roleDefinitionId":"39a74f72-b40f-4bdc-b639-562fe2260bf0"},{"applicationId":"3734c1a4-2bed-4998-a37a-ff1a9e7bf019","roleDefinitionId":"5c779a4f-5cb2-4547-8c41-478d9be8ba90"},{"applicationId":"55ebbb62-3b9c-49fd-9b87-9595226dd4ac","roleDefinitionId":"e49ca620-7992-4561-a7df-4ed67dad77b5","managedByRoleDefinitionId":"9e3af657-a8ff-583c-a75c-2fe7c4bcb635"}],"resourceTypes":[{"resourceType":"operations","locations":["North
        Central US (Stage)","Central US EUAP","East US 2 EUAP","West US 2","Southeast
        Asia","Sweden Central","Canada Central","West Europe","North Europe","East
        US","East US 2","East Asia","Australia East","Germany West Central","Japan
        East","UK South","West US","Central US","North Central US","South Central
        US","Korea Central","Brazil South","West US 3","France Central","South Africa
        North","Norway East","Switzerland North","UAE North"],"apiVersions":["2023-04-01-preview","2023-02-01","2022-11-01-preview","2022-10-01","2022-06-01-preview","2022-03-01","2022-01-01-preview"],"defaultApiVersion":"2023-04-01-preview","capabilities":"None"},{"resourceType":"managedEnvironments","locations":["Central
        US EUAP","East US 2 EUAP","North Central US (Stage)","West US 2","Southeast
        Asia","Sweden Central","Canada Central","West Europe","North Europe","East
        US","East US 2","East Asia","Australia East","Germany West Central","Japan
        East","UK South","West US","Central US","North Central US","South Central
        US","Korea Central","Brazil South","West US 3","France Central","South Africa
        North","Norway East","Switzerland North","UAE North"],"apiVersions":["2023-05-02-preview","2023-05-01","2023-04-01-preview","2022-11-01-preview","2022-10-01","2022-06-01-preview","2022-03-01","2022-01-01-preview"],"defaultApiVersion":"2023-04-01-preview","capabilities":"CrossResourceGroupResourceMove,
        CrossSubscriptionResourceMove, SupportsTags, SupportsLocation"},{"resourceType":"managedEnvironments/certificates","locations":["Central
        US EUAP","East US 2 EUAP","North Central US (Stage)","West US 2","Southeast
        Asia","Sweden Central","Canada Central","West Europe","North Europe","East
        US","East US 2","East Asia","Australia East","Germany West Central","Japan
        East","UK South","West US","Central US","North Central US","South Central
        US","Korea Central","Brazil South","West US 3","France Central","South Africa
        North","Norway East","Switzerland North","UAE North"],"apiVersions":["2023-05-02-preview","2023-05-01","2023-04-01-preview","2022-11-01-preview","2022-10-01","2022-06-01-preview","2022-03-01","2022-01-01-preview"],"defaultApiVersion":"2023-04-01-preview","capabilities":"CrossResourceGroupResourceMove,
        CrossSubscriptionResourceMove, SupportsTags, SupportsLocation"},{"resourceType":"managedEnvironments/managedCertificates","locations":["Central
        US EUAP","East US 2 EUAP","North Central US (Stage)","West US 2","Southeast
        Asia","Sweden Central","Canada Central","West Europe","North Europe","East
        US","East US 2","East Asia","Australia East","Germany West Central","Japan
        East","UK South","West US","Central US","North Central US","South Central
        US","Korea Central","Brazil South","West US 3","France Central","South Africa
        North","Norway East","Switzerland North","UAE North"],"apiVersions":["2023-05-02-preview","2023-05-01","2023-04-01-preview","2022-11-01-preview"],"defaultApiVersion":"2023-04-01-preview","capabilities":"CrossResourceGroupResourceMove,
        CrossSubscriptionResourceMove, SupportsTags, SupportsLocation"},{"resourceType":"containerApps","locations":["Central
        US EUAP","East US 2 EUAP","North Central US (Stage)","West US 2","Southeast
        Asia","Sweden Central","Canada Central","West Europe","North Europe","East
        US","East US 2","East Asia","Australia East","Germany West Central","Japan
        East","UK South","West US","Central US","North Central US","South Central
        US","Korea Central","Brazil South","West US 3","France Central","South Africa
        North","Norway East","Switzerland North","UAE North"],"apiVersions":["2023-05-02-preview","2023-05-01","2023-04-01-preview","2022-11-01-preview","2022-10-01","2022-06-01-preview","2022-03-01","2022-01-01-preview"],"defaultApiVersion":"2023-04-01-preview","capabilities":"CrossResourceGroupResourceMove,
        CrossSubscriptionResourceMove, SystemAssignedResourceIdentity, SupportsTags,
        SupportsLocation"},{"resourceType":"jobs","locations":["Central US EUAP","East
        US 2 EUAP","North Central US (Stage)","West US 2","Southeast Asia","Sweden
        Central","Canada Central","West Europe","North Europe","East US","East US
        2","East Asia","Australia East","Germany West Central","Japan East","UK South","West
        US","Central US","North Central US","South Central US","Korea Central","Brazil
        South","West US 3","France Central","South Africa North","Norway East","Switzerland
        North","UAE North"],"apiVersions":["2023-05-02-preview","2023-05-01","2023-04-01-preview","2022-11-01-preview"],"defaultApiVersion":"2023-04-01-preview","capabilities":"CrossResourceGroupResourceMove,
        CrossSubscriptionResourceMove, SystemAssignedResourceIdentity, SupportsTags,
        SupportsLocation"},{"resourceType":"locations","locations":[],"apiVersions":["2023-05-02-preview","2023-05-01","2023-04-01-preview","2022-11-01-preview","2022-10-01","2022-06-01-preview","2022-03-01","2022-01-01-preview"],"defaultApiVersion":"2023-04-01-preview","capabilities":"None"},{"resourceType":"locations/managedEnvironmentOperationResults","locations":["Central
        US EUAP","East US 2 EUAP","North Central US (Stage)","West US 2","Southeast
        Asia","Sweden Central","Canada Central","West Europe","North Europe","East
        US","East US 2","East Asia","Australia East","Germany West Central","Japan
        East","UK South","West US","Central US","North Central US","South Central
        US","Korea Central","Brazil South","West US 3","France Central","South Africa
        North","Norway East","Switzerland North","UAE North"],"apiVersions":["2023-05-02-preview","2023-05-01","2023-04-01-preview","2022-11-01-preview","2022-10-01","2022-06-01-preview","2022-03-01","2022-01-01-preview"],"defaultApiVersion":"2023-04-01-preview","capabilities":"None"},{"resourceType":"locations/managedEnvironmentOperationStatuses","locations":["Central
        US EUAP","East US 2 EUAP","North Central US (Stage)","West US 2","Southeast
        Asia","Sweden Central","Canada Central","West Europe","North Europe","East
        US","East US 2","East Asia","Australia East","Germany West Central","Japan
        East","UK South","West US","Central US","North Central US","South Central
        US","Korea Central","Brazil South","West US 3","France Central","South Africa
        North","Norway East","Switzerland North","UAE North"],"apiVersions":["2023-05-02-preview","2023-05-01","2023-04-01-preview","2022-11-01-preview","2022-10-01","2022-06-01-preview","2022-03-01","2022-01-01-preview"],"defaultApiVersion":"2023-04-01-preview","capabilities":"None"},{"resourceType":"locations/containerappOperationResults","locations":["Central
        US EUAP","East US 2 EUAP","North Central US (Stage)","West US 2","Southeast
        Asia","Sweden Central","Canada Central","West Europe","North Europe","East
        US","East US 2","East Asia","Australia East","Germany West Central","Japan
        East","UK South","West US","Central US","North Central US","South Central
        US","Korea Central","Brazil South","West US 3","France Central","South Africa
        North","Norway East","Switzerland North","UAE North"],"apiVersions":["2023-05-02-preview","2023-05-01","2023-04-01-preview","2022-11-01-preview","2022-10-01","2022-06-01-preview","2022-03-01","2022-01-01-preview"],"defaultApiVersion":"2023-04-01-preview","capabilities":"None"},{"resourceType":"locations/containerappOperationStatuses","locations":["Central
        US EUAP","East US 2 EUAP","North Central US (Stage)","West US 2","Southeast
        Asia","Sweden Central","Canada Central","West Europe","North Europe","East
        US","East US 2","East Asia","Australia East","Germany West Central","Japan
        East","UK South","West US","Central US","North Central US","South Central
        US","Korea Central","Brazil South","West US 3","France Central","South Africa
        North","Norway East","Switzerland North","UAE North"],"apiVersions":["2023-05-02-preview","2023-05-01","2023-04-01-preview","2022-11-01-preview","2022-10-01","2022-06-01-preview","2022-03-01","2022-01-01-preview"],"defaultApiVersion":"2023-04-01-preview","capabilities":"None"},{"resourceType":"locations/containerappsjobOperationResults","locations":["Central
        US EUAP","East US 2 EUAP","North Central US (Stage)","West US 2","Southeast
        Asia","Sweden Central","Canada Central","West Europe","North Europe","East
        US","East US 2","East Asia","Australia East","Germany West Central","Japan
        East","UK South","West US","Central US","North Central US","South Central
        US","Korea Central","Brazil South","West US 3","France Central","South Africa
        North","Norway East","Switzerland North","UAE North"],"apiVersions":["2023-05-02-preview","2023-05-01","2023-04-01-preview","2022-11-01-preview"],"defaultApiVersion":"2023-04-01-preview","capabilities":"None"},{"resourceType":"locations/containerappsjobOperationStatuses","locations":["Central
        US EUAP","East US 2 EUAP","North Central US (Stage)","West US 2","Southeast
        Asia","Sweden Central","Canada Central","West Europe","North Europe","East
        US","East US 2","East Asia","Australia East","Germany West Central","Japan
        East","UK South","West US","Central US","North Central US","South Central
        US","Korea Central","Brazil South","West US 3","France Central","South Africa
        North","Norway East","Switzerland North","UAE North"],"apiVersions":["2023-05-02-preview","2023-05-01","2023-04-01-preview","2022-11-01-preview"],"defaultApiVersion":"2023-04-01-preview","capabilities":"None"},{"resourceType":"connectedEnvironments","locations":["Central
        US EUAP","East US 2 EUAP","North Central US (Stage)","North Central US","East
        US","East Asia","West Europe"],"apiVersions":["2023-04-01-preview","2022-11-01-preview","2022-10-01","2022-06-01-preview"],"defaultApiVersion":"2023-04-01-preview","capabilities":"CrossResourceGroupResourceMove,
        CrossSubscriptionResourceMove, SupportsTags, SupportsLocation"},{"resourceType":"connectedEnvironments/certificates","locations":["Central
        US EUAP","East US 2 EUAP","North Central US (Stage)","North Central US","East
        US","East Asia","West Europe"],"apiVersions":["2023-04-01-preview","2022-11-01-preview","2022-10-01","2022-06-01-preview"],"defaultApiVersion":"2023-04-01-preview","capabilities":"CrossResourceGroupResourceMove,
        CrossSubscriptionResourceMove, SupportsTags, SupportsLocation"},{"resourceType":"locations/connectedEnvironmentOperationResults","locations":["Central
        US EUAP","East US 2 EUAP","North Central US (Stage)","North Central US","East
        US","East Asia","West Europe"],"apiVersions":["2023-04-01-preview","2022-11-01-preview","2022-10-01","2022-06-01-preview"],"defaultApiVersion":"2023-04-01-preview","capabilities":"None"},{"resourceType":"locations/connectedEnvironmentOperationStatuses","locations":["Central
        US EUAP","East US 2 EUAP","North Central US (Stage)","North Central US","East
        US","East Asia","West Europe"],"apiVersions":["2023-04-01-preview","2022-11-01-preview","2022-10-01","2022-06-01-preview"],"defaultApiVersion":"2023-04-01-preview","capabilities":"None"},{"resourceType":"locations/managedCertificateOperationStatuses","locations":["Central
        US EUAP","East US 2 EUAP","North Central US (Stage)","West US 2","Southeast
        Asia","Sweden Central","Canada Central","West Europe","North Europe","East
        US","East US 2","East Asia","Australia East","Germany West Central","Japan
        East","UK South","West US","Central US","North Central US","South Central
        US","Korea Central","Brazil South","West US 3","France Central","South Africa
        North","Norway East","Switzerland North","UAE North"],"apiVersions":["2023-05-02-preview","2023-05-01","2023-04-01-preview","2022-11-01-preview"],"defaultApiVersion":"2023-04-01-preview","capabilities":"None"},{"resourceType":"locations/billingMeters","locations":["Central
        US EUAP","East US 2 EUAP","North Central US (Stage)","West US 2","Southeast
        Asia","Sweden Central","Canada Central","West Europe","North Europe","East
        US","East US 2","East Asia","Australia East","Germany West Central","Japan
        East","UK South","West US","Central US","North Central US","South Central
        US","Korea Central","Brazil South","West US 3","France Central","South Africa
        North","Norway East","Switzerland North","UAE North"],"apiVersions":["2023-05-02-preview","2023-05-01","2023-04-01-preview","2022-11-01-preview","2022-10-01","2022-06-01-preview","2022-01-01-preview"],"defaultApiVersion":"2023-04-01-preview","capabilities":"None"},{"resourceType":"locations/availableManagedEnvironmentsWorkloadProfileTypes","locations":["Central
        US EUAP","East US 2 EUAP","North Central US (Stage)","West US 2","Southeast
        Asia","Sweden Central","Canada Central","West Europe","North Europe","East
        US","East US 2","East Asia","Australia East","Germany West Central","Japan
        East","UK South","West US","Central US","North Central US","South Central
        US","Korea Central","Brazil South","West US 3","France Central","South Africa
        North","Norway East","Switzerland North","UAE North"],"apiVersions":["2023-05-02-preview","2023-05-01","2023-04-01-preview","2022-11-01-preview","2022-10-01","2022-06-01-preview"],"defaultApiVersion":"2023-04-01-preview","capabilities":"None"}],"registrationState":"Registered","registrationPolicy":"RegistrationRequired"}'
    headers:
      cache-control:
      - no-cache
      content-length:
      - '13505'
      content-type:
      - application/json; charset=utf-8
      date:
      - Thu, 03 Aug 2023 02:33:38 GMT
      expires:
      - '-1'
      pragma:
      - no-cache
      strict-transport-security:
      - max-age=31536000; includeSubDomains
      vary:
      - Accept-Encoding
      x-content-type-options:
      - nosniff
    status:
      code: 200
      message: OK
- request:
    body: '{"location": "East US", "identity": {"type": "None", "userAssignedIdentities":
      null}, "properties": {"environmentId": "/subscriptions/00000000-0000-0000-0000-000000000000/resourceGroups/clitest.rg000001/providers/Microsoft.App/managedEnvironments/env000002",
      "configuration": {"secrets": null, "triggerType": "manual", "replicaTimeout":
      200, "replicaRetryLimit": 1, "manualTriggerConfig": {"replicaCompletionCount":
      1, "parallelism": 1}, "scheduleTriggerConfig": null, "eventTriggerConfig": null,
      "registries": null, "dapr": null}, "template": {"containers": [{"image": "mcr.microsoft.com/k8se/quickstart:latest",
      "name": "job2000003", "command": null, "args": null, "env": null, "resources":
      {"cpu": 0.25, "memory": "0.5Gi"}, "volumeMounts": null}], "initContainers":
      null, "volumes": null}, "workloadProfileName": null}, "tags": null}'
    headers:
      Accept:
      - '*/*'
      Accept-Encoding:
      - gzip, deflate
      CommandName:
      - containerapp job create
      Connection:
      - keep-alive
      Content-Length:
      - '836'
      Content-Type:
      - application/json
      ParameterSetName:
      - --resource-group --name --environment --replica-timeout --replica-retry-limit
        --trigger-type --replica-completion-count --parallelism --image --cpu --memory
      User-Agent:
      - python/3.10.11 (Windows-10-10.0.22621-SP0) AZURECLI/2.51.0
    method: PUT
    uri: https://management.azure.com/subscriptions/00000000-0000-0000-0000-000000000000/resourceGroups/clitest.rg000001/providers/Microsoft.App/jobs/job2000003?api-version=2023-04-01-preview
  response:
    body:
      string: '{"id":"/subscriptions/00000000-0000-0000-0000-000000000000/resourceGroups/clitest.rg000001/providers/Microsoft.App/jobs/job2000003","name":"job2000003","type":"Microsoft.App/jobs","location":"East
        US","systemData":{"createdBy":"xinyupang@microsoft.com","createdByType":"User","createdAt":"2023-08-03T02:33:40.1077506Z","lastModifiedBy":"xinyupang@microsoft.com","lastModifiedByType":"User","lastModifiedAt":"2023-08-03T02:33:40.1077506Z"},"properties":{"provisioningState":"InProgress","environmentId":"/subscriptions/00000000-0000-0000-0000-000000000000/resourceGroups/clitest.rg000001/providers/Microsoft.App/managedEnvironments/env000002","workloadProfileName":null,"configuration":{"secrets":null,"triggerType":"Manual","replicaTimeout":200,"replicaRetryLimit":1,"manualTriggerConfig":{"replicaCompletionCount":1,"parallelism":1},"scheduleTriggerConfig":null,"eventTriggerConfig":null,"registries":null,"dapr":null},"template":{"containers":[{"image":"mcr.microsoft.com/k8se/quickstart:latest","name":"job2000003","resources":{"cpu":0.25,"memory":"0.5Gi","ephemeralStorage":"1Gi"}}],"initContainers":null,"volumes":null},"eventStreamEndpoint":"https://eastus.azurecontainerapps.dev/subscriptions/00000000-0000-0000-0000-000000000000/resourceGroups/clitest.rg000001/containerApps/job2000003/eventstream"},"identity":{"type":"None"}}'
    headers:
      api-supported-versions:
      - 2022-11-01-preview, 2023-04-01-preview, 2023-05-01, 2023-05-02-preview, 2023-08-01-preview
      azure-asyncoperation:
      - https://management.azure.com/subscriptions/00000000-0000-0000-0000-000000000000/providers/Microsoft.App/locations/eastus/containerappsjobOperationStatuses/0a24e27a-786d-4281-81f9-6ae682efa0c1?api-version=2023-04-01-preview&azureAsyncOperation=true
      cache-control:
      - no-cache
      content-length:
      - '1335'
      content-type:
      - application/json; charset=utf-8
      date:
      - Thu, 03 Aug 2023 02:33:41 GMT
      expires:
      - '-1'
      pragma:
      - no-cache
      server:
      - Microsoft-IIS/10.0
      strict-transport-security:
      - max-age=31536000; includeSubDomains
      x-content-type-options:
      - nosniff
      x-ms-async-operation-timeout:
      - PT15M
      x-ms-ratelimit-remaining-subscription-resource-requests:
      - '499'
      x-powered-by:
      - ASP.NET
    status:
      code: 201
      message: Created
- request:
    body: null
    headers:
      Accept:
      - '*/*'
      Accept-Encoding:
      - gzip, deflate
      CommandName:
      - containerapp job create
      Connection:
      - keep-alive
      ParameterSetName:
      - --resource-group --name --environment --replica-timeout --replica-retry-limit
        --trigger-type --replica-completion-count --parallelism --image --cpu --memory
      User-Agent:
      - python/3.10.11 (Windows-10-10.0.22621-SP0) AZURECLI/2.51.0
    method: GET
    uri: https://management.azure.com/subscriptions/00000000-0000-0000-0000-000000000000/resourceGroups/clitest.rg000001/providers/Microsoft.App/jobs/job2000003?api-version=2023-04-01-preview
  response:
    body:
      string: '{"id":"/subscriptions/00000000-0000-0000-0000-000000000000/resourceGroups/clitest.rg000001/providers/Microsoft.App/jobs/job2000003","name":"job2000003","type":"Microsoft.App/jobs","location":"East
        US","systemData":{"createdBy":"xinyupang@microsoft.com","createdByType":"User","createdAt":"2023-08-03T02:33:40.1077506","lastModifiedBy":"xinyupang@microsoft.com","lastModifiedByType":"User","lastModifiedAt":"2023-08-03T02:33:40.1077506"},"properties":{"provisioningState":"InProgress","environmentId":"/subscriptions/00000000-0000-0000-0000-000000000000/resourceGroups/clitest.rg000001/providers/Microsoft.App/managedEnvironments/env000002","workloadProfileName":null,"configuration":{"secrets":null,"triggerType":"Manual","replicaTimeout":200,"replicaRetryLimit":1,"manualTriggerConfig":{"replicaCompletionCount":1,"parallelism":1},"scheduleTriggerConfig":null,"eventTriggerConfig":null,"registries":null,"dapr":null},"template":{"containers":[{"image":"mcr.microsoft.com/k8se/quickstart:latest","name":"job2000003","resources":{"cpu":0.25,"memory":"0.5Gi","ephemeralStorage":"1Gi"}}],"initContainers":null,"volumes":null},"eventStreamEndpoint":"https://eastus.azurecontainerapps.dev/subscriptions/00000000-0000-0000-0000-000000000000/resourceGroups/clitest.rg000001/containerApps/job2000003/eventstream"},"identity":{"type":"None"}}'
    headers:
      api-supported-versions:
      - 2022-11-01-preview, 2023-04-01-preview, 2023-05-01, 2023-05-02-preview, 2023-08-01-preview
      cache-control:
      - no-cache
      content-length:
      - '1333'
      content-type:
      - application/json; charset=utf-8
      date:
      - Thu, 03 Aug 2023 02:33:43 GMT
      expires:
      - '-1'
      pragma:
      - no-cache
      server:
      - Microsoft-IIS/10.0
      strict-transport-security:
      - max-age=31536000; includeSubDomains
      transfer-encoding:
      - chunked
      vary:
      - Accept-Encoding,Accept-Encoding
      x-content-type-options:
      - nosniff
      x-powered-by:
      - ASP.NET
    status:
      code: 200
      message: OK
- request:
    body: null
    headers:
      Accept:
      - '*/*'
      Accept-Encoding:
      - gzip, deflate
      CommandName:
      - containerapp job create
      Connection:
      - keep-alive
      ParameterSetName:
      - --resource-group --name --environment --replica-timeout --replica-retry-limit
        --trigger-type --replica-completion-count --parallelism --image --cpu --memory
      User-Agent:
      - python/3.10.11 (Windows-10-10.0.22621-SP0) AZURECLI/2.51.0
    method: GET
    uri: https://management.azure.com/subscriptions/00000000-0000-0000-0000-000000000000/resourceGroups/clitest.rg000001/providers/Microsoft.App/jobs/job2000003?api-version=2023-04-01-preview
  response:
    body:
      string: '{"id":"/subscriptions/00000000-0000-0000-0000-000000000000/resourceGroups/clitest.rg000001/providers/Microsoft.App/jobs/job2000003","name":"job2000003","type":"Microsoft.App/jobs","location":"East
        US","systemData":{"createdBy":"xinyupang@microsoft.com","createdByType":"User","createdAt":"2023-08-03T02:33:40.1077506","lastModifiedBy":"xinyupang@microsoft.com","lastModifiedByType":"User","lastModifiedAt":"2023-08-03T02:33:40.1077506"},"properties":{"provisioningState":"InProgress","environmentId":"/subscriptions/00000000-0000-0000-0000-000000000000/resourceGroups/clitest.rg000001/providers/Microsoft.App/managedEnvironments/env000002","workloadProfileName":null,"configuration":{"secrets":null,"triggerType":"Manual","replicaTimeout":200,"replicaRetryLimit":1,"manualTriggerConfig":{"replicaCompletionCount":1,"parallelism":1},"scheduleTriggerConfig":null,"eventTriggerConfig":null,"registries":null,"dapr":null},"template":{"containers":[{"image":"mcr.microsoft.com/k8se/quickstart:latest","name":"job2000003","resources":{"cpu":0.25,"memory":"0.5Gi","ephemeralStorage":"1Gi"}}],"initContainers":null,"volumes":null},"eventStreamEndpoint":"https://eastus.azurecontainerapps.dev/subscriptions/00000000-0000-0000-0000-000000000000/resourceGroups/clitest.rg000001/containerApps/job2000003/eventstream"},"identity":{"type":"None"}}'
    headers:
      api-supported-versions:
      - 2022-11-01-preview, 2023-04-01-preview, 2023-05-01, 2023-05-02-preview, 2023-08-01-preview
      cache-control:
      - no-cache
      content-length:
      - '1333'
      content-type:
      - application/json; charset=utf-8
      date:
      - Thu, 03 Aug 2023 02:33:47 GMT
      expires:
      - '-1'
      pragma:
      - no-cache
      server:
      - Microsoft-IIS/10.0
      strict-transport-security:
      - max-age=31536000; includeSubDomains
      transfer-encoding:
      - chunked
      vary:
      - Accept-Encoding,Accept-Encoding
      x-content-type-options:
      - nosniff
      x-powered-by:
      - ASP.NET
    status:
      code: 200
      message: OK
- request:
    body: null
    headers:
      Accept:
      - '*/*'
      Accept-Encoding:
      - gzip, deflate
      CommandName:
      - containerapp job create
      Connection:
      - keep-alive
      ParameterSetName:
      - --resource-group --name --environment --replica-timeout --replica-retry-limit
        --trigger-type --replica-completion-count --parallelism --image --cpu --memory
      User-Agent:
      - python/3.10.11 (Windows-10-10.0.22621-SP0) AZURECLI/2.51.0
    method: GET
    uri: https://management.azure.com/subscriptions/00000000-0000-0000-0000-000000000000/resourceGroups/clitest.rg000001/providers/Microsoft.App/jobs/job2000003?api-version=2023-04-01-preview
  response:
    body:
      string: '{"id":"/subscriptions/00000000-0000-0000-0000-000000000000/resourceGroups/clitest.rg000001/providers/Microsoft.App/jobs/job2000003","name":"job2000003","type":"Microsoft.App/jobs","location":"East
        US","systemData":{"createdBy":"xinyupang@microsoft.com","createdByType":"User","createdAt":"2023-08-03T02:33:40.1077506","lastModifiedBy":"xinyupang@microsoft.com","lastModifiedByType":"User","lastModifiedAt":"2023-08-03T02:33:40.1077506"},"properties":{"provisioningState":"Succeeded","environmentId":"/subscriptions/00000000-0000-0000-0000-000000000000/resourceGroups/clitest.rg000001/providers/Microsoft.App/managedEnvironments/env000002","workloadProfileName":null,"configuration":{"secrets":null,"triggerType":"Manual","replicaTimeout":200,"replicaRetryLimit":1,"manualTriggerConfig":{"replicaCompletionCount":1,"parallelism":1},"scheduleTriggerConfig":null,"eventTriggerConfig":null,"registries":null,"dapr":null},"template":{"containers":[{"image":"mcr.microsoft.com/k8se/quickstart:latest","name":"job2000003","resources":{"cpu":0.25,"memory":"0.5Gi","ephemeralStorage":"1Gi"}}],"initContainers":null,"volumes":null},"eventStreamEndpoint":"https://eastus.azurecontainerapps.dev/subscriptions/00000000-0000-0000-0000-000000000000/resourceGroups/clitest.rg000001/containerApps/job2000003/eventstream"},"identity":{"type":"None"}}'
    headers:
      api-supported-versions:
      - 2022-11-01-preview, 2023-04-01-preview, 2023-05-01, 2023-05-02-preview, 2023-08-01-preview
      cache-control:
      - no-cache
      content-length:
      - '1332'
      content-type:
      - application/json; charset=utf-8
      date:
      - Thu, 03 Aug 2023 02:33:52 GMT
      expires:
      - '-1'
      pragma:
      - no-cache
      server:
      - Microsoft-IIS/10.0
      strict-transport-security:
      - max-age=31536000; includeSubDomains
      transfer-encoding:
      - chunked
      vary:
      - Accept-Encoding,Accept-Encoding
      x-content-type-options:
      - nosniff
      x-powered-by:
      - ASP.NET
    status:
      code: 200
      message: OK
- request:
    body: null
    headers:
      Accept:
      - application/json
      Accept-Encoding:
      - gzip, deflate
      CommandName:
      - containerapp job show
      Connection:
      - keep-alive
      ParameterSetName:
      - --resource-group --name
      User-Agent:
      - AZURECLI/2.51.0 azsdk-python-azure-mgmt-resource/23.1.0b2 Python/3.10.11 (Windows-10-10.0.22621-SP0)
    method: GET
    uri: https://management.azure.com/subscriptions/00000000-0000-0000-0000-000000000000/providers/Microsoft.App?api-version=2022-09-01
  response:
    body:
      string: '{"id":"/subscriptions/00000000-0000-0000-0000-000000000000/providers/Microsoft.App","namespace":"Microsoft.App","authorizations":[{"applicationId":"7e3bc4fd-85a3-4192-b177-5b8bfc87f42c","roleDefinitionId":"39a74f72-b40f-4bdc-b639-562fe2260bf0"},{"applicationId":"3734c1a4-2bed-4998-a37a-ff1a9e7bf019","roleDefinitionId":"5c779a4f-5cb2-4547-8c41-478d9be8ba90"},{"applicationId":"55ebbb62-3b9c-49fd-9b87-9595226dd4ac","roleDefinitionId":"e49ca620-7992-4561-a7df-4ed67dad77b5","managedByRoleDefinitionId":"9e3af657-a8ff-583c-a75c-2fe7c4bcb635"}],"resourceTypes":[{"resourceType":"operations","locations":["North
        Central US (Stage)","Central US EUAP","East US 2 EUAP","West US 2","Southeast
        Asia","Sweden Central","Canada Central","West Europe","North Europe","East
        US","East US 2","East Asia","Australia East","Germany West Central","Japan
        East","UK South","West US","Central US","North Central US","South Central
        US","Korea Central","Brazil South","West US 3","France Central","South Africa
        North","Norway East","Switzerland North","UAE North"],"apiVersions":["2023-04-01-preview","2023-02-01","2022-11-01-preview","2022-10-01","2022-06-01-preview","2022-03-01","2022-01-01-preview"],"defaultApiVersion":"2023-04-01-preview","capabilities":"None"},{"resourceType":"managedEnvironments","locations":["Central
        US EUAP","East US 2 EUAP","North Central US (Stage)","West US 2","Southeast
        Asia","Sweden Central","Canada Central","West Europe","North Europe","East
        US","East US 2","East Asia","Australia East","Germany West Central","Japan
        East","UK South","West US","Central US","North Central US","South Central
        US","Korea Central","Brazil South","West US 3","France Central","South Africa
        North","Norway East","Switzerland North","UAE North"],"apiVersions":["2023-05-02-preview","2023-05-01","2023-04-01-preview","2022-11-01-preview","2022-10-01","2022-06-01-preview","2022-03-01","2022-01-01-preview"],"defaultApiVersion":"2023-04-01-preview","capabilities":"CrossResourceGroupResourceMove,
        CrossSubscriptionResourceMove, SupportsTags, SupportsLocation"},{"resourceType":"managedEnvironments/certificates","locations":["Central
        US EUAP","East US 2 EUAP","North Central US (Stage)","West US 2","Southeast
        Asia","Sweden Central","Canada Central","West Europe","North Europe","East
        US","East US 2","East Asia","Australia East","Germany West Central","Japan
        East","UK South","West US","Central US","North Central US","South Central
        US","Korea Central","Brazil South","West US 3","France Central","South Africa
        North","Norway East","Switzerland North","UAE North"],"apiVersions":["2023-05-02-preview","2023-05-01","2023-04-01-preview","2022-11-01-preview","2022-10-01","2022-06-01-preview","2022-03-01","2022-01-01-preview"],"defaultApiVersion":"2023-04-01-preview","capabilities":"CrossResourceGroupResourceMove,
        CrossSubscriptionResourceMove, SupportsTags, SupportsLocation"},{"resourceType":"managedEnvironments/managedCertificates","locations":["Central
        US EUAP","East US 2 EUAP","North Central US (Stage)","West US 2","Southeast
        Asia","Sweden Central","Canada Central","West Europe","North Europe","East
        US","East US 2","East Asia","Australia East","Germany West Central","Japan
        East","UK South","West US","Central US","North Central US","South Central
        US","Korea Central","Brazil South","West US 3","France Central","South Africa
        North","Norway East","Switzerland North","UAE North"],"apiVersions":["2023-05-02-preview","2023-05-01","2023-04-01-preview","2022-11-01-preview"],"defaultApiVersion":"2023-04-01-preview","capabilities":"CrossResourceGroupResourceMove,
        CrossSubscriptionResourceMove, SupportsTags, SupportsLocation"},{"resourceType":"containerApps","locations":["Central
        US EUAP","East US 2 EUAP","North Central US (Stage)","West US 2","Southeast
        Asia","Sweden Central","Canada Central","West Europe","North Europe","East
        US","East US 2","East Asia","Australia East","Germany West Central","Japan
        East","UK South","West US","Central US","North Central US","South Central
        US","Korea Central","Brazil South","West US 3","France Central","South Africa
        North","Norway East","Switzerland North","UAE North"],"apiVersions":["2023-05-02-preview","2023-05-01","2023-04-01-preview","2022-11-01-preview","2022-10-01","2022-06-01-preview","2022-03-01","2022-01-01-preview"],"defaultApiVersion":"2023-04-01-preview","capabilities":"CrossResourceGroupResourceMove,
        CrossSubscriptionResourceMove, SystemAssignedResourceIdentity, SupportsTags,
        SupportsLocation"},{"resourceType":"jobs","locations":["Central US EUAP","East
        US 2 EUAP","North Central US (Stage)","West US 2","Southeast Asia","Sweden
        Central","Canada Central","West Europe","North Europe","East US","East US
        2","East Asia","Australia East","Germany West Central","Japan East","UK South","West
        US","Central US","North Central US","South Central US","Korea Central","Brazil
        South","West US 3","France Central","South Africa North","Norway East","Switzerland
        North","UAE North"],"apiVersions":["2023-05-02-preview","2023-05-01","2023-04-01-preview","2022-11-01-preview"],"defaultApiVersion":"2023-04-01-preview","capabilities":"CrossResourceGroupResourceMove,
        CrossSubscriptionResourceMove, SystemAssignedResourceIdentity, SupportsTags,
        SupportsLocation"},{"resourceType":"locations","locations":[],"apiVersions":["2023-05-02-preview","2023-05-01","2023-04-01-preview","2022-11-01-preview","2022-10-01","2022-06-01-preview","2022-03-01","2022-01-01-preview"],"defaultApiVersion":"2023-04-01-preview","capabilities":"None"},{"resourceType":"locations/managedEnvironmentOperationResults","locations":["Central
        US EUAP","East US 2 EUAP","North Central US (Stage)","West US 2","Southeast
        Asia","Sweden Central","Canada Central","West Europe","North Europe","East
        US","East US 2","East Asia","Australia East","Germany West Central","Japan
        East","UK South","West US","Central US","North Central US","South Central
        US","Korea Central","Brazil South","West US 3","France Central","South Africa
        North","Norway East","Switzerland North","UAE North"],"apiVersions":["2023-05-02-preview","2023-05-01","2023-04-01-preview","2022-11-01-preview","2022-10-01","2022-06-01-preview","2022-03-01","2022-01-01-preview"],"defaultApiVersion":"2023-04-01-preview","capabilities":"None"},{"resourceType":"locations/managedEnvironmentOperationStatuses","locations":["Central
        US EUAP","East US 2 EUAP","North Central US (Stage)","West US 2","Southeast
        Asia","Sweden Central","Canada Central","West Europe","North Europe","East
        US","East US 2","East Asia","Australia East","Germany West Central","Japan
        East","UK South","West US","Central US","North Central US","South Central
        US","Korea Central","Brazil South","West US 3","France Central","South Africa
        North","Norway East","Switzerland North","UAE North"],"apiVersions":["2023-05-02-preview","2023-05-01","2023-04-01-preview","2022-11-01-preview","2022-10-01","2022-06-01-preview","2022-03-01","2022-01-01-preview"],"defaultApiVersion":"2023-04-01-preview","capabilities":"None"},{"resourceType":"locations/containerappOperationResults","locations":["Central
        US EUAP","East US 2 EUAP","North Central US (Stage)","West US 2","Southeast
        Asia","Sweden Central","Canada Central","West Europe","North Europe","East
        US","East US 2","East Asia","Australia East","Germany West Central","Japan
        East","UK South","West US","Central US","North Central US","South Central
        US","Korea Central","Brazil South","West US 3","France Central","South Africa
        North","Norway East","Switzerland North","UAE North"],"apiVersions":["2023-05-02-preview","2023-05-01","2023-04-01-preview","2022-11-01-preview","2022-10-01","2022-06-01-preview","2022-03-01","2022-01-01-preview"],"defaultApiVersion":"2023-04-01-preview","capabilities":"None"},{"resourceType":"locations/containerappOperationStatuses","locations":["Central
        US EUAP","East US 2 EUAP","North Central US (Stage)","West US 2","Southeast
        Asia","Sweden Central","Canada Central","West Europe","North Europe","East
        US","East US 2","East Asia","Australia East","Germany West Central","Japan
        East","UK South","West US","Central US","North Central US","South Central
        US","Korea Central","Brazil South","West US 3","France Central","South Africa
        North","Norway East","Switzerland North","UAE North"],"apiVersions":["2023-05-02-preview","2023-05-01","2023-04-01-preview","2022-11-01-preview","2022-10-01","2022-06-01-preview","2022-03-01","2022-01-01-preview"],"defaultApiVersion":"2023-04-01-preview","capabilities":"None"},{"resourceType":"locations/containerappsjobOperationResults","locations":["Central
        US EUAP","East US 2 EUAP","North Central US (Stage)","West US 2","Southeast
        Asia","Sweden Central","Canada Central","West Europe","North Europe","East
        US","East US 2","East Asia","Australia East","Germany West Central","Japan
        East","UK South","West US","Central US","North Central US","South Central
        US","Korea Central","Brazil South","West US 3","France Central","South Africa
        North","Norway East","Switzerland North","UAE North"],"apiVersions":["2023-05-02-preview","2023-05-01","2023-04-01-preview","2022-11-01-preview"],"defaultApiVersion":"2023-04-01-preview","capabilities":"None"},{"resourceType":"locations/containerappsjobOperationStatuses","locations":["Central
        US EUAP","East US 2 EUAP","North Central US (Stage)","West US 2","Southeast
        Asia","Sweden Central","Canada Central","West Europe","North Europe","East
        US","East US 2","East Asia","Australia East","Germany West Central","Japan
        East","UK South","West US","Central US","North Central US","South Central
        US","Korea Central","Brazil South","West US 3","France Central","South Africa
        North","Norway East","Switzerland North","UAE North"],"apiVersions":["2023-05-02-preview","2023-05-01","2023-04-01-preview","2022-11-01-preview"],"defaultApiVersion":"2023-04-01-preview","capabilities":"None"},{"resourceType":"connectedEnvironments","locations":["Central
        US EUAP","East US 2 EUAP","North Central US (Stage)","North Central US","East
        US","East Asia","West Europe"],"apiVersions":["2023-04-01-preview","2022-11-01-preview","2022-10-01","2022-06-01-preview"],"defaultApiVersion":"2023-04-01-preview","capabilities":"CrossResourceGroupResourceMove,
        CrossSubscriptionResourceMove, SupportsTags, SupportsLocation"},{"resourceType":"connectedEnvironments/certificates","locations":["Central
        US EUAP","East US 2 EUAP","North Central US (Stage)","North Central US","East
        US","East Asia","West Europe"],"apiVersions":["2023-04-01-preview","2022-11-01-preview","2022-10-01","2022-06-01-preview"],"defaultApiVersion":"2023-04-01-preview","capabilities":"CrossResourceGroupResourceMove,
        CrossSubscriptionResourceMove, SupportsTags, SupportsLocation"},{"resourceType":"locations/connectedEnvironmentOperationResults","locations":["Central
        US EUAP","East US 2 EUAP","North Central US (Stage)","North Central US","East
        US","East Asia","West Europe"],"apiVersions":["2023-04-01-preview","2022-11-01-preview","2022-10-01","2022-06-01-preview"],"defaultApiVersion":"2023-04-01-preview","capabilities":"None"},{"resourceType":"locations/connectedEnvironmentOperationStatuses","locations":["Central
        US EUAP","East US 2 EUAP","North Central US (Stage)","North Central US","East
        US","East Asia","West Europe"],"apiVersions":["2023-04-01-preview","2022-11-01-preview","2022-10-01","2022-06-01-preview"],"defaultApiVersion":"2023-04-01-preview","capabilities":"None"},{"resourceType":"locations/managedCertificateOperationStatuses","locations":["Central
        US EUAP","East US 2 EUAP","North Central US (Stage)","West US 2","Southeast
        Asia","Sweden Central","Canada Central","West Europe","North Europe","East
        US","East US 2","East Asia","Australia East","Germany West Central","Japan
        East","UK South","West US","Central US","North Central US","South Central
        US","Korea Central","Brazil South","West US 3","France Central","South Africa
        North","Norway East","Switzerland North","UAE North"],"apiVersions":["2023-05-02-preview","2023-05-01","2023-04-01-preview","2022-11-01-preview"],"defaultApiVersion":"2023-04-01-preview","capabilities":"None"},{"resourceType":"locations/billingMeters","locations":["Central
        US EUAP","East US 2 EUAP","North Central US (Stage)","West US 2","Southeast
        Asia","Sweden Central","Canada Central","West Europe","North Europe","East
        US","East US 2","East Asia","Australia East","Germany West Central","Japan
        East","UK South","West US","Central US","North Central US","South Central
        US","Korea Central","Brazil South","West US 3","France Central","South Africa
        North","Norway East","Switzerland North","UAE North"],"apiVersions":["2023-05-02-preview","2023-05-01","2023-04-01-preview","2022-11-01-preview","2022-10-01","2022-06-01-preview","2022-01-01-preview"],"defaultApiVersion":"2023-04-01-preview","capabilities":"None"},{"resourceType":"locations/availableManagedEnvironmentsWorkloadProfileTypes","locations":["Central
        US EUAP","East US 2 EUAP","North Central US (Stage)","West US 2","Southeast
        Asia","Sweden Central","Canada Central","West Europe","North Europe","East
        US","East US 2","East Asia","Australia East","Germany West Central","Japan
        East","UK South","West US","Central US","North Central US","South Central
        US","Korea Central","Brazil South","West US 3","France Central","South Africa
        North","Norway East","Switzerland North","UAE North"],"apiVersions":["2023-05-02-preview","2023-05-01","2023-04-01-preview","2022-11-01-preview","2022-10-01","2022-06-01-preview"],"defaultApiVersion":"2023-04-01-preview","capabilities":"None"}],"registrationState":"Registered","registrationPolicy":"RegistrationRequired"}'
    headers:
      cache-control:
      - no-cache
      content-length:
      - '13505'
      content-type:
      - application/json; charset=utf-8
      date:
      - Thu, 03 Aug 2023 02:33:53 GMT
      expires:
      - '-1'
      pragma:
      - no-cache
      strict-transport-security:
      - max-age=31536000; includeSubDomains
      vary:
      - Accept-Encoding
      x-content-type-options:
      - nosniff
    status:
      code: 200
      message: OK
- request:
    body: null
    headers:
      Accept:
      - '*/*'
      Accept-Encoding:
      - gzip, deflate
      CommandName:
      - containerapp job show
      Connection:
      - keep-alive
      ParameterSetName:
      - --resource-group --name
      User-Agent:
      - python/3.10.11 (Windows-10-10.0.22621-SP0) AZURECLI/2.51.0
    method: GET
    uri: https://management.azure.com/subscriptions/00000000-0000-0000-0000-000000000000/resourceGroups/clitest.rg000001/providers/Microsoft.App/jobs/job2000003?api-version=2023-04-01-preview
  response:
    body:
      string: '{"id":"/subscriptions/00000000-0000-0000-0000-000000000000/resourceGroups/clitest.rg000001/providers/Microsoft.App/jobs/job2000003","name":"job2000003","type":"Microsoft.App/jobs","location":"East
        US","systemData":{"createdBy":"xinyupang@microsoft.com","createdByType":"User","createdAt":"2023-08-03T02:33:40.1077506","lastModifiedBy":"xinyupang@microsoft.com","lastModifiedByType":"User","lastModifiedAt":"2023-08-03T02:33:40.1077506"},"properties":{"provisioningState":"Succeeded","environmentId":"/subscriptions/00000000-0000-0000-0000-000000000000/resourceGroups/clitest.rg000001/providers/Microsoft.App/managedEnvironments/env000002","workloadProfileName":null,"configuration":{"secrets":null,"triggerType":"Manual","replicaTimeout":200,"replicaRetryLimit":1,"manualTriggerConfig":{"replicaCompletionCount":1,"parallelism":1},"scheduleTriggerConfig":null,"eventTriggerConfig":null,"registries":null,"dapr":null},"template":{"containers":[{"image":"mcr.microsoft.com/k8se/quickstart:latest","name":"job2000003","resources":{"cpu":0.25,"memory":"0.5Gi","ephemeralStorage":"1Gi"}}],"initContainers":null,"volumes":null},"eventStreamEndpoint":"https://eastus.azurecontainerapps.dev/subscriptions/00000000-0000-0000-0000-000000000000/resourceGroups/clitest.rg000001/containerApps/job2000003/eventstream"},"identity":{"type":"None"}}'
    headers:
      api-supported-versions:
      - 2022-11-01-preview, 2023-04-01-preview, 2023-05-01, 2023-05-02-preview, 2023-08-01-preview
      cache-control:
      - no-cache
      content-length:
      - '1332'
      content-type:
      - application/json; charset=utf-8
      date:
      - Thu, 03 Aug 2023 02:33:54 GMT
      expires:
      - '-1'
      pragma:
      - no-cache
      server:
      - Microsoft-IIS/10.0
      strict-transport-security:
      - max-age=31536000; includeSubDomains
      transfer-encoding:
      - chunked
      vary:
      - Accept-Encoding,Accept-Encoding
      x-content-type-options:
      - nosniff
      x-powered-by:
      - ASP.NET
    status:
      code: 200
      message: OK
- request:
    body: null
    headers:
      Accept:
      - '*/*'
      Accept-Encoding:
      - gzip, deflate
      CommandName:
      - containerapp job start
      Connection:
      - keep-alive
      Content-Length:
      - '0'
      ParameterSetName:
      - --resource-group --name
      User-Agent:
      - python/3.10.11 (Windows-10-10.0.22621-SP0) AZURECLI/2.51.0
    method: POST
    uri: https://management.azure.com/subscriptions/00000000-0000-0000-0000-000000000000/resourceGroups/clitest.rg000001/providers/Microsoft.App/jobs/job2000003/start?api-version=2023-04-01-preview
  response:
    body:
      string: '{"id":"/subscriptions/00000000-0000-0000-0000-000000000000/resourceGroups/clitest.rg000001/providers/Microsoft.App/jobs/job2000003/executions/job2000003-nd636ji","name":"job2000003-nd636ji"}'
    headers:
      api-supported-versions:
      - 2022-11-01-preview, 2023-04-01-preview, 2023-05-01, 2023-05-02-preview, 2023-08-01-preview
      cache-control:
      - no-cache
      content-length:
      - '190'
      content-type:
      - application/json; charset=utf-8
      date:
      - Thu, 03 Aug 2023 02:33:56 GMT
      expires:
      - '-1'
      pragma:
      - no-cache
      server:
      - Microsoft-IIS/10.0
      strict-transport-security:
      - max-age=31536000; includeSubDomains
      transfer-encoding:
      - chunked
      vary:
      - Accept-Encoding,Accept-Encoding
      x-content-type-options:
      - nosniff
      x-ms-ratelimit-remaining-subscription-writes:
      - '1199'
      x-powered-by:
      - ASP.NET
    status:
      code: 200
      message: OK
- request:
    body: null
    headers:
      Accept:
      - '*/*'
      Accept-Encoding:
      - gzip, deflate
      CommandName:
      - containerapp job execution list
      Connection:
      - keep-alive
      ParameterSetName:
      - --resource-group --name
      User-Agent:
      - python/3.10.11 (Windows-10-10.0.22621-SP0) AZURECLI/2.51.0
    method: GET
    uri: https://management.azure.com/subscriptions/00000000-0000-0000-0000-000000000000/resourceGroups/clitest.rg000001/providers/Microsoft.App/jobs/job2000003/executions?api-version=2023-04-01-preview
  response:
    body:
      string: '{"value":[{"id":"/subscriptions/00000000-0000-0000-0000-000000000000/resourceGroups/clitest.rg000001/providers/Microsoft.App/jobs/job2000003/executions/job2000003-nd636ji","name":"job2000003-nd636ji","type":"Microsoft.App/jobs/executions","properties":{"status":"Running","startTime":"2023-08-03T02:33:57+00:00","template":{"containers":[{"image":"mcr.microsoft.com/k8se/quickstart:latest","name":"job2000003","resources":{"cpu":0.250,"memory":"0.5Gi"}}],"initContainers":[]}}}]}'
    headers:
      api-supported-versions:
      - 2022-11-01-preview, 2023-04-01-preview, 2023-05-01, 2023-05-02-preview, 2023-08-01-preview
      cache-control:
      - no-cache
      content-length:
      - '479'
      content-type:
      - application/json; charset=utf-8
      date:
      - Thu, 03 Aug 2023 02:33:58 GMT
      expires:
      - '-1'
      pragma:
      - no-cache
      server:
      - Microsoft-IIS/10.0
      strict-transport-security:
      - max-age=31536000; includeSubDomains
      transfer-encoding:
      - chunked
      vary:
      - Accept-Encoding,Accept-Encoding
      x-content-type-options:
      - nosniff
      x-powered-by:
      - ASP.NET
    status:
      code: 200
      message: OK
- request:
    body: null
    headers:
      Accept:
      - '*/*'
      Accept-Encoding:
      - gzip, deflate
      CommandName:
      - containerapp job execution show
      Connection:
      - keep-alive
      ParameterSetName:
      - --resource-group --name --job-execution-name
      User-Agent:
      - python/3.10.11 (Windows-10-10.0.22621-SP0) AZURECLI/2.51.0
    method: GET
    uri: https://management.azure.com/subscriptions/00000000-0000-0000-0000-000000000000/resourceGroups/clitest.rg000001/providers/Microsoft.App/jobs/job2000003/executions/job2000003-nd636ji?api-version=2023-04-01-preview
  response:
    body:
      string: '{"id":"/subscriptions/00000000-0000-0000-0000-000000000000/resourceGroups/clitest.rg000001/providers/Microsoft.App/jobs/job2000003/executions/job2000003-nd636ji","name":"job2000003-nd636ji","type":"Microsoft.App/jobs/executions","properties":{"status":"Running","startTime":"2023-08-03T02:33:57+00:00","template":{"containers":[{"image":"mcr.microsoft.com/k8se/quickstart:latest","name":"job2000003","resources":{"cpu":0.250,"memory":"0.5Gi"}}],"initContainers":[]}}}'
    headers:
      api-supported-versions:
      - 2022-11-01-preview, 2023-04-01-preview, 2023-05-01, 2023-05-02-preview, 2023-08-01-preview
      cache-control:
      - no-cache
      content-length:
      - '467'
      content-type:
      - application/json; charset=utf-8
      date:
      - Thu, 03 Aug 2023 02:34:00 GMT
      expires:
      - '-1'
      pragma:
      - no-cache
      server:
      - Microsoft-IIS/10.0
      strict-transport-security:
      - max-age=31536000; includeSubDomains
      transfer-encoding:
      - chunked
      vary:
      - Accept-Encoding,Accept-Encoding
      x-content-type-options:
      - nosniff
      x-powered-by:
      - ASP.NET
    status:
      code: 200
      message: OK
- request:
    body: null
    headers:
      Accept:
      - '*/*'
      Accept-Encoding:
      - gzip, deflate
      CommandName:
      - containerapp job start
      Connection:
      - keep-alive
      Content-Length:
      - '0'
      ParameterSetName:
      - --resource-group --name
      User-Agent:
      - python/3.10.11 (Windows-10-10.0.22621-SP0) AZURECLI/2.51.0
    method: POST
    uri: https://management.azure.com/subscriptions/00000000-0000-0000-0000-000000000000/resourceGroups/clitest.rg000001/providers/Microsoft.App/jobs/job2000003/start?api-version=2023-04-01-preview
  response:
    body:
      string: '{"id":"/subscriptions/00000000-0000-0000-0000-000000000000/resourceGroups/clitest.rg000001/providers/Microsoft.App/jobs/job2000003/executions/job2000003-72dht9b","name":"job2000003-72dht9b"}'
    headers:
      api-supported-versions:
      - 2022-11-01-preview, 2023-04-01-preview, 2023-05-01, 2023-05-02-preview, 2023-08-01-preview
      cache-control:
      - no-cache
      content-length:
      - '190'
      content-type:
      - application/json; charset=utf-8
      date:
      - Thu, 03 Aug 2023 02:34:03 GMT
      expires:
      - '-1'
      pragma:
      - no-cache
      server:
      - Microsoft-IIS/10.0
      strict-transport-security:
      - max-age=31536000; includeSubDomains
      transfer-encoding:
      - chunked
      vary:
      - Accept-Encoding,Accept-Encoding
      x-content-type-options:
      - nosniff
      x-ms-ratelimit-remaining-subscription-writes:
      - '1199'
      x-powered-by:
      - ASP.NET
    status:
      code: 200
      message: OK
- request:
    body: 'null'
    headers:
      Accept:
      - '*/*'
      Accept-Encoding:
      - gzip, deflate
      CommandName:
      - containerapp job stop
      Connection:
      - keep-alive
      Content-Length:
      - '4'
      Content-Type:
      - application/json
      ParameterSetName:
      - --resource-group --name --job-execution-name
      User-Agent:
      - python/3.10.11 (Windows-10-10.0.22621-SP0) AZURECLI/2.51.0
    method: POST
    uri: https://management.azure.com/subscriptions/00000000-0000-0000-0000-000000000000/resourceGroups/clitest.rg000001/providers/Microsoft.App/jobs/job2000003/stop/job2000003-72dht9b?api-version=2023-04-01-preview
  response:
    body:
      string: '"Job Execution: job2000003-72dht9b, stopped successfully."'
    headers:
      api-supported-versions:
      - 2022-11-01-preview, 2023-04-01-preview, 2023-05-01, 2023-05-02-preview, 2023-08-01-preview
      cache-control:
      - no-cache
      content-length:
      - '58'
      content-type:
      - application/json; charset=utf-8
      date:
      - Thu, 03 Aug 2023 02:34:04 GMT
      expires:
      - '-1'
      pragma:
      - no-cache
      server:
      - Microsoft-IIS/10.0
      strict-transport-security:
      - max-age=31536000; includeSubDomains
      transfer-encoding:
      - chunked
      vary:
      - Accept-Encoding,Accept-Encoding
      x-content-type-options:
      - nosniff
      x-ms-ratelimit-remaining-subscription-writes:
      - '1198'
      x-powered-by:
      - ASP.NET
    status:
      code: 200
      message: OK
- request:
    body: null
    headers:
      Accept:
      - '*/*'
      Accept-Encoding:
      - gzip, deflate
      CommandName:
      - containerapp job execution show
      Connection:
      - keep-alive
      ParameterSetName:
      - --resource-group --name --job-execution-name
      User-Agent:
      - python/3.10.11 (Windows-10-10.0.22621-SP0) AZURECLI/2.51.0
    method: GET
    uri: https://management.azure.com/subscriptions/00000000-0000-0000-0000-000000000000/resourceGroups/clitest.rg000001/providers/Microsoft.App/jobs/job2000003/executions/job2000003-72dht9b?api-version=2023-04-01-preview
  response:
    body:
      string: '{"id":"/subscriptions/00000000-0000-0000-0000-000000000000/resourceGroups/clitest.rg000001/providers/Microsoft.App/jobs/job2000003/executions/job2000003-72dht9b","name":"job2000003-72dht9b","type":"Microsoft.App/jobs/executions","properties":{"status":"Stopped","startTime":"2023-08-03T02:34:04+00:00","template":{"containers":[{"image":"mcr.microsoft.com/k8se/quickstart:latest","name":"job2000003","resources":{"cpu":0.250,"memory":"0.5Gi"}}],"initContainers":[]}}}'
    headers:
      api-supported-versions:
      - 2022-11-01-preview, 2023-04-01-preview, 2023-05-01, 2023-05-02-preview, 2023-08-01-preview
      cache-control:
      - no-cache
      content-length:
      - '467'
      content-type:
      - application/json; charset=utf-8
      date:
      - Thu, 03 Aug 2023 02:34:05 GMT
      expires:
      - '-1'
      pragma:
      - no-cache
      server:
      - Microsoft-IIS/10.0
      strict-transport-security:
      - max-age=31536000; includeSubDomains
      transfer-encoding:
      - chunked
      vary:
      - Accept-Encoding,Accept-Encoding
      x-content-type-options:
      - nosniff
      x-powered-by:
      - ASP.NET
    status:
      code: 200
      message: OK
version: 1
