interactions:
- request:
    body: null
    headers:
      Accept:
      - application/json
      Accept-Encoding:
      - gzip, deflate
      CommandName:
      - containerapp env show
      Connection:
      - keep-alive
      ParameterSetName:
      - -g -n
      User-Agent:
      - AZURECLI/2.53.0 azsdk-python-azure-mgmt-resource/23.1.0b2 Python/3.10.11 (Windows-10-10.0.22621-SP0)
    method: GET
    uri: https://management.azure.com/subscriptions/00000000-0000-0000-0000-000000000000/providers/Microsoft.App?api-version=2022-09-01
  response:
    body:
      string: '{"id":"/subscriptions/00000000-0000-0000-0000-000000000000/providers/Microsoft.App","namespace":"Microsoft.App","authorizations":[{"applicationId":"7e3bc4fd-85a3-4192-b177-5b8bfc87f42c","roleDefinitionId":"39a74f72-b40f-4bdc-b639-562fe2260bf0"},{"applicationId":"3734c1a4-2bed-4998-a37a-ff1a9e7bf019","roleDefinitionId":"5c779a4f-5cb2-4547-8c41-478d9be8ba90"},{"applicationId":"55ebbb62-3b9c-49fd-9b87-9595226dd4ac","roleDefinitionId":"e49ca620-7992-4561-a7df-4ed67dad77b5","managedByRoleDefinitionId":"9e3af657-a8ff-583c-a75c-2fe7c4bcb635"}],"resourceTypes":[{"resourceType":"operations","locations":["North
        Central US (Stage)","Central US EUAP","East US 2 EUAP","West US 2","Southeast
        Asia","Sweden Central","Canada Central","West Europe","North Europe","East
        US","East US 2","East Asia","Australia East","Germany West Central","Japan
        East","UK South","West US","Central US","North Central US","South Central
        US","Korea Central","Brazil South","West US 3","France Central","South Africa
        North","Norway East","Switzerland North","UAE North","Canada East","West Central
        US","UK West","Central India"],"apiVersions":["2023-05-02-preview","2023-05-01","2023-04-01-preview","2023-02-01","2022-11-01-preview","2022-10-01","2022-06-01-preview","2022-03-01"],"defaultApiVersion":"2023-05-01","capabilities":"None"},{"resourceType":"managedEnvironments","locations":["Central
        US EUAP","East US 2 EUAP","North Central US (Stage)","West US 2","Southeast
        Asia","Sweden Central","Canada Central","West Europe","North Europe","East
        US","East US 2","East Asia","Australia East","Germany West Central","Japan
        East","UK South","West US","Central US","North Central US","South Central
        US","Korea Central","Brazil South","West US 3","France Central","South Africa
        North","Norway East","Switzerland North","UAE North","Canada East","West Central
        US","UK West","Central India","Switzerland West"],"apiVersions":["2023-08-01-preview","2023-05-02-preview","2023-05-01","2023-04-01-preview","2022-11-01-preview","2022-10-01","2022-06-01-preview","2022-03-01"],"defaultApiVersion":"2023-05-01","capabilities":"CrossResourceGroupResourceMove,
        CrossSubscriptionResourceMove, SupportsTags, SupportsLocation"},{"resourceType":"managedEnvironments/certificates","locations":["Central
        US EUAP","East US 2 EUAP","North Central US (Stage)","West US 2","Southeast
        Asia","Sweden Central","Canada Central","West Europe","North Europe","East
        US","East US 2","East Asia","Australia East","Germany West Central","Japan
        East","UK South","West US","Central US","North Central US","South Central
        US","Korea Central","Brazil South","West US 3","France Central","South Africa
        North","Norway East","Switzerland North","UAE North","Canada East","West Central
        US","UK West","Central India","Switzerland West"],"apiVersions":["2023-08-01-preview","2023-05-02-preview","2023-05-01","2023-04-01-preview","2022-11-01-preview","2022-10-01","2022-06-01-preview","2022-03-01"],"defaultApiVersion":"2023-05-01","capabilities":"CrossResourceGroupResourceMove,
        CrossSubscriptionResourceMove, SupportsTags, SupportsLocation"},{"resourceType":"managedEnvironments/managedCertificates","locations":["Central
        US EUAP","East US 2 EUAP","North Central US (Stage)","West US 2","Southeast
        Asia","Sweden Central","Canada Central","West Europe","North Europe","East
        US","East US 2","East Asia","Australia East","Germany West Central","Japan
        East","UK South","West US","Central US","North Central US","South Central
        US","Korea Central","Brazil South","West US 3","France Central","South Africa
        North","Norway East","Switzerland North","UAE North","Canada East","West Central
        US","UK West","Central India","Switzerland West"],"apiVersions":["2023-08-01-preview","2023-05-02-preview","2023-05-01","2023-04-01-preview","2022-11-01-preview"],"defaultApiVersion":"2023-05-01","capabilities":"CrossResourceGroupResourceMove,
        CrossSubscriptionResourceMove, SupportsTags, SupportsLocation"},{"resourceType":"containerApps","locations":["Central
        US EUAP","East US 2 EUAP","North Central US (Stage)","West US 2","Southeast
        Asia","Sweden Central","Canada Central","West Europe","North Europe","East
        US","East US 2","East Asia","Australia East","Germany West Central","Japan
        East","UK South","West US","Central US","North Central US","South Central
        US","Korea Central","Brazil South","West US 3","France Central","South Africa
        North","Norway East","Switzerland North","UAE North","Canada East","West Central
        US","UK West","Central India","Switzerland West"],"apiVersions":["2023-08-01-preview","2023-05-02-preview","2023-05-01","2023-04-01-preview","2022-11-01-preview","2022-10-01","2022-06-01-preview","2022-03-01"],"defaultApiVersion":"2023-05-01","capabilities":"CrossResourceGroupResourceMove,
        CrossSubscriptionResourceMove, SystemAssignedResourceIdentity, SupportsTags,
        SupportsLocation"},{"resourceType":"jobs","locations":["Central US EUAP","East
        US 2 EUAP","North Central US (Stage)","West US 2","Southeast Asia","Sweden
        Central","Canada Central","West Europe","North Europe","East US","East US
        2","East Asia","Australia East","Germany West Central","Japan East","UK South","West
        US","Central US","North Central US","South Central US","Korea Central","Brazil
        South","West US 3","France Central","South Africa North","Norway East","Switzerland
        North","UAE North","Canada East","West Central US","UK West","Central India","Switzerland
        West"],"apiVersions":["2023-08-01-preview","2023-05-02-preview","2023-05-01","2023-04-01-preview","2022-11-01-preview"],"defaultApiVersion":"2023-05-01","capabilities":"CrossResourceGroupResourceMove,
        CrossSubscriptionResourceMove, SystemAssignedResourceIdentity, SupportsTags,
        SupportsLocation"},{"resourceType":"locations","locations":[],"apiVersions":["2023-08-01-preview","2023-05-02-preview","2023-05-01","2023-04-01-preview","2022-11-01-preview","2022-10-01","2022-06-01-preview","2022-03-01"],"defaultApiVersion":"2023-05-01","capabilities":"None"},{"resourceType":"locations/managedEnvironmentOperationResults","locations":["Central
        US EUAP","East US 2 EUAP","North Central US (Stage)","West US 2","Southeast
        Asia","Sweden Central","Canada Central","West Europe","North Europe","East
        US","East US 2","East Asia","Australia East","Germany West Central","Japan
        East","UK South","West US","Central US","North Central US","South Central
        US","Korea Central","Brazil South","West US 3","France Central","South Africa
        North","Norway East","Switzerland North","UAE North","Canada East","West Central
        US","UK West","Central India","Switzerland West"],"apiVersions":["2023-08-01-preview","2023-05-02-preview","2023-05-01","2023-04-01-preview","2022-11-01-preview","2022-10-01","2022-06-01-preview","2022-03-01"],"defaultApiVersion":"2023-05-01","capabilities":"None"},{"resourceType":"locations/managedEnvironmentOperationStatuses","locations":["Central
        US EUAP","East US 2 EUAP","North Central US (Stage)","West US 2","Southeast
        Asia","Sweden Central","Canada Central","West Europe","North Europe","East
        US","East US 2","East Asia","Australia East","Germany West Central","Japan
        East","UK South","West US","Central US","North Central US","South Central
        US","Korea Central","Brazil South","West US 3","France Central","South Africa
        North","Norway East","Switzerland North","UAE North","Canada East","West Central
        US","UK West","Central India","Switzerland West"],"apiVersions":["2023-08-01-preview","2023-05-02-preview","2023-05-01","2023-04-01-preview","2022-11-01-preview","2022-10-01","2022-06-01-preview","2022-03-01"],"defaultApiVersion":"2023-05-01","capabilities":"None"},{"resourceType":"locations/containerappOperationResults","locations":["Central
        US EUAP","East US 2 EUAP","North Central US (Stage)","West US 2","Southeast
        Asia","Sweden Central","Canada Central","West Europe","North Europe","East
        US","East US 2","East Asia","Australia East","Germany West Central","Japan
        East","UK South","West US","Central US","North Central US","South Central
        US","Korea Central","Brazil South","West US 3","France Central","South Africa
        North","Norway East","Switzerland North","UAE North","Canada East","West Central
        US","UK West","Central India","Switzerland West"],"apiVersions":["2023-08-01-preview","2023-05-02-preview","2023-05-01","2023-04-01-preview","2022-11-01-preview","2022-10-01","2022-06-01-preview","2022-03-01"],"defaultApiVersion":"2023-05-01","capabilities":"None"},{"resourceType":"locations/containerappOperationStatuses","locations":["Central
        US EUAP","East US 2 EUAP","North Central US (Stage)","West US 2","Southeast
        Asia","Sweden Central","Canada Central","West Europe","North Europe","East
        US","East US 2","East Asia","Australia East","Germany West Central","Japan
        East","UK South","West US","Central US","North Central US","South Central
        US","Korea Central","Brazil South","West US 3","France Central","South Africa
        North","Norway East","Switzerland North","UAE North","Canada East","West Central
        US","UK West","Central India","Switzerland West"],"apiVersions":["2023-08-01-preview","2023-05-02-preview","2023-05-01","2023-04-01-preview","2022-11-01-preview","2022-10-01","2022-06-01-preview","2022-03-01"],"defaultApiVersion":"2023-05-01","capabilities":"None"},{"resourceType":"locations/containerappsjobOperationResults","locations":["Central
        US EUAP","East US 2 EUAP","North Central US (Stage)","West US 2","Southeast
        Asia","Sweden Central","Canada Central","West Europe","North Europe","East
        US","East US 2","East Asia","Australia East","Germany West Central","Japan
        East","UK South","West US","Central US","North Central US","South Central
        US","Korea Central","Brazil South","West US 3","France Central","South Africa
        North","Norway East","Switzerland North","UAE North","Canada East","West Central
        US","UK West","Central India","Switzerland West"],"apiVersions":["2023-08-01-preview","2023-05-02-preview","2023-05-01","2023-04-01-preview","2022-11-01-preview"],"defaultApiVersion":"2023-05-01","capabilities":"None"},{"resourceType":"locations/containerappsjobOperationStatuses","locations":["Central
        US EUAP","East US 2 EUAP","North Central US (Stage)","West US 2","Southeast
        Asia","Sweden Central","Canada Central","West Europe","North Europe","East
        US","East US 2","East Asia","Australia East","Germany West Central","Japan
        East","UK South","West US","Central US","North Central US","South Central
        US","Korea Central","Brazil South","West US 3","France Central","South Africa
        North","Norway East","Switzerland North","UAE North","Canada East","West Central
        US","UK West","Central India","Switzerland West"],"apiVersions":["2023-08-01-preview","2023-05-02-preview","2023-05-01","2023-04-01-preview","2022-11-01-preview"],"defaultApiVersion":"2023-05-01","capabilities":"None"},{"resourceType":"locations/sourceControlOperationResults","locations":["Central
        US EUAP","East US 2 EUAP","North Central US (Stage)","West US 2","Southeast
        Asia","Sweden Central","Canada Central","West Europe","North Europe","East
        US","East US 2","East Asia","Australia East","Germany West Central","Japan
        East","UK South","West US","Central US","North Central US","South Central
        US","Korea Central","Brazil South","West US 3","France Central","South Africa
        North","Norway East","Switzerland North","UAE North","Canada East","West Central
        US","UK West","Central India","Switzerland West"],"apiVersions":["2023-08-01-preview","2023-05-02-preview","2023-05-01","2023-04-01-preview","2022-11-01-preview","2022-10-01","2022-06-01-preview","2022-03-01"],"defaultApiVersion":"2023-05-01","capabilities":"None"},{"resourceType":"locations/sourceControlOperationStatuses","locations":["Central
        US EUAP","East US 2 EUAP","North Central US (Stage)","West US 2","Southeast
        Asia","Sweden Central","Canada Central","West Europe","North Europe","East
        US","East US 2","East Asia","Australia East","Germany West Central","Japan
        East","UK South","West US","Central US","North Central US","South Central
        US","Korea Central","Brazil South","West US 3","France Central","South Africa
        North","Norway East","Switzerland North","UAE North","Canada East","West Central
        US","UK West","Central India","Switzerland West"],"apiVersions":["2023-08-01-preview","2023-05-02-preview","2023-05-01","2023-04-01-preview","2022-11-01-preview","2022-10-01","2022-06-01-preview","2022-03-01"],"defaultApiVersion":"2023-05-01","capabilities":"None"},{"resourceType":"locations/usages","locations":["Central
        US EUAP","East US 2 EUAP","North Central US (Stage)","West US 2","Southeast
        Asia","Sweden Central","Canada Central","West Europe","North Europe","East
        US","East US 2","East Asia","Australia East","Germany West Central","Japan
        East","UK South","West US","Central US","North Central US","South Central
        US","Korea Central","Brazil South","West US 3","France Central","South Africa
        North","Norway East","Switzerland North","UAE North","Canada East","West Central
        US","UK West","Central India","Switzerland West"],"apiVersions":["2023-08-01-preview","2023-05-02-preview"],"defaultApiVersion":"2023-05-02-preview","capabilities":"None"},{"resourceType":"connectedEnvironments","locations":["Central
        US EUAP","East US 2 EUAP","North Central US (Stage)","North Central US","East
        US","East Asia","West Europe","Southeast Asia"],"apiVersions":["2023-08-01-preview","2023-05-02-preview","2023-05-01","2023-04-01-preview","2022-11-01-preview","2022-10-01","2022-06-01-preview"],"defaultApiVersion":"2023-05-01","capabilities":"CrossResourceGroupResourceMove,
        CrossSubscriptionResourceMove, SupportsTags, SupportsLocation"},{"resourceType":"connectedEnvironments/certificates","locations":["Central
        US EUAP","East US 2 EUAP","North Central US (Stage)","North Central US","East
        US","East Asia","West Europe","Southeast Asia"],"apiVersions":["2023-08-01-preview","2023-05-02-preview","2023-05-01","2023-04-01-preview","2022-11-01-preview","2022-10-01","2022-06-01-preview"],"defaultApiVersion":"2023-05-01","capabilities":"CrossResourceGroupResourceMove,
        CrossSubscriptionResourceMove, SupportsTags, SupportsLocation"},{"resourceType":"locations/connectedEnvironmentOperationResults","locations":["Central
        US EUAP","East US 2 EUAP","North Central US (Stage)","North Central US","East
        US","East Asia","West Europe","Southeast Asia"],"apiVersions":["2023-08-01-preview","2023-05-02-preview","2023-05-01","2023-04-01-preview","2022-11-01-preview","2022-10-01","2022-06-01-preview"],"defaultApiVersion":"2023-05-01","capabilities":"None"},{"resourceType":"locations/connectedEnvironmentOperationStatuses","locations":["Central
        US EUAP","East US 2 EUAP","North Central US (Stage)","North Central US","East
        US","East Asia","West Europe","Southeast Asia"],"apiVersions":["2023-08-01-preview","2023-05-02-preview","2023-05-01","2023-04-01-preview","2022-11-01-preview","2022-10-01","2022-06-01-preview"],"defaultApiVersion":"2023-05-01","capabilities":"None"},{"resourceType":"locations/managedCertificateOperationStatuses","locations":["Central
        US EUAP","East US 2 EUAP","North Central US (Stage)","West US 2","Southeast
        Asia","Sweden Central","Canada Central","West Europe","North Europe","East
        US","East US 2","East Asia","Australia East","Germany West Central","Japan
        East","UK South","West US","Central US","North Central US","South Central
        US","Korea Central","Brazil South","West US 3","France Central","South Africa
        North","Norway East","Switzerland North","UAE North","Canada East","West Central
        US","UK West","Central India","Switzerland West"],"apiVersions":["2023-08-01-preview","2023-05-02-preview","2023-05-01","2023-04-01-preview","2022-11-01-preview"],"defaultApiVersion":"2023-05-01","capabilities":"None"},{"resourceType":"locations/billingMeters","locations":["Central
        US EUAP","East US 2 EUAP","North Central US (Stage)","West US 2","Southeast
        Asia","Sweden Central","Canada Central","West Europe","North Europe","East
        US","East US 2","East Asia","Australia East","Germany West Central","Japan
        East","UK South","West US","Central US","North Central US","South Central
        US","Korea Central","Brazil South","West US 3","France Central","South Africa
        North","Norway East","Switzerland North","UAE North","Canada East","West Central
        US","UK West","Central India","Switzerland West"],"apiVersions":["2023-08-01-preview","2023-05-02-preview","2023-05-01","2023-04-01-preview","2022-11-01-preview","2022-10-01","2022-06-01-preview"],"defaultApiVersion":"2023-05-01","capabilities":"None"},{"resourceType":"locations/availableManagedEnvironmentsWorkloadProfileTypes","locations":["Central
        US EUAP","East US 2 EUAP","North Central US (Stage)","West US 2","Southeast
        Asia","Sweden Central","Canada Central","West Europe","North Europe","East
        US","East US 2","East Asia","Australia East","Germany West Central","Japan
        East","UK South","West US","Central US","North Central US","South Central
        US","Korea Central","Brazil South","West US 3","France Central","South Africa
        North","Norway East","Switzerland North","UAE North","Canada East","West Central
        US","UK West","Central India","Switzerland West"],"apiVersions":["2023-08-01-preview","2023-05-02-preview","2023-05-01","2023-04-01-preview","2022-11-01-preview","2022-10-01","2022-06-01-preview"],"defaultApiVersion":"2023-05-01","capabilities":"None"},{"resourceType":"getCustomDomainVerificationId","locations":["Central
        US EUAP","East US 2 EUAP","North Central US (Stage)","West US 2","Southeast
        Asia","Sweden Central","Canada Central","West Europe","North Europe","East
        US","East US 2","East Asia","Australia East","Germany West Central","Japan
        East","UK South","West US","Central US","North Central US","South Central
        US","Korea Central","Brazil South","West US 3","France Central","South Africa
        North","Norway East","Switzerland North","UAE North","Canada East","West Central
        US","UK West","Central India","Switzerland West"],"apiVersions":["2023-08-01-preview","2023-05-02-preview"],"defaultApiVersion":"2023-05-02-preview","capabilities":"None"},{"resourceType":"builders","locations":["North
        Central US (Stage)","Central US EUAP","East US 2 EUAP","West US 2","Southeast
        Asia","Sweden Central","Canada Central","West Europe","North Europe","East
        US","East US 2","East Asia","Australia East","Germany West Central","Japan
        East","UK South","West US","Central US","North Central US","South Central
        US","Korea Central","Brazil South","West US 3","France Central","South Africa
        North","Norway East","Switzerland North","UAE North","Canada East","West Central
        US","UK West","Central India","Switzerland West"],"apiVersions":["2023-08-01-preview"],"defaultApiVersion":"2023-08-01-preview","capabilities":"CrossResourceGroupResourceMove,
        CrossSubscriptionResourceMove, SystemAssignedResourceIdentity, SupportsTags,
        SupportsLocation"},{"resourceType":"builders/builds","locations":["North Central
        US (Stage)","Central US EUAP","East US 2 EUAP","West US 2","Southeast Asia","Sweden
        Central","Canada Central","West Europe","North Europe","East US","East US
        2","East Asia","Australia East","Germany West Central","Japan East","UK South","West
        US","Central US","North Central US","South Central US","Korea Central","Brazil
        South","West US 3","France Central","South Africa North","Norway East","Switzerland
        North","UAE North","Canada East","West Central US","UK West","Central India","Switzerland
        West"],"apiVersions":["2023-08-01-preview"],"defaultApiVersion":"2023-08-01-preview","capabilities":"None"},{"resourceType":"builders/patches","locations":["North
        Central US (Stage)","Central US EUAP","East US 2 EUAP","West US 2","Southeast
        Asia","Sweden Central","Canada Central","West Europe","North Europe","East
        US","East US 2","East Asia","Australia East","Germany West Central","Japan
        East","UK South","West US","Central US","North Central US","South Central
        US","Korea Central","Brazil South","West US 3","France Central","South Africa
        North","Norway East","Switzerland North","UAE North","Canada East","West Central
        US","UK West","Central India","Switzerland West"],"apiVersions":["2023-08-01-preview"],"defaultApiVersion":"2023-08-01-preview","capabilities":"None"},{"resourceType":"locations/OperationResults","locations":["North
        Central US (Stage)","Central US EUAP","East US 2 EUAP","West US 2","Southeast
        Asia","Sweden Central","Canada Central","West Europe","North Europe","East
        US","East US 2","East Asia","Australia East","Germany West Central","Japan
        East","UK South","West US","Central US","North Central US","South Central
        US","Korea Central","Brazil South","West US 3","France Central","South Africa
        North","Norway East","Switzerland North","UAE North","Canada East","West Central
        US","UK West","Central India","Switzerland West"],"apiVersions":["2023-08-01-preview"],"defaultApiVersion":"2023-08-01-preview","capabilities":"None"},{"resourceType":"locations/OperationStatuses","locations":["North
        Central US (Stage)","Central US EUAP","East US 2 EUAP","West US 2","Southeast
        Asia","Sweden Central","Canada Central","West Europe","North Europe","East
        US","East US 2","East Asia","Australia East","Germany West Central","Japan
        East","UK South","West US","Central US","North Central US","South Central
        US","Korea Central","Brazil South","West US 3","France Central","South Africa
        North","Norway East","Switzerland North","UAE North","Canada East","West Central
        US","UK West","Central India","Switzerland West"],"apiVersions":["2023-08-01-preview"],"defaultApiVersion":"2023-08-01-preview","capabilities":"None"}],"registrationState":"Registered","registrationPolicy":"RegistrationRequired"}'
    headers:
      cache-control:
      - no-cache
      content-length:
      - '21376'
      content-type:
      - application/json; charset=utf-8
      date:
      - Thu, 26 Oct 2023 02:07:23 GMT
      expires:
      - '-1'
      pragma:
      - no-cache
      strict-transport-security:
      - max-age=31536000; includeSubDomains
      vary:
      - Accept-Encoding
      x-content-type-options:
      - nosniff
    status:
      code: 200
      message: OK
- request:
    body: null
    headers:
      Accept:
      - '*/*'
      Accept-Encoding:
      - gzip, deflate
      CommandName:
      - containerapp env show
      Connection:
      - keep-alive
      ParameterSetName:
      - -g -n
      User-Agent:
      - python/3.10.11 (Windows-10-10.0.22621-SP0) AZURECLI/2.53.0
    method: GET
    uri: https://management.azure.com/subscriptions/00000000-0000-0000-0000-000000000000/resourceGroups/client.env_rg_eastus/providers/Microsoft.App/managedEnvironments/env-eastus?api-version=2023-05-01
  response:
    body:
      string: '{"id":"/subscriptions/00000000-0000-0000-0000-000000000000/resourceGroups/client.env_rg_eastus/providers/Microsoft.App/managedEnvironments/env-eastus","name":"env-eastus","type":"Microsoft.App/managedEnvironments","location":"East
        US","systemData":{"createdBy":"xinyupang@microsoft.com","createdByType":"User","createdAt":"2023-10-23T04:59:04.4655929","lastModifiedBy":"xinyupang@microsoft.com","lastModifiedByType":"User","lastModifiedAt":"2023-10-23T04:59:04.4655929"},"properties":{"provisioningState":"Succeeded","daprAIInstrumentationKey":null,"daprAIConnectionString":null,"vnetConfiguration":null,"defaultDomain":"whitebeach-63bf60a5.eastus.azurecontainerapps.io","staticIp":"52.224.202.83","appLogsConfiguration":{"destination":null,"logAnalyticsConfiguration":null},"zoneRedundant":false,"kedaConfiguration":{"version":"2.10.0"},"daprConfiguration":{"version":"1.11.2"},"eventStreamEndpoint":"https://eastus.azurecontainerapps.dev/subscriptions/00000000-0000-0000-0000-000000000000/resourceGroups/client.env_rg_eastus/managedEnvironments/env-eastus/eventstream","customDomainConfiguration":{"customDomainVerificationId":"D3F71C85EB6552E36A89A3E4A080C3CFB00181670B659B0003264FC673AA9B00","dnsSuffix":null,"certificateValue":null,"certificatePassword":null,"thumbprint":null,"subjectName":null,"expirationDate":null},"workloadProfiles":[{"workloadProfileType":"Consumption","name":"Consumption"}],"firstPartyConfiguration":null,"infrastructureResourceGroup":null,"peerAuthentication":{"mtls":{"enabled":false}}}}'
    headers:
      api-supported-versions:
      - 2022-01-01-preview, 2022-03-01, 2022-06-01-preview, 2022-10-01, 2022-11-01-preview,
        2023-04-01-preview, 2023-05-01, 2023-05-02-preview, 2023-08-01-preview
      cache-control:
      - no-cache
      content-length:
      - '1519'
      content-type:
      - application/json; charset=utf-8
      date:
      - Thu, 26 Oct 2023 02:07:26 GMT
      expires:
      - '-1'
      pragma:
      - no-cache
      server:
      - Microsoft-IIS/10.0
      strict-transport-security:
      - max-age=31536000; includeSubDomains
      transfer-encoding:
      - chunked
      vary:
      - Accept-Encoding,Accept-Encoding
      x-content-type-options:
      - nosniff
      x-powered-by:
      - ASP.NET
    status:
      code: 200
      message: OK
- request:
    body: null
    headers:
      Accept:
      - application/json
      Accept-Encoding:
      - gzip, deflate
      CommandName:
      - containerapp compose create
      Connection:
      - keep-alive
      ParameterSetName:
      - --compose-file-path --resource-group --environment
      User-Agent:
      - AZURECLI/2.53.0 azsdk-python-azure-mgmt-resource/23.1.0b2 Python/3.10.11 (Windows-10-10.0.22621-SP0)
    method: GET
    uri: https://management.azure.com/subscriptions/00000000-0000-0000-0000-000000000000/providers/Microsoft.App?api-version=2022-09-01
  response:
    body:
      string: '{"id":"/subscriptions/00000000-0000-0000-0000-000000000000/providers/Microsoft.App","namespace":"Microsoft.App","authorizations":[{"applicationId":"7e3bc4fd-85a3-4192-b177-5b8bfc87f42c","roleDefinitionId":"39a74f72-b40f-4bdc-b639-562fe2260bf0"},{"applicationId":"3734c1a4-2bed-4998-a37a-ff1a9e7bf019","roleDefinitionId":"5c779a4f-5cb2-4547-8c41-478d9be8ba90"},{"applicationId":"55ebbb62-3b9c-49fd-9b87-9595226dd4ac","roleDefinitionId":"e49ca620-7992-4561-a7df-4ed67dad77b5","managedByRoleDefinitionId":"9e3af657-a8ff-583c-a75c-2fe7c4bcb635"}],"resourceTypes":[{"resourceType":"operations","locations":["North
        Central US (Stage)","Central US EUAP","East US 2 EUAP","West US 2","Southeast
        Asia","Sweden Central","Canada Central","West Europe","North Europe","East
        US","East US 2","East Asia","Australia East","Germany West Central","Japan
        East","UK South","West US","Central US","North Central US","South Central
        US","Korea Central","Brazil South","West US 3","France Central","South Africa
        North","Norway East","Switzerland North","UAE North","Canada East","West Central
        US","UK West","Central India"],"apiVersions":["2023-05-02-preview","2023-05-01","2023-04-01-preview","2023-02-01","2022-11-01-preview","2022-10-01","2022-06-01-preview","2022-03-01"],"defaultApiVersion":"2023-05-01","capabilities":"None"},{"resourceType":"managedEnvironments","locations":["Central
        US EUAP","East US 2 EUAP","North Central US (Stage)","West US 2","Southeast
        Asia","Sweden Central","Canada Central","West Europe","North Europe","East
        US","East US 2","East Asia","Australia East","Germany West Central","Japan
        East","UK South","West US","Central US","North Central US","South Central
        US","Korea Central","Brazil South","West US 3","France Central","South Africa
        North","Norway East","Switzerland North","UAE North","Canada East","West Central
        US","UK West","Central India","Switzerland West"],"apiVersions":["2023-08-01-preview","2023-05-02-preview","2023-05-01","2023-04-01-preview","2022-11-01-preview","2022-10-01","2022-06-01-preview","2022-03-01"],"defaultApiVersion":"2023-05-01","capabilities":"CrossResourceGroupResourceMove,
        CrossSubscriptionResourceMove, SupportsTags, SupportsLocation"},{"resourceType":"managedEnvironments/certificates","locations":["Central
        US EUAP","East US 2 EUAP","North Central US (Stage)","West US 2","Southeast
        Asia","Sweden Central","Canada Central","West Europe","North Europe","East
        US","East US 2","East Asia","Australia East","Germany West Central","Japan
        East","UK South","West US","Central US","North Central US","South Central
        US","Korea Central","Brazil South","West US 3","France Central","South Africa
        North","Norway East","Switzerland North","UAE North","Canada East","West Central
        US","UK West","Central India","Switzerland West"],"apiVersions":["2023-08-01-preview","2023-05-02-preview","2023-05-01","2023-04-01-preview","2022-11-01-preview","2022-10-01","2022-06-01-preview","2022-03-01"],"defaultApiVersion":"2023-05-01","capabilities":"CrossResourceGroupResourceMove,
        CrossSubscriptionResourceMove, SupportsTags, SupportsLocation"},{"resourceType":"managedEnvironments/managedCertificates","locations":["Central
        US EUAP","East US 2 EUAP","North Central US (Stage)","West US 2","Southeast
        Asia","Sweden Central","Canada Central","West Europe","North Europe","East
        US","East US 2","East Asia","Australia East","Germany West Central","Japan
        East","UK South","West US","Central US","North Central US","South Central
        US","Korea Central","Brazil South","West US 3","France Central","South Africa
        North","Norway East","Switzerland North","UAE North","Canada East","West Central
        US","UK West","Central India","Switzerland West"],"apiVersions":["2023-08-01-preview","2023-05-02-preview","2023-05-01","2023-04-01-preview","2022-11-01-preview"],"defaultApiVersion":"2023-05-01","capabilities":"CrossResourceGroupResourceMove,
        CrossSubscriptionResourceMove, SupportsTags, SupportsLocation"},{"resourceType":"containerApps","locations":["Central
        US EUAP","East US 2 EUAP","North Central US (Stage)","West US 2","Southeast
        Asia","Sweden Central","Canada Central","West Europe","North Europe","East
        US","East US 2","East Asia","Australia East","Germany West Central","Japan
        East","UK South","West US","Central US","North Central US","South Central
        US","Korea Central","Brazil South","West US 3","France Central","South Africa
        North","Norway East","Switzerland North","UAE North","Canada East","West Central
        US","UK West","Central India","Switzerland West"],"apiVersions":["2023-08-01-preview","2023-05-02-preview","2023-05-01","2023-04-01-preview","2022-11-01-preview","2022-10-01","2022-06-01-preview","2022-03-01"],"defaultApiVersion":"2023-05-01","capabilities":"CrossResourceGroupResourceMove,
        CrossSubscriptionResourceMove, SystemAssignedResourceIdentity, SupportsTags,
        SupportsLocation"},{"resourceType":"jobs","locations":["Central US EUAP","East
        US 2 EUAP","North Central US (Stage)","West US 2","Southeast Asia","Sweden
        Central","Canada Central","West Europe","North Europe","East US","East US
        2","East Asia","Australia East","Germany West Central","Japan East","UK South","West
        US","Central US","North Central US","South Central US","Korea Central","Brazil
        South","West US 3","France Central","South Africa North","Norway East","Switzerland
        North","UAE North","Canada East","West Central US","UK West","Central India","Switzerland
        West"],"apiVersions":["2023-08-01-preview","2023-05-02-preview","2023-05-01","2023-04-01-preview","2022-11-01-preview"],"defaultApiVersion":"2023-05-01","capabilities":"CrossResourceGroupResourceMove,
        CrossSubscriptionResourceMove, SystemAssignedResourceIdentity, SupportsTags,
        SupportsLocation"},{"resourceType":"locations","locations":[],"apiVersions":["2023-08-01-preview","2023-05-02-preview","2023-05-01","2023-04-01-preview","2022-11-01-preview","2022-10-01","2022-06-01-preview","2022-03-01"],"defaultApiVersion":"2023-05-01","capabilities":"None"},{"resourceType":"locations/managedEnvironmentOperationResults","locations":["Central
        US EUAP","East US 2 EUAP","North Central US (Stage)","West US 2","Southeast
        Asia","Sweden Central","Canada Central","West Europe","North Europe","East
        US","East US 2","East Asia","Australia East","Germany West Central","Japan
        East","UK South","West US","Central US","North Central US","South Central
        US","Korea Central","Brazil South","West US 3","France Central","South Africa
        North","Norway East","Switzerland North","UAE North","Canada East","West Central
        US","UK West","Central India","Switzerland West"],"apiVersions":["2023-08-01-preview","2023-05-02-preview","2023-05-01","2023-04-01-preview","2022-11-01-preview","2022-10-01","2022-06-01-preview","2022-03-01"],"defaultApiVersion":"2023-05-01","capabilities":"None"},{"resourceType":"locations/managedEnvironmentOperationStatuses","locations":["Central
        US EUAP","East US 2 EUAP","North Central US (Stage)","West US 2","Southeast
        Asia","Sweden Central","Canada Central","West Europe","North Europe","East
        US","East US 2","East Asia","Australia East","Germany West Central","Japan
        East","UK South","West US","Central US","North Central US","South Central
        US","Korea Central","Brazil South","West US 3","France Central","South Africa
        North","Norway East","Switzerland North","UAE North","Canada East","West Central
        US","UK West","Central India","Switzerland West"],"apiVersions":["2023-08-01-preview","2023-05-02-preview","2023-05-01","2023-04-01-preview","2022-11-01-preview","2022-10-01","2022-06-01-preview","2022-03-01"],"defaultApiVersion":"2023-05-01","capabilities":"None"},{"resourceType":"locations/containerappOperationResults","locations":["Central
        US EUAP","East US 2 EUAP","North Central US (Stage)","West US 2","Southeast
        Asia","Sweden Central","Canada Central","West Europe","North Europe","East
        US","East US 2","East Asia","Australia East","Germany West Central","Japan
        East","UK South","West US","Central US","North Central US","South Central
        US","Korea Central","Brazil South","West US 3","France Central","South Africa
        North","Norway East","Switzerland North","UAE North","Canada East","West Central
        US","UK West","Central India","Switzerland West"],"apiVersions":["2023-08-01-preview","2023-05-02-preview","2023-05-01","2023-04-01-preview","2022-11-01-preview","2022-10-01","2022-06-01-preview","2022-03-01"],"defaultApiVersion":"2023-05-01","capabilities":"None"},{"resourceType":"locations/containerappOperationStatuses","locations":["Central
        US EUAP","East US 2 EUAP","North Central US (Stage)","West US 2","Southeast
        Asia","Sweden Central","Canada Central","West Europe","North Europe","East
        US","East US 2","East Asia","Australia East","Germany West Central","Japan
        East","UK South","West US","Central US","North Central US","South Central
        US","Korea Central","Brazil South","West US 3","France Central","South Africa
        North","Norway East","Switzerland North","UAE North","Canada East","West Central
        US","UK West","Central India","Switzerland West"],"apiVersions":["2023-08-01-preview","2023-05-02-preview","2023-05-01","2023-04-01-preview","2022-11-01-preview","2022-10-01","2022-06-01-preview","2022-03-01"],"defaultApiVersion":"2023-05-01","capabilities":"None"},{"resourceType":"locations/containerappsjobOperationResults","locations":["Central
        US EUAP","East US 2 EUAP","North Central US (Stage)","West US 2","Southeast
        Asia","Sweden Central","Canada Central","West Europe","North Europe","East
        US","East US 2","East Asia","Australia East","Germany West Central","Japan
        East","UK South","West US","Central US","North Central US","South Central
        US","Korea Central","Brazil South","West US 3","France Central","South Africa
        North","Norway East","Switzerland North","UAE North","Canada East","West Central
        US","UK West","Central India","Switzerland West"],"apiVersions":["2023-08-01-preview","2023-05-02-preview","2023-05-01","2023-04-01-preview","2022-11-01-preview"],"defaultApiVersion":"2023-05-01","capabilities":"None"},{"resourceType":"locations/containerappsjobOperationStatuses","locations":["Central
        US EUAP","East US 2 EUAP","North Central US (Stage)","West US 2","Southeast
        Asia","Sweden Central","Canada Central","West Europe","North Europe","East
        US","East US 2","East Asia","Australia East","Germany West Central","Japan
        East","UK South","West US","Central US","North Central US","South Central
        US","Korea Central","Brazil South","West US 3","France Central","South Africa
        North","Norway East","Switzerland North","UAE North","Canada East","West Central
        US","UK West","Central India","Switzerland West"],"apiVersions":["2023-08-01-preview","2023-05-02-preview","2023-05-01","2023-04-01-preview","2022-11-01-preview"],"defaultApiVersion":"2023-05-01","capabilities":"None"},{"resourceType":"locations/sourceControlOperationResults","locations":["Central
        US EUAP","East US 2 EUAP","North Central US (Stage)","West US 2","Southeast
        Asia","Sweden Central","Canada Central","West Europe","North Europe","East
        US","East US 2","East Asia","Australia East","Germany West Central","Japan
        East","UK South","West US","Central US","North Central US","South Central
        US","Korea Central","Brazil South","West US 3","France Central","South Africa
        North","Norway East","Switzerland North","UAE North","Canada East","West Central
        US","UK West","Central India","Switzerland West"],"apiVersions":["2023-08-01-preview","2023-05-02-preview","2023-05-01","2023-04-01-preview","2022-11-01-preview","2022-10-01","2022-06-01-preview","2022-03-01"],"defaultApiVersion":"2023-05-01","capabilities":"None"},{"resourceType":"locations/sourceControlOperationStatuses","locations":["Central
        US EUAP","East US 2 EUAP","North Central US (Stage)","West US 2","Southeast
        Asia","Sweden Central","Canada Central","West Europe","North Europe","East
        US","East US 2","East Asia","Australia East","Germany West Central","Japan
        East","UK South","West US","Central US","North Central US","South Central
        US","Korea Central","Brazil South","West US 3","France Central","South Africa
        North","Norway East","Switzerland North","UAE North","Canada East","West Central
        US","UK West","Central India","Switzerland West"],"apiVersions":["2023-08-01-preview","2023-05-02-preview","2023-05-01","2023-04-01-preview","2022-11-01-preview","2022-10-01","2022-06-01-preview","2022-03-01"],"defaultApiVersion":"2023-05-01","capabilities":"None"},{"resourceType":"locations/usages","locations":["Central
        US EUAP","East US 2 EUAP","North Central US (Stage)","West US 2","Southeast
        Asia","Sweden Central","Canada Central","West Europe","North Europe","East
        US","East US 2","East Asia","Australia East","Germany West Central","Japan
        East","UK South","West US","Central US","North Central US","South Central
        US","Korea Central","Brazil South","West US 3","France Central","South Africa
        North","Norway East","Switzerland North","UAE North","Canada East","West Central
        US","UK West","Central India","Switzerland West"],"apiVersions":["2023-08-01-preview","2023-05-02-preview"],"defaultApiVersion":"2023-05-02-preview","capabilities":"None"},{"resourceType":"connectedEnvironments","locations":["Central
        US EUAP","East US 2 EUAP","North Central US (Stage)","North Central US","East
        US","East Asia","West Europe","Southeast Asia"],"apiVersions":["2023-08-01-preview","2023-05-02-preview","2023-05-01","2023-04-01-preview","2022-11-01-preview","2022-10-01","2022-06-01-preview"],"defaultApiVersion":"2023-05-01","capabilities":"CrossResourceGroupResourceMove,
        CrossSubscriptionResourceMove, SupportsTags, SupportsLocation"},{"resourceType":"connectedEnvironments/certificates","locations":["Central
        US EUAP","East US 2 EUAP","North Central US (Stage)","North Central US","East
        US","East Asia","West Europe","Southeast Asia"],"apiVersions":["2023-08-01-preview","2023-05-02-preview","2023-05-01","2023-04-01-preview","2022-11-01-preview","2022-10-01","2022-06-01-preview"],"defaultApiVersion":"2023-05-01","capabilities":"CrossResourceGroupResourceMove,
        CrossSubscriptionResourceMove, SupportsTags, SupportsLocation"},{"resourceType":"locations/connectedEnvironmentOperationResults","locations":["Central
        US EUAP","East US 2 EUAP","North Central US (Stage)","North Central US","East
        US","East Asia","West Europe","Southeast Asia"],"apiVersions":["2023-08-01-preview","2023-05-02-preview","2023-05-01","2023-04-01-preview","2022-11-01-preview","2022-10-01","2022-06-01-preview"],"defaultApiVersion":"2023-05-01","capabilities":"None"},{"resourceType":"locations/connectedEnvironmentOperationStatuses","locations":["Central
        US EUAP","East US 2 EUAP","North Central US (Stage)","North Central US","East
        US","East Asia","West Europe","Southeast Asia"],"apiVersions":["2023-08-01-preview","2023-05-02-preview","2023-05-01","2023-04-01-preview","2022-11-01-preview","2022-10-01","2022-06-01-preview"],"defaultApiVersion":"2023-05-01","capabilities":"None"},{"resourceType":"locations/managedCertificateOperationStatuses","locations":["Central
        US EUAP","East US 2 EUAP","North Central US (Stage)","West US 2","Southeast
        Asia","Sweden Central","Canada Central","West Europe","North Europe","East
        US","East US 2","East Asia","Australia East","Germany West Central","Japan
        East","UK South","West US","Central US","North Central US","South Central
        US","Korea Central","Brazil South","West US 3","France Central","South Africa
        North","Norway East","Switzerland North","UAE North","Canada East","West Central
        US","UK West","Central India","Switzerland West"],"apiVersions":["2023-08-01-preview","2023-05-02-preview","2023-05-01","2023-04-01-preview","2022-11-01-preview"],"defaultApiVersion":"2023-05-01","capabilities":"None"},{"resourceType":"locations/billingMeters","locations":["Central
        US EUAP","East US 2 EUAP","North Central US (Stage)","West US 2","Southeast
        Asia","Sweden Central","Canada Central","West Europe","North Europe","East
        US","East US 2","East Asia","Australia East","Germany West Central","Japan
        East","UK South","West US","Central US","North Central US","South Central
        US","Korea Central","Brazil South","West US 3","France Central","South Africa
        North","Norway East","Switzerland North","UAE North","Canada East","West Central
        US","UK West","Central India","Switzerland West"],"apiVersions":["2023-08-01-preview","2023-05-02-preview","2023-05-01","2023-04-01-preview","2022-11-01-preview","2022-10-01","2022-06-01-preview"],"defaultApiVersion":"2023-05-01","capabilities":"None"},{"resourceType":"locations/availableManagedEnvironmentsWorkloadProfileTypes","locations":["Central
        US EUAP","East US 2 EUAP","North Central US (Stage)","West US 2","Southeast
        Asia","Sweden Central","Canada Central","West Europe","North Europe","East
        US","East US 2","East Asia","Australia East","Germany West Central","Japan
        East","UK South","West US","Central US","North Central US","South Central
        US","Korea Central","Brazil South","West US 3","France Central","South Africa
        North","Norway East","Switzerland North","UAE North","Canada East","West Central
        US","UK West","Central India","Switzerland West"],"apiVersions":["2023-08-01-preview","2023-05-02-preview","2023-05-01","2023-04-01-preview","2022-11-01-preview","2022-10-01","2022-06-01-preview"],"defaultApiVersion":"2023-05-01","capabilities":"None"},{"resourceType":"getCustomDomainVerificationId","locations":["Central
        US EUAP","East US 2 EUAP","North Central US (Stage)","West US 2","Southeast
        Asia","Sweden Central","Canada Central","West Europe","North Europe","East
        US","East US 2","East Asia","Australia East","Germany West Central","Japan
        East","UK South","West US","Central US","North Central US","South Central
        US","Korea Central","Brazil South","West US 3","France Central","South Africa
        North","Norway East","Switzerland North","UAE North","Canada East","West Central
        US","UK West","Central India","Switzerland West"],"apiVersions":["2023-08-01-preview","2023-05-02-preview"],"defaultApiVersion":"2023-05-02-preview","capabilities":"None"},{"resourceType":"builders","locations":["North
        Central US (Stage)","Central US EUAP","East US 2 EUAP","West US 2","Southeast
        Asia","Sweden Central","Canada Central","West Europe","North Europe","East
        US","East US 2","East Asia","Australia East","Germany West Central","Japan
        East","UK South","West US","Central US","North Central US","South Central
        US","Korea Central","Brazil South","West US 3","France Central","South Africa
        North","Norway East","Switzerland North","UAE North","Canada East","West Central
        US","UK West","Central India","Switzerland West"],"apiVersions":["2023-08-01-preview"],"defaultApiVersion":"2023-08-01-preview","capabilities":"CrossResourceGroupResourceMove,
        CrossSubscriptionResourceMove, SystemAssignedResourceIdentity, SupportsTags,
        SupportsLocation"},{"resourceType":"builders/builds","locations":["North Central
        US (Stage)","Central US EUAP","East US 2 EUAP","West US 2","Southeast Asia","Sweden
        Central","Canada Central","West Europe","North Europe","East US","East US
        2","East Asia","Australia East","Germany West Central","Japan East","UK South","West
        US","Central US","North Central US","South Central US","Korea Central","Brazil
        South","West US 3","France Central","South Africa North","Norway East","Switzerland
        North","UAE North","Canada East","West Central US","UK West","Central India","Switzerland
        West"],"apiVersions":["2023-08-01-preview"],"defaultApiVersion":"2023-08-01-preview","capabilities":"None"},{"resourceType":"builders/patches","locations":["North
        Central US (Stage)","Central US EUAP","East US 2 EUAP","West US 2","Southeast
        Asia","Sweden Central","Canada Central","West Europe","North Europe","East
        US","East US 2","East Asia","Australia East","Germany West Central","Japan
        East","UK South","West US","Central US","North Central US","South Central
        US","Korea Central","Brazil South","West US 3","France Central","South Africa
        North","Norway East","Switzerland North","UAE North","Canada East","West Central
        US","UK West","Central India","Switzerland West"],"apiVersions":["2023-08-01-preview"],"defaultApiVersion":"2023-08-01-preview","capabilities":"None"},{"resourceType":"locations/OperationResults","locations":["North
        Central US (Stage)","Central US EUAP","East US 2 EUAP","West US 2","Southeast
        Asia","Sweden Central","Canada Central","West Europe","North Europe","East
        US","East US 2","East Asia","Australia East","Germany West Central","Japan
        East","UK South","West US","Central US","North Central US","South Central
        US","Korea Central","Brazil South","West US 3","France Central","South Africa
        North","Norway East","Switzerland North","UAE North","Canada East","West Central
        US","UK West","Central India","Switzerland West"],"apiVersions":["2023-08-01-preview"],"defaultApiVersion":"2023-08-01-preview","capabilities":"None"},{"resourceType":"locations/OperationStatuses","locations":["North
        Central US (Stage)","Central US EUAP","East US 2 EUAP","West US 2","Southeast
        Asia","Sweden Central","Canada Central","West Europe","North Europe","East
        US","East US 2","East Asia","Australia East","Germany West Central","Japan
        East","UK South","West US","Central US","North Central US","South Central
        US","Korea Central","Brazil South","West US 3","France Central","South Africa
        North","Norway East","Switzerland North","UAE North","Canada East","West Central
        US","UK West","Central India","Switzerland West"],"apiVersions":["2023-08-01-preview"],"defaultApiVersion":"2023-08-01-preview","capabilities":"None"}],"registrationState":"Registered","registrationPolicy":"RegistrationRequired"}'
    headers:
      cache-control:
      - no-cache
      content-length:
      - '21376'
      content-type:
      - application/json; charset=utf-8
      date:
      - Thu, 26 Oct 2023 02:07:27 GMT
      expires:
      - '-1'
      pragma:
      - no-cache
      strict-transport-security:
      - max-age=31536000; includeSubDomains
      vary:
      - Accept-Encoding
      x-content-type-options:
      - nosniff
    status:
      code: 200
      message: OK
- request:
    body: null
    headers:
      Accept:
      - '*/*'
      Accept-Encoding:
      - gzip, deflate
      CommandName:
      - containerapp compose create
      Connection:
      - keep-alive
      ParameterSetName:
      - --compose-file-path --resource-group --environment
      User-Agent:
      - python/3.10.11 (Windows-10-10.0.22621-SP0) AZURECLI/2.53.0
    method: GET
    uri: https://management.azure.com/subscriptions/00000000-0000-0000-0000-000000000000/resourceGroups/client.env_rg_eastus/providers/Microsoft.App/managedEnvironments/env-eastus?api-version=2023-05-01
  response:
    body:
      string: '{"id":"/subscriptions/00000000-0000-0000-0000-000000000000/resourceGroups/client.env_rg_eastus/providers/Microsoft.App/managedEnvironments/env-eastus","name":"env-eastus","type":"Microsoft.App/managedEnvironments","location":"East
        US","systemData":{"createdBy":"xinyupang@microsoft.com","createdByType":"User","createdAt":"2023-10-23T04:59:04.4655929","lastModifiedBy":"xinyupang@microsoft.com","lastModifiedByType":"User","lastModifiedAt":"2023-10-23T04:59:04.4655929"},"properties":{"provisioningState":"Succeeded","daprAIInstrumentationKey":null,"daprAIConnectionString":null,"vnetConfiguration":null,"defaultDomain":"whitebeach-63bf60a5.eastus.azurecontainerapps.io","staticIp":"52.224.202.83","appLogsConfiguration":{"destination":null,"logAnalyticsConfiguration":null},"zoneRedundant":false,"kedaConfiguration":{"version":"2.10.0"},"daprConfiguration":{"version":"1.11.2"},"eventStreamEndpoint":"https://eastus.azurecontainerapps.dev/subscriptions/00000000-0000-0000-0000-000000000000/resourceGroups/client.env_rg_eastus/managedEnvironments/env-eastus/eventstream","customDomainConfiguration":{"customDomainVerificationId":"D3F71C85EB6552E36A89A3E4A080C3CFB00181670B659B0003264FC673AA9B00","dnsSuffix":null,"certificateValue":null,"certificatePassword":null,"thumbprint":null,"subjectName":null,"expirationDate":null},"workloadProfiles":[{"workloadProfileType":"Consumption","name":"Consumption"}],"firstPartyConfiguration":null,"infrastructureResourceGroup":null,"peerAuthentication":{"mtls":{"enabled":false}}}}'
    headers:
      api-supported-versions:
      - 2022-01-01-preview, 2022-03-01, 2022-06-01-preview, 2022-10-01, 2022-11-01-preview,
        2023-04-01-preview, 2023-05-01, 2023-05-02-preview, 2023-08-01-preview
      cache-control:
      - no-cache
      content-length:
      - '1519'
      content-type:
      - application/json; charset=utf-8
      date:
      - Thu, 26 Oct 2023 02:07:29 GMT
      expires:
      - '-1'
      pragma:
      - no-cache
      server:
      - Microsoft-IIS/10.0
      strict-transport-security:
      - max-age=31536000; includeSubDomains
      transfer-encoding:
      - chunked
      vary:
      - Accept-Encoding,Accept-Encoding
      x-content-type-options:
      - nosniff
      x-powered-by:
      - ASP.NET
    status:
      code: 200
      message: OK
- request:
    body: null
    headers:
      Accept:
      - application/json
      Accept-Encoding:
      - gzip, deflate
      CommandName:
      - containerapp compose create
      Connection:
      - keep-alive
      ParameterSetName:
      - --compose-file-path --resource-group --environment
      User-Agent:
      - AZURECLI/2.53.0 azsdk-python-azure-mgmt-resource/23.1.0b2 Python/3.10.11 (Windows-10-10.0.22621-SP0)
    method: GET
    uri: https://management.azure.com/subscriptions/00000000-0000-0000-0000-000000000000/providers/Microsoft.App?api-version=2022-09-01
  response:
    body:
      string: '{"id":"/subscriptions/00000000-0000-0000-0000-000000000000/providers/Microsoft.App","namespace":"Microsoft.App","authorizations":[{"applicationId":"7e3bc4fd-85a3-4192-b177-5b8bfc87f42c","roleDefinitionId":"39a74f72-b40f-4bdc-b639-562fe2260bf0"},{"applicationId":"3734c1a4-2bed-4998-a37a-ff1a9e7bf019","roleDefinitionId":"5c779a4f-5cb2-4547-8c41-478d9be8ba90"},{"applicationId":"55ebbb62-3b9c-49fd-9b87-9595226dd4ac","roleDefinitionId":"e49ca620-7992-4561-a7df-4ed67dad77b5","managedByRoleDefinitionId":"9e3af657-a8ff-583c-a75c-2fe7c4bcb635"}],"resourceTypes":[{"resourceType":"operations","locations":["North
        Central US (Stage)","Central US EUAP","East US 2 EUAP","West US 2","Southeast
        Asia","Sweden Central","Canada Central","West Europe","North Europe","East
        US","East US 2","East Asia","Australia East","Germany West Central","Japan
        East","UK South","West US","Central US","North Central US","South Central
        US","Korea Central","Brazil South","West US 3","France Central","South Africa
        North","Norway East","Switzerland North","UAE North","Canada East","West Central
        US","UK West","Central India"],"apiVersions":["2023-05-02-preview","2023-05-01","2023-04-01-preview","2023-02-01","2022-11-01-preview","2022-10-01","2022-06-01-preview","2022-03-01"],"defaultApiVersion":"2023-05-01","capabilities":"None"},{"resourceType":"managedEnvironments","locations":["Central
        US EUAP","East US 2 EUAP","North Central US (Stage)","West US 2","Southeast
        Asia","Sweden Central","Canada Central","West Europe","North Europe","East
        US","East US 2","East Asia","Australia East","Germany West Central","Japan
        East","UK South","West US","Central US","North Central US","South Central
        US","Korea Central","Brazil South","West US 3","France Central","South Africa
        North","Norway East","Switzerland North","UAE North","Canada East","West Central
        US","UK West","Central India","Switzerland West"],"apiVersions":["2023-08-01-preview","2023-05-02-preview","2023-05-01","2023-04-01-preview","2022-11-01-preview","2022-10-01","2022-06-01-preview","2022-03-01"],"defaultApiVersion":"2023-05-01","capabilities":"CrossResourceGroupResourceMove,
        CrossSubscriptionResourceMove, SupportsTags, SupportsLocation"},{"resourceType":"managedEnvironments/certificates","locations":["Central
        US EUAP","East US 2 EUAP","North Central US (Stage)","West US 2","Southeast
        Asia","Sweden Central","Canada Central","West Europe","North Europe","East
        US","East US 2","East Asia","Australia East","Germany West Central","Japan
        East","UK South","West US","Central US","North Central US","South Central
        US","Korea Central","Brazil South","West US 3","France Central","South Africa
        North","Norway East","Switzerland North","UAE North","Canada East","West Central
        US","UK West","Central India","Switzerland West"],"apiVersions":["2023-08-01-preview","2023-05-02-preview","2023-05-01","2023-04-01-preview","2022-11-01-preview","2022-10-01","2022-06-01-preview","2022-03-01"],"defaultApiVersion":"2023-05-01","capabilities":"CrossResourceGroupResourceMove,
        CrossSubscriptionResourceMove, SupportsTags, SupportsLocation"},{"resourceType":"managedEnvironments/managedCertificates","locations":["Central
        US EUAP","East US 2 EUAP","North Central US (Stage)","West US 2","Southeast
        Asia","Sweden Central","Canada Central","West Europe","North Europe","East
        US","East US 2","East Asia","Australia East","Germany West Central","Japan
        East","UK South","West US","Central US","North Central US","South Central
        US","Korea Central","Brazil South","West US 3","France Central","South Africa
        North","Norway East","Switzerland North","UAE North","Canada East","West Central
        US","UK West","Central India","Switzerland West"],"apiVersions":["2023-08-01-preview","2023-05-02-preview","2023-05-01","2023-04-01-preview","2022-11-01-preview"],"defaultApiVersion":"2023-05-01","capabilities":"CrossResourceGroupResourceMove,
        CrossSubscriptionResourceMove, SupportsTags, SupportsLocation"},{"resourceType":"containerApps","locations":["Central
        US EUAP","East US 2 EUAP","North Central US (Stage)","West US 2","Southeast
        Asia","Sweden Central","Canada Central","West Europe","North Europe","East
        US","East US 2","East Asia","Australia East","Germany West Central","Japan
        East","UK South","West US","Central US","North Central US","South Central
        US","Korea Central","Brazil South","West US 3","France Central","South Africa
        North","Norway East","Switzerland North","UAE North","Canada East","West Central
        US","UK West","Central India","Switzerland West"],"apiVersions":["2023-08-01-preview","2023-05-02-preview","2023-05-01","2023-04-01-preview","2022-11-01-preview","2022-10-01","2022-06-01-preview","2022-03-01"],"defaultApiVersion":"2023-05-01","capabilities":"CrossResourceGroupResourceMove,
        CrossSubscriptionResourceMove, SystemAssignedResourceIdentity, SupportsTags,
        SupportsLocation"},{"resourceType":"jobs","locations":["Central US EUAP","East
        US 2 EUAP","North Central US (Stage)","West US 2","Southeast Asia","Sweden
        Central","Canada Central","West Europe","North Europe","East US","East US
        2","East Asia","Australia East","Germany West Central","Japan East","UK South","West
        US","Central US","North Central US","South Central US","Korea Central","Brazil
        South","West US 3","France Central","South Africa North","Norway East","Switzerland
        North","UAE North","Canada East","West Central US","UK West","Central India","Switzerland
        West"],"apiVersions":["2023-08-01-preview","2023-05-02-preview","2023-05-01","2023-04-01-preview","2022-11-01-preview"],"defaultApiVersion":"2023-05-01","capabilities":"CrossResourceGroupResourceMove,
        CrossSubscriptionResourceMove, SystemAssignedResourceIdentity, SupportsTags,
        SupportsLocation"},{"resourceType":"locations","locations":[],"apiVersions":["2023-08-01-preview","2023-05-02-preview","2023-05-01","2023-04-01-preview","2022-11-01-preview","2022-10-01","2022-06-01-preview","2022-03-01"],"defaultApiVersion":"2023-05-01","capabilities":"None"},{"resourceType":"locations/managedEnvironmentOperationResults","locations":["Central
        US EUAP","East US 2 EUAP","North Central US (Stage)","West US 2","Southeast
        Asia","Sweden Central","Canada Central","West Europe","North Europe","East
        US","East US 2","East Asia","Australia East","Germany West Central","Japan
        East","UK South","West US","Central US","North Central US","South Central
        US","Korea Central","Brazil South","West US 3","France Central","South Africa
        North","Norway East","Switzerland North","UAE North","Canada East","West Central
        US","UK West","Central India","Switzerland West"],"apiVersions":["2023-08-01-preview","2023-05-02-preview","2023-05-01","2023-04-01-preview","2022-11-01-preview","2022-10-01","2022-06-01-preview","2022-03-01"],"defaultApiVersion":"2023-05-01","capabilities":"None"},{"resourceType":"locations/managedEnvironmentOperationStatuses","locations":["Central
        US EUAP","East US 2 EUAP","North Central US (Stage)","West US 2","Southeast
        Asia","Sweden Central","Canada Central","West Europe","North Europe","East
        US","East US 2","East Asia","Australia East","Germany West Central","Japan
        East","UK South","West US","Central US","North Central US","South Central
        US","Korea Central","Brazil South","West US 3","France Central","South Africa
        North","Norway East","Switzerland North","UAE North","Canada East","West Central
        US","UK West","Central India","Switzerland West"],"apiVersions":["2023-08-01-preview","2023-05-02-preview","2023-05-01","2023-04-01-preview","2022-11-01-preview","2022-10-01","2022-06-01-preview","2022-03-01"],"defaultApiVersion":"2023-05-01","capabilities":"None"},{"resourceType":"locations/containerappOperationResults","locations":["Central
        US EUAP","East US 2 EUAP","North Central US (Stage)","West US 2","Southeast
        Asia","Sweden Central","Canada Central","West Europe","North Europe","East
        US","East US 2","East Asia","Australia East","Germany West Central","Japan
        East","UK South","West US","Central US","North Central US","South Central
        US","Korea Central","Brazil South","West US 3","France Central","South Africa
        North","Norway East","Switzerland North","UAE North","Canada East","West Central
        US","UK West","Central India","Switzerland West"],"apiVersions":["2023-08-01-preview","2023-05-02-preview","2023-05-01","2023-04-01-preview","2022-11-01-preview","2022-10-01","2022-06-01-preview","2022-03-01"],"defaultApiVersion":"2023-05-01","capabilities":"None"},{"resourceType":"locations/containerappOperationStatuses","locations":["Central
        US EUAP","East US 2 EUAP","North Central US (Stage)","West US 2","Southeast
        Asia","Sweden Central","Canada Central","West Europe","North Europe","East
        US","East US 2","East Asia","Australia East","Germany West Central","Japan
        East","UK South","West US","Central US","North Central US","South Central
        US","Korea Central","Brazil South","West US 3","France Central","South Africa
        North","Norway East","Switzerland North","UAE North","Canada East","West Central
        US","UK West","Central India","Switzerland West"],"apiVersions":["2023-08-01-preview","2023-05-02-preview","2023-05-01","2023-04-01-preview","2022-11-01-preview","2022-10-01","2022-06-01-preview","2022-03-01"],"defaultApiVersion":"2023-05-01","capabilities":"None"},{"resourceType":"locations/containerappsjobOperationResults","locations":["Central
        US EUAP","East US 2 EUAP","North Central US (Stage)","West US 2","Southeast
        Asia","Sweden Central","Canada Central","West Europe","North Europe","East
        US","East US 2","East Asia","Australia East","Germany West Central","Japan
        East","UK South","West US","Central US","North Central US","South Central
        US","Korea Central","Brazil South","West US 3","France Central","South Africa
        North","Norway East","Switzerland North","UAE North","Canada East","West Central
        US","UK West","Central India","Switzerland West"],"apiVersions":["2023-08-01-preview","2023-05-02-preview","2023-05-01","2023-04-01-preview","2022-11-01-preview"],"defaultApiVersion":"2023-05-01","capabilities":"None"},{"resourceType":"locations/containerappsjobOperationStatuses","locations":["Central
        US EUAP","East US 2 EUAP","North Central US (Stage)","West US 2","Southeast
        Asia","Sweden Central","Canada Central","West Europe","North Europe","East
        US","East US 2","East Asia","Australia East","Germany West Central","Japan
        East","UK South","West US","Central US","North Central US","South Central
        US","Korea Central","Brazil South","West US 3","France Central","South Africa
        North","Norway East","Switzerland North","UAE North","Canada East","West Central
        US","UK West","Central India","Switzerland West"],"apiVersions":["2023-08-01-preview","2023-05-02-preview","2023-05-01","2023-04-01-preview","2022-11-01-preview"],"defaultApiVersion":"2023-05-01","capabilities":"None"},{"resourceType":"locations/sourceControlOperationResults","locations":["Central
        US EUAP","East US 2 EUAP","North Central US (Stage)","West US 2","Southeast
        Asia","Sweden Central","Canada Central","West Europe","North Europe","East
        US","East US 2","East Asia","Australia East","Germany West Central","Japan
        East","UK South","West US","Central US","North Central US","South Central
        US","Korea Central","Brazil South","West US 3","France Central","South Africa
        North","Norway East","Switzerland North","UAE North","Canada East","West Central
        US","UK West","Central India","Switzerland West"],"apiVersions":["2023-08-01-preview","2023-05-02-preview","2023-05-01","2023-04-01-preview","2022-11-01-preview","2022-10-01","2022-06-01-preview","2022-03-01"],"defaultApiVersion":"2023-05-01","capabilities":"None"},{"resourceType":"locations/sourceControlOperationStatuses","locations":["Central
        US EUAP","East US 2 EUAP","North Central US (Stage)","West US 2","Southeast
        Asia","Sweden Central","Canada Central","West Europe","North Europe","East
        US","East US 2","East Asia","Australia East","Germany West Central","Japan
        East","UK South","West US","Central US","North Central US","South Central
        US","Korea Central","Brazil South","West US 3","France Central","South Africa
        North","Norway East","Switzerland North","UAE North","Canada East","West Central
        US","UK West","Central India","Switzerland West"],"apiVersions":["2023-08-01-preview","2023-05-02-preview","2023-05-01","2023-04-01-preview","2022-11-01-preview","2022-10-01","2022-06-01-preview","2022-03-01"],"defaultApiVersion":"2023-05-01","capabilities":"None"},{"resourceType":"locations/usages","locations":["Central
        US EUAP","East US 2 EUAP","North Central US (Stage)","West US 2","Southeast
        Asia","Sweden Central","Canada Central","West Europe","North Europe","East
        US","East US 2","East Asia","Australia East","Germany West Central","Japan
        East","UK South","West US","Central US","North Central US","South Central
        US","Korea Central","Brazil South","West US 3","France Central","South Africa
        North","Norway East","Switzerland North","UAE North","Canada East","West Central
        US","UK West","Central India","Switzerland West"],"apiVersions":["2023-08-01-preview","2023-05-02-preview"],"defaultApiVersion":"2023-05-02-preview","capabilities":"None"},{"resourceType":"connectedEnvironments","locations":["Central
        US EUAP","East US 2 EUAP","North Central US (Stage)","North Central US","East
        US","East Asia","West Europe","Southeast Asia"],"apiVersions":["2023-08-01-preview","2023-05-02-preview","2023-05-01","2023-04-01-preview","2022-11-01-preview","2022-10-01","2022-06-01-preview"],"defaultApiVersion":"2023-05-01","capabilities":"CrossResourceGroupResourceMove,
        CrossSubscriptionResourceMove, SupportsTags, SupportsLocation"},{"resourceType":"connectedEnvironments/certificates","locations":["Central
        US EUAP","East US 2 EUAP","North Central US (Stage)","North Central US","East
        US","East Asia","West Europe","Southeast Asia"],"apiVersions":["2023-08-01-preview","2023-05-02-preview","2023-05-01","2023-04-01-preview","2022-11-01-preview","2022-10-01","2022-06-01-preview"],"defaultApiVersion":"2023-05-01","capabilities":"CrossResourceGroupResourceMove,
        CrossSubscriptionResourceMove, SupportsTags, SupportsLocation"},{"resourceType":"locations/connectedEnvironmentOperationResults","locations":["Central
        US EUAP","East US 2 EUAP","North Central US (Stage)","North Central US","East
        US","East Asia","West Europe","Southeast Asia"],"apiVersions":["2023-08-01-preview","2023-05-02-preview","2023-05-01","2023-04-01-preview","2022-11-01-preview","2022-10-01","2022-06-01-preview"],"defaultApiVersion":"2023-05-01","capabilities":"None"},{"resourceType":"locations/connectedEnvironmentOperationStatuses","locations":["Central
        US EUAP","East US 2 EUAP","North Central US (Stage)","North Central US","East
        US","East Asia","West Europe","Southeast Asia"],"apiVersions":["2023-08-01-preview","2023-05-02-preview","2023-05-01","2023-04-01-preview","2022-11-01-preview","2022-10-01","2022-06-01-preview"],"defaultApiVersion":"2023-05-01","capabilities":"None"},{"resourceType":"locations/managedCertificateOperationStatuses","locations":["Central
        US EUAP","East US 2 EUAP","North Central US (Stage)","West US 2","Southeast
        Asia","Sweden Central","Canada Central","West Europe","North Europe","East
        US","East US 2","East Asia","Australia East","Germany West Central","Japan
        East","UK South","West US","Central US","North Central US","South Central
        US","Korea Central","Brazil South","West US 3","France Central","South Africa
        North","Norway East","Switzerland North","UAE North","Canada East","West Central
        US","UK West","Central India","Switzerland West"],"apiVersions":["2023-08-01-preview","2023-05-02-preview","2023-05-01","2023-04-01-preview","2022-11-01-preview"],"defaultApiVersion":"2023-05-01","capabilities":"None"},{"resourceType":"locations/billingMeters","locations":["Central
        US EUAP","East US 2 EUAP","North Central US (Stage)","West US 2","Southeast
        Asia","Sweden Central","Canada Central","West Europe","North Europe","East
        US","East US 2","East Asia","Australia East","Germany West Central","Japan
        East","UK South","West US","Central US","North Central US","South Central
        US","Korea Central","Brazil South","West US 3","France Central","South Africa
        North","Norway East","Switzerland North","UAE North","Canada East","West Central
        US","UK West","Central India","Switzerland West"],"apiVersions":["2023-08-01-preview","2023-05-02-preview","2023-05-01","2023-04-01-preview","2022-11-01-preview","2022-10-01","2022-06-01-preview"],"defaultApiVersion":"2023-05-01","capabilities":"None"},{"resourceType":"locations/availableManagedEnvironmentsWorkloadProfileTypes","locations":["Central
        US EUAP","East US 2 EUAP","North Central US (Stage)","West US 2","Southeast
        Asia","Sweden Central","Canada Central","West Europe","North Europe","East
        US","East US 2","East Asia","Australia East","Germany West Central","Japan
        East","UK South","West US","Central US","North Central US","South Central
        US","Korea Central","Brazil South","West US 3","France Central","South Africa
        North","Norway East","Switzerland North","UAE North","Canada East","West Central
        US","UK West","Central India","Switzerland West"],"apiVersions":["2023-08-01-preview","2023-05-02-preview","2023-05-01","2023-04-01-preview","2022-11-01-preview","2022-10-01","2022-06-01-preview"],"defaultApiVersion":"2023-05-01","capabilities":"None"},{"resourceType":"getCustomDomainVerificationId","locations":["Central
        US EUAP","East US 2 EUAP","North Central US (Stage)","West US 2","Southeast
        Asia","Sweden Central","Canada Central","West Europe","North Europe","East
        US","East US 2","East Asia","Australia East","Germany West Central","Japan
        East","UK South","West US","Central US","North Central US","South Central
        US","Korea Central","Brazil South","West US 3","France Central","South Africa
        North","Norway East","Switzerland North","UAE North","Canada East","West Central
        US","UK West","Central India","Switzerland West"],"apiVersions":["2023-08-01-preview","2023-05-02-preview"],"defaultApiVersion":"2023-05-02-preview","capabilities":"None"},{"resourceType":"builders","locations":["North
        Central US (Stage)","Central US EUAP","East US 2 EUAP","West US 2","Southeast
        Asia","Sweden Central","Canada Central","West Europe","North Europe","East
        US","East US 2","East Asia","Australia East","Germany West Central","Japan
        East","UK South","West US","Central US","North Central US","South Central
        US","Korea Central","Brazil South","West US 3","France Central","South Africa
        North","Norway East","Switzerland North","UAE North","Canada East","West Central
        US","UK West","Central India","Switzerland West"],"apiVersions":["2023-08-01-preview"],"defaultApiVersion":"2023-08-01-preview","capabilities":"CrossResourceGroupResourceMove,
        CrossSubscriptionResourceMove, SystemAssignedResourceIdentity, SupportsTags,
        SupportsLocation"},{"resourceType":"builders/builds","locations":["North Central
        US (Stage)","Central US EUAP","East US 2 EUAP","West US 2","Southeast Asia","Sweden
        Central","Canada Central","West Europe","North Europe","East US","East US
        2","East Asia","Australia East","Germany West Central","Japan East","UK South","West
        US","Central US","North Central US","South Central US","Korea Central","Brazil
        South","West US 3","France Central","South Africa North","Norway East","Switzerland
        North","UAE North","Canada East","West Central US","UK West","Central India","Switzerland
        West"],"apiVersions":["2023-08-01-preview"],"defaultApiVersion":"2023-08-01-preview","capabilities":"None"},{"resourceType":"builders/patches","locations":["North
        Central US (Stage)","Central US EUAP","East US 2 EUAP","West US 2","Southeast
        Asia","Sweden Central","Canada Central","West Europe","North Europe","East
        US","East US 2","East Asia","Australia East","Germany West Central","Japan
        East","UK South","West US","Central US","North Central US","South Central
        US","Korea Central","Brazil South","West US 3","France Central","South Africa
        North","Norway East","Switzerland North","UAE North","Canada East","West Central
        US","UK West","Central India","Switzerland West"],"apiVersions":["2023-08-01-preview"],"defaultApiVersion":"2023-08-01-preview","capabilities":"None"},{"resourceType":"locations/OperationResults","locations":["North
        Central US (Stage)","Central US EUAP","East US 2 EUAP","West US 2","Southeast
        Asia","Sweden Central","Canada Central","West Europe","North Europe","East
        US","East US 2","East Asia","Australia East","Germany West Central","Japan
        East","UK South","West US","Central US","North Central US","South Central
        US","Korea Central","Brazil South","West US 3","France Central","South Africa
        North","Norway East","Switzerland North","UAE North","Canada East","West Central
        US","UK West","Central India","Switzerland West"],"apiVersions":["2023-08-01-preview"],"defaultApiVersion":"2023-08-01-preview","capabilities":"None"},{"resourceType":"locations/OperationStatuses","locations":["North
        Central US (Stage)","Central US EUAP","East US 2 EUAP","West US 2","Southeast
        Asia","Sweden Central","Canada Central","West Europe","North Europe","East
        US","East US 2","East Asia","Australia East","Germany West Central","Japan
        East","UK South","West US","Central US","North Central US","South Central
        US","Korea Central","Brazil South","West US 3","France Central","South Africa
        North","Norway East","Switzerland North","UAE North","Canada East","West Central
        US","UK West","Central India","Switzerland West"],"apiVersions":["2023-08-01-preview"],"defaultApiVersion":"2023-08-01-preview","capabilities":"None"}],"registrationState":"Registered","registrationPolicy":"RegistrationRequired"}'
    headers:
      cache-control:
      - no-cache
      content-length:
      - '21376'
      content-type:
      - application/json; charset=utf-8
      date:
      - Thu, 26 Oct 2023 02:07:29 GMT
      expires:
      - '-1'
      pragma:
      - no-cache
      strict-transport-security:
      - max-age=31536000; includeSubDomains
      vary:
      - Accept-Encoding
      x-content-type-options:
      - nosniff
    status:
      code: 200
      message: OK
- request:
    body: null
    headers:
      Accept:
      - '*/*'
      Accept-Encoding:
      - gzip, deflate
      CommandName:
      - containerapp compose create
      Connection:
      - keep-alive
      ParameterSetName:
      - --compose-file-path --resource-group --environment
      User-Agent:
      - python/3.10.11 (Windows-10-10.0.22621-SP0) AZURECLI/2.53.0
    method: GET
    uri: https://management.azure.com/subscriptions/00000000-0000-0000-0000-000000000000/resourceGroups/client.env_rg_eastus/providers/Microsoft.App/managedEnvironments/env-eastus?api-version=2023-05-02-preview
  response:
    body:
      string: '{"id":"/subscriptions/00000000-0000-0000-0000-000000000000/resourceGroups/client.env_rg_eastus/providers/Microsoft.App/managedEnvironments/env-eastus","name":"env-eastus","type":"Microsoft.App/managedEnvironments","location":"East
        US","systemData":{"createdBy":"xinyupang@microsoft.com","createdByType":"User","createdAt":"2023-10-23T04:59:04.4655929","lastModifiedBy":"xinyupang@microsoft.com","lastModifiedByType":"User","lastModifiedAt":"2023-10-23T04:59:04.4655929"},"properties":{"provisioningState":"Succeeded","daprAIInstrumentationKey":null,"daprAIConnectionString":null,"vnetConfiguration":null,"defaultDomain":"whitebeach-63bf60a5.eastus.azurecontainerapps.io","staticIp":"52.224.202.83","appLogsConfiguration":{"destination":null,"logAnalyticsConfiguration":null},"zoneRedundant":false,"kedaConfiguration":{"version":"2.10.0"},"daprConfiguration":{"version":"1.11.2"},"eventStreamEndpoint":"https://eastus.azurecontainerapps.dev/subscriptions/00000000-0000-0000-0000-000000000000/resourceGroups/client.env_rg_eastus/managedEnvironments/env-eastus/eventstream","customDomainConfiguration":{"customDomainVerificationId":"D3F71C85EB6552E36A89A3E4A080C3CFB00181670B659B0003264FC673AA9B00","dnsSuffix":null,"certificateValue":null,"certificatePassword":null,"thumbprint":null,"subjectName":null,"expirationDate":null},"workloadProfiles":[{"workloadProfileType":"Consumption","name":"Consumption"}],"firstPartyConfiguration":null,"infrastructureResourceGroup":null,"peerAuthentication":{"mtls":{"enabled":false}}}}'
    headers:
      api-supported-versions:
      - 2022-01-01-preview, 2022-03-01, 2022-06-01-preview, 2022-10-01, 2022-11-01-preview,
        2023-04-01-preview, 2023-05-01, 2023-05-02-preview, 2023-08-01-preview
      cache-control:
      - no-cache
      content-length:
      - '1519'
      content-type:
      - application/json; charset=utf-8
      date:
      - Thu, 26 Oct 2023 02:07:30 GMT
      expires:
      - '-1'
      pragma:
      - no-cache
      server:
      - Microsoft-IIS/10.0
      strict-transport-security:
      - max-age=31536000; includeSubDomains
      transfer-encoding:
      - chunked
      vary:
      - Accept-Encoding,Accept-Encoding
      x-content-type-options:
      - nosniff
      x-powered-by:
      - ASP.NET
    status:
      code: 200
      message: OK
- request:
    body: null
    headers:
      Accept:
      - application/json
      Accept-Encoding:
      - gzip, deflate
      CommandName:
      - containerapp compose create
      Connection:
      - keep-alive
      ParameterSetName:
      - --compose-file-path --resource-group --environment
      User-Agent:
      - AZURECLI/2.53.0 azsdk-python-azure-mgmt-resource/23.1.0b2 Python/3.10.11 (Windows-10-10.0.22621-SP0)
    method: GET
    uri: https://management.azure.com/subscriptions/00000000-0000-0000-0000-000000000000/providers/Microsoft.App?api-version=2022-09-01
  response:
    body:
      string: '{"id":"/subscriptions/00000000-0000-0000-0000-000000000000/providers/Microsoft.App","namespace":"Microsoft.App","authorizations":[{"applicationId":"7e3bc4fd-85a3-4192-b177-5b8bfc87f42c","roleDefinitionId":"39a74f72-b40f-4bdc-b639-562fe2260bf0"},{"applicationId":"3734c1a4-2bed-4998-a37a-ff1a9e7bf019","roleDefinitionId":"5c779a4f-5cb2-4547-8c41-478d9be8ba90"},{"applicationId":"55ebbb62-3b9c-49fd-9b87-9595226dd4ac","roleDefinitionId":"e49ca620-7992-4561-a7df-4ed67dad77b5","managedByRoleDefinitionId":"9e3af657-a8ff-583c-a75c-2fe7c4bcb635"}],"resourceTypes":[{"resourceType":"operations","locations":["North
        Central US (Stage)","Central US EUAP","East US 2 EUAP","West US 2","Southeast
        Asia","Sweden Central","Canada Central","West Europe","North Europe","East
        US","East US 2","East Asia","Australia East","Germany West Central","Japan
        East","UK South","West US","Central US","North Central US","South Central
        US","Korea Central","Brazil South","West US 3","France Central","South Africa
        North","Norway East","Switzerland North","UAE North","Canada East","West Central
        US","UK West","Central India"],"apiVersions":["2023-05-02-preview","2023-05-01","2023-04-01-preview","2023-02-01","2022-11-01-preview","2022-10-01","2022-06-01-preview","2022-03-01"],"defaultApiVersion":"2023-05-01","capabilities":"None"},{"resourceType":"managedEnvironments","locations":["Central
        US EUAP","East US 2 EUAP","North Central US (Stage)","West US 2","Southeast
        Asia","Sweden Central","Canada Central","West Europe","North Europe","East
        US","East US 2","East Asia","Australia East","Germany West Central","Japan
        East","UK South","West US","Central US","North Central US","South Central
        US","Korea Central","Brazil South","West US 3","France Central","South Africa
        North","Norway East","Switzerland North","UAE North","Canada East","West Central
        US","UK West","Central India","Switzerland West"],"apiVersions":["2023-08-01-preview","2023-05-02-preview","2023-05-01","2023-04-01-preview","2022-11-01-preview","2022-10-01","2022-06-01-preview","2022-03-01"],"defaultApiVersion":"2023-05-01","capabilities":"CrossResourceGroupResourceMove,
        CrossSubscriptionResourceMove, SupportsTags, SupportsLocation"},{"resourceType":"managedEnvironments/certificates","locations":["Central
        US EUAP","East US 2 EUAP","North Central US (Stage)","West US 2","Southeast
        Asia","Sweden Central","Canada Central","West Europe","North Europe","East
        US","East US 2","East Asia","Australia East","Germany West Central","Japan
        East","UK South","West US","Central US","North Central US","South Central
        US","Korea Central","Brazil South","West US 3","France Central","South Africa
        North","Norway East","Switzerland North","UAE North","Canada East","West Central
        US","UK West","Central India","Switzerland West"],"apiVersions":["2023-08-01-preview","2023-05-02-preview","2023-05-01","2023-04-01-preview","2022-11-01-preview","2022-10-01","2022-06-01-preview","2022-03-01"],"defaultApiVersion":"2023-05-01","capabilities":"CrossResourceGroupResourceMove,
        CrossSubscriptionResourceMove, SupportsTags, SupportsLocation"},{"resourceType":"managedEnvironments/managedCertificates","locations":["Central
        US EUAP","East US 2 EUAP","North Central US (Stage)","West US 2","Southeast
        Asia","Sweden Central","Canada Central","West Europe","North Europe","East
        US","East US 2","East Asia","Australia East","Germany West Central","Japan
        East","UK South","West US","Central US","North Central US","South Central
        US","Korea Central","Brazil South","West US 3","France Central","South Africa
        North","Norway East","Switzerland North","UAE North","Canada East","West Central
        US","UK West","Central India","Switzerland West"],"apiVersions":["2023-08-01-preview","2023-05-02-preview","2023-05-01","2023-04-01-preview","2022-11-01-preview"],"defaultApiVersion":"2023-05-01","capabilities":"CrossResourceGroupResourceMove,
        CrossSubscriptionResourceMove, SupportsTags, SupportsLocation"},{"resourceType":"containerApps","locations":["Central
        US EUAP","East US 2 EUAP","North Central US (Stage)","West US 2","Southeast
        Asia","Sweden Central","Canada Central","West Europe","North Europe","East
        US","East US 2","East Asia","Australia East","Germany West Central","Japan
        East","UK South","West US","Central US","North Central US","South Central
        US","Korea Central","Brazil South","West US 3","France Central","South Africa
        North","Norway East","Switzerland North","UAE North","Canada East","West Central
        US","UK West","Central India","Switzerland West"],"apiVersions":["2023-08-01-preview","2023-05-02-preview","2023-05-01","2023-04-01-preview","2022-11-01-preview","2022-10-01","2022-06-01-preview","2022-03-01"],"defaultApiVersion":"2023-05-01","capabilities":"CrossResourceGroupResourceMove,
        CrossSubscriptionResourceMove, SystemAssignedResourceIdentity, SupportsTags,
        SupportsLocation"},{"resourceType":"jobs","locations":["Central US EUAP","East
        US 2 EUAP","North Central US (Stage)","West US 2","Southeast Asia","Sweden
        Central","Canada Central","West Europe","North Europe","East US","East US
        2","East Asia","Australia East","Germany West Central","Japan East","UK South","West
        US","Central US","North Central US","South Central US","Korea Central","Brazil
        South","West US 3","France Central","South Africa North","Norway East","Switzerland
        North","UAE North","Canada East","West Central US","UK West","Central India","Switzerland
        West"],"apiVersions":["2023-08-01-preview","2023-05-02-preview","2023-05-01","2023-04-01-preview","2022-11-01-preview"],"defaultApiVersion":"2023-05-01","capabilities":"CrossResourceGroupResourceMove,
        CrossSubscriptionResourceMove, SystemAssignedResourceIdentity, SupportsTags,
        SupportsLocation"},{"resourceType":"locations","locations":[],"apiVersions":["2023-08-01-preview","2023-05-02-preview","2023-05-01","2023-04-01-preview","2022-11-01-preview","2022-10-01","2022-06-01-preview","2022-03-01"],"defaultApiVersion":"2023-05-01","capabilities":"None"},{"resourceType":"locations/managedEnvironmentOperationResults","locations":["Central
        US EUAP","East US 2 EUAP","North Central US (Stage)","West US 2","Southeast
        Asia","Sweden Central","Canada Central","West Europe","North Europe","East
        US","East US 2","East Asia","Australia East","Germany West Central","Japan
        East","UK South","West US","Central US","North Central US","South Central
        US","Korea Central","Brazil South","West US 3","France Central","South Africa
        North","Norway East","Switzerland North","UAE North","Canada East","West Central
        US","UK West","Central India","Switzerland West"],"apiVersions":["2023-08-01-preview","2023-05-02-preview","2023-05-01","2023-04-01-preview","2022-11-01-preview","2022-10-01","2022-06-01-preview","2022-03-01"],"defaultApiVersion":"2023-05-01","capabilities":"None"},{"resourceType":"locations/managedEnvironmentOperationStatuses","locations":["Central
        US EUAP","East US 2 EUAP","North Central US (Stage)","West US 2","Southeast
        Asia","Sweden Central","Canada Central","West Europe","North Europe","East
        US","East US 2","East Asia","Australia East","Germany West Central","Japan
        East","UK South","West US","Central US","North Central US","South Central
        US","Korea Central","Brazil South","West US 3","France Central","South Africa
        North","Norway East","Switzerland North","UAE North","Canada East","West Central
        US","UK West","Central India","Switzerland West"],"apiVersions":["2023-08-01-preview","2023-05-02-preview","2023-05-01","2023-04-01-preview","2022-11-01-preview","2022-10-01","2022-06-01-preview","2022-03-01"],"defaultApiVersion":"2023-05-01","capabilities":"None"},{"resourceType":"locations/containerappOperationResults","locations":["Central
        US EUAP","East US 2 EUAP","North Central US (Stage)","West US 2","Southeast
        Asia","Sweden Central","Canada Central","West Europe","North Europe","East
        US","East US 2","East Asia","Australia East","Germany West Central","Japan
        East","UK South","West US","Central US","North Central US","South Central
        US","Korea Central","Brazil South","West US 3","France Central","South Africa
        North","Norway East","Switzerland North","UAE North","Canada East","West Central
        US","UK West","Central India","Switzerland West"],"apiVersions":["2023-08-01-preview","2023-05-02-preview","2023-05-01","2023-04-01-preview","2022-11-01-preview","2022-10-01","2022-06-01-preview","2022-03-01"],"defaultApiVersion":"2023-05-01","capabilities":"None"},{"resourceType":"locations/containerappOperationStatuses","locations":["Central
        US EUAP","East US 2 EUAP","North Central US (Stage)","West US 2","Southeast
        Asia","Sweden Central","Canada Central","West Europe","North Europe","East
        US","East US 2","East Asia","Australia East","Germany West Central","Japan
        East","UK South","West US","Central US","North Central US","South Central
        US","Korea Central","Brazil South","West US 3","France Central","South Africa
        North","Norway East","Switzerland North","UAE North","Canada East","West Central
        US","UK West","Central India","Switzerland West"],"apiVersions":["2023-08-01-preview","2023-05-02-preview","2023-05-01","2023-04-01-preview","2022-11-01-preview","2022-10-01","2022-06-01-preview","2022-03-01"],"defaultApiVersion":"2023-05-01","capabilities":"None"},{"resourceType":"locations/containerappsjobOperationResults","locations":["Central
        US EUAP","East US 2 EUAP","North Central US (Stage)","West US 2","Southeast
        Asia","Sweden Central","Canada Central","West Europe","North Europe","East
        US","East US 2","East Asia","Australia East","Germany West Central","Japan
        East","UK South","West US","Central US","North Central US","South Central
        US","Korea Central","Brazil South","West US 3","France Central","South Africa
        North","Norway East","Switzerland North","UAE North","Canada East","West Central
        US","UK West","Central India","Switzerland West"],"apiVersions":["2023-08-01-preview","2023-05-02-preview","2023-05-01","2023-04-01-preview","2022-11-01-preview"],"defaultApiVersion":"2023-05-01","capabilities":"None"},{"resourceType":"locations/containerappsjobOperationStatuses","locations":["Central
        US EUAP","East US 2 EUAP","North Central US (Stage)","West US 2","Southeast
        Asia","Sweden Central","Canada Central","West Europe","North Europe","East
        US","East US 2","East Asia","Australia East","Germany West Central","Japan
        East","UK South","West US","Central US","North Central US","South Central
        US","Korea Central","Brazil South","West US 3","France Central","South Africa
        North","Norway East","Switzerland North","UAE North","Canada East","West Central
        US","UK West","Central India","Switzerland West"],"apiVersions":["2023-08-01-preview","2023-05-02-preview","2023-05-01","2023-04-01-preview","2022-11-01-preview"],"defaultApiVersion":"2023-05-01","capabilities":"None"},{"resourceType":"locations/sourceControlOperationResults","locations":["Central
        US EUAP","East US 2 EUAP","North Central US (Stage)","West US 2","Southeast
        Asia","Sweden Central","Canada Central","West Europe","North Europe","East
        US","East US 2","East Asia","Australia East","Germany West Central","Japan
        East","UK South","West US","Central US","North Central US","South Central
        US","Korea Central","Brazil South","West US 3","France Central","South Africa
        North","Norway East","Switzerland North","UAE North","Canada East","West Central
        US","UK West","Central India","Switzerland West"],"apiVersions":["2023-08-01-preview","2023-05-02-preview","2023-05-01","2023-04-01-preview","2022-11-01-preview","2022-10-01","2022-06-01-preview","2022-03-01"],"defaultApiVersion":"2023-05-01","capabilities":"None"},{"resourceType":"locations/sourceControlOperationStatuses","locations":["Central
        US EUAP","East US 2 EUAP","North Central US (Stage)","West US 2","Southeast
        Asia","Sweden Central","Canada Central","West Europe","North Europe","East
        US","East US 2","East Asia","Australia East","Germany West Central","Japan
        East","UK South","West US","Central US","North Central US","South Central
        US","Korea Central","Brazil South","West US 3","France Central","South Africa
        North","Norway East","Switzerland North","UAE North","Canada East","West Central
        US","UK West","Central India","Switzerland West"],"apiVersions":["2023-08-01-preview","2023-05-02-preview","2023-05-01","2023-04-01-preview","2022-11-01-preview","2022-10-01","2022-06-01-preview","2022-03-01"],"defaultApiVersion":"2023-05-01","capabilities":"None"},{"resourceType":"locations/usages","locations":["Central
        US EUAP","East US 2 EUAP","North Central US (Stage)","West US 2","Southeast
        Asia","Sweden Central","Canada Central","West Europe","North Europe","East
        US","East US 2","East Asia","Australia East","Germany West Central","Japan
        East","UK South","West US","Central US","North Central US","South Central
        US","Korea Central","Brazil South","West US 3","France Central","South Africa
        North","Norway East","Switzerland North","UAE North","Canada East","West Central
        US","UK West","Central India","Switzerland West"],"apiVersions":["2023-08-01-preview","2023-05-02-preview"],"defaultApiVersion":"2023-05-02-preview","capabilities":"None"},{"resourceType":"connectedEnvironments","locations":["Central
        US EUAP","East US 2 EUAP","North Central US (Stage)","North Central US","East
        US","East Asia","West Europe","Southeast Asia"],"apiVersions":["2023-08-01-preview","2023-05-02-preview","2023-05-01","2023-04-01-preview","2022-11-01-preview","2022-10-01","2022-06-01-preview"],"defaultApiVersion":"2023-05-01","capabilities":"CrossResourceGroupResourceMove,
        CrossSubscriptionResourceMove, SupportsTags, SupportsLocation"},{"resourceType":"connectedEnvironments/certificates","locations":["Central
        US EUAP","East US 2 EUAP","North Central US (Stage)","North Central US","East
        US","East Asia","West Europe","Southeast Asia"],"apiVersions":["2023-08-01-preview","2023-05-02-preview","2023-05-01","2023-04-01-preview","2022-11-01-preview","2022-10-01","2022-06-01-preview"],"defaultApiVersion":"2023-05-01","capabilities":"CrossResourceGroupResourceMove,
        CrossSubscriptionResourceMove, SupportsTags, SupportsLocation"},{"resourceType":"locations/connectedEnvironmentOperationResults","locations":["Central
        US EUAP","East US 2 EUAP","North Central US (Stage)","North Central US","East
        US","East Asia","West Europe","Southeast Asia"],"apiVersions":["2023-08-01-preview","2023-05-02-preview","2023-05-01","2023-04-01-preview","2022-11-01-preview","2022-10-01","2022-06-01-preview"],"defaultApiVersion":"2023-05-01","capabilities":"None"},{"resourceType":"locations/connectedEnvironmentOperationStatuses","locations":["Central
        US EUAP","East US 2 EUAP","North Central US (Stage)","North Central US","East
        US","East Asia","West Europe","Southeast Asia"],"apiVersions":["2023-08-01-preview","2023-05-02-preview","2023-05-01","2023-04-01-preview","2022-11-01-preview","2022-10-01","2022-06-01-preview"],"defaultApiVersion":"2023-05-01","capabilities":"None"},{"resourceType":"locations/managedCertificateOperationStatuses","locations":["Central
        US EUAP","East US 2 EUAP","North Central US (Stage)","West US 2","Southeast
        Asia","Sweden Central","Canada Central","West Europe","North Europe","East
        US","East US 2","East Asia","Australia East","Germany West Central","Japan
        East","UK South","West US","Central US","North Central US","South Central
        US","Korea Central","Brazil South","West US 3","France Central","South Africa
        North","Norway East","Switzerland North","UAE North","Canada East","West Central
        US","UK West","Central India","Switzerland West"],"apiVersions":["2023-08-01-preview","2023-05-02-preview","2023-05-01","2023-04-01-preview","2022-11-01-preview"],"defaultApiVersion":"2023-05-01","capabilities":"None"},{"resourceType":"locations/billingMeters","locations":["Central
        US EUAP","East US 2 EUAP","North Central US (Stage)","West US 2","Southeast
        Asia","Sweden Central","Canada Central","West Europe","North Europe","East
        US","East US 2","East Asia","Australia East","Germany West Central","Japan
        East","UK South","West US","Central US","North Central US","South Central
        US","Korea Central","Brazil South","West US 3","France Central","South Africa
        North","Norway East","Switzerland North","UAE North","Canada East","West Central
        US","UK West","Central India","Switzerland West"],"apiVersions":["2023-08-01-preview","2023-05-02-preview","2023-05-01","2023-04-01-preview","2022-11-01-preview","2022-10-01","2022-06-01-preview"],"defaultApiVersion":"2023-05-01","capabilities":"None"},{"resourceType":"locations/availableManagedEnvironmentsWorkloadProfileTypes","locations":["Central
        US EUAP","East US 2 EUAP","North Central US (Stage)","West US 2","Southeast
        Asia","Sweden Central","Canada Central","West Europe","North Europe","East
        US","East US 2","East Asia","Australia East","Germany West Central","Japan
        East","UK South","West US","Central US","North Central US","South Central
        US","Korea Central","Brazil South","West US 3","France Central","South Africa
        North","Norway East","Switzerland North","UAE North","Canada East","West Central
        US","UK West","Central India","Switzerland West"],"apiVersions":["2023-08-01-preview","2023-05-02-preview","2023-05-01","2023-04-01-preview","2022-11-01-preview","2022-10-01","2022-06-01-preview"],"defaultApiVersion":"2023-05-01","capabilities":"None"},{"resourceType":"getCustomDomainVerificationId","locations":["Central
        US EUAP","East US 2 EUAP","North Central US (Stage)","West US 2","Southeast
        Asia","Sweden Central","Canada Central","West Europe","North Europe","East
        US","East US 2","East Asia","Australia East","Germany West Central","Japan
        East","UK South","West US","Central US","North Central US","South Central
        US","Korea Central","Brazil South","West US 3","France Central","South Africa
        North","Norway East","Switzerland North","UAE North","Canada East","West Central
        US","UK West","Central India","Switzerland West"],"apiVersions":["2023-08-01-preview","2023-05-02-preview"],"defaultApiVersion":"2023-05-02-preview","capabilities":"None"},{"resourceType":"builders","locations":["North
        Central US (Stage)","Central US EUAP","East US 2 EUAP","West US 2","Southeast
        Asia","Sweden Central","Canada Central","West Europe","North Europe","East
        US","East US 2","East Asia","Australia East","Germany West Central","Japan
        East","UK South","West US","Central US","North Central US","South Central
        US","Korea Central","Brazil South","West US 3","France Central","South Africa
        North","Norway East","Switzerland North","UAE North","Canada East","West Central
        US","UK West","Central India","Switzerland West"],"apiVersions":["2023-08-01-preview"],"defaultApiVersion":"2023-08-01-preview","capabilities":"CrossResourceGroupResourceMove,
        CrossSubscriptionResourceMove, SystemAssignedResourceIdentity, SupportsTags,
        SupportsLocation"},{"resourceType":"builders/builds","locations":["North Central
        US (Stage)","Central US EUAP","East US 2 EUAP","West US 2","Southeast Asia","Sweden
        Central","Canada Central","West Europe","North Europe","East US","East US
        2","East Asia","Australia East","Germany West Central","Japan East","UK South","West
        US","Central US","North Central US","South Central US","Korea Central","Brazil
        South","West US 3","France Central","South Africa North","Norway East","Switzerland
        North","UAE North","Canada East","West Central US","UK West","Central India","Switzerland
        West"],"apiVersions":["2023-08-01-preview"],"defaultApiVersion":"2023-08-01-preview","capabilities":"None"},{"resourceType":"builders/patches","locations":["North
        Central US (Stage)","Central US EUAP","East US 2 EUAP","West US 2","Southeast
        Asia","Sweden Central","Canada Central","West Europe","North Europe","East
        US","East US 2","East Asia","Australia East","Germany West Central","Japan
        East","UK South","West US","Central US","North Central US","South Central
        US","Korea Central","Brazil South","West US 3","France Central","South Africa
        North","Norway East","Switzerland North","UAE North","Canada East","West Central
        US","UK West","Central India","Switzerland West"],"apiVersions":["2023-08-01-preview"],"defaultApiVersion":"2023-08-01-preview","capabilities":"None"},{"resourceType":"locations/OperationResults","locations":["North
        Central US (Stage)","Central US EUAP","East US 2 EUAP","West US 2","Southeast
        Asia","Sweden Central","Canada Central","West Europe","North Europe","East
        US","East US 2","East Asia","Australia East","Germany West Central","Japan
        East","UK South","West US","Central US","North Central US","South Central
        US","Korea Central","Brazil South","West US 3","France Central","South Africa
        North","Norway East","Switzerland North","UAE North","Canada East","West Central
        US","UK West","Central India","Switzerland West"],"apiVersions":["2023-08-01-preview"],"defaultApiVersion":"2023-08-01-preview","capabilities":"None"},{"resourceType":"locations/OperationStatuses","locations":["North
        Central US (Stage)","Central US EUAP","East US 2 EUAP","West US 2","Southeast
        Asia","Sweden Central","Canada Central","West Europe","North Europe","East
        US","East US 2","East Asia","Australia East","Germany West Central","Japan
        East","UK South","West US","Central US","North Central US","South Central
        US","Korea Central","Brazil South","West US 3","France Central","South Africa
        North","Norway East","Switzerland North","UAE North","Canada East","West Central
        US","UK West","Central India","Switzerland West"],"apiVersions":["2023-08-01-preview"],"defaultApiVersion":"2023-08-01-preview","capabilities":"None"}],"registrationState":"Registered","registrationPolicy":"RegistrationRequired"}'
    headers:
      cache-control:
      - no-cache
      content-length:
      - '21376'
      content-type:
      - application/json; charset=utf-8
      date:
      - Thu, 26 Oct 2023 02:07:30 GMT
      expires:
      - '-1'
      pragma:
      - no-cache
      strict-transport-security:
      - max-age=31536000; includeSubDomains
      vary:
      - Accept-Encoding
      x-content-type-options:
      - nosniff
    status:
      code: 200
      message: OK
- request:
    body: '{"location": "East US", "identity": {"type": "None", "userAssignedIdentities":
      null}, "properties": {"environmentId": "/subscriptions/00000000-0000-0000-0000-000000000000/resourceGroups/client.env_rg_eastus/providers/Microsoft.App/managedEnvironments/env-eastus",
      "configuration": {"secrets": null, "activeRevisionsMode": "single", "ingress":
      null, "dapr": null, "registries": null, "service": null}, "template": {"revisionSuffix":
      null, "containers": [{"image": "mcr.microsoft.com/azuredocs/aks-helloworld:v1",
      "name": "foo", "command": null, "args": null, "env": [{"name": "RACK_ENV", "value":
      "development"}, {"name": "SHOW", "value": "true"}, {"name": "BAZ", "value":
      "\"snafu\""}], "resources": null, "volumeMounts": null}], "initContainers":
      null, "scale": null, "volumes": null, "serviceBinds": null}, "workloadProfileName":
      null}, "tags": null}'
    headers:
      Accept:
      - '*/*'
      Accept-Encoding:
      - gzip, deflate
      CommandName:
      - containerapp compose create
      Connection:
      - keep-alive
      Content-Length:
      - '852'
      Content-Type:
      - application/json
      ParameterSetName:
      - --compose-file-path --resource-group --environment
      User-Agent:
      - python/3.10.11 (Windows-10-10.0.22621-SP0) AZURECLI/2.53.0
    method: PUT
    uri: https://management.azure.com/subscriptions/00000000-0000-0000-0000-000000000000/resourceGroups/cli_test_containerapp_preview000001/providers/Microsoft.App/containerApps/foo?api-version=2023-05-02-preview
  response:
    body:
      string: '{"id":"/subscriptions/00000000-0000-0000-0000-000000000000/resourceGroups/cli_test_containerapp_preview000001/providers/Microsoft.App/containerapps/foo","name":"foo","type":"Microsoft.App/containerApps","location":"East
        US","systemData":{"createdBy":"xinyupang@microsoft.com","createdByType":"User","createdAt":"2023-10-26T02:07:33.1326267Z","lastModifiedBy":"xinyupang@microsoft.com","lastModifiedByType":"User","lastModifiedAt":"2023-10-26T02:07:33.1326267Z"},"properties":{"provisioningState":"InProgress","runningStatus":"Running","managedEnvironmentId":"/subscriptions/00000000-0000-0000-0000-000000000000/resourceGroups/client.env_rg_eastus/providers/Microsoft.App/managedEnvironments/env-eastus","environmentId":"/subscriptions/00000000-0000-0000-0000-000000000000/resourceGroups/client.env_rg_eastus/providers/Microsoft.App/managedEnvironments/env-eastus","workloadProfileName":"Consumption","outboundIpAddresses":["20.127.248.50","20.241.171.30","20.241.172.248","20.241.172.250","20.246.203.138","20.246.203.140","20.231.246.122","20.231.246.54","20.231.247.19","20.231.246.253","20.241.227.6","20.241.226.169","20.124.73.117","4.156.169.214","4.156.169.175","4.156.169.143","20.241.173.137","20.241.173.98"],"latestRevisionName":"","latestReadyRevisionName":"","latestRevisionFqdn":"","customDomainVerificationId":"D3F71C85EB6552E36A89A3E4A080C3CFB00181670B659B0003264FC673AA9B00","configuration":{"secrets":null,"activeRevisionsMode":"Single","ingress":null,"registries":null,"dapr":null,"maxInactiveRevisions":null,"service":null},"template":{"revisionSuffix":"","terminationGracePeriodSeconds":null,"containers":[{"image":"mcr.microsoft.com/azuredocs/aks-helloworld:v1","name":"foo","env":[{"name":"RACK_ENV","value":"development"},{"name":"SHOW","value":"true"},{"name":"BAZ","value":"\"snafu\""}],"resources":{"cpu":0.5,"memory":"1Gi","ephemeralStorage":"2Gi"}}],"initContainers":null,"scale":{"minReplicas":null,"maxReplicas":10,"rules":null},"volumes":null,"serviceBinds":null},"eventStreamEndpoint":"https://eastus.azurecontainerapps.dev/subscriptions/00000000-0000-0000-0000-000000000000/resourceGroups/cli_test_containerapp_preview000001/containerApps/foo/eventstream"},"identity":{"type":"None"}}'
    headers:
      api-supported-versions:
      - 2022-01-01-preview, 2022-03-01, 2022-06-01-preview, 2022-10-01, 2022-11-01-preview,
        2023-04-01-preview, 2023-05-01, 2023-05-02-preview, 2023-08-01-preview
      azure-asyncoperation:
      - https://management.azure.com/subscriptions/00000000-0000-0000-0000-000000000000/providers/Microsoft.App/locations/eastus/containerappOperationStatuses/d8ad522c-20cf-4bd3-8536-993b7ae88269?api-version=2023-05-02-preview&azureAsyncOperation=true&t=638338828553982779&c=MIIHHjCCBgagAwIBAgITfwHPGb2PGVTN4z3FUwAEAc8ZvTANBgkqhkiG9w0BAQsFADBEMRMwEQYKCZImiZPyLGQBGRYDR0JMMRMwEQYKCZImiZPyLGQBGRYDQU1FMRgwFgYDVQQDEw9BTUUgSW5mcmEgQ0EgMDIwHhcNMjMwODAyMDYzNjM2WhcNMjQwNzI3MDYzNjM2WjBAMT4wPAYDVQQDEzVhc3luY29wZXJhdGlvbnNpZ25pbmdjZXJ0aWZpY2F0ZS5tYW5hZ2VtZW50LmF6dXJlLmNvbTCCASIwDQYJKoZIhvcNAQEBBQADggEPADCCAQoCggEBALA8WMmmEO1CwTnKvAtvibQoh9fKt-nYVdbvRtzIlm4z19BYYfDibvj6l1viYhNR3bs53c9d8fIWknmMKcHdJpnnDk-sfLAVWjMNWlp_buwQ0wqnDDMi-_nqhutQ0ONUbruFxD0-bGPA3RLD9MxnV3XQGNGjXFzj7hqAQauMfHafpxwgDIEYAcWfBtE32aGB9_bxZrY8E2slVewgeS6yws88svVeMAmGPQEGqIrOrqphrXLbmWMcWg6Ixey-FyuliVC6n2ECOpeUOnI3zd3u2YXwLZrTeYxh6zaRuU-ht2zLmkisse4EaaJvcnYB1ET9IBE-LI8SxLbutQtDAe4kiSkCAwEAAaOCBAswggQHMCcGCSsGAQQBgjcVCgQaMBgwCgYIKwYBBQUHAwEwCgYIKwYBBQUHAwIwPQYJKwYBBAGCNxUHBDAwLgYmKwYBBAGCNxUIhpDjDYTVtHiE8Ys-hZvdFs6dEoFggvX2K4Py0SACAWQCAQowggHaBggrBgEFBQcBAQSCAcwwggHIMGYGCCsGAQUFBzAChlpodHRwOi8vY3JsLm1pY3Jvc29mdC5jb20vcGtpaW5mcmEvQ2VydHMvQkwyUEtJSU5UQ0EwMS5BTUUuR0JMX0FNRSUyMEluZnJhJTIwQ0ElMjAwMig0KS5jcnQwVgYIKwYBBQUHMAKGSmh0dHA6Ly9jcmwxLmFtZS5nYmwvYWlhL0JMMlBLSUlOVENBMDEuQU1FLkdCTF9BTUUlMjBJbmZyYSUyMENBJTIwMDIoNCkuY3J0MFYGCCsGAQUFBzAChkpodHRwOi8vY3JsMi5hbWUuZ2JsL2FpYS9CTDJQS0lJTlRDQTAxLkFNRS5HQkxfQU1FJTIwSW5mcmElMjBDQSUyMDAyKDQpLmNydDBWBggrBgEFBQcwAoZKaHR0cDovL2NybDMuYW1lLmdibC9haWEvQkwyUEtJSU5UQ0EwMS5BTUUuR0JMX0FNRSUyMEluZnJhJTIwQ0ElMjAwMig0KS5jcnQwVgYIKwYBBQUHMAKGSmh0dHA6Ly9jcmw0LmFtZS5nYmwvYWlhL0JMMlBLSUlOVENBMDEuQU1FLkdCTF9BTUUlMjBJbmZyYSUyMENBJTIwMDIoNCkuY3J0MB0GA1UdDgQWBBQBTTHZD8UzTofzBwHZRpdtw5XpXjAOBgNVHQ8BAf8EBAMCBaAwggE1BgNVHR8EggEsMIIBKDCCASSgggEgoIIBHIZCaHR0cDovL2NybC5taWNyb3NvZnQuY29tL3BraWluZnJhL0NSTC9BTUUlMjBJbmZyYSUyMENBJTIwMDIoNCkuY3JshjRodHRwOi8vY3JsMS5hbWUuZ2JsL2NybC9BTUUlMjBJbmZyYSUyMENBJTIwMDIoNCkuY3JshjRodHRwOi8vY3JsMi5hbWUuZ2JsL2NybC9BTUUlMjBJbmZyYSUyMENBJTIwMDIoNCkuY3JshjRodHRwOi8vY3JsMy5hbWUuZ2JsL2NybC9BTUUlMjBJbmZyYSUyMENBJTIwMDIoNCkuY3JshjRodHRwOi8vY3JsNC5hbWUuZ2JsL2NybC9BTUUlMjBJbmZyYSUyMENBJTIwMDIoNCkuY3JsMBcGA1UdIAQQMA4wDAYKKwYBBAGCN3sBATAfBgNVHSMEGDAWgBSuecJrXSWIEwb2BwnDl3x7l48dVTAdBgNVHSUEFjAUBggrBgEFBQcDAQYIKwYBBQUHAwIwDQYJKoZIhvcNAQELBQADggEBAD3Zm_z6dHneGOQPVVe1FxHrV2xvtqbjaKZAuH5rSpWUw_DJdOSV4cWnP6mHzxkPNq64LVAwgyif18NOtR825NodQN7r_Il0fGIykE4rt-M_xIqddJaoXHzIGUQ0uCofzHWG-wdvSYVhlbFFtTckqYtEA9-qW-eTU2K1wu1OQ8ry_XahL8OpgJsribT6ANlH0I5odhgLdzGhwvBWfM1-xaqN8ieQA5l7FdmYeOrZYwzX4Lc-478HHPVhkKgLr6pn1L-WJJ1mMn_PPXo4c6q34Uw6i0kyVgPeot9rO0FSHhj-YxHTde4eXuk4k1VEx6v56KK89p9N2LCqwkWf75r3Vdk&s=SwwjEm43R8D9zbiJCm6an7pujH8eg5_zVtNzQaHov1flFNAlsq0h_CJJQ2-t1EKeyJSr2e5Qj57Kz_Y97G9F2I2xNWEsnzBMaKKjE3-NEZVxj2Q1qGW0ckwXNyDWz5ITdA9GCEESRzIMAEAWwmkltEdovw1WljNwizG3ezMfK6v79_Zh3xP5kmWi50MkvhV9RuL7vk2KqmrVSoUUMgUhW1zVlrQzmXENhnAvDODHUB3jlbo745Wg2Vg0Fwveulls57gKLCrZWvbeQ3xRqi7RStnXHm7dVl2MO3WHg0DVoh0HTAA_BhOw6WnQMpZEGCyQ6E_oK9V3-8Whl1UP5lnXgQ&h=SWbuCLJZyG9V8XVbHovxrKBJfd7ytA5VswfP0Zbqa-I
      cache-control:
      - no-cache
      content-length:
      - '2218'
      content-type:
      - application/json; charset=utf-8
      date:
      - Thu, 26 Oct 2023 02:07:35 GMT
      expires:
      - '-1'
      pragma:
      - no-cache
      server:
      - Microsoft-IIS/10.0
      strict-transport-security:
      - max-age=31536000; includeSubDomains
      x-content-type-options:
      - nosniff
      x-ms-async-operation-timeout:
      - PT15M
      x-ms-ratelimit-remaining-subscription-resource-requests:
      - '699'
      x-powered-by:
      - ASP.NET
    status:
      code: 201
      message: Created
- request:
    body: null
    headers:
      Accept:
      - '*/*'
      Accept-Encoding:
      - gzip, deflate
      CommandName:
      - containerapp compose create
      Connection:
      - keep-alive
      ParameterSetName:
      - --compose-file-path --resource-group --environment
      User-Agent:
      - python/3.10.11 (Windows-10-10.0.22621-SP0) AZURECLI/2.53.0
    method: GET
    uri: https://management.azure.com/subscriptions/00000000-0000-0000-0000-000000000000/providers/Microsoft.App/locations/eastus/containerappOperationStatuses/d8ad522c-20cf-4bd3-8536-993b7ae88269?api-version=2023-05-02-preview&azureAsyncOperation=true&t=638338828553982779&c=MIIHHjCCBgagAwIBAgITfwHPGb2PGVTN4z3FUwAEAc8ZvTANBgkqhkiG9w0BAQsFADBEMRMwEQYKCZImiZPyLGQBGRYDR0JMMRMwEQYKCZImiZPyLGQBGRYDQU1FMRgwFgYDVQQDEw9BTUUgSW5mcmEgQ0EgMDIwHhcNMjMwODAyMDYzNjM2WhcNMjQwNzI3MDYzNjM2WjBAMT4wPAYDVQQDEzVhc3luY29wZXJhdGlvbnNpZ25pbmdjZXJ0aWZpY2F0ZS5tYW5hZ2VtZW50LmF6dXJlLmNvbTCCASIwDQYJKoZIhvcNAQEBBQADggEPADCCAQoCggEBALA8WMmmEO1CwTnKvAtvibQoh9fKt-nYVdbvRtzIlm4z19BYYfDibvj6l1viYhNR3bs53c9d8fIWknmMKcHdJpnnDk-sfLAVWjMNWlp_buwQ0wqnDDMi-_nqhutQ0ONUbruFxD0-bGPA3RLD9MxnV3XQGNGjXFzj7hqAQauMfHafpxwgDIEYAcWfBtE32aGB9_bxZrY8E2slVewgeS6yws88svVeMAmGPQEGqIrOrqphrXLbmWMcWg6Ixey-FyuliVC6n2ECOpeUOnI3zd3u2YXwLZrTeYxh6zaRuU-ht2zLmkisse4EaaJvcnYB1ET9IBE-LI8SxLbutQtDAe4kiSkCAwEAAaOCBAswggQHMCcGCSsGAQQBgjcVCgQaMBgwCgYIKwYBBQUHAwEwCgYIKwYBBQUHAwIwPQYJKwYBBAGCNxUHBDAwLgYmKwYBBAGCNxUIhpDjDYTVtHiE8Ys-hZvdFs6dEoFggvX2K4Py0SACAWQCAQowggHaBggrBgEFBQcBAQSCAcwwggHIMGYGCCsGAQUFBzAChlpodHRwOi8vY3JsLm1pY3Jvc29mdC5jb20vcGtpaW5mcmEvQ2VydHMvQkwyUEtJSU5UQ0EwMS5BTUUuR0JMX0FNRSUyMEluZnJhJTIwQ0ElMjAwMig0KS5jcnQwVgYIKwYBBQUHMAKGSmh0dHA6Ly9jcmwxLmFtZS5nYmwvYWlhL0JMMlBLSUlOVENBMDEuQU1FLkdCTF9BTUUlMjBJbmZyYSUyMENBJTIwMDIoNCkuY3J0MFYGCCsGAQUFBzAChkpodHRwOi8vY3JsMi5hbWUuZ2JsL2FpYS9CTDJQS0lJTlRDQTAxLkFNRS5HQkxfQU1FJTIwSW5mcmElMjBDQSUyMDAyKDQpLmNydDBWBggrBgEFBQcwAoZKaHR0cDovL2NybDMuYW1lLmdibC9haWEvQkwyUEtJSU5UQ0EwMS5BTUUuR0JMX0FNRSUyMEluZnJhJTIwQ0ElMjAwMig0KS5jcnQwVgYIKwYBBQUHMAKGSmh0dHA6Ly9jcmw0LmFtZS5nYmwvYWlhL0JMMlBLSUlOVENBMDEuQU1FLkdCTF9BTUUlMjBJbmZyYSUyMENBJTIwMDIoNCkuY3J0MB0GA1UdDgQWBBQBTTHZD8UzTofzBwHZRpdtw5XpXjAOBgNVHQ8BAf8EBAMCBaAwggE1BgNVHR8EggEsMIIBKDCCASSgggEgoIIBHIZCaHR0cDovL2NybC5taWNyb3NvZnQuY29tL3BraWluZnJhL0NSTC9BTUUlMjBJbmZyYSUyMENBJTIwMDIoNCkuY3JshjRodHRwOi8vY3JsMS5hbWUuZ2JsL2NybC9BTUUlMjBJbmZyYSUyMENBJTIwMDIoNCkuY3JshjRodHRwOi8vY3JsMi5hbWUuZ2JsL2NybC9BTUUlMjBJbmZyYSUyMENBJTIwMDIoNCkuY3JshjRodHRwOi8vY3JsMy5hbWUuZ2JsL2NybC9BTUUlMjBJbmZyYSUyMENBJTIwMDIoNCkuY3JshjRodHRwOi8vY3JsNC5hbWUuZ2JsL2NybC9BTUUlMjBJbmZyYSUyMENBJTIwMDIoNCkuY3JsMBcGA1UdIAQQMA4wDAYKKwYBBAGCN3sBATAfBgNVHSMEGDAWgBSuecJrXSWIEwb2BwnDl3x7l48dVTAdBgNVHSUEFjAUBggrBgEFBQcDAQYIKwYBBQUHAwIwDQYJKoZIhvcNAQELBQADggEBAD3Zm_z6dHneGOQPVVe1FxHrV2xvtqbjaKZAuH5rSpWUw_DJdOSV4cWnP6mHzxkPNq64LVAwgyif18NOtR825NodQN7r_Il0fGIykE4rt-M_xIqddJaoXHzIGUQ0uCofzHWG-wdvSYVhlbFFtTckqYtEA9-qW-eTU2K1wu1OQ8ry_XahL8OpgJsribT6ANlH0I5odhgLdzGhwvBWfM1-xaqN8ieQA5l7FdmYeOrZYwzX4Lc-478HHPVhkKgLr6pn1L-WJJ1mMn_PPXo4c6q34Uw6i0kyVgPeot9rO0FSHhj-YxHTde4eXuk4k1VEx6v56KK89p9N2LCqwkWf75r3Vdk&s=SwwjEm43R8D9zbiJCm6an7pujH8eg5_zVtNzQaHov1flFNAlsq0h_CJJQ2-t1EKeyJSr2e5Qj57Kz_Y97G9F2I2xNWEsnzBMaKKjE3-NEZVxj2Q1qGW0ckwXNyDWz5ITdA9GCEESRzIMAEAWwmkltEdovw1WljNwizG3ezMfK6v79_Zh3xP5kmWi50MkvhV9RuL7vk2KqmrVSoUUMgUhW1zVlrQzmXENhnAvDODHUB3jlbo745Wg2Vg0Fwveulls57gKLCrZWvbeQ3xRqi7RStnXHm7dVl2MO3WHg0DVoh0HTAA_BhOw6WnQMpZEGCyQ6E_oK9V3-8Whl1UP5lnXgQ&h=SWbuCLJZyG9V8XVbHovxrKBJfd7ytA5VswfP0Zbqa-I
  response:
    body:
      string: '{"id":"/subscriptions/00000000-0000-0000-0000-000000000000/providers/Microsoft.App/locations/eastus/containerappOperationStatuses/d8ad522c-20cf-4bd3-8536-993b7ae88269","name":"d8ad522c-20cf-4bd3-8536-993b7ae88269","status":"InProgress","startTime":"2023-10-26T02:07:34.5447606"}'
    headers:
      api-supported-versions:
      - 2022-01-01-preview, 2022-03-01, 2022-06-01-preview, 2022-10-01, 2022-11-01-preview,
        2023-04-01-preview, 2023-05-01, 2023-05-02-preview, 2023-08-01-preview
      cache-control:
      - no-cache
      content-length:
      - '278'
      content-type:
      - application/json; charset=utf-8
      date:
      - Thu, 26 Oct 2023 02:07:37 GMT
      expires:
      - '-1'
      pragma:
      - no-cache
      server:
      - Microsoft-IIS/10.0
      strict-transport-security:
      - max-age=31536000; includeSubDomains
      transfer-encoding:
      - chunked
      vary:
      - Accept-Encoding,Accept-Encoding
      x-content-type-options:
      - nosniff
      x-powered-by:
      - ASP.NET
    status:
      code: 200
      message: OK
- request:
    body: null
    headers:
      Accept:
      - '*/*'
      Accept-Encoding:
      - gzip, deflate
      CommandName:
      - containerapp compose create
      Connection:
      - keep-alive
      ParameterSetName:
      - --compose-file-path --resource-group --environment
      User-Agent:
      - python/3.10.11 (Windows-10-10.0.22621-SP0) AZURECLI/2.53.0
    method: GET
    uri: https://management.azure.com/subscriptions/00000000-0000-0000-0000-000000000000/providers/Microsoft.App/locations/eastus/containerappOperationStatuses/d8ad522c-20cf-4bd3-8536-993b7ae88269?api-version=2023-05-02-preview&azureAsyncOperation=true&t=638338828553982779&c=MIIHHjCCBgagAwIBAgITfwHPGb2PGVTN4z3FUwAEAc8ZvTANBgkqhkiG9w0BAQsFADBEMRMwEQYKCZImiZPyLGQBGRYDR0JMMRMwEQYKCZImiZPyLGQBGRYDQU1FMRgwFgYDVQQDEw9BTUUgSW5mcmEgQ0EgMDIwHhcNMjMwODAyMDYzNjM2WhcNMjQwNzI3MDYzNjM2WjBAMT4wPAYDVQQDEzVhc3luY29wZXJhdGlvbnNpZ25pbmdjZXJ0aWZpY2F0ZS5tYW5hZ2VtZW50LmF6dXJlLmNvbTCCASIwDQYJKoZIhvcNAQEBBQADggEPADCCAQoCggEBALA8WMmmEO1CwTnKvAtvibQoh9fKt-nYVdbvRtzIlm4z19BYYfDibvj6l1viYhNR3bs53c9d8fIWknmMKcHdJpnnDk-sfLAVWjMNWlp_buwQ0wqnDDMi-_nqhutQ0ONUbruFxD0-bGPA3RLD9MxnV3XQGNGjXFzj7hqAQauMfHafpxwgDIEYAcWfBtE32aGB9_bxZrY8E2slVewgeS6yws88svVeMAmGPQEGqIrOrqphrXLbmWMcWg6Ixey-FyuliVC6n2ECOpeUOnI3zd3u2YXwLZrTeYxh6zaRuU-ht2zLmkisse4EaaJvcnYB1ET9IBE-LI8SxLbutQtDAe4kiSkCAwEAAaOCBAswggQHMCcGCSsGAQQBgjcVCgQaMBgwCgYIKwYBBQUHAwEwCgYIKwYBBQUHAwIwPQYJKwYBBAGCNxUHBDAwLgYmKwYBBAGCNxUIhpDjDYTVtHiE8Ys-hZvdFs6dEoFggvX2K4Py0SACAWQCAQowggHaBggrBgEFBQcBAQSCAcwwggHIMGYGCCsGAQUFBzAChlpodHRwOi8vY3JsLm1pY3Jvc29mdC5jb20vcGtpaW5mcmEvQ2VydHMvQkwyUEtJSU5UQ0EwMS5BTUUuR0JMX0FNRSUyMEluZnJhJTIwQ0ElMjAwMig0KS5jcnQwVgYIKwYBBQUHMAKGSmh0dHA6Ly9jcmwxLmFtZS5nYmwvYWlhL0JMMlBLSUlOVENBMDEuQU1FLkdCTF9BTUUlMjBJbmZyYSUyMENBJTIwMDIoNCkuY3J0MFYGCCsGAQUFBzAChkpodHRwOi8vY3JsMi5hbWUuZ2JsL2FpYS9CTDJQS0lJTlRDQTAxLkFNRS5HQkxfQU1FJTIwSW5mcmElMjBDQSUyMDAyKDQpLmNydDBWBggrBgEFBQcwAoZKaHR0cDovL2NybDMuYW1lLmdibC9haWEvQkwyUEtJSU5UQ0EwMS5BTUUuR0JMX0FNRSUyMEluZnJhJTIwQ0ElMjAwMig0KS5jcnQwVgYIKwYBBQUHMAKGSmh0dHA6Ly9jcmw0LmFtZS5nYmwvYWlhL0JMMlBLSUlOVENBMDEuQU1FLkdCTF9BTUUlMjBJbmZyYSUyMENBJTIwMDIoNCkuY3J0MB0GA1UdDgQWBBQBTTHZD8UzTofzBwHZRpdtw5XpXjAOBgNVHQ8BAf8EBAMCBaAwggE1BgNVHR8EggEsMIIBKDCCASSgggEgoIIBHIZCaHR0cDovL2NybC5taWNyb3NvZnQuY29tL3BraWluZnJhL0NSTC9BTUUlMjBJbmZyYSUyMENBJTIwMDIoNCkuY3JshjRodHRwOi8vY3JsMS5hbWUuZ2JsL2NybC9BTUUlMjBJbmZyYSUyMENBJTIwMDIoNCkuY3JshjRodHRwOi8vY3JsMi5hbWUuZ2JsL2NybC9BTUUlMjBJbmZyYSUyMENBJTIwMDIoNCkuY3JshjRodHRwOi8vY3JsMy5hbWUuZ2JsL2NybC9BTUUlMjBJbmZyYSUyMENBJTIwMDIoNCkuY3JshjRodHRwOi8vY3JsNC5hbWUuZ2JsL2NybC9BTUUlMjBJbmZyYSUyMENBJTIwMDIoNCkuY3JsMBcGA1UdIAQQMA4wDAYKKwYBBAGCN3sBATAfBgNVHSMEGDAWgBSuecJrXSWIEwb2BwnDl3x7l48dVTAdBgNVHSUEFjAUBggrBgEFBQcDAQYIKwYBBQUHAwIwDQYJKoZIhvcNAQELBQADggEBAD3Zm_z6dHneGOQPVVe1FxHrV2xvtqbjaKZAuH5rSpWUw_DJdOSV4cWnP6mHzxkPNq64LVAwgyif18NOtR825NodQN7r_Il0fGIykE4rt-M_xIqddJaoXHzIGUQ0uCofzHWG-wdvSYVhlbFFtTckqYtEA9-qW-eTU2K1wu1OQ8ry_XahL8OpgJsribT6ANlH0I5odhgLdzGhwvBWfM1-xaqN8ieQA5l7FdmYeOrZYwzX4Lc-478HHPVhkKgLr6pn1L-WJJ1mMn_PPXo4c6q34Uw6i0kyVgPeot9rO0FSHhj-YxHTde4eXuk4k1VEx6v56KK89p9N2LCqwkWf75r3Vdk&s=SwwjEm43R8D9zbiJCm6an7pujH8eg5_zVtNzQaHov1flFNAlsq0h_CJJQ2-t1EKeyJSr2e5Qj57Kz_Y97G9F2I2xNWEsnzBMaKKjE3-NEZVxj2Q1qGW0ckwXNyDWz5ITdA9GCEESRzIMAEAWwmkltEdovw1WljNwizG3ezMfK6v79_Zh3xP5kmWi50MkvhV9RuL7vk2KqmrVSoUUMgUhW1zVlrQzmXENhnAvDODHUB3jlbo745Wg2Vg0Fwveulls57gKLCrZWvbeQ3xRqi7RStnXHm7dVl2MO3WHg0DVoh0HTAA_BhOw6WnQMpZEGCyQ6E_oK9V3-8Whl1UP5lnXgQ&h=SWbuCLJZyG9V8XVbHovxrKBJfd7ytA5VswfP0Zbqa-I
  response:
    body:
      string: '{"id":"/subscriptions/00000000-0000-0000-0000-000000000000/providers/Microsoft.App/locations/eastus/containerappOperationStatuses/d8ad522c-20cf-4bd3-8536-993b7ae88269","name":"d8ad522c-20cf-4bd3-8536-993b7ae88269","status":"Succeeded","startTime":"2023-10-26T02:07:34.5447606"}'
    headers:
      api-supported-versions:
      - 2022-01-01-preview, 2022-03-01, 2022-06-01-preview, 2022-10-01, 2022-11-01-preview,
        2023-04-01-preview, 2023-05-01, 2023-05-02-preview, 2023-08-01-preview
      cache-control:
      - no-cache
      content-length:
      - '277'
      content-type:
      - application/json; charset=utf-8
      date:
      - Thu, 26 Oct 2023 02:07:40 GMT
      expires:
      - '-1'
      pragma:
      - no-cache
      server:
      - Microsoft-IIS/10.0
      strict-transport-security:
      - max-age=31536000; includeSubDomains
      transfer-encoding:
      - chunked
      vary:
      - Accept-Encoding,Accept-Encoding
      x-content-type-options:
      - nosniff
      x-powered-by:
      - ASP.NET
    status:
      code: 200
      message: OK
- request:
    body: null
    headers:
      Accept:
      - '*/*'
      Accept-Encoding:
      - gzip, deflate
      CommandName:
      - containerapp compose create
      Connection:
      - keep-alive
      ParameterSetName:
      - --compose-file-path --resource-group --environment
      User-Agent:
      - python/3.10.11 (Windows-10-10.0.22621-SP0) AZURECLI/2.53.0
    method: GET
    uri: https://management.azure.com/subscriptions/00000000-0000-0000-0000-000000000000/resourceGroups/cli_test_containerapp_preview000001/providers/Microsoft.App/containerApps/foo?api-version=2023-05-02-preview
  response:
    body:
      string: '{"id":"/subscriptions/00000000-0000-0000-0000-000000000000/resourceGroups/cli_test_containerapp_preview000001/providers/Microsoft.App/containerapps/foo","name":"foo","type":"Microsoft.App/containerApps","location":"East
        US","systemData":{"createdBy":"xinyupang@microsoft.com","createdByType":"User","createdAt":"2023-10-26T02:07:33.1326267","lastModifiedBy":"xinyupang@microsoft.com","lastModifiedByType":"User","lastModifiedAt":"2023-10-26T02:07:33.1326267"},"properties":{"provisioningState":"Succeeded","runningStatus":"Running","managedEnvironmentId":"/subscriptions/00000000-0000-0000-0000-000000000000/resourceGroups/client.env_rg_eastus/providers/Microsoft.App/managedEnvironments/env-eastus","environmentId":"/subscriptions/00000000-0000-0000-0000-000000000000/resourceGroups/client.env_rg_eastus/providers/Microsoft.App/managedEnvironments/env-eastus","workloadProfileName":"Consumption","outboundIpAddresses":["20.127.248.50","20.241.171.30","20.241.172.248","20.241.172.250","20.246.203.138","20.246.203.140","20.231.246.122","20.231.246.54","20.231.247.19","20.231.246.253","20.241.227.6","20.241.226.169","20.124.73.117","4.156.169.214","4.156.169.175","4.156.169.143","20.241.173.137","20.241.173.98"],"latestRevisionName":"foo--nn4q2aa","latestReadyRevisionName":"foo--nn4q2aa","latestRevisionFqdn":"","customDomainVerificationId":"D3F71C85EB6552E36A89A3E4A080C3CFB00181670B659B0003264FC673AA9B00","configuration":{"secrets":null,"activeRevisionsMode":"Single","ingress":null,"registries":null,"dapr":null,"maxInactiveRevisions":null,"service":null},"template":{"revisionSuffix":"","terminationGracePeriodSeconds":null,"containers":[{"image":"mcr.microsoft.com/azuredocs/aks-helloworld:v1","name":"foo","env":[{"name":"RACK_ENV","value":"development"},{"name":"SHOW","value":"true"},{"name":"BAZ","value":"\"snafu\""}],"resources":{"cpu":0.5,"memory":"1Gi","ephemeralStorage":"2Gi"}}],"initContainers":null,"scale":{"minReplicas":null,"maxReplicas":10,"rules":null},"volumes":null,"serviceBinds":null},"eventStreamEndpoint":"https://eastus.azurecontainerapps.dev/subscriptions/00000000-0000-0000-0000-000000000000/resourceGroups/cli_test_containerapp_preview000001/containerApps/foo/eventstream"},"identity":{"type":"None"}}'
    headers:
      api-supported-versions:
      - 2022-01-01-preview, 2022-03-01, 2022-06-01-preview, 2022-10-01, 2022-11-01-preview,
        2023-04-01-preview, 2023-05-01, 2023-05-02-preview, 2023-08-01-preview
      cache-control:
      - no-cache
      content-length:
      - '2239'
      content-type:
      - application/json; charset=utf-8
      date:
      - Thu, 26 Oct 2023 02:07:42 GMT
      expires:
      - '-1'
      pragma:
      - no-cache
      server:
      - Microsoft-IIS/10.0
      strict-transport-security:
      - max-age=31536000; includeSubDomains
      transfer-encoding:
      - chunked
      vary:
      - Accept-Encoding,Accept-Encoding
      x-content-type-options:
      - nosniff
      x-powered-by:
      - ASP.NET
    status:
      code: 200
      message: OK
- request:
    body: null
    headers:
      Accept:
      - application/json
      Accept-Encoding:
      - gzip, deflate
      CommandName:
      - containerapp delete
      Connection:
      - keep-alive
      ParameterSetName:
      - -n -g --yes
      User-Agent:
      - AZURECLI/2.53.0 azsdk-python-azure-mgmt-resource/23.1.0b2 Python/3.10.11 (Windows-10-10.0.22621-SP0)
    method: GET
    uri: https://management.azure.com/subscriptions/00000000-0000-0000-0000-000000000000/providers/Microsoft.App?api-version=2022-09-01
  response:
    body:
      string: '{"id":"/subscriptions/00000000-0000-0000-0000-000000000000/providers/Microsoft.App","namespace":"Microsoft.App","authorizations":[{"applicationId":"7e3bc4fd-85a3-4192-b177-5b8bfc87f42c","roleDefinitionId":"39a74f72-b40f-4bdc-b639-562fe2260bf0"},{"applicationId":"3734c1a4-2bed-4998-a37a-ff1a9e7bf019","roleDefinitionId":"5c779a4f-5cb2-4547-8c41-478d9be8ba90"},{"applicationId":"55ebbb62-3b9c-49fd-9b87-9595226dd4ac","roleDefinitionId":"e49ca620-7992-4561-a7df-4ed67dad77b5","managedByRoleDefinitionId":"9e3af657-a8ff-583c-a75c-2fe7c4bcb635"}],"resourceTypes":[{"resourceType":"operations","locations":["North
        Central US (Stage)","Central US EUAP","East US 2 EUAP","West US 2","Southeast
        Asia","Sweden Central","Canada Central","West Europe","North Europe","East
        US","East US 2","East Asia","Australia East","Germany West Central","Japan
        East","UK South","West US","Central US","North Central US","South Central
        US","Korea Central","Brazil South","West US 3","France Central","South Africa
        North","Norway East","Switzerland North","UAE North","Canada East","West Central
        US","UK West","Central India"],"apiVersions":["2023-05-02-preview","2023-05-01","2023-04-01-preview","2023-02-01","2022-11-01-preview","2022-10-01","2022-06-01-preview","2022-03-01"],"defaultApiVersion":"2023-05-01","capabilities":"None"},{"resourceType":"managedEnvironments","locations":["Central
        US EUAP","East US 2 EUAP","North Central US (Stage)","West US 2","Southeast
        Asia","Sweden Central","Canada Central","West Europe","North Europe","East
        US","East US 2","East Asia","Australia East","Germany West Central","Japan
        East","UK South","West US","Central US","North Central US","South Central
        US","Korea Central","Brazil South","West US 3","France Central","South Africa
        North","Norway East","Switzerland North","UAE North","Canada East","West Central
        US","UK West","Central India","Switzerland West"],"apiVersions":["2023-08-01-preview","2023-05-02-preview","2023-05-01","2023-04-01-preview","2022-11-01-preview","2022-10-01","2022-06-01-preview","2022-03-01"],"defaultApiVersion":"2023-05-01","capabilities":"CrossResourceGroupResourceMove,
        CrossSubscriptionResourceMove, SupportsTags, SupportsLocation"},{"resourceType":"managedEnvironments/certificates","locations":["Central
        US EUAP","East US 2 EUAP","North Central US (Stage)","West US 2","Southeast
        Asia","Sweden Central","Canada Central","West Europe","North Europe","East
        US","East US 2","East Asia","Australia East","Germany West Central","Japan
        East","UK South","West US","Central US","North Central US","South Central
        US","Korea Central","Brazil South","West US 3","France Central","South Africa
        North","Norway East","Switzerland North","UAE North","Canada East","West Central
        US","UK West","Central India","Switzerland West"],"apiVersions":["2023-08-01-preview","2023-05-02-preview","2023-05-01","2023-04-01-preview","2022-11-01-preview","2022-10-01","2022-06-01-preview","2022-03-01"],"defaultApiVersion":"2023-05-01","capabilities":"CrossResourceGroupResourceMove,
        CrossSubscriptionResourceMove, SupportsTags, SupportsLocation"},{"resourceType":"managedEnvironments/managedCertificates","locations":["Central
        US EUAP","East US 2 EUAP","North Central US (Stage)","West US 2","Southeast
        Asia","Sweden Central","Canada Central","West Europe","North Europe","East
        US","East US 2","East Asia","Australia East","Germany West Central","Japan
        East","UK South","West US","Central US","North Central US","South Central
        US","Korea Central","Brazil South","West US 3","France Central","South Africa
        North","Norway East","Switzerland North","UAE North","Canada East","West Central
        US","UK West","Central India","Switzerland West"],"apiVersions":["2023-08-01-preview","2023-05-02-preview","2023-05-01","2023-04-01-preview","2022-11-01-preview"],"defaultApiVersion":"2023-05-01","capabilities":"CrossResourceGroupResourceMove,
        CrossSubscriptionResourceMove, SupportsTags, SupportsLocation"},{"resourceType":"containerApps","locations":["Central
        US EUAP","East US 2 EUAP","North Central US (Stage)","West US 2","Southeast
        Asia","Sweden Central","Canada Central","West Europe","North Europe","East
        US","East US 2","East Asia","Australia East","Germany West Central","Japan
        East","UK South","West US","Central US","North Central US","South Central
        US","Korea Central","Brazil South","West US 3","France Central","South Africa
        North","Norway East","Switzerland North","UAE North","Canada East","West Central
        US","UK West","Central India","Switzerland West"],"apiVersions":["2023-08-01-preview","2023-05-02-preview","2023-05-01","2023-04-01-preview","2022-11-01-preview","2022-10-01","2022-06-01-preview","2022-03-01"],"defaultApiVersion":"2023-05-01","capabilities":"CrossResourceGroupResourceMove,
        CrossSubscriptionResourceMove, SystemAssignedResourceIdentity, SupportsTags,
        SupportsLocation"},{"resourceType":"jobs","locations":["Central US EUAP","East
        US 2 EUAP","North Central US (Stage)","West US 2","Southeast Asia","Sweden
        Central","Canada Central","West Europe","North Europe","East US","East US
        2","East Asia","Australia East","Germany West Central","Japan East","UK South","West
        US","Central US","North Central US","South Central US","Korea Central","Brazil
        South","West US 3","France Central","South Africa North","Norway East","Switzerland
        North","UAE North","Canada East","West Central US","UK West","Central India","Switzerland
        West"],"apiVersions":["2023-08-01-preview","2023-05-02-preview","2023-05-01","2023-04-01-preview","2022-11-01-preview"],"defaultApiVersion":"2023-05-01","capabilities":"CrossResourceGroupResourceMove,
        CrossSubscriptionResourceMove, SystemAssignedResourceIdentity, SupportsTags,
        SupportsLocation"},{"resourceType":"locations","locations":[],"apiVersions":["2023-08-01-preview","2023-05-02-preview","2023-05-01","2023-04-01-preview","2022-11-01-preview","2022-10-01","2022-06-01-preview","2022-03-01"],"defaultApiVersion":"2023-05-01","capabilities":"None"},{"resourceType":"locations/managedEnvironmentOperationResults","locations":["Central
        US EUAP","East US 2 EUAP","North Central US (Stage)","West US 2","Southeast
        Asia","Sweden Central","Canada Central","West Europe","North Europe","East
        US","East US 2","East Asia","Australia East","Germany West Central","Japan
        East","UK South","West US","Central US","North Central US","South Central
        US","Korea Central","Brazil South","West US 3","France Central","South Africa
        North","Norway East","Switzerland North","UAE North","Canada East","West Central
        US","UK West","Central India","Switzerland West"],"apiVersions":["2023-08-01-preview","2023-05-02-preview","2023-05-01","2023-04-01-preview","2022-11-01-preview","2022-10-01","2022-06-01-preview","2022-03-01"],"defaultApiVersion":"2023-05-01","capabilities":"None"},{"resourceType":"locations/managedEnvironmentOperationStatuses","locations":["Central
        US EUAP","East US 2 EUAP","North Central US (Stage)","West US 2","Southeast
        Asia","Sweden Central","Canada Central","West Europe","North Europe","East
        US","East US 2","East Asia","Australia East","Germany West Central","Japan
        East","UK South","West US","Central US","North Central US","South Central
        US","Korea Central","Brazil South","West US 3","France Central","South Africa
        North","Norway East","Switzerland North","UAE North","Canada East","West Central
        US","UK West","Central India","Switzerland West"],"apiVersions":["2023-08-01-preview","2023-05-02-preview","2023-05-01","2023-04-01-preview","2022-11-01-preview","2022-10-01","2022-06-01-preview","2022-03-01"],"defaultApiVersion":"2023-05-01","capabilities":"None"},{"resourceType":"locations/containerappOperationResults","locations":["Central
        US EUAP","East US 2 EUAP","North Central US (Stage)","West US 2","Southeast
        Asia","Sweden Central","Canada Central","West Europe","North Europe","East
        US","East US 2","East Asia","Australia East","Germany West Central","Japan
        East","UK South","West US","Central US","North Central US","South Central
        US","Korea Central","Brazil South","West US 3","France Central","South Africa
        North","Norway East","Switzerland North","UAE North","Canada East","West Central
        US","UK West","Central India","Switzerland West"],"apiVersions":["2023-08-01-preview","2023-05-02-preview","2023-05-01","2023-04-01-preview","2022-11-01-preview","2022-10-01","2022-06-01-preview","2022-03-01"],"defaultApiVersion":"2023-05-01","capabilities":"None"},{"resourceType":"locations/containerappOperationStatuses","locations":["Central
        US EUAP","East US 2 EUAP","North Central US (Stage)","West US 2","Southeast
        Asia","Sweden Central","Canada Central","West Europe","North Europe","East
        US","East US 2","East Asia","Australia East","Germany West Central","Japan
        East","UK South","West US","Central US","North Central US","South Central
        US","Korea Central","Brazil South","West US 3","France Central","South Africa
        North","Norway East","Switzerland North","UAE North","Canada East","West Central
        US","UK West","Central India","Switzerland West"],"apiVersions":["2023-08-01-preview","2023-05-02-preview","2023-05-01","2023-04-01-preview","2022-11-01-preview","2022-10-01","2022-06-01-preview","2022-03-01"],"defaultApiVersion":"2023-05-01","capabilities":"None"},{"resourceType":"locations/containerappsjobOperationResults","locations":["Central
        US EUAP","East US 2 EUAP","North Central US (Stage)","West US 2","Southeast
        Asia","Sweden Central","Canada Central","West Europe","North Europe","East
        US","East US 2","East Asia","Australia East","Germany West Central","Japan
        East","UK South","West US","Central US","North Central US","South Central
        US","Korea Central","Brazil South","West US 3","France Central","South Africa
        North","Norway East","Switzerland North","UAE North","Canada East","West Central
        US","UK West","Central India","Switzerland West"],"apiVersions":["2023-08-01-preview","2023-05-02-preview","2023-05-01","2023-04-01-preview","2022-11-01-preview"],"defaultApiVersion":"2023-05-01","capabilities":"None"},{"resourceType":"locations/containerappsjobOperationStatuses","locations":["Central
        US EUAP","East US 2 EUAP","North Central US (Stage)","West US 2","Southeast
        Asia","Sweden Central","Canada Central","West Europe","North Europe","East
        US","East US 2","East Asia","Australia East","Germany West Central","Japan
        East","UK South","West US","Central US","North Central US","South Central
        US","Korea Central","Brazil South","West US 3","France Central","South Africa
        North","Norway East","Switzerland North","UAE North","Canada East","West Central
        US","UK West","Central India","Switzerland West"],"apiVersions":["2023-08-01-preview","2023-05-02-preview","2023-05-01","2023-04-01-preview","2022-11-01-preview"],"defaultApiVersion":"2023-05-01","capabilities":"None"},{"resourceType":"locations/sourceControlOperationResults","locations":["Central
        US EUAP","East US 2 EUAP","North Central US (Stage)","West US 2","Southeast
        Asia","Sweden Central","Canada Central","West Europe","North Europe","East
        US","East US 2","East Asia","Australia East","Germany West Central","Japan
        East","UK South","West US","Central US","North Central US","South Central
        US","Korea Central","Brazil South","West US 3","France Central","South Africa
        North","Norway East","Switzerland North","UAE North","Canada East","West Central
        US","UK West","Central India","Switzerland West"],"apiVersions":["2023-08-01-preview","2023-05-02-preview","2023-05-01","2023-04-01-preview","2022-11-01-preview","2022-10-01","2022-06-01-preview","2022-03-01"],"defaultApiVersion":"2023-05-01","capabilities":"None"},{"resourceType":"locations/sourceControlOperationStatuses","locations":["Central
        US EUAP","East US 2 EUAP","North Central US (Stage)","West US 2","Southeast
        Asia","Sweden Central","Canada Central","West Europe","North Europe","East
        US","East US 2","East Asia","Australia East","Germany West Central","Japan
        East","UK South","West US","Central US","North Central US","South Central
        US","Korea Central","Brazil South","West US 3","France Central","South Africa
        North","Norway East","Switzerland North","UAE North","Canada East","West Central
        US","UK West","Central India","Switzerland West"],"apiVersions":["2023-08-01-preview","2023-05-02-preview","2023-05-01","2023-04-01-preview","2022-11-01-preview","2022-10-01","2022-06-01-preview","2022-03-01"],"defaultApiVersion":"2023-05-01","capabilities":"None"},{"resourceType":"locations/usages","locations":["Central
        US EUAP","East US 2 EUAP","North Central US (Stage)","West US 2","Southeast
        Asia","Sweden Central","Canada Central","West Europe","North Europe","East
        US","East US 2","East Asia","Australia East","Germany West Central","Japan
        East","UK South","West US","Central US","North Central US","South Central
        US","Korea Central","Brazil South","West US 3","France Central","South Africa
        North","Norway East","Switzerland North","UAE North","Canada East","West Central
        US","UK West","Central India","Switzerland West"],"apiVersions":["2023-08-01-preview","2023-05-02-preview"],"defaultApiVersion":"2023-05-02-preview","capabilities":"None"},{"resourceType":"connectedEnvironments","locations":["Central
        US EUAP","East US 2 EUAP","North Central US (Stage)","North Central US","East
        US","East Asia","West Europe","Southeast Asia"],"apiVersions":["2023-08-01-preview","2023-05-02-preview","2023-05-01","2023-04-01-preview","2022-11-01-preview","2022-10-01","2022-06-01-preview"],"defaultApiVersion":"2023-05-01","capabilities":"CrossResourceGroupResourceMove,
        CrossSubscriptionResourceMove, SupportsTags, SupportsLocation"},{"resourceType":"connectedEnvironments/certificates","locations":["Central
        US EUAP","East US 2 EUAP","North Central US (Stage)","North Central US","East
        US","East Asia","West Europe","Southeast Asia"],"apiVersions":["2023-08-01-preview","2023-05-02-preview","2023-05-01","2023-04-01-preview","2022-11-01-preview","2022-10-01","2022-06-01-preview"],"defaultApiVersion":"2023-05-01","capabilities":"CrossResourceGroupResourceMove,
        CrossSubscriptionResourceMove, SupportsTags, SupportsLocation"},{"resourceType":"locations/connectedEnvironmentOperationResults","locations":["Central
        US EUAP","East US 2 EUAP","North Central US (Stage)","North Central US","East
        US","East Asia","West Europe","Southeast Asia"],"apiVersions":["2023-08-01-preview","2023-05-02-preview","2023-05-01","2023-04-01-preview","2022-11-01-preview","2022-10-01","2022-06-01-preview"],"defaultApiVersion":"2023-05-01","capabilities":"None"},{"resourceType":"locations/connectedEnvironmentOperationStatuses","locations":["Central
        US EUAP","East US 2 EUAP","North Central US (Stage)","North Central US","East
        US","East Asia","West Europe","Southeast Asia"],"apiVersions":["2023-08-01-preview","2023-05-02-preview","2023-05-01","2023-04-01-preview","2022-11-01-preview","2022-10-01","2022-06-01-preview"],"defaultApiVersion":"2023-05-01","capabilities":"None"},{"resourceType":"locations/managedCertificateOperationStatuses","locations":["Central
        US EUAP","East US 2 EUAP","North Central US (Stage)","West US 2","Southeast
        Asia","Sweden Central","Canada Central","West Europe","North Europe","East
        US","East US 2","East Asia","Australia East","Germany West Central","Japan
        East","UK South","West US","Central US","North Central US","South Central
        US","Korea Central","Brazil South","West US 3","France Central","South Africa
        North","Norway East","Switzerland North","UAE North","Canada East","West Central
        US","UK West","Central India","Switzerland West"],"apiVersions":["2023-08-01-preview","2023-05-02-preview","2023-05-01","2023-04-01-preview","2022-11-01-preview"],"defaultApiVersion":"2023-05-01","capabilities":"None"},{"resourceType":"locations/billingMeters","locations":["Central
        US EUAP","East US 2 EUAP","North Central US (Stage)","West US 2","Southeast
        Asia","Sweden Central","Canada Central","West Europe","North Europe","East
        US","East US 2","East Asia","Australia East","Germany West Central","Japan
        East","UK South","West US","Central US","North Central US","South Central
        US","Korea Central","Brazil South","West US 3","France Central","South Africa
        North","Norway East","Switzerland North","UAE North","Canada East","West Central
        US","UK West","Central India","Switzerland West"],"apiVersions":["2023-08-01-preview","2023-05-02-preview","2023-05-01","2023-04-01-preview","2022-11-01-preview","2022-10-01","2022-06-01-preview"],"defaultApiVersion":"2023-05-01","capabilities":"None"},{"resourceType":"locations/availableManagedEnvironmentsWorkloadProfileTypes","locations":["Central
        US EUAP","East US 2 EUAP","North Central US (Stage)","West US 2","Southeast
        Asia","Sweden Central","Canada Central","West Europe","North Europe","East
        US","East US 2","East Asia","Australia East","Germany West Central","Japan
        East","UK South","West US","Central US","North Central US","South Central
        US","Korea Central","Brazil South","West US 3","France Central","South Africa
        North","Norway East","Switzerland North","UAE North","Canada East","West Central
        US","UK West","Central India","Switzerland West"],"apiVersions":["2023-08-01-preview","2023-05-02-preview","2023-05-01","2023-04-01-preview","2022-11-01-preview","2022-10-01","2022-06-01-preview"],"defaultApiVersion":"2023-05-01","capabilities":"None"},{"resourceType":"getCustomDomainVerificationId","locations":["Central
        US EUAP","East US 2 EUAP","North Central US (Stage)","West US 2","Southeast
        Asia","Sweden Central","Canada Central","West Europe","North Europe","East
        US","East US 2","East Asia","Australia East","Germany West Central","Japan
        East","UK South","West US","Central US","North Central US","South Central
        US","Korea Central","Brazil South","West US 3","France Central","South Africa
        North","Norway East","Switzerland North","UAE North","Canada East","West Central
        US","UK West","Central India","Switzerland West"],"apiVersions":["2023-08-01-preview","2023-05-02-preview"],"defaultApiVersion":"2023-05-02-preview","capabilities":"None"},{"resourceType":"builders","locations":["North
        Central US (Stage)","Central US EUAP","East US 2 EUAP","West US 2","Southeast
        Asia","Sweden Central","Canada Central","West Europe","North Europe","East
        US","East US 2","East Asia","Australia East","Germany West Central","Japan
        East","UK South","West US","Central US","North Central US","South Central
        US","Korea Central","Brazil South","West US 3","France Central","South Africa
        North","Norway East","Switzerland North","UAE North","Canada East","West Central
        US","UK West","Central India","Switzerland West"],"apiVersions":["2023-08-01-preview"],"defaultApiVersion":"2023-08-01-preview","capabilities":"CrossResourceGroupResourceMove,
        CrossSubscriptionResourceMove, SystemAssignedResourceIdentity, SupportsTags,
        SupportsLocation"},{"resourceType":"builders/builds","locations":["North Central
        US (Stage)","Central US EUAP","East US 2 EUAP","West US 2","Southeast Asia","Sweden
        Central","Canada Central","West Europe","North Europe","East US","East US
        2","East Asia","Australia East","Germany West Central","Japan East","UK South","West
        US","Central US","North Central US","South Central US","Korea Central","Brazil
        South","West US 3","France Central","South Africa North","Norway East","Switzerland
        North","UAE North","Canada East","West Central US","UK West","Central India","Switzerland
        West"],"apiVersions":["2023-08-01-preview"],"defaultApiVersion":"2023-08-01-preview","capabilities":"None"},{"resourceType":"builders/patches","locations":["North
        Central US (Stage)","Central US EUAP","East US 2 EUAP","West US 2","Southeast
        Asia","Sweden Central","Canada Central","West Europe","North Europe","East
        US","East US 2","East Asia","Australia East","Germany West Central","Japan
        East","UK South","West US","Central US","North Central US","South Central
        US","Korea Central","Brazil South","West US 3","France Central","South Africa
        North","Norway East","Switzerland North","UAE North","Canada East","West Central
        US","UK West","Central India","Switzerland West"],"apiVersions":["2023-08-01-preview"],"defaultApiVersion":"2023-08-01-preview","capabilities":"None"},{"resourceType":"locations/OperationResults","locations":["North
        Central US (Stage)","Central US EUAP","East US 2 EUAP","West US 2","Southeast
        Asia","Sweden Central","Canada Central","West Europe","North Europe","East
        US","East US 2","East Asia","Australia East","Germany West Central","Japan
        East","UK South","West US","Central US","North Central US","South Central
        US","Korea Central","Brazil South","West US 3","France Central","South Africa
        North","Norway East","Switzerland North","UAE North","Canada East","West Central
        US","UK West","Central India","Switzerland West"],"apiVersions":["2023-08-01-preview"],"defaultApiVersion":"2023-08-01-preview","capabilities":"None"},{"resourceType":"locations/OperationStatuses","locations":["North
        Central US (Stage)","Central US EUAP","East US 2 EUAP","West US 2","Southeast
        Asia","Sweden Central","Canada Central","West Europe","North Europe","East
        US","East US 2","East Asia","Australia East","Germany West Central","Japan
        East","UK South","West US","Central US","North Central US","South Central
        US","Korea Central","Brazil South","West US 3","France Central","South Africa
        North","Norway East","Switzerland North","UAE North","Canada East","West Central
        US","UK West","Central India","Switzerland West"],"apiVersions":["2023-08-01-preview"],"defaultApiVersion":"2023-08-01-preview","capabilities":"None"}],"registrationState":"Registered","registrationPolicy":"RegistrationRequired"}'
    headers:
      cache-control:
      - no-cache
      content-length:
      - '21376'
      content-type:
      - application/json; charset=utf-8
      date:
      - Thu, 26 Oct 2023 02:07:43 GMT
      expires:
      - '-1'
      pragma:
      - no-cache
      strict-transport-security:
      - max-age=31536000; includeSubDomains
      vary:
      - Accept-Encoding
      x-content-type-options:
      - nosniff
    status:
      code: 200
      message: OK
- request:
    body: null
    headers:
      Accept:
      - '*/*'
      Accept-Encoding:
      - gzip, deflate
      CommandName:
      - containerapp delete
      Connection:
      - keep-alive
      Content-Length:
      - '0'
      ParameterSetName:
      - -n -g --yes
      User-Agent:
      - python/3.10.11 (Windows-10-10.0.22621-SP0) AZURECLI/2.53.0
    method: DELETE
    uri: https://management.azure.com/subscriptions/00000000-0000-0000-0000-000000000000/resourceGroups/cli_test_containerapp_preview000001/providers/Microsoft.App/containerApps/foo?api-version=2023-05-02-preview
  response:
    body:
      string: ''
    headers:
      api-supported-versions:
      - 2022-01-01-preview, 2022-03-01, 2022-06-01-preview, 2022-10-01, 2022-11-01-preview,
        2023-04-01-preview, 2023-05-01, 2023-05-02-preview, 2023-08-01-preview
      cache-control:
      - no-cache
      content-length:
      - '0'
      date:
      - Thu, 26 Oct 2023 02:07:46 GMT
      expires:
      - '-1'
      location:
      - https://management.azure.com/subscriptions/00000000-0000-0000-0000-000000000000/providers/Microsoft.App/locations/eastus/containerappOperationResults/d8ad522c-20cf-4bd3-8536-993b7ae88269?api-version=2023-05-02-preview&t=638338828664753053&c=MIIHHjCCBgagAwIBAgITfwHPGb2PGVTN4z3FUwAEAc8ZvTANBgkqhkiG9w0BAQsFADBEMRMwEQYKCZImiZPyLGQBGRYDR0JMMRMwEQYKCZImiZPyLGQBGRYDQU1FMRgwFgYDVQQDEw9BTUUgSW5mcmEgQ0EgMDIwHhcNMjMwODAyMDYzNjM2WhcNMjQwNzI3MDYzNjM2WjBAMT4wPAYDVQQDEzVhc3luY29wZXJhdGlvbnNpZ25pbmdjZXJ0aWZpY2F0ZS5tYW5hZ2VtZW50LmF6dXJlLmNvbTCCASIwDQYJKoZIhvcNAQEBBQADggEPADCCAQoCggEBALA8WMmmEO1CwTnKvAtvibQoh9fKt-nYVdbvRtzIlm4z19BYYfDibvj6l1viYhNR3bs53c9d8fIWknmMKcHdJpnnDk-sfLAVWjMNWlp_buwQ0wqnDDMi-_nqhutQ0ONUbruFxD0-bGPA3RLD9MxnV3XQGNGjXFzj7hqAQauMfHafpxwgDIEYAcWfBtE32aGB9_bxZrY8E2slVewgeS6yws88svVeMAmGPQEGqIrOrqphrXLbmWMcWg6Ixey-FyuliVC6n2ECOpeUOnI3zd3u2YXwLZrTeYxh6zaRuU-ht2zLmkisse4EaaJvcnYB1ET9IBE-LI8SxLbutQtDAe4kiSkCAwEAAaOCBAswggQHMCcGCSsGAQQBgjcVCgQaMBgwCgYIKwYBBQUHAwEwCgYIKwYBBQUHAwIwPQYJKwYBBAGCNxUHBDAwLgYmKwYBBAGCNxUIhpDjDYTVtHiE8Ys-hZvdFs6dEoFggvX2K4Py0SACAWQCAQowggHaBggrBgEFBQcBAQSCAcwwggHIMGYGCCsGAQUFBzAChlpodHRwOi8vY3JsLm1pY3Jvc29mdC5jb20vcGtpaW5mcmEvQ2VydHMvQkwyUEtJSU5UQ0EwMS5BTUUuR0JMX0FNRSUyMEluZnJhJTIwQ0ElMjAwMig0KS5jcnQwVgYIKwYBBQUHMAKGSmh0dHA6Ly9jcmwxLmFtZS5nYmwvYWlhL0JMMlBLSUlOVENBMDEuQU1FLkdCTF9BTUUlMjBJbmZyYSUyMENBJTIwMDIoNCkuY3J0MFYGCCsGAQUFBzAChkpodHRwOi8vY3JsMi5hbWUuZ2JsL2FpYS9CTDJQS0lJTlRDQTAxLkFNRS5HQkxfQU1FJTIwSW5mcmElMjBDQSUyMDAyKDQpLmNydDBWBggrBgEFBQcwAoZKaHR0cDovL2NybDMuYW1lLmdibC9haWEvQkwyUEtJSU5UQ0EwMS5BTUUuR0JMX0FNRSUyMEluZnJhJTIwQ0ElMjAwMig0KS5jcnQwVgYIKwYBBQUHMAKGSmh0dHA6Ly9jcmw0LmFtZS5nYmwvYWlhL0JMMlBLSUlOVENBMDEuQU1FLkdCTF9BTUUlMjBJbmZyYSUyMENBJTIwMDIoNCkuY3J0MB0GA1UdDgQWBBQBTTHZD8UzTofzBwHZRpdtw5XpXjAOBgNVHQ8BAf8EBAMCBaAwggE1BgNVHR8EggEsMIIBKDCCASSgggEgoIIBHIZCaHR0cDovL2NybC5taWNyb3NvZnQuY29tL3BraWluZnJhL0NSTC9BTUUlMjBJbmZyYSUyMENBJTIwMDIoNCkuY3JshjRodHRwOi8vY3JsMS5hbWUuZ2JsL2NybC9BTUUlMjBJbmZyYSUyMENBJTIwMDIoNCkuY3JshjRodHRwOi8vY3JsMi5hbWUuZ2JsL2NybC9BTUUlMjBJbmZyYSUyMENBJTIwMDIoNCkuY3JshjRodHRwOi8vY3JsMy5hbWUuZ2JsL2NybC9BTUUlMjBJbmZyYSUyMENBJTIwMDIoNCkuY3JshjRodHRwOi8vY3JsNC5hbWUuZ2JsL2NybC9BTUUlMjBJbmZyYSUyMENBJTIwMDIoNCkuY3JsMBcGA1UdIAQQMA4wDAYKKwYBBAGCN3sBATAfBgNVHSMEGDAWgBSuecJrXSWIEwb2BwnDl3x7l48dVTAdBgNVHSUEFjAUBggrBgEFBQcDAQYIKwYBBQUHAwIwDQYJKoZIhvcNAQELBQADggEBAD3Zm_z6dHneGOQPVVe1FxHrV2xvtqbjaKZAuH5rSpWUw_DJdOSV4cWnP6mHzxkPNq64LVAwgyif18NOtR825NodQN7r_Il0fGIykE4rt-M_xIqddJaoXHzIGUQ0uCofzHWG-wdvSYVhlbFFtTckqYtEA9-qW-eTU2K1wu1OQ8ry_XahL8OpgJsribT6ANlH0I5odhgLdzGhwvBWfM1-xaqN8ieQA5l7FdmYeOrZYwzX4Lc-478HHPVhkKgLr6pn1L-WJJ1mMn_PPXo4c6q34Uw6i0kyVgPeot9rO0FSHhj-YxHTde4eXuk4k1VEx6v56KK89p9N2LCqwkWf75r3Vdk&s=A3q4vIvBCwmMDHhnsQSL3W78ACRIWDuqUfHCe81lNf76nu84MlSmN9Rz957S6QahxQRdXx7pblmtclSszC9MqkmAwKRWe9025ZiiTBSbQdEQiKIc80L92bJrsQ5dAm2uiATyiM8hn6bT-GSG09_4_XN5cc_yr0lFZwBIJXxfdPdWSyM5v5pXiWkYWAxVaRl6x5QRVmOjOV8fu6JyaX_TUuEjTcQlREbvBJyG2Yx2pfqnuB8VLshU-eZumLEjY8wmf7iWciHsLFZYyCmtF0shRLXJEOq3SmzH1qF7Jy739_9ny47et5uzqg8r4vS_7I2DQsJB7GgnnqPsjY92-xxjnw&h=8LnWZrxtVx4XgeTKeBmIUYNLrNAbzyhU5EDXZRemnP8
      pragma:
      - no-cache
      server:
      - Microsoft-IIS/10.0
      strict-transport-security:
      - max-age=31536000; includeSubDomains
      x-content-type-options:
      - nosniff
      x-ms-ratelimit-remaining-subscription-deletes:
      - '14999'
      x-powered-by:
      - ASP.NET
    status:
      code: 202
      message: Accepted
- request:
    body: null
    headers:
      Accept:
      - '*/*'
      Accept-Encoding:
      - gzip, deflate
      CommandName:
      - containerapp delete
      Connection:
      - keep-alive
      ParameterSetName:
      - -n -g --yes
      User-Agent:
      - python/3.10.11 (Windows-10-10.0.22621-SP0) AZURECLI/2.53.0
    method: GET
    uri: https://management.azure.com/subscriptions/00000000-0000-0000-0000-000000000000/providers/Microsoft.App/locations/eastus/containerappOperationResults/d8ad522c-20cf-4bd3-8536-993b7ae88269?api-version=2023-05-02-preview&t=638338828664753053&c=MIIHHjCCBgagAwIBAgITfwHPGb2PGVTN4z3FUwAEAc8ZvTANBgkqhkiG9w0BAQsFADBEMRMwEQYKCZImiZPyLGQBGRYDR0JMMRMwEQYKCZImiZPyLGQBGRYDQU1FMRgwFgYDVQQDEw9BTUUgSW5mcmEgQ0EgMDIwHhcNMjMwODAyMDYzNjM2WhcNMjQwNzI3MDYzNjM2WjBAMT4wPAYDVQQDEzVhc3luY29wZXJhdGlvbnNpZ25pbmdjZXJ0aWZpY2F0ZS5tYW5hZ2VtZW50LmF6dXJlLmNvbTCCASIwDQYJKoZIhvcNAQEBBQADggEPADCCAQoCggEBALA8WMmmEO1CwTnKvAtvibQoh9fKt-nYVdbvRtzIlm4z19BYYfDibvj6l1viYhNR3bs53c9d8fIWknmMKcHdJpnnDk-sfLAVWjMNWlp_buwQ0wqnDDMi-_nqhutQ0ONUbruFxD0-bGPA3RLD9MxnV3XQGNGjXFzj7hqAQauMfHafpxwgDIEYAcWfBtE32aGB9_bxZrY8E2slVewgeS6yws88svVeMAmGPQEGqIrOrqphrXLbmWMcWg6Ixey-FyuliVC6n2ECOpeUOnI3zd3u2YXwLZrTeYxh6zaRuU-ht2zLmkisse4EaaJvcnYB1ET9IBE-LI8SxLbutQtDAe4kiSkCAwEAAaOCBAswggQHMCcGCSsGAQQBgjcVCgQaMBgwCgYIKwYBBQUHAwEwCgYIKwYBBQUHAwIwPQYJKwYBBAGCNxUHBDAwLgYmKwYBBAGCNxUIhpDjDYTVtHiE8Ys-hZvdFs6dEoFggvX2K4Py0SACAWQCAQowggHaBggrBgEFBQcBAQSCAcwwggHIMGYGCCsGAQUFBzAChlpodHRwOi8vY3JsLm1pY3Jvc29mdC5jb20vcGtpaW5mcmEvQ2VydHMvQkwyUEtJSU5UQ0EwMS5BTUUuR0JMX0FNRSUyMEluZnJhJTIwQ0ElMjAwMig0KS5jcnQwVgYIKwYBBQUHMAKGSmh0dHA6Ly9jcmwxLmFtZS5nYmwvYWlhL0JMMlBLSUlOVENBMDEuQU1FLkdCTF9BTUUlMjBJbmZyYSUyMENBJTIwMDIoNCkuY3J0MFYGCCsGAQUFBzAChkpodHRwOi8vY3JsMi5hbWUuZ2JsL2FpYS9CTDJQS0lJTlRDQTAxLkFNRS5HQkxfQU1FJTIwSW5mcmElMjBDQSUyMDAyKDQpLmNydDBWBggrBgEFBQcwAoZKaHR0cDovL2NybDMuYW1lLmdibC9haWEvQkwyUEtJSU5UQ0EwMS5BTUUuR0JMX0FNRSUyMEluZnJhJTIwQ0ElMjAwMig0KS5jcnQwVgYIKwYBBQUHMAKGSmh0dHA6Ly9jcmw0LmFtZS5nYmwvYWlhL0JMMlBLSUlOVENBMDEuQU1FLkdCTF9BTUUlMjBJbmZyYSUyMENBJTIwMDIoNCkuY3J0MB0GA1UdDgQWBBQBTTHZD8UzTofzBwHZRpdtw5XpXjAOBgNVHQ8BAf8EBAMCBaAwggE1BgNVHR8EggEsMIIBKDCCASSgggEgoIIBHIZCaHR0cDovL2NybC5taWNyb3NvZnQuY29tL3BraWluZnJhL0NSTC9BTUUlMjBJbmZyYSUyMENBJTIwMDIoNCkuY3JshjRodHRwOi8vY3JsMS5hbWUuZ2JsL2NybC9BTUUlMjBJbmZyYSUyMENBJTIwMDIoNCkuY3JshjRodHRwOi8vY3JsMi5hbWUuZ2JsL2NybC9BTUUlMjBJbmZyYSUyMENBJTIwMDIoNCkuY3JshjRodHRwOi8vY3JsMy5hbWUuZ2JsL2NybC9BTUUlMjBJbmZyYSUyMENBJTIwMDIoNCkuY3JshjRodHRwOi8vY3JsNC5hbWUuZ2JsL2NybC9BTUUlMjBJbmZyYSUyMENBJTIwMDIoNCkuY3JsMBcGA1UdIAQQMA4wDAYKKwYBBAGCN3sBATAfBgNVHSMEGDAWgBSuecJrXSWIEwb2BwnDl3x7l48dVTAdBgNVHSUEFjAUBggrBgEFBQcDAQYIKwYBBQUHAwIwDQYJKoZIhvcNAQELBQADggEBAD3Zm_z6dHneGOQPVVe1FxHrV2xvtqbjaKZAuH5rSpWUw_DJdOSV4cWnP6mHzxkPNq64LVAwgyif18NOtR825NodQN7r_Il0fGIykE4rt-M_xIqddJaoXHzIGUQ0uCofzHWG-wdvSYVhlbFFtTckqYtEA9-qW-eTU2K1wu1OQ8ry_XahL8OpgJsribT6ANlH0I5odhgLdzGhwvBWfM1-xaqN8ieQA5l7FdmYeOrZYwzX4Lc-478HHPVhkKgLr6pn1L-WJJ1mMn_PPXo4c6q34Uw6i0kyVgPeot9rO0FSHhj-YxHTde4eXuk4k1VEx6v56KK89p9N2LCqwkWf75r3Vdk&s=A3q4vIvBCwmMDHhnsQSL3W78ACRIWDuqUfHCe81lNf76nu84MlSmN9Rz957S6QahxQRdXx7pblmtclSszC9MqkmAwKRWe9025ZiiTBSbQdEQiKIc80L92bJrsQ5dAm2uiATyiM8hn6bT-GSG09_4_XN5cc_yr0lFZwBIJXxfdPdWSyM5v5pXiWkYWAxVaRl6x5QRVmOjOV8fu6JyaX_TUuEjTcQlREbvBJyG2Yx2pfqnuB8VLshU-eZumLEjY8wmf7iWciHsLFZYyCmtF0shRLXJEOq3SmzH1qF7Jy739_9ny47et5uzqg8r4vS_7I2DQsJB7GgnnqPsjY92-xxjnw&h=8LnWZrxtVx4XgeTKeBmIUYNLrNAbzyhU5EDXZRemnP8
  response:
    body:
      string: ''
    headers:
      api-supported-versions:
      - 2022-01-01-preview, 2022-03-01, 2022-06-01-preview, 2022-10-01, 2022-11-01-preview,
        2023-04-01-preview, 2023-05-01, 2023-05-02-preview, 2023-08-01-preview
      cache-control:
      - no-cache
      content-length:
      - '0'
      date:
      - Thu, 26 Oct 2023 02:07:48 GMT
      expires:
      - '-1'
      location:
      - https://management.azure.com/subscriptions/00000000-0000-0000-0000-000000000000/providers/Microsoft.App/locations/eastus/containerappOperationResults/d8ad522c-20cf-4bd3-8536-993b7ae88269?api-version=2023-05-02-preview&t=638338828682535979&c=MIIHHjCCBgagAwIBAgITfwHPGb2PGVTN4z3FUwAEAc8ZvTANBgkqhkiG9w0BAQsFADBEMRMwEQYKCZImiZPyLGQBGRYDR0JMMRMwEQYKCZImiZPyLGQBGRYDQU1FMRgwFgYDVQQDEw9BTUUgSW5mcmEgQ0EgMDIwHhcNMjMwODAyMDYzNjM2WhcNMjQwNzI3MDYzNjM2WjBAMT4wPAYDVQQDEzVhc3luY29wZXJhdGlvbnNpZ25pbmdjZXJ0aWZpY2F0ZS5tYW5hZ2VtZW50LmF6dXJlLmNvbTCCASIwDQYJKoZIhvcNAQEBBQADggEPADCCAQoCggEBALA8WMmmEO1CwTnKvAtvibQoh9fKt-nYVdbvRtzIlm4z19BYYfDibvj6l1viYhNR3bs53c9d8fIWknmMKcHdJpnnDk-sfLAVWjMNWlp_buwQ0wqnDDMi-_nqhutQ0ONUbruFxD0-bGPA3RLD9MxnV3XQGNGjXFzj7hqAQauMfHafpxwgDIEYAcWfBtE32aGB9_bxZrY8E2slVewgeS6yws88svVeMAmGPQEGqIrOrqphrXLbmWMcWg6Ixey-FyuliVC6n2ECOpeUOnI3zd3u2YXwLZrTeYxh6zaRuU-ht2zLmkisse4EaaJvcnYB1ET9IBE-LI8SxLbutQtDAe4kiSkCAwEAAaOCBAswggQHMCcGCSsGAQQBgjcVCgQaMBgwCgYIKwYBBQUHAwEwCgYIKwYBBQUHAwIwPQYJKwYBBAGCNxUHBDAwLgYmKwYBBAGCNxUIhpDjDYTVtHiE8Ys-hZvdFs6dEoFggvX2K4Py0SACAWQCAQowggHaBggrBgEFBQcBAQSCAcwwggHIMGYGCCsGAQUFBzAChlpodHRwOi8vY3JsLm1pY3Jvc29mdC5jb20vcGtpaW5mcmEvQ2VydHMvQkwyUEtJSU5UQ0EwMS5BTUUuR0JMX0FNRSUyMEluZnJhJTIwQ0ElMjAwMig0KS5jcnQwVgYIKwYBBQUHMAKGSmh0dHA6Ly9jcmwxLmFtZS5nYmwvYWlhL0JMMlBLSUlOVENBMDEuQU1FLkdCTF9BTUUlMjBJbmZyYSUyMENBJTIwMDIoNCkuY3J0MFYGCCsGAQUFBzAChkpodHRwOi8vY3JsMi5hbWUuZ2JsL2FpYS9CTDJQS0lJTlRDQTAxLkFNRS5HQkxfQU1FJTIwSW5mcmElMjBDQSUyMDAyKDQpLmNydDBWBggrBgEFBQcwAoZKaHR0cDovL2NybDMuYW1lLmdibC9haWEvQkwyUEtJSU5UQ0EwMS5BTUUuR0JMX0FNRSUyMEluZnJhJTIwQ0ElMjAwMig0KS5jcnQwVgYIKwYBBQUHMAKGSmh0dHA6Ly9jcmw0LmFtZS5nYmwvYWlhL0JMMlBLSUlOVENBMDEuQU1FLkdCTF9BTUUlMjBJbmZyYSUyMENBJTIwMDIoNCkuY3J0MB0GA1UdDgQWBBQBTTHZD8UzTofzBwHZRpdtw5XpXjAOBgNVHQ8BAf8EBAMCBaAwggE1BgNVHR8EggEsMIIBKDCCASSgggEgoIIBHIZCaHR0cDovL2NybC5taWNyb3NvZnQuY29tL3BraWluZnJhL0NSTC9BTUUlMjBJbmZyYSUyMENBJTIwMDIoNCkuY3JshjRodHRwOi8vY3JsMS5hbWUuZ2JsL2NybC9BTUUlMjBJbmZyYSUyMENBJTIwMDIoNCkuY3JshjRodHRwOi8vY3JsMi5hbWUuZ2JsL2NybC9BTUUlMjBJbmZyYSUyMENBJTIwMDIoNCkuY3JshjRodHRwOi8vY3JsMy5hbWUuZ2JsL2NybC9BTUUlMjBJbmZyYSUyMENBJTIwMDIoNCkuY3JshjRodHRwOi8vY3JsNC5hbWUuZ2JsL2NybC9BTUUlMjBJbmZyYSUyMENBJTIwMDIoNCkuY3JsMBcGA1UdIAQQMA4wDAYKKwYBBAGCN3sBATAfBgNVHSMEGDAWgBSuecJrXSWIEwb2BwnDl3x7l48dVTAdBgNVHSUEFjAUBggrBgEFBQcDAQYIKwYBBQUHAwIwDQYJKoZIhvcNAQELBQADggEBAD3Zm_z6dHneGOQPVVe1FxHrV2xvtqbjaKZAuH5rSpWUw_DJdOSV4cWnP6mHzxkPNq64LVAwgyif18NOtR825NodQN7r_Il0fGIykE4rt-M_xIqddJaoXHzIGUQ0uCofzHWG-wdvSYVhlbFFtTckqYtEA9-qW-eTU2K1wu1OQ8ry_XahL8OpgJsribT6ANlH0I5odhgLdzGhwvBWfM1-xaqN8ieQA5l7FdmYeOrZYwzX4Lc-478HHPVhkKgLr6pn1L-WJJ1mMn_PPXo4c6q34Uw6i0kyVgPeot9rO0FSHhj-YxHTde4eXuk4k1VEx6v56KK89p9N2LCqwkWf75r3Vdk&s=FioH3QKlTNizZPfeVXNhuh9vqZ7245V4M3k8eGwMMTb_Kt99Uwk-jn-XPupmBZQ6qqWRgxD6nl8OrIZR9oZxICV3NIoO2y55Kxs80XDza8YFAbQFlbcZ51l2MuntgVmABr-3_fAs2r0kWZF71uba3fEVA2MHB-uBzy-7tU0ZVt1Q0oxse0zsupD3gPjaPD2DhEUQtTt72QeDD7I8QHIBzemkntPBdK_RYkq584xkyPmMZGkrDKMs7JPx_zsuuTRqMJtwiAk1RuXG459Dy0ui7chwakt7VsBTlM86tUM-Q-yu54IP03R_KudTzlXErDujm1FgxE2Bf5qwgsS4vpe0Fg&h=snqgzI1VMZKCw12nbXJxto2su7T-IdJjpEvngfhiU44
      pragma:
      - no-cache
      server:
      - Microsoft-IIS/10.0
      strict-transport-security:
      - max-age=31536000; includeSubDomains
      x-content-type-options:
      - nosniff
      x-powered-by:
      - ASP.NET
    status:
      code: 202
      message: Accepted
- request:
    body: null
    headers:
      Accept:
      - '*/*'
      Accept-Encoding:
      - gzip, deflate
      CommandName:
      - containerapp delete
      Connection:
      - keep-alive
      ParameterSetName:
      - -n -g --yes
      User-Agent:
      - python/3.10.11 (Windows-10-10.0.22621-SP0) AZURECLI/2.53.0
    method: GET
    uri: https://management.azure.com/subscriptions/00000000-0000-0000-0000-000000000000/providers/Microsoft.App/locations/eastus/containerappOperationResults/d8ad522c-20cf-4bd3-8536-993b7ae88269?api-version=2023-05-02-preview&t=638338828664753053&c=MIIHHjCCBgagAwIBAgITfwHPGb2PGVTN4z3FUwAEAc8ZvTANBgkqhkiG9w0BAQsFADBEMRMwEQYKCZImiZPyLGQBGRYDR0JMMRMwEQYKCZImiZPyLGQBGRYDQU1FMRgwFgYDVQQDEw9BTUUgSW5mcmEgQ0EgMDIwHhcNMjMwODAyMDYzNjM2WhcNMjQwNzI3MDYzNjM2WjBAMT4wPAYDVQQDEzVhc3luY29wZXJhdGlvbnNpZ25pbmdjZXJ0aWZpY2F0ZS5tYW5hZ2VtZW50LmF6dXJlLmNvbTCCASIwDQYJKoZIhvcNAQEBBQADggEPADCCAQoCggEBALA8WMmmEO1CwTnKvAtvibQoh9fKt-nYVdbvRtzIlm4z19BYYfDibvj6l1viYhNR3bs53c9d8fIWknmMKcHdJpnnDk-sfLAVWjMNWlp_buwQ0wqnDDMi-_nqhutQ0ONUbruFxD0-bGPA3RLD9MxnV3XQGNGjXFzj7hqAQauMfHafpxwgDIEYAcWfBtE32aGB9_bxZrY8E2slVewgeS6yws88svVeMAmGPQEGqIrOrqphrXLbmWMcWg6Ixey-FyuliVC6n2ECOpeUOnI3zd3u2YXwLZrTeYxh6zaRuU-ht2zLmkisse4EaaJvcnYB1ET9IBE-LI8SxLbutQtDAe4kiSkCAwEAAaOCBAswggQHMCcGCSsGAQQBgjcVCgQaMBgwCgYIKwYBBQUHAwEwCgYIKwYBBQUHAwIwPQYJKwYBBAGCNxUHBDAwLgYmKwYBBAGCNxUIhpDjDYTVtHiE8Ys-hZvdFs6dEoFggvX2K4Py0SACAWQCAQowggHaBggrBgEFBQcBAQSCAcwwggHIMGYGCCsGAQUFBzAChlpodHRwOi8vY3JsLm1pY3Jvc29mdC5jb20vcGtpaW5mcmEvQ2VydHMvQkwyUEtJSU5UQ0EwMS5BTUUuR0JMX0FNRSUyMEluZnJhJTIwQ0ElMjAwMig0KS5jcnQwVgYIKwYBBQUHMAKGSmh0dHA6Ly9jcmwxLmFtZS5nYmwvYWlhL0JMMlBLSUlOVENBMDEuQU1FLkdCTF9BTUUlMjBJbmZyYSUyMENBJTIwMDIoNCkuY3J0MFYGCCsGAQUFBzAChkpodHRwOi8vY3JsMi5hbWUuZ2JsL2FpYS9CTDJQS0lJTlRDQTAxLkFNRS5HQkxfQU1FJTIwSW5mcmElMjBDQSUyMDAyKDQpLmNydDBWBggrBgEFBQcwAoZKaHR0cDovL2NybDMuYW1lLmdibC9haWEvQkwyUEtJSU5UQ0EwMS5BTUUuR0JMX0FNRSUyMEluZnJhJTIwQ0ElMjAwMig0KS5jcnQwVgYIKwYBBQUHMAKGSmh0dHA6Ly9jcmw0LmFtZS5nYmwvYWlhL0JMMlBLSUlOVENBMDEuQU1FLkdCTF9BTUUlMjBJbmZyYSUyMENBJTIwMDIoNCkuY3J0MB0GA1UdDgQWBBQBTTHZD8UzTofzBwHZRpdtw5XpXjAOBgNVHQ8BAf8EBAMCBaAwggE1BgNVHR8EggEsMIIBKDCCASSgggEgoIIBHIZCaHR0cDovL2NybC5taWNyb3NvZnQuY29tL3BraWluZnJhL0NSTC9BTUUlMjBJbmZyYSUyMENBJTIwMDIoNCkuY3JshjRodHRwOi8vY3JsMS5hbWUuZ2JsL2NybC9BTUUlMjBJbmZyYSUyMENBJTIwMDIoNCkuY3JshjRodHRwOi8vY3JsMi5hbWUuZ2JsL2NybC9BTUUlMjBJbmZyYSUyMENBJTIwMDIoNCkuY3JshjRodHRwOi8vY3JsMy5hbWUuZ2JsL2NybC9BTUUlMjBJbmZyYSUyMENBJTIwMDIoNCkuY3JshjRodHRwOi8vY3JsNC5hbWUuZ2JsL2NybC9BTUUlMjBJbmZyYSUyMENBJTIwMDIoNCkuY3JsMBcGA1UdIAQQMA4wDAYKKwYBBAGCN3sBATAfBgNVHSMEGDAWgBSuecJrXSWIEwb2BwnDl3x7l48dVTAdBgNVHSUEFjAUBggrBgEFBQcDAQYIKwYBBQUHAwIwDQYJKoZIhvcNAQELBQADggEBAD3Zm_z6dHneGOQPVVe1FxHrV2xvtqbjaKZAuH5rSpWUw_DJdOSV4cWnP6mHzxkPNq64LVAwgyif18NOtR825NodQN7r_Il0fGIykE4rt-M_xIqddJaoXHzIGUQ0uCofzHWG-wdvSYVhlbFFtTckqYtEA9-qW-eTU2K1wu1OQ8ry_XahL8OpgJsribT6ANlH0I5odhgLdzGhwvBWfM1-xaqN8ieQA5l7FdmYeOrZYwzX4Lc-478HHPVhkKgLr6pn1L-WJJ1mMn_PPXo4c6q34Uw6i0kyVgPeot9rO0FSHhj-YxHTde4eXuk4k1VEx6v56KK89p9N2LCqwkWf75r3Vdk&s=A3q4vIvBCwmMDHhnsQSL3W78ACRIWDuqUfHCe81lNf76nu84MlSmN9Rz957S6QahxQRdXx7pblmtclSszC9MqkmAwKRWe9025ZiiTBSbQdEQiKIc80L92bJrsQ5dAm2uiATyiM8hn6bT-GSG09_4_XN5cc_yr0lFZwBIJXxfdPdWSyM5v5pXiWkYWAxVaRl6x5QRVmOjOV8fu6JyaX_TUuEjTcQlREbvBJyG2Yx2pfqnuB8VLshU-eZumLEjY8wmf7iWciHsLFZYyCmtF0shRLXJEOq3SmzH1qF7Jy739_9ny47et5uzqg8r4vS_7I2DQsJB7GgnnqPsjY92-xxjnw&h=8LnWZrxtVx4XgeTKeBmIUYNLrNAbzyhU5EDXZRemnP8
  response:
    body:
      string: ''
    headers:
      api-supported-versions:
      - 2022-01-01-preview, 2022-03-01, 2022-06-01-preview, 2022-10-01, 2022-11-01-preview,
        2023-04-01-preview, 2023-05-01, 2023-05-02-preview, 2023-08-01-preview
      cache-control:
      - no-cache
      content-length:
      - '0'
      date:
      - Thu, 26 Oct 2023 02:07:53 GMT
      expires:
      - '-1'
      location:
      - https://management.azure.com/subscriptions/00000000-0000-0000-0000-000000000000/providers/Microsoft.App/locations/eastus/containerappOperationResults/d8ad522c-20cf-4bd3-8536-993b7ae88269?api-version=2023-05-02-preview&t=638338828738927162&c=MIIHHjCCBgagAwIBAgITfwHPGb2PGVTN4z3FUwAEAc8ZvTANBgkqhkiG9w0BAQsFADBEMRMwEQYKCZImiZPyLGQBGRYDR0JMMRMwEQYKCZImiZPyLGQBGRYDQU1FMRgwFgYDVQQDEw9BTUUgSW5mcmEgQ0EgMDIwHhcNMjMwODAyMDYzNjM2WhcNMjQwNzI3MDYzNjM2WjBAMT4wPAYDVQQDEzVhc3luY29wZXJhdGlvbnNpZ25pbmdjZXJ0aWZpY2F0ZS5tYW5hZ2VtZW50LmF6dXJlLmNvbTCCASIwDQYJKoZIhvcNAQEBBQADggEPADCCAQoCggEBALA8WMmmEO1CwTnKvAtvibQoh9fKt-nYVdbvRtzIlm4z19BYYfDibvj6l1viYhNR3bs53c9d8fIWknmMKcHdJpnnDk-sfLAVWjMNWlp_buwQ0wqnDDMi-_nqhutQ0ONUbruFxD0-bGPA3RLD9MxnV3XQGNGjXFzj7hqAQauMfHafpxwgDIEYAcWfBtE32aGB9_bxZrY8E2slVewgeS6yws88svVeMAmGPQEGqIrOrqphrXLbmWMcWg6Ixey-FyuliVC6n2ECOpeUOnI3zd3u2YXwLZrTeYxh6zaRuU-ht2zLmkisse4EaaJvcnYB1ET9IBE-LI8SxLbutQtDAe4kiSkCAwEAAaOCBAswggQHMCcGCSsGAQQBgjcVCgQaMBgwCgYIKwYBBQUHAwEwCgYIKwYBBQUHAwIwPQYJKwYBBAGCNxUHBDAwLgYmKwYBBAGCNxUIhpDjDYTVtHiE8Ys-hZvdFs6dEoFggvX2K4Py0SACAWQCAQowggHaBggrBgEFBQcBAQSCAcwwggHIMGYGCCsGAQUFBzAChlpodHRwOi8vY3JsLm1pY3Jvc29mdC5jb20vcGtpaW5mcmEvQ2VydHMvQkwyUEtJSU5UQ0EwMS5BTUUuR0JMX0FNRSUyMEluZnJhJTIwQ0ElMjAwMig0KS5jcnQwVgYIKwYBBQUHMAKGSmh0dHA6Ly9jcmwxLmFtZS5nYmwvYWlhL0JMMlBLSUlOVENBMDEuQU1FLkdCTF9BTUUlMjBJbmZyYSUyMENBJTIwMDIoNCkuY3J0MFYGCCsGAQUFBzAChkpodHRwOi8vY3JsMi5hbWUuZ2JsL2FpYS9CTDJQS0lJTlRDQTAxLkFNRS5HQkxfQU1FJTIwSW5mcmElMjBDQSUyMDAyKDQpLmNydDBWBggrBgEFBQcwAoZKaHR0cDovL2NybDMuYW1lLmdibC9haWEvQkwyUEtJSU5UQ0EwMS5BTUUuR0JMX0FNRSUyMEluZnJhJTIwQ0ElMjAwMig0KS5jcnQwVgYIKwYBBQUHMAKGSmh0dHA6Ly9jcmw0LmFtZS5nYmwvYWlhL0JMMlBLSUlOVENBMDEuQU1FLkdCTF9BTUUlMjBJbmZyYSUyMENBJTIwMDIoNCkuY3J0MB0GA1UdDgQWBBQBTTHZD8UzTofzBwHZRpdtw5XpXjAOBgNVHQ8BAf8EBAMCBaAwggE1BgNVHR8EggEsMIIBKDCCASSgggEgoIIBHIZCaHR0cDovL2NybC5taWNyb3NvZnQuY29tL3BraWluZnJhL0NSTC9BTUUlMjBJbmZyYSUyMENBJTIwMDIoNCkuY3JshjRodHRwOi8vY3JsMS5hbWUuZ2JsL2NybC9BTUUlMjBJbmZyYSUyMENBJTIwMDIoNCkuY3JshjRodHRwOi8vY3JsMi5hbWUuZ2JsL2NybC9BTUUlMjBJbmZyYSUyMENBJTIwMDIoNCkuY3JshjRodHRwOi8vY3JsMy5hbWUuZ2JsL2NybC9BTUUlMjBJbmZyYSUyMENBJTIwMDIoNCkuY3JshjRodHRwOi8vY3JsNC5hbWUuZ2JsL2NybC9BTUUlMjBJbmZyYSUyMENBJTIwMDIoNCkuY3JsMBcGA1UdIAQQMA4wDAYKKwYBBAGCN3sBATAfBgNVHSMEGDAWgBSuecJrXSWIEwb2BwnDl3x7l48dVTAdBgNVHSUEFjAUBggrBgEFBQcDAQYIKwYBBQUHAwIwDQYJKoZIhvcNAQELBQADggEBAD3Zm_z6dHneGOQPVVe1FxHrV2xvtqbjaKZAuH5rSpWUw_DJdOSV4cWnP6mHzxkPNq64LVAwgyif18NOtR825NodQN7r_Il0fGIykE4rt-M_xIqddJaoXHzIGUQ0uCofzHWG-wdvSYVhlbFFtTckqYtEA9-qW-eTU2K1wu1OQ8ry_XahL8OpgJsribT6ANlH0I5odhgLdzGhwvBWfM1-xaqN8ieQA5l7FdmYeOrZYwzX4Lc-478HHPVhkKgLr6pn1L-WJJ1mMn_PPXo4c6q34Uw6i0kyVgPeot9rO0FSHhj-YxHTde4eXuk4k1VEx6v56KK89p9N2LCqwkWf75r3Vdk&s=OfO8JnnYJS6Y95su0gUn2ygL8TgmroH3ztx874mC5kjECyT0DgS4ylMUKsDzp5ZVjovby68gVPEfgfjSY1EbaUUSf9aHkk7xMd8w42sn_9U61nLJ8kPrg97r4GZFimCq_HfsM5YexkYvA3jsIBiulo4ysK_w5S0XAIlwxLjSBb9I6pogM-CJEL3_H7Mho4GYQ_-eVusWnO65mUt9Z7iCULVnHobsfruWKvFDm_O0CSu4YZG8hEYvZKe6HrWYV0LVuOEYElnr_s6w1_xcVsqEZoOXrm1bShfT0aERlultxumR7QVhZ4bwV15SICZddkqPm5K0xdkhNeajQRPVkpIl3A&h=FZBjdbW4TZ-850iNJixHDUfaDUJX6lBCl3TSYT3RvKg
      pragma:
      - no-cache
      server:
      - Microsoft-IIS/10.0
      strict-transport-security:
      - max-age=31536000; includeSubDomains
      x-content-type-options:
      - nosniff
      x-powered-by:
      - ASP.NET
    status:
      code: 202
      message: Accepted
- request:
    body: null
    headers:
      Accept:
      - '*/*'
      Accept-Encoding:
      - gzip, deflate
      CommandName:
      - containerapp delete
      Connection:
      - keep-alive
      ParameterSetName:
      - -n -g --yes
      User-Agent:
      - python/3.10.11 (Windows-10-10.0.22621-SP0) AZURECLI/2.53.0
    method: GET
    uri: https://management.azure.com/subscriptions/00000000-0000-0000-0000-000000000000/providers/Microsoft.App/locations/eastus/containerappOperationResults/d8ad522c-20cf-4bd3-8536-993b7ae88269?api-version=2023-05-02-preview&t=638338828664753053&c=MIIHHjCCBgagAwIBAgITfwHPGb2PGVTN4z3FUwAEAc8ZvTANBgkqhkiG9w0BAQsFADBEMRMwEQYKCZImiZPyLGQBGRYDR0JMMRMwEQYKCZImiZPyLGQBGRYDQU1FMRgwFgYDVQQDEw9BTUUgSW5mcmEgQ0EgMDIwHhcNMjMwODAyMDYzNjM2WhcNMjQwNzI3MDYzNjM2WjBAMT4wPAYDVQQDEzVhc3luY29wZXJhdGlvbnNpZ25pbmdjZXJ0aWZpY2F0ZS5tYW5hZ2VtZW50LmF6dXJlLmNvbTCCASIwDQYJKoZIhvcNAQEBBQADggEPADCCAQoCggEBALA8WMmmEO1CwTnKvAtvibQoh9fKt-nYVdbvRtzIlm4z19BYYfDibvj6l1viYhNR3bs53c9d8fIWknmMKcHdJpnnDk-sfLAVWjMNWlp_buwQ0wqnDDMi-_nqhutQ0ONUbruFxD0-bGPA3RLD9MxnV3XQGNGjXFzj7hqAQauMfHafpxwgDIEYAcWfBtE32aGB9_bxZrY8E2slVewgeS6yws88svVeMAmGPQEGqIrOrqphrXLbmWMcWg6Ixey-FyuliVC6n2ECOpeUOnI3zd3u2YXwLZrTeYxh6zaRuU-ht2zLmkisse4EaaJvcnYB1ET9IBE-LI8SxLbutQtDAe4kiSkCAwEAAaOCBAswggQHMCcGCSsGAQQBgjcVCgQaMBgwCgYIKwYBBQUHAwEwCgYIKwYBBQUHAwIwPQYJKwYBBAGCNxUHBDAwLgYmKwYBBAGCNxUIhpDjDYTVtHiE8Ys-hZvdFs6dEoFggvX2K4Py0SACAWQCAQowggHaBggrBgEFBQcBAQSCAcwwggHIMGYGCCsGAQUFBzAChlpodHRwOi8vY3JsLm1pY3Jvc29mdC5jb20vcGtpaW5mcmEvQ2VydHMvQkwyUEtJSU5UQ0EwMS5BTUUuR0JMX0FNRSUyMEluZnJhJTIwQ0ElMjAwMig0KS5jcnQwVgYIKwYBBQUHMAKGSmh0dHA6Ly9jcmwxLmFtZS5nYmwvYWlhL0JMMlBLSUlOVENBMDEuQU1FLkdCTF9BTUUlMjBJbmZyYSUyMENBJTIwMDIoNCkuY3J0MFYGCCsGAQUFBzAChkpodHRwOi8vY3JsMi5hbWUuZ2JsL2FpYS9CTDJQS0lJTlRDQTAxLkFNRS5HQkxfQU1FJTIwSW5mcmElMjBDQSUyMDAyKDQpLmNydDBWBggrBgEFBQcwAoZKaHR0cDovL2NybDMuYW1lLmdibC9haWEvQkwyUEtJSU5UQ0EwMS5BTUUuR0JMX0FNRSUyMEluZnJhJTIwQ0ElMjAwMig0KS5jcnQwVgYIKwYBBQUHMAKGSmh0dHA6Ly9jcmw0LmFtZS5nYmwvYWlhL0JMMlBLSUlOVENBMDEuQU1FLkdCTF9BTUUlMjBJbmZyYSUyMENBJTIwMDIoNCkuY3J0MB0GA1UdDgQWBBQBTTHZD8UzTofzBwHZRpdtw5XpXjAOBgNVHQ8BAf8EBAMCBaAwggE1BgNVHR8EggEsMIIBKDCCASSgggEgoIIBHIZCaHR0cDovL2NybC5taWNyb3NvZnQuY29tL3BraWluZnJhL0NSTC9BTUUlMjBJbmZyYSUyMENBJTIwMDIoNCkuY3JshjRodHRwOi8vY3JsMS5hbWUuZ2JsL2NybC9BTUUlMjBJbmZyYSUyMENBJTIwMDIoNCkuY3JshjRodHRwOi8vY3JsMi5hbWUuZ2JsL2NybC9BTUUlMjBJbmZyYSUyMENBJTIwMDIoNCkuY3JshjRodHRwOi8vY3JsMy5hbWUuZ2JsL2NybC9BTUUlMjBJbmZyYSUyMENBJTIwMDIoNCkuY3JshjRodHRwOi8vY3JsNC5hbWUuZ2JsL2NybC9BTUUlMjBJbmZyYSUyMENBJTIwMDIoNCkuY3JsMBcGA1UdIAQQMA4wDAYKKwYBBAGCN3sBATAfBgNVHSMEGDAWgBSuecJrXSWIEwb2BwnDl3x7l48dVTAdBgNVHSUEFjAUBggrBgEFBQcDAQYIKwYBBQUHAwIwDQYJKoZIhvcNAQELBQADggEBAD3Zm_z6dHneGOQPVVe1FxHrV2xvtqbjaKZAuH5rSpWUw_DJdOSV4cWnP6mHzxkPNq64LVAwgyif18NOtR825NodQN7r_Il0fGIykE4rt-M_xIqddJaoXHzIGUQ0uCofzHWG-wdvSYVhlbFFtTckqYtEA9-qW-eTU2K1wu1OQ8ry_XahL8OpgJsribT6ANlH0I5odhgLdzGhwvBWfM1-xaqN8ieQA5l7FdmYeOrZYwzX4Lc-478HHPVhkKgLr6pn1L-WJJ1mMn_PPXo4c6q34Uw6i0kyVgPeot9rO0FSHhj-YxHTde4eXuk4k1VEx6v56KK89p9N2LCqwkWf75r3Vdk&s=A3q4vIvBCwmMDHhnsQSL3W78ACRIWDuqUfHCe81lNf76nu84MlSmN9Rz957S6QahxQRdXx7pblmtclSszC9MqkmAwKRWe9025ZiiTBSbQdEQiKIc80L92bJrsQ5dAm2uiATyiM8hn6bT-GSG09_4_XN5cc_yr0lFZwBIJXxfdPdWSyM5v5pXiWkYWAxVaRl6x5QRVmOjOV8fu6JyaX_TUuEjTcQlREbvBJyG2Yx2pfqnuB8VLshU-eZumLEjY8wmf7iWciHsLFZYyCmtF0shRLXJEOq3SmzH1qF7Jy739_9ny47et5uzqg8r4vS_7I2DQsJB7GgnnqPsjY92-xxjnw&h=8LnWZrxtVx4XgeTKeBmIUYNLrNAbzyhU5EDXZRemnP8
  response:
    body:
      string: ''
    headers:
      api-supported-versions:
      - 2022-01-01-preview, 2022-03-01, 2022-06-01-preview, 2022-10-01, 2022-11-01-preview,
        2023-04-01-preview, 2023-05-01, 2023-05-02-preview, 2023-08-01-preview
      cache-control:
      - no-cache
      content-length:
      - '0'
      date:
      - Thu, 26 Oct 2023 02:08:00 GMT
      expires:
      - '-1'
      location:
      - https://management.azure.com/subscriptions/00000000-0000-0000-0000-000000000000/providers/Microsoft.App/locations/eastus/containerappOperationResults/d8ad522c-20cf-4bd3-8536-993b7ae88269?api-version=2023-05-02-preview&t=638338828807406177&c=MIIHHjCCBgagAwIBAgITfwHPGb2PGVTN4z3FUwAEAc8ZvTANBgkqhkiG9w0BAQsFADBEMRMwEQYKCZImiZPyLGQBGRYDR0JMMRMwEQYKCZImiZPyLGQBGRYDQU1FMRgwFgYDVQQDEw9BTUUgSW5mcmEgQ0EgMDIwHhcNMjMwODAyMDYzNjM2WhcNMjQwNzI3MDYzNjM2WjBAMT4wPAYDVQQDEzVhc3luY29wZXJhdGlvbnNpZ25pbmdjZXJ0aWZpY2F0ZS5tYW5hZ2VtZW50LmF6dXJlLmNvbTCCASIwDQYJKoZIhvcNAQEBBQADggEPADCCAQoCggEBALA8WMmmEO1CwTnKvAtvibQoh9fKt-nYVdbvRtzIlm4z19BYYfDibvj6l1viYhNR3bs53c9d8fIWknmMKcHdJpnnDk-sfLAVWjMNWlp_buwQ0wqnDDMi-_nqhutQ0ONUbruFxD0-bGPA3RLD9MxnV3XQGNGjXFzj7hqAQauMfHafpxwgDIEYAcWfBtE32aGB9_bxZrY8E2slVewgeS6yws88svVeMAmGPQEGqIrOrqphrXLbmWMcWg6Ixey-FyuliVC6n2ECOpeUOnI3zd3u2YXwLZrTeYxh6zaRuU-ht2zLmkisse4EaaJvcnYB1ET9IBE-LI8SxLbutQtDAe4kiSkCAwEAAaOCBAswggQHMCcGCSsGAQQBgjcVCgQaMBgwCgYIKwYBBQUHAwEwCgYIKwYBBQUHAwIwPQYJKwYBBAGCNxUHBDAwLgYmKwYBBAGCNxUIhpDjDYTVtHiE8Ys-hZvdFs6dEoFggvX2K4Py0SACAWQCAQowggHaBggrBgEFBQcBAQSCAcwwggHIMGYGCCsGAQUFBzAChlpodHRwOi8vY3JsLm1pY3Jvc29mdC5jb20vcGtpaW5mcmEvQ2VydHMvQkwyUEtJSU5UQ0EwMS5BTUUuR0JMX0FNRSUyMEluZnJhJTIwQ0ElMjAwMig0KS5jcnQwVgYIKwYBBQUHMAKGSmh0dHA6Ly9jcmwxLmFtZS5nYmwvYWlhL0JMMlBLSUlOVENBMDEuQU1FLkdCTF9BTUUlMjBJbmZyYSUyMENBJTIwMDIoNCkuY3J0MFYGCCsGAQUFBzAChkpodHRwOi8vY3JsMi5hbWUuZ2JsL2FpYS9CTDJQS0lJTlRDQTAxLkFNRS5HQkxfQU1FJTIwSW5mcmElMjBDQSUyMDAyKDQpLmNydDBWBggrBgEFBQcwAoZKaHR0cDovL2NybDMuYW1lLmdibC9haWEvQkwyUEtJSU5UQ0EwMS5BTUUuR0JMX0FNRSUyMEluZnJhJTIwQ0ElMjAwMig0KS5jcnQwVgYIKwYBBQUHMAKGSmh0dHA6Ly9jcmw0LmFtZS5nYmwvYWlhL0JMMlBLSUlOVENBMDEuQU1FLkdCTF9BTUUlMjBJbmZyYSUyMENBJTIwMDIoNCkuY3J0MB0GA1UdDgQWBBQBTTHZD8UzTofzBwHZRpdtw5XpXjAOBgNVHQ8BAf8EBAMCBaAwggE1BgNVHR8EggEsMIIBKDCCASSgggEgoIIBHIZCaHR0cDovL2NybC5taWNyb3NvZnQuY29tL3BraWluZnJhL0NSTC9BTUUlMjBJbmZyYSUyMENBJTIwMDIoNCkuY3JshjRodHRwOi8vY3JsMS5hbWUuZ2JsL2NybC9BTUUlMjBJbmZyYSUyMENBJTIwMDIoNCkuY3JshjRodHRwOi8vY3JsMi5hbWUuZ2JsL2NybC9BTUUlMjBJbmZyYSUyMENBJTIwMDIoNCkuY3JshjRodHRwOi8vY3JsMy5hbWUuZ2JsL2NybC9BTUUlMjBJbmZyYSUyMENBJTIwMDIoNCkuY3JshjRodHRwOi8vY3JsNC5hbWUuZ2JsL2NybC9BTUUlMjBJbmZyYSUyMENBJTIwMDIoNCkuY3JsMBcGA1UdIAQQMA4wDAYKKwYBBAGCN3sBATAfBgNVHSMEGDAWgBSuecJrXSWIEwb2BwnDl3x7l48dVTAdBgNVHSUEFjAUBggrBgEFBQcDAQYIKwYBBQUHAwIwDQYJKoZIhvcNAQELBQADggEBAD3Zm_z6dHneGOQPVVe1FxHrV2xvtqbjaKZAuH5rSpWUw_DJdOSV4cWnP6mHzxkPNq64LVAwgyif18NOtR825NodQN7r_Il0fGIykE4rt-M_xIqddJaoXHzIGUQ0uCofzHWG-wdvSYVhlbFFtTckqYtEA9-qW-eTU2K1wu1OQ8ry_XahL8OpgJsribT6ANlH0I5odhgLdzGhwvBWfM1-xaqN8ieQA5l7FdmYeOrZYwzX4Lc-478HHPVhkKgLr6pn1L-WJJ1mMn_PPXo4c6q34Uw6i0kyVgPeot9rO0FSHhj-YxHTde4eXuk4k1VEx6v56KK89p9N2LCqwkWf75r3Vdk&s=dt4NbEk7kqUk32Mm6hXtiJwztNYAERA9ma54dtQ-FB-8SSetJI_hPJz0wH_rqXOROZJULmFQ2rKLBIbM5St0RT0DtlJQARoVzSIIt7_Lq5nql0jN_roHIlDg9Uatpt5zKttl0hphMtePR-OpLFnzLdsYoitxEAAMxLZJu3UuLEODC65alBqYqGvFbWDFG518gacGyxy5MxhvRJiaRGWOJ0FYWu4uygB5f201TvsP1jh3Ri4jZ1dYbe2DYWi95_dPwnWaqZUCnj4Qjcu4wl_K4_bFehk9UWSHxJHKWO7Ed6GGkGxlHX-NA8DpZ3nRJJoePXQR5NwTcjcN0tPA6S7b0g&h=RKA4RB69X5bRJYDgxiUV0cHw0M5Hz58ag-kNaM1YAzs
      pragma:
      - no-cache
      server:
      - Microsoft-IIS/10.0
      strict-transport-security:
      - max-age=31536000; includeSubDomains
      x-content-type-options:
      - nosniff
      x-powered-by:
      - ASP.NET
    status:
      code: 202
      message: Accepted
- request:
    body: null
    headers:
      Accept:
      - '*/*'
      Accept-Encoding:
      - gzip, deflate
      CommandName:
      - containerapp delete
      Connection:
      - keep-alive
      ParameterSetName:
      - -n -g --yes
      User-Agent:
      - python/3.10.11 (Windows-10-10.0.22621-SP0) AZURECLI/2.53.0
    method: GET
    uri: https://management.azure.com/subscriptions/00000000-0000-0000-0000-000000000000/providers/Microsoft.App/locations/eastus/containerappOperationResults/d8ad522c-20cf-4bd3-8536-993b7ae88269?api-version=2023-05-02-preview&t=638338828664753053&c=MIIHHjCCBgagAwIBAgITfwHPGb2PGVTN4z3FUwAEAc8ZvTANBgkqhkiG9w0BAQsFADBEMRMwEQYKCZImiZPyLGQBGRYDR0JMMRMwEQYKCZImiZPyLGQBGRYDQU1FMRgwFgYDVQQDEw9BTUUgSW5mcmEgQ0EgMDIwHhcNMjMwODAyMDYzNjM2WhcNMjQwNzI3MDYzNjM2WjBAMT4wPAYDVQQDEzVhc3luY29wZXJhdGlvbnNpZ25pbmdjZXJ0aWZpY2F0ZS5tYW5hZ2VtZW50LmF6dXJlLmNvbTCCASIwDQYJKoZIhvcNAQEBBQADggEPADCCAQoCggEBALA8WMmmEO1CwTnKvAtvibQoh9fKt-nYVdbvRtzIlm4z19BYYfDibvj6l1viYhNR3bs53c9d8fIWknmMKcHdJpnnDk-sfLAVWjMNWlp_buwQ0wqnDDMi-_nqhutQ0ONUbruFxD0-bGPA3RLD9MxnV3XQGNGjXFzj7hqAQauMfHafpxwgDIEYAcWfBtE32aGB9_bxZrY8E2slVewgeS6yws88svVeMAmGPQEGqIrOrqphrXLbmWMcWg6Ixey-FyuliVC6n2ECOpeUOnI3zd3u2YXwLZrTeYxh6zaRuU-ht2zLmkisse4EaaJvcnYB1ET9IBE-LI8SxLbutQtDAe4kiSkCAwEAAaOCBAswggQHMCcGCSsGAQQBgjcVCgQaMBgwCgYIKwYBBQUHAwEwCgYIKwYBBQUHAwIwPQYJKwYBBAGCNxUHBDAwLgYmKwYBBAGCNxUIhpDjDYTVtHiE8Ys-hZvdFs6dEoFggvX2K4Py0SACAWQCAQowggHaBggrBgEFBQcBAQSCAcwwggHIMGYGCCsGAQUFBzAChlpodHRwOi8vY3JsLm1pY3Jvc29mdC5jb20vcGtpaW5mcmEvQ2VydHMvQkwyUEtJSU5UQ0EwMS5BTUUuR0JMX0FNRSUyMEluZnJhJTIwQ0ElMjAwMig0KS5jcnQwVgYIKwYBBQUHMAKGSmh0dHA6Ly9jcmwxLmFtZS5nYmwvYWlhL0JMMlBLSUlOVENBMDEuQU1FLkdCTF9BTUUlMjBJbmZyYSUyMENBJTIwMDIoNCkuY3J0MFYGCCsGAQUFBzAChkpodHRwOi8vY3JsMi5hbWUuZ2JsL2FpYS9CTDJQS0lJTlRDQTAxLkFNRS5HQkxfQU1FJTIwSW5mcmElMjBDQSUyMDAyKDQpLmNydDBWBggrBgEFBQcwAoZKaHR0cDovL2NybDMuYW1lLmdibC9haWEvQkwyUEtJSU5UQ0EwMS5BTUUuR0JMX0FNRSUyMEluZnJhJTIwQ0ElMjAwMig0KS5jcnQwVgYIKwYBBQUHMAKGSmh0dHA6Ly9jcmw0LmFtZS5nYmwvYWlhL0JMMlBLSUlOVENBMDEuQU1FLkdCTF9BTUUlMjBJbmZyYSUyMENBJTIwMDIoNCkuY3J0MB0GA1UdDgQWBBQBTTHZD8UzTofzBwHZRpdtw5XpXjAOBgNVHQ8BAf8EBAMCBaAwggE1BgNVHR8EggEsMIIBKDCCASSgggEgoIIBHIZCaHR0cDovL2NybC5taWNyb3NvZnQuY29tL3BraWluZnJhL0NSTC9BTUUlMjBJbmZyYSUyMENBJTIwMDIoNCkuY3JshjRodHRwOi8vY3JsMS5hbWUuZ2JsL2NybC9BTUUlMjBJbmZyYSUyMENBJTIwMDIoNCkuY3JshjRodHRwOi8vY3JsMi5hbWUuZ2JsL2NybC9BTUUlMjBJbmZyYSUyMENBJTIwMDIoNCkuY3JshjRodHRwOi8vY3JsMy5hbWUuZ2JsL2NybC9BTUUlMjBJbmZyYSUyMENBJTIwMDIoNCkuY3JshjRodHRwOi8vY3JsNC5hbWUuZ2JsL2NybC9BTUUlMjBJbmZyYSUyMENBJTIwMDIoNCkuY3JsMBcGA1UdIAQQMA4wDAYKKwYBBAGCN3sBATAfBgNVHSMEGDAWgBSuecJrXSWIEwb2BwnDl3x7l48dVTAdBgNVHSUEFjAUBggrBgEFBQcDAQYIKwYBBQUHAwIwDQYJKoZIhvcNAQELBQADggEBAD3Zm_z6dHneGOQPVVe1FxHrV2xvtqbjaKZAuH5rSpWUw_DJdOSV4cWnP6mHzxkPNq64LVAwgyif18NOtR825NodQN7r_Il0fGIykE4rt-M_xIqddJaoXHzIGUQ0uCofzHWG-wdvSYVhlbFFtTckqYtEA9-qW-eTU2K1wu1OQ8ry_XahL8OpgJsribT6ANlH0I5odhgLdzGhwvBWfM1-xaqN8ieQA5l7FdmYeOrZYwzX4Lc-478HHPVhkKgLr6pn1L-WJJ1mMn_PPXo4c6q34Uw6i0kyVgPeot9rO0FSHhj-YxHTde4eXuk4k1VEx6v56KK89p9N2LCqwkWf75r3Vdk&s=A3q4vIvBCwmMDHhnsQSL3W78ACRIWDuqUfHCe81lNf76nu84MlSmN9Rz957S6QahxQRdXx7pblmtclSszC9MqkmAwKRWe9025ZiiTBSbQdEQiKIc80L92bJrsQ5dAm2uiATyiM8hn6bT-GSG09_4_XN5cc_yr0lFZwBIJXxfdPdWSyM5v5pXiWkYWAxVaRl6x5QRVmOjOV8fu6JyaX_TUuEjTcQlREbvBJyG2Yx2pfqnuB8VLshU-eZumLEjY8wmf7iWciHsLFZYyCmtF0shRLXJEOq3SmzH1qF7Jy739_9ny47et5uzqg8r4vS_7I2DQsJB7GgnnqPsjY92-xxjnw&h=8LnWZrxtVx4XgeTKeBmIUYNLrNAbzyhU5EDXZRemnP8
  response:
    body:
      string: ''
    headers:
      api-supported-versions:
      - 2022-01-01-preview, 2022-03-01, 2022-06-01-preview, 2022-10-01, 2022-11-01-preview,
        2023-04-01-preview, 2023-05-01, 2023-05-02-preview, 2023-08-01-preview
      cache-control:
      - no-cache
      content-length:
      - '0'
      date:
      - Thu, 26 Oct 2023 02:08:06 GMT
      expires:
      - '-1'
      location:
      - https://management.azure.com/subscriptions/00000000-0000-0000-0000-000000000000/providers/Microsoft.App/locations/eastus/containerappOperationResults/d8ad522c-20cf-4bd3-8536-993b7ae88269?api-version=2023-05-02-preview&t=638338828875147974&c=MIIHHjCCBgagAwIBAgITfwHPGb2PGVTN4z3FUwAEAc8ZvTANBgkqhkiG9w0BAQsFADBEMRMwEQYKCZImiZPyLGQBGRYDR0JMMRMwEQYKCZImiZPyLGQBGRYDQU1FMRgwFgYDVQQDEw9BTUUgSW5mcmEgQ0EgMDIwHhcNMjMwODAyMDYzNjM2WhcNMjQwNzI3MDYzNjM2WjBAMT4wPAYDVQQDEzVhc3luY29wZXJhdGlvbnNpZ25pbmdjZXJ0aWZpY2F0ZS5tYW5hZ2VtZW50LmF6dXJlLmNvbTCCASIwDQYJKoZIhvcNAQEBBQADggEPADCCAQoCggEBALA8WMmmEO1CwTnKvAtvibQoh9fKt-nYVdbvRtzIlm4z19BYYfDibvj6l1viYhNR3bs53c9d8fIWknmMKcHdJpnnDk-sfLAVWjMNWlp_buwQ0wqnDDMi-_nqhutQ0ONUbruFxD0-bGPA3RLD9MxnV3XQGNGjXFzj7hqAQauMfHafpxwgDIEYAcWfBtE32aGB9_bxZrY8E2slVewgeS6yws88svVeMAmGPQEGqIrOrqphrXLbmWMcWg6Ixey-FyuliVC6n2ECOpeUOnI3zd3u2YXwLZrTeYxh6zaRuU-ht2zLmkisse4EaaJvcnYB1ET9IBE-LI8SxLbutQtDAe4kiSkCAwEAAaOCBAswggQHMCcGCSsGAQQBgjcVCgQaMBgwCgYIKwYBBQUHAwEwCgYIKwYBBQUHAwIwPQYJKwYBBAGCNxUHBDAwLgYmKwYBBAGCNxUIhpDjDYTVtHiE8Ys-hZvdFs6dEoFggvX2K4Py0SACAWQCAQowggHaBggrBgEFBQcBAQSCAcwwggHIMGYGCCsGAQUFBzAChlpodHRwOi8vY3JsLm1pY3Jvc29mdC5jb20vcGtpaW5mcmEvQ2VydHMvQkwyUEtJSU5UQ0EwMS5BTUUuR0JMX0FNRSUyMEluZnJhJTIwQ0ElMjAwMig0KS5jcnQwVgYIKwYBBQUHMAKGSmh0dHA6Ly9jcmwxLmFtZS5nYmwvYWlhL0JMMlBLSUlOVENBMDEuQU1FLkdCTF9BTUUlMjBJbmZyYSUyMENBJTIwMDIoNCkuY3J0MFYGCCsGAQUFBzAChkpodHRwOi8vY3JsMi5hbWUuZ2JsL2FpYS9CTDJQS0lJTlRDQTAxLkFNRS5HQkxfQU1FJTIwSW5mcmElMjBDQSUyMDAyKDQpLmNydDBWBggrBgEFBQcwAoZKaHR0cDovL2NybDMuYW1lLmdibC9haWEvQkwyUEtJSU5UQ0EwMS5BTUUuR0JMX0FNRSUyMEluZnJhJTIwQ0ElMjAwMig0KS5jcnQwVgYIKwYBBQUHMAKGSmh0dHA6Ly9jcmw0LmFtZS5nYmwvYWlhL0JMMlBLSUlOVENBMDEuQU1FLkdCTF9BTUUlMjBJbmZyYSUyMENBJTIwMDIoNCkuY3J0MB0GA1UdDgQWBBQBTTHZD8UzTofzBwHZRpdtw5XpXjAOBgNVHQ8BAf8EBAMCBaAwggE1BgNVHR8EggEsMIIBKDCCASSgggEgoIIBHIZCaHR0cDovL2NybC5taWNyb3NvZnQuY29tL3BraWluZnJhL0NSTC9BTUUlMjBJbmZyYSUyMENBJTIwMDIoNCkuY3JshjRodHRwOi8vY3JsMS5hbWUuZ2JsL2NybC9BTUUlMjBJbmZyYSUyMENBJTIwMDIoNCkuY3JshjRodHRwOi8vY3JsMi5hbWUuZ2JsL2NybC9BTUUlMjBJbmZyYSUyMENBJTIwMDIoNCkuY3JshjRodHRwOi8vY3JsMy5hbWUuZ2JsL2NybC9BTUUlMjBJbmZyYSUyMENBJTIwMDIoNCkuY3JshjRodHRwOi8vY3JsNC5hbWUuZ2JsL2NybC9BTUUlMjBJbmZyYSUyMENBJTIwMDIoNCkuY3JsMBcGA1UdIAQQMA4wDAYKKwYBBAGCN3sBATAfBgNVHSMEGDAWgBSuecJrXSWIEwb2BwnDl3x7l48dVTAdBgNVHSUEFjAUBggrBgEFBQcDAQYIKwYBBQUHAwIwDQYJKoZIhvcNAQELBQADggEBAD3Zm_z6dHneGOQPVVe1FxHrV2xvtqbjaKZAuH5rSpWUw_DJdOSV4cWnP6mHzxkPNq64LVAwgyif18NOtR825NodQN7r_Il0fGIykE4rt-M_xIqddJaoXHzIGUQ0uCofzHWG-wdvSYVhlbFFtTckqYtEA9-qW-eTU2K1wu1OQ8ry_XahL8OpgJsribT6ANlH0I5odhgLdzGhwvBWfM1-xaqN8ieQA5l7FdmYeOrZYwzX4Lc-478HHPVhkKgLr6pn1L-WJJ1mMn_PPXo4c6q34Uw6i0kyVgPeot9rO0FSHhj-YxHTde4eXuk4k1VEx6v56KK89p9N2LCqwkWf75r3Vdk&s=Jdi13_f32aBJbcjayHghjw8dyzJd19xIfOpauS4c2nNh-zH1Cvp5ezJAlT9gSqWpuNkxd3Kj17sOZxy87IemlMpcQww0EZo-j5jACe0eBO1HqLvquizGhZv-foTpVObNM6XABdlhgLBRm1kcgfynBZ3aveBmAEGG3rIb47zH7SSjC0-3NOEAv61BKIOZqeDdAO4sm8x5lpIUgtqvNj8m9o5cf6v3CMb9X5nXNPSeWj_8_9nrtEkewUPrFI2-Yaivj9ArwH99sTd9yLkv9EN4h33xEaWcLxOBcujlQwb2sepQufg1VqbCMwkqbkjqRgfP6NvE4HdXQiUSuMyb1CxRJA&h=dNF2o9lsfRrAdx99tSgXDTz2XCQT9lXR98h3d8-lyBU
      pragma:
      - no-cache
      server:
      - Microsoft-IIS/10.0
      strict-transport-security:
      - max-age=31536000; includeSubDomains
      x-content-type-options:
      - nosniff
      x-powered-by:
      - ASP.NET
    status:
      code: 202
      message: Accepted
- request:
    body: null
    headers:
      Accept:
      - '*/*'
      Accept-Encoding:
      - gzip, deflate
      CommandName:
      - containerapp delete
      Connection:
      - keep-alive
      ParameterSetName:
      - -n -g --yes
      User-Agent:
      - python/3.10.11 (Windows-10-10.0.22621-SP0) AZURECLI/2.53.0
    method: GET
    uri: https://management.azure.com/subscriptions/00000000-0000-0000-0000-000000000000/providers/Microsoft.App/locations/eastus/containerappOperationResults/d8ad522c-20cf-4bd3-8536-993b7ae88269?api-version=2023-05-02-preview&t=638338828664753053&c=MIIHHjCCBgagAwIBAgITfwHPGb2PGVTN4z3FUwAEAc8ZvTANBgkqhkiG9w0BAQsFADBEMRMwEQYKCZImiZPyLGQBGRYDR0JMMRMwEQYKCZImiZPyLGQBGRYDQU1FMRgwFgYDVQQDEw9BTUUgSW5mcmEgQ0EgMDIwHhcNMjMwODAyMDYzNjM2WhcNMjQwNzI3MDYzNjM2WjBAMT4wPAYDVQQDEzVhc3luY29wZXJhdGlvbnNpZ25pbmdjZXJ0aWZpY2F0ZS5tYW5hZ2VtZW50LmF6dXJlLmNvbTCCASIwDQYJKoZIhvcNAQEBBQADggEPADCCAQoCggEBALA8WMmmEO1CwTnKvAtvibQoh9fKt-nYVdbvRtzIlm4z19BYYfDibvj6l1viYhNR3bs53c9d8fIWknmMKcHdJpnnDk-sfLAVWjMNWlp_buwQ0wqnDDMi-_nqhutQ0ONUbruFxD0-bGPA3RLD9MxnV3XQGNGjXFzj7hqAQauMfHafpxwgDIEYAcWfBtE32aGB9_bxZrY8E2slVewgeS6yws88svVeMAmGPQEGqIrOrqphrXLbmWMcWg6Ixey-FyuliVC6n2ECOpeUOnI3zd3u2YXwLZrTeYxh6zaRuU-ht2zLmkisse4EaaJvcnYB1ET9IBE-LI8SxLbutQtDAe4kiSkCAwEAAaOCBAswggQHMCcGCSsGAQQBgjcVCgQaMBgwCgYIKwYBBQUHAwEwCgYIKwYBBQUHAwIwPQYJKwYBBAGCNxUHBDAwLgYmKwYBBAGCNxUIhpDjDYTVtHiE8Ys-hZvdFs6dEoFggvX2K4Py0SACAWQCAQowggHaBggrBgEFBQcBAQSCAcwwggHIMGYGCCsGAQUFBzAChlpodHRwOi8vY3JsLm1pY3Jvc29mdC5jb20vcGtpaW5mcmEvQ2VydHMvQkwyUEtJSU5UQ0EwMS5BTUUuR0JMX0FNRSUyMEluZnJhJTIwQ0ElMjAwMig0KS5jcnQwVgYIKwYBBQUHMAKGSmh0dHA6Ly9jcmwxLmFtZS5nYmwvYWlhL0JMMlBLSUlOVENBMDEuQU1FLkdCTF9BTUUlMjBJbmZyYSUyMENBJTIwMDIoNCkuY3J0MFYGCCsGAQUFBzAChkpodHRwOi8vY3JsMi5hbWUuZ2JsL2FpYS9CTDJQS0lJTlRDQTAxLkFNRS5HQkxfQU1FJTIwSW5mcmElMjBDQSUyMDAyKDQpLmNydDBWBggrBgEFBQcwAoZKaHR0cDovL2NybDMuYW1lLmdibC9haWEvQkwyUEtJSU5UQ0EwMS5BTUUuR0JMX0FNRSUyMEluZnJhJTIwQ0ElMjAwMig0KS5jcnQwVgYIKwYBBQUHMAKGSmh0dHA6Ly9jcmw0LmFtZS5nYmwvYWlhL0JMMlBLSUlOVENBMDEuQU1FLkdCTF9BTUUlMjBJbmZyYSUyMENBJTIwMDIoNCkuY3J0MB0GA1UdDgQWBBQBTTHZD8UzTofzBwHZRpdtw5XpXjAOBgNVHQ8BAf8EBAMCBaAwggE1BgNVHR8EggEsMIIBKDCCASSgggEgoIIBHIZCaHR0cDovL2NybC5taWNyb3NvZnQuY29tL3BraWluZnJhL0NSTC9BTUUlMjBJbmZyYSUyMENBJTIwMDIoNCkuY3JshjRodHRwOi8vY3JsMS5hbWUuZ2JsL2NybC9BTUUlMjBJbmZyYSUyMENBJTIwMDIoNCkuY3JshjRodHRwOi8vY3JsMi5hbWUuZ2JsL2NybC9BTUUlMjBJbmZyYSUyMENBJTIwMDIoNCkuY3JshjRodHRwOi8vY3JsMy5hbWUuZ2JsL2NybC9BTUUlMjBJbmZyYSUyMENBJTIwMDIoNCkuY3JshjRodHRwOi8vY3JsNC5hbWUuZ2JsL2NybC9BTUUlMjBJbmZyYSUyMENBJTIwMDIoNCkuY3JsMBcGA1UdIAQQMA4wDAYKKwYBBAGCN3sBATAfBgNVHSMEGDAWgBSuecJrXSWIEwb2BwnDl3x7l48dVTAdBgNVHSUEFjAUBggrBgEFBQcDAQYIKwYBBQUHAwIwDQYJKoZIhvcNAQELBQADggEBAD3Zm_z6dHneGOQPVVe1FxHrV2xvtqbjaKZAuH5rSpWUw_DJdOSV4cWnP6mHzxkPNq64LVAwgyif18NOtR825NodQN7r_Il0fGIykE4rt-M_xIqddJaoXHzIGUQ0uCofzHWG-wdvSYVhlbFFtTckqYtEA9-qW-eTU2K1wu1OQ8ry_XahL8OpgJsribT6ANlH0I5odhgLdzGhwvBWfM1-xaqN8ieQA5l7FdmYeOrZYwzX4Lc-478HHPVhkKgLr6pn1L-WJJ1mMn_PPXo4c6q34Uw6i0kyVgPeot9rO0FSHhj-YxHTde4eXuk4k1VEx6v56KK89p9N2LCqwkWf75r3Vdk&s=A3q4vIvBCwmMDHhnsQSL3W78ACRIWDuqUfHCe81lNf76nu84MlSmN9Rz957S6QahxQRdXx7pblmtclSszC9MqkmAwKRWe9025ZiiTBSbQdEQiKIc80L92bJrsQ5dAm2uiATyiM8hn6bT-GSG09_4_XN5cc_yr0lFZwBIJXxfdPdWSyM5v5pXiWkYWAxVaRl6x5QRVmOjOV8fu6JyaX_TUuEjTcQlREbvBJyG2Yx2pfqnuB8VLshU-eZumLEjY8wmf7iWciHsLFZYyCmtF0shRLXJEOq3SmzH1qF7Jy739_9ny47et5uzqg8r4vS_7I2DQsJB7GgnnqPsjY92-xxjnw&h=8LnWZrxtVx4XgeTKeBmIUYNLrNAbzyhU5EDXZRemnP8
  response:
    body:
      string: ''
    headers:
      api-supported-versions:
      - 2022-01-01-preview, 2022-03-01, 2022-06-01-preview, 2022-10-01, 2022-11-01-preview,
        2023-04-01-preview, 2023-05-01, 2023-05-02-preview, 2023-08-01-preview
      cache-control:
      - no-cache
      content-length:
      - '0'
      date:
      - Thu, 26 Oct 2023 02:08:13 GMT
      expires:
      - '-1'
      location:
      - https://management.azure.com/subscriptions/00000000-0000-0000-0000-000000000000/providers/Microsoft.App/locations/eastus/containerappOperationResults/d8ad522c-20cf-4bd3-8536-993b7ae88269?api-version=2023-05-02-preview&t=638338828931347001&c=MIIHHjCCBgagAwIBAgITfwHPGb2PGVTN4z3FUwAEAc8ZvTANBgkqhkiG9w0BAQsFADBEMRMwEQYKCZImiZPyLGQBGRYDR0JMMRMwEQYKCZImiZPyLGQBGRYDQU1FMRgwFgYDVQQDEw9BTUUgSW5mcmEgQ0EgMDIwHhcNMjMwODAyMDYzNjM2WhcNMjQwNzI3MDYzNjM2WjBAMT4wPAYDVQQDEzVhc3luY29wZXJhdGlvbnNpZ25pbmdjZXJ0aWZpY2F0ZS5tYW5hZ2VtZW50LmF6dXJlLmNvbTCCASIwDQYJKoZIhvcNAQEBBQADggEPADCCAQoCggEBALA8WMmmEO1CwTnKvAtvibQoh9fKt-nYVdbvRtzIlm4z19BYYfDibvj6l1viYhNR3bs53c9d8fIWknmMKcHdJpnnDk-sfLAVWjMNWlp_buwQ0wqnDDMi-_nqhutQ0ONUbruFxD0-bGPA3RLD9MxnV3XQGNGjXFzj7hqAQauMfHafpxwgDIEYAcWfBtE32aGB9_bxZrY8E2slVewgeS6yws88svVeMAmGPQEGqIrOrqphrXLbmWMcWg6Ixey-FyuliVC6n2ECOpeUOnI3zd3u2YXwLZrTeYxh6zaRuU-ht2zLmkisse4EaaJvcnYB1ET9IBE-LI8SxLbutQtDAe4kiSkCAwEAAaOCBAswggQHMCcGCSsGAQQBgjcVCgQaMBgwCgYIKwYBBQUHAwEwCgYIKwYBBQUHAwIwPQYJKwYBBAGCNxUHBDAwLgYmKwYBBAGCNxUIhpDjDYTVtHiE8Ys-hZvdFs6dEoFggvX2K4Py0SACAWQCAQowggHaBggrBgEFBQcBAQSCAcwwggHIMGYGCCsGAQUFBzAChlpodHRwOi8vY3JsLm1pY3Jvc29mdC5jb20vcGtpaW5mcmEvQ2VydHMvQkwyUEtJSU5UQ0EwMS5BTUUuR0JMX0FNRSUyMEluZnJhJTIwQ0ElMjAwMig0KS5jcnQwVgYIKwYBBQUHMAKGSmh0dHA6Ly9jcmwxLmFtZS5nYmwvYWlhL0JMMlBLSUlOVENBMDEuQU1FLkdCTF9BTUUlMjBJbmZyYSUyMENBJTIwMDIoNCkuY3J0MFYGCCsGAQUFBzAChkpodHRwOi8vY3JsMi5hbWUuZ2JsL2FpYS9CTDJQS0lJTlRDQTAxLkFNRS5HQkxfQU1FJTIwSW5mcmElMjBDQSUyMDAyKDQpLmNydDBWBggrBgEFBQcwAoZKaHR0cDovL2NybDMuYW1lLmdibC9haWEvQkwyUEtJSU5UQ0EwMS5BTUUuR0JMX0FNRSUyMEluZnJhJTIwQ0ElMjAwMig0KS5jcnQwVgYIKwYBBQUHMAKGSmh0dHA6Ly9jcmw0LmFtZS5nYmwvYWlhL0JMMlBLSUlOVENBMDEuQU1FLkdCTF9BTUUlMjBJbmZyYSUyMENBJTIwMDIoNCkuY3J0MB0GA1UdDgQWBBQBTTHZD8UzTofzBwHZRpdtw5XpXjAOBgNVHQ8BAf8EBAMCBaAwggE1BgNVHR8EggEsMIIBKDCCASSgggEgoIIBHIZCaHR0cDovL2NybC5taWNyb3NvZnQuY29tL3BraWluZnJhL0NSTC9BTUUlMjBJbmZyYSUyMENBJTIwMDIoNCkuY3JshjRodHRwOi8vY3JsMS5hbWUuZ2JsL2NybC9BTUUlMjBJbmZyYSUyMENBJTIwMDIoNCkuY3JshjRodHRwOi8vY3JsMi5hbWUuZ2JsL2NybC9BTUUlMjBJbmZyYSUyMENBJTIwMDIoNCkuY3JshjRodHRwOi8vY3JsMy5hbWUuZ2JsL2NybC9BTUUlMjBJbmZyYSUyMENBJTIwMDIoNCkuY3JshjRodHRwOi8vY3JsNC5hbWUuZ2JsL2NybC9BTUUlMjBJbmZyYSUyMENBJTIwMDIoNCkuY3JsMBcGA1UdIAQQMA4wDAYKKwYBBAGCN3sBATAfBgNVHSMEGDAWgBSuecJrXSWIEwb2BwnDl3x7l48dVTAdBgNVHSUEFjAUBggrBgEFBQcDAQYIKwYBBQUHAwIwDQYJKoZIhvcNAQELBQADggEBAD3Zm_z6dHneGOQPVVe1FxHrV2xvtqbjaKZAuH5rSpWUw_DJdOSV4cWnP6mHzxkPNq64LVAwgyif18NOtR825NodQN7r_Il0fGIykE4rt-M_xIqddJaoXHzIGUQ0uCofzHWG-wdvSYVhlbFFtTckqYtEA9-qW-eTU2K1wu1OQ8ry_XahL8OpgJsribT6ANlH0I5odhgLdzGhwvBWfM1-xaqN8ieQA5l7FdmYeOrZYwzX4Lc-478HHPVhkKgLr6pn1L-WJJ1mMn_PPXo4c6q34Uw6i0kyVgPeot9rO0FSHhj-YxHTde4eXuk4k1VEx6v56KK89p9N2LCqwkWf75r3Vdk&s=rWtg52gdUPA84VCXpdmyNh7YVtlX9cbbhjpicn2ev4fiJfBk02C_BDzosraEtUjA5-R47AwTM2HVrqy7eOatgFdjUJqRUK6WlF1NzhMAPhTvgfOivvifaZlcmvCczRomLqxr_RS7_PNsCMwNS-DppHRGNcy84QRfxwd8I5SK13E5q1BMzNcvkmagh8MOWe-Wvzd96FZkALwNehM5yjtyWSOnuJzBFUPu4cTE8wMhu4DLbQMNO_15Ui9o2gj0LjFmz8-m3WDANBy_ufXlzEZcmbaw7-3xuMnGH-GZaODXwfvvKzvW7ag6Qr_AurDPcRVLrMFdePa6C3pfIR5N8SeFeA&h=b05E2ApfCuWy8MfFL3S_0n7kL1OxWl5X6bXr_aKXPoU
      pragma:
      - no-cache
      server:
      - Microsoft-IIS/10.0
      strict-transport-security:
      - max-age=31536000; includeSubDomains
      x-content-type-options:
      - nosniff
      x-powered-by:
      - ASP.NET
    status:
      code: 202
      message: Accepted
- request:
    body: null
    headers:
      Accept:
      - '*/*'
      Accept-Encoding:
      - gzip, deflate
      CommandName:
      - containerapp delete
      Connection:
      - keep-alive
      ParameterSetName:
      - -n -g --yes
      User-Agent:
      - python/3.10.11 (Windows-10-10.0.22621-SP0) AZURECLI/2.53.0
    method: GET
    uri: https://management.azure.com/subscriptions/00000000-0000-0000-0000-000000000000/providers/Microsoft.App/locations/eastus/containerappOperationResults/d8ad522c-20cf-4bd3-8536-993b7ae88269?api-version=2023-05-02-preview&t=638338828664753053&c=MIIHHjCCBgagAwIBAgITfwHPGb2PGVTN4z3FUwAEAc8ZvTANBgkqhkiG9w0BAQsFADBEMRMwEQYKCZImiZPyLGQBGRYDR0JMMRMwEQYKCZImiZPyLGQBGRYDQU1FMRgwFgYDVQQDEw9BTUUgSW5mcmEgQ0EgMDIwHhcNMjMwODAyMDYzNjM2WhcNMjQwNzI3MDYzNjM2WjBAMT4wPAYDVQQDEzVhc3luY29wZXJhdGlvbnNpZ25pbmdjZXJ0aWZpY2F0ZS5tYW5hZ2VtZW50LmF6dXJlLmNvbTCCASIwDQYJKoZIhvcNAQEBBQADggEPADCCAQoCggEBALA8WMmmEO1CwTnKvAtvibQoh9fKt-nYVdbvRtzIlm4z19BYYfDibvj6l1viYhNR3bs53c9d8fIWknmMKcHdJpnnDk-sfLAVWjMNWlp_buwQ0wqnDDMi-_nqhutQ0ONUbruFxD0-bGPA3RLD9MxnV3XQGNGjXFzj7hqAQauMfHafpxwgDIEYAcWfBtE32aGB9_bxZrY8E2slVewgeS6yws88svVeMAmGPQEGqIrOrqphrXLbmWMcWg6Ixey-FyuliVC6n2ECOpeUOnI3zd3u2YXwLZrTeYxh6zaRuU-ht2zLmkisse4EaaJvcnYB1ET9IBE-LI8SxLbutQtDAe4kiSkCAwEAAaOCBAswggQHMCcGCSsGAQQBgjcVCgQaMBgwCgYIKwYBBQUHAwEwCgYIKwYBBQUHAwIwPQYJKwYBBAGCNxUHBDAwLgYmKwYBBAGCNxUIhpDjDYTVtHiE8Ys-hZvdFs6dEoFggvX2K4Py0SACAWQCAQowggHaBggrBgEFBQcBAQSCAcwwggHIMGYGCCsGAQUFBzAChlpodHRwOi8vY3JsLm1pY3Jvc29mdC5jb20vcGtpaW5mcmEvQ2VydHMvQkwyUEtJSU5UQ0EwMS5BTUUuR0JMX0FNRSUyMEluZnJhJTIwQ0ElMjAwMig0KS5jcnQwVgYIKwYBBQUHMAKGSmh0dHA6Ly9jcmwxLmFtZS5nYmwvYWlhL0JMMlBLSUlOVENBMDEuQU1FLkdCTF9BTUUlMjBJbmZyYSUyMENBJTIwMDIoNCkuY3J0MFYGCCsGAQUFBzAChkpodHRwOi8vY3JsMi5hbWUuZ2JsL2FpYS9CTDJQS0lJTlRDQTAxLkFNRS5HQkxfQU1FJTIwSW5mcmElMjBDQSUyMDAyKDQpLmNydDBWBggrBgEFBQcwAoZKaHR0cDovL2NybDMuYW1lLmdibC9haWEvQkwyUEtJSU5UQ0EwMS5BTUUuR0JMX0FNRSUyMEluZnJhJTIwQ0ElMjAwMig0KS5jcnQwVgYIKwYBBQUHMAKGSmh0dHA6Ly9jcmw0LmFtZS5nYmwvYWlhL0JMMlBLSUlOVENBMDEuQU1FLkdCTF9BTUUlMjBJbmZyYSUyMENBJTIwMDIoNCkuY3J0MB0GA1UdDgQWBBQBTTHZD8UzTofzBwHZRpdtw5XpXjAOBgNVHQ8BAf8EBAMCBaAwggE1BgNVHR8EggEsMIIBKDCCASSgggEgoIIBHIZCaHR0cDovL2NybC5taWNyb3NvZnQuY29tL3BraWluZnJhL0NSTC9BTUUlMjBJbmZyYSUyMENBJTIwMDIoNCkuY3JshjRodHRwOi8vY3JsMS5hbWUuZ2JsL2NybC9BTUUlMjBJbmZyYSUyMENBJTIwMDIoNCkuY3JshjRodHRwOi8vY3JsMi5hbWUuZ2JsL2NybC9BTUUlMjBJbmZyYSUyMENBJTIwMDIoNCkuY3JshjRodHRwOi8vY3JsMy5hbWUuZ2JsL2NybC9BTUUlMjBJbmZyYSUyMENBJTIwMDIoNCkuY3JshjRodHRwOi8vY3JsNC5hbWUuZ2JsL2NybC9BTUUlMjBJbmZyYSUyMENBJTIwMDIoNCkuY3JsMBcGA1UdIAQQMA4wDAYKKwYBBAGCN3sBATAfBgNVHSMEGDAWgBSuecJrXSWIEwb2BwnDl3x7l48dVTAdBgNVHSUEFjAUBggrBgEFBQcDAQYIKwYBBQUHAwIwDQYJKoZIhvcNAQELBQADggEBAD3Zm_z6dHneGOQPVVe1FxHrV2xvtqbjaKZAuH5rSpWUw_DJdOSV4cWnP6mHzxkPNq64LVAwgyif18NOtR825NodQN7r_Il0fGIykE4rt-M_xIqddJaoXHzIGUQ0uCofzHWG-wdvSYVhlbFFtTckqYtEA9-qW-eTU2K1wu1OQ8ry_XahL8OpgJsribT6ANlH0I5odhgLdzGhwvBWfM1-xaqN8ieQA5l7FdmYeOrZYwzX4Lc-478HHPVhkKgLr6pn1L-WJJ1mMn_PPXo4c6q34Uw6i0kyVgPeot9rO0FSHhj-YxHTde4eXuk4k1VEx6v56KK89p9N2LCqwkWf75r3Vdk&s=A3q4vIvBCwmMDHhnsQSL3W78ACRIWDuqUfHCe81lNf76nu84MlSmN9Rz957S6QahxQRdXx7pblmtclSszC9MqkmAwKRWe9025ZiiTBSbQdEQiKIc80L92bJrsQ5dAm2uiATyiM8hn6bT-GSG09_4_XN5cc_yr0lFZwBIJXxfdPdWSyM5v5pXiWkYWAxVaRl6x5QRVmOjOV8fu6JyaX_TUuEjTcQlREbvBJyG2Yx2pfqnuB8VLshU-eZumLEjY8wmf7iWciHsLFZYyCmtF0shRLXJEOq3SmzH1qF7Jy739_9ny47et5uzqg8r4vS_7I2DQsJB7GgnnqPsjY92-xxjnw&h=8LnWZrxtVx4XgeTKeBmIUYNLrNAbzyhU5EDXZRemnP8
  response:
    body:
      string: ''
    headers:
      api-supported-versions:
      - 2022-01-01-preview, 2022-03-01, 2022-06-01-preview, 2022-10-01, 2022-11-01-preview,
        2023-04-01-preview, 2023-05-01, 2023-05-02-preview, 2023-08-01-preview
      cache-control:
      - no-cache
      date:
      - Thu, 26 Oct 2023 02:08:18 GMT
      expires:
      - '-1'
      pragma:
      - no-cache
      server:
      - Microsoft-IIS/10.0
      strict-transport-security:
      - max-age=31536000; includeSubDomains
      x-content-type-options:
      - nosniff
      x-powered-by:
      - ASP.NET
    status:
      code: 204
      message: No Content
version: 1
