interactions:
- request:
    body: '{"location": "eastus", "properties": {"retentionInDays": 30, "sku": {"name":
      "PerGB2018"}}}'
    headers:
      Accept:
      - application/json
      Accept-Encoding:
      - gzip, deflate
      CommandName:
      - monitor log-analytics workspace create
      Connection:
      - keep-alive
      Content-Length:
      - '91'
      Content-Type:
      - application/json
      ParameterSetName:
      - -g -n -l
      User-Agent:
      - AZURECLI/2.43.0 (AAZ) azsdk-python-core/1.24.0 Python/3.10.10 (Windows-10-10.0.22621-SP0)
    method: PUT
    uri: https://management.azure.com/subscriptions/00000000-0000-0000-0000-000000000000/resourcegroups/cli_test_containerapp_preview000001/providers/Microsoft.OperationalInsights/workspaces/containerapp-env000003?api-version=2021-12-01-preview
  response:
    body:
      string: "{\r\n  \"properties\": {\r\n    \"source\": \"Azure\",\r\n    \"customerId\":
        \"86e44ec5-a500-415a-b54d-5945c16a6b01\",\r\n    \"provisioningState\": \"Creating\",\r\n
        \   \"sku\": {\r\n      \"name\": \"pergb2018\",\r\n      \"lastSkuUpdate\":
        \"Fri, 03 Mar 2023 15:37:29 GMT\"\r\n    },\r\n    \"retentionInDays\": 30,\r\n
        \   \"features\": {\r\n      \"legacy\": 0,\r\n      \"searchVersion\": 1,\r\n
        \     \"enableLogAccessUsingOnlyResourcePermissions\": true\r\n    },\r\n
        \   \"workspaceCapping\": {\r\n      \"dailyQuotaGb\": -1.0,\r\n      \"quotaNextResetTime\":
        \"Fri, 03 Mar 2023 20:00:00 GMT\",\r\n      \"dataIngestionStatus\": \"RespectQuota\"\r\n
        \   },\r\n    \"publicNetworkAccessForIngestion\": \"Enabled\",\r\n    \"publicNetworkAccessForQuery\":
        \"Enabled\",\r\n    \"createdDate\": \"Fri, 03 Mar 2023 15:37:28 GMT\",\r\n
        \   \"modifiedDate\": \"Fri, 03 Mar 2023 15:37:28 GMT\"\r\n  },\r\n  \"id\":
        \"/subscriptions/00000000-0000-0000-0000-000000000000/resourcegroups/cli_test_containerapp_preview000001/providers/microsoft.operationalinsights/workspaces/containerapp-env000003\",\r\n
        \ \"name\": \"containerapp-env000003\",\r\n  \"type\": \"Microsoft.OperationalInsights/workspaces\",\r\n
        \ \"location\": \"eastus\"\r\n}"
    headers:
      access-control-allow-origin:
      - '*'
      cache-control:
      - no-cache
      content-length:
      - '1097'
      content-type:
      - application/json
      date:
      - Fri, 03 Mar 2023 15:37:30 GMT
      pragma:
      - no-cache
      request-context:
      - appId=cid-v1:e6336c63-aab2-45f0-996a-e5dbab2a1508
      server:
      - Microsoft-IIS/10.0
      strict-transport-security:
      - max-age=31536000; includeSubDomains
      x-content-type-options:
      - nosniff
      x-ms-ratelimit-remaining-subscription-writes:
      - '1199'
      x-powered-by:
      - ASP.NET
      - ASP.NET
    status:
      code: 201
      message: Created
- request:
    body: null
    headers:
      Accept:
      - '*/*'
      Accept-Encoding:
      - gzip, deflate
      CommandName:
      - monitor log-analytics workspace create
      Connection:
      - keep-alive
      ParameterSetName:
      - -g -n -l
      User-Agent:
      - AZURECLI/2.43.0 (AAZ) azsdk-python-core/1.24.0 Python/3.10.10 (Windows-10-10.0.22621-SP0)
    method: GET
    uri: https://management.azure.com/subscriptions/00000000-0000-0000-0000-000000000000/resourcegroups/cli_test_containerapp_preview000001/providers/Microsoft.OperationalInsights/workspaces/containerapp-env000003?api-version=2021-12-01-preview
  response:
    body:
      string: "{\r\n  \"properties\": {\r\n    \"source\": \"Azure\",\r\n    \"customerId\":
        \"86e44ec5-a500-415a-b54d-5945c16a6b01\",\r\n    \"provisioningState\": \"Succeeded\",\r\n
        \   \"sku\": {\r\n      \"name\": \"pergb2018\",\r\n      \"lastSkuUpdate\":
        \"Fri, 03 Mar 2023 15:37:29 GMT\"\r\n    },\r\n    \"retentionInDays\": 30,\r\n
        \   \"features\": {\r\n      \"legacy\": 0,\r\n      \"searchVersion\": 1,\r\n
        \     \"enableLogAccessUsingOnlyResourcePermissions\": true\r\n    },\r\n
        \   \"workspaceCapping\": {\r\n      \"dailyQuotaGb\": -1.0,\r\n      \"quotaNextResetTime\":
        \"Fri, 03 Mar 2023 20:00:00 GMT\",\r\n      \"dataIngestionStatus\": \"RespectQuota\"\r\n
        \   },\r\n    \"publicNetworkAccessForIngestion\": \"Enabled\",\r\n    \"publicNetworkAccessForQuery\":
        \"Enabled\",\r\n    \"createdDate\": \"Fri, 03 Mar 2023 15:37:28 GMT\",\r\n
        \   \"modifiedDate\": \"Fri, 03 Mar 2023 15:37:30 GMT\"\r\n  },\r\n  \"id\":
        \"/subscriptions/00000000-0000-0000-0000-000000000000/resourcegroups/cli_test_containerapp_preview000001/providers/microsoft.operationalinsights/workspaces/containerapp-env000003\",\r\n
        \ \"name\": \"containerapp-env000003\",\r\n  \"type\": \"Microsoft.OperationalInsights/workspaces\",\r\n
        \ \"location\": \"eastus\"\r\n}"
    headers:
      access-control-allow-origin:
      - '*'
      cache-control:
      - no-cache
      content-length:
      - '1098'
      content-type:
      - application/json
      date:
      - Fri, 03 Mar 2023 15:38:01 GMT
      pragma:
      - no-cache
      request-context:
      - appId=cid-v1:e6336c63-aab2-45f0-996a-e5dbab2a1508
      server:
      - Microsoft-IIS/10.0
      strict-transport-security:
      - max-age=31536000; includeSubDomains
      transfer-encoding:
      - chunked
      vary:
      - Accept-Encoding
      x-content-type-options:
      - nosniff
      x-powered-by:
      - ASP.NET
      - ASP.NET
    status:
      code: 200
      message: OK
- request:
    body: null
    headers:
      Accept:
      - application/json
      Accept-Encoding:
      - gzip, deflate
      CommandName:
      - monitor log-analytics workspace get-shared-keys
      Connection:
      - keep-alive
      Content-Length:
      - '0'
      ParameterSetName:
      - -g -n
      User-Agent:
      - AZURECLI/2.43.0 (AAZ) azsdk-python-core/1.24.0 Python/3.10.10 (Windows-10-10.0.22621-SP0)
    method: POST
    uri: https://management.azure.com/subscriptions/00000000-0000-0000-0000-000000000000/resourcegroups/cli_test_containerapp_preview000001/providers/Microsoft.OperationalInsights/workspaces/containerapp-env000003/sharedKeys?api-version=2020-08-01
  response:
    body:
      string: "{\r\n  \"primarySharedKey\": \"ZeGziyfrKXV5Tm1F3jrG0r0FzKlfoW0LaP0PcWopFbCu6gEubdO+IF2YQa927LLSMUYlagsn86scTpJo5QX2fw==\",\r\n
        \ \"secondarySharedKey\": \"vrwX7tmmdUkoCGzuoVv7NUAeMCWdLJSkk7HxBhVpRjIPKY4ypRLyjiAdPByj0U5F9i1YTX2D5eIhRxty6A19kw==\"\r\n}"
    headers:
      access-control-allow-origin:
      - '*'
      cache-control:
      - no-cache
      cachecontrol:
      - no-cache
      content-length:
      - '235'
      content-type:
      - application/json; charset=utf-8
      date:
      - Fri, 03 Mar 2023 15:38:03 GMT
      expires:
      - '-1'
      pragma:
      - no-cache
      request-context:
      - appId=cid-v1:e6336c63-aab2-45f0-996a-e5dbab2a1508
      server:
      - Microsoft-IIS/10.0
      strict-transport-security:
      - max-age=31536000; includeSubDomains
      transfer-encoding:
      - chunked
      vary:
      - Accept-Encoding
      x-ams-apiversion:
      - WebAPI1.0
      x-content-type-options:
      - nosniff
      x-ms-ratelimit-remaining-subscription-writes:
      - '1199'
      x-powered-by:
      - ASP.NET
      - ASP.NET
    status:
      code: 200
      message: OK
- request:
    body: null
    headers:
      Accept:
      - application/json
      Accept-Encoding:
      - gzip, deflate
      CommandName:
      - containerapp env create
      Connection:
      - keep-alive
      ParameterSetName:
      - -g -n --logs-workspace-id --logs-workspace-key
      User-Agent:
      - AZURECLI/2.43.0 azsdk-python-azure-mgmt-resource/21.1.0b1 Python/3.10.10 (Windows-10-10.0.22621-SP0)
    method: GET
    uri: https://management.azure.com/subscriptions/00000000-0000-0000-0000-000000000000/providers/Microsoft.App?api-version=2021-04-01
  response:
    body:
      string: '{"id":"/subscriptions/00000000-0000-0000-0000-000000000000/providers/Microsoft.App","namespace":"Microsoft.App","authorizations":[{"applicationId":"7e3bc4fd-85a3-4192-b177-5b8bfc87f42c","roleDefinitionId":"39a74f72-b40f-4bdc-b639-562fe2260bf0"},{"applicationId":"3734c1a4-2bed-4998-a37a-ff1a9e7bf019","roleDefinitionId":"5c779a4f-5cb2-4547-8c41-478d9be8ba90"},{"applicationId":"55ebbb62-3b9c-49fd-9b87-9595226dd4ac","roleDefinitionId":"e49ca620-7992-4561-a7df-4ed67dad77b5","managedByRoleDefinitionId":"9e3af657-a8ff-583c-a75c-2fe7c4bcb635"}],"resourceTypes":[{"resourceType":"operations","locations":["North
        Central US (Stage)","Central US EUAP","East US 2 EUAP","Canada Central","West
        Europe","North Europe","East US","East US 2","East Asia","Australia East","Germany
        West Central","Japan East","UK South","West US","Central US","North Central
        US","South Central US","Korea Central","Brazil South","West US 3","France
        Central","South Africa North","Norway East","Switzerland North","UAE North"],"apiVersions":["2022-11-01-preview","2022-10-01","2022-06-01-preview","2022-03-01","2022-01-01-preview"],"capabilities":"None"},{"resourceType":"locations/connectedEnvironmentOperationResults","locations":["North
        Central US (Stage)","North Central US","East US","East Asia","West Europe","Central
        US EUAP","East US 2 EUAP"],"apiVersions":["2022-11-01-preview","2022-10-01","2022-06-01-preview"],"capabilities":"None"},{"resourceType":"managedEnvironments","locations":["Central
        US EUAP","East US 2 EUAP","North Central US (Stage)","Canada Central","West
        Europe","North Europe","East US","East US 2","East Asia","Australia East","Germany
        West Central","Japan East","UK South","West US","Central US","North Central
        US","South Central US","Korea Central","Brazil South","West US 3","France
        Central","South Africa North","Norway East","Switzerland North","UAE North"],"apiVersions":["2022-11-01-preview","2022-10-01","2022-06-01-preview","2022-03-01","2022-01-01-preview"],"capabilities":"CrossResourceGroupResourceMove,
        CrossSubscriptionResourceMove, SupportsTags, SupportsLocation"},{"resourceType":"managedEnvironments/certificates","locations":["Central
        US EUAP","East US 2 EUAP","North Central US (Stage)","Canada Central","West
        Europe","North Europe","East US","East US 2","East Asia","Australia East","Germany
        West Central","Japan East","UK South","West US","Central US","North Central
        US","South Central US","Korea Central","Brazil South","West US 3","France
        Central","South Africa North","Norway East","Switzerland North","UAE North"],"apiVersions":["2022-11-01-preview","2022-10-01","2022-06-01-preview","2022-03-01","2022-01-01-preview"],"capabilities":"CrossResourceGroupResourceMove,
        CrossSubscriptionResourceMove, SupportsTags, SupportsLocation"},{"resourceType":"managedEnvironments/managedCertificates","locations":["Central
        US EUAP","East US 2 EUAP","North Central US (Stage)","Canada Central","West
        Europe","North Europe","East US","East US 2","East Asia","Australia East","Germany
        West Central","Japan East","UK South","West US","Central US","North Central
        US","South Central US","Korea Central","Brazil South","West US 3","France
        Central","South Africa North","Norway East","Switzerland North","UAE North"],"apiVersions":["2022-11-01-preview"],"capabilities":"CrossResourceGroupResourceMove,
        CrossSubscriptionResourceMove, SupportsTags, SupportsLocation"},{"resourceType":"containerApps","locations":["Central
        US EUAP","East US 2 EUAP","North Central US (Stage)","Canada Central","West
        Europe","North Europe","East US","East US 2","East Asia","Australia East","Germany
        West Central","Japan East","UK South","West US","Central US","North Central
        US","South Central US","Korea Central","Brazil South","West US 3","France
        Central","South Africa North","Norway East","Switzerland North","UAE North"],"apiVersions":["2022-11-01-preview","2022-10-01","2022-06-01-preview","2022-03-01","2022-01-01-preview"],"capabilities":"CrossResourceGroupResourceMove,
        CrossSubscriptionResourceMove, SystemAssignedResourceIdentity, SupportsTags,
        SupportsLocation"},{"resourceType":"locations","locations":[],"apiVersions":["2022-11-01-preview","2022-10-01","2022-06-01-preview","2022-03-01","2022-01-01-preview"],"capabilities":"None"},{"resourceType":"locations/managedEnvironmentOperationResults","locations":["Central
        US EUAP","East US 2 EUAP","North Central US (Stage)","Canada Central","West
        Europe","North Europe","East US","East US 2","East Asia","Australia East","Germany
        West Central","Japan East","UK South","West US","Central US","North Central
        US","South Central US","Korea Central","Brazil South","West US 3","France
        Central","South Africa North","Norway East","Switzerland North","UAE North"],"apiVersions":["2022-11-01-preview","2022-10-01","2022-06-01-preview","2022-03-01","2022-01-01-preview"],"capabilities":"None"},{"resourceType":"locations/managedEnvironmentOperationStatuses","locations":["Central
        US EUAP","East US 2 EUAP","North Central US (Stage)","Canada Central","West
        Europe","North Europe","East US","East US 2","East Asia","Australia East","Germany
        West Central","Japan East","UK South","West US","Central US","North Central
        US","South Central US","Korea Central","Brazil South","West US 3","France
        Central","South Africa North","Norway East","Switzerland North","UAE North"],"apiVersions":["2022-11-01-preview","2022-10-01","2022-06-01-preview","2022-03-01","2022-01-01-preview"],"capabilities":"None"},{"resourceType":"locations/containerappOperationResults","locations":["Central
        US EUAP","East US 2 EUAP","North Central US (Stage)","Canada Central","West
        Europe","North Europe","East US","East US 2","East Asia","Australia East","Germany
        West Central","Japan East","UK South","West US","Central US","North Central
        US","South Central US","Korea Central","Brazil South","West US 3","France
        Central","South Africa North","Norway East","Switzerland North","UAE North"],"apiVersions":["2022-11-01-preview","2022-10-01","2022-06-01-preview","2022-03-01","2022-01-01-preview"],"capabilities":"None"},{"resourceType":"locations/containerappOperationStatuses","locations":["Central
        US EUAP","East US 2 EUAP","North Central US (Stage)","Canada Central","West
        Europe","North Europe","East US","East US 2","East Asia","Australia East","Germany
        West Central","Japan East","UK South","West US","Central US","North Central
        US","South Central US","Korea Central","Brazil South","West US 3","France
        Central","South Africa North","Norway East","Switzerland North","UAE North"],"apiVersions":["2022-11-01-preview","2022-10-01","2022-06-01-preview","2022-03-01","2022-01-01-preview"],"capabilities":"None"},{"resourceType":"connectedEnvironments","locations":["Central
        US EUAP","East US 2 EUAP","North Central US (Stage)","North Central US","East
        US","East Asia","West Europe"],"apiVersions":["2022-11-01-preview","2022-10-01","2022-06-01-preview"],"capabilities":"CrossResourceGroupResourceMove,
        CrossSubscriptionResourceMove, SupportsTags, SupportsLocation"},{"resourceType":"connectedEnvironments/certificates","locations":["Central
        US EUAP","East US 2 EUAP","North Central US (Stage)","North Central US","East
        US","East Asia","West Europe"],"apiVersions":["2022-11-01-preview","2022-10-01","2022-06-01-preview"],"capabilities":"CrossResourceGroupResourceMove,
        CrossSubscriptionResourceMove, SupportsTags, SupportsLocation"},{"resourceType":"locations/connectedEnvironmentOperationStatuses","locations":["Central
        US EUAP","East US 2 EUAP","North Central US (Stage)","North Central US","East
        US","East Asia","West Europe"],"apiVersions":["2022-11-01-preview","2022-10-01","2022-06-01-preview"],"capabilities":"None"},{"resourceType":"locations/billingMeters","locations":["Central
        US EUAP","East US 2 EUAP","North Central US (Stage)","Australia East","North
        Central US","East US 2","West Europe","Central US","East US","North Europe","South
        Central US","UK South","West US 3"],"apiVersions":["2022-11-01-preview","2022-10-01","2022-06-01-preview"],"capabilities":"None"},{"resourceType":"locations/availableManagedEnvironmentsWorkloadProfileTypes","locations":["Central
        US EUAP","East US 2 EUAP","North Central US (Stage)","Australia East","North
        Central US","East US 2","West Europe","Central US","East US","North Europe","South
        Central US","UK South","West US 3"],"apiVersions":["2022-11-01-preview","2022-10-01","2022-06-01-preview"],"capabilities":"None"}],"registrationState":"Registered","registrationPolicy":"RegistrationRequired"}'
    headers:
      cache-control:
      - no-cache
      content-length:
      - '8448'
      content-type:
      - application/json; charset=utf-8
      date:
      - Fri, 03 Mar 2023 15:38:05 GMT
      expires:
      - '-1'
      pragma:
      - no-cache
      strict-transport-security:
      - max-age=31536000; includeSubDomains
      vary:
      - Accept-Encoding
      x-content-type-options:
      - nosniff
    status:
      code: 200
      message: OK
- request:
    body: null
    headers:
      Accept:
      - application/json
      Accept-Encoding:
      - gzip, deflate
      CommandName:
      - containerapp env create
      Connection:
      - keep-alive
      ParameterSetName:
      - -g -n --logs-workspace-id --logs-workspace-key
      User-Agent:
      - AZURECLI/2.43.0 azsdk-python-azure-mgmt-resource/21.1.0b1 Python/3.10.10 (Windows-10-10.0.22621-SP0)
    method: GET
    uri: https://management.azure.com/subscriptions/00000000-0000-0000-0000-000000000000/providers/Microsoft.App?api-version=2021-04-01
  response:
    body:
      string: '{"id":"/subscriptions/00000000-0000-0000-0000-000000000000/providers/Microsoft.App","namespace":"Microsoft.App","authorizations":[{"applicationId":"7e3bc4fd-85a3-4192-b177-5b8bfc87f42c","roleDefinitionId":"39a74f72-b40f-4bdc-b639-562fe2260bf0"},{"applicationId":"3734c1a4-2bed-4998-a37a-ff1a9e7bf019","roleDefinitionId":"5c779a4f-5cb2-4547-8c41-478d9be8ba90"},{"applicationId":"55ebbb62-3b9c-49fd-9b87-9595226dd4ac","roleDefinitionId":"e49ca620-7992-4561-a7df-4ed67dad77b5","managedByRoleDefinitionId":"9e3af657-a8ff-583c-a75c-2fe7c4bcb635"}],"resourceTypes":[{"resourceType":"operations","locations":["North
        Central US (Stage)","Central US EUAP","East US 2 EUAP","Canada Central","West
        Europe","North Europe","East US","East US 2","East Asia","Australia East","Germany
        West Central","Japan East","UK South","West US","Central US","North Central
        US","South Central US","Korea Central","Brazil South","West US 3","France
        Central","South Africa North","Norway East","Switzerland North","UAE North"],"apiVersions":["2022-11-01-preview","2022-10-01","2022-06-01-preview","2022-03-01","2022-01-01-preview"],"capabilities":"None"},{"resourceType":"locations/connectedEnvironmentOperationResults","locations":["North
        Central US (Stage)","North Central US","East US","East Asia","West Europe","Central
        US EUAP","East US 2 EUAP"],"apiVersions":["2022-11-01-preview","2022-10-01","2022-06-01-preview"],"capabilities":"None"},{"resourceType":"managedEnvironments","locations":["Central
        US EUAP","East US 2 EUAP","North Central US (Stage)","Canada Central","West
        Europe","North Europe","East US","East US 2","East Asia","Australia East","Germany
        West Central","Japan East","UK South","West US","Central US","North Central
        US","South Central US","Korea Central","Brazil South","West US 3","France
        Central","South Africa North","Norway East","Switzerland North","UAE North"],"apiVersions":["2022-11-01-preview","2022-10-01","2022-06-01-preview","2022-03-01","2022-01-01-preview"],"capabilities":"CrossResourceGroupResourceMove,
        CrossSubscriptionResourceMove, SupportsTags, SupportsLocation"},{"resourceType":"managedEnvironments/certificates","locations":["Central
        US EUAP","East US 2 EUAP","North Central US (Stage)","Canada Central","West
        Europe","North Europe","East US","East US 2","East Asia","Australia East","Germany
        West Central","Japan East","UK South","West US","Central US","North Central
        US","South Central US","Korea Central","Brazil South","West US 3","France
        Central","South Africa North","Norway East","Switzerland North","UAE North"],"apiVersions":["2022-11-01-preview","2022-10-01","2022-06-01-preview","2022-03-01","2022-01-01-preview"],"capabilities":"CrossResourceGroupResourceMove,
        CrossSubscriptionResourceMove, SupportsTags, SupportsLocation"},{"resourceType":"managedEnvironments/managedCertificates","locations":["Central
        US EUAP","East US 2 EUAP","North Central US (Stage)","Canada Central","West
        Europe","North Europe","East US","East US 2","East Asia","Australia East","Germany
        West Central","Japan East","UK South","West US","Central US","North Central
        US","South Central US","Korea Central","Brazil South","West US 3","France
        Central","South Africa North","Norway East","Switzerland North","UAE North"],"apiVersions":["2022-11-01-preview"],"capabilities":"CrossResourceGroupResourceMove,
        CrossSubscriptionResourceMove, SupportsTags, SupportsLocation"},{"resourceType":"containerApps","locations":["Central
        US EUAP","East US 2 EUAP","North Central US (Stage)","Canada Central","West
        Europe","North Europe","East US","East US 2","East Asia","Australia East","Germany
        West Central","Japan East","UK South","West US","Central US","North Central
        US","South Central US","Korea Central","Brazil South","West US 3","France
        Central","South Africa North","Norway East","Switzerland North","UAE North"],"apiVersions":["2022-11-01-preview","2022-10-01","2022-06-01-preview","2022-03-01","2022-01-01-preview"],"capabilities":"CrossResourceGroupResourceMove,
        CrossSubscriptionResourceMove, SystemAssignedResourceIdentity, SupportsTags,
        SupportsLocation"},{"resourceType":"locations","locations":[],"apiVersions":["2022-11-01-preview","2022-10-01","2022-06-01-preview","2022-03-01","2022-01-01-preview"],"capabilities":"None"},{"resourceType":"locations/managedEnvironmentOperationResults","locations":["Central
        US EUAP","East US 2 EUAP","North Central US (Stage)","Canada Central","West
        Europe","North Europe","East US","East US 2","East Asia","Australia East","Germany
        West Central","Japan East","UK South","West US","Central US","North Central
        US","South Central US","Korea Central","Brazil South","West US 3","France
        Central","South Africa North","Norway East","Switzerland North","UAE North"],"apiVersions":["2022-11-01-preview","2022-10-01","2022-06-01-preview","2022-03-01","2022-01-01-preview"],"capabilities":"None"},{"resourceType":"locations/managedEnvironmentOperationStatuses","locations":["Central
        US EUAP","East US 2 EUAP","North Central US (Stage)","Canada Central","West
        Europe","North Europe","East US","East US 2","East Asia","Australia East","Germany
        West Central","Japan East","UK South","West US","Central US","North Central
        US","South Central US","Korea Central","Brazil South","West US 3","France
        Central","South Africa North","Norway East","Switzerland North","UAE North"],"apiVersions":["2022-11-01-preview","2022-10-01","2022-06-01-preview","2022-03-01","2022-01-01-preview"],"capabilities":"None"},{"resourceType":"locations/containerappOperationResults","locations":["Central
        US EUAP","East US 2 EUAP","North Central US (Stage)","Canada Central","West
        Europe","North Europe","East US","East US 2","East Asia","Australia East","Germany
        West Central","Japan East","UK South","West US","Central US","North Central
        US","South Central US","Korea Central","Brazil South","West US 3","France
        Central","South Africa North","Norway East","Switzerland North","UAE North"],"apiVersions":["2022-11-01-preview","2022-10-01","2022-06-01-preview","2022-03-01","2022-01-01-preview"],"capabilities":"None"},{"resourceType":"locations/containerappOperationStatuses","locations":["Central
        US EUAP","East US 2 EUAP","North Central US (Stage)","Canada Central","West
        Europe","North Europe","East US","East US 2","East Asia","Australia East","Germany
        West Central","Japan East","UK South","West US","Central US","North Central
        US","South Central US","Korea Central","Brazil South","West US 3","France
        Central","South Africa North","Norway East","Switzerland North","UAE North"],"apiVersions":["2022-11-01-preview","2022-10-01","2022-06-01-preview","2022-03-01","2022-01-01-preview"],"capabilities":"None"},{"resourceType":"connectedEnvironments","locations":["Central
        US EUAP","East US 2 EUAP","North Central US (Stage)","North Central US","East
        US","East Asia","West Europe"],"apiVersions":["2022-11-01-preview","2022-10-01","2022-06-01-preview"],"capabilities":"CrossResourceGroupResourceMove,
        CrossSubscriptionResourceMove, SupportsTags, SupportsLocation"},{"resourceType":"connectedEnvironments/certificates","locations":["Central
        US EUAP","East US 2 EUAP","North Central US (Stage)","North Central US","East
        US","East Asia","West Europe"],"apiVersions":["2022-11-01-preview","2022-10-01","2022-06-01-preview"],"capabilities":"CrossResourceGroupResourceMove,
        CrossSubscriptionResourceMove, SupportsTags, SupportsLocation"},{"resourceType":"locations/connectedEnvironmentOperationStatuses","locations":["Central
        US EUAP","East US 2 EUAP","North Central US (Stage)","North Central US","East
        US","East Asia","West Europe"],"apiVersions":["2022-11-01-preview","2022-10-01","2022-06-01-preview"],"capabilities":"None"},{"resourceType":"locations/billingMeters","locations":["Central
        US EUAP","East US 2 EUAP","North Central US (Stage)","Australia East","North
        Central US","East US 2","West Europe","Central US","East US","North Europe","South
        Central US","UK South","West US 3"],"apiVersions":["2022-11-01-preview","2022-10-01","2022-06-01-preview"],"capabilities":"None"},{"resourceType":"locations/availableManagedEnvironmentsWorkloadProfileTypes","locations":["Central
        US EUAP","East US 2 EUAP","North Central US (Stage)","Australia East","North
        Central US","East US 2","West Europe","Central US","East US","North Europe","South
        Central US","UK South","West US 3"],"apiVersions":["2022-11-01-preview","2022-10-01","2022-06-01-preview"],"capabilities":"None"}],"registrationState":"Registered","registrationPolicy":"RegistrationRequired"}'
    headers:
      cache-control:
      - no-cache
      content-length:
      - '8448'
      content-type:
      - application/json; charset=utf-8
      date:
      - Fri, 03 Mar 2023 15:38:05 GMT
      expires:
      - '-1'
      pragma:
      - no-cache
      strict-transport-security:
      - max-age=31536000; includeSubDomains
      vary:
      - Accept-Encoding
      x-content-type-options:
      - nosniff
    status:
      code: 200
      message: OK
- request:
    body: null
    headers:
      Accept:
      - application/json
      Accept-Encoding:
      - gzip, deflate
      CommandName:
      - containerapp env create
      Connection:
      - keep-alive
      ParameterSetName:
      - -g -n --logs-workspace-id --logs-workspace-key
      User-Agent:
      - AZURECLI/2.43.0 azsdk-python-azure-mgmt-resource/21.1.0b1 Python/3.10.10 (Windows-10-10.0.22621-SP0)
    method: GET
    uri: https://management.azure.com/subscriptions/00000000-0000-0000-0000-000000000000/providers/Microsoft.App?api-version=2021-04-01
  response:
    body:
      string: '{"id":"/subscriptions/00000000-0000-0000-0000-000000000000/providers/Microsoft.App","namespace":"Microsoft.App","authorizations":[{"applicationId":"7e3bc4fd-85a3-4192-b177-5b8bfc87f42c","roleDefinitionId":"39a74f72-b40f-4bdc-b639-562fe2260bf0"},{"applicationId":"3734c1a4-2bed-4998-a37a-ff1a9e7bf019","roleDefinitionId":"5c779a4f-5cb2-4547-8c41-478d9be8ba90"},{"applicationId":"55ebbb62-3b9c-49fd-9b87-9595226dd4ac","roleDefinitionId":"e49ca620-7992-4561-a7df-4ed67dad77b5","managedByRoleDefinitionId":"9e3af657-a8ff-583c-a75c-2fe7c4bcb635"}],"resourceTypes":[{"resourceType":"operations","locations":["North
        Central US (Stage)","Central US EUAP","East US 2 EUAP","Canada Central","West
        Europe","North Europe","East US","East US 2","East Asia","Australia East","Germany
        West Central","Japan East","UK South","West US","Central US","North Central
        US","South Central US","Korea Central","Brazil South","West US 3","France
        Central","South Africa North","Norway East","Switzerland North","UAE North"],"apiVersions":["2022-11-01-preview","2022-10-01","2022-06-01-preview","2022-03-01","2022-01-01-preview"],"capabilities":"None"},{"resourceType":"locations/connectedEnvironmentOperationResults","locations":["North
        Central US (Stage)","North Central US","East US","East Asia","West Europe","Central
        US EUAP","East US 2 EUAP"],"apiVersions":["2022-11-01-preview","2022-10-01","2022-06-01-preview"],"capabilities":"None"},{"resourceType":"managedEnvironments","locations":["Central
        US EUAP","East US 2 EUAP","North Central US (Stage)","Canada Central","West
        Europe","North Europe","East US","East US 2","East Asia","Australia East","Germany
        West Central","Japan East","UK South","West US","Central US","North Central
        US","South Central US","Korea Central","Brazil South","West US 3","France
        Central","South Africa North","Norway East","Switzerland North","UAE North"],"apiVersions":["2022-11-01-preview","2022-10-01","2022-06-01-preview","2022-03-01","2022-01-01-preview"],"capabilities":"CrossResourceGroupResourceMove,
        CrossSubscriptionResourceMove, SupportsTags, SupportsLocation"},{"resourceType":"managedEnvironments/certificates","locations":["Central
        US EUAP","East US 2 EUAP","North Central US (Stage)","Canada Central","West
        Europe","North Europe","East US","East US 2","East Asia","Australia East","Germany
        West Central","Japan East","UK South","West US","Central US","North Central
        US","South Central US","Korea Central","Brazil South","West US 3","France
        Central","South Africa North","Norway East","Switzerland North","UAE North"],"apiVersions":["2022-11-01-preview","2022-10-01","2022-06-01-preview","2022-03-01","2022-01-01-preview"],"capabilities":"CrossResourceGroupResourceMove,
        CrossSubscriptionResourceMove, SupportsTags, SupportsLocation"},{"resourceType":"managedEnvironments/managedCertificates","locations":["Central
        US EUAP","East US 2 EUAP","North Central US (Stage)","Canada Central","West
        Europe","North Europe","East US","East US 2","East Asia","Australia East","Germany
        West Central","Japan East","UK South","West US","Central US","North Central
        US","South Central US","Korea Central","Brazil South","West US 3","France
        Central","South Africa North","Norway East","Switzerland North","UAE North"],"apiVersions":["2022-11-01-preview"],"capabilities":"CrossResourceGroupResourceMove,
        CrossSubscriptionResourceMove, SupportsTags, SupportsLocation"},{"resourceType":"containerApps","locations":["Central
        US EUAP","East US 2 EUAP","North Central US (Stage)","Canada Central","West
        Europe","North Europe","East US","East US 2","East Asia","Australia East","Germany
        West Central","Japan East","UK South","West US","Central US","North Central
        US","South Central US","Korea Central","Brazil South","West US 3","France
        Central","South Africa North","Norway East","Switzerland North","UAE North"],"apiVersions":["2022-11-01-preview","2022-10-01","2022-06-01-preview","2022-03-01","2022-01-01-preview"],"capabilities":"CrossResourceGroupResourceMove,
        CrossSubscriptionResourceMove, SystemAssignedResourceIdentity, SupportsTags,
        SupportsLocation"},{"resourceType":"locations","locations":[],"apiVersions":["2022-11-01-preview","2022-10-01","2022-06-01-preview","2022-03-01","2022-01-01-preview"],"capabilities":"None"},{"resourceType":"locations/managedEnvironmentOperationResults","locations":["Central
        US EUAP","East US 2 EUAP","North Central US (Stage)","Canada Central","West
        Europe","North Europe","East US","East US 2","East Asia","Australia East","Germany
        West Central","Japan East","UK South","West US","Central US","North Central
        US","South Central US","Korea Central","Brazil South","West US 3","France
        Central","South Africa North","Norway East","Switzerland North","UAE North"],"apiVersions":["2022-11-01-preview","2022-10-01","2022-06-01-preview","2022-03-01","2022-01-01-preview"],"capabilities":"None"},{"resourceType":"locations/managedEnvironmentOperationStatuses","locations":["Central
        US EUAP","East US 2 EUAP","North Central US (Stage)","Canada Central","West
        Europe","North Europe","East US","East US 2","East Asia","Australia East","Germany
        West Central","Japan East","UK South","West US","Central US","North Central
        US","South Central US","Korea Central","Brazil South","West US 3","France
        Central","South Africa North","Norway East","Switzerland North","UAE North"],"apiVersions":["2022-11-01-preview","2022-10-01","2022-06-01-preview","2022-03-01","2022-01-01-preview"],"capabilities":"None"},{"resourceType":"locations/containerappOperationResults","locations":["Central
        US EUAP","East US 2 EUAP","North Central US (Stage)","Canada Central","West
        Europe","North Europe","East US","East US 2","East Asia","Australia East","Germany
        West Central","Japan East","UK South","West US","Central US","North Central
        US","South Central US","Korea Central","Brazil South","West US 3","France
        Central","South Africa North","Norway East","Switzerland North","UAE North"],"apiVersions":["2022-11-01-preview","2022-10-01","2022-06-01-preview","2022-03-01","2022-01-01-preview"],"capabilities":"None"},{"resourceType":"locations/containerappOperationStatuses","locations":["Central
        US EUAP","East US 2 EUAP","North Central US (Stage)","Canada Central","West
        Europe","North Europe","East US","East US 2","East Asia","Australia East","Germany
        West Central","Japan East","UK South","West US","Central US","North Central
        US","South Central US","Korea Central","Brazil South","West US 3","France
        Central","South Africa North","Norway East","Switzerland North","UAE North"],"apiVersions":["2022-11-01-preview","2022-10-01","2022-06-01-preview","2022-03-01","2022-01-01-preview"],"capabilities":"None"},{"resourceType":"connectedEnvironments","locations":["Central
        US EUAP","East US 2 EUAP","North Central US (Stage)","North Central US","East
        US","East Asia","West Europe"],"apiVersions":["2022-11-01-preview","2022-10-01","2022-06-01-preview"],"capabilities":"CrossResourceGroupResourceMove,
        CrossSubscriptionResourceMove, SupportsTags, SupportsLocation"},{"resourceType":"connectedEnvironments/certificates","locations":["Central
        US EUAP","East US 2 EUAP","North Central US (Stage)","North Central US","East
        US","East Asia","West Europe"],"apiVersions":["2022-11-01-preview","2022-10-01","2022-06-01-preview"],"capabilities":"CrossResourceGroupResourceMove,
        CrossSubscriptionResourceMove, SupportsTags, SupportsLocation"},{"resourceType":"locations/connectedEnvironmentOperationStatuses","locations":["Central
        US EUAP","East US 2 EUAP","North Central US (Stage)","North Central US","East
        US","East Asia","West Europe"],"apiVersions":["2022-11-01-preview","2022-10-01","2022-06-01-preview"],"capabilities":"None"},{"resourceType":"locations/billingMeters","locations":["Central
        US EUAP","East US 2 EUAP","North Central US (Stage)","Australia East","North
        Central US","East US 2","West Europe","Central US","East US","North Europe","South
        Central US","UK South","West US 3"],"apiVersions":["2022-11-01-preview","2022-10-01","2022-06-01-preview"],"capabilities":"None"},{"resourceType":"locations/availableManagedEnvironmentsWorkloadProfileTypes","locations":["Central
        US EUAP","East US 2 EUAP","North Central US (Stage)","Australia East","North
        Central US","East US 2","West Europe","Central US","East US","North Europe","South
        Central US","UK South","West US 3"],"apiVersions":["2022-11-01-preview","2022-10-01","2022-06-01-preview"],"capabilities":"None"}],"registrationState":"Registered","registrationPolicy":"RegistrationRequired"}'
    headers:
      cache-control:
      - no-cache
      content-length:
      - '8448'
      content-type:
      - application/json; charset=utf-8
      date:
      - Fri, 03 Mar 2023 15:38:06 GMT
      expires:
      - '-1'
      pragma:
      - no-cache
      strict-transport-security:
      - max-age=31536000; includeSubDomains
      vary:
      - Accept-Encoding
      x-content-type-options:
      - nosniff
    status:
      code: 200
      message: OK
- request:
    body: null
    headers:
      Accept:
      - application/json
      Accept-Encoding:
      - gzip, deflate
      CommandName:
      - containerapp env create
      Connection:
      - keep-alive
      ParameterSetName:
      - -g -n --logs-workspace-id --logs-workspace-key
      User-Agent:
      - AZURECLI/2.43.0 azsdk-python-azure-mgmt-resource/21.1.0b1 Python/3.10.10 (Windows-10-10.0.22621-SP0)
    method: GET
    uri: https://management.azure.com/subscriptions/00000000-0000-0000-0000-000000000000/providers/Microsoft.App?api-version=2021-04-01
  response:
    body:
      string: '{"id":"/subscriptions/00000000-0000-0000-0000-000000000000/providers/Microsoft.App","namespace":"Microsoft.App","authorizations":[{"applicationId":"7e3bc4fd-85a3-4192-b177-5b8bfc87f42c","roleDefinitionId":"39a74f72-b40f-4bdc-b639-562fe2260bf0"},{"applicationId":"3734c1a4-2bed-4998-a37a-ff1a9e7bf019","roleDefinitionId":"5c779a4f-5cb2-4547-8c41-478d9be8ba90"},{"applicationId":"55ebbb62-3b9c-49fd-9b87-9595226dd4ac","roleDefinitionId":"e49ca620-7992-4561-a7df-4ed67dad77b5","managedByRoleDefinitionId":"9e3af657-a8ff-583c-a75c-2fe7c4bcb635"}],"resourceTypes":[{"resourceType":"operations","locations":["North
        Central US (Stage)","Central US EUAP","East US 2 EUAP","Canada Central","West
        Europe","North Europe","East US","East US 2","East Asia","Australia East","Germany
        West Central","Japan East","UK South","West US","Central US","North Central
        US","South Central US","Korea Central","Brazil South","West US 3","France
        Central","South Africa North","Norway East","Switzerland North","UAE North"],"apiVersions":["2022-11-01-preview","2022-10-01","2022-06-01-preview","2022-03-01","2022-01-01-preview"],"capabilities":"None"},{"resourceType":"locations/connectedEnvironmentOperationResults","locations":["North
        Central US (Stage)","North Central US","East US","East Asia","West Europe","Central
        US EUAP","East US 2 EUAP"],"apiVersions":["2022-11-01-preview","2022-10-01","2022-06-01-preview"],"capabilities":"None"},{"resourceType":"managedEnvironments","locations":["Central
        US EUAP","East US 2 EUAP","North Central US (Stage)","Canada Central","West
        Europe","North Europe","East US","East US 2","East Asia","Australia East","Germany
        West Central","Japan East","UK South","West US","Central US","North Central
        US","South Central US","Korea Central","Brazil South","West US 3","France
        Central","South Africa North","Norway East","Switzerland North","UAE North"],"apiVersions":["2022-11-01-preview","2022-10-01","2022-06-01-preview","2022-03-01","2022-01-01-preview"],"capabilities":"CrossResourceGroupResourceMove,
        CrossSubscriptionResourceMove, SupportsTags, SupportsLocation"},{"resourceType":"managedEnvironments/certificates","locations":["Central
        US EUAP","East US 2 EUAP","North Central US (Stage)","Canada Central","West
        Europe","North Europe","East US","East US 2","East Asia","Australia East","Germany
        West Central","Japan East","UK South","West US","Central US","North Central
        US","South Central US","Korea Central","Brazil South","West US 3","France
        Central","South Africa North","Norway East","Switzerland North","UAE North"],"apiVersions":["2022-11-01-preview","2022-10-01","2022-06-01-preview","2022-03-01","2022-01-01-preview"],"capabilities":"CrossResourceGroupResourceMove,
        CrossSubscriptionResourceMove, SupportsTags, SupportsLocation"},{"resourceType":"managedEnvironments/managedCertificates","locations":["Central
        US EUAP","East US 2 EUAP","North Central US (Stage)","Canada Central","West
        Europe","North Europe","East US","East US 2","East Asia","Australia East","Germany
        West Central","Japan East","UK South","West US","Central US","North Central
        US","South Central US","Korea Central","Brazil South","West US 3","France
        Central","South Africa North","Norway East","Switzerland North","UAE North"],"apiVersions":["2022-11-01-preview"],"capabilities":"CrossResourceGroupResourceMove,
        CrossSubscriptionResourceMove, SupportsTags, SupportsLocation"},{"resourceType":"containerApps","locations":["Central
        US EUAP","East US 2 EUAP","North Central US (Stage)","Canada Central","West
        Europe","North Europe","East US","East US 2","East Asia","Australia East","Germany
        West Central","Japan East","UK South","West US","Central US","North Central
        US","South Central US","Korea Central","Brazil South","West US 3","France
        Central","South Africa North","Norway East","Switzerland North","UAE North"],"apiVersions":["2022-11-01-preview","2022-10-01","2022-06-01-preview","2022-03-01","2022-01-01-preview"],"capabilities":"CrossResourceGroupResourceMove,
        CrossSubscriptionResourceMove, SystemAssignedResourceIdentity, SupportsTags,
        SupportsLocation"},{"resourceType":"locations","locations":[],"apiVersions":["2022-11-01-preview","2022-10-01","2022-06-01-preview","2022-03-01","2022-01-01-preview"],"capabilities":"None"},{"resourceType":"locations/managedEnvironmentOperationResults","locations":["Central
        US EUAP","East US 2 EUAP","North Central US (Stage)","Canada Central","West
        Europe","North Europe","East US","East US 2","East Asia","Australia East","Germany
        West Central","Japan East","UK South","West US","Central US","North Central
        US","South Central US","Korea Central","Brazil South","West US 3","France
        Central","South Africa North","Norway East","Switzerland North","UAE North"],"apiVersions":["2022-11-01-preview","2022-10-01","2022-06-01-preview","2022-03-01","2022-01-01-preview"],"capabilities":"None"},{"resourceType":"locations/managedEnvironmentOperationStatuses","locations":["Central
        US EUAP","East US 2 EUAP","North Central US (Stage)","Canada Central","West
        Europe","North Europe","East US","East US 2","East Asia","Australia East","Germany
        West Central","Japan East","UK South","West US","Central US","North Central
        US","South Central US","Korea Central","Brazil South","West US 3","France
        Central","South Africa North","Norway East","Switzerland North","UAE North"],"apiVersions":["2022-11-01-preview","2022-10-01","2022-06-01-preview","2022-03-01","2022-01-01-preview"],"capabilities":"None"},{"resourceType":"locations/containerappOperationResults","locations":["Central
        US EUAP","East US 2 EUAP","North Central US (Stage)","Canada Central","West
        Europe","North Europe","East US","East US 2","East Asia","Australia East","Germany
        West Central","Japan East","UK South","West US","Central US","North Central
        US","South Central US","Korea Central","Brazil South","West US 3","France
        Central","South Africa North","Norway East","Switzerland North","UAE North"],"apiVersions":["2022-11-01-preview","2022-10-01","2022-06-01-preview","2022-03-01","2022-01-01-preview"],"capabilities":"None"},{"resourceType":"locations/containerappOperationStatuses","locations":["Central
        US EUAP","East US 2 EUAP","North Central US (Stage)","Canada Central","West
        Europe","North Europe","East US","East US 2","East Asia","Australia East","Germany
        West Central","Japan East","UK South","West US","Central US","North Central
        US","South Central US","Korea Central","Brazil South","West US 3","France
        Central","South Africa North","Norway East","Switzerland North","UAE North"],"apiVersions":["2022-11-01-preview","2022-10-01","2022-06-01-preview","2022-03-01","2022-01-01-preview"],"capabilities":"None"},{"resourceType":"connectedEnvironments","locations":["Central
        US EUAP","East US 2 EUAP","North Central US (Stage)","North Central US","East
        US","East Asia","West Europe"],"apiVersions":["2022-11-01-preview","2022-10-01","2022-06-01-preview"],"capabilities":"CrossResourceGroupResourceMove,
        CrossSubscriptionResourceMove, SupportsTags, SupportsLocation"},{"resourceType":"connectedEnvironments/certificates","locations":["Central
        US EUAP","East US 2 EUAP","North Central US (Stage)","North Central US","East
        US","East Asia","West Europe"],"apiVersions":["2022-11-01-preview","2022-10-01","2022-06-01-preview"],"capabilities":"CrossResourceGroupResourceMove,
        CrossSubscriptionResourceMove, SupportsTags, SupportsLocation"},{"resourceType":"locations/connectedEnvironmentOperationStatuses","locations":["Central
        US EUAP","East US 2 EUAP","North Central US (Stage)","North Central US","East
        US","East Asia","West Europe"],"apiVersions":["2022-11-01-preview","2022-10-01","2022-06-01-preview"],"capabilities":"None"},{"resourceType":"locations/billingMeters","locations":["Central
        US EUAP","East US 2 EUAP","North Central US (Stage)","Australia East","North
        Central US","East US 2","West Europe","Central US","East US","North Europe","South
        Central US","UK South","West US 3"],"apiVersions":["2022-11-01-preview","2022-10-01","2022-06-01-preview"],"capabilities":"None"},{"resourceType":"locations/availableManagedEnvironmentsWorkloadProfileTypes","locations":["Central
        US EUAP","East US 2 EUAP","North Central US (Stage)","Australia East","North
        Central US","East US 2","West Europe","Central US","East US","North Europe","South
        Central US","UK South","West US 3"],"apiVersions":["2022-11-01-preview","2022-10-01","2022-06-01-preview"],"capabilities":"None"}],"registrationState":"Registered","registrationPolicy":"RegistrationRequired"}'
    headers:
      cache-control:
      - no-cache
      content-length:
      - '8448'
      content-type:
      - application/json; charset=utf-8
      date:
      - Fri, 03 Mar 2023 15:38:07 GMT
      expires:
      - '-1'
      pragma:
      - no-cache
      strict-transport-security:
      - max-age=31536000; includeSubDomains
      vary:
      - Accept-Encoding
      x-content-type-options:
      - nosniff
    status:
      code: 200
      message: OK
- request:
    body: '{"location": "eastus", "properties": {"appLogsConfiguration": {"destination":
      "log-analytics", "logAnalyticsConfiguration": {"customerId": "86e44ec5-a500-415a-b54d-5945c16a6b01",
      "sharedKey": "ZeGziyfrKXV5Tm1F3jrG0r0FzKlfoW0LaP0PcWopFbCu6gEubdO+IF2YQa927LLSMUYlagsn86scTpJo5QX2fw=="}},
      "zoneRedundant": false}}'
    headers:
      Accept:
      - application/json
      Accept-Encoding:
      - gzip, deflate
      CommandName:
      - containerapp env create
      Connection:
      - keep-alive
      Content-Length:
      - '310'
      Content-Type:
      - application/json
      ParameterSetName:
      - -g -n --logs-workspace-id --logs-workspace-key
      User-Agent:
      - AZURECLI/2.43.0 azsdk-python-mgmt-appcontainers/2.0.0b2 Python/3.10.10 (Windows-10-10.0.22621-SP0)
    method: PUT
    uri: https://management.azure.com/subscriptions/00000000-0000-0000-0000-000000000000/resourceGroups/cli_test_containerapp_preview000001/providers/Microsoft.App/managedEnvironments/containerapp-compose000002?api-version=2022-10-01
  response:
    body:
      string: '{"id":"/subscriptions/00000000-0000-0000-0000-000000000000/resourceGroups/cli_test_containerapp_preview000001/providers/Microsoft.App/managedEnvironments/containerapp-compose000002","name":"containerapp-compose000002","type":"Microsoft.App/managedEnvironments","location":"eastus","systemData":{"createdBy":"xinyupang@microsoft.com","createdByType":"User","createdAt":"2023-03-03T15:38:11.4473197Z","lastModifiedBy":"xinyupang@microsoft.com","lastModifiedByType":"User","lastModifiedAt":"2023-03-03T15:38:11.4473197Z"},"properties":{"provisioningState":"Waiting","defaultDomain":"orangeplant-a067e05f.eastus.azurecontainerapps.io","staticIp":"52.146.65.167","appLogsConfiguration":{"destination":"log-analytics","logAnalyticsConfiguration":{"customerId":"86e44ec5-a500-415a-b54d-5945c16a6b01"}},"zoneRedundant":false,"eventStreamEndpoint":"https://eastus.azurecontainerapps.dev/subscriptions/00000000-0000-0000-0000-000000000000/resourceGroups/cli_test_containerapp_preview000001/managedEnvironments/containerapp-compose000002/eventstream","customDomainConfiguration":{"customDomainVerificationId":"D3F71C85EB6552E36A89A3E4A080C3CFB00181670B659B0003264FC673AA9B00"}}}'
    headers:
      api-supported-versions:
      - 2022-01-01-preview, 2022-03-01, 2022-06-01-preview, 2022-10-01, 2022-11-01-preview,
        2023-02-01
      azure-asyncoperation:
      - https://management.azure.com/subscriptions/00000000-0000-0000-0000-000000000000/providers/Microsoft.App/locations/eastus/managedEnvironmentOperationStatuses/e0860501-8b44-465c-836b-34841dfa73d7?api-version=2022-10-01&azureAsyncOperation=true
      cache-control:
      - no-cache
      content-length:
      - '1167'
      content-type:
      - application/json; charset=utf-8
      date:
      - Fri, 03 Mar 2023 15:38:14 GMT
      expires:
      - '-1'
      pragma:
      - no-cache
      server:
      - Microsoft-IIS/10.0
      strict-transport-security:
      - max-age=31536000; includeSubDomains
      x-content-type-options:
      - nosniff
      x-ms-async-operation-timeout:
      - PT15M
      x-ms-ratelimit-remaining-subscription-resource-requests:
      - '99'
      x-powered-by:
      - ASP.NET
    status:
      code: 201
      message: Created
- request:
    body: null
    headers:
      Accept:
      - '*/*'
      Accept-Encoding:
      - gzip, deflate
      CommandName:
      - containerapp env create
      Connection:
      - keep-alive
      ParameterSetName:
      - -g -n --logs-workspace-id --logs-workspace-key
      User-Agent:
      - AZURECLI/2.43.0 azsdk-python-mgmt-appcontainers/2.0.0b2 Python/3.10.10 (Windows-10-10.0.22621-SP0)
    method: GET
    uri: https://management.azure.com/subscriptions/00000000-0000-0000-0000-000000000000/providers/Microsoft.App/locations/eastus/managedEnvironmentOperationStatuses/e0860501-8b44-465c-836b-34841dfa73d7?api-version=2022-10-01&azureAsyncOperation=true
  response:
    body:
      string: '{"id":"/subscriptions/00000000-0000-0000-0000-000000000000/providers/Microsoft.App/locations/eastus/managedEnvironmentOperationStatuses/e0860501-8b44-465c-836b-34841dfa73d7","name":"e0860501-8b44-465c-836b-34841dfa73d7","status":"InProgress","startTime":"2023-03-03T15:38:13.3238945"}'
    headers:
      api-supported-versions:
      - 2022-01-01-preview, 2022-03-01, 2022-06-01-preview, 2022-10-01, 2022-11-01-preview,
        2023-02-01
      cache-control:
      - no-cache
      content-length:
      - '284'
      content-type:
      - application/json; charset=utf-8
      date:
      - Fri, 03 Mar 2023 15:38:19 GMT
      expires:
      - '-1'
      pragma:
      - no-cache
      server:
      - Microsoft-IIS/10.0
      strict-transport-security:
      - max-age=31536000; includeSubDomains
      transfer-encoding:
      - chunked
      vary:
      - Accept-Encoding,Accept-Encoding
      x-content-type-options:
      - nosniff
      x-powered-by:
      - ASP.NET
    status:
      code: 200
      message: OK
- request:
    body: null
    headers:
      Accept:
      - '*/*'
      Accept-Encoding:
      - gzip, deflate
      CommandName:
      - containerapp env create
      Connection:
      - keep-alive
      ParameterSetName:
      - -g -n --logs-workspace-id --logs-workspace-key
      User-Agent:
      - AZURECLI/2.43.0 azsdk-python-mgmt-appcontainers/2.0.0b2 Python/3.10.10 (Windows-10-10.0.22621-SP0)
    method: GET
    uri: https://management.azure.com/subscriptions/00000000-0000-0000-0000-000000000000/providers/Microsoft.App/locations/eastus/managedEnvironmentOperationStatuses/e0860501-8b44-465c-836b-34841dfa73d7?api-version=2022-10-01&azureAsyncOperation=true
  response:
    body:
      string: '{"id":"/subscriptions/00000000-0000-0000-0000-000000000000/providers/Microsoft.App/locations/eastus/managedEnvironmentOperationStatuses/e0860501-8b44-465c-836b-34841dfa73d7","name":"e0860501-8b44-465c-836b-34841dfa73d7","status":"InProgress","startTime":"2023-03-03T15:38:13.3238945"}'
    headers:
      api-supported-versions:
      - 2022-01-01-preview, 2022-03-01, 2022-06-01-preview, 2022-10-01, 2022-11-01-preview,
        2023-02-01
      cache-control:
      - no-cache
      content-length:
      - '284'
      content-type:
      - application/json; charset=utf-8
      date:
      - Fri, 03 Mar 2023 15:38:50 GMT
      expires:
      - '-1'
      pragma:
      - no-cache
      server:
      - Microsoft-IIS/10.0
      strict-transport-security:
      - max-age=31536000; includeSubDomains
      transfer-encoding:
      - chunked
      vary:
      - Accept-Encoding,Accept-Encoding
      x-content-type-options:
      - nosniff
      x-powered-by:
      - ASP.NET
    status:
      code: 200
      message: OK
- request:
    body: null
    headers:
      Accept:
      - '*/*'
      Accept-Encoding:
      - gzip, deflate
      CommandName:
      - containerapp env create
      Connection:
      - keep-alive
      ParameterSetName:
      - -g -n --logs-workspace-id --logs-workspace-key
      User-Agent:
      - AZURECLI/2.43.0 azsdk-python-mgmt-appcontainers/2.0.0b2 Python/3.10.10 (Windows-10-10.0.22621-SP0)
    method: GET
    uri: https://management.azure.com/subscriptions/00000000-0000-0000-0000-000000000000/providers/Microsoft.App/locations/eastus/managedEnvironmentOperationStatuses/e0860501-8b44-465c-836b-34841dfa73d7?api-version=2022-10-01&azureAsyncOperation=true
  response:
    body:
      string: '{"id":"/subscriptions/00000000-0000-0000-0000-000000000000/providers/Microsoft.App/locations/eastus/managedEnvironmentOperationStatuses/e0860501-8b44-465c-836b-34841dfa73d7","name":"e0860501-8b44-465c-836b-34841dfa73d7","status":"InProgress","startTime":"2023-03-03T15:38:13.3238945"}'
    headers:
      api-supported-versions:
      - 2022-01-01-preview, 2022-03-01, 2022-06-01-preview, 2022-10-01, 2022-11-01-preview,
        2023-02-01
      cache-control:
      - no-cache
      content-length:
      - '284'
      content-type:
      - application/json; charset=utf-8
      date:
      - Fri, 03 Mar 2023 15:39:20 GMT
      expires:
      - '-1'
      pragma:
      - no-cache
      server:
      - Microsoft-IIS/10.0
      strict-transport-security:
      - max-age=31536000; includeSubDomains
      transfer-encoding:
      - chunked
      vary:
      - Accept-Encoding,Accept-Encoding
      x-content-type-options:
      - nosniff
      x-powered-by:
      - ASP.NET
    status:
      code: 200
      message: OK
- request:
    body: null
    headers:
      Accept:
      - '*/*'
      Accept-Encoding:
      - gzip, deflate
      CommandName:
      - containerapp env create
      Connection:
      - keep-alive
      ParameterSetName:
      - -g -n --logs-workspace-id --logs-workspace-key
      User-Agent:
      - AZURECLI/2.43.0 azsdk-python-mgmt-appcontainers/2.0.0b2 Python/3.10.10 (Windows-10-10.0.22621-SP0)
    method: GET
    uri: https://management.azure.com/subscriptions/00000000-0000-0000-0000-000000000000/providers/Microsoft.App/locations/eastus/managedEnvironmentOperationStatuses/e0860501-8b44-465c-836b-34841dfa73d7?api-version=2022-10-01&azureAsyncOperation=true
  response:
    body:
      string: '{"id":"/subscriptions/00000000-0000-0000-0000-000000000000/providers/Microsoft.App/locations/eastus/managedEnvironmentOperationStatuses/e0860501-8b44-465c-836b-34841dfa73d7","name":"e0860501-8b44-465c-836b-34841dfa73d7","status":"InProgress","startTime":"2023-03-03T15:38:13.3238945"}'
    headers:
      api-supported-versions:
      - 2022-01-01-preview, 2022-03-01, 2022-06-01-preview, 2022-10-01, 2022-11-01-preview,
        2023-02-01
      cache-control:
      - no-cache
      content-length:
      - '284'
      content-type:
      - application/json; charset=utf-8
      date:
      - Fri, 03 Mar 2023 15:39:50 GMT
      expires:
      - '-1'
      pragma:
      - no-cache
      server:
      - Microsoft-IIS/10.0
      strict-transport-security:
      - max-age=31536000; includeSubDomains
      transfer-encoding:
      - chunked
      vary:
      - Accept-Encoding,Accept-Encoding
      x-content-type-options:
      - nosniff
      x-powered-by:
      - ASP.NET
    status:
      code: 200
      message: OK
- request:
    body: null
    headers:
      Accept:
      - '*/*'
      Accept-Encoding:
      - gzip, deflate
      CommandName:
      - containerapp env create
      Connection:
      - keep-alive
      ParameterSetName:
      - -g -n --logs-workspace-id --logs-workspace-key
      User-Agent:
      - AZURECLI/2.43.0 azsdk-python-mgmt-appcontainers/2.0.0b2 Python/3.10.10 (Windows-10-10.0.22621-SP0)
    method: GET
    uri: https://management.azure.com/subscriptions/00000000-0000-0000-0000-000000000000/providers/Microsoft.App/locations/eastus/managedEnvironmentOperationStatuses/e0860501-8b44-465c-836b-34841dfa73d7?api-version=2022-10-01&azureAsyncOperation=true
  response:
    body:
      string: '{"id":"/subscriptions/00000000-0000-0000-0000-000000000000/providers/Microsoft.App/locations/eastus/managedEnvironmentOperationStatuses/e0860501-8b44-465c-836b-34841dfa73d7","name":"e0860501-8b44-465c-836b-34841dfa73d7","status":"InProgress","startTime":"2023-03-03T15:38:13.3238945"}'
    headers:
      api-supported-versions:
      - 2022-01-01-preview, 2022-03-01, 2022-06-01-preview, 2022-10-01, 2022-11-01-preview,
        2023-02-01
      cache-control:
      - no-cache
      content-length:
      - '284'
      content-type:
      - application/json; charset=utf-8
      date:
      - Fri, 03 Mar 2023 15:40:21 GMT
      expires:
      - '-1'
      pragma:
      - no-cache
      server:
      - Microsoft-IIS/10.0
      strict-transport-security:
      - max-age=31536000; includeSubDomains
      transfer-encoding:
      - chunked
      vary:
      - Accept-Encoding,Accept-Encoding
      x-content-type-options:
      - nosniff
      x-powered-by:
      - ASP.NET
    status:
      code: 200
      message: OK
- request:
    body: null
    headers:
      Accept:
      - '*/*'
      Accept-Encoding:
      - gzip, deflate
      CommandName:
      - containerapp env create
      Connection:
      - keep-alive
      ParameterSetName:
      - -g -n --logs-workspace-id --logs-workspace-key
      User-Agent:
      - AZURECLI/2.43.0 azsdk-python-mgmt-appcontainers/2.0.0b2 Python/3.10.10 (Windows-10-10.0.22621-SP0)
    method: GET
    uri: https://management.azure.com/subscriptions/00000000-0000-0000-0000-000000000000/providers/Microsoft.App/locations/eastus/managedEnvironmentOperationStatuses/e0860501-8b44-465c-836b-34841dfa73d7?api-version=2022-10-01&azureAsyncOperation=true
  response:
    body:
      string: '{"id":"/subscriptions/00000000-0000-0000-0000-000000000000/providers/Microsoft.App/locations/eastus/managedEnvironmentOperationStatuses/e0860501-8b44-465c-836b-34841dfa73d7","name":"e0860501-8b44-465c-836b-34841dfa73d7","status":"InProgress","startTime":"2023-03-03T15:38:13.3238945"}'
    headers:
      api-supported-versions:
      - 2022-01-01-preview, 2022-03-01, 2022-06-01-preview, 2022-10-01, 2022-11-01-preview,
        2023-02-01
      cache-control:
      - no-cache
      content-length:
      - '284'
      content-type:
      - application/json; charset=utf-8
      date:
      - Fri, 03 Mar 2023 15:40:51 GMT
      expires:
      - '-1'
      pragma:
      - no-cache
      server:
      - Microsoft-IIS/10.0
      strict-transport-security:
      - max-age=31536000; includeSubDomains
      transfer-encoding:
      - chunked
      vary:
      - Accept-Encoding,Accept-Encoding
      x-content-type-options:
      - nosniff
      x-powered-by:
      - ASP.NET
    status:
      code: 200
      message: OK
- request:
    body: null
    headers:
      Accept:
      - '*/*'
      Accept-Encoding:
      - gzip, deflate
      CommandName:
      - containerapp env create
      Connection:
      - keep-alive
      ParameterSetName:
      - -g -n --logs-workspace-id --logs-workspace-key
      User-Agent:
      - AZURECLI/2.43.0 azsdk-python-mgmt-appcontainers/2.0.0b2 Python/3.10.10 (Windows-10-10.0.22621-SP0)
    method: GET
    uri: https://management.azure.com/subscriptions/00000000-0000-0000-0000-000000000000/providers/Microsoft.App/locations/eastus/managedEnvironmentOperationStatuses/e0860501-8b44-465c-836b-34841dfa73d7?api-version=2022-10-01&azureAsyncOperation=true
  response:
    body:
      string: '{"id":"/subscriptions/00000000-0000-0000-0000-000000000000/providers/Microsoft.App/locations/eastus/managedEnvironmentOperationStatuses/e0860501-8b44-465c-836b-34841dfa73d7","name":"e0860501-8b44-465c-836b-34841dfa73d7","status":"InProgress","startTime":"2023-03-03T15:38:13.3238945"}'
    headers:
      api-supported-versions:
      - 2022-01-01-preview, 2022-03-01, 2022-06-01-preview, 2022-10-01, 2022-11-01-preview,
        2023-02-01
      cache-control:
      - no-cache
      content-length:
      - '284'
      content-type:
      - application/json; charset=utf-8
      date:
      - Fri, 03 Mar 2023 15:41:21 GMT
      expires:
      - '-1'
      pragma:
      - no-cache
      server:
      - Microsoft-IIS/10.0
      strict-transport-security:
      - max-age=31536000; includeSubDomains
      transfer-encoding:
      - chunked
      vary:
      - Accept-Encoding,Accept-Encoding
      x-content-type-options:
      - nosniff
      x-powered-by:
      - ASP.NET
    status:
      code: 200
      message: OK
- request:
    body: null
    headers:
      Accept:
      - '*/*'
      Accept-Encoding:
      - gzip, deflate
      CommandName:
      - containerapp env create
      Connection:
      - keep-alive
      ParameterSetName:
      - -g -n --logs-workspace-id --logs-workspace-key
      User-Agent:
      - AZURECLI/2.43.0 azsdk-python-mgmt-appcontainers/2.0.0b2 Python/3.10.10 (Windows-10-10.0.22621-SP0)
    method: GET
    uri: https://management.azure.com/subscriptions/00000000-0000-0000-0000-000000000000/providers/Microsoft.App/locations/eastus/managedEnvironmentOperationStatuses/e0860501-8b44-465c-836b-34841dfa73d7?api-version=2022-10-01&azureAsyncOperation=true
  response:
    body:
      string: '{"id":"/subscriptions/00000000-0000-0000-0000-000000000000/providers/Microsoft.App/locations/eastus/managedEnvironmentOperationStatuses/e0860501-8b44-465c-836b-34841dfa73d7","name":"e0860501-8b44-465c-836b-34841dfa73d7","status":"InProgress","startTime":"2023-03-03T15:38:13.3238945"}'
    headers:
      api-supported-versions:
      - 2022-01-01-preview, 2022-03-01, 2022-06-01-preview, 2022-10-01, 2022-11-01-preview,
        2023-02-01
      cache-control:
      - no-cache
      content-length:
      - '284'
      content-type:
      - application/json; charset=utf-8
      date:
      - Fri, 03 Mar 2023 15:41:52 GMT
      expires:
      - '-1'
      pragma:
      - no-cache
      server:
      - Microsoft-IIS/10.0
      strict-transport-security:
      - max-age=31536000; includeSubDomains
      transfer-encoding:
      - chunked
      vary:
      - Accept-Encoding,Accept-Encoding
      x-content-type-options:
      - nosniff
      x-powered-by:
      - ASP.NET
    status:
      code: 200
      message: OK
- request:
    body: null
    headers:
      Accept:
      - '*/*'
      Accept-Encoding:
      - gzip, deflate
      CommandName:
      - containerapp env create
      Connection:
      - keep-alive
      ParameterSetName:
      - -g -n --logs-workspace-id --logs-workspace-key
      User-Agent:
      - AZURECLI/2.43.0 azsdk-python-mgmt-appcontainers/2.0.0b2 Python/3.10.10 (Windows-10-10.0.22621-SP0)
    method: GET
    uri: https://management.azure.com/subscriptions/00000000-0000-0000-0000-000000000000/providers/Microsoft.App/locations/eastus/managedEnvironmentOperationStatuses/e0860501-8b44-465c-836b-34841dfa73d7?api-version=2022-10-01&azureAsyncOperation=true
  response:
    body:
      string: '{"id":"/subscriptions/00000000-0000-0000-0000-000000000000/providers/Microsoft.App/locations/eastus/managedEnvironmentOperationStatuses/e0860501-8b44-465c-836b-34841dfa73d7","name":"e0860501-8b44-465c-836b-34841dfa73d7","status":"Succeeded","startTime":"2023-03-03T15:38:13.3238945"}'
    headers:
      api-supported-versions:
      - 2022-01-01-preview, 2022-03-01, 2022-06-01-preview, 2022-10-01, 2022-11-01-preview,
        2023-02-01
      cache-control:
      - no-cache
      content-length:
      - '283'
      content-type:
      - application/json; charset=utf-8
      date:
      - Fri, 03 Mar 2023 15:42:22 GMT
      expires:
      - '-1'
      pragma:
      - no-cache
      server:
      - Microsoft-IIS/10.0
      strict-transport-security:
      - max-age=31536000; includeSubDomains
      transfer-encoding:
      - chunked
      vary:
      - Accept-Encoding,Accept-Encoding
      x-content-type-options:
      - nosniff
      x-powered-by:
      - ASP.NET
    status:
      code: 200
      message: OK
- request:
    body: null
    headers:
      Accept:
      - '*/*'
      Accept-Encoding:
      - gzip, deflate
      CommandName:
      - containerapp env create
      Connection:
      - keep-alive
      ParameterSetName:
      - -g -n --logs-workspace-id --logs-workspace-key
      User-Agent:
      - AZURECLI/2.43.0 azsdk-python-mgmt-appcontainers/2.0.0b2 Python/3.10.10 (Windows-10-10.0.22621-SP0)
    method: GET
    uri: https://management.azure.com/subscriptions/00000000-0000-0000-0000-000000000000/resourceGroups/cli_test_containerapp_preview000001/providers/Microsoft.App/managedEnvironments/containerapp-compose000002?api-version=2022-10-01
  response:
    body:
      string: '{"id":"/subscriptions/00000000-0000-0000-0000-000000000000/resourceGroups/cli_test_containerapp_preview000001/providers/Microsoft.App/managedEnvironments/containerapp-compose000002","name":"containerapp-compose000002","type":"Microsoft.App/managedEnvironments","location":"eastus","systemData":{"createdBy":"xinyupang@microsoft.com","createdByType":"User","createdAt":"2023-03-03T15:38:11.4473197","lastModifiedBy":"xinyupang@microsoft.com","lastModifiedByType":"User","lastModifiedAt":"2023-03-03T15:38:11.4473197"},"properties":{"provisioningState":"Succeeded","defaultDomain":"orangeplant-a067e05f.eastus.azurecontainerapps.io","staticIp":"52.146.65.167","appLogsConfiguration":{"destination":"log-analytics","logAnalyticsConfiguration":{"customerId":"86e44ec5-a500-415a-b54d-5945c16a6b01"}},"zoneRedundant":false,"eventStreamEndpoint":"https://eastus.azurecontainerapps.dev/subscriptions/00000000-0000-0000-0000-000000000000/resourceGroups/cli_test_containerapp_preview000001/managedEnvironments/containerapp-compose000002/eventstream","customDomainConfiguration":{"customDomainVerificationId":"D3F71C85EB6552E36A89A3E4A080C3CFB00181670B659B0003264FC673AA9B00"}}}'
    headers:
      api-supported-versions:
      - 2022-01-01-preview, 2022-03-01, 2022-06-01-preview, 2022-10-01, 2022-11-01-preview,
        2023-02-01
      cache-control:
      - no-cache
      content-length:
      - '1167'
      content-type:
      - application/json; charset=utf-8
      date:
      - Fri, 03 Mar 2023 15:42:23 GMT
      expires:
      - '-1'
      pragma:
      - no-cache
      server:
      - Microsoft-IIS/10.0
      strict-transport-security:
      - max-age=31536000; includeSubDomains
      transfer-encoding:
      - chunked
      vary:
      - Accept-Encoding,Accept-Encoding
      x-content-type-options:
      - nosniff
      x-powered-by:
      - ASP.NET
    status:
      code: 200
      message: OK
- request:
    body: null
    headers:
      Accept:
      - application/json
      Accept-Encoding:
      - gzip, deflate
      CommandName:
      - containerapp env show
      Connection:
      - keep-alive
      ParameterSetName:
      - -g -n
      User-Agent:
      - AZURECLI/2.43.0 azsdk-python-azure-mgmt-resource/21.1.0b1 Python/3.10.10 (Windows-10-10.0.22621-SP0)
    method: GET
    uri: https://management.azure.com/subscriptions/00000000-0000-0000-0000-000000000000/providers/Microsoft.App?api-version=2021-04-01
  response:
    body:
      string: '{"id":"/subscriptions/00000000-0000-0000-0000-000000000000/providers/Microsoft.App","namespace":"Microsoft.App","authorizations":[{"applicationId":"7e3bc4fd-85a3-4192-b177-5b8bfc87f42c","roleDefinitionId":"39a74f72-b40f-4bdc-b639-562fe2260bf0"},{"applicationId":"3734c1a4-2bed-4998-a37a-ff1a9e7bf019","roleDefinitionId":"5c779a4f-5cb2-4547-8c41-478d9be8ba90"},{"applicationId":"55ebbb62-3b9c-49fd-9b87-9595226dd4ac","roleDefinitionId":"e49ca620-7992-4561-a7df-4ed67dad77b5","managedByRoleDefinitionId":"9e3af657-a8ff-583c-a75c-2fe7c4bcb635"}],"resourceTypes":[{"resourceType":"operations","locations":["North
        Central US (Stage)","Central US EUAP","East US 2 EUAP","Canada Central","West
        Europe","North Europe","East US","East US 2","East Asia","Australia East","Germany
        West Central","Japan East","UK South","West US","Central US","North Central
        US","South Central US","Korea Central","Brazil South","West US 3","France
        Central","South Africa North","Norway East","Switzerland North","UAE North"],"apiVersions":["2022-11-01-preview","2022-10-01","2022-06-01-preview","2022-03-01","2022-01-01-preview"],"capabilities":"None"},{"resourceType":"locations/connectedEnvironmentOperationResults","locations":["North
        Central US (Stage)","North Central US","East US","East Asia","West Europe","Central
        US EUAP","East US 2 EUAP"],"apiVersions":["2022-11-01-preview","2022-10-01","2022-06-01-preview"],"capabilities":"None"},{"resourceType":"managedEnvironments","locations":["Central
        US EUAP","East US 2 EUAP","North Central US (Stage)","Canada Central","West
        Europe","North Europe","East US","East US 2","East Asia","Australia East","Germany
        West Central","Japan East","UK South","West US","Central US","North Central
        US","South Central US","Korea Central","Brazil South","West US 3","France
        Central","South Africa North","Norway East","Switzerland North","UAE North"],"apiVersions":["2022-11-01-preview","2022-10-01","2022-06-01-preview","2022-03-01","2022-01-01-preview"],"capabilities":"CrossResourceGroupResourceMove,
        CrossSubscriptionResourceMove, SupportsTags, SupportsLocation"},{"resourceType":"managedEnvironments/certificates","locations":["Central
        US EUAP","East US 2 EUAP","North Central US (Stage)","Canada Central","West
        Europe","North Europe","East US","East US 2","East Asia","Australia East","Germany
        West Central","Japan East","UK South","West US","Central US","North Central
        US","South Central US","Korea Central","Brazil South","West US 3","France
        Central","South Africa North","Norway East","Switzerland North","UAE North"],"apiVersions":["2022-11-01-preview","2022-10-01","2022-06-01-preview","2022-03-01","2022-01-01-preview"],"capabilities":"CrossResourceGroupResourceMove,
        CrossSubscriptionResourceMove, SupportsTags, SupportsLocation"},{"resourceType":"managedEnvironments/managedCertificates","locations":["Central
        US EUAP","East US 2 EUAP","North Central US (Stage)","Canada Central","West
        Europe","North Europe","East US","East US 2","East Asia","Australia East","Germany
        West Central","Japan East","UK South","West US","Central US","North Central
        US","South Central US","Korea Central","Brazil South","West US 3","France
        Central","South Africa North","Norway East","Switzerland North","UAE North"],"apiVersions":["2022-11-01-preview"],"capabilities":"CrossResourceGroupResourceMove,
        CrossSubscriptionResourceMove, SupportsTags, SupportsLocation"},{"resourceType":"containerApps","locations":["Central
        US EUAP","East US 2 EUAP","North Central US (Stage)","Canada Central","West
        Europe","North Europe","East US","East US 2","East Asia","Australia East","Germany
        West Central","Japan East","UK South","West US","Central US","North Central
        US","South Central US","Korea Central","Brazil South","West US 3","France
        Central","South Africa North","Norway East","Switzerland North","UAE North"],"apiVersions":["2022-11-01-preview","2022-10-01","2022-06-01-preview","2022-03-01","2022-01-01-preview"],"capabilities":"CrossResourceGroupResourceMove,
        CrossSubscriptionResourceMove, SystemAssignedResourceIdentity, SupportsTags,
        SupportsLocation"},{"resourceType":"locations","locations":[],"apiVersions":["2022-11-01-preview","2022-10-01","2022-06-01-preview","2022-03-01","2022-01-01-preview"],"capabilities":"None"},{"resourceType":"locations/managedEnvironmentOperationResults","locations":["Central
        US EUAP","East US 2 EUAP","North Central US (Stage)","Canada Central","West
        Europe","North Europe","East US","East US 2","East Asia","Australia East","Germany
        West Central","Japan East","UK South","West US","Central US","North Central
        US","South Central US","Korea Central","Brazil South","West US 3","France
        Central","South Africa North","Norway East","Switzerland North","UAE North"],"apiVersions":["2022-11-01-preview","2022-10-01","2022-06-01-preview","2022-03-01","2022-01-01-preview"],"capabilities":"None"},{"resourceType":"locations/managedEnvironmentOperationStatuses","locations":["Central
        US EUAP","East US 2 EUAP","North Central US (Stage)","Canada Central","West
        Europe","North Europe","East US","East US 2","East Asia","Australia East","Germany
        West Central","Japan East","UK South","West US","Central US","North Central
        US","South Central US","Korea Central","Brazil South","West US 3","France
        Central","South Africa North","Norway East","Switzerland North","UAE North"],"apiVersions":["2022-11-01-preview","2022-10-01","2022-06-01-preview","2022-03-01","2022-01-01-preview"],"capabilities":"None"},{"resourceType":"locations/containerappOperationResults","locations":["Central
        US EUAP","East US 2 EUAP","North Central US (Stage)","Canada Central","West
        Europe","North Europe","East US","East US 2","East Asia","Australia East","Germany
        West Central","Japan East","UK South","West US","Central US","North Central
        US","South Central US","Korea Central","Brazil South","West US 3","France
        Central","South Africa North","Norway East","Switzerland North","UAE North"],"apiVersions":["2022-11-01-preview","2022-10-01","2022-06-01-preview","2022-03-01","2022-01-01-preview"],"capabilities":"None"},{"resourceType":"locations/containerappOperationStatuses","locations":["Central
        US EUAP","East US 2 EUAP","North Central US (Stage)","Canada Central","West
        Europe","North Europe","East US","East US 2","East Asia","Australia East","Germany
        West Central","Japan East","UK South","West US","Central US","North Central
        US","South Central US","Korea Central","Brazil South","West US 3","France
        Central","South Africa North","Norway East","Switzerland North","UAE North"],"apiVersions":["2022-11-01-preview","2022-10-01","2022-06-01-preview","2022-03-01","2022-01-01-preview"],"capabilities":"None"},{"resourceType":"connectedEnvironments","locations":["Central
        US EUAP","East US 2 EUAP","North Central US (Stage)","North Central US","East
        US","East Asia","West Europe"],"apiVersions":["2022-11-01-preview","2022-10-01","2022-06-01-preview"],"capabilities":"CrossResourceGroupResourceMove,
        CrossSubscriptionResourceMove, SupportsTags, SupportsLocation"},{"resourceType":"connectedEnvironments/certificates","locations":["Central
        US EUAP","East US 2 EUAP","North Central US (Stage)","North Central US","East
        US","East Asia","West Europe"],"apiVersions":["2022-11-01-preview","2022-10-01","2022-06-01-preview"],"capabilities":"CrossResourceGroupResourceMove,
        CrossSubscriptionResourceMove, SupportsTags, SupportsLocation"},{"resourceType":"locations/connectedEnvironmentOperationStatuses","locations":["Central
        US EUAP","East US 2 EUAP","North Central US (Stage)","North Central US","East
        US","East Asia","West Europe"],"apiVersions":["2022-11-01-preview","2022-10-01","2022-06-01-preview"],"capabilities":"None"},{"resourceType":"locations/billingMeters","locations":["Central
        US EUAP","East US 2 EUAP","North Central US (Stage)","Australia East","North
        Central US","East US 2","West Europe","Central US","East US","North Europe","South
        Central US","UK South","West US 3"],"apiVersions":["2022-11-01-preview","2022-10-01","2022-06-01-preview"],"capabilities":"None"},{"resourceType":"locations/availableManagedEnvironmentsWorkloadProfileTypes","locations":["Central
        US EUAP","East US 2 EUAP","North Central US (Stage)","Australia East","North
        Central US","East US 2","West Europe","Central US","East US","North Europe","South
        Central US","UK South","West US 3"],"apiVersions":["2022-11-01-preview","2022-10-01","2022-06-01-preview"],"capabilities":"None"}],"registrationState":"Registered","registrationPolicy":"RegistrationRequired"}'
    headers:
      cache-control:
      - no-cache
      content-length:
      - '8448'
      content-type:
      - application/json; charset=utf-8
      date:
      - Fri, 03 Mar 2023 15:42:24 GMT
      expires:
      - '-1'
      pragma:
      - no-cache
      strict-transport-security:
      - max-age=31536000; includeSubDomains
      vary:
      - Accept-Encoding
      x-content-type-options:
      - nosniff
    status:
      code: 200
      message: OK
- request:
    body: null
    headers:
      Accept:
      - application/json
      Accept-Encoding:
      - gzip, deflate
      CommandName:
      - containerapp env show
      Connection:
      - keep-alive
      ParameterSetName:
      - -g -n
      User-Agent:
      - AZURECLI/2.43.0 azsdk-python-mgmt-appcontainers/2.0.0b2 Python/3.10.10 (Windows-10-10.0.22621-SP0)
    method: GET
    uri: https://management.azure.com/subscriptions/00000000-0000-0000-0000-000000000000/resourceGroups/cli_test_containerapp_preview000001/providers/Microsoft.App/managedEnvironments/containerapp-compose000002?api-version=2022-10-01
  response:
    body:
      string: '{"id":"/subscriptions/00000000-0000-0000-0000-000000000000/resourceGroups/cli_test_containerapp_preview000001/providers/Microsoft.App/managedEnvironments/containerapp-compose000002","name":"containerapp-compose000002","type":"Microsoft.App/managedEnvironments","location":"eastus","systemData":{"createdBy":"xinyupang@microsoft.com","createdByType":"User","createdAt":"2023-03-03T15:38:11.4473197","lastModifiedBy":"xinyupang@microsoft.com","lastModifiedByType":"User","lastModifiedAt":"2023-03-03T15:38:11.4473197"},"properties":{"provisioningState":"Succeeded","defaultDomain":"orangeplant-a067e05f.eastus.azurecontainerapps.io","staticIp":"52.146.65.167","appLogsConfiguration":{"destination":"log-analytics","logAnalyticsConfiguration":{"customerId":"86e44ec5-a500-415a-b54d-5945c16a6b01"}},"zoneRedundant":false,"eventStreamEndpoint":"https://eastus.azurecontainerapps.dev/subscriptions/00000000-0000-0000-0000-000000000000/resourceGroups/cli_test_containerapp_preview000001/managedEnvironments/containerapp-compose000002/eventstream","customDomainConfiguration":{"customDomainVerificationId":"D3F71C85EB6552E36A89A3E4A080C3CFB00181670B659B0003264FC673AA9B00"}}}'
    headers:
      api-supported-versions:
      - 2022-01-01-preview, 2022-03-01, 2022-06-01-preview, 2022-10-01, 2022-11-01-preview,
        2023-02-01
      cache-control:
      - no-cache
      content-length:
      - '1167'
      content-type:
      - application/json; charset=utf-8
      date:
      - Fri, 03 Mar 2023 15:42:26 GMT
      expires:
      - '-1'
      pragma:
      - no-cache
      server:
      - Microsoft-IIS/10.0
      strict-transport-security:
      - max-age=31536000; includeSubDomains
      transfer-encoding:
      - chunked
      vary:
      - Accept-Encoding,Accept-Encoding
      x-content-type-options:
      - nosniff
      x-powered-by:
      - ASP.NET
    status:
      code: 200
      message: OK
- request:
    body: null
    headers:
      Accept:
      - application/json
      Accept-Encoding:
      - gzip, deflate
      CommandName:
      - containerapp compose create
      Connection:
      - keep-alive
      ParameterSetName:
      - --compose-file-path --resource-group --environment
      User-Agent:
      - AZURECLI/2.43.0 azsdk-python-azure-mgmt-resource/21.1.0b1 Python/3.10.10 (Windows-10-10.0.22621-SP0)
    method: GET
    uri: https://management.azure.com/subscriptions/00000000-0000-0000-0000-000000000000/providers/Microsoft.App?api-version=2021-04-01
  response:
    body:
      string: '{"id":"/subscriptions/00000000-0000-0000-0000-000000000000/providers/Microsoft.App","namespace":"Microsoft.App","authorizations":[{"applicationId":"7e3bc4fd-85a3-4192-b177-5b8bfc87f42c","roleDefinitionId":"39a74f72-b40f-4bdc-b639-562fe2260bf0"},{"applicationId":"3734c1a4-2bed-4998-a37a-ff1a9e7bf019","roleDefinitionId":"5c779a4f-5cb2-4547-8c41-478d9be8ba90"},{"applicationId":"55ebbb62-3b9c-49fd-9b87-9595226dd4ac","roleDefinitionId":"e49ca620-7992-4561-a7df-4ed67dad77b5","managedByRoleDefinitionId":"9e3af657-a8ff-583c-a75c-2fe7c4bcb635"}],"resourceTypes":[{"resourceType":"operations","locations":["North
        Central US (Stage)","Central US EUAP","East US 2 EUAP","Canada Central","West
        Europe","North Europe","East US","East US 2","East Asia","Australia East","Germany
        West Central","Japan East","UK South","West US","Central US","North Central
        US","South Central US","Korea Central","Brazil South","West US 3","France
        Central","South Africa North","Norway East","Switzerland North","UAE North"],"apiVersions":["2022-11-01-preview","2022-10-01","2022-06-01-preview","2022-03-01","2022-01-01-preview"],"capabilities":"None"},{"resourceType":"locations/connectedEnvironmentOperationResults","locations":["North
        Central US (Stage)","North Central US","East US","East Asia","West Europe","Central
        US EUAP","East US 2 EUAP"],"apiVersions":["2022-11-01-preview","2022-10-01","2022-06-01-preview"],"capabilities":"None"},{"resourceType":"managedEnvironments","locations":["Central
        US EUAP","East US 2 EUAP","North Central US (Stage)","Canada Central","West
        Europe","North Europe","East US","East US 2","East Asia","Australia East","Germany
        West Central","Japan East","UK South","West US","Central US","North Central
        US","South Central US","Korea Central","Brazil South","West US 3","France
        Central","South Africa North","Norway East","Switzerland North","UAE North"],"apiVersions":["2022-11-01-preview","2022-10-01","2022-06-01-preview","2022-03-01","2022-01-01-preview"],"capabilities":"CrossResourceGroupResourceMove,
        CrossSubscriptionResourceMove, SupportsTags, SupportsLocation"},{"resourceType":"managedEnvironments/certificates","locations":["Central
        US EUAP","East US 2 EUAP","North Central US (Stage)","Canada Central","West
        Europe","North Europe","East US","East US 2","East Asia","Australia East","Germany
        West Central","Japan East","UK South","West US","Central US","North Central
        US","South Central US","Korea Central","Brazil South","West US 3","France
        Central","South Africa North","Norway East","Switzerland North","UAE North"],"apiVersions":["2022-11-01-preview","2022-10-01","2022-06-01-preview","2022-03-01","2022-01-01-preview"],"capabilities":"CrossResourceGroupResourceMove,
        CrossSubscriptionResourceMove, SupportsTags, SupportsLocation"},{"resourceType":"managedEnvironments/managedCertificates","locations":["Central
        US EUAP","East US 2 EUAP","North Central US (Stage)","Canada Central","West
        Europe","North Europe","East US","East US 2","East Asia","Australia East","Germany
        West Central","Japan East","UK South","West US","Central US","North Central
        US","South Central US","Korea Central","Brazil South","West US 3","France
        Central","South Africa North","Norway East","Switzerland North","UAE North"],"apiVersions":["2022-11-01-preview"],"capabilities":"CrossResourceGroupResourceMove,
        CrossSubscriptionResourceMove, SupportsTags, SupportsLocation"},{"resourceType":"containerApps","locations":["Central
        US EUAP","East US 2 EUAP","North Central US (Stage)","Canada Central","West
        Europe","North Europe","East US","East US 2","East Asia","Australia East","Germany
        West Central","Japan East","UK South","West US","Central US","North Central
        US","South Central US","Korea Central","Brazil South","West US 3","France
        Central","South Africa North","Norway East","Switzerland North","UAE North"],"apiVersions":["2022-11-01-preview","2022-10-01","2022-06-01-preview","2022-03-01","2022-01-01-preview"],"capabilities":"CrossResourceGroupResourceMove,
        CrossSubscriptionResourceMove, SystemAssignedResourceIdentity, SupportsTags,
        SupportsLocation"},{"resourceType":"locations","locations":[],"apiVersions":["2022-11-01-preview","2022-10-01","2022-06-01-preview","2022-03-01","2022-01-01-preview"],"capabilities":"None"},{"resourceType":"locations/managedEnvironmentOperationResults","locations":["Central
        US EUAP","East US 2 EUAP","North Central US (Stage)","Canada Central","West
        Europe","North Europe","East US","East US 2","East Asia","Australia East","Germany
        West Central","Japan East","UK South","West US","Central US","North Central
        US","South Central US","Korea Central","Brazil South","West US 3","France
        Central","South Africa North","Norway East","Switzerland North","UAE North"],"apiVersions":["2022-11-01-preview","2022-10-01","2022-06-01-preview","2022-03-01","2022-01-01-preview"],"capabilities":"None"},{"resourceType":"locations/managedEnvironmentOperationStatuses","locations":["Central
        US EUAP","East US 2 EUAP","North Central US (Stage)","Canada Central","West
        Europe","North Europe","East US","East US 2","East Asia","Australia East","Germany
        West Central","Japan East","UK South","West US","Central US","North Central
        US","South Central US","Korea Central","Brazil South","West US 3","France
        Central","South Africa North","Norway East","Switzerland North","UAE North"],"apiVersions":["2022-11-01-preview","2022-10-01","2022-06-01-preview","2022-03-01","2022-01-01-preview"],"capabilities":"None"},{"resourceType":"locations/containerappOperationResults","locations":["Central
        US EUAP","East US 2 EUAP","North Central US (Stage)","Canada Central","West
        Europe","North Europe","East US","East US 2","East Asia","Australia East","Germany
        West Central","Japan East","UK South","West US","Central US","North Central
        US","South Central US","Korea Central","Brazil South","West US 3","France
        Central","South Africa North","Norway East","Switzerland North","UAE North"],"apiVersions":["2022-11-01-preview","2022-10-01","2022-06-01-preview","2022-03-01","2022-01-01-preview"],"capabilities":"None"},{"resourceType":"locations/containerappOperationStatuses","locations":["Central
        US EUAP","East US 2 EUAP","North Central US (Stage)","Canada Central","West
        Europe","North Europe","East US","East US 2","East Asia","Australia East","Germany
        West Central","Japan East","UK South","West US","Central US","North Central
        US","South Central US","Korea Central","Brazil South","West US 3","France
        Central","South Africa North","Norway East","Switzerland North","UAE North"],"apiVersions":["2022-11-01-preview","2022-10-01","2022-06-01-preview","2022-03-01","2022-01-01-preview"],"capabilities":"None"},{"resourceType":"connectedEnvironments","locations":["Central
        US EUAP","East US 2 EUAP","North Central US (Stage)","North Central US","East
        US","East Asia","West Europe"],"apiVersions":["2022-11-01-preview","2022-10-01","2022-06-01-preview"],"capabilities":"CrossResourceGroupResourceMove,
        CrossSubscriptionResourceMove, SupportsTags, SupportsLocation"},{"resourceType":"connectedEnvironments/certificates","locations":["Central
        US EUAP","East US 2 EUAP","North Central US (Stage)","North Central US","East
        US","East Asia","West Europe"],"apiVersions":["2022-11-01-preview","2022-10-01","2022-06-01-preview"],"capabilities":"CrossResourceGroupResourceMove,
        CrossSubscriptionResourceMove, SupportsTags, SupportsLocation"},{"resourceType":"locations/connectedEnvironmentOperationStatuses","locations":["Central
        US EUAP","East US 2 EUAP","North Central US (Stage)","North Central US","East
        US","East Asia","West Europe"],"apiVersions":["2022-11-01-preview","2022-10-01","2022-06-01-preview"],"capabilities":"None"},{"resourceType":"locations/billingMeters","locations":["Central
        US EUAP","East US 2 EUAP","North Central US (Stage)","Australia East","North
        Central US","East US 2","West Europe","Central US","East US","North Europe","South
        Central US","UK South","West US 3"],"apiVersions":["2022-11-01-preview","2022-10-01","2022-06-01-preview"],"capabilities":"None"},{"resourceType":"locations/availableManagedEnvironmentsWorkloadProfileTypes","locations":["Central
        US EUAP","East US 2 EUAP","North Central US (Stage)","Australia East","North
        Central US","East US 2","West Europe","Central US","East US","North Europe","South
        Central US","UK South","West US 3"],"apiVersions":["2022-11-01-preview","2022-10-01","2022-06-01-preview"],"capabilities":"None"}],"registrationState":"Registered","registrationPolicy":"RegistrationRequired"}'
    headers:
      cache-control:
      - no-cache
      content-length:
      - '8448'
      content-type:
      - application/json; charset=utf-8
      date:
      - Fri, 03 Mar 2023 15:42:28 GMT
      expires:
      - '-1'
      pragma:
      - no-cache
      strict-transport-security:
      - max-age=31536000; includeSubDomains
      vary:
      - Accept-Encoding
      x-content-type-options:
      - nosniff
    status:
      code: 200
      message: OK
- request:
    body: null
    headers:
      Accept:
      - application/json
      Accept-Encoding:
      - gzip, deflate
      CommandName:
      - containerapp compose create
      Connection:
      - keep-alive
      ParameterSetName:
      - --compose-file-path --resource-group --environment
      User-Agent:
      - AZURECLI/2.43.0 azsdk-python-mgmt-appcontainers/2.0.0b2 Python/3.10.10 (Windows-10-10.0.22621-SP0)
    method: GET
    uri: https://management.azure.com/subscriptions/00000000-0000-0000-0000-000000000000/resourceGroups/cli_test_containerapp_preview000001/providers/Microsoft.App/managedEnvironments/containerapp-compose000002?api-version=2022-10-01
  response:
    body:
      string: '{"id":"/subscriptions/00000000-0000-0000-0000-000000000000/resourceGroups/cli_test_containerapp_preview000001/providers/Microsoft.App/managedEnvironments/containerapp-compose000002","name":"containerapp-compose000002","type":"Microsoft.App/managedEnvironments","location":"eastus","systemData":{"createdBy":"xinyupang@microsoft.com","createdByType":"User","createdAt":"2023-03-03T15:38:11.4473197","lastModifiedBy":"xinyupang@microsoft.com","lastModifiedByType":"User","lastModifiedAt":"2023-03-03T15:38:11.4473197"},"properties":{"provisioningState":"Succeeded","defaultDomain":"orangeplant-a067e05f.eastus.azurecontainerapps.io","staticIp":"52.146.65.167","appLogsConfiguration":{"destination":"log-analytics","logAnalyticsConfiguration":{"customerId":"86e44ec5-a500-415a-b54d-5945c16a6b01"}},"zoneRedundant":false,"eventStreamEndpoint":"https://eastus.azurecontainerapps.dev/subscriptions/00000000-0000-0000-0000-000000000000/resourceGroups/cli_test_containerapp_preview000001/managedEnvironments/containerapp-compose000002/eventstream","customDomainConfiguration":{"customDomainVerificationId":"D3F71C85EB6552E36A89A3E4A080C3CFB00181670B659B0003264FC673AA9B00"}}}'
    headers:
      api-supported-versions:
      - 2022-01-01-preview, 2022-03-01, 2022-06-01-preview, 2022-10-01, 2022-11-01-preview,
        2023-02-01
      cache-control:
      - no-cache
      content-length:
      - '1167'
      content-type:
      - application/json; charset=utf-8
      date:
      - Fri, 03 Mar 2023 15:42:29 GMT
      expires:
      - '-1'
      pragma:
      - no-cache
      server:
      - Microsoft-IIS/10.0
      strict-transport-security:
      - max-age=31536000; includeSubDomains
      transfer-encoding:
      - chunked
      vary:
      - Accept-Encoding,Accept-Encoding
      x-content-type-options:
      - nosniff
      x-powered-by:
      - ASP.NET
    status:
      code: 200
      message: OK
- request:
    body: null
    headers:
      Accept:
      - application/json
      Accept-Encoding:
      - gzip, deflate
      CommandName:
      - containerapp compose create
      Connection:
      - keep-alive
      ParameterSetName:
      - --compose-file-path --resource-group --environment
      User-Agent:
      - AZURECLI/2.43.0 azsdk-python-azure-mgmt-resource/21.1.0b1 Python/3.10.10 (Windows-10-10.0.22621-SP0)
    method: GET
    uri: https://management.azure.com/subscriptions/00000000-0000-0000-0000-000000000000/providers/Microsoft.App?api-version=2021-04-01
  response:
    body:
      string: '{"id":"/subscriptions/00000000-0000-0000-0000-000000000000/providers/Microsoft.App","namespace":"Microsoft.App","authorizations":[{"applicationId":"7e3bc4fd-85a3-4192-b177-5b8bfc87f42c","roleDefinitionId":"39a74f72-b40f-4bdc-b639-562fe2260bf0"},{"applicationId":"3734c1a4-2bed-4998-a37a-ff1a9e7bf019","roleDefinitionId":"5c779a4f-5cb2-4547-8c41-478d9be8ba90"},{"applicationId":"55ebbb62-3b9c-49fd-9b87-9595226dd4ac","roleDefinitionId":"e49ca620-7992-4561-a7df-4ed67dad77b5","managedByRoleDefinitionId":"9e3af657-a8ff-583c-a75c-2fe7c4bcb635"}],"resourceTypes":[{"resourceType":"operations","locations":["North
        Central US (Stage)","Central US EUAP","East US 2 EUAP","Canada Central","West
        Europe","North Europe","East US","East US 2","East Asia","Australia East","Germany
        West Central","Japan East","UK South","West US","Central US","North Central
        US","South Central US","Korea Central","Brazil South","West US 3","France
        Central","South Africa North","Norway East","Switzerland North","UAE North"],"apiVersions":["2022-11-01-preview","2022-10-01","2022-06-01-preview","2022-03-01","2022-01-01-preview"],"capabilities":"None"},{"resourceType":"locations/connectedEnvironmentOperationResults","locations":["North
        Central US (Stage)","North Central US","East US","East Asia","West Europe","Central
        US EUAP","East US 2 EUAP"],"apiVersions":["2022-11-01-preview","2022-10-01","2022-06-01-preview"],"capabilities":"None"},{"resourceType":"managedEnvironments","locations":["Central
        US EUAP","East US 2 EUAP","North Central US (Stage)","Canada Central","West
        Europe","North Europe","East US","East US 2","East Asia","Australia East","Germany
        West Central","Japan East","UK South","West US","Central US","North Central
        US","South Central US","Korea Central","Brazil South","West US 3","France
        Central","South Africa North","Norway East","Switzerland North","UAE North"],"apiVersions":["2022-11-01-preview","2022-10-01","2022-06-01-preview","2022-03-01","2022-01-01-preview"],"capabilities":"CrossResourceGroupResourceMove,
        CrossSubscriptionResourceMove, SupportsTags, SupportsLocation"},{"resourceType":"managedEnvironments/certificates","locations":["Central
        US EUAP","East US 2 EUAP","North Central US (Stage)","Canada Central","West
        Europe","North Europe","East US","East US 2","East Asia","Australia East","Germany
        West Central","Japan East","UK South","West US","Central US","North Central
        US","South Central US","Korea Central","Brazil South","West US 3","France
        Central","South Africa North","Norway East","Switzerland North","UAE North"],"apiVersions":["2022-11-01-preview","2022-10-01","2022-06-01-preview","2022-03-01","2022-01-01-preview"],"capabilities":"CrossResourceGroupResourceMove,
        CrossSubscriptionResourceMove, SupportsTags, SupportsLocation"},{"resourceType":"managedEnvironments/managedCertificates","locations":["Central
        US EUAP","East US 2 EUAP","North Central US (Stage)","Canada Central","West
        Europe","North Europe","East US","East US 2","East Asia","Australia East","Germany
        West Central","Japan East","UK South","West US","Central US","North Central
        US","South Central US","Korea Central","Brazil South","West US 3","France
        Central","South Africa North","Norway East","Switzerland North","UAE North"],"apiVersions":["2022-11-01-preview"],"capabilities":"CrossResourceGroupResourceMove,
        CrossSubscriptionResourceMove, SupportsTags, SupportsLocation"},{"resourceType":"containerApps","locations":["Central
        US EUAP","East US 2 EUAP","North Central US (Stage)","Canada Central","West
        Europe","North Europe","East US","East US 2","East Asia","Australia East","Germany
        West Central","Japan East","UK South","West US","Central US","North Central
        US","South Central US","Korea Central","Brazil South","West US 3","France
        Central","South Africa North","Norway East","Switzerland North","UAE North"],"apiVersions":["2022-11-01-preview","2022-10-01","2022-06-01-preview","2022-03-01","2022-01-01-preview"],"capabilities":"CrossResourceGroupResourceMove,
        CrossSubscriptionResourceMove, SystemAssignedResourceIdentity, SupportsTags,
        SupportsLocation"},{"resourceType":"locations","locations":[],"apiVersions":["2022-11-01-preview","2022-10-01","2022-06-01-preview","2022-03-01","2022-01-01-preview"],"capabilities":"None"},{"resourceType":"locations/managedEnvironmentOperationResults","locations":["Central
        US EUAP","East US 2 EUAP","North Central US (Stage)","Canada Central","West
        Europe","North Europe","East US","East US 2","East Asia","Australia East","Germany
        West Central","Japan East","UK South","West US","Central US","North Central
        US","South Central US","Korea Central","Brazil South","West US 3","France
        Central","South Africa North","Norway East","Switzerland North","UAE North"],"apiVersions":["2022-11-01-preview","2022-10-01","2022-06-01-preview","2022-03-01","2022-01-01-preview"],"capabilities":"None"},{"resourceType":"locations/managedEnvironmentOperationStatuses","locations":["Central
        US EUAP","East US 2 EUAP","North Central US (Stage)","Canada Central","West
        Europe","North Europe","East US","East US 2","East Asia","Australia East","Germany
        West Central","Japan East","UK South","West US","Central US","North Central
        US","South Central US","Korea Central","Brazil South","West US 3","France
        Central","South Africa North","Norway East","Switzerland North","UAE North"],"apiVersions":["2022-11-01-preview","2022-10-01","2022-06-01-preview","2022-03-01","2022-01-01-preview"],"capabilities":"None"},{"resourceType":"locations/containerappOperationResults","locations":["Central
        US EUAP","East US 2 EUAP","North Central US (Stage)","Canada Central","West
        Europe","North Europe","East US","East US 2","East Asia","Australia East","Germany
        West Central","Japan East","UK South","West US","Central US","North Central
        US","South Central US","Korea Central","Brazil South","West US 3","France
        Central","South Africa North","Norway East","Switzerland North","UAE North"],"apiVersions":["2022-11-01-preview","2022-10-01","2022-06-01-preview","2022-03-01","2022-01-01-preview"],"capabilities":"None"},{"resourceType":"locations/containerappOperationStatuses","locations":["Central
        US EUAP","East US 2 EUAP","North Central US (Stage)","Canada Central","West
        Europe","North Europe","East US","East US 2","East Asia","Australia East","Germany
        West Central","Japan East","UK South","West US","Central US","North Central
        US","South Central US","Korea Central","Brazil South","West US 3","France
        Central","South Africa North","Norway East","Switzerland North","UAE North"],"apiVersions":["2022-11-01-preview","2022-10-01","2022-06-01-preview","2022-03-01","2022-01-01-preview"],"capabilities":"None"},{"resourceType":"connectedEnvironments","locations":["Central
        US EUAP","East US 2 EUAP","North Central US (Stage)","North Central US","East
        US","East Asia","West Europe"],"apiVersions":["2022-11-01-preview","2022-10-01","2022-06-01-preview"],"capabilities":"CrossResourceGroupResourceMove,
        CrossSubscriptionResourceMove, SupportsTags, SupportsLocation"},{"resourceType":"connectedEnvironments/certificates","locations":["Central
        US EUAP","East US 2 EUAP","North Central US (Stage)","North Central US","East
        US","East Asia","West Europe"],"apiVersions":["2022-11-01-preview","2022-10-01","2022-06-01-preview"],"capabilities":"CrossResourceGroupResourceMove,
        CrossSubscriptionResourceMove, SupportsTags, SupportsLocation"},{"resourceType":"locations/connectedEnvironmentOperationStatuses","locations":["Central
        US EUAP","East US 2 EUAP","North Central US (Stage)","North Central US","East
        US","East Asia","West Europe"],"apiVersions":["2022-11-01-preview","2022-10-01","2022-06-01-preview"],"capabilities":"None"},{"resourceType":"locations/billingMeters","locations":["Central
        US EUAP","East US 2 EUAP","North Central US (Stage)","Australia East","North
        Central US","East US 2","West Europe","Central US","East US","North Europe","South
        Central US","UK South","West US 3"],"apiVersions":["2022-11-01-preview","2022-10-01","2022-06-01-preview"],"capabilities":"None"},{"resourceType":"locations/availableManagedEnvironmentsWorkloadProfileTypes","locations":["Central
        US EUAP","East US 2 EUAP","North Central US (Stage)","Australia East","North
        Central US","East US 2","West Europe","Central US","East US","North Europe","South
        Central US","UK South","West US 3"],"apiVersions":["2022-11-01-preview","2022-10-01","2022-06-01-preview"],"capabilities":"None"}],"registrationState":"Registered","registrationPolicy":"RegistrationRequired"}'
    headers:
      cache-control:
      - no-cache
      content-length:
      - '8448'
      content-type:
      - application/json; charset=utf-8
      date:
      - Fri, 03 Mar 2023 15:42:30 GMT
      expires:
      - '-1'
      pragma:
      - no-cache
      strict-transport-security:
      - max-age=31536000; includeSubDomains
      vary:
      - Accept-Encoding
      x-content-type-options:
      - nosniff
    status:
      code: 200
      message: OK
- request:
    body: null
    headers:
      Accept:
      - '*/*'
      Accept-Encoding:
      - gzip, deflate
      CommandName:
      - containerapp compose create
      Connection:
      - keep-alive
      ParameterSetName:
      - --compose-file-path --resource-group --environment
      User-Agent:
      - python/3.10.10 (Windows-10-10.0.22621-SP0) AZURECLI/2.43.0
    method: GET
    uri: https://management.azure.com/subscriptions/00000000-0000-0000-0000-000000000000/resourceGroups/cli_test_containerapp_preview000001/providers/Microsoft.App/managedEnvironments/containerapp-compose000002?api-version=2022-06-01-preview
  response:
    body:
      string: '{"id":"/subscriptions/00000000-0000-0000-0000-000000000000/resourceGroups/cli_test_containerapp_preview000001/providers/Microsoft.App/managedEnvironments/containerapp-compose000002","name":"containerapp-compose000002","type":"Microsoft.App/managedEnvironments","location":"eastus","systemData":{"createdBy":"xinyupang@microsoft.com","createdByType":"User","createdAt":"2023-03-03T15:38:11.4473197","lastModifiedBy":"xinyupang@microsoft.com","lastModifiedByType":"User","lastModifiedAt":"2023-03-03T15:38:11.4473197"},"properties":{"provisioningState":"Succeeded","defaultDomain":"orangeplant-a067e05f.eastus.azurecontainerapps.io","staticIp":"52.146.65.167","appLogsConfiguration":{"destination":"log-analytics","logAnalyticsConfiguration":{"customerId":"86e44ec5-a500-415a-b54d-5945c16a6b01"}},"zoneRedundant":false,"eventStreamEndpoint":"https://eastus.azurecontainerapps.dev/subscriptions/00000000-0000-0000-0000-000000000000/resourceGroups/cli_test_containerapp_preview000001/managedEnvironments/containerapp-compose000002/eventstream","customDomainConfiguration":{"customDomainVerificationId":"D3F71C85EB6552E36A89A3E4A080C3CFB00181670B659B0003264FC673AA9B00"}}}'
    headers:
      api-supported-versions:
      - 2022-01-01-preview, 2022-03-01, 2022-06-01-preview, 2022-10-01, 2022-11-01-preview,
        2023-02-01
      cache-control:
      - no-cache
      content-length:
      - '1167'
      content-type:
      - application/json; charset=utf-8
      date:
      - Fri, 03 Mar 2023 15:42:31 GMT
      expires:
      - '-1'
      pragma:
      - no-cache
      server:
      - Microsoft-IIS/10.0
      strict-transport-security:
      - max-age=31536000; includeSubDomains
      transfer-encoding:
      - chunked
      vary:
      - Accept-Encoding,Accept-Encoding
      x-content-type-options:
      - nosniff
      x-powered-by:
      - ASP.NET
    status:
      code: 200
      message: OK
- request:
    body: null
    headers:
      Accept:
      - application/json
      Accept-Encoding:
      - gzip, deflate
      CommandName:
      - containerapp compose create
      Connection:
      - keep-alive
      ParameterSetName:
      - --compose-file-path --resource-group --environment
      User-Agent:
      - AZURECLI/2.43.0 azsdk-python-azure-mgmt-resource/21.1.0b1 Python/3.10.10 (Windows-10-10.0.22621-SP0)
    method: GET
    uri: https://management.azure.com/subscriptions/00000000-0000-0000-0000-000000000000/providers/Microsoft.App?api-version=2021-04-01
  response:
    body:
      string: '{"id":"/subscriptions/00000000-0000-0000-0000-000000000000/providers/Microsoft.App","namespace":"Microsoft.App","authorizations":[{"applicationId":"7e3bc4fd-85a3-4192-b177-5b8bfc87f42c","roleDefinitionId":"39a74f72-b40f-4bdc-b639-562fe2260bf0"},{"applicationId":"3734c1a4-2bed-4998-a37a-ff1a9e7bf019","roleDefinitionId":"5c779a4f-5cb2-4547-8c41-478d9be8ba90"},{"applicationId":"55ebbb62-3b9c-49fd-9b87-9595226dd4ac","roleDefinitionId":"e49ca620-7992-4561-a7df-4ed67dad77b5","managedByRoleDefinitionId":"9e3af657-a8ff-583c-a75c-2fe7c4bcb635"}],"resourceTypes":[{"resourceType":"operations","locations":["North
        Central US (Stage)","Central US EUAP","East US 2 EUAP","Canada Central","West
        Europe","North Europe","East US","East US 2","East Asia","Australia East","Germany
        West Central","Japan East","UK South","West US","Central US","North Central
        US","South Central US","Korea Central","Brazil South","West US 3","France
        Central","South Africa North","Norway East","Switzerland North","UAE North"],"apiVersions":["2022-11-01-preview","2022-10-01","2022-06-01-preview","2022-03-01","2022-01-01-preview"],"capabilities":"None"},{"resourceType":"locations/connectedEnvironmentOperationResults","locations":["North
        Central US (Stage)","North Central US","East US","East Asia","West Europe","Central
        US EUAP","East US 2 EUAP"],"apiVersions":["2022-11-01-preview","2022-10-01","2022-06-01-preview"],"capabilities":"None"},{"resourceType":"managedEnvironments","locations":["Central
        US EUAP","East US 2 EUAP","North Central US (Stage)","Canada Central","West
        Europe","North Europe","East US","East US 2","East Asia","Australia East","Germany
        West Central","Japan East","UK South","West US","Central US","North Central
        US","South Central US","Korea Central","Brazil South","West US 3","France
        Central","South Africa North","Norway East","Switzerland North","UAE North"],"apiVersions":["2022-11-01-preview","2022-10-01","2022-06-01-preview","2022-03-01","2022-01-01-preview"],"capabilities":"CrossResourceGroupResourceMove,
        CrossSubscriptionResourceMove, SupportsTags, SupportsLocation"},{"resourceType":"managedEnvironments/certificates","locations":["Central
        US EUAP","East US 2 EUAP","North Central US (Stage)","Canada Central","West
        Europe","North Europe","East US","East US 2","East Asia","Australia East","Germany
        West Central","Japan East","UK South","West US","Central US","North Central
        US","South Central US","Korea Central","Brazil South","West US 3","France
        Central","South Africa North","Norway East","Switzerland North","UAE North"],"apiVersions":["2022-11-01-preview","2022-10-01","2022-06-01-preview","2022-03-01","2022-01-01-preview"],"capabilities":"CrossResourceGroupResourceMove,
        CrossSubscriptionResourceMove, SupportsTags, SupportsLocation"},{"resourceType":"managedEnvironments/managedCertificates","locations":["Central
        US EUAP","East US 2 EUAP","North Central US (Stage)","Canada Central","West
        Europe","North Europe","East US","East US 2","East Asia","Australia East","Germany
        West Central","Japan East","UK South","West US","Central US","North Central
        US","South Central US","Korea Central","Brazil South","West US 3","France
        Central","South Africa North","Norway East","Switzerland North","UAE North"],"apiVersions":["2022-11-01-preview"],"capabilities":"CrossResourceGroupResourceMove,
        CrossSubscriptionResourceMove, SupportsTags, SupportsLocation"},{"resourceType":"containerApps","locations":["Central
        US EUAP","East US 2 EUAP","North Central US (Stage)","Canada Central","West
        Europe","North Europe","East US","East US 2","East Asia","Australia East","Germany
        West Central","Japan East","UK South","West US","Central US","North Central
        US","South Central US","Korea Central","Brazil South","West US 3","France
        Central","South Africa North","Norway East","Switzerland North","UAE North"],"apiVersions":["2022-11-01-preview","2022-10-01","2022-06-01-preview","2022-03-01","2022-01-01-preview"],"capabilities":"CrossResourceGroupResourceMove,
        CrossSubscriptionResourceMove, SystemAssignedResourceIdentity, SupportsTags,
        SupportsLocation"},{"resourceType":"locations","locations":[],"apiVersions":["2022-11-01-preview","2022-10-01","2022-06-01-preview","2022-03-01","2022-01-01-preview"],"capabilities":"None"},{"resourceType":"locations/managedEnvironmentOperationResults","locations":["Central
        US EUAP","East US 2 EUAP","North Central US (Stage)","Canada Central","West
        Europe","North Europe","East US","East US 2","East Asia","Australia East","Germany
        West Central","Japan East","UK South","West US","Central US","North Central
        US","South Central US","Korea Central","Brazil South","West US 3","France
        Central","South Africa North","Norway East","Switzerland North","UAE North"],"apiVersions":["2022-11-01-preview","2022-10-01","2022-06-01-preview","2022-03-01","2022-01-01-preview"],"capabilities":"None"},{"resourceType":"locations/managedEnvironmentOperationStatuses","locations":["Central
        US EUAP","East US 2 EUAP","North Central US (Stage)","Canada Central","West
        Europe","North Europe","East US","East US 2","East Asia","Australia East","Germany
        West Central","Japan East","UK South","West US","Central US","North Central
        US","South Central US","Korea Central","Brazil South","West US 3","France
        Central","South Africa North","Norway East","Switzerland North","UAE North"],"apiVersions":["2022-11-01-preview","2022-10-01","2022-06-01-preview","2022-03-01","2022-01-01-preview"],"capabilities":"None"},{"resourceType":"locations/containerappOperationResults","locations":["Central
        US EUAP","East US 2 EUAP","North Central US (Stage)","Canada Central","West
        Europe","North Europe","East US","East US 2","East Asia","Australia East","Germany
        West Central","Japan East","UK South","West US","Central US","North Central
        US","South Central US","Korea Central","Brazil South","West US 3","France
        Central","South Africa North","Norway East","Switzerland North","UAE North"],"apiVersions":["2022-11-01-preview","2022-10-01","2022-06-01-preview","2022-03-01","2022-01-01-preview"],"capabilities":"None"},{"resourceType":"locations/containerappOperationStatuses","locations":["Central
        US EUAP","East US 2 EUAP","North Central US (Stage)","Canada Central","West
        Europe","North Europe","East US","East US 2","East Asia","Australia East","Germany
        West Central","Japan East","UK South","West US","Central US","North Central
        US","South Central US","Korea Central","Brazil South","West US 3","France
        Central","South Africa North","Norway East","Switzerland North","UAE North"],"apiVersions":["2022-11-01-preview","2022-10-01","2022-06-01-preview","2022-03-01","2022-01-01-preview"],"capabilities":"None"},{"resourceType":"connectedEnvironments","locations":["Central
        US EUAP","East US 2 EUAP","North Central US (Stage)","North Central US","East
        US","East Asia","West Europe"],"apiVersions":["2022-11-01-preview","2022-10-01","2022-06-01-preview"],"capabilities":"CrossResourceGroupResourceMove,
        CrossSubscriptionResourceMove, SupportsTags, SupportsLocation"},{"resourceType":"connectedEnvironments/certificates","locations":["Central
        US EUAP","East US 2 EUAP","North Central US (Stage)","North Central US","East
        US","East Asia","West Europe"],"apiVersions":["2022-11-01-preview","2022-10-01","2022-06-01-preview"],"capabilities":"CrossResourceGroupResourceMove,
        CrossSubscriptionResourceMove, SupportsTags, SupportsLocation"},{"resourceType":"locations/connectedEnvironmentOperationStatuses","locations":["Central
        US EUAP","East US 2 EUAP","North Central US (Stage)","North Central US","East
        US","East Asia","West Europe"],"apiVersions":["2022-11-01-preview","2022-10-01","2022-06-01-preview"],"capabilities":"None"},{"resourceType":"locations/billingMeters","locations":["Central
        US EUAP","East US 2 EUAP","North Central US (Stage)","Australia East","North
        Central US","East US 2","West Europe","Central US","East US","North Europe","South
        Central US","UK South","West US 3"],"apiVersions":["2022-11-01-preview","2022-10-01","2022-06-01-preview"],"capabilities":"None"},{"resourceType":"locations/availableManagedEnvironmentsWorkloadProfileTypes","locations":["Central
        US EUAP","East US 2 EUAP","North Central US (Stage)","Australia East","North
        Central US","East US 2","West Europe","Central US","East US","North Europe","South
        Central US","UK South","West US 3"],"apiVersions":["2022-11-01-preview","2022-10-01","2022-06-01-preview"],"capabilities":"None"}],"registrationState":"Registered","registrationPolicy":"RegistrationRequired"}'
    headers:
      cache-control:
      - no-cache
      content-length:
      - '8448'
      content-type:
      - application/json; charset=utf-8
      date:
      - Fri, 03 Mar 2023 15:42:32 GMT
      expires:
      - '-1'
      pragma:
      - no-cache
      strict-transport-security:
      - max-age=31536000; includeSubDomains
      vary:
      - Accept-Encoding
      x-content-type-options:
      - nosniff
    status:
      code: 200
      message: OK
- request:
    body: '{"location": "eastus", "identity": {"type": "None", "userAssignedIdentities":
      null}, "properties": {"managedEnvironmentId": "/subscriptions/00000000-0000-0000-0000-000000000000/resourceGroups/cli_test_containerapp_preview000001/providers/Microsoft.App/managedEnvironments/containerapp-compose000002",
      "configuration": {"secrets": null, "activeRevisionsMode": "single", "ingress":
      {"fqdn": null, "external": false, "targetPort": 3000, "transport": "auto", "exposedPort":
      null, "traffic": null, "customDomains": null, "ipSecurityRestrictions": null},
      "dapr": null, "registries": null}, "template": {"revisionSuffix": null, "containers":
      [{"image": "mcr.microsoft.com/azuredocs/aks-helloworld:v1", "name": "foo", "command":
      null, "args": null, "env": null, "resources": null, "volumeMounts": null}],
      "initContainers": null, "scale": null, "volumes": null}}, "tags": null}'
    headers:
      Accept:
      - '*/*'
      Accept-Encoding:
      - gzip, deflate
      CommandName:
      - containerapp compose create
      Connection:
      - keep-alive
      Content-Length:
      - '868'
      Content-Type:
      - application/json
      ParameterSetName:
      - --compose-file-path --resource-group --environment
      User-Agent:
      - python/3.10.10 (Windows-10-10.0.22621-SP0) AZURECLI/2.43.0
    method: PUT
    uri: https://management.azure.com/subscriptions/00000000-0000-0000-0000-000000000000/resourceGroups/cli_test_containerapp_preview000001/providers/Microsoft.App/containerApps/foo?api-version=2022-06-01-preview
  response:
    body:
      string: '{"id":"/subscriptions/00000000-0000-0000-0000-000000000000/resourceGroups/cli_test_containerapp_preview000001/providers/Microsoft.App/containerapps/foo","name":"foo","type":"Microsoft.App/containerApps","location":"East
        US","systemData":{"createdBy":"xinyupang@microsoft.com","createdByType":"User","createdAt":"2023-03-03T15:42:35.1593156Z","lastModifiedBy":"xinyupang@microsoft.com","lastModifiedByType":"User","lastModifiedAt":"2023-03-03T15:42:35.1593156Z"},"properties":{"provisioningState":"InProgress","managedEnvironmentId":"/subscriptions/00000000-0000-0000-0000-000000000000/resourceGroups/cli_test_containerapp_preview000001/providers/Microsoft.App/managedEnvironments/containerapp-compose000002","environmentId":"/subscriptions/00000000-0000-0000-0000-000000000000/resourceGroups/cli_test_containerapp_preview000001/providers/Microsoft.App/managedEnvironments/containerapp-compose000002","workloadProfileType":null,"outboundIpAddresses":["40.76.164.16"],"latestRevisionName":"","latestRevisionFqdn":"","customDomainVerificationId":"D3F71C85EB6552E36A89A3E4A080C3CFB00181670B659B0003264FC673AA9B00","configuration":{"secrets":null,"activeRevisionsMode":"Single","ingress":{"fqdn":"foo.internal.orangeplant-a067e05f.eastus.azurecontainerapps.io","external":false,"targetPort":3000,"exposedPort":0,"transport":"Auto","traffic":[{"weight":100,"latestRevision":true}],"customDomains":null,"allowInsecure":false,"ipSecurityRestrictions":null},"registries":null,"dapr":null,"maxInactiveRevisions":null},"template":{"revisionSuffix":"","containers":[{"image":"mcr.microsoft.com/azuredocs/aks-helloworld:v1","name":"foo","resources":{"cpu":0.5,"memory":"1Gi","ephemeralStorage":"2Gi"}}],"initContainers":null,"scale":{"minReplicas":null,"maxReplicas":10,"rules":null},"volumes":null},"eventStreamEndpoint":"https://eastus.azurecontainerapps.dev/subscriptions/00000000-0000-0000-0000-000000000000/resourceGroups/cli_test_containerapp_preview000001/containerApps/foo/eventstream"},"identity":{"type":"None"}}'
    headers:
      api-supported-versions:
      - 2022-01-01-preview, 2022-03-01, 2022-06-01-preview, 2022-10-01, 2022-11-01-preview,
        2023-02-01
      azure-asyncoperation:
      - https://management.azure.com/subscriptions/00000000-0000-0000-0000-000000000000/providers/Microsoft.App/locations/eastus/containerappOperationStatuses/d29e1090-25c1-4510-bbf6-9ccbc6c04475?api-version=2022-06-01-preview&azureAsyncOperation=true
      cache-control:
      - no-cache
      content-length:
      - '2009'
      content-type:
      - application/json; charset=utf-8
      date:
      - Fri, 03 Mar 2023 15:42:38 GMT
      expires:
      - '-1'
      pragma:
      - no-cache
      server:
      - Microsoft-IIS/10.0
      strict-transport-security:
      - max-age=31536000; includeSubDomains
      x-content-type-options:
      - nosniff
      x-ms-async-operation-timeout:
      - PT15M
      x-ms-ratelimit-remaining-subscription-resource-requests:
      - '499'
      x-powered-by:
      - ASP.NET
    status:
      code: 201
      message: Created
- request:
    body: null
    headers:
      Accept:
      - '*/*'
      Accept-Encoding:
      - gzip, deflate
      CommandName:
      - containerapp compose create
      Connection:
      - keep-alive
      ParameterSetName:
      - --compose-file-path --resource-group --environment
      User-Agent:
      - python/3.10.10 (Windows-10-10.0.22621-SP0) AZURECLI/2.43.0
    method: GET
    uri: https://management.azure.com/subscriptions/00000000-0000-0000-0000-000000000000/resourceGroups/cli_test_containerapp_preview000001/providers/Microsoft.App/containerApps/foo?api-version=2022-06-01-preview
  response:
    body:
      string: '{"id":"/subscriptions/00000000-0000-0000-0000-000000000000/resourceGroups/cli_test_containerapp_preview000001/providers/Microsoft.App/containerapps/foo","name":"foo","type":"Microsoft.App/containerApps","location":"East
        US","systemData":{"createdBy":"xinyupang@microsoft.com","createdByType":"User","createdAt":"2023-03-03T15:42:35.1593156","lastModifiedBy":"xinyupang@microsoft.com","lastModifiedByType":"User","lastModifiedAt":"2023-03-03T15:42:35.1593156"},"properties":{"provisioningState":"InProgress","managedEnvironmentId":"/subscriptions/00000000-0000-0000-0000-000000000000/resourceGroups/cli_test_containerapp_preview000001/providers/Microsoft.App/managedEnvironments/containerapp-compose000002","environmentId":"/subscriptions/00000000-0000-0000-0000-000000000000/resourceGroups/cli_test_containerapp_preview000001/providers/Microsoft.App/managedEnvironments/containerapp-compose000002","workloadProfileType":null,"outboundIpAddresses":["40.76.164.16"],"latestRevisionName":"foo--wytfk3x","latestRevisionFqdn":"foo--wytfk3x.internal.orangeplant-a067e05f.eastus.azurecontainerapps.io","customDomainVerificationId":"D3F71C85EB6552E36A89A3E4A080C3CFB00181670B659B0003264FC673AA9B00","configuration":{"secrets":null,"activeRevisionsMode":"Single","ingress":{"fqdn":"foo.internal.orangeplant-a067e05f.eastus.azurecontainerapps.io","external":false,"targetPort":3000,"exposedPort":0,"transport":"Auto","traffic":[{"weight":100,"latestRevision":true}],"customDomains":null,"allowInsecure":false,"ipSecurityRestrictions":null},"registries":null,"dapr":null,"maxInactiveRevisions":null},"template":{"revisionSuffix":"","containers":[{"image":"mcr.microsoft.com/azuredocs/aks-helloworld:v1","name":"foo","resources":{"cpu":0.5,"memory":"1Gi","ephemeralStorage":"2Gi"}}],"initContainers":null,"scale":{"minReplicas":null,"maxReplicas":10,"rules":null},"volumes":null},"eventStreamEndpoint":"https://eastus.azurecontainerapps.dev/subscriptions/00000000-0000-0000-0000-000000000000/resourceGroups/cli_test_containerapp_preview000001/containerApps/foo/eventstream"},"identity":{"type":"None"}}'
    headers:
      api-supported-versions:
      - 2022-01-01-preview, 2022-03-01, 2022-06-01-preview, 2022-10-01, 2022-11-01-preview,
        2023-02-01
      cache-control:
      - no-cache
      content-length:
      - '2090'
      content-type:
      - application/json; charset=utf-8
      date:
      - Fri, 03 Mar 2023 15:42:40 GMT
      expires:
      - '-1'
      pragma:
      - no-cache
      server:
      - Microsoft-IIS/10.0
      strict-transport-security:
      - max-age=31536000; includeSubDomains
      transfer-encoding:
      - chunked
      vary:
      - Accept-Encoding,Accept-Encoding
      x-content-type-options:
      - nosniff
      x-powered-by:
      - ASP.NET
    status:
      code: 200
      message: OK
- request:
    body: null
    headers:
      Accept:
      - '*/*'
      Accept-Encoding:
      - gzip, deflate
      CommandName:
      - containerapp compose create
      Connection:
      - keep-alive
      ParameterSetName:
      - --compose-file-path --resource-group --environment
      User-Agent:
      - python/3.10.10 (Windows-10-10.0.22621-SP0) AZURECLI/2.43.0
    method: GET
    uri: https://management.azure.com/subscriptions/00000000-0000-0000-0000-000000000000/resourceGroups/cli_test_containerapp_preview000001/providers/Microsoft.App/containerApps/foo?api-version=2022-06-01-preview
  response:
    body:
      string: '{"id":"/subscriptions/00000000-0000-0000-0000-000000000000/resourceGroups/cli_test_containerapp_preview000001/providers/Microsoft.App/containerapps/foo","name":"foo","type":"Microsoft.App/containerApps","location":"East
        US","systemData":{"createdBy":"xinyupang@microsoft.com","createdByType":"User","createdAt":"2023-03-03T15:42:35.1593156","lastModifiedBy":"xinyupang@microsoft.com","lastModifiedByType":"User","lastModifiedAt":"2023-03-03T15:42:35.1593156"},"properties":{"provisioningState":"InProgress","managedEnvironmentId":"/subscriptions/00000000-0000-0000-0000-000000000000/resourceGroups/cli_test_containerapp_preview000001/providers/Microsoft.App/managedEnvironments/containerapp-compose000002","environmentId":"/subscriptions/00000000-0000-0000-0000-000000000000/resourceGroups/cli_test_containerapp_preview000001/providers/Microsoft.App/managedEnvironments/containerapp-compose000002","workloadProfileType":null,"outboundIpAddresses":["40.76.164.16"],"latestRevisionName":"foo--wytfk3x","latestRevisionFqdn":"foo--wytfk3x.internal.orangeplant-a067e05f.eastus.azurecontainerapps.io","customDomainVerificationId":"D3F71C85EB6552E36A89A3E4A080C3CFB00181670B659B0003264FC673AA9B00","configuration":{"secrets":null,"activeRevisionsMode":"Single","ingress":{"fqdn":"foo.internal.orangeplant-a067e05f.eastus.azurecontainerapps.io","external":false,"targetPort":3000,"exposedPort":0,"transport":"Auto","traffic":[{"weight":100,"latestRevision":true}],"customDomains":null,"allowInsecure":false,"ipSecurityRestrictions":null},"registries":null,"dapr":null,"maxInactiveRevisions":null},"template":{"revisionSuffix":"","containers":[{"image":"mcr.microsoft.com/azuredocs/aks-helloworld:v1","name":"foo","resources":{"cpu":0.5,"memory":"1Gi","ephemeralStorage":"2Gi"}}],"initContainers":null,"scale":{"minReplicas":null,"maxReplicas":10,"rules":null},"volumes":null},"eventStreamEndpoint":"https://eastus.azurecontainerapps.dev/subscriptions/00000000-0000-0000-0000-000000000000/resourceGroups/cli_test_containerapp_preview000001/containerApps/foo/eventstream"},"identity":{"type":"None"}}'
    headers:
      api-supported-versions:
      - 2022-01-01-preview, 2022-03-01, 2022-06-01-preview, 2022-10-01, 2022-11-01-preview,
        2023-02-01
      cache-control:
      - no-cache
      content-length:
      - '2090'
      content-type:
      - application/json; charset=utf-8
      date:
      - Fri, 03 Mar 2023 15:42:45 GMT
      expires:
      - '-1'
      pragma:
      - no-cache
      server:
      - Microsoft-IIS/10.0
      strict-transport-security:
      - max-age=31536000; includeSubDomains
      transfer-encoding:
      - chunked
      vary:
      - Accept-Encoding,Accept-Encoding
      x-content-type-options:
      - nosniff
      x-powered-by:
      - ASP.NET
    status:
      code: 200
      message: OK
- request:
    body: null
    headers:
      Accept:
      - '*/*'
      Accept-Encoding:
      - gzip, deflate
      CommandName:
      - containerapp compose create
      Connection:
      - keep-alive
      ParameterSetName:
      - --compose-file-path --resource-group --environment
      User-Agent:
      - python/3.10.10 (Windows-10-10.0.22621-SP0) AZURECLI/2.43.0
    method: GET
    uri: https://management.azure.com/subscriptions/00000000-0000-0000-0000-000000000000/resourceGroups/cli_test_containerapp_preview000001/providers/Microsoft.App/containerApps/foo?api-version=2022-06-01-preview
  response:
    body:
      string: '{"id":"/subscriptions/00000000-0000-0000-0000-000000000000/resourceGroups/cli_test_containerapp_preview000001/providers/Microsoft.App/containerapps/foo","name":"foo","type":"Microsoft.App/containerApps","location":"East
        US","systemData":{"createdBy":"xinyupang@microsoft.com","createdByType":"User","createdAt":"2023-03-03T15:42:35.1593156","lastModifiedBy":"xinyupang@microsoft.com","lastModifiedByType":"User","lastModifiedAt":"2023-03-03T15:42:35.1593156"},"properties":{"provisioningState":"Succeeded","managedEnvironmentId":"/subscriptions/00000000-0000-0000-0000-000000000000/resourceGroups/cli_test_containerapp_preview000001/providers/Microsoft.App/managedEnvironments/containerapp-compose000002","environmentId":"/subscriptions/00000000-0000-0000-0000-000000000000/resourceGroups/cli_test_containerapp_preview000001/providers/Microsoft.App/managedEnvironments/containerapp-compose000002","workloadProfileType":null,"outboundIpAddresses":["40.76.164.16"],"latestRevisionName":"foo--wytfk3x","latestRevisionFqdn":"foo--wytfk3x.internal.orangeplant-a067e05f.eastus.azurecontainerapps.io","customDomainVerificationId":"D3F71C85EB6552E36A89A3E4A080C3CFB00181670B659B0003264FC673AA9B00","configuration":{"secrets":null,"activeRevisionsMode":"Single","ingress":{"fqdn":"foo.internal.orangeplant-a067e05f.eastus.azurecontainerapps.io","external":false,"targetPort":3000,"exposedPort":0,"transport":"Auto","traffic":[{"weight":100,"latestRevision":true}],"customDomains":null,"allowInsecure":false,"ipSecurityRestrictions":null},"registries":null,"dapr":null,"maxInactiveRevisions":null},"template":{"revisionSuffix":"","containers":[{"image":"mcr.microsoft.com/azuredocs/aks-helloworld:v1","name":"foo","resources":{"cpu":0.5,"memory":"1Gi","ephemeralStorage":"2Gi"}}],"initContainers":null,"scale":{"minReplicas":null,"maxReplicas":10,"rules":null},"volumes":null},"eventStreamEndpoint":"https://eastus.azurecontainerapps.dev/subscriptions/00000000-0000-0000-0000-000000000000/resourceGroups/cli_test_containerapp_preview000001/containerApps/foo/eventstream"},"identity":{"type":"None"}}'
    headers:
      api-supported-versions:
      - 2022-01-01-preview, 2022-03-01, 2022-06-01-preview, 2022-10-01, 2022-11-01-preview,
        2023-02-01
      cache-control:
      - no-cache
      content-length:
      - '2089'
      content-type:
      - application/json; charset=utf-8
      date:
      - Fri, 03 Mar 2023 15:42:48 GMT
      expires:
      - '-1'
      pragma:
      - no-cache
      server:
      - Microsoft-IIS/10.0
      strict-transport-security:
      - max-age=31536000; includeSubDomains
      transfer-encoding:
      - chunked
      vary:
      - Accept-Encoding,Accept-Encoding
      x-content-type-options:
      - nosniff
      x-powered-by:
      - ASP.NET
    status:
      code: 200
      message: OK
version: 1
