interactions:
- request:
    body: null
    headers:
      Accept:
      - application/json
      Accept-Encoding:
      - gzip, deflate
      CommandName:
      - containerapp env show
      Connection:
      - keep-alive
      ParameterSetName:
      - -g -n
      User-Agent:
      - AZURECLI/2.59.0 azsdk-python-core/1.28.0 Python/3.10.11 (Windows-10-10.0.22631-SP0)
    method: GET
    uri: https://management.azure.com/subscriptions/00000000-0000-0000-0000-000000000000/providers/Microsoft.App?api-version=2022-09-01
  response:
    body:
      string: '{"id":"/subscriptions/00000000-0000-0000-0000-000000000000/providers/Microsoft.App","namespace":"Microsoft.App","authorizations":[{"applicationId":"7e3bc4fd-85a3-4192-b177-5b8bfc87f42c","roleDefinitionId":"39a74f72-b40f-4bdc-b639-562fe2260bf0"},{"applicationId":"3734c1a4-2bed-4998-a37a-ff1a9e7bf019","roleDefinitionId":"5c779a4f-5cb2-4547-8c41-478d9be8ba90"},{"applicationId":"55ebbb62-3b9c-49fd-9b87-9595226dd4ac","roleDefinitionId":"e49ca620-7992-4561-a7df-4ed67dad77b5","managedByRoleDefinitionId":"9e3af657-a8ff-583c-a75c-2fe7c4bcb635"},{"applicationId":"1459b1f6-7a5b-4300-93a2-44b4a651759f","roleDefinitionId":"3c5f1b29-9e3d-4a22-b5d6-9ff4e5a37974"}],"resourceTypes":[{"resourceType":"operations","locations":["North
        Central US (Stage)","Central US EUAP","East US 2 EUAP","West US 2","Southeast
        Asia","Sweden Central","Canada Central","West Europe","North Europe","East
        US","East US 2","East Asia","Australia East","Germany West Central","Japan
        East","UK South","West US","Central US","North Central US","South Central
        US","Korea Central","Brazil South","West US 3","France Central","South Africa
        North","Norway East","Switzerland North","UAE North","Canada East","West Central
        US","UK West","Central India"],"apiVersions":["2024-02-02-preview","2023-11-02-preview","2023-08-01-preview","2023-05-02-preview","2023-05-01","2023-04-01-preview","2023-02-01","2022-11-01-preview","2022-10-01","2022-06-01-preview","2022-03-01"],"defaultApiVersion":"2023-11-02-preview","capabilities":"None"},{"resourceType":"managedEnvironments","locations":["Central
        US EUAP","East US 2 EUAP","North Central US (Stage)","West US 2","Southeast
        Asia","Sweden Central","Canada Central","West Europe","North Europe","East
        US","East US 2","East Asia","Australia East","Germany West Central","Japan
        East","UK South","West US","Central US","North Central US","South Central
        US","Korea Central","Brazil South","West US 3","France Central","South Africa
        North","Norway East","Switzerland North","UAE North","Canada East","West Central
        US","UK West","Central India","Switzerland West"],"apiVersions":["2024-03-01","2024-02-02-preview","2023-11-02-preview","2023-08-01-preview","2023-05-02-preview","2023-05-01","2023-04-01-preview","2022-11-01-preview","2022-10-01","2022-06-01-preview","2022-03-01"],"defaultApiVersion":"2023-05-01","capabilities":"CrossResourceGroupResourceMove,
        CrossSubscriptionResourceMove, SystemAssignedResourceIdentity, SupportsTags,
        SupportsLocation"},{"resourceType":"managedEnvironments/certificates","locations":["Central
        US EUAP","East US 2 EUAP","North Central US (Stage)","West US 2","Southeast
        Asia","Sweden Central","Canada Central","West Europe","North Europe","East
        US","East US 2","East Asia","Australia East","Germany West Central","Japan
        East","UK South","West US","Central US","North Central US","South Central
        US","Korea Central","Brazil South","West US 3","France Central","South Africa
        North","Norway East","Switzerland North","UAE North","Canada East","West Central
        US","UK West","Central India","Switzerland West"],"apiVersions":["2024-03-01","2024-02-02-preview","2023-11-02-preview","2023-08-01-preview","2023-05-02-preview","2023-05-01","2023-04-01-preview","2022-11-01-preview","2022-10-01","2022-06-01-preview","2022-03-01"],"defaultApiVersion":"2023-05-01","capabilities":"CrossResourceGroupResourceMove,
        CrossSubscriptionResourceMove, SupportsTags, SupportsLocation"},{"resourceType":"managedEnvironments/managedCertificates","locations":["Central
        US EUAP","East US 2 EUAP","North Central US (Stage)","West US 2","Southeast
        Asia","Sweden Central","Canada Central","West Europe","North Europe","East
        US","East US 2","East Asia","Australia East","Germany West Central","Japan
        East","UK South","West US","Central US","North Central US","South Central
        US","Korea Central","Brazil South","West US 3","France Central","South Africa
        North","Norway East","Switzerland North","UAE North","Canada East","West Central
        US","UK West","Central India","Switzerland West"],"apiVersions":["2024-03-01","2024-02-02-preview","2023-11-02-preview","2023-08-01-preview","2023-05-02-preview","2023-05-01","2023-04-01-preview","2022-11-01-preview"],"defaultApiVersion":"2023-05-01","capabilities":"CrossResourceGroupResourceMove,
        CrossSubscriptionResourceMove, SupportsTags, SupportsLocation"},{"resourceType":"containerApps","locations":["Central
        US EUAP","East US 2 EUAP","North Central US (Stage)","West US 2","Southeast
        Asia","Sweden Central","Canada Central","West Europe","North Europe","East
        US","East US 2","East Asia","Australia East","Germany West Central","Japan
        East","UK South","West US","Central US","North Central US","South Central
        US","Korea Central","Brazil South","West US 3","France Central","South Africa
        North","Norway East","Switzerland North","UAE North","Canada East","West Central
        US","UK West","Central India","Switzerland West"],"apiVersions":["2024-03-01","2024-02-02-preview","2023-11-02-preview","2023-08-01-preview","2023-05-02-preview","2023-05-01","2023-04-01-preview","2022-11-01-preview","2022-10-01","2022-06-01-preview","2022-03-01"],"defaultApiVersion":"2023-05-01","capabilities":"CrossResourceGroupResourceMove,
        CrossSubscriptionResourceMove, SystemAssignedResourceIdentity, SupportsTags,
        SupportsLocation"},{"resourceType":"containerApps/privateEndpointConnectionProxies","locations":["Central
        US EUAP","East US 2 EUAP","North Central US (Stage)","West US 2","Southeast
        Asia","Sweden Central","Canada Central","West Europe","North Europe","East
        US","East US 2","East Asia","Australia East","Germany West Central","Japan
        East","UK South","West US","Central US","North Central US","South Central
        US","Korea Central","Brazil South","West US 3","France Central","South Africa
        North","Norway East","Switzerland North","UAE North","Canada East","West Central
        US","UK West","Central India","Switzerland West"],"apiVersions":["2024-02-02-preview","2023-11-02-preview"],"defaultApiVersion":"2023-11-02-preview","capabilities":"None"},{"resourceType":"managedEnvironments/privateEndpointConnectionProxies","locations":["Central
        US EUAP","East US 2 EUAP","North Central US (Stage)","West US 2","Southeast
        Asia","Sweden Central","Canada Central","West Europe","North Europe","East
        US","East US 2","East Asia","Australia East","Germany West Central","Japan
        East","UK South","West US","Central US","North Central US","South Central
        US","Korea Central","Brazil South","West US 3","France Central","South Africa
        North","Norway East","Switzerland North","UAE North","Canada East","West Central
        US","UK West","Central India","Switzerland West"],"apiVersions":["2024-02-02-preview","2023-11-02-preview"],"defaultApiVersion":"2023-11-02-preview","capabilities":"None"},{"resourceType":"sessionPools","locations":["Central
        US EUAP","East US 2 EUAP","North Central US (Stage)","West US 2","Southeast
        Asia","Sweden Central","Canada Central","West Europe","North Europe","East
        US","East US 2","East Asia","Australia East","Germany West Central","Japan
        East","UK South","West US","Central US","North Central US","South Central
        US","Korea Central","Brazil South","West US 3","France Central","South Africa
        North","Norway East","Switzerland North","UAE North","Canada East","West Central
        US","UK West","Central India","Switzerland West"],"apiVersions":["2024-02-02-preview","2023-11-02-preview","2023-08-01-preview"],"defaultApiVersion":"2023-08-01-preview","capabilities":"CrossResourceGroupResourceMove,
        CrossSubscriptionResourceMove, SystemAssignedResourceIdentity, SupportsTags,
        SupportsLocation"},{"resourceType":"jobs","locations":["Central US EUAP","East
        US 2 EUAP","North Central US (Stage)","West US 2","Southeast Asia","Sweden
        Central","Canada Central","West Europe","North Europe","East US","East US
        2","East Asia","Australia East","Germany West Central","Japan East","UK South","West
        US","Central US","North Central US","South Central US","Korea Central","Brazil
        South","West US 3","France Central","South Africa North","Norway East","Switzerland
        North","UAE North","Canada East","West Central US","UK West","Central India","Switzerland
        West"],"apiVersions":["2024-03-01","2024-02-02-preview","2023-11-02-preview","2023-08-01-preview","2023-05-02-preview","2023-05-01","2023-04-01-preview","2022-11-01-preview"],"defaultApiVersion":"2023-05-01","capabilities":"CrossResourceGroupResourceMove,
        CrossSubscriptionResourceMove, SystemAssignedResourceIdentity, SupportsTags,
        SupportsLocation"},{"resourceType":"locations","locations":[],"apiVersions":["2024-03-01","2024-02-02-preview","2023-11-02-preview","2023-08-01-preview","2023-05-02-preview","2023-05-01","2023-04-01-preview","2022-11-01-preview","2022-10-01","2022-06-01-preview","2022-03-01"],"defaultApiVersion":"2023-05-01","capabilities":"None"},{"resourceType":"locations/managedEnvironmentOperationResults","locations":["Central
        US EUAP","East US 2 EUAP","North Central US (Stage)","West US 2","Southeast
        Asia","Sweden Central","Canada Central","West Europe","North Europe","East
        US","East US 2","East Asia","Australia East","Germany West Central","Japan
        East","UK South","West US","Central US","North Central US","South Central
        US","Korea Central","Brazil South","West US 3","France Central","South Africa
        North","Norway East","Switzerland North","UAE North","Canada East","West Central
        US","UK West","Central India","Switzerland West"],"apiVersions":["2024-03-01","2024-02-02-preview","2023-11-02-preview","2023-08-01-preview","2023-05-02-preview","2023-05-01","2023-04-01-preview","2022-11-01-preview","2022-10-01","2022-06-01-preview","2022-03-01"],"defaultApiVersion":"2023-05-01","capabilities":"None"},{"resourceType":"locations/managedEnvironmentOperationStatuses","locations":["Central
        US EUAP","East US 2 EUAP","North Central US (Stage)","West US 2","Southeast
        Asia","Sweden Central","Canada Central","West Europe","North Europe","East
        US","East US 2","East Asia","Australia East","Germany West Central","Japan
        East","UK South","West US","Central US","North Central US","South Central
        US","Korea Central","Brazil South","West US 3","France Central","South Africa
        North","Norway East","Switzerland North","UAE North","Canada East","West Central
        US","UK West","Central India","Switzerland West"],"apiVersions":["2024-03-01","2024-02-02-preview","2023-11-02-preview","2023-08-01-preview","2023-05-02-preview","2023-05-01","2023-04-01-preview","2022-11-01-preview","2022-10-01","2022-06-01-preview","2022-03-01"],"defaultApiVersion":"2023-05-01","capabilities":"None"},{"resourceType":"locations/containerappOperationResults","locations":["Central
        US EUAP","East US 2 EUAP","North Central US (Stage)","West US 2","Southeast
        Asia","Sweden Central","Canada Central","West Europe","North Europe","East
        US","East US 2","East Asia","Australia East","Germany West Central","Japan
        East","UK South","West US","Central US","North Central US","South Central
        US","Korea Central","Brazil South","West US 3","France Central","South Africa
        North","Norway East","Switzerland North","UAE North","Canada East","West Central
        US","UK West","Central India","Switzerland West"],"apiVersions":["2024-03-01","2024-02-02-preview","2023-11-02-preview","2023-08-01-preview","2023-05-02-preview","2023-05-01","2023-04-01-preview","2022-11-01-preview","2022-10-01","2022-06-01-preview","2022-03-01"],"defaultApiVersion":"2023-05-01","capabilities":"None"},{"resourceType":"locations/containerappOperationStatuses","locations":["Central
        US EUAP","East US 2 EUAP","North Central US (Stage)","West US 2","Southeast
        Asia","Sweden Central","Canada Central","West Europe","North Europe","East
        US","East US 2","East Asia","Australia East","Germany West Central","Japan
        East","UK South","West US","Central US","North Central US","South Central
        US","Korea Central","Brazil South","West US 3","France Central","South Africa
        North","Norway East","Switzerland North","UAE North","Canada East","West Central
        US","UK West","Central India","Switzerland West"],"apiVersions":["2024-03-01","2024-02-02-preview","2023-11-02-preview","2023-08-01-preview","2023-05-02-preview","2023-05-01","2023-04-01-preview","2022-11-01-preview","2022-10-01","2022-06-01-preview","2022-03-01"],"defaultApiVersion":"2023-05-01","capabilities":"None"},{"resourceType":"locations/containerappsjobOperationResults","locations":["Central
        US EUAP","East US 2 EUAP","North Central US (Stage)","West US 2","Southeast
        Asia","Sweden Central","Canada Central","West Europe","North Europe","East
        US","East US 2","East Asia","Australia East","Germany West Central","Japan
        East","UK South","West US","Central US","North Central US","South Central
        US","Korea Central","Brazil South","West US 3","France Central","South Africa
        North","Norway East","Switzerland North","UAE North","Canada East","West Central
        US","UK West","Central India","Switzerland West"],"apiVersions":["2024-03-01","2024-02-02-preview","2023-11-02-preview","2023-08-01-preview","2023-05-02-preview","2023-05-01","2023-04-01-preview","2022-11-01-preview"],"defaultApiVersion":"2023-05-01","capabilities":"None"},{"resourceType":"locations/containerappsjobOperationStatuses","locations":["Central
        US EUAP","East US 2 EUAP","North Central US (Stage)","West US 2","Southeast
        Asia","Sweden Central","Canada Central","West Europe","North Europe","East
        US","East US 2","East Asia","Australia East","Germany West Central","Japan
        East","UK South","West US","Central US","North Central US","South Central
        US","Korea Central","Brazil South","West US 3","France Central","South Africa
        North","Norway East","Switzerland North","UAE North","Canada East","West Central
        US","UK West","Central India","Switzerland West"],"apiVersions":["2024-03-01","2024-02-02-preview","2023-11-02-preview","2023-08-01-preview","2023-05-02-preview","2023-05-01","2023-04-01-preview","2022-11-01-preview"],"defaultApiVersion":"2023-05-01","capabilities":"None"},{"resourceType":"locations/sourceControlOperationResults","locations":["Central
        US EUAP","East US 2 EUAP","North Central US (Stage)","West US 2","Southeast
        Asia","Sweden Central","Canada Central","West Europe","North Europe","East
        US","East US 2","East Asia","Australia East","Germany West Central","Japan
        East","UK South","West US","Central US","North Central US","South Central
        US","Korea Central","Brazil South","West US 3","France Central","South Africa
        North","Norway East","Switzerland North","UAE North","Canada East","West Central
        US","UK West","Central India","Switzerland West"],"apiVersions":["2024-03-01","2024-02-02-preview","2023-11-02-preview","2023-08-01-preview","2023-05-02-preview","2023-05-01","2023-04-01-preview","2022-11-01-preview","2022-10-01","2022-06-01-preview","2022-03-01"],"defaultApiVersion":"2023-05-01","capabilities":"None"},{"resourceType":"locations/sourceControlOperationStatuses","locations":["Central
        US EUAP","East US 2 EUAP","North Central US (Stage)","West US 2","Southeast
        Asia","Sweden Central","Canada Central","West Europe","North Europe","East
        US","East US 2","East Asia","Australia East","Germany West Central","Japan
        East","UK South","West US","Central US","North Central US","South Central
        US","Korea Central","Brazil South","West US 3","France Central","South Africa
        North","Norway East","Switzerland North","UAE North","Canada East","West Central
        US","UK West","Central India","Switzerland West"],"apiVersions":["2024-03-01","2024-02-02-preview","2023-11-02-preview","2023-08-01-preview","2023-05-02-preview","2023-05-01","2023-04-01-preview","2022-11-01-preview","2022-10-01","2022-06-01-preview","2022-03-01"],"defaultApiVersion":"2023-05-01","capabilities":"None"},{"resourceType":"locations/usages","locations":["Central
        US EUAP","East US 2 EUAP","North Central US (Stage)","West US 2","Southeast
        Asia","Sweden Central","Canada Central","West Europe","North Europe","East
        US","East US 2","East Asia","Australia East","Germany West Central","Japan
        East","UK South","West US","Central US","North Central US","South Central
        US","Korea Central","Brazil South","West US 3","France Central","South Africa
        North","Norway East","Switzerland North","UAE North","Canada East","West Central
        US","UK West","Central India","Switzerland West"],"apiVersions":["2024-03-01","2024-02-02-preview","2023-11-02-preview","2023-08-01-preview","2023-05-02-preview"],"defaultApiVersion":"2023-05-02-preview","capabilities":"None"},{"resourceType":"connectedEnvironments","locations":["Central
        US EUAP","East US 2 EUAP","North Central US (Stage)","North Central US","East
        US","East Asia","West Europe","Southeast Asia"],"apiVersions":["2024-03-01","2024-02-02-preview","2023-11-02-preview","2023-08-01-preview","2023-05-02-preview","2023-05-01","2023-04-01-preview","2022-11-01-preview","2022-10-01","2022-06-01-preview"],"defaultApiVersion":"2023-05-01","capabilities":"CrossResourceGroupResourceMove,
        CrossSubscriptionResourceMove, SupportsTags, SupportsLocation"},{"resourceType":"connectedEnvironments/certificates","locations":["Central
        US EUAP","East US 2 EUAP","North Central US (Stage)","North Central US","East
        US","East Asia","West Europe","Southeast Asia"],"apiVersions":["2024-03-01","2024-02-02-preview","2023-11-02-preview","2023-08-01-preview","2023-05-02-preview","2023-05-01","2023-04-01-preview","2022-11-01-preview","2022-10-01","2022-06-01-preview"],"defaultApiVersion":"2023-05-01","capabilities":"CrossResourceGroupResourceMove,
        CrossSubscriptionResourceMove, SupportsTags, SupportsLocation"},{"resourceType":"locations/connectedEnvironmentOperationResults","locations":["Central
        US EUAP","East US 2 EUAP","North Central US (Stage)","North Central US","East
        US","East Asia","West Europe","Southeast Asia"],"apiVersions":["2024-03-01","2024-02-02-preview","2023-11-02-preview","2023-08-01-preview","2023-05-02-preview","2023-05-01","2023-04-01-preview","2022-11-01-preview","2022-10-01","2022-06-01-preview"],"defaultApiVersion":"2023-05-01","capabilities":"None"},{"resourceType":"locations/connectedEnvironmentOperationStatuses","locations":["Central
        US EUAP","East US 2 EUAP","North Central US (Stage)","North Central US","East
        US","East Asia","West Europe","Southeast Asia"],"apiVersions":["2024-03-01","2024-02-02-preview","2023-11-02-preview","2023-08-01-preview","2023-05-02-preview","2023-05-01","2023-04-01-preview","2022-11-01-preview","2022-10-01","2022-06-01-preview"],"defaultApiVersion":"2023-05-01","capabilities":"None"},{"resourceType":"locations/managedCertificateOperationStatuses","locations":["Central
        US EUAP","East US 2 EUAP","North Central US (Stage)","West US 2","Southeast
        Asia","Sweden Central","Canada Central","West Europe","North Europe","East
        US","East US 2","East Asia","Australia East","Germany West Central","Japan
        East","UK South","West US","Central US","North Central US","South Central
        US","Korea Central","Brazil South","West US 3","France Central","South Africa
        North","Norway East","Switzerland North","UAE North","Canada East","West Central
        US","UK West","Central India","Switzerland West"],"apiVersions":["2024-03-01","2024-02-02-preview","2023-11-02-preview","2023-08-01-preview","2023-05-02-preview","2023-05-01","2023-04-01-preview","2022-11-01-preview"],"defaultApiVersion":"2023-05-01","capabilities":"None"},{"resourceType":"locations/billingMeters","locations":["Central
        US EUAP","East US 2 EUAP","North Central US (Stage)","West US 2","Southeast
        Asia","Sweden Central","Canada Central","West Europe","North Europe","East
        US","East US 2","East Asia","Australia East","Germany West Central","Japan
        East","UK South","West US","Central US","North Central US","South Central
        US","Korea Central","Brazil South","West US 3","France Central","South Africa
        North","Norway East","Switzerland North","UAE North","Canada East","West Central
        US","UK West","Central India","Switzerland West"],"apiVersions":["2024-03-01","2024-02-02-preview","2023-11-02-preview","2023-08-01-preview","2023-05-02-preview","2023-05-01","2023-04-01-preview","2022-11-01-preview","2022-10-01","2022-06-01-preview"],"defaultApiVersion":"2023-05-01","capabilities":"None"},{"resourceType":"locations/availableManagedEnvironmentsWorkloadProfileTypes","locations":["Central
        US EUAP","East US 2 EUAP","North Central US (Stage)","West US 2","Southeast
        Asia","Sweden Central","Canada Central","West Europe","North Europe","East
        US","East US 2","East Asia","Australia East","Germany West Central","Japan
        East","UK South","West US","Central US","North Central US","South Central
        US","Korea Central","Brazil South","West US 3","France Central","South Africa
        North","Norway East","Switzerland North","UAE North","Canada East","West Central
        US","UK West","Central India","Switzerland West"],"apiVersions":["2024-03-01","2024-02-02-preview","2023-11-02-preview","2023-08-01-preview","2023-05-02-preview","2023-05-01","2023-04-01-preview","2022-11-01-preview","2022-10-01","2022-06-01-preview"],"defaultApiVersion":"2023-05-01","capabilities":"None"},{"resourceType":"getCustomDomainVerificationId","locations":["Central
        US EUAP","East US 2 EUAP","North Central US (Stage)","West US 2","Southeast
        Asia","Sweden Central","Canada Central","West Europe","North Europe","East
        US","East US 2","East Asia","Australia East","Germany West Central","Japan
        East","UK South","West US","Central US","North Central US","South Central
        US","Korea Central","Brazil South","West US 3","France Central","South Africa
        North","Norway East","Switzerland North","UAE North","Canada East","West Central
        US","UK West","Central India","Italy North","Poland Central","Switzerland
        West"],"apiVersions":["2024-03-01","2024-02-02-preview","2023-11-02-preview","2023-08-01-preview","2023-05-02-preview"],"defaultApiVersion":"2023-05-02-preview","capabilities":"None"},{"resourceType":"builders","locations":["Central
        US EUAP","East US 2 EUAP","North Central US (Stage)","West US 2","Southeast
        Asia","Sweden Central","Canada Central","West Europe","North Europe","East
        US","East US 2","East Asia","Australia East","Germany West Central","Japan
        East","UK South","West US","Central US","North Central US","South Central
        US","Korea Central","Brazil South","West US 3","France Central","South Africa
        North","Norway East","Switzerland North","UAE North","Canada East","West Central
        US","UK West","Central India","Switzerland West"],"apiVersions":["2024-02-02-preview","2023-11-02-preview","2023-08-01-preview"],"defaultApiVersion":"2023-08-01-preview","capabilities":"CrossResourceGroupResourceMove,
        CrossSubscriptionResourceMove, SystemAssignedResourceIdentity, SupportsTags,
        SupportsLocation"},{"resourceType":"builders/builds","locations":["Central
        US EUAP","East US 2 EUAP","North Central US (Stage)","West US 2","Southeast
        Asia","Sweden Central","Canada Central","West Europe","North Europe","East
        US","East US 2","East Asia","Australia East","Germany West Central","Japan
        East","UK South","West US","Central US","North Central US","South Central
        US","Korea Central","Brazil South","West US 3","France Central","South Africa
        North","Norway East","Switzerland North","UAE North","Canada East","West Central
        US","UK West","Central India","Switzerland West"],"apiVersions":["2024-02-02-preview","2023-11-02-preview","2023-08-01-preview"],"defaultApiVersion":"2023-08-01-preview","capabilities":"None"},{"resourceType":"builders/patches","locations":["North
        Central US (Stage)","Central US EUAP","East US 2 EUAP","West US 2","Southeast
        Asia","Sweden Central","Canada Central","West Europe","North Europe","East
        US","East US 2","East Asia","Australia East","Germany West Central","Japan
        East","UK South","West US","Central US","North Central US","South Central
        US","Korea Central","Brazil South","West US 3","France Central","South Africa
        North","Norway East","Switzerland North","UAE North","Canada East","West Central
        US","UK West","Central India","Switzerland West"],"apiVersions":["2024-02-02-preview","2023-11-02-preview","2023-08-01-preview"],"defaultApiVersion":"2023-08-01-preview","capabilities":"None"},{"resourceType":"locations/OperationResults","locations":["Central
        US EUAP","East US 2 EUAP","North Central US (Stage)","West US 2","Southeast
        Asia","Sweden Central","Canada Central","West Europe","North Europe","East
        US","East US 2","East Asia","Australia East","Germany West Central","Japan
        East","UK South","West US","Central US","North Central US","South Central
        US","Korea Central","Brazil South","West US 3","France Central","South Africa
        North","Norway East","Switzerland North","UAE North","Canada East","West Central
        US","UK West","Central India","Switzerland West"],"apiVersions":["2024-02-02-preview","2023-11-02-preview","2023-08-01-preview"],"defaultApiVersion":"2023-08-01-preview","capabilities":"None"},{"resourceType":"locations/OperationStatuses","locations":["Central
        US EUAP","East US 2 EUAP","North Central US (Stage)","West US 2","Southeast
        Asia","Sweden Central","Canada Central","West Europe","North Europe","East
        US","East US 2","East Asia","Australia East","Germany West Central","Japan
        East","UK South","West US","Central US","North Central US","South Central
        US","Korea Central","Brazil South","West US 3","France Central","South Africa
        North","Norway East","Switzerland North","UAE North","Canada East","West Central
        US","UK West","Central India","Switzerland West"],"apiVersions":["2024-02-02-preview","2023-11-02-preview","2023-08-01-preview"],"defaultApiVersion":"2023-08-01-preview","capabilities":"None"},{"resourceType":"managedEnvironments/dotNetComponents","locations":["Central
        US EUAP","East US 2 EUAP","North Central US (Stage)","West US 2","Southeast
        Asia","Sweden Central","Canada Central","West Europe","North Europe","East
        US","East US 2","East Asia","Australia East","Germany West Central","Japan
        East","UK South","West US","Central US","North Central US","South Central
        US","Korea Central","Brazil South","West US 3","France Central","South Africa
        North","Norway East","Switzerland North","UAE North","Canada East","West Central
        US","UK West","Central India","Switzerland West"],"apiVersions":["2024-02-02-preview","2023-11-02-preview"],"defaultApiVersion":"2023-11-02-preview","capabilities":"None"},{"resourceType":"managedEnvironments/javaComponents","locations":["Central
        US EUAP","East US 2 EUAP","North Central US (Stage)","West US 2","Southeast
        Asia","Sweden Central","Canada Central","West Europe","North Europe","East
        US","East US 2","East Asia","Australia East","Germany West Central","Japan
        East","UK South","West US","Central US","North Central US","South Central
        US","Korea Central","Brazil South","West US 3","France Central","South Africa
        North","Norway East","Switzerland North","UAE North","Canada East","West Central
        US","UK West","Central India","Switzerland West"],"apiVersions":["2024-02-02-preview","2023-11-02-preview"],"defaultApiVersion":"2023-11-02-preview","capabilities":"None"},{"resourceType":"managedEnvironments/daprComponents","locations":["Central
        US EUAP","East US 2 EUAP","North Central US (Stage)","West US 2","Southeast
        Asia","Sweden Central","Canada Central","West Europe","North Europe","East
        US","East US 2","East Asia","Australia East","Germany West Central","Japan
        East","UK South","West US","Central US","North Central US","South Central
        US","Korea Central","Brazil South","West US 3","France Central","South Africa
        North","Norway East","Switzerland North","UAE North","Canada East","West Central
        US","UK West","Central India","Switzerland West"],"apiVersions":["2024-03-01","2024-02-02-preview","2023-11-02-preview","2023-08-01-preview","2023-05-02-preview","2023-05-01","2023-04-01-preview","2022-11-01-preview","2022-10-01","2022-06-01-preview","2022-03-01"],"defaultApiVersion":"2023-05-01","capabilities":"None"},{"resourceType":"functions","locations":["North
        Central US (Stage)","Central US EUAP","West Central US"],"apiVersions":["2024-02-02-preview"],"capabilities":"SupportsExtension"}],"registrationState":"Registered","registrationPolicy":"RegistrationRequired"}'
    headers:
      cache-control:
      - no-cache
      content-length:
      - '27815'
      content-type:
      - application/json; charset=utf-8
      date:
      - Tue, 23 Apr 2024 03:44:18 GMT
      expires:
      - '-1'
      pragma:
      - no-cache
      strict-transport-security:
      - max-age=31536000; includeSubDomains
      x-cache:
      - CONFIG_NOCACHE
      x-content-type-options:
      - nosniff
      x-msedge-ref:
      - 'Ref A: B78E3679FF4D4273B9B04CEF8A586AFF Ref B: MAA201060515009 Ref C: 2024-04-23T03:44:18Z'
    status:
      code: 200
      message: OK
- request:
    body: null
    headers:
      Accept:
      - '*/*'
      Accept-Encoding:
      - gzip, deflate
      CommandName:
      - containerapp env show
      Connection:
      - keep-alive
      ParameterSetName:
      - -g -n
      User-Agent:
      - python/3.10.11 (Windows-10-10.0.22631-SP0) AZURECLI/2.59.0
    method: GET
    uri: https://management.azure.com/subscriptions/00000000-0000-0000-0000-000000000000/resourceGroups/client.env_rg_northcentralusstage/providers/Microsoft.App/managedEnvironments/env-northcentralusstage?api-version=2024-02-02-preview
  response:
    body:
      string: '{"id":"/subscriptions/00000000-0000-0000-0000-000000000000/resourceGroups/client.env_rg_northcentralusstage/providers/Microsoft.App/managedEnvironments/env-northcentralusstage","name":"env-northcentralusstage","type":"Microsoft.App/managedEnvironments","location":"North
        Central US (Stage)","systemData":{"createdBy":"xinyupang@microsoft.com","createdByType":"User","createdAt":"2024-01-15T03:34:09.162828","lastModifiedBy":"xinyupang@microsoft.com","lastModifiedByType":"User","lastModifiedAt":"2024-01-15T03:34:09.162828"},"properties":{"provisioningState":"Succeeded","daprAIInstrumentationKey":null,"daprAIConnectionString":null,"vnetConfiguration":null,"defaultDomain":"mangowater-e5cfe1d3.northcentralusstage.azurecontainerapps.io","staticIp":"52.154.232.229","appLogsConfiguration":{"destination":null,"logAnalyticsConfiguration":null},"openTelemetryConfiguration":null,"zoneRedundant":false,"kedaConfiguration":{"version":"2.12.1"},"daprConfiguration":{"version":"1.12.5"},"eventStreamEndpoint":"https://northcentralusstage.azurecontainerapps.dev/subscriptions/00000000-0000-0000-0000-000000000000/resourceGroups/client.env_rg_northcentralusstage/managedEnvironments/env-northcentralusstage/eventstream","customDomainConfiguration":{"customDomainVerificationId":"D3F71C85EB6552E36A89A3E4A080C3CFB00181670B659B0003264FC673AA9B00","dnsSuffix":null,"certificateKeyVaultProperties":null,"certificateValue":null,"certificatePassword":null,"thumbprint":null,"subjectName":null,"expirationDate":null},"workloadProfiles":[{"workloadProfileType":"Consumption","name":"Consumption"}],"appInsightsConfiguration":null,"infrastructureResourceGroup":null,"peerAuthentication":{"mtls":{"enabled":false}},"peerTrafficConfiguration":{"encryption":{"enabled":false}}}}'
    headers:
      api-supported-versions:
      - 2022-03-01, 2022-06-01-preview, 2022-10-01, 2022-11-01-preview, 2023-04-01-preview,
        2023-05-01, 2023-05-02-preview, 2023-08-01-preview, 2023-11-02-preview, 2024-02-02-preview,
        2024-03-01
      cache-control:
      - no-cache
      content-length:
      - '1758'
      content-type:
      - application/json; charset=utf-8
      date:
      - Tue, 23 Apr 2024 03:44:20 GMT
      expires:
      - '-1'
      pragma:
      - no-cache
      strict-transport-security:
      - max-age=31536000; includeSubDomains
      vary:
      - Accept-Encoding
      x-cache:
      - CONFIG_NOCACHE
      x-content-type-options:
      - nosniff
      x-msedge-ref:
      - 'Ref A: C0F3CFC27DA24EA382CD5BF788EA5D12 Ref B: MAA201060514051 Ref C: 2024-04-23T03:44:19Z'
      x-powered-by:
      - ASP.NET
    status:
      code: 200
      message: OK
- request:
    body: null
    headers:
      Accept:
      - application/json
      Accept-Encoding:
      - gzip, deflate
      CommandName:
      - containerapp create
      Connection:
      - keep-alive
      ParameterSetName:
      - -g -n --environment --repo --environment-type
      User-Agent:
      - AZURECLI/2.59.0 azsdk-python-core/1.28.0 Python/3.10.11 (Windows-10-10.0.22631-SP0)
    method: GET
    uri: https://management.azure.com/subscriptions/00000000-0000-0000-0000-000000000000/providers/Microsoft.App?api-version=2022-09-01
  response:
    body:
      string: '{"id":"/subscriptions/00000000-0000-0000-0000-000000000000/providers/Microsoft.App","namespace":"Microsoft.App","authorizations":[{"applicationId":"7e3bc4fd-85a3-4192-b177-5b8bfc87f42c","roleDefinitionId":"39a74f72-b40f-4bdc-b639-562fe2260bf0"},{"applicationId":"3734c1a4-2bed-4998-a37a-ff1a9e7bf019","roleDefinitionId":"5c779a4f-5cb2-4547-8c41-478d9be8ba90"},{"applicationId":"55ebbb62-3b9c-49fd-9b87-9595226dd4ac","roleDefinitionId":"e49ca620-7992-4561-a7df-4ed67dad77b5","managedByRoleDefinitionId":"9e3af657-a8ff-583c-a75c-2fe7c4bcb635"},{"applicationId":"1459b1f6-7a5b-4300-93a2-44b4a651759f","roleDefinitionId":"3c5f1b29-9e3d-4a22-b5d6-9ff4e5a37974"}],"resourceTypes":[{"resourceType":"operations","locations":["North
        Central US (Stage)","Central US EUAP","East US 2 EUAP","West US 2","Southeast
        Asia","Sweden Central","Canada Central","West Europe","North Europe","East
        US","East US 2","East Asia","Australia East","Germany West Central","Japan
        East","UK South","West US","Central US","North Central US","South Central
        US","Korea Central","Brazil South","West US 3","France Central","South Africa
        North","Norway East","Switzerland North","UAE North","Canada East","West Central
        US","UK West","Central India"],"apiVersions":["2024-02-02-preview","2023-11-02-preview","2023-08-01-preview","2023-05-02-preview","2023-05-01","2023-04-01-preview","2023-02-01","2022-11-01-preview","2022-10-01","2022-06-01-preview","2022-03-01"],"defaultApiVersion":"2023-11-02-preview","capabilities":"None"},{"resourceType":"managedEnvironments","locations":["Central
        US EUAP","East US 2 EUAP","North Central US (Stage)","West US 2","Southeast
        Asia","Sweden Central","Canada Central","West Europe","North Europe","East
        US","East US 2","East Asia","Australia East","Germany West Central","Japan
        East","UK South","West US","Central US","North Central US","South Central
        US","Korea Central","Brazil South","West US 3","France Central","South Africa
        North","Norway East","Switzerland North","UAE North","Canada East","West Central
        US","UK West","Central India","Switzerland West"],"apiVersions":["2024-03-01","2024-02-02-preview","2023-11-02-preview","2023-08-01-preview","2023-05-02-preview","2023-05-01","2023-04-01-preview","2022-11-01-preview","2022-10-01","2022-06-01-preview","2022-03-01"],"defaultApiVersion":"2023-05-01","capabilities":"CrossResourceGroupResourceMove,
        CrossSubscriptionResourceMove, SystemAssignedResourceIdentity, SupportsTags,
        SupportsLocation"},{"resourceType":"managedEnvironments/certificates","locations":["Central
        US EUAP","East US 2 EUAP","North Central US (Stage)","West US 2","Southeast
        Asia","Sweden Central","Canada Central","West Europe","North Europe","East
        US","East US 2","East Asia","Australia East","Germany West Central","Japan
        East","UK South","West US","Central US","North Central US","South Central
        US","Korea Central","Brazil South","West US 3","France Central","South Africa
        North","Norway East","Switzerland North","UAE North","Canada East","West Central
        US","UK West","Central India","Switzerland West"],"apiVersions":["2024-03-01","2024-02-02-preview","2023-11-02-preview","2023-08-01-preview","2023-05-02-preview","2023-05-01","2023-04-01-preview","2022-11-01-preview","2022-10-01","2022-06-01-preview","2022-03-01"],"defaultApiVersion":"2023-05-01","capabilities":"CrossResourceGroupResourceMove,
        CrossSubscriptionResourceMove, SupportsTags, SupportsLocation"},{"resourceType":"managedEnvironments/managedCertificates","locations":["Central
        US EUAP","East US 2 EUAP","North Central US (Stage)","West US 2","Southeast
        Asia","Sweden Central","Canada Central","West Europe","North Europe","East
        US","East US 2","East Asia","Australia East","Germany West Central","Japan
        East","UK South","West US","Central US","North Central US","South Central
        US","Korea Central","Brazil South","West US 3","France Central","South Africa
        North","Norway East","Switzerland North","UAE North","Canada East","West Central
        US","UK West","Central India","Switzerland West"],"apiVersions":["2024-03-01","2024-02-02-preview","2023-11-02-preview","2023-08-01-preview","2023-05-02-preview","2023-05-01","2023-04-01-preview","2022-11-01-preview"],"defaultApiVersion":"2023-05-01","capabilities":"CrossResourceGroupResourceMove,
        CrossSubscriptionResourceMove, SupportsTags, SupportsLocation"},{"resourceType":"containerApps","locations":["Central
        US EUAP","East US 2 EUAP","North Central US (Stage)","West US 2","Southeast
        Asia","Sweden Central","Canada Central","West Europe","North Europe","East
        US","East US 2","East Asia","Australia East","Germany West Central","Japan
        East","UK South","West US","Central US","North Central US","South Central
        US","Korea Central","Brazil South","West US 3","France Central","South Africa
        North","Norway East","Switzerland North","UAE North","Canada East","West Central
        US","UK West","Central India","Switzerland West"],"apiVersions":["2024-03-01","2024-02-02-preview","2023-11-02-preview","2023-08-01-preview","2023-05-02-preview","2023-05-01","2023-04-01-preview","2022-11-01-preview","2022-10-01","2022-06-01-preview","2022-03-01"],"defaultApiVersion":"2023-05-01","capabilities":"CrossResourceGroupResourceMove,
        CrossSubscriptionResourceMove, SystemAssignedResourceIdentity, SupportsTags,
        SupportsLocation"},{"resourceType":"containerApps/privateEndpointConnectionProxies","locations":["Central
        US EUAP","East US 2 EUAP","North Central US (Stage)","West US 2","Southeast
        Asia","Sweden Central","Canada Central","West Europe","North Europe","East
        US","East US 2","East Asia","Australia East","Germany West Central","Japan
        East","UK South","West US","Central US","North Central US","South Central
        US","Korea Central","Brazil South","West US 3","France Central","South Africa
        North","Norway East","Switzerland North","UAE North","Canada East","West Central
        US","UK West","Central India","Switzerland West"],"apiVersions":["2024-02-02-preview","2023-11-02-preview"],"defaultApiVersion":"2023-11-02-preview","capabilities":"None"},{"resourceType":"managedEnvironments/privateEndpointConnectionProxies","locations":["Central
        US EUAP","East US 2 EUAP","North Central US (Stage)","West US 2","Southeast
        Asia","Sweden Central","Canada Central","West Europe","North Europe","East
        US","East US 2","East Asia","Australia East","Germany West Central","Japan
        East","UK South","West US","Central US","North Central US","South Central
        US","Korea Central","Brazil South","West US 3","France Central","South Africa
        North","Norway East","Switzerland North","UAE North","Canada East","West Central
        US","UK West","Central India","Switzerland West"],"apiVersions":["2024-02-02-preview","2023-11-02-preview"],"defaultApiVersion":"2023-11-02-preview","capabilities":"None"},{"resourceType":"sessionPools","locations":["Central
        US EUAP","East US 2 EUAP","North Central US (Stage)","West US 2","Southeast
        Asia","Sweden Central","Canada Central","West Europe","North Europe","East
        US","East US 2","East Asia","Australia East","Germany West Central","Japan
        East","UK South","West US","Central US","North Central US","South Central
        US","Korea Central","Brazil South","West US 3","France Central","South Africa
        North","Norway East","Switzerland North","UAE North","Canada East","West Central
        US","UK West","Central India","Switzerland West"],"apiVersions":["2024-02-02-preview","2023-11-02-preview","2023-08-01-preview"],"defaultApiVersion":"2023-08-01-preview","capabilities":"CrossResourceGroupResourceMove,
        CrossSubscriptionResourceMove, SystemAssignedResourceIdentity, SupportsTags,
        SupportsLocation"},{"resourceType":"jobs","locations":["Central US EUAP","East
        US 2 EUAP","North Central US (Stage)","West US 2","Southeast Asia","Sweden
        Central","Canada Central","West Europe","North Europe","East US","East US
        2","East Asia","Australia East","Germany West Central","Japan East","UK South","West
        US","Central US","North Central US","South Central US","Korea Central","Brazil
        South","West US 3","France Central","South Africa North","Norway East","Switzerland
        North","UAE North","Canada East","West Central US","UK West","Central India","Switzerland
        West"],"apiVersions":["2024-03-01","2024-02-02-preview","2023-11-02-preview","2023-08-01-preview","2023-05-02-preview","2023-05-01","2023-04-01-preview","2022-11-01-preview"],"defaultApiVersion":"2023-05-01","capabilities":"CrossResourceGroupResourceMove,
        CrossSubscriptionResourceMove, SystemAssignedResourceIdentity, SupportsTags,
        SupportsLocation"},{"resourceType":"locations","locations":[],"apiVersions":["2024-03-01","2024-02-02-preview","2023-11-02-preview","2023-08-01-preview","2023-05-02-preview","2023-05-01","2023-04-01-preview","2022-11-01-preview","2022-10-01","2022-06-01-preview","2022-03-01"],"defaultApiVersion":"2023-05-01","capabilities":"None"},{"resourceType":"locations/managedEnvironmentOperationResults","locations":["Central
        US EUAP","East US 2 EUAP","North Central US (Stage)","West US 2","Southeast
        Asia","Sweden Central","Canada Central","West Europe","North Europe","East
        US","East US 2","East Asia","Australia East","Germany West Central","Japan
        East","UK South","West US","Central US","North Central US","South Central
        US","Korea Central","Brazil South","West US 3","France Central","South Africa
        North","Norway East","Switzerland North","UAE North","Canada East","West Central
        US","UK West","Central India","Switzerland West"],"apiVersions":["2024-03-01","2024-02-02-preview","2023-11-02-preview","2023-08-01-preview","2023-05-02-preview","2023-05-01","2023-04-01-preview","2022-11-01-preview","2022-10-01","2022-06-01-preview","2022-03-01"],"defaultApiVersion":"2023-05-01","capabilities":"None"},{"resourceType":"locations/managedEnvironmentOperationStatuses","locations":["Central
        US EUAP","East US 2 EUAP","North Central US (Stage)","West US 2","Southeast
        Asia","Sweden Central","Canada Central","West Europe","North Europe","East
        US","East US 2","East Asia","Australia East","Germany West Central","Japan
        East","UK South","West US","Central US","North Central US","South Central
        US","Korea Central","Brazil South","West US 3","France Central","South Africa
        North","Norway East","Switzerland North","UAE North","Canada East","West Central
        US","UK West","Central India","Switzerland West"],"apiVersions":["2024-03-01","2024-02-02-preview","2023-11-02-preview","2023-08-01-preview","2023-05-02-preview","2023-05-01","2023-04-01-preview","2022-11-01-preview","2022-10-01","2022-06-01-preview","2022-03-01"],"defaultApiVersion":"2023-05-01","capabilities":"None"},{"resourceType":"locations/containerappOperationResults","locations":["Central
        US EUAP","East US 2 EUAP","North Central US (Stage)","West US 2","Southeast
        Asia","Sweden Central","Canada Central","West Europe","North Europe","East
        US","East US 2","East Asia","Australia East","Germany West Central","Japan
        East","UK South","West US","Central US","North Central US","South Central
        US","Korea Central","Brazil South","West US 3","France Central","South Africa
        North","Norway East","Switzerland North","UAE North","Canada East","West Central
        US","UK West","Central India","Switzerland West"],"apiVersions":["2024-03-01","2024-02-02-preview","2023-11-02-preview","2023-08-01-preview","2023-05-02-preview","2023-05-01","2023-04-01-preview","2022-11-01-preview","2022-10-01","2022-06-01-preview","2022-03-01"],"defaultApiVersion":"2023-05-01","capabilities":"None"},{"resourceType":"locations/containerappOperationStatuses","locations":["Central
        US EUAP","East US 2 EUAP","North Central US (Stage)","West US 2","Southeast
        Asia","Sweden Central","Canada Central","West Europe","North Europe","East
        US","East US 2","East Asia","Australia East","Germany West Central","Japan
        East","UK South","West US","Central US","North Central US","South Central
        US","Korea Central","Brazil South","West US 3","France Central","South Africa
        North","Norway East","Switzerland North","UAE North","Canada East","West Central
        US","UK West","Central India","Switzerland West"],"apiVersions":["2024-03-01","2024-02-02-preview","2023-11-02-preview","2023-08-01-preview","2023-05-02-preview","2023-05-01","2023-04-01-preview","2022-11-01-preview","2022-10-01","2022-06-01-preview","2022-03-01"],"defaultApiVersion":"2023-05-01","capabilities":"None"},{"resourceType":"locations/containerappsjobOperationResults","locations":["Central
        US EUAP","East US 2 EUAP","North Central US (Stage)","West US 2","Southeast
        Asia","Sweden Central","Canada Central","West Europe","North Europe","East
        US","East US 2","East Asia","Australia East","Germany West Central","Japan
        East","UK South","West US","Central US","North Central US","South Central
        US","Korea Central","Brazil South","West US 3","France Central","South Africa
        North","Norway East","Switzerland North","UAE North","Canada East","West Central
        US","UK West","Central India","Switzerland West"],"apiVersions":["2024-03-01","2024-02-02-preview","2023-11-02-preview","2023-08-01-preview","2023-05-02-preview","2023-05-01","2023-04-01-preview","2022-11-01-preview"],"defaultApiVersion":"2023-05-01","capabilities":"None"},{"resourceType":"locations/containerappsjobOperationStatuses","locations":["Central
        US EUAP","East US 2 EUAP","North Central US (Stage)","West US 2","Southeast
        Asia","Sweden Central","Canada Central","West Europe","North Europe","East
        US","East US 2","East Asia","Australia East","Germany West Central","Japan
        East","UK South","West US","Central US","North Central US","South Central
        US","Korea Central","Brazil South","West US 3","France Central","South Africa
        North","Norway East","Switzerland North","UAE North","Canada East","West Central
        US","UK West","Central India","Switzerland West"],"apiVersions":["2024-03-01","2024-02-02-preview","2023-11-02-preview","2023-08-01-preview","2023-05-02-preview","2023-05-01","2023-04-01-preview","2022-11-01-preview"],"defaultApiVersion":"2023-05-01","capabilities":"None"},{"resourceType":"locations/sourceControlOperationResults","locations":["Central
        US EUAP","East US 2 EUAP","North Central US (Stage)","West US 2","Southeast
        Asia","Sweden Central","Canada Central","West Europe","North Europe","East
        US","East US 2","East Asia","Australia East","Germany West Central","Japan
        East","UK South","West US","Central US","North Central US","South Central
        US","Korea Central","Brazil South","West US 3","France Central","South Africa
        North","Norway East","Switzerland North","UAE North","Canada East","West Central
        US","UK West","Central India","Switzerland West"],"apiVersions":["2024-03-01","2024-02-02-preview","2023-11-02-preview","2023-08-01-preview","2023-05-02-preview","2023-05-01","2023-04-01-preview","2022-11-01-preview","2022-10-01","2022-06-01-preview","2022-03-01"],"defaultApiVersion":"2023-05-01","capabilities":"None"},{"resourceType":"locations/sourceControlOperationStatuses","locations":["Central
        US EUAP","East US 2 EUAP","North Central US (Stage)","West US 2","Southeast
        Asia","Sweden Central","Canada Central","West Europe","North Europe","East
        US","East US 2","East Asia","Australia East","Germany West Central","Japan
        East","UK South","West US","Central US","North Central US","South Central
        US","Korea Central","Brazil South","West US 3","France Central","South Africa
        North","Norway East","Switzerland North","UAE North","Canada East","West Central
        US","UK West","Central India","Switzerland West"],"apiVersions":["2024-03-01","2024-02-02-preview","2023-11-02-preview","2023-08-01-preview","2023-05-02-preview","2023-05-01","2023-04-01-preview","2022-11-01-preview","2022-10-01","2022-06-01-preview","2022-03-01"],"defaultApiVersion":"2023-05-01","capabilities":"None"},{"resourceType":"locations/usages","locations":["Central
        US EUAP","East US 2 EUAP","North Central US (Stage)","West US 2","Southeast
        Asia","Sweden Central","Canada Central","West Europe","North Europe","East
        US","East US 2","East Asia","Australia East","Germany West Central","Japan
        East","UK South","West US","Central US","North Central US","South Central
        US","Korea Central","Brazil South","West US 3","France Central","South Africa
        North","Norway East","Switzerland North","UAE North","Canada East","West Central
        US","UK West","Central India","Switzerland West"],"apiVersions":["2024-03-01","2024-02-02-preview","2023-11-02-preview","2023-08-01-preview","2023-05-02-preview"],"defaultApiVersion":"2023-05-02-preview","capabilities":"None"},{"resourceType":"connectedEnvironments","locations":["Central
        US EUAP","East US 2 EUAP","North Central US (Stage)","North Central US","East
        US","East Asia","West Europe","Southeast Asia"],"apiVersions":["2024-03-01","2024-02-02-preview","2023-11-02-preview","2023-08-01-preview","2023-05-02-preview","2023-05-01","2023-04-01-preview","2022-11-01-preview","2022-10-01","2022-06-01-preview"],"defaultApiVersion":"2023-05-01","capabilities":"CrossResourceGroupResourceMove,
        CrossSubscriptionResourceMove, SupportsTags, SupportsLocation"},{"resourceType":"connectedEnvironments/certificates","locations":["Central
        US EUAP","East US 2 EUAP","North Central US (Stage)","North Central US","East
        US","East Asia","West Europe","Southeast Asia"],"apiVersions":["2024-03-01","2024-02-02-preview","2023-11-02-preview","2023-08-01-preview","2023-05-02-preview","2023-05-01","2023-04-01-preview","2022-11-01-preview","2022-10-01","2022-06-01-preview"],"defaultApiVersion":"2023-05-01","capabilities":"CrossResourceGroupResourceMove,
        CrossSubscriptionResourceMove, SupportsTags, SupportsLocation"},{"resourceType":"locations/connectedEnvironmentOperationResults","locations":["Central
        US EUAP","East US 2 EUAP","North Central US (Stage)","North Central US","East
        US","East Asia","West Europe","Southeast Asia"],"apiVersions":["2024-03-01","2024-02-02-preview","2023-11-02-preview","2023-08-01-preview","2023-05-02-preview","2023-05-01","2023-04-01-preview","2022-11-01-preview","2022-10-01","2022-06-01-preview"],"defaultApiVersion":"2023-05-01","capabilities":"None"},{"resourceType":"locations/connectedEnvironmentOperationStatuses","locations":["Central
        US EUAP","East US 2 EUAP","North Central US (Stage)","North Central US","East
        US","East Asia","West Europe","Southeast Asia"],"apiVersions":["2024-03-01","2024-02-02-preview","2023-11-02-preview","2023-08-01-preview","2023-05-02-preview","2023-05-01","2023-04-01-preview","2022-11-01-preview","2022-10-01","2022-06-01-preview"],"defaultApiVersion":"2023-05-01","capabilities":"None"},{"resourceType":"locations/managedCertificateOperationStatuses","locations":["Central
        US EUAP","East US 2 EUAP","North Central US (Stage)","West US 2","Southeast
        Asia","Sweden Central","Canada Central","West Europe","North Europe","East
        US","East US 2","East Asia","Australia East","Germany West Central","Japan
        East","UK South","West US","Central US","North Central US","South Central
        US","Korea Central","Brazil South","West US 3","France Central","South Africa
        North","Norway East","Switzerland North","UAE North","Canada East","West Central
        US","UK West","Central India","Switzerland West"],"apiVersions":["2024-03-01","2024-02-02-preview","2023-11-02-preview","2023-08-01-preview","2023-05-02-preview","2023-05-01","2023-04-01-preview","2022-11-01-preview"],"defaultApiVersion":"2023-05-01","capabilities":"None"},{"resourceType":"locations/billingMeters","locations":["Central
        US EUAP","East US 2 EUAP","North Central US (Stage)","West US 2","Southeast
        Asia","Sweden Central","Canada Central","West Europe","North Europe","East
        US","East US 2","East Asia","Australia East","Germany West Central","Japan
        East","UK South","West US","Central US","North Central US","South Central
        US","Korea Central","Brazil South","West US 3","France Central","South Africa
        North","Norway East","Switzerland North","UAE North","Canada East","West Central
        US","UK West","Central India","Switzerland West"],"apiVersions":["2024-03-01","2024-02-02-preview","2023-11-02-preview","2023-08-01-preview","2023-05-02-preview","2023-05-01","2023-04-01-preview","2022-11-01-preview","2022-10-01","2022-06-01-preview"],"defaultApiVersion":"2023-05-01","capabilities":"None"},{"resourceType":"locations/availableManagedEnvironmentsWorkloadProfileTypes","locations":["Central
        US EUAP","East US 2 EUAP","North Central US (Stage)","West US 2","Southeast
        Asia","Sweden Central","Canada Central","West Europe","North Europe","East
        US","East US 2","East Asia","Australia East","Germany West Central","Japan
        East","UK South","West US","Central US","North Central US","South Central
        US","Korea Central","Brazil South","West US 3","France Central","South Africa
        North","Norway East","Switzerland North","UAE North","Canada East","West Central
        US","UK West","Central India","Switzerland West"],"apiVersions":["2024-03-01","2024-02-02-preview","2023-11-02-preview","2023-08-01-preview","2023-05-02-preview","2023-05-01","2023-04-01-preview","2022-11-01-preview","2022-10-01","2022-06-01-preview"],"defaultApiVersion":"2023-05-01","capabilities":"None"},{"resourceType":"getCustomDomainVerificationId","locations":["Central
        US EUAP","East US 2 EUAP","North Central US (Stage)","West US 2","Southeast
        Asia","Sweden Central","Canada Central","West Europe","North Europe","East
        US","East US 2","East Asia","Australia East","Germany West Central","Japan
        East","UK South","West US","Central US","North Central US","South Central
        US","Korea Central","Brazil South","West US 3","France Central","South Africa
        North","Norway East","Switzerland North","UAE North","Canada East","West Central
        US","UK West","Central India","Italy North","Poland Central","Switzerland
        West"],"apiVersions":["2024-03-01","2024-02-02-preview","2023-11-02-preview","2023-08-01-preview","2023-05-02-preview"],"defaultApiVersion":"2023-05-02-preview","capabilities":"None"},{"resourceType":"builders","locations":["Central
        US EUAP","East US 2 EUAP","North Central US (Stage)","West US 2","Southeast
        Asia","Sweden Central","Canada Central","West Europe","North Europe","East
        US","East US 2","East Asia","Australia East","Germany West Central","Japan
        East","UK South","West US","Central US","North Central US","South Central
        US","Korea Central","Brazil South","West US 3","France Central","South Africa
        North","Norway East","Switzerland North","UAE North","Canada East","West Central
        US","UK West","Central India","Switzerland West"],"apiVersions":["2024-02-02-preview","2023-11-02-preview","2023-08-01-preview"],"defaultApiVersion":"2023-08-01-preview","capabilities":"CrossResourceGroupResourceMove,
        CrossSubscriptionResourceMove, SystemAssignedResourceIdentity, SupportsTags,
        SupportsLocation"},{"resourceType":"builders/builds","locations":["Central
        US EUAP","East US 2 EUAP","North Central US (Stage)","West US 2","Southeast
        Asia","Sweden Central","Canada Central","West Europe","North Europe","East
        US","East US 2","East Asia","Australia East","Germany West Central","Japan
        East","UK South","West US","Central US","North Central US","South Central
        US","Korea Central","Brazil South","West US 3","France Central","South Africa
        North","Norway East","Switzerland North","UAE North","Canada East","West Central
        US","UK West","Central India","Switzerland West"],"apiVersions":["2024-02-02-preview","2023-11-02-preview","2023-08-01-preview"],"defaultApiVersion":"2023-08-01-preview","capabilities":"None"},{"resourceType":"builders/patches","locations":["North
        Central US (Stage)","Central US EUAP","East US 2 EUAP","West US 2","Southeast
        Asia","Sweden Central","Canada Central","West Europe","North Europe","East
        US","East US 2","East Asia","Australia East","Germany West Central","Japan
        East","UK South","West US","Central US","North Central US","South Central
        US","Korea Central","Brazil South","West US 3","France Central","South Africa
        North","Norway East","Switzerland North","UAE North","Canada East","West Central
        US","UK West","Central India","Switzerland West"],"apiVersions":["2024-02-02-preview","2023-11-02-preview","2023-08-01-preview"],"defaultApiVersion":"2023-08-01-preview","capabilities":"None"},{"resourceType":"locations/OperationResults","locations":["Central
        US EUAP","East US 2 EUAP","North Central US (Stage)","West US 2","Southeast
        Asia","Sweden Central","Canada Central","West Europe","North Europe","East
        US","East US 2","East Asia","Australia East","Germany West Central","Japan
        East","UK South","West US","Central US","North Central US","South Central
        US","Korea Central","Brazil South","West US 3","France Central","South Africa
        North","Norway East","Switzerland North","UAE North","Canada East","West Central
        US","UK West","Central India","Switzerland West"],"apiVersions":["2024-02-02-preview","2023-11-02-preview","2023-08-01-preview"],"defaultApiVersion":"2023-08-01-preview","capabilities":"None"},{"resourceType":"locations/OperationStatuses","locations":["Central
        US EUAP","East US 2 EUAP","North Central US (Stage)","West US 2","Southeast
        Asia","Sweden Central","Canada Central","West Europe","North Europe","East
        US","East US 2","East Asia","Australia East","Germany West Central","Japan
        East","UK South","West US","Central US","North Central US","South Central
        US","Korea Central","Brazil South","West US 3","France Central","South Africa
        North","Norway East","Switzerland North","UAE North","Canada East","West Central
        US","UK West","Central India","Switzerland West"],"apiVersions":["2024-02-02-preview","2023-11-02-preview","2023-08-01-preview"],"defaultApiVersion":"2023-08-01-preview","capabilities":"None"},{"resourceType":"managedEnvironments/dotNetComponents","locations":["Central
        US EUAP","East US 2 EUAP","North Central US (Stage)","West US 2","Southeast
        Asia","Sweden Central","Canada Central","West Europe","North Europe","East
        US","East US 2","East Asia","Australia East","Germany West Central","Japan
        East","UK South","West US","Central US","North Central US","South Central
        US","Korea Central","Brazil South","West US 3","France Central","South Africa
        North","Norway East","Switzerland North","UAE North","Canada East","West Central
        US","UK West","Central India","Switzerland West"],"apiVersions":["2024-02-02-preview","2023-11-02-preview"],"defaultApiVersion":"2023-11-02-preview","capabilities":"None"},{"resourceType":"managedEnvironments/javaComponents","locations":["Central
        US EUAP","East US 2 EUAP","North Central US (Stage)","West US 2","Southeast
        Asia","Sweden Central","Canada Central","West Europe","North Europe","East
        US","East US 2","East Asia","Australia East","Germany West Central","Japan
        East","UK South","West US","Central US","North Central US","South Central
        US","Korea Central","Brazil South","West US 3","France Central","South Africa
        North","Norway East","Switzerland North","UAE North","Canada East","West Central
        US","UK West","Central India","Switzerland West"],"apiVersions":["2024-02-02-preview","2023-11-02-preview"],"defaultApiVersion":"2023-11-02-preview","capabilities":"None"},{"resourceType":"managedEnvironments/daprComponents","locations":["Central
        US EUAP","East US 2 EUAP","North Central US (Stage)","West US 2","Southeast
        Asia","Sweden Central","Canada Central","West Europe","North Europe","East
        US","East US 2","East Asia","Australia East","Germany West Central","Japan
        East","UK South","West US","Central US","North Central US","South Central
        US","Korea Central","Brazil South","West US 3","France Central","South Africa
        North","Norway East","Switzerland North","UAE North","Canada East","West Central
        US","UK West","Central India","Switzerland West"],"apiVersions":["2024-03-01","2024-02-02-preview","2023-11-02-preview","2023-08-01-preview","2023-05-02-preview","2023-05-01","2023-04-01-preview","2022-11-01-preview","2022-10-01","2022-06-01-preview","2022-03-01"],"defaultApiVersion":"2023-05-01","capabilities":"None"},{"resourceType":"functions","locations":["North
        Central US (Stage)","Central US EUAP","West Central US"],"apiVersions":["2024-02-02-preview"],"capabilities":"SupportsExtension"}],"registrationState":"Registered","registrationPolicy":"RegistrationRequired"}'
    headers:
      cache-control:
      - no-cache
      content-length:
      - '27815'
      content-type:
      - application/json; charset=utf-8
      date:
      - Tue, 23 Apr 2024 03:44:21 GMT
      expires:
      - '-1'
      pragma:
      - no-cache
      strict-transport-security:
      - max-age=31536000; includeSubDomains
      x-cache:
      - CONFIG_NOCACHE
      x-content-type-options:
      - nosniff
      x-msedge-ref:
      - 'Ref A: ADDBE08D971B4B508864EFB787D92B4F Ref B: MAA201060513035 Ref C: 2024-04-23T03:44:21Z'
    status:
      code: 200
      message: OK
- request:
    body: null
    headers:
      Accept:
      - application/json
      Accept-Encoding:
      - gzip, deflate
      CommandName:
      - containerapp delete
      Connection:
      - keep-alive
      ParameterSetName:
      - -g -n --yes
      User-Agent:
      - AZURECLI/2.59.0 azsdk-python-core/1.28.0 Python/3.10.11 (Windows-10-10.0.22631-SP0)
    method: GET
    uri: https://management.azure.com/subscriptions/00000000-0000-0000-0000-000000000000/providers/Microsoft.App?api-version=2022-09-01
  response:
    body:
      string: '{"id":"/subscriptions/00000000-0000-0000-0000-000000000000/providers/Microsoft.App","namespace":"Microsoft.App","authorizations":[{"applicationId":"7e3bc4fd-85a3-4192-b177-5b8bfc87f42c","roleDefinitionId":"39a74f72-b40f-4bdc-b639-562fe2260bf0"},{"applicationId":"3734c1a4-2bed-4998-a37a-ff1a9e7bf019","roleDefinitionId":"5c779a4f-5cb2-4547-8c41-478d9be8ba90"},{"applicationId":"55ebbb62-3b9c-49fd-9b87-9595226dd4ac","roleDefinitionId":"e49ca620-7992-4561-a7df-4ed67dad77b5","managedByRoleDefinitionId":"9e3af657-a8ff-583c-a75c-2fe7c4bcb635"},{"applicationId":"1459b1f6-7a5b-4300-93a2-44b4a651759f","roleDefinitionId":"3c5f1b29-9e3d-4a22-b5d6-9ff4e5a37974"}],"resourceTypes":[{"resourceType":"operations","locations":["North
        Central US (Stage)","Central US EUAP","East US 2 EUAP","West US 2","Southeast
        Asia","Sweden Central","Canada Central","West Europe","North Europe","East
        US","East US 2","East Asia","Australia East","Germany West Central","Japan
        East","UK South","West US","Central US","North Central US","South Central
        US","Korea Central","Brazil South","West US 3","France Central","South Africa
        North","Norway East","Switzerland North","UAE North","Canada East","West Central
        US","UK West","Central India"],"apiVersions":["2024-02-02-preview","2023-11-02-preview","2023-08-01-preview","2023-05-02-preview","2023-05-01","2023-04-01-preview","2023-02-01","2022-11-01-preview","2022-10-01","2022-06-01-preview","2022-03-01"],"defaultApiVersion":"2023-11-02-preview","capabilities":"None"},{"resourceType":"managedEnvironments","locations":["Central
        US EUAP","East US 2 EUAP","North Central US (Stage)","West US 2","Southeast
        Asia","Sweden Central","Canada Central","West Europe","North Europe","East
        US","East US 2","East Asia","Australia East","Germany West Central","Japan
        East","UK South","West US","Central US","North Central US","South Central
        US","Korea Central","Brazil South","West US 3","France Central","South Africa
        North","Norway East","Switzerland North","UAE North","Canada East","West Central
        US","UK West","Central India","Switzerland West"],"apiVersions":["2024-03-01","2024-02-02-preview","2023-11-02-preview","2023-08-01-preview","2023-05-02-preview","2023-05-01","2023-04-01-preview","2022-11-01-preview","2022-10-01","2022-06-01-preview","2022-03-01"],"defaultApiVersion":"2023-05-01","capabilities":"CrossResourceGroupResourceMove,
        CrossSubscriptionResourceMove, SystemAssignedResourceIdentity, SupportsTags,
        SupportsLocation"},{"resourceType":"managedEnvironments/certificates","locations":["Central
        US EUAP","East US 2 EUAP","North Central US (Stage)","West US 2","Southeast
        Asia","Sweden Central","Canada Central","West Europe","North Europe","East
        US","East US 2","East Asia","Australia East","Germany West Central","Japan
        East","UK South","West US","Central US","North Central US","South Central
        US","Korea Central","Brazil South","West US 3","France Central","South Africa
        North","Norway East","Switzerland North","UAE North","Canada East","West Central
        US","UK West","Central India","Switzerland West"],"apiVersions":["2024-03-01","2024-02-02-preview","2023-11-02-preview","2023-08-01-preview","2023-05-02-preview","2023-05-01","2023-04-01-preview","2022-11-01-preview","2022-10-01","2022-06-01-preview","2022-03-01"],"defaultApiVersion":"2023-05-01","capabilities":"CrossResourceGroupResourceMove,
        CrossSubscriptionResourceMove, SupportsTags, SupportsLocation"},{"resourceType":"managedEnvironments/managedCertificates","locations":["Central
        US EUAP","East US 2 EUAP","North Central US (Stage)","West US 2","Southeast
        Asia","Sweden Central","Canada Central","West Europe","North Europe","East
        US","East US 2","East Asia","Australia East","Germany West Central","Japan
        East","UK South","West US","Central US","North Central US","South Central
        US","Korea Central","Brazil South","West US 3","France Central","South Africa
        North","Norway East","Switzerland North","UAE North","Canada East","West Central
        US","UK West","Central India","Switzerland West"],"apiVersions":["2024-03-01","2024-02-02-preview","2023-11-02-preview","2023-08-01-preview","2023-05-02-preview","2023-05-01","2023-04-01-preview","2022-11-01-preview"],"defaultApiVersion":"2023-05-01","capabilities":"CrossResourceGroupResourceMove,
        CrossSubscriptionResourceMove, SupportsTags, SupportsLocation"},{"resourceType":"containerApps","locations":["Central
        US EUAP","East US 2 EUAP","North Central US (Stage)","West US 2","Southeast
        Asia","Sweden Central","Canada Central","West Europe","North Europe","East
        US","East US 2","East Asia","Australia East","Germany West Central","Japan
        East","UK South","West US","Central US","North Central US","South Central
        US","Korea Central","Brazil South","West US 3","France Central","South Africa
        North","Norway East","Switzerland North","UAE North","Canada East","West Central
        US","UK West","Central India","Switzerland West"],"apiVersions":["2024-03-01","2024-02-02-preview","2023-11-02-preview","2023-08-01-preview","2023-05-02-preview","2023-05-01","2023-04-01-preview","2022-11-01-preview","2022-10-01","2022-06-01-preview","2022-03-01"],"defaultApiVersion":"2023-05-01","capabilities":"CrossResourceGroupResourceMove,
        CrossSubscriptionResourceMove, SystemAssignedResourceIdentity, SupportsTags,
        SupportsLocation"},{"resourceType":"containerApps/privateEndpointConnectionProxies","locations":["Central
        US EUAP","East US 2 EUAP","North Central US (Stage)","West US 2","Southeast
        Asia","Sweden Central","Canada Central","West Europe","North Europe","East
        US","East US 2","East Asia","Australia East","Germany West Central","Japan
        East","UK South","West US","Central US","North Central US","South Central
        US","Korea Central","Brazil South","West US 3","France Central","South Africa
        North","Norway East","Switzerland North","UAE North","Canada East","West Central
        US","UK West","Central India","Switzerland West"],"apiVersions":["2024-02-02-preview","2023-11-02-preview"],"defaultApiVersion":"2023-11-02-preview","capabilities":"None"},{"resourceType":"managedEnvironments/privateEndpointConnectionProxies","locations":["Central
        US EUAP","East US 2 EUAP","North Central US (Stage)","West US 2","Southeast
        Asia","Sweden Central","Canada Central","West Europe","North Europe","East
        US","East US 2","East Asia","Australia East","Germany West Central","Japan
        East","UK South","West US","Central US","North Central US","South Central
        US","Korea Central","Brazil South","West US 3","France Central","South Africa
        North","Norway East","Switzerland North","UAE North","Canada East","West Central
        US","UK West","Central India","Switzerland West"],"apiVersions":["2024-02-02-preview","2023-11-02-preview"],"defaultApiVersion":"2023-11-02-preview","capabilities":"None"},{"resourceType":"sessionPools","locations":["Central
        US EUAP","East US 2 EUAP","North Central US (Stage)","West US 2","Southeast
        Asia","Sweden Central","Canada Central","West Europe","North Europe","East
        US","East US 2","East Asia","Australia East","Germany West Central","Japan
        East","UK South","West US","Central US","North Central US","South Central
        US","Korea Central","Brazil South","West US 3","France Central","South Africa
        North","Norway East","Switzerland North","UAE North","Canada East","West Central
        US","UK West","Central India","Switzerland West"],"apiVersions":["2024-02-02-preview","2023-11-02-preview","2023-08-01-preview"],"defaultApiVersion":"2023-08-01-preview","capabilities":"CrossResourceGroupResourceMove,
        CrossSubscriptionResourceMove, SystemAssignedResourceIdentity, SupportsTags,
        SupportsLocation"},{"resourceType":"jobs","locations":["Central US EUAP","East
        US 2 EUAP","North Central US (Stage)","West US 2","Southeast Asia","Sweden
        Central","Canada Central","West Europe","North Europe","East US","East US
        2","East Asia","Australia East","Germany West Central","Japan East","UK South","West
        US","Central US","North Central US","South Central US","Korea Central","Brazil
        South","West US 3","France Central","South Africa North","Norway East","Switzerland
        North","UAE North","Canada East","West Central US","UK West","Central India","Switzerland
        West"],"apiVersions":["2024-03-01","2024-02-02-preview","2023-11-02-preview","2023-08-01-preview","2023-05-02-preview","2023-05-01","2023-04-01-preview","2022-11-01-preview"],"defaultApiVersion":"2023-05-01","capabilities":"CrossResourceGroupResourceMove,
        CrossSubscriptionResourceMove, SystemAssignedResourceIdentity, SupportsTags,
        SupportsLocation"},{"resourceType":"locations","locations":[],"apiVersions":["2024-03-01","2024-02-02-preview","2023-11-02-preview","2023-08-01-preview","2023-05-02-preview","2023-05-01","2023-04-01-preview","2022-11-01-preview","2022-10-01","2022-06-01-preview","2022-03-01"],"defaultApiVersion":"2023-05-01","capabilities":"None"},{"resourceType":"locations/managedEnvironmentOperationResults","locations":["Central
        US EUAP","East US 2 EUAP","North Central US (Stage)","West US 2","Southeast
        Asia","Sweden Central","Canada Central","West Europe","North Europe","East
        US","East US 2","East Asia","Australia East","Germany West Central","Japan
        East","UK South","West US","Central US","North Central US","South Central
        US","Korea Central","Brazil South","West US 3","France Central","South Africa
        North","Norway East","Switzerland North","UAE North","Canada East","West Central
        US","UK West","Central India","Switzerland West"],"apiVersions":["2024-03-01","2024-02-02-preview","2023-11-02-preview","2023-08-01-preview","2023-05-02-preview","2023-05-01","2023-04-01-preview","2022-11-01-preview","2022-10-01","2022-06-01-preview","2022-03-01"],"defaultApiVersion":"2023-05-01","capabilities":"None"},{"resourceType":"locations/managedEnvironmentOperationStatuses","locations":["Central
        US EUAP","East US 2 EUAP","North Central US (Stage)","West US 2","Southeast
        Asia","Sweden Central","Canada Central","West Europe","North Europe","East
        US","East US 2","East Asia","Australia East","Germany West Central","Japan
        East","UK South","West US","Central US","North Central US","South Central
        US","Korea Central","Brazil South","West US 3","France Central","South Africa
        North","Norway East","Switzerland North","UAE North","Canada East","West Central
        US","UK West","Central India","Switzerland West"],"apiVersions":["2024-03-01","2024-02-02-preview","2023-11-02-preview","2023-08-01-preview","2023-05-02-preview","2023-05-01","2023-04-01-preview","2022-11-01-preview","2022-10-01","2022-06-01-preview","2022-03-01"],"defaultApiVersion":"2023-05-01","capabilities":"None"},{"resourceType":"locations/containerappOperationResults","locations":["Central
        US EUAP","East US 2 EUAP","North Central US (Stage)","West US 2","Southeast
        Asia","Sweden Central","Canada Central","West Europe","North Europe","East
        US","East US 2","East Asia","Australia East","Germany West Central","Japan
        East","UK South","West US","Central US","North Central US","South Central
        US","Korea Central","Brazil South","West US 3","France Central","South Africa
        North","Norway East","Switzerland North","UAE North","Canada East","West Central
        US","UK West","Central India","Switzerland West"],"apiVersions":["2024-03-01","2024-02-02-preview","2023-11-02-preview","2023-08-01-preview","2023-05-02-preview","2023-05-01","2023-04-01-preview","2022-11-01-preview","2022-10-01","2022-06-01-preview","2022-03-01"],"defaultApiVersion":"2023-05-01","capabilities":"None"},{"resourceType":"locations/containerappOperationStatuses","locations":["Central
        US EUAP","East US 2 EUAP","North Central US (Stage)","West US 2","Southeast
        Asia","Sweden Central","Canada Central","West Europe","North Europe","East
        US","East US 2","East Asia","Australia East","Germany West Central","Japan
        East","UK South","West US","Central US","North Central US","South Central
        US","Korea Central","Brazil South","West US 3","France Central","South Africa
        North","Norway East","Switzerland North","UAE North","Canada East","West Central
        US","UK West","Central India","Switzerland West"],"apiVersions":["2024-03-01","2024-02-02-preview","2023-11-02-preview","2023-08-01-preview","2023-05-02-preview","2023-05-01","2023-04-01-preview","2022-11-01-preview","2022-10-01","2022-06-01-preview","2022-03-01"],"defaultApiVersion":"2023-05-01","capabilities":"None"},{"resourceType":"locations/containerappsjobOperationResults","locations":["Central
        US EUAP","East US 2 EUAP","North Central US (Stage)","West US 2","Southeast
        Asia","Sweden Central","Canada Central","West Europe","North Europe","East
        US","East US 2","East Asia","Australia East","Germany West Central","Japan
        East","UK South","West US","Central US","North Central US","South Central
        US","Korea Central","Brazil South","West US 3","France Central","South Africa
        North","Norway East","Switzerland North","UAE North","Canada East","West Central
        US","UK West","Central India","Switzerland West"],"apiVersions":["2024-03-01","2024-02-02-preview","2023-11-02-preview","2023-08-01-preview","2023-05-02-preview","2023-05-01","2023-04-01-preview","2022-11-01-preview"],"defaultApiVersion":"2023-05-01","capabilities":"None"},{"resourceType":"locations/containerappsjobOperationStatuses","locations":["Central
        US EUAP","East US 2 EUAP","North Central US (Stage)","West US 2","Southeast
        Asia","Sweden Central","Canada Central","West Europe","North Europe","East
        US","East US 2","East Asia","Australia East","Germany West Central","Japan
        East","UK South","West US","Central US","North Central US","South Central
        US","Korea Central","Brazil South","West US 3","France Central","South Africa
        North","Norway East","Switzerland North","UAE North","Canada East","West Central
        US","UK West","Central India","Switzerland West"],"apiVersions":["2024-03-01","2024-02-02-preview","2023-11-02-preview","2023-08-01-preview","2023-05-02-preview","2023-05-01","2023-04-01-preview","2022-11-01-preview"],"defaultApiVersion":"2023-05-01","capabilities":"None"},{"resourceType":"locations/sourceControlOperationResults","locations":["Central
        US EUAP","East US 2 EUAP","North Central US (Stage)","West US 2","Southeast
        Asia","Sweden Central","Canada Central","West Europe","North Europe","East
        US","East US 2","East Asia","Australia East","Germany West Central","Japan
        East","UK South","West US","Central US","North Central US","South Central
        US","Korea Central","Brazil South","West US 3","France Central","South Africa
        North","Norway East","Switzerland North","UAE North","Canada East","West Central
        US","UK West","Central India","Switzerland West"],"apiVersions":["2024-03-01","2024-02-02-preview","2023-11-02-preview","2023-08-01-preview","2023-05-02-preview","2023-05-01","2023-04-01-preview","2022-11-01-preview","2022-10-01","2022-06-01-preview","2022-03-01"],"defaultApiVersion":"2023-05-01","capabilities":"None"},{"resourceType":"locations/sourceControlOperationStatuses","locations":["Central
        US EUAP","East US 2 EUAP","North Central US (Stage)","West US 2","Southeast
        Asia","Sweden Central","Canada Central","West Europe","North Europe","East
        US","East US 2","East Asia","Australia East","Germany West Central","Japan
        East","UK South","West US","Central US","North Central US","South Central
        US","Korea Central","Brazil South","West US 3","France Central","South Africa
        North","Norway East","Switzerland North","UAE North","Canada East","West Central
        US","UK West","Central India","Switzerland West"],"apiVersions":["2024-03-01","2024-02-02-preview","2023-11-02-preview","2023-08-01-preview","2023-05-02-preview","2023-05-01","2023-04-01-preview","2022-11-01-preview","2022-10-01","2022-06-01-preview","2022-03-01"],"defaultApiVersion":"2023-05-01","capabilities":"None"},{"resourceType":"locations/usages","locations":["Central
        US EUAP","East US 2 EUAP","North Central US (Stage)","West US 2","Southeast
        Asia","Sweden Central","Canada Central","West Europe","North Europe","East
        US","East US 2","East Asia","Australia East","Germany West Central","Japan
        East","UK South","West US","Central US","North Central US","South Central
        US","Korea Central","Brazil South","West US 3","France Central","South Africa
        North","Norway East","Switzerland North","UAE North","Canada East","West Central
        US","UK West","Central India","Switzerland West"],"apiVersions":["2024-03-01","2024-02-02-preview","2023-11-02-preview","2023-08-01-preview","2023-05-02-preview"],"defaultApiVersion":"2023-05-02-preview","capabilities":"None"},{"resourceType":"connectedEnvironments","locations":["Central
        US EUAP","East US 2 EUAP","North Central US (Stage)","North Central US","East
        US","East Asia","West Europe","Southeast Asia"],"apiVersions":["2024-03-01","2024-02-02-preview","2023-11-02-preview","2023-08-01-preview","2023-05-02-preview","2023-05-01","2023-04-01-preview","2022-11-01-preview","2022-10-01","2022-06-01-preview"],"defaultApiVersion":"2023-05-01","capabilities":"CrossResourceGroupResourceMove,
        CrossSubscriptionResourceMove, SupportsTags, SupportsLocation"},{"resourceType":"connectedEnvironments/certificates","locations":["Central
        US EUAP","East US 2 EUAP","North Central US (Stage)","North Central US","East
        US","East Asia","West Europe","Southeast Asia"],"apiVersions":["2024-03-01","2024-02-02-preview","2023-11-02-preview","2023-08-01-preview","2023-05-02-preview","2023-05-01","2023-04-01-preview","2022-11-01-preview","2022-10-01","2022-06-01-preview"],"defaultApiVersion":"2023-05-01","capabilities":"CrossResourceGroupResourceMove,
        CrossSubscriptionResourceMove, SupportsTags, SupportsLocation"},{"resourceType":"locations/connectedEnvironmentOperationResults","locations":["Central
        US EUAP","East US 2 EUAP","North Central US (Stage)","North Central US","East
        US","East Asia","West Europe","Southeast Asia"],"apiVersions":["2024-03-01","2024-02-02-preview","2023-11-02-preview","2023-08-01-preview","2023-05-02-preview","2023-05-01","2023-04-01-preview","2022-11-01-preview","2022-10-01","2022-06-01-preview"],"defaultApiVersion":"2023-05-01","capabilities":"None"},{"resourceType":"locations/connectedEnvironmentOperationStatuses","locations":["Central
        US EUAP","East US 2 EUAP","North Central US (Stage)","North Central US","East
        US","East Asia","West Europe","Southeast Asia"],"apiVersions":["2024-03-01","2024-02-02-preview","2023-11-02-preview","2023-08-01-preview","2023-05-02-preview","2023-05-01","2023-04-01-preview","2022-11-01-preview","2022-10-01","2022-06-01-preview"],"defaultApiVersion":"2023-05-01","capabilities":"None"},{"resourceType":"locations/managedCertificateOperationStatuses","locations":["Central
        US EUAP","East US 2 EUAP","North Central US (Stage)","West US 2","Southeast
        Asia","Sweden Central","Canada Central","West Europe","North Europe","East
        US","East US 2","East Asia","Australia East","Germany West Central","Japan
        East","UK South","West US","Central US","North Central US","South Central
        US","Korea Central","Brazil South","West US 3","France Central","South Africa
        North","Norway East","Switzerland North","UAE North","Canada East","West Central
        US","UK West","Central India","Switzerland West"],"apiVersions":["2024-03-01","2024-02-02-preview","2023-11-02-preview","2023-08-01-preview","2023-05-02-preview","2023-05-01","2023-04-01-preview","2022-11-01-preview"],"defaultApiVersion":"2023-05-01","capabilities":"None"},{"resourceType":"locations/billingMeters","locations":["Central
        US EUAP","East US 2 EUAP","North Central US (Stage)","West US 2","Southeast
        Asia","Sweden Central","Canada Central","West Europe","North Europe","East
        US","East US 2","East Asia","Australia East","Germany West Central","Japan
        East","UK South","West US","Central US","North Central US","South Central
        US","Korea Central","Brazil South","West US 3","France Central","South Africa
        North","Norway East","Switzerland North","UAE North","Canada East","West Central
        US","UK West","Central India","Switzerland West"],"apiVersions":["2024-03-01","2024-02-02-preview","2023-11-02-preview","2023-08-01-preview","2023-05-02-preview","2023-05-01","2023-04-01-preview","2022-11-01-preview","2022-10-01","2022-06-01-preview"],"defaultApiVersion":"2023-05-01","capabilities":"None"},{"resourceType":"locations/availableManagedEnvironmentsWorkloadProfileTypes","locations":["Central
        US EUAP","East US 2 EUAP","North Central US (Stage)","West US 2","Southeast
        Asia","Sweden Central","Canada Central","West Europe","North Europe","East
        US","East US 2","East Asia","Australia East","Germany West Central","Japan
        East","UK South","West US","Central US","North Central US","South Central
        US","Korea Central","Brazil South","West US 3","France Central","South Africa
        North","Norway East","Switzerland North","UAE North","Canada East","West Central
        US","UK West","Central India","Switzerland West"],"apiVersions":["2024-03-01","2024-02-02-preview","2023-11-02-preview","2023-08-01-preview","2023-05-02-preview","2023-05-01","2023-04-01-preview","2022-11-01-preview","2022-10-01","2022-06-01-preview"],"defaultApiVersion":"2023-05-01","capabilities":"None"},{"resourceType":"getCustomDomainVerificationId","locations":["Central
        US EUAP","East US 2 EUAP","North Central US (Stage)","West US 2","Southeast
        Asia","Sweden Central","Canada Central","West Europe","North Europe","East
        US","East US 2","East Asia","Australia East","Germany West Central","Japan
        East","UK South","West US","Central US","North Central US","South Central
        US","Korea Central","Brazil South","West US 3","France Central","South Africa
        North","Norway East","Switzerland North","UAE North","Canada East","West Central
        US","UK West","Central India","Italy North","Poland Central","Switzerland
        West"],"apiVersions":["2024-03-01","2024-02-02-preview","2023-11-02-preview","2023-08-01-preview","2023-05-02-preview"],"defaultApiVersion":"2023-05-02-preview","capabilities":"None"},{"resourceType":"builders","locations":["Central
        US EUAP","East US 2 EUAP","North Central US (Stage)","West US 2","Southeast
        Asia","Sweden Central","Canada Central","West Europe","North Europe","East
        US","East US 2","East Asia","Australia East","Germany West Central","Japan
        East","UK South","West US","Central US","North Central US","South Central
        US","Korea Central","Brazil South","West US 3","France Central","South Africa
        North","Norway East","Switzerland North","UAE North","Canada East","West Central
        US","UK West","Central India","Switzerland West"],"apiVersions":["2024-02-02-preview","2023-11-02-preview","2023-08-01-preview"],"defaultApiVersion":"2023-08-01-preview","capabilities":"CrossResourceGroupResourceMove,
        CrossSubscriptionResourceMove, SystemAssignedResourceIdentity, SupportsTags,
        SupportsLocation"},{"resourceType":"builders/builds","locations":["Central
        US EUAP","East US 2 EUAP","North Central US (Stage)","West US 2","Southeast
        Asia","Sweden Central","Canada Central","West Europe","North Europe","East
        US","East US 2","East Asia","Australia East","Germany West Central","Japan
        East","UK South","West US","Central US","North Central US","South Central
        US","Korea Central","Brazil South","West US 3","France Central","South Africa
        North","Norway East","Switzerland North","UAE North","Canada East","West Central
        US","UK West","Central India","Switzerland West"],"apiVersions":["2024-02-02-preview","2023-11-02-preview","2023-08-01-preview"],"defaultApiVersion":"2023-08-01-preview","capabilities":"None"},{"resourceType":"builders/patches","locations":["North
        Central US (Stage)","Central US EUAP","East US 2 EUAP","West US 2","Southeast
        Asia","Sweden Central","Canada Central","West Europe","North Europe","East
        US","East US 2","East Asia","Australia East","Germany West Central","Japan
        East","UK South","West US","Central US","North Central US","South Central
        US","Korea Central","Brazil South","West US 3","France Central","South Africa
        North","Norway East","Switzerland North","UAE North","Canada East","West Central
        US","UK West","Central India","Switzerland West"],"apiVersions":["2024-02-02-preview","2023-11-02-preview","2023-08-01-preview"],"defaultApiVersion":"2023-08-01-preview","capabilities":"None"},{"resourceType":"locations/OperationResults","locations":["Central
        US EUAP","East US 2 EUAP","North Central US (Stage)","West US 2","Southeast
        Asia","Sweden Central","Canada Central","West Europe","North Europe","East
        US","East US 2","East Asia","Australia East","Germany West Central","Japan
        East","UK South","West US","Central US","North Central US","South Central
        US","Korea Central","Brazil South","West US 3","France Central","South Africa
        North","Norway East","Switzerland North","UAE North","Canada East","West Central
        US","UK West","Central India","Switzerland West"],"apiVersions":["2024-02-02-preview","2023-11-02-preview","2023-08-01-preview"],"defaultApiVersion":"2023-08-01-preview","capabilities":"None"},{"resourceType":"locations/OperationStatuses","locations":["Central
        US EUAP","East US 2 EUAP","North Central US (Stage)","West US 2","Southeast
        Asia","Sweden Central","Canada Central","West Europe","North Europe","East
        US","East US 2","East Asia","Australia East","Germany West Central","Japan
        East","UK South","West US","Central US","North Central US","South Central
        US","Korea Central","Brazil South","West US 3","France Central","South Africa
        North","Norway East","Switzerland North","UAE North","Canada East","West Central
        US","UK West","Central India","Switzerland West"],"apiVersions":["2024-02-02-preview","2023-11-02-preview","2023-08-01-preview"],"defaultApiVersion":"2023-08-01-preview","capabilities":"None"},{"resourceType":"managedEnvironments/dotNetComponents","locations":["Central
        US EUAP","East US 2 EUAP","North Central US (Stage)","West US 2","Southeast
        Asia","Sweden Central","Canada Central","West Europe","North Europe","East
        US","East US 2","East Asia","Australia East","Germany West Central","Japan
        East","UK South","West US","Central US","North Central US","South Central
        US","Korea Central","Brazil South","West US 3","France Central","South Africa
        North","Norway East","Switzerland North","UAE North","Canada East","West Central
        US","UK West","Central India","Switzerland West"],"apiVersions":["2024-02-02-preview","2023-11-02-preview"],"defaultApiVersion":"2023-11-02-preview","capabilities":"None"},{"resourceType":"managedEnvironments/javaComponents","locations":["Central
        US EUAP","East US 2 EUAP","North Central US (Stage)","West US 2","Southeast
        Asia","Sweden Central","Canada Central","West Europe","North Europe","East
        US","East US 2","East Asia","Australia East","Germany West Central","Japan
        East","UK South","West US","Central US","North Central US","South Central
        US","Korea Central","Brazil South","West US 3","France Central","South Africa
        North","Norway East","Switzerland North","UAE North","Canada East","West Central
        US","UK West","Central India","Switzerland West"],"apiVersions":["2024-02-02-preview","2023-11-02-preview"],"defaultApiVersion":"2023-11-02-preview","capabilities":"None"},{"resourceType":"managedEnvironments/daprComponents","locations":["Central
        US EUAP","East US 2 EUAP","North Central US (Stage)","West US 2","Southeast
        Asia","Sweden Central","Canada Central","West Europe","North Europe","East
        US","East US 2","East Asia","Australia East","Germany West Central","Japan
        East","UK South","West US","Central US","North Central US","South Central
        US","Korea Central","Brazil South","West US 3","France Central","South Africa
        North","Norway East","Switzerland North","UAE North","Canada East","West Central
        US","UK West","Central India","Switzerland West"],"apiVersions":["2024-03-01","2024-02-02-preview","2023-11-02-preview","2023-08-01-preview","2023-05-02-preview","2023-05-01","2023-04-01-preview","2022-11-01-preview","2022-10-01","2022-06-01-preview","2022-03-01"],"defaultApiVersion":"2023-05-01","capabilities":"None"},{"resourceType":"functions","locations":["North
        Central US (Stage)","Central US EUAP","West Central US"],"apiVersions":["2024-02-02-preview"],"capabilities":"SupportsExtension"}],"registrationState":"Registered","registrationPolicy":"RegistrationRequired"}'
    headers:
      cache-control:
      - no-cache
      content-length:
      - '27815'
      content-type:
      - application/json; charset=utf-8
      date:
      - Tue, 23 Apr 2024 03:44:22 GMT
      expires:
      - '-1'
      pragma:
      - no-cache
      strict-transport-security:
      - max-age=31536000; includeSubDomains
      x-cache:
      - CONFIG_NOCACHE
      x-content-type-options:
      - nosniff
      x-msedge-ref:
      - 'Ref A: 69C3530560FB41C0A52584E985C3AD7A Ref B: MAA201060513023 Ref C: 2024-04-23T03:44:22Z'
    status:
      code: 200
      message: OK
- request:
    body: null
    headers:
      Accept:
      - '*/*'
      Accept-Encoding:
      - gzip, deflate
      CommandName:
      - containerapp delete
      Connection:
      - keep-alive
      Content-Length:
      - '0'
      ParameterSetName:
      - -g -n --yes
      User-Agent:
      - python/3.10.11 (Windows-10-10.0.22631-SP0) AZURECLI/2.59.0
    method: DELETE
    uri: https://management.azure.com/subscriptions/00000000-0000-0000-0000-000000000000/resourceGroups/clitest.rg000001/providers/Microsoft.App/containerApps/containerapp000002?api-version=2024-02-02-preview
  response:
    body:
      string: ''
    headers:
      cache-control:
      - no-cache
      date:
      - Tue, 23 Apr 2024 03:44:23 GMT
      expires:
      - '-1'
      pragma:
      - no-cache
      strict-transport-security:
      - max-age=31536000; includeSubDomains
      x-cache:
      - CONFIG_NOCACHE
      x-content-type-options:
      - nosniff
      x-ms-ratelimit-remaining-subscription-deletes:
      - '14998'
      x-msedge-ref:
      - 'Ref A: 283A4EF83283413F8F49A27C965D7027 Ref B: MAA201060513031 Ref C: 2024-04-23T03:44:23Z'
    status:
      code: 204
      message: No Content
- request:
    body: null
    headers:
      Accept:
      - application/json
      Accept-Encoding:
      - gzip, deflate
      CommandName:
      - containerapp list
      Connection:
      - keep-alive
      ParameterSetName:
      - -g
      User-Agent:
      - AZURECLI/2.59.0 azsdk-python-core/1.28.0 Python/3.10.11 (Windows-10-10.0.22631-SP0)
    method: GET
    uri: https://management.azure.com/subscriptions/00000000-0000-0000-0000-000000000000/providers/Microsoft.App?api-version=2022-09-01
  response:
    body:
      string: '{"id":"/subscriptions/00000000-0000-0000-0000-000000000000/providers/Microsoft.App","namespace":"Microsoft.App","authorizations":[{"applicationId":"7e3bc4fd-85a3-4192-b177-5b8bfc87f42c","roleDefinitionId":"39a74f72-b40f-4bdc-b639-562fe2260bf0"},{"applicationId":"3734c1a4-2bed-4998-a37a-ff1a9e7bf019","roleDefinitionId":"5c779a4f-5cb2-4547-8c41-478d9be8ba90"},{"applicationId":"55ebbb62-3b9c-49fd-9b87-9595226dd4ac","roleDefinitionId":"e49ca620-7992-4561-a7df-4ed67dad77b5","managedByRoleDefinitionId":"9e3af657-a8ff-583c-a75c-2fe7c4bcb635"},{"applicationId":"1459b1f6-7a5b-4300-93a2-44b4a651759f","roleDefinitionId":"3c5f1b29-9e3d-4a22-b5d6-9ff4e5a37974"}],"resourceTypes":[{"resourceType":"operations","locations":["North
        Central US (Stage)","Central US EUAP","East US 2 EUAP","West US 2","Southeast
        Asia","Sweden Central","Canada Central","West Europe","North Europe","East
        US","East US 2","East Asia","Australia East","Germany West Central","Japan
        East","UK South","West US","Central US","North Central US","South Central
        US","Korea Central","Brazil South","West US 3","France Central","South Africa
        North","Norway East","Switzerland North","UAE North","Canada East","West Central
        US","UK West","Central India"],"apiVersions":["2024-02-02-preview","2023-11-02-preview","2023-08-01-preview","2023-05-02-preview","2023-05-01","2023-04-01-preview","2023-02-01","2022-11-01-preview","2022-10-01","2022-06-01-preview","2022-03-01"],"defaultApiVersion":"2023-11-02-preview","capabilities":"None"},{"resourceType":"managedEnvironments","locations":["Central
        US EUAP","East US 2 EUAP","North Central US (Stage)","West US 2","Southeast
        Asia","Sweden Central","Canada Central","West Europe","North Europe","East
        US","East US 2","East Asia","Australia East","Germany West Central","Japan
        East","UK South","West US","Central US","North Central US","South Central
        US","Korea Central","Brazil South","West US 3","France Central","South Africa
        North","Norway East","Switzerland North","UAE North","Canada East","West Central
        US","UK West","Central India","Switzerland West"],"apiVersions":["2024-03-01","2024-02-02-preview","2023-11-02-preview","2023-08-01-preview","2023-05-02-preview","2023-05-01","2023-04-01-preview","2022-11-01-preview","2022-10-01","2022-06-01-preview","2022-03-01"],"defaultApiVersion":"2023-05-01","capabilities":"CrossResourceGroupResourceMove,
        CrossSubscriptionResourceMove, SystemAssignedResourceIdentity, SupportsTags,
        SupportsLocation"},{"resourceType":"managedEnvironments/certificates","locations":["Central
        US EUAP","East US 2 EUAP","North Central US (Stage)","West US 2","Southeast
        Asia","Sweden Central","Canada Central","West Europe","North Europe","East
        US","East US 2","East Asia","Australia East","Germany West Central","Japan
        East","UK South","West US","Central US","North Central US","South Central
        US","Korea Central","Brazil South","West US 3","France Central","South Africa
        North","Norway East","Switzerland North","UAE North","Canada East","West Central
        US","UK West","Central India","Switzerland West"],"apiVersions":["2024-03-01","2024-02-02-preview","2023-11-02-preview","2023-08-01-preview","2023-05-02-preview","2023-05-01","2023-04-01-preview","2022-11-01-preview","2022-10-01","2022-06-01-preview","2022-03-01"],"defaultApiVersion":"2023-05-01","capabilities":"CrossResourceGroupResourceMove,
        CrossSubscriptionResourceMove, SupportsTags, SupportsLocation"},{"resourceType":"managedEnvironments/managedCertificates","locations":["Central
        US EUAP","East US 2 EUAP","North Central US (Stage)","West US 2","Southeast
        Asia","Sweden Central","Canada Central","West Europe","North Europe","East
        US","East US 2","East Asia","Australia East","Germany West Central","Japan
        East","UK South","West US","Central US","North Central US","South Central
        US","Korea Central","Brazil South","West US 3","France Central","South Africa
        North","Norway East","Switzerland North","UAE North","Canada East","West Central
        US","UK West","Central India","Switzerland West"],"apiVersions":["2024-03-01","2024-02-02-preview","2023-11-02-preview","2023-08-01-preview","2023-05-02-preview","2023-05-01","2023-04-01-preview","2022-11-01-preview"],"defaultApiVersion":"2023-05-01","capabilities":"CrossResourceGroupResourceMove,
        CrossSubscriptionResourceMove, SupportsTags, SupportsLocation"},{"resourceType":"containerApps","locations":["Central
        US EUAP","East US 2 EUAP","North Central US (Stage)","West US 2","Southeast
        Asia","Sweden Central","Canada Central","West Europe","North Europe","East
        US","East US 2","East Asia","Australia East","Germany West Central","Japan
        East","UK South","West US","Central US","North Central US","South Central
        US","Korea Central","Brazil South","West US 3","France Central","South Africa
        North","Norway East","Switzerland North","UAE North","Canada East","West Central
        US","UK West","Central India","Switzerland West"],"apiVersions":["2024-03-01","2024-02-02-preview","2023-11-02-preview","2023-08-01-preview","2023-05-02-preview","2023-05-01","2023-04-01-preview","2022-11-01-preview","2022-10-01","2022-06-01-preview","2022-03-01"],"defaultApiVersion":"2023-05-01","capabilities":"CrossResourceGroupResourceMove,
        CrossSubscriptionResourceMove, SystemAssignedResourceIdentity, SupportsTags,
        SupportsLocation"},{"resourceType":"containerApps/privateEndpointConnectionProxies","locations":["Central
        US EUAP","East US 2 EUAP","North Central US (Stage)","West US 2","Southeast
        Asia","Sweden Central","Canada Central","West Europe","North Europe","East
        US","East US 2","East Asia","Australia East","Germany West Central","Japan
        East","UK South","West US","Central US","North Central US","South Central
        US","Korea Central","Brazil South","West US 3","France Central","South Africa
        North","Norway East","Switzerland North","UAE North","Canada East","West Central
        US","UK West","Central India","Switzerland West"],"apiVersions":["2024-02-02-preview","2023-11-02-preview"],"defaultApiVersion":"2023-11-02-preview","capabilities":"None"},{"resourceType":"managedEnvironments/privateEndpointConnectionProxies","locations":["Central
        US EUAP","East US 2 EUAP","North Central US (Stage)","West US 2","Southeast
        Asia","Sweden Central","Canada Central","West Europe","North Europe","East
        US","East US 2","East Asia","Australia East","Germany West Central","Japan
        East","UK South","West US","Central US","North Central US","South Central
        US","Korea Central","Brazil South","West US 3","France Central","South Africa
        North","Norway East","Switzerland North","UAE North","Canada East","West Central
        US","UK West","Central India","Switzerland West"],"apiVersions":["2024-02-02-preview","2023-11-02-preview"],"defaultApiVersion":"2023-11-02-preview","capabilities":"None"},{"resourceType":"sessionPools","locations":["Central
        US EUAP","East US 2 EUAP","North Central US (Stage)","West US 2","Southeast
        Asia","Sweden Central","Canada Central","West Europe","North Europe","East
        US","East US 2","East Asia","Australia East","Germany West Central","Japan
        East","UK South","West US","Central US","North Central US","South Central
        US","Korea Central","Brazil South","West US 3","France Central","South Africa
        North","Norway East","Switzerland North","UAE North","Canada East","West Central
        US","UK West","Central India","Switzerland West"],"apiVersions":["2024-02-02-preview","2023-11-02-preview","2023-08-01-preview"],"defaultApiVersion":"2023-08-01-preview","capabilities":"CrossResourceGroupResourceMove,
        CrossSubscriptionResourceMove, SystemAssignedResourceIdentity, SupportsTags,
        SupportsLocation"},{"resourceType":"jobs","locations":["Central US EUAP","East
        US 2 EUAP","North Central US (Stage)","West US 2","Southeast Asia","Sweden
        Central","Canada Central","West Europe","North Europe","East US","East US
        2","East Asia","Australia East","Germany West Central","Japan East","UK South","West
        US","Central US","North Central US","South Central US","Korea Central","Brazil
        South","West US 3","France Central","South Africa North","Norway East","Switzerland
        North","UAE North","Canada East","West Central US","UK West","Central India","Switzerland
        West"],"apiVersions":["2024-03-01","2024-02-02-preview","2023-11-02-preview","2023-08-01-preview","2023-05-02-preview","2023-05-01","2023-04-01-preview","2022-11-01-preview"],"defaultApiVersion":"2023-05-01","capabilities":"CrossResourceGroupResourceMove,
        CrossSubscriptionResourceMove, SystemAssignedResourceIdentity, SupportsTags,
        SupportsLocation"},{"resourceType":"locations","locations":[],"apiVersions":["2024-03-01","2024-02-02-preview","2023-11-02-preview","2023-08-01-preview","2023-05-02-preview","2023-05-01","2023-04-01-preview","2022-11-01-preview","2022-10-01","2022-06-01-preview","2022-03-01"],"defaultApiVersion":"2023-05-01","capabilities":"None"},{"resourceType":"locations/managedEnvironmentOperationResults","locations":["Central
        US EUAP","East US 2 EUAP","North Central US (Stage)","West US 2","Southeast
        Asia","Sweden Central","Canada Central","West Europe","North Europe","East
        US","East US 2","East Asia","Australia East","Germany West Central","Japan
        East","UK South","West US","Central US","North Central US","South Central
        US","Korea Central","Brazil South","West US 3","France Central","South Africa
        North","Norway East","Switzerland North","UAE North","Canada East","West Central
        US","UK West","Central India","Switzerland West"],"apiVersions":["2024-03-01","2024-02-02-preview","2023-11-02-preview","2023-08-01-preview","2023-05-02-preview","2023-05-01","2023-04-01-preview","2022-11-01-preview","2022-10-01","2022-06-01-preview","2022-03-01"],"defaultApiVersion":"2023-05-01","capabilities":"None"},{"resourceType":"locations/managedEnvironmentOperationStatuses","locations":["Central
        US EUAP","East US 2 EUAP","North Central US (Stage)","West US 2","Southeast
        Asia","Sweden Central","Canada Central","West Europe","North Europe","East
        US","East US 2","East Asia","Australia East","Germany West Central","Japan
        East","UK South","West US","Central US","North Central US","South Central
        US","Korea Central","Brazil South","West US 3","France Central","South Africa
        North","Norway East","Switzerland North","UAE North","Canada East","West Central
        US","UK West","Central India","Switzerland West"],"apiVersions":["2024-03-01","2024-02-02-preview","2023-11-02-preview","2023-08-01-preview","2023-05-02-preview","2023-05-01","2023-04-01-preview","2022-11-01-preview","2022-10-01","2022-06-01-preview","2022-03-01"],"defaultApiVersion":"2023-05-01","capabilities":"None"},{"resourceType":"locations/containerappOperationResults","locations":["Central
        US EUAP","East US 2 EUAP","North Central US (Stage)","West US 2","Southeast
        Asia","Sweden Central","Canada Central","West Europe","North Europe","East
        US","East US 2","East Asia","Australia East","Germany West Central","Japan
        East","UK South","West US","Central US","North Central US","South Central
        US","Korea Central","Brazil South","West US 3","France Central","South Africa
        North","Norway East","Switzerland North","UAE North","Canada East","West Central
        US","UK West","Central India","Switzerland West"],"apiVersions":["2024-03-01","2024-02-02-preview","2023-11-02-preview","2023-08-01-preview","2023-05-02-preview","2023-05-01","2023-04-01-preview","2022-11-01-preview","2022-10-01","2022-06-01-preview","2022-03-01"],"defaultApiVersion":"2023-05-01","capabilities":"None"},{"resourceType":"locations/containerappOperationStatuses","locations":["Central
        US EUAP","East US 2 EUAP","North Central US (Stage)","West US 2","Southeast
        Asia","Sweden Central","Canada Central","West Europe","North Europe","East
        US","East US 2","East Asia","Australia East","Germany West Central","Japan
        East","UK South","West US","Central US","North Central US","South Central
        US","Korea Central","Brazil South","West US 3","France Central","South Africa
        North","Norway East","Switzerland North","UAE North","Canada East","West Central
        US","UK West","Central India","Switzerland West"],"apiVersions":["2024-03-01","2024-02-02-preview","2023-11-02-preview","2023-08-01-preview","2023-05-02-preview","2023-05-01","2023-04-01-preview","2022-11-01-preview","2022-10-01","2022-06-01-preview","2022-03-01"],"defaultApiVersion":"2023-05-01","capabilities":"None"},{"resourceType":"locations/containerappsjobOperationResults","locations":["Central
        US EUAP","East US 2 EUAP","North Central US (Stage)","West US 2","Southeast
        Asia","Sweden Central","Canada Central","West Europe","North Europe","East
        US","East US 2","East Asia","Australia East","Germany West Central","Japan
        East","UK South","West US","Central US","North Central US","South Central
        US","Korea Central","Brazil South","West US 3","France Central","South Africa
        North","Norway East","Switzerland North","UAE North","Canada East","West Central
        US","UK West","Central India","Switzerland West"],"apiVersions":["2024-03-01","2024-02-02-preview","2023-11-02-preview","2023-08-01-preview","2023-05-02-preview","2023-05-01","2023-04-01-preview","2022-11-01-preview"],"defaultApiVersion":"2023-05-01","capabilities":"None"},{"resourceType":"locations/containerappsjobOperationStatuses","locations":["Central
        US EUAP","East US 2 EUAP","North Central US (Stage)","West US 2","Southeast
        Asia","Sweden Central","Canada Central","West Europe","North Europe","East
        US","East US 2","East Asia","Australia East","Germany West Central","Japan
        East","UK South","West US","Central US","North Central US","South Central
        US","Korea Central","Brazil South","West US 3","France Central","South Africa
        North","Norway East","Switzerland North","UAE North","Canada East","West Central
        US","UK West","Central India","Switzerland West"],"apiVersions":["2024-03-01","2024-02-02-preview","2023-11-02-preview","2023-08-01-preview","2023-05-02-preview","2023-05-01","2023-04-01-preview","2022-11-01-preview"],"defaultApiVersion":"2023-05-01","capabilities":"None"},{"resourceType":"locations/sourceControlOperationResults","locations":["Central
        US EUAP","East US 2 EUAP","North Central US (Stage)","West US 2","Southeast
        Asia","Sweden Central","Canada Central","West Europe","North Europe","East
        US","East US 2","East Asia","Australia East","Germany West Central","Japan
        East","UK South","West US","Central US","North Central US","South Central
        US","Korea Central","Brazil South","West US 3","France Central","South Africa
        North","Norway East","Switzerland North","UAE North","Canada East","West Central
        US","UK West","Central India","Switzerland West"],"apiVersions":["2024-03-01","2024-02-02-preview","2023-11-02-preview","2023-08-01-preview","2023-05-02-preview","2023-05-01","2023-04-01-preview","2022-11-01-preview","2022-10-01","2022-06-01-preview","2022-03-01"],"defaultApiVersion":"2023-05-01","capabilities":"None"},{"resourceType":"locations/sourceControlOperationStatuses","locations":["Central
        US EUAP","East US 2 EUAP","North Central US (Stage)","West US 2","Southeast
        Asia","Sweden Central","Canada Central","West Europe","North Europe","East
        US","East US 2","East Asia","Australia East","Germany West Central","Japan
        East","UK South","West US","Central US","North Central US","South Central
        US","Korea Central","Brazil South","West US 3","France Central","South Africa
        North","Norway East","Switzerland North","UAE North","Canada East","West Central
        US","UK West","Central India","Switzerland West"],"apiVersions":["2024-03-01","2024-02-02-preview","2023-11-02-preview","2023-08-01-preview","2023-05-02-preview","2023-05-01","2023-04-01-preview","2022-11-01-preview","2022-10-01","2022-06-01-preview","2022-03-01"],"defaultApiVersion":"2023-05-01","capabilities":"None"},{"resourceType":"locations/usages","locations":["Central
        US EUAP","East US 2 EUAP","North Central US (Stage)","West US 2","Southeast
        Asia","Sweden Central","Canada Central","West Europe","North Europe","East
        US","East US 2","East Asia","Australia East","Germany West Central","Japan
        East","UK South","West US","Central US","North Central US","South Central
        US","Korea Central","Brazil South","West US 3","France Central","South Africa
        North","Norway East","Switzerland North","UAE North","Canada East","West Central
        US","UK West","Central India","Switzerland West"],"apiVersions":["2024-03-01","2024-02-02-preview","2023-11-02-preview","2023-08-01-preview","2023-05-02-preview"],"defaultApiVersion":"2023-05-02-preview","capabilities":"None"},{"resourceType":"connectedEnvironments","locations":["Central
        US EUAP","East US 2 EUAP","North Central US (Stage)","North Central US","East
        US","East Asia","West Europe","Southeast Asia"],"apiVersions":["2024-03-01","2024-02-02-preview","2023-11-02-preview","2023-08-01-preview","2023-05-02-preview","2023-05-01","2023-04-01-preview","2022-11-01-preview","2022-10-01","2022-06-01-preview"],"defaultApiVersion":"2023-05-01","capabilities":"CrossResourceGroupResourceMove,
        CrossSubscriptionResourceMove, SupportsTags, SupportsLocation"},{"resourceType":"connectedEnvironments/certificates","locations":["Central
        US EUAP","East US 2 EUAP","North Central US (Stage)","North Central US","East
        US","East Asia","West Europe","Southeast Asia"],"apiVersions":["2024-03-01","2024-02-02-preview","2023-11-02-preview","2023-08-01-preview","2023-05-02-preview","2023-05-01","2023-04-01-preview","2022-11-01-preview","2022-10-01","2022-06-01-preview"],"defaultApiVersion":"2023-05-01","capabilities":"CrossResourceGroupResourceMove,
        CrossSubscriptionResourceMove, SupportsTags, SupportsLocation"},{"resourceType":"locations/connectedEnvironmentOperationResults","locations":["Central
        US EUAP","East US 2 EUAP","North Central US (Stage)","North Central US","East
        US","East Asia","West Europe","Southeast Asia"],"apiVersions":["2024-03-01","2024-02-02-preview","2023-11-02-preview","2023-08-01-preview","2023-05-02-preview","2023-05-01","2023-04-01-preview","2022-11-01-preview","2022-10-01","2022-06-01-preview"],"defaultApiVersion":"2023-05-01","capabilities":"None"},{"resourceType":"locations/connectedEnvironmentOperationStatuses","locations":["Central
        US EUAP","East US 2 EUAP","North Central US (Stage)","North Central US","East
        US","East Asia","West Europe","Southeast Asia"],"apiVersions":["2024-03-01","2024-02-02-preview","2023-11-02-preview","2023-08-01-preview","2023-05-02-preview","2023-05-01","2023-04-01-preview","2022-11-01-preview","2022-10-01","2022-06-01-preview"],"defaultApiVersion":"2023-05-01","capabilities":"None"},{"resourceType":"locations/managedCertificateOperationStatuses","locations":["Central
        US EUAP","East US 2 EUAP","North Central US (Stage)","West US 2","Southeast
        Asia","Sweden Central","Canada Central","West Europe","North Europe","East
        US","East US 2","East Asia","Australia East","Germany West Central","Japan
        East","UK South","West US","Central US","North Central US","South Central
        US","Korea Central","Brazil South","West US 3","France Central","South Africa
        North","Norway East","Switzerland North","UAE North","Canada East","West Central
        US","UK West","Central India","Switzerland West"],"apiVersions":["2024-03-01","2024-02-02-preview","2023-11-02-preview","2023-08-01-preview","2023-05-02-preview","2023-05-01","2023-04-01-preview","2022-11-01-preview"],"defaultApiVersion":"2023-05-01","capabilities":"None"},{"resourceType":"locations/billingMeters","locations":["Central
        US EUAP","East US 2 EUAP","North Central US (Stage)","West US 2","Southeast
        Asia","Sweden Central","Canada Central","West Europe","North Europe","East
        US","East US 2","East Asia","Australia East","Germany West Central","Japan
        East","UK South","West US","Central US","North Central US","South Central
        US","Korea Central","Brazil South","West US 3","France Central","South Africa
        North","Norway East","Switzerland North","UAE North","Canada East","West Central
        US","UK West","Central India","Switzerland West"],"apiVersions":["2024-03-01","2024-02-02-preview","2023-11-02-preview","2023-08-01-preview","2023-05-02-preview","2023-05-01","2023-04-01-preview","2022-11-01-preview","2022-10-01","2022-06-01-preview"],"defaultApiVersion":"2023-05-01","capabilities":"None"},{"resourceType":"locations/availableManagedEnvironmentsWorkloadProfileTypes","locations":["Central
        US EUAP","East US 2 EUAP","North Central US (Stage)","West US 2","Southeast
        Asia","Sweden Central","Canada Central","West Europe","North Europe","East
        US","East US 2","East Asia","Australia East","Germany West Central","Japan
        East","UK South","West US","Central US","North Central US","South Central
        US","Korea Central","Brazil South","West US 3","France Central","South Africa
        North","Norway East","Switzerland North","UAE North","Canada East","West Central
        US","UK West","Central India","Switzerland West"],"apiVersions":["2024-03-01","2024-02-02-preview","2023-11-02-preview","2023-08-01-preview","2023-05-02-preview","2023-05-01","2023-04-01-preview","2022-11-01-preview","2022-10-01","2022-06-01-preview"],"defaultApiVersion":"2023-05-01","capabilities":"None"},{"resourceType":"getCustomDomainVerificationId","locations":["Central
        US EUAP","East US 2 EUAP","North Central US (Stage)","West US 2","Southeast
        Asia","Sweden Central","Canada Central","West Europe","North Europe","East
        US","East US 2","East Asia","Australia East","Germany West Central","Japan
        East","UK South","West US","Central US","North Central US","South Central
        US","Korea Central","Brazil South","West US 3","France Central","South Africa
        North","Norway East","Switzerland North","UAE North","Canada East","West Central
        US","UK West","Central India","Italy North","Poland Central","Switzerland
        West"],"apiVersions":["2024-03-01","2024-02-02-preview","2023-11-02-preview","2023-08-01-preview","2023-05-02-preview"],"defaultApiVersion":"2023-05-02-preview","capabilities":"None"},{"resourceType":"builders","locations":["Central
        US EUAP","East US 2 EUAP","North Central US (Stage)","West US 2","Southeast
        Asia","Sweden Central","Canada Central","West Europe","North Europe","East
        US","East US 2","East Asia","Australia East","Germany West Central","Japan
        East","UK South","West US","Central US","North Central US","South Central
        US","Korea Central","Brazil South","West US 3","France Central","South Africa
        North","Norway East","Switzerland North","UAE North","Canada East","West Central
        US","UK West","Central India","Switzerland West"],"apiVersions":["2024-02-02-preview","2023-11-02-preview","2023-08-01-preview"],"defaultApiVersion":"2023-08-01-preview","capabilities":"CrossResourceGroupResourceMove,
        CrossSubscriptionResourceMove, SystemAssignedResourceIdentity, SupportsTags,
        SupportsLocation"},{"resourceType":"builders/builds","locations":["Central
        US EUAP","East US 2 EUAP","North Central US (Stage)","West US 2","Southeast
        Asia","Sweden Central","Canada Central","West Europe","North Europe","East
        US","East US 2","East Asia","Australia East","Germany West Central","Japan
        East","UK South","West US","Central US","North Central US","South Central
        US","Korea Central","Brazil South","West US 3","France Central","South Africa
        North","Norway East","Switzerland North","UAE North","Canada East","West Central
        US","UK West","Central India","Switzerland West"],"apiVersions":["2024-02-02-preview","2023-11-02-preview","2023-08-01-preview"],"defaultApiVersion":"2023-08-01-preview","capabilities":"None"},{"resourceType":"builders/patches","locations":["North
        Central US (Stage)","Central US EUAP","East US 2 EUAP","West US 2","Southeast
        Asia","Sweden Central","Canada Central","West Europe","North Europe","East
        US","East US 2","East Asia","Australia East","Germany West Central","Japan
        East","UK South","West US","Central US","North Central US","South Central
        US","Korea Central","Brazil South","West US 3","France Central","South Africa
        North","Norway East","Switzerland North","UAE North","Canada East","West Central
        US","UK West","Central India","Switzerland West"],"apiVersions":["2024-02-02-preview","2023-11-02-preview","2023-08-01-preview"],"defaultApiVersion":"2023-08-01-preview","capabilities":"None"},{"resourceType":"locations/OperationResults","locations":["Central
        US EUAP","East US 2 EUAP","North Central US (Stage)","West US 2","Southeast
        Asia","Sweden Central","Canada Central","West Europe","North Europe","East
        US","East US 2","East Asia","Australia East","Germany West Central","Japan
        East","UK South","West US","Central US","North Central US","South Central
        US","Korea Central","Brazil South","West US 3","France Central","South Africa
        North","Norway East","Switzerland North","UAE North","Canada East","West Central
        US","UK West","Central India","Switzerland West"],"apiVersions":["2024-02-02-preview","2023-11-02-preview","2023-08-01-preview"],"defaultApiVersion":"2023-08-01-preview","capabilities":"None"},{"resourceType":"locations/OperationStatuses","locations":["Central
        US EUAP","East US 2 EUAP","North Central US (Stage)","West US 2","Southeast
        Asia","Sweden Central","Canada Central","West Europe","North Europe","East
        US","East US 2","East Asia","Australia East","Germany West Central","Japan
        East","UK South","West US","Central US","North Central US","South Central
        US","Korea Central","Brazil South","West US 3","France Central","South Africa
        North","Norway East","Switzerland North","UAE North","Canada East","West Central
        US","UK West","Central India","Switzerland West"],"apiVersions":["2024-02-02-preview","2023-11-02-preview","2023-08-01-preview"],"defaultApiVersion":"2023-08-01-preview","capabilities":"None"},{"resourceType":"managedEnvironments/dotNetComponents","locations":["Central
        US EUAP","East US 2 EUAP","North Central US (Stage)","West US 2","Southeast
        Asia","Sweden Central","Canada Central","West Europe","North Europe","East
        US","East US 2","East Asia","Australia East","Germany West Central","Japan
        East","UK South","West US","Central US","North Central US","South Central
        US","Korea Central","Brazil South","West US 3","France Central","South Africa
        North","Norway East","Switzerland North","UAE North","Canada East","West Central
        US","UK West","Central India","Switzerland West"],"apiVersions":["2024-02-02-preview","2023-11-02-preview"],"defaultApiVersion":"2023-11-02-preview","capabilities":"None"},{"resourceType":"managedEnvironments/javaComponents","locations":["Central
        US EUAP","East US 2 EUAP","North Central US (Stage)","West US 2","Southeast
        Asia","Sweden Central","Canada Central","West Europe","North Europe","East
        US","East US 2","East Asia","Australia East","Germany West Central","Japan
        East","UK South","West US","Central US","North Central US","South Central
        US","Korea Central","Brazil South","West US 3","France Central","South Africa
        North","Norway East","Switzerland North","UAE North","Canada East","West Central
        US","UK West","Central India","Switzerland West"],"apiVersions":["2024-02-02-preview","2023-11-02-preview"],"defaultApiVersion":"2023-11-02-preview","capabilities":"None"},{"resourceType":"managedEnvironments/daprComponents","locations":["Central
        US EUAP","East US 2 EUAP","North Central US (Stage)","West US 2","Southeast
        Asia","Sweden Central","Canada Central","West Europe","North Europe","East
        US","East US 2","East Asia","Australia East","Germany West Central","Japan
        East","UK South","West US","Central US","North Central US","South Central
        US","Korea Central","Brazil South","West US 3","France Central","South Africa
        North","Norway East","Switzerland North","UAE North","Canada East","West Central
        US","UK West","Central India","Switzerland West"],"apiVersions":["2024-03-01","2024-02-02-preview","2023-11-02-preview","2023-08-01-preview","2023-05-02-preview","2023-05-01","2023-04-01-preview","2022-11-01-preview","2022-10-01","2022-06-01-preview","2022-03-01"],"defaultApiVersion":"2023-05-01","capabilities":"None"},{"resourceType":"functions","locations":["North
        Central US (Stage)","Central US EUAP","West Central US"],"apiVersions":["2024-02-02-preview"],"capabilities":"SupportsExtension"}],"registrationState":"Registered","registrationPolicy":"RegistrationRequired"}'
    headers:
      cache-control:
      - no-cache
      content-length:
      - '27815'
      content-type:
      - application/json; charset=utf-8
      date:
      - Tue, 23 Apr 2024 03:44:24 GMT
      expires:
      - '-1'
      pragma:
      - no-cache
      strict-transport-security:
      - max-age=31536000; includeSubDomains
      x-cache:
      - CONFIG_NOCACHE
      x-content-type-options:
      - nosniff
      x-msedge-ref:
      - 'Ref A: ADF0D123CB814ABEBDABDAB182DB5B28 Ref B: MAA201060513017 Ref C: 2024-04-23T03:44:25Z'
    status:
      code: 200
      message: OK
- request:
    body: null
    headers:
      Accept:
      - '*/*'
      Accept-Encoding:
      - gzip, deflate
      CommandName:
      - containerapp list
      Connection:
      - keep-alive
      ParameterSetName:
      - -g
      User-Agent:
      - python/3.10.11 (Windows-10-10.0.22631-SP0) AZURECLI/2.59.0
    method: GET
    uri: https://management.azure.com/subscriptions/00000000-0000-0000-0000-000000000000/resourceGroups/clitest.rg000001/providers/Microsoft.App/containerApps?api-version=2024-02-02-preview
  response:
    body:
      string: '{"value":[]}'
    headers:
      cache-control:
      - no-cache
      content-length:
      - '12'
      content-type:
      - application/json; charset=utf-8
      date:
      - Tue, 23 Apr 2024 03:44:25 GMT
      expires:
      - '-1'
      pragma:
      - no-cache
      strict-transport-security:
      - max-age=31536000; includeSubDomains
      x-cache:
      - CONFIG_NOCACHE
      x-content-type-options:
      - nosniff
      x-msedge-ref:
      - 'Ref A: B4ECBFCA233343AAA72A1E2EC5F0B2DC Ref B: MAA201060515031 Ref C: 2024-04-23T03:44:25Z'
    status:
      code: 200
      message: OK
- request:
    body: null
    headers:
      Accept:
      - application/json
      Accept-Encoding:
      - gzip, deflate
      CommandName:
      - containerapp env delete
      Connection:
      - keep-alive
      ParameterSetName:
      - -g -n --yes
      User-Agent:
      - AZURECLI/2.59.0 azsdk-python-core/1.28.0 Python/3.10.11 (Windows-10-10.0.22631-SP0)
    method: GET
    uri: https://management.azure.com/subscriptions/00000000-0000-0000-0000-000000000000/providers/Microsoft.App?api-version=2022-09-01
  response:
    body:
      string: '{"id":"/subscriptions/00000000-0000-0000-0000-000000000000/providers/Microsoft.App","namespace":"Microsoft.App","authorizations":[{"applicationId":"7e3bc4fd-85a3-4192-b177-5b8bfc87f42c","roleDefinitionId":"39a74f72-b40f-4bdc-b639-562fe2260bf0"},{"applicationId":"3734c1a4-2bed-4998-a37a-ff1a9e7bf019","roleDefinitionId":"5c779a4f-5cb2-4547-8c41-478d9be8ba90"},{"applicationId":"55ebbb62-3b9c-49fd-9b87-9595226dd4ac","roleDefinitionId":"e49ca620-7992-4561-a7df-4ed67dad77b5","managedByRoleDefinitionId":"9e3af657-a8ff-583c-a75c-2fe7c4bcb635"},{"applicationId":"1459b1f6-7a5b-4300-93a2-44b4a651759f","roleDefinitionId":"3c5f1b29-9e3d-4a22-b5d6-9ff4e5a37974"}],"resourceTypes":[{"resourceType":"operations","locations":["North
        Central US (Stage)","Central US EUAP","East US 2 EUAP","West US 2","Southeast
        Asia","Sweden Central","Canada Central","West Europe","North Europe","East
        US","East US 2","East Asia","Australia East","Germany West Central","Japan
        East","UK South","West US","Central US","North Central US","South Central
        US","Korea Central","Brazil South","West US 3","France Central","South Africa
        North","Norway East","Switzerland North","UAE North","Canada East","West Central
        US","UK West","Central India"],"apiVersions":["2024-02-02-preview","2023-11-02-preview","2023-08-01-preview","2023-05-02-preview","2023-05-01","2023-04-01-preview","2023-02-01","2022-11-01-preview","2022-10-01","2022-06-01-preview","2022-03-01"],"defaultApiVersion":"2023-11-02-preview","capabilities":"None"},{"resourceType":"managedEnvironments","locations":["Central
        US EUAP","East US 2 EUAP","North Central US (Stage)","West US 2","Southeast
        Asia","Sweden Central","Canada Central","West Europe","North Europe","East
        US","East US 2","East Asia","Australia East","Germany West Central","Japan
        East","UK South","West US","Central US","North Central US","South Central
        US","Korea Central","Brazil South","West US 3","France Central","South Africa
        North","Norway East","Switzerland North","UAE North","Canada East","West Central
        US","UK West","Central India","Switzerland West"],"apiVersions":["2024-03-01","2024-02-02-preview","2023-11-02-preview","2023-08-01-preview","2023-05-02-preview","2023-05-01","2023-04-01-preview","2022-11-01-preview","2022-10-01","2022-06-01-preview","2022-03-01"],"defaultApiVersion":"2023-05-01","capabilities":"CrossResourceGroupResourceMove,
        CrossSubscriptionResourceMove, SystemAssignedResourceIdentity, SupportsTags,
        SupportsLocation"},{"resourceType":"managedEnvironments/certificates","locations":["Central
        US EUAP","East US 2 EUAP","North Central US (Stage)","West US 2","Southeast
        Asia","Sweden Central","Canada Central","West Europe","North Europe","East
        US","East US 2","East Asia","Australia East","Germany West Central","Japan
        East","UK South","West US","Central US","North Central US","South Central
        US","Korea Central","Brazil South","West US 3","France Central","South Africa
        North","Norway East","Switzerland North","UAE North","Canada East","West Central
        US","UK West","Central India","Switzerland West"],"apiVersions":["2024-03-01","2024-02-02-preview","2023-11-02-preview","2023-08-01-preview","2023-05-02-preview","2023-05-01","2023-04-01-preview","2022-11-01-preview","2022-10-01","2022-06-01-preview","2022-03-01"],"defaultApiVersion":"2023-05-01","capabilities":"CrossResourceGroupResourceMove,
        CrossSubscriptionResourceMove, SupportsTags, SupportsLocation"},{"resourceType":"managedEnvironments/managedCertificates","locations":["Central
        US EUAP","East US 2 EUAP","North Central US (Stage)","West US 2","Southeast
        Asia","Sweden Central","Canada Central","West Europe","North Europe","East
        US","East US 2","East Asia","Australia East","Germany West Central","Japan
        East","UK South","West US","Central US","North Central US","South Central
        US","Korea Central","Brazil South","West US 3","France Central","South Africa
        North","Norway East","Switzerland North","UAE North","Canada East","West Central
        US","UK West","Central India","Switzerland West"],"apiVersions":["2024-03-01","2024-02-02-preview","2023-11-02-preview","2023-08-01-preview","2023-05-02-preview","2023-05-01","2023-04-01-preview","2022-11-01-preview"],"defaultApiVersion":"2023-05-01","capabilities":"CrossResourceGroupResourceMove,
        CrossSubscriptionResourceMove, SupportsTags, SupportsLocation"},{"resourceType":"containerApps","locations":["Central
        US EUAP","East US 2 EUAP","North Central US (Stage)","West US 2","Southeast
        Asia","Sweden Central","Canada Central","West Europe","North Europe","East
        US","East US 2","East Asia","Australia East","Germany West Central","Japan
        East","UK South","West US","Central US","North Central US","South Central
        US","Korea Central","Brazil South","West US 3","France Central","South Africa
        North","Norway East","Switzerland North","UAE North","Canada East","West Central
        US","UK West","Central India","Switzerland West"],"apiVersions":["2024-03-01","2024-02-02-preview","2023-11-02-preview","2023-08-01-preview","2023-05-02-preview","2023-05-01","2023-04-01-preview","2022-11-01-preview","2022-10-01","2022-06-01-preview","2022-03-01"],"defaultApiVersion":"2023-05-01","capabilities":"CrossResourceGroupResourceMove,
        CrossSubscriptionResourceMove, SystemAssignedResourceIdentity, SupportsTags,
        SupportsLocation"},{"resourceType":"containerApps/privateEndpointConnectionProxies","locations":["Central
        US EUAP","East US 2 EUAP","North Central US (Stage)","West US 2","Southeast
        Asia","Sweden Central","Canada Central","West Europe","North Europe","East
        US","East US 2","East Asia","Australia East","Germany West Central","Japan
        East","UK South","West US","Central US","North Central US","South Central
        US","Korea Central","Brazil South","West US 3","France Central","South Africa
        North","Norway East","Switzerland North","UAE North","Canada East","West Central
        US","UK West","Central India","Switzerland West"],"apiVersions":["2024-02-02-preview","2023-11-02-preview"],"defaultApiVersion":"2023-11-02-preview","capabilities":"None"},{"resourceType":"managedEnvironments/privateEndpointConnectionProxies","locations":["Central
        US EUAP","East US 2 EUAP","North Central US (Stage)","West US 2","Southeast
        Asia","Sweden Central","Canada Central","West Europe","North Europe","East
        US","East US 2","East Asia","Australia East","Germany West Central","Japan
        East","UK South","West US","Central US","North Central US","South Central
        US","Korea Central","Brazil South","West US 3","France Central","South Africa
        North","Norway East","Switzerland North","UAE North","Canada East","West Central
        US","UK West","Central India","Switzerland West"],"apiVersions":["2024-02-02-preview","2023-11-02-preview"],"defaultApiVersion":"2023-11-02-preview","capabilities":"None"},{"resourceType":"sessionPools","locations":["Central
        US EUAP","East US 2 EUAP","North Central US (Stage)","West US 2","Southeast
        Asia","Sweden Central","Canada Central","West Europe","North Europe","East
        US","East US 2","East Asia","Australia East","Germany West Central","Japan
        East","UK South","West US","Central US","North Central US","South Central
        US","Korea Central","Brazil South","West US 3","France Central","South Africa
        North","Norway East","Switzerland North","UAE North","Canada East","West Central
        US","UK West","Central India","Switzerland West"],"apiVersions":["2024-02-02-preview","2023-11-02-preview","2023-08-01-preview"],"defaultApiVersion":"2023-08-01-preview","capabilities":"CrossResourceGroupResourceMove,
        CrossSubscriptionResourceMove, SystemAssignedResourceIdentity, SupportsTags,
        SupportsLocation"},{"resourceType":"jobs","locations":["Central US EUAP","East
        US 2 EUAP","North Central US (Stage)","West US 2","Southeast Asia","Sweden
        Central","Canada Central","West Europe","North Europe","East US","East US
        2","East Asia","Australia East","Germany West Central","Japan East","UK South","West
        US","Central US","North Central US","South Central US","Korea Central","Brazil
        South","West US 3","France Central","South Africa North","Norway East","Switzerland
        North","UAE North","Canada East","West Central US","UK West","Central India","Switzerland
        West"],"apiVersions":["2024-03-01","2024-02-02-preview","2023-11-02-preview","2023-08-01-preview","2023-05-02-preview","2023-05-01","2023-04-01-preview","2022-11-01-preview"],"defaultApiVersion":"2023-05-01","capabilities":"CrossResourceGroupResourceMove,
        CrossSubscriptionResourceMove, SystemAssignedResourceIdentity, SupportsTags,
        SupportsLocation"},{"resourceType":"locations","locations":[],"apiVersions":["2024-03-01","2024-02-02-preview","2023-11-02-preview","2023-08-01-preview","2023-05-02-preview","2023-05-01","2023-04-01-preview","2022-11-01-preview","2022-10-01","2022-06-01-preview","2022-03-01"],"defaultApiVersion":"2023-05-01","capabilities":"None"},{"resourceType":"locations/managedEnvironmentOperationResults","locations":["Central
        US EUAP","East US 2 EUAP","North Central US (Stage)","West US 2","Southeast
        Asia","Sweden Central","Canada Central","West Europe","North Europe","East
        US","East US 2","East Asia","Australia East","Germany West Central","Japan
        East","UK South","West US","Central US","North Central US","South Central
        US","Korea Central","Brazil South","West US 3","France Central","South Africa
        North","Norway East","Switzerland North","UAE North","Canada East","West Central
        US","UK West","Central India","Switzerland West"],"apiVersions":["2024-03-01","2024-02-02-preview","2023-11-02-preview","2023-08-01-preview","2023-05-02-preview","2023-05-01","2023-04-01-preview","2022-11-01-preview","2022-10-01","2022-06-01-preview","2022-03-01"],"defaultApiVersion":"2023-05-01","capabilities":"None"},{"resourceType":"locations/managedEnvironmentOperationStatuses","locations":["Central
        US EUAP","East US 2 EUAP","North Central US (Stage)","West US 2","Southeast
        Asia","Sweden Central","Canada Central","West Europe","North Europe","East
        US","East US 2","East Asia","Australia East","Germany West Central","Japan
        East","UK South","West US","Central US","North Central US","South Central
        US","Korea Central","Brazil South","West US 3","France Central","South Africa
        North","Norway East","Switzerland North","UAE North","Canada East","West Central
        US","UK West","Central India","Switzerland West"],"apiVersions":["2024-03-01","2024-02-02-preview","2023-11-02-preview","2023-08-01-preview","2023-05-02-preview","2023-05-01","2023-04-01-preview","2022-11-01-preview","2022-10-01","2022-06-01-preview","2022-03-01"],"defaultApiVersion":"2023-05-01","capabilities":"None"},{"resourceType":"locations/containerappOperationResults","locations":["Central
        US EUAP","East US 2 EUAP","North Central US (Stage)","West US 2","Southeast
        Asia","Sweden Central","Canada Central","West Europe","North Europe","East
        US","East US 2","East Asia","Australia East","Germany West Central","Japan
        East","UK South","West US","Central US","North Central US","South Central
        US","Korea Central","Brazil South","West US 3","France Central","South Africa
        North","Norway East","Switzerland North","UAE North","Canada East","West Central
        US","UK West","Central India","Switzerland West"],"apiVersions":["2024-03-01","2024-02-02-preview","2023-11-02-preview","2023-08-01-preview","2023-05-02-preview","2023-05-01","2023-04-01-preview","2022-11-01-preview","2022-10-01","2022-06-01-preview","2022-03-01"],"defaultApiVersion":"2023-05-01","capabilities":"None"},{"resourceType":"locations/containerappOperationStatuses","locations":["Central
        US EUAP","East US 2 EUAP","North Central US (Stage)","West US 2","Southeast
        Asia","Sweden Central","Canada Central","West Europe","North Europe","East
        US","East US 2","East Asia","Australia East","Germany West Central","Japan
        East","UK South","West US","Central US","North Central US","South Central
        US","Korea Central","Brazil South","West US 3","France Central","South Africa
        North","Norway East","Switzerland North","UAE North","Canada East","West Central
        US","UK West","Central India","Switzerland West"],"apiVersions":["2024-03-01","2024-02-02-preview","2023-11-02-preview","2023-08-01-preview","2023-05-02-preview","2023-05-01","2023-04-01-preview","2022-11-01-preview","2022-10-01","2022-06-01-preview","2022-03-01"],"defaultApiVersion":"2023-05-01","capabilities":"None"},{"resourceType":"locations/containerappsjobOperationResults","locations":["Central
        US EUAP","East US 2 EUAP","North Central US (Stage)","West US 2","Southeast
        Asia","Sweden Central","Canada Central","West Europe","North Europe","East
        US","East US 2","East Asia","Australia East","Germany West Central","Japan
        East","UK South","West US","Central US","North Central US","South Central
        US","Korea Central","Brazil South","West US 3","France Central","South Africa
        North","Norway East","Switzerland North","UAE North","Canada East","West Central
        US","UK West","Central India","Switzerland West"],"apiVersions":["2024-03-01","2024-02-02-preview","2023-11-02-preview","2023-08-01-preview","2023-05-02-preview","2023-05-01","2023-04-01-preview","2022-11-01-preview"],"defaultApiVersion":"2023-05-01","capabilities":"None"},{"resourceType":"locations/containerappsjobOperationStatuses","locations":["Central
        US EUAP","East US 2 EUAP","North Central US (Stage)","West US 2","Southeast
        Asia","Sweden Central","Canada Central","West Europe","North Europe","East
        US","East US 2","East Asia","Australia East","Germany West Central","Japan
        East","UK South","West US","Central US","North Central US","South Central
        US","Korea Central","Brazil South","West US 3","France Central","South Africa
        North","Norway East","Switzerland North","UAE North","Canada East","West Central
        US","UK West","Central India","Switzerland West"],"apiVersions":["2024-03-01","2024-02-02-preview","2023-11-02-preview","2023-08-01-preview","2023-05-02-preview","2023-05-01","2023-04-01-preview","2022-11-01-preview"],"defaultApiVersion":"2023-05-01","capabilities":"None"},{"resourceType":"locations/sourceControlOperationResults","locations":["Central
        US EUAP","East US 2 EUAP","North Central US (Stage)","West US 2","Southeast
        Asia","Sweden Central","Canada Central","West Europe","North Europe","East
        US","East US 2","East Asia","Australia East","Germany West Central","Japan
        East","UK South","West US","Central US","North Central US","South Central
        US","Korea Central","Brazil South","West US 3","France Central","South Africa
        North","Norway East","Switzerland North","UAE North","Canada East","West Central
        US","UK West","Central India","Switzerland West"],"apiVersions":["2024-03-01","2024-02-02-preview","2023-11-02-preview","2023-08-01-preview","2023-05-02-preview","2023-05-01","2023-04-01-preview","2022-11-01-preview","2022-10-01","2022-06-01-preview","2022-03-01"],"defaultApiVersion":"2023-05-01","capabilities":"None"},{"resourceType":"locations/sourceControlOperationStatuses","locations":["Central
        US EUAP","East US 2 EUAP","North Central US (Stage)","West US 2","Southeast
        Asia","Sweden Central","Canada Central","West Europe","North Europe","East
        US","East US 2","East Asia","Australia East","Germany West Central","Japan
        East","UK South","West US","Central US","North Central US","South Central
        US","Korea Central","Brazil South","West US 3","France Central","South Africa
        North","Norway East","Switzerland North","UAE North","Canada East","West Central
        US","UK West","Central India","Switzerland West"],"apiVersions":["2024-03-01","2024-02-02-preview","2023-11-02-preview","2023-08-01-preview","2023-05-02-preview","2023-05-01","2023-04-01-preview","2022-11-01-preview","2022-10-01","2022-06-01-preview","2022-03-01"],"defaultApiVersion":"2023-05-01","capabilities":"None"},{"resourceType":"locations/usages","locations":["Central
        US EUAP","East US 2 EUAP","North Central US (Stage)","West US 2","Southeast
        Asia","Sweden Central","Canada Central","West Europe","North Europe","East
        US","East US 2","East Asia","Australia East","Germany West Central","Japan
        East","UK South","West US","Central US","North Central US","South Central
        US","Korea Central","Brazil South","West US 3","France Central","South Africa
        North","Norway East","Switzerland North","UAE North","Canada East","West Central
        US","UK West","Central India","Switzerland West"],"apiVersions":["2024-03-01","2024-02-02-preview","2023-11-02-preview","2023-08-01-preview","2023-05-02-preview"],"defaultApiVersion":"2023-05-02-preview","capabilities":"None"},{"resourceType":"connectedEnvironments","locations":["Central
        US EUAP","East US 2 EUAP","North Central US (Stage)","North Central US","East
        US","East Asia","West Europe","Southeast Asia"],"apiVersions":["2024-03-01","2024-02-02-preview","2023-11-02-preview","2023-08-01-preview","2023-05-02-preview","2023-05-01","2023-04-01-preview","2022-11-01-preview","2022-10-01","2022-06-01-preview"],"defaultApiVersion":"2023-05-01","capabilities":"CrossResourceGroupResourceMove,
        CrossSubscriptionResourceMove, SupportsTags, SupportsLocation"},{"resourceType":"connectedEnvironments/certificates","locations":["Central
        US EUAP","East US 2 EUAP","North Central US (Stage)","North Central US","East
        US","East Asia","West Europe","Southeast Asia"],"apiVersions":["2024-03-01","2024-02-02-preview","2023-11-02-preview","2023-08-01-preview","2023-05-02-preview","2023-05-01","2023-04-01-preview","2022-11-01-preview","2022-10-01","2022-06-01-preview"],"defaultApiVersion":"2023-05-01","capabilities":"CrossResourceGroupResourceMove,
        CrossSubscriptionResourceMove, SupportsTags, SupportsLocation"},{"resourceType":"locations/connectedEnvironmentOperationResults","locations":["Central
        US EUAP","East US 2 EUAP","North Central US (Stage)","North Central US","East
        US","East Asia","West Europe","Southeast Asia"],"apiVersions":["2024-03-01","2024-02-02-preview","2023-11-02-preview","2023-08-01-preview","2023-05-02-preview","2023-05-01","2023-04-01-preview","2022-11-01-preview","2022-10-01","2022-06-01-preview"],"defaultApiVersion":"2023-05-01","capabilities":"None"},{"resourceType":"locations/connectedEnvironmentOperationStatuses","locations":["Central
        US EUAP","East US 2 EUAP","North Central US (Stage)","North Central US","East
        US","East Asia","West Europe","Southeast Asia"],"apiVersions":["2024-03-01","2024-02-02-preview","2023-11-02-preview","2023-08-01-preview","2023-05-02-preview","2023-05-01","2023-04-01-preview","2022-11-01-preview","2022-10-01","2022-06-01-preview"],"defaultApiVersion":"2023-05-01","capabilities":"None"},{"resourceType":"locations/managedCertificateOperationStatuses","locations":["Central
        US EUAP","East US 2 EUAP","North Central US (Stage)","West US 2","Southeast
        Asia","Sweden Central","Canada Central","West Europe","North Europe","East
        US","East US 2","East Asia","Australia East","Germany West Central","Japan
        East","UK South","West US","Central US","North Central US","South Central
        US","Korea Central","Brazil South","West US 3","France Central","South Africa
        North","Norway East","Switzerland North","UAE North","Canada East","West Central
        US","UK West","Central India","Switzerland West"],"apiVersions":["2024-03-01","2024-02-02-preview","2023-11-02-preview","2023-08-01-preview","2023-05-02-preview","2023-05-01","2023-04-01-preview","2022-11-01-preview"],"defaultApiVersion":"2023-05-01","capabilities":"None"},{"resourceType":"locations/billingMeters","locations":["Central
        US EUAP","East US 2 EUAP","North Central US (Stage)","West US 2","Southeast
        Asia","Sweden Central","Canada Central","West Europe","North Europe","East
        US","East US 2","East Asia","Australia East","Germany West Central","Japan
        East","UK South","West US","Central US","North Central US","South Central
        US","Korea Central","Brazil South","West US 3","France Central","South Africa
        North","Norway East","Switzerland North","UAE North","Canada East","West Central
        US","UK West","Central India","Switzerland West"],"apiVersions":["2024-03-01","2024-02-02-preview","2023-11-02-preview","2023-08-01-preview","2023-05-02-preview","2023-05-01","2023-04-01-preview","2022-11-01-preview","2022-10-01","2022-06-01-preview"],"defaultApiVersion":"2023-05-01","capabilities":"None"},{"resourceType":"locations/availableManagedEnvironmentsWorkloadProfileTypes","locations":["Central
        US EUAP","East US 2 EUAP","North Central US (Stage)","West US 2","Southeast
        Asia","Sweden Central","Canada Central","West Europe","North Europe","East
        US","East US 2","East Asia","Australia East","Germany West Central","Japan
        East","UK South","West US","Central US","North Central US","South Central
        US","Korea Central","Brazil South","West US 3","France Central","South Africa
        North","Norway East","Switzerland North","UAE North","Canada East","West Central
        US","UK West","Central India","Switzerland West"],"apiVersions":["2024-03-01","2024-02-02-preview","2023-11-02-preview","2023-08-01-preview","2023-05-02-preview","2023-05-01","2023-04-01-preview","2022-11-01-preview","2022-10-01","2022-06-01-preview"],"defaultApiVersion":"2023-05-01","capabilities":"None"},{"resourceType":"getCustomDomainVerificationId","locations":["Central
        US EUAP","East US 2 EUAP","North Central US (Stage)","West US 2","Southeast
        Asia","Sweden Central","Canada Central","West Europe","North Europe","East
        US","East US 2","East Asia","Australia East","Germany West Central","Japan
        East","UK South","West US","Central US","North Central US","South Central
        US","Korea Central","Brazil South","West US 3","France Central","South Africa
        North","Norway East","Switzerland North","UAE North","Canada East","West Central
        US","UK West","Central India","Italy North","Poland Central","Switzerland
        West"],"apiVersions":["2024-03-01","2024-02-02-preview","2023-11-02-preview","2023-08-01-preview","2023-05-02-preview"],"defaultApiVersion":"2023-05-02-preview","capabilities":"None"},{"resourceType":"builders","locations":["Central
        US EUAP","East US 2 EUAP","North Central US (Stage)","West US 2","Southeast
        Asia","Sweden Central","Canada Central","West Europe","North Europe","East
        US","East US 2","East Asia","Australia East","Germany West Central","Japan
        East","UK South","West US","Central US","North Central US","South Central
        US","Korea Central","Brazil South","West US 3","France Central","South Africa
        North","Norway East","Switzerland North","UAE North","Canada East","West Central
        US","UK West","Central India","Switzerland West"],"apiVersions":["2024-02-02-preview","2023-11-02-preview","2023-08-01-preview"],"defaultApiVersion":"2023-08-01-preview","capabilities":"CrossResourceGroupResourceMove,
        CrossSubscriptionResourceMove, SystemAssignedResourceIdentity, SupportsTags,
        SupportsLocation"},{"resourceType":"builders/builds","locations":["Central
        US EUAP","East US 2 EUAP","North Central US (Stage)","West US 2","Southeast
        Asia","Sweden Central","Canada Central","West Europe","North Europe","East
        US","East US 2","East Asia","Australia East","Germany West Central","Japan
        East","UK South","West US","Central US","North Central US","South Central
        US","Korea Central","Brazil South","West US 3","France Central","South Africa
        North","Norway East","Switzerland North","UAE North","Canada East","West Central
        US","UK West","Central India","Switzerland West"],"apiVersions":["2024-02-02-preview","2023-11-02-preview","2023-08-01-preview"],"defaultApiVersion":"2023-08-01-preview","capabilities":"None"},{"resourceType":"builders/patches","locations":["North
        Central US (Stage)","Central US EUAP","East US 2 EUAP","West US 2","Southeast
        Asia","Sweden Central","Canada Central","West Europe","North Europe","East
        US","East US 2","East Asia","Australia East","Germany West Central","Japan
        East","UK South","West US","Central US","North Central US","South Central
        US","Korea Central","Brazil South","West US 3","France Central","South Africa
        North","Norway East","Switzerland North","UAE North","Canada East","West Central
        US","UK West","Central India","Switzerland West"],"apiVersions":["2024-02-02-preview","2023-11-02-preview","2023-08-01-preview"],"defaultApiVersion":"2023-08-01-preview","capabilities":"None"},{"resourceType":"locations/OperationResults","locations":["Central
        US EUAP","East US 2 EUAP","North Central US (Stage)","West US 2","Southeast
        Asia","Sweden Central","Canada Central","West Europe","North Europe","East
        US","East US 2","East Asia","Australia East","Germany West Central","Japan
        East","UK South","West US","Central US","North Central US","South Central
        US","Korea Central","Brazil South","West US 3","France Central","South Africa
        North","Norway East","Switzerland North","UAE North","Canada East","West Central
        US","UK West","Central India","Switzerland West"],"apiVersions":["2024-02-02-preview","2023-11-02-preview","2023-08-01-preview"],"defaultApiVersion":"2023-08-01-preview","capabilities":"None"},{"resourceType":"locations/OperationStatuses","locations":["Central
        US EUAP","East US 2 EUAP","North Central US (Stage)","West US 2","Southeast
        Asia","Sweden Central","Canada Central","West Europe","North Europe","East
        US","East US 2","East Asia","Australia East","Germany West Central","Japan
        East","UK South","West US","Central US","North Central US","South Central
        US","Korea Central","Brazil South","West US 3","France Central","South Africa
        North","Norway East","Switzerland North","UAE North","Canada East","West Central
        US","UK West","Central India","Switzerland West"],"apiVersions":["2024-02-02-preview","2023-11-02-preview","2023-08-01-preview"],"defaultApiVersion":"2023-08-01-preview","capabilities":"None"},{"resourceType":"managedEnvironments/dotNetComponents","locations":["Central
        US EUAP","East US 2 EUAP","North Central US (Stage)","West US 2","Southeast
        Asia","Sweden Central","Canada Central","West Europe","North Europe","East
        US","East US 2","East Asia","Australia East","Germany West Central","Japan
        East","UK South","West US","Central US","North Central US","South Central
        US","Korea Central","Brazil South","West US 3","France Central","South Africa
        North","Norway East","Switzerland North","UAE North","Canada East","West Central
        US","UK West","Central India","Switzerland West"],"apiVersions":["2024-02-02-preview","2023-11-02-preview"],"defaultApiVersion":"2023-11-02-preview","capabilities":"None"},{"resourceType":"managedEnvironments/javaComponents","locations":["Central
        US EUAP","East US 2 EUAP","North Central US (Stage)","West US 2","Southeast
        Asia","Sweden Central","Canada Central","West Europe","North Europe","East
        US","East US 2","East Asia","Australia East","Germany West Central","Japan
        East","UK South","West US","Central US","North Central US","South Central
        US","Korea Central","Brazil South","West US 3","France Central","South Africa
        North","Norway East","Switzerland North","UAE North","Canada East","West Central
        US","UK West","Central India","Switzerland West"],"apiVersions":["2024-02-02-preview","2023-11-02-preview"],"defaultApiVersion":"2023-11-02-preview","capabilities":"None"},{"resourceType":"managedEnvironments/daprComponents","locations":["Central
        US EUAP","East US 2 EUAP","North Central US (Stage)","West US 2","Southeast
        Asia","Sweden Central","Canada Central","West Europe","North Europe","East
        US","East US 2","East Asia","Australia East","Germany West Central","Japan
        East","UK South","West US","Central US","North Central US","South Central
        US","Korea Central","Brazil South","West US 3","France Central","South Africa
        North","Norway East","Switzerland North","UAE North","Canada East","West Central
        US","UK West","Central India","Switzerland West"],"apiVersions":["2024-03-01","2024-02-02-preview","2023-11-02-preview","2023-08-01-preview","2023-05-02-preview","2023-05-01","2023-04-01-preview","2022-11-01-preview","2022-10-01","2022-06-01-preview","2022-03-01"],"defaultApiVersion":"2023-05-01","capabilities":"None"},{"resourceType":"functions","locations":["North
        Central US (Stage)","Central US EUAP","West Central US"],"apiVersions":["2024-02-02-preview"],"capabilities":"SupportsExtension"}],"registrationState":"Registered","registrationPolicy":"RegistrationRequired"}'
    headers:
      cache-control:
      - no-cache
      content-length:
      - '27815'
      content-type:
      - application/json; charset=utf-8
      date:
      - Tue, 23 Apr 2024 03:44:26 GMT
      expires:
      - '-1'
      pragma:
      - no-cache
      strict-transport-security:
      - max-age=31536000; includeSubDomains
      x-cache:
      - CONFIG_NOCACHE
      x-content-type-options:
      - nosniff
      x-msedge-ref:
      - 'Ref A: 98058B4958534EBF9D181ECAFAE8AE8D Ref B: MAA201060516039 Ref C: 2024-04-23T03:44:27Z'
    status:
      code: 200
      message: OK
- request:
    body: null
    headers:
      Accept:
      - '*/*'
      Accept-Encoding:
      - gzip, deflate
      CommandName:
      - containerapp env delete
      Connection:
      - keep-alive
      Content-Length:
      - '0'
      ParameterSetName:
      - -g -n --yes
      User-Agent:
      - python/3.10.11 (Windows-10-10.0.22631-SP0) AZURECLI/2.59.0
    method: DELETE
    uri: https://management.azure.com/subscriptions/00000000-0000-0000-0000-000000000000/resourceGroups/clitest.rg000001/providers/Microsoft.App/managedEnvironments/env-northcentralusstage?api-version=2024-02-02-preview
  response:
    body:
      string: ''
    headers:
      cache-control:
      - no-cache
      date:
      - Tue, 23 Apr 2024 03:44:27 GMT
      expires:
      - '-1'
      pragma:
      - no-cache
      strict-transport-security:
      - max-age=31536000; includeSubDomains
      x-cache:
      - CONFIG_NOCACHE
      x-content-type-options:
      - nosniff
      x-ms-ratelimit-remaining-subscription-deletes:
      - '14999'
      x-msedge-ref:
      - 'Ref A: 856357B4C2974049BE091073765B52D6 Ref B: MAA201060514035 Ref C: 2024-04-23T03:44:27Z'
    status:
      code: 204
      message: No Content
- request:
    body: null
    headers:
      Accept:
      - application/json
      Accept-Encoding:
      - gzip, deflate
      CommandName:
      - containerapp env list
      Connection:
      - keep-alive
      ParameterSetName:
      - -g
      User-Agent:
      - AZURECLI/2.59.0 azsdk-python-core/1.28.0 Python/3.10.11 (Windows-10-10.0.22631-SP0)
    method: GET
    uri: https://management.azure.com/subscriptions/00000000-0000-0000-0000-000000000000/providers/Microsoft.App?api-version=2022-09-01
  response:
    body:
      string: '{"id":"/subscriptions/00000000-0000-0000-0000-000000000000/providers/Microsoft.App","namespace":"Microsoft.App","authorizations":[{"applicationId":"7e3bc4fd-85a3-4192-b177-5b8bfc87f42c","roleDefinitionId":"39a74f72-b40f-4bdc-b639-562fe2260bf0"},{"applicationId":"3734c1a4-2bed-4998-a37a-ff1a9e7bf019","roleDefinitionId":"5c779a4f-5cb2-4547-8c41-478d9be8ba90"},{"applicationId":"55ebbb62-3b9c-49fd-9b87-9595226dd4ac","roleDefinitionId":"e49ca620-7992-4561-a7df-4ed67dad77b5","managedByRoleDefinitionId":"9e3af657-a8ff-583c-a75c-2fe7c4bcb635"},{"applicationId":"1459b1f6-7a5b-4300-93a2-44b4a651759f","roleDefinitionId":"3c5f1b29-9e3d-4a22-b5d6-9ff4e5a37974"}],"resourceTypes":[{"resourceType":"operations","locations":["North
        Central US (Stage)","Central US EUAP","East US 2 EUAP","West US 2","Southeast
        Asia","Sweden Central","Canada Central","West Europe","North Europe","East
        US","East US 2","East Asia","Australia East","Germany West Central","Japan
        East","UK South","West US","Central US","North Central US","South Central
        US","Korea Central","Brazil South","West US 3","France Central","South Africa
        North","Norway East","Switzerland North","UAE North","Canada East","West Central
        US","UK West","Central India"],"apiVersions":["2024-02-02-preview","2023-11-02-preview","2023-08-01-preview","2023-05-02-preview","2023-05-01","2023-04-01-preview","2023-02-01","2022-11-01-preview","2022-10-01","2022-06-01-preview","2022-03-01"],"defaultApiVersion":"2023-11-02-preview","capabilities":"None"},{"resourceType":"managedEnvironments","locations":["Central
        US EUAP","East US 2 EUAP","North Central US (Stage)","West US 2","Southeast
        Asia","Sweden Central","Canada Central","West Europe","North Europe","East
        US","East US 2","East Asia","Australia East","Germany West Central","Japan
        East","UK South","West US","Central US","North Central US","South Central
        US","Korea Central","Brazil South","West US 3","France Central","South Africa
        North","Norway East","Switzerland North","UAE North","Canada East","West Central
        US","UK West","Central India","Switzerland West"],"apiVersions":["2024-03-01","2024-02-02-preview","2023-11-02-preview","2023-08-01-preview","2023-05-02-preview","2023-05-01","2023-04-01-preview","2022-11-01-preview","2022-10-01","2022-06-01-preview","2022-03-01"],"defaultApiVersion":"2023-05-01","capabilities":"CrossResourceGroupResourceMove,
        CrossSubscriptionResourceMove, SystemAssignedResourceIdentity, SupportsTags,
        SupportsLocation"},{"resourceType":"managedEnvironments/certificates","locations":["Central
        US EUAP","East US 2 EUAP","North Central US (Stage)","West US 2","Southeast
        Asia","Sweden Central","Canada Central","West Europe","North Europe","East
        US","East US 2","East Asia","Australia East","Germany West Central","Japan
        East","UK South","West US","Central US","North Central US","South Central
        US","Korea Central","Brazil South","West US 3","France Central","South Africa
        North","Norway East","Switzerland North","UAE North","Canada East","West Central
        US","UK West","Central India","Switzerland West"],"apiVersions":["2024-03-01","2024-02-02-preview","2023-11-02-preview","2023-08-01-preview","2023-05-02-preview","2023-05-01","2023-04-01-preview","2022-11-01-preview","2022-10-01","2022-06-01-preview","2022-03-01"],"defaultApiVersion":"2023-05-01","capabilities":"CrossResourceGroupResourceMove,
        CrossSubscriptionResourceMove, SupportsTags, SupportsLocation"},{"resourceType":"managedEnvironments/managedCertificates","locations":["Central
        US EUAP","East US 2 EUAP","North Central US (Stage)","West US 2","Southeast
        Asia","Sweden Central","Canada Central","West Europe","North Europe","East
        US","East US 2","East Asia","Australia East","Germany West Central","Japan
        East","UK South","West US","Central US","North Central US","South Central
        US","Korea Central","Brazil South","West US 3","France Central","South Africa
        North","Norway East","Switzerland North","UAE North","Canada East","West Central
        US","UK West","Central India","Switzerland West"],"apiVersions":["2024-03-01","2024-02-02-preview","2023-11-02-preview","2023-08-01-preview","2023-05-02-preview","2023-05-01","2023-04-01-preview","2022-11-01-preview"],"defaultApiVersion":"2023-05-01","capabilities":"CrossResourceGroupResourceMove,
        CrossSubscriptionResourceMove, SupportsTags, SupportsLocation"},{"resourceType":"containerApps","locations":["Central
        US EUAP","East US 2 EUAP","North Central US (Stage)","West US 2","Southeast
        Asia","Sweden Central","Canada Central","West Europe","North Europe","East
        US","East US 2","East Asia","Australia East","Germany West Central","Japan
        East","UK South","West US","Central US","North Central US","South Central
        US","Korea Central","Brazil South","West US 3","France Central","South Africa
        North","Norway East","Switzerland North","UAE North","Canada East","West Central
        US","UK West","Central India","Switzerland West"],"apiVersions":["2024-03-01","2024-02-02-preview","2023-11-02-preview","2023-08-01-preview","2023-05-02-preview","2023-05-01","2023-04-01-preview","2022-11-01-preview","2022-10-01","2022-06-01-preview","2022-03-01"],"defaultApiVersion":"2023-05-01","capabilities":"CrossResourceGroupResourceMove,
        CrossSubscriptionResourceMove, SystemAssignedResourceIdentity, SupportsTags,
        SupportsLocation"},{"resourceType":"containerApps/privateEndpointConnectionProxies","locations":["Central
        US EUAP","East US 2 EUAP","North Central US (Stage)","West US 2","Southeast
        Asia","Sweden Central","Canada Central","West Europe","North Europe","East
        US","East US 2","East Asia","Australia East","Germany West Central","Japan
        East","UK South","West US","Central US","North Central US","South Central
        US","Korea Central","Brazil South","West US 3","France Central","South Africa
        North","Norway East","Switzerland North","UAE North","Canada East","West Central
        US","UK West","Central India","Switzerland West"],"apiVersions":["2024-02-02-preview","2023-11-02-preview"],"defaultApiVersion":"2023-11-02-preview","capabilities":"None"},{"resourceType":"managedEnvironments/privateEndpointConnectionProxies","locations":["Central
        US EUAP","East US 2 EUAP","North Central US (Stage)","West US 2","Southeast
        Asia","Sweden Central","Canada Central","West Europe","North Europe","East
        US","East US 2","East Asia","Australia East","Germany West Central","Japan
        East","UK South","West US","Central US","North Central US","South Central
        US","Korea Central","Brazil South","West US 3","France Central","South Africa
        North","Norway East","Switzerland North","UAE North","Canada East","West Central
        US","UK West","Central India","Switzerland West"],"apiVersions":["2024-02-02-preview","2023-11-02-preview"],"defaultApiVersion":"2023-11-02-preview","capabilities":"None"},{"resourceType":"sessionPools","locations":["Central
        US EUAP","East US 2 EUAP","North Central US (Stage)","West US 2","Southeast
        Asia","Sweden Central","Canada Central","West Europe","North Europe","East
        US","East US 2","East Asia","Australia East","Germany West Central","Japan
        East","UK South","West US","Central US","North Central US","South Central
        US","Korea Central","Brazil South","West US 3","France Central","South Africa
        North","Norway East","Switzerland North","UAE North","Canada East","West Central
        US","UK West","Central India","Switzerland West"],"apiVersions":["2024-02-02-preview","2023-11-02-preview","2023-08-01-preview"],"defaultApiVersion":"2023-08-01-preview","capabilities":"CrossResourceGroupResourceMove,
        CrossSubscriptionResourceMove, SystemAssignedResourceIdentity, SupportsTags,
        SupportsLocation"},{"resourceType":"jobs","locations":["Central US EUAP","East
        US 2 EUAP","North Central US (Stage)","West US 2","Southeast Asia","Sweden
        Central","Canada Central","West Europe","North Europe","East US","East US
        2","East Asia","Australia East","Germany West Central","Japan East","UK South","West
        US","Central US","North Central US","South Central US","Korea Central","Brazil
        South","West US 3","France Central","South Africa North","Norway East","Switzerland
        North","UAE North","Canada East","West Central US","UK West","Central India","Switzerland
        West"],"apiVersions":["2024-03-01","2024-02-02-preview","2023-11-02-preview","2023-08-01-preview","2023-05-02-preview","2023-05-01","2023-04-01-preview","2022-11-01-preview"],"defaultApiVersion":"2023-05-01","capabilities":"CrossResourceGroupResourceMove,
        CrossSubscriptionResourceMove, SystemAssignedResourceIdentity, SupportsTags,
        SupportsLocation"},{"resourceType":"locations","locations":[],"apiVersions":["2024-03-01","2024-02-02-preview","2023-11-02-preview","2023-08-01-preview","2023-05-02-preview","2023-05-01","2023-04-01-preview","2022-11-01-preview","2022-10-01","2022-06-01-preview","2022-03-01"],"defaultApiVersion":"2023-05-01","capabilities":"None"},{"resourceType":"locations/managedEnvironmentOperationResults","locations":["Central
        US EUAP","East US 2 EUAP","North Central US (Stage)","West US 2","Southeast
        Asia","Sweden Central","Canada Central","West Europe","North Europe","East
        US","East US 2","East Asia","Australia East","Germany West Central","Japan
        East","UK South","West US","Central US","North Central US","South Central
        US","Korea Central","Brazil South","West US 3","France Central","South Africa
        North","Norway East","Switzerland North","UAE North","Canada East","West Central
        US","UK West","Central India","Switzerland West"],"apiVersions":["2024-03-01","2024-02-02-preview","2023-11-02-preview","2023-08-01-preview","2023-05-02-preview","2023-05-01","2023-04-01-preview","2022-11-01-preview","2022-10-01","2022-06-01-preview","2022-03-01"],"defaultApiVersion":"2023-05-01","capabilities":"None"},{"resourceType":"locations/managedEnvironmentOperationStatuses","locations":["Central
        US EUAP","East US 2 EUAP","North Central US (Stage)","West US 2","Southeast
        Asia","Sweden Central","Canada Central","West Europe","North Europe","East
        US","East US 2","East Asia","Australia East","Germany West Central","Japan
        East","UK South","West US","Central US","North Central US","South Central
        US","Korea Central","Brazil South","West US 3","France Central","South Africa
        North","Norway East","Switzerland North","UAE North","Canada East","West Central
        US","UK West","Central India","Switzerland West"],"apiVersions":["2024-03-01","2024-02-02-preview","2023-11-02-preview","2023-08-01-preview","2023-05-02-preview","2023-05-01","2023-04-01-preview","2022-11-01-preview","2022-10-01","2022-06-01-preview","2022-03-01"],"defaultApiVersion":"2023-05-01","capabilities":"None"},{"resourceType":"locations/containerappOperationResults","locations":["Central
        US EUAP","East US 2 EUAP","North Central US (Stage)","West US 2","Southeast
        Asia","Sweden Central","Canada Central","West Europe","North Europe","East
        US","East US 2","East Asia","Australia East","Germany West Central","Japan
        East","UK South","West US","Central US","North Central US","South Central
        US","Korea Central","Brazil South","West US 3","France Central","South Africa
        North","Norway East","Switzerland North","UAE North","Canada East","West Central
        US","UK West","Central India","Switzerland West"],"apiVersions":["2024-03-01","2024-02-02-preview","2023-11-02-preview","2023-08-01-preview","2023-05-02-preview","2023-05-01","2023-04-01-preview","2022-11-01-preview","2022-10-01","2022-06-01-preview","2022-03-01"],"defaultApiVersion":"2023-05-01","capabilities":"None"},{"resourceType":"locations/containerappOperationStatuses","locations":["Central
        US EUAP","East US 2 EUAP","North Central US (Stage)","West US 2","Southeast
        Asia","Sweden Central","Canada Central","West Europe","North Europe","East
        US","East US 2","East Asia","Australia East","Germany West Central","Japan
        East","UK South","West US","Central US","North Central US","South Central
        US","Korea Central","Brazil South","West US 3","France Central","South Africa
        North","Norway East","Switzerland North","UAE North","Canada East","West Central
        US","UK West","Central India","Switzerland West"],"apiVersions":["2024-03-01","2024-02-02-preview","2023-11-02-preview","2023-08-01-preview","2023-05-02-preview","2023-05-01","2023-04-01-preview","2022-11-01-preview","2022-10-01","2022-06-01-preview","2022-03-01"],"defaultApiVersion":"2023-05-01","capabilities":"None"},{"resourceType":"locations/containerappsjobOperationResults","locations":["Central
        US EUAP","East US 2 EUAP","North Central US (Stage)","West US 2","Southeast
        Asia","Sweden Central","Canada Central","West Europe","North Europe","East
        US","East US 2","East Asia","Australia East","Germany West Central","Japan
        East","UK South","West US","Central US","North Central US","South Central
        US","Korea Central","Brazil South","West US 3","France Central","South Africa
        North","Norway East","Switzerland North","UAE North","Canada East","West Central
        US","UK West","Central India","Switzerland West"],"apiVersions":["2024-03-01","2024-02-02-preview","2023-11-02-preview","2023-08-01-preview","2023-05-02-preview","2023-05-01","2023-04-01-preview","2022-11-01-preview"],"defaultApiVersion":"2023-05-01","capabilities":"None"},{"resourceType":"locations/containerappsjobOperationStatuses","locations":["Central
        US EUAP","East US 2 EUAP","North Central US (Stage)","West US 2","Southeast
        Asia","Sweden Central","Canada Central","West Europe","North Europe","East
        US","East US 2","East Asia","Australia East","Germany West Central","Japan
        East","UK South","West US","Central US","North Central US","South Central
        US","Korea Central","Brazil South","West US 3","France Central","South Africa
        North","Norway East","Switzerland North","UAE North","Canada East","West Central
        US","UK West","Central India","Switzerland West"],"apiVersions":["2024-03-01","2024-02-02-preview","2023-11-02-preview","2023-08-01-preview","2023-05-02-preview","2023-05-01","2023-04-01-preview","2022-11-01-preview"],"defaultApiVersion":"2023-05-01","capabilities":"None"},{"resourceType":"locations/sourceControlOperationResults","locations":["Central
        US EUAP","East US 2 EUAP","North Central US (Stage)","West US 2","Southeast
        Asia","Sweden Central","Canada Central","West Europe","North Europe","East
        US","East US 2","East Asia","Australia East","Germany West Central","Japan
        East","UK South","West US","Central US","North Central US","South Central
        US","Korea Central","Brazil South","West US 3","France Central","South Africa
        North","Norway East","Switzerland North","UAE North","Canada East","West Central
        US","UK West","Central India","Switzerland West"],"apiVersions":["2024-03-01","2024-02-02-preview","2023-11-02-preview","2023-08-01-preview","2023-05-02-preview","2023-05-01","2023-04-01-preview","2022-11-01-preview","2022-10-01","2022-06-01-preview","2022-03-01"],"defaultApiVersion":"2023-05-01","capabilities":"None"},{"resourceType":"locations/sourceControlOperationStatuses","locations":["Central
        US EUAP","East US 2 EUAP","North Central US (Stage)","West US 2","Southeast
        Asia","Sweden Central","Canada Central","West Europe","North Europe","East
        US","East US 2","East Asia","Australia East","Germany West Central","Japan
        East","UK South","West US","Central US","North Central US","South Central
        US","Korea Central","Brazil South","West US 3","France Central","South Africa
        North","Norway East","Switzerland North","UAE North","Canada East","West Central
        US","UK West","Central India","Switzerland West"],"apiVersions":["2024-03-01","2024-02-02-preview","2023-11-02-preview","2023-08-01-preview","2023-05-02-preview","2023-05-01","2023-04-01-preview","2022-11-01-preview","2022-10-01","2022-06-01-preview","2022-03-01"],"defaultApiVersion":"2023-05-01","capabilities":"None"},{"resourceType":"locations/usages","locations":["Central
        US EUAP","East US 2 EUAP","North Central US (Stage)","West US 2","Southeast
        Asia","Sweden Central","Canada Central","West Europe","North Europe","East
        US","East US 2","East Asia","Australia East","Germany West Central","Japan
        East","UK South","West US","Central US","North Central US","South Central
        US","Korea Central","Brazil South","West US 3","France Central","South Africa
        North","Norway East","Switzerland North","UAE North","Canada East","West Central
        US","UK West","Central India","Switzerland West"],"apiVersions":["2024-03-01","2024-02-02-preview","2023-11-02-preview","2023-08-01-preview","2023-05-02-preview"],"defaultApiVersion":"2023-05-02-preview","capabilities":"None"},{"resourceType":"connectedEnvironments","locations":["Central
        US EUAP","East US 2 EUAP","North Central US (Stage)","North Central US","East
        US","East Asia","West Europe","Southeast Asia"],"apiVersions":["2024-03-01","2024-02-02-preview","2023-11-02-preview","2023-08-01-preview","2023-05-02-preview","2023-05-01","2023-04-01-preview","2022-11-01-preview","2022-10-01","2022-06-01-preview"],"defaultApiVersion":"2023-05-01","capabilities":"CrossResourceGroupResourceMove,
        CrossSubscriptionResourceMove, SupportsTags, SupportsLocation"},{"resourceType":"connectedEnvironments/certificates","locations":["Central
        US EUAP","East US 2 EUAP","North Central US (Stage)","North Central US","East
        US","East Asia","West Europe","Southeast Asia"],"apiVersions":["2024-03-01","2024-02-02-preview","2023-11-02-preview","2023-08-01-preview","2023-05-02-preview","2023-05-01","2023-04-01-preview","2022-11-01-preview","2022-10-01","2022-06-01-preview"],"defaultApiVersion":"2023-05-01","capabilities":"CrossResourceGroupResourceMove,
        CrossSubscriptionResourceMove, SupportsTags, SupportsLocation"},{"resourceType":"locations/connectedEnvironmentOperationResults","locations":["Central
        US EUAP","East US 2 EUAP","North Central US (Stage)","North Central US","East
        US","East Asia","West Europe","Southeast Asia"],"apiVersions":["2024-03-01","2024-02-02-preview","2023-11-02-preview","2023-08-01-preview","2023-05-02-preview","2023-05-01","2023-04-01-preview","2022-11-01-preview","2022-10-01","2022-06-01-preview"],"defaultApiVersion":"2023-05-01","capabilities":"None"},{"resourceType":"locations/connectedEnvironmentOperationStatuses","locations":["Central
        US EUAP","East US 2 EUAP","North Central US (Stage)","North Central US","East
        US","East Asia","West Europe","Southeast Asia"],"apiVersions":["2024-03-01","2024-02-02-preview","2023-11-02-preview","2023-08-01-preview","2023-05-02-preview","2023-05-01","2023-04-01-preview","2022-11-01-preview","2022-10-01","2022-06-01-preview"],"defaultApiVersion":"2023-05-01","capabilities":"None"},{"resourceType":"locations/managedCertificateOperationStatuses","locations":["Central
        US EUAP","East US 2 EUAP","North Central US (Stage)","West US 2","Southeast
        Asia","Sweden Central","Canada Central","West Europe","North Europe","East
        US","East US 2","East Asia","Australia East","Germany West Central","Japan
        East","UK South","West US","Central US","North Central US","South Central
        US","Korea Central","Brazil South","West US 3","France Central","South Africa
        North","Norway East","Switzerland North","UAE North","Canada East","West Central
        US","UK West","Central India","Switzerland West"],"apiVersions":["2024-03-01","2024-02-02-preview","2023-11-02-preview","2023-08-01-preview","2023-05-02-preview","2023-05-01","2023-04-01-preview","2022-11-01-preview"],"defaultApiVersion":"2023-05-01","capabilities":"None"},{"resourceType":"locations/billingMeters","locations":["Central
        US EUAP","East US 2 EUAP","North Central US (Stage)","West US 2","Southeast
        Asia","Sweden Central","Canada Central","West Europe","North Europe","East
        US","East US 2","East Asia","Australia East","Germany West Central","Japan
        East","UK South","West US","Central US","North Central US","South Central
        US","Korea Central","Brazil South","West US 3","France Central","South Africa
        North","Norway East","Switzerland North","UAE North","Canada East","West Central
        US","UK West","Central India","Switzerland West"],"apiVersions":["2024-03-01","2024-02-02-preview","2023-11-02-preview","2023-08-01-preview","2023-05-02-preview","2023-05-01","2023-04-01-preview","2022-11-01-preview","2022-10-01","2022-06-01-preview"],"defaultApiVersion":"2023-05-01","capabilities":"None"},{"resourceType":"locations/availableManagedEnvironmentsWorkloadProfileTypes","locations":["Central
        US EUAP","East US 2 EUAP","North Central US (Stage)","West US 2","Southeast
        Asia","Sweden Central","Canada Central","West Europe","North Europe","East
        US","East US 2","East Asia","Australia East","Germany West Central","Japan
        East","UK South","West US","Central US","North Central US","South Central
        US","Korea Central","Brazil South","West US 3","France Central","South Africa
        North","Norway East","Switzerland North","UAE North","Canada East","West Central
        US","UK West","Central India","Switzerland West"],"apiVersions":["2024-03-01","2024-02-02-preview","2023-11-02-preview","2023-08-01-preview","2023-05-02-preview","2023-05-01","2023-04-01-preview","2022-11-01-preview","2022-10-01","2022-06-01-preview"],"defaultApiVersion":"2023-05-01","capabilities":"None"},{"resourceType":"getCustomDomainVerificationId","locations":["Central
        US EUAP","East US 2 EUAP","North Central US (Stage)","West US 2","Southeast
        Asia","Sweden Central","Canada Central","West Europe","North Europe","East
        US","East US 2","East Asia","Australia East","Germany West Central","Japan
        East","UK South","West US","Central US","North Central US","South Central
        US","Korea Central","Brazil South","West US 3","France Central","South Africa
        North","Norway East","Switzerland North","UAE North","Canada East","West Central
        US","UK West","Central India","Italy North","Poland Central","Switzerland
        West"],"apiVersions":["2024-03-01","2024-02-02-preview","2023-11-02-preview","2023-08-01-preview","2023-05-02-preview"],"defaultApiVersion":"2023-05-02-preview","capabilities":"None"},{"resourceType":"builders","locations":["Central
        US EUAP","East US 2 EUAP","North Central US (Stage)","West US 2","Southeast
        Asia","Sweden Central","Canada Central","West Europe","North Europe","East
        US","East US 2","East Asia","Australia East","Germany West Central","Japan
        East","UK South","West US","Central US","North Central US","South Central
        US","Korea Central","Brazil South","West US 3","France Central","South Africa
        North","Norway East","Switzerland North","UAE North","Canada East","West Central
        US","UK West","Central India","Switzerland West"],"apiVersions":["2024-02-02-preview","2023-11-02-preview","2023-08-01-preview"],"defaultApiVersion":"2023-08-01-preview","capabilities":"CrossResourceGroupResourceMove,
        CrossSubscriptionResourceMove, SystemAssignedResourceIdentity, SupportsTags,
        SupportsLocation"},{"resourceType":"builders/builds","locations":["Central
        US EUAP","East US 2 EUAP","North Central US (Stage)","West US 2","Southeast
        Asia","Sweden Central","Canada Central","West Europe","North Europe","East
        US","East US 2","East Asia","Australia East","Germany West Central","Japan
        East","UK South","West US","Central US","North Central US","South Central
        US","Korea Central","Brazil South","West US 3","France Central","South Africa
        North","Norway East","Switzerland North","UAE North","Canada East","West Central
        US","UK West","Central India","Switzerland West"],"apiVersions":["2024-02-02-preview","2023-11-02-preview","2023-08-01-preview"],"defaultApiVersion":"2023-08-01-preview","capabilities":"None"},{"resourceType":"builders/patches","locations":["North
        Central US (Stage)","Central US EUAP","East US 2 EUAP","West US 2","Southeast
        Asia","Sweden Central","Canada Central","West Europe","North Europe","East
        US","East US 2","East Asia","Australia East","Germany West Central","Japan
        East","UK South","West US","Central US","North Central US","South Central
        US","Korea Central","Brazil South","West US 3","France Central","South Africa
        North","Norway East","Switzerland North","UAE North","Canada East","West Central
        US","UK West","Central India","Switzerland West"],"apiVersions":["2024-02-02-preview","2023-11-02-preview","2023-08-01-preview"],"defaultApiVersion":"2023-08-01-preview","capabilities":"None"},{"resourceType":"locations/OperationResults","locations":["Central
        US EUAP","East US 2 EUAP","North Central US (Stage)","West US 2","Southeast
        Asia","Sweden Central","Canada Central","West Europe","North Europe","East
        US","East US 2","East Asia","Australia East","Germany West Central","Japan
        East","UK South","West US","Central US","North Central US","South Central
        US","Korea Central","Brazil South","West US 3","France Central","South Africa
        North","Norway East","Switzerland North","UAE North","Canada East","West Central
        US","UK West","Central India","Switzerland West"],"apiVersions":["2024-02-02-preview","2023-11-02-preview","2023-08-01-preview"],"defaultApiVersion":"2023-08-01-preview","capabilities":"None"},{"resourceType":"locations/OperationStatuses","locations":["Central
        US EUAP","East US 2 EUAP","North Central US (Stage)","West US 2","Southeast
        Asia","Sweden Central","Canada Central","West Europe","North Europe","East
        US","East US 2","East Asia","Australia East","Germany West Central","Japan
        East","UK South","West US","Central US","North Central US","South Central
        US","Korea Central","Brazil South","West US 3","France Central","South Africa
        North","Norway East","Switzerland North","UAE North","Canada East","West Central
        US","UK West","Central India","Switzerland West"],"apiVersions":["2024-02-02-preview","2023-11-02-preview","2023-08-01-preview"],"defaultApiVersion":"2023-08-01-preview","capabilities":"None"},{"resourceType":"managedEnvironments/dotNetComponents","locations":["Central
        US EUAP","East US 2 EUAP","North Central US (Stage)","West US 2","Southeast
        Asia","Sweden Central","Canada Central","West Europe","North Europe","East
        US","East US 2","East Asia","Australia East","Germany West Central","Japan
        East","UK South","West US","Central US","North Central US","South Central
        US","Korea Central","Brazil South","West US 3","France Central","South Africa
        North","Norway East","Switzerland North","UAE North","Canada East","West Central
        US","UK West","Central India","Switzerland West"],"apiVersions":["2024-02-02-preview","2023-11-02-preview"],"defaultApiVersion":"2023-11-02-preview","capabilities":"None"},{"resourceType":"managedEnvironments/javaComponents","locations":["Central
        US EUAP","East US 2 EUAP","North Central US (Stage)","West US 2","Southeast
        Asia","Sweden Central","Canada Central","West Europe","North Europe","East
        US","East US 2","East Asia","Australia East","Germany West Central","Japan
        East","UK South","West US","Central US","North Central US","South Central
        US","Korea Central","Brazil South","West US 3","France Central","South Africa
        North","Norway East","Switzerland North","UAE North","Canada East","West Central
        US","UK West","Central India","Switzerland West"],"apiVersions":["2024-02-02-preview","2023-11-02-preview"],"defaultApiVersion":"2023-11-02-preview","capabilities":"None"},{"resourceType":"managedEnvironments/daprComponents","locations":["Central
        US EUAP","East US 2 EUAP","North Central US (Stage)","West US 2","Southeast
        Asia","Sweden Central","Canada Central","West Europe","North Europe","East
        US","East US 2","East Asia","Australia East","Germany West Central","Japan
        East","UK South","West US","Central US","North Central US","South Central
        US","Korea Central","Brazil South","West US 3","France Central","South Africa
        North","Norway East","Switzerland North","UAE North","Canada East","West Central
        US","UK West","Central India","Switzerland West"],"apiVersions":["2024-03-01","2024-02-02-preview","2023-11-02-preview","2023-08-01-preview","2023-05-02-preview","2023-05-01","2023-04-01-preview","2022-11-01-preview","2022-10-01","2022-06-01-preview","2022-03-01"],"defaultApiVersion":"2023-05-01","capabilities":"None"},{"resourceType":"functions","locations":["North
        Central US (Stage)","Central US EUAP","West Central US"],"apiVersions":["2024-02-02-preview"],"capabilities":"SupportsExtension"}],"registrationState":"Registered","registrationPolicy":"RegistrationRequired"}'
    headers:
      cache-control:
      - no-cache
      content-length:
      - '27815'
      content-type:
      - application/json; charset=utf-8
      date:
      - Tue, 23 Apr 2024 03:44:28 GMT
      expires:
      - '-1'
      pragma:
      - no-cache
      strict-transport-security:
      - max-age=31536000; includeSubDomains
      x-cache:
      - CONFIG_NOCACHE
      x-content-type-options:
      - nosniff
      x-msedge-ref:
      - 'Ref A: 24F3A12BBA384A46BECDB2B61AB6FF3E Ref B: MAA201060516031 Ref C: 2024-04-23T03:44:29Z'
    status:
      code: 200
      message: OK
- request:
    body: null
    headers:
      Accept:
      - '*/*'
      Accept-Encoding:
      - gzip, deflate
      CommandName:
      - containerapp env list
      Connection:
      - keep-alive
      ParameterSetName:
      - -g
      User-Agent:
      - python/3.10.11 (Windows-10-10.0.22631-SP0) AZURECLI/2.59.0
    method: GET
    uri: https://management.azure.com/subscriptions/00000000-0000-0000-0000-000000000000/resourceGroups/clitest.rg000001/providers/Microsoft.App/managedEnvironments?api-version=2024-02-02-preview
  response:
    body:
      string: '{"value":[]}'
    headers:
      cache-control:
      - no-cache
      content-length:
      - '12'
      content-type:
      - application/json; charset=utf-8
      date:
      - Tue, 23 Apr 2024 03:44:29 GMT
      expires:
      - '-1'
      pragma:
      - no-cache
      strict-transport-security:
      - max-age=31536000; includeSubDomains
      x-cache:
      - CONFIG_NOCACHE
      x-content-type-options:
      - nosniff
      x-msedge-ref:
      - 'Ref A: 1244DBC796404E0296B7477BEA8005FC Ref B: MAA201060516009 Ref C: 2024-04-23T03:44:30Z'
    status:
      code: 200
      message: OK
version: 1
