interactions:
- request:
    body: '{"location": "eastus", "properties": {"retentionInDays": 30, "sku": {"name":
      "PerGB2018"}}}'
    headers:
      Accept:
      - application/json
      Accept-Encoding:
      - gzip, deflate
      CommandName:
      - monitor log-analytics workspace create
      Connection:
      - keep-alive
      Content-Length:
      - '91'
      Content-Type:
      - application/json
      ParameterSetName:
      - -g -n -l
      User-Agent:
      - AZURECLI/2.51.0 (AAZ) azsdk-python-core/1.26.0 Python/3.10.11 (Windows-10-10.0.22621-SP0)
    method: PUT
    uri: https://management.azure.com/subscriptions/00000000-0000-0000-0000-000000000000/resourcegroups/cli_test_containerapp_preview000001/providers/Microsoft.OperationalInsights/workspaces/containerapp-env000003?api-version=2021-12-01-preview
  response:
    body:
      string: '{"properties":{"customerId":"3a501fcf-4992-4d0b-8235-678e400ad9ad","provisioningState":"Creating","sku":{"name":"PerGB2018","lastSkuUpdate":"2023-08-29T07:12:56.9367919Z"},"retentionInDays":30,"features":{"legacy":0,"searchVersion":1,"enableLogAccessUsingOnlyResourcePermissions":true},"workspaceCapping":{"dailyQuotaGb":-1.0,"quotaNextResetTime":"2023-08-30T00:00:00Z","dataIngestionStatus":"RespectQuota"},"publicNetworkAccessForIngestion":"Enabled","publicNetworkAccessForQuery":"Enabled","createdDate":"2023-08-29T07:12:56.9367919Z","modifiedDate":"2023-08-29T07:12:56.9367919Z"},"location":"eastus","id":"/subscriptions/00000000-0000-0000-0000-000000000000/resourceGroups/cli_test_containerapp_preview000001/providers/Microsoft.OperationalInsights/workspaces/containerapp-env000003","name":"containerapp-env000003","type":"Microsoft.OperationalInsights/workspaces"}'
    headers:
      access-control-allow-origin:
      - '*'
      api-supported-versions:
      - 2021-12-01-preview
      cache-control:
      - no-cache
      content-length:
      - '870'
      content-type:
      - application/json; charset=utf-8
      date:
      - Tue, 29 Aug 2023 07:12:57 GMT
      expires:
      - '-1'
      location:
      - https://management.azure.com/subscriptions/00000000-0000-0000-0000-000000000000/resourceGroups/cli_test_containerapp_preview000001/providers/Microsoft.OperationalInsights/workspaces/containerapp-env000003?api-version=2021-12-01-preview
      pragma:
      - no-cache
      request-context:
      - appId=cid-v1:e6336c63-aab2-45f0-996a-e5dbab2a1508
      strict-transport-security:
      - max-age=31536000; includeSubDomains
      x-content-type-options:
      - nosniff
      x-ms-ratelimit-remaining-subscription-writes:
      - '1197'
      x-powered-by:
      - ASP.NET
    status:
      code: 201
      message: Created
- request:
    body: null
    headers:
      Accept:
      - '*/*'
      Accept-Encoding:
      - gzip, deflate
      CommandName:
      - monitor log-analytics workspace create
      Connection:
      - keep-alive
      ParameterSetName:
      - -g -n -l
      User-Agent:
      - AZURECLI/2.51.0 (AAZ) azsdk-python-core/1.26.0 Python/3.10.11 (Windows-10-10.0.22621-SP0)
    method: GET
    uri: https://management.azure.com/subscriptions/00000000-0000-0000-0000-000000000000/resourceGroups/cli_test_containerapp_preview000001/providers/Microsoft.OperationalInsights/workspaces/containerapp-env000003?api-version=2021-12-01-preview
  response:
    body:
      string: '{"properties":{"customerId":"3a501fcf-4992-4d0b-8235-678e400ad9ad","provisioningState":"Creating","sku":{"name":"PerGB2018","lastSkuUpdate":"2023-08-29T07:12:56.9367919Z"},"retentionInDays":30,"features":{"legacy":0,"searchVersion":1,"enableLogAccessUsingOnlyResourcePermissions":true},"workspaceCapping":{"dailyQuotaGb":-1.0,"quotaNextResetTime":"2023-08-30T00:00:00Z","dataIngestionStatus":"RespectQuota"},"publicNetworkAccessForIngestion":"Enabled","publicNetworkAccessForQuery":"Enabled","createdDate":"2023-08-29T07:12:56.9367919Z","modifiedDate":"2023-08-29T07:12:56.9367919Z"},"location":"eastus","id":"/subscriptions/00000000-0000-0000-0000-000000000000/resourceGroups/cli_test_containerapp_preview000001/providers/Microsoft.OperationalInsights/workspaces/containerapp-env000003","name":"containerapp-env000003","type":"Microsoft.OperationalInsights/workspaces"}'
    headers:
      access-control-allow-origin:
      - '*'
      api-supported-versions:
      - 2021-12-01-preview
      cache-control:
      - no-cache
      content-length:
      - '870'
      content-type:
      - application/json; charset=utf-8
      date:
      - Tue, 29 Aug 2023 07:12:57 GMT
      expires:
      - '-1'
      pragma:
      - no-cache
      request-context:
      - appId=cid-v1:e6336c63-aab2-45f0-996a-e5dbab2a1508
      strict-transport-security:
      - max-age=31536000; includeSubDomains
      transfer-encoding:
      - chunked
      vary:
      - Accept-Encoding
      x-content-type-options:
      - nosniff
      x-powered-by:
      - ASP.NET
    status:
      code: 200
      message: OK
- request:
    body: null
    headers:
      Accept:
      - application/json
      Accept-Encoding:
      - gzip, deflate
      CommandName:
      - monitor log-analytics workspace get-shared-keys
      Connection:
      - keep-alive
      Content-Length:
      - '0'
      ParameterSetName:
      - -g -n
      User-Agent:
      - AZURECLI/2.51.0 (AAZ) azsdk-python-core/1.26.0 Python/3.10.11 (Windows-10-10.0.22621-SP0)
    method: POST
    uri: https://management.azure.com/subscriptions/00000000-0000-0000-0000-000000000000/resourcegroups/cli_test_containerapp_preview000001/providers/Microsoft.OperationalInsights/workspaces/containerapp-env000003/sharedKeys?api-version=2020-08-01
  response:
    body:
      string: '{"primarySharedKey":"+n1ZZQtQ2Wq5r4CR49mRyWRwp86EqKR/VG1gVtrGqRLZkfWOloGEk15HluHEGcnyWcOjsSts3nzqf2nC6iwFoA==","secondarySharedKey":"ba/7IsDG7RgYIdwz/2kAvF45efLcusrRDYPfzpsF4ZhK7pTzWJu1Awzsl54A3tGfsm43qcmYiOEFVVtWpX1zHA=="}'
    headers:
      access-control-allow-origin:
      - '*'
      api-supported-versions:
      - 2015-03-20, 2020-08-01, 2020-10-01, 2021-06-01, 2022-10-01
      cache-control:
      - no-cache
      content-length:
      - '223'
      content-type:
      - application/json; charset=utf-8
      date:
      - Tue, 29 Aug 2023 07:12:58 GMT
      expires:
      - '-1'
      pragma:
      - no-cache
      request-context:
      - appId=cid-v1:e6336c63-aab2-45f0-996a-e5dbab2a1508
      strict-transport-security:
      - max-age=31536000; includeSubDomains
      transfer-encoding:
      - chunked
      vary:
      - Accept-Encoding
      x-content-type-options:
      - nosniff
      x-ms-ratelimit-remaining-subscription-writes:
      - '1197'
      x-powered-by:
      - ASP.NET
    status:
      code: 200
      message: OK
- request:
    body: null
    headers:
      Accept:
      - application/json
      Accept-Encoding:
      - gzip, deflate
      CommandName:
      - containerapp env create
      Connection:
      - keep-alive
      ParameterSetName:
      - -g -n --logs-workspace-id --logs-workspace-key
      User-Agent:
      - AZURECLI/2.51.0 azsdk-python-azure-mgmt-resource/23.1.0b2 Python/3.10.11 (Windows-10-10.0.22621-SP0)
    method: GET
    uri: https://management.azure.com/subscriptions/00000000-0000-0000-0000-000000000000/providers/Microsoft.App?api-version=2022-09-01
  response:
    body:
      string: '{"id":"/subscriptions/00000000-0000-0000-0000-000000000000/providers/Microsoft.App","namespace":"Microsoft.App","authorizations":[{"applicationId":"7e3bc4fd-85a3-4192-b177-5b8bfc87f42c","roleDefinitionId":"39a74f72-b40f-4bdc-b639-562fe2260bf0"},{"applicationId":"3734c1a4-2bed-4998-a37a-ff1a9e7bf019","roleDefinitionId":"5c779a4f-5cb2-4547-8c41-478d9be8ba90"},{"applicationId":"55ebbb62-3b9c-49fd-9b87-9595226dd4ac","roleDefinitionId":"e49ca620-7992-4561-a7df-4ed67dad77b5","managedByRoleDefinitionId":"9e3af657-a8ff-583c-a75c-2fe7c4bcb635"}],"resourceTypes":[{"resourceType":"operations","locations":["North
        Central US (Stage)","Central US EUAP","East US 2 EUAP","West US 2","Southeast
        Asia","Sweden Central","Canada Central","West Europe","North Europe","East
        US","East US 2","East Asia","Australia East","Germany West Central","Japan
        East","UK South","West US","Central US","North Central US","South Central
        US","Korea Central","Brazil South","West US 3","France Central","South Africa
        North","Norway East","Switzerland North","UAE North"],"apiVersions":["2023-05-02-preview","2023-05-01","2023-04-01-preview","2023-02-01","2022-11-01-preview","2022-10-01","2022-06-01-preview","2022-03-01","2022-01-01-preview"],"defaultApiVersion":"2023-04-01-preview","capabilities":"None"},{"resourceType":"managedEnvironments","locations":["Central
        US EUAP","East US 2 EUAP","North Central US (Stage)","West US 2","Southeast
        Asia","Sweden Central","Canada Central","West Europe","North Europe","East
        US","East US 2","East Asia","Australia East","Germany West Central","Japan
        East","UK South","West US","Central US","North Central US","South Central
        US","Korea Central","Brazil South","West US 3","France Central","South Africa
        North","Norway East","Switzerland North","UAE North"],"apiVersions":["2023-08-01-preview","2023-05-02-preview","2023-05-01","2023-04-01-preview","2022-11-01-preview","2022-10-01","2022-06-01-preview","2022-03-01","2022-01-01-preview"],"defaultApiVersion":"2023-04-01-preview","capabilities":"CrossResourceGroupResourceMove,
        CrossSubscriptionResourceMove, SupportsTags, SupportsLocation"},{"resourceType":"managedEnvironments/certificates","locations":["Central
        US EUAP","East US 2 EUAP","North Central US (Stage)","West US 2","Southeast
        Asia","Sweden Central","Canada Central","West Europe","North Europe","East
        US","East US 2","East Asia","Australia East","Germany West Central","Japan
        East","UK South","West US","Central US","North Central US","South Central
        US","Korea Central","Brazil South","West US 3","France Central","South Africa
        North","Norway East","Switzerland North","UAE North"],"apiVersions":["2023-08-01-preview","2023-05-02-preview","2023-05-01","2023-04-01-preview","2022-11-01-preview","2022-10-01","2022-06-01-preview","2022-03-01","2022-01-01-preview"],"defaultApiVersion":"2023-04-01-preview","capabilities":"CrossResourceGroupResourceMove,
        CrossSubscriptionResourceMove, SupportsTags, SupportsLocation"},{"resourceType":"managedEnvironments/managedCertificates","locations":["Central
        US EUAP","East US 2 EUAP","North Central US (Stage)","West US 2","Southeast
        Asia","Sweden Central","Canada Central","West Europe","North Europe","East
        US","East US 2","East Asia","Australia East","Germany West Central","Japan
        East","UK South","West US","Central US","North Central US","South Central
        US","Korea Central","Brazil South","West US 3","France Central","South Africa
        North","Norway East","Switzerland North","UAE North"],"apiVersions":["2023-08-01-preview","2023-05-02-preview","2023-05-01","2023-04-01-preview","2022-11-01-preview"],"defaultApiVersion":"2023-04-01-preview","capabilities":"CrossResourceGroupResourceMove,
        CrossSubscriptionResourceMove, SupportsTags, SupportsLocation"},{"resourceType":"containerApps","locations":["Central
        US EUAP","East US 2 EUAP","North Central US (Stage)","West US 2","Southeast
        Asia","Sweden Central","Canada Central","West Europe","North Europe","East
        US","East US 2","East Asia","Australia East","Germany West Central","Japan
        East","UK South","West US","Central US","North Central US","South Central
        US","Korea Central","Brazil South","West US 3","France Central","South Africa
        North","Norway East","Switzerland North","UAE North"],"apiVersions":["2023-08-01-preview","2023-05-02-preview","2023-05-01","2023-04-01-preview","2022-11-01-preview","2022-10-01","2022-06-01-preview","2022-03-01","2022-01-01-preview"],"defaultApiVersion":"2023-04-01-preview","capabilities":"CrossResourceGroupResourceMove,
        CrossSubscriptionResourceMove, SystemAssignedResourceIdentity, SupportsTags,
        SupportsLocation"},{"resourceType":"jobs","locations":["Central US EUAP","East
        US 2 EUAP","North Central US (Stage)","West US 2","Southeast Asia","Sweden
        Central","Canada Central","West Europe","North Europe","East US","East US
        2","East Asia","Australia East","Germany West Central","Japan East","UK South","West
        US","Central US","North Central US","South Central US","Korea Central","Brazil
        South","West US 3","France Central","South Africa North","Norway East","Switzerland
        North","UAE North"],"apiVersions":["2023-08-01-preview","2023-05-02-preview","2023-05-01","2023-04-01-preview","2022-11-01-preview"],"defaultApiVersion":"2023-04-01-preview","capabilities":"CrossResourceGroupResourceMove,
        CrossSubscriptionResourceMove, SystemAssignedResourceIdentity, SupportsTags,
        SupportsLocation"},{"resourceType":"locations","locations":[],"apiVersions":["2023-08-01-preview","2023-05-02-preview","2023-05-01","2023-04-01-preview","2022-11-01-preview","2022-10-01","2022-06-01-preview","2022-03-01","2022-01-01-preview"],"defaultApiVersion":"2023-04-01-preview","capabilities":"None"},{"resourceType":"locations/managedEnvironmentOperationResults","locations":["Central
        US EUAP","East US 2 EUAP","North Central US (Stage)","West US 2","Southeast
        Asia","Sweden Central","Canada Central","West Europe","North Europe","East
        US","East US 2","East Asia","Australia East","Germany West Central","Japan
        East","UK South","West US","Central US","North Central US","South Central
        US","Korea Central","Brazil South","West US 3","France Central","South Africa
        North","Norway East","Switzerland North","UAE North"],"apiVersions":["2023-08-01-preview","2023-05-02-preview","2023-05-01","2023-04-01-preview","2022-11-01-preview","2022-10-01","2022-06-01-preview","2022-03-01","2022-01-01-preview"],"defaultApiVersion":"2023-04-01-preview","capabilities":"None"},{"resourceType":"locations/managedEnvironmentOperationStatuses","locations":["Central
        US EUAP","East US 2 EUAP","North Central US (Stage)","West US 2","Southeast
        Asia","Sweden Central","Canada Central","West Europe","North Europe","East
        US","East US 2","East Asia","Australia East","Germany West Central","Japan
        East","UK South","West US","Central US","North Central US","South Central
        US","Korea Central","Brazil South","West US 3","France Central","South Africa
        North","Norway East","Switzerland North","UAE North"],"apiVersions":["2023-08-01-preview","2023-05-02-preview","2023-05-01","2023-04-01-preview","2022-11-01-preview","2022-10-01","2022-06-01-preview","2022-03-01","2022-01-01-preview"],"defaultApiVersion":"2023-04-01-preview","capabilities":"None"},{"resourceType":"locations/containerappOperationResults","locations":["Central
        US EUAP","East US 2 EUAP","North Central US (Stage)","West US 2","Southeast
        Asia","Sweden Central","Canada Central","West Europe","North Europe","East
        US","East US 2","East Asia","Australia East","Germany West Central","Japan
        East","UK South","West US","Central US","North Central US","South Central
        US","Korea Central","Brazil South","West US 3","France Central","South Africa
        North","Norway East","Switzerland North","UAE North"],"apiVersions":["2023-08-01-preview","2023-05-02-preview","2023-05-01","2023-04-01-preview","2022-11-01-preview","2022-10-01","2022-06-01-preview","2022-03-01","2022-01-01-preview"],"defaultApiVersion":"2023-04-01-preview","capabilities":"None"},{"resourceType":"locations/containerappOperationStatuses","locations":["Central
        US EUAP","East US 2 EUAP","North Central US (Stage)","West US 2","Southeast
        Asia","Sweden Central","Canada Central","West Europe","North Europe","East
        US","East US 2","East Asia","Australia East","Germany West Central","Japan
        East","UK South","West US","Central US","North Central US","South Central
        US","Korea Central","Brazil South","West US 3","France Central","South Africa
        North","Norway East","Switzerland North","UAE North"],"apiVersions":["2023-08-01-preview","2023-05-02-preview","2023-05-01","2023-04-01-preview","2022-11-01-preview","2022-10-01","2022-06-01-preview","2022-03-01","2022-01-01-preview"],"defaultApiVersion":"2023-04-01-preview","capabilities":"None"},{"resourceType":"locations/containerappsjobOperationResults","locations":["Central
        US EUAP","East US 2 EUAP","North Central US (Stage)","West US 2","Southeast
        Asia","Sweden Central","Canada Central","West Europe","North Europe","East
        US","East US 2","East Asia","Australia East","Germany West Central","Japan
        East","UK South","West US","Central US","North Central US","South Central
        US","Korea Central","Brazil South","West US 3","France Central","South Africa
        North","Norway East","Switzerland North","UAE North"],"apiVersions":["2023-08-01-preview","2023-05-02-preview","2023-05-01","2023-04-01-preview","2022-11-01-preview"],"defaultApiVersion":"2023-04-01-preview","capabilities":"None"},{"resourceType":"locations/containerappsjobOperationStatuses","locations":["Central
        US EUAP","East US 2 EUAP","North Central US (Stage)","West US 2","Southeast
        Asia","Sweden Central","Canada Central","West Europe","North Europe","East
        US","East US 2","East Asia","Australia East","Germany West Central","Japan
        East","UK South","West US","Central US","North Central US","South Central
        US","Korea Central","Brazil South","West US 3","France Central","South Africa
        North","Norway East","Switzerland North","UAE North"],"apiVersions":["2023-08-01-preview","2023-05-02-preview","2023-05-01","2023-04-01-preview","2022-11-01-preview"],"defaultApiVersion":"2023-04-01-preview","capabilities":"None"},{"resourceType":"locations/sourceControlOperationResults","locations":["Central
        US EUAP","East US 2 EUAP","North Central US (Stage)","West US 2","Southeast
        Asia","Sweden Central","Canada Central","West Europe","North Europe","East
        US","East US 2","East Asia","Australia East","Germany West Central","Japan
        East","UK South","West US","Central US","North Central US","South Central
        US","Korea Central","Brazil South","West US 3","France Central","South Africa
        North","Norway East","Switzerland North","UAE North"],"apiVersions":["2023-08-01-preview","2023-05-02-preview","2023-05-01","2023-04-01-preview","2022-11-01-preview","2022-10-01","2022-06-01-preview","2022-03-01","2022-01-01-preview"],"defaultApiVersion":"2023-04-01-preview","capabilities":"None"},{"resourceType":"locations/sourceControlOperationStatuses","locations":["Central
        US EUAP","East US 2 EUAP","North Central US (Stage)","West US 2","Southeast
        Asia","Sweden Central","Canada Central","West Europe","North Europe","East
        US","East US 2","East Asia","Australia East","Germany West Central","Japan
        East","UK South","West US","Central US","North Central US","South Central
        US","Korea Central","Brazil South","West US 3","France Central","South Africa
        North","Norway East","Switzerland North","UAE North"],"apiVersions":["2023-08-01-preview","2023-05-02-preview","2023-05-01","2023-04-01-preview","2022-11-01-preview","2022-10-01","2022-06-01-preview","2022-03-01","2022-01-01-preview"],"defaultApiVersion":"2023-04-01-preview","capabilities":"None"},{"resourceType":"locations/usages","locations":["Central
        US EUAP","East US 2 EUAP","North Central US (Stage)","West US 2","Southeast
        Asia","Sweden Central","Canada Central","West Europe","North Europe","East
        US","East US 2","East Asia","Australia East","Germany West Central","Japan
        East","UK South","West US","Central US","North Central US","South Central
        US","Korea Central","Brazil South","West US 3","France Central","South Africa
        North","Norway East","Switzerland North","UAE North"],"apiVersions":["2023-08-01-preview","2023-05-02-preview"],"defaultApiVersion":"2023-05-02-preview","capabilities":"None"},{"resourceType":"connectedEnvironments","locations":["Central
        US EUAP","East US 2 EUAP","North Central US (Stage)","North Central US","East
        US","East Asia","West Europe"],"apiVersions":["2023-08-01-preview","2023-05-02-preview","2023-05-01","2023-04-01-preview","2022-11-01-preview","2022-10-01","2022-06-01-preview"],"defaultApiVersion":"2023-04-01-preview","capabilities":"CrossResourceGroupResourceMove,
        CrossSubscriptionResourceMove, SupportsTags, SupportsLocation"},{"resourceType":"connectedEnvironments/certificates","locations":["Central
        US EUAP","East US 2 EUAP","North Central US (Stage)","North Central US","East
        US","East Asia","West Europe"],"apiVersions":["2023-08-01-preview","2023-05-02-preview","2023-05-01","2023-04-01-preview","2022-11-01-preview","2022-10-01","2022-06-01-preview"],"defaultApiVersion":"2023-04-01-preview","capabilities":"CrossResourceGroupResourceMove,
        CrossSubscriptionResourceMove, SupportsTags, SupportsLocation"},{"resourceType":"locations/connectedEnvironmentOperationResults","locations":["Central
        US EUAP","East US 2 EUAP","North Central US (Stage)","North Central US","East
        US","East Asia","West Europe"],"apiVersions":["2023-08-01-preview","2023-05-02-preview","2023-05-01","2023-04-01-preview","2022-11-01-preview","2022-10-01","2022-06-01-preview"],"defaultApiVersion":"2023-04-01-preview","capabilities":"None"},{"resourceType":"locations/connectedEnvironmentOperationStatuses","locations":["Central
        US EUAP","East US 2 EUAP","North Central US (Stage)","North Central US","East
        US","East Asia","West Europe"],"apiVersions":["2023-08-01-preview","2023-05-02-preview","2023-05-01","2023-04-01-preview","2022-11-01-preview","2022-10-01","2022-06-01-preview"],"defaultApiVersion":"2023-04-01-preview","capabilities":"None"},{"resourceType":"locations/managedCertificateOperationStatuses","locations":["Central
        US EUAP","East US 2 EUAP","North Central US (Stage)","West US 2","Southeast
        Asia","Sweden Central","Canada Central","West Europe","North Europe","East
        US","East US 2","East Asia","Australia East","Germany West Central","Japan
        East","UK South","West US","Central US","North Central US","South Central
        US","Korea Central","Brazil South","West US 3","France Central","South Africa
        North","Norway East","Switzerland North","UAE North"],"apiVersions":["2023-08-01-preview","2023-05-02-preview","2023-05-01","2023-04-01-preview","2022-11-01-preview"],"defaultApiVersion":"2023-04-01-preview","capabilities":"None"},{"resourceType":"locations/billingMeters","locations":["Central
        US EUAP","East US 2 EUAP","North Central US (Stage)","West US 2","Southeast
        Asia","Sweden Central","Canada Central","West Europe","North Europe","East
        US","East US 2","East Asia","Australia East","Germany West Central","Japan
        East","UK South","West US","Central US","North Central US","South Central
        US","Korea Central","Brazil South","West US 3","France Central","South Africa
        North","Norway East","Switzerland North","UAE North"],"apiVersions":["2023-08-01-preview","2023-05-02-preview","2023-05-01","2023-04-01-preview","2022-11-01-preview","2022-10-01","2022-06-01-preview","2022-01-01-preview"],"defaultApiVersion":"2023-04-01-preview","capabilities":"None"},{"resourceType":"locations/availableManagedEnvironmentsWorkloadProfileTypes","locations":["Central
        US EUAP","East US 2 EUAP","North Central US (Stage)","West US 2","Southeast
        Asia","Sweden Central","Canada Central","West Europe","North Europe","East
        US","East US 2","East Asia","Australia East","Germany West Central","Japan
        East","UK South","West US","Central US","North Central US","South Central
        US","Korea Central","Brazil South","West US 3","France Central","South Africa
        North","Norway East","Switzerland North","UAE North"],"apiVersions":["2023-08-01-preview","2023-05-02-preview","2023-05-01","2023-04-01-preview","2022-11-01-preview","2022-10-01","2022-06-01-preview"],"defaultApiVersion":"2023-04-01-preview","capabilities":"None"},{"resourceType":"getCustomDomainVerificationId","locations":["Central
        US EUAP","East US 2 EUAP","North Central US (Stage)","West US 2","Southeast
        Asia","Sweden Central","Canada Central","West Europe","North Europe","East
        US","East US 2","East Asia","Australia East","Germany West Central","Japan
        East","UK South","West US","Central US","North Central US","South Central
        US","Korea Central","Brazil South","West US 3","France Central","South Africa
        North","Norway East","Switzerland North","UAE North"],"apiVersions":["2023-08-01-preview","2023-05-02-preview"],"defaultApiVersion":"2023-05-02-preview","capabilities":"None"}],"registrationState":"Registered","registrationPolicy":"RegistrationRequired"}'
    headers:
      cache-control:
      - no-cache
      content-length:
      - '16824'
      content-type:
      - application/json; charset=utf-8
      date:
      - Tue, 29 Aug 2023 07:12:59 GMT
      expires:
      - '-1'
      pragma:
      - no-cache
      strict-transport-security:
      - max-age=31536000; includeSubDomains
      vary:
      - Accept-Encoding
      x-content-type-options:
      - nosniff
    status:
      code: 200
      message: OK
- request:
    body: null
    headers:
      Accept:
      - application/json
      Accept-Encoding:
      - gzip, deflate
      CommandName:
      - containerapp env create
      Connection:
      - keep-alive
      ParameterSetName:
      - -g -n --logs-workspace-id --logs-workspace-key
      User-Agent:
      - AZURECLI/2.51.0 azsdk-python-azure-mgmt-resource/23.1.0b2 Python/3.10.11 (Windows-10-10.0.22621-SP0)
    method: GET
    uri: https://management.azure.com/subscriptions/00000000-0000-0000-0000-000000000000/providers/Microsoft.App?api-version=2022-09-01
  response:
    body:
      string: '{"id":"/subscriptions/00000000-0000-0000-0000-000000000000/providers/Microsoft.App","namespace":"Microsoft.App","authorizations":[{"applicationId":"7e3bc4fd-85a3-4192-b177-5b8bfc87f42c","roleDefinitionId":"39a74f72-b40f-4bdc-b639-562fe2260bf0"},{"applicationId":"3734c1a4-2bed-4998-a37a-ff1a9e7bf019","roleDefinitionId":"5c779a4f-5cb2-4547-8c41-478d9be8ba90"},{"applicationId":"55ebbb62-3b9c-49fd-9b87-9595226dd4ac","roleDefinitionId":"e49ca620-7992-4561-a7df-4ed67dad77b5","managedByRoleDefinitionId":"9e3af657-a8ff-583c-a75c-2fe7c4bcb635"}],"resourceTypes":[{"resourceType":"operations","locations":["North
        Central US (Stage)","Central US EUAP","East US 2 EUAP","West US 2","Southeast
        Asia","Sweden Central","Canada Central","West Europe","North Europe","East
        US","East US 2","East Asia","Australia East","Germany West Central","Japan
        East","UK South","West US","Central US","North Central US","South Central
        US","Korea Central","Brazil South","West US 3","France Central","South Africa
        North","Norway East","Switzerland North","UAE North"],"apiVersions":["2023-05-02-preview","2023-05-01","2023-04-01-preview","2023-02-01","2022-11-01-preview","2022-10-01","2022-06-01-preview","2022-03-01","2022-01-01-preview"],"defaultApiVersion":"2023-04-01-preview","capabilities":"None"},{"resourceType":"managedEnvironments","locations":["Central
        US EUAP","East US 2 EUAP","North Central US (Stage)","West US 2","Southeast
        Asia","Sweden Central","Canada Central","West Europe","North Europe","East
        US","East US 2","East Asia","Australia East","Germany West Central","Japan
        East","UK South","West US","Central US","North Central US","South Central
        US","Korea Central","Brazil South","West US 3","France Central","South Africa
        North","Norway East","Switzerland North","UAE North"],"apiVersions":["2023-08-01-preview","2023-05-02-preview","2023-05-01","2023-04-01-preview","2022-11-01-preview","2022-10-01","2022-06-01-preview","2022-03-01","2022-01-01-preview"],"defaultApiVersion":"2023-04-01-preview","capabilities":"CrossResourceGroupResourceMove,
        CrossSubscriptionResourceMove, SupportsTags, SupportsLocation"},{"resourceType":"managedEnvironments/certificates","locations":["Central
        US EUAP","East US 2 EUAP","North Central US (Stage)","West US 2","Southeast
        Asia","Sweden Central","Canada Central","West Europe","North Europe","East
        US","East US 2","East Asia","Australia East","Germany West Central","Japan
        East","UK South","West US","Central US","North Central US","South Central
        US","Korea Central","Brazil South","West US 3","France Central","South Africa
        North","Norway East","Switzerland North","UAE North"],"apiVersions":["2023-08-01-preview","2023-05-02-preview","2023-05-01","2023-04-01-preview","2022-11-01-preview","2022-10-01","2022-06-01-preview","2022-03-01","2022-01-01-preview"],"defaultApiVersion":"2023-04-01-preview","capabilities":"CrossResourceGroupResourceMove,
        CrossSubscriptionResourceMove, SupportsTags, SupportsLocation"},{"resourceType":"managedEnvironments/managedCertificates","locations":["Central
        US EUAP","East US 2 EUAP","North Central US (Stage)","West US 2","Southeast
        Asia","Sweden Central","Canada Central","West Europe","North Europe","East
        US","East US 2","East Asia","Australia East","Germany West Central","Japan
        East","UK South","West US","Central US","North Central US","South Central
        US","Korea Central","Brazil South","West US 3","France Central","South Africa
        North","Norway East","Switzerland North","UAE North"],"apiVersions":["2023-08-01-preview","2023-05-02-preview","2023-05-01","2023-04-01-preview","2022-11-01-preview"],"defaultApiVersion":"2023-04-01-preview","capabilities":"CrossResourceGroupResourceMove,
        CrossSubscriptionResourceMove, SupportsTags, SupportsLocation"},{"resourceType":"containerApps","locations":["Central
        US EUAP","East US 2 EUAP","North Central US (Stage)","West US 2","Southeast
        Asia","Sweden Central","Canada Central","West Europe","North Europe","East
        US","East US 2","East Asia","Australia East","Germany West Central","Japan
        East","UK South","West US","Central US","North Central US","South Central
        US","Korea Central","Brazil South","West US 3","France Central","South Africa
        North","Norway East","Switzerland North","UAE North"],"apiVersions":["2023-08-01-preview","2023-05-02-preview","2023-05-01","2023-04-01-preview","2022-11-01-preview","2022-10-01","2022-06-01-preview","2022-03-01","2022-01-01-preview"],"defaultApiVersion":"2023-04-01-preview","capabilities":"CrossResourceGroupResourceMove,
        CrossSubscriptionResourceMove, SystemAssignedResourceIdentity, SupportsTags,
        SupportsLocation"},{"resourceType":"jobs","locations":["Central US EUAP","East
        US 2 EUAP","North Central US (Stage)","West US 2","Southeast Asia","Sweden
        Central","Canada Central","West Europe","North Europe","East US","East US
        2","East Asia","Australia East","Germany West Central","Japan East","UK South","West
        US","Central US","North Central US","South Central US","Korea Central","Brazil
        South","West US 3","France Central","South Africa North","Norway East","Switzerland
        North","UAE North"],"apiVersions":["2023-08-01-preview","2023-05-02-preview","2023-05-01","2023-04-01-preview","2022-11-01-preview"],"defaultApiVersion":"2023-04-01-preview","capabilities":"CrossResourceGroupResourceMove,
        CrossSubscriptionResourceMove, SystemAssignedResourceIdentity, SupportsTags,
        SupportsLocation"},{"resourceType":"locations","locations":[],"apiVersions":["2023-08-01-preview","2023-05-02-preview","2023-05-01","2023-04-01-preview","2022-11-01-preview","2022-10-01","2022-06-01-preview","2022-03-01","2022-01-01-preview"],"defaultApiVersion":"2023-04-01-preview","capabilities":"None"},{"resourceType":"locations/managedEnvironmentOperationResults","locations":["Central
        US EUAP","East US 2 EUAP","North Central US (Stage)","West US 2","Southeast
        Asia","Sweden Central","Canada Central","West Europe","North Europe","East
        US","East US 2","East Asia","Australia East","Germany West Central","Japan
        East","UK South","West US","Central US","North Central US","South Central
        US","Korea Central","Brazil South","West US 3","France Central","South Africa
        North","Norway East","Switzerland North","UAE North"],"apiVersions":["2023-08-01-preview","2023-05-02-preview","2023-05-01","2023-04-01-preview","2022-11-01-preview","2022-10-01","2022-06-01-preview","2022-03-01","2022-01-01-preview"],"defaultApiVersion":"2023-04-01-preview","capabilities":"None"},{"resourceType":"locations/managedEnvironmentOperationStatuses","locations":["Central
        US EUAP","East US 2 EUAP","North Central US (Stage)","West US 2","Southeast
        Asia","Sweden Central","Canada Central","West Europe","North Europe","East
        US","East US 2","East Asia","Australia East","Germany West Central","Japan
        East","UK South","West US","Central US","North Central US","South Central
        US","Korea Central","Brazil South","West US 3","France Central","South Africa
        North","Norway East","Switzerland North","UAE North"],"apiVersions":["2023-08-01-preview","2023-05-02-preview","2023-05-01","2023-04-01-preview","2022-11-01-preview","2022-10-01","2022-06-01-preview","2022-03-01","2022-01-01-preview"],"defaultApiVersion":"2023-04-01-preview","capabilities":"None"},{"resourceType":"locations/containerappOperationResults","locations":["Central
        US EUAP","East US 2 EUAP","North Central US (Stage)","West US 2","Southeast
        Asia","Sweden Central","Canada Central","West Europe","North Europe","East
        US","East US 2","East Asia","Australia East","Germany West Central","Japan
        East","UK South","West US","Central US","North Central US","South Central
        US","Korea Central","Brazil South","West US 3","France Central","South Africa
        North","Norway East","Switzerland North","UAE North"],"apiVersions":["2023-08-01-preview","2023-05-02-preview","2023-05-01","2023-04-01-preview","2022-11-01-preview","2022-10-01","2022-06-01-preview","2022-03-01","2022-01-01-preview"],"defaultApiVersion":"2023-04-01-preview","capabilities":"None"},{"resourceType":"locations/containerappOperationStatuses","locations":["Central
        US EUAP","East US 2 EUAP","North Central US (Stage)","West US 2","Southeast
        Asia","Sweden Central","Canada Central","West Europe","North Europe","East
        US","East US 2","East Asia","Australia East","Germany West Central","Japan
        East","UK South","West US","Central US","North Central US","South Central
        US","Korea Central","Brazil South","West US 3","France Central","South Africa
        North","Norway East","Switzerland North","UAE North"],"apiVersions":["2023-08-01-preview","2023-05-02-preview","2023-05-01","2023-04-01-preview","2022-11-01-preview","2022-10-01","2022-06-01-preview","2022-03-01","2022-01-01-preview"],"defaultApiVersion":"2023-04-01-preview","capabilities":"None"},{"resourceType":"locations/containerappsjobOperationResults","locations":["Central
        US EUAP","East US 2 EUAP","North Central US (Stage)","West US 2","Southeast
        Asia","Sweden Central","Canada Central","West Europe","North Europe","East
        US","East US 2","East Asia","Australia East","Germany West Central","Japan
        East","UK South","West US","Central US","North Central US","South Central
        US","Korea Central","Brazil South","West US 3","France Central","South Africa
        North","Norway East","Switzerland North","UAE North"],"apiVersions":["2023-08-01-preview","2023-05-02-preview","2023-05-01","2023-04-01-preview","2022-11-01-preview"],"defaultApiVersion":"2023-04-01-preview","capabilities":"None"},{"resourceType":"locations/containerappsjobOperationStatuses","locations":["Central
        US EUAP","East US 2 EUAP","North Central US (Stage)","West US 2","Southeast
        Asia","Sweden Central","Canada Central","West Europe","North Europe","East
        US","East US 2","East Asia","Australia East","Germany West Central","Japan
        East","UK South","West US","Central US","North Central US","South Central
        US","Korea Central","Brazil South","West US 3","France Central","South Africa
        North","Norway East","Switzerland North","UAE North"],"apiVersions":["2023-08-01-preview","2023-05-02-preview","2023-05-01","2023-04-01-preview","2022-11-01-preview"],"defaultApiVersion":"2023-04-01-preview","capabilities":"None"},{"resourceType":"locations/sourceControlOperationResults","locations":["Central
        US EUAP","East US 2 EUAP","North Central US (Stage)","West US 2","Southeast
        Asia","Sweden Central","Canada Central","West Europe","North Europe","East
        US","East US 2","East Asia","Australia East","Germany West Central","Japan
        East","UK South","West US","Central US","North Central US","South Central
        US","Korea Central","Brazil South","West US 3","France Central","South Africa
        North","Norway East","Switzerland North","UAE North"],"apiVersions":["2023-08-01-preview","2023-05-02-preview","2023-05-01","2023-04-01-preview","2022-11-01-preview","2022-10-01","2022-06-01-preview","2022-03-01","2022-01-01-preview"],"defaultApiVersion":"2023-04-01-preview","capabilities":"None"},{"resourceType":"locations/sourceControlOperationStatuses","locations":["Central
        US EUAP","East US 2 EUAP","North Central US (Stage)","West US 2","Southeast
        Asia","Sweden Central","Canada Central","West Europe","North Europe","East
        US","East US 2","East Asia","Australia East","Germany West Central","Japan
        East","UK South","West US","Central US","North Central US","South Central
        US","Korea Central","Brazil South","West US 3","France Central","South Africa
        North","Norway East","Switzerland North","UAE North"],"apiVersions":["2023-08-01-preview","2023-05-02-preview","2023-05-01","2023-04-01-preview","2022-11-01-preview","2022-10-01","2022-06-01-preview","2022-03-01","2022-01-01-preview"],"defaultApiVersion":"2023-04-01-preview","capabilities":"None"},{"resourceType":"locations/usages","locations":["Central
        US EUAP","East US 2 EUAP","North Central US (Stage)","West US 2","Southeast
        Asia","Sweden Central","Canada Central","West Europe","North Europe","East
        US","East US 2","East Asia","Australia East","Germany West Central","Japan
        East","UK South","West US","Central US","North Central US","South Central
        US","Korea Central","Brazil South","West US 3","France Central","South Africa
        North","Norway East","Switzerland North","UAE North"],"apiVersions":["2023-08-01-preview","2023-05-02-preview"],"defaultApiVersion":"2023-05-02-preview","capabilities":"None"},{"resourceType":"connectedEnvironments","locations":["Central
        US EUAP","East US 2 EUAP","North Central US (Stage)","North Central US","East
        US","East Asia","West Europe"],"apiVersions":["2023-08-01-preview","2023-05-02-preview","2023-05-01","2023-04-01-preview","2022-11-01-preview","2022-10-01","2022-06-01-preview"],"defaultApiVersion":"2023-04-01-preview","capabilities":"CrossResourceGroupResourceMove,
        CrossSubscriptionResourceMove, SupportsTags, SupportsLocation"},{"resourceType":"connectedEnvironments/certificates","locations":["Central
        US EUAP","East US 2 EUAP","North Central US (Stage)","North Central US","East
        US","East Asia","West Europe"],"apiVersions":["2023-08-01-preview","2023-05-02-preview","2023-05-01","2023-04-01-preview","2022-11-01-preview","2022-10-01","2022-06-01-preview"],"defaultApiVersion":"2023-04-01-preview","capabilities":"CrossResourceGroupResourceMove,
        CrossSubscriptionResourceMove, SupportsTags, SupportsLocation"},{"resourceType":"locations/connectedEnvironmentOperationResults","locations":["Central
        US EUAP","East US 2 EUAP","North Central US (Stage)","North Central US","East
        US","East Asia","West Europe"],"apiVersions":["2023-08-01-preview","2023-05-02-preview","2023-05-01","2023-04-01-preview","2022-11-01-preview","2022-10-01","2022-06-01-preview"],"defaultApiVersion":"2023-04-01-preview","capabilities":"None"},{"resourceType":"locations/connectedEnvironmentOperationStatuses","locations":["Central
        US EUAP","East US 2 EUAP","North Central US (Stage)","North Central US","East
        US","East Asia","West Europe"],"apiVersions":["2023-08-01-preview","2023-05-02-preview","2023-05-01","2023-04-01-preview","2022-11-01-preview","2022-10-01","2022-06-01-preview"],"defaultApiVersion":"2023-04-01-preview","capabilities":"None"},{"resourceType":"locations/managedCertificateOperationStatuses","locations":["Central
        US EUAP","East US 2 EUAP","North Central US (Stage)","West US 2","Southeast
        Asia","Sweden Central","Canada Central","West Europe","North Europe","East
        US","East US 2","East Asia","Australia East","Germany West Central","Japan
        East","UK South","West US","Central US","North Central US","South Central
        US","Korea Central","Brazil South","West US 3","France Central","South Africa
        North","Norway East","Switzerland North","UAE North"],"apiVersions":["2023-08-01-preview","2023-05-02-preview","2023-05-01","2023-04-01-preview","2022-11-01-preview"],"defaultApiVersion":"2023-04-01-preview","capabilities":"None"},{"resourceType":"locations/billingMeters","locations":["Central
        US EUAP","East US 2 EUAP","North Central US (Stage)","West US 2","Southeast
        Asia","Sweden Central","Canada Central","West Europe","North Europe","East
        US","East US 2","East Asia","Australia East","Germany West Central","Japan
        East","UK South","West US","Central US","North Central US","South Central
        US","Korea Central","Brazil South","West US 3","France Central","South Africa
        North","Norway East","Switzerland North","UAE North"],"apiVersions":["2023-08-01-preview","2023-05-02-preview","2023-05-01","2023-04-01-preview","2022-11-01-preview","2022-10-01","2022-06-01-preview","2022-01-01-preview"],"defaultApiVersion":"2023-04-01-preview","capabilities":"None"},{"resourceType":"locations/availableManagedEnvironmentsWorkloadProfileTypes","locations":["Central
        US EUAP","East US 2 EUAP","North Central US (Stage)","West US 2","Southeast
        Asia","Sweden Central","Canada Central","West Europe","North Europe","East
        US","East US 2","East Asia","Australia East","Germany West Central","Japan
        East","UK South","West US","Central US","North Central US","South Central
        US","Korea Central","Brazil South","West US 3","France Central","South Africa
        North","Norway East","Switzerland North","UAE North"],"apiVersions":["2023-08-01-preview","2023-05-02-preview","2023-05-01","2023-04-01-preview","2022-11-01-preview","2022-10-01","2022-06-01-preview"],"defaultApiVersion":"2023-04-01-preview","capabilities":"None"},{"resourceType":"getCustomDomainVerificationId","locations":["Central
        US EUAP","East US 2 EUAP","North Central US (Stage)","West US 2","Southeast
        Asia","Sweden Central","Canada Central","West Europe","North Europe","East
        US","East US 2","East Asia","Australia East","Germany West Central","Japan
        East","UK South","West US","Central US","North Central US","South Central
        US","Korea Central","Brazil South","West US 3","France Central","South Africa
        North","Norway East","Switzerland North","UAE North"],"apiVersions":["2023-08-01-preview","2023-05-02-preview"],"defaultApiVersion":"2023-05-02-preview","capabilities":"None"}],"registrationState":"Registered","registrationPolicy":"RegistrationRequired"}'
    headers:
      cache-control:
      - no-cache
      content-length:
      - '16824'
      content-type:
      - application/json; charset=utf-8
      date:
      - Tue, 29 Aug 2023 07:13:00 GMT
      expires:
      - '-1'
      pragma:
      - no-cache
      strict-transport-security:
      - max-age=31536000; includeSubDomains
      vary:
      - Accept-Encoding
      x-content-type-options:
      - nosniff
    status:
      code: 200
      message: OK
- request:
    body: null
    headers:
      Accept:
      - application/json
      Accept-Encoding:
      - gzip, deflate
      CommandName:
      - containerapp env create
      Connection:
      - keep-alive
      ParameterSetName:
      - -g -n --logs-workspace-id --logs-workspace-key
      User-Agent:
      - AZURECLI/2.51.0 azsdk-python-azure-mgmt-resource/23.1.0b2 Python/3.10.11 (Windows-10-10.0.22621-SP0)
    method: GET
    uri: https://management.azure.com/subscriptions/00000000-0000-0000-0000-000000000000/providers/Microsoft.App?api-version=2022-09-01
  response:
    body:
      string: '{"id":"/subscriptions/00000000-0000-0000-0000-000000000000/providers/Microsoft.App","namespace":"Microsoft.App","authorizations":[{"applicationId":"7e3bc4fd-85a3-4192-b177-5b8bfc87f42c","roleDefinitionId":"39a74f72-b40f-4bdc-b639-562fe2260bf0"},{"applicationId":"3734c1a4-2bed-4998-a37a-ff1a9e7bf019","roleDefinitionId":"5c779a4f-5cb2-4547-8c41-478d9be8ba90"},{"applicationId":"55ebbb62-3b9c-49fd-9b87-9595226dd4ac","roleDefinitionId":"e49ca620-7992-4561-a7df-4ed67dad77b5","managedByRoleDefinitionId":"9e3af657-a8ff-583c-a75c-2fe7c4bcb635"}],"resourceTypes":[{"resourceType":"operations","locations":["North
        Central US (Stage)","Central US EUAP","East US 2 EUAP","West US 2","Southeast
        Asia","Sweden Central","Canada Central","West Europe","North Europe","East
        US","East US 2","East Asia","Australia East","Germany West Central","Japan
        East","UK South","West US","Central US","North Central US","South Central
        US","Korea Central","Brazil South","West US 3","France Central","South Africa
        North","Norway East","Switzerland North","UAE North"],"apiVersions":["2023-05-02-preview","2023-05-01","2023-04-01-preview","2023-02-01","2022-11-01-preview","2022-10-01","2022-06-01-preview","2022-03-01","2022-01-01-preview"],"defaultApiVersion":"2023-04-01-preview","capabilities":"None"},{"resourceType":"managedEnvironments","locations":["Central
        US EUAP","East US 2 EUAP","North Central US (Stage)","West US 2","Southeast
        Asia","Sweden Central","Canada Central","West Europe","North Europe","East
        US","East US 2","East Asia","Australia East","Germany West Central","Japan
        East","UK South","West US","Central US","North Central US","South Central
        US","Korea Central","Brazil South","West US 3","France Central","South Africa
        North","Norway East","Switzerland North","UAE North"],"apiVersions":["2023-08-01-preview","2023-05-02-preview","2023-05-01","2023-04-01-preview","2022-11-01-preview","2022-10-01","2022-06-01-preview","2022-03-01","2022-01-01-preview"],"defaultApiVersion":"2023-04-01-preview","capabilities":"CrossResourceGroupResourceMove,
        CrossSubscriptionResourceMove, SupportsTags, SupportsLocation"},{"resourceType":"managedEnvironments/certificates","locations":["Central
        US EUAP","East US 2 EUAP","North Central US (Stage)","West US 2","Southeast
        Asia","Sweden Central","Canada Central","West Europe","North Europe","East
        US","East US 2","East Asia","Australia East","Germany West Central","Japan
        East","UK South","West US","Central US","North Central US","South Central
        US","Korea Central","Brazil South","West US 3","France Central","South Africa
        North","Norway East","Switzerland North","UAE North"],"apiVersions":["2023-08-01-preview","2023-05-02-preview","2023-05-01","2023-04-01-preview","2022-11-01-preview","2022-10-01","2022-06-01-preview","2022-03-01","2022-01-01-preview"],"defaultApiVersion":"2023-04-01-preview","capabilities":"CrossResourceGroupResourceMove,
        CrossSubscriptionResourceMove, SupportsTags, SupportsLocation"},{"resourceType":"managedEnvironments/managedCertificates","locations":["Central
        US EUAP","East US 2 EUAP","North Central US (Stage)","West US 2","Southeast
        Asia","Sweden Central","Canada Central","West Europe","North Europe","East
        US","East US 2","East Asia","Australia East","Germany West Central","Japan
        East","UK South","West US","Central US","North Central US","South Central
        US","Korea Central","Brazil South","West US 3","France Central","South Africa
        North","Norway East","Switzerland North","UAE North"],"apiVersions":["2023-08-01-preview","2023-05-02-preview","2023-05-01","2023-04-01-preview","2022-11-01-preview"],"defaultApiVersion":"2023-04-01-preview","capabilities":"CrossResourceGroupResourceMove,
        CrossSubscriptionResourceMove, SupportsTags, SupportsLocation"},{"resourceType":"containerApps","locations":["Central
        US EUAP","East US 2 EUAP","North Central US (Stage)","West US 2","Southeast
        Asia","Sweden Central","Canada Central","West Europe","North Europe","East
        US","East US 2","East Asia","Australia East","Germany West Central","Japan
        East","UK South","West US","Central US","North Central US","South Central
        US","Korea Central","Brazil South","West US 3","France Central","South Africa
        North","Norway East","Switzerland North","UAE North"],"apiVersions":["2023-08-01-preview","2023-05-02-preview","2023-05-01","2023-04-01-preview","2022-11-01-preview","2022-10-01","2022-06-01-preview","2022-03-01","2022-01-01-preview"],"defaultApiVersion":"2023-04-01-preview","capabilities":"CrossResourceGroupResourceMove,
        CrossSubscriptionResourceMove, SystemAssignedResourceIdentity, SupportsTags,
        SupportsLocation"},{"resourceType":"jobs","locations":["Central US EUAP","East
        US 2 EUAP","North Central US (Stage)","West US 2","Southeast Asia","Sweden
        Central","Canada Central","West Europe","North Europe","East US","East US
        2","East Asia","Australia East","Germany West Central","Japan East","UK South","West
        US","Central US","North Central US","South Central US","Korea Central","Brazil
        South","West US 3","France Central","South Africa North","Norway East","Switzerland
        North","UAE North"],"apiVersions":["2023-08-01-preview","2023-05-02-preview","2023-05-01","2023-04-01-preview","2022-11-01-preview"],"defaultApiVersion":"2023-04-01-preview","capabilities":"CrossResourceGroupResourceMove,
        CrossSubscriptionResourceMove, SystemAssignedResourceIdentity, SupportsTags,
        SupportsLocation"},{"resourceType":"locations","locations":[],"apiVersions":["2023-08-01-preview","2023-05-02-preview","2023-05-01","2023-04-01-preview","2022-11-01-preview","2022-10-01","2022-06-01-preview","2022-03-01","2022-01-01-preview"],"defaultApiVersion":"2023-04-01-preview","capabilities":"None"},{"resourceType":"locations/managedEnvironmentOperationResults","locations":["Central
        US EUAP","East US 2 EUAP","North Central US (Stage)","West US 2","Southeast
        Asia","Sweden Central","Canada Central","West Europe","North Europe","East
        US","East US 2","East Asia","Australia East","Germany West Central","Japan
        East","UK South","West US","Central US","North Central US","South Central
        US","Korea Central","Brazil South","West US 3","France Central","South Africa
        North","Norway East","Switzerland North","UAE North"],"apiVersions":["2023-08-01-preview","2023-05-02-preview","2023-05-01","2023-04-01-preview","2022-11-01-preview","2022-10-01","2022-06-01-preview","2022-03-01","2022-01-01-preview"],"defaultApiVersion":"2023-04-01-preview","capabilities":"None"},{"resourceType":"locations/managedEnvironmentOperationStatuses","locations":["Central
        US EUAP","East US 2 EUAP","North Central US (Stage)","West US 2","Southeast
        Asia","Sweden Central","Canada Central","West Europe","North Europe","East
        US","East US 2","East Asia","Australia East","Germany West Central","Japan
        East","UK South","West US","Central US","North Central US","South Central
        US","Korea Central","Brazil South","West US 3","France Central","South Africa
        North","Norway East","Switzerland North","UAE North"],"apiVersions":["2023-08-01-preview","2023-05-02-preview","2023-05-01","2023-04-01-preview","2022-11-01-preview","2022-10-01","2022-06-01-preview","2022-03-01","2022-01-01-preview"],"defaultApiVersion":"2023-04-01-preview","capabilities":"None"},{"resourceType":"locations/containerappOperationResults","locations":["Central
        US EUAP","East US 2 EUAP","North Central US (Stage)","West US 2","Southeast
        Asia","Sweden Central","Canada Central","West Europe","North Europe","East
        US","East US 2","East Asia","Australia East","Germany West Central","Japan
        East","UK South","West US","Central US","North Central US","South Central
        US","Korea Central","Brazil South","West US 3","France Central","South Africa
        North","Norway East","Switzerland North","UAE North"],"apiVersions":["2023-08-01-preview","2023-05-02-preview","2023-05-01","2023-04-01-preview","2022-11-01-preview","2022-10-01","2022-06-01-preview","2022-03-01","2022-01-01-preview"],"defaultApiVersion":"2023-04-01-preview","capabilities":"None"},{"resourceType":"locations/containerappOperationStatuses","locations":["Central
        US EUAP","East US 2 EUAP","North Central US (Stage)","West US 2","Southeast
        Asia","Sweden Central","Canada Central","West Europe","North Europe","East
        US","East US 2","East Asia","Australia East","Germany West Central","Japan
        East","UK South","West US","Central US","North Central US","South Central
        US","Korea Central","Brazil South","West US 3","France Central","South Africa
        North","Norway East","Switzerland North","UAE North"],"apiVersions":["2023-08-01-preview","2023-05-02-preview","2023-05-01","2023-04-01-preview","2022-11-01-preview","2022-10-01","2022-06-01-preview","2022-03-01","2022-01-01-preview"],"defaultApiVersion":"2023-04-01-preview","capabilities":"None"},{"resourceType":"locations/containerappsjobOperationResults","locations":["Central
        US EUAP","East US 2 EUAP","North Central US (Stage)","West US 2","Southeast
        Asia","Sweden Central","Canada Central","West Europe","North Europe","East
        US","East US 2","East Asia","Australia East","Germany West Central","Japan
        East","UK South","West US","Central US","North Central US","South Central
        US","Korea Central","Brazil South","West US 3","France Central","South Africa
        North","Norway East","Switzerland North","UAE North"],"apiVersions":["2023-08-01-preview","2023-05-02-preview","2023-05-01","2023-04-01-preview","2022-11-01-preview"],"defaultApiVersion":"2023-04-01-preview","capabilities":"None"},{"resourceType":"locations/containerappsjobOperationStatuses","locations":["Central
        US EUAP","East US 2 EUAP","North Central US (Stage)","West US 2","Southeast
        Asia","Sweden Central","Canada Central","West Europe","North Europe","East
        US","East US 2","East Asia","Australia East","Germany West Central","Japan
        East","UK South","West US","Central US","North Central US","South Central
        US","Korea Central","Brazil South","West US 3","France Central","South Africa
        North","Norway East","Switzerland North","UAE North"],"apiVersions":["2023-08-01-preview","2023-05-02-preview","2023-05-01","2023-04-01-preview","2022-11-01-preview"],"defaultApiVersion":"2023-04-01-preview","capabilities":"None"},{"resourceType":"locations/sourceControlOperationResults","locations":["Central
        US EUAP","East US 2 EUAP","North Central US (Stage)","West US 2","Southeast
        Asia","Sweden Central","Canada Central","West Europe","North Europe","East
        US","East US 2","East Asia","Australia East","Germany West Central","Japan
        East","UK South","West US","Central US","North Central US","South Central
        US","Korea Central","Brazil South","West US 3","France Central","South Africa
        North","Norway East","Switzerland North","UAE North"],"apiVersions":["2023-08-01-preview","2023-05-02-preview","2023-05-01","2023-04-01-preview","2022-11-01-preview","2022-10-01","2022-06-01-preview","2022-03-01","2022-01-01-preview"],"defaultApiVersion":"2023-04-01-preview","capabilities":"None"},{"resourceType":"locations/sourceControlOperationStatuses","locations":["Central
        US EUAP","East US 2 EUAP","North Central US (Stage)","West US 2","Southeast
        Asia","Sweden Central","Canada Central","West Europe","North Europe","East
        US","East US 2","East Asia","Australia East","Germany West Central","Japan
        East","UK South","West US","Central US","North Central US","South Central
        US","Korea Central","Brazil South","West US 3","France Central","South Africa
        North","Norway East","Switzerland North","UAE North"],"apiVersions":["2023-08-01-preview","2023-05-02-preview","2023-05-01","2023-04-01-preview","2022-11-01-preview","2022-10-01","2022-06-01-preview","2022-03-01","2022-01-01-preview"],"defaultApiVersion":"2023-04-01-preview","capabilities":"None"},{"resourceType":"locations/usages","locations":["Central
        US EUAP","East US 2 EUAP","North Central US (Stage)","West US 2","Southeast
        Asia","Sweden Central","Canada Central","West Europe","North Europe","East
        US","East US 2","East Asia","Australia East","Germany West Central","Japan
        East","UK South","West US","Central US","North Central US","South Central
        US","Korea Central","Brazil South","West US 3","France Central","South Africa
        North","Norway East","Switzerland North","UAE North"],"apiVersions":["2023-08-01-preview","2023-05-02-preview"],"defaultApiVersion":"2023-05-02-preview","capabilities":"None"},{"resourceType":"connectedEnvironments","locations":["Central
        US EUAP","East US 2 EUAP","North Central US (Stage)","North Central US","East
        US","East Asia","West Europe"],"apiVersions":["2023-08-01-preview","2023-05-02-preview","2023-05-01","2023-04-01-preview","2022-11-01-preview","2022-10-01","2022-06-01-preview"],"defaultApiVersion":"2023-04-01-preview","capabilities":"CrossResourceGroupResourceMove,
        CrossSubscriptionResourceMove, SupportsTags, SupportsLocation"},{"resourceType":"connectedEnvironments/certificates","locations":["Central
        US EUAP","East US 2 EUAP","North Central US (Stage)","North Central US","East
        US","East Asia","West Europe"],"apiVersions":["2023-08-01-preview","2023-05-02-preview","2023-05-01","2023-04-01-preview","2022-11-01-preview","2022-10-01","2022-06-01-preview"],"defaultApiVersion":"2023-04-01-preview","capabilities":"CrossResourceGroupResourceMove,
        CrossSubscriptionResourceMove, SupportsTags, SupportsLocation"},{"resourceType":"locations/connectedEnvironmentOperationResults","locations":["Central
        US EUAP","East US 2 EUAP","North Central US (Stage)","North Central US","East
        US","East Asia","West Europe"],"apiVersions":["2023-08-01-preview","2023-05-02-preview","2023-05-01","2023-04-01-preview","2022-11-01-preview","2022-10-01","2022-06-01-preview"],"defaultApiVersion":"2023-04-01-preview","capabilities":"None"},{"resourceType":"locations/connectedEnvironmentOperationStatuses","locations":["Central
        US EUAP","East US 2 EUAP","North Central US (Stage)","North Central US","East
        US","East Asia","West Europe"],"apiVersions":["2023-08-01-preview","2023-05-02-preview","2023-05-01","2023-04-01-preview","2022-11-01-preview","2022-10-01","2022-06-01-preview"],"defaultApiVersion":"2023-04-01-preview","capabilities":"None"},{"resourceType":"locations/managedCertificateOperationStatuses","locations":["Central
        US EUAP","East US 2 EUAP","North Central US (Stage)","West US 2","Southeast
        Asia","Sweden Central","Canada Central","West Europe","North Europe","East
        US","East US 2","East Asia","Australia East","Germany West Central","Japan
        East","UK South","West US","Central US","North Central US","South Central
        US","Korea Central","Brazil South","West US 3","France Central","South Africa
        North","Norway East","Switzerland North","UAE North"],"apiVersions":["2023-08-01-preview","2023-05-02-preview","2023-05-01","2023-04-01-preview","2022-11-01-preview"],"defaultApiVersion":"2023-04-01-preview","capabilities":"None"},{"resourceType":"locations/billingMeters","locations":["Central
        US EUAP","East US 2 EUAP","North Central US (Stage)","West US 2","Southeast
        Asia","Sweden Central","Canada Central","West Europe","North Europe","East
        US","East US 2","East Asia","Australia East","Germany West Central","Japan
        East","UK South","West US","Central US","North Central US","South Central
        US","Korea Central","Brazil South","West US 3","France Central","South Africa
        North","Norway East","Switzerland North","UAE North"],"apiVersions":["2023-08-01-preview","2023-05-02-preview","2023-05-01","2023-04-01-preview","2022-11-01-preview","2022-10-01","2022-06-01-preview","2022-01-01-preview"],"defaultApiVersion":"2023-04-01-preview","capabilities":"None"},{"resourceType":"locations/availableManagedEnvironmentsWorkloadProfileTypes","locations":["Central
        US EUAP","East US 2 EUAP","North Central US (Stage)","West US 2","Southeast
        Asia","Sweden Central","Canada Central","West Europe","North Europe","East
        US","East US 2","East Asia","Australia East","Germany West Central","Japan
        East","UK South","West US","Central US","North Central US","South Central
        US","Korea Central","Brazil South","West US 3","France Central","South Africa
        North","Norway East","Switzerland North","UAE North"],"apiVersions":["2023-08-01-preview","2023-05-02-preview","2023-05-01","2023-04-01-preview","2022-11-01-preview","2022-10-01","2022-06-01-preview"],"defaultApiVersion":"2023-04-01-preview","capabilities":"None"},{"resourceType":"getCustomDomainVerificationId","locations":["Central
        US EUAP","East US 2 EUAP","North Central US (Stage)","West US 2","Southeast
        Asia","Sweden Central","Canada Central","West Europe","North Europe","East
        US","East US 2","East Asia","Australia East","Germany West Central","Japan
        East","UK South","West US","Central US","North Central US","South Central
        US","Korea Central","Brazil South","West US 3","France Central","South Africa
        North","Norway East","Switzerland North","UAE North"],"apiVersions":["2023-08-01-preview","2023-05-02-preview"],"defaultApiVersion":"2023-05-02-preview","capabilities":"None"}],"registrationState":"Registered","registrationPolicy":"RegistrationRequired"}'
    headers:
      cache-control:
      - no-cache
      content-length:
      - '16824'
      content-type:
      - application/json; charset=utf-8
      date:
      - Tue, 29 Aug 2023 07:12:59 GMT
      expires:
      - '-1'
      pragma:
      - no-cache
      strict-transport-security:
      - max-age=31536000; includeSubDomains
      vary:
      - Accept-Encoding
      x-content-type-options:
      - nosniff
    status:
      code: 200
      message: OK
- request:
    body: null
    headers:
      Accept:
      - application/json
      Accept-Encoding:
      - gzip, deflate
      CommandName:
      - containerapp env create
      Connection:
      - keep-alive
      ParameterSetName:
      - -g -n --logs-workspace-id --logs-workspace-key
      User-Agent:
      - AZURECLI/2.51.0 azsdk-python-azure-mgmt-resource/23.1.0b2 Python/3.10.11 (Windows-10-10.0.22621-SP0)
    method: GET
    uri: https://management.azure.com/subscriptions/00000000-0000-0000-0000-000000000000/providers/Microsoft.App?api-version=2022-09-01
  response:
    body:
      string: '{"id":"/subscriptions/00000000-0000-0000-0000-000000000000/providers/Microsoft.App","namespace":"Microsoft.App","authorizations":[{"applicationId":"7e3bc4fd-85a3-4192-b177-5b8bfc87f42c","roleDefinitionId":"39a74f72-b40f-4bdc-b639-562fe2260bf0"},{"applicationId":"3734c1a4-2bed-4998-a37a-ff1a9e7bf019","roleDefinitionId":"5c779a4f-5cb2-4547-8c41-478d9be8ba90"},{"applicationId":"55ebbb62-3b9c-49fd-9b87-9595226dd4ac","roleDefinitionId":"e49ca620-7992-4561-a7df-4ed67dad77b5","managedByRoleDefinitionId":"9e3af657-a8ff-583c-a75c-2fe7c4bcb635"}],"resourceTypes":[{"resourceType":"operations","locations":["North
        Central US (Stage)","Central US EUAP","East US 2 EUAP","West US 2","Southeast
        Asia","Sweden Central","Canada Central","West Europe","North Europe","East
        US","East US 2","East Asia","Australia East","Germany West Central","Japan
        East","UK South","West US","Central US","North Central US","South Central
        US","Korea Central","Brazil South","West US 3","France Central","South Africa
        North","Norway East","Switzerland North","UAE North"],"apiVersions":["2023-05-02-preview","2023-05-01","2023-04-01-preview","2023-02-01","2022-11-01-preview","2022-10-01","2022-06-01-preview","2022-03-01","2022-01-01-preview"],"defaultApiVersion":"2023-04-01-preview","capabilities":"None"},{"resourceType":"managedEnvironments","locations":["Central
        US EUAP","East US 2 EUAP","North Central US (Stage)","West US 2","Southeast
        Asia","Sweden Central","Canada Central","West Europe","North Europe","East
        US","East US 2","East Asia","Australia East","Germany West Central","Japan
        East","UK South","West US","Central US","North Central US","South Central
        US","Korea Central","Brazil South","West US 3","France Central","South Africa
        North","Norway East","Switzerland North","UAE North"],"apiVersions":["2023-08-01-preview","2023-05-02-preview","2023-05-01","2023-04-01-preview","2022-11-01-preview","2022-10-01","2022-06-01-preview","2022-03-01","2022-01-01-preview"],"defaultApiVersion":"2023-04-01-preview","capabilities":"CrossResourceGroupResourceMove,
        CrossSubscriptionResourceMove, SupportsTags, SupportsLocation"},{"resourceType":"managedEnvironments/certificates","locations":["Central
        US EUAP","East US 2 EUAP","North Central US (Stage)","West US 2","Southeast
        Asia","Sweden Central","Canada Central","West Europe","North Europe","East
        US","East US 2","East Asia","Australia East","Germany West Central","Japan
        East","UK South","West US","Central US","North Central US","South Central
        US","Korea Central","Brazil South","West US 3","France Central","South Africa
        North","Norway East","Switzerland North","UAE North"],"apiVersions":["2023-08-01-preview","2023-05-02-preview","2023-05-01","2023-04-01-preview","2022-11-01-preview","2022-10-01","2022-06-01-preview","2022-03-01","2022-01-01-preview"],"defaultApiVersion":"2023-04-01-preview","capabilities":"CrossResourceGroupResourceMove,
        CrossSubscriptionResourceMove, SupportsTags, SupportsLocation"},{"resourceType":"managedEnvironments/managedCertificates","locations":["Central
        US EUAP","East US 2 EUAP","North Central US (Stage)","West US 2","Southeast
        Asia","Sweden Central","Canada Central","West Europe","North Europe","East
        US","East US 2","East Asia","Australia East","Germany West Central","Japan
        East","UK South","West US","Central US","North Central US","South Central
        US","Korea Central","Brazil South","West US 3","France Central","South Africa
        North","Norway East","Switzerland North","UAE North"],"apiVersions":["2023-08-01-preview","2023-05-02-preview","2023-05-01","2023-04-01-preview","2022-11-01-preview"],"defaultApiVersion":"2023-04-01-preview","capabilities":"CrossResourceGroupResourceMove,
        CrossSubscriptionResourceMove, SupportsTags, SupportsLocation"},{"resourceType":"containerApps","locations":["Central
        US EUAP","East US 2 EUAP","North Central US (Stage)","West US 2","Southeast
        Asia","Sweden Central","Canada Central","West Europe","North Europe","East
        US","East US 2","East Asia","Australia East","Germany West Central","Japan
        East","UK South","West US","Central US","North Central US","South Central
        US","Korea Central","Brazil South","West US 3","France Central","South Africa
        North","Norway East","Switzerland North","UAE North"],"apiVersions":["2023-08-01-preview","2023-05-02-preview","2023-05-01","2023-04-01-preview","2022-11-01-preview","2022-10-01","2022-06-01-preview","2022-03-01","2022-01-01-preview"],"defaultApiVersion":"2023-04-01-preview","capabilities":"CrossResourceGroupResourceMove,
        CrossSubscriptionResourceMove, SystemAssignedResourceIdentity, SupportsTags,
        SupportsLocation"},{"resourceType":"jobs","locations":["Central US EUAP","East
        US 2 EUAP","North Central US (Stage)","West US 2","Southeast Asia","Sweden
        Central","Canada Central","West Europe","North Europe","East US","East US
        2","East Asia","Australia East","Germany West Central","Japan East","UK South","West
        US","Central US","North Central US","South Central US","Korea Central","Brazil
        South","West US 3","France Central","South Africa North","Norway East","Switzerland
        North","UAE North"],"apiVersions":["2023-08-01-preview","2023-05-02-preview","2023-05-01","2023-04-01-preview","2022-11-01-preview"],"defaultApiVersion":"2023-04-01-preview","capabilities":"CrossResourceGroupResourceMove,
        CrossSubscriptionResourceMove, SystemAssignedResourceIdentity, SupportsTags,
        SupportsLocation"},{"resourceType":"locations","locations":[],"apiVersions":["2023-08-01-preview","2023-05-02-preview","2023-05-01","2023-04-01-preview","2022-11-01-preview","2022-10-01","2022-06-01-preview","2022-03-01","2022-01-01-preview"],"defaultApiVersion":"2023-04-01-preview","capabilities":"None"},{"resourceType":"locations/managedEnvironmentOperationResults","locations":["Central
        US EUAP","East US 2 EUAP","North Central US (Stage)","West US 2","Southeast
        Asia","Sweden Central","Canada Central","West Europe","North Europe","East
        US","East US 2","East Asia","Australia East","Germany West Central","Japan
        East","UK South","West US","Central US","North Central US","South Central
        US","Korea Central","Brazil South","West US 3","France Central","South Africa
        North","Norway East","Switzerland North","UAE North"],"apiVersions":["2023-08-01-preview","2023-05-02-preview","2023-05-01","2023-04-01-preview","2022-11-01-preview","2022-10-01","2022-06-01-preview","2022-03-01","2022-01-01-preview"],"defaultApiVersion":"2023-04-01-preview","capabilities":"None"},{"resourceType":"locations/managedEnvironmentOperationStatuses","locations":["Central
        US EUAP","East US 2 EUAP","North Central US (Stage)","West US 2","Southeast
        Asia","Sweden Central","Canada Central","West Europe","North Europe","East
        US","East US 2","East Asia","Australia East","Germany West Central","Japan
        East","UK South","West US","Central US","North Central US","South Central
        US","Korea Central","Brazil South","West US 3","France Central","South Africa
        North","Norway East","Switzerland North","UAE North"],"apiVersions":["2023-08-01-preview","2023-05-02-preview","2023-05-01","2023-04-01-preview","2022-11-01-preview","2022-10-01","2022-06-01-preview","2022-03-01","2022-01-01-preview"],"defaultApiVersion":"2023-04-01-preview","capabilities":"None"},{"resourceType":"locations/containerappOperationResults","locations":["Central
        US EUAP","East US 2 EUAP","North Central US (Stage)","West US 2","Southeast
        Asia","Sweden Central","Canada Central","West Europe","North Europe","East
        US","East US 2","East Asia","Australia East","Germany West Central","Japan
        East","UK South","West US","Central US","North Central US","South Central
        US","Korea Central","Brazil South","West US 3","France Central","South Africa
        North","Norway East","Switzerland North","UAE North"],"apiVersions":["2023-08-01-preview","2023-05-02-preview","2023-05-01","2023-04-01-preview","2022-11-01-preview","2022-10-01","2022-06-01-preview","2022-03-01","2022-01-01-preview"],"defaultApiVersion":"2023-04-01-preview","capabilities":"None"},{"resourceType":"locations/containerappOperationStatuses","locations":["Central
        US EUAP","East US 2 EUAP","North Central US (Stage)","West US 2","Southeast
        Asia","Sweden Central","Canada Central","West Europe","North Europe","East
        US","East US 2","East Asia","Australia East","Germany West Central","Japan
        East","UK South","West US","Central US","North Central US","South Central
        US","Korea Central","Brazil South","West US 3","France Central","South Africa
        North","Norway East","Switzerland North","UAE North"],"apiVersions":["2023-08-01-preview","2023-05-02-preview","2023-05-01","2023-04-01-preview","2022-11-01-preview","2022-10-01","2022-06-01-preview","2022-03-01","2022-01-01-preview"],"defaultApiVersion":"2023-04-01-preview","capabilities":"None"},{"resourceType":"locations/containerappsjobOperationResults","locations":["Central
        US EUAP","East US 2 EUAP","North Central US (Stage)","West US 2","Southeast
        Asia","Sweden Central","Canada Central","West Europe","North Europe","East
        US","East US 2","East Asia","Australia East","Germany West Central","Japan
        East","UK South","West US","Central US","North Central US","South Central
        US","Korea Central","Brazil South","West US 3","France Central","South Africa
        North","Norway East","Switzerland North","UAE North"],"apiVersions":["2023-08-01-preview","2023-05-02-preview","2023-05-01","2023-04-01-preview","2022-11-01-preview"],"defaultApiVersion":"2023-04-01-preview","capabilities":"None"},{"resourceType":"locations/containerappsjobOperationStatuses","locations":["Central
        US EUAP","East US 2 EUAP","North Central US (Stage)","West US 2","Southeast
        Asia","Sweden Central","Canada Central","West Europe","North Europe","East
        US","East US 2","East Asia","Australia East","Germany West Central","Japan
        East","UK South","West US","Central US","North Central US","South Central
        US","Korea Central","Brazil South","West US 3","France Central","South Africa
        North","Norway East","Switzerland North","UAE North"],"apiVersions":["2023-08-01-preview","2023-05-02-preview","2023-05-01","2023-04-01-preview","2022-11-01-preview"],"defaultApiVersion":"2023-04-01-preview","capabilities":"None"},{"resourceType":"locations/sourceControlOperationResults","locations":["Central
        US EUAP","East US 2 EUAP","North Central US (Stage)","West US 2","Southeast
        Asia","Sweden Central","Canada Central","West Europe","North Europe","East
        US","East US 2","East Asia","Australia East","Germany West Central","Japan
        East","UK South","West US","Central US","North Central US","South Central
        US","Korea Central","Brazil South","West US 3","France Central","South Africa
        North","Norway East","Switzerland North","UAE North"],"apiVersions":["2023-08-01-preview","2023-05-02-preview","2023-05-01","2023-04-01-preview","2022-11-01-preview","2022-10-01","2022-06-01-preview","2022-03-01","2022-01-01-preview"],"defaultApiVersion":"2023-04-01-preview","capabilities":"None"},{"resourceType":"locations/sourceControlOperationStatuses","locations":["Central
        US EUAP","East US 2 EUAP","North Central US (Stage)","West US 2","Southeast
        Asia","Sweden Central","Canada Central","West Europe","North Europe","East
        US","East US 2","East Asia","Australia East","Germany West Central","Japan
        East","UK South","West US","Central US","North Central US","South Central
        US","Korea Central","Brazil South","West US 3","France Central","South Africa
        North","Norway East","Switzerland North","UAE North"],"apiVersions":["2023-08-01-preview","2023-05-02-preview","2023-05-01","2023-04-01-preview","2022-11-01-preview","2022-10-01","2022-06-01-preview","2022-03-01","2022-01-01-preview"],"defaultApiVersion":"2023-04-01-preview","capabilities":"None"},{"resourceType":"locations/usages","locations":["Central
        US EUAP","East US 2 EUAP","North Central US (Stage)","West US 2","Southeast
        Asia","Sweden Central","Canada Central","West Europe","North Europe","East
        US","East US 2","East Asia","Australia East","Germany West Central","Japan
        East","UK South","West US","Central US","North Central US","South Central
        US","Korea Central","Brazil South","West US 3","France Central","South Africa
        North","Norway East","Switzerland North","UAE North"],"apiVersions":["2023-08-01-preview","2023-05-02-preview"],"defaultApiVersion":"2023-05-02-preview","capabilities":"None"},{"resourceType":"connectedEnvironments","locations":["Central
        US EUAP","East US 2 EUAP","North Central US (Stage)","North Central US","East
        US","East Asia","West Europe"],"apiVersions":["2023-08-01-preview","2023-05-02-preview","2023-05-01","2023-04-01-preview","2022-11-01-preview","2022-10-01","2022-06-01-preview"],"defaultApiVersion":"2023-04-01-preview","capabilities":"CrossResourceGroupResourceMove,
        CrossSubscriptionResourceMove, SupportsTags, SupportsLocation"},{"resourceType":"connectedEnvironments/certificates","locations":["Central
        US EUAP","East US 2 EUAP","North Central US (Stage)","North Central US","East
        US","East Asia","West Europe"],"apiVersions":["2023-08-01-preview","2023-05-02-preview","2023-05-01","2023-04-01-preview","2022-11-01-preview","2022-10-01","2022-06-01-preview"],"defaultApiVersion":"2023-04-01-preview","capabilities":"CrossResourceGroupResourceMove,
        CrossSubscriptionResourceMove, SupportsTags, SupportsLocation"},{"resourceType":"locations/connectedEnvironmentOperationResults","locations":["Central
        US EUAP","East US 2 EUAP","North Central US (Stage)","North Central US","East
        US","East Asia","West Europe"],"apiVersions":["2023-08-01-preview","2023-05-02-preview","2023-05-01","2023-04-01-preview","2022-11-01-preview","2022-10-01","2022-06-01-preview"],"defaultApiVersion":"2023-04-01-preview","capabilities":"None"},{"resourceType":"locations/connectedEnvironmentOperationStatuses","locations":["Central
        US EUAP","East US 2 EUAP","North Central US (Stage)","North Central US","East
        US","East Asia","West Europe"],"apiVersions":["2023-08-01-preview","2023-05-02-preview","2023-05-01","2023-04-01-preview","2022-11-01-preview","2022-10-01","2022-06-01-preview"],"defaultApiVersion":"2023-04-01-preview","capabilities":"None"},{"resourceType":"locations/managedCertificateOperationStatuses","locations":["Central
        US EUAP","East US 2 EUAP","North Central US (Stage)","West US 2","Southeast
        Asia","Sweden Central","Canada Central","West Europe","North Europe","East
        US","East US 2","East Asia","Australia East","Germany West Central","Japan
        East","UK South","West US","Central US","North Central US","South Central
        US","Korea Central","Brazil South","West US 3","France Central","South Africa
        North","Norway East","Switzerland North","UAE North"],"apiVersions":["2023-08-01-preview","2023-05-02-preview","2023-05-01","2023-04-01-preview","2022-11-01-preview"],"defaultApiVersion":"2023-04-01-preview","capabilities":"None"},{"resourceType":"locations/billingMeters","locations":["Central
        US EUAP","East US 2 EUAP","North Central US (Stage)","West US 2","Southeast
        Asia","Sweden Central","Canada Central","West Europe","North Europe","East
        US","East US 2","East Asia","Australia East","Germany West Central","Japan
        East","UK South","West US","Central US","North Central US","South Central
        US","Korea Central","Brazil South","West US 3","France Central","South Africa
        North","Norway East","Switzerland North","UAE North"],"apiVersions":["2023-08-01-preview","2023-05-02-preview","2023-05-01","2023-04-01-preview","2022-11-01-preview","2022-10-01","2022-06-01-preview","2022-01-01-preview"],"defaultApiVersion":"2023-04-01-preview","capabilities":"None"},{"resourceType":"locations/availableManagedEnvironmentsWorkloadProfileTypes","locations":["Central
        US EUAP","East US 2 EUAP","North Central US (Stage)","West US 2","Southeast
        Asia","Sweden Central","Canada Central","West Europe","North Europe","East
        US","East US 2","East Asia","Australia East","Germany West Central","Japan
        East","UK South","West US","Central US","North Central US","South Central
        US","Korea Central","Brazil South","West US 3","France Central","South Africa
        North","Norway East","Switzerland North","UAE North"],"apiVersions":["2023-08-01-preview","2023-05-02-preview","2023-05-01","2023-04-01-preview","2022-11-01-preview","2022-10-01","2022-06-01-preview"],"defaultApiVersion":"2023-04-01-preview","capabilities":"None"},{"resourceType":"getCustomDomainVerificationId","locations":["Central
        US EUAP","East US 2 EUAP","North Central US (Stage)","West US 2","Southeast
        Asia","Sweden Central","Canada Central","West Europe","North Europe","East
        US","East US 2","East Asia","Australia East","Germany West Central","Japan
        East","UK South","West US","Central US","North Central US","South Central
        US","Korea Central","Brazil South","West US 3","France Central","South Africa
        North","Norway East","Switzerland North","UAE North"],"apiVersions":["2023-08-01-preview","2023-05-02-preview"],"defaultApiVersion":"2023-05-02-preview","capabilities":"None"}],"registrationState":"Registered","registrationPolicy":"RegistrationRequired"}'
    headers:
      cache-control:
      - no-cache
      connection:
      - close
      content-length:
      - '16824'
      content-type:
      - application/json; charset=utf-8
      date:
      - Tue, 29 Aug 2023 07:13:00 GMT
      expires:
      - '-1'
      pragma:
      - no-cache
      strict-transport-security:
      - max-age=31536000; includeSubDomains
      vary:
      - Accept-Encoding
      x-content-type-options:
      - nosniff
    status:
      code: 200
      message: OK
- request:
    body: '{"location": "eastus", "tags": null, "properties": {"daprAIInstrumentationKey":
      null, "vnetConfiguration": null, "appLogsConfiguration": {"destination": "log-analytics",
      "logAnalyticsConfiguration": {"customerId": "3a501fcf-4992-4d0b-8235-678e400ad9ad",
      "sharedKey": "+n1ZZQtQ2Wq5r4CR49mRyWRwp86EqKR/VG1gVtrGqRLZkfWOloGEk15HluHEGcnyWcOjsSts3nzqf2nC6iwFoA=="}},
      "customDomainConfiguration": null, "zoneRedundant": false}}'
    headers:
      Accept:
      - '*/*'
      Accept-Encoding:
      - gzip, deflate
      CommandName:
      - containerapp env create
      Connection:
      - keep-alive
      Content-Length:
      - '420'
      Content-Type:
      - application/json
      ParameterSetName:
      - -g -n --logs-workspace-id --logs-workspace-key
      User-Agent:
      - python/3.10.11 (Windows-10-10.0.22621-SP0) AZURECLI/2.51.0
    method: PUT
    uri: https://management.azure.com/subscriptions/00000000-0000-0000-0000-000000000000/resourceGroups/cli_test_containerapp_preview000001/providers/Microsoft.App/managedEnvironments/containerapp-compose000002?api-version=2023-04-01-preview
  response:
    body:
      string: '{"id":"/subscriptions/00000000-0000-0000-0000-000000000000/resourceGroups/cli_test_containerapp_preview000001/providers/Microsoft.App/managedEnvironments/containerapp-compose000002","name":"containerapp-compose000002","type":"Microsoft.App/managedEnvironments","location":"East
        US","systemData":{"createdBy":"xinyupang@microsoft.com","createdByType":"User","createdAt":"2023-08-29T07:13:02.5561621Z","lastModifiedBy":"xinyupang@microsoft.com","lastModifiedByType":"User","lastModifiedAt":"2023-08-29T07:13:02.5561621Z"},"properties":{"provisioningState":"Waiting","daprAIInstrumentationKey":null,"daprAIConnectionString":null,"vnetConfiguration":null,"defaultDomain":"blackcliff-1b99008e.eastus.azurecontainerapps.io","staticIp":"20.253.105.20","appLogsConfiguration":{"destination":"log-analytics","logAnalyticsConfiguration":{"customerId":"3a501fcf-4992-4d0b-8235-678e400ad9ad","sharedKey":null}},"zoneRedundant":false,"kedaConfiguration":{"version":"2.10.0"},"daprConfiguration":{"version":"1.11.2"},"eventStreamEndpoint":"https://eastus.azurecontainerapps.dev/subscriptions/00000000-0000-0000-0000-000000000000/resourceGroups/cli_test_containerapp_preview000001/managedEnvironments/containerapp-compose000002/eventstream","customDomainConfiguration":{"customDomainVerificationId":"D3F71C85EB6552E36A89A3E4A080C3CFB00181670B659B0003264FC673AA9B00","dnsSuffix":null,"certificateValue":null,"certificatePassword":null,"thumbprint":null,"subjectName":null,"expirationDate":null},"workloadProfiles":null,"firstPartyConfiguration":null,"infrastructureResourceGroup":null,"peerAuthentication":{"mtls":{"enabled":false}}}}'
    headers:
      api-supported-versions:
      - 2022-01-01-preview, 2022-03-01, 2022-06-01-preview, 2022-10-01, 2022-11-01-preview,
        2023-04-01-preview, 2023-05-01, 2023-05-02-preview, 2023-08-01-preview
      azure-asyncoperation:
      - https://management.azure.com/subscriptions/00000000-0000-0000-0000-000000000000/providers/Microsoft.App/locations/eastus/managedEnvironmentOperationStatuses/78213fab-70bc-43d2-beec-939af2388f17?api-version=2023-04-01-preview&azureAsyncOperation=true&t=2023-08-29T07%3a13%3a06&c=MIIHHjCCBgagAwIBAgITfwHPGb2PGVTN4z3FUwAEAc8ZvTANBgkqhkiG9w0BAQsFADBEMRMwEQYKCZImiZPyLGQBGRYDR0JMMRMwEQYKCZImiZPyLGQBGRYDQU1FMRgwFgYDVQQDEw9BTUUgSW5mcmEgQ0EgMDIwHhcNMjMwODAyMDYzNjM2WhcNMjQwNzI3MDYzNjM2WjBAMT4wPAYDVQQDEzVhc3luY29wZXJhdGlvbnNpZ25pbmdjZXJ0aWZpY2F0ZS5tYW5hZ2VtZW50LmF6dXJlLmNvbTCCASIwDQYJKoZIhvcNAQEBBQADggEPADCCAQoCggEBALA8WMmmEO1CwTnKvAtvibQoh9fKt-nYVdbvRtzIlm4z19BYYfDibvj6l1viYhNR3bs53c9d8fIWknmMKcHdJpnnDk-sfLAVWjMNWlp_buwQ0wqnDDMi-_nqhutQ0ONUbruFxD0-bGPA3RLD9MxnV3XQGNGjXFzj7hqAQauMfHafpxwgDIEYAcWfBtE32aGB9_bxZrY8E2slVewgeS6yws88svVeMAmGPQEGqIrOrqphrXLbmWMcWg6Ixey-FyuliVC6n2ECOpeUOnI3zd3u2YXwLZrTeYxh6zaRuU-ht2zLmkisse4EaaJvcnYB1ET9IBE-LI8SxLbutQtDAe4kiSkCAwEAAaOCBAswggQHMCcGCSsGAQQBgjcVCgQaMBgwCgYIKwYBBQUHAwEwCgYIKwYBBQUHAwIwPQYJKwYBBAGCNxUHBDAwLgYmKwYBBAGCNxUIhpDjDYTVtHiE8Ys-hZvdFs6dEoFggvX2K4Py0SACAWQCAQowggHaBggrBgEFBQcBAQSCAcwwggHIMGYGCCsGAQUFBzAChlpodHRwOi8vY3JsLm1pY3Jvc29mdC5jb20vcGtpaW5mcmEvQ2VydHMvQkwyUEtJSU5UQ0EwMS5BTUUuR0JMX0FNRSUyMEluZnJhJTIwQ0ElMjAwMig0KS5jcnQwVgYIKwYBBQUHMAKGSmh0dHA6Ly9jcmwxLmFtZS5nYmwvYWlhL0JMMlBLSUlOVENBMDEuQU1FLkdCTF9BTUUlMjBJbmZyYSUyMENBJTIwMDIoNCkuY3J0MFYGCCsGAQUFBzAChkpodHRwOi8vY3JsMi5hbWUuZ2JsL2FpYS9CTDJQS0lJTlRDQTAxLkFNRS5HQkxfQU1FJTIwSW5mcmElMjBDQSUyMDAyKDQpLmNydDBWBggrBgEFBQcwAoZKaHR0cDovL2NybDMuYW1lLmdibC9haWEvQkwyUEtJSU5UQ0EwMS5BTUUuR0JMX0FNRSUyMEluZnJhJTIwQ0ElMjAwMig0KS5jcnQwVgYIKwYBBQUHMAKGSmh0dHA6Ly9jcmw0LmFtZS5nYmwvYWlhL0JMMlBLSUlOVENBMDEuQU1FLkdCTF9BTUUlMjBJbmZyYSUyMENBJTIwMDIoNCkuY3J0MB0GA1UdDgQWBBQBTTHZD8UzTofzBwHZRpdtw5XpXjAOBgNVHQ8BAf8EBAMCBaAwggE1BgNVHR8EggEsMIIBKDCCASSgggEgoIIBHIZCaHR0cDovL2NybC5taWNyb3NvZnQuY29tL3BraWluZnJhL0NSTC9BTUUlMjBJbmZyYSUyMENBJTIwMDIoNCkuY3JshjRodHRwOi8vY3JsMS5hbWUuZ2JsL2NybC9BTUUlMjBJbmZyYSUyMENBJTIwMDIoNCkuY3JshjRodHRwOi8vY3JsMi5hbWUuZ2JsL2NybC9BTUUlMjBJbmZyYSUyMENBJTIwMDIoNCkuY3JshjRodHRwOi8vY3JsMy5hbWUuZ2JsL2NybC9BTUUlMjBJbmZyYSUyMENBJTIwMDIoNCkuY3JshjRodHRwOi8vY3JsNC5hbWUuZ2JsL2NybC9BTUUlMjBJbmZyYSUyMENBJTIwMDIoNCkuY3JsMBcGA1UdIAQQMA4wDAYKKwYBBAGCN3sBATAfBgNVHSMEGDAWgBSuecJrXSWIEwb2BwnDl3x7l48dVTAdBgNVHSUEFjAUBggrBgEFBQcDAQYIKwYBBQUHAwIwDQYJKoZIhvcNAQELBQADggEBAD3Zm_z6dHneGOQPVVe1FxHrV2xvtqbjaKZAuH5rSpWUw_DJdOSV4cWnP6mHzxkPNq64LVAwgyif18NOtR825NodQN7r_Il0fGIykE4rt-M_xIqddJaoXHzIGUQ0uCofzHWG-wdvSYVhlbFFtTckqYtEA9-qW-eTU2K1wu1OQ8ry_XahL8OpgJsribT6ANlH0I5odhgLdzGhwvBWfM1-xaqN8ieQA5l7FdmYeOrZYwzX4Lc-478HHPVhkKgLr6pn1L-WJJ1mMn_PPXo4c6q34Uw6i0kyVgPeot9rO0FSHhj-YxHTde4eXuk4k1VEx6v56KK89p9N2LCqwkWf75r3Vdk&s=nsN1mEM3og3HoFVjcNIx_1VkyOtfV687rnQuqyj-0fhZQZ5nmL74m-gZml5nBPty3E9UUVhGCGBsdjBxLnXK7ltSAGsDw-qQKEPEru_N0YynMCR65Ta0dZjqp_DNzMhgep9G2FAGV5a8beXgW5cEOyYQ0qUS636lFIR7zX8CsYPJr3Gc2SkVpk2X05kIsT87Bo-hIhAKINeHMH_hFKxKCiWQma-FiOWrYYEb52BEOM5OAXI3dvmQ_9m4IkDWfND6hJe1QSblqF9bVE-eDU9Mxdqmd5i3SNFpuXkwV0vYF6wKy9JimOxC-SymE8wRy7FykyFNTXoJAXh0xOc7jNMlXQ&h=D48dQJ8VTgFu_qdO6UI5dylgp-8VRprKWzQYSqqk9bY
      cache-control:
      - no-cache
      content-length:
      - '1618'
      content-type:
      - application/json; charset=utf-8
      date:
      - Tue, 29 Aug 2023 07:13:05 GMT
      expires:
      - '-1'
      pragma:
      - no-cache
      server:
      - Microsoft-IIS/10.0
      strict-transport-security:
      - max-age=31536000; includeSubDomains
      x-content-type-options:
      - nosniff
      x-ms-async-operation-timeout:
      - PT15M
      x-ms-ratelimit-remaining-subscription-resource-requests:
      - '98'
      x-powered-by:
      - ASP.NET
    status:
      code: 201
      message: Created
- request:
    body: null
    headers:
      Accept:
      - '*/*'
      Accept-Encoding:
      - gzip, deflate
      CommandName:
      - containerapp env create
      Connection:
      - keep-alive
      ParameterSetName:
      - -g -n --logs-workspace-id --logs-workspace-key
      User-Agent:
      - python/3.10.11 (Windows-10-10.0.22621-SP0) AZURECLI/2.51.0
    method: GET
    uri: https://management.azure.com/subscriptions/00000000-0000-0000-0000-000000000000/providers/Microsoft.App/locations/eastus/managedEnvironmentOperationStatuses/78213fab-70bc-43d2-beec-939af2388f17?api-version=2023-04-01-preview&azureAsyncOperation=true&t=2023-08-29T07%3A13%3A06&c=MIIHHjCCBgagAwIBAgITfwHPGb2PGVTN4z3FUwAEAc8ZvTANBgkqhkiG9w0BAQsFADBEMRMwEQYKCZImiZPyLGQBGRYDR0JMMRMwEQYKCZImiZPyLGQBGRYDQU1FMRgwFgYDVQQDEw9BTUUgSW5mcmEgQ0EgMDIwHhcNMjMwODAyMDYzNjM2WhcNMjQwNzI3MDYzNjM2WjBAMT4wPAYDVQQDEzVhc3luY29wZXJhdGlvbnNpZ25pbmdjZXJ0aWZpY2F0ZS5tYW5hZ2VtZW50LmF6dXJlLmNvbTCCASIwDQYJKoZIhvcNAQEBBQADggEPADCCAQoCggEBALA8WMmmEO1CwTnKvAtvibQoh9fKt-nYVdbvRtzIlm4z19BYYfDibvj6l1viYhNR3bs53c9d8fIWknmMKcHdJpnnDk-sfLAVWjMNWlp_buwQ0wqnDDMi-_nqhutQ0ONUbruFxD0-bGPA3RLD9MxnV3XQGNGjXFzj7hqAQauMfHafpxwgDIEYAcWfBtE32aGB9_bxZrY8E2slVewgeS6yws88svVeMAmGPQEGqIrOrqphrXLbmWMcWg6Ixey-FyuliVC6n2ECOpeUOnI3zd3u2YXwLZrTeYxh6zaRuU-ht2zLmkisse4EaaJvcnYB1ET9IBE-LI8SxLbutQtDAe4kiSkCAwEAAaOCBAswggQHMCcGCSsGAQQBgjcVCgQaMBgwCgYIKwYBBQUHAwEwCgYIKwYBBQUHAwIwPQYJKwYBBAGCNxUHBDAwLgYmKwYBBAGCNxUIhpDjDYTVtHiE8Ys-hZvdFs6dEoFggvX2K4Py0SACAWQCAQowggHaBggrBgEFBQcBAQSCAcwwggHIMGYGCCsGAQUFBzAChlpodHRwOi8vY3JsLm1pY3Jvc29mdC5jb20vcGtpaW5mcmEvQ2VydHMvQkwyUEtJSU5UQ0EwMS5BTUUuR0JMX0FNRSUyMEluZnJhJTIwQ0ElMjAwMig0KS5jcnQwVgYIKwYBBQUHMAKGSmh0dHA6Ly9jcmwxLmFtZS5nYmwvYWlhL0JMMlBLSUlOVENBMDEuQU1FLkdCTF9BTUUlMjBJbmZyYSUyMENBJTIwMDIoNCkuY3J0MFYGCCsGAQUFBzAChkpodHRwOi8vY3JsMi5hbWUuZ2JsL2FpYS9CTDJQS0lJTlRDQTAxLkFNRS5HQkxfQU1FJTIwSW5mcmElMjBDQSUyMDAyKDQpLmNydDBWBggrBgEFBQcwAoZKaHR0cDovL2NybDMuYW1lLmdibC9haWEvQkwyUEtJSU5UQ0EwMS5BTUUuR0JMX0FNRSUyMEluZnJhJTIwQ0ElMjAwMig0KS5jcnQwVgYIKwYBBQUHMAKGSmh0dHA6Ly9jcmw0LmFtZS5nYmwvYWlhL0JMMlBLSUlOVENBMDEuQU1FLkdCTF9BTUUlMjBJbmZyYSUyMENBJTIwMDIoNCkuY3J0MB0GA1UdDgQWBBQBTTHZD8UzTofzBwHZRpdtw5XpXjAOBgNVHQ8BAf8EBAMCBaAwggE1BgNVHR8EggEsMIIBKDCCASSgggEgoIIBHIZCaHR0cDovL2NybC5taWNyb3NvZnQuY29tL3BraWluZnJhL0NSTC9BTUUlMjBJbmZyYSUyMENBJTIwMDIoNCkuY3JshjRodHRwOi8vY3JsMS5hbWUuZ2JsL2NybC9BTUUlMjBJbmZyYSUyMENBJTIwMDIoNCkuY3JshjRodHRwOi8vY3JsMi5hbWUuZ2JsL2NybC9BTUUlMjBJbmZyYSUyMENBJTIwMDIoNCkuY3JshjRodHRwOi8vY3JsMy5hbWUuZ2JsL2NybC9BTUUlMjBJbmZyYSUyMENBJTIwMDIoNCkuY3JshjRodHRwOi8vY3JsNC5hbWUuZ2JsL2NybC9BTUUlMjBJbmZyYSUyMENBJTIwMDIoNCkuY3JsMBcGA1UdIAQQMA4wDAYKKwYBBAGCN3sBATAfBgNVHSMEGDAWgBSuecJrXSWIEwb2BwnDl3x7l48dVTAdBgNVHSUEFjAUBggrBgEFBQcDAQYIKwYBBQUHAwIwDQYJKoZIhvcNAQELBQADggEBAD3Zm_z6dHneGOQPVVe1FxHrV2xvtqbjaKZAuH5rSpWUw_DJdOSV4cWnP6mHzxkPNq64LVAwgyif18NOtR825NodQN7r_Il0fGIykE4rt-M_xIqddJaoXHzIGUQ0uCofzHWG-wdvSYVhlbFFtTckqYtEA9-qW-eTU2K1wu1OQ8ry_XahL8OpgJsribT6ANlH0I5odhgLdzGhwvBWfM1-xaqN8ieQA5l7FdmYeOrZYwzX4Lc-478HHPVhkKgLr6pn1L-WJJ1mMn_PPXo4c6q34Uw6i0kyVgPeot9rO0FSHhj-YxHTde4eXuk4k1VEx6v56KK89p9N2LCqwkWf75r3Vdk&s=nsN1mEM3og3HoFVjcNIx_1VkyOtfV687rnQuqyj-0fhZQZ5nmL74m-gZml5nBPty3E9UUVhGCGBsdjBxLnXK7ltSAGsDw-qQKEPEru_N0YynMCR65Ta0dZjqp_DNzMhgep9G2FAGV5a8beXgW5cEOyYQ0qUS636lFIR7zX8CsYPJr3Gc2SkVpk2X05kIsT87Bo-hIhAKINeHMH_hFKxKCiWQma-FiOWrYYEb52BEOM5OAXI3dvmQ_9m4IkDWfND6hJe1QSblqF9bVE-eDU9Mxdqmd5i3SNFpuXkwV0vYF6wKy9JimOxC-SymE8wRy7FykyFNTXoJAXh0xOc7jNMlXQ&h=D48dQJ8VTgFu_qdO6UI5dylgp-8VRprKWzQYSqqk9bY
  response:
    body:
      string: '{"id":"/subscriptions/00000000-0000-0000-0000-000000000000/providers/Microsoft.App/locations/eastus/managedEnvironmentOperationStatuses/78213fab-70bc-43d2-beec-939af2388f17","name":"78213fab-70bc-43d2-beec-939af2388f17","status":"InProgress","startTime":"2023-08-29T07:13:05.9571611"}'
    headers:
      api-supported-versions:
      - 2022-01-01-preview, 2022-03-01, 2022-06-01-preview, 2022-10-01, 2022-11-01-preview,
        2023-04-01-preview, 2023-05-01, 2023-05-02-preview, 2023-08-01-preview
      cache-control:
      - no-cache
      content-length:
      - '284'
      content-type:
      - application/json; charset=utf-8
      date:
      - Tue, 29 Aug 2023 07:13:07 GMT
      expires:
      - '-1'
      pragma:
      - no-cache
      server:
      - Microsoft-IIS/10.0
      strict-transport-security:
      - max-age=31536000; includeSubDomains
      transfer-encoding:
      - chunked
      vary:
      - Accept-Encoding,Accept-Encoding
      x-content-type-options:
      - nosniff
      x-powered-by:
      - ASP.NET
    status:
      code: 200
      message: OK
- request:
    body: null
    headers:
      Accept:
      - '*/*'
      Accept-Encoding:
      - gzip, deflate
      CommandName:
      - containerapp env create
      Connection:
      - keep-alive
      ParameterSetName:
      - -g -n --logs-workspace-id --logs-workspace-key
      User-Agent:
      - python/3.10.11 (Windows-10-10.0.22621-SP0) AZURECLI/2.51.0
    method: GET
    uri: https://management.azure.com/subscriptions/00000000-0000-0000-0000-000000000000/providers/Microsoft.App/locations/eastus/managedEnvironmentOperationStatuses/78213fab-70bc-43d2-beec-939af2388f17?api-version=2023-04-01-preview&azureAsyncOperation=true&t=2023-08-29T07%3A13%3A06&c=MIIHHjCCBgagAwIBAgITfwHPGb2PGVTN4z3FUwAEAc8ZvTANBgkqhkiG9w0BAQsFADBEMRMwEQYKCZImiZPyLGQBGRYDR0JMMRMwEQYKCZImiZPyLGQBGRYDQU1FMRgwFgYDVQQDEw9BTUUgSW5mcmEgQ0EgMDIwHhcNMjMwODAyMDYzNjM2WhcNMjQwNzI3MDYzNjM2WjBAMT4wPAYDVQQDEzVhc3luY29wZXJhdGlvbnNpZ25pbmdjZXJ0aWZpY2F0ZS5tYW5hZ2VtZW50LmF6dXJlLmNvbTCCASIwDQYJKoZIhvcNAQEBBQADggEPADCCAQoCggEBALA8WMmmEO1CwTnKvAtvibQoh9fKt-nYVdbvRtzIlm4z19BYYfDibvj6l1viYhNR3bs53c9d8fIWknmMKcHdJpnnDk-sfLAVWjMNWlp_buwQ0wqnDDMi-_nqhutQ0ONUbruFxD0-bGPA3RLD9MxnV3XQGNGjXFzj7hqAQauMfHafpxwgDIEYAcWfBtE32aGB9_bxZrY8E2slVewgeS6yws88svVeMAmGPQEGqIrOrqphrXLbmWMcWg6Ixey-FyuliVC6n2ECOpeUOnI3zd3u2YXwLZrTeYxh6zaRuU-ht2zLmkisse4EaaJvcnYB1ET9IBE-LI8SxLbutQtDAe4kiSkCAwEAAaOCBAswggQHMCcGCSsGAQQBgjcVCgQaMBgwCgYIKwYBBQUHAwEwCgYIKwYBBQUHAwIwPQYJKwYBBAGCNxUHBDAwLgYmKwYBBAGCNxUIhpDjDYTVtHiE8Ys-hZvdFs6dEoFggvX2K4Py0SACAWQCAQowggHaBggrBgEFBQcBAQSCAcwwggHIMGYGCCsGAQUFBzAChlpodHRwOi8vY3JsLm1pY3Jvc29mdC5jb20vcGtpaW5mcmEvQ2VydHMvQkwyUEtJSU5UQ0EwMS5BTUUuR0JMX0FNRSUyMEluZnJhJTIwQ0ElMjAwMig0KS5jcnQwVgYIKwYBBQUHMAKGSmh0dHA6Ly9jcmwxLmFtZS5nYmwvYWlhL0JMMlBLSUlOVENBMDEuQU1FLkdCTF9BTUUlMjBJbmZyYSUyMENBJTIwMDIoNCkuY3J0MFYGCCsGAQUFBzAChkpodHRwOi8vY3JsMi5hbWUuZ2JsL2FpYS9CTDJQS0lJTlRDQTAxLkFNRS5HQkxfQU1FJTIwSW5mcmElMjBDQSUyMDAyKDQpLmNydDBWBggrBgEFBQcwAoZKaHR0cDovL2NybDMuYW1lLmdibC9haWEvQkwyUEtJSU5UQ0EwMS5BTUUuR0JMX0FNRSUyMEluZnJhJTIwQ0ElMjAwMig0KS5jcnQwVgYIKwYBBQUHMAKGSmh0dHA6Ly9jcmw0LmFtZS5nYmwvYWlhL0JMMlBLSUlOVENBMDEuQU1FLkdCTF9BTUUlMjBJbmZyYSUyMENBJTIwMDIoNCkuY3J0MB0GA1UdDgQWBBQBTTHZD8UzTofzBwHZRpdtw5XpXjAOBgNVHQ8BAf8EBAMCBaAwggE1BgNVHR8EggEsMIIBKDCCASSgggEgoIIBHIZCaHR0cDovL2NybC5taWNyb3NvZnQuY29tL3BraWluZnJhL0NSTC9BTUUlMjBJbmZyYSUyMENBJTIwMDIoNCkuY3JshjRodHRwOi8vY3JsMS5hbWUuZ2JsL2NybC9BTUUlMjBJbmZyYSUyMENBJTIwMDIoNCkuY3JshjRodHRwOi8vY3JsMi5hbWUuZ2JsL2NybC9BTUUlMjBJbmZyYSUyMENBJTIwMDIoNCkuY3JshjRodHRwOi8vY3JsMy5hbWUuZ2JsL2NybC9BTUUlMjBJbmZyYSUyMENBJTIwMDIoNCkuY3JshjRodHRwOi8vY3JsNC5hbWUuZ2JsL2NybC9BTUUlMjBJbmZyYSUyMENBJTIwMDIoNCkuY3JsMBcGA1UdIAQQMA4wDAYKKwYBBAGCN3sBATAfBgNVHSMEGDAWgBSuecJrXSWIEwb2BwnDl3x7l48dVTAdBgNVHSUEFjAUBggrBgEFBQcDAQYIKwYBBQUHAwIwDQYJKoZIhvcNAQELBQADggEBAD3Zm_z6dHneGOQPVVe1FxHrV2xvtqbjaKZAuH5rSpWUw_DJdOSV4cWnP6mHzxkPNq64LVAwgyif18NOtR825NodQN7r_Il0fGIykE4rt-M_xIqddJaoXHzIGUQ0uCofzHWG-wdvSYVhlbFFtTckqYtEA9-qW-eTU2K1wu1OQ8ry_XahL8OpgJsribT6ANlH0I5odhgLdzGhwvBWfM1-xaqN8ieQA5l7FdmYeOrZYwzX4Lc-478HHPVhkKgLr6pn1L-WJJ1mMn_PPXo4c6q34Uw6i0kyVgPeot9rO0FSHhj-YxHTde4eXuk4k1VEx6v56KK89p9N2LCqwkWf75r3Vdk&s=nsN1mEM3og3HoFVjcNIx_1VkyOtfV687rnQuqyj-0fhZQZ5nmL74m-gZml5nBPty3E9UUVhGCGBsdjBxLnXK7ltSAGsDw-qQKEPEru_N0YynMCR65Ta0dZjqp_DNzMhgep9G2FAGV5a8beXgW5cEOyYQ0qUS636lFIR7zX8CsYPJr3Gc2SkVpk2X05kIsT87Bo-hIhAKINeHMH_hFKxKCiWQma-FiOWrYYEb52BEOM5OAXI3dvmQ_9m4IkDWfND6hJe1QSblqF9bVE-eDU9Mxdqmd5i3SNFpuXkwV0vYF6wKy9JimOxC-SymE8wRy7FykyFNTXoJAXh0xOc7jNMlXQ&h=D48dQJ8VTgFu_qdO6UI5dylgp-8VRprKWzQYSqqk9bY
  response:
    body:
      string: '{"id":"/subscriptions/00000000-0000-0000-0000-000000000000/providers/Microsoft.App/locations/eastus/managedEnvironmentOperationStatuses/78213fab-70bc-43d2-beec-939af2388f17","name":"78213fab-70bc-43d2-beec-939af2388f17","status":"InProgress","startTime":"2023-08-29T07:13:05.9571611"}'
    headers:
      api-supported-versions:
      - 2022-01-01-preview, 2022-03-01, 2022-06-01-preview, 2022-10-01, 2022-11-01-preview,
        2023-04-01-preview, 2023-05-01, 2023-05-02-preview, 2023-08-01-preview
      cache-control:
      - no-cache
      content-length:
      - '284'
      content-type:
      - application/json; charset=utf-8
      date:
      - Tue, 29 Aug 2023 07:13:10 GMT
      expires:
      - '-1'
      pragma:
      - no-cache
      server:
      - Microsoft-IIS/10.0
      strict-transport-security:
      - max-age=31536000; includeSubDomains
      transfer-encoding:
      - chunked
      vary:
      - Accept-Encoding,Accept-Encoding
      x-content-type-options:
      - nosniff
      x-powered-by:
      - ASP.NET
    status:
      code: 200
      message: OK
- request:
    body: null
    headers:
      Accept:
      - '*/*'
      Accept-Encoding:
      - gzip, deflate
      CommandName:
      - containerapp env create
      Connection:
      - keep-alive
      ParameterSetName:
      - -g -n --logs-workspace-id --logs-workspace-key
      User-Agent:
      - python/3.10.11 (Windows-10-10.0.22621-SP0) AZURECLI/2.51.0
    method: GET
    uri: https://management.azure.com/subscriptions/00000000-0000-0000-0000-000000000000/providers/Microsoft.App/locations/eastus/managedEnvironmentOperationStatuses/78213fab-70bc-43d2-beec-939af2388f17?api-version=2023-04-01-preview&azureAsyncOperation=true&t=2023-08-29T07%3A13%3A06&c=MIIHHjCCBgagAwIBAgITfwHPGb2PGVTN4z3FUwAEAc8ZvTANBgkqhkiG9w0BAQsFADBEMRMwEQYKCZImiZPyLGQBGRYDR0JMMRMwEQYKCZImiZPyLGQBGRYDQU1FMRgwFgYDVQQDEw9BTUUgSW5mcmEgQ0EgMDIwHhcNMjMwODAyMDYzNjM2WhcNMjQwNzI3MDYzNjM2WjBAMT4wPAYDVQQDEzVhc3luY29wZXJhdGlvbnNpZ25pbmdjZXJ0aWZpY2F0ZS5tYW5hZ2VtZW50LmF6dXJlLmNvbTCCASIwDQYJKoZIhvcNAQEBBQADggEPADCCAQoCggEBALA8WMmmEO1CwTnKvAtvibQoh9fKt-nYVdbvRtzIlm4z19BYYfDibvj6l1viYhNR3bs53c9d8fIWknmMKcHdJpnnDk-sfLAVWjMNWlp_buwQ0wqnDDMi-_nqhutQ0ONUbruFxD0-bGPA3RLD9MxnV3XQGNGjXFzj7hqAQauMfHafpxwgDIEYAcWfBtE32aGB9_bxZrY8E2slVewgeS6yws88svVeMAmGPQEGqIrOrqphrXLbmWMcWg6Ixey-FyuliVC6n2ECOpeUOnI3zd3u2YXwLZrTeYxh6zaRuU-ht2zLmkisse4EaaJvcnYB1ET9IBE-LI8SxLbutQtDAe4kiSkCAwEAAaOCBAswggQHMCcGCSsGAQQBgjcVCgQaMBgwCgYIKwYBBQUHAwEwCgYIKwYBBQUHAwIwPQYJKwYBBAGCNxUHBDAwLgYmKwYBBAGCNxUIhpDjDYTVtHiE8Ys-hZvdFs6dEoFggvX2K4Py0SACAWQCAQowggHaBggrBgEFBQcBAQSCAcwwggHIMGYGCCsGAQUFBzAChlpodHRwOi8vY3JsLm1pY3Jvc29mdC5jb20vcGtpaW5mcmEvQ2VydHMvQkwyUEtJSU5UQ0EwMS5BTUUuR0JMX0FNRSUyMEluZnJhJTIwQ0ElMjAwMig0KS5jcnQwVgYIKwYBBQUHMAKGSmh0dHA6Ly9jcmwxLmFtZS5nYmwvYWlhL0JMMlBLSUlOVENBMDEuQU1FLkdCTF9BTUUlMjBJbmZyYSUyMENBJTIwMDIoNCkuY3J0MFYGCCsGAQUFBzAChkpodHRwOi8vY3JsMi5hbWUuZ2JsL2FpYS9CTDJQS0lJTlRDQTAxLkFNRS5HQkxfQU1FJTIwSW5mcmElMjBDQSUyMDAyKDQpLmNydDBWBggrBgEFBQcwAoZKaHR0cDovL2NybDMuYW1lLmdibC9haWEvQkwyUEtJSU5UQ0EwMS5BTUUuR0JMX0FNRSUyMEluZnJhJTIwQ0ElMjAwMig0KS5jcnQwVgYIKwYBBQUHMAKGSmh0dHA6Ly9jcmw0LmFtZS5nYmwvYWlhL0JMMlBLSUlOVENBMDEuQU1FLkdCTF9BTUUlMjBJbmZyYSUyMENBJTIwMDIoNCkuY3J0MB0GA1UdDgQWBBQBTTHZD8UzTofzBwHZRpdtw5XpXjAOBgNVHQ8BAf8EBAMCBaAwggE1BgNVHR8EggEsMIIBKDCCASSgggEgoIIBHIZCaHR0cDovL2NybC5taWNyb3NvZnQuY29tL3BraWluZnJhL0NSTC9BTUUlMjBJbmZyYSUyMENBJTIwMDIoNCkuY3JshjRodHRwOi8vY3JsMS5hbWUuZ2JsL2NybC9BTUUlMjBJbmZyYSUyMENBJTIwMDIoNCkuY3JshjRodHRwOi8vY3JsMi5hbWUuZ2JsL2NybC9BTUUlMjBJbmZyYSUyMENBJTIwMDIoNCkuY3JshjRodHRwOi8vY3JsMy5hbWUuZ2JsL2NybC9BTUUlMjBJbmZyYSUyMENBJTIwMDIoNCkuY3JshjRodHRwOi8vY3JsNC5hbWUuZ2JsL2NybC9BTUUlMjBJbmZyYSUyMENBJTIwMDIoNCkuY3JsMBcGA1UdIAQQMA4wDAYKKwYBBAGCN3sBATAfBgNVHSMEGDAWgBSuecJrXSWIEwb2BwnDl3x7l48dVTAdBgNVHSUEFjAUBggrBgEFBQcDAQYIKwYBBQUHAwIwDQYJKoZIhvcNAQELBQADggEBAD3Zm_z6dHneGOQPVVe1FxHrV2xvtqbjaKZAuH5rSpWUw_DJdOSV4cWnP6mHzxkPNq64LVAwgyif18NOtR825NodQN7r_Il0fGIykE4rt-M_xIqddJaoXHzIGUQ0uCofzHWG-wdvSYVhlbFFtTckqYtEA9-qW-eTU2K1wu1OQ8ry_XahL8OpgJsribT6ANlH0I5odhgLdzGhwvBWfM1-xaqN8ieQA5l7FdmYeOrZYwzX4Lc-478HHPVhkKgLr6pn1L-WJJ1mMn_PPXo4c6q34Uw6i0kyVgPeot9rO0FSHhj-YxHTde4eXuk4k1VEx6v56KK89p9N2LCqwkWf75r3Vdk&s=nsN1mEM3og3HoFVjcNIx_1VkyOtfV687rnQuqyj-0fhZQZ5nmL74m-gZml5nBPty3E9UUVhGCGBsdjBxLnXK7ltSAGsDw-qQKEPEru_N0YynMCR65Ta0dZjqp_DNzMhgep9G2FAGV5a8beXgW5cEOyYQ0qUS636lFIR7zX8CsYPJr3Gc2SkVpk2X05kIsT87Bo-hIhAKINeHMH_hFKxKCiWQma-FiOWrYYEb52BEOM5OAXI3dvmQ_9m4IkDWfND6hJe1QSblqF9bVE-eDU9Mxdqmd5i3SNFpuXkwV0vYF6wKy9JimOxC-SymE8wRy7FykyFNTXoJAXh0xOc7jNMlXQ&h=D48dQJ8VTgFu_qdO6UI5dylgp-8VRprKWzQYSqqk9bY
  response:
    body:
      string: '{"id":"/subscriptions/00000000-0000-0000-0000-000000000000/providers/Microsoft.App/locations/eastus/managedEnvironmentOperationStatuses/78213fab-70bc-43d2-beec-939af2388f17","name":"78213fab-70bc-43d2-beec-939af2388f17","status":"InProgress","startTime":"2023-08-29T07:13:05.9571611"}'
    headers:
      api-supported-versions:
      - 2022-01-01-preview, 2022-03-01, 2022-06-01-preview, 2022-10-01, 2022-11-01-preview,
        2023-04-01-preview, 2023-05-01, 2023-05-02-preview, 2023-08-01-preview
      cache-control:
      - no-cache
      content-length:
      - '284'
      content-type:
      - application/json; charset=utf-8
      date:
      - Tue, 29 Aug 2023 07:13:14 GMT
      expires:
      - '-1'
      pragma:
      - no-cache
      server:
      - Microsoft-IIS/10.0
      strict-transport-security:
      - max-age=31536000; includeSubDomains
      transfer-encoding:
      - chunked
      vary:
      - Accept-Encoding,Accept-Encoding
      x-content-type-options:
      - nosniff
      x-powered-by:
      - ASP.NET
    status:
      code: 200
      message: OK
- request:
    body: null
    headers:
      Accept:
      - '*/*'
      Accept-Encoding:
      - gzip, deflate
      CommandName:
      - containerapp env create
      Connection:
      - keep-alive
      ParameterSetName:
      - -g -n --logs-workspace-id --logs-workspace-key
      User-Agent:
      - python/3.10.11 (Windows-10-10.0.22621-SP0) AZURECLI/2.51.0
    method: GET
    uri: https://management.azure.com/subscriptions/00000000-0000-0000-0000-000000000000/providers/Microsoft.App/locations/eastus/managedEnvironmentOperationStatuses/78213fab-70bc-43d2-beec-939af2388f17?api-version=2023-04-01-preview&azureAsyncOperation=true&t=2023-08-29T07%3A13%3A06&c=MIIHHjCCBgagAwIBAgITfwHPGb2PGVTN4z3FUwAEAc8ZvTANBgkqhkiG9w0BAQsFADBEMRMwEQYKCZImiZPyLGQBGRYDR0JMMRMwEQYKCZImiZPyLGQBGRYDQU1FMRgwFgYDVQQDEw9BTUUgSW5mcmEgQ0EgMDIwHhcNMjMwODAyMDYzNjM2WhcNMjQwNzI3MDYzNjM2WjBAMT4wPAYDVQQDEzVhc3luY29wZXJhdGlvbnNpZ25pbmdjZXJ0aWZpY2F0ZS5tYW5hZ2VtZW50LmF6dXJlLmNvbTCCASIwDQYJKoZIhvcNAQEBBQADggEPADCCAQoCggEBALA8WMmmEO1CwTnKvAtvibQoh9fKt-nYVdbvRtzIlm4z19BYYfDibvj6l1viYhNR3bs53c9d8fIWknmMKcHdJpnnDk-sfLAVWjMNWlp_buwQ0wqnDDMi-_nqhutQ0ONUbruFxD0-bGPA3RLD9MxnV3XQGNGjXFzj7hqAQauMfHafpxwgDIEYAcWfBtE32aGB9_bxZrY8E2slVewgeS6yws88svVeMAmGPQEGqIrOrqphrXLbmWMcWg6Ixey-FyuliVC6n2ECOpeUOnI3zd3u2YXwLZrTeYxh6zaRuU-ht2zLmkisse4EaaJvcnYB1ET9IBE-LI8SxLbutQtDAe4kiSkCAwEAAaOCBAswggQHMCcGCSsGAQQBgjcVCgQaMBgwCgYIKwYBBQUHAwEwCgYIKwYBBQUHAwIwPQYJKwYBBAGCNxUHBDAwLgYmKwYBBAGCNxUIhpDjDYTVtHiE8Ys-hZvdFs6dEoFggvX2K4Py0SACAWQCAQowggHaBggrBgEFBQcBAQSCAcwwggHIMGYGCCsGAQUFBzAChlpodHRwOi8vY3JsLm1pY3Jvc29mdC5jb20vcGtpaW5mcmEvQ2VydHMvQkwyUEtJSU5UQ0EwMS5BTUUuR0JMX0FNRSUyMEluZnJhJTIwQ0ElMjAwMig0KS5jcnQwVgYIKwYBBQUHMAKGSmh0dHA6Ly9jcmwxLmFtZS5nYmwvYWlhL0JMMlBLSUlOVENBMDEuQU1FLkdCTF9BTUUlMjBJbmZyYSUyMENBJTIwMDIoNCkuY3J0MFYGCCsGAQUFBzAChkpodHRwOi8vY3JsMi5hbWUuZ2JsL2FpYS9CTDJQS0lJTlRDQTAxLkFNRS5HQkxfQU1FJTIwSW5mcmElMjBDQSUyMDAyKDQpLmNydDBWBggrBgEFBQcwAoZKaHR0cDovL2NybDMuYW1lLmdibC9haWEvQkwyUEtJSU5UQ0EwMS5BTUUuR0JMX0FNRSUyMEluZnJhJTIwQ0ElMjAwMig0KS5jcnQwVgYIKwYBBQUHMAKGSmh0dHA6Ly9jcmw0LmFtZS5nYmwvYWlhL0JMMlBLSUlOVENBMDEuQU1FLkdCTF9BTUUlMjBJbmZyYSUyMENBJTIwMDIoNCkuY3J0MB0GA1UdDgQWBBQBTTHZD8UzTofzBwHZRpdtw5XpXjAOBgNVHQ8BAf8EBAMCBaAwggE1BgNVHR8EggEsMIIBKDCCASSgggEgoIIBHIZCaHR0cDovL2NybC5taWNyb3NvZnQuY29tL3BraWluZnJhL0NSTC9BTUUlMjBJbmZyYSUyMENBJTIwMDIoNCkuY3JshjRodHRwOi8vY3JsMS5hbWUuZ2JsL2NybC9BTUUlMjBJbmZyYSUyMENBJTIwMDIoNCkuY3JshjRodHRwOi8vY3JsMi5hbWUuZ2JsL2NybC9BTUUlMjBJbmZyYSUyMENBJTIwMDIoNCkuY3JshjRodHRwOi8vY3JsMy5hbWUuZ2JsL2NybC9BTUUlMjBJbmZyYSUyMENBJTIwMDIoNCkuY3JshjRodHRwOi8vY3JsNC5hbWUuZ2JsL2NybC9BTUUlMjBJbmZyYSUyMENBJTIwMDIoNCkuY3JsMBcGA1UdIAQQMA4wDAYKKwYBBAGCN3sBATAfBgNVHSMEGDAWgBSuecJrXSWIEwb2BwnDl3x7l48dVTAdBgNVHSUEFjAUBggrBgEFBQcDAQYIKwYBBQUHAwIwDQYJKoZIhvcNAQELBQADggEBAD3Zm_z6dHneGOQPVVe1FxHrV2xvtqbjaKZAuH5rSpWUw_DJdOSV4cWnP6mHzxkPNq64LVAwgyif18NOtR825NodQN7r_Il0fGIykE4rt-M_xIqddJaoXHzIGUQ0uCofzHWG-wdvSYVhlbFFtTckqYtEA9-qW-eTU2K1wu1OQ8ry_XahL8OpgJsribT6ANlH0I5odhgLdzGhwvBWfM1-xaqN8ieQA5l7FdmYeOrZYwzX4Lc-478HHPVhkKgLr6pn1L-WJJ1mMn_PPXo4c6q34Uw6i0kyVgPeot9rO0FSHhj-YxHTde4eXuk4k1VEx6v56KK89p9N2LCqwkWf75r3Vdk&s=nsN1mEM3og3HoFVjcNIx_1VkyOtfV687rnQuqyj-0fhZQZ5nmL74m-gZml5nBPty3E9UUVhGCGBsdjBxLnXK7ltSAGsDw-qQKEPEru_N0YynMCR65Ta0dZjqp_DNzMhgep9G2FAGV5a8beXgW5cEOyYQ0qUS636lFIR7zX8CsYPJr3Gc2SkVpk2X05kIsT87Bo-hIhAKINeHMH_hFKxKCiWQma-FiOWrYYEb52BEOM5OAXI3dvmQ_9m4IkDWfND6hJe1QSblqF9bVE-eDU9Mxdqmd5i3SNFpuXkwV0vYF6wKy9JimOxC-SymE8wRy7FykyFNTXoJAXh0xOc7jNMlXQ&h=D48dQJ8VTgFu_qdO6UI5dylgp-8VRprKWzQYSqqk9bY
  response:
    body:
      string: '{"id":"/subscriptions/00000000-0000-0000-0000-000000000000/providers/Microsoft.App/locations/eastus/managedEnvironmentOperationStatuses/78213fab-70bc-43d2-beec-939af2388f17","name":"78213fab-70bc-43d2-beec-939af2388f17","status":"InProgress","startTime":"2023-08-29T07:13:05.9571611"}'
    headers:
      api-supported-versions:
      - 2022-01-01-preview, 2022-03-01, 2022-06-01-preview, 2022-10-01, 2022-11-01-preview,
        2023-04-01-preview, 2023-05-01, 2023-05-02-preview, 2023-08-01-preview
      cache-control:
      - no-cache
      content-length:
      - '284'
      content-type:
      - application/json; charset=utf-8
      date:
      - Tue, 29 Aug 2023 07:13:18 GMT
      expires:
      - '-1'
      pragma:
      - no-cache
      server:
      - Microsoft-IIS/10.0
      strict-transport-security:
      - max-age=31536000; includeSubDomains
      transfer-encoding:
      - chunked
      vary:
      - Accept-Encoding,Accept-Encoding
      x-content-type-options:
      - nosniff
      x-powered-by:
      - ASP.NET
    status:
      code: 200
      message: OK
- request:
    body: null
    headers:
      Accept:
      - '*/*'
      Accept-Encoding:
      - gzip, deflate
      CommandName:
      - containerapp env create
      Connection:
      - keep-alive
      ParameterSetName:
      - -g -n --logs-workspace-id --logs-workspace-key
      User-Agent:
      - python/3.10.11 (Windows-10-10.0.22621-SP0) AZURECLI/2.51.0
    method: GET
    uri: https://management.azure.com/subscriptions/00000000-0000-0000-0000-000000000000/providers/Microsoft.App/locations/eastus/managedEnvironmentOperationStatuses/78213fab-70bc-43d2-beec-939af2388f17?api-version=2023-04-01-preview&azureAsyncOperation=true&t=2023-08-29T07%3A13%3A06&c=MIIHHjCCBgagAwIBAgITfwHPGb2PGVTN4z3FUwAEAc8ZvTANBgkqhkiG9w0BAQsFADBEMRMwEQYKCZImiZPyLGQBGRYDR0JMMRMwEQYKCZImiZPyLGQBGRYDQU1FMRgwFgYDVQQDEw9BTUUgSW5mcmEgQ0EgMDIwHhcNMjMwODAyMDYzNjM2WhcNMjQwNzI3MDYzNjM2WjBAMT4wPAYDVQQDEzVhc3luY29wZXJhdGlvbnNpZ25pbmdjZXJ0aWZpY2F0ZS5tYW5hZ2VtZW50LmF6dXJlLmNvbTCCASIwDQYJKoZIhvcNAQEBBQADggEPADCCAQoCggEBALA8WMmmEO1CwTnKvAtvibQoh9fKt-nYVdbvRtzIlm4z19BYYfDibvj6l1viYhNR3bs53c9d8fIWknmMKcHdJpnnDk-sfLAVWjMNWlp_buwQ0wqnDDMi-_nqhutQ0ONUbruFxD0-bGPA3RLD9MxnV3XQGNGjXFzj7hqAQauMfHafpxwgDIEYAcWfBtE32aGB9_bxZrY8E2slVewgeS6yws88svVeMAmGPQEGqIrOrqphrXLbmWMcWg6Ixey-FyuliVC6n2ECOpeUOnI3zd3u2YXwLZrTeYxh6zaRuU-ht2zLmkisse4EaaJvcnYB1ET9IBE-LI8SxLbutQtDAe4kiSkCAwEAAaOCBAswggQHMCcGCSsGAQQBgjcVCgQaMBgwCgYIKwYBBQUHAwEwCgYIKwYBBQUHAwIwPQYJKwYBBAGCNxUHBDAwLgYmKwYBBAGCNxUIhpDjDYTVtHiE8Ys-hZvdFs6dEoFggvX2K4Py0SACAWQCAQowggHaBggrBgEFBQcBAQSCAcwwggHIMGYGCCsGAQUFBzAChlpodHRwOi8vY3JsLm1pY3Jvc29mdC5jb20vcGtpaW5mcmEvQ2VydHMvQkwyUEtJSU5UQ0EwMS5BTUUuR0JMX0FNRSUyMEluZnJhJTIwQ0ElMjAwMig0KS5jcnQwVgYIKwYBBQUHMAKGSmh0dHA6Ly9jcmwxLmFtZS5nYmwvYWlhL0JMMlBLSUlOVENBMDEuQU1FLkdCTF9BTUUlMjBJbmZyYSUyMENBJTIwMDIoNCkuY3J0MFYGCCsGAQUFBzAChkpodHRwOi8vY3JsMi5hbWUuZ2JsL2FpYS9CTDJQS0lJTlRDQTAxLkFNRS5HQkxfQU1FJTIwSW5mcmElMjBDQSUyMDAyKDQpLmNydDBWBggrBgEFBQcwAoZKaHR0cDovL2NybDMuYW1lLmdibC9haWEvQkwyUEtJSU5UQ0EwMS5BTUUuR0JMX0FNRSUyMEluZnJhJTIwQ0ElMjAwMig0KS5jcnQwVgYIKwYBBQUHMAKGSmh0dHA6Ly9jcmw0LmFtZS5nYmwvYWlhL0JMMlBLSUlOVENBMDEuQU1FLkdCTF9BTUUlMjBJbmZyYSUyMENBJTIwMDIoNCkuY3J0MB0GA1UdDgQWBBQBTTHZD8UzTofzBwHZRpdtw5XpXjAOBgNVHQ8BAf8EBAMCBaAwggE1BgNVHR8EggEsMIIBKDCCASSgggEgoIIBHIZCaHR0cDovL2NybC5taWNyb3NvZnQuY29tL3BraWluZnJhL0NSTC9BTUUlMjBJbmZyYSUyMENBJTIwMDIoNCkuY3JshjRodHRwOi8vY3JsMS5hbWUuZ2JsL2NybC9BTUUlMjBJbmZyYSUyMENBJTIwMDIoNCkuY3JshjRodHRwOi8vY3JsMi5hbWUuZ2JsL2NybC9BTUUlMjBJbmZyYSUyMENBJTIwMDIoNCkuY3JshjRodHRwOi8vY3JsMy5hbWUuZ2JsL2NybC9BTUUlMjBJbmZyYSUyMENBJTIwMDIoNCkuY3JshjRodHRwOi8vY3JsNC5hbWUuZ2JsL2NybC9BTUUlMjBJbmZyYSUyMENBJTIwMDIoNCkuY3JsMBcGA1UdIAQQMA4wDAYKKwYBBAGCN3sBATAfBgNVHSMEGDAWgBSuecJrXSWIEwb2BwnDl3x7l48dVTAdBgNVHSUEFjAUBggrBgEFBQcDAQYIKwYBBQUHAwIwDQYJKoZIhvcNAQELBQADggEBAD3Zm_z6dHneGOQPVVe1FxHrV2xvtqbjaKZAuH5rSpWUw_DJdOSV4cWnP6mHzxkPNq64LVAwgyif18NOtR825NodQN7r_Il0fGIykE4rt-M_xIqddJaoXHzIGUQ0uCofzHWG-wdvSYVhlbFFtTckqYtEA9-qW-eTU2K1wu1OQ8ry_XahL8OpgJsribT6ANlH0I5odhgLdzGhwvBWfM1-xaqN8ieQA5l7FdmYeOrZYwzX4Lc-478HHPVhkKgLr6pn1L-WJJ1mMn_PPXo4c6q34Uw6i0kyVgPeot9rO0FSHhj-YxHTde4eXuk4k1VEx6v56KK89p9N2LCqwkWf75r3Vdk&s=nsN1mEM3og3HoFVjcNIx_1VkyOtfV687rnQuqyj-0fhZQZ5nmL74m-gZml5nBPty3E9UUVhGCGBsdjBxLnXK7ltSAGsDw-qQKEPEru_N0YynMCR65Ta0dZjqp_DNzMhgep9G2FAGV5a8beXgW5cEOyYQ0qUS636lFIR7zX8CsYPJr3Gc2SkVpk2X05kIsT87Bo-hIhAKINeHMH_hFKxKCiWQma-FiOWrYYEb52BEOM5OAXI3dvmQ_9m4IkDWfND6hJe1QSblqF9bVE-eDU9Mxdqmd5i3SNFpuXkwV0vYF6wKy9JimOxC-SymE8wRy7FykyFNTXoJAXh0xOc7jNMlXQ&h=D48dQJ8VTgFu_qdO6UI5dylgp-8VRprKWzQYSqqk9bY
  response:
    body:
      string: '{"id":"/subscriptions/00000000-0000-0000-0000-000000000000/providers/Microsoft.App/locations/eastus/managedEnvironmentOperationStatuses/78213fab-70bc-43d2-beec-939af2388f17","name":"78213fab-70bc-43d2-beec-939af2388f17","status":"InProgress","startTime":"2023-08-29T07:13:05.9571611"}'
    headers:
      api-supported-versions:
      - 2022-01-01-preview, 2022-03-01, 2022-06-01-preview, 2022-10-01, 2022-11-01-preview,
        2023-04-01-preview, 2023-05-01, 2023-05-02-preview, 2023-08-01-preview
      cache-control:
      - no-cache
      content-length:
      - '284'
      content-type:
      - application/json; charset=utf-8
      date:
      - Tue, 29 Aug 2023 07:13:22 GMT
      expires:
      - '-1'
      pragma:
      - no-cache
      server:
      - Microsoft-IIS/10.0
      strict-transport-security:
      - max-age=31536000; includeSubDomains
      transfer-encoding:
      - chunked
      vary:
      - Accept-Encoding,Accept-Encoding
      x-content-type-options:
      - nosniff
      x-powered-by:
      - ASP.NET
    status:
      code: 200
      message: OK
- request:
    body: null
    headers:
      Accept:
      - '*/*'
      Accept-Encoding:
      - gzip, deflate
      CommandName:
      - containerapp env create
      Connection:
      - keep-alive
      ParameterSetName:
      - -g -n --logs-workspace-id --logs-workspace-key
      User-Agent:
      - python/3.10.11 (Windows-10-10.0.22621-SP0) AZURECLI/2.51.0
    method: GET
    uri: https://management.azure.com/subscriptions/00000000-0000-0000-0000-000000000000/providers/Microsoft.App/locations/eastus/managedEnvironmentOperationStatuses/78213fab-70bc-43d2-beec-939af2388f17?api-version=2023-04-01-preview&azureAsyncOperation=true&t=2023-08-29T07%3A13%3A06&c=MIIHHjCCBgagAwIBAgITfwHPGb2PGVTN4z3FUwAEAc8ZvTANBgkqhkiG9w0BAQsFADBEMRMwEQYKCZImiZPyLGQBGRYDR0JMMRMwEQYKCZImiZPyLGQBGRYDQU1FMRgwFgYDVQQDEw9BTUUgSW5mcmEgQ0EgMDIwHhcNMjMwODAyMDYzNjM2WhcNMjQwNzI3MDYzNjM2WjBAMT4wPAYDVQQDEzVhc3luY29wZXJhdGlvbnNpZ25pbmdjZXJ0aWZpY2F0ZS5tYW5hZ2VtZW50LmF6dXJlLmNvbTCCASIwDQYJKoZIhvcNAQEBBQADggEPADCCAQoCggEBALA8WMmmEO1CwTnKvAtvibQoh9fKt-nYVdbvRtzIlm4z19BYYfDibvj6l1viYhNR3bs53c9d8fIWknmMKcHdJpnnDk-sfLAVWjMNWlp_buwQ0wqnDDMi-_nqhutQ0ONUbruFxD0-bGPA3RLD9MxnV3XQGNGjXFzj7hqAQauMfHafpxwgDIEYAcWfBtE32aGB9_bxZrY8E2slVewgeS6yws88svVeMAmGPQEGqIrOrqphrXLbmWMcWg6Ixey-FyuliVC6n2ECOpeUOnI3zd3u2YXwLZrTeYxh6zaRuU-ht2zLmkisse4EaaJvcnYB1ET9IBE-LI8SxLbutQtDAe4kiSkCAwEAAaOCBAswggQHMCcGCSsGAQQBgjcVCgQaMBgwCgYIKwYBBQUHAwEwCgYIKwYBBQUHAwIwPQYJKwYBBAGCNxUHBDAwLgYmKwYBBAGCNxUIhpDjDYTVtHiE8Ys-hZvdFs6dEoFggvX2K4Py0SACAWQCAQowggHaBggrBgEFBQcBAQSCAcwwggHIMGYGCCsGAQUFBzAChlpodHRwOi8vY3JsLm1pY3Jvc29mdC5jb20vcGtpaW5mcmEvQ2VydHMvQkwyUEtJSU5UQ0EwMS5BTUUuR0JMX0FNRSUyMEluZnJhJTIwQ0ElMjAwMig0KS5jcnQwVgYIKwYBBQUHMAKGSmh0dHA6Ly9jcmwxLmFtZS5nYmwvYWlhL0JMMlBLSUlOVENBMDEuQU1FLkdCTF9BTUUlMjBJbmZyYSUyMENBJTIwMDIoNCkuY3J0MFYGCCsGAQUFBzAChkpodHRwOi8vY3JsMi5hbWUuZ2JsL2FpYS9CTDJQS0lJTlRDQTAxLkFNRS5HQkxfQU1FJTIwSW5mcmElMjBDQSUyMDAyKDQpLmNydDBWBggrBgEFBQcwAoZKaHR0cDovL2NybDMuYW1lLmdibC9haWEvQkwyUEtJSU5UQ0EwMS5BTUUuR0JMX0FNRSUyMEluZnJhJTIwQ0ElMjAwMig0KS5jcnQwVgYIKwYBBQUHMAKGSmh0dHA6Ly9jcmw0LmFtZS5nYmwvYWlhL0JMMlBLSUlOVENBMDEuQU1FLkdCTF9BTUUlMjBJbmZyYSUyMENBJTIwMDIoNCkuY3J0MB0GA1UdDgQWBBQBTTHZD8UzTofzBwHZRpdtw5XpXjAOBgNVHQ8BAf8EBAMCBaAwggE1BgNVHR8EggEsMIIBKDCCASSgggEgoIIBHIZCaHR0cDovL2NybC5taWNyb3NvZnQuY29tL3BraWluZnJhL0NSTC9BTUUlMjBJbmZyYSUyMENBJTIwMDIoNCkuY3JshjRodHRwOi8vY3JsMS5hbWUuZ2JsL2NybC9BTUUlMjBJbmZyYSUyMENBJTIwMDIoNCkuY3JshjRodHRwOi8vY3JsMi5hbWUuZ2JsL2NybC9BTUUlMjBJbmZyYSUyMENBJTIwMDIoNCkuY3JshjRodHRwOi8vY3JsMy5hbWUuZ2JsL2NybC9BTUUlMjBJbmZyYSUyMENBJTIwMDIoNCkuY3JshjRodHRwOi8vY3JsNC5hbWUuZ2JsL2NybC9BTUUlMjBJbmZyYSUyMENBJTIwMDIoNCkuY3JsMBcGA1UdIAQQMA4wDAYKKwYBBAGCN3sBATAfBgNVHSMEGDAWgBSuecJrXSWIEwb2BwnDl3x7l48dVTAdBgNVHSUEFjAUBggrBgEFBQcDAQYIKwYBBQUHAwIwDQYJKoZIhvcNAQELBQADggEBAD3Zm_z6dHneGOQPVVe1FxHrV2xvtqbjaKZAuH5rSpWUw_DJdOSV4cWnP6mHzxkPNq64LVAwgyif18NOtR825NodQN7r_Il0fGIykE4rt-M_xIqddJaoXHzIGUQ0uCofzHWG-wdvSYVhlbFFtTckqYtEA9-qW-eTU2K1wu1OQ8ry_XahL8OpgJsribT6ANlH0I5odhgLdzGhwvBWfM1-xaqN8ieQA5l7FdmYeOrZYwzX4Lc-478HHPVhkKgLr6pn1L-WJJ1mMn_PPXo4c6q34Uw6i0kyVgPeot9rO0FSHhj-YxHTde4eXuk4k1VEx6v56KK89p9N2LCqwkWf75r3Vdk&s=nsN1mEM3og3HoFVjcNIx_1VkyOtfV687rnQuqyj-0fhZQZ5nmL74m-gZml5nBPty3E9UUVhGCGBsdjBxLnXK7ltSAGsDw-qQKEPEru_N0YynMCR65Ta0dZjqp_DNzMhgep9G2FAGV5a8beXgW5cEOyYQ0qUS636lFIR7zX8CsYPJr3Gc2SkVpk2X05kIsT87Bo-hIhAKINeHMH_hFKxKCiWQma-FiOWrYYEb52BEOM5OAXI3dvmQ_9m4IkDWfND6hJe1QSblqF9bVE-eDU9Mxdqmd5i3SNFpuXkwV0vYF6wKy9JimOxC-SymE8wRy7FykyFNTXoJAXh0xOc7jNMlXQ&h=D48dQJ8VTgFu_qdO6UI5dylgp-8VRprKWzQYSqqk9bY
  response:
    body:
      string: '{"id":"/subscriptions/00000000-0000-0000-0000-000000000000/providers/Microsoft.App/locations/eastus/managedEnvironmentOperationStatuses/78213fab-70bc-43d2-beec-939af2388f17","name":"78213fab-70bc-43d2-beec-939af2388f17","status":"Succeeded","startTime":"2023-08-29T07:13:05.9571611"}'
    headers:
      api-supported-versions:
      - 2022-01-01-preview, 2022-03-01, 2022-06-01-preview, 2022-10-01, 2022-11-01-preview,
        2023-04-01-preview, 2023-05-01, 2023-05-02-preview, 2023-08-01-preview
      cache-control:
      - no-cache
      content-length:
      - '283'
      content-type:
      - application/json; charset=utf-8
      date:
      - Tue, 29 Aug 2023 07:13:26 GMT
      expires:
      - '-1'
      pragma:
      - no-cache
      server:
      - Microsoft-IIS/10.0
      strict-transport-security:
      - max-age=31536000; includeSubDomains
      transfer-encoding:
      - chunked
      vary:
      - Accept-Encoding,Accept-Encoding
      x-content-type-options:
      - nosniff
      x-powered-by:
      - ASP.NET
    status:
      code: 200
      message: OK
- request:
    body: null
    headers:
      Accept:
      - '*/*'
      Accept-Encoding:
      - gzip, deflate
      CommandName:
      - containerapp env create
      Connection:
      - keep-alive
      ParameterSetName:
      - -g -n --logs-workspace-id --logs-workspace-key
      User-Agent:
      - python/3.10.11 (Windows-10-10.0.22621-SP0) AZURECLI/2.51.0
    method: GET
    uri: https://management.azure.com/subscriptions/00000000-0000-0000-0000-000000000000/resourceGroups/cli_test_containerapp_preview000001/providers/Microsoft.App/managedEnvironments/containerapp-compose000002?api-version=2023-04-01-preview
  response:
    body:
      string: '{"id":"/subscriptions/00000000-0000-0000-0000-000000000000/resourceGroups/cli_test_containerapp_preview000001/providers/Microsoft.App/managedEnvironments/containerapp-compose000002","name":"containerapp-compose000002","type":"Microsoft.App/managedEnvironments","location":"East
        US","systemData":{"createdBy":"xinyupang@microsoft.com","createdByType":"User","createdAt":"2023-08-29T07:13:02.5561621","lastModifiedBy":"xinyupang@microsoft.com","lastModifiedByType":"User","lastModifiedAt":"2023-08-29T07:13:02.5561621"},"properties":{"provisioningState":"Succeeded","daprAIInstrumentationKey":null,"daprAIConnectionString":null,"vnetConfiguration":null,"defaultDomain":"blackcliff-1b99008e.eastus.azurecontainerapps.io","staticIp":"20.253.105.20","appLogsConfiguration":{"destination":"log-analytics","logAnalyticsConfiguration":{"customerId":"3a501fcf-4992-4d0b-8235-678e400ad9ad","sharedKey":null}},"zoneRedundant":false,"kedaConfiguration":{"version":"2.10.0"},"daprConfiguration":{"version":"1.11.2"},"eventStreamEndpoint":"https://eastus.azurecontainerapps.dev/subscriptions/00000000-0000-0000-0000-000000000000/resourceGroups/cli_test_containerapp_preview000001/managedEnvironments/containerapp-compose000002/eventstream","customDomainConfiguration":{"customDomainVerificationId":"D3F71C85EB6552E36A89A3E4A080C3CFB00181670B659B0003264FC673AA9B00","dnsSuffix":null,"certificateValue":null,"certificatePassword":null,"thumbprint":null,"subjectName":null,"expirationDate":null},"workloadProfiles":null,"firstPartyConfiguration":null,"infrastructureResourceGroup":null,"peerAuthentication":{"mtls":{"enabled":false}}}}'
    headers:
      api-supported-versions:
      - 2022-01-01-preview, 2022-03-01, 2022-06-01-preview, 2022-10-01, 2022-11-01-preview,
        2023-04-01-preview, 2023-05-01, 2023-05-02-preview, 2023-08-01-preview
      cache-control:
      - no-cache
      content-length:
      - '1618'
      content-type:
      - application/json; charset=utf-8
      date:
      - Tue, 29 Aug 2023 07:13:29 GMT
      expires:
      - '-1'
      pragma:
      - no-cache
      server:
      - Microsoft-IIS/10.0
      strict-transport-security:
      - max-age=31536000; includeSubDomains
      transfer-encoding:
      - chunked
      vary:
      - Accept-Encoding,Accept-Encoding
      x-content-type-options:
      - nosniff
      x-powered-by:
      - ASP.NET
    status:
      code: 200
      message: OK
- request:
    body: null
    headers:
      Accept:
      - application/json
      Accept-Encoding:
      - gzip, deflate
      CommandName:
      - containerapp env show
      Connection:
      - keep-alive
      ParameterSetName:
      - -g -n
      User-Agent:
      - AZURECLI/2.51.0 azsdk-python-azure-mgmt-resource/23.1.0b2 Python/3.10.11 (Windows-10-10.0.22621-SP0)
    method: GET
    uri: https://management.azure.com/subscriptions/00000000-0000-0000-0000-000000000000/providers/Microsoft.App?api-version=2022-09-01
  response:
    body:
      string: '{"id":"/subscriptions/00000000-0000-0000-0000-000000000000/providers/Microsoft.App","namespace":"Microsoft.App","authorizations":[{"applicationId":"7e3bc4fd-85a3-4192-b177-5b8bfc87f42c","roleDefinitionId":"39a74f72-b40f-4bdc-b639-562fe2260bf0"},{"applicationId":"3734c1a4-2bed-4998-a37a-ff1a9e7bf019","roleDefinitionId":"5c779a4f-5cb2-4547-8c41-478d9be8ba90"},{"applicationId":"55ebbb62-3b9c-49fd-9b87-9595226dd4ac","roleDefinitionId":"e49ca620-7992-4561-a7df-4ed67dad77b5","managedByRoleDefinitionId":"9e3af657-a8ff-583c-a75c-2fe7c4bcb635"}],"resourceTypes":[{"resourceType":"operations","locations":["North
        Central US (Stage)","Central US EUAP","East US 2 EUAP","West US 2","Southeast
        Asia","Sweden Central","Canada Central","West Europe","North Europe","East
        US","East US 2","East Asia","Australia East","Germany West Central","Japan
        East","UK South","West US","Central US","North Central US","South Central
        US","Korea Central","Brazil South","West US 3","France Central","South Africa
        North","Norway East","Switzerland North","UAE North"],"apiVersions":["2023-05-02-preview","2023-05-01","2023-04-01-preview","2023-02-01","2022-11-01-preview","2022-10-01","2022-06-01-preview","2022-03-01","2022-01-01-preview"],"defaultApiVersion":"2023-04-01-preview","capabilities":"None"},{"resourceType":"managedEnvironments","locations":["Central
        US EUAP","East US 2 EUAP","North Central US (Stage)","West US 2","Southeast
        Asia","Sweden Central","Canada Central","West Europe","North Europe","East
        US","East US 2","East Asia","Australia East","Germany West Central","Japan
        East","UK South","West US","Central US","North Central US","South Central
        US","Korea Central","Brazil South","West US 3","France Central","South Africa
        North","Norway East","Switzerland North","UAE North"],"apiVersions":["2023-08-01-preview","2023-05-02-preview","2023-05-01","2023-04-01-preview","2022-11-01-preview","2022-10-01","2022-06-01-preview","2022-03-01","2022-01-01-preview"],"defaultApiVersion":"2023-04-01-preview","capabilities":"CrossResourceGroupResourceMove,
        CrossSubscriptionResourceMove, SupportsTags, SupportsLocation"},{"resourceType":"managedEnvironments/certificates","locations":["Central
        US EUAP","East US 2 EUAP","North Central US (Stage)","West US 2","Southeast
        Asia","Sweden Central","Canada Central","West Europe","North Europe","East
        US","East US 2","East Asia","Australia East","Germany West Central","Japan
        East","UK South","West US","Central US","North Central US","South Central
        US","Korea Central","Brazil South","West US 3","France Central","South Africa
        North","Norway East","Switzerland North","UAE North"],"apiVersions":["2023-08-01-preview","2023-05-02-preview","2023-05-01","2023-04-01-preview","2022-11-01-preview","2022-10-01","2022-06-01-preview","2022-03-01","2022-01-01-preview"],"defaultApiVersion":"2023-04-01-preview","capabilities":"CrossResourceGroupResourceMove,
        CrossSubscriptionResourceMove, SupportsTags, SupportsLocation"},{"resourceType":"managedEnvironments/managedCertificates","locations":["Central
        US EUAP","East US 2 EUAP","North Central US (Stage)","West US 2","Southeast
        Asia","Sweden Central","Canada Central","West Europe","North Europe","East
        US","East US 2","East Asia","Australia East","Germany West Central","Japan
        East","UK South","West US","Central US","North Central US","South Central
        US","Korea Central","Brazil South","West US 3","France Central","South Africa
        North","Norway East","Switzerland North","UAE North"],"apiVersions":["2023-08-01-preview","2023-05-02-preview","2023-05-01","2023-04-01-preview","2022-11-01-preview"],"defaultApiVersion":"2023-04-01-preview","capabilities":"CrossResourceGroupResourceMove,
        CrossSubscriptionResourceMove, SupportsTags, SupportsLocation"},{"resourceType":"containerApps","locations":["Central
        US EUAP","East US 2 EUAP","North Central US (Stage)","West US 2","Southeast
        Asia","Sweden Central","Canada Central","West Europe","North Europe","East
        US","East US 2","East Asia","Australia East","Germany West Central","Japan
        East","UK South","West US","Central US","North Central US","South Central
        US","Korea Central","Brazil South","West US 3","France Central","South Africa
        North","Norway East","Switzerland North","UAE North"],"apiVersions":["2023-08-01-preview","2023-05-02-preview","2023-05-01","2023-04-01-preview","2022-11-01-preview","2022-10-01","2022-06-01-preview","2022-03-01","2022-01-01-preview"],"defaultApiVersion":"2023-04-01-preview","capabilities":"CrossResourceGroupResourceMove,
        CrossSubscriptionResourceMove, SystemAssignedResourceIdentity, SupportsTags,
        SupportsLocation"},{"resourceType":"jobs","locations":["Central US EUAP","East
        US 2 EUAP","North Central US (Stage)","West US 2","Southeast Asia","Sweden
        Central","Canada Central","West Europe","North Europe","East US","East US
        2","East Asia","Australia East","Germany West Central","Japan East","UK South","West
        US","Central US","North Central US","South Central US","Korea Central","Brazil
        South","West US 3","France Central","South Africa North","Norway East","Switzerland
        North","UAE North"],"apiVersions":["2023-08-01-preview","2023-05-02-preview","2023-05-01","2023-04-01-preview","2022-11-01-preview"],"defaultApiVersion":"2023-04-01-preview","capabilities":"CrossResourceGroupResourceMove,
        CrossSubscriptionResourceMove, SystemAssignedResourceIdentity, SupportsTags,
        SupportsLocation"},{"resourceType":"locations","locations":[],"apiVersions":["2023-08-01-preview","2023-05-02-preview","2023-05-01","2023-04-01-preview","2022-11-01-preview","2022-10-01","2022-06-01-preview","2022-03-01","2022-01-01-preview"],"defaultApiVersion":"2023-04-01-preview","capabilities":"None"},{"resourceType":"locations/managedEnvironmentOperationResults","locations":["Central
        US EUAP","East US 2 EUAP","North Central US (Stage)","West US 2","Southeast
        Asia","Sweden Central","Canada Central","West Europe","North Europe","East
        US","East US 2","East Asia","Australia East","Germany West Central","Japan
        East","UK South","West US","Central US","North Central US","South Central
        US","Korea Central","Brazil South","West US 3","France Central","South Africa
        North","Norway East","Switzerland North","UAE North"],"apiVersions":["2023-08-01-preview","2023-05-02-preview","2023-05-01","2023-04-01-preview","2022-11-01-preview","2022-10-01","2022-06-01-preview","2022-03-01","2022-01-01-preview"],"defaultApiVersion":"2023-04-01-preview","capabilities":"None"},{"resourceType":"locations/managedEnvironmentOperationStatuses","locations":["Central
        US EUAP","East US 2 EUAP","North Central US (Stage)","West US 2","Southeast
        Asia","Sweden Central","Canada Central","West Europe","North Europe","East
        US","East US 2","East Asia","Australia East","Germany West Central","Japan
        East","UK South","West US","Central US","North Central US","South Central
        US","Korea Central","Brazil South","West US 3","France Central","South Africa
        North","Norway East","Switzerland North","UAE North"],"apiVersions":["2023-08-01-preview","2023-05-02-preview","2023-05-01","2023-04-01-preview","2022-11-01-preview","2022-10-01","2022-06-01-preview","2022-03-01","2022-01-01-preview"],"defaultApiVersion":"2023-04-01-preview","capabilities":"None"},{"resourceType":"locations/containerappOperationResults","locations":["Central
        US EUAP","East US 2 EUAP","North Central US (Stage)","West US 2","Southeast
        Asia","Sweden Central","Canada Central","West Europe","North Europe","East
        US","East US 2","East Asia","Australia East","Germany West Central","Japan
        East","UK South","West US","Central US","North Central US","South Central
        US","Korea Central","Brazil South","West US 3","France Central","South Africa
        North","Norway East","Switzerland North","UAE North"],"apiVersions":["2023-08-01-preview","2023-05-02-preview","2023-05-01","2023-04-01-preview","2022-11-01-preview","2022-10-01","2022-06-01-preview","2022-03-01","2022-01-01-preview"],"defaultApiVersion":"2023-04-01-preview","capabilities":"None"},{"resourceType":"locations/containerappOperationStatuses","locations":["Central
        US EUAP","East US 2 EUAP","North Central US (Stage)","West US 2","Southeast
        Asia","Sweden Central","Canada Central","West Europe","North Europe","East
        US","East US 2","East Asia","Australia East","Germany West Central","Japan
        East","UK South","West US","Central US","North Central US","South Central
        US","Korea Central","Brazil South","West US 3","France Central","South Africa
        North","Norway East","Switzerland North","UAE North"],"apiVersions":["2023-08-01-preview","2023-05-02-preview","2023-05-01","2023-04-01-preview","2022-11-01-preview","2022-10-01","2022-06-01-preview","2022-03-01","2022-01-01-preview"],"defaultApiVersion":"2023-04-01-preview","capabilities":"None"},{"resourceType":"locations/containerappsjobOperationResults","locations":["Central
        US EUAP","East US 2 EUAP","North Central US (Stage)","West US 2","Southeast
        Asia","Sweden Central","Canada Central","West Europe","North Europe","East
        US","East US 2","East Asia","Australia East","Germany West Central","Japan
        East","UK South","West US","Central US","North Central US","South Central
        US","Korea Central","Brazil South","West US 3","France Central","South Africa
        North","Norway East","Switzerland North","UAE North"],"apiVersions":["2023-08-01-preview","2023-05-02-preview","2023-05-01","2023-04-01-preview","2022-11-01-preview"],"defaultApiVersion":"2023-04-01-preview","capabilities":"None"},{"resourceType":"locations/containerappsjobOperationStatuses","locations":["Central
        US EUAP","East US 2 EUAP","North Central US (Stage)","West US 2","Southeast
        Asia","Sweden Central","Canada Central","West Europe","North Europe","East
        US","East US 2","East Asia","Australia East","Germany West Central","Japan
        East","UK South","West US","Central US","North Central US","South Central
        US","Korea Central","Brazil South","West US 3","France Central","South Africa
        North","Norway East","Switzerland North","UAE North"],"apiVersions":["2023-08-01-preview","2023-05-02-preview","2023-05-01","2023-04-01-preview","2022-11-01-preview"],"defaultApiVersion":"2023-04-01-preview","capabilities":"None"},{"resourceType":"locations/sourceControlOperationResults","locations":["Central
        US EUAP","East US 2 EUAP","North Central US (Stage)","West US 2","Southeast
        Asia","Sweden Central","Canada Central","West Europe","North Europe","East
        US","East US 2","East Asia","Australia East","Germany West Central","Japan
        East","UK South","West US","Central US","North Central US","South Central
        US","Korea Central","Brazil South","West US 3","France Central","South Africa
        North","Norway East","Switzerland North","UAE North"],"apiVersions":["2023-08-01-preview","2023-05-02-preview","2023-05-01","2023-04-01-preview","2022-11-01-preview","2022-10-01","2022-06-01-preview","2022-03-01","2022-01-01-preview"],"defaultApiVersion":"2023-04-01-preview","capabilities":"None"},{"resourceType":"locations/sourceControlOperationStatuses","locations":["Central
        US EUAP","East US 2 EUAP","North Central US (Stage)","West US 2","Southeast
        Asia","Sweden Central","Canada Central","West Europe","North Europe","East
        US","East US 2","East Asia","Australia East","Germany West Central","Japan
        East","UK South","West US","Central US","North Central US","South Central
        US","Korea Central","Brazil South","West US 3","France Central","South Africa
        North","Norway East","Switzerland North","UAE North"],"apiVersions":["2023-08-01-preview","2023-05-02-preview","2023-05-01","2023-04-01-preview","2022-11-01-preview","2022-10-01","2022-06-01-preview","2022-03-01","2022-01-01-preview"],"defaultApiVersion":"2023-04-01-preview","capabilities":"None"},{"resourceType":"locations/usages","locations":["Central
        US EUAP","East US 2 EUAP","North Central US (Stage)","West US 2","Southeast
        Asia","Sweden Central","Canada Central","West Europe","North Europe","East
        US","East US 2","East Asia","Australia East","Germany West Central","Japan
        East","UK South","West US","Central US","North Central US","South Central
        US","Korea Central","Brazil South","West US 3","France Central","South Africa
        North","Norway East","Switzerland North","UAE North"],"apiVersions":["2023-08-01-preview","2023-05-02-preview"],"defaultApiVersion":"2023-05-02-preview","capabilities":"None"},{"resourceType":"connectedEnvironments","locations":["Central
        US EUAP","East US 2 EUAP","North Central US (Stage)","North Central US","East
        US","East Asia","West Europe"],"apiVersions":["2023-08-01-preview","2023-05-02-preview","2023-05-01","2023-04-01-preview","2022-11-01-preview","2022-10-01","2022-06-01-preview"],"defaultApiVersion":"2023-04-01-preview","capabilities":"CrossResourceGroupResourceMove,
        CrossSubscriptionResourceMove, SupportsTags, SupportsLocation"},{"resourceType":"connectedEnvironments/certificates","locations":["Central
        US EUAP","East US 2 EUAP","North Central US (Stage)","North Central US","East
        US","East Asia","West Europe"],"apiVersions":["2023-08-01-preview","2023-05-02-preview","2023-05-01","2023-04-01-preview","2022-11-01-preview","2022-10-01","2022-06-01-preview"],"defaultApiVersion":"2023-04-01-preview","capabilities":"CrossResourceGroupResourceMove,
        CrossSubscriptionResourceMove, SupportsTags, SupportsLocation"},{"resourceType":"locations/connectedEnvironmentOperationResults","locations":["Central
        US EUAP","East US 2 EUAP","North Central US (Stage)","North Central US","East
        US","East Asia","West Europe"],"apiVersions":["2023-08-01-preview","2023-05-02-preview","2023-05-01","2023-04-01-preview","2022-11-01-preview","2022-10-01","2022-06-01-preview"],"defaultApiVersion":"2023-04-01-preview","capabilities":"None"},{"resourceType":"locations/connectedEnvironmentOperationStatuses","locations":["Central
        US EUAP","East US 2 EUAP","North Central US (Stage)","North Central US","East
        US","East Asia","West Europe"],"apiVersions":["2023-08-01-preview","2023-05-02-preview","2023-05-01","2023-04-01-preview","2022-11-01-preview","2022-10-01","2022-06-01-preview"],"defaultApiVersion":"2023-04-01-preview","capabilities":"None"},{"resourceType":"locations/managedCertificateOperationStatuses","locations":["Central
        US EUAP","East US 2 EUAP","North Central US (Stage)","West US 2","Southeast
        Asia","Sweden Central","Canada Central","West Europe","North Europe","East
        US","East US 2","East Asia","Australia East","Germany West Central","Japan
        East","UK South","West US","Central US","North Central US","South Central
        US","Korea Central","Brazil South","West US 3","France Central","South Africa
        North","Norway East","Switzerland North","UAE North"],"apiVersions":["2023-08-01-preview","2023-05-02-preview","2023-05-01","2023-04-01-preview","2022-11-01-preview"],"defaultApiVersion":"2023-04-01-preview","capabilities":"None"},{"resourceType":"locations/billingMeters","locations":["Central
        US EUAP","East US 2 EUAP","North Central US (Stage)","West US 2","Southeast
        Asia","Sweden Central","Canada Central","West Europe","North Europe","East
        US","East US 2","East Asia","Australia East","Germany West Central","Japan
        East","UK South","West US","Central US","North Central US","South Central
        US","Korea Central","Brazil South","West US 3","France Central","South Africa
        North","Norway East","Switzerland North","UAE North"],"apiVersions":["2023-08-01-preview","2023-05-02-preview","2023-05-01","2023-04-01-preview","2022-11-01-preview","2022-10-01","2022-06-01-preview","2022-01-01-preview"],"defaultApiVersion":"2023-04-01-preview","capabilities":"None"},{"resourceType":"locations/availableManagedEnvironmentsWorkloadProfileTypes","locations":["Central
        US EUAP","East US 2 EUAP","North Central US (Stage)","West US 2","Southeast
        Asia","Sweden Central","Canada Central","West Europe","North Europe","East
        US","East US 2","East Asia","Australia East","Germany West Central","Japan
        East","UK South","West US","Central US","North Central US","South Central
        US","Korea Central","Brazil South","West US 3","France Central","South Africa
        North","Norway East","Switzerland North","UAE North"],"apiVersions":["2023-08-01-preview","2023-05-02-preview","2023-05-01","2023-04-01-preview","2022-11-01-preview","2022-10-01","2022-06-01-preview"],"defaultApiVersion":"2023-04-01-preview","capabilities":"None"},{"resourceType":"getCustomDomainVerificationId","locations":["Central
        US EUAP","East US 2 EUAP","North Central US (Stage)","West US 2","Southeast
        Asia","Sweden Central","Canada Central","West Europe","North Europe","East
        US","East US 2","East Asia","Australia East","Germany West Central","Japan
        East","UK South","West US","Central US","North Central US","South Central
        US","Korea Central","Brazil South","West US 3","France Central","South Africa
        North","Norway East","Switzerland North","UAE North"],"apiVersions":["2023-08-01-preview","2023-05-02-preview"],"defaultApiVersion":"2023-05-02-preview","capabilities":"None"}],"registrationState":"Registered","registrationPolicy":"RegistrationRequired"}'
    headers:
      cache-control:
      - no-cache
      content-length:
      - '16824'
      content-type:
      - application/json; charset=utf-8
      date:
      - Tue, 29 Aug 2023 07:13:30 GMT
      expires:
      - '-1'
      pragma:
      - no-cache
      strict-transport-security:
      - max-age=31536000; includeSubDomains
      vary:
      - Accept-Encoding
      x-content-type-options:
      - nosniff
    status:
      code: 200
      message: OK
- request:
    body: null
    headers:
      Accept:
      - '*/*'
      Accept-Encoding:
      - gzip, deflate
      CommandName:
      - containerapp env show
      Connection:
      - keep-alive
      ParameterSetName:
      - -g -n
      User-Agent:
      - python/3.10.11 (Windows-10-10.0.22621-SP0) AZURECLI/2.51.0
    method: GET
    uri: https://management.azure.com/subscriptions/00000000-0000-0000-0000-000000000000/resourceGroups/cli_test_containerapp_preview000001/providers/Microsoft.App/managedEnvironments/containerapp-compose000002?api-version=2023-04-01-preview
  response:
    body:
      string: '{"id":"/subscriptions/00000000-0000-0000-0000-000000000000/resourceGroups/cli_test_containerapp_preview000001/providers/Microsoft.App/managedEnvironments/containerapp-compose000002","name":"containerapp-compose000002","type":"Microsoft.App/managedEnvironments","location":"East
        US","systemData":{"createdBy":"xinyupang@microsoft.com","createdByType":"User","createdAt":"2023-08-29T07:13:02.5561621","lastModifiedBy":"xinyupang@microsoft.com","lastModifiedByType":"User","lastModifiedAt":"2023-08-29T07:13:02.5561621"},"properties":{"provisioningState":"Succeeded","daprAIInstrumentationKey":null,"daprAIConnectionString":null,"vnetConfiguration":null,"defaultDomain":"blackcliff-1b99008e.eastus.azurecontainerapps.io","staticIp":"20.253.105.20","appLogsConfiguration":{"destination":"log-analytics","logAnalyticsConfiguration":{"customerId":"3a501fcf-4992-4d0b-8235-678e400ad9ad","sharedKey":null}},"zoneRedundant":false,"kedaConfiguration":{"version":"2.10.0"},"daprConfiguration":{"version":"1.11.2"},"eventStreamEndpoint":"https://eastus.azurecontainerapps.dev/subscriptions/00000000-0000-0000-0000-000000000000/resourceGroups/cli_test_containerapp_preview000001/managedEnvironments/containerapp-compose000002/eventstream","customDomainConfiguration":{"customDomainVerificationId":"D3F71C85EB6552E36A89A3E4A080C3CFB00181670B659B0003264FC673AA9B00","dnsSuffix":null,"certificateValue":null,"certificatePassword":null,"thumbprint":null,"subjectName":null,"expirationDate":null},"workloadProfiles":null,"firstPartyConfiguration":null,"infrastructureResourceGroup":null,"peerAuthentication":{"mtls":{"enabled":false}}}}'
    headers:
      api-supported-versions:
      - 2022-01-01-preview, 2022-03-01, 2022-06-01-preview, 2022-10-01, 2022-11-01-preview,
        2023-04-01-preview, 2023-05-01, 2023-05-02-preview, 2023-08-01-preview
      cache-control:
      - no-cache
      content-length:
      - '1618'
      content-type:
      - application/json; charset=utf-8
      date:
      - Tue, 29 Aug 2023 07:13:32 GMT
      expires:
      - '-1'
      pragma:
      - no-cache
      server:
      - Microsoft-IIS/10.0
      strict-transport-security:
      - max-age=31536000; includeSubDomains
      transfer-encoding:
      - chunked
      vary:
      - Accept-Encoding,Accept-Encoding
      x-content-type-options:
      - nosniff
      x-powered-by:
      - ASP.NET
    status:
      code: 200
      message: OK
- request:
    body: null
    headers:
      Accept:
      - application/json
      Accept-Encoding:
      - gzip, deflate
      CommandName:
      - containerapp compose create
      Connection:
      - keep-alive
      ParameterSetName:
      - --compose-file-path --resource-group --environment
      User-Agent:
      - AZURECLI/2.51.0 azsdk-python-azure-mgmt-resource/23.1.0b2 Python/3.10.11 (Windows-10-10.0.22621-SP0)
    method: GET
    uri: https://management.azure.com/subscriptions/00000000-0000-0000-0000-000000000000/providers/Microsoft.App?api-version=2022-09-01
  response:
    body:
      string: '{"id":"/subscriptions/00000000-0000-0000-0000-000000000000/providers/Microsoft.App","namespace":"Microsoft.App","authorizations":[{"applicationId":"7e3bc4fd-85a3-4192-b177-5b8bfc87f42c","roleDefinitionId":"39a74f72-b40f-4bdc-b639-562fe2260bf0"},{"applicationId":"3734c1a4-2bed-4998-a37a-ff1a9e7bf019","roleDefinitionId":"5c779a4f-5cb2-4547-8c41-478d9be8ba90"},{"applicationId":"55ebbb62-3b9c-49fd-9b87-9595226dd4ac","roleDefinitionId":"e49ca620-7992-4561-a7df-4ed67dad77b5","managedByRoleDefinitionId":"9e3af657-a8ff-583c-a75c-2fe7c4bcb635"}],"resourceTypes":[{"resourceType":"operations","locations":["North
        Central US (Stage)","Central US EUAP","East US 2 EUAP","West US 2","Southeast
        Asia","Sweden Central","Canada Central","West Europe","North Europe","East
        US","East US 2","East Asia","Australia East","Germany West Central","Japan
        East","UK South","West US","Central US","North Central US","South Central
        US","Korea Central","Brazil South","West US 3","France Central","South Africa
        North","Norway East","Switzerland North","UAE North"],"apiVersions":["2023-05-02-preview","2023-05-01","2023-04-01-preview","2023-02-01","2022-11-01-preview","2022-10-01","2022-06-01-preview","2022-03-01","2022-01-01-preview"],"defaultApiVersion":"2023-04-01-preview","capabilities":"None"},{"resourceType":"managedEnvironments","locations":["Central
        US EUAP","East US 2 EUAP","North Central US (Stage)","West US 2","Southeast
        Asia","Sweden Central","Canada Central","West Europe","North Europe","East
        US","East US 2","East Asia","Australia East","Germany West Central","Japan
        East","UK South","West US","Central US","North Central US","South Central
        US","Korea Central","Brazil South","West US 3","France Central","South Africa
        North","Norway East","Switzerland North","UAE North"],"apiVersions":["2023-08-01-preview","2023-05-02-preview","2023-05-01","2023-04-01-preview","2022-11-01-preview","2022-10-01","2022-06-01-preview","2022-03-01","2022-01-01-preview"],"defaultApiVersion":"2023-04-01-preview","capabilities":"CrossResourceGroupResourceMove,
        CrossSubscriptionResourceMove, SupportsTags, SupportsLocation"},{"resourceType":"managedEnvironments/certificates","locations":["Central
        US EUAP","East US 2 EUAP","North Central US (Stage)","West US 2","Southeast
        Asia","Sweden Central","Canada Central","West Europe","North Europe","East
        US","East US 2","East Asia","Australia East","Germany West Central","Japan
        East","UK South","West US","Central US","North Central US","South Central
        US","Korea Central","Brazil South","West US 3","France Central","South Africa
        North","Norway East","Switzerland North","UAE North"],"apiVersions":["2023-08-01-preview","2023-05-02-preview","2023-05-01","2023-04-01-preview","2022-11-01-preview","2022-10-01","2022-06-01-preview","2022-03-01","2022-01-01-preview"],"defaultApiVersion":"2023-04-01-preview","capabilities":"CrossResourceGroupResourceMove,
        CrossSubscriptionResourceMove, SupportsTags, SupportsLocation"},{"resourceType":"managedEnvironments/managedCertificates","locations":["Central
        US EUAP","East US 2 EUAP","North Central US (Stage)","West US 2","Southeast
        Asia","Sweden Central","Canada Central","West Europe","North Europe","East
        US","East US 2","East Asia","Australia East","Germany West Central","Japan
        East","UK South","West US","Central US","North Central US","South Central
        US","Korea Central","Brazil South","West US 3","France Central","South Africa
        North","Norway East","Switzerland North","UAE North"],"apiVersions":["2023-08-01-preview","2023-05-02-preview","2023-05-01","2023-04-01-preview","2022-11-01-preview"],"defaultApiVersion":"2023-04-01-preview","capabilities":"CrossResourceGroupResourceMove,
        CrossSubscriptionResourceMove, SupportsTags, SupportsLocation"},{"resourceType":"containerApps","locations":["Central
        US EUAP","East US 2 EUAP","North Central US (Stage)","West US 2","Southeast
        Asia","Sweden Central","Canada Central","West Europe","North Europe","East
        US","East US 2","East Asia","Australia East","Germany West Central","Japan
        East","UK South","West US","Central US","North Central US","South Central
        US","Korea Central","Brazil South","West US 3","France Central","South Africa
        North","Norway East","Switzerland North","UAE North"],"apiVersions":["2023-08-01-preview","2023-05-02-preview","2023-05-01","2023-04-01-preview","2022-11-01-preview","2022-10-01","2022-06-01-preview","2022-03-01","2022-01-01-preview"],"defaultApiVersion":"2023-04-01-preview","capabilities":"CrossResourceGroupResourceMove,
        CrossSubscriptionResourceMove, SystemAssignedResourceIdentity, SupportsTags,
        SupportsLocation"},{"resourceType":"jobs","locations":["Central US EUAP","East
        US 2 EUAP","North Central US (Stage)","West US 2","Southeast Asia","Sweden
        Central","Canada Central","West Europe","North Europe","East US","East US
        2","East Asia","Australia East","Germany West Central","Japan East","UK South","West
        US","Central US","North Central US","South Central US","Korea Central","Brazil
        South","West US 3","France Central","South Africa North","Norway East","Switzerland
        North","UAE North"],"apiVersions":["2023-08-01-preview","2023-05-02-preview","2023-05-01","2023-04-01-preview","2022-11-01-preview"],"defaultApiVersion":"2023-04-01-preview","capabilities":"CrossResourceGroupResourceMove,
        CrossSubscriptionResourceMove, SystemAssignedResourceIdentity, SupportsTags,
        SupportsLocation"},{"resourceType":"locations","locations":[],"apiVersions":["2023-08-01-preview","2023-05-02-preview","2023-05-01","2023-04-01-preview","2022-11-01-preview","2022-10-01","2022-06-01-preview","2022-03-01","2022-01-01-preview"],"defaultApiVersion":"2023-04-01-preview","capabilities":"None"},{"resourceType":"locations/managedEnvironmentOperationResults","locations":["Central
        US EUAP","East US 2 EUAP","North Central US (Stage)","West US 2","Southeast
        Asia","Sweden Central","Canada Central","West Europe","North Europe","East
        US","East US 2","East Asia","Australia East","Germany West Central","Japan
        East","UK South","West US","Central US","North Central US","South Central
        US","Korea Central","Brazil South","West US 3","France Central","South Africa
        North","Norway East","Switzerland North","UAE North"],"apiVersions":["2023-08-01-preview","2023-05-02-preview","2023-05-01","2023-04-01-preview","2022-11-01-preview","2022-10-01","2022-06-01-preview","2022-03-01","2022-01-01-preview"],"defaultApiVersion":"2023-04-01-preview","capabilities":"None"},{"resourceType":"locations/managedEnvironmentOperationStatuses","locations":["Central
        US EUAP","East US 2 EUAP","North Central US (Stage)","West US 2","Southeast
        Asia","Sweden Central","Canada Central","West Europe","North Europe","East
        US","East US 2","East Asia","Australia East","Germany West Central","Japan
        East","UK South","West US","Central US","North Central US","South Central
        US","Korea Central","Brazil South","West US 3","France Central","South Africa
        North","Norway East","Switzerland North","UAE North"],"apiVersions":["2023-08-01-preview","2023-05-02-preview","2023-05-01","2023-04-01-preview","2022-11-01-preview","2022-10-01","2022-06-01-preview","2022-03-01","2022-01-01-preview"],"defaultApiVersion":"2023-04-01-preview","capabilities":"None"},{"resourceType":"locations/containerappOperationResults","locations":["Central
        US EUAP","East US 2 EUAP","North Central US (Stage)","West US 2","Southeast
        Asia","Sweden Central","Canada Central","West Europe","North Europe","East
        US","East US 2","East Asia","Australia East","Germany West Central","Japan
        East","UK South","West US","Central US","North Central US","South Central
        US","Korea Central","Brazil South","West US 3","France Central","South Africa
        North","Norway East","Switzerland North","UAE North"],"apiVersions":["2023-08-01-preview","2023-05-02-preview","2023-05-01","2023-04-01-preview","2022-11-01-preview","2022-10-01","2022-06-01-preview","2022-03-01","2022-01-01-preview"],"defaultApiVersion":"2023-04-01-preview","capabilities":"None"},{"resourceType":"locations/containerappOperationStatuses","locations":["Central
        US EUAP","East US 2 EUAP","North Central US (Stage)","West US 2","Southeast
        Asia","Sweden Central","Canada Central","West Europe","North Europe","East
        US","East US 2","East Asia","Australia East","Germany West Central","Japan
        East","UK South","West US","Central US","North Central US","South Central
        US","Korea Central","Brazil South","West US 3","France Central","South Africa
        North","Norway East","Switzerland North","UAE North"],"apiVersions":["2023-08-01-preview","2023-05-02-preview","2023-05-01","2023-04-01-preview","2022-11-01-preview","2022-10-01","2022-06-01-preview","2022-03-01","2022-01-01-preview"],"defaultApiVersion":"2023-04-01-preview","capabilities":"None"},{"resourceType":"locations/containerappsjobOperationResults","locations":["Central
        US EUAP","East US 2 EUAP","North Central US (Stage)","West US 2","Southeast
        Asia","Sweden Central","Canada Central","West Europe","North Europe","East
        US","East US 2","East Asia","Australia East","Germany West Central","Japan
        East","UK South","West US","Central US","North Central US","South Central
        US","Korea Central","Brazil South","West US 3","France Central","South Africa
        North","Norway East","Switzerland North","UAE North"],"apiVersions":["2023-08-01-preview","2023-05-02-preview","2023-05-01","2023-04-01-preview","2022-11-01-preview"],"defaultApiVersion":"2023-04-01-preview","capabilities":"None"},{"resourceType":"locations/containerappsjobOperationStatuses","locations":["Central
        US EUAP","East US 2 EUAP","North Central US (Stage)","West US 2","Southeast
        Asia","Sweden Central","Canada Central","West Europe","North Europe","East
        US","East US 2","East Asia","Australia East","Germany West Central","Japan
        East","UK South","West US","Central US","North Central US","South Central
        US","Korea Central","Brazil South","West US 3","France Central","South Africa
        North","Norway East","Switzerland North","UAE North"],"apiVersions":["2023-08-01-preview","2023-05-02-preview","2023-05-01","2023-04-01-preview","2022-11-01-preview"],"defaultApiVersion":"2023-04-01-preview","capabilities":"None"},{"resourceType":"locations/sourceControlOperationResults","locations":["Central
        US EUAP","East US 2 EUAP","North Central US (Stage)","West US 2","Southeast
        Asia","Sweden Central","Canada Central","West Europe","North Europe","East
        US","East US 2","East Asia","Australia East","Germany West Central","Japan
        East","UK South","West US","Central US","North Central US","South Central
        US","Korea Central","Brazil South","West US 3","France Central","South Africa
        North","Norway East","Switzerland North","UAE North"],"apiVersions":["2023-08-01-preview","2023-05-02-preview","2023-05-01","2023-04-01-preview","2022-11-01-preview","2022-10-01","2022-06-01-preview","2022-03-01","2022-01-01-preview"],"defaultApiVersion":"2023-04-01-preview","capabilities":"None"},{"resourceType":"locations/sourceControlOperationStatuses","locations":["Central
        US EUAP","East US 2 EUAP","North Central US (Stage)","West US 2","Southeast
        Asia","Sweden Central","Canada Central","West Europe","North Europe","East
        US","East US 2","East Asia","Australia East","Germany West Central","Japan
        East","UK South","West US","Central US","North Central US","South Central
        US","Korea Central","Brazil South","West US 3","France Central","South Africa
        North","Norway East","Switzerland North","UAE North"],"apiVersions":["2023-08-01-preview","2023-05-02-preview","2023-05-01","2023-04-01-preview","2022-11-01-preview","2022-10-01","2022-06-01-preview","2022-03-01","2022-01-01-preview"],"defaultApiVersion":"2023-04-01-preview","capabilities":"None"},{"resourceType":"locations/usages","locations":["Central
        US EUAP","East US 2 EUAP","North Central US (Stage)","West US 2","Southeast
        Asia","Sweden Central","Canada Central","West Europe","North Europe","East
        US","East US 2","East Asia","Australia East","Germany West Central","Japan
        East","UK South","West US","Central US","North Central US","South Central
        US","Korea Central","Brazil South","West US 3","France Central","South Africa
        North","Norway East","Switzerland North","UAE North"],"apiVersions":["2023-08-01-preview","2023-05-02-preview"],"defaultApiVersion":"2023-05-02-preview","capabilities":"None"},{"resourceType":"connectedEnvironments","locations":["Central
        US EUAP","East US 2 EUAP","North Central US (Stage)","North Central US","East
        US","East Asia","West Europe"],"apiVersions":["2023-08-01-preview","2023-05-02-preview","2023-05-01","2023-04-01-preview","2022-11-01-preview","2022-10-01","2022-06-01-preview"],"defaultApiVersion":"2023-04-01-preview","capabilities":"CrossResourceGroupResourceMove,
        CrossSubscriptionResourceMove, SupportsTags, SupportsLocation"},{"resourceType":"connectedEnvironments/certificates","locations":["Central
        US EUAP","East US 2 EUAP","North Central US (Stage)","North Central US","East
        US","East Asia","West Europe"],"apiVersions":["2023-08-01-preview","2023-05-02-preview","2023-05-01","2023-04-01-preview","2022-11-01-preview","2022-10-01","2022-06-01-preview"],"defaultApiVersion":"2023-04-01-preview","capabilities":"CrossResourceGroupResourceMove,
        CrossSubscriptionResourceMove, SupportsTags, SupportsLocation"},{"resourceType":"locations/connectedEnvironmentOperationResults","locations":["Central
        US EUAP","East US 2 EUAP","North Central US (Stage)","North Central US","East
        US","East Asia","West Europe"],"apiVersions":["2023-08-01-preview","2023-05-02-preview","2023-05-01","2023-04-01-preview","2022-11-01-preview","2022-10-01","2022-06-01-preview"],"defaultApiVersion":"2023-04-01-preview","capabilities":"None"},{"resourceType":"locations/connectedEnvironmentOperationStatuses","locations":["Central
        US EUAP","East US 2 EUAP","North Central US (Stage)","North Central US","East
        US","East Asia","West Europe"],"apiVersions":["2023-08-01-preview","2023-05-02-preview","2023-05-01","2023-04-01-preview","2022-11-01-preview","2022-10-01","2022-06-01-preview"],"defaultApiVersion":"2023-04-01-preview","capabilities":"None"},{"resourceType":"locations/managedCertificateOperationStatuses","locations":["Central
        US EUAP","East US 2 EUAP","North Central US (Stage)","West US 2","Southeast
        Asia","Sweden Central","Canada Central","West Europe","North Europe","East
        US","East US 2","East Asia","Australia East","Germany West Central","Japan
        East","UK South","West US","Central US","North Central US","South Central
        US","Korea Central","Brazil South","West US 3","France Central","South Africa
        North","Norway East","Switzerland North","UAE North"],"apiVersions":["2023-08-01-preview","2023-05-02-preview","2023-05-01","2023-04-01-preview","2022-11-01-preview"],"defaultApiVersion":"2023-04-01-preview","capabilities":"None"},{"resourceType":"locations/billingMeters","locations":["Central
        US EUAP","East US 2 EUAP","North Central US (Stage)","West US 2","Southeast
        Asia","Sweden Central","Canada Central","West Europe","North Europe","East
        US","East US 2","East Asia","Australia East","Germany West Central","Japan
        East","UK South","West US","Central US","North Central US","South Central
        US","Korea Central","Brazil South","West US 3","France Central","South Africa
        North","Norway East","Switzerland North","UAE North"],"apiVersions":["2023-08-01-preview","2023-05-02-preview","2023-05-01","2023-04-01-preview","2022-11-01-preview","2022-10-01","2022-06-01-preview","2022-01-01-preview"],"defaultApiVersion":"2023-04-01-preview","capabilities":"None"},{"resourceType":"locations/availableManagedEnvironmentsWorkloadProfileTypes","locations":["Central
        US EUAP","East US 2 EUAP","North Central US (Stage)","West US 2","Southeast
        Asia","Sweden Central","Canada Central","West Europe","North Europe","East
        US","East US 2","East Asia","Australia East","Germany West Central","Japan
        East","UK South","West US","Central US","North Central US","South Central
        US","Korea Central","Brazil South","West US 3","France Central","South Africa
        North","Norway East","Switzerland North","UAE North"],"apiVersions":["2023-08-01-preview","2023-05-02-preview","2023-05-01","2023-04-01-preview","2022-11-01-preview","2022-10-01","2022-06-01-preview"],"defaultApiVersion":"2023-04-01-preview","capabilities":"None"},{"resourceType":"getCustomDomainVerificationId","locations":["Central
        US EUAP","East US 2 EUAP","North Central US (Stage)","West US 2","Southeast
        Asia","Sweden Central","Canada Central","West Europe","North Europe","East
        US","East US 2","East Asia","Australia East","Germany West Central","Japan
        East","UK South","West US","Central US","North Central US","South Central
        US","Korea Central","Brazil South","West US 3","France Central","South Africa
        North","Norway East","Switzerland North","UAE North"],"apiVersions":["2023-08-01-preview","2023-05-02-preview"],"defaultApiVersion":"2023-05-02-preview","capabilities":"None"}],"registrationState":"Registered","registrationPolicy":"RegistrationRequired"}'
    headers:
      cache-control:
      - no-cache
      content-length:
      - '16824'
      content-type:
      - application/json; charset=utf-8
      date:
      - Tue, 29 Aug 2023 07:13:33 GMT
      expires:
      - '-1'
      pragma:
      - no-cache
      strict-transport-security:
      - max-age=31536000; includeSubDomains
      vary:
      - Accept-Encoding
      x-content-type-options:
      - nosniff
    status:
      code: 200
      message: OK
- request:
    body: null
    headers:
      Accept:
      - '*/*'
      Accept-Encoding:
      - gzip, deflate
      CommandName:
      - containerapp compose create
      Connection:
      - keep-alive
      ParameterSetName:
      - --compose-file-path --resource-group --environment
      User-Agent:
      - python/3.10.11 (Windows-10-10.0.22621-SP0) AZURECLI/2.51.0
    method: GET
    uri: https://management.azure.com/subscriptions/00000000-0000-0000-0000-000000000000/resourceGroups/cli_test_containerapp_preview000001/providers/Microsoft.App/managedEnvironments/containerapp-compose000002?api-version=2023-04-01-preview
  response:
    body:
      string: '{"id":"/subscriptions/00000000-0000-0000-0000-000000000000/resourceGroups/cli_test_containerapp_preview000001/providers/Microsoft.App/managedEnvironments/containerapp-compose000002","name":"containerapp-compose000002","type":"Microsoft.App/managedEnvironments","location":"East
        US","systemData":{"createdBy":"xinyupang@microsoft.com","createdByType":"User","createdAt":"2023-08-29T07:13:02.5561621","lastModifiedBy":"xinyupang@microsoft.com","lastModifiedByType":"User","lastModifiedAt":"2023-08-29T07:13:02.5561621"},"properties":{"provisioningState":"Succeeded","daprAIInstrumentationKey":null,"daprAIConnectionString":null,"vnetConfiguration":null,"defaultDomain":"blackcliff-1b99008e.eastus.azurecontainerapps.io","staticIp":"20.253.105.20","appLogsConfiguration":{"destination":"log-analytics","logAnalyticsConfiguration":{"customerId":"3a501fcf-4992-4d0b-8235-678e400ad9ad","sharedKey":null}},"zoneRedundant":false,"kedaConfiguration":{"version":"2.10.0"},"daprConfiguration":{"version":"1.11.2"},"eventStreamEndpoint":"https://eastus.azurecontainerapps.dev/subscriptions/00000000-0000-0000-0000-000000000000/resourceGroups/cli_test_containerapp_preview000001/managedEnvironments/containerapp-compose000002/eventstream","customDomainConfiguration":{"customDomainVerificationId":"D3F71C85EB6552E36A89A3E4A080C3CFB00181670B659B0003264FC673AA9B00","dnsSuffix":null,"certificateValue":null,"certificatePassword":null,"thumbprint":null,"subjectName":null,"expirationDate":null},"workloadProfiles":null,"firstPartyConfiguration":null,"infrastructureResourceGroup":null,"peerAuthentication":{"mtls":{"enabled":false}}}}'
    headers:
      api-supported-versions:
      - 2022-01-01-preview, 2022-03-01, 2022-06-01-preview, 2022-10-01, 2022-11-01-preview,
        2023-04-01-preview, 2023-05-01, 2023-05-02-preview, 2023-08-01-preview
      cache-control:
      - no-cache
      content-length:
      - '1618'
      content-type:
      - application/json; charset=utf-8
      date:
      - Tue, 29 Aug 2023 07:13:34 GMT
      expires:
      - '-1'
      pragma:
      - no-cache
      server:
      - Microsoft-IIS/10.0
      strict-transport-security:
      - max-age=31536000; includeSubDomains
      transfer-encoding:
      - chunked
      vary:
      - Accept-Encoding,Accept-Encoding
      x-content-type-options:
      - nosniff
      x-powered-by:
      - ASP.NET
    status:
      code: 200
      message: OK
version: 1
