interactions:
- request:
    body: null
    headers:
      Accept:
      - application/json
      Accept-Encoding:
      - gzip, deflate
      CommandName:
      - monitor log-analytics workspace create
      Connection:
      - keep-alive
      ParameterSetName:
      - -g -n
      User-Agent:
      - AZURECLI/2.39.0 (PIP) azsdk-python-azure-mgmt-resource/21.1.0b1 Python/3.8.10
        (Windows-10-10.0.19044-SP0)
    method: GET
    uri: https://management.azure.com/subscriptions/00000000-0000-0000-0000-000000000000/resourcegroups/clitest.rg000001?api-version=2021-04-01
  response:
    body:
      string: '{"id":"/subscriptions/00000000-0000-0000-0000-000000000000/resourceGroups/clitest.rg000001","name":"clitest.rg000001","type":"Microsoft.Resources/resourceGroups","location":"eastus","tags":{"product":"azurecli","cause":"automation","date":"2022-09-07T23:52:35Z"},"properties":{"provisioningState":"Succeeded"}}'
    headers:
      cache-control:
      - no-cache
      content-length:
      - '310'
      content-type:
      - application/json; charset=utf-8
      date:
      - Wed, 07 Sep 2022 23:52:37 GMT
      expires:
      - '-1'
      pragma:
      - no-cache
      strict-transport-security:
      - max-age=31536000; includeSubDomains
      vary:
      - Accept-Encoding
      x-content-type-options:
      - nosniff
    status:
      code: 200
      message: OK
- request:
    body: '{"location": "eastus", "properties": {"sku": {"name": "PerGB2018"}, "retentionInDays":
      30, "workspaceCapping": {}}}'
    headers:
      Accept:
      - application/json
      Accept-Encoding:
      - gzip, deflate
      CommandName:
      - monitor log-analytics workspace create
      Connection:
      - keep-alive
      Content-Length:
      - '115'
      Content-Type:
      - application/json
      ParameterSetName:
      - -g -n
      User-Agent:
      - AZURECLI/2.39.0 (PIP) azsdk-python-mgmt-loganalytics/13.0.0b4 Python/3.8.10
        (Windows-10-10.0.19044-SP0)
    method: PUT
    uri: https://management.azure.com/subscriptions/00000000-0000-0000-0000-000000000000/resourcegroups/clitest.rg000001/providers/Microsoft.OperationalInsights/workspaces/containerapp-env000005?api-version=2021-12-01-preview
  response:
    body:
      string: "{\r\n  \"properties\": {\r\n    \"source\": \"Azure\",\r\n    \"customerId\":
        \"fb5d180c-0601-4af0-bb90-bb4214ce8549\",\r\n    \"provisioningState\": \"Creating\",\r\n
        \   \"sku\": {\r\n      \"name\": \"pergb2018\",\r\n      \"lastSkuUpdate\":
        \"Wed, 07 Sep 2022 23:52:39 GMT\"\r\n    },\r\n    \"retentionInDays\": 30,\r\n
        \   \"features\": {\r\n      \"legacy\": 0,\r\n      \"searchVersion\": 1,\r\n
        \     \"enableLogAccessUsingOnlyResourcePermissions\": true\r\n    },\r\n
        \   \"workspaceCapping\": {\r\n      \"dailyQuotaGb\": -1.0,\r\n      \"quotaNextResetTime\":
        \"Thu, 08 Sep 2022 05:00:00 GMT\",\r\n      \"dataIngestionStatus\": \"RespectQuota\"\r\n
        \   },\r\n    \"publicNetworkAccessForIngestion\": \"Enabled\",\r\n    \"publicNetworkAccessForQuery\":
        \"Enabled\",\r\n    \"createdDate\": \"Wed, 07 Sep 2022 23:52:39 GMT\",\r\n
        \   \"modifiedDate\": \"Wed, 07 Sep 2022 23:52:39 GMT\"\r\n  },\r\n  \"id\":
        \"/subscriptions/00000000-0000-0000-0000-000000000000/resourcegroups/clitest.rg000001/providers/microsoft.operationalinsights/workspaces/containerapp-env000005\",\r\n
        \ \"name\": \"containerapp-env000005\",\r\n  \"type\": \"Microsoft.OperationalInsights/workspaces\",\r\n
        \ \"location\": \"eastus\"\r\n}"
    headers:
      access-control-allow-origin:
      - '*'
      cache-control:
      - no-cache
      content-length:
      - '1078'
      content-type:
      - application/json
      date:
      - Wed, 07 Sep 2022 23:52:40 GMT
      pragma:
      - no-cache
      request-context:
      - appId=cid-v1:e6336c63-aab2-45f0-996a-e5dbab2a1508
      server:
      - Microsoft-IIS/10.0
      strict-transport-security:
      - max-age=31536000; includeSubDomains
      x-content-type-options:
      - nosniff
      x-ms-ratelimit-remaining-subscription-writes:
      - '1199'
      x-powered-by:
      - ASP.NET
      - ASP.NET
    status:
      code: 201
      message: Created
- request:
    body: null
    headers:
      Accept:
      - '*/*'
      Accept-Encoding:
      - gzip, deflate
      CommandName:
      - monitor log-analytics workspace create
      Connection:
      - keep-alive
      ParameterSetName:
      - -g -n
      User-Agent:
      - AZURECLI/2.39.0 (PIP) azsdk-python-mgmt-loganalytics/13.0.0b4 Python/3.8.10
        (Windows-10-10.0.19044-SP0)
    method: GET
    uri: https://management.azure.com/subscriptions/00000000-0000-0000-0000-000000000000/resourcegroups/clitest.rg000001/providers/Microsoft.OperationalInsights/workspaces/containerapp-env000005?api-version=2021-12-01-preview
  response:
    body:
      string: "{\r\n  \"properties\": {\r\n    \"source\": \"Azure\",\r\n    \"customerId\":
        \"fb5d180c-0601-4af0-bb90-bb4214ce8549\",\r\n    \"provisioningState\": \"Succeeded\",\r\n
        \   \"sku\": {\r\n      \"name\": \"pergb2018\",\r\n      \"lastSkuUpdate\":
        \"Wed, 07 Sep 2022 23:52:39 GMT\"\r\n    },\r\n    \"retentionInDays\": 30,\r\n
        \   \"features\": {\r\n      \"legacy\": 0,\r\n      \"searchVersion\": 1,\r\n
        \     \"enableLogAccessUsingOnlyResourcePermissions\": true\r\n    },\r\n
        \   \"workspaceCapping\": {\r\n      \"dailyQuotaGb\": -1.0,\r\n      \"quotaNextResetTime\":
        \"Thu, 08 Sep 2022 05:00:00 GMT\",\r\n      \"dataIngestionStatus\": \"RespectQuota\"\r\n
        \   },\r\n    \"publicNetworkAccessForIngestion\": \"Enabled\",\r\n    \"publicNetworkAccessForQuery\":
        \"Enabled\",\r\n    \"createdDate\": \"Wed, 07 Sep 2022 23:52:39 GMT\",\r\n
        \   \"modifiedDate\": \"Wed, 07 Sep 2022 23:52:40 GMT\"\r\n  },\r\n  \"id\":
        \"/subscriptions/00000000-0000-0000-0000-000000000000/resourcegroups/clitest.rg000001/providers/microsoft.operationalinsights/workspaces/containerapp-env000005\",\r\n
        \ \"name\": \"containerapp-env000005\",\r\n  \"type\": \"Microsoft.OperationalInsights/workspaces\",\r\n
        \ \"location\": \"eastus\"\r\n}"
    headers:
      access-control-allow-origin:
      - '*'
      cache-control:
      - no-cache
      content-length:
      - '1079'
      content-type:
      - application/json
      date:
      - Wed, 07 Sep 2022 23:53:10 GMT
      pragma:
      - no-cache
      request-context:
      - appId=cid-v1:e6336c63-aab2-45f0-996a-e5dbab2a1508
      server:
      - Microsoft-IIS/10.0
      strict-transport-security:
      - max-age=31536000; includeSubDomains
      transfer-encoding:
      - chunked
      vary:
      - Accept-Encoding,Accept-Encoding
      x-content-type-options:
      - nosniff
      x-powered-by:
      - ASP.NET
      - ASP.NET
    status:
      code: 200
      message: OK
- request:
    body: null
    headers:
      Accept:
      - application/json
      Accept-Encoding:
      - gzip, deflate
      CommandName:
      - monitor log-analytics workspace get-shared-keys
      Connection:
      - keep-alive
      Content-Length:
      - '0'
      ParameterSetName:
      - -g -n
      User-Agent:
      - AZURECLI/2.39.0 (PIP) azsdk-python-mgmt-loganalytics/13.0.0b4 Python/3.8.10
        (Windows-10-10.0.19044-SP0)
    method: POST
    uri: https://management.azure.com/subscriptions/00000000-0000-0000-0000-000000000000/resourcegroups/clitest.rg000001/providers/Microsoft.OperationalInsights/workspaces/containerapp-env000005/sharedKeys?api-version=2020-08-01
  response:
    body:
      string: "{\r\n  \"primarySharedKey\": \"Y37XjkIKxGKFdXIgmf7SNb9A4DGgTbilxy5fbeKCg+gN3Fd3364eSGdyXIbEch8+Na5KJR8/rfF26TA+6XzuuA==\",\r\n
        \ \"secondarySharedKey\": \"felMW1wRVMCqVOUMSrq20JYbn8skah1BAEsymdwThl7+DPiKKLJBUBonsRdVz0h7qNft0ixX388eQFWSO6TOZA==\"\r\n}"
    headers:
      access-control-allow-origin:
      - '*'
      cache-control:
      - no-cache
      cachecontrol:
      - no-cache
      content-length:
      - '235'
      content-type:
      - application/json; charset=utf-8
      date:
      - Wed, 07 Sep 2022 23:53:11 GMT
      expires:
      - '-1'
      pragma:
      - no-cache
      request-context:
      - appId=cid-v1:e6336c63-aab2-45f0-996a-e5dbab2a1508
      server:
      - Microsoft-IIS/10.0
      strict-transport-security:
      - max-age=31536000; includeSubDomains
      transfer-encoding:
      - chunked
      vary:
      - Accept-Encoding
      x-ams-apiversion:
      - WebAPI1.0
      x-content-type-options:
      - nosniff
      x-ms-ratelimit-remaining-subscription-writes:
      - '1199'
      x-powered-by:
      - ASP.NET
      - ASP.NET
    status:
      code: 200
      message: OK
- request:
    body: null
    headers:
      Accept:
      - application/json
      Accept-Encoding:
      - gzip, deflate
      CommandName:
      - containerapp env create
      Connection:
      - keep-alive
      ParameterSetName:
      - -g -n --logs-workspace-id --logs-workspace-key
      User-Agent:
      - AZURECLI/2.39.0 (PIP) azsdk-python-azure-mgmt-resource/21.1.0b1 Python/3.8.10
        (Windows-10-10.0.19044-SP0)
    method: GET
    uri: https://management.azure.com/subscriptions/00000000-0000-0000-0000-000000000000/providers/Microsoft.App?api-version=2021-04-01
  response:
    body:
      string: '{"id":"/subscriptions/00000000-0000-0000-0000-000000000000/providers/Microsoft.App","namespace":"Microsoft.App","authorizations":[{"applicationId":"7e3bc4fd-85a3-4192-b177-5b8bfc87f42c","roleDefinitionId":"39a74f72-b40f-4bdc-b639-562fe2260bf0"},{"applicationId":"3734c1a4-2bed-4998-a37a-ff1a9e7bf019","roleDefinitionId":"5c779a4f-5cb2-4547-8c41-478d9be8ba90"}],"resourceTypes":[{"resourceType":"managedEnvironments","locations":["North
        Central US (Stage)","Canada Central","West Europe","North Europe","East US","East
        US 2","East Asia","Australia East","Germany West Central","Japan East","UK
        South","West US","Central US","North Central US","South Central US","Korea
        Central","Brazil South","Central US EUAP","East US 2 EUAP","West US 3","France
        Central","South Africa North","Norway East"],"apiVersions":["2022-06-01-preview","2022-03-01","2022-01-01-preview"],"capabilities":"CrossResourceGroupResourceMove,
        CrossSubscriptionResourceMove, SupportsTags, SupportsLocation"},{"resourceType":"managedEnvironments/certificates","locations":["North
        Central US (Stage)","Canada Central","West Europe","North Europe","East US","East
        US 2","East Asia","Australia East","Germany West Central","Japan East","UK
        South","West US","Central US","North Central US","South Central US","Korea
        Central","Brazil South","Central US EUAP","East US 2 EUAP","West US 3","France
        Central","South Africa North","Norway East"],"apiVersions":["2022-06-01-preview","2022-03-01","2022-01-01-preview"],"capabilities":"CrossResourceGroupResourceMove,
        CrossSubscriptionResourceMove, SupportsTags, SupportsLocation"},{"resourceType":"containerApps","locations":["North
        Central US (Stage)","Canada Central","West Europe","North Europe","East US","East
        US 2","East Asia","Australia East","Germany West Central","Japan East","UK
        South","West US","Central US","North Central US","South Central US","Korea
        Central","Brazil South","Central US EUAP","East US 2 EUAP","West US 3","France
        Central","South Africa North","Norway East"],"apiVersions":["2022-06-01-preview","2022-03-01","2022-01-01-preview"],"capabilities":"CrossResourceGroupResourceMove,
        CrossSubscriptionResourceMove, SystemAssignedResourceIdentity, SupportsTags,
        SupportsLocation"},{"resourceType":"locations","locations":[],"apiVersions":["2022-06-01-preview","2022-03-01","2022-01-01-preview"],"capabilities":"None"},{"resourceType":"locations/managedEnvironmentOperationResults","locations":["North
        Central US (Stage)","Canada Central","West Europe","North Europe","East US","East
        US 2","East Asia","Australia East","Germany West Central","Japan East","UK
        South","West US","Central US","North Central US","South Central US","Korea
        Central","Brazil South","Central US EUAP","East US 2 EUAP","West US 3","France
        Central","South Africa North","Norway East"],"apiVersions":["2022-06-01-preview","2022-03-01","2022-01-01-preview"],"capabilities":"None"},{"resourceType":"locations/managedEnvironmentOperationStatuses","locations":["North
        Central US (Stage)","Canada Central","West Europe","North Europe","East US","East
        US 2","East Asia","Australia East","Germany West Central","Japan East","UK
        South","West US","Central US","North Central US","South Central US","Korea
        Central","Brazil South","Central US EUAP","East US 2 EUAP","West US 3","France
        Central","South Africa North","Norway East"],"apiVersions":["2022-06-01-preview","2022-03-01","2022-01-01-preview"],"capabilities":"None"},{"resourceType":"locations/containerappOperationResults","locations":["North
        Central US (Stage)","Canada Central","West Europe","North Europe","East US","East
        US 2","East Asia","Australia East","Germany West Central","Japan East","UK
        South","West US","Central US","North Central US","South Central US","Korea
        Central","Brazil South","Central US EUAP","East US 2 EUAP","West US 3","France
        Central","South Africa North","Norway East"],"apiVersions":["2022-06-01-preview","2022-03-01","2022-01-01-preview"],"capabilities":"None"},{"resourceType":"locations/containerappOperationStatuses","locations":["North
        Central US (Stage)","Canada Central","West Europe","North Europe","East US","East
        US 2","East Asia","Australia East","Germany West Central","Japan East","UK
        South","West US","Central US","North Central US","South Central US","Korea
        Central","Brazil South","Central US EUAP","East US 2 EUAP","West US 3","France
        Central","South Africa North","Norway East"],"apiVersions":["2022-06-01-preview","2022-03-01","2022-01-01-preview"],"capabilities":"None"},{"resourceType":"operations","locations":["North
        Central US (Stage)","Central US EUAP","East US 2 EUAP","Canada Central","West
        Europe","North Europe","East US","East US 2","East Asia","Australia East","Germany
        West Central","Japan East","UK South","West US","Central US","North Central
        US","South Central US","Korea Central","Brazil South","West US 3","France
        Central","South Africa North","Norway East"],"apiVersions":["2022-06-01-preview","2022-03-01","2022-01-01-preview"],"capabilities":"None"},{"resourceType":"connectedEnvironments","locations":["North
        Central US (Stage)","Central US EUAP","East US 2 EUAP"],"apiVersions":["2022-06-01-preview"],"capabilities":"CrossResourceGroupResourceMove,
        CrossSubscriptionResourceMove, SupportsTags, SupportsLocation"},{"resourceType":"connectedEnvironments/certificates","locations":["North
        Central US (Stage)","Central US EUAP","East US 2 EUAP"],"apiVersions":["2022-06-01-preview"],"capabilities":"CrossResourceGroupResourceMove,
        CrossSubscriptionResourceMove, SupportsTags, SupportsLocation"},{"resourceType":"locations/connectedEnvironmentOperationResults","locations":["North
        Central US (Stage)","Central US EUAP","East US 2 EUAP"],"apiVersions":["2022-06-01-preview"],"capabilities":"None"},{"resourceType":"locations/connectedEnvironmentOperationStatuses","locations":["North
        Central US (Stage)","Central US EUAP","East US 2 EUAP"],"apiVersions":["2022-06-01-preview"],"capabilities":"None"}],"registrationState":"Registered","registrationPolicy":"RegistrationRequired"}'
    headers:
      cache-control:
      - no-cache
      content-length:
      - '5990'
      content-type:
      - application/json; charset=utf-8
      date:
      - Wed, 07 Sep 2022 23:53:11 GMT
      expires:
      - '-1'
      pragma:
      - no-cache
      strict-transport-security:
      - max-age=31536000; includeSubDomains
      vary:
      - Accept-Encoding
      x-content-type-options:
      - nosniff
    status:
      code: 200
      message: OK
- request:
    body: null
    headers:
      Accept:
      - '*/*'
      Accept-Encoding:
      - gzip, deflate
      CommandName:
      - containerapp env create
      Connection:
      - keep-alive
      ParameterSetName:
      - -g -n --logs-workspace-id --logs-workspace-key
      User-Agent:
      - python/3.8.10 (Windows-10-10.0.19044-SP0) AZURECLI/2.39.0 (PIP)
    method: GET
    uri: https://management.azure.com/subscriptions/00000000-0000-0000-0000-000000000000/providers/Microsoft.App/managedEnvironments?api-version=2022-06-01-preview
  response:
    body:
      string: '{"value":[{"id":"/subscriptions/00000000-0000-0000-0000-000000000000/resourceGroups/helloworld/providers/Microsoft.App/managedEnvironments/hello-env","name":"hello-env","type":"Microsoft.App/managedEnvironments","location":"northcentralusstage","systemData":{"createdBy":"haroonfeisal@microsoft.com","createdByType":"User","createdAt":"2022-06-20T18:03:13.142111","lastModifiedBy":"haroonfeisal@microsoft.com","lastModifiedByType":"User","lastModifiedAt":"2022-06-20T18:03:13.142111"},"properties":{"provisioningState":"Succeeded","defaultDomain":"livelywave-1d65ee9c.northcentralusstage.azurecontainerapps.io","staticIp":"52.176.58.122","appLogsConfiguration":{"destination":"log-analytics","logAnalyticsConfiguration":{"customerId":"e969493b-c537-46b3-94c3-2d1a2c57f892"}},"zoneRedundant":false,"useKubenet":false,"customDomainConfiguration":{"customDomainVerificationId":"99A6464610F70E526E50B6B7BECF7E0698398F28CB03C7A235D70FDF654D411E","expirationDateUtc":"0001-01-01T00:00:00"}},"sku":{"name":"Consumption"}},{"id":"/subscriptions/00000000-0000-0000-0000-000000000000/resourceGroups/freshRadio/providers/Microsoft.App/managedEnvironments/freshRadio-env","name":"freshRadio-env","type":"Microsoft.App/managedEnvironments","location":"northcentralusstage","systemData":{"createdBy":"haroonfeisal@microsoft.com","createdByType":"User","createdAt":"2022-07-18T19:11:45.1077787","lastModifiedBy":"haroonfeisal@microsoft.com","lastModifiedByType":"User","lastModifiedAt":"2022-07-18T19:11:45.1077787"},"properties":{"provisioningState":"Succeeded","defaultDomain":"yellowocean-6cbb8fb1.northcentralusstage.azurecontainerapps.io","staticIp":"40.113.244.122","appLogsConfiguration":{"destination":"log-analytics","logAnalyticsConfiguration":{"customerId":"53589534-4aeb-4a08-a138-3871a85b3aa9"}},"zoneRedundant":false,"useKubenet":false,"customDomainConfiguration":{"customDomainVerificationId":"99A6464610F70E526E50B6B7BECF7E0698398F28CB03C7A235D70FDF654D411E","expirationDateUtc":"0001-01-01T00:00:00"}},"sku":{"name":"Consumption"}},{"id":"/subscriptions/00000000-0000-0000-0000-000000000000/resourceGroups/rg/providers/Microsoft.App/managedEnvironments/test3","name":"test3","type":"Microsoft.App/managedEnvironments","location":"northcentralusstage","systemData":{"createdBy":"haroonfeisal@microsoft.com","createdByType":"User","createdAt":"2022-08-19T18:07:13.3295093","lastModifiedBy":"haroonfeisal@microsoft.com","lastModifiedByType":"User","lastModifiedAt":"2022-08-19T18:07:13.3295093"},"properties":{"provisioningState":"Succeeded","defaultDomain":"mangotree-80845fae.northcentralusstage.azurecontainerapps.io","staticIp":"104.43.248.38","appLogsConfiguration":{"destination":"log-analytics","logAnalyticsConfiguration":{"customerId":"c12e981a-de10-4e20-860d-f40ca44fdbde"}},"zoneRedundant":false,"useKubenet":false,"customDomainConfiguration":{"customDomainVerificationId":"99A6464610F70E526E50B6B7BECF7E0698398F28CB03C7A235D70FDF654D411E","expirationDateUtc":"0001-01-01T00:00:00"}},"sku":{"name":"Consumption"}},{"id":"/subscriptions/00000000-0000-0000-0000-000000000000/resourceGroups/rg/providers/Microsoft.App/managedEnvironments/test5","name":"test5","type":"Microsoft.App/managedEnvironments","location":"northcentralusstage","systemData":{"createdBy":"haroonfeisal@microsoft.com","createdByType":"User","createdAt":"2022-08-23T17:46:42.2585285","lastModifiedBy":"haroonfeisal@microsoft.com","lastModifiedByType":"User","lastModifiedAt":"2022-08-23T17:46:42.2585285"},"properties":{"provisioningState":"Succeeded","defaultDomain":"orangesea-64c19e77.northcentralusstage.azurecontainerapps.io","staticIp":"20.12.205.218","appLogsConfiguration":{"destination":"log-analytics","logAnalyticsConfiguration":{"customerId":"eebb0420-d022-4767-aca9-5af9809d3daf"}},"zoneRedundant":false,"useKubenet":false,"customDomainConfiguration":{"customDomainVerificationId":"99A6464610F70E526E50B6B7BECF7E0698398F28CB03C7A235D70FDF654D411E","expirationDateUtc":"0001-01-01T00:00:00"}},"sku":{"name":"Consumption"}},{"id":"/subscriptions/00000000-0000-0000-0000-000000000000/resourceGroups/rg/providers/Microsoft.App/managedEnvironments/test6","name":"test6","type":"Microsoft.App/managedEnvironments","location":"northcentralusstage","systemData":{"createdBy":"haroonfeisal@microsoft.com","createdByType":"User","createdAt":"2022-08-23T17:59:30.797325","lastModifiedBy":"haroonfeisal@microsoft.com","lastModifiedByType":"User","lastModifiedAt":"2022-08-23T17:59:30.797325"},"properties":{"provisioningState":"Succeeded","defaultDomain":"blackwater-1c2862d9.northcentralusstage.azurecontainerapps.io","staticIp":"20.12.203.84","appLogsConfiguration":{"destination":"log-analytics","logAnalyticsConfiguration":{"customerId":"a2865bb4-4aff-44d0-87d1-1d5a79f86768"}},"zoneRedundant":false,"useKubenet":false,"customDomainConfiguration":{"customDomainVerificationId":"99A6464610F70E526E50B6B7BECF7E0698398F28CB03C7A235D70FDF654D411E","expirationDateUtc":"0001-01-01T00:00:00"}},"sku":{"name":"Consumption"}},{"id":"/subscriptions/00000000-0000-0000-0000-000000000000/resourceGroups/rg/providers/Microsoft.App/managedEnvironments/cdtest","name":"cdtest","type":"Microsoft.App/managedEnvironments","location":"canadacentral","systemData":{"createdBy":"haroonfeisal@microsoft.com","createdByType":"User","createdAt":"2022-09-02T22:10:53.0166814","lastModifiedBy":"haroonfeisal@microsoft.com","lastModifiedByType":"User","lastModifiedAt":"2022-09-02T22:10:53.0166814"},"properties":{"provisioningState":"Succeeded","defaultDomain":"delightfulglacier-1ff293d7.canadacentral.azurecontainerapps.io","staticIp":"20.116.195.133","appLogsConfiguration":{"destination":"log-analytics","logAnalyticsConfiguration":{"customerId":"9dee1e8e-5bc8-48f3-834f-feced5100e04"}},"zoneRedundant":false,"useKubenet":false,"customDomainConfiguration":{"customDomainVerificationId":"99A6464610F70E526E50B6B7BECF7E0698398F28CB03C7A235D70FDF654D411E","expirationDateUtc":"0001-01-01T00:00:00"}},"sku":{"name":"Consumption"}},{"id":"/subscriptions/00000000-0000-0000-0000-000000000000/resourceGroups/clitest.rgl4zhr6x7ugmgufg3riz22ktrsovghtl53zmciiu4kusliffarcrn7xridrca6cn4t/providers/Microsoft.App/managedEnvironments/containerapp-envu5t5kdcr","name":"containerapp-envu5t5kdcr","type":"Microsoft.App/managedEnvironments","location":"canadacentral","systemData":{"createdBy":"haroonfeisal@microsoft.com","createdByType":"User","createdAt":"2022-09-07T23:45:31.1594251","lastModifiedBy":"haroonfeisal@microsoft.com","lastModifiedByType":"User","lastModifiedAt":"2022-09-07T23:45:31.1594251"},"properties":{"provisioningState":"Succeeded","defaultDomain":"happymoss-32bf5a0f.canadacentral.azurecontainerapps.io","staticIp":"20.116.82.131","appLogsConfiguration":{"destination":"log-analytics","logAnalyticsConfiguration":{"customerId":"a34218d3-7ef3-4305-a9f9-a4f47928002c"}},"zoneRedundant":false,"useKubenet":false,"customDomainConfiguration":{"customDomainVerificationId":"99A6464610F70E526E50B6B7BECF7E0698398F28CB03C7A235D70FDF654D411E","expirationDateUtc":"0001-01-01T00:00:00"}},"sku":{"name":"Consumption"}},{"id":"/subscriptions/00000000-0000-0000-0000-000000000000/resourceGroups/clitest.rglc4zai6rr6ejhba4tyh6iiimdyu6aliwzpfrxsrmyalauf522pnmmirljjwsgfyd4/providers/Microsoft.App/managedEnvironments/containerapp-envnzd2oioy","name":"containerapp-envnzd2oioy","type":"Microsoft.App/managedEnvironments","location":"canadacentral","systemData":{"createdBy":"haroonfeisal@microsoft.com","createdByType":"User","createdAt":"2022-09-07T23:49:55.4239097","lastModifiedBy":"haroonfeisal@microsoft.com","lastModifiedByType":"User","lastModifiedAt":"2022-09-07T23:49:55.4239097"},"properties":{"provisioningState":"Succeeded","defaultDomain":"livelysea-ec012a07.canadacentral.azurecontainerapps.io","staticIp":"20.151.30.49","appLogsConfiguration":{"destination":"log-analytics","logAnalyticsConfiguration":{"customerId":"ddf2ce9a-e4fe-4cef-b516-ce592da93b8d"}},"zoneRedundant":false,"useKubenet":false,"customDomainConfiguration":{"customDomainVerificationId":"99A6464610F70E526E50B6B7BECF7E0698398F28CB03C7A235D70FDF654D411E","expirationDateUtc":"0001-01-01T00:00:00"}},"sku":{"name":"Consumption"}},{"id":"/subscriptions/00000000-0000-0000-0000-000000000000/resourceGroups/clitest.rgmo2nfrlpjxgvnucwhigx6n3j2pzqedh4ftusdbowo2fedumslzd6usdzdr2o47i6n/providers/Microsoft.App/managedEnvironments/containerapp-enva5zexzlz","name":"containerapp-enva5zexzlz","type":"Microsoft.App/managedEnvironments","location":"canadacentral","systemData":{"createdBy":"haroonfeisal@microsoft.com","createdByType":"User","createdAt":"2022-09-07T23:51:16.592332","lastModifiedBy":"haroonfeisal@microsoft.com","lastModifiedByType":"User","lastModifiedAt":"2022-09-07T23:51:16.592332"},"properties":{"provisioningState":"Succeeded","defaultDomain":"bluedune-51a7b509.canadacentral.azurecontainerapps.io","staticIp":"20.220.49.133","appLogsConfiguration":{"destination":"log-analytics","logAnalyticsConfiguration":{"customerId":"3276e472-ab04-45c6-8576-ea0b4cbe665a"}},"zoneRedundant":false,"useKubenet":false,"customDomainConfiguration":{"customDomainVerificationId":"99A6464610F70E526E50B6B7BECF7E0698398F28CB03C7A235D70FDF654D411E","expirationDateUtc":"0001-01-01T00:00:00"}},"sku":{"name":"Consumption"}},{"id":"/subscriptions/00000000-0000-0000-0000-000000000000/resourceGroups/clitest.rgrgtkty3mvu37czyg2rhw3ryszutk6cbrimsfwube5b7psdlgtjfhethzv3h3b24dl/providers/Microsoft.App/managedEnvironments/containerapp-e2e-envre7v","name":"containerapp-e2e-envre7v","type":"Microsoft.App/managedEnvironments","location":"westeurope","systemData":{"createdBy":"haroonfeisal@microsoft.com","createdByType":"User","createdAt":"2022-07-15T21:05:49.3497537","lastModifiedBy":"haroonfeisal@microsoft.com","lastModifiedByType":"User","lastModifiedAt":"2022-07-15T21:05:49.3497537"},"properties":{"provisioningState":"Succeeded","defaultDomain":"whitedune-1c166978.westeurope.azurecontainerapps.io","staticIp":"20.101.224.94","appLogsConfiguration":{"destination":"log-analytics","logAnalyticsConfiguration":{"customerId":"ddb30032-956f-4caa-acef-e889618de7de"}},"zoneRedundant":false,"useKubenet":false,"customDomainConfiguration":{"customDomainVerificationId":"99A6464610F70E526E50B6B7BECF7E0698398F28CB03C7A235D70FDF654D411E","expirationDateUtc":"0001-01-01T00:00:00"}},"sku":{"name":"Consumption"}},{"id":"/subscriptions/00000000-0000-0000-0000-000000000000/resourceGroups/rg/providers/Microsoft.App/managedEnvironments/aazdev","name":"aazdev","type":"Microsoft.App/managedEnvironments","location":"westeurope","systemData":{"createdBy":"haroonfeisal@microsoft.com","createdByType":"User","createdAt":"2022-08-26T23:20:17.1217806","lastModifiedBy":"haroonfeisal@microsoft.com","lastModifiedByType":"User","lastModifiedAt":"2022-08-26T23:20:17.1217806"},"properties":{"provisioningState":"Succeeded","defaultDomain":"salmonglacier-c07ecfc3.westeurope.azurecontainerapps.io","staticIp":"20.23.113.102","appLogsConfiguration":{"logAnalyticsConfiguration":{}},"zoneRedundant":false,"useKubenet":false,"customDomainConfiguration":{"customDomainVerificationId":"99A6464610F70E526E50B6B7BECF7E0698398F28CB03C7A235D70FDF654D411E","expirationDateUtc":"0001-01-01T00:00:00"}},"sku":{"name":"Consumption"}},{"id":"/subscriptions/00000000-0000-0000-0000-000000000000/resourceGroups/clitest.rgexlsbsf7vhzcwik67cofdyj72crxzlm5tm2x2pk4ujf5ompkutrfsl5wyjdr24bwo/providers/Microsoft.App/managedEnvironments/containerapp-envzht7kf43","name":"containerapp-envzht7kf43","type":"Microsoft.App/managedEnvironments","location":"westeurope","systemData":{"createdBy":"haroonfeisal@microsoft.com","createdByType":"User","createdAt":"2022-09-07T23:51:45.5937205","lastModifiedBy":"haroonfeisal@microsoft.com","lastModifiedByType":"User","lastModifiedAt":"2022-09-07T23:51:45.5937205"},"properties":{"provisioningState":"Succeeded","defaultDomain":"orangemushroom-9b5804b1.westeurope.azurecontainerapps.io","staticIp":"20.103.234.85","appLogsConfiguration":{"destination":"log-analytics","logAnalyticsConfiguration":{"customerId":"fa4c9dd1-743f-463e-be8c-0220e40fc409"}},"zoneRedundant":false,"useKubenet":false,"customDomainConfiguration":{"customDomainVerificationId":"99A6464610F70E526E50B6B7BECF7E0698398F28CB03C7A235D70FDF654D411E","expirationDateUtc":"0001-01-01T00:00:00"}},"sku":{"name":"Consumption"}},{"id":"/subscriptions/00000000-0000-0000-0000-000000000000/resourceGroups/clitest.rgmeydvk24ampyyfwcu47l3wv4up3w4lah3szdvhucadp4zjslwmrf7f6uiumzss5mi/providers/Microsoft.App/managedEnvironments/envy3trlbre5xpeaeyusobny","name":"envy3trlbre5xpeaeyusobny","type":"Microsoft.App/managedEnvironments","location":"westeurope","systemData":{"createdBy":"haroonfeisal@microsoft.com","createdByType":"User","createdAt":"2022-09-07T23:52:42.1260002","lastModifiedBy":"haroonfeisal@microsoft.com","lastModifiedByType":"User","lastModifiedAt":"2022-09-07T23:52:42.1260002"},"properties":{"provisioningState":"Waiting","defaultDomain":"salmonpebble-8450faa4.westeurope.azurecontainerapps.io","staticIp":"20.23.29.54","appLogsConfiguration":{"destination":"log-analytics","logAnalyticsConfiguration":{"customerId":"fef65c6c-bd3e-4945-aa9c-164f0612def7"}},"zoneRedundant":false,"useKubenet":false,"customDomainConfiguration":{"customDomainVerificationId":"99A6464610F70E526E50B6B7BECF7E0698398F28CB03C7A235D70FDF654D411E","expirationDateUtc":"0001-01-01T00:00:00"}},"sku":{"name":"Consumption"}},{"id":"/subscriptions/00000000-0000-0000-0000-000000000000/resourceGroups/clitest.rgitstdiswpeu33cxhtgoawqdczdypqxobd35u4zlkkaknh4fwygo5rhnkgsxmzgnrk/providers/Microsoft.App/managedEnvironments/containerapp-envmydk7hd6","name":"containerapp-envmydk7hd6","type":"Microsoft.App/managedEnvironments","location":"northeurope","systemData":{"createdBy":"haroonfeisal@microsoft.com","createdByType":"User","createdAt":"2022-06-22T22:08:44.1095202","lastModifiedBy":"haroonfeisal@microsoft.com","lastModifiedByType":"User","lastModifiedAt":"2022-06-22T22:08:44.1095202"},"properties":{"provisioningState":"Succeeded","defaultDomain":"nicecoast-d1580b7b.northeurope.azurecontainerapps.io","staticIp":"20.223.74.150","appLogsConfiguration":{"destination":"log-analytics","logAnalyticsConfiguration":{"customerId":"b154bc32-15f5-41b3-b7ae-45ca4550ea95"}},"zoneRedundant":false,"useKubenet":false,"customDomainConfiguration":{"customDomainVerificationId":"99A6464610F70E526E50B6B7BECF7E0698398F28CB03C7A235D70FDF654D411E","expirationDateUtc":"0001-01-01T00:00:00"}},"sku":{"name":"Consumption"}},{"id":"/subscriptions/00000000-0000-0000-0000-000000000000/resourceGroups/helloworld/providers/Microsoft.App/managedEnvironments/env","name":"env","type":"Microsoft.App/managedEnvironments","location":"eastus","systemData":{"createdBy":"haroonfeisal@microsoft.com","createdByType":"User","createdAt":"2022-06-21T22:09:03.0261081","lastModifiedBy":"haroonfeisal@microsoft.com","lastModifiedByType":"User","lastModifiedAt":"2022-06-21T22:09:03.0261081"},"properties":{"provisioningState":"Succeeded","defaultDomain":"lemondesert-a846e481.eastus.azurecontainerapps.io","staticIp":"20.81.74.95","appLogsConfiguration":{"destination":"log-analytics","logAnalyticsConfiguration":{"customerId":"ed3e150f-e932-45ba-8d85-3da88d0c2bcd"}},"zoneRedundant":false,"useKubenet":false,"customDomainConfiguration":{"customDomainVerificationId":"99A6464610F70E526E50B6B7BECF7E0698398F28CB03C7A235D70FDF654D411E","expirationDateUtc":"0001-01-01T00:00:00"}},"sku":{"name":"Consumption"}},{"id":"/subscriptions/00000000-0000-0000-0000-000000000000/resourceGroups/helloworld/providers/Microsoft.App/managedEnvironments/env2","name":"env2","type":"Microsoft.App/managedEnvironments","location":"eastus","systemData":{"createdBy":"haroonfeisal@microsoft.com","createdByType":"User","createdAt":"2022-06-20T21:50:27.8471969","lastModifiedBy":"haroonfeisal@microsoft.com","lastModifiedByType":"User","lastModifiedAt":"2022-06-20T21:50:27.8471969"},"properties":{"provisioningState":"Succeeded","defaultDomain":"calmmushroom-5704efc6.eastus.azurecontainerapps.io","staticIp":"20.241.228.31","appLogsConfiguration":{"destination":"log-analytics","logAnalyticsConfiguration":{"customerId":"2f1fc388-2b93-4b72-be07-84017dc4ae72"}},"zoneRedundant":false,"useKubenet":false,"customDomainConfiguration":{"customDomainVerificationId":"99A6464610F70E526E50B6B7BECF7E0698398F28CB03C7A235D70FDF654D411E","expirationDateUtc":"0001-01-01T00:00:00"}},"sku":{"name":"Consumption"}},{"id":"/subscriptions/00000000-0000-0000-0000-000000000000/resourceGroups/helloworld/providers/Microsoft.App/managedEnvironments/env3","name":"env3","type":"Microsoft.App/managedEnvironments","location":"eastus","systemData":{"createdBy":"haroonfeisal@microsoft.com","createdByType":"User","createdAt":"2022-06-20T21:52:48.0362838","lastModifiedBy":"haroonfeisal@microsoft.com","lastModifiedByType":"User","lastModifiedAt":"2022-06-20T21:53:40.4439534"},"properties":{"provisioningState":"Succeeded","defaultDomain":"wittyground-f6cd9a1d.eastus.azurecontainerapps.io","staticIp":"20.121.176.207","appLogsConfiguration":{"destination":"log-analytics","logAnalyticsConfiguration":{"customerId":"ca00aab2-c4fd-4339-96c5-03d8be883c13"}},"zoneRedundant":false,"useKubenet":false,"customDomainConfiguration":{"customDomainVerificationId":"99A6464610F70E526E50B6B7BECF7E0698398F28CB03C7A235D70FDF654D411E","expirationDateUtc":"0001-01-01T00:00:00"}},"sku":{"name":"Consumption"}},{"id":"/subscriptions/00000000-0000-0000-0000-000000000000/resourceGroups/rg/providers/Microsoft.App/managedEnvironments/subnet","name":"subnet","type":"Microsoft.App/managedEnvironments","location":"eastus","systemData":{"createdBy":"haroonfeisal@microsoft.com","createdByType":"User","createdAt":"2022-07-28T20:53:01.1772758","lastModifiedBy":"haroonfeisal@microsoft.com","lastModifiedByType":"User","lastModifiedAt":"2022-07-28T20:53:01.1772758"},"properties":{"provisioningState":"Succeeded","vnetConfiguration":{"internal":false,"infrastructureSubnetId":"/subscriptions/00000000-0000-0000-0000-000000000000/resourceGroups/helloworld/providers/Microsoft.Network/virtualNetworks/test2/subnets/subnet","dockerBridgeCidr":"10.2.0.1/16","platformReservedCidr":"10.1.0.0/16","platformReservedDnsIP":"10.1.0.2"},"defaultDomain":"bluesky-a95bb749.eastus.azurecontainerapps.io","staticIp":"52.149.252.147","appLogsConfiguration":{"destination":"log-analytics","logAnalyticsConfiguration":{"customerId":"2d9af3c9-6fea-430b-b797-491265209599"}},"zoneRedundant":false,"useKubenet":false,"customDomainConfiguration":{"customDomainVerificationId":"99A6464610F70E526E50B6B7BECF7E0698398F28CB03C7A235D70FDF654D411E","expirationDateUtc":"0001-01-01T00:00:00"}},"sku":{"name":"Consumption"}},{"id":"/subscriptions/00000000-0000-0000-0000-000000000000/resourceGroups/rg/providers/Microsoft.App/managedEnvironments/test2","name":"test2","type":"Microsoft.App/managedEnvironments","location":"eastus","systemData":{"createdBy":"haroonfeisal@microsoft.com","createdByType":"User","createdAt":"2022-08-19T18:00:13.0621412","lastModifiedBy":"haroonfeisal@microsoft.com","lastModifiedByType":"User","lastModifiedAt":"2022-08-19T18:00:13.0621412"},"properties":{"provisioningState":"Succeeded","defaultDomain":"ambitiousdesert-51ccdedb.eastus.azurecontainerapps.io","staticIp":"52.226.249.7","appLogsConfiguration":{"destination":"log-analytics","logAnalyticsConfiguration":{"customerId":"bf8c2a96-3abe-4e37-b42a-ada9d11f26b6"}},"zoneRedundant":false,"useKubenet":false,"customDomainConfiguration":{"customDomainVerificationId":"99A6464610F70E526E50B6B7BECF7E0698398F28CB03C7A235D70FDF654D411E","expirationDateUtc":"0001-01-01T00:00:00"}},"sku":{"name":"Consumption"}},{"id":"/subscriptions/00000000-0000-0000-0000-000000000000/resourceGroups/fresh-radio/providers/Microsoft.App/managedEnvironments/fresh-radio-env","name":"fresh-radio-env","type":"Microsoft.App/managedEnvironments","location":"eastus2","systemData":{"createdBy":"haroonfeisal@microsoft.com","createdByType":"User","createdAt":"2022-07-18T19:41:24.0615074","lastModifiedBy":"haroonfeisal@microsoft.com","lastModifiedByType":"User","lastModifiedAt":"2022-07-18T19:41:24.0615074"},"properties":{"provisioningState":"Succeeded","defaultDomain":"salmondesert-687f0cda.eastus2.azurecontainerapps.io","staticIp":"20.122.52.80","appLogsConfiguration":{"destination":"log-analytics","logAnalyticsConfiguration":{"customerId":"2d276763-d722-4aaa-96bb-01fb8ede37b1"}},"zoneRedundant":false,"useKubenet":false,"customDomainConfiguration":{"customDomainVerificationId":"99A6464610F70E526E50B6B7BECF7E0698398F28CB03C7A235D70FDF654D411E","expirationDateUtc":"0001-01-01T00:00:00"}},"sku":{"name":"Consumption"}},{"id":"/subscriptions/00000000-0000-0000-0000-000000000000/resourceGroups/freshRadio/providers/Microsoft.App/managedEnvironments/freshRadio","name":"freshRadio","type":"Microsoft.App/managedEnvironments","location":"westus","systemData":{"createdBy":"haroonfeisal@microsoft.com","createdByType":"User","createdAt":"2022-07-18T19:22:05.713336","lastModifiedBy":"haroonfeisal@microsoft.com","lastModifiedByType":"User","lastModifiedAt":"2022-07-18T19:22:05.713336"},"properties":{"provisioningState":"Succeeded","defaultDomain":"nicebeach-511a85e0.westus.azurecontainerapps.io","staticIp":"20.66.8.132","appLogsConfiguration":{"destination":"log-analytics","logAnalyticsConfiguration":{"customerId":"603edff8-0d44-4e7e-ba93-9ac1513a5e16"}},"zoneRedundant":false,"useKubenet":false,"customDomainConfiguration":{"customDomainVerificationId":"99A6464610F70E526E50B6B7BECF7E0698398F28CB03C7A235D70FDF654D411E","expirationDateUtc":"0001-01-01T00:00:00"}},"sku":{"name":"Consumption"}},{"id":"/subscriptions/00000000-0000-0000-0000-000000000000/resourceGroups/freshRadio2/providers/Microsoft.App/managedEnvironments/freshRadio","name":"freshRadio","type":"Microsoft.App/managedEnvironments","location":"westus","systemData":{"createdBy":"haroonfeisal@microsoft.com","createdByType":"User","createdAt":"2022-07-18T19:25:22.6271838","lastModifiedBy":"haroonfeisal@microsoft.com","lastModifiedByType":"User","lastModifiedAt":"2022-07-18T19:25:22.6271838"},"properties":{"provisioningState":"Succeeded","defaultDomain":"happysky-a643f289.westus.azurecontainerapps.io","staticIp":"20.245.113.146","appLogsConfiguration":{"destination":"log-analytics","logAnalyticsConfiguration":{"customerId":"b8cd7d76-9959-49b7-9156-ef93d54093bf"}},"zoneRedundant":false,"useKubenet":false,"customDomainConfiguration":{"customDomainVerificationId":"99A6464610F70E526E50B6B7BECF7E0698398F28CB03C7A235D70FDF654D411E","expirationDateUtc":"0001-01-01T00:00:00"}},"sku":{"name":"Consumption"}},{"id":"/subscriptions/00000000-0000-0000-0000-000000000000/resourceGroups/rg/providers/Microsoft.App/managedEnvironments/cdtest3","name":"cdtest3","type":"Microsoft.App/managedEnvironments","location":"centraluseuap","systemData":{"createdBy":"haroonfeisal@microsoft.com","createdByType":"User","createdAt":"2022-09-02T22:30:30.9128394","lastModifiedBy":"haroonfeisal@microsoft.com","lastModifiedByType":"User","lastModifiedAt":"2022-09-02T22:36:09.2179411"},"properties":{"provisioningState":"Succeeded","defaultDomain":"delightfulocean-b4cd930e.centraluseuap.azurecontainerapps.io","staticIp":"20.45.237.246","appLogsConfiguration":{"destination":"log-analytics","logAnalyticsConfiguration":{"customerId":"b1632007-923b-434c-9770-6610ee9e6f0c"}},"zoneRedundant":false,"useKubenet":true,"customDomainConfiguration":{"customDomainVerificationId":"99A6464610F70E526E50B6B7BECF7E0698398F28CB03C7A235D70FDF654D411E","dnsSuffix":"haroonf-test1.com","thumbprint":"83DC1F2F6596823AFB9B85166DD32C0A17821A2B","subjectName":"CN=haroonf-test1.com","expirationDateUtc":"2023-08-02T23:55:02"}},"sku":{"name":"Consumption"}},{"id":"/subscriptions/00000000-0000-0000-0000-000000000000/resourceGroups/rg/providers/Microsoft.App/managedEnvironments/cdtest2","name":"cdtest2","type":"Microsoft.App/managedEnvironments","location":"eastus2euap","systemData":{"createdBy":"haroonfeisal@microsoft.com","createdByType":"User","createdAt":"2022-09-02T22:17:06.2249416","lastModifiedBy":"haroonfeisal@microsoft.com","lastModifiedByType":"User","lastModifiedAt":"2022-09-07T22:20:00.036179"},"properties":{"provisioningState":"Failed","deploymentErrors":"ErrorCode:
        ManagedEnvironmentProvisioningError, Message: Fail to create managed environment
        because creation of the managed cluster failed, please retry later.","defaultDomain":"wittyriver-2f043311.eastus2euap.azurecontainerapps.io","appLogsConfiguration":{"destination":"log-analytics","logAnalyticsConfiguration":{}},"zoneRedundant":false,"useKubenet":false,"customDomainConfiguration":{"customDomainVerificationId":"99A6464610F70E526E50B6B7BECF7E0698398F28CB03C7A235D70FDF654D411E","expirationDateUtc":"0001-01-01T00:00:00"}},"sku":{"name":"Consumption"}},{"id":"/subscriptions/00000000-0000-0000-0000-000000000000/resourceGroups/rg/providers/Microsoft.App/managedEnvironments/test","name":"test","type":"Microsoft.App/managedEnvironments","location":"eastus2euap","systemData":{"createdBy":"haroonfeisal@microsoft.com","createdByType":"User","createdAt":"2022-08-19T17:57:24.0161453","lastModifiedBy":"haroonfeisal@microsoft.com","lastModifiedByType":"User","lastModifiedAt":"2022-08-19T17:57:24.0161453"},"properties":{"provisioningState":"Succeeded","defaultDomain":"orangesmoke-04b5386c.eastus2euap.azurecontainerapps.io","staticIp":"20.47.145.36","appLogsConfiguration":{"destination":"log-analytics","logAnalyticsConfiguration":{"customerId":"75bb8066-a534-4cfc-95a9-e338a04a90b1"}},"zoneRedundant":false,"useKubenet":false,"customDomainConfiguration":{"customDomainVerificationId":"99A6464610F70E526E50B6B7BECF7E0698398F28CB03C7A235D70FDF654D411E","expirationDateUtc":"0001-01-01T00:00:00"}},"sku":{"name":"Consumption"}}]}'
    headers:
      cache-control:
      - no-cache
      content-length:
      - '25773'
      content-type:
      - application/json; charset=utf-8
      date:
      - Wed, 07 Sep 2022 23:53:12 GMT
      expires:
      - '-1'
      pragma:
      - no-cache
      strict-transport-security:
      - max-age=31536000; includeSubDomains
      vary:
      - Accept-Encoding
      x-content-type-options:
      - nosniff
      x-ms-original-request-ids:
      - ''
      - ''
      - ''
      - ''
      - ''
      - ''
      - ''
      - ''
      - ''
    status:
      code: 200
      message: OK
- request:
    body: null
    headers:
      Accept:
      - application/json
      Accept-Encoding:
      - gzip, deflate
      CommandName:
      - containerapp env create
      Connection:
      - keep-alive
      ParameterSetName:
      - -g -n --logs-workspace-id --logs-workspace-key
      User-Agent:
      - AZURECLI/2.39.0 (PIP) azsdk-python-azure-mgmt-resource/21.1.0b1 Python/3.8.10
        (Windows-10-10.0.19044-SP0)
    method: GET
    uri: https://management.azure.com/subscriptions/00000000-0000-0000-0000-000000000000/providers/Microsoft.App?api-version=2021-04-01
  response:
    body:
      string: '{"id":"/subscriptions/00000000-0000-0000-0000-000000000000/providers/Microsoft.App","namespace":"Microsoft.App","authorizations":[{"applicationId":"7e3bc4fd-85a3-4192-b177-5b8bfc87f42c","roleDefinitionId":"39a74f72-b40f-4bdc-b639-562fe2260bf0"},{"applicationId":"3734c1a4-2bed-4998-a37a-ff1a9e7bf019","roleDefinitionId":"5c779a4f-5cb2-4547-8c41-478d9be8ba90"}],"resourceTypes":[{"resourceType":"managedEnvironments","locations":["North
        Central US (Stage)","Canada Central","West Europe","North Europe","East US","East
        US 2","East Asia","Australia East","Germany West Central","Japan East","UK
        South","West US","Central US","North Central US","South Central US","Korea
        Central","Brazil South","Central US EUAP","East US 2 EUAP","West US 3","France
        Central","South Africa North","Norway East"],"apiVersions":["2022-06-01-preview","2022-03-01","2022-01-01-preview"],"capabilities":"CrossResourceGroupResourceMove,
        CrossSubscriptionResourceMove, SupportsTags, SupportsLocation"},{"resourceType":"managedEnvironments/certificates","locations":["North
        Central US (Stage)","Canada Central","West Europe","North Europe","East US","East
        US 2","East Asia","Australia East","Germany West Central","Japan East","UK
        South","West US","Central US","North Central US","South Central US","Korea
        Central","Brazil South","Central US EUAP","East US 2 EUAP","West US 3","France
        Central","South Africa North","Norway East"],"apiVersions":["2022-06-01-preview","2022-03-01","2022-01-01-preview"],"capabilities":"CrossResourceGroupResourceMove,
        CrossSubscriptionResourceMove, SupportsTags, SupportsLocation"},{"resourceType":"containerApps","locations":["North
        Central US (Stage)","Canada Central","West Europe","North Europe","East US","East
        US 2","East Asia","Australia East","Germany West Central","Japan East","UK
        South","West US","Central US","North Central US","South Central US","Korea
        Central","Brazil South","Central US EUAP","East US 2 EUAP","West US 3","France
        Central","South Africa North","Norway East"],"apiVersions":["2022-06-01-preview","2022-03-01","2022-01-01-preview"],"capabilities":"CrossResourceGroupResourceMove,
        CrossSubscriptionResourceMove, SystemAssignedResourceIdentity, SupportsTags,
        SupportsLocation"},{"resourceType":"locations","locations":[],"apiVersions":["2022-06-01-preview","2022-03-01","2022-01-01-preview"],"capabilities":"None"},{"resourceType":"locations/managedEnvironmentOperationResults","locations":["North
        Central US (Stage)","Canada Central","West Europe","North Europe","East US","East
        US 2","East Asia","Australia East","Germany West Central","Japan East","UK
        South","West US","Central US","North Central US","South Central US","Korea
        Central","Brazil South","Central US EUAP","East US 2 EUAP","West US 3","France
        Central","South Africa North","Norway East"],"apiVersions":["2022-06-01-preview","2022-03-01","2022-01-01-preview"],"capabilities":"None"},{"resourceType":"locations/managedEnvironmentOperationStatuses","locations":["North
        Central US (Stage)","Canada Central","West Europe","North Europe","East US","East
        US 2","East Asia","Australia East","Germany West Central","Japan East","UK
        South","West US","Central US","North Central US","South Central US","Korea
        Central","Brazil South","Central US EUAP","East US 2 EUAP","West US 3","France
        Central","South Africa North","Norway East"],"apiVersions":["2022-06-01-preview","2022-03-01","2022-01-01-preview"],"capabilities":"None"},{"resourceType":"locations/containerappOperationResults","locations":["North
        Central US (Stage)","Canada Central","West Europe","North Europe","East US","East
        US 2","East Asia","Australia East","Germany West Central","Japan East","UK
        South","West US","Central US","North Central US","South Central US","Korea
        Central","Brazil South","Central US EUAP","East US 2 EUAP","West US 3","France
        Central","South Africa North","Norway East"],"apiVersions":["2022-06-01-preview","2022-03-01","2022-01-01-preview"],"capabilities":"None"},{"resourceType":"locations/containerappOperationStatuses","locations":["North
        Central US (Stage)","Canada Central","West Europe","North Europe","East US","East
        US 2","East Asia","Australia East","Germany West Central","Japan East","UK
        South","West US","Central US","North Central US","South Central US","Korea
        Central","Brazil South","Central US EUAP","East US 2 EUAP","West US 3","France
        Central","South Africa North","Norway East"],"apiVersions":["2022-06-01-preview","2022-03-01","2022-01-01-preview"],"capabilities":"None"},{"resourceType":"operations","locations":["North
        Central US (Stage)","Central US EUAP","East US 2 EUAP","Canada Central","West
        Europe","North Europe","East US","East US 2","East Asia","Australia East","Germany
        West Central","Japan East","UK South","West US","Central US","North Central
        US","South Central US","Korea Central","Brazil South","West US 3","France
        Central","South Africa North","Norway East"],"apiVersions":["2022-06-01-preview","2022-03-01","2022-01-01-preview"],"capabilities":"None"},{"resourceType":"connectedEnvironments","locations":["North
        Central US (Stage)","Central US EUAP","East US 2 EUAP"],"apiVersions":["2022-06-01-preview"],"capabilities":"CrossResourceGroupResourceMove,
        CrossSubscriptionResourceMove, SupportsTags, SupportsLocation"},{"resourceType":"connectedEnvironments/certificates","locations":["North
        Central US (Stage)","Central US EUAP","East US 2 EUAP"],"apiVersions":["2022-06-01-preview"],"capabilities":"CrossResourceGroupResourceMove,
        CrossSubscriptionResourceMove, SupportsTags, SupportsLocation"},{"resourceType":"locations/connectedEnvironmentOperationResults","locations":["North
        Central US (Stage)","Central US EUAP","East US 2 EUAP"],"apiVersions":["2022-06-01-preview"],"capabilities":"None"},{"resourceType":"locations/connectedEnvironmentOperationStatuses","locations":["North
        Central US (Stage)","Central US EUAP","East US 2 EUAP"],"apiVersions":["2022-06-01-preview"],"capabilities":"None"}],"registrationState":"Registered","registrationPolicy":"RegistrationRequired"}'
    headers:
      cache-control:
      - no-cache
      content-length:
      - '5990'
      content-type:
      - application/json; charset=utf-8
      date:
      - Wed, 07 Sep 2022 23:53:13 GMT
      expires:
      - '-1'
      pragma:
      - no-cache
      strict-transport-security:
      - max-age=31536000; includeSubDomains
      vary:
      - Accept-Encoding
      x-content-type-options:
      - nosniff
    status:
      code: 200
      message: OK
- request:
    body: null
    headers:
      Accept:
      - application/json
      Accept-Encoding:
      - gzip, deflate
      CommandName:
      - containerapp env create
      Connection:
      - keep-alive
      ParameterSetName:
      - -g -n --logs-workspace-id --logs-workspace-key
      User-Agent:
      - AZURECLI/2.39.0 (PIP) azsdk-python-azure-mgmt-resource/21.1.0b1 Python/3.8.10
        (Windows-10-10.0.19044-SP0)
    method: GET
    uri: https://management.azure.com/subscriptions/00000000-0000-0000-0000-000000000000/providers/Microsoft.App?api-version=2021-04-01
  response:
    body:
      string: '{"id":"/subscriptions/00000000-0000-0000-0000-000000000000/providers/Microsoft.App","namespace":"Microsoft.App","authorizations":[{"applicationId":"7e3bc4fd-85a3-4192-b177-5b8bfc87f42c","roleDefinitionId":"39a74f72-b40f-4bdc-b639-562fe2260bf0"},{"applicationId":"3734c1a4-2bed-4998-a37a-ff1a9e7bf019","roleDefinitionId":"5c779a4f-5cb2-4547-8c41-478d9be8ba90"}],"resourceTypes":[{"resourceType":"managedEnvironments","locations":["North
        Central US (Stage)","Canada Central","West Europe","North Europe","East US","East
        US 2","East Asia","Australia East","Germany West Central","Japan East","UK
        South","West US","Central US","North Central US","South Central US","Korea
        Central","Brazil South","Central US EUAP","East US 2 EUAP","West US 3","France
        Central","South Africa North","Norway East"],"apiVersions":["2022-06-01-preview","2022-03-01","2022-01-01-preview"],"capabilities":"CrossResourceGroupResourceMove,
        CrossSubscriptionResourceMove, SupportsTags, SupportsLocation"},{"resourceType":"managedEnvironments/certificates","locations":["North
        Central US (Stage)","Canada Central","West Europe","North Europe","East US","East
        US 2","East Asia","Australia East","Germany West Central","Japan East","UK
        South","West US","Central US","North Central US","South Central US","Korea
        Central","Brazil South","Central US EUAP","East US 2 EUAP","West US 3","France
        Central","South Africa North","Norway East"],"apiVersions":["2022-06-01-preview","2022-03-01","2022-01-01-preview"],"capabilities":"CrossResourceGroupResourceMove,
        CrossSubscriptionResourceMove, SupportsTags, SupportsLocation"},{"resourceType":"containerApps","locations":["North
        Central US (Stage)","Canada Central","West Europe","North Europe","East US","East
        US 2","East Asia","Australia East","Germany West Central","Japan East","UK
        South","West US","Central US","North Central US","South Central US","Korea
        Central","Brazil South","Central US EUAP","East US 2 EUAP","West US 3","France
        Central","South Africa North","Norway East"],"apiVersions":["2022-06-01-preview","2022-03-01","2022-01-01-preview"],"capabilities":"CrossResourceGroupResourceMove,
        CrossSubscriptionResourceMove, SystemAssignedResourceIdentity, SupportsTags,
        SupportsLocation"},{"resourceType":"locations","locations":[],"apiVersions":["2022-06-01-preview","2022-03-01","2022-01-01-preview"],"capabilities":"None"},{"resourceType":"locations/managedEnvironmentOperationResults","locations":["North
        Central US (Stage)","Canada Central","West Europe","North Europe","East US","East
        US 2","East Asia","Australia East","Germany West Central","Japan East","UK
        South","West US","Central US","North Central US","South Central US","Korea
        Central","Brazil South","Central US EUAP","East US 2 EUAP","West US 3","France
        Central","South Africa North","Norway East"],"apiVersions":["2022-06-01-preview","2022-03-01","2022-01-01-preview"],"capabilities":"None"},{"resourceType":"locations/managedEnvironmentOperationStatuses","locations":["North
        Central US (Stage)","Canada Central","West Europe","North Europe","East US","East
        US 2","East Asia","Australia East","Germany West Central","Japan East","UK
        South","West US","Central US","North Central US","South Central US","Korea
        Central","Brazil South","Central US EUAP","East US 2 EUAP","West US 3","France
        Central","South Africa North","Norway East"],"apiVersions":["2022-06-01-preview","2022-03-01","2022-01-01-preview"],"capabilities":"None"},{"resourceType":"locations/containerappOperationResults","locations":["North
        Central US (Stage)","Canada Central","West Europe","North Europe","East US","East
        US 2","East Asia","Australia East","Germany West Central","Japan East","UK
        South","West US","Central US","North Central US","South Central US","Korea
        Central","Brazil South","Central US EUAP","East US 2 EUAP","West US 3","France
        Central","South Africa North","Norway East"],"apiVersions":["2022-06-01-preview","2022-03-01","2022-01-01-preview"],"capabilities":"None"},{"resourceType":"locations/containerappOperationStatuses","locations":["North
        Central US (Stage)","Canada Central","West Europe","North Europe","East US","East
        US 2","East Asia","Australia East","Germany West Central","Japan East","UK
        South","West US","Central US","North Central US","South Central US","Korea
        Central","Brazil South","Central US EUAP","East US 2 EUAP","West US 3","France
        Central","South Africa North","Norway East"],"apiVersions":["2022-06-01-preview","2022-03-01","2022-01-01-preview"],"capabilities":"None"},{"resourceType":"operations","locations":["North
        Central US (Stage)","Central US EUAP","East US 2 EUAP","Canada Central","West
        Europe","North Europe","East US","East US 2","East Asia","Australia East","Germany
        West Central","Japan East","UK South","West US","Central US","North Central
        US","South Central US","Korea Central","Brazil South","West US 3","France
        Central","South Africa North","Norway East"],"apiVersions":["2022-06-01-preview","2022-03-01","2022-01-01-preview"],"capabilities":"None"},{"resourceType":"connectedEnvironments","locations":["North
        Central US (Stage)","Central US EUAP","East US 2 EUAP"],"apiVersions":["2022-06-01-preview"],"capabilities":"CrossResourceGroupResourceMove,
        CrossSubscriptionResourceMove, SupportsTags, SupportsLocation"},{"resourceType":"connectedEnvironments/certificates","locations":["North
        Central US (Stage)","Central US EUAP","East US 2 EUAP"],"apiVersions":["2022-06-01-preview"],"capabilities":"CrossResourceGroupResourceMove,
        CrossSubscriptionResourceMove, SupportsTags, SupportsLocation"},{"resourceType":"locations/connectedEnvironmentOperationResults","locations":["North
        Central US (Stage)","Central US EUAP","East US 2 EUAP"],"apiVersions":["2022-06-01-preview"],"capabilities":"None"},{"resourceType":"locations/connectedEnvironmentOperationStatuses","locations":["North
        Central US (Stage)","Central US EUAP","East US 2 EUAP"],"apiVersions":["2022-06-01-preview"],"capabilities":"None"}],"registrationState":"Registered","registrationPolicy":"RegistrationRequired"}'
    headers:
      cache-control:
      - no-cache
      content-length:
      - '5990'
      content-type:
      - application/json; charset=utf-8
      date:
      - Wed, 07 Sep 2022 23:53:13 GMT
      expires:
      - '-1'
      pragma:
      - no-cache
      strict-transport-security:
      - max-age=31536000; includeSubDomains
      vary:
      - Accept-Encoding
      x-content-type-options:
      - nosniff
    status:
      code: 200
      message: OK
- request:
    body: null
    headers:
      Accept:
      - application/json
      Accept-Encoding:
      - gzip, deflate
      CommandName:
      - containerapp env create
      Connection:
      - keep-alive
      ParameterSetName:
      - -g -n --logs-workspace-id --logs-workspace-key
      User-Agent:
      - AZURECLI/2.39.0 (PIP) azsdk-python-azure-mgmt-resource/21.1.0b1 Python/3.8.10
        (Windows-10-10.0.19044-SP0)
    method: GET
    uri: https://management.azure.com/subscriptions/00000000-0000-0000-0000-000000000000/providers/Microsoft.App?api-version=2021-04-01
  response:
    body:
      string: '{"id":"/subscriptions/00000000-0000-0000-0000-000000000000/providers/Microsoft.App","namespace":"Microsoft.App","authorizations":[{"applicationId":"7e3bc4fd-85a3-4192-b177-5b8bfc87f42c","roleDefinitionId":"39a74f72-b40f-4bdc-b639-562fe2260bf0"},{"applicationId":"3734c1a4-2bed-4998-a37a-ff1a9e7bf019","roleDefinitionId":"5c779a4f-5cb2-4547-8c41-478d9be8ba90"}],"resourceTypes":[{"resourceType":"managedEnvironments","locations":["North
        Central US (Stage)","Canada Central","West Europe","North Europe","East US","East
        US 2","East Asia","Australia East","Germany West Central","Japan East","UK
        South","West US","Central US","North Central US","South Central US","Korea
        Central","Brazil South","Central US EUAP","East US 2 EUAP","West US 3","France
        Central","South Africa North","Norway East"],"apiVersions":["2022-06-01-preview","2022-03-01","2022-01-01-preview"],"capabilities":"CrossResourceGroupResourceMove,
        CrossSubscriptionResourceMove, SupportsTags, SupportsLocation"},{"resourceType":"managedEnvironments/certificates","locations":["North
        Central US (Stage)","Canada Central","West Europe","North Europe","East US","East
        US 2","East Asia","Australia East","Germany West Central","Japan East","UK
        South","West US","Central US","North Central US","South Central US","Korea
        Central","Brazil South","Central US EUAP","East US 2 EUAP","West US 3","France
        Central","South Africa North","Norway East"],"apiVersions":["2022-06-01-preview","2022-03-01","2022-01-01-preview"],"capabilities":"CrossResourceGroupResourceMove,
        CrossSubscriptionResourceMove, SupportsTags, SupportsLocation"},{"resourceType":"containerApps","locations":["North
        Central US (Stage)","Canada Central","West Europe","North Europe","East US","East
        US 2","East Asia","Australia East","Germany West Central","Japan East","UK
        South","West US","Central US","North Central US","South Central US","Korea
        Central","Brazil South","Central US EUAP","East US 2 EUAP","West US 3","France
        Central","South Africa North","Norway East"],"apiVersions":["2022-06-01-preview","2022-03-01","2022-01-01-preview"],"capabilities":"CrossResourceGroupResourceMove,
        CrossSubscriptionResourceMove, SystemAssignedResourceIdentity, SupportsTags,
        SupportsLocation"},{"resourceType":"locations","locations":[],"apiVersions":["2022-06-01-preview","2022-03-01","2022-01-01-preview"],"capabilities":"None"},{"resourceType":"locations/managedEnvironmentOperationResults","locations":["North
        Central US (Stage)","Canada Central","West Europe","North Europe","East US","East
        US 2","East Asia","Australia East","Germany West Central","Japan East","UK
        South","West US","Central US","North Central US","South Central US","Korea
        Central","Brazil South","Central US EUAP","East US 2 EUAP","West US 3","France
        Central","South Africa North","Norway East"],"apiVersions":["2022-06-01-preview","2022-03-01","2022-01-01-preview"],"capabilities":"None"},{"resourceType":"locations/managedEnvironmentOperationStatuses","locations":["North
        Central US (Stage)","Canada Central","West Europe","North Europe","East US","East
        US 2","East Asia","Australia East","Germany West Central","Japan East","UK
        South","West US","Central US","North Central US","South Central US","Korea
        Central","Brazil South","Central US EUAP","East US 2 EUAP","West US 3","France
        Central","South Africa North","Norway East"],"apiVersions":["2022-06-01-preview","2022-03-01","2022-01-01-preview"],"capabilities":"None"},{"resourceType":"locations/containerappOperationResults","locations":["North
        Central US (Stage)","Canada Central","West Europe","North Europe","East US","East
        US 2","East Asia","Australia East","Germany West Central","Japan East","UK
        South","West US","Central US","North Central US","South Central US","Korea
        Central","Brazil South","Central US EUAP","East US 2 EUAP","West US 3","France
        Central","South Africa North","Norway East"],"apiVersions":["2022-06-01-preview","2022-03-01","2022-01-01-preview"],"capabilities":"None"},{"resourceType":"locations/containerappOperationStatuses","locations":["North
        Central US (Stage)","Canada Central","West Europe","North Europe","East US","East
        US 2","East Asia","Australia East","Germany West Central","Japan East","UK
        South","West US","Central US","North Central US","South Central US","Korea
        Central","Brazil South","Central US EUAP","East US 2 EUAP","West US 3","France
        Central","South Africa North","Norway East"],"apiVersions":["2022-06-01-preview","2022-03-01","2022-01-01-preview"],"capabilities":"None"},{"resourceType":"operations","locations":["North
        Central US (Stage)","Central US EUAP","East US 2 EUAP","Canada Central","West
        Europe","North Europe","East US","East US 2","East Asia","Australia East","Germany
        West Central","Japan East","UK South","West US","Central US","North Central
        US","South Central US","Korea Central","Brazil South","West US 3","France
        Central","South Africa North","Norway East"],"apiVersions":["2022-06-01-preview","2022-03-01","2022-01-01-preview"],"capabilities":"None"},{"resourceType":"connectedEnvironments","locations":["North
        Central US (Stage)","Central US EUAP","East US 2 EUAP"],"apiVersions":["2022-06-01-preview"],"capabilities":"CrossResourceGroupResourceMove,
        CrossSubscriptionResourceMove, SupportsTags, SupportsLocation"},{"resourceType":"connectedEnvironments/certificates","locations":["North
        Central US (Stage)","Central US EUAP","East US 2 EUAP"],"apiVersions":["2022-06-01-preview"],"capabilities":"CrossResourceGroupResourceMove,
        CrossSubscriptionResourceMove, SupportsTags, SupportsLocation"},{"resourceType":"locations/connectedEnvironmentOperationResults","locations":["North
        Central US (Stage)","Central US EUAP","East US 2 EUAP"],"apiVersions":["2022-06-01-preview"],"capabilities":"None"},{"resourceType":"locations/connectedEnvironmentOperationStatuses","locations":["North
        Central US (Stage)","Central US EUAP","East US 2 EUAP"],"apiVersions":["2022-06-01-preview"],"capabilities":"None"}],"registrationState":"Registered","registrationPolicy":"RegistrationRequired"}'
    headers:
      cache-control:
      - no-cache
      content-length:
      - '5990'
      content-type:
      - application/json; charset=utf-8
      date:
      - Wed, 07 Sep 2022 23:53:13 GMT
      expires:
      - '-1'
      pragma:
      - no-cache
      strict-transport-security:
      - max-age=31536000; includeSubDomains
      vary:
      - Accept-Encoding
      x-content-type-options:
      - nosniff
    status:
      code: 200
      message: OK
- request:
    body: '{"location": "canadacentral", "tags": null, "sku": {"name": "Consumption"},
      "properties": {"daprAIInstrumentationKey": null, "vnetConfiguration": null,
      "internalLoadBalancerEnabled": null, "appLogsConfiguration": {"destination":
      "log-analytics", "logAnalyticsConfiguration": {"customerId": "fb5d180c-0601-4af0-bb90-bb4214ce8549",
      "sharedKey": "Y37XjkIKxGKFdXIgmf7SNb9A4DGgTbilxy5fbeKCg+gN3Fd3364eSGdyXIbEch8+Na5KJR8/rfF26TA+6XzuuA=="}},
      "zoneRedundant": false}}'
    headers:
      Accept:
      - '*/*'
      Accept-Encoding:
      - gzip, deflate
      CommandName:
      - containerapp env create
      Connection:
      - keep-alive
      Content-Length:
      - '461'
      Content-Type:
      - application/json
      ParameterSetName:
      - -g -n --logs-workspace-id --logs-workspace-key
      User-Agent:
      - python/3.8.10 (Windows-10-10.0.19044-SP0) AZURECLI/2.39.0 (PIP)
    method: PUT
    uri: https://management.azure.com/subscriptions/00000000-0000-0000-0000-000000000000/resourceGroups/clitest.rg000001/providers/Microsoft.App/managedEnvironments/containerapp-env000002?api-version=2022-06-01-preview
  response:
    body:
      string: '{"id":"/subscriptions/00000000-0000-0000-0000-000000000000/resourceGroups/clitest.rg000001/providers/Microsoft.App/managedEnvironments/containerapp-env000002","name":"containerapp-env000002","type":"Microsoft.App/managedEnvironments","location":"canadacentral","systemData":{"createdBy":"haroonfeisal@microsoft.com","createdByType":"User","createdAt":"2022-09-07T23:53:15.5861152Z","lastModifiedBy":"haroonfeisal@microsoft.com","lastModifiedByType":"User","lastModifiedAt":"2022-09-07T23:53:15.5861152Z"},"properties":{"provisioningState":"Waiting","defaultDomain":"greenflower-187395e1.canadacentral.azurecontainerapps.io","staticIp":"20.220.157.85","appLogsConfiguration":{"destination":"log-analytics","logAnalyticsConfiguration":{"customerId":"fb5d180c-0601-4af0-bb90-bb4214ce8549"}},"zoneRedundant":false,"useKubenet":false,"customDomainConfiguration":{"customDomainVerificationId":"99A6464610F70E526E50B6B7BECF7E0698398F28CB03C7A235D70FDF654D411E","expirationDateUtc":"0001-01-01T00:00:00"}},"sku":{"name":"Consumption"}}'
    headers:
      api-supported-versions:
      - 2022-01-01-preview, 2022-03-01, 2022-05-01, 2022-06-01-preview
      azure-asyncoperation:
      - https://management.azure.com/subscriptions/00000000-0000-0000-0000-000000000000/providers/Microsoft.App/locations/canadacentral/managedEnvironmentOperationStatuses/25a1458a-e25d-4989-ad7c-d8f74aadbf65?api-version=2022-06-01-preview&azureAsyncOperation=true
      cache-control:
      - no-cache
      content-length:
      - '1027'
      content-type:
      - application/json; charset=utf-8
      date:
      - Wed, 07 Sep 2022 23:53:17 GMT
      expires:
      - '-1'
      pragma:
      - no-cache
      server:
      - Microsoft-IIS/10.0
      strict-transport-security:
      - max-age=31536000; includeSubDomains
      x-content-type-options:
      - nosniff
      x-ms-async-operation-timeout:
      - PT15M
      x-ms-ratelimit-remaining-subscription-resource-requests:
      - '99'
      x-powered-by:
      - ASP.NET
    status:
      code: 201
      message: Created
- request:
    body: null
    headers:
      Accept:
      - '*/*'
      Accept-Encoding:
      - gzip, deflate
      CommandName:
      - containerapp env create
      Connection:
      - keep-alive
      ParameterSetName:
      - -g -n --logs-workspace-id --logs-workspace-key
      User-Agent:
      - python/3.8.10 (Windows-10-10.0.19044-SP0) AZURECLI/2.39.0 (PIP)
    method: GET
    uri: https://management.azure.com/subscriptions/00000000-0000-0000-0000-000000000000/resourceGroups/clitest.rg000001/providers/Microsoft.App/managedEnvironments/containerapp-env000002?api-version=2022-06-01-preview
  response:
    body:
      string: '{"id":"/subscriptions/00000000-0000-0000-0000-000000000000/resourceGroups/clitest.rg000001/providers/Microsoft.App/managedEnvironments/containerapp-env000002","name":"containerapp-env000002","type":"Microsoft.App/managedEnvironments","location":"canadacentral","systemData":{"createdBy":"haroonfeisal@microsoft.com","createdByType":"User","createdAt":"2022-09-07T23:53:15.5861152","lastModifiedBy":"haroonfeisal@microsoft.com","lastModifiedByType":"User","lastModifiedAt":"2022-09-07T23:53:15.5861152"},"properties":{"provisioningState":"Waiting","defaultDomain":"greenflower-187395e1.canadacentral.azurecontainerapps.io","staticIp":"20.220.157.85","appLogsConfiguration":{"destination":"log-analytics","logAnalyticsConfiguration":{"customerId":"fb5d180c-0601-4af0-bb90-bb4214ce8549"}},"zoneRedundant":false,"useKubenet":false,"customDomainConfiguration":{"customDomainVerificationId":"99A6464610F70E526E50B6B7BECF7E0698398F28CB03C7A235D70FDF654D411E","expirationDateUtc":"0001-01-01T00:00:00"}},"sku":{"name":"Consumption"}}'
    headers:
      api-supported-versions:
      - 2022-01-01-preview, 2022-03-01, 2022-05-01, 2022-06-01-preview
      cache-control:
      - no-cache
      content-length:
      - '1025'
      content-type:
      - application/json; charset=utf-8
      date:
      - Wed, 07 Sep 2022 23:53:18 GMT
      expires:
      - '-1'
      pragma:
      - no-cache
      server:
      - Microsoft-IIS/10.0
      strict-transport-security:
      - max-age=31536000; includeSubDomains
      transfer-encoding:
      - chunked
      vary:
      - Accept-Encoding,Accept-Encoding
      x-content-type-options:
      - nosniff
      x-powered-by:
      - ASP.NET
    status:
      code: 200
      message: OK
- request:
    body: null
    headers:
      Accept:
      - '*/*'
      Accept-Encoding:
      - gzip, deflate
      CommandName:
      - containerapp env create
      Connection:
      - keep-alive
      ParameterSetName:
      - -g -n --logs-workspace-id --logs-workspace-key
      User-Agent:
      - python/3.8.10 (Windows-10-10.0.19044-SP0) AZURECLI/2.39.0 (PIP)
    method: GET
    uri: https://management.azure.com/subscriptions/00000000-0000-0000-0000-000000000000/resourceGroups/clitest.rg000001/providers/Microsoft.App/managedEnvironments/containerapp-env000002?api-version=2022-06-01-preview
  response:
    body:
      string: '{"id":"/subscriptions/00000000-0000-0000-0000-000000000000/resourceGroups/clitest.rg000001/providers/Microsoft.App/managedEnvironments/containerapp-env000002","name":"containerapp-env000002","type":"Microsoft.App/managedEnvironments","location":"canadacentral","systemData":{"createdBy":"haroonfeisal@microsoft.com","createdByType":"User","createdAt":"2022-09-07T23:53:15.5861152","lastModifiedBy":"haroonfeisal@microsoft.com","lastModifiedByType":"User","lastModifiedAt":"2022-09-07T23:53:15.5861152"},"properties":{"provisioningState":"Waiting","defaultDomain":"greenflower-187395e1.canadacentral.azurecontainerapps.io","staticIp":"20.220.157.85","appLogsConfiguration":{"destination":"log-analytics","logAnalyticsConfiguration":{"customerId":"fb5d180c-0601-4af0-bb90-bb4214ce8549"}},"zoneRedundant":false,"useKubenet":false,"customDomainConfiguration":{"customDomainVerificationId":"99A6464610F70E526E50B6B7BECF7E0698398F28CB03C7A235D70FDF654D411E","expirationDateUtc":"0001-01-01T00:00:00"}},"sku":{"name":"Consumption"}}'
    headers:
      api-supported-versions:
      - 2022-01-01-preview, 2022-03-01, 2022-05-01, 2022-06-01-preview
      cache-control:
      - no-cache
      content-length:
      - '1025'
      content-type:
      - application/json; charset=utf-8
      date:
      - Wed, 07 Sep 2022 23:53:21 GMT
      expires:
      - '-1'
      pragma:
      - no-cache
      server:
      - Microsoft-IIS/10.0
      strict-transport-security:
      - max-age=31536000; includeSubDomains
      transfer-encoding:
      - chunked
      vary:
      - Accept-Encoding,Accept-Encoding
      x-content-type-options:
      - nosniff
      x-powered-by:
      - ASP.NET
    status:
      code: 200
      message: OK
- request:
    body: null
    headers:
      Accept:
      - '*/*'
      Accept-Encoding:
      - gzip, deflate
      CommandName:
      - containerapp env create
      Connection:
      - keep-alive
      ParameterSetName:
      - -g -n --logs-workspace-id --logs-workspace-key
      User-Agent:
      - python/3.8.10 (Windows-10-10.0.19044-SP0) AZURECLI/2.39.0 (PIP)
    method: GET
    uri: https://management.azure.com/subscriptions/00000000-0000-0000-0000-000000000000/resourceGroups/clitest.rg000001/providers/Microsoft.App/managedEnvironments/containerapp-env000002?api-version=2022-06-01-preview
  response:
    body:
      string: '{"id":"/subscriptions/00000000-0000-0000-0000-000000000000/resourceGroups/clitest.rg000001/providers/Microsoft.App/managedEnvironments/containerapp-env000002","name":"containerapp-env000002","type":"Microsoft.App/managedEnvironments","location":"canadacentral","systemData":{"createdBy":"haroonfeisal@microsoft.com","createdByType":"User","createdAt":"2022-09-07T23:53:15.5861152","lastModifiedBy":"haroonfeisal@microsoft.com","lastModifiedByType":"User","lastModifiedAt":"2022-09-07T23:53:15.5861152"},"properties":{"provisioningState":"Waiting","defaultDomain":"greenflower-187395e1.canadacentral.azurecontainerapps.io","staticIp":"20.220.157.85","appLogsConfiguration":{"destination":"log-analytics","logAnalyticsConfiguration":{"customerId":"fb5d180c-0601-4af0-bb90-bb4214ce8549"}},"zoneRedundant":false,"useKubenet":false,"customDomainConfiguration":{"customDomainVerificationId":"99A6464610F70E526E50B6B7BECF7E0698398F28CB03C7A235D70FDF654D411E","expirationDateUtc":"0001-01-01T00:00:00"}},"sku":{"name":"Consumption"}}'
    headers:
      api-supported-versions:
      - 2022-01-01-preview, 2022-03-01, 2022-05-01, 2022-06-01-preview
      cache-control:
      - no-cache
      content-length:
      - '1025'
      content-type:
      - application/json; charset=utf-8
      date:
      - Wed, 07 Sep 2022 23:53:24 GMT
      expires:
      - '-1'
      pragma:
      - no-cache
      server:
      - Microsoft-IIS/10.0
      strict-transport-security:
      - max-age=31536000; includeSubDomains
      transfer-encoding:
      - chunked
      vary:
      - Accept-Encoding,Accept-Encoding
      x-content-type-options:
      - nosniff
      x-powered-by:
      - ASP.NET
    status:
      code: 200
      message: OK
- request:
    body: null
    headers:
      Accept:
      - '*/*'
      Accept-Encoding:
      - gzip, deflate
      CommandName:
      - containerapp env create
      Connection:
      - keep-alive
      ParameterSetName:
      - -g -n --logs-workspace-id --logs-workspace-key
      User-Agent:
      - python/3.8.10 (Windows-10-10.0.19044-SP0) AZURECLI/2.39.0 (PIP)
    method: GET
    uri: https://management.azure.com/subscriptions/00000000-0000-0000-0000-000000000000/resourceGroups/clitest.rg000001/providers/Microsoft.App/managedEnvironments/containerapp-env000002?api-version=2022-06-01-preview
  response:
    body:
      string: '{"id":"/subscriptions/00000000-0000-0000-0000-000000000000/resourceGroups/clitest.rg000001/providers/Microsoft.App/managedEnvironments/containerapp-env000002","name":"containerapp-env000002","type":"Microsoft.App/managedEnvironments","location":"canadacentral","systemData":{"createdBy":"haroonfeisal@microsoft.com","createdByType":"User","createdAt":"2022-09-07T23:53:15.5861152","lastModifiedBy":"haroonfeisal@microsoft.com","lastModifiedByType":"User","lastModifiedAt":"2022-09-07T23:53:15.5861152"},"properties":{"provisioningState":"Waiting","defaultDomain":"greenflower-187395e1.canadacentral.azurecontainerapps.io","staticIp":"20.220.157.85","appLogsConfiguration":{"destination":"log-analytics","logAnalyticsConfiguration":{"customerId":"fb5d180c-0601-4af0-bb90-bb4214ce8549"}},"zoneRedundant":false,"useKubenet":false,"customDomainConfiguration":{"customDomainVerificationId":"99A6464610F70E526E50B6B7BECF7E0698398F28CB03C7A235D70FDF654D411E","expirationDateUtc":"0001-01-01T00:00:00"}},"sku":{"name":"Consumption"}}'
    headers:
      api-supported-versions:
      - 2022-01-01-preview, 2022-03-01, 2022-05-01, 2022-06-01-preview
      cache-control:
      - no-cache
      content-length:
      - '1025'
      content-type:
      - application/json; charset=utf-8
      date:
      - Wed, 07 Sep 2022 23:53:27 GMT
      expires:
      - '-1'
      pragma:
      - no-cache
      server:
      - Microsoft-IIS/10.0
      strict-transport-security:
      - max-age=31536000; includeSubDomains
      transfer-encoding:
      - chunked
      vary:
      - Accept-Encoding,Accept-Encoding
      x-content-type-options:
      - nosniff
      x-powered-by:
      - ASP.NET
    status:
      code: 200
      message: OK
- request:
    body: null
    headers:
      Accept:
      - '*/*'
      Accept-Encoding:
      - gzip, deflate
      CommandName:
      - containerapp env create
      Connection:
      - keep-alive
      ParameterSetName:
      - -g -n --logs-workspace-id --logs-workspace-key
      User-Agent:
      - python/3.8.10 (Windows-10-10.0.19044-SP0) AZURECLI/2.39.0 (PIP)
    method: GET
    uri: https://management.azure.com/subscriptions/00000000-0000-0000-0000-000000000000/resourceGroups/clitest.rg000001/providers/Microsoft.App/managedEnvironments/containerapp-env000002?api-version=2022-06-01-preview
  response:
    body:
      string: '{"id":"/subscriptions/00000000-0000-0000-0000-000000000000/resourceGroups/clitest.rg000001/providers/Microsoft.App/managedEnvironments/containerapp-env000002","name":"containerapp-env000002","type":"Microsoft.App/managedEnvironments","location":"canadacentral","systemData":{"createdBy":"haroonfeisal@microsoft.com","createdByType":"User","createdAt":"2022-09-07T23:53:15.5861152","lastModifiedBy":"haroonfeisal@microsoft.com","lastModifiedByType":"User","lastModifiedAt":"2022-09-07T23:53:15.5861152"},"properties":{"provisioningState":"Waiting","defaultDomain":"greenflower-187395e1.canadacentral.azurecontainerapps.io","staticIp":"20.220.157.85","appLogsConfiguration":{"destination":"log-analytics","logAnalyticsConfiguration":{"customerId":"fb5d180c-0601-4af0-bb90-bb4214ce8549"}},"zoneRedundant":false,"useKubenet":false,"customDomainConfiguration":{"customDomainVerificationId":"99A6464610F70E526E50B6B7BECF7E0698398F28CB03C7A235D70FDF654D411E","expirationDateUtc":"0001-01-01T00:00:00"}},"sku":{"name":"Consumption"}}'
    headers:
      api-supported-versions:
      - 2022-01-01-preview, 2022-03-01, 2022-05-01, 2022-06-01-preview
      cache-control:
      - no-cache
      content-length:
      - '1025'
      content-type:
      - application/json; charset=utf-8
      date:
      - Wed, 07 Sep 2022 23:53:29 GMT
      expires:
      - '-1'
      pragma:
      - no-cache
      server:
      - Microsoft-IIS/10.0
      strict-transport-security:
      - max-age=31536000; includeSubDomains
      transfer-encoding:
      - chunked
      vary:
      - Accept-Encoding,Accept-Encoding
      x-content-type-options:
      - nosniff
      x-powered-by:
      - ASP.NET
    status:
      code: 200
      message: OK
- request:
    body: null
    headers:
      Accept:
      - '*/*'
      Accept-Encoding:
      - gzip, deflate
      CommandName:
      - containerapp env create
      Connection:
      - keep-alive
      ParameterSetName:
      - -g -n --logs-workspace-id --logs-workspace-key
      User-Agent:
      - python/3.8.10 (Windows-10-10.0.19044-SP0) AZURECLI/2.39.0 (PIP)
    method: GET
    uri: https://management.azure.com/subscriptions/00000000-0000-0000-0000-000000000000/resourceGroups/clitest.rg000001/providers/Microsoft.App/managedEnvironments/containerapp-env000002?api-version=2022-06-01-preview
  response:
    body:
      string: '{"id":"/subscriptions/00000000-0000-0000-0000-000000000000/resourceGroups/clitest.rg000001/providers/Microsoft.App/managedEnvironments/containerapp-env000002","name":"containerapp-env000002","type":"Microsoft.App/managedEnvironments","location":"canadacentral","systemData":{"createdBy":"haroonfeisal@microsoft.com","createdByType":"User","createdAt":"2022-09-07T23:53:15.5861152","lastModifiedBy":"haroonfeisal@microsoft.com","lastModifiedByType":"User","lastModifiedAt":"2022-09-07T23:53:15.5861152"},"properties":{"provisioningState":"Waiting","defaultDomain":"greenflower-187395e1.canadacentral.azurecontainerapps.io","staticIp":"20.220.157.85","appLogsConfiguration":{"destination":"log-analytics","logAnalyticsConfiguration":{"customerId":"fb5d180c-0601-4af0-bb90-bb4214ce8549"}},"zoneRedundant":false,"useKubenet":false,"customDomainConfiguration":{"customDomainVerificationId":"99A6464610F70E526E50B6B7BECF7E0698398F28CB03C7A235D70FDF654D411E","expirationDateUtc":"0001-01-01T00:00:00"}},"sku":{"name":"Consumption"}}'
    headers:
      api-supported-versions:
      - 2022-01-01-preview, 2022-03-01, 2022-05-01, 2022-06-01-preview
      cache-control:
      - no-cache
      content-length:
      - '1025'
      content-type:
      - application/json; charset=utf-8
      date:
      - Wed, 07 Sep 2022 23:53:32 GMT
      expires:
      - '-1'
      pragma:
      - no-cache
      server:
      - Microsoft-IIS/10.0
      strict-transport-security:
      - max-age=31536000; includeSubDomains
      transfer-encoding:
      - chunked
      vary:
      - Accept-Encoding,Accept-Encoding
      x-content-type-options:
      - nosniff
      x-powered-by:
      - ASP.NET
    status:
      code: 200
      message: OK
- request:
    body: null
    headers:
      Accept:
      - '*/*'
      Accept-Encoding:
      - gzip, deflate
      CommandName:
      - containerapp env create
      Connection:
      - keep-alive
      ParameterSetName:
      - -g -n --logs-workspace-id --logs-workspace-key
      User-Agent:
      - python/3.8.10 (Windows-10-10.0.19044-SP0) AZURECLI/2.39.0 (PIP)
    method: GET
    uri: https://management.azure.com/subscriptions/00000000-0000-0000-0000-000000000000/resourceGroups/clitest.rg000001/providers/Microsoft.App/managedEnvironments/containerapp-env000002?api-version=2022-06-01-preview
  response:
    body:
      string: '{"id":"/subscriptions/00000000-0000-0000-0000-000000000000/resourceGroups/clitest.rg000001/providers/Microsoft.App/managedEnvironments/containerapp-env000002","name":"containerapp-env000002","type":"Microsoft.App/managedEnvironments","location":"canadacentral","systemData":{"createdBy":"haroonfeisal@microsoft.com","createdByType":"User","createdAt":"2022-09-07T23:53:15.5861152","lastModifiedBy":"haroonfeisal@microsoft.com","lastModifiedByType":"User","lastModifiedAt":"2022-09-07T23:53:15.5861152"},"properties":{"provisioningState":"Waiting","defaultDomain":"greenflower-187395e1.canadacentral.azurecontainerapps.io","staticIp":"20.220.157.85","appLogsConfiguration":{"destination":"log-analytics","logAnalyticsConfiguration":{"customerId":"fb5d180c-0601-4af0-bb90-bb4214ce8549"}},"zoneRedundant":false,"useKubenet":false,"customDomainConfiguration":{"customDomainVerificationId":"99A6464610F70E526E50B6B7BECF7E0698398F28CB03C7A235D70FDF654D411E","expirationDateUtc":"0001-01-01T00:00:00"}},"sku":{"name":"Consumption"}}'
    headers:
      api-supported-versions:
      - 2022-01-01-preview, 2022-03-01, 2022-05-01, 2022-06-01-preview
      cache-control:
      - no-cache
      content-length:
      - '1025'
      content-type:
      - application/json; charset=utf-8
      date:
      - Wed, 07 Sep 2022 23:53:35 GMT
      expires:
      - '-1'
      pragma:
      - no-cache
      server:
      - Microsoft-IIS/10.0
      strict-transport-security:
      - max-age=31536000; includeSubDomains
      transfer-encoding:
      - chunked
      vary:
      - Accept-Encoding,Accept-Encoding
      x-content-type-options:
      - nosniff
      x-powered-by:
      - ASP.NET
    status:
      code: 200
      message: OK
- request:
    body: null
    headers:
      Accept:
      - '*/*'
      Accept-Encoding:
      - gzip, deflate
      CommandName:
      - containerapp env create
      Connection:
      - keep-alive
      ParameterSetName:
      - -g -n --logs-workspace-id --logs-workspace-key
      User-Agent:
      - python/3.8.10 (Windows-10-10.0.19044-SP0) AZURECLI/2.39.0 (PIP)
    method: GET
    uri: https://management.azure.com/subscriptions/00000000-0000-0000-0000-000000000000/resourceGroups/clitest.rg000001/providers/Microsoft.App/managedEnvironments/containerapp-env000002?api-version=2022-06-01-preview
  response:
    body:
      string: '{"id":"/subscriptions/00000000-0000-0000-0000-000000000000/resourceGroups/clitest.rg000001/providers/Microsoft.App/managedEnvironments/containerapp-env000002","name":"containerapp-env000002","type":"Microsoft.App/managedEnvironments","location":"canadacentral","systemData":{"createdBy":"haroonfeisal@microsoft.com","createdByType":"User","createdAt":"2022-09-07T23:53:15.5861152","lastModifiedBy":"haroonfeisal@microsoft.com","lastModifiedByType":"User","lastModifiedAt":"2022-09-07T23:53:15.5861152"},"properties":{"provisioningState":"Waiting","defaultDomain":"greenflower-187395e1.canadacentral.azurecontainerapps.io","staticIp":"20.220.157.85","appLogsConfiguration":{"destination":"log-analytics","logAnalyticsConfiguration":{"customerId":"fb5d180c-0601-4af0-bb90-bb4214ce8549"}},"zoneRedundant":false,"useKubenet":false,"customDomainConfiguration":{"customDomainVerificationId":"99A6464610F70E526E50B6B7BECF7E0698398F28CB03C7A235D70FDF654D411E","expirationDateUtc":"0001-01-01T00:00:00"}},"sku":{"name":"Consumption"}}'
    headers:
      api-supported-versions:
      - 2022-01-01-preview, 2022-03-01, 2022-05-01, 2022-06-01-preview
      cache-control:
      - no-cache
      content-length:
      - '1025'
      content-type:
      - application/json; charset=utf-8
      date:
      - Wed, 07 Sep 2022 23:53:37 GMT
      expires:
      - '-1'
      pragma:
      - no-cache
      server:
      - Microsoft-IIS/10.0
      strict-transport-security:
      - max-age=31536000; includeSubDomains
      transfer-encoding:
      - chunked
      vary:
      - Accept-Encoding,Accept-Encoding
      x-content-type-options:
      - nosniff
      x-powered-by:
      - ASP.NET
    status:
      code: 200
      message: OK
- request:
    body: null
    headers:
      Accept:
      - '*/*'
      Accept-Encoding:
      - gzip, deflate
      CommandName:
      - containerapp env create
      Connection:
      - keep-alive
      ParameterSetName:
      - -g -n --logs-workspace-id --logs-workspace-key
      User-Agent:
      - python/3.8.10 (Windows-10-10.0.19044-SP0) AZURECLI/2.39.0 (PIP)
    method: GET
    uri: https://management.azure.com/subscriptions/00000000-0000-0000-0000-000000000000/resourceGroups/clitest.rg000001/providers/Microsoft.App/managedEnvironments/containerapp-env000002?api-version=2022-06-01-preview
  response:
    body:
      string: '{"id":"/subscriptions/00000000-0000-0000-0000-000000000000/resourceGroups/clitest.rg000001/providers/Microsoft.App/managedEnvironments/containerapp-env000002","name":"containerapp-env000002","type":"Microsoft.App/managedEnvironments","location":"canadacentral","systemData":{"createdBy":"haroonfeisal@microsoft.com","createdByType":"User","createdAt":"2022-09-07T23:53:15.5861152","lastModifiedBy":"haroonfeisal@microsoft.com","lastModifiedByType":"User","lastModifiedAt":"2022-09-07T23:53:15.5861152"},"properties":{"provisioningState":"Waiting","defaultDomain":"greenflower-187395e1.canadacentral.azurecontainerapps.io","staticIp":"20.220.157.85","appLogsConfiguration":{"destination":"log-analytics","logAnalyticsConfiguration":{"customerId":"fb5d180c-0601-4af0-bb90-bb4214ce8549"}},"zoneRedundant":false,"useKubenet":false,"customDomainConfiguration":{"customDomainVerificationId":"99A6464610F70E526E50B6B7BECF7E0698398F28CB03C7A235D70FDF654D411E","expirationDateUtc":"0001-01-01T00:00:00"}},"sku":{"name":"Consumption"}}'
    headers:
      api-supported-versions:
      - 2022-01-01-preview, 2022-03-01, 2022-05-01, 2022-06-01-preview
      cache-control:
      - no-cache
      content-length:
      - '1025'
      content-type:
      - application/json; charset=utf-8
      date:
      - Wed, 07 Sep 2022 23:53:40 GMT
      expires:
      - '-1'
      pragma:
      - no-cache
      server:
      - Microsoft-IIS/10.0
      strict-transport-security:
      - max-age=31536000; includeSubDomains
      transfer-encoding:
      - chunked
      vary:
      - Accept-Encoding,Accept-Encoding
      x-content-type-options:
      - nosniff
      x-powered-by:
      - ASP.NET
    status:
      code: 200
      message: OK
- request:
    body: null
    headers:
      Accept:
      - '*/*'
      Accept-Encoding:
      - gzip, deflate
      CommandName:
      - containerapp env create
      Connection:
      - keep-alive
      ParameterSetName:
      - -g -n --logs-workspace-id --logs-workspace-key
      User-Agent:
      - python/3.8.10 (Windows-10-10.0.19044-SP0) AZURECLI/2.39.0 (PIP)
    method: GET
    uri: https://management.azure.com/subscriptions/00000000-0000-0000-0000-000000000000/resourceGroups/clitest.rg000001/providers/Microsoft.App/managedEnvironments/containerapp-env000002?api-version=2022-06-01-preview
  response:
    body:
      string: '{"id":"/subscriptions/00000000-0000-0000-0000-000000000000/resourceGroups/clitest.rg000001/providers/Microsoft.App/managedEnvironments/containerapp-env000002","name":"containerapp-env000002","type":"Microsoft.App/managedEnvironments","location":"canadacentral","systemData":{"createdBy":"haroonfeisal@microsoft.com","createdByType":"User","createdAt":"2022-09-07T23:53:15.5861152","lastModifiedBy":"haroonfeisal@microsoft.com","lastModifiedByType":"User","lastModifiedAt":"2022-09-07T23:53:15.5861152"},"properties":{"provisioningState":"Waiting","defaultDomain":"greenflower-187395e1.canadacentral.azurecontainerapps.io","staticIp":"20.220.157.85","appLogsConfiguration":{"destination":"log-analytics","logAnalyticsConfiguration":{"customerId":"fb5d180c-0601-4af0-bb90-bb4214ce8549"}},"zoneRedundant":false,"useKubenet":false,"customDomainConfiguration":{"customDomainVerificationId":"99A6464610F70E526E50B6B7BECF7E0698398F28CB03C7A235D70FDF654D411E","expirationDateUtc":"0001-01-01T00:00:00"}},"sku":{"name":"Consumption"}}'
    headers:
      api-supported-versions:
      - 2022-01-01-preview, 2022-03-01, 2022-05-01, 2022-06-01-preview
      cache-control:
      - no-cache
      content-length:
      - '1025'
      content-type:
      - application/json; charset=utf-8
      date:
      - Wed, 07 Sep 2022 23:53:42 GMT
      expires:
      - '-1'
      pragma:
      - no-cache
      server:
      - Microsoft-IIS/10.0
      strict-transport-security:
      - max-age=31536000; includeSubDomains
      transfer-encoding:
      - chunked
      vary:
      - Accept-Encoding,Accept-Encoding
      x-content-type-options:
      - nosniff
      x-powered-by:
      - ASP.NET
    status:
      code: 200
      message: OK
- request:
    body: null
    headers:
      Accept:
      - '*/*'
      Accept-Encoding:
      - gzip, deflate
      CommandName:
      - containerapp env create
      Connection:
      - keep-alive
      ParameterSetName:
      - -g -n --logs-workspace-id --logs-workspace-key
      User-Agent:
      - python/3.8.10 (Windows-10-10.0.19044-SP0) AZURECLI/2.39.0 (PIP)
    method: GET
    uri: https://management.azure.com/subscriptions/00000000-0000-0000-0000-000000000000/resourceGroups/clitest.rg000001/providers/Microsoft.App/managedEnvironments/containerapp-env000002?api-version=2022-06-01-preview
  response:
    body:
      string: '{"id":"/subscriptions/00000000-0000-0000-0000-000000000000/resourceGroups/clitest.rg000001/providers/Microsoft.App/managedEnvironments/containerapp-env000002","name":"containerapp-env000002","type":"Microsoft.App/managedEnvironments","location":"canadacentral","systemData":{"createdBy":"haroonfeisal@microsoft.com","createdByType":"User","createdAt":"2022-09-07T23:53:15.5861152","lastModifiedBy":"haroonfeisal@microsoft.com","lastModifiedByType":"User","lastModifiedAt":"2022-09-07T23:53:15.5861152"},"properties":{"provisioningState":"Waiting","defaultDomain":"greenflower-187395e1.canadacentral.azurecontainerapps.io","staticIp":"20.220.157.85","appLogsConfiguration":{"destination":"log-analytics","logAnalyticsConfiguration":{"customerId":"fb5d180c-0601-4af0-bb90-bb4214ce8549"}},"zoneRedundant":false,"useKubenet":false,"customDomainConfiguration":{"customDomainVerificationId":"99A6464610F70E526E50B6B7BECF7E0698398F28CB03C7A235D70FDF654D411E","expirationDateUtc":"0001-01-01T00:00:00"}},"sku":{"name":"Consumption"}}'
    headers:
      api-supported-versions:
      - 2022-01-01-preview, 2022-03-01, 2022-05-01, 2022-06-01-preview
      cache-control:
      - no-cache
      content-length:
      - '1025'
      content-type:
      - application/json; charset=utf-8
      date:
      - Wed, 07 Sep 2022 23:53:46 GMT
      expires:
      - '-1'
      pragma:
      - no-cache
      server:
      - Microsoft-IIS/10.0
      strict-transport-security:
      - max-age=31536000; includeSubDomains
      transfer-encoding:
      - chunked
      vary:
      - Accept-Encoding,Accept-Encoding
      x-content-type-options:
      - nosniff
      x-powered-by:
      - ASP.NET
    status:
      code: 200
      message: OK
- request:
    body: null
    headers:
      Accept:
      - '*/*'
      Accept-Encoding:
      - gzip, deflate
      CommandName:
      - containerapp env create
      Connection:
      - keep-alive
      ParameterSetName:
      - -g -n --logs-workspace-id --logs-workspace-key
      User-Agent:
      - python/3.8.10 (Windows-10-10.0.19044-SP0) AZURECLI/2.39.0 (PIP)
    method: GET
    uri: https://management.azure.com/subscriptions/00000000-0000-0000-0000-000000000000/resourceGroups/clitest.rg000001/providers/Microsoft.App/managedEnvironments/containerapp-env000002?api-version=2022-06-01-preview
  response:
    body:
      string: '{"id":"/subscriptions/00000000-0000-0000-0000-000000000000/resourceGroups/clitest.rg000001/providers/Microsoft.App/managedEnvironments/containerapp-env000002","name":"containerapp-env000002","type":"Microsoft.App/managedEnvironments","location":"canadacentral","systemData":{"createdBy":"haroonfeisal@microsoft.com","createdByType":"User","createdAt":"2022-09-07T23:53:15.5861152","lastModifiedBy":"haroonfeisal@microsoft.com","lastModifiedByType":"User","lastModifiedAt":"2022-09-07T23:53:15.5861152"},"properties":{"provisioningState":"Waiting","defaultDomain":"greenflower-187395e1.canadacentral.azurecontainerapps.io","staticIp":"20.220.157.85","appLogsConfiguration":{"destination":"log-analytics","logAnalyticsConfiguration":{"customerId":"fb5d180c-0601-4af0-bb90-bb4214ce8549"}},"zoneRedundant":false,"useKubenet":false,"customDomainConfiguration":{"customDomainVerificationId":"99A6464610F70E526E50B6B7BECF7E0698398F28CB03C7A235D70FDF654D411E","expirationDateUtc":"0001-01-01T00:00:00"}},"sku":{"name":"Consumption"}}'
    headers:
      api-supported-versions:
      - 2022-01-01-preview, 2022-03-01, 2022-05-01, 2022-06-01-preview
      cache-control:
      - no-cache
      content-length:
      - '1025'
      content-type:
      - application/json; charset=utf-8
      date:
      - Wed, 07 Sep 2022 23:53:48 GMT
      expires:
      - '-1'
      pragma:
      - no-cache
      server:
      - Microsoft-IIS/10.0
      strict-transport-security:
      - max-age=31536000; includeSubDomains
      transfer-encoding:
      - chunked
      vary:
      - Accept-Encoding,Accept-Encoding
      x-content-type-options:
      - nosniff
      x-powered-by:
      - ASP.NET
    status:
      code: 200
      message: OK
- request:
    body: null
    headers:
      Accept:
      - '*/*'
      Accept-Encoding:
      - gzip, deflate
      CommandName:
      - containerapp env create
      Connection:
      - keep-alive
      ParameterSetName:
      - -g -n --logs-workspace-id --logs-workspace-key
      User-Agent:
      - python/3.8.10 (Windows-10-10.0.19044-SP0) AZURECLI/2.39.0 (PIP)
    method: GET
    uri: https://management.azure.com/subscriptions/00000000-0000-0000-0000-000000000000/resourceGroups/clitest.rg000001/providers/Microsoft.App/managedEnvironments/containerapp-env000002?api-version=2022-06-01-preview
  response:
    body:
      string: '{"id":"/subscriptions/00000000-0000-0000-0000-000000000000/resourceGroups/clitest.rg000001/providers/Microsoft.App/managedEnvironments/containerapp-env000002","name":"containerapp-env000002","type":"Microsoft.App/managedEnvironments","location":"canadacentral","systemData":{"createdBy":"haroonfeisal@microsoft.com","createdByType":"User","createdAt":"2022-09-07T23:53:15.5861152","lastModifiedBy":"haroonfeisal@microsoft.com","lastModifiedByType":"User","lastModifiedAt":"2022-09-07T23:53:15.5861152"},"properties":{"provisioningState":"Waiting","defaultDomain":"greenflower-187395e1.canadacentral.azurecontainerapps.io","staticIp":"20.220.157.85","appLogsConfiguration":{"destination":"log-analytics","logAnalyticsConfiguration":{"customerId":"fb5d180c-0601-4af0-bb90-bb4214ce8549"}},"zoneRedundant":false,"useKubenet":false,"customDomainConfiguration":{"customDomainVerificationId":"99A6464610F70E526E50B6B7BECF7E0698398F28CB03C7A235D70FDF654D411E","expirationDateUtc":"0001-01-01T00:00:00"}},"sku":{"name":"Consumption"}}'
    headers:
      api-supported-versions:
      - 2022-01-01-preview, 2022-03-01, 2022-05-01, 2022-06-01-preview
      cache-control:
      - no-cache
      content-length:
      - '1025'
      content-type:
      - application/json; charset=utf-8
      date:
      - Wed, 07 Sep 2022 23:53:51 GMT
      expires:
      - '-1'
      pragma:
      - no-cache
      server:
      - Microsoft-IIS/10.0
      strict-transport-security:
      - max-age=31536000; includeSubDomains
      transfer-encoding:
      - chunked
      vary:
      - Accept-Encoding,Accept-Encoding
      x-content-type-options:
      - nosniff
      x-powered-by:
      - ASP.NET
    status:
      code: 200
      message: OK
- request:
    body: null
    headers:
      Accept:
      - '*/*'
      Accept-Encoding:
      - gzip, deflate
      CommandName:
      - containerapp env create
      Connection:
      - keep-alive
      ParameterSetName:
      - -g -n --logs-workspace-id --logs-workspace-key
      User-Agent:
      - python/3.8.10 (Windows-10-10.0.19044-SP0) AZURECLI/2.39.0 (PIP)
    method: GET
    uri: https://management.azure.com/subscriptions/00000000-0000-0000-0000-000000000000/resourceGroups/clitest.rg000001/providers/Microsoft.App/managedEnvironments/containerapp-env000002?api-version=2022-06-01-preview
  response:
    body:
      string: '{"id":"/subscriptions/00000000-0000-0000-0000-000000000000/resourceGroups/clitest.rg000001/providers/Microsoft.App/managedEnvironments/containerapp-env000002","name":"containerapp-env000002","type":"Microsoft.App/managedEnvironments","location":"canadacentral","systemData":{"createdBy":"haroonfeisal@microsoft.com","createdByType":"User","createdAt":"2022-09-07T23:53:15.5861152","lastModifiedBy":"haroonfeisal@microsoft.com","lastModifiedByType":"User","lastModifiedAt":"2022-09-07T23:53:15.5861152"},"properties":{"provisioningState":"Waiting","defaultDomain":"greenflower-187395e1.canadacentral.azurecontainerapps.io","staticIp":"20.220.157.85","appLogsConfiguration":{"destination":"log-analytics","logAnalyticsConfiguration":{"customerId":"fb5d180c-0601-4af0-bb90-bb4214ce8549"}},"zoneRedundant":false,"useKubenet":false,"customDomainConfiguration":{"customDomainVerificationId":"99A6464610F70E526E50B6B7BECF7E0698398F28CB03C7A235D70FDF654D411E","expirationDateUtc":"0001-01-01T00:00:00"}},"sku":{"name":"Consumption"}}'
    headers:
      api-supported-versions:
      - 2022-01-01-preview, 2022-03-01, 2022-05-01, 2022-06-01-preview
      cache-control:
      - no-cache
      content-length:
      - '1025'
      content-type:
      - application/json; charset=utf-8
      date:
      - Wed, 07 Sep 2022 23:53:54 GMT
      expires:
      - '-1'
      pragma:
      - no-cache
      server:
      - Microsoft-IIS/10.0
      strict-transport-security:
      - max-age=31536000; includeSubDomains
      transfer-encoding:
      - chunked
      vary:
      - Accept-Encoding,Accept-Encoding
      x-content-type-options:
      - nosniff
      x-powered-by:
      - ASP.NET
    status:
      code: 200
      message: OK
- request:
    body: null
    headers:
      Accept:
      - '*/*'
      Accept-Encoding:
      - gzip, deflate
      CommandName:
      - containerapp env create
      Connection:
      - keep-alive
      ParameterSetName:
      - -g -n --logs-workspace-id --logs-workspace-key
      User-Agent:
      - python/3.8.10 (Windows-10-10.0.19044-SP0) AZURECLI/2.39.0 (PIP)
    method: GET
    uri: https://management.azure.com/subscriptions/00000000-0000-0000-0000-000000000000/resourceGroups/clitest.rg000001/providers/Microsoft.App/managedEnvironments/containerapp-env000002?api-version=2022-06-01-preview
  response:
    body:
      string: '{"id":"/subscriptions/00000000-0000-0000-0000-000000000000/resourceGroups/clitest.rg000001/providers/Microsoft.App/managedEnvironments/containerapp-env000002","name":"containerapp-env000002","type":"Microsoft.App/managedEnvironments","location":"canadacentral","systemData":{"createdBy":"haroonfeisal@microsoft.com","createdByType":"User","createdAt":"2022-09-07T23:53:15.5861152","lastModifiedBy":"haroonfeisal@microsoft.com","lastModifiedByType":"User","lastModifiedAt":"2022-09-07T23:53:15.5861152"},"properties":{"provisioningState":"Waiting","defaultDomain":"greenflower-187395e1.canadacentral.azurecontainerapps.io","staticIp":"20.220.157.85","appLogsConfiguration":{"destination":"log-analytics","logAnalyticsConfiguration":{"customerId":"fb5d180c-0601-4af0-bb90-bb4214ce8549"}},"zoneRedundant":false,"useKubenet":false,"customDomainConfiguration":{"customDomainVerificationId":"99A6464610F70E526E50B6B7BECF7E0698398F28CB03C7A235D70FDF654D411E","expirationDateUtc":"0001-01-01T00:00:00"}},"sku":{"name":"Consumption"}}'
    headers:
      api-supported-versions:
      - 2022-01-01-preview, 2022-03-01, 2022-05-01, 2022-06-01-preview
      cache-control:
      - no-cache
      content-length:
      - '1025'
      content-type:
      - application/json; charset=utf-8
      date:
      - Wed, 07 Sep 2022 23:53:57 GMT
      expires:
      - '-1'
      pragma:
      - no-cache
      server:
      - Microsoft-IIS/10.0
      strict-transport-security:
      - max-age=31536000; includeSubDomains
      transfer-encoding:
      - chunked
      vary:
      - Accept-Encoding,Accept-Encoding
      x-content-type-options:
      - nosniff
      x-powered-by:
      - ASP.NET
    status:
      code: 200
      message: OK
- request:
    body: null
    headers:
      Accept:
      - '*/*'
      Accept-Encoding:
      - gzip, deflate
      CommandName:
      - containerapp env create
      Connection:
      - keep-alive
      ParameterSetName:
      - -g -n --logs-workspace-id --logs-workspace-key
      User-Agent:
      - python/3.8.10 (Windows-10-10.0.19044-SP0) AZURECLI/2.39.0 (PIP)
    method: GET
    uri: https://management.azure.com/subscriptions/00000000-0000-0000-0000-000000000000/resourceGroups/clitest.rg000001/providers/Microsoft.App/managedEnvironments/containerapp-env000002?api-version=2022-06-01-preview
  response:
    body:
      string: '{"id":"/subscriptions/00000000-0000-0000-0000-000000000000/resourceGroups/clitest.rg000001/providers/Microsoft.App/managedEnvironments/containerapp-env000002","name":"containerapp-env000002","type":"Microsoft.App/managedEnvironments","location":"canadacentral","systemData":{"createdBy":"haroonfeisal@microsoft.com","createdByType":"User","createdAt":"2022-09-07T23:53:15.5861152","lastModifiedBy":"haroonfeisal@microsoft.com","lastModifiedByType":"User","lastModifiedAt":"2022-09-07T23:53:15.5861152"},"properties":{"provisioningState":"Waiting","defaultDomain":"greenflower-187395e1.canadacentral.azurecontainerapps.io","staticIp":"20.220.157.85","appLogsConfiguration":{"destination":"log-analytics","logAnalyticsConfiguration":{"customerId":"fb5d180c-0601-4af0-bb90-bb4214ce8549"}},"zoneRedundant":false,"useKubenet":false,"customDomainConfiguration":{"customDomainVerificationId":"99A6464610F70E526E50B6B7BECF7E0698398F28CB03C7A235D70FDF654D411E","expirationDateUtc":"0001-01-01T00:00:00"}},"sku":{"name":"Consumption"}}'
    headers:
      api-supported-versions:
      - 2022-01-01-preview, 2022-03-01, 2022-05-01, 2022-06-01-preview
      cache-control:
      - no-cache
      content-length:
      - '1025'
      content-type:
      - application/json; charset=utf-8
      date:
      - Wed, 07 Sep 2022 23:54:00 GMT
      expires:
      - '-1'
      pragma:
      - no-cache
      server:
      - Microsoft-IIS/10.0
      strict-transport-security:
      - max-age=31536000; includeSubDomains
      transfer-encoding:
      - chunked
      vary:
      - Accept-Encoding,Accept-Encoding
      x-content-type-options:
      - nosniff
      x-powered-by:
      - ASP.NET
    status:
      code: 200
      message: OK
- request:
    body: null
    headers:
      Accept:
      - '*/*'
      Accept-Encoding:
      - gzip, deflate
      CommandName:
      - containerapp env create
      Connection:
      - keep-alive
      ParameterSetName:
      - -g -n --logs-workspace-id --logs-workspace-key
      User-Agent:
      - python/3.8.10 (Windows-10-10.0.19044-SP0) AZURECLI/2.39.0 (PIP)
    method: GET
    uri: https://management.azure.com/subscriptions/00000000-0000-0000-0000-000000000000/resourceGroups/clitest.rg000001/providers/Microsoft.App/managedEnvironments/containerapp-env000002?api-version=2022-06-01-preview
  response:
    body:
      string: '{"id":"/subscriptions/00000000-0000-0000-0000-000000000000/resourceGroups/clitest.rg000001/providers/Microsoft.App/managedEnvironments/containerapp-env000002","name":"containerapp-env000002","type":"Microsoft.App/managedEnvironments","location":"canadacentral","systemData":{"createdBy":"haroonfeisal@microsoft.com","createdByType":"User","createdAt":"2022-09-07T23:53:15.5861152","lastModifiedBy":"haroonfeisal@microsoft.com","lastModifiedByType":"User","lastModifiedAt":"2022-09-07T23:53:15.5861152"},"properties":{"provisioningState":"Waiting","defaultDomain":"greenflower-187395e1.canadacentral.azurecontainerapps.io","staticIp":"20.220.157.85","appLogsConfiguration":{"destination":"log-analytics","logAnalyticsConfiguration":{"customerId":"fb5d180c-0601-4af0-bb90-bb4214ce8549"}},"zoneRedundant":false,"useKubenet":false,"customDomainConfiguration":{"customDomainVerificationId":"99A6464610F70E526E50B6B7BECF7E0698398F28CB03C7A235D70FDF654D411E","expirationDateUtc":"0001-01-01T00:00:00"}},"sku":{"name":"Consumption"}}'
    headers:
      api-supported-versions:
      - 2022-01-01-preview, 2022-03-01, 2022-05-01, 2022-06-01-preview
      cache-control:
      - no-cache
      content-length:
      - '1025'
      content-type:
      - application/json; charset=utf-8
      date:
      - Wed, 07 Sep 2022 23:54:02 GMT
      expires:
      - '-1'
      pragma:
      - no-cache
      server:
      - Microsoft-IIS/10.0
      strict-transport-security:
      - max-age=31536000; includeSubDomains
      transfer-encoding:
      - chunked
      vary:
      - Accept-Encoding,Accept-Encoding
      x-content-type-options:
      - nosniff
      x-powered-by:
      - ASP.NET
    status:
      code: 200
      message: OK
- request:
    body: null
    headers:
      Accept:
      - '*/*'
      Accept-Encoding:
      - gzip, deflate
      CommandName:
      - containerapp env create
      Connection:
      - keep-alive
      ParameterSetName:
      - -g -n --logs-workspace-id --logs-workspace-key
      User-Agent:
      - python/3.8.10 (Windows-10-10.0.19044-SP0) AZURECLI/2.39.0 (PIP)
    method: GET
    uri: https://management.azure.com/subscriptions/00000000-0000-0000-0000-000000000000/resourceGroups/clitest.rg000001/providers/Microsoft.App/managedEnvironments/containerapp-env000002?api-version=2022-06-01-preview
  response:
    body:
      string: '{"id":"/subscriptions/00000000-0000-0000-0000-000000000000/resourceGroups/clitest.rg000001/providers/Microsoft.App/managedEnvironments/containerapp-env000002","name":"containerapp-env000002","type":"Microsoft.App/managedEnvironments","location":"canadacentral","systemData":{"createdBy":"haroonfeisal@microsoft.com","createdByType":"User","createdAt":"2022-09-07T23:53:15.5861152","lastModifiedBy":"haroonfeisal@microsoft.com","lastModifiedByType":"User","lastModifiedAt":"2022-09-07T23:53:15.5861152"},"properties":{"provisioningState":"Waiting","defaultDomain":"greenflower-187395e1.canadacentral.azurecontainerapps.io","staticIp":"20.220.157.85","appLogsConfiguration":{"destination":"log-analytics","logAnalyticsConfiguration":{"customerId":"fb5d180c-0601-4af0-bb90-bb4214ce8549"}},"zoneRedundant":false,"useKubenet":false,"customDomainConfiguration":{"customDomainVerificationId":"99A6464610F70E526E50B6B7BECF7E0698398F28CB03C7A235D70FDF654D411E","expirationDateUtc":"0001-01-01T00:00:00"}},"sku":{"name":"Consumption"}}'
    headers:
      api-supported-versions:
      - 2022-01-01-preview, 2022-03-01, 2022-05-01, 2022-06-01-preview
      cache-control:
      - no-cache
      content-length:
      - '1025'
      content-type:
      - application/json; charset=utf-8
      date:
      - Wed, 07 Sep 2022 23:54:05 GMT
      expires:
      - '-1'
      pragma:
      - no-cache
      server:
      - Microsoft-IIS/10.0
      strict-transport-security:
      - max-age=31536000; includeSubDomains
      transfer-encoding:
      - chunked
      vary:
      - Accept-Encoding,Accept-Encoding
      x-content-type-options:
      - nosniff
      x-powered-by:
      - ASP.NET
    status:
      code: 200
      message: OK
- request:
    body: null
    headers:
      Accept:
      - '*/*'
      Accept-Encoding:
      - gzip, deflate
      CommandName:
      - containerapp env create
      Connection:
      - keep-alive
      ParameterSetName:
      - -g -n --logs-workspace-id --logs-workspace-key
      User-Agent:
      - python/3.8.10 (Windows-10-10.0.19044-SP0) AZURECLI/2.39.0 (PIP)
    method: GET
    uri: https://management.azure.com/subscriptions/00000000-0000-0000-0000-000000000000/resourceGroups/clitest.rg000001/providers/Microsoft.App/managedEnvironments/containerapp-env000002?api-version=2022-06-01-preview
  response:
    body:
      string: '{"id":"/subscriptions/00000000-0000-0000-0000-000000000000/resourceGroups/clitest.rg000001/providers/Microsoft.App/managedEnvironments/containerapp-env000002","name":"containerapp-env000002","type":"Microsoft.App/managedEnvironments","location":"canadacentral","systemData":{"createdBy":"haroonfeisal@microsoft.com","createdByType":"User","createdAt":"2022-09-07T23:53:15.5861152","lastModifiedBy":"haroonfeisal@microsoft.com","lastModifiedByType":"User","lastModifiedAt":"2022-09-07T23:53:15.5861152"},"properties":{"provisioningState":"Waiting","defaultDomain":"greenflower-187395e1.canadacentral.azurecontainerapps.io","staticIp":"20.220.157.85","appLogsConfiguration":{"destination":"log-analytics","logAnalyticsConfiguration":{"customerId":"fb5d180c-0601-4af0-bb90-bb4214ce8549"}},"zoneRedundant":false,"useKubenet":false,"customDomainConfiguration":{"customDomainVerificationId":"99A6464610F70E526E50B6B7BECF7E0698398F28CB03C7A235D70FDF654D411E","expirationDateUtc":"0001-01-01T00:00:00"}},"sku":{"name":"Consumption"}}'
    headers:
      api-supported-versions:
      - 2022-01-01-preview, 2022-03-01, 2022-05-01, 2022-06-01-preview
      cache-control:
      - no-cache
      content-length:
      - '1025'
      content-type:
      - application/json; charset=utf-8
      date:
      - Wed, 07 Sep 2022 23:54:07 GMT
      expires:
      - '-1'
      pragma:
      - no-cache
      server:
      - Microsoft-IIS/10.0
      strict-transport-security:
      - max-age=31536000; includeSubDomains
      transfer-encoding:
      - chunked
      vary:
      - Accept-Encoding,Accept-Encoding
      x-content-type-options:
      - nosniff
      x-powered-by:
      - ASP.NET
    status:
      code: 200
      message: OK
- request:
    body: null
    headers:
      Accept:
      - '*/*'
      Accept-Encoding:
      - gzip, deflate
      CommandName:
      - containerapp env create
      Connection:
      - keep-alive
      ParameterSetName:
      - -g -n --logs-workspace-id --logs-workspace-key
      User-Agent:
      - python/3.8.10 (Windows-10-10.0.19044-SP0) AZURECLI/2.39.0 (PIP)
    method: GET
    uri: https://management.azure.com/subscriptions/00000000-0000-0000-0000-000000000000/resourceGroups/clitest.rg000001/providers/Microsoft.App/managedEnvironments/containerapp-env000002?api-version=2022-06-01-preview
  response:
    body:
      string: '{"id":"/subscriptions/00000000-0000-0000-0000-000000000000/resourceGroups/clitest.rg000001/providers/Microsoft.App/managedEnvironments/containerapp-env000002","name":"containerapp-env000002","type":"Microsoft.App/managedEnvironments","location":"canadacentral","systemData":{"createdBy":"haroonfeisal@microsoft.com","createdByType":"User","createdAt":"2022-09-07T23:53:15.5861152","lastModifiedBy":"haroonfeisal@microsoft.com","lastModifiedByType":"User","lastModifiedAt":"2022-09-07T23:53:15.5861152"},"properties":{"provisioningState":"Waiting","defaultDomain":"greenflower-187395e1.canadacentral.azurecontainerapps.io","staticIp":"20.220.157.85","appLogsConfiguration":{"destination":"log-analytics","logAnalyticsConfiguration":{"customerId":"fb5d180c-0601-4af0-bb90-bb4214ce8549"}},"zoneRedundant":false,"useKubenet":false,"customDomainConfiguration":{"customDomainVerificationId":"99A6464610F70E526E50B6B7BECF7E0698398F28CB03C7A235D70FDF654D411E","expirationDateUtc":"0001-01-01T00:00:00"}},"sku":{"name":"Consumption"}}'
    headers:
      api-supported-versions:
      - 2022-01-01-preview, 2022-03-01, 2022-05-01, 2022-06-01-preview
      cache-control:
      - no-cache
      content-length:
      - '1025'
      content-type:
      - application/json; charset=utf-8
      date:
      - Wed, 07 Sep 2022 23:54:10 GMT
      expires:
      - '-1'
      pragma:
      - no-cache
      server:
      - Microsoft-IIS/10.0
      strict-transport-security:
      - max-age=31536000; includeSubDomains
      transfer-encoding:
      - chunked
      vary:
      - Accept-Encoding,Accept-Encoding
      x-content-type-options:
      - nosniff
      x-powered-by:
      - ASP.NET
    status:
      code: 200
      message: OK
- request:
    body: null
    headers:
      Accept:
      - '*/*'
      Accept-Encoding:
      - gzip, deflate
      CommandName:
      - containerapp env create
      Connection:
      - keep-alive
      ParameterSetName:
      - -g -n --logs-workspace-id --logs-workspace-key
      User-Agent:
      - python/3.8.10 (Windows-10-10.0.19044-SP0) AZURECLI/2.39.0 (PIP)
    method: GET
    uri: https://management.azure.com/subscriptions/00000000-0000-0000-0000-000000000000/resourceGroups/clitest.rg000001/providers/Microsoft.App/managedEnvironments/containerapp-env000002?api-version=2022-06-01-preview
  response:
    body:
      string: '{"id":"/subscriptions/00000000-0000-0000-0000-000000000000/resourceGroups/clitest.rg000001/providers/Microsoft.App/managedEnvironments/containerapp-env000002","name":"containerapp-env000002","type":"Microsoft.App/managedEnvironments","location":"canadacentral","systemData":{"createdBy":"haroonfeisal@microsoft.com","createdByType":"User","createdAt":"2022-09-07T23:53:15.5861152","lastModifiedBy":"haroonfeisal@microsoft.com","lastModifiedByType":"User","lastModifiedAt":"2022-09-07T23:53:15.5861152"},"properties":{"provisioningState":"Waiting","defaultDomain":"greenflower-187395e1.canadacentral.azurecontainerapps.io","staticIp":"20.220.157.85","appLogsConfiguration":{"destination":"log-analytics","logAnalyticsConfiguration":{"customerId":"fb5d180c-0601-4af0-bb90-bb4214ce8549"}},"zoneRedundant":false,"useKubenet":false,"customDomainConfiguration":{"customDomainVerificationId":"99A6464610F70E526E50B6B7BECF7E0698398F28CB03C7A235D70FDF654D411E","expirationDateUtc":"0001-01-01T00:00:00"}},"sku":{"name":"Consumption"}}'
    headers:
      api-supported-versions:
      - 2022-01-01-preview, 2022-03-01, 2022-05-01, 2022-06-01-preview
      cache-control:
      - no-cache
      content-length:
      - '1025'
      content-type:
      - application/json; charset=utf-8
      date:
      - Wed, 07 Sep 2022 23:54:13 GMT
      expires:
      - '-1'
      pragma:
      - no-cache
      server:
      - Microsoft-IIS/10.0
      strict-transport-security:
      - max-age=31536000; includeSubDomains
      transfer-encoding:
      - chunked
      vary:
      - Accept-Encoding,Accept-Encoding
      x-content-type-options:
      - nosniff
      x-powered-by:
      - ASP.NET
    status:
      code: 200
      message: OK
- request:
    body: null
    headers:
      Accept:
      - '*/*'
      Accept-Encoding:
      - gzip, deflate
      CommandName:
      - containerapp env create
      Connection:
      - keep-alive
      ParameterSetName:
      - -g -n --logs-workspace-id --logs-workspace-key
      User-Agent:
      - python/3.8.10 (Windows-10-10.0.19044-SP0) AZURECLI/2.39.0 (PIP)
    method: GET
    uri: https://management.azure.com/subscriptions/00000000-0000-0000-0000-000000000000/resourceGroups/clitest.rg000001/providers/Microsoft.App/managedEnvironments/containerapp-env000002?api-version=2022-06-01-preview
  response:
    body:
      string: '{"id":"/subscriptions/00000000-0000-0000-0000-000000000000/resourceGroups/clitest.rg000001/providers/Microsoft.App/managedEnvironments/containerapp-env000002","name":"containerapp-env000002","type":"Microsoft.App/managedEnvironments","location":"canadacentral","systemData":{"createdBy":"haroonfeisal@microsoft.com","createdByType":"User","createdAt":"2022-09-07T23:53:15.5861152","lastModifiedBy":"haroonfeisal@microsoft.com","lastModifiedByType":"User","lastModifiedAt":"2022-09-07T23:53:15.5861152"},"properties":{"provisioningState":"Waiting","defaultDomain":"greenflower-187395e1.canadacentral.azurecontainerapps.io","staticIp":"20.220.157.85","appLogsConfiguration":{"destination":"log-analytics","logAnalyticsConfiguration":{"customerId":"fb5d180c-0601-4af0-bb90-bb4214ce8549"}},"zoneRedundant":false,"useKubenet":false,"customDomainConfiguration":{"customDomainVerificationId":"99A6464610F70E526E50B6B7BECF7E0698398F28CB03C7A235D70FDF654D411E","expirationDateUtc":"0001-01-01T00:00:00"}},"sku":{"name":"Consumption"}}'
    headers:
      api-supported-versions:
      - 2022-01-01-preview, 2022-03-01, 2022-05-01, 2022-06-01-preview
      cache-control:
      - no-cache
      content-length:
      - '1025'
      content-type:
      - application/json; charset=utf-8
      date:
      - Wed, 07 Sep 2022 23:54:15 GMT
      expires:
      - '-1'
      pragma:
      - no-cache
      server:
      - Microsoft-IIS/10.0
      strict-transport-security:
      - max-age=31536000; includeSubDomains
      transfer-encoding:
      - chunked
      vary:
      - Accept-Encoding,Accept-Encoding
      x-content-type-options:
      - nosniff
      x-powered-by:
      - ASP.NET
    status:
      code: 200
      message: OK
- request:
    body: null
    headers:
      Accept:
      - '*/*'
      Accept-Encoding:
      - gzip, deflate
      CommandName:
      - containerapp env create
      Connection:
      - keep-alive
      ParameterSetName:
      - -g -n --logs-workspace-id --logs-workspace-key
      User-Agent:
      - python/3.8.10 (Windows-10-10.0.19044-SP0) AZURECLI/2.39.0 (PIP)
    method: GET
    uri: https://management.azure.com/subscriptions/00000000-0000-0000-0000-000000000000/resourceGroups/clitest.rg000001/providers/Microsoft.App/managedEnvironments/containerapp-env000002?api-version=2022-06-01-preview
  response:
    body:
      string: '{"id":"/subscriptions/00000000-0000-0000-0000-000000000000/resourceGroups/clitest.rg000001/providers/Microsoft.App/managedEnvironments/containerapp-env000002","name":"containerapp-env000002","type":"Microsoft.App/managedEnvironments","location":"canadacentral","systemData":{"createdBy":"haroonfeisal@microsoft.com","createdByType":"User","createdAt":"2022-09-07T23:53:15.5861152","lastModifiedBy":"haroonfeisal@microsoft.com","lastModifiedByType":"User","lastModifiedAt":"2022-09-07T23:53:15.5861152"},"properties":{"provisioningState":"Waiting","defaultDomain":"greenflower-187395e1.canadacentral.azurecontainerapps.io","staticIp":"20.220.157.85","appLogsConfiguration":{"destination":"log-analytics","logAnalyticsConfiguration":{"customerId":"fb5d180c-0601-4af0-bb90-bb4214ce8549"}},"zoneRedundant":false,"useKubenet":false,"customDomainConfiguration":{"customDomainVerificationId":"99A6464610F70E526E50B6B7BECF7E0698398F28CB03C7A235D70FDF654D411E","expirationDateUtc":"0001-01-01T00:00:00"}},"sku":{"name":"Consumption"}}'
    headers:
      api-supported-versions:
      - 2022-01-01-preview, 2022-03-01, 2022-05-01, 2022-06-01-preview
      cache-control:
      - no-cache
      content-length:
      - '1025'
      content-type:
      - application/json; charset=utf-8
      date:
      - Wed, 07 Sep 2022 23:54:18 GMT
      expires:
      - '-1'
      pragma:
      - no-cache
      server:
      - Microsoft-IIS/10.0
      strict-transport-security:
      - max-age=31536000; includeSubDomains
      transfer-encoding:
      - chunked
      vary:
      - Accept-Encoding,Accept-Encoding
      x-content-type-options:
      - nosniff
      x-powered-by:
      - ASP.NET
    status:
      code: 200
      message: OK
- request:
    body: null
    headers:
      Accept:
      - '*/*'
      Accept-Encoding:
      - gzip, deflate
      CommandName:
      - containerapp env create
      Connection:
      - keep-alive
      ParameterSetName:
      - -g -n --logs-workspace-id --logs-workspace-key
      User-Agent:
      - python/3.8.10 (Windows-10-10.0.19044-SP0) AZURECLI/2.39.0 (PIP)
    method: GET
    uri: https://management.azure.com/subscriptions/00000000-0000-0000-0000-000000000000/resourceGroups/clitest.rg000001/providers/Microsoft.App/managedEnvironments/containerapp-env000002?api-version=2022-06-01-preview
  response:
    body:
      string: '{"id":"/subscriptions/00000000-0000-0000-0000-000000000000/resourceGroups/clitest.rg000001/providers/Microsoft.App/managedEnvironments/containerapp-env000002","name":"containerapp-env000002","type":"Microsoft.App/managedEnvironments","location":"canadacentral","systemData":{"createdBy":"haroonfeisal@microsoft.com","createdByType":"User","createdAt":"2022-09-07T23:53:15.5861152","lastModifiedBy":"haroonfeisal@microsoft.com","lastModifiedByType":"User","lastModifiedAt":"2022-09-07T23:53:15.5861152"},"properties":{"provisioningState":"Succeeded","defaultDomain":"greenflower-187395e1.canadacentral.azurecontainerapps.io","staticIp":"20.220.157.85","appLogsConfiguration":{"destination":"log-analytics","logAnalyticsConfiguration":{"customerId":"fb5d180c-0601-4af0-bb90-bb4214ce8549"}},"zoneRedundant":false,"useKubenet":false,"customDomainConfiguration":{"customDomainVerificationId":"99A6464610F70E526E50B6B7BECF7E0698398F28CB03C7A235D70FDF654D411E","expirationDateUtc":"0001-01-01T00:00:00"}},"sku":{"name":"Consumption"}}'
    headers:
      api-supported-versions:
      - 2022-01-01-preview, 2022-03-01, 2022-05-01, 2022-06-01-preview
      cache-control:
      - no-cache
      content-length:
      - '1027'
      content-type:
      - application/json; charset=utf-8
      date:
      - Wed, 07 Sep 2022 23:54:21 GMT
      expires:
      - '-1'
      pragma:
      - no-cache
      server:
      - Microsoft-IIS/10.0
      strict-transport-security:
      - max-age=31536000; includeSubDomains
      transfer-encoding:
      - chunked
      vary:
      - Accept-Encoding,Accept-Encoding
      x-content-type-options:
      - nosniff
      x-powered-by:
      - ASP.NET
    status:
      code: 200
      message: OK
- request:
    body: null
    headers:
      Accept:
      - application/json
      Accept-Encoding:
      - gzip, deflate
      CommandName:
      - containerapp env show
      Connection:
      - keep-alive
      ParameterSetName:
      - -g -n
      User-Agent:
      - AZURECLI/2.39.0 (PIP) azsdk-python-azure-mgmt-resource/21.1.0b1 Python/3.8.10
        (Windows-10-10.0.19044-SP0)
    method: GET
    uri: https://management.azure.com/subscriptions/00000000-0000-0000-0000-000000000000/providers/Microsoft.App?api-version=2021-04-01
  response:
    body:
      string: '{"id":"/subscriptions/00000000-0000-0000-0000-000000000000/providers/Microsoft.App","namespace":"Microsoft.App","authorizations":[{"applicationId":"7e3bc4fd-85a3-4192-b177-5b8bfc87f42c","roleDefinitionId":"39a74f72-b40f-4bdc-b639-562fe2260bf0"},{"applicationId":"3734c1a4-2bed-4998-a37a-ff1a9e7bf019","roleDefinitionId":"5c779a4f-5cb2-4547-8c41-478d9be8ba90"}],"resourceTypes":[{"resourceType":"managedEnvironments","locations":["North
        Central US (Stage)","Canada Central","West Europe","North Europe","East US","East
        US 2","East Asia","Australia East","Germany West Central","Japan East","UK
        South","West US","Central US","North Central US","South Central US","Korea
        Central","Brazil South","Central US EUAP","East US 2 EUAP","West US 3","France
        Central","South Africa North","Norway East"],"apiVersions":["2022-06-01-preview","2022-03-01","2022-01-01-preview"],"capabilities":"CrossResourceGroupResourceMove,
        CrossSubscriptionResourceMove, SupportsTags, SupportsLocation"},{"resourceType":"managedEnvironments/certificates","locations":["North
        Central US (Stage)","Canada Central","West Europe","North Europe","East US","East
        US 2","East Asia","Australia East","Germany West Central","Japan East","UK
        South","West US","Central US","North Central US","South Central US","Korea
        Central","Brazil South","Central US EUAP","East US 2 EUAP","West US 3","France
        Central","South Africa North","Norway East"],"apiVersions":["2022-06-01-preview","2022-03-01","2022-01-01-preview"],"capabilities":"CrossResourceGroupResourceMove,
        CrossSubscriptionResourceMove, SupportsTags, SupportsLocation"},{"resourceType":"containerApps","locations":["North
        Central US (Stage)","Canada Central","West Europe","North Europe","East US","East
        US 2","East Asia","Australia East","Germany West Central","Japan East","UK
        South","West US","Central US","North Central US","South Central US","Korea
        Central","Brazil South","Central US EUAP","East US 2 EUAP","West US 3","France
        Central","South Africa North","Norway East"],"apiVersions":["2022-06-01-preview","2022-03-01","2022-01-01-preview"],"capabilities":"CrossResourceGroupResourceMove,
        CrossSubscriptionResourceMove, SystemAssignedResourceIdentity, SupportsTags,
        SupportsLocation"},{"resourceType":"locations","locations":[],"apiVersions":["2022-06-01-preview","2022-03-01","2022-01-01-preview"],"capabilities":"None"},{"resourceType":"locations/managedEnvironmentOperationResults","locations":["North
        Central US (Stage)","Canada Central","West Europe","North Europe","East US","East
        US 2","East Asia","Australia East","Germany West Central","Japan East","UK
        South","West US","Central US","North Central US","South Central US","Korea
        Central","Brazil South","Central US EUAP","East US 2 EUAP","West US 3","France
        Central","South Africa North","Norway East"],"apiVersions":["2022-06-01-preview","2022-03-01","2022-01-01-preview"],"capabilities":"None"},{"resourceType":"locations/managedEnvironmentOperationStatuses","locations":["North
        Central US (Stage)","Canada Central","West Europe","North Europe","East US","East
        US 2","East Asia","Australia East","Germany West Central","Japan East","UK
        South","West US","Central US","North Central US","South Central US","Korea
        Central","Brazil South","Central US EUAP","East US 2 EUAP","West US 3","France
        Central","South Africa North","Norway East"],"apiVersions":["2022-06-01-preview","2022-03-01","2022-01-01-preview"],"capabilities":"None"},{"resourceType":"locations/containerappOperationResults","locations":["North
        Central US (Stage)","Canada Central","West Europe","North Europe","East US","East
        US 2","East Asia","Australia East","Germany West Central","Japan East","UK
        South","West US","Central US","North Central US","South Central US","Korea
        Central","Brazil South","Central US EUAP","East US 2 EUAP","West US 3","France
        Central","South Africa North","Norway East"],"apiVersions":["2022-06-01-preview","2022-03-01","2022-01-01-preview"],"capabilities":"None"},{"resourceType":"locations/containerappOperationStatuses","locations":["North
        Central US (Stage)","Canada Central","West Europe","North Europe","East US","East
        US 2","East Asia","Australia East","Germany West Central","Japan East","UK
        South","West US","Central US","North Central US","South Central US","Korea
        Central","Brazil South","Central US EUAP","East US 2 EUAP","West US 3","France
        Central","South Africa North","Norway East"],"apiVersions":["2022-06-01-preview","2022-03-01","2022-01-01-preview"],"capabilities":"None"},{"resourceType":"operations","locations":["North
        Central US (Stage)","Central US EUAP","East US 2 EUAP","Canada Central","West
        Europe","North Europe","East US","East US 2","East Asia","Australia East","Germany
        West Central","Japan East","UK South","West US","Central US","North Central
        US","South Central US","Korea Central","Brazil South","West US 3","France
        Central","South Africa North","Norway East"],"apiVersions":["2022-06-01-preview","2022-03-01","2022-01-01-preview"],"capabilities":"None"},{"resourceType":"connectedEnvironments","locations":["North
        Central US (Stage)","Central US EUAP","East US 2 EUAP"],"apiVersions":["2022-06-01-preview"],"capabilities":"CrossResourceGroupResourceMove,
        CrossSubscriptionResourceMove, SupportsTags, SupportsLocation"},{"resourceType":"connectedEnvironments/certificates","locations":["North
        Central US (Stage)","Central US EUAP","East US 2 EUAP"],"apiVersions":["2022-06-01-preview"],"capabilities":"CrossResourceGroupResourceMove,
        CrossSubscriptionResourceMove, SupportsTags, SupportsLocation"},{"resourceType":"locations/connectedEnvironmentOperationResults","locations":["North
        Central US (Stage)","Central US EUAP","East US 2 EUAP"],"apiVersions":["2022-06-01-preview"],"capabilities":"None"},{"resourceType":"locations/connectedEnvironmentOperationStatuses","locations":["North
        Central US (Stage)","Central US EUAP","East US 2 EUAP"],"apiVersions":["2022-06-01-preview"],"capabilities":"None"}],"registrationState":"Registered","registrationPolicy":"RegistrationRequired"}'
    headers:
      cache-control:
      - no-cache
      content-length:
      - '5990'
      content-type:
      - application/json; charset=utf-8
      date:
      - Wed, 07 Sep 2022 23:54:22 GMT
      expires:
      - '-1'
      pragma:
      - no-cache
      strict-transport-security:
      - max-age=31536000; includeSubDomains
      vary:
      - Accept-Encoding
      x-content-type-options:
      - nosniff
    status:
      code: 200
      message: OK
- request:
    body: null
    headers:
      Accept:
      - '*/*'
      Accept-Encoding:
      - gzip, deflate
      CommandName:
      - containerapp env show
      Connection:
      - keep-alive
      ParameterSetName:
      - -g -n
      User-Agent:
      - python/3.8.10 (Windows-10-10.0.19044-SP0) AZURECLI/2.39.0 (PIP)
    method: GET
    uri: https://management.azure.com/subscriptions/00000000-0000-0000-0000-000000000000/resourceGroups/clitest.rg000001/providers/Microsoft.App/managedEnvironments/containerapp-env000002?api-version=2022-06-01-preview
  response:
    body:
      string: '{"id":"/subscriptions/00000000-0000-0000-0000-000000000000/resourceGroups/clitest.rg000001/providers/Microsoft.App/managedEnvironments/containerapp-env000002","name":"containerapp-env000002","type":"Microsoft.App/managedEnvironments","location":"canadacentral","systemData":{"createdBy":"haroonfeisal@microsoft.com","createdByType":"User","createdAt":"2022-09-07T23:53:15.5861152","lastModifiedBy":"haroonfeisal@microsoft.com","lastModifiedByType":"User","lastModifiedAt":"2022-09-07T23:53:15.5861152"},"properties":{"provisioningState":"Succeeded","defaultDomain":"greenflower-187395e1.canadacentral.azurecontainerapps.io","staticIp":"20.220.157.85","appLogsConfiguration":{"destination":"log-analytics","logAnalyticsConfiguration":{"customerId":"fb5d180c-0601-4af0-bb90-bb4214ce8549"}},"zoneRedundant":false,"useKubenet":false,"customDomainConfiguration":{"customDomainVerificationId":"99A6464610F70E526E50B6B7BECF7E0698398F28CB03C7A235D70FDF654D411E","expirationDateUtc":"0001-01-01T00:00:00"}},"sku":{"name":"Consumption"}}'
    headers:
      api-supported-versions:
      - 2022-01-01-preview, 2022-03-01, 2022-05-01, 2022-06-01-preview
      cache-control:
      - no-cache
      content-length:
      - '1027'
      content-type:
      - application/json; charset=utf-8
      date:
      - Wed, 07 Sep 2022 23:54:23 GMT
      expires:
      - '-1'
      pragma:
      - no-cache
      server:
      - Microsoft-IIS/10.0
      strict-transport-security:
      - max-age=31536000; includeSubDomains
      transfer-encoding:
      - chunked
      vary:
      - Accept-Encoding,Accept-Encoding
      x-content-type-options:
      - nosniff
      x-powered-by:
      - ASP.NET
    status:
      code: 200
      message: OK
- request:
    body: null
    headers:
      Accept:
      - application/json
      Accept-Encoding:
      - gzip, deflate
      CommandName:
      - storage account create
      Connection:
      - keep-alive
      ParameterSetName:
      - -g -n --kind --sku --enable-large-file-share
      User-Agent:
      - AZURECLI/2.39.0 (PIP) azsdk-python-azure-mgmt-resource/21.1.0b1 Python/3.8.10
        (Windows-10-10.0.19044-SP0)
    method: GET
    uri: https://management.azure.com/subscriptions/00000000-0000-0000-0000-000000000000/resourcegroups/clitest.rg000001?api-version=2021-04-01
  response:
    body:
      string: '{"id":"/subscriptions/00000000-0000-0000-0000-000000000000/resourceGroups/clitest.rg000001","name":"clitest.rg000001","type":"Microsoft.Resources/resourceGroups","location":"eastus","tags":{"product":"azurecli","cause":"automation","date":"2022-09-07T23:52:35Z"},"properties":{"provisioningState":"Succeeded"}}'
    headers:
      cache-control:
      - no-cache
      content-length:
      - '310'
      content-type:
      - application/json; charset=utf-8
      date:
      - Wed, 07 Sep 2022 23:54:25 GMT
      expires:
      - '-1'
      pragma:
      - no-cache
      strict-transport-security:
      - max-age=31536000; includeSubDomains
      vary:
      - Accept-Encoding
      x-content-type-options:
      - nosniff
    status:
      code: 200
      message: OK
- request:
    body: '{"sku": {"name": "Standard_ZRS"}, "kind": "StorageV2", "location": "eastus",
      "properties": {"encryption": {"services": {"blob": {}}, "keySource": "Microsoft.Storage"},
      "largeFileSharesState": "Enabled"}}'
    headers:
      Accept:
      - application/json
      Accept-Encoding:
      - gzip, deflate
      CommandName:
      - storage account create
      Connection:
      - keep-alive
      Content-Length:
      - '203'
      Content-Type:
      - application/json
      ParameterSetName:
      - -g -n --kind --sku --enable-large-file-share
      User-Agent:
      - AZURECLI/2.39.0 (PIP) azsdk-python-azure-mgmt-storage/20.1.0 Python/3.8.10
        (Windows-10-10.0.19044-SP0)
    method: PUT
    uri: https://management.azure.com/subscriptions/00000000-0000-0000-0000-000000000000/resourceGroups/clitest.rg000001/providers/Microsoft.Storage/storageAccounts/storage000003?api-version=2022-05-01
  response:
    body:
      string: ''
    headers:
      cache-control:
      - no-cache
      content-length:
      - '0'
      content-type:
      - text/plain; charset=utf-8
      date:
      - Wed, 07 Sep 2022 23:54:29 GMT
      expires:
      - '-1'
      location:
      - https://management.azure.com/subscriptions/00000000-0000-0000-0000-000000000000/providers/Microsoft.Storage/locations/eastus/asyncoperations/51d9f810-cf2b-4d63-9404-5a332732e769?monitor=true&api-version=2022-05-01
      pragma:
      - no-cache
      server:
      - Microsoft-Azure-Storage-Resource-Provider/1.0,Microsoft-HTTPAPI/2.0 Microsoft-HTTPAPI/2.0
      strict-transport-security:
      - max-age=31536000; includeSubDomains
      x-content-type-options:
      - nosniff
      x-ms-ratelimit-remaining-subscription-writes:
      - '1199'
    status:
      code: 202
      message: Accepted
- request:
    body: null
    headers:
      Accept:
      - '*/*'
      Accept-Encoding:
      - gzip, deflate
      CommandName:
      - storage account create
      Connection:
      - keep-alive
      ParameterSetName:
      - -g -n --kind --sku --enable-large-file-share
      User-Agent:
      - AZURECLI/2.39.0 (PIP) azsdk-python-azure-mgmt-storage/20.1.0 Python/3.8.10
        (Windows-10-10.0.19044-SP0)
    method: GET
    uri: https://management.azure.com/subscriptions/00000000-0000-0000-0000-000000000000/providers/Microsoft.Storage/locations/eastus/asyncoperations/51d9f810-cf2b-4d63-9404-5a332732e769?monitor=true&api-version=2022-05-01
  response:
    body:
      string: '{"sku":{"name":"Standard_ZRS","tier":"Standard"},"kind":"StorageV2","id":"/subscriptions/00000000-0000-0000-0000-000000000000/resourceGroups/clitest.rg000001/providers/Microsoft.Storage/storageAccounts/storage000003","name":"storage000003","type":"Microsoft.Storage/storageAccounts","location":"eastus","tags":{},"properties":{"keyCreationTime":{"key1":"2022-09-07T23:54:28.1069970Z","key2":"2022-09-07T23:54:28.1069970Z"},"privateEndpointConnections":[],"minimumTlsVersion":"TLS1_0","allowBlobPublicAccess":true,"largeFileSharesState":"Enabled","networkAcls":{"bypass":"AzureServices","virtualNetworkRules":[],"ipRules":[],"defaultAction":"Allow"},"supportsHttpsTrafficOnly":true,"encryption":{"services":{"file":{"keyType":"Account","enabled":true,"lastEnabledTime":"2022-09-07T23:54:28.1226224Z"},"blob":{"keyType":"Account","enabled":true,"lastEnabledTime":"2022-09-07T23:54:28.1226224Z"}},"keySource":"Microsoft.Storage"},"accessTier":"Hot","provisioningState":"Succeeded","creationTime":"2022-09-07T23:54:27.9663983Z","primaryEndpoints":{"dfs":"https://storage000003.dfs.core.windows.net/","web":"https://storage000003.z13.web.core.windows.net/","blob":"https://storage000003.blob.core.windows.net/","queue":"https://storage000003.queue.core.windows.net/","table":"https://storage000003.table.core.windows.net/","file":"https://storage000003.file.core.windows.net/"},"primaryLocation":"eastus","statusOfPrimary":"available"}}'
    headers:
      cache-control:
      - no-cache
      content-length:
      - '1431'
      content-type:
      - application/json
      date:
      - Wed, 07 Sep 2022 23:54:47 GMT
      expires:
      - '-1'
      pragma:
      - no-cache
      server:
      - Microsoft-Azure-Storage-Resource-Provider/1.0,Microsoft-HTTPAPI/2.0 Microsoft-HTTPAPI/2.0
      strict-transport-security:
      - max-age=31536000; includeSubDomains
      transfer-encoding:
      - chunked
      vary:
      - Accept-Encoding
      x-content-type-options:
      - nosniff
    status:
      code: 200
      message: OK
- request:
    body: '{"properties": {"shareQuota": 1024, "accessTier": "TransactionOptimized"}}'
    headers:
      Accept:
      - application/json
      Accept-Encoding:
      - gzip, deflate
      CommandName:
      - storage share-rm create
      Connection:
      - keep-alive
      Content-Length:
      - '74'
      Content-Type:
      - application/json
      ParameterSetName:
      - -g -n --storage-account --access-tier --quota
      User-Agent:
      - AZURECLI/2.39.0 (PIP) azsdk-python-azure-mgmt-storage/20.1.0 Python/3.8.10
        (Windows-10-10.0.19044-SP0)
    method: PUT
    uri: https://management.azure.com/subscriptions/00000000-0000-0000-0000-000000000000/resourceGroups/clitest.rg000001/providers/Microsoft.Storage/storageAccounts/storage000003/fileServices/default/shares/share000004?api-version=2022-05-01
  response:
    body:
      string: '{"id":"/subscriptions/00000000-0000-0000-0000-000000000000/resourceGroups/clitest.rg000001/providers/Microsoft.Storage/storageAccounts/storage000003/fileServices/default/shares/share000004","name":"share000004","type":"Microsoft.Storage/storageAccounts/fileServices/shares","properties":{"accessTier":"TransactionOptimized","shareQuota":1024}}'
    headers:
      cache-control:
      - no-cache
      content-length:
      - '343'
      content-type:
      - application/json
      date:
      - Wed, 07 Sep 2022 23:54:48 GMT
      etag:
      - '"0x8DA912C595E0BED"'
      expires:
      - '-1'
      pragma:
      - no-cache
      server:
      - Microsoft-Azure-Storage-Resource-Provider/1.0,Microsoft-HTTPAPI/2.0 Microsoft-HTTPAPI/2.0
      strict-transport-security:
      - max-age=31536000; includeSubDomains
      x-content-type-options:
      - nosniff
      x-ms-ratelimit-remaining-subscription-writes:
      - '1199'
    status:
      code: 201
      message: Created
- request:
    body: null
    headers:
      Accept:
      - application/json
      Accept-Encoding:
      - gzip, deflate
      CommandName:
      - storage account keys list
      Connection:
      - keep-alive
      Content-Length:
      - '0'
      ParameterSetName:
      - -g -n
      User-Agent:
      - AZURECLI/2.39.0 (PIP) azsdk-python-azure-mgmt-storage/20.1.0 Python/3.8.10
        (Windows-10-10.0.19044-SP0)
    method: POST
    uri: https://management.azure.com/subscriptions/00000000-0000-0000-0000-000000000000/resourceGroups/clitest.rg000001/providers/Microsoft.Storage/storageAccounts/storage000003/listKeys?api-version=2022-05-01&$expand=kerb
  response:
    body:
      string: '{"keys":[{"creationTime":"2022-09-07T23:54:28.1069970Z","keyName":"key1","value":"veryFakedStorageAccountKey==","permissions":"FULL"},{"creationTime":"2022-09-07T23:54:28.1069970Z","keyName":"key2","value":"veryFakedStorageAccountKey==","permissions":"FULL"}]}'
    headers:
      cache-control:
      - no-cache
      content-length:
      - '260'
      content-type:
      - application/json
      date:
      - Wed, 07 Sep 2022 23:54:48 GMT
      expires:
      - '-1'
      pragma:
      - no-cache
      server:
      - Microsoft-Azure-Storage-Resource-Provider/1.0,Microsoft-HTTPAPI/2.0 Microsoft-HTTPAPI/2.0
      strict-transport-security:
      - max-age=31536000; includeSubDomains
      transfer-encoding:
      - chunked
      vary:
      - Accept-Encoding
      x-content-type-options:
      - nosniff
      x-ms-ratelimit-remaining-subscription-resource-requests:
      - '11999'
    status:
      code: 200
      message: OK
- request:
    body: null
    headers:
      Accept:
      - application/json
      Accept-Encoding:
      - gzip, deflate
      CommandName:
      - containerapp env storage set
      Connection:
      - keep-alive
      ParameterSetName:
      - -g -n --storage-name --azure-file-account-name --azure-file-account-key --access-mode
        --azure-file-share-name
      User-Agent:
      - AZURECLI/2.39.0 (PIP) azsdk-python-azure-mgmt-resource/21.1.0b1 Python/3.8.10
        (Windows-10-10.0.19044-SP0)
    method: GET
    uri: https://management.azure.com/subscriptions/00000000-0000-0000-0000-000000000000/providers/Microsoft.App?api-version=2021-04-01
  response:
    body:
      string: '{"id":"/subscriptions/00000000-0000-0000-0000-000000000000/providers/Microsoft.App","namespace":"Microsoft.App","authorizations":[{"applicationId":"7e3bc4fd-85a3-4192-b177-5b8bfc87f42c","roleDefinitionId":"39a74f72-b40f-4bdc-b639-562fe2260bf0"},{"applicationId":"3734c1a4-2bed-4998-a37a-ff1a9e7bf019","roleDefinitionId":"5c779a4f-5cb2-4547-8c41-478d9be8ba90"}],"resourceTypes":[{"resourceType":"managedEnvironments","locations":["North
        Central US (Stage)","Canada Central","West Europe","North Europe","East US","East
        US 2","East Asia","Australia East","Germany West Central","Japan East","UK
        South","West US","Central US","North Central US","South Central US","Korea
        Central","Brazil South","Central US EUAP","East US 2 EUAP","West US 3","France
        Central","South Africa North","Norway East"],"apiVersions":["2022-06-01-preview","2022-03-01","2022-01-01-preview"],"capabilities":"CrossResourceGroupResourceMove,
        CrossSubscriptionResourceMove, SupportsTags, SupportsLocation"},{"resourceType":"managedEnvironments/certificates","locations":["North
        Central US (Stage)","Canada Central","West Europe","North Europe","East US","East
        US 2","East Asia","Australia East","Germany West Central","Japan East","UK
        South","West US","Central US","North Central US","South Central US","Korea
        Central","Brazil South","Central US EUAP","East US 2 EUAP","West US 3","France
        Central","South Africa North","Norway East"],"apiVersions":["2022-06-01-preview","2022-03-01","2022-01-01-preview"],"capabilities":"CrossResourceGroupResourceMove,
        CrossSubscriptionResourceMove, SupportsTags, SupportsLocation"},{"resourceType":"containerApps","locations":["North
        Central US (Stage)","Canada Central","West Europe","North Europe","East US","East
        US 2","East Asia","Australia East","Germany West Central","Japan East","UK
        South","West US","Central US","North Central US","South Central US","Korea
        Central","Brazil South","Central US EUAP","East US 2 EUAP","West US 3","France
        Central","South Africa North","Norway East"],"apiVersions":["2022-06-01-preview","2022-03-01","2022-01-01-preview"],"capabilities":"CrossResourceGroupResourceMove,
        CrossSubscriptionResourceMove, SystemAssignedResourceIdentity, SupportsTags,
        SupportsLocation"},{"resourceType":"locations","locations":[],"apiVersions":["2022-06-01-preview","2022-03-01","2022-01-01-preview"],"capabilities":"None"},{"resourceType":"locations/managedEnvironmentOperationResults","locations":["North
        Central US (Stage)","Canada Central","West Europe","North Europe","East US","East
        US 2","East Asia","Australia East","Germany West Central","Japan East","UK
        South","West US","Central US","North Central US","South Central US","Korea
        Central","Brazil South","Central US EUAP","East US 2 EUAP","West US 3","France
        Central","South Africa North","Norway East"],"apiVersions":["2022-06-01-preview","2022-03-01","2022-01-01-preview"],"capabilities":"None"},{"resourceType":"locations/managedEnvironmentOperationStatuses","locations":["North
        Central US (Stage)","Canada Central","West Europe","North Europe","East US","East
        US 2","East Asia","Australia East","Germany West Central","Japan East","UK
        South","West US","Central US","North Central US","South Central US","Korea
        Central","Brazil South","Central US EUAP","East US 2 EUAP","West US 3","France
        Central","South Africa North","Norway East"],"apiVersions":["2022-06-01-preview","2022-03-01","2022-01-01-preview"],"capabilities":"None"},{"resourceType":"locations/containerappOperationResults","locations":["North
        Central US (Stage)","Canada Central","West Europe","North Europe","East US","East
        US 2","East Asia","Australia East","Germany West Central","Japan East","UK
        South","West US","Central US","North Central US","South Central US","Korea
        Central","Brazil South","Central US EUAP","East US 2 EUAP","West US 3","France
        Central","South Africa North","Norway East"],"apiVersions":["2022-06-01-preview","2022-03-01","2022-01-01-preview"],"capabilities":"None"},{"resourceType":"locations/containerappOperationStatuses","locations":["North
        Central US (Stage)","Canada Central","West Europe","North Europe","East US","East
        US 2","East Asia","Australia East","Germany West Central","Japan East","UK
        South","West US","Central US","North Central US","South Central US","Korea
        Central","Brazil South","Central US EUAP","East US 2 EUAP","West US 3","France
        Central","South Africa North","Norway East"],"apiVersions":["2022-06-01-preview","2022-03-01","2022-01-01-preview"],"capabilities":"None"},{"resourceType":"operations","locations":["North
        Central US (Stage)","Central US EUAP","East US 2 EUAP","Canada Central","West
        Europe","North Europe","East US","East US 2","East Asia","Australia East","Germany
        West Central","Japan East","UK South","West US","Central US","North Central
        US","South Central US","Korea Central","Brazil South","West US 3","France
        Central","South Africa North","Norway East"],"apiVersions":["2022-06-01-preview","2022-03-01","2022-01-01-preview"],"capabilities":"None"},{"resourceType":"connectedEnvironments","locations":["North
        Central US (Stage)","Central US EUAP","East US 2 EUAP"],"apiVersions":["2022-06-01-preview"],"capabilities":"CrossResourceGroupResourceMove,
        CrossSubscriptionResourceMove, SupportsTags, SupportsLocation"},{"resourceType":"connectedEnvironments/certificates","locations":["North
        Central US (Stage)","Central US EUAP","East US 2 EUAP"],"apiVersions":["2022-06-01-preview"],"capabilities":"CrossResourceGroupResourceMove,
        CrossSubscriptionResourceMove, SupportsTags, SupportsLocation"},{"resourceType":"locations/connectedEnvironmentOperationResults","locations":["North
        Central US (Stage)","Central US EUAP","East US 2 EUAP"],"apiVersions":["2022-06-01-preview"],"capabilities":"None"},{"resourceType":"locations/connectedEnvironmentOperationStatuses","locations":["North
        Central US (Stage)","Central US EUAP","East US 2 EUAP"],"apiVersions":["2022-06-01-preview"],"capabilities":"None"}],"registrationState":"Registered","registrationPolicy":"RegistrationRequired"}'
    headers:
      cache-control:
      - no-cache
      content-length:
      - '5990'
      content-type:
      - application/json; charset=utf-8
      date:
      - Wed, 07 Sep 2022 23:54:50 GMT
      expires:
      - '-1'
      pragma:
      - no-cache
      strict-transport-security:
      - max-age=31536000; includeSubDomains
      vary:
      - Accept-Encoding
      x-content-type-options:
      - nosniff
    status:
      code: 200
      message: OK
- request:
    body: null
    headers:
      Accept:
      - '*/*'
      Accept-Encoding:
      - gzip, deflate
      CommandName:
      - containerapp env storage set
      Connection:
      - keep-alive
      ParameterSetName:
      - -g -n --storage-name --azure-file-account-name --azure-file-account-key --access-mode
        --azure-file-share-name
      User-Agent:
      - python/3.8.10 (Windows-10-10.0.19044-SP0) AZURECLI/2.39.0 (PIP)
    method: GET
    uri: https://management.azure.com/subscriptions/00000000-0000-0000-0000-000000000000/resourceGroups/clitest.rg000001/providers/Microsoft.App/managedEnvironments/containerapp-env000002/storages/storage000003?api-version=2022-06-01-preview
  response:
    body:
      string: '{"code":"ManagedEnvironmentStorageNotFound","message":"Storage storage000003
        not found under managed environment"}'
    headers:
      api-supported-versions:
      - 2022-01-01-preview, 2022-03-01, 2022-05-01, 2022-06-01-preview
      cache-control:
      - no-cache
      content-length:
      - '114'
      content-type:
      - application/json; charset=utf-8
      date:
      - Wed, 07 Sep 2022 23:54:51 GMT
      expires:
      - '-1'
      pragma:
      - no-cache
      server:
      - Microsoft-IIS/10.0
      strict-transport-security:
      - max-age=31536000; includeSubDomains
      x-content-type-options:
      - nosniff
      x-powered-by:
      - ASP.NET
    status:
      code: 404
      message: Not Found
- request:
    body: '{"properties": {"azureFile": {"accountName": "storage000003", "accountKey":
      "veryFakedStorageAccountKey==", "accessMode": "ReadOnly", "shareName": "share000004"}}}'
    headers:
      Accept:
      - '*/*'
      Accept-Encoding:
      - gzip, deflate
      CommandName:
      - containerapp env storage set
      Connection:
      - keep-alive
      Content-Length:
      - '163'
      Content-Type:
      - application/json
      ParameterSetName:
      - -g -n --storage-name --azure-file-account-name --azure-file-account-key --access-mode
        --azure-file-share-name
      User-Agent:
      - python/3.8.10 (Windows-10-10.0.19044-SP0) AZURECLI/2.39.0 (PIP)
    method: PUT
    uri: https://management.azure.com/subscriptions/00000000-0000-0000-0000-000000000000/resourceGroups/clitest.rg000001/providers/Microsoft.App/managedEnvironments/containerapp-env000002/storages/storage000003?api-version=2022-06-01-preview
  response:
    body:
      string: '{"id":"/subscriptions/00000000-0000-0000-0000-000000000000/resourceGroups/clitest.rg000001/providers/Microsoft.App/managedEnvironments/containerapp-env000002/storages/storage000003","name":"storage000003","type":"Microsoft.App/managedenvironments/storages","properties":{"azureFile":{"accountName":"storage000003","shareName":"share000004","accessMode":"ReadOnly"}}}'
    headers:
      api-supported-versions:
      - 2022-01-01-preview, 2022-03-01, 2022-05-01, 2022-06-01-preview
      cache-control:
      - no-cache
      content-length:
      - '366'
      content-type:
      - application/json; charset=utf-8
      date:
      - Wed, 07 Sep 2022 23:54:52 GMT
      expires:
      - '-1'
      pragma:
      - no-cache
      server:
      - Microsoft-IIS/10.0
      strict-transport-security:
      - max-age=31536000; includeSubDomains
      transfer-encoding:
      - chunked
      vary:
      - Accept-Encoding,Accept-Encoding
      x-content-type-options:
      - nosniff
      x-ms-ratelimit-remaining-subscription-writes:
      - '1199'
      x-powered-by:
      - ASP.NET
    status:
      code: 200
      message: OK
- request:
    body: null
    headers:
      Accept:
      - application/json
      Accept-Encoding:
      - gzip, deflate
      CommandName:
      - containerapp env storage show
      Connection:
      - keep-alive
      ParameterSetName:
      - -g -n --storage-name
      User-Agent:
      - AZURECLI/2.39.0 (PIP) azsdk-python-azure-mgmt-resource/21.1.0b1 Python/3.8.10
        (Windows-10-10.0.19044-SP0)
    method: GET
    uri: https://management.azure.com/subscriptions/00000000-0000-0000-0000-000000000000/providers/Microsoft.App?api-version=2021-04-01
  response:
    body:
      string: '{"id":"/subscriptions/00000000-0000-0000-0000-000000000000/providers/Microsoft.App","namespace":"Microsoft.App","authorizations":[{"applicationId":"7e3bc4fd-85a3-4192-b177-5b8bfc87f42c","roleDefinitionId":"39a74f72-b40f-4bdc-b639-562fe2260bf0"},{"applicationId":"3734c1a4-2bed-4998-a37a-ff1a9e7bf019","roleDefinitionId":"5c779a4f-5cb2-4547-8c41-478d9be8ba90"}],"resourceTypes":[{"resourceType":"managedEnvironments","locations":["North
        Central US (Stage)","Canada Central","West Europe","North Europe","East US","East
        US 2","East Asia","Australia East","Germany West Central","Japan East","UK
        South","West US","Central US","North Central US","South Central US","Korea
        Central","Brazil South","Central US EUAP","East US 2 EUAP","West US 3","France
        Central","South Africa North","Norway East"],"apiVersions":["2022-06-01-preview","2022-03-01","2022-01-01-preview"],"capabilities":"CrossResourceGroupResourceMove,
        CrossSubscriptionResourceMove, SupportsTags, SupportsLocation"},{"resourceType":"managedEnvironments/certificates","locations":["North
        Central US (Stage)","Canada Central","West Europe","North Europe","East US","East
        US 2","East Asia","Australia East","Germany West Central","Japan East","UK
        South","West US","Central US","North Central US","South Central US","Korea
        Central","Brazil South","Central US EUAP","East US 2 EUAP","West US 3","France
        Central","South Africa North","Norway East"],"apiVersions":["2022-06-01-preview","2022-03-01","2022-01-01-preview"],"capabilities":"CrossResourceGroupResourceMove,
        CrossSubscriptionResourceMove, SupportsTags, SupportsLocation"},{"resourceType":"containerApps","locations":["North
        Central US (Stage)","Canada Central","West Europe","North Europe","East US","East
        US 2","East Asia","Australia East","Germany West Central","Japan East","UK
        South","West US","Central US","North Central US","South Central US","Korea
        Central","Brazil South","Central US EUAP","East US 2 EUAP","West US 3","France
        Central","South Africa North","Norway East"],"apiVersions":["2022-06-01-preview","2022-03-01","2022-01-01-preview"],"capabilities":"CrossResourceGroupResourceMove,
        CrossSubscriptionResourceMove, SystemAssignedResourceIdentity, SupportsTags,
        SupportsLocation"},{"resourceType":"locations","locations":[],"apiVersions":["2022-06-01-preview","2022-03-01","2022-01-01-preview"],"capabilities":"None"},{"resourceType":"locations/managedEnvironmentOperationResults","locations":["North
        Central US (Stage)","Canada Central","West Europe","North Europe","East US","East
        US 2","East Asia","Australia East","Germany West Central","Japan East","UK
        South","West US","Central US","North Central US","South Central US","Korea
        Central","Brazil South","Central US EUAP","East US 2 EUAP","West US 3","France
        Central","South Africa North","Norway East"],"apiVersions":["2022-06-01-preview","2022-03-01","2022-01-01-preview"],"capabilities":"None"},{"resourceType":"locations/managedEnvironmentOperationStatuses","locations":["North
        Central US (Stage)","Canada Central","West Europe","North Europe","East US","East
        US 2","East Asia","Australia East","Germany West Central","Japan East","UK
        South","West US","Central US","North Central US","South Central US","Korea
        Central","Brazil South","Central US EUAP","East US 2 EUAP","West US 3","France
        Central","South Africa North","Norway East"],"apiVersions":["2022-06-01-preview","2022-03-01","2022-01-01-preview"],"capabilities":"None"},{"resourceType":"locations/containerappOperationResults","locations":["North
        Central US (Stage)","Canada Central","West Europe","North Europe","East US","East
        US 2","East Asia","Australia East","Germany West Central","Japan East","UK
        South","West US","Central US","North Central US","South Central US","Korea
        Central","Brazil South","Central US EUAP","East US 2 EUAP","West US 3","France
        Central","South Africa North","Norway East"],"apiVersions":["2022-06-01-preview","2022-03-01","2022-01-01-preview"],"capabilities":"None"},{"resourceType":"locations/containerappOperationStatuses","locations":["North
        Central US (Stage)","Canada Central","West Europe","North Europe","East US","East
        US 2","East Asia","Australia East","Germany West Central","Japan East","UK
        South","West US","Central US","North Central US","South Central US","Korea
        Central","Brazil South","Central US EUAP","East US 2 EUAP","West US 3","France
        Central","South Africa North","Norway East"],"apiVersions":["2022-06-01-preview","2022-03-01","2022-01-01-preview"],"capabilities":"None"},{"resourceType":"operations","locations":["North
        Central US (Stage)","Central US EUAP","East US 2 EUAP","Canada Central","West
        Europe","North Europe","East US","East US 2","East Asia","Australia East","Germany
        West Central","Japan East","UK South","West US","Central US","North Central
        US","South Central US","Korea Central","Brazil South","West US 3","France
        Central","South Africa North","Norway East"],"apiVersions":["2022-06-01-preview","2022-03-01","2022-01-01-preview"],"capabilities":"None"},{"resourceType":"connectedEnvironments","locations":["North
        Central US (Stage)","Central US EUAP","East US 2 EUAP"],"apiVersions":["2022-06-01-preview"],"capabilities":"CrossResourceGroupResourceMove,
        CrossSubscriptionResourceMove, SupportsTags, SupportsLocation"},{"resourceType":"connectedEnvironments/certificates","locations":["North
        Central US (Stage)","Central US EUAP","East US 2 EUAP"],"apiVersions":["2022-06-01-preview"],"capabilities":"CrossResourceGroupResourceMove,
        CrossSubscriptionResourceMove, SupportsTags, SupportsLocation"},{"resourceType":"locations/connectedEnvironmentOperationResults","locations":["North
        Central US (Stage)","Central US EUAP","East US 2 EUAP"],"apiVersions":["2022-06-01-preview"],"capabilities":"None"},{"resourceType":"locations/connectedEnvironmentOperationStatuses","locations":["North
        Central US (Stage)","Central US EUAP","East US 2 EUAP"],"apiVersions":["2022-06-01-preview"],"capabilities":"None"}],"registrationState":"Registered","registrationPolicy":"RegistrationRequired"}'
    headers:
      cache-control:
      - no-cache
      content-length:
      - '5990'
      content-type:
      - application/json; charset=utf-8
      date:
      - Wed, 07 Sep 2022 23:54:53 GMT
      expires:
      - '-1'
      pragma:
      - no-cache
      strict-transport-security:
      - max-age=31536000; includeSubDomains
      vary:
      - Accept-Encoding
      x-content-type-options:
      - nosniff
    status:
      code: 200
      message: OK
- request:
    body: null
    headers:
      Accept:
      - '*/*'
      Accept-Encoding:
      - gzip, deflate
      CommandName:
      - containerapp env storage show
      Connection:
      - keep-alive
      ParameterSetName:
      - -g -n --storage-name
      User-Agent:
      - python/3.8.10 (Windows-10-10.0.19044-SP0) AZURECLI/2.39.0 (PIP)
    method: GET
    uri: https://management.azure.com/subscriptions/00000000-0000-0000-0000-000000000000/resourceGroups/clitest.rg000001/providers/Microsoft.App/managedEnvironments/containerapp-env000002/storages/storage000003?api-version=2022-06-01-preview
  response:
    body:
      string: '{"id":"/subscriptions/00000000-0000-0000-0000-000000000000/resourceGroups/clitest.rg000001/providers/Microsoft.App/managedEnvironments/containerapp-env000002/storages/storage000003","name":"storage000003","type":"Microsoft.App/managedenvironments/storages","properties":{"azureFile":{"accountName":"storage000003","shareName":"share000004","accessMode":"ReadOnly"}}}'
    headers:
      api-supported-versions:
      - 2022-01-01-preview, 2022-03-01, 2022-05-01, 2022-06-01-preview
      cache-control:
      - no-cache
      content-length:
      - '366'
      content-type:
      - application/json; charset=utf-8
      date:
      - Wed, 07 Sep 2022 23:54:55 GMT
      expires:
      - '-1'
      pragma:
      - no-cache
      server:
      - Microsoft-IIS/10.0
      strict-transport-security:
      - max-age=31536000; includeSubDomains
      transfer-encoding:
      - chunked
      vary:
      - Accept-Encoding,Accept-Encoding
      x-content-type-options:
      - nosniff
      x-powered-by:
      - ASP.NET
    status:
      code: 200
      message: OK
- request:
    body: null
    headers:
      Accept:
      - application/json
      Accept-Encoding:
      - gzip, deflate
      CommandName:
      - containerapp env storage list
      Connection:
      - keep-alive
      ParameterSetName:
      - -g -n
      User-Agent:
      - AZURECLI/2.39.0 (PIP) azsdk-python-azure-mgmt-resource/21.1.0b1 Python/3.8.10
        (Windows-10-10.0.19044-SP0)
    method: GET
    uri: https://management.azure.com/subscriptions/00000000-0000-0000-0000-000000000000/providers/Microsoft.App?api-version=2021-04-01
  response:
    body:
      string: '{"id":"/subscriptions/00000000-0000-0000-0000-000000000000/providers/Microsoft.App","namespace":"Microsoft.App","authorizations":[{"applicationId":"7e3bc4fd-85a3-4192-b177-5b8bfc87f42c","roleDefinitionId":"39a74f72-b40f-4bdc-b639-562fe2260bf0"},{"applicationId":"3734c1a4-2bed-4998-a37a-ff1a9e7bf019","roleDefinitionId":"5c779a4f-5cb2-4547-8c41-478d9be8ba90"}],"resourceTypes":[{"resourceType":"managedEnvironments","locations":["North
        Central US (Stage)","Canada Central","West Europe","North Europe","East US","East
        US 2","East Asia","Australia East","Germany West Central","Japan East","UK
        South","West US","Central US","North Central US","South Central US","Korea
        Central","Brazil South","Central US EUAP","East US 2 EUAP","West US 3","France
        Central","South Africa North","Norway East"],"apiVersions":["2022-06-01-preview","2022-03-01","2022-01-01-preview"],"capabilities":"CrossResourceGroupResourceMove,
        CrossSubscriptionResourceMove, SupportsTags, SupportsLocation"},{"resourceType":"managedEnvironments/certificates","locations":["North
        Central US (Stage)","Canada Central","West Europe","North Europe","East US","East
        US 2","East Asia","Australia East","Germany West Central","Japan East","UK
        South","West US","Central US","North Central US","South Central US","Korea
        Central","Brazil South","Central US EUAP","East US 2 EUAP","West US 3","France
        Central","South Africa North","Norway East"],"apiVersions":["2022-06-01-preview","2022-03-01","2022-01-01-preview"],"capabilities":"CrossResourceGroupResourceMove,
        CrossSubscriptionResourceMove, SupportsTags, SupportsLocation"},{"resourceType":"containerApps","locations":["North
        Central US (Stage)","Canada Central","West Europe","North Europe","East US","East
        US 2","East Asia","Australia East","Germany West Central","Japan East","UK
        South","West US","Central US","North Central US","South Central US","Korea
        Central","Brazil South","Central US EUAP","East US 2 EUAP","West US 3","France
        Central","South Africa North","Norway East"],"apiVersions":["2022-06-01-preview","2022-03-01","2022-01-01-preview"],"capabilities":"CrossResourceGroupResourceMove,
        CrossSubscriptionResourceMove, SystemAssignedResourceIdentity, SupportsTags,
        SupportsLocation"},{"resourceType":"locations","locations":[],"apiVersions":["2022-06-01-preview","2022-03-01","2022-01-01-preview"],"capabilities":"None"},{"resourceType":"locations/managedEnvironmentOperationResults","locations":["North
        Central US (Stage)","Canada Central","West Europe","North Europe","East US","East
        US 2","East Asia","Australia East","Germany West Central","Japan East","UK
        South","West US","Central US","North Central US","South Central US","Korea
        Central","Brazil South","Central US EUAP","East US 2 EUAP","West US 3","France
        Central","South Africa North","Norway East"],"apiVersions":["2022-06-01-preview","2022-03-01","2022-01-01-preview"],"capabilities":"None"},{"resourceType":"locations/managedEnvironmentOperationStatuses","locations":["North
        Central US (Stage)","Canada Central","West Europe","North Europe","East US","East
        US 2","East Asia","Australia East","Germany West Central","Japan East","UK
        South","West US","Central US","North Central US","South Central US","Korea
        Central","Brazil South","Central US EUAP","East US 2 EUAP","West US 3","France
        Central","South Africa North","Norway East"],"apiVersions":["2022-06-01-preview","2022-03-01","2022-01-01-preview"],"capabilities":"None"},{"resourceType":"locations/containerappOperationResults","locations":["North
        Central US (Stage)","Canada Central","West Europe","North Europe","East US","East
        US 2","East Asia","Australia East","Germany West Central","Japan East","UK
        South","West US","Central US","North Central US","South Central US","Korea
        Central","Brazil South","Central US EUAP","East US 2 EUAP","West US 3","France
        Central","South Africa North","Norway East"],"apiVersions":["2022-06-01-preview","2022-03-01","2022-01-01-preview"],"capabilities":"None"},{"resourceType":"locations/containerappOperationStatuses","locations":["North
        Central US (Stage)","Canada Central","West Europe","North Europe","East US","East
        US 2","East Asia","Australia East","Germany West Central","Japan East","UK
        South","West US","Central US","North Central US","South Central US","Korea
        Central","Brazil South","Central US EUAP","East US 2 EUAP","West US 3","France
        Central","South Africa North","Norway East"],"apiVersions":["2022-06-01-preview","2022-03-01","2022-01-01-preview"],"capabilities":"None"},{"resourceType":"operations","locations":["North
        Central US (Stage)","Central US EUAP","East US 2 EUAP","Canada Central","West
        Europe","North Europe","East US","East US 2","East Asia","Australia East","Germany
        West Central","Japan East","UK South","West US","Central US","North Central
        US","South Central US","Korea Central","Brazil South","West US 3","France
        Central","South Africa North","Norway East"],"apiVersions":["2022-06-01-preview","2022-03-01","2022-01-01-preview"],"capabilities":"None"},{"resourceType":"connectedEnvironments","locations":["North
        Central US (Stage)","Central US EUAP","East US 2 EUAP"],"apiVersions":["2022-06-01-preview"],"capabilities":"CrossResourceGroupResourceMove,
        CrossSubscriptionResourceMove, SupportsTags, SupportsLocation"},{"resourceType":"connectedEnvironments/certificates","locations":["North
        Central US (Stage)","Central US EUAP","East US 2 EUAP"],"apiVersions":["2022-06-01-preview"],"capabilities":"CrossResourceGroupResourceMove,
        CrossSubscriptionResourceMove, SupportsTags, SupportsLocation"},{"resourceType":"locations/connectedEnvironmentOperationResults","locations":["North
        Central US (Stage)","Central US EUAP","East US 2 EUAP"],"apiVersions":["2022-06-01-preview"],"capabilities":"None"},{"resourceType":"locations/connectedEnvironmentOperationStatuses","locations":["North
        Central US (Stage)","Central US EUAP","East US 2 EUAP"],"apiVersions":["2022-06-01-preview"],"capabilities":"None"}],"registrationState":"Registered","registrationPolicy":"RegistrationRequired"}'
    headers:
      cache-control:
      - no-cache
      content-length:
      - '5990'
      content-type:
      - application/json; charset=utf-8
      date:
      - Wed, 07 Sep 2022 23:54:55 GMT
      expires:
      - '-1'
      pragma:
      - no-cache
      strict-transport-security:
      - max-age=31536000; includeSubDomains
      vary:
      - Accept-Encoding
      x-content-type-options:
      - nosniff
    status:
      code: 200
      message: OK
- request:
    body: null
    headers:
      Accept:
      - '*/*'
      Accept-Encoding:
      - gzip, deflate
      CommandName:
      - containerapp env storage list
      Connection:
      - keep-alive
      ParameterSetName:
      - -g -n
      User-Agent:
      - python/3.8.10 (Windows-10-10.0.19044-SP0) AZURECLI/2.39.0 (PIP)
    method: GET
    uri: https://management.azure.com/subscriptions/00000000-0000-0000-0000-000000000000/resourceGroups/clitest.rg000001/providers/Microsoft.App/managedEnvironments/containerapp-env000002/storages?api-version=2022-06-01-preview
  response:
    body:
      string: '{"value":[{"id":"/subscriptions/00000000-0000-0000-0000-000000000000/resourceGroups/clitest.rg000001/providers/Microsoft.App/managedEnvironments/containerapp-env000002/storages/storage000003","name":"storage000003","type":"Microsoft.App/managedenvironments/storages","properties":{"azureFile":{"accountName":"storage000003","shareName":"share000004","accessMode":"ReadOnly"}}}]}'
    headers:
      api-supported-versions:
      - 2022-01-01-preview, 2022-03-01, 2022-05-01, 2022-06-01-preview
      cache-control:
      - no-cache
      content-length:
      - '378'
      content-type:
      - application/json; charset=utf-8
      date:
      - Wed, 07 Sep 2022 23:54:56 GMT
      expires:
      - '-1'
      pragma:
      - no-cache
      server:
      - Microsoft-IIS/10.0
      strict-transport-security:
      - max-age=31536000; includeSubDomains
      transfer-encoding:
      - chunked
      vary:
      - Accept-Encoding,Accept-Encoding
      x-content-type-options:
      - nosniff
      x-powered-by:
      - ASP.NET
    status:
      code: 200
      message: OK
- request:
    body: null
    headers:
      Accept:
      - application/json
      Accept-Encoding:
      - gzip, deflate
      CommandName:
      - containerapp env storage remove
      Connection:
      - keep-alive
      ParameterSetName:
      - -g -n --storage-name --yes
      User-Agent:
      - AZURECLI/2.39.0 (PIP) azsdk-python-azure-mgmt-resource/21.1.0b1 Python/3.8.10
        (Windows-10-10.0.19044-SP0)
    method: GET
    uri: https://management.azure.com/subscriptions/00000000-0000-0000-0000-000000000000/providers/Microsoft.App?api-version=2021-04-01
  response:
    body:
      string: '{"id":"/subscriptions/00000000-0000-0000-0000-000000000000/providers/Microsoft.App","namespace":"Microsoft.App","authorizations":[{"applicationId":"7e3bc4fd-85a3-4192-b177-5b8bfc87f42c","roleDefinitionId":"39a74f72-b40f-4bdc-b639-562fe2260bf0"},{"applicationId":"3734c1a4-2bed-4998-a37a-ff1a9e7bf019","roleDefinitionId":"5c779a4f-5cb2-4547-8c41-478d9be8ba90"}],"resourceTypes":[{"resourceType":"managedEnvironments","locations":["North
        Central US (Stage)","Canada Central","West Europe","North Europe","East US","East
        US 2","East Asia","Australia East","Germany West Central","Japan East","UK
        South","West US","Central US","North Central US","South Central US","Korea
        Central","Brazil South","Central US EUAP","East US 2 EUAP","West US 3","France
        Central","South Africa North","Norway East"],"apiVersions":["2022-06-01-preview","2022-03-01","2022-01-01-preview"],"capabilities":"CrossResourceGroupResourceMove,
        CrossSubscriptionResourceMove, SupportsTags, SupportsLocation"},{"resourceType":"managedEnvironments/certificates","locations":["North
        Central US (Stage)","Canada Central","West Europe","North Europe","East US","East
        US 2","East Asia","Australia East","Germany West Central","Japan East","UK
        South","West US","Central US","North Central US","South Central US","Korea
        Central","Brazil South","Central US EUAP","East US 2 EUAP","West US 3","France
        Central","South Africa North","Norway East"],"apiVersions":["2022-06-01-preview","2022-03-01","2022-01-01-preview"],"capabilities":"CrossResourceGroupResourceMove,
        CrossSubscriptionResourceMove, SupportsTags, SupportsLocation"},{"resourceType":"containerApps","locations":["North
        Central US (Stage)","Canada Central","West Europe","North Europe","East US","East
        US 2","East Asia","Australia East","Germany West Central","Japan East","UK
        South","West US","Central US","North Central US","South Central US","Korea
        Central","Brazil South","Central US EUAP","East US 2 EUAP","West US 3","France
        Central","South Africa North","Norway East"],"apiVersions":["2022-06-01-preview","2022-03-01","2022-01-01-preview"],"capabilities":"CrossResourceGroupResourceMove,
        CrossSubscriptionResourceMove, SystemAssignedResourceIdentity, SupportsTags,
        SupportsLocation"},{"resourceType":"locations","locations":[],"apiVersions":["2022-06-01-preview","2022-03-01","2022-01-01-preview"],"capabilities":"None"},{"resourceType":"locations/managedEnvironmentOperationResults","locations":["North
        Central US (Stage)","Canada Central","West Europe","North Europe","East US","East
        US 2","East Asia","Australia East","Germany West Central","Japan East","UK
        South","West US","Central US","North Central US","South Central US","Korea
        Central","Brazil South","Central US EUAP","East US 2 EUAP","West US 3","France
        Central","South Africa North","Norway East"],"apiVersions":["2022-06-01-preview","2022-03-01","2022-01-01-preview"],"capabilities":"None"},{"resourceType":"locations/managedEnvironmentOperationStatuses","locations":["North
        Central US (Stage)","Canada Central","West Europe","North Europe","East US","East
        US 2","East Asia","Australia East","Germany West Central","Japan East","UK
        South","West US","Central US","North Central US","South Central US","Korea
        Central","Brazil South","Central US EUAP","East US 2 EUAP","West US 3","France
        Central","South Africa North","Norway East"],"apiVersions":["2022-06-01-preview","2022-03-01","2022-01-01-preview"],"capabilities":"None"},{"resourceType":"locations/containerappOperationResults","locations":["North
        Central US (Stage)","Canada Central","West Europe","North Europe","East US","East
        US 2","East Asia","Australia East","Germany West Central","Japan East","UK
        South","West US","Central US","North Central US","South Central US","Korea
        Central","Brazil South","Central US EUAP","East US 2 EUAP","West US 3","France
        Central","South Africa North","Norway East"],"apiVersions":["2022-06-01-preview","2022-03-01","2022-01-01-preview"],"capabilities":"None"},{"resourceType":"locations/containerappOperationStatuses","locations":["North
        Central US (Stage)","Canada Central","West Europe","North Europe","East US","East
        US 2","East Asia","Australia East","Germany West Central","Japan East","UK
        South","West US","Central US","North Central US","South Central US","Korea
        Central","Brazil South","Central US EUAP","East US 2 EUAP","West US 3","France
        Central","South Africa North","Norway East"],"apiVersions":["2022-06-01-preview","2022-03-01","2022-01-01-preview"],"capabilities":"None"},{"resourceType":"operations","locations":["North
        Central US (Stage)","Central US EUAP","East US 2 EUAP","Canada Central","West
        Europe","North Europe","East US","East US 2","East Asia","Australia East","Germany
        West Central","Japan East","UK South","West US","Central US","North Central
        US","South Central US","Korea Central","Brazil South","West US 3","France
        Central","South Africa North","Norway East"],"apiVersions":["2022-06-01-preview","2022-03-01","2022-01-01-preview"],"capabilities":"None"},{"resourceType":"connectedEnvironments","locations":["North
        Central US (Stage)","Central US EUAP","East US 2 EUAP"],"apiVersions":["2022-06-01-preview"],"capabilities":"CrossResourceGroupResourceMove,
        CrossSubscriptionResourceMove, SupportsTags, SupportsLocation"},{"resourceType":"connectedEnvironments/certificates","locations":["North
        Central US (Stage)","Central US EUAP","East US 2 EUAP"],"apiVersions":["2022-06-01-preview"],"capabilities":"CrossResourceGroupResourceMove,
        CrossSubscriptionResourceMove, SupportsTags, SupportsLocation"},{"resourceType":"locations/connectedEnvironmentOperationResults","locations":["North
        Central US (Stage)","Central US EUAP","East US 2 EUAP"],"apiVersions":["2022-06-01-preview"],"capabilities":"None"},{"resourceType":"locations/connectedEnvironmentOperationStatuses","locations":["North
        Central US (Stage)","Central US EUAP","East US 2 EUAP"],"apiVersions":["2022-06-01-preview"],"capabilities":"None"}],"registrationState":"Registered","registrationPolicy":"RegistrationRequired"}'
    headers:
      cache-control:
      - no-cache
      content-length:
      - '5990'
      content-type:
      - application/json; charset=utf-8
      date:
      - Wed, 07 Sep 2022 23:54:57 GMT
      expires:
      - '-1'
      pragma:
      - no-cache
      strict-transport-security:
      - max-age=31536000; includeSubDomains
      vary:
      - Accept-Encoding
      x-content-type-options:
      - nosniff
    status:
      code: 200
      message: OK
- request:
    body: null
    headers:
      Accept:
      - '*/*'
      Accept-Encoding:
      - gzip, deflate
      CommandName:
      - containerapp env storage remove
      Connection:
      - keep-alive
      Content-Length:
      - '0'
      ParameterSetName:
      - -g -n --storage-name --yes
      User-Agent:
      - python/3.8.10 (Windows-10-10.0.19044-SP0) AZURECLI/2.39.0 (PIP)
    method: DELETE
    uri: https://management.azure.com/subscriptions/00000000-0000-0000-0000-000000000000/resourceGroups/clitest.rg000001/providers/Microsoft.App/managedEnvironments/containerapp-env000002/storages/storage000003?api-version=2022-06-01-preview
  response:
    body:
      string: ''
    headers:
      api-supported-versions:
      - 2022-01-01-preview, 2022-03-01, 2022-05-01, 2022-06-01-preview
      cache-control:
      - no-cache
      content-length:
      - '0'
      date:
      - Wed, 07 Sep 2022 23:54:59 GMT
      expires:
      - '-1'
      pragma:
      - no-cache
      server:
      - Microsoft-IIS/10.0
      strict-transport-security:
      - max-age=31536000; includeSubDomains
      x-content-type-options:
      - nosniff
      x-ms-ratelimit-remaining-subscription-deletes:
      - '14999'
      x-powered-by:
      - ASP.NET
    status:
      code: 200
      message: OK
- request:
    body: null
    headers:
      Accept:
      - '*/*'
      Accept-Encoding:
      - gzip, deflate
      CommandName:
      - containerapp env storage remove
      Connection:
      - keep-alive
      ParameterSetName:
      - -g -n --storage-name --yes
      User-Agent:
      - python/3.8.10 (Windows-10-10.0.19044-SP0) AZURECLI/2.39.0 (PIP)
    method: GET
    uri: https://management.azure.com/subscriptions/00000000-0000-0000-0000-000000000000/resourceGroups/clitest.rg000001/providers/Microsoft.App/managedEnvironments/containerapp-env000002/storages/storage000003?api-version=2022-06-01-preview
  response:
    body:
      string: '{"code":"ManagedEnvironmentStorageNotFound","message":"Storage storage000003
        not found under managed environment"}'
    headers:
      api-supported-versions:
      - 2022-01-01-preview, 2022-03-01, 2022-05-01, 2022-06-01-preview
      cache-control:
      - no-cache
      content-length:
      - '114'
      content-type:
      - application/json; charset=utf-8
      date:
      - Wed, 07 Sep 2022 23:54:59 GMT
      expires:
      - '-1'
      pragma:
      - no-cache
      server:
      - Microsoft-IIS/10.0
      strict-transport-security:
      - max-age=31536000; includeSubDomains
      x-content-type-options:
      - nosniff
      x-powered-by:
      - ASP.NET
    status:
      code: 404
      message: Not Found
- request:
    body: null
    headers:
      Accept:
      - application/json
      Accept-Encoding:
      - gzip, deflate
      CommandName:
      - containerapp env storage list
      Connection:
      - keep-alive
      ParameterSetName:
      - -g -n
      User-Agent:
      - AZURECLI/2.39.0 (PIP) azsdk-python-azure-mgmt-resource/21.1.0b1 Python/3.8.10
        (Windows-10-10.0.19044-SP0)
    method: GET
    uri: https://management.azure.com/subscriptions/00000000-0000-0000-0000-000000000000/providers/Microsoft.App?api-version=2021-04-01
  response:
    body:
      string: '{"id":"/subscriptions/00000000-0000-0000-0000-000000000000/providers/Microsoft.App","namespace":"Microsoft.App","authorizations":[{"applicationId":"7e3bc4fd-85a3-4192-b177-5b8bfc87f42c","roleDefinitionId":"39a74f72-b40f-4bdc-b639-562fe2260bf0"},{"applicationId":"3734c1a4-2bed-4998-a37a-ff1a9e7bf019","roleDefinitionId":"5c779a4f-5cb2-4547-8c41-478d9be8ba90"}],"resourceTypes":[{"resourceType":"managedEnvironments","locations":["North
        Central US (Stage)","Canada Central","West Europe","North Europe","East US","East
        US 2","East Asia","Australia East","Germany West Central","Japan East","UK
        South","West US","Central US","North Central US","South Central US","Korea
        Central","Brazil South","Central US EUAP","East US 2 EUAP","West US 3","France
        Central","South Africa North","Norway East"],"apiVersions":["2022-06-01-preview","2022-03-01","2022-01-01-preview"],"capabilities":"CrossResourceGroupResourceMove,
        CrossSubscriptionResourceMove, SupportsTags, SupportsLocation"},{"resourceType":"managedEnvironments/certificates","locations":["North
        Central US (Stage)","Canada Central","West Europe","North Europe","East US","East
        US 2","East Asia","Australia East","Germany West Central","Japan East","UK
        South","West US","Central US","North Central US","South Central US","Korea
        Central","Brazil South","Central US EUAP","East US 2 EUAP","West US 3","France
        Central","South Africa North","Norway East"],"apiVersions":["2022-06-01-preview","2022-03-01","2022-01-01-preview"],"capabilities":"CrossResourceGroupResourceMove,
        CrossSubscriptionResourceMove, SupportsTags, SupportsLocation"},{"resourceType":"containerApps","locations":["North
        Central US (Stage)","Canada Central","West Europe","North Europe","East US","East
        US 2","East Asia","Australia East","Germany West Central","Japan East","UK
        South","West US","Central US","North Central US","South Central US","Korea
        Central","Brazil South","Central US EUAP","East US 2 EUAP","West US 3","France
        Central","South Africa North","Norway East"],"apiVersions":["2022-06-01-preview","2022-03-01","2022-01-01-preview"],"capabilities":"CrossResourceGroupResourceMove,
        CrossSubscriptionResourceMove, SystemAssignedResourceIdentity, SupportsTags,
        SupportsLocation"},{"resourceType":"locations","locations":[],"apiVersions":["2022-06-01-preview","2022-03-01","2022-01-01-preview"],"capabilities":"None"},{"resourceType":"locations/managedEnvironmentOperationResults","locations":["North
        Central US (Stage)","Canada Central","West Europe","North Europe","East US","East
        US 2","East Asia","Australia East","Germany West Central","Japan East","UK
        South","West US","Central US","North Central US","South Central US","Korea
        Central","Brazil South","Central US EUAP","East US 2 EUAP","West US 3","France
        Central","South Africa North","Norway East"],"apiVersions":["2022-06-01-preview","2022-03-01","2022-01-01-preview"],"capabilities":"None"},{"resourceType":"locations/managedEnvironmentOperationStatuses","locations":["North
        Central US (Stage)","Canada Central","West Europe","North Europe","East US","East
        US 2","East Asia","Australia East","Germany West Central","Japan East","UK
        South","West US","Central US","North Central US","South Central US","Korea
        Central","Brazil South","Central US EUAP","East US 2 EUAP","West US 3","France
        Central","South Africa North","Norway East"],"apiVersions":["2022-06-01-preview","2022-03-01","2022-01-01-preview"],"capabilities":"None"},{"resourceType":"locations/containerappOperationResults","locations":["North
        Central US (Stage)","Canada Central","West Europe","North Europe","East US","East
        US 2","East Asia","Australia East","Germany West Central","Japan East","UK
        South","West US","Central US","North Central US","South Central US","Korea
        Central","Brazil South","Central US EUAP","East US 2 EUAP","West US 3","France
        Central","South Africa North","Norway East"],"apiVersions":["2022-06-01-preview","2022-03-01","2022-01-01-preview"],"capabilities":"None"},{"resourceType":"locations/containerappOperationStatuses","locations":["North
        Central US (Stage)","Canada Central","West Europe","North Europe","East US","East
        US 2","East Asia","Australia East","Germany West Central","Japan East","UK
        South","West US","Central US","North Central US","South Central US","Korea
        Central","Brazil South","Central US EUAP","East US 2 EUAP","West US 3","France
        Central","South Africa North","Norway East"],"apiVersions":["2022-06-01-preview","2022-03-01","2022-01-01-preview"],"capabilities":"None"},{"resourceType":"operations","locations":["North
        Central US (Stage)","Central US EUAP","East US 2 EUAP","Canada Central","West
        Europe","North Europe","East US","East US 2","East Asia","Australia East","Germany
        West Central","Japan East","UK South","West US","Central US","North Central
        US","South Central US","Korea Central","Brazil South","West US 3","France
        Central","South Africa North","Norway East"],"apiVersions":["2022-06-01-preview","2022-03-01","2022-01-01-preview"],"capabilities":"None"},{"resourceType":"connectedEnvironments","locations":["North
        Central US (Stage)","Central US EUAP","East US 2 EUAP"],"apiVersions":["2022-06-01-preview"],"capabilities":"CrossResourceGroupResourceMove,
        CrossSubscriptionResourceMove, SupportsTags, SupportsLocation"},{"resourceType":"connectedEnvironments/certificates","locations":["North
        Central US (Stage)","Central US EUAP","East US 2 EUAP"],"apiVersions":["2022-06-01-preview"],"capabilities":"CrossResourceGroupResourceMove,
        CrossSubscriptionResourceMove, SupportsTags, SupportsLocation"},{"resourceType":"locations/connectedEnvironmentOperationResults","locations":["North
        Central US (Stage)","Central US EUAP","East US 2 EUAP"],"apiVersions":["2022-06-01-preview"],"capabilities":"None"},{"resourceType":"locations/connectedEnvironmentOperationStatuses","locations":["North
        Central US (Stage)","Central US EUAP","East US 2 EUAP"],"apiVersions":["2022-06-01-preview"],"capabilities":"None"}],"registrationState":"Registered","registrationPolicy":"RegistrationRequired"}'
    headers:
      cache-control:
      - no-cache
      content-length:
      - '5990'
      content-type:
      - application/json; charset=utf-8
      date:
      - Wed, 07 Sep 2022 23:55:00 GMT
      expires:
      - '-1'
      pragma:
      - no-cache
      strict-transport-security:
      - max-age=31536000; includeSubDomains
      vary:
      - Accept-Encoding
      x-content-type-options:
      - nosniff
    status:
      code: 200
      message: OK
- request:
    body: null
    headers:
      Accept:
      - '*/*'
      Accept-Encoding:
      - gzip, deflate
      CommandName:
      - containerapp env storage list
      Connection:
      - keep-alive
      ParameterSetName:
      - -g -n
      User-Agent:
      - python/3.8.10 (Windows-10-10.0.19044-SP0) AZURECLI/2.39.0 (PIP)
    method: GET
    uri: https://management.azure.com/subscriptions/00000000-0000-0000-0000-000000000000/resourceGroups/clitest.rg000001/providers/Microsoft.App/managedEnvironments/containerapp-env000002/storages?api-version=2022-06-01-preview
  response:
    body:
      string: '{"value":[]}'
    headers:
      api-supported-versions:
      - 2022-01-01-preview, 2022-03-01, 2022-05-01, 2022-06-01-preview
      cache-control:
      - no-cache
      content-length:
      - '12'
      content-type:
      - application/json; charset=utf-8
      date:
      - Wed, 07 Sep 2022 23:55:01 GMT
      expires:
      - '-1'
      pragma:
      - no-cache
      server:
      - Microsoft-IIS/10.0
      strict-transport-security:
      - max-age=31536000; includeSubDomains
      transfer-encoding:
      - chunked
      vary:
      - Accept-Encoding,Accept-Encoding
      x-content-type-options:
      - nosniff
      x-powered-by:
      - ASP.NET
    status:
      code: 200
      message: OK
version: 1
