interactions:
- request:
    body: '{"location": "eastus", "properties": {"retentionInDays": 30, "sku": {"name":
      "PerGB2018"}}}'
    headers:
      Accept:
      - application/json
      Accept-Encoding:
      - gzip, deflate
      CommandName:
      - monitor log-analytics workspace create
      Connection:
      - keep-alive
      Content-Length:
      - '91'
      Content-Type:
      - application/json
      ParameterSetName:
      - -g -n -l
      User-Agent:
      - AZURECLI/2.46.0 (AAZ) azsdk-python-core/1.24.0 Python/3.10.11 (Windows-10-10.0.22621-SP0)
    method: PUT
    uri: https://management.azure.com/subscriptions/00000000-0000-0000-0000-000000000000/resourcegroups/cli_test_containerapp_preview000001/providers/Microsoft.OperationalInsights/workspaces/containerapp-env000003?api-version=2021-12-01-preview
  response:
    body:
      string: '{"properties":{"customerId":"f31b6645-a904-4275-b538-65ce88db0796","provisioningState":"Creating","sku":{"name":"PerGB2018","lastSkuUpdate":"2023-05-06T07:05:33.6666398Z"},"retentionInDays":30,"features":{"legacy":0,"searchVersion":1,"enableLogAccessUsingOnlyResourcePermissions":true},"workspaceCapping":{"dailyQuotaGb":-1.0,"quotaNextResetTime":"2023-05-07T03:00:00Z","dataIngestionStatus":"RespectQuota"},"publicNetworkAccessForIngestion":"Enabled","publicNetworkAccessForQuery":"Enabled","createdDate":"2023-05-06T07:05:33.6666398Z","modifiedDate":"2023-05-06T07:05:33.6666398Z"},"location":"eastus","id":"/subscriptions/00000000-0000-0000-0000-000000000000/resourceGroups/cli_test_containerapp_preview000001/providers/Microsoft.OperationalInsights/workspaces/containerapp-env000003","name":"containerapp-env000003","type":"Microsoft.OperationalInsights/workspaces"}'
    headers:
      access-control-allow-origin:
      - '*'
      api-supported-versions:
      - 2021-12-01-preview
      cache-control:
      - no-cache
      content-length:
      - '870'
      content-type:
      - application/json; charset=utf-8
      date:
      - Sat, 06 May 2023 07:05:34 GMT
      expires:
      - '-1'
      location:
      - https://management.azure.com/subscriptions/00000000-0000-0000-0000-000000000000/resourceGroups/cli_test_containerapp_preview000001/providers/Microsoft.OperationalInsights/workspaces/containerapp-env000003?api-version=2021-12-01-preview
      pragma:
      - no-cache
      request-context:
      - appId=cid-v1:e6336c63-aab2-45f0-996a-e5dbab2a1508
      server:
      - Microsoft-IIS/10.0
      strict-transport-security:
      - max-age=31536000; includeSubDomains
      x-content-type-options:
      - nosniff
      x-ms-ratelimit-remaining-subscription-writes:
      - '1199'
      x-powered-by:
      - ASP.NET
    status:
      code: 201
      message: Created
- request:
    body: null
    headers:
      Accept:
      - '*/*'
      Accept-Encoding:
      - gzip, deflate
      CommandName:
      - monitor log-analytics workspace create
      Connection:
      - keep-alive
      ParameterSetName:
      - -g -n -l
      User-Agent:
      - AZURECLI/2.46.0 (AAZ) azsdk-python-core/1.24.0 Python/3.10.11 (Windows-10-10.0.22621-SP0)
    method: GET
    uri: https://management.azure.com/subscriptions/00000000-0000-0000-0000-000000000000/resourceGroups/cli_test_containerapp_preview000001/providers/Microsoft.OperationalInsights/workspaces/containerapp-env000003?api-version=2021-12-01-preview
  response:
    body:
      string: '{"properties":{"customerId":"f31b6645-a904-4275-b538-65ce88db0796","provisioningState":"Succeeded","sku":{"name":"PerGB2018","lastSkuUpdate":"2023-05-06T07:05:33.6666398Z"},"retentionInDays":30,"features":{"legacy":0,"searchVersion":1,"enableLogAccessUsingOnlyResourcePermissions":true},"workspaceCapping":{"dailyQuotaGb":-1.0,"quotaNextResetTime":"2023-05-07T03:00:00Z","dataIngestionStatus":"RespectQuota"},"publicNetworkAccessForIngestion":"Enabled","publicNetworkAccessForQuery":"Enabled","createdDate":"2023-05-06T07:05:33.6666398Z","modifiedDate":"2023-05-06T07:05:33.6666398Z"},"location":"eastus","id":"/subscriptions/00000000-0000-0000-0000-000000000000/resourceGroups/cli_test_containerapp_preview000001/providers/Microsoft.OperationalInsights/workspaces/containerapp-env000003","name":"containerapp-env000003","type":"Microsoft.OperationalInsights/workspaces"}'
    headers:
      access-control-allow-origin:
      - '*'
      api-supported-versions:
      - 2021-12-01-preview
      cache-control:
      - no-cache
      content-length:
      - '871'
      content-type:
      - application/json; charset=utf-8
      date:
      - Sat, 06 May 2023 07:06:05 GMT
      expires:
      - '-1'
      pragma:
      - no-cache
      request-context:
      - appId=cid-v1:e6336c63-aab2-45f0-996a-e5dbab2a1508
      server:
      - Microsoft-IIS/10.0
      strict-transport-security:
      - max-age=31536000; includeSubDomains
      transfer-encoding:
      - chunked
      vary:
      - Accept-Encoding
      x-content-type-options:
      - nosniff
      x-powered-by:
      - ASP.NET
    status:
      code: 200
      message: OK
- request:
    body: null
    headers:
      Accept:
      - application/json
      Accept-Encoding:
      - gzip, deflate
      CommandName:
      - monitor log-analytics workspace get-shared-keys
      Connection:
      - keep-alive
      Content-Length:
      - '0'
      ParameterSetName:
      - -g -n
      User-Agent:
      - AZURECLI/2.46.0 (AAZ) azsdk-python-core/1.24.0 Python/3.10.11 (Windows-10-10.0.22621-SP0)
    method: POST
    uri: https://management.azure.com/subscriptions/00000000-0000-0000-0000-000000000000/resourcegroups/cli_test_containerapp_preview000001/providers/Microsoft.OperationalInsights/workspaces/containerapp-env000003/sharedKeys?api-version=2020-08-01
  response:
    body:
      string: '{"primarySharedKey":"C1ZzJOSmUy+j6MyT+ufnUSOy4FMSePwEXZCPYtTV7lA7OwnIKkvoyLs4F8LaNsE9Ym5jTDC/r+Jn4WSNX72eBw==","secondarySharedKey":"ZRq+Mr0ru7xSeC/6Jiv4WbGOpb+XBEnMaqa23MFuHhT4yFAdhTBzqFaCeB7IpSC2mipOrFBRJzrpdvdZ185Zlw=="}'
    headers:
      access-control-allow-origin:
      - '*'
      api-supported-versions:
      - 2015-03-20, 2020-08-01, 2020-10-01, 2021-06-01, 2022-10-01
      cache-control:
      - no-cache
      content-length:
      - '223'
      content-type:
      - application/json; charset=utf-8
      date:
      - Sat, 06 May 2023 07:06:07 GMT
      expires:
      - '-1'
      pragma:
      - no-cache
      request-context:
      - appId=cid-v1:e6336c63-aab2-45f0-996a-e5dbab2a1508
      server:
      - Microsoft-IIS/10.0
      strict-transport-security:
      - max-age=31536000; includeSubDomains
      transfer-encoding:
      - chunked
      vary:
      - Accept-Encoding
      x-content-type-options:
      - nosniff
      x-ms-ratelimit-remaining-subscription-writes:
      - '1198'
      x-powered-by:
      - ASP.NET
    status:
      code: 200
      message: OK
- request:
    body: null
    headers:
      Accept:
      - application/json
      Accept-Encoding:
      - gzip, deflate
      CommandName:
      - containerapp env create
      Connection:
      - keep-alive
      ParameterSetName:
      - -g -n --logs-workspace-id --logs-workspace-key -l
      User-Agent:
      - AZURECLI/2.46.0 azsdk-python-azure-mgmt-resource/22.0.0 Python/3.10.11 (Windows-10-10.0.22621-SP0)
    method: GET
    uri: https://management.azure.com/subscriptions/00000000-0000-0000-0000-000000000000/providers/Microsoft.App?api-version=2022-09-01
  response:
    body:
      string: '{"id":"/subscriptions/00000000-0000-0000-0000-000000000000/providers/Microsoft.App","namespace":"Microsoft.App","authorizations":[{"applicationId":"7e3bc4fd-85a3-4192-b177-5b8bfc87f42c","roleDefinitionId":"39a74f72-b40f-4bdc-b639-562fe2260bf0"},{"applicationId":"3734c1a4-2bed-4998-a37a-ff1a9e7bf019","roleDefinitionId":"5c779a4f-5cb2-4547-8c41-478d9be8ba90"},{"applicationId":"55ebbb62-3b9c-49fd-9b87-9595226dd4ac","roleDefinitionId":"e49ca620-7992-4561-a7df-4ed67dad77b5","managedByRoleDefinitionId":"9e3af657-a8ff-583c-a75c-2fe7c4bcb635"}],"resourceTypes":[{"resourceType":"operations","locations":["North
        Central US (Stage)","Central US EUAP","East US 2 EUAP","West US 2","Southeast
        Asia","Sweden Central","Canada Central","West Europe","North Europe","East
        US","East US 2","East Asia","Australia East","Germany West Central","Japan
        East","UK South","West US","Central US","North Central US","South Central
        US","Korea Central","Brazil South","West US 3","France Central","South Africa
        North","Norway East","Switzerland North","UAE North"],"apiVersions":["2023-02-01","2022-11-01-preview","2022-10-01","2022-06-01-preview","2022-03-01","2022-01-01-preview"],"defaultApiVersion":"2022-11-01-preview","capabilities":"None"},{"resourceType":"managedEnvironments","locations":["Central
        US EUAP","East US 2 EUAP","West US 2","Southeast Asia","Sweden Central","North
        Central US (Stage)","Canada Central","West Europe","North Europe","East US","East
        US 2","East Asia","Australia East","Germany West Central","Japan East","UK
        South","West US","Central US","North Central US","South Central US","Korea
        Central","Brazil South","West US 3","France Central","South Africa North","Norway
        East","Switzerland North","UAE North"],"apiVersions":["2023-04-01-preview","2023-02-01","2022-11-01-preview","2022-10-01","2022-06-01-preview","2022-03-01","2022-01-01-preview"],"defaultApiVersion":"2022-11-01-preview","capabilities":"CrossResourceGroupResourceMove,
        CrossSubscriptionResourceMove, SupportsTags, SupportsLocation"},{"resourceType":"managedEnvironments/certificates","locations":["Central
        US EUAP","East US 2 EUAP","West US 2","Southeast Asia","Sweden Central","North
        Central US (Stage)","Canada Central","West Europe","North Europe","East US","East
        US 2","East Asia","Australia East","Germany West Central","Japan East","UK
        South","West US","Central US","North Central US","South Central US","Korea
        Central","Brazil South","West US 3","France Central","South Africa North","Norway
        East","Switzerland North","UAE North"],"apiVersions":["2023-04-01-preview","2023-02-01","2022-11-01-preview","2022-10-01","2022-06-01-preview","2022-03-01","2022-01-01-preview"],"defaultApiVersion":"2022-11-01-preview","capabilities":"CrossResourceGroupResourceMove,
        CrossSubscriptionResourceMove, SupportsTags, SupportsLocation"},{"resourceType":"managedEnvironments/managedCertificates","locations":["Central
        US EUAP","East US 2 EUAP","West US 2","Southeast Asia","Sweden Central","North
        Central US (Stage)","Canada Central","West Europe","North Europe","East US","East
        US 2","East Asia","Australia East","Germany West Central","Japan East","UK
        South","West US","Central US","North Central US","South Central US","Korea
        Central","Brazil South","West US 3","France Central","South Africa North","Norway
        East","Switzerland North","UAE North"],"apiVersions":["2023-04-01-preview","2023-02-01","2022-11-01-preview"],"defaultApiVersion":"2022-11-01-preview","capabilities":"CrossResourceGroupResourceMove,
        CrossSubscriptionResourceMove, SupportsTags, SupportsLocation"},{"resourceType":"containerApps","locations":["Central
        US EUAP","East US 2 EUAP","West US 2","Southeast Asia","Sweden Central","North
        Central US (Stage)","Canada Central","West Europe","North Europe","East US","East
        US 2","East Asia","Australia East","Germany West Central","Japan East","UK
        South","West US","Central US","North Central US","South Central US","Korea
        Central","Brazil South","West US 3","France Central","South Africa North","Norway
        East","Switzerland North","UAE North"],"apiVersions":["2023-04-01-preview","2023-02-01","2022-11-01-preview","2022-10-01","2022-06-01-preview","2022-03-01","2022-01-01-preview"],"defaultApiVersion":"2022-11-01-preview","capabilities":"CrossResourceGroupResourceMove,
        CrossSubscriptionResourceMove, SystemAssignedResourceIdentity, SupportsTags,
        SupportsLocation"},{"resourceType":"jobs","locations":["Central US EUAP","East
        US 2 EUAP","West US 2","Southeast Asia","Sweden Central","North Central US
        (Stage)","Canada Central","West Europe","North Europe","East US","East US
        2","East Asia","Australia East","Germany West Central","Japan East","UK South","West
        US","Central US","North Central US","South Central US","Korea Central","Brazil
        South","West US 3","France Central","South Africa North","Norway East","Switzerland
        North","UAE North"],"apiVersions":["2023-04-01-preview","2023-02-01","2022-11-01-preview"],"defaultApiVersion":"2022-11-01-preview","capabilities":"CrossResourceGroupResourceMove,
        CrossSubscriptionResourceMove, SystemAssignedResourceIdentity, SupportsTags,
        SupportsLocation"},{"resourceType":"locations","locations":[],"apiVersions":["2023-04-01-preview","2023-02-01","2022-11-01-preview","2022-10-01","2022-06-01-preview","2022-03-01","2022-01-01-preview"],"defaultApiVersion":"2022-11-01-preview","capabilities":"None"},{"resourceType":"locations/managedEnvironmentOperationResults","locations":["Central
        US EUAP","East US 2 EUAP","West US 2","Southeast Asia","Sweden Central","North
        Central US (Stage)","Canada Central","West Europe","North Europe","East US","East
        US 2","East Asia","Australia East","Germany West Central","Japan East","UK
        South","West US","Central US","North Central US","South Central US","Korea
        Central","Brazil South","West US 3","France Central","South Africa North","Norway
        East","Switzerland North","UAE North"],"apiVersions":["2023-04-01-preview","2023-02-01","2022-11-01-preview","2022-10-01","2022-06-01-preview","2022-03-01","2022-01-01-preview"],"defaultApiVersion":"2022-11-01-preview","capabilities":"None"},{"resourceType":"locations/managedEnvironmentOperationStatuses","locations":["Central
        US EUAP","East US 2 EUAP","West US 2","Southeast Asia","Sweden Central","North
        Central US (Stage)","Canada Central","West Europe","North Europe","East US","East
        US 2","East Asia","Australia East","Germany West Central","Japan East","UK
        South","West US","Central US","North Central US","South Central US","Korea
        Central","Brazil South","West US 3","France Central","South Africa North","Norway
        East","Switzerland North","UAE North"],"apiVersions":["2023-04-01-preview","2023-02-01","2022-11-01-preview","2022-10-01","2022-06-01-preview","2022-03-01","2022-01-01-preview"],"defaultApiVersion":"2022-11-01-preview","capabilities":"None"},{"resourceType":"locations/containerappOperationResults","locations":["Central
        US EUAP","East US 2 EUAP","West US 2","Southeast Asia","Sweden Central","North
        Central US (Stage)","Canada Central","West Europe","North Europe","East US","East
        US 2","East Asia","Australia East","Germany West Central","Japan East","UK
        South","West US","Central US","North Central US","South Central US","Korea
        Central","Brazil South","West US 3","France Central","South Africa North","Norway
        East","Switzerland North","UAE North"],"apiVersions":["2023-04-01-preview","2023-02-01","2022-11-01-preview","2022-10-01","2022-06-01-preview","2022-03-01","2022-01-01-preview"],"defaultApiVersion":"2022-11-01-preview","capabilities":"None"},{"resourceType":"locations/containerappOperationStatuses","locations":["Central
        US EUAP","East US 2 EUAP","West US 2","Southeast Asia","Sweden Central","North
        Central US (Stage)","Canada Central","West Europe","North Europe","East US","East
        US 2","East Asia","Australia East","Germany West Central","Japan East","UK
        South","West US","Central US","North Central US","South Central US","Korea
        Central","Brazil South","West US 3","France Central","South Africa North","Norway
        East","Switzerland North","UAE North"],"apiVersions":["2023-04-01-preview","2023-02-01","2022-11-01-preview","2022-10-01","2022-06-01-preview","2022-03-01","2022-01-01-preview"],"defaultApiVersion":"2022-11-01-preview","capabilities":"None"},{"resourceType":"connectedEnvironments","locations":["Central
        US EUAP","East US 2 EUAP","North Central US (Stage)","North Central US","East
        US","East Asia","West Europe"],"apiVersions":["2022-11-01-preview","2022-10-01","2022-06-01-preview"],"defaultApiVersion":"2022-11-01-preview","capabilities":"CrossResourceGroupResourceMove,
        CrossSubscriptionResourceMove, SupportsTags, SupportsLocation"},{"resourceType":"connectedEnvironments/certificates","locations":["Central
        US EUAP","East US 2 EUAP","North Central US (Stage)","North Central US","East
        US","East Asia","West Europe"],"apiVersions":["2022-11-01-preview","2022-10-01","2022-06-01-preview"],"defaultApiVersion":"2022-11-01-preview","capabilities":"CrossResourceGroupResourceMove,
        CrossSubscriptionResourceMove, SupportsTags, SupportsLocation"},{"resourceType":"locations/connectedEnvironmentOperationResults","locations":["Central
        US EUAP","East US 2 EUAP","North Central US (Stage)","North Central US","East
        US","East Asia","West Europe"],"apiVersions":["2022-11-01-preview","2022-10-01","2022-06-01-preview"],"defaultApiVersion":"2022-11-01-preview","capabilities":"None"},{"resourceType":"locations/connectedEnvironmentOperationStatuses","locations":["Central
        US EUAP","East US 2 EUAP","North Central US (Stage)","North Central US","East
        US","East Asia","West Europe"],"apiVersions":["2022-11-01-preview","2022-10-01","2022-06-01-preview"],"defaultApiVersion":"2022-11-01-preview","capabilities":"None"},{"resourceType":"locations/billingMeters","locations":["Central
        US EUAP","East US 2 EUAP","North Central US (Stage)","Australia East","North
        Central US","East US 2","West Europe","Central US","East US","North Europe","South
        Central US","UK South","West US 3"],"apiVersions":["2023-04-01-preview","2023-02-01","2022-11-01-preview","2022-10-01","2022-06-01-preview"],"defaultApiVersion":"2022-11-01-preview","capabilities":"None"},{"resourceType":"locations/availableManagedEnvironmentsWorkloadProfileTypes","locations":["Central
        US EUAP","East US 2 EUAP","North Central US (Stage)","Australia East","North
        Central US","East US 2","West Europe","Central US","East US","North Europe","South
        Central US","UK South","West US 3"],"apiVersions":["2023-04-01-preview","2023-02-01","2022-11-01-preview","2022-10-01","2022-06-01-preview"],"defaultApiVersion":"2022-11-01-preview","capabilities":"None"}],"registrationState":"Registered","registrationPolicy":"RegistrationRequired"}'
    headers:
      cache-control:
      - no-cache
      content-length:
      - '10638'
      content-type:
      - application/json; charset=utf-8
      date:
      - Sat, 06 May 2023 07:06:08 GMT
      expires:
      - '-1'
      pragma:
      - no-cache
      strict-transport-security:
      - max-age=31536000; includeSubDomains
      vary:
      - Accept-Encoding
      x-content-type-options:
      - nosniff
    status:
      code: 200
      message: OK
- request:
    body: null
    headers:
      Accept:
      - application/json
      Accept-Encoding:
      - gzip, deflate
      CommandName:
      - containerapp env create
      Connection:
      - keep-alive
      ParameterSetName:
      - -g -n --logs-workspace-id --logs-workspace-key -l
      User-Agent:
      - AZURECLI/2.46.0 azsdk-python-azure-mgmt-resource/22.0.0 Python/3.10.11 (Windows-10-10.0.22621-SP0)
    method: GET
    uri: https://management.azure.com/subscriptions/00000000-0000-0000-0000-000000000000/providers/Microsoft.App?api-version=2022-09-01
  response:
    body:
      string: '{"id":"/subscriptions/00000000-0000-0000-0000-000000000000/providers/Microsoft.App","namespace":"Microsoft.App","authorizations":[{"applicationId":"7e3bc4fd-85a3-4192-b177-5b8bfc87f42c","roleDefinitionId":"39a74f72-b40f-4bdc-b639-562fe2260bf0"},{"applicationId":"3734c1a4-2bed-4998-a37a-ff1a9e7bf019","roleDefinitionId":"5c779a4f-5cb2-4547-8c41-478d9be8ba90"},{"applicationId":"55ebbb62-3b9c-49fd-9b87-9595226dd4ac","roleDefinitionId":"e49ca620-7992-4561-a7df-4ed67dad77b5","managedByRoleDefinitionId":"9e3af657-a8ff-583c-a75c-2fe7c4bcb635"}],"resourceTypes":[{"resourceType":"operations","locations":["North
        Central US (Stage)","Central US EUAP","East US 2 EUAP","West US 2","Southeast
        Asia","Sweden Central","Canada Central","West Europe","North Europe","East
        US","East US 2","East Asia","Australia East","Germany West Central","Japan
        East","UK South","West US","Central US","North Central US","South Central
        US","Korea Central","Brazil South","West US 3","France Central","South Africa
        North","Norway East","Switzerland North","UAE North"],"apiVersions":["2023-02-01","2022-11-01-preview","2022-10-01","2022-06-01-preview","2022-03-01","2022-01-01-preview"],"defaultApiVersion":"2022-11-01-preview","capabilities":"None"},{"resourceType":"managedEnvironments","locations":["Central
        US EUAP","East US 2 EUAP","West US 2","Southeast Asia","Sweden Central","North
        Central US (Stage)","Canada Central","West Europe","North Europe","East US","East
        US 2","East Asia","Australia East","Germany West Central","Japan East","UK
        South","West US","Central US","North Central US","South Central US","Korea
        Central","Brazil South","West US 3","France Central","South Africa North","Norway
        East","Switzerland North","UAE North"],"apiVersions":["2023-04-01-preview","2023-02-01","2022-11-01-preview","2022-10-01","2022-06-01-preview","2022-03-01","2022-01-01-preview"],"defaultApiVersion":"2022-11-01-preview","capabilities":"CrossResourceGroupResourceMove,
        CrossSubscriptionResourceMove, SupportsTags, SupportsLocation"},{"resourceType":"managedEnvironments/certificates","locations":["Central
        US EUAP","East US 2 EUAP","West US 2","Southeast Asia","Sweden Central","North
        Central US (Stage)","Canada Central","West Europe","North Europe","East US","East
        US 2","East Asia","Australia East","Germany West Central","Japan East","UK
        South","West US","Central US","North Central US","South Central US","Korea
        Central","Brazil South","West US 3","France Central","South Africa North","Norway
        East","Switzerland North","UAE North"],"apiVersions":["2023-04-01-preview","2023-02-01","2022-11-01-preview","2022-10-01","2022-06-01-preview","2022-03-01","2022-01-01-preview"],"defaultApiVersion":"2022-11-01-preview","capabilities":"CrossResourceGroupResourceMove,
        CrossSubscriptionResourceMove, SupportsTags, SupportsLocation"},{"resourceType":"managedEnvironments/managedCertificates","locations":["Central
        US EUAP","East US 2 EUAP","West US 2","Southeast Asia","Sweden Central","North
        Central US (Stage)","Canada Central","West Europe","North Europe","East US","East
        US 2","East Asia","Australia East","Germany West Central","Japan East","UK
        South","West US","Central US","North Central US","South Central US","Korea
        Central","Brazil South","West US 3","France Central","South Africa North","Norway
        East","Switzerland North","UAE North"],"apiVersions":["2023-04-01-preview","2023-02-01","2022-11-01-preview"],"defaultApiVersion":"2022-11-01-preview","capabilities":"CrossResourceGroupResourceMove,
        CrossSubscriptionResourceMove, SupportsTags, SupportsLocation"},{"resourceType":"containerApps","locations":["Central
        US EUAP","East US 2 EUAP","West US 2","Southeast Asia","Sweden Central","North
        Central US (Stage)","Canada Central","West Europe","North Europe","East US","East
        US 2","East Asia","Australia East","Germany West Central","Japan East","UK
        South","West US","Central US","North Central US","South Central US","Korea
        Central","Brazil South","West US 3","France Central","South Africa North","Norway
        East","Switzerland North","UAE North"],"apiVersions":["2023-04-01-preview","2023-02-01","2022-11-01-preview","2022-10-01","2022-06-01-preview","2022-03-01","2022-01-01-preview"],"defaultApiVersion":"2022-11-01-preview","capabilities":"CrossResourceGroupResourceMove,
        CrossSubscriptionResourceMove, SystemAssignedResourceIdentity, SupportsTags,
        SupportsLocation"},{"resourceType":"jobs","locations":["Central US EUAP","East
        US 2 EUAP","West US 2","Southeast Asia","Sweden Central","North Central US
        (Stage)","Canada Central","West Europe","North Europe","East US","East US
        2","East Asia","Australia East","Germany West Central","Japan East","UK South","West
        US","Central US","North Central US","South Central US","Korea Central","Brazil
        South","West US 3","France Central","South Africa North","Norway East","Switzerland
        North","UAE North"],"apiVersions":["2023-04-01-preview","2023-02-01","2022-11-01-preview"],"defaultApiVersion":"2022-11-01-preview","capabilities":"CrossResourceGroupResourceMove,
        CrossSubscriptionResourceMove, SystemAssignedResourceIdentity, SupportsTags,
        SupportsLocation"},{"resourceType":"locations","locations":[],"apiVersions":["2023-04-01-preview","2023-02-01","2022-11-01-preview","2022-10-01","2022-06-01-preview","2022-03-01","2022-01-01-preview"],"defaultApiVersion":"2022-11-01-preview","capabilities":"None"},{"resourceType":"locations/managedEnvironmentOperationResults","locations":["Central
        US EUAP","East US 2 EUAP","West US 2","Southeast Asia","Sweden Central","North
        Central US (Stage)","Canada Central","West Europe","North Europe","East US","East
        US 2","East Asia","Australia East","Germany West Central","Japan East","UK
        South","West US","Central US","North Central US","South Central US","Korea
        Central","Brazil South","West US 3","France Central","South Africa North","Norway
        East","Switzerland North","UAE North"],"apiVersions":["2023-04-01-preview","2023-02-01","2022-11-01-preview","2022-10-01","2022-06-01-preview","2022-03-01","2022-01-01-preview"],"defaultApiVersion":"2022-11-01-preview","capabilities":"None"},{"resourceType":"locations/managedEnvironmentOperationStatuses","locations":["Central
        US EUAP","East US 2 EUAP","West US 2","Southeast Asia","Sweden Central","North
        Central US (Stage)","Canada Central","West Europe","North Europe","East US","East
        US 2","East Asia","Australia East","Germany West Central","Japan East","UK
        South","West US","Central US","North Central US","South Central US","Korea
        Central","Brazil South","West US 3","France Central","South Africa North","Norway
        East","Switzerland North","UAE North"],"apiVersions":["2023-04-01-preview","2023-02-01","2022-11-01-preview","2022-10-01","2022-06-01-preview","2022-03-01","2022-01-01-preview"],"defaultApiVersion":"2022-11-01-preview","capabilities":"None"},{"resourceType":"locations/containerappOperationResults","locations":["Central
        US EUAP","East US 2 EUAP","West US 2","Southeast Asia","Sweden Central","North
        Central US (Stage)","Canada Central","West Europe","North Europe","East US","East
        US 2","East Asia","Australia East","Germany West Central","Japan East","UK
        South","West US","Central US","North Central US","South Central US","Korea
        Central","Brazil South","West US 3","France Central","South Africa North","Norway
        East","Switzerland North","UAE North"],"apiVersions":["2023-04-01-preview","2023-02-01","2022-11-01-preview","2022-10-01","2022-06-01-preview","2022-03-01","2022-01-01-preview"],"defaultApiVersion":"2022-11-01-preview","capabilities":"None"},{"resourceType":"locations/containerappOperationStatuses","locations":["Central
        US EUAP","East US 2 EUAP","West US 2","Southeast Asia","Sweden Central","North
        Central US (Stage)","Canada Central","West Europe","North Europe","East US","East
        US 2","East Asia","Australia East","Germany West Central","Japan East","UK
        South","West US","Central US","North Central US","South Central US","Korea
        Central","Brazil South","West US 3","France Central","South Africa North","Norway
        East","Switzerland North","UAE North"],"apiVersions":["2023-04-01-preview","2023-02-01","2022-11-01-preview","2022-10-01","2022-06-01-preview","2022-03-01","2022-01-01-preview"],"defaultApiVersion":"2022-11-01-preview","capabilities":"None"},{"resourceType":"connectedEnvironments","locations":["Central
        US EUAP","East US 2 EUAP","North Central US (Stage)","North Central US","East
        US","East Asia","West Europe"],"apiVersions":["2022-11-01-preview","2022-10-01","2022-06-01-preview"],"defaultApiVersion":"2022-11-01-preview","capabilities":"CrossResourceGroupResourceMove,
        CrossSubscriptionResourceMove, SupportsTags, SupportsLocation"},{"resourceType":"connectedEnvironments/certificates","locations":["Central
        US EUAP","East US 2 EUAP","North Central US (Stage)","North Central US","East
        US","East Asia","West Europe"],"apiVersions":["2022-11-01-preview","2022-10-01","2022-06-01-preview"],"defaultApiVersion":"2022-11-01-preview","capabilities":"CrossResourceGroupResourceMove,
        CrossSubscriptionResourceMove, SupportsTags, SupportsLocation"},{"resourceType":"locations/connectedEnvironmentOperationResults","locations":["Central
        US EUAP","East US 2 EUAP","North Central US (Stage)","North Central US","East
        US","East Asia","West Europe"],"apiVersions":["2022-11-01-preview","2022-10-01","2022-06-01-preview"],"defaultApiVersion":"2022-11-01-preview","capabilities":"None"},{"resourceType":"locations/connectedEnvironmentOperationStatuses","locations":["Central
        US EUAP","East US 2 EUAP","North Central US (Stage)","North Central US","East
        US","East Asia","West Europe"],"apiVersions":["2022-11-01-preview","2022-10-01","2022-06-01-preview"],"defaultApiVersion":"2022-11-01-preview","capabilities":"None"},{"resourceType":"locations/billingMeters","locations":["Central
        US EUAP","East US 2 EUAP","North Central US (Stage)","Australia East","North
        Central US","East US 2","West Europe","Central US","East US","North Europe","South
        Central US","UK South","West US 3"],"apiVersions":["2023-04-01-preview","2023-02-01","2022-11-01-preview","2022-10-01","2022-06-01-preview"],"defaultApiVersion":"2022-11-01-preview","capabilities":"None"},{"resourceType":"locations/availableManagedEnvironmentsWorkloadProfileTypes","locations":["Central
        US EUAP","East US 2 EUAP","North Central US (Stage)","Australia East","North
        Central US","East US 2","West Europe","Central US","East US","North Europe","South
        Central US","UK South","West US 3"],"apiVersions":["2023-04-01-preview","2023-02-01","2022-11-01-preview","2022-10-01","2022-06-01-preview"],"defaultApiVersion":"2022-11-01-preview","capabilities":"None"}],"registrationState":"Registered","registrationPolicy":"RegistrationRequired"}'
    headers:
      cache-control:
      - no-cache
      content-length:
      - '10638'
      content-type:
      - application/json; charset=utf-8
      date:
      - Sat, 06 May 2023 07:06:09 GMT
      expires:
      - '-1'
      pragma:
      - no-cache
      strict-transport-security:
      - max-age=31536000; includeSubDomains
      vary:
      - Accept-Encoding
      x-content-type-options:
      - nosniff
    status:
      code: 200
      message: OK
- request:
    body: null
    headers:
      Accept:
      - application/json
      Accept-Encoding:
      - gzip, deflate
      CommandName:
      - containerapp env create
      Connection:
      - keep-alive
      ParameterSetName:
      - -g -n --logs-workspace-id --logs-workspace-key -l
      User-Agent:
      - AZURECLI/2.46.0 azsdk-python-azure-mgmt-resource/22.0.0 Python/3.10.11 (Windows-10-10.0.22621-SP0)
    method: GET
    uri: https://management.azure.com/subscriptions/00000000-0000-0000-0000-000000000000/providers/Microsoft.App?api-version=2022-09-01
  response:
    body:
      string: '{"id":"/subscriptions/00000000-0000-0000-0000-000000000000/providers/Microsoft.App","namespace":"Microsoft.App","authorizations":[{"applicationId":"7e3bc4fd-85a3-4192-b177-5b8bfc87f42c","roleDefinitionId":"39a74f72-b40f-4bdc-b639-562fe2260bf0"},{"applicationId":"3734c1a4-2bed-4998-a37a-ff1a9e7bf019","roleDefinitionId":"5c779a4f-5cb2-4547-8c41-478d9be8ba90"},{"applicationId":"55ebbb62-3b9c-49fd-9b87-9595226dd4ac","roleDefinitionId":"e49ca620-7992-4561-a7df-4ed67dad77b5","managedByRoleDefinitionId":"9e3af657-a8ff-583c-a75c-2fe7c4bcb635"}],"resourceTypes":[{"resourceType":"operations","locations":["North
        Central US (Stage)","Central US EUAP","East US 2 EUAP","West US 2","Southeast
        Asia","Sweden Central","Canada Central","West Europe","North Europe","East
        US","East US 2","East Asia","Australia East","Germany West Central","Japan
        East","UK South","West US","Central US","North Central US","South Central
        US","Korea Central","Brazil South","West US 3","France Central","South Africa
        North","Norway East","Switzerland North","UAE North"],"apiVersions":["2023-02-01","2022-11-01-preview","2022-10-01","2022-06-01-preview","2022-03-01","2022-01-01-preview"],"defaultApiVersion":"2022-11-01-preview","capabilities":"None"},{"resourceType":"managedEnvironments","locations":["Central
        US EUAP","East US 2 EUAP","West US 2","Southeast Asia","Sweden Central","North
        Central US (Stage)","Canada Central","West Europe","North Europe","East US","East
        US 2","East Asia","Australia East","Germany West Central","Japan East","UK
        South","West US","Central US","North Central US","South Central US","Korea
        Central","Brazil South","West US 3","France Central","South Africa North","Norway
        East","Switzerland North","UAE North"],"apiVersions":["2023-04-01-preview","2023-02-01","2022-11-01-preview","2022-10-01","2022-06-01-preview","2022-03-01","2022-01-01-preview"],"defaultApiVersion":"2022-11-01-preview","capabilities":"CrossResourceGroupResourceMove,
        CrossSubscriptionResourceMove, SupportsTags, SupportsLocation"},{"resourceType":"managedEnvironments/certificates","locations":["Central
        US EUAP","East US 2 EUAP","West US 2","Southeast Asia","Sweden Central","North
        Central US (Stage)","Canada Central","West Europe","North Europe","East US","East
        US 2","East Asia","Australia East","Germany West Central","Japan East","UK
        South","West US","Central US","North Central US","South Central US","Korea
        Central","Brazil South","West US 3","France Central","South Africa North","Norway
        East","Switzerland North","UAE North"],"apiVersions":["2023-04-01-preview","2023-02-01","2022-11-01-preview","2022-10-01","2022-06-01-preview","2022-03-01","2022-01-01-preview"],"defaultApiVersion":"2022-11-01-preview","capabilities":"CrossResourceGroupResourceMove,
        CrossSubscriptionResourceMove, SupportsTags, SupportsLocation"},{"resourceType":"managedEnvironments/managedCertificates","locations":["Central
        US EUAP","East US 2 EUAP","West US 2","Southeast Asia","Sweden Central","North
        Central US (Stage)","Canada Central","West Europe","North Europe","East US","East
        US 2","East Asia","Australia East","Germany West Central","Japan East","UK
        South","West US","Central US","North Central US","South Central US","Korea
        Central","Brazil South","West US 3","France Central","South Africa North","Norway
        East","Switzerland North","UAE North"],"apiVersions":["2023-04-01-preview","2023-02-01","2022-11-01-preview"],"defaultApiVersion":"2022-11-01-preview","capabilities":"CrossResourceGroupResourceMove,
        CrossSubscriptionResourceMove, SupportsTags, SupportsLocation"},{"resourceType":"containerApps","locations":["Central
        US EUAP","East US 2 EUAP","West US 2","Southeast Asia","Sweden Central","North
        Central US (Stage)","Canada Central","West Europe","North Europe","East US","East
        US 2","East Asia","Australia East","Germany West Central","Japan East","UK
        South","West US","Central US","North Central US","South Central US","Korea
        Central","Brazil South","West US 3","France Central","South Africa North","Norway
        East","Switzerland North","UAE North"],"apiVersions":["2023-04-01-preview","2023-02-01","2022-11-01-preview","2022-10-01","2022-06-01-preview","2022-03-01","2022-01-01-preview"],"defaultApiVersion":"2022-11-01-preview","capabilities":"CrossResourceGroupResourceMove,
        CrossSubscriptionResourceMove, SystemAssignedResourceIdentity, SupportsTags,
        SupportsLocation"},{"resourceType":"jobs","locations":["Central US EUAP","East
        US 2 EUAP","West US 2","Southeast Asia","Sweden Central","North Central US
        (Stage)","Canada Central","West Europe","North Europe","East US","East US
        2","East Asia","Australia East","Germany West Central","Japan East","UK South","West
        US","Central US","North Central US","South Central US","Korea Central","Brazil
        South","West US 3","France Central","South Africa North","Norway East","Switzerland
        North","UAE North"],"apiVersions":["2023-04-01-preview","2023-02-01","2022-11-01-preview"],"defaultApiVersion":"2022-11-01-preview","capabilities":"CrossResourceGroupResourceMove,
        CrossSubscriptionResourceMove, SystemAssignedResourceIdentity, SupportsTags,
        SupportsLocation"},{"resourceType":"locations","locations":[],"apiVersions":["2023-04-01-preview","2023-02-01","2022-11-01-preview","2022-10-01","2022-06-01-preview","2022-03-01","2022-01-01-preview"],"defaultApiVersion":"2022-11-01-preview","capabilities":"None"},{"resourceType":"locations/managedEnvironmentOperationResults","locations":["Central
        US EUAP","East US 2 EUAP","West US 2","Southeast Asia","Sweden Central","North
        Central US (Stage)","Canada Central","West Europe","North Europe","East US","East
        US 2","East Asia","Australia East","Germany West Central","Japan East","UK
        South","West US","Central US","North Central US","South Central US","Korea
        Central","Brazil South","West US 3","France Central","South Africa North","Norway
        East","Switzerland North","UAE North"],"apiVersions":["2023-04-01-preview","2023-02-01","2022-11-01-preview","2022-10-01","2022-06-01-preview","2022-03-01","2022-01-01-preview"],"defaultApiVersion":"2022-11-01-preview","capabilities":"None"},{"resourceType":"locations/managedEnvironmentOperationStatuses","locations":["Central
        US EUAP","East US 2 EUAP","West US 2","Southeast Asia","Sweden Central","North
        Central US (Stage)","Canada Central","West Europe","North Europe","East US","East
        US 2","East Asia","Australia East","Germany West Central","Japan East","UK
        South","West US","Central US","North Central US","South Central US","Korea
        Central","Brazil South","West US 3","France Central","South Africa North","Norway
        East","Switzerland North","UAE North"],"apiVersions":["2023-04-01-preview","2023-02-01","2022-11-01-preview","2022-10-01","2022-06-01-preview","2022-03-01","2022-01-01-preview"],"defaultApiVersion":"2022-11-01-preview","capabilities":"None"},{"resourceType":"locations/containerappOperationResults","locations":["Central
        US EUAP","East US 2 EUAP","West US 2","Southeast Asia","Sweden Central","North
        Central US (Stage)","Canada Central","West Europe","North Europe","East US","East
        US 2","East Asia","Australia East","Germany West Central","Japan East","UK
        South","West US","Central US","North Central US","South Central US","Korea
        Central","Brazil South","West US 3","France Central","South Africa North","Norway
        East","Switzerland North","UAE North"],"apiVersions":["2023-04-01-preview","2023-02-01","2022-11-01-preview","2022-10-01","2022-06-01-preview","2022-03-01","2022-01-01-preview"],"defaultApiVersion":"2022-11-01-preview","capabilities":"None"},{"resourceType":"locations/containerappOperationStatuses","locations":["Central
        US EUAP","East US 2 EUAP","West US 2","Southeast Asia","Sweden Central","North
        Central US (Stage)","Canada Central","West Europe","North Europe","East US","East
        US 2","East Asia","Australia East","Germany West Central","Japan East","UK
        South","West US","Central US","North Central US","South Central US","Korea
        Central","Brazil South","West US 3","France Central","South Africa North","Norway
        East","Switzerland North","UAE North"],"apiVersions":["2023-04-01-preview","2023-02-01","2022-11-01-preview","2022-10-01","2022-06-01-preview","2022-03-01","2022-01-01-preview"],"defaultApiVersion":"2022-11-01-preview","capabilities":"None"},{"resourceType":"connectedEnvironments","locations":["Central
        US EUAP","East US 2 EUAP","North Central US (Stage)","North Central US","East
        US","East Asia","West Europe"],"apiVersions":["2022-11-01-preview","2022-10-01","2022-06-01-preview"],"defaultApiVersion":"2022-11-01-preview","capabilities":"CrossResourceGroupResourceMove,
        CrossSubscriptionResourceMove, SupportsTags, SupportsLocation"},{"resourceType":"connectedEnvironments/certificates","locations":["Central
        US EUAP","East US 2 EUAP","North Central US (Stage)","North Central US","East
        US","East Asia","West Europe"],"apiVersions":["2022-11-01-preview","2022-10-01","2022-06-01-preview"],"defaultApiVersion":"2022-11-01-preview","capabilities":"CrossResourceGroupResourceMove,
        CrossSubscriptionResourceMove, SupportsTags, SupportsLocation"},{"resourceType":"locations/connectedEnvironmentOperationResults","locations":["Central
        US EUAP","East US 2 EUAP","North Central US (Stage)","North Central US","East
        US","East Asia","West Europe"],"apiVersions":["2022-11-01-preview","2022-10-01","2022-06-01-preview"],"defaultApiVersion":"2022-11-01-preview","capabilities":"None"},{"resourceType":"locations/connectedEnvironmentOperationStatuses","locations":["Central
        US EUAP","East US 2 EUAP","North Central US (Stage)","North Central US","East
        US","East Asia","West Europe"],"apiVersions":["2022-11-01-preview","2022-10-01","2022-06-01-preview"],"defaultApiVersion":"2022-11-01-preview","capabilities":"None"},{"resourceType":"locations/billingMeters","locations":["Central
        US EUAP","East US 2 EUAP","North Central US (Stage)","Australia East","North
        Central US","East US 2","West Europe","Central US","East US","North Europe","South
        Central US","UK South","West US 3"],"apiVersions":["2023-04-01-preview","2023-02-01","2022-11-01-preview","2022-10-01","2022-06-01-preview"],"defaultApiVersion":"2022-11-01-preview","capabilities":"None"},{"resourceType":"locations/availableManagedEnvironmentsWorkloadProfileTypes","locations":["Central
        US EUAP","East US 2 EUAP","North Central US (Stage)","Australia East","North
        Central US","East US 2","West Europe","Central US","East US","North Europe","South
        Central US","UK South","West US 3"],"apiVersions":["2023-04-01-preview","2023-02-01","2022-11-01-preview","2022-10-01","2022-06-01-preview"],"defaultApiVersion":"2022-11-01-preview","capabilities":"None"}],"registrationState":"Registered","registrationPolicy":"RegistrationRequired"}'
    headers:
      cache-control:
      - no-cache
      content-length:
      - '10638'
      content-type:
      - application/json; charset=utf-8
      date:
      - Sat, 06 May 2023 07:06:09 GMT
      expires:
      - '-1'
      pragma:
      - no-cache
      strict-transport-security:
      - max-age=31536000; includeSubDomains
      vary:
      - Accept-Encoding
      x-content-type-options:
      - nosniff
    status:
      code: 200
      message: OK
- request:
    body: null
    headers:
      Accept:
      - application/json
      Accept-Encoding:
      - gzip, deflate
      CommandName:
      - containerapp env create
      Connection:
      - keep-alive
      ParameterSetName:
      - -g -n --logs-workspace-id --logs-workspace-key -l
      User-Agent:
      - AZURECLI/2.46.0 azsdk-python-azure-mgmt-resource/22.0.0 Python/3.10.11 (Windows-10-10.0.22621-SP0)
    method: GET
    uri: https://management.azure.com/subscriptions/00000000-0000-0000-0000-000000000000/providers/Microsoft.App?api-version=2022-09-01
  response:
    body:
      string: '{"id":"/subscriptions/00000000-0000-0000-0000-000000000000/providers/Microsoft.App","namespace":"Microsoft.App","authorizations":[{"applicationId":"7e3bc4fd-85a3-4192-b177-5b8bfc87f42c","roleDefinitionId":"39a74f72-b40f-4bdc-b639-562fe2260bf0"},{"applicationId":"3734c1a4-2bed-4998-a37a-ff1a9e7bf019","roleDefinitionId":"5c779a4f-5cb2-4547-8c41-478d9be8ba90"},{"applicationId":"55ebbb62-3b9c-49fd-9b87-9595226dd4ac","roleDefinitionId":"e49ca620-7992-4561-a7df-4ed67dad77b5","managedByRoleDefinitionId":"9e3af657-a8ff-583c-a75c-2fe7c4bcb635"}],"resourceTypes":[{"resourceType":"operations","locations":["North
        Central US (Stage)","Central US EUAP","East US 2 EUAP","West US 2","Southeast
        Asia","Sweden Central","Canada Central","West Europe","North Europe","East
        US","East US 2","East Asia","Australia East","Germany West Central","Japan
        East","UK South","West US","Central US","North Central US","South Central
        US","Korea Central","Brazil South","West US 3","France Central","South Africa
        North","Norway East","Switzerland North","UAE North"],"apiVersions":["2023-02-01","2022-11-01-preview","2022-10-01","2022-06-01-preview","2022-03-01","2022-01-01-preview"],"defaultApiVersion":"2022-11-01-preview","capabilities":"None"},{"resourceType":"managedEnvironments","locations":["Central
        US EUAP","East US 2 EUAP","West US 2","Southeast Asia","Sweden Central","North
        Central US (Stage)","Canada Central","West Europe","North Europe","East US","East
        US 2","East Asia","Australia East","Germany West Central","Japan East","UK
        South","West US","Central US","North Central US","South Central US","Korea
        Central","Brazil South","West US 3","France Central","South Africa North","Norway
        East","Switzerland North","UAE North"],"apiVersions":["2023-04-01-preview","2023-02-01","2022-11-01-preview","2022-10-01","2022-06-01-preview","2022-03-01","2022-01-01-preview"],"defaultApiVersion":"2022-11-01-preview","capabilities":"CrossResourceGroupResourceMove,
        CrossSubscriptionResourceMove, SupportsTags, SupportsLocation"},{"resourceType":"managedEnvironments/certificates","locations":["Central
        US EUAP","East US 2 EUAP","West US 2","Southeast Asia","Sweden Central","North
        Central US (Stage)","Canada Central","West Europe","North Europe","East US","East
        US 2","East Asia","Australia East","Germany West Central","Japan East","UK
        South","West US","Central US","North Central US","South Central US","Korea
        Central","Brazil South","West US 3","France Central","South Africa North","Norway
        East","Switzerland North","UAE North"],"apiVersions":["2023-04-01-preview","2023-02-01","2022-11-01-preview","2022-10-01","2022-06-01-preview","2022-03-01","2022-01-01-preview"],"defaultApiVersion":"2022-11-01-preview","capabilities":"CrossResourceGroupResourceMove,
        CrossSubscriptionResourceMove, SupportsTags, SupportsLocation"},{"resourceType":"managedEnvironments/managedCertificates","locations":["Central
        US EUAP","East US 2 EUAP","West US 2","Southeast Asia","Sweden Central","North
        Central US (Stage)","Canada Central","West Europe","North Europe","East US","East
        US 2","East Asia","Australia East","Germany West Central","Japan East","UK
        South","West US","Central US","North Central US","South Central US","Korea
        Central","Brazil South","West US 3","France Central","South Africa North","Norway
        East","Switzerland North","UAE North"],"apiVersions":["2023-04-01-preview","2023-02-01","2022-11-01-preview"],"defaultApiVersion":"2022-11-01-preview","capabilities":"CrossResourceGroupResourceMove,
        CrossSubscriptionResourceMove, SupportsTags, SupportsLocation"},{"resourceType":"containerApps","locations":["Central
        US EUAP","East US 2 EUAP","West US 2","Southeast Asia","Sweden Central","North
        Central US (Stage)","Canada Central","West Europe","North Europe","East US","East
        US 2","East Asia","Australia East","Germany West Central","Japan East","UK
        South","West US","Central US","North Central US","South Central US","Korea
        Central","Brazil South","West US 3","France Central","South Africa North","Norway
        East","Switzerland North","UAE North"],"apiVersions":["2023-04-01-preview","2023-02-01","2022-11-01-preview","2022-10-01","2022-06-01-preview","2022-03-01","2022-01-01-preview"],"defaultApiVersion":"2022-11-01-preview","capabilities":"CrossResourceGroupResourceMove,
        CrossSubscriptionResourceMove, SystemAssignedResourceIdentity, SupportsTags,
        SupportsLocation"},{"resourceType":"jobs","locations":["Central US EUAP","East
        US 2 EUAP","West US 2","Southeast Asia","Sweden Central","North Central US
        (Stage)","Canada Central","West Europe","North Europe","East US","East US
        2","East Asia","Australia East","Germany West Central","Japan East","UK South","West
        US","Central US","North Central US","South Central US","Korea Central","Brazil
        South","West US 3","France Central","South Africa North","Norway East","Switzerland
        North","UAE North"],"apiVersions":["2023-04-01-preview","2023-02-01","2022-11-01-preview"],"defaultApiVersion":"2022-11-01-preview","capabilities":"CrossResourceGroupResourceMove,
        CrossSubscriptionResourceMove, SystemAssignedResourceIdentity, SupportsTags,
        SupportsLocation"},{"resourceType":"locations","locations":[],"apiVersions":["2023-04-01-preview","2023-02-01","2022-11-01-preview","2022-10-01","2022-06-01-preview","2022-03-01","2022-01-01-preview"],"defaultApiVersion":"2022-11-01-preview","capabilities":"None"},{"resourceType":"locations/managedEnvironmentOperationResults","locations":["Central
        US EUAP","East US 2 EUAP","West US 2","Southeast Asia","Sweden Central","North
        Central US (Stage)","Canada Central","West Europe","North Europe","East US","East
        US 2","East Asia","Australia East","Germany West Central","Japan East","UK
        South","West US","Central US","North Central US","South Central US","Korea
        Central","Brazil South","West US 3","France Central","South Africa North","Norway
        East","Switzerland North","UAE North"],"apiVersions":["2023-04-01-preview","2023-02-01","2022-11-01-preview","2022-10-01","2022-06-01-preview","2022-03-01","2022-01-01-preview"],"defaultApiVersion":"2022-11-01-preview","capabilities":"None"},{"resourceType":"locations/managedEnvironmentOperationStatuses","locations":["Central
        US EUAP","East US 2 EUAP","West US 2","Southeast Asia","Sweden Central","North
        Central US (Stage)","Canada Central","West Europe","North Europe","East US","East
        US 2","East Asia","Australia East","Germany West Central","Japan East","UK
        South","West US","Central US","North Central US","South Central US","Korea
        Central","Brazil South","West US 3","France Central","South Africa North","Norway
        East","Switzerland North","UAE North"],"apiVersions":["2023-04-01-preview","2023-02-01","2022-11-01-preview","2022-10-01","2022-06-01-preview","2022-03-01","2022-01-01-preview"],"defaultApiVersion":"2022-11-01-preview","capabilities":"None"},{"resourceType":"locations/containerappOperationResults","locations":["Central
        US EUAP","East US 2 EUAP","West US 2","Southeast Asia","Sweden Central","North
        Central US (Stage)","Canada Central","West Europe","North Europe","East US","East
        US 2","East Asia","Australia East","Germany West Central","Japan East","UK
        South","West US","Central US","North Central US","South Central US","Korea
        Central","Brazil South","West US 3","France Central","South Africa North","Norway
        East","Switzerland North","UAE North"],"apiVersions":["2023-04-01-preview","2023-02-01","2022-11-01-preview","2022-10-01","2022-06-01-preview","2022-03-01","2022-01-01-preview"],"defaultApiVersion":"2022-11-01-preview","capabilities":"None"},{"resourceType":"locations/containerappOperationStatuses","locations":["Central
        US EUAP","East US 2 EUAP","West US 2","Southeast Asia","Sweden Central","North
        Central US (Stage)","Canada Central","West Europe","North Europe","East US","East
        US 2","East Asia","Australia East","Germany West Central","Japan East","UK
        South","West US","Central US","North Central US","South Central US","Korea
        Central","Brazil South","West US 3","France Central","South Africa North","Norway
        East","Switzerland North","UAE North"],"apiVersions":["2023-04-01-preview","2023-02-01","2022-11-01-preview","2022-10-01","2022-06-01-preview","2022-03-01","2022-01-01-preview"],"defaultApiVersion":"2022-11-01-preview","capabilities":"None"},{"resourceType":"connectedEnvironments","locations":["Central
        US EUAP","East US 2 EUAP","North Central US (Stage)","North Central US","East
        US","East Asia","West Europe"],"apiVersions":["2022-11-01-preview","2022-10-01","2022-06-01-preview"],"defaultApiVersion":"2022-11-01-preview","capabilities":"CrossResourceGroupResourceMove,
        CrossSubscriptionResourceMove, SupportsTags, SupportsLocation"},{"resourceType":"connectedEnvironments/certificates","locations":["Central
        US EUAP","East US 2 EUAP","North Central US (Stage)","North Central US","East
        US","East Asia","West Europe"],"apiVersions":["2022-11-01-preview","2022-10-01","2022-06-01-preview"],"defaultApiVersion":"2022-11-01-preview","capabilities":"CrossResourceGroupResourceMove,
        CrossSubscriptionResourceMove, SupportsTags, SupportsLocation"},{"resourceType":"locations/connectedEnvironmentOperationResults","locations":["Central
        US EUAP","East US 2 EUAP","North Central US (Stage)","North Central US","East
        US","East Asia","West Europe"],"apiVersions":["2022-11-01-preview","2022-10-01","2022-06-01-preview"],"defaultApiVersion":"2022-11-01-preview","capabilities":"None"},{"resourceType":"locations/connectedEnvironmentOperationStatuses","locations":["Central
        US EUAP","East US 2 EUAP","North Central US (Stage)","North Central US","East
        US","East Asia","West Europe"],"apiVersions":["2022-11-01-preview","2022-10-01","2022-06-01-preview"],"defaultApiVersion":"2022-11-01-preview","capabilities":"None"},{"resourceType":"locations/billingMeters","locations":["Central
        US EUAP","East US 2 EUAP","North Central US (Stage)","Australia East","North
        Central US","East US 2","West Europe","Central US","East US","North Europe","South
        Central US","UK South","West US 3"],"apiVersions":["2023-04-01-preview","2023-02-01","2022-11-01-preview","2022-10-01","2022-06-01-preview"],"defaultApiVersion":"2022-11-01-preview","capabilities":"None"},{"resourceType":"locations/availableManagedEnvironmentsWorkloadProfileTypes","locations":["Central
        US EUAP","East US 2 EUAP","North Central US (Stage)","Australia East","North
        Central US","East US 2","West Europe","Central US","East US","North Europe","South
        Central US","UK South","West US 3"],"apiVersions":["2023-04-01-preview","2023-02-01","2022-11-01-preview","2022-10-01","2022-06-01-preview"],"defaultApiVersion":"2022-11-01-preview","capabilities":"None"}],"registrationState":"Registered","registrationPolicy":"RegistrationRequired"}'
    headers:
      cache-control:
      - no-cache
      content-length:
      - '10638'
      content-type:
      - application/json; charset=utf-8
      date:
      - Sat, 06 May 2023 07:06:09 GMT
      expires:
      - '-1'
      pragma:
      - no-cache
      strict-transport-security:
      - max-age=31536000; includeSubDomains
      vary:
      - Accept-Encoding
      x-content-type-options:
      - nosniff
    status:
      code: 200
      message: OK
- request:
    body: '{"location": "eastus", "tags": null, "properties": {"daprAIInstrumentationKey":
      null, "vnetConfiguration": null, "appLogsConfiguration": {"destination": "log-analytics",
      "logAnalyticsConfiguration": {"customerId": "f31b6645-a904-4275-b538-65ce88db0796",
      "sharedKey": "C1ZzJOSmUy+j6MyT+ufnUSOy4FMSePwEXZCPYtTV7lA7OwnIKkvoyLs4F8LaNsE9Ym5jTDC/r+Jn4WSNX72eBw=="}},
      "customDomainConfiguration": null, "workloadProfiles": null, "zoneRedundant":
      false}}'
    headers:
      Accept:
      - '*/*'
      Accept-Encoding:
      - gzip, deflate
      CommandName:
      - containerapp env create
      Connection:
      - keep-alive
      Content-Length:
      - '446'
      Content-Type:
      - application/json
      ParameterSetName:
      - -g -n --logs-workspace-id --logs-workspace-key -l
      User-Agent:
      - python/3.10.11 (Windows-10-10.0.22621-SP0) AZURECLI/2.46.0
    method: PUT
    uri: https://management.azure.com/subscriptions/00000000-0000-0000-0000-000000000000/resourceGroups/cli_test_containerapp_preview000001/providers/Microsoft.App/managedEnvironments/containerapp-compose000002?api-version=2023-04-01-preview
  response:
    body:
      string: '{"id":"/subscriptions/00000000-0000-0000-0000-000000000000/resourceGroups/cli_test_containerapp_preview000001/providers/Microsoft.App/managedEnvironments/containerapp-compose000002","name":"containerapp-compose000002","type":"Microsoft.App/managedEnvironments","location":"eastus","systemData":{"createdBy":"xinyupang@microsoft.com","createdByType":"User","createdAt":"2023-05-06T07:06:17.0630106Z","lastModifiedBy":"xinyupang@microsoft.com","lastModifiedByType":"User","lastModifiedAt":"2023-05-06T07:06:17.0630106Z"},"properties":{"provisioningState":"Waiting","daprAIInstrumentationKey":null,"daprAIConnectionString":null,"vnetConfiguration":null,"defaultDomain":"wittyocean-9e57ab6c.eastus.azurecontainerapps.io","staticIp":"20.121.101.70","appLogsConfiguration":{"destination":"log-analytics","logAnalyticsConfiguration":{"customerId":"f31b6645-a904-4275-b538-65ce88db0796","sharedKey":null}},"zoneRedundant":false,"kedaConfiguration":{"version":"2.9.2"},"daprConfiguration":{"version":"1.10.4"},"eventStreamEndpoint":"https://eastus.azurecontainerapps.dev/subscriptions/00000000-0000-0000-0000-000000000000/resourceGroups/cli_test_containerapp_preview000001/managedEnvironments/containerapp-compose000002/eventstream","customDomainConfiguration":{"customDomainVerificationId":"D3F71C85EB6552E36A89A3E4A080C3CFB00181670B659B0003264FC673AA9B00","dnsSuffix":null,"certificateValue":null,"certificatePassword":null,"thumbprint":null,"subjectName":null,"expirationDateUtc":null},"workloadProfiles":null,"firstPartyConfiguration":null,"infrastructureResourceGroup":null}}'
    headers:
      api-supported-versions:
      - 2022-01-01-preview, 2022-03-01, 2022-06-01-preview, 2022-10-01, 2022-11-01-preview,
        2023-02-01, 2023-04-01-preview
      azure-asyncoperation:
      - https://management.azure.com/subscriptions/00000000-0000-0000-0000-000000000000/providers/Microsoft.App/locations/eastus/managedEnvironmentOperationStatuses/c6b2eb76-7839-4114-8210-09f7dfb8e268?api-version=2023-04-01-preview&azureAsyncOperation=true
      cache-control:
      - no-cache
      content-length:
      - '1571'
      content-type:
      - application/json; charset=utf-8
      date:
      - Sat, 06 May 2023 07:06:19 GMT
      expires:
      - '-1'
      pragma:
      - no-cache
      server:
      - Microsoft-IIS/10.0
      strict-transport-security:
      - max-age=31536000; includeSubDomains
      x-content-type-options:
      - nosniff
      x-ms-async-operation-timeout:
      - PT15M
      x-ms-ratelimit-remaining-subscription-resource-requests:
      - '98'
      x-powered-by:
      - ASP.NET
    status:
      code: 201
      message: Created
- request:
    body: null
    headers:
      Accept:
      - '*/*'
      Accept-Encoding:
      - gzip, deflate
      CommandName:
      - containerapp env create
      Connection:
      - keep-alive
      ParameterSetName:
      - -g -n --logs-workspace-id --logs-workspace-key -l
      User-Agent:
      - python/3.10.11 (Windows-10-10.0.22621-SP0) AZURECLI/2.46.0
    method: GET
    uri: https://management.azure.com/subscriptions/00000000-0000-0000-0000-000000000000/providers/Microsoft.App/locations/eastus/managedEnvironmentOperationStatuses/c6b2eb76-7839-4114-8210-09f7dfb8e268?api-version=2023-04-01-preview&azureAsyncOperation=true
  response:
    body:
      string: '{"id":"/subscriptions/00000000-0000-0000-0000-000000000000/providers/Microsoft.App/locations/eastus/managedEnvironmentOperationStatuses/c6b2eb76-7839-4114-8210-09f7dfb8e268","name":"c6b2eb76-7839-4114-8210-09f7dfb8e268","status":"InProgress","startTime":"2023-05-06T07:06:18.5594346"}'
    headers:
      api-supported-versions:
      - 2022-01-01-preview, 2022-03-01, 2022-06-01-preview, 2022-10-01, 2022-11-01-preview,
        2023-02-01, 2023-04-01-preview
      cache-control:
      - no-cache
      content-length:
      - '284'
      content-type:
      - application/json; charset=utf-8
      date:
      - Sat, 06 May 2023 07:06:21 GMT
      expires:
      - '-1'
      pragma:
      - no-cache
      server:
      - Microsoft-IIS/10.0
      strict-transport-security:
      - max-age=31536000; includeSubDomains
      transfer-encoding:
      - chunked
      vary:
      - Accept-Encoding,Accept-Encoding
      x-content-type-options:
      - nosniff
      x-powered-by:
      - ASP.NET
    status:
      code: 200
      message: OK
- request:
    body: null
    headers:
      Accept:
      - '*/*'
      Accept-Encoding:
      - gzip, deflate
      CommandName:
      - containerapp env create
      Connection:
      - keep-alive
      ParameterSetName:
      - -g -n --logs-workspace-id --logs-workspace-key -l
      User-Agent:
      - python/3.10.11 (Windows-10-10.0.22621-SP0) AZURECLI/2.46.0
    method: GET
    uri: https://management.azure.com/subscriptions/00000000-0000-0000-0000-000000000000/providers/Microsoft.App/locations/eastus/managedEnvironmentOperationStatuses/c6b2eb76-7839-4114-8210-09f7dfb8e268?api-version=2023-04-01-preview&azureAsyncOperation=true
  response:
    body:
      string: '{"id":"/subscriptions/00000000-0000-0000-0000-000000000000/providers/Microsoft.App/locations/eastus/managedEnvironmentOperationStatuses/c6b2eb76-7839-4114-8210-09f7dfb8e268","name":"c6b2eb76-7839-4114-8210-09f7dfb8e268","status":"InProgress","startTime":"2023-05-06T07:06:18.5594346"}'
    headers:
      api-supported-versions:
      - 2022-01-01-preview, 2022-03-01, 2022-06-01-preview, 2022-10-01, 2022-11-01-preview,
        2023-02-01, 2023-04-01-preview
      cache-control:
      - no-cache
      content-length:
      - '284'
      content-type:
      - application/json; charset=utf-8
      date:
      - Sat, 06 May 2023 07:06:26 GMT
      expires:
      - '-1'
      pragma:
      - no-cache
      server:
      - Microsoft-IIS/10.0
      strict-transport-security:
      - max-age=31536000; includeSubDomains
      transfer-encoding:
      - chunked
      vary:
      - Accept-Encoding,Accept-Encoding
      x-content-type-options:
      - nosniff
      x-powered-by:
      - ASP.NET
    status:
      code: 200
      message: OK
- request:
    body: null
    headers:
      Accept:
      - '*/*'
      Accept-Encoding:
      - gzip, deflate
      CommandName:
      - containerapp env create
      Connection:
      - keep-alive
      ParameterSetName:
      - -g -n --logs-workspace-id --logs-workspace-key -l
      User-Agent:
      - python/3.10.11 (Windows-10-10.0.22621-SP0) AZURECLI/2.46.0
    method: GET
    uri: https://management.azure.com/subscriptions/00000000-0000-0000-0000-000000000000/providers/Microsoft.App/locations/eastus/managedEnvironmentOperationStatuses/c6b2eb76-7839-4114-8210-09f7dfb8e268?api-version=2023-04-01-preview&azureAsyncOperation=true
  response:
    body:
      string: '{"id":"/subscriptions/00000000-0000-0000-0000-000000000000/providers/Microsoft.App/locations/eastus/managedEnvironmentOperationStatuses/c6b2eb76-7839-4114-8210-09f7dfb8e268","name":"c6b2eb76-7839-4114-8210-09f7dfb8e268","status":"InProgress","startTime":"2023-05-06T07:06:18.5594346"}'
    headers:
      api-supported-versions:
      - 2022-01-01-preview, 2022-03-01, 2022-06-01-preview, 2022-10-01, 2022-11-01-preview,
        2023-02-01, 2023-04-01-preview
      cache-control:
      - no-cache
      content-length:
      - '284'
      content-type:
      - application/json; charset=utf-8
      date:
      - Sat, 06 May 2023 07:06:30 GMT
      expires:
      - '-1'
      pragma:
      - no-cache
      server:
      - Microsoft-IIS/10.0
      strict-transport-security:
      - max-age=31536000; includeSubDomains
      transfer-encoding:
      - chunked
      vary:
      - Accept-Encoding,Accept-Encoding
      x-content-type-options:
      - nosniff
      x-powered-by:
      - ASP.NET
    status:
      code: 200
      message: OK
- request:
    body: null
    headers:
      Accept:
      - '*/*'
      Accept-Encoding:
      - gzip, deflate
      CommandName:
      - containerapp env create
      Connection:
      - keep-alive
      ParameterSetName:
      - -g -n --logs-workspace-id --logs-workspace-key -l
      User-Agent:
      - python/3.10.11 (Windows-10-10.0.22621-SP0) AZURECLI/2.46.0
    method: GET
    uri: https://management.azure.com/subscriptions/00000000-0000-0000-0000-000000000000/providers/Microsoft.App/locations/eastus/managedEnvironmentOperationStatuses/c6b2eb76-7839-4114-8210-09f7dfb8e268?api-version=2023-04-01-preview&azureAsyncOperation=true
  response:
    body:
      string: '{"id":"/subscriptions/00000000-0000-0000-0000-000000000000/providers/Microsoft.App/locations/eastus/managedEnvironmentOperationStatuses/c6b2eb76-7839-4114-8210-09f7dfb8e268","name":"c6b2eb76-7839-4114-8210-09f7dfb8e268","status":"InProgress","startTime":"2023-05-06T07:06:18.5594346"}'
    headers:
      api-supported-versions:
      - 2022-01-01-preview, 2022-03-01, 2022-06-01-preview, 2022-10-01, 2022-11-01-preview,
        2023-02-01, 2023-04-01-preview
      cache-control:
      - no-cache
      content-length:
      - '284'
      content-type:
      - application/json; charset=utf-8
      date:
      - Sat, 06 May 2023 07:06:33 GMT
      expires:
      - '-1'
      pragma:
      - no-cache
      server:
      - Microsoft-IIS/10.0
      strict-transport-security:
      - max-age=31536000; includeSubDomains
      transfer-encoding:
      - chunked
      vary:
      - Accept-Encoding,Accept-Encoding
      x-content-type-options:
      - nosniff
      x-powered-by:
      - ASP.NET
    status:
      code: 200
      message: OK
- request:
    body: null
    headers:
      Accept:
      - '*/*'
      Accept-Encoding:
      - gzip, deflate
      CommandName:
      - containerapp env create
      Connection:
      - keep-alive
      ParameterSetName:
      - -g -n --logs-workspace-id --logs-workspace-key -l
      User-Agent:
      - python/3.10.11 (Windows-10-10.0.22621-SP0) AZURECLI/2.46.0
    method: GET
    uri: https://management.azure.com/subscriptions/00000000-0000-0000-0000-000000000000/providers/Microsoft.App/locations/eastus/managedEnvironmentOperationStatuses/c6b2eb76-7839-4114-8210-09f7dfb8e268?api-version=2023-04-01-preview&azureAsyncOperation=true
  response:
    body:
      string: '{"id":"/subscriptions/00000000-0000-0000-0000-000000000000/providers/Microsoft.App/locations/eastus/managedEnvironmentOperationStatuses/c6b2eb76-7839-4114-8210-09f7dfb8e268","name":"c6b2eb76-7839-4114-8210-09f7dfb8e268","status":"InProgress","startTime":"2023-05-06T07:06:18.5594346"}'
    headers:
      api-supported-versions:
      - 2022-01-01-preview, 2022-03-01, 2022-06-01-preview, 2022-10-01, 2022-11-01-preview,
        2023-02-01, 2023-04-01-preview
      cache-control:
      - no-cache
      content-length:
      - '284'
      content-type:
      - application/json; charset=utf-8
      date:
      - Sat, 06 May 2023 07:06:36 GMT
      expires:
      - '-1'
      pragma:
      - no-cache
      server:
      - Microsoft-IIS/10.0
      strict-transport-security:
      - max-age=31536000; includeSubDomains
      transfer-encoding:
      - chunked
      vary:
      - Accept-Encoding,Accept-Encoding
      x-content-type-options:
      - nosniff
      x-powered-by:
      - ASP.NET
    status:
      code: 200
      message: OK
- request:
    body: null
    headers:
      Accept:
      - '*/*'
      Accept-Encoding:
      - gzip, deflate
      CommandName:
      - containerapp env create
      Connection:
      - keep-alive
      ParameterSetName:
      - -g -n --logs-workspace-id --logs-workspace-key -l
      User-Agent:
      - python/3.10.11 (Windows-10-10.0.22621-SP0) AZURECLI/2.46.0
    method: GET
    uri: https://management.azure.com/subscriptions/00000000-0000-0000-0000-000000000000/providers/Microsoft.App/locations/eastus/managedEnvironmentOperationStatuses/c6b2eb76-7839-4114-8210-09f7dfb8e268?api-version=2023-04-01-preview&azureAsyncOperation=true
  response:
    body:
      string: '{"id":"/subscriptions/00000000-0000-0000-0000-000000000000/providers/Microsoft.App/locations/eastus/managedEnvironmentOperationStatuses/c6b2eb76-7839-4114-8210-09f7dfb8e268","name":"c6b2eb76-7839-4114-8210-09f7dfb8e268","status":"InProgress","startTime":"2023-05-06T07:06:18.5594346"}'
    headers:
      api-supported-versions:
      - 2022-01-01-preview, 2022-03-01, 2022-06-01-preview, 2022-10-01, 2022-11-01-preview,
        2023-02-01, 2023-04-01-preview
      cache-control:
      - no-cache
      content-length:
      - '284'
      content-type:
      - application/json; charset=utf-8
      date:
      - Sat, 06 May 2023 07:06:40 GMT
      expires:
      - '-1'
      pragma:
      - no-cache
      server:
      - Microsoft-IIS/10.0
      strict-transport-security:
      - max-age=31536000; includeSubDomains
      transfer-encoding:
      - chunked
      vary:
      - Accept-Encoding,Accept-Encoding
      x-content-type-options:
      - nosniff
      x-powered-by:
      - ASP.NET
    status:
      code: 200
      message: OK
- request:
    body: null
    headers:
      Accept:
      - '*/*'
      Accept-Encoding:
      - gzip, deflate
      CommandName:
      - containerapp env create
      Connection:
      - keep-alive
      ParameterSetName:
      - -g -n --logs-workspace-id --logs-workspace-key -l
      User-Agent:
      - python/3.10.11 (Windows-10-10.0.22621-SP0) AZURECLI/2.46.0
    method: GET
    uri: https://management.azure.com/subscriptions/00000000-0000-0000-0000-000000000000/providers/Microsoft.App/locations/eastus/managedEnvironmentOperationStatuses/c6b2eb76-7839-4114-8210-09f7dfb8e268?api-version=2023-04-01-preview&azureAsyncOperation=true
  response:
    body:
      string: '{"id":"/subscriptions/00000000-0000-0000-0000-000000000000/providers/Microsoft.App/locations/eastus/managedEnvironmentOperationStatuses/c6b2eb76-7839-4114-8210-09f7dfb8e268","name":"c6b2eb76-7839-4114-8210-09f7dfb8e268","status":"Succeeded","startTime":"2023-05-06T07:06:18.5594346"}'
    headers:
      api-supported-versions:
      - 2022-01-01-preview, 2022-03-01, 2022-06-01-preview, 2022-10-01, 2022-11-01-preview,
        2023-02-01, 2023-04-01-preview
      cache-control:
      - no-cache
      content-length:
      - '283'
      content-type:
      - application/json; charset=utf-8
      date:
      - Sat, 06 May 2023 07:06:44 GMT
      expires:
      - '-1'
      pragma:
      - no-cache
      server:
      - Microsoft-IIS/10.0
      strict-transport-security:
      - max-age=31536000; includeSubDomains
      transfer-encoding:
      - chunked
      vary:
      - Accept-Encoding,Accept-Encoding
      x-content-type-options:
      - nosniff
      x-powered-by:
      - ASP.NET
    status:
      code: 200
      message: OK
- request:
    body: null
    headers:
      Accept:
      - '*/*'
      Accept-Encoding:
      - gzip, deflate
      CommandName:
      - containerapp env create
      Connection:
      - keep-alive
      ParameterSetName:
      - -g -n --logs-workspace-id --logs-workspace-key -l
      User-Agent:
      - python/3.10.11 (Windows-10-10.0.22621-SP0) AZURECLI/2.46.0
    method: GET
    uri: https://management.azure.com/subscriptions/00000000-0000-0000-0000-000000000000/resourceGroups/cli_test_containerapp_preview000001/providers/Microsoft.App/managedEnvironments/containerapp-compose000002?api-version=2023-04-01-preview
  response:
    body:
      string: '{"id":"/subscriptions/00000000-0000-0000-0000-000000000000/resourceGroups/cli_test_containerapp_preview000001/providers/Microsoft.App/managedEnvironments/containerapp-compose000002","name":"containerapp-compose000002","type":"Microsoft.App/managedEnvironments","location":"eastus","systemData":{"createdBy":"xinyupang@microsoft.com","createdByType":"User","createdAt":"2023-05-06T07:06:17.0630106","lastModifiedBy":"xinyupang@microsoft.com","lastModifiedByType":"User","lastModifiedAt":"2023-05-06T07:06:17.0630106"},"properties":{"provisioningState":"Succeeded","daprAIInstrumentationKey":null,"daprAIConnectionString":null,"vnetConfiguration":null,"defaultDomain":"wittyocean-9e57ab6c.eastus.azurecontainerapps.io","staticIp":"20.121.101.70","appLogsConfiguration":{"destination":"log-analytics","logAnalyticsConfiguration":{"customerId":"f31b6645-a904-4275-b538-65ce88db0796","sharedKey":null}},"zoneRedundant":false,"kedaConfiguration":{"version":"2.9.2"},"daprConfiguration":{"version":"1.10.4"},"eventStreamEndpoint":"https://eastus.azurecontainerapps.dev/subscriptions/00000000-0000-0000-0000-000000000000/resourceGroups/cli_test_containerapp_preview000001/managedEnvironments/containerapp-compose000002/eventstream","customDomainConfiguration":{"customDomainVerificationId":"D3F71C85EB6552E36A89A3E4A080C3CFB00181670B659B0003264FC673AA9B00","dnsSuffix":null,"certificateValue":null,"certificatePassword":null,"thumbprint":null,"subjectName":null,"expirationDateUtc":null},"workloadProfiles":null,"firstPartyConfiguration":null,"infrastructureResourceGroup":null}}'
    headers:
      api-supported-versions:
      - 2022-01-01-preview, 2022-03-01, 2022-06-01-preview, 2022-10-01, 2022-11-01-preview,
        2023-02-01, 2023-04-01-preview
      cache-control:
      - no-cache
      content-length:
      - '1571'
      content-type:
      - application/json; charset=utf-8
      date:
      - Sat, 06 May 2023 07:06:45 GMT
      expires:
      - '-1'
      pragma:
      - no-cache
      server:
      - Microsoft-IIS/10.0
      strict-transport-security:
      - max-age=31536000; includeSubDomains
      transfer-encoding:
      - chunked
      vary:
      - Accept-Encoding,Accept-Encoding
      x-content-type-options:
      - nosniff
      x-powered-by:
      - ASP.NET
    status:
      code: 200
      message: OK
- request:
    body: null
    headers:
      Accept:
      - application/json
      Accept-Encoding:
      - gzip, deflate
      CommandName:
      - containerapp env show
      Connection:
      - keep-alive
      ParameterSetName:
      - -g -n
      User-Agent:
      - AZURECLI/2.46.0 azsdk-python-azure-mgmt-resource/22.0.0 Python/3.10.11 (Windows-10-10.0.22621-SP0)
    method: GET
    uri: https://management.azure.com/subscriptions/00000000-0000-0000-0000-000000000000/providers/Microsoft.App?api-version=2022-09-01
  response:
    body:
      string: '{"id":"/subscriptions/00000000-0000-0000-0000-000000000000/providers/Microsoft.App","namespace":"Microsoft.App","authorizations":[{"applicationId":"7e3bc4fd-85a3-4192-b177-5b8bfc87f42c","roleDefinitionId":"39a74f72-b40f-4bdc-b639-562fe2260bf0"},{"applicationId":"3734c1a4-2bed-4998-a37a-ff1a9e7bf019","roleDefinitionId":"5c779a4f-5cb2-4547-8c41-478d9be8ba90"},{"applicationId":"55ebbb62-3b9c-49fd-9b87-9595226dd4ac","roleDefinitionId":"e49ca620-7992-4561-a7df-4ed67dad77b5","managedByRoleDefinitionId":"9e3af657-a8ff-583c-a75c-2fe7c4bcb635"}],"resourceTypes":[{"resourceType":"operations","locations":["North
        Central US (Stage)","Central US EUAP","East US 2 EUAP","West US 2","Southeast
        Asia","Sweden Central","Canada Central","West Europe","North Europe","East
        US","East US 2","East Asia","Australia East","Germany West Central","Japan
        East","UK South","West US","Central US","North Central US","South Central
        US","Korea Central","Brazil South","West US 3","France Central","South Africa
        North","Norway East","Switzerland North","UAE North"],"apiVersions":["2023-02-01","2022-11-01-preview","2022-10-01","2022-06-01-preview","2022-03-01","2022-01-01-preview"],"defaultApiVersion":"2022-11-01-preview","capabilities":"None"},{"resourceType":"managedEnvironments","locations":["Central
        US EUAP","East US 2 EUAP","West US 2","Southeast Asia","Sweden Central","North
        Central US (Stage)","Canada Central","West Europe","North Europe","East US","East
        US 2","East Asia","Australia East","Germany West Central","Japan East","UK
        South","West US","Central US","North Central US","South Central US","Korea
        Central","Brazil South","West US 3","France Central","South Africa North","Norway
        East","Switzerland North","UAE North"],"apiVersions":["2023-04-01-preview","2023-02-01","2022-11-01-preview","2022-10-01","2022-06-01-preview","2022-03-01","2022-01-01-preview"],"defaultApiVersion":"2022-11-01-preview","capabilities":"CrossResourceGroupResourceMove,
        CrossSubscriptionResourceMove, SupportsTags, SupportsLocation"},{"resourceType":"managedEnvironments/certificates","locations":["Central
        US EUAP","East US 2 EUAP","West US 2","Southeast Asia","Sweden Central","North
        Central US (Stage)","Canada Central","West Europe","North Europe","East US","East
        US 2","East Asia","Australia East","Germany West Central","Japan East","UK
        South","West US","Central US","North Central US","South Central US","Korea
        Central","Brazil South","West US 3","France Central","South Africa North","Norway
        East","Switzerland North","UAE North"],"apiVersions":["2023-04-01-preview","2023-02-01","2022-11-01-preview","2022-10-01","2022-06-01-preview","2022-03-01","2022-01-01-preview"],"defaultApiVersion":"2022-11-01-preview","capabilities":"CrossResourceGroupResourceMove,
        CrossSubscriptionResourceMove, SupportsTags, SupportsLocation"},{"resourceType":"managedEnvironments/managedCertificates","locations":["Central
        US EUAP","East US 2 EUAP","West US 2","Southeast Asia","Sweden Central","North
        Central US (Stage)","Canada Central","West Europe","North Europe","East US","East
        US 2","East Asia","Australia East","Germany West Central","Japan East","UK
        South","West US","Central US","North Central US","South Central US","Korea
        Central","Brazil South","West US 3","France Central","South Africa North","Norway
        East","Switzerland North","UAE North"],"apiVersions":["2023-04-01-preview","2023-02-01","2022-11-01-preview"],"defaultApiVersion":"2022-11-01-preview","capabilities":"CrossResourceGroupResourceMove,
        CrossSubscriptionResourceMove, SupportsTags, SupportsLocation"},{"resourceType":"containerApps","locations":["Central
        US EUAP","East US 2 EUAP","West US 2","Southeast Asia","Sweden Central","North
        Central US (Stage)","Canada Central","West Europe","North Europe","East US","East
        US 2","East Asia","Australia East","Germany West Central","Japan East","UK
        South","West US","Central US","North Central US","South Central US","Korea
        Central","Brazil South","West US 3","France Central","South Africa North","Norway
        East","Switzerland North","UAE North"],"apiVersions":["2023-04-01-preview","2023-02-01","2022-11-01-preview","2022-10-01","2022-06-01-preview","2022-03-01","2022-01-01-preview"],"defaultApiVersion":"2022-11-01-preview","capabilities":"CrossResourceGroupResourceMove,
        CrossSubscriptionResourceMove, SystemAssignedResourceIdentity, SupportsTags,
        SupportsLocation"},{"resourceType":"jobs","locations":["Central US EUAP","East
        US 2 EUAP","West US 2","Southeast Asia","Sweden Central","North Central US
        (Stage)","Canada Central","West Europe","North Europe","East US","East US
        2","East Asia","Australia East","Germany West Central","Japan East","UK South","West
        US","Central US","North Central US","South Central US","Korea Central","Brazil
        South","West US 3","France Central","South Africa North","Norway East","Switzerland
        North","UAE North"],"apiVersions":["2023-04-01-preview","2023-02-01","2022-11-01-preview"],"defaultApiVersion":"2022-11-01-preview","capabilities":"CrossResourceGroupResourceMove,
        CrossSubscriptionResourceMove, SystemAssignedResourceIdentity, SupportsTags,
        SupportsLocation"},{"resourceType":"locations","locations":[],"apiVersions":["2023-04-01-preview","2023-02-01","2022-11-01-preview","2022-10-01","2022-06-01-preview","2022-03-01","2022-01-01-preview"],"defaultApiVersion":"2022-11-01-preview","capabilities":"None"},{"resourceType":"locations/managedEnvironmentOperationResults","locations":["Central
        US EUAP","East US 2 EUAP","West US 2","Southeast Asia","Sweden Central","North
        Central US (Stage)","Canada Central","West Europe","North Europe","East US","East
        US 2","East Asia","Australia East","Germany West Central","Japan East","UK
        South","West US","Central US","North Central US","South Central US","Korea
        Central","Brazil South","West US 3","France Central","South Africa North","Norway
        East","Switzerland North","UAE North"],"apiVersions":["2023-04-01-preview","2023-02-01","2022-11-01-preview","2022-10-01","2022-06-01-preview","2022-03-01","2022-01-01-preview"],"defaultApiVersion":"2022-11-01-preview","capabilities":"None"},{"resourceType":"locations/managedEnvironmentOperationStatuses","locations":["Central
        US EUAP","East US 2 EUAP","West US 2","Southeast Asia","Sweden Central","North
        Central US (Stage)","Canada Central","West Europe","North Europe","East US","East
        US 2","East Asia","Australia East","Germany West Central","Japan East","UK
        South","West US","Central US","North Central US","South Central US","Korea
        Central","Brazil South","West US 3","France Central","South Africa North","Norway
        East","Switzerland North","UAE North"],"apiVersions":["2023-04-01-preview","2023-02-01","2022-11-01-preview","2022-10-01","2022-06-01-preview","2022-03-01","2022-01-01-preview"],"defaultApiVersion":"2022-11-01-preview","capabilities":"None"},{"resourceType":"locations/containerappOperationResults","locations":["Central
        US EUAP","East US 2 EUAP","West US 2","Southeast Asia","Sweden Central","North
        Central US (Stage)","Canada Central","West Europe","North Europe","East US","East
        US 2","East Asia","Australia East","Germany West Central","Japan East","UK
        South","West US","Central US","North Central US","South Central US","Korea
        Central","Brazil South","West US 3","France Central","South Africa North","Norway
        East","Switzerland North","UAE North"],"apiVersions":["2023-04-01-preview","2023-02-01","2022-11-01-preview","2022-10-01","2022-06-01-preview","2022-03-01","2022-01-01-preview"],"defaultApiVersion":"2022-11-01-preview","capabilities":"None"},{"resourceType":"locations/containerappOperationStatuses","locations":["Central
        US EUAP","East US 2 EUAP","West US 2","Southeast Asia","Sweden Central","North
        Central US (Stage)","Canada Central","West Europe","North Europe","East US","East
        US 2","East Asia","Australia East","Germany West Central","Japan East","UK
        South","West US","Central US","North Central US","South Central US","Korea
        Central","Brazil South","West US 3","France Central","South Africa North","Norway
        East","Switzerland North","UAE North"],"apiVersions":["2023-04-01-preview","2023-02-01","2022-11-01-preview","2022-10-01","2022-06-01-preview","2022-03-01","2022-01-01-preview"],"defaultApiVersion":"2022-11-01-preview","capabilities":"None"},{"resourceType":"connectedEnvironments","locations":["Central
        US EUAP","East US 2 EUAP","North Central US (Stage)","North Central US","East
        US","East Asia","West Europe"],"apiVersions":["2022-11-01-preview","2022-10-01","2022-06-01-preview"],"defaultApiVersion":"2022-11-01-preview","capabilities":"CrossResourceGroupResourceMove,
        CrossSubscriptionResourceMove, SupportsTags, SupportsLocation"},{"resourceType":"connectedEnvironments/certificates","locations":["Central
        US EUAP","East US 2 EUAP","North Central US (Stage)","North Central US","East
        US","East Asia","West Europe"],"apiVersions":["2022-11-01-preview","2022-10-01","2022-06-01-preview"],"defaultApiVersion":"2022-11-01-preview","capabilities":"CrossResourceGroupResourceMove,
        CrossSubscriptionResourceMove, SupportsTags, SupportsLocation"},{"resourceType":"locations/connectedEnvironmentOperationResults","locations":["Central
        US EUAP","East US 2 EUAP","North Central US (Stage)","North Central US","East
        US","East Asia","West Europe"],"apiVersions":["2022-11-01-preview","2022-10-01","2022-06-01-preview"],"defaultApiVersion":"2022-11-01-preview","capabilities":"None"},{"resourceType":"locations/connectedEnvironmentOperationStatuses","locations":["Central
        US EUAP","East US 2 EUAP","North Central US (Stage)","North Central US","East
        US","East Asia","West Europe"],"apiVersions":["2022-11-01-preview","2022-10-01","2022-06-01-preview"],"defaultApiVersion":"2022-11-01-preview","capabilities":"None"},{"resourceType":"locations/billingMeters","locations":["Central
        US EUAP","East US 2 EUAP","North Central US (Stage)","Australia East","North
        Central US","East US 2","West Europe","Central US","East US","North Europe","South
        Central US","UK South","West US 3"],"apiVersions":["2023-04-01-preview","2023-02-01","2022-11-01-preview","2022-10-01","2022-06-01-preview"],"defaultApiVersion":"2022-11-01-preview","capabilities":"None"},{"resourceType":"locations/availableManagedEnvironmentsWorkloadProfileTypes","locations":["Central
        US EUAP","East US 2 EUAP","North Central US (Stage)","Australia East","North
        Central US","East US 2","West Europe","Central US","East US","North Europe","South
        Central US","UK South","West US 3"],"apiVersions":["2023-04-01-preview","2023-02-01","2022-11-01-preview","2022-10-01","2022-06-01-preview"],"defaultApiVersion":"2022-11-01-preview","capabilities":"None"}],"registrationState":"Registered","registrationPolicy":"RegistrationRequired"}'
    headers:
      cache-control:
      - no-cache
      content-length:
      - '10638'
      content-type:
      - application/json; charset=utf-8
      date:
      - Sat, 06 May 2023 07:06:46 GMT
      expires:
      - '-1'
      pragma:
      - no-cache
      strict-transport-security:
      - max-age=31536000; includeSubDomains
      vary:
      - Accept-Encoding
      x-content-type-options:
      - nosniff
    status:
      code: 200
      message: OK
- request:
    body: null
    headers:
      Accept:
      - '*/*'
      Accept-Encoding:
      - gzip, deflate
      CommandName:
      - containerapp env show
      Connection:
      - keep-alive
      ParameterSetName:
      - -g -n
      User-Agent:
      - python/3.10.11 (Windows-10-10.0.22621-SP0) AZURECLI/2.46.0
    method: GET
    uri: https://management.azure.com/subscriptions/00000000-0000-0000-0000-000000000000/resourceGroups/cli_test_containerapp_preview000001/providers/Microsoft.App/managedEnvironments/containerapp-compose000002?api-version=2023-04-01-preview
  response:
    body:
      string: '{"id":"/subscriptions/00000000-0000-0000-0000-000000000000/resourceGroups/cli_test_containerapp_preview000001/providers/Microsoft.App/managedEnvironments/containerapp-compose000002","name":"containerapp-compose000002","type":"Microsoft.App/managedEnvironments","location":"eastus","systemData":{"createdBy":"xinyupang@microsoft.com","createdByType":"User","createdAt":"2023-05-06T07:06:17.0630106","lastModifiedBy":"xinyupang@microsoft.com","lastModifiedByType":"User","lastModifiedAt":"2023-05-06T07:06:17.0630106"},"properties":{"provisioningState":"Succeeded","daprAIInstrumentationKey":null,"daprAIConnectionString":null,"vnetConfiguration":null,"defaultDomain":"wittyocean-9e57ab6c.eastus.azurecontainerapps.io","staticIp":"20.121.101.70","appLogsConfiguration":{"destination":"log-analytics","logAnalyticsConfiguration":{"customerId":"f31b6645-a904-4275-b538-65ce88db0796","sharedKey":null}},"zoneRedundant":false,"kedaConfiguration":{"version":"2.9.2"},"daprConfiguration":{"version":"1.10.4"},"eventStreamEndpoint":"https://eastus.azurecontainerapps.dev/subscriptions/00000000-0000-0000-0000-000000000000/resourceGroups/cli_test_containerapp_preview000001/managedEnvironments/containerapp-compose000002/eventstream","customDomainConfiguration":{"customDomainVerificationId":"D3F71C85EB6552E36A89A3E4A080C3CFB00181670B659B0003264FC673AA9B00","dnsSuffix":null,"certificateValue":null,"certificatePassword":null,"thumbprint":null,"subjectName":null,"expirationDateUtc":null},"workloadProfiles":null,"firstPartyConfiguration":null,"infrastructureResourceGroup":null}}'
    headers:
      api-supported-versions:
      - 2022-01-01-preview, 2022-03-01, 2022-06-01-preview, 2022-10-01, 2022-11-01-preview,
        2023-02-01, 2023-04-01-preview
      cache-control:
      - no-cache
      content-length:
      - '1571'
      content-type:
      - application/json; charset=utf-8
      date:
      - Sat, 06 May 2023 07:06:49 GMT
      expires:
      - '-1'
      pragma:
      - no-cache
      server:
      - Microsoft-IIS/10.0
      strict-transport-security:
      - max-age=31536000; includeSubDomains
      transfer-encoding:
      - chunked
      vary:
      - Accept-Encoding,Accept-Encoding
      x-content-type-options:
      - nosniff
      x-powered-by:
      - ASP.NET
    status:
      code: 200
      message: OK
- request:
    body: null
    headers:
      Accept:
      - application/json
      Accept-Encoding:
      - gzip, deflate
      CommandName:
      - containerapp compose create
      Connection:
      - keep-alive
      ParameterSetName:
      - --compose-file-path --resource-group --environment
      User-Agent:
      - AZURECLI/2.46.0 azsdk-python-azure-mgmt-resource/22.0.0 Python/3.10.11 (Windows-10-10.0.22621-SP0)
    method: GET
    uri: https://management.azure.com/subscriptions/00000000-0000-0000-0000-000000000000/providers/Microsoft.App?api-version=2022-09-01
  response:
    body:
      string: '{"id":"/subscriptions/00000000-0000-0000-0000-000000000000/providers/Microsoft.App","namespace":"Microsoft.App","authorizations":[{"applicationId":"7e3bc4fd-85a3-4192-b177-5b8bfc87f42c","roleDefinitionId":"39a74f72-b40f-4bdc-b639-562fe2260bf0"},{"applicationId":"3734c1a4-2bed-4998-a37a-ff1a9e7bf019","roleDefinitionId":"5c779a4f-5cb2-4547-8c41-478d9be8ba90"},{"applicationId":"55ebbb62-3b9c-49fd-9b87-9595226dd4ac","roleDefinitionId":"e49ca620-7992-4561-a7df-4ed67dad77b5","managedByRoleDefinitionId":"9e3af657-a8ff-583c-a75c-2fe7c4bcb635"}],"resourceTypes":[{"resourceType":"operations","locations":["North
        Central US (Stage)","Central US EUAP","East US 2 EUAP","West US 2","Southeast
        Asia","Sweden Central","Canada Central","West Europe","North Europe","East
        US","East US 2","East Asia","Australia East","Germany West Central","Japan
        East","UK South","West US","Central US","North Central US","South Central
        US","Korea Central","Brazil South","West US 3","France Central","South Africa
        North","Norway East","Switzerland North","UAE North"],"apiVersions":["2023-02-01","2022-11-01-preview","2022-10-01","2022-06-01-preview","2022-03-01","2022-01-01-preview"],"defaultApiVersion":"2022-11-01-preview","capabilities":"None"},{"resourceType":"managedEnvironments","locations":["Central
        US EUAP","East US 2 EUAP","West US 2","Southeast Asia","Sweden Central","North
        Central US (Stage)","Canada Central","West Europe","North Europe","East US","East
        US 2","East Asia","Australia East","Germany West Central","Japan East","UK
        South","West US","Central US","North Central US","South Central US","Korea
        Central","Brazil South","West US 3","France Central","South Africa North","Norway
        East","Switzerland North","UAE North"],"apiVersions":["2023-04-01-preview","2023-02-01","2022-11-01-preview","2022-10-01","2022-06-01-preview","2022-03-01","2022-01-01-preview"],"defaultApiVersion":"2022-11-01-preview","capabilities":"CrossResourceGroupResourceMove,
        CrossSubscriptionResourceMove, SupportsTags, SupportsLocation"},{"resourceType":"managedEnvironments/certificates","locations":["Central
        US EUAP","East US 2 EUAP","West US 2","Southeast Asia","Sweden Central","North
        Central US (Stage)","Canada Central","West Europe","North Europe","East US","East
        US 2","East Asia","Australia East","Germany West Central","Japan East","UK
        South","West US","Central US","North Central US","South Central US","Korea
        Central","Brazil South","West US 3","France Central","South Africa North","Norway
        East","Switzerland North","UAE North"],"apiVersions":["2023-04-01-preview","2023-02-01","2022-11-01-preview","2022-10-01","2022-06-01-preview","2022-03-01","2022-01-01-preview"],"defaultApiVersion":"2022-11-01-preview","capabilities":"CrossResourceGroupResourceMove,
        CrossSubscriptionResourceMove, SupportsTags, SupportsLocation"},{"resourceType":"managedEnvironments/managedCertificates","locations":["Central
        US EUAP","East US 2 EUAP","West US 2","Southeast Asia","Sweden Central","North
        Central US (Stage)","Canada Central","West Europe","North Europe","East US","East
        US 2","East Asia","Australia East","Germany West Central","Japan East","UK
        South","West US","Central US","North Central US","South Central US","Korea
        Central","Brazil South","West US 3","France Central","South Africa North","Norway
        East","Switzerland North","UAE North"],"apiVersions":["2023-04-01-preview","2023-02-01","2022-11-01-preview"],"defaultApiVersion":"2022-11-01-preview","capabilities":"CrossResourceGroupResourceMove,
        CrossSubscriptionResourceMove, SupportsTags, SupportsLocation"},{"resourceType":"containerApps","locations":["Central
        US EUAP","East US 2 EUAP","West US 2","Southeast Asia","Sweden Central","North
        Central US (Stage)","Canada Central","West Europe","North Europe","East US","East
        US 2","East Asia","Australia East","Germany West Central","Japan East","UK
        South","West US","Central US","North Central US","South Central US","Korea
        Central","Brazil South","West US 3","France Central","South Africa North","Norway
        East","Switzerland North","UAE North"],"apiVersions":["2023-04-01-preview","2023-02-01","2022-11-01-preview","2022-10-01","2022-06-01-preview","2022-03-01","2022-01-01-preview"],"defaultApiVersion":"2022-11-01-preview","capabilities":"CrossResourceGroupResourceMove,
        CrossSubscriptionResourceMove, SystemAssignedResourceIdentity, SupportsTags,
        SupportsLocation"},{"resourceType":"jobs","locations":["Central US EUAP","East
        US 2 EUAP","West US 2","Southeast Asia","Sweden Central","North Central US
        (Stage)","Canada Central","West Europe","North Europe","East US","East US
        2","East Asia","Australia East","Germany West Central","Japan East","UK South","West
        US","Central US","North Central US","South Central US","Korea Central","Brazil
        South","West US 3","France Central","South Africa North","Norway East","Switzerland
        North","UAE North"],"apiVersions":["2023-04-01-preview","2023-02-01","2022-11-01-preview"],"defaultApiVersion":"2022-11-01-preview","capabilities":"CrossResourceGroupResourceMove,
        CrossSubscriptionResourceMove, SystemAssignedResourceIdentity, SupportsTags,
        SupportsLocation"},{"resourceType":"locations","locations":[],"apiVersions":["2023-04-01-preview","2023-02-01","2022-11-01-preview","2022-10-01","2022-06-01-preview","2022-03-01","2022-01-01-preview"],"defaultApiVersion":"2022-11-01-preview","capabilities":"None"},{"resourceType":"locations/managedEnvironmentOperationResults","locations":["Central
        US EUAP","East US 2 EUAP","West US 2","Southeast Asia","Sweden Central","North
        Central US (Stage)","Canada Central","West Europe","North Europe","East US","East
        US 2","East Asia","Australia East","Germany West Central","Japan East","UK
        South","West US","Central US","North Central US","South Central US","Korea
        Central","Brazil South","West US 3","France Central","South Africa North","Norway
        East","Switzerland North","UAE North"],"apiVersions":["2023-04-01-preview","2023-02-01","2022-11-01-preview","2022-10-01","2022-06-01-preview","2022-03-01","2022-01-01-preview"],"defaultApiVersion":"2022-11-01-preview","capabilities":"None"},{"resourceType":"locations/managedEnvironmentOperationStatuses","locations":["Central
        US EUAP","East US 2 EUAP","West US 2","Southeast Asia","Sweden Central","North
        Central US (Stage)","Canada Central","West Europe","North Europe","East US","East
        US 2","East Asia","Australia East","Germany West Central","Japan East","UK
        South","West US","Central US","North Central US","South Central US","Korea
        Central","Brazil South","West US 3","France Central","South Africa North","Norway
        East","Switzerland North","UAE North"],"apiVersions":["2023-04-01-preview","2023-02-01","2022-11-01-preview","2022-10-01","2022-06-01-preview","2022-03-01","2022-01-01-preview"],"defaultApiVersion":"2022-11-01-preview","capabilities":"None"},{"resourceType":"locations/containerappOperationResults","locations":["Central
        US EUAP","East US 2 EUAP","West US 2","Southeast Asia","Sweden Central","North
        Central US (Stage)","Canada Central","West Europe","North Europe","East US","East
        US 2","East Asia","Australia East","Germany West Central","Japan East","UK
        South","West US","Central US","North Central US","South Central US","Korea
        Central","Brazil South","West US 3","France Central","South Africa North","Norway
        East","Switzerland North","UAE North"],"apiVersions":["2023-04-01-preview","2023-02-01","2022-11-01-preview","2022-10-01","2022-06-01-preview","2022-03-01","2022-01-01-preview"],"defaultApiVersion":"2022-11-01-preview","capabilities":"None"},{"resourceType":"locations/containerappOperationStatuses","locations":["Central
        US EUAP","East US 2 EUAP","West US 2","Southeast Asia","Sweden Central","North
        Central US (Stage)","Canada Central","West Europe","North Europe","East US","East
        US 2","East Asia","Australia East","Germany West Central","Japan East","UK
        South","West US","Central US","North Central US","South Central US","Korea
        Central","Brazil South","West US 3","France Central","South Africa North","Norway
        East","Switzerland North","UAE North"],"apiVersions":["2023-04-01-preview","2023-02-01","2022-11-01-preview","2022-10-01","2022-06-01-preview","2022-03-01","2022-01-01-preview"],"defaultApiVersion":"2022-11-01-preview","capabilities":"None"},{"resourceType":"connectedEnvironments","locations":["Central
        US EUAP","East US 2 EUAP","North Central US (Stage)","North Central US","East
        US","East Asia","West Europe"],"apiVersions":["2022-11-01-preview","2022-10-01","2022-06-01-preview"],"defaultApiVersion":"2022-11-01-preview","capabilities":"CrossResourceGroupResourceMove,
        CrossSubscriptionResourceMove, SupportsTags, SupportsLocation"},{"resourceType":"connectedEnvironments/certificates","locations":["Central
        US EUAP","East US 2 EUAP","North Central US (Stage)","North Central US","East
        US","East Asia","West Europe"],"apiVersions":["2022-11-01-preview","2022-10-01","2022-06-01-preview"],"defaultApiVersion":"2022-11-01-preview","capabilities":"CrossResourceGroupResourceMove,
        CrossSubscriptionResourceMove, SupportsTags, SupportsLocation"},{"resourceType":"locations/connectedEnvironmentOperationResults","locations":["Central
        US EUAP","East US 2 EUAP","North Central US (Stage)","North Central US","East
        US","East Asia","West Europe"],"apiVersions":["2022-11-01-preview","2022-10-01","2022-06-01-preview"],"defaultApiVersion":"2022-11-01-preview","capabilities":"None"},{"resourceType":"locations/connectedEnvironmentOperationStatuses","locations":["Central
        US EUAP","East US 2 EUAP","North Central US (Stage)","North Central US","East
        US","East Asia","West Europe"],"apiVersions":["2022-11-01-preview","2022-10-01","2022-06-01-preview"],"defaultApiVersion":"2022-11-01-preview","capabilities":"None"},{"resourceType":"locations/billingMeters","locations":["Central
        US EUAP","East US 2 EUAP","North Central US (Stage)","Australia East","North
        Central US","East US 2","West Europe","Central US","East US","North Europe","South
        Central US","UK South","West US 3"],"apiVersions":["2023-04-01-preview","2023-02-01","2022-11-01-preview","2022-10-01","2022-06-01-preview"],"defaultApiVersion":"2022-11-01-preview","capabilities":"None"},{"resourceType":"locations/availableManagedEnvironmentsWorkloadProfileTypes","locations":["Central
        US EUAP","East US 2 EUAP","North Central US (Stage)","Australia East","North
        Central US","East US 2","West Europe","Central US","East US","North Europe","South
        Central US","UK South","West US 3"],"apiVersions":["2023-04-01-preview","2023-02-01","2022-11-01-preview","2022-10-01","2022-06-01-preview"],"defaultApiVersion":"2022-11-01-preview","capabilities":"None"}],"registrationState":"Registered","registrationPolicy":"RegistrationRequired"}'
    headers:
      cache-control:
      - no-cache
      content-length:
      - '10638'
      content-type:
      - application/json; charset=utf-8
      date:
      - Sat, 06 May 2023 07:06:50 GMT
      expires:
      - '-1'
      pragma:
      - no-cache
      strict-transport-security:
      - max-age=31536000; includeSubDomains
      vary:
      - Accept-Encoding
      x-content-type-options:
      - nosniff
    status:
      code: 200
      message: OK
- request:
    body: null
    headers:
      Accept:
      - '*/*'
      Accept-Encoding:
      - gzip, deflate
      CommandName:
      - containerapp compose create
      Connection:
      - keep-alive
      ParameterSetName:
      - --compose-file-path --resource-group --environment
      User-Agent:
      - python/3.10.11 (Windows-10-10.0.22621-SP0) AZURECLI/2.46.0
    method: GET
    uri: https://management.azure.com/subscriptions/00000000-0000-0000-0000-000000000000/resourceGroups/cli_test_containerapp_preview000001/providers/Microsoft.App/managedEnvironments/containerapp-compose000002?api-version=2023-04-01-preview
  response:
    body:
      string: '{"id":"/subscriptions/00000000-0000-0000-0000-000000000000/resourceGroups/cli_test_containerapp_preview000001/providers/Microsoft.App/managedEnvironments/containerapp-compose000002","name":"containerapp-compose000002","type":"Microsoft.App/managedEnvironments","location":"eastus","systemData":{"createdBy":"xinyupang@microsoft.com","createdByType":"User","createdAt":"2023-05-06T07:06:17.0630106","lastModifiedBy":"xinyupang@microsoft.com","lastModifiedByType":"User","lastModifiedAt":"2023-05-06T07:06:17.0630106"},"properties":{"provisioningState":"Succeeded","daprAIInstrumentationKey":null,"daprAIConnectionString":null,"vnetConfiguration":null,"defaultDomain":"wittyocean-9e57ab6c.eastus.azurecontainerapps.io","staticIp":"20.121.101.70","appLogsConfiguration":{"destination":"log-analytics","logAnalyticsConfiguration":{"customerId":"f31b6645-a904-4275-b538-65ce88db0796","sharedKey":null}},"zoneRedundant":false,"kedaConfiguration":{"version":"2.9.2"},"daprConfiguration":{"version":"1.10.4"},"eventStreamEndpoint":"https://eastus.azurecontainerapps.dev/subscriptions/00000000-0000-0000-0000-000000000000/resourceGroups/cli_test_containerapp_preview000001/managedEnvironments/containerapp-compose000002/eventstream","customDomainConfiguration":{"customDomainVerificationId":"D3F71C85EB6552E36A89A3E4A080C3CFB00181670B659B0003264FC673AA9B00","dnsSuffix":null,"certificateValue":null,"certificatePassword":null,"thumbprint":null,"subjectName":null,"expirationDateUtc":null},"workloadProfiles":null,"firstPartyConfiguration":null,"infrastructureResourceGroup":null}}'
    headers:
      api-supported-versions:
      - 2022-01-01-preview, 2022-03-01, 2022-06-01-preview, 2022-10-01, 2022-11-01-preview,
        2023-02-01, 2023-04-01-preview
      cache-control:
      - no-cache
      content-length:
      - '1571'
      content-type:
      - application/json; charset=utf-8
      date:
      - Sat, 06 May 2023 07:06:51 GMT
      expires:
      - '-1'
      pragma:
      - no-cache
      server:
      - Microsoft-IIS/10.0
      strict-transport-security:
      - max-age=31536000; includeSubDomains
      transfer-encoding:
      - chunked
      vary:
      - Accept-Encoding,Accept-Encoding
      x-content-type-options:
      - nosniff
      x-powered-by:
      - ASP.NET
    status:
      code: 200
      message: OK
- request:
    body: null
    headers:
      Accept:
      - application/json
      Accept-Encoding:
      - gzip, deflate
      CommandName:
      - containerapp compose create
      Connection:
      - keep-alive
      ParameterSetName:
      - --compose-file-path --resource-group --environment
      User-Agent:
      - AZURECLI/2.46.0 azsdk-python-azure-mgmt-resource/22.0.0 Python/3.10.11 (Windows-10-10.0.22621-SP0)
    method: GET
    uri: https://management.azure.com/subscriptions/00000000-0000-0000-0000-000000000000/providers/Microsoft.App?api-version=2022-09-01
  response:
    body:
      string: '{"id":"/subscriptions/00000000-0000-0000-0000-000000000000/providers/Microsoft.App","namespace":"Microsoft.App","authorizations":[{"applicationId":"7e3bc4fd-85a3-4192-b177-5b8bfc87f42c","roleDefinitionId":"39a74f72-b40f-4bdc-b639-562fe2260bf0"},{"applicationId":"3734c1a4-2bed-4998-a37a-ff1a9e7bf019","roleDefinitionId":"5c779a4f-5cb2-4547-8c41-478d9be8ba90"},{"applicationId":"55ebbb62-3b9c-49fd-9b87-9595226dd4ac","roleDefinitionId":"e49ca620-7992-4561-a7df-4ed67dad77b5","managedByRoleDefinitionId":"9e3af657-a8ff-583c-a75c-2fe7c4bcb635"}],"resourceTypes":[{"resourceType":"operations","locations":["North
        Central US (Stage)","Central US EUAP","East US 2 EUAP","West US 2","Southeast
        Asia","Sweden Central","Canada Central","West Europe","North Europe","East
        US","East US 2","East Asia","Australia East","Germany West Central","Japan
        East","UK South","West US","Central US","North Central US","South Central
        US","Korea Central","Brazil South","West US 3","France Central","South Africa
        North","Norway East","Switzerland North","UAE North"],"apiVersions":["2023-02-01","2022-11-01-preview","2022-10-01","2022-06-01-preview","2022-03-01","2022-01-01-preview"],"defaultApiVersion":"2022-11-01-preview","capabilities":"None"},{"resourceType":"managedEnvironments","locations":["Central
        US EUAP","East US 2 EUAP","West US 2","Southeast Asia","Sweden Central","North
        Central US (Stage)","Canada Central","West Europe","North Europe","East US","East
        US 2","East Asia","Australia East","Germany West Central","Japan East","UK
        South","West US","Central US","North Central US","South Central US","Korea
        Central","Brazil South","West US 3","France Central","South Africa North","Norway
        East","Switzerland North","UAE North"],"apiVersions":["2023-04-01-preview","2023-02-01","2022-11-01-preview","2022-10-01","2022-06-01-preview","2022-03-01","2022-01-01-preview"],"defaultApiVersion":"2022-11-01-preview","capabilities":"CrossResourceGroupResourceMove,
        CrossSubscriptionResourceMove, SupportsTags, SupportsLocation"},{"resourceType":"managedEnvironments/certificates","locations":["Central
        US EUAP","East US 2 EUAP","West US 2","Southeast Asia","Sweden Central","North
        Central US (Stage)","Canada Central","West Europe","North Europe","East US","East
        US 2","East Asia","Australia East","Germany West Central","Japan East","UK
        South","West US","Central US","North Central US","South Central US","Korea
        Central","Brazil South","West US 3","France Central","South Africa North","Norway
        East","Switzerland North","UAE North"],"apiVersions":["2023-04-01-preview","2023-02-01","2022-11-01-preview","2022-10-01","2022-06-01-preview","2022-03-01","2022-01-01-preview"],"defaultApiVersion":"2022-11-01-preview","capabilities":"CrossResourceGroupResourceMove,
        CrossSubscriptionResourceMove, SupportsTags, SupportsLocation"},{"resourceType":"managedEnvironments/managedCertificates","locations":["Central
        US EUAP","East US 2 EUAP","West US 2","Southeast Asia","Sweden Central","North
        Central US (Stage)","Canada Central","West Europe","North Europe","East US","East
        US 2","East Asia","Australia East","Germany West Central","Japan East","UK
        South","West US","Central US","North Central US","South Central US","Korea
        Central","Brazil South","West US 3","France Central","South Africa North","Norway
        East","Switzerland North","UAE North"],"apiVersions":["2023-04-01-preview","2023-02-01","2022-11-01-preview"],"defaultApiVersion":"2022-11-01-preview","capabilities":"CrossResourceGroupResourceMove,
        CrossSubscriptionResourceMove, SupportsTags, SupportsLocation"},{"resourceType":"containerApps","locations":["Central
        US EUAP","East US 2 EUAP","West US 2","Southeast Asia","Sweden Central","North
        Central US (Stage)","Canada Central","West Europe","North Europe","East US","East
        US 2","East Asia","Australia East","Germany West Central","Japan East","UK
        South","West US","Central US","North Central US","South Central US","Korea
        Central","Brazil South","West US 3","France Central","South Africa North","Norway
        East","Switzerland North","UAE North"],"apiVersions":["2023-04-01-preview","2023-02-01","2022-11-01-preview","2022-10-01","2022-06-01-preview","2022-03-01","2022-01-01-preview"],"defaultApiVersion":"2022-11-01-preview","capabilities":"CrossResourceGroupResourceMove,
        CrossSubscriptionResourceMove, SystemAssignedResourceIdentity, SupportsTags,
        SupportsLocation"},{"resourceType":"jobs","locations":["Central US EUAP","East
        US 2 EUAP","West US 2","Southeast Asia","Sweden Central","North Central US
        (Stage)","Canada Central","West Europe","North Europe","East US","East US
        2","East Asia","Australia East","Germany West Central","Japan East","UK South","West
        US","Central US","North Central US","South Central US","Korea Central","Brazil
        South","West US 3","France Central","South Africa North","Norway East","Switzerland
        North","UAE North"],"apiVersions":["2023-04-01-preview","2023-02-01","2022-11-01-preview"],"defaultApiVersion":"2022-11-01-preview","capabilities":"CrossResourceGroupResourceMove,
        CrossSubscriptionResourceMove, SystemAssignedResourceIdentity, SupportsTags,
        SupportsLocation"},{"resourceType":"locations","locations":[],"apiVersions":["2023-04-01-preview","2023-02-01","2022-11-01-preview","2022-10-01","2022-06-01-preview","2022-03-01","2022-01-01-preview"],"defaultApiVersion":"2022-11-01-preview","capabilities":"None"},{"resourceType":"locations/managedEnvironmentOperationResults","locations":["Central
        US EUAP","East US 2 EUAP","West US 2","Southeast Asia","Sweden Central","North
        Central US (Stage)","Canada Central","West Europe","North Europe","East US","East
        US 2","East Asia","Australia East","Germany West Central","Japan East","UK
        South","West US","Central US","North Central US","South Central US","Korea
        Central","Brazil South","West US 3","France Central","South Africa North","Norway
        East","Switzerland North","UAE North"],"apiVersions":["2023-04-01-preview","2023-02-01","2022-11-01-preview","2022-10-01","2022-06-01-preview","2022-03-01","2022-01-01-preview"],"defaultApiVersion":"2022-11-01-preview","capabilities":"None"},{"resourceType":"locations/managedEnvironmentOperationStatuses","locations":["Central
        US EUAP","East US 2 EUAP","West US 2","Southeast Asia","Sweden Central","North
        Central US (Stage)","Canada Central","West Europe","North Europe","East US","East
        US 2","East Asia","Australia East","Germany West Central","Japan East","UK
        South","West US","Central US","North Central US","South Central US","Korea
        Central","Brazil South","West US 3","France Central","South Africa North","Norway
        East","Switzerland North","UAE North"],"apiVersions":["2023-04-01-preview","2023-02-01","2022-11-01-preview","2022-10-01","2022-06-01-preview","2022-03-01","2022-01-01-preview"],"defaultApiVersion":"2022-11-01-preview","capabilities":"None"},{"resourceType":"locations/containerappOperationResults","locations":["Central
        US EUAP","East US 2 EUAP","West US 2","Southeast Asia","Sweden Central","North
        Central US (Stage)","Canada Central","West Europe","North Europe","East US","East
        US 2","East Asia","Australia East","Germany West Central","Japan East","UK
        South","West US","Central US","North Central US","South Central US","Korea
        Central","Brazil South","West US 3","France Central","South Africa North","Norway
        East","Switzerland North","UAE North"],"apiVersions":["2023-04-01-preview","2023-02-01","2022-11-01-preview","2022-10-01","2022-06-01-preview","2022-03-01","2022-01-01-preview"],"defaultApiVersion":"2022-11-01-preview","capabilities":"None"},{"resourceType":"locations/containerappOperationStatuses","locations":["Central
        US EUAP","East US 2 EUAP","West US 2","Southeast Asia","Sweden Central","North
        Central US (Stage)","Canada Central","West Europe","North Europe","East US","East
        US 2","East Asia","Australia East","Germany West Central","Japan East","UK
        South","West US","Central US","North Central US","South Central US","Korea
        Central","Brazil South","West US 3","France Central","South Africa North","Norway
        East","Switzerland North","UAE North"],"apiVersions":["2023-04-01-preview","2023-02-01","2022-11-01-preview","2022-10-01","2022-06-01-preview","2022-03-01","2022-01-01-preview"],"defaultApiVersion":"2022-11-01-preview","capabilities":"None"},{"resourceType":"connectedEnvironments","locations":["Central
        US EUAP","East US 2 EUAP","North Central US (Stage)","North Central US","East
        US","East Asia","West Europe"],"apiVersions":["2022-11-01-preview","2022-10-01","2022-06-01-preview"],"defaultApiVersion":"2022-11-01-preview","capabilities":"CrossResourceGroupResourceMove,
        CrossSubscriptionResourceMove, SupportsTags, SupportsLocation"},{"resourceType":"connectedEnvironments/certificates","locations":["Central
        US EUAP","East US 2 EUAP","North Central US (Stage)","North Central US","East
        US","East Asia","West Europe"],"apiVersions":["2022-11-01-preview","2022-10-01","2022-06-01-preview"],"defaultApiVersion":"2022-11-01-preview","capabilities":"CrossResourceGroupResourceMove,
        CrossSubscriptionResourceMove, SupportsTags, SupportsLocation"},{"resourceType":"locations/connectedEnvironmentOperationResults","locations":["Central
        US EUAP","East US 2 EUAP","North Central US (Stage)","North Central US","East
        US","East Asia","West Europe"],"apiVersions":["2022-11-01-preview","2022-10-01","2022-06-01-preview"],"defaultApiVersion":"2022-11-01-preview","capabilities":"None"},{"resourceType":"locations/connectedEnvironmentOperationStatuses","locations":["Central
        US EUAP","East US 2 EUAP","North Central US (Stage)","North Central US","East
        US","East Asia","West Europe"],"apiVersions":["2022-11-01-preview","2022-10-01","2022-06-01-preview"],"defaultApiVersion":"2022-11-01-preview","capabilities":"None"},{"resourceType":"locations/billingMeters","locations":["Central
        US EUAP","East US 2 EUAP","North Central US (Stage)","Australia East","North
        Central US","East US 2","West Europe","Central US","East US","North Europe","South
        Central US","UK South","West US 3"],"apiVersions":["2023-04-01-preview","2023-02-01","2022-11-01-preview","2022-10-01","2022-06-01-preview"],"defaultApiVersion":"2022-11-01-preview","capabilities":"None"},{"resourceType":"locations/availableManagedEnvironmentsWorkloadProfileTypes","locations":["Central
        US EUAP","East US 2 EUAP","North Central US (Stage)","Australia East","North
        Central US","East US 2","West Europe","Central US","East US","North Europe","South
        Central US","UK South","West US 3"],"apiVersions":["2023-04-01-preview","2023-02-01","2022-11-01-preview","2022-10-01","2022-06-01-preview"],"defaultApiVersion":"2022-11-01-preview","capabilities":"None"}],"registrationState":"Registered","registrationPolicy":"RegistrationRequired"}'
    headers:
      cache-control:
      - no-cache
      content-length:
      - '10638'
      content-type:
      - application/json; charset=utf-8
      date:
      - Sat, 06 May 2023 07:06:51 GMT
      expires:
      - '-1'
      pragma:
      - no-cache
      strict-transport-security:
      - max-age=31536000; includeSubDomains
      vary:
      - Accept-Encoding
      x-content-type-options:
      - nosniff
    status:
      code: 200
      message: OK
- request:
    body: null
    headers:
      Accept:
      - '*/*'
      Accept-Encoding:
      - gzip, deflate
      CommandName:
      - containerapp compose create
      Connection:
      - keep-alive
      ParameterSetName:
      - --compose-file-path --resource-group --environment
      User-Agent:
      - python/3.10.11 (Windows-10-10.0.22621-SP0) AZURECLI/2.46.0
    method: GET
    uri: https://management.azure.com/subscriptions/00000000-0000-0000-0000-000000000000/resourceGroups/cli_test_containerapp_preview000001/providers/Microsoft.App/managedEnvironments/containerapp-compose000002?api-version=2023-04-01-preview
  response:
    body:
      string: '{"id":"/subscriptions/00000000-0000-0000-0000-000000000000/resourceGroups/cli_test_containerapp_preview000001/providers/Microsoft.App/managedEnvironments/containerapp-compose000002","name":"containerapp-compose000002","type":"Microsoft.App/managedEnvironments","location":"eastus","systemData":{"createdBy":"xinyupang@microsoft.com","createdByType":"User","createdAt":"2023-05-06T07:06:17.0630106","lastModifiedBy":"xinyupang@microsoft.com","lastModifiedByType":"User","lastModifiedAt":"2023-05-06T07:06:17.0630106"},"properties":{"provisioningState":"Succeeded","daprAIInstrumentationKey":null,"daprAIConnectionString":null,"vnetConfiguration":null,"defaultDomain":"wittyocean-9e57ab6c.eastus.azurecontainerapps.io","staticIp":"20.121.101.70","appLogsConfiguration":{"destination":"log-analytics","logAnalyticsConfiguration":{"customerId":"f31b6645-a904-4275-b538-65ce88db0796","sharedKey":null}},"zoneRedundant":false,"kedaConfiguration":{"version":"2.9.2"},"daprConfiguration":{"version":"1.10.4"},"eventStreamEndpoint":"https://eastus.azurecontainerapps.dev/subscriptions/00000000-0000-0000-0000-000000000000/resourceGroups/cli_test_containerapp_preview000001/managedEnvironments/containerapp-compose000002/eventstream","customDomainConfiguration":{"customDomainVerificationId":"D3F71C85EB6552E36A89A3E4A080C3CFB00181670B659B0003264FC673AA9B00","dnsSuffix":null,"certificateValue":null,"certificatePassword":null,"thumbprint":null,"subjectName":null,"expirationDateUtc":null},"workloadProfiles":null,"firstPartyConfiguration":null,"infrastructureResourceGroup":null}}'
    headers:
      api-supported-versions:
      - 2022-01-01-preview, 2022-03-01, 2022-06-01-preview, 2022-10-01, 2022-11-01-preview,
        2023-02-01, 2023-04-01-preview
      cache-control:
      - no-cache
      content-length:
      - '1571'
      content-type:
      - application/json; charset=utf-8
      date:
      - Sat, 06 May 2023 07:06:54 GMT
      expires:
      - '-1'
      pragma:
      - no-cache
      server:
      - Microsoft-IIS/10.0
      strict-transport-security:
      - max-age=31536000; includeSubDomains
      transfer-encoding:
      - chunked
      vary:
      - Accept-Encoding,Accept-Encoding
      x-content-type-options:
      - nosniff
      x-powered-by:
      - ASP.NET
    status:
      code: 200
      message: OK
- request:
    body: null
    headers:
      Accept:
      - application/json
      Accept-Encoding:
      - gzip, deflate
      CommandName:
      - containerapp compose create
      Connection:
      - keep-alive
      ParameterSetName:
      - --compose-file-path --resource-group --environment
      User-Agent:
      - AZURECLI/2.46.0 azsdk-python-azure-mgmt-resource/22.0.0 Python/3.10.11 (Windows-10-10.0.22621-SP0)
    method: GET
    uri: https://management.azure.com/subscriptions/00000000-0000-0000-0000-000000000000/providers/Microsoft.App?api-version=2022-09-01
  response:
    body:
      string: '{"id":"/subscriptions/00000000-0000-0000-0000-000000000000/providers/Microsoft.App","namespace":"Microsoft.App","authorizations":[{"applicationId":"7e3bc4fd-85a3-4192-b177-5b8bfc87f42c","roleDefinitionId":"39a74f72-b40f-4bdc-b639-562fe2260bf0"},{"applicationId":"3734c1a4-2bed-4998-a37a-ff1a9e7bf019","roleDefinitionId":"5c779a4f-5cb2-4547-8c41-478d9be8ba90"},{"applicationId":"55ebbb62-3b9c-49fd-9b87-9595226dd4ac","roleDefinitionId":"e49ca620-7992-4561-a7df-4ed67dad77b5","managedByRoleDefinitionId":"9e3af657-a8ff-583c-a75c-2fe7c4bcb635"}],"resourceTypes":[{"resourceType":"operations","locations":["North
        Central US (Stage)","Central US EUAP","East US 2 EUAP","West US 2","Southeast
        Asia","Sweden Central","Canada Central","West Europe","North Europe","East
        US","East US 2","East Asia","Australia East","Germany West Central","Japan
        East","UK South","West US","Central US","North Central US","South Central
        US","Korea Central","Brazil South","West US 3","France Central","South Africa
        North","Norway East","Switzerland North","UAE North"],"apiVersions":["2023-02-01","2022-11-01-preview","2022-10-01","2022-06-01-preview","2022-03-01","2022-01-01-preview"],"defaultApiVersion":"2022-11-01-preview","capabilities":"None"},{"resourceType":"managedEnvironments","locations":["Central
        US EUAP","East US 2 EUAP","West US 2","Southeast Asia","Sweden Central","North
        Central US (Stage)","Canada Central","West Europe","North Europe","East US","East
        US 2","East Asia","Australia East","Germany West Central","Japan East","UK
        South","West US","Central US","North Central US","South Central US","Korea
        Central","Brazil South","West US 3","France Central","South Africa North","Norway
        East","Switzerland North","UAE North"],"apiVersions":["2023-04-01-preview","2023-02-01","2022-11-01-preview","2022-10-01","2022-06-01-preview","2022-03-01","2022-01-01-preview"],"defaultApiVersion":"2022-11-01-preview","capabilities":"CrossResourceGroupResourceMove,
        CrossSubscriptionResourceMove, SupportsTags, SupportsLocation"},{"resourceType":"managedEnvironments/certificates","locations":["Central
        US EUAP","East US 2 EUAP","West US 2","Southeast Asia","Sweden Central","North
        Central US (Stage)","Canada Central","West Europe","North Europe","East US","East
        US 2","East Asia","Australia East","Germany West Central","Japan East","UK
        South","West US","Central US","North Central US","South Central US","Korea
        Central","Brazil South","West US 3","France Central","South Africa North","Norway
        East","Switzerland North","UAE North"],"apiVersions":["2023-04-01-preview","2023-02-01","2022-11-01-preview","2022-10-01","2022-06-01-preview","2022-03-01","2022-01-01-preview"],"defaultApiVersion":"2022-11-01-preview","capabilities":"CrossResourceGroupResourceMove,
        CrossSubscriptionResourceMove, SupportsTags, SupportsLocation"},{"resourceType":"managedEnvironments/managedCertificates","locations":["Central
        US EUAP","East US 2 EUAP","West US 2","Southeast Asia","Sweden Central","North
        Central US (Stage)","Canada Central","West Europe","North Europe","East US","East
        US 2","East Asia","Australia East","Germany West Central","Japan East","UK
        South","West US","Central US","North Central US","South Central US","Korea
        Central","Brazil South","West US 3","France Central","South Africa North","Norway
        East","Switzerland North","UAE North"],"apiVersions":["2023-04-01-preview","2023-02-01","2022-11-01-preview"],"defaultApiVersion":"2022-11-01-preview","capabilities":"CrossResourceGroupResourceMove,
        CrossSubscriptionResourceMove, SupportsTags, SupportsLocation"},{"resourceType":"containerApps","locations":["Central
        US EUAP","East US 2 EUAP","West US 2","Southeast Asia","Sweden Central","North
        Central US (Stage)","Canada Central","West Europe","North Europe","East US","East
        US 2","East Asia","Australia East","Germany West Central","Japan East","UK
        South","West US","Central US","North Central US","South Central US","Korea
        Central","Brazil South","West US 3","France Central","South Africa North","Norway
        East","Switzerland North","UAE North"],"apiVersions":["2023-04-01-preview","2023-02-01","2022-11-01-preview","2022-10-01","2022-06-01-preview","2022-03-01","2022-01-01-preview"],"defaultApiVersion":"2022-11-01-preview","capabilities":"CrossResourceGroupResourceMove,
        CrossSubscriptionResourceMove, SystemAssignedResourceIdentity, SupportsTags,
        SupportsLocation"},{"resourceType":"jobs","locations":["Central US EUAP","East
        US 2 EUAP","West US 2","Southeast Asia","Sweden Central","North Central US
        (Stage)","Canada Central","West Europe","North Europe","East US","East US
        2","East Asia","Australia East","Germany West Central","Japan East","UK South","West
        US","Central US","North Central US","South Central US","Korea Central","Brazil
        South","West US 3","France Central","South Africa North","Norway East","Switzerland
        North","UAE North"],"apiVersions":["2023-04-01-preview","2023-02-01","2022-11-01-preview"],"defaultApiVersion":"2022-11-01-preview","capabilities":"CrossResourceGroupResourceMove,
        CrossSubscriptionResourceMove, SystemAssignedResourceIdentity, SupportsTags,
        SupportsLocation"},{"resourceType":"locations","locations":[],"apiVersions":["2023-04-01-preview","2023-02-01","2022-11-01-preview","2022-10-01","2022-06-01-preview","2022-03-01","2022-01-01-preview"],"defaultApiVersion":"2022-11-01-preview","capabilities":"None"},{"resourceType":"locations/managedEnvironmentOperationResults","locations":["Central
        US EUAP","East US 2 EUAP","West US 2","Southeast Asia","Sweden Central","North
        Central US (Stage)","Canada Central","West Europe","North Europe","East US","East
        US 2","East Asia","Australia East","Germany West Central","Japan East","UK
        South","West US","Central US","North Central US","South Central US","Korea
        Central","Brazil South","West US 3","France Central","South Africa North","Norway
        East","Switzerland North","UAE North"],"apiVersions":["2023-04-01-preview","2023-02-01","2022-11-01-preview","2022-10-01","2022-06-01-preview","2022-03-01","2022-01-01-preview"],"defaultApiVersion":"2022-11-01-preview","capabilities":"None"},{"resourceType":"locations/managedEnvironmentOperationStatuses","locations":["Central
        US EUAP","East US 2 EUAP","West US 2","Southeast Asia","Sweden Central","North
        Central US (Stage)","Canada Central","West Europe","North Europe","East US","East
        US 2","East Asia","Australia East","Germany West Central","Japan East","UK
        South","West US","Central US","North Central US","South Central US","Korea
        Central","Brazil South","West US 3","France Central","South Africa North","Norway
        East","Switzerland North","UAE North"],"apiVersions":["2023-04-01-preview","2023-02-01","2022-11-01-preview","2022-10-01","2022-06-01-preview","2022-03-01","2022-01-01-preview"],"defaultApiVersion":"2022-11-01-preview","capabilities":"None"},{"resourceType":"locations/containerappOperationResults","locations":["Central
        US EUAP","East US 2 EUAP","West US 2","Southeast Asia","Sweden Central","North
        Central US (Stage)","Canada Central","West Europe","North Europe","East US","East
        US 2","East Asia","Australia East","Germany West Central","Japan East","UK
        South","West US","Central US","North Central US","South Central US","Korea
        Central","Brazil South","West US 3","France Central","South Africa North","Norway
        East","Switzerland North","UAE North"],"apiVersions":["2023-04-01-preview","2023-02-01","2022-11-01-preview","2022-10-01","2022-06-01-preview","2022-03-01","2022-01-01-preview"],"defaultApiVersion":"2022-11-01-preview","capabilities":"None"},{"resourceType":"locations/containerappOperationStatuses","locations":["Central
        US EUAP","East US 2 EUAP","West US 2","Southeast Asia","Sweden Central","North
        Central US (Stage)","Canada Central","West Europe","North Europe","East US","East
        US 2","East Asia","Australia East","Germany West Central","Japan East","UK
        South","West US","Central US","North Central US","South Central US","Korea
        Central","Brazil South","West US 3","France Central","South Africa North","Norway
        East","Switzerland North","UAE North"],"apiVersions":["2023-04-01-preview","2023-02-01","2022-11-01-preview","2022-10-01","2022-06-01-preview","2022-03-01","2022-01-01-preview"],"defaultApiVersion":"2022-11-01-preview","capabilities":"None"},{"resourceType":"connectedEnvironments","locations":["Central
        US EUAP","East US 2 EUAP","North Central US (Stage)","North Central US","East
        US","East Asia","West Europe"],"apiVersions":["2022-11-01-preview","2022-10-01","2022-06-01-preview"],"defaultApiVersion":"2022-11-01-preview","capabilities":"CrossResourceGroupResourceMove,
        CrossSubscriptionResourceMove, SupportsTags, SupportsLocation"},{"resourceType":"connectedEnvironments/certificates","locations":["Central
        US EUAP","East US 2 EUAP","North Central US (Stage)","North Central US","East
        US","East Asia","West Europe"],"apiVersions":["2022-11-01-preview","2022-10-01","2022-06-01-preview"],"defaultApiVersion":"2022-11-01-preview","capabilities":"CrossResourceGroupResourceMove,
        CrossSubscriptionResourceMove, SupportsTags, SupportsLocation"},{"resourceType":"locations/connectedEnvironmentOperationResults","locations":["Central
        US EUAP","East US 2 EUAP","North Central US (Stage)","North Central US","East
        US","East Asia","West Europe"],"apiVersions":["2022-11-01-preview","2022-10-01","2022-06-01-preview"],"defaultApiVersion":"2022-11-01-preview","capabilities":"None"},{"resourceType":"locations/connectedEnvironmentOperationStatuses","locations":["Central
        US EUAP","East US 2 EUAP","North Central US (Stage)","North Central US","East
        US","East Asia","West Europe"],"apiVersions":["2022-11-01-preview","2022-10-01","2022-06-01-preview"],"defaultApiVersion":"2022-11-01-preview","capabilities":"None"},{"resourceType":"locations/billingMeters","locations":["Central
        US EUAP","East US 2 EUAP","North Central US (Stage)","Australia East","North
        Central US","East US 2","West Europe","Central US","East US","North Europe","South
        Central US","UK South","West US 3"],"apiVersions":["2023-04-01-preview","2023-02-01","2022-11-01-preview","2022-10-01","2022-06-01-preview"],"defaultApiVersion":"2022-11-01-preview","capabilities":"None"},{"resourceType":"locations/availableManagedEnvironmentsWorkloadProfileTypes","locations":["Central
        US EUAP","East US 2 EUAP","North Central US (Stage)","Australia East","North
        Central US","East US 2","West Europe","Central US","East US","North Europe","South
        Central US","UK South","West US 3"],"apiVersions":["2023-04-01-preview","2023-02-01","2022-11-01-preview","2022-10-01","2022-06-01-preview"],"defaultApiVersion":"2022-11-01-preview","capabilities":"None"}],"registrationState":"Registered","registrationPolicy":"RegistrationRequired"}'
    headers:
      cache-control:
      - no-cache
      content-length:
      - '10638'
      content-type:
      - application/json; charset=utf-8
      date:
      - Sat, 06 May 2023 07:06:55 GMT
      expires:
      - '-1'
      pragma:
      - no-cache
      strict-transport-security:
      - max-age=31536000; includeSubDomains
      vary:
      - Accept-Encoding
      x-content-type-options:
      - nosniff
    status:
      code: 200
      message: OK
- request:
    body: '{"location": "eastus", "identity": {"type": "None", "userAssignedIdentities":
      null}, "properties": {"environmentId": "/subscriptions/00000000-0000-0000-0000-000000000000/resourceGroups/cli_test_containerapp_preview000001/providers/Microsoft.App/managedEnvironments/containerapp-compose000002",
      "configuration": {"secrets": null, "activeRevisionsMode": "single", "ingress":
      {"fqdn": null, "external": true, "targetPort": "80", "transport": "auto", "exposedPort":
      null, "traffic": null, "customDomains": null, "ipSecurityRestrictions": null,
      "stickySessions": null}, "dapr": null, "registries": null}, "template": {"revisionSuffix":
      null, "containers": [{"image": "mcr.microsoft.com/azuredocs/aks-helloworld:v1",
      "name": "foo", "command": null, "args": null, "env": null, "resources": null,
      "volumeMounts": null}], "initContainers": null, "scale": {"minReplicas": 6,
      "maxReplicas": 6, "rules": []}, "volumes": null}, "workloadProfileName": null},
      "tags": null}'
    headers:
      Accept:
      - '*/*'
      Accept-Encoding:
      - gzip, deflate
      CommandName:
      - containerapp compose create
      Connection:
      - keep-alive
      Content-Length:
      - '958'
      Content-Type:
      - application/json
      ParameterSetName:
      - --compose-file-path --resource-group --environment
      User-Agent:
      - python/3.10.11 (Windows-10-10.0.22621-SP0) AZURECLI/2.46.0
    method: PUT
    uri: https://management.azure.com/subscriptions/00000000-0000-0000-0000-000000000000/resourceGroups/cli_test_containerapp_preview000001/providers/Microsoft.App/containerApps/foo?api-version=2023-04-01-preview
  response:
    body:
      string: '{"id":"/subscriptions/00000000-0000-0000-0000-000000000000/resourceGroups/cli_test_containerapp_preview000001/providers/Microsoft.App/containerapps/foo","name":"foo","type":"Microsoft.App/containerApps","location":"East
        US","systemData":{"createdBy":"xinyupang@microsoft.com","createdByType":"User","createdAt":"2023-05-06T07:06:59.4190044Z","lastModifiedBy":"xinyupang@microsoft.com","lastModifiedByType":"User","lastModifiedAt":"2023-05-06T07:06:59.4190044Z"},"properties":{"provisioningState":"InProgress","runningStatus":"Running","managedEnvironmentId":"/subscriptions/00000000-0000-0000-0000-000000000000/resourceGroups/cli_test_containerapp_preview000001/providers/Microsoft.App/managedEnvironments/containerapp-compose000002","environmentId":"/subscriptions/00000000-0000-0000-0000-000000000000/resourceGroups/cli_test_containerapp_preview000001/providers/Microsoft.App/managedEnvironments/containerapp-compose000002","workloadProfileName":null,"outboundIpAddresses":["20.84.14.233"],"latestRevisionName":"","latestReadyRevisionName":"","latestRevisionFqdn":"","customDomainVerificationId":"D3F71C85EB6552E36A89A3E4A080C3CFB00181670B659B0003264FC673AA9B00","configuration":{"secrets":null,"activeRevisionsMode":"Single","ingress":{"fqdn":"foo.wittyocean-9e57ab6c.eastus.azurecontainerapps.io","external":true,"targetPort":80,"exposedPort":0,"transport":"Auto","traffic":[{"weight":100,"latestRevision":true}],"customDomains":null,"allowInsecure":false,"ipSecurityRestrictions":null,"corsPolicy":null,"clientCertificateMode":null,"stickySessions":null},"registries":null,"dapr":null,"maxInactiveRevisions":null,"service":null},"template":{"revisionSuffix":"","terminationGracePeriodSeconds":null,"containers":[{"image":"mcr.microsoft.com/azuredocs/aks-helloworld:v1","name":"foo","resources":{"cpu":0.5,"memory":"1Gi","ephemeralStorage":"2Gi"}}],"initContainers":null,"scale":{"minReplicas":6,"maxReplicas":6,"rules":null},"volumes":null,"serviceBinds":null},"eventStreamEndpoint":"https://eastus.azurecontainerapps.dev/subscriptions/00000000-0000-0000-0000-000000000000/resourceGroups/cli_test_containerapp_preview000001/containerApps/foo/eventstream"},"identity":{"type":"None"}}'
    headers:
      api-supported-versions:
      - 2022-01-01-preview, 2022-03-01, 2022-06-01-preview, 2022-10-01, 2022-11-01-preview,
        2023-02-01, 2023-04-01-preview
      azure-asyncoperation:
      - https://management.azure.com/subscriptions/00000000-0000-0000-0000-000000000000/providers/Microsoft.App/locations/eastus/containerappOperationStatuses/7e5a7537-50f8-4a4b-823a-8e2f6e58588e?api-version=2023-04-01-preview&azureAsyncOperation=true
      cache-control:
      - no-cache
      content-length:
      - '2188'
      content-type:
      - application/json; charset=utf-8
      date:
      - Sat, 06 May 2023 07:07:02 GMT
      expires:
      - '-1'
      pragma:
      - no-cache
      server:
      - Microsoft-IIS/10.0
      strict-transport-security:
      - max-age=31536000; includeSubDomains
      x-content-type-options:
      - nosniff
      x-ms-async-operation-timeout:
      - PT15M
      x-ms-ratelimit-remaining-subscription-resource-requests:
      - '699'
      x-powered-by:
      - ASP.NET
    status:
      code: 201
      message: Created
- request:
    body: null
    headers:
      Accept:
      - '*/*'
      Accept-Encoding:
      - gzip, deflate
      CommandName:
      - containerapp compose create
      Connection:
      - keep-alive
      ParameterSetName:
      - --compose-file-path --resource-group --environment
      User-Agent:
      - python/3.10.11 (Windows-10-10.0.22621-SP0) AZURECLI/2.46.0
    method: GET
    uri: https://management.azure.com/subscriptions/00000000-0000-0000-0000-000000000000/providers/Microsoft.App/locations/eastus/containerappOperationStatuses/7e5a7537-50f8-4a4b-823a-8e2f6e58588e?api-version=2023-04-01-preview&azureAsyncOperation=true
  response:
    body:
      string: '{"id":"/subscriptions/00000000-0000-0000-0000-000000000000/providers/Microsoft.App/locations/eastus/containerappOperationStatuses/7e5a7537-50f8-4a4b-823a-8e2f6e58588e","name":"7e5a7537-50f8-4a4b-823a-8e2f6e58588e","status":"InProgress","startTime":"2023-05-06T07:07:00.7576482"}'
    headers:
      api-supported-versions:
      - 2022-01-01-preview, 2022-03-01, 2022-06-01-preview, 2022-10-01, 2022-11-01-preview,
        2023-02-01, 2023-04-01-preview
      cache-control:
      - no-cache
      content-length:
      - '278'
      content-type:
      - application/json; charset=utf-8
      date:
      - Sat, 06 May 2023 07:07:04 GMT
      expires:
      - '-1'
      pragma:
      - no-cache
      server:
      - Microsoft-IIS/10.0
      strict-transport-security:
      - max-age=31536000; includeSubDomains
      transfer-encoding:
      - chunked
      vary:
      - Accept-Encoding,Accept-Encoding
      x-content-type-options:
      - nosniff
      x-powered-by:
      - ASP.NET
    status:
      code: 200
      message: OK
- request:
    body: null
    headers:
      Accept:
      - '*/*'
      Accept-Encoding:
      - gzip, deflate
      CommandName:
      - containerapp compose create
      Connection:
      - keep-alive
      ParameterSetName:
      - --compose-file-path --resource-group --environment
      User-Agent:
      - python/3.10.11 (Windows-10-10.0.22621-SP0) AZURECLI/2.46.0
    method: GET
    uri: https://management.azure.com/subscriptions/00000000-0000-0000-0000-000000000000/providers/Microsoft.App/locations/eastus/containerappOperationStatuses/7e5a7537-50f8-4a4b-823a-8e2f6e58588e?api-version=2023-04-01-preview&azureAsyncOperation=true
  response:
    body:
      string: '{"id":"/subscriptions/00000000-0000-0000-0000-000000000000/providers/Microsoft.App/locations/eastus/containerappOperationStatuses/7e5a7537-50f8-4a4b-823a-8e2f6e58588e","name":"7e5a7537-50f8-4a4b-823a-8e2f6e58588e","status":"Succeeded","startTime":"2023-05-06T07:07:00.7576482"}'
    headers:
      api-supported-versions:
      - 2022-01-01-preview, 2022-03-01, 2022-06-01-preview, 2022-10-01, 2022-11-01-preview,
        2023-02-01, 2023-04-01-preview
      cache-control:
      - no-cache
      content-length:
      - '277'
      content-type:
      - application/json; charset=utf-8
      date:
      - Sat, 06 May 2023 07:07:08 GMT
      expires:
      - '-1'
      pragma:
      - no-cache
      server:
      - Microsoft-IIS/10.0
      strict-transport-security:
      - max-age=31536000; includeSubDomains
      transfer-encoding:
      - chunked
      vary:
      - Accept-Encoding,Accept-Encoding
      x-content-type-options:
      - nosniff
      x-powered-by:
      - ASP.NET
    status:
      code: 200
      message: OK
- request:
    body: null
    headers:
      Accept:
      - '*/*'
      Accept-Encoding:
      - gzip, deflate
      CommandName:
      - containerapp compose create
      Connection:
      - keep-alive
      ParameterSetName:
      - --compose-file-path --resource-group --environment
      User-Agent:
      - python/3.10.11 (Windows-10-10.0.22621-SP0) AZURECLI/2.46.0
    method: GET
    uri: https://management.azure.com/subscriptions/00000000-0000-0000-0000-000000000000/resourceGroups/cli_test_containerapp_preview000001/providers/Microsoft.App/containerApps/foo?api-version=2023-04-01-preview
  response:
    body:
      string: '{"id":"/subscriptions/00000000-0000-0000-0000-000000000000/resourceGroups/cli_test_containerapp_preview000001/providers/Microsoft.App/containerapps/foo","name":"foo","type":"Microsoft.App/containerApps","location":"East
        US","systemData":{"createdBy":"xinyupang@microsoft.com","createdByType":"User","createdAt":"2023-05-06T07:06:59.4190044","lastModifiedBy":"xinyupang@microsoft.com","lastModifiedByType":"User","lastModifiedAt":"2023-05-06T07:06:59.4190044"},"properties":{"provisioningState":"Succeeded","runningStatus":"Running","managedEnvironmentId":"/subscriptions/00000000-0000-0000-0000-000000000000/resourceGroups/cli_test_containerapp_preview000001/providers/Microsoft.App/managedEnvironments/containerapp-compose000002","environmentId":"/subscriptions/00000000-0000-0000-0000-000000000000/resourceGroups/cli_test_containerapp_preview000001/providers/Microsoft.App/managedEnvironments/containerapp-compose000002","workloadProfileName":null,"outboundIpAddresses":["20.84.14.233"],"latestRevisionName":"foo--gei36je","latestReadyRevisionName":"foo--gei36je","latestRevisionFqdn":"foo--gei36je.wittyocean-9e57ab6c.eastus.azurecontainerapps.io","customDomainVerificationId":"D3F71C85EB6552E36A89A3E4A080C3CFB00181670B659B0003264FC673AA9B00","configuration":{"secrets":null,"activeRevisionsMode":"Single","ingress":{"fqdn":"foo.wittyocean-9e57ab6c.eastus.azurecontainerapps.io","external":true,"targetPort":80,"exposedPort":0,"transport":"Auto","traffic":[{"weight":100,"latestRevision":true}],"customDomains":null,"allowInsecure":false,"ipSecurityRestrictions":null,"corsPolicy":null,"clientCertificateMode":null,"stickySessions":null},"registries":null,"dapr":null,"maxInactiveRevisions":null,"service":null},"template":{"revisionSuffix":"","terminationGracePeriodSeconds":null,"containers":[{"image":"mcr.microsoft.com/azuredocs/aks-helloworld:v1","name":"foo","resources":{"cpu":0.5,"memory":"1Gi","ephemeralStorage":"2Gi"}}],"initContainers":null,"scale":{"minReplicas":6,"maxReplicas":6,"rules":null},"volumes":null,"serviceBinds":null},"eventStreamEndpoint":"https://eastus.azurecontainerapps.dev/subscriptions/00000000-0000-0000-0000-000000000000/resourceGroups/cli_test_containerapp_preview000001/containerApps/foo/eventstream"},"identity":{"type":"None"}}'
    headers:
      api-supported-versions:
      - 2022-01-01-preview, 2022-03-01, 2022-06-01-preview, 2022-10-01, 2022-11-01-preview,
        2023-02-01, 2023-04-01-preview
      cache-control:
      - no-cache
      content-length:
      - '2270'
      content-type:
      - application/json; charset=utf-8
      date:
      - Sat, 06 May 2023 07:07:11 GMT
      expires:
      - '-1'
      pragma:
      - no-cache
      server:
      - Microsoft-IIS/10.0
      strict-transport-security:
      - max-age=31536000; includeSubDomains
      transfer-encoding:
      - chunked
      vary:
      - Accept-Encoding,Accept-Encoding
      x-content-type-options:
      - nosniff
      x-powered-by:
      - ASP.NET
    status:
      code: 200
      message: OK
version: 1
