interactions:
- request:
    body: '{"location": "westus", "properties": {"appliedScopeType": "Shared", "billingPlan":
      "Monthly", "billingScopeId": "b0f278e1-1f18-4378-84d7-b44dfa708665", "displayName":
      "clitest", "quantity": 2, "renew": false, "reservedResourceType": "VirtualMachines",
      "term": "P1Y"}, "sku": {"name": "standard_b1ls"}}'
    headers:
      Accept:
      - application/json
      Accept-Encoding:
      - gzip, deflate
      CommandName:
      - reservations reservation-order calculate
      Connection:
      - keep-alive
      Content-Length:
      - '301'
      Content-Type:
      - application/json
      ParameterSetName:
      - --sku --location --reserved-resource-type --billing-scope --term --billing-plan
        --display-name --quantity --applied-scope-type
      User-Agent:
      - AZURECLI/2.43.0 (AAZ) azsdk-python-core/1.24.0 Python/3.10.7 (Windows-10-10.0.19045-SP0)
    method: POST
    uri: https://management.azure.com/providers/Microsoft.Capacity/calculatePrice?api-version=2022-11-01-beta
  response:
    body:
      string: '{"properties":{"billingCurrencyTotal":{"currencyCode":"GBP","amount":48.0},"netTotal":0.0,"taxTotal":0.0,"grandTotal":0.0,"paymentSchedule":[{"dueDate":"2023-03-02","pricingCurrencyTotal":{"currencyCode":"GBP","amount":4.0},"billingCurrencyTotal":{"currencyCode":"GBP","amount":4.0},"status":"Scheduled"},{"dueDate":"2023-04-02","pricingCurrencyTotal":{"currencyCode":"GBP","amount":4.0},"status":"Scheduled"},{"dueDate":"2023-05-02","pricingCurrencyTotal":{"currencyCode":"GBP","amount":4.0},"status":"Scheduled"},{"dueDate":"2023-06-02","pricingCurrencyTotal":{"currencyCode":"GBP","amount":4.0},"status":"Scheduled"},{"dueDate":"2023-07-02","pricingCurrencyTotal":{"currencyCode":"GBP","amount":4.0},"status":"Scheduled"},{"dueDate":"2023-08-02","pricingCurrencyTotal":{"currencyCode":"GBP","amount":4.0},"status":"Scheduled"},{"dueDate":"2023-09-02","pricingCurrencyTotal":{"currencyCode":"GBP","amount":4.0},"status":"Scheduled"},{"dueDate":"2023-10-02","pricingCurrencyTotal":{"currencyCode":"GBP","amount":4.0},"status":"Scheduled"},{"dueDate":"2023-11-02","pricingCurrencyTotal":{"currencyCode":"GBP","amount":4.0},"status":"Scheduled"},{"dueDate":"2023-12-02","pricingCurrencyTotal":{"currencyCode":"GBP","amount":4.0},"status":"Scheduled"},{"dueDate":"2024-01-02","pricingCurrencyTotal":{"currencyCode":"GBP","amount":4.0},"status":"Scheduled"},{"dueDate":"2024-02-02","pricingCurrencyTotal":{"currencyCode":"GBP","amount":4.0},"status":"Scheduled"}],"reservationOrderId":"c8533688-2b69-48e4-9269-e8b335f8c719","skuTitle":"Reserved
        VM Instance, Standard_B1ls, US West, 1 Year","skuDescription":"standard_b1ls","pricingCurrencyTotal":{"currencyCode":"GBP","amount":48.0}}}'
    headers:
      cache-control:
      - no-cache
      content-length:
      - '1681'
      content-type:
      - application/json; charset=utf-8
      date:
      - Thu, 02 Mar 2023 22:30:53 GMT
      expires:
      - '-1'
      pragma:
      - no-cache
      server:
      - Microsoft-IIS/10.0
      strict-transport-security:
      - max-age=31536000; includeSubDomains
      transfer-encoding:
      - chunked
      vary:
      - Accept-Encoding,Accept-Encoding
      x-aspnet-version:
      - 4.0.30319
      x-content-type-options:
      - nosniff
      x-ms-ratelimit-remaining-tenant-writes:
      - '1199'
      x-ms-test:
      - '{"contact":"sagirees","scenarios":"NewReservationTypeScenario,TestInProduction","retention":"5/31/2023
        10:30:51 PM"}'
    status:
      code: 200
      message: OK
- request:
    body: '{"location": "westus", "properties": {"appliedScopeType": "Shared", "billingPlan":
      "Monthly", "billingScopeId": "b0f278e1-1f18-4378-84d7-b44dfa708665", "displayName":
      "clitest", "quantity": 2, "renew": false, "reservedResourceType": "VirtualMachines",
      "term": "P1Y"}, "sku": {"name": "standard_b1ls"}}'
    headers:
      Accept:
      - application/json
      Accept-Encoding:
      - gzip, deflate
      CommandName:
      - reservations reservation-order purchase
      Connection:
      - keep-alive
      Content-Length:
      - '301'
      Content-Type:
      - application/json
      ParameterSetName:
      - --reservation-order-id --sku --location --reserved-resource-type --billing-scope
        --term --billing-plan --display-name --quantity --applied-scope-type
      User-Agent:
      - AZURECLI/2.43.0 (AAZ) azsdk-python-core/1.24.0 Python/3.10.7 (Windows-10-10.0.19045-SP0)
    method: PUT
    uri: https://management.azure.com/providers/Microsoft.Capacity/reservationOrders/c8533688-2b69-48e4-9269-e8b335f8c719?api-version=2022-11-01-beta
  response:
    body:
      string: '{"id":"/providers/microsoft.capacity/reservationOrders/c8533688-2b69-48e4-9269-e8b335f8c719","name":"c8533688-2b69-48e4-9269-e8b335f8c719","type":"microsoft.capacity/reservationOrders","etag":1,"properties":{"originalQuantity":2,"requestDateTime":"2023-03-02T22:30:57.1256893Z","billingPlan":"Monthly","reservations":[{"id":"/providers/Microsoft.Capacity/reservationOrders/c8533688-2b69-48e4-9269-e8b335f8c719/reservations/a987e93e-a585-45d4-899f-a212d96a88a0"}],"term":"P1Y","displayName":"clitest","provisioningState":"Creating","billingAccountId":"/providers/Microsoft.Billing/billingAccounts/61e667a1-0558-45a2-b21a-57fa7893951d"}}'
    headers:
      cache-control:
      - no-cache
      content-length:
      - '635'
      content-type:
      - application/json; charset=utf-8
      date:
      - Thu, 02 Mar 2023 22:31:29 GMT
      expires:
      - '-1'
      location:
      - https://management.azure.com/providers/Microsoft.Capacity/reservationOrders/c8533688-2b69-48e4-9269-e8b335f8c719?api-version=2022-11-01-beta
      pragma:
      - no-cache
      strict-transport-security:
      - max-age=31536000; includeSubDomains
      x-content-type-options:
      - nosniff
      x-ms-ratelimit-remaining-tenant-writes:
      - '1199'
      x-ms-version:
      - 1.0.2252.117
    status:
      code: 202
      message: Accepted
- request:
    body: null
    headers:
      Accept:
      - '*/*'
      Accept-Encoding:
      - gzip, deflate
      CommandName:
      - reservations reservation-order purchase
      Connection:
      - keep-alive
      ParameterSetName:
      - --reservation-order-id --sku --location --reserved-resource-type --billing-scope
        --term --billing-plan --display-name --quantity --applied-scope-type
      User-Agent:
      - AZURECLI/2.43.0 (AAZ) azsdk-python-core/1.24.0 Python/3.10.7 (Windows-10-10.0.19045-SP0)
    method: GET
    uri: https://management.azure.com/providers/Microsoft.Capacity/reservationOrders/c8533688-2b69-48e4-9269-e8b335f8c719?api-version=2022-11-01-beta
  response:
    body:
      string: '{"id":"/providers/microsoft.capacity/reservationOrders/c8533688-2b69-48e4-9269-e8b335f8c719","name":"c8533688-2b69-48e4-9269-e8b335f8c719","type":"microsoft.capacity/reservationOrders","etag":4,"properties":{"originalQuantity":2,"requestDateTime":"2023-03-02T22:30:57.1256893Z","billingPlan":"Monthly","reservations":[{"id":"/providers/Microsoft.Capacity/reservationOrders/c8533688-2b69-48e4-9269-e8b335f8c719/reservations/a987e93e-a585-45d4-899f-a212d96a88a0"}],"term":"P1Y","displayName":"clitest","provisioningState":"PendingCapacity","billingAccountId":"/providers/Microsoft.Billing/billingAccounts/61e667a1-0558-45a2-b21a-57fa7893951d"}}'
    headers:
      cache-control:
      - no-cache
      content-length:
      - '642'
      content-type:
      - application/json; charset=utf-8
      date:
      - Thu, 02 Mar 2023 22:33:31 GMT
      expires:
      - '-1'
      pragma:
      - no-cache
      strict-transport-security:
      - max-age=31536000; includeSubDomains
      transfer-encoding:
      - chunked
      vary:
      - Accept-Encoding,Accept-Encoding
      x-content-type-options:
      - nosniff
      x-ms-version:
      - 1.0.2252.117
    status:
      code: 200
      message: OK
version: 1
