interactions:
- request:
    body: '{"identity": {"type": "SystemAssigned"}, "location": "centraluseuap", "properties":
      {"securitySettings": {"softDeleteSettings": {"retentionDurationInDays": 14.0,
      "state": "Off"}}, "storageSettings": [{"datastoreType": "VaultStore", "type":
      "LocallyRedundant"}]}}'
    headers:
      Accept:
      - application/json
      Accept-Encoding:
      - gzip, deflate
      CommandName:
      - dataprotection backup-vault create
      Connection:
      - keep-alive
      Content-Length:
      - '262'
      Content-Type:
      - application/json
      ParameterSetName:
      - -g --vault-name -l --storage-settings --type --soft-delete-state
      User-Agent:
      - AZURECLI/2.67.0 azsdk-python-core/1.31.0 Python/3.11.9 (Windows-10-10.0.26100-SP0)
    method: PUT
    uri: https://management.azure.com/subscriptions/00000000-0000-0000-0000-000000000000/resourceGroups/clitest-dpp-updatemsipermissions-000001/providers/Microsoft.DataProtection/backupVaults/clitest-bkp-vault?api-version=2024-04-01
  response:
    body:
      string: '{"location":"centraluseuap","identity":{"type":"SystemAssigned","principalId":"364d54bf-d8ce-4302-9ae0-f5c99f0cd5d0","tenantId":"72f988bf-86f1-41af-91ab-2d7cd011db47"},"properties":{"provisioningState":"Provisioning","storageSettings":[{"datastoreType":"VaultStore","type":"LocallyRedundant"}],"isVaultProtectedByResourceGuard":false,"securitySettings":{"softDeleteSettings":{"state":"Off","retentionDurationInDays":14.0}},"secureScore":"None","bcdrSecurityLevel":"Poor","replicatedRegions":[]},"id":"/subscriptions/00000000-0000-0000-0000-000000000000/resourceGroups/clitest-dpp-updatemsipermissions-000001/providers/Microsoft.DataProtection/backupVaults/clitest-bkp-vault","name":"clitest-bkp-vault","type":"Microsoft.DataProtection/backupVaults"}'
    headers:
      azure-asyncoperation:
      - https://management.azure.com/subscriptions/00000000-0000-0000-0000-000000000000/resourceGroups/clitest-dpp-updatemsipermissions-000001/providers/Microsoft.DataProtection/backupVaults/clitest-bkp-vault/operationStatus/OTMzMTk5OGQtYWFjYi00ZTc3LWI1NDktMTdmZTA5ZjExMjQzOzQzZGRkMTg0LWYwNTMtNDA0OS04NjE4LTFmMWNiNDE0ZjY1Ng==?api-version=2024-04-01&t=638772820811845200&c=MIIHpTCCBo2gAwIBAgITfwTYxBKzZMhYMh8gpgAEBNjEEjANBgkqhkiG9w0BAQsFADBEMRMwEQYKCZImiZPyLGQBGRYDR0JMMRMwEQYKCZImiZPyLGQBGRYDQU1FMRgwFgYDVQQDEw9BTUUgSW5mcmEgQ0EgMDIwHhcNMjUwMTIzMjEyMjI0WhcNMjUwNzIyMjEyMjI0WjBAMT4wPAYDVQQDEzVhc3luY29wZXJhdGlvbnNpZ25pbmdjZXJ0aWZpY2F0ZS5tYW5hZ2VtZW50LmF6dXJlLmNvbTCCASIwDQYJKoZIhvcNAQEBBQADggEPADCCAQoCggEBAMrrszb3bc9Q1RUgoqqflSt3305JG-JAerAKaHI2ZPPmF47CFxNAOU8gQ1SC9-Z2cbgmGU-arGQ5vZbVO0uejbPtMmt10RPMHuIWQkH_oK8V4gN4tCUldex2vnRpGPtfsfy1OVTMSjzA9wE-oRmtDI1pokTRWQdVHmVJl4Z7WZC9-cWHJiPBthd-BXVSIAmZCA0SoTDokhXuiLmJgWhkCVqfcAtzhifnPZDXu9sGNR39yBuveQ_fYNJGUC9pP6-U426aEVoApoLpLoXz4iSn3DDPQKcsq7rKQnXde1_jx-IJOiTMo1pQgj5KHmM94XIlUNiEc8h6bqwDw0BJxgMhoq0CAwEAAaOCBJIwggSOMCcGCSsGAQQBgjcVCgQaMBgwCgYIKwYBBQUHAwEwCgYIKwYBBQUHAwIwPQYJKwYBBAGCNxUHBDAwLgYmKwYBBAGCNxUIhpDjDYTVtHiE8Ys-hZvdFs6dEoFghfmRS4WsmTQCAWQCAQcwggHaBggrBgEFBQcBAQSCAcwwggHIMGYGCCsGAQUFBzAChlpodHRwOi8vY3JsLm1pY3Jvc29mdC5jb20vcGtpaW5mcmEvQ2VydHMvQkwyUEtJSU5UQ0EwMS5BTUUuR0JMX0FNRSUyMEluZnJhJTIwQ0ElMjAwMig0KS5jcnQwVgYIKwYBBQUHMAKGSmh0dHA6Ly9jcmwxLmFtZS5nYmwvYWlhL0JMMlBLSUlOVENBMDEuQU1FLkdCTF9BTUUlMjBJbmZyYSUyMENBJTIwMDIoNCkuY3J0MFYGCCsGAQUFBzAChkpodHRwOi8vY3JsMi5hbWUuZ2JsL2FpYS9CTDJQS0lJTlRDQTAxLkFNRS5HQkxfQU1FJTIwSW5mcmElMjBDQSUyMDAyKDQpLmNydDBWBggrBgEFBQcwAoZKaHR0cDovL2NybDMuYW1lLmdibC9haWEvQkwyUEtJSU5UQ0EwMS5BTUUuR0JMX0FNRSUyMEluZnJhJTIwQ0ElMjAwMig0KS5jcnQwVgYIKwYBBQUHMAKGSmh0dHA6Ly9jcmw0LmFtZS5nYmwvYWlhL0JMMlBLSUlOVENBMDEuQU1FLkdCTF9BTUUlMjBJbmZyYSUyMENBJTIwMDIoNCkuY3J0MB0GA1UdDgQWBBTuuvoUWDWVTrCAILP0aOKOwV9QqjAOBgNVHQ8BAf8EBAMCBaAwggE1BgNVHR8EggEsMIIBKDCCASSgggEgoIIBHIZCaHR0cDovL2NybC5taWNyb3NvZnQuY29tL3BraWluZnJhL0NSTC9BTUUlMjBJbmZyYSUyMENBJTIwMDIoNCkuY3JshjRodHRwOi8vY3JsMS5hbWUuZ2JsL2NybC9BTUUlMjBJbmZyYSUyMENBJTIwMDIoNCkuY3JshjRodHRwOi8vY3JsMi5hbWUuZ2JsL2NybC9BTUUlMjBJbmZyYSUyMENBJTIwMDIoNCkuY3JshjRodHRwOi8vY3JsMy5hbWUuZ2JsL2NybC9BTUUlMjBJbmZyYSUyMENBJTIwMDIoNCkuY3JshjRodHRwOi8vY3JsNC5hbWUuZ2JsL2NybC9BTUUlMjBJbmZyYSUyMENBJTIwMDIoNCkuY3JsMIGdBgNVHSAEgZUwgZIwDAYKKwYBBAGCN3sBATBmBgorBgEEAYI3ewICMFgwVgYIKwYBBQUHAgIwSh5IADMAMwBlADAAMQA5ADIAMQAtADQAZAA2ADQALQA0AGYAOABjAC0AYQAwADUANQAtADUAYgBkAGEAZgBmAGQANQBlADMAMwBkMAwGCisGAQQBgjd7AwIwDAYKKwYBBAGCN3sEAjAfBgNVHSMEGDAWgBSuecJrXSWIEwb2BwnDl3x7l48dVTAdBgNVHSUEFjAUBggrBgEFBQcDAQYIKwYBBQUHAwIwDQYJKoZIhvcNAQELBQADggEBAGOf8CYfQMTcLZLuep4NmPG5yM4RapHWdtSKaxCrSjhUdNPLd0sUmofPOlvZkha0hFS_cjy2F5PPIgn4jz8g1x1Qrf3XaZG_B047uvLLj6tGyQEkwXZEtn1ZjLowBC_iNvyQ_eyULxAHVmKb8SqiSqO1ZEZtkeTcjII_IphdYLadJFbPMEoKCykRuNb4MNsbCpJcMn10qjvXEH0JcHGfkeHMp7Ruzj6one5NZavi_Bi6rmqOsT54dYy1lMu6S3aPB0bklK7Yje-_l6iWrFFRlKxg8x0cKytCiSG1MzMVsM2xjFRmyfb89lLBYjT5u3Mmlm-zTsFu-NfI1lj81wOoUkA&s=rctZm0siPWCVq1cYjPIUkFIaA_oE0LUWu40blRVN7qVfnWsGBYEdWN_YAiGqhCri4-sP0AjKNhPgYczsuwZmQD1LaPFK4EYgLiXQyS22OG7KcU6MSCrHVoMsL8m8piAoqa4S36uQ64bwrZ1e2IuPXmDpbb_TKfeQtKnyUMSnZeLe-naijvsGVpKvnXPeiNYcCUnIdyocYItf476hfIKzDG0VX7K8ag_Cf24q2CXxYenEQJ2s9V0sItOSaycMOvR_HXTNuGXwFD0jVw3v94M4pLXSM8B7ddcUDX4ey-9gqMgM6zHt900wU7v1gU0Kb6X5sN9M51uUg7NY4XkgEtGbGQ&h=UVFRfjPcVxA_VdFnkmBBHmh_gAPI7uN-UA4QJ76UBYQ
      cache-control:
      - no-cache
      content-length:
      - '749'
      content-type:
      - application/json; charset=utf-8
      date:
      - Tue, 11 Mar 2025 09:28:00 GMT
      expires:
      - '-1'
      pragma:
      - no-cache
      strict-transport-security:
      - max-age=31536000; includeSubDomains
      x-cache:
      - CONFIG_NOCACHE
      x-content-type-options:
      - nosniff
      x-ms-arm-resource-system-data:
      - '{"createdBy":"zubairabid@microsoft.com","createdByType":"User","createdAt":"2025-03-11T09:27:58.2469672Z","lastModifiedBy":"zubairabid@microsoft.com","lastModifiedByType":"User","lastModifiedAt":"2025-03-11T09:27:58.2469672Z"}'
      x-ms-ratelimit-remaining-subscription-resource-requests:
      - '99'
      x-msedge-ref:
      - 'Ref A: ADF73182683C45FB95F978CC38FEB3E8 Ref B: MAA201060516049 Ref C: 2025-03-11T09:27:54Z'
    status:
      code: 201
      message: Created
- request:
    body: null
    headers:
      Accept:
      - '*/*'
      Accept-Encoding:
      - gzip, deflate
      CommandName:
      - dataprotection backup-vault create
      Connection:
      - keep-alive
      ParameterSetName:
      - -g --vault-name -l --storage-settings --type --soft-delete-state
      User-Agent:
      - AZURECLI/2.67.0 azsdk-python-core/1.31.0 Python/3.11.9 (Windows-10-10.0.26100-SP0)
    method: GET
    uri: https://management.azure.com/subscriptions/00000000-0000-0000-0000-000000000000/resourceGroups/clitest-dpp-updatemsipermissions-000001/providers/Microsoft.DataProtection/backupVaults/clitest-bkp-vault/operationStatus/OTMzMTk5OGQtYWFjYi00ZTc3LWI1NDktMTdmZTA5ZjExMjQzOzQzZGRkMTg0LWYwNTMtNDA0OS04NjE4LTFmMWNiNDE0ZjY1Ng==?api-version=2024-04-01&t=638772820811845200&c=MIIHpTCCBo2gAwIBAgITfwTYxBKzZMhYMh8gpgAEBNjEEjANBgkqhkiG9w0BAQsFADBEMRMwEQYKCZImiZPyLGQBGRYDR0JMMRMwEQYKCZImiZPyLGQBGRYDQU1FMRgwFgYDVQQDEw9BTUUgSW5mcmEgQ0EgMDIwHhcNMjUwMTIzMjEyMjI0WhcNMjUwNzIyMjEyMjI0WjBAMT4wPAYDVQQDEzVhc3luY29wZXJhdGlvbnNpZ25pbmdjZXJ0aWZpY2F0ZS5tYW5hZ2VtZW50LmF6dXJlLmNvbTCCASIwDQYJKoZIhvcNAQEBBQADggEPADCCAQoCggEBAMrrszb3bc9Q1RUgoqqflSt3305JG-JAerAKaHI2ZPPmF47CFxNAOU8gQ1SC9-Z2cbgmGU-arGQ5vZbVO0uejbPtMmt10RPMHuIWQkH_oK8V4gN4tCUldex2vnRpGPtfsfy1OVTMSjzA9wE-oRmtDI1pokTRWQdVHmVJl4Z7WZC9-cWHJiPBthd-BXVSIAmZCA0SoTDokhXuiLmJgWhkCVqfcAtzhifnPZDXu9sGNR39yBuveQ_fYNJGUC9pP6-U426aEVoApoLpLoXz4iSn3DDPQKcsq7rKQnXde1_jx-IJOiTMo1pQgj5KHmM94XIlUNiEc8h6bqwDw0BJxgMhoq0CAwEAAaOCBJIwggSOMCcGCSsGAQQBgjcVCgQaMBgwCgYIKwYBBQUHAwEwCgYIKwYBBQUHAwIwPQYJKwYBBAGCNxUHBDAwLgYmKwYBBAGCNxUIhpDjDYTVtHiE8Ys-hZvdFs6dEoFghfmRS4WsmTQCAWQCAQcwggHaBggrBgEFBQcBAQSCAcwwggHIMGYGCCsGAQUFBzAChlpodHRwOi8vY3JsLm1pY3Jvc29mdC5jb20vcGtpaW5mcmEvQ2VydHMvQkwyUEtJSU5UQ0EwMS5BTUUuR0JMX0FNRSUyMEluZnJhJTIwQ0ElMjAwMig0KS5jcnQwVgYIKwYBBQUHMAKGSmh0dHA6Ly9jcmwxLmFtZS5nYmwvYWlhL0JMMlBLSUlOVENBMDEuQU1FLkdCTF9BTUUlMjBJbmZyYSUyMENBJTIwMDIoNCkuY3J0MFYGCCsGAQUFBzAChkpodHRwOi8vY3JsMi5hbWUuZ2JsL2FpYS9CTDJQS0lJTlRDQTAxLkFNRS5HQkxfQU1FJTIwSW5mcmElMjBDQSUyMDAyKDQpLmNydDBWBggrBgEFBQcwAoZKaHR0cDovL2NybDMuYW1lLmdibC9haWEvQkwyUEtJSU5UQ0EwMS5BTUUuR0JMX0FNRSUyMEluZnJhJTIwQ0ElMjAwMig0KS5jcnQwVgYIKwYBBQUHMAKGSmh0dHA6Ly9jcmw0LmFtZS5nYmwvYWlhL0JMMlBLSUlOVENBMDEuQU1FLkdCTF9BTUUlMjBJbmZyYSUyMENBJTIwMDIoNCkuY3J0MB0GA1UdDgQWBBTuuvoUWDWVTrCAILP0aOKOwV9QqjAOBgNVHQ8BAf8EBAMCBaAwggE1BgNVHR8EggEsMIIBKDCCASSgggEgoIIBHIZCaHR0cDovL2NybC5taWNyb3NvZnQuY29tL3BraWluZnJhL0NSTC9BTUUlMjBJbmZyYSUyMENBJTIwMDIoNCkuY3JshjRodHRwOi8vY3JsMS5hbWUuZ2JsL2NybC9BTUUlMjBJbmZyYSUyMENBJTIwMDIoNCkuY3JshjRodHRwOi8vY3JsMi5hbWUuZ2JsL2NybC9BTUUlMjBJbmZyYSUyMENBJTIwMDIoNCkuY3JshjRodHRwOi8vY3JsMy5hbWUuZ2JsL2NybC9BTUUlMjBJbmZyYSUyMENBJTIwMDIoNCkuY3JshjRodHRwOi8vY3JsNC5hbWUuZ2JsL2NybC9BTUUlMjBJbmZyYSUyMENBJTIwMDIoNCkuY3JsMIGdBgNVHSAEgZUwgZIwDAYKKwYBBAGCN3sBATBmBgorBgEEAYI3ewICMFgwVgYIKwYBBQUHAgIwSh5IADMAMwBlADAAMQA5ADIAMQAtADQAZAA2ADQALQA0AGYAOABjAC0AYQAwADUANQAtADUAYgBkAGEAZgBmAGQANQBlADMAMwBkMAwGCisGAQQBgjd7AwIwDAYKKwYBBAGCN3sEAjAfBgNVHSMEGDAWgBSuecJrXSWIEwb2BwnDl3x7l48dVTAdBgNVHSUEFjAUBggrBgEFBQcDAQYIKwYBBQUHAwIwDQYJKoZIhvcNAQELBQADggEBAGOf8CYfQMTcLZLuep4NmPG5yM4RapHWdtSKaxCrSjhUdNPLd0sUmofPOlvZkha0hFS_cjy2F5PPIgn4jz8g1x1Qrf3XaZG_B047uvLLj6tGyQEkwXZEtn1ZjLowBC_iNvyQ_eyULxAHVmKb8SqiSqO1ZEZtkeTcjII_IphdYLadJFbPMEoKCykRuNb4MNsbCpJcMn10qjvXEH0JcHGfkeHMp7Ruzj6one5NZavi_Bi6rmqOsT54dYy1lMu6S3aPB0bklK7Yje-_l6iWrFFRlKxg8x0cKytCiSG1MzMVsM2xjFRmyfb89lLBYjT5u3Mmlm-zTsFu-NfI1lj81wOoUkA&s=rctZm0siPWCVq1cYjPIUkFIaA_oE0LUWu40blRVN7qVfnWsGBYEdWN_YAiGqhCri4-sP0AjKNhPgYczsuwZmQD1LaPFK4EYgLiXQyS22OG7KcU6MSCrHVoMsL8m8piAoqa4S36uQ64bwrZ1e2IuPXmDpbb_TKfeQtKnyUMSnZeLe-naijvsGVpKvnXPeiNYcCUnIdyocYItf476hfIKzDG0VX7K8ag_Cf24q2CXxYenEQJ2s9V0sItOSaycMOvR_HXTNuGXwFD0jVw3v94M4pLXSM8B7ddcUDX4ey-9gqMgM6zHt900wU7v1gU0Kb6X5sN9M51uUg7NY4XkgEtGbGQ&h=UVFRfjPcVxA_VdFnkmBBHmh_gAPI7uN-UA4QJ76UBYQ
  response:
    body:
      string: '{"id":"/subscriptions/00000000-0000-0000-0000-000000000000/resourceGroups/clitest-dpp-updatemsipermissions-000001/providers/Microsoft.DataProtection/backupVaults/clitest-bkp-vault/operationStatus/OTMzMTk5OGQtYWFjYi00ZTc3LWI1NDktMTdmZTA5ZjExMjQzOzQzZGRkMTg0LWYwNTMtNDA0OS04NjE4LTFmMWNiNDE0ZjY1Ng==","name":"OTMzMTk5OGQtYWFjYi00ZTc3LWI1NDktMTdmZTA5ZjExMjQzOzQzZGRkMTg0LWYwNTMtNDA0OS04NjE4LTFmMWNiNDE0ZjY1Ng==","status":"Succeeded","startTime":"2025-03-11T09:28:00.7226403Z","endTime":"2025-03-11T09:28:01Z"}'
    headers:
      cache-control:
      - no-cache
      content-length:
      - '505'
      content-type:
      - application/json; charset=utf-8
      date:
      - Tue, 11 Mar 2025 09:28:01 GMT
      expires:
      - '-1'
      pragma:
      - no-cache
      strict-transport-security:
      - max-age=31536000; includeSubDomains
      x-cache:
      - CONFIG_NOCACHE
      x-content-type-options:
      - nosniff
      x-ms-ratelimit-remaining-subscription-resource-requests:
      - '999'
      x-msedge-ref:
      - 'Ref A: FD12B7E5664644DDA337D2DD80F364A2 Ref B: MAA201060516049 Ref C: 2025-03-11T09:28:01Z'
    status:
      code: 200
      message: OK
- request:
    body: null
    headers:
      Accept:
      - '*/*'
      Accept-Encoding:
      - gzip, deflate
      CommandName:
      - dataprotection backup-vault create
      Connection:
      - keep-alive
      ParameterSetName:
      - -g --vault-name -l --storage-settings --type --soft-delete-state
      User-Agent:
      - AZURECLI/2.67.0 azsdk-python-core/1.31.0 Python/3.11.9 (Windows-10-10.0.26100-SP0)
    method: GET
    uri: https://management.azure.com/subscriptions/00000000-0000-0000-0000-000000000000/resourceGroups/clitest-dpp-updatemsipermissions-000001/providers/Microsoft.DataProtection/backupVaults/clitest-bkp-vault?api-version=2024-04-01
  response:
    body:
      string: '{"location":"centraluseuap","identity":{"type":"SystemAssigned","principalId":"364d54bf-d8ce-4302-9ae0-f5c99f0cd5d0","tenantId":"72f988bf-86f1-41af-91ab-2d7cd011db47"},"properties":{"provisioningState":"Succeeded","storageSettings":[{"datastoreType":"VaultStore","type":"LocallyRedundant"}],"isVaultProtectedByResourceGuard":false,"securitySettings":{"softDeleteSettings":{"state":"Off","retentionDurationInDays":14.0}},"secureScore":"None","bcdrSecurityLevel":"Poor","replicatedRegions":[]},"id":"/subscriptions/00000000-0000-0000-0000-000000000000/resourceGroups/clitest-dpp-updatemsipermissions-000001/providers/Microsoft.DataProtection/backupVaults/clitest-bkp-vault","name":"clitest-bkp-vault","type":"Microsoft.DataProtection/backupVaults"}'
    headers:
      cache-control:
      - no-cache
      content-length:
      - '746'
      content-type:
      - application/json; charset=utf-8
      date:
      - Tue, 11 Mar 2025 09:28:02 GMT
      expires:
      - '-1'
      pragma:
      - no-cache
      strict-transport-security:
      - max-age=31536000; includeSubDomains
      x-cache:
      - CONFIG_NOCACHE
      x-content-type-options:
      - nosniff
      x-ms-ratelimit-remaining-subscription-resource-requests:
      - '499'
      x-msedge-ref:
      - 'Ref A: 18FBD91BEACF4890BDEA8CB43FF271B6 Ref B: MAA201060516049 Ref C: 2025-03-11T09:28:02Z'
    status:
      code: 200
      message: OK
- request:
    body: '{"properties": {"datasourceTypes": ["Microsoft.DBforPostgreSQL/servers/databases"],
      "name": "OssPolicy1", "objectType": "BackupPolicy", "policyRules": [{"backupParameters":
      {"backupType": "Full", "objectType": "AzureBackupParams"}, "dataStore": {"dataStoreType":
      "VaultStore", "objectType": "DataStoreInfoBase"}, "name": "BackupWeekly", "objectType":
      "AzureBackupRule", "trigger": {"objectType": "ScheduleBasedTriggerContext",
      "schedule": {"repeatingTimeIntervals": ["R/2021-08-15T06:30:00+00:00/P1W"],
      "timeZone": "UTC"}, "taggingCriteria": [{"isDefault": true, "tagInfo": {"id":
      "Default_", "tagName": "Default"}, "taggingPriority": 99}]}}, {"isDefault":
      true, "lifecycles": [{"deleteAfter": {"duration": "P3M", "objectType": "AbsoluteDeleteOption"},
      "sourceDataStore": {"dataStoreType": "VaultStore", "objectType": "DataStoreInfoBase"},
      "targetDataStoreCopySettings": []}], "name": "Default", "objectType": "AzureRetentionRule"}]}}'
    headers:
      Accept:
      - application/json
      Accept-Encoding:
      - gzip, deflate
      CommandName:
      - dataprotection backup-policy create
      Connection:
      - keep-alive
      Content-Length:
      - '934'
      Content-Type:
      - application/json
      ParameterSetName:
      - -n --policy -g --vault-name
      User-Agent:
      - AZURECLI/2.67.0 azsdk-python-core/1.31.0 Python/3.11.9 (Windows-10-10.0.26100-SP0)
    method: PUT
    uri: https://management.azure.com/subscriptions/00000000-0000-0000-0000-000000000000/resourceGroups/clitest-dpp-updatemsipermissions-000001/providers/Microsoft.DataProtection/backupVaults/clitest-bkp-vault/backupPolicies/osspolicy?api-version=2024-04-01
  response:
    body:
      string: '{"properties":{"policyRules":[{"backupParameters":{"backupType":"Full","objectType":"AzureBackupParams"},"trigger":{"schedule":{"repeatingTimeIntervals":["R/2021-08-15T06:30:00+00:00/P1W"],"timeZone":"UTC"},"taggingCriteria":[{"tagInfo":{"tagName":"Default","id":"Default_"},"taggingPriority":99,"isDefault":true}],"objectType":"ScheduleBasedTriggerContext"},"dataStore":{"dataStoreType":"VaultStore","objectType":"DataStoreInfoBase"},"name":"BackupWeekly","objectType":"AzureBackupRule"},{"lifecycles":[{"deleteAfter":{"objectType":"AbsoluteDeleteOption","duration":"P3M"},"targetDataStoreCopySettings":[],"sourceDataStore":{"dataStoreType":"VaultStore","objectType":"DataStoreInfoBase"}}],"isDefault":true,"name":"Default","objectType":"AzureRetentionRule"}],"datasourceTypes":["Microsoft.DBforPostgreSQL/servers/databases"],"objectType":"BackupPolicy"},"id":"/subscriptions/00000000-0000-0000-0000-000000000000/resourceGroups/clitest-dpp-updatemsipermissions-000001/providers/Microsoft.DataProtection/backupVaults/clitest-bkp-vault/backupPolicies/osspolicy","name":"osspolicy","type":"Microsoft.DataProtection/backupVaults/backupPolicies"}'
    headers:
      cache-control:
      - no-cache
      content-length:
      - '1142'
      content-type:
      - application/json; charset=utf-8
      date:
      - Tue, 11 Mar 2025 09:28:04 GMT
      expires:
      - '-1'
      pragma:
      - no-cache
      strict-transport-security:
      - max-age=31536000; includeSubDomains
      x-cache:
      - CONFIG_NOCACHE
      x-content-type-options:
      - nosniff
      x-ms-ratelimit-remaining-subscription-resource-requests:
      - '199'
      x-msedge-ref:
      - 'Ref A: AF7B290AB8DF4DB79088F6C7B181DAEE Ref B: MAA201060515027 Ref C: 2025-03-11T09:28:03Z'
    status:
      code: 200
      message: OK
- request:
    body: null
    headers:
      Accept:
      - application/json
      Accept-Encoding:
      - gzip, deflate
      CommandName:
      - dataprotection backup-instance update-msi-permissions
      Connection:
      - keep-alive
      ParameterSetName:
      - -g --vault-name --backup-instance --datasource-type --permissions-scope --operation
        --keyvault-id --yes
      User-Agent:
      - AZURECLI/2.67.0 azsdk-python-core/1.31.0 Python/3.11.9 (Windows-10-10.0.26100-SP0)
    method: GET
    uri: https://management.azure.com/subscriptions/00000000-0000-0000-0000-000000000000/resourceGroups/clitest-dpp-updatemsipermissions-000001/providers/Microsoft.DataProtection/backupVaults/clitest-bkp-vault?api-version=2024-04-01
  response:
    body:
      string: '{"location":"centraluseuap","identity":{"type":"SystemAssigned","principalId":"364d54bf-d8ce-4302-9ae0-f5c99f0cd5d0","tenantId":"72f988bf-86f1-41af-91ab-2d7cd011db47"},"properties":{"provisioningState":"Succeeded","storageSettings":[{"datastoreType":"VaultStore","type":"LocallyRedundant"}],"isVaultProtectedByResourceGuard":false,"securitySettings":{"softDeleteSettings":{"state":"Off","retentionDurationInDays":14.0}},"secureScore":"None","bcdrSecurityLevel":"Poor","replicatedRegions":[]},"id":"/subscriptions/00000000-0000-0000-0000-000000000000/resourceGroups/clitest-dpp-updatemsipermissions-000001/providers/Microsoft.DataProtection/backupVaults/clitest-bkp-vault","name":"clitest-bkp-vault","type":"Microsoft.DataProtection/backupVaults"}'
    headers:
      cache-control:
      - no-cache
      content-length:
      - '746'
      content-type:
      - application/json; charset=utf-8
      date:
      - Tue, 11 Mar 2025 09:28:06 GMT
      expires:
      - '-1'
      pragma:
      - no-cache
      strict-transport-security:
      - max-age=31536000; includeSubDomains
      x-cache:
      - CONFIG_NOCACHE
      x-content-type-options:
      - nosniff
      x-ms-ratelimit-remaining-subscription-resource-requests:
      - '497'
      x-msedge-ref:
      - 'Ref A: DB1CDCD6520B403CA93726CA209610EC Ref B: MAA201060513029 Ref C: 2025-03-11T09:28:06Z'
    status:
      code: 200
      message: OK
- request:
    body: null
    headers:
      Accept:
      - application/json
      Accept-Encoding:
      - gzip, deflate
      CommandName:
      - dataprotection backup-instance update-msi-permissions
      Connection:
      - keep-alive
      ParameterSetName:
      - -g --vault-name --backup-instance --datasource-type --permissions-scope --operation
        --keyvault-id --yes
      User-Agent:
      - AZURECLI/2.67.0 azsdk-python-core/1.31.0 Python/3.11.9 (Windows-10-10.0.26100-SP0)
    method: GET
    uri: https://management.azure.com/subscriptions/00000000-0000-0000-0000-000000000000/resourceGroups/oss-clitest-rg/providers/Microsoft.KeyVault/vaults/oss-clitest-keyvault?api-version=2023-02-01
  response:
    body:
      string: '{"id":"/subscriptions/00000000-0000-0000-0000-000000000000/resourceGroups/oss-clitest-rg/providers/Microsoft.KeyVault/vaults/oss-clitest-keyvault","name":"oss-clitest-keyvault","type":"Microsoft.KeyVault/vaults","location":"centraluseuap","tags":{"Owner":"akneema","Purpose":"Testing","MABUsed":"Yes","DeleteBy":"12-9999"},"systemData":{"lastModifiedBy":"0408f296-45b4-426f-b4c0-22980058be2a","lastModifiedByType":"Application","lastModifiedAt":"2024-09-09T12:52:58.712Z"},"properties":{"sku":{"family":"A","name":"Standard"},"tenantId":"72f988bf-86f1-41af-91ab-2d7cd011db47","networkAcls":{"bypass":"AzureServices","defaultAction":"Allow","ipRules":[{"value":"20.69.149.128/32"}],"virtualNetworkRules":[]},"accessPolicies":[{"tenantId":"72f988bf-86f1-41af-91ab-2d7cd011db47","objectId":"5095196a-def9-4146-8d92-e38f24b6e378","permissions":{"keys":["Get","List","Update","Create","Import","Delete","Recover","Backup","Restore","Decrypt","Encrypt","UnwrapKey","WrapKey","Verify","Sign","Purge","Release","Rotate","GetRotationPolicy","SetRotationPolicy"],"secrets":["Get","List","Set","Delete","Recover","Backup","Restore","Purge"],"certificates":["Get","List","Update","Create","Import","Delete","Recover","Backup","Restore","ManageContacts","ManageIssuers","GetIssuers","ListIssuers","SetIssuers","DeleteIssuers","Purge"]}},{"tenantId":"72f988bf-86f1-41af-91ab-2d7cd011db47","objectId":"90680173-e32e-4cf3-a1b8-d1a99ac56bbf","permissions":{"keys":["Get","List","Update","Create","Import","Delete","Recover","Backup","Restore","Decrypt","Encrypt","UnwrapKey","WrapKey","Verify","Sign","Purge","Release","Rotate","GetRotationPolicy","SetRotationPolicy"],"secrets":["Get","List","Set","Delete","Recover","Backup","Restore","Purge"],"certificates":["Get","List","Update","Create","Import","Delete","Recover","Backup","Restore","ManageContacts","ManageIssuers","GetIssuers","ListIssuers","SetIssuers","DeleteIssuers","Purge"]}},{"tenantId":"72f988bf-86f1-41af-91ab-2d7cd011db47","objectId":"f40e18f0-6544-45c2-9d24-639a8bb3b41a","permissions":{"keys":["Get","List","Backup"],"secrets":["Get","List","Backup"],"certificates":[]}},{"tenantId":"72f988bf-86f1-41af-91ab-2d7cd011db47","objectId":"b864e281-c12e-45c6-a0c7-6046a7de5481","permissions":{"keys":[],"secrets":["List","Get"],"certificates":[]}},{"tenantId":"72f988bf-86f1-41af-91ab-2d7cd011db47","objectId":"12f8ea5c-1212-449e-b31c-0a574f43076e","permissions":{"keys":["Get","List","Update","Create","Import","Delete","Recover","Backup","Restore","GetRotationPolicy","SetRotationPolicy","Rotate","Encrypt","Decrypt","UnwrapKey","WrapKey","Verify","Sign","Release","Purge"],"secrets":["Get","List","Set","Delete","Recover","Backup","Restore","Purge"],"certificates":["Get","List","Update","Create","Import","Delete","Recover","Backup","Restore","ManageContacts","ManageIssuers","GetIssuers","ListIssuers","SetIssuers","DeleteIssuers","Purge"]}},{"tenantId":"72f988bf-86f1-41af-91ab-2d7cd011db47","objectId":"0c2f4ad7-700d-4e2c-8be2-f2a040454ac1","permissions":{"keys":["Get","List","Update","Create","Import","Delete","Recover","Backup","Restore","GetRotationPolicy","SetRotationPolicy","Rotate","Encrypt","Decrypt","UnwrapKey","WrapKey","Verify","Sign","Purge","Release"],"secrets":["Get","List","Set","Delete","Recover","Backup","Restore","Purge"],"certificates":["Get","List","Update","Create","Import","Delete","Recover","Backup","Restore","ManageContacts","ManageIssuers","GetIssuers","ListIssuers","SetIssuers","DeleteIssuers","Purge"]}},{"tenantId":"72f988bf-86f1-41af-91ab-2d7cd011db47","objectId":"f46d6ea4-bc22-439e-a22b-17bf55687ff4","permissions":{"secrets":["Get","List"]}},{"tenantId":"72f988bf-86f1-41af-91ab-2d7cd011db47","objectId":"dd86f0df-b216-4b6e-ab29-6c85e5728ad3","permissions":{"secrets":["List","Get"]}},{"tenantId":"72f988bf-86f1-41af-91ab-2d7cd011db47","objectId":"5ee24e03-bdf4-4e17-830b-7d09dd3ff9f0","permissions":{"secrets":["List","Get"]}},{"tenantId":"72f988bf-86f1-41af-91ab-2d7cd011db47","objectId":"f120383d-1667-4fa2-9cf8-371c69777ea7","permissions":{"secrets":["List","Get"]}},{"tenantId":"72f988bf-86f1-41af-91ab-2d7cd011db47","objectId":"a9057a0a-59fc-4626-bb4a-159dfef51fb1","permissions":{"secrets":["List","Get"]}},{"tenantId":"72f988bf-86f1-41af-91ab-2d7cd011db47","objectId":"6f1cf4ea-f60f-496c-af08-a2dd54ce8b7b","permissions":{"secrets":["Get","List"]}},{"tenantId":"72f988bf-86f1-41af-91ab-2d7cd011db47","objectId":"211ca06a-10c6-4e71-9cd8-bdcd6bf2d20c","permissions":{"secrets":["Get","List"]}},{"tenantId":"72f988bf-86f1-41af-91ab-2d7cd011db47","objectId":"972807ac-9f5d-40f0-8534-769348c97cc6","permissions":{"secrets":["Get","List"]}},{"tenantId":"72f988bf-86f1-41af-91ab-2d7cd011db47","objectId":"25d13c62-6d4b-4282-89d8-f93cffb63147","permissions":{"secrets":["Get","List"]}},{"tenantId":"72f988bf-86f1-41af-91ab-2d7cd011db47","objectId":"e4b19295-5460-4d39-8691-621137eee584","permissions":{"secrets":["List","Get"]}},{"tenantId":"72f988bf-86f1-41af-91ab-2d7cd011db47","objectId":"0bfa2e12-8162-4d82-85ba-ce64622c4daf","permissions":{"secrets":["List","Get"]}},{"tenantId":"72f988bf-86f1-41af-91ab-2d7cd011db47","objectId":"50990739-5526-4ccb-9c84-13cbefedc46a","permissions":{"secrets":["List","Get"]}},{"tenantId":"72f988bf-86f1-41af-91ab-2d7cd011db47","objectId":"247cd05f-7120-4a5a-a2b0-cde58bb811d9","permissions":{"secrets":["Get","List"]}},{"tenantId":"72f988bf-86f1-41af-91ab-2d7cd011db47","objectId":"a16924a0-d86b-4396-8b35-4d451c124b6a","permissions":{"secrets":["List","Get"]}},{"tenantId":"72f988bf-86f1-41af-91ab-2d7cd011db47","objectId":"bfe262f5-5346-4702-aa0c-c5a7508520a7","permissions":{"secrets":["List","Get"]}},{"tenantId":"72f988bf-86f1-41af-91ab-2d7cd011db47","objectId":"0cd79fc2-8178-4b63-bdb6-b0305fa165bc","permissions":{"secrets":["Get","List"]}},{"tenantId":"72f988bf-86f1-41af-91ab-2d7cd011db47","objectId":"a994ba07-252c-4889-b8fd-0c2c425874be","permissions":{"secrets":["List","Get"]}},{"tenantId":"72f988bf-86f1-41af-91ab-2d7cd011db47","objectId":"a20105bc-d5d8-44f8-b939-89b4df5e1ec2","permissions":{"secrets":["List","Get"]}},{"tenantId":"72f988bf-86f1-41af-91ab-2d7cd011db47","objectId":"cbda0823-3ad8-44d2-b4a0-f5b87e13fd15","permissions":{"secrets":["Get","List"]}},{"tenantId":"72f988bf-86f1-41af-91ab-2d7cd011db47","objectId":"e6da7a7f-91aa-489d-b428-bebd712f32aa","permissions":{"secrets":["Get","List"]}},{"tenantId":"72f988bf-86f1-41af-91ab-2d7cd011db47","objectId":"2074e607-47e2-445d-9c42-cefedfc1ccca","permissions":{"secrets":["Get","List"]}},{"tenantId":"72f988bf-86f1-41af-91ab-2d7cd011db47","objectId":"8fe13e7e-82f5-4b2b-a8d7-da7a16ba9bce","permissions":{"secrets":["List","Get"]}},{"tenantId":"72f988bf-86f1-41af-91ab-2d7cd011db47","objectId":"f8730ae0-5723-4489-b50d-e6b833ef9bc5","permissions":{"secrets":["List","Get"]}},{"tenantId":"72f988bf-86f1-41af-91ab-2d7cd011db47","objectId":"0e2cb8b2-8c18-498d-9dda-554207983b8c","permissions":{"secrets":["List","Get"]}},{"tenantId":"72f988bf-86f1-41af-91ab-2d7cd011db47","objectId":"bd3eea8b-dc9e-4742-af55-3d019722e530","permissions":{"secrets":["List","Get"]}},{"tenantId":"72f988bf-86f1-41af-91ab-2d7cd011db47","objectId":"031fb8f2-7cf6-442c-a09f-e3218bdd7fea","permissions":{"secrets":["Get","List"]}}],"enabledForDeployment":false,"enabledForDiskEncryption":false,"enabledForTemplateDeployment":false,"enableSoftDelete":true,"softDeleteRetentionInDays":90,"enableRbacAuthorization":false,"enablePurgeProtection":true,"vaultUri":"https://oss-clitest-keyvault.vault.azure.net/","provisioningState":"Succeeded","publicNetworkAccess":"Enabled"}}'
    headers:
      cache-control:
      - no-cache
      content-length:
      - '7551'
      content-type:
      - application/json; charset=utf-8
      date:
      - Tue, 11 Mar 2025 09:28:08 GMT
      expires:
      - '-1'
      pragma:
      - no-cache
      strict-transport-security:
      - max-age=31536000; includeSubDomains
      x-aspnet-version:
      - 4.0.30319
      x-cache:
      - CONFIG_NOCACHE
      x-content-type-options:
      - nosniff
      x-ms-keyvault-service-version:
      - 1.5.1491.0
      x-ms-ratelimit-remaining-subscription-global-reads:
      - '16499'
      x-msedge-ref:
      - 'Ref A: 307BE87233864A26AD4AEB868A405FF8 Ref B: MAA201060513053 Ref C: 2025-03-11T09:28:07Z'
    status:
      code: 200
      message: OK
- request:
    body: null
    headers:
      Accept:
      - application/json
      Accept-Encoding:
      - gzip, deflate
      CommandName:
      - dataprotection backup-instance update-msi-permissions
      Connection:
      - keep-alive
      ParameterSetName:
      - -g --vault-name --backup-instance --datasource-type --permissions-scope --operation
        --keyvault-id --yes
      User-Agent:
      - AZURECLI/2.67.0 azsdk-python-core/1.31.0 Python/3.11.9 (Windows-10-10.0.26100-SP0)
    method: GET
    uri: https://oss-clitest-keyvault.vault.azure.net/secrets?api-version=7.4
  response:
    body:
      string: '{"error":{"code":"Unauthorized","message":"AKV10000: Request is missing
        a Bearer or PoP token."}}'
    headers:
      cache-control:
      - no-cache
      content-length:
      - '97'
      content-type:
      - application/json; charset=utf-8
      date:
      - Tue, 11 Mar 2025 09:28:09 GMT
      expires:
      - '-1'
      pragma:
      - no-cache
      strict-transport-security:
      - max-age=31536000;includeSubDomains
      www-authenticate:
      - Bearer authorization="https://login.microsoftonline.com/72f988bf-86f1-41af-91ab-2d7cd011db47",
        resource="https://vault.azure.net"
      x-content-type-options:
      - nosniff
      x-ms-keyvault-network-info:
      - conn_type=Ipv4;addr=49.37.171.158;act_addr_fam=InterNetwork;
      x-ms-keyvault-region:
      - centraluseuap
      x-ms-keyvault-service-version:
      - 1.9.2203.1
    status:
      code: 401
      message: Unauthorized
- request:
    body: null
    headers:
      Accept:
      - application/json
      Accept-Encoding:
      - gzip, deflate
      CommandName:
      - dataprotection backup-instance update-msi-permissions
      Connection:
      - keep-alive
      ParameterSetName:
      - -g --vault-name --backup-instance --datasource-type --permissions-scope --operation
        --keyvault-id --yes
      User-Agent:
      - AZURECLI/2.67.0 azsdk-python-core/1.31.0 Python/3.11.9 (Windows-10-10.0.26100-SP0)
    method: GET
    uri: https://oss-clitest-keyvault.vault.azure.net/secrets?api-version=7.4
  response:
    body:
      string: '{"value":[{"contentType":"Wrapped BEK","id":"https://oss-clitest-keyvault.vault.azure.net/secrets/ADEA19F9-2D87-46AC-91CD-492758A0C8A7","attributes":{"enabled":true,"created":1645419092,"updated":1645419092,"recoveryLevel":"Recoverable","recoverableDays":90},"tags":{"DiskEncryptionKeyFileName":"ADEA19F9-2D87-46AC-91CD-492758A0C8A7.BEK","VolumeLetter":"C:\\","VolumeLabel":"Windows","MachineName":"sql-clicloudtes","DiskEncryptionKeyEncryptionKeyURL":"https://oss-clitest-keyvault.vault.azure.net/keys/sql-clitest-key/fad6b3422cc1472c8bfd9f6f5b923d0d","DiskEncryptionKeyEncryptionAlgorithm":"RSA-OAEP"}},{"id":"https://oss-clitest-keyvault.vault.azure.net/secrets/oss-clitest-secret","attributes":{"enabled":true,"created":1629969650,"updated":1629969650,"recoveryLevel":"Recoverable","recoverableDays":90},"tags":{}}],"nextLink":null}'
    headers:
      cache-control:
      - no-cache
      content-length:
      - '836'
      content-type:
      - application/json; charset=utf-8
      date:
      - Tue, 11 Mar 2025 09:28:10 GMT
      expires:
      - '-1'
      pragma:
      - no-cache
      strict-transport-security:
      - max-age=31536000;includeSubDomains
      x-content-type-options:
      - nosniff
      x-ms-keyvault-network-info:
      - conn_type=Ipv4;addr=49.37.171.158;act_addr_fam=InterNetwork;
      x-ms-keyvault-region:
      - centraluseuap
      x-ms-keyvault-service-version:
      - 1.9.2203.1
    status:
      code: 200
      message: OK
- request:
    body: null
    headers:
      Accept:
      - application/json
      Accept-Encoding:
      - gzip, deflate
      CommandName:
      - dataprotection backup-instance update-msi-permissions
      Connection:
      - keep-alive
      ParameterSetName:
      - -g --vault-name --backup-instance --datasource-type --permissions-scope --operation
        --keyvault-id --yes
      User-Agent:
      - AZURECLI/2.67.0 azsdk-python-core/1.31.0 Python/3.11.9 (Windows-10-10.0.26100-SP0)
    method: GET
    uri: https://management.azure.com/subscriptions/00000000-0000-0000-0000-000000000000/resourceGroups/oss-clitest-rg/providers/Microsoft.KeyVault/vaults/oss-clitest-keyvault?api-version=2023-02-01
  response:
    body:
      string: '{"id":"/subscriptions/00000000-0000-0000-0000-000000000000/resourceGroups/oss-clitest-rg/providers/Microsoft.KeyVault/vaults/oss-clitest-keyvault","name":"oss-clitest-keyvault","type":"Microsoft.KeyVault/vaults","location":"centraluseuap","tags":{"Owner":"akneema","Purpose":"Testing","MABUsed":"Yes","DeleteBy":"12-9999"},"systemData":{"lastModifiedBy":"0408f296-45b4-426f-b4c0-22980058be2a","lastModifiedByType":"Application","lastModifiedAt":"2024-09-09T12:52:58.712Z"},"properties":{"sku":{"family":"A","name":"Standard"},"tenantId":"72f988bf-86f1-41af-91ab-2d7cd011db47","networkAcls":{"bypass":"AzureServices","defaultAction":"Allow","ipRules":[{"value":"20.69.149.128/32"}],"virtualNetworkRules":[]},"accessPolicies":[{"tenantId":"72f988bf-86f1-41af-91ab-2d7cd011db47","objectId":"5095196a-def9-4146-8d92-e38f24b6e378","permissions":{"keys":["Get","List","Update","Create","Import","Delete","Recover","Backup","Restore","Decrypt","Encrypt","UnwrapKey","WrapKey","Verify","Sign","Purge","Release","Rotate","GetRotationPolicy","SetRotationPolicy"],"secrets":["Get","List","Set","Delete","Recover","Backup","Restore","Purge"],"certificates":["Get","List","Update","Create","Import","Delete","Recover","Backup","Restore","ManageContacts","ManageIssuers","GetIssuers","ListIssuers","SetIssuers","DeleteIssuers","Purge"]}},{"tenantId":"72f988bf-86f1-41af-91ab-2d7cd011db47","objectId":"90680173-e32e-4cf3-a1b8-d1a99ac56bbf","permissions":{"keys":["Get","List","Update","Create","Import","Delete","Recover","Backup","Restore","Decrypt","Encrypt","UnwrapKey","WrapKey","Verify","Sign","Purge","Release","Rotate","GetRotationPolicy","SetRotationPolicy"],"secrets":["Get","List","Set","Delete","Recover","Backup","Restore","Purge"],"certificates":["Get","List","Update","Create","Import","Delete","Recover","Backup","Restore","ManageContacts","ManageIssuers","GetIssuers","ListIssuers","SetIssuers","DeleteIssuers","Purge"]}},{"tenantId":"72f988bf-86f1-41af-91ab-2d7cd011db47","objectId":"f40e18f0-6544-45c2-9d24-639a8bb3b41a","permissions":{"keys":["Get","List","Backup"],"secrets":["Get","List","Backup"],"certificates":[]}},{"tenantId":"72f988bf-86f1-41af-91ab-2d7cd011db47","objectId":"b864e281-c12e-45c6-a0c7-6046a7de5481","permissions":{"keys":[],"secrets":["List","Get"],"certificates":[]}},{"tenantId":"72f988bf-86f1-41af-91ab-2d7cd011db47","objectId":"12f8ea5c-1212-449e-b31c-0a574f43076e","permissions":{"keys":["Get","List","Update","Create","Import","Delete","Recover","Backup","Restore","GetRotationPolicy","SetRotationPolicy","Rotate","Encrypt","Decrypt","UnwrapKey","WrapKey","Verify","Sign","Release","Purge"],"secrets":["Get","List","Set","Delete","Recover","Backup","Restore","Purge"],"certificates":["Get","List","Update","Create","Import","Delete","Recover","Backup","Restore","ManageContacts","ManageIssuers","GetIssuers","ListIssuers","SetIssuers","DeleteIssuers","Purge"]}},{"tenantId":"72f988bf-86f1-41af-91ab-2d7cd011db47","objectId":"0c2f4ad7-700d-4e2c-8be2-f2a040454ac1","permissions":{"keys":["Get","List","Update","Create","Import","Delete","Recover","Backup","Restore","GetRotationPolicy","SetRotationPolicy","Rotate","Encrypt","Decrypt","UnwrapKey","WrapKey","Verify","Sign","Purge","Release"],"secrets":["Get","List","Set","Delete","Recover","Backup","Restore","Purge"],"certificates":["Get","List","Update","Create","Import","Delete","Recover","Backup","Restore","ManageContacts","ManageIssuers","GetIssuers","ListIssuers","SetIssuers","DeleteIssuers","Purge"]}},{"tenantId":"72f988bf-86f1-41af-91ab-2d7cd011db47","objectId":"f46d6ea4-bc22-439e-a22b-17bf55687ff4","permissions":{"secrets":["Get","List"]}},{"tenantId":"72f988bf-86f1-41af-91ab-2d7cd011db47","objectId":"dd86f0df-b216-4b6e-ab29-6c85e5728ad3","permissions":{"secrets":["List","Get"]}},{"tenantId":"72f988bf-86f1-41af-91ab-2d7cd011db47","objectId":"5ee24e03-bdf4-4e17-830b-7d09dd3ff9f0","permissions":{"secrets":["List","Get"]}},{"tenantId":"72f988bf-86f1-41af-91ab-2d7cd011db47","objectId":"f120383d-1667-4fa2-9cf8-371c69777ea7","permissions":{"secrets":["List","Get"]}},{"tenantId":"72f988bf-86f1-41af-91ab-2d7cd011db47","objectId":"a9057a0a-59fc-4626-bb4a-159dfef51fb1","permissions":{"secrets":["List","Get"]}},{"tenantId":"72f988bf-86f1-41af-91ab-2d7cd011db47","objectId":"6f1cf4ea-f60f-496c-af08-a2dd54ce8b7b","permissions":{"secrets":["Get","List"]}},{"tenantId":"72f988bf-86f1-41af-91ab-2d7cd011db47","objectId":"211ca06a-10c6-4e71-9cd8-bdcd6bf2d20c","permissions":{"secrets":["Get","List"]}},{"tenantId":"72f988bf-86f1-41af-91ab-2d7cd011db47","objectId":"972807ac-9f5d-40f0-8534-769348c97cc6","permissions":{"secrets":["Get","List"]}},{"tenantId":"72f988bf-86f1-41af-91ab-2d7cd011db47","objectId":"25d13c62-6d4b-4282-89d8-f93cffb63147","permissions":{"secrets":["Get","List"]}},{"tenantId":"72f988bf-86f1-41af-91ab-2d7cd011db47","objectId":"e4b19295-5460-4d39-8691-621137eee584","permissions":{"secrets":["List","Get"]}},{"tenantId":"72f988bf-86f1-41af-91ab-2d7cd011db47","objectId":"0bfa2e12-8162-4d82-85ba-ce64622c4daf","permissions":{"secrets":["List","Get"]}},{"tenantId":"72f988bf-86f1-41af-91ab-2d7cd011db47","objectId":"50990739-5526-4ccb-9c84-13cbefedc46a","permissions":{"secrets":["List","Get"]}},{"tenantId":"72f988bf-86f1-41af-91ab-2d7cd011db47","objectId":"247cd05f-7120-4a5a-a2b0-cde58bb811d9","permissions":{"secrets":["Get","List"]}},{"tenantId":"72f988bf-86f1-41af-91ab-2d7cd011db47","objectId":"a16924a0-d86b-4396-8b35-4d451c124b6a","permissions":{"secrets":["List","Get"]}},{"tenantId":"72f988bf-86f1-41af-91ab-2d7cd011db47","objectId":"bfe262f5-5346-4702-aa0c-c5a7508520a7","permissions":{"secrets":["List","Get"]}},{"tenantId":"72f988bf-86f1-41af-91ab-2d7cd011db47","objectId":"0cd79fc2-8178-4b63-bdb6-b0305fa165bc","permissions":{"secrets":["Get","List"]}},{"tenantId":"72f988bf-86f1-41af-91ab-2d7cd011db47","objectId":"a994ba07-252c-4889-b8fd-0c2c425874be","permissions":{"secrets":["List","Get"]}},{"tenantId":"72f988bf-86f1-41af-91ab-2d7cd011db47","objectId":"a20105bc-d5d8-44f8-b939-89b4df5e1ec2","permissions":{"secrets":["List","Get"]}},{"tenantId":"72f988bf-86f1-41af-91ab-2d7cd011db47","objectId":"cbda0823-3ad8-44d2-b4a0-f5b87e13fd15","permissions":{"secrets":["Get","List"]}},{"tenantId":"72f988bf-86f1-41af-91ab-2d7cd011db47","objectId":"e6da7a7f-91aa-489d-b428-bebd712f32aa","permissions":{"secrets":["Get","List"]}},{"tenantId":"72f988bf-86f1-41af-91ab-2d7cd011db47","objectId":"2074e607-47e2-445d-9c42-cefedfc1ccca","permissions":{"secrets":["Get","List"]}},{"tenantId":"72f988bf-86f1-41af-91ab-2d7cd011db47","objectId":"8fe13e7e-82f5-4b2b-a8d7-da7a16ba9bce","permissions":{"secrets":["List","Get"]}},{"tenantId":"72f988bf-86f1-41af-91ab-2d7cd011db47","objectId":"f8730ae0-5723-4489-b50d-e6b833ef9bc5","permissions":{"secrets":["List","Get"]}},{"tenantId":"72f988bf-86f1-41af-91ab-2d7cd011db47","objectId":"0e2cb8b2-8c18-498d-9dda-554207983b8c","permissions":{"secrets":["List","Get"]}},{"tenantId":"72f988bf-86f1-41af-91ab-2d7cd011db47","objectId":"bd3eea8b-dc9e-4742-af55-3d019722e530","permissions":{"secrets":["List","Get"]}},{"tenantId":"72f988bf-86f1-41af-91ab-2d7cd011db47","objectId":"031fb8f2-7cf6-442c-a09f-e3218bdd7fea","permissions":{"secrets":["Get","List"]}}],"enabledForDeployment":false,"enabledForDiskEncryption":false,"enabledForTemplateDeployment":false,"enableSoftDelete":true,"softDeleteRetentionInDays":90,"enableRbacAuthorization":false,"enablePurgeProtection":true,"vaultUri":"https://oss-clitest-keyvault.vault.azure.net/","provisioningState":"Succeeded","publicNetworkAccess":"Enabled"}}'
    headers:
      cache-control:
      - no-cache
      content-length:
      - '7551'
      content-type:
      - application/json; charset=utf-8
      date:
      - Tue, 11 Mar 2025 09:28:11 GMT
      expires:
      - '-1'
      pragma:
      - no-cache
      strict-transport-security:
      - max-age=31536000; includeSubDomains
      x-aspnet-version:
      - 4.0.30319
      x-cache:
      - CONFIG_NOCACHE
      x-content-type-options:
      - nosniff
      x-ms-keyvault-service-version:
      - 1.5.1491.0
      x-ms-ratelimit-remaining-subscription-global-reads:
      - '16499'
      x-msedge-ref:
      - 'Ref A: C49294EBDE684F29864E28A625F2FBCD Ref B: MAA201060513053 Ref C: 2025-03-11T09:28:10Z'
    status:
      code: 200
      message: OK
- request:
    body: '{"location": "centraluseuap", "tags": {"Owner": "akneema", "Purpose": "Testing",
      "MABUsed": "Yes", "DeleteBy": "12-9999"}, "properties": {"tenantId": "72f988bf-86f1-41af-91ab-2d7cd011db47",
      "sku": {"family": "A", "name": "Standard"}, "accessPolicies": [{"tenantId":
      "72f988bf-86f1-41af-91ab-2d7cd011db47", "objectId": "5095196a-def9-4146-8d92-e38f24b6e378",
      "permissions": {"keys": ["Get", "List", "Update", "Create", "Import", "Delete",
      "Recover", "Backup", "Restore", "Decrypt", "Encrypt", "UnwrapKey", "WrapKey",
      "Verify", "Sign", "Purge", "Release", "Rotate", "GetRotationPolicy", "SetRotationPolicy"],
      "secrets": ["Get", "List", "Set", "Delete", "Recover", "Backup", "Restore",
      "Purge"], "certificates": ["Get", "List", "Update", "Create", "Import", "Delete",
      "Recover", "Backup", "Restore", "ManageContacts", "ManageIssuers", "GetIssuers",
      "ListIssuers", "SetIssuers", "DeleteIssuers", "Purge"]}}, {"tenantId": "72f988bf-86f1-41af-91ab-2d7cd011db47",
      "objectId": "90680173-e32e-4cf3-a1b8-d1a99ac56bbf", "permissions": {"keys":
      ["Get", "List", "Update", "Create", "Import", "Delete", "Recover", "Backup",
      "Restore", "Decrypt", "Encrypt", "UnwrapKey", "WrapKey", "Verify", "Sign", "Purge",
      "Release", "Rotate", "GetRotationPolicy", "SetRotationPolicy"], "secrets": ["Get",
      "List", "Set", "Delete", "Recover", "Backup", "Restore", "Purge"], "certificates":
      ["Get", "List", "Update", "Create", "Import", "Delete", "Recover", "Backup",
      "Restore", "ManageContacts", "ManageIssuers", "GetIssuers", "ListIssuers", "SetIssuers",
      "DeleteIssuers", "Purge"]}}, {"tenantId": "72f988bf-86f1-41af-91ab-2d7cd011db47",
      "objectId": "f40e18f0-6544-45c2-9d24-639a8bb3b41a", "permissions": {"keys":
      ["Get", "List", "Backup"], "secrets": ["Get", "List", "Backup"], "certificates":
      []}}, {"tenantId": "72f988bf-86f1-41af-91ab-2d7cd011db47", "objectId": "b864e281-c12e-45c6-a0c7-6046a7de5481",
      "permissions": {"keys": [], "secrets": ["List", "Get"], "certificates": []}},
      {"tenantId": "72f988bf-86f1-41af-91ab-2d7cd011db47", "objectId": "12f8ea5c-1212-449e-b31c-0a574f43076e",
      "permissions": {"keys": ["Get", "List", "Update", "Create", "Import", "Delete",
      "Recover", "Backup", "Restore", "GetRotationPolicy", "SetRotationPolicy", "Rotate",
      "Encrypt", "Decrypt", "UnwrapKey", "WrapKey", "Verify", "Sign", "Release", "Purge"],
      "secrets": ["Get", "List", "Set", "Delete", "Recover", "Backup", "Restore",
      "Purge"], "certificates": ["Get", "List", "Update", "Create", "Import", "Delete",
      "Recover", "Backup", "Restore", "ManageContacts", "ManageIssuers", "GetIssuers",
      "ListIssuers", "SetIssuers", "DeleteIssuers", "Purge"]}}, {"tenantId": "72f988bf-86f1-41af-91ab-2d7cd011db47",
      "objectId": "0c2f4ad7-700d-4e2c-8be2-f2a040454ac1", "permissions": {"keys":
      ["Get", "List", "Update", "Create", "Import", "Delete", "Recover", "Backup",
      "Restore", "GetRotationPolicy", "SetRotationPolicy", "Rotate", "Encrypt", "Decrypt",
      "UnwrapKey", "WrapKey", "Verify", "Sign", "Purge", "Release"], "secrets": ["Get",
      "List", "Set", "Delete", "Recover", "Backup", "Restore", "Purge"], "certificates":
      ["Get", "List", "Update", "Create", "Import", "Delete", "Recover", "Backup",
      "Restore", "ManageContacts", "ManageIssuers", "GetIssuers", "ListIssuers", "SetIssuers",
      "DeleteIssuers", "Purge"]}}, {"tenantId": "72f988bf-86f1-41af-91ab-2d7cd011db47",
      "objectId": "f46d6ea4-bc22-439e-a22b-17bf55687ff4", "permissions": {"secrets":
      ["Get", "List"]}}, {"tenantId": "72f988bf-86f1-41af-91ab-2d7cd011db47", "objectId":
      "dd86f0df-b216-4b6e-ab29-6c85e5728ad3", "permissions": {"secrets": ["List",
      "Get"]}}, {"tenantId": "72f988bf-86f1-41af-91ab-2d7cd011db47", "objectId": "5ee24e03-bdf4-4e17-830b-7d09dd3ff9f0",
      "permissions": {"secrets": ["List", "Get"]}}, {"tenantId": "72f988bf-86f1-41af-91ab-2d7cd011db47",
      "objectId": "f120383d-1667-4fa2-9cf8-371c69777ea7", "permissions": {"secrets":
      ["List", "Get"]}}, {"tenantId": "72f988bf-86f1-41af-91ab-2d7cd011db47", "objectId":
      "a9057a0a-59fc-4626-bb4a-159dfef51fb1", "permissions": {"secrets": ["List",
      "Get"]}}, {"tenantId": "72f988bf-86f1-41af-91ab-2d7cd011db47", "objectId": "6f1cf4ea-f60f-496c-af08-a2dd54ce8b7b",
      "permissions": {"secrets": ["Get", "List"]}}, {"tenantId": "72f988bf-86f1-41af-91ab-2d7cd011db47",
      "objectId": "211ca06a-10c6-4e71-9cd8-bdcd6bf2d20c", "permissions": {"secrets":
      ["Get", "List"]}}, {"tenantId": "72f988bf-86f1-41af-91ab-2d7cd011db47", "objectId":
      "972807ac-9f5d-40f0-8534-769348c97cc6", "permissions": {"secrets": ["Get", "List"]}},
      {"tenantId": "72f988bf-86f1-41af-91ab-2d7cd011db47", "objectId": "25d13c62-6d4b-4282-89d8-f93cffb63147",
      "permissions": {"secrets": ["Get", "List"]}}, {"tenantId": "72f988bf-86f1-41af-91ab-2d7cd011db47",
      "objectId": "e4b19295-5460-4d39-8691-621137eee584", "permissions": {"secrets":
      ["List", "Get"]}}, {"tenantId": "72f988bf-86f1-41af-91ab-2d7cd011db47", "objectId":
      "0bfa2e12-8162-4d82-85ba-ce64622c4daf", "permissions": {"secrets": ["List",
      "Get"]}}, {"tenantId": "72f988bf-86f1-41af-91ab-2d7cd011db47", "objectId": "50990739-5526-4ccb-9c84-13cbefedc46a",
      "permissions": {"secrets": ["List", "Get"]}}, {"tenantId": "72f988bf-86f1-41af-91ab-2d7cd011db47",
      "objectId": "247cd05f-7120-4a5a-a2b0-cde58bb811d9", "permissions": {"secrets":
      ["Get", "List"]}}, {"tenantId": "72f988bf-86f1-41af-91ab-2d7cd011db47", "objectId":
      "a16924a0-d86b-4396-8b35-4d451c124b6a", "permissions": {"secrets": ["List",
      "Get"]}}, {"tenantId": "72f988bf-86f1-41af-91ab-2d7cd011db47", "objectId": "bfe262f5-5346-4702-aa0c-c5a7508520a7",
      "permissions": {"secrets": ["List", "Get"]}}, {"tenantId": "72f988bf-86f1-41af-91ab-2d7cd011db47",
      "objectId": "0cd79fc2-8178-4b63-bdb6-b0305fa165bc", "permissions": {"secrets":
      ["Get", "List"]}}, {"tenantId": "72f988bf-86f1-41af-91ab-2d7cd011db47", "objectId":
      "a994ba07-252c-4889-b8fd-0c2c425874be", "permissions": {"secrets": ["List",
      "Get"]}}, {"tenantId": "72f988bf-86f1-41af-91ab-2d7cd011db47", "objectId": "a20105bc-d5d8-44f8-b939-89b4df5e1ec2",
      "permissions": {"secrets": ["List", "Get"]}}, {"tenantId": "72f988bf-86f1-41af-91ab-2d7cd011db47",
      "objectId": "cbda0823-3ad8-44d2-b4a0-f5b87e13fd15", "permissions": {"secrets":
      ["Get", "List"]}}, {"tenantId": "72f988bf-86f1-41af-91ab-2d7cd011db47", "objectId":
      "e6da7a7f-91aa-489d-b428-bebd712f32aa", "permissions": {"secrets": ["Get", "List"]}},
      {"tenantId": "72f988bf-86f1-41af-91ab-2d7cd011db47", "objectId": "2074e607-47e2-445d-9c42-cefedfc1ccca",
      "permissions": {"secrets": ["Get", "List"]}}, {"tenantId": "72f988bf-86f1-41af-91ab-2d7cd011db47",
      "objectId": "8fe13e7e-82f5-4b2b-a8d7-da7a16ba9bce", "permissions": {"secrets":
      ["List", "Get"]}}, {"tenantId": "72f988bf-86f1-41af-91ab-2d7cd011db47", "objectId":
      "f8730ae0-5723-4489-b50d-e6b833ef9bc5", "permissions": {"secrets": ["List",
      "Get"]}}, {"tenantId": "72f988bf-86f1-41af-91ab-2d7cd011db47", "objectId": "0e2cb8b2-8c18-498d-9dda-554207983b8c",
      "permissions": {"secrets": ["List", "Get"]}}, {"tenantId": "72f988bf-86f1-41af-91ab-2d7cd011db47",
      "objectId": "bd3eea8b-dc9e-4742-af55-3d019722e530", "permissions": {"secrets":
      ["List", "Get"]}}, {"tenantId": "72f988bf-86f1-41af-91ab-2d7cd011db47", "objectId":
      "031fb8f2-7cf6-442c-a09f-e3218bdd7fea", "permissions": {"secrets": ["Get", "List"]}},
      {"tenantId": "72f988bf-86f1-41af-91ab-2d7cd011db47", "objectId": "364d54bf-d8ce-4302-9ae0-f5c99f0cd5d0",
      "permissions": {"secrets": ["Get", "List"]}}], "vaultUri": "https://oss-clitest-keyvault.vault.azure.net/",
      "enabledForDeployment": false, "enabledForDiskEncryption": false, "enabledForTemplateDeployment":
      false, "enableSoftDelete": true, "softDeleteRetentionInDays": 90, "enableRbacAuthorization":
      false, "enablePurgeProtection": true, "networkAcls": {"bypass": "AzureServices",
      "defaultAction": "Allow", "ipRules": [{"value": "20.69.149.128/32"}], "virtualNetworkRules":
      []}, "provisioningState": "Succeeded", "publicNetworkAccess": "Enabled"}}'
    headers:
      Accept:
      - application/json
      Accept-Encoding:
      - gzip, deflate
      CommandName:
      - dataprotection backup-instance update-msi-permissions
      Connection:
      - keep-alive
      Content-Length:
      - '7833'
      Content-Type:
      - application/json
      ParameterSetName:
      - -g --vault-name --backup-instance --datasource-type --permissions-scope --operation
        --keyvault-id --yes
      User-Agent:
      - AZURECLI/2.67.0 azsdk-python-core/1.31.0 Python/3.11.9 (Windows-10-10.0.26100-SP0)
    method: PUT
    uri: https://management.azure.com/subscriptions/00000000-0000-0000-0000-000000000000/resourceGroups/oss-clitest-rg/providers/Microsoft.KeyVault/vaults/oss-clitest-keyvault?api-version=2023-02-01
  response:
    body:
      string: '{"id":"/subscriptions/00000000-0000-0000-0000-000000000000/resourceGroups/oss-clitest-rg/providers/Microsoft.KeyVault/vaults/oss-clitest-keyvault","name":"oss-clitest-keyvault","type":"Microsoft.KeyVault/vaults","location":"centraluseuap","tags":{"Owner":"akneema","Purpose":"Testing","MABUsed":"Yes","DeleteBy":"12-9999"},"systemData":{"lastModifiedBy":"zubairabid@microsoft.com","lastModifiedByType":"User","lastModifiedAt":"2025-03-11T09:28:13.007Z"},"properties":{"sku":{"family":"A","name":"Standard"},"tenantId":"72f988bf-86f1-41af-91ab-2d7cd011db47","networkAcls":{"bypass":"AzureServices","defaultAction":"Allow","ipRules":[{"value":"20.69.149.128/32"}],"virtualNetworkRules":[]},"accessPolicies":[{"tenantId":"72f988bf-86f1-41af-91ab-2d7cd011db47","objectId":"5095196a-def9-4146-8d92-e38f24b6e378","permissions":{"keys":["Get","List","Update","Create","Import","Delete","Recover","Backup","Restore","Decrypt","Encrypt","UnwrapKey","WrapKey","Verify","Sign","Purge","Release","Rotate","GetRotationPolicy","SetRotationPolicy"],"secrets":["Get","List","Set","Delete","Recover","Backup","Restore","Purge"],"certificates":["Get","List","Update","Create","Import","Delete","Recover","Backup","Restore","ManageContacts","ManageIssuers","GetIssuers","ListIssuers","SetIssuers","DeleteIssuers","Purge"]}},{"tenantId":"72f988bf-86f1-41af-91ab-2d7cd011db47","objectId":"90680173-e32e-4cf3-a1b8-d1a99ac56bbf","permissions":{"keys":["Get","List","Update","Create","Import","Delete","Recover","Backup","Restore","Decrypt","Encrypt","UnwrapKey","WrapKey","Verify","Sign","Purge","Release","Rotate","GetRotationPolicy","SetRotationPolicy"],"secrets":["Get","List","Set","Delete","Recover","Backup","Restore","Purge"],"certificates":["Get","List","Update","Create","Import","Delete","Recover","Backup","Restore","ManageContacts","ManageIssuers","GetIssuers","ListIssuers","SetIssuers","DeleteIssuers","Purge"]}},{"tenantId":"72f988bf-86f1-41af-91ab-2d7cd011db47","objectId":"f40e18f0-6544-45c2-9d24-639a8bb3b41a","permissions":{"keys":["Get","List","Backup"],"secrets":["Get","List","Backup"],"certificates":[]}},{"tenantId":"72f988bf-86f1-41af-91ab-2d7cd011db47","objectId":"b864e281-c12e-45c6-a0c7-6046a7de5481","permissions":{"keys":[],"secrets":["List","Get"],"certificates":[]}},{"tenantId":"72f988bf-86f1-41af-91ab-2d7cd011db47","objectId":"12f8ea5c-1212-449e-b31c-0a574f43076e","permissions":{"keys":["Get","List","Update","Create","Import","Delete","Recover","Backup","Restore","GetRotationPolicy","SetRotationPolicy","Rotate","Encrypt","Decrypt","UnwrapKey","WrapKey","Verify","Sign","Release","Purge"],"secrets":["Get","List","Set","Delete","Recover","Backup","Restore","Purge"],"certificates":["Get","List","Update","Create","Import","Delete","Recover","Backup","Restore","ManageContacts","ManageIssuers","GetIssuers","ListIssuers","SetIssuers","DeleteIssuers","Purge"]}},{"tenantId":"72f988bf-86f1-41af-91ab-2d7cd011db47","objectId":"0c2f4ad7-700d-4e2c-8be2-f2a040454ac1","permissions":{"keys":["Get","List","Update","Create","Import","Delete","Recover","Backup","Restore","GetRotationPolicy","SetRotationPolicy","Rotate","Encrypt","Decrypt","UnwrapKey","WrapKey","Verify","Sign","Purge","Release"],"secrets":["Get","List","Set","Delete","Recover","Backup","Restore","Purge"],"certificates":["Get","List","Update","Create","Import","Delete","Recover","Backup","Restore","ManageContacts","ManageIssuers","GetIssuers","ListIssuers","SetIssuers","DeleteIssuers","Purge"]}},{"tenantId":"72f988bf-86f1-41af-91ab-2d7cd011db47","objectId":"f46d6ea4-bc22-439e-a22b-17bf55687ff4","permissions":{"secrets":["Get","List"]}},{"tenantId":"72f988bf-86f1-41af-91ab-2d7cd011db47","objectId":"dd86f0df-b216-4b6e-ab29-6c85e5728ad3","permissions":{"secrets":["List","Get"]}},{"tenantId":"72f988bf-86f1-41af-91ab-2d7cd011db47","objectId":"5ee24e03-bdf4-4e17-830b-7d09dd3ff9f0","permissions":{"secrets":["List","Get"]}},{"tenantId":"72f988bf-86f1-41af-91ab-2d7cd011db47","objectId":"f120383d-1667-4fa2-9cf8-371c69777ea7","permissions":{"secrets":["List","Get"]}},{"tenantId":"72f988bf-86f1-41af-91ab-2d7cd011db47","objectId":"a9057a0a-59fc-4626-bb4a-159dfef51fb1","permissions":{"secrets":["List","Get"]}},{"tenantId":"72f988bf-86f1-41af-91ab-2d7cd011db47","objectId":"6f1cf4ea-f60f-496c-af08-a2dd54ce8b7b","permissions":{"secrets":["Get","List"]}},{"tenantId":"72f988bf-86f1-41af-91ab-2d7cd011db47","objectId":"211ca06a-10c6-4e71-9cd8-bdcd6bf2d20c","permissions":{"secrets":["Get","List"]}},{"tenantId":"72f988bf-86f1-41af-91ab-2d7cd011db47","objectId":"972807ac-9f5d-40f0-8534-769348c97cc6","permissions":{"secrets":["Get","List"]}},{"tenantId":"72f988bf-86f1-41af-91ab-2d7cd011db47","objectId":"25d13c62-6d4b-4282-89d8-f93cffb63147","permissions":{"secrets":["Get","List"]}},{"tenantId":"72f988bf-86f1-41af-91ab-2d7cd011db47","objectId":"e4b19295-5460-4d39-8691-621137eee584","permissions":{"secrets":["List","Get"]}},{"tenantId":"72f988bf-86f1-41af-91ab-2d7cd011db47","objectId":"0bfa2e12-8162-4d82-85ba-ce64622c4daf","permissions":{"secrets":["List","Get"]}},{"tenantId":"72f988bf-86f1-41af-91ab-2d7cd011db47","objectId":"50990739-5526-4ccb-9c84-13cbefedc46a","permissions":{"secrets":["List","Get"]}},{"tenantId":"72f988bf-86f1-41af-91ab-2d7cd011db47","objectId":"247cd05f-7120-4a5a-a2b0-cde58bb811d9","permissions":{"secrets":["Get","List"]}},{"tenantId":"72f988bf-86f1-41af-91ab-2d7cd011db47","objectId":"a16924a0-d86b-4396-8b35-4d451c124b6a","permissions":{"secrets":["List","Get"]}},{"tenantId":"72f988bf-86f1-41af-91ab-2d7cd011db47","objectId":"bfe262f5-5346-4702-aa0c-c5a7508520a7","permissions":{"secrets":["List","Get"]}},{"tenantId":"72f988bf-86f1-41af-91ab-2d7cd011db47","objectId":"0cd79fc2-8178-4b63-bdb6-b0305fa165bc","permissions":{"secrets":["Get","List"]}},{"tenantId":"72f988bf-86f1-41af-91ab-2d7cd011db47","objectId":"a994ba07-252c-4889-b8fd-0c2c425874be","permissions":{"secrets":["List","Get"]}},{"tenantId":"72f988bf-86f1-41af-91ab-2d7cd011db47","objectId":"a20105bc-d5d8-44f8-b939-89b4df5e1ec2","permissions":{"secrets":["List","Get"]}},{"tenantId":"72f988bf-86f1-41af-91ab-2d7cd011db47","objectId":"cbda0823-3ad8-44d2-b4a0-f5b87e13fd15","permissions":{"secrets":["Get","List"]}},{"tenantId":"72f988bf-86f1-41af-91ab-2d7cd011db47","objectId":"e6da7a7f-91aa-489d-b428-bebd712f32aa","permissions":{"secrets":["Get","List"]}},{"tenantId":"72f988bf-86f1-41af-91ab-2d7cd011db47","objectId":"2074e607-47e2-445d-9c42-cefedfc1ccca","permissions":{"secrets":["Get","List"]}},{"tenantId":"72f988bf-86f1-41af-91ab-2d7cd011db47","objectId":"8fe13e7e-82f5-4b2b-a8d7-da7a16ba9bce","permissions":{"secrets":["List","Get"]}},{"tenantId":"72f988bf-86f1-41af-91ab-2d7cd011db47","objectId":"f8730ae0-5723-4489-b50d-e6b833ef9bc5","permissions":{"secrets":["List","Get"]}},{"tenantId":"72f988bf-86f1-41af-91ab-2d7cd011db47","objectId":"0e2cb8b2-8c18-498d-9dda-554207983b8c","permissions":{"secrets":["List","Get"]}},{"tenantId":"72f988bf-86f1-41af-91ab-2d7cd011db47","objectId":"bd3eea8b-dc9e-4742-af55-3d019722e530","permissions":{"secrets":["List","Get"]}},{"tenantId":"72f988bf-86f1-41af-91ab-2d7cd011db47","objectId":"031fb8f2-7cf6-442c-a09f-e3218bdd7fea","permissions":{"secrets":["Get","List"]}},{"tenantId":"72f988bf-86f1-41af-91ab-2d7cd011db47","objectId":"364d54bf-d8ce-4302-9ae0-f5c99f0cd5d0","permissions":{"secrets":["Get","List"]}}],"enabledForDeployment":false,"enabledForDiskEncryption":false,"enabledForTemplateDeployment":false,"enableSoftDelete":true,"softDeleteRetentionInDays":90,"enableRbacAuthorization":false,"enablePurgeProtection":true,"vaultUri":"https://oss-clitest-keyvault.vault.azure.net/","provisioningState":"Succeeded","publicNetworkAccess":"Enabled"}}'
    headers:
      cache-control:
      - no-cache
      content-length:
      - '7675'
      content-type:
      - application/json; charset=utf-8
      date:
      - Tue, 11 Mar 2025 09:28:13 GMT
      expires:
      - '-1'
      pragma:
      - no-cache
      strict-transport-security:
      - max-age=31536000; includeSubDomains
      x-aspnet-version:
      - 4.0.30319
      x-cache:
      - CONFIG_NOCACHE
      x-content-type-options:
      - nosniff
      x-ms-keyvault-service-version:
      - 1.5.1491.0
      x-ms-ratelimit-remaining-subscription-global-writes:
      - '11999'
      x-ms-ratelimit-remaining-subscription-writes:
      - '799'
      x-msedge-ref:
      - 'Ref A: 0EFBC483A7F4498ABEDD45487D187AEA Ref B: MAA201060513053 Ref C: 2025-03-11T09:28:12Z'
    status:
      code: 200
      message: OK
version: 1
