interactions:
- request:
    body: '{"sourceDataStoreType": "OperationalStore"}'
    headers:
      Accept:
      - application/json
      Accept-Encoding:
      - gzip, deflate
      CommandName:
      - dataprotection restorable-time-range find
      Connection:
      - keep-alive
      Content-Length:
      - '43'
      Content-Type:
      - application/json
      ParameterSetName:
      - -g --vault-name --backup-instance-name --source-data-store-type
      User-Agent:
      - AZURECLI/2.50.0 (AAZ) azsdk-python-core/1.26.0 Python/3.10.11 (Windows-10-10.0.22621-SP0)
    method: POST
    uri: https://management.azure.com/subscriptions/00000000-0000-0000-0000-000000000000/resourceGroups/clitest-dpp-rg/providers/Microsoft.DataProtection/backupVaults/clitest-bkp-vault-persistent-bi-donotdelete/backupInstances/clitestsabidonotdelete-clitestsabidonotdelete-887c3538-0bfc-11ee-acd3-002b670b472e/findRestorableTimeRanges?api-version=2023-01-01
  response:
    body:
      string: '{"properties":{"restorableTimeRanges":[{"startTime":"2023-06-16T04:18:50.0559575Z","endTime":"2023-07-04T10:32:35.3504449Z","objectType":"RestorableTimeRange"}],"objectType":"AzureBackupFindRestorableTimeRangesResponse"},"id":"clitestsabidonotdelete-clitestsabidonotdelete-887c3538-0bfc-11ee-acd3-002b670b472e","type":"Microsoft.DataProtection/backupVaults/backupInstances/findRestorableTimeRanges"}'
    headers:
      cache-control:
      - no-cache
      content-length:
      - '399'
      content-type:
      - application/json
      date:
      - Tue, 04 Jul 2023 10:32:34 GMT
      expires:
      - '-1'
      pragma:
      - no-cache
      server:
      - Microsoft-IIS/10.0
      strict-transport-security:
      - max-age=31536000; includeSubDomains
      transfer-encoding:
      - chunked
      vary:
      - Accept-Encoding
      x-content-type-options:
      - nosniff
      x-ms-ratelimit-remaining-subscription-writes:
      - '1199'
      x-powered-by:
      - ASP.NET
    status:
      code: 200
      message: OK
- request:
    body: null
    headers:
      Accept:
      - application/json
      Accept-Encoding:
      - gzip, deflate
      CommandName:
      - dataprotection backup-instance restore initialize-for-data-recovery
      Connection:
      - keep-alive
      ParameterSetName:
      - --datasource-type --restore-location --source-datastore --point-in-time --backup-instance-id
      User-Agent:
      - AZURECLI/2.50.0 (AAZ) azsdk-python-core/1.26.0 Python/3.10.11 (Windows-10-10.0.22621-SP0)
    method: GET
    uri: https://management.azure.com/subscriptions/00000000-0000-0000-0000-000000000000/resourceGroups/clitest-dpp-rg/providers/Microsoft.DataProtection/backupVaults/clitest-bkp-vault-persistent-bi-donotdelete/backupInstances/clitestsabidonotdelete-clitestsabidonotdelete-887c3538-0bfc-11ee-acd3-002b670b472e?api-version=2023-01-01
  response:
    body:
      string: '{"properties":{"friendlyName":"clitestsabidonotdelete","dataSourceInfo":{"resourceID":"/subscriptions/00000000-0000-0000-0000-000000000000/resourceGroups/clitest-dpp-rg/providers/Microsoft.Storage/storageAccounts/clitestsabidonotdelete","resourceUri":"","datasourceType":"Microsoft.Storage/storageAccounts/blobServices","resourceName":"clitestsabidonotdelete","resourceType":"Microsoft.Storage/storageAccounts","resourceLocation":"centraluseuap","objectType":"Datasource"},"policyInfo":{"policyId":"/subscriptions/00000000-0000-0000-0000-000000000000/resourceGroups/clitest-dpp-rg/providers/Microsoft.DataProtection/backupVaults/clitest-bkp-vault-persistent-bi-donotdelete/backupPolicies/blobpolicy","policyParameters":{"backupDatasourceParametersList":[{"objectType":"BlobBackupDatasourceParameters","containersList":["container1"]}]}},"protectionStatus":{"status":"ProtectionConfigured"},"currentProtectionState":"ProtectionConfigured","provisioningState":"Succeeded","objectType":"BackupInstance"},"id":"/subscriptions/00000000-0000-0000-0000-000000000000/resourceGroups/clitest-dpp-rg/providers/Microsoft.DataProtection/backupVaults/clitest-bkp-vault-persistent-bi-donotdelete/backupInstances/clitestsabidonotdelete-clitestsabidonotdelete-887c3538-0bfc-11ee-acd3-002b670b472e","name":"clitestsabidonotdelete-clitestsabidonotdelete-887c3538-0bfc-11ee-acd3-002b670b472e","type":"Microsoft.DataProtection/backupVaults/backupInstances"}'
    headers:
      cache-control:
      - no-cache
      content-length:
      - '1436'
      content-type:
      - application/json
      date:
      - Tue, 04 Jul 2023 10:32:37 GMT
      expires:
      - '-1'
      pragma:
      - no-cache
      server:
      - Microsoft-IIS/10.0
      strict-transport-security:
      - max-age=31536000; includeSubDomains
      transfer-encoding:
      - chunked
      vary:
      - Accept-Encoding
      x-content-type-options:
      - nosniff
      x-ms-ratelimit-remaining-subscription-resource-requests:
      - '1999'
      x-powered-by:
      - ASP.NET
    status:
      code: 200
      message: OK
- request:
    body: '{"subscriptions": ["38304e13-357e-405e-9e9a-220351dcce8c"], "query": "RecoveryServicesResources
      | where type =~ ''microsoft.dataprotection/backupvaults/backupjobs''| extend
      vaultName = properties.vaultName| extend status = properties.status| extend
      operation = case( tolower(properties.operationCategory) startswith ''backup''
      and properties.isUserTriggered == ''true'', strcat(''OnDemand'',properties.operationCategory),
      tolower(properties.operationCategory) startswith ''backup'' and properties.isUserTriggered
      == ''false'', strcat(''Scheduled'', properties.operationCategory), type =~ ''microsoft.dataprotection/backupVaults/backupJobs'',
      properties.operationCategory, ''Invalid'')| extend datasourceId = properties.dataSourceId
      | where properties.dataSourceType in~ (''Microsoft.Storage/storageAccounts/blobServices'')
      | where operation in~ (''Restore'') | where status in~ (''InProgress'') | where
      datasourceId in~ (''/subscriptions/00000000-0000-0000-0000-000000000000/resourceGroups/clitest-dpp-rg/providers/Microsoft.Storage/storageAccounts/clitestsabidonotdelete'')",
      "options": {"$top": 1000, "$skip": 0, "resultFormat": "objectArray", "allowPartialScopes":
      false}}'
    headers:
      Accept:
      - application/json
      Accept-Encoding:
      - gzip, deflate
      CommandName:
      - dataprotection job list-from-resourcegraph
      Connection:
      - keep-alive
      Content-Length:
      - '1149'
      Content-Type:
      - application/json
      ParameterSetName:
      - --datasource-type --datasource-id --status --operation --query
      User-Agent:
      - AZURECLI/2.50.0 azsdk-python-mgmt-resourcegraph/8.0.0 Python/3.10.11 (Windows-10-10.0.22621-SP0)
    method: POST
    uri: https://management.azure.com/providers/Microsoft.ResourceGraph/resources?api-version=2021-03-01
  response:
    body:
      string: '{"totalRecords":0,"count":0,"data":[],"facets":[],"resultTruncated":"false"}'
    headers:
      cache-control:
      - no-cache
      content-length:
      - '76'
      content-type:
      - application/json; charset=utf-8
      date:
      - Tue, 04 Jul 2023 10:32:39 GMT
      expires:
      - '-1'
      pragma:
      - no-cache
      server:
      - Kestrel
      strict-transport-security:
      - max-age=31536000; includeSubDomains
      transfer-encoding:
      - chunked
      vary:
      - Accept-Encoding
      x-content-type-options:
      - nosniff
      x-ms-ratelimit-remaining-tenant-resource-requests:
      - '13'
      x-ms-resource-graph-request-duration:
      - '0:00:00:00.5678075'
      x-ms-user-quota-remaining:
      - '13'
      x-ms-user-quota-resets-after:
      - 00:00:04
    status:
      code: 200
      message: OK
- request:
    body: '{"restoreRequestObject": {"objectType": "AzureBackupRecoveryTimeBasedRestoreRequest",
      "recoveryPointTime": "2023-06-25T07:25:42.0000000Z", "restoreTargetInfo": {"datasourceInfo":
      {"datasourceType": "Microsoft.Storage/storageAccounts/blobServices", "objectType":
      "Datasource", "resourceId": "/subscriptions/00000000-0000-0000-0000-000000000000/resourceGroups/clitest-dpp-rg/providers/Microsoft.Storage/storageAccounts/clitestsabidonotdelete",
      "resourceLocation": "centraluseuap", "resourceName": "clitestsabidonotdelete",
      "resourceType": "Microsoft.Storage/storageAccounts", "resourceUri": "/subscriptions/00000000-0000-0000-0000-000000000000/resourceGroups/clitest-dpp-rg/providers/Microsoft.Storage/storageAccounts/clitestsabidonotdelete"},
      "objectType": "RestoreTargetInfo", "recoveryOption": "FailIfExists", "restoreLocation":
      "centraluseuap"}, "sourceDataStoreType": "OperationalStore"}}'
    headers:
      Accept:
      - application/json
      Accept-Encoding:
      - gzip, deflate
      CommandName:
      - dataprotection backup-instance validate-for-restore
      Connection:
      - keep-alive
      Content-Length:
      - '891'
      Content-Type:
      - application/json
      ParameterSetName:
      - -g --vault-name -n --restore-request-object
      User-Agent:
      - AZURECLI/2.50.0 (AAZ) azsdk-python-core/1.26.0 Python/3.10.11 (Windows-10-10.0.22621-SP0)
    method: POST
    uri: https://management.azure.com/subscriptions/00000000-0000-0000-0000-000000000000/resourceGroups/clitest-dpp-rg/providers/Microsoft.DataProtection/backupVaults/clitest-bkp-vault-persistent-bi-donotdelete/backupInstances/clitestsabidonotdelete-clitestsabidonotdelete-887c3538-0bfc-11ee-acd3-002b670b472e/validateRestore?api-version=2023-01-01
  response:
    body:
      string: ''
    headers:
      azure-asyncoperation:
      - https://management.azure.com/subscriptions/00000000-0000-0000-0000-000000000000/resourceGroups/clitest-dpp-rg/providers/Microsoft.DataProtection/backupVaults/clitest-bkp-vault-persistent-bi-donotdelete/operationStatus/YWRhYzE1NWYtYjEwNS00NGIzLTkzN2EtYjIxZThjNzNjOTY3OzgxMzg4NDcyLTU2MDctNGZhNi1hM2VkLTYyYWJmMmIxOTIzYQ==?api-version=2023-01-01
      cache-control:
      - no-cache
      content-length:
      - '0'
      date:
      - Tue, 04 Jul 2023 10:32:42 GMT
      expires:
      - '-1'
      location:
      - https://management.azure.com/subscriptions/00000000-0000-0000-0000-000000000000/providers/Microsoft.DataProtection/locations/centraluseuap/operationResults/YWRhYzE1NWYtYjEwNS00NGIzLTkzN2EtYjIxZThjNzNjOTY3OzgxMzg4NDcyLTU2MDctNGZhNi1hM2VkLTYyYWJmMmIxOTIzYQ==?api-version=2023-01-01
      pragma:
      - no-cache
      strict-transport-security:
      - max-age=31536000; includeSubDomains
      x-content-type-options:
      - nosniff
      x-ms-ratelimit-remaining-subscription-writes:
      - '1199'
      x-powered-by:
      - ASP.NET
    status:
      code: 202
      message: Accepted
- request:
    body: null
    headers:
      Accept:
      - '*/*'
      Accept-Encoding:
      - gzip, deflate
      CommandName:
      - dataprotection backup-instance validate-for-restore
      Connection:
      - keep-alive
      ParameterSetName:
      - -g --vault-name -n --restore-request-object
      User-Agent:
      - AZURECLI/2.50.0 (AAZ) azsdk-python-core/1.26.0 Python/3.10.11 (Windows-10-10.0.22621-SP0)
    method: GET
    uri: https://management.azure.com/subscriptions/00000000-0000-0000-0000-000000000000/resourceGroups/clitest-dpp-rg/providers/Microsoft.DataProtection/backupVaults/clitest-bkp-vault-persistent-bi-donotdelete/operationStatus/YWRhYzE1NWYtYjEwNS00NGIzLTkzN2EtYjIxZThjNzNjOTY3OzgxMzg4NDcyLTU2MDctNGZhNi1hM2VkLTYyYWJmMmIxOTIzYQ==?api-version=2023-01-01
  response:
    body:
      string: '{"id":"/subscriptions/00000000-0000-0000-0000-000000000000/resourceGroups/clitest-dpp-rg/providers/Microsoft.DataProtection/backupVaults/clitest-bkp-vault-persistent-bi-donotdelete/operationStatus/YWRhYzE1NWYtYjEwNS00NGIzLTkzN2EtYjIxZThjNzNjOTY3OzgxMzg4NDcyLTU2MDctNGZhNi1hM2VkLTYyYWJmMmIxOTIzYQ==","name":"YWRhYzE1NWYtYjEwNS00NGIzLTkzN2EtYjIxZThjNzNjOTY3OzgxMzg4NDcyLTU2MDctNGZhNi1hM2VkLTYyYWJmMmIxOTIzYQ==","status":"Inprogress","startTime":"2023-07-04T10:32:42.7939351Z","endTime":"0001-01-01T00:00:00Z"}'
    headers:
      cache-control:
      - no-cache
      content-length:
      - '507'
      content-type:
      - application/json
      date:
      - Tue, 04 Jul 2023 10:32:44 GMT
      expires:
      - '-1'
      pragma:
      - no-cache
      server:
      - Microsoft-IIS/10.0
      strict-transport-security:
      - max-age=31536000; includeSubDomains
      transfer-encoding:
      - chunked
      vary:
      - Accept-Encoding
      x-content-type-options:
      - nosniff
      x-ms-ratelimit-remaining-subscription-resource-requests:
      - '999'
      x-powered-by:
      - ASP.NET
    status:
      code: 200
      message: OK
- request:
    body: null
    headers:
      Accept:
      - '*/*'
      Accept-Encoding:
      - gzip, deflate
      CommandName:
      - dataprotection backup-instance validate-for-restore
      Connection:
      - keep-alive
      ParameterSetName:
      - -g --vault-name -n --restore-request-object
      User-Agent:
      - AZURECLI/2.50.0 (AAZ) azsdk-python-core/1.26.0 Python/3.10.11 (Windows-10-10.0.22621-SP0)
    method: GET
    uri: https://management.azure.com/subscriptions/00000000-0000-0000-0000-000000000000/resourceGroups/clitest-dpp-rg/providers/Microsoft.DataProtection/backupVaults/clitest-bkp-vault-persistent-bi-donotdelete/operationStatus/YWRhYzE1NWYtYjEwNS00NGIzLTkzN2EtYjIxZThjNzNjOTY3OzgxMzg4NDcyLTU2MDctNGZhNi1hM2VkLTYyYWJmMmIxOTIzYQ==?api-version=2023-01-01
  response:
    body:
      string: '{"id":"/subscriptions/00000000-0000-0000-0000-000000000000/resourceGroups/clitest-dpp-rg/providers/Microsoft.DataProtection/backupVaults/clitest-bkp-vault-persistent-bi-donotdelete/operationStatus/YWRhYzE1NWYtYjEwNS00NGIzLTkzN2EtYjIxZThjNzNjOTY3OzgxMzg4NDcyLTU2MDctNGZhNi1hM2VkLTYyYWJmMmIxOTIzYQ==","name":"YWRhYzE1NWYtYjEwNS00NGIzLTkzN2EtYjIxZThjNzNjOTY3OzgxMzg4NDcyLTU2MDctNGZhNi1hM2VkLTYyYWJmMmIxOTIzYQ==","status":"Succeeded","startTime":"2023-07-04T10:32:42.7939351Z","endTime":"2023-07-04T10:33:03Z"}'
    headers:
      cache-control:
      - no-cache
      content-length:
      - '506'
      content-type:
      - application/json
      date:
      - Tue, 04 Jul 2023 10:33:15 GMT
      expires:
      - '-1'
      pragma:
      - no-cache
      server:
      - Microsoft-IIS/10.0
      strict-transport-security:
      - max-age=31536000; includeSubDomains
      transfer-encoding:
      - chunked
      vary:
      - Accept-Encoding
      x-content-type-options:
      - nosniff
      x-ms-ratelimit-remaining-subscription-resource-requests:
      - '998'
      x-powered-by:
      - ASP.NET
    status:
      code: 200
      message: OK
- request:
    body: null
    headers:
      Accept:
      - '*/*'
      Accept-Encoding:
      - gzip, deflate
      CommandName:
      - dataprotection backup-instance validate-for-restore
      Connection:
      - keep-alive
      ParameterSetName:
      - -g --vault-name -n --restore-request-object
      User-Agent:
      - AZURECLI/2.50.0 (AAZ) azsdk-python-core/1.26.0 Python/3.10.11 (Windows-10-10.0.22621-SP0)
    method: GET
    uri: https://management.azure.com/subscriptions/00000000-0000-0000-0000-000000000000/providers/Microsoft.DataProtection/locations/centraluseuap/operationResults/YWRhYzE1NWYtYjEwNS00NGIzLTkzN2EtYjIxZThjNzNjOTY3OzgxMzg4NDcyLTU2MDctNGZhNi1hM2VkLTYyYWJmMmIxOTIzYQ==?api-version=2023-01-01
  response:
    body:
      string: '{"objectType":"OperationJobExtendedInfo"}'
    headers:
      azure-asyncoperation:
      - https://management.azure.com/subscriptions/00000000-0000-0000-0000-000000000000/providers/Microsoft.DataProtection/locations/centraluseuap/operationStatus/YWRhYzE1NWYtYjEwNS00NGIzLTkzN2EtYjIxZThjNzNjOTY3OzgxMzg4NDcyLTU2MDctNGZhNi1hM2VkLTYyYWJmMmIxOTIzYQ==?api-version=2023-01-01
      cache-control:
      - no-cache
      content-length:
      - '41'
      content-type:
      - application/json
      date:
      - Tue, 04 Jul 2023 10:33:15 GMT
      expires:
      - '-1'
      pragma:
      - no-cache
      server:
      - Microsoft-IIS/10.0
      strict-transport-security:
      - max-age=31536000; includeSubDomains
      transfer-encoding:
      - chunked
      vary:
      - Accept-Encoding
      x-content-type-options:
      - nosniff
      x-ms-ratelimit-remaining-subscription-resource-requests:
      - '199'
      x-powered-by:
      - ASP.NET
    status:
      code: 200
      message: OK
- request:
    body: '{"objectType": "AzureBackupRecoveryTimeBasedRestoreRequest", "recoveryPointTime":
      "2023-06-25T07:25:42.0000000Z", "restoreTargetInfo": {"datasourceInfo": {"datasourceType":
      "Microsoft.Storage/storageAccounts/blobServices", "objectType": "Datasource",
      "resourceId": "/subscriptions/00000000-0000-0000-0000-000000000000/resourceGroups/clitest-dpp-rg/providers/Microsoft.Storage/storageAccounts/clitestsabidonotdelete",
      "resourceLocation": "centraluseuap", "resourceName": "clitestsabidonotdelete",
      "resourceType": "Microsoft.Storage/storageAccounts", "resourceUri": "/subscriptions/00000000-0000-0000-0000-000000000000/resourceGroups/clitest-dpp-rg/providers/Microsoft.Storage/storageAccounts/clitestsabidonotdelete"},
      "objectType": "RestoreTargetInfo", "recoveryOption": "FailIfExists", "restoreLocation":
      "centraluseuap"}, "sourceDataStoreType": "OperationalStore"}'
    headers:
      Accept:
      - application/json
      Accept-Encoding:
      - gzip, deflate
      CommandName:
      - dataprotection backup-instance restore trigger
      Connection:
      - keep-alive
      Content-Length:
      - '865'
      Content-Type:
      - application/json
      ParameterSetName:
      - -g --vault-name -n --restore-request-object
      User-Agent:
      - AZURECLI/2.50.0 (AAZ) azsdk-python-core/1.26.0 Python/3.10.11 (Windows-10-10.0.22621-SP0)
    method: POST
    uri: https://management.azure.com/subscriptions/00000000-0000-0000-0000-000000000000/resourceGroups/clitest-dpp-rg/providers/Microsoft.DataProtection/backupVaults/clitest-bkp-vault-persistent-bi-donotdelete/backupInstances/clitestsabidonotdelete-clitestsabidonotdelete-887c3538-0bfc-11ee-acd3-002b670b472e/restore?api-version=2023-01-01
  response:
    body:
      string: ''
    headers:
      azure-asyncoperation:
      - https://management.azure.com/subscriptions/00000000-0000-0000-0000-000000000000/resourceGroups/clitest-dpp-rg/providers/Microsoft.DataProtection/backupVaults/clitest-bkp-vault-persistent-bi-donotdelete/operationStatus/YWRhYzE1NWYtYjEwNS00NGIzLTkzN2EtYjIxZThjNzNjOTY3OzM0OTVkNGY1LTgzN2ItNGEzZi04YTRhLTVlYzk4Mzk2MmI5YQ==?api-version=2023-01-01
      cache-control:
      - no-cache
      content-length:
      - '0'
      date:
      - Tue, 04 Jul 2023 10:33:22 GMT
      expires:
      - '-1'
      location:
      - https://management.azure.com/subscriptions/00000000-0000-0000-0000-000000000000/providers/Microsoft.DataProtection/locations/centraluseuap/operationResults/YWRhYzE1NWYtYjEwNS00NGIzLTkzN2EtYjIxZThjNzNjOTY3OzM0OTVkNGY1LTgzN2ItNGEzZi04YTRhLTVlYzk4Mzk2MmI5YQ==?api-version=2023-01-01
      pragma:
      - no-cache
      strict-transport-security:
      - max-age=31536000; includeSubDomains
      x-content-type-options:
      - nosniff
      x-ms-ratelimit-remaining-subscription-writes:
      - '1199'
      x-powered-by:
      - ASP.NET
    status:
      code: 202
      message: Accepted
- request:
    body: null
    headers:
      Accept:
      - '*/*'
      Accept-Encoding:
      - gzip, deflate
      CommandName:
      - dataprotection backup-instance restore trigger
      Connection:
      - keep-alive
      ParameterSetName:
      - -g --vault-name -n --restore-request-object
      User-Agent:
      - AZURECLI/2.50.0 (AAZ) azsdk-python-core/1.26.0 Python/3.10.11 (Windows-10-10.0.22621-SP0)
    method: GET
    uri: https://management.azure.com/subscriptions/00000000-0000-0000-0000-000000000000/resourceGroups/clitest-dpp-rg/providers/Microsoft.DataProtection/backupVaults/clitest-bkp-vault-persistent-bi-donotdelete/operationStatus/YWRhYzE1NWYtYjEwNS00NGIzLTkzN2EtYjIxZThjNzNjOTY3OzM0OTVkNGY1LTgzN2ItNGEzZi04YTRhLTVlYzk4Mzk2MmI5YQ==?api-version=2023-01-01
  response:
    body:
      string: '{"id":"/subscriptions/00000000-0000-0000-0000-000000000000/resourceGroups/clitest-dpp-rg/providers/Microsoft.DataProtection/backupVaults/clitest-bkp-vault-persistent-bi-donotdelete/operationStatus/YWRhYzE1NWYtYjEwNS00NGIzLTkzN2EtYjIxZThjNzNjOTY3OzM0OTVkNGY1LTgzN2ItNGEzZi04YTRhLTVlYzk4Mzk2MmI5YQ==","name":"YWRhYzE1NWYtYjEwNS00NGIzLTkzN2EtYjIxZThjNzNjOTY3OzM0OTVkNGY1LTgzN2ItNGEzZi04YTRhLTVlYzk4Mzk2MmI5YQ==","status":"Inprogress","startTime":"2023-07-04T10:33:22.7089367Z","endTime":"0001-01-01T00:00:00Z"}'
    headers:
      cache-control:
      - no-cache
      content-length:
      - '507'
      content-type:
      - application/json
      date:
      - Tue, 04 Jul 2023 10:33:22 GMT
      expires:
      - '-1'
      pragma:
      - no-cache
      server:
      - Microsoft-IIS/10.0
      strict-transport-security:
      - max-age=31536000; includeSubDomains
      transfer-encoding:
      - chunked
      vary:
      - Accept-Encoding
      x-content-type-options:
      - nosniff
      x-ms-ratelimit-remaining-subscription-resource-requests:
      - '999'
      x-powered-by:
      - ASP.NET
    status:
      code: 200
      message: OK
- request:
    body: null
    headers:
      Accept:
      - '*/*'
      Accept-Encoding:
      - gzip, deflate
      CommandName:
      - dataprotection backup-instance restore trigger
      Connection:
      - keep-alive
      ParameterSetName:
      - -g --vault-name -n --restore-request-object
      User-Agent:
      - AZURECLI/2.50.0 (AAZ) azsdk-python-core/1.26.0 Python/3.10.11 (Windows-10-10.0.22621-SP0)
    method: GET
    uri: https://management.azure.com/subscriptions/00000000-0000-0000-0000-000000000000/resourceGroups/clitest-dpp-rg/providers/Microsoft.DataProtection/backupVaults/clitest-bkp-vault-persistent-bi-donotdelete/operationStatus/YWRhYzE1NWYtYjEwNS00NGIzLTkzN2EtYjIxZThjNzNjOTY3OzM0OTVkNGY1LTgzN2ItNGEzZi04YTRhLTVlYzk4Mzk2MmI5YQ==?api-version=2023-01-01
  response:
    body:
      string: '{"id":"/subscriptions/00000000-0000-0000-0000-000000000000/resourceGroups/clitest-dpp-rg/providers/Microsoft.DataProtection/backupVaults/clitest-bkp-vault-persistent-bi-donotdelete/operationStatus/YWRhYzE1NWYtYjEwNS00NGIzLTkzN2EtYjIxZThjNzNjOTY3OzM0OTVkNGY1LTgzN2ItNGEzZi04YTRhLTVlYzk4Mzk2MmI5YQ==","name":"YWRhYzE1NWYtYjEwNS00NGIzLTkzN2EtYjIxZThjNzNjOTY3OzM0OTVkNGY1LTgzN2ItNGEzZi04YTRhLTVlYzk4Mzk2MmI5YQ==","status":"Succeeded","startTime":"2023-07-04T10:33:22.7089367Z","endTime":"2023-07-04T10:33:23Z","properties":{"jobId":"/subscriptions/00000000-0000-0000-0000-000000000000/resourceGroups/clitest-dpp-rg/providers/Microsoft.DataProtection/backupVaults/clitest-bkp-vault-persistent-bi-donotdelete/backupJobs/f74a6206-8854-479d-b2b3-c68c94758bfb","objectType":"OperationJobExtendedInfo"}}'
    headers:
      cache-control:
      - no-cache
      content-length:
      - '793'
      content-type:
      - application/json
      date:
      - Tue, 04 Jul 2023 10:33:53 GMT
      expires:
      - '-1'
      pragma:
      - no-cache
      server:
      - Microsoft-IIS/10.0
      strict-transport-security:
      - max-age=31536000; includeSubDomains
      transfer-encoding:
      - chunked
      vary:
      - Accept-Encoding
      x-content-type-options:
      - nosniff
      x-ms-ratelimit-remaining-subscription-resource-requests:
      - '998'
      x-powered-by:
      - ASP.NET
    status:
      code: 200
      message: OK
- request:
    body: null
    headers:
      Accept:
      - application/json
      Accept-Encoding:
      - gzip, deflate
      CommandName:
      - dataprotection job show
      Connection:
      - keep-alive
      ParameterSetName:
      - --ids
      User-Agent:
      - AZURECLI/2.50.0 (AAZ) azsdk-python-core/1.26.0 Python/3.10.11 (Windows-10-10.0.22621-SP0)
    method: GET
    uri: https://management.azure.com/subscriptions/00000000-0000-0000-0000-000000000000/resourceGroups/clitest-dpp-rg/providers/Microsoft.DataProtection/backupVaults/clitest-bkp-vault-persistent-bi-donotdelete/backupJobs/f74a6206-8854-479d-b2b3-c68c94758bfb?api-version=2023-01-01
  response:
    body:
      string: '{"properties":{"activityID":"2f93c44d-1a56-11ee-aecc-002b670b472e","subscriptionId":"38304e13-357e-405e-9e9a-220351dcce8c","backupInstanceId":"/subscriptions/00000000-0000-0000-0000-000000000000/resourceGroups/clitest-dpp-rg/providers/Microsoft.DataProtection/backupVaults/clitest-bkp-vault-persistent-bi-donotdelete/backupInstances/clitestsabidonotdelete-clitestsabidonotdelete-887c3538-0bfc-11ee-acd3-002b670b472e","policyId":"/subscriptions/00000000-0000-0000-0000-000000000000/resourceGroups/clitest-dpp-rg/providers/Microsoft.DataProtection/backupVaults/clitest-bkp-vault-persistent-bi-donotdelete/backupPolicies/blobpolicy","dataSourceId":"/subscriptions/00000000-0000-0000-0000-000000000000/resourceGroups/clitest-dpp-rg/providers/Microsoft.Storage/storageAccounts/clitestsabidonotdelete","vaultName":"clitest-bkp-vault-persistent-bi-donotdelete","backupInstanceFriendlyName":"clitestsabidonotdelete","policyName":"blobpolicy","sourceResourceGroup":"clitest-dpp-rg","dataSourceSetName":null,"dataSourceName":"clitestsabidonotdelete","sourceDataStoreName":null,"sourceDataStoreType":"OperationalStore","destinationDataStoreName":null,"progressEnabled":false,"etag":"W/\"datetime''2023-07-04T10%3A33%3A23.0552547Z''\"","sourceSubscriptionID":"38304e13-357e-405e-9e9a-220351dcce8c","dataSourceLocation":"centraluseuap","startTime":"2023-07-04T10:33:22.8750965Z","endTime":null,"dataSourceType":"Microsoft.Storage/storageAccounts/blobServices","operationCategory":"Restore","operation":"Restore","status":"InProgress","restoreType":null,"isUserTriggered":true,"rehydrationPriority":null,"supportedActions":[""],"duration":"PT0S","progressUrl":null,"isCrossRegionRestore":null,"errorDetails":null,"extendedInfo":{"backupInstanceState":null,"dataTransferredInBytes":null,"targetRecoverPoint":null,"sourceRecoverPoint":{"recoveryPointID":null,"recoveryPointTime":"2023-06-25T07:25:42Z"},"recoveryDestination":"/subscriptions/00000000-0000-0000-0000-000000000000/resourceGroups/clitest-dpp-rg/providers/Microsoft.Storage/storageAccounts/clitestsabidonotdelete","subTasks":[{"taskId":1,"taskName":"Trigger
        Restore","taskStatus":"InProgress","taskProgress":null,"additionalDetails":null}],"additionalDetails":null}},"id":"/subscriptions/00000000-0000-0000-0000-000000000000/resourceGroups/clitest-dpp-rg/providers/Microsoft.DataProtection/backupVaults/clitest-bkp-vault-persistent-bi-donotdelete/backupJobs/f74a6206-8854-479d-b2b3-c68c94758bfb","name":"f74a6206-8854-479d-b2b3-c68c94758bfb","type":"Microsoft.DataProtection/backupVaults/backupJobs"}'
    headers:
      cache-control:
      - no-cache
      content-length:
      - '2544'
      content-type:
      - application/json
      date:
      - Tue, 04 Jul 2023 10:33:55 GMT
      expires:
      - '-1'
      pragma:
      - no-cache
      server:
      - Microsoft-IIS/10.0
      - Kestrel
      strict-transport-security:
      - max-age=31536000; includeSubDomains
      transfer-encoding:
      - chunked
      vary:
      - Accept-Encoding
      x-content-type-options:
      - nosniff
      x-ms-ratelimit-remaining-subscription-resource-requests:
      - '199'
      x-powered-by:
      - ASP.NET
    status:
      code: 200
      message: OK
version: 1
