interactions:
- request:
    body: '{"identity": {"type": "SystemAssigned"}, "location": "centraluseuap", "properties":
      {"securitySettings": {"softDeleteSettings": {"retentionDurationInDays": 14.0,
      "state": "Off"}}, "storageSettings": [{"datastoreType": "VaultStore", "type":
      "LocallyRedundant"}]}}'
    headers:
      Accept:
      - application/json
      Accept-Encoding:
      - gzip, deflate
      CommandName:
      - dataprotection backup-vault create
      Connection:
      - keep-alive
      Content-Length:
      - '262'
      Content-Type:
      - application/json
      ParameterSetName:
      - -g --vault-name -l --storage-settings --type --soft-delete-state
      User-Agent:
      - AZURECLI/2.52.0 (PIP) (AAZ) azsdk-python-core/1.29.3 Python/3.10.7 (Windows-10-10.0.22621-SP0)
    method: PUT
    uri: https://management.azure.com/subscriptions/00000000-0000-0000-0000-000000000000/resourceGroups/clitest-dpp-backuppolicy-000001/providers/Microsoft.DataProtection/backupVaults/clitest-bkp-vault?api-version=2023-05-01
  response:
    body:
      string: '{"location":"centraluseuap","identity":{"type":"SystemAssigned","principalId":"359c8851-2f0f-46ba-b0f4-cc2a99b56ccf","tenantId":"72f988bf-86f1-41af-91ab-2d7cd011db47"},"properties":{"provisioningState":"Provisioning","storageSettings":[{"datastoreType":"VaultStore","type":"LocallyRedundant"}],"isVaultProtectedByResourceGuard":false,"securitySettings":{"softDeleteSettings":{"state":"Off","retentionDurationInDays":14.0}},"secureScore":"None"},"id":"/subscriptions/00000000-0000-0000-0000-000000000000/resourceGroups/clitest-dpp-backuppolicy-000001/providers/Microsoft.DataProtection/backupVaults/clitest-bkp-vault","name":"clitest-bkp-vault","type":"Microsoft.DataProtection/backupVaults"}'
    headers:
      azure-asyncoperation:
      - https://management.azure.com/subscriptions/00000000-0000-0000-0000-000000000000/resourceGroups/clitest-dpp-backuppolicy-000001/providers/Microsoft.DataProtection/backupVaults/clitest-bkp-vault/operationStatus/NDVkYTRhNzMtNmYzYS00YWVhLTg3OTMtZGQ1MWNkNGFlODQwOzJiYTc1NzFjLTYyYjMtNDg1MC05NzJiLWFiODAyMzgyZGVmOA==?api-version=2023-05-01
      cache-control:
      - no-cache
      content-length:
      - '691'
      content-type:
      - application/json
      date:
      - Tue, 26 Sep 2023 05:12:56 GMT
      expires:
      - '-1'
      pragma:
      - no-cache
      server:
      - Microsoft-IIS/10.0
      strict-transport-security:
      - max-age=31536000; includeSubDomains
      x-content-type-options:
      - nosniff
      x-ms-arm-resource-system-data:
      - '{"createdBy":"zubairabid@microsoft.com","createdByType":"User","createdAt":"2023-09-26T05:12:55.8542068Z","lastModifiedBy":"zubairabid@microsoft.com","lastModifiedByType":"User","lastModifiedAt":"2023-09-26T05:12:55.8542068Z"}'
      x-ms-operation-identifier:
      - tenantId=72f988bf-86f1-41af-91ab-2d7cd011db47,objectId=12f8ea5c-1212-449e-b31c-0a574f43076e/centraluseuap/36720644-dd3f-4641-8d87-906955f63a23
      x-ms-ratelimit-remaining-subscription-resource-requests:
      - '99'
      x-powered-by:
      - ASP.NET
    status:
      code: 201
      message: Created
- request:
    body: null
    headers:
      Accept:
      - '*/*'
      Accept-Encoding:
      - gzip, deflate
      CommandName:
      - dataprotection backup-vault create
      Connection:
      - keep-alive
      ParameterSetName:
      - -g --vault-name -l --storage-settings --type --soft-delete-state
      User-Agent:
      - AZURECLI/2.52.0 (PIP) (AAZ) azsdk-python-core/1.29.3 Python/3.10.7 (Windows-10-10.0.22621-SP0)
    method: GET
    uri: https://management.azure.com/subscriptions/00000000-0000-0000-0000-000000000000/resourceGroups/clitest-dpp-backuppolicy-000001/providers/Microsoft.DataProtection/backupVaults/clitest-bkp-vault/operationStatus/NDVkYTRhNzMtNmYzYS00YWVhLTg3OTMtZGQ1MWNkNGFlODQwOzJiYTc1NzFjLTYyYjMtNDg1MC05NzJiLWFiODAyMzgyZGVmOA==?api-version=2023-05-01
  response:
    body:
      string: '{"id":"/subscriptions/00000000-0000-0000-0000-000000000000/resourceGroups/clitest-dpp-backuppolicy-000001/providers/Microsoft.DataProtection/backupVaults/clitest-bkp-vault/operationStatus/NDVkYTRhNzMtNmYzYS00YWVhLTg3OTMtZGQ1MWNkNGFlODQwOzJiYTc1NzFjLTYyYjMtNDg1MC05NzJiLWFiODAyMzgyZGVmOA==","name":"NDVkYTRhNzMtNmYzYS00YWVhLTg3OTMtZGQ1MWNkNGFlODQwOzJiYTc1NzFjLTYyYjMtNDg1MC05NzJiLWFiODAyMzgyZGVmOA==","status":"Inprogress","startTime":"2023-09-26T05:12:56.6422286Z","endTime":"0001-01-01T00:00:00Z"}'
    headers:
      cache-control:
      - no-cache
      content-length:
      - '498'
      content-type:
      - application/json
      date:
      - Tue, 26 Sep 2023 05:12:56 GMT
      expires:
      - '-1'
      pragma:
      - no-cache
      server:
      - Microsoft-IIS/10.0
      strict-transport-security:
      - max-age=31536000; includeSubDomains
      transfer-encoding:
      - chunked
      vary:
      - Accept-Encoding
      x-content-type-options:
      - nosniff
      x-ms-ratelimit-remaining-subscription-resource-requests:
      - '973'
      x-powered-by:
      - ASP.NET
    status:
      code: 200
      message: OK
- request:
    body: null
    headers:
      Accept:
      - '*/*'
      Accept-Encoding:
      - gzip, deflate
      CommandName:
      - dataprotection backup-vault create
      Connection:
      - keep-alive
      ParameterSetName:
      - -g --vault-name -l --storage-settings --type --soft-delete-state
      User-Agent:
      - AZURECLI/2.52.0 (PIP) (AAZ) azsdk-python-core/1.29.3 Python/3.10.7 (Windows-10-10.0.22621-SP0)
    method: GET
    uri: https://management.azure.com/subscriptions/00000000-0000-0000-0000-000000000000/resourceGroups/clitest-dpp-backuppolicy-000001/providers/Microsoft.DataProtection/backupVaults/clitest-bkp-vault/operationStatus/NDVkYTRhNzMtNmYzYS00YWVhLTg3OTMtZGQ1MWNkNGFlODQwOzJiYTc1NzFjLTYyYjMtNDg1MC05NzJiLWFiODAyMzgyZGVmOA==?api-version=2023-05-01
  response:
    body:
      string: '{"id":"/subscriptions/00000000-0000-0000-0000-000000000000/resourceGroups/clitest-dpp-backuppolicy-000001/providers/Microsoft.DataProtection/backupVaults/clitest-bkp-vault/operationStatus/NDVkYTRhNzMtNmYzYS00YWVhLTg3OTMtZGQ1MWNkNGFlODQwOzJiYTc1NzFjLTYyYjMtNDg1MC05NzJiLWFiODAyMzgyZGVmOA==","name":"NDVkYTRhNzMtNmYzYS00YWVhLTg3OTMtZGQ1MWNkNGFlODQwOzJiYTc1NzFjLTYyYjMtNDg1MC05NzJiLWFiODAyMzgyZGVmOA==","status":"Succeeded","startTime":"2023-09-26T05:12:56.6422286Z","endTime":"2023-09-26T05:12:57Z"}'
    headers:
      cache-control:
      - no-cache
      content-length:
      - '497'
      content-type:
      - application/json
      date:
      - Tue, 26 Sep 2023 05:13:26 GMT
      expires:
      - '-1'
      pragma:
      - no-cache
      server:
      - Microsoft-IIS/10.0
      strict-transport-security:
      - max-age=31536000; includeSubDomains
      transfer-encoding:
      - chunked
      vary:
      - Accept-Encoding
      x-content-type-options:
      - nosniff
      x-ms-ratelimit-remaining-subscription-resource-requests:
      - '971'
      x-powered-by:
      - ASP.NET
    status:
      code: 200
      message: OK
- request:
    body: null
    headers:
      Accept:
      - '*/*'
      Accept-Encoding:
      - gzip, deflate
      CommandName:
      - dataprotection backup-vault create
      Connection:
      - keep-alive
      ParameterSetName:
      - -g --vault-name -l --storage-settings --type --soft-delete-state
      User-Agent:
      - AZURECLI/2.52.0 (PIP) (AAZ) azsdk-python-core/1.29.3 Python/3.10.7 (Windows-10-10.0.22621-SP0)
    method: GET
    uri: https://management.azure.com/subscriptions/00000000-0000-0000-0000-000000000000/resourceGroups/clitest-dpp-backuppolicy-000001/providers/Microsoft.DataProtection/backupVaults/clitest-bkp-vault?api-version=2023-05-01
  response:
    body:
      string: '{"location":"centraluseuap","identity":{"type":"SystemAssigned","principalId":"359c8851-2f0f-46ba-b0f4-cc2a99b56ccf","tenantId":"72f988bf-86f1-41af-91ab-2d7cd011db47"},"properties":{"provisioningState":"Succeeded","storageSettings":[{"datastoreType":"VaultStore","type":"LocallyRedundant"}],"isVaultProtectedByResourceGuard":false,"securitySettings":{"softDeleteSettings":{"state":"Off","retentionDurationInDays":14.0}},"secureScore":"None"},"id":"/subscriptions/00000000-0000-0000-0000-000000000000/resourceGroups/clitest-dpp-backuppolicy-000001/providers/Microsoft.DataProtection/backupVaults/clitest-bkp-vault","name":"clitest-bkp-vault","type":"Microsoft.DataProtection/backupVaults"}'
    headers:
      cache-control:
      - no-cache
      content-length:
      - '688'
      content-type:
      - application/json
      date:
      - Tue, 26 Sep 2023 05:13:26 GMT
      expires:
      - '-1'
      pragma:
      - no-cache
      server:
      - Microsoft-IIS/10.0
      strict-transport-security:
      - max-age=31536000; includeSubDomains
      transfer-encoding:
      - chunked
      vary:
      - Accept-Encoding
      x-content-type-options:
      - nosniff
      x-ms-ratelimit-remaining-subscription-resource-requests:
      - '499'
      x-powered-by:
      - ASP.NET
    status:
      code: 200
      message: OK
- request:
    body: '{"properties": {"datasourceTypes": ["Microsoft.Compute/disks"], "name":
      "DiskPolicy1", "objectType": "BackupPolicy", "policyRules": [{"backupParameters":
      {"backupType": "Incremental", "objectType": "AzureBackupParams"}, "dataStore":
      {"dataStoreType": "OperationalStore", "objectType": "DataStoreInfoBase"}, "name":
      "BackupHourly", "objectType": "AzureBackupRule", "trigger": {"objectType": "ScheduleBasedTriggerContext",
      "schedule": {"repeatingTimeIntervals": ["R/2020-04-05T13:00:00+00:00/PT4H"]},
      "taggingCriteria": [{"isDefault": true, "tagInfo": {"id": "Default_", "tagName":
      "Default"}, "taggingPriority": 99}]}}, {"isDefault": true, "lifecycles": [{"deleteAfter":
      {"duration": "P7D", "objectType": "AbsoluteDeleteOption"}, "sourceDataStore":
      {"dataStoreType": "OperationalStore", "objectType": "DataStoreInfoBase"}}],
      "name": "Default", "objectType": "AzureRetentionRule"}]}}'
    headers:
      Accept:
      - application/json
      Accept-Encoding:
      - gzip, deflate
      CommandName:
      - dataprotection backup-policy create
      Connection:
      - keep-alive
      Content-Length:
      - '881'
      Content-Type:
      - application/json
      ParameterSetName:
      - -n --policy -g --vault-name
      User-Agent:
      - AZURECLI/2.52.0 (PIP) (AAZ) azsdk-python-core/1.29.3 Python/3.10.7 (Windows-10-10.0.22621-SP0)
    method: PUT
    uri: https://management.azure.com/subscriptions/00000000-0000-0000-0000-000000000000/resourceGroups/clitest-dpp-backuppolicy-000001/providers/Microsoft.DataProtection/backupVaults/clitest-bkp-vault/backupPolicies/diskpolicy?api-version=2023-05-01
  response:
    body:
      string: '{"properties":{"policyRules":[{"backupParameters":{"backupType":"Incremental","objectType":"AzureBackupParams"},"trigger":{"schedule":{"repeatingTimeIntervals":["R/2020-04-05T13:00:00+00:00/PT4H"]},"taggingCriteria":[{"tagInfo":{"tagName":"Default","id":"Default_"},"taggingPriority":99,"isDefault":true}],"objectType":"ScheduleBasedTriggerContext"},"dataStore":{"dataStoreType":"OperationalStore","objectType":"DataStoreInfoBase"},"name":"BackupHourly","objectType":"AzureBackupRule"},{"lifecycles":[{"deleteAfter":{"objectType":"AbsoluteDeleteOption","duration":"P7D"},"sourceDataStore":{"dataStoreType":"OperationalStore","objectType":"DataStoreInfoBase"}}],"isDefault":true,"name":"Default","objectType":"AzureRetentionRule"}],"datasourceTypes":["Microsoft.Compute/disks"],"objectType":"BackupPolicy"},"id":"/subscriptions/00000000-0000-0000-0000-000000000000/resourceGroups/clitest-dpp-backuppolicy-000001/providers/Microsoft.DataProtection/backupVaults/clitest-bkp-vault/backupPolicies/diskpolicy","name":"diskpolicy","type":"Microsoft.DataProtection/backupVaults/backupPolicies"}'
    headers:
      cache-control:
      - no-cache
      content-length:
      - '1086'
      content-type:
      - application/json
      date:
      - Tue, 26 Sep 2023 05:13:28 GMT
      expires:
      - '-1'
      pragma:
      - no-cache
      server:
      - Microsoft-IIS/10.0
      strict-transport-security:
      - max-age=31536000; includeSubDomains
      transfer-encoding:
      - chunked
      vary:
      - Accept-Encoding
      x-content-type-options:
      - nosniff
      x-ms-ratelimit-remaining-subscription-resource-requests:
      - '199'
      x-powered-by:
      - ASP.NET
    status:
      code: 200
      message: OK
- request:
    body: null
    headers:
      Accept:
      - '*/*'
      Accept-Encoding:
      - gzip, deflate
      CommandName:
      - dataprotection backup-policy delete
      Connection:
      - keep-alive
      Content-Length:
      - '0'
      ParameterSetName:
      - -n -g --vault-name -y
      User-Agent:
      - AZURECLI/2.52.0 (PIP) (AAZ) azsdk-python-core/1.29.3 Python/3.10.7 (Windows-10-10.0.22621-SP0)
    method: DELETE
    uri: https://management.azure.com/subscriptions/00000000-0000-0000-0000-000000000000/resourceGroups/clitest-dpp-backuppolicy-000001/providers/Microsoft.DataProtection/backupVaults/clitest-bkp-vault/backupPolicies/diskpolicy?api-version=2023-05-01
  response:
    body:
      string: ''
    headers:
      cache-control:
      - no-cache
      content-length:
      - '0'
      date:
      - Tue, 26 Sep 2023 05:13:30 GMT
      expires:
      - '-1'
      pragma:
      - no-cache
      strict-transport-security:
      - max-age=31536000; includeSubDomains
      x-content-type-options:
      - nosniff
      x-ms-ratelimit-remaining-subscription-resource-requests:
      - '49'
      x-powered-by:
      - ASP.NET
    status:
      code: 200
      message: OK
- request:
    body: '{"properties": {"datasourceTypes": ["Microsoft.Storage/storageAccounts/blobServices"],
      "name": "BlobPolicy1", "objectType": "BackupPolicy", "policyRules": [{"isDefault":
      true, "lifecycles": [{"deleteAfter": {"duration": "P30D", "objectType": "AbsoluteDeleteOption"},
      "sourceDataStore": {"dataStoreType": "OperationalStore", "objectType": "DataStoreInfoBase"},
      "targetDataStoreCopySettings": []}], "name": "Default", "objectType": "AzureRetentionRule"},
      {"isDefault": true, "lifecycles": [{"deleteAfter": {"duration": "P7D", "objectType":
      "AbsoluteDeleteOption"}, "sourceDataStore": {"dataStoreType": "VaultStore",
      "objectType": "DataStoreInfoBase"}, "targetDataStoreCopySettings": []}], "name":
      "Default", "objectType": "AzureRetentionRule"}, {"backupParameters": {"backupType":
      "Discrete", "objectType": "AzureBackupParams"}, "dataStore": {"dataStoreType":
      "VaultStore", "objectType": "DataStoreInfoBase"}, "name": "BackupDaily", "objectType":
      "AzureBackupRule", "trigger": {"objectType": "ScheduleBasedTriggerContext",
      "schedule": {"repeatingTimeIntervals": ["R/2023-06-28T07:30:00+00:00/P1D"],
      "timeZone": "UTC"}, "taggingCriteria": [{"isDefault": true, "tagInfo": {"id":
      "Default_", "tagName": "Default"}, "taggingPriority": 99}]}}]}}'
    headers:
      Accept:
      - application/json
      Accept-Encoding:
      - gzip, deflate
      CommandName:
      - dataprotection backup-policy create
      Connection:
      - keep-alive
      Content-Length:
      - '1238'
      Content-Type:
      - application/json
      ParameterSetName:
      - -n --policy -g --vault-name
      User-Agent:
      - AZURECLI/2.52.0 (PIP) (AAZ) azsdk-python-core/1.29.3 Python/3.10.7 (Windows-10-10.0.22621-SP0)
    method: PUT
    uri: https://management.azure.com/subscriptions/00000000-0000-0000-0000-000000000000/resourceGroups/clitest-dpp-backuppolicy-000001/providers/Microsoft.DataProtection/backupVaults/clitest-bkp-vault/backupPolicies/blobpolicy?api-version=2023-05-01
  response:
    body:
      string: '{"properties":{"policyRules":[{"lifecycles":[{"deleteAfter":{"objectType":"AbsoluteDeleteOption","duration":"P30D"},"targetDataStoreCopySettings":[],"sourceDataStore":{"dataStoreType":"OperationalStore","objectType":"DataStoreInfoBase"}}],"isDefault":true,"name":"Default","objectType":"AzureRetentionRule"},{"lifecycles":[{"deleteAfter":{"objectType":"AbsoluteDeleteOption","duration":"P7D"},"targetDataStoreCopySettings":[],"sourceDataStore":{"dataStoreType":"VaultStore","objectType":"DataStoreInfoBase"}}],"isDefault":true,"name":"Default","objectType":"AzureRetentionRule"},{"backupParameters":{"backupType":"Discrete","objectType":"AzureBackupParams"},"trigger":{"schedule":{"repeatingTimeIntervals":["R/2023-06-28T07:30:00+00:00/P1D"],"timeZone":"UTC"},"taggingCriteria":[{"tagInfo":{"tagName":"Default","id":"Default_"},"taggingPriority":99,"isDefault":true}],"objectType":"ScheduleBasedTriggerContext"},"dataStore":{"dataStoreType":"VaultStore","objectType":"DataStoreInfoBase"},"name":"BackupDaily","objectType":"AzureBackupRule"}],"datasourceTypes":["Microsoft.Storage/storageAccounts/blobServices"],"objectType":"BackupPolicy"},"id":"/subscriptions/00000000-0000-0000-0000-000000000000/resourceGroups/clitest-dpp-backuppolicy-000001/providers/Microsoft.DataProtection/backupVaults/clitest-bkp-vault/backupPolicies/blobpolicy","name":"blobpolicy","type":"Microsoft.DataProtection/backupVaults/backupPolicies"}'
    headers:
      cache-control:
      - no-cache
      content-length:
      - '1420'
      content-type:
      - application/json
      date:
      - Tue, 26 Sep 2023 05:13:33 GMT
      expires:
      - '-1'
      pragma:
      - no-cache
      server:
      - Microsoft-IIS/10.0
      strict-transport-security:
      - max-age=31536000; includeSubDomains
      transfer-encoding:
      - chunked
      vary:
      - Accept-Encoding
      x-content-type-options:
      - nosniff
      x-ms-ratelimit-remaining-subscription-resource-requests:
      - '198'
      x-powered-by:
      - ASP.NET
    status:
      code: 200
      message: OK
- request:
    body: null
    headers:
      Accept:
      - '*/*'
      Accept-Encoding:
      - gzip, deflate
      CommandName:
      - dataprotection backup-policy delete
      Connection:
      - keep-alive
      Content-Length:
      - '0'
      ParameterSetName:
      - -n -g --vault-name -y
      User-Agent:
      - AZURECLI/2.52.0 (PIP) (AAZ) azsdk-python-core/1.29.3 Python/3.10.7 (Windows-10-10.0.22621-SP0)
    method: DELETE
    uri: https://management.azure.com/subscriptions/00000000-0000-0000-0000-000000000000/resourceGroups/clitest-dpp-backuppolicy-000001/providers/Microsoft.DataProtection/backupVaults/clitest-bkp-vault/backupPolicies/blobpolicy?api-version=2023-05-01
  response:
    body:
      string: ''
    headers:
      cache-control:
      - no-cache
      content-length:
      - '0'
      date:
      - Tue, 26 Sep 2023 05:13:34 GMT
      expires:
      - '-1'
      pragma:
      - no-cache
      strict-transport-security:
      - max-age=31536000; includeSubDomains
      x-content-type-options:
      - nosniff
      x-ms-ratelimit-remaining-subscription-resource-requests:
      - '49'
      x-powered-by:
      - ASP.NET
    status:
      code: 200
      message: OK
- request:
    body: '{"properties": {"datasourceTypes": ["Microsoft.DBforPostgreSQL/servers/databases"],
      "name": "OssPolicy1", "objectType": "BackupPolicy", "policyRules": [{"backupParameters":
      {"backupType": "Full", "objectType": "AzureBackupParams"}, "dataStore": {"dataStoreType":
      "VaultStore", "objectType": "DataStoreInfoBase"}, "name": "BackupWeekly", "objectType":
      "AzureBackupRule", "trigger": {"objectType": "ScheduleBasedTriggerContext",
      "schedule": {"repeatingTimeIntervals": ["R/2021-08-15T06:30:00+00:00/P1W"],
      "timeZone": "UTC"}, "taggingCriteria": [{"isDefault": true, "tagInfo": {"id":
      "Default_", "tagName": "Default"}, "taggingPriority": 99}]}}, {"isDefault":
      true, "lifecycles": [{"deleteAfter": {"duration": "P3M", "objectType": "AbsoluteDeleteOption"},
      "sourceDataStore": {"dataStoreType": "VaultStore", "objectType": "DataStoreInfoBase"},
      "targetDataStoreCopySettings": []}], "name": "Default", "objectType": "AzureRetentionRule"}]}}'
    headers:
      Accept:
      - application/json
      Accept-Encoding:
      - gzip, deflate
      CommandName:
      - dataprotection backup-policy create
      Connection:
      - keep-alive
      Content-Length:
      - '934'
      Content-Type:
      - application/json
      ParameterSetName:
      - -n --policy -g --vault-name
      User-Agent:
      - AZURECLI/2.52.0 (PIP) (AAZ) azsdk-python-core/1.29.3 Python/3.10.7 (Windows-10-10.0.22621-SP0)
    method: PUT
    uri: https://management.azure.com/subscriptions/00000000-0000-0000-0000-000000000000/resourceGroups/clitest-dpp-backuppolicy-000001/providers/Microsoft.DataProtection/backupVaults/clitest-bkp-vault/backupPolicies/osspolicy?api-version=2023-05-01
  response:
    body:
      string: '{"properties":{"policyRules":[{"backupParameters":{"backupType":"Full","objectType":"AzureBackupParams"},"trigger":{"schedule":{"repeatingTimeIntervals":["R/2021-08-15T06:30:00+00:00/P1W"],"timeZone":"UTC"},"taggingCriteria":[{"tagInfo":{"tagName":"Default","id":"Default_"},"taggingPriority":99,"isDefault":true}],"objectType":"ScheduleBasedTriggerContext"},"dataStore":{"dataStoreType":"VaultStore","objectType":"DataStoreInfoBase"},"name":"BackupWeekly","objectType":"AzureBackupRule"},{"lifecycles":[{"deleteAfter":{"objectType":"AbsoluteDeleteOption","duration":"P3M"},"targetDataStoreCopySettings":[],"sourceDataStore":{"dataStoreType":"VaultStore","objectType":"DataStoreInfoBase"}}],"isDefault":true,"name":"Default","objectType":"AzureRetentionRule"}],"datasourceTypes":["Microsoft.DBforPostgreSQL/servers/databases"],"objectType":"BackupPolicy"},"id":"/subscriptions/00000000-0000-0000-0000-000000000000/resourceGroups/clitest-dpp-backuppolicy-000001/providers/Microsoft.DataProtection/backupVaults/clitest-bkp-vault/backupPolicies/osspolicy","name":"osspolicy","type":"Microsoft.DataProtection/backupVaults/backupPolicies"}'
    headers:
      cache-control:
      - no-cache
      content-length:
      - '1134'
      content-type:
      - application/json
      date:
      - Tue, 26 Sep 2023 05:13:35 GMT
      expires:
      - '-1'
      pragma:
      - no-cache
      server:
      - Microsoft-IIS/10.0
      strict-transport-security:
      - max-age=31536000; includeSubDomains
      transfer-encoding:
      - chunked
      vary:
      - Accept-Encoding
      x-content-type-options:
      - nosniff
      x-ms-ratelimit-remaining-subscription-resource-requests:
      - '199'
      x-powered-by:
      - ASP.NET
    status:
      code: 200
      message: OK
- request:
    body: null
    headers:
      Accept:
      - '*/*'
      Accept-Encoding:
      - gzip, deflate
      CommandName:
      - dataprotection backup-policy delete
      Connection:
      - keep-alive
      Content-Length:
      - '0'
      ParameterSetName:
      - -n -g --vault-name -y
      User-Agent:
      - AZURECLI/2.52.0 (PIP) (AAZ) azsdk-python-core/1.29.3 Python/3.10.7 (Windows-10-10.0.22621-SP0)
    method: DELETE
    uri: https://management.azure.com/subscriptions/00000000-0000-0000-0000-000000000000/resourceGroups/clitest-dpp-backuppolicy-000001/providers/Microsoft.DataProtection/backupVaults/clitest-bkp-vault/backupPolicies/osspolicy?api-version=2023-05-01
  response:
    body:
      string: ''
    headers:
      cache-control:
      - no-cache
      content-length:
      - '0'
      date:
      - Tue, 26 Sep 2023 05:13:37 GMT
      expires:
      - '-1'
      pragma:
      - no-cache
      strict-transport-security:
      - max-age=31536000; includeSubDomains
      x-content-type-options:
      - nosniff
      x-ms-ratelimit-remaining-subscription-resource-requests:
      - '48'
      x-powered-by:
      - ASP.NET
    status:
      code: 200
      message: OK
- request:
    body: '{"properties": {"datasourceTypes": ["Microsoft.ContainerService/managedClusters"],
      "name": "AKSPolicy1", "objectType": "BackupPolicy", "policyRules": [{"backupParameters":
      {"backupType": "Incremental", "objectType": "AzureBackupParams"}, "dataStore":
      {"dataStoreType": "OperationalStore", "objectType": "DataStoreInfoBase"}, "name":
      "BackupHourly", "objectType": "AzureBackupRule", "trigger": {"objectType": "ScheduleBasedTriggerContext",
      "schedule": {"repeatingTimeIntervals": ["R/2023-01-04T09:00:00+00:00/PT4H"]},
      "taggingCriteria": [{"isDefault": true, "tagInfo": {"id": "Default_", "tagName":
      "Default"}, "taggingPriority": 99}]}}, {"isDefault": true, "lifecycles": [{"deleteAfter":
      {"duration": "P7D", "objectType": "AbsoluteDeleteOption"}, "sourceDataStore":
      {"dataStoreType": "OperationalStore", "objectType": "DataStoreInfoBase"}}],
      "name": "Default", "objectType": "AzureRetentionRule"}]}}'
    headers:
      Accept:
      - application/json
      Accept-Encoding:
      - gzip, deflate
      CommandName:
      - dataprotection backup-policy create
      Connection:
      - keep-alive
      Content-Length:
      - '899'
      Content-Type:
      - application/json
      ParameterSetName:
      - -n --policy -g --vault-name
      User-Agent:
      - AZURECLI/2.52.0 (PIP) (AAZ) azsdk-python-core/1.29.3 Python/3.10.7 (Windows-10-10.0.22621-SP0)
    method: PUT
    uri: https://management.azure.com/subscriptions/00000000-0000-0000-0000-000000000000/resourceGroups/clitest-dpp-backuppolicy-000001/providers/Microsoft.DataProtection/backupVaults/clitest-bkp-vault/backupPolicies/akspolicy?api-version=2023-05-01
  response:
    body:
      string: '{"properties":{"policyRules":[{"backupParameters":{"backupType":"Incremental","objectType":"AzureBackupParams"},"trigger":{"schedule":{"repeatingTimeIntervals":["R/2023-01-04T09:00:00+00:00/PT4H"]},"taggingCriteria":[{"tagInfo":{"tagName":"Default","id":"Default_"},"taggingPriority":99,"isDefault":true}],"objectType":"ScheduleBasedTriggerContext"},"dataStore":{"dataStoreType":"OperationalStore","objectType":"DataStoreInfoBase"},"name":"BackupHourly","objectType":"AzureBackupRule"},{"lifecycles":[{"deleteAfter":{"objectType":"AbsoluteDeleteOption","duration":"P7D"},"sourceDataStore":{"dataStoreType":"OperationalStore","objectType":"DataStoreInfoBase"}}],"isDefault":true,"name":"Default","objectType":"AzureRetentionRule"}],"datasourceTypes":["Microsoft.ContainerService/managedClusters"],"objectType":"BackupPolicy"},"id":"/subscriptions/00000000-0000-0000-0000-000000000000/resourceGroups/clitest-dpp-backuppolicy-000001/providers/Microsoft.DataProtection/backupVaults/clitest-bkp-vault/backupPolicies/akspolicy","name":"akspolicy","type":"Microsoft.DataProtection/backupVaults/backupPolicies"}'
    headers:
      cache-control:
      - no-cache
      content-length:
      - '1103'
      content-type:
      - application/json
      date:
      - Tue, 26 Sep 2023 05:13:38 GMT
      expires:
      - '-1'
      pragma:
      - no-cache
      server:
      - Microsoft-IIS/10.0
      strict-transport-security:
      - max-age=31536000; includeSubDomains
      transfer-encoding:
      - chunked
      vary:
      - Accept-Encoding
      x-content-type-options:
      - nosniff
      x-ms-ratelimit-remaining-subscription-resource-requests:
      - '198'
      x-powered-by:
      - ASP.NET
    status:
      code: 200
      message: OK
- request:
    body: null
    headers:
      Accept:
      - '*/*'
      Accept-Encoding:
      - gzip, deflate
      CommandName:
      - dataprotection backup-policy delete
      Connection:
      - keep-alive
      Content-Length:
      - '0'
      ParameterSetName:
      - -n -g --vault-name -y
      User-Agent:
      - AZURECLI/2.52.0 (PIP) (AAZ) azsdk-python-core/1.29.3 Python/3.10.7 (Windows-10-10.0.22621-SP0)
    method: DELETE
    uri: https://management.azure.com/subscriptions/00000000-0000-0000-0000-000000000000/resourceGroups/clitest-dpp-backuppolicy-000001/providers/Microsoft.DataProtection/backupVaults/clitest-bkp-vault/backupPolicies/akspolicy?api-version=2023-05-01
  response:
    body:
      string: ''
    headers:
      cache-control:
      - no-cache
      content-length:
      - '0'
      date:
      - Tue, 26 Sep 2023 05:13:40 GMT
      expires:
      - '-1'
      pragma:
      - no-cache
      strict-transport-security:
      - max-age=31536000; includeSubDomains
      x-content-type-options:
      - nosniff
      x-ms-ratelimit-remaining-subscription-resource-requests:
      - '49'
      x-powered-by:
      - ASP.NET
    status:
      code: 200
      message: OK
version: 1
