interactions:
- request:
    body: '{"backupInstance": {"dataSourceInfo": {"datasourceType": "Microsoft.DBforPostgreSQL/servers/databases",
      "objectType": "Datasource", "resourceID": "/subscriptions/00000000-0000-0000-0000-000000000000/resourceGroups/oss-clitest-rg/providers/Microsoft.DBforPostgreSQL/servers/oss-clitest-server/databases/postgres",
      "resourceLocation": "centraluseuap", "resourceName": "postgres", "resourceType":
      "Microsoft.DBforPostgreSQL/servers/databases", "resourceUri": ""}, "dataSourceSetInfo":
      {"datasourceType": "Microsoft.DBforPostgreSQL/servers/databases", "objectType":
      "DatasourceSet", "resourceID": "/subscriptions/00000000-0000-0000-0000-000000000000/resourceGroups/oss-clitest-rg/providers/Microsoft.DBforPostgreSQL/servers/oss-clitest-server",
      "resourceLocation": "centraluseuap", "resourceName": "oss-clitest-server", "resourceType":
      "Microsoft.DBforPostgreSQL/servers", "resourceUri": ""}, "policyInfo": {"policyId":
      "/subscriptions/00000000-0000-0000-0000-000000000000/resourceGroups/oss-clitest-rg/providers/Microsoft.DataProtection/backupVaults/oss-clitest-vault/backupPolicies/oss-clitest-policy"},
      "datasourceAuthCredentials": {"objectType": "SecretStoreBasedAuthCredentials",
      "secretStoreResource": {"uri": "https://oss-clitest-keyvault.vault.azure.net/secrets/oss-clitest-secret",
      "secretStoreType": "AzureKeyVault"}}, "objectType": "BackupInstance"}}'
    headers:
      Accept:
      - application/json
      Accept-Encoding:
      - gzip, deflate
      CommandName:
      - dataprotection backup-instance create
      Connection:
      - keep-alive
      Content-Length:
      - '1357'
      Content-Type:
      - application/json
      ParameterSetName:
      - -g --vault-name --backup-instance
      User-Agent:
      - AZURECLI/2.36.0 azsdk-python-mgmt-dataprotection/1.0.0b1 Python/3.8.5 (Windows-10-10.0.22000-SP0)
    method: POST
    uri: https://management.azure.com/subscriptions/00000000-0000-0000-0000-000000000000/resourceGroups/oss-clitest-rg/providers/Microsoft.DataProtection/backupVaults/oss-clitest-vault/validateForBackup?api-version=2022-04-01
  response:
    body:
      string: ''
    headers:
      azure-asyncoperation:
      - https://management.azure.com/subscriptions/00000000-0000-0000-0000-000000000000/resourceGroups/oss-clitest-rg/providers/Microsoft.DataProtection/backupVaults/oss-clitest-vault/operationStatus/NTc5ZTVjYzItYTNmMC00OTM1LWFhN2QtOWQwNmE5NGVmMzE3OzAzZGRjNzAwLTI4NGMtNDc0OC05NGZhLThiNTdlZTE3OThkOQ==?api-version=2022-04-01
      cache-control:
      - no-cache
      content-length:
      - '0'
      date:
      - Tue, 24 May 2022 13:39:29 GMT
      expires:
      - '-1'
      location:
      - https://management.azure.com/subscriptions/00000000-0000-0000-0000-000000000000/providers/Microsoft.DataProtection/locations/centraluseuap/operationResults/NTc5ZTVjYzItYTNmMC00OTM1LWFhN2QtOWQwNmE5NGVmMzE3OzAzZGRjNzAwLTI4NGMtNDc0OC05NGZhLThiNTdlZTE3OThkOQ==?api-version=2022-04-01
      pragma:
      - no-cache
      strict-transport-security:
      - max-age=31536000; includeSubDomains
      x-content-type-options:
      - nosniff
      x-ms-ratelimit-remaining-subscription-writes:
      - '1199'
      x-powered-by:
      - ASP.NET
    status:
      code: 202
      message: Accepted
- request:
    body: null
    headers:
      Accept:
      - '*/*'
      Accept-Encoding:
      - gzip, deflate
      CommandName:
      - dataprotection backup-instance create
      Connection:
      - keep-alive
      ParameterSetName:
      - -g --vault-name --backup-instance
      User-Agent:
      - AZURECLI/2.36.0 azsdk-python-mgmt-dataprotection/1.0.0b1 Python/3.8.5 (Windows-10-10.0.22000-SP0)
    method: GET
    uri: https://management.azure.com/subscriptions/00000000-0000-0000-0000-000000000000/resourceGroups/oss-clitest-rg/providers/Microsoft.DataProtection/backupVaults/oss-clitest-vault/operationStatus/NTc5ZTVjYzItYTNmMC00OTM1LWFhN2QtOWQwNmE5NGVmMzE3OzAzZGRjNzAwLTI4NGMtNDc0OC05NGZhLThiNTdlZTE3OThkOQ==?api-version=2022-04-01
  response:
    body:
      string: '{"id":"/subscriptions/00000000-0000-0000-0000-000000000000/resourceGroups/oss-clitest-rg/providers/Microsoft.DataProtection/backupVaults/oss-clitest-vault/operationStatus/NTc5ZTVjYzItYTNmMC00OTM1LWFhN2QtOWQwNmE5NGVmMzE3OzAzZGRjNzAwLTI4NGMtNDc0OC05NGZhLThiNTdlZTE3OThkOQ==","name":"NTc5ZTVjYzItYTNmMC00OTM1LWFhN2QtOWQwNmE5NGVmMzE3OzAzZGRjNzAwLTI4NGMtNDc0OC05NGZhLThiNTdlZTE3OThkOQ==","status":"Inprogress","startTime":"2022-05-24T13:39:29.5646Z","endTime":"0001-01-01T00:00:00Z"}'
    headers:
      cache-control:
      - no-cache
      content-length:
      - '478'
      content-type:
      - application/json
      date:
      - Tue, 24 May 2022 13:39:40 GMT
      expires:
      - '-1'
      pragma:
      - no-cache
      server:
      - Microsoft-IIS/10.0
      strict-transport-security:
      - max-age=31536000; includeSubDomains
      transfer-encoding:
      - chunked
      vary:
      - Accept-Encoding
      x-content-type-options:
      - nosniff
      x-powered-by:
      - ASP.NET
    status:
      code: 200
      message: OK
- request:
    body: null
    headers:
      Accept:
      - '*/*'
      Accept-Encoding:
      - gzip, deflate
      CommandName:
      - dataprotection backup-instance create
      Connection:
      - keep-alive
      ParameterSetName:
      - -g --vault-name --backup-instance
      User-Agent:
      - AZURECLI/2.36.0 azsdk-python-mgmt-dataprotection/1.0.0b1 Python/3.8.5 (Windows-10-10.0.22000-SP0)
    method: GET
    uri: https://management.azure.com/subscriptions/00000000-0000-0000-0000-000000000000/resourceGroups/oss-clitest-rg/providers/Microsoft.DataProtection/backupVaults/oss-clitest-vault/operationStatus/NTc5ZTVjYzItYTNmMC00OTM1LWFhN2QtOWQwNmE5NGVmMzE3OzAzZGRjNzAwLTI4NGMtNDc0OC05NGZhLThiNTdlZTE3OThkOQ==?api-version=2022-04-01
  response:
    body:
      string: '{"id":"/subscriptions/00000000-0000-0000-0000-000000000000/resourceGroups/oss-clitest-rg/providers/Microsoft.DataProtection/backupVaults/oss-clitest-vault/operationStatus/NTc5ZTVjYzItYTNmMC00OTM1LWFhN2QtOWQwNmE5NGVmMzE3OzAzZGRjNzAwLTI4NGMtNDc0OC05NGZhLThiNTdlZTE3OThkOQ==","name":"NTc5ZTVjYzItYTNmMC00OTM1LWFhN2QtOWQwNmE5NGVmMzE3OzAzZGRjNzAwLTI4NGMtNDc0OC05NGZhLThiNTdlZTE3OThkOQ==","status":"Succeeded","startTime":"2022-05-24T13:39:29.5646Z","endTime":"2022-05-24T13:39:41Z"}'
    headers:
      cache-control:
      - no-cache
      content-length:
      - '477'
      content-type:
      - application/json
      date:
      - Tue, 24 May 2022 13:40:10 GMT
      expires:
      - '-1'
      pragma:
      - no-cache
      server:
      - Microsoft-IIS/10.0
      strict-transport-security:
      - max-age=31536000; includeSubDomains
      transfer-encoding:
      - chunked
      vary:
      - Accept-Encoding
      x-content-type-options:
      - nosniff
      x-powered-by:
      - ASP.NET
    status:
      code: 200
      message: OK
- request:
    body: null
    headers:
      Accept:
      - '*/*'
      Accept-Encoding:
      - gzip, deflate
      CommandName:
      - dataprotection backup-instance create
      Connection:
      - keep-alive
      ParameterSetName:
      - -g --vault-name --backup-instance
      User-Agent:
      - AZURECLI/2.36.0 azsdk-python-mgmt-dataprotection/1.0.0b1 Python/3.8.5 (Windows-10-10.0.22000-SP0)
    method: GET
    uri: https://management.azure.com/subscriptions/00000000-0000-0000-0000-000000000000/providers/Microsoft.DataProtection/locations/centraluseuap/operationResults/NTc5ZTVjYzItYTNmMC00OTM1LWFhN2QtOWQwNmE5NGVmMzE3OzAzZGRjNzAwLTI4NGMtNDc0OC05NGZhLThiNTdlZTE3OThkOQ==?api-version=2022-04-01
  response:
    body:
      string: '{"objectType":"OperationJobExtendedInfo"}'
    headers:
      azure-asyncoperation:
      - https://management.azure.com/subscriptions/00000000-0000-0000-0000-000000000000/providers/Microsoft.DataProtection/locations/centraluseuap/operationStatus/NTc5ZTVjYzItYTNmMC00OTM1LWFhN2QtOWQwNmE5NGVmMzE3OzAzZGRjNzAwLTI4NGMtNDc0OC05NGZhLThiNTdlZTE3OThkOQ==?api-version=2022-04-01
      cache-control:
      - no-cache
      content-length:
      - '41'
      content-type:
      - application/json
      date:
      - Tue, 24 May 2022 13:40:10 GMT
      expires:
      - '-1'
      pragma:
      - no-cache
      server:
      - Microsoft-IIS/10.0
      strict-transport-security:
      - max-age=31536000; includeSubDomains
      transfer-encoding:
      - chunked
      vary:
      - Accept-Encoding
      x-content-type-options:
      - nosniff
      x-powered-by:
      - ASP.NET
    status:
      code: 200
      message: OK
- request:
    body: '{"properties": {"dataSourceInfo": {"datasourceType": "Microsoft.DBforPostgreSQL/servers/databases",
      "objectType": "Datasource", "resourceID": "/subscriptions/00000000-0000-0000-0000-000000000000/resourceGroups/oss-clitest-rg/providers/Microsoft.DBforPostgreSQL/servers/oss-clitest-server/databases/postgres",
      "resourceLocation": "centraluseuap", "resourceName": "postgres", "resourceType":
      "Microsoft.DBforPostgreSQL/servers/databases", "resourceUri": ""}, "dataSourceSetInfo":
      {"datasourceType": "Microsoft.DBforPostgreSQL/servers/databases", "objectType":
      "DatasourceSet", "resourceID": "/subscriptions/00000000-0000-0000-0000-000000000000/resourceGroups/oss-clitest-rg/providers/Microsoft.DBforPostgreSQL/servers/oss-clitest-server",
      "resourceLocation": "centraluseuap", "resourceName": "oss-clitest-server", "resourceType":
      "Microsoft.DBforPostgreSQL/servers", "resourceUri": ""}, "policyInfo": {"policyId":
      "/subscriptions/00000000-0000-0000-0000-000000000000/resourceGroups/oss-clitest-rg/providers/Microsoft.DataProtection/backupVaults/oss-clitest-vault/backupPolicies/oss-clitest-policy"},
      "datasourceAuthCredentials": {"objectType": "SecretStoreBasedAuthCredentials",
      "secretStoreResource": {"uri": "https://oss-clitest-keyvault.vault.azure.net/secrets/oss-clitest-secret",
      "secretStoreType": "AzureKeyVault"}}, "objectType": "BackupInstance"}}'
    headers:
      Accept:
      - application/json
      Accept-Encoding:
      - gzip, deflate
      CommandName:
      - dataprotection backup-instance create
      Connection:
      - keep-alive
      Content-Length:
      - '1353'
      Content-Type:
      - application/json
      ParameterSetName:
      - -g --vault-name --backup-instance
      User-Agent:
      - AZURECLI/2.36.0 azsdk-python-mgmt-dataprotection/1.0.0b1 Python/3.8.5 (Windows-10-10.0.22000-SP0)
    method: PUT
    uri: https://management.azure.com/subscriptions/00000000-0000-0000-0000-000000000000/resourceGroups/oss-clitest-rg/providers/Microsoft.DataProtection/backupVaults/oss-clitest-vault/backupInstances/oss-clitest-server-postgres-faec6818-0720-11ec-bd1b-c8f750f92764?api-version=2022-04-01
  response:
    body:
      string: '{"properties":{"friendlyName":"oss-clitest-server\\postgres","dataSourceInfo":{"resourceID":"/subscriptions/00000000-0000-0000-0000-000000000000/resourceGroups/oss-clitest-rg/providers/Microsoft.DBforPostgreSQL/servers/oss-clitest-server/databases/postgres","resourceUri":"","datasourceType":"Microsoft.DBforPostgreSQL/servers/databases","resourceName":"postgres","resourceType":"Microsoft.DBforPostgreSQL/servers/databases","resourceLocation":"centraluseuap","objectType":"Datasource"},"dataSourceSetInfo":{"resourceID":"/subscriptions/00000000-0000-0000-0000-000000000000/resourceGroups/oss-clitest-rg/providers/Microsoft.DBforPostgreSQL/servers/oss-clitest-server","resourceUri":"","datasourceType":"Microsoft.DBforPostgreSQL/servers/databases","resourceName":"oss-clitest-server","resourceType":"Microsoft.DBforPostgreSQL/servers","resourceLocation":"centraluseuap","objectType":"DatasourceSet"},"policyInfo":{"policyId":"/subscriptions/00000000-0000-0000-0000-000000000000/resourceGroups/oss-clitest-rg/providers/Microsoft.DataProtection/backupVaults/oss-clitest-vault/backupPolicies/oss-clitest-policy"},"protectionStatus":{"status":"ConfiguringProtection"},"currentProtectionState":"ConfiguringProtection","provisioningState":"Provisioning","datasourceAuthCredentials":{"objectType":"SecretStoreBasedAuthCredentials","secretStoreResource":{"uri":"https://oss-clitest-keyvault.vault.azure.net/secrets/oss-clitest-secret","secretStoreType":"AzureKeyVault","value":null}},"objectType":"BackupInstance"},"id":"/subscriptions/00000000-0000-0000-0000-000000000000/resourceGroups/oss-clitest-rg/providers/Microsoft.DataProtection/backupVaults/oss-clitest-vault/backupInstances/oss-clitest-server-postgres-faec6818-0720-11ec-bd1b-c8f750f92764","name":"oss-clitest-server-postgres-faec6818-0720-11ec-bd1b-c8f750f92764","type":"Microsoft.DataProtection/backupVaults/backupInstances"}'
    headers:
      azure-asyncoperation:
      - https://management.azure.com/subscriptions/00000000-0000-0000-0000-000000000000/resourceGroups/oss-clitest-rg/providers/Microsoft.DataProtection/backupVaults/oss-clitest-vault/operationStatus/NTc5ZTVjYzItYTNmMC00OTM1LWFhN2QtOWQwNmE5NGVmMzE3O2QzY2QyZWNhLWZjM2QtNDFmYS1hZDVhLTFkODJkNWYxZDQ1OA==?api-version=2022-04-01
      cache-control:
      - no-cache
      content-length:
      - '1880'
      content-type:
      - application/json
      date:
      - Tue, 24 May 2022 13:40:12 GMT
      expires:
      - '-1'
      pragma:
      - no-cache
      server:
      - Microsoft-IIS/10.0
      strict-transport-security:
      - max-age=31536000; includeSubDomains
      x-content-type-options:
      - nosniff
      x-ms-ratelimit-remaining-subscription-writes:
      - '1199'
      x-powered-by:
      - ASP.NET
    status:
      code: 201
      message: Created
- request:
    body: null
    headers:
      Accept:
      - '*/*'
      Accept-Encoding:
      - gzip, deflate
      CommandName:
      - dataprotection backup-instance create
      Connection:
      - keep-alive
      ParameterSetName:
      - -g --vault-name --backup-instance
      User-Agent:
      - AZURECLI/2.36.0 azsdk-python-mgmt-dataprotection/1.0.0b1 Python/3.8.5 (Windows-10-10.0.22000-SP0)
    method: GET
    uri: https://management.azure.com/subscriptions/00000000-0000-0000-0000-000000000000/resourceGroups/oss-clitest-rg/providers/Microsoft.DataProtection/backupVaults/oss-clitest-vault/operationStatus/NTc5ZTVjYzItYTNmMC00OTM1LWFhN2QtOWQwNmE5NGVmMzE3O2QzY2QyZWNhLWZjM2QtNDFmYS1hZDVhLTFkODJkNWYxZDQ1OA==?api-version=2022-04-01
  response:
    body:
      string: '{"id":"/subscriptions/00000000-0000-0000-0000-000000000000/resourceGroups/oss-clitest-rg/providers/Microsoft.DataProtection/backupVaults/oss-clitest-vault/operationStatus/NTc5ZTVjYzItYTNmMC00OTM1LWFhN2QtOWQwNmE5NGVmMzE3O2QzY2QyZWNhLWZjM2QtNDFmYS1hZDVhLTFkODJkNWYxZDQ1OA==","name":"NTc5ZTVjYzItYTNmMC00OTM1LWFhN2QtOWQwNmE5NGVmMzE3O2QzY2QyZWNhLWZjM2QtNDFmYS1hZDVhLTFkODJkNWYxZDQ1OA==","status":"Succeeded","startTime":"2022-05-24T13:40:13.0567586Z","endTime":"2022-05-24T13:40:15Z"}'
    headers:
      cache-control:
      - no-cache
      content-length:
      - '480'
      content-type:
      - application/json
      date:
      - Tue, 24 May 2022 13:40:28 GMT
      expires:
      - '-1'
      pragma:
      - no-cache
      server:
      - Microsoft-IIS/10.0
      strict-transport-security:
      - max-age=31536000; includeSubDomains
      transfer-encoding:
      - chunked
      vary:
      - Accept-Encoding
      x-content-type-options:
      - nosniff
      x-powered-by:
      - ASP.NET
    status:
      code: 200
      message: OK
- request:
    body: null
    headers:
      Accept:
      - '*/*'
      Accept-Encoding:
      - gzip, deflate
      CommandName:
      - dataprotection backup-instance create
      Connection:
      - keep-alive
      ParameterSetName:
      - -g --vault-name --backup-instance
      User-Agent:
      - AZURECLI/2.36.0 azsdk-python-mgmt-dataprotection/1.0.0b1 Python/3.8.5 (Windows-10-10.0.22000-SP0)
    method: GET
    uri: https://management.azure.com/subscriptions/00000000-0000-0000-0000-000000000000/resourceGroups/oss-clitest-rg/providers/Microsoft.DataProtection/backupVaults/oss-clitest-vault/backupInstances/oss-clitest-server-postgres-faec6818-0720-11ec-bd1b-c8f750f92764?api-version=2022-04-01
  response:
    body:
      string: '{"properties":{"friendlyName":"oss-clitest-server\\postgres","dataSourceInfo":{"resourceID":"/subscriptions/00000000-0000-0000-0000-000000000000/resourceGroups/oss-clitest-rg/providers/Microsoft.DBforPostgreSQL/servers/oss-clitest-server/databases/postgres","resourceUri":"","datasourceType":"Microsoft.DBforPostgreSQL/servers/databases","resourceName":"postgres","resourceType":"Microsoft.DBforPostgreSQL/servers/databases","resourceLocation":"centraluseuap","objectType":"Datasource"},"dataSourceSetInfo":{"resourceID":"/subscriptions/00000000-0000-0000-0000-000000000000/resourceGroups/oss-clitest-rg/providers/Microsoft.DBforPostgreSQL/servers/oss-clitest-server","resourceUri":"","datasourceType":"Microsoft.DBforPostgreSQL/servers/databases","resourceName":"oss-clitest-server","resourceType":"Microsoft.DBforPostgreSQL/servers","resourceLocation":"centraluseuap","objectType":"DatasourceSet"},"policyInfo":{"policyId":"/subscriptions/00000000-0000-0000-0000-000000000000/resourceGroups/oss-clitest-rg/providers/Microsoft.DataProtection/backupVaults/oss-clitest-vault/backupPolicies/oss-clitest-policy"},"protectionStatus":{"status":"ConfiguringProtection"},"currentProtectionState":"ConfiguringProtection","provisioningState":"Succeeded","datasourceAuthCredentials":{"objectType":"SecretStoreBasedAuthCredentials","secretStoreResource":{"uri":"https://oss-clitest-keyvault.vault.azure.net/secrets/oss-clitest-secret","secretStoreType":"AzureKeyVault","value":null}},"objectType":"BackupInstance"},"id":"/subscriptions/00000000-0000-0000-0000-000000000000/resourceGroups/oss-clitest-rg/providers/Microsoft.DataProtection/backupVaults/oss-clitest-vault/backupInstances/oss-clitest-server-postgres-faec6818-0720-11ec-bd1b-c8f750f92764","name":"oss-clitest-server-postgres-faec6818-0720-11ec-bd1b-c8f750f92764","type":"Microsoft.DataProtection/backupVaults/backupInstances"}'
    headers:
      cache-control:
      - no-cache
      content-length:
      - '1877'
      content-type:
      - application/json
      date:
      - Tue, 24 May 2022 13:40:28 GMT
      expires:
      - '-1'
      pragma:
      - no-cache
      server:
      - Microsoft-IIS/10.0
      strict-transport-security:
      - max-age=31536000; includeSubDomains
      transfer-encoding:
      - chunked
      vary:
      - Accept-Encoding
      x-content-type-options:
      - nosniff
      x-powered-by:
      - ASP.NET
    status:
      code: 200
      message: OK
- request:
    body: null
    headers:
      Accept:
      - application/json
      Accept-Encoding:
      - gzip, deflate
      CommandName:
      - dataprotection backup-instance list
      Connection:
      - keep-alive
      ParameterSetName:
      - -g --vault-name --query
      User-Agent:
      - AZURECLI/2.36.0 azsdk-python-mgmt-dataprotection/1.0.0b1 Python/3.8.5 (Windows-10-10.0.22000-SP0)
    method: GET
    uri: https://management.azure.com/subscriptions/00000000-0000-0000-0000-000000000000/resourceGroups/oss-clitest-rg/providers/Microsoft.DataProtection/backupVaults/oss-clitest-vault/backupInstances?api-version=2022-04-01
  response:
    body:
      string: '{"value":[{"properties":{"friendlyName":"oss-clitest-server\\postgres","dataSourceInfo":{"resourceID":"/subscriptions/00000000-0000-0000-0000-000000000000/resourceGroups/oss-clitest-rg/providers/Microsoft.DBforPostgreSQL/servers/oss-clitest-server/databases/postgres","resourceUri":"","datasourceType":"Microsoft.DBforPostgreSQL/servers/databases","resourceName":"postgres","resourceType":"Microsoft.DBforPostgreSQL/servers/databases","resourceLocation":"centraluseuap","objectType":"Datasource"},"dataSourceSetInfo":{"resourceID":"/subscriptions/00000000-0000-0000-0000-000000000000/resourceGroups/oss-clitest-rg/providers/Microsoft.DBforPostgreSQL/servers/oss-clitest-server","resourceUri":"","datasourceType":"Microsoft.DBforPostgreSQL/servers/databases","resourceName":"oss-clitest-server","resourceType":"Microsoft.DBforPostgreSQL/servers","resourceLocation":"centraluseuap","objectType":"DatasourceSet"},"policyInfo":{"policyId":"/subscriptions/00000000-0000-0000-0000-000000000000/resourceGroups/oss-clitest-rg/providers/Microsoft.DataProtection/backupVaults/oss-clitest-vault/backupPolicies/oss-clitest-policy"},"protectionStatus":{"status":"ProtectionConfigured"},"currentProtectionState":"ProtectionConfigured","provisioningState":"Succeeded","datasourceAuthCredentials":{"objectType":"SecretStoreBasedAuthCredentials","secretStoreResource":{"uri":"https://oss-clitest-keyvault.vault.azure.net/secrets/oss-clitest-secret","secretStoreType":"AzureKeyVault","value":null}},"objectType":"BackupInstance"},"id":"/subscriptions/00000000-0000-0000-0000-000000000000/resourceGroups/oss-clitest-rg/providers/Microsoft.DataProtection/backupVaults/oss-clitest-vault/backupInstances/oss-clitest-server-postgres-faec6818-0720-11ec-bd1b-c8f750f92764","name":"oss-clitest-server-postgres-faec6818-0720-11ec-bd1b-c8f750f92764","type":"Microsoft.DataProtection/backupVaults/backupInstances"}]}'
    headers:
      cache-control:
      - no-cache
      content-length:
      - '1887'
      content-type:
      - application/json
      date:
      - Tue, 24 May 2022 13:40:35 GMT
      expires:
      - '-1'
      pragma:
      - no-cache
      server:
      - Microsoft-IIS/10.0
      strict-transport-security:
      - max-age=31536000; includeSubDomains
      transfer-encoding:
      - chunked
      vary:
      - Accept-Encoding
      x-content-type-options:
      - nosniff
      x-powered-by:
      - ASP.NET
    status:
      code: 200
      message: OK
- request:
    body: null
    headers:
      Accept:
      - application/json
      Accept-Encoding:
      - gzip, deflate
      CommandName:
      - dataprotection backup-instance update-policy
      Connection:
      - keep-alive
      ParameterSetName:
      - -g --vault-name --backup-instance-name --policy-id --query
      User-Agent:
      - AZURECLI/2.36.0 azsdk-python-mgmt-dataprotection/1.0.0b1 Python/3.8.5 (Windows-10-10.0.22000-SP0)
    method: GET
    uri: https://management.azure.com/subscriptions/00000000-0000-0000-0000-000000000000/resourceGroups/oss-clitest-rg/providers/Microsoft.DataProtection/backupVaults/oss-clitest-vault/backupInstances/oss-clitest-server-postgres-faec6818-0720-11ec-bd1b-c8f750f92764?api-version=2022-04-01
  response:
    body:
      string: '{"properties":{"friendlyName":"oss-clitest-server\\postgres","dataSourceInfo":{"resourceID":"/subscriptions/00000000-0000-0000-0000-000000000000/resourceGroups/oss-clitest-rg/providers/Microsoft.DBforPostgreSQL/servers/oss-clitest-server/databases/postgres","resourceUri":"","datasourceType":"Microsoft.DBforPostgreSQL/servers/databases","resourceName":"postgres","resourceType":"Microsoft.DBforPostgreSQL/servers/databases","resourceLocation":"centraluseuap","objectType":"Datasource"},"dataSourceSetInfo":{"resourceID":"/subscriptions/00000000-0000-0000-0000-000000000000/resourceGroups/oss-clitest-rg/providers/Microsoft.DBforPostgreSQL/servers/oss-clitest-server","resourceUri":"","datasourceType":"Microsoft.DBforPostgreSQL/servers/databases","resourceName":"oss-clitest-server","resourceType":"Microsoft.DBforPostgreSQL/servers","resourceLocation":"centraluseuap","objectType":"DatasourceSet"},"policyInfo":{"policyId":"/subscriptions/00000000-0000-0000-0000-000000000000/resourceGroups/oss-clitest-rg/providers/Microsoft.DataProtection/backupVaults/oss-clitest-vault/backupPolicies/oss-clitest-policy"},"protectionStatus":{"status":"ProtectionConfigured"},"currentProtectionState":"ProtectionConfigured","provisioningState":"Succeeded","datasourceAuthCredentials":{"objectType":"SecretStoreBasedAuthCredentials","secretStoreResource":{"uri":"https://oss-clitest-keyvault.vault.azure.net/secrets/oss-clitest-secret","secretStoreType":"AzureKeyVault","value":null}},"objectType":"BackupInstance"},"id":"/subscriptions/00000000-0000-0000-0000-000000000000/resourceGroups/oss-clitest-rg/providers/Microsoft.DataProtection/backupVaults/oss-clitest-vault/backupInstances/oss-clitest-server-postgres-faec6818-0720-11ec-bd1b-c8f750f92764","name":"oss-clitest-server-postgres-faec6818-0720-11ec-bd1b-c8f750f92764","type":"Microsoft.DataProtection/backupVaults/backupInstances"}'
    headers:
      cache-control:
      - no-cache
      content-length:
      - '1875'
      content-type:
      - application/json
      date:
      - Tue, 24 May 2022 13:41:09 GMT
      expires:
      - '-1'
      pragma:
      - no-cache
      server:
      - Microsoft-IIS/10.0
      strict-transport-security:
      - max-age=31536000; includeSubDomains
      transfer-encoding:
      - chunked
      vary:
      - Accept-Encoding
      x-content-type-options:
      - nosniff
      x-powered-by:
      - ASP.NET
    status:
      code: 200
      message: OK
- request:
    body: '{"properties": {"friendlyName": "oss-clitest-server\\postgres", "dataSourceInfo":
      {"datasourceType": "Microsoft.DBforPostgreSQL/servers/databases", "objectType":
      "Datasource", "resourceID": "/subscriptions/00000000-0000-0000-0000-000000000000/resourceGroups/oss-clitest-rg/providers/Microsoft.DBforPostgreSQL/servers/oss-clitest-server/databases/postgres",
      "resourceLocation": "centraluseuap", "resourceName": "postgres", "resourceType":
      "Microsoft.DBforPostgreSQL/servers/databases", "resourceUri": ""}, "dataSourceSetInfo":
      {"datasourceType": "Microsoft.DBforPostgreSQL/servers/databases", "objectType":
      "DatasourceSet", "resourceID": "/subscriptions/00000000-0000-0000-0000-000000000000/resourceGroups/oss-clitest-rg/providers/Microsoft.DBforPostgreSQL/servers/oss-clitest-server",
      "resourceLocation": "centraluseuap", "resourceName": "oss-clitest-server", "resourceType":
      "Microsoft.DBforPostgreSQL/servers", "resourceUri": ""}, "policyInfo": {"policyId":
      "/subscriptions/00000000-0000-0000-0000-000000000000/resourceGroups/oss-clitest-rg/providers/Microsoft.DataProtection/backupVaults/oss-clitest-vault/backupPolicies/oss-clitest-policy2"},
      "datasourceAuthCredentials": {"objectType": "SecretStoreBasedAuthCredentials",
      "secretStoreResource": {"uri": "https://oss-clitest-keyvault.vault.azure.net/secrets/oss-clitest-secret",
      "secretStoreType": "AzureKeyVault"}}, "objectType": "BackupInstance"}}'
    headers:
      Accept:
      - application/json
      Accept-Encoding:
      - gzip, deflate
      CommandName:
      - dataprotection backup-instance update-policy
      Connection:
      - keep-alive
      Content-Length:
      - '1402'
      Content-Type:
      - application/json
      ParameterSetName:
      - -g --vault-name --backup-instance-name --policy-id --query
      User-Agent:
      - AZURECLI/2.36.0 azsdk-python-mgmt-dataprotection/1.0.0b1 Python/3.8.5 (Windows-10-10.0.22000-SP0)
    method: PUT
    uri: https://management.azure.com/subscriptions/00000000-0000-0000-0000-000000000000/resourceGroups/oss-clitest-rg/providers/Microsoft.DataProtection/backupVaults/oss-clitest-vault/backupInstances/oss-clitest-server-postgres-faec6818-0720-11ec-bd1b-c8f750f92764?api-version=2022-04-01
  response:
    body:
      string: '{"properties":{"friendlyName":"oss-clitest-server\\postgres","dataSourceInfo":{"resourceID":"/subscriptions/00000000-0000-0000-0000-000000000000/resourceGroups/oss-clitest-rg/providers/Microsoft.DBforPostgreSQL/servers/oss-clitest-server/databases/postgres","resourceUri":"","datasourceType":"Microsoft.DBforPostgreSQL/servers/databases","resourceName":"postgres","resourceType":"Microsoft.DBforPostgreSQL/servers/databases","resourceLocation":"centraluseuap","objectType":"Datasource"},"dataSourceSetInfo":{"resourceID":"/subscriptions/00000000-0000-0000-0000-000000000000/resourceGroups/oss-clitest-rg/providers/Microsoft.DBforPostgreSQL/servers/oss-clitest-server","resourceUri":"","datasourceType":"Microsoft.DBforPostgreSQL/servers/databases","resourceName":"oss-clitest-server","resourceType":"Microsoft.DBforPostgreSQL/servers","resourceLocation":"centraluseuap","objectType":"DatasourceSet"},"policyInfo":{"policyId":"/subscriptions/00000000-0000-0000-0000-000000000000/resourceGroups/oss-clitest-rg/providers/Microsoft.DataProtection/backupVaults/oss-clitest-vault/backupPolicies/oss-clitest-policy"},"protectionStatus":{"status":"UpdatingProtection"},"currentProtectionState":"UpdatingProtection","provisioningState":"Succeeded","datasourceAuthCredentials":{"objectType":"SecretStoreBasedAuthCredentials","secretStoreResource":{"uri":"https://oss-clitest-keyvault.vault.azure.net/secrets/oss-clitest-secret","secretStoreType":"AzureKeyVault","value":null}},"objectType":"BackupInstance"},"id":"/subscriptions/00000000-0000-0000-0000-000000000000/resourceGroups/oss-clitest-rg/providers/Microsoft.DataProtection/backupVaults/oss-clitest-vault/backupInstances/oss-clitest-server-postgres-faec6818-0720-11ec-bd1b-c8f750f92764","name":"oss-clitest-server-postgres-faec6818-0720-11ec-bd1b-c8f750f92764","type":"Microsoft.DataProtection/backupVaults/backupInstances"}'
    headers:
      azure-asyncoperation:
      - https://management.azure.com/subscriptions/00000000-0000-0000-0000-000000000000/resourceGroups/oss-clitest-rg/providers/Microsoft.DataProtection/backupVaults/oss-clitest-vault/operationStatus/NTc5ZTVjYzItYTNmMC00OTM1LWFhN2QtOWQwNmE5NGVmMzE3O2FmYzIzZDAzLTZmZDEtNGY5ZS04OWQwLTA1OTI5MzhiMzJjYQ==?api-version=2022-04-01
      cache-control:
      - no-cache
      content-length:
      - '1871'
      content-type:
      - application/json
      date:
      - Tue, 24 May 2022 13:41:12 GMT
      expires:
      - '-1'
      pragma:
      - no-cache
      server:
      - Microsoft-IIS/10.0
      strict-transport-security:
      - max-age=31536000; includeSubDomains
      x-content-type-options:
      - nosniff
      x-ms-ratelimit-remaining-subscription-writes:
      - '1199'
      x-powered-by:
      - ASP.NET
    status:
      code: 201
      message: Created
- request:
    body: null
    headers:
      Accept:
      - '*/*'
      Accept-Encoding:
      - gzip, deflate
      CommandName:
      - dataprotection backup-instance update-policy
      Connection:
      - keep-alive
      ParameterSetName:
      - -g --vault-name --backup-instance-name --policy-id --query
      User-Agent:
      - AZURECLI/2.36.0 azsdk-python-mgmt-dataprotection/1.0.0b1 Python/3.8.5 (Windows-10-10.0.22000-SP0)
    method: GET
    uri: https://management.azure.com/subscriptions/00000000-0000-0000-0000-000000000000/resourceGroups/oss-clitest-rg/providers/Microsoft.DataProtection/backupVaults/oss-clitest-vault/operationStatus/NTc5ZTVjYzItYTNmMC00OTM1LWFhN2QtOWQwNmE5NGVmMzE3O2FmYzIzZDAzLTZmZDEtNGY5ZS04OWQwLTA1OTI5MzhiMzJjYQ==?api-version=2022-04-01
  response:
    body:
      string: '{"id":"/subscriptions/00000000-0000-0000-0000-000000000000/resourceGroups/oss-clitest-rg/providers/Microsoft.DataProtection/backupVaults/oss-clitest-vault/operationStatus/NTc5ZTVjYzItYTNmMC00OTM1LWFhN2QtOWQwNmE5NGVmMzE3O2FmYzIzZDAzLTZmZDEtNGY5ZS04OWQwLTA1OTI5MzhiMzJjYQ==","name":"NTc5ZTVjYzItYTNmMC00OTM1LWFhN2QtOWQwNmE5NGVmMzE3O2FmYzIzZDAzLTZmZDEtNGY5ZS04OWQwLTA1OTI5MzhiMzJjYQ==","status":"Succeeded","startTime":"2022-05-24T13:41:12.9811754Z","endTime":"2022-05-24T13:41:13Z"}'
    headers:
      cache-control:
      - no-cache
      content-length:
      - '480'
      content-type:
      - application/json
      date:
      - Tue, 24 May 2022 13:41:28 GMT
      expires:
      - '-1'
      pragma:
      - no-cache
      server:
      - Microsoft-IIS/10.0
      strict-transport-security:
      - max-age=31536000; includeSubDomains
      transfer-encoding:
      - chunked
      vary:
      - Accept-Encoding
      x-content-type-options:
      - nosniff
      x-powered-by:
      - ASP.NET
    status:
      code: 200
      message: OK
- request:
    body: null
    headers:
      Accept:
      - '*/*'
      Accept-Encoding:
      - gzip, deflate
      CommandName:
      - dataprotection backup-instance update-policy
      Connection:
      - keep-alive
      ParameterSetName:
      - -g --vault-name --backup-instance-name --policy-id --query
      User-Agent:
      - AZURECLI/2.36.0 azsdk-python-mgmt-dataprotection/1.0.0b1 Python/3.8.5 (Windows-10-10.0.22000-SP0)
    method: GET
    uri: https://management.azure.com/subscriptions/00000000-0000-0000-0000-000000000000/resourceGroups/oss-clitest-rg/providers/Microsoft.DataProtection/backupVaults/oss-clitest-vault/backupInstances/oss-clitest-server-postgres-faec6818-0720-11ec-bd1b-c8f750f92764?api-version=2022-04-01
  response:
    body:
      string: '{"properties":{"friendlyName":"oss-clitest-server\\postgres","dataSourceInfo":{"resourceID":"/subscriptions/00000000-0000-0000-0000-000000000000/resourceGroups/oss-clitest-rg/providers/Microsoft.DBforPostgreSQL/servers/oss-clitest-server/databases/postgres","resourceUri":"","datasourceType":"Microsoft.DBforPostgreSQL/servers/databases","resourceName":"postgres","resourceType":"Microsoft.DBforPostgreSQL/servers/databases","resourceLocation":"centraluseuap","objectType":"Datasource"},"dataSourceSetInfo":{"resourceID":"/subscriptions/00000000-0000-0000-0000-000000000000/resourceGroups/oss-clitest-rg/providers/Microsoft.DBforPostgreSQL/servers/oss-clitest-server","resourceUri":"","datasourceType":"Microsoft.DBforPostgreSQL/servers/databases","resourceName":"oss-clitest-server","resourceType":"Microsoft.DBforPostgreSQL/servers","resourceLocation":"centraluseuap","objectType":"DatasourceSet"},"policyInfo":{"policyId":"/subscriptions/00000000-0000-0000-0000-000000000000/resourceGroups/oss-clitest-rg/providers/Microsoft.DataProtection/backupVaults/oss-clitest-vault/backupPolicies/oss-clitest-policy2"},"protectionStatus":{"status":"UpdatingProtection"},"currentProtectionState":"UpdatingProtection","provisioningState":"Succeeded","datasourceAuthCredentials":{"objectType":"SecretStoreBasedAuthCredentials","secretStoreResource":{"uri":"https://oss-clitest-keyvault.vault.azure.net/secrets/oss-clitest-secret","secretStoreType":"AzureKeyVault","value":null}},"objectType":"BackupInstance"},"id":"/subscriptions/00000000-0000-0000-0000-000000000000/resourceGroups/oss-clitest-rg/providers/Microsoft.DataProtection/backupVaults/oss-clitest-vault/backupInstances/oss-clitest-server-postgres-faec6818-0720-11ec-bd1b-c8f750f92764","name":"oss-clitest-server-postgres-faec6818-0720-11ec-bd1b-c8f750f92764","type":"Microsoft.DataProtection/backupVaults/backupInstances"}'
    headers:
      cache-control:
      - no-cache
      content-length:
      - '1872'
      content-type:
      - application/json
      date:
      - Tue, 24 May 2022 13:41:28 GMT
      expires:
      - '-1'
      pragma:
      - no-cache
      server:
      - Microsoft-IIS/10.0
      strict-transport-security:
      - max-age=31536000; includeSubDomains
      transfer-encoding:
      - chunked
      vary:
      - Accept-Encoding
      x-content-type-options:
      - nosniff
      x-powered-by:
      - ASP.NET
    status:
      code: 200
      message: OK
- request:
    body: null
    headers:
      Accept:
      - application/json
      Accept-Encoding:
      - gzip, deflate
      CommandName:
      - dataprotection backup-instance list
      Connection:
      - keep-alive
      ParameterSetName:
      - -g --vault-name --query
      User-Agent:
      - AZURECLI/2.36.0 azsdk-python-mgmt-dataprotection/1.0.0b1 Python/3.8.5 (Windows-10-10.0.22000-SP0)
    method: GET
    uri: https://management.azure.com/subscriptions/00000000-0000-0000-0000-000000000000/resourceGroups/oss-clitest-rg/providers/Microsoft.DataProtection/backupVaults/oss-clitest-vault/backupInstances?api-version=2022-04-01
  response:
    body:
      string: '{"value":[{"properties":{"friendlyName":"oss-clitest-server\\postgres","dataSourceInfo":{"resourceID":"/subscriptions/00000000-0000-0000-0000-000000000000/resourceGroups/oss-clitest-rg/providers/Microsoft.DBforPostgreSQL/servers/oss-clitest-server/databases/postgres","resourceUri":"","datasourceType":"Microsoft.DBforPostgreSQL/servers/databases","resourceName":"postgres","resourceType":"Microsoft.DBforPostgreSQL/servers/databases","resourceLocation":"centraluseuap","objectType":"Datasource"},"dataSourceSetInfo":{"resourceID":"/subscriptions/00000000-0000-0000-0000-000000000000/resourceGroups/oss-clitest-rg/providers/Microsoft.DBforPostgreSQL/servers/oss-clitest-server","resourceUri":"","datasourceType":"Microsoft.DBforPostgreSQL/servers/databases","resourceName":"oss-clitest-server","resourceType":"Microsoft.DBforPostgreSQL/servers","resourceLocation":"centraluseuap","objectType":"DatasourceSet"},"policyInfo":{"policyId":"/subscriptions/00000000-0000-0000-0000-000000000000/resourceGroups/oss-clitest-rg/providers/Microsoft.DataProtection/backupVaults/oss-clitest-vault/backupPolicies/oss-clitest-policy2"},"protectionStatus":{"status":"UpdatingProtection"},"currentProtectionState":"UpdatingProtection","provisioningState":"Succeeded","datasourceAuthCredentials":{"objectType":"SecretStoreBasedAuthCredentials","secretStoreResource":{"uri":"https://oss-clitest-keyvault.vault.azure.net/secrets/oss-clitest-secret","secretStoreType":"AzureKeyVault","value":null}},"objectType":"BackupInstance"},"id":"/subscriptions/00000000-0000-0000-0000-000000000000/resourceGroups/oss-clitest-rg/providers/Microsoft.DataProtection/backupVaults/oss-clitest-vault/backupInstances/oss-clitest-server-postgres-faec6818-0720-11ec-bd1b-c8f750f92764","name":"oss-clitest-server-postgres-faec6818-0720-11ec-bd1b-c8f750f92764","type":"Microsoft.DataProtection/backupVaults/backupInstances"}]}'
    headers:
      cache-control:
      - no-cache
      content-length:
      - '1884'
      content-type:
      - application/json
      date:
      - Tue, 24 May 2022 13:41:43 GMT
      expires:
      - '-1'
      pragma:
      - no-cache
      server:
      - Microsoft-IIS/10.0
      strict-transport-security:
      - max-age=31536000; includeSubDomains
      transfer-encoding:
      - chunked
      vary:
      - Accept-Encoding
      x-content-type-options:
      - nosniff
      x-powered-by:
      - ASP.NET
    status:
      code: 200
      message: OK
- request:
    body: null
    headers:
      Accept:
      - application/json
      Accept-Encoding:
      - gzip, deflate
      CommandName:
      - dataprotection backup-instance list
      Connection:
      - keep-alive
      ParameterSetName:
      - -g --vault-name --query
      User-Agent:
      - AZURECLI/2.36.0 azsdk-python-mgmt-dataprotection/1.0.0b1 Python/3.8.5 (Windows-10-10.0.22000-SP0)
    method: GET
    uri: https://management.azure.com/subscriptions/00000000-0000-0000-0000-000000000000/resourceGroups/oss-clitest-rg/providers/Microsoft.DataProtection/backupVaults/oss-clitest-vault/backupInstances?api-version=2022-04-01
  response:
    body:
      string: '{"value":[{"properties":{"friendlyName":"oss-clitest-server\\postgres","dataSourceInfo":{"resourceID":"/subscriptions/00000000-0000-0000-0000-000000000000/resourceGroups/oss-clitest-rg/providers/Microsoft.DBforPostgreSQL/servers/oss-clitest-server/databases/postgres","resourceUri":"","datasourceType":"Microsoft.DBforPostgreSQL/servers/databases","resourceName":"postgres","resourceType":"Microsoft.DBforPostgreSQL/servers/databases","resourceLocation":"centraluseuap","objectType":"Datasource"},"dataSourceSetInfo":{"resourceID":"/subscriptions/00000000-0000-0000-0000-000000000000/resourceGroups/oss-clitest-rg/providers/Microsoft.DBforPostgreSQL/servers/oss-clitest-server","resourceUri":"","datasourceType":"Microsoft.DBforPostgreSQL/servers/databases","resourceName":"oss-clitest-server","resourceType":"Microsoft.DBforPostgreSQL/servers","resourceLocation":"centraluseuap","objectType":"DatasourceSet"},"policyInfo":{"policyId":"/subscriptions/00000000-0000-0000-0000-000000000000/resourceGroups/oss-clitest-rg/providers/Microsoft.DataProtection/backupVaults/oss-clitest-vault/backupPolicies/oss-clitest-policy2"},"protectionStatus":{"status":"ProtectionConfigured"},"currentProtectionState":"ProtectionConfigured","provisioningState":"Succeeded","datasourceAuthCredentials":{"objectType":"SecretStoreBasedAuthCredentials","secretStoreResource":{"uri":"https://oss-clitest-keyvault.vault.azure.net/secrets/oss-clitest-secret","secretStoreType":"AzureKeyVault","value":null}},"objectType":"BackupInstance"},"id":"/subscriptions/00000000-0000-0000-0000-000000000000/resourceGroups/oss-clitest-rg/providers/Microsoft.DataProtection/backupVaults/oss-clitest-vault/backupInstances/oss-clitest-server-postgres-faec6818-0720-11ec-bd1b-c8f750f92764","name":"oss-clitest-server-postgres-faec6818-0720-11ec-bd1b-c8f750f92764","type":"Microsoft.DataProtection/backupVaults/backupInstances"}]}'
    headers:
      cache-control:
      - no-cache
      content-length:
      - '1888'
      content-type:
      - application/json
      date:
      - Tue, 24 May 2022 13:41:59 GMT
      expires:
      - '-1'
      pragma:
      - no-cache
      server:
      - Microsoft-IIS/10.0
      strict-transport-security:
      - max-age=31536000; includeSubDomains
      transfer-encoding:
      - chunked
      vary:
      - Accept-Encoding
      x-content-type-options:
      - nosniff
      x-powered-by:
      - ASP.NET
    status:
      code: 200
      message: OK
- request:
    body: null
    headers:
      Accept:
      - application/json
      Accept-Encoding:
      - gzip, deflate
      CommandName:
      - dataprotection backup-instance stop-protection
      Connection:
      - keep-alive
      Content-Length:
      - '0'
      ParameterSetName:
      - -n -g --vault-name
      User-Agent:
      - AZURECLI/2.36.0 azsdk-python-mgmt-dataprotection/1.0.0b1 Python/3.8.5 (Windows-10-10.0.22000-SP0)
    method: POST
    uri: https://management.azure.com/subscriptions/00000000-0000-0000-0000-000000000000/resourceGroups/oss-clitest-rg/providers/Microsoft.DataProtection/backupVaults/oss-clitest-vault/backupInstances/oss-clitest-server-postgres-faec6818-0720-11ec-bd1b-c8f750f92764/stopProtection?api-version=2022-04-01
  response:
    body:
      string: ''
    headers:
      azure-asyncoperation:
      - https://management.azure.com/subscriptions/00000000-0000-0000-0000-000000000000/resourceGroups/oss-clitest-rg/providers/Microsoft.DataProtection/backupVaults/oss-clitest-vault/operationStatus/NTc5ZTVjYzItYTNmMC00OTM1LWFhN2QtOWQwNmE5NGVmMzE3O2U3ZDRjZTEzLTkxNjktNGE2ZS04ODU1LWJkNzE2ZmM1M2Q4NQ==?api-version=2022-04-01
      cache-control:
      - no-cache
      content-length:
      - '0'
      date:
      - Tue, 24 May 2022 13:42:34 GMT
      expires:
      - '-1'
      location:
      - https://management.azure.com/subscriptions/00000000-0000-0000-0000-000000000000/providers/Microsoft.DataProtection/locations/centraluseuap/operationResults/NTc5ZTVjYzItYTNmMC00OTM1LWFhN2QtOWQwNmE5NGVmMzE3O2U3ZDRjZTEzLTkxNjktNGE2ZS04ODU1LWJkNzE2ZmM1M2Q4NQ==?api-version=2022-04-01
      pragma:
      - no-cache
      strict-transport-security:
      - max-age=31536000; includeSubDomains
      x-content-type-options:
      - nosniff
      x-ms-ratelimit-remaining-subscription-writes:
      - '1199'
      x-powered-by:
      - ASP.NET
    status:
      code: 202
      message: Accepted
- request:
    body: null
    headers:
      Accept:
      - '*/*'
      Accept-Encoding:
      - gzip, deflate
      CommandName:
      - dataprotection backup-instance stop-protection
      Connection:
      - keep-alive
      ParameterSetName:
      - -n -g --vault-name
      User-Agent:
      - AZURECLI/2.36.0 azsdk-python-mgmt-dataprotection/1.0.0b1 Python/3.8.5 (Windows-10-10.0.22000-SP0)
    method: GET
    uri: https://management.azure.com/subscriptions/00000000-0000-0000-0000-000000000000/resourceGroups/oss-clitest-rg/providers/Microsoft.DataProtection/backupVaults/oss-clitest-vault/operationStatus/NTc5ZTVjYzItYTNmMC00OTM1LWFhN2QtOWQwNmE5NGVmMzE3O2U3ZDRjZTEzLTkxNjktNGE2ZS04ODU1LWJkNzE2ZmM1M2Q4NQ==?api-version=2022-04-01
  response:
    body:
      string: '{"id":"/subscriptions/00000000-0000-0000-0000-000000000000/resourceGroups/oss-clitest-rg/providers/Microsoft.DataProtection/backupVaults/oss-clitest-vault/operationStatus/NTc5ZTVjYzItYTNmMC00OTM1LWFhN2QtOWQwNmE5NGVmMzE3O2U3ZDRjZTEzLTkxNjktNGE2ZS04ODU1LWJkNzE2ZmM1M2Q4NQ==","name":"NTc5ZTVjYzItYTNmMC00OTM1LWFhN2QtOWQwNmE5NGVmMzE3O2U3ZDRjZTEzLTkxNjktNGE2ZS04ODU1LWJkNzE2ZmM1M2Q4NQ==","status":"Succeeded","startTime":"2022-05-24T13:42:34.9701927Z","endTime":"2022-05-24T13:42:48Z"}'
    headers:
      cache-control:
      - no-cache
      content-length:
      - '480'
      content-type:
      - application/json
      date:
      - Tue, 24 May 2022 13:42:52 GMT
      expires:
      - '-1'
      pragma:
      - no-cache
      server:
      - Microsoft-IIS/10.0
      strict-transport-security:
      - max-age=31536000; includeSubDomains
      transfer-encoding:
      - chunked
      vary:
      - Accept-Encoding
      x-content-type-options:
      - nosniff
      x-powered-by:
      - ASP.NET
    status:
      code: 200
      message: OK
- request:
    body: null
    headers:
      Accept:
      - '*/*'
      Accept-Encoding:
      - gzip, deflate
      CommandName:
      - dataprotection backup-instance stop-protection
      Connection:
      - keep-alive
      ParameterSetName:
      - -n -g --vault-name
      User-Agent:
      - AZURECLI/2.36.0 azsdk-python-mgmt-dataprotection/1.0.0b1 Python/3.8.5 (Windows-10-10.0.22000-SP0)
    method: GET
    uri: https://management.azure.com/subscriptions/00000000-0000-0000-0000-000000000000/providers/Microsoft.DataProtection/locations/centraluseuap/operationResults/NTc5ZTVjYzItYTNmMC00OTM1LWFhN2QtOWQwNmE5NGVmMzE3O2U3ZDRjZTEzLTkxNjktNGE2ZS04ODU1LWJkNzE2ZmM1M2Q4NQ==?api-version=2022-04-01
  response:
    body:
      string: '{"objectType":"OperationJobExtendedInfo"}'
    headers:
      azure-asyncoperation:
      - https://management.azure.com/subscriptions/00000000-0000-0000-0000-000000000000/providers/Microsoft.DataProtection/locations/centraluseuap/operationStatus/NTc5ZTVjYzItYTNmMC00OTM1LWFhN2QtOWQwNmE5NGVmMzE3O2U3ZDRjZTEzLTkxNjktNGE2ZS04ODU1LWJkNzE2ZmM1M2Q4NQ==?api-version=2022-04-01
      cache-control:
      - no-cache
      content-length:
      - '41'
      content-type:
      - application/json
      date:
      - Tue, 24 May 2022 13:42:52 GMT
      expires:
      - '-1'
      pragma:
      - no-cache
      server:
      - Microsoft-IIS/10.0
      strict-transport-security:
      - max-age=31536000; includeSubDomains
      transfer-encoding:
      - chunked
      vary:
      - Accept-Encoding
      x-content-type-options:
      - nosniff
      x-powered-by:
      - ASP.NET
    status:
      code: 200
      message: OK
- request:
    body: null
    headers:
      Accept:
      - application/json
      Accept-Encoding:
      - gzip, deflate
      CommandName:
      - dataprotection backup-instance show
      Connection:
      - keep-alive
      ParameterSetName:
      - -n -g --vault-name
      User-Agent:
      - AZURECLI/2.36.0 azsdk-python-mgmt-dataprotection/1.0.0b1 Python/3.8.5 (Windows-10-10.0.22000-SP0)
    method: GET
    uri: https://management.azure.com/subscriptions/00000000-0000-0000-0000-000000000000/resourceGroups/oss-clitest-rg/providers/Microsoft.DataProtection/backupVaults/oss-clitest-vault/backupInstances/oss-clitest-server-postgres-faec6818-0720-11ec-bd1b-c8f750f92764?api-version=2022-04-01
  response:
    body:
      string: '{"properties":{"friendlyName":"oss-clitest-server\\postgres","dataSourceInfo":{"resourceID":"/subscriptions/00000000-0000-0000-0000-000000000000/resourceGroups/oss-clitest-rg/providers/Microsoft.DBforPostgreSQL/servers/oss-clitest-server/databases/postgres","resourceUri":"","datasourceType":"Microsoft.DBforPostgreSQL/servers/databases","resourceName":"postgres","resourceType":"Microsoft.DBforPostgreSQL/servers/databases","resourceLocation":"centraluseuap","objectType":"Datasource"},"dataSourceSetInfo":{"resourceID":"/subscriptions/00000000-0000-0000-0000-000000000000/resourceGroups/oss-clitest-rg/providers/Microsoft.DBforPostgreSQL/servers/oss-clitest-server","resourceUri":"","datasourceType":"Microsoft.DBforPostgreSQL/servers/databases","resourceName":"oss-clitest-server","resourceType":"Microsoft.DBforPostgreSQL/servers","resourceLocation":"centraluseuap","objectType":"DatasourceSet"},"policyInfo":{"policyId":"/subscriptions/00000000-0000-0000-0000-000000000000/resourceGroups/oss-clitest-rg/providers/Microsoft.DataProtection/backupVaults/oss-clitest-vault/backupPolicies/oss-clitest-policy2"},"protectionStatus":{"status":"ProtectionStopped"},"currentProtectionState":"ProtectionStopped","provisioningState":"Succeeded","datasourceAuthCredentials":{"objectType":"SecretStoreBasedAuthCredentials","secretStoreResource":{"uri":"https://oss-clitest-keyvault.vault.azure.net/secrets/oss-clitest-secret","secretStoreType":"AzureKeyVault","value":null}},"objectType":"BackupInstance"},"id":"/subscriptions/00000000-0000-0000-0000-000000000000/resourceGroups/oss-clitest-rg/providers/Microsoft.DataProtection/backupVaults/oss-clitest-vault/backupInstances/oss-clitest-server-postgres-faec6818-0720-11ec-bd1b-c8f750f92764","name":"oss-clitest-server-postgres-faec6818-0720-11ec-bd1b-c8f750f92764","type":"Microsoft.DataProtection/backupVaults/backupInstances"}'
    headers:
      cache-control:
      - no-cache
      content-length:
      - '1870'
      content-type:
      - application/json
      date:
      - Tue, 24 May 2022 13:42:53 GMT
      expires:
      - '-1'
      pragma:
      - no-cache
      server:
      - Microsoft-IIS/10.0
      strict-transport-security:
      - max-age=31536000; includeSubDomains
      transfer-encoding:
      - chunked
      vary:
      - Accept-Encoding
      x-content-type-options:
      - nosniff
      x-powered-by:
      - ASP.NET
    status:
      code: 200
      message: OK
- request:
    body: null
    headers:
      Accept:
      - application/json
      Accept-Encoding:
      - gzip, deflate
      CommandName:
      - dataprotection backup-instance resume-protection
      Connection:
      - keep-alive
      Content-Length:
      - '0'
      ParameterSetName:
      - -n -g --vault-name
      User-Agent:
      - AZURECLI/2.36.0 azsdk-python-mgmt-dataprotection/1.0.0b1 Python/3.8.5 (Windows-10-10.0.22000-SP0)
    method: POST
    uri: https://management.azure.com/subscriptions/00000000-0000-0000-0000-000000000000/resourceGroups/oss-clitest-rg/providers/Microsoft.DataProtection/backupVaults/oss-clitest-vault/backupInstances/oss-clitest-server-postgres-faec6818-0720-11ec-bd1b-c8f750f92764/resumeProtection?api-version=2022-04-01
  response:
    body:
      string: ''
    headers:
      azure-asyncoperation:
      - https://management.azure.com/subscriptions/00000000-0000-0000-0000-000000000000/resourceGroups/oss-clitest-rg/providers/Microsoft.DataProtection/backupVaults/oss-clitest-vault/operationStatus/NTc5ZTVjYzItYTNmMC00OTM1LWFhN2QtOWQwNmE5NGVmMzE3O2MxNGI1ZmY5LTU3YTctNGEyZS1hZGFlLTJmNTVmOGU5ZjRlNQ==?api-version=2022-04-01
      cache-control:
      - no-cache
      content-length:
      - '0'
      date:
      - Tue, 24 May 2022 13:42:58 GMT
      expires:
      - '-1'
      location:
      - https://management.azure.com/subscriptions/00000000-0000-0000-0000-000000000000/providers/Microsoft.DataProtection/locations/centraluseuap/operationResults/NTc5ZTVjYzItYTNmMC00OTM1LWFhN2QtOWQwNmE5NGVmMzE3O2MxNGI1ZmY5LTU3YTctNGEyZS1hZGFlLTJmNTVmOGU5ZjRlNQ==?api-version=2022-04-01
      pragma:
      - no-cache
      strict-transport-security:
      - max-age=31536000; includeSubDomains
      x-content-type-options:
      - nosniff
      x-ms-ratelimit-remaining-subscription-writes:
      - '1199'
      x-powered-by:
      - ASP.NET
    status:
      code: 202
      message: Accepted
- request:
    body: null
    headers:
      Accept:
      - '*/*'
      Accept-Encoding:
      - gzip, deflate
      CommandName:
      - dataprotection backup-instance resume-protection
      Connection:
      - keep-alive
      ParameterSetName:
      - -n -g --vault-name
      User-Agent:
      - AZURECLI/2.36.0 azsdk-python-mgmt-dataprotection/1.0.0b1 Python/3.8.5 (Windows-10-10.0.22000-SP0)
    method: GET
    uri: https://management.azure.com/subscriptions/00000000-0000-0000-0000-000000000000/resourceGroups/oss-clitest-rg/providers/Microsoft.DataProtection/backupVaults/oss-clitest-vault/operationStatus/NTc5ZTVjYzItYTNmMC00OTM1LWFhN2QtOWQwNmE5NGVmMzE3O2MxNGI1ZmY5LTU3YTctNGEyZS1hZGFlLTJmNTVmOGU5ZjRlNQ==?api-version=2022-04-01
  response:
    body:
      string: '{"id":"/subscriptions/00000000-0000-0000-0000-000000000000/resourceGroups/oss-clitest-rg/providers/Microsoft.DataProtection/backupVaults/oss-clitest-vault/operationStatus/NTc5ZTVjYzItYTNmMC00OTM1LWFhN2QtOWQwNmE5NGVmMzE3O2MxNGI1ZmY5LTU3YTctNGEyZS1hZGFlLTJmNTVmOGU5ZjRlNQ==","name":"NTc5ZTVjYzItYTNmMC00OTM1LWFhN2QtOWQwNmE5NGVmMzE3O2MxNGI1ZmY5LTU3YTctNGEyZS1hZGFlLTJmNTVmOGU5ZjRlNQ==","status":"Succeeded","startTime":"2022-05-24T13:42:59.0205425Z","endTime":"2022-05-24T13:43:12Z"}'
    headers:
      cache-control:
      - no-cache
      content-length:
      - '480'
      content-type:
      - application/json
      date:
      - Tue, 24 May 2022 13:43:15 GMT
      expires:
      - '-1'
      pragma:
      - no-cache
      server:
      - Microsoft-IIS/10.0
      strict-transport-security:
      - max-age=31536000; includeSubDomains
      transfer-encoding:
      - chunked
      vary:
      - Accept-Encoding
      x-content-type-options:
      - nosniff
      x-powered-by:
      - ASP.NET
    status:
      code: 200
      message: OK
- request:
    body: null
    headers:
      Accept:
      - '*/*'
      Accept-Encoding:
      - gzip, deflate
      CommandName:
      - dataprotection backup-instance resume-protection
      Connection:
      - keep-alive
      ParameterSetName:
      - -n -g --vault-name
      User-Agent:
      - AZURECLI/2.36.0 azsdk-python-mgmt-dataprotection/1.0.0b1 Python/3.8.5 (Windows-10-10.0.22000-SP0)
    method: GET
    uri: https://management.azure.com/subscriptions/00000000-0000-0000-0000-000000000000/providers/Microsoft.DataProtection/locations/centraluseuap/operationResults/NTc5ZTVjYzItYTNmMC00OTM1LWFhN2QtOWQwNmE5NGVmMzE3O2MxNGI1ZmY5LTU3YTctNGEyZS1hZGFlLTJmNTVmOGU5ZjRlNQ==?api-version=2022-04-01
  response:
    body:
      string: '{"objectType":"OperationJobExtendedInfo"}'
    headers:
      azure-asyncoperation:
      - https://management.azure.com/subscriptions/00000000-0000-0000-0000-000000000000/providers/Microsoft.DataProtection/locations/centraluseuap/operationStatus/NTc5ZTVjYzItYTNmMC00OTM1LWFhN2QtOWQwNmE5NGVmMzE3O2MxNGI1ZmY5LTU3YTctNGEyZS1hZGFlLTJmNTVmOGU5ZjRlNQ==?api-version=2022-04-01
      cache-control:
      - no-cache
      content-length:
      - '41'
      content-type:
      - application/json
      date:
      - Tue, 24 May 2022 13:43:15 GMT
      expires:
      - '-1'
      pragma:
      - no-cache
      server:
      - Microsoft-IIS/10.0
      strict-transport-security:
      - max-age=31536000; includeSubDomains
      transfer-encoding:
      - chunked
      vary:
      - Accept-Encoding
      x-content-type-options:
      - nosniff
      x-powered-by:
      - ASP.NET
    status:
      code: 200
      message: OK
- request:
    body: null
    headers:
      Accept:
      - application/json
      Accept-Encoding:
      - gzip, deflate
      CommandName:
      - dataprotection backup-instance show
      Connection:
      - keep-alive
      ParameterSetName:
      - -n -g --vault-name
      User-Agent:
      - AZURECLI/2.36.0 azsdk-python-mgmt-dataprotection/1.0.0b1 Python/3.8.5 (Windows-10-10.0.22000-SP0)
    method: GET
    uri: https://management.azure.com/subscriptions/00000000-0000-0000-0000-000000000000/resourceGroups/oss-clitest-rg/providers/Microsoft.DataProtection/backupVaults/oss-clitest-vault/backupInstances/oss-clitest-server-postgres-faec6818-0720-11ec-bd1b-c8f750f92764?api-version=2022-04-01
  response:
    body:
      string: '{"properties":{"friendlyName":"oss-clitest-server\\postgres","dataSourceInfo":{"resourceID":"/subscriptions/00000000-0000-0000-0000-000000000000/resourceGroups/oss-clitest-rg/providers/Microsoft.DBforPostgreSQL/servers/oss-clitest-server/databases/postgres","resourceUri":"","datasourceType":"Microsoft.DBforPostgreSQL/servers/databases","resourceName":"postgres","resourceType":"Microsoft.DBforPostgreSQL/servers/databases","resourceLocation":"centraluseuap","objectType":"Datasource"},"dataSourceSetInfo":{"resourceID":"/subscriptions/00000000-0000-0000-0000-000000000000/resourceGroups/oss-clitest-rg/providers/Microsoft.DBforPostgreSQL/servers/oss-clitest-server","resourceUri":"","datasourceType":"Microsoft.DBforPostgreSQL/servers/databases","resourceName":"oss-clitest-server","resourceType":"Microsoft.DBforPostgreSQL/servers","resourceLocation":"centraluseuap","objectType":"DatasourceSet"},"policyInfo":{"policyId":"/subscriptions/00000000-0000-0000-0000-000000000000/resourceGroups/oss-clitest-rg/providers/Microsoft.DataProtection/backupVaults/oss-clitest-vault/backupPolicies/oss-clitest-policy2"},"protectionStatus":{"status":"ProtectionConfigured"},"currentProtectionState":"ProtectionConfigured","provisioningState":"Succeeded","datasourceAuthCredentials":{"objectType":"SecretStoreBasedAuthCredentials","secretStoreResource":{"uri":"https://oss-clitest-keyvault.vault.azure.net/secrets/oss-clitest-secret","secretStoreType":"AzureKeyVault","value":null}},"objectType":"BackupInstance"},"id":"/subscriptions/00000000-0000-0000-0000-000000000000/resourceGroups/oss-clitest-rg/providers/Microsoft.DataProtection/backupVaults/oss-clitest-vault/backupInstances/oss-clitest-server-postgres-faec6818-0720-11ec-bd1b-c8f750f92764","name":"oss-clitest-server-postgres-faec6818-0720-11ec-bd1b-c8f750f92764","type":"Microsoft.DataProtection/backupVaults/backupInstances"}'
    headers:
      cache-control:
      - no-cache
      content-length:
      - '1876'
      content-type:
      - application/json
      date:
      - Tue, 24 May 2022 13:43:20 GMT
      expires:
      - '-1'
      pragma:
      - no-cache
      server:
      - Microsoft-IIS/10.0
      strict-transport-security:
      - max-age=31536000; includeSubDomains
      transfer-encoding:
      - chunked
      vary:
      - Accept-Encoding
      x-content-type-options:
      - nosniff
      x-powered-by:
      - ASP.NET
    status:
      code: 200
      message: OK
- request:
    body: null
    headers:
      Accept:
      - application/json
      Accept-Encoding:
      - gzip, deflate
      CommandName:
      - dataprotection backup-instance suspend-backup
      Connection:
      - keep-alive
      Content-Length:
      - '0'
      ParameterSetName:
      - -n -g --vault-name
      User-Agent:
      - AZURECLI/2.36.0 azsdk-python-mgmt-dataprotection/1.0.0b1 Python/3.8.5 (Windows-10-10.0.22000-SP0)
    method: POST
    uri: https://management.azure.com/subscriptions/00000000-0000-0000-0000-000000000000/resourceGroups/oss-clitest-rg/providers/Microsoft.DataProtection/backupVaults/oss-clitest-vault/backupInstances/oss-clitest-server-postgres-faec6818-0720-11ec-bd1b-c8f750f92764/suspendBackups?api-version=2022-04-01
  response:
    body:
      string: ''
    headers:
      azure-asyncoperation:
      - https://management.azure.com/subscriptions/00000000-0000-0000-0000-000000000000/resourceGroups/oss-clitest-rg/providers/Microsoft.DataProtection/backupVaults/oss-clitest-vault/operationStatus/NTc5ZTVjYzItYTNmMC00OTM1LWFhN2QtOWQwNmE5NGVmMzE3OzZiZDc5ZWFhLWY5NTMtNDZhZi04ZDc5LTQ2OTc1NjIxMzQ2Yg==?api-version=2022-04-01
      cache-control:
      - no-cache
      content-length:
      - '0'
      date:
      - Tue, 24 May 2022 13:43:26 GMT
      expires:
      - '-1'
      location:
      - https://management.azure.com/subscriptions/00000000-0000-0000-0000-000000000000/providers/Microsoft.DataProtection/locations/centraluseuap/operationResults/NTc5ZTVjYzItYTNmMC00OTM1LWFhN2QtOWQwNmE5NGVmMzE3OzZiZDc5ZWFhLWY5NTMtNDZhZi04ZDc5LTQ2OTc1NjIxMzQ2Yg==?api-version=2022-04-01
      pragma:
      - no-cache
      strict-transport-security:
      - max-age=31536000; includeSubDomains
      x-content-type-options:
      - nosniff
      x-ms-ratelimit-remaining-subscription-writes:
      - '1199'
      x-powered-by:
      - ASP.NET
    status:
      code: 202
      message: Accepted
- request:
    body: null
    headers:
      Accept:
      - '*/*'
      Accept-Encoding:
      - gzip, deflate
      CommandName:
      - dataprotection backup-instance suspend-backup
      Connection:
      - keep-alive
      ParameterSetName:
      - -n -g --vault-name
      User-Agent:
      - AZURECLI/2.36.0 azsdk-python-mgmt-dataprotection/1.0.0b1 Python/3.8.5 (Windows-10-10.0.22000-SP0)
    method: GET
    uri: https://management.azure.com/subscriptions/00000000-0000-0000-0000-000000000000/resourceGroups/oss-clitest-rg/providers/Microsoft.DataProtection/backupVaults/oss-clitest-vault/operationStatus/NTc5ZTVjYzItYTNmMC00OTM1LWFhN2QtOWQwNmE5NGVmMzE3OzZiZDc5ZWFhLWY5NTMtNDZhZi04ZDc5LTQ2OTc1NjIxMzQ2Yg==?api-version=2022-04-01
  response:
    body:
      string: '{"id":"/subscriptions/00000000-0000-0000-0000-000000000000/resourceGroups/oss-clitest-rg/providers/Microsoft.DataProtection/backupVaults/oss-clitest-vault/operationStatus/NTc5ZTVjYzItYTNmMC00OTM1LWFhN2QtOWQwNmE5NGVmMzE3OzZiZDc5ZWFhLWY5NTMtNDZhZi04ZDc5LTQ2OTc1NjIxMzQ2Yg==","name":"NTc5ZTVjYzItYTNmMC00OTM1LWFhN2QtOWQwNmE5NGVmMzE3OzZiZDc5ZWFhLWY5NTMtNDZhZi04ZDc5LTQ2OTc1NjIxMzQ2Yg==","status":"Inprogress","startTime":"2022-05-24T13:43:25.9633892Z","endTime":"0001-01-01T00:00:00Z"}'
    headers:
      cache-control:
      - no-cache
      content-length:
      - '481'
      content-type:
      - application/json
      date:
      - Tue, 24 May 2022 13:43:41 GMT
      expires:
      - '-1'
      pragma:
      - no-cache
      server:
      - Microsoft-IIS/10.0
      strict-transport-security:
      - max-age=31536000; includeSubDomains
      transfer-encoding:
      - chunked
      vary:
      - Accept-Encoding
      x-content-type-options:
      - nosniff
      x-powered-by:
      - ASP.NET
    status:
      code: 200
      message: OK
- request:
    body: null
    headers:
      Accept:
      - '*/*'
      Accept-Encoding:
      - gzip, deflate
      CommandName:
      - dataprotection backup-instance suspend-backup
      Connection:
      - keep-alive
      ParameterSetName:
      - -n -g --vault-name
      User-Agent:
      - AZURECLI/2.36.0 azsdk-python-mgmt-dataprotection/1.0.0b1 Python/3.8.5 (Windows-10-10.0.22000-SP0)
    method: GET
    uri: https://management.azure.com/subscriptions/00000000-0000-0000-0000-000000000000/resourceGroups/oss-clitest-rg/providers/Microsoft.DataProtection/backupVaults/oss-clitest-vault/operationStatus/NTc5ZTVjYzItYTNmMC00OTM1LWFhN2QtOWQwNmE5NGVmMzE3OzZiZDc5ZWFhLWY5NTMtNDZhZi04ZDc5LTQ2OTc1NjIxMzQ2Yg==?api-version=2022-04-01
  response:
    body:
      string: '{"id":"/subscriptions/00000000-0000-0000-0000-000000000000/resourceGroups/oss-clitest-rg/providers/Microsoft.DataProtection/backupVaults/oss-clitest-vault/operationStatus/NTc5ZTVjYzItYTNmMC00OTM1LWFhN2QtOWQwNmE5NGVmMzE3OzZiZDc5ZWFhLWY5NTMtNDZhZi04ZDc5LTQ2OTc1NjIxMzQ2Yg==","name":"NTc5ZTVjYzItYTNmMC00OTM1LWFhN2QtOWQwNmE5NGVmMzE3OzZiZDc5ZWFhLWY5NTMtNDZhZi04ZDc5LTQ2OTc1NjIxMzQ2Yg==","status":"Succeeded","startTime":"2022-05-24T13:43:25.9633892Z","endTime":"2022-05-24T13:43:49Z"}'
    headers:
      cache-control:
      - no-cache
      content-length:
      - '480'
      content-type:
      - application/json
      date:
      - Tue, 24 May 2022 13:44:12 GMT
      expires:
      - '-1'
      pragma:
      - no-cache
      server:
      - Microsoft-IIS/10.0
      strict-transport-security:
      - max-age=31536000; includeSubDomains
      transfer-encoding:
      - chunked
      vary:
      - Accept-Encoding
      x-content-type-options:
      - nosniff
      x-powered-by:
      - ASP.NET
    status:
      code: 200
      message: OK
- request:
    body: null
    headers:
      Accept:
      - '*/*'
      Accept-Encoding:
      - gzip, deflate
      CommandName:
      - dataprotection backup-instance suspend-backup
      Connection:
      - keep-alive
      ParameterSetName:
      - -n -g --vault-name
      User-Agent:
      - AZURECLI/2.36.0 azsdk-python-mgmt-dataprotection/1.0.0b1 Python/3.8.5 (Windows-10-10.0.22000-SP0)
    method: GET
    uri: https://management.azure.com/subscriptions/00000000-0000-0000-0000-000000000000/providers/Microsoft.DataProtection/locations/centraluseuap/operationResults/NTc5ZTVjYzItYTNmMC00OTM1LWFhN2QtOWQwNmE5NGVmMzE3OzZiZDc5ZWFhLWY5NTMtNDZhZi04ZDc5LTQ2OTc1NjIxMzQ2Yg==?api-version=2022-04-01
  response:
    body:
      string: '{"objectType":"OperationJobExtendedInfo"}'
    headers:
      azure-asyncoperation:
      - https://management.azure.com/subscriptions/00000000-0000-0000-0000-000000000000/providers/Microsoft.DataProtection/locations/centraluseuap/operationStatus/NTc5ZTVjYzItYTNmMC00OTM1LWFhN2QtOWQwNmE5NGVmMzE3OzZiZDc5ZWFhLWY5NTMtNDZhZi04ZDc5LTQ2OTc1NjIxMzQ2Yg==?api-version=2022-04-01
      cache-control:
      - no-cache
      content-length:
      - '41'
      content-type:
      - application/json
      date:
      - Tue, 24 May 2022 13:44:12 GMT
      expires:
      - '-1'
      pragma:
      - no-cache
      server:
      - Microsoft-IIS/10.0
      strict-transport-security:
      - max-age=31536000; includeSubDomains
      transfer-encoding:
      - chunked
      vary:
      - Accept-Encoding
      x-content-type-options:
      - nosniff
      x-powered-by:
      - ASP.NET
    status:
      code: 200
      message: OK
- request:
    body: null
    headers:
      Accept:
      - application/json
      Accept-Encoding:
      - gzip, deflate
      CommandName:
      - dataprotection backup-instance show
      Connection:
      - keep-alive
      ParameterSetName:
      - -n -g --vault-name
      User-Agent:
      - AZURECLI/2.36.0 azsdk-python-mgmt-dataprotection/1.0.0b1 Python/3.8.5 (Windows-10-10.0.22000-SP0)
    method: GET
    uri: https://management.azure.com/subscriptions/00000000-0000-0000-0000-000000000000/resourceGroups/oss-clitest-rg/providers/Microsoft.DataProtection/backupVaults/oss-clitest-vault/backupInstances/oss-clitest-server-postgres-faec6818-0720-11ec-bd1b-c8f750f92764?api-version=2022-04-01
  response:
    body:
      string: '{"properties":{"friendlyName":"oss-clitest-server\\postgres","dataSourceInfo":{"resourceID":"/subscriptions/00000000-0000-0000-0000-000000000000/resourceGroups/oss-clitest-rg/providers/Microsoft.DBforPostgreSQL/servers/oss-clitest-server/databases/postgres","resourceUri":"","datasourceType":"Microsoft.DBforPostgreSQL/servers/databases","resourceName":"postgres","resourceType":"Microsoft.DBforPostgreSQL/servers/databases","resourceLocation":"centraluseuap","objectType":"Datasource"},"dataSourceSetInfo":{"resourceID":"/subscriptions/00000000-0000-0000-0000-000000000000/resourceGroups/oss-clitest-rg/providers/Microsoft.DBforPostgreSQL/servers/oss-clitest-server","resourceUri":"","datasourceType":"Microsoft.DBforPostgreSQL/servers/databases","resourceName":"oss-clitest-server","resourceType":"Microsoft.DBforPostgreSQL/servers","resourceLocation":"centraluseuap","objectType":"DatasourceSet"},"policyInfo":{"policyId":"/subscriptions/00000000-0000-0000-0000-000000000000/resourceGroups/oss-clitest-rg/providers/Microsoft.DataProtection/backupVaults/oss-clitest-vault/backupPolicies/oss-clitest-policy2"},"protectionStatus":{"status":"BackupsSuspended"},"currentProtectionState":"BackupsSuspended","provisioningState":"Succeeded","datasourceAuthCredentials":{"objectType":"SecretStoreBasedAuthCredentials","secretStoreResource":{"uri":"https://oss-clitest-keyvault.vault.azure.net/secrets/oss-clitest-secret","secretStoreType":"AzureKeyVault","value":null}},"objectType":"BackupInstance"},"id":"/subscriptions/00000000-0000-0000-0000-000000000000/resourceGroups/oss-clitest-rg/providers/Microsoft.DataProtection/backupVaults/oss-clitest-vault/backupInstances/oss-clitest-server-postgres-faec6818-0720-11ec-bd1b-c8f750f92764","name":"oss-clitest-server-postgres-faec6818-0720-11ec-bd1b-c8f750f92764","type":"Microsoft.DataProtection/backupVaults/backupInstances"}'
    headers:
      cache-control:
      - no-cache
      content-length:
      - '1868'
      content-type:
      - application/json
      date:
      - Tue, 24 May 2022 13:44:17 GMT
      expires:
      - '-1'
      pragma:
      - no-cache
      server:
      - Microsoft-IIS/10.0
      strict-transport-security:
      - max-age=31536000; includeSubDomains
      transfer-encoding:
      - chunked
      vary:
      - Accept-Encoding
      x-content-type-options:
      - nosniff
      x-powered-by:
      - ASP.NET
    status:
      code: 200
      message: OK
- request:
    body: null
    headers:
      Accept:
      - application/json
      Accept-Encoding:
      - gzip, deflate
      CommandName:
      - dataprotection backup-instance resume-protection
      Connection:
      - keep-alive
      Content-Length:
      - '0'
      ParameterSetName:
      - -n -g --vault-name
      User-Agent:
      - AZURECLI/2.36.0 azsdk-python-mgmt-dataprotection/1.0.0b1 Python/3.8.5 (Windows-10-10.0.22000-SP0)
    method: POST
    uri: https://management.azure.com/subscriptions/00000000-0000-0000-0000-000000000000/resourceGroups/oss-clitest-rg/providers/Microsoft.DataProtection/backupVaults/oss-clitest-vault/backupInstances/oss-clitest-server-postgres-faec6818-0720-11ec-bd1b-c8f750f92764/resumeProtection?api-version=2022-04-01
  response:
    body:
      string: ''
    headers:
      azure-asyncoperation:
      - https://management.azure.com/subscriptions/00000000-0000-0000-0000-000000000000/resourceGroups/oss-clitest-rg/providers/Microsoft.DataProtection/backupVaults/oss-clitest-vault/operationStatus/NTc5ZTVjYzItYTNmMC00OTM1LWFhN2QtOWQwNmE5NGVmMzE3O2JlY2YwMmViLTk1MGYtNDlhZC1iYzdlLTkxNzYzMjZjY2Q1Mg==?api-version=2022-04-01
      cache-control:
      - no-cache
      content-length:
      - '0'
      date:
      - Tue, 24 May 2022 13:44:24 GMT
      expires:
      - '-1'
      location:
      - https://management.azure.com/subscriptions/00000000-0000-0000-0000-000000000000/providers/Microsoft.DataProtection/locations/centraluseuap/operationResults/NTc5ZTVjYzItYTNmMC00OTM1LWFhN2QtOWQwNmE5NGVmMzE3O2JlY2YwMmViLTk1MGYtNDlhZC1iYzdlLTkxNzYzMjZjY2Q1Mg==?api-version=2022-04-01
      pragma:
      - no-cache
      strict-transport-security:
      - max-age=31536000; includeSubDomains
      x-content-type-options:
      - nosniff
      x-ms-ratelimit-remaining-subscription-writes:
      - '1199'
      x-powered-by:
      - ASP.NET
    status:
      code: 202
      message: Accepted
- request:
    body: null
    headers:
      Accept:
      - '*/*'
      Accept-Encoding:
      - gzip, deflate
      CommandName:
      - dataprotection backup-instance resume-protection
      Connection:
      - keep-alive
      ParameterSetName:
      - -n -g --vault-name
      User-Agent:
      - AZURECLI/2.36.0 azsdk-python-mgmt-dataprotection/1.0.0b1 Python/3.8.5 (Windows-10-10.0.22000-SP0)
    method: GET
    uri: https://management.azure.com/subscriptions/00000000-0000-0000-0000-000000000000/resourceGroups/oss-clitest-rg/providers/Microsoft.DataProtection/backupVaults/oss-clitest-vault/operationStatus/NTc5ZTVjYzItYTNmMC00OTM1LWFhN2QtOWQwNmE5NGVmMzE3O2JlY2YwMmViLTk1MGYtNDlhZC1iYzdlLTkxNzYzMjZjY2Q1Mg==?api-version=2022-04-01
  response:
    body:
      string: '{"id":"/subscriptions/00000000-0000-0000-0000-000000000000/resourceGroups/oss-clitest-rg/providers/Microsoft.DataProtection/backupVaults/oss-clitest-vault/operationStatus/NTc5ZTVjYzItYTNmMC00OTM1LWFhN2QtOWQwNmE5NGVmMzE3O2JlY2YwMmViLTk1MGYtNDlhZC1iYzdlLTkxNzYzMjZjY2Q1Mg==","name":"NTc5ZTVjYzItYTNmMC00OTM1LWFhN2QtOWQwNmE5NGVmMzE3O2JlY2YwMmViLTk1MGYtNDlhZC1iYzdlLTkxNzYzMjZjY2Q1Mg==","status":"Succeeded","startTime":"2022-05-24T13:44:23.9459486Z","endTime":"2022-05-24T13:44:36Z"}'
    headers:
      cache-control:
      - no-cache
      content-length:
      - '480'
      content-type:
      - application/json
      date:
      - Tue, 24 May 2022 13:44:40 GMT
      expires:
      - '-1'
      pragma:
      - no-cache
      server:
      - Microsoft-IIS/10.0
      strict-transport-security:
      - max-age=31536000; includeSubDomains
      transfer-encoding:
      - chunked
      vary:
      - Accept-Encoding
      x-content-type-options:
      - nosniff
      x-powered-by:
      - ASP.NET
    status:
      code: 200
      message: OK
- request:
    body: null
    headers:
      Accept:
      - '*/*'
      Accept-Encoding:
      - gzip, deflate
      CommandName:
      - dataprotection backup-instance resume-protection
      Connection:
      - keep-alive
      ParameterSetName:
      - -n -g --vault-name
      User-Agent:
      - AZURECLI/2.36.0 azsdk-python-mgmt-dataprotection/1.0.0b1 Python/3.8.5 (Windows-10-10.0.22000-SP0)
    method: GET
    uri: https://management.azure.com/subscriptions/00000000-0000-0000-0000-000000000000/providers/Microsoft.DataProtection/locations/centraluseuap/operationResults/NTc5ZTVjYzItYTNmMC00OTM1LWFhN2QtOWQwNmE5NGVmMzE3O2JlY2YwMmViLTk1MGYtNDlhZC1iYzdlLTkxNzYzMjZjY2Q1Mg==?api-version=2022-04-01
  response:
    body:
      string: '{"objectType":"OperationJobExtendedInfo"}'
    headers:
      azure-asyncoperation:
      - https://management.azure.com/subscriptions/00000000-0000-0000-0000-000000000000/providers/Microsoft.DataProtection/locations/centraluseuap/operationStatus/NTc5ZTVjYzItYTNmMC00OTM1LWFhN2QtOWQwNmE5NGVmMzE3O2JlY2YwMmViLTk1MGYtNDlhZC1iYzdlLTkxNzYzMjZjY2Q1Mg==?api-version=2022-04-01
      cache-control:
      - no-cache
      content-length:
      - '41'
      content-type:
      - application/json
      date:
      - Tue, 24 May 2022 13:44:40 GMT
      expires:
      - '-1'
      pragma:
      - no-cache
      server:
      - Microsoft-IIS/10.0
      strict-transport-security:
      - max-age=31536000; includeSubDomains
      transfer-encoding:
      - chunked
      vary:
      - Accept-Encoding
      x-content-type-options:
      - nosniff
      x-powered-by:
      - ASP.NET
    status:
      code: 200
      message: OK
- request:
    body: null
    headers:
      Accept:
      - application/json
      Accept-Encoding:
      - gzip, deflate
      CommandName:
      - dataprotection backup-instance show
      Connection:
      - keep-alive
      ParameterSetName:
      - -n -g --vault-name
      User-Agent:
      - AZURECLI/2.36.0 azsdk-python-mgmt-dataprotection/1.0.0b1 Python/3.8.5 (Windows-10-10.0.22000-SP0)
    method: GET
    uri: https://management.azure.com/subscriptions/00000000-0000-0000-0000-000000000000/resourceGroups/oss-clitest-rg/providers/Microsoft.DataProtection/backupVaults/oss-clitest-vault/backupInstances/oss-clitest-server-postgres-faec6818-0720-11ec-bd1b-c8f750f92764?api-version=2022-04-01
  response:
    body:
      string: '{"properties":{"friendlyName":"oss-clitest-server\\postgres","dataSourceInfo":{"resourceID":"/subscriptions/00000000-0000-0000-0000-000000000000/resourceGroups/oss-clitest-rg/providers/Microsoft.DBforPostgreSQL/servers/oss-clitest-server/databases/postgres","resourceUri":"","datasourceType":"Microsoft.DBforPostgreSQL/servers/databases","resourceName":"postgres","resourceType":"Microsoft.DBforPostgreSQL/servers/databases","resourceLocation":"centraluseuap","objectType":"Datasource"},"dataSourceSetInfo":{"resourceID":"/subscriptions/00000000-0000-0000-0000-000000000000/resourceGroups/oss-clitest-rg/providers/Microsoft.DBforPostgreSQL/servers/oss-clitest-server","resourceUri":"","datasourceType":"Microsoft.DBforPostgreSQL/servers/databases","resourceName":"oss-clitest-server","resourceType":"Microsoft.DBforPostgreSQL/servers","resourceLocation":"centraluseuap","objectType":"DatasourceSet"},"policyInfo":{"policyId":"/subscriptions/00000000-0000-0000-0000-000000000000/resourceGroups/oss-clitest-rg/providers/Microsoft.DataProtection/backupVaults/oss-clitest-vault/backupPolicies/oss-clitest-policy2"},"protectionStatus":{"status":"ProtectionConfigured"},"currentProtectionState":"ProtectionConfigured","provisioningState":"Succeeded","datasourceAuthCredentials":{"objectType":"SecretStoreBasedAuthCredentials","secretStoreResource":{"uri":"https://oss-clitest-keyvault.vault.azure.net/secrets/oss-clitest-secret","secretStoreType":"AzureKeyVault","value":null}},"objectType":"BackupInstance"},"id":"/subscriptions/00000000-0000-0000-0000-000000000000/resourceGroups/oss-clitest-rg/providers/Microsoft.DataProtection/backupVaults/oss-clitest-vault/backupInstances/oss-clitest-server-postgres-faec6818-0720-11ec-bd1b-c8f750f92764","name":"oss-clitest-server-postgres-faec6818-0720-11ec-bd1b-c8f750f92764","type":"Microsoft.DataProtection/backupVaults/backupInstances"}'
    headers:
      cache-control:
      - no-cache
      content-length:
      - '1876'
      content-type:
      - application/json
      date:
      - Tue, 24 May 2022 13:44:41 GMT
      expires:
      - '-1'
      pragma:
      - no-cache
      server:
      - Microsoft-IIS/10.0
      strict-transport-security:
      - max-age=31536000; includeSubDomains
      transfer-encoding:
      - chunked
      vary:
      - Accept-Encoding
      x-content-type-options:
      - nosniff
      x-powered-by:
      - ASP.NET
    status:
      code: 200
      message: OK
- request:
    body: '{"backupRuleOptions": {"ruleName": "BackupWeekly", "triggerOption": {"retentionTagOverride":
      "Weekly"}}}'
    headers:
      Accept:
      - application/json
      Accept-Encoding:
      - gzip, deflate
      CommandName:
      - dataprotection backup-instance adhoc-backup
      Connection:
      - keep-alive
      Content-Length:
      - '104'
      Content-Type:
      - application/json
      ParameterSetName:
      - -n -g --vault-name --rule-name --retention-tag-override
      User-Agent:
      - AZURECLI/2.36.0 azsdk-python-mgmt-dataprotection/1.0.0b1 Python/3.8.5 (Windows-10-10.0.22000-SP0)
    method: POST
    uri: https://management.azure.com/subscriptions/00000000-0000-0000-0000-000000000000/resourceGroups/oss-clitest-rg/providers/Microsoft.DataProtection/backupVaults/oss-clitest-vault/backupInstances/oss-clitest-server-postgres-faec6818-0720-11ec-bd1b-c8f750f92764/backup?api-version=2022-04-01
  response:
    body:
      string: ''
    headers:
      azure-asyncoperation:
      - https://management.azure.com/subscriptions/00000000-0000-0000-0000-000000000000/resourceGroups/oss-clitest-rg/providers/Microsoft.DataProtection/backupVaults/oss-clitest-vault/operationStatus/NTc5ZTVjYzItYTNmMC00OTM1LWFhN2QtOWQwNmE5NGVmMzE3OzVhNzUzNmI4LTI1ODUtNDNjYS04NzdiLTNhZDY4ZTcxZjIxZQ==?api-version=2022-04-01
      cache-control:
      - no-cache
      content-length:
      - '0'
      date:
      - Tue, 24 May 2022 13:44:42 GMT
      expires:
      - '-1'
      location:
      - https://management.azure.com/subscriptions/00000000-0000-0000-0000-000000000000/providers/Microsoft.DataProtection/locations/centraluseuap/operationResults/NTc5ZTVjYzItYTNmMC00OTM1LWFhN2QtOWQwNmE5NGVmMzE3OzVhNzUzNmI4LTI1ODUtNDNjYS04NzdiLTNhZDY4ZTcxZjIxZQ==?api-version=2022-04-01
      pragma:
      - no-cache
      strict-transport-security:
      - max-age=31536000; includeSubDomains
      x-content-type-options:
      - nosniff
      x-ms-ratelimit-remaining-subscription-writes:
      - '1198'
      x-powered-by:
      - ASP.NET
    status:
      code: 202
      message: Accepted
- request:
    body: null
    headers:
      Accept:
      - '*/*'
      Accept-Encoding:
      - gzip, deflate
      CommandName:
      - dataprotection backup-instance adhoc-backup
      Connection:
      - keep-alive
      ParameterSetName:
      - -n -g --vault-name --rule-name --retention-tag-override
      User-Agent:
      - AZURECLI/2.36.0 azsdk-python-mgmt-dataprotection/1.0.0b1 Python/3.8.5 (Windows-10-10.0.22000-SP0)
    method: GET
    uri: https://management.azure.com/subscriptions/00000000-0000-0000-0000-000000000000/resourceGroups/oss-clitest-rg/providers/Microsoft.DataProtection/backupVaults/oss-clitest-vault/operationStatus/NTc5ZTVjYzItYTNmMC00OTM1LWFhN2QtOWQwNmE5NGVmMzE3OzVhNzUzNmI4LTI1ODUtNDNjYS04NzdiLTNhZDY4ZTcxZjIxZQ==?api-version=2022-04-01
  response:
    body:
      string: '{"id":"/subscriptions/00000000-0000-0000-0000-000000000000/resourceGroups/oss-clitest-rg/providers/Microsoft.DataProtection/backupVaults/oss-clitest-vault/operationStatus/NTc5ZTVjYzItYTNmMC00OTM1LWFhN2QtOWQwNmE5NGVmMzE3OzVhNzUzNmI4LTI1ODUtNDNjYS04NzdiLTNhZDY4ZTcxZjIxZQ==","name":"NTc5ZTVjYzItYTNmMC00OTM1LWFhN2QtOWQwNmE5NGVmMzE3OzVhNzUzNmI4LTI1ODUtNDNjYS04NzdiLTNhZDY4ZTcxZjIxZQ==","status":"Succeeded","startTime":"2022-05-24T13:44:43.4794799Z","endTime":"2022-05-24T13:44:45Z","properties":{"jobId":"/subscriptions/00000000-0000-0000-0000-000000000000/resourcegroups/oss-clitest-rg/providers/Microsoft.DataProtection/BackupVaults/oss-clitest-vault/backupJobs/67699a4b-9eeb-4ce6-933a-d7dab4edcb2d","objectType":"OperationJobExtendedInfo"}}'
    headers:
      cache-control:
      - no-cache
      content-length:
      - '741'
      content-type:
      - application/json
      date:
      - Tue, 24 May 2022 13:45:13 GMT
      expires:
      - '-1'
      pragma:
      - no-cache
      server:
      - Microsoft-IIS/10.0
      strict-transport-security:
      - max-age=31536000; includeSubDomains
      transfer-encoding:
      - chunked
      vary:
      - Accept-Encoding
      x-content-type-options:
      - nosniff
      x-powered-by:
      - ASP.NET
    status:
      code: 200
      message: OK
- request:
    body: null
    headers:
      Accept:
      - '*/*'
      Accept-Encoding:
      - gzip, deflate
      CommandName:
      - dataprotection backup-instance adhoc-backup
      Connection:
      - keep-alive
      ParameterSetName:
      - -n -g --vault-name --rule-name --retention-tag-override
      User-Agent:
      - AZURECLI/2.36.0 azsdk-python-mgmt-dataprotection/1.0.0b1 Python/3.8.5 (Windows-10-10.0.22000-SP0)
    method: GET
    uri: https://management.azure.com/subscriptions/00000000-0000-0000-0000-000000000000/providers/Microsoft.DataProtection/locations/centraluseuap/operationResults/NTc5ZTVjYzItYTNmMC00OTM1LWFhN2QtOWQwNmE5NGVmMzE3OzVhNzUzNmI4LTI1ODUtNDNjYS04NzdiLTNhZDY4ZTcxZjIxZQ==?api-version=2022-04-01
  response:
    body:
      string: '{"jobId":"/subscriptions/00000000-0000-0000-0000-000000000000/resourcegroups/oss-clitest-rg/providers/Microsoft.DataProtection/BackupVaults/oss-clitest-vault/backupJobs/67699a4b-9eeb-4ce6-933a-d7dab4edcb2d","objectType":"OperationJobExtendedInfo"}'
    headers:
      azure-asyncoperation:
      - https://management.azure.com/subscriptions/00000000-0000-0000-0000-000000000000/providers/Microsoft.DataProtection/locations/centraluseuap/operationStatus/NTc5ZTVjYzItYTNmMC00OTM1LWFhN2QtOWQwNmE5NGVmMzE3OzVhNzUzNmI4LTI1ODUtNDNjYS04NzdiLTNhZDY4ZTcxZjIxZQ==?api-version=2022-04-01
      cache-control:
      - no-cache
      content-length:
      - '247'
      content-type:
      - application/json
      date:
      - Tue, 24 May 2022 13:45:14 GMT
      expires:
      - '-1'
      pragma:
      - no-cache
      server:
      - Microsoft-IIS/10.0
      strict-transport-security:
      - max-age=31536000; includeSubDomains
      transfer-encoding:
      - chunked
      vary:
      - Accept-Encoding
      x-content-type-options:
      - nosniff
      x-powered-by:
      - ASP.NET
    status:
      code: 200
      message: OK
- request:
    body: null
    headers:
      Accept:
      - application/json
      Accept-Encoding:
      - gzip, deflate
      CommandName:
      - dataprotection job show
      Connection:
      - keep-alive
      ParameterSetName:
      - --ids
      User-Agent:
      - AZURECLI/2.36.0 azsdk-python-mgmt-dataprotection/1.0.0b1 Python/3.8.5 (Windows-10-10.0.22000-SP0)
    method: GET
    uri: https://management.azure.com/subscriptions/00000000-0000-0000-0000-000000000000/resourceGroups/oss-clitest-rg/providers/Microsoft.DataProtection/backupVaults/oss-clitest-vault/backupJobs/67699a4b-9eeb-4ce6-933a-d7dab4edcb2d?api-version=2022-04-01
  response:
    body:
      string: '{"properties":{"activityID":"aa1d3fce-db67-11ec-aba6-c8f750f92764","subscriptionId":"38304e13-357e-405e-9e9a-220351dcce8c","backupInstanceId":"/subscriptions/00000000-0000-0000-0000-000000000000/resourceGroups/oss-clitest-rg/providers/Microsoft.DataProtection/backupVaults/oss-clitest-vault/backupInstances/oss-clitest-server-postgres-faec6818-0720-11ec-bd1b-c8f750f92764","policyId":"/subscriptions/00000000-0000-0000-0000-000000000000/resourceGroups/oss-clitest-rg/providers/Microsoft.DataProtection/backupVaults/oss-clitest-vault/backupPolicies/oss-clitest-policy2","dataSourceId":"/subscriptions/00000000-0000-0000-0000-000000000000/resourceGroups/oss-clitest-rg/providers/Microsoft.DBforPostgreSQL/servers/oss-clitest-server/databases/postgres","vaultName":"oss-clitest-vault","backupInstanceFriendlyName":"oss-clitest-server\\postgres","policyName":"oss-clitest-policy2","sourceResourceGroup":"oss-clitest-rg","dataSourceSetName":"oss-clitest-server","dataSourceName":"postgres","sourceDataStoreName":null,"destinationDataStoreName":null,"progressEnabled":false,"etag":"W/\"datetime''2022-05-24T13%3A44%3A44.2285668Z''\"","sourceSubscriptionID":"38304e13-357e-405e-9e9a-220351dcce8c","dataSourceLocation":"centraluseuap","startTime":"2022-05-24T13:44:43.6758807Z","endTime":null,"dataSourceType":"Microsoft.DBforPostgreSQL/servers/databases","operationCategory":"Backup","operation":"Backup","status":"InProgress","restoreType":null,"isUserTriggered":true,"rehydrationPriority":null,"supportedActions":[""],"duration":"PT0S","progressUrl":null,"errorDetails":null,"extendedInfo":{"backupInstanceState":null,"dataTransferedInBytes":null,"targetRecoverPoint":null,"sourceRecoverPoint":null,"recoveryDestination":null,"subTasks":[{"taskId":1,"taskName":"Trigger
        Backup","taskStatus":"InProgress","taskProgress":null,"additionalDetails":null}],"additionalDetails":{"RetentionTag":"Weekly"}}},"id":"/subscriptions/00000000-0000-0000-0000-000000000000/resourceGroups/oss-clitest-rg/providers/Microsoft.DataProtection/backupVaults/oss-clitest-vault/backupJobs/67699a4b-9eeb-4ce6-933a-d7dab4edcb2d","name":"67699a4b-9eeb-4ce6-933a-d7dab4edcb2d","type":"Microsoft.DataProtection/backupVaults/backupJobs"}'
    headers:
      cache-control:
      - no-cache
      content-length:
      - '2199'
      content-type:
      - application/json
      date:
      - Tue, 24 May 2022 13:45:26 GMT
      expires:
      - '-1'
      pragma:
      - no-cache
      server:
      - Microsoft-IIS/10.0
      - Kestrel
      strict-transport-security:
      - max-age=31536000; includeSubDomains
      transfer-encoding:
      - chunked
      vary:
      - Accept-Encoding
      x-content-type-options:
      - nosniff
      x-powered-by:
      - ASP.NET
    status:
      code: 200
      message: OK
- request:
    body: null
    headers:
      Accept:
      - application/json
      Accept-Encoding:
      - gzip, deflate
      CommandName:
      - dataprotection job show
      Connection:
      - keep-alive
      ParameterSetName:
      - --ids
      User-Agent:
      - AZURECLI/2.36.0 azsdk-python-mgmt-dataprotection/1.0.0b1 Python/3.8.5 (Windows-10-10.0.22000-SP0)
    method: GET
    uri: https://management.azure.com/subscriptions/00000000-0000-0000-0000-000000000000/resourceGroups/oss-clitest-rg/providers/Microsoft.DataProtection/backupVaults/oss-clitest-vault/backupJobs/67699a4b-9eeb-4ce6-933a-d7dab4edcb2d?api-version=2022-04-01
  response:
    body:
      string: '{"properties":{"activityID":"aa1d3fce-db67-11ec-aba6-c8f750f92764","subscriptionId":"38304e13-357e-405e-9e9a-220351dcce8c","backupInstanceId":"/subscriptions/00000000-0000-0000-0000-000000000000/resourceGroups/oss-clitest-rg/providers/Microsoft.DataProtection/backupVaults/oss-clitest-vault/backupInstances/oss-clitest-server-postgres-faec6818-0720-11ec-bd1b-c8f750f92764","policyId":"/subscriptions/00000000-0000-0000-0000-000000000000/resourceGroups/oss-clitest-rg/providers/Microsoft.DataProtection/backupVaults/oss-clitest-vault/backupPolicies/oss-clitest-policy2","dataSourceId":"/subscriptions/00000000-0000-0000-0000-000000000000/resourceGroups/oss-clitest-rg/providers/Microsoft.DBforPostgreSQL/servers/oss-clitest-server/databases/postgres","vaultName":"oss-clitest-vault","backupInstanceFriendlyName":"oss-clitest-server\\postgres","policyName":"oss-clitest-policy2","sourceResourceGroup":"oss-clitest-rg","dataSourceSetName":"oss-clitest-server","dataSourceName":"postgres","sourceDataStoreName":null,"destinationDataStoreName":null,"progressEnabled":false,"etag":"W/\"datetime''2022-05-24T13%3A44%3A44.2285668Z''\"","sourceSubscriptionID":"38304e13-357e-405e-9e9a-220351dcce8c","dataSourceLocation":"centraluseuap","startTime":"2022-05-24T13:44:43.6758807Z","endTime":null,"dataSourceType":"Microsoft.DBforPostgreSQL/servers/databases","operationCategory":"Backup","operation":"Backup","status":"InProgress","restoreType":null,"isUserTriggered":true,"rehydrationPriority":null,"supportedActions":[""],"duration":"PT0S","progressUrl":null,"errorDetails":null,"extendedInfo":{"backupInstanceState":null,"dataTransferedInBytes":null,"targetRecoverPoint":null,"sourceRecoverPoint":null,"recoveryDestination":null,"subTasks":[{"taskId":1,"taskName":"Trigger
        Backup","taskStatus":"InProgress","taskProgress":null,"additionalDetails":null}],"additionalDetails":{"RetentionTag":"Weekly"}}},"id":"/subscriptions/00000000-0000-0000-0000-000000000000/resourceGroups/oss-clitest-rg/providers/Microsoft.DataProtection/backupVaults/oss-clitest-vault/backupJobs/67699a4b-9eeb-4ce6-933a-d7dab4edcb2d","name":"67699a4b-9eeb-4ce6-933a-d7dab4edcb2d","type":"Microsoft.DataProtection/backupVaults/backupJobs"}'
    headers:
      cache-control:
      - no-cache
      content-length:
      - '2199'
      content-type:
      - application/json
      date:
      - Tue, 24 May 2022 13:45:40 GMT
      expires:
      - '-1'
      pragma:
      - no-cache
      server:
      - Microsoft-IIS/10.0
      - Kestrel
      strict-transport-security:
      - max-age=31536000; includeSubDomains
      transfer-encoding:
      - chunked
      vary:
      - Accept-Encoding
      x-content-type-options:
      - nosniff
      x-powered-by:
      - ASP.NET
    status:
      code: 200
      message: OK
- request:
    body: null
    headers:
      Accept:
      - application/json
      Accept-Encoding:
      - gzip, deflate
      CommandName:
      - dataprotection job show
      Connection:
      - keep-alive
      ParameterSetName:
      - --ids
      User-Agent:
      - AZURECLI/2.36.0 azsdk-python-mgmt-dataprotection/1.0.0b1 Python/3.8.5 (Windows-10-10.0.22000-SP0)
    method: GET
    uri: https://management.azure.com/subscriptions/00000000-0000-0000-0000-000000000000/resourceGroups/oss-clitest-rg/providers/Microsoft.DataProtection/backupVaults/oss-clitest-vault/backupJobs/67699a4b-9eeb-4ce6-933a-d7dab4edcb2d?api-version=2022-04-01
  response:
    body:
      string: '{"properties":{"activityID":"aa1d3fce-db67-11ec-aba6-c8f750f92764","subscriptionId":"38304e13-357e-405e-9e9a-220351dcce8c","backupInstanceId":"/subscriptions/00000000-0000-0000-0000-000000000000/resourceGroups/oss-clitest-rg/providers/Microsoft.DataProtection/backupVaults/oss-clitest-vault/backupInstances/oss-clitest-server-postgres-faec6818-0720-11ec-bd1b-c8f750f92764","policyId":"/subscriptions/00000000-0000-0000-0000-000000000000/resourceGroups/oss-clitest-rg/providers/Microsoft.DataProtection/backupVaults/oss-clitest-vault/backupPolicies/oss-clitest-policy2","dataSourceId":"/subscriptions/00000000-0000-0000-0000-000000000000/resourceGroups/oss-clitest-rg/providers/Microsoft.DBforPostgreSQL/servers/oss-clitest-server/databases/postgres","vaultName":"oss-clitest-vault","backupInstanceFriendlyName":"oss-clitest-server\\postgres","policyName":"oss-clitest-policy2","sourceResourceGroup":"oss-clitest-rg","dataSourceSetName":"oss-clitest-server","dataSourceName":"postgres","sourceDataStoreName":null,"destinationDataStoreName":null,"progressEnabled":false,"etag":"W/\"datetime''2022-05-24T13%3A44%3A44.2285668Z''\"","sourceSubscriptionID":"38304e13-357e-405e-9e9a-220351dcce8c","dataSourceLocation":"centraluseuap","startTime":"2022-05-24T13:44:43.6758807Z","endTime":null,"dataSourceType":"Microsoft.DBforPostgreSQL/servers/databases","operationCategory":"Backup","operation":"Backup","status":"InProgress","restoreType":null,"isUserTriggered":true,"rehydrationPriority":null,"supportedActions":[""],"duration":"PT0S","progressUrl":null,"errorDetails":null,"extendedInfo":{"backupInstanceState":null,"dataTransferedInBytes":null,"targetRecoverPoint":null,"sourceRecoverPoint":null,"recoveryDestination":null,"subTasks":[{"taskId":1,"taskName":"Trigger
        Backup","taskStatus":"InProgress","taskProgress":null,"additionalDetails":null}],"additionalDetails":{"RetentionTag":"Weekly"}}},"id":"/subscriptions/00000000-0000-0000-0000-000000000000/resourceGroups/oss-clitest-rg/providers/Microsoft.DataProtection/backupVaults/oss-clitest-vault/backupJobs/67699a4b-9eeb-4ce6-933a-d7dab4edcb2d","name":"67699a4b-9eeb-4ce6-933a-d7dab4edcb2d","type":"Microsoft.DataProtection/backupVaults/backupJobs"}'
    headers:
      cache-control:
      - no-cache
      content-length:
      - '2199'
      content-type:
      - application/json
      date:
      - Tue, 24 May 2022 13:45:52 GMT
      expires:
      - '-1'
      pragma:
      - no-cache
      server:
      - Microsoft-IIS/10.0
      - Kestrel
      strict-transport-security:
      - max-age=31536000; includeSubDomains
      transfer-encoding:
      - chunked
      vary:
      - Accept-Encoding
      x-content-type-options:
      - nosniff
      x-powered-by:
      - ASP.NET
    status:
      code: 200
      message: OK
- request:
    body: null
    headers:
      Accept:
      - application/json
      Accept-Encoding:
      - gzip, deflate
      CommandName:
      - dataprotection job show
      Connection:
      - keep-alive
      ParameterSetName:
      - --ids
      User-Agent:
      - AZURECLI/2.36.0 azsdk-python-mgmt-dataprotection/1.0.0b1 Python/3.8.5 (Windows-10-10.0.22000-SP0)
    method: GET
    uri: https://management.azure.com/subscriptions/00000000-0000-0000-0000-000000000000/resourceGroups/oss-clitest-rg/providers/Microsoft.DataProtection/backupVaults/oss-clitest-vault/backupJobs/67699a4b-9eeb-4ce6-933a-d7dab4edcb2d?api-version=2022-04-01
  response:
    body:
      string: '{"properties":{"activityID":"aa1d3fce-db67-11ec-aba6-c8f750f92764","subscriptionId":"38304e13-357e-405e-9e9a-220351dcce8c","backupInstanceId":"/subscriptions/00000000-0000-0000-0000-000000000000/resourceGroups/oss-clitest-rg/providers/Microsoft.DataProtection/backupVaults/oss-clitest-vault/backupInstances/oss-clitest-server-postgres-faec6818-0720-11ec-bd1b-c8f750f92764","policyId":"/subscriptions/00000000-0000-0000-0000-000000000000/resourceGroups/oss-clitest-rg/providers/Microsoft.DataProtection/backupVaults/oss-clitest-vault/backupPolicies/oss-clitest-policy2","dataSourceId":"/subscriptions/00000000-0000-0000-0000-000000000000/resourceGroups/oss-clitest-rg/providers/Microsoft.DBforPostgreSQL/servers/oss-clitest-server/databases/postgres","vaultName":"oss-clitest-vault","backupInstanceFriendlyName":"oss-clitest-server\\postgres","policyName":"oss-clitest-policy2","sourceResourceGroup":"oss-clitest-rg","dataSourceSetName":"oss-clitest-server","dataSourceName":"postgres","sourceDataStoreName":null,"destinationDataStoreName":null,"progressEnabled":false,"etag":"W/\"datetime''2022-05-24T13%3A44%3A44.2285668Z''\"","sourceSubscriptionID":"38304e13-357e-405e-9e9a-220351dcce8c","dataSourceLocation":"centraluseuap","startTime":"2022-05-24T13:44:43.6758807Z","endTime":null,"dataSourceType":"Microsoft.DBforPostgreSQL/servers/databases","operationCategory":"Backup","operation":"Backup","status":"InProgress","restoreType":null,"isUserTriggered":true,"rehydrationPriority":null,"supportedActions":[""],"duration":"PT0S","progressUrl":null,"errorDetails":null,"extendedInfo":{"backupInstanceState":null,"dataTransferedInBytes":null,"targetRecoverPoint":null,"sourceRecoverPoint":null,"recoveryDestination":null,"subTasks":[{"taskId":1,"taskName":"Trigger
        Backup","taskStatus":"InProgress","taskProgress":null,"additionalDetails":null}],"additionalDetails":{"RetentionTag":"Weekly"}}},"id":"/subscriptions/00000000-0000-0000-0000-000000000000/resourceGroups/oss-clitest-rg/providers/Microsoft.DataProtection/backupVaults/oss-clitest-vault/backupJobs/67699a4b-9eeb-4ce6-933a-d7dab4edcb2d","name":"67699a4b-9eeb-4ce6-933a-d7dab4edcb2d","type":"Microsoft.DataProtection/backupVaults/backupJobs"}'
    headers:
      cache-control:
      - no-cache
      content-length:
      - '2199'
      content-type:
      - application/json
      date:
      - Tue, 24 May 2022 13:46:05 GMT
      expires:
      - '-1'
      pragma:
      - no-cache
      server:
      - Microsoft-IIS/10.0
      - Kestrel
      strict-transport-security:
      - max-age=31536000; includeSubDomains
      transfer-encoding:
      - chunked
      vary:
      - Accept-Encoding
      x-content-type-options:
      - nosniff
      x-powered-by:
      - ASP.NET
    status:
      code: 200
      message: OK
- request:
    body: null
    headers:
      Accept:
      - application/json
      Accept-Encoding:
      - gzip, deflate
      CommandName:
      - dataprotection job show
      Connection:
      - keep-alive
      ParameterSetName:
      - --ids
      User-Agent:
      - AZURECLI/2.36.0 azsdk-python-mgmt-dataprotection/1.0.0b1 Python/3.8.5 (Windows-10-10.0.22000-SP0)
    method: GET
    uri: https://management.azure.com/subscriptions/00000000-0000-0000-0000-000000000000/resourceGroups/oss-clitest-rg/providers/Microsoft.DataProtection/backupVaults/oss-clitest-vault/backupJobs/67699a4b-9eeb-4ce6-933a-d7dab4edcb2d?api-version=2022-04-01
  response:
    body:
      string: '{"properties":{"activityID":"aa1d3fce-db67-11ec-aba6-c8f750f92764","subscriptionId":"38304e13-357e-405e-9e9a-220351dcce8c","backupInstanceId":"/subscriptions/00000000-0000-0000-0000-000000000000/resourceGroups/oss-clitest-rg/providers/Microsoft.DataProtection/backupVaults/oss-clitest-vault/backupInstances/oss-clitest-server-postgres-faec6818-0720-11ec-bd1b-c8f750f92764","policyId":"/subscriptions/00000000-0000-0000-0000-000000000000/resourceGroups/oss-clitest-rg/providers/Microsoft.DataProtection/backupVaults/oss-clitest-vault/backupPolicies/oss-clitest-policy2","dataSourceId":"/subscriptions/00000000-0000-0000-0000-000000000000/resourceGroups/oss-clitest-rg/providers/Microsoft.DBforPostgreSQL/servers/oss-clitest-server/databases/postgres","vaultName":"oss-clitest-vault","backupInstanceFriendlyName":"oss-clitest-server\\postgres","policyName":"oss-clitest-policy2","sourceResourceGroup":"oss-clitest-rg","dataSourceSetName":"oss-clitest-server","dataSourceName":"postgres","sourceDataStoreName":null,"destinationDataStoreName":null,"progressEnabled":false,"etag":"W/\"datetime''2022-05-24T13%3A46%3A18.0464324Z''\"","sourceSubscriptionID":"38304e13-357e-405e-9e9a-220351dcce8c","dataSourceLocation":"centraluseuap","startTime":"2022-05-24T13:44:43.6758807Z","endTime":"2022-05-24T13:46:17.835625Z","dataSourceType":"Microsoft.DBforPostgreSQL/servers/databases","operationCategory":"Backup","operation":"Backup","status":"Completed","restoreType":null,"isUserTriggered":true,"rehydrationPriority":null,"supportedActions":[""],"duration":"PT1M34.1597443S","progressUrl":null,"errorDetails":null,"extendedInfo":{"backupInstanceState":null,"dataTransferedInBytes":null,"targetRecoverPoint":{"recoveryPointID":"c89eb07c19904930952b5ff939bb6ac2","recoveryPointTime":"0001-01-01T00:00:00Z"},"sourceRecoverPoint":null,"recoveryDestination":null,"subTasks":[{"taskId":1,"taskName":"Trigger
        Backup","taskStatus":"Completed","taskProgress":null,"additionalDetails":null}],"additionalDetails":{"RetentionTag":"Weekly"}}},"id":"/subscriptions/00000000-0000-0000-0000-000000000000/resourceGroups/oss-clitest-rg/providers/Microsoft.DataProtection/backupVaults/oss-clitest-vault/backupJobs/67699a4b-9eeb-4ce6-933a-d7dab4edcb2d","name":"67699a4b-9eeb-4ce6-933a-d7dab4edcb2d","type":"Microsoft.DataProtection/backupVaults/backupJobs"}'
    headers:
      cache-control:
      - no-cache
      content-length:
      - '2326'
      content-type:
      - application/json
      date:
      - Tue, 24 May 2022 13:46:20 GMT
      expires:
      - '-1'
      pragma:
      - no-cache
      server:
      - Microsoft-IIS/10.0
      - Kestrel
      strict-transport-security:
      - max-age=31536000; includeSubDomains
      transfer-encoding:
      - chunked
      vary:
      - Accept-Encoding
      x-content-type-options:
      - nosniff
      x-powered-by:
      - ASP.NET
    status:
      code: 200
      message: OK
- request:
    body: null
    headers:
      Accept:
      - application/json
      Accept-Encoding:
      - gzip, deflate
      CommandName:
      - dataprotection recovery-point list
      Connection:
      - keep-alive
      ParameterSetName:
      - --backup-instance-name -g --vault-name
      User-Agent:
      - AZURECLI/2.36.0 azsdk-python-mgmt-dataprotection/1.0.0b1 Python/3.8.5 (Windows-10-10.0.22000-SP0)
    method: GET
    uri: https://management.azure.com/subscriptions/00000000-0000-0000-0000-000000000000/resourceGroups/oss-clitest-rg/providers/Microsoft.DataProtection/backupVaults/oss-clitest-vault/backupInstances/oss-clitest-server-postgres-faec6818-0720-11ec-bd1b-c8f750f92764/recoveryPoints?api-version=2022-04-01&$filter=
  response:
    body:
      string: '{"value":[{"properties":{"objectType":"AzureBackupDiscreteRecoveryPoint","recoveryPointId":"c89eb07c19904930952b5ff939bb6ac2","recoveryPointTime":"2022-05-24T13:45:19.8946738Z","recoveryPointType":"Full","friendlyName":"a6ee494186354a0295152b85844a0c3e","recoveryPointDataStoresDetails":[{"id":"beddea84-7b30-42a5-a752-7c75baf96a52","type":"VaultStore","creationTime":"2022-05-24T13:45:19.8946738Z","expiryTime":null,"metaData":null,"visible":true,"state":"COMMITTED","rehydrationExpiryTime":null,"rehydrationStatus":null}],"retentionTagName":"Weekly","retentionTagVersion":"637889964735303158","policyName":"oss-clitest-policy2","policyVersion":null},"id":"/subscriptions/00000000-0000-0000-0000-000000000000/resourceGroups/oss-clitest-rg/providers/Microsoft.DataProtection/backupVaults/oss-clitest-vault/backupInstances/oss-clitest-server-postgres-faec6818-0720-11ec-bd1b-c8f750f92764/recoveryPoints/c89eb07c19904930952b5ff939bb6ac2","name":"c89eb07c19904930952b5ff939bb6ac2","type":"Microsoft.DataProtection/backupVaults/backupInstances/recoveryPoints"}]}'
    headers:
      cache-control:
      - no-cache
      content-length:
      - '1058'
      content-type:
      - application/json
      date:
      - Tue, 24 May 2022 13:46:25 GMT
      expires:
      - '-1'
      pragma:
      - no-cache
      server:
      - Microsoft-IIS/10.0
      strict-transport-security:
      - max-age=31536000; includeSubDomains
      transfer-encoding:
      - chunked
      vary:
      - Accept-Encoding
      x-content-type-options:
      - nosniff
      x-powered-by:
      - ASP.NET
    status:
      code: 200
      message: OK
- request:
    body: '{"restoreRequestObject": {"objectType": "AzureBackupRecoveryPointBasedRestoreRequest",
      "restoreTargetInfo": {"objectType": "RestoreTargetInfo", "recoveryOption": "FailIfExists",
      "restoreLocation": "centraluseuap", "datasourceInfo": {"datasourceType": "Microsoft.DBforPostgreSQL/servers/databases",
      "objectType": "Datasource", "resourceID": "/subscriptions/00000000-0000-0000-0000-000000000000/resourceGroups/oss-clitest-rg/providers/Microsoft.DBforPostgreSQL/servers/oss-clitest-server/databases/postgres_restore_24052022_191625",
      "resourceLocation": "centraluseuap", "resourceName": "postgres_restore_24052022_191625",
      "resourceType": "Microsoft.DBforPostgreSQL/servers/databases", "resourceUri":
      ""}, "datasourceSetInfo": {"datasourceType": "Microsoft.DBforPostgreSQL/servers/databases",
      "objectType": "DatasourceSet", "resourceID": "/subscriptions/00000000-0000-0000-0000-000000000000/resourceGroups/oss-clitest-rg/providers/Microsoft.DBforPostgreSQL/servers/oss-clitest-server",
      "resourceLocation": "centraluseuap", "resourceName": "oss-clitest-server", "resourceType":
      "Microsoft.DBforPostgreSQL/servers", "resourceUri": ""}, "datasourceAuthCredentials":
      {"objectType": "SecretStoreBasedAuthCredentials", "secretStoreResource": {"uri":
      "https://oss-clitest-keyvault.vault.azure.net/secrets/oss-clitest-secret", "secretStoreType":
      "AzureKeyVault"}}}, "sourceDataStoreType": "VaultStore", "recoveryPointId":
      "c89eb07c19904930952b5ff939bb6ac2"}}'
    headers:
      Accept:
      - application/json
      Accept-Encoding:
      - gzip, deflate
      CommandName:
      - dataprotection backup-instance validate-for-restore
      Connection:
      - keep-alive
      Content-Length:
      - '1447'
      Content-Type:
      - application/json
      ParameterSetName:
      - -g --vault-name -n --restore-request-object
      User-Agent:
      - AZURECLI/2.36.0 azsdk-python-mgmt-dataprotection/1.0.0b1 Python/3.8.5 (Windows-10-10.0.22000-SP0)
    method: POST
    uri: https://management.azure.com/subscriptions/00000000-0000-0000-0000-000000000000/resourceGroups/oss-clitest-rg/providers/Microsoft.DataProtection/backupVaults/oss-clitest-vault/backupInstances/oss-clitest-server-postgres-faec6818-0720-11ec-bd1b-c8f750f92764/validateRestore?api-version=2022-04-01
  response:
    body:
      string: ''
    headers:
      azure-asyncoperation:
      - https://management.azure.com/subscriptions/00000000-0000-0000-0000-000000000000/resourceGroups/oss-clitest-rg/providers/Microsoft.DataProtection/backupVaults/oss-clitest-vault/operationStatus/NTc5ZTVjYzItYTNmMC00OTM1LWFhN2QtOWQwNmE5NGVmMzE3OzZiM2JlMzIyLWE1NzUtNDJmZi04NTMxLWQxM2FkZjFiZjllZQ==?api-version=2022-04-01
      cache-control:
      - no-cache
      content-length:
      - '0'
      date:
      - Tue, 24 May 2022 13:46:30 GMT
      expires:
      - '-1'
      location:
      - https://management.azure.com/subscriptions/00000000-0000-0000-0000-000000000000/providers/Microsoft.DataProtection/locations/centraluseuap/operationResults/NTc5ZTVjYzItYTNmMC00OTM1LWFhN2QtOWQwNmE5NGVmMzE3OzZiM2JlMzIyLWE1NzUtNDJmZi04NTMxLWQxM2FkZjFiZjllZQ==?api-version=2022-04-01
      pragma:
      - no-cache
      strict-transport-security:
      - max-age=31536000; includeSubDomains
      x-content-type-options:
      - nosniff
      x-ms-ratelimit-remaining-subscription-writes:
      - '1199'
      x-powered-by:
      - ASP.NET
    status:
      code: 202
      message: Accepted
- request:
    body: null
    headers:
      Accept:
      - '*/*'
      Accept-Encoding:
      - gzip, deflate
      CommandName:
      - dataprotection backup-instance validate-for-restore
      Connection:
      - keep-alive
      ParameterSetName:
      - -g --vault-name -n --restore-request-object
      User-Agent:
      - AZURECLI/2.36.0 azsdk-python-mgmt-dataprotection/1.0.0b1 Python/3.8.5 (Windows-10-10.0.22000-SP0)
    method: GET
    uri: https://management.azure.com/subscriptions/00000000-0000-0000-0000-000000000000/resourceGroups/oss-clitest-rg/providers/Microsoft.DataProtection/backupVaults/oss-clitest-vault/operationStatus/NTc5ZTVjYzItYTNmMC00OTM1LWFhN2QtOWQwNmE5NGVmMzE3OzZiM2JlMzIyLWE1NzUtNDJmZi04NTMxLWQxM2FkZjFiZjllZQ==?api-version=2022-04-01
  response:
    body:
      string: '{"id":"/subscriptions/00000000-0000-0000-0000-000000000000/resourceGroups/oss-clitest-rg/providers/Microsoft.DataProtection/backupVaults/oss-clitest-vault/operationStatus/NTc5ZTVjYzItYTNmMC00OTM1LWFhN2QtOWQwNmE5NGVmMzE3OzZiM2JlMzIyLWE1NzUtNDJmZi04NTMxLWQxM2FkZjFiZjllZQ==","name":"NTc5ZTVjYzItYTNmMC00OTM1LWFhN2QtOWQwNmE5NGVmMzE3OzZiM2JlMzIyLWE1NzUtNDJmZi04NTMxLWQxM2FkZjFiZjllZQ==","status":"Inprogress","startTime":"2022-05-24T13:46:30.2467896Z","endTime":"0001-01-01T00:00:00Z"}'
    headers:
      cache-control:
      - no-cache
      content-length:
      - '481'
      content-type:
      - application/json
      date:
      - Tue, 24 May 2022 13:46:41 GMT
      expires:
      - '-1'
      pragma:
      - no-cache
      server:
      - Microsoft-IIS/10.0
      strict-transport-security:
      - max-age=31536000; includeSubDomains
      transfer-encoding:
      - chunked
      vary:
      - Accept-Encoding
      x-content-type-options:
      - nosniff
      x-powered-by:
      - ASP.NET
    status:
      code: 200
      message: OK
- request:
    body: null
    headers:
      Accept:
      - '*/*'
      Accept-Encoding:
      - gzip, deflate
      CommandName:
      - dataprotection backup-instance validate-for-restore
      Connection:
      - keep-alive
      ParameterSetName:
      - -g --vault-name -n --restore-request-object
      User-Agent:
      - AZURECLI/2.36.0 azsdk-python-mgmt-dataprotection/1.0.0b1 Python/3.8.5 (Windows-10-10.0.22000-SP0)
    method: GET
    uri: https://management.azure.com/subscriptions/00000000-0000-0000-0000-000000000000/resourceGroups/oss-clitest-rg/providers/Microsoft.DataProtection/backupVaults/oss-clitest-vault/operationStatus/NTc5ZTVjYzItYTNmMC00OTM1LWFhN2QtOWQwNmE5NGVmMzE3OzZiM2JlMzIyLWE1NzUtNDJmZi04NTMxLWQxM2FkZjFiZjllZQ==?api-version=2022-04-01
  response:
    body:
      string: '{"id":"/subscriptions/00000000-0000-0000-0000-000000000000/resourceGroups/oss-clitest-rg/providers/Microsoft.DataProtection/backupVaults/oss-clitest-vault/operationStatus/NTc5ZTVjYzItYTNmMC00OTM1LWFhN2QtOWQwNmE5NGVmMzE3OzZiM2JlMzIyLWE1NzUtNDJmZi04NTMxLWQxM2FkZjFiZjllZQ==","name":"NTc5ZTVjYzItYTNmMC00OTM1LWFhN2QtOWQwNmE5NGVmMzE3OzZiM2JlMzIyLWE1NzUtNDJmZi04NTMxLWQxM2FkZjFiZjllZQ==","status":"Succeeded","startTime":"2022-05-24T13:46:30.2467896Z","endTime":"2022-05-24T13:46:52Z"}'
    headers:
      cache-control:
      - no-cache
      content-length:
      - '480'
      content-type:
      - application/json
      date:
      - Tue, 24 May 2022 13:47:11 GMT
      expires:
      - '-1'
      pragma:
      - no-cache
      server:
      - Microsoft-IIS/10.0
      strict-transport-security:
      - max-age=31536000; includeSubDomains
      transfer-encoding:
      - chunked
      vary:
      - Accept-Encoding
      x-content-type-options:
      - nosniff
      x-powered-by:
      - ASP.NET
    status:
      code: 200
      message: OK
- request:
    body: null
    headers:
      Accept:
      - '*/*'
      Accept-Encoding:
      - gzip, deflate
      CommandName:
      - dataprotection backup-instance validate-for-restore
      Connection:
      - keep-alive
      ParameterSetName:
      - -g --vault-name -n --restore-request-object
      User-Agent:
      - AZURECLI/2.36.0 azsdk-python-mgmt-dataprotection/1.0.0b1 Python/3.8.5 (Windows-10-10.0.22000-SP0)
    method: GET
    uri: https://management.azure.com/subscriptions/00000000-0000-0000-0000-000000000000/providers/Microsoft.DataProtection/locations/centraluseuap/operationResults/NTc5ZTVjYzItYTNmMC00OTM1LWFhN2QtOWQwNmE5NGVmMzE3OzZiM2JlMzIyLWE1NzUtNDJmZi04NTMxLWQxM2FkZjFiZjllZQ==?api-version=2022-04-01
  response:
    body:
      string: '{"objectType":"OperationJobExtendedInfo"}'
    headers:
      azure-asyncoperation:
      - https://management.azure.com/subscriptions/00000000-0000-0000-0000-000000000000/providers/Microsoft.DataProtection/locations/centraluseuap/operationStatus/NTc5ZTVjYzItYTNmMC00OTM1LWFhN2QtOWQwNmE5NGVmMzE3OzZiM2JlMzIyLWE1NzUtNDJmZi04NTMxLWQxM2FkZjFiZjllZQ==?api-version=2022-04-01
      cache-control:
      - no-cache
      content-length:
      - '41'
      content-type:
      - application/json
      date:
      - Tue, 24 May 2022 13:47:12 GMT
      expires:
      - '-1'
      pragma:
      - no-cache
      server:
      - Microsoft-IIS/10.0
      strict-transport-security:
      - max-age=31536000; includeSubDomains
      transfer-encoding:
      - chunked
      vary:
      - Accept-Encoding
      x-content-type-options:
      - nosniff
      x-powered-by:
      - ASP.NET
    status:
      code: 200
      message: OK
- request:
    body: '{"objectType": "AzureBackupRecoveryPointBasedRestoreRequest", "restoreTargetInfo":
      {"objectType": "RestoreTargetInfo", "recoveryOption": "FailIfExists", "restoreLocation":
      "centraluseuap", "datasourceInfo": {"datasourceType": "Microsoft.DBforPostgreSQL/servers/databases",
      "objectType": "Datasource", "resourceID": "/subscriptions/00000000-0000-0000-0000-000000000000/resourceGroups/oss-clitest-rg/providers/Microsoft.DBforPostgreSQL/servers/oss-clitest-server/databases/postgres_restore_24052022_191625",
      "resourceLocation": "centraluseuap", "resourceName": "postgres_restore_24052022_191625",
      "resourceType": "Microsoft.DBforPostgreSQL/servers/databases", "resourceUri":
      ""}, "datasourceSetInfo": {"datasourceType": "Microsoft.DBforPostgreSQL/servers/databases",
      "objectType": "DatasourceSet", "resourceID": "/subscriptions/00000000-0000-0000-0000-000000000000/resourceGroups/oss-clitest-rg/providers/Microsoft.DBforPostgreSQL/servers/oss-clitest-server",
      "resourceLocation": "centraluseuap", "resourceName": "oss-clitest-server", "resourceType":
      "Microsoft.DBforPostgreSQL/servers", "resourceUri": ""}, "datasourceAuthCredentials":
      {"objectType": "SecretStoreBasedAuthCredentials", "secretStoreResource": {"uri":
      "https://oss-clitest-keyvault.vault.azure.net/secrets/oss-clitest-secret", "secretStoreType":
      "AzureKeyVault"}}}, "sourceDataStoreType": "VaultStore", "recoveryPointId":
      "c89eb07c19904930952b5ff939bb6ac2"}'
    headers:
      Accept:
      - application/json
      Accept-Encoding:
      - gzip, deflate
      CommandName:
      - dataprotection backup-instance restore trigger
      Connection:
      - keep-alive
      Content-Length:
      - '1421'
      Content-Type:
      - application/json
      ParameterSetName:
      - -g --vault-name -n --restore-request-object
      User-Agent:
      - AZURECLI/2.36.0 azsdk-python-mgmt-dataprotection/1.0.0b1 Python/3.8.5 (Windows-10-10.0.22000-SP0)
    method: POST
    uri: https://management.azure.com/subscriptions/00000000-0000-0000-0000-000000000000/resourceGroups/oss-clitest-rg/providers/Microsoft.DataProtection/backupVaults/oss-clitest-vault/backupInstances/oss-clitest-server-postgres-faec6818-0720-11ec-bd1b-c8f750f92764/restore?api-version=2022-04-01
  response:
    body:
      string: ''
    headers:
      azure-asyncoperation:
      - https://management.azure.com/subscriptions/00000000-0000-0000-0000-000000000000/resourceGroups/oss-clitest-rg/providers/Microsoft.DataProtection/backupVaults/oss-clitest-vault/operationStatus/NTc5ZTVjYzItYTNmMC00OTM1LWFhN2QtOWQwNmE5NGVmMzE3O2M1ZjBjYTkwLTg0ZWEtNDk0Ni04NTAyLWZkZWRhZWIyMDg1MA==?api-version=2022-04-01
      cache-control:
      - no-cache
      content-length:
      - '0'
      date:
      - Tue, 24 May 2022 13:47:16 GMT
      expires:
      - '-1'
      location:
      - https://management.azure.com/subscriptions/00000000-0000-0000-0000-000000000000/providers/Microsoft.DataProtection/locations/centraluseuap/operationResults/NTc5ZTVjYzItYTNmMC00OTM1LWFhN2QtOWQwNmE5NGVmMzE3O2M1ZjBjYTkwLTg0ZWEtNDk0Ni04NTAyLWZkZWRhZWIyMDg1MA==?api-version=2022-04-01
      pragma:
      - no-cache
      strict-transport-security:
      - max-age=31536000; includeSubDomains
      x-content-type-options:
      - nosniff
      x-ms-ratelimit-remaining-subscription-writes:
      - '1199'
      x-powered-by:
      - ASP.NET
    status:
      code: 202
      message: Accepted
- request:
    body: null
    headers:
      Accept:
      - '*/*'
      Accept-Encoding:
      - gzip, deflate
      CommandName:
      - dataprotection backup-instance restore trigger
      Connection:
      - keep-alive
      ParameterSetName:
      - -g --vault-name -n --restore-request-object
      User-Agent:
      - AZURECLI/2.36.0 azsdk-python-mgmt-dataprotection/1.0.0b1 Python/3.8.5 (Windows-10-10.0.22000-SP0)
    method: GET
    uri: https://management.azure.com/subscriptions/00000000-0000-0000-0000-000000000000/resourceGroups/oss-clitest-rg/providers/Microsoft.DataProtection/backupVaults/oss-clitest-vault/operationStatus/NTc5ZTVjYzItYTNmMC00OTM1LWFhN2QtOWQwNmE5NGVmMzE3O2M1ZjBjYTkwLTg0ZWEtNDk0Ni04NTAyLWZkZWRhZWIyMDg1MA==?api-version=2022-04-01
  response:
    body:
      string: '{"id":"/subscriptions/00000000-0000-0000-0000-000000000000/resourceGroups/oss-clitest-rg/providers/Microsoft.DataProtection/backupVaults/oss-clitest-vault/operationStatus/NTc5ZTVjYzItYTNmMC00OTM1LWFhN2QtOWQwNmE5NGVmMzE3O2M1ZjBjYTkwLTg0ZWEtNDk0Ni04NTAyLWZkZWRhZWIyMDg1MA==","name":"NTc5ZTVjYzItYTNmMC00OTM1LWFhN2QtOWQwNmE5NGVmMzE3O2M1ZjBjYTkwLTg0ZWEtNDk0Ni04NTAyLWZkZWRhZWIyMDg1MA==","status":"Succeeded","startTime":"2022-05-24T13:47:17.2233141Z","endTime":"2022-05-24T13:47:19Z","properties":{"jobId":"/subscriptions/00000000-0000-0000-0000-000000000000/resourcegroups/oss-clitest-rg/providers/Microsoft.DataProtection/BackupVaults/oss-clitest-vault/backupJobs/12b0e954-5ee1-4f6f-a11b-49989888ee23","objectType":"OperationJobExtendedInfo"}}'
    headers:
      cache-control:
      - no-cache
      content-length:
      - '741'
      content-type:
      - application/json
      date:
      - Tue, 24 May 2022 13:47:47 GMT
      expires:
      - '-1'
      pragma:
      - no-cache
      server:
      - Microsoft-IIS/10.0
      strict-transport-security:
      - max-age=31536000; includeSubDomains
      transfer-encoding:
      - chunked
      vary:
      - Accept-Encoding
      x-content-type-options:
      - nosniff
      x-powered-by:
      - ASP.NET
    status:
      code: 200
      message: OK
- request:
    body: null
    headers:
      Accept:
      - '*/*'
      Accept-Encoding:
      - gzip, deflate
      CommandName:
      - dataprotection backup-instance restore trigger
      Connection:
      - keep-alive
      ParameterSetName:
      - -g --vault-name -n --restore-request-object
      User-Agent:
      - AZURECLI/2.36.0 azsdk-python-mgmt-dataprotection/1.0.0b1 Python/3.8.5 (Windows-10-10.0.22000-SP0)
    method: GET
    uri: https://management.azure.com/subscriptions/00000000-0000-0000-0000-000000000000/providers/Microsoft.DataProtection/locations/centraluseuap/operationResults/NTc5ZTVjYzItYTNmMC00OTM1LWFhN2QtOWQwNmE5NGVmMzE3O2M1ZjBjYTkwLTg0ZWEtNDk0Ni04NTAyLWZkZWRhZWIyMDg1MA==?api-version=2022-04-01
  response:
    body:
      string: '{"jobId":"/subscriptions/00000000-0000-0000-0000-000000000000/resourcegroups/oss-clitest-rg/providers/Microsoft.DataProtection/BackupVaults/oss-clitest-vault/backupJobs/12b0e954-5ee1-4f6f-a11b-49989888ee23","objectType":"OperationJobExtendedInfo"}'
    headers:
      azure-asyncoperation:
      - https://management.azure.com/subscriptions/00000000-0000-0000-0000-000000000000/providers/Microsoft.DataProtection/locations/centraluseuap/operationStatus/NTc5ZTVjYzItYTNmMC00OTM1LWFhN2QtOWQwNmE5NGVmMzE3O2M1ZjBjYTkwLTg0ZWEtNDk0Ni04NTAyLWZkZWRhZWIyMDg1MA==?api-version=2022-04-01
      cache-control:
      - no-cache
      content-length:
      - '247'
      content-type:
      - application/json
      date:
      - Tue, 24 May 2022 13:47:48 GMT
      expires:
      - '-1'
      pragma:
      - no-cache
      server:
      - Microsoft-IIS/10.0
      strict-transport-security:
      - max-age=31536000; includeSubDomains
      transfer-encoding:
      - chunked
      vary:
      - Accept-Encoding
      x-content-type-options:
      - nosniff
      x-powered-by:
      - ASP.NET
    status:
      code: 200
      message: OK
- request:
    body: null
    headers:
      Accept:
      - application/json
      Accept-Encoding:
      - gzip, deflate
      CommandName:
      - dataprotection job show
      Connection:
      - keep-alive
      ParameterSetName:
      - --ids
      User-Agent:
      - AZURECLI/2.36.0 azsdk-python-mgmt-dataprotection/1.0.0b1 Python/3.8.5 (Windows-10-10.0.22000-SP0)
    method: GET
    uri: https://management.azure.com/subscriptions/00000000-0000-0000-0000-000000000000/resourceGroups/oss-clitest-rg/providers/Microsoft.DataProtection/backupVaults/oss-clitest-vault/backupJobs/12b0e954-5ee1-4f6f-a11b-49989888ee23?api-version=2022-04-01
  response:
    body:
      string: '{"properties":{"activityID":"03882d8a-db68-11ec-ad27-c8f750f92764","subscriptionId":"38304e13-357e-405e-9e9a-220351dcce8c","backupInstanceId":"/subscriptions/00000000-0000-0000-0000-000000000000/resourceGroups/oss-clitest-rg/providers/Microsoft.DataProtection/backupVaults/oss-clitest-vault/backupInstances/oss-clitest-server-postgres-faec6818-0720-11ec-bd1b-c8f750f92764","policyId":"/subscriptions/00000000-0000-0000-0000-000000000000/resourceGroups/oss-clitest-rg/providers/Microsoft.DataProtection/backupVaults/oss-clitest-vault/backupPolicies/oss-clitest-policy2","dataSourceId":"/subscriptions/00000000-0000-0000-0000-000000000000/resourceGroups/oss-clitest-rg/providers/Microsoft.DBforPostgreSQL/servers/oss-clitest-server/databases/postgres","vaultName":"oss-clitest-vault","backupInstanceFriendlyName":"oss-clitest-server\\postgres","policyName":"oss-clitest-policy2","sourceResourceGroup":"oss-clitest-rg","dataSourceSetName":"oss-clitest-server","dataSourceName":"postgres","sourceDataStoreName":null,"destinationDataStoreName":null,"progressEnabled":false,"etag":"W/\"datetime''2022-05-24T13%3A47%3A18.1673697Z''\"","sourceSubscriptionID":"38304e13-357e-405e-9e9a-220351dcce8c","dataSourceLocation":"centraluseuap","startTime":"2022-05-24T13:47:17.6297301Z","endTime":null,"dataSourceType":"Microsoft.DBforPostgreSQL/servers/databases","operationCategory":"Restore","operation":"Restore","status":"InProgress","restoreType":null,"isUserTriggered":true,"rehydrationPriority":null,"supportedActions":[""],"duration":"PT0S","progressUrl":null,"errorDetails":null,"extendedInfo":{"backupInstanceState":null,"dataTransferedInBytes":null,"targetRecoverPoint":null,"sourceRecoverPoint":{"recoveryPointID":"c89eb07c19904930952b5ff939bb6ac2","recoveryPointTime":"2022-05-24T13:45:19.8946738Z"},"recoveryDestination":"/subscriptions/00000000-0000-0000-0000-000000000000/resourceGroups/oss-clitest-rg/providers/Microsoft.DBforPostgreSQL/servers/oss-clitest-server/databases/postgres_restore_24052022_191625","subTasks":[{"taskId":1,"taskName":"Trigger
        Restore","taskStatus":"InProgress","taskProgress":null,"additionalDetails":null}],"additionalDetails":null}},"id":"/subscriptions/00000000-0000-0000-0000-000000000000/resourceGroups/oss-clitest-rg/providers/Microsoft.DataProtection/backupVaults/oss-clitest-vault/backupJobs/12b0e954-5ee1-4f6f-a11b-49989888ee23","name":"12b0e954-5ee1-4f6f-a11b-49989888ee23","type":"Microsoft.DataProtection/backupVaults/backupJobs"}'
    headers:
      cache-control:
      - no-cache
      content-length:
      - '2467'
      content-type:
      - application/json
      date:
      - Tue, 24 May 2022 13:48:03 GMT
      expires:
      - '-1'
      pragma:
      - no-cache
      server:
      - Microsoft-IIS/10.0
      - Kestrel
      strict-transport-security:
      - max-age=31536000; includeSubDomains
      transfer-encoding:
      - chunked
      vary:
      - Accept-Encoding
      x-content-type-options:
      - nosniff
      x-powered-by:
      - ASP.NET
    status:
      code: 200
      message: OK
- request:
    body: null
    headers:
      Accept:
      - application/json
      Accept-Encoding:
      - gzip, deflate
      CommandName:
      - dataprotection job show
      Connection:
      - keep-alive
      ParameterSetName:
      - --ids
      User-Agent:
      - AZURECLI/2.36.0 azsdk-python-mgmt-dataprotection/1.0.0b1 Python/3.8.5 (Windows-10-10.0.22000-SP0)
    method: GET
    uri: https://management.azure.com/subscriptions/00000000-0000-0000-0000-000000000000/resourceGroups/oss-clitest-rg/providers/Microsoft.DataProtection/backupVaults/oss-clitest-vault/backupJobs/12b0e954-5ee1-4f6f-a11b-49989888ee23?api-version=2022-04-01
  response:
    body:
      string: '{"properties":{"activityID":"03882d8a-db68-11ec-ad27-c8f750f92764","subscriptionId":"38304e13-357e-405e-9e9a-220351dcce8c","backupInstanceId":"/subscriptions/00000000-0000-0000-0000-000000000000/resourceGroups/oss-clitest-rg/providers/Microsoft.DataProtection/backupVaults/oss-clitest-vault/backupInstances/oss-clitest-server-postgres-faec6818-0720-11ec-bd1b-c8f750f92764","policyId":"/subscriptions/00000000-0000-0000-0000-000000000000/resourceGroups/oss-clitest-rg/providers/Microsoft.DataProtection/backupVaults/oss-clitest-vault/backupPolicies/oss-clitest-policy2","dataSourceId":"/subscriptions/00000000-0000-0000-0000-000000000000/resourceGroups/oss-clitest-rg/providers/Microsoft.DBforPostgreSQL/servers/oss-clitest-server/databases/postgres","vaultName":"oss-clitest-vault","backupInstanceFriendlyName":"oss-clitest-server\\postgres","policyName":"oss-clitest-policy2","sourceResourceGroup":"oss-clitest-rg","dataSourceSetName":"oss-clitest-server","dataSourceName":"postgres","sourceDataStoreName":null,"destinationDataStoreName":null,"progressEnabled":false,"etag":"W/\"datetime''2022-05-24T13%3A47%3A18.1673697Z''\"","sourceSubscriptionID":"38304e13-357e-405e-9e9a-220351dcce8c","dataSourceLocation":"centraluseuap","startTime":"2022-05-24T13:47:17.6297301Z","endTime":null,"dataSourceType":"Microsoft.DBforPostgreSQL/servers/databases","operationCategory":"Restore","operation":"Restore","status":"InProgress","restoreType":null,"isUserTriggered":true,"rehydrationPriority":null,"supportedActions":[""],"duration":"PT0S","progressUrl":null,"errorDetails":null,"extendedInfo":{"backupInstanceState":null,"dataTransferedInBytes":null,"targetRecoverPoint":null,"sourceRecoverPoint":{"recoveryPointID":"c89eb07c19904930952b5ff939bb6ac2","recoveryPointTime":"2022-05-24T13:45:19.8946738Z"},"recoveryDestination":"/subscriptions/00000000-0000-0000-0000-000000000000/resourceGroups/oss-clitest-rg/providers/Microsoft.DBforPostgreSQL/servers/oss-clitest-server/databases/postgres_restore_24052022_191625","subTasks":[{"taskId":1,"taskName":"Trigger
        Restore","taskStatus":"InProgress","taskProgress":null,"additionalDetails":null}],"additionalDetails":null}},"id":"/subscriptions/00000000-0000-0000-0000-000000000000/resourceGroups/oss-clitest-rg/providers/Microsoft.DataProtection/backupVaults/oss-clitest-vault/backupJobs/12b0e954-5ee1-4f6f-a11b-49989888ee23","name":"12b0e954-5ee1-4f6f-a11b-49989888ee23","type":"Microsoft.DataProtection/backupVaults/backupJobs"}'
    headers:
      cache-control:
      - no-cache
      content-length:
      - '2467'
      content-type:
      - application/json
      date:
      - Tue, 24 May 2022 13:48:16 GMT
      expires:
      - '-1'
      pragma:
      - no-cache
      server:
      - Microsoft-IIS/10.0
      - Kestrel
      strict-transport-security:
      - max-age=31536000; includeSubDomains
      transfer-encoding:
      - chunked
      vary:
      - Accept-Encoding
      x-content-type-options:
      - nosniff
      x-powered-by:
      - ASP.NET
    status:
      code: 200
      message: OK
- request:
    body: null
    headers:
      Accept:
      - application/json
      Accept-Encoding:
      - gzip, deflate
      CommandName:
      - dataprotection job show
      Connection:
      - keep-alive
      ParameterSetName:
      - --ids
      User-Agent:
      - AZURECLI/2.36.0 azsdk-python-mgmt-dataprotection/1.0.0b1 Python/3.8.5 (Windows-10-10.0.22000-SP0)
    method: GET
    uri: https://management.azure.com/subscriptions/00000000-0000-0000-0000-000000000000/resourceGroups/oss-clitest-rg/providers/Microsoft.DataProtection/backupVaults/oss-clitest-vault/backupJobs/12b0e954-5ee1-4f6f-a11b-49989888ee23?api-version=2022-04-01
  response:
    body:
      string: '{"properties":{"activityID":"03882d8a-db68-11ec-ad27-c8f750f92764","subscriptionId":"38304e13-357e-405e-9e9a-220351dcce8c","backupInstanceId":"/subscriptions/00000000-0000-0000-0000-000000000000/resourceGroups/oss-clitest-rg/providers/Microsoft.DataProtection/backupVaults/oss-clitest-vault/backupInstances/oss-clitest-server-postgres-faec6818-0720-11ec-bd1b-c8f750f92764","policyId":"/subscriptions/00000000-0000-0000-0000-000000000000/resourceGroups/oss-clitest-rg/providers/Microsoft.DataProtection/backupVaults/oss-clitest-vault/backupPolicies/oss-clitest-policy2","dataSourceId":"/subscriptions/00000000-0000-0000-0000-000000000000/resourceGroups/oss-clitest-rg/providers/Microsoft.DBforPostgreSQL/servers/oss-clitest-server/databases/postgres","vaultName":"oss-clitest-vault","backupInstanceFriendlyName":"oss-clitest-server\\postgres","policyName":"oss-clitest-policy2","sourceResourceGroup":"oss-clitest-rg","dataSourceSetName":"oss-clitest-server","dataSourceName":"postgres","sourceDataStoreName":null,"destinationDataStoreName":null,"progressEnabled":false,"etag":"W/\"datetime''2022-05-24T13%3A47%3A18.1673697Z''\"","sourceSubscriptionID":"38304e13-357e-405e-9e9a-220351dcce8c","dataSourceLocation":"centraluseuap","startTime":"2022-05-24T13:47:17.6297301Z","endTime":null,"dataSourceType":"Microsoft.DBforPostgreSQL/servers/databases","operationCategory":"Restore","operation":"Restore","status":"InProgress","restoreType":null,"isUserTriggered":true,"rehydrationPriority":null,"supportedActions":[""],"duration":"PT0S","progressUrl":null,"errorDetails":null,"extendedInfo":{"backupInstanceState":null,"dataTransferedInBytes":null,"targetRecoverPoint":null,"sourceRecoverPoint":{"recoveryPointID":"c89eb07c19904930952b5ff939bb6ac2","recoveryPointTime":"2022-05-24T13:45:19.8946738Z"},"recoveryDestination":"/subscriptions/00000000-0000-0000-0000-000000000000/resourceGroups/oss-clitest-rg/providers/Microsoft.DBforPostgreSQL/servers/oss-clitest-server/databases/postgres_restore_24052022_191625","subTasks":[{"taskId":1,"taskName":"Trigger
        Restore","taskStatus":"InProgress","taskProgress":null,"additionalDetails":null}],"additionalDetails":null}},"id":"/subscriptions/00000000-0000-0000-0000-000000000000/resourceGroups/oss-clitest-rg/providers/Microsoft.DataProtection/backupVaults/oss-clitest-vault/backupJobs/12b0e954-5ee1-4f6f-a11b-49989888ee23","name":"12b0e954-5ee1-4f6f-a11b-49989888ee23","type":"Microsoft.DataProtection/backupVaults/backupJobs"}'
    headers:
      cache-control:
      - no-cache
      content-length:
      - '2467'
      content-type:
      - application/json
      date:
      - Tue, 24 May 2022 13:48:28 GMT
      expires:
      - '-1'
      pragma:
      - no-cache
      server:
      - Microsoft-IIS/10.0
      - Kestrel
      strict-transport-security:
      - max-age=31536000; includeSubDomains
      transfer-encoding:
      - chunked
      vary:
      - Accept-Encoding
      x-content-type-options:
      - nosniff
      x-powered-by:
      - ASP.NET
    status:
      code: 200
      message: OK
- request:
    body: null
    headers:
      Accept:
      - application/json
      Accept-Encoding:
      - gzip, deflate
      CommandName:
      - dataprotection job show
      Connection:
      - keep-alive
      ParameterSetName:
      - --ids
      User-Agent:
      - AZURECLI/2.36.0 azsdk-python-mgmt-dataprotection/1.0.0b1 Python/3.8.5 (Windows-10-10.0.22000-SP0)
    method: GET
    uri: https://management.azure.com/subscriptions/00000000-0000-0000-0000-000000000000/resourceGroups/oss-clitest-rg/providers/Microsoft.DataProtection/backupVaults/oss-clitest-vault/backupJobs/12b0e954-5ee1-4f6f-a11b-49989888ee23?api-version=2022-04-01
  response:
    body:
      string: '{"properties":{"activityID":"03882d8a-db68-11ec-ad27-c8f750f92764","subscriptionId":"38304e13-357e-405e-9e9a-220351dcce8c","backupInstanceId":"/subscriptions/00000000-0000-0000-0000-000000000000/resourceGroups/oss-clitest-rg/providers/Microsoft.DataProtection/backupVaults/oss-clitest-vault/backupInstances/oss-clitest-server-postgres-faec6818-0720-11ec-bd1b-c8f750f92764","policyId":"/subscriptions/00000000-0000-0000-0000-000000000000/resourceGroups/oss-clitest-rg/providers/Microsoft.DataProtection/backupVaults/oss-clitest-vault/backupPolicies/oss-clitest-policy2","dataSourceId":"/subscriptions/00000000-0000-0000-0000-000000000000/resourceGroups/oss-clitest-rg/providers/Microsoft.DBforPostgreSQL/servers/oss-clitest-server/databases/postgres","vaultName":"oss-clitest-vault","backupInstanceFriendlyName":"oss-clitest-server\\postgres","policyName":"oss-clitest-policy2","sourceResourceGroup":"oss-clitest-rg","dataSourceSetName":"oss-clitest-server","dataSourceName":"postgres","sourceDataStoreName":null,"destinationDataStoreName":null,"progressEnabled":false,"etag":"W/\"datetime''2022-05-24T13%3A47%3A18.1673697Z''\"","sourceSubscriptionID":"38304e13-357e-405e-9e9a-220351dcce8c","dataSourceLocation":"centraluseuap","startTime":"2022-05-24T13:47:17.6297301Z","endTime":null,"dataSourceType":"Microsoft.DBforPostgreSQL/servers/databases","operationCategory":"Restore","operation":"Restore","status":"InProgress","restoreType":null,"isUserTriggered":true,"rehydrationPriority":null,"supportedActions":[""],"duration":"PT0S","progressUrl":null,"errorDetails":null,"extendedInfo":{"backupInstanceState":null,"dataTransferedInBytes":null,"targetRecoverPoint":null,"sourceRecoverPoint":{"recoveryPointID":"c89eb07c19904930952b5ff939bb6ac2","recoveryPointTime":"2022-05-24T13:45:19.8946738Z"},"recoveryDestination":"/subscriptions/00000000-0000-0000-0000-000000000000/resourceGroups/oss-clitest-rg/providers/Microsoft.DBforPostgreSQL/servers/oss-clitest-server/databases/postgres_restore_24052022_191625","subTasks":[{"taskId":1,"taskName":"Trigger
        Restore","taskStatus":"InProgress","taskProgress":null,"additionalDetails":null}],"additionalDetails":null}},"id":"/subscriptions/00000000-0000-0000-0000-000000000000/resourceGroups/oss-clitest-rg/providers/Microsoft.DataProtection/backupVaults/oss-clitest-vault/backupJobs/12b0e954-5ee1-4f6f-a11b-49989888ee23","name":"12b0e954-5ee1-4f6f-a11b-49989888ee23","type":"Microsoft.DataProtection/backupVaults/backupJobs"}'
    headers:
      cache-control:
      - no-cache
      content-length:
      - '2467'
      content-type:
      - application/json
      date:
      - Tue, 24 May 2022 13:48:43 GMT
      expires:
      - '-1'
      pragma:
      - no-cache
      server:
      - Microsoft-IIS/10.0
      - Kestrel
      strict-transport-security:
      - max-age=31536000; includeSubDomains
      transfer-encoding:
      - chunked
      vary:
      - Accept-Encoding
      x-content-type-options:
      - nosniff
      x-powered-by:
      - ASP.NET
    status:
      code: 200
      message: OK
- request:
    body: null
    headers:
      Accept:
      - application/json
      Accept-Encoding:
      - gzip, deflate
      CommandName:
      - dataprotection job show
      Connection:
      - keep-alive
      ParameterSetName:
      - --ids
      User-Agent:
      - AZURECLI/2.36.0 azsdk-python-mgmt-dataprotection/1.0.0b1 Python/3.8.5 (Windows-10-10.0.22000-SP0)
    method: GET
    uri: https://management.azure.com/subscriptions/00000000-0000-0000-0000-000000000000/resourceGroups/oss-clitest-rg/providers/Microsoft.DataProtection/backupVaults/oss-clitest-vault/backupJobs/12b0e954-5ee1-4f6f-a11b-49989888ee23?api-version=2022-04-01
  response:
    body:
      string: '{"properties":{"activityID":"03882d8a-db68-11ec-ad27-c8f750f92764","subscriptionId":"38304e13-357e-405e-9e9a-220351dcce8c","backupInstanceId":"/subscriptions/00000000-0000-0000-0000-000000000000/resourceGroups/oss-clitest-rg/providers/Microsoft.DataProtection/backupVaults/oss-clitest-vault/backupInstances/oss-clitest-server-postgres-faec6818-0720-11ec-bd1b-c8f750f92764","policyId":"/subscriptions/00000000-0000-0000-0000-000000000000/resourceGroups/oss-clitest-rg/providers/Microsoft.DataProtection/backupVaults/oss-clitest-vault/backupPolicies/oss-clitest-policy2","dataSourceId":"/subscriptions/00000000-0000-0000-0000-000000000000/resourceGroups/oss-clitest-rg/providers/Microsoft.DBforPostgreSQL/servers/oss-clitest-server/databases/postgres","vaultName":"oss-clitest-vault","backupInstanceFriendlyName":"oss-clitest-server\\postgres","policyName":"oss-clitest-policy2","sourceResourceGroup":"oss-clitest-rg","dataSourceSetName":"oss-clitest-server","dataSourceName":"postgres","sourceDataStoreName":null,"destinationDataStoreName":null,"progressEnabled":false,"etag":"W/\"datetime''2022-05-24T13%3A47%3A18.1673697Z''\"","sourceSubscriptionID":"38304e13-357e-405e-9e9a-220351dcce8c","dataSourceLocation":"centraluseuap","startTime":"2022-05-24T13:47:17.6297301Z","endTime":null,"dataSourceType":"Microsoft.DBforPostgreSQL/servers/databases","operationCategory":"Restore","operation":"Restore","status":"InProgress","restoreType":null,"isUserTriggered":true,"rehydrationPriority":null,"supportedActions":[""],"duration":"PT0S","progressUrl":null,"errorDetails":null,"extendedInfo":{"backupInstanceState":null,"dataTransferedInBytes":null,"targetRecoverPoint":null,"sourceRecoverPoint":{"recoveryPointID":"c89eb07c19904930952b5ff939bb6ac2","recoveryPointTime":"2022-05-24T13:45:19.8946738Z"},"recoveryDestination":"/subscriptions/00000000-0000-0000-0000-000000000000/resourceGroups/oss-clitest-rg/providers/Microsoft.DBforPostgreSQL/servers/oss-clitest-server/databases/postgres_restore_24052022_191625","subTasks":[{"taskId":1,"taskName":"Trigger
        Restore","taskStatus":"InProgress","taskProgress":null,"additionalDetails":null}],"additionalDetails":null}},"id":"/subscriptions/00000000-0000-0000-0000-000000000000/resourceGroups/oss-clitest-rg/providers/Microsoft.DataProtection/backupVaults/oss-clitest-vault/backupJobs/12b0e954-5ee1-4f6f-a11b-49989888ee23","name":"12b0e954-5ee1-4f6f-a11b-49989888ee23","type":"Microsoft.DataProtection/backupVaults/backupJobs"}'
    headers:
      cache-control:
      - no-cache
      content-length:
      - '2467'
      content-type:
      - application/json
      date:
      - Tue, 24 May 2022 13:48:55 GMT
      expires:
      - '-1'
      pragma:
      - no-cache
      server:
      - Microsoft-IIS/10.0
      - Kestrel
      strict-transport-security:
      - max-age=31536000; includeSubDomains
      transfer-encoding:
      - chunked
      vary:
      - Accept-Encoding
      x-content-type-options:
      - nosniff
      x-powered-by:
      - ASP.NET
    status:
      code: 200
      message: OK
- request:
    body: null
    headers:
      Accept:
      - application/json
      Accept-Encoding:
      - gzip, deflate
      CommandName:
      - dataprotection job show
      Connection:
      - keep-alive
      ParameterSetName:
      - --ids
      User-Agent:
      - AZURECLI/2.36.0 azsdk-python-mgmt-dataprotection/1.0.0b1 Python/3.8.5 (Windows-10-10.0.22000-SP0)
    method: GET
    uri: https://management.azure.com/subscriptions/00000000-0000-0000-0000-000000000000/resourceGroups/oss-clitest-rg/providers/Microsoft.DataProtection/backupVaults/oss-clitest-vault/backupJobs/12b0e954-5ee1-4f6f-a11b-49989888ee23?api-version=2022-04-01
  response:
    body:
      string: '{"properties":{"activityID":"03882d8a-db68-11ec-ad27-c8f750f92764","subscriptionId":"38304e13-357e-405e-9e9a-220351dcce8c","backupInstanceId":"/subscriptions/00000000-0000-0000-0000-000000000000/resourceGroups/oss-clitest-rg/providers/Microsoft.DataProtection/backupVaults/oss-clitest-vault/backupInstances/oss-clitest-server-postgres-faec6818-0720-11ec-bd1b-c8f750f92764","policyId":"/subscriptions/00000000-0000-0000-0000-000000000000/resourceGroups/oss-clitest-rg/providers/Microsoft.DataProtection/backupVaults/oss-clitest-vault/backupPolicies/oss-clitest-policy2","dataSourceId":"/subscriptions/00000000-0000-0000-0000-000000000000/resourceGroups/oss-clitest-rg/providers/Microsoft.DBforPostgreSQL/servers/oss-clitest-server/databases/postgres","vaultName":"oss-clitest-vault","backupInstanceFriendlyName":"oss-clitest-server\\postgres","policyName":"oss-clitest-policy2","sourceResourceGroup":"oss-clitest-rg","dataSourceSetName":"oss-clitest-server","dataSourceName":"postgres","sourceDataStoreName":null,"destinationDataStoreName":null,"progressEnabled":false,"etag":"W/\"datetime''2022-05-24T13%3A49%3A03.7465331Z''\"","sourceSubscriptionID":"38304e13-357e-405e-9e9a-220351dcce8c","dataSourceLocation":"centraluseuap","startTime":"2022-05-24T13:47:17.6297301Z","endTime":"2022-05-24T13:49:03.4331376Z","dataSourceType":"Microsoft.DBforPostgreSQL/servers/databases","operationCategory":"Restore","operation":"Restore","status":"Completed","restoreType":null,"isUserTriggered":true,"rehydrationPriority":null,"supportedActions":[""],"duration":"PT1M45.8034075S","progressUrl":null,"errorDetails":null,"extendedInfo":{"backupInstanceState":null,"dataTransferedInBytes":null,"targetRecoverPoint":null,"sourceRecoverPoint":{"recoveryPointID":"c89eb07c19904930952b5ff939bb6ac2","recoveryPointTime":"2022-05-24T13:45:19.8946738Z"},"recoveryDestination":"/subscriptions/00000000-0000-0000-0000-000000000000/resourceGroups/oss-clitest-rg/providers/Microsoft.DBforPostgreSQL/servers/oss-clitest-server/databases/postgres_restore_24052022_191625","subTasks":[{"taskId":1,"taskName":"Trigger
        Restore","taskStatus":"Completed","taskProgress":null,"additionalDetails":null}],"additionalDetails":null}},"id":"/subscriptions/00000000-0000-0000-0000-000000000000/resourceGroups/oss-clitest-rg/providers/Microsoft.DataProtection/backupVaults/oss-clitest-vault/backupJobs/12b0e954-5ee1-4f6f-a11b-49989888ee23","name":"12b0e954-5ee1-4f6f-a11b-49989888ee23","type":"Microsoft.DataProtection/backupVaults/backupJobs"}'
    headers:
      cache-control:
      - no-cache
      content-length:
      - '2502'
      content-type:
      - application/json
      date:
      - Tue, 24 May 2022 13:49:10 GMT
      expires:
      - '-1'
      pragma:
      - no-cache
      server:
      - Microsoft-IIS/10.0
      - Kestrel
      strict-transport-security:
      - max-age=31536000; includeSubDomains
      transfer-encoding:
      - chunked
      vary:
      - Accept-Encoding
      x-content-type-options:
      - nosniff
      x-powered-by:
      - ASP.NET
    status:
      code: 200
      message: OK
- request:
    body: '{"restoreRequestObject": {"objectType": "AzureBackupRecoveryPointBasedRestoreRequest",
      "restoreTargetInfo": {"objectType": "RestoreFilesTargetInfo", "recoveryOption":
      "FailIfExists", "restoreLocation": "centraluseuap", "targetDetails": {"filePrefix":
      "postgres_restore_24052022_191910", "restoreTargetLocationType": "AzureBlobs",
      "url": "https://ossclitestsa.blob.core.windows.net/oss-clitest-blob-container"}},
      "sourceDataStoreType": "VaultStore", "recoveryPointId": "c89eb07c19904930952b5ff939bb6ac2"}}'
    headers:
      Accept:
      - application/json
      Accept-Encoding:
      - gzip, deflate
      CommandName:
      - dataprotection backup-instance validate-for-restore
      Connection:
      - keep-alive
      Content-Length:
      - '504'
      Content-Type:
      - application/json
      ParameterSetName:
      - -g --vault-name -n --restore-request-object
      User-Agent:
      - AZURECLI/2.36.0 azsdk-python-mgmt-dataprotection/1.0.0b1 Python/3.8.5 (Windows-10-10.0.22000-SP0)
    method: POST
    uri: https://management.azure.com/subscriptions/00000000-0000-0000-0000-000000000000/resourceGroups/oss-clitest-rg/providers/Microsoft.DataProtection/backupVaults/oss-clitest-vault/backupInstances/oss-clitest-server-postgres-faec6818-0720-11ec-bd1b-c8f750f92764/validateRestore?api-version=2022-04-01
  response:
    body:
      string: ''
    headers:
      azure-asyncoperation:
      - https://management.azure.com/subscriptions/00000000-0000-0000-0000-000000000000/resourceGroups/oss-clitest-rg/providers/Microsoft.DataProtection/backupVaults/oss-clitest-vault/operationStatus/NTc5ZTVjYzItYTNmMC00OTM1LWFhN2QtOWQwNmE5NGVmMzE3OzhhNjMyYmY0LWQyM2EtNDVlYS1hMmJjLTIwNTIzYzY1OTM1Nw==?api-version=2022-04-01
      cache-control:
      - no-cache
      content-length:
      - '0'
      date:
      - Tue, 24 May 2022 13:49:15 GMT
      expires:
      - '-1'
      location:
      - https://management.azure.com/subscriptions/00000000-0000-0000-0000-000000000000/providers/Microsoft.DataProtection/locations/centraluseuap/operationResults/NTc5ZTVjYzItYTNmMC00OTM1LWFhN2QtOWQwNmE5NGVmMzE3OzhhNjMyYmY0LWQyM2EtNDVlYS1hMmJjLTIwNTIzYzY1OTM1Nw==?api-version=2022-04-01
      pragma:
      - no-cache
      strict-transport-security:
      - max-age=31536000; includeSubDomains
      x-content-type-options:
      - nosniff
      x-ms-ratelimit-remaining-subscription-writes:
      - '1199'
      x-powered-by:
      - ASP.NET
    status:
      code: 202
      message: Accepted
- request:
    body: null
    headers:
      Accept:
      - '*/*'
      Accept-Encoding:
      - gzip, deflate
      CommandName:
      - dataprotection backup-instance validate-for-restore
      Connection:
      - keep-alive
      ParameterSetName:
      - -g --vault-name -n --restore-request-object
      User-Agent:
      - AZURECLI/2.36.0 azsdk-python-mgmt-dataprotection/1.0.0b1 Python/3.8.5 (Windows-10-10.0.22000-SP0)
    method: GET
    uri: https://management.azure.com/subscriptions/00000000-0000-0000-0000-000000000000/resourceGroups/oss-clitest-rg/providers/Microsoft.DataProtection/backupVaults/oss-clitest-vault/operationStatus/NTc5ZTVjYzItYTNmMC00OTM1LWFhN2QtOWQwNmE5NGVmMzE3OzhhNjMyYmY0LWQyM2EtNDVlYS1hMmJjLTIwNTIzYzY1OTM1Nw==?api-version=2022-04-01
  response:
    body:
      string: '{"id":"/subscriptions/00000000-0000-0000-0000-000000000000/resourceGroups/oss-clitest-rg/providers/Microsoft.DataProtection/backupVaults/oss-clitest-vault/operationStatus/NTc5ZTVjYzItYTNmMC00OTM1LWFhN2QtOWQwNmE5NGVmMzE3OzhhNjMyYmY0LWQyM2EtNDVlYS1hMmJjLTIwNTIzYzY1OTM1Nw==","name":"NTc5ZTVjYzItYTNmMC00OTM1LWFhN2QtOWQwNmE5NGVmMzE3OzhhNjMyYmY0LWQyM2EtNDVlYS1hMmJjLTIwNTIzYzY1OTM1Nw==","status":"Inprogress","startTime":"2022-05-24T13:49:15.9805826Z","endTime":"0001-01-01T00:00:00Z"}'
    headers:
      cache-control:
      - no-cache
      content-length:
      - '481'
      content-type:
      - application/json
      date:
      - Tue, 24 May 2022 13:49:26 GMT
      expires:
      - '-1'
      pragma:
      - no-cache
      server:
      - Microsoft-IIS/10.0
      strict-transport-security:
      - max-age=31536000; includeSubDomains
      transfer-encoding:
      - chunked
      vary:
      - Accept-Encoding
      x-content-type-options:
      - nosniff
      x-powered-by:
      - ASP.NET
    status:
      code: 200
      message: OK
- request:
    body: null
    headers:
      Accept:
      - '*/*'
      Accept-Encoding:
      - gzip, deflate
      CommandName:
      - dataprotection backup-instance validate-for-restore
      Connection:
      - keep-alive
      ParameterSetName:
      - -g --vault-name -n --restore-request-object
      User-Agent:
      - AZURECLI/2.36.0 azsdk-python-mgmt-dataprotection/1.0.0b1 Python/3.8.5 (Windows-10-10.0.22000-SP0)
    method: GET
    uri: https://management.azure.com/subscriptions/00000000-0000-0000-0000-000000000000/resourceGroups/oss-clitest-rg/providers/Microsoft.DataProtection/backupVaults/oss-clitest-vault/operationStatus/NTc5ZTVjYzItYTNmMC00OTM1LWFhN2QtOWQwNmE5NGVmMzE3OzhhNjMyYmY0LWQyM2EtNDVlYS1hMmJjLTIwNTIzYzY1OTM1Nw==?api-version=2022-04-01
  response:
    body:
      string: '{"id":"/subscriptions/00000000-0000-0000-0000-000000000000/resourceGroups/oss-clitest-rg/providers/Microsoft.DataProtection/backupVaults/oss-clitest-vault/operationStatus/NTc5ZTVjYzItYTNmMC00OTM1LWFhN2QtOWQwNmE5NGVmMzE3OzhhNjMyYmY0LWQyM2EtNDVlYS1hMmJjLTIwNTIzYzY1OTM1Nw==","name":"NTc5ZTVjYzItYTNmMC00OTM1LWFhN2QtOWQwNmE5NGVmMzE3OzhhNjMyYmY0LWQyM2EtNDVlYS1hMmJjLTIwNTIzYzY1OTM1Nw==","status":"Succeeded","startTime":"2022-05-24T13:49:15.9805826Z","endTime":"2022-05-24T13:49:39Z"}'
    headers:
      cache-control:
      - no-cache
      content-length:
      - '480'
      content-type:
      - application/json
      date:
      - Tue, 24 May 2022 13:49:57 GMT
      expires:
      - '-1'
      pragma:
      - no-cache
      server:
      - Microsoft-IIS/10.0
      strict-transport-security:
      - max-age=31536000; includeSubDomains
      transfer-encoding:
      - chunked
      vary:
      - Accept-Encoding
      x-content-type-options:
      - nosniff
      x-powered-by:
      - ASP.NET
    status:
      code: 200
      message: OK
- request:
    body: null
    headers:
      Accept:
      - '*/*'
      Accept-Encoding:
      - gzip, deflate
      CommandName:
      - dataprotection backup-instance validate-for-restore
      Connection:
      - keep-alive
      ParameterSetName:
      - -g --vault-name -n --restore-request-object
      User-Agent:
      - AZURECLI/2.36.0 azsdk-python-mgmt-dataprotection/1.0.0b1 Python/3.8.5 (Windows-10-10.0.22000-SP0)
    method: GET
    uri: https://management.azure.com/subscriptions/00000000-0000-0000-0000-000000000000/providers/Microsoft.DataProtection/locations/centraluseuap/operationResults/NTc5ZTVjYzItYTNmMC00OTM1LWFhN2QtOWQwNmE5NGVmMzE3OzhhNjMyYmY0LWQyM2EtNDVlYS1hMmJjLTIwNTIzYzY1OTM1Nw==?api-version=2022-04-01
  response:
    body:
      string: '{"objectType":"OperationJobExtendedInfo"}'
    headers:
      azure-asyncoperation:
      - https://management.azure.com/subscriptions/00000000-0000-0000-0000-000000000000/providers/Microsoft.DataProtection/locations/centraluseuap/operationStatus/NTc5ZTVjYzItYTNmMC00OTM1LWFhN2QtOWQwNmE5NGVmMzE3OzhhNjMyYmY0LWQyM2EtNDVlYS1hMmJjLTIwNTIzYzY1OTM1Nw==?api-version=2022-04-01
      cache-control:
      - no-cache
      content-length:
      - '41'
      content-type:
      - application/json
      date:
      - Tue, 24 May 2022 13:49:57 GMT
      expires:
      - '-1'
      pragma:
      - no-cache
      server:
      - Microsoft-IIS/10.0
      strict-transport-security:
      - max-age=31536000; includeSubDomains
      transfer-encoding:
      - chunked
      vary:
      - Accept-Encoding
      x-content-type-options:
      - nosniff
      x-powered-by:
      - ASP.NET
    status:
      code: 200
      message: OK
- request:
    body: '{"objectType": "AzureBackupRecoveryPointBasedRestoreRequest", "restoreTargetInfo":
      {"objectType": "RestoreFilesTargetInfo", "recoveryOption": "FailIfExists", "restoreLocation":
      "centraluseuap", "targetDetails": {"filePrefix": "postgres_restore_24052022_191910",
      "restoreTargetLocationType": "AzureBlobs", "url": "https://ossclitestsa.blob.core.windows.net/oss-clitest-blob-container"}},
      "sourceDataStoreType": "VaultStore", "recoveryPointId": "c89eb07c19904930952b5ff939bb6ac2"}'
    headers:
      Accept:
      - application/json
      Accept-Encoding:
      - gzip, deflate
      CommandName:
      - dataprotection backup-instance restore trigger
      Connection:
      - keep-alive
      Content-Length:
      - '478'
      Content-Type:
      - application/json
      ParameterSetName:
      - -g --vault-name -n --restore-request-object
      User-Agent:
      - AZURECLI/2.36.0 azsdk-python-mgmt-dataprotection/1.0.0b1 Python/3.8.5 (Windows-10-10.0.22000-SP0)
    method: POST
    uri: https://management.azure.com/subscriptions/00000000-0000-0000-0000-000000000000/resourceGroups/oss-clitest-rg/providers/Microsoft.DataProtection/backupVaults/oss-clitest-vault/backupInstances/oss-clitest-server-postgres-faec6818-0720-11ec-bd1b-c8f750f92764/restore?api-version=2022-04-01
  response:
    body:
      string: ''
    headers:
      azure-asyncoperation:
      - https://management.azure.com/subscriptions/00000000-0000-0000-0000-000000000000/resourceGroups/oss-clitest-rg/providers/Microsoft.DataProtection/backupVaults/oss-clitest-vault/operationStatus/NTc5ZTVjYzItYTNmMC00OTM1LWFhN2QtOWQwNmE5NGVmMzE3OzJkY2Y1ZjZlLTQ5ZWQtNDE1My04NWY0LWVjODA1Y2Q3Mjc2Zg==?api-version=2022-04-01
      cache-control:
      - no-cache
      content-length:
      - '0'
      date:
      - Tue, 24 May 2022 13:50:01 GMT
      expires:
      - '-1'
      location:
      - https://management.azure.com/subscriptions/00000000-0000-0000-0000-000000000000/providers/Microsoft.DataProtection/locations/centraluseuap/operationResults/NTc5ZTVjYzItYTNmMC00OTM1LWFhN2QtOWQwNmE5NGVmMzE3OzJkY2Y1ZjZlLTQ5ZWQtNDE1My04NWY0LWVjODA1Y2Q3Mjc2Zg==?api-version=2022-04-01
      pragma:
      - no-cache
      strict-transport-security:
      - max-age=31536000; includeSubDomains
      x-content-type-options:
      - nosniff
      x-ms-ratelimit-remaining-subscription-writes:
      - '1199'
      x-powered-by:
      - ASP.NET
    status:
      code: 202
      message: Accepted
- request:
    body: null
    headers:
      Accept:
      - '*/*'
      Accept-Encoding:
      - gzip, deflate
      CommandName:
      - dataprotection backup-instance restore trigger
      Connection:
      - keep-alive
      ParameterSetName:
      - -g --vault-name -n --restore-request-object
      User-Agent:
      - AZURECLI/2.36.0 azsdk-python-mgmt-dataprotection/1.0.0b1 Python/3.8.5 (Windows-10-10.0.22000-SP0)
    method: GET
    uri: https://management.azure.com/subscriptions/00000000-0000-0000-0000-000000000000/resourceGroups/oss-clitest-rg/providers/Microsoft.DataProtection/backupVaults/oss-clitest-vault/operationStatus/NTc5ZTVjYzItYTNmMC00OTM1LWFhN2QtOWQwNmE5NGVmMzE3OzJkY2Y1ZjZlLTQ5ZWQtNDE1My04NWY0LWVjODA1Y2Q3Mjc2Zg==?api-version=2022-04-01
  response:
    body:
      string: '{"id":"/subscriptions/00000000-0000-0000-0000-000000000000/resourceGroups/oss-clitest-rg/providers/Microsoft.DataProtection/backupVaults/oss-clitest-vault/operationStatus/NTc5ZTVjYzItYTNmMC00OTM1LWFhN2QtOWQwNmE5NGVmMzE3OzJkY2Y1ZjZlLTQ5ZWQtNDE1My04NWY0LWVjODA1Y2Q3Mjc2Zg==","name":"NTc5ZTVjYzItYTNmMC00OTM1LWFhN2QtOWQwNmE5NGVmMzE3OzJkY2Y1ZjZlLTQ5ZWQtNDE1My04NWY0LWVjODA1Y2Q3Mjc2Zg==","status":"Succeeded","startTime":"2022-05-24T13:50:01.7679576Z","endTime":"2022-05-24T13:50:04Z","properties":{"jobId":"/subscriptions/00000000-0000-0000-0000-000000000000/resourcegroups/oss-clitest-rg/providers/Microsoft.DataProtection/BackupVaults/oss-clitest-vault/backupJobs/9158d56e-dc97-4c49-b08a-43d284a51ef1","objectType":"OperationJobExtendedInfo"}}'
    headers:
      cache-control:
      - no-cache
      content-length:
      - '741'
      content-type:
      - application/json
      date:
      - Tue, 24 May 2022 13:50:33 GMT
      expires:
      - '-1'
      pragma:
      - no-cache
      server:
      - Microsoft-IIS/10.0
      strict-transport-security:
      - max-age=31536000; includeSubDomains
      transfer-encoding:
      - chunked
      vary:
      - Accept-Encoding
      x-content-type-options:
      - nosniff
      x-powered-by:
      - ASP.NET
    status:
      code: 200
      message: OK
- request:
    body: null
    headers:
      Accept:
      - '*/*'
      Accept-Encoding:
      - gzip, deflate
      CommandName:
      - dataprotection backup-instance restore trigger
      Connection:
      - keep-alive
      ParameterSetName:
      - -g --vault-name -n --restore-request-object
      User-Agent:
      - AZURECLI/2.36.0 azsdk-python-mgmt-dataprotection/1.0.0b1 Python/3.8.5 (Windows-10-10.0.22000-SP0)
    method: GET
    uri: https://management.azure.com/subscriptions/00000000-0000-0000-0000-000000000000/providers/Microsoft.DataProtection/locations/centraluseuap/operationResults/NTc5ZTVjYzItYTNmMC00OTM1LWFhN2QtOWQwNmE5NGVmMzE3OzJkY2Y1ZjZlLTQ5ZWQtNDE1My04NWY0LWVjODA1Y2Q3Mjc2Zg==?api-version=2022-04-01
  response:
    body:
      string: '{"jobId":"/subscriptions/00000000-0000-0000-0000-000000000000/resourcegroups/oss-clitest-rg/providers/Microsoft.DataProtection/BackupVaults/oss-clitest-vault/backupJobs/9158d56e-dc97-4c49-b08a-43d284a51ef1","objectType":"OperationJobExtendedInfo"}'
    headers:
      azure-asyncoperation:
      - https://management.azure.com/subscriptions/00000000-0000-0000-0000-000000000000/providers/Microsoft.DataProtection/locations/centraluseuap/operationStatus/NTc5ZTVjYzItYTNmMC00OTM1LWFhN2QtOWQwNmE5NGVmMzE3OzJkY2Y1ZjZlLTQ5ZWQtNDE1My04NWY0LWVjODA1Y2Q3Mjc2Zg==?api-version=2022-04-01
      cache-control:
      - no-cache
      content-length:
      - '247'
      content-type:
      - application/json
      date:
      - Tue, 24 May 2022 13:50:34 GMT
      expires:
      - '-1'
      pragma:
      - no-cache
      server:
      - Microsoft-IIS/10.0
      strict-transport-security:
      - max-age=31536000; includeSubDomains
      transfer-encoding:
      - chunked
      vary:
      - Accept-Encoding
      x-content-type-options:
      - nosniff
      x-powered-by:
      - ASP.NET
    status:
      code: 200
      message: OK
- request:
    body: null
    headers:
      Accept:
      - application/json
      Accept-Encoding:
      - gzip, deflate
      CommandName:
      - dataprotection job show
      Connection:
      - keep-alive
      ParameterSetName:
      - --ids
      User-Agent:
      - AZURECLI/2.36.0 azsdk-python-mgmt-dataprotection/1.0.0b1 Python/3.8.5 (Windows-10-10.0.22000-SP0)
    method: GET
    uri: https://management.azure.com/subscriptions/00000000-0000-0000-0000-000000000000/resourceGroups/oss-clitest-rg/providers/Microsoft.DataProtection/backupVaults/oss-clitest-vault/backupJobs/9158d56e-dc97-4c49-b08a-43d284a51ef1?api-version=2022-04-01
  response:
    body:
      string: '{"properties":{"activityID":"6643c613-db68-11ec-aba2-c8f750f92764","subscriptionId":"38304e13-357e-405e-9e9a-220351dcce8c","backupInstanceId":"/subscriptions/00000000-0000-0000-0000-000000000000/resourceGroups/oss-clitest-rg/providers/Microsoft.DataProtection/backupVaults/oss-clitest-vault/backupInstances/oss-clitest-server-postgres-faec6818-0720-11ec-bd1b-c8f750f92764","policyId":"/subscriptions/00000000-0000-0000-0000-000000000000/resourceGroups/oss-clitest-rg/providers/Microsoft.DataProtection/backupVaults/oss-clitest-vault/backupPolicies/oss-clitest-policy2","dataSourceId":"/subscriptions/00000000-0000-0000-0000-000000000000/resourceGroups/oss-clitest-rg/providers/Microsoft.DBforPostgreSQL/servers/oss-clitest-server/databases/postgres","vaultName":"oss-clitest-vault","backupInstanceFriendlyName":"oss-clitest-server\\postgres","policyName":"oss-clitest-policy2","sourceResourceGroup":"oss-clitest-rg","dataSourceSetName":"oss-clitest-server","dataSourceName":"postgres","sourceDataStoreName":null,"destinationDataStoreName":null,"progressEnabled":false,"etag":"W/\"datetime''2022-05-24T13%3A50%3A02.6541396Z''\"","sourceSubscriptionID":"38304e13-357e-405e-9e9a-220351dcce8c","dataSourceLocation":"centraluseuap","startTime":"2022-05-24T13:50:02.218729Z","endTime":null,"dataSourceType":"Microsoft.DBforPostgreSQL/servers/databases","operationCategory":"Restore","operation":"Restore","status":"InProgress","restoreType":null,"isUserTriggered":true,"rehydrationPriority":null,"supportedActions":[""],"duration":"PT0S","progressUrl":null,"errorDetails":null,"extendedInfo":{"backupInstanceState":null,"dataTransferedInBytes":null,"targetRecoverPoint":null,"sourceRecoverPoint":{"recoveryPointID":"c89eb07c19904930952b5ff939bb6ac2","recoveryPointTime":"2022-05-24T13:45:19.8946738Z"},"recoveryDestination":"https://ossclitestsa.blob.core.windows.net/oss-clitest-blob-container","subTasks":[{"taskId":1,"taskName":"Trigger
        Restore","taskStatus":"InProgress","taskProgress":null,"additionalDetails":null}],"additionalDetails":{"Restore
        File Prefix":"postgres_restore_24052022_191910"}}},"id":"/subscriptions/00000000-0000-0000-0000-000000000000/resourceGroups/oss-clitest-rg/providers/Microsoft.DataProtection/backupVaults/oss-clitest-vault/backupJobs/9158d56e-dc97-4c49-b08a-43d284a51ef1","name":"9158d56e-dc97-4c49-b08a-43d284a51ef1","type":"Microsoft.DataProtection/backupVaults/backupJobs"}'
    headers:
      cache-control:
      - no-cache
      content-length:
      - '2402'
      content-type:
      - application/json
      date:
      - Tue, 24 May 2022 13:50:50 GMT
      expires:
      - '-1'
      pragma:
      - no-cache
      server:
      - Microsoft-IIS/10.0
      - Kestrel
      strict-transport-security:
      - max-age=31536000; includeSubDomains
      transfer-encoding:
      - chunked
      vary:
      - Accept-Encoding
      x-content-type-options:
      - nosniff
      x-powered-by:
      - ASP.NET
    status:
      code: 200
      message: OK
- request:
    body: null
    headers:
      Accept:
      - application/json
      Accept-Encoding:
      - gzip, deflate
      CommandName:
      - dataprotection job show
      Connection:
      - keep-alive
      ParameterSetName:
      - --ids
      User-Agent:
      - AZURECLI/2.36.0 azsdk-python-mgmt-dataprotection/1.0.0b1 Python/3.8.5 (Windows-10-10.0.22000-SP0)
    method: GET
    uri: https://management.azure.com/subscriptions/00000000-0000-0000-0000-000000000000/resourceGroups/oss-clitest-rg/providers/Microsoft.DataProtection/backupVaults/oss-clitest-vault/backupJobs/9158d56e-dc97-4c49-b08a-43d284a51ef1?api-version=2022-04-01
  response:
    body:
      string: '{"properties":{"activityID":"6643c613-db68-11ec-aba2-c8f750f92764","subscriptionId":"38304e13-357e-405e-9e9a-220351dcce8c","backupInstanceId":"/subscriptions/00000000-0000-0000-0000-000000000000/resourceGroups/oss-clitest-rg/providers/Microsoft.DataProtection/backupVaults/oss-clitest-vault/backupInstances/oss-clitest-server-postgres-faec6818-0720-11ec-bd1b-c8f750f92764","policyId":"/subscriptions/00000000-0000-0000-0000-000000000000/resourceGroups/oss-clitest-rg/providers/Microsoft.DataProtection/backupVaults/oss-clitest-vault/backupPolicies/oss-clitest-policy2","dataSourceId":"/subscriptions/00000000-0000-0000-0000-000000000000/resourceGroups/oss-clitest-rg/providers/Microsoft.DBforPostgreSQL/servers/oss-clitest-server/databases/postgres","vaultName":"oss-clitest-vault","backupInstanceFriendlyName":"oss-clitest-server\\postgres","policyName":"oss-clitest-policy2","sourceResourceGroup":"oss-clitest-rg","dataSourceSetName":"oss-clitest-server","dataSourceName":"postgres","sourceDataStoreName":null,"destinationDataStoreName":null,"progressEnabled":false,"etag":"W/\"datetime''2022-05-24T13%3A50%3A02.6541396Z''\"","sourceSubscriptionID":"38304e13-357e-405e-9e9a-220351dcce8c","dataSourceLocation":"centraluseuap","startTime":"2022-05-24T13:50:02.218729Z","endTime":null,"dataSourceType":"Microsoft.DBforPostgreSQL/servers/databases","operationCategory":"Restore","operation":"Restore","status":"InProgress","restoreType":null,"isUserTriggered":true,"rehydrationPriority":null,"supportedActions":[""],"duration":"PT0S","progressUrl":null,"errorDetails":null,"extendedInfo":{"backupInstanceState":null,"dataTransferedInBytes":null,"targetRecoverPoint":null,"sourceRecoverPoint":{"recoveryPointID":"c89eb07c19904930952b5ff939bb6ac2","recoveryPointTime":"2022-05-24T13:45:19.8946738Z"},"recoveryDestination":"https://ossclitestsa.blob.core.windows.net/oss-clitest-blob-container","subTasks":[{"taskId":1,"taskName":"Trigger
        Restore","taskStatus":"InProgress","taskProgress":null,"additionalDetails":null}],"additionalDetails":{"Restore
        File Prefix":"postgres_restore_24052022_191910"}}},"id":"/subscriptions/00000000-0000-0000-0000-000000000000/resourceGroups/oss-clitest-rg/providers/Microsoft.DataProtection/backupVaults/oss-clitest-vault/backupJobs/9158d56e-dc97-4c49-b08a-43d284a51ef1","name":"9158d56e-dc97-4c49-b08a-43d284a51ef1","type":"Microsoft.DataProtection/backupVaults/backupJobs"}'
    headers:
      cache-control:
      - no-cache
      content-length:
      - '2402'
      content-type:
      - application/json
      date:
      - Tue, 24 May 2022 13:51:03 GMT
      expires:
      - '-1'
      pragma:
      - no-cache
      server:
      - Microsoft-IIS/10.0
      - Kestrel
      strict-transport-security:
      - max-age=31536000; includeSubDomains
      transfer-encoding:
      - chunked
      vary:
      - Accept-Encoding
      x-content-type-options:
      - nosniff
      x-powered-by:
      - ASP.NET
    status:
      code: 200
      message: OK
- request:
    body: null
    headers:
      Accept:
      - application/json
      Accept-Encoding:
      - gzip, deflate
      CommandName:
      - dataprotection job show
      Connection:
      - keep-alive
      ParameterSetName:
      - --ids
      User-Agent:
      - AZURECLI/2.36.0 azsdk-python-mgmt-dataprotection/1.0.0b1 Python/3.8.5 (Windows-10-10.0.22000-SP0)
    method: GET
    uri: https://management.azure.com/subscriptions/00000000-0000-0000-0000-000000000000/resourceGroups/oss-clitest-rg/providers/Microsoft.DataProtection/backupVaults/oss-clitest-vault/backupJobs/9158d56e-dc97-4c49-b08a-43d284a51ef1?api-version=2022-04-01
  response:
    body:
      string: '{"properties":{"activityID":"6643c613-db68-11ec-aba2-c8f750f92764","subscriptionId":"38304e13-357e-405e-9e9a-220351dcce8c","backupInstanceId":"/subscriptions/00000000-0000-0000-0000-000000000000/resourceGroups/oss-clitest-rg/providers/Microsoft.DataProtection/backupVaults/oss-clitest-vault/backupInstances/oss-clitest-server-postgres-faec6818-0720-11ec-bd1b-c8f750f92764","policyId":"/subscriptions/00000000-0000-0000-0000-000000000000/resourceGroups/oss-clitest-rg/providers/Microsoft.DataProtection/backupVaults/oss-clitest-vault/backupPolicies/oss-clitest-policy2","dataSourceId":"/subscriptions/00000000-0000-0000-0000-000000000000/resourceGroups/oss-clitest-rg/providers/Microsoft.DBforPostgreSQL/servers/oss-clitest-server/databases/postgres","vaultName":"oss-clitest-vault","backupInstanceFriendlyName":"oss-clitest-server\\postgres","policyName":"oss-clitest-policy2","sourceResourceGroup":"oss-clitest-rg","dataSourceSetName":"oss-clitest-server","dataSourceName":"postgres","sourceDataStoreName":null,"destinationDataStoreName":null,"progressEnabled":false,"etag":"W/\"datetime''2022-05-24T13%3A50%3A02.6541396Z''\"","sourceSubscriptionID":"38304e13-357e-405e-9e9a-220351dcce8c","dataSourceLocation":"centraluseuap","startTime":"2022-05-24T13:50:02.218729Z","endTime":null,"dataSourceType":"Microsoft.DBforPostgreSQL/servers/databases","operationCategory":"Restore","operation":"Restore","status":"InProgress","restoreType":null,"isUserTriggered":true,"rehydrationPriority":null,"supportedActions":[""],"duration":"PT0S","progressUrl":null,"errorDetails":null,"extendedInfo":{"backupInstanceState":null,"dataTransferedInBytes":null,"targetRecoverPoint":null,"sourceRecoverPoint":{"recoveryPointID":"c89eb07c19904930952b5ff939bb6ac2","recoveryPointTime":"2022-05-24T13:45:19.8946738Z"},"recoveryDestination":"https://ossclitestsa.blob.core.windows.net/oss-clitest-blob-container","subTasks":[{"taskId":1,"taskName":"Trigger
        Restore","taskStatus":"InProgress","taskProgress":null,"additionalDetails":null}],"additionalDetails":{"Restore
        File Prefix":"postgres_restore_24052022_191910"}}},"id":"/subscriptions/00000000-0000-0000-0000-000000000000/resourceGroups/oss-clitest-rg/providers/Microsoft.DataProtection/backupVaults/oss-clitest-vault/backupJobs/9158d56e-dc97-4c49-b08a-43d284a51ef1","name":"9158d56e-dc97-4c49-b08a-43d284a51ef1","type":"Microsoft.DataProtection/backupVaults/backupJobs"}'
    headers:
      cache-control:
      - no-cache
      content-length:
      - '2402'
      content-type:
      - application/json
      date:
      - Tue, 24 May 2022 13:51:25 GMT
      expires:
      - '-1'
      pragma:
      - no-cache
      server:
      - Microsoft-IIS/10.0
      - Kestrel
      strict-transport-security:
      - max-age=31536000; includeSubDomains
      transfer-encoding:
      - chunked
      vary:
      - Accept-Encoding
      x-content-type-options:
      - nosniff
      x-powered-by:
      - ASP.NET
    status:
      code: 200
      message: OK
- request:
    body: null
    headers:
      Accept:
      - application/json
      Accept-Encoding:
      - gzip, deflate
      CommandName:
      - dataprotection job show
      Connection:
      - keep-alive
      ParameterSetName:
      - --ids
      User-Agent:
      - AZURECLI/2.36.0 azsdk-python-mgmt-dataprotection/1.0.0b1 Python/3.8.5 (Windows-10-10.0.22000-SP0)
    method: GET
    uri: https://management.azure.com/subscriptions/00000000-0000-0000-0000-000000000000/resourceGroups/oss-clitest-rg/providers/Microsoft.DataProtection/backupVaults/oss-clitest-vault/backupJobs/9158d56e-dc97-4c49-b08a-43d284a51ef1?api-version=2022-04-01
  response:
    body:
      string: '{"properties":{"activityID":"6643c613-db68-11ec-aba2-c8f750f92764","subscriptionId":"38304e13-357e-405e-9e9a-220351dcce8c","backupInstanceId":"/subscriptions/00000000-0000-0000-0000-000000000000/resourceGroups/oss-clitest-rg/providers/Microsoft.DataProtection/backupVaults/oss-clitest-vault/backupInstances/oss-clitest-server-postgres-faec6818-0720-11ec-bd1b-c8f750f92764","policyId":"/subscriptions/00000000-0000-0000-0000-000000000000/resourceGroups/oss-clitest-rg/providers/Microsoft.DataProtection/backupVaults/oss-clitest-vault/backupPolicies/oss-clitest-policy2","dataSourceId":"/subscriptions/00000000-0000-0000-0000-000000000000/resourceGroups/oss-clitest-rg/providers/Microsoft.DBforPostgreSQL/servers/oss-clitest-server/databases/postgres","vaultName":"oss-clitest-vault","backupInstanceFriendlyName":"oss-clitest-server\\postgres","policyName":"oss-clitest-policy2","sourceResourceGroup":"oss-clitest-rg","dataSourceSetName":"oss-clitest-server","dataSourceName":"postgres","sourceDataStoreName":null,"destinationDataStoreName":null,"progressEnabled":false,"etag":"W/\"datetime''2022-05-24T13%3A50%3A02.6541396Z''\"","sourceSubscriptionID":"38304e13-357e-405e-9e9a-220351dcce8c","dataSourceLocation":"centraluseuap","startTime":"2022-05-24T13:50:02.218729Z","endTime":null,"dataSourceType":"Microsoft.DBforPostgreSQL/servers/databases","operationCategory":"Restore","operation":"Restore","status":"InProgress","restoreType":null,"isUserTriggered":true,"rehydrationPriority":null,"supportedActions":[""],"duration":"PT0S","progressUrl":null,"errorDetails":null,"extendedInfo":{"backupInstanceState":null,"dataTransferedInBytes":null,"targetRecoverPoint":null,"sourceRecoverPoint":{"recoveryPointID":"c89eb07c19904930952b5ff939bb6ac2","recoveryPointTime":"2022-05-24T13:45:19.8946738Z"},"recoveryDestination":"https://ossclitestsa.blob.core.windows.net/oss-clitest-blob-container","subTasks":[{"taskId":1,"taskName":"Trigger
        Restore","taskStatus":"InProgress","taskProgress":null,"additionalDetails":null}],"additionalDetails":{"Restore
        File Prefix":"postgres_restore_24052022_191910"}}},"id":"/subscriptions/00000000-0000-0000-0000-000000000000/resourceGroups/oss-clitest-rg/providers/Microsoft.DataProtection/backupVaults/oss-clitest-vault/backupJobs/9158d56e-dc97-4c49-b08a-43d284a51ef1","name":"9158d56e-dc97-4c49-b08a-43d284a51ef1","type":"Microsoft.DataProtection/backupVaults/backupJobs"}'
    headers:
      cache-control:
      - no-cache
      content-length:
      - '2402'
      content-type:
      - application/json
      date:
      - Tue, 24 May 2022 13:51:38 GMT
      expires:
      - '-1'
      pragma:
      - no-cache
      server:
      - Microsoft-IIS/10.0
      - Kestrel
      strict-transport-security:
      - max-age=31536000; includeSubDomains
      transfer-encoding:
      - chunked
      vary:
      - Accept-Encoding
      x-content-type-options:
      - nosniff
      x-powered-by:
      - ASP.NET
    status:
      code: 200
      message: OK
- request:
    body: null
    headers:
      Accept:
      - application/json
      Accept-Encoding:
      - gzip, deflate
      CommandName:
      - dataprotection job show
      Connection:
      - keep-alive
      ParameterSetName:
      - --ids
      User-Agent:
      - AZURECLI/2.36.0 azsdk-python-mgmt-dataprotection/1.0.0b1 Python/3.8.5 (Windows-10-10.0.22000-SP0)
    method: GET
    uri: https://management.azure.com/subscriptions/00000000-0000-0000-0000-000000000000/resourceGroups/oss-clitest-rg/providers/Microsoft.DataProtection/backupVaults/oss-clitest-vault/backupJobs/9158d56e-dc97-4c49-b08a-43d284a51ef1?api-version=2022-04-01
  response:
    body:
      string: '{"properties":{"activityID":"6643c613-db68-11ec-aba2-c8f750f92764","subscriptionId":"38304e13-357e-405e-9e9a-220351dcce8c","backupInstanceId":"/subscriptions/00000000-0000-0000-0000-000000000000/resourceGroups/oss-clitest-rg/providers/Microsoft.DataProtection/backupVaults/oss-clitest-vault/backupInstances/oss-clitest-server-postgres-faec6818-0720-11ec-bd1b-c8f750f92764","policyId":"/subscriptions/00000000-0000-0000-0000-000000000000/resourceGroups/oss-clitest-rg/providers/Microsoft.DataProtection/backupVaults/oss-clitest-vault/backupPolicies/oss-clitest-policy2","dataSourceId":"/subscriptions/00000000-0000-0000-0000-000000000000/resourceGroups/oss-clitest-rg/providers/Microsoft.DBforPostgreSQL/servers/oss-clitest-server/databases/postgres","vaultName":"oss-clitest-vault","backupInstanceFriendlyName":"oss-clitest-server\\postgres","policyName":"oss-clitest-policy2","sourceResourceGroup":"oss-clitest-rg","dataSourceSetName":"oss-clitest-server","dataSourceName":"postgres","sourceDataStoreName":null,"destinationDataStoreName":null,"progressEnabled":false,"etag":"W/\"datetime''2022-05-24T13%3A51%3A48.1243411Z''\"","sourceSubscriptionID":"38304e13-357e-405e-9e9a-220351dcce8c","dataSourceLocation":"centraluseuap","startTime":"2022-05-24T13:50:02.218729Z","endTime":"2022-05-24T13:51:47.9533029Z","dataSourceType":"Microsoft.DBforPostgreSQL/servers/databases","operationCategory":"Restore","operation":"Restore","status":"Completed","restoreType":null,"isUserTriggered":true,"rehydrationPriority":null,"supportedActions":[""],"duration":"PT1M45.7345739S","progressUrl":null,"errorDetails":null,"extendedInfo":{"backupInstanceState":null,"dataTransferedInBytes":null,"targetRecoverPoint":null,"sourceRecoverPoint":{"recoveryPointID":"c89eb07c19904930952b5ff939bb6ac2","recoveryPointTime":"2022-05-24T13:45:19.8946738Z"},"recoveryDestination":"https://ossclitestsa.blob.core.windows.net/oss-clitest-blob-container","subTasks":[{"taskId":1,"taskName":"Trigger
        Restore","taskStatus":"Completed","taskProgress":null,"additionalDetails":null}],"additionalDetails":{"Restore
        File Prefix":"postgres_restore_24052022_191910"}}},"id":"/subscriptions/00000000-0000-0000-0000-000000000000/resourceGroups/oss-clitest-rg/providers/Microsoft.DataProtection/backupVaults/oss-clitest-vault/backupJobs/9158d56e-dc97-4c49-b08a-43d284a51ef1","name":"9158d56e-dc97-4c49-b08a-43d284a51ef1","type":"Microsoft.DataProtection/backupVaults/backupJobs"}'
    headers:
      cache-control:
      - no-cache
      content-length:
      - '2437'
      content-type:
      - application/json
      date:
      - Tue, 24 May 2022 13:51:52 GMT
      expires:
      - '-1'
      pragma:
      - no-cache
      server:
      - Microsoft-IIS/10.0
      - Kestrel
      strict-transport-security:
      - max-age=31536000; includeSubDomains
      transfer-encoding:
      - chunked
      vary:
      - Accept-Encoding
      x-content-type-options:
      - nosniff
      x-powered-by:
      - ASP.NET
    status:
      code: 200
      message: OK
- request:
    body: null
    headers:
      Accept:
      - application/json
      Accept-Encoding:
      - gzip, deflate
      CommandName:
      - dataprotection backup-instance delete
      Connection:
      - keep-alive
      Content-Length:
      - '0'
      ParameterSetName:
      - -g --vault-name -n --yes
      User-Agent:
      - AZURECLI/2.36.0 azsdk-python-mgmt-dataprotection/1.0.0b1 Python/3.8.5 (Windows-10-10.0.22000-SP0)
    method: DELETE
    uri: https://management.azure.com/subscriptions/00000000-0000-0000-0000-000000000000/resourceGroups/oss-clitest-rg/providers/Microsoft.DataProtection/backupVaults/oss-clitest-vault/backupInstances/oss-clitest-server-postgres-faec6818-0720-11ec-bd1b-c8f750f92764?api-version=2022-04-01
  response:
    body:
      string: ''
    headers:
      azure-asyncoperation:
      - https://management.azure.com/subscriptions/00000000-0000-0000-0000-000000000000/resourceGroups/oss-clitest-rg/providers/Microsoft.DataProtection/backupVaults/oss-clitest-vault/operationStatus/NTc5ZTVjYzItYTNmMC00OTM1LWFhN2QtOWQwNmE5NGVmMzE3OzA3MjU0NTE3LWQ4NzQtNDRkYS1hNmMyLTlkNjU2Zjg4ZGM1Mg==?api-version=2022-04-01
      cache-control:
      - no-cache
      content-length:
      - '0'
      date:
      - Tue, 24 May 2022 13:51:54 GMT
      expires:
      - '-1'
      location:
      - https://management.azure.com/subscriptions/00000000-0000-0000-0000-000000000000/providers/Microsoft.DataProtection/locations/centraluseuap/operationResults/NTc5ZTVjYzItYTNmMC00OTM1LWFhN2QtOWQwNmE5NGVmMzE3OzA3MjU0NTE3LWQ4NzQtNDRkYS1hNmMyLTlkNjU2Zjg4ZGM1Mg==?api-version=2022-04-01
      pragma:
      - no-cache
      strict-transport-security:
      - max-age=31536000; includeSubDomains
      x-content-type-options:
      - nosniff
      x-ms-ratelimit-remaining-subscription-deletes:
      - '14999'
      x-powered-by:
      - ASP.NET
    status:
      code: 202
      message: Accepted
- request:
    body: null
    headers:
      Accept:
      - '*/*'
      Accept-Encoding:
      - gzip, deflate
      CommandName:
      - dataprotection backup-instance delete
      Connection:
      - keep-alive
      ParameterSetName:
      - -g --vault-name -n --yes
      User-Agent:
      - AZURECLI/2.36.0 azsdk-python-mgmt-dataprotection/1.0.0b1 Python/3.8.5 (Windows-10-10.0.22000-SP0)
    method: GET
    uri: https://management.azure.com/subscriptions/00000000-0000-0000-0000-000000000000/resourceGroups/oss-clitest-rg/providers/Microsoft.DataProtection/backupVaults/oss-clitest-vault/operationStatus/NTc5ZTVjYzItYTNmMC00OTM1LWFhN2QtOWQwNmE5NGVmMzE3OzA3MjU0NTE3LWQ4NzQtNDRkYS1hNmMyLTlkNjU2Zjg4ZGM1Mg==?api-version=2022-04-01
  response:
    body:
      string: '{"id":"/subscriptions/00000000-0000-0000-0000-000000000000/resourceGroups/oss-clitest-rg/providers/Microsoft.DataProtection/backupVaults/oss-clitest-vault/operationStatus/NTc5ZTVjYzItYTNmMC00OTM1LWFhN2QtOWQwNmE5NGVmMzE3OzA3MjU0NTE3LWQ4NzQtNDRkYS1hNmMyLTlkNjU2Zjg4ZGM1Mg==","name":"NTc5ZTVjYzItYTNmMC00OTM1LWFhN2QtOWQwNmE5NGVmMzE3OzA3MjU0NTE3LWQ4NzQtNDRkYS1hNmMyLTlkNjU2Zjg4ZGM1Mg==","status":"Succeeded","startTime":"2022-05-24T13:51:54.4857667Z","endTime":"2022-05-24T13:52:10Z"}'
    headers:
      cache-control:
      - no-cache
      content-length:
      - '480'
      content-type:
      - application/json
      date:
      - Tue, 24 May 2022 13:52:25 GMT
      expires:
      - '-1'
      pragma:
      - no-cache
      server:
      - Microsoft-IIS/10.0
      strict-transport-security:
      - max-age=31536000; includeSubDomains
      transfer-encoding:
      - chunked
      vary:
      - Accept-Encoding
      x-content-type-options:
      - nosniff
      x-powered-by:
      - ASP.NET
    status:
      code: 200
      message: OK
version: 1
