interactions:
- request:
    body: null
    headers:
      Accept:
      - application/json
      Accept-Encoding:
      - gzip, deflate
      CommandName:
      - dataprotection backup-instance wait
      Connection:
      - keep-alive
      ParameterSetName:
      - -n -g --vault-name --deleted --timeout
      User-Agent:
      - AZURECLI/2.49.0 (AAZ) azsdk-python-core/1.26.0 Python/3.10.11 (Windows-10-10.0.22621-SP0)
    method: GET
    uri: https://management.azure.com/subscriptions/00000000-0000-0000-0000-000000000000/resourceGroups/dpp-rg/providers/Microsoft.DataProtection/backupVaults/bkp-vault/backupInstances/dpp-disk-dpp-disk-b7e6f082-b310-11eb-8f55-9cfce85d4fa1?api-version=2023-01-01
  response:
    body:
      string: '{"error":{"code":"UserErrorGenericResourceNotFound","message":"Azure
        resource does not exist. Please make sure required resources exist. If the
        issue persists, contact Microsoft support.","target":null,"details":null,"innerError":null}}'
    headers:
      cache-control:
      - no-cache
      content-language:
      - en-US
      content-length:
      - '236'
      content-type:
      - application/json
      date:
      - Wed, 14 Jun 2023 12:06:18 GMT
      expires:
      - '-1'
      pragma:
      - no-cache
      server:
      - Kestrel
      strict-transport-security:
      - max-age=31536000; includeSubDomains
      x-content-type-options:
      - nosniff
      x-ms-error-code:
      - UserErrorGenericResourceNotFound
      x-ms-ratelimit-remaining-subscription-resource-requests:
      - '1999'
    status:
      code: 404
      message: Not Found
- request:
    body: '{"backupInstance": {"dataSourceInfo": {"datasourceType": "Microsoft.Compute/disks",
      "objectType": "Datasource", "resourceId": "/subscriptions/00000000-0000-0000-0000-000000000000/resourceGroups/dpp-rg/providers/Microsoft.Compute/disks/dpp-disk",
      "resourceLocation": "eastus", "resourceName": "dpp-disk", "resourceType": "Microsoft.Compute/disks",
      "resourceUri": ""}, "dataSourceSetInfo": null, "datasourceAuthCredentials":
      null, "friendlyName": "dpp-disk", "objectType": "BackupInstance", "policyInfo":
      {"policyId": "/subscriptions/00000000-0000-0000-0000-000000000000/resourceGroups/dpp-rg/providers/Microsoft.DataProtection/backupVaults/bkp-vault/backupPolicies/diskpolicy",
      "policyParameters": {"dataStoreParametersList": [{"dataStoreType": "OperationalStore",
      "objectType": "AzureOperationalStoreParameters", "resourceGroupId": "/subscriptions/00000000-0000-0000-0000-000000000000/resourceGroups/dpp-rg"}]}}}}'
    headers:
      Accept:
      - application/json
      Accept-Encoding:
      - gzip, deflate
      CommandName:
      - dataprotection backup-instance validate-for-backup
      Connection:
      - keep-alive
      Content-Length:
      - '913'
      Content-Type:
      - application/json
      ParameterSetName:
      - -g --vault-name --backup-instance
      User-Agent:
      - AZURECLI/2.49.0 (AAZ) azsdk-python-core/1.26.0 Python/3.10.11 (Windows-10-10.0.22621-SP0)
    method: POST
    uri: https://management.azure.com/subscriptions/00000000-0000-0000-0000-000000000000/resourceGroups/dpp-rg/providers/Microsoft.DataProtection/backupVaults/bkp-vault/validateForBackup?api-version=2023-01-01
  response:
    body:
      string: ''
    headers:
      azure-asyncoperation:
      - https://management.azure.com/subscriptions/00000000-0000-0000-0000-000000000000/resourceGroups/dpp-rg/providers/Microsoft.DataProtection/backupVaults/bkp-vault/operationStatus/MGMwZmEwMzYtYzQwMS00NWMwLTgyOTYtZmEwM2Y5ODBmNTY2O2RlZjEyN2EzLWU1NTgtNDA3Ny05MmEwLTY0MmIzYWY2YmYzOA==?api-version=2023-01-01
      cache-control:
      - no-cache
      content-length:
      - '0'
      date:
      - Wed, 14 Jun 2023 12:06:20 GMT
      expires:
      - '-1'
      location:
      - https://management.azure.com/subscriptions/00000000-0000-0000-0000-000000000000/providers/Microsoft.DataProtection/locations/eastus/operationResults/MGMwZmEwMzYtYzQwMS00NWMwLTgyOTYtZmEwM2Y5ODBmNTY2O2RlZjEyN2EzLWU1NTgtNDA3Ny05MmEwLTY0MmIzYWY2YmYzOA==?api-version=2023-01-01
      pragma:
      - no-cache
      server:
      - Kestrel
      strict-transport-security:
      - max-age=31536000; includeSubDomains
      x-content-type-options:
      - nosniff
      x-ms-ratelimit-remaining-subscription-writes:
      - '1199'
    status:
      code: 202
      message: Accepted
- request:
    body: null
    headers:
      Accept:
      - '*/*'
      Accept-Encoding:
      - gzip, deflate
      CommandName:
      - dataprotection backup-instance validate-for-backup
      Connection:
      - keep-alive
      ParameterSetName:
      - -g --vault-name --backup-instance
      User-Agent:
      - AZURECLI/2.49.0 (AAZ) azsdk-python-core/1.26.0 Python/3.10.11 (Windows-10-10.0.22621-SP0)
    method: GET
    uri: https://management.azure.com/subscriptions/00000000-0000-0000-0000-000000000000/resourceGroups/dpp-rg/providers/Microsoft.DataProtection/backupVaults/bkp-vault/operationStatus/MGMwZmEwMzYtYzQwMS00NWMwLTgyOTYtZmEwM2Y5ODBmNTY2O2RlZjEyN2EzLWU1NTgtNDA3Ny05MmEwLTY0MmIzYWY2YmYzOA==?api-version=2023-01-01
  response:
    body:
      string: '{"id":"/subscriptions/00000000-0000-0000-0000-000000000000/resourceGroups/dpp-rg/providers/Microsoft.DataProtection/backupVaults/bkp-vault/operationStatus/MGMwZmEwMzYtYzQwMS00NWMwLTgyOTYtZmEwM2Y5ODBmNTY2O2RlZjEyN2EzLWU1NTgtNDA3Ny05MmEwLTY0MmIzYWY2YmYzOA==","name":"MGMwZmEwMzYtYzQwMS00NWMwLTgyOTYtZmEwM2Y5ODBmNTY2O2RlZjEyN2EzLWU1NTgtNDA3Ny05MmEwLTY0MmIzYWY2YmYzOA==","status":"Inprogress","startTime":"2023-06-14T12:06:20.4653693Z","endTime":"0001-01-01T00:00:00Z"}'
    headers:
      cache-control:
      - no-cache
      content-length:
      - '465'
      content-type:
      - application/json; charset=utf-8
      date:
      - Wed, 14 Jun 2023 12:06:20 GMT
      expires:
      - '-1'
      pragma:
      - no-cache
      server:
      - Kestrel
      strict-transport-security:
      - max-age=31536000; includeSubDomains
      transfer-encoding:
      - chunked
      vary:
      - Accept-Encoding
      x-content-type-options:
      - nosniff
      x-ms-ratelimit-remaining-subscription-resource-requests:
      - '999'
    status:
      code: 200
      message: OK
- request:
    body: null
    headers:
      Accept:
      - '*/*'
      Accept-Encoding:
      - gzip, deflate
      CommandName:
      - dataprotection backup-instance validate-for-backup
      Connection:
      - keep-alive
      ParameterSetName:
      - -g --vault-name --backup-instance
      User-Agent:
      - AZURECLI/2.49.0 (AAZ) azsdk-python-core/1.26.0 Python/3.10.11 (Windows-10-10.0.22621-SP0)
    method: GET
    uri: https://management.azure.com/subscriptions/00000000-0000-0000-0000-000000000000/resourceGroups/dpp-rg/providers/Microsoft.DataProtection/backupVaults/bkp-vault/operationStatus/MGMwZmEwMzYtYzQwMS00NWMwLTgyOTYtZmEwM2Y5ODBmNTY2O2RlZjEyN2EzLWU1NTgtNDA3Ny05MmEwLTY0MmIzYWY2YmYzOA==?api-version=2023-01-01
  response:
    body:
      string: '{"id":"/subscriptions/00000000-0000-0000-0000-000000000000/resourceGroups/dpp-rg/providers/Microsoft.DataProtection/backupVaults/bkp-vault/operationStatus/MGMwZmEwMzYtYzQwMS00NWMwLTgyOTYtZmEwM2Y5ODBmNTY2O2RlZjEyN2EzLWU1NTgtNDA3Ny05MmEwLTY0MmIzYWY2YmYzOA==","name":"MGMwZmEwMzYtYzQwMS00NWMwLTgyOTYtZmEwM2Y5ODBmNTY2O2RlZjEyN2EzLWU1NTgtNDA3Ny05MmEwLTY0MmIzYWY2YmYzOA==","status":"Inprogress","startTime":"2023-06-14T12:06:20.4653693Z","endTime":"0001-01-01T00:00:00Z"}'
    headers:
      cache-control:
      - no-cache
      content-length:
      - '465'
      content-type:
      - application/json; charset=utf-8
      date:
      - Wed, 14 Jun 2023 12:06:51 GMT
      expires:
      - '-1'
      pragma:
      - no-cache
      server:
      - Kestrel
      strict-transport-security:
      - max-age=31536000; includeSubDomains
      transfer-encoding:
      - chunked
      vary:
      - Accept-Encoding
      x-content-type-options:
      - nosniff
      x-ms-ratelimit-remaining-subscription-resource-requests:
      - '998'
    status:
      code: 200
      message: OK
- request:
    body: null
    headers:
      Accept:
      - '*/*'
      Accept-Encoding:
      - gzip, deflate
      CommandName:
      - dataprotection backup-instance validate-for-backup
      Connection:
      - keep-alive
      ParameterSetName:
      - -g --vault-name --backup-instance
      User-Agent:
      - AZURECLI/2.49.0 (AAZ) azsdk-python-core/1.26.0 Python/3.10.11 (Windows-10-10.0.22621-SP0)
    method: GET
    uri: https://management.azure.com/subscriptions/00000000-0000-0000-0000-000000000000/resourceGroups/dpp-rg/providers/Microsoft.DataProtection/backupVaults/bkp-vault/operationStatus/MGMwZmEwMzYtYzQwMS00NWMwLTgyOTYtZmEwM2Y5ODBmNTY2O2RlZjEyN2EzLWU1NTgtNDA3Ny05MmEwLTY0MmIzYWY2YmYzOA==?api-version=2023-01-01
  response:
    body:
      string: '{"id":"/subscriptions/00000000-0000-0000-0000-000000000000/resourceGroups/dpp-rg/providers/Microsoft.DataProtection/backupVaults/bkp-vault/operationStatus/MGMwZmEwMzYtYzQwMS00NWMwLTgyOTYtZmEwM2Y5ODBmNTY2O2RlZjEyN2EzLWU1NTgtNDA3Ny05MmEwLTY0MmIzYWY2YmYzOA==","name":"MGMwZmEwMzYtYzQwMS00NWMwLTgyOTYtZmEwM2Y5ODBmNTY2O2RlZjEyN2EzLWU1NTgtNDA3Ny05MmEwLTY0MmIzYWY2YmYzOA==","status":"Succeeded","startTime":"2023-06-14T12:06:20.4653693Z","endTime":"2023-06-14T12:07:01Z"}'
    headers:
      cache-control:
      - no-cache
      content-length:
      - '464'
      content-type:
      - application/json; charset=utf-8
      date:
      - Wed, 14 Jun 2023 12:07:22 GMT
      expires:
      - '-1'
      pragma:
      - no-cache
      server:
      - Kestrel
      strict-transport-security:
      - max-age=31536000; includeSubDomains
      transfer-encoding:
      - chunked
      vary:
      - Accept-Encoding
      x-content-type-options:
      - nosniff
      x-ms-ratelimit-remaining-subscription-resource-requests:
      - '997'
    status:
      code: 200
      message: OK
- request:
    body: null
    headers:
      Accept:
      - '*/*'
      Accept-Encoding:
      - gzip, deflate
      CommandName:
      - dataprotection backup-instance validate-for-backup
      Connection:
      - keep-alive
      ParameterSetName:
      - -g --vault-name --backup-instance
      User-Agent:
      - AZURECLI/2.49.0 (AAZ) azsdk-python-core/1.26.0 Python/3.10.11 (Windows-10-10.0.22621-SP0)
    method: GET
    uri: https://management.azure.com/subscriptions/00000000-0000-0000-0000-000000000000/providers/Microsoft.DataProtection/locations/eastus/operationResults/MGMwZmEwMzYtYzQwMS00NWMwLTgyOTYtZmEwM2Y5ODBmNTY2O2RlZjEyN2EzLWU1NTgtNDA3Ny05MmEwLTY0MmIzYWY2YmYzOA==?api-version=2023-01-01
  response:
    body:
      string: '{"objectType":"OperationJobExtendedInfo"}'
    headers:
      azure-asyncoperation:
      - https://management.azure.com/subscriptions/00000000-0000-0000-0000-000000000000/providers/Microsoft.DataProtection/locations/eastus/operationStatus/MGMwZmEwMzYtYzQwMS00NWMwLTgyOTYtZmEwM2Y5ODBmNTY2O2RlZjEyN2EzLWU1NTgtNDA3Ny05MmEwLTY0MmIzYWY2YmYzOA==?api-version=2023-01-01
      cache-control:
      - no-cache
      content-length:
      - '41'
      content-type:
      - application/json; charset=utf-8
      date:
      - Wed, 14 Jun 2023 12:07:22 GMT
      expires:
      - '-1'
      pragma:
      - no-cache
      server:
      - Kestrel
      strict-transport-security:
      - max-age=31536000; includeSubDomains
      transfer-encoding:
      - chunked
      vary:
      - Accept-Encoding
      x-content-type-options:
      - nosniff
      x-ms-ratelimit-remaining-subscription-resource-requests:
      - '199'
    status:
      code: 200
      message: OK
- request:
    body: '{"backupInstance": {"dataSourceInfo": {"datasourceType": "Microsoft.Compute/disks",
      "objectType": "Datasource", "resourceID": "/subscriptions/00000000-0000-0000-0000-000000000000/resourceGroups/dpp-rg/providers/Microsoft.Compute/disks/dpp-disk",
      "resourceLocation": "eastus", "resourceName": "dpp-disk", "resourceType": "Microsoft.Compute/disks",
      "resourceUri": ""}, "friendlyName": "dpp-disk", "objectType": "BackupInstance",
      "policyInfo": {"policyId": "/subscriptions/00000000-0000-0000-0000-000000000000/resourceGroups/dpp-rg/providers/Microsoft.DataProtection/backupVaults/bkp-vault/backupPolicies/diskpolicy",
      "policyParameters": {"dataStoreParametersList": [{"dataStoreType": "OperationalStore",
      "objectType": "AzureOperationalStoreParameters", "resourceGroupId": "/subscriptions/00000000-0000-0000-0000-000000000000/resourceGroups/dpp-rg"}]}}}}'
    headers:
      Accept:
      - application/json
      Accept-Encoding:
      - gzip, deflate
      CommandName:
      - dataprotection backup-instance create
      Connection:
      - keep-alive
      Content-Length:
      - '851'
      Content-Type:
      - application/json
      ParameterSetName:
      - -g --vault-name --backup-instance
      User-Agent:
      - AZURECLI/2.49.0 (AAZ) azsdk-python-core/1.26.0 Python/3.10.11 (Windows-10-10.0.22621-SP0)
    method: POST
    uri: https://management.azure.com/subscriptions/00000000-0000-0000-0000-000000000000/resourceGroups/dpp-rg/providers/Microsoft.DataProtection/backupVaults/bkp-vault/validateForBackup?api-version=2023-01-01
  response:
    body:
      string: ''
    headers:
      azure-asyncoperation:
      - https://management.azure.com/subscriptions/00000000-0000-0000-0000-000000000000/resourceGroups/dpp-rg/providers/Microsoft.DataProtection/backupVaults/bkp-vault/operationStatus/MGMwZmEwMzYtYzQwMS00NWMwLTgyOTYtZmEwM2Y5ODBmNTY2O2QwYjRkOThmLWU4MWMtNDgwZi1hNGExLTUzNWY0YjFlNDg0Mw==?api-version=2023-01-01
      cache-control:
      - no-cache
      content-length:
      - '0'
      date:
      - Wed, 14 Jun 2023 12:07:24 GMT
      expires:
      - '-1'
      location:
      - https://management.azure.com/subscriptions/00000000-0000-0000-0000-000000000000/providers/Microsoft.DataProtection/locations/eastus/operationResults/MGMwZmEwMzYtYzQwMS00NWMwLTgyOTYtZmEwM2Y5ODBmNTY2O2QwYjRkOThmLWU4MWMtNDgwZi1hNGExLTUzNWY0YjFlNDg0Mw==?api-version=2023-01-01
      pragma:
      - no-cache
      server:
      - Kestrel
      strict-transport-security:
      - max-age=31536000; includeSubDomains
      x-content-type-options:
      - nosniff
      x-ms-ratelimit-remaining-subscription-writes:
      - '1198'
    status:
      code: 202
      message: Accepted
- request:
    body: null
    headers:
      Accept:
      - '*/*'
      Accept-Encoding:
      - gzip, deflate
      CommandName:
      - dataprotection backup-instance create
      Connection:
      - keep-alive
      ParameterSetName:
      - -g --vault-name --backup-instance
      User-Agent:
      - AZURECLI/2.49.0 (AAZ) azsdk-python-core/1.26.0 Python/3.10.11 (Windows-10-10.0.22621-SP0)
    method: GET
    uri: https://management.azure.com/subscriptions/00000000-0000-0000-0000-000000000000/resourceGroups/dpp-rg/providers/Microsoft.DataProtection/backupVaults/bkp-vault/operationStatus/MGMwZmEwMzYtYzQwMS00NWMwLTgyOTYtZmEwM2Y5ODBmNTY2O2QwYjRkOThmLWU4MWMtNDgwZi1hNGExLTUzNWY0YjFlNDg0Mw==?api-version=2023-01-01
  response:
    body:
      string: '{"id":"/subscriptions/00000000-0000-0000-0000-000000000000/resourceGroups/dpp-rg/providers/Microsoft.DataProtection/backupVaults/bkp-vault/operationStatus/MGMwZmEwMzYtYzQwMS00NWMwLTgyOTYtZmEwM2Y5ODBmNTY2O2QwYjRkOThmLWU4MWMtNDgwZi1hNGExLTUzNWY0YjFlNDg0Mw==","name":"MGMwZmEwMzYtYzQwMS00NWMwLTgyOTYtZmEwM2Y5ODBmNTY2O2QwYjRkOThmLWU4MWMtNDgwZi1hNGExLTUzNWY0YjFlNDg0Mw==","status":"Inprogress","startTime":"2023-06-14T12:07:24.5197743Z","endTime":"0001-01-01T00:00:00Z"}'
    headers:
      cache-control:
      - no-cache
      content-length:
      - '465'
      content-type:
      - application/json; charset=utf-8
      date:
      - Wed, 14 Jun 2023 12:07:24 GMT
      expires:
      - '-1'
      pragma:
      - no-cache
      server:
      - Kestrel
      strict-transport-security:
      - max-age=31536000; includeSubDomains
      transfer-encoding:
      - chunked
      vary:
      - Accept-Encoding
      x-content-type-options:
      - nosniff
      x-ms-ratelimit-remaining-subscription-resource-requests:
      - '994'
    status:
      code: 200
      message: OK
- request:
    body: null
    headers:
      Accept:
      - '*/*'
      Accept-Encoding:
      - gzip, deflate
      CommandName:
      - dataprotection backup-instance create
      Connection:
      - keep-alive
      ParameterSetName:
      - -g --vault-name --backup-instance
      User-Agent:
      - AZURECLI/2.49.0 (AAZ) azsdk-python-core/1.26.0 Python/3.10.11 (Windows-10-10.0.22621-SP0)
    method: GET
    uri: https://management.azure.com/subscriptions/00000000-0000-0000-0000-000000000000/resourceGroups/dpp-rg/providers/Microsoft.DataProtection/backupVaults/bkp-vault/operationStatus/MGMwZmEwMzYtYzQwMS00NWMwLTgyOTYtZmEwM2Y5ODBmNTY2O2QwYjRkOThmLWU4MWMtNDgwZi1hNGExLTUzNWY0YjFlNDg0Mw==?api-version=2023-01-01
  response:
    body:
      string: '{"id":"/subscriptions/00000000-0000-0000-0000-000000000000/resourceGroups/dpp-rg/providers/Microsoft.DataProtection/backupVaults/bkp-vault/operationStatus/MGMwZmEwMzYtYzQwMS00NWMwLTgyOTYtZmEwM2Y5ODBmNTY2O2QwYjRkOThmLWU4MWMtNDgwZi1hNGExLTUzNWY0YjFlNDg0Mw==","name":"MGMwZmEwMzYtYzQwMS00NWMwLTgyOTYtZmEwM2Y5ODBmNTY2O2QwYjRkOThmLWU4MWMtNDgwZi1hNGExLTUzNWY0YjFlNDg0Mw==","status":"Inprogress","startTime":"2023-06-14T12:07:24.5197743Z","endTime":"0001-01-01T00:00:00Z"}'
    headers:
      cache-control:
      - no-cache
      content-length:
      - '465'
      content-type:
      - application/json; charset=utf-8
      date:
      - Wed, 14 Jun 2023 12:07:55 GMT
      expires:
      - '-1'
      pragma:
      - no-cache
      server:
      - Kestrel
      strict-transport-security:
      - max-age=31536000; includeSubDomains
      transfer-encoding:
      - chunked
      vary:
      - Accept-Encoding
      x-content-type-options:
      - nosniff
      x-ms-ratelimit-remaining-subscription-resource-requests:
      - '993'
    status:
      code: 200
      message: OK
- request:
    body: null
    headers:
      Accept:
      - '*/*'
      Accept-Encoding:
      - gzip, deflate
      CommandName:
      - dataprotection backup-instance create
      Connection:
      - keep-alive
      ParameterSetName:
      - -g --vault-name --backup-instance
      User-Agent:
      - AZURECLI/2.49.0 (AAZ) azsdk-python-core/1.26.0 Python/3.10.11 (Windows-10-10.0.22621-SP0)
    method: GET
    uri: https://management.azure.com/subscriptions/00000000-0000-0000-0000-000000000000/resourceGroups/dpp-rg/providers/Microsoft.DataProtection/backupVaults/bkp-vault/operationStatus/MGMwZmEwMzYtYzQwMS00NWMwLTgyOTYtZmEwM2Y5ODBmNTY2O2QwYjRkOThmLWU4MWMtNDgwZi1hNGExLTUzNWY0YjFlNDg0Mw==?api-version=2023-01-01
  response:
    body:
      string: '{"id":"/subscriptions/00000000-0000-0000-0000-000000000000/resourceGroups/dpp-rg/providers/Microsoft.DataProtection/backupVaults/bkp-vault/operationStatus/MGMwZmEwMzYtYzQwMS00NWMwLTgyOTYtZmEwM2Y5ODBmNTY2O2QwYjRkOThmLWU4MWMtNDgwZi1hNGExLTUzNWY0YjFlNDg0Mw==","name":"MGMwZmEwMzYtYzQwMS00NWMwLTgyOTYtZmEwM2Y5ODBmNTY2O2QwYjRkOThmLWU4MWMtNDgwZi1hNGExLTUzNWY0YjFlNDg0Mw==","status":"Succeeded","startTime":"2023-06-14T12:07:24.5197743Z","endTime":"2023-06-14T12:08:05Z"}'
    headers:
      cache-control:
      - no-cache
      content-length:
      - '464'
      content-type:
      - application/json; charset=utf-8
      date:
      - Wed, 14 Jun 2023 12:08:26 GMT
      expires:
      - '-1'
      pragma:
      - no-cache
      server:
      - Kestrel
      strict-transport-security:
      - max-age=31536000; includeSubDomains
      transfer-encoding:
      - chunked
      vary:
      - Accept-Encoding
      x-content-type-options:
      - nosniff
      x-ms-ratelimit-remaining-subscription-resource-requests:
      - '992'
    status:
      code: 200
      message: OK
- request:
    body: '{"properties": {"dataSourceInfo": {"datasourceType": "Microsoft.Compute/disks",
      "objectType": "Datasource", "resourceID": "/subscriptions/00000000-0000-0000-0000-000000000000/resourceGroups/dpp-rg/providers/Microsoft.Compute/disks/dpp-disk",
      "resourceLocation": "eastus", "resourceName": "dpp-disk", "resourceType": "Microsoft.Compute/disks",
      "resourceUri": ""}, "friendlyName": "dpp-disk", "objectType": "BackupInstance",
      "policyInfo": {"policyId": "/subscriptions/00000000-0000-0000-0000-000000000000/resourceGroups/dpp-rg/providers/Microsoft.DataProtection/backupVaults/bkp-vault/backupPolicies/diskpolicy",
      "policyParameters": {"dataStoreParametersList": [{"dataStoreType": "OperationalStore",
      "objectType": "AzureOperationalStoreParameters", "resourceGroupId": "/subscriptions/00000000-0000-0000-0000-000000000000/resourceGroups/dpp-rg"}]}}},
      "tags": {"Owner": "dppclitest"}}'
    headers:
      Accept:
      - application/json
      Accept-Encoding:
      - gzip, deflate
      CommandName:
      - dataprotection backup-instance create
      Connection:
      - keep-alive
      Content-Length:
      - '880'
      Content-Type:
      - application/json
      ParameterSetName:
      - -g --vault-name --backup-instance
      User-Agent:
      - AZURECLI/2.49.0 (AAZ) azsdk-python-core/1.26.0 Python/3.10.11 (Windows-10-10.0.22621-SP0)
    method: PUT
    uri: https://management.azure.com/subscriptions/00000000-0000-0000-0000-000000000000/resourceGroups/dpp-rg/providers/Microsoft.DataProtection/backupVaults/bkp-vault/backupInstances/dpp-disk-dpp-disk-b7e6f082-b310-11eb-8f55-9cfce85d4fa1?api-version=2023-01-01
  response:
    body:
      string: '{"tags":{"Owner":"dppclitest"},"properties":{"friendlyName":"dpp-disk","dataSourceInfo":{"resourceID":"/subscriptions/00000000-0000-0000-0000-000000000000/resourceGroups/dpp-rg/providers/Microsoft.Compute/disks/dpp-disk","resourceUri":"","datasourceType":"Microsoft.Compute/disks","resourceName":"dpp-disk","resourceType":"Microsoft.Compute/disks","resourceLocation":"eastus","objectType":"Datasource"},"policyInfo":{"policyId":"/subscriptions/00000000-0000-0000-0000-000000000000/resourceGroups/dpp-rg/providers/Microsoft.DataProtection/backupVaults/bkp-vault/backupPolicies/diskpolicy","policyParameters":{"dataStoreParametersList":[{"dataStoreType":"OperationalStore","objectType":"AzureOperationalStoreParameters","resourceGroupId":"/subscriptions/00000000-0000-0000-0000-000000000000/resourceGroups/dpp-rg"}]}},"protectionStatus":{"status":"ConfiguringProtection"},"currentProtectionState":"ConfiguringProtection","provisioningState":"Provisioning","objectType":"BackupInstance"},"id":"/subscriptions/00000000-0000-0000-0000-000000000000/resourceGroups/dpp-rg/providers/Microsoft.DataProtection/backupVaults/bkp-vault/backupInstances/dpp-disk-dpp-disk-b7e6f082-b310-11eb-8f55-9cfce85d4fa1","name":"dpp-disk-dpp-disk-b7e6f082-b310-11eb-8f55-9cfce85d4fa1","type":"Microsoft.DataProtection/backupVaults/backupInstances"}'
    headers:
      azure-asyncoperation:
      - https://management.azure.com/subscriptions/00000000-0000-0000-0000-000000000000/resourceGroups/dpp-rg/providers/Microsoft.DataProtection/backupVaults/bkp-vault/operationStatus/MGMwZmEwMzYtYzQwMS00NWMwLTgyOTYtZmEwM2Y5ODBmNTY2O2E1MmY3NjMxLTlmNDQtNDg4Yi1iYWVkLTFlMjEwMWVkOTAwMg==?api-version=2023-01-01
      cache-control:
      - no-cache
      content-length:
      - '1322'
      content-type:
      - application/json; charset=utf-8
      date:
      - Wed, 14 Jun 2023 12:08:27 GMT
      expires:
      - '-1'
      pragma:
      - no-cache
      server:
      - Kestrel
      strict-transport-security:
      - max-age=31536000; includeSubDomains
      x-content-type-options:
      - nosniff
      x-ms-ratelimit-remaining-subscription-resource-requests:
      - '198'
    status:
      code: 201
      message: Created
- request:
    body: null
    headers:
      Accept:
      - '*/*'
      Accept-Encoding:
      - gzip, deflate
      CommandName:
      - dataprotection backup-instance create
      Connection:
      - keep-alive
      ParameterSetName:
      - -g --vault-name --backup-instance
      User-Agent:
      - AZURECLI/2.49.0 (AAZ) azsdk-python-core/1.26.0 Python/3.10.11 (Windows-10-10.0.22621-SP0)
    method: GET
    uri: https://management.azure.com/subscriptions/00000000-0000-0000-0000-000000000000/resourceGroups/dpp-rg/providers/Microsoft.DataProtection/backupVaults/bkp-vault/operationStatus/MGMwZmEwMzYtYzQwMS00NWMwLTgyOTYtZmEwM2Y5ODBmNTY2O2E1MmY3NjMxLTlmNDQtNDg4Yi1iYWVkLTFlMjEwMWVkOTAwMg==?api-version=2023-01-01
  response:
    body:
      string: '{"id":"/subscriptions/00000000-0000-0000-0000-000000000000/resourceGroups/dpp-rg/providers/Microsoft.DataProtection/backupVaults/bkp-vault/operationStatus/MGMwZmEwMzYtYzQwMS00NWMwLTgyOTYtZmEwM2Y5ODBmNTY2O2E1MmY3NjMxLTlmNDQtNDg4Yi1iYWVkLTFlMjEwMWVkOTAwMg==","name":"MGMwZmEwMzYtYzQwMS00NWMwLTgyOTYtZmEwM2Y5ODBmNTY2O2E1MmY3NjMxLTlmNDQtNDg4Yi1iYWVkLTFlMjEwMWVkOTAwMg==","status":"Inprogress","startTime":"2023-06-14T12:08:27.2423164Z","endTime":"0001-01-01T00:00:00Z"}'
    headers:
      cache-control:
      - no-cache
      content-length:
      - '465'
      content-type:
      - application/json; charset=utf-8
      date:
      - Wed, 14 Jun 2023 12:08:27 GMT
      expires:
      - '-1'
      pragma:
      - no-cache
      server:
      - Kestrel
      strict-transport-security:
      - max-age=31536000; includeSubDomains
      transfer-encoding:
      - chunked
      vary:
      - Accept-Encoding
      x-content-type-options:
      - nosniff
      x-ms-ratelimit-remaining-subscription-resource-requests:
      - '991'
    status:
      code: 200
      message: OK
- request:
    body: null
    headers:
      Accept:
      - '*/*'
      Accept-Encoding:
      - gzip, deflate
      CommandName:
      - dataprotection backup-instance create
      Connection:
      - keep-alive
      ParameterSetName:
      - -g --vault-name --backup-instance
      User-Agent:
      - AZURECLI/2.49.0 (AAZ) azsdk-python-core/1.26.0 Python/3.10.11 (Windows-10-10.0.22621-SP0)
    method: GET
    uri: https://management.azure.com/subscriptions/00000000-0000-0000-0000-000000000000/resourceGroups/dpp-rg/providers/Microsoft.DataProtection/backupVaults/bkp-vault/operationStatus/MGMwZmEwMzYtYzQwMS00NWMwLTgyOTYtZmEwM2Y5ODBmNTY2O2E1MmY3NjMxLTlmNDQtNDg4Yi1iYWVkLTFlMjEwMWVkOTAwMg==?api-version=2023-01-01
  response:
    body:
      string: '{"id":"/subscriptions/00000000-0000-0000-0000-000000000000/resourceGroups/dpp-rg/providers/Microsoft.DataProtection/backupVaults/bkp-vault/operationStatus/MGMwZmEwMzYtYzQwMS00NWMwLTgyOTYtZmEwM2Y5ODBmNTY2O2E1MmY3NjMxLTlmNDQtNDg4Yi1iYWVkLTFlMjEwMWVkOTAwMg==","name":"MGMwZmEwMzYtYzQwMS00NWMwLTgyOTYtZmEwM2Y5ODBmNTY2O2E1MmY3NjMxLTlmNDQtNDg4Yi1iYWVkLTFlMjEwMWVkOTAwMg==","status":"Succeeded","startTime":"2023-06-14T12:08:27.2423164Z","endTime":"2023-06-14T12:08:30Z"}'
    headers:
      cache-control:
      - no-cache
      content-length:
      - '464'
      content-type:
      - application/json; charset=utf-8
      date:
      - Wed, 14 Jun 2023 12:08:57 GMT
      expires:
      - '-1'
      pragma:
      - no-cache
      server:
      - Kestrel
      strict-transport-security:
      - max-age=31536000; includeSubDomains
      transfer-encoding:
      - chunked
      vary:
      - Accept-Encoding
      x-content-type-options:
      - nosniff
      x-ms-ratelimit-remaining-subscription-resource-requests:
      - '990'
    status:
      code: 200
      message: OK
- request:
    body: null
    headers:
      Accept:
      - '*/*'
      Accept-Encoding:
      - gzip, deflate
      CommandName:
      - dataprotection backup-instance create
      Connection:
      - keep-alive
      ParameterSetName:
      - -g --vault-name --backup-instance
      User-Agent:
      - AZURECLI/2.49.0 (AAZ) azsdk-python-core/1.26.0 Python/3.10.11 (Windows-10-10.0.22621-SP0)
    method: GET
    uri: https://management.azure.com/subscriptions/00000000-0000-0000-0000-000000000000/resourceGroups/dpp-rg/providers/Microsoft.DataProtection/backupVaults/bkp-vault/backupInstances/dpp-disk-dpp-disk-b7e6f082-b310-11eb-8f55-9cfce85d4fa1?api-version=2023-01-01
  response:
    body:
      string: '{"tags":{"Owner":"dppclitest"},"properties":{"friendlyName":"dpp-disk","dataSourceInfo":{"resourceID":"/subscriptions/00000000-0000-0000-0000-000000000000/resourceGroups/dpp-rg/providers/Microsoft.Compute/disks/dpp-disk","resourceUri":"","datasourceType":"Microsoft.Compute/disks","resourceName":"dpp-disk","resourceType":"Microsoft.Compute/disks","resourceLocation":"eastus","objectType":"Datasource"},"policyInfo":{"policyId":"/subscriptions/00000000-0000-0000-0000-000000000000/resourceGroups/dpp-rg/providers/Microsoft.DataProtection/backupVaults/bkp-vault/backupPolicies/diskpolicy","policyParameters":{"dataStoreParametersList":[{"dataStoreType":"OperationalStore","objectType":"AzureOperationalStoreParameters","resourceGroupId":"/subscriptions/00000000-0000-0000-0000-000000000000/resourceGroups/dpp-rg"}]}},"protectionStatus":{"status":"ConfiguringProtection"},"currentProtectionState":"ConfiguringProtection","provisioningState":"Succeeded","objectType":"BackupInstance"},"id":"/subscriptions/00000000-0000-0000-0000-000000000000/resourceGroups/dpp-rg/providers/Microsoft.DataProtection/backupVaults/bkp-vault/backupInstances/dpp-disk-dpp-disk-b7e6f082-b310-11eb-8f55-9cfce85d4fa1","name":"dpp-disk-dpp-disk-b7e6f082-b310-11eb-8f55-9cfce85d4fa1","type":"Microsoft.DataProtection/backupVaults/backupInstances"}'
    headers:
      cache-control:
      - no-cache
      content-length:
      - '1319'
      content-type:
      - application/json; charset=utf-8
      date:
      - Wed, 14 Jun 2023 12:08:58 GMT
      expires:
      - '-1'
      pragma:
      - no-cache
      server:
      - Kestrel
      strict-transport-security:
      - max-age=31536000; includeSubDomains
      transfer-encoding:
      - chunked
      vary:
      - Accept-Encoding
      x-content-type-options:
      - nosniff
      x-ms-ratelimit-remaining-subscription-resource-requests:
      - '1998'
    status:
      code: 200
      message: OK
- request:
    body: null
    headers:
      Accept:
      - application/json
      Accept-Encoding:
      - gzip, deflate
      CommandName:
      - dataprotection backup-instance wait
      Connection:
      - keep-alive
      ParameterSetName:
      - -g --vault-name --backup-instance-name --created
      User-Agent:
      - AZURECLI/2.49.0 (AAZ) azsdk-python-core/1.26.0 Python/3.10.11 (Windows-10-10.0.22621-SP0)
    method: GET
    uri: https://management.azure.com/subscriptions/00000000-0000-0000-0000-000000000000/resourceGroups/dpp-rg/providers/Microsoft.DataProtection/backupVaults/bkp-vault/backupInstances/dpp-disk-dpp-disk-b7e6f082-b310-11eb-8f55-9cfce85d4fa1?api-version=2023-01-01
  response:
    body:
      string: '{"tags":{"Owner":"dppclitest"},"properties":{"friendlyName":"dpp-disk","dataSourceInfo":{"resourceID":"/subscriptions/00000000-0000-0000-0000-000000000000/resourceGroups/dpp-rg/providers/Microsoft.Compute/disks/dpp-disk","resourceUri":"","datasourceType":"Microsoft.Compute/disks","resourceName":"dpp-disk","resourceType":"Microsoft.Compute/disks","resourceLocation":"eastus","objectType":"Datasource"},"policyInfo":{"policyId":"/subscriptions/00000000-0000-0000-0000-000000000000/resourceGroups/dpp-rg/providers/Microsoft.DataProtection/backupVaults/bkp-vault/backupPolicies/diskpolicy","policyParameters":{"dataStoreParametersList":[{"dataStoreType":"OperationalStore","objectType":"AzureOperationalStoreParameters","resourceGroupId":"/subscriptions/00000000-0000-0000-0000-000000000000/resourceGroups/dpp-rg"}]}},"protectionStatus":{"status":"ConfiguringProtection"},"currentProtectionState":"ConfiguringProtection","provisioningState":"Succeeded","objectType":"BackupInstance"},"id":"/subscriptions/00000000-0000-0000-0000-000000000000/resourceGroups/dpp-rg/providers/Microsoft.DataProtection/backupVaults/bkp-vault/backupInstances/dpp-disk-dpp-disk-b7e6f082-b310-11eb-8f55-9cfce85d4fa1","name":"dpp-disk-dpp-disk-b7e6f082-b310-11eb-8f55-9cfce85d4fa1","type":"Microsoft.DataProtection/backupVaults/backupInstances"}'
    headers:
      cache-control:
      - no-cache
      content-length:
      - '1319'
      content-type:
      - application/json; charset=utf-8
      date:
      - Wed, 14 Jun 2023 12:09:00 GMT
      expires:
      - '-1'
      pragma:
      - no-cache
      server:
      - Kestrel
      strict-transport-security:
      - max-age=31536000; includeSubDomains
      transfer-encoding:
      - chunked
      vary:
      - Accept-Encoding
      x-content-type-options:
      - nosniff
      x-ms-ratelimit-remaining-subscription-resource-requests:
      - '1998'
    status:
      code: 200
      message: OK
- request:
    body: null
    headers:
      Accept:
      - application/json
      Accept-Encoding:
      - gzip, deflate
      CommandName:
      - dataprotection backup-instance list
      Connection:
      - keep-alive
      ParameterSetName:
      - -g --vault-name
      User-Agent:
      - AZURECLI/2.49.0 (AAZ) azsdk-python-core/1.26.0 Python/3.10.11 (Windows-10-10.0.22621-SP0)
    method: GET
    uri: https://management.azure.com/subscriptions/00000000-0000-0000-0000-000000000000/resourceGroups/dpp-rg/providers/Microsoft.DataProtection/backupVaults/bkp-vault/backupInstances?api-version=2023-01-01
  response:
    body:
      string: '{"value":[{"tags":{"Owner":"dppclitest"},"properties":{"friendlyName":"dpp-disk","dataSourceInfo":{"resourceID":"/subscriptions/00000000-0000-0000-0000-000000000000/resourceGroups/dpp-rg/providers/Microsoft.Compute/disks/dpp-disk","resourceUri":"","datasourceType":"Microsoft.Compute/disks","resourceName":"dpp-disk","resourceType":"Microsoft.Compute/disks","resourceLocation":"eastus","objectType":"Datasource"},"policyInfo":{"policyId":"/subscriptions/00000000-0000-0000-0000-000000000000/resourceGroups/dpp-rg/providers/Microsoft.DataProtection/backupVaults/bkp-vault/backupPolicies/diskpolicy","policyParameters":{"dataStoreParametersList":[{"dataStoreType":"OperationalStore","objectType":"AzureOperationalStoreParameters","resourceGroupId":"/subscriptions/00000000-0000-0000-0000-000000000000/resourceGroups/dpp-rg"}]}},"protectionStatus":{"status":"ConfiguringProtection"},"currentProtectionState":"ConfiguringProtection","provisioningState":"Succeeded","objectType":"BackupInstance"},"id":"/subscriptions/00000000-0000-0000-0000-000000000000/resourceGroups/dpp-rg/providers/Microsoft.DataProtection/backupVaults/bkp-vault/backupInstances/dpp-disk-dpp-disk-b7e6f082-b310-11eb-8f55-9cfce85d4fa1","name":"dpp-disk-dpp-disk-b7e6f082-b310-11eb-8f55-9cfce85d4fa1","type":"Microsoft.DataProtection/backupVaults/backupInstances"}]}'
    headers:
      cache-control:
      - no-cache
      content-length:
      - '1331'
      content-type:
      - application/json; charset=utf-8
      date:
      - Wed, 14 Jun 2023 12:09:02 GMT
      expires:
      - '-1'
      pragma:
      - no-cache
      server:
      - Kestrel
      strict-transport-security:
      - max-age=31536000; includeSubDomains
      transfer-encoding:
      - chunked
      vary:
      - Accept-Encoding
      x-content-type-options:
      - nosniff
      x-ms-ratelimit-remaining-subscription-resource-requests:
      - '1999'
    status:
      code: 200
      message: OK
- request:
    body: null
    headers:
      Accept:
      - '*/*'
      Accept-Encoding:
      - gzip, deflate
      CommandName:
      - dataprotection backup-instance delete
      Connection:
      - keep-alive
      Content-Length:
      - '0'
      ParameterSetName:
      - -g --vault-name --backup-instance-name --yes --no-wait
      User-Agent:
      - AZURECLI/2.49.0 (AAZ) azsdk-python-core/1.26.0 Python/3.10.11 (Windows-10-10.0.22621-SP0)
    method: DELETE
    uri: https://management.azure.com/subscriptions/00000000-0000-0000-0000-000000000000/resourceGroups/dpp-rg/providers/Microsoft.DataProtection/backupVaults/bkp-vault/backupInstances/dpp-disk-dpp-disk-b7e6f082-b310-11eb-8f55-9cfce85d4fa1?api-version=2023-01-01
  response:
    body:
      string: ''
    headers:
      azure-asyncoperation:
      - https://management.azure.com/subscriptions/00000000-0000-0000-0000-000000000000/resourceGroups/dpp-rg/providers/Microsoft.DataProtection/backupVaults/bkp-vault/operationStatus/MGMwZmEwMzYtYzQwMS00NWMwLTgyOTYtZmEwM2Y5ODBmNTY2O2Y0ZGI4NjRiLTNiOWYtNDBhOC04NjlkLTI0OWVjMTk4M2RlNA==?api-version=2023-01-01
      cache-control:
      - no-cache
      content-length:
      - '0'
      date:
      - Wed, 14 Jun 2023 12:09:05 GMT
      expires:
      - '-1'
      location:
      - https://management.azure.com/subscriptions/00000000-0000-0000-0000-000000000000/providers/Microsoft.DataProtection/locations/eastus/operationResults/MGMwZmEwMzYtYzQwMS00NWMwLTgyOTYtZmEwM2Y5ODBmNTY2O2Y0ZGI4NjRiLTNiOWYtNDBhOC04NjlkLTI0OWVjMTk4M2RlNA==?api-version=2023-01-01
      pragma:
      - no-cache
      server:
      - Kestrel
      strict-transport-security:
      - max-age=31536000; includeSubDomains
      x-content-type-options:
      - nosniff
      x-ms-ratelimit-remaining-subscription-resource-requests:
      - '199'
    status:
      code: 202
      message: Accepted
version: 1
