interactions:
- request:
    body: '{"identity": {"type": "SystemAssigned"}, "location": "centraluseuap", "properties":
      {"securitySettings": {"immutabilitySettings": {"state": "Locked"}, "softDeleteSettings":
      {"state": "Off"}}, "storageSettings": [{"datastoreType": "VaultStore", "type":
      "LocallyRedundant"}]}}'
    headers:
      Accept:
      - application/json
      Accept-Encoding:
      - gzip, deflate
      CommandName:
      - dataprotection backup-vault create
      Connection:
      - keep-alive
      Content-Length:
      - '274'
      Content-Type:
      - application/json
      ParameterSetName:
      - -g --vault-name -l --storage-settings --type --soft-delete-state --immutability-state
      User-Agent:
      - AZURECLI/2.49.0 (AAZ) azsdk-python-core/1.26.0 Python/3.10.11 (Windows-10-10.0.22621-SP0)
    method: PUT
    uri: https://management.azure.com/subscriptions/00000000-0000-0000-0000-000000000000/resourceGroups/clitest-dpp-backupvault-000001/providers/Microsoft.DataProtection/backupVaults/cli-test-backup-vault?api-version=2023-01-01
  response:
    body:
      string: '{"location":"centraluseuap","identity":{"type":"SystemAssigned","principalId":"87aebdc6-e584-47d1-995b-da74088d1461","tenantId":"72f988bf-86f1-41af-91ab-2d7cd011db47"},"properties":{"provisioningState":"Provisioning","storageSettings":[{"datastoreType":"VaultStore","type":"LocallyRedundant"}],"isVaultProtectedByResourceGuard":false,"securitySettings":{"softDeleteSettings":{"state":"Off","retentionDurationInDays":0.0},"immutabilitySettings":{"state":"Locked"}}},"id":"/subscriptions/00000000-0000-0000-0000-000000000000/resourceGroups/clitest-dpp-backupvault-000001/providers/Microsoft.DataProtection/backupVaults/cli-test-backup-vault","name":"cli-test-backup-vault","type":"Microsoft.DataProtection/backupVaults"}'
    headers:
      azure-asyncoperation:
      - https://management.azure.com/subscriptions/00000000-0000-0000-0000-000000000000/resourceGroups/clitest-dpp-backupvault-000001/providers/Microsoft.DataProtection/backupVaults/cli-test-backup-vault/operationStatus/NzA0ZDBmZmItODk5OS00NDExLTlkMWQtMTFhOWEzZTk2ZTgyOzZjYjRkZWRjLTI2NzUtNDM3ZC05Y2QwLTMzN2YyNmEyMTUyNA==?api-version=2023-01-01
      cache-control:
      - no-cache
      content-length:
      - '718'
      content-type:
      - application/json
      date:
      - Fri, 23 Jun 2023 06:33:27 GMT
      expires:
      - '-1'
      pragma:
      - no-cache
      server:
      - Microsoft-IIS/10.0
      strict-transport-security:
      - max-age=31536000; includeSubDomains
      x-content-type-options:
      - nosniff
      x-ms-arm-resource-system-data:
      - '{"createdBy":"t-vpatel@microsoft.com","createdByType":"User","createdAt":"2023-06-23T06:33:23.5535511Z","lastModifiedBy":"t-vpatel@microsoft.com","lastModifiedByType":"User","lastModifiedAt":"2023-06-23T06:33:23.5535511Z"}'
      x-ms-ratelimit-remaining-subscription-resource-requests:
      - '99'
      x-powered-by:
      - ASP.NET
    status:
      code: 201
      message: Created
- request:
    body: null
    headers:
      Accept:
      - '*/*'
      Accept-Encoding:
      - gzip, deflate
      CommandName:
      - dataprotection backup-vault create
      Connection:
      - keep-alive
      ParameterSetName:
      - -g --vault-name -l --storage-settings --type --soft-delete-state --immutability-state
      User-Agent:
      - AZURECLI/2.49.0 (AAZ) azsdk-python-core/1.26.0 Python/3.10.11 (Windows-10-10.0.22621-SP0)
    method: GET
    uri: https://management.azure.com/subscriptions/00000000-0000-0000-0000-000000000000/resourceGroups/clitest-dpp-backupvault-000001/providers/Microsoft.DataProtection/backupVaults/cli-test-backup-vault/operationStatus/NzA0ZDBmZmItODk5OS00NDExLTlkMWQtMTFhOWEzZTk2ZTgyOzZjYjRkZWRjLTI2NzUtNDM3ZC05Y2QwLTMzN2YyNmEyMTUyNA==?api-version=2023-01-01
  response:
    body:
      string: '{"id":"/subscriptions/00000000-0000-0000-0000-000000000000/resourceGroups/clitest-dpp-backupvault-000001/providers/Microsoft.DataProtection/backupVaults/cli-test-backup-vault/operationStatus/NzA0ZDBmZmItODk5OS00NDExLTlkMWQtMTFhOWEzZTk2ZTgyOzZjYjRkZWRjLTI2NzUtNDM3ZC05Y2QwLTMzN2YyNmEyMTUyNA==","name":"NzA0ZDBmZmItODk5OS00NDExLTlkMWQtMTFhOWEzZTk2ZTgyOzZjYjRkZWRjLTI2NzUtNDM3ZC05Y2QwLTMzN2YyNmEyMTUyNA==","status":"Succeeded","startTime":"2023-06-23T06:33:25.9072701Z","endTime":"2023-06-23T06:33:26Z"}'
    headers:
      cache-control:
      - no-cache
      content-length:
      - '500'
      content-type:
      - application/json
      date:
      - Fri, 23 Jun 2023 06:33:27 GMT
      expires:
      - '-1'
      pragma:
      - no-cache
      server:
      - Microsoft-IIS/10.0
      strict-transport-security:
      - max-age=31536000; includeSubDomains
      transfer-encoding:
      - chunked
      vary:
      - Accept-Encoding
      x-content-type-options:
      - nosniff
      x-ms-ratelimit-remaining-subscription-resource-requests:
      - '999'
      x-powered-by:
      - ASP.NET
    status:
      code: 200
      message: OK
- request:
    body: null
    headers:
      Accept:
      - '*/*'
      Accept-Encoding:
      - gzip, deflate
      CommandName:
      - dataprotection backup-vault create
      Connection:
      - keep-alive
      ParameterSetName:
      - -g --vault-name -l --storage-settings --type --soft-delete-state --immutability-state
      User-Agent:
      - AZURECLI/2.49.0 (AAZ) azsdk-python-core/1.26.0 Python/3.10.11 (Windows-10-10.0.22621-SP0)
    method: GET
    uri: https://management.azure.com/subscriptions/00000000-0000-0000-0000-000000000000/resourceGroups/clitest-dpp-backupvault-000001/providers/Microsoft.DataProtection/backupVaults/cli-test-backup-vault?api-version=2023-01-01
  response:
    body:
      string: '{"location":"centraluseuap","identity":{"type":"SystemAssigned","principalId":"87aebdc6-e584-47d1-995b-da74088d1461","tenantId":"72f988bf-86f1-41af-91ab-2d7cd011db47"},"properties":{"provisioningState":"Succeeded","storageSettings":[{"datastoreType":"VaultStore","type":"LocallyRedundant"}],"isVaultProtectedByResourceGuard":false,"securitySettings":{"softDeleteSettings":{"state":"Off","retentionDurationInDays":0.0},"immutabilitySettings":{"state":"Locked"}}},"id":"/subscriptions/00000000-0000-0000-0000-000000000000/resourceGroups/clitest-dpp-backupvault-000001/providers/Microsoft.DataProtection/backupVaults/cli-test-backup-vault","name":"cli-test-backup-vault","type":"Microsoft.DataProtection/backupVaults"}'
    headers:
      cache-control:
      - no-cache
      content-length:
      - '715'
      content-type:
      - application/json
      date:
      - Fri, 23 Jun 2023 06:33:28 GMT
      expires:
      - '-1'
      pragma:
      - no-cache
      server:
      - Microsoft-IIS/10.0
      strict-transport-security:
      - max-age=31536000; includeSubDomains
      transfer-encoding:
      - chunked
      vary:
      - Accept-Encoding
      x-content-type-options:
      - nosniff
      x-ms-ratelimit-remaining-subscription-resource-requests:
      - '498'
      x-powered-by:
      - ASP.NET
    status:
      code: 200
      message: OK
- request:
    body: null
    headers:
      Accept:
      - application/json
      Accept-Encoding:
      - gzip, deflate
      CommandName:
      - dataprotection backup-vault list
      Connection:
      - keep-alive
      ParameterSetName:
      - -g
      User-Agent:
      - AZURECLI/2.49.0 (AAZ) azsdk-python-core/1.26.0 Python/3.10.11 (Windows-10-10.0.22621-SP0)
    method: GET
    uri: https://management.azure.com/subscriptions/00000000-0000-0000-0000-000000000000/resourceGroups/clitest-dpp-backupvault-000001/providers/Microsoft.DataProtection/backupVaults?api-version=2023-01-01
  response:
    body:
      string: '{"value":[{"location":"centraluseuap","identity":{"type":"SystemAssigned","principalId":"87aebdc6-e584-47d1-995b-da74088d1461","tenantId":"72f988bf-86f1-41af-91ab-2d7cd011db47"},"properties":{"provisioningState":"Succeeded","storageSettings":[{"datastoreType":"VaultStore","type":"LocallyRedundant"}],"isVaultProtectedByResourceGuard":false,"securitySettings":{"softDeleteSettings":{"state":"Off","retentionDurationInDays":0.0},"immutabilitySettings":{"state":"Locked"}}},"id":"/subscriptions/00000000-0000-0000-0000-000000000000/resourceGroups/clitest-dpp-backupvault-000001/providers/Microsoft.DataProtection/backupVaults/cli-test-backup-vault","name":"cli-test-backup-vault","type":"Microsoft.DataProtection/backupVaults"}]}'
    headers:
      cache-control:
      - no-cache
      content-length:
      - '727'
      content-type:
      - application/json
      date:
      - Fri, 23 Jun 2023 06:33:30 GMT
      expires:
      - '-1'
      pragma:
      - no-cache
      server:
      - Microsoft-IIS/10.0
      strict-transport-security:
      - max-age=31536000; includeSubDomains
      transfer-encoding:
      - chunked
      vary:
      - Accept-Encoding
      x-content-type-options:
      - nosniff
      x-ms-ratelimit-remaining-subscription-resource-requests:
      - '499'
      x-powered-by:
      - ASP.NET
    status:
      code: 200
      message: OK
- request:
    body: null
    headers:
      Accept:
      - application/json
      Accept-Encoding:
      - gzip, deflate
      CommandName:
      - dataprotection backup-vault show
      Connection:
      - keep-alive
      ParameterSetName:
      - -g --vault-name
      User-Agent:
      - AZURECLI/2.49.0 (AAZ) azsdk-python-core/1.26.0 Python/3.10.11 (Windows-10-10.0.22621-SP0)
    method: GET
    uri: https://management.azure.com/subscriptions/00000000-0000-0000-0000-000000000000/resourceGroups/clitest-dpp-backupvault-000001/providers/Microsoft.DataProtection/backupVaults/cli-test-backup-vault?api-version=2023-01-01
  response:
    body:
      string: '{"location":"centraluseuap","identity":{"type":"SystemAssigned","principalId":"87aebdc6-e584-47d1-995b-da74088d1461","tenantId":"72f988bf-86f1-41af-91ab-2d7cd011db47"},"properties":{"provisioningState":"Succeeded","storageSettings":[{"datastoreType":"VaultStore","type":"LocallyRedundant"}],"isVaultProtectedByResourceGuard":false,"securitySettings":{"softDeleteSettings":{"state":"Off","retentionDurationInDays":0.0},"immutabilitySettings":{"state":"Locked"}}},"id":"/subscriptions/00000000-0000-0000-0000-000000000000/resourceGroups/clitest-dpp-backupvault-000001/providers/Microsoft.DataProtection/backupVaults/cli-test-backup-vault","name":"cli-test-backup-vault","type":"Microsoft.DataProtection/backupVaults"}'
    headers:
      cache-control:
      - no-cache
      content-length:
      - '715'
      content-type:
      - application/json
      date:
      - Fri, 23 Jun 2023 06:33:30 GMT
      expires:
      - '-1'
      pragma:
      - no-cache
      server:
      - Microsoft-IIS/10.0
      strict-transport-security:
      - max-age=31536000; includeSubDomains
      transfer-encoding:
      - chunked
      vary:
      - Accept-Encoding
      x-content-type-options:
      - nosniff
      x-ms-ratelimit-remaining-subscription-resource-requests:
      - '499'
      x-powered-by:
      - ASP.NET
    status:
      code: 200
      message: OK
- request:
    body: null
    headers:
      Accept:
      - '*/*'
      Accept-Encoding:
      - gzip, deflate
      CommandName:
      - dataprotection backup-vault delete
      Connection:
      - keep-alive
      Content-Length:
      - '0'
      ParameterSetName:
      - -g --vault-name -y
      User-Agent:
      - AZURECLI/2.49.0 (AAZ) azsdk-python-core/1.26.0 Python/3.10.11 (Windows-10-10.0.22621-SP0)
    method: DELETE
    uri: https://management.azure.com/subscriptions/00000000-0000-0000-0000-000000000000/resourceGroups/clitest-dpp-backupvault-000001/providers/Microsoft.DataProtection/backupVaults/cli-test-backup-vault?api-version=2023-01-01
  response:
    body:
      string: ''
    headers:
      azure-asyncoperation:
      - https://management.azure.com/subscriptions/00000000-0000-0000-0000-000000000000/resourceGroups/clitest-dpp-backupvault-000001/providers/Microsoft.DataProtection/locations/centraluseuap/operationStatus/NzA0ZDBmZmItODk5OS00NDExLTlkMWQtMTFhOWEzZTk2ZTgyO2JkNzkwOTk2LTZhYWEtNDUyMi04N2E1LWY5ZDJjNjBkYjgwMg==?api-version=2023-01-01
      cache-control:
      - no-cache
      content-length:
      - '0'
      date:
      - Fri, 23 Jun 2023 06:33:32 GMT
      expires:
      - '-1'
      location:
      - https://management.azure.com/subscriptions/00000000-0000-0000-0000-000000000000/providers/Microsoft.DataProtection/locations/centraluseuap/operationResults/NzA0ZDBmZmItODk5OS00NDExLTlkMWQtMTFhOWEzZTk2ZTgyO2JkNzkwOTk2LTZhYWEtNDUyMi04N2E1LWY5ZDJjNjBkYjgwMg==?api-version=2023-01-01
      pragma:
      - no-cache
      strict-transport-security:
      - max-age=31536000; includeSubDomains
      x-content-type-options:
      - nosniff
      x-ms-ratelimit-remaining-subscription-resource-requests:
      - '99'
      x-powered-by:
      - ASP.NET
    status:
      code: 202
      message: Accepted
- request:
    body: null
    headers:
      Accept:
      - '*/*'
      Accept-Encoding:
      - gzip, deflate
      CommandName:
      - dataprotection backup-vault delete
      Connection:
      - keep-alive
      ParameterSetName:
      - -g --vault-name -y
      User-Agent:
      - AZURECLI/2.49.0 (AAZ) azsdk-python-core/1.26.0 Python/3.10.11 (Windows-10-10.0.22621-SP0)
    method: GET
    uri: https://management.azure.com/subscriptions/00000000-0000-0000-0000-000000000000/resourceGroups/clitest-dpp-backupvault-000001/providers/Microsoft.DataProtection/locations/centraluseuap/operationStatus/NzA0ZDBmZmItODk5OS00NDExLTlkMWQtMTFhOWEzZTk2ZTgyO2JkNzkwOTk2LTZhYWEtNDUyMi04N2E1LWY5ZDJjNjBkYjgwMg==?api-version=2023-01-01
  response:
    body:
      string: '{"id":"/subscriptions/00000000-0000-0000-0000-000000000000/resourceGroups/clitest-dpp-backupvault-000001/providers/Microsoft.DataProtection/locations/centraluseuap/operationStatus/NzA0ZDBmZmItODk5OS00NDExLTlkMWQtMTFhOWEzZTk2ZTgyO2JkNzkwOTk2LTZhYWEtNDUyMi04N2E1LWY5ZDJjNjBkYjgwMg==","name":"NzA0ZDBmZmItODk5OS00NDExLTlkMWQtMTFhOWEzZTk2ZTgyO2JkNzkwOTk2LTZhYWEtNDUyMi04N2E1LWY5ZDJjNjBkYjgwMg==","status":"Inprogress","startTime":"2023-06-23T06:33:32.9637992Z","endTime":"0001-01-01T00:00:00Z"}'
    headers:
      cache-control:
      - no-cache
      content-length:
      - '490'
      content-type:
      - application/json
      date:
      - Fri, 23 Jun 2023 06:33:33 GMT
      expires:
      - '-1'
      pragma:
      - no-cache
      server:
      - Microsoft-IIS/10.0
      strict-transport-security:
      - max-age=31536000; includeSubDomains
      transfer-encoding:
      - chunked
      vary:
      - Accept-Encoding
      x-content-type-options:
      - nosniff
      x-ms-ratelimit-remaining-subscription-resource-requests:
      - '14999'
      x-powered-by:
      - ASP.NET
    status:
      code: 200
      message: OK
- request:
    body: null
    headers:
      Accept:
      - '*/*'
      Accept-Encoding:
      - gzip, deflate
      CommandName:
      - dataprotection backup-vault delete
      Connection:
      - keep-alive
      ParameterSetName:
      - -g --vault-name -y
      User-Agent:
      - AZURECLI/2.49.0 (AAZ) azsdk-python-core/1.26.0 Python/3.10.11 (Windows-10-10.0.22621-SP0)
    method: GET
    uri: https://management.azure.com/subscriptions/00000000-0000-0000-0000-000000000000/resourceGroups/clitest-dpp-backupvault-000001/providers/Microsoft.DataProtection/locations/centraluseuap/operationStatus/NzA0ZDBmZmItODk5OS00NDExLTlkMWQtMTFhOWEzZTk2ZTgyO2JkNzkwOTk2LTZhYWEtNDUyMi04N2E1LWY5ZDJjNjBkYjgwMg==?api-version=2023-01-01
  response:
    body:
      string: '{"id":"/subscriptions/00000000-0000-0000-0000-000000000000/resourceGroups/clitest-dpp-backupvault-000001/providers/Microsoft.DataProtection/locations/centraluseuap/operationStatus/NzA0ZDBmZmItODk5OS00NDExLTlkMWQtMTFhOWEzZTk2ZTgyO2JkNzkwOTk2LTZhYWEtNDUyMi04N2E1LWY5ZDJjNjBkYjgwMg==","name":"NzA0ZDBmZmItODk5OS00NDExLTlkMWQtMTFhOWEzZTk2ZTgyO2JkNzkwOTk2LTZhYWEtNDUyMi04N2E1LWY5ZDJjNjBkYjgwMg==","status":"Succeeded","startTime":"2023-06-23T06:33:32.9637992Z","endTime":"2023-06-23T06:33:33Z"}'
    headers:
      cache-control:
      - no-cache
      content-length:
      - '489'
      content-type:
      - application/json
      date:
      - Fri, 23 Jun 2023 06:34:03 GMT
      expires:
      - '-1'
      pragma:
      - no-cache
      server:
      - Microsoft-IIS/10.0
      strict-transport-security:
      - max-age=31536000; includeSubDomains
      transfer-encoding:
      - chunked
      vary:
      - Accept-Encoding
      x-content-type-options:
      - nosniff
      x-ms-ratelimit-remaining-subscription-resource-requests:
      - '14998'
      x-powered-by:
      - ASP.NET
    status:
      code: 200
      message: OK
version: 1
