interactions:
- request:
    body: null
    headers:
      Accept:
      - application/json
      Accept-Encoding:
      - gzip, deflate
      CommandName:
      - dataprotection resource-guard create
      Connection:
      - keep-alive
      ParameterSetName:
      - -g -n
      User-Agent:
      - AZURECLI/2.60.0 azsdk-python-core/1.28.0 Python/3.10.11 (Windows-10-10.0.22631-SP0)
    method: GET
    uri: https://management.azure.com/subscriptions/00000000-0000-0000-0000-000000000000/resourcegroups/clitest-dpp-resourceguard-000001?api-version=2022-09-01
  response:
    body:
      string: '{"id":"/subscriptions/00000000-0000-0000-0000-000000000000/resourceGroups/clitest-dpp-resourceguard-000001","name":"clitest-dpp-resourceguard-000001","type":"Microsoft.Resources/resourceGroups","location":"centraluseuap","tags":{"product":"azurecli","cause":"automation","test":"test_dataprotection_resource_guard_create_and_delete","date":"2024-05-08T10:33:17Z","module":"azure-cli-extensions"},"properties":{"provisioningState":"Succeeded"}}'
    headers:
      cache-control:
      - no-cache
      content-length:
      - '443'
      content-type:
      - application/json; charset=utf-8
      date:
      - Wed, 08 May 2024 10:33:20 GMT
      expires:
      - '-1'
      pragma:
      - no-cache
      strict-transport-security:
      - max-age=31536000; includeSubDomains
      x-cache:
      - CONFIG_NOCACHE
      x-content-type-options:
      - nosniff
      x-msedge-ref:
      - 'Ref A: BB9CED53120E4EE3B5C5BCF38743CC90 Ref B: AMS231022012035 Ref C: 2024-05-08T10:33:20Z'
    status:
      code: 200
      message: OK
- request:
    body: '{"location": "centraluseuap"}'
    headers:
      Accept:
      - application/json
      Accept-Encoding:
      - gzip, deflate
      CommandName:
      - dataprotection resource-guard create
      Connection:
      - keep-alive
      Content-Length:
      - '29'
      Content-Type:
      - application/json
      ParameterSetName:
      - -g -n
      User-Agent:
      - AZURECLI/2.60.0 azsdk-python-core/1.28.0 Python/3.10.11 (Windows-10-10.0.22631-SP0)
    method: PUT
    uri: https://management.azure.com/subscriptions/00000000-0000-0000-0000-000000000000/resourceGroups/clitest-dpp-resourceguard-000001/providers/Microsoft.DataProtection/resourceGuards/clitest-resource-guard?api-version=2024-04-01
  response:
    body:
      string: '{"location":"centraluseuap","properties":{"provisioningState":"Succeeded","resourceGuardOperations":[{"vaultCriticalOperation":"Microsoft.RecoveryServices/vaults/backupFabrics/protectionContainers/protectedItems/delete","requestResourceType":"Microsoft.DataProtection/resourceGuards/deleteProtectedItemRequests"},{"vaultCriticalOperation":"Microsoft.RecoveryServices/vaults/backupFabrics/protectionContainers/protectedItems/write","requestResourceType":"Microsoft.DataProtection/resourceGuards/updateProtectedItemRequests"},{"vaultCriticalOperation":"Microsoft.RecoveryServices/vaults/backupPolicies/write","requestResourceType":"Microsoft.DataProtection/resourceGuards/updateProtectionPolicyRequests"},{"vaultCriticalOperation":"Microsoft.RecoveryServices/vaults/backupResourceGuardProxies/delete","requestResourceType":"Microsoft.DataProtection/resourceGuards/deleteResourceGuardProxyRequests"},{"vaultCriticalOperation":"Microsoft.RecoveryServices/vaults/backupSecurityPIN/action","requestResourceType":"Microsoft.DataProtection/resourceGuards/getBackupSecurityPINRequests"},{"vaultCriticalOperation":"Microsoft.RecoveryServices/vaults/backupconfig/write","requestResourceType":"Microsoft.DataProtection/resourceGuards/disableSoftDeleteRequests"},{"vaultCriticalOperation":"Microsoft.RecoveryServices/vaults/backupFabrics/protectionContainers/protectedItems/write#stopProtectionWithRetainData","requestResourceType":"Microsoft.DataProtection/resourceGuards/stopProtectionWithRetainDataRequests"},{"vaultCriticalOperation":"Microsoft.RecoveryServices/vaults/write#reduceImmutabilityState","requestResourceType":"Microsoft.DataProtection/resourceGuards/reduceImmutabilityStateRequests"},{"vaultCriticalOperation":"Microsoft.RecoveryServices/vaults/backupFabrics/protectionContainers/protectedItems/recoveryPoints/restore/action","requestResourceType":"Microsoft.DataProtection/resourceGuards/triggerRestoreRequests"},{"vaultCriticalOperation":"Microsoft.DataProtection/backupVaults/backupInstances/delete","requestResourceType":"Microsoft.DataProtection/backupVaults/backupInstances/delete"},{"vaultCriticalOperation":"Microsoft.DataProtection/backupVaults/backupResourceGuardProxies/delete","requestResourceType":"Microsoft.DataProtection/backupVaults/backupResourceGuardProxies/delete"},{"vaultCriticalOperation":"Microsoft.DataProtection/backupVaults/write#reduceImmutabilityState","requestResourceType":"Microsoft.DataProtection/backupVaults/write#reduceImmutabilityState"},{"vaultCriticalOperation":"Microsoft.DataProtection/backupVaults/write#reduceSoftDeleteSecurity","requestResourceType":"Microsoft.DataProtection/backupVaults/write#reduceSoftDeleteSecurity"},{"vaultCriticalOperation":"Microsoft.DataProtection/backupVaults/write#modifyEncryptionSettings","requestResourceType":"Microsoft.DataProtection/backupVaults/write#modifyEncryptionSettings"},{"vaultCriticalOperation":"Microsoft.DataProtection/backupVaults/backupInstances/stopProtection/action","requestResourceType":"Microsoft.DataProtection/backupVaults/backupInstances/stopProtection/action"},{"vaultCriticalOperation":"Microsoft.DataProtection/backupVaults/backupInstances/suspendBackups/action","requestResourceType":"Microsoft.DataProtection/backupVaults/backupInstances/suspendBackups/action"},{"vaultCriticalOperation":"Microsoft.DataProtection/backupVaults/backupInstances/write","requestResourceType":"Microsoft.DataProtection/backupVaults/backupInstances/write"},{"vaultCriticalOperation":"Microsoft.DataProtection/backupVaults/backupInstances/restore/action","requestResourceType":"Microsoft.DataProtection/backupVaults/backupInstances/restore/action"}],"vaultCriticalOperationExclusionList":[],"allowAutoApprovals":true},"id":"/subscriptions/00000000-0000-0000-0000-000000000000/resourceGroups/clitest-dpp-resourceguard-000001/providers/Microsoft.DataProtection/resourceGuards/clitest-resource-guard","name":"clitest-resource-guard","type":"Microsoft.DataProtection/resourceGuards"}'
    headers:
      cache-control:
      - no-cache
      content-length:
      - '3965'
      content-type:
      - application/json; charset=utf-8
      date:
      - Wed, 08 May 2024 10:33:21 GMT
      expires:
      - '-1'
      pragma:
      - no-cache
      strict-transport-security:
      - max-age=31536000; includeSubDomains
      x-cache:
      - CONFIG_NOCACHE
      x-content-type-options:
      - nosniff
      x-ms-ratelimit-remaining-subscription-resource-requests:
      - '99'
      x-msedge-ref:
      - 'Ref A: 36F3D3EF46F7487B9DA723355B9A759A Ref B: AMS231020614011 Ref C: 2024-05-08T10:33:20Z'
    status:
      code: 200
      message: OK
- request:
    body: null
    headers:
      Accept:
      - application/json
      Accept-Encoding:
      - gzip, deflate
      CommandName:
      - dataprotection resource-guard list
      Connection:
      - keep-alive
      ParameterSetName:
      - -g
      User-Agent:
      - AZURECLI/2.60.0 azsdk-python-core/1.28.0 Python/3.10.11 (Windows-10-10.0.22631-SP0)
    method: GET
    uri: https://management.azure.com/subscriptions/00000000-0000-0000-0000-000000000000/resourceGroups/clitest-dpp-resourceguard-000001/providers/Microsoft.DataProtection/resourceGuards?api-version=2024-04-01
  response:
    body:
      string: '{"value":[{"location":"centraluseuap","properties":{"provisioningState":"Succeeded","resourceGuardOperations":[{"vaultCriticalOperation":"Microsoft.RecoveryServices/vaults/backupFabrics/protectionContainers/protectedItems/delete","requestResourceType":"Microsoft.DataProtection/resourceGuards/deleteProtectedItemRequests"},{"vaultCriticalOperation":"Microsoft.RecoveryServices/vaults/backupFabrics/protectionContainers/protectedItems/write","requestResourceType":"Microsoft.DataProtection/resourceGuards/updateProtectedItemRequests"},{"vaultCriticalOperation":"Microsoft.RecoveryServices/vaults/backupPolicies/write","requestResourceType":"Microsoft.DataProtection/resourceGuards/updateProtectionPolicyRequests"},{"vaultCriticalOperation":"Microsoft.RecoveryServices/vaults/backupResourceGuardProxies/delete","requestResourceType":"Microsoft.DataProtection/resourceGuards/deleteResourceGuardProxyRequests"},{"vaultCriticalOperation":"Microsoft.RecoveryServices/vaults/backupSecurityPIN/action","requestResourceType":"Microsoft.DataProtection/resourceGuards/getBackupSecurityPINRequests"},{"vaultCriticalOperation":"Microsoft.RecoveryServices/vaults/backupconfig/write","requestResourceType":"Microsoft.DataProtection/resourceGuards/disableSoftDeleteRequests"},{"vaultCriticalOperation":"Microsoft.RecoveryServices/vaults/backupFabrics/protectionContainers/protectedItems/write#stopProtectionWithRetainData","requestResourceType":"Microsoft.DataProtection/resourceGuards/stopProtectionWithRetainDataRequests"},{"vaultCriticalOperation":"Microsoft.RecoveryServices/vaults/write#reduceImmutabilityState","requestResourceType":"Microsoft.DataProtection/resourceGuards/reduceImmutabilityStateRequests"},{"vaultCriticalOperation":"Microsoft.RecoveryServices/vaults/backupFabrics/protectionContainers/protectedItems/recoveryPoints/restore/action","requestResourceType":"Microsoft.DataProtection/resourceGuards/triggerRestoreRequests"},{"vaultCriticalOperation":"Microsoft.DataProtection/backupVaults/backupInstances/delete","requestResourceType":"Microsoft.DataProtection/backupVaults/backupInstances/delete"},{"vaultCriticalOperation":"Microsoft.DataProtection/backupVaults/backupResourceGuardProxies/delete","requestResourceType":"Microsoft.DataProtection/backupVaults/backupResourceGuardProxies/delete"},{"vaultCriticalOperation":"Microsoft.DataProtection/backupVaults/write#reduceImmutabilityState","requestResourceType":"Microsoft.DataProtection/backupVaults/write#reduceImmutabilityState"},{"vaultCriticalOperation":"Microsoft.DataProtection/backupVaults/write#reduceSoftDeleteSecurity","requestResourceType":"Microsoft.DataProtection/backupVaults/write#reduceSoftDeleteSecurity"},{"vaultCriticalOperation":"Microsoft.DataProtection/backupVaults/write#modifyEncryptionSettings","requestResourceType":"Microsoft.DataProtection/backupVaults/write#modifyEncryptionSettings"},{"vaultCriticalOperation":"Microsoft.DataProtection/backupVaults/backupInstances/stopProtection/action","requestResourceType":"Microsoft.DataProtection/backupVaults/backupInstances/stopProtection/action"},{"vaultCriticalOperation":"Microsoft.DataProtection/backupVaults/backupInstances/suspendBackups/action","requestResourceType":"Microsoft.DataProtection/backupVaults/backupInstances/suspendBackups/action"},{"vaultCriticalOperation":"Microsoft.DataProtection/backupVaults/backupInstances/write","requestResourceType":"Microsoft.DataProtection/backupVaults/backupInstances/write"},{"vaultCriticalOperation":"Microsoft.DataProtection/backupVaults/backupInstances/restore/action","requestResourceType":"Microsoft.DataProtection/backupVaults/backupInstances/restore/action"}],"vaultCriticalOperationExclusionList":[],"allowAutoApprovals":true},"id":"/subscriptions/00000000-0000-0000-0000-000000000000/resourceGroups/clitest-dpp-resourceguard-000001/providers/Microsoft.DataProtection/resourceGuards/clitest-resource-guard","name":"clitest-resource-guard","type":"Microsoft.DataProtection/resourceGuards"}]}'
    headers:
      cache-control:
      - no-cache
      content-length:
      - '3977'
      content-type:
      - application/json; charset=utf-8
      date:
      - Wed, 08 May 2024 10:33:23 GMT
      expires:
      - '-1'
      pragma:
      - no-cache
      strict-transport-security:
      - max-age=31536000; includeSubDomains
      x-cache:
      - CONFIG_NOCACHE
      x-content-type-options:
      - nosniff
      x-ms-ratelimit-remaining-subscription-resource-requests:
      - '999'
      x-msedge-ref:
      - 'Ref A: BFB9A3155714464889BAA7AB4EF2C1F3 Ref B: AMS231032609021 Ref C: 2024-05-08T10:33:22Z'
    status:
      code: 200
      message: OK
- request:
    body: null
    headers:
      Accept:
      - application/json
      Accept-Encoding:
      - gzip, deflate
      CommandName:
      - dataprotection resource-guard show
      Connection:
      - keep-alive
      ParameterSetName:
      - -g -n
      User-Agent:
      - AZURECLI/2.60.0 azsdk-python-core/1.28.0 Python/3.10.11 (Windows-10-10.0.22631-SP0)
    method: GET
    uri: https://management.azure.com/subscriptions/00000000-0000-0000-0000-000000000000/resourceGroups/clitest-dpp-resourceguard-000001/providers/Microsoft.DataProtection/resourceGuards/clitest-resource-guard?api-version=2024-04-01
  response:
    body:
      string: '{"location":"centraluseuap","properties":{"provisioningState":"Succeeded","resourceGuardOperations":[{"vaultCriticalOperation":"Microsoft.RecoveryServices/vaults/backupFabrics/protectionContainers/protectedItems/delete","requestResourceType":"Microsoft.DataProtection/resourceGuards/deleteProtectedItemRequests"},{"vaultCriticalOperation":"Microsoft.RecoveryServices/vaults/backupFabrics/protectionContainers/protectedItems/write","requestResourceType":"Microsoft.DataProtection/resourceGuards/updateProtectedItemRequests"},{"vaultCriticalOperation":"Microsoft.RecoveryServices/vaults/backupPolicies/write","requestResourceType":"Microsoft.DataProtection/resourceGuards/updateProtectionPolicyRequests"},{"vaultCriticalOperation":"Microsoft.RecoveryServices/vaults/backupResourceGuardProxies/delete","requestResourceType":"Microsoft.DataProtection/resourceGuards/deleteResourceGuardProxyRequests"},{"vaultCriticalOperation":"Microsoft.RecoveryServices/vaults/backupSecurityPIN/action","requestResourceType":"Microsoft.DataProtection/resourceGuards/getBackupSecurityPINRequests"},{"vaultCriticalOperation":"Microsoft.RecoveryServices/vaults/backupconfig/write","requestResourceType":"Microsoft.DataProtection/resourceGuards/disableSoftDeleteRequests"},{"vaultCriticalOperation":"Microsoft.RecoveryServices/vaults/backupFabrics/protectionContainers/protectedItems/write#stopProtectionWithRetainData","requestResourceType":"Microsoft.DataProtection/resourceGuards/stopProtectionWithRetainDataRequests"},{"vaultCriticalOperation":"Microsoft.RecoveryServices/vaults/write#reduceImmutabilityState","requestResourceType":"Microsoft.DataProtection/resourceGuards/reduceImmutabilityStateRequests"},{"vaultCriticalOperation":"Microsoft.RecoveryServices/vaults/backupFabrics/protectionContainers/protectedItems/recoveryPoints/restore/action","requestResourceType":"Microsoft.DataProtection/resourceGuards/triggerRestoreRequests"},{"vaultCriticalOperation":"Microsoft.DataProtection/backupVaults/backupInstances/delete","requestResourceType":"Microsoft.DataProtection/backupVaults/backupInstances/delete"},{"vaultCriticalOperation":"Microsoft.DataProtection/backupVaults/backupResourceGuardProxies/delete","requestResourceType":"Microsoft.DataProtection/backupVaults/backupResourceGuardProxies/delete"},{"vaultCriticalOperation":"Microsoft.DataProtection/backupVaults/write#reduceImmutabilityState","requestResourceType":"Microsoft.DataProtection/backupVaults/write#reduceImmutabilityState"},{"vaultCriticalOperation":"Microsoft.DataProtection/backupVaults/write#reduceSoftDeleteSecurity","requestResourceType":"Microsoft.DataProtection/backupVaults/write#reduceSoftDeleteSecurity"},{"vaultCriticalOperation":"Microsoft.DataProtection/backupVaults/write#modifyEncryptionSettings","requestResourceType":"Microsoft.DataProtection/backupVaults/write#modifyEncryptionSettings"},{"vaultCriticalOperation":"Microsoft.DataProtection/backupVaults/backupInstances/stopProtection/action","requestResourceType":"Microsoft.DataProtection/backupVaults/backupInstances/stopProtection/action"},{"vaultCriticalOperation":"Microsoft.DataProtection/backupVaults/backupInstances/suspendBackups/action","requestResourceType":"Microsoft.DataProtection/backupVaults/backupInstances/suspendBackups/action"},{"vaultCriticalOperation":"Microsoft.DataProtection/backupVaults/backupInstances/write","requestResourceType":"Microsoft.DataProtection/backupVaults/backupInstances/write"},{"vaultCriticalOperation":"Microsoft.DataProtection/backupVaults/backupInstances/restore/action","requestResourceType":"Microsoft.DataProtection/backupVaults/backupInstances/restore/action"}],"vaultCriticalOperationExclusionList":[],"allowAutoApprovals":true},"id":"/subscriptions/00000000-0000-0000-0000-000000000000/resourceGroups/clitest-dpp-resourceguard-000001/providers/Microsoft.DataProtection/resourceGuards/clitest-resource-guard","name":"clitest-resource-guard","type":"Microsoft.DataProtection/resourceGuards"}'
    headers:
      cache-control:
      - no-cache
      content-length:
      - '3965'
      content-type:
      - application/json; charset=utf-8
      date:
      - Wed, 08 May 2024 10:33:24 GMT
      expires:
      - '-1'
      pragma:
      - no-cache
      strict-transport-security:
      - max-age=31536000; includeSubDomains
      x-cache:
      - CONFIG_NOCACHE
      x-content-type-options:
      - nosniff
      x-ms-ratelimit-remaining-subscription-resource-requests:
      - '999'
      x-msedge-ref:
      - 'Ref A: 86471F17CFB040E98CDCD8E5E831C038 Ref B: AMS231020512049 Ref C: 2024-05-08T10:33:23Z'
    status:
      code: 200
      message: OK
- request:
    body: null
    headers:
      Accept:
      - '*/*'
      Accept-Encoding:
      - gzip, deflate
      CommandName:
      - dataprotection resource-guard delete
      Connection:
      - keep-alive
      Content-Length:
      - '0'
      ParameterSetName:
      - -g -n -y
      User-Agent:
      - AZURECLI/2.60.0 azsdk-python-core/1.28.0 Python/3.10.11 (Windows-10-10.0.22631-SP0)
    method: DELETE
    uri: https://management.azure.com/subscriptions/00000000-0000-0000-0000-000000000000/resourceGroups/clitest-dpp-resourceguard-000001/providers/Microsoft.DataProtection/resourceGuards/clitest-resource-guard?api-version=2024-04-01
  response:
    body:
      string: ''
    headers:
      cache-control:
      - no-cache
      content-length:
      - '0'
      date:
      - Wed, 08 May 2024 10:33:27 GMT
      expires:
      - '-1'
      pragma:
      - no-cache
      strict-transport-security:
      - max-age=31536000; includeSubDomains
      x-cache:
      - CONFIG_NOCACHE
      x-content-type-options:
      - nosniff
      x-ms-ratelimit-remaining-subscription-resource-requests:
      - '99'
      x-msedge-ref:
      - 'Ref A: F634A7C316974C40B2E2A04FE2F49F79 Ref B: AMS231020614021 Ref C: 2024-05-08T10:33:24Z'
    status:
      code: 200
      message: OK
version: 1
