interactions:
- request:
    body: null
    headers:
      Accept:
      - application/json
      Accept-Encoding:
      - gzip, deflate
      CommandName:
      - dataprotection backup-instance wait
      Connection:
      - keep-alive
      ParameterSetName:
      - -g --vault-name --backup-instance-name --timeout --custom
      User-Agent:
      - AZURECLI/2.49.0 (AAZ) azsdk-python-core/1.26.0 Python/3.10.11 (Windows-10-10.0.22621-SP0)
    method: GET
    uri: https://management.azure.com/subscriptions/00000000-0000-0000-0000-000000000000/resourceGroups/clitest-dpp-rg/providers/Microsoft.DataProtection/backupVaults/clitest-bkp-vault-persistent-bi-donotdelete/backupInstances/clitest-disk-persistent-bi-donotdelete-clitest-disk-persistent-bi-donotdelete-e33c80ba-0bf8-11ee-aaa6-002b670b472e?api-version=2023-01-01
  response:
    body:
      string: '{"properties":{"friendlyName":"clitest-disk-persistent-bi-donotdelete","dataSourceInfo":{"resourceID":"/subscriptions/00000000-0000-0000-0000-000000000000/resourceGroups/clitest-dpp-rg/providers/Microsoft.Compute/disks/clitest-disk-persistent-bi-donotdelete","resourceUri":"","datasourceType":"Microsoft.Compute/disks","resourceName":"clitest-disk-persistent-bi-donotdelete","resourceType":"Microsoft.Compute/disks","resourceLocation":"centraluseuap","objectType":"Datasource"},"policyInfo":{"policyId":"/subscriptions/00000000-0000-0000-0000-000000000000/resourceGroups/clitest-dpp-rg/providers/Microsoft.DataProtection/backupVaults/clitest-bkp-vault-persistent-bi-donotdelete/backupPolicies/diskpolicy","policyParameters":{"dataStoreParametersList":[{"dataStoreType":"OperationalStore","objectType":"AzureOperationalStoreParameters","resourceGroupId":"/subscriptions/00000000-0000-0000-0000-000000000000/resourceGroups/clitest-dpp-rg"}]}},"protectionStatus":{"status":"ProtectionConfigured"},"currentProtectionState":"ProtectionConfigured","provisioningState":"Succeeded","objectType":"BackupInstance"},"id":"/subscriptions/00000000-0000-0000-0000-000000000000/resourceGroups/clitest-dpp-rg/providers/Microsoft.DataProtection/backupVaults/clitest-bkp-vault-persistent-bi-donotdelete/backupInstances/clitest-disk-persistent-bi-donotdelete-clitest-disk-persistent-bi-donotdelete-e33c80ba-0bf8-11ee-aaa6-002b670b472e","name":"clitest-disk-persistent-bi-donotdelete-clitest-disk-persistent-bi-donotdelete-e33c80ba-0bf8-11ee-aaa6-002b670b472e","type":"Microsoft.DataProtection/backupVaults/backupInstances"}'
    headers:
      cache-control:
      - no-cache
      content-length:
      - '1604'
      content-type:
      - application/json
      date:
      - Fri, 23 Jun 2023 06:29:56 GMT
      expires:
      - '-1'
      pragma:
      - no-cache
      server:
      - Microsoft-IIS/10.0
      strict-transport-security:
      - max-age=31536000; includeSubDomains
      transfer-encoding:
      - chunked
      vary:
      - Accept-Encoding
      x-content-type-options:
      - nosniff
      x-ms-ratelimit-remaining-subscription-resource-requests:
      - '1999'
      x-powered-by:
      - ASP.NET
    status:
      code: 200
      message: OK
- request:
    body: null
    headers:
      Accept:
      - '*/*'
      Accept-Encoding:
      - gzip, deflate
      CommandName:
      - dataprotection backup-instance stop-protection
      Connection:
      - keep-alive
      Content-Length:
      - '0'
      ParameterSetName:
      - -n -g --vault-name
      User-Agent:
      - AZURECLI/2.49.0 (AAZ) azsdk-python-core/1.26.0 Python/3.10.11 (Windows-10-10.0.22621-SP0)
    method: POST
    uri: https://management.azure.com/subscriptions/00000000-0000-0000-0000-000000000000/resourceGroups/clitest-dpp-rg/providers/Microsoft.DataProtection/backupVaults/clitest-bkp-vault-persistent-bi-donotdelete/backupInstances/clitest-disk-persistent-bi-donotdelete-clitest-disk-persistent-bi-donotdelete-e33c80ba-0bf8-11ee-aaa6-002b670b472e/stopProtection?api-version=2023-01-01
  response:
    body:
      string: ''
    headers:
      azure-asyncoperation:
      - https://management.azure.com/subscriptions/00000000-0000-0000-0000-000000000000/resourceGroups/clitest-dpp-rg/providers/Microsoft.DataProtection/backupVaults/clitest-bkp-vault-persistent-bi-donotdelete/operationStatus/YWRhYzE1NWYtYjEwNS00NGIzLTkzN2EtYjIxZThjNzNjOTY3O2UxYzZlNjA0LTY0ODAtNDkyYS05NDE2LTAyOTJkOGMzNzcxNw==?api-version=2023-01-01
      cache-control:
      - no-cache
      content-length:
      - '0'
      date:
      - Fri, 23 Jun 2023 06:30:00 GMT
      expires:
      - '-1'
      location:
      - https://management.azure.com/subscriptions/00000000-0000-0000-0000-000000000000/providers/Microsoft.DataProtection/locations/centraluseuap/operationResults/YWRhYzE1NWYtYjEwNS00NGIzLTkzN2EtYjIxZThjNzNjOTY3O2UxYzZlNjA0LTY0ODAtNDkyYS05NDE2LTAyOTJkOGMzNzcxNw==?api-version=2023-01-01
      pragma:
      - no-cache
      strict-transport-security:
      - max-age=31536000; includeSubDomains
      x-content-type-options:
      - nosniff
      x-ms-ratelimit-remaining-subscription-writes:
      - '1199'
      x-powered-by:
      - ASP.NET
    status:
      code: 202
      message: Accepted
- request:
    body: null
    headers:
      Accept:
      - '*/*'
      Accept-Encoding:
      - gzip, deflate
      CommandName:
      - dataprotection backup-instance stop-protection
      Connection:
      - keep-alive
      ParameterSetName:
      - -n -g --vault-name
      User-Agent:
      - AZURECLI/2.49.0 (AAZ) azsdk-python-core/1.26.0 Python/3.10.11 (Windows-10-10.0.22621-SP0)
    method: GET
    uri: https://management.azure.com/subscriptions/00000000-0000-0000-0000-000000000000/resourceGroups/clitest-dpp-rg/providers/Microsoft.DataProtection/backupVaults/clitest-bkp-vault-persistent-bi-donotdelete/operationStatus/YWRhYzE1NWYtYjEwNS00NGIzLTkzN2EtYjIxZThjNzNjOTY3O2UxYzZlNjA0LTY0ODAtNDkyYS05NDE2LTAyOTJkOGMzNzcxNw==?api-version=2023-01-01
  response:
    body:
      string: '{"id":"/subscriptions/00000000-0000-0000-0000-000000000000/resourceGroups/clitest-dpp-rg/providers/Microsoft.DataProtection/backupVaults/clitest-bkp-vault-persistent-bi-donotdelete/operationStatus/YWRhYzE1NWYtYjEwNS00NGIzLTkzN2EtYjIxZThjNzNjOTY3O2UxYzZlNjA0LTY0ODAtNDkyYS05NDE2LTAyOTJkOGMzNzcxNw==","name":"YWRhYzE1NWYtYjEwNS00NGIzLTkzN2EtYjIxZThjNzNjOTY3O2UxYzZlNjA0LTY0ODAtNDkyYS05NDE2LTAyOTJkOGMzNzcxNw==","status":"Inprogress","startTime":"2023-06-23T06:30:01.1253922Z","endTime":"0001-01-01T00:00:00Z"}'
    headers:
      cache-control:
      - no-cache
      content-length:
      - '507'
      content-type:
      - application/json
      date:
      - Fri, 23 Jun 2023 06:30:01 GMT
      expires:
      - '-1'
      pragma:
      - no-cache
      server:
      - Microsoft-IIS/10.0
      strict-transport-security:
      - max-age=31536000; includeSubDomains
      transfer-encoding:
      - chunked
      vary:
      - Accept-Encoding
      x-content-type-options:
      - nosniff
      x-ms-ratelimit-remaining-subscription-resource-requests:
      - '999'
      x-powered-by:
      - ASP.NET
    status:
      code: 200
      message: OK
- request:
    body: null
    headers:
      Accept:
      - '*/*'
      Accept-Encoding:
      - gzip, deflate
      CommandName:
      - dataprotection backup-instance stop-protection
      Connection:
      - keep-alive
      ParameterSetName:
      - -n -g --vault-name
      User-Agent:
      - AZURECLI/2.49.0 (AAZ) azsdk-python-core/1.26.0 Python/3.10.11 (Windows-10-10.0.22621-SP0)
    method: GET
    uri: https://management.azure.com/subscriptions/00000000-0000-0000-0000-000000000000/resourceGroups/clitest-dpp-rg/providers/Microsoft.DataProtection/backupVaults/clitest-bkp-vault-persistent-bi-donotdelete/operationStatus/YWRhYzE1NWYtYjEwNS00NGIzLTkzN2EtYjIxZThjNzNjOTY3O2UxYzZlNjA0LTY0ODAtNDkyYS05NDE2LTAyOTJkOGMzNzcxNw==?api-version=2023-01-01
  response:
    body:
      string: '{"id":"/subscriptions/00000000-0000-0000-0000-000000000000/resourceGroups/clitest-dpp-rg/providers/Microsoft.DataProtection/backupVaults/clitest-bkp-vault-persistent-bi-donotdelete/operationStatus/YWRhYzE1NWYtYjEwNS00NGIzLTkzN2EtYjIxZThjNzNjOTY3O2UxYzZlNjA0LTY0ODAtNDkyYS05NDE2LTAyOTJkOGMzNzcxNw==","name":"YWRhYzE1NWYtYjEwNS00NGIzLTkzN2EtYjIxZThjNzNjOTY3O2UxYzZlNjA0LTY0ODAtNDkyYS05NDE2LTAyOTJkOGMzNzcxNw==","status":"Inprogress","startTime":"2023-06-23T06:30:01.1253922Z","endTime":"0001-01-01T00:00:00Z"}'
    headers:
      cache-control:
      - no-cache
      content-length:
      - '507'
      content-type:
      - application/json
      date:
      - Fri, 23 Jun 2023 06:30:32 GMT
      expires:
      - '-1'
      pragma:
      - no-cache
      server:
      - Microsoft-IIS/10.0
      strict-transport-security:
      - max-age=31536000; includeSubDomains
      transfer-encoding:
      - chunked
      vary:
      - Accept-Encoding
      x-content-type-options:
      - nosniff
      x-ms-ratelimit-remaining-subscription-resource-requests:
      - '998'
      x-powered-by:
      - ASP.NET
    status:
      code: 200
      message: OK
- request:
    body: null
    headers:
      Accept:
      - '*/*'
      Accept-Encoding:
      - gzip, deflate
      CommandName:
      - dataprotection backup-instance stop-protection
      Connection:
      - keep-alive
      ParameterSetName:
      - -n -g --vault-name
      User-Agent:
      - AZURECLI/2.49.0 (AAZ) azsdk-python-core/1.26.0 Python/3.10.11 (Windows-10-10.0.22621-SP0)
    method: GET
    uri: https://management.azure.com/subscriptions/00000000-0000-0000-0000-000000000000/resourceGroups/clitest-dpp-rg/providers/Microsoft.DataProtection/backupVaults/clitest-bkp-vault-persistent-bi-donotdelete/operationStatus/YWRhYzE1NWYtYjEwNS00NGIzLTkzN2EtYjIxZThjNzNjOTY3O2UxYzZlNjA0LTY0ODAtNDkyYS05NDE2LTAyOTJkOGMzNzcxNw==?api-version=2023-01-01
  response:
    body:
      string: '{"id":"/subscriptions/00000000-0000-0000-0000-000000000000/resourceGroups/clitest-dpp-rg/providers/Microsoft.DataProtection/backupVaults/clitest-bkp-vault-persistent-bi-donotdelete/operationStatus/YWRhYzE1NWYtYjEwNS00NGIzLTkzN2EtYjIxZThjNzNjOTY3O2UxYzZlNjA0LTY0ODAtNDkyYS05NDE2LTAyOTJkOGMzNzcxNw==","name":"YWRhYzE1NWYtYjEwNS00NGIzLTkzN2EtYjIxZThjNzNjOTY3O2UxYzZlNjA0LTY0ODAtNDkyYS05NDE2LTAyOTJkOGMzNzcxNw==","status":"Succeeded","startTime":"2023-06-23T06:30:01.1253922Z","endTime":"2023-06-23T06:30:43Z"}'
    headers:
      cache-control:
      - no-cache
      content-length:
      - '506'
      content-type:
      - application/json
      date:
      - Fri, 23 Jun 2023 06:31:02 GMT
      expires:
      - '-1'
      pragma:
      - no-cache
      server:
      - Microsoft-IIS/10.0
      strict-transport-security:
      - max-age=31536000; includeSubDomains
      transfer-encoding:
      - chunked
      vary:
      - Accept-Encoding
      x-content-type-options:
      - nosniff
      x-ms-ratelimit-remaining-subscription-resource-requests:
      - '997'
      x-powered-by:
      - ASP.NET
    status:
      code: 200
      message: OK
- request:
    body: null
    headers:
      Accept:
      - application/json
      Accept-Encoding:
      - gzip, deflate
      CommandName:
      - dataprotection backup-instance show
      Connection:
      - keep-alive
      ParameterSetName:
      - -n -g --vault-name
      User-Agent:
      - AZURECLI/2.49.0 (AAZ) azsdk-python-core/1.26.0 Python/3.10.11 (Windows-10-10.0.22621-SP0)
    method: GET
    uri: https://management.azure.com/subscriptions/00000000-0000-0000-0000-000000000000/resourceGroups/clitest-dpp-rg/providers/Microsoft.DataProtection/backupVaults/clitest-bkp-vault-persistent-bi-donotdelete/backupInstances/clitest-disk-persistent-bi-donotdelete-clitest-disk-persistent-bi-donotdelete-e33c80ba-0bf8-11ee-aaa6-002b670b472e?api-version=2023-01-01
  response:
    body:
      string: '{"properties":{"friendlyName":"clitest-disk-persistent-bi-donotdelete","dataSourceInfo":{"resourceID":"/subscriptions/00000000-0000-0000-0000-000000000000/resourceGroups/clitest-dpp-rg/providers/Microsoft.Compute/disks/clitest-disk-persistent-bi-donotdelete","resourceUri":"","datasourceType":"Microsoft.Compute/disks","resourceName":"clitest-disk-persistent-bi-donotdelete","resourceType":"Microsoft.Compute/disks","resourceLocation":"centraluseuap","objectType":"Datasource"},"policyInfo":{"policyId":"/subscriptions/00000000-0000-0000-0000-000000000000/resourceGroups/clitest-dpp-rg/providers/Microsoft.DataProtection/backupVaults/clitest-bkp-vault-persistent-bi-donotdelete/backupPolicies/diskpolicy","policyParameters":{"dataStoreParametersList":[{"dataStoreType":"OperationalStore","objectType":"AzureOperationalStoreParameters","resourceGroupId":"/subscriptions/00000000-0000-0000-0000-000000000000/resourceGroups/clitest-dpp-rg"}]}},"protectionStatus":{"status":"ProtectionStopped"},"currentProtectionState":"ProtectionStopped","provisioningState":"Succeeded","objectType":"BackupInstance"},"id":"/subscriptions/00000000-0000-0000-0000-000000000000/resourceGroups/clitest-dpp-rg/providers/Microsoft.DataProtection/backupVaults/clitest-bkp-vault-persistent-bi-donotdelete/backupInstances/clitest-disk-persistent-bi-donotdelete-clitest-disk-persistent-bi-donotdelete-e33c80ba-0bf8-11ee-aaa6-002b670b472e","name":"clitest-disk-persistent-bi-donotdelete-clitest-disk-persistent-bi-donotdelete-e33c80ba-0bf8-11ee-aaa6-002b670b472e","type":"Microsoft.DataProtection/backupVaults/backupInstances"}'
    headers:
      cache-control:
      - no-cache
      content-length:
      - '1598'
      content-type:
      - application/json
      date:
      - Fri, 23 Jun 2023 06:31:06 GMT
      expires:
      - '-1'
      pragma:
      - no-cache
      server:
      - Microsoft-IIS/10.0
      strict-transport-security:
      - max-age=31536000; includeSubDomains
      transfer-encoding:
      - chunked
      vary:
      - Accept-Encoding
      x-content-type-options:
      - nosniff
      x-ms-ratelimit-remaining-subscription-resource-requests:
      - '1999'
      x-powered-by:
      - ASP.NET
    status:
      code: 200
      message: OK
- request:
    body: null
    headers:
      Accept:
      - '*/*'
      Accept-Encoding:
      - gzip, deflate
      CommandName:
      - dataprotection backup-instance resume-protection
      Connection:
      - keep-alive
      Content-Length:
      - '0'
      ParameterSetName:
      - -n -g --vault-name
      User-Agent:
      - AZURECLI/2.49.0 (AAZ) azsdk-python-core/1.26.0 Python/3.10.11 (Windows-10-10.0.22621-SP0)
    method: POST
    uri: https://management.azure.com/subscriptions/00000000-0000-0000-0000-000000000000/resourceGroups/clitest-dpp-rg/providers/Microsoft.DataProtection/backupVaults/clitest-bkp-vault-persistent-bi-donotdelete/backupInstances/clitest-disk-persistent-bi-donotdelete-clitest-disk-persistent-bi-donotdelete-e33c80ba-0bf8-11ee-aaa6-002b670b472e/resumeProtection?api-version=2023-01-01
  response:
    body:
      string: ''
    headers:
      azure-asyncoperation:
      - https://management.azure.com/subscriptions/00000000-0000-0000-0000-000000000000/resourceGroups/clitest-dpp-rg/providers/Microsoft.DataProtection/backupVaults/clitest-bkp-vault-persistent-bi-donotdelete/operationStatus/YWRhYzE1NWYtYjEwNS00NGIzLTkzN2EtYjIxZThjNzNjOTY3OzAxYmU4OGE5LTE0Y2ItNDFjOC05Y2IyLWJiN2QzMGYyY2EyMA==?api-version=2023-01-01
      cache-control:
      - no-cache
      content-length:
      - '0'
      date:
      - Fri, 23 Jun 2023 06:31:11 GMT
      expires:
      - '-1'
      location:
      - https://management.azure.com/subscriptions/00000000-0000-0000-0000-000000000000/providers/Microsoft.DataProtection/locations/centraluseuap/operationResults/YWRhYzE1NWYtYjEwNS00NGIzLTkzN2EtYjIxZThjNzNjOTY3OzAxYmU4OGE5LTE0Y2ItNDFjOC05Y2IyLWJiN2QzMGYyY2EyMA==?api-version=2023-01-01
      pragma:
      - no-cache
      strict-transport-security:
      - max-age=31536000; includeSubDomains
      x-content-type-options:
      - nosniff
      x-ms-ratelimit-remaining-subscription-writes:
      - '1199'
      x-powered-by:
      - ASP.NET
    status:
      code: 202
      message: Accepted
- request:
    body: null
    headers:
      Accept:
      - '*/*'
      Accept-Encoding:
      - gzip, deflate
      CommandName:
      - dataprotection backup-instance resume-protection
      Connection:
      - keep-alive
      ParameterSetName:
      - -n -g --vault-name
      User-Agent:
      - AZURECLI/2.49.0 (AAZ) azsdk-python-core/1.26.0 Python/3.10.11 (Windows-10-10.0.22621-SP0)
    method: GET
    uri: https://management.azure.com/subscriptions/00000000-0000-0000-0000-000000000000/resourceGroups/clitest-dpp-rg/providers/Microsoft.DataProtection/backupVaults/clitest-bkp-vault-persistent-bi-donotdelete/operationStatus/YWRhYzE1NWYtYjEwNS00NGIzLTkzN2EtYjIxZThjNzNjOTY3OzAxYmU4OGE5LTE0Y2ItNDFjOC05Y2IyLWJiN2QzMGYyY2EyMA==?api-version=2023-01-01
  response:
    body:
      string: '{"id":"/subscriptions/00000000-0000-0000-0000-000000000000/resourceGroups/clitest-dpp-rg/providers/Microsoft.DataProtection/backupVaults/clitest-bkp-vault-persistent-bi-donotdelete/operationStatus/YWRhYzE1NWYtYjEwNS00NGIzLTkzN2EtYjIxZThjNzNjOTY3OzAxYmU4OGE5LTE0Y2ItNDFjOC05Y2IyLWJiN2QzMGYyY2EyMA==","name":"YWRhYzE1NWYtYjEwNS00NGIzLTkzN2EtYjIxZThjNzNjOTY3OzAxYmU4OGE5LTE0Y2ItNDFjOC05Y2IyLWJiN2QzMGYyY2EyMA==","status":"Inprogress","startTime":"2023-06-23T06:31:11.7804001Z","endTime":"0001-01-01T00:00:00Z"}'
    headers:
      cache-control:
      - no-cache
      content-length:
      - '507'
      content-type:
      - application/json
      date:
      - Fri, 23 Jun 2023 06:31:12 GMT
      expires:
      - '-1'
      pragma:
      - no-cache
      server:
      - Microsoft-IIS/10.0
      strict-transport-security:
      - max-age=31536000; includeSubDomains
      transfer-encoding:
      - chunked
      vary:
      - Accept-Encoding
      x-content-type-options:
      - nosniff
      x-ms-ratelimit-remaining-subscription-resource-requests:
      - '999'
      x-powered-by:
      - ASP.NET
    status:
      code: 200
      message: OK
- request:
    body: null
    headers:
      Accept:
      - '*/*'
      Accept-Encoding:
      - gzip, deflate
      CommandName:
      - dataprotection backup-instance resume-protection
      Connection:
      - keep-alive
      ParameterSetName:
      - -n -g --vault-name
      User-Agent:
      - AZURECLI/2.49.0 (AAZ) azsdk-python-core/1.26.0 Python/3.10.11 (Windows-10-10.0.22621-SP0)
    method: GET
    uri: https://management.azure.com/subscriptions/00000000-0000-0000-0000-000000000000/resourceGroups/clitest-dpp-rg/providers/Microsoft.DataProtection/backupVaults/clitest-bkp-vault-persistent-bi-donotdelete/operationStatus/YWRhYzE1NWYtYjEwNS00NGIzLTkzN2EtYjIxZThjNzNjOTY3OzAxYmU4OGE5LTE0Y2ItNDFjOC05Y2IyLWJiN2QzMGYyY2EyMA==?api-version=2023-01-01
  response:
    body:
      string: '{"id":"/subscriptions/00000000-0000-0000-0000-000000000000/resourceGroups/clitest-dpp-rg/providers/Microsoft.DataProtection/backupVaults/clitest-bkp-vault-persistent-bi-donotdelete/operationStatus/YWRhYzE1NWYtYjEwNS00NGIzLTkzN2EtYjIxZThjNzNjOTY3OzAxYmU4OGE5LTE0Y2ItNDFjOC05Y2IyLWJiN2QzMGYyY2EyMA==","name":"YWRhYzE1NWYtYjEwNS00NGIzLTkzN2EtYjIxZThjNzNjOTY3OzAxYmU4OGE5LTE0Y2ItNDFjOC05Y2IyLWJiN2QzMGYyY2EyMA==","status":"Inprogress","startTime":"2023-06-23T06:31:11.7804001Z","endTime":"0001-01-01T00:00:00Z"}'
    headers:
      cache-control:
      - no-cache
      content-length:
      - '507'
      content-type:
      - application/json
      date:
      - Fri, 23 Jun 2023 06:31:43 GMT
      expires:
      - '-1'
      pragma:
      - no-cache
      server:
      - Microsoft-IIS/10.0
      strict-transport-security:
      - max-age=31536000; includeSubDomains
      transfer-encoding:
      - chunked
      vary:
      - Accept-Encoding
      x-content-type-options:
      - nosniff
      x-ms-ratelimit-remaining-subscription-resource-requests:
      - '998'
      x-powered-by:
      - ASP.NET
    status:
      code: 200
      message: OK
- request:
    body: null
    headers:
      Accept:
      - '*/*'
      Accept-Encoding:
      - gzip, deflate
      CommandName:
      - dataprotection backup-instance resume-protection
      Connection:
      - keep-alive
      ParameterSetName:
      - -n -g --vault-name
      User-Agent:
      - AZURECLI/2.49.0 (AAZ) azsdk-python-core/1.26.0 Python/3.10.11 (Windows-10-10.0.22621-SP0)
    method: GET
    uri: https://management.azure.com/subscriptions/00000000-0000-0000-0000-000000000000/resourceGroups/clitest-dpp-rg/providers/Microsoft.DataProtection/backupVaults/clitest-bkp-vault-persistent-bi-donotdelete/operationStatus/YWRhYzE1NWYtYjEwNS00NGIzLTkzN2EtYjIxZThjNzNjOTY3OzAxYmU4OGE5LTE0Y2ItNDFjOC05Y2IyLWJiN2QzMGYyY2EyMA==?api-version=2023-01-01
  response:
    body:
      string: '{"id":"/subscriptions/00000000-0000-0000-0000-000000000000/resourceGroups/clitest-dpp-rg/providers/Microsoft.DataProtection/backupVaults/clitest-bkp-vault-persistent-bi-donotdelete/operationStatus/YWRhYzE1NWYtYjEwNS00NGIzLTkzN2EtYjIxZThjNzNjOTY3OzAxYmU4OGE5LTE0Y2ItNDFjOC05Y2IyLWJiN2QzMGYyY2EyMA==","name":"YWRhYzE1NWYtYjEwNS00NGIzLTkzN2EtYjIxZThjNzNjOTY3OzAxYmU4OGE5LTE0Y2ItNDFjOC05Y2IyLWJiN2QzMGYyY2EyMA==","status":"Succeeded","startTime":"2023-06-23T06:31:11.7804001Z","endTime":"2023-06-23T06:31:54Z"}'
    headers:
      cache-control:
      - no-cache
      content-length:
      - '506'
      content-type:
      - application/json
      date:
      - Fri, 23 Jun 2023 06:32:13 GMT
      expires:
      - '-1'
      pragma:
      - no-cache
      server:
      - Microsoft-IIS/10.0
      strict-transport-security:
      - max-age=31536000; includeSubDomains
      transfer-encoding:
      - chunked
      vary:
      - Accept-Encoding
      x-content-type-options:
      - nosniff
      x-ms-ratelimit-remaining-subscription-resource-requests:
      - '997'
      x-powered-by:
      - ASP.NET
    status:
      code: 200
      message: OK
- request:
    body: null
    headers:
      Accept:
      - application/json
      Accept-Encoding:
      - gzip, deflate
      CommandName:
      - dataprotection backup-instance show
      Connection:
      - keep-alive
      ParameterSetName:
      - -n -g --vault-name
      User-Agent:
      - AZURECLI/2.49.0 (AAZ) azsdk-python-core/1.26.0 Python/3.10.11 (Windows-10-10.0.22621-SP0)
    method: GET
    uri: https://management.azure.com/subscriptions/00000000-0000-0000-0000-000000000000/resourceGroups/clitest-dpp-rg/providers/Microsoft.DataProtection/backupVaults/clitest-bkp-vault-persistent-bi-donotdelete/backupInstances/clitest-disk-persistent-bi-donotdelete-clitest-disk-persistent-bi-donotdelete-e33c80ba-0bf8-11ee-aaa6-002b670b472e?api-version=2023-01-01
  response:
    body:
      string: '{"properties":{"friendlyName":"clitest-disk-persistent-bi-donotdelete","dataSourceInfo":{"resourceID":"/subscriptions/00000000-0000-0000-0000-000000000000/resourceGroups/clitest-dpp-rg/providers/Microsoft.Compute/disks/clitest-disk-persistent-bi-donotdelete","resourceUri":"","datasourceType":"Microsoft.Compute/disks","resourceName":"clitest-disk-persistent-bi-donotdelete","resourceType":"Microsoft.Compute/disks","resourceLocation":"centraluseuap","objectType":"Datasource"},"policyInfo":{"policyId":"/subscriptions/00000000-0000-0000-0000-000000000000/resourceGroups/clitest-dpp-rg/providers/Microsoft.DataProtection/backupVaults/clitest-bkp-vault-persistent-bi-donotdelete/backupPolicies/diskpolicy","policyParameters":{"dataStoreParametersList":[{"dataStoreType":"OperationalStore","objectType":"AzureOperationalStoreParameters","resourceGroupId":"/subscriptions/00000000-0000-0000-0000-000000000000/resourceGroups/clitest-dpp-rg"}]}},"protectionStatus":{"status":"ProtectionConfigured"},"currentProtectionState":"ProtectionConfigured","provisioningState":"Succeeded","objectType":"BackupInstance"},"id":"/subscriptions/00000000-0000-0000-0000-000000000000/resourceGroups/clitest-dpp-rg/providers/Microsoft.DataProtection/backupVaults/clitest-bkp-vault-persistent-bi-donotdelete/backupInstances/clitest-disk-persistent-bi-donotdelete-clitest-disk-persistent-bi-donotdelete-e33c80ba-0bf8-11ee-aaa6-002b670b472e","name":"clitest-disk-persistent-bi-donotdelete-clitest-disk-persistent-bi-donotdelete-e33c80ba-0bf8-11ee-aaa6-002b670b472e","type":"Microsoft.DataProtection/backupVaults/backupInstances"}'
    headers:
      cache-control:
      - no-cache
      content-length:
      - '1604'
      content-type:
      - application/json
      date:
      - Fri, 23 Jun 2023 06:32:16 GMT
      expires:
      - '-1'
      pragma:
      - no-cache
      server:
      - Microsoft-IIS/10.0
      strict-transport-security:
      - max-age=31536000; includeSubDomains
      transfer-encoding:
      - chunked
      vary:
      - Accept-Encoding
      x-content-type-options:
      - nosniff
      x-ms-ratelimit-remaining-subscription-resource-requests:
      - '1999'
      x-powered-by:
      - ASP.NET
    status:
      code: 200
      message: OK
- request:
    body: null
    headers:
      Accept:
      - '*/*'
      Accept-Encoding:
      - gzip, deflate
      CommandName:
      - dataprotection backup-instance suspend-backup
      Connection:
      - keep-alive
      Content-Length:
      - '0'
      ParameterSetName:
      - -n -g --vault-name
      User-Agent:
      - AZURECLI/2.49.0 (AAZ) azsdk-python-core/1.26.0 Python/3.10.11 (Windows-10-10.0.22621-SP0)
    method: POST
    uri: https://management.azure.com/subscriptions/00000000-0000-0000-0000-000000000000/resourceGroups/clitest-dpp-rg/providers/Microsoft.DataProtection/backupVaults/clitest-bkp-vault-persistent-bi-donotdelete/backupInstances/clitest-disk-persistent-bi-donotdelete-clitest-disk-persistent-bi-donotdelete-e33c80ba-0bf8-11ee-aaa6-002b670b472e/suspendBackups?api-version=2023-01-01
  response:
    body:
      string: ''
    headers:
      azure-asyncoperation:
      - https://management.azure.com/subscriptions/00000000-0000-0000-0000-000000000000/resourceGroups/clitest-dpp-rg/providers/Microsoft.DataProtection/backupVaults/clitest-bkp-vault-persistent-bi-donotdelete/operationStatus/YWRhYzE1NWYtYjEwNS00NGIzLTkzN2EtYjIxZThjNzNjOTY3OzEyNmQyNmI4LTljYmItNDEzMS05NzY0LWJlNTUxMGUwN2MyYg==?api-version=2023-01-01
      cache-control:
      - no-cache
      content-length:
      - '0'
      date:
      - Fri, 23 Jun 2023 06:32:21 GMT
      expires:
      - '-1'
      location:
      - https://management.azure.com/subscriptions/00000000-0000-0000-0000-000000000000/providers/Microsoft.DataProtection/locations/centraluseuap/operationResults/YWRhYzE1NWYtYjEwNS00NGIzLTkzN2EtYjIxZThjNzNjOTY3OzEyNmQyNmI4LTljYmItNDEzMS05NzY0LWJlNTUxMGUwN2MyYg==?api-version=2023-01-01
      pragma:
      - no-cache
      strict-transport-security:
      - max-age=31536000; includeSubDomains
      x-content-type-options:
      - nosniff
      x-ms-ratelimit-remaining-subscription-writes:
      - '1199'
      x-powered-by:
      - ASP.NET
    status:
      code: 202
      message: Accepted
- request:
    body: null
    headers:
      Accept:
      - '*/*'
      Accept-Encoding:
      - gzip, deflate
      CommandName:
      - dataprotection backup-instance suspend-backup
      Connection:
      - keep-alive
      ParameterSetName:
      - -n -g --vault-name
      User-Agent:
      - AZURECLI/2.49.0 (AAZ) azsdk-python-core/1.26.0 Python/3.10.11 (Windows-10-10.0.22621-SP0)
    method: GET
    uri: https://management.azure.com/subscriptions/00000000-0000-0000-0000-000000000000/resourceGroups/clitest-dpp-rg/providers/Microsoft.DataProtection/backupVaults/clitest-bkp-vault-persistent-bi-donotdelete/operationStatus/YWRhYzE1NWYtYjEwNS00NGIzLTkzN2EtYjIxZThjNzNjOTY3OzEyNmQyNmI4LTljYmItNDEzMS05NzY0LWJlNTUxMGUwN2MyYg==?api-version=2023-01-01
  response:
    body:
      string: '{"id":"/subscriptions/00000000-0000-0000-0000-000000000000/resourceGroups/clitest-dpp-rg/providers/Microsoft.DataProtection/backupVaults/clitest-bkp-vault-persistent-bi-donotdelete/operationStatus/YWRhYzE1NWYtYjEwNS00NGIzLTkzN2EtYjIxZThjNzNjOTY3OzEyNmQyNmI4LTljYmItNDEzMS05NzY0LWJlNTUxMGUwN2MyYg==","name":"YWRhYzE1NWYtYjEwNS00NGIzLTkzN2EtYjIxZThjNzNjOTY3OzEyNmQyNmI4LTljYmItNDEzMS05NzY0LWJlNTUxMGUwN2MyYg==","status":"Inprogress","startTime":"2023-06-23T06:32:21.4185327Z","endTime":"0001-01-01T00:00:00Z"}'
    headers:
      cache-control:
      - no-cache
      content-length:
      - '507'
      content-type:
      - application/json
      date:
      - Fri, 23 Jun 2023 06:32:22 GMT
      expires:
      - '-1'
      pragma:
      - no-cache
      server:
      - Microsoft-IIS/10.0
      strict-transport-security:
      - max-age=31536000; includeSubDomains
      transfer-encoding:
      - chunked
      vary:
      - Accept-Encoding
      x-content-type-options:
      - nosniff
      x-ms-ratelimit-remaining-subscription-resource-requests:
      - '999'
      x-powered-by:
      - ASP.NET
    status:
      code: 200
      message: OK
- request:
    body: null
    headers:
      Accept:
      - '*/*'
      Accept-Encoding:
      - gzip, deflate
      CommandName:
      - dataprotection backup-instance suspend-backup
      Connection:
      - keep-alive
      ParameterSetName:
      - -n -g --vault-name
      User-Agent:
      - AZURECLI/2.49.0 (AAZ) azsdk-python-core/1.26.0 Python/3.10.11 (Windows-10-10.0.22621-SP0)
    method: GET
    uri: https://management.azure.com/subscriptions/00000000-0000-0000-0000-000000000000/resourceGroups/clitest-dpp-rg/providers/Microsoft.DataProtection/backupVaults/clitest-bkp-vault-persistent-bi-donotdelete/operationStatus/YWRhYzE1NWYtYjEwNS00NGIzLTkzN2EtYjIxZThjNzNjOTY3OzEyNmQyNmI4LTljYmItNDEzMS05NzY0LWJlNTUxMGUwN2MyYg==?api-version=2023-01-01
  response:
    body:
      string: '{"id":"/subscriptions/00000000-0000-0000-0000-000000000000/resourceGroups/clitest-dpp-rg/providers/Microsoft.DataProtection/backupVaults/clitest-bkp-vault-persistent-bi-donotdelete/operationStatus/YWRhYzE1NWYtYjEwNS00NGIzLTkzN2EtYjIxZThjNzNjOTY3OzEyNmQyNmI4LTljYmItNDEzMS05NzY0LWJlNTUxMGUwN2MyYg==","name":"YWRhYzE1NWYtYjEwNS00NGIzLTkzN2EtYjIxZThjNzNjOTY3OzEyNmQyNmI4LTljYmItNDEzMS05NzY0LWJlNTUxMGUwN2MyYg==","status":"Inprogress","startTime":"2023-06-23T06:32:21.4185327Z","endTime":"0001-01-01T00:00:00Z"}'
    headers:
      cache-control:
      - no-cache
      content-length:
      - '507'
      content-type:
      - application/json
      date:
      - Fri, 23 Jun 2023 06:32:52 GMT
      expires:
      - '-1'
      pragma:
      - no-cache
      server:
      - Microsoft-IIS/10.0
      strict-transport-security:
      - max-age=31536000; includeSubDomains
      transfer-encoding:
      - chunked
      vary:
      - Accept-Encoding
      x-content-type-options:
      - nosniff
      x-ms-ratelimit-remaining-subscription-resource-requests:
      - '998'
      x-powered-by:
      - ASP.NET
    status:
      code: 200
      message: OK
- request:
    body: null
    headers:
      Accept:
      - '*/*'
      Accept-Encoding:
      - gzip, deflate
      CommandName:
      - dataprotection backup-instance suspend-backup
      Connection:
      - keep-alive
      ParameterSetName:
      - -n -g --vault-name
      User-Agent:
      - AZURECLI/2.49.0 (AAZ) azsdk-python-core/1.26.0 Python/3.10.11 (Windows-10-10.0.22621-SP0)
    method: GET
    uri: https://management.azure.com/subscriptions/00000000-0000-0000-0000-000000000000/resourceGroups/clitest-dpp-rg/providers/Microsoft.DataProtection/backupVaults/clitest-bkp-vault-persistent-bi-donotdelete/operationStatus/YWRhYzE1NWYtYjEwNS00NGIzLTkzN2EtYjIxZThjNzNjOTY3OzEyNmQyNmI4LTljYmItNDEzMS05NzY0LWJlNTUxMGUwN2MyYg==?api-version=2023-01-01
  response:
    body:
      string: '{"id":"/subscriptions/00000000-0000-0000-0000-000000000000/resourceGroups/clitest-dpp-rg/providers/Microsoft.DataProtection/backupVaults/clitest-bkp-vault-persistent-bi-donotdelete/operationStatus/YWRhYzE1NWYtYjEwNS00NGIzLTkzN2EtYjIxZThjNzNjOTY3OzEyNmQyNmI4LTljYmItNDEzMS05NzY0LWJlNTUxMGUwN2MyYg==","name":"YWRhYzE1NWYtYjEwNS00NGIzLTkzN2EtYjIxZThjNzNjOTY3OzEyNmQyNmI4LTljYmItNDEzMS05NzY0LWJlNTUxMGUwN2MyYg==","status":"Succeeded","startTime":"2023-06-23T06:32:21.4185327Z","endTime":"2023-06-23T06:33:03Z"}'
    headers:
      cache-control:
      - no-cache
      content-length:
      - '506'
      content-type:
      - application/json
      date:
      - Fri, 23 Jun 2023 06:33:23 GMT
      expires:
      - '-1'
      pragma:
      - no-cache
      server:
      - Microsoft-IIS/10.0
      strict-transport-security:
      - max-age=31536000; includeSubDomains
      transfer-encoding:
      - chunked
      vary:
      - Accept-Encoding
      x-content-type-options:
      - nosniff
      x-ms-ratelimit-remaining-subscription-resource-requests:
      - '997'
      x-powered-by:
      - ASP.NET
    status:
      code: 200
      message: OK
- request:
    body: null
    headers:
      Accept:
      - application/json
      Accept-Encoding:
      - gzip, deflate
      CommandName:
      - dataprotection backup-instance show
      Connection:
      - keep-alive
      ParameterSetName:
      - -n -g --vault-name
      User-Agent:
      - AZURECLI/2.49.0 (AAZ) azsdk-python-core/1.26.0 Python/3.10.11 (Windows-10-10.0.22621-SP0)
    method: GET
    uri: https://management.azure.com/subscriptions/00000000-0000-0000-0000-000000000000/resourceGroups/clitest-dpp-rg/providers/Microsoft.DataProtection/backupVaults/clitest-bkp-vault-persistent-bi-donotdelete/backupInstances/clitest-disk-persistent-bi-donotdelete-clitest-disk-persistent-bi-donotdelete-e33c80ba-0bf8-11ee-aaa6-002b670b472e?api-version=2023-01-01
  response:
    body:
      string: '{"properties":{"friendlyName":"clitest-disk-persistent-bi-donotdelete","dataSourceInfo":{"resourceID":"/subscriptions/00000000-0000-0000-0000-000000000000/resourceGroups/clitest-dpp-rg/providers/Microsoft.Compute/disks/clitest-disk-persistent-bi-donotdelete","resourceUri":"","datasourceType":"Microsoft.Compute/disks","resourceName":"clitest-disk-persistent-bi-donotdelete","resourceType":"Microsoft.Compute/disks","resourceLocation":"centraluseuap","objectType":"Datasource"},"policyInfo":{"policyId":"/subscriptions/00000000-0000-0000-0000-000000000000/resourceGroups/clitest-dpp-rg/providers/Microsoft.DataProtection/backupVaults/clitest-bkp-vault-persistent-bi-donotdelete/backupPolicies/diskpolicy","policyParameters":{"dataStoreParametersList":[{"dataStoreType":"OperationalStore","objectType":"AzureOperationalStoreParameters","resourceGroupId":"/subscriptions/00000000-0000-0000-0000-000000000000/resourceGroups/clitest-dpp-rg"}]}},"protectionStatus":{"status":"BackupsSuspended"},"currentProtectionState":"BackupsSuspended","provisioningState":"Succeeded","objectType":"BackupInstance"},"id":"/subscriptions/00000000-0000-0000-0000-000000000000/resourceGroups/clitest-dpp-rg/providers/Microsoft.DataProtection/backupVaults/clitest-bkp-vault-persistent-bi-donotdelete/backupInstances/clitest-disk-persistent-bi-donotdelete-clitest-disk-persistent-bi-donotdelete-e33c80ba-0bf8-11ee-aaa6-002b670b472e","name":"clitest-disk-persistent-bi-donotdelete-clitest-disk-persistent-bi-donotdelete-e33c80ba-0bf8-11ee-aaa6-002b670b472e","type":"Microsoft.DataProtection/backupVaults/backupInstances"}'
    headers:
      cache-control:
      - no-cache
      content-length:
      - '1596'
      content-type:
      - application/json
      date:
      - Fri, 23 Jun 2023 06:33:25 GMT
      expires:
      - '-1'
      pragma:
      - no-cache
      server:
      - Microsoft-IIS/10.0
      strict-transport-security:
      - max-age=31536000; includeSubDomains
      transfer-encoding:
      - chunked
      vary:
      - Accept-Encoding
      x-content-type-options:
      - nosniff
      x-ms-ratelimit-remaining-subscription-resource-requests:
      - '1999'
      x-powered-by:
      - ASP.NET
    status:
      code: 200
      message: OK
- request:
    body: null
    headers:
      Accept:
      - '*/*'
      Accept-Encoding:
      - gzip, deflate
      CommandName:
      - dataprotection backup-instance resume-protection
      Connection:
      - keep-alive
      Content-Length:
      - '0'
      ParameterSetName:
      - -n -g --vault-name
      User-Agent:
      - AZURECLI/2.49.0 (AAZ) azsdk-python-core/1.26.0 Python/3.10.11 (Windows-10-10.0.22621-SP0)
    method: POST
    uri: https://management.azure.com/subscriptions/00000000-0000-0000-0000-000000000000/resourceGroups/clitest-dpp-rg/providers/Microsoft.DataProtection/backupVaults/clitest-bkp-vault-persistent-bi-donotdelete/backupInstances/clitest-disk-persistent-bi-donotdelete-clitest-disk-persistent-bi-donotdelete-e33c80ba-0bf8-11ee-aaa6-002b670b472e/resumeProtection?api-version=2023-01-01
  response:
    body:
      string: ''
    headers:
      azure-asyncoperation:
      - https://management.azure.com/subscriptions/00000000-0000-0000-0000-000000000000/resourceGroups/clitest-dpp-rg/providers/Microsoft.DataProtection/backupVaults/clitest-bkp-vault-persistent-bi-donotdelete/operationStatus/YWRhYzE1NWYtYjEwNS00NGIzLTkzN2EtYjIxZThjNzNjOTY3OzQ0NDU0ZWQ3LTY1YWEtNGI4Mi04NGE0LTYwMDY0YzZhZTE2ZQ==?api-version=2023-01-01
      cache-control:
      - no-cache
      content-length:
      - '0'
      date:
      - Fri, 23 Jun 2023 06:33:26 GMT
      expires:
      - '-1'
      location:
      - https://management.azure.com/subscriptions/00000000-0000-0000-0000-000000000000/providers/Microsoft.DataProtection/locations/centraluseuap/operationResults/YWRhYzE1NWYtYjEwNS00NGIzLTkzN2EtYjIxZThjNzNjOTY3OzQ0NDU0ZWQ3LTY1YWEtNGI4Mi04NGE0LTYwMDY0YzZhZTE2ZQ==?api-version=2023-01-01
      pragma:
      - no-cache
      strict-transport-security:
      - max-age=31536000; includeSubDomains
      x-content-type-options:
      - nosniff
      x-ms-ratelimit-remaining-subscription-writes:
      - '1199'
      x-powered-by:
      - ASP.NET
    status:
      code: 202
      message: Accepted
- request:
    body: null
    headers:
      Accept:
      - '*/*'
      Accept-Encoding:
      - gzip, deflate
      CommandName:
      - dataprotection backup-instance resume-protection
      Connection:
      - keep-alive
      ParameterSetName:
      - -n -g --vault-name
      User-Agent:
      - AZURECLI/2.49.0 (AAZ) azsdk-python-core/1.26.0 Python/3.10.11 (Windows-10-10.0.22621-SP0)
    method: GET
    uri: https://management.azure.com/subscriptions/00000000-0000-0000-0000-000000000000/resourceGroups/clitest-dpp-rg/providers/Microsoft.DataProtection/backupVaults/clitest-bkp-vault-persistent-bi-donotdelete/operationStatus/YWRhYzE1NWYtYjEwNS00NGIzLTkzN2EtYjIxZThjNzNjOTY3OzQ0NDU0ZWQ3LTY1YWEtNGI4Mi04NGE0LTYwMDY0YzZhZTE2ZQ==?api-version=2023-01-01
  response:
    body:
      string: '{"id":"/subscriptions/00000000-0000-0000-0000-000000000000/resourceGroups/clitest-dpp-rg/providers/Microsoft.DataProtection/backupVaults/clitest-bkp-vault-persistent-bi-donotdelete/operationStatus/YWRhYzE1NWYtYjEwNS00NGIzLTkzN2EtYjIxZThjNzNjOTY3OzQ0NDU0ZWQ3LTY1YWEtNGI4Mi04NGE0LTYwMDY0YzZhZTE2ZQ==","name":"YWRhYzE1NWYtYjEwNS00NGIzLTkzN2EtYjIxZThjNzNjOTY3OzQ0NDU0ZWQ3LTY1YWEtNGI4Mi04NGE0LTYwMDY0YzZhZTE2ZQ==","status":"Inprogress","startTime":"2023-06-23T06:33:27.0467152Z","endTime":"0001-01-01T00:00:00Z"}'
    headers:
      cache-control:
      - no-cache
      content-length:
      - '507'
      content-type:
      - application/json
      date:
      - Fri, 23 Jun 2023 06:33:27 GMT
      expires:
      - '-1'
      pragma:
      - no-cache
      server:
      - Microsoft-IIS/10.0
      strict-transport-security:
      - max-age=31536000; includeSubDomains
      transfer-encoding:
      - chunked
      vary:
      - Accept-Encoding
      x-content-type-options:
      - nosniff
      x-ms-ratelimit-remaining-subscription-resource-requests:
      - '998'
      x-powered-by:
      - ASP.NET
    status:
      code: 200
      message: OK
- request:
    body: null
    headers:
      Accept:
      - '*/*'
      Accept-Encoding:
      - gzip, deflate
      CommandName:
      - dataprotection backup-instance resume-protection
      Connection:
      - keep-alive
      ParameterSetName:
      - -n -g --vault-name
      User-Agent:
      - AZURECLI/2.49.0 (AAZ) azsdk-python-core/1.26.0 Python/3.10.11 (Windows-10-10.0.22621-SP0)
    method: GET
    uri: https://management.azure.com/subscriptions/00000000-0000-0000-0000-000000000000/resourceGroups/clitest-dpp-rg/providers/Microsoft.DataProtection/backupVaults/clitest-bkp-vault-persistent-bi-donotdelete/operationStatus/YWRhYzE1NWYtYjEwNS00NGIzLTkzN2EtYjIxZThjNzNjOTY3OzQ0NDU0ZWQ3LTY1YWEtNGI4Mi04NGE0LTYwMDY0YzZhZTE2ZQ==?api-version=2023-01-01
  response:
    body:
      string: '{"id":"/subscriptions/00000000-0000-0000-0000-000000000000/resourceGroups/clitest-dpp-rg/providers/Microsoft.DataProtection/backupVaults/clitest-bkp-vault-persistent-bi-donotdelete/operationStatus/YWRhYzE1NWYtYjEwNS00NGIzLTkzN2EtYjIxZThjNzNjOTY3OzQ0NDU0ZWQ3LTY1YWEtNGI4Mi04NGE0LTYwMDY0YzZhZTE2ZQ==","name":"YWRhYzE1NWYtYjEwNS00NGIzLTkzN2EtYjIxZThjNzNjOTY3OzQ0NDU0ZWQ3LTY1YWEtNGI4Mi04NGE0LTYwMDY0YzZhZTE2ZQ==","status":"Inprogress","startTime":"2023-06-23T06:33:27.0467152Z","endTime":"0001-01-01T00:00:00Z"}'
    headers:
      cache-control:
      - no-cache
      content-length:
      - '507'
      content-type:
      - application/json
      date:
      - Fri, 23 Jun 2023 06:33:58 GMT
      expires:
      - '-1'
      pragma:
      - no-cache
      server:
      - Microsoft-IIS/10.0
      strict-transport-security:
      - max-age=31536000; includeSubDomains
      transfer-encoding:
      - chunked
      vary:
      - Accept-Encoding
      x-content-type-options:
      - nosniff
      x-ms-ratelimit-remaining-subscription-resource-requests:
      - '997'
      x-powered-by:
      - ASP.NET
    status:
      code: 200
      message: OK
- request:
    body: null
    headers:
      Accept:
      - '*/*'
      Accept-Encoding:
      - gzip, deflate
      CommandName:
      - dataprotection backup-instance resume-protection
      Connection:
      - keep-alive
      ParameterSetName:
      - -n -g --vault-name
      User-Agent:
      - AZURECLI/2.49.0 (AAZ) azsdk-python-core/1.26.0 Python/3.10.11 (Windows-10-10.0.22621-SP0)
    method: GET
    uri: https://management.azure.com/subscriptions/00000000-0000-0000-0000-000000000000/resourceGroups/clitest-dpp-rg/providers/Microsoft.DataProtection/backupVaults/clitest-bkp-vault-persistent-bi-donotdelete/operationStatus/YWRhYzE1NWYtYjEwNS00NGIzLTkzN2EtYjIxZThjNzNjOTY3OzQ0NDU0ZWQ3LTY1YWEtNGI4Mi04NGE0LTYwMDY0YzZhZTE2ZQ==?api-version=2023-01-01
  response:
    body:
      string: '{"id":"/subscriptions/00000000-0000-0000-0000-000000000000/resourceGroups/clitest-dpp-rg/providers/Microsoft.DataProtection/backupVaults/clitest-bkp-vault-persistent-bi-donotdelete/operationStatus/YWRhYzE1NWYtYjEwNS00NGIzLTkzN2EtYjIxZThjNzNjOTY3OzQ0NDU0ZWQ3LTY1YWEtNGI4Mi04NGE0LTYwMDY0YzZhZTE2ZQ==","name":"YWRhYzE1NWYtYjEwNS00NGIzLTkzN2EtYjIxZThjNzNjOTY3OzQ0NDU0ZWQ3LTY1YWEtNGI4Mi04NGE0LTYwMDY0YzZhZTE2ZQ==","status":"Succeeded","startTime":"2023-06-23T06:33:27.0467152Z","endTime":"2023-06-23T06:34:10Z"}'
    headers:
      cache-control:
      - no-cache
      content-length:
      - '506'
      content-type:
      - application/json
      date:
      - Fri, 23 Jun 2023 06:34:28 GMT
      expires:
      - '-1'
      pragma:
      - no-cache
      server:
      - Microsoft-IIS/10.0
      strict-transport-security:
      - max-age=31536000; includeSubDomains
      transfer-encoding:
      - chunked
      vary:
      - Accept-Encoding
      x-content-type-options:
      - nosniff
      x-ms-ratelimit-remaining-subscription-resource-requests:
      - '996'
      x-powered-by:
      - ASP.NET
    status:
      code: 200
      message: OK
version: 1
