interactions:
- request:
    body: null
    headers:
      Accept:
      - application/json
      Accept-Encoding:
      - gzip, deflate
      CommandName:
      - dataprotection resource-guard create
      Connection:
      - keep-alive
      ParameterSetName:
      - -g -n
      User-Agent:
      - AZURECLI/2.49.0 (PIP) azsdk-python-azure-mgmt-resource/23.0.1 Python/3.10.7
        (Windows-10-10.0.22621-SP0)
    method: GET
    uri: https://management.azure.com/subscriptions/00000000-0000-0000-0000-000000000000/resourcegroups/clitest-dpp-resourceguard-000001?api-version=2022-09-01
  response:
    body:
      string: '{"id":"/subscriptions/00000000-0000-0000-0000-000000000000/resourceGroups/clitest-dpp-resourceguard-000001","name":"clitest-dpp-resourceguard-000001","type":"Microsoft.Resources/resourceGroups","location":"centraluseuap","tags":{"product":"azurecli","cause":"automation","test":"test_dataprotection_resource_guard_update","date":"2023-08-02T10:30:33Z","module":"dataprotection"},"properties":{"provisioningState":"Succeeded"}}'
    headers:
      cache-control:
      - no-cache
      content-length:
      - '426'
      content-type:
      - application/json; charset=utf-8
      date:
      - Wed, 02 Aug 2023 10:30:34 GMT
      expires:
      - '-1'
      pragma:
      - no-cache
      strict-transport-security:
      - max-age=31536000; includeSubDomains
      vary:
      - Accept-Encoding
      x-content-type-options:
      - nosniff
    status:
      code: 200
      message: OK
- request:
    body: '{"location": "centraluseuap"}'
    headers:
      Accept:
      - application/json
      Accept-Encoding:
      - gzip, deflate
      CommandName:
      - dataprotection resource-guard create
      Connection:
      - keep-alive
      Content-Length:
      - '29'
      Content-Type:
      - application/json
      ParameterSetName:
      - -g -n
      User-Agent:
      - AZURECLI/2.49.0 (PIP) (AAZ) azsdk-python-core/1.26.0 Python/3.10.7 (Windows-10-10.0.22621-SP0)
    method: PUT
    uri: https://management.azure.com/subscriptions/00000000-0000-0000-0000-000000000000/resourceGroups/clitest-dpp-resourceguard-000001/providers/Microsoft.DataProtection/resourceGuards/clitest-resource-guard?api-version=2023-05-01
  response:
    body:
      string: '{"location":"centraluseuap","properties":{"provisioningState":"Succeeded","resourceGuardOperations":[{"vaultCriticalOperation":"Microsoft.RecoveryServices/vaults/backupFabrics/protectionContainers/protectedItems/delete","requestResourceType":"Microsoft.DataProtection/resourceGuards/deleteProtectedItemRequests"},{"vaultCriticalOperation":"Microsoft.RecoveryServices/vaults/backupFabrics/protectionContainers/protectedItems/write","requestResourceType":"Microsoft.DataProtection/resourceGuards/updateProtectedItemRequests"},{"vaultCriticalOperation":"Microsoft.RecoveryServices/vaults/backupPolicies/write","requestResourceType":"Microsoft.DataProtection/resourceGuards/updateProtectionPolicyRequests"},{"vaultCriticalOperation":"Microsoft.RecoveryServices/vaults/backupResourceGuardProxies/delete","requestResourceType":"Microsoft.DataProtection/resourceGuards/deleteResourceGuardProxyRequests"},{"vaultCriticalOperation":"Microsoft.RecoveryServices/vaults/backupSecurityPIN/action","requestResourceType":"Microsoft.DataProtection/resourceGuards/getBackupSecurityPINRequests"},{"vaultCriticalOperation":"Microsoft.RecoveryServices/vaults/backupconfig/write","requestResourceType":"Microsoft.DataProtection/resourceGuards/disableSoftDeleteRequests"},{"vaultCriticalOperation":"Microsoft.DataProtection/backupVaults/backupInstances/delete","requestResourceType":"Microsoft.DataProtection/backupVaults/backupInstances/delete"},{"vaultCriticalOperation":"Microsoft.DataProtection/backupVaults/backupResourceGuardProxies/delete","requestResourceType":"Microsoft.DataProtection/backupVaults/backupResourceGuardProxies/delete"}],"vaultCriticalOperationExclusionList":[],"allowAutoApprovals":true},"id":"/subscriptions/00000000-0000-0000-0000-000000000000/resourceGroups/clitest-dpp-resourceguard-000001/providers/Microsoft.DataProtection/resourceGuards/clitest-resource-guard","name":"clitest-resource-guard","type":"Microsoft.DataProtection/resourceGuards"}'
    headers:
      cache-control:
      - no-cache
      content-length:
      - '1952'
      content-type:
      - application/json
      date:
      - Wed, 02 Aug 2023 10:30:35 GMT
      expires:
      - '-1'
      pragma:
      - no-cache
      server:
      - Microsoft-IIS/10.0
      strict-transport-security:
      - max-age=31536000; includeSubDomains
      transfer-encoding:
      - chunked
      vary:
      - Accept-Encoding
      x-content-type-options:
      - nosniff
      x-ms-operation-identifier:
      - tenantId=72f988bf-86f1-41af-91ab-2d7cd011db47,objectId=12f8ea5c-1212-449e-b31c-0a574f43076e/centraluseuap/fdab0b76-f65b-4fda-b2c5-f5ea06705db9
      x-ms-ratelimit-remaining-subscription-resource-requests:
      - '98'
      x-powered-by:
      - ASP.NET
    status:
      code: 200
      message: OK
- request:
    body: null
    headers:
      Accept:
      - application/json
      Accept-Encoding:
      - gzip, deflate
      CommandName:
      - dataprotection resource-guard update
      Connection:
      - keep-alive
      ParameterSetName:
      - -g -n --resource-type --critical-operation-exclusion-list
      User-Agent:
      - AZURECLI/2.49.0 (PIP) (AAZ) azsdk-python-core/1.26.0 Python/3.10.7 (Windows-10-10.0.22621-SP0)
    method: GET
    uri: https://management.azure.com/subscriptions/00000000-0000-0000-0000-000000000000/resourceGroups/clitest-dpp-resourceguard-000001/providers/Microsoft.DataProtection/resourceGuards/clitest-resource-guard?api-version=2023-05-01
  response:
    body:
      string: '{"location":"centraluseuap","properties":{"provisioningState":"Succeeded","resourceGuardOperations":[{"vaultCriticalOperation":"Microsoft.RecoveryServices/vaults/backupFabrics/protectionContainers/protectedItems/delete","requestResourceType":"Microsoft.DataProtection/resourceGuards/deleteProtectedItemRequests"},{"vaultCriticalOperation":"Microsoft.RecoveryServices/vaults/backupFabrics/protectionContainers/protectedItems/write","requestResourceType":"Microsoft.DataProtection/resourceGuards/updateProtectedItemRequests"},{"vaultCriticalOperation":"Microsoft.RecoveryServices/vaults/backupPolicies/write","requestResourceType":"Microsoft.DataProtection/resourceGuards/updateProtectionPolicyRequests"},{"vaultCriticalOperation":"Microsoft.RecoveryServices/vaults/backupResourceGuardProxies/delete","requestResourceType":"Microsoft.DataProtection/resourceGuards/deleteResourceGuardProxyRequests"},{"vaultCriticalOperation":"Microsoft.RecoveryServices/vaults/backupSecurityPIN/action","requestResourceType":"Microsoft.DataProtection/resourceGuards/getBackupSecurityPINRequests"},{"vaultCriticalOperation":"Microsoft.RecoveryServices/vaults/backupconfig/write","requestResourceType":"Microsoft.DataProtection/resourceGuards/disableSoftDeleteRequests"},{"vaultCriticalOperation":"Microsoft.DataProtection/backupVaults/backupInstances/delete","requestResourceType":"Microsoft.DataProtection/backupVaults/backupInstances/delete"},{"vaultCriticalOperation":"Microsoft.DataProtection/backupVaults/backupResourceGuardProxies/delete","requestResourceType":"Microsoft.DataProtection/backupVaults/backupResourceGuardProxies/delete"}],"vaultCriticalOperationExclusionList":[],"allowAutoApprovals":true},"id":"/subscriptions/00000000-0000-0000-0000-000000000000/resourceGroups/clitest-dpp-resourceguard-000001/providers/Microsoft.DataProtection/resourceGuards/clitest-resource-guard","name":"clitest-resource-guard","type":"Microsoft.DataProtection/resourceGuards"}'
    headers:
      cache-control:
      - no-cache
      content-length:
      - '1952'
      content-type:
      - application/json
      date:
      - Wed, 02 Aug 2023 10:30:37 GMT
      expires:
      - '-1'
      pragma:
      - no-cache
      server:
      - Microsoft-IIS/10.0
      strict-transport-security:
      - max-age=31536000; includeSubDomains
      transfer-encoding:
      - chunked
      vary:
      - Accept-Encoding
      x-content-type-options:
      - nosniff
      x-ms-ratelimit-remaining-subscription-resource-requests:
      - '999'
      x-powered-by:
      - ASP.NET
    status:
      code: 200
      message: OK
- request:
    body: '{"location": "centraluseuap", "properties": {"vaultCriticalOperationExclusionList":
      ["Microsoft.RecoveryServices/vaults/backupFabrics/protectionContainers/protectedItems/delete",
      "Microsoft.RecoveryServices/vaults/backupSecurityPIN/action"]}}'
    headers:
      Accept:
      - application/json
      Accept-Encoding:
      - gzip, deflate
      CommandName:
      - dataprotection resource-guard update
      Connection:
      - keep-alive
      Content-Length:
      - '242'
      Content-Type:
      - application/json
      ParameterSetName:
      - -g -n --resource-type --critical-operation-exclusion-list
      User-Agent:
      - AZURECLI/2.49.0 (PIP) (AAZ) azsdk-python-core/1.26.0 Python/3.10.7 (Windows-10-10.0.22621-SP0)
    method: PUT
    uri: https://management.azure.com/subscriptions/00000000-0000-0000-0000-000000000000/resourceGroups/clitest-dpp-resourceguard-000001/providers/Microsoft.DataProtection/resourceGuards/clitest-resource-guard?api-version=2023-05-01
  response:
    body:
      string: '{"location":"centraluseuap","properties":{"provisioningState":"Succeeded","resourceGuardOperations":[{"vaultCriticalOperation":"Microsoft.RecoveryServices/vaults/backupFabrics/protectionContainers/protectedItems/write","requestResourceType":"Microsoft.DataProtection/resourceGuards/updateProtectedItemRequests"},{"vaultCriticalOperation":"Microsoft.RecoveryServices/vaults/backupPolicies/write","requestResourceType":"Microsoft.DataProtection/resourceGuards/updateProtectionPolicyRequests"},{"vaultCriticalOperation":"Microsoft.RecoveryServices/vaults/backupResourceGuardProxies/delete","requestResourceType":"Microsoft.DataProtection/resourceGuards/deleteResourceGuardProxyRequests"},{"vaultCriticalOperation":"Microsoft.RecoveryServices/vaults/backupconfig/write","requestResourceType":"Microsoft.DataProtection/resourceGuards/disableSoftDeleteRequests"},{"vaultCriticalOperation":"Microsoft.DataProtection/backupVaults/backupInstances/delete","requestResourceType":"Microsoft.DataProtection/backupVaults/backupInstances/delete"},{"vaultCriticalOperation":"Microsoft.DataProtection/backupVaults/backupResourceGuardProxies/delete","requestResourceType":"Microsoft.DataProtection/backupVaults/backupResourceGuardProxies/delete"}],"vaultCriticalOperationExclusionList":["Microsoft.RecoveryServices/vaults/backupFabrics/protectionContainers/protectedItems/delete","Microsoft.RecoveryServices/vaults/backupSecurityPIN/action"],"allowAutoApprovals":true},"id":"/subscriptions/00000000-0000-0000-0000-000000000000/resourceGroups/clitest-dpp-resourceguard-000001/providers/Microsoft.DataProtection/resourceGuards/clitest-resource-guard","name":"clitest-resource-guard","type":"Microsoft.DataProtection/resourceGuards"}'
    headers:
      cache-control:
      - no-cache
      content-length:
      - '1712'
      content-type:
      - application/json
      date:
      - Wed, 02 Aug 2023 10:30:37 GMT
      expires:
      - '-1'
      pragma:
      - no-cache
      server:
      - Microsoft-IIS/10.0
      strict-transport-security:
      - max-age=31536000; includeSubDomains
      transfer-encoding:
      - chunked
      vary:
      - Accept-Encoding
      x-content-type-options:
      - nosniff
      x-ms-operation-identifier:
      - tenantId=72f988bf-86f1-41af-91ab-2d7cd011db47,objectId=12f8ea5c-1212-449e-b31c-0a574f43076e/centraluseuap/fb209044-1b83-49a6-a4e1-f777e63d6650
      x-ms-ratelimit-remaining-subscription-resource-requests:
      - '99'
      x-powered-by:
      - ASP.NET
    status:
      code: 200
      message: OK
- request:
    body: null
    headers:
      Accept:
      - application/json
      Accept-Encoding:
      - gzip, deflate
      CommandName:
      - dataprotection resource-guard list-protected-operations
      Connection:
      - keep-alive
      ParameterSetName:
      - -g -n --resource-type
      User-Agent:
      - AZURECLI/2.49.0 (PIP) (AAZ) azsdk-python-core/1.26.0 Python/3.10.7 (Windows-10-10.0.22621-SP0)
    method: GET
    uri: https://management.azure.com/subscriptions/00000000-0000-0000-0000-000000000000/resourceGroups/clitest-dpp-resourceguard-000001/providers/Microsoft.DataProtection/resourceGuards/clitest-resource-guard?api-version=2023-05-01
  response:
    body:
      string: '{"location":"centraluseuap","properties":{"provisioningState":"Succeeded","resourceGuardOperations":[{"vaultCriticalOperation":"Microsoft.RecoveryServices/vaults/backupFabrics/protectionContainers/protectedItems/write","requestResourceType":"Microsoft.DataProtection/resourceGuards/updateProtectedItemRequests"},{"vaultCriticalOperation":"Microsoft.RecoveryServices/vaults/backupPolicies/write","requestResourceType":"Microsoft.DataProtection/resourceGuards/updateProtectionPolicyRequests"},{"vaultCriticalOperation":"Microsoft.RecoveryServices/vaults/backupResourceGuardProxies/delete","requestResourceType":"Microsoft.DataProtection/resourceGuards/deleteResourceGuardProxyRequests"},{"vaultCriticalOperation":"Microsoft.RecoveryServices/vaults/backupconfig/write","requestResourceType":"Microsoft.DataProtection/resourceGuards/disableSoftDeleteRequests"},{"vaultCriticalOperation":"Microsoft.DataProtection/backupVaults/backupInstances/delete","requestResourceType":"Microsoft.DataProtection/backupVaults/backupInstances/delete"},{"vaultCriticalOperation":"Microsoft.DataProtection/backupVaults/backupResourceGuardProxies/delete","requestResourceType":"Microsoft.DataProtection/backupVaults/backupResourceGuardProxies/delete"}],"vaultCriticalOperationExclusionList":["Microsoft.RecoveryServices/vaults/backupFabrics/protectionContainers/protectedItems/delete","Microsoft.RecoveryServices/vaults/backupSecurityPIN/action"],"allowAutoApprovals":true},"id":"/subscriptions/00000000-0000-0000-0000-000000000000/resourceGroups/clitest-dpp-resourceguard-000001/providers/Microsoft.DataProtection/resourceGuards/clitest-resource-guard","name":"clitest-resource-guard","type":"Microsoft.DataProtection/resourceGuards"}'
    headers:
      cache-control:
      - no-cache
      content-length:
      - '1712'
      content-type:
      - application/json
      date:
      - Wed, 02 Aug 2023 10:30:39 GMT
      expires:
      - '-1'
      pragma:
      - no-cache
      server:
      - Microsoft-IIS/10.0
      strict-transport-security:
      - max-age=31536000; includeSubDomains
      transfer-encoding:
      - chunked
      vary:
      - Accept-Encoding
      x-content-type-options:
      - nosniff
      x-ms-ratelimit-remaining-subscription-resource-requests:
      - '999'
      x-powered-by:
      - ASP.NET
    status:
      code: 200
      message: OK
- request:
    body: null
    headers:
      Accept:
      - application/json
      Accept-Encoding:
      - gzip, deflate
      CommandName:
      - dataprotection resource-guard update
      Connection:
      - keep-alive
      ParameterSetName:
      - -g -n --critical-operation-exclusion-list
      User-Agent:
      - AZURECLI/2.49.0 (PIP) (AAZ) azsdk-python-core/1.26.0 Python/3.10.7 (Windows-10-10.0.22621-SP0)
    method: GET
    uri: https://management.azure.com/subscriptions/00000000-0000-0000-0000-000000000000/resourceGroups/clitest-dpp-resourceguard-000001/providers/Microsoft.DataProtection/resourceGuards/clitest-resource-guard?api-version=2023-05-01
  response:
    body:
      string: '{"location":"centraluseuap","properties":{"provisioningState":"Succeeded","resourceGuardOperations":[{"vaultCriticalOperation":"Microsoft.RecoveryServices/vaults/backupFabrics/protectionContainers/protectedItems/write","requestResourceType":"Microsoft.DataProtection/resourceGuards/updateProtectedItemRequests"},{"vaultCriticalOperation":"Microsoft.RecoveryServices/vaults/backupPolicies/write","requestResourceType":"Microsoft.DataProtection/resourceGuards/updateProtectionPolicyRequests"},{"vaultCriticalOperation":"Microsoft.RecoveryServices/vaults/backupResourceGuardProxies/delete","requestResourceType":"Microsoft.DataProtection/resourceGuards/deleteResourceGuardProxyRequests"},{"vaultCriticalOperation":"Microsoft.RecoveryServices/vaults/backupconfig/write","requestResourceType":"Microsoft.DataProtection/resourceGuards/disableSoftDeleteRequests"},{"vaultCriticalOperation":"Microsoft.DataProtection/backupVaults/backupInstances/delete","requestResourceType":"Microsoft.DataProtection/backupVaults/backupInstances/delete"},{"vaultCriticalOperation":"Microsoft.DataProtection/backupVaults/backupResourceGuardProxies/delete","requestResourceType":"Microsoft.DataProtection/backupVaults/backupResourceGuardProxies/delete"}],"vaultCriticalOperationExclusionList":["Microsoft.RecoveryServices/vaults/backupFabrics/protectionContainers/protectedItems/delete","Microsoft.RecoveryServices/vaults/backupSecurityPIN/action"],"allowAutoApprovals":true},"id":"/subscriptions/00000000-0000-0000-0000-000000000000/resourceGroups/clitest-dpp-resourceguard-000001/providers/Microsoft.DataProtection/resourceGuards/clitest-resource-guard","name":"clitest-resource-guard","type":"Microsoft.DataProtection/resourceGuards"}'
    headers:
      cache-control:
      - no-cache
      content-length:
      - '1712'
      content-type:
      - application/json
      date:
      - Wed, 02 Aug 2023 10:30:40 GMT
      expires:
      - '-1'
      pragma:
      - no-cache
      server:
      - Microsoft-IIS/10.0
      strict-transport-security:
      - max-age=31536000; includeSubDomains
      transfer-encoding:
      - chunked
      vary:
      - Accept-Encoding
      x-content-type-options:
      - nosniff
      x-ms-ratelimit-remaining-subscription-resource-requests:
      - '998'
      x-powered-by:
      - ASP.NET
    status:
      code: 200
      message: OK
- request:
    body: '{"location": "centraluseuap", "properties": {"vaultCriticalOperationExclusionList":
      ["Microsoft.RecoveryServices/vaults/backupFabrics/protectionContainers/protectedItems/delete",
      "Microsoft.RecoveryServices/vaults/backupSecurityPIN/action"]}}'
    headers:
      Accept:
      - application/json
      Accept-Encoding:
      - gzip, deflate
      CommandName:
      - dataprotection resource-guard update
      Connection:
      - keep-alive
      Content-Length:
      - '242'
      Content-Type:
      - application/json
      ParameterSetName:
      - -g -n --critical-operation-exclusion-list
      User-Agent:
      - AZURECLI/2.49.0 (PIP) (AAZ) azsdk-python-core/1.26.0 Python/3.10.7 (Windows-10-10.0.22621-SP0)
    method: PUT
    uri: https://management.azure.com/subscriptions/00000000-0000-0000-0000-000000000000/resourceGroups/clitest-dpp-resourceguard-000001/providers/Microsoft.DataProtection/resourceGuards/clitest-resource-guard?api-version=2023-05-01
  response:
    body:
      string: '{"location":"centraluseuap","properties":{"provisioningState":"Succeeded","resourceGuardOperations":[{"vaultCriticalOperation":"Microsoft.RecoveryServices/vaults/backupFabrics/protectionContainers/protectedItems/write","requestResourceType":"Microsoft.DataProtection/resourceGuards/updateProtectedItemRequests"},{"vaultCriticalOperation":"Microsoft.RecoveryServices/vaults/backupPolicies/write","requestResourceType":"Microsoft.DataProtection/resourceGuards/updateProtectionPolicyRequests"},{"vaultCriticalOperation":"Microsoft.RecoveryServices/vaults/backupResourceGuardProxies/delete","requestResourceType":"Microsoft.DataProtection/resourceGuards/deleteResourceGuardProxyRequests"},{"vaultCriticalOperation":"Microsoft.RecoveryServices/vaults/backupconfig/write","requestResourceType":"Microsoft.DataProtection/resourceGuards/disableSoftDeleteRequests"},{"vaultCriticalOperation":"Microsoft.DataProtection/backupVaults/backupInstances/delete","requestResourceType":"Microsoft.DataProtection/backupVaults/backupInstances/delete"},{"vaultCriticalOperation":"Microsoft.DataProtection/backupVaults/backupResourceGuardProxies/delete","requestResourceType":"Microsoft.DataProtection/backupVaults/backupResourceGuardProxies/delete"}],"vaultCriticalOperationExclusionList":["Microsoft.RecoveryServices/vaults/backupFabrics/protectionContainers/protectedItems/delete","Microsoft.RecoveryServices/vaults/backupSecurityPIN/action"],"allowAutoApprovals":true},"id":"/subscriptions/00000000-0000-0000-0000-000000000000/resourceGroups/clitest-dpp-resourceguard-000001/providers/Microsoft.DataProtection/resourceGuards/clitest-resource-guard","name":"clitest-resource-guard","type":"Microsoft.DataProtection/resourceGuards"}'
    headers:
      cache-control:
      - no-cache
      content-length:
      - '1712'
      content-type:
      - application/json
      date:
      - Wed, 02 Aug 2023 10:30:41 GMT
      expires:
      - '-1'
      pragma:
      - no-cache
      server:
      - Microsoft-IIS/10.0
      strict-transport-security:
      - max-age=31536000; includeSubDomains
      transfer-encoding:
      - chunked
      vary:
      - Accept-Encoding
      x-content-type-options:
      - nosniff
      x-ms-operation-identifier:
      - tenantId=72f988bf-86f1-41af-91ab-2d7cd011db47,objectId=12f8ea5c-1212-449e-b31c-0a574f43076e/centraluseuap/e73799b5-1421-4846-9a5c-21add37e6c43
      x-ms-ratelimit-remaining-subscription-resource-requests:
      - '99'
      x-powered-by:
      - ASP.NET
    status:
      code: 200
      message: OK
- request:
    body: null
    headers:
      Accept:
      - application/json
      Accept-Encoding:
      - gzip, deflate
      CommandName:
      - dataprotection resource-guard update
      Connection:
      - keep-alive
      ParameterSetName:
      - -g -n --critical-operation-exclusion-list
      User-Agent:
      - AZURECLI/2.49.0 (PIP) (AAZ) azsdk-python-core/1.26.0 Python/3.10.7 (Windows-10-10.0.22621-SP0)
    method: GET
    uri: https://management.azure.com/subscriptions/00000000-0000-0000-0000-000000000000/resourceGroups/clitest-dpp-resourceguard-000001/providers/Microsoft.DataProtection/resourceGuards/clitest-resource-guard?api-version=2023-05-01
  response:
    body:
      string: '{"location":"centraluseuap","properties":{"provisioningState":"Succeeded","resourceGuardOperations":[{"vaultCriticalOperation":"Microsoft.RecoveryServices/vaults/backupFabrics/protectionContainers/protectedItems/write","requestResourceType":"Microsoft.DataProtection/resourceGuards/updateProtectedItemRequests"},{"vaultCriticalOperation":"Microsoft.RecoveryServices/vaults/backupPolicies/write","requestResourceType":"Microsoft.DataProtection/resourceGuards/updateProtectionPolicyRequests"},{"vaultCriticalOperation":"Microsoft.RecoveryServices/vaults/backupResourceGuardProxies/delete","requestResourceType":"Microsoft.DataProtection/resourceGuards/deleteResourceGuardProxyRequests"},{"vaultCriticalOperation":"Microsoft.RecoveryServices/vaults/backupconfig/write","requestResourceType":"Microsoft.DataProtection/resourceGuards/disableSoftDeleteRequests"},{"vaultCriticalOperation":"Microsoft.DataProtection/backupVaults/backupInstances/delete","requestResourceType":"Microsoft.DataProtection/backupVaults/backupInstances/delete"},{"vaultCriticalOperation":"Microsoft.DataProtection/backupVaults/backupResourceGuardProxies/delete","requestResourceType":"Microsoft.DataProtection/backupVaults/backupResourceGuardProxies/delete"}],"vaultCriticalOperationExclusionList":["Microsoft.RecoveryServices/vaults/backupFabrics/protectionContainers/protectedItems/delete","Microsoft.RecoveryServices/vaults/backupSecurityPIN/action"],"allowAutoApprovals":true},"id":"/subscriptions/00000000-0000-0000-0000-000000000000/resourceGroups/clitest-dpp-resourceguard-000001/providers/Microsoft.DataProtection/resourceGuards/clitest-resource-guard","name":"clitest-resource-guard","type":"Microsoft.DataProtection/resourceGuards"}'
    headers:
      cache-control:
      - no-cache
      content-length:
      - '1712'
      content-type:
      - application/json
      date:
      - Wed, 02 Aug 2023 10:30:42 GMT
      expires:
      - '-1'
      pragma:
      - no-cache
      server:
      - Microsoft-IIS/10.0
      strict-transport-security:
      - max-age=31536000; includeSubDomains
      transfer-encoding:
      - chunked
      vary:
      - Accept-Encoding
      x-content-type-options:
      - nosniff
      x-ms-ratelimit-remaining-subscription-resource-requests:
      - '999'
      x-powered-by:
      - ASP.NET
    status:
      code: 200
      message: OK
- request:
    body: '{"location": "centraluseuap", "properties": {"vaultCriticalOperationExclusionList":
      ["Microsoft.RecoveryServices/vaults/backupFabrics/protectionContainers/protectedItems/delete",
      "Microsoft.RecoveryServices/vaults/backupSecurityPIN/action"]}}'
    headers:
      Accept:
      - application/json
      Accept-Encoding:
      - gzip, deflate
      CommandName:
      - dataprotection resource-guard update
      Connection:
      - keep-alive
      Content-Length:
      - '242'
      Content-Type:
      - application/json
      ParameterSetName:
      - -g -n --critical-operation-exclusion-list
      User-Agent:
      - AZURECLI/2.49.0 (PIP) (AAZ) azsdk-python-core/1.26.0 Python/3.10.7 (Windows-10-10.0.22621-SP0)
    method: PUT
    uri: https://management.azure.com/subscriptions/00000000-0000-0000-0000-000000000000/resourceGroups/clitest-dpp-resourceguard-000001/providers/Microsoft.DataProtection/resourceGuards/clitest-resource-guard?api-version=2023-05-01
  response:
    body:
      string: '{"location":"centraluseuap","properties":{"provisioningState":"Succeeded","resourceGuardOperations":[{"vaultCriticalOperation":"Microsoft.RecoveryServices/vaults/backupFabrics/protectionContainers/protectedItems/write","requestResourceType":"Microsoft.DataProtection/resourceGuards/updateProtectedItemRequests"},{"vaultCriticalOperation":"Microsoft.RecoveryServices/vaults/backupPolicies/write","requestResourceType":"Microsoft.DataProtection/resourceGuards/updateProtectionPolicyRequests"},{"vaultCriticalOperation":"Microsoft.RecoveryServices/vaults/backupResourceGuardProxies/delete","requestResourceType":"Microsoft.DataProtection/resourceGuards/deleteResourceGuardProxyRequests"},{"vaultCriticalOperation":"Microsoft.RecoveryServices/vaults/backupconfig/write","requestResourceType":"Microsoft.DataProtection/resourceGuards/disableSoftDeleteRequests"},{"vaultCriticalOperation":"Microsoft.DataProtection/backupVaults/backupInstances/delete","requestResourceType":"Microsoft.DataProtection/backupVaults/backupInstances/delete"},{"vaultCriticalOperation":"Microsoft.DataProtection/backupVaults/backupResourceGuardProxies/delete","requestResourceType":"Microsoft.DataProtection/backupVaults/backupResourceGuardProxies/delete"}],"vaultCriticalOperationExclusionList":["Microsoft.RecoveryServices/vaults/backupFabrics/protectionContainers/protectedItems/delete","Microsoft.RecoveryServices/vaults/backupSecurityPIN/action"],"allowAutoApprovals":true},"id":"/subscriptions/00000000-0000-0000-0000-000000000000/resourceGroups/clitest-dpp-resourceguard-000001/providers/Microsoft.DataProtection/resourceGuards/clitest-resource-guard","name":"clitest-resource-guard","type":"Microsoft.DataProtection/resourceGuards"}'
    headers:
      cache-control:
      - no-cache
      content-length:
      - '1712'
      content-type:
      - application/json
      date:
      - Wed, 02 Aug 2023 10:30:43 GMT
      expires:
      - '-1'
      pragma:
      - no-cache
      server:
      - Microsoft-IIS/10.0
      strict-transport-security:
      - max-age=31536000; includeSubDomains
      transfer-encoding:
      - chunked
      vary:
      - Accept-Encoding
      x-content-type-options:
      - nosniff
      x-ms-operation-identifier:
      - tenantId=72f988bf-86f1-41af-91ab-2d7cd011db47,objectId=12f8ea5c-1212-449e-b31c-0a574f43076e/centraluseuap/728303da-6b50-4ac4-a9cf-df3d9919e492
      x-ms-ratelimit-remaining-subscription-resource-requests:
      - '99'
      x-powered-by:
      - ASP.NET
    status:
      code: 200
      message: OK
- request:
    body: null
    headers:
      Accept:
      - application/json
      Accept-Encoding:
      - gzip, deflate
      CommandName:
      - dataprotection resource-guard update
      Connection:
      - keep-alive
      ParameterSetName:
      - -g -n --resource-type --tags
      User-Agent:
      - AZURECLI/2.49.0 (PIP) (AAZ) azsdk-python-core/1.26.0 Python/3.10.7 (Windows-10-10.0.22621-SP0)
    method: GET
    uri: https://management.azure.com/subscriptions/00000000-0000-0000-0000-000000000000/resourceGroups/clitest-dpp-resourceguard-000001/providers/Microsoft.DataProtection/resourceGuards/clitest-resource-guard?api-version=2023-05-01
  response:
    body:
      string: '{"location":"centraluseuap","properties":{"provisioningState":"Succeeded","resourceGuardOperations":[{"vaultCriticalOperation":"Microsoft.RecoveryServices/vaults/backupFabrics/protectionContainers/protectedItems/write","requestResourceType":"Microsoft.DataProtection/resourceGuards/updateProtectedItemRequests"},{"vaultCriticalOperation":"Microsoft.RecoveryServices/vaults/backupPolicies/write","requestResourceType":"Microsoft.DataProtection/resourceGuards/updateProtectionPolicyRequests"},{"vaultCriticalOperation":"Microsoft.RecoveryServices/vaults/backupResourceGuardProxies/delete","requestResourceType":"Microsoft.DataProtection/resourceGuards/deleteResourceGuardProxyRequests"},{"vaultCriticalOperation":"Microsoft.RecoveryServices/vaults/backupconfig/write","requestResourceType":"Microsoft.DataProtection/resourceGuards/disableSoftDeleteRequests"},{"vaultCriticalOperation":"Microsoft.DataProtection/backupVaults/backupInstances/delete","requestResourceType":"Microsoft.DataProtection/backupVaults/backupInstances/delete"},{"vaultCriticalOperation":"Microsoft.DataProtection/backupVaults/backupResourceGuardProxies/delete","requestResourceType":"Microsoft.DataProtection/backupVaults/backupResourceGuardProxies/delete"}],"vaultCriticalOperationExclusionList":["Microsoft.RecoveryServices/vaults/backupFabrics/protectionContainers/protectedItems/delete","Microsoft.RecoveryServices/vaults/backupSecurityPIN/action"],"allowAutoApprovals":true},"id":"/subscriptions/00000000-0000-0000-0000-000000000000/resourceGroups/clitest-dpp-resourceguard-000001/providers/Microsoft.DataProtection/resourceGuards/clitest-resource-guard","name":"clitest-resource-guard","type":"Microsoft.DataProtection/resourceGuards"}'
    headers:
      cache-control:
      - no-cache
      content-length:
      - '1712'
      content-type:
      - application/json
      date:
      - Wed, 02 Aug 2023 10:30:44 GMT
      expires:
      - '-1'
      pragma:
      - no-cache
      server:
      - Microsoft-IIS/10.0
      strict-transport-security:
      - max-age=31536000; includeSubDomains
      transfer-encoding:
      - chunked
      vary:
      - Accept-Encoding
      x-content-type-options:
      - nosniff
      x-ms-ratelimit-remaining-subscription-resource-requests:
      - '997'
      x-powered-by:
      - ASP.NET
    status:
      code: 200
      message: OK
- request:
    body: '{"location": "centraluseuap", "properties": {"vaultCriticalOperationExclusionList":
      ["Microsoft.RecoveryServices/vaults/backupFabrics/protectionContainers/protectedItems/delete",
      "Microsoft.RecoveryServices/vaults/backupSecurityPIN/action"]}, "tags": {"Purpose":
      "Testing"}}'
    headers:
      Accept:
      - application/json
      Accept-Encoding:
      - gzip, deflate
      CommandName:
      - dataprotection resource-guard update
      Connection:
      - keep-alive
      Content-Length:
      - '274'
      Content-Type:
      - application/json
      ParameterSetName:
      - -g -n --resource-type --tags
      User-Agent:
      - AZURECLI/2.49.0 (PIP) (AAZ) azsdk-python-core/1.26.0 Python/3.10.7 (Windows-10-10.0.22621-SP0)
    method: PUT
    uri: https://management.azure.com/subscriptions/00000000-0000-0000-0000-000000000000/resourceGroups/clitest-dpp-resourceguard-000001/providers/Microsoft.DataProtection/resourceGuards/clitest-resource-guard?api-version=2023-05-01
  response:
    body:
      string: '{"location":"centraluseuap","tags":{"Purpose":"Testing"},"properties":{"provisioningState":"Succeeded","resourceGuardOperations":[{"vaultCriticalOperation":"Microsoft.RecoveryServices/vaults/backupFabrics/protectionContainers/protectedItems/write","requestResourceType":"Microsoft.DataProtection/resourceGuards/updateProtectedItemRequests"},{"vaultCriticalOperation":"Microsoft.RecoveryServices/vaults/backupPolicies/write","requestResourceType":"Microsoft.DataProtection/resourceGuards/updateProtectionPolicyRequests"},{"vaultCriticalOperation":"Microsoft.RecoveryServices/vaults/backupResourceGuardProxies/delete","requestResourceType":"Microsoft.DataProtection/resourceGuards/deleteResourceGuardProxyRequests"},{"vaultCriticalOperation":"Microsoft.RecoveryServices/vaults/backupconfig/write","requestResourceType":"Microsoft.DataProtection/resourceGuards/disableSoftDeleteRequests"},{"vaultCriticalOperation":"Microsoft.DataProtection/backupVaults/backupInstances/delete","requestResourceType":"Microsoft.DataProtection/backupVaults/backupInstances/delete"},{"vaultCriticalOperation":"Microsoft.DataProtection/backupVaults/backupResourceGuardProxies/delete","requestResourceType":"Microsoft.DataProtection/backupVaults/backupResourceGuardProxies/delete"}],"vaultCriticalOperationExclusionList":["Microsoft.RecoveryServices/vaults/backupFabrics/protectionContainers/protectedItems/delete","Microsoft.RecoveryServices/vaults/backupSecurityPIN/action"],"allowAutoApprovals":true},"id":"/subscriptions/00000000-0000-0000-0000-000000000000/resourceGroups/clitest-dpp-resourceguard-000001/providers/Microsoft.DataProtection/resourceGuards/clitest-resource-guard","name":"clitest-resource-guard","type":"Microsoft.DataProtection/resourceGuards"}'
    headers:
      cache-control:
      - no-cache
      content-length:
      - '1741'
      content-type:
      - application/json
      date:
      - Wed, 02 Aug 2023 10:30:45 GMT
      expires:
      - '-1'
      pragma:
      - no-cache
      server:
      - Microsoft-IIS/10.0
      strict-transport-security:
      - max-age=31536000; includeSubDomains
      transfer-encoding:
      - chunked
      vary:
      - Accept-Encoding
      x-content-type-options:
      - nosniff
      x-ms-operation-identifier:
      - tenantId=72f988bf-86f1-41af-91ab-2d7cd011db47,objectId=12f8ea5c-1212-449e-b31c-0a574f43076e/centraluseuap/5214af34-602c-444c-90e4-43c4d6bf1815
      x-ms-ratelimit-remaining-subscription-resource-requests:
      - '97'
      x-powered-by:
      - ASP.NET
    status:
      code: 200
      message: OK
- request:
    body: null
    headers:
      Accept:
      - application/json
      Accept-Encoding:
      - gzip, deflate
      CommandName:
      - dataprotection resource-guard update
      Connection:
      - keep-alive
      ParameterSetName:
      - -g -n --resource-type --critical-operation-exclusion-list
      User-Agent:
      - AZURECLI/2.49.0 (PIP) (AAZ) azsdk-python-core/1.26.0 Python/3.10.7 (Windows-10-10.0.22621-SP0)
    method: GET
    uri: https://management.azure.com/subscriptions/00000000-0000-0000-0000-000000000000/resourceGroups/clitest-dpp-resourceguard-000001/providers/Microsoft.DataProtection/resourceGuards/clitest-resource-guard?api-version=2023-05-01
  response:
    body:
      string: '{"location":"centraluseuap","tags":{"Purpose":"Testing"},"properties":{"provisioningState":"Succeeded","resourceGuardOperations":[{"vaultCriticalOperation":"Microsoft.RecoveryServices/vaults/backupFabrics/protectionContainers/protectedItems/write","requestResourceType":"Microsoft.DataProtection/resourceGuards/updateProtectedItemRequests"},{"vaultCriticalOperation":"Microsoft.RecoveryServices/vaults/backupPolicies/write","requestResourceType":"Microsoft.DataProtection/resourceGuards/updateProtectionPolicyRequests"},{"vaultCriticalOperation":"Microsoft.RecoveryServices/vaults/backupResourceGuardProxies/delete","requestResourceType":"Microsoft.DataProtection/resourceGuards/deleteResourceGuardProxyRequests"},{"vaultCriticalOperation":"Microsoft.RecoveryServices/vaults/backupconfig/write","requestResourceType":"Microsoft.DataProtection/resourceGuards/disableSoftDeleteRequests"},{"vaultCriticalOperation":"Microsoft.DataProtection/backupVaults/backupInstances/delete","requestResourceType":"Microsoft.DataProtection/backupVaults/backupInstances/delete"},{"vaultCriticalOperation":"Microsoft.DataProtection/backupVaults/backupResourceGuardProxies/delete","requestResourceType":"Microsoft.DataProtection/backupVaults/backupResourceGuardProxies/delete"}],"vaultCriticalOperationExclusionList":["Microsoft.RecoveryServices/vaults/backupFabrics/protectionContainers/protectedItems/delete","Microsoft.RecoveryServices/vaults/backupSecurityPIN/action"],"allowAutoApprovals":true},"id":"/subscriptions/00000000-0000-0000-0000-000000000000/resourceGroups/clitest-dpp-resourceguard-000001/providers/Microsoft.DataProtection/resourceGuards/clitest-resource-guard","name":"clitest-resource-guard","type":"Microsoft.DataProtection/resourceGuards"}'
    headers:
      cache-control:
      - no-cache
      content-length:
      - '1741'
      content-type:
      - application/json
      date:
      - Wed, 02 Aug 2023 10:30:46 GMT
      expires:
      - '-1'
      pragma:
      - no-cache
      server:
      - Microsoft-IIS/10.0
      strict-transport-security:
      - max-age=31536000; includeSubDomains
      transfer-encoding:
      - chunked
      vary:
      - Accept-Encoding
      x-content-type-options:
      - nosniff
      x-ms-ratelimit-remaining-subscription-resource-requests:
      - '998'
      x-powered-by:
      - ASP.NET
    status:
      code: 200
      message: OK
- request:
    body: '{"location": "centraluseuap", "properties": {"vaultCriticalOperationExclusionList":
      []}, "tags": {"Purpose": "Testing"}}'
    headers:
      Accept:
      - application/json
      Accept-Encoding:
      - gzip, deflate
      CommandName:
      - dataprotection resource-guard update
      Connection:
      - keep-alive
      Content-Length:
      - '120'
      Content-Type:
      - application/json
      ParameterSetName:
      - -g -n --resource-type --critical-operation-exclusion-list
      User-Agent:
      - AZURECLI/2.49.0 (PIP) (AAZ) azsdk-python-core/1.26.0 Python/3.10.7 (Windows-10-10.0.22621-SP0)
    method: PUT
    uri: https://management.azure.com/subscriptions/00000000-0000-0000-0000-000000000000/resourceGroups/clitest-dpp-resourceguard-000001/providers/Microsoft.DataProtection/resourceGuards/clitest-resource-guard?api-version=2023-05-01
  response:
    body:
      string: '{"location":"centraluseuap","tags":{"Purpose":"Testing"},"properties":{"provisioningState":"Succeeded","resourceGuardOperations":[{"vaultCriticalOperation":"Microsoft.RecoveryServices/vaults/backupFabrics/protectionContainers/protectedItems/delete","requestResourceType":"Microsoft.DataProtection/resourceGuards/deleteProtectedItemRequests"},{"vaultCriticalOperation":"Microsoft.RecoveryServices/vaults/backupFabrics/protectionContainers/protectedItems/write","requestResourceType":"Microsoft.DataProtection/resourceGuards/updateProtectedItemRequests"},{"vaultCriticalOperation":"Microsoft.RecoveryServices/vaults/backupPolicies/write","requestResourceType":"Microsoft.DataProtection/resourceGuards/updateProtectionPolicyRequests"},{"vaultCriticalOperation":"Microsoft.RecoveryServices/vaults/backupResourceGuardProxies/delete","requestResourceType":"Microsoft.DataProtection/resourceGuards/deleteResourceGuardProxyRequests"},{"vaultCriticalOperation":"Microsoft.RecoveryServices/vaults/backupSecurityPIN/action","requestResourceType":"Microsoft.DataProtection/resourceGuards/getBackupSecurityPINRequests"},{"vaultCriticalOperation":"Microsoft.RecoveryServices/vaults/backupconfig/write","requestResourceType":"Microsoft.DataProtection/resourceGuards/disableSoftDeleteRequests"},{"vaultCriticalOperation":"Microsoft.DataProtection/backupVaults/backupInstances/delete","requestResourceType":"Microsoft.DataProtection/backupVaults/backupInstances/delete"},{"vaultCriticalOperation":"Microsoft.DataProtection/backupVaults/backupResourceGuardProxies/delete","requestResourceType":"Microsoft.DataProtection/backupVaults/backupResourceGuardProxies/delete"}],"vaultCriticalOperationExclusionList":[],"allowAutoApprovals":true},"id":"/subscriptions/00000000-0000-0000-0000-000000000000/resourceGroups/clitest-dpp-resourceguard-000001/providers/Microsoft.DataProtection/resourceGuards/clitest-resource-guard","name":"clitest-resource-guard","type":"Microsoft.DataProtection/resourceGuards"}'
    headers:
      cache-control:
      - no-cache
      content-length:
      - '1981'
      content-type:
      - application/json
      date:
      - Wed, 02 Aug 2023 10:30:46 GMT
      expires:
      - '-1'
      pragma:
      - no-cache
      server:
      - Microsoft-IIS/10.0
      strict-transport-security:
      - max-age=31536000; includeSubDomains
      transfer-encoding:
      - chunked
      vary:
      - Accept-Encoding
      x-content-type-options:
      - nosniff
      x-ms-operation-identifier:
      - tenantId=72f988bf-86f1-41af-91ab-2d7cd011db47,objectId=12f8ea5c-1212-449e-b31c-0a574f43076e/centraluseuap/51533a86-4195-47d0-987b-68a89ea5a80b
      x-ms-ratelimit-remaining-subscription-resource-requests:
      - '98'
      x-powered-by:
      - ASP.NET
    status:
      code: 200
      message: OK
version: 1
