interactions:
- request:
    body: '{"identity": {"type": "SystemAssigned"}, "location": "eastus", "properties":
      {"securitySettings": {"softDeleteSettings": {"state": "Off"}}, "storageSettings":
      [{"datastoreType": "VaultStore", "type": "LocallyRedundant"}]}}'
    headers:
      Accept:
      - application/json
      Accept-Encoding:
      - gzip, deflate
      CommandName:
      - dataprotection backup-vault create
      Connection:
      - keep-alive
      Content-Length:
      - '222'
      Content-Type:
      - application/json
      ParameterSetName:
      - -g --vault-name -l --storage-settings --type --soft-delete-state
      User-Agent:
      - AZURECLI/2.49.0 (AAZ) azsdk-python-core/1.26.0 Python/3.10.11 (Windows-10-10.0.22621-SP0)
    method: PUT
    uri: https://management.azure.com/subscriptions/00000000-0000-0000-0000-000000000000/resourceGroups/clitestdataprotection_backuppolicy_000001/providers/Microsoft.DataProtection/backupVaults/cli-test-backup-vault?api-version=2022-12-01
  response:
    body:
      string: '{"location":"eastus","identity":{"type":"SystemAssigned","principalId":"334e45f9-8222-478a-9f0a-ecdc947727be","tenantId":"1b33ee0e-49fa-4f21-ad37-e7fa300cf2a6"},"properties":{"provisioningState":"Provisioning","storageSettings":[{"datastoreType":"VaultStore","type":"LocallyRedundant"}],"isVaultProtectedByResourceGuard":false,"securitySettings":{"softDeleteSettings":{"state":"Off","retentionDurationInDays":0.0}}},"id":"/subscriptions/00000000-0000-0000-0000-000000000000/resourceGroups/clitestdataprotection_backuppolicy_000001/providers/Microsoft.DataProtection/backupVaults/cli-test-backup-vault","name":"cli-test-backup-vault","type":"Microsoft.DataProtection/backupVaults"}'
    headers:
      azure-asyncoperation:
      - https://management.azure.com/subscriptions/00000000-0000-0000-0000-000000000000/resourceGroups/clitestdataprotection_backuppolicy_000001/providers/Microsoft.DataProtection/backupVaults/cli-test-backup-vault/operationStatus/MDkwMGZmNmItMTdlMC00ZDkzLTkwNTAtMTcwMTRkZjYzMWZhO2I2NThkNDBjLWRmMDctNDE3Yi1hMzAyLTY3OGIyZjliMWE2NQ==?api-version=2022-12-01
      cache-control:
      - no-cache
      content-length:
      - '680'
      content-type:
      - application/json; charset=utf-8
      date:
      - Tue, 13 Jun 2023 05:06:54 GMT
      expires:
      - '-1'
      pragma:
      - no-cache
      server:
      - Kestrel
      strict-transport-security:
      - max-age=31536000; includeSubDomains
      x-content-type-options:
      - nosniff
      x-ms-arm-resource-system-data:
      - '{"createdBy":"vishesh.r.patel@gmail.com","createdByType":"User","createdAt":"2023-06-13T05:06:50.8870829Z","lastModifiedBy":"vishesh.r.patel@gmail.com","lastModifiedByType":"User","lastModifiedAt":"2023-06-13T05:06:50.8870829Z"}'
      x-ms-ratelimit-remaining-subscription-resource-requests:
      - '99'
    status:
      code: 201
      message: Created
- request:
    body: null
    headers:
      Accept:
      - '*/*'
      Accept-Encoding:
      - gzip, deflate
      CommandName:
      - dataprotection backup-vault create
      Connection:
      - keep-alive
      ParameterSetName:
      - -g --vault-name -l --storage-settings --type --soft-delete-state
      User-Agent:
      - AZURECLI/2.49.0 (AAZ) azsdk-python-core/1.26.0 Python/3.10.11 (Windows-10-10.0.22621-SP0)
    method: GET
    uri: https://management.azure.com/subscriptions/00000000-0000-0000-0000-000000000000/resourceGroups/clitestdataprotection_backuppolicy_000001/providers/Microsoft.DataProtection/backupVaults/cli-test-backup-vault/operationStatus/MDkwMGZmNmItMTdlMC00ZDkzLTkwNTAtMTcwMTRkZjYzMWZhO2I2NThkNDBjLWRmMDctNDE3Yi1hMzAyLTY3OGIyZjliMWE2NQ==?api-version=2022-12-01
  response:
    body:
      string: '{"id":"/subscriptions/00000000-0000-0000-0000-000000000000/resourceGroups/clitestdataprotection_backuppolicy_000001/providers/Microsoft.DataProtection/backupVaults/cli-test-backup-vault/operationStatus/MDkwMGZmNmItMTdlMC00ZDkzLTkwNTAtMTcwMTRkZjYzMWZhO2I2NThkNDBjLWRmMDctNDE3Yi1hMzAyLTY3OGIyZjliMWE2NQ==","name":"MDkwMGZmNmItMTdlMC00ZDkzLTkwNTAtMTcwMTRkZjYzMWZhO2I2NThkNDBjLWRmMDctNDE3Yi1hMzAyLTY3OGIyZjliMWE2NQ==","status":"Succeeded","startTime":"2023-06-13T05:06:53.201486Z","endTime":"2023-06-13T05:06:54Z"}'
    headers:
      cache-control:
      - no-cache
      content-length:
      - '510'
      content-type:
      - application/json; charset=utf-8
      date:
      - Tue, 13 Jun 2023 05:06:55 GMT
      expires:
      - '-1'
      pragma:
      - no-cache
      server:
      - Kestrel
      strict-transport-security:
      - max-age=31536000; includeSubDomains
      transfer-encoding:
      - chunked
      vary:
      - Accept-Encoding
      x-content-type-options:
      - nosniff
      x-ms-ratelimit-remaining-subscription-resource-requests:
      - '999'
    status:
      code: 200
      message: OK
- request:
    body: null
    headers:
      Accept:
      - '*/*'
      Accept-Encoding:
      - gzip, deflate
      CommandName:
      - dataprotection backup-vault create
      Connection:
      - keep-alive
      ParameterSetName:
      - -g --vault-name -l --storage-settings --type --soft-delete-state
      User-Agent:
      - AZURECLI/2.49.0 (AAZ) azsdk-python-core/1.26.0 Python/3.10.11 (Windows-10-10.0.22621-SP0)
    method: GET
    uri: https://management.azure.com/subscriptions/00000000-0000-0000-0000-000000000000/resourceGroups/clitestdataprotection_backuppolicy_000001/providers/Microsoft.DataProtection/backupVaults/cli-test-backup-vault?api-version=2022-12-01
  response:
    body:
      string: '{"location":"eastus","identity":{"type":"SystemAssigned","principalId":"334e45f9-8222-478a-9f0a-ecdc947727be","tenantId":"1b33ee0e-49fa-4f21-ad37-e7fa300cf2a6"},"properties":{"provisioningState":"Succeeded","storageSettings":[{"datastoreType":"VaultStore","type":"LocallyRedundant"}],"isVaultProtectedByResourceGuard":false,"securitySettings":{"softDeleteSettings":{"state":"Off","retentionDurationInDays":0.0}}},"id":"/subscriptions/00000000-0000-0000-0000-000000000000/resourceGroups/clitestdataprotection_backuppolicy_000001/providers/Microsoft.DataProtection/backupVaults/cli-test-backup-vault","name":"cli-test-backup-vault","type":"Microsoft.DataProtection/backupVaults"}'
    headers:
      cache-control:
      - no-cache
      content-length:
      - '677'
      content-type:
      - application/json; charset=utf-8
      date:
      - Tue, 13 Jun 2023 05:06:55 GMT
      expires:
      - '-1'
      pragma:
      - no-cache
      server:
      - Kestrel
      strict-transport-security:
      - max-age=31536000; includeSubDomains
      transfer-encoding:
      - chunked
      vary:
      - Accept-Encoding
      x-content-type-options:
      - nosniff
      x-ms-ratelimit-remaining-subscription-resource-requests:
      - '499'
    status:
      code: 200
      message: OK
- request:
    body: '{"properties": {"datasourceTypes": ["Microsoft.Compute/disks"], "name":
      "DiskPolicy1", "objectType": "BackupPolicy", "policyRules": [{"backupParameters":
      {"backupType": "Incremental", "objectType": "AzureBackupParams"}, "dataStore":
      {"dataStoreType": "OperationalStore", "objectType": "DataStoreInfoBase"}, "name":
      "BackupHourly", "objectType": "AzureBackupRule", "trigger": {"objectType": "ScheduleBasedTriggerContext",
      "schedule": {"repeatingTimeIntervals": ["R/2020-04-05T13:00:00+00:00/PT4H"]},
      "taggingCriteria": [{"isDefault": true, "tagInfo": {"id": "Default_", "tagName":
      "Default"}, "taggingPriority": 99}]}}, {"isDefault": true, "lifecycles": [{"deleteAfter":
      {"duration": "P7D", "objectType": "AbsoluteDeleteOption"}, "sourceDataStore":
      {"dataStoreType": "OperationalStore", "objectType": "DataStoreInfoBase"}}],
      "name": "Default", "objectType": "AzureRetentionRule"}]}}'
    headers:
      Accept:
      - application/json
      Accept-Encoding:
      - gzip, deflate
      CommandName:
      - dataprotection backup-policy create
      Connection:
      - keep-alive
      Content-Length:
      - '881'
      Content-Type:
      - application/json
      ParameterSetName:
      - -n --policy -g --vault-name
      User-Agent:
      - AZURECLI/2.49.0 (AAZ) azsdk-python-core/1.26.0 Python/3.10.11 (Windows-10-10.0.22621-SP0)
    method: PUT
    uri: https://management.azure.com/subscriptions/00000000-0000-0000-0000-000000000000/resourceGroups/clitestdataprotection_backuppolicy_000001/providers/Microsoft.DataProtection/backupVaults/cli-test-backup-vault/backupPolicies/diskPolicy?api-version=2023-01-01
  response:
    body:
      string: '{"properties":{"policyRules":[{"backupParameters":{"backupType":"Incremental","objectType":"AzureBackupParams"},"trigger":{"schedule":{"repeatingTimeIntervals":["R/2020-04-05T13:00:00+00:00/PT4H"]},"taggingCriteria":[{"tagInfo":{"tagName":"Default","id":"Default_"},"taggingPriority":99,"isDefault":true}],"objectType":"ScheduleBasedTriggerContext"},"dataStore":{"dataStoreType":"OperationalStore","objectType":"DataStoreInfoBase"},"name":"BackupHourly","objectType":"AzureBackupRule"},{"lifecycles":[{"deleteAfter":{"objectType":"AbsoluteDeleteOption","duration":"P7D"},"sourceDataStore":{"dataStoreType":"OperationalStore","objectType":"DataStoreInfoBase"}}],"isDefault":true,"name":"Default","objectType":"AzureRetentionRule"}],"datasourceTypes":["Microsoft.Compute/disks"],"objectType":"BackupPolicy"},"id":"/subscriptions/00000000-0000-0000-0000-000000000000/resourceGroups/clitestdataprotection_backuppolicy_000001/providers/Microsoft.DataProtection/backupVaults/cli-test-backup-vault/backupPolicies/diskPolicy","name":"diskPolicy","type":"Microsoft.DataProtection/backupVaults/backupPolicies"}'
    headers:
      cache-control:
      - no-cache
      content-length:
      - '1100'
      content-type:
      - application/json; charset=utf-8
      date:
      - Tue, 13 Jun 2023 05:06:57 GMT
      expires:
      - '-1'
      pragma:
      - no-cache
      server:
      - Kestrel
      strict-transport-security:
      - max-age=31536000; includeSubDomains
      transfer-encoding:
      - chunked
      vary:
      - Accept-Encoding
      x-content-type-options:
      - nosniff
      x-ms-ratelimit-remaining-subscription-resource-requests:
      - '199'
    status:
      code: 200
      message: OK
- request:
    body: null
    headers:
      Accept:
      - '*/*'
      Accept-Encoding:
      - gzip, deflate
      CommandName:
      - dataprotection backup-policy delete
      Connection:
      - keep-alive
      Content-Length:
      - '0'
      ParameterSetName:
      - -n -g --vault-name -y
      User-Agent:
      - AZURECLI/2.49.0 (AAZ) azsdk-python-core/1.26.0 Python/3.10.11 (Windows-10-10.0.22621-SP0)
    method: DELETE
    uri: https://management.azure.com/subscriptions/00000000-0000-0000-0000-000000000000/resourceGroups/clitestdataprotection_backuppolicy_000001/providers/Microsoft.DataProtection/backupVaults/cli-test-backup-vault/backupPolicies/diskPolicy?api-version=2023-01-01
  response:
    body:
      string: ''
    headers:
      cache-control:
      - no-cache
      content-length:
      - '0'
      date:
      - Tue, 13 Jun 2023 05:06:59 GMT
      expires:
      - '-1'
      pragma:
      - no-cache
      server:
      - Kestrel
      strict-transport-security:
      - max-age=31536000; includeSubDomains
      x-content-type-options:
      - nosniff
      x-ms-ratelimit-remaining-subscription-resource-requests:
      - '49'
    status:
      code: 200
      message: OK
- request:
    body: '{"properties": {"datasourceTypes": ["Microsoft.Storage/storageAccounts/blobServices"],
      "name": "BlobPolicy1", "objectType": "BackupPolicy", "policyRules": [{"isDefault":
      true, "lifecycles": [{"deleteAfter": {"duration": "P30D", "objectType": "AbsoluteDeleteOption"},
      "sourceDataStore": {"dataStoreType": "OperationalStore", "objectType": "DataStoreInfoBase"}}],
      "name": "Default", "objectType": "AzureRetentionRule"}]}}'
    headers:
      Accept:
      - application/json
      Accept-Encoding:
      - gzip, deflate
      CommandName:
      - dataprotection backup-policy create
      Connection:
      - keep-alive
      Content-Length:
      - '419'
      Content-Type:
      - application/json
      ParameterSetName:
      - -n --policy -g --vault-name
      User-Agent:
      - AZURECLI/2.49.0 (AAZ) azsdk-python-core/1.26.0 Python/3.10.11 (Windows-10-10.0.22621-SP0)
    method: PUT
    uri: https://management.azure.com/subscriptions/00000000-0000-0000-0000-000000000000/resourceGroups/clitestdataprotection_backuppolicy_000001/providers/Microsoft.DataProtection/backupVaults/cli-test-backup-vault/backupPolicies/blobPolicy?api-version=2023-01-01
  response:
    body:
      string: '{"properties":{"policyRules":[{"lifecycles":[{"deleteAfter":{"objectType":"AbsoluteDeleteOption","duration":"P30D"},"sourceDataStore":{"dataStoreType":"OperationalStore","objectType":"DataStoreInfoBase"}}],"isDefault":true,"name":"Default","objectType":"AzureRetentionRule"}],"datasourceTypes":["Microsoft.Storage/storageAccounts/blobServices"],"objectType":"BackupPolicy"},"id":"/subscriptions/00000000-0000-0000-0000-000000000000/resourceGroups/clitestdataprotection_backuppolicy_000001/providers/Microsoft.DataProtection/backupVaults/cli-test-backup-vault/backupPolicies/blobPolicy","name":"blobPolicy","type":"Microsoft.DataProtection/backupVaults/backupPolicies"}'
    headers:
      cache-control:
      - no-cache
      content-length:
      - '668'
      content-type:
      - application/json; charset=utf-8
      date:
      - Tue, 13 Jun 2023 05:07:01 GMT
      expires:
      - '-1'
      pragma:
      - no-cache
      server:
      - Kestrel
      strict-transport-security:
      - max-age=31536000; includeSubDomains
      transfer-encoding:
      - chunked
      vary:
      - Accept-Encoding
      x-content-type-options:
      - nosniff
      x-ms-ratelimit-remaining-subscription-resource-requests:
      - '199'
    status:
      code: 200
      message: OK
- request:
    body: null
    headers:
      Accept:
      - '*/*'
      Accept-Encoding:
      - gzip, deflate
      CommandName:
      - dataprotection backup-policy delete
      Connection:
      - keep-alive
      Content-Length:
      - '0'
      ParameterSetName:
      - -n -g --vault-name -y
      User-Agent:
      - AZURECLI/2.49.0 (AAZ) azsdk-python-core/1.26.0 Python/3.10.11 (Windows-10-10.0.22621-SP0)
    method: DELETE
    uri: https://management.azure.com/subscriptions/00000000-0000-0000-0000-000000000000/resourceGroups/clitestdataprotection_backuppolicy_000001/providers/Microsoft.DataProtection/backupVaults/cli-test-backup-vault/backupPolicies/blobPolicy?api-version=2023-01-01
  response:
    body:
      string: ''
    headers:
      cache-control:
      - no-cache
      content-length:
      - '0'
      date:
      - Tue, 13 Jun 2023 05:07:05 GMT
      expires:
      - '-1'
      pragma:
      - no-cache
      server:
      - Kestrel
      strict-transport-security:
      - max-age=31536000; includeSubDomains
      x-content-type-options:
      - nosniff
      x-ms-ratelimit-remaining-subscription-resource-requests:
      - '49'
    status:
      code: 200
      message: OK
- request:
    body: '{"properties": {"datasourceTypes": ["Microsoft.DBforPostgreSQL/servers/databases"],
      "name": "OssPolicy1", "objectType": "BackupPolicy", "policyRules": [{"backupParameters":
      {"backupType": "Full", "objectType": "AzureBackupParams"}, "dataStore": {"dataStoreType":
      "VaultStore", "objectType": "DataStoreInfoBase"}, "name": "BackupWeekly", "objectType":
      "AzureBackupRule", "trigger": {"objectType": "ScheduleBasedTriggerContext",
      "schedule": {"repeatingTimeIntervals": ["R/2021-08-15T06:30:00+00:00/P1W"],
      "timeZone": "UTC"}, "taggingCriteria": [{"isDefault": true, "tagInfo": {"id":
      "Default_", "tagName": "Default"}, "taggingPriority": 99}]}}, {"isDefault":
      true, "lifecycles": [{"deleteAfter": {"duration": "P3M", "objectType": "AbsoluteDeleteOption"},
      "sourceDataStore": {"dataStoreType": "VaultStore", "objectType": "DataStoreInfoBase"},
      "targetDataStoreCopySettings": []}], "name": "Default", "objectType": "AzureRetentionRule"}]}}'
    headers:
      Accept:
      - application/json
      Accept-Encoding:
      - gzip, deflate
      CommandName:
      - dataprotection backup-policy create
      Connection:
      - keep-alive
      Content-Length:
      - '934'
      Content-Type:
      - application/json
      ParameterSetName:
      - -n --policy -g --vault-name
      User-Agent:
      - AZURECLI/2.49.0 (AAZ) azsdk-python-core/1.26.0 Python/3.10.11 (Windows-10-10.0.22621-SP0)
    method: PUT
    uri: https://management.azure.com/subscriptions/00000000-0000-0000-0000-000000000000/resourceGroups/clitestdataprotection_backuppolicy_000001/providers/Microsoft.DataProtection/backupVaults/cli-test-backup-vault/backupPolicies/ossPolicy?api-version=2023-01-01
  response:
    body:
      string: '{"properties":{"policyRules":[{"backupParameters":{"backupType":"Full","objectType":"AzureBackupParams"},"trigger":{"schedule":{"repeatingTimeIntervals":["R/2021-08-15T06:30:00+00:00/P1W"],"timeZone":"UTC"},"taggingCriteria":[{"tagInfo":{"tagName":"Default","id":"Default_"},"taggingPriority":99,"isDefault":true}],"objectType":"ScheduleBasedTriggerContext"},"dataStore":{"dataStoreType":"VaultStore","objectType":"DataStoreInfoBase"},"name":"BackupWeekly","objectType":"AzureBackupRule"},{"lifecycles":[{"deleteAfter":{"objectType":"AbsoluteDeleteOption","duration":"P3M"},"targetDataStoreCopySettings":[],"sourceDataStore":{"dataStoreType":"VaultStore","objectType":"DataStoreInfoBase"}}],"isDefault":true,"name":"Default","objectType":"AzureRetentionRule"}],"datasourceTypes":["Microsoft.DBforPostgreSQL/servers/databases"],"objectType":"BackupPolicy"},"id":"/subscriptions/00000000-0000-0000-0000-000000000000/resourceGroups/clitestdataprotection_backuppolicy_000001/providers/Microsoft.DataProtection/backupVaults/cli-test-backup-vault/backupPolicies/ossPolicy","name":"ossPolicy","type":"Microsoft.DataProtection/backupVaults/backupPolicies"}'
    headers:
      cache-control:
      - no-cache
      content-length:
      - '1148'
      content-type:
      - application/json; charset=utf-8
      date:
      - Tue, 13 Jun 2023 05:07:08 GMT
      expires:
      - '-1'
      pragma:
      - no-cache
      server:
      - Kestrel
      strict-transport-security:
      - max-age=31536000; includeSubDomains
      transfer-encoding:
      - chunked
      vary:
      - Accept-Encoding
      x-content-type-options:
      - nosniff
      x-ms-ratelimit-remaining-subscription-resource-requests:
      - '199'
    status:
      code: 200
      message: OK
- request:
    body: null
    headers:
      Accept:
      - '*/*'
      Accept-Encoding:
      - gzip, deflate
      CommandName:
      - dataprotection backup-policy delete
      Connection:
      - keep-alive
      Content-Length:
      - '0'
      ParameterSetName:
      - -n -g --vault-name -y
      User-Agent:
      - AZURECLI/2.49.0 (AAZ) azsdk-python-core/1.26.0 Python/3.10.11 (Windows-10-10.0.22621-SP0)
    method: DELETE
    uri: https://management.azure.com/subscriptions/00000000-0000-0000-0000-000000000000/resourceGroups/clitestdataprotection_backuppolicy_000001/providers/Microsoft.DataProtection/backupVaults/cli-test-backup-vault/backupPolicies/ossPolicy?api-version=2023-01-01
  response:
    body:
      string: ''
    headers:
      cache-control:
      - no-cache
      content-length:
      - '0'
      date:
      - Tue, 13 Jun 2023 05:07:09 GMT
      expires:
      - '-1'
      pragma:
      - no-cache
      server:
      - Kestrel
      strict-transport-security:
      - max-age=31536000; includeSubDomains
      x-content-type-options:
      - nosniff
      x-ms-ratelimit-remaining-subscription-resource-requests:
      - '49'
    status:
      code: 200
      message: OK
- request:
    body: '{"properties": {"datasourceTypes": ["Microsoft.ContainerService/managedClusters"],
      "name": "AKSPolicy1", "objectType": "BackupPolicy", "policyRules": [{"backupParameters":
      {"backupType": "Incremental", "objectType": "AzureBackupParams"}, "dataStore":
      {"dataStoreType": "OperationalStore", "objectType": "DataStoreInfoBase"}, "name":
      "BackupHourly", "objectType": "AzureBackupRule", "trigger": {"objectType": "ScheduleBasedTriggerContext",
      "schedule": {"repeatingTimeIntervals": ["R/2023-01-04T09:00:00+00:00/PT4H"]},
      "taggingCriteria": [{"isDefault": true, "tagInfo": {"id": "Default_", "tagName":
      "Default"}, "taggingPriority": 99}]}}, {"isDefault": true, "lifecycles": [{"deleteAfter":
      {"duration": "P7D", "objectType": "AbsoluteDeleteOption"}, "sourceDataStore":
      {"dataStoreType": "OperationalStore", "objectType": "DataStoreInfoBase"}}],
      "name": "Default", "objectType": "AzureRetentionRule"}]}}'
    headers:
      Accept:
      - application/json
      Accept-Encoding:
      - gzip, deflate
      CommandName:
      - dataprotection backup-policy create
      Connection:
      - keep-alive
      Content-Length:
      - '899'
      Content-Type:
      - application/json
      ParameterSetName:
      - -n --policy -g --vault-name
      User-Agent:
      - AZURECLI/2.49.0 (AAZ) azsdk-python-core/1.26.0 Python/3.10.11 (Windows-10-10.0.22621-SP0)
    method: PUT
    uri: https://management.azure.com/subscriptions/00000000-0000-0000-0000-000000000000/resourceGroups/clitestdataprotection_backuppolicy_000001/providers/Microsoft.DataProtection/backupVaults/cli-test-backup-vault/backupPolicies/aksPolicy?api-version=2023-01-01
  response:
    body:
      string: '{"properties":{"policyRules":[{"backupParameters":{"backupType":"Incremental","objectType":"AzureBackupParams"},"trigger":{"schedule":{"repeatingTimeIntervals":["R/2023-01-04T09:00:00+00:00/PT4H"]},"taggingCriteria":[{"tagInfo":{"tagName":"Default","id":"Default_"},"taggingPriority":99,"isDefault":true}],"objectType":"ScheduleBasedTriggerContext"},"dataStore":{"dataStoreType":"OperationalStore","objectType":"DataStoreInfoBase"},"name":"BackupHourly","objectType":"AzureBackupRule"},{"lifecycles":[{"deleteAfter":{"objectType":"AbsoluteDeleteOption","duration":"P7D"},"sourceDataStore":{"dataStoreType":"OperationalStore","objectType":"DataStoreInfoBase"}}],"isDefault":true,"name":"Default","objectType":"AzureRetentionRule"}],"datasourceTypes":["Microsoft.ContainerService/managedClusters"],"objectType":"BackupPolicy"},"id":"/subscriptions/00000000-0000-0000-0000-000000000000/resourceGroups/clitestdataprotection_backuppolicy_000001/providers/Microsoft.DataProtection/backupVaults/cli-test-backup-vault/backupPolicies/aksPolicy","name":"aksPolicy","type":"Microsoft.DataProtection/backupVaults/backupPolicies"}'
    headers:
      cache-control:
      - no-cache
      content-length:
      - '1117'
      content-type:
      - application/json; charset=utf-8
      date:
      - Tue, 13 Jun 2023 05:07:12 GMT
      expires:
      - '-1'
      pragma:
      - no-cache
      server:
      - Kestrel
      strict-transport-security:
      - max-age=31536000; includeSubDomains
      transfer-encoding:
      - chunked
      vary:
      - Accept-Encoding
      x-content-type-options:
      - nosniff
      x-ms-ratelimit-remaining-subscription-resource-requests:
      - '199'
    status:
      code: 200
      message: OK
- request:
    body: null
    headers:
      Accept:
      - '*/*'
      Accept-Encoding:
      - gzip, deflate
      CommandName:
      - dataprotection backup-policy delete
      Connection:
      - keep-alive
      Content-Length:
      - '0'
      ParameterSetName:
      - -n -g --vault-name -y
      User-Agent:
      - AZURECLI/2.49.0 (AAZ) azsdk-python-core/1.26.0 Python/3.10.11 (Windows-10-10.0.22621-SP0)
    method: DELETE
    uri: https://management.azure.com/subscriptions/00000000-0000-0000-0000-000000000000/resourceGroups/clitestdataprotection_backuppolicy_000001/providers/Microsoft.DataProtection/backupVaults/cli-test-backup-vault/backupPolicies/aksPolicy?api-version=2023-01-01
  response:
    body:
      string: ''
    headers:
      cache-control:
      - no-cache
      content-length:
      - '0'
      date:
      - Tue, 13 Jun 2023 05:07:13 GMT
      expires:
      - '-1'
      pragma:
      - no-cache
      server:
      - Kestrel
      strict-transport-security:
      - max-age=31536000; includeSubDomains
      x-content-type-options:
      - nosniff
      x-ms-ratelimit-remaining-subscription-resource-requests:
      - '49'
    status:
      code: 200
      message: OK
version: 1
