interactions:
- request:
    body: '{"identity": {"type": "SystemAssigned"}, "location": "centraluseuap", "properties":
      {"securitySettings": {"immutabilitySettings": {"state": "Locked"}, "softDeleteSettings":
      {"retentionDurationInDays": 14.0, "state": "On"}}, "storageSettings": [{"datastoreType":
      "VaultStore", "type": "LocallyRedundant"}]}}'
    headers:
      Accept:
      - application/json
      Accept-Encoding:
      - gzip, deflate
      CommandName:
      - dataprotection backup-vault create
      Connection:
      - keep-alive
      Content-Length:
      - '306'
      Content-Type:
      - application/json
      ParameterSetName:
      - -g --vault-name -l --storage-settings --type --immutability-state
      User-Agent:
      - AZURECLI/2.51.0 (PIP) (AAZ) azsdk-python-core/1.26.0 Python/3.10.7 (Windows-10-10.0.22621-SP0)
    method: PUT
    uri: https://management.azure.com/subscriptions/00000000-0000-0000-0000-000000000000/resourceGroups/clitest-dpp-backupvault-000001/providers/Microsoft.DataProtection/backupVaults/cli-test-backup-vault?api-version=2023-05-01
  response:
    body:
      string: '{"location":"centraluseuap","identity":{"type":"SystemAssigned","principalId":"0ef6dbd7-57a1-4283-8dab-8f27ef362a97","tenantId":"72f988bf-86f1-41af-91ab-2d7cd011db47"},"properties":{"provisioningState":"Provisioning","storageSettings":[{"datastoreType":"VaultStore","type":"LocallyRedundant"}],"isVaultProtectedByResourceGuard":false,"securitySettings":{"softDeleteSettings":{"state":"On","retentionDurationInDays":14.0},"immutabilitySettings":{"state":"Locked"}},"secureScore":"Adequate"},"id":"/subscriptions/00000000-0000-0000-0000-000000000000/resourceGroups/clitest-dpp-backupvault-000001/providers/Microsoft.DataProtection/backupVaults/cli-test-backup-vault","name":"cli-test-backup-vault","type":"Microsoft.DataProtection/backupVaults"}'
    headers:
      azure-asyncoperation:
      - https://management.azure.com/subscriptions/00000000-0000-0000-0000-000000000000/resourceGroups/clitest-dpp-backupvault-000001/providers/Microsoft.DataProtection/backupVaults/cli-test-backup-vault/operationStatus/OWZjZWNiMDItNDI3NS00YjY0LTk1YTUtOTMwZmIxZWVkNzI0OzMxMzIyMGI3LTE3N2UtNDhlNS05NGZiLWM0NzQ5NzdhMDAwNw==?api-version=2023-05-01
      cache-control:
      - no-cache
      content-length:
      - '743'
      content-type:
      - application/json
      date:
      - Thu, 17 Aug 2023 05:49:25 GMT
      expires:
      - '-1'
      pragma:
      - no-cache
      server:
      - Microsoft-IIS/10.0
      strict-transport-security:
      - max-age=31536000; includeSubDomains
      x-content-type-options:
      - nosniff
      x-ms-arm-resource-system-data:
      - '{"createdBy":"zubairabid@microsoft.com","createdByType":"User","createdAt":"2023-08-17T05:49:20.4307725Z","lastModifiedBy":"zubairabid@microsoft.com","lastModifiedByType":"User","lastModifiedAt":"2023-08-17T05:49:20.4307725Z"}'
      x-ms-operation-identifier:
      - tenantId=72f988bf-86f1-41af-91ab-2d7cd011db47,objectId=12f8ea5c-1212-449e-b31c-0a574f43076e/centraluseuap/28cd9da8-0c78-46de-93cc-212b35007cc2
      x-ms-ratelimit-remaining-subscription-resource-requests:
      - '98'
      x-powered-by:
      - ASP.NET
    status:
      code: 201
      message: Created
- request:
    body: null
    headers:
      Accept:
      - '*/*'
      Accept-Encoding:
      - gzip, deflate
      CommandName:
      - dataprotection backup-vault create
      Connection:
      - keep-alive
      ParameterSetName:
      - -g --vault-name -l --storage-settings --type --immutability-state
      User-Agent:
      - AZURECLI/2.51.0 (PIP) (AAZ) azsdk-python-core/1.26.0 Python/3.10.7 (Windows-10-10.0.22621-SP0)
    method: GET
    uri: https://management.azure.com/subscriptions/00000000-0000-0000-0000-000000000000/resourceGroups/clitest-dpp-backupvault-000001/providers/Microsoft.DataProtection/backupVaults/cli-test-backup-vault/operationStatus/OWZjZWNiMDItNDI3NS00YjY0LTk1YTUtOTMwZmIxZWVkNzI0OzMxMzIyMGI3LTE3N2UtNDhlNS05NGZiLWM0NzQ5NzdhMDAwNw==?api-version=2023-05-01
  response:
    body:
      string: '{"id":"/subscriptions/00000000-0000-0000-0000-000000000000/resourceGroups/clitest-dpp-backupvault-000001/providers/Microsoft.DataProtection/backupVaults/cli-test-backup-vault/operationStatus/OWZjZWNiMDItNDI3NS00YjY0LTk1YTUtOTMwZmIxZWVkNzI0OzMxMzIyMGI3LTE3N2UtNDhlNS05NGZiLWM0NzQ5NzdhMDAwNw==","name":"OWZjZWNiMDItNDI3NS00YjY0LTk1YTUtOTMwZmIxZWVkNzI0OzMxMzIyMGI3LTE3N2UtNDhlNS05NGZiLWM0NzQ5NzdhMDAwNw==","status":"Inprogress","startTime":"2023-08-17T05:49:21.6766698Z","endTime":"0001-01-01T00:00:00Z"}'
    headers:
      cache-control:
      - no-cache
      content-length:
      - '501'
      content-type:
      - application/json
      date:
      - Thu, 17 Aug 2023 05:49:25 GMT
      expires:
      - '-1'
      pragma:
      - no-cache
      server:
      - Microsoft-IIS/10.0
      strict-transport-security:
      - max-age=31536000; includeSubDomains
      transfer-encoding:
      - chunked
      vary:
      - Accept-Encoding
      x-content-type-options:
      - nosniff
      x-ms-ratelimit-remaining-subscription-resource-requests:
      - '989'
      x-powered-by:
      - ASP.NET
    status:
      code: 200
      message: OK
- request:
    body: null
    headers:
      Accept:
      - '*/*'
      Accept-Encoding:
      - gzip, deflate
      CommandName:
      - dataprotection backup-vault create
      Connection:
      - keep-alive
      ParameterSetName:
      - -g --vault-name -l --storage-settings --type --immutability-state
      User-Agent:
      - AZURECLI/2.51.0 (PIP) (AAZ) azsdk-python-core/1.26.0 Python/3.10.7 (Windows-10-10.0.22621-SP0)
    method: GET
    uri: https://management.azure.com/subscriptions/00000000-0000-0000-0000-000000000000/resourceGroups/clitest-dpp-backupvault-000001/providers/Microsoft.DataProtection/backupVaults/cli-test-backup-vault/operationStatus/OWZjZWNiMDItNDI3NS00YjY0LTk1YTUtOTMwZmIxZWVkNzI0OzMxMzIyMGI3LTE3N2UtNDhlNS05NGZiLWM0NzQ5NzdhMDAwNw==?api-version=2023-05-01
  response:
    body:
      string: '{"id":"/subscriptions/00000000-0000-0000-0000-000000000000/resourceGroups/clitest-dpp-backupvault-000001/providers/Microsoft.DataProtection/backupVaults/cli-test-backup-vault/operationStatus/OWZjZWNiMDItNDI3NS00YjY0LTk1YTUtOTMwZmIxZWVkNzI0OzMxMzIyMGI3LTE3N2UtNDhlNS05NGZiLWM0NzQ5NzdhMDAwNw==","name":"OWZjZWNiMDItNDI3NS00YjY0LTk1YTUtOTMwZmIxZWVkNzI0OzMxMzIyMGI3LTE3N2UtNDhlNS05NGZiLWM0NzQ5NzdhMDAwNw==","status":"Succeeded","startTime":"2023-08-17T05:49:21.6766698Z","endTime":"2023-08-17T05:49:26Z"}'
    headers:
      cache-control:
      - no-cache
      content-length:
      - '500'
      content-type:
      - application/json
      date:
      - Thu, 17 Aug 2023 05:49:56 GMT
      expires:
      - '-1'
      pragma:
      - no-cache
      server:
      - Microsoft-IIS/10.0
      strict-transport-security:
      - max-age=31536000; includeSubDomains
      transfer-encoding:
      - chunked
      vary:
      - Accept-Encoding
      x-content-type-options:
      - nosniff
      x-ms-ratelimit-remaining-subscription-resource-requests:
      - '988'
      x-powered-by:
      - ASP.NET
    status:
      code: 200
      message: OK
- request:
    body: null
    headers:
      Accept:
      - '*/*'
      Accept-Encoding:
      - gzip, deflate
      CommandName:
      - dataprotection backup-vault create
      Connection:
      - keep-alive
      ParameterSetName:
      - -g --vault-name -l --storage-settings --type --immutability-state
      User-Agent:
      - AZURECLI/2.51.0 (PIP) (AAZ) azsdk-python-core/1.26.0 Python/3.10.7 (Windows-10-10.0.22621-SP0)
    method: GET
    uri: https://management.azure.com/subscriptions/00000000-0000-0000-0000-000000000000/resourceGroups/clitest-dpp-backupvault-000001/providers/Microsoft.DataProtection/backupVaults/cli-test-backup-vault?api-version=2023-05-01
  response:
    body:
      string: '{"location":"centraluseuap","identity":{"type":"SystemAssigned","principalId":"0ef6dbd7-57a1-4283-8dab-8f27ef362a97","tenantId":"72f988bf-86f1-41af-91ab-2d7cd011db47"},"properties":{"provisioningState":"Succeeded","storageSettings":[{"datastoreType":"VaultStore","type":"LocallyRedundant"}],"isVaultProtectedByResourceGuard":false,"securitySettings":{"softDeleteSettings":{"state":"On","retentionDurationInDays":14.0},"immutabilitySettings":{"state":"Locked"}},"secureScore":"Adequate"},"id":"/subscriptions/00000000-0000-0000-0000-000000000000/resourceGroups/clitest-dpp-backupvault-000001/providers/Microsoft.DataProtection/backupVaults/cli-test-backup-vault","name":"cli-test-backup-vault","type":"Microsoft.DataProtection/backupVaults"}'
    headers:
      cache-control:
      - no-cache
      content-length:
      - '740'
      content-type:
      - application/json
      date:
      - Thu, 17 Aug 2023 05:49:56 GMT
      expires:
      - '-1'
      pragma:
      - no-cache
      server:
      - Microsoft-IIS/10.0
      strict-transport-security:
      - max-age=31536000; includeSubDomains
      transfer-encoding:
      - chunked
      vary:
      - Accept-Encoding
      x-content-type-options:
      - nosniff
      x-ms-ratelimit-remaining-subscription-resource-requests:
      - '497'
      x-powered-by:
      - ASP.NET
    status:
      code: 200
      message: OK
- request:
    body: null
    headers:
      Accept:
      - application/json
      Accept-Encoding:
      - gzip, deflate
      CommandName:
      - dataprotection backup-vault list
      Connection:
      - keep-alive
      ParameterSetName:
      - -g
      User-Agent:
      - AZURECLI/2.51.0 (PIP) (AAZ) azsdk-python-core/1.26.0 Python/3.10.7 (Windows-10-10.0.22621-SP0)
    method: GET
    uri: https://management.azure.com/subscriptions/00000000-0000-0000-0000-000000000000/resourceGroups/clitest-dpp-backupvault-000001/providers/Microsoft.DataProtection/backupVaults?api-version=2023-05-01
  response:
    body:
      string: '{"value":[{"location":"centraluseuap","identity":{"type":"SystemAssigned","principalId":"0ef6dbd7-57a1-4283-8dab-8f27ef362a97","tenantId":"72f988bf-86f1-41af-91ab-2d7cd011db47"},"properties":{"provisioningState":"Succeeded","storageSettings":[{"datastoreType":"VaultStore","type":"LocallyRedundant"}],"isVaultProtectedByResourceGuard":false,"securitySettings":{"softDeleteSettings":{"state":"On","retentionDurationInDays":14.0},"immutabilitySettings":{"state":"Locked"}},"secureScore":"Adequate"},"id":"/subscriptions/00000000-0000-0000-0000-000000000000/resourceGroups/clitest-dpp-backupvault-000001/providers/Microsoft.DataProtection/backupVaults/cli-test-backup-vault","name":"cli-test-backup-vault","type":"Microsoft.DataProtection/backupVaults"}]}'
    headers:
      cache-control:
      - no-cache
      content-length:
      - '752'
      content-type:
      - application/json
      date:
      - Thu, 17 Aug 2023 05:49:58 GMT
      expires:
      - '-1'
      pragma:
      - no-cache
      server:
      - Microsoft-IIS/10.0
      strict-transport-security:
      - max-age=31536000; includeSubDomains
      transfer-encoding:
      - chunked
      vary:
      - Accept-Encoding
      x-content-type-options:
      - nosniff
      x-ms-ratelimit-remaining-subscription-resource-requests:
      - '498'
      x-powered-by:
      - ASP.NET
    status:
      code: 200
      message: OK
- request:
    body: null
    headers:
      Accept:
      - application/json
      Accept-Encoding:
      - gzip, deflate
      CommandName:
      - dataprotection backup-vault show
      Connection:
      - keep-alive
      ParameterSetName:
      - -g --vault-name
      User-Agent:
      - AZURECLI/2.51.0 (PIP) (AAZ) azsdk-python-core/1.26.0 Python/3.10.7 (Windows-10-10.0.22621-SP0)
    method: GET
    uri: https://management.azure.com/subscriptions/00000000-0000-0000-0000-000000000000/resourceGroups/clitest-dpp-backupvault-000001/providers/Microsoft.DataProtection/backupVaults/cli-test-backup-vault?api-version=2023-05-01
  response:
    body:
      string: '{"location":"centraluseuap","identity":{"type":"SystemAssigned","principalId":"0ef6dbd7-57a1-4283-8dab-8f27ef362a97","tenantId":"72f988bf-86f1-41af-91ab-2d7cd011db47"},"properties":{"provisioningState":"Succeeded","storageSettings":[{"datastoreType":"VaultStore","type":"LocallyRedundant"}],"isVaultProtectedByResourceGuard":false,"securitySettings":{"softDeleteSettings":{"state":"On","retentionDurationInDays":14.0},"immutabilitySettings":{"state":"Locked"}},"secureScore":"Adequate"},"id":"/subscriptions/00000000-0000-0000-0000-000000000000/resourceGroups/clitest-dpp-backupvault-000001/providers/Microsoft.DataProtection/backupVaults/cli-test-backup-vault","name":"cli-test-backup-vault","type":"Microsoft.DataProtection/backupVaults"}'
    headers:
      cache-control:
      - no-cache
      content-length:
      - '740'
      content-type:
      - application/json
      date:
      - Thu, 17 Aug 2023 05:49:58 GMT
      expires:
      - '-1'
      pragma:
      - no-cache
      server:
      - Microsoft-IIS/10.0
      strict-transport-security:
      - max-age=31536000; includeSubDomains
      transfer-encoding:
      - chunked
      vary:
      - Accept-Encoding
      x-content-type-options:
      - nosniff
      x-ms-ratelimit-remaining-subscription-resource-requests:
      - '496'
      x-powered-by:
      - ASP.NET
    status:
      code: 200
      message: OK
- request:
    body: null
    headers:
      Accept:
      - '*/*'
      Accept-Encoding:
      - gzip, deflate
      CommandName:
      - dataprotection backup-vault delete
      Connection:
      - keep-alive
      Content-Length:
      - '0'
      ParameterSetName:
      - -g --vault-name -y
      User-Agent:
      - AZURECLI/2.51.0 (PIP) (AAZ) azsdk-python-core/1.26.0 Python/3.10.7 (Windows-10-10.0.22621-SP0)
    method: DELETE
    uri: https://management.azure.com/subscriptions/00000000-0000-0000-0000-000000000000/resourceGroups/clitest-dpp-backupvault-000001/providers/Microsoft.DataProtection/backupVaults/cli-test-backup-vault?api-version=2023-05-01
  response:
    body:
      string: ''
    headers:
      azure-asyncoperation:
      - https://management.azure.com/subscriptions/00000000-0000-0000-0000-000000000000/resourceGroups/clitest-dpp-backupvault-000001/providers/Microsoft.DataProtection/locations/centraluseuap/operationStatus/OWZjZWNiMDItNDI3NS00YjY0LTk1YTUtOTMwZmIxZWVkNzI0O2I3ODJkMzM5LThlNTctNDIzNS04ZWM2LTNlMmRiN2E5ZjYxZg==?api-version=2023-05-01
      cache-control:
      - no-cache
      content-length:
      - '0'
      date:
      - Thu, 17 Aug 2023 05:50:00 GMT
      expires:
      - '-1'
      location:
      - https://management.azure.com/subscriptions/00000000-0000-0000-0000-000000000000/providers/Microsoft.DataProtection/locations/centraluseuap/operationResults/OWZjZWNiMDItNDI3NS00YjY0LTk1YTUtOTMwZmIxZWVkNzI0O2I3ODJkMzM5LThlNTctNDIzNS04ZWM2LTNlMmRiN2E5ZjYxZg==?api-version=2023-05-01
      pragma:
      - no-cache
      strict-transport-security:
      - max-age=31536000; includeSubDomains
      x-content-type-options:
      - nosniff
      x-ms-ratelimit-remaining-subscription-resource-requests:
      - '99'
      x-powered-by:
      - ASP.NET
    status:
      code: 202
      message: Accepted
- request:
    body: null
    headers:
      Accept:
      - '*/*'
      Accept-Encoding:
      - gzip, deflate
      CommandName:
      - dataprotection backup-vault delete
      Connection:
      - keep-alive
      ParameterSetName:
      - -g --vault-name -y
      User-Agent:
      - AZURECLI/2.51.0 (PIP) (AAZ) azsdk-python-core/1.26.0 Python/3.10.7 (Windows-10-10.0.22621-SP0)
    method: GET
    uri: https://management.azure.com/subscriptions/00000000-0000-0000-0000-000000000000/resourceGroups/clitest-dpp-backupvault-000001/providers/Microsoft.DataProtection/locations/centraluseuap/operationStatus/OWZjZWNiMDItNDI3NS00YjY0LTk1YTUtOTMwZmIxZWVkNzI0O2I3ODJkMzM5LThlNTctNDIzNS04ZWM2LTNlMmRiN2E5ZjYxZg==?api-version=2023-05-01
  response:
    body:
      string: '{"id":"/subscriptions/00000000-0000-0000-0000-000000000000/resourceGroups/clitest-dpp-backupvault-000001/providers/Microsoft.DataProtection/locations/centraluseuap/operationStatus/OWZjZWNiMDItNDI3NS00YjY0LTk1YTUtOTMwZmIxZWVkNzI0O2I3ODJkMzM5LThlNTctNDIzNS04ZWM2LTNlMmRiN2E5ZjYxZg==","name":"OWZjZWNiMDItNDI3NS00YjY0LTk1YTUtOTMwZmIxZWVkNzI0O2I3ODJkMzM5LThlNTctNDIzNS04ZWM2LTNlMmRiN2E5ZjYxZg==","status":"Inprogress","startTime":"2023-08-17T05:50:00.9692199Z","endTime":"0001-01-01T00:00:00Z"}'
    headers:
      cache-control:
      - no-cache
      content-length:
      - '490'
      content-type:
      - application/json
      date:
      - Thu, 17 Aug 2023 05:50:00 GMT
      expires:
      - '-1'
      pragma:
      - no-cache
      server:
      - Microsoft-IIS/10.0
      strict-transport-security:
      - max-age=31536000; includeSubDomains
      transfer-encoding:
      - chunked
      vary:
      - Accept-Encoding
      x-content-type-options:
      - nosniff
      x-ms-ratelimit-remaining-subscription-resource-requests:
      - '14999'
      x-powered-by:
      - ASP.NET
    status:
      code: 200
      message: OK
- request:
    body: null
    headers:
      Accept:
      - '*/*'
      Accept-Encoding:
      - gzip, deflate
      CommandName:
      - dataprotection backup-vault delete
      Connection:
      - keep-alive
      ParameterSetName:
      - -g --vault-name -y
      User-Agent:
      - AZURECLI/2.51.0 (PIP) (AAZ) azsdk-python-core/1.26.0 Python/3.10.7 (Windows-10-10.0.22621-SP0)
    method: GET
    uri: https://management.azure.com/subscriptions/00000000-0000-0000-0000-000000000000/resourceGroups/clitest-dpp-backupvault-000001/providers/Microsoft.DataProtection/locations/centraluseuap/operationStatus/OWZjZWNiMDItNDI3NS00YjY0LTk1YTUtOTMwZmIxZWVkNzI0O2I3ODJkMzM5LThlNTctNDIzNS04ZWM2LTNlMmRiN2E5ZjYxZg==?api-version=2023-05-01
  response:
    body:
      string: '{"id":"/subscriptions/00000000-0000-0000-0000-000000000000/resourceGroups/clitest-dpp-backupvault-000001/providers/Microsoft.DataProtection/locations/centraluseuap/operationStatus/OWZjZWNiMDItNDI3NS00YjY0LTk1YTUtOTMwZmIxZWVkNzI0O2I3ODJkMzM5LThlNTctNDIzNS04ZWM2LTNlMmRiN2E5ZjYxZg==","name":"OWZjZWNiMDItNDI3NS00YjY0LTk1YTUtOTMwZmIxZWVkNzI0O2I3ODJkMzM5LThlNTctNDIzNS04ZWM2LTNlMmRiN2E5ZjYxZg==","status":"Succeeded","startTime":"2023-08-17T05:50:00.9692199Z","endTime":"2023-08-17T05:50:02Z"}'
    headers:
      cache-control:
      - no-cache
      content-length:
      - '489'
      content-type:
      - application/json
      date:
      - Thu, 17 Aug 2023 05:50:30 GMT
      expires:
      - '-1'
      pragma:
      - no-cache
      server:
      - Microsoft-IIS/10.0
      strict-transport-security:
      - max-age=31536000; includeSubDomains
      transfer-encoding:
      - chunked
      vary:
      - Accept-Encoding
      x-content-type-options:
      - nosniff
      x-ms-ratelimit-remaining-subscription-resource-requests:
      - '14998'
      x-powered-by:
      - ASP.NET
    status:
      code: 200
      message: OK
version: 1
