interactions:
- request:
    body: null
    headers:
      Accept:
      - application/json
      Accept-Encoding:
      - gzip, deflate
      CommandName:
      - dataprotection recovery-point list
      Connection:
      - keep-alive
      ParameterSetName:
      - -g --vault-name --backup-instance-name
      User-Agent:
      - AZURECLI/2.49.0 (AAZ) azsdk-python-core/1.26.0 Python/3.10.11 (Windows-10-10.0.22621-SP0)
    method: GET
    uri: https://management.azure.com/subscriptions/00000000-0000-0000-0000-000000000000/resourceGroups/clitest-dpp-rg/providers/Microsoft.DataProtection/backupVaults/clitest-bkp-vault-persistent-bi-donotdelete/backupInstances/clitest-disk-persistent-bi-donotdelete-clitest-disk-persistent-bi-donotdelete-e33c80ba-0bf8-11ee-aaa6-002b670b472e/recoveryPoints?$filter=&api-version=2023-01-01
  response:
    body:
      string: '{"value":[{"properties":{"objectType":"AzureBackupDiscreteRecoveryPoint","recoveryPointId":"656500e51bed4c4db7040efe6f79d959","recoveryPointTime":"2023-06-22T12:02:35.3019836Z","recoveryPointType":"Incremental","friendlyName":"656500e51bed4c4db7040efe6f79d959","recoveryPointDataStoresDetails":[{"id":"38a3787d-2bf9-4bf1-91fd-7322e17163ce","type":"OperationalStore","creationTime":"2023-06-22T12:01:22.3699441Z","expiryTime":"2023-06-29T12:01:22.3699441Z","metaData":null,"visible":true,"state":"COMMITTED","rehydrationExpiryTime":null,"rehydrationStatus":null}],"retentionTagName":"Default","retentionTagVersion":"638224851417049008","policyName":"diskpolicy","policyVersion":null,"expiryTime":"2023-06-29T12:01:22.3699441Z"},"id":"/subscriptions/00000000-0000-0000-0000-000000000000/resourceGroups/clitest-dpp-rg/providers/Microsoft.DataProtection/backupVaults/clitest-bkp-vault-persistent-bi-donotdelete/backupInstances/clitest-disk-persistent-bi-donotdelete-clitest-disk-persistent-bi-donotdelete-e33c80ba-0bf8-11ee-aaa6-002b670b472e/recoveryPoints/656500e51bed4c4db7040efe6f79d959","name":"656500e51bed4c4db7040efe6f79d959","type":"Microsoft.DataProtection/backupVaults/backupInstances/recoveryPoints"},{"properties":{"objectType":"AzureBackupDiscreteRecoveryPoint","recoveryPointId":"83ffc3a54e374e60a5b96bd2f5711e44","recoveryPointTime":"2023-06-21T12:02:41.4592239Z","recoveryPointType":"Incremental","friendlyName":"83ffc3a54e374e60a5b96bd2f5711e44","recoveryPointDataStoresDetails":[{"id":"38a3787d-2bf9-4bf1-91fd-7322e17163ce","type":"OperationalStore","creationTime":"2023-06-21T12:01:24.9254920Z","expiryTime":"2023-06-28T12:01:24.9254920Z","metaData":null,"visible":true,"state":"COMMITTED","rehydrationExpiryTime":null,"rehydrationStatus":null}],"retentionTagName":"Default","retentionTagVersion":"638224851417049008","policyName":"diskpolicy","policyVersion":null,"expiryTime":"2023-06-28T12:01:24.9254920Z"},"id":"/subscriptions/00000000-0000-0000-0000-000000000000/resourceGroups/clitest-dpp-rg/providers/Microsoft.DataProtection/backupVaults/clitest-bkp-vault-persistent-bi-donotdelete/backupInstances/clitest-disk-persistent-bi-donotdelete-clitest-disk-persistent-bi-donotdelete-e33c80ba-0bf8-11ee-aaa6-002b670b472e/recoveryPoints/83ffc3a54e374e60a5b96bd2f5711e44","name":"83ffc3a54e374e60a5b96bd2f5711e44","type":"Microsoft.DataProtection/backupVaults/backupInstances/recoveryPoints"},{"properties":{"objectType":"AzureBackupDiscreteRecoveryPoint","recoveryPointId":"5c8485681a474a139b5d4c22661275de","recoveryPointTime":"2023-06-20T12:03:19.4548760Z","recoveryPointType":"Incremental","friendlyName":"5c8485681a474a139b5d4c22661275de","recoveryPointDataStoresDetails":[{"id":"38a3787d-2bf9-4bf1-91fd-7322e17163ce","type":"OperationalStore","creationTime":"2023-06-20T12:01:07.9439498Z","expiryTime":"2023-06-27T12:01:07.9439498Z","metaData":null,"visible":true,"state":"COMMITTED","rehydrationExpiryTime":null,"rehydrationStatus":null}],"retentionTagName":"Default","retentionTagVersion":"638224851417049008","policyName":"diskpolicy","policyVersion":null,"expiryTime":"2023-06-27T12:01:07.9439498Z"},"id":"/subscriptions/00000000-0000-0000-0000-000000000000/resourceGroups/clitest-dpp-rg/providers/Microsoft.DataProtection/backupVaults/clitest-bkp-vault-persistent-bi-donotdelete/backupInstances/clitest-disk-persistent-bi-donotdelete-clitest-disk-persistent-bi-donotdelete-e33c80ba-0bf8-11ee-aaa6-002b670b472e/recoveryPoints/5c8485681a474a139b5d4c22661275de","name":"5c8485681a474a139b5d4c22661275de","type":"Microsoft.DataProtection/backupVaults/backupInstances/recoveryPoints"},{"properties":{"objectType":"AzureBackupDiscreteRecoveryPoint","recoveryPointId":"358ef8e0a86044fc88c43e1830f1cde4","recoveryPointTime":"2023-06-19T12:02:26.1646735Z","recoveryPointType":"Incremental","friendlyName":"358ef8e0a86044fc88c43e1830f1cde4","recoveryPointDataStoresDetails":[{"id":"38a3787d-2bf9-4bf1-91fd-7322e17163ce","type":"OperationalStore","creationTime":"2023-06-19T12:01:11.9818718Z","expiryTime":"2023-06-26T12:01:11.9818718Z","metaData":null,"visible":true,"state":"COMMITTED","rehydrationExpiryTime":null,"rehydrationStatus":null}],"retentionTagName":"Default","retentionTagVersion":"638224851417049008","policyName":"diskpolicy","policyVersion":null,"expiryTime":"2023-06-26T12:01:11.9818718Z"},"id":"/subscriptions/00000000-0000-0000-0000-000000000000/resourceGroups/clitest-dpp-rg/providers/Microsoft.DataProtection/backupVaults/clitest-bkp-vault-persistent-bi-donotdelete/backupInstances/clitest-disk-persistent-bi-donotdelete-clitest-disk-persistent-bi-donotdelete-e33c80ba-0bf8-11ee-aaa6-002b670b472e/recoveryPoints/358ef8e0a86044fc88c43e1830f1cde4","name":"358ef8e0a86044fc88c43e1830f1cde4","type":"Microsoft.DataProtection/backupVaults/backupInstances/recoveryPoints"},{"properties":{"objectType":"AzureBackupDiscreteRecoveryPoint","recoveryPointId":"6422eb4fe3744720b79ceef0d5ed2897","recoveryPointTime":"2023-06-18T12:02:19.0073478Z","recoveryPointType":"Incremental","friendlyName":"6422eb4fe3744720b79ceef0d5ed2897","recoveryPointDataStoresDetails":[{"id":"38a3787d-2bf9-4bf1-91fd-7322e17163ce","type":"OperationalStore","creationTime":"2023-06-18T12:01:03.2395685Z","expiryTime":"2023-06-25T12:01:03.2395685Z","metaData":null,"visible":true,"state":"COMMITTED","rehydrationExpiryTime":null,"rehydrationStatus":null}],"retentionTagName":"Default","retentionTagVersion":"638224851417049008","policyName":"diskpolicy","policyVersion":null,"expiryTime":"2023-06-25T12:01:03.2395685Z"},"id":"/subscriptions/00000000-0000-0000-0000-000000000000/resourceGroups/clitest-dpp-rg/providers/Microsoft.DataProtection/backupVaults/clitest-bkp-vault-persistent-bi-donotdelete/backupInstances/clitest-disk-persistent-bi-donotdelete-clitest-disk-persistent-bi-donotdelete-e33c80ba-0bf8-11ee-aaa6-002b670b472e/recoveryPoints/6422eb4fe3744720b79ceef0d5ed2897","name":"6422eb4fe3744720b79ceef0d5ed2897","type":"Microsoft.DataProtection/backupVaults/backupInstances/recoveryPoints"},{"properties":{"objectType":"AzureBackupDiscreteRecoveryPoint","recoveryPointId":"ecb2fd7a0ca242bab4728b5a1c47ebf3","recoveryPointTime":"2023-06-17T12:02:37.2920584Z","recoveryPointType":"Incremental","friendlyName":"ecb2fd7a0ca242bab4728b5a1c47ebf3","recoveryPointDataStoresDetails":[{"id":"38a3787d-2bf9-4bf1-91fd-7322e17163ce","type":"OperationalStore","creationTime":"2023-06-17T12:01:23.6198279Z","expiryTime":"2023-06-24T12:01:23.6198279Z","metaData":null,"visible":true,"state":"COMMITTED","rehydrationExpiryTime":null,"rehydrationStatus":null}],"retentionTagName":"Default","retentionTagVersion":"638224851417049008","policyName":"diskpolicy","policyVersion":null,"expiryTime":"2023-06-24T12:01:23.6198279Z"},"id":"/subscriptions/00000000-0000-0000-0000-000000000000/resourceGroups/clitest-dpp-rg/providers/Microsoft.DataProtection/backupVaults/clitest-bkp-vault-persistent-bi-donotdelete/backupInstances/clitest-disk-persistent-bi-donotdelete-clitest-disk-persistent-bi-donotdelete-e33c80ba-0bf8-11ee-aaa6-002b670b472e/recoveryPoints/ecb2fd7a0ca242bab4728b5a1c47ebf3","name":"ecb2fd7a0ca242bab4728b5a1c47ebf3","type":"Microsoft.DataProtection/backupVaults/backupInstances/recoveryPoints"},{"properties":{"objectType":"AzureBackupDiscreteRecoveryPoint","recoveryPointId":"baf1b955f7624d37b0ebc1f6d1e7398e","recoveryPointTime":"2023-06-16T12:02:27.7359009Z","recoveryPointType":"Incremental","friendlyName":"baf1b955f7624d37b0ebc1f6d1e7398e","recoveryPointDataStoresDetails":[{"id":"38a3787d-2bf9-4bf1-91fd-7322e17163ce","type":"OperationalStore","creationTime":"2023-06-16T12:01:07.9233217Z","expiryTime":"2023-06-23T12:01:07.9233217Z","metaData":null,"visible":true,"state":"COMMITTED","rehydrationExpiryTime":null,"rehydrationStatus":null}],"retentionTagName":"Default","retentionTagVersion":"638224851417049008","policyName":"diskpolicy","policyVersion":null,"expiryTime":"2023-06-23T12:01:07.9233217Z"},"id":"/subscriptions/00000000-0000-0000-0000-000000000000/resourceGroups/clitest-dpp-rg/providers/Microsoft.DataProtection/backupVaults/clitest-bkp-vault-persistent-bi-donotdelete/backupInstances/clitest-disk-persistent-bi-donotdelete-clitest-disk-persistent-bi-donotdelete-e33c80ba-0bf8-11ee-aaa6-002b670b472e/recoveryPoints/baf1b955f7624d37b0ebc1f6d1e7398e","name":"baf1b955f7624d37b0ebc1f6d1e7398e","type":"Microsoft.DataProtection/backupVaults/backupInstances/recoveryPoints"}]}'
    headers:
      cache-control:
      - no-cache
      content-length:
      - '8397'
      content-type:
      - application/json
      date:
      - Fri, 23 Jun 2023 06:35:52 GMT
      expires:
      - '-1'
      pragma:
      - no-cache
      server:
      - Microsoft-IIS/10.0
      strict-transport-security:
      - max-age=31536000; includeSubDomains
      transfer-encoding:
      - chunked
      vary:
      - Accept-Encoding
      x-content-type-options:
      - nosniff
      x-ms-ratelimit-remaining-subscription-resource-requests:
      - '99'
      x-powered-by:
      - ASP.NET
    status:
      code: 200
      message: OK
- request:
    body: null
    headers:
      Accept:
      - application/json
      Accept-Encoding:
      - gzip, deflate
      CommandName:
      - dataprotection recovery-point list
      Connection:
      - keep-alive
      ParameterSetName:
      - -g --vault-name --backup-instance-name --start-time --end-time
      User-Agent:
      - AZURECLI/2.49.0 (AAZ) azsdk-python-core/1.26.0 Python/3.10.11 (Windows-10-10.0.22621-SP0)
    method: GET
    uri: https://management.azure.com/subscriptions/00000000-0000-0000-0000-000000000000/resourceGroups/clitest-dpp-rg/providers/Microsoft.DataProtection/backupVaults/clitest-bkp-vault-persistent-bi-donotdelete/backupInstances/clitest-disk-persistent-bi-donotdelete-clitest-disk-persistent-bi-donotdelete-e33c80ba-0bf8-11ee-aaa6-002b670b472e/recoveryPoints?$filter=startDate%20eq%20%272023-06-16T01%3A00%3A00.0000000Z%27%20and%20endDate%20eq%20%272033-06-16T01%3A00%3A00.0000000Z%27&api-version=2023-01-01
  response:
    body:
      string: '{"value":[{"properties":{"objectType":"AzureBackupDiscreteRecoveryPoint","recoveryPointId":"656500e51bed4c4db7040efe6f79d959","recoveryPointTime":"2023-06-22T12:02:35.3019836Z","recoveryPointType":"Incremental","friendlyName":"656500e51bed4c4db7040efe6f79d959","recoveryPointDataStoresDetails":[{"id":"38a3787d-2bf9-4bf1-91fd-7322e17163ce","type":"OperationalStore","creationTime":"2023-06-22T12:01:22.3699441Z","expiryTime":"2023-06-29T12:01:22.3699441Z","metaData":null,"visible":true,"state":"COMMITTED","rehydrationExpiryTime":null,"rehydrationStatus":null}],"retentionTagName":"Default","retentionTagVersion":"638224851417049008","policyName":"diskpolicy","policyVersion":null,"expiryTime":"2023-06-29T12:01:22.3699441Z"},"id":"/subscriptions/00000000-0000-0000-0000-000000000000/resourceGroups/clitest-dpp-rg/providers/Microsoft.DataProtection/backupVaults/clitest-bkp-vault-persistent-bi-donotdelete/backupInstances/clitest-disk-persistent-bi-donotdelete-clitest-disk-persistent-bi-donotdelete-e33c80ba-0bf8-11ee-aaa6-002b670b472e/recoveryPoints/656500e51bed4c4db7040efe6f79d959","name":"656500e51bed4c4db7040efe6f79d959","type":"Microsoft.DataProtection/backupVaults/backupInstances/recoveryPoints"},{"properties":{"objectType":"AzureBackupDiscreteRecoveryPoint","recoveryPointId":"83ffc3a54e374e60a5b96bd2f5711e44","recoveryPointTime":"2023-06-21T12:02:41.4592239Z","recoveryPointType":"Incremental","friendlyName":"83ffc3a54e374e60a5b96bd2f5711e44","recoveryPointDataStoresDetails":[{"id":"38a3787d-2bf9-4bf1-91fd-7322e17163ce","type":"OperationalStore","creationTime":"2023-06-21T12:01:24.9254920Z","expiryTime":"2023-06-28T12:01:24.9254920Z","metaData":null,"visible":true,"state":"COMMITTED","rehydrationExpiryTime":null,"rehydrationStatus":null}],"retentionTagName":"Default","retentionTagVersion":"638224851417049008","policyName":"diskpolicy","policyVersion":null,"expiryTime":"2023-06-28T12:01:24.9254920Z"},"id":"/subscriptions/00000000-0000-0000-0000-000000000000/resourceGroups/clitest-dpp-rg/providers/Microsoft.DataProtection/backupVaults/clitest-bkp-vault-persistent-bi-donotdelete/backupInstances/clitest-disk-persistent-bi-donotdelete-clitest-disk-persistent-bi-donotdelete-e33c80ba-0bf8-11ee-aaa6-002b670b472e/recoveryPoints/83ffc3a54e374e60a5b96bd2f5711e44","name":"83ffc3a54e374e60a5b96bd2f5711e44","type":"Microsoft.DataProtection/backupVaults/backupInstances/recoveryPoints"},{"properties":{"objectType":"AzureBackupDiscreteRecoveryPoint","recoveryPointId":"5c8485681a474a139b5d4c22661275de","recoveryPointTime":"2023-06-20T12:03:19.4548760Z","recoveryPointType":"Incremental","friendlyName":"5c8485681a474a139b5d4c22661275de","recoveryPointDataStoresDetails":[{"id":"38a3787d-2bf9-4bf1-91fd-7322e17163ce","type":"OperationalStore","creationTime":"2023-06-20T12:01:07.9439498Z","expiryTime":"2023-06-27T12:01:07.9439498Z","metaData":null,"visible":true,"state":"COMMITTED","rehydrationExpiryTime":null,"rehydrationStatus":null}],"retentionTagName":"Default","retentionTagVersion":"638224851417049008","policyName":"diskpolicy","policyVersion":null,"expiryTime":"2023-06-27T12:01:07.9439498Z"},"id":"/subscriptions/00000000-0000-0000-0000-000000000000/resourceGroups/clitest-dpp-rg/providers/Microsoft.DataProtection/backupVaults/clitest-bkp-vault-persistent-bi-donotdelete/backupInstances/clitest-disk-persistent-bi-donotdelete-clitest-disk-persistent-bi-donotdelete-e33c80ba-0bf8-11ee-aaa6-002b670b472e/recoveryPoints/5c8485681a474a139b5d4c22661275de","name":"5c8485681a474a139b5d4c22661275de","type":"Microsoft.DataProtection/backupVaults/backupInstances/recoveryPoints"},{"properties":{"objectType":"AzureBackupDiscreteRecoveryPoint","recoveryPointId":"358ef8e0a86044fc88c43e1830f1cde4","recoveryPointTime":"2023-06-19T12:02:26.1646735Z","recoveryPointType":"Incremental","friendlyName":"358ef8e0a86044fc88c43e1830f1cde4","recoveryPointDataStoresDetails":[{"id":"38a3787d-2bf9-4bf1-91fd-7322e17163ce","type":"OperationalStore","creationTime":"2023-06-19T12:01:11.9818718Z","expiryTime":"2023-06-26T12:01:11.9818718Z","metaData":null,"visible":true,"state":"COMMITTED","rehydrationExpiryTime":null,"rehydrationStatus":null}],"retentionTagName":"Default","retentionTagVersion":"638224851417049008","policyName":"diskpolicy","policyVersion":null,"expiryTime":"2023-06-26T12:01:11.9818718Z"},"id":"/subscriptions/00000000-0000-0000-0000-000000000000/resourceGroups/clitest-dpp-rg/providers/Microsoft.DataProtection/backupVaults/clitest-bkp-vault-persistent-bi-donotdelete/backupInstances/clitest-disk-persistent-bi-donotdelete-clitest-disk-persistent-bi-donotdelete-e33c80ba-0bf8-11ee-aaa6-002b670b472e/recoveryPoints/358ef8e0a86044fc88c43e1830f1cde4","name":"358ef8e0a86044fc88c43e1830f1cde4","type":"Microsoft.DataProtection/backupVaults/backupInstances/recoveryPoints"},{"properties":{"objectType":"AzureBackupDiscreteRecoveryPoint","recoveryPointId":"6422eb4fe3744720b79ceef0d5ed2897","recoveryPointTime":"2023-06-18T12:02:19.0073478Z","recoveryPointType":"Incremental","friendlyName":"6422eb4fe3744720b79ceef0d5ed2897","recoveryPointDataStoresDetails":[{"id":"38a3787d-2bf9-4bf1-91fd-7322e17163ce","type":"OperationalStore","creationTime":"2023-06-18T12:01:03.2395685Z","expiryTime":"2023-06-25T12:01:03.2395685Z","metaData":null,"visible":true,"state":"COMMITTED","rehydrationExpiryTime":null,"rehydrationStatus":null}],"retentionTagName":"Default","retentionTagVersion":"638224851417049008","policyName":"diskpolicy","policyVersion":null,"expiryTime":"2023-06-25T12:01:03.2395685Z"},"id":"/subscriptions/00000000-0000-0000-0000-000000000000/resourceGroups/clitest-dpp-rg/providers/Microsoft.DataProtection/backupVaults/clitest-bkp-vault-persistent-bi-donotdelete/backupInstances/clitest-disk-persistent-bi-donotdelete-clitest-disk-persistent-bi-donotdelete-e33c80ba-0bf8-11ee-aaa6-002b670b472e/recoveryPoints/6422eb4fe3744720b79ceef0d5ed2897","name":"6422eb4fe3744720b79ceef0d5ed2897","type":"Microsoft.DataProtection/backupVaults/backupInstances/recoveryPoints"},{"properties":{"objectType":"AzureBackupDiscreteRecoveryPoint","recoveryPointId":"ecb2fd7a0ca242bab4728b5a1c47ebf3","recoveryPointTime":"2023-06-17T12:02:37.2920584Z","recoveryPointType":"Incremental","friendlyName":"ecb2fd7a0ca242bab4728b5a1c47ebf3","recoveryPointDataStoresDetails":[{"id":"38a3787d-2bf9-4bf1-91fd-7322e17163ce","type":"OperationalStore","creationTime":"2023-06-17T12:01:23.6198279Z","expiryTime":"2023-06-24T12:01:23.6198279Z","metaData":null,"visible":true,"state":"COMMITTED","rehydrationExpiryTime":null,"rehydrationStatus":null}],"retentionTagName":"Default","retentionTagVersion":"638224851417049008","policyName":"diskpolicy","policyVersion":null,"expiryTime":"2023-06-24T12:01:23.6198279Z"},"id":"/subscriptions/00000000-0000-0000-0000-000000000000/resourceGroups/clitest-dpp-rg/providers/Microsoft.DataProtection/backupVaults/clitest-bkp-vault-persistent-bi-donotdelete/backupInstances/clitest-disk-persistent-bi-donotdelete-clitest-disk-persistent-bi-donotdelete-e33c80ba-0bf8-11ee-aaa6-002b670b472e/recoveryPoints/ecb2fd7a0ca242bab4728b5a1c47ebf3","name":"ecb2fd7a0ca242bab4728b5a1c47ebf3","type":"Microsoft.DataProtection/backupVaults/backupInstances/recoveryPoints"},{"properties":{"objectType":"AzureBackupDiscreteRecoveryPoint","recoveryPointId":"baf1b955f7624d37b0ebc1f6d1e7398e","recoveryPointTime":"2023-06-16T12:02:27.7359009Z","recoveryPointType":"Incremental","friendlyName":"baf1b955f7624d37b0ebc1f6d1e7398e","recoveryPointDataStoresDetails":[{"id":"38a3787d-2bf9-4bf1-91fd-7322e17163ce","type":"OperationalStore","creationTime":"2023-06-16T12:01:07.9233217Z","expiryTime":"2023-06-23T12:01:07.9233217Z","metaData":null,"visible":true,"state":"COMMITTED","rehydrationExpiryTime":null,"rehydrationStatus":null}],"retentionTagName":"Default","retentionTagVersion":"638224851417049008","policyName":"diskpolicy","policyVersion":null,"expiryTime":"2023-06-23T12:01:07.9233217Z"},"id":"/subscriptions/00000000-0000-0000-0000-000000000000/resourceGroups/clitest-dpp-rg/providers/Microsoft.DataProtection/backupVaults/clitest-bkp-vault-persistent-bi-donotdelete/backupInstances/clitest-disk-persistent-bi-donotdelete-clitest-disk-persistent-bi-donotdelete-e33c80ba-0bf8-11ee-aaa6-002b670b472e/recoveryPoints/baf1b955f7624d37b0ebc1f6d1e7398e","name":"baf1b955f7624d37b0ebc1f6d1e7398e","type":"Microsoft.DataProtection/backupVaults/backupInstances/recoveryPoints"}]}'
    headers:
      cache-control:
      - no-cache
      content-length:
      - '8397'
      content-type:
      - application/json
      date:
      - Fri, 23 Jun 2023 06:35:56 GMT
      expires:
      - '-1'
      pragma:
      - no-cache
      server:
      - Microsoft-IIS/10.0
      strict-transport-security:
      - max-age=31536000; includeSubDomains
      transfer-encoding:
      - chunked
      vary:
      - Accept-Encoding
      x-content-type-options:
      - nosniff
      x-ms-ratelimit-remaining-subscription-resource-requests:
      - '98'
      x-powered-by:
      - ASP.NET
    status:
      code: 200
      message: OK
- request:
    body: null
    headers:
      Accept:
      - application/json
      Accept-Encoding:
      - gzip, deflate
      CommandName:
      - dataprotection recovery-point list
      Connection:
      - keep-alive
      ParameterSetName:
      - -g --vault-name --backup-instance-name --start-time --end-time
      User-Agent:
      - AZURECLI/2.49.0 (AAZ) azsdk-python-core/1.26.0 Python/3.10.11 (Windows-10-10.0.22621-SP0)
    method: GET
    uri: https://management.azure.com/subscriptions/00000000-0000-0000-0000-000000000000/resourceGroups/clitest-dpp-rg/providers/Microsoft.DataProtection/backupVaults/clitest-bkp-vault-persistent-bi-donotdelete/backupInstances/clitest-disk-persistent-bi-donotdelete-clitest-disk-persistent-bi-donotdelete-e33c80ba-0bf8-11ee-aaa6-002b670b472e/recoveryPoints?$filter=startDate%20eq%20%272023-06-16T00%3A00%3A00.0000000Z%27%20and%20endDate%20eq%20%272033-06-16T00%3A00%3A00.0000000Z%27&api-version=2023-01-01
  response:
    body:
      string: '{"value":[{"properties":{"objectType":"AzureBackupDiscreteRecoveryPoint","recoveryPointId":"656500e51bed4c4db7040efe6f79d959","recoveryPointTime":"2023-06-22T12:02:35.3019836Z","recoveryPointType":"Incremental","friendlyName":"656500e51bed4c4db7040efe6f79d959","recoveryPointDataStoresDetails":[{"id":"38a3787d-2bf9-4bf1-91fd-7322e17163ce","type":"OperationalStore","creationTime":"2023-06-22T12:01:22.3699441Z","expiryTime":"2023-06-29T12:01:22.3699441Z","metaData":null,"visible":true,"state":"COMMITTED","rehydrationExpiryTime":null,"rehydrationStatus":null}],"retentionTagName":"Default","retentionTagVersion":"638224851417049008","policyName":"diskpolicy","policyVersion":null,"expiryTime":"2023-06-29T12:01:22.3699441Z"},"id":"/subscriptions/00000000-0000-0000-0000-000000000000/resourceGroups/clitest-dpp-rg/providers/Microsoft.DataProtection/backupVaults/clitest-bkp-vault-persistent-bi-donotdelete/backupInstances/clitest-disk-persistent-bi-donotdelete-clitest-disk-persistent-bi-donotdelete-e33c80ba-0bf8-11ee-aaa6-002b670b472e/recoveryPoints/656500e51bed4c4db7040efe6f79d959","name":"656500e51bed4c4db7040efe6f79d959","type":"Microsoft.DataProtection/backupVaults/backupInstances/recoveryPoints"},{"properties":{"objectType":"AzureBackupDiscreteRecoveryPoint","recoveryPointId":"83ffc3a54e374e60a5b96bd2f5711e44","recoveryPointTime":"2023-06-21T12:02:41.4592239Z","recoveryPointType":"Incremental","friendlyName":"83ffc3a54e374e60a5b96bd2f5711e44","recoveryPointDataStoresDetails":[{"id":"38a3787d-2bf9-4bf1-91fd-7322e17163ce","type":"OperationalStore","creationTime":"2023-06-21T12:01:24.9254920Z","expiryTime":"2023-06-28T12:01:24.9254920Z","metaData":null,"visible":true,"state":"COMMITTED","rehydrationExpiryTime":null,"rehydrationStatus":null}],"retentionTagName":"Default","retentionTagVersion":"638224851417049008","policyName":"diskpolicy","policyVersion":null,"expiryTime":"2023-06-28T12:01:24.9254920Z"},"id":"/subscriptions/00000000-0000-0000-0000-000000000000/resourceGroups/clitest-dpp-rg/providers/Microsoft.DataProtection/backupVaults/clitest-bkp-vault-persistent-bi-donotdelete/backupInstances/clitest-disk-persistent-bi-donotdelete-clitest-disk-persistent-bi-donotdelete-e33c80ba-0bf8-11ee-aaa6-002b670b472e/recoveryPoints/83ffc3a54e374e60a5b96bd2f5711e44","name":"83ffc3a54e374e60a5b96bd2f5711e44","type":"Microsoft.DataProtection/backupVaults/backupInstances/recoveryPoints"},{"properties":{"objectType":"AzureBackupDiscreteRecoveryPoint","recoveryPointId":"5c8485681a474a139b5d4c22661275de","recoveryPointTime":"2023-06-20T12:03:19.4548760Z","recoveryPointType":"Incremental","friendlyName":"5c8485681a474a139b5d4c22661275de","recoveryPointDataStoresDetails":[{"id":"38a3787d-2bf9-4bf1-91fd-7322e17163ce","type":"OperationalStore","creationTime":"2023-06-20T12:01:07.9439498Z","expiryTime":"2023-06-27T12:01:07.9439498Z","metaData":null,"visible":true,"state":"COMMITTED","rehydrationExpiryTime":null,"rehydrationStatus":null}],"retentionTagName":"Default","retentionTagVersion":"638224851417049008","policyName":"diskpolicy","policyVersion":null,"expiryTime":"2023-06-27T12:01:07.9439498Z"},"id":"/subscriptions/00000000-0000-0000-0000-000000000000/resourceGroups/clitest-dpp-rg/providers/Microsoft.DataProtection/backupVaults/clitest-bkp-vault-persistent-bi-donotdelete/backupInstances/clitest-disk-persistent-bi-donotdelete-clitest-disk-persistent-bi-donotdelete-e33c80ba-0bf8-11ee-aaa6-002b670b472e/recoveryPoints/5c8485681a474a139b5d4c22661275de","name":"5c8485681a474a139b5d4c22661275de","type":"Microsoft.DataProtection/backupVaults/backupInstances/recoveryPoints"},{"properties":{"objectType":"AzureBackupDiscreteRecoveryPoint","recoveryPointId":"358ef8e0a86044fc88c43e1830f1cde4","recoveryPointTime":"2023-06-19T12:02:26.1646735Z","recoveryPointType":"Incremental","friendlyName":"358ef8e0a86044fc88c43e1830f1cde4","recoveryPointDataStoresDetails":[{"id":"38a3787d-2bf9-4bf1-91fd-7322e17163ce","type":"OperationalStore","creationTime":"2023-06-19T12:01:11.9818718Z","expiryTime":"2023-06-26T12:01:11.9818718Z","metaData":null,"visible":true,"state":"COMMITTED","rehydrationExpiryTime":null,"rehydrationStatus":null}],"retentionTagName":"Default","retentionTagVersion":"638224851417049008","policyName":"diskpolicy","policyVersion":null,"expiryTime":"2023-06-26T12:01:11.9818718Z"},"id":"/subscriptions/00000000-0000-0000-0000-000000000000/resourceGroups/clitest-dpp-rg/providers/Microsoft.DataProtection/backupVaults/clitest-bkp-vault-persistent-bi-donotdelete/backupInstances/clitest-disk-persistent-bi-donotdelete-clitest-disk-persistent-bi-donotdelete-e33c80ba-0bf8-11ee-aaa6-002b670b472e/recoveryPoints/358ef8e0a86044fc88c43e1830f1cde4","name":"358ef8e0a86044fc88c43e1830f1cde4","type":"Microsoft.DataProtection/backupVaults/backupInstances/recoveryPoints"},{"properties":{"objectType":"AzureBackupDiscreteRecoveryPoint","recoveryPointId":"6422eb4fe3744720b79ceef0d5ed2897","recoveryPointTime":"2023-06-18T12:02:19.0073478Z","recoveryPointType":"Incremental","friendlyName":"6422eb4fe3744720b79ceef0d5ed2897","recoveryPointDataStoresDetails":[{"id":"38a3787d-2bf9-4bf1-91fd-7322e17163ce","type":"OperationalStore","creationTime":"2023-06-18T12:01:03.2395685Z","expiryTime":"2023-06-25T12:01:03.2395685Z","metaData":null,"visible":true,"state":"COMMITTED","rehydrationExpiryTime":null,"rehydrationStatus":null}],"retentionTagName":"Default","retentionTagVersion":"638224851417049008","policyName":"diskpolicy","policyVersion":null,"expiryTime":"2023-06-25T12:01:03.2395685Z"},"id":"/subscriptions/00000000-0000-0000-0000-000000000000/resourceGroups/clitest-dpp-rg/providers/Microsoft.DataProtection/backupVaults/clitest-bkp-vault-persistent-bi-donotdelete/backupInstances/clitest-disk-persistent-bi-donotdelete-clitest-disk-persistent-bi-donotdelete-e33c80ba-0bf8-11ee-aaa6-002b670b472e/recoveryPoints/6422eb4fe3744720b79ceef0d5ed2897","name":"6422eb4fe3744720b79ceef0d5ed2897","type":"Microsoft.DataProtection/backupVaults/backupInstances/recoveryPoints"},{"properties":{"objectType":"AzureBackupDiscreteRecoveryPoint","recoveryPointId":"ecb2fd7a0ca242bab4728b5a1c47ebf3","recoveryPointTime":"2023-06-17T12:02:37.2920584Z","recoveryPointType":"Incremental","friendlyName":"ecb2fd7a0ca242bab4728b5a1c47ebf3","recoveryPointDataStoresDetails":[{"id":"38a3787d-2bf9-4bf1-91fd-7322e17163ce","type":"OperationalStore","creationTime":"2023-06-17T12:01:23.6198279Z","expiryTime":"2023-06-24T12:01:23.6198279Z","metaData":null,"visible":true,"state":"COMMITTED","rehydrationExpiryTime":null,"rehydrationStatus":null}],"retentionTagName":"Default","retentionTagVersion":"638224851417049008","policyName":"diskpolicy","policyVersion":null,"expiryTime":"2023-06-24T12:01:23.6198279Z"},"id":"/subscriptions/00000000-0000-0000-0000-000000000000/resourceGroups/clitest-dpp-rg/providers/Microsoft.DataProtection/backupVaults/clitest-bkp-vault-persistent-bi-donotdelete/backupInstances/clitest-disk-persistent-bi-donotdelete-clitest-disk-persistent-bi-donotdelete-e33c80ba-0bf8-11ee-aaa6-002b670b472e/recoveryPoints/ecb2fd7a0ca242bab4728b5a1c47ebf3","name":"ecb2fd7a0ca242bab4728b5a1c47ebf3","type":"Microsoft.DataProtection/backupVaults/backupInstances/recoveryPoints"},{"properties":{"objectType":"AzureBackupDiscreteRecoveryPoint","recoveryPointId":"baf1b955f7624d37b0ebc1f6d1e7398e","recoveryPointTime":"2023-06-16T12:02:27.7359009Z","recoveryPointType":"Incremental","friendlyName":"baf1b955f7624d37b0ebc1f6d1e7398e","recoveryPointDataStoresDetails":[{"id":"38a3787d-2bf9-4bf1-91fd-7322e17163ce","type":"OperationalStore","creationTime":"2023-06-16T12:01:07.9233217Z","expiryTime":"2023-06-23T12:01:07.9233217Z","metaData":null,"visible":true,"state":"COMMITTED","rehydrationExpiryTime":null,"rehydrationStatus":null}],"retentionTagName":"Default","retentionTagVersion":"638224851417049008","policyName":"diskpolicy","policyVersion":null,"expiryTime":"2023-06-23T12:01:07.9233217Z"},"id":"/subscriptions/00000000-0000-0000-0000-000000000000/resourceGroups/clitest-dpp-rg/providers/Microsoft.DataProtection/backupVaults/clitest-bkp-vault-persistent-bi-donotdelete/backupInstances/clitest-disk-persistent-bi-donotdelete-clitest-disk-persistent-bi-donotdelete-e33c80ba-0bf8-11ee-aaa6-002b670b472e/recoveryPoints/baf1b955f7624d37b0ebc1f6d1e7398e","name":"baf1b955f7624d37b0ebc1f6d1e7398e","type":"Microsoft.DataProtection/backupVaults/backupInstances/recoveryPoints"}]}'
    headers:
      cache-control:
      - no-cache
      content-length:
      - '8397'
      content-type:
      - application/json
      date:
      - Fri, 23 Jun 2023 06:35:57 GMT
      expires:
      - '-1'
      pragma:
      - no-cache
      server:
      - Microsoft-IIS/10.0
      strict-transport-security:
      - max-age=31536000; includeSubDomains
      transfer-encoding:
      - chunked
      vary:
      - Accept-Encoding
      x-content-type-options:
      - nosniff
      x-ms-ratelimit-remaining-subscription-resource-requests:
      - '97'
      x-powered-by:
      - ASP.NET
    status:
      code: 200
      message: OK
- request:
    body: null
    headers:
      Accept:
      - application/json
      Accept-Encoding:
      - gzip, deflate
      CommandName:
      - dataprotection recovery-point list
      Connection:
      - keep-alive
      ParameterSetName:
      - -g --vault-name --backup-instance-name --start-time --end-time
      User-Agent:
      - AZURECLI/2.49.0 (AAZ) azsdk-python-core/1.26.0 Python/3.10.11 (Windows-10-10.0.22621-SP0)
    method: GET
    uri: https://management.azure.com/subscriptions/00000000-0000-0000-0000-000000000000/resourceGroups/clitest-dpp-rg/providers/Microsoft.DataProtection/backupVaults/clitest-bkp-vault-persistent-bi-donotdelete/backupInstances/clitest-disk-persistent-bi-donotdelete-clitest-disk-persistent-bi-donotdelete-e33c80ba-0bf8-11ee-aaa6-002b670b472e/recoveryPoints?$filter=startDate%20eq%20%272023-06-16T01%3A00%3A00.0000000Z%27%20and%20endDate%20eq%20%272033-06-16T01%3A00%3A00.0000000Z%27&api-version=2023-01-01
  response:
    body:
      string: '{"value":[{"properties":{"objectType":"AzureBackupDiscreteRecoveryPoint","recoveryPointId":"656500e51bed4c4db7040efe6f79d959","recoveryPointTime":"2023-06-22T12:02:35.3019836Z","recoveryPointType":"Incremental","friendlyName":"656500e51bed4c4db7040efe6f79d959","recoveryPointDataStoresDetails":[{"id":"38a3787d-2bf9-4bf1-91fd-7322e17163ce","type":"OperationalStore","creationTime":"2023-06-22T12:01:22.3699441Z","expiryTime":"2023-06-29T12:01:22.3699441Z","metaData":null,"visible":true,"state":"COMMITTED","rehydrationExpiryTime":null,"rehydrationStatus":null}],"retentionTagName":"Default","retentionTagVersion":"638224851417049008","policyName":"diskpolicy","policyVersion":null,"expiryTime":"2023-06-29T12:01:22.3699441Z"},"id":"/subscriptions/00000000-0000-0000-0000-000000000000/resourceGroups/clitest-dpp-rg/providers/Microsoft.DataProtection/backupVaults/clitest-bkp-vault-persistent-bi-donotdelete/backupInstances/clitest-disk-persistent-bi-donotdelete-clitest-disk-persistent-bi-donotdelete-e33c80ba-0bf8-11ee-aaa6-002b670b472e/recoveryPoints/656500e51bed4c4db7040efe6f79d959","name":"656500e51bed4c4db7040efe6f79d959","type":"Microsoft.DataProtection/backupVaults/backupInstances/recoveryPoints"},{"properties":{"objectType":"AzureBackupDiscreteRecoveryPoint","recoveryPointId":"83ffc3a54e374e60a5b96bd2f5711e44","recoveryPointTime":"2023-06-21T12:02:41.4592239Z","recoveryPointType":"Incremental","friendlyName":"83ffc3a54e374e60a5b96bd2f5711e44","recoveryPointDataStoresDetails":[{"id":"38a3787d-2bf9-4bf1-91fd-7322e17163ce","type":"OperationalStore","creationTime":"2023-06-21T12:01:24.9254920Z","expiryTime":"2023-06-28T12:01:24.9254920Z","metaData":null,"visible":true,"state":"COMMITTED","rehydrationExpiryTime":null,"rehydrationStatus":null}],"retentionTagName":"Default","retentionTagVersion":"638224851417049008","policyName":"diskpolicy","policyVersion":null,"expiryTime":"2023-06-28T12:01:24.9254920Z"},"id":"/subscriptions/00000000-0000-0000-0000-000000000000/resourceGroups/clitest-dpp-rg/providers/Microsoft.DataProtection/backupVaults/clitest-bkp-vault-persistent-bi-donotdelete/backupInstances/clitest-disk-persistent-bi-donotdelete-clitest-disk-persistent-bi-donotdelete-e33c80ba-0bf8-11ee-aaa6-002b670b472e/recoveryPoints/83ffc3a54e374e60a5b96bd2f5711e44","name":"83ffc3a54e374e60a5b96bd2f5711e44","type":"Microsoft.DataProtection/backupVaults/backupInstances/recoveryPoints"},{"properties":{"objectType":"AzureBackupDiscreteRecoveryPoint","recoveryPointId":"5c8485681a474a139b5d4c22661275de","recoveryPointTime":"2023-06-20T12:03:19.4548760Z","recoveryPointType":"Incremental","friendlyName":"5c8485681a474a139b5d4c22661275de","recoveryPointDataStoresDetails":[{"id":"38a3787d-2bf9-4bf1-91fd-7322e17163ce","type":"OperationalStore","creationTime":"2023-06-20T12:01:07.9439498Z","expiryTime":"2023-06-27T12:01:07.9439498Z","metaData":null,"visible":true,"state":"COMMITTED","rehydrationExpiryTime":null,"rehydrationStatus":null}],"retentionTagName":"Default","retentionTagVersion":"638224851417049008","policyName":"diskpolicy","policyVersion":null,"expiryTime":"2023-06-27T12:01:07.9439498Z"},"id":"/subscriptions/00000000-0000-0000-0000-000000000000/resourceGroups/clitest-dpp-rg/providers/Microsoft.DataProtection/backupVaults/clitest-bkp-vault-persistent-bi-donotdelete/backupInstances/clitest-disk-persistent-bi-donotdelete-clitest-disk-persistent-bi-donotdelete-e33c80ba-0bf8-11ee-aaa6-002b670b472e/recoveryPoints/5c8485681a474a139b5d4c22661275de","name":"5c8485681a474a139b5d4c22661275de","type":"Microsoft.DataProtection/backupVaults/backupInstances/recoveryPoints"},{"properties":{"objectType":"AzureBackupDiscreteRecoveryPoint","recoveryPointId":"358ef8e0a86044fc88c43e1830f1cde4","recoveryPointTime":"2023-06-19T12:02:26.1646735Z","recoveryPointType":"Incremental","friendlyName":"358ef8e0a86044fc88c43e1830f1cde4","recoveryPointDataStoresDetails":[{"id":"38a3787d-2bf9-4bf1-91fd-7322e17163ce","type":"OperationalStore","creationTime":"2023-06-19T12:01:11.9818718Z","expiryTime":"2023-06-26T12:01:11.9818718Z","metaData":null,"visible":true,"state":"COMMITTED","rehydrationExpiryTime":null,"rehydrationStatus":null}],"retentionTagName":"Default","retentionTagVersion":"638224851417049008","policyName":"diskpolicy","policyVersion":null,"expiryTime":"2023-06-26T12:01:11.9818718Z"},"id":"/subscriptions/00000000-0000-0000-0000-000000000000/resourceGroups/clitest-dpp-rg/providers/Microsoft.DataProtection/backupVaults/clitest-bkp-vault-persistent-bi-donotdelete/backupInstances/clitest-disk-persistent-bi-donotdelete-clitest-disk-persistent-bi-donotdelete-e33c80ba-0bf8-11ee-aaa6-002b670b472e/recoveryPoints/358ef8e0a86044fc88c43e1830f1cde4","name":"358ef8e0a86044fc88c43e1830f1cde4","type":"Microsoft.DataProtection/backupVaults/backupInstances/recoveryPoints"},{"properties":{"objectType":"AzureBackupDiscreteRecoveryPoint","recoveryPointId":"6422eb4fe3744720b79ceef0d5ed2897","recoveryPointTime":"2023-06-18T12:02:19.0073478Z","recoveryPointType":"Incremental","friendlyName":"6422eb4fe3744720b79ceef0d5ed2897","recoveryPointDataStoresDetails":[{"id":"38a3787d-2bf9-4bf1-91fd-7322e17163ce","type":"OperationalStore","creationTime":"2023-06-18T12:01:03.2395685Z","expiryTime":"2023-06-25T12:01:03.2395685Z","metaData":null,"visible":true,"state":"COMMITTED","rehydrationExpiryTime":null,"rehydrationStatus":null}],"retentionTagName":"Default","retentionTagVersion":"638224851417049008","policyName":"diskpolicy","policyVersion":null,"expiryTime":"2023-06-25T12:01:03.2395685Z"},"id":"/subscriptions/00000000-0000-0000-0000-000000000000/resourceGroups/clitest-dpp-rg/providers/Microsoft.DataProtection/backupVaults/clitest-bkp-vault-persistent-bi-donotdelete/backupInstances/clitest-disk-persistent-bi-donotdelete-clitest-disk-persistent-bi-donotdelete-e33c80ba-0bf8-11ee-aaa6-002b670b472e/recoveryPoints/6422eb4fe3744720b79ceef0d5ed2897","name":"6422eb4fe3744720b79ceef0d5ed2897","type":"Microsoft.DataProtection/backupVaults/backupInstances/recoveryPoints"},{"properties":{"objectType":"AzureBackupDiscreteRecoveryPoint","recoveryPointId":"ecb2fd7a0ca242bab4728b5a1c47ebf3","recoveryPointTime":"2023-06-17T12:02:37.2920584Z","recoveryPointType":"Incremental","friendlyName":"ecb2fd7a0ca242bab4728b5a1c47ebf3","recoveryPointDataStoresDetails":[{"id":"38a3787d-2bf9-4bf1-91fd-7322e17163ce","type":"OperationalStore","creationTime":"2023-06-17T12:01:23.6198279Z","expiryTime":"2023-06-24T12:01:23.6198279Z","metaData":null,"visible":true,"state":"COMMITTED","rehydrationExpiryTime":null,"rehydrationStatus":null}],"retentionTagName":"Default","retentionTagVersion":"638224851417049008","policyName":"diskpolicy","policyVersion":null,"expiryTime":"2023-06-24T12:01:23.6198279Z"},"id":"/subscriptions/00000000-0000-0000-0000-000000000000/resourceGroups/clitest-dpp-rg/providers/Microsoft.DataProtection/backupVaults/clitest-bkp-vault-persistent-bi-donotdelete/backupInstances/clitest-disk-persistent-bi-donotdelete-clitest-disk-persistent-bi-donotdelete-e33c80ba-0bf8-11ee-aaa6-002b670b472e/recoveryPoints/ecb2fd7a0ca242bab4728b5a1c47ebf3","name":"ecb2fd7a0ca242bab4728b5a1c47ebf3","type":"Microsoft.DataProtection/backupVaults/backupInstances/recoveryPoints"},{"properties":{"objectType":"AzureBackupDiscreteRecoveryPoint","recoveryPointId":"baf1b955f7624d37b0ebc1f6d1e7398e","recoveryPointTime":"2023-06-16T12:02:27.7359009Z","recoveryPointType":"Incremental","friendlyName":"baf1b955f7624d37b0ebc1f6d1e7398e","recoveryPointDataStoresDetails":[{"id":"38a3787d-2bf9-4bf1-91fd-7322e17163ce","type":"OperationalStore","creationTime":"2023-06-16T12:01:07.9233217Z","expiryTime":"2023-06-23T12:01:07.9233217Z","metaData":null,"visible":true,"state":"COMMITTED","rehydrationExpiryTime":null,"rehydrationStatus":null}],"retentionTagName":"Default","retentionTagVersion":"638224851417049008","policyName":"diskpolicy","policyVersion":null,"expiryTime":"2023-06-23T12:01:07.9233217Z"},"id":"/subscriptions/00000000-0000-0000-0000-000000000000/resourceGroups/clitest-dpp-rg/providers/Microsoft.DataProtection/backupVaults/clitest-bkp-vault-persistent-bi-donotdelete/backupInstances/clitest-disk-persistent-bi-donotdelete-clitest-disk-persistent-bi-donotdelete-e33c80ba-0bf8-11ee-aaa6-002b670b472e/recoveryPoints/baf1b955f7624d37b0ebc1f6d1e7398e","name":"baf1b955f7624d37b0ebc1f6d1e7398e","type":"Microsoft.DataProtection/backupVaults/backupInstances/recoveryPoints"}]}'
    headers:
      cache-control:
      - no-cache
      content-length:
      - '8397'
      content-type:
      - application/json
      date:
      - Fri, 23 Jun 2023 06:36:00 GMT
      expires:
      - '-1'
      pragma:
      - no-cache
      server:
      - Microsoft-IIS/10.0
      strict-transport-security:
      - max-age=31536000; includeSubDomains
      transfer-encoding:
      - chunked
      vary:
      - Accept-Encoding
      x-content-type-options:
      - nosniff
      x-ms-ratelimit-remaining-subscription-resource-requests:
      - '99'
      x-powered-by:
      - ASP.NET
    status:
      code: 200
      message: OK
- request:
    body: null
    headers:
      Accept:
      - application/json
      Accept-Encoding:
      - gzip, deflate
      CommandName:
      - dataprotection recovery-point list
      Connection:
      - keep-alive
      ParameterSetName:
      - -g --vault-name --backup-instance-name --start-time --end-time
      User-Agent:
      - AZURECLI/2.49.0 (AAZ) azsdk-python-core/1.26.0 Python/3.10.11 (Windows-10-10.0.22621-SP0)
    method: GET
    uri: https://management.azure.com/subscriptions/00000000-0000-0000-0000-000000000000/resourceGroups/clitest-dpp-rg/providers/Microsoft.DataProtection/backupVaults/clitest-bkp-vault-persistent-bi-donotdelete/backupInstances/clitest-disk-persistent-bi-donotdelete-clitest-disk-persistent-bi-donotdelete-e33c80ba-0bf8-11ee-aaa6-002b670b472e/recoveryPoints?$filter=startDate%20eq%20%272023-06-16T01%3A00%3A00.0000000Z%27%20and%20endDate%20eq%20%272033-06-16T01%3A00%3A00.0000000Z%27&api-version=2023-01-01
  response:
    body:
      string: '{"value":[{"properties":{"objectType":"AzureBackupDiscreteRecoveryPoint","recoveryPointId":"656500e51bed4c4db7040efe6f79d959","recoveryPointTime":"2023-06-22T12:02:35.3019836Z","recoveryPointType":"Incremental","friendlyName":"656500e51bed4c4db7040efe6f79d959","recoveryPointDataStoresDetails":[{"id":"38a3787d-2bf9-4bf1-91fd-7322e17163ce","type":"OperationalStore","creationTime":"2023-06-22T12:01:22.3699441Z","expiryTime":"2023-06-29T12:01:22.3699441Z","metaData":null,"visible":true,"state":"COMMITTED","rehydrationExpiryTime":null,"rehydrationStatus":null}],"retentionTagName":"Default","retentionTagVersion":"638224851417049008","policyName":"diskpolicy","policyVersion":null,"expiryTime":"2023-06-29T12:01:22.3699441Z"},"id":"/subscriptions/00000000-0000-0000-0000-000000000000/resourceGroups/clitest-dpp-rg/providers/Microsoft.DataProtection/backupVaults/clitest-bkp-vault-persistent-bi-donotdelete/backupInstances/clitest-disk-persistent-bi-donotdelete-clitest-disk-persistent-bi-donotdelete-e33c80ba-0bf8-11ee-aaa6-002b670b472e/recoveryPoints/656500e51bed4c4db7040efe6f79d959","name":"656500e51bed4c4db7040efe6f79d959","type":"Microsoft.DataProtection/backupVaults/backupInstances/recoveryPoints"},{"properties":{"objectType":"AzureBackupDiscreteRecoveryPoint","recoveryPointId":"83ffc3a54e374e60a5b96bd2f5711e44","recoveryPointTime":"2023-06-21T12:02:41.4592239Z","recoveryPointType":"Incremental","friendlyName":"83ffc3a54e374e60a5b96bd2f5711e44","recoveryPointDataStoresDetails":[{"id":"38a3787d-2bf9-4bf1-91fd-7322e17163ce","type":"OperationalStore","creationTime":"2023-06-21T12:01:24.9254920Z","expiryTime":"2023-06-28T12:01:24.9254920Z","metaData":null,"visible":true,"state":"COMMITTED","rehydrationExpiryTime":null,"rehydrationStatus":null}],"retentionTagName":"Default","retentionTagVersion":"638224851417049008","policyName":"diskpolicy","policyVersion":null,"expiryTime":"2023-06-28T12:01:24.9254920Z"},"id":"/subscriptions/00000000-0000-0000-0000-000000000000/resourceGroups/clitest-dpp-rg/providers/Microsoft.DataProtection/backupVaults/clitest-bkp-vault-persistent-bi-donotdelete/backupInstances/clitest-disk-persistent-bi-donotdelete-clitest-disk-persistent-bi-donotdelete-e33c80ba-0bf8-11ee-aaa6-002b670b472e/recoveryPoints/83ffc3a54e374e60a5b96bd2f5711e44","name":"83ffc3a54e374e60a5b96bd2f5711e44","type":"Microsoft.DataProtection/backupVaults/backupInstances/recoveryPoints"},{"properties":{"objectType":"AzureBackupDiscreteRecoveryPoint","recoveryPointId":"5c8485681a474a139b5d4c22661275de","recoveryPointTime":"2023-06-20T12:03:19.4548760Z","recoveryPointType":"Incremental","friendlyName":"5c8485681a474a139b5d4c22661275de","recoveryPointDataStoresDetails":[{"id":"38a3787d-2bf9-4bf1-91fd-7322e17163ce","type":"OperationalStore","creationTime":"2023-06-20T12:01:07.9439498Z","expiryTime":"2023-06-27T12:01:07.9439498Z","metaData":null,"visible":true,"state":"COMMITTED","rehydrationExpiryTime":null,"rehydrationStatus":null}],"retentionTagName":"Default","retentionTagVersion":"638224851417049008","policyName":"diskpolicy","policyVersion":null,"expiryTime":"2023-06-27T12:01:07.9439498Z"},"id":"/subscriptions/00000000-0000-0000-0000-000000000000/resourceGroups/clitest-dpp-rg/providers/Microsoft.DataProtection/backupVaults/clitest-bkp-vault-persistent-bi-donotdelete/backupInstances/clitest-disk-persistent-bi-donotdelete-clitest-disk-persistent-bi-donotdelete-e33c80ba-0bf8-11ee-aaa6-002b670b472e/recoveryPoints/5c8485681a474a139b5d4c22661275de","name":"5c8485681a474a139b5d4c22661275de","type":"Microsoft.DataProtection/backupVaults/backupInstances/recoveryPoints"},{"properties":{"objectType":"AzureBackupDiscreteRecoveryPoint","recoveryPointId":"358ef8e0a86044fc88c43e1830f1cde4","recoveryPointTime":"2023-06-19T12:02:26.1646735Z","recoveryPointType":"Incremental","friendlyName":"358ef8e0a86044fc88c43e1830f1cde4","recoveryPointDataStoresDetails":[{"id":"38a3787d-2bf9-4bf1-91fd-7322e17163ce","type":"OperationalStore","creationTime":"2023-06-19T12:01:11.9818718Z","expiryTime":"2023-06-26T12:01:11.9818718Z","metaData":null,"visible":true,"state":"COMMITTED","rehydrationExpiryTime":null,"rehydrationStatus":null}],"retentionTagName":"Default","retentionTagVersion":"638224851417049008","policyName":"diskpolicy","policyVersion":null,"expiryTime":"2023-06-26T12:01:11.9818718Z"},"id":"/subscriptions/00000000-0000-0000-0000-000000000000/resourceGroups/clitest-dpp-rg/providers/Microsoft.DataProtection/backupVaults/clitest-bkp-vault-persistent-bi-donotdelete/backupInstances/clitest-disk-persistent-bi-donotdelete-clitest-disk-persistent-bi-donotdelete-e33c80ba-0bf8-11ee-aaa6-002b670b472e/recoveryPoints/358ef8e0a86044fc88c43e1830f1cde4","name":"358ef8e0a86044fc88c43e1830f1cde4","type":"Microsoft.DataProtection/backupVaults/backupInstances/recoveryPoints"},{"properties":{"objectType":"AzureBackupDiscreteRecoveryPoint","recoveryPointId":"6422eb4fe3744720b79ceef0d5ed2897","recoveryPointTime":"2023-06-18T12:02:19.0073478Z","recoveryPointType":"Incremental","friendlyName":"6422eb4fe3744720b79ceef0d5ed2897","recoveryPointDataStoresDetails":[{"id":"38a3787d-2bf9-4bf1-91fd-7322e17163ce","type":"OperationalStore","creationTime":"2023-06-18T12:01:03.2395685Z","expiryTime":"2023-06-25T12:01:03.2395685Z","metaData":null,"visible":true,"state":"COMMITTED","rehydrationExpiryTime":null,"rehydrationStatus":null}],"retentionTagName":"Default","retentionTagVersion":"638224851417049008","policyName":"diskpolicy","policyVersion":null,"expiryTime":"2023-06-25T12:01:03.2395685Z"},"id":"/subscriptions/00000000-0000-0000-0000-000000000000/resourceGroups/clitest-dpp-rg/providers/Microsoft.DataProtection/backupVaults/clitest-bkp-vault-persistent-bi-donotdelete/backupInstances/clitest-disk-persistent-bi-donotdelete-clitest-disk-persistent-bi-donotdelete-e33c80ba-0bf8-11ee-aaa6-002b670b472e/recoveryPoints/6422eb4fe3744720b79ceef0d5ed2897","name":"6422eb4fe3744720b79ceef0d5ed2897","type":"Microsoft.DataProtection/backupVaults/backupInstances/recoveryPoints"},{"properties":{"objectType":"AzureBackupDiscreteRecoveryPoint","recoveryPointId":"ecb2fd7a0ca242bab4728b5a1c47ebf3","recoveryPointTime":"2023-06-17T12:02:37.2920584Z","recoveryPointType":"Incremental","friendlyName":"ecb2fd7a0ca242bab4728b5a1c47ebf3","recoveryPointDataStoresDetails":[{"id":"38a3787d-2bf9-4bf1-91fd-7322e17163ce","type":"OperationalStore","creationTime":"2023-06-17T12:01:23.6198279Z","expiryTime":"2023-06-24T12:01:23.6198279Z","metaData":null,"visible":true,"state":"COMMITTED","rehydrationExpiryTime":null,"rehydrationStatus":null}],"retentionTagName":"Default","retentionTagVersion":"638224851417049008","policyName":"diskpolicy","policyVersion":null,"expiryTime":"2023-06-24T12:01:23.6198279Z"},"id":"/subscriptions/00000000-0000-0000-0000-000000000000/resourceGroups/clitest-dpp-rg/providers/Microsoft.DataProtection/backupVaults/clitest-bkp-vault-persistent-bi-donotdelete/backupInstances/clitest-disk-persistent-bi-donotdelete-clitest-disk-persistent-bi-donotdelete-e33c80ba-0bf8-11ee-aaa6-002b670b472e/recoveryPoints/ecb2fd7a0ca242bab4728b5a1c47ebf3","name":"ecb2fd7a0ca242bab4728b5a1c47ebf3","type":"Microsoft.DataProtection/backupVaults/backupInstances/recoveryPoints"},{"properties":{"objectType":"AzureBackupDiscreteRecoveryPoint","recoveryPointId":"baf1b955f7624d37b0ebc1f6d1e7398e","recoveryPointTime":"2023-06-16T12:02:27.7359009Z","recoveryPointType":"Incremental","friendlyName":"baf1b955f7624d37b0ebc1f6d1e7398e","recoveryPointDataStoresDetails":[{"id":"38a3787d-2bf9-4bf1-91fd-7322e17163ce","type":"OperationalStore","creationTime":"2023-06-16T12:01:07.9233217Z","expiryTime":"2023-06-23T12:01:07.9233217Z","metaData":null,"visible":true,"state":"COMMITTED","rehydrationExpiryTime":null,"rehydrationStatus":null}],"retentionTagName":"Default","retentionTagVersion":"638224851417049008","policyName":"diskpolicy","policyVersion":null,"expiryTime":"2023-06-23T12:01:07.9233217Z"},"id":"/subscriptions/00000000-0000-0000-0000-000000000000/resourceGroups/clitest-dpp-rg/providers/Microsoft.DataProtection/backupVaults/clitest-bkp-vault-persistent-bi-donotdelete/backupInstances/clitest-disk-persistent-bi-donotdelete-clitest-disk-persistent-bi-donotdelete-e33c80ba-0bf8-11ee-aaa6-002b670b472e/recoveryPoints/baf1b955f7624d37b0ebc1f6d1e7398e","name":"baf1b955f7624d37b0ebc1f6d1e7398e","type":"Microsoft.DataProtection/backupVaults/backupInstances/recoveryPoints"}]}'
    headers:
      cache-control:
      - no-cache
      content-length:
      - '8397'
      content-type:
      - application/json
      date:
      - Fri, 23 Jun 2023 06:36:02 GMT
      expires:
      - '-1'
      pragma:
      - no-cache
      server:
      - Microsoft-IIS/10.0
      strict-transport-security:
      - max-age=31536000; includeSubDomains
      transfer-encoding:
      - chunked
      vary:
      - Accept-Encoding
      x-content-type-options:
      - nosniff
      x-ms-ratelimit-remaining-subscription-resource-requests:
      - '99'
      x-powered-by:
      - ASP.NET
    status:
      code: 200
      message: OK
- request:
    body: null
    headers:
      Accept:
      - application/json
      Accept-Encoding:
      - gzip, deflate
      CommandName:
      - dataprotection recovery-point list
      Connection:
      - keep-alive
      ParameterSetName:
      - -g --vault-name --backup-instance-name --start-time --end-time
      User-Agent:
      - AZURECLI/2.49.0 (AAZ) azsdk-python-core/1.26.0 Python/3.10.11 (Windows-10-10.0.22621-SP0)
    method: GET
    uri: https://management.azure.com/subscriptions/00000000-0000-0000-0000-000000000000/resourceGroups/clitest-dpp-rg/providers/Microsoft.DataProtection/backupVaults/clitest-bkp-vault-persistent-bi-donotdelete/backupInstances/clitest-disk-persistent-bi-donotdelete-clitest-disk-persistent-bi-donotdelete-e33c80ba-0bf8-11ee-aaa6-002b670b472e/recoveryPoints?$filter=startDate%20eq%20%272023-06-16T01%3A00%3A00.0000000Z%27%20and%20endDate%20eq%20%272033-06-16T01%3A00%3A00.0000000Z%27&api-version=2023-01-01
  response:
    body:
      string: '{"value":[{"properties":{"objectType":"AzureBackupDiscreteRecoveryPoint","recoveryPointId":"656500e51bed4c4db7040efe6f79d959","recoveryPointTime":"2023-06-22T12:02:35.3019836Z","recoveryPointType":"Incremental","friendlyName":"656500e51bed4c4db7040efe6f79d959","recoveryPointDataStoresDetails":[{"id":"38a3787d-2bf9-4bf1-91fd-7322e17163ce","type":"OperationalStore","creationTime":"2023-06-22T12:01:22.3699441Z","expiryTime":"2023-06-29T12:01:22.3699441Z","metaData":null,"visible":true,"state":"COMMITTED","rehydrationExpiryTime":null,"rehydrationStatus":null}],"retentionTagName":"Default","retentionTagVersion":"638224851417049008","policyName":"diskpolicy","policyVersion":null,"expiryTime":"2023-06-29T12:01:22.3699441Z"},"id":"/subscriptions/00000000-0000-0000-0000-000000000000/resourceGroups/clitest-dpp-rg/providers/Microsoft.DataProtection/backupVaults/clitest-bkp-vault-persistent-bi-donotdelete/backupInstances/clitest-disk-persistent-bi-donotdelete-clitest-disk-persistent-bi-donotdelete-e33c80ba-0bf8-11ee-aaa6-002b670b472e/recoveryPoints/656500e51bed4c4db7040efe6f79d959","name":"656500e51bed4c4db7040efe6f79d959","type":"Microsoft.DataProtection/backupVaults/backupInstances/recoveryPoints"},{"properties":{"objectType":"AzureBackupDiscreteRecoveryPoint","recoveryPointId":"83ffc3a54e374e60a5b96bd2f5711e44","recoveryPointTime":"2023-06-21T12:02:41.4592239Z","recoveryPointType":"Incremental","friendlyName":"83ffc3a54e374e60a5b96bd2f5711e44","recoveryPointDataStoresDetails":[{"id":"38a3787d-2bf9-4bf1-91fd-7322e17163ce","type":"OperationalStore","creationTime":"2023-06-21T12:01:24.9254920Z","expiryTime":"2023-06-28T12:01:24.9254920Z","metaData":null,"visible":true,"state":"COMMITTED","rehydrationExpiryTime":null,"rehydrationStatus":null}],"retentionTagName":"Default","retentionTagVersion":"638224851417049008","policyName":"diskpolicy","policyVersion":null,"expiryTime":"2023-06-28T12:01:24.9254920Z"},"id":"/subscriptions/00000000-0000-0000-0000-000000000000/resourceGroups/clitest-dpp-rg/providers/Microsoft.DataProtection/backupVaults/clitest-bkp-vault-persistent-bi-donotdelete/backupInstances/clitest-disk-persistent-bi-donotdelete-clitest-disk-persistent-bi-donotdelete-e33c80ba-0bf8-11ee-aaa6-002b670b472e/recoveryPoints/83ffc3a54e374e60a5b96bd2f5711e44","name":"83ffc3a54e374e60a5b96bd2f5711e44","type":"Microsoft.DataProtection/backupVaults/backupInstances/recoveryPoints"},{"properties":{"objectType":"AzureBackupDiscreteRecoveryPoint","recoveryPointId":"5c8485681a474a139b5d4c22661275de","recoveryPointTime":"2023-06-20T12:03:19.4548760Z","recoveryPointType":"Incremental","friendlyName":"5c8485681a474a139b5d4c22661275de","recoveryPointDataStoresDetails":[{"id":"38a3787d-2bf9-4bf1-91fd-7322e17163ce","type":"OperationalStore","creationTime":"2023-06-20T12:01:07.9439498Z","expiryTime":"2023-06-27T12:01:07.9439498Z","metaData":null,"visible":true,"state":"COMMITTED","rehydrationExpiryTime":null,"rehydrationStatus":null}],"retentionTagName":"Default","retentionTagVersion":"638224851417049008","policyName":"diskpolicy","policyVersion":null,"expiryTime":"2023-06-27T12:01:07.9439498Z"},"id":"/subscriptions/00000000-0000-0000-0000-000000000000/resourceGroups/clitest-dpp-rg/providers/Microsoft.DataProtection/backupVaults/clitest-bkp-vault-persistent-bi-donotdelete/backupInstances/clitest-disk-persistent-bi-donotdelete-clitest-disk-persistent-bi-donotdelete-e33c80ba-0bf8-11ee-aaa6-002b670b472e/recoveryPoints/5c8485681a474a139b5d4c22661275de","name":"5c8485681a474a139b5d4c22661275de","type":"Microsoft.DataProtection/backupVaults/backupInstances/recoveryPoints"},{"properties":{"objectType":"AzureBackupDiscreteRecoveryPoint","recoveryPointId":"358ef8e0a86044fc88c43e1830f1cde4","recoveryPointTime":"2023-06-19T12:02:26.1646735Z","recoveryPointType":"Incremental","friendlyName":"358ef8e0a86044fc88c43e1830f1cde4","recoveryPointDataStoresDetails":[{"id":"38a3787d-2bf9-4bf1-91fd-7322e17163ce","type":"OperationalStore","creationTime":"2023-06-19T12:01:11.9818718Z","expiryTime":"2023-06-26T12:01:11.9818718Z","metaData":null,"visible":true,"state":"COMMITTED","rehydrationExpiryTime":null,"rehydrationStatus":null}],"retentionTagName":"Default","retentionTagVersion":"638224851417049008","policyName":"diskpolicy","policyVersion":null,"expiryTime":"2023-06-26T12:01:11.9818718Z"},"id":"/subscriptions/00000000-0000-0000-0000-000000000000/resourceGroups/clitest-dpp-rg/providers/Microsoft.DataProtection/backupVaults/clitest-bkp-vault-persistent-bi-donotdelete/backupInstances/clitest-disk-persistent-bi-donotdelete-clitest-disk-persistent-bi-donotdelete-e33c80ba-0bf8-11ee-aaa6-002b670b472e/recoveryPoints/358ef8e0a86044fc88c43e1830f1cde4","name":"358ef8e0a86044fc88c43e1830f1cde4","type":"Microsoft.DataProtection/backupVaults/backupInstances/recoveryPoints"},{"properties":{"objectType":"AzureBackupDiscreteRecoveryPoint","recoveryPointId":"6422eb4fe3744720b79ceef0d5ed2897","recoveryPointTime":"2023-06-18T12:02:19.0073478Z","recoveryPointType":"Incremental","friendlyName":"6422eb4fe3744720b79ceef0d5ed2897","recoveryPointDataStoresDetails":[{"id":"38a3787d-2bf9-4bf1-91fd-7322e17163ce","type":"OperationalStore","creationTime":"2023-06-18T12:01:03.2395685Z","expiryTime":"2023-06-25T12:01:03.2395685Z","metaData":null,"visible":true,"state":"COMMITTED","rehydrationExpiryTime":null,"rehydrationStatus":null}],"retentionTagName":"Default","retentionTagVersion":"638224851417049008","policyName":"diskpolicy","policyVersion":null,"expiryTime":"2023-06-25T12:01:03.2395685Z"},"id":"/subscriptions/00000000-0000-0000-0000-000000000000/resourceGroups/clitest-dpp-rg/providers/Microsoft.DataProtection/backupVaults/clitest-bkp-vault-persistent-bi-donotdelete/backupInstances/clitest-disk-persistent-bi-donotdelete-clitest-disk-persistent-bi-donotdelete-e33c80ba-0bf8-11ee-aaa6-002b670b472e/recoveryPoints/6422eb4fe3744720b79ceef0d5ed2897","name":"6422eb4fe3744720b79ceef0d5ed2897","type":"Microsoft.DataProtection/backupVaults/backupInstances/recoveryPoints"},{"properties":{"objectType":"AzureBackupDiscreteRecoveryPoint","recoveryPointId":"ecb2fd7a0ca242bab4728b5a1c47ebf3","recoveryPointTime":"2023-06-17T12:02:37.2920584Z","recoveryPointType":"Incremental","friendlyName":"ecb2fd7a0ca242bab4728b5a1c47ebf3","recoveryPointDataStoresDetails":[{"id":"38a3787d-2bf9-4bf1-91fd-7322e17163ce","type":"OperationalStore","creationTime":"2023-06-17T12:01:23.6198279Z","expiryTime":"2023-06-24T12:01:23.6198279Z","metaData":null,"visible":true,"state":"COMMITTED","rehydrationExpiryTime":null,"rehydrationStatus":null}],"retentionTagName":"Default","retentionTagVersion":"638224851417049008","policyName":"diskpolicy","policyVersion":null,"expiryTime":"2023-06-24T12:01:23.6198279Z"},"id":"/subscriptions/00000000-0000-0000-0000-000000000000/resourceGroups/clitest-dpp-rg/providers/Microsoft.DataProtection/backupVaults/clitest-bkp-vault-persistent-bi-donotdelete/backupInstances/clitest-disk-persistent-bi-donotdelete-clitest-disk-persistent-bi-donotdelete-e33c80ba-0bf8-11ee-aaa6-002b670b472e/recoveryPoints/ecb2fd7a0ca242bab4728b5a1c47ebf3","name":"ecb2fd7a0ca242bab4728b5a1c47ebf3","type":"Microsoft.DataProtection/backupVaults/backupInstances/recoveryPoints"},{"properties":{"objectType":"AzureBackupDiscreteRecoveryPoint","recoveryPointId":"baf1b955f7624d37b0ebc1f6d1e7398e","recoveryPointTime":"2023-06-16T12:02:27.7359009Z","recoveryPointType":"Incremental","friendlyName":"baf1b955f7624d37b0ebc1f6d1e7398e","recoveryPointDataStoresDetails":[{"id":"38a3787d-2bf9-4bf1-91fd-7322e17163ce","type":"OperationalStore","creationTime":"2023-06-16T12:01:07.9233217Z","expiryTime":"2023-06-23T12:01:07.9233217Z","metaData":null,"visible":true,"state":"COMMITTED","rehydrationExpiryTime":null,"rehydrationStatus":null}],"retentionTagName":"Default","retentionTagVersion":"638224851417049008","policyName":"diskpolicy","policyVersion":null,"expiryTime":"2023-06-23T12:01:07.9233217Z"},"id":"/subscriptions/00000000-0000-0000-0000-000000000000/resourceGroups/clitest-dpp-rg/providers/Microsoft.DataProtection/backupVaults/clitest-bkp-vault-persistent-bi-donotdelete/backupInstances/clitest-disk-persistent-bi-donotdelete-clitest-disk-persistent-bi-donotdelete-e33c80ba-0bf8-11ee-aaa6-002b670b472e/recoveryPoints/baf1b955f7624d37b0ebc1f6d1e7398e","name":"baf1b955f7624d37b0ebc1f6d1e7398e","type":"Microsoft.DataProtection/backupVaults/backupInstances/recoveryPoints"}]}'
    headers:
      cache-control:
      - no-cache
      content-length:
      - '8397'
      content-type:
      - application/json
      date:
      - Fri, 23 Jun 2023 06:36:03 GMT
      expires:
      - '-1'
      pragma:
      - no-cache
      server:
      - Microsoft-IIS/10.0
      strict-transport-security:
      - max-age=31536000; includeSubDomains
      transfer-encoding:
      - chunked
      vary:
      - Accept-Encoding
      x-content-type-options:
      - nosniff
      x-ms-ratelimit-remaining-subscription-resource-requests:
      - '98'
      x-powered-by:
      - ASP.NET
    status:
      code: 200
      message: OK
- request:
    body: null
    headers:
      Accept:
      - application/json
      Accept-Encoding:
      - gzip, deflate
      CommandName:
      - dataprotection recovery-point list
      Connection:
      - keep-alive
      ParameterSetName:
      - -g --vault-name --backup-instance-name --end-time --start-time
      User-Agent:
      - AZURECLI/2.49.0 (AAZ) azsdk-python-core/1.26.0 Python/3.10.11 (Windows-10-10.0.22621-SP0)
    method: GET
    uri: https://management.azure.com/subscriptions/00000000-0000-0000-0000-000000000000/resourceGroups/clitest-dpp-rg/providers/Microsoft.DataProtection/backupVaults/clitest-bkp-vault-persistent-bi-donotdelete/backupInstances/clitest-disk-persistent-bi-donotdelete-clitest-disk-persistent-bi-donotdelete-e33c80ba-0bf8-11ee-aaa6-002b670b472e/recoveryPoints?$filter=startDate%20eq%20%272033-06-16T01%3A00%3A00.0000000Z%27%20and%20endDate%20eq%20%272023-06-16T01%3A00%3A00.0000000Z%27&api-version=2023-01-01
  response:
    body:
      string: '{"value":[]}'
    headers:
      cache-control:
      - no-cache
      content-length:
      - '12'
      content-type:
      - application/json
      date:
      - Fri, 23 Jun 2023 06:36:04 GMT
      expires:
      - '-1'
      pragma:
      - no-cache
      server:
      - Microsoft-IIS/10.0
      strict-transport-security:
      - max-age=31536000; includeSubDomains
      transfer-encoding:
      - chunked
      vary:
      - Accept-Encoding
      x-content-type-options:
      - nosniff
      x-ms-ratelimit-remaining-subscription-resource-requests:
      - '99'
      x-powered-by:
      - ASP.NET
    status:
      code: 200
      message: OK
version: 1
