interactions:
- request:
    body: '{"sourceDataStoreType": "OperationalStore"}'
    headers:
      Accept:
      - application/json
      Accept-Encoding:
      - gzip, deflate
      CommandName:
      - dataprotection restorable-time-range find
      Connection:
      - keep-alive
      Content-Length:
      - '43'
      Content-Type:
      - application/json
      ParameterSetName:
      - --source-data-store-type -g --vault-name --backup-instance-name
      User-Agent:
      - AZURECLI/2.67.0 azsdk-python-core/1.31.0 Python/3.11.9 (Windows-10-10.0.26100-SP0)
    method: POST
    uri: https://management.azure.com/subscriptions/00000000-0000-0000-0000-000000000000/resourceGroups/clitest-dpp-rg/providers/Microsoft.DataProtection/backupVaults/clitest-bkp-vault-persistent-bi-donotdelete/backupInstances/clitestsabidonotdelete-clitestsabidonotdelete-887c3538-0bfc-11ee-acd3-002b670b472e/findRestorableTimeRanges?api-version=2024-04-01
  response:
    body:
      string: '{"properties":{"restorableTimeRanges":[{"startTime":"2025-02-09T08:42:48.2042399Z","endTime":"2025-03-11T08:42:48.3022332Z","objectType":"RestorableTimeRange"}],"objectType":"AzureBackupFindRestorableTimeRangesResponse"},"id":"clitestsabidonotdelete-clitestsabidonotdelete-887c3538-0bfc-11ee-acd3-002b670b472e","type":"Microsoft.DataProtection/backupVaults/backupInstances/findRestorableTimeRanges"}'
    headers:
      cache-control:
      - no-cache
      content-length:
      - '399'
      content-type:
      - application/json; charset=utf-8
      date:
      - Tue, 11 Mar 2025 08:42:48 GMT
      expires:
      - '-1'
      pragma:
      - no-cache
      strict-transport-security:
      - max-age=31536000; includeSubDomains
      x-cache:
      - CONFIG_NOCACHE
      x-content-type-options:
      - nosniff
      x-ms-ratelimit-remaining-subscription-global-writes:
      - '11999'
      x-ms-ratelimit-remaining-subscription-writes:
      - '799'
      x-msedge-ref:
      - 'Ref A: 2403F2C514414A3A887482EF651CB4ED Ref B: MAA201060516051 Ref C: 2025-03-11T08:42:46Z'
    status:
      code: 200
      message: OK
- request:
    body: '{"endTime": "2002-05-14T14:00:00.0000000Z", "sourceDataStoreType": "OperationalStore",
      "startTime": "2001-02-27T12:00:00.0000000Z"}'
    headers:
      Accept:
      - application/json
      Accept-Encoding:
      - gzip, deflate
      CommandName:
      - dataprotection restorable-time-range find
      Connection:
      - keep-alive
      Content-Length:
      - '131'
      Content-Type:
      - application/json
      ParameterSetName:
      - --source-data-store-type -g --vault-name --backup-instance-name --start-time
        --end-time
      User-Agent:
      - AZURECLI/2.67.0 azsdk-python-core/1.31.0 Python/3.11.9 (Windows-10-10.0.26100-SP0)
    method: POST
    uri: https://management.azure.com/subscriptions/00000000-0000-0000-0000-000000000000/resourceGroups/clitest-dpp-rg/providers/Microsoft.DataProtection/backupVaults/clitest-bkp-vault-persistent-bi-donotdelete/backupInstances/clitestsabidonotdelete-clitestsabidonotdelete-887c3538-0bfc-11ee-acd3-002b670b472e/findRestorableTimeRanges?api-version=2024-04-01
  response:
    body:
      string: '{"properties":{"restorableTimeRanges":[{"startTime":"2025-02-09T08:42:50.3605040Z","endTime":"2002-05-14T14:00:00.0000000Z","objectType":"RestorableTimeRange"}],"objectType":"AzureBackupFindRestorableTimeRangesResponse"},"id":"clitestsabidonotdelete-clitestsabidonotdelete-887c3538-0bfc-11ee-acd3-002b670b472e","type":"Microsoft.DataProtection/backupVaults/backupInstances/findRestorableTimeRanges"}'
    headers:
      cache-control:
      - no-cache
      content-length:
      - '399'
      content-type:
      - application/json; charset=utf-8
      date:
      - Tue, 11 Mar 2025 08:42:50 GMT
      expires:
      - '-1'
      pragma:
      - no-cache
      strict-transport-security:
      - max-age=31536000; includeSubDomains
      x-cache:
      - CONFIG_NOCACHE
      x-content-type-options:
      - nosniff
      x-ms-ratelimit-remaining-subscription-global-writes:
      - '11999'
      x-ms-ratelimit-remaining-subscription-writes:
      - '799'
      x-msedge-ref:
      - 'Ref A: 702D8783FD184291983CAF7476690253 Ref B: MAA201060516039 Ref C: 2025-03-11T08:42:48Z'
    status:
      code: 200
      message: OK
- request:
    body: '{"endTime": "2052-05-14T14:00:00.0000000Z", "sourceDataStoreType": "OperationalStore",
      "startTime": "2051-02-27T12:00:00.0000000Z"}'
    headers:
      Accept:
      - application/json
      Accept-Encoding:
      - gzip, deflate
      CommandName:
      - dataprotection restorable-time-range find
      Connection:
      - keep-alive
      Content-Length:
      - '131'
      Content-Type:
      - application/json
      ParameterSetName:
      - --source-data-store-type -g --vault-name --backup-instance-name --start-time
        --end-time
      User-Agent:
      - AZURECLI/2.67.0 azsdk-python-core/1.31.0 Python/3.11.9 (Windows-10-10.0.26100-SP0)
    method: POST
    uri: https://management.azure.com/subscriptions/00000000-0000-0000-0000-000000000000/resourceGroups/clitest-dpp-rg/providers/Microsoft.DataProtection/backupVaults/clitest-bkp-vault-persistent-bi-donotdelete/backupInstances/clitestsabidonotdelete-clitestsabidonotdelete-887c3538-0bfc-11ee-acd3-002b670b472e/findRestorableTimeRanges?api-version=2024-04-01
  response:
    body:
      string: '{"properties":{"restorableTimeRanges":[{"startTime":"2051-02-27T12:00:00.0000000Z","endTime":"2025-03-11T08:42:52.8753715Z","objectType":"RestorableTimeRange"}],"objectType":"AzureBackupFindRestorableTimeRangesResponse"},"id":"clitestsabidonotdelete-clitestsabidonotdelete-887c3538-0bfc-11ee-acd3-002b670b472e","type":"Microsoft.DataProtection/backupVaults/backupInstances/findRestorableTimeRanges"}'
    headers:
      cache-control:
      - no-cache
      content-length:
      - '399'
      content-type:
      - application/json; charset=utf-8
      date:
      - Tue, 11 Mar 2025 08:42:52 GMT
      expires:
      - '-1'
      pragma:
      - no-cache
      strict-transport-security:
      - max-age=31536000; includeSubDomains
      x-cache:
      - CONFIG_NOCACHE
      x-content-type-options:
      - nosniff
      x-ms-ratelimit-remaining-subscription-global-writes:
      - '11999'
      x-ms-ratelimit-remaining-subscription-writes:
      - '799'
      x-msedge-ref:
      - 'Ref A: 39BD43079BB34FE78485F78280C8CB32 Ref B: MAA201060513021 Ref C: 2025-03-11T08:42:51Z'
    status:
      code: 200
      message: OK
- request:
    body: '{"endTime": "2033-06-16T01:00:00.0000000Z", "sourceDataStoreType": "OperationalStore",
      "startTime": "2023-06-16T01:00:00.0000000Z"}'
    headers:
      Accept:
      - application/json
      Accept-Encoding:
      - gzip, deflate
      CommandName:
      - dataprotection restorable-time-range find
      Connection:
      - keep-alive
      Content-Length:
      - '131'
      Content-Type:
      - application/json
      ParameterSetName:
      - --source-data-store-type -g --vault-name --backup-instance-name --start-time
        --end-time
      User-Agent:
      - AZURECLI/2.67.0 azsdk-python-core/1.31.0 Python/3.11.9 (Windows-10-10.0.26100-SP0)
    method: POST
    uri: https://management.azure.com/subscriptions/00000000-0000-0000-0000-000000000000/resourceGroups/clitest-dpp-rg/providers/Microsoft.DataProtection/backupVaults/clitest-bkp-vault-persistent-bi-donotdelete/backupInstances/clitestsabidonotdelete-clitestsabidonotdelete-887c3538-0bfc-11ee-acd3-002b670b472e/findRestorableTimeRanges?api-version=2024-04-01
  response:
    body:
      string: '{"properties":{"restorableTimeRanges":[{"startTime":"2025-02-09T08:42:54.5636328Z","endTime":"2025-03-11T08:42:54.7932939Z","objectType":"RestorableTimeRange"}],"objectType":"AzureBackupFindRestorableTimeRangesResponse"},"id":"clitestsabidonotdelete-clitestsabidonotdelete-887c3538-0bfc-11ee-acd3-002b670b472e","type":"Microsoft.DataProtection/backupVaults/backupInstances/findRestorableTimeRanges"}'
    headers:
      cache-control:
      - no-cache
      content-length:
      - '399'
      content-type:
      - application/json; charset=utf-8
      date:
      - Tue, 11 Mar 2025 08:42:54 GMT
      expires:
      - '-1'
      pragma:
      - no-cache
      strict-transport-security:
      - max-age=31536000; includeSubDomains
      x-cache:
      - CONFIG_NOCACHE
      x-content-type-options:
      - nosniff
      x-ms-ratelimit-remaining-subscription-global-writes:
      - '11998'
      x-ms-ratelimit-remaining-subscription-writes:
      - '798'
      x-msedge-ref:
      - 'Ref A: C9064FD7E65E44E89EC307165BAFC229 Ref B: MAA201060514017 Ref C: 2025-03-11T08:42:53Z'
    status:
      code: 200
      message: OK
- request:
    body: '{"endTime": "2033-06-16T01:00:00.000Z", "sourceDataStoreType": "OperationalStore",
      "startTime": "2023-06-16T01:00:00.000Z"}'
    headers:
      Accept:
      - application/json
      Accept-Encoding:
      - gzip, deflate
      CommandName:
      - dataprotection restorable-time-range find
      Connection:
      - keep-alive
      Content-Length:
      - '123'
      Content-Type:
      - application/json
      ParameterSetName:
      - --source-data-store-type -g --vault-name --backup-instance-name --start-time
        --end-time
      User-Agent:
      - AZURECLI/2.67.0 azsdk-python-core/1.31.0 Python/3.11.9 (Windows-10-10.0.26100-SP0)
    method: POST
    uri: https://management.azure.com/subscriptions/00000000-0000-0000-0000-000000000000/resourceGroups/clitest-dpp-rg/providers/Microsoft.DataProtection/backupVaults/clitest-bkp-vault-persistent-bi-donotdelete/backupInstances/clitestsabidonotdelete-clitestsabidonotdelete-887c3538-0bfc-11ee-acd3-002b670b472e/findRestorableTimeRanges?api-version=2024-04-01
  response:
    body:
      string: '{"properties":{"restorableTimeRanges":[{"startTime":"2025-02-09T08:42:56.4855301Z","endTime":"2025-03-11T08:42:56.6896431Z","objectType":"RestorableTimeRange"}],"objectType":"AzureBackupFindRestorableTimeRangesResponse"},"id":"clitestsabidonotdelete-clitestsabidonotdelete-887c3538-0bfc-11ee-acd3-002b670b472e","type":"Microsoft.DataProtection/backupVaults/backupInstances/findRestorableTimeRanges"}'
    headers:
      cache-control:
      - no-cache
      content-length:
      - '399'
      content-type:
      - application/json; charset=utf-8
      date:
      - Tue, 11 Mar 2025 08:42:56 GMT
      expires:
      - '-1'
      pragma:
      - no-cache
      strict-transport-security:
      - max-age=31536000; includeSubDomains
      x-cache:
      - CONFIG_NOCACHE
      x-content-type-options:
      - nosniff
      x-ms-ratelimit-remaining-subscription-global-writes:
      - '11999'
      x-ms-ratelimit-remaining-subscription-writes:
      - '799'
      x-msedge-ref:
      - 'Ref A: E3EE885554A74E4695CF7EE0522CB434 Ref B: MAA201060515025 Ref C: 2025-03-11T08:42:55Z'
    status:
      code: 200
      message: OK
- request:
    body: '{"endTime": "2033-06-16T01:00:00.00Z", "sourceDataStoreType": "OperationalStore",
      "startTime": "2023-06-16T01:00:00.00Z"}'
    headers:
      Accept:
      - application/json
      Accept-Encoding:
      - gzip, deflate
      CommandName:
      - dataprotection restorable-time-range find
      Connection:
      - keep-alive
      Content-Length:
      - '121'
      Content-Type:
      - application/json
      ParameterSetName:
      - --source-data-store-type -g --vault-name --backup-instance-name --start-time
        --end-time
      User-Agent:
      - AZURECLI/2.67.0 azsdk-python-core/1.31.0 Python/3.11.9 (Windows-10-10.0.26100-SP0)
    method: POST
    uri: https://management.azure.com/subscriptions/00000000-0000-0000-0000-000000000000/resourceGroups/clitest-dpp-rg/providers/Microsoft.DataProtection/backupVaults/clitest-bkp-vault-persistent-bi-donotdelete/backupInstances/clitestsabidonotdelete-clitestsabidonotdelete-887c3538-0bfc-11ee-acd3-002b670b472e/findRestorableTimeRanges?api-version=2024-04-01
  response:
    body:
      string: '{"properties":{"restorableTimeRanges":[{"startTime":"2025-02-09T08:42:58.8137067Z","endTime":"2025-03-11T08:42:58.9387931Z","objectType":"RestorableTimeRange"}],"objectType":"AzureBackupFindRestorableTimeRangesResponse"},"id":"clitestsabidonotdelete-clitestsabidonotdelete-887c3538-0bfc-11ee-acd3-002b670b472e","type":"Microsoft.DataProtection/backupVaults/backupInstances/findRestorableTimeRanges"}'
    headers:
      cache-control:
      - no-cache
      content-length:
      - '399'
      content-type:
      - application/json; charset=utf-8
      date:
      - Tue, 11 Mar 2025 08:42:59 GMT
      expires:
      - '-1'
      pragma:
      - no-cache
      strict-transport-security:
      - max-age=31536000; includeSubDomains
      x-cache:
      - CONFIG_NOCACHE
      x-content-type-options:
      - nosniff
      x-ms-ratelimit-remaining-subscription-global-writes:
      - '11999'
      x-ms-ratelimit-remaining-subscription-writes:
      - '799'
      x-msedge-ref:
      - 'Ref A: 181DE441DEBD4CA996D341BE9C2E9655 Ref B: MAA201060514051 Ref C: 2025-03-11T08:42:57Z'
    status:
      code: 200
      message: OK
- request:
    body: '{"endTime": "2033-06-16T01:00:00", "sourceDataStoreType": "OperationalStore",
      "startTime": "2023-06-16T01:00:00"}'
    headers:
      Accept:
      - application/json
      Accept-Encoding:
      - gzip, deflate
      CommandName:
      - dataprotection restorable-time-range find
      Connection:
      - keep-alive
      Content-Length:
      - '113'
      Content-Type:
      - application/json
      ParameterSetName:
      - --source-data-store-type -g --vault-name --backup-instance-name --start-time
        --end-time
      User-Agent:
      - AZURECLI/2.67.0 azsdk-python-core/1.31.0 Python/3.11.9 (Windows-10-10.0.26100-SP0)
    method: POST
    uri: https://management.azure.com/subscriptions/00000000-0000-0000-0000-000000000000/resourceGroups/clitest-dpp-rg/providers/Microsoft.DataProtection/backupVaults/clitest-bkp-vault-persistent-bi-donotdelete/backupInstances/clitestsabidonotdelete-clitestsabidonotdelete-887c3538-0bfc-11ee-acd3-002b670b472e/findRestorableTimeRanges?api-version=2024-04-01
  response:
    body:
      string: '{"properties":{"restorableTimeRanges":[{"startTime":"2025-02-09T08:43:01.1105915Z","endTime":"2025-03-11T08:43:01.2095358Z","objectType":"RestorableTimeRange"}],"objectType":"AzureBackupFindRestorableTimeRangesResponse"},"id":"clitestsabidonotdelete-clitestsabidonotdelete-887c3538-0bfc-11ee-acd3-002b670b472e","type":"Microsoft.DataProtection/backupVaults/backupInstances/findRestorableTimeRanges"}'
    headers:
      cache-control:
      - no-cache
      content-length:
      - '399'
      content-type:
      - application/json; charset=utf-8
      date:
      - Tue, 11 Mar 2025 08:43:01 GMT
      expires:
      - '-1'
      pragma:
      - no-cache
      strict-transport-security:
      - max-age=31536000; includeSubDomains
      x-cache:
      - CONFIG_NOCACHE
      x-content-type-options:
      - nosniff
      x-ms-ratelimit-remaining-subscription-global-writes:
      - '11999'
      x-ms-ratelimit-remaining-subscription-writes:
      - '799'
      x-msedge-ref:
      - 'Ref A: 8559FAC1FA93477AB48E01FD75AE1BA0 Ref B: MAA201060516037 Ref C: 2025-03-11T08:42:59Z'
    status:
      code: 200
      message: OK
- request:
    body: '{"endTime": "2033-06-16T01:00:00+05:30", "sourceDataStoreType": "OperationalStore",
      "startTime": "2023-06-16T01:00:00+05:30"}'
    headers:
      Accept:
      - application/json
      Accept-Encoding:
      - gzip, deflate
      CommandName:
      - dataprotection restorable-time-range find
      Connection:
      - keep-alive
      Content-Length:
      - '125'
      Content-Type:
      - application/json
      ParameterSetName:
      - --source-data-store-type -g --vault-name --backup-instance-name --start-time
        --end-time
      User-Agent:
      - AZURECLI/2.67.0 azsdk-python-core/1.31.0 Python/3.11.9 (Windows-10-10.0.26100-SP0)
    method: POST
    uri: https://management.azure.com/subscriptions/00000000-0000-0000-0000-000000000000/resourceGroups/clitest-dpp-rg/providers/Microsoft.DataProtection/backupVaults/clitest-bkp-vault-persistent-bi-donotdelete/backupInstances/clitestsabidonotdelete-clitestsabidonotdelete-887c3538-0bfc-11ee-acd3-002b670b472e/findRestorableTimeRanges?api-version=2024-04-01
  response:
    body:
      string: '{"properties":{"restorableTimeRanges":[{"startTime":"2025-02-09T08:43:02.9856320Z","endTime":"2025-03-11T08:43:03.1654068Z","objectType":"RestorableTimeRange"}],"objectType":"AzureBackupFindRestorableTimeRangesResponse"},"id":"clitestsabidonotdelete-clitestsabidonotdelete-887c3538-0bfc-11ee-acd3-002b670b472e","type":"Microsoft.DataProtection/backupVaults/backupInstances/findRestorableTimeRanges"}'
    headers:
      cache-control:
      - no-cache
      content-length:
      - '399'
      content-type:
      - application/json; charset=utf-8
      date:
      - Tue, 11 Mar 2025 08:43:02 GMT
      expires:
      - '-1'
      pragma:
      - no-cache
      strict-transport-security:
      - max-age=31536000; includeSubDomains
      x-cache:
      - CONFIG_NOCACHE
      x-content-type-options:
      - nosniff
      x-ms-ratelimit-remaining-subscription-global-writes:
      - '11999'
      x-ms-ratelimit-remaining-subscription-writes:
      - '799'
      x-msedge-ref:
      - 'Ref A: B11BB886D07F40AF8400095A89561153 Ref B: MAA201060516019 Ref C: 2025-03-11T08:43:02Z'
    status:
      code: 200
      message: OK
- request:
    body: '{"sourceDataStoreType": "OperationalStore", "startTime": "2023-06-16T01:00:00.0000000Z"}'
    headers:
      Accept:
      - application/json
      Accept-Encoding:
      - gzip, deflate
      CommandName:
      - dataprotection restorable-time-range find
      Connection:
      - keep-alive
      Content-Length:
      - '88'
      Content-Type:
      - application/json
      ParameterSetName:
      - --source-data-store-type -g --vault-name --backup-instance-name --start-time
      User-Agent:
      - AZURECLI/2.67.0 azsdk-python-core/1.31.0 Python/3.11.9 (Windows-10-10.0.26100-SP0)
    method: POST
    uri: https://management.azure.com/subscriptions/00000000-0000-0000-0000-000000000000/resourceGroups/clitest-dpp-rg/providers/Microsoft.DataProtection/backupVaults/clitest-bkp-vault-persistent-bi-donotdelete/backupInstances/clitestsabidonotdelete-clitestsabidonotdelete-887c3538-0bfc-11ee-acd3-002b670b472e/findRestorableTimeRanges?api-version=2024-04-01
  response:
    body:
      string: '{"properties":{"restorableTimeRanges":[{"startTime":"2025-02-09T08:43:05.2825150Z","endTime":"2025-03-11T08:43:05.4505993Z","objectType":"RestorableTimeRange"}],"objectType":"AzureBackupFindRestorableTimeRangesResponse"},"id":"clitestsabidonotdelete-clitestsabidonotdelete-887c3538-0bfc-11ee-acd3-002b670b472e","type":"Microsoft.DataProtection/backupVaults/backupInstances/findRestorableTimeRanges"}'
    headers:
      cache-control:
      - no-cache
      content-length:
      - '399'
      content-type:
      - application/json; charset=utf-8
      date:
      - Tue, 11 Mar 2025 08:43:05 GMT
      expires:
      - '-1'
      pragma:
      - no-cache
      strict-transport-security:
      - max-age=31536000; includeSubDomains
      x-cache:
      - CONFIG_NOCACHE
      x-content-type-options:
      - nosniff
      x-ms-ratelimit-remaining-subscription-global-writes:
      - '11999'
      x-ms-ratelimit-remaining-subscription-writes:
      - '799'
      x-msedge-ref:
      - 'Ref A: 223A0F478DD4467FA30C2F80EC895298 Ref B: MAA201060514017 Ref C: 2025-03-11T08:43:03Z'
    status:
      code: 200
      message: OK
- request:
    body: '{"sourceDataStoreType": "OperationalStore", "startTime": "2023-06-16T01:00:00.000Z"}'
    headers:
      Accept:
      - application/json
      Accept-Encoding:
      - gzip, deflate
      CommandName:
      - dataprotection restorable-time-range find
      Connection:
      - keep-alive
      Content-Length:
      - '84'
      Content-Type:
      - application/json
      ParameterSetName:
      - --source-data-store-type -g --vault-name --backup-instance-name --start-time
      User-Agent:
      - AZURECLI/2.67.0 azsdk-python-core/1.31.0 Python/3.11.9 (Windows-10-10.0.26100-SP0)
    method: POST
    uri: https://management.azure.com/subscriptions/00000000-0000-0000-0000-000000000000/resourceGroups/clitest-dpp-rg/providers/Microsoft.DataProtection/backupVaults/clitest-bkp-vault-persistent-bi-donotdelete/backupInstances/clitestsabidonotdelete-clitestsabidonotdelete-887c3538-0bfc-11ee-acd3-002b670b472e/findRestorableTimeRanges?api-version=2024-04-01
  response:
    body:
      string: '{"error":{"additionalInfo":[{"type":"UserFacingError","info":{"message":"Invalid
        inputs from caller.","recommendedAction":["Please retry after some time with
        correct inputs. Reach out to the Azure Backup support if the issue persists.
        "],"details":null,"code":"DppPluginInvalidInputParameters","target":"","innerError":null,"isRetryable":false,"isUserError":false,"properties":{"ActivityId":"da26af2a-fe54-11ef-9945-cc15311bf11f"}}}],"code":"DppPluginInvalidInputParameters","message":"Invalid
        inputs from caller.","target":null,"details":null}}'
    headers:
      cache-control:
      - no-cache
      content-length:
      - '545'
      content-type:
      - application/json; charset=utf-8
      date:
      - Tue, 11 Mar 2025 08:43:06 GMT
      expires:
      - '-1'
      pragma:
      - no-cache
      strict-transport-security:
      - max-age=31536000; includeSubDomains
      x-cache:
      - CONFIG_NOCACHE
      x-content-type-options:
      - nosniff
      x-ms-ratelimit-remaining-subscription-global-writes:
      - '11999'
      x-ms-ratelimit-remaining-subscription-writes:
      - '799'
      x-msedge-ref:
      - 'Ref A: 10F156821DC54E95B57509FFF7D92106 Ref B: MAA201060513021 Ref C: 2025-03-11T08:43:06Z'
    status:
      code: 400
      message: Bad Request
- request:
    body: '{"endTime": "2033-06-16T01:00:00.00Z", "sourceDataStoreType": "OperationalStore"}'
    headers:
      Accept:
      - application/json
      Accept-Encoding:
      - gzip, deflate
      CommandName:
      - dataprotection restorable-time-range find
      Connection:
      - keep-alive
      Content-Length:
      - '81'
      Content-Type:
      - application/json
      ParameterSetName:
      - --source-data-store-type -g --vault-name --backup-instance-name --end-time
      User-Agent:
      - AZURECLI/2.67.0 azsdk-python-core/1.31.0 Python/3.11.9 (Windows-10-10.0.26100-SP0)
    method: POST
    uri: https://management.azure.com/subscriptions/00000000-0000-0000-0000-000000000000/resourceGroups/clitest-dpp-rg/providers/Microsoft.DataProtection/backupVaults/clitest-bkp-vault-persistent-bi-donotdelete/backupInstances/clitestsabidonotdelete-clitestsabidonotdelete-887c3538-0bfc-11ee-acd3-002b670b472e/findRestorableTimeRanges?api-version=2024-04-01
  response:
    body:
      string: '{"error":{"additionalInfo":[{"type":"UserFacingError","info":{"message":"Microsoft
        Azure Backup encountered an internal error.","recommendedAction":["Wait for
        a few minutes and then try the operation again. If the issue persists, please
        contact Microsoft support."],"details":null,"code":"CloudInternalError","target":"","innerError":null,"isRetryable":false,"isUserError":false,"properties":{"ActivityId":"db370721-fe54-11ef-9826-cc15311bf11f"}}}],"code":"CloudInternalError","message":"Microsoft
        Azure Backup encountered an internal error.","target":null,"details":null}}'
    headers:
      cache-control:
      - no-cache
      content-length:
      - '573'
      content-type:
      - application/json; charset=utf-8
      date:
      - Tue, 11 Mar 2025 08:43:08 GMT
      expires:
      - '-1'
      pragma:
      - no-cache
      strict-transport-security:
      - max-age=31536000; includeSubDomains
      x-cache:
      - CONFIG_NOCACHE
      x-content-type-options:
      - nosniff
      x-ms-failure-cause:
      - service
      x-ms-ratelimit-remaining-subscription-global-writes:
      - '11999'
      x-ms-ratelimit-remaining-subscription-writes:
      - '799'
      x-msedge-ref:
      - 'Ref A: D6168B2F642D445D8095114332388DC0 Ref B: MAA201060513037 Ref C: 2025-03-11T08:43:07Z'
    status:
      code: 500
      message: Internal Server Error
- request:
    body: '{"endTime": "2033-06-16T01:00:00.00Z", "sourceDataStoreType": "OperationalStore"}'
    headers:
      Accept:
      - application/json
      Accept-Encoding:
      - gzip, deflate
      CommandName:
      - dataprotection restorable-time-range find
      Connection:
      - keep-alive
      Content-Length:
      - '81'
      Content-Type:
      - application/json
      ParameterSetName:
      - --source-data-store-type -g --vault-name --backup-instance-name --end-time
      User-Agent:
      - AZURECLI/2.67.0 azsdk-python-core/1.31.0 Python/3.11.9 (Windows-10-10.0.26100-SP0)
    method: POST
    uri: https://management.azure.com/subscriptions/00000000-0000-0000-0000-000000000000/resourceGroups/clitest-dpp-rg/providers/Microsoft.DataProtection/backupVaults/clitest-bkp-vault-persistent-bi-donotdelete/backupInstances/clitestsabidonotdelete-clitestsabidonotdelete-887c3538-0bfc-11ee-acd3-002b670b472e/findRestorableTimeRanges?api-version=2024-04-01
  response:
    body:
      string: '{"error":{"additionalInfo":[{"type":"UserFacingError","info":{"message":"Microsoft
        Azure Backup encountered an internal error.","recommendedAction":["Wait for
        a few minutes and then try the operation again. If the issue persists, please
        contact Microsoft support."],"details":null,"code":"CloudInternalError","target":"","innerError":null,"isRetryable":false,"isUserError":false,"properties":{"ActivityId":"db370721-fe54-11ef-9826-cc15311bf11f"}}}],"code":"CloudInternalError","message":"Microsoft
        Azure Backup encountered an internal error.","target":null,"details":null}}'
    headers:
      cache-control:
      - no-cache
      content-length:
      - '573'
      content-type:
      - application/json; charset=utf-8
      date:
      - Tue, 11 Mar 2025 08:43:09 GMT
      expires:
      - '-1'
      pragma:
      - no-cache
      strict-transport-security:
      - max-age=31536000; includeSubDomains
      x-cache:
      - CONFIG_NOCACHE
      x-content-type-options:
      - nosniff
      x-ms-failure-cause:
      - service
      x-ms-ratelimit-remaining-subscription-global-writes:
      - '11999'
      x-ms-ratelimit-remaining-subscription-writes:
      - '799'
      x-msedge-ref:
      - 'Ref A: 2EE8BE52399D438DBED430E0AC4610B3 Ref B: MAA201060513037 Ref C: 2025-03-11T08:43:09Z'
    status:
      code: 500
      message: Internal Server Error
- request:
    body: '{"endTime": "2033-06-16T01:00:00.00Z", "sourceDataStoreType": "OperationalStore"}'
    headers:
      Accept:
      - application/json
      Accept-Encoding:
      - gzip, deflate
      CommandName:
      - dataprotection restorable-time-range find
      Connection:
      - keep-alive
      Content-Length:
      - '81'
      Content-Type:
      - application/json
      ParameterSetName:
      - --source-data-store-type -g --vault-name --backup-instance-name --end-time
      User-Agent:
      - AZURECLI/2.67.0 azsdk-python-core/1.31.0 Python/3.11.9 (Windows-10-10.0.26100-SP0)
    method: POST
    uri: https://management.azure.com/subscriptions/00000000-0000-0000-0000-000000000000/resourceGroups/clitest-dpp-rg/providers/Microsoft.DataProtection/backupVaults/clitest-bkp-vault-persistent-bi-donotdelete/backupInstances/clitestsabidonotdelete-clitestsabidonotdelete-887c3538-0bfc-11ee-acd3-002b670b472e/findRestorableTimeRanges?api-version=2024-04-01
  response:
    body:
      string: '{"error":{"additionalInfo":[{"type":"UserFacingError","info":{"message":"Microsoft
        Azure Backup encountered an internal error.","recommendedAction":["Wait for
        a few minutes and then try the operation again. If the issue persists, please
        contact Microsoft support."],"details":null,"code":"CloudInternalError","target":"","innerError":null,"isRetryable":false,"isUserError":false,"properties":{"ActivityId":"db370721-fe54-11ef-9826-cc15311bf11f"}}}],"code":"CloudInternalError","message":"Microsoft
        Azure Backup encountered an internal error.","target":null,"details":null}}'
    headers:
      cache-control:
      - no-cache
      content-length:
      - '573'
      content-type:
      - application/json; charset=utf-8
      date:
      - Tue, 11 Mar 2025 08:43:12 GMT
      expires:
      - '-1'
      pragma:
      - no-cache
      strict-transport-security:
      - max-age=31536000; includeSubDomains
      x-cache:
      - CONFIG_NOCACHE
      x-content-type-options:
      - nosniff
      x-ms-failure-cause:
      - service
      x-ms-ratelimit-remaining-subscription-global-writes:
      - '11999'
      x-ms-ratelimit-remaining-subscription-writes:
      - '799'
      x-msedge-ref:
      - 'Ref A: 06BA4999E4774B329B0F4EC8AA02B75B Ref B: MAA201060513037 Ref C: 2025-03-11T08:43:12Z'
    status:
      code: 500
      message: Internal Server Error
- request:
    body: '{"endTime": "2033-06-16T01:00:00.00Z", "sourceDataStoreType": "OperationalStore"}'
    headers:
      Accept:
      - application/json
      Accept-Encoding:
      - gzip, deflate
      CommandName:
      - dataprotection restorable-time-range find
      Connection:
      - keep-alive
      Content-Length:
      - '81'
      Content-Type:
      - application/json
      ParameterSetName:
      - --source-data-store-type -g --vault-name --backup-instance-name --end-time
      User-Agent:
      - AZURECLI/2.67.0 azsdk-python-core/1.31.0 Python/3.11.9 (Windows-10-10.0.26100-SP0)
    method: POST
    uri: https://management.azure.com/subscriptions/00000000-0000-0000-0000-000000000000/resourceGroups/clitest-dpp-rg/providers/Microsoft.DataProtection/backupVaults/clitest-bkp-vault-persistent-bi-donotdelete/backupInstances/clitestsabidonotdelete-clitestsabidonotdelete-887c3538-0bfc-11ee-acd3-002b670b472e/findRestorableTimeRanges?api-version=2024-04-01
  response:
    body:
      string: '{"error":{"additionalInfo":[{"type":"UserFacingError","info":{"message":"Microsoft
        Azure Backup encountered an internal error.","recommendedAction":["Wait for
        a few minutes and then try the operation again. If the issue persists, please
        contact Microsoft support."],"details":null,"code":"CloudInternalError","target":"","innerError":null,"isRetryable":false,"isUserError":false,"properties":{"ActivityId":"db370721-fe54-11ef-9826-cc15311bf11f"}}}],"code":"CloudInternalError","message":"Microsoft
        Azure Backup encountered an internal error.","target":null,"details":null}}'
    headers:
      cache-control:
      - no-cache
      content-length:
      - '573'
      content-type:
      - application/json; charset=utf-8
      date:
      - Tue, 11 Mar 2025 08:43:17 GMT
      expires:
      - '-1'
      pragma:
      - no-cache
      strict-transport-security:
      - max-age=31536000; includeSubDomains
      x-cache:
      - CONFIG_NOCACHE
      x-content-type-options:
      - nosniff
      x-ms-failure-cause:
      - service
      x-ms-ratelimit-remaining-subscription-global-writes:
      - '11999'
      x-ms-ratelimit-remaining-subscription-writes:
      - '799'
      x-msedge-ref:
      - 'Ref A: 950E03E0C2D1455E97EC8D1391E579F7 Ref B: MAA201060513037 Ref C: 2025-03-11T08:43:16Z'
    status:
      code: 500
      message: Internal Server Error
- request:
    body: '{"sourceDataStoreType": "OperationalStore", "startTime": "2023-06-16T01:00:00"}'
    headers:
      Accept:
      - application/json
      Accept-Encoding:
      - gzip, deflate
      CommandName:
      - dataprotection restorable-time-range find
      Connection:
      - keep-alive
      Content-Length:
      - '79'
      Content-Type:
      - application/json
      ParameterSetName:
      - --source-data-store-type -g --vault-name --backup-instance-name --start-time
      User-Agent:
      - AZURECLI/2.67.0 azsdk-python-core/1.31.0 Python/3.11.9 (Windows-10-10.0.26100-SP0)
    method: POST
    uri: https://management.azure.com/subscriptions/00000000-0000-0000-0000-000000000000/resourceGroups/clitest-dpp-rg/providers/Microsoft.DataProtection/backupVaults/clitest-bkp-vault-persistent-bi-donotdelete/backupInstances/clitestsabidonotdelete-clitestsabidonotdelete-887c3538-0bfc-11ee-acd3-002b670b472e/findRestorableTimeRanges?api-version=2024-04-01
  response:
    body:
      string: '{"error":{"additionalInfo":[{"type":"UserFacingError","info":{"message":"Invalid
        inputs from caller.","recommendedAction":["Please retry after some time with
        correct inputs. Reach out to the Azure Backup support if the issue persists.
        "],"details":null,"code":"DppPluginInvalidInputParameters","target":"","innerError":null,"isRetryable":false,"isUserError":false,"properties":{"ActivityId":"e1f5a105-fe54-11ef-b2a1-cc15311bf11f"}}}],"code":"DppPluginInvalidInputParameters","message":"Invalid
        inputs from caller.","target":null,"details":null}}'
    headers:
      cache-control:
      - no-cache
      content-length:
      - '545'
      content-type:
      - application/json; charset=utf-8
      date:
      - Tue, 11 Mar 2025 08:43:19 GMT
      expires:
      - '-1'
      pragma:
      - no-cache
      strict-transport-security:
      - max-age=31536000; includeSubDomains
      x-cache:
      - CONFIG_NOCACHE
      x-content-type-options:
      - nosniff
      x-ms-ratelimit-remaining-subscription-global-writes:
      - '11999'
      x-ms-ratelimit-remaining-subscription-writes:
      - '799'
      x-msedge-ref:
      - 'Ref A: 3B1CBCA12D044E37B673EB677AA228A6 Ref B: MAA201060513037 Ref C: 2025-03-11T08:43:19Z'
    status:
      code: 400
      message: Bad Request
- request:
    body: '{"endTime": "2033-06-16T01:00:00+05:30", "sourceDataStoreType": "OperationalStore"}'
    headers:
      Accept:
      - application/json
      Accept-Encoding:
      - gzip, deflate
      CommandName:
      - dataprotection restorable-time-range find
      Connection:
      - keep-alive
      Content-Length:
      - '83'
      Content-Type:
      - application/json
      ParameterSetName:
      - --source-data-store-type -g --vault-name --backup-instance-name --end-time
      User-Agent:
      - AZURECLI/2.67.0 azsdk-python-core/1.31.0 Python/3.11.9 (Windows-10-10.0.26100-SP0)
    method: POST
    uri: https://management.azure.com/subscriptions/00000000-0000-0000-0000-000000000000/resourceGroups/clitest-dpp-rg/providers/Microsoft.DataProtection/backupVaults/clitest-bkp-vault-persistent-bi-donotdelete/backupInstances/clitestsabidonotdelete-clitestsabidonotdelete-887c3538-0bfc-11ee-acd3-002b670b472e/findRestorableTimeRanges?api-version=2024-04-01
  response:
    body:
      string: '{"error":{"additionalInfo":[{"type":"UserFacingError","info":{"message":"Microsoft
        Azure Backup encountered an internal error.","recommendedAction":["Wait for
        a few minutes and then try the operation again. If the issue persists, please
        contact Microsoft support."],"details":null,"code":"CloudInternalError","target":"","innerError":null,"isRetryable":false,"isUserError":false,"properties":{"ActivityId":"e3051156-fe54-11ef-a14d-cc15311bf11f"}}}],"code":"CloudInternalError","message":"Microsoft
        Azure Backup encountered an internal error.","target":null,"details":null}}'
    headers:
      cache-control:
      - no-cache
      content-length:
      - '573'
      content-type:
      - application/json; charset=utf-8
      date:
      - Tue, 11 Mar 2025 08:43:21 GMT
      expires:
      - '-1'
      pragma:
      - no-cache
      strict-transport-security:
      - max-age=31536000; includeSubDomains
      x-cache:
      - CONFIG_NOCACHE
      x-content-type-options:
      - nosniff
      x-ms-failure-cause:
      - service
      x-ms-ratelimit-remaining-subscription-global-writes:
      - '11999'
      x-ms-ratelimit-remaining-subscription-writes:
      - '799'
      x-msedge-ref:
      - 'Ref A: 5CD6B3591CD44EF1BCFDF58CB8A9BD3E Ref B: MAA201060516009 Ref C: 2025-03-11T08:43:21Z'
    status:
      code: 500
      message: Internal Server Error
- request:
    body: '{"endTime": "2033-06-16T01:00:00+05:30", "sourceDataStoreType": "OperationalStore"}'
    headers:
      Accept:
      - application/json
      Accept-Encoding:
      - gzip, deflate
      CommandName:
      - dataprotection restorable-time-range find
      Connection:
      - keep-alive
      Content-Length:
      - '83'
      Content-Type:
      - application/json
      ParameterSetName:
      - --source-data-store-type -g --vault-name --backup-instance-name --end-time
      User-Agent:
      - AZURECLI/2.67.0 azsdk-python-core/1.31.0 Python/3.11.9 (Windows-10-10.0.26100-SP0)
    method: POST
    uri: https://management.azure.com/subscriptions/00000000-0000-0000-0000-000000000000/resourceGroups/clitest-dpp-rg/providers/Microsoft.DataProtection/backupVaults/clitest-bkp-vault-persistent-bi-donotdelete/backupInstances/clitestsabidonotdelete-clitestsabidonotdelete-887c3538-0bfc-11ee-acd3-002b670b472e/findRestorableTimeRanges?api-version=2024-04-01
  response:
    body:
      string: '{"error":{"additionalInfo":[{"type":"UserFacingError","info":{"message":"Microsoft
        Azure Backup encountered an internal error.","recommendedAction":["Wait for
        a few minutes and then try the operation again. If the issue persists, please
        contact Microsoft support."],"details":null,"code":"CloudInternalError","target":"","innerError":null,"isRetryable":false,"isUserError":false,"properties":{"ActivityId":"e3051156-fe54-11ef-a14d-cc15311bf11f"}}}],"code":"CloudInternalError","message":"Microsoft
        Azure Backup encountered an internal error.","target":null,"details":null}}'
    headers:
      cache-control:
      - no-cache
      content-length:
      - '573'
      content-type:
      - application/json; charset=utf-8
      date:
      - Tue, 11 Mar 2025 08:43:23 GMT
      expires:
      - '-1'
      pragma:
      - no-cache
      strict-transport-security:
      - max-age=31536000; includeSubDomains
      x-cache:
      - CONFIG_NOCACHE
      x-content-type-options:
      - nosniff
      x-ms-failure-cause:
      - service
      x-ms-ratelimit-remaining-subscription-global-writes:
      - '11999'
      x-ms-ratelimit-remaining-subscription-writes:
      - '799'
      x-msedge-ref:
      - 'Ref A: 9CF596567DC2439BA4714DD485465F1E Ref B: MAA201060516009 Ref C: 2025-03-11T08:43:22Z'
    status:
      code: 500
      message: Internal Server Error
- request:
    body: '{"endTime": "2033-06-16T01:00:00+05:30", "sourceDataStoreType": "OperationalStore"}'
    headers:
      Accept:
      - application/json
      Accept-Encoding:
      - gzip, deflate
      CommandName:
      - dataprotection restorable-time-range find
      Connection:
      - keep-alive
      Content-Length:
      - '83'
      Content-Type:
      - application/json
      ParameterSetName:
      - --source-data-store-type -g --vault-name --backup-instance-name --end-time
      User-Agent:
      - AZURECLI/2.67.0 azsdk-python-core/1.31.0 Python/3.11.9 (Windows-10-10.0.26100-SP0)
    method: POST
    uri: https://management.azure.com/subscriptions/00000000-0000-0000-0000-000000000000/resourceGroups/clitest-dpp-rg/providers/Microsoft.DataProtection/backupVaults/clitest-bkp-vault-persistent-bi-donotdelete/backupInstances/clitestsabidonotdelete-clitestsabidonotdelete-887c3538-0bfc-11ee-acd3-002b670b472e/findRestorableTimeRanges?api-version=2024-04-01
  response:
    body:
      string: '{"error":{"additionalInfo":[{"type":"UserFacingError","info":{"message":"Microsoft
        Azure Backup encountered an internal error.","recommendedAction":["Wait for
        a few minutes and then try the operation again. If the issue persists, please
        contact Microsoft support."],"details":null,"code":"CloudInternalError","target":"","innerError":null,"isRetryable":false,"isUserError":false,"properties":{"ActivityId":"e3051156-fe54-11ef-a14d-cc15311bf11f"}}}],"code":"CloudInternalError","message":"Microsoft
        Azure Backup encountered an internal error.","target":null,"details":null}}'
    headers:
      cache-control:
      - no-cache
      content-length:
      - '573'
      content-type:
      - application/json; charset=utf-8
      date:
      - Tue, 11 Mar 2025 08:43:26 GMT
      expires:
      - '-1'
      pragma:
      - no-cache
      strict-transport-security:
      - max-age=31536000; includeSubDomains
      x-cache:
      - CONFIG_NOCACHE
      x-content-type-options:
      - nosniff
      x-ms-failure-cause:
      - service
      x-ms-ratelimit-remaining-subscription-global-writes:
      - '11999'
      x-ms-ratelimit-remaining-subscription-writes:
      - '799'
      x-msedge-ref:
      - 'Ref A: 3F4F07399620414E8120A85F90780582 Ref B: MAA201060516009 Ref C: 2025-03-11T08:43:26Z'
    status:
      code: 500
      message: Internal Server Error
- request:
    body: '{"endTime": "2033-06-16T01:00:00+05:30", "sourceDataStoreType": "OperationalStore"}'
    headers:
      Accept:
      - application/json
      Accept-Encoding:
      - gzip, deflate
      CommandName:
      - dataprotection restorable-time-range find
      Connection:
      - keep-alive
      Content-Length:
      - '83'
      Content-Type:
      - application/json
      ParameterSetName:
      - --source-data-store-type -g --vault-name --backup-instance-name --end-time
      User-Agent:
      - AZURECLI/2.67.0 azsdk-python-core/1.31.0 Python/3.11.9 (Windows-10-10.0.26100-SP0)
    method: POST
    uri: https://management.azure.com/subscriptions/00000000-0000-0000-0000-000000000000/resourceGroups/clitest-dpp-rg/providers/Microsoft.DataProtection/backupVaults/clitest-bkp-vault-persistent-bi-donotdelete/backupInstances/clitestsabidonotdelete-clitestsabidonotdelete-887c3538-0bfc-11ee-acd3-002b670b472e/findRestorableTimeRanges?api-version=2024-04-01
  response:
    body:
      string: '{"error":{"additionalInfo":[{"type":"UserFacingError","info":{"message":"Microsoft
        Azure Backup encountered an internal error.","recommendedAction":["Wait for
        a few minutes and then try the operation again. If the issue persists, please
        contact Microsoft support."],"details":null,"code":"CloudInternalError","target":"","innerError":null,"isRetryable":false,"isUserError":false,"properties":{"ActivityId":"e3051156-fe54-11ef-a14d-cc15311bf11f"}}}],"code":"CloudInternalError","message":"Microsoft
        Azure Backup encountered an internal error.","target":null,"details":null}}'
    headers:
      cache-control:
      - no-cache
      content-length:
      - '573'
      content-type:
      - application/json; charset=utf-8
      date:
      - Tue, 11 Mar 2025 08:43:31 GMT
      expires:
      - '-1'
      pragma:
      - no-cache
      strict-transport-security:
      - max-age=31536000; includeSubDomains
      x-cache:
      - CONFIG_NOCACHE
      x-content-type-options:
      - nosniff
      x-ms-failure-cause:
      - service
      x-ms-ratelimit-remaining-subscription-global-writes:
      - '11999'
      x-ms-ratelimit-remaining-subscription-writes:
      - '799'
      x-msedge-ref:
      - 'Ref A: E8CE85A9039B4BCFB536A1B94B10541E Ref B: MAA201060516009 Ref C: 2025-03-11T08:43:31Z'
    status:
      code: 500
      message: Internal Server Error
- request:
    body: '{"endTime": "2023-06-16T01:00:00.0000000Z", "sourceDataStoreType": "OperationalStore",
      "startTime": "2033-06-16T01:00:00.0000000Z"}'
    headers:
      Accept:
      - application/json
      Accept-Encoding:
      - gzip, deflate
      CommandName:
      - dataprotection restorable-time-range find
      Connection:
      - keep-alive
      Content-Length:
      - '131'
      Content-Type:
      - application/json
      ParameterSetName:
      - --source-data-store-type -g --vault-name --backup-instance-name --start-time
        --end-time
      User-Agent:
      - AZURECLI/2.67.0 azsdk-python-core/1.31.0 Python/3.11.9 (Windows-10-10.0.26100-SP0)
    method: POST
    uri: https://management.azure.com/subscriptions/00000000-0000-0000-0000-000000000000/resourceGroups/clitest-dpp-rg/providers/Microsoft.DataProtection/backupVaults/clitest-bkp-vault-persistent-bi-donotdelete/backupInstances/clitestsabidonotdelete-clitestsabidonotdelete-887c3538-0bfc-11ee-acd3-002b670b472e/findRestorableTimeRanges?api-version=2024-04-01
  response:
    body:
      string: '{"error":{"additionalInfo":[{"type":"UserFacingError","info":{"message":"The
        given time range is invalid","recommendedAction":["Please ensure that the
        given time range in the request is valid"],"details":null,"code":"UserErrorInvalidRestorableTimeRange","target":"","innerError":null,"isRetryable":false,"isUserError":false,"properties":{"ActivityId":"ea10f10f-fe54-11ef-9d34-cc15311bf11f"}}}],"code":"UserErrorInvalidRestorableTimeRange","message":"The
        given time range is invalid","target":null,"details":null}}'
    headers:
      cache-control:
      - no-cache
      content-length:
      - '513'
      content-type:
      - application/json; charset=utf-8
      date:
      - Tue, 11 Mar 2025 08:43:33 GMT
      expires:
      - '-1'
      pragma:
      - no-cache
      strict-transport-security:
      - max-age=31536000; includeSubDomains
      x-cache:
      - CONFIG_NOCACHE
      x-content-type-options:
      - nosniff
      x-ms-ratelimit-remaining-subscription-global-writes:
      - '11999'
      x-ms-ratelimit-remaining-subscription-writes:
      - '799'
      x-msedge-ref:
      - 'Ref A: A9945015C25041588E2BB10CDAAF1A16 Ref B: MAA201060515019 Ref C: 2025-03-11T08:43:32Z'
    status:
      code: 400
      message: Bad Request
version: 1
