interactions:
- request:
    body: '{"location": "westus", "tags": {"product": "azurecli", "cause": "automation",
      "date": "2018-04-25T00:50:01Z"}}'
    headers:
      Accept: [application/json]
      Accept-Encoding: ['gzip, deflate']
      CommandName: [group create]
      Connection: [keep-alive]
      Content-Length: ['110']
      Content-Type: [application/json; charset=utf-8]
      User-Agent: [python/3.6.1 (Windows-10-10.0.16299-SP0) requests/2.18.4 msrest/0.4.27
          msrest_azure/0.4.25 resourcemanagementclient/1.2.1 Azure-SDK-For-Python
          AZURECLI/2.0.31]
      accept-language: [en-US]
    method: PUT
    uri: https://management.azure.com/subscriptions/00000000-0000-0000-0000-000000000000/resourcegroups/clitest.rg000001?api-version=2017-05-10
  response:
    body: {string: '{"id":"/subscriptions/00000000-0000-0000-0000-000000000000/resourceGroups/clitest.rg000001","name":"clitest.rg000001","location":"westus","tags":{"product":"azurecli","cause":"automation","date":"2018-04-25T00:50:01Z"},"properties":{"provisioningState":"Succeeded"}}'}
    headers:
      cache-control: [no-cache]
      content-length: ['384']
      content-type: [application/json; charset=utf-8]
      date: ['Wed, 25 Apr 2018 00:50:01 GMT']
      expires: ['-1']
      pragma: [no-cache]
      strict-transport-security: [max-age=31536000; includeSubDomains]
      x-content-type-options: [nosniff]
      x-ms-ratelimit-remaining-subscription-writes: ['1143']
    status: {code: 201, message: Created}
- request:
    body: '{"properties": {"destination": {"endpointType": "StorageQueue", "properties":
      {"resourceId": "/subscriptions/00000000-0000-0000-0000-000000000000/resourcegroups/kalstest/providers/Microsoft.Storage/storageAccounts/kalsdemo",
      "queueName": "kalsdemoqueue"}}, "filter": {"isSubjectCaseSensitive": false},
      "eventDeliverySchema": "CloudEventV01Schema", "retryPolicy": {"maxDeliveryAttempts":
      30, "eventTimeToLiveInMinutes": 1440}, "deadLetterDestination": {"endpointType":
      "StorageBlob", "properties": {"resourceId": "/subscriptions/00000000-0000-0000-0000-000000000000/resourcegroups/kalstest/providers/Microsoft.Storage/storageAccounts/kalsdemo",
      "blobContainerName": "dlq"}}}}'
    headers:
      Accept: [application/json]
      Accept-Encoding: ['gzip, deflate']
      CommandName: [eventgrid event-subscription create]
      Connection: [keep-alive]
      Content-Length: ['674']
      Content-Type: [application/json; charset=utf-8]
      User-Agent: [python/3.6.1 (Windows-10-10.0.16299-SP0) requests/2.18.4 msrest/0.4.27
          msrest_azure/0.4.25 azext_eventgrid-mgmt-eventgrid/2018-05-01-preview Azure-SDK-For-Python
          AZURECLI/2.0.31]
      accept-language: [en-US]
    method: PUT
    uri: https://management.azure.com/subscriptions/00000000-0000-0000-0000-000000000000/resourceGroups/clitest.rg000001/providers/Microsoft.EventGrid/eventSubscriptions/eventsubscription5?api-version=2018-05-01-preview
  response:
    body: {string: '{"properties":{"topic":"/subscriptions/00000000-0000-0000-0000-000000000000/resourceGroups/clitest.rg000001","provisioningState":"Creating","destination":{"properties":{"resourceId":"/subscriptions/00000000-0000-0000-0000-000000000000/resourcegroups/kalstest/providers/Microsoft.Storage/storageAccounts/kalsdemo","queueName":"kalsdemoqueue"},"endpointType":"StorageQueue"},"filter":{},"labels":null,"eventDeliverySchema":"CloudEventV01Schema","retryPolicy":{"maxDeliveryAttempts":30,"eventTimeToLiveInMinutes":1440},"deadLetterDestination":{"properties":{"resourceId":"/subscriptions/00000000-0000-0000-0000-000000000000/resourcegroups/kalstest/providers/Microsoft.Storage/storageAccounts/kalsdemo","blobContainerName":"dlq"},"endpointType":"StorageBlob"}},"id":"/subscriptions/00000000-0000-0000-0000-000000000000/resourceGroups/clitest.rg000001/providers/Microsoft.EventGrid/eventSubscriptions/eventsubscription5","name":"eventsubscription5","type":"Microsoft.EventGrid/eventSubscriptions"}'}
    headers:
      azure-asyncoperation: ['https://management.azure.com:443/subscriptions/00000000-0000-0000-0000-000000000000/providers/Microsoft.EventGrid/operationsStatus/6BF559CA-3C43-464A-A88C-BBE58D248A6C?api-version=2018-05-01-preview']
      cache-control: [no-cache]
      content-length: ['1110']
      content-type: [application/json; charset=utf-8]
      date: ['Wed, 25 Apr 2018 00:50:03 GMT']
      expires: ['-1']
      pragma: [no-cache]
      server: [Microsoft-HTTPAPI/2.0]
      strict-transport-security: [max-age=31536000; includeSubDomains]
      x-content-type-options: [nosniff]
      x-ms-ratelimit-remaining-subscription-writes: ['1125']
    status: {code: 201, message: Created}
- request:
    body: null
    headers:
      Accept: [application/json]
      Accept-Encoding: ['gzip, deflate']
      CommandName: [eventgrid event-subscription create]
      Connection: [keep-alive]
      User-Agent: [python/3.6.1 (Windows-10-10.0.16299-SP0) requests/2.18.4 msrest/0.4.27
          msrest_azure/0.4.25 azext_eventgrid-mgmt-eventgrid/2018-05-01-preview Azure-SDK-For-Python
          AZURECLI/2.0.31]
    method: GET
    uri: https://management.azure.com/subscriptions/00000000-0000-0000-0000-000000000000/providers/Microsoft.EventGrid/operationsStatus/6BF559CA-3C43-464A-A88C-BBE58D248A6C?api-version=2018-05-01-preview
  response:
    body: {string: '{"id":"https://management.azure.com/subscriptions/00000000-0000-0000-0000-000000000000/providers/Microsoft.EventGrid/operationsStatus/6BF559CA-3C43-464A-A88C-BBE58D248A6C?api-version=2018-05-01-preview","name":"6bf559ca-3c43-464a-a88c-bbe58d248a6c","status":"Succeeded"}'}
    headers:
      cache-control: [no-cache]
      content-length: ['270']
      content-type: [application/json; charset=utf-8]
      date: ['Wed, 25 Apr 2018 00:50:14 GMT']
      expires: ['-1']
      pragma: [no-cache]
      server: [Microsoft-HTTPAPI/2.0]
      strict-transport-security: [max-age=31536000; includeSubDomains]
      transfer-encoding: [chunked]
      vary: [Accept-Encoding]
      x-content-type-options: [nosniff]
    status: {code: 200, message: OK}
- request:
    body: null
    headers:
      Accept: [application/json]
      Accept-Encoding: ['gzip, deflate']
      CommandName: [eventgrid event-subscription create]
      Connection: [keep-alive]
      User-Agent: [python/3.6.1 (Windows-10-10.0.16299-SP0) requests/2.18.4 msrest/0.4.27
          msrest_azure/0.4.25 azext_eventgrid-mgmt-eventgrid/2018-05-01-preview Azure-SDK-For-Python
          AZURECLI/2.0.31]
    method: GET
    uri: https://management.azure.com/subscriptions/00000000-0000-0000-0000-000000000000/resourceGroups/clitest.rg000001/providers/Microsoft.EventGrid/eventSubscriptions/eventsubscription5?api-version=2018-05-01-preview
  response:
    body: {string: '{"properties":{"topic":"/subscriptions/00000000-0000-0000-0000-000000000000/resourceGroups/clitest.rg000001","provisioningState":"Succeeded","destination":{"properties":{"resourceId":"/subscriptions/00000000-0000-0000-0000-000000000000/resourcegroups/kalstest/providers/Microsoft.Storage/storageAccounts/kalsdemo","queueName":"kalsdemoqueue"},"endpointType":"StorageQueue"},"filter":{"subjectBeginsWith":"","subjectEndsWith":"","includedEventTypes":["All"]},"labels":null,"eventDeliverySchema":"CloudEventV01Schema","retryPolicy":{"maxDeliveryAttempts":30,"eventTimeToLiveInMinutes":1440},"deadLetterDestination":{"properties":{"resourceId":"/subscriptions/00000000-0000-0000-0000-000000000000/resourcegroups/kalstest/providers/Microsoft.Storage/storageAccounts/kalsdemo","blobContainerName":"dlq"},"endpointType":"StorageBlob"}},"id":"/subscriptions/00000000-0000-0000-0000-000000000000/resourceGroups/clitest.rg000001/providers/Microsoft.EventGrid/eventSubscriptions/eventsubscription5","name":"eventsubscription5","type":"Microsoft.EventGrid/eventSubscriptions"}'}
    headers:
      cache-control: [no-cache]
      content-length: ['1183']
      content-type: [application/json; charset=utf-8]
      date: ['Wed, 25 Apr 2018 00:50:14 GMT']
      expires: ['-1']
      pragma: [no-cache]
      server: [Microsoft-HTTPAPI/2.0]
      strict-transport-security: [max-age=31536000; includeSubDomains]
      transfer-encoding: [chunked]
      vary: [Accept-Encoding]
      x-content-type-options: [nosniff]
    status: {code: 200, message: OK}
- request:
    body: null
    headers:
      Accept: [application/json]
      Accept-Encoding: ['gzip, deflate']
      CommandName: [eventgrid event-subscription show]
      Connection: [keep-alive]
      Content-Type: [application/json; charset=utf-8]
      User-Agent: [python/3.6.1 (Windows-10-10.0.16299-SP0) requests/2.18.4 msrest/0.4.27
          msrest_azure/0.4.25 azext_eventgrid-mgmt-eventgrid/2018-05-01-preview Azure-SDK-For-Python
          AZURECLI/2.0.31]
      accept-language: [en-US]
    method: GET
    uri: https://management.azure.com/subscriptions/00000000-0000-0000-0000-000000000000/resourceGroups/clitest.rg000001/providers/Microsoft.EventGrid/eventSubscriptions/eventsubscription5?api-version=2018-05-01-preview
  response:
    body: {string: '{"properties":{"topic":"/subscriptions/00000000-0000-0000-0000-000000000000/resourceGroups/clitest.rg000001","provisioningState":"Succeeded","destination":{"properties":{"resourceId":"/subscriptions/00000000-0000-0000-0000-000000000000/resourcegroups/kalstest/providers/Microsoft.Storage/storageAccounts/kalsdemo","queueName":"kalsdemoqueue"},"endpointType":"StorageQueue"},"filter":{"subjectBeginsWith":"","subjectEndsWith":"","includedEventTypes":["All"]},"labels":null,"eventDeliverySchema":"CloudEventV01Schema","retryPolicy":{"maxDeliveryAttempts":30,"eventTimeToLiveInMinutes":1440},"deadLetterDestination":{"properties":{"resourceId":"/subscriptions/00000000-0000-0000-0000-000000000000/resourcegroups/kalstest/providers/Microsoft.Storage/storageAccounts/kalsdemo","blobContainerName":"dlq"},"endpointType":"StorageBlob"}},"id":"/subscriptions/00000000-0000-0000-0000-000000000000/resourceGroups/clitest.rg000001/providers/Microsoft.EventGrid/eventSubscriptions/eventsubscription5","name":"eventsubscription5","type":"Microsoft.EventGrid/eventSubscriptions"}'}
    headers:
      cache-control: [no-cache]
      content-length: ['1183']
      content-type: [application/json; charset=utf-8]
      date: ['Wed, 25 Apr 2018 00:50:15 GMT']
      expires: ['-1']
      pragma: [no-cache]
      server: [Microsoft-HTTPAPI/2.0]
      strict-transport-security: [max-age=31536000; includeSubDomains]
      transfer-encoding: [chunked]
      vary: [Accept-Encoding]
      x-content-type-options: [nosniff]
    status: {code: 200, message: OK}
- request:
    body: null
    headers:
      Accept: [application/json]
      Accept-Encoding: ['gzip, deflate']
      CommandName: [eventgrid event-subscription delete]
      Connection: [keep-alive]
      Content-Length: ['0']
      Content-Type: [application/json; charset=utf-8]
      User-Agent: [python/3.6.1 (Windows-10-10.0.16299-SP0) requests/2.18.4 msrest/0.4.27
          msrest_azure/0.4.25 azext_eventgrid-mgmt-eventgrid/2018-05-01-preview Azure-SDK-For-Python
          AZURECLI/2.0.31]
      accept-language: [en-US]
    method: DELETE
    uri: https://management.azure.com/subscriptions/00000000-0000-0000-0000-000000000000/resourceGroups/clitest.rg000001/providers/Microsoft.EventGrid/eventSubscriptions/eventsubscription5?api-version=2018-05-01-preview
  response:
    body: {string: ''}
    headers:
      cache-control: [no-cache]
      content-length: ['0']
      date: ['Wed, 25 Apr 2018 00:50:15 GMT']
      expires: ['-1']
      location: ['https://management.azure.com/subscriptions/00000000-0000-0000-0000-000000000000/providers/Microsoft.EventGrid/operationResults/9AF334B8-EB70-4422-B3B6-E07B718AC398?api-version=2018-05-01-preview']
      pragma: [no-cache]
      server: [Microsoft-HTTPAPI/2.0]
      strict-transport-security: [max-age=31536000; includeSubDomains]
      x-content-type-options: [nosniff]
      x-ms-ratelimit-remaining-subscription-writes: ['1165']
    status: {code: 202, message: Accepted}
- request:
    body: null
    headers:
      Accept: [application/json]
      Accept-Encoding: ['gzip, deflate']
      CommandName: [eventgrid event-subscription delete]
      Connection: [keep-alive]
      User-Agent: [python/3.6.1 (Windows-10-10.0.16299-SP0) requests/2.18.4 msrest/0.4.27
          msrest_azure/0.4.25 azext_eventgrid-mgmt-eventgrid/2018-05-01-preview Azure-SDK-For-Python
          AZURECLI/2.0.31]
    method: GET
    uri: https://management.azure.com/subscriptions/00000000-0000-0000-0000-000000000000/providers/Microsoft.EventGrid/operationResults/9AF334B8-EB70-4422-B3B6-E07B718AC398?api-version=2018-05-01-preview
  response:
    body: {string: ''}
    headers:
      cache-control: [no-cache]
      content-length: ['0']
      date: ['Wed, 25 Apr 2018 00:50:26 GMT']
      expires: ['-1']
      pragma: [no-cache]
      server: [Microsoft-HTTPAPI/2.0]
      strict-transport-security: [max-age=31536000; includeSubDomains]
      x-content-type-options: [nosniff]
    status: {code: 200, message: OK}
- request:
    body: null
    headers:
      Accept: [application/json]
      Accept-Encoding: ['gzip, deflate']
      CommandName: [group delete]
      Connection: [keep-alive]
      Content-Length: ['0']
      Content-Type: [application/json; charset=utf-8]
      User-Agent: [python/3.6.1 (Windows-10-10.0.16299-SP0) requests/2.18.4 msrest/0.4.27
          msrest_azure/0.4.25 resourcemanagementclient/1.2.1 Azure-SDK-For-Python
          AZURECLI/2.0.31]
      accept-language: [en-US]
    method: DELETE
    uri: https://management.azure.com/subscriptions/00000000-0000-0000-0000-000000000000/resourcegroups/clitest.rg000001?api-version=2017-05-10
  response:
    body: {string: ''}
    headers:
      cache-control: [no-cache]
      content-length: ['0']
      date: ['Wed, 25 Apr 2018 00:50:28 GMT']
      expires: ['-1']
      location: ['https://management.azure.com/subscriptions/00000000-0000-0000-0000-000000000000/operationresults/eyJqb2JJZCI6IlJFU09VUkNFR1JPVVBERUxFVElPTkpPQi1DTElURVNUOjJFUkc2RFRPRzNFT1dSN0RZQVNOWkRBVTIzRExNUUg2UUtZNkhCTHwwREUyRjZENUIyMTE4NEEwLVdFU1RVUyIsImpvYkxvY2F0aW9uIjoid2VzdHVzIn0?api-version=2017-05-10']
      pragma: [no-cache]
      strict-transport-security: [max-age=31536000; includeSubDomains]
      x-content-type-options: [nosniff]
      x-ms-ratelimit-remaining-subscription-writes: ['1085']
    status: {code: 202, message: Accepted}
version: 1
