interactions:
- request:
    body: '{"location": "westus", "tags": {"product": "azurecli", "cause": "automation",
      "date": "2018-04-25T00:49:12Z"}}'
    headers:
      Accept: [application/json]
      Accept-Encoding: ['gzip, deflate']
      CommandName: [group create]
      Connection: [keep-alive]
      Content-Length: ['110']
      Content-Type: [application/json; charset=utf-8]
      User-Agent: [python/3.6.1 (Windows-10-10.0.16299-SP0) requests/2.18.4 msrest/0.4.27
          msrest_azure/0.4.25 resourcemanagementclient/1.2.1 Azure-SDK-For-Python
          AZURECLI/2.0.31]
      accept-language: [en-US]
    method: PUT
    uri: https://management.azure.com/subscriptions/00000000-0000-0000-0000-000000000000/resourcegroups/clitest.rg000001?api-version=2017-05-10
  response:
    body: {string: '{"id":"/subscriptions/00000000-0000-0000-0000-000000000000/resourceGroups/clitest.rg000001","name":"clitest.rg000001","location":"westus","tags":{"product":"azurecli","cause":"automation","date":"2018-04-25T00:49:12Z"},"properties":{"provisioningState":"Succeeded"}}'}
    headers:
      cache-control: [no-cache]
      content-length: ['384']
      content-type: [application/json; charset=utf-8]
      date: ['Wed, 25 Apr 2018 00:49:15 GMT']
      expires: ['-1']
      pragma: [no-cache]
      strict-transport-security: [max-age=31536000; includeSubDomains]
      x-content-type-options: [nosniff]
      x-ms-ratelimit-remaining-subscription-writes: ['1139']
    status: {code: 201, message: Created}
- request:
    body: '{"properties": {"destination": {"endpointType": "WebHook", "properties":
      {"endpointUrl": "https://kalsfunc1.azurewebsites.net/api/HttpTriggerCSharp1?code=D5/lX4xgFOvJrgvgZsjhMpg9h/eC3XVdQzGuDvwQuGmrDUfxFNeyiQ=="}},
      "filter": {"subjectBeginsWith": "mysubject_prefix", "isSubjectCaseSensitive":
      false}, "eventDeliverySchema": "EventGridSchema", "retryPolicy": {"maxDeliveryAttempts":
      30, "eventTimeToLiveInMinutes": 1440}}}'
    headers:
      Accept: [application/json]
      Accept-Encoding: ['gzip, deflate']
      CommandName: [eventgrid event-subscription create]
      Connection: [keep-alive]
      Content-Length: ['421']
      Content-Type: [application/json; charset=utf-8]
      User-Agent: [python/3.6.1 (Windows-10-10.0.16299-SP0) requests/2.18.4 msrest/0.4.27
          msrest_azure/0.4.25 azext_eventgrid-mgmt-eventgrid/2018-05-01-preview Azure-SDK-For-Python
          AZURECLI/2.0.31]
      accept-language: [en-US]
    method: PUT
    uri: https://management.azure.com/subscriptions/00000000-0000-0000-0000-000000000000/resourceGroups/clitest.rg000001/providers/Microsoft.EventGrid/eventSubscriptions/eventsubscription2?api-version=2018-05-01-preview
  response:
    body: {string: '{"properties":{"topic":"/subscriptions/00000000-0000-0000-0000-000000000000/resourceGroups/clitest.rg000001","provisioningState":"Creating","destination":{"properties":{"endpointUrl":null,"endpointBaseUrl":"https://kalsfunc1.azurewebsites.net/api/HttpTriggerCSharp1"},"endpointType":"WebHook"},"filter":{"subjectBeginsWith":"mysubject_prefix"},"labels":null,"eventDeliverySchema":"EventGridSchema","retryPolicy":{"maxDeliveryAttempts":30,"eventTimeToLiveInMinutes":1440}},"id":"/subscriptions/00000000-0000-0000-0000-000000000000/resourceGroups/clitest.rg000001/providers/Microsoft.EventGrid/eventSubscriptions/eventsubscription2","name":"eventsubscription2","type":"Microsoft.EventGrid/eventSubscriptions"}'}
    headers:
      azure-asyncoperation: ['https://management.azure.com:443/subscriptions/00000000-0000-0000-0000-000000000000/providers/Microsoft.EventGrid/operationsStatus/7A1D68BF-ED6E-42E7-9F4A-1B55704BF790?api-version=2018-05-01-preview']
      cache-control: [no-cache]
      content-length: ['825']
      content-type: [application/json; charset=utf-8]
      date: ['Wed, 25 Apr 2018 00:49:17 GMT']
      expires: ['-1']
      pragma: [no-cache]
      server: [Microsoft-HTTPAPI/2.0]
      strict-transport-security: [max-age=31536000; includeSubDomains]
      x-content-type-options: [nosniff]
      x-ms-ratelimit-remaining-subscription-writes: ['1126']
    status: {code: 201, message: Created}
- request:
    body: null
    headers:
      Accept: [application/json]
      Accept-Encoding: ['gzip, deflate']
      CommandName: [eventgrid event-subscription create]
      Connection: [keep-alive]
      User-Agent: [python/3.6.1 (Windows-10-10.0.16299-SP0) requests/2.18.4 msrest/0.4.27
          msrest_azure/0.4.25 azext_eventgrid-mgmt-eventgrid/2018-05-01-preview Azure-SDK-For-Python
          AZURECLI/2.0.31]
    method: GET
    uri: https://management.azure.com/subscriptions/00000000-0000-0000-0000-000000000000/providers/Microsoft.EventGrid/operationsStatus/7A1D68BF-ED6E-42E7-9F4A-1B55704BF790?api-version=2018-05-01-preview
  response:
    body: {string: '{"id":"https://management.azure.com/subscriptions/00000000-0000-0000-0000-000000000000/providers/Microsoft.EventGrid/operationsStatus/7A1D68BF-ED6E-42E7-9F4A-1B55704BF790?api-version=2018-05-01-preview","name":"7a1d68bf-ed6e-42e7-9f4a-1b55704bf790","status":"Succeeded"}'}
    headers:
      cache-control: [no-cache]
      content-length: ['270']
      content-type: [application/json; charset=utf-8]
      date: ['Wed, 25 Apr 2018 00:49:28 GMT']
      expires: ['-1']
      pragma: [no-cache]
      server: [Microsoft-HTTPAPI/2.0]
      strict-transport-security: [max-age=31536000; includeSubDomains]
      transfer-encoding: [chunked]
      vary: [Accept-Encoding]
      x-content-type-options: [nosniff]
    status: {code: 200, message: OK}
- request:
    body: null
    headers:
      Accept: [application/json]
      Accept-Encoding: ['gzip, deflate']
      CommandName: [eventgrid event-subscription create]
      Connection: [keep-alive]
      User-Agent: [python/3.6.1 (Windows-10-10.0.16299-SP0) requests/2.18.4 msrest/0.4.27
          msrest_azure/0.4.25 azext_eventgrid-mgmt-eventgrid/2018-05-01-preview Azure-SDK-For-Python
          AZURECLI/2.0.31]
    method: GET
    uri: https://management.azure.com/subscriptions/00000000-0000-0000-0000-000000000000/resourceGroups/clitest.rg000001/providers/Microsoft.EventGrid/eventSubscriptions/eventsubscription2?api-version=2018-05-01-preview
  response:
    body: {string: '{"properties":{"topic":"/subscriptions/00000000-0000-0000-0000-000000000000/resourceGroups/clitest.rg000001","provisioningState":"Succeeded","destination":{"properties":{"endpointUrl":null,"endpointBaseUrl":"https://kalsfunc1.azurewebsites.net/api/HttpTriggerCSharp1"},"endpointType":"WebHook"},"filter":{"subjectBeginsWith":"mysubject_prefix","subjectEndsWith":"","includedEventTypes":["All"]},"labels":null,"eventDeliverySchema":"EventGridSchema","retryPolicy":{"maxDeliveryAttempts":30,"eventTimeToLiveInMinutes":1440}},"id":"/subscriptions/00000000-0000-0000-0000-000000000000/resourceGroups/clitest.rg000001/providers/Microsoft.EventGrid/eventSubscriptions/eventsubscription2","name":"eventsubscription2","type":"Microsoft.EventGrid/eventSubscriptions"}'}
    headers:
      cache-control: [no-cache]
      content-length: ['876']
      content-type: [application/json; charset=utf-8]
      date: ['Wed, 25 Apr 2018 00:49:29 GMT']
      expires: ['-1']
      pragma: [no-cache]
      server: [Microsoft-HTTPAPI/2.0]
      strict-transport-security: [max-age=31536000; includeSubDomains]
      transfer-encoding: [chunked]
      vary: [Accept-Encoding]
      x-content-type-options: [nosniff]
    status: {code: 200, message: OK}
- request:
    body: null
    headers:
      Accept: [application/json]
      Accept-Encoding: ['gzip, deflate']
      CommandName: [eventgrid event-subscription show]
      Connection: [keep-alive]
      Content-Type: [application/json; charset=utf-8]
      User-Agent: [python/3.6.1 (Windows-10-10.0.16299-SP0) requests/2.18.4 msrest/0.4.27
          msrest_azure/0.4.25 azext_eventgrid-mgmt-eventgrid/2018-05-01-preview Azure-SDK-For-Python
          AZURECLI/2.0.31]
      accept-language: [en-US]
    method: GET
    uri: https://management.azure.com/subscriptions/00000000-0000-0000-0000-000000000000/resourceGroups/clitest.rg000001/providers/Microsoft.EventGrid/eventSubscriptions/eventsubscription2?api-version=2018-05-01-preview
  response:
    body: {string: '{"properties":{"topic":"/subscriptions/00000000-0000-0000-0000-000000000000/resourceGroups/clitest.rg000001","provisioningState":"Succeeded","destination":{"properties":{"endpointUrl":null,"endpointBaseUrl":"https://kalsfunc1.azurewebsites.net/api/HttpTriggerCSharp1"},"endpointType":"WebHook"},"filter":{"subjectBeginsWith":"mysubject_prefix","subjectEndsWith":"","includedEventTypes":["All"]},"labels":null,"eventDeliverySchema":"EventGridSchema","retryPolicy":{"maxDeliveryAttempts":30,"eventTimeToLiveInMinutes":1440}},"id":"/subscriptions/00000000-0000-0000-0000-000000000000/resourceGroups/clitest.rg000001/providers/Microsoft.EventGrid/eventSubscriptions/eventsubscription2","name":"eventsubscription2","type":"Microsoft.EventGrid/eventSubscriptions"}'}
    headers:
      cache-control: [no-cache]
      content-length: ['876']
      content-type: [application/json; charset=utf-8]
      date: ['Wed, 25 Apr 2018 00:49:30 GMT']
      expires: ['-1']
      pragma: [no-cache]
      server: [Microsoft-HTTPAPI/2.0]
      strict-transport-security: [max-age=31536000; includeSubDomains]
      transfer-encoding: [chunked]
      vary: [Accept-Encoding]
      x-content-type-options: [nosniff]
    status: {code: 200, message: OK}
- request:
    body: null
    headers:
      Accept: [application/json]
      Accept-Encoding: ['gzip, deflate']
      CommandName: [eventgrid event-subscription show]
      Connection: [keep-alive]
      Content-Type: [application/json; charset=utf-8]
      User-Agent: [python/3.6.1 (Windows-10-10.0.16299-SP0) requests/2.18.4 msrest/0.4.27
          msrest_azure/0.4.25 azext_eventgrid-mgmt-eventgrid/2018-05-01-preview Azure-SDK-For-Python
          AZURECLI/2.0.31]
      accept-language: [en-US]
    method: GET
    uri: https://management.azure.com/subscriptions/00000000-0000-0000-0000-000000000000/resourceGroups/clitest.rg000001/providers/Microsoft.EventGrid/eventSubscriptions/eventsubscription2?api-version=2018-05-01-preview
  response:
    body: {string: '{"properties":{"topic":"/subscriptions/00000000-0000-0000-0000-000000000000/resourceGroups/clitest.rg000001","provisioningState":"Succeeded","destination":{"properties":{"endpointUrl":null,"endpointBaseUrl":"https://kalsfunc1.azurewebsites.net/api/HttpTriggerCSharp1"},"endpointType":"WebHook"},"filter":{"subjectBeginsWith":"mysubject_prefix","subjectEndsWith":"","includedEventTypes":["All"]},"labels":null,"eventDeliverySchema":"EventGridSchema","retryPolicy":{"maxDeliveryAttempts":30,"eventTimeToLiveInMinutes":1440}},"id":"/subscriptions/00000000-0000-0000-0000-000000000000/resourceGroups/clitest.rg000001/providers/Microsoft.EventGrid/eventSubscriptions/eventsubscription2","name":"eventsubscription2","type":"Microsoft.EventGrid/eventSubscriptions"}'}
    headers:
      cache-control: [no-cache]
      content-length: ['876']
      content-type: [application/json; charset=utf-8]
      date: ['Wed, 25 Apr 2018 00:49:31 GMT']
      expires: ['-1']
      pragma: [no-cache]
      server: [Microsoft-HTTPAPI/2.0]
      strict-transport-security: [max-age=31536000; includeSubDomains]
      transfer-encoding: [chunked]
      vary: [Accept-Encoding]
      x-content-type-options: [nosniff]
    status: {code: 200, message: OK}
- request:
    body: null
    headers:
      Accept: [application/json]
      Accept-Encoding: ['gzip, deflate']
      CommandName: [eventgrid event-subscription show]
      Connection: [keep-alive]
      Content-Length: ['0']
      Content-Type: [application/json; charset=utf-8]
      User-Agent: [python/3.6.1 (Windows-10-10.0.16299-SP0) requests/2.18.4 msrest/0.4.27
          msrest_azure/0.4.25 azext_eventgrid-mgmt-eventgrid/2018-05-01-preview Azure-SDK-For-Python
          AZURECLI/2.0.31]
      accept-language: [en-US]
    method: POST
    uri: https://management.azure.com/subscriptions/00000000-0000-0000-0000-000000000000/resourceGroups/clitest.rg000001/providers/Microsoft.EventGrid/eventSubscriptions/eventsubscription2/getFullUrl?api-version=2018-05-01-preview
  response:
    body: {string: '{"endpointUrl":"https://kalsfunc1.azurewebsites.net/api/HttpTriggerCSharp1?code=D5/lX4xgFOvJrgvgZsjhMpg9h/eC3XVdQzGuDvwQuGmrDUfxFNeyiQ=="}'}
    headers:
      cache-control: [no-cache]
      content-length: ['138']
      content-type: [application/json; charset=utf-8]
      date: ['Wed, 25 Apr 2018 00:49:32 GMT']
      expires: ['-1']
      pragma: [no-cache]
      server: [Microsoft-HTTPAPI/2.0]
      strict-transport-security: [max-age=31536000; includeSubDomains]
      transfer-encoding: [chunked]
      vary: [Accept-Encoding]
      x-content-type-options: [nosniff]
      x-ms-ratelimit-remaining-subscription-writes: ['1123']
    status: {code: 200, message: OK}
- request:
    body: null
    headers:
      Accept: [application/json]
      Accept-Encoding: ['gzip, deflate']
      CommandName: [eventgrid event-subscription update]
      Connection: [keep-alive]
      Content-Type: [application/json; charset=utf-8]
      User-Agent: [python/3.6.1 (Windows-10-10.0.16299-SP0) requests/2.18.4 msrest/0.4.27
          msrest_azure/0.4.25 azext_eventgrid-mgmt-eventgrid/2018-05-01-preview Azure-SDK-For-Python
          AZURECLI/2.0.31]
      accept-language: [en-US]
    method: GET
    uri: https://management.azure.com/subscriptions/00000000-0000-0000-0000-000000000000/resourceGroups/clitest.rg000001/providers/Microsoft.EventGrid/eventSubscriptions/eventsubscription2?api-version=2018-05-01-preview
  response:
    body: {string: '{"properties":{"topic":"/subscriptions/00000000-0000-0000-0000-000000000000/resourceGroups/clitest.rg000001","provisioningState":"Succeeded","destination":{"properties":{"endpointUrl":null,"endpointBaseUrl":"https://kalsfunc1.azurewebsites.net/api/HttpTriggerCSharp1"},"endpointType":"WebHook"},"filter":{"subjectBeginsWith":"mysubject_prefix","subjectEndsWith":"","includedEventTypes":["All"]},"labels":null,"eventDeliverySchema":"EventGridSchema","retryPolicy":{"maxDeliveryAttempts":30,"eventTimeToLiveInMinutes":1440}},"id":"/subscriptions/00000000-0000-0000-0000-000000000000/resourceGroups/clitest.rg000001/providers/Microsoft.EventGrid/eventSubscriptions/eventsubscription2","name":"eventsubscription2","type":"Microsoft.EventGrid/eventSubscriptions"}'}
    headers:
      cache-control: [no-cache]
      content-length: ['876']
      content-type: [application/json; charset=utf-8]
      date: ['Wed, 25 Apr 2018 00:49:32 GMT']
      expires: ['-1']
      pragma: [no-cache]
      server: [Microsoft-HTTPAPI/2.0]
      strict-transport-security: [max-age=31536000; includeSubDomains]
      transfer-encoding: [chunked]
      vary: [Accept-Encoding]
      x-content-type-options: [nosniff]
    status: {code: 200, message: OK}
- request:
    body: '{"destination": {"endpointType": "WebHook", "properties": {"endpointUrl":
      "https://kalsfunc1.azurewebsites.net/api/HttpTriggerCSharp1?code=D5/lX4xgFOvJrgvgZsjhMpg9h/eC3XVdQzGuDvwQuGmrDUfxFNeyiQ=="}},
      "filter": {"subjectBeginsWith": "mysubject_prefix", "subjectEndsWith": ".jpg",
      "includedEventTypes": ["All"]}}'
    headers:
      Accept: [application/json]
      Accept-Encoding: ['gzip, deflate']
      CommandName: [eventgrid event-subscription update]
      Connection: [keep-alive]
      Content-Length: ['310']
      Content-Type: [application/json; charset=utf-8]
      User-Agent: [python/3.6.1 (Windows-10-10.0.16299-SP0) requests/2.18.4 msrest/0.4.27
          msrest_azure/0.4.25 azext_eventgrid-mgmt-eventgrid/2018-05-01-preview Azure-SDK-For-Python
          AZURECLI/2.0.31]
      accept-language: [en-US]
    method: PATCH
    uri: https://management.azure.com/subscriptions/00000000-0000-0000-0000-000000000000/resourceGroups/clitest.rg000001/providers/Microsoft.EventGrid/eventSubscriptions/eventsubscription2?api-version=2018-05-01-preview
  response:
    body: {string: '{"properties":{"topic":"/subscriptions/00000000-0000-0000-0000-000000000000/resourceGroups/clitest.rg000001","provisioningState":"Updating","destination":{"properties":{"endpointUrl":null,"endpointBaseUrl":"https://kalsfunc1.azurewebsites.net/api/HttpTriggerCSharp1"},"endpointType":"WebHook"},"filter":{"subjectBeginsWith":"mysubject_prefix","subjectEndsWith":".jpg","includedEventTypes":["All"]},"labels":null,"eventDeliverySchema":"EventGridSchema","retryPolicy":{"maxDeliveryAttempts":30,"eventTimeToLiveInMinutes":1440}},"id":"/subscriptions/00000000-0000-0000-0000-000000000000/resourceGroups/clitest.rg000001/providers/Microsoft.EventGrid/eventSubscriptions/eventsubscription2","name":"eventsubscription2","type":"Microsoft.EventGrid/eventSubscriptions"}'}
    headers:
      azure-asyncoperation: ['https://management.azure.com:443/subscriptions/00000000-0000-0000-0000-000000000000/providers/Microsoft.EventGrid/operationsStatus/0CF66B41-3034-4314-AA4F-987A0E981F99?api-version=2018-05-01-preview']
      cache-control: [no-cache]
      content-length: ['879']
      content-type: [application/json; charset=utf-8]
      date: ['Wed, 25 Apr 2018 00:49:34 GMT']
      expires: ['-1']
      pragma: [no-cache]
      server: [Microsoft-HTTPAPI/2.0]
      strict-transport-security: [max-age=31536000; includeSubDomains]
      x-content-type-options: [nosniff]
      x-ms-ratelimit-remaining-subscription-writes: ['1173']
    status: {code: 201, message: Created}
- request:
    body: null
    headers:
      Accept: [application/json]
      Accept-Encoding: ['gzip, deflate']
      CommandName: [eventgrid event-subscription update]
      Connection: [keep-alive]
      User-Agent: [python/3.6.1 (Windows-10-10.0.16299-SP0) requests/2.18.4 msrest/0.4.27
          msrest_azure/0.4.25 azext_eventgrid-mgmt-eventgrid/2018-05-01-preview Azure-SDK-For-Python
          AZURECLI/2.0.31]
    method: GET
    uri: https://management.azure.com/subscriptions/00000000-0000-0000-0000-000000000000/providers/Microsoft.EventGrid/operationsStatus/0CF66B41-3034-4314-AA4F-987A0E981F99?api-version=2018-05-01-preview
  response:
    body: {string: '{"id":"https://management.azure.com/subscriptions/00000000-0000-0000-0000-000000000000/providers/Microsoft.EventGrid/operationsStatus/0CF66B41-3034-4314-AA4F-987A0E981F99?api-version=2018-05-01-preview","name":"0cf66b41-3034-4314-aa4f-987a0e981f99","status":"Succeeded"}'}
    headers:
      cache-control: [no-cache]
      content-length: ['270']
      content-type: [application/json; charset=utf-8]
      date: ['Wed, 25 Apr 2018 00:49:45 GMT']
      expires: ['-1']
      pragma: [no-cache]
      server: [Microsoft-HTTPAPI/2.0]
      strict-transport-security: [max-age=31536000; includeSubDomains]
      transfer-encoding: [chunked]
      vary: [Accept-Encoding]
      x-content-type-options: [nosniff]
    status: {code: 200, message: OK}
- request:
    body: null
    headers:
      Accept: [application/json]
      Accept-Encoding: ['gzip, deflate']
      CommandName: [eventgrid event-subscription update]
      Connection: [keep-alive]
      User-Agent: [python/3.6.1 (Windows-10-10.0.16299-SP0) requests/2.18.4 msrest/0.4.27
          msrest_azure/0.4.25 azext_eventgrid-mgmt-eventgrid/2018-05-01-preview Azure-SDK-For-Python
          AZURECLI/2.0.31]
    method: GET
    uri: https://management.azure.com/subscriptions/00000000-0000-0000-0000-000000000000/resourceGroups/clitest.rg000001/providers/Microsoft.EventGrid/eventSubscriptions/eventsubscription2?api-version=2018-05-01-preview
  response:
    body: {string: '{"properties":{"topic":"/subscriptions/00000000-0000-0000-0000-000000000000/resourceGroups/clitest.rg000001","provisioningState":"Succeeded","destination":{"properties":{"endpointUrl":null,"endpointBaseUrl":"https://kalsfunc1.azurewebsites.net/api/HttpTriggerCSharp1"},"endpointType":"WebHook"},"filter":{"subjectBeginsWith":"mysubject_prefix","subjectEndsWith":".jpg","includedEventTypes":["All"]},"labels":null},"id":"/subscriptions/00000000-0000-0000-0000-000000000000/resourceGroups/clitest.rg000001/providers/Microsoft.EventGrid/eventSubscriptions/eventsubscription2","name":"eventsubscription2","type":"Microsoft.EventGrid/eventSubscriptions"}'}
    headers:
      cache-control: [no-cache]
      content-length: ['767']
      content-type: [application/json; charset=utf-8]
      date: ['Wed, 25 Apr 2018 00:49:45 GMT']
      expires: ['-1']
      pragma: [no-cache]
      server: [Microsoft-HTTPAPI/2.0]
      strict-transport-security: [max-age=31536000; includeSubDomains]
      transfer-encoding: [chunked]
      vary: [Accept-Encoding]
      x-content-type-options: [nosniff]
    status: {code: 200, message: OK}
- request:
    body: null
    headers:
      Accept: [application/json]
      Accept-Encoding: ['gzip, deflate']
      CommandName: [eventgrid event-subscription list]
      Connection: [keep-alive]
      Content-Type: [application/json; charset=utf-8]
      User-Agent: [python/3.6.1 (Windows-10-10.0.16299-SP0) requests/2.18.4 msrest/0.4.27
          msrest_azure/0.4.25 azext_eventgrid-mgmt-eventgrid/2018-05-01-preview Azure-SDK-For-Python
          AZURECLI/2.0.31]
      accept-language: [en-US]
    method: GET
    uri: https://management.azure.com/subscriptions/00000000-0000-0000-0000-000000000000/resourceGroups/clitest.rg000001/providers/Microsoft.EventGrid/eventSubscriptions?api-version=2018-05-01-preview
  response:
    body: {string: '{"value":[{"properties":{"topic":"/subscriptions/00000000-0000-0000-0000-000000000000/resourceGroups/clitest.rg000001","provisioningState":"Succeeded","destination":{"properties":{"endpointUrl":null,"endpointBaseUrl":"https://kalsfunc1.azurewebsites.net/api/HttpTriggerCSharp1"},"endpointType":"WebHook"},"filter":{"subjectBeginsWith":"mysubject_prefix","subjectEndsWith":".jpg","includedEventTypes":["All"]},"labels":null},"id":"/subscriptions/00000000-0000-0000-0000-000000000000/resourceGroups/clitest.rg000001/providers/Microsoft.EventGrid/eventSubscriptions/eventsubscription2","name":"eventsubscription2","type":"Microsoft.EventGrid/eventSubscriptions"}]}'}
    headers:
      cache-control: [no-cache]
      content-length: ['779']
      content-type: [application/json; charset=utf-8]
      date: ['Wed, 25 Apr 2018 00:49:47 GMT']
      expires: ['-1']
      pragma: [no-cache]
      server: [Microsoft-HTTPAPI/2.0]
      strict-transport-security: [max-age=31536000; includeSubDomains]
      transfer-encoding: [chunked]
      vary: [Accept-Encoding]
      x-content-type-options: [nosniff]
    status: {code: 200, message: OK}
- request:
    body: null
    headers:
      Accept: [application/json]
      Accept-Encoding: ['gzip, deflate']
      CommandName: [eventgrid event-subscription delete]
      Connection: [keep-alive]
      Content-Length: ['0']
      Content-Type: [application/json; charset=utf-8]
      User-Agent: [python/3.6.1 (Windows-10-10.0.16299-SP0) requests/2.18.4 msrest/0.4.27
          msrest_azure/0.4.25 azext_eventgrid-mgmt-eventgrid/2018-05-01-preview Azure-SDK-For-Python
          AZURECLI/2.0.31]
      accept-language: [en-US]
    method: DELETE
    uri: https://management.azure.com/subscriptions/00000000-0000-0000-0000-000000000000/resourceGroups/clitest.rg000001/providers/Microsoft.EventGrid/eventSubscriptions/eventsubscription2?api-version=2018-05-01-preview
  response:
    body: {string: ''}
    headers:
      cache-control: [no-cache]
      content-length: ['0']
      date: ['Wed, 25 Apr 2018 00:49:48 GMT']
      expires: ['-1']
      location: ['https://management.azure.com/subscriptions/00000000-0000-0000-0000-000000000000/providers/Microsoft.EventGrid/operationResults/2C7B3BC1-A96E-456C-927A-57D22046D615?api-version=2018-05-01-preview']
      pragma: [no-cache]
      server: [Microsoft-HTTPAPI/2.0]
      strict-transport-security: [max-age=31536000; includeSubDomains]
      x-content-type-options: [nosniff]
      x-ms-ratelimit-remaining-subscription-writes: ['1168']
    status: {code: 202, message: Accepted}
- request:
    body: null
    headers:
      Accept: [application/json]
      Accept-Encoding: ['gzip, deflate']
      CommandName: [eventgrid event-subscription delete]
      Connection: [keep-alive]
      User-Agent: [python/3.6.1 (Windows-10-10.0.16299-SP0) requests/2.18.4 msrest/0.4.27
          msrest_azure/0.4.25 azext_eventgrid-mgmt-eventgrid/2018-05-01-preview Azure-SDK-For-Python
          AZURECLI/2.0.31]
    method: GET
    uri: https://management.azure.com/subscriptions/00000000-0000-0000-0000-000000000000/providers/Microsoft.EventGrid/operationResults/2C7B3BC1-A96E-456C-927A-57D22046D615?api-version=2018-05-01-preview
  response:
    body: {string: ''}
    headers:
      cache-control: [no-cache]
      content-length: ['0']
      date: ['Wed, 25 Apr 2018 00:49:58 GMT']
      expires: ['-1']
      pragma: [no-cache]
      server: [Microsoft-HTTPAPI/2.0]
      strict-transport-security: [max-age=31536000; includeSubDomains]
      x-content-type-options: [nosniff]
    status: {code: 200, message: OK}
- request:
    body: null
    headers:
      Accept: [application/json]
      Accept-Encoding: ['gzip, deflate']
      CommandName: [group delete]
      Connection: [keep-alive]
      Content-Length: ['0']
      Content-Type: [application/json; charset=utf-8]
      User-Agent: [python/3.6.1 (Windows-10-10.0.16299-SP0) requests/2.18.4 msrest/0.4.27
          msrest_azure/0.4.25 resourcemanagementclient/1.2.1 Azure-SDK-For-Python
          AZURECLI/2.0.31]
      accept-language: [en-US]
    method: DELETE
    uri: https://management.azure.com/subscriptions/00000000-0000-0000-0000-000000000000/resourcegroups/clitest.rg000001?api-version=2017-05-10
  response:
    body: {string: ''}
    headers:
      cache-control: [no-cache]
      content-length: ['0']
      date: ['Wed, 25 Apr 2018 00:50:00 GMT']
      expires: ['-1']
      location: ['https://management.azure.com/subscriptions/00000000-0000-0000-0000-000000000000/operationresults/eyJqb2JJZCI6IlJFU09VUkNFR1JPVVBERUxFVElPTkpPQi1DTElURVNUOjJFUkdTNkIyMkg3TDNVQU80VUgyTzVLNEk1SkhOSzZNWkNPUVhXM3xGQTQyMUE1OUI4Qzc0MzUxLVdFU1RVUyIsImpvYkxvY2F0aW9uIjoid2VzdHVzIn0?api-version=2017-05-10']
      pragma: [no-cache]
      strict-transport-security: [max-age=31536000; includeSubDomains]
      x-content-type-options: [nosniff]
      x-ms-ratelimit-remaining-subscription-writes: ['1155']
    status: {code: 202, message: Accepted}
version: 1
