interactions:
- request:
    body: '{"sku": {"name": "Standard_LRS"}, "kind": "StorageV2", "location": "centraluseuap"}'
    headers:
      Accept:
      - application/json
      Accept-Encoding:
      - gzip, deflate
      CommandName:
      - storage account create
      Connection:
      - keep-alive
      Content-Length:
      - '83'
      Content-Type:
      - application/json; charset=utf-8
      ParameterSetName:
      - -g -n --sku -l
      User-Agent:
      - python/3.7.5 (Windows-10-10.0.18362-SP0) msrest/0.6.11 msrest_azure/0.6.2
        azure-mgmt-storage/7.2.0 Azure-SDK-For-Python AZURECLI/2.1.0
      accept-language:
      - en-US
    method: PUT
    uri: https://management.azure.com/subscriptions/00000000-0000-0000-0000-000000000000/resourceGroups/clitest.rg000001/providers/Microsoft.Storage/storageAccounts/clieventgrid000002?api-version=2019-06-01
  response:
    body:
      string: '{"sku":{"name":"Standard_LRS","tier":"Standard"},"kind":"StorageV2","id":"/subscriptions/00000000-0000-0000-0000-000000000000/resourceGroups/clitest.rg000001/providers/Microsoft.Storage/storageAccounts/clieventgrid000002","name":"clieventgrid000002","type":"Microsoft.Storage/storageAccounts","location":"centraluseuap","tags":{},"properties":{"privateEndpointConnections":[],"networkAcls":{"bypass":"AzureServices","virtualNetworkRules":[],"ipRules":[],"defaultAction":"Allow"},"supportsHttpsTrafficOnly":true,"encryption":{"services":{"file":{"keyType":"Account","enabled":true,"lastEnabledTime":"2020-04-14T09:50:50.6475921Z"},"blob":{"keyType":"Account","enabled":true,"lastEnabledTime":"2020-04-14T09:50:50.6475921Z"}},"keySource":"Microsoft.Storage"},"accessTier":"Hot","provisioningState":"Succeeded","creationTime":"2020-04-14T09:50:50.5850628Z","primaryEndpoints":{"dfs":"https://clieventgrid000002.dfs.core.windows.net/","web":"https://clieventgrid000002.z2.web.core.windows.net/","blob":"https://clieventgrid000002.blob.core.windows.net/","queue":"https://clieventgrid000002.queue.core.windows.net/","table":"https://clieventgrid000002.table.core.windows.net/","file":"https://clieventgrid000002.file.core.windows.net/"},"primaryLocation":"centraluseuap","statusOfPrimary":"available"}}'
    headers:
      cache-control:
      - no-cache
      content-length:
      - '1404'
      content-type:
      - application/json
      date:
      - Tue, 14 Apr 2020 09:51:11 GMT
      expires:
      - '-1'
      pragma:
      - no-cache
      server:
      - Microsoft-Azure-Storage-Resource-Provider/1.0,Microsoft-HTTPAPI/2.0 Microsoft-HTTPAPI/2.0
      strict-transport-security:
      - max-age=31536000; includeSubDomains
      transfer-encoding:
      - chunked
      vary:
      - Accept-Encoding
      x-content-type-options:
      - nosniff
      x-ms-ratelimit-remaining-subscription-writes:
      - '1198'
    status:
      code: 200
      message: OK
- request:
    body: null
    headers:
      Accept:
      - application/json
      Accept-Encoding:
      - gzip, deflate
      CommandName:
      - storage account update
      Connection:
      - keep-alive
      ParameterSetName:
      - -g -n --set
      User-Agent:
      - python/3.7.5 (Windows-10-10.0.18362-SP0) msrest/0.6.11 msrest_azure/0.6.2
        azure-mgmt-storage/7.2.0 Azure-SDK-For-Python AZURECLI/2.1.0
      accept-language:
      - en-US
    method: GET
    uri: https://management.azure.com/subscriptions/00000000-0000-0000-0000-000000000000/resourceGroups/clitest.rg000001/providers/Microsoft.Storage/storageAccounts/clieventgrid000002?api-version=2019-06-01
  response:
    body:
      string: '{"sku":{"name":"Standard_LRS","tier":"Standard"},"kind":"StorageV2","id":"/subscriptions/00000000-0000-0000-0000-000000000000/resourceGroups/clitest.rg000001/providers/Microsoft.Storage/storageAccounts/clieventgrid000002","name":"clieventgrid000002","type":"Microsoft.Storage/storageAccounts","location":"centraluseuap","tags":{},"properties":{"privateEndpointConnections":[],"networkAcls":{"bypass":"AzureServices","virtualNetworkRules":[],"ipRules":[],"defaultAction":"Allow"},"supportsHttpsTrafficOnly":true,"encryption":{"services":{"file":{"keyType":"Account","enabled":true,"lastEnabledTime":"2020-04-14T09:50:50.6475921Z"},"blob":{"keyType":"Account","enabled":true,"lastEnabledTime":"2020-04-14T09:50:50.6475921Z"}},"keySource":"Microsoft.Storage"},"accessTier":"Hot","provisioningState":"Succeeded","creationTime":"2020-04-14T09:50:50.5850628Z","primaryEndpoints":{"dfs":"https://clieventgrid000002.dfs.core.windows.net/","web":"https://clieventgrid000002.z2.web.core.windows.net/","blob":"https://clieventgrid000002.blob.core.windows.net/","queue":"https://clieventgrid000002.queue.core.windows.net/","table":"https://clieventgrid000002.table.core.windows.net/","file":"https://clieventgrid000002.file.core.windows.net/"},"primaryLocation":"centraluseuap","statusOfPrimary":"available"}}'
    headers:
      cache-control:
      - no-cache
      content-length:
      - '1404'
      content-type:
      - application/json
      date:
      - Tue, 14 Apr 2020 09:51:11 GMT
      expires:
      - '-1'
      pragma:
      - no-cache
      server:
      - Microsoft-Azure-Storage-Resource-Provider/1.0,Microsoft-HTTPAPI/2.0 Microsoft-HTTPAPI/2.0
      strict-transport-security:
      - max-age=31536000; includeSubDomains
      transfer-encoding:
      - chunked
      vary:
      - Accept-Encoding
      x-content-type-options:
      - nosniff
    status:
      code: 200
      message: OK
- request:
    body: '{"sku": {"name": "Standard_LRS", "tier": "Standard"}, "tags": {}, "properties":
      {"encryption": {"services": {"blob": {"enabled": true, "keyType": "Account"},
      "file": {"enabled": true, "keyType": "Account"}}, "keySource": "Microsoft.Storage"},
      "accessTier": "Hot", "supportsHttpsTrafficOnly": true, "networkAcls": {"bypass":
      "AzureServices", "virtualNetworkRules": [], "ipRules": [], "defaultAction":
      "Allow"}}, "kind": "StorageV2"}'
    headers:
      Accept:
      - application/json
      Accept-Encoding:
      - gzip, deflate
      CommandName:
      - storage account update
      Connection:
      - keep-alive
      Content-Length:
      - '431'
      Content-Type:
      - application/json; charset=utf-8
      ParameterSetName:
      - -g -n --set
      User-Agent:
      - python/3.7.5 (Windows-10-10.0.18362-SP0) msrest/0.6.11 msrest_azure/0.6.2
        azure-mgmt-storage/7.2.0 Azure-SDK-For-Python AZURECLI/2.1.0
      accept-language:
      - en-US
    method: PATCH
    uri: https://management.azure.com/subscriptions/00000000-0000-0000-0000-000000000000/resourceGroups/clitest.rg000001/providers/Microsoft.Storage/storageAccounts/clieventgrid000002?api-version=2019-06-01
  response:
    body:
      string: '{"sku":{"name":"Standard_LRS","tier":"Standard"},"kind":"StorageV2","id":"/subscriptions/00000000-0000-0000-0000-000000000000/resourceGroups/clitest.rg000001/providers/Microsoft.Storage/storageAccounts/clieventgrid000002","name":"clieventgrid000002","type":"Microsoft.Storage/storageAccounts","location":"centraluseuap","tags":{},"properties":{"privateEndpointConnections":[],"networkAcls":{"bypass":"AzureServices","virtualNetworkRules":[],"ipRules":[],"defaultAction":"Allow"},"supportsHttpsTrafficOnly":true,"encryption":{"services":{"file":{"keyType":"Account","enabled":true,"lastEnabledTime":"2020-04-14T09:50:50.6475921Z"},"blob":{"keyType":"Account","enabled":true,"lastEnabledTime":"2020-04-14T09:50:50.6475921Z"}},"keySource":"Microsoft.Storage"},"accessTier":"Hot","provisioningState":"Succeeded","creationTime":"2020-04-14T09:50:50.5850628Z","primaryEndpoints":{"dfs":"https://clieventgrid000002.dfs.core.windows.net/","web":"https://clieventgrid000002.z2.web.core.windows.net/","blob":"https://clieventgrid000002.blob.core.windows.net/","queue":"https://clieventgrid000002.queue.core.windows.net/","table":"https://clieventgrid000002.table.core.windows.net/","file":"https://clieventgrid000002.file.core.windows.net/"},"primaryLocation":"centraluseuap","statusOfPrimary":"available"}}'
    headers:
      cache-control:
      - no-cache
      content-length:
      - '1404'
      content-type:
      - application/json
      date:
      - Tue, 14 Apr 2020 09:51:12 GMT
      expires:
      - '-1'
      pragma:
      - no-cache
      server:
      - Microsoft-Azure-Storage-Resource-Provider/1.0,Microsoft-HTTPAPI/2.0 Microsoft-HTTPAPI/2.0
      strict-transport-security:
      - max-age=31536000; includeSubDomains
      transfer-encoding:
      - chunked
      vary:
      - Accept-Encoding
      x-content-type-options:
      - nosniff
      x-ms-ratelimit-remaining-subscription-writes:
      - '1198'
    status:
      code: 200
      message: OK
- request:
    body: '{"properties": {"destination": {"endpointType": "StorageQueue", "properties":
      {"resourceId": "/subscriptions/00000000-0000-0000-0000-000000000000/resourceGroups/DevExpRg/providers/Microsoft.Storage/storageAccounts/devexpstg",
      "queueName": "stogqueuedestination"}}, "filter": {"subjectBeginsWith": "SomeRandomText1",
      "subjectEndsWith": "SomeRandomText2", "isSubjectCaseSensitive": false}, "eventDeliverySchema":
      "CloudEventSchemaV1_0", "retryPolicy": {"maxDeliveryAttempts": 30, "eventTimeToLiveInMinutes":
      1440}, "deadLetterDestination": {"endpointType": "StorageBlob", "properties":
      {"resourceId": "/subscriptions/00000000-0000-0000-0000-000000000000/resourceGroups/DevExpRg/providers/Microsoft.Storage/storageAccounts/devexpstg",
      "blobContainerName": "dlq"}}}}'
    headers:
      Accept:
      - application/json
      Accept-Encoding:
      - gzip, deflate
      CommandName:
      - eventgrid event-subscription create
      Connection:
      - keep-alive
      Content-Length:
      - '762'
      Content-Type:
      - application/json; charset=utf-8
      ParameterSetName:
      - --source-resource-id --name --endpoint-type --endpoint --event-delivery-schema
        --deadletter-endpoint --subject-begins-with --subject-ends-with
      User-Agent:
      - python/3.7.5 (Windows-10-10.0.18362-SP0) msrest/0.6.11 msrest_azure/0.6.2
        azure-mgmt-eventgrid/3.0.0rc6 Azure-SDK-For-Python AZURECLI/2.1.0
      accept-language:
      - en-US
    method: PUT
    uri: https://management.azure.com/subscriptions/00000000-0000-0000-0000-000000000000/resourceGroups/clitest.rg000001/providers/Microsoft.Storage/storageAccounts/clieventgrid000002/providers/Microsoft.EventGrid/eventSubscriptions/CliTestEventsubscription1?api-version=2020-04-01-preview
  response:
    body:
      string: '{"properties":{"topic":"/subscriptions/00000000-0000-0000-0000-000000000000/resourceGroups/clitest.rg000001/providers/microsoft.storage/storageaccounts/clieventgrid000002","provisioningState":"Creating","destination":{"properties":{"resourceId":"/subscriptions/00000000-0000-0000-0000-000000000000/resourceGroups/DevExpRg/providers/Microsoft.Storage/storageAccounts/devexpstg","queueName":"stogqueuedestination"},"endpointType":"StorageQueue"},"filter":{"subjectBeginsWith":"SomeRandomText1","subjectEndsWith":"SomeRandomText2","includedEventTypes":["Microsoft.Storage.BlobCreated","Microsoft.Storage.BlobDeleted"]},"labels":null,"eventDeliverySchema":"CloudEventSchemaV1_0","retryPolicy":{"maxDeliveryAttempts":30,"eventTimeToLiveInMinutes":1440},"deadLetterDestination":{"properties":{"resourceId":"/subscriptions/00000000-0000-0000-0000-000000000000/resourceGroups/DevExpRg/providers/Microsoft.Storage/storageAccounts/devexpstg","blobContainerName":"dlq"},"endpointType":"StorageBlob"}},"id":"/subscriptions/00000000-0000-0000-0000-000000000000/resourceGroups/clitest.rg000001/providers/Microsoft.Storage/storageAccounts/clieventgrid000002/providers/Microsoft.EventGrid/eventSubscriptions/CliTestEventsubscription1","name":"CliTestEventsubscription1","type":"Microsoft.EventGrid/eventSubscriptions"}'
    headers:
      azure-asyncoperation:
      - https://management.azure.com:443/subscriptions/00000000-0000-0000-0000-000000000000/providers/Microsoft.EventGrid/locations/centraluseuap/operationsStatus/3D713727-7E92-485F-B239-B7A049739930?api-version=2020-04-01-preview
      cache-control:
      - no-cache
      content-length:
      - '1432'
      content-type:
      - application/json; charset=utf-8
      date:
      - Tue, 14 Apr 2020 09:51:14 GMT
      expires:
      - '-1'
      pragma:
      - no-cache
      server:
      - Microsoft-HTTPAPI/2.0
      strict-transport-security:
      - max-age=31536000; includeSubDomains
      x-content-type-options:
      - nosniff
      x-ms-ratelimit-remaining-subscription-resource-requests:
      - '899'
    status:
      code: 201
      message: Created
- request:
    body: null
    headers:
      Accept:
      - application/json
      Accept-Encoding:
      - gzip, deflate
      CommandName:
      - eventgrid event-subscription create
      Connection:
      - keep-alive
      ParameterSetName:
      - --source-resource-id --name --endpoint-type --endpoint --event-delivery-schema
        --deadletter-endpoint --subject-begins-with --subject-ends-with
      User-Agent:
      - python/3.7.5 (Windows-10-10.0.18362-SP0) msrest/0.6.11 msrest_azure/0.6.2
        azure-mgmt-eventgrid/3.0.0rc6 Azure-SDK-For-Python AZURECLI/2.1.0
    method: GET
    uri: https://management.azure.com/subscriptions/00000000-0000-0000-0000-000000000000/providers/Microsoft.EventGrid/locations/centraluseuap/operationsStatus/3D713727-7E92-485F-B239-B7A049739930?api-version=2020-04-01-preview
  response:
    body:
      string: '{"id":"https://management.azure.com/subscriptions/00000000-0000-0000-0000-000000000000/providers/Microsoft.EventGrid/locations/centraluseuap/operationsStatus/3D713727-7E92-485F-B239-B7A049739930?api-version=2020-04-01-preview","name":"3d713727-7e92-485f-b239-b7a049739930","status":"Succeeded"}'
    headers:
      cache-control:
      - no-cache
      content-length:
      - '294'
      content-type:
      - application/json; charset=utf-8
      date:
      - Tue, 14 Apr 2020 09:51:25 GMT
      expires:
      - '-1'
      pragma:
      - no-cache
      server:
      - Microsoft-HTTPAPI/2.0
      strict-transport-security:
      - max-age=31536000; includeSubDomains
      transfer-encoding:
      - chunked
      vary:
      - Accept-Encoding
      x-content-type-options:
      - nosniff
    status:
      code: 200
      message: OK
- request:
    body: null
    headers:
      Accept:
      - application/json
      Accept-Encoding:
      - gzip, deflate
      CommandName:
      - eventgrid event-subscription create
      Connection:
      - keep-alive
      ParameterSetName:
      - --source-resource-id --name --endpoint-type --endpoint --event-delivery-schema
        --deadletter-endpoint --subject-begins-with --subject-ends-with
      User-Agent:
      - python/3.7.5 (Windows-10-10.0.18362-SP0) msrest/0.6.11 msrest_azure/0.6.2
        azure-mgmt-eventgrid/3.0.0rc6 Azure-SDK-For-Python AZURECLI/2.1.0
    method: GET
    uri: https://management.azure.com/subscriptions/00000000-0000-0000-0000-000000000000/resourceGroups/clitest.rg000001/providers/Microsoft.Storage/storageAccounts/clieventgrid000002/providers/Microsoft.EventGrid/eventSubscriptions/CliTestEventsubscription1?api-version=2020-04-01-preview
  response:
    body:
      string: '{"properties":{"topic":"/subscriptions/00000000-0000-0000-0000-000000000000/resourceGroups/clitest.rg000001/providers/microsoft.storage/storageaccounts/clieventgrid000002","provisioningState":"Succeeded","destination":{"properties":{"resourceId":"/subscriptions/00000000-0000-0000-0000-000000000000/resourceGroups/DevExpRg/providers/Microsoft.Storage/storageAccounts/devexpstg","queueName":"stogqueuedestination"},"endpointType":"StorageQueue"},"filter":{"subjectBeginsWith":"SomeRandomText1","subjectEndsWith":"SomeRandomText2","includedEventTypes":["Microsoft.Storage.BlobCreated","Microsoft.Storage.BlobDeleted"]},"labels":null,"eventDeliverySchema":"CloudEventSchemaV1_0","retryPolicy":{"maxDeliveryAttempts":30,"eventTimeToLiveInMinutes":1440},"deadLetterDestination":{"properties":{"resourceId":"/subscriptions/00000000-0000-0000-0000-000000000000/resourceGroups/DevExpRg/providers/Microsoft.Storage/storageAccounts/devexpstg","blobContainerName":"dlq"},"endpointType":"StorageBlob"}},"id":"/subscriptions/00000000-0000-0000-0000-000000000000/resourceGroups/clitest.rg000001/providers/Microsoft.Storage/storageAccounts/clieventgrid000002/providers/Microsoft.EventGrid/eventSubscriptions/CliTestEventsubscription1","name":"CliTestEventsubscription1","type":"Microsoft.EventGrid/eventSubscriptions"}'
    headers:
      cache-control:
      - no-cache
      content-length:
      - '1433'
      content-type:
      - application/json; charset=utf-8
      date:
      - Tue, 14 Apr 2020 09:51:25 GMT
      expires:
      - '-1'
      pragma:
      - no-cache
      server:
      - Microsoft-HTTPAPI/2.0
      strict-transport-security:
      - max-age=31536000; includeSubDomains
      transfer-encoding:
      - chunked
      vary:
      - Accept-Encoding
      x-content-type-options:
      - nosniff
    status:
      code: 200
      message: OK
- request:
    body: null
    headers:
      Accept:
      - application/json
      Accept-Encoding:
      - gzip, deflate
      CommandName:
      - eventgrid event-subscription show
      Connection:
      - keep-alive
      ParameterSetName:
      - --source-resource-id --name
      User-Agent:
      - python/3.7.5 (Windows-10-10.0.18362-SP0) msrest/0.6.11 msrest_azure/0.6.2
        azure-mgmt-eventgrid/3.0.0rc6 Azure-SDK-For-Python AZURECLI/2.1.0
      accept-language:
      - en-US
    method: GET
    uri: https://management.azure.com/subscriptions/00000000-0000-0000-0000-000000000000/resourceGroups/clitest.rg000001/providers/Microsoft.Storage/storageAccounts/clieventgrid000002/providers/Microsoft.EventGrid/eventSubscriptions/CliTestEventsubscription1?api-version=2020-04-01-preview
  response:
    body:
      string: '{"properties":{"topic":"/subscriptions/00000000-0000-0000-0000-000000000000/resourceGroups/clitest.rg000001/providers/microsoft.storage/storageaccounts/clieventgrid000002","provisioningState":"Succeeded","destination":{"properties":{"resourceId":"/subscriptions/00000000-0000-0000-0000-000000000000/resourceGroups/DevExpRg/providers/Microsoft.Storage/storageAccounts/devexpstg","queueName":"stogqueuedestination"},"endpointType":"StorageQueue"},"filter":{"subjectBeginsWith":"SomeRandomText1","subjectEndsWith":"SomeRandomText2","includedEventTypes":["Microsoft.Storage.BlobCreated","Microsoft.Storage.BlobDeleted"]},"labels":null,"eventDeliverySchema":"CloudEventSchemaV1_0","retryPolicy":{"maxDeliveryAttempts":30,"eventTimeToLiveInMinutes":1440},"deadLetterDestination":{"properties":{"resourceId":"/subscriptions/00000000-0000-0000-0000-000000000000/resourceGroups/DevExpRg/providers/Microsoft.Storage/storageAccounts/devexpstg","blobContainerName":"dlq"},"endpointType":"StorageBlob"}},"id":"/subscriptions/00000000-0000-0000-0000-000000000000/resourceGroups/clitest.rg000001/providers/Microsoft.Storage/storageAccounts/clieventgrid000002/providers/Microsoft.EventGrid/eventSubscriptions/CliTestEventsubscription1","name":"CliTestEventsubscription1","type":"Microsoft.EventGrid/eventSubscriptions"}'
    headers:
      cache-control:
      - no-cache
      content-length:
      - '1433'
      content-type:
      - application/json; charset=utf-8
      date:
      - Tue, 14 Apr 2020 09:51:25 GMT
      expires:
      - '-1'
      pragma:
      - no-cache
      server:
      - Microsoft-HTTPAPI/2.0
      strict-transport-security:
      - max-age=31536000; includeSubDomains
      transfer-encoding:
      - chunked
      vary:
      - Accept-Encoding
      x-content-type-options:
      - nosniff
    status:
      code: 200
      message: OK
- request:
    body: '{"properties": {"destination": {"endpointType": "HybridConnection", "properties":
      {"resourceId": "/subscriptions/00000000-0000-0000-0000-000000000000/resourceGroups/DevExpRg/providers/Microsoft.Relay/namespaces/DevExpRelayNamespace/hybridConnections/hydbridconnectiondestination"}},
      "filter": {"subjectBeginsWith": "SomeRandomText1", "subjectEndsWith": "SomeRandomText2",
      "isSubjectCaseSensitive": false}, "retryPolicy": {"maxDeliveryAttempts": 20,
      "eventTimeToLiveInMinutes": 1000}, "deadLetterDestination": {"endpointType":
      "StorageBlob", "properties": {"resourceId": "/subscriptions/00000000-0000-0000-0000-000000000000/resourceGroups/DevExpRg/providers/Microsoft.Storage/storageAccounts/devexpstg",
      "blobContainerName": "dlq"}}}}'
    headers:
      Accept:
      - application/json
      Accept-Encoding:
      - gzip, deflate
      CommandName:
      - eventgrid event-subscription create
      Connection:
      - keep-alive
      Content-Length:
      - '733'
      Content-Type:
      - application/json; charset=utf-8
      ParameterSetName:
      - --source-resource-id --name --endpoint-type --endpoint --deadletter-endpoint
        --max-delivery-attempts --event-ttl --subject-begins-with --subject-ends-with
      User-Agent:
      - python/3.7.5 (Windows-10-10.0.18362-SP0) msrest/0.6.11 msrest_azure/0.6.2
        azure-mgmt-eventgrid/3.0.0rc6 Azure-SDK-For-Python AZURECLI/2.1.0
      accept-language:
      - en-US
    method: PUT
    uri: https://management.azure.com/subscriptions/00000000-0000-0000-0000-000000000000/resourceGroups/clitest.rg000001/providers/Microsoft.Storage/storageAccounts/clieventgrid000002/providers/Microsoft.EventGrid/eventSubscriptions/CliTestEventsubscription2?api-version=2020-04-01-preview
  response:
    body:
      string: '{"properties":{"topic":"/subscriptions/00000000-0000-0000-0000-000000000000/resourceGroups/clitest.rg000001/providers/microsoft.storage/storageaccounts/clieventgrid000002","provisioningState":"Creating","destination":{"properties":{"resourceId":"/subscriptions/00000000-0000-0000-0000-000000000000/resourceGroups/DevExpRg/providers/Microsoft.Relay/namespaces/DevExpRelayNamespace/hybridConnections/hydbridconnectiondestination"},"endpointType":"HybridConnection"},"filter":{"subjectBeginsWith":"SomeRandomText1","subjectEndsWith":"SomeRandomText2","includedEventTypes":["Microsoft.Storage.BlobCreated","Microsoft.Storage.BlobDeleted"]},"labels":null,"retryPolicy":{"maxDeliveryAttempts":20,"eventTimeToLiveInMinutes":1000},"deadLetterDestination":{"properties":{"resourceId":"/subscriptions/00000000-0000-0000-0000-000000000000/resourceGroups/DevExpRg/providers/Microsoft.Storage/storageAccounts/devexpstg","blobContainerName":"dlq"},"endpointType":"StorageBlob"}},"id":"/subscriptions/00000000-0000-0000-0000-000000000000/resourceGroups/clitest.rg000001/providers/Microsoft.Storage/storageAccounts/clieventgrid000002/providers/Microsoft.EventGrid/eventSubscriptions/CliTestEventsubscription2","name":"CliTestEventsubscription2","type":"Microsoft.EventGrid/eventSubscriptions"}'
    headers:
      azure-asyncoperation:
      - https://management.azure.com:443/subscriptions/00000000-0000-0000-0000-000000000000/providers/Microsoft.EventGrid/locations/centraluseuap/operationsStatus/69485FE9-9D92-4C4A-A31E-5EFBE410B431?api-version=2020-04-01-preview
      cache-control:
      - no-cache
      content-length:
      - '1407'
      content-type:
      - application/json; charset=utf-8
      date:
      - Tue, 14 Apr 2020 09:51:27 GMT
      expires:
      - '-1'
      pragma:
      - no-cache
      server:
      - Microsoft-HTTPAPI/2.0
      strict-transport-security:
      - max-age=31536000; includeSubDomains
      x-content-type-options:
      - nosniff
      x-ms-ratelimit-remaining-subscription-resource-requests:
      - '899'
    status:
      code: 201
      message: Created
- request:
    body: null
    headers:
      Accept:
      - application/json
      Accept-Encoding:
      - gzip, deflate
      CommandName:
      - eventgrid event-subscription create
      Connection:
      - keep-alive
      ParameterSetName:
      - --source-resource-id --name --endpoint-type --endpoint --deadletter-endpoint
        --max-delivery-attempts --event-ttl --subject-begins-with --subject-ends-with
      User-Agent:
      - python/3.7.5 (Windows-10-10.0.18362-SP0) msrest/0.6.11 msrest_azure/0.6.2
        azure-mgmt-eventgrid/3.0.0rc6 Azure-SDK-For-Python AZURECLI/2.1.0
    method: GET
    uri: https://management.azure.com/subscriptions/00000000-0000-0000-0000-000000000000/providers/Microsoft.EventGrid/locations/centraluseuap/operationsStatus/69485FE9-9D92-4C4A-A31E-5EFBE410B431?api-version=2020-04-01-preview
  response:
    body:
      string: '{"id":"https://management.azure.com/subscriptions/00000000-0000-0000-0000-000000000000/providers/Microsoft.EventGrid/locations/centraluseuap/operationsStatus/69485FE9-9D92-4C4A-A31E-5EFBE410B431?api-version=2020-04-01-preview","name":"69485fe9-9d92-4c4a-a31e-5efbe410b431","status":"Succeeded"}'
    headers:
      cache-control:
      - no-cache
      content-length:
      - '294'
      content-type:
      - application/json; charset=utf-8
      date:
      - Tue, 14 Apr 2020 09:51:37 GMT
      expires:
      - '-1'
      pragma:
      - no-cache
      server:
      - Microsoft-HTTPAPI/2.0
      strict-transport-security:
      - max-age=31536000; includeSubDomains
      transfer-encoding:
      - chunked
      vary:
      - Accept-Encoding
      x-content-type-options:
      - nosniff
    status:
      code: 200
      message: OK
- request:
    body: null
    headers:
      Accept:
      - application/json
      Accept-Encoding:
      - gzip, deflate
      CommandName:
      - eventgrid event-subscription create
      Connection:
      - keep-alive
      ParameterSetName:
      - --source-resource-id --name --endpoint-type --endpoint --deadletter-endpoint
        --max-delivery-attempts --event-ttl --subject-begins-with --subject-ends-with
      User-Agent:
      - python/3.7.5 (Windows-10-10.0.18362-SP0) msrest/0.6.11 msrest_azure/0.6.2
        azure-mgmt-eventgrid/3.0.0rc6 Azure-SDK-For-Python AZURECLI/2.1.0
    method: GET
    uri: https://management.azure.com/subscriptions/00000000-0000-0000-0000-000000000000/resourceGroups/clitest.rg000001/providers/Microsoft.Storage/storageAccounts/clieventgrid000002/providers/Microsoft.EventGrid/eventSubscriptions/CliTestEventsubscription2?api-version=2020-04-01-preview
  response:
    body:
      string: '{"properties":{"topic":"/subscriptions/00000000-0000-0000-0000-000000000000/resourceGroups/clitest.rg000001/providers/microsoft.storage/storageaccounts/clieventgrid000002","provisioningState":"Succeeded","destination":{"properties":{"resourceId":"/subscriptions/00000000-0000-0000-0000-000000000000/resourceGroups/DevExpRg/providers/Microsoft.Relay/namespaces/DevExpRelayNamespace/hybridConnections/hydbridconnectiondestination"},"endpointType":"HybridConnection"},"filter":{"subjectBeginsWith":"SomeRandomText1","subjectEndsWith":"SomeRandomText2","includedEventTypes":["Microsoft.Storage.BlobCreated","Microsoft.Storage.BlobDeleted"]},"labels":null,"eventDeliverySchema":"EventGridSchema","retryPolicy":{"maxDeliveryAttempts":20,"eventTimeToLiveInMinutes":1000},"deadLetterDestination":{"properties":{"resourceId":"/subscriptions/00000000-0000-0000-0000-000000000000/resourceGroups/DevExpRg/providers/Microsoft.Storage/storageAccounts/devexpstg","blobContainerName":"dlq"},"endpointType":"StorageBlob"}},"id":"/subscriptions/00000000-0000-0000-0000-000000000000/resourceGroups/clitest.rg000001/providers/Microsoft.Storage/storageAccounts/clieventgrid000002/providers/Microsoft.EventGrid/eventSubscriptions/CliTestEventsubscription2","name":"CliTestEventsubscription2","type":"Microsoft.EventGrid/eventSubscriptions"}'
    headers:
      cache-control:
      - no-cache
      content-length:
      - '1448'
      content-type:
      - application/json; charset=utf-8
      date:
      - Tue, 14 Apr 2020 09:51:37 GMT
      expires:
      - '-1'
      pragma:
      - no-cache
      server:
      - Microsoft-HTTPAPI/2.0
      strict-transport-security:
      - max-age=31536000; includeSubDomains
      transfer-encoding:
      - chunked
      vary:
      - Accept-Encoding
      x-content-type-options:
      - nosniff
    status:
      code: 200
      message: OK
- request:
    body: null
    headers:
      Accept:
      - application/json
      Accept-Encoding:
      - gzip, deflate
      CommandName:
      - eventgrid event-subscription show
      Connection:
      - keep-alive
      ParameterSetName:
      - --source-resource-id --name
      User-Agent:
      - python/3.7.5 (Windows-10-10.0.18362-SP0) msrest/0.6.11 msrest_azure/0.6.2
        azure-mgmt-eventgrid/3.0.0rc6 Azure-SDK-For-Python AZURECLI/2.1.0
      accept-language:
      - en-US
    method: GET
    uri: https://management.azure.com/subscriptions/00000000-0000-0000-0000-000000000000/resourceGroups/clitest.rg000001/providers/Microsoft.Storage/storageAccounts/clieventgrid000002/providers/Microsoft.EventGrid/eventSubscriptions/CliTestEventsubscription2?api-version=2020-04-01-preview
  response:
    body:
      string: '{"properties":{"topic":"/subscriptions/00000000-0000-0000-0000-000000000000/resourceGroups/clitest.rg000001/providers/microsoft.storage/storageaccounts/clieventgrid000002","provisioningState":"Succeeded","destination":{"properties":{"resourceId":"/subscriptions/00000000-0000-0000-0000-000000000000/resourceGroups/DevExpRg/providers/Microsoft.Relay/namespaces/DevExpRelayNamespace/hybridConnections/hydbridconnectiondestination"},"endpointType":"HybridConnection"},"filter":{"subjectBeginsWith":"SomeRandomText1","subjectEndsWith":"SomeRandomText2","includedEventTypes":["Microsoft.Storage.BlobCreated","Microsoft.Storage.BlobDeleted"]},"labels":null,"eventDeliverySchema":"EventGridSchema","retryPolicy":{"maxDeliveryAttempts":20,"eventTimeToLiveInMinutes":1000},"deadLetterDestination":{"properties":{"resourceId":"/subscriptions/00000000-0000-0000-0000-000000000000/resourceGroups/DevExpRg/providers/Microsoft.Storage/storageAccounts/devexpstg","blobContainerName":"dlq"},"endpointType":"StorageBlob"}},"id":"/subscriptions/00000000-0000-0000-0000-000000000000/resourceGroups/clitest.rg000001/providers/Microsoft.Storage/storageAccounts/clieventgrid000002/providers/Microsoft.EventGrid/eventSubscriptions/CliTestEventsubscription2","name":"CliTestEventsubscription2","type":"Microsoft.EventGrid/eventSubscriptions"}'
    headers:
      cache-control:
      - no-cache
      content-length:
      - '1448'
      content-type:
      - application/json; charset=utf-8
      date:
      - Tue, 14 Apr 2020 09:51:39 GMT
      expires:
      - '-1'
      pragma:
      - no-cache
      server:
      - Microsoft-HTTPAPI/2.0
      strict-transport-security:
      - max-age=31536000; includeSubDomains
      transfer-encoding:
      - chunked
      vary:
      - Accept-Encoding
      x-content-type-options:
      - nosniff
    status:
      code: 200
      message: OK
- request:
    body: '{"properties": {"destination": {"endpointType": "ServiceBusQueue", "properties":
      {"resourceId": "/subscriptions/00000000-0000-0000-0000-000000000000/resourceGroups/DevExpRg/providers/Microsoft.ServiceBus/namespaces/devexpservicebus/queues/devexpdestination"}},
      "filter": {"subjectBeginsWith": "SomeRandomText1", "subjectEndsWith": "SomeRandomText2",
      "isSubjectCaseSensitive": false}, "retryPolicy": {"maxDeliveryAttempts": 10,
      "eventTimeToLiveInMinutes": 1200}, "deadLetterDestination": {"endpointType":
      "StorageBlob", "properties": {"resourceId": "/subscriptions/00000000-0000-0000-0000-000000000000/resourceGroups/DevExpRg/providers/Microsoft.Storage/storageAccounts/devexpstg",
      "blobContainerName": "dlq"}}}}'
    headers:
      Accept:
      - application/json
      Accept-Encoding:
      - gzip, deflate
      CommandName:
      - eventgrid event-subscription create
      Connection:
      - keep-alive
      Content-Length:
      - '711'
      Content-Type:
      - application/json; charset=utf-8
      ParameterSetName:
      - --source-resource-id --name --endpoint-type --endpoint --deadletter-endpoint
        --max-delivery-attempts --event-ttl --subject-begins-with --subject-ends-with
      User-Agent:
      - python/3.7.5 (Windows-10-10.0.18362-SP0) msrest/0.6.11 msrest_azure/0.6.2
        azure-mgmt-eventgrid/3.0.0rc6 Azure-SDK-For-Python AZURECLI/2.1.0
      accept-language:
      - en-US
    method: PUT
    uri: https://management.azure.com/subscriptions/00000000-0000-0000-0000-000000000000/resourceGroups/clitest.rg000001/providers/Microsoft.Storage/storageAccounts/clieventgrid000002/providers/Microsoft.EventGrid/eventSubscriptions/CliTestEventsubscription3?api-version=2020-04-01-preview
  response:
    body:
      string: '{"properties":{"topic":"/subscriptions/00000000-0000-0000-0000-000000000000/resourceGroups/clitest.rg000001/providers/microsoft.storage/storageaccounts/clieventgrid000002","provisioningState":"Creating","destination":{"properties":{"resourceId":"/subscriptions/00000000-0000-0000-0000-000000000000/resourceGroups/DevExpRg/providers/Microsoft.ServiceBus/namespaces/devexpservicebus/queues/devexpdestination"},"endpointType":"ServiceBusQueue"},"filter":{"subjectBeginsWith":"SomeRandomText1","subjectEndsWith":"SomeRandomText2","includedEventTypes":["Microsoft.Storage.BlobCreated","Microsoft.Storage.BlobDeleted"]},"labels":null,"retryPolicy":{"maxDeliveryAttempts":10,"eventTimeToLiveInMinutes":1200},"deadLetterDestination":{"properties":{"resourceId":"/subscriptions/00000000-0000-0000-0000-000000000000/resourceGroups/DevExpRg/providers/Microsoft.Storage/storageAccounts/devexpstg","blobContainerName":"dlq"},"endpointType":"StorageBlob"}},"id":"/subscriptions/00000000-0000-0000-0000-000000000000/resourceGroups/clitest.rg000001/providers/Microsoft.Storage/storageAccounts/clieventgrid000002/providers/Microsoft.EventGrid/eventSubscriptions/CliTestEventsubscription3","name":"CliTestEventsubscription3","type":"Microsoft.EventGrid/eventSubscriptions"}'
    headers:
      azure-asyncoperation:
      - https://management.azure.com:443/subscriptions/00000000-0000-0000-0000-000000000000/providers/Microsoft.EventGrid/locations/centraluseuap/operationsStatus/959E4FA8-606D-47F4-9792-70ED687304A3?api-version=2020-04-01-preview
      cache-control:
      - no-cache
      content-length:
      - '1385'
      content-type:
      - application/json; charset=utf-8
      date:
      - Tue, 14 Apr 2020 09:51:40 GMT
      expires:
      - '-1'
      pragma:
      - no-cache
      server:
      - Microsoft-HTTPAPI/2.0
      strict-transport-security:
      - max-age=31536000; includeSubDomains
      x-content-type-options:
      - nosniff
      x-ms-ratelimit-remaining-subscription-resource-requests:
      - '898'
    status:
      code: 201
      message: Created
- request:
    body: null
    headers:
      Accept:
      - application/json
      Accept-Encoding:
      - gzip, deflate
      CommandName:
      - eventgrid event-subscription create
      Connection:
      - keep-alive
      ParameterSetName:
      - --source-resource-id --name --endpoint-type --endpoint --deadletter-endpoint
        --max-delivery-attempts --event-ttl --subject-begins-with --subject-ends-with
      User-Agent:
      - python/3.7.5 (Windows-10-10.0.18362-SP0) msrest/0.6.11 msrest_azure/0.6.2
        azure-mgmt-eventgrid/3.0.0rc6 Azure-SDK-For-Python AZURECLI/2.1.0
    method: GET
    uri: https://management.azure.com/subscriptions/00000000-0000-0000-0000-000000000000/providers/Microsoft.EventGrid/locations/centraluseuap/operationsStatus/959E4FA8-606D-47F4-9792-70ED687304A3?api-version=2020-04-01-preview
  response:
    body:
      string: '{"id":"https://management.azure.com/subscriptions/00000000-0000-0000-0000-000000000000/providers/Microsoft.EventGrid/locations/centraluseuap/operationsStatus/959E4FA8-606D-47F4-9792-70ED687304A3?api-version=2020-04-01-preview","name":"959e4fa8-606d-47f4-9792-70ed687304a3","status":"Succeeded"}'
    headers:
      cache-control:
      - no-cache
      content-length:
      - '294'
      content-type:
      - application/json; charset=utf-8
      date:
      - Tue, 14 Apr 2020 09:51:50 GMT
      expires:
      - '-1'
      pragma:
      - no-cache
      server:
      - Microsoft-HTTPAPI/2.0
      strict-transport-security:
      - max-age=31536000; includeSubDomains
      transfer-encoding:
      - chunked
      vary:
      - Accept-Encoding
      x-content-type-options:
      - nosniff
    status:
      code: 200
      message: OK
- request:
    body: null
    headers:
      Accept:
      - application/json
      Accept-Encoding:
      - gzip, deflate
      CommandName:
      - eventgrid event-subscription create
      Connection:
      - keep-alive
      ParameterSetName:
      - --source-resource-id --name --endpoint-type --endpoint --deadletter-endpoint
        --max-delivery-attempts --event-ttl --subject-begins-with --subject-ends-with
      User-Agent:
      - python/3.7.5 (Windows-10-10.0.18362-SP0) msrest/0.6.11 msrest_azure/0.6.2
        azure-mgmt-eventgrid/3.0.0rc6 Azure-SDK-For-Python AZURECLI/2.1.0
    method: GET
    uri: https://management.azure.com/subscriptions/00000000-0000-0000-0000-000000000000/resourceGroups/clitest.rg000001/providers/Microsoft.Storage/storageAccounts/clieventgrid000002/providers/Microsoft.EventGrid/eventSubscriptions/CliTestEventsubscription3?api-version=2020-04-01-preview
  response:
    body:
      string: '{"properties":{"topic":"/subscriptions/00000000-0000-0000-0000-000000000000/resourceGroups/clitest.rg000001/providers/microsoft.storage/storageaccounts/clieventgrid000002","provisioningState":"Succeeded","destination":{"properties":{"resourceId":"/subscriptions/00000000-0000-0000-0000-000000000000/resourceGroups/DevExpRg/providers/Microsoft.ServiceBus/namespaces/devexpservicebus/queues/devexpdestination"},"endpointType":"ServiceBusQueue"},"filter":{"subjectBeginsWith":"SomeRandomText1","subjectEndsWith":"SomeRandomText2","includedEventTypes":["Microsoft.Storage.BlobCreated","Microsoft.Storage.BlobDeleted"]},"labels":null,"eventDeliverySchema":"EventGridSchema","retryPolicy":{"maxDeliveryAttempts":10,"eventTimeToLiveInMinutes":1200},"deadLetterDestination":{"properties":{"resourceId":"/subscriptions/00000000-0000-0000-0000-000000000000/resourceGroups/DevExpRg/providers/Microsoft.Storage/storageAccounts/devexpstg","blobContainerName":"dlq"},"endpointType":"StorageBlob"}},"id":"/subscriptions/00000000-0000-0000-0000-000000000000/resourceGroups/clitest.rg000001/providers/Microsoft.Storage/storageAccounts/clieventgrid000002/providers/Microsoft.EventGrid/eventSubscriptions/CliTestEventsubscription3","name":"CliTestEventsubscription3","type":"Microsoft.EventGrid/eventSubscriptions"}'
    headers:
      cache-control:
      - no-cache
      content-length:
      - '1426'
      content-type:
      - application/json; charset=utf-8
      date:
      - Tue, 14 Apr 2020 09:51:51 GMT
      expires:
      - '-1'
      pragma:
      - no-cache
      server:
      - Microsoft-HTTPAPI/2.0
      strict-transport-security:
      - max-age=31536000; includeSubDomains
      transfer-encoding:
      - chunked
      vary:
      - Accept-Encoding
      x-content-type-options:
      - nosniff
    status:
      code: 200
      message: OK
- request:
    body: null
    headers:
      Accept:
      - application/json
      Accept-Encoding:
      - gzip, deflate
      CommandName:
      - eventgrid event-subscription show
      Connection:
      - keep-alive
      ParameterSetName:
      - --source-resource-id --name
      User-Agent:
      - python/3.7.5 (Windows-10-10.0.18362-SP0) msrest/0.6.11 msrest_azure/0.6.2
        azure-mgmt-eventgrid/3.0.0rc6 Azure-SDK-For-Python AZURECLI/2.1.0
      accept-language:
      - en-US
    method: GET
    uri: https://management.azure.com/subscriptions/00000000-0000-0000-0000-000000000000/resourceGroups/clitest.rg000001/providers/Microsoft.Storage/storageAccounts/clieventgrid000002/providers/Microsoft.EventGrid/eventSubscriptions/CliTestEventsubscription3?api-version=2020-04-01-preview
  response:
    body:
      string: '{"properties":{"topic":"/subscriptions/00000000-0000-0000-0000-000000000000/resourceGroups/clitest.rg000001/providers/microsoft.storage/storageaccounts/clieventgrid000002","provisioningState":"Succeeded","destination":{"properties":{"resourceId":"/subscriptions/00000000-0000-0000-0000-000000000000/resourceGroups/DevExpRg/providers/Microsoft.ServiceBus/namespaces/devexpservicebus/queues/devexpdestination"},"endpointType":"ServiceBusQueue"},"filter":{"subjectBeginsWith":"SomeRandomText1","subjectEndsWith":"SomeRandomText2","includedEventTypes":["Microsoft.Storage.BlobCreated","Microsoft.Storage.BlobDeleted"]},"labels":null,"eventDeliverySchema":"EventGridSchema","retryPolicy":{"maxDeliveryAttempts":10,"eventTimeToLiveInMinutes":1200},"deadLetterDestination":{"properties":{"resourceId":"/subscriptions/00000000-0000-0000-0000-000000000000/resourceGroups/DevExpRg/providers/Microsoft.Storage/storageAccounts/devexpstg","blobContainerName":"dlq"},"endpointType":"StorageBlob"}},"id":"/subscriptions/00000000-0000-0000-0000-000000000000/resourceGroups/clitest.rg000001/providers/Microsoft.Storage/storageAccounts/clieventgrid000002/providers/Microsoft.EventGrid/eventSubscriptions/CliTestEventsubscription3","name":"CliTestEventsubscription3","type":"Microsoft.EventGrid/eventSubscriptions"}'
    headers:
      cache-control:
      - no-cache
      content-length:
      - '1426'
      content-type:
      - application/json; charset=utf-8
      date:
      - Tue, 14 Apr 2020 09:51:51 GMT
      expires:
      - '-1'
      pragma:
      - no-cache
      server:
      - Microsoft-HTTPAPI/2.0
      strict-transport-security:
      - max-age=31536000; includeSubDomains
      transfer-encoding:
      - chunked
      vary:
      - Accept-Encoding
      x-content-type-options:
      - nosniff
    status:
      code: 200
      message: OK
- request:
    body: '{"properties": {"deliveryWithResourceIdentity": {"identity": {"type": "SystemAssigned"},
      "destination": {"endpointType": "EventHub", "properties": {"resourceId": "/subscriptions/00000000-0000-0000-0000-000000000000/resourceGroups/DevExpRg/providers/Microsoft.eventhub/namespaces/devexpeh/eventhubs/eventhub1"}}},
      "filter": {"isSubjectCaseSensitive": false}, "retryPolicy": {"maxDeliveryAttempts":
      30, "eventTimeToLiveInMinutes": 1440}, "deadLetterWithResourceIdentity": {"identity":
      {"type": "SystemAssigned"}, "deadLetterDestination": {"endpointType": "StorageBlob",
      "properties": {"resourceId": "/subscriptions/00000000-0000-0000-0000-000000000000/resourceGroups/DevExpRg/providers/Microsoft.Storage/storageAccounts/devexpstg",
      "blobContainerName": "dlqwithidentity"}}}}}'
    headers:
      Accept:
      - application/json
      Accept-Encoding:
      - gzip, deflate
      CommandName:
      - eventgrid event-subscription create
      Connection:
      - keep-alive
      Content-Length:
      - '773'
      Content-Type:
      - application/json; charset=utf-8
      ParameterSetName:
      - --source-resource-id --delivery-identity-endpoint-type --delivery-identity
        --delivery-identity-endpoint -n --deadletter-identity-endpoint --deadletter-identity
      User-Agent:
      - python/3.7.5 (Windows-10-10.0.18362-SP0) msrest/0.6.11 msrest_azure/0.6.2
        azure-mgmt-eventgrid/3.0.0rc6 Azure-SDK-For-Python AZURECLI/2.1.0
      accept-language:
      - en-US
    method: PUT
    uri: https://management.azure.com/subscriptions/00000000-0000-0000-0000-000000000000/resourceGroups/amh/providers/Microsoft.EventGrid/topics/tpoicWithNoIdentity2/providers/Microsoft.EventGrid/eventSubscriptions/CliTestEventsubscription4?api-version=2020-04-01-preview
  response:
    body:
      string: '{"properties":{"topic":"/subscriptions/00000000-0000-0000-0000-000000000000/resourceGroups/amh/providers/microsoft.eventgrid/topics/tpoicwithnoidentity2","provisioningState":"Updating","destination":null,"deliveryWithResourceIdentity":{"identity":{"type":"SystemAssigned"},"destination":{"properties":{"resourceId":"/subscriptions/00000000-0000-0000-0000-000000000000/resourceGroups/DevExpRg/providers/Microsoft.eventhub/namespaces/devexpeh/eventhubs/eventhub1"},"endpointType":"EventHub"}},"filter":{},"labels":null,"retryPolicy":{"maxDeliveryAttempts":30,"eventTimeToLiveInMinutes":1440},"deadLetterWithResourceIdentity":{"identity":{"type":"SystemAssigned"},"deadLetterDestination":{"properties":{"resourceId":"/subscriptions/00000000-0000-0000-0000-000000000000/resourceGroups/DevExpRg/providers/Microsoft.Storage/storageAccounts/devexpstg","blobContainerName":"dlqwithidentity"},"endpointType":"StorageBlob"}}},"id":"/subscriptions/00000000-0000-0000-0000-000000000000/resourceGroups/amh/providers/Microsoft.EventGrid/topics/tpoicWithNoIdentity2/providers/Microsoft.EventGrid/eventSubscriptions/CliTestEventsubscription4","name":"CliTestEventsubscription4","type":"Microsoft.EventGrid/eventSubscriptions"}'
    headers:
      azure-asyncoperation:
      - https://management.azure.com:443/subscriptions/00000000-0000-0000-0000-000000000000/providers/Microsoft.EventGrid/locations/centraluseuap/operationsStatus/FF01623D-4CE1-4A3C-8244-C505D36F7ACE?api-version=2020-04-01-preview
      cache-control:
      - no-cache
      content-length:
      - '1210'
      content-type:
      - application/json; charset=utf-8
      date:
      - Tue, 14 Apr 2020 09:51:53 GMT
      expires:
      - '-1'
      pragma:
      - no-cache
      server:
      - Microsoft-HTTPAPI/2.0
      strict-transport-security:
      - max-age=31536000; includeSubDomains
      x-content-type-options:
      - nosniff
      x-ms-ratelimit-remaining-subscription-resource-requests:
      - '899'
    status:
      code: 201
      message: Created
- request:
    body: null
    headers:
      Accept:
      - application/json
      Accept-Encoding:
      - gzip, deflate
      CommandName:
      - eventgrid event-subscription create
      Connection:
      - keep-alive
      ParameterSetName:
      - --source-resource-id --delivery-identity-endpoint-type --delivery-identity
        --delivery-identity-endpoint -n --deadletter-identity-endpoint --deadletter-identity
      User-Agent:
      - python/3.7.5 (Windows-10-10.0.18362-SP0) msrest/0.6.11 msrest_azure/0.6.2
        azure-mgmt-eventgrid/3.0.0rc6 Azure-SDK-For-Python AZURECLI/2.1.0
    method: GET
    uri: https://management.azure.com/subscriptions/00000000-0000-0000-0000-000000000000/providers/Microsoft.EventGrid/locations/centraluseuap/operationsStatus/FF01623D-4CE1-4A3C-8244-C505D36F7ACE?api-version=2020-04-01-preview
  response:
    body:
      string: '{"id":"https://management.azure.com/subscriptions/00000000-0000-0000-0000-000000000000/providers/Microsoft.EventGrid/locations/centraluseuap/operationsStatus/FF01623D-4CE1-4A3C-8244-C505D36F7ACE?api-version=2020-04-01-preview","name":"ff01623d-4ce1-4a3c-8244-c505d36f7ace","status":"Succeeded"}'
    headers:
      cache-control:
      - no-cache
      content-length:
      - '294'
      content-type:
      - application/json; charset=utf-8
      date:
      - Tue, 14 Apr 2020 09:52:03 GMT
      expires:
      - '-1'
      pragma:
      - no-cache
      server:
      - Microsoft-HTTPAPI/2.0
      strict-transport-security:
      - max-age=31536000; includeSubDomains
      transfer-encoding:
      - chunked
      vary:
      - Accept-Encoding
      x-content-type-options:
      - nosniff
    status:
      code: 200
      message: OK
- request:
    body: null
    headers:
      Accept:
      - application/json
      Accept-Encoding:
      - gzip, deflate
      CommandName:
      - eventgrid event-subscription create
      Connection:
      - keep-alive
      ParameterSetName:
      - --source-resource-id --delivery-identity-endpoint-type --delivery-identity
        --delivery-identity-endpoint -n --deadletter-identity-endpoint --deadletter-identity
      User-Agent:
      - python/3.7.5 (Windows-10-10.0.18362-SP0) msrest/0.6.11 msrest_azure/0.6.2
        azure-mgmt-eventgrid/3.0.0rc6 Azure-SDK-For-Python AZURECLI/2.1.0
    method: GET
    uri: https://management.azure.com/subscriptions/00000000-0000-0000-0000-000000000000/resourceGroups/amh/providers/Microsoft.EventGrid/topics/tpoicWithNoIdentity2/providers/Microsoft.EventGrid/eventSubscriptions/CliTestEventsubscription4?api-version=2020-04-01-preview
  response:
    body:
      string: '{"properties":{"topic":"/subscriptions/00000000-0000-0000-0000-000000000000/resourceGroups/amh/providers/microsoft.eventgrid/topics/tpoicwithnoidentity2","provisioningState":"Succeeded","destination":null,"deliveryWithResourceIdentity":{"identity":{"type":"SystemAssigned"},"destination":{"properties":{"resourceId":"/subscriptions/00000000-0000-0000-0000-000000000000/resourceGroups/DevExpRg/providers/Microsoft.eventhub/namespaces/devexpeh/eventhubs/eventhub1"},"endpointType":"EventHub"}},"filter":{"subjectBeginsWith":"","subjectEndsWith":""},"labels":null,"eventDeliverySchema":"EventGridSchema","retryPolicy":{"maxDeliveryAttempts":30,"eventTimeToLiveInMinutes":1440},"deadLetterWithResourceIdentity":{"identity":{"type":"SystemAssigned"},"deadLetterDestination":{"properties":{"resourceId":"/subscriptions/00000000-0000-0000-0000-000000000000/resourceGroups/DevExpRg/providers/Microsoft.Storage/storageAccounts/devexpstg","blobContainerName":"dlqwithidentity"},"endpointType":"StorageBlob"}}},"id":"/subscriptions/00000000-0000-0000-0000-000000000000/resourceGroups/amh/providers/Microsoft.EventGrid/topics/tpoicWithNoIdentity2/providers/Microsoft.EventGrid/eventSubscriptions/CliTestEventsubscription4","name":"CliTestEventsubscription4","type":"Microsoft.EventGrid/eventSubscriptions"}'
    headers:
      cache-control:
      - no-cache
      content-length:
      - '1294'
      content-type:
      - application/json; charset=utf-8
      date:
      - Tue, 14 Apr 2020 09:52:03 GMT
      expires:
      - '-1'
      pragma:
      - no-cache
      server:
      - Microsoft-HTTPAPI/2.0
      strict-transport-security:
      - max-age=31536000; includeSubDomains
      transfer-encoding:
      - chunked
      vary:
      - Accept-Encoding
      x-content-type-options:
      - nosniff
    status:
      code: 200
      message: OK
- request:
    body: null
    headers:
      Accept:
      - application/json
      Accept-Encoding:
      - gzip, deflate
      CommandName:
      - eventgrid event-subscription show
      Connection:
      - keep-alive
      ParameterSetName:
      - --source-resource-id --name
      User-Agent:
      - python/3.7.5 (Windows-10-10.0.18362-SP0) msrest/0.6.11 msrest_azure/0.6.2
        azure-mgmt-eventgrid/3.0.0rc6 Azure-SDK-For-Python AZURECLI/2.1.0
      accept-language:
      - en-US
    method: GET
    uri: https://management.azure.com/subscriptions/00000000-0000-0000-0000-000000000000/resourceGroups/amh/providers/Microsoft.EventGrid/topics/tpoicWithNoIdentity2/providers/Microsoft.EventGrid/eventSubscriptions/CliTestEventsubscription4?api-version=2020-04-01-preview
  response:
    body:
      string: '{"properties":{"topic":"/subscriptions/00000000-0000-0000-0000-000000000000/resourceGroups/amh/providers/microsoft.eventgrid/topics/tpoicwithnoidentity2","provisioningState":"Succeeded","destination":null,"deliveryWithResourceIdentity":{"identity":{"type":"SystemAssigned"},"destination":{"properties":{"resourceId":"/subscriptions/00000000-0000-0000-0000-000000000000/resourceGroups/DevExpRg/providers/Microsoft.eventhub/namespaces/devexpeh/eventhubs/eventhub1"},"endpointType":"EventHub"}},"filter":{"subjectBeginsWith":"","subjectEndsWith":""},"labels":null,"eventDeliverySchema":"EventGridSchema","retryPolicy":{"maxDeliveryAttempts":30,"eventTimeToLiveInMinutes":1440},"deadLetterWithResourceIdentity":{"identity":{"type":"SystemAssigned"},"deadLetterDestination":{"properties":{"resourceId":"/subscriptions/00000000-0000-0000-0000-000000000000/resourceGroups/DevExpRg/providers/Microsoft.Storage/storageAccounts/devexpstg","blobContainerName":"dlqwithidentity"},"endpointType":"StorageBlob"}}},"id":"/subscriptions/00000000-0000-0000-0000-000000000000/resourceGroups/amh/providers/Microsoft.EventGrid/topics/tpoicWithNoIdentity2/providers/Microsoft.EventGrid/eventSubscriptions/CliTestEventsubscription4","name":"CliTestEventsubscription4","type":"Microsoft.EventGrid/eventSubscriptions"}'
    headers:
      cache-control:
      - no-cache
      content-length:
      - '1294'
      content-type:
      - application/json; charset=utf-8
      date:
      - Tue, 14 Apr 2020 09:52:05 GMT
      expires:
      - '-1'
      pragma:
      - no-cache
      server:
      - Microsoft-HTTPAPI/2.0
      strict-transport-security:
      - max-age=31536000; includeSubDomains
      transfer-encoding:
      - chunked
      vary:
      - Accept-Encoding
      x-content-type-options:
      - nosniff
    status:
      code: 200
      message: OK
- request:
    body: null
    headers:
      Accept:
      - application/json
      Accept-Encoding:
      - gzip, deflate
      CommandName:
      - eventgrid event-subscription delete
      Connection:
      - keep-alive
      Content-Length:
      - '0'
      ParameterSetName:
      - --source-resource-id --name
      User-Agent:
      - python/3.7.5 (Windows-10-10.0.18362-SP0) msrest/0.6.11 msrest_azure/0.6.2
        azure-mgmt-eventgrid/3.0.0rc6 Azure-SDK-For-Python AZURECLI/2.1.0
      accept-language:
      - en-US
    method: DELETE
    uri: https://management.azure.com/subscriptions/00000000-0000-0000-0000-000000000000/resourceGroups/clitest.rg000001/providers/Microsoft.Storage/storageAccounts/clieventgrid000002/providers/Microsoft.EventGrid/eventSubscriptions/CliTestEventsubscription1?api-version=2020-04-01-preview
  response:
    body:
      string: ''
    headers:
      azure-asyncoperation:
      - https://management.azure.com:443/subscriptions/00000000-0000-0000-0000-000000000000/providers/Microsoft.EventGrid/locations/centraluseuap/operationsStatus/A2642CD5-A5EB-481E-954E-5E08E2B639BA?api-version=2020-04-01-preview
      cache-control:
      - no-cache
      content-length:
      - '0'
      date:
      - Tue, 14 Apr 2020 09:52:06 GMT
      expires:
      - '-1'
      location:
      - https://management.azure.com/subscriptions/00000000-0000-0000-0000-000000000000/providers/Microsoft.EventGrid/locations/centraluseuap/operationResults/A2642CD5-A5EB-481E-954E-5E08E2B639BA?api-version=2020-04-01-preview
      pragma:
      - no-cache
      server:
      - Microsoft-HTTPAPI/2.0
      strict-transport-security:
      - max-age=31536000; includeSubDomains
      x-content-type-options:
      - nosniff
      x-ms-ratelimit-remaining-subscription-deletes:
      - '14999'
    status:
      code: 202
      message: Accepted
- request:
    body: null
    headers:
      Accept:
      - application/json
      Accept-Encoding:
      - gzip, deflate
      CommandName:
      - eventgrid event-subscription delete
      Connection:
      - keep-alive
      ParameterSetName:
      - --source-resource-id --name
      User-Agent:
      - python/3.7.5 (Windows-10-10.0.18362-SP0) msrest/0.6.11 msrest_azure/0.6.2
        azure-mgmt-eventgrid/3.0.0rc6 Azure-SDK-For-Python AZURECLI/2.1.0
    method: GET
    uri: https://management.azure.com/subscriptions/00000000-0000-0000-0000-000000000000/providers/Microsoft.EventGrid/locations/centraluseuap/operationsStatus/A2642CD5-A5EB-481E-954E-5E08E2B639BA?api-version=2020-04-01-preview
  response:
    body:
      string: '{"id":"https://management.azure.com/subscriptions/00000000-0000-0000-0000-000000000000/providers/Microsoft.EventGrid/locations/centraluseuap/operationsStatus/A2642CD5-A5EB-481E-954E-5E08E2B639BA?api-version=2020-04-01-preview","name":"a2642cd5-a5eb-481e-954e-5e08e2b639ba","status":"Succeeded"}'
    headers:
      cache-control:
      - no-cache
      content-length:
      - '294'
      content-type:
      - application/json; charset=utf-8
      date:
      - Tue, 14 Apr 2020 09:52:17 GMT
      expires:
      - '-1'
      pragma:
      - no-cache
      server:
      - Microsoft-HTTPAPI/2.0
      strict-transport-security:
      - max-age=31536000; includeSubDomains
      transfer-encoding:
      - chunked
      vary:
      - Accept-Encoding
      x-content-type-options:
      - nosniff
    status:
      code: 200
      message: OK
- request:
    body: null
    headers:
      Accept:
      - application/json
      Accept-Encoding:
      - gzip, deflate
      CommandName:
      - eventgrid event-subscription delete
      Connection:
      - keep-alive
      Content-Length:
      - '0'
      ParameterSetName:
      - --source-resource-id --name
      User-Agent:
      - python/3.7.5 (Windows-10-10.0.18362-SP0) msrest/0.6.11 msrest_azure/0.6.2
        azure-mgmt-eventgrid/3.0.0rc6 Azure-SDK-For-Python AZURECLI/2.1.0
      accept-language:
      - en-US
    method: DELETE
    uri: https://management.azure.com/subscriptions/00000000-0000-0000-0000-000000000000/resourceGroups/clitest.rg000001/providers/Microsoft.Storage/storageAccounts/clieventgrid000002/providers/Microsoft.EventGrid/eventSubscriptions/CliTestEventsubscription2?api-version=2020-04-01-preview
  response:
    body:
      string: ''
    headers:
      azure-asyncoperation:
      - https://management.azure.com:443/subscriptions/00000000-0000-0000-0000-000000000000/providers/Microsoft.EventGrid/locations/centraluseuap/operationsStatus/C36E3575-D50D-4675-AFE3-69D6B9445B14?api-version=2020-04-01-preview
      cache-control:
      - no-cache
      content-length:
      - '0'
      date:
      - Tue, 14 Apr 2020 09:52:18 GMT
      expires:
      - '-1'
      location:
      - https://management.azure.com/subscriptions/00000000-0000-0000-0000-000000000000/providers/Microsoft.EventGrid/locations/centraluseuap/operationResults/C36E3575-D50D-4675-AFE3-69D6B9445B14?api-version=2020-04-01-preview
      pragma:
      - no-cache
      server:
      - Microsoft-HTTPAPI/2.0
      strict-transport-security:
      - max-age=31536000; includeSubDomains
      x-content-type-options:
      - nosniff
      x-ms-ratelimit-remaining-subscription-deletes:
      - '14999'
    status:
      code: 202
      message: Accepted
- request:
    body: null
    headers:
      Accept:
      - application/json
      Accept-Encoding:
      - gzip, deflate
      CommandName:
      - eventgrid event-subscription delete
      Connection:
      - keep-alive
      ParameterSetName:
      - --source-resource-id --name
      User-Agent:
      - python/3.7.5 (Windows-10-10.0.18362-SP0) msrest/0.6.11 msrest_azure/0.6.2
        azure-mgmt-eventgrid/3.0.0rc6 Azure-SDK-For-Python AZURECLI/2.1.0
    method: GET
    uri: https://management.azure.com/subscriptions/00000000-0000-0000-0000-000000000000/providers/Microsoft.EventGrid/locations/centraluseuap/operationsStatus/C36E3575-D50D-4675-AFE3-69D6B9445B14?api-version=2020-04-01-preview
  response:
    body:
      string: '{"id":"https://management.azure.com/subscriptions/00000000-0000-0000-0000-000000000000/providers/Microsoft.EventGrid/locations/centraluseuap/operationsStatus/C36E3575-D50D-4675-AFE3-69D6B9445B14?api-version=2020-04-01-preview","name":"c36e3575-d50d-4675-afe3-69d6b9445b14","status":"Succeeded"}'
    headers:
      cache-control:
      - no-cache
      content-length:
      - '294'
      content-type:
      - application/json; charset=utf-8
      date:
      - Tue, 14 Apr 2020 09:52:29 GMT
      expires:
      - '-1'
      pragma:
      - no-cache
      server:
      - Microsoft-HTTPAPI/2.0
      strict-transport-security:
      - max-age=31536000; includeSubDomains
      transfer-encoding:
      - chunked
      vary:
      - Accept-Encoding
      x-content-type-options:
      - nosniff
    status:
      code: 200
      message: OK
- request:
    body: null
    headers:
      Accept:
      - application/json
      Accept-Encoding:
      - gzip, deflate
      CommandName:
      - eventgrid event-subscription delete
      Connection:
      - keep-alive
      Content-Length:
      - '0'
      ParameterSetName:
      - --source-resource-id --name
      User-Agent:
      - python/3.7.5 (Windows-10-10.0.18362-SP0) msrest/0.6.11 msrest_azure/0.6.2
        azure-mgmt-eventgrid/3.0.0rc6 Azure-SDK-For-Python AZURECLI/2.1.0
      accept-language:
      - en-US
    method: DELETE
    uri: https://management.azure.com/subscriptions/00000000-0000-0000-0000-000000000000/resourceGroups/clitest.rg000001/providers/Microsoft.Storage/storageAccounts/clieventgrid000002/providers/Microsoft.EventGrid/eventSubscriptions/CliTestEventsubscription3?api-version=2020-04-01-preview
  response:
    body:
      string: ''
    headers:
      azure-asyncoperation:
      - https://management.azure.com:443/subscriptions/00000000-0000-0000-0000-000000000000/providers/Microsoft.EventGrid/locations/centraluseuap/operationsStatus/608A08D3-EF84-404A-A867-3B1A97C611A2?api-version=2020-04-01-preview
      cache-control:
      - no-cache
      content-length:
      - '0'
      date:
      - Tue, 14 Apr 2020 09:52:30 GMT
      expires:
      - '-1'
      location:
      - https://management.azure.com/subscriptions/00000000-0000-0000-0000-000000000000/providers/Microsoft.EventGrid/locations/centraluseuap/operationResults/608A08D3-EF84-404A-A867-3B1A97C611A2?api-version=2020-04-01-preview
      pragma:
      - no-cache
      server:
      - Microsoft-HTTPAPI/2.0
      strict-transport-security:
      - max-age=31536000; includeSubDomains
      x-content-type-options:
      - nosniff
      x-ms-ratelimit-remaining-subscription-deletes:
      - '14997'
    status:
      code: 202
      message: Accepted
- request:
    body: null
    headers:
      Accept:
      - application/json
      Accept-Encoding:
      - gzip, deflate
      CommandName:
      - eventgrid event-subscription delete
      Connection:
      - keep-alive
      ParameterSetName:
      - --source-resource-id --name
      User-Agent:
      - python/3.7.5 (Windows-10-10.0.18362-SP0) msrest/0.6.11 msrest_azure/0.6.2
        azure-mgmt-eventgrid/3.0.0rc6 Azure-SDK-For-Python AZURECLI/2.1.0
    method: GET
    uri: https://management.azure.com/subscriptions/00000000-0000-0000-0000-000000000000/providers/Microsoft.EventGrid/locations/centraluseuap/operationsStatus/608A08D3-EF84-404A-A867-3B1A97C611A2?api-version=2020-04-01-preview
  response:
    body:
      string: '{"id":"https://management.azure.com/subscriptions/00000000-0000-0000-0000-000000000000/providers/Microsoft.EventGrid/locations/centraluseuap/operationsStatus/608A08D3-EF84-404A-A867-3B1A97C611A2?api-version=2020-04-01-preview","name":"608a08d3-ef84-404a-a867-3b1a97c611a2","status":"Succeeded"}'
    headers:
      cache-control:
      - no-cache
      content-length:
      - '294'
      content-type:
      - application/json; charset=utf-8
      date:
      - Tue, 14 Apr 2020 09:52:41 GMT
      expires:
      - '-1'
      pragma:
      - no-cache
      server:
      - Microsoft-HTTPAPI/2.0
      strict-transport-security:
      - max-age=31536000; includeSubDomains
      transfer-encoding:
      - chunked
      vary:
      - Accept-Encoding
      x-content-type-options:
      - nosniff
    status:
      code: 200
      message: OK
- request:
    body: null
    headers:
      Accept:
      - application/json
      Accept-Encoding:
      - gzip, deflate
      CommandName:
      - eventgrid event-subscription delete
      Connection:
      - keep-alive
      Content-Length:
      - '0'
      ParameterSetName:
      - --source-resource-id --name
      User-Agent:
      - python/3.7.5 (Windows-10-10.0.18362-SP0) msrest/0.6.11 msrest_azure/0.6.2
        azure-mgmt-eventgrid/3.0.0rc6 Azure-SDK-For-Python AZURECLI/2.1.0
      accept-language:
      - en-US
    method: DELETE
    uri: https://management.azure.com/subscriptions/00000000-0000-0000-0000-000000000000/resourceGroups/clitest.rg000001/providers/Microsoft.Storage/storageAccounts/clieventgrid000002/providers/Microsoft.EventGrid/eventSubscriptions/CliTestEventsubscription4?api-version=2020-04-01-preview
  response:
    body:
      string: ''
    headers:
      cache-control:
      - no-cache
      date:
      - Tue, 14 Apr 2020 09:52:42 GMT
      expires:
      - '-1'
      pragma:
      - no-cache
      server:
      - Microsoft-HTTPAPI/2.0
      strict-transport-security:
      - max-age=31536000; includeSubDomains
      x-content-type-options:
      - nosniff
      x-ms-ratelimit-remaining-subscription-deletes:
      - '14997'
    status:
      code: 204
      message: No Content
- request:
    body: null
    headers:
      Accept:
      - application/json
      Accept-Encoding:
      - gzip, deflate
      CommandName:
      - storage account delete
      Connection:
      - keep-alive
      Content-Length:
      - '0'
      ParameterSetName:
      - -y -g -n
      User-Agent:
      - python/3.7.5 (Windows-10-10.0.18362-SP0) msrest/0.6.11 msrest_azure/0.6.2
        azure-mgmt-storage/7.2.0 Azure-SDK-For-Python AZURECLI/2.1.0
      accept-language:
      - en-US
    method: DELETE
    uri: https://management.azure.com/subscriptions/00000000-0000-0000-0000-000000000000/resourceGroups/clitest.rg000001/providers/Microsoft.Storage/storageAccounts/clieventgrid000002?api-version=2019-06-01
  response:
    body:
      string: ''
    headers:
      cache-control:
      - no-cache
      content-length:
      - '0'
      content-type:
      - text/plain; charset=utf-8
      date:
      - Tue, 14 Apr 2020 09:52:43 GMT
      expires:
      - '-1'
      pragma:
      - no-cache
      server:
      - Microsoft-Azure-Storage-Resource-Provider/1.0,Microsoft-HTTPAPI/2.0 Microsoft-HTTPAPI/2.0
      strict-transport-security:
      - max-age=31536000; includeSubDomains
      x-content-type-options:
      - nosniff
      x-ms-ratelimit-remaining-subscription-deletes:
      - '14999'
    status:
      code: 200
      message: OK
version: 1
