interactions:
- request:
    body: '{"sku": {"name": "Standard_LRS"}, "kind": "StorageV2", "location": "centraluseuap"}'
    headers:
      Accept:
      - application/json
      Accept-Encoding:
      - gzip, deflate
      CommandName:
      - storage account create
      Connection:
      - keep-alive
      Content-Length:
      - '83'
      Content-Type:
      - application/json; charset=utf-8
      ParameterSetName:
      - -g -n --sku -l
      User-Agent:
      - python/3.7.5 (Windows-10-10.0.18362-SP0) msrest/0.6.11 msrest_azure/0.6.2
        azure-mgmt-storage/7.2.0 Azure-SDK-For-Python AZURECLI/2.1.0
      accept-language:
      - en-US
    method: PUT
    uri: https://management.azure.com/subscriptions/00000000-0000-0000-0000-000000000000/resourceGroups/clitest.rg000001/providers/Microsoft.Storage/storageAccounts/clieventgrid000002?api-version=2019-06-01
  response:
    body:
      string: '{"sku":{"name":"Standard_LRS","tier":"Standard"},"kind":"StorageV2","id":"/subscriptions/00000000-0000-0000-0000-000000000000/resourceGroups/clitest.rg000001/providers/Microsoft.Storage/storageAccounts/clieventgrid000002","name":"clieventgrid000002","type":"Microsoft.Storage/storageAccounts","location":"centraluseuap","tags":{},"properties":{"privateEndpointConnections":[],"networkAcls":{"bypass":"AzureServices","virtualNetworkRules":[],"ipRules":[],"defaultAction":"Allow"},"supportsHttpsTrafficOnly":true,"encryption":{"services":{"file":{"keyType":"Account","enabled":true,"lastEnabledTime":"2020-03-19T06:14:24.2572587Z"},"blob":{"keyType":"Account","enabled":true,"lastEnabledTime":"2020-03-19T06:14:24.2572587Z"}},"keySource":"Microsoft.Storage"},"accessTier":"Hot","provisioningState":"Succeeded","creationTime":"2020-03-19T06:14:24.1947837Z","primaryEndpoints":{"dfs":"https://clieventgrid000002.dfs.core.windows.net/","web":"https://clieventgrid000002.z2.web.core.windows.net/","blob":"https://clieventgrid000002.blob.core.windows.net/","queue":"https://clieventgrid000002.queue.core.windows.net/","table":"https://clieventgrid000002.table.core.windows.net/","file":"https://clieventgrid000002.file.core.windows.net/"},"primaryLocation":"centraluseuap","statusOfPrimary":"available"}}'
    headers:
      cache-control:
      - no-cache
      content-length:
      - '1404'
      content-type:
      - application/json
      date:
      - Thu, 19 Mar 2020 06:14:43 GMT
      expires:
      - '-1'
      pragma:
      - no-cache
      server:
      - Microsoft-Azure-Storage-Resource-Provider/1.0,Microsoft-HTTPAPI/2.0 Microsoft-HTTPAPI/2.0
      strict-transport-security:
      - max-age=31536000; includeSubDomains
      transfer-encoding:
      - chunked
      vary:
      - Accept-Encoding
      x-content-type-options:
      - nosniff
      x-ms-ratelimit-remaining-subscription-writes:
      - '1199'
    status:
      code: 200
      message: OK
- request:
    body: null
    headers:
      Accept:
      - application/json
      Accept-Encoding:
      - gzip, deflate
      CommandName:
      - storage account update
      Connection:
      - keep-alive
      ParameterSetName:
      - -g -n --set
      User-Agent:
      - python/3.7.5 (Windows-10-10.0.18362-SP0) msrest/0.6.11 msrest_azure/0.6.2
        azure-mgmt-storage/7.2.0 Azure-SDK-For-Python AZURECLI/2.1.0
      accept-language:
      - en-US
    method: GET
    uri: https://management.azure.com/subscriptions/00000000-0000-0000-0000-000000000000/resourceGroups/clitest.rg000001/providers/Microsoft.Storage/storageAccounts/clieventgrid000002?api-version=2019-06-01
  response:
    body:
      string: '{"sku":{"name":"Standard_LRS","tier":"Standard"},"kind":"StorageV2","id":"/subscriptions/00000000-0000-0000-0000-000000000000/resourceGroups/clitest.rg000001/providers/Microsoft.Storage/storageAccounts/clieventgrid000002","name":"clieventgrid000002","type":"Microsoft.Storage/storageAccounts","location":"centraluseuap","tags":{},"properties":{"privateEndpointConnections":[],"networkAcls":{"bypass":"AzureServices","virtualNetworkRules":[],"ipRules":[],"defaultAction":"Allow"},"supportsHttpsTrafficOnly":true,"encryption":{"services":{"file":{"keyType":"Account","enabled":true,"lastEnabledTime":"2020-03-19T06:14:24.2572587Z"},"blob":{"keyType":"Account","enabled":true,"lastEnabledTime":"2020-03-19T06:14:24.2572587Z"}},"keySource":"Microsoft.Storage"},"accessTier":"Hot","provisioningState":"Succeeded","creationTime":"2020-03-19T06:14:24.1947837Z","primaryEndpoints":{"dfs":"https://clieventgrid000002.dfs.core.windows.net/","web":"https://clieventgrid000002.z2.web.core.windows.net/","blob":"https://clieventgrid000002.blob.core.windows.net/","queue":"https://clieventgrid000002.queue.core.windows.net/","table":"https://clieventgrid000002.table.core.windows.net/","file":"https://clieventgrid000002.file.core.windows.net/"},"primaryLocation":"centraluseuap","statusOfPrimary":"available"}}'
    headers:
      cache-control:
      - no-cache
      content-length:
      - '1404'
      content-type:
      - application/json
      date:
      - Thu, 19 Mar 2020 06:14:44 GMT
      expires:
      - '-1'
      pragma:
      - no-cache
      server:
      - Microsoft-Azure-Storage-Resource-Provider/1.0,Microsoft-HTTPAPI/2.0 Microsoft-HTTPAPI/2.0
      strict-transport-security:
      - max-age=31536000; includeSubDomains
      transfer-encoding:
      - chunked
      vary:
      - Accept-Encoding
      x-content-type-options:
      - nosniff
    status:
      code: 200
      message: OK
- request:
    body: '{"sku": {"name": "Standard_LRS", "tier": "Standard"}, "tags": {}, "properties":
      {"encryption": {"services": {"blob": {"enabled": true, "keyType": "Account"},
      "file": {"enabled": true, "keyType": "Account"}}, "keySource": "Microsoft.Storage"},
      "accessTier": "Hot", "supportsHttpsTrafficOnly": true, "networkAcls": {"bypass":
      "AzureServices", "virtualNetworkRules": [], "ipRules": [], "defaultAction":
      "Allow"}}, "kind": "StorageV2"}'
    headers:
      Accept:
      - application/json
      Accept-Encoding:
      - gzip, deflate
      CommandName:
      - storage account update
      Connection:
      - keep-alive
      Content-Length:
      - '431'
      Content-Type:
      - application/json; charset=utf-8
      ParameterSetName:
      - -g -n --set
      User-Agent:
      - python/3.7.5 (Windows-10-10.0.18362-SP0) msrest/0.6.11 msrest_azure/0.6.2
        azure-mgmt-storage/7.2.0 Azure-SDK-For-Python AZURECLI/2.1.0
      accept-language:
      - en-US
    method: PATCH
    uri: https://management.azure.com/subscriptions/00000000-0000-0000-0000-000000000000/resourceGroups/clitest.rg000001/providers/Microsoft.Storage/storageAccounts/clieventgrid000002?api-version=2019-06-01
  response:
    body:
      string: '{"sku":{"name":"Standard_LRS","tier":"Standard"},"kind":"StorageV2","id":"/subscriptions/00000000-0000-0000-0000-000000000000/resourceGroups/clitest.rg000001/providers/Microsoft.Storage/storageAccounts/clieventgrid000002","name":"clieventgrid000002","type":"Microsoft.Storage/storageAccounts","location":"centraluseuap","tags":{},"properties":{"privateEndpointConnections":[],"networkAcls":{"bypass":"AzureServices","virtualNetworkRules":[],"ipRules":[],"defaultAction":"Allow"},"supportsHttpsTrafficOnly":true,"encryption":{"services":{"file":{"keyType":"Account","enabled":true,"lastEnabledTime":"2020-03-19T06:14:24.2572587Z"},"blob":{"keyType":"Account","enabled":true,"lastEnabledTime":"2020-03-19T06:14:24.2572587Z"}},"keySource":"Microsoft.Storage"},"accessTier":"Hot","provisioningState":"Succeeded","creationTime":"2020-03-19T06:14:24.1947837Z","primaryEndpoints":{"dfs":"https://clieventgrid000002.dfs.core.windows.net/","web":"https://clieventgrid000002.z2.web.core.windows.net/","blob":"https://clieventgrid000002.blob.core.windows.net/","queue":"https://clieventgrid000002.queue.core.windows.net/","table":"https://clieventgrid000002.table.core.windows.net/","file":"https://clieventgrid000002.file.core.windows.net/"},"primaryLocation":"centraluseuap","statusOfPrimary":"available"}}'
    headers:
      cache-control:
      - no-cache
      content-length:
      - '1404'
      content-type:
      - application/json
      date:
      - Thu, 19 Mar 2020 06:14:46 GMT
      expires:
      - '-1'
      pragma:
      - no-cache
      server:
      - Microsoft-Azure-Storage-Resource-Provider/1.0,Microsoft-HTTPAPI/2.0 Microsoft-HTTPAPI/2.0
      strict-transport-security:
      - max-age=31536000; includeSubDomains
      transfer-encoding:
      - chunked
      vary:
      - Accept-Encoding
      x-content-type-options:
      - nosniff
      x-ms-ratelimit-remaining-subscription-writes:
      - '1198'
    status:
      code: 200
      message: OK
- request:
    body: '{"properties": {"destination": {"endpointType": "StorageQueue", "properties":
      {"resourceId": "/subscriptions/00000000-0000-0000-0000-000000000000/resourceGroups/DevExpRg/providers/Microsoft.Storage/storageAccounts/devexpstg",
      "queueName": "stogqueuedestination"}}, "filter": {"subjectBeginsWith": "SomeRandomText1",
      "subjectEndsWith": "SomeRandomText2", "isSubjectCaseSensitive": false}, "eventDeliverySchema":
      "CloudEventSchemaV1_0", "retryPolicy": {"maxDeliveryAttempts": 30, "eventTimeToLiveInMinutes":
      1440}, "deadLetterDestination": {"endpointType": "StorageBlob", "properties":
      {"resourceId": "/subscriptions/00000000-0000-0000-0000-000000000000/resourceGroups/DevExpRg/providers/Microsoft.Storage/storageAccounts/devexpstg",
      "blobContainerName": "dlq"}}}}'
    headers:
      Accept:
      - application/json
      Accept-Encoding:
      - gzip, deflate
      CommandName:
      - eventgrid event-subscription create
      Connection:
      - keep-alive
      Content-Length:
      - '762'
      Content-Type:
      - application/json; charset=utf-8
      ParameterSetName:
      - --source-resource-id --name --endpoint-type --endpoint --event-delivery-schema
        --deadletter-endpoint --subject-begins-with --subject-ends-with
      User-Agent:
      - python/3.7.5 (Windows-10-10.0.18362-SP0) msrest/0.6.11 msrest_azure/0.6.2
        azure-mgmt-eventgrid/3.0.0rc4 Azure-SDK-For-Python AZURECLI/2.1.0
      accept-language:
      - en-US
    method: PUT
    uri: https://management.azure.com/subscriptions/00000000-0000-0000-0000-000000000000/resourceGroups/clitest.rg000001/providers/Microsoft.Storage/storageAccounts/clieventgrid000002/providers/Microsoft.EventGrid/eventSubscriptions/CliTestEventsubscription1?api-version=2020-04-01-preview
  response:
    body:
      string: '{"properties":{"topic":"/subscriptions/00000000-0000-0000-0000-000000000000/resourceGroups/clitest.rg000001/providers/microsoft.storage/storageaccounts/clieventgrid000002","provisioningState":"Creating","destination":{"properties":{"resourceId":"/subscriptions/00000000-0000-0000-0000-000000000000/resourceGroups/DevExpRg/providers/Microsoft.Storage/storageAccounts/devexpstg","queueName":"stogqueuedestination"},"endpointType":"StorageQueue"},"filter":{"subjectBeginsWith":"SomeRandomText1","subjectEndsWith":"SomeRandomText2","includedEventTypes":["Microsoft.Storage.BlobCreated","Microsoft.Storage.BlobDeleted"]},"labels":null,"eventDeliverySchema":"CloudEventSchemaV1_0","retryPolicy":{"maxDeliveryAttempts":30,"eventTimeToLiveInMinutes":1440},"deadLetterDestination":{"properties":{"resourceId":"/subscriptions/00000000-0000-0000-0000-000000000000/resourceGroups/DevExpRg/providers/Microsoft.Storage/storageAccounts/devexpstg","blobContainerName":"dlq"},"endpointType":"StorageBlob"}},"id":"/subscriptions/00000000-0000-0000-0000-000000000000/resourceGroups/clitest.rg000001/providers/Microsoft.Storage/storageAccounts/clieventgrid000002/providers/Microsoft.EventGrid/eventSubscriptions/CliTestEventsubscription1","name":"CliTestEventsubscription1","type":"Microsoft.EventGrid/eventSubscriptions"}'
    headers:
      azure-asyncoperation:
      - https://management.azure.com:443/subscriptions/00000000-0000-0000-0000-000000000000/providers/Microsoft.EventGrid/locations/centraluseuap/operationsStatus/B99799F0-EC0A-4CA7-AD28-E0B7F6F3BDFB?api-version=2020-04-01-preview
      cache-control:
      - no-cache
      content-length:
      - '1432'
      content-type:
      - application/json; charset=utf-8
      date:
      - Thu, 19 Mar 2020 06:14:47 GMT
      expires:
      - '-1'
      pragma:
      - no-cache
      server:
      - Microsoft-HTTPAPI/2.0
      strict-transport-security:
      - max-age=31536000; includeSubDomains
      x-content-type-options:
      - nosniff
      x-ms-ratelimit-remaining-subscription-resource-requests:
      - '899'
    status:
      code: 201
      message: Created
- request:
    body: null
    headers:
      Accept:
      - application/json
      Accept-Encoding:
      - gzip, deflate
      CommandName:
      - eventgrid event-subscription create
      Connection:
      - keep-alive
      ParameterSetName:
      - --source-resource-id --name --endpoint-type --endpoint --event-delivery-schema
        --deadletter-endpoint --subject-begins-with --subject-ends-with
      User-Agent:
      - python/3.7.5 (Windows-10-10.0.18362-SP0) msrest/0.6.11 msrest_azure/0.6.2
        azure-mgmt-eventgrid/3.0.0rc4 Azure-SDK-For-Python AZURECLI/2.1.0
    method: GET
    uri: https://management.azure.com/subscriptions/00000000-0000-0000-0000-000000000000/providers/Microsoft.EventGrid/locations/centraluseuap/operationsStatus/B99799F0-EC0A-4CA7-AD28-E0B7F6F3BDFB?api-version=2020-04-01-preview
  response:
    body:
      string: '{"id":"https://management.azure.com/subscriptions/00000000-0000-0000-0000-000000000000/providers/Microsoft.EventGrid/locations/centraluseuap/operationsStatus/B99799F0-EC0A-4CA7-AD28-E0B7F6F3BDFB?api-version=2020-04-01-preview","name":"b99799f0-ec0a-4ca7-ad28-e0b7f6f3bdfb","status":"Succeeded"}'
    headers:
      cache-control:
      - no-cache
      content-length:
      - '294'
      content-type:
      - application/json; charset=utf-8
      date:
      - Thu, 19 Mar 2020 06:14:58 GMT
      expires:
      - '-1'
      pragma:
      - no-cache
      server:
      - Microsoft-HTTPAPI/2.0
      strict-transport-security:
      - max-age=31536000; includeSubDomains
      transfer-encoding:
      - chunked
      vary:
      - Accept-Encoding
      x-content-type-options:
      - nosniff
    status:
      code: 200
      message: OK
- request:
    body: null
    headers:
      Accept:
      - application/json
      Accept-Encoding:
      - gzip, deflate
      CommandName:
      - eventgrid event-subscription create
      Connection:
      - keep-alive
      ParameterSetName:
      - --source-resource-id --name --endpoint-type --endpoint --event-delivery-schema
        --deadletter-endpoint --subject-begins-with --subject-ends-with
      User-Agent:
      - python/3.7.5 (Windows-10-10.0.18362-SP0) msrest/0.6.11 msrest_azure/0.6.2
        azure-mgmt-eventgrid/3.0.0rc4 Azure-SDK-For-Python AZURECLI/2.1.0
    method: GET
    uri: https://management.azure.com/subscriptions/00000000-0000-0000-0000-000000000000/resourceGroups/clitest.rg000001/providers/Microsoft.Storage/storageAccounts/clieventgrid000002/providers/Microsoft.EventGrid/eventSubscriptions/CliTestEventsubscription1?api-version=2020-04-01-preview
  response:
    body:
      string: '{"properties":{"topic":"/subscriptions/00000000-0000-0000-0000-000000000000/resourceGroups/clitest.rg000001/providers/microsoft.storage/storageaccounts/clieventgrid000002","provisioningState":"Succeeded","destination":{"properties":{"resourceId":"/subscriptions/00000000-0000-0000-0000-000000000000/resourceGroups/DevExpRg/providers/Microsoft.Storage/storageAccounts/devexpstg","queueName":"stogqueuedestination"},"endpointType":"StorageQueue"},"filter":{"subjectBeginsWith":"SomeRandomText1","subjectEndsWith":"SomeRandomText2","includedEventTypes":["Microsoft.Storage.BlobCreated","Microsoft.Storage.BlobDeleted"]},"labels":null,"eventDeliverySchema":"CloudEventSchemaV1_0","retryPolicy":{"maxDeliveryAttempts":30,"eventTimeToLiveInMinutes":1440},"deadLetterDestination":{"properties":{"resourceId":"/subscriptions/00000000-0000-0000-0000-000000000000/resourceGroups/DevExpRg/providers/Microsoft.Storage/storageAccounts/devexpstg","blobContainerName":"dlq"},"endpointType":"StorageBlob"}},"id":"/subscriptions/00000000-0000-0000-0000-000000000000/resourceGroups/clitest.rg000001/providers/Microsoft.Storage/storageAccounts/clieventgrid000002/providers/Microsoft.EventGrid/eventSubscriptions/CliTestEventsubscription1","name":"CliTestEventsubscription1","type":"Microsoft.EventGrid/eventSubscriptions"}'
    headers:
      cache-control:
      - no-cache
      content-length:
      - '1433'
      content-type:
      - application/json; charset=utf-8
      date:
      - Thu, 19 Mar 2020 06:14:58 GMT
      expires:
      - '-1'
      pragma:
      - no-cache
      server:
      - Microsoft-HTTPAPI/2.0
      strict-transport-security:
      - max-age=31536000; includeSubDomains
      transfer-encoding:
      - chunked
      vary:
      - Accept-Encoding
      x-content-type-options:
      - nosniff
    status:
      code: 200
      message: OK
- request:
    body: null
    headers:
      Accept:
      - application/json
      Accept-Encoding:
      - gzip, deflate
      CommandName:
      - eventgrid event-subscription show
      Connection:
      - keep-alive
      ParameterSetName:
      - --source-resource-id --name
      User-Agent:
      - python/3.7.5 (Windows-10-10.0.18362-SP0) msrest/0.6.11 msrest_azure/0.6.2
        azure-mgmt-eventgrid/3.0.0rc4 Azure-SDK-For-Python AZURECLI/2.1.0
      accept-language:
      - en-US
    method: GET
    uri: https://management.azure.com/subscriptions/00000000-0000-0000-0000-000000000000/resourceGroups/clitest.rg000001/providers/Microsoft.Storage/storageAccounts/clieventgrid000002/providers/Microsoft.EventGrid/eventSubscriptions/CliTestEventsubscription1?api-version=2020-04-01-preview
  response:
    body:
      string: '{"properties":{"topic":"/subscriptions/00000000-0000-0000-0000-000000000000/resourceGroups/clitest.rg000001/providers/microsoft.storage/storageaccounts/clieventgrid000002","provisioningState":"Succeeded","destination":{"properties":{"resourceId":"/subscriptions/00000000-0000-0000-0000-000000000000/resourceGroups/DevExpRg/providers/Microsoft.Storage/storageAccounts/devexpstg","queueName":"stogqueuedestination"},"endpointType":"StorageQueue"},"filter":{"subjectBeginsWith":"SomeRandomText1","subjectEndsWith":"SomeRandomText2","includedEventTypes":["Microsoft.Storage.BlobCreated","Microsoft.Storage.BlobDeleted"]},"labels":null,"eventDeliverySchema":"CloudEventSchemaV1_0","retryPolicy":{"maxDeliveryAttempts":30,"eventTimeToLiveInMinutes":1440},"deadLetterDestination":{"properties":{"resourceId":"/subscriptions/00000000-0000-0000-0000-000000000000/resourceGroups/DevExpRg/providers/Microsoft.Storage/storageAccounts/devexpstg","blobContainerName":"dlq"},"endpointType":"StorageBlob"}},"id":"/subscriptions/00000000-0000-0000-0000-000000000000/resourceGroups/clitest.rg000001/providers/Microsoft.Storage/storageAccounts/clieventgrid000002/providers/Microsoft.EventGrid/eventSubscriptions/CliTestEventsubscription1","name":"CliTestEventsubscription1","type":"Microsoft.EventGrid/eventSubscriptions"}'
    headers:
      cache-control:
      - no-cache
      content-length:
      - '1433'
      content-type:
      - application/json; charset=utf-8
      date:
      - Thu, 19 Mar 2020 06:14:59 GMT
      expires:
      - '-1'
      pragma:
      - no-cache
      server:
      - Microsoft-HTTPAPI/2.0
      strict-transport-security:
      - max-age=31536000; includeSubDomains
      transfer-encoding:
      - chunked
      vary:
      - Accept-Encoding
      x-content-type-options:
      - nosniff
    status:
      code: 200
      message: OK
- request:
    body: '{"properties": {"destination": {"endpointType": "HybridConnection", "properties":
      {"resourceId": "/subscriptions/00000000-0000-0000-0000-000000000000/resourceGroups/DevExpRg/providers/Microsoft.Relay/namespaces/DevExpRelayNamespace/hybridConnections/hydbridconnectiondestination"}},
      "filter": {"subjectBeginsWith": "SomeRandomText1", "subjectEndsWith": "SomeRandomText2",
      "isSubjectCaseSensitive": false}, "retryPolicy": {"maxDeliveryAttempts": 20,
      "eventTimeToLiveInMinutes": 1000}, "deadLetterDestination": {"endpointType":
      "StorageBlob", "properties": {"resourceId": "/subscriptions/00000000-0000-0000-0000-000000000000/resourceGroups/DevExpRg/providers/Microsoft.Storage/storageAccounts/devexpstg",
      "blobContainerName": "dlq"}}}}'
    headers:
      Accept:
      - application/json
      Accept-Encoding:
      - gzip, deflate
      CommandName:
      - eventgrid event-subscription create
      Connection:
      - keep-alive
      Content-Length:
      - '733'
      Content-Type:
      - application/json; charset=utf-8
      ParameterSetName:
      - --source-resource-id --name --endpoint-type --endpoint --deadletter-endpoint
        --max-delivery-attempts --event-ttl --subject-begins-with --subject-ends-with
      User-Agent:
      - python/3.7.5 (Windows-10-10.0.18362-SP0) msrest/0.6.11 msrest_azure/0.6.2
        azure-mgmt-eventgrid/3.0.0rc4 Azure-SDK-For-Python AZURECLI/2.1.0
      accept-language:
      - en-US
    method: PUT
    uri: https://management.azure.com/subscriptions/00000000-0000-0000-0000-000000000000/resourceGroups/clitest.rg000001/providers/Microsoft.Storage/storageAccounts/clieventgrid000002/providers/Microsoft.EventGrid/eventSubscriptions/CliTestEventsubscription2?api-version=2020-04-01-preview
  response:
    body:
      string: '{"properties":{"topic":"/subscriptions/00000000-0000-0000-0000-000000000000/resourceGroups/clitest.rg000001/providers/microsoft.storage/storageaccounts/clieventgrid000002","provisioningState":"Creating","destination":{"properties":{"resourceId":"/subscriptions/00000000-0000-0000-0000-000000000000/resourceGroups/DevExpRg/providers/Microsoft.Relay/namespaces/DevExpRelayNamespace/hybridConnections/hydbridconnectiondestination"},"endpointType":"HybridConnection"},"filter":{"subjectBeginsWith":"SomeRandomText1","subjectEndsWith":"SomeRandomText2","includedEventTypes":["Microsoft.Storage.BlobCreated","Microsoft.Storage.BlobDeleted"]},"labels":null,"retryPolicy":{"maxDeliveryAttempts":20,"eventTimeToLiveInMinutes":1000},"deadLetterDestination":{"properties":{"resourceId":"/subscriptions/00000000-0000-0000-0000-000000000000/resourceGroups/DevExpRg/providers/Microsoft.Storage/storageAccounts/devexpstg","blobContainerName":"dlq"},"endpointType":"StorageBlob"}},"id":"/subscriptions/00000000-0000-0000-0000-000000000000/resourceGroups/clitest.rg000001/providers/Microsoft.Storage/storageAccounts/clieventgrid000002/providers/Microsoft.EventGrid/eventSubscriptions/CliTestEventsubscription2","name":"CliTestEventsubscription2","type":"Microsoft.EventGrid/eventSubscriptions"}'
    headers:
      azure-asyncoperation:
      - https://management.azure.com:443/subscriptions/00000000-0000-0000-0000-000000000000/providers/Microsoft.EventGrid/locations/centraluseuap/operationsStatus/7A76E253-F233-4C6B-81F3-42DEB17E8B4B?api-version=2020-04-01-preview
      cache-control:
      - no-cache
      content-length:
      - '1407'
      content-type:
      - application/json; charset=utf-8
      date:
      - Thu, 19 Mar 2020 06:15:00 GMT
      expires:
      - '-1'
      pragma:
      - no-cache
      server:
      - Microsoft-HTTPAPI/2.0
      strict-transport-security:
      - max-age=31536000; includeSubDomains
      x-content-type-options:
      - nosniff
      x-ms-ratelimit-remaining-subscription-resource-requests:
      - '899'
    status:
      code: 201
      message: Created
- request:
    body: null
    headers:
      Accept:
      - application/json
      Accept-Encoding:
      - gzip, deflate
      CommandName:
      - eventgrid event-subscription create
      Connection:
      - keep-alive
      ParameterSetName:
      - --source-resource-id --name --endpoint-type --endpoint --deadletter-endpoint
        --max-delivery-attempts --event-ttl --subject-begins-with --subject-ends-with
      User-Agent:
      - python/3.7.5 (Windows-10-10.0.18362-SP0) msrest/0.6.11 msrest_azure/0.6.2
        azure-mgmt-eventgrid/3.0.0rc4 Azure-SDK-For-Python AZURECLI/2.1.0
    method: GET
    uri: https://management.azure.com/subscriptions/00000000-0000-0000-0000-000000000000/providers/Microsoft.EventGrid/locations/centraluseuap/operationsStatus/7A76E253-F233-4C6B-81F3-42DEB17E8B4B?api-version=2020-04-01-preview
  response:
    body:
      string: '{"id":"https://management.azure.com/subscriptions/00000000-0000-0000-0000-000000000000/providers/Microsoft.EventGrid/locations/centraluseuap/operationsStatus/7A76E253-F233-4C6B-81F3-42DEB17E8B4B?api-version=2020-04-01-preview","name":"7a76e253-f233-4c6b-81f3-42deb17e8b4b","status":"Succeeded"}'
    headers:
      cache-control:
      - no-cache
      content-length:
      - '294'
      content-type:
      - application/json; charset=utf-8
      date:
      - Thu, 19 Mar 2020 06:15:10 GMT
      expires:
      - '-1'
      pragma:
      - no-cache
      server:
      - Microsoft-HTTPAPI/2.0
      strict-transport-security:
      - max-age=31536000; includeSubDomains
      transfer-encoding:
      - chunked
      vary:
      - Accept-Encoding
      x-content-type-options:
      - nosniff
    status:
      code: 200
      message: OK
- request:
    body: null
    headers:
      Accept:
      - application/json
      Accept-Encoding:
      - gzip, deflate
      CommandName:
      - eventgrid event-subscription create
      Connection:
      - keep-alive
      ParameterSetName:
      - --source-resource-id --name --endpoint-type --endpoint --deadletter-endpoint
        --max-delivery-attempts --event-ttl --subject-begins-with --subject-ends-with
      User-Agent:
      - python/3.7.5 (Windows-10-10.0.18362-SP0) msrest/0.6.11 msrest_azure/0.6.2
        azure-mgmt-eventgrid/3.0.0rc4 Azure-SDK-For-Python AZURECLI/2.1.0
    method: GET
    uri: https://management.azure.com/subscriptions/00000000-0000-0000-0000-000000000000/resourceGroups/clitest.rg000001/providers/Microsoft.Storage/storageAccounts/clieventgrid000002/providers/Microsoft.EventGrid/eventSubscriptions/CliTestEventsubscription2?api-version=2020-04-01-preview
  response:
    body:
      string: '{"properties":{"topic":"/subscriptions/00000000-0000-0000-0000-000000000000/resourceGroups/clitest.rg000001/providers/microsoft.storage/storageaccounts/clieventgrid000002","provisioningState":"Succeeded","destination":{"properties":{"resourceId":"/subscriptions/00000000-0000-0000-0000-000000000000/resourceGroups/DevExpRg/providers/Microsoft.Relay/namespaces/DevExpRelayNamespace/hybridConnections/hydbridconnectiondestination"},"endpointType":"HybridConnection"},"filter":{"subjectBeginsWith":"SomeRandomText1","subjectEndsWith":"SomeRandomText2","includedEventTypes":["Microsoft.Storage.BlobCreated","Microsoft.Storage.BlobDeleted"]},"labels":null,"eventDeliverySchema":"EventGridSchema","retryPolicy":{"maxDeliveryAttempts":20,"eventTimeToLiveInMinutes":1000},"deadLetterDestination":{"properties":{"resourceId":"/subscriptions/00000000-0000-0000-0000-000000000000/resourceGroups/DevExpRg/providers/Microsoft.Storage/storageAccounts/devexpstg","blobContainerName":"dlq"},"endpointType":"StorageBlob"}},"id":"/subscriptions/00000000-0000-0000-0000-000000000000/resourceGroups/clitest.rg000001/providers/Microsoft.Storage/storageAccounts/clieventgrid000002/providers/Microsoft.EventGrid/eventSubscriptions/CliTestEventsubscription2","name":"CliTestEventsubscription2","type":"Microsoft.EventGrid/eventSubscriptions"}'
    headers:
      cache-control:
      - no-cache
      content-length:
      - '1448'
      content-type:
      - application/json; charset=utf-8
      date:
      - Thu, 19 Mar 2020 06:15:10 GMT
      expires:
      - '-1'
      pragma:
      - no-cache
      server:
      - Microsoft-HTTPAPI/2.0
      strict-transport-security:
      - max-age=31536000; includeSubDomains
      transfer-encoding:
      - chunked
      vary:
      - Accept-Encoding
      x-content-type-options:
      - nosniff
    status:
      code: 200
      message: OK
- request:
    body: null
    headers:
      Accept:
      - application/json
      Accept-Encoding:
      - gzip, deflate
      CommandName:
      - eventgrid event-subscription show
      Connection:
      - keep-alive
      ParameterSetName:
      - --source-resource-id --name
      User-Agent:
      - python/3.7.5 (Windows-10-10.0.18362-SP0) msrest/0.6.11 msrest_azure/0.6.2
        azure-mgmt-eventgrid/3.0.0rc4 Azure-SDK-For-Python AZURECLI/2.1.0
      accept-language:
      - en-US
    method: GET
    uri: https://management.azure.com/subscriptions/00000000-0000-0000-0000-000000000000/resourceGroups/clitest.rg000001/providers/Microsoft.Storage/storageAccounts/clieventgrid000002/providers/Microsoft.EventGrid/eventSubscriptions/CliTestEventsubscription2?api-version=2020-04-01-preview
  response:
    body:
      string: '{"properties":{"topic":"/subscriptions/00000000-0000-0000-0000-000000000000/resourceGroups/clitest.rg000001/providers/microsoft.storage/storageaccounts/clieventgrid000002","provisioningState":"Succeeded","destination":{"properties":{"resourceId":"/subscriptions/00000000-0000-0000-0000-000000000000/resourceGroups/DevExpRg/providers/Microsoft.Relay/namespaces/DevExpRelayNamespace/hybridConnections/hydbridconnectiondestination"},"endpointType":"HybridConnection"},"filter":{"subjectBeginsWith":"SomeRandomText1","subjectEndsWith":"SomeRandomText2","includedEventTypes":["Microsoft.Storage.BlobCreated","Microsoft.Storage.BlobDeleted"]},"labels":null,"eventDeliverySchema":"EventGridSchema","retryPolicy":{"maxDeliveryAttempts":20,"eventTimeToLiveInMinutes":1000},"deadLetterDestination":{"properties":{"resourceId":"/subscriptions/00000000-0000-0000-0000-000000000000/resourceGroups/DevExpRg/providers/Microsoft.Storage/storageAccounts/devexpstg","blobContainerName":"dlq"},"endpointType":"StorageBlob"}},"id":"/subscriptions/00000000-0000-0000-0000-000000000000/resourceGroups/clitest.rg000001/providers/Microsoft.Storage/storageAccounts/clieventgrid000002/providers/Microsoft.EventGrid/eventSubscriptions/CliTestEventsubscription2","name":"CliTestEventsubscription2","type":"Microsoft.EventGrid/eventSubscriptions"}'
    headers:
      cache-control:
      - no-cache
      content-length:
      - '1448'
      content-type:
      - application/json; charset=utf-8
      date:
      - Thu, 19 Mar 2020 06:15:12 GMT
      expires:
      - '-1'
      pragma:
      - no-cache
      server:
      - Microsoft-HTTPAPI/2.0
      strict-transport-security:
      - max-age=31536000; includeSubDomains
      transfer-encoding:
      - chunked
      vary:
      - Accept-Encoding
      x-content-type-options:
      - nosniff
    status:
      code: 200
      message: OK
- request:
    body: '{"properties": {"destination": {"endpointType": "ServiceBusQueue", "properties":
      {"resourceId": "/subscriptions/00000000-0000-0000-0000-000000000000/resourceGroups/DevExpRg/providers/Microsoft.ServiceBus/namespaces/devexpservicebus/queues/devexpdestination"}},
      "filter": {"subjectBeginsWith": "SomeRandomText1", "subjectEndsWith": "SomeRandomText2",
      "isSubjectCaseSensitive": false}, "retryPolicy": {"maxDeliveryAttempts": 10,
      "eventTimeToLiveInMinutes": 1200}, "deadLetterDestination": {"endpointType":
      "StorageBlob", "properties": {"resourceId": "/subscriptions/00000000-0000-0000-0000-000000000000/resourceGroups/DevExpRg/providers/Microsoft.Storage/storageAccounts/devexpstg",
      "blobContainerName": "dlq"}}}}'
    headers:
      Accept:
      - application/json
      Accept-Encoding:
      - gzip, deflate
      CommandName:
      - eventgrid event-subscription create
      Connection:
      - keep-alive
      Content-Length:
      - '711'
      Content-Type:
      - application/json; charset=utf-8
      ParameterSetName:
      - --source-resource-id --name --endpoint-type --endpoint --deadletter-endpoint
        --max-delivery-attempts --event-ttl --subject-begins-with --subject-ends-with
      User-Agent:
      - python/3.7.5 (Windows-10-10.0.18362-SP0) msrest/0.6.11 msrest_azure/0.6.2
        azure-mgmt-eventgrid/3.0.0rc4 Azure-SDK-For-Python AZURECLI/2.1.0
      accept-language:
      - en-US
    method: PUT
    uri: https://management.azure.com/subscriptions/00000000-0000-0000-0000-000000000000/resourceGroups/clitest.rg000001/providers/Microsoft.Storage/storageAccounts/clieventgrid000002/providers/Microsoft.EventGrid/eventSubscriptions/CliTestEventsubscription3?api-version=2020-04-01-preview
  response:
    body:
      string: '{"properties":{"topic":"/subscriptions/00000000-0000-0000-0000-000000000000/resourceGroups/clitest.rg000001/providers/microsoft.storage/storageaccounts/clieventgrid000002","provisioningState":"Creating","destination":{"properties":{"resourceId":"/subscriptions/00000000-0000-0000-0000-000000000000/resourceGroups/DevExpRg/providers/Microsoft.ServiceBus/namespaces/devexpservicebus/queues/devexpdestination"},"endpointType":"ServiceBusQueue"},"filter":{"subjectBeginsWith":"SomeRandomText1","subjectEndsWith":"SomeRandomText2","includedEventTypes":["Microsoft.Storage.BlobCreated","Microsoft.Storage.BlobDeleted"]},"labels":null,"retryPolicy":{"maxDeliveryAttempts":10,"eventTimeToLiveInMinutes":1200},"deadLetterDestination":{"properties":{"resourceId":"/subscriptions/00000000-0000-0000-0000-000000000000/resourceGroups/DevExpRg/providers/Microsoft.Storage/storageAccounts/devexpstg","blobContainerName":"dlq"},"endpointType":"StorageBlob"}},"id":"/subscriptions/00000000-0000-0000-0000-000000000000/resourceGroups/clitest.rg000001/providers/Microsoft.Storage/storageAccounts/clieventgrid000002/providers/Microsoft.EventGrid/eventSubscriptions/CliTestEventsubscription3","name":"CliTestEventsubscription3","type":"Microsoft.EventGrid/eventSubscriptions"}'
    headers:
      azure-asyncoperation:
      - https://management.azure.com:443/subscriptions/00000000-0000-0000-0000-000000000000/providers/Microsoft.EventGrid/locations/centraluseuap/operationsStatus/DB07792A-A7D9-4697-B320-B2BEC445FBAF?api-version=2020-04-01-preview
      cache-control:
      - no-cache
      content-length:
      - '1385'
      content-type:
      - application/json; charset=utf-8
      date:
      - Thu, 19 Mar 2020 06:15:12 GMT
      expires:
      - '-1'
      pragma:
      - no-cache
      server:
      - Microsoft-HTTPAPI/2.0
      strict-transport-security:
      - max-age=31536000; includeSubDomains
      x-content-type-options:
      - nosniff
      x-ms-ratelimit-remaining-subscription-resource-requests:
      - '898'
    status:
      code: 201
      message: Created
- request:
    body: null
    headers:
      Accept:
      - application/json
      Accept-Encoding:
      - gzip, deflate
      CommandName:
      - eventgrid event-subscription create
      Connection:
      - keep-alive
      ParameterSetName:
      - --source-resource-id --name --endpoint-type --endpoint --deadletter-endpoint
        --max-delivery-attempts --event-ttl --subject-begins-with --subject-ends-with
      User-Agent:
      - python/3.7.5 (Windows-10-10.0.18362-SP0) msrest/0.6.11 msrest_azure/0.6.2
        azure-mgmt-eventgrid/3.0.0rc4 Azure-SDK-For-Python AZURECLI/2.1.0
    method: GET
    uri: https://management.azure.com/subscriptions/00000000-0000-0000-0000-000000000000/providers/Microsoft.EventGrid/locations/centraluseuap/operationsStatus/DB07792A-A7D9-4697-B320-B2BEC445FBAF?api-version=2020-04-01-preview
  response:
    body:
      string: '{"id":"https://management.azure.com/subscriptions/00000000-0000-0000-0000-000000000000/providers/Microsoft.EventGrid/locations/centraluseuap/operationsStatus/DB07792A-A7D9-4697-B320-B2BEC445FBAF?api-version=2020-04-01-preview","name":"db07792a-a7d9-4697-b320-b2bec445fbaf","status":"InProgress"}'
    headers:
      cache-control:
      - no-cache
      content-length:
      - '295'
      content-type:
      - application/json; charset=utf-8
      date:
      - Thu, 19 Mar 2020 06:15:23 GMT
      expires:
      - '-1'
      pragma:
      - no-cache
      server:
      - Microsoft-HTTPAPI/2.0
      strict-transport-security:
      - max-age=31536000; includeSubDomains
      transfer-encoding:
      - chunked
      vary:
      - Accept-Encoding
      x-content-type-options:
      - nosniff
    status:
      code: 200
      message: OK
- request:
    body: null
    headers:
      Accept:
      - application/json
      Accept-Encoding:
      - gzip, deflate
      CommandName:
      - eventgrid event-subscription create
      Connection:
      - keep-alive
      ParameterSetName:
      - --source-resource-id --name --endpoint-type --endpoint --deadletter-endpoint
        --max-delivery-attempts --event-ttl --subject-begins-with --subject-ends-with
      User-Agent:
      - python/3.7.5 (Windows-10-10.0.18362-SP0) msrest/0.6.11 msrest_azure/0.6.2
        azure-mgmt-eventgrid/3.0.0rc4 Azure-SDK-For-Python AZURECLI/2.1.0
    method: GET
    uri: https://management.azure.com/subscriptions/00000000-0000-0000-0000-000000000000/providers/Microsoft.EventGrid/locations/centraluseuap/operationsStatus/DB07792A-A7D9-4697-B320-B2BEC445FBAF?api-version=2020-04-01-preview
  response:
    body:
      string: '{"id":"https://management.azure.com/subscriptions/00000000-0000-0000-0000-000000000000/providers/Microsoft.EventGrid/locations/centraluseuap/operationsStatus/DB07792A-A7D9-4697-B320-B2BEC445FBAF?api-version=2020-04-01-preview","name":"db07792a-a7d9-4697-b320-b2bec445fbaf","status":"Succeeded"}'
    headers:
      cache-control:
      - no-cache
      content-length:
      - '294'
      content-type:
      - application/json; charset=utf-8
      date:
      - Thu, 19 Mar 2020 06:15:52 GMT
      expires:
      - '-1'
      pragma:
      - no-cache
      server:
      - Microsoft-HTTPAPI/2.0
      strict-transport-security:
      - max-age=31536000; includeSubDomains
      transfer-encoding:
      - chunked
      vary:
      - Accept-Encoding
      x-content-type-options:
      - nosniff
    status:
      code: 200
      message: OK
- request:
    body: null
    headers:
      Accept:
      - application/json
      Accept-Encoding:
      - gzip, deflate
      CommandName:
      - eventgrid event-subscription create
      Connection:
      - keep-alive
      ParameterSetName:
      - --source-resource-id --name --endpoint-type --endpoint --deadletter-endpoint
        --max-delivery-attempts --event-ttl --subject-begins-with --subject-ends-with
      User-Agent:
      - python/3.7.5 (Windows-10-10.0.18362-SP0) msrest/0.6.11 msrest_azure/0.6.2
        azure-mgmt-eventgrid/3.0.0rc4 Azure-SDK-For-Python AZURECLI/2.1.0
    method: GET
    uri: https://management.azure.com/subscriptions/00000000-0000-0000-0000-000000000000/resourceGroups/clitest.rg000001/providers/Microsoft.Storage/storageAccounts/clieventgrid000002/providers/Microsoft.EventGrid/eventSubscriptions/CliTestEventsubscription3?api-version=2020-04-01-preview
  response:
    body:
      string: '{"properties":{"topic":"/subscriptions/00000000-0000-0000-0000-000000000000/resourceGroups/clitest.rg000001/providers/microsoft.storage/storageaccounts/clieventgrid000002","provisioningState":"Succeeded","destination":{"properties":{"resourceId":"/subscriptions/00000000-0000-0000-0000-000000000000/resourceGroups/DevExpRg/providers/Microsoft.ServiceBus/namespaces/devexpservicebus/queues/devexpdestination"},"endpointType":"ServiceBusQueue"},"filter":{"subjectBeginsWith":"SomeRandomText1","subjectEndsWith":"SomeRandomText2","includedEventTypes":["Microsoft.Storage.BlobCreated","Microsoft.Storage.BlobDeleted"]},"labels":null,"eventDeliverySchema":"EventGridSchema","retryPolicy":{"maxDeliveryAttempts":10,"eventTimeToLiveInMinutes":1200},"deadLetterDestination":{"properties":{"resourceId":"/subscriptions/00000000-0000-0000-0000-000000000000/resourceGroups/DevExpRg/providers/Microsoft.Storage/storageAccounts/devexpstg","blobContainerName":"dlq"},"endpointType":"StorageBlob"}},"id":"/subscriptions/00000000-0000-0000-0000-000000000000/resourceGroups/clitest.rg000001/providers/Microsoft.Storage/storageAccounts/clieventgrid000002/providers/Microsoft.EventGrid/eventSubscriptions/CliTestEventsubscription3","name":"CliTestEventsubscription3","type":"Microsoft.EventGrid/eventSubscriptions"}'
    headers:
      cache-control:
      - no-cache
      content-length:
      - '1426'
      content-type:
      - application/json; charset=utf-8
      date:
      - Thu, 19 Mar 2020 06:15:53 GMT
      expires:
      - '-1'
      pragma:
      - no-cache
      server:
      - Microsoft-HTTPAPI/2.0
      strict-transport-security:
      - max-age=31536000; includeSubDomains
      transfer-encoding:
      - chunked
      vary:
      - Accept-Encoding
      x-content-type-options:
      - nosniff
    status:
      code: 200
      message: OK
- request:
    body: null
    headers:
      Accept:
      - application/json
      Accept-Encoding:
      - gzip, deflate
      CommandName:
      - eventgrid event-subscription show
      Connection:
      - keep-alive
      ParameterSetName:
      - --source-resource-id --name
      User-Agent:
      - python/3.7.5 (Windows-10-10.0.18362-SP0) msrest/0.6.11 msrest_azure/0.6.2
        azure-mgmt-eventgrid/3.0.0rc4 Azure-SDK-For-Python AZURECLI/2.1.0
      accept-language:
      - en-US
    method: GET
    uri: https://management.azure.com/subscriptions/00000000-0000-0000-0000-000000000000/resourceGroups/clitest.rg000001/providers/Microsoft.Storage/storageAccounts/clieventgrid000002/providers/Microsoft.EventGrid/eventSubscriptions/CliTestEventsubscription3?api-version=2020-04-01-preview
  response:
    body:
      string: '{"properties":{"topic":"/subscriptions/00000000-0000-0000-0000-000000000000/resourceGroups/clitest.rg000001/providers/microsoft.storage/storageaccounts/clieventgrid000002","provisioningState":"Succeeded","destination":{"properties":{"resourceId":"/subscriptions/00000000-0000-0000-0000-000000000000/resourceGroups/DevExpRg/providers/Microsoft.ServiceBus/namespaces/devexpservicebus/queues/devexpdestination"},"endpointType":"ServiceBusQueue"},"filter":{"subjectBeginsWith":"SomeRandomText1","subjectEndsWith":"SomeRandomText2","includedEventTypes":["Microsoft.Storage.BlobCreated","Microsoft.Storage.BlobDeleted"]},"labels":null,"eventDeliverySchema":"EventGridSchema","retryPolicy":{"maxDeliveryAttempts":10,"eventTimeToLiveInMinutes":1200},"deadLetterDestination":{"properties":{"resourceId":"/subscriptions/00000000-0000-0000-0000-000000000000/resourceGroups/DevExpRg/providers/Microsoft.Storage/storageAccounts/devexpstg","blobContainerName":"dlq"},"endpointType":"StorageBlob"}},"id":"/subscriptions/00000000-0000-0000-0000-000000000000/resourceGroups/clitest.rg000001/providers/Microsoft.Storage/storageAccounts/clieventgrid000002/providers/Microsoft.EventGrid/eventSubscriptions/CliTestEventsubscription3","name":"CliTestEventsubscription3","type":"Microsoft.EventGrid/eventSubscriptions"}'
    headers:
      cache-control:
      - no-cache
      content-length:
      - '1426'
      content-type:
      - application/json; charset=utf-8
      date:
      - Thu, 19 Mar 2020 06:15:54 GMT
      expires:
      - '-1'
      pragma:
      - no-cache
      server:
      - Microsoft-HTTPAPI/2.0
      strict-transport-security:
      - max-age=31536000; includeSubDomains
      transfer-encoding:
      - chunked
      vary:
      - Accept-Encoding
      x-content-type-options:
      - nosniff
    status:
      code: 200
      message: OK
- request:
    body: null
    headers:
      Accept:
      - application/json
      Accept-Encoding:
      - gzip, deflate
      CommandName:
      - eventgrid event-subscription delete
      Connection:
      - keep-alive
      Content-Length:
      - '0'
      ParameterSetName:
      - --source-resource-id --name
      User-Agent:
      - python/3.7.5 (Windows-10-10.0.18362-SP0) msrest/0.6.11 msrest_azure/0.6.2
        azure-mgmt-eventgrid/3.0.0rc4 Azure-SDK-For-Python AZURECLI/2.1.0
      accept-language:
      - en-US
    method: DELETE
    uri: https://management.azure.com/subscriptions/00000000-0000-0000-0000-000000000000/resourceGroups/clitest.rg000001/providers/Microsoft.Storage/storageAccounts/clieventgrid000002/providers/Microsoft.EventGrid/eventSubscriptions/CliTestEventsubscription1?api-version=2020-04-01-preview
  response:
    body:
      string: ''
    headers:
      azure-asyncoperation:
      - https://management.azure.com:443/subscriptions/00000000-0000-0000-0000-000000000000/providers/Microsoft.EventGrid/locations/centraluseuap/operationsStatus/9C79FA97-F694-43F3-9887-8A7E6B24233F?api-version=2020-04-01-preview
      cache-control:
      - no-cache
      content-length:
      - '0'
      date:
      - Thu, 19 Mar 2020 06:15:55 GMT
      expires:
      - '-1'
      location:
      - https://management.azure.com/subscriptions/00000000-0000-0000-0000-000000000000/providers/Microsoft.EventGrid/locations/centraluseuap/operationResults/9C79FA97-F694-43F3-9887-8A7E6B24233F?api-version=2020-04-01-preview
      pragma:
      - no-cache
      server:
      - Microsoft-HTTPAPI/2.0
      strict-transport-security:
      - max-age=31536000; includeSubDomains
      x-content-type-options:
      - nosniff
      x-ms-ratelimit-remaining-subscription-deletes:
      - '14998'
    status:
      code: 202
      message: Accepted
- request:
    body: null
    headers:
      Accept:
      - application/json
      Accept-Encoding:
      - gzip, deflate
      CommandName:
      - eventgrid event-subscription delete
      Connection:
      - keep-alive
      ParameterSetName:
      - --source-resource-id --name
      User-Agent:
      - python/3.7.5 (Windows-10-10.0.18362-SP0) msrest/0.6.11 msrest_azure/0.6.2
        azure-mgmt-eventgrid/3.0.0rc4 Azure-SDK-For-Python AZURECLI/2.1.0
    method: GET
    uri: https://management.azure.com/subscriptions/00000000-0000-0000-0000-000000000000/providers/Microsoft.EventGrid/locations/centraluseuap/operationsStatus/9C79FA97-F694-43F3-9887-8A7E6B24233F?api-version=2020-04-01-preview
  response:
    body:
      string: '{"id":"https://management.azure.com/subscriptions/00000000-0000-0000-0000-000000000000/providers/Microsoft.EventGrid/locations/centraluseuap/operationsStatus/9C79FA97-F694-43F3-9887-8A7E6B24233F?api-version=2020-04-01-preview","name":"9c79fa97-f694-43f3-9887-8a7e6b24233f","status":"Succeeded"}'
    headers:
      cache-control:
      - no-cache
      content-length:
      - '294'
      content-type:
      - application/json; charset=utf-8
      date:
      - Thu, 19 Mar 2020 06:16:05 GMT
      expires:
      - '-1'
      pragma:
      - no-cache
      server:
      - Microsoft-HTTPAPI/2.0
      strict-transport-security:
      - max-age=31536000; includeSubDomains
      transfer-encoding:
      - chunked
      vary:
      - Accept-Encoding
      x-content-type-options:
      - nosniff
    status:
      code: 200
      message: OK
- request:
    body: null
    headers:
      Accept:
      - application/json
      Accept-Encoding:
      - gzip, deflate
      CommandName:
      - eventgrid event-subscription delete
      Connection:
      - keep-alive
      Content-Length:
      - '0'
      ParameterSetName:
      - --source-resource-id --name
      User-Agent:
      - python/3.7.5 (Windows-10-10.0.18362-SP0) msrest/0.6.11 msrest_azure/0.6.2
        azure-mgmt-eventgrid/3.0.0rc4 Azure-SDK-For-Python AZURECLI/2.1.0
      accept-language:
      - en-US
    method: DELETE
    uri: https://management.azure.com/subscriptions/00000000-0000-0000-0000-000000000000/resourceGroups/clitest.rg000001/providers/Microsoft.Storage/storageAccounts/clieventgrid000002/providers/Microsoft.EventGrid/eventSubscriptions/CliTestEventsubscription2?api-version=2020-04-01-preview
  response:
    body:
      string: ''
    headers:
      azure-asyncoperation:
      - https://management.azure.com:443/subscriptions/00000000-0000-0000-0000-000000000000/providers/Microsoft.EventGrid/locations/centraluseuap/operationsStatus/3A4C2528-2487-4254-8DB0-B9793A63EC75?api-version=2020-04-01-preview
      cache-control:
      - no-cache
      content-length:
      - '0'
      date:
      - Thu, 19 Mar 2020 06:16:07 GMT
      expires:
      - '-1'
      location:
      - https://management.azure.com/subscriptions/00000000-0000-0000-0000-000000000000/providers/Microsoft.EventGrid/locations/centraluseuap/operationResults/3A4C2528-2487-4254-8DB0-B9793A63EC75?api-version=2020-04-01-preview
      pragma:
      - no-cache
      server:
      - Microsoft-HTTPAPI/2.0
      strict-transport-security:
      - max-age=31536000; includeSubDomains
      x-content-type-options:
      - nosniff
      x-ms-ratelimit-remaining-subscription-deletes:
      - '14999'
    status:
      code: 202
      message: Accepted
- request:
    body: null
    headers:
      Accept:
      - application/json
      Accept-Encoding:
      - gzip, deflate
      CommandName:
      - eventgrid event-subscription delete
      Connection:
      - keep-alive
      ParameterSetName:
      - --source-resource-id --name
      User-Agent:
      - python/3.7.5 (Windows-10-10.0.18362-SP0) msrest/0.6.11 msrest_azure/0.6.2
        azure-mgmt-eventgrid/3.0.0rc4 Azure-SDK-For-Python AZURECLI/2.1.0
    method: GET
    uri: https://management.azure.com/subscriptions/00000000-0000-0000-0000-000000000000/providers/Microsoft.EventGrid/locations/centraluseuap/operationsStatus/3A4C2528-2487-4254-8DB0-B9793A63EC75?api-version=2020-04-01-preview
  response:
    body:
      string: '{"id":"https://management.azure.com/subscriptions/00000000-0000-0000-0000-000000000000/providers/Microsoft.EventGrid/locations/centraluseuap/operationsStatus/3A4C2528-2487-4254-8DB0-B9793A63EC75?api-version=2020-04-01-preview","name":"3a4c2528-2487-4254-8db0-b9793a63ec75","status":"Succeeded"}'
    headers:
      cache-control:
      - no-cache
      content-length:
      - '294'
      content-type:
      - application/json; charset=utf-8
      date:
      - Thu, 19 Mar 2020 06:16:17 GMT
      expires:
      - '-1'
      pragma:
      - no-cache
      server:
      - Microsoft-HTTPAPI/2.0
      strict-transport-security:
      - max-age=31536000; includeSubDomains
      transfer-encoding:
      - chunked
      vary:
      - Accept-Encoding
      x-content-type-options:
      - nosniff
    status:
      code: 200
      message: OK
- request:
    body: null
    headers:
      Accept:
      - application/json
      Accept-Encoding:
      - gzip, deflate
      CommandName:
      - eventgrid event-subscription delete
      Connection:
      - keep-alive
      Content-Length:
      - '0'
      ParameterSetName:
      - --source-resource-id --name
      User-Agent:
      - python/3.7.5 (Windows-10-10.0.18362-SP0) msrest/0.6.11 msrest_azure/0.6.2
        azure-mgmt-eventgrid/3.0.0rc4 Azure-SDK-For-Python AZURECLI/2.1.0
      accept-language:
      - en-US
    method: DELETE
    uri: https://management.azure.com/subscriptions/00000000-0000-0000-0000-000000000000/resourceGroups/clitest.rg000001/providers/Microsoft.Storage/storageAccounts/clieventgrid000002/providers/Microsoft.EventGrid/eventSubscriptions/CliTestEventsubscription3?api-version=2020-04-01-preview
  response:
    body:
      string: ''
    headers:
      azure-asyncoperation:
      - https://management.azure.com:443/subscriptions/00000000-0000-0000-0000-000000000000/providers/Microsoft.EventGrid/locations/centraluseuap/operationsStatus/A9389599-7289-48FC-929B-AA89EEE84207?api-version=2020-04-01-preview
      cache-control:
      - no-cache
      content-length:
      - '0'
      date:
      - Thu, 19 Mar 2020 06:16:19 GMT
      expires:
      - '-1'
      location:
      - https://management.azure.com/subscriptions/00000000-0000-0000-0000-000000000000/providers/Microsoft.EventGrid/locations/centraluseuap/operationResults/A9389599-7289-48FC-929B-AA89EEE84207?api-version=2020-04-01-preview
      pragma:
      - no-cache
      server:
      - Microsoft-HTTPAPI/2.0
      strict-transport-security:
      - max-age=31536000; includeSubDomains
      x-content-type-options:
      - nosniff
      x-ms-ratelimit-remaining-subscription-deletes:
      - '14999'
    status:
      code: 202
      message: Accepted
- request:
    body: null
    headers:
      Accept:
      - application/json
      Accept-Encoding:
      - gzip, deflate
      CommandName:
      - eventgrid event-subscription delete
      Connection:
      - keep-alive
      ParameterSetName:
      - --source-resource-id --name
      User-Agent:
      - python/3.7.5 (Windows-10-10.0.18362-SP0) msrest/0.6.11 msrest_azure/0.6.2
        azure-mgmt-eventgrid/3.0.0rc4 Azure-SDK-For-Python AZURECLI/2.1.0
    method: GET
    uri: https://management.azure.com/subscriptions/00000000-0000-0000-0000-000000000000/providers/Microsoft.EventGrid/locations/centraluseuap/operationsStatus/A9389599-7289-48FC-929B-AA89EEE84207?api-version=2020-04-01-preview
  response:
    body:
      string: '{"id":"https://management.azure.com/subscriptions/00000000-0000-0000-0000-000000000000/providers/Microsoft.EventGrid/locations/centraluseuap/operationsStatus/A9389599-7289-48FC-929B-AA89EEE84207?api-version=2020-04-01-preview","name":"a9389599-7289-48fc-929b-aa89eee84207","status":"Succeeded"}'
    headers:
      cache-control:
      - no-cache
      content-length:
      - '294'
      content-type:
      - application/json; charset=utf-8
      date:
      - Thu, 19 Mar 2020 06:16:29 GMT
      expires:
      - '-1'
      pragma:
      - no-cache
      server:
      - Microsoft-HTTPAPI/2.0
      strict-transport-security:
      - max-age=31536000; includeSubDomains
      transfer-encoding:
      - chunked
      vary:
      - Accept-Encoding
      x-content-type-options:
      - nosniff
    status:
      code: 200
      message: OK
- request:
    body: null
    headers:
      Accept:
      - application/json
      Accept-Encoding:
      - gzip, deflate
      CommandName:
      - storage account delete
      Connection:
      - keep-alive
      Content-Length:
      - '0'
      ParameterSetName:
      - -y -g -n
      User-Agent:
      - python/3.7.5 (Windows-10-10.0.18362-SP0) msrest/0.6.11 msrest_azure/0.6.2
        azure-mgmt-storage/7.2.0 Azure-SDK-For-Python AZURECLI/2.1.0
      accept-language:
      - en-US
    method: DELETE
    uri: https://management.azure.com/subscriptions/00000000-0000-0000-0000-000000000000/resourceGroups/clitest.rg000001/providers/Microsoft.Storage/storageAccounts/clieventgrid000002?api-version=2019-06-01
  response:
    body:
      string: ''
    headers:
      cache-control:
      - no-cache
      content-length:
      - '0'
      content-type:
      - text/plain; charset=utf-8
      date:
      - Thu, 19 Mar 2020 06:16:55 GMT
      expires:
      - '-1'
      pragma:
      - no-cache
      server:
      - Microsoft-Azure-Storage-Resource-Provider/1.0,Microsoft-HTTPAPI/2.0 Microsoft-HTTPAPI/2.0
      strict-transport-security:
      - max-age=31536000; includeSubDomains
      x-content-type-options:
      - nosniff
      x-ms-ratelimit-remaining-subscription-deletes:
      - '14999'
    status:
      code: 200
      message: OK
version: 1
