interactions:
- request:
    body: '{"location": "global", "properties": {"partnerName": "cli000007", "partnerResourceTypeName":
      "cli000008", "authorizedAzureSubscriptionIds": ["e065fce2-69a8-11ea-aa0e-a08cfdecd868"]}}'
    headers:
      Accept:
      - application/json
      Accept-Encoding:
      - gzip, deflate
      CommandName:
      - eventgrid partner registration create
      Connection:
      - keep-alive
      Content-Length:
      - '244'
      Content-Type:
      - application/json; charset=utf-8
      ParameterSetName:
      - --name --resource-group --partner-name --resource-type-name --authorized-subscription-ids
      User-Agent:
      - python/3.7.5 (Windows-10-10.0.18362-SP0) msrest/0.6.11 msrest_azure/0.6.2
        azure-mgmt-eventgrid/3.0.0rc4 Azure-SDK-For-Python AZURECLI/2.1.0
      accept-language:
      - en-US
    method: PUT
    uri: https://management.azure.com/subscriptions/00000000-0000-0000-0000-000000000000/resourceGroups/clitest.rg000001/providers/Microsoft.EventGrid/partnerRegistrations/cli000002?api-version=2020-04-01-preview
  response:
    body:
      string: '{"properties":{"provisioningState":"Succeeded","partnerName":"cli000007","partnerResourceTypeName":"cli000008","partnerResourceTypeDisplayName":null,"partnerResourceTypeDescription":null,"setupUri":null,"logoUri":null,"visibilityState":"Hidden","authorizedAzureSubscriptionIds":["e065fce2-69a8-11ea-aa0e-a08cfdecd868"]},"location":"global","tags":null,"id":"/subscriptions/00000000-0000-0000-0000-000000000000/resourceGroups/clitest.rg000001/providers/Microsoft.EventGrid/partnerRegistrations/cli000002","name":"cli000002","type":"Microsoft.EventGrid/partnerRegistrations"}'
    headers:
      cache-control:
      - no-cache
      content-length:
      - '756'
      content-type:
      - application/json; charset=utf-8
      date:
      - Thu, 19 Mar 2020 06:14:24 GMT
      expires:
      - '-1'
      pragma:
      - no-cache
      server:
      - Microsoft-HTTPAPI/2.0
      strict-transport-security:
      - max-age=31536000; includeSubDomains
      transfer-encoding:
      - chunked
      vary:
      - Accept-Encoding
      x-content-type-options:
      - nosniff
      x-ms-ratelimit-remaining-subscription-writes:
      - '1198'
    status:
      code: 200
      message: OK
- request:
    body: '{"location": "global", "properties": {"partnerName": "cli000007", "partnerResourceTypeName":
      "cli000008", "partnerResourceTypeDisplayName": "cli000010", "partnerResourceTypeDescription":
      "cli000009", "authorizedAzureSubscriptionIds": ["e065fce3-69a8-11ea-82ae-a08cfdecd868",
      "e065fce4-69a8-11ea-9e49-a08cfdecd868"]}}'
    headers:
      Accept:
      - application/json
      Accept-Encoding:
      - gzip, deflate
      CommandName:
      - eventgrid partner registration create
      Connection:
      - keep-alive
      Content-Length:
      - '440'
      Content-Type:
      - application/json; charset=utf-8
      ParameterSetName:
      - --name --resource-group --partner-name --resource-type-name --description
        --display-name --authorized-subscription-ids
      User-Agent:
      - python/3.7.5 (Windows-10-10.0.18362-SP0) msrest/0.6.11 msrest_azure/0.6.2
        azure-mgmt-eventgrid/3.0.0rc4 Azure-SDK-For-Python AZURECLI/2.1.0
      accept-language:
      - en-US
    method: PUT
    uri: https://management.azure.com/subscriptions/00000000-0000-0000-0000-000000000000/resourceGroups/clitest.rg000001/providers/Microsoft.EventGrid/partnerRegistrations/cli000002?api-version=2020-04-01-preview
  response:
    body:
      string: '{"properties":{"provisioningState":"Succeeded","partnerName":"cli000007","partnerResourceTypeName":"cli000008","partnerResourceTypeDisplayName":"cli000010","partnerResourceTypeDescription":"cli000009","setupUri":null,"logoUri":null,"visibilityState":"Hidden","authorizedAzureSubscriptionIds":["e065fce3-69a8-11ea-82ae-a08cfdecd868","e065fce4-69a8-11ea-9e49-a08cfdecd868"]},"location":"global","tags":null,"id":"/subscriptions/00000000-0000-0000-0000-000000000000/resourceGroups/clitest.rg000001/providers/Microsoft.EventGrid/partnerRegistrations/cli000002","name":"cli000002","type":"Microsoft.EventGrid/partnerRegistrations"}'
    headers:
      cache-control:
      - no-cache
      content-length:
      - '871'
      content-type:
      - application/json; charset=utf-8
      date:
      - Thu, 19 Mar 2020 06:14:25 GMT
      expires:
      - '-1'
      pragma:
      - no-cache
      server:
      - Microsoft-HTTPAPI/2.0
      strict-transport-security:
      - max-age=31536000; includeSubDomains
      transfer-encoding:
      - chunked
      vary:
      - Accept-Encoding
      x-content-type-options:
      - nosniff
      x-ms-ratelimit-remaining-subscription-writes:
      - '1199'
    status:
      code: 200
      message: OK
- request:
    body: null
    headers:
      Accept:
      - application/json
      Accept-Encoding:
      - gzip, deflate
      CommandName:
      - eventgrid partner registration show
      Connection:
      - keep-alive
      ParameterSetName:
      - --name --resource-group
      User-Agent:
      - python/3.7.5 (Windows-10-10.0.18362-SP0) msrest/0.6.11 msrest_azure/0.6.2
        azure-mgmt-eventgrid/3.0.0rc4 Azure-SDK-For-Python AZURECLI/2.1.0
      accept-language:
      - en-US
    method: GET
    uri: https://management.azure.com/subscriptions/00000000-0000-0000-0000-000000000000/resourceGroups/clitest.rg000001/providers/Microsoft.EventGrid/partnerRegistrations/cli000002?api-version=2020-04-01-preview
  response:
    body:
      string: '{"properties":{"provisioningState":"Succeeded","partnerName":"cli000007","partnerResourceTypeName":"cli000008","partnerResourceTypeDisplayName":"cli000010","partnerResourceTypeDescription":"cli000009","setupUri":null,"logoUri":null,"visibilityState":"Hidden","authorizedAzureSubscriptionIds":["e065fce3-69a8-11ea-82ae-a08cfdecd868","e065fce4-69a8-11ea-9e49-a08cfdecd868"]},"location":"global","tags":null,"id":"/subscriptions/00000000-0000-0000-0000-000000000000/resourceGroups/clitest.rg000001/providers/Microsoft.EventGrid/partnerRegistrations/cli000002","name":"cli000002","type":"Microsoft.EventGrid/partnerRegistrations"}'
    headers:
      cache-control:
      - no-cache
      content-length:
      - '871'
      content-type:
      - application/json; charset=utf-8
      date:
      - Thu, 19 Mar 2020 06:14:25 GMT
      expires:
      - '-1'
      pragma:
      - no-cache
      server:
      - Microsoft-HTTPAPI/2.0
      strict-transport-security:
      - max-age=31536000; includeSubDomains
      transfer-encoding:
      - chunked
      vary:
      - Accept-Encoding
      x-content-type-options:
      - nosniff
    status:
      code: 200
      message: OK
- request:
    body: null
    headers:
      Accept:
      - application/json
      Accept-Encoding:
      - gzip, deflate
      CommandName:
      - eventgrid partner registration list
      Connection:
      - keep-alive
      ParameterSetName:
      - --resource-group
      User-Agent:
      - python/3.7.5 (Windows-10-10.0.18362-SP0) msrest/0.6.11 msrest_azure/0.6.2
        azure-mgmt-eventgrid/3.0.0rc4 Azure-SDK-For-Python AZURECLI/2.1.0
      accept-language:
      - en-US
    method: GET
    uri: https://management.azure.com/subscriptions/00000000-0000-0000-0000-000000000000/resourceGroups/clitest.rg000001/providers/Microsoft.EventGrid/partnerRegistrations?api-version=2020-04-01-preview&$top=100
  response:
    body:
      string: '{"value":[{"properties":{"provisioningState":"Succeeded","partnerName":"cli000007","partnerResourceTypeName":"cli000008","partnerResourceTypeDisplayName":"cli000010","partnerResourceTypeDescription":"cli000009","setupUri":null,"logoUri":null,"visibilityState":"Hidden","authorizedAzureSubscriptionIds":["e065fce3-69a8-11ea-82ae-a08cfdecd868","e065fce4-69a8-11ea-9e49-a08cfdecd868"]},"location":"global","tags":null,"id":"/subscriptions/00000000-0000-0000-0000-000000000000/resourceGroups/clitest.rg000001/providers/Microsoft.EventGrid/partnerRegistrations/cli000002","name":"cli000002","type":"Microsoft.EventGrid/partnerRegistrations"}]}'
    headers:
      cache-control:
      - no-cache
      content-length:
      - '883'
      content-type:
      - application/json; charset=utf-8
      date:
      - Thu, 19 Mar 2020 06:14:27 GMT
      expires:
      - '-1'
      pragma:
      - no-cache
      server:
      - Microsoft-HTTPAPI/2.0
      strict-transport-security:
      - max-age=31536000; includeSubDomains
      transfer-encoding:
      - chunked
      vary:
      - Accept-Encoding
      x-content-type-options:
      - nosniff
    status:
      code: 200
      message: OK
- request:
    body: null
    headers:
      Accept:
      - application/json
      Accept-Encoding:
      - gzip, deflate
      CommandName:
      - eventgrid partner registration list
      Connection:
      - keep-alive
      ParameterSetName:
      - --resource-group --odata-query
      User-Agent:
      - python/3.7.5 (Windows-10-10.0.18362-SP0) msrest/0.6.11 msrest_azure/0.6.2
        azure-mgmt-eventgrid/3.0.0rc4 Azure-SDK-For-Python AZURECLI/2.1.0
      accept-language:
      - en-US
    method: GET
    uri: https://management.azure.com/subscriptions/00000000-0000-0000-0000-000000000000/resourceGroups/clitest.rg000001/providers/Microsoft.EventGrid/partnerRegistrations?api-version=2020-04-01-preview&$filter=name%20eq%20%27cli000002%27&$top=100
  response:
    body:
      string: '{"value":[{"properties":{"provisioningState":"Succeeded","partnerName":"cli000007","partnerResourceTypeName":"cli000008","partnerResourceTypeDisplayName":"cli000010","partnerResourceTypeDescription":"cli000009","setupUri":null,"logoUri":null,"visibilityState":"Hidden","authorizedAzureSubscriptionIds":["e065fce3-69a8-11ea-82ae-a08cfdecd868","e065fce4-69a8-11ea-9e49-a08cfdecd868"]},"location":"global","tags":null,"id":"/subscriptions/00000000-0000-0000-0000-000000000000/resourceGroups/clitest.rg000001/providers/Microsoft.EventGrid/partnerRegistrations/cli000002","name":"cli000002","type":"Microsoft.EventGrid/partnerRegistrations"}]}'
    headers:
      cache-control:
      - no-cache
      content-length:
      - '883'
      content-type:
      - application/json; charset=utf-8
      date:
      - Thu, 19 Mar 2020 06:14:28 GMT
      expires:
      - '-1'
      pragma:
      - no-cache
      server:
      - Microsoft-HTTPAPI/2.0
      strict-transport-security:
      - max-age=31536000; includeSubDomains
      transfer-encoding:
      - chunked
      vary:
      - Accept-Encoding
      x-content-type-options:
      - nosniff
    status:
      code: 200
      message: OK
- request:
    body: 'b''{"location": "centraluseuap", "properties": {"partnerRegistrationFullyQualifiedId":
      "/subscriptions/00000000-0000-0000-0000-000000000000/resourceGroups/clitest.rg000001/providers/Microsoft.EventGrid/partnerRegistrations/cli000002"}}'''
    headers:
      Accept:
      - application/json
      Accept-Encoding:
      - gzip, deflate
      CommandName:
      - eventgrid partner namespace create
      Connection:
      - keep-alive
      Content-Length:
      - '322'
      Content-Type:
      - application/json; charset=utf-8
      ParameterSetName:
      - --name --resource-group --location --partner-registration-id
      User-Agent:
      - python/3.7.5 (Windows-10-10.0.18362-SP0) msrest/0.6.11 msrest_azure/0.6.2
        azure-mgmt-eventgrid/3.0.0rc4 Azure-SDK-For-Python AZURECLI/2.1.0
      accept-language:
      - en-US
    method: PUT
    uri: https://management.azure.com/subscriptions/00000000-0000-0000-0000-000000000000/resourceGroups/clitest.rg000001/providers/Microsoft.EventGrid/partnerNamespaces/cli000003?api-version=2020-04-01-preview
  response:
    body:
      string: '{"properties":{"provisioningState":"Creating","partnerRegistrationFullyQualifiedId":"/subscriptions/00000000-0000-0000-0000-000000000000/resourceGroups/clitest.rg000001/providers/Microsoft.EventGrid/partnerRegistrations/cli000002","endpoint":null},"location":"centraluseuap","tags":null,"id":"/subscriptions/00000000-0000-0000-0000-000000000000/resourceGroups/clitest.rg000001/providers/Microsoft.EventGrid/partnerNamespaces/cli000003","name":"cli000003","type":"Microsoft.EventGrid/partnerNamespaces"}'
    headers:
      azure-asyncoperation:
      - https://management.azure.com:443/subscriptions/00000000-0000-0000-0000-000000000000/providers/Microsoft.EventGrid/locations/centraluseuap/operationsStatus/5EC08FEB-8A80-4A7E-AE19-9B92518F61AD?api-version=2020-04-01-preview
      cache-control:
      - no-cache
      content-length:
      - '713'
      content-type:
      - application/json; charset=utf-8
      date:
      - Thu, 19 Mar 2020 06:14:29 GMT
      expires:
      - '-1'
      pragma:
      - no-cache
      server:
      - Microsoft-HTTPAPI/2.0
      strict-transport-security:
      - max-age=31536000; includeSubDomains
      x-content-type-options:
      - nosniff
      x-ms-ratelimit-remaining-subscription-writes:
      - '1199'
    status:
      code: 201
      message: Created
- request:
    body: null
    headers:
      Accept:
      - application/json
      Accept-Encoding:
      - gzip, deflate
      CommandName:
      - eventgrid partner namespace create
      Connection:
      - keep-alive
      ParameterSetName:
      - --name --resource-group --location --partner-registration-id
      User-Agent:
      - python/3.7.5 (Windows-10-10.0.18362-SP0) msrest/0.6.11 msrest_azure/0.6.2
        azure-mgmt-eventgrid/3.0.0rc4 Azure-SDK-For-Python AZURECLI/2.1.0
    method: GET
    uri: https://management.azure.com/subscriptions/00000000-0000-0000-0000-000000000000/providers/Microsoft.EventGrid/locations/centraluseuap/operationsStatus/5EC08FEB-8A80-4A7E-AE19-9B92518F61AD?api-version=2020-04-01-preview
  response:
    body:
      string: '{"id":"https://management.azure.com/subscriptions/00000000-0000-0000-0000-000000000000/providers/Microsoft.EventGrid/locations/centraluseuap/operationsStatus/5EC08FEB-8A80-4A7E-AE19-9B92518F61AD?api-version=2020-04-01-preview","name":"5ec08feb-8a80-4a7e-ae19-9b92518f61ad","status":"Succeeded"}'
    headers:
      cache-control:
      - no-cache
      content-length:
      - '294'
      content-type:
      - application/json; charset=utf-8
      date:
      - Thu, 19 Mar 2020 06:14:40 GMT
      expires:
      - '-1'
      pragma:
      - no-cache
      server:
      - Microsoft-HTTPAPI/2.0
      strict-transport-security:
      - max-age=31536000; includeSubDomains
      transfer-encoding:
      - chunked
      vary:
      - Accept-Encoding
      x-content-type-options:
      - nosniff
    status:
      code: 200
      message: OK
- request:
    body: null
    headers:
      Accept:
      - application/json
      Accept-Encoding:
      - gzip, deflate
      CommandName:
      - eventgrid partner namespace create
      Connection:
      - keep-alive
      ParameterSetName:
      - --name --resource-group --location --partner-registration-id
      User-Agent:
      - python/3.7.5 (Windows-10-10.0.18362-SP0) msrest/0.6.11 msrest_azure/0.6.2
        azure-mgmt-eventgrid/3.0.0rc4 Azure-SDK-For-Python AZURECLI/2.1.0
    method: GET
    uri: https://management.azure.com/subscriptions/00000000-0000-0000-0000-000000000000/resourceGroups/clitest.rg000001/providers/Microsoft.EventGrid/partnerNamespaces/cli000003?api-version=2020-04-01-preview
  response:
    body:
      string: '{"properties":{"provisioningState":"Succeeded","partnerRegistrationFullyQualifiedId":"/subscriptions/00000000-0000-0000-0000-000000000000/resourceGroups/clitest.rg000001/providers/Microsoft.EventGrid/partnerRegistrations/cli000002","endpoint":"https://cli000003.centraluseuap-1.eventgrid.azure.net/api/events"},"location":"centraluseuap","tags":null,"id":"/subscriptions/00000000-0000-0000-0000-000000000000/resourceGroups/clitest.rg000001/providers/Microsoft.EventGrid/partnerNamespaces/cli000003","name":"cli000003","type":"Microsoft.EventGrid/partnerNamespaces"}'
    headers:
      cache-control:
      - no-cache
      content-length:
      - '807'
      content-type:
      - application/json; charset=utf-8
      date:
      - Thu, 19 Mar 2020 06:14:40 GMT
      expires:
      - '-1'
      pragma:
      - no-cache
      server:
      - Microsoft-HTTPAPI/2.0
      strict-transport-security:
      - max-age=31536000; includeSubDomains
      transfer-encoding:
      - chunked
      vary:
      - Accept-Encoding
      x-content-type-options:
      - nosniff
    status:
      code: 200
      message: OK
- request:
    body: null
    headers:
      Accept:
      - application/json
      Accept-Encoding:
      - gzip, deflate
      CommandName:
      - eventgrid partner namespace show
      Connection:
      - keep-alive
      ParameterSetName:
      - --name --resource-group
      User-Agent:
      - python/3.7.5 (Windows-10-10.0.18362-SP0) msrest/0.6.11 msrest_azure/0.6.2
        azure-mgmt-eventgrid/3.0.0rc4 Azure-SDK-For-Python AZURECLI/2.1.0
      accept-language:
      - en-US
    method: GET
    uri: https://management.azure.com/subscriptions/00000000-0000-0000-0000-000000000000/resourceGroups/clitest.rg000001/providers/Microsoft.EventGrid/partnerNamespaces/cli000003?api-version=2020-04-01-preview
  response:
    body:
      string: '{"properties":{"provisioningState":"Succeeded","partnerRegistrationFullyQualifiedId":"/subscriptions/00000000-0000-0000-0000-000000000000/resourceGroups/clitest.rg000001/providers/Microsoft.EventGrid/partnerRegistrations/cli000002","endpoint":"https://cli000003.centraluseuap-1.eventgrid.azure.net/api/events"},"location":"centraluseuap","tags":null,"id":"/subscriptions/00000000-0000-0000-0000-000000000000/resourceGroups/clitest.rg000001/providers/Microsoft.EventGrid/partnerNamespaces/cli000003","name":"cli000003","type":"Microsoft.EventGrid/partnerNamespaces"}'
    headers:
      cache-control:
      - no-cache
      content-length:
      - '807'
      content-type:
      - application/json; charset=utf-8
      date:
      - Thu, 19 Mar 2020 06:14:41 GMT
      expires:
      - '-1'
      pragma:
      - no-cache
      server:
      - Microsoft-HTTPAPI/2.0
      strict-transport-security:
      - max-age=31536000; includeSubDomains
      transfer-encoding:
      - chunked
      vary:
      - Accept-Encoding
      x-content-type-options:
      - nosniff
    status:
      code: 200
      message: OK
- request:
    body: 'b''{"location": "centraluseuap", "tags": {"Dept": "IT"}, "properties":
      {"partnerRegistrationFullyQualifiedId": "/subscriptions/00000000-0000-0000-0000-000000000000/resourceGroups/clitest.rg000001/providers/Microsoft.EventGrid/partnerRegistrations/cli000002"}}'''
    headers:
      Accept:
      - application/json
      Accept-Encoding:
      - gzip, deflate
      CommandName:
      - eventgrid partner namespace create
      Connection:
      - keep-alive
      Content-Length:
      - '346'
      Content-Type:
      - application/json; charset=utf-8
      ParameterSetName:
      - --name --resource-group --tags --partner-registration-id --location
      User-Agent:
      - python/3.7.5 (Windows-10-10.0.18362-SP0) msrest/0.6.11 msrest_azure/0.6.2
        azure-mgmt-eventgrid/3.0.0rc4 Azure-SDK-For-Python AZURECLI/2.1.0
      accept-language:
      - en-US
    method: PUT
    uri: https://management.azure.com/subscriptions/00000000-0000-0000-0000-000000000000/resourceGroups/clitest.rg000001/providers/Microsoft.EventGrid/partnerNamespaces/cli000003?api-version=2020-04-01-preview
  response:
    body:
      string: '{"properties":{"provisioningState":"Updating","partnerRegistrationFullyQualifiedId":"/subscriptions/00000000-0000-0000-0000-000000000000/resourceGroups/clitest.rg000001/providers/Microsoft.EventGrid/partnerRegistrations/cli000002","endpoint":null},"location":"centraluseuap","tags":{"Dept":"IT"},"id":"/subscriptions/00000000-0000-0000-0000-000000000000/resourceGroups/clitest.rg000001/providers/Microsoft.EventGrid/partnerNamespaces/cli000003","name":"cli000003","type":"Microsoft.EventGrid/partnerNamespaces"}'
    headers:
      azure-asyncoperation:
      - https://management.azure.com:443/subscriptions/00000000-0000-0000-0000-000000000000/providers/Microsoft.EventGrid/locations/centraluseuap/operationsStatus/B450754C-61A0-43ED-BED1-92AD2DC34626?api-version=2020-04-01-preview
      cache-control:
      - no-cache
      content-length:
      - '722'
      content-type:
      - application/json; charset=utf-8
      date:
      - Thu, 19 Mar 2020 06:14:42 GMT
      expires:
      - '-1'
      pragma:
      - no-cache
      server:
      - Microsoft-HTTPAPI/2.0
      strict-transport-security:
      - max-age=31536000; includeSubDomains
      x-content-type-options:
      - nosniff
      x-ms-ratelimit-remaining-subscription-writes:
      - '1199'
    status:
      code: 201
      message: Created
- request:
    body: null
    headers:
      Accept:
      - application/json
      Accept-Encoding:
      - gzip, deflate
      CommandName:
      - eventgrid partner namespace create
      Connection:
      - keep-alive
      ParameterSetName:
      - --name --resource-group --tags --partner-registration-id --location
      User-Agent:
      - python/3.7.5 (Windows-10-10.0.18362-SP0) msrest/0.6.11 msrest_azure/0.6.2
        azure-mgmt-eventgrid/3.0.0rc4 Azure-SDK-For-Python AZURECLI/2.1.0
    method: GET
    uri: https://management.azure.com/subscriptions/00000000-0000-0000-0000-000000000000/providers/Microsoft.EventGrid/locations/centraluseuap/operationsStatus/B450754C-61A0-43ED-BED1-92AD2DC34626?api-version=2020-04-01-preview
  response:
    body:
      string: '{"id":"https://management.azure.com/subscriptions/00000000-0000-0000-0000-000000000000/providers/Microsoft.EventGrid/locations/centraluseuap/operationsStatus/B450754C-61A0-43ED-BED1-92AD2DC34626?api-version=2020-04-01-preview","name":"b450754c-61a0-43ed-bed1-92ad2dc34626","status":"Succeeded"}'
    headers:
      cache-control:
      - no-cache
      content-length:
      - '294'
      content-type:
      - application/json; charset=utf-8
      date:
      - Thu, 19 Mar 2020 06:14:52 GMT
      expires:
      - '-1'
      pragma:
      - no-cache
      server:
      - Microsoft-HTTPAPI/2.0
      strict-transport-security:
      - max-age=31536000; includeSubDomains
      transfer-encoding:
      - chunked
      vary:
      - Accept-Encoding
      x-content-type-options:
      - nosniff
    status:
      code: 200
      message: OK
- request:
    body: null
    headers:
      Accept:
      - application/json
      Accept-Encoding:
      - gzip, deflate
      CommandName:
      - eventgrid partner namespace create
      Connection:
      - keep-alive
      ParameterSetName:
      - --name --resource-group --tags --partner-registration-id --location
      User-Agent:
      - python/3.7.5 (Windows-10-10.0.18362-SP0) msrest/0.6.11 msrest_azure/0.6.2
        azure-mgmt-eventgrid/3.0.0rc4 Azure-SDK-For-Python AZURECLI/2.1.0
    method: GET
    uri: https://management.azure.com/subscriptions/00000000-0000-0000-0000-000000000000/resourceGroups/clitest.rg000001/providers/Microsoft.EventGrid/partnerNamespaces/cli000003?api-version=2020-04-01-preview
  response:
    body:
      string: '{"properties":{"provisioningState":"Succeeded","partnerRegistrationFullyQualifiedId":"/subscriptions/00000000-0000-0000-0000-000000000000/resourceGroups/clitest.rg000001/providers/Microsoft.EventGrid/partnerRegistrations/cli000002","endpoint":"https://cli000003.centraluseuap-1.eventgrid.azure.net/api/events"},"location":"centraluseuap","tags":{"Dept":"IT"},"id":"/subscriptions/00000000-0000-0000-0000-000000000000/resourceGroups/clitest.rg000001/providers/Microsoft.EventGrid/partnerNamespaces/cli000003","name":"cli000003","type":"Microsoft.EventGrid/partnerNamespaces"}'
    headers:
      cache-control:
      - no-cache
      content-length:
      - '816'
      content-type:
      - application/json; charset=utf-8
      date:
      - Thu, 19 Mar 2020 06:14:52 GMT
      expires:
      - '-1'
      pragma:
      - no-cache
      server:
      - Microsoft-HTTPAPI/2.0
      strict-transport-security:
      - max-age=31536000; includeSubDomains
      transfer-encoding:
      - chunked
      vary:
      - Accept-Encoding
      x-content-type-options:
      - nosniff
    status:
      code: 200
      message: OK
- request:
    body: null
    headers:
      Accept:
      - application/json
      Accept-Encoding:
      - gzip, deflate
      CommandName:
      - eventgrid partner namespace list
      Connection:
      - keep-alive
      ParameterSetName:
      - --resource-group
      User-Agent:
      - python/3.7.5 (Windows-10-10.0.18362-SP0) msrest/0.6.11 msrest_azure/0.6.2
        azure-mgmt-eventgrid/3.0.0rc4 Azure-SDK-For-Python AZURECLI/2.1.0
      accept-language:
      - en-US
    method: GET
    uri: https://management.azure.com/subscriptions/00000000-0000-0000-0000-000000000000/resourceGroups/clitest.rg000001/providers/Microsoft.EventGrid/partnerNamespaces?api-version=2020-04-01-preview&$top=100
  response:
    body:
      string: '{"value":[{"properties":{"provisioningState":"Succeeded","partnerRegistrationFullyQualifiedId":"/subscriptions/00000000-0000-0000-0000-000000000000/resourceGroups/clitest.rg000001/providers/Microsoft.EventGrid/partnerRegistrations/cli000002","endpoint":"https://cli000003.centraluseuap-1.eventgrid.azure.net/api/events"},"location":"centraluseuap","tags":{"Dept":"IT"},"id":"/subscriptions/00000000-0000-0000-0000-000000000000/resourceGroups/clitest.rg000001/providers/Microsoft.EventGrid/partnerNamespaces/cli000003","name":"cli000003","type":"Microsoft.EventGrid/partnerNamespaces"}]}'
    headers:
      cache-control:
      - no-cache
      content-length:
      - '828'
      content-type:
      - application/json; charset=utf-8
      date:
      - Thu, 19 Mar 2020 06:14:54 GMT
      expires:
      - '-1'
      pragma:
      - no-cache
      server:
      - Microsoft-HTTPAPI/2.0
      strict-transport-security:
      - max-age=31536000; includeSubDomains
      transfer-encoding:
      - chunked
      vary:
      - Accept-Encoding
      x-content-type-options:
      - nosniff
    status:
      code: 200
      message: OK
- request:
    body: null
    headers:
      Accept:
      - application/json
      Accept-Encoding:
      - gzip, deflate
      CommandName:
      - eventgrid partner namespace list
      Connection:
      - keep-alive
      ParameterSetName:
      - --resource-group --odata-query
      User-Agent:
      - python/3.7.5 (Windows-10-10.0.18362-SP0) msrest/0.6.11 msrest_azure/0.6.2
        azure-mgmt-eventgrid/3.0.0rc4 Azure-SDK-For-Python AZURECLI/2.1.0
      accept-language:
      - en-US
    method: GET
    uri: https://management.azure.com/subscriptions/00000000-0000-0000-0000-000000000000/resourceGroups/clitest.rg000001/providers/Microsoft.EventGrid/partnerNamespaces?api-version=2020-04-01-preview&$filter=name%20eq%20%27cli000003%27&$top=100
  response:
    body:
      string: '{"value":[{"properties":{"provisioningState":"Succeeded","partnerRegistrationFullyQualifiedId":"/subscriptions/00000000-0000-0000-0000-000000000000/resourceGroups/clitest.rg000001/providers/Microsoft.EventGrid/partnerRegistrations/cli000002","endpoint":"https://cli000003.centraluseuap-1.eventgrid.azure.net/api/events"},"location":"centraluseuap","tags":{"Dept":"IT"},"id":"/subscriptions/00000000-0000-0000-0000-000000000000/resourceGroups/clitest.rg000001/providers/Microsoft.EventGrid/partnerNamespaces/cli000003","name":"cli000003","type":"Microsoft.EventGrid/partnerNamespaces"}]}'
    headers:
      cache-control:
      - no-cache
      content-length:
      - '828'
      content-type:
      - application/json; charset=utf-8
      date:
      - Thu, 19 Mar 2020 06:14:54 GMT
      expires:
      - '-1'
      pragma:
      - no-cache
      server:
      - Microsoft-HTTPAPI/2.0
      strict-transport-security:
      - max-age=31536000; includeSubDomains
      transfer-encoding:
      - chunked
      vary:
      - Accept-Encoding
      x-content-type-options:
      - nosniff
    status:
      code: 200
      message: OK
- request:
    body: null
    headers:
      Accept:
      - application/json
      Accept-Encoding:
      - gzip, deflate
      CommandName:
      - eventgrid partner namespace key list
      Connection:
      - keep-alive
      Content-Length:
      - '0'
      ParameterSetName:
      - --name --resource-group
      User-Agent:
      - python/3.7.5 (Windows-10-10.0.18362-SP0) msrest/0.6.11 msrest_azure/0.6.2
        azure-mgmt-eventgrid/3.0.0rc4 Azure-SDK-For-Python AZURECLI/2.1.0
      accept-language:
      - en-US
    method: POST
    uri: https://management.azure.com/subscriptions/00000000-0000-0000-0000-000000000000/resourceGroups/clitest.rg000001/providers/Microsoft.EventGrid/partnerNamespaces/cli000003/listKeys?api-version=2020-04-01-preview
  response:
    body:
      string: '{"key1":"0pJNMtpQHBPA3w6nP4qIFWS5qF8dDrCRaRVOX7GxrfA=","key2":"8nIBrUq6QX61lAdtPojrSD/N8t+abCYKjExhgl+pwJQ="}'
    headers:
      cache-control:
      - no-cache
      content-length:
      - '109'
      content-type:
      - application/json; charset=utf-8
      date:
      - Thu, 19 Mar 2020 06:14:55 GMT
      expires:
      - '-1'
      pragma:
      - no-cache
      server:
      - Microsoft-HTTPAPI/2.0
      strict-transport-security:
      - max-age=31536000; includeSubDomains
      transfer-encoding:
      - chunked
      vary:
      - Accept-Encoding
      x-content-type-options:
      - nosniff
      x-ms-ratelimit-remaining-subscription-writes:
      - '1199'
    status:
      code: 200
      message: OK
- request:
    body: '{"keyName": "key1"}'
    headers:
      Accept:
      - application/json
      Accept-Encoding:
      - gzip, deflate
      CommandName:
      - eventgrid partner namespace key regenerate
      Connection:
      - keep-alive
      Content-Length:
      - '19'
      Content-Type:
      - application/json; charset=utf-8
      ParameterSetName:
      - --name --resource-group --key-name
      User-Agent:
      - python/3.7.5 (Windows-10-10.0.18362-SP0) msrest/0.6.11 msrest_azure/0.6.2
        azure-mgmt-eventgrid/3.0.0rc4 Azure-SDK-For-Python AZURECLI/2.1.0
      accept-language:
      - en-US
    method: POST
    uri: https://management.azure.com/subscriptions/00000000-0000-0000-0000-000000000000/resourceGroups/clitest.rg000001/providers/Microsoft.EventGrid/partnerNamespaces/cli000003/regenerateKey?api-version=2020-04-01-preview
  response:
    body:
      string: '{"key1":"xoQI721x9RpmFVnch6i/cVJ7Jy34onlmShAYUOWLFUI=","key2":"8nIBrUq6QX61lAdtPojrSD/N8t+abCYKjExhgl+pwJQ="}'
    headers:
      cache-control:
      - no-cache
      content-length:
      - '109'
      content-type:
      - application/json; charset=utf-8
      date:
      - Thu, 19 Mar 2020 06:14:56 GMT
      expires:
      - '-1'
      pragma:
      - no-cache
      server:
      - Microsoft-HTTPAPI/2.0
      strict-transport-security:
      - max-age=31536000; includeSubDomains
      transfer-encoding:
      - chunked
      vary:
      - Accept-Encoding
      x-content-type-options:
      - nosniff
      x-ms-ratelimit-remaining-subscription-writes:
      - '1199'
    status:
      code: 200
      message: OK
- request:
    body: '{"keyName": "key2"}'
    headers:
      Accept:
      - application/json
      Accept-Encoding:
      - gzip, deflate
      CommandName:
      - eventgrid partner namespace key regenerate
      Connection:
      - keep-alive
      Content-Length:
      - '19'
      Content-Type:
      - application/json; charset=utf-8
      ParameterSetName:
      - --name --resource-group --key-name
      User-Agent:
      - python/3.7.5 (Windows-10-10.0.18362-SP0) msrest/0.6.11 msrest_azure/0.6.2
        azure-mgmt-eventgrid/3.0.0rc4 Azure-SDK-For-Python AZURECLI/2.1.0
      accept-language:
      - en-US
    method: POST
    uri: https://management.azure.com/subscriptions/00000000-0000-0000-0000-000000000000/resourceGroups/clitest.rg000001/providers/Microsoft.EventGrid/partnerNamespaces/cli000003/regenerateKey?api-version=2020-04-01-preview
  response:
    body:
      string: '{"key1":"xoQI721x9RpmFVnch6i/cVJ7Jy34onlmShAYUOWLFUI=","key2":"AJN9ZTlmtbqb9eLJKZ0FKfnBnjelAvUJ7Tv5y5R32oE="}'
    headers:
      cache-control:
      - no-cache
      content-length:
      - '109'
      content-type:
      - application/json; charset=utf-8
      date:
      - Thu, 19 Mar 2020 06:14:56 GMT
      expires:
      - '-1'
      pragma:
      - no-cache
      server:
      - Microsoft-HTTPAPI/2.0
      strict-transport-security:
      - max-age=31536000; includeSubDomains
      transfer-encoding:
      - chunked
      vary:
      - Accept-Encoding
      x-content-type-options:
      - nosniff
      x-ms-ratelimit-remaining-subscription-writes:
      - '1199'
    status:
      code: 200
      message: OK
- request:
    body: 'b''{"properties": {"source": {"source": "cli000011"}, "destination": {"azureSubscriptionId":
      "5b4b650e-28b9-4790-b3ab-ddbd88d727c4", "resourceGroup": "clitest.rg000001",
      "partnerTopicName": "cli000005"}}}'''
    headers:
      Accept:
      - application/json
      Accept-Encoding:
      - gzip, deflate
      CommandName:
      - eventgrid partner namespace event-channel create
      Connection:
      - keep-alive
      Content-Length:
      - '322'
      Content-Type:
      - application/json; charset=utf-8
      ParameterSetName:
      - --resource-group --partner-namespace-name --name --destination-subscription-id
        --destination-resource-group --desination-topic-name --source
      User-Agent:
      - python/3.7.5 (Windows-10-10.0.18362-SP0) msrest/0.6.11 msrest_azure/0.6.2
        azure-mgmt-eventgrid/3.0.0rc4 Azure-SDK-For-Python AZURECLI/2.1.0
      accept-language:
      - en-US
    method: PUT
    uri: https://management.azure.com/subscriptions/00000000-0000-0000-0000-000000000000/resourceGroups/clitest.rg000001/providers/Microsoft.EventGrid/partnerNamespaces/cli000003/eventChannels/cli000004?api-version=2020-04-01-preview
  response:
    body:
      string: '{"properties":{"source":{"source":"cli000011"},"destination":{"azureSubscriptionId":"5b4b650e-28b9-4790-b3ab-ddbd88d727c4","resourceGroup":"clitest.rg000001","partnerTopicName":"cli000005"},"provisioningState":"Succeeded"},"id":"/subscriptions/00000000-0000-0000-0000-000000000000/resourceGroups/clitest.rg000001/providers/Microsoft.EventGrid/partnerNamespaces/cli000003/eventChannels/cli000004","name":"cli000004","type":"Microsoft.EventGrid/partnerNamespaces/eventChannels"}'
    headers:
      cache-control:
      - no-cache
      content-length:
      - '749'
      content-type:
      - application/json; charset=utf-8
      date:
      - Thu, 19 Mar 2020 06:15:00 GMT
      expires:
      - '-1'
      pragma:
      - no-cache
      server:
      - Microsoft-HTTPAPI/2.0
      strict-transport-security:
      - max-age=31536000; includeSubDomains
      transfer-encoding:
      - chunked
      vary:
      - Accept-Encoding
      x-content-type-options:
      - nosniff
      x-ms-ratelimit-remaining-subscription-writes:
      - '1199'
    status:
      code: 200
      message: OK
- request:
    body: null
    headers:
      Accept:
      - application/json
      Accept-Encoding:
      - gzip, deflate
      CommandName:
      - eventgrid partner namespace event-channel show
      Connection:
      - keep-alive
      ParameterSetName:
      - --resource-group --partner-namespace-name --name
      User-Agent:
      - python/3.7.5 (Windows-10-10.0.18362-SP0) msrest/0.6.11 msrest_azure/0.6.2
        azure-mgmt-eventgrid/3.0.0rc4 Azure-SDK-For-Python AZURECLI/2.1.0
      accept-language:
      - en-US
    method: GET
    uri: https://management.azure.com/subscriptions/00000000-0000-0000-0000-000000000000/resourceGroups/clitest.rg000001/providers/Microsoft.EventGrid/partnerNamespaces/cli000003/eventChannels/cli000004?api-version=2020-04-01-preview
  response:
    body:
      string: '{"properties":{"source":{"source":"cli000011"},"destination":{"azureSubscriptionId":"5b4b650e-28b9-4790-b3ab-ddbd88d727c4","resourceGroup":"clitest.rg000001","partnerTopicName":"cli000005"},"provisioningState":"Succeeded"},"id":"/subscriptions/00000000-0000-0000-0000-000000000000/resourceGroups/clitest.rg000001/providers/Microsoft.EventGrid/partnerNamespaces/cli000003/eventChannels/cli000004","name":"cli000004","type":"Microsoft.EventGrid/partnerNamespaces/eventChannels"}'
    headers:
      cache-control:
      - no-cache
      content-length:
      - '749'
      content-type:
      - application/json; charset=utf-8
      date:
      - Thu, 19 Mar 2020 06:15:00 GMT
      expires:
      - '-1'
      pragma:
      - no-cache
      server:
      - Microsoft-HTTPAPI/2.0
      strict-transport-security:
      - max-age=31536000; includeSubDomains
      transfer-encoding:
      - chunked
      vary:
      - Accept-Encoding
      x-content-type-options:
      - nosniff
    status:
      code: 200
      message: OK
- request:
    body: 'b''{"properties": {"source": {"source": "cli000011"}, "destination": {"azureSubscriptionId":
      "5b4b650e-28b9-4790-b3ab-ddbd88d727c4", "resourceGroup": "clitest.rg000001",
      "partnerTopicName": "cli000005"}}}'''
    headers:
      Accept:
      - application/json
      Accept-Encoding:
      - gzip, deflate
      CommandName:
      - eventgrid partner namespace event-channel create
      Connection:
      - keep-alive
      Content-Length:
      - '322'
      Content-Type:
      - application/json; charset=utf-8
      ParameterSetName:
      - --resource-group --partner-namespace-name --name --destination-subscription-id
        --destination-resource-group --desination-topic-name --source
      User-Agent:
      - python/3.7.5 (Windows-10-10.0.18362-SP0) msrest/0.6.11 msrest_azure/0.6.2
        azure-mgmt-eventgrid/3.0.0rc4 Azure-SDK-For-Python AZURECLI/2.1.0
      accept-language:
      - en-US
    method: PUT
    uri: https://management.azure.com/subscriptions/00000000-0000-0000-0000-000000000000/resourceGroups/clitest.rg000001/providers/Microsoft.EventGrid/partnerNamespaces/cli000003/eventChannels/cli000004?api-version=2020-04-01-preview
  response:
    body:
      string: '{"properties":{"source":{"source":"cli000011"},"destination":{"azureSubscriptionId":"5b4b650e-28b9-4790-b3ab-ddbd88d727c4","resourceGroup":"clitest.rg000001","partnerTopicName":"cli000005"},"provisioningState":"Succeeded"},"id":"/subscriptions/00000000-0000-0000-0000-000000000000/resourceGroups/clitest.rg000001/providers/Microsoft.EventGrid/partnerNamespaces/cli000003/eventChannels/cli000004","name":"cli000004","type":"Microsoft.EventGrid/partnerNamespaces/eventChannels"}'
    headers:
      cache-control:
      - no-cache
      content-length:
      - '749'
      content-type:
      - application/json; charset=utf-8
      date:
      - Thu, 19 Mar 2020 06:15:02 GMT
      expires:
      - '-1'
      pragma:
      - no-cache
      server:
      - Microsoft-HTTPAPI/2.0
      strict-transport-security:
      - max-age=31536000; includeSubDomains
      transfer-encoding:
      - chunked
      vary:
      - Accept-Encoding
      x-content-type-options:
      - nosniff
      x-ms-ratelimit-remaining-subscription-writes:
      - '1199'
    status:
      code: 200
      message: OK
- request:
    body: null
    headers:
      Accept:
      - application/json
      Accept-Encoding:
      - gzip, deflate
      CommandName:
      - eventgrid partner namespace event-channel list
      Connection:
      - keep-alive
      ParameterSetName:
      - --resource-group --partner-namespace-name
      User-Agent:
      - python/3.7.5 (Windows-10-10.0.18362-SP0) msrest/0.6.11 msrest_azure/0.6.2
        azure-mgmt-eventgrid/3.0.0rc4 Azure-SDK-For-Python AZURECLI/2.1.0
      accept-language:
      - en-US
    method: GET
    uri: https://management.azure.com/subscriptions/00000000-0000-0000-0000-000000000000/resourceGroups/clitest.rg000001/providers/Microsoft.EventGrid/partnerNamespaces/cli000003/eventChannels?api-version=2020-04-01-preview&$top=100
  response:
    body:
      string: '{"value":[{"properties":{"source":{"source":"cli000011"},"destination":{"azureSubscriptionId":"5b4b650e-28b9-4790-b3ab-ddbd88d727c4","resourceGroup":"clitest.rg000001","partnerTopicName":"cli000005"},"provisioningState":"Succeeded"},"id":"/subscriptions/00000000-0000-0000-0000-000000000000/resourceGroups/clitest.rg000001/providers/Microsoft.EventGrid/partnerNamespaces/cli000003/eventChannels/cli000004","name":"cli000004","type":"Microsoft.EventGrid/partnerNamespaces/eventChannels"}]}'
    headers:
      cache-control:
      - no-cache
      content-length:
      - '761'
      content-type:
      - application/json; charset=utf-8
      date:
      - Thu, 19 Mar 2020 06:15:02 GMT
      expires:
      - '-1'
      pragma:
      - no-cache
      server:
      - Microsoft-HTTPAPI/2.0
      strict-transport-security:
      - max-age=31536000; includeSubDomains
      transfer-encoding:
      - chunked
      vary:
      - Accept-Encoding
      x-content-type-options:
      - nosniff
    status:
      code: 200
      message: OK
- request:
    body: null
    headers:
      Accept:
      - application/json
      Accept-Encoding:
      - gzip, deflate
      CommandName:
      - eventgrid partner topic show
      Connection:
      - keep-alive
      ParameterSetName:
      - --name --resource-group
      User-Agent:
      - python/3.7.5 (Windows-10-10.0.18362-SP0) msrest/0.6.11 msrest_azure/0.6.2
        azure-mgmt-eventgrid/3.0.0rc4 Azure-SDK-For-Python AZURECLI/2.1.0
      accept-language:
      - en-US
    method: GET
    uri: https://management.azure.com/subscriptions/00000000-0000-0000-0000-000000000000/resourceGroups/clitest.rg000001/providers/Microsoft.EventGrid/partnerTopics/cli000005?api-version=2020-04-01-preview
  response:
    body:
      string: '{"properties":{"source":"cli000011","provisioningState":"Succeeded","activationState":"NeverActivated"},"location":"centraluseuap","tags":null,"id":"/subscriptions/00000000-0000-0000-0000-000000000000/resourceGroups/clitest.rg000001/providers/Microsoft.EventGrid/partnerTopics/cli000005","name":"cli000005","type":"Microsoft.EventGrid/partnerTopics"}'
    headers:
      cache-control:
      - no-cache
      content-length:
      - '502'
      content-type:
      - application/json; charset=utf-8
      date:
      - Thu, 19 Mar 2020 06:15:04 GMT
      expires:
      - '-1'
      pragma:
      - no-cache
      server:
      - Microsoft-HTTPAPI/2.0
      strict-transport-security:
      - max-age=31536000; includeSubDomains
      transfer-encoding:
      - chunked
      vary:
      - Accept-Encoding
      x-content-type-options:
      - nosniff
    status:
      code: 200
      message: OK
- request:
    body: null
    headers:
      Accept:
      - application/json
      Accept-Encoding:
      - gzip, deflate
      CommandName:
      - eventgrid partner topic list
      Connection:
      - keep-alive
      ParameterSetName:
      - --resource-group
      User-Agent:
      - python/3.7.5 (Windows-10-10.0.18362-SP0) msrest/0.6.11 msrest_azure/0.6.2
        azure-mgmt-eventgrid/3.0.0rc4 Azure-SDK-For-Python AZURECLI/2.1.0
      accept-language:
      - en-US
    method: GET
    uri: https://management.azure.com/subscriptions/00000000-0000-0000-0000-000000000000/resourceGroups/clitest.rg000001/providers/Microsoft.EventGrid/partnerTopics?api-version=2020-04-01-preview&$top=100
  response:
    body:
      string: '{"value":[{"properties":{"source":"cli000011","provisioningState":"Succeeded","activationState":"NeverActivated"},"location":"centraluseuap","tags":null,"id":"/subscriptions/00000000-0000-0000-0000-000000000000/resourceGroups/clitest.rg000001/providers/Microsoft.EventGrid/partnerTopics/cli000005","name":"cli000005","type":"Microsoft.EventGrid/partnerTopics"}]}'
    headers:
      cache-control:
      - no-cache
      content-length:
      - '514'
      content-type:
      - application/json; charset=utf-8
      date:
      - Thu, 19 Mar 2020 06:15:04 GMT
      expires:
      - '-1'
      pragma:
      - no-cache
      server:
      - Microsoft-HTTPAPI/2.0
      strict-transport-security:
      - max-age=31536000; includeSubDomains
      transfer-encoding:
      - chunked
      vary:
      - Accept-Encoding
      x-content-type-options:
      - nosniff
    status:
      code: 200
      message: OK
- request:
    body: null
    headers:
      Accept:
      - application/json
      Accept-Encoding:
      - gzip, deflate
      CommandName:
      - eventgrid partner topic list
      Connection:
      - keep-alive
      ParameterSetName:
      - --resource-group --odata-query
      User-Agent:
      - python/3.7.5 (Windows-10-10.0.18362-SP0) msrest/0.6.11 msrest_azure/0.6.2
        azure-mgmt-eventgrid/3.0.0rc4 Azure-SDK-For-Python AZURECLI/2.1.0
      accept-language:
      - en-US
    method: GET
    uri: https://management.azure.com/subscriptions/00000000-0000-0000-0000-000000000000/resourceGroups/clitest.rg000001/providers/Microsoft.EventGrid/partnerTopics?api-version=2020-04-01-preview&$filter=name%20eq%20%27cli000005%27&$top=100
  response:
    body:
      string: '{"value":[{"properties":{"source":"cli000011","provisioningState":"Succeeded","activationState":"NeverActivated"},"location":"centraluseuap","tags":null,"id":"/subscriptions/00000000-0000-0000-0000-000000000000/resourceGroups/clitest.rg000001/providers/Microsoft.EventGrid/partnerTopics/cli000005","name":"cli000005","type":"Microsoft.EventGrid/partnerTopics"}]}'
    headers:
      cache-control:
      - no-cache
      content-length:
      - '514'
      content-type:
      - application/json; charset=utf-8
      date:
      - Thu, 19 Mar 2020 06:15:05 GMT
      expires:
      - '-1'
      pragma:
      - no-cache
      server:
      - Microsoft-HTTPAPI/2.0
      strict-transport-security:
      - max-age=31536000; includeSubDomains
      transfer-encoding:
      - chunked
      vary:
      - Accept-Encoding
      x-content-type-options:
      - nosniff
    status:
      code: 200
      message: OK
- request:
    body: null
    headers:
      Accept:
      - application/json
      Accept-Encoding:
      - gzip, deflate
      CommandName:
      - eventgrid partner topic activate
      Connection:
      - keep-alive
      Content-Length:
      - '0'
      ParameterSetName:
      - --name --resource-group
      User-Agent:
      - python/3.7.5 (Windows-10-10.0.18362-SP0) msrest/0.6.11 msrest_azure/0.6.2
        azure-mgmt-eventgrid/3.0.0rc4 Azure-SDK-For-Python AZURECLI/2.1.0
      accept-language:
      - en-US
    method: POST
    uri: https://management.azure.com/subscriptions/00000000-0000-0000-0000-000000000000/resourceGroups/clitest.rg000001/providers/Microsoft.EventGrid/partnerTopics/cli000005/activate?api-version=2020-04-01-preview
  response:
    body:
      string: '{"properties":{"source":"cli000011","provisioningState":"Succeeded","activationState":"Activated"},"location":"centraluseuap","tags":null,"id":"/subscriptions/00000000-0000-0000-0000-000000000000/resourceGroups/clitest.rg000001/providers/Microsoft.EventGrid/partnerTopics/cli000005","name":"cli000005","type":"Microsoft.EventGrid/partnerTopics"}'
    headers:
      cache-control:
      - no-cache
      content-length:
      - '497'
      content-type:
      - application/json; charset=utf-8
      date:
      - Thu, 19 Mar 2020 06:15:05 GMT
      expires:
      - '-1'
      pragma:
      - no-cache
      server:
      - Microsoft-HTTPAPI/2.0
      strict-transport-security:
      - max-age=31536000; includeSubDomains
      transfer-encoding:
      - chunked
      vary:
      - Accept-Encoding
      x-content-type-options:
      - nosniff
      x-ms-ratelimit-remaining-subscription-writes:
      - '1199'
    status:
      code: 200
      message: OK
- request:
    body: null
    headers:
      Accept:
      - application/json
      Accept-Encoding:
      - gzip, deflate
      CommandName:
      - eventgrid partner topic deactivate
      Connection:
      - keep-alive
      Content-Length:
      - '0'
      ParameterSetName:
      - --name --resource-group
      User-Agent:
      - python/3.7.5 (Windows-10-10.0.18362-SP0) msrest/0.6.11 msrest_azure/0.6.2
        azure-mgmt-eventgrid/3.0.0rc4 Azure-SDK-For-Python AZURECLI/2.1.0
      accept-language:
      - en-US
    method: POST
    uri: https://management.azure.com/subscriptions/00000000-0000-0000-0000-000000000000/resourceGroups/clitest.rg000001/providers/Microsoft.EventGrid/partnerTopics/cli000005/deactivate?api-version=2020-04-01-preview
  response:
    body:
      string: '{"properties":{"source":"cli000011","provisioningState":"Succeeded","activationState":"Deactivated"},"location":"centraluseuap","tags":null,"id":"/subscriptions/00000000-0000-0000-0000-000000000000/resourceGroups/clitest.rg000001/providers/Microsoft.EventGrid/partnerTopics/cli000005","name":"cli000005","type":"Microsoft.EventGrid/partnerTopics"}'
    headers:
      cache-control:
      - no-cache
      content-length:
      - '499'
      content-type:
      - application/json; charset=utf-8
      date:
      - Thu, 19 Mar 2020 06:15:06 GMT
      expires:
      - '-1'
      pragma:
      - no-cache
      server:
      - Microsoft-HTTPAPI/2.0
      strict-transport-security:
      - max-age=31536000; includeSubDomains
      transfer-encoding:
      - chunked
      vary:
      - Accept-Encoding
      x-content-type-options:
      - nosniff
      x-ms-ratelimit-remaining-subscription-writes:
      - '1198'
    status:
      code: 200
      message: OK
- request:
    body: null
    headers:
      Accept:
      - application/json
      Accept-Encoding:
      - gzip, deflate
      CommandName:
      - eventgrid partner topic activate
      Connection:
      - keep-alive
      Content-Length:
      - '0'
      ParameterSetName:
      - --name --resource-group
      User-Agent:
      - python/3.7.5 (Windows-10-10.0.18362-SP0) msrest/0.6.11 msrest_azure/0.6.2
        azure-mgmt-eventgrid/3.0.0rc4 Azure-SDK-For-Python AZURECLI/2.1.0
      accept-language:
      - en-US
    method: POST
    uri: https://management.azure.com/subscriptions/00000000-0000-0000-0000-000000000000/resourceGroups/clitest.rg000001/providers/Microsoft.EventGrid/partnerTopics/cli000005/activate?api-version=2020-04-01-preview
  response:
    body:
      string: '{"properties":{"source":"cli000011","provisioningState":"Succeeded","activationState":"Activated"},"location":"centraluseuap","tags":null,"id":"/subscriptions/00000000-0000-0000-0000-000000000000/resourceGroups/clitest.rg000001/providers/Microsoft.EventGrid/partnerTopics/cli000005","name":"cli000005","type":"Microsoft.EventGrid/partnerTopics"}'
    headers:
      cache-control:
      - no-cache
      content-length:
      - '497'
      content-type:
      - application/json; charset=utf-8
      date:
      - Thu, 19 Mar 2020 06:15:06 GMT
      expires:
      - '-1'
      pragma:
      - no-cache
      server:
      - Microsoft-HTTPAPI/2.0
      strict-transport-security:
      - max-age=31536000; includeSubDomains
      transfer-encoding:
      - chunked
      vary:
      - Accept-Encoding
      x-content-type-options:
      - nosniff
      x-ms-ratelimit-remaining-subscription-writes:
      - '1199'
    status:
      code: 200
      message: OK
- request:
    body: '{"properties": {"destination": {"endpointType": "StorageQueue", "properties":
      {"resourceId": "/subscriptions/00000000-0000-0000-0000-000000000000/resourceGroups/DevExpRg/providers/Microsoft.Storage/storageAccounts/devexpstg",
      "queueName": "stogqueuedestination"}}, "filter": {"isSubjectCaseSensitive":
      false}, "retryPolicy": {"maxDeliveryAttempts": 30, "eventTimeToLiveInMinutes":
      1440}}}'
    headers:
      Accept:
      - application/json
      Accept-Encoding:
      - gzip, deflate
      CommandName:
      - eventgrid partner topic event-subscription create
      Connection:
      - keep-alive
      Content-Length:
      - '388'
      Content-Type:
      - application/json; charset=utf-8
      ParameterSetName:
      - --resource-group --partner-topic-name --name --endpoint-type --endpoint
      User-Agent:
      - python/3.7.5 (Windows-10-10.0.18362-SP0) msrest/0.6.11 msrest_azure/0.6.2
        azure-mgmt-eventgrid/3.0.0rc4 Azure-SDK-For-Python AZURECLI/2.1.0
      accept-language:
      - en-US
    method: PUT
    uri: https://management.azure.com/subscriptions/00000000-0000-0000-0000-000000000000/resourceGroups/clitest.rg000001/providers/Microsoft.EventGrid/partnerTopics/cli000005/eventSubscriptions/cli000006?api-version=2020-04-01-preview
  response:
    body:
      string: '{"properties":{"topic":"/subscriptions/00000000-0000-0000-0000-000000000000/resourceGroups/clitest.rg000001/providers/Microsoft.EventGrid/partnerTopics/cli000005","provisioningState":"Creating","destination":{"properties":{"resourceId":"/subscriptions/00000000-0000-0000-0000-000000000000/resourceGroups/DevExpRg/providers/Microsoft.Storage/storageAccounts/devexpstg","queueName":"stogqueuedestination"},"endpointType":"StorageQueue"},"filter":{},"labels":null,"retryPolicy":{"maxDeliveryAttempts":30,"eventTimeToLiveInMinutes":1440}},"id":"/subscriptions/00000000-0000-0000-0000-000000000000/resourceGroups/clitest.rg000001/providers/Microsoft.EventGrid/partnerTopics/cli000005/eventSubscriptions/cli000006","name":"cli000006","type":"Microsoft.EventGrid/systemTopics/eventSubscriptions"}'
    headers:
      azure-asyncoperation:
      - https://management.azure.com:443/subscriptions/00000000-0000-0000-0000-000000000000/providers/Microsoft.EventGrid/locations/centraluseuap/operationsStatus/F0CC99BD-5236-497E-99BE-1E491C94C139?api-version=2020-04-01-preview
      cache-control:
      - no-cache
      content-length:
      - '1031'
      content-type:
      - application/json; charset=utf-8
      date:
      - Thu, 19 Mar 2020 06:15:08 GMT
      expires:
      - '-1'
      pragma:
      - no-cache
      server:
      - Microsoft-HTTPAPI/2.0
      strict-transport-security:
      - max-age=31536000; includeSubDomains
      x-content-type-options:
      - nosniff
      x-ms-ratelimit-remaining-subscription-writes:
      - '1198'
    status:
      code: 201
      message: Created
- request:
    body: null
    headers:
      Accept:
      - application/json
      Accept-Encoding:
      - gzip, deflate
      CommandName:
      - eventgrid partner topic event-subscription create
      Connection:
      - keep-alive
      ParameterSetName:
      - --resource-group --partner-topic-name --name --endpoint-type --endpoint
      User-Agent:
      - python/3.7.5 (Windows-10-10.0.18362-SP0) msrest/0.6.11 msrest_azure/0.6.2
        azure-mgmt-eventgrid/3.0.0rc4 Azure-SDK-For-Python AZURECLI/2.1.0
    method: GET
    uri: https://management.azure.com/subscriptions/00000000-0000-0000-0000-000000000000/providers/Microsoft.EventGrid/locations/centraluseuap/operationsStatus/F0CC99BD-5236-497E-99BE-1E491C94C139?api-version=2020-04-01-preview
  response:
    body:
      string: '{"id":"https://management.azure.com/subscriptions/00000000-0000-0000-0000-000000000000/providers/Microsoft.EventGrid/locations/centraluseuap/operationsStatus/F0CC99BD-5236-497E-99BE-1E491C94C139?api-version=2020-04-01-preview","name":"f0cc99bd-5236-497e-99be-1e491c94c139","status":"Succeeded"}'
    headers:
      cache-control:
      - no-cache
      content-length:
      - '294'
      content-type:
      - application/json; charset=utf-8
      date:
      - Thu, 19 Mar 2020 06:15:18 GMT
      expires:
      - '-1'
      pragma:
      - no-cache
      server:
      - Microsoft-HTTPAPI/2.0
      strict-transport-security:
      - max-age=31536000; includeSubDomains
      transfer-encoding:
      - chunked
      vary:
      - Accept-Encoding
      x-content-type-options:
      - nosniff
    status:
      code: 200
      message: OK
- request:
    body: null
    headers:
      Accept:
      - application/json
      Accept-Encoding:
      - gzip, deflate
      CommandName:
      - eventgrid partner topic event-subscription create
      Connection:
      - keep-alive
      ParameterSetName:
      - --resource-group --partner-topic-name --name --endpoint-type --endpoint
      User-Agent:
      - python/3.7.5 (Windows-10-10.0.18362-SP0) msrest/0.6.11 msrest_azure/0.6.2
        azure-mgmt-eventgrid/3.0.0rc4 Azure-SDK-For-Python AZURECLI/2.1.0
    method: GET
    uri: https://management.azure.com/subscriptions/00000000-0000-0000-0000-000000000000/resourceGroups/clitest.rg000001/providers/Microsoft.EventGrid/partnerTopics/cli000005/eventSubscriptions/cli000006?api-version=2020-04-01-preview
  response:
    body:
      string: '{"properties":{"topic":"/subscriptions/00000000-0000-0000-0000-000000000000/resourceGroups/clitest.rg000001/providers/microsoft.eventgrid/partnertopics/cli000005","provisioningState":"Succeeded","destination":{"properties":{"resourceId":"/subscriptions/00000000-0000-0000-0000-000000000000/resourceGroups/DevExpRg/providers/Microsoft.Storage/storageAccounts/devexpstg","queueName":"stogqueuedestination"},"endpointType":"StorageQueue"},"filter":{"subjectBeginsWith":"","subjectEndsWith":""},"labels":null,"eventDeliverySchema":"CloudEventSchemaV1_0","retryPolicy":{"maxDeliveryAttempts":30,"eventTimeToLiveInMinutes":1440}},"id":"/subscriptions/00000000-0000-0000-0000-000000000000/resourceGroups/clitest.rg000001/providers/Microsoft.EventGrid/partnerTopics/cli000005/providers/Microsoft.EventGrid/eventSubscriptions/cli000006","name":"cli000006","type":"Microsoft.EventGrid/eventSubscriptions"}'
    headers:
      cache-control:
      - no-cache
      content-length:
      - '1137'
      content-type:
      - application/json; charset=utf-8
      date:
      - Thu, 19 Mar 2020 06:15:19 GMT
      expires:
      - '-1'
      pragma:
      - no-cache
      server:
      - Microsoft-HTTPAPI/2.0
      strict-transport-security:
      - max-age=31536000; includeSubDomains
      transfer-encoding:
      - chunked
      vary:
      - Accept-Encoding
      x-content-type-options:
      - nosniff
    status:
      code: 200
      message: OK
- request:
    body: '{"properties": {"destination": {"endpointType": "StorageQueue", "properties":
      {"resourceId": "/subscriptions/00000000-0000-0000-0000-000000000000/resourceGroups/DevExpRg/providers/Microsoft.Storage/storageAccounts/devexpstg",
      "queueName": "stogqueuedestination"}}, "filter": {"isSubjectCaseSensitive":
      false}, "labels": ["label_1", "label_2"], "retryPolicy": {"maxDeliveryAttempts":
      30, "eventTimeToLiveInMinutes": 1440}}}'
    headers:
      Accept:
      - application/json
      Accept-Encoding:
      - gzip, deflate
      CommandName:
      - eventgrid partner topic event-subscription create
      Connection:
      - keep-alive
      Content-Length:
      - '422'
      Content-Type:
      - application/json; charset=utf-8
      ParameterSetName:
      - --resource-group --partner-topic-name --name --endpoint-type --endpoint --labels
      User-Agent:
      - python/3.7.5 (Windows-10-10.0.18362-SP0) msrest/0.6.11 msrest_azure/0.6.2
        azure-mgmt-eventgrid/3.0.0rc4 Azure-SDK-For-Python AZURECLI/2.1.0
      accept-language:
      - en-US
    method: PUT
    uri: https://management.azure.com/subscriptions/00000000-0000-0000-0000-000000000000/resourceGroups/clitest.rg000001/providers/Microsoft.EventGrid/partnerTopics/cli000005/eventSubscriptions/cli000006?api-version=2020-04-01-preview
  response:
    body:
      string: '{"properties":{"topic":"/subscriptions/00000000-0000-0000-0000-000000000000/resourceGroups/clitest.rg000001/providers/Microsoft.EventGrid/partnerTopics/cli000005","provisioningState":"Updating","destination":{"properties":{"resourceId":"/subscriptions/00000000-0000-0000-0000-000000000000/resourceGroups/DevExpRg/providers/Microsoft.Storage/storageAccounts/devexpstg","queueName":"stogqueuedestination"},"endpointType":"StorageQueue"},"filter":{},"labels":["label_1","label_2"],"retryPolicy":{"maxDeliveryAttempts":30,"eventTimeToLiveInMinutes":1440}},"id":"/subscriptions/00000000-0000-0000-0000-000000000000/resourceGroups/clitest.rg000001/providers/Microsoft.EventGrid/partnerTopics/cli000005/eventSubscriptions/cli000006","name":"cli000006","type":"Microsoft.EventGrid/systemTopics/eventSubscriptions"}'
    headers:
      azure-asyncoperation:
      - https://management.azure.com:443/subscriptions/00000000-0000-0000-0000-000000000000/providers/Microsoft.EventGrid/locations/centraluseuap/operationsStatus/F827841E-3FEA-4C45-91E6-638E08763499?api-version=2020-04-01-preview
      cache-control:
      - no-cache
      content-length:
      - '1048'
      content-type:
      - application/json; charset=utf-8
      date:
      - Thu, 19 Mar 2020 06:15:20 GMT
      expires:
      - '-1'
      pragma:
      - no-cache
      server:
      - Microsoft-HTTPAPI/2.0
      strict-transport-security:
      - max-age=31536000; includeSubDomains
      x-content-type-options:
      - nosniff
      x-ms-ratelimit-remaining-subscription-writes:
      - '1199'
    status:
      code: 201
      message: Created
- request:
    body: null
    headers:
      Accept:
      - application/json
      Accept-Encoding:
      - gzip, deflate
      CommandName:
      - eventgrid partner topic event-subscription create
      Connection:
      - keep-alive
      ParameterSetName:
      - --resource-group --partner-topic-name --name --endpoint-type --endpoint --labels
      User-Agent:
      - python/3.7.5 (Windows-10-10.0.18362-SP0) msrest/0.6.11 msrest_azure/0.6.2
        azure-mgmt-eventgrid/3.0.0rc4 Azure-SDK-For-Python AZURECLI/2.1.0
    method: GET
    uri: https://management.azure.com/subscriptions/00000000-0000-0000-0000-000000000000/providers/Microsoft.EventGrid/locations/centraluseuap/operationsStatus/F827841E-3FEA-4C45-91E6-638E08763499?api-version=2020-04-01-preview
  response:
    body:
      string: '{"id":"https://management.azure.com/subscriptions/00000000-0000-0000-0000-000000000000/providers/Microsoft.EventGrid/locations/centraluseuap/operationsStatus/F827841E-3FEA-4C45-91E6-638E08763499?api-version=2020-04-01-preview","name":"f827841e-3fea-4c45-91e6-638e08763499","status":"Succeeded"}'
    headers:
      cache-control:
      - no-cache
      content-length:
      - '294'
      content-type:
      - application/json; charset=utf-8
      date:
      - Thu, 19 Mar 2020 06:15:30 GMT
      expires:
      - '-1'
      pragma:
      - no-cache
      server:
      - Microsoft-HTTPAPI/2.0
      strict-transport-security:
      - max-age=31536000; includeSubDomains
      transfer-encoding:
      - chunked
      vary:
      - Accept-Encoding
      x-content-type-options:
      - nosniff
    status:
      code: 200
      message: OK
- request:
    body: null
    headers:
      Accept:
      - application/json
      Accept-Encoding:
      - gzip, deflate
      CommandName:
      - eventgrid partner topic event-subscription create
      Connection:
      - keep-alive
      ParameterSetName:
      - --resource-group --partner-topic-name --name --endpoint-type --endpoint --labels
      User-Agent:
      - python/3.7.5 (Windows-10-10.0.18362-SP0) msrest/0.6.11 msrest_azure/0.6.2
        azure-mgmt-eventgrid/3.0.0rc4 Azure-SDK-For-Python AZURECLI/2.1.0
    method: GET
    uri: https://management.azure.com/subscriptions/00000000-0000-0000-0000-000000000000/resourceGroups/clitest.rg000001/providers/Microsoft.EventGrid/partnerTopics/cli000005/eventSubscriptions/cli000006?api-version=2020-04-01-preview
  response:
    body:
      string: '{"properties":{"topic":"/subscriptions/00000000-0000-0000-0000-000000000000/resourceGroups/clitest.rg000001/providers/microsoft.eventgrid/partnertopics/cli000005","provisioningState":"Succeeded","destination":{"properties":{"resourceId":"/subscriptions/00000000-0000-0000-0000-000000000000/resourceGroups/DevExpRg/providers/Microsoft.Storage/storageAccounts/devexpstg","queueName":"stogqueuedestination"},"endpointType":"StorageQueue"},"filter":{"subjectBeginsWith":"","subjectEndsWith":""},"labels":["label_1","label_2"],"eventDeliverySchema":"CloudEventSchemaV1_0","retryPolicy":{"maxDeliveryAttempts":30,"eventTimeToLiveInMinutes":1440}},"id":"/subscriptions/00000000-0000-0000-0000-000000000000/resourceGroups/clitest.rg000001/providers/Microsoft.EventGrid/partnerTopics/cli000005/providers/Microsoft.EventGrid/eventSubscriptions/cli000006","name":"cli000006","type":"Microsoft.EventGrid/eventSubscriptions"}'
    headers:
      cache-control:
      - no-cache
      content-length:
      - '1154'
      content-type:
      - application/json; charset=utf-8
      date:
      - Thu, 19 Mar 2020 06:15:30 GMT
      expires:
      - '-1'
      pragma:
      - no-cache
      server:
      - Microsoft-HTTPAPI/2.0
      strict-transport-security:
      - max-age=31536000; includeSubDomains
      transfer-encoding:
      - chunked
      vary:
      - Accept-Encoding
      x-content-type-options:
      - nosniff
    status:
      code: 200
      message: OK
- request:
    body: null
    headers:
      Accept:
      - application/json
      Accept-Encoding:
      - gzip, deflate
      CommandName:
      - eventgrid partner topic event-subscription show
      Connection:
      - keep-alive
      ParameterSetName:
      - --resource-group --partner-topic-name --name
      User-Agent:
      - python/3.7.5 (Windows-10-10.0.18362-SP0) msrest/0.6.11 msrest_azure/0.6.2
        azure-mgmt-eventgrid/3.0.0rc4 Azure-SDK-For-Python AZURECLI/2.1.0
      accept-language:
      - en-US
    method: GET
    uri: https://management.azure.com/subscriptions/00000000-0000-0000-0000-000000000000/resourceGroups/clitest.rg000001/providers/Microsoft.EventGrid/partnerTopics/cli000005/eventSubscriptions/cli000006?api-version=2020-04-01-preview
  response:
    body:
      string: '{"properties":{"topic":"/subscriptions/00000000-0000-0000-0000-000000000000/resourceGroups/clitest.rg000001/providers/microsoft.eventgrid/partnertopics/cli000005","provisioningState":"Succeeded","destination":{"properties":{"resourceId":"/subscriptions/00000000-0000-0000-0000-000000000000/resourceGroups/DevExpRg/providers/Microsoft.Storage/storageAccounts/devexpstg","queueName":"stogqueuedestination"},"endpointType":"StorageQueue"},"filter":{"subjectBeginsWith":"","subjectEndsWith":""},"labels":["label_1","label_2"],"eventDeliverySchema":"CloudEventSchemaV1_0","retryPolicy":{"maxDeliveryAttempts":30,"eventTimeToLiveInMinutes":1440}},"id":"/subscriptions/00000000-0000-0000-0000-000000000000/resourceGroups/clitest.rg000001/providers/Microsoft.EventGrid/partnerTopics/cli000005/providers/Microsoft.EventGrid/eventSubscriptions/cli000006","name":"cli000006","type":"Microsoft.EventGrid/eventSubscriptions"}'
    headers:
      cache-control:
      - no-cache
      content-length:
      - '1154'
      content-type:
      - application/json; charset=utf-8
      date:
      - Thu, 19 Mar 2020 06:15:32 GMT
      expires:
      - '-1'
      pragma:
      - no-cache
      server:
      - Microsoft-HTTPAPI/2.0
      strict-transport-security:
      - max-age=31536000; includeSubDomains
      transfer-encoding:
      - chunked
      vary:
      - Accept-Encoding
      x-content-type-options:
      - nosniff
    status:
      code: 200
      message: OK
- request:
    body: null
    headers:
      Accept:
      - application/json
      Accept-Encoding:
      - gzip, deflate
      CommandName:
      - eventgrid partner topic event-subscription update
      Connection:
      - keep-alive
      ParameterSetName:
      - -g --partner-topic-name -n --labels
      User-Agent:
      - python/3.7.5 (Windows-10-10.0.18362-SP0) msrest/0.6.11 msrest_azure/0.6.2
        azure-mgmt-eventgrid/3.0.0rc4 Azure-SDK-For-Python AZURECLI/2.1.0
      accept-language:
      - en-US
    method: GET
    uri: https://management.azure.com/subscriptions/00000000-0000-0000-0000-000000000000/resourceGroups/clitest.rg000001/providers/Microsoft.EventGrid/partnerTopics/cli000005/eventSubscriptions/cli000006?api-version=2020-04-01-preview
  response:
    body:
      string: '{"properties":{"topic":"/subscriptions/00000000-0000-0000-0000-000000000000/resourceGroups/clitest.rg000001/providers/microsoft.eventgrid/partnertopics/cli000005","provisioningState":"Succeeded","destination":{"properties":{"resourceId":"/subscriptions/00000000-0000-0000-0000-000000000000/resourceGroups/DevExpRg/providers/Microsoft.Storage/storageAccounts/devexpstg","queueName":"stogqueuedestination"},"endpointType":"StorageQueue"},"filter":{"subjectBeginsWith":"","subjectEndsWith":""},"labels":["label_1","label_2"],"eventDeliverySchema":"CloudEventSchemaV1_0","retryPolicy":{"maxDeliveryAttempts":30,"eventTimeToLiveInMinutes":1440}},"id":"/subscriptions/00000000-0000-0000-0000-000000000000/resourceGroups/clitest.rg000001/providers/Microsoft.EventGrid/partnerTopics/cli000005/providers/Microsoft.EventGrid/eventSubscriptions/cli000006","name":"cli000006","type":"Microsoft.EventGrid/eventSubscriptions"}'
    headers:
      cache-control:
      - no-cache
      content-length:
      - '1154'
      content-type:
      - application/json; charset=utf-8
      date:
      - Thu, 19 Mar 2020 06:15:33 GMT
      expires:
      - '-1'
      pragma:
      - no-cache
      server:
      - Microsoft-HTTPAPI/2.0
      strict-transport-security:
      - max-age=31536000; includeSubDomains
      transfer-encoding:
      - chunked
      vary:
      - Accept-Encoding
      x-content-type-options:
      - nosniff
    status:
      code: 200
      message: OK
- request:
    body: '{"destination": {"endpointType": "StorageQueue", "properties": {"resourceId":
      "/subscriptions/00000000-0000-0000-0000-000000000000/resourceGroups/DevExpRg/providers/Microsoft.Storage/storageAccounts/devexpstg",
      "queueName": "stogqueuedestination"}}, "filter": {"subjectBeginsWith": "", "subjectEndsWith":
      ""}, "labels": ["label11", "label22"], "eventDeliverySchema": "CloudEventSchemaV1_0",
      "retryPolicy": {"maxDeliveryAttempts": 30, "eventTimeToLiveInMinutes": 1440}}'
    headers:
      Accept:
      - application/json
      Accept-Encoding:
      - gzip, deflate
      CommandName:
      - eventgrid partner topic event-subscription update
      Connection:
      - keep-alive
      Content-Length:
      - '468'
      Content-Type:
      - application/json; charset=utf-8
      ParameterSetName:
      - -g --partner-topic-name -n --labels
      User-Agent:
      - python/3.7.5 (Windows-10-10.0.18362-SP0) msrest/0.6.11 msrest_azure/0.6.2
        azure-mgmt-eventgrid/3.0.0rc4 Azure-SDK-For-Python AZURECLI/2.1.0
      accept-language:
      - en-US
    method: PATCH
    uri: https://management.azure.com/subscriptions/00000000-0000-0000-0000-000000000000/resourceGroups/clitest.rg000001/providers/Microsoft.EventGrid/partnerTopics/cli000005/eventSubscriptions/cli000006?api-version=2020-04-01-preview
  response:
    body:
      string: '{"properties":{"topic":"/subscriptions/00000000-0000-0000-0000-000000000000/resourceGroups/clitest.rg000001/providers/Microsoft.EventGrid/partnerTopics/cli000005","provisioningState":"Updating","destination":{"properties":{"resourceId":"/subscriptions/00000000-0000-0000-0000-000000000000/resourceGroups/DevExpRg/providers/Microsoft.Storage/storageAccounts/devexpstg","queueName":"stogqueuedestination"},"endpointType":"StorageQueue"},"filter":{"subjectBeginsWith":"","subjectEndsWith":""},"labels":["label11","label22"],"eventDeliverySchema":"CloudEventSchemaV1_0","retryPolicy":{"maxDeliveryAttempts":30,"eventTimeToLiveInMinutes":1440}},"id":"/subscriptions/00000000-0000-0000-0000-000000000000/resourceGroups/clitest.rg000001/providers/Microsoft.EventGrid/partnerTopics/cli000005/eventSubscriptions/cli000006","name":"cli000006","type":"Microsoft.EventGrid/systemTopics/eventSubscriptions"}'
    headers:
      azure-asyncoperation:
      - https://management.azure.com:443/subscriptions/00000000-0000-0000-0000-000000000000/providers/Microsoft.EventGrid/locations/centraluseuap/operationsStatus/6031C0B2-A81D-4539-BA8A-94DDB03F31B1?api-version=2020-04-01-preview
      cache-control:
      - no-cache
      content-length:
      - '1136'
      content-type:
      - application/json; charset=utf-8
      date:
      - Thu, 19 Mar 2020 06:15:33 GMT
      expires:
      - '-1'
      pragma:
      - no-cache
      server:
      - Microsoft-HTTPAPI/2.0
      strict-transport-security:
      - max-age=31536000; includeSubDomains
      x-content-type-options:
      - nosniff
      x-ms-ratelimit-remaining-subscription-writes:
      - '1199'
    status:
      code: 201
      message: Created
- request:
    body: null
    headers:
      Accept:
      - application/json
      Accept-Encoding:
      - gzip, deflate
      CommandName:
      - eventgrid partner topic event-subscription update
      Connection:
      - keep-alive
      ParameterSetName:
      - -g --partner-topic-name -n --labels
      User-Agent:
      - python/3.7.5 (Windows-10-10.0.18362-SP0) msrest/0.6.11 msrest_azure/0.6.2
        azure-mgmt-eventgrid/3.0.0rc4 Azure-SDK-For-Python AZURECLI/2.1.0
    method: GET
    uri: https://management.azure.com/subscriptions/00000000-0000-0000-0000-000000000000/providers/Microsoft.EventGrid/locations/centraluseuap/operationsStatus/6031C0B2-A81D-4539-BA8A-94DDB03F31B1?api-version=2020-04-01-preview
  response:
    body:
      string: '{"id":"https://management.azure.com/subscriptions/00000000-0000-0000-0000-000000000000/providers/Microsoft.EventGrid/locations/centraluseuap/operationsStatus/6031C0B2-A81D-4539-BA8A-94DDB03F31B1?api-version=2020-04-01-preview","name":"6031c0b2-a81d-4539-ba8a-94ddb03f31b1","status":"Succeeded"}'
    headers:
      cache-control:
      - no-cache
      content-length:
      - '294'
      content-type:
      - application/json; charset=utf-8
      date:
      - Thu, 19 Mar 2020 06:15:43 GMT
      expires:
      - '-1'
      pragma:
      - no-cache
      server:
      - Microsoft-HTTPAPI/2.0
      strict-transport-security:
      - max-age=31536000; includeSubDomains
      transfer-encoding:
      - chunked
      vary:
      - Accept-Encoding
      x-content-type-options:
      - nosniff
    status:
      code: 200
      message: OK
- request:
    body: null
    headers:
      Accept:
      - application/json
      Accept-Encoding:
      - gzip, deflate
      CommandName:
      - eventgrid partner topic event-subscription update
      Connection:
      - keep-alive
      ParameterSetName:
      - -g --partner-topic-name -n --labels
      User-Agent:
      - python/3.7.5 (Windows-10-10.0.18362-SP0) msrest/0.6.11 msrest_azure/0.6.2
        azure-mgmt-eventgrid/3.0.0rc4 Azure-SDK-For-Python AZURECLI/2.1.0
    method: GET
    uri: https://management.azure.com/subscriptions/00000000-0000-0000-0000-000000000000/resourceGroups/clitest.rg000001/providers/Microsoft.EventGrid/partnerTopics/cli000005/eventSubscriptions/cli000006?api-version=2020-04-01-preview
  response:
    body:
      string: '{"properties":{"topic":"/subscriptions/00000000-0000-0000-0000-000000000000/resourceGroups/clitest.rg000001/providers/microsoft.eventgrid/partnertopics/cli000005","provisioningState":"Succeeded","destination":{"properties":{"resourceId":"/subscriptions/00000000-0000-0000-0000-000000000000/resourceGroups/DevExpRg/providers/Microsoft.Storage/storageAccounts/devexpstg","queueName":"stogqueuedestination"},"endpointType":"StorageQueue"},"filter":{"subjectBeginsWith":"","subjectEndsWith":""},"labels":["label11","label22"],"eventDeliverySchema":"CloudEventSchemaV1_0","retryPolicy":{"maxDeliveryAttempts":30,"eventTimeToLiveInMinutes":1440}},"id":"/subscriptions/00000000-0000-0000-0000-000000000000/resourceGroups/clitest.rg000001/providers/Microsoft.EventGrid/partnerTopics/cli000005/providers/Microsoft.EventGrid/eventSubscriptions/cli000006","name":"cli000006","type":"Microsoft.EventGrid/eventSubscriptions"}'
    headers:
      cache-control:
      - no-cache
      content-length:
      - '1154'
      content-type:
      - application/json; charset=utf-8
      date:
      - Thu, 19 Mar 2020 06:15:43 GMT
      expires:
      - '-1'
      pragma:
      - no-cache
      server:
      - Microsoft-HTTPAPI/2.0
      strict-transport-security:
      - max-age=31536000; includeSubDomains
      transfer-encoding:
      - chunked
      vary:
      - Accept-Encoding
      x-content-type-options:
      - nosniff
    status:
      code: 200
      message: OK
- request:
    body: null
    headers:
      Accept:
      - application/json
      Accept-Encoding:
      - gzip, deflate
      CommandName:
      - eventgrid partner topic event-subscription list
      Connection:
      - keep-alive
      ParameterSetName:
      - --resource-group --partner-topic-name
      User-Agent:
      - python/3.7.5 (Windows-10-10.0.18362-SP0) msrest/0.6.11 msrest_azure/0.6.2
        azure-mgmt-eventgrid/3.0.0rc4 Azure-SDK-For-Python AZURECLI/2.1.0
      accept-language:
      - en-US
    method: GET
    uri: https://management.azure.com/subscriptions/00000000-0000-0000-0000-000000000000/resourceGroups/clitest.rg000001/providers/Microsoft.EventGrid/partnerTopics/cli000005/eventSubscriptions?api-version=2020-04-01-preview
  response:
    body:
      string: '{"value":[{"properties":{"topic":"/subscriptions/00000000-0000-0000-0000-000000000000/resourceGroups/clitest.rg000001/providers/microsoft.eventgrid/partnertopics/cli000005","provisioningState":"Succeeded","destination":{"properties":{"resourceId":"/subscriptions/00000000-0000-0000-0000-000000000000/resourceGroups/DevExpRg/providers/Microsoft.Storage/storageAccounts/devexpstg","queueName":"stogqueuedestination"},"endpointType":"StorageQueue"},"filter":{"subjectBeginsWith":"","subjectEndsWith":""},"labels":["label11","label22"],"eventDeliverySchema":"CloudEventSchemaV1_0","retryPolicy":{"maxDeliveryAttempts":30,"eventTimeToLiveInMinutes":1440}},"id":"/subscriptions/00000000-0000-0000-0000-000000000000/resourceGroups/clitest.rg000001/providers/Microsoft.EventGrid/partnerTopics/cli000005/providers/Microsoft.EventGrid/eventSubscriptions/cli000006","name":"cli000006","type":"Microsoft.EventGrid/eventSubscriptions"}]}'
    headers:
      cache-control:
      - no-cache
      content-length:
      - '1166'
      content-type:
      - application/json; charset=utf-8
      date:
      - Thu, 19 Mar 2020 06:15:45 GMT
      expires:
      - '-1'
      pragma:
      - no-cache
      server:
      - Microsoft-HTTPAPI/2.0
      strict-transport-security:
      - max-age=31536000; includeSubDomains
      transfer-encoding:
      - chunked
      vary:
      - Accept-Encoding
      x-content-type-options:
      - nosniff
    status:
      code: 200
      message: OK
- request:
    body: null
    headers:
      Accept:
      - application/json
      Accept-Encoding:
      - gzip, deflate
      CommandName:
      - eventgrid partner topic event-subscription delete
      Connection:
      - keep-alive
      Content-Length:
      - '0'
      ParameterSetName:
      - -g --name --partner-topic-name
      User-Agent:
      - python/3.7.5 (Windows-10-10.0.18362-SP0) msrest/0.6.11 msrest_azure/0.6.2
        azure-mgmt-eventgrid/3.0.0rc4 Azure-SDK-For-Python AZURECLI/2.1.0
      accept-language:
      - en-US
    method: DELETE
    uri: https://management.azure.com/subscriptions/00000000-0000-0000-0000-000000000000/resourceGroups/clitest.rg000001/providers/Microsoft.EventGrid/partnerTopics/cli000005/eventSubscriptions/cli000006?api-version=2020-04-01-preview
  response:
    body:
      string: ''
    headers:
      azure-asyncoperation:
      - https://management.azure.com:443/subscriptions/00000000-0000-0000-0000-000000000000/providers/Microsoft.EventGrid/locations/centraluseuap/operationsStatus/C2E3FC41-AE86-46C1-99BD-014EB628FD39?api-version=2020-04-01-preview
      cache-control:
      - no-cache
      content-length:
      - '0'
      date:
      - Thu, 19 Mar 2020 06:15:46 GMT
      expires:
      - '-1'
      location:
      - https://management.azure.com/subscriptions/00000000-0000-0000-0000-000000000000/providers/Microsoft.EventGrid/locations/centraluseuap/operationResults/C2E3FC41-AE86-46C1-99BD-014EB628FD39?api-version=2020-04-01-preview
      pragma:
      - no-cache
      server:
      - Microsoft-HTTPAPI/2.0
      strict-transport-security:
      - max-age=31536000; includeSubDomains
      x-content-type-options:
      - nosniff
      x-ms-ratelimit-remaining-subscription-deletes:
      - '14999'
    status:
      code: 202
      message: Accepted
- request:
    body: null
    headers:
      Accept:
      - application/json
      Accept-Encoding:
      - gzip, deflate
      CommandName:
      - eventgrid partner topic event-subscription delete
      Connection:
      - keep-alive
      ParameterSetName:
      - -g --name --partner-topic-name
      User-Agent:
      - python/3.7.5 (Windows-10-10.0.18362-SP0) msrest/0.6.11 msrest_azure/0.6.2
        azure-mgmt-eventgrid/3.0.0rc4 Azure-SDK-For-Python AZURECLI/2.1.0
    method: GET
    uri: https://management.azure.com/subscriptions/00000000-0000-0000-0000-000000000000/providers/Microsoft.EventGrid/locations/centraluseuap/operationsStatus/C2E3FC41-AE86-46C1-99BD-014EB628FD39?api-version=2020-04-01-preview
  response:
    body:
      string: '{"id":"https://management.azure.com/subscriptions/00000000-0000-0000-0000-000000000000/providers/Microsoft.EventGrid/locations/centraluseuap/operationsStatus/C2E3FC41-AE86-46C1-99BD-014EB628FD39?api-version=2020-04-01-preview","name":"c2e3fc41-ae86-46c1-99bd-014eb628fd39","status":"Succeeded"}'
    headers:
      cache-control:
      - no-cache
      content-length:
      - '294'
      content-type:
      - application/json; charset=utf-8
      date:
      - Thu, 19 Mar 2020 06:15:56 GMT
      expires:
      - '-1'
      pragma:
      - no-cache
      server:
      - Microsoft-HTTPAPI/2.0
      strict-transport-security:
      - max-age=31536000; includeSubDomains
      transfer-encoding:
      - chunked
      vary:
      - Accept-Encoding
      x-content-type-options:
      - nosniff
    status:
      code: 200
      message: OK
- request:
    body: null
    headers:
      Accept:
      - application/json
      Accept-Encoding:
      - gzip, deflate
      CommandName:
      - eventgrid partner topic delete
      Connection:
      - keep-alive
      Content-Length:
      - '0'
      ParameterSetName:
      - --name --resource-group
      User-Agent:
      - python/3.7.5 (Windows-10-10.0.18362-SP0) msrest/0.6.11 msrest_azure/0.6.2
        azure-mgmt-eventgrid/3.0.0rc4 Azure-SDK-For-Python AZURECLI/2.1.0
      accept-language:
      - en-US
    method: DELETE
    uri: https://management.azure.com/subscriptions/00000000-0000-0000-0000-000000000000/resourceGroups/clitest.rg000001/providers/Microsoft.EventGrid/partnerTopics/cli000005?api-version=2020-04-01-preview
  response:
    body:
      string: ''
    headers:
      cache-control:
      - no-cache
      content-length:
      - '0'
      date:
      - Thu, 19 Mar 2020 06:15:58 GMT
      expires:
      - '-1'
      pragma:
      - no-cache
      server:
      - Microsoft-HTTPAPI/2.0
      strict-transport-security:
      - max-age=31536000; includeSubDomains
      x-content-type-options:
      - nosniff
      x-ms-ratelimit-remaining-subscription-deletes:
      - '14999'
    status:
      code: 200
      message: OK
- request:
    body: null
    headers:
      Accept:
      - application/json
      Accept-Encoding:
      - gzip, deflate
      CommandName:
      - eventgrid partner namespace event-channel delete
      Connection:
      - keep-alive
      Content-Length:
      - '0'
      ParameterSetName:
      - --resource-group --partner-namespace-name --name
      User-Agent:
      - python/3.7.5 (Windows-10-10.0.18362-SP0) msrest/0.6.11 msrest_azure/0.6.2
        azure-mgmt-eventgrid/3.0.0rc4 Azure-SDK-For-Python AZURECLI/2.1.0
      accept-language:
      - en-US
    method: DELETE
    uri: https://management.azure.com/subscriptions/00000000-0000-0000-0000-000000000000/resourceGroups/clitest.rg000001/providers/Microsoft.EventGrid/partnerNamespaces/cli000003/eventChannels/cli000004?api-version=2020-04-01-preview
  response:
    body:
      string: ''
    headers:
      cache-control:
      - no-cache
      content-length:
      - '0'
      date:
      - Thu, 19 Mar 2020 06:15:59 GMT
      expires:
      - '-1'
      pragma:
      - no-cache
      server:
      - Microsoft-HTTPAPI/2.0
      strict-transport-security:
      - max-age=31536000; includeSubDomains
      x-content-type-options:
      - nosniff
      x-ms-ratelimit-remaining-subscription-deletes:
      - '14999'
    status:
      code: 200
      message: OK
- request:
    body: null
    headers:
      Accept:
      - application/json
      Accept-Encoding:
      - gzip, deflate
      CommandName:
      - eventgrid partner namespace delete
      Connection:
      - keep-alive
      Content-Length:
      - '0'
      ParameterSetName:
      - --name --resource-group
      User-Agent:
      - python/3.7.5 (Windows-10-10.0.18362-SP0) msrest/0.6.11 msrest_azure/0.6.2
        azure-mgmt-eventgrid/3.0.0rc4 Azure-SDK-For-Python AZURECLI/2.1.0
      accept-language:
      - en-US
    method: DELETE
    uri: https://management.azure.com/subscriptions/00000000-0000-0000-0000-000000000000/resourceGroups/clitest.rg000001/providers/Microsoft.EventGrid/partnerNamespaces/cli000003?api-version=2020-04-01-preview
  response:
    body:
      string: ''
    headers:
      azure-asyncoperation:
      - https://management.azure.com:443/subscriptions/00000000-0000-0000-0000-000000000000/providers/Microsoft.EventGrid/locations/centraluseuap/operationsStatus/0026513B-2FB0-41DC-8736-FB673A3F8E1F?api-version=2020-04-01-preview
      cache-control:
      - no-cache
      content-length:
      - '0'
      date:
      - Thu, 19 Mar 2020 06:16:00 GMT
      expires:
      - '-1'
      location:
      - https://management.azure.com/subscriptions/00000000-0000-0000-0000-000000000000/providers/Microsoft.EventGrid/locations/centraluseuap/operationResults/0026513B-2FB0-41DC-8736-FB673A3F8E1F?api-version=2020-04-01-preview
      pragma:
      - no-cache
      server:
      - Microsoft-HTTPAPI/2.0
      strict-transport-security:
      - max-age=31536000; includeSubDomains
      x-content-type-options:
      - nosniff
      x-ms-ratelimit-remaining-subscription-deletes:
      - '14999'
    status:
      code: 202
      message: Accepted
- request:
    body: null
    headers:
      Accept:
      - application/json
      Accept-Encoding:
      - gzip, deflate
      CommandName:
      - eventgrid partner namespace delete
      Connection:
      - keep-alive
      ParameterSetName:
      - --name --resource-group
      User-Agent:
      - python/3.7.5 (Windows-10-10.0.18362-SP0) msrest/0.6.11 msrest_azure/0.6.2
        azure-mgmt-eventgrid/3.0.0rc4 Azure-SDK-For-Python AZURECLI/2.1.0
    method: GET
    uri: https://management.azure.com/subscriptions/00000000-0000-0000-0000-000000000000/providers/Microsoft.EventGrid/locations/centraluseuap/operationsStatus/0026513B-2FB0-41DC-8736-FB673A3F8E1F?api-version=2020-04-01-preview
  response:
    body:
      string: '{"id":"https://management.azure.com/subscriptions/00000000-0000-0000-0000-000000000000/providers/Microsoft.EventGrid/locations/centraluseuap/operationsStatus/0026513B-2FB0-41DC-8736-FB673A3F8E1F?api-version=2020-04-01-preview","name":"0026513b-2fb0-41dc-8736-fb673a3f8e1f","status":"Succeeded"}'
    headers:
      cache-control:
      - no-cache
      content-length:
      - '294'
      content-type:
      - application/json; charset=utf-8
      date:
      - Thu, 19 Mar 2020 06:16:10 GMT
      expires:
      - '-1'
      pragma:
      - no-cache
      server:
      - Microsoft-HTTPAPI/2.0
      strict-transport-security:
      - max-age=31536000; includeSubDomains
      transfer-encoding:
      - chunked
      vary:
      - Accept-Encoding
      x-content-type-options:
      - nosniff
    status:
      code: 200
      message: OK
- request:
    body: null
    headers:
      Accept:
      - application/json
      Accept-Encoding:
      - gzip, deflate
      CommandName:
      - eventgrid partner registration delete
      Connection:
      - keep-alive
      Content-Length:
      - '0'
      ParameterSetName:
      - -n -g
      User-Agent:
      - python/3.7.5 (Windows-10-10.0.18362-SP0) msrest/0.6.11 msrest_azure/0.6.2
        azure-mgmt-eventgrid/3.0.0rc4 Azure-SDK-For-Python AZURECLI/2.1.0
      accept-language:
      - en-US
    method: DELETE
    uri: https://management.azure.com/subscriptions/00000000-0000-0000-0000-000000000000/resourceGroups/clitest.rg000001/providers/Microsoft.EventGrid/partnerRegistrations/cli000002?api-version=2020-04-01-preview
  response:
    body:
      string: ''
    headers:
      cache-control:
      - no-cache
      content-length:
      - '0'
      date:
      - Thu, 19 Mar 2020 06:16:12 GMT
      expires:
      - '-1'
      pragma:
      - no-cache
      server:
      - Microsoft-HTTPAPI/2.0
      strict-transport-security:
      - max-age=31536000; includeSubDomains
      x-content-type-options:
      - nosniff
      x-ms-ratelimit-remaining-subscription-deletes:
      - '14999'
    status:
      code: 200
      message: OK
version: 1
