interactions:
- request:
    body: '{"location": "westus", "tags": {"product": "azurecli", "cause": "automation",
      "date": "2019-04-09T02:59:01Z"}}'
    headers:
      Accept: [application/json]
      Accept-Encoding: ['gzip, deflate']
      CommandName: [group create]
      Connection: [keep-alive]
      Content-Length: ['110']
      Content-Type: [application/json; charset=utf-8]
      ParameterSetName: [--location --name --tag]
      User-Agent: [python/3.7.2 (Windows-10-10.0.17763-SP0) msrest/0.6.2 msrest_azure/0.4.34
          resourcemanagementclient/2.0.0 Azure-SDK-For-Python AZURECLI/2.0.55]
      accept-language: [en-US]
    method: PUT
    uri: https://management.azure.com/subscriptions/00000000-0000-0000-0000-000000000000/resourcegroups/clitest.rg000001?api-version=2018-05-01
  response:
    body: {string: '{"id":"/subscriptions/00000000-0000-0000-0000-000000000000/resourceGroups/clitest.rg000001","name":"clitest.rg000001","location":"westus","tags":{"product":"azurecli","cause":"automation","date":"2019-04-09T02:59:01Z"},"properties":{"provisioningState":"Succeeded"}}'}
    headers:
      cache-control: [no-cache]
      content-length: ['384']
      content-type: [application/json; charset=utf-8]
      date: ['Tue, 09 Apr 2019 02:59:03 GMT']
      expires: ['-1']
      pragma: [no-cache]
      strict-transport-security: [max-age=31536000; includeSubDomains]
      x-content-type-options: [nosniff]
      x-ms-ratelimit-remaining-subscription-writes: ['1199']
    status: {code: 201, message: Created}
- request:
    body: '{"location": "westcentralus", "properties": {"inputSchema": "EventGridSchema"}}'
    headers:
      Accept: [application/json]
      Accept-Encoding: ['gzip, deflate']
      CommandName: [eventgrid domain create]
      Connection: [keep-alive]
      Content-Length: ['79']
      Content-Type: [application/json; charset=utf-8]
      ParameterSetName: [--name --resource-group --location]
      User-Agent: [python/3.7.2 (Windows-10-10.0.17763-SP0) msrest/0.6.2 msrest_azure/0.4.34
          azure-mgmt-eventgrid/2.1.0rc1 Azure-SDK-For-Python AZURECLI/2.0.55]
      accept-language: [en-US]
    method: PUT
    uri: https://management.azure.com/subscriptions/00000000-0000-0000-0000-000000000000/resourceGroups/clitest.rg000001/providers/Microsoft.EventGrid/domains/cli000002?api-version=2019-02-01-preview
  response:
    body: {string: '{"properties":{"provisioningState":"Creating","endpoint":null,"inputSchema":"EventGridSchema"},"location":"westcentralus","tags":null,"id":"/subscriptions/00000000-0000-0000-0000-000000000000/resourceGroups/clitest.rg000001/providers/Microsoft.EventGrid/domains/cli000002","name":"cli000002","type":"Microsoft.EventGrid/domains"}'}
    headers:
      azure-asyncoperation: ['https://management.azure.com:443/subscriptions/00000000-0000-0000-0000-000000000000/providers/Microsoft.EventGrid/locations/westcentralus/operationsStatus/9FE035F5-3BAD-47E8-8F60-A7322A255A58?api-version=2019-02-01-preview']
      cache-control: [no-cache]
      content-length: ['450']
      content-type: [application/json; charset=utf-8]
      date: ['Tue, 09 Apr 2019 02:59:04 GMT']
      expires: ['-1']
      pragma: [no-cache]
      server: [Microsoft-HTTPAPI/2.0]
      strict-transport-security: [max-age=31536000; includeSubDomains]
      x-content-type-options: [nosniff]
      x-ms-ratelimit-remaining-subscription-writes: ['1197']
    status: {code: 201, message: Created}
- request:
    body: null
    headers:
      Accept: [application/json]
      Accept-Encoding: ['gzip, deflate']
      CommandName: [eventgrid domain create]
      Connection: [keep-alive]
      ParameterSetName: [--name --resource-group --location]
      User-Agent: [python/3.7.2 (Windows-10-10.0.17763-SP0) msrest/0.6.2 msrest_azure/0.4.34
          azure-mgmt-eventgrid/2.1.0rc1 Azure-SDK-For-Python AZURECLI/2.0.55]
    method: GET
    uri: https://management.azure.com/subscriptions/00000000-0000-0000-0000-000000000000/providers/Microsoft.EventGrid/locations/westcentralus/operationsStatus/9FE035F5-3BAD-47E8-8F60-A7322A255A58?api-version=2019-02-01-preview
  response:
    body: {string: '{"id":"https://management.azure.com/subscriptions/00000000-0000-0000-0000-000000000000/providers/Microsoft.EventGrid/locations/westcentralus/operationsStatus/9FE035F5-3BAD-47E8-8F60-A7322A255A58?api-version=2019-02-01-preview","name":"9fe035f5-3bad-47e8-8f60-a7322a255a58","status":"Succeeded"}'}
    headers:
      cache-control: [no-cache]
      content-length: ['294']
      content-type: [application/json; charset=utf-8]
      date: ['Tue, 09 Apr 2019 02:59:15 GMT']
      expires: ['-1']
      pragma: [no-cache]
      server: [Microsoft-HTTPAPI/2.0]
      strict-transport-security: [max-age=31536000; includeSubDomains]
      transfer-encoding: [chunked]
      vary: [Accept-Encoding]
      x-content-type-options: [nosniff]
    status: {code: 200, message: OK}
- request:
    body: null
    headers:
      Accept: [application/json]
      Accept-Encoding: ['gzip, deflate']
      CommandName: [eventgrid domain create]
      Connection: [keep-alive]
      ParameterSetName: [--name --resource-group --location]
      User-Agent: [python/3.7.2 (Windows-10-10.0.17763-SP0) msrest/0.6.2 msrest_azure/0.4.34
          azure-mgmt-eventgrid/2.1.0rc1 Azure-SDK-For-Python AZURECLI/2.0.55]
    method: GET
    uri: https://management.azure.com/subscriptions/00000000-0000-0000-0000-000000000000/resourceGroups/clitest.rg000001/providers/Microsoft.EventGrid/domains/cli000002?api-version=2019-02-01-preview
  response:
    body: {string: '{"properties":{"provisioningState":"Succeeded","endpoint":"https://cli000002.westcentralus-1.eventgrid.azure.net/api/events","inputSchema":"EventGridSchema"},"location":"westcentralus","tags":null,"id":"/subscriptions/00000000-0000-0000-0000-000000000000/resourceGroups/clitest.rg000001/providers/Microsoft.EventGrid/domains/cli000002","name":"cli000002","type":"Microsoft.EventGrid/domains"}'}
    headers:
      cache-control: [no-cache]
      content-length: ['544']
      content-type: [application/json; charset=utf-8]
      date: ['Tue, 09 Apr 2019 02:59:15 GMT']
      expires: ['-1']
      pragma: [no-cache]
      server: [Microsoft-HTTPAPI/2.0]
      strict-transport-security: [max-age=31536000; includeSubDomains]
      transfer-encoding: [chunked]
      vary: [Accept-Encoding]
      x-content-type-options: [nosniff]
    status: {code: 200, message: OK}
- request:
    body: null
    headers:
      Accept: [application/json]
      Accept-Encoding: ['gzip, deflate']
      CommandName: [eventgrid domain show]
      Connection: [keep-alive]
      ParameterSetName: [--name --resource-group]
      User-Agent: [python/3.7.2 (Windows-10-10.0.17763-SP0) msrest/0.6.2 msrest_azure/0.4.34
          azure-mgmt-eventgrid/2.1.0rc1 Azure-SDK-For-Python AZURECLI/2.0.55]
      accept-language: [en-US]
    method: GET
    uri: https://management.azure.com/subscriptions/00000000-0000-0000-0000-000000000000/resourceGroups/clitest.rg000001/providers/Microsoft.EventGrid/domains/cli000002?api-version=2019-02-01-preview
  response:
    body: {string: '{"properties":{"provisioningState":"Succeeded","endpoint":"https://cli000002.westcentralus-1.eventgrid.azure.net/api/events","inputSchema":"EventGridSchema"},"location":"westcentralus","tags":null,"id":"/subscriptions/00000000-0000-0000-0000-000000000000/resourceGroups/clitest.rg000001/providers/Microsoft.EventGrid/domains/cli000002","name":"cli000002","type":"Microsoft.EventGrid/domains"}'}
    headers:
      cache-control: [no-cache]
      content-length: ['544']
      content-type: [application/json; charset=utf-8]
      date: ['Tue, 09 Apr 2019 02:59:16 GMT']
      expires: ['-1']
      pragma: [no-cache]
      server: [Microsoft-HTTPAPI/2.0]
      strict-transport-security: [max-age=31536000; includeSubDomains]
      transfer-encoding: [chunked]
      vary: [Accept-Encoding]
      x-content-type-options: [nosniff]
    status: {code: 200, message: OK}
- request:
    body: '{"location": "westcentralus", "properties": {"inputSchema": "CloudEventV01Schema"}}'
    headers:
      Accept: [application/json]
      Accept-Encoding: ['gzip, deflate']
      CommandName: [eventgrid domain create]
      Connection: [keep-alive]
      Content-Length: ['83']
      Content-Type: [application/json; charset=utf-8]
      ParameterSetName: [--name --resource-group --location --input-schema]
      User-Agent: [python/3.7.2 (Windows-10-10.0.17763-SP0) msrest/0.6.2 msrest_azure/0.4.34
          azure-mgmt-eventgrid/2.1.0rc1 Azure-SDK-For-Python AZURECLI/2.0.55]
      accept-language: [en-US]
    method: PUT
    uri: https://management.azure.com/subscriptions/00000000-0000-0000-0000-000000000000/resourceGroups/clitest.rg000001/providers/Microsoft.EventGrid/domains/cli000003?api-version=2019-02-01-preview
  response:
    body: {string: '{"properties":{"provisioningState":"Creating","endpoint":null,"inputSchema":"CloudEventV01Schema"},"location":"westcentralus","tags":null,"id":"/subscriptions/00000000-0000-0000-0000-000000000000/resourceGroups/clitest.rg000001/providers/Microsoft.EventGrid/domains/cli000003","name":"cli000003","type":"Microsoft.EventGrid/domains"}'}
    headers:
      azure-asyncoperation: ['https://management.azure.com:443/subscriptions/00000000-0000-0000-0000-000000000000/providers/Microsoft.EventGrid/locations/westcentralus/operationsStatus/06B17353-5E69-4C5E-A583-A1DE53FFB40D?api-version=2019-02-01-preview']
      cache-control: [no-cache]
      content-length: ['454']
      content-type: [application/json; charset=utf-8]
      date: ['Tue, 09 Apr 2019 02:59:19 GMT']
      expires: ['-1']
      pragma: [no-cache]
      server: [Microsoft-HTTPAPI/2.0]
      strict-transport-security: [max-age=31536000; includeSubDomains]
      x-content-type-options: [nosniff]
      x-ms-ratelimit-remaining-subscription-writes: ['1198']
    status: {code: 201, message: Created}
- request:
    body: null
    headers:
      Accept: [application/json]
      Accept-Encoding: ['gzip, deflate']
      CommandName: [eventgrid domain create]
      Connection: [keep-alive]
      ParameterSetName: [--name --resource-group --location --input-schema]
      User-Agent: [python/3.7.2 (Windows-10-10.0.17763-SP0) msrest/0.6.2 msrest_azure/0.4.34
          azure-mgmt-eventgrid/2.1.0rc1 Azure-SDK-For-Python AZURECLI/2.0.55]
    method: GET
    uri: https://management.azure.com/subscriptions/00000000-0000-0000-0000-000000000000/providers/Microsoft.EventGrid/locations/westcentralus/operationsStatus/06B17353-5E69-4C5E-A583-A1DE53FFB40D?api-version=2019-02-01-preview
  response:
    body: {string: '{"id":"https://management.azure.com/subscriptions/00000000-0000-0000-0000-000000000000/providers/Microsoft.EventGrid/locations/westcentralus/operationsStatus/06B17353-5E69-4C5E-A583-A1DE53FFB40D?api-version=2019-02-01-preview","name":"06b17353-5e69-4c5e-a583-a1de53ffb40d","status":"Succeeded"}'}
    headers:
      cache-control: [no-cache]
      content-length: ['294']
      content-type: [application/json; charset=utf-8]
      date: ['Tue, 09 Apr 2019 02:59:30 GMT']
      expires: ['-1']
      pragma: [no-cache]
      server: [Microsoft-HTTPAPI/2.0]
      strict-transport-security: [max-age=31536000; includeSubDomains]
      transfer-encoding: [chunked]
      vary: [Accept-Encoding]
      x-content-type-options: [nosniff]
    status: {code: 200, message: OK}
- request:
    body: null
    headers:
      Accept: [application/json]
      Accept-Encoding: ['gzip, deflate']
      CommandName: [eventgrid domain create]
      Connection: [keep-alive]
      ParameterSetName: [--name --resource-group --location --input-schema]
      User-Agent: [python/3.7.2 (Windows-10-10.0.17763-SP0) msrest/0.6.2 msrest_azure/0.4.34
          azure-mgmt-eventgrid/2.1.0rc1 Azure-SDK-For-Python AZURECLI/2.0.55]
    method: GET
    uri: https://management.azure.com/subscriptions/00000000-0000-0000-0000-000000000000/resourceGroups/clitest.rg000001/providers/Microsoft.EventGrid/domains/cli000003?api-version=2019-02-01-preview
  response:
    body: {string: '{"properties":{"provisioningState":"Succeeded","endpoint":"https://cli000003.westcentralus-1.eventgrid.azure.net/api/events","inputSchema":"CloudEventV01Schema"},"location":"westcentralus","tags":null,"id":"/subscriptions/00000000-0000-0000-0000-000000000000/resourceGroups/clitest.rg000001/providers/Microsoft.EventGrid/domains/cli000003","name":"cli000003","type":"Microsoft.EventGrid/domains"}'}
    headers:
      cache-control: [no-cache]
      content-length: ['548']
      content-type: [application/json; charset=utf-8]
      date: ['Tue, 09 Apr 2019 02:59:30 GMT']
      expires: ['-1']
      pragma: [no-cache]
      server: [Microsoft-HTTPAPI/2.0]
      strict-transport-security: [max-age=31536000; includeSubDomains]
      transfer-encoding: [chunked]
      vary: [Accept-Encoding]
      x-content-type-options: [nosniff]
    status: {code: 200, message: OK}
- request:
    body: '{"location": "westcentralus", "properties": {"inputSchema": "CustomEventSchema",
      "inputSchemaMapping": {"inputSchemaMappingType": "Json", "properties": {"id":
      {}, "topic": {"sourceField": "myTopic"}, "eventTime": {}, "eventType": {"sourceField":
      "myEventTypeField"}, "subject": {"defaultValue": "DefaultSubject"}, "dataVersion":
      {"defaultValue": "1.0"}}}}}'
    headers:
      Accept: [application/json]
      Accept-Encoding: ['gzip, deflate']
      CommandName: [eventgrid domain create]
      Connection: [keep-alive]
      Content-Length: ['356']
      Content-Type: [application/json; charset=utf-8]
      ParameterSetName: [--name --resource-group --location --input-schema --input-mapping-fields
          --input-mapping-default-values]
      User-Agent: [python/3.7.2 (Windows-10-10.0.17763-SP0) msrest/0.6.2 msrest_azure/0.4.34
          azure-mgmt-eventgrid/2.1.0rc1 Azure-SDK-For-Python AZURECLI/2.0.55]
      accept-language: [en-US]
    method: PUT
    uri: https://management.azure.com/subscriptions/00000000-0000-0000-0000-000000000000/resourceGroups/clitest.rg000001/providers/Microsoft.EventGrid/domains/cli000004?api-version=2019-02-01-preview
  response:
    body: {string: '{"properties":{"provisioningState":"Creating","endpoint":null,"inputSchema":"CustomEventSchema","inputSchemaMapping":{"properties":{"id":{"sourceField":null},"topic":{"sourceField":"myTopic"},"eventTime":{"sourceField":null},"eventType":{"sourceField":"myEventTypeField","defaultValue":null},"subject":{"sourceField":null,"defaultValue":"DefaultSubject"},"dataVersion":{"sourceField":null,"defaultValue":"1.0"}},"inputSchemaMappingType":"Json"}},"location":"westcentralus","tags":null,"id":"/subscriptions/00000000-0000-0000-0000-000000000000/resourceGroups/clitest.rg000001/providers/Microsoft.EventGrid/domains/cli000004","name":"cli000004","type":"Microsoft.EventGrid/domains"}'}
    headers:
      azure-asyncoperation: ['https://management.azure.com:443/subscriptions/00000000-0000-0000-0000-000000000000/providers/Microsoft.EventGrid/locations/westcentralus/operationsStatus/4F768274-D34E-4017-ACA4-1EEEC9317248?api-version=2019-02-01-preview']
      cache-control: [no-cache]
      content-length: ['801']
      content-type: [application/json; charset=utf-8]
      date: ['Tue, 09 Apr 2019 02:59:31 GMT']
      expires: ['-1']
      pragma: [no-cache]
      server: [Microsoft-HTTPAPI/2.0]
      strict-transport-security: [max-age=31536000; includeSubDomains]
      x-content-type-options: [nosniff]
      x-ms-ratelimit-remaining-subscription-writes: ['1195']
    status: {code: 201, message: Created}
- request:
    body: null
    headers:
      Accept: [application/json]
      Accept-Encoding: ['gzip, deflate']
      CommandName: [eventgrid domain create]
      Connection: [keep-alive]
      ParameterSetName: [--name --resource-group --location --input-schema --input-mapping-fields
          --input-mapping-default-values]
      User-Agent: [python/3.7.2 (Windows-10-10.0.17763-SP0) msrest/0.6.2 msrest_azure/0.4.34
          azure-mgmt-eventgrid/2.1.0rc1 Azure-SDK-For-Python AZURECLI/2.0.55]
    method: GET
    uri: https://management.azure.com/subscriptions/00000000-0000-0000-0000-000000000000/providers/Microsoft.EventGrid/locations/westcentralus/operationsStatus/4F768274-D34E-4017-ACA4-1EEEC9317248?api-version=2019-02-01-preview
  response:
    body: {string: '{"id":"https://management.azure.com/subscriptions/00000000-0000-0000-0000-000000000000/providers/Microsoft.EventGrid/locations/westcentralus/operationsStatus/4F768274-D34E-4017-ACA4-1EEEC9317248?api-version=2019-02-01-preview","name":"4f768274-d34e-4017-aca4-1eeec9317248","status":"Succeeded"}'}
    headers:
      cache-control: [no-cache]
      content-length: ['294']
      content-type: [application/json; charset=utf-8]
      date: ['Tue, 09 Apr 2019 02:59:42 GMT']
      expires: ['-1']
      pragma: [no-cache]
      server: [Microsoft-HTTPAPI/2.0]
      strict-transport-security: [max-age=31536000; includeSubDomains]
      transfer-encoding: [chunked]
      vary: [Accept-Encoding]
      x-content-type-options: [nosniff]
    status: {code: 200, message: OK}
- request:
    body: null
    headers:
      Accept: [application/json]
      Accept-Encoding: ['gzip, deflate']
      CommandName: [eventgrid domain create]
      Connection: [keep-alive]
      ParameterSetName: [--name --resource-group --location --input-schema --input-mapping-fields
          --input-mapping-default-values]
      User-Agent: [python/3.7.2 (Windows-10-10.0.17763-SP0) msrest/0.6.2 msrest_azure/0.4.34
          azure-mgmt-eventgrid/2.1.0rc1 Azure-SDK-For-Python AZURECLI/2.0.55]
    method: GET
    uri: https://management.azure.com/subscriptions/00000000-0000-0000-0000-000000000000/resourceGroups/clitest.rg000001/providers/Microsoft.EventGrid/domains/cli000004?api-version=2019-02-01-preview
  response:
    body: {string: '{"properties":{"provisioningState":"Succeeded","endpoint":"https://cli000004.westcentralus-1.eventgrid.azure.net/api/events","inputSchema":"CustomEventSchema","inputSchemaMapping":{"properties":{"id":{"sourceField":null},"topic":{"sourceField":"myTopic"},"eventTime":{"sourceField":null},"eventType":{"sourceField":"myEventTypeField","defaultValue":null},"subject":{"sourceField":null,"defaultValue":"DefaultSubject"},"dataVersion":{"sourceField":null,"defaultValue":"1.0"}},"inputSchemaMappingType":"Json"}},"location":"westcentralus","tags":null,"id":"/subscriptions/00000000-0000-0000-0000-000000000000/resourceGroups/clitest.rg000001/providers/Microsoft.EventGrid/domains/cli000004","name":"cli000004","type":"Microsoft.EventGrid/domains"}'}
    headers:
      cache-control: [no-cache]
      content-length: ['895']
      content-type: [application/json; charset=utf-8]
      date: ['Tue, 09 Apr 2019 02:59:42 GMT']
      expires: ['-1']
      pragma: [no-cache]
      server: [Microsoft-HTTPAPI/2.0]
      strict-transport-security: [max-age=31536000; includeSubDomains]
      transfer-encoding: [chunked]
      vary: [Accept-Encoding]
      x-content-type-options: [nosniff]
    status: {code: 200, message: OK}
- request:
    body: null
    headers:
      Accept: [application/json]
      Accept-Encoding: ['gzip, deflate']
      CommandName: [eventgrid domain update]
      Connection: [keep-alive]
      ParameterSetName: [--name --resource-group --tags]
      User-Agent: [python/3.7.2 (Windows-10-10.0.17763-SP0) msrest/0.6.2 msrest_azure/0.4.34
          azure-mgmt-eventgrid/2.1.0rc1 Azure-SDK-For-Python AZURECLI/2.0.55]
      accept-language: [en-US]
    method: GET
    uri: https://management.azure.com/subscriptions/00000000-0000-0000-0000-000000000000/resourceGroups/clitest.rg000001/providers/Microsoft.EventGrid/domains/cli000002?api-version=2019-02-01-preview
  response:
    body: {string: '{"properties":{"provisioningState":"Succeeded","endpoint":"https://cli000002.westcentralus-1.eventgrid.azure.net/api/events","inputSchema":"EventGridSchema"},"location":"westcentralus","tags":null,"id":"/subscriptions/00000000-0000-0000-0000-000000000000/resourceGroups/clitest.rg000001/providers/Microsoft.EventGrid/domains/cli000002","name":"cli000002","type":"Microsoft.EventGrid/domains"}'}
    headers:
      cache-control: [no-cache]
      content-length: ['544']
      content-type: [application/json; charset=utf-8]
      date: ['Tue, 09 Apr 2019 02:59:43 GMT']
      expires: ['-1']
      pragma: [no-cache]
      server: [Microsoft-HTTPAPI/2.0]
      strict-transport-security: [max-age=31536000; includeSubDomains]
      transfer-encoding: [chunked]
      vary: [Accept-Encoding]
      x-content-type-options: [nosniff]
    status: {code: 200, message: OK}
- request:
    body: '{"tags": {"Dept": "IT"}}'
    headers:
      Accept: [application/json]
      Accept-Encoding: ['gzip, deflate']
      CommandName: [eventgrid domain update]
      Connection: [keep-alive]
      Content-Length: ['24']
      Content-Type: [application/json; charset=utf-8]
      ParameterSetName: [--name --resource-group --tags]
      User-Agent: [python/3.7.2 (Windows-10-10.0.17763-SP0) msrest/0.6.2 msrest_azure/0.4.34
          azure-mgmt-eventgrid/2.1.0rc1 Azure-SDK-For-Python AZURECLI/2.0.55]
      accept-language: [en-US]
    method: PATCH
    uri: https://management.azure.com/subscriptions/00000000-0000-0000-0000-000000000000/resourceGroups/clitest.rg000001/providers/Microsoft.EventGrid/domains/cli000002?api-version=2019-02-01-preview
  response:
    body: {string: '{"properties":{"provisioningState":"Updating","endpoint":"https://cli000002.westcentralus-1.eventgrid.azure.net/api/events","inputSchema":"EventGridSchema"},"location":"westcentralus","tags":{"Dept":"IT"},"id":"/subscriptions/00000000-0000-0000-0000-000000000000/resourceGroups/clitest.rg000001/providers/Microsoft.EventGrid/domains/cli000002","name":"cli000002","type":"Microsoft.EventGrid/domains"}'}
    headers:
      azure-asyncoperation: ['https://management.azure.com:443/subscriptions/00000000-0000-0000-0000-000000000000/providers/Microsoft.EventGrid/locations/westcentralus/operationsStatus/5DC37DE1-6677-47B4-8680-F0B2AAE3B438?api-version=2019-02-01-preview']
      cache-control: [no-cache]
      content-length: ['552']
      content-type: [application/json; charset=utf-8]
      date: ['Tue, 09 Apr 2019 02:59:44 GMT']
      expires: ['-1']
      pragma: [no-cache]
      server: [Microsoft-HTTPAPI/2.0]
      strict-transport-security: [max-age=31536000; includeSubDomains]
      x-content-type-options: [nosniff]
      x-ms-ratelimit-remaining-subscription-writes: ['1197']
    status: {code: 201, message: Created}
- request:
    body: null
    headers:
      Accept: [application/json]
      Accept-Encoding: ['gzip, deflate']
      CommandName: [eventgrid domain update]
      Connection: [keep-alive]
      ParameterSetName: [--name --resource-group --tags]
      User-Agent: [python/3.7.2 (Windows-10-10.0.17763-SP0) msrest/0.6.2 msrest_azure/0.4.34
          azure-mgmt-eventgrid/2.1.0rc1 Azure-SDK-For-Python AZURECLI/2.0.55]
    method: GET
    uri: https://management.azure.com/subscriptions/00000000-0000-0000-0000-000000000000/providers/Microsoft.EventGrid/locations/westcentralus/operationsStatus/5DC37DE1-6677-47B4-8680-F0B2AAE3B438?api-version=2019-02-01-preview
  response:
    body: {string: '{"id":"https://management.azure.com/subscriptions/00000000-0000-0000-0000-000000000000/providers/Microsoft.EventGrid/locations/westcentralus/operationsStatus/5DC37DE1-6677-47B4-8680-F0B2AAE3B438?api-version=2019-02-01-preview","name":"5dc37de1-6677-47b4-8680-f0b2aae3b438","status":"Succeeded"}'}
    headers:
      cache-control: [no-cache]
      content-length: ['294']
      content-type: [application/json; charset=utf-8]
      date: ['Tue, 09 Apr 2019 02:59:53 GMT']
      expires: ['-1']
      pragma: [no-cache]
      server: [Microsoft-HTTPAPI/2.0]
      strict-transport-security: [max-age=31536000; includeSubDomains]
      transfer-encoding: [chunked]
      vary: [Accept-Encoding]
      x-content-type-options: [nosniff]
    status: {code: 200, message: OK}
- request:
    body: null
    headers:
      Accept: [application/json]
      Accept-Encoding: ['gzip, deflate']
      CommandName: [eventgrid domain update]
      Connection: [keep-alive]
      ParameterSetName: [--name --resource-group --tags]
      User-Agent: [python/3.7.2 (Windows-10-10.0.17763-SP0) msrest/0.6.2 msrest_azure/0.4.34
          azure-mgmt-eventgrid/2.1.0rc1 Azure-SDK-For-Python AZURECLI/2.0.55]
    method: GET
    uri: https://management.azure.com/subscriptions/00000000-0000-0000-0000-000000000000/resourceGroups/clitest.rg000001/providers/Microsoft.EventGrid/domains/cli000002?api-version=2019-02-01-preview
  response:
    body: {string: '{"properties":{"provisioningState":"Succeeded","endpoint":"https://cli000002.westcentralus-1.eventgrid.azure.net/api/events","inputSchema":"EventGridSchema"},"location":"westcentralus","tags":{"Dept":"IT"},"id":"/subscriptions/00000000-0000-0000-0000-000000000000/resourceGroups/clitest.rg000001/providers/Microsoft.EventGrid/domains/cli000002","name":"cli000002","type":"Microsoft.EventGrid/domains"}'}
    headers:
      cache-control: [no-cache]
      content-length: ['553']
      content-type: [application/json; charset=utf-8]
      date: ['Tue, 09 Apr 2019 02:59:54 GMT']
      expires: ['-1']
      pragma: [no-cache]
      server: [Microsoft-HTTPAPI/2.0]
      strict-transport-security: [max-age=31536000; includeSubDomains]
      transfer-encoding: [chunked]
      vary: [Accept-Encoding]
      x-content-type-options: [nosniff]
    status: {code: 200, message: OK}
- request:
    body: null
    headers:
      Accept: [application/json]
      Accept-Encoding: ['gzip, deflate']
      CommandName: [eventgrid domain list]
      Connection: [keep-alive]
      ParameterSetName: [--resource-group]
      User-Agent: [python/3.7.2 (Windows-10-10.0.17763-SP0) msrest/0.6.2 msrest_azure/0.4.34
          azure-mgmt-eventgrid/2.1.0rc1 Azure-SDK-For-Python AZURECLI/2.0.55]
      accept-language: [en-US]
    method: GET
    uri: https://management.azure.com/subscriptions/00000000-0000-0000-0000-000000000000/resourceGroups/clitest.rg000001/providers/Microsoft.EventGrid/domains?api-version=2019-02-01-preview&$top=100
  response:
    body: {string: '{"value":[{"properties":{"provisioningState":"Succeeded","endpoint":"https://cli000002.westcentralus-1.eventgrid.azure.net/api/events","inputSchema":"EventGridSchema"},"location":"westcentralus","tags":{"Dept":"IT"},"id":"/subscriptions/00000000-0000-0000-0000-000000000000/resourceGroups/clitest.rg000001/providers/Microsoft.EventGrid/domains/cli000002","name":"cli000002","type":"Microsoft.EventGrid/domains"},{"properties":{"provisioningState":"Succeeded","endpoint":"https://cli000003.westcentralus-1.eventgrid.azure.net/api/events","inputSchema":"CloudEventV01Schema"},"location":"westcentralus","tags":null,"id":"/subscriptions/00000000-0000-0000-0000-000000000000/resourceGroups/clitest.rg000001/providers/Microsoft.EventGrid/domains/cli000003","name":"cli000003","type":"Microsoft.EventGrid/domains"},{"properties":{"provisioningState":"Succeeded","endpoint":"https://cli000004.westcentralus-1.eventgrid.azure.net/api/events","inputSchema":"CustomEventSchema","inputSchemaMapping":{"properties":{"id":{"sourceField":null},"topic":{"sourceField":"myTopic"},"eventTime":{"sourceField":null},"eventType":{"sourceField":"myEventTypeField","defaultValue":null},"subject":{"sourceField":null,"defaultValue":"DefaultSubject"},"dataVersion":{"sourceField":null,"defaultValue":"1.0"}},"inputSchemaMappingType":"Json"}},"location":"westcentralus","tags":null,"id":"/subscriptions/00000000-0000-0000-0000-000000000000/resourceGroups/clitest.rg000001/providers/Microsoft.EventGrid/domains/cli000004","name":"cli000004","type":"Microsoft.EventGrid/domains"}]}'}
    headers:
      cache-control: [no-cache]
      content-length: ['2010']
      content-type: [application/json; charset=utf-8]
      date: ['Tue, 09 Apr 2019 02:59:55 GMT']
      expires: ['-1']
      pragma: [no-cache]
      server: [Microsoft-HTTPAPI/2.0]
      strict-transport-security: [max-age=31536000; includeSubDomains]
      transfer-encoding: [chunked]
      vary: [Accept-Encoding]
      x-content-type-options: [nosniff]
    status: {code: 200, message: OK}
- request:
    body: null
    headers:
      Accept: [application/json]
      Accept-Encoding: ['gzip, deflate']
      CommandName: [eventgrid domain list]
      Connection: [keep-alive]
      ParameterSetName: [--resource-group --odata-query]
      User-Agent: [python/3.7.2 (Windows-10-10.0.17763-SP0) msrest/0.6.2 msrest_azure/0.4.34
          azure-mgmt-eventgrid/2.1.0rc1 Azure-SDK-For-Python AZURECLI/2.0.55]
      accept-language: [en-US]
    method: GET
    uri: https://management.azure.com/subscriptions/00000000-0000-0000-0000-000000000000/resourceGroups/clitest.rg000001/providers/Microsoft.EventGrid/domains?api-version=2019-02-01-preview&$filter=name%20eq%20%27cli000002%27&$top=100
  response:
    body: {string: '{"value":[{"properties":{"provisioningState":"Succeeded","endpoint":"https://cli000002.westcentralus-1.eventgrid.azure.net/api/events","inputSchema":"EventGridSchema"},"location":"westcentralus","tags":{"Dept":"IT"},"id":"/subscriptions/00000000-0000-0000-0000-000000000000/resourceGroups/clitest.rg000001/providers/Microsoft.EventGrid/domains/cli000002","name":"cli000002","type":"Microsoft.EventGrid/domains"}]}'}
    headers:
      cache-control: [no-cache]
      content-length: ['565']
      content-type: [application/json; charset=utf-8]
      date: ['Tue, 09 Apr 2019 02:59:56 GMT']
      expires: ['-1']
      pragma: [no-cache]
      server: [Microsoft-HTTPAPI/2.0]
      strict-transport-security: [max-age=31536000; includeSubDomains]
      transfer-encoding: [chunked]
      vary: [Accept-Encoding]
      x-content-type-options: [nosniff]
    status: {code: 200, message: OK}
- request:
    body: null
    headers:
      Accept: [application/json]
      Accept-Encoding: ['gzip, deflate']
      CommandName: [eventgrid domain key list]
      Connection: [keep-alive]
      Content-Length: ['0']
      ParameterSetName: [--name --resource-group]
      User-Agent: [python/3.7.2 (Windows-10-10.0.17763-SP0) msrest/0.6.2 msrest_azure/0.4.34
          azure-mgmt-eventgrid/2.1.0rc1 Azure-SDK-For-Python AZURECLI/2.0.55]
      accept-language: [en-US]
    method: POST
    uri: https://management.azure.com/subscriptions/00000000-0000-0000-0000-000000000000/resourceGroups/clitest.rg000001/providers/Microsoft.EventGrid/domains/cli000002/listKeys?api-version=2019-02-01-preview
  response:
    body: {string: '{"key1":"cUDVnQne0b3ySu/uuloAa+zdyJueL5sBQ7NsculeSak=","key2":"+BSr7PVGI9P3GgWe1FVBtIthZaar6H0PIu+w/dDUOk4="}'}
    headers:
      cache-control: [no-cache]
      content-length: ['109']
      content-type: [application/json; charset=utf-8]
      date: ['Tue, 09 Apr 2019 02:59:57 GMT']
      expires: ['-1']
      pragma: [no-cache]
      server: [Microsoft-HTTPAPI/2.0]
      strict-transport-security: [max-age=31536000; includeSubDomains]
      transfer-encoding: [chunked]
      vary: [Accept-Encoding]
      x-content-type-options: [nosniff]
      x-ms-ratelimit-remaining-subscription-writes: ['1199']
    status: {code: 200, message: OK}
- request:
    body: '{"keyName": "key1"}'
    headers:
      Accept: [application/json]
      Accept-Encoding: ['gzip, deflate']
      CommandName: [eventgrid domain key regenerate]
      Connection: [keep-alive]
      Content-Length: ['19']
      Content-Type: [application/json; charset=utf-8]
      ParameterSetName: [--name --resource-group --key-name]
      User-Agent: [python/3.7.2 (Windows-10-10.0.17763-SP0) msrest/0.6.2 msrest_azure/0.4.34
          azure-mgmt-eventgrid/2.1.0rc1 Azure-SDK-For-Python AZURECLI/2.0.55]
      accept-language: [en-US]
    method: POST
    uri: https://management.azure.com/subscriptions/00000000-0000-0000-0000-000000000000/resourceGroups/clitest.rg000001/providers/Microsoft.EventGrid/domains/cli000002/regenerateKey?api-version=2019-02-01-preview
  response:
    body: {string: '{"key1":"gXwYmVjSj3N+dv0pRkkGFiybdtRlQYTzTAHaIT9t5Rg=","key2":"+BSr7PVGI9P3GgWe1FVBtIthZaar6H0PIu+w/dDUOk4="}'}
    headers:
      cache-control: [no-cache]
      content-length: ['109']
      content-type: [application/json; charset=utf-8]
      date: ['Tue, 09 Apr 2019 02:59:57 GMT']
      expires: ['-1']
      pragma: [no-cache]
      server: [Microsoft-HTTPAPI/2.0]
      strict-transport-security: [max-age=31536000; includeSubDomains]
      transfer-encoding: [chunked]
      vary: [Accept-Encoding]
      x-content-type-options: [nosniff]
      x-ms-ratelimit-remaining-subscription-writes: ['1198']
    status: {code: 200, message: OK}
- request:
    body: '{"keyName": "key2"}'
    headers:
      Accept: [application/json]
      Accept-Encoding: ['gzip, deflate']
      CommandName: [eventgrid domain key regenerate]
      Connection: [keep-alive]
      Content-Length: ['19']
      Content-Type: [application/json; charset=utf-8]
      ParameterSetName: [--name --resource-group --key-name]
      User-Agent: [python/3.7.2 (Windows-10-10.0.17763-SP0) msrest/0.6.2 msrest_azure/0.4.34
          azure-mgmt-eventgrid/2.1.0rc1 Azure-SDK-For-Python AZURECLI/2.0.55]
      accept-language: [en-US]
    method: POST
    uri: https://management.azure.com/subscriptions/00000000-0000-0000-0000-000000000000/resourceGroups/clitest.rg000001/providers/Microsoft.EventGrid/domains/cli000002/regenerateKey?api-version=2019-02-01-preview
  response:
    body: {string: '{"key1":"gXwYmVjSj3N+dv0pRkkGFiybdtRlQYTzTAHaIT9t5Rg=","key2":"GD7te/KaRxIxyvdOnGQtt9kugViYlXv+BhVbVIY4/oY="}'}
    headers:
      cache-control: [no-cache]
      content-length: ['109']
      content-type: [application/json; charset=utf-8]
      date: ['Tue, 09 Apr 2019 02:59:58 GMT']
      expires: ['-1']
      pragma: [no-cache]
      server: [Microsoft-HTTPAPI/2.0]
      strict-transport-security: [max-age=31536000; includeSubDomains]
      transfer-encoding: [chunked]
      vary: [Accept-Encoding]
      x-content-type-options: [nosniff]
      x-ms-ratelimit-remaining-subscription-writes: ['1199']
    status: {code: 200, message: OK}
- request:
    body: '{"properties": {"destination": {"endpointType": "WebHook", "properties":
      {"endpointUrl": "https://devexpfuncappdestination.azurewebsites.net/runtime/webhooks/EventGrid?functionName=EventGridTrigger1&code=<HIDDEN>"}},
      "filter": {"isSubjectCaseSensitive": false}, "retryPolicy": {"maxDeliveryAttempts":
      30, "eventTimeToLiveInMinutes": 1440}}}'
    headers:
      Accept: [application/json]
      Accept-Encoding: ['gzip, deflate']
      CommandName: [eventgrid event-subscription create]
      Connection: [keep-alive]
      Content-Length: ['388']
      Content-Type: [application/json; charset=utf-8]
      ParameterSetName: [--resource-id --name --endpoint --included-event-types]
      User-Agent: [python/3.7.2 (Windows-10-10.0.17763-SP0) msrest/0.6.2 msrest_azure/0.4.34
          azure-mgmt-eventgrid/2.1.0rc1 Azure-SDK-For-Python AZURECLI/2.0.55]
      accept-language: [en-US]
    method: PUT
    uri: https://management.azure.com/subscriptions/00000000-0000-0000-0000-000000000000/resourceGroups/clitest.rg000001/providers/Microsoft.EventGrid/domains/cli000002/providers/Microsoft.EventGrid/eventSubscriptions/cli000007?api-version=2019-02-01-preview
  response:
    body: {string: '{"properties":{"topic":"/subscriptions/00000000-0000-0000-0000-000000000000/resourceGroups/clitest.rg000001/providers/microsoft.eventgrid/domains/cli000002","provisioningState":"Creating","destination":{"properties":{"endpointUrl":null,"endpointBaseUrl":"https://devexpfuncappdestination.azurewebsites.net/runtime/webhooks/EventGrid"},"endpointType":"WebHook"},"filter":{},"labels":null,"retryPolicy":{"maxDeliveryAttempts":30,"eventTimeToLiveInMinutes":1440}},"id":"/subscriptions/00000000-0000-0000-0000-000000000000/resourceGroups/clitest.rg000001/providers/Microsoft.EventGrid/domains/cli000002/providers/Microsoft.EventGrid/eventSubscriptions/cli000007","name":"cli000007","type":"Microsoft.EventGrid/eventSubscriptions"}'}
    headers:
      azure-asyncoperation: ['https://management.azure.com:443/subscriptions/00000000-0000-0000-0000-000000000000/providers/Microsoft.EventGrid/locations/westcentralus/operationsStatus/FB4026CD-9672-43EB-A39A-16F88AA54B75?api-version=2019-02-01-preview']
      cache-control: [no-cache]
      content-length: ['968']
      content-type: [application/json; charset=utf-8]
      date: ['Tue, 09 Apr 2019 02:59:59 GMT']
      expires: ['-1']
      pragma: [no-cache]
      server: [Microsoft-HTTPAPI/2.0]
      strict-transport-security: [max-age=31536000; includeSubDomains]
      x-content-type-options: [nosniff]
      x-ms-ratelimit-remaining-subscription-writes: ['1198']
    status: {code: 201, message: Created}
- request:
    body: null
    headers:
      Accept: [application/json]
      Accept-Encoding: ['gzip, deflate']
      CommandName: [eventgrid event-subscription create]
      Connection: [keep-alive]
      ParameterSetName: [--resource-id --name --endpoint --included-event-types]
      User-Agent: [python/3.7.2 (Windows-10-10.0.17763-SP0) msrest/0.6.2 msrest_azure/0.4.34
          azure-mgmt-eventgrid/2.1.0rc1 Azure-SDK-For-Python AZURECLI/2.0.55]
    method: GET
    uri: https://management.azure.com/subscriptions/00000000-0000-0000-0000-000000000000/providers/Microsoft.EventGrid/locations/westcentralus/operationsStatus/FB4026CD-9672-43EB-A39A-16F88AA54B75?api-version=2019-02-01-preview
  response:
    body: {string: '{"id":"https://management.azure.com/subscriptions/00000000-0000-0000-0000-000000000000/providers/Microsoft.EventGrid/locations/westcentralus/operationsStatus/FB4026CD-9672-43EB-A39A-16F88AA54B75?api-version=2019-02-01-preview","name":"fb4026cd-9672-43eb-a39a-16f88aa54b75","status":"Succeeded"}'}
    headers:
      cache-control: [no-cache]
      content-length: ['294']
      content-type: [application/json; charset=utf-8]
      date: ['Tue, 09 Apr 2019 03:00:09 GMT']
      expires: ['-1']
      pragma: [no-cache]
      server: [Microsoft-HTTPAPI/2.0]
      strict-transport-security: [max-age=31536000; includeSubDomains]
      transfer-encoding: [chunked]
      vary: [Accept-Encoding]
      x-content-type-options: [nosniff]
    status: {code: 200, message: OK}
- request:
    body: null
    headers:
      Accept: [application/json]
      Accept-Encoding: ['gzip, deflate']
      CommandName: [eventgrid event-subscription create]
      Connection: [keep-alive]
      ParameterSetName: [--resource-id --name --endpoint --included-event-types]
      User-Agent: [python/3.7.2 (Windows-10-10.0.17763-SP0) msrest/0.6.2 msrest_azure/0.4.34
          azure-mgmt-eventgrid/2.1.0rc1 Azure-SDK-For-Python AZURECLI/2.0.55]
    method: GET
    uri: https://management.azure.com/subscriptions/00000000-0000-0000-0000-000000000000/resourceGroups/clitest.rg000001/providers/Microsoft.EventGrid/domains/cli000002/providers/Microsoft.EventGrid/eventSubscriptions/cli000007?api-version=2019-02-01-preview
  response:
    body: {string: '{"properties":{"topic":"/subscriptions/00000000-0000-0000-0000-000000000000/resourceGroups/clitest.rg000001/providers/microsoft.eventgrid/domains/cli000002","provisioningState":"Succeeded","destination":{"properties":{"endpointUrl":null,"endpointBaseUrl":"https://devexpfuncappdestination.azurewebsites.net/runtime/webhooks/EventGrid"},"endpointType":"WebHook"},"filter":{"subjectBeginsWith":"","subjectEndsWith":""},"labels":null,"eventDeliverySchema":"EventGridSchema","retryPolicy":{"maxDeliveryAttempts":30,"eventTimeToLiveInMinutes":1440}},"id":"/subscriptions/00000000-0000-0000-0000-000000000000/resourceGroups/clitest.rg000001/providers/Microsoft.EventGrid/domains/cli000002/providers/Microsoft.EventGrid/eventSubscriptions/cli000007","name":"cli000007","type":"Microsoft.EventGrid/eventSubscriptions"}'}
    headers:
      cache-control: [no-cache]
      content-length: ['1052']
      content-type: [application/json; charset=utf-8]
      date: ['Tue, 09 Apr 2019 03:00:10 GMT']
      expires: ['-1']
      pragma: [no-cache]
      server: [Microsoft-HTTPAPI/2.0]
      strict-transport-security: [max-age=31536000; includeSubDomains]
      transfer-encoding: [chunked]
      vary: [Accept-Encoding]
      x-content-type-options: [nosniff]
    status: {code: 200, message: OK}
- request:
    body: null
    headers:
      Accept: [application/json]
      Accept-Encoding: ['gzip, deflate']
      CommandName: [eventgrid event-subscription show]
      Connection: [keep-alive]
      ParameterSetName: [--resource-id --name]
      User-Agent: [python/3.7.2 (Windows-10-10.0.17763-SP0) msrest/0.6.2 msrest_azure/0.4.34
          azure-mgmt-eventgrid/2.1.0rc1 Azure-SDK-For-Python AZURECLI/2.0.55]
      accept-language: [en-US]
    method: GET
    uri: https://management.azure.com/subscriptions/00000000-0000-0000-0000-000000000000/resourceGroups/clitest.rg000001/providers/Microsoft.EventGrid/domains/cli000002/providers/Microsoft.EventGrid/eventSubscriptions/cli000007?api-version=2019-02-01-preview
  response:
    body: {string: '{"properties":{"topic":"/subscriptions/00000000-0000-0000-0000-000000000000/resourceGroups/clitest.rg000001/providers/microsoft.eventgrid/domains/cli000002","provisioningState":"Succeeded","destination":{"properties":{"endpointUrl":null,"endpointBaseUrl":"https://devexpfuncappdestination.azurewebsites.net/runtime/webhooks/EventGrid"},"endpointType":"WebHook"},"filter":{"subjectBeginsWith":"","subjectEndsWith":""},"labels":null,"eventDeliverySchema":"EventGridSchema","retryPolicy":{"maxDeliveryAttempts":30,"eventTimeToLiveInMinutes":1440}},"id":"/subscriptions/00000000-0000-0000-0000-000000000000/resourceGroups/clitest.rg000001/providers/Microsoft.EventGrid/domains/cli000002/providers/Microsoft.EventGrid/eventSubscriptions/cli000007","name":"cli000007","type":"Microsoft.EventGrid/eventSubscriptions"}'}
    headers:
      cache-control: [no-cache]
      content-length: ['1052']
      content-type: [application/json; charset=utf-8]
      date: ['Tue, 09 Apr 2019 03:00:11 GMT']
      expires: ['-1']
      pragma: [no-cache]
      server: [Microsoft-HTTPAPI/2.0]
      strict-transport-security: [max-age=31536000; includeSubDomains]
      transfer-encoding: [chunked]
      vary: [Accept-Encoding]
      x-content-type-options: [nosniff]
    status: {code: 200, message: OK}
- request:
    body: null
    headers:
      Accept: [application/json]
      Accept-Encoding: ['gzip, deflate']
      CommandName: [eventgrid event-subscription show]
      Connection: [keep-alive]
      ParameterSetName: [--resource-id --name --include-full-endpoint-url]
      User-Agent: [python/3.7.2 (Windows-10-10.0.17763-SP0) msrest/0.6.2 msrest_azure/0.4.34
          azure-mgmt-eventgrid/2.1.0rc1 Azure-SDK-For-Python AZURECLI/2.0.55]
      accept-language: [en-US]
    method: GET
    uri: https://management.azure.com/subscriptions/00000000-0000-0000-0000-000000000000/resourceGroups/clitest.rg000001/providers/Microsoft.EventGrid/domains/cli000002/providers/Microsoft.EventGrid/eventSubscriptions/cli000007?api-version=2019-02-01-preview
  response:
    body: {string: '{"properties":{"topic":"/subscriptions/00000000-0000-0000-0000-000000000000/resourceGroups/clitest.rg000001/providers/microsoft.eventgrid/domains/cli000002","provisioningState":"Succeeded","destination":{"properties":{"endpointUrl":null,"endpointBaseUrl":"https://devexpfuncappdestination.azurewebsites.net/runtime/webhooks/EventGrid"},"endpointType":"WebHook"},"filter":{"subjectBeginsWith":"","subjectEndsWith":""},"labels":null,"eventDeliverySchema":"EventGridSchema","retryPolicy":{"maxDeliveryAttempts":30,"eventTimeToLiveInMinutes":1440}},"id":"/subscriptions/00000000-0000-0000-0000-000000000000/resourceGroups/clitest.rg000001/providers/Microsoft.EventGrid/domains/cli000002/providers/Microsoft.EventGrid/eventSubscriptions/cli000007","name":"cli000007","type":"Microsoft.EventGrid/eventSubscriptions"}'}
    headers:
      cache-control: [no-cache]
      content-length: ['1052']
      content-type: [application/json; charset=utf-8]
      date: ['Tue, 09 Apr 2019 03:00:12 GMT']
      expires: ['-1']
      pragma: [no-cache]
      server: [Microsoft-HTTPAPI/2.0]
      strict-transport-security: [max-age=31536000; includeSubDomains]
      transfer-encoding: [chunked]
      vary: [Accept-Encoding]
      x-content-type-options: [nosniff]
    status: {code: 200, message: OK}
- request:
    body: null
    headers:
      Accept: [application/json]
      Accept-Encoding: ['gzip, deflate']
      CommandName: [eventgrid event-subscription show]
      Connection: [keep-alive]
      Content-Length: ['0']
      ParameterSetName: [--resource-id --name --include-full-endpoint-url]
      User-Agent: [python/3.7.2 (Windows-10-10.0.17763-SP0) msrest/0.6.2 msrest_azure/0.4.34
          azure-mgmt-eventgrid/2.1.0rc1 Azure-SDK-For-Python AZURECLI/2.0.55]
      accept-language: [en-US]
    method: POST
    uri: https://management.azure.com/subscriptions/00000000-0000-0000-0000-000000000000/resourceGroups/clitest.rg000001/providers/Microsoft.EventGrid/domains/cli000002/providers/Microsoft.EventGrid/eventSubscriptions/cli000007/getFullUrl?api-version=2019-02-01-preview
  response:
    body: {string: '{"endpointUrl":"https://devexpfuncappdestination.azurewebsites.net/runtime/webhooks/EventGrid?functionName=EventGridTrigger1&code=<HIDDEN>"}'}
    headers:
      cache-control: [no-cache]
      content-length: ['188']
      content-type: [application/json; charset=utf-8]
      date: ['Tue, 09 Apr 2019 03:00:12 GMT']
      expires: ['-1']
      pragma: [no-cache]
      server: [Microsoft-HTTPAPI/2.0]
      strict-transport-security: [max-age=31536000; includeSubDomains]
      transfer-encoding: [chunked]
      vary: [Accept-Encoding]
      x-content-type-options: [nosniff]
      x-ms-ratelimit-remaining-subscription-writes: ['1192']
    status: {code: 200, message: OK}
- request:
    body: null
    headers:
      Accept: [application/json]
      Accept-Encoding: ['gzip, deflate']
      CommandName: [eventgrid event-subscription update]
      Connection: [keep-alive]
      ParameterSetName: [--resource-id --name --endpoint]
      User-Agent: [python/3.7.2 (Windows-10-10.0.17763-SP0) msrest/0.6.2 msrest_azure/0.4.34
          azure-mgmt-eventgrid/2.1.0rc1 Azure-SDK-For-Python AZURECLI/2.0.55]
      accept-language: [en-US]
    method: GET
    uri: https://management.azure.com/subscriptions/00000000-0000-0000-0000-000000000000/resourceGroups/clitest.rg000001/providers/Microsoft.EventGrid/domains/cli000002/providers/Microsoft.EventGrid/eventSubscriptions/cli000007?api-version=2019-02-01-preview
  response:
    body: {string: '{"properties":{"topic":"/subscriptions/00000000-0000-0000-0000-000000000000/resourceGroups/clitest.rg000001/providers/microsoft.eventgrid/domains/cli000002","provisioningState":"Succeeded","destination":{"properties":{"endpointUrl":null,"endpointBaseUrl":"https://devexpfuncappdestination.azurewebsites.net/runtime/webhooks/EventGrid"},"endpointType":"WebHook"},"filter":{"subjectBeginsWith":"","subjectEndsWith":""},"labels":null,"eventDeliverySchema":"EventGridSchema","retryPolicy":{"maxDeliveryAttempts":30,"eventTimeToLiveInMinutes":1440}},"id":"/subscriptions/00000000-0000-0000-0000-000000000000/resourceGroups/clitest.rg000001/providers/Microsoft.EventGrid/domains/cli000002/providers/Microsoft.EventGrid/eventSubscriptions/cli000007","name":"cli000007","type":"Microsoft.EventGrid/eventSubscriptions"}'}
    headers:
      cache-control: [no-cache]
      content-length: ['1052']
      content-type: [application/json; charset=utf-8]
      date: ['Tue, 09 Apr 2019 03:00:12 GMT']
      expires: ['-1']
      pragma: [no-cache]
      server: [Microsoft-HTTPAPI/2.0]
      strict-transport-security: [max-age=31536000; includeSubDomains]
      transfer-encoding: [chunked]
      vary: [Accept-Encoding]
      x-content-type-options: [nosniff]
    status: {code: 200, message: OK}
- request:
    body: '{"destination": {"endpointType": "WebHook", "properties": {"endpointUrl":
      "https://devexpfuncappdestination.azurewebsites.net/runtime/webhooks/EventGrid?functionName=EventGridTrigger1&code=<HIDDEN>"}},
      "filter": {"subjectBeginsWith": "", "subjectEndsWith": ""}, "eventDeliverySchema":
      "EventGridSchema", "retryPolicy": {"maxDeliveryAttempts": 30, "eventTimeToLiveInMinutes":
      1440}}'
    headers:
      Accept: [application/json]
      Accept-Encoding: ['gzip, deflate']
      CommandName: [eventgrid event-subscription update]
      Connection: [keep-alive]
      Content-Length: ['429']
      Content-Type: [application/json; charset=utf-8]
      ParameterSetName: [--resource-id --name --endpoint]
      User-Agent: [python/3.7.2 (Windows-10-10.0.17763-SP0) msrest/0.6.2 msrest_azure/0.4.34
          azure-mgmt-eventgrid/2.1.0rc1 Azure-SDK-For-Python AZURECLI/2.0.55]
      accept-language: [en-US]
    method: PATCH
    uri: https://management.azure.com/subscriptions/00000000-0000-0000-0000-000000000000/resourceGroups/clitest.rg000001/providers/Microsoft.EventGrid/domains/cli000002/providers/Microsoft.EventGrid/eventSubscriptions/cli000007?api-version=2019-02-01-preview
  response:
    body: {string: '{"properties":{"topic":"/subscriptions/00000000-0000-0000-0000-000000000000/resourceGroups/clitest.rg000001/providers/microsoft.eventgrid/domains/cli000002","provisioningState":"Updating","destination":{"properties":{"endpointUrl":null,"endpointBaseUrl":"https://devexpfuncappdestination.azurewebsites.net/runtime/webhooks/EventGrid"},"endpointType":"WebHook"},"filter":{"subjectBeginsWith":"","subjectEndsWith":""},"labels":null,"eventDeliverySchema":"EventGridSchema","retryPolicy":{"maxDeliveryAttempts":30,"eventTimeToLiveInMinutes":1440}},"id":"/subscriptions/00000000-0000-0000-0000-000000000000/resourceGroups/clitest.rg000001/providers/Microsoft.EventGrid/domains/cli000002/providers/Microsoft.EventGrid/eventSubscriptions/cli000007","name":"cli000007","type":"Microsoft.EventGrid/eventSubscriptions"}'}
    headers:
      azure-asyncoperation: ['https://management.azure.com:443/subscriptions/00000000-0000-0000-0000-000000000000/providers/Microsoft.EventGrid/locations/westcentralus/operationsStatus/43203E55-A446-4B9A-AC9E-F4AD35A78822?api-version=2019-02-01-preview']
      cache-control: [no-cache]
      content-length: ['1051']
      content-type: [application/json; charset=utf-8]
      date: ['Tue, 09 Apr 2019 03:00:13 GMT']
      expires: ['-1']
      pragma: [no-cache]
      server: [Microsoft-HTTPAPI/2.0]
      strict-transport-security: [max-age=31536000; includeSubDomains]
      x-content-type-options: [nosniff]
      x-ms-ratelimit-remaining-subscription-writes: ['1196']
    status: {code: 201, message: Created}
- request:
    body: null
    headers:
      Accept: [application/json]
      Accept-Encoding: ['gzip, deflate']
      CommandName: [eventgrid event-subscription update]
      Connection: [keep-alive]
      ParameterSetName: [--resource-id --name --endpoint]
      User-Agent: [python/3.7.2 (Windows-10-10.0.17763-SP0) msrest/0.6.2 msrest_azure/0.4.34
          azure-mgmt-eventgrid/2.1.0rc1 Azure-SDK-For-Python AZURECLI/2.0.55]
    method: GET
    uri: https://management.azure.com/subscriptions/00000000-0000-0000-0000-000000000000/providers/Microsoft.EventGrid/locations/westcentralus/operationsStatus/43203E55-A446-4B9A-AC9E-F4AD35A78822?api-version=2019-02-01-preview
  response:
    body: {string: '{"id":"https://management.azure.com/subscriptions/00000000-0000-0000-0000-000000000000/providers/Microsoft.EventGrid/locations/westcentralus/operationsStatus/43203E55-A446-4B9A-AC9E-F4AD35A78822?api-version=2019-02-01-preview","name":"43203e55-a446-4b9a-ac9e-f4ad35a78822","status":"Succeeded"}'}
    headers:
      cache-control: [no-cache]
      content-length: ['294']
      content-type: [application/json; charset=utf-8]
      date: ['Tue, 09 Apr 2019 03:00:23 GMT']
      expires: ['-1']
      pragma: [no-cache]
      server: [Microsoft-HTTPAPI/2.0]
      strict-transport-security: [max-age=31536000; includeSubDomains]
      transfer-encoding: [chunked]
      vary: [Accept-Encoding]
      x-content-type-options: [nosniff]
    status: {code: 200, message: OK}
- request:
    body: null
    headers:
      Accept: [application/json]
      Accept-Encoding: ['gzip, deflate']
      CommandName: [eventgrid event-subscription update]
      Connection: [keep-alive]
      ParameterSetName: [--resource-id --name --endpoint]
      User-Agent: [python/3.7.2 (Windows-10-10.0.17763-SP0) msrest/0.6.2 msrest_azure/0.4.34
          azure-mgmt-eventgrid/2.1.0rc1 Azure-SDK-For-Python AZURECLI/2.0.55]
    method: GET
    uri: https://management.azure.com/subscriptions/00000000-0000-0000-0000-000000000000/resourceGroups/clitest.rg000001/providers/Microsoft.EventGrid/domains/cli000002/providers/Microsoft.EventGrid/eventSubscriptions/cli000007?api-version=2019-02-01-preview
  response:
    body: {string: '{"properties":{"topic":"/subscriptions/00000000-0000-0000-0000-000000000000/resourceGroups/clitest.rg000001/providers/microsoft.eventgrid/domains/cli000002","provisioningState":"Succeeded","destination":{"properties":{"endpointUrl":null,"endpointBaseUrl":"https://devexpfuncappdestination.azurewebsites.net/runtime/webhooks/EventGrid"},"endpointType":"WebHook"},"filter":{"subjectBeginsWith":"","subjectEndsWith":""},"labels":null,"eventDeliverySchema":"EventGridSchema","retryPolicy":{"maxDeliveryAttempts":30,"eventTimeToLiveInMinutes":1440}},"id":"/subscriptions/00000000-0000-0000-0000-000000000000/resourceGroups/clitest.rg000001/providers/Microsoft.EventGrid/domains/cli000002/providers/Microsoft.EventGrid/eventSubscriptions/cli000007","name":"cli000007","type":"Microsoft.EventGrid/eventSubscriptions"}'}
    headers:
      cache-control: [no-cache]
      content-length: ['1052']
      content-type: [application/json; charset=utf-8]
      date: ['Tue, 09 Apr 2019 03:00:24 GMT']
      expires: ['-1']
      pragma: [no-cache]
      server: [Microsoft-HTTPAPI/2.0]
      strict-transport-security: [max-age=31536000; includeSubDomains]
      transfer-encoding: [chunked]
      vary: [Accept-Encoding]
      x-content-type-options: [nosniff]
    status: {code: 200, message: OK}
- request:
    body: null
    headers:
      Accept: [application/json]
      Accept-Encoding: ['gzip, deflate']
      CommandName: [eventgrid event-subscription list]
      Connection: [keep-alive]
      ParameterSetName: [--source-resource-id]
      User-Agent: [python/3.7.2 (Windows-10-10.0.17763-SP0) msrest/0.6.2 msrest_azure/0.4.34
          azure-mgmt-eventgrid/2.1.0rc1 Azure-SDK-For-Python AZURECLI/2.0.55]
      accept-language: [en-US]
    method: GET
    uri: https://management.azure.com/subscriptions/00000000-0000-0000-0000-000000000000/resourceGroups/clitest.rg000001/providers/Microsoft.EventGrid/domains/cli000002/providers/Microsoft.EventGrid/eventSubscriptions?api-version=2019-02-01-preview&$top=100
  response:
    body: {string: '{"value":[{"properties":{"topic":"/subscriptions/00000000-0000-0000-0000-000000000000/resourceGroups/clitest.rg000001/providers/microsoft.eventgrid/domains/cli000002","provisioningState":"Succeeded","destination":{"properties":{"endpointUrl":null,"endpointBaseUrl":"https://devexpfuncappdestination.azurewebsites.net/runtime/webhooks/EventGrid"},"endpointType":"WebHook"},"filter":{"subjectBeginsWith":"","subjectEndsWith":""},"labels":null,"eventDeliverySchema":"EventGridSchema","retryPolicy":{"maxDeliveryAttempts":30,"eventTimeToLiveInMinutes":1440}},"id":"/subscriptions/00000000-0000-0000-0000-000000000000/resourceGroups/clitest.rg000001/providers/Microsoft.EventGrid/domains/cli000002/providers/Microsoft.EventGrid/eventSubscriptions/cli000007","name":"cli000007","type":"Microsoft.EventGrid/eventSubscriptions"}]}'}
    headers:
      cache-control: [no-cache]
      content-length: ['1064']
      content-type: [application/json; charset=utf-8]
      date: ['Tue, 09 Apr 2019 03:00:25 GMT']
      expires: ['-1']
      pragma: [no-cache]
      server: [Microsoft-HTTPAPI/2.0]
      strict-transport-security: [max-age=31536000; includeSubDomains]
      transfer-encoding: [chunked]
      vary: [Accept-Encoding]
      x-content-type-options: [nosniff]
    status: {code: 200, message: OK}
- request:
    body: null
    headers:
      Accept: [application/json]
      Accept-Encoding: ['gzip, deflate']
      CommandName: [eventgrid event-subscription delete]
      Connection: [keep-alive]
      Content-Length: ['0']
      ParameterSetName: [--resource-id --name]
      User-Agent: [python/3.7.2 (Windows-10-10.0.17763-SP0) msrest/0.6.2 msrest_azure/0.4.34
          azure-mgmt-eventgrid/2.1.0rc1 Azure-SDK-For-Python AZURECLI/2.0.55]
      accept-language: [en-US]
    method: DELETE
    uri: https://management.azure.com/subscriptions/00000000-0000-0000-0000-000000000000/resourceGroups/clitest.rg000001/providers/Microsoft.EventGrid/domains/cli000002/providers/Microsoft.EventGrid/eventSubscriptions/cli000007?api-version=2019-02-01-preview
  response:
    body: {string: ''}
    headers:
      cache-control: [no-cache]
      content-length: ['0']
      date: ['Tue, 09 Apr 2019 03:00:26 GMT']
      expires: ['-1']
      location: ['https://management.azure.com/subscriptions/00000000-0000-0000-0000-000000000000/providers/Microsoft.EventGrid/locations/westcentralus/operationResults/FA2DCDE3-F70D-4D9A-A9D4-D53706F15B36?api-version=2019-02-01-preview']
      pragma: [no-cache]
      server: [Microsoft-HTTPAPI/2.0]
      strict-transport-security: [max-age=31536000; includeSubDomains]
      x-content-type-options: [nosniff]
      x-ms-ratelimit-remaining-subscription-deletes: ['14997']
    status: {code: 202, message: Accepted}
- request:
    body: null
    headers:
      Accept: [application/json]
      Accept-Encoding: ['gzip, deflate']
      CommandName: [eventgrid event-subscription delete]
      Connection: [keep-alive]
      ParameterSetName: [--resource-id --name]
      User-Agent: [python/3.7.2 (Windows-10-10.0.17763-SP0) msrest/0.6.2 msrest_azure/0.4.34
          azure-mgmt-eventgrid/2.1.0rc1 Azure-SDK-For-Python AZURECLI/2.0.55]
    method: GET
    uri: https://management.azure.com/subscriptions/00000000-0000-0000-0000-000000000000/providers/Microsoft.EventGrid/locations/westcentralus/operationResults/FA2DCDE3-F70D-4D9A-A9D4-D53706F15B36?api-version=2019-02-01-preview
  response:
    body: {string: ''}
    headers:
      cache-control: [no-cache]
      content-length: ['0']
      date: ['Tue, 09 Apr 2019 03:00:36 GMT']
      expires: ['-1']
      pragma: [no-cache]
      server: [Microsoft-HTTPAPI/2.0]
      strict-transport-security: [max-age=31536000; includeSubDomains]
      x-content-type-options: [nosniff]
    status: {code: 200, message: OK}
- request:
    body: '{"properties": {"destination": {"endpointType": "WebHook", "properties":
      {"endpointUrl": "https://devexpfuncappdestination.azurewebsites.net/runtime/webhooks/EventGrid?functionName=EventGridTrigger1&code=<HIDDEN>"}},
      "filter": {"isSubjectCaseSensitive": false}, "retryPolicy": {"maxDeliveryAttempts":
      30, "eventTimeToLiveInMinutes": 1440}}}'
    headers:
      Accept: [application/json]
      Accept-Encoding: ['gzip, deflate']
      CommandName: [eventgrid event-subscription create]
      Connection: [keep-alive]
      Content-Length: ['388']
      Content-Type: [application/json; charset=utf-8]
      ParameterSetName: [--resource-id --name --endpoint]
      User-Agent: [python/3.7.2 (Windows-10-10.0.17763-SP0) msrest/0.6.2 msrest_azure/0.4.34
          azure-mgmt-eventgrid/2.1.0rc1 Azure-SDK-For-Python AZURECLI/2.0.55]
      accept-language: [en-US]
    method: PUT
    uri: https://management.azure.com/subscriptions/00000000-0000-0000-0000-000000000000/resourceGroups/clitest.rg000001/providers/Microsoft.EventGrid/domains/cli000002/topics/cli000005/providers/Microsoft.EventGrid/eventSubscriptions/cli000007?api-version=2019-02-01-preview
  response:
    body: {string: '{"properties":{"topic":"/subscriptions/00000000-0000-0000-0000-000000000000/resourceGroups/clitest.rg000001/providers/microsoft.eventgrid/domains/cli000002/topics/cli000005","provisioningState":"Creating","destination":{"properties":{"endpointUrl":null,"endpointBaseUrl":"https://devexpfuncappdestination.azurewebsites.net/runtime/webhooks/EventGrid"},"endpointType":"WebHook"},"filter":{},"labels":null,"retryPolicy":{"maxDeliveryAttempts":30,"eventTimeToLiveInMinutes":1440}},"id":"/subscriptions/00000000-0000-0000-0000-000000000000/resourceGroups/clitest.rg000001/providers/Microsoft.EventGrid/domains/cli000002/topics/cli000005/providers/Microsoft.EventGrid/eventSubscriptions/cli000007","name":"cli000007","type":"Microsoft.EventGrid/eventSubscriptions"}'}
    headers:
      azure-asyncoperation: ['https://management.azure.com:443/subscriptions/00000000-0000-0000-0000-000000000000/providers/Microsoft.EventGrid/locations/westcentralus/operationsStatus/B0606831-B5B2-425C-AD60-E0A0667AB63E?api-version=2019-02-01-preview']
      cache-control: [no-cache]
      content-length: ['1064']
      content-type: [application/json; charset=utf-8]
      date: ['Tue, 09 Apr 2019 03:00:37 GMT']
      expires: ['-1']
      pragma: [no-cache]
      server: [Microsoft-HTTPAPI/2.0]
      strict-transport-security: [max-age=31536000; includeSubDomains]
      x-content-type-options: [nosniff]
      x-ms-ratelimit-remaining-subscription-writes: ['1197']
    status: {code: 201, message: Created}
- request:
    body: null
    headers:
      Accept: [application/json]
      Accept-Encoding: ['gzip, deflate']
      CommandName: [eventgrid event-subscription create]
      Connection: [keep-alive]
      ParameterSetName: [--resource-id --name --endpoint]
      User-Agent: [python/3.7.2 (Windows-10-10.0.17763-SP0) msrest/0.6.2 msrest_azure/0.4.34
          azure-mgmt-eventgrid/2.1.0rc1 Azure-SDK-For-Python AZURECLI/2.0.55]
    method: GET
    uri: https://management.azure.com/subscriptions/00000000-0000-0000-0000-000000000000/providers/Microsoft.EventGrid/locations/westcentralus/operationsStatus/B0606831-B5B2-425C-AD60-E0A0667AB63E?api-version=2019-02-01-preview
  response:
    body: {string: '{"id":"https://management.azure.com/subscriptions/00000000-0000-0000-0000-000000000000/providers/Microsoft.EventGrid/locations/westcentralus/operationsStatus/B0606831-B5B2-425C-AD60-E0A0667AB63E?api-version=2019-02-01-preview","name":"b0606831-b5b2-425c-ad60-e0a0667ab63e","status":"Succeeded"}'}
    headers:
      cache-control: [no-cache]
      content-length: ['294']
      content-type: [application/json; charset=utf-8]
      date: ['Tue, 09 Apr 2019 03:00:47 GMT']
      expires: ['-1']
      pragma: [no-cache]
      server: [Microsoft-HTTPAPI/2.0]
      strict-transport-security: [max-age=31536000; includeSubDomains]
      transfer-encoding: [chunked]
      vary: [Accept-Encoding]
      x-content-type-options: [nosniff]
    status: {code: 200, message: OK}
- request:
    body: null
    headers:
      Accept: [application/json]
      Accept-Encoding: ['gzip, deflate']
      CommandName: [eventgrid event-subscription create]
      Connection: [keep-alive]
      ParameterSetName: [--resource-id --name --endpoint]
      User-Agent: [python/3.7.2 (Windows-10-10.0.17763-SP0) msrest/0.6.2 msrest_azure/0.4.34
          azure-mgmt-eventgrid/2.1.0rc1 Azure-SDK-For-Python AZURECLI/2.0.55]
    method: GET
    uri: https://management.azure.com/subscriptions/00000000-0000-0000-0000-000000000000/resourceGroups/clitest.rg000001/providers/Microsoft.EventGrid/domains/cli000002/topics/cli000005/providers/Microsoft.EventGrid/eventSubscriptions/cli000007?api-version=2019-02-01-preview
  response:
    body: {string: '{"properties":{"topic":"/subscriptions/00000000-0000-0000-0000-000000000000/resourceGroups/clitest.rg000001/providers/microsoft.eventgrid/domains/cli000002/topics/cli000005","provisioningState":"Succeeded","destination":{"properties":{"endpointUrl":null,"endpointBaseUrl":"https://devexpfuncappdestination.azurewebsites.net/runtime/webhooks/EventGrid"},"endpointType":"WebHook"},"filter":{"subjectBeginsWith":"","subjectEndsWith":""},"labels":null,"eventDeliverySchema":"EventGridSchema","retryPolicy":{"maxDeliveryAttempts":30,"eventTimeToLiveInMinutes":1440}},"id":"/subscriptions/00000000-0000-0000-0000-000000000000/resourceGroups/clitest.rg000001/providers/Microsoft.EventGrid/domains/cli000002/topics/cli000005/providers/Microsoft.EventGrid/eventSubscriptions/cli000007","name":"cli000007","type":"Microsoft.EventGrid/eventSubscriptions"}'}
    headers:
      cache-control: [no-cache]
      content-length: ['1148']
      content-type: [application/json; charset=utf-8]
      date: ['Tue, 09 Apr 2019 03:00:48 GMT']
      expires: ['-1']
      pragma: [no-cache]
      server: [Microsoft-HTTPAPI/2.0]
      strict-transport-security: [max-age=31536000; includeSubDomains]
      transfer-encoding: [chunked]
      vary: [Accept-Encoding]
      x-content-type-options: [nosniff]
    status: {code: 200, message: OK}
- request:
    body: null
    headers:
      Accept: [application/json]
      Accept-Encoding: ['gzip, deflate']
      CommandName: [eventgrid event-subscription show]
      Connection: [keep-alive]
      ParameterSetName: [--resource-id --name]
      User-Agent: [python/3.7.2 (Windows-10-10.0.17763-SP0) msrest/0.6.2 msrest_azure/0.4.34
          azure-mgmt-eventgrid/2.1.0rc1 Azure-SDK-For-Python AZURECLI/2.0.55]
      accept-language: [en-US]
    method: GET
    uri: https://management.azure.com/subscriptions/00000000-0000-0000-0000-000000000000/resourceGroups/clitest.rg000001/providers/Microsoft.EventGrid/domains/cli000002/topics/cli000005/providers/Microsoft.EventGrid/eventSubscriptions/cli000007?api-version=2019-02-01-preview
  response:
    body: {string: '{"properties":{"topic":"/subscriptions/00000000-0000-0000-0000-000000000000/resourceGroups/clitest.rg000001/providers/microsoft.eventgrid/domains/cli000002/topics/cli000005","provisioningState":"Succeeded","destination":{"properties":{"endpointUrl":null,"endpointBaseUrl":"https://devexpfuncappdestination.azurewebsites.net/runtime/webhooks/EventGrid"},"endpointType":"WebHook"},"filter":{"subjectBeginsWith":"","subjectEndsWith":""},"labels":null,"eventDeliverySchema":"EventGridSchema","retryPolicy":{"maxDeliveryAttempts":30,"eventTimeToLiveInMinutes":1440}},"id":"/subscriptions/00000000-0000-0000-0000-000000000000/resourceGroups/clitest.rg000001/providers/Microsoft.EventGrid/domains/cli000002/topics/cli000005/providers/Microsoft.EventGrid/eventSubscriptions/cli000007","name":"cli000007","type":"Microsoft.EventGrid/eventSubscriptions"}'}
    headers:
      cache-control: [no-cache]
      content-length: ['1148']
      content-type: [application/json; charset=utf-8]
      date: ['Tue, 09 Apr 2019 03:00:49 GMT']
      expires: ['-1']
      pragma: [no-cache]
      server: [Microsoft-HTTPAPI/2.0]
      strict-transport-security: [max-age=31536000; includeSubDomains]
      transfer-encoding: [chunked]
      vary: [Accept-Encoding]
      x-content-type-options: [nosniff]
    status: {code: 200, message: OK}
- request:
    body: null
    headers:
      Accept: [application/json]
      Accept-Encoding: ['gzip, deflate']
      CommandName: [eventgrid domain topic create]
      Connection: [keep-alive]
      Content-Length: ['0']
      ParameterSetName: [--resource-group --domain-name --name]
      User-Agent: [python/3.7.2 (Windows-10-10.0.17763-SP0) msrest/0.6.2 msrest_azure/0.4.34
          azure-mgmt-eventgrid/2.1.0rc1 Azure-SDK-For-Python AZURECLI/2.0.55]
      accept-language: [en-US]
    method: PUT
    uri: https://management.azure.com/subscriptions/00000000-0000-0000-0000-000000000000/resourceGroups/clitest.rg000001/providers/Microsoft.EventGrid/domains/cli000002/topics/cli000006?api-version=2019-02-01-preview
  response:
    body: {string: '{"properties":{"provisioningState":"Creating"},"id":"/subscriptions/00000000-0000-0000-0000-000000000000/resourceGroups/clitest.rg000001/providers/Microsoft.EventGrid/domains/cli000002/topics/cli000006","name":"cli000006","type":"Microsoft.EventGrid/domains/topics"}'}
    headers:
      azure-asyncoperation: ['https://management.azure.com:443/subscriptions/00000000-0000-0000-0000-000000000000/providers/Microsoft.EventGrid/locations/westcentralus/operationsStatus/AF778C66-0D49-4A9F-B487-CE8EF52D5DCD?api-version=2019-02-01-preview']
      cache-control: [no-cache]
      content-length: ['418']
      content-type: [application/json; charset=utf-8]
      date: ['Tue, 09 Apr 2019 03:00:49 GMT']
      expires: ['-1']
      pragma: [no-cache]
      server: [Microsoft-HTTPAPI/2.0]
      strict-transport-security: [max-age=31536000; includeSubDomains]
      x-content-type-options: [nosniff]
      x-ms-ratelimit-remaining-subscription-writes: ['1198']
    status: {code: 201, message: Created}
- request:
    body: null
    headers:
      Accept: [application/json]
      Accept-Encoding: ['gzip, deflate']
      CommandName: [eventgrid domain topic create]
      Connection: [keep-alive]
      ParameterSetName: [--resource-group --domain-name --name]
      User-Agent: [python/3.7.2 (Windows-10-10.0.17763-SP0) msrest/0.6.2 msrest_azure/0.4.34
          azure-mgmt-eventgrid/2.1.0rc1 Azure-SDK-For-Python AZURECLI/2.0.55]
    method: GET
    uri: https://management.azure.com/subscriptions/00000000-0000-0000-0000-000000000000/providers/Microsoft.EventGrid/locations/westcentralus/operationsStatus/AF778C66-0D49-4A9F-B487-CE8EF52D5DCD?api-version=2019-02-01-preview
  response:
    body: {string: '{"id":"https://management.azure.com/subscriptions/00000000-0000-0000-0000-000000000000/providers/Microsoft.EventGrid/locations/westcentralus/operationsStatus/AF778C66-0D49-4A9F-B487-CE8EF52D5DCD?api-version=2019-02-01-preview","name":"af778c66-0d49-4a9f-b487-ce8ef52d5dcd","status":"Succeeded"}'}
    headers:
      cache-control: [no-cache]
      content-length: ['294']
      content-type: [application/json; charset=utf-8]
      date: ['Tue, 09 Apr 2019 03:01:00 GMT']
      expires: ['-1']
      pragma: [no-cache]
      server: [Microsoft-HTTPAPI/2.0]
      strict-transport-security: [max-age=31536000; includeSubDomains]
      transfer-encoding: [chunked]
      vary: [Accept-Encoding]
      x-content-type-options: [nosniff]
    status: {code: 200, message: OK}
- request:
    body: null
    headers:
      Accept: [application/json]
      Accept-Encoding: ['gzip, deflate']
      CommandName: [eventgrid domain topic create]
      Connection: [keep-alive]
      ParameterSetName: [--resource-group --domain-name --name]
      User-Agent: [python/3.7.2 (Windows-10-10.0.17763-SP0) msrest/0.6.2 msrest_azure/0.4.34
          azure-mgmt-eventgrid/2.1.0rc1 Azure-SDK-For-Python AZURECLI/2.0.55]
    method: GET
    uri: https://management.azure.com/subscriptions/00000000-0000-0000-0000-000000000000/resourceGroups/clitest.rg000001/providers/Microsoft.EventGrid/domains/cli000002/topics/cli000006?api-version=2019-02-01-preview
  response:
    body: {string: '{"properties":{"provisioningState":"Succeeded"},"id":"/subscriptions/00000000-0000-0000-0000-000000000000/resourceGroups/clitest.rg000001/providers/Microsoft.EventGrid/domains/cli000002/topics/cli000006","name":"cli000006","type":"Microsoft.EventGrid/domains/topics"}'}
    headers:
      cache-control: [no-cache]
      content-length: ['419']
      content-type: [application/json; charset=utf-8]
      date: ['Tue, 09 Apr 2019 03:00:59 GMT']
      expires: ['-1']
      pragma: [no-cache]
      server: [Microsoft-HTTPAPI/2.0]
      strict-transport-security: [max-age=31536000; includeSubDomains]
      transfer-encoding: [chunked]
      vary: [Accept-Encoding]
      x-content-type-options: [nosniff]
    status: {code: 200, message: OK}
- request:
    body: null
    headers:
      Accept: [application/json]
      Accept-Encoding: ['gzip, deflate']
      CommandName: [eventgrid domain topic show]
      Connection: [keep-alive]
      ParameterSetName: [--resource-group --domain-name --name]
      User-Agent: [python/3.7.2 (Windows-10-10.0.17763-SP0) msrest/0.6.2 msrest_azure/0.4.34
          azure-mgmt-eventgrid/2.1.0rc1 Azure-SDK-For-Python AZURECLI/2.0.55]
      accept-language: [en-US]
    method: GET
    uri: https://management.azure.com/subscriptions/00000000-0000-0000-0000-000000000000/resourceGroups/clitest.rg000001/providers/Microsoft.EventGrid/domains/cli000002/topics/cli000006?api-version=2019-02-01-preview
  response:
    body: {string: '{"properties":{"provisioningState":"Succeeded"},"id":"/subscriptions/00000000-0000-0000-0000-000000000000/resourceGroups/clitest.rg000001/providers/Microsoft.EventGrid/domains/cli000002/topics/cli000006","name":"cli000006","type":"Microsoft.EventGrid/domains/topics"}'}
    headers:
      cache-control: [no-cache]
      content-length: ['419']
      content-type: [application/json; charset=utf-8]
      date: ['Tue, 09 Apr 2019 03:01:00 GMT']
      expires: ['-1']
      pragma: [no-cache]
      server: [Microsoft-HTTPAPI/2.0]
      strict-transport-security: [max-age=31536000; includeSubDomains]
      transfer-encoding: [chunked]
      vary: [Accept-Encoding]
      x-content-type-options: [nosniff]
    status: {code: 200, message: OK}
- request:
    body: null
    headers:
      Accept: [application/json]
      Accept-Encoding: ['gzip, deflate']
      CommandName: [eventgrid domain topic list]
      Connection: [keep-alive]
      ParameterSetName: [--resource-group --name]
      User-Agent: [python/3.7.2 (Windows-10-10.0.17763-SP0) msrest/0.6.2 msrest_azure/0.4.34
          azure-mgmt-eventgrid/2.1.0rc1 Azure-SDK-For-Python AZURECLI/2.0.55]
      accept-language: [en-US]
    method: GET
    uri: https://management.azure.com/subscriptions/00000000-0000-0000-0000-000000000000/resourceGroups/clitest.rg000001/providers/Microsoft.EventGrid/domains/cli000002/topics?api-version=2019-02-01-preview&$top=100
  response:
    body: {string: '{"value":[{"properties":{"provisioningState":"Succeeded"},"id":"/subscriptions/00000000-0000-0000-0000-000000000000/resourceGroups/clitest.rg000001/providers/Microsoft.EventGrid/domains/cli000002/topics/cli000005","name":"cli000005","type":"Microsoft.EventGrid/domains/topics"},{"properties":{"provisioningState":"Succeeded"},"id":"/subscriptions/00000000-0000-0000-0000-000000000000/resourceGroups/clitest.rg000001/providers/Microsoft.EventGrid/domains/cli000002/topics/cli000006","name":"cli000006","type":"Microsoft.EventGrid/domains/topics"}]}'}
    headers:
      cache-control: [no-cache]
      content-length: ['851']
      content-type: [application/json; charset=utf-8]
      date: ['Tue, 09 Apr 2019 03:01:01 GMT']
      expires: ['-1']
      pragma: [no-cache]
      server: [Microsoft-HTTPAPI/2.0]
      strict-transport-security: [max-age=31536000; includeSubDomains]
      transfer-encoding: [chunked]
      vary: [Accept-Encoding]
      x-content-type-options: [nosniff]
    status: {code: 200, message: OK}
- request:
    body: null
    headers:
      Accept: [application/json]
      Accept-Encoding: ['gzip, deflate']
      CommandName: [eventgrid domain topic list]
      Connection: [keep-alive]
      ParameterSetName: [--resource-group --name --odata-query]
      User-Agent: [python/3.7.2 (Windows-10-10.0.17763-SP0) msrest/0.6.2 msrest_azure/0.4.34
          azure-mgmt-eventgrid/2.1.0rc1 Azure-SDK-For-Python AZURECLI/2.0.55]
      accept-language: [en-US]
    method: GET
    uri: https://management.azure.com/subscriptions/00000000-0000-0000-0000-000000000000/resourceGroups/clitest.rg000001/providers/Microsoft.EventGrid/domains/cli000002/topics?api-version=2019-02-01-preview&$filter=name%20ne%20%27cli000006%27&$top=100
  response:
    body: {string: '{"value":[{"properties":{"provisioningState":"Succeeded"},"id":"/subscriptions/00000000-0000-0000-0000-000000000000/resourceGroups/clitest.rg000001/providers/Microsoft.EventGrid/domains/cli000002/topics/cli000005","name":"cli000005","type":"Microsoft.EventGrid/domains/topics"}]}'}
    headers:
      cache-control: [no-cache]
      content-length: ['431']
      content-type: [application/json; charset=utf-8]
      date: ['Tue, 09 Apr 2019 03:01:03 GMT']
      expires: ['-1']
      pragma: [no-cache]
      server: [Microsoft-HTTPAPI/2.0]
      strict-transport-security: [max-age=31536000; includeSubDomains]
      transfer-encoding: [chunked]
      vary: [Accept-Encoding]
      x-content-type-options: [nosniff]
    status: {code: 200, message: OK}
- request:
    body: null
    headers:
      Accept: [application/json]
      Accept-Encoding: ['gzip, deflate']
      CommandName: [eventgrid domain topic show]
      Connection: [keep-alive]
      ParameterSetName: [--resource-group --domain-name --name]
      User-Agent: [python/3.7.2 (Windows-10-10.0.17763-SP0) msrest/0.6.2 msrest_azure/0.4.34
          azure-mgmt-eventgrid/2.1.0rc1 Azure-SDK-For-Python AZURECLI/2.0.55]
      accept-language: [en-US]
    method: GET
    uri: https://management.azure.com/subscriptions/00000000-0000-0000-0000-000000000000/resourceGroups/clitest.rg000001/providers/Microsoft.EventGrid/domains/cli000002/topics/cli000005?api-version=2019-02-01-preview
  response:
    body: {string: '{"properties":{"provisioningState":"Succeeded"},"id":"/subscriptions/00000000-0000-0000-0000-000000000000/resourceGroups/clitest.rg000001/providers/Microsoft.EventGrid/domains/cli000002/topics/cli000005","name":"cli000005","type":"Microsoft.EventGrid/domains/topics"}'}
    headers:
      cache-control: [no-cache]
      content-length: ['419']
      content-type: [application/json; charset=utf-8]
      date: ['Tue, 09 Apr 2019 03:01:03 GMT']
      expires: ['-1']
      pragma: [no-cache]
      server: [Microsoft-HTTPAPI/2.0]
      strict-transport-security: [max-age=31536000; includeSubDomains]
      transfer-encoding: [chunked]
      vary: [Accept-Encoding]
      x-content-type-options: [nosniff]
    status: {code: 200, message: OK}
- request:
    body: null
    headers:
      Accept: [application/json]
      Accept-Encoding: ['gzip, deflate']
      CommandName: [eventgrid event-subscription show]
      Connection: [keep-alive]
      ParameterSetName: [--resource-id --name --include-full-endpoint-url]
      User-Agent: [python/3.7.2 (Windows-10-10.0.17763-SP0) msrest/0.6.2 msrest_azure/0.4.34
          azure-mgmt-eventgrid/2.1.0rc1 Azure-SDK-For-Python AZURECLI/2.0.55]
      accept-language: [en-US]
    method: GET
    uri: https://management.azure.com/subscriptions/00000000-0000-0000-0000-000000000000/resourceGroups/clitest.rg000001/providers/Microsoft.EventGrid/domains/cli000002/topics/cli000005/providers/Microsoft.EventGrid/eventSubscriptions/cli000007?api-version=2019-02-01-preview
  response:
    body: {string: '{"properties":{"topic":"/subscriptions/00000000-0000-0000-0000-000000000000/resourceGroups/clitest.rg000001/providers/microsoft.eventgrid/domains/cli000002/topics/cli000005","provisioningState":"Succeeded","destination":{"properties":{"endpointUrl":null,"endpointBaseUrl":"https://devexpfuncappdestination.azurewebsites.net/runtime/webhooks/EventGrid"},"endpointType":"WebHook"},"filter":{"subjectBeginsWith":"","subjectEndsWith":""},"labels":null,"eventDeliverySchema":"EventGridSchema","retryPolicy":{"maxDeliveryAttempts":30,"eventTimeToLiveInMinutes":1440}},"id":"/subscriptions/00000000-0000-0000-0000-000000000000/resourceGroups/clitest.rg000001/providers/Microsoft.EventGrid/domains/cli000002/topics/cli000005/providers/Microsoft.EventGrid/eventSubscriptions/cli000007","name":"cli000007","type":"Microsoft.EventGrid/eventSubscriptions"}'}
    headers:
      cache-control: [no-cache]
      content-length: ['1148']
      content-type: [application/json; charset=utf-8]
      date: ['Tue, 09 Apr 2019 03:01:04 GMT']
      expires: ['-1']
      pragma: [no-cache]
      server: [Microsoft-HTTPAPI/2.0]
      strict-transport-security: [max-age=31536000; includeSubDomains]
      transfer-encoding: [chunked]
      vary: [Accept-Encoding]
      x-content-type-options: [nosniff]
    status: {code: 200, message: OK}
- request:
    body: null
    headers:
      Accept: [application/json]
      Accept-Encoding: ['gzip, deflate']
      CommandName: [eventgrid event-subscription show]
      Connection: [keep-alive]
      Content-Length: ['0']
      ParameterSetName: [--resource-id --name --include-full-endpoint-url]
      User-Agent: [python/3.7.2 (Windows-10-10.0.17763-SP0) msrest/0.6.2 msrest_azure/0.4.34
          azure-mgmt-eventgrid/2.1.0rc1 Azure-SDK-For-Python AZURECLI/2.0.55]
      accept-language: [en-US]
    method: POST
    uri: https://management.azure.com/subscriptions/00000000-0000-0000-0000-000000000000/resourceGroups/clitest.rg000001/providers/Microsoft.EventGrid/domains/cli000002/topics/cli000005/providers/Microsoft.EventGrid/eventSubscriptions/cli000007/getFullUrl?api-version=2019-02-01-preview
  response:
    body: {string: '{"endpointUrl":"https://devexpfuncappdestination.azurewebsites.net/runtime/webhooks/EventGrid?functionName=EventGridTrigger1&code=<HIDDEN>"}'}
    headers:
      cache-control: [no-cache]
      content-length: ['188']
      content-type: [application/json; charset=utf-8]
      date: ['Tue, 09 Apr 2019 03:01:05 GMT']
      expires: ['-1']
      pragma: [no-cache]
      server: [Microsoft-HTTPAPI/2.0]
      strict-transport-security: [max-age=31536000; includeSubDomains]
      transfer-encoding: [chunked]
      vary: [Accept-Encoding]
      x-content-type-options: [nosniff]
      x-ms-ratelimit-remaining-subscription-writes: ['1198']
    status: {code: 200, message: OK}
- request:
    body: null
    headers:
      Accept: [application/json]
      Accept-Encoding: ['gzip, deflate']
      CommandName: [eventgrid event-subscription update]
      Connection: [keep-alive]
      ParameterSetName: [--resource-id --name --endpoint]
      User-Agent: [python/3.7.2 (Windows-10-10.0.17763-SP0) msrest/0.6.2 msrest_azure/0.4.34
          azure-mgmt-eventgrid/2.1.0rc1 Azure-SDK-For-Python AZURECLI/2.0.55]
      accept-language: [en-US]
    method: GET
    uri: https://management.azure.com/subscriptions/00000000-0000-0000-0000-000000000000/resourceGroups/clitest.rg000001/providers/Microsoft.EventGrid/domains/cli000002/topics/cli000005/providers/Microsoft.EventGrid/eventSubscriptions/cli000007?api-version=2019-02-01-preview
  response:
    body: {string: '{"properties":{"topic":"/subscriptions/00000000-0000-0000-0000-000000000000/resourceGroups/clitest.rg000001/providers/microsoft.eventgrid/domains/cli000002/topics/cli000005","provisioningState":"Succeeded","destination":{"properties":{"endpointUrl":null,"endpointBaseUrl":"https://devexpfuncappdestination.azurewebsites.net/runtime/webhooks/EventGrid"},"endpointType":"WebHook"},"filter":{"subjectBeginsWith":"","subjectEndsWith":""},"labels":null,"eventDeliverySchema":"EventGridSchema","retryPolicy":{"maxDeliveryAttempts":30,"eventTimeToLiveInMinutes":1440}},"id":"/subscriptions/00000000-0000-0000-0000-000000000000/resourceGroups/clitest.rg000001/providers/Microsoft.EventGrid/domains/cli000002/topics/cli000005/providers/Microsoft.EventGrid/eventSubscriptions/cli000007","name":"cli000007","type":"Microsoft.EventGrid/eventSubscriptions"}'}
    headers:
      cache-control: [no-cache]
      content-length: ['1148']
      content-type: [application/json; charset=utf-8]
      date: ['Tue, 09 Apr 2019 03:01:05 GMT']
      expires: ['-1']
      pragma: [no-cache]
      server: [Microsoft-HTTPAPI/2.0]
      strict-transport-security: [max-age=31536000; includeSubDomains]
      transfer-encoding: [chunked]
      vary: [Accept-Encoding]
      x-content-type-options: [nosniff]
    status: {code: 200, message: OK}
- request:
    body: '{"destination": {"endpointType": "WebHook", "properties": {"endpointUrl":
      "https://devexpfuncappdestination.azurewebsites.net/runtime/webhooks/EventGrid?functionName=EventGridTrigger1&code=<HIDDEN>"}},
      "filter": {"subjectBeginsWith": "", "subjectEndsWith": ""}, "eventDeliverySchema":
      "EventGridSchema", "retryPolicy": {"maxDeliveryAttempts": 30, "eventTimeToLiveInMinutes":
      1440}}'
    headers:
      Accept: [application/json]
      Accept-Encoding: ['gzip, deflate']
      CommandName: [eventgrid event-subscription update]
      Connection: [keep-alive]
      Content-Length: ['429']
      Content-Type: [application/json; charset=utf-8]
      ParameterSetName: [--resource-id --name --endpoint]
      User-Agent: [python/3.7.2 (Windows-10-10.0.17763-SP0) msrest/0.6.2 msrest_azure/0.4.34
          azure-mgmt-eventgrid/2.1.0rc1 Azure-SDK-For-Python AZURECLI/2.0.55]
      accept-language: [en-US]
    method: PATCH
    uri: https://management.azure.com/subscriptions/00000000-0000-0000-0000-000000000000/resourceGroups/clitest.rg000001/providers/Microsoft.EventGrid/domains/cli000002/topics/cli000005/providers/Microsoft.EventGrid/eventSubscriptions/cli000007?api-version=2019-02-01-preview
  response:
    body: {string: '{"properties":{"topic":"/subscriptions/00000000-0000-0000-0000-000000000000/resourceGroups/clitest.rg000001/providers/microsoft.eventgrid/domains/cli000002/topics/cli000005","provisioningState":"Updating","destination":{"properties":{"endpointUrl":null,"endpointBaseUrl":"https://devexpfuncappdestination.azurewebsites.net/runtime/webhooks/EventGrid"},"endpointType":"WebHook"},"filter":{"subjectBeginsWith":"","subjectEndsWith":""},"labels":null,"eventDeliverySchema":"EventGridSchema","retryPolicy":{"maxDeliveryAttempts":30,"eventTimeToLiveInMinutes":1440}},"id":"/subscriptions/00000000-0000-0000-0000-000000000000/resourceGroups/clitest.rg000001/providers/Microsoft.EventGrid/domains/cli000002/topics/cli000005/providers/Microsoft.EventGrid/eventSubscriptions/cli000007","name":"cli000007","type":"Microsoft.EventGrid/eventSubscriptions"}'}
    headers:
      azure-asyncoperation: ['https://management.azure.com:443/subscriptions/00000000-0000-0000-0000-000000000000/providers/Microsoft.EventGrid/locations/westcentralus/operationsStatus/6CD9313C-59D0-4ADC-B708-7F54760C40AF?api-version=2019-02-01-preview']
      cache-control: [no-cache]
      content-length: ['1147']
      content-type: [application/json; charset=utf-8]
      date: ['Tue, 09 Apr 2019 03:01:06 GMT']
      expires: ['-1']
      pragma: [no-cache]
      server: [Microsoft-HTTPAPI/2.0]
      strict-transport-security: [max-age=31536000; includeSubDomains]
      x-content-type-options: [nosniff]
      x-ms-ratelimit-remaining-subscription-writes: ['1199']
    status: {code: 201, message: Created}
- request:
    body: null
    headers:
      Accept: [application/json]
      Accept-Encoding: ['gzip, deflate']
      CommandName: [eventgrid event-subscription update]
      Connection: [keep-alive]
      ParameterSetName: [--resource-id --name --endpoint]
      User-Agent: [python/3.7.2 (Windows-10-10.0.17763-SP0) msrest/0.6.2 msrest_azure/0.4.34
          azure-mgmt-eventgrid/2.1.0rc1 Azure-SDK-For-Python AZURECLI/2.0.55]
    method: GET
    uri: https://management.azure.com/subscriptions/00000000-0000-0000-0000-000000000000/providers/Microsoft.EventGrid/locations/westcentralus/operationsStatus/6CD9313C-59D0-4ADC-B708-7F54760C40AF?api-version=2019-02-01-preview
  response:
    body: {string: '{"id":"https://management.azure.com/subscriptions/00000000-0000-0000-0000-000000000000/providers/Microsoft.EventGrid/locations/westcentralus/operationsStatus/6CD9313C-59D0-4ADC-B708-7F54760C40AF?api-version=2019-02-01-preview","name":"6cd9313c-59d0-4adc-b708-7f54760c40af","status":"Succeeded"}'}
    headers:
      cache-control: [no-cache]
      content-length: ['294']
      content-type: [application/json; charset=utf-8]
      date: ['Tue, 09 Apr 2019 03:01:16 GMT']
      expires: ['-1']
      pragma: [no-cache]
      server: [Microsoft-HTTPAPI/2.0]
      strict-transport-security: [max-age=31536000; includeSubDomains]
      transfer-encoding: [chunked]
      vary: [Accept-Encoding]
      x-content-type-options: [nosniff]
    status: {code: 200, message: OK}
- request:
    body: null
    headers:
      Accept: [application/json]
      Accept-Encoding: ['gzip, deflate']
      CommandName: [eventgrid event-subscription update]
      Connection: [keep-alive]
      ParameterSetName: [--resource-id --name --endpoint]
      User-Agent: [python/3.7.2 (Windows-10-10.0.17763-SP0) msrest/0.6.2 msrest_azure/0.4.34
          azure-mgmt-eventgrid/2.1.0rc1 Azure-SDK-For-Python AZURECLI/2.0.55]
    method: GET
    uri: https://management.azure.com/subscriptions/00000000-0000-0000-0000-000000000000/resourceGroups/clitest.rg000001/providers/Microsoft.EventGrid/domains/cli000002/topics/cli000005/providers/Microsoft.EventGrid/eventSubscriptions/cli000007?api-version=2019-02-01-preview
  response:
    body: {string: '{"properties":{"topic":"/subscriptions/00000000-0000-0000-0000-000000000000/resourceGroups/clitest.rg000001/providers/microsoft.eventgrid/domains/cli000002/topics/cli000005","provisioningState":"Succeeded","destination":{"properties":{"endpointUrl":null,"endpointBaseUrl":"https://devexpfuncappdestination.azurewebsites.net/runtime/webhooks/EventGrid"},"endpointType":"WebHook"},"filter":{"subjectBeginsWith":"","subjectEndsWith":""},"labels":null,"eventDeliverySchema":"EventGridSchema","retryPolicy":{"maxDeliveryAttempts":30,"eventTimeToLiveInMinutes":1440}},"id":"/subscriptions/00000000-0000-0000-0000-000000000000/resourceGroups/clitest.rg000001/providers/Microsoft.EventGrid/domains/cli000002/topics/cli000005/providers/Microsoft.EventGrid/eventSubscriptions/cli000007","name":"cli000007","type":"Microsoft.EventGrid/eventSubscriptions"}'}
    headers:
      cache-control: [no-cache]
      content-length: ['1148']
      content-type: [application/json; charset=utf-8]
      date: ['Tue, 09 Apr 2019 03:01:17 GMT']
      expires: ['-1']
      pragma: [no-cache]
      server: [Microsoft-HTTPAPI/2.0]
      strict-transport-security: [max-age=31536000; includeSubDomains]
      transfer-encoding: [chunked]
      vary: [Accept-Encoding]
      x-content-type-options: [nosniff]
    status: {code: 200, message: OK}
- request:
    body: null
    headers:
      Accept: [application/json]
      Accept-Encoding: ['gzip, deflate']
      CommandName: [eventgrid event-subscription list]
      Connection: [keep-alive]
      ParameterSetName: [--source-resource-id]
      User-Agent: [python/3.7.2 (Windows-10-10.0.17763-SP0) msrest/0.6.2 msrest_azure/0.4.34
          azure-mgmt-eventgrid/2.1.0rc1 Azure-SDK-For-Python AZURECLI/2.0.55]
      accept-language: [en-US]
    method: GET
    uri: https://management.azure.com/subscriptions/00000000-0000-0000-0000-000000000000/resourceGroups/clitest.rg000001/providers/Microsoft.EventGrid/domains/cli000002/topics/cli000005/providers/Microsoft.EventGrid/eventSubscriptions?api-version=2019-02-01-preview&$top=100
  response:
    body: {string: '{"value":[{"properties":{"topic":"/subscriptions/00000000-0000-0000-0000-000000000000/resourceGroups/clitest.rg000001/providers/microsoft.eventgrid/domains/cli000002/topics/cli000005","provisioningState":"Succeeded","destination":{"properties":{"endpointUrl":null,"endpointBaseUrl":"https://devexpfuncappdestination.azurewebsites.net/runtime/webhooks/EventGrid"},"endpointType":"WebHook"},"filter":{"subjectBeginsWith":"","subjectEndsWith":""},"labels":null,"eventDeliverySchema":"EventGridSchema","retryPolicy":{"maxDeliveryAttempts":30,"eventTimeToLiveInMinutes":1440}},"id":"/subscriptions/00000000-0000-0000-0000-000000000000/resourceGroups/clitest.rg000001/providers/Microsoft.EventGrid/domains/cli000002/topics/cli000005/providers/Microsoft.EventGrid/eventSubscriptions/cli000007","name":"cli000007","type":"Microsoft.EventGrid/eventSubscriptions"}]}'}
    headers:
      cache-control: [no-cache]
      content-length: ['1160']
      content-type: [application/json; charset=utf-8]
      date: ['Tue, 09 Apr 2019 03:01:17 GMT']
      expires: ['-1']
      pragma: [no-cache]
      server: [Microsoft-HTTPAPI/2.0]
      strict-transport-security: [max-age=31536000; includeSubDomains]
      transfer-encoding: [chunked]
      vary: [Accept-Encoding]
      x-content-type-options: [nosniff]
    status: {code: 200, message: OK}
- request:
    body: null
    headers:
      Accept: [application/json]
      Accept-Encoding: ['gzip, deflate']
      CommandName: [eventgrid event-subscription list]
      Connection: [keep-alive]
      ParameterSetName: [--source-resource-id --odata-query]
      User-Agent: [python/3.7.2 (Windows-10-10.0.17763-SP0) msrest/0.6.2 msrest_azure/0.4.34
          azure-mgmt-eventgrid/2.1.0rc1 Azure-SDK-For-Python AZURECLI/2.0.55]
      accept-language: [en-US]
    method: GET
    uri: https://management.azure.com/subscriptions/00000000-0000-0000-0000-000000000000/resourceGroups/clitest.rg000001/providers/Microsoft.EventGrid/domains/cli000002/topics/cli000005/providers/Microsoft.EventGrid/eventSubscriptions?api-version=2019-02-01-preview&$filter=CONTAINS%28name%2C%20%27cli000007%27%29&$top=100
  response:
    body: {string: '{"value":[{"properties":{"topic":"/subscriptions/00000000-0000-0000-0000-000000000000/resourceGroups/clitest.rg000001/providers/microsoft.eventgrid/domains/cli000002/topics/cli000005","provisioningState":"Succeeded","destination":{"properties":{"endpointUrl":null,"endpointBaseUrl":"https://devexpfuncappdestination.azurewebsites.net/runtime/webhooks/EventGrid"},"endpointType":"WebHook"},"filter":{"subjectBeginsWith":"","subjectEndsWith":""},"labels":null,"eventDeliverySchema":"EventGridSchema","retryPolicy":{"maxDeliveryAttempts":30,"eventTimeToLiveInMinutes":1440}},"id":"/subscriptions/00000000-0000-0000-0000-000000000000/resourceGroups/clitest.rg000001/providers/Microsoft.EventGrid/domains/cli000002/topics/cli000005/providers/Microsoft.EventGrid/eventSubscriptions/cli000007","name":"cli000007","type":"Microsoft.EventGrid/eventSubscriptions"}]}'}
    headers:
      cache-control: [no-cache]
      content-length: ['1160']
      content-type: [application/json; charset=utf-8]
      date: ['Tue, 09 Apr 2019 03:01:19 GMT']
      expires: ['-1']
      pragma: [no-cache]
      server: [Microsoft-HTTPAPI/2.0]
      strict-transport-security: [max-age=31536000; includeSubDomains]
      transfer-encoding: [chunked]
      vary: [Accept-Encoding]
      x-content-type-options: [nosniff]
    status: {code: 200, message: OK}
- request:
    body: null
    headers:
      Accept: [application/json]
      Accept-Encoding: ['gzip, deflate']
      CommandName: [eventgrid event-subscription delete]
      Connection: [keep-alive]
      Content-Length: ['0']
      ParameterSetName: [--resource-id --name]
      User-Agent: [python/3.7.2 (Windows-10-10.0.17763-SP0) msrest/0.6.2 msrest_azure/0.4.34
          azure-mgmt-eventgrid/2.1.0rc1 Azure-SDK-For-Python AZURECLI/2.0.55]
      accept-language: [en-US]
    method: DELETE
    uri: https://management.azure.com/subscriptions/00000000-0000-0000-0000-000000000000/resourceGroups/clitest.rg000001/providers/Microsoft.EventGrid/domains/cli000002/topics/cli000005/providers/Microsoft.EventGrid/eventSubscriptions/cli000007?api-version=2019-02-01-preview
  response:
    body: {string: ''}
    headers:
      cache-control: [no-cache]
      content-length: ['0']
      date: ['Tue, 09 Apr 2019 03:01:19 GMT']
      expires: ['-1']
      location: ['https://management.azure.com/subscriptions/00000000-0000-0000-0000-000000000000/providers/Microsoft.EventGrid/locations/westcentralus/operationResults/2CAEA778-6F7A-4517-90E1-122EFEE45EBF?api-version=2019-02-01-preview']
      pragma: [no-cache]
      server: [Microsoft-HTTPAPI/2.0]
      strict-transport-security: [max-age=31536000; includeSubDomains]
      x-content-type-options: [nosniff]
      x-ms-ratelimit-remaining-subscription-deletes: ['14999']
    status: {code: 202, message: Accepted}
- request:
    body: null
    headers:
      Accept: [application/json]
      Accept-Encoding: ['gzip, deflate']
      CommandName: [eventgrid event-subscription delete]
      Connection: [keep-alive]
      ParameterSetName: [--resource-id --name]
      User-Agent: [python/3.7.2 (Windows-10-10.0.17763-SP0) msrest/0.6.2 msrest_azure/0.4.34
          azure-mgmt-eventgrid/2.1.0rc1 Azure-SDK-For-Python AZURECLI/2.0.55]
    method: GET
    uri: https://management.azure.com/subscriptions/00000000-0000-0000-0000-000000000000/providers/Microsoft.EventGrid/locations/westcentralus/operationResults/2CAEA778-6F7A-4517-90E1-122EFEE45EBF?api-version=2019-02-01-preview
  response:
    body: {string: ''}
    headers:
      cache-control: [no-cache]
      content-length: ['0']
      date: ['Tue, 09 Apr 2019 03:01:29 GMT']
      expires: ['-1']
      pragma: [no-cache]
      server: [Microsoft-HTTPAPI/2.0]
      strict-transport-security: [max-age=31536000; includeSubDomains]
      x-content-type-options: [nosniff]
    status: {code: 200, message: OK}
- request:
    body: null
    headers:
      Accept: [application/json]
      Accept-Encoding: ['gzip, deflate']
      CommandName: [eventgrid domain topic delete]
      Connection: [keep-alive]
      Content-Length: ['0']
      ParameterSetName: [--domain-name --name --resource-group]
      User-Agent: [python/3.7.2 (Windows-10-10.0.17763-SP0) msrest/0.6.2 msrest_azure/0.4.34
          azure-mgmt-eventgrid/2.1.0rc1 Azure-SDK-For-Python AZURECLI/2.0.55]
      accept-language: [en-US]
    method: DELETE
    uri: https://management.azure.com/subscriptions/00000000-0000-0000-0000-000000000000/resourceGroups/clitest.rg000001/providers/Microsoft.EventGrid/domains/cli000002/topics/cli000005?api-version=2019-02-01-preview
  response:
    body: {string: ''}
    headers:
      cache-control: [no-cache]
      date: ['Tue, 09 Apr 2019 03:01:30 GMT']
      expires: ['-1']
      pragma: [no-cache]
      server: [Microsoft-HTTPAPI/2.0]
      strict-transport-security: [max-age=31536000; includeSubDomains]
      x-content-type-options: [nosniff]
      x-ms-ratelimit-remaining-subscription-deletes: ['14998']
    status: {code: 204, message: No Content}
- request:
    body: null
    headers:
      Accept: [application/json]
      Accept-Encoding: ['gzip, deflate']
      CommandName: [eventgrid domain topic delete]
      Connection: [keep-alive]
      Content-Length: ['0']
      ParameterSetName: [--domain-name --name --resource-group]
      User-Agent: [python/3.7.2 (Windows-10-10.0.17763-SP0) msrest/0.6.2 msrest_azure/0.4.34
          azure-mgmt-eventgrid/2.1.0rc1 Azure-SDK-For-Python AZURECLI/2.0.55]
      accept-language: [en-US]
    method: DELETE
    uri: https://management.azure.com/subscriptions/00000000-0000-0000-0000-000000000000/resourceGroups/clitest.rg000001/providers/Microsoft.EventGrid/domains/cli000002/topics/cli000006?api-version=2019-02-01-preview
  response:
    body: {string: ''}
    headers:
      cache-control: [no-cache]
      content-length: ['0']
      date: ['Tue, 09 Apr 2019 03:01:31 GMT']
      expires: ['-1']
      location: ['https://management.azure.com/subscriptions/00000000-0000-0000-0000-000000000000/providers/Microsoft.EventGrid/locations/westcentralus/operationResults/8140EEF5-17ED-49E6-966E-75DBFD1D72DF?api-version=2019-02-01-preview']
      pragma: [no-cache]
      server: [Microsoft-HTTPAPI/2.0]
      strict-transport-security: [max-age=31536000; includeSubDomains]
      x-content-type-options: [nosniff]
      x-ms-ratelimit-remaining-subscription-deletes: ['14998']
    status: {code: 202, message: Accepted}
- request:
    body: null
    headers:
      Accept: [application/json]
      Accept-Encoding: ['gzip, deflate']
      CommandName: [eventgrid domain topic delete]
      Connection: [keep-alive]
      ParameterSetName: [--domain-name --name --resource-group]
      User-Agent: [python/3.7.2 (Windows-10-10.0.17763-SP0) msrest/0.6.2 msrest_azure/0.4.34
          azure-mgmt-eventgrid/2.1.0rc1 Azure-SDK-For-Python AZURECLI/2.0.55]
    method: GET
    uri: https://management.azure.com/subscriptions/00000000-0000-0000-0000-000000000000/providers/Microsoft.EventGrid/locations/westcentralus/operationResults/8140EEF5-17ED-49E6-966E-75DBFD1D72DF?api-version=2019-02-01-preview
  response:
    body: {string: ''}
    headers:
      cache-control: [no-cache]
      content-length: ['0']
      date: ['Tue, 09 Apr 2019 03:01:41 GMT']
      expires: ['-1']
      pragma: [no-cache]
      server: [Microsoft-HTTPAPI/2.0]
      strict-transport-security: [max-age=31536000; includeSubDomains]
      x-content-type-options: [nosniff]
    status: {code: 200, message: OK}
- request:
    body: null
    headers:
      Accept: [application/json]
      Accept-Encoding: ['gzip, deflate']
      CommandName: [eventgrid domain delete]
      Connection: [keep-alive]
      Content-Length: ['0']
      ParameterSetName: [--name --resource-group]
      User-Agent: [python/3.7.2 (Windows-10-10.0.17763-SP0) msrest/0.6.2 msrest_azure/0.4.34
          azure-mgmt-eventgrid/2.1.0rc1 Azure-SDK-For-Python AZURECLI/2.0.55]
      accept-language: [en-US]
    method: DELETE
    uri: https://management.azure.com/subscriptions/00000000-0000-0000-0000-000000000000/resourceGroups/clitest.rg000001/providers/Microsoft.EventGrid/domains/cli000002?api-version=2019-02-01-preview
  response:
    body: {string: ''}
    headers:
      cache-control: [no-cache]
      content-length: ['0']
      date: ['Tue, 09 Apr 2019 03:01:43 GMT']
      expires: ['-1']
      location: ['https://management.azure.com/subscriptions/00000000-0000-0000-0000-000000000000/providers/Microsoft.EventGrid/locations/westcentralus/operationResults/33E27ACD-64EE-444E-BE6E-B640BDEB94F4?api-version=2019-02-01-preview']
      pragma: [no-cache]
      server: [Microsoft-HTTPAPI/2.0]
      strict-transport-security: [max-age=31536000; includeSubDomains]
      x-content-type-options: [nosniff]
      x-ms-ratelimit-remaining-subscription-deletes: ['14997']
    status: {code: 202, message: Accepted}
- request:
    body: null
    headers:
      Accept: [application/json]
      Accept-Encoding: ['gzip, deflate']
      CommandName: [eventgrid domain delete]
      Connection: [keep-alive]
      ParameterSetName: [--name --resource-group]
      User-Agent: [python/3.7.2 (Windows-10-10.0.17763-SP0) msrest/0.6.2 msrest_azure/0.4.34
          azure-mgmt-eventgrid/2.1.0rc1 Azure-SDK-For-Python AZURECLI/2.0.55]
    method: GET
    uri: https://management.azure.com/subscriptions/00000000-0000-0000-0000-000000000000/providers/Microsoft.EventGrid/locations/westcentralus/operationResults/33E27ACD-64EE-444E-BE6E-B640BDEB94F4?api-version=2019-02-01-preview
  response:
    body: {string: ''}
    headers:
      cache-control: [no-cache]
      content-length: ['0']
      date: ['Tue, 09 Apr 2019 03:01:53 GMT']
      expires: ['-1']
      pragma: [no-cache]
      server: [Microsoft-HTTPAPI/2.0]
      strict-transport-security: [max-age=31536000; includeSubDomains]
      x-content-type-options: [nosniff]
    status: {code: 200, message: OK}
- request:
    body: null
    headers:
      Accept: [application/json]
      Accept-Encoding: ['gzip, deflate']
      CommandName: [eventgrid domain delete]
      Connection: [keep-alive]
      Content-Length: ['0']
      ParameterSetName: [--name --resource-group]
      User-Agent: [python/3.7.2 (Windows-10-10.0.17763-SP0) msrest/0.6.2 msrest_azure/0.4.34
          azure-mgmt-eventgrid/2.1.0rc1 Azure-SDK-For-Python AZURECLI/2.0.55]
      accept-language: [en-US]
    method: DELETE
    uri: https://management.azure.com/subscriptions/00000000-0000-0000-0000-000000000000/resourceGroups/clitest.rg000001/providers/Microsoft.EventGrid/domains/cli000003?api-version=2019-02-01-preview
  response:
    body: {string: ''}
    headers:
      cache-control: [no-cache]
      content-length: ['0']
      date: ['Tue, 09 Apr 2019 03:01:55 GMT']
      expires: ['-1']
      location: ['https://management.azure.com/subscriptions/00000000-0000-0000-0000-000000000000/providers/Microsoft.EventGrid/locations/westcentralus/operationResults/6549E3C4-9C6F-4673-AE9D-7C1C6C073E24?api-version=2019-02-01-preview']
      pragma: [no-cache]
      server: [Microsoft-HTTPAPI/2.0]
      strict-transport-security: [max-age=31536000; includeSubDomains]
      x-content-type-options: [nosniff]
      x-ms-ratelimit-remaining-subscription-deletes: ['14998']
    status: {code: 202, message: Accepted}
- request:
    body: null
    headers:
      Accept: [application/json]
      Accept-Encoding: ['gzip, deflate']
      CommandName: [eventgrid domain delete]
      Connection: [keep-alive]
      ParameterSetName: [--name --resource-group]
      User-Agent: [python/3.7.2 (Windows-10-10.0.17763-SP0) msrest/0.6.2 msrest_azure/0.4.34
          azure-mgmt-eventgrid/2.1.0rc1 Azure-SDK-For-Python AZURECLI/2.0.55]
    method: GET
    uri: https://management.azure.com/subscriptions/00000000-0000-0000-0000-000000000000/providers/Microsoft.EventGrid/locations/westcentralus/operationResults/6549E3C4-9C6F-4673-AE9D-7C1C6C073E24?api-version=2019-02-01-preview
  response:
    body: {string: ''}
    headers:
      cache-control: [no-cache]
      content-length: ['0']
      date: ['Tue, 09 Apr 2019 03:02:05 GMT']
      expires: ['-1']
      pragma: [no-cache]
      server: [Microsoft-HTTPAPI/2.0]
      strict-transport-security: [max-age=31536000; includeSubDomains]
      x-content-type-options: [nosniff]
    status: {code: 200, message: OK}
- request:
    body: null
    headers:
      Accept: [application/json]
      Accept-Encoding: ['gzip, deflate']
      CommandName: [eventgrid domain delete]
      Connection: [keep-alive]
      Content-Length: ['0']
      ParameterSetName: [--name --resource-group]
      User-Agent: [python/3.7.2 (Windows-10-10.0.17763-SP0) msrest/0.6.2 msrest_azure/0.4.34
          azure-mgmt-eventgrid/2.1.0rc1 Azure-SDK-For-Python AZURECLI/2.0.55]
      accept-language: [en-US]
    method: DELETE
    uri: https://management.azure.com/subscriptions/00000000-0000-0000-0000-000000000000/resourceGroups/clitest.rg000001/providers/Microsoft.EventGrid/domains/cli000004?api-version=2019-02-01-preview
  response:
    body: {string: ''}
    headers:
      cache-control: [no-cache]
      content-length: ['0']
      date: ['Tue, 09 Apr 2019 03:02:07 GMT']
      expires: ['-1']
      location: ['https://management.azure.com/subscriptions/00000000-0000-0000-0000-000000000000/providers/Microsoft.EventGrid/locations/westcentralus/operationResults/87E16F6F-6480-4144-B639-937F1620DF46?api-version=2019-02-01-preview']
      pragma: [no-cache]
      server: [Microsoft-HTTPAPI/2.0]
      strict-transport-security: [max-age=31536000; includeSubDomains]
      x-content-type-options: [nosniff]
      x-ms-ratelimit-remaining-subscription-deletes: ['14999']
    status: {code: 202, message: Accepted}
- request:
    body: null
    headers:
      Accept: [application/json]
      Accept-Encoding: ['gzip, deflate']
      CommandName: [eventgrid domain delete]
      Connection: [keep-alive]
      ParameterSetName: [--name --resource-group]
      User-Agent: [python/3.7.2 (Windows-10-10.0.17763-SP0) msrest/0.6.2 msrest_azure/0.4.34
          azure-mgmt-eventgrid/2.1.0rc1 Azure-SDK-For-Python AZURECLI/2.0.55]
    method: GET
    uri: https://management.azure.com/subscriptions/00000000-0000-0000-0000-000000000000/providers/Microsoft.EventGrid/locations/westcentralus/operationResults/87E16F6F-6480-4144-B639-937F1620DF46?api-version=2019-02-01-preview
  response:
    body: {string: ''}
    headers:
      cache-control: [no-cache]
      content-length: ['0']
      date: ['Tue, 09 Apr 2019 03:02:18 GMT']
      expires: ['-1']
      pragma: [no-cache]
      server: [Microsoft-HTTPAPI/2.0]
      strict-transport-security: [max-age=31536000; includeSubDomains]
      x-content-type-options: [nosniff]
    status: {code: 200, message: OK}
- request:
    body: null
    headers:
      Accept: [application/json]
      Accept-Encoding: ['gzip, deflate']
      CommandName: [group delete]
      Connection: [keep-alive]
      Content-Length: ['0']
      Content-Type: [application/json; charset=utf-8]
      ParameterSetName: [--name --yes --no-wait]
      User-Agent: [python/3.7.2 (Windows-10-10.0.17763-SP0) msrest/0.6.2 msrest_azure/0.4.34
          resourcemanagementclient/2.0.0 Azure-SDK-For-Python AZURECLI/2.0.55]
      accept-language: [en-US]
    method: DELETE
    uri: https://management.azure.com/subscriptions/00000000-0000-0000-0000-000000000000/resourcegroups/clitest.rg000001?api-version=2018-05-01
  response:
    body: {string: ''}
    headers:
      cache-control: [no-cache]
      content-length: ['0']
      date: ['Tue, 09 Apr 2019 03:02:19 GMT']
      expires: ['-1']
      location: ['https://management.azure.com/subscriptions/00000000-0000-0000-0000-000000000000/operationresults/eyJqb2JJZCI6IlJFU09VUkNFR1JPVVBERUxFVElPTkpPQi1DTElURVNUOjJFUkdGNjU0REg0VlNHUVlFWEFNVDdWTktHNEUyQzVYR1BXT1pMS3w5RjM4QTIyNUFCODcyREI0LVdFU1RVUyIsImpvYkxvY2F0aW9uIjoid2VzdHVzIn0?api-version=2018-05-01']
      pragma: [no-cache]
      strict-transport-security: [max-age=31536000; includeSubDomains]
      x-content-type-options: [nosniff]
      x-ms-ratelimit-remaining-subscription-deletes: ['14998']
    status: {code: 202, message: Accepted}
version: 1
