interactions:
- request:
    body: '{"location": "global", "properties": {"partnerName": "cli000007", "partnerResourceTypeName":
      "cli000008", "longDescription": "This is long description sample", "partnerCustomerServiceNumber":
      "+1 800 123 4567", "partnerCustomerServiceExtension": "1234", "customerServiceUri":
      "https://www.example.com/cusomerService", "authorizedAzureSubscriptionIds":
      ["966223a4-9787-11ea-9368-a08cfdecd868"]}}'
    headers:
      Accept:
      - application/json
      Accept-Encoding:
      - gzip, deflate
      CommandName:
      - eventgrid partner registration create
      Connection:
      - keep-alive
      Content-Length:
      - '456'
      Content-Type:
      - application/json; charset=utf-8
      ParameterSetName:
      - --name --resource-group --partner-name --resource-type-name --authorized-subscription-ids
        --long-description --customer-service-number --customer-service-extension
        --customer-service-uri
      User-Agent:
      - python/3.7.5 (Windows-10-10.0.18362-SP0) msrest/0.6.11 msrest_azure/0.6.2
        azure-mgmt-eventgrid/3.0.0rc6 Azure-SDK-For-Python AZURECLI/2.5.1
      accept-language:
      - en-US
    method: PUT
    uri: https://management.azure.com/subscriptions/00000000-0000-0000-0000-000000000000/resourceGroups/clitest.rg000001/providers/Microsoft.EventGrid/partnerRegistrations/cli000002?api-version=2020-04-01-preview
  response:
    body:
      string: '{"properties":{"provisioningState":"Succeeded","partnerName":"cli000007","partnerResourceTypeName":"cli000008","partnerResourceTypeDisplayName":null,"partnerResourceTypeDescription":null,"longDescription":"This
        is long description sample","partnerCustomerServiceNumber":"+1 800 123 4567","partnerCustomerServiceExtension":"1234","customerServiceUri":"https://www.example.com/cusomerService","setupUri":null,"logoUri":null,"visibilityState":"Hidden","authorizedAzureSubscriptionIds":["966223a4-9787-11ea-9368-a08cfdecd868"]},"location":"global","tags":null,"id":"/subscriptions/00000000-0000-0000-0000-000000000000/resourceGroups/clitest.rg000001/providers/Microsoft.EventGrid/partnerRegistrations/cli000002","name":"cli000002","type":"Microsoft.EventGrid/partnerRegistrations"}'
    headers:
      cache-control:
      - no-cache
      content-length:
      - '960'
      content-type:
      - application/json; charset=utf-8
      date:
      - Sat, 16 May 2020 15:11:59 GMT
      expires:
      - '-1'
      pragma:
      - no-cache
      server:
      - Microsoft-HTTPAPI/2.0
      strict-transport-security:
      - max-age=31536000; includeSubDomains
      transfer-encoding:
      - chunked
      vary:
      - Accept-Encoding
      x-content-type-options:
      - nosniff
      x-ms-ratelimit-remaining-subscription-writes:
      - '1199'
    status:
      code: 200
      message: OK
- request:
    body: '{"location": "global", "properties": {"partnerName": "cli000007", "partnerResourceTypeName":
      "cli000008", "partnerResourceTypeDisplayName": "cli000010", "partnerResourceTypeDescription":
      "cli000009", "longDescription": "This is long description sample", "partnerCustomerServiceNumber":
      "+1 962 7 1234 5678", "partnerCustomerServiceExtension": "9876", "customerServiceUri":
      "https://www.example.com/cusomerService", "authorizedAzureSubscriptionIds":
      ["966223a5-9787-11ea-a602-a08cfdecd868", "966223a6-9787-11ea-aa04-a08cfdecd868"]}}'
    headers:
      Accept:
      - application/json
      Accept-Encoding:
      - gzip, deflate
      CommandName:
      - eventgrid partner registration create
      Connection:
      - keep-alive
      Content-Length:
      - '655'
      Content-Type:
      - application/json; charset=utf-8
      ParameterSetName:
      - --name --resource-group --partner-name --resource-type-name --description
        --display-name --authorized-subscription-ids --long-description --customer-service-number
        --customer-service-extension --customer-service-uri
      User-Agent:
      - python/3.7.5 (Windows-10-10.0.18362-SP0) msrest/0.6.11 msrest_azure/0.6.2
        azure-mgmt-eventgrid/3.0.0rc6 Azure-SDK-For-Python AZURECLI/2.5.1
      accept-language:
      - en-US
    method: PUT
    uri: https://management.azure.com/subscriptions/00000000-0000-0000-0000-000000000000/resourceGroups/clitest.rg000001/providers/Microsoft.EventGrid/partnerRegistrations/cli000002?api-version=2020-04-01-preview
  response:
    body:
      string: '{"properties":{"provisioningState":"Succeeded","partnerName":"cli000007","partnerResourceTypeName":"cli000008","partnerResourceTypeDisplayName":"cli000010","partnerResourceTypeDescription":"cli000009","longDescription":"This
        is long description sample","partnerCustomerServiceNumber":"+1 962 7 1234
        5678","partnerCustomerServiceExtension":"9876","customerServiceUri":"https://www.example.com/cusomerService","setupUri":null,"logoUri":null,"visibilityState":"Hidden","authorizedAzureSubscriptionIds":["966223a5-9787-11ea-a602-a08cfdecd868","966223a6-9787-11ea-aa04-a08cfdecd868"]},"location":"global","tags":null,"id":"/subscriptions/00000000-0000-0000-0000-000000000000/resourceGroups/clitest.rg000001/providers/Microsoft.EventGrid/partnerRegistrations/cli000002","name":"cli000002","type":"Microsoft.EventGrid/partnerRegistrations"}'
    headers:
      cache-control:
      - no-cache
      content-length:
      - '1078'
      content-type:
      - application/json; charset=utf-8
      date:
      - Sat, 16 May 2020 15:12:00 GMT
      expires:
      - '-1'
      pragma:
      - no-cache
      server:
      - Microsoft-HTTPAPI/2.0
      strict-transport-security:
      - max-age=31536000; includeSubDomains
      transfer-encoding:
      - chunked
      vary:
      - Accept-Encoding
      x-content-type-options:
      - nosniff
      x-ms-ratelimit-remaining-subscription-writes:
      - '1199'
    status:
      code: 200
      message: OK
- request:
    body: null
    headers:
      Accept:
      - application/json
      Accept-Encoding:
      - gzip, deflate
      CommandName:
      - eventgrid partner registration show
      Connection:
      - keep-alive
      ParameterSetName:
      - --name --resource-group
      User-Agent:
      - python/3.7.5 (Windows-10-10.0.18362-SP0) msrest/0.6.11 msrest_azure/0.6.2
        azure-mgmt-eventgrid/3.0.0rc6 Azure-SDK-For-Python AZURECLI/2.5.1
      accept-language:
      - en-US
    method: GET
    uri: https://management.azure.com/subscriptions/00000000-0000-0000-0000-000000000000/resourceGroups/clitest.rg000001/providers/Microsoft.EventGrid/partnerRegistrations/cli000002?api-version=2020-04-01-preview
  response:
    body:
      string: '{"properties":{"provisioningState":"Succeeded","partnerName":"cli000007","partnerResourceTypeName":"cli000008","partnerResourceTypeDisplayName":"cli000010","partnerResourceTypeDescription":"cli000009","longDescription":"This
        is long description sample","partnerCustomerServiceNumber":"+1 962 7 1234
        5678","partnerCustomerServiceExtension":"9876","customerServiceUri":"https://www.example.com/cusomerService","setupUri":null,"logoUri":null,"visibilityState":"Hidden","authorizedAzureSubscriptionIds":["966223a5-9787-11ea-a602-a08cfdecd868","966223a6-9787-11ea-aa04-a08cfdecd868"]},"location":"global","tags":null,"id":"/subscriptions/00000000-0000-0000-0000-000000000000/resourceGroups/clitest.rg000001/providers/Microsoft.EventGrid/partnerRegistrations/cli000002","name":"cli000002","type":"Microsoft.EventGrid/partnerRegistrations"}'
    headers:
      cache-control:
      - no-cache
      content-length:
      - '1078'
      content-type:
      - application/json; charset=utf-8
      date:
      - Sat, 16 May 2020 15:12:01 GMT
      expires:
      - '-1'
      pragma:
      - no-cache
      server:
      - Microsoft-HTTPAPI/2.0
      strict-transport-security:
      - max-age=31536000; includeSubDomains
      transfer-encoding:
      - chunked
      vary:
      - Accept-Encoding
      x-content-type-options:
      - nosniff
    status:
      code: 200
      message: OK
- request:
    body: null
    headers:
      Accept:
      - application/json
      Accept-Encoding:
      - gzip, deflate
      CommandName:
      - eventgrid partner registration list
      Connection:
      - keep-alive
      ParameterSetName:
      - --resource-group
      User-Agent:
      - python/3.7.5 (Windows-10-10.0.18362-SP0) msrest/0.6.11 msrest_azure/0.6.2
        azure-mgmt-eventgrid/3.0.0rc6 Azure-SDK-For-Python AZURECLI/2.5.1
      accept-language:
      - en-US
    method: GET
    uri: https://management.azure.com/subscriptions/00000000-0000-0000-0000-000000000000/resourceGroups/clitest.rg000001/providers/Microsoft.EventGrid/partnerRegistrations?api-version=2020-04-01-preview&$top=100
  response:
    body:
      string: '{"value":[{"properties":{"provisioningState":"Succeeded","partnerName":"cli000007","partnerResourceTypeName":"cli000008","partnerResourceTypeDisplayName":"cli000010","partnerResourceTypeDescription":"cli000009","longDescription":"This
        is long description sample","partnerCustomerServiceNumber":"+1 962 7 1234
        5678","partnerCustomerServiceExtension":"9876","customerServiceUri":"https://www.example.com/cusomerService","setupUri":null,"logoUri":null,"visibilityState":"Hidden","authorizedAzureSubscriptionIds":["966223a5-9787-11ea-a602-a08cfdecd868","966223a6-9787-11ea-aa04-a08cfdecd868"]},"location":"global","tags":null,"id":"/subscriptions/00000000-0000-0000-0000-000000000000/resourceGroups/clitest.rg000001/providers/Microsoft.EventGrid/partnerRegistrations/cli000002","name":"cli000002","type":"Microsoft.EventGrid/partnerRegistrations"}]}'
    headers:
      cache-control:
      - no-cache
      content-length:
      - '1090'
      content-type:
      - application/json; charset=utf-8
      date:
      - Sat, 16 May 2020 15:12:02 GMT
      expires:
      - '-1'
      pragma:
      - no-cache
      server:
      - Microsoft-HTTPAPI/2.0
      strict-transport-security:
      - max-age=31536000; includeSubDomains
      transfer-encoding:
      - chunked
      vary:
      - Accept-Encoding
      x-content-type-options:
      - nosniff
    status:
      code: 200
      message: OK
- request:
    body: null
    headers:
      Accept:
      - application/json
      Accept-Encoding:
      - gzip, deflate
      CommandName:
      - eventgrid partner registration list
      Connection:
      - keep-alive
      ParameterSetName:
      - --resource-group --odata-query
      User-Agent:
      - python/3.7.5 (Windows-10-10.0.18362-SP0) msrest/0.6.11 msrest_azure/0.6.2
        azure-mgmt-eventgrid/3.0.0rc6 Azure-SDK-For-Python AZURECLI/2.5.1
      accept-language:
      - en-US
    method: GET
    uri: https://management.azure.com/subscriptions/00000000-0000-0000-0000-000000000000/resourceGroups/clitest.rg000001/providers/Microsoft.EventGrid/partnerRegistrations?api-version=2020-04-01-preview&$filter=name%20eq%20%27cli000002%27&$top=100
  response:
    body:
      string: '{"value":[{"properties":{"provisioningState":"Succeeded","partnerName":"cli000007","partnerResourceTypeName":"cli000008","partnerResourceTypeDisplayName":"cli000010","partnerResourceTypeDescription":"cli000009","longDescription":"This
        is long description sample","partnerCustomerServiceNumber":"+1 962 7 1234
        5678","partnerCustomerServiceExtension":"9876","customerServiceUri":"https://www.example.com/cusomerService","setupUri":null,"logoUri":null,"visibilityState":"Hidden","authorizedAzureSubscriptionIds":["966223a5-9787-11ea-a602-a08cfdecd868","966223a6-9787-11ea-aa04-a08cfdecd868"]},"location":"global","tags":null,"id":"/subscriptions/00000000-0000-0000-0000-000000000000/resourceGroups/clitest.rg000001/providers/Microsoft.EventGrid/partnerRegistrations/cli000002","name":"cli000002","type":"Microsoft.EventGrid/partnerRegistrations"}]}'
    headers:
      cache-control:
      - no-cache
      content-length:
      - '1090'
      content-type:
      - application/json; charset=utf-8
      date:
      - Sat, 16 May 2020 15:12:03 GMT
      expires:
      - '-1'
      pragma:
      - no-cache
      server:
      - Microsoft-HTTPAPI/2.0
      strict-transport-security:
      - max-age=31536000; includeSubDomains
      transfer-encoding:
      - chunked
      vary:
      - Accept-Encoding
      x-content-type-options:
      - nosniff
    status:
      code: 200
      message: OK
- request:
    body: 'b''{"location": "centraluseuap", "properties": {"partnerRegistrationFullyQualifiedId":
      "/subscriptions/00000000-0000-0000-0000-000000000000/resourceGroups/clitest.rg000001/providers/Microsoft.EventGrid/partnerRegistrations/cli000002"}}'''
    headers:
      Accept:
      - application/json
      Accept-Encoding:
      - gzip, deflate
      CommandName:
      - eventgrid partner namespace create
      Connection:
      - keep-alive
      Content-Length:
      - '322'
      Content-Type:
      - application/json; charset=utf-8
      ParameterSetName:
      - --name --resource-group --location --partner-registration-id
      User-Agent:
      - python/3.7.5 (Windows-10-10.0.18362-SP0) msrest/0.6.11 msrest_azure/0.6.2
        azure-mgmt-eventgrid/3.0.0rc6 Azure-SDK-For-Python AZURECLI/2.5.1
      accept-language:
      - en-US
    method: PUT
    uri: https://management.azure.com/subscriptions/00000000-0000-0000-0000-000000000000/resourceGroups/clitest.rg000001/providers/Microsoft.EventGrid/partnerNamespaces/cli000003?api-version=2020-04-01-preview
  response:
    body:
      string: '{"properties":{"provisioningState":"Creating","partnerRegistrationFullyQualifiedId":"/subscriptions/00000000-0000-0000-0000-000000000000/resourceGroups/clitest.rg000001/providers/Microsoft.EventGrid/partnerRegistrations/cli000002","endpoint":null},"location":"centraluseuap","tags":null,"id":"/subscriptions/00000000-0000-0000-0000-000000000000/resourceGroups/clitest.rg000001/providers/Microsoft.EventGrid/partnerNamespaces/cli000003","name":"cli000003","type":"Microsoft.EventGrid/partnerNamespaces"}'
    headers:
      azure-asyncoperation:
      - https://management.azure.com:443/subscriptions/00000000-0000-0000-0000-000000000000/providers/Microsoft.EventGrid/locations/centraluseuap/operationsStatus/866E6E40-9D4D-47DE-8F3A-43F132CA442D?api-version=2020-04-01-preview
      cache-control:
      - no-cache
      content-length:
      - '713'
      content-type:
      - application/json; charset=utf-8
      date:
      - Sat, 16 May 2020 15:12:05 GMT
      expires:
      - '-1'
      pragma:
      - no-cache
      server:
      - Microsoft-HTTPAPI/2.0
      strict-transport-security:
      - max-age=31536000; includeSubDomains
      x-content-type-options:
      - nosniff
      x-ms-ratelimit-remaining-subscription-writes:
      - '1199'
    status:
      code: 201
      message: Created
- request:
    body: null
    headers:
      Accept:
      - application/json
      Accept-Encoding:
      - gzip, deflate
      CommandName:
      - eventgrid partner namespace create
      Connection:
      - keep-alive
      ParameterSetName:
      - --name --resource-group --location --partner-registration-id
      User-Agent:
      - python/3.7.5 (Windows-10-10.0.18362-SP0) msrest/0.6.11 msrest_azure/0.6.2
        azure-mgmt-eventgrid/3.0.0rc6 Azure-SDK-For-Python AZURECLI/2.5.1
    method: GET
    uri: https://management.azure.com/subscriptions/00000000-0000-0000-0000-000000000000/providers/Microsoft.EventGrid/locations/centraluseuap/operationsStatus/866E6E40-9D4D-47DE-8F3A-43F132CA442D?api-version=2020-04-01-preview
  response:
    body:
      string: '{"id":"https://management.azure.com/subscriptions/00000000-0000-0000-0000-000000000000/providers/Microsoft.EventGrid/locations/centraluseuap/operationsStatus/866E6E40-9D4D-47DE-8F3A-43F132CA442D?api-version=2020-04-01-preview","name":"866e6e40-9d4d-47de-8f3a-43f132ca442d","status":"Succeeded"}'
    headers:
      cache-control:
      - no-cache
      content-length:
      - '294'
      content-type:
      - application/json; charset=utf-8
      date:
      - Sat, 16 May 2020 15:12:15 GMT
      expires:
      - '-1'
      pragma:
      - no-cache
      server:
      - Microsoft-HTTPAPI/2.0
      strict-transport-security:
      - max-age=31536000; includeSubDomains
      transfer-encoding:
      - chunked
      vary:
      - Accept-Encoding
      x-content-type-options:
      - nosniff
    status:
      code: 200
      message: OK
- request:
    body: null
    headers:
      Accept:
      - application/json
      Accept-Encoding:
      - gzip, deflate
      CommandName:
      - eventgrid partner namespace create
      Connection:
      - keep-alive
      ParameterSetName:
      - --name --resource-group --location --partner-registration-id
      User-Agent:
      - python/3.7.5 (Windows-10-10.0.18362-SP0) msrest/0.6.11 msrest_azure/0.6.2
        azure-mgmt-eventgrid/3.0.0rc6 Azure-SDK-For-Python AZURECLI/2.5.1
    method: GET
    uri: https://management.azure.com/subscriptions/00000000-0000-0000-0000-000000000000/resourceGroups/clitest.rg000001/providers/Microsoft.EventGrid/partnerNamespaces/cli000003?api-version=2020-04-01-preview
  response:
    body:
      string: '{"properties":{"provisioningState":"Succeeded","partnerRegistrationFullyQualifiedId":"/subscriptions/00000000-0000-0000-0000-000000000000/resourceGroups/clitest.rg000001/providers/Microsoft.EventGrid/partnerRegistrations/cli000002","endpoint":"https://cli000003.centraluseuap-1.eventgrid.azure.net/api/events"},"location":"centraluseuap","tags":null,"id":"/subscriptions/00000000-0000-0000-0000-000000000000/resourceGroups/clitest.rg000001/providers/Microsoft.EventGrid/partnerNamespaces/cli000003","name":"cli000003","type":"Microsoft.EventGrid/partnerNamespaces"}'
    headers:
      cache-control:
      - no-cache
      content-length:
      - '807'
      content-type:
      - application/json; charset=utf-8
      date:
      - Sat, 16 May 2020 15:12:15 GMT
      expires:
      - '-1'
      pragma:
      - no-cache
      server:
      - Microsoft-HTTPAPI/2.0
      strict-transport-security:
      - max-age=31536000; includeSubDomains
      transfer-encoding:
      - chunked
      vary:
      - Accept-Encoding
      x-content-type-options:
      - nosniff
    status:
      code: 200
      message: OK
- request:
    body: null
    headers:
      Accept:
      - application/json
      Accept-Encoding:
      - gzip, deflate
      CommandName:
      - eventgrid partner namespace show
      Connection:
      - keep-alive
      ParameterSetName:
      - --name --resource-group
      User-Agent:
      - python/3.7.5 (Windows-10-10.0.18362-SP0) msrest/0.6.11 msrest_azure/0.6.2
        azure-mgmt-eventgrid/3.0.0rc6 Azure-SDK-For-Python AZURECLI/2.5.1
      accept-language:
      - en-US
    method: GET
    uri: https://management.azure.com/subscriptions/00000000-0000-0000-0000-000000000000/resourceGroups/clitest.rg000001/providers/Microsoft.EventGrid/partnerNamespaces/cli000003?api-version=2020-04-01-preview
  response:
    body:
      string: '{"properties":{"provisioningState":"Succeeded","partnerRegistrationFullyQualifiedId":"/subscriptions/00000000-0000-0000-0000-000000000000/resourceGroups/clitest.rg000001/providers/Microsoft.EventGrid/partnerRegistrations/cli000002","endpoint":"https://cli000003.centraluseuap-1.eventgrid.azure.net/api/events"},"location":"centraluseuap","tags":null,"id":"/subscriptions/00000000-0000-0000-0000-000000000000/resourceGroups/clitest.rg000001/providers/Microsoft.EventGrid/partnerNamespaces/cli000003","name":"cli000003","type":"Microsoft.EventGrid/partnerNamespaces"}'
    headers:
      cache-control:
      - no-cache
      content-length:
      - '807'
      content-type:
      - application/json; charset=utf-8
      date:
      - Sat, 16 May 2020 15:12:17 GMT
      expires:
      - '-1'
      pragma:
      - no-cache
      server:
      - Microsoft-HTTPAPI/2.0
      strict-transport-security:
      - max-age=31536000; includeSubDomains
      transfer-encoding:
      - chunked
      vary:
      - Accept-Encoding
      x-content-type-options:
      - nosniff
    status:
      code: 200
      message: OK
- request:
    body: 'b''{"location": "centraluseuap", "tags": {"Dept": "IT"}, "properties":
      {"partnerRegistrationFullyQualifiedId": "/subscriptions/00000000-0000-0000-0000-000000000000/resourceGroups/clitest.rg000001/providers/Microsoft.EventGrid/partnerRegistrations/cli000002"}}'''
    headers:
      Accept:
      - application/json
      Accept-Encoding:
      - gzip, deflate
      CommandName:
      - eventgrid partner namespace create
      Connection:
      - keep-alive
      Content-Length:
      - '346'
      Content-Type:
      - application/json; charset=utf-8
      ParameterSetName:
      - --name --resource-group --tags --partner-registration-id --location
      User-Agent:
      - python/3.7.5 (Windows-10-10.0.18362-SP0) msrest/0.6.11 msrest_azure/0.6.2
        azure-mgmt-eventgrid/3.0.0rc6 Azure-SDK-For-Python AZURECLI/2.5.1
      accept-language:
      - en-US
    method: PUT
    uri: https://management.azure.com/subscriptions/00000000-0000-0000-0000-000000000000/resourceGroups/clitest.rg000001/providers/Microsoft.EventGrid/partnerNamespaces/cli000003?api-version=2020-04-01-preview
  response:
    body:
      string: '{"properties":{"provisioningState":"Updating","partnerRegistrationFullyQualifiedId":"/subscriptions/00000000-0000-0000-0000-000000000000/resourceGroups/clitest.rg000001/providers/Microsoft.EventGrid/partnerRegistrations/cli000002","endpoint":null},"location":"centraluseuap","tags":{"Dept":"IT"},"id":"/subscriptions/00000000-0000-0000-0000-000000000000/resourceGroups/clitest.rg000001/providers/Microsoft.EventGrid/partnerNamespaces/cli000003","name":"cli000003","type":"Microsoft.EventGrid/partnerNamespaces"}'
    headers:
      azure-asyncoperation:
      - https://management.azure.com:443/subscriptions/00000000-0000-0000-0000-000000000000/providers/Microsoft.EventGrid/locations/centraluseuap/operationsStatus/CB13BC49-E4CF-4815-A106-A4E7A134394A?api-version=2020-04-01-preview
      cache-control:
      - no-cache
      content-length:
      - '722'
      content-type:
      - application/json; charset=utf-8
      date:
      - Sat, 16 May 2020 15:12:17 GMT
      expires:
      - '-1'
      pragma:
      - no-cache
      server:
      - Microsoft-HTTPAPI/2.0
      strict-transport-security:
      - max-age=31536000; includeSubDomains
      x-content-type-options:
      - nosniff
      x-ms-ratelimit-remaining-subscription-writes:
      - '1197'
    status:
      code: 201
      message: Created
- request:
    body: null
    headers:
      Accept:
      - application/json
      Accept-Encoding:
      - gzip, deflate
      CommandName:
      - eventgrid partner namespace create
      Connection:
      - keep-alive
      ParameterSetName:
      - --name --resource-group --tags --partner-registration-id --location
      User-Agent:
      - python/3.7.5 (Windows-10-10.0.18362-SP0) msrest/0.6.11 msrest_azure/0.6.2
        azure-mgmt-eventgrid/3.0.0rc6 Azure-SDK-For-Python AZURECLI/2.5.1
    method: GET
    uri: https://management.azure.com/subscriptions/00000000-0000-0000-0000-000000000000/providers/Microsoft.EventGrid/locations/centraluseuap/operationsStatus/CB13BC49-E4CF-4815-A106-A4E7A134394A?api-version=2020-04-01-preview
  response:
    body:
      string: '{"id":"https://management.azure.com/subscriptions/00000000-0000-0000-0000-000000000000/providers/Microsoft.EventGrid/locations/centraluseuap/operationsStatus/CB13BC49-E4CF-4815-A106-A4E7A134394A?api-version=2020-04-01-preview","name":"cb13bc49-e4cf-4815-a106-a4e7a134394a","status":"Succeeded"}'
    headers:
      cache-control:
      - no-cache
      content-length:
      - '294'
      content-type:
      - application/json; charset=utf-8
      date:
      - Sat, 16 May 2020 15:12:29 GMT
      expires:
      - '-1'
      pragma:
      - no-cache
      server:
      - Microsoft-HTTPAPI/2.0
      strict-transport-security:
      - max-age=31536000; includeSubDomains
      transfer-encoding:
      - chunked
      vary:
      - Accept-Encoding
      x-content-type-options:
      - nosniff
    status:
      code: 200
      message: OK
- request:
    body: null
    headers:
      Accept:
      - application/json
      Accept-Encoding:
      - gzip, deflate
      CommandName:
      - eventgrid partner namespace create
      Connection:
      - keep-alive
      ParameterSetName:
      - --name --resource-group --tags --partner-registration-id --location
      User-Agent:
      - python/3.7.5 (Windows-10-10.0.18362-SP0) msrest/0.6.11 msrest_azure/0.6.2
        azure-mgmt-eventgrid/3.0.0rc6 Azure-SDK-For-Python AZURECLI/2.5.1
    method: GET
    uri: https://management.azure.com/subscriptions/00000000-0000-0000-0000-000000000000/resourceGroups/clitest.rg000001/providers/Microsoft.EventGrid/partnerNamespaces/cli000003?api-version=2020-04-01-preview
  response:
    body:
      string: '{"properties":{"provisioningState":"Succeeded","partnerRegistrationFullyQualifiedId":"/subscriptions/00000000-0000-0000-0000-000000000000/resourceGroups/clitest.rg000001/providers/Microsoft.EventGrid/partnerRegistrations/cli000002","endpoint":"https://cli000003.centraluseuap-1.eventgrid.azure.net/api/events"},"location":"centraluseuap","tags":{"Dept":"IT"},"id":"/subscriptions/00000000-0000-0000-0000-000000000000/resourceGroups/clitest.rg000001/providers/Microsoft.EventGrid/partnerNamespaces/cli000003","name":"cli000003","type":"Microsoft.EventGrid/partnerNamespaces"}'
    headers:
      cache-control:
      - no-cache
      content-length:
      - '816'
      content-type:
      - application/json; charset=utf-8
      date:
      - Sat, 16 May 2020 15:12:29 GMT
      expires:
      - '-1'
      pragma:
      - no-cache
      server:
      - Microsoft-HTTPAPI/2.0
      strict-transport-security:
      - max-age=31536000; includeSubDomains
      transfer-encoding:
      - chunked
      vary:
      - Accept-Encoding
      x-content-type-options:
      - nosniff
    status:
      code: 200
      message: OK
- request:
    body: null
    headers:
      Accept:
      - application/json
      Accept-Encoding:
      - gzip, deflate
      CommandName:
      - eventgrid partner namespace list
      Connection:
      - keep-alive
      ParameterSetName:
      - --resource-group
      User-Agent:
      - python/3.7.5 (Windows-10-10.0.18362-SP0) msrest/0.6.11 msrest_azure/0.6.2
        azure-mgmt-eventgrid/3.0.0rc6 Azure-SDK-For-Python AZURECLI/2.5.1
      accept-language:
      - en-US
    method: GET
    uri: https://management.azure.com/subscriptions/00000000-0000-0000-0000-000000000000/resourceGroups/clitest.rg000001/providers/Microsoft.EventGrid/partnerNamespaces?api-version=2020-04-01-preview&$top=100
  response:
    body:
      string: '{"value":[{"properties":{"provisioningState":"Succeeded","partnerRegistrationFullyQualifiedId":"/subscriptions/00000000-0000-0000-0000-000000000000/resourceGroups/clitest.rg000001/providers/Microsoft.EventGrid/partnerRegistrations/cli000002","endpoint":"https://cli000003.centraluseuap-1.eventgrid.azure.net/api/events"},"location":"centraluseuap","tags":{"Dept":"IT"},"id":"/subscriptions/00000000-0000-0000-0000-000000000000/resourceGroups/clitest.rg000001/providers/Microsoft.EventGrid/partnerNamespaces/cli000003","name":"cli000003","type":"Microsoft.EventGrid/partnerNamespaces"}]}'
    headers:
      cache-control:
      - no-cache
      content-length:
      - '828'
      content-type:
      - application/json; charset=utf-8
      date:
      - Sat, 16 May 2020 15:12:30 GMT
      expires:
      - '-1'
      pragma:
      - no-cache
      server:
      - Microsoft-HTTPAPI/2.0
      strict-transport-security:
      - max-age=31536000; includeSubDomains
      transfer-encoding:
      - chunked
      vary:
      - Accept-Encoding
      x-content-type-options:
      - nosniff
    status:
      code: 200
      message: OK
- request:
    body: null
    headers:
      Accept:
      - application/json
      Accept-Encoding:
      - gzip, deflate
      CommandName:
      - eventgrid partner namespace list
      Connection:
      - keep-alive
      ParameterSetName:
      - --resource-group --odata-query
      User-Agent:
      - python/3.7.5 (Windows-10-10.0.18362-SP0) msrest/0.6.11 msrest_azure/0.6.2
        azure-mgmt-eventgrid/3.0.0rc6 Azure-SDK-For-Python AZURECLI/2.5.1
      accept-language:
      - en-US
    method: GET
    uri: https://management.azure.com/subscriptions/00000000-0000-0000-0000-000000000000/resourceGroups/clitest.rg000001/providers/Microsoft.EventGrid/partnerNamespaces?api-version=2020-04-01-preview&$filter=name%20eq%20%27cli000003%27&$top=100
  response:
    body:
      string: '{"value":[{"properties":{"provisioningState":"Succeeded","partnerRegistrationFullyQualifiedId":"/subscriptions/00000000-0000-0000-0000-000000000000/resourceGroups/clitest.rg000001/providers/Microsoft.EventGrid/partnerRegistrations/cli000002","endpoint":"https://cli000003.centraluseuap-1.eventgrid.azure.net/api/events"},"location":"centraluseuap","tags":{"Dept":"IT"},"id":"/subscriptions/00000000-0000-0000-0000-000000000000/resourceGroups/clitest.rg000001/providers/Microsoft.EventGrid/partnerNamespaces/cli000003","name":"cli000003","type":"Microsoft.EventGrid/partnerNamespaces"}]}'
    headers:
      cache-control:
      - no-cache
      content-length:
      - '828'
      content-type:
      - application/json; charset=utf-8
      date:
      - Sat, 16 May 2020 15:12:31 GMT
      expires:
      - '-1'
      pragma:
      - no-cache
      server:
      - Microsoft-HTTPAPI/2.0
      strict-transport-security:
      - max-age=31536000; includeSubDomains
      transfer-encoding:
      - chunked
      vary:
      - Accept-Encoding
      x-content-type-options:
      - nosniff
    status:
      code: 200
      message: OK
- request:
    body: null
    headers:
      Accept:
      - application/json
      Accept-Encoding:
      - gzip, deflate
      CommandName:
      - eventgrid partner namespace key list
      Connection:
      - keep-alive
      Content-Length:
      - '0'
      ParameterSetName:
      - --partner-namespace-name --resource-group
      User-Agent:
      - python/3.7.5 (Windows-10-10.0.18362-SP0) msrest/0.6.11 msrest_azure/0.6.2
        azure-mgmt-eventgrid/3.0.0rc6 Azure-SDK-For-Python AZURECLI/2.5.1
      accept-language:
      - en-US
    method: POST
    uri: https://management.azure.com/subscriptions/00000000-0000-0000-0000-000000000000/resourceGroups/clitest.rg000001/providers/Microsoft.EventGrid/partnerNamespaces/cli000003/listKeys?api-version=2020-04-01-preview
  response:
    body:
      string: '{"key1":"Vy0LBjCxgaL7cLCz5xsaIqYM3z6sTEdJNpS+H7/fcQA=","key2":"dQvK9t3XeHEWJhHlhVT3KYWT/atjJIlR3D530ebvkgo="}'
    headers:
      cache-control:
      - no-cache
      content-length:
      - '109'
      content-type:
      - application/json; charset=utf-8
      date:
      - Sat, 16 May 2020 15:12:31 GMT
      expires:
      - '-1'
      pragma:
      - no-cache
      server:
      - Microsoft-HTTPAPI/2.0
      strict-transport-security:
      - max-age=31536000; includeSubDomains
      transfer-encoding:
      - chunked
      vary:
      - Accept-Encoding
      x-content-type-options:
      - nosniff
      x-ms-ratelimit-remaining-subscription-writes:
      - '1199'
    status:
      code: 200
      message: OK
- request:
    body: '{"keyName": "key1"}'
    headers:
      Accept:
      - application/json
      Accept-Encoding:
      - gzip, deflate
      CommandName:
      - eventgrid partner namespace key regenerate
      Connection:
      - keep-alive
      Content-Length:
      - '19'
      Content-Type:
      - application/json; charset=utf-8
      ParameterSetName:
      - --partner-namespace-name --resource-group --key-name
      User-Agent:
      - python/3.7.5 (Windows-10-10.0.18362-SP0) msrest/0.6.11 msrest_azure/0.6.2
        azure-mgmt-eventgrid/3.0.0rc6 Azure-SDK-For-Python AZURECLI/2.5.1
      accept-language:
      - en-US
    method: POST
    uri: https://management.azure.com/subscriptions/00000000-0000-0000-0000-000000000000/resourceGroups/clitest.rg000001/providers/Microsoft.EventGrid/partnerNamespaces/cli000003/regenerateKey?api-version=2020-04-01-preview
  response:
    body:
      string: '{"key1":"RsAdm78cdLYQrwQPVKtbDiS2Ki3Sq15MRysC0J5Nr+w=","key2":"dQvK9t3XeHEWJhHlhVT3KYWT/atjJIlR3D530ebvkgo="}'
    headers:
      cache-control:
      - no-cache
      content-length:
      - '109'
      content-type:
      - application/json; charset=utf-8
      date:
      - Sat, 16 May 2020 15:12:33 GMT
      expires:
      - '-1'
      pragma:
      - no-cache
      server:
      - Microsoft-HTTPAPI/2.0
      strict-transport-security:
      - max-age=31536000; includeSubDomains
      transfer-encoding:
      - chunked
      vary:
      - Accept-Encoding
      x-content-type-options:
      - nosniff
      x-ms-ratelimit-remaining-subscription-writes:
      - '1199'
    status:
      code: 200
      message: OK
- request:
    body: '{"keyName": "key2"}'
    headers:
      Accept:
      - application/json
      Accept-Encoding:
      - gzip, deflate
      CommandName:
      - eventgrid partner namespace key regenerate
      Connection:
      - keep-alive
      Content-Length:
      - '19'
      Content-Type:
      - application/json; charset=utf-8
      ParameterSetName:
      - --partner-namespace-name --resource-group --key-name
      User-Agent:
      - python/3.7.5 (Windows-10-10.0.18362-SP0) msrest/0.6.11 msrest_azure/0.6.2
        azure-mgmt-eventgrid/3.0.0rc6 Azure-SDK-For-Python AZURECLI/2.5.1
      accept-language:
      - en-US
    method: POST
    uri: https://management.azure.com/subscriptions/00000000-0000-0000-0000-000000000000/resourceGroups/clitest.rg000001/providers/Microsoft.EventGrid/partnerNamespaces/cli000003/regenerateKey?api-version=2020-04-01-preview
  response:
    body:
      string: '{"key1":"RsAdm78cdLYQrwQPVKtbDiS2Ki3Sq15MRysC0J5Nr+w=","key2":"3i/IbMY69O4c+LlcEmi+AWC++/PnGOOUOvcdv/QiJ3Q="}'
    headers:
      cache-control:
      - no-cache
      content-length:
      - '109'
      content-type:
      - application/json; charset=utf-8
      date:
      - Sat, 16 May 2020 15:12:33 GMT
      expires:
      - '-1'
      pragma:
      - no-cache
      server:
      - Microsoft-HTTPAPI/2.0
      strict-transport-security:
      - max-age=31536000; includeSubDomains
      transfer-encoding:
      - chunked
      vary:
      - Accept-Encoding
      x-content-type-options:
      - nosniff
      x-ms-ratelimit-remaining-subscription-writes:
      - '1199'
    status:
      code: 200
      message: OK
- request:
    body: 'b''{"properties": {"source": {"source": "cli000011"}, "destination": {"azureSubscriptionId":
      "5b4b650e-28b9-4790-b3ab-ddbd88d727c4", "resourceGroup": "clitest.rg000001",
      "partnerTopicName": "cli000005"}}}'''
    headers:
      Accept:
      - application/json
      Accept-Encoding:
      - gzip, deflate
      CommandName:
      - eventgrid partner namespace event-channel create
      Connection:
      - keep-alive
      Content-Length:
      - '322'
      Content-Type:
      - application/json; charset=utf-8
      ParameterSetName:
      - --resource-group --partner-namespace-name --name --destination-subscription-id
        --destination-resource-group --desination-topic-name --source
      User-Agent:
      - python/3.7.5 (Windows-10-10.0.18362-SP0) msrest/0.6.11 msrest_azure/0.6.2
        azure-mgmt-eventgrid/3.0.0rc6 Azure-SDK-For-Python AZURECLI/2.5.1
      accept-language:
      - en-US
    method: PUT
    uri: https://management.azure.com/subscriptions/00000000-0000-0000-0000-000000000000/resourceGroups/clitest.rg000001/providers/Microsoft.EventGrid/partnerNamespaces/cli000003/eventChannels/cli000004?api-version=2020-04-01-preview
  response:
    body:
      string: '{"properties":{"source":{"source":"cli000011"},"destination":{"azureSubscriptionId":"5b4b650e-28b9-4790-b3ab-ddbd88d727c4","resourceGroup":"clitest.rg000001","partnerTopicName":"cli000005"},"provisioningState":"Succeeded","partnerTopicReadinessState":"NotActivatedByUserYet"},"id":"/subscriptions/00000000-0000-0000-0000-000000000000/resourceGroups/clitest.rg000001/providers/Microsoft.EventGrid/partnerNamespaces/cli000003/eventChannels/cli000004","name":"cli000004","type":"Microsoft.EventGrid/partnerNamespaces/eventChannels"}'
    headers:
      cache-control:
      - no-cache
      content-length:
      - '802'
      content-type:
      - application/json; charset=utf-8
      date:
      - Sat, 16 May 2020 15:12:38 GMT
      expires:
      - '-1'
      pragma:
      - no-cache
      server:
      - Microsoft-HTTPAPI/2.0
      strict-transport-security:
      - max-age=31536000; includeSubDomains
      transfer-encoding:
      - chunked
      vary:
      - Accept-Encoding
      x-content-type-options:
      - nosniff
      x-ms-ratelimit-remaining-subscription-writes:
      - '1199'
    status:
      code: 200
      message: OK
- request:
    body: null
    headers:
      Accept:
      - application/json
      Accept-Encoding:
      - gzip, deflate
      CommandName:
      - eventgrid partner namespace event-channel show
      Connection:
      - keep-alive
      ParameterSetName:
      - --resource-group --partner-namespace-name --name
      User-Agent:
      - python/3.7.5 (Windows-10-10.0.18362-SP0) msrest/0.6.11 msrest_azure/0.6.2
        azure-mgmt-eventgrid/3.0.0rc6 Azure-SDK-For-Python AZURECLI/2.5.1
      accept-language:
      - en-US
    method: GET
    uri: https://management.azure.com/subscriptions/00000000-0000-0000-0000-000000000000/resourceGroups/clitest.rg000001/providers/Microsoft.EventGrid/partnerNamespaces/cli000003/eventChannels/cli000004?api-version=2020-04-01-preview
  response:
    body:
      string: '{"properties":{"source":{"source":"cli000011"},"destination":{"azureSubscriptionId":"5b4b650e-28b9-4790-b3ab-ddbd88d727c4","resourceGroup":"clitest.rg000001","partnerTopicName":"cli000005"},"provisioningState":"Succeeded","partnerTopicReadinessState":"NotActivatedByUserYet","expirationTimeIfNotActivatedUtc":"2020-05-23T15:12:35.404102Z","filter":{}},"id":"/subscriptions/00000000-0000-0000-0000-000000000000/resourceGroups/clitest.rg000001/providers/Microsoft.EventGrid/partnerNamespaces/cli000003/eventChannels/cli000004","name":"cli000004","type":"Microsoft.EventGrid/partnerNamespaces/eventChannels"}'
    headers:
      cache-control:
      - no-cache
      content-length:
      - '878'
      content-type:
      - application/json; charset=utf-8
      date:
      - Sat, 16 May 2020 15:12:38 GMT
      expires:
      - '-1'
      pragma:
      - no-cache
      server:
      - Microsoft-HTTPAPI/2.0
      strict-transport-security:
      - max-age=31536000; includeSubDomains
      transfer-encoding:
      - chunked
      vary:
      - Accept-Encoding
      x-content-type-options:
      - nosniff
    status:
      code: 200
      message: OK
- request:
    body: 'b''{"properties": {"source": {"source": "cli000011"}, "destination": {"azureSubscriptionId":
      "5b4b650e-28b9-4790-b3ab-ddbd88d727c4", "resourceGroup": "clitest.rg000001",
      "partnerTopicName": "cli000005"}, "expirationTimeIfNotActivatedUtc": "2020-05-17T15:11:58.761462Z",
      "filter": {"advancedFilters": [{"key": "data.key1", "operatorType": "NumberIn",
      "values": [2.0, 3.0, 4.0, 100.0, 200.0]}, {"key": "data.key2", "operatorType":
      "StringIn", "values": ["2", "3", "4", "100", "200"]}]}, "partnerTopicFriendlyDescription":
      "This partner topic was created by Partner cli000007 at 2020-05-16T15:11:58.761462."}}'''
    headers:
      Accept:
      - application/json
      Accept-Encoding:
      - gzip, deflate
      CommandName:
      - eventgrid partner namespace event-channel create
      Connection:
      - keep-alive
      Content-Length:
      - '755'
      Content-Type:
      - application/json; charset=utf-8
      ParameterSetName:
      - --resource-group --partner-namespace-name --name --destination-subscription-id
        --destination-resource-group --desination-topic-name --source --activation-expiration-date
        --partner-topic-description --publisher-filter --publisher-filter
      User-Agent:
      - python/3.7.5 (Windows-10-10.0.18362-SP0) msrest/0.6.11 msrest_azure/0.6.2
        azure-mgmt-eventgrid/3.0.0rc6 Azure-SDK-For-Python AZURECLI/2.5.1
      accept-language:
      - en-US
    method: PUT
    uri: https://management.azure.com/subscriptions/00000000-0000-0000-0000-000000000000/resourceGroups/clitest.rg000001/providers/Microsoft.EventGrid/partnerNamespaces/cli000003/eventChannels/cli000004?api-version=2020-04-01-preview
  response:
    body:
      string: '{"properties":{"source":{"source":"cli000011"},"destination":{"azureSubscriptionId":"5b4b650e-28b9-4790-b3ab-ddbd88d727c4","resourceGroup":"clitest.rg000001","partnerTopicName":"cli000005"},"provisioningState":"Succeeded","partnerTopicReadinessState":"NotActivatedByUserYet","expirationTimeIfNotActivatedUtc":"2020-05-17T15:11:58.761462Z","filter":{"advancedFilters":[{"values":[2.0,3.0,4.0,100.0,200.0],"operatorType":"NumberIn","key":"data.key1"},{"values":["2","3","4","100","200"],"operatorType":"StringIn","key":"data.key2"}]},"partnerTopicFriendlyDescription":"This
        partner topic was created by Partner cli000007 at 2020-05-16T15:11:58.761462."},"id":"/subscriptions/00000000-0000-0000-0000-000000000000/resourceGroups/clitest.rg000001/providers/Microsoft.EventGrid/partnerNamespaces/cli000003/eventChannels/cli000004","name":"cli000004","type":"Microsoft.EventGrid/partnerNamespaces/eventChannels"}'
    headers:
      cache-control:
      - no-cache
      content-length:
      - '1209'
      content-type:
      - application/json; charset=utf-8
      date:
      - Sat, 16 May 2020 15:12:40 GMT
      expires:
      - '-1'
      pragma:
      - no-cache
      server:
      - Microsoft-HTTPAPI/2.0
      strict-transport-security:
      - max-age=31536000; includeSubDomains
      transfer-encoding:
      - chunked
      vary:
      - Accept-Encoding
      x-content-type-options:
      - nosniff
      x-ms-ratelimit-remaining-subscription-writes:
      - '1199'
    status:
      code: 200
      message: OK
- request:
    body: null
    headers:
      Accept:
      - application/json
      Accept-Encoding:
      - gzip, deflate
      CommandName:
      - eventgrid partner namespace event-channel show
      Connection:
      - keep-alive
      ParameterSetName:
      - --resource-group --partner-namespace-name --name
      User-Agent:
      - python/3.7.5 (Windows-10-10.0.18362-SP0) msrest/0.6.11 msrest_azure/0.6.2
        azure-mgmt-eventgrid/3.0.0rc6 Azure-SDK-For-Python AZURECLI/2.5.1
      accept-language:
      - en-US
    method: GET
    uri: https://management.azure.com/subscriptions/00000000-0000-0000-0000-000000000000/resourceGroups/clitest.rg000001/providers/Microsoft.EventGrid/partnerNamespaces/cli000003/eventChannels/cli000004?api-version=2020-04-01-preview
  response:
    body:
      string: '{"properties":{"source":{"source":"cli000011"},"destination":{"azureSubscriptionId":"5b4b650e-28b9-4790-b3ab-ddbd88d727c4","resourceGroup":"clitest.rg000001","partnerTopicName":"cli000005"},"provisioningState":"Succeeded","partnerTopicReadinessState":"NotActivatedByUserYet","expirationTimeIfNotActivatedUtc":"2020-05-17T15:11:58.761462Z","filter":{"advancedFilters":[{"values":[2.0,3.0,4.0,100.0,200.0],"operatorType":"NumberIn","key":"data.key1"},{"values":["2","3","4","100","200"],"operatorType":"StringIn","key":"data.key2"}]},"partnerTopicFriendlyDescription":"This
        partner topic was created by Partner cli000007 at 2020-05-16T15:11:58.761462."},"id":"/subscriptions/00000000-0000-0000-0000-000000000000/resourceGroups/clitest.rg000001/providers/Microsoft.EventGrid/partnerNamespaces/cli000003/eventChannels/cli000004","name":"cli000004","type":"Microsoft.EventGrid/partnerNamespaces/eventChannels"}'
    headers:
      cache-control:
      - no-cache
      content-length:
      - '1209'
      content-type:
      - application/json; charset=utf-8
      date:
      - Sat, 16 May 2020 15:12:40 GMT
      expires:
      - '-1'
      pragma:
      - no-cache
      server:
      - Microsoft-HTTPAPI/2.0
      strict-transport-security:
      - max-age=31536000; includeSubDomains
      transfer-encoding:
      - chunked
      vary:
      - Accept-Encoding
      x-content-type-options:
      - nosniff
    status:
      code: 200
      message: OK
- request:
    body: null
    headers:
      Accept:
      - application/json
      Accept-Encoding:
      - gzip, deflate
      CommandName:
      - eventgrid partner namespace event-channel list
      Connection:
      - keep-alive
      ParameterSetName:
      - --resource-group --partner-namespace-name
      User-Agent:
      - python/3.7.5 (Windows-10-10.0.18362-SP0) msrest/0.6.11 msrest_azure/0.6.2
        azure-mgmt-eventgrid/3.0.0rc6 Azure-SDK-For-Python AZURECLI/2.5.1
      accept-language:
      - en-US
    method: GET
    uri: https://management.azure.com/subscriptions/00000000-0000-0000-0000-000000000000/resourceGroups/clitest.rg000001/providers/Microsoft.EventGrid/partnerNamespaces/cli000003/eventChannels?api-version=2020-04-01-preview&$top=100
  response:
    body:
      string: '{"value":[{"properties":{"source":{"source":"cli000011"},"destination":{"azureSubscriptionId":"5b4b650e-28b9-4790-b3ab-ddbd88d727c4","resourceGroup":"clitest.rg000001","partnerTopicName":"cli000005"},"provisioningState":"Succeeded","partnerTopicReadinessState":"NotActivatedByUserYet","expirationTimeIfNotActivatedUtc":"2020-05-17T15:11:58.761462Z","filter":{"advancedFilters":[{"values":[2.0,3.0,4.0,100.0,200.0],"operatorType":"NumberIn","key":"data.key1"},{"values":["2","3","4","100","200"],"operatorType":"StringIn","key":"data.key2"}]},"partnerTopicFriendlyDescription":"This
        partner topic was created by Partner cli000007 at 2020-05-16T15:11:58.761462."},"id":"/subscriptions/00000000-0000-0000-0000-000000000000/resourceGroups/clitest.rg000001/providers/Microsoft.EventGrid/partnerNamespaces/cli000003/eventChannels/cli000004","name":"cli000004","type":"Microsoft.EventGrid/partnerNamespaces/eventChannels"}]}'
    headers:
      cache-control:
      - no-cache
      content-length:
      - '1221'
      content-type:
      - application/json; charset=utf-8
      date:
      - Sat, 16 May 2020 15:12:42 GMT
      expires:
      - '-1'
      pragma:
      - no-cache
      server:
      - Microsoft-HTTPAPI/2.0
      strict-transport-security:
      - max-age=31536000; includeSubDomains
      transfer-encoding:
      - chunked
      vary:
      - Accept-Encoding
      x-content-type-options:
      - nosniff
    status:
      code: 200
      message: OK
- request:
    body: null
    headers:
      Accept:
      - application/json
      Accept-Encoding:
      - gzip, deflate
      CommandName:
      - eventgrid partner topic show
      Connection:
      - keep-alive
      ParameterSetName:
      - --name --resource-group
      User-Agent:
      - python/3.7.5 (Windows-10-10.0.18362-SP0) msrest/0.6.11 msrest_azure/0.6.2
        azure-mgmt-eventgrid/3.0.0rc6 Azure-SDK-For-Python AZURECLI/2.5.1
      accept-language:
      - en-US
    method: GET
    uri: https://management.azure.com/subscriptions/00000000-0000-0000-0000-000000000000/resourceGroups/clitest.rg000001/providers/Microsoft.EventGrid/partnerTopics/cli000005?api-version=2020-04-01-preview
  response:
    body:
      string: '{"properties":{"source":"cli000011","expirationTimeIfNotActivatedUtc":"2020-05-17T15:11:58.761462Z","provisioningState":"Succeeded","activationState":"NeverActivated","partnerTopicFriendlyDescription":"This
        partner topic was created by Partner cli000007 at 2020-05-16T15:11:58.761462."},"location":"centraluseuap","tags":null,"id":"/subscriptions/00000000-0000-0000-0000-000000000000/resourceGroups/clitest.rg000001/providers/Microsoft.EventGrid/partnerTopics/cli000005","name":"cli000005","type":"Microsoft.EventGrid/partnerTopics"}'
    headers:
      cache-control:
      - no-cache
      content-length:
      - '716'
      content-type:
      - application/json; charset=utf-8
      date:
      - Sat, 16 May 2020 15:12:43 GMT
      expires:
      - '-1'
      pragma:
      - no-cache
      server:
      - Microsoft-HTTPAPI/2.0
      strict-transport-security:
      - max-age=31536000; includeSubDomains
      transfer-encoding:
      - chunked
      vary:
      - Accept-Encoding
      x-content-type-options:
      - nosniff
    status:
      code: 200
      message: OK
- request:
    body: null
    headers:
      Accept:
      - application/json
      Accept-Encoding:
      - gzip, deflate
      CommandName:
      - eventgrid partner topic list
      Connection:
      - keep-alive
      ParameterSetName:
      - --resource-group
      User-Agent:
      - python/3.7.5 (Windows-10-10.0.18362-SP0) msrest/0.6.11 msrest_azure/0.6.2
        azure-mgmt-eventgrid/3.0.0rc6 Azure-SDK-For-Python AZURECLI/2.5.1
      accept-language:
      - en-US
    method: GET
    uri: https://management.azure.com/subscriptions/00000000-0000-0000-0000-000000000000/resourceGroups/clitest.rg000001/providers/Microsoft.EventGrid/partnerTopics?api-version=2020-04-01-preview&$top=100
  response:
    body:
      string: '{"value":[{"properties":{"source":"cli000011","expirationTimeIfNotActivatedUtc":"2020-05-17T15:11:58.761462Z","provisioningState":"Succeeded","activationState":"NeverActivated","partnerTopicFriendlyDescription":"This
        partner topic was created by Partner cli000007 at 2020-05-16T15:11:58.761462."},"location":"centraluseuap","tags":null,"id":"/subscriptions/00000000-0000-0000-0000-000000000000/resourceGroups/clitest.rg000001/providers/Microsoft.EventGrid/partnerTopics/cli000005","name":"cli000005","type":"Microsoft.EventGrid/partnerTopics"}]}'
    headers:
      cache-control:
      - no-cache
      content-length:
      - '728'
      content-type:
      - application/json; charset=utf-8
      date:
      - Sat, 16 May 2020 15:12:44 GMT
      expires:
      - '-1'
      pragma:
      - no-cache
      server:
      - Microsoft-HTTPAPI/2.0
      strict-transport-security:
      - max-age=31536000; includeSubDomains
      transfer-encoding:
      - chunked
      vary:
      - Accept-Encoding
      x-content-type-options:
      - nosniff
    status:
      code: 200
      message: OK
- request:
    body: null
    headers:
      Accept:
      - application/json
      Accept-Encoding:
      - gzip, deflate
      CommandName:
      - eventgrid partner topic list
      Connection:
      - keep-alive
      ParameterSetName:
      - --resource-group --odata-query
      User-Agent:
      - python/3.7.5 (Windows-10-10.0.18362-SP0) msrest/0.6.11 msrest_azure/0.6.2
        azure-mgmt-eventgrid/3.0.0rc6 Azure-SDK-For-Python AZURECLI/2.5.1
      accept-language:
      - en-US
    method: GET
    uri: https://management.azure.com/subscriptions/00000000-0000-0000-0000-000000000000/resourceGroups/clitest.rg000001/providers/Microsoft.EventGrid/partnerTopics?api-version=2020-04-01-preview&$filter=name%20eq%20%27cli000005%27&$top=100
  response:
    body:
      string: '{"value":[{"properties":{"source":"cli000011","expirationTimeIfNotActivatedUtc":"2020-05-17T15:11:58.761462Z","provisioningState":"Succeeded","activationState":"NeverActivated","partnerTopicFriendlyDescription":"This
        partner topic was created by Partner cli000007 at 2020-05-16T15:11:58.761462."},"location":"centraluseuap","tags":null,"id":"/subscriptions/00000000-0000-0000-0000-000000000000/resourceGroups/clitest.rg000001/providers/Microsoft.EventGrid/partnerTopics/cli000005","name":"cli000005","type":"Microsoft.EventGrid/partnerTopics"}]}'
    headers:
      cache-control:
      - no-cache
      content-length:
      - '728'
      content-type:
      - application/json; charset=utf-8
      date:
      - Sat, 16 May 2020 15:12:44 GMT
      expires:
      - '-1'
      pragma:
      - no-cache
      server:
      - Microsoft-HTTPAPI/2.0
      strict-transport-security:
      - max-age=31536000; includeSubDomains
      transfer-encoding:
      - chunked
      vary:
      - Accept-Encoding
      x-content-type-options:
      - nosniff
    status:
      code: 200
      message: OK
- request:
    body: null
    headers:
      Accept:
      - application/json
      Accept-Encoding:
      - gzip, deflate
      CommandName:
      - eventgrid partner topic activate
      Connection:
      - keep-alive
      Content-Length:
      - '0'
      ParameterSetName:
      - --name --resource-group
      User-Agent:
      - python/3.7.5 (Windows-10-10.0.18362-SP0) msrest/0.6.11 msrest_azure/0.6.2
        azure-mgmt-eventgrid/3.0.0rc6 Azure-SDK-For-Python AZURECLI/2.5.1
      accept-language:
      - en-US
    method: POST
    uri: https://management.azure.com/subscriptions/00000000-0000-0000-0000-000000000000/resourceGroups/clitest.rg000001/providers/Microsoft.EventGrid/partnerTopics/cli000005/activate?api-version=2020-04-01-preview
  response:
    body:
      string: '{"properties":{"source":"cli000011","expirationTimeIfNotActivatedUtc":"2020-05-17T15:11:58.761462Z","provisioningState":"Succeeded","activationState":"Activated","partnerTopicFriendlyDescription":"This
        partner topic was created by Partner cli000007 at 2020-05-16T15:11:58.761462."},"location":"centraluseuap","tags":null,"id":"/subscriptions/00000000-0000-0000-0000-000000000000/resourceGroups/clitest.rg000001/providers/Microsoft.EventGrid/partnerTopics/cli000005","name":"cli000005","type":"Microsoft.EventGrid/partnerTopics"}'
    headers:
      cache-control:
      - no-cache
      content-length:
      - '711'
      content-type:
      - application/json; charset=utf-8
      date:
      - Sat, 16 May 2020 15:12:45 GMT
      expires:
      - '-1'
      pragma:
      - no-cache
      server:
      - Microsoft-HTTPAPI/2.0
      strict-transport-security:
      - max-age=31536000; includeSubDomains
      transfer-encoding:
      - chunked
      vary:
      - Accept-Encoding
      x-content-type-options:
      - nosniff
      x-ms-ratelimit-remaining-subscription-writes:
      - '1199'
    status:
      code: 200
      message: OK
- request:
    body: null
    headers:
      Accept:
      - application/json
      Accept-Encoding:
      - gzip, deflate
      CommandName:
      - eventgrid partner namespace event-channel show
      Connection:
      - keep-alive
      ParameterSetName:
      - --resource-group --partner-namespace-name --name
      User-Agent:
      - python/3.7.5 (Windows-10-10.0.18362-SP0) msrest/0.6.11 msrest_azure/0.6.2
        azure-mgmt-eventgrid/3.0.0rc6 Azure-SDK-For-Python AZURECLI/2.5.1
      accept-language:
      - en-US
    method: GET
    uri: https://management.azure.com/subscriptions/00000000-0000-0000-0000-000000000000/resourceGroups/clitest.rg000001/providers/Microsoft.EventGrid/partnerNamespaces/cli000003/eventChannels/cli000004?api-version=2020-04-01-preview
  response:
    body:
      string: '{"properties":{"source":{"source":"cli000011"},"destination":{"azureSubscriptionId":"5b4b650e-28b9-4790-b3ab-ddbd88d727c4","resourceGroup":"clitest.rg000001","partnerTopicName":"cli000005"},"provisioningState":"Succeeded","partnerTopicReadinessState":"NotActivatedByUserYet","expirationTimeIfNotActivatedUtc":"2020-05-17T15:11:58.761462Z","filter":{"advancedFilters":[{"values":[2.0,3.0,4.0,100.0,200.0],"operatorType":"NumberIn","key":"data.key1"},{"values":["2","3","4","100","200"],"operatorType":"StringIn","key":"data.key2"}]},"partnerTopicFriendlyDescription":"This
        partner topic was created by Partner cli000007 at 2020-05-16T15:11:58.761462."},"id":"/subscriptions/00000000-0000-0000-0000-000000000000/resourceGroups/clitest.rg000001/providers/Microsoft.EventGrid/partnerNamespaces/cli000003/eventChannels/cli000004","name":"cli000004","type":"Microsoft.EventGrid/partnerNamespaces/eventChannels"}'
    headers:
      cache-control:
      - no-cache
      content-length:
      - '1209'
      content-type:
      - application/json; charset=utf-8
      date:
      - Sat, 16 May 2020 15:12:46 GMT
      expires:
      - '-1'
      pragma:
      - no-cache
      server:
      - Microsoft-HTTPAPI/2.0
      strict-transport-security:
      - max-age=31536000; includeSubDomains
      transfer-encoding:
      - chunked
      vary:
      - Accept-Encoding
      x-content-type-options:
      - nosniff
    status:
      code: 200
      message: OK
- request:
    body: null
    headers:
      Accept:
      - application/json
      Accept-Encoding:
      - gzip, deflate
      CommandName:
      - eventgrid partner topic deactivate
      Connection:
      - keep-alive
      Content-Length:
      - '0'
      ParameterSetName:
      - --name --resource-group
      User-Agent:
      - python/3.7.5 (Windows-10-10.0.18362-SP0) msrest/0.6.11 msrest_azure/0.6.2
        azure-mgmt-eventgrid/3.0.0rc6 Azure-SDK-For-Python AZURECLI/2.5.1
      accept-language:
      - en-US
    method: POST
    uri: https://management.azure.com/subscriptions/00000000-0000-0000-0000-000000000000/resourceGroups/clitest.rg000001/providers/Microsoft.EventGrid/partnerTopics/cli000005/deactivate?api-version=2020-04-01-preview
  response:
    body:
      string: '{"properties":{"source":"cli000011","expirationTimeIfNotActivatedUtc":"2020-05-17T15:11:58.761462Z","provisioningState":"Succeeded","activationState":"Deactivated","partnerTopicFriendlyDescription":"This
        partner topic was created by Partner cli000007 at 2020-05-16T15:11:58.761462."},"location":"centraluseuap","tags":null,"id":"/subscriptions/00000000-0000-0000-0000-000000000000/resourceGroups/clitest.rg000001/providers/Microsoft.EventGrid/partnerTopics/cli000005","name":"cli000005","type":"Microsoft.EventGrid/partnerTopics"}'
    headers:
      cache-control:
      - no-cache
      content-length:
      - '713'
      content-type:
      - application/json; charset=utf-8
      date:
      - Sat, 16 May 2020 15:12:47 GMT
      expires:
      - '-1'
      pragma:
      - no-cache
      server:
      - Microsoft-HTTPAPI/2.0
      strict-transport-security:
      - max-age=31536000; includeSubDomains
      transfer-encoding:
      - chunked
      vary:
      - Accept-Encoding
      x-content-type-options:
      - nosniff
      x-ms-ratelimit-remaining-subscription-writes:
      - '1199'
    status:
      code: 200
      message: OK
- request:
    body: null
    headers:
      Accept:
      - application/json
      Accept-Encoding:
      - gzip, deflate
      CommandName:
      - eventgrid partner namespace event-channel show
      Connection:
      - keep-alive
      ParameterSetName:
      - --resource-group --partner-namespace-name --name
      User-Agent:
      - python/3.7.5 (Windows-10-10.0.18362-SP0) msrest/0.6.11 msrest_azure/0.6.2
        azure-mgmt-eventgrid/3.0.0rc6 Azure-SDK-For-Python AZURECLI/2.5.1
      accept-language:
      - en-US
    method: GET
    uri: https://management.azure.com/subscriptions/00000000-0000-0000-0000-000000000000/resourceGroups/clitest.rg000001/providers/Microsoft.EventGrid/partnerNamespaces/cli000003/eventChannels/cli000004?api-version=2020-04-01-preview
  response:
    body:
      string: '{"properties":{"source":{"source":"cli000011"},"destination":{"azureSubscriptionId":"5b4b650e-28b9-4790-b3ab-ddbd88d727c4","resourceGroup":"clitest.rg000001","partnerTopicName":"cli000005"},"provisioningState":"Succeeded","partnerTopicReadinessState":"NotActivatedByUserYet","expirationTimeIfNotActivatedUtc":"2020-05-17T15:11:58.761462Z","filter":{"advancedFilters":[{"values":[2.0,3.0,4.0,100.0,200.0],"operatorType":"NumberIn","key":"data.key1"},{"values":["2","3","4","100","200"],"operatorType":"StringIn","key":"data.key2"}]},"partnerTopicFriendlyDescription":"This
        partner topic was created by Partner cli000007 at 2020-05-16T15:11:58.761462."},"id":"/subscriptions/00000000-0000-0000-0000-000000000000/resourceGroups/clitest.rg000001/providers/Microsoft.EventGrid/partnerNamespaces/cli000003/eventChannels/cli000004","name":"cli000004","type":"Microsoft.EventGrid/partnerNamespaces/eventChannels"}'
    headers:
      cache-control:
      - no-cache
      content-length:
      - '1209'
      content-type:
      - application/json; charset=utf-8
      date:
      - Sat, 16 May 2020 15:12:48 GMT
      expires:
      - '-1'
      pragma:
      - no-cache
      server:
      - Microsoft-HTTPAPI/2.0
      strict-transport-security:
      - max-age=31536000; includeSubDomains
      transfer-encoding:
      - chunked
      vary:
      - Accept-Encoding
      x-content-type-options:
      - nosniff
    status:
      code: 200
      message: OK
- request:
    body: null
    headers:
      Accept:
      - application/json
      Accept-Encoding:
      - gzip, deflate
      CommandName:
      - eventgrid partner topic activate
      Connection:
      - keep-alive
      Content-Length:
      - '0'
      ParameterSetName:
      - --name --resource-group
      User-Agent:
      - python/3.7.5 (Windows-10-10.0.18362-SP0) msrest/0.6.11 msrest_azure/0.6.2
        azure-mgmt-eventgrid/3.0.0rc6 Azure-SDK-For-Python AZURECLI/2.5.1
      accept-language:
      - en-US
    method: POST
    uri: https://management.azure.com/subscriptions/00000000-0000-0000-0000-000000000000/resourceGroups/clitest.rg000001/providers/Microsoft.EventGrid/partnerTopics/cli000005/activate?api-version=2020-04-01-preview
  response:
    body:
      string: '{"properties":{"source":"cli000011","expirationTimeIfNotActivatedUtc":"2020-05-17T15:11:58.761462Z","provisioningState":"Succeeded","activationState":"Activated","partnerTopicFriendlyDescription":"This
        partner topic was created by Partner cli000007 at 2020-05-16T15:11:58.761462."},"location":"centraluseuap","tags":null,"id":"/subscriptions/00000000-0000-0000-0000-000000000000/resourceGroups/clitest.rg000001/providers/Microsoft.EventGrid/partnerTopics/cli000005","name":"cli000005","type":"Microsoft.EventGrid/partnerTopics"}'
    headers:
      cache-control:
      - no-cache
      content-length:
      - '711'
      content-type:
      - application/json; charset=utf-8
      date:
      - Sat, 16 May 2020 15:12:49 GMT
      expires:
      - '-1'
      pragma:
      - no-cache
      server:
      - Microsoft-HTTPAPI/2.0
      strict-transport-security:
      - max-age=31536000; includeSubDomains
      transfer-encoding:
      - chunked
      vary:
      - Accept-Encoding
      x-content-type-options:
      - nosniff
      x-ms-ratelimit-remaining-subscription-writes:
      - '1199'
    status:
      code: 200
      message: OK
- request:
    body: null
    headers:
      Accept:
      - application/json
      Accept-Encoding:
      - gzip, deflate
      CommandName:
      - eventgrid partner namespace event-channel show
      Connection:
      - keep-alive
      ParameterSetName:
      - --resource-group --partner-namespace-name --name
      User-Agent:
      - python/3.7.5 (Windows-10-10.0.18362-SP0) msrest/0.6.11 msrest_azure/0.6.2
        azure-mgmt-eventgrid/3.0.0rc6 Azure-SDK-For-Python AZURECLI/2.5.1
      accept-language:
      - en-US
    method: GET
    uri: https://management.azure.com/subscriptions/00000000-0000-0000-0000-000000000000/resourceGroups/clitest.rg000001/providers/Microsoft.EventGrid/partnerNamespaces/cli000003/eventChannels/cli000004?api-version=2020-04-01-preview
  response:
    body:
      string: '{"properties":{"source":{"source":"cli000011"},"destination":{"azureSubscriptionId":"5b4b650e-28b9-4790-b3ab-ddbd88d727c4","resourceGroup":"clitest.rg000001","partnerTopicName":"cli000005"},"provisioningState":"Succeeded","partnerTopicReadinessState":"NotActivatedByUserYet","expirationTimeIfNotActivatedUtc":"2020-05-17T15:11:58.761462Z","filter":{"advancedFilters":[{"values":[2.0,3.0,4.0,100.0,200.0],"operatorType":"NumberIn","key":"data.key1"},{"values":["2","3","4","100","200"],"operatorType":"StringIn","key":"data.key2"}]},"partnerTopicFriendlyDescription":"This
        partner topic was created by Partner cli000007 at 2020-05-16T15:11:58.761462."},"id":"/subscriptions/00000000-0000-0000-0000-000000000000/resourceGroups/clitest.rg000001/providers/Microsoft.EventGrid/partnerNamespaces/cli000003/eventChannels/cli000004","name":"cli000004","type":"Microsoft.EventGrid/partnerNamespaces/eventChannels"}'
    headers:
      cache-control:
      - no-cache
      content-length:
      - '1209'
      content-type:
      - application/json; charset=utf-8
      date:
      - Sat, 16 May 2020 15:12:50 GMT
      expires:
      - '-1'
      pragma:
      - no-cache
      server:
      - Microsoft-HTTPAPI/2.0
      strict-transport-security:
      - max-age=31536000; includeSubDomains
      transfer-encoding:
      - chunked
      vary:
      - Accept-Encoding
      x-content-type-options:
      - nosniff
    status:
      code: 200
      message: OK
- request:
    body: '{"properties": {"destination": {"endpointType": "StorageQueue", "properties":
      {"resourceId": "/subscriptions/00000000-0000-0000-0000-000000000000/resourceGroups/DevExpRg/providers/Microsoft.Storage/storageAccounts/devexpstg",
      "queueName": "stogqueuedestination"}}, "filter": {"isSubjectCaseSensitive":
      false}, "retryPolicy": {"maxDeliveryAttempts": 30, "eventTimeToLiveInMinutes":
      1440}}}'
    headers:
      Accept:
      - application/json
      Accept-Encoding:
      - gzip, deflate
      CommandName:
      - eventgrid partner topic event-subscription create
      Connection:
      - keep-alive
      Content-Length:
      - '388'
      Content-Type:
      - application/json; charset=utf-8
      ParameterSetName:
      - --resource-group --partner-topic-name --name --endpoint-type --endpoint
      User-Agent:
      - python/3.7.5 (Windows-10-10.0.18362-SP0) msrest/0.6.11 msrest_azure/0.6.2
        azure-mgmt-eventgrid/3.0.0rc6 Azure-SDK-For-Python AZURECLI/2.5.1
      accept-language:
      - en-US
    method: PUT
    uri: https://management.azure.com/subscriptions/00000000-0000-0000-0000-000000000000/resourceGroups/clitest.rg000001/providers/Microsoft.EventGrid/partnerTopics/cli000005/eventSubscriptions/cli000006?api-version=2020-04-01-preview
  response:
    body:
      string: '{"properties":{"topic":"/subscriptions/00000000-0000-0000-0000-000000000000/resourceGroups/clitest.rg000001/providers/Microsoft.EventGrid/partnerTopics/cli000005","provisioningState":"Creating","destination":{"properties":{"resourceId":"/subscriptions/00000000-0000-0000-0000-000000000000/resourceGroups/DevExpRg/providers/Microsoft.Storage/storageAccounts/devexpstg","queueName":"stogqueuedestination"},"endpointType":"StorageQueue"},"filter":{},"labels":null,"retryPolicy":{"maxDeliveryAttempts":30,"eventTimeToLiveInMinutes":1440}},"id":"/subscriptions/00000000-0000-0000-0000-000000000000/resourceGroups/clitest.rg000001/providers/Microsoft.EventGrid/partnerTopics/cli000005/eventSubscriptions/cli000006","name":"cli000006","type":"Microsoft.EventGrid/systemTopics/eventSubscriptions"}'
    headers:
      azure-asyncoperation:
      - https://management.azure.com:443/subscriptions/00000000-0000-0000-0000-000000000000/providers/Microsoft.EventGrid/locations/centraluseuap/operationsStatus/7970C174-EAFF-4AA1-B8B1-F7602E096D60?api-version=2020-04-01-preview
      cache-control:
      - no-cache
      content-length:
      - '1031'
      content-type:
      - application/json; charset=utf-8
      date:
      - Sat, 16 May 2020 15:12:52 GMT
      expires:
      - '-1'
      pragma:
      - no-cache
      server:
      - Microsoft-HTTPAPI/2.0
      strict-transport-security:
      - max-age=31536000; includeSubDomains
      x-content-type-options:
      - nosniff
      x-ms-ratelimit-remaining-subscription-writes:
      - '1198'
    status:
      code: 201
      message: Created
- request:
    body: null
    headers:
      Accept:
      - application/json
      Accept-Encoding:
      - gzip, deflate
      CommandName:
      - eventgrid partner topic event-subscription create
      Connection:
      - keep-alive
      ParameterSetName:
      - --resource-group --partner-topic-name --name --endpoint-type --endpoint
      User-Agent:
      - python/3.7.5 (Windows-10-10.0.18362-SP0) msrest/0.6.11 msrest_azure/0.6.2
        azure-mgmt-eventgrid/3.0.0rc6 Azure-SDK-For-Python AZURECLI/2.5.1
    method: GET
    uri: https://management.azure.com/subscriptions/00000000-0000-0000-0000-000000000000/providers/Microsoft.EventGrid/locations/centraluseuap/operationsStatus/7970C174-EAFF-4AA1-B8B1-F7602E096D60?api-version=2020-04-01-preview
  response:
    body:
      string: '{"id":"https://management.azure.com/subscriptions/00000000-0000-0000-0000-000000000000/providers/Microsoft.EventGrid/locations/centraluseuap/operationsStatus/7970C174-EAFF-4AA1-B8B1-F7602E096D60?api-version=2020-04-01-preview","name":"7970c174-eaff-4aa1-b8b1-f7602e096d60","status":"Succeeded"}'
    headers:
      cache-control:
      - no-cache
      content-length:
      - '294'
      content-type:
      - application/json; charset=utf-8
      date:
      - Sat, 16 May 2020 15:13:02 GMT
      expires:
      - '-1'
      pragma:
      - no-cache
      server:
      - Microsoft-HTTPAPI/2.0
      strict-transport-security:
      - max-age=31536000; includeSubDomains
      transfer-encoding:
      - chunked
      vary:
      - Accept-Encoding
      x-content-type-options:
      - nosniff
    status:
      code: 200
      message: OK
- request:
    body: null
    headers:
      Accept:
      - application/json
      Accept-Encoding:
      - gzip, deflate
      CommandName:
      - eventgrid partner topic event-subscription create
      Connection:
      - keep-alive
      ParameterSetName:
      - --resource-group --partner-topic-name --name --endpoint-type --endpoint
      User-Agent:
      - python/3.7.5 (Windows-10-10.0.18362-SP0) msrest/0.6.11 msrest_azure/0.6.2
        azure-mgmt-eventgrid/3.0.0rc6 Azure-SDK-For-Python AZURECLI/2.5.1
    method: GET
    uri: https://management.azure.com/subscriptions/00000000-0000-0000-0000-000000000000/resourceGroups/clitest.rg000001/providers/Microsoft.EventGrid/partnerTopics/cli000005/eventSubscriptions/cli000006?api-version=2020-04-01-preview
  response:
    body:
      string: '{"properties":{"topic":"/subscriptions/00000000-0000-0000-0000-000000000000/resourceGroups/clitest.rg000001/providers/microsoft.eventgrid/partnertopics/cli000005","provisioningState":"Succeeded","destination":{"properties":{"resourceId":"/subscriptions/00000000-0000-0000-0000-000000000000/resourceGroups/DevExpRg/providers/Microsoft.Storage/storageAccounts/devexpstg","queueName":"stogqueuedestination"},"endpointType":"StorageQueue"},"filter":{"subjectBeginsWith":"","subjectEndsWith":""},"labels":null,"eventDeliverySchema":"CloudEventSchemaV1_0","retryPolicy":{"maxDeliveryAttempts":30,"eventTimeToLiveInMinutes":1440}},"id":"/subscriptions/00000000-0000-0000-0000-000000000000/resourceGroups/clitest.rg000001/providers/Microsoft.EventGrid/partnerTopics/cli000005/eventSubscriptions/cli000006","name":"cli000006","type":"Microsoft.EventGrid/partnerTopics/eventSubscriptions"}'
    headers:
      cache-control:
      - no-cache
      content-length:
      - '1121'
      content-type:
      - application/json; charset=utf-8
      date:
      - Sat, 16 May 2020 15:13:02 GMT
      expires:
      - '-1'
      pragma:
      - no-cache
      server:
      - Microsoft-HTTPAPI/2.0
      strict-transport-security:
      - max-age=31536000; includeSubDomains
      transfer-encoding:
      - chunked
      vary:
      - Accept-Encoding
      x-content-type-options:
      - nosniff
    status:
      code: 200
      message: OK
- request:
    body: '{"properties": {"destination": {"endpointType": "StorageQueue", "properties":
      {"resourceId": "/subscriptions/00000000-0000-0000-0000-000000000000/resourceGroups/DevExpRg/providers/Microsoft.Storage/storageAccounts/devexpstg",
      "queueName": "stogqueuedestination"}}, "filter": {"isSubjectCaseSensitive":
      false}, "labels": ["label_1", "label_2"], "retryPolicy": {"maxDeliveryAttempts":
      30, "eventTimeToLiveInMinutes": 1440}}}'
    headers:
      Accept:
      - application/json
      Accept-Encoding:
      - gzip, deflate
      CommandName:
      - eventgrid partner topic event-subscription create
      Connection:
      - keep-alive
      Content-Length:
      - '422'
      Content-Type:
      - application/json; charset=utf-8
      ParameterSetName:
      - --resource-group --partner-topic-name --name --endpoint-type --endpoint --labels
      User-Agent:
      - python/3.7.5 (Windows-10-10.0.18362-SP0) msrest/0.6.11 msrest_azure/0.6.2
        azure-mgmt-eventgrid/3.0.0rc6 Azure-SDK-For-Python AZURECLI/2.5.1
      accept-language:
      - en-US
    method: PUT
    uri: https://management.azure.com/subscriptions/00000000-0000-0000-0000-000000000000/resourceGroups/clitest.rg000001/providers/Microsoft.EventGrid/partnerTopics/cli000005/eventSubscriptions/cli000006?api-version=2020-04-01-preview
  response:
    body:
      string: '{"properties":{"topic":"/subscriptions/00000000-0000-0000-0000-000000000000/resourceGroups/clitest.rg000001/providers/Microsoft.EventGrid/partnerTopics/cli000005","provisioningState":"Updating","destination":{"properties":{"resourceId":"/subscriptions/00000000-0000-0000-0000-000000000000/resourceGroups/DevExpRg/providers/Microsoft.Storage/storageAccounts/devexpstg","queueName":"stogqueuedestination"},"endpointType":"StorageQueue"},"filter":{},"labels":["label_1","label_2"],"retryPolicy":{"maxDeliveryAttempts":30,"eventTimeToLiveInMinutes":1440}},"id":"/subscriptions/00000000-0000-0000-0000-000000000000/resourceGroups/clitest.rg000001/providers/Microsoft.EventGrid/partnerTopics/cli000005/eventSubscriptions/cli000006","name":"cli000006","type":"Microsoft.EventGrid/systemTopics/eventSubscriptions"}'
    headers:
      azure-asyncoperation:
      - https://management.azure.com:443/subscriptions/00000000-0000-0000-0000-000000000000/providers/Microsoft.EventGrid/locations/centraluseuap/operationsStatus/00F780C0-C427-4525-8BF0-6EC020227991?api-version=2020-04-01-preview
      cache-control:
      - no-cache
      content-length:
      - '1048'
      content-type:
      - application/json; charset=utf-8
      date:
      - Sat, 16 May 2020 15:13:04 GMT
      expires:
      - '-1'
      pragma:
      - no-cache
      server:
      - Microsoft-HTTPAPI/2.0
      strict-transport-security:
      - max-age=31536000; includeSubDomains
      x-content-type-options:
      - nosniff
      x-ms-ratelimit-remaining-subscription-writes:
      - '1199'
    status:
      code: 201
      message: Created
- request:
    body: null
    headers:
      Accept:
      - application/json
      Accept-Encoding:
      - gzip, deflate
      CommandName:
      - eventgrid partner topic event-subscription create
      Connection:
      - keep-alive
      ParameterSetName:
      - --resource-group --partner-topic-name --name --endpoint-type --endpoint --labels
      User-Agent:
      - python/3.7.5 (Windows-10-10.0.18362-SP0) msrest/0.6.11 msrest_azure/0.6.2
        azure-mgmt-eventgrid/3.0.0rc6 Azure-SDK-For-Python AZURECLI/2.5.1
    method: GET
    uri: https://management.azure.com/subscriptions/00000000-0000-0000-0000-000000000000/providers/Microsoft.EventGrid/locations/centraluseuap/operationsStatus/00F780C0-C427-4525-8BF0-6EC020227991?api-version=2020-04-01-preview
  response:
    body:
      string: '{"id":"https://management.azure.com/subscriptions/00000000-0000-0000-0000-000000000000/providers/Microsoft.EventGrid/locations/centraluseuap/operationsStatus/00F780C0-C427-4525-8BF0-6EC020227991?api-version=2020-04-01-preview","name":"00f780c0-c427-4525-8bf0-6ec020227991","status":"Succeeded"}'
    headers:
      cache-control:
      - no-cache
      content-length:
      - '294'
      content-type:
      - application/json; charset=utf-8
      date:
      - Sat, 16 May 2020 15:13:14 GMT
      expires:
      - '-1'
      pragma:
      - no-cache
      server:
      - Microsoft-HTTPAPI/2.0
      strict-transport-security:
      - max-age=31536000; includeSubDomains
      transfer-encoding:
      - chunked
      vary:
      - Accept-Encoding
      x-content-type-options:
      - nosniff
    status:
      code: 200
      message: OK
- request:
    body: null
    headers:
      Accept:
      - application/json
      Accept-Encoding:
      - gzip, deflate
      CommandName:
      - eventgrid partner topic event-subscription create
      Connection:
      - keep-alive
      ParameterSetName:
      - --resource-group --partner-topic-name --name --endpoint-type --endpoint --labels
      User-Agent:
      - python/3.7.5 (Windows-10-10.0.18362-SP0) msrest/0.6.11 msrest_azure/0.6.2
        azure-mgmt-eventgrid/3.0.0rc6 Azure-SDK-For-Python AZURECLI/2.5.1
    method: GET
    uri: https://management.azure.com/subscriptions/00000000-0000-0000-0000-000000000000/resourceGroups/clitest.rg000001/providers/Microsoft.EventGrid/partnerTopics/cli000005/eventSubscriptions/cli000006?api-version=2020-04-01-preview
  response:
    body:
      string: '{"properties":{"topic":"/subscriptions/00000000-0000-0000-0000-000000000000/resourceGroups/clitest.rg000001/providers/microsoft.eventgrid/partnertopics/cli000005","provisioningState":"Succeeded","destination":{"properties":{"resourceId":"/subscriptions/00000000-0000-0000-0000-000000000000/resourceGroups/DevExpRg/providers/Microsoft.Storage/storageAccounts/devexpstg","queueName":"stogqueuedestination"},"endpointType":"StorageQueue"},"filter":{"subjectBeginsWith":"","subjectEndsWith":""},"labels":["label_1","label_2"],"eventDeliverySchema":"CloudEventSchemaV1_0","retryPolicy":{"maxDeliveryAttempts":30,"eventTimeToLiveInMinutes":1440}},"id":"/subscriptions/00000000-0000-0000-0000-000000000000/resourceGroups/clitest.rg000001/providers/Microsoft.EventGrid/partnerTopics/cli000005/eventSubscriptions/cli000006","name":"cli000006","type":"Microsoft.EventGrid/partnerTopics/eventSubscriptions"}'
    headers:
      cache-control:
      - no-cache
      content-length:
      - '1138'
      content-type:
      - application/json; charset=utf-8
      date:
      - Sat, 16 May 2020 15:13:14 GMT
      expires:
      - '-1'
      pragma:
      - no-cache
      server:
      - Microsoft-HTTPAPI/2.0
      strict-transport-security:
      - max-age=31536000; includeSubDomains
      transfer-encoding:
      - chunked
      vary:
      - Accept-Encoding
      x-content-type-options:
      - nosniff
    status:
      code: 200
      message: OK
- request:
    body: null
    headers:
      Accept:
      - application/json
      Accept-Encoding:
      - gzip, deflate
      CommandName:
      - eventgrid partner topic event-subscription show
      Connection:
      - keep-alive
      ParameterSetName:
      - --resource-group --partner-topic-name --name
      User-Agent:
      - python/3.7.5 (Windows-10-10.0.18362-SP0) msrest/0.6.11 msrest_azure/0.6.2
        azure-mgmt-eventgrid/3.0.0rc6 Azure-SDK-For-Python AZURECLI/2.5.1
      accept-language:
      - en-US
    method: GET
    uri: https://management.azure.com/subscriptions/00000000-0000-0000-0000-000000000000/resourceGroups/clitest.rg000001/providers/Microsoft.EventGrid/partnerTopics/cli000005/eventSubscriptions/cli000006?api-version=2020-04-01-preview
  response:
    body:
      string: '{"properties":{"topic":"/subscriptions/00000000-0000-0000-0000-000000000000/resourceGroups/clitest.rg000001/providers/microsoft.eventgrid/partnertopics/cli000005","provisioningState":"Succeeded","destination":{"properties":{"resourceId":"/subscriptions/00000000-0000-0000-0000-000000000000/resourceGroups/DevExpRg/providers/Microsoft.Storage/storageAccounts/devexpstg","queueName":"stogqueuedestination"},"endpointType":"StorageQueue"},"filter":{"subjectBeginsWith":"","subjectEndsWith":""},"labels":["label_1","label_2"],"eventDeliverySchema":"CloudEventSchemaV1_0","retryPolicy":{"maxDeliveryAttempts":30,"eventTimeToLiveInMinutes":1440}},"id":"/subscriptions/00000000-0000-0000-0000-000000000000/resourceGroups/clitest.rg000001/providers/Microsoft.EventGrid/partnerTopics/cli000005/eventSubscriptions/cli000006","name":"cli000006","type":"Microsoft.EventGrid/partnerTopics/eventSubscriptions"}'
    headers:
      cache-control:
      - no-cache
      content-length:
      - '1138'
      content-type:
      - application/json; charset=utf-8
      date:
      - Sat, 16 May 2020 15:13:16 GMT
      expires:
      - '-1'
      pragma:
      - no-cache
      server:
      - Microsoft-HTTPAPI/2.0
      strict-transport-security:
      - max-age=31536000; includeSubDomains
      transfer-encoding:
      - chunked
      vary:
      - Accept-Encoding
      x-content-type-options:
      - nosniff
    status:
      code: 200
      message: OK
- request:
    body: null
    headers:
      Accept:
      - application/json
      Accept-Encoding:
      - gzip, deflate
      CommandName:
      - eventgrid partner topic event-subscription update
      Connection:
      - keep-alive
      ParameterSetName:
      - -g --partner-topic-name -n --labels
      User-Agent:
      - python/3.7.5 (Windows-10-10.0.18362-SP0) msrest/0.6.11 msrest_azure/0.6.2
        azure-mgmt-eventgrid/3.0.0rc6 Azure-SDK-For-Python AZURECLI/2.5.1
      accept-language:
      - en-US
    method: GET
    uri: https://management.azure.com/subscriptions/00000000-0000-0000-0000-000000000000/resourceGroups/clitest.rg000001/providers/Microsoft.EventGrid/partnerTopics/cli000005/eventSubscriptions/cli000006?api-version=2020-04-01-preview
  response:
    body:
      string: '{"properties":{"topic":"/subscriptions/00000000-0000-0000-0000-000000000000/resourceGroups/clitest.rg000001/providers/microsoft.eventgrid/partnertopics/cli000005","provisioningState":"Succeeded","destination":{"properties":{"resourceId":"/subscriptions/00000000-0000-0000-0000-000000000000/resourceGroups/DevExpRg/providers/Microsoft.Storage/storageAccounts/devexpstg","queueName":"stogqueuedestination"},"endpointType":"StorageQueue"},"filter":{"subjectBeginsWith":"","subjectEndsWith":""},"labels":["label_1","label_2"],"eventDeliverySchema":"CloudEventSchemaV1_0","retryPolicy":{"maxDeliveryAttempts":30,"eventTimeToLiveInMinutes":1440}},"id":"/subscriptions/00000000-0000-0000-0000-000000000000/resourceGroups/clitest.rg000001/providers/Microsoft.EventGrid/partnerTopics/cli000005/eventSubscriptions/cli000006","name":"cli000006","type":"Microsoft.EventGrid/partnerTopics/eventSubscriptions"}'
    headers:
      cache-control:
      - no-cache
      content-length:
      - '1138'
      content-type:
      - application/json; charset=utf-8
      date:
      - Sat, 16 May 2020 15:13:17 GMT
      expires:
      - '-1'
      pragma:
      - no-cache
      server:
      - Microsoft-HTTPAPI/2.0
      strict-transport-security:
      - max-age=31536000; includeSubDomains
      transfer-encoding:
      - chunked
      vary:
      - Accept-Encoding
      x-content-type-options:
      - nosniff
    status:
      code: 200
      message: OK
- request:
    body: '{"destination": {"endpointType": "StorageQueue", "properties": {"resourceId":
      "/subscriptions/00000000-0000-0000-0000-000000000000/resourceGroups/DevExpRg/providers/Microsoft.Storage/storageAccounts/devexpstg",
      "queueName": "stogqueuedestination"}}, "filter": {"subjectBeginsWith": "", "subjectEndsWith":
      ""}, "labels": ["label11", "label22"], "eventDeliverySchema": "CloudEventSchemaV1_0",
      "retryPolicy": {"maxDeliveryAttempts": 30, "eventTimeToLiveInMinutes": 1440}}'
    headers:
      Accept:
      - application/json
      Accept-Encoding:
      - gzip, deflate
      CommandName:
      - eventgrid partner topic event-subscription update
      Connection:
      - keep-alive
      Content-Length:
      - '468'
      Content-Type:
      - application/json; charset=utf-8
      ParameterSetName:
      - -g --partner-topic-name -n --labels
      User-Agent:
      - python/3.7.5 (Windows-10-10.0.18362-SP0) msrest/0.6.11 msrest_azure/0.6.2
        azure-mgmt-eventgrid/3.0.0rc6 Azure-SDK-For-Python AZURECLI/2.5.1
      accept-language:
      - en-US
    method: PATCH
    uri: https://management.azure.com/subscriptions/00000000-0000-0000-0000-000000000000/resourceGroups/clitest.rg000001/providers/Microsoft.EventGrid/partnerTopics/cli000005/eventSubscriptions/cli000006?api-version=2020-04-01-preview
  response:
    body:
      string: '{"properties":{"topic":"/subscriptions/00000000-0000-0000-0000-000000000000/resourceGroups/clitest.rg000001/providers/Microsoft.EventGrid/partnerTopics/cli000005","provisioningState":"Updating","destination":{"properties":{"resourceId":"/subscriptions/00000000-0000-0000-0000-000000000000/resourceGroups/DevExpRg/providers/Microsoft.Storage/storageAccounts/devexpstg","queueName":"stogqueuedestination"},"endpointType":"StorageQueue"},"filter":{"subjectBeginsWith":"","subjectEndsWith":""},"labels":["label11","label22"],"eventDeliverySchema":"CloudEventSchemaV1_0","retryPolicy":{"maxDeliveryAttempts":30,"eventTimeToLiveInMinutes":1440}},"id":"/subscriptions/00000000-0000-0000-0000-000000000000/resourceGroups/clitest.rg000001/providers/Microsoft.EventGrid/partnerTopics/cli000005/eventSubscriptions/cli000006","name":"cli000006","type":"Microsoft.EventGrid/systemTopics/eventSubscriptions"}'
    headers:
      azure-asyncoperation:
      - https://management.azure.com:443/subscriptions/00000000-0000-0000-0000-000000000000/providers/Microsoft.EventGrid/locations/centraluseuap/operationsStatus/0120BC66-B2DB-4220-B176-8B1141C61301?api-version=2020-04-01-preview
      cache-control:
      - no-cache
      content-length:
      - '1136'
      content-type:
      - application/json; charset=utf-8
      date:
      - Sat, 16 May 2020 15:13:17 GMT
      expires:
      - '-1'
      pragma:
      - no-cache
      server:
      - Microsoft-HTTPAPI/2.0
      strict-transport-security:
      - max-age=31536000; includeSubDomains
      x-content-type-options:
      - nosniff
      x-ms-ratelimit-remaining-subscription-writes:
      - '1199'
    status:
      code: 201
      message: Created
- request:
    body: null
    headers:
      Accept:
      - application/json
      Accept-Encoding:
      - gzip, deflate
      CommandName:
      - eventgrid partner topic event-subscription update
      Connection:
      - keep-alive
      ParameterSetName:
      - -g --partner-topic-name -n --labels
      User-Agent:
      - python/3.7.5 (Windows-10-10.0.18362-SP0) msrest/0.6.11 msrest_azure/0.6.2
        azure-mgmt-eventgrid/3.0.0rc6 Azure-SDK-For-Python AZURECLI/2.5.1
    method: GET
    uri: https://management.azure.com/subscriptions/00000000-0000-0000-0000-000000000000/providers/Microsoft.EventGrid/locations/centraluseuap/operationsStatus/0120BC66-B2DB-4220-B176-8B1141C61301?api-version=2020-04-01-preview
  response:
    body:
      string: '{"id":"https://management.azure.com/subscriptions/00000000-0000-0000-0000-000000000000/providers/Microsoft.EventGrid/locations/centraluseuap/operationsStatus/0120BC66-B2DB-4220-B176-8B1141C61301?api-version=2020-04-01-preview","name":"0120bc66-b2db-4220-b176-8b1141c61301","status":"Succeeded"}'
    headers:
      cache-control:
      - no-cache
      content-length:
      - '294'
      content-type:
      - application/json; charset=utf-8
      date:
      - Sat, 16 May 2020 15:13:27 GMT
      expires:
      - '-1'
      pragma:
      - no-cache
      server:
      - Microsoft-HTTPAPI/2.0
      strict-transport-security:
      - max-age=31536000; includeSubDomains
      transfer-encoding:
      - chunked
      vary:
      - Accept-Encoding
      x-content-type-options:
      - nosniff
    status:
      code: 200
      message: OK
- request:
    body: null
    headers:
      Accept:
      - application/json
      Accept-Encoding:
      - gzip, deflate
      CommandName:
      - eventgrid partner topic event-subscription update
      Connection:
      - keep-alive
      ParameterSetName:
      - -g --partner-topic-name -n --labels
      User-Agent:
      - python/3.7.5 (Windows-10-10.0.18362-SP0) msrest/0.6.11 msrest_azure/0.6.2
        azure-mgmt-eventgrid/3.0.0rc6 Azure-SDK-For-Python AZURECLI/2.5.1
    method: GET
    uri: https://management.azure.com/subscriptions/00000000-0000-0000-0000-000000000000/resourceGroups/clitest.rg000001/providers/Microsoft.EventGrid/partnerTopics/cli000005/eventSubscriptions/cli000006?api-version=2020-04-01-preview
  response:
    body:
      string: '{"properties":{"topic":"/subscriptions/00000000-0000-0000-0000-000000000000/resourceGroups/clitest.rg000001/providers/microsoft.eventgrid/partnertopics/cli000005","provisioningState":"Succeeded","destination":{"properties":{"resourceId":"/subscriptions/00000000-0000-0000-0000-000000000000/resourceGroups/DevExpRg/providers/Microsoft.Storage/storageAccounts/devexpstg","queueName":"stogqueuedestination"},"endpointType":"StorageQueue"},"filter":{"subjectBeginsWith":"","subjectEndsWith":""},"labels":["label11","label22"],"eventDeliverySchema":"CloudEventSchemaV1_0","retryPolicy":{"maxDeliveryAttempts":30,"eventTimeToLiveInMinutes":1440}},"id":"/subscriptions/00000000-0000-0000-0000-000000000000/resourceGroups/clitest.rg000001/providers/Microsoft.EventGrid/partnerTopics/cli000005/eventSubscriptions/cli000006","name":"cli000006","type":"Microsoft.EventGrid/partnerTopics/eventSubscriptions"}'
    headers:
      cache-control:
      - no-cache
      content-length:
      - '1138'
      content-type:
      - application/json; charset=utf-8
      date:
      - Sat, 16 May 2020 15:13:27 GMT
      expires:
      - '-1'
      pragma:
      - no-cache
      server:
      - Microsoft-HTTPAPI/2.0
      strict-transport-security:
      - max-age=31536000; includeSubDomains
      transfer-encoding:
      - chunked
      vary:
      - Accept-Encoding
      x-content-type-options:
      - nosniff
    status:
      code: 200
      message: OK
- request:
    body: null
    headers:
      Accept:
      - application/json
      Accept-Encoding:
      - gzip, deflate
      CommandName:
      - eventgrid partner topic event-subscription list
      Connection:
      - keep-alive
      ParameterSetName:
      - --resource-group --partner-topic-name
      User-Agent:
      - python/3.7.5 (Windows-10-10.0.18362-SP0) msrest/0.6.11 msrest_azure/0.6.2
        azure-mgmt-eventgrid/3.0.0rc6 Azure-SDK-For-Python AZURECLI/2.5.1
      accept-language:
      - en-US
    method: GET
    uri: https://management.azure.com/subscriptions/00000000-0000-0000-0000-000000000000/resourceGroups/clitest.rg000001/providers/Microsoft.EventGrid/partnerTopics/cli000005/eventSubscriptions?api-version=2020-04-01-preview&$top=100
  response:
    body:
      string: '{"value":[{"properties":{"topic":"/subscriptions/00000000-0000-0000-0000-000000000000/resourceGroups/clitest.rg000001/providers/microsoft.eventgrid/partnertopics/cli000005","provisioningState":"Succeeded","destination":{"properties":{"resourceId":"/subscriptions/00000000-0000-0000-0000-000000000000/resourceGroups/DevExpRg/providers/Microsoft.Storage/storageAccounts/devexpstg","queueName":"stogqueuedestination"},"endpointType":"StorageQueue"},"filter":{"subjectBeginsWith":"","subjectEndsWith":""},"labels":["label11","label22"],"eventDeliverySchema":"CloudEventSchemaV1_0","retryPolicy":{"maxDeliveryAttempts":30,"eventTimeToLiveInMinutes":1440}},"id":"/subscriptions/00000000-0000-0000-0000-000000000000/resourceGroups/clitest.rg000001/providers/Microsoft.EventGrid/partnerTopics/cli000005/eventSubscriptions/cli000006","name":"cli000006","type":"Microsoft.EventGrid/partnerTopics/eventSubscriptions"}]}'
    headers:
      cache-control:
      - no-cache
      content-length:
      - '1150'
      content-type:
      - application/json; charset=utf-8
      date:
      - Sat, 16 May 2020 15:13:29 GMT
      expires:
      - '-1'
      pragma:
      - no-cache
      server:
      - Microsoft-HTTPAPI/2.0
      strict-transport-security:
      - max-age=31536000; includeSubDomains
      transfer-encoding:
      - chunked
      vary:
      - Accept-Encoding
      x-content-type-options:
      - nosniff
    status:
      code: 200
      message: OK
- request:
    body: null
    headers:
      Accept:
      - application/json
      Accept-Encoding:
      - gzip, deflate
      CommandName:
      - eventgrid partner topic event-subscription delete
      Connection:
      - keep-alive
      Content-Length:
      - '0'
      ParameterSetName:
      - -g --name --partner-topic-name
      User-Agent:
      - python/3.7.5 (Windows-10-10.0.18362-SP0) msrest/0.6.11 msrest_azure/0.6.2
        azure-mgmt-eventgrid/3.0.0rc6 Azure-SDK-For-Python AZURECLI/2.5.1
      accept-language:
      - en-US
    method: DELETE
    uri: https://management.azure.com/subscriptions/00000000-0000-0000-0000-000000000000/resourceGroups/clitest.rg000001/providers/Microsoft.EventGrid/partnerTopics/cli000005/eventSubscriptions/cli000006?api-version=2020-04-01-preview
  response:
    body:
      string: ''
    headers:
      azure-asyncoperation:
      - https://management.azure.com:443/subscriptions/00000000-0000-0000-0000-000000000000/providers/Microsoft.EventGrid/locations/centraluseuap/operationsStatus/71B50516-B4B8-4CFF-939D-AC2A9BA109F8?api-version=2020-04-01-preview
      cache-control:
      - no-cache
      content-length:
      - '0'
      date:
      - Sat, 16 May 2020 15:13:30 GMT
      expires:
      - '-1'
      location:
      - https://management.azure.com/subscriptions/00000000-0000-0000-0000-000000000000/providers/Microsoft.EventGrid/locations/centraluseuap/operationResults/71B50516-B4B8-4CFF-939D-AC2A9BA109F8?api-version=2020-04-01-preview
      pragma:
      - no-cache
      server:
      - Microsoft-HTTPAPI/2.0
      strict-transport-security:
      - max-age=31536000; includeSubDomains
      x-content-type-options:
      - nosniff
      x-ms-ratelimit-remaining-subscription-deletes:
      - '14999'
    status:
      code: 202
      message: Accepted
- request:
    body: null
    headers:
      Accept:
      - application/json
      Accept-Encoding:
      - gzip, deflate
      CommandName:
      - eventgrid partner topic event-subscription delete
      Connection:
      - keep-alive
      ParameterSetName:
      - -g --name --partner-topic-name
      User-Agent:
      - python/3.7.5 (Windows-10-10.0.18362-SP0) msrest/0.6.11 msrest_azure/0.6.2
        azure-mgmt-eventgrid/3.0.0rc6 Azure-SDK-For-Python AZURECLI/2.5.1
    method: GET
    uri: https://management.azure.com/subscriptions/00000000-0000-0000-0000-000000000000/providers/Microsoft.EventGrid/locations/centraluseuap/operationsStatus/71B50516-B4B8-4CFF-939D-AC2A9BA109F8?api-version=2020-04-01-preview
  response:
    body:
      string: '{"id":"https://management.azure.com/subscriptions/00000000-0000-0000-0000-000000000000/providers/Microsoft.EventGrid/locations/centraluseuap/operationsStatus/71B50516-B4B8-4CFF-939D-AC2A9BA109F8?api-version=2020-04-01-preview","name":"71b50516-b4b8-4cff-939d-ac2a9ba109f8","status":"Succeeded"}'
    headers:
      cache-control:
      - no-cache
      content-length:
      - '294'
      content-type:
      - application/json; charset=utf-8
      date:
      - Sat, 16 May 2020 15:13:41 GMT
      expires:
      - '-1'
      pragma:
      - no-cache
      server:
      - Microsoft-HTTPAPI/2.0
      strict-transport-security:
      - max-age=31536000; includeSubDomains
      transfer-encoding:
      - chunked
      vary:
      - Accept-Encoding
      x-content-type-options:
      - nosniff
    status:
      code: 200
      message: OK
- request:
    body: null
    headers:
      Accept:
      - application/json
      Accept-Encoding:
      - gzip, deflate
      CommandName:
      - eventgrid partner topic delete
      Connection:
      - keep-alive
      Content-Length:
      - '0'
      ParameterSetName:
      - --name --resource-group
      User-Agent:
      - python/3.7.5 (Windows-10-10.0.18362-SP0) msrest/0.6.11 msrest_azure/0.6.2
        azure-mgmt-eventgrid/3.0.0rc6 Azure-SDK-For-Python AZURECLI/2.5.1
      accept-language:
      - en-US
    method: DELETE
    uri: https://management.azure.com/subscriptions/00000000-0000-0000-0000-000000000000/resourceGroups/clitest.rg000001/providers/Microsoft.EventGrid/partnerTopics/cli000005?api-version=2020-04-01-preview
  response:
    body:
      string: ''
    headers:
      azure-asyncoperation:
      - https://management.azure.com:443/subscriptions/00000000-0000-0000-0000-000000000000/providers/Microsoft.EventGrid/locations/centraluseuap/operationsStatus/14EF084E-3E2A-4818-9F75-FEBAF888FB8F?api-version=2020-04-01-preview
      cache-control:
      - no-cache
      content-length:
      - '0'
      date:
      - Sat, 16 May 2020 15:13:42 GMT
      expires:
      - '-1'
      location:
      - https://management.azure.com/subscriptions/00000000-0000-0000-0000-000000000000/providers/Microsoft.EventGrid/locations/centraluseuap/operationResults/14EF084E-3E2A-4818-9F75-FEBAF888FB8F?api-version=2020-04-01-preview
      pragma:
      - no-cache
      server:
      - Microsoft-HTTPAPI/2.0
      strict-transport-security:
      - max-age=31536000; includeSubDomains
      x-content-type-options:
      - nosniff
      x-ms-ratelimit-remaining-subscription-deletes:
      - '14998'
    status:
      code: 202
      message: Accepted
- request:
    body: null
    headers:
      Accept:
      - application/json
      Accept-Encoding:
      - gzip, deflate
      CommandName:
      - eventgrid partner topic delete
      Connection:
      - keep-alive
      ParameterSetName:
      - --name --resource-group
      User-Agent:
      - python/3.7.5 (Windows-10-10.0.18362-SP0) msrest/0.6.11 msrest_azure/0.6.2
        azure-mgmt-eventgrid/3.0.0rc6 Azure-SDK-For-Python AZURECLI/2.5.1
    method: GET
    uri: https://management.azure.com/subscriptions/00000000-0000-0000-0000-000000000000/providers/Microsoft.EventGrid/locations/centraluseuap/operationsStatus/14EF084E-3E2A-4818-9F75-FEBAF888FB8F?api-version=2020-04-01-preview
  response:
    body:
      string: '{"id":"https://management.azure.com/subscriptions/00000000-0000-0000-0000-000000000000/providers/Microsoft.EventGrid/locations/centraluseuap/operationsStatus/14EF084E-3E2A-4818-9F75-FEBAF888FB8F?api-version=2020-04-01-preview","name":"14ef084e-3e2a-4818-9f75-febaf888fb8f","status":"Succeeded"}'
    headers:
      cache-control:
      - no-cache
      content-length:
      - '294'
      content-type:
      - application/json; charset=utf-8
      date:
      - Sat, 16 May 2020 15:13:53 GMT
      expires:
      - '-1'
      pragma:
      - no-cache
      server:
      - Microsoft-HTTPAPI/2.0
      strict-transport-security:
      - max-age=31536000; includeSubDomains
      transfer-encoding:
      - chunked
      vary:
      - Accept-Encoding
      x-content-type-options:
      - nosniff
    status:
      code: 200
      message: OK
- request:
    body: null
    headers:
      Accept:
      - application/json
      Accept-Encoding:
      - gzip, deflate
      CommandName:
      - eventgrid partner namespace event-channel delete
      Connection:
      - keep-alive
      Content-Length:
      - '0'
      ParameterSetName:
      - --resource-group --partner-namespace-name --name
      User-Agent:
      - python/3.7.5 (Windows-10-10.0.18362-SP0) msrest/0.6.11 msrest_azure/0.6.2
        azure-mgmt-eventgrid/3.0.0rc6 Azure-SDK-For-Python AZURECLI/2.5.1
      accept-language:
      - en-US
    method: DELETE
    uri: https://management.azure.com/subscriptions/00000000-0000-0000-0000-000000000000/resourceGroups/clitest.rg000001/providers/Microsoft.EventGrid/partnerNamespaces/cli000003/eventChannels/cli000004?api-version=2020-04-01-preview
  response:
    body:
      string: ''
    headers:
      cache-control:
      - no-cache
      content-length:
      - '0'
      date:
      - Sat, 16 May 2020 15:13:54 GMT
      expires:
      - '-1'
      pragma:
      - no-cache
      server:
      - Microsoft-HTTPAPI/2.0
      strict-transport-security:
      - max-age=31536000; includeSubDomains
      x-content-type-options:
      - nosniff
      x-ms-ratelimit-remaining-subscription-deletes:
      - '14999'
    status:
      code: 200
      message: OK
- request:
    body: null
    headers:
      Accept:
      - application/json
      Accept-Encoding:
      - gzip, deflate
      CommandName:
      - eventgrid partner namespace delete
      Connection:
      - keep-alive
      Content-Length:
      - '0'
      ParameterSetName:
      - --name --resource-group
      User-Agent:
      - python/3.7.5 (Windows-10-10.0.18362-SP0) msrest/0.6.11 msrest_azure/0.6.2
        azure-mgmt-eventgrid/3.0.0rc6 Azure-SDK-For-Python AZURECLI/2.5.1
      accept-language:
      - en-US
    method: DELETE
    uri: https://management.azure.com/subscriptions/00000000-0000-0000-0000-000000000000/resourceGroups/clitest.rg000001/providers/Microsoft.EventGrid/partnerNamespaces/cli000003?api-version=2020-04-01-preview
  response:
    body:
      string: ''
    headers:
      azure-asyncoperation:
      - https://management.azure.com:443/subscriptions/00000000-0000-0000-0000-000000000000/providers/Microsoft.EventGrid/locations/centraluseuap/operationsStatus/351B6867-7689-4619-A9C7-B30698AC8A22?api-version=2020-04-01-preview
      cache-control:
      - no-cache
      content-length:
      - '0'
      date:
      - Sat, 16 May 2020 15:13:56 GMT
      expires:
      - '-1'
      location:
      - https://management.azure.com/subscriptions/00000000-0000-0000-0000-000000000000/providers/Microsoft.EventGrid/locations/centraluseuap/operationResults/351B6867-7689-4619-A9C7-B30698AC8A22?api-version=2020-04-01-preview
      pragma:
      - no-cache
      server:
      - Microsoft-HTTPAPI/2.0
      strict-transport-security:
      - max-age=31536000; includeSubDomains
      x-content-type-options:
      - nosniff
      x-ms-ratelimit-remaining-subscription-deletes:
      - '14999'
    status:
      code: 202
      message: Accepted
- request:
    body: null
    headers:
      Accept:
      - application/json
      Accept-Encoding:
      - gzip, deflate
      CommandName:
      - eventgrid partner namespace delete
      Connection:
      - keep-alive
      ParameterSetName:
      - --name --resource-group
      User-Agent:
      - python/3.7.5 (Windows-10-10.0.18362-SP0) msrest/0.6.11 msrest_azure/0.6.2
        azure-mgmt-eventgrid/3.0.0rc6 Azure-SDK-For-Python AZURECLI/2.5.1
    method: GET
    uri: https://management.azure.com/subscriptions/00000000-0000-0000-0000-000000000000/providers/Microsoft.EventGrid/locations/centraluseuap/operationsStatus/351B6867-7689-4619-A9C7-B30698AC8A22?api-version=2020-04-01-preview
  response:
    body:
      string: '{"id":"https://management.azure.com/subscriptions/00000000-0000-0000-0000-000000000000/providers/Microsoft.EventGrid/locations/centraluseuap/operationsStatus/351B6867-7689-4619-A9C7-B30698AC8A22?api-version=2020-04-01-preview","name":"351b6867-7689-4619-a9c7-b30698ac8a22","status":"Succeeded"}'
    headers:
      cache-control:
      - no-cache
      content-length:
      - '294'
      content-type:
      - application/json; charset=utf-8
      date:
      - Sat, 16 May 2020 15:14:06 GMT
      expires:
      - '-1'
      pragma:
      - no-cache
      server:
      - Microsoft-HTTPAPI/2.0
      strict-transport-security:
      - max-age=31536000; includeSubDomains
      transfer-encoding:
      - chunked
      vary:
      - Accept-Encoding
      x-content-type-options:
      - nosniff
    status:
      code: 200
      message: OK
- request:
    body: null
    headers:
      Accept:
      - application/json
      Accept-Encoding:
      - gzip, deflate
      CommandName:
      - eventgrid partner registration delete
      Connection:
      - keep-alive
      Content-Length:
      - '0'
      ParameterSetName:
      - -n -g
      User-Agent:
      - python/3.7.5 (Windows-10-10.0.18362-SP0) msrest/0.6.11 msrest_azure/0.6.2
        azure-mgmt-eventgrid/3.0.0rc6 Azure-SDK-For-Python AZURECLI/2.5.1
      accept-language:
      - en-US
    method: DELETE
    uri: https://management.azure.com/subscriptions/00000000-0000-0000-0000-000000000000/resourceGroups/clitest.rg000001/providers/Microsoft.EventGrid/partnerRegistrations/cli000002?api-version=2020-04-01-preview
  response:
    body:
      string: ''
    headers:
      cache-control:
      - no-cache
      content-length:
      - '0'
      date:
      - Sat, 16 May 2020 15:14:08 GMT
      expires:
      - '-1'
      pragma:
      - no-cache
      server:
      - Microsoft-HTTPAPI/2.0
      strict-transport-security:
      - max-age=31536000; includeSubDomains
      x-content-type-options:
      - nosniff
      x-ms-ratelimit-remaining-subscription-deletes:
      - '14999'
    status:
      code: 200
      message: OK
version: 1
