interactions:
- request:
    body: null
    headers:
      Accept:
      - application/json
      Accept-Encoding:
      - gzip, deflate
      CommandName:
      - storage account create
      Connection:
      - keep-alive
      ParameterSetName:
      - -n -g --ext-type --ext-name --sku
      User-Agent:
      - python/3.7.7 (Windows-10-10.0.19041-SP0) msrest/0.6.18 msrest_azure/0.6.3
        azure-mgmt-resource/10.2.0 Azure-SDK-For-Python AZURECLI/2.15.0
      accept-language:
      - en-US
    method: GET
    uri: https://management.azure.com/subscriptions/00000000-0000-0000-0000-000000000000/resourcegroups/cliedgezone000001?api-version=2020-06-01
  response:
    body:
      string: '{"id":"/subscriptions/00000000-0000-0000-0000-000000000000/resourceGroups/cliedgezone000001","name":"cliedgezone000001","type":"Microsoft.Resources/resourceGroups","location":"eastus2euap","tags":{"product":"azurecli","cause":"automation","date":"2020-11-18T04:55:46Z"},"properties":{"provisioningState":"Succeeded"}}'
    headers:
      cache-control:
      - no-cache
      content-length:
      - '433'
      content-type:
      - application/json; charset=utf-8
      date:
      - Wed, 18 Nov 2020 04:55:53 GMT
      expires:
      - '-1'
      pragma:
      - no-cache
      strict-transport-security:
      - max-age=31536000; includeSubDomains
      vary:
      - Accept-Encoding
      x-content-type-options:
      - nosniff
    status:
      code: 200
      message: OK
- request:
    body: '{"sku": {"name": "Premium_LRS"}, "kind": "StorageV2", "location": "eastus2euap",
      "extendedLocation": {"name": "microsoftrrdclab1", "type": "EdgeZone"}, "properties":
      {"encryption": {"services": {"blob": {}}, "keySource": "Microsoft.Storage"}}}'
    headers:
      Accept:
      - application/json
      Accept-Encoding:
      - gzip, deflate
      CommandName:
      - storage account create
      Connection:
      - keep-alive
      Content-Length:
      - '243'
      Content-Type:
      - application/json
      ParameterSetName:
      - -n -g --ext-type --ext-name --sku
      User-Agent:
      - AZURECLI/2.15.0 azsdk-python-azure-mgmt-storage/16.0.0 Python/3.7.7 (Windows-10-10.0.19041-SP0)
    method: PUT
    uri: https://management.azure.com/subscriptions/00000000-0000-0000-0000-000000000000/resourceGroups/cliedgezone000001/providers/Microsoft.Storage/storageAccounts/edge000002?api-version=2020-08-01-preview
  response:
    body:
      string: ''
    headers:
      cache-control:
      - no-cache
      content-length:
      - '0'
      content-type:
      - text/plain; charset=utf-8
      date:
      - Wed, 18 Nov 2020 04:56:06 GMT
      expires:
      - '-1'
      location:
      - https://management.azure.com/subscriptions/00000000-0000-0000-0000-000000000000/providers/Microsoft.Storage/locations/eastus2euap/asyncoperations/a3802d99-922a-4b1a-88f5-1cbdb9bbf653?monitor=true&api-version=2020-08-01-preview
      pragma:
      - no-cache
      server:
      - Microsoft-Azure-Storage-Resource-Provider/1.0,Microsoft-HTTPAPI/2.0 Microsoft-HTTPAPI/2.0
      strict-transport-security:
      - max-age=31536000; includeSubDomains
      x-content-type-options:
      - nosniff
      x-ms-ratelimit-remaining-subscription-writes:
      - '1199'
    status:
      code: 202
      message: Accepted
- request:
    body: null
    headers:
      Accept:
      - '*/*'
      Accept-Encoding:
      - gzip, deflate
      CommandName:
      - storage account create
      Connection:
      - keep-alive
      ParameterSetName:
      - -n -g --ext-type --ext-name --sku
      User-Agent:
      - AZURECLI/2.15.0 azsdk-python-azure-mgmt-storage/16.0.0 Python/3.7.7 (Windows-10-10.0.19041-SP0)
    method: GET
    uri: https://management.azure.com/subscriptions/00000000-0000-0000-0000-000000000000/providers/Microsoft.Storage/locations/eastus2euap/asyncoperations/a3802d99-922a-4b1a-88f5-1cbdb9bbf653?monitor=true&api-version=2020-08-01-preview
  response:
    body:
      string: '{"extendedLocation":{"type":"EdgeZone","name":"microsoftrrdclab1"},"sku":{"name":"Premium_LRS","tier":"Premium"},"kind":"StorageV2","id":"/subscriptions/00000000-0000-0000-0000-000000000000/resourceGroups/cliedgezone000001/providers/Microsoft.Storage/storageAccounts/edge000002","name":"edge000002","type":"Microsoft.Storage/storageAccounts","location":"eastus2euap","tags":{},"properties":{"privateEndpointConnections":[],"networkAcls":{"bypass":"AzureServices","virtualNetworkRules":[],"ipRules":[],"defaultAction":"Allow"},"supportsHttpsTrafficOnly":true,"encryption":{"services":{"file":{"keyType":"Account","enabled":true,"lastEnabledTime":"2020-11-18T04:56:05.7648153Z"},"blob":{"keyType":"Account","enabled":true,"lastEnabledTime":"2020-11-18T04:56:05.7648153Z"}},"keySource":"Microsoft.Storage"},"accessTier":"Hot","provisioningState":"Succeeded","creationTime":"2020-11-18T04:56:05.6998097Z","primaryEndpoints":{"web":"https://edge000002.web.microsoftrrdclab1.edgestorage.azure.net/","blob":"https://edge000002.blob.microsoftrrdclab1.edgestorage.azure.net/"},"primaryLocation":"eastus2euap","statusOfPrimary":"available"}}'
    headers:
      cache-control:
      - no-cache
      content-length:
      - '1197'
      content-type:
      - application/json
      date:
      - Wed, 18 Nov 2020 04:56:23 GMT
      expires:
      - '-1'
      pragma:
      - no-cache
      server:
      - Microsoft-Azure-Storage-Resource-Provider/1.0,Microsoft-HTTPAPI/2.0 Microsoft-HTTPAPI/2.0
      strict-transport-security:
      - max-age=31536000; includeSubDomains
      transfer-encoding:
      - chunked
      vary:
      - Accept-Encoding
      x-content-type-options:
      - nosniff
    status:
      code: 200
      message: OK
version: 1
