interactions:
- request:
    body: null
    headers:
      Accept:
      - application/json
      Accept-Encoding:
      - gzip, deflate
      CommandName:
      - storage account network-rule add
      Connection:
      - keep-alive
      ParameterSetName:
      - -g --account-name --resource-id --tenant-id
      User-Agent:
      - AZURECLI/2.23.0 azsdk-python-azure-mgmt-storage/16.0.0 Python/3.8.3 (Windows-10-10.0.19041-SP0)
    method: GET
    uri: https://management.azure.com/subscriptions/00000000-0000-0000-0000-000000000000/resourceGroups/cli_test_storage_service_endpoints000001/providers/Microsoft.Storage/storageAccounts/clitest000002?api-version=2020-08-01-preview
  response:
    body:
      string: '{"sku":{"name":"Standard_LRS","tier":"Standard"},"kind":"Storage","id":"/subscriptions/00000000-0000-0000-0000-000000000000/resourceGroups/cli_test_storage_service_endpoints000001/providers/Microsoft.Storage/storageAccounts/clitest000002","name":"clitest000002","type":"Microsoft.Storage/storageAccounts","location":"westus","tags":{},"properties":{"privateEndpointConnections":[],"networkAcls":{"bypass":"AzureServices","virtualNetworkRules":[],"ipRules":[],"defaultAction":"Allow"},"supportsHttpsTrafficOnly":true,"encryption":{"services":{"file":{"keyType":"Account","enabled":true,"lastEnabledTime":"2021-05-20T08:16:53.4692259Z"},"blob":{"keyType":"Account","enabled":true,"lastEnabledTime":"2021-05-20T08:16:53.4692259Z"}},"keySource":"Microsoft.Storage"},"provisioningState":"Succeeded","creationTime":"2021-05-20T08:16:53.3911452Z","primaryEndpoints":{"blob":"https://clitest000002.blob.core.windows.net/","queue":"https://clitest000002.queue.core.windows.net/","table":"https://clitest000002.table.core.windows.net/","file":"https://clitest000002.file.core.windows.net/"},"primaryLocation":"westus","statusOfPrimary":"available"}}'
    headers:
      cache-control:
      - no-cache
      content-length:
      - '1240'
      content-type:
      - application/json
      date:
      - Thu, 20 May 2021 08:17:14 GMT
      expires:
      - '-1'
      pragma:
      - no-cache
      server:
      - Microsoft-Azure-Storage-Resource-Provider/1.0,Microsoft-HTTPAPI/2.0 Microsoft-HTTPAPI/2.0
      strict-transport-security:
      - max-age=31536000; includeSubDomains
      transfer-encoding:
      - chunked
      vary:
      - Accept-Encoding
      x-content-type-options:
      - nosniff
    status:
      code: 200
      message: OK
- request:
    body: '{"properties": {"networkAcls": {"bypass": "AzureServices", "resourceAccessRules":
      [{"tenantId": "72f988bf-86f1-41af-91ab-2d7cd011db47", "resourceId": "/subscriptions/00000000-0000-0000-0000-000000000000/resourceGroups/res9407/providers/Microsoft.Synapse/workspaces/testworkspace1"}],
      "virtualNetworkRules": [], "ipRules": [], "defaultAction": "Allow"}}}'
    headers:
      Accept:
      - application/json
      Accept-Encoding:
      - gzip, deflate
      CommandName:
      - storage account network-rule add
      Connection:
      - keep-alive
      Content-Length:
      - '353'
      Content-Type:
      - application/json
      ParameterSetName:
      - -g --account-name --resource-id --tenant-id
      User-Agent:
      - AZURECLI/2.23.0 azsdk-python-azure-mgmt-storage/16.0.0 Python/3.8.3 (Windows-10-10.0.19041-SP0)
    method: PATCH
    uri: https://management.azure.com/subscriptions/00000000-0000-0000-0000-000000000000/resourceGroups/cli_test_storage_service_endpoints000001/providers/Microsoft.Storage/storageAccounts/clitest000002?api-version=2020-08-01-preview
  response:
    body:
      string: '{"sku":{"name":"Standard_LRS","tier":"Standard"},"kind":"Storage","id":"/subscriptions/00000000-0000-0000-0000-000000000000/resourceGroups/cli_test_storage_service_endpoints000001/providers/Microsoft.Storage/storageAccounts/clitest000002","name":"clitest000002","type":"Microsoft.Storage/storageAccounts","location":"westus","tags":{},"properties":{"privateEndpointConnections":[],"networkAcls":{"resourceAccessRules":[{"tenantId":"72f988bf-86f1-41af-91ab-2d7cd011db47","resourceId":"/subscriptions/00000000-0000-0000-0000-000000000000/resourceGroups/res9407/providers/Microsoft.Synapse/workspaces/testworkspace1"}],"bypass":"AzureServices","virtualNetworkRules":[],"ipRules":[],"defaultAction":"Allow"},"supportsHttpsTrafficOnly":true,"encryption":{"services":{"file":{"keyType":"Account","enabled":true,"lastEnabledTime":"2021-05-20T08:16:53.4692259Z"},"blob":{"keyType":"Account","enabled":true,"lastEnabledTime":"2021-05-20T08:16:53.4692259Z"}},"keySource":"Microsoft.Storage"},"provisioningState":"Succeeded","creationTime":"2021-05-20T08:16:53.3911452Z","primaryEndpoints":{"blob":"https://clitest000002.blob.core.windows.net/","queue":"https://clitest000002.queue.core.windows.net/","table":"https://clitest000002.table.core.windows.net/","file":"https://clitest000002.file.core.windows.net/"},"primaryLocation":"westus","statusOfPrimary":"available"}}'
    headers:
      cache-control:
      - no-cache
      content-length:
      - '1460'
      content-type:
      - application/json
      date:
      - Thu, 20 May 2021 08:17:15 GMT
      expires:
      - '-1'
      pragma:
      - no-cache
      server:
      - Microsoft-Azure-Storage-Resource-Provider/1.0,Microsoft-HTTPAPI/2.0 Microsoft-HTTPAPI/2.0
      strict-transport-security:
      - max-age=31536000; includeSubDomains
      transfer-encoding:
      - chunked
      vary:
      - Accept-Encoding
      x-content-type-options:
      - nosniff
      x-ms-ratelimit-remaining-subscription-writes:
      - '1199'
    status:
      code: 200
      message: OK
- request:
    body: null
    headers:
      Accept:
      - application/json
      Accept-Encoding:
      - gzip, deflate
      CommandName:
      - storage account network-rule list
      Connection:
      - keep-alive
      ParameterSetName:
      - -g --account-name
      User-Agent:
      - AZURECLI/2.23.0 azsdk-python-azure-mgmt-storage/16.0.0 Python/3.8.3 (Windows-10-10.0.19041-SP0)
    method: GET
    uri: https://management.azure.com/subscriptions/00000000-0000-0000-0000-000000000000/resourceGroups/cli_test_storage_service_endpoints000001/providers/Microsoft.Storage/storageAccounts/clitest000002?api-version=2020-08-01-preview
  response:
    body:
      string: '{"sku":{"name":"Standard_LRS","tier":"Standard"},"kind":"Storage","id":"/subscriptions/00000000-0000-0000-0000-000000000000/resourceGroups/cli_test_storage_service_endpoints000001/providers/Microsoft.Storage/storageAccounts/clitest000002","name":"clitest000002","type":"Microsoft.Storage/storageAccounts","location":"westus","tags":{},"properties":{"privateEndpointConnections":[],"networkAcls":{"resourceAccessRules":[{"tenantId":"72f988bf-86f1-41af-91ab-2d7cd011db47","resourceId":"/subscriptions/00000000-0000-0000-0000-000000000000/resourceGroups/res9407/providers/Microsoft.Synapse/workspaces/testworkspace1"}],"bypass":"AzureServices","virtualNetworkRules":[],"ipRules":[],"defaultAction":"Allow"},"supportsHttpsTrafficOnly":true,"encryption":{"services":{"file":{"keyType":"Account","enabled":true,"lastEnabledTime":"2021-05-20T08:16:53.4692259Z"},"blob":{"keyType":"Account","enabled":true,"lastEnabledTime":"2021-05-20T08:16:53.4692259Z"}},"keySource":"Microsoft.Storage"},"provisioningState":"Succeeded","creationTime":"2021-05-20T08:16:53.3911452Z","primaryEndpoints":{"blob":"https://clitest000002.blob.core.windows.net/","queue":"https://clitest000002.queue.core.windows.net/","table":"https://clitest000002.table.core.windows.net/","file":"https://clitest000002.file.core.windows.net/"},"primaryLocation":"westus","statusOfPrimary":"available"}}'
    headers:
      cache-control:
      - no-cache
      content-length:
      - '1460'
      content-type:
      - application/json
      date:
      - Thu, 20 May 2021 08:17:16 GMT
      expires:
      - '-1'
      pragma:
      - no-cache
      server:
      - Microsoft-Azure-Storage-Resource-Provider/1.0,Microsoft-HTTPAPI/2.0 Microsoft-HTTPAPI/2.0
      strict-transport-security:
      - max-age=31536000; includeSubDomains
      transfer-encoding:
      - chunked
      vary:
      - Accept-Encoding
      x-content-type-options:
      - nosniff
    status:
      code: 200
      message: OK
- request:
    body: null
    headers:
      Accept:
      - application/json
      Accept-Encoding:
      - gzip, deflate
      CommandName:
      - storage account network-rule add
      Connection:
      - keep-alive
      ParameterSetName:
      - -g --account-name --resource-id --tenant-id
      User-Agent:
      - AZURECLI/2.23.0 azsdk-python-azure-mgmt-storage/16.0.0 Python/3.8.3 (Windows-10-10.0.19041-SP0)
    method: GET
    uri: https://management.azure.com/subscriptions/00000000-0000-0000-0000-000000000000/resourceGroups/cli_test_storage_service_endpoints000001/providers/Microsoft.Storage/storageAccounts/clitest000002?api-version=2020-08-01-preview
  response:
    body:
      string: '{"sku":{"name":"Standard_LRS","tier":"Standard"},"kind":"Storage","id":"/subscriptions/00000000-0000-0000-0000-000000000000/resourceGroups/cli_test_storage_service_endpoints000001/providers/Microsoft.Storage/storageAccounts/clitest000002","name":"clitest000002","type":"Microsoft.Storage/storageAccounts","location":"westus","tags":{},"properties":{"privateEndpointConnections":[],"networkAcls":{"resourceAccessRules":[{"tenantId":"72f988bf-86f1-41af-91ab-2d7cd011db47","resourceId":"/subscriptions/00000000-0000-0000-0000-000000000000/resourceGroups/res9407/providers/Microsoft.Synapse/workspaces/testworkspace1"}],"bypass":"AzureServices","virtualNetworkRules":[],"ipRules":[],"defaultAction":"Allow"},"supportsHttpsTrafficOnly":true,"encryption":{"services":{"file":{"keyType":"Account","enabled":true,"lastEnabledTime":"2021-05-20T08:16:53.4692259Z"},"blob":{"keyType":"Account","enabled":true,"lastEnabledTime":"2021-05-20T08:16:53.4692259Z"}},"keySource":"Microsoft.Storage"},"provisioningState":"Succeeded","creationTime":"2021-05-20T08:16:53.3911452Z","primaryEndpoints":{"blob":"https://clitest000002.blob.core.windows.net/","queue":"https://clitest000002.queue.core.windows.net/","table":"https://clitest000002.table.core.windows.net/","file":"https://clitest000002.file.core.windows.net/"},"primaryLocation":"westus","statusOfPrimary":"available"}}'
    headers:
      cache-control:
      - no-cache
      content-length:
      - '1460'
      content-type:
      - application/json
      date:
      - Thu, 20 May 2021 08:17:17 GMT
      expires:
      - '-1'
      pragma:
      - no-cache
      server:
      - Microsoft-Azure-Storage-Resource-Provider/1.0,Microsoft-HTTPAPI/2.0 Microsoft-HTTPAPI/2.0
      strict-transport-security:
      - max-age=31536000; includeSubDomains
      transfer-encoding:
      - chunked
      vary:
      - Accept-Encoding
      x-content-type-options:
      - nosniff
    status:
      code: 200
      message: OK
- request:
    body: '{"properties": {"networkAcls": {"bypass": "AzureServices", "resourceAccessRules":
      [{"tenantId": "72f988bf-86f1-41af-91ab-2d7cd011db47", "resourceId": "/subscriptions/00000000-0000-0000-0000-000000000000/resourceGroups/res9407/providers/Microsoft.Synapse/workspaces/testworkspace1"}],
      "virtualNetworkRules": [], "ipRules": [], "defaultAction": "Allow"}}}'
    headers:
      Accept:
      - application/json
      Accept-Encoding:
      - gzip, deflate
      CommandName:
      - storage account network-rule add
      Connection:
      - keep-alive
      Content-Length:
      - '353'
      Content-Type:
      - application/json
      ParameterSetName:
      - -g --account-name --resource-id --tenant-id
      User-Agent:
      - AZURECLI/2.23.0 azsdk-python-azure-mgmt-storage/16.0.0 Python/3.8.3 (Windows-10-10.0.19041-SP0)
    method: PATCH
    uri: https://management.azure.com/subscriptions/00000000-0000-0000-0000-000000000000/resourceGroups/cli_test_storage_service_endpoints000001/providers/Microsoft.Storage/storageAccounts/clitest000002?api-version=2020-08-01-preview
  response:
    body:
      string: '{"sku":{"name":"Standard_LRS","tier":"Standard"},"kind":"Storage","id":"/subscriptions/00000000-0000-0000-0000-000000000000/resourceGroups/cli_test_storage_service_endpoints000001/providers/Microsoft.Storage/storageAccounts/clitest000002","name":"clitest000002","type":"Microsoft.Storage/storageAccounts","location":"westus","tags":{},"properties":{"privateEndpointConnections":[],"networkAcls":{"resourceAccessRules":[{"tenantId":"72f988bf-86f1-41af-91ab-2d7cd011db47","resourceId":"/subscriptions/00000000-0000-0000-0000-000000000000/resourceGroups/res9407/providers/Microsoft.Synapse/workspaces/testworkspace1"}],"bypass":"AzureServices","virtualNetworkRules":[],"ipRules":[],"defaultAction":"Allow"},"supportsHttpsTrafficOnly":true,"encryption":{"services":{"file":{"keyType":"Account","enabled":true,"lastEnabledTime":"2021-05-20T08:16:53.4692259Z"},"blob":{"keyType":"Account","enabled":true,"lastEnabledTime":"2021-05-20T08:16:53.4692259Z"}},"keySource":"Microsoft.Storage"},"provisioningState":"Succeeded","creationTime":"2021-05-20T08:16:53.3911452Z","primaryEndpoints":{"blob":"https://clitest000002.blob.core.windows.net/","queue":"https://clitest000002.queue.core.windows.net/","table":"https://clitest000002.table.core.windows.net/","file":"https://clitest000002.file.core.windows.net/"},"primaryLocation":"westus","statusOfPrimary":"available"}}'
    headers:
      cache-control:
      - no-cache
      content-length:
      - '1460'
      content-type:
      - application/json
      date:
      - Thu, 20 May 2021 08:17:18 GMT
      expires:
      - '-1'
      pragma:
      - no-cache
      server:
      - Microsoft-Azure-Storage-Resource-Provider/1.0,Microsoft-HTTPAPI/2.0 Microsoft-HTTPAPI/2.0
      strict-transport-security:
      - max-age=31536000; includeSubDomains
      transfer-encoding:
      - chunked
      vary:
      - Accept-Encoding
      x-content-type-options:
      - nosniff
      x-ms-ratelimit-remaining-subscription-writes:
      - '1199'
    status:
      code: 200
      message: OK
- request:
    body: null
    headers:
      Accept:
      - application/json
      Accept-Encoding:
      - gzip, deflate
      CommandName:
      - storage account network-rule list
      Connection:
      - keep-alive
      ParameterSetName:
      - -g --account-name
      User-Agent:
      - AZURECLI/2.23.0 azsdk-python-azure-mgmt-storage/16.0.0 Python/3.8.3 (Windows-10-10.0.19041-SP0)
    method: GET
    uri: https://management.azure.com/subscriptions/00000000-0000-0000-0000-000000000000/resourceGroups/cli_test_storage_service_endpoints000001/providers/Microsoft.Storage/storageAccounts/clitest000002?api-version=2020-08-01-preview
  response:
    body:
      string: '{"sku":{"name":"Standard_LRS","tier":"Standard"},"kind":"Storage","id":"/subscriptions/00000000-0000-0000-0000-000000000000/resourceGroups/cli_test_storage_service_endpoints000001/providers/Microsoft.Storage/storageAccounts/clitest000002","name":"clitest000002","type":"Microsoft.Storage/storageAccounts","location":"westus","tags":{},"properties":{"privateEndpointConnections":[],"networkAcls":{"resourceAccessRules":[{"tenantId":"72f988bf-86f1-41af-91ab-2d7cd011db47","resourceId":"/subscriptions/00000000-0000-0000-0000-000000000000/resourceGroups/res9407/providers/Microsoft.Synapse/workspaces/testworkspace1"}],"bypass":"AzureServices","virtualNetworkRules":[],"ipRules":[],"defaultAction":"Allow"},"supportsHttpsTrafficOnly":true,"encryption":{"services":{"file":{"keyType":"Account","enabled":true,"lastEnabledTime":"2021-05-20T08:16:53.4692259Z"},"blob":{"keyType":"Account","enabled":true,"lastEnabledTime":"2021-05-20T08:16:53.4692259Z"}},"keySource":"Microsoft.Storage"},"provisioningState":"Succeeded","creationTime":"2021-05-20T08:16:53.3911452Z","primaryEndpoints":{"blob":"https://clitest000002.blob.core.windows.net/","queue":"https://clitest000002.queue.core.windows.net/","table":"https://clitest000002.table.core.windows.net/","file":"https://clitest000002.file.core.windows.net/"},"primaryLocation":"westus","statusOfPrimary":"available"}}'
    headers:
      cache-control:
      - no-cache
      content-length:
      - '1460'
      content-type:
      - application/json
      date:
      - Thu, 20 May 2021 08:17:19 GMT
      expires:
      - '-1'
      pragma:
      - no-cache
      server:
      - Microsoft-Azure-Storage-Resource-Provider/1.0,Microsoft-HTTPAPI/2.0 Microsoft-HTTPAPI/2.0
      strict-transport-security:
      - max-age=31536000; includeSubDomains
      transfer-encoding:
      - chunked
      vary:
      - Accept-Encoding
      x-content-type-options:
      - nosniff
    status:
      code: 200
      message: OK
- request:
    body: null
    headers:
      Accept:
      - application/json
      Accept-Encoding:
      - gzip, deflate
      CommandName:
      - storage account network-rule add
      Connection:
      - keep-alive
      ParameterSetName:
      - -g --account-name --resource-id --tenant-id
      User-Agent:
      - AZURECLI/2.23.0 azsdk-python-azure-mgmt-storage/16.0.0 Python/3.8.3 (Windows-10-10.0.19041-SP0)
    method: GET
    uri: https://management.azure.com/subscriptions/00000000-0000-0000-0000-000000000000/resourceGroups/cli_test_storage_service_endpoints000001/providers/Microsoft.Storage/storageAccounts/clitest000002?api-version=2020-08-01-preview
  response:
    body:
      string: '{"sku":{"name":"Standard_LRS","tier":"Standard"},"kind":"Storage","id":"/subscriptions/00000000-0000-0000-0000-000000000000/resourceGroups/cli_test_storage_service_endpoints000001/providers/Microsoft.Storage/storageAccounts/clitest000002","name":"clitest000002","type":"Microsoft.Storage/storageAccounts","location":"westus","tags":{},"properties":{"privateEndpointConnections":[],"networkAcls":{"resourceAccessRules":[{"tenantId":"72f988bf-86f1-41af-91ab-2d7cd011db47","resourceId":"/subscriptions/00000000-0000-0000-0000-000000000000/resourceGroups/res9407/providers/Microsoft.Synapse/workspaces/testworkspace1"}],"bypass":"AzureServices","virtualNetworkRules":[],"ipRules":[],"defaultAction":"Allow"},"supportsHttpsTrafficOnly":true,"encryption":{"services":{"file":{"keyType":"Account","enabled":true,"lastEnabledTime":"2021-05-20T08:16:53.4692259Z"},"blob":{"keyType":"Account","enabled":true,"lastEnabledTime":"2021-05-20T08:16:53.4692259Z"}},"keySource":"Microsoft.Storage"},"provisioningState":"Succeeded","creationTime":"2021-05-20T08:16:53.3911452Z","primaryEndpoints":{"blob":"https://clitest000002.blob.core.windows.net/","queue":"https://clitest000002.queue.core.windows.net/","table":"https://clitest000002.table.core.windows.net/","file":"https://clitest000002.file.core.windows.net/"},"primaryLocation":"westus","statusOfPrimary":"available"}}'
    headers:
      cache-control:
      - no-cache
      content-length:
      - '1460'
      content-type:
      - application/json
      date:
      - Thu, 20 May 2021 08:17:20 GMT
      expires:
      - '-1'
      pragma:
      - no-cache
      server:
      - Microsoft-Azure-Storage-Resource-Provider/1.0,Microsoft-HTTPAPI/2.0 Microsoft-HTTPAPI/2.0
      strict-transport-security:
      - max-age=31536000; includeSubDomains
      transfer-encoding:
      - chunked
      vary:
      - Accept-Encoding
      x-content-type-options:
      - nosniff
    status:
      code: 200
      message: OK
- request:
    body: '{"properties": {"networkAcls": {"bypass": "AzureServices", "resourceAccessRules":
      [{"tenantId": "72f988bf-86f1-41af-91ab-2d7cd011db47", "resourceId": "/subscriptions/00000000-0000-0000-0000-000000000000/resourceGroups/res9407/providers/Microsoft.Synapse/workspaces/testworkspace1"},
      {"tenantId": "72f988bf-86f1-41af-91ab-2d7cd011db47", "resourceId": "/subscriptions/00000000-0000-0000-0000-000000000000/resourceGroups/res9407/providers/Microsoft.Synapse/workspaces/testworkspace2"}],
      "virtualNetworkRules": [], "ipRules": [], "defaultAction": "Allow"}}}'
    headers:
      Accept:
      - application/json
      Accept-Encoding:
      - gzip, deflate
      CommandName:
      - storage account network-rule add
      Connection:
      - keep-alive
      Content-Length:
      - '553'
      Content-Type:
      - application/json
      ParameterSetName:
      - -g --account-name --resource-id --tenant-id
      User-Agent:
      - AZURECLI/2.23.0 azsdk-python-azure-mgmt-storage/16.0.0 Python/3.8.3 (Windows-10-10.0.19041-SP0)
    method: PATCH
    uri: https://management.azure.com/subscriptions/00000000-0000-0000-0000-000000000000/resourceGroups/cli_test_storage_service_endpoints000001/providers/Microsoft.Storage/storageAccounts/clitest000002?api-version=2020-08-01-preview
  response:
    body:
      string: '{"sku":{"name":"Standard_LRS","tier":"Standard"},"kind":"Storage","id":"/subscriptions/00000000-0000-0000-0000-000000000000/resourceGroups/cli_test_storage_service_endpoints000001/providers/Microsoft.Storage/storageAccounts/clitest000002","name":"clitest000002","type":"Microsoft.Storage/storageAccounts","location":"westus","tags":{},"properties":{"privateEndpointConnections":[],"networkAcls":{"resourceAccessRules":[{"tenantId":"72f988bf-86f1-41af-91ab-2d7cd011db47","resourceId":"/subscriptions/00000000-0000-0000-0000-000000000000/resourceGroups/res9407/providers/Microsoft.Synapse/workspaces/testworkspace1"},{"tenantId":"72f988bf-86f1-41af-91ab-2d7cd011db47","resourceId":"/subscriptions/00000000-0000-0000-0000-000000000000/resourceGroups/res9407/providers/Microsoft.Synapse/workspaces/testworkspace2"}],"bypass":"AzureServices","virtualNetworkRules":[],"ipRules":[],"defaultAction":"Allow"},"supportsHttpsTrafficOnly":true,"encryption":{"services":{"file":{"keyType":"Account","enabled":true,"lastEnabledTime":"2021-05-20T08:16:53.4692259Z"},"blob":{"keyType":"Account","enabled":true,"lastEnabledTime":"2021-05-20T08:16:53.4692259Z"}},"keySource":"Microsoft.Storage"},"provisioningState":"Succeeded","creationTime":"2021-05-20T08:16:53.3911452Z","primaryEndpoints":{"blob":"https://clitest000002.blob.core.windows.net/","queue":"https://clitest000002.queue.core.windows.net/","table":"https://clitest000002.table.core.windows.net/","file":"https://clitest000002.file.core.windows.net/"},"primaryLocation":"westus","statusOfPrimary":"available"}}'
    headers:
      cache-control:
      - no-cache
      content-length:
      - '1656'
      content-type:
      - application/json
      date:
      - Thu, 20 May 2021 08:17:21 GMT
      expires:
      - '-1'
      pragma:
      - no-cache
      server:
      - Microsoft-Azure-Storage-Resource-Provider/1.0,Microsoft-HTTPAPI/2.0 Microsoft-HTTPAPI/2.0
      strict-transport-security:
      - max-age=31536000; includeSubDomains
      transfer-encoding:
      - chunked
      vary:
      - Accept-Encoding
      x-content-type-options:
      - nosniff
      x-ms-ratelimit-remaining-subscription-writes:
      - '1198'
    status:
      code: 200
      message: OK
- request:
    body: null
    headers:
      Accept:
      - application/json
      Accept-Encoding:
      - gzip, deflate
      CommandName:
      - storage account network-rule list
      Connection:
      - keep-alive
      ParameterSetName:
      - -g --account-name
      User-Agent:
      - AZURECLI/2.23.0 azsdk-python-azure-mgmt-storage/16.0.0 Python/3.8.3 (Windows-10-10.0.19041-SP0)
    method: GET
    uri: https://management.azure.com/subscriptions/00000000-0000-0000-0000-000000000000/resourceGroups/cli_test_storage_service_endpoints000001/providers/Microsoft.Storage/storageAccounts/clitest000002?api-version=2020-08-01-preview
  response:
    body:
      string: '{"sku":{"name":"Standard_LRS","tier":"Standard"},"kind":"Storage","id":"/subscriptions/00000000-0000-0000-0000-000000000000/resourceGroups/cli_test_storage_service_endpoints000001/providers/Microsoft.Storage/storageAccounts/clitest000002","name":"clitest000002","type":"Microsoft.Storage/storageAccounts","location":"westus","tags":{},"properties":{"privateEndpointConnections":[],"networkAcls":{"resourceAccessRules":[{"tenantId":"72f988bf-86f1-41af-91ab-2d7cd011db47","resourceId":"/subscriptions/00000000-0000-0000-0000-000000000000/resourceGroups/res9407/providers/Microsoft.Synapse/workspaces/testworkspace1"},{"tenantId":"72f988bf-86f1-41af-91ab-2d7cd011db47","resourceId":"/subscriptions/00000000-0000-0000-0000-000000000000/resourceGroups/res9407/providers/Microsoft.Synapse/workspaces/testworkspace2"}],"bypass":"AzureServices","virtualNetworkRules":[],"ipRules":[],"defaultAction":"Allow"},"supportsHttpsTrafficOnly":true,"encryption":{"services":{"file":{"keyType":"Account","enabled":true,"lastEnabledTime":"2021-05-20T08:16:53.4692259Z"},"blob":{"keyType":"Account","enabled":true,"lastEnabledTime":"2021-05-20T08:16:53.4692259Z"}},"keySource":"Microsoft.Storage"},"provisioningState":"Succeeded","creationTime":"2021-05-20T08:16:53.3911452Z","primaryEndpoints":{"blob":"https://clitest000002.blob.core.windows.net/","queue":"https://clitest000002.queue.core.windows.net/","table":"https://clitest000002.table.core.windows.net/","file":"https://clitest000002.file.core.windows.net/"},"primaryLocation":"westus","statusOfPrimary":"available"}}'
    headers:
      cache-control:
      - no-cache
      content-length:
      - '1656'
      content-type:
      - application/json
      date:
      - Thu, 20 May 2021 08:17:23 GMT
      expires:
      - '-1'
      pragma:
      - no-cache
      server:
      - Microsoft-Azure-Storage-Resource-Provider/1.0,Microsoft-HTTPAPI/2.0 Microsoft-HTTPAPI/2.0
      strict-transport-security:
      - max-age=31536000; includeSubDomains
      transfer-encoding:
      - chunked
      vary:
      - Accept-Encoding
      x-content-type-options:
      - nosniff
    status:
      code: 200
      message: OK
- request:
    body: null
    headers:
      Accept:
      - application/json
      Accept-Encoding:
      - gzip, deflate
      CommandName:
      - storage account network-rule add
      Connection:
      - keep-alive
      ParameterSetName:
      - -g --account-name --resource-id --tenant-id
      User-Agent:
      - AZURECLI/2.23.0 azsdk-python-azure-mgmt-storage/16.0.0 Python/3.8.3 (Windows-10-10.0.19041-SP0)
    method: GET
    uri: https://management.azure.com/subscriptions/00000000-0000-0000-0000-000000000000/resourceGroups/cli_test_storage_service_endpoints000001/providers/Microsoft.Storage/storageAccounts/clitest000002?api-version=2020-08-01-preview
  response:
    body:
      string: '{"sku":{"name":"Standard_LRS","tier":"Standard"},"kind":"Storage","id":"/subscriptions/00000000-0000-0000-0000-000000000000/resourceGroups/cli_test_storage_service_endpoints000001/providers/Microsoft.Storage/storageAccounts/clitest000002","name":"clitest000002","type":"Microsoft.Storage/storageAccounts","location":"westus","tags":{},"properties":{"privateEndpointConnections":[],"networkAcls":{"resourceAccessRules":[{"tenantId":"72f988bf-86f1-41af-91ab-2d7cd011db47","resourceId":"/subscriptions/00000000-0000-0000-0000-000000000000/resourceGroups/res9407/providers/Microsoft.Synapse/workspaces/testworkspace1"},{"tenantId":"72f988bf-86f1-41af-91ab-2d7cd011db47","resourceId":"/subscriptions/00000000-0000-0000-0000-000000000000/resourceGroups/res9407/providers/Microsoft.Synapse/workspaces/testworkspace2"}],"bypass":"AzureServices","virtualNetworkRules":[],"ipRules":[],"defaultAction":"Allow"},"supportsHttpsTrafficOnly":true,"encryption":{"services":{"file":{"keyType":"Account","enabled":true,"lastEnabledTime":"2021-05-20T08:16:53.4692259Z"},"blob":{"keyType":"Account","enabled":true,"lastEnabledTime":"2021-05-20T08:16:53.4692259Z"}},"keySource":"Microsoft.Storage"},"provisioningState":"Succeeded","creationTime":"2021-05-20T08:16:53.3911452Z","primaryEndpoints":{"blob":"https://clitest000002.blob.core.windows.net/","queue":"https://clitest000002.queue.core.windows.net/","table":"https://clitest000002.table.core.windows.net/","file":"https://clitest000002.file.core.windows.net/"},"primaryLocation":"westus","statusOfPrimary":"available"}}'
    headers:
      cache-control:
      - no-cache
      content-length:
      - '1656'
      content-type:
      - application/json
      date:
      - Thu, 20 May 2021 08:17:24 GMT
      expires:
      - '-1'
      pragma:
      - no-cache
      server:
      - Microsoft-Azure-Storage-Resource-Provider/1.0,Microsoft-HTTPAPI/2.0 Microsoft-HTTPAPI/2.0
      strict-transport-security:
      - max-age=31536000; includeSubDomains
      transfer-encoding:
      - chunked
      vary:
      - Accept-Encoding
      x-content-type-options:
      - nosniff
    status:
      code: 200
      message: OK
- request:
    body: '{"properties": {"networkAcls": {"bypass": "AzureServices", "resourceAccessRules":
      [{"tenantId": "72f988bf-86f1-41af-91ab-2d7cd011db47", "resourceId": "/subscriptions/00000000-0000-0000-0000-000000000000/resourceGroups/res9407/providers/Microsoft.Synapse/workspaces/testworkspace1"},
      {"tenantId": "72f988bf-86f1-41af-91ab-2d7cd011db47", "resourceId": "/subscriptions/00000000-0000-0000-0000-000000000000/resourceGroups/res9407/providers/Microsoft.Synapse/workspaces/testworkspace2"},
      {"tenantId": "72f988bf-86f1-41af-91ab-2d7cd011db47", "resourceId": "/subscriptions/00000000-0000-0000-0000-000000000000/resourceGroups/res9407/providers/Microsoft.Synapse/workspaces/testworkspace3"}],
      "virtualNetworkRules": [], "ipRules": [], "defaultAction": "Allow"}}}'
    headers:
      Accept:
      - application/json
      Accept-Encoding:
      - gzip, deflate
      CommandName:
      - storage account network-rule add
      Connection:
      - keep-alive
      Content-Length:
      - '753'
      Content-Type:
      - application/json
      ParameterSetName:
      - -g --account-name --resource-id --tenant-id
      User-Agent:
      - AZURECLI/2.23.0 azsdk-python-azure-mgmt-storage/16.0.0 Python/3.8.3 (Windows-10-10.0.19041-SP0)
    method: PATCH
    uri: https://management.azure.com/subscriptions/00000000-0000-0000-0000-000000000000/resourceGroups/cli_test_storage_service_endpoints000001/providers/Microsoft.Storage/storageAccounts/clitest000002?api-version=2020-08-01-preview
  response:
    body:
      string: '{"sku":{"name":"Standard_LRS","tier":"Standard"},"kind":"Storage","id":"/subscriptions/00000000-0000-0000-0000-000000000000/resourceGroups/cli_test_storage_service_endpoints000001/providers/Microsoft.Storage/storageAccounts/clitest000002","name":"clitest000002","type":"Microsoft.Storage/storageAccounts","location":"westus","tags":{},"properties":{"privateEndpointConnections":[],"networkAcls":{"resourceAccessRules":[{"tenantId":"72f988bf-86f1-41af-91ab-2d7cd011db47","resourceId":"/subscriptions/00000000-0000-0000-0000-000000000000/resourceGroups/res9407/providers/Microsoft.Synapse/workspaces/testworkspace1"},{"tenantId":"72f988bf-86f1-41af-91ab-2d7cd011db47","resourceId":"/subscriptions/00000000-0000-0000-0000-000000000000/resourceGroups/res9407/providers/Microsoft.Synapse/workspaces/testworkspace2"},{"tenantId":"72f988bf-86f1-41af-91ab-2d7cd011db47","resourceId":"/subscriptions/00000000-0000-0000-0000-000000000000/resourceGroups/res9407/providers/Microsoft.Synapse/workspaces/testworkspace3"}],"bypass":"AzureServices","virtualNetworkRules":[],"ipRules":[],"defaultAction":"Allow"},"supportsHttpsTrafficOnly":true,"encryption":{"services":{"file":{"keyType":"Account","enabled":true,"lastEnabledTime":"2021-05-20T08:16:53.4692259Z"},"blob":{"keyType":"Account","enabled":true,"lastEnabledTime":"2021-05-20T08:16:53.4692259Z"}},"keySource":"Microsoft.Storage"},"provisioningState":"Succeeded","creationTime":"2021-05-20T08:16:53.3911452Z","primaryEndpoints":{"blob":"https://clitest000002.blob.core.windows.net/","queue":"https://clitest000002.queue.core.windows.net/","table":"https://clitest000002.table.core.windows.net/","file":"https://clitest000002.file.core.windows.net/"},"primaryLocation":"westus","statusOfPrimary":"available"}}'
    headers:
      cache-control:
      - no-cache
      content-length:
      - '1852'
      content-type:
      - application/json
      date:
      - Thu, 20 May 2021 08:17:25 GMT
      expires:
      - '-1'
      pragma:
      - no-cache
      server:
      - Microsoft-Azure-Storage-Resource-Provider/1.0,Microsoft-HTTPAPI/2.0 Microsoft-HTTPAPI/2.0
      strict-transport-security:
      - max-age=31536000; includeSubDomains
      transfer-encoding:
      - chunked
      vary:
      - Accept-Encoding
      x-content-type-options:
      - nosniff
      x-ms-ratelimit-remaining-subscription-writes:
      - '1199'
    status:
      code: 200
      message: OK
- request:
    body: null
    headers:
      Accept:
      - application/json
      Accept-Encoding:
      - gzip, deflate
      CommandName:
      - storage account network-rule list
      Connection:
      - keep-alive
      ParameterSetName:
      - -g --account-name
      User-Agent:
      - AZURECLI/2.23.0 azsdk-python-azure-mgmt-storage/16.0.0 Python/3.8.3 (Windows-10-10.0.19041-SP0)
    method: GET
    uri: https://management.azure.com/subscriptions/00000000-0000-0000-0000-000000000000/resourceGroups/cli_test_storage_service_endpoints000001/providers/Microsoft.Storage/storageAccounts/clitest000002?api-version=2020-08-01-preview
  response:
    body:
      string: '{"sku":{"name":"Standard_LRS","tier":"Standard"},"kind":"Storage","id":"/subscriptions/00000000-0000-0000-0000-000000000000/resourceGroups/cli_test_storage_service_endpoints000001/providers/Microsoft.Storage/storageAccounts/clitest000002","name":"clitest000002","type":"Microsoft.Storage/storageAccounts","location":"westus","tags":{},"properties":{"privateEndpointConnections":[],"networkAcls":{"resourceAccessRules":[{"tenantId":"72f988bf-86f1-41af-91ab-2d7cd011db47","resourceId":"/subscriptions/00000000-0000-0000-0000-000000000000/resourceGroups/res9407/providers/Microsoft.Synapse/workspaces/testworkspace1"},{"tenantId":"72f988bf-86f1-41af-91ab-2d7cd011db47","resourceId":"/subscriptions/00000000-0000-0000-0000-000000000000/resourceGroups/res9407/providers/Microsoft.Synapse/workspaces/testworkspace2"},{"tenantId":"72f988bf-86f1-41af-91ab-2d7cd011db47","resourceId":"/subscriptions/00000000-0000-0000-0000-000000000000/resourceGroups/res9407/providers/Microsoft.Synapse/workspaces/testworkspace3"}],"bypass":"AzureServices","virtualNetworkRules":[],"ipRules":[],"defaultAction":"Allow"},"supportsHttpsTrafficOnly":true,"encryption":{"services":{"file":{"keyType":"Account","enabled":true,"lastEnabledTime":"2021-05-20T08:16:53.4692259Z"},"blob":{"keyType":"Account","enabled":true,"lastEnabledTime":"2021-05-20T08:16:53.4692259Z"}},"keySource":"Microsoft.Storage"},"provisioningState":"Succeeded","creationTime":"2021-05-20T08:16:53.3911452Z","primaryEndpoints":{"blob":"https://clitest000002.blob.core.windows.net/","queue":"https://clitest000002.queue.core.windows.net/","table":"https://clitest000002.table.core.windows.net/","file":"https://clitest000002.file.core.windows.net/"},"primaryLocation":"westus","statusOfPrimary":"available"}}'
    headers:
      cache-control:
      - no-cache
      content-length:
      - '1852'
      content-type:
      - application/json
      date:
      - Thu, 20 May 2021 08:17:26 GMT
      expires:
      - '-1'
      pragma:
      - no-cache
      server:
      - Microsoft-Azure-Storage-Resource-Provider/1.0,Microsoft-HTTPAPI/2.0 Microsoft-HTTPAPI/2.0
      strict-transport-security:
      - max-age=31536000; includeSubDomains
      transfer-encoding:
      - chunked
      vary:
      - Accept-Encoding
      x-content-type-options:
      - nosniff
    status:
      code: 200
      message: OK
- request:
    body: null
    headers:
      Accept:
      - application/json
      Accept-Encoding:
      - gzip, deflate
      CommandName:
      - storage account network-rule remove
      Connection:
      - keep-alive
      ParameterSetName:
      - -g --account-name --resource-id --tenant-id
      User-Agent:
      - AZURECLI/2.23.0 azsdk-python-azure-mgmt-storage/16.0.0 Python/3.8.3 (Windows-10-10.0.19041-SP0)
    method: GET
    uri: https://management.azure.com/subscriptions/00000000-0000-0000-0000-000000000000/resourceGroups/cli_test_storage_service_endpoints000001/providers/Microsoft.Storage/storageAccounts/clitest000002?api-version=2020-08-01-preview
  response:
    body:
      string: '{"sku":{"name":"Standard_LRS","tier":"Standard"},"kind":"Storage","id":"/subscriptions/00000000-0000-0000-0000-000000000000/resourceGroups/cli_test_storage_service_endpoints000001/providers/Microsoft.Storage/storageAccounts/clitest000002","name":"clitest000002","type":"Microsoft.Storage/storageAccounts","location":"westus","tags":{},"properties":{"privateEndpointConnections":[],"networkAcls":{"resourceAccessRules":[{"tenantId":"72f988bf-86f1-41af-91ab-2d7cd011db47","resourceId":"/subscriptions/00000000-0000-0000-0000-000000000000/resourceGroups/res9407/providers/Microsoft.Synapse/workspaces/testworkspace1"},{"tenantId":"72f988bf-86f1-41af-91ab-2d7cd011db47","resourceId":"/subscriptions/00000000-0000-0000-0000-000000000000/resourceGroups/res9407/providers/Microsoft.Synapse/workspaces/testworkspace2"},{"tenantId":"72f988bf-86f1-41af-91ab-2d7cd011db47","resourceId":"/subscriptions/00000000-0000-0000-0000-000000000000/resourceGroups/res9407/providers/Microsoft.Synapse/workspaces/testworkspace3"}],"bypass":"AzureServices","virtualNetworkRules":[],"ipRules":[],"defaultAction":"Allow"},"supportsHttpsTrafficOnly":true,"encryption":{"services":{"file":{"keyType":"Account","enabled":true,"lastEnabledTime":"2021-05-20T08:16:53.4692259Z"},"blob":{"keyType":"Account","enabled":true,"lastEnabledTime":"2021-05-20T08:16:53.4692259Z"}},"keySource":"Microsoft.Storage"},"provisioningState":"Succeeded","creationTime":"2021-05-20T08:16:53.3911452Z","primaryEndpoints":{"blob":"https://clitest000002.blob.core.windows.net/","queue":"https://clitest000002.queue.core.windows.net/","table":"https://clitest000002.table.core.windows.net/","file":"https://clitest000002.file.core.windows.net/"},"primaryLocation":"westus","statusOfPrimary":"available"}}'
    headers:
      cache-control:
      - no-cache
      content-length:
      - '1852'
      content-type:
      - application/json
      date:
      - Thu, 20 May 2021 08:17:26 GMT
      expires:
      - '-1'
      pragma:
      - no-cache
      server:
      - Microsoft-Azure-Storage-Resource-Provider/1.0,Microsoft-HTTPAPI/2.0 Microsoft-HTTPAPI/2.0
      strict-transport-security:
      - max-age=31536000; includeSubDomains
      transfer-encoding:
      - chunked
      vary:
      - Accept-Encoding
      x-content-type-options:
      - nosniff
    status:
      code: 200
      message: OK
- request:
    body: '{"properties": {"networkAcls": {"bypass": "AzureServices", "resourceAccessRules":
      [{"tenantId": "72f988bf-86f1-41af-91ab-2d7cd011db47", "resourceId": "/subscriptions/00000000-0000-0000-0000-000000000000/resourceGroups/res9407/providers/Microsoft.Synapse/workspaces/testworkspace2"},
      {"tenantId": "72f988bf-86f1-41af-91ab-2d7cd011db47", "resourceId": "/subscriptions/00000000-0000-0000-0000-000000000000/resourceGroups/res9407/providers/Microsoft.Synapse/workspaces/testworkspace3"}],
      "virtualNetworkRules": [], "ipRules": [], "defaultAction": "Allow"}}}'
    headers:
      Accept:
      - application/json
      Accept-Encoding:
      - gzip, deflate
      CommandName:
      - storage account network-rule remove
      Connection:
      - keep-alive
      Content-Length:
      - '553'
      Content-Type:
      - application/json
      ParameterSetName:
      - -g --account-name --resource-id --tenant-id
      User-Agent:
      - AZURECLI/2.23.0 azsdk-python-azure-mgmt-storage/16.0.0 Python/3.8.3 (Windows-10-10.0.19041-SP0)
    method: PATCH
    uri: https://management.azure.com/subscriptions/00000000-0000-0000-0000-000000000000/resourceGroups/cli_test_storage_service_endpoints000001/providers/Microsoft.Storage/storageAccounts/clitest000002?api-version=2020-08-01-preview
  response:
    body:
      string: '{"sku":{"name":"Standard_LRS","tier":"Standard"},"kind":"Storage","id":"/subscriptions/00000000-0000-0000-0000-000000000000/resourceGroups/cli_test_storage_service_endpoints000001/providers/Microsoft.Storage/storageAccounts/clitest000002","name":"clitest000002","type":"Microsoft.Storage/storageAccounts","location":"westus","tags":{},"properties":{"privateEndpointConnections":[],"networkAcls":{"resourceAccessRules":[{"tenantId":"72f988bf-86f1-41af-91ab-2d7cd011db47","resourceId":"/subscriptions/00000000-0000-0000-0000-000000000000/resourceGroups/res9407/providers/Microsoft.Synapse/workspaces/testworkspace2"},{"tenantId":"72f988bf-86f1-41af-91ab-2d7cd011db47","resourceId":"/subscriptions/00000000-0000-0000-0000-000000000000/resourceGroups/res9407/providers/Microsoft.Synapse/workspaces/testworkspace3"}],"bypass":"AzureServices","virtualNetworkRules":[],"ipRules":[],"defaultAction":"Allow"},"supportsHttpsTrafficOnly":true,"encryption":{"services":{"file":{"keyType":"Account","enabled":true,"lastEnabledTime":"2021-05-20T08:16:53.4692259Z"},"blob":{"keyType":"Account","enabled":true,"lastEnabledTime":"2021-05-20T08:16:53.4692259Z"}},"keySource":"Microsoft.Storage"},"provisioningState":"Succeeded","creationTime":"2021-05-20T08:16:53.3911452Z","primaryEndpoints":{"blob":"https://clitest000002.blob.core.windows.net/","queue":"https://clitest000002.queue.core.windows.net/","table":"https://clitest000002.table.core.windows.net/","file":"https://clitest000002.file.core.windows.net/"},"primaryLocation":"westus","statusOfPrimary":"available"}}'
    headers:
      cache-control:
      - no-cache
      content-length:
      - '1656'
      content-type:
      - application/json
      date:
      - Thu, 20 May 2021 08:17:26 GMT
      expires:
      - '-1'
      pragma:
      - no-cache
      server:
      - Microsoft-Azure-Storage-Resource-Provider/1.0,Microsoft-HTTPAPI/2.0 Microsoft-HTTPAPI/2.0
      strict-transport-security:
      - max-age=31536000; includeSubDomains
      transfer-encoding:
      - chunked
      vary:
      - Accept-Encoding
      x-content-type-options:
      - nosniff
      x-ms-ratelimit-remaining-subscription-writes:
      - '1199'
    status:
      code: 200
      message: OK
- request:
    body: null
    headers:
      Accept:
      - application/json
      Accept-Encoding:
      - gzip, deflate
      CommandName:
      - storage account network-rule list
      Connection:
      - keep-alive
      ParameterSetName:
      - -g --account-name
      User-Agent:
      - AZURECLI/2.23.0 azsdk-python-azure-mgmt-storage/16.0.0 Python/3.8.3 (Windows-10-10.0.19041-SP0)
    method: GET
    uri: https://management.azure.com/subscriptions/00000000-0000-0000-0000-000000000000/resourceGroups/cli_test_storage_service_endpoints000001/providers/Microsoft.Storage/storageAccounts/clitest000002?api-version=2020-08-01-preview
  response:
    body:
      string: '{"sku":{"name":"Standard_LRS","tier":"Standard"},"kind":"Storage","id":"/subscriptions/00000000-0000-0000-0000-000000000000/resourceGroups/cli_test_storage_service_endpoints000001/providers/Microsoft.Storage/storageAccounts/clitest000002","name":"clitest000002","type":"Microsoft.Storage/storageAccounts","location":"westus","tags":{},"properties":{"privateEndpointConnections":[],"networkAcls":{"resourceAccessRules":[{"tenantId":"72f988bf-86f1-41af-91ab-2d7cd011db47","resourceId":"/subscriptions/00000000-0000-0000-0000-000000000000/resourceGroups/res9407/providers/Microsoft.Synapse/workspaces/testworkspace2"},{"tenantId":"72f988bf-86f1-41af-91ab-2d7cd011db47","resourceId":"/subscriptions/00000000-0000-0000-0000-000000000000/resourceGroups/res9407/providers/Microsoft.Synapse/workspaces/testworkspace3"}],"bypass":"AzureServices","virtualNetworkRules":[],"ipRules":[],"defaultAction":"Allow"},"supportsHttpsTrafficOnly":true,"encryption":{"services":{"file":{"keyType":"Account","enabled":true,"lastEnabledTime":"2021-05-20T08:16:53.4692259Z"},"blob":{"keyType":"Account","enabled":true,"lastEnabledTime":"2021-05-20T08:16:53.4692259Z"}},"keySource":"Microsoft.Storage"},"provisioningState":"Succeeded","creationTime":"2021-05-20T08:16:53.3911452Z","primaryEndpoints":{"blob":"https://clitest000002.blob.core.windows.net/","queue":"https://clitest000002.queue.core.windows.net/","table":"https://clitest000002.table.core.windows.net/","file":"https://clitest000002.file.core.windows.net/"},"primaryLocation":"westus","statusOfPrimary":"available"}}'
    headers:
      cache-control:
      - no-cache
      content-length:
      - '1656'
      content-type:
      - application/json
      date:
      - Thu, 20 May 2021 08:17:28 GMT
      expires:
      - '-1'
      pragma:
      - no-cache
      server:
      - Microsoft-Azure-Storage-Resource-Provider/1.0,Microsoft-HTTPAPI/2.0 Microsoft-HTTPAPI/2.0
      strict-transport-security:
      - max-age=31536000; includeSubDomains
      transfer-encoding:
      - chunked
      vary:
      - Accept-Encoding
      x-content-type-options:
      - nosniff
    status:
      code: 200
      message: OK
- request:
    body: null
    headers:
      Accept:
      - application/json
      Accept-Encoding:
      - gzip, deflate
      CommandName:
      - storage account network-rule remove
      Connection:
      - keep-alive
      ParameterSetName:
      - -g --account-name --resource-id --tenant-id
      User-Agent:
      - AZURECLI/2.23.0 azsdk-python-azure-mgmt-storage/16.0.0 Python/3.8.3 (Windows-10-10.0.19041-SP0)
    method: GET
    uri: https://management.azure.com/subscriptions/00000000-0000-0000-0000-000000000000/resourceGroups/cli_test_storage_service_endpoints000001/providers/Microsoft.Storage/storageAccounts/clitest000002?api-version=2020-08-01-preview
  response:
    body:
      string: '{"sku":{"name":"Standard_LRS","tier":"Standard"},"kind":"Storage","id":"/subscriptions/00000000-0000-0000-0000-000000000000/resourceGroups/cli_test_storage_service_endpoints000001/providers/Microsoft.Storage/storageAccounts/clitest000002","name":"clitest000002","type":"Microsoft.Storage/storageAccounts","location":"westus","tags":{},"properties":{"privateEndpointConnections":[],"networkAcls":{"resourceAccessRules":[{"tenantId":"72f988bf-86f1-41af-91ab-2d7cd011db47","resourceId":"/subscriptions/00000000-0000-0000-0000-000000000000/resourceGroups/res9407/providers/Microsoft.Synapse/workspaces/testworkspace2"},{"tenantId":"72f988bf-86f1-41af-91ab-2d7cd011db47","resourceId":"/subscriptions/00000000-0000-0000-0000-000000000000/resourceGroups/res9407/providers/Microsoft.Synapse/workspaces/testworkspace3"}],"bypass":"AzureServices","virtualNetworkRules":[],"ipRules":[],"defaultAction":"Allow"},"supportsHttpsTrafficOnly":true,"encryption":{"services":{"file":{"keyType":"Account","enabled":true,"lastEnabledTime":"2021-05-20T08:16:53.4692259Z"},"blob":{"keyType":"Account","enabled":true,"lastEnabledTime":"2021-05-20T08:16:53.4692259Z"}},"keySource":"Microsoft.Storage"},"provisioningState":"Succeeded","creationTime":"2021-05-20T08:16:53.3911452Z","primaryEndpoints":{"blob":"https://clitest000002.blob.core.windows.net/","queue":"https://clitest000002.queue.core.windows.net/","table":"https://clitest000002.table.core.windows.net/","file":"https://clitest000002.file.core.windows.net/"},"primaryLocation":"westus","statusOfPrimary":"available"}}'
    headers:
      cache-control:
      - no-cache
      content-length:
      - '1656'
      content-type:
      - application/json
      date:
      - Thu, 20 May 2021 08:17:29 GMT
      expires:
      - '-1'
      pragma:
      - no-cache
      server:
      - Microsoft-Azure-Storage-Resource-Provider/1.0,Microsoft-HTTPAPI/2.0 Microsoft-HTTPAPI/2.0
      strict-transport-security:
      - max-age=31536000; includeSubDomains
      transfer-encoding:
      - chunked
      vary:
      - Accept-Encoding
      x-content-type-options:
      - nosniff
    status:
      code: 200
      message: OK
- request:
    body: '{"properties": {"networkAcls": {"bypass": "AzureServices", "resourceAccessRules":
      [{"tenantId": "72f988bf-86f1-41af-91ab-2d7cd011db47", "resourceId": "/subscriptions/00000000-0000-0000-0000-000000000000/resourceGroups/res9407/providers/Microsoft.Synapse/workspaces/testworkspace3"}],
      "virtualNetworkRules": [], "ipRules": [], "defaultAction": "Allow"}}}'
    headers:
      Accept:
      - application/json
      Accept-Encoding:
      - gzip, deflate
      CommandName:
      - storage account network-rule remove
      Connection:
      - keep-alive
      Content-Length:
      - '353'
      Content-Type:
      - application/json
      ParameterSetName:
      - -g --account-name --resource-id --tenant-id
      User-Agent:
      - AZURECLI/2.23.0 azsdk-python-azure-mgmt-storage/16.0.0 Python/3.8.3 (Windows-10-10.0.19041-SP0)
    method: PATCH
    uri: https://management.azure.com/subscriptions/00000000-0000-0000-0000-000000000000/resourceGroups/cli_test_storage_service_endpoints000001/providers/Microsoft.Storage/storageAccounts/clitest000002?api-version=2020-08-01-preview
  response:
    body:
      string: '{"sku":{"name":"Standard_LRS","tier":"Standard"},"kind":"Storage","id":"/subscriptions/00000000-0000-0000-0000-000000000000/resourceGroups/cli_test_storage_service_endpoints000001/providers/Microsoft.Storage/storageAccounts/clitest000002","name":"clitest000002","type":"Microsoft.Storage/storageAccounts","location":"westus","tags":{},"properties":{"privateEndpointConnections":[],"networkAcls":{"resourceAccessRules":[{"tenantId":"72f988bf-86f1-41af-91ab-2d7cd011db47","resourceId":"/subscriptions/00000000-0000-0000-0000-000000000000/resourceGroups/res9407/providers/Microsoft.Synapse/workspaces/testworkspace3"}],"bypass":"AzureServices","virtualNetworkRules":[],"ipRules":[],"defaultAction":"Allow"},"supportsHttpsTrafficOnly":true,"encryption":{"services":{"file":{"keyType":"Account","enabled":true,"lastEnabledTime":"2021-05-20T08:16:53.4692259Z"},"blob":{"keyType":"Account","enabled":true,"lastEnabledTime":"2021-05-20T08:16:53.4692259Z"}},"keySource":"Microsoft.Storage"},"provisioningState":"Succeeded","creationTime":"2021-05-20T08:16:53.3911452Z","primaryEndpoints":{"blob":"https://clitest000002.blob.core.windows.net/","queue":"https://clitest000002.queue.core.windows.net/","table":"https://clitest000002.table.core.windows.net/","file":"https://clitest000002.file.core.windows.net/"},"primaryLocation":"westus","statusOfPrimary":"available"}}'
    headers:
      cache-control:
      - no-cache
      content-length:
      - '1460'
      content-type:
      - application/json
      date:
      - Thu, 20 May 2021 08:17:30 GMT
      expires:
      - '-1'
      pragma:
      - no-cache
      server:
      - Microsoft-Azure-Storage-Resource-Provider/1.0,Microsoft-HTTPAPI/2.0 Microsoft-HTTPAPI/2.0
      strict-transport-security:
      - max-age=31536000; includeSubDomains
      transfer-encoding:
      - chunked
      vary:
      - Accept-Encoding
      x-content-type-options:
      - nosniff
      x-ms-ratelimit-remaining-subscription-writes:
      - '1199'
    status:
      code: 200
      message: OK
- request:
    body: null
    headers:
      Accept:
      - application/json
      Accept-Encoding:
      - gzip, deflate
      CommandName:
      - storage account network-rule list
      Connection:
      - keep-alive
      ParameterSetName:
      - -g --account-name
      User-Agent:
      - AZURECLI/2.23.0 azsdk-python-azure-mgmt-storage/16.0.0 Python/3.8.3 (Windows-10-10.0.19041-SP0)
    method: GET
    uri: https://management.azure.com/subscriptions/00000000-0000-0000-0000-000000000000/resourceGroups/cli_test_storage_service_endpoints000001/providers/Microsoft.Storage/storageAccounts/clitest000002?api-version=2020-08-01-preview
  response:
    body:
      string: '{"sku":{"name":"Standard_LRS","tier":"Standard"},"kind":"Storage","id":"/subscriptions/00000000-0000-0000-0000-000000000000/resourceGroups/cli_test_storage_service_endpoints000001/providers/Microsoft.Storage/storageAccounts/clitest000002","name":"clitest000002","type":"Microsoft.Storage/storageAccounts","location":"westus","tags":{},"properties":{"privateEndpointConnections":[],"networkAcls":{"resourceAccessRules":[{"tenantId":"72f988bf-86f1-41af-91ab-2d7cd011db47","resourceId":"/subscriptions/00000000-0000-0000-0000-000000000000/resourceGroups/res9407/providers/Microsoft.Synapse/workspaces/testworkspace3"}],"bypass":"AzureServices","virtualNetworkRules":[],"ipRules":[],"defaultAction":"Allow"},"supportsHttpsTrafficOnly":true,"encryption":{"services":{"file":{"keyType":"Account","enabled":true,"lastEnabledTime":"2021-05-20T08:16:53.4692259Z"},"blob":{"keyType":"Account","enabled":true,"lastEnabledTime":"2021-05-20T08:16:53.4692259Z"}},"keySource":"Microsoft.Storage"},"provisioningState":"Succeeded","creationTime":"2021-05-20T08:16:53.3911452Z","primaryEndpoints":{"blob":"https://clitest000002.blob.core.windows.net/","queue":"https://clitest000002.queue.core.windows.net/","table":"https://clitest000002.table.core.windows.net/","file":"https://clitest000002.file.core.windows.net/"},"primaryLocation":"westus","statusOfPrimary":"available"}}'
    headers:
      cache-control:
      - no-cache
      content-length:
      - '1460'
      content-type:
      - application/json
      date:
      - Thu, 20 May 2021 08:17:32 GMT
      expires:
      - '-1'
      pragma:
      - no-cache
      server:
      - Microsoft-Azure-Storage-Resource-Provider/1.0,Microsoft-HTTPAPI/2.0 Microsoft-HTTPAPI/2.0
      strict-transport-security:
      - max-age=31536000; includeSubDomains
      transfer-encoding:
      - chunked
      vary:
      - Accept-Encoding
      x-content-type-options:
      - nosniff
    status:
      code: 200
      message: OK
version: 1
