interactions:
- request:
    body: '{"location": "westus", "tags": {"product": "azurecli", "cause": "automation",
      "date": "2018-09-12T19:25:52Z"}}'
    headers:
      Accept: [application/json]
      Accept-Encoding: ['gzip, deflate']
      CommandName: [group create]
      Connection: [keep-alive]
      Content-Length: ['110']
      Content-Type: [application/json; charset=utf-8]
      User-Agent: [python/3.6.5 (Windows-10-10.0.17134-SP0) requests/2.19.1 msrest/0.5.4
          msrest_azure/0.4.34 resourcemanagementclient/2.0.0 Azure-SDK-For-Python
          AZURECLI/2.0.46]
      accept-language: [en-US]
    method: PUT
    uri: https://management.azure.com/subscriptions/00000000-0000-0000-0000-000000000000/resourcegroups/clitest.rg000001?api-version=2018-05-01
  response:
    body: {string: '{"id":"/subscriptions/00000000-0000-0000-0000-000000000000/resourceGroups/clitest.rg000001","name":"clitest.rg000001","location":"westus","tags":{"product":"azurecli","cause":"automation","date":"2018-09-12T19:25:52Z"},"properties":{"provisioningState":"Succeeded"}}'}
    headers:
      cache-control: [no-cache]
      content-length: ['384']
      content-type: [application/json; charset=utf-8]
      date: ['Wed, 12 Sep 2018 19:25:57 GMT']
      expires: ['-1']
      pragma: [no-cache]
      strict-transport-security: [max-age=31536000; includeSubDomains]
      x-content-type-options: [nosniff]
      x-ms-ratelimit-remaining-subscription-writes: ['1199']
    status: {code: 201, message: Created}
- request:
    body: null
    headers:
      Accept: [application/json]
      Accept-Encoding: ['gzip, deflate']
      CommandName: [storage account create]
      Connection: [keep-alive]
      Content-Type: [application/json; charset=utf-8]
      User-Agent: [python/3.6.5 (Windows-10-10.0.17134-SP0) requests/2.19.1 msrest/0.5.4
          msrest_azure/0.4.34 resourcemanagementclient/2.0.0 Azure-SDK-For-Python
          AZURECLI/2.0.46]
      accept-language: [en-US]
    method: GET
    uri: https://management.azure.com/subscriptions/00000000-0000-0000-0000-000000000000/resourcegroups/clitest.rg000001?api-version=2018-05-01
  response:
    body: {string: '{"id":"/subscriptions/00000000-0000-0000-0000-000000000000/resourceGroups/clitest.rg000001","name":"clitest.rg000001","location":"westus","tags":{"product":"azurecli","cause":"automation","date":"2018-09-12T19:25:52Z"},"properties":{"provisioningState":"Succeeded"}}'}
    headers:
      cache-control: [no-cache]
      content-length: ['384']
      content-type: [application/json; charset=utf-8]
      date: ['Wed, 12 Sep 2018 19:25:57 GMT']
      expires: ['-1']
      pragma: [no-cache]
      strict-transport-security: [max-age=31536000; includeSubDomains]
      vary: [Accept-Encoding]
      x-content-type-options: [nosniff]
    status: {code: 200, message: OK}
- request:
    body: '{"sku": {"name": "Standard_RAGRS"}, "kind": "StorageV2", "location": "westus"}'
    headers:
      Accept: [application/json]
      Accept-Encoding: ['gzip, deflate']
      CommandName: [storage account create]
      Connection: [keep-alive]
      Content-Length: ['78']
      Content-Type: [application/json; charset=utf-8]
      User-Agent: [python/3.6.5 (Windows-10-10.0.17134-SP0) requests/2.19.1 msrest/0.5.4
          msrest_azure/0.4.34 azure-mgmt-storage/2.0.0 Azure-SDK-For-Python AZURECLI/2.0.46]
      accept-language: [en-US]
    method: PUT
    uri: https://management.azure.com/subscriptions/00000000-0000-0000-0000-000000000000/resourceGroups/clitest.rg000001/providers/Microsoft.Storage/storageAccounts/clistorage000002?api-version=2018-07-01
  response:
    body: {string: ''}
    headers:
      cache-control: [no-cache]
      content-length: ['0']
      content-type: [text/plain; charset=utf-8]
      date: ['Wed, 12 Sep 2018 19:25:59 GMT']
      expires: ['-1']
      location: ['https://management.azure.com/subscriptions/00000000-0000-0000-0000-000000000000/providers/Microsoft.Storage/locations/westus/asyncoperations/59d9e110-c269-48e6-9412-168daa61f578?monitor=true&api-version=2018-07-01']
      pragma: [no-cache]
      server: ['Microsoft-Azure-Storage-Resource-Provider/1.0,Microsoft-HTTPAPI/2.0
          Microsoft-HTTPAPI/2.0']
      strict-transport-security: [max-age=31536000; includeSubDomains]
      x-content-type-options: [nosniff]
      x-ms-ratelimit-remaining-subscription-writes: ['1199']
    status: {code: 202, message: Accepted}
- request:
    body: null
    headers:
      Accept: [application/json]
      Accept-Encoding: ['gzip, deflate']
      CommandName: [storage account create]
      Connection: [keep-alive]
      User-Agent: [python/3.6.5 (Windows-10-10.0.17134-SP0) requests/2.19.1 msrest/0.5.4
          msrest_azure/0.4.34 azure-mgmt-storage/2.0.0 Azure-SDK-For-Python AZURECLI/2.0.46]
    method: GET
    uri: https://management.azure.com/subscriptions/00000000-0000-0000-0000-000000000000/providers/Microsoft.Storage/locations/westus/asyncoperations/59d9e110-c269-48e6-9412-168daa61f578?monitor=true&api-version=2018-07-01
  response:
    body: {string: '{"sku":{"name":"Standard_RAGRS","tier":"Standard"},"kind":"StorageV2","id":"/subscriptions/00000000-0000-0000-0000-000000000000/resourceGroups/clitest.rg000001/providers/Microsoft.Storage/storageAccounts/clistorage000002","name":"clistorage000002","type":"Microsoft.Storage/storageAccounts","location":"westus","tags":{},"properties":{"networkAcls":{"bypass":"AzureServices","virtualNetworkRules":[],"ipRules":[],"defaultAction":"Allow"},"trustedDirectories":["72f988bf-86f1-41af-91ab-2d7cd011db47"],"supportsHttpsTrafficOnly":false,"encryption":{"services":{"file":{"enabled":true,"lastEnabledTime":"2018-09-12T19:25:59.1461511Z"},"blob":{"enabled":true,"lastEnabledTime":"2018-09-12T19:25:59.1461511Z"}},"keySource":"Microsoft.Storage"},"accessTier":"Hot","provisioningState":"Succeeded","creationTime":"2018-09-12T19:25:58.8961261Z","primaryEndpoints":{"web":"https://clistorage000002.z22.web.core.windows.net/","blob":"https://clistorage000002.blob.core.windows.net/","queue":"https://clistorage000002.queue.core.windows.net/","table":"https://clistorage000002.table.core.windows.net/","file":"https://clistorage000002.file.core.windows.net/"},"primaryLocation":"westus","statusOfPrimary":"available","secondaryLocation":"eastus","statusOfSecondary":"available","secondaryEndpoints":{"web":"https://clistorage000002-secondary.z22.web.core.windows.net/","blob":"https://clistorage000002-secondary.blob.core.windows.net/","queue":"https://clistorage000002-secondary.queue.core.windows.net/","table":"https://clistorage000002-secondary.table.core.windows.net/"}}}'}
    headers:
      cache-control: [no-cache]
      content-length: ['1667']
      content-type: [application/json]
      date: ['Wed, 12 Sep 2018 19:26:16 GMT']
      expires: ['-1']
      pragma: [no-cache]
      server: ['Microsoft-Azure-Storage-Resource-Provider/1.0,Microsoft-HTTPAPI/2.0
          Microsoft-HTTPAPI/2.0']
      strict-transport-security: [max-age=31536000; includeSubDomains]
      transfer-encoding: [chunked]
      vary: [Accept-Encoding]
      x-content-type-options: [nosniff]
    status: {code: 200, message: OK}
- request:
    body: null
    headers:
      Accept: [application/json]
      Accept-Encoding: ['gzip, deflate']
      CommandName: [storage container create]
      Connection: [keep-alive]
      User-Agent: [python/3.6.5 (Windows-10-10.0.17134-SP0) requests/2.19.1 msrest/0.5.4
          msrest_azure/0.4.34 azure-mgmt-storage/2.0.0 Azure-SDK-For-Python AZURECLI/2.0.46]
      accept-language: [en-US]
    method: GET
    uri: https://management.azure.com/subscriptions/00000000-0000-0000-0000-000000000000/providers/Microsoft.Storage/storageAccounts?api-version=2018-07-01
  response:
    body: {string: '{"value":[{"sku":{"name":"Standard_LRS","tier":"Standard"},"kind":"Storage","id":"/subscriptions/00000000-0000-0000-0000-000000000000/resourceGroups/amar/providers/Microsoft.Storage/storageAccounts/amardiag596","name":"amardiag596","type":"Microsoft.Storage/storageAccounts","location":"eastus","tags":{},"properties":{"networkAcls":{"bypass":"AzureServices","virtualNetworkRules":[],"ipRules":[],"defaultAction":"Allow"},"trustedDirectories":["72f988bf-86f1-41af-91ab-2d7cd011db47"],"supportsHttpsTrafficOnly":false,"encryption":{"services":{"file":{"enabled":true,"lastEnabledTime":"2018-08-08T16:10:29.0593763Z"},"blob":{"enabled":true,"lastEnabledTime":"2018-08-08T16:10:29.0593763Z"}},"keySource":"Microsoft.Storage"},"provisioningState":"Succeeded","creationTime":"2018-08-08T16:10:28.8562508Z","primaryEndpoints":{"blob":"https://amardiag596.blob.core.windows.net/","queue":"https://amardiag596.queue.core.windows.net/","table":"https://amardiag596.table.core.windows.net/","file":"https://amardiag596.file.core.windows.net/"},"primaryLocation":"eastus","statusOfPrimary":"available"}},{"sku":{"name":"Standard_GRS","tier":"Standard"},"kind":"StorageV2","id":"/subscriptions/00000000-0000-0000-0000-000000000000/resourceGroups/amar/providers/Microsoft.Storage/storageAccounts/nodetest12","name":"nodetest12","type":"Microsoft.Storage/storageAccounts","location":"eastus","tags":{},"properties":{"networkAcls":{"bypass":"AzureServices","virtualNetworkRules":[],"ipRules":[],"defaultAction":"Allow"},"trustedDirectories":["72f988bf-86f1-41af-91ab-2d7cd011db47"],"supportsHttpsTrafficOnly":false,"encryption":{"services":{"file":{"enabled":true,"lastEnabledTime":"2018-06-11T22:34:54.8545695Z"},"blob":{"enabled":true,"lastEnabledTime":"2018-06-11T22:34:54.8545695Z"}},"keySource":"Microsoft.Storage"},"accessTier":"Hot","provisioningState":"Succeeded","creationTime":"2018-06-11T22:34:54.6358258Z","primaryEndpoints":{"web":"https://nodetest12.z13.web.core.windows.net/","blob":"https://nodetest12.blob.core.windows.net/","queue":"https://nodetest12.queue.core.windows.net/","table":"https://nodetest12.table.core.windows.net/","file":"https://nodetest12.file.core.windows.net/"},"primaryLocation":"eastus","statusOfPrimary":"available","secondaryLocation":"westus","statusOfSecondary":"available"}},{"sku":{"name":"Standard_RAGRS","tier":"Standard"},"kind":"StorageV2","id":"/subscriptions/00000000-0000-0000-0000-000000000000/resourceGroups/clitest.rgvazkuv27uljwvz2tmnmecw5nuqramhayk7uqkl67gjxfsjfpxhfyxg45cxg2lqz6u/providers/Microsoft.Storage/storageAccounts/clistoragevi5fudbnsq","name":"clistoragevi5fudbnsq","type":"Microsoft.Storage/storageAccounts","location":"westus","tags":{},"properties":{"isHnsEnabled":false,"networkAcls":{"bypass":"AzureServices","virtualNetworkRules":[],"ipRules":[],"defaultAction":"Allow"},"trustedDirectories":["72f988bf-86f1-41af-91ab-2d7cd011db47"],"supportsHttpsTrafficOnly":false,"encryption":{"services":{"file":{"enabled":true,"lastEnabledTime":"2018-08-14T21:27:33.4336328Z"},"blob":{"enabled":true,"lastEnabledTime":"2018-08-14T21:27:33.4336328Z"}},"keySource":"Microsoft.Storage"},"accessTier":"Hot","provisioningState":"Succeeded","creationTime":"2018-08-14T21:27:33.3241912Z","primaryEndpoints":{"web":"https://clistoragevi5fudbnsq.z22.web.core.windows.net/","blob":"https://clistoragevi5fudbnsq.blob.core.windows.net/","queue":"https://clistoragevi5fudbnsq.queue.core.windows.net/","table":"https://clistoragevi5fudbnsq.table.core.windows.net/","file":"https://clistoragevi5fudbnsq.file.core.windows.net/"},"primaryLocation":"westus","statusOfPrimary":"available","secondaryLocation":"eastus","statusOfSecondary":"available","secondaryEndpoints":{"web":"https://clistoragevi5fudbnsq-secondary.z22.web.core.windows.net/","blob":"https://clistoragevi5fudbnsq-secondary.blob.core.windows.net/","queue":"https://clistoragevi5fudbnsq-secondary.queue.core.windows.net/","table":"https://clistoragevi5fudbnsq-secondary.table.core.windows.net/"}}},{"sku":{"name":"Standard_RAGRS","tier":"Standard"},"kind":"StorageV2","id":"/subscriptions/00000000-0000-0000-0000-000000000000/resourceGroups/clitest.rgelvypcebie75casshjcdfo3gxybms7xn6zp46gdvihhxdcqaqcrmdtbx2ldm7e7l2/providers/Microsoft.Storage/storageAccounts/clistorageqnmno3yrja","name":"clistorageqnmno3yrja","type":"Microsoft.Storage/storageAccounts","location":"westus","tags":{},"properties":{"isHnsEnabled":false,"networkAcls":{"bypass":"AzureServices","virtualNetworkRules":[],"ipRules":[],"defaultAction":"Allow"},"trustedDirectories":["72f988bf-86f1-41af-91ab-2d7cd011db47"],"supportsHttpsTrafficOnly":false,"encryption":{"services":{"file":{"enabled":true,"lastEnabledTime":"2018-08-22T17:36:54.9267813Z"},"blob":{"enabled":true,"lastEnabledTime":"2018-08-22T17:36:54.9267813Z"}},"keySource":"Microsoft.Storage"},"accessTier":"Hot","provisioningState":"Succeeded","creationTime":"2018-08-22T17:36:54.7702516Z","primaryEndpoints":{"web":"https://clistorageqnmno3yrja.z22.web.core.windows.net/","blob":"https://clistorageqnmno3yrja.blob.core.windows.net/","queue":"https://clistorageqnmno3yrja.queue.core.windows.net/","table":"https://clistorageqnmno3yrja.table.core.windows.net/","file":"https://clistorageqnmno3yrja.file.core.windows.net/"},"primaryLocation":"westus","statusOfPrimary":"available","secondaryLocation":"eastus","statusOfSecondary":"available","secondaryEndpoints":{"web":"https://clistorageqnmno3yrja-secondary.z22.web.core.windows.net/","blob":"https://clistorageqnmno3yrja-secondary.blob.core.windows.net/","queue":"https://clistorageqnmno3yrja-secondary.queue.core.windows.net/","table":"https://clistorageqnmno3yrja-secondary.table.core.windows.net/"}}},{"sku":{"name":"Standard_LRS","tier":"Standard"},"kind":"Storage","id":"/subscriptions/00000000-0000-0000-0000-000000000000/resourceGroups/clitest.rgn55cggpwekxjygmw7seclja223qg3emmxmzqqlnx5h4fagcydvjjk6gkc2mscqqnc/providers/Microsoft.Storage/storageAccounts/clitestsef7baprj34lqz3gz","name":"clitestsef7baprj34lqz3gz","type":"Microsoft.Storage/storageAccounts","location":"westus","tags":{},"properties":{"networkAcls":{"bypass":"AzureServices","virtualNetworkRules":[],"ipRules":[],"defaultAction":"Allow"},"trustedDirectories":["72f988bf-86f1-41af-91ab-2d7cd011db47"],"supportsHttpsTrafficOnly":false,"encryption":{"services":{"file":{"enabled":true,"lastEnabledTime":"2018-09-12T19:25:59.9273817Z"},"blob":{"enabled":true,"lastEnabledTime":"2018-09-12T19:25:59.9273817Z"}},"keySource":"Microsoft.Storage"},"provisioningState":"Succeeded","creationTime":"2018-09-12T19:25:59.6617528Z","primaryEndpoints":{"blob":"https://clitestsef7baprj34lqz3gz.blob.core.windows.net/","queue":"https://clitestsef7baprj34lqz3gz.queue.core.windows.net/","table":"https://clitestsef7baprj34lqz3gz.table.core.windows.net/","file":"https://clitestsef7baprj34lqz3gz.file.core.windows.net/"},"primaryLocation":"westus","statusOfPrimary":"available"}},{"sku":{"name":"Standard_LRS","tier":"Standard"},"kind":"Storage","id":"/subscriptions/00000000-0000-0000-0000-000000000000/resourceGroups/clitest.rgnmygi57behkdq63jl3dch3xrnswu6lb5gb4bkynd3fp7cntg45nivcvtvevffsuil/providers/Microsoft.Storage/storageAccounts/clitestvk4xpeo4ghsrieu5l","name":"clitestvk4xpeo4ghsrieu5l","type":"Microsoft.Storage/storageAccounts","location":"westus","tags":{},"properties":{"networkAcls":{"bypass":"AzureServices","virtualNetworkRules":[],"ipRules":[],"defaultAction":"Allow"},"trustedDirectories":["72f988bf-86f1-41af-91ab-2d7cd011db47"],"supportsHttpsTrafficOnly":false,"encryption":{"services":{"file":{"enabled":true,"lastEnabledTime":"2018-09-12T19:26:03.6149020Z"},"blob":{"enabled":true,"lastEnabledTime":"2018-09-12T19:26:03.6149020Z"}},"keySource":"Microsoft.Storage"},"provisioningState":"ResolvingDns","creationTime":"2018-09-12T19:26:03.3649067Z","primaryEndpoints":{"blob":"https://clitestvk4xpeo4ghsrieu5l.blob.core.windows.net/","queue":"https://clitestvk4xpeo4ghsrieu5l.queue.core.windows.net/","table":"https://clitestvk4xpeo4ghsrieu5l.table.core.windows.net/","file":"https://clitestvk4xpeo4ghsrieu5l.file.core.windows.net/"},"primaryLocation":"westus","statusOfPrimary":"available"}},{"sku":{"name":"Standard_RAGRS","tier":"Standard"},"kind":"StorageV2","id":"/subscriptions/00000000-0000-0000-0000-000000000000/resourceGroups/clitest.rgv53ne6toxwnk3ii3qckjzgloo3zfwopfsftzutfv56smt2lyiaa7gbk6bczoxz2on/providers/Microsoft.Storage/storageAccounts/clistorageklpiwb33bn","name":"clistorageklpiwb33bn","type":"Microsoft.Storage/storageAccounts","location":"westus","tags":{},"properties":{"networkAcls":{"bypass":"AzureServices","virtualNetworkRules":[],"ipRules":[],"defaultAction":"Allow"},"trustedDirectories":["72f988bf-86f1-41af-91ab-2d7cd011db47"],"supportsHttpsTrafficOnly":false,"encryption":{"services":{"file":{"enabled":true,"lastEnabledTime":"2018-09-12T19:25:59.4430277Z"},"blob":{"enabled":true,"lastEnabledTime":"2018-09-12T19:25:59.4430277Z"}},"keySource":"Microsoft.Storage"},"accessTier":"Hot","provisioningState":"Succeeded","creationTime":"2018-09-12T19:25:59.0055254Z","primaryEndpoints":{"web":"https://clistorageklpiwb33bn.z22.web.core.windows.net/","blob":"https://clistorageklpiwb33bn.blob.core.windows.net/","queue":"https://clistorageklpiwb33bn.queue.core.windows.net/","table":"https://clistorageklpiwb33bn.table.core.windows.net/","file":"https://clistorageklpiwb33bn.file.core.windows.net/"},"primaryLocation":"westus","statusOfPrimary":"available","secondaryLocation":"eastus","statusOfSecondary":"available","secondaryEndpoints":{"web":"https://clistorageklpiwb33bn-secondary.z22.web.core.windows.net/","blob":"https://clistorageklpiwb33bn-secondary.blob.core.windows.net/","queue":"https://clistorageklpiwb33bn-secondary.queue.core.windows.net/","table":"https://clistorageklpiwb33bn-secondary.table.core.windows.net/"}}},{"sku":{"name":"Standard_RAGRS","tier":"Standard"},"kind":"StorageV2","id":"/subscriptions/00000000-0000-0000-0000-000000000000/resourceGroups/clitest.rg6lcblrcfuy56nybdtlwez5kpklvczltjbt5u6yqiamvlkisyw53gbzepfvipm6opr/providers/Microsoft.Storage/storageAccounts/clistoragenwbh6jsk37","name":"clistoragenwbh6jsk37","type":"Microsoft.Storage/storageAccounts","location":"westus","tags":{},"properties":{"isHnsEnabled":false,"networkAcls":{"bypass":"AzureServices","virtualNetworkRules":[],"ipRules":[],"defaultAction":"Allow"},"trustedDirectories":["72f988bf-86f1-41af-91ab-2d7cd011db47"],"supportsHttpsTrafficOnly":false,"encryption":{"services":{"file":{"enabled":true,"lastEnabledTime":"2018-08-16T00:11:59.1916112Z"},"blob":{"enabled":true,"lastEnabledTime":"2018-08-16T00:11:59.1916112Z"}},"keySource":"Microsoft.Storage"},"accessTier":"Hot","provisioningState":"Succeeded","creationTime":"2018-08-16T00:11:59.0978516Z","primaryEndpoints":{"web":"https://clistoragenwbh6jsk37.z22.web.core.windows.net/","blob":"https://clistoragenwbh6jsk37.blob.core.windows.net/","queue":"https://clistoragenwbh6jsk37.queue.core.windows.net/","table":"https://clistoragenwbh6jsk37.table.core.windows.net/","file":"https://clistoragenwbh6jsk37.file.core.windows.net/"},"primaryLocation":"westus","statusOfPrimary":"available","secondaryLocation":"eastus","statusOfSecondary":"available","secondaryEndpoints":{"web":"https://clistoragenwbh6jsk37-secondary.z22.web.core.windows.net/","blob":"https://clistoragenwbh6jsk37-secondary.blob.core.windows.net/","queue":"https://clistoragenwbh6jsk37-secondary.queue.core.windows.net/","table":"https://clistoragenwbh6jsk37-secondary.table.core.windows.net/"}}},{"sku":{"name":"Standard_RAGRS","tier":"Standard"},"kind":"StorageV2","id":"/subscriptions/00000000-0000-0000-0000-000000000000/resourceGroups/clitest.rgxjfd2y6zx7tea3hqe3tqomekc5vxp3tgo6gpuoledm6wo3a2ugtowyy4waukv5rjy/providers/Microsoft.Storage/storageAccounts/clistoragevkmaf7jdkq","name":"clistoragevkmaf7jdkq","type":"Microsoft.Storage/storageAccounts","location":"westus","tags":{},"properties":{"isHnsEnabled":false,"networkAcls":{"bypass":"AzureServices","virtualNetworkRules":[],"ipRules":[],"defaultAction":"Allow"},"trustedDirectories":["72f988bf-86f1-41af-91ab-2d7cd011db47"],"supportsHttpsTrafficOnly":false,"encryption":{"services":{"file":{"enabled":true,"lastEnabledTime":"2018-08-14T01:00:09.5288450Z"},"blob":{"enabled":true,"lastEnabledTime":"2018-08-14T01:00:09.5288450Z"}},"keySource":"Microsoft.Storage"},"accessTier":"Hot","provisioningState":"Succeeded","creationTime":"2018-08-14T01:00:09.4192315Z","primaryEndpoints":{"web":"https://clistoragevkmaf7jdkq.z22.web.core.windows.net/","blob":"https://clistoragevkmaf7jdkq.blob.core.windows.net/","queue":"https://clistoragevkmaf7jdkq.queue.core.windows.net/","table":"https://clistoragevkmaf7jdkq.table.core.windows.net/","file":"https://clistoragevkmaf7jdkq.file.core.windows.net/"},"primaryLocation":"westus","statusOfPrimary":"available","secondaryLocation":"eastus","statusOfSecondary":"available","secondaryEndpoints":{"web":"https://clistoragevkmaf7jdkq-secondary.z22.web.core.windows.net/","blob":"https://clistoragevkmaf7jdkq-secondary.blob.core.windows.net/","queue":"https://clistoragevkmaf7jdkq-secondary.queue.core.windows.net/","table":"https://clistoragevkmaf7jdkq-secondary.table.core.windows.net/"}}},{"sku":{"name":"Standard_RAGRS","tier":"Standard"},"kind":"StorageV2","id":"/subscriptions/00000000-0000-0000-0000-000000000000/resourceGroups/clitest.rgck524lxhki2ki4rxnew5gl7cjisgc3nch5mdttubhuzu6qbdipbf2uhoe73wtyzhn/providers/Microsoft.Storage/storageAccounts/clistoragehda7raqo3s","name":"clistoragehda7raqo3s","type":"Microsoft.Storage/storageAccounts","location":"westus","tags":{},"properties":{"isHnsEnabled":false,"networkAcls":{"bypass":"AzureServices","virtualNetworkRules":[],"ipRules":[],"defaultAction":"Allow"},"trustedDirectories":["72f988bf-86f1-41af-91ab-2d7cd011db47"],"supportsHttpsTrafficOnly":false,"encryption":{"services":{"file":{"enabled":true,"lastEnabledTime":"2018-08-16T17:49:00.7139157Z"},"blob":{"enabled":true,"lastEnabledTime":"2018-08-16T17:49:00.7139157Z"}},"keySource":"Microsoft.Storage"},"accessTier":"Hot","provisioningState":"Succeeded","creationTime":"2018-08-16T17:49:00.4482840Z","primaryEndpoints":{"web":"https://clistoragehda7raqo3s.z22.web.core.windows.net/","blob":"https://clistoragehda7raqo3s.blob.core.windows.net/","queue":"https://clistoragehda7raqo3s.queue.core.windows.net/","table":"https://clistoragehda7raqo3s.table.core.windows.net/","file":"https://clistoragehda7raqo3s.file.core.windows.net/"},"primaryLocation":"westus","statusOfPrimary":"available","secondaryLocation":"eastus","statusOfSecondary":"available","secondaryEndpoints":{"web":"https://clistoragehda7raqo3s-secondary.z22.web.core.windows.net/","blob":"https://clistoragehda7raqo3s-secondary.blob.core.windows.net/","queue":"https://clistoragehda7raqo3s-secondary.queue.core.windows.net/","table":"https://clistoragehda7raqo3s-secondary.table.core.windows.net/"}}},{"sku":{"name":"Standard_LRS","tier":"Standard"},"kind":"Storage","id":"/subscriptions/00000000-0000-0000-0000-000000000000/resourceGroups/clitest.rg7x62gra4vyd7cbbkmykgypjak3vdq4zsqknibqp3qjuqhgiuewljz4pzxbzb6dlz4/providers/Microsoft.Storage/storageAccounts/clitest2bvxlsjt3v4wulvs6","name":"clitest2bvxlsjt3v4wulvs6","type":"Microsoft.Storage/storageAccounts","location":"westus","tags":{},"properties":{"networkAcls":{"bypass":"AzureServices","virtualNetworkRules":[],"ipRules":[],"defaultAction":"Allow"},"trustedDirectories":["72f988bf-86f1-41af-91ab-2d7cd011db47"],"supportsHttpsTrafficOnly":false,"encryption":{"services":{"file":{"enabled":true,"lastEnabledTime":"2018-09-12T19:26:03.0211441Z"},"blob":{"enabled":true,"lastEnabledTime":"2018-09-12T19:26:03.0211441Z"}},"keySource":"Microsoft.Storage"},"provisioningState":"ResolvingDns","creationTime":"2018-09-12T19:26:02.6930291Z","primaryEndpoints":{"blob":"https://clitest2bvxlsjt3v4wulvs6.blob.core.windows.net/","queue":"https://clitest2bvxlsjt3v4wulvs6.queue.core.windows.net/","table":"https://clitest2bvxlsjt3v4wulvs6.table.core.windows.net/","file":"https://clitest2bvxlsjt3v4wulvs6.file.core.windows.net/"},"primaryLocation":"westus","statusOfPrimary":"available"}},{"sku":{"name":"Standard_RAGRS","tier":"Standard"},"kind":"StorageV2","id":"/subscriptions/00000000-0000-0000-0000-000000000000/resourceGroups/clitest.rgmtgeyhv55fxzhqjkb3ynjqw5ljlhjp3btqdavs7hcmx33z7vu6ytan6ere7n5c4x5/providers/Microsoft.Storage/storageAccounts/clistoragejqhqxuct23","name":"clistoragejqhqxuct23","type":"Microsoft.Storage/storageAccounts","location":"westus","tags":{},"properties":{"isHnsEnabled":false,"networkAcls":{"bypass":"AzureServices","virtualNetworkRules":[],"ipRules":[],"defaultAction":"Allow"},"trustedDirectories":["72f988bf-86f1-41af-91ab-2d7cd011db47"],"supportsHttpsTrafficOnly":false,"encryption":{"services":{"file":{"enabled":true,"lastEnabledTime":"2018-08-10T22:36:17.3820701Z"},"blob":{"enabled":true,"lastEnabledTime":"2018-08-10T22:36:17.3820701Z"}},"keySource":"Microsoft.Storage"},"accessTier":"Hot","provisioningState":"Succeeded","creationTime":"2018-08-10T22:36:17.2883235Z","primaryEndpoints":{"web":"https://clistoragejqhqxuct23.z22.web.core.windows.net/","blob":"https://clistoragejqhqxuct23.blob.core.windows.net/","queue":"https://clistoragejqhqxuct23.queue.core.windows.net/","table":"https://clistoragejqhqxuct23.table.core.windows.net/","file":"https://clistoragejqhqxuct23.file.core.windows.net/"},"primaryLocation":"westus","statusOfPrimary":"available","secondaryLocation":"eastus","statusOfSecondary":"available","secondaryEndpoints":{"web":"https://clistoragejqhqxuct23-secondary.z22.web.core.windows.net/","blob":"https://clistoragejqhqxuct23-secondary.blob.core.windows.net/","queue":"https://clistoragejqhqxuct23-secondary.queue.core.windows.net/","table":"https://clistoragejqhqxuct23-secondary.table.core.windows.net/"}}},{"sku":{"name":"Standard_LRS","tier":"Standard"},"kind":"Storage","id":"/subscriptions/00000000-0000-0000-0000-000000000000/resourceGroups/clitest.rgf3e56fsm73zo4ltoplf5n4tl4wgzhcasiu5nm2kqibnpsf33jurpko6ua7n7u3feg/providers/Microsoft.Storage/storageAccounts/clitestehz6thasmg64djuhm","name":"clitestehz6thasmg64djuhm","type":"Microsoft.Storage/storageAccounts","location":"westus","tags":{},"properties":{"networkAcls":{"bypass":"AzureServices","virtualNetworkRules":[],"ipRules":[],"defaultAction":"Allow"},"trustedDirectories":["72f988bf-86f1-41af-91ab-2d7cd011db47"],"supportsHttpsTrafficOnly":false,"encryption":{"services":{"file":{"enabled":true,"lastEnabledTime":"2018-09-12T19:26:01.7398776Z"},"blob":{"enabled":true,"lastEnabledTime":"2018-09-12T19:26:01.7398776Z"}},"keySource":"Microsoft.Storage"},"provisioningState":"Succeeded","creationTime":"2018-09-12T19:26:01.5680035Z","primaryEndpoints":{"blob":"https://clitestehz6thasmg64djuhm.blob.core.windows.net/","queue":"https://clitestehz6thasmg64djuhm.queue.core.windows.net/","table":"https://clitestehz6thasmg64djuhm.table.core.windows.net/","file":"https://clitestehz6thasmg64djuhm.file.core.windows.net/"},"primaryLocation":"westus","statusOfPrimary":"available"}},{"sku":{"name":"Standard_LRS","tier":"Standard"},"kind":"Storage","id":"/subscriptions/00000000-0000-0000-0000-000000000000/resourceGroups/clitest.rgh6jpkyal6vx6zattw7ugcf3yi4kp6b6vkboqpablpuwjdrh65qshhvgv4rlohhfrd/providers/Microsoft.Storage/storageAccounts/clitest4jzfxuuf2qnocgaun","name":"clitest4jzfxuuf2qnocgaun","type":"Microsoft.Storage/storageAccounts","location":"westus","tags":{},"properties":{"networkAcls":{"bypass":"AzureServices","virtualNetworkRules":[],"ipRules":[],"defaultAction":"Allow"},"trustedDirectories":["72f988bf-86f1-41af-91ab-2d7cd011db47"],"supportsHttpsTrafficOnly":false,"encryption":{"services":{"file":{"enabled":true,"lastEnabledTime":"2018-09-12T19:26:02.0992753Z"},"blob":{"enabled":true,"lastEnabledTime":"2018-09-12T19:26:02.0992753Z"}},"keySource":"Microsoft.Storage"},"provisioningState":"Succeeded","creationTime":"2018-09-12T19:26:01.9430001Z","primaryEndpoints":{"blob":"https://clitest4jzfxuuf2qnocgaun.blob.core.windows.net/","queue":"https://clitest4jzfxuuf2qnocgaun.queue.core.windows.net/","table":"https://clitest4jzfxuuf2qnocgaun.table.core.windows.net/","file":"https://clitest4jzfxuuf2qnocgaun.file.core.windows.net/"},"primaryLocation":"westus","statusOfPrimary":"available"}},{"sku":{"name":"Standard_RAGRS","tier":"Standard"},"kind":"Storage","id":"/subscriptions/00000000-0000-0000-0000-000000000000/resourceGroups/clitest.rg6pmd6koy6ublp4xwd4x7usmu5yoy74qj7h6zcxzfuprnnf22dgkzraj4thoirec6e/providers/Microsoft.Storage/storageAccounts/clitestg2wmt55qtlk6j2bbp","name":"clitestg2wmt55qtlk6j2bbp","type":"Microsoft.Storage/storageAccounts","location":"westus","tags":{},"properties":{"networkAcls":{"bypass":"AzureServices","virtualNetworkRules":[],"ipRules":[],"defaultAction":"Allow"},"trustedDirectories":["72f988bf-86f1-41af-91ab-2d7cd011db47"],"supportsHttpsTrafficOnly":false,"encryption":{"services":{"file":{"enabled":true,"lastEnabledTime":"2018-09-12T19:26:04.2546185Z"},"blob":{"enabled":true,"lastEnabledTime":"2018-09-12T19:26:04.2546185Z"}},"keySource":"Microsoft.Storage"},"provisioningState":"ResolvingDns","creationTime":"2018-09-12T19:26:03.6304998Z","primaryEndpoints":{"blob":"https://clitestg2wmt55qtlk6j2bbp.blob.core.windows.net/","queue":"https://clitestg2wmt55qtlk6j2bbp.queue.core.windows.net/","table":"https://clitestg2wmt55qtlk6j2bbp.table.core.windows.net/","file":"https://clitestg2wmt55qtlk6j2bbp.file.core.windows.net/"},"primaryLocation":"westus","statusOfPrimary":"available","secondaryLocation":"eastus","statusOfSecondary":"available","secondaryEndpoints":{"blob":"https://clitestg2wmt55qtlk6j2bbp-secondary.blob.core.windows.net/","queue":"https://clitestg2wmt55qtlk6j2bbp-secondary.queue.core.windows.net/","table":"https://clitestg2wmt55qtlk6j2bbp-secondary.table.core.windows.net/"}}},{"sku":{"name":"Standard_RAGRS","tier":"Standard"},"kind":"StorageV2","id":"/subscriptions/00000000-0000-0000-0000-000000000000/resourceGroups/clitest.rgpamvtezmteh7zp2bdt3y4idc7mmbzvf6sdzjynqmht26jisd4amljydqqa32zckbx/providers/Microsoft.Storage/storageAccounts/clistoragewr2qjfjhzb","name":"clistoragewr2qjfjhzb","type":"Microsoft.Storage/storageAccounts","location":"westus","tags":{},"properties":{"isHnsEnabled":false,"networkAcls":{"bypass":"AzureServices","virtualNetworkRules":[],"ipRules":[],"defaultAction":"Allow"},"trustedDirectories":["72f988bf-86f1-41af-91ab-2d7cd011db47"],"supportsHttpsTrafficOnly":false,"encryption":{"services":{"file":{"enabled":true,"lastEnabledTime":"2018-08-16T00:13:04.0707837Z"},"blob":{"enabled":true,"lastEnabledTime":"2018-08-16T00:13:04.0707837Z"}},"keySource":"Microsoft.Storage"},"accessTier":"Hot","provisioningState":"Succeeded","creationTime":"2018-08-16T00:13:03.9614281Z","primaryEndpoints":{"web":"https://clistoragewr2qjfjhzb.z22.web.core.windows.net/","blob":"https://clistoragewr2qjfjhzb.blob.core.windows.net/","queue":"https://clistoragewr2qjfjhzb.queue.core.windows.net/","table":"https://clistoragewr2qjfjhzb.table.core.windows.net/","file":"https://clistoragewr2qjfjhzb.file.core.windows.net/"},"primaryLocation":"westus","statusOfPrimary":"available","secondaryLocation":"eastus","statusOfSecondary":"available","secondaryEndpoints":{"web":"https://clistoragewr2qjfjhzb-secondary.z22.web.core.windows.net/","blob":"https://clistoragewr2qjfjhzb-secondary.blob.core.windows.net/","queue":"https://clistoragewr2qjfjhzb-secondary.queue.core.windows.net/","table":"https://clistoragewr2qjfjhzb-secondary.table.core.windows.net/"}}},{"sku":{"name":"Standard_LRS","tier":"Standard"},"kind":"Storage","id":"/subscriptions/00000000-0000-0000-0000-000000000000/resourceGroups/clitest.rg6i5dcwqpp5on7vorxyrft7bhvwf2qp7phg7emu5hdmd3mwmjbs5gkmn4eq3rpjefp/providers/Microsoft.Storage/storageAccounts/clitestmwsmkomvcai4yhow4","name":"clitestmwsmkomvcai4yhow4","type":"Microsoft.Storage/storageAccounts","location":"westus","tags":{},"properties":{"networkAcls":{"bypass":"AzureServices","virtualNetworkRules":[],"ipRules":[],"defaultAction":"Allow"},"trustedDirectories":["72f988bf-86f1-41af-91ab-2d7cd011db47"],"supportsHttpsTrafficOnly":false,"encryption":{"services":{"file":{"enabled":true,"lastEnabledTime":"2018-09-12T19:26:00.1617757Z"},"blob":{"enabled":true,"lastEnabledTime":"2018-09-12T19:26:00.1617757Z"}},"keySource":"Microsoft.Storage"},"provisioningState":"Succeeded","creationTime":"2018-09-12T19:25:59.7711280Z","primaryEndpoints":{"blob":"https://clitestmwsmkomvcai4yhow4.blob.core.windows.net/","queue":"https://clitestmwsmkomvcai4yhow4.queue.core.windows.net/","table":"https://clitestmwsmkomvcai4yhow4.table.core.windows.net/","file":"https://clitestmwsmkomvcai4yhow4.file.core.windows.net/"},"primaryLocation":"westus","statusOfPrimary":"available"}},{"sku":{"name":"Standard_LRS","tier":"Standard"},"kind":"Storage","id":"/subscriptions/00000000-0000-0000-0000-000000000000/resourceGroups/clitest.rgznibrtzuqql22mlr6tun4yyp4rcp5zc5vkzpm75sqytsa2d52byfdbspqrtffmi4g/providers/Microsoft.Storage/storageAccounts/clitesthr5spbjibdvux6qjy","name":"clitesthr5spbjibdvux6qjy","type":"Microsoft.Storage/storageAccounts","location":"westus","tags":{},"properties":{"networkAcls":{"bypass":"AzureServices","virtualNetworkRules":[],"ipRules":[],"defaultAction":"Allow"},"trustedDirectories":["72f988bf-86f1-41af-91ab-2d7cd011db47"],"supportsHttpsTrafficOnly":false,"encryption":{"services":{"file":{"enabled":true,"lastEnabledTime":"2018-09-12T19:26:04.4100091Z"},"blob":{"enabled":true,"lastEnabledTime":"2018-09-12T19:26:04.4100091Z"}},"keySource":"Microsoft.Storage"},"provisioningState":"ResolvingDns","creationTime":"2018-09-12T19:26:04.0838567Z","primaryEndpoints":{"blob":"https://clitesthr5spbjibdvux6qjy.blob.core.windows.net/","queue":"https://clitesthr5spbjibdvux6qjy.queue.core.windows.net/","table":"https://clitesthr5spbjibdvux6qjy.table.core.windows.net/","file":"https://clitesthr5spbjibdvux6qjy.file.core.windows.net/"},"primaryLocation":"westus","statusOfPrimary":"available"}},{"sku":{"name":"Standard_RAGRS","tier":"Standard"},"kind":"StorageV2","id":"/subscriptions/00000000-0000-0000-0000-000000000000/resourceGroups/clitest.rgooetcw3locipbmar4742ebvhztivldtfcwdo5kmhnouyr44vufpxzhgplrrvk56gs/providers/Microsoft.Storage/storageAccounts/clistorage5uh2sd5di6","name":"clistorage5uh2sd5di6","type":"Microsoft.Storage/storageAccounts","location":"westus","tags":{},"properties":{"isHnsEnabled":false,"networkAcls":{"bypass":"AzureServices","virtualNetworkRules":[],"ipRules":[],"defaultAction":"Allow"},"trustedDirectories":["72f988bf-86f1-41af-91ab-2d7cd011db47"],"supportsHttpsTrafficOnly":false,"encryption":{"services":{"file":{"enabled":true,"lastEnabledTime":"2018-08-10T21:53:58.5156654Z"},"blob":{"enabled":true,"lastEnabledTime":"2018-08-10T21:53:58.5156654Z"}},"keySource":"Microsoft.Storage"},"accessTier":"Hot","provisioningState":"Succeeded","creationTime":"2018-08-10T21:53:58.4219023Z","primaryEndpoints":{"web":"https://clistorage5uh2sd5di6.z22.web.core.windows.net/","blob":"https://clistorage5uh2sd5di6.blob.core.windows.net/","queue":"https://clistorage5uh2sd5di6.queue.core.windows.net/","table":"https://clistorage5uh2sd5di6.table.core.windows.net/","file":"https://clistorage5uh2sd5di6.file.core.windows.net/"},"primaryLocation":"westus","statusOfPrimary":"available","secondaryLocation":"eastus","statusOfSecondary":"available","secondaryEndpoints":{"web":"https://clistorage5uh2sd5di6-secondary.z22.web.core.windows.net/","blob":"https://clistorage5uh2sd5di6-secondary.blob.core.windows.net/","queue":"https://clistorage5uh2sd5di6-secondary.queue.core.windows.net/","table":"https://clistorage5uh2sd5di6-secondary.table.core.windows.net/"}}},{"sku":{"name":"Standard_RAGRS","tier":"Standard"},"kind":"Storage","id":"/subscriptions/00000000-0000-0000-0000-000000000000/resourceGroups/wilx_remove/providers/Microsoft.Storage/storageAccounts/wilxremove","name":"wilxremove","type":"Microsoft.Storage/storageAccounts","location":"westus","tags":{},"properties":{"networkAcls":{"bypass":"AzureServices","virtualNetworkRules":[],"ipRules":[],"defaultAction":"Allow"},"trustedDirectories":["72f988bf-86f1-41af-91ab-2d7cd011db47"],"supportsHttpsTrafficOnly":false,"encryption":{"services":{"file":{"enabled":true,"lastEnabledTime":"2018-09-12T00:42:08.8233076Z"},"blob":{"enabled":true,"lastEnabledTime":"2018-09-12T00:42:08.8233076Z"}},"keySource":"Microsoft.Storage"},"provisioningState":"Succeeded","creationTime":"2018-09-12T00:42:08.4951493Z","primaryEndpoints":{"blob":"https://wilxremove.blob.core.windows.net/","queue":"https://wilxremove.queue.core.windows.net/","table":"https://wilxremove.table.core.windows.net/","file":"https://wilxremove.file.core.windows.net/"},"primaryLocation":"westus","statusOfPrimary":"available","secondaryLocation":"eastus","statusOfSecondary":"available","secondaryEndpoints":{"blob":"https://wilxremove-secondary.blob.core.windows.net/","queue":"https://wilxremove-secondary.queue.core.windows.net/","table":"https://wilxremove-secondary.table.core.windows.net/"}}},{"sku":{"name":"Standard_LRS","tier":"Standard"},"kind":"Storage","id":"/subscriptions/00000000-0000-0000-0000-000000000000/resourceGroups/clitest.rgr2kn3conkzn2irlu4g2fo2jmi6zbvjzv2cdkqjbjp23kb7jpcot34fb7tshsylnb2/providers/Microsoft.Storage/storageAccounts/clitestuj3t2spc7zlrkj34p","name":"clitestuj3t2spc7zlrkj34p","type":"Microsoft.Storage/storageAccounts","location":"westus","tags":{},"properties":{"networkAcls":{"bypass":"AzureServices","virtualNetworkRules":[],"ipRules":[],"defaultAction":"Allow"},"trustedDirectories":["72f988bf-86f1-41af-91ab-2d7cd011db47"],"supportsHttpsTrafficOnly":false,"encryption":{"services":{"file":{"enabled":true,"lastEnabledTime":"2018-09-12T19:25:59.3961592Z"},"blob":{"enabled":true,"lastEnabledTime":"2018-09-12T19:25:59.3961592Z"}},"keySource":"Microsoft.Storage"},"provisioningState":"Succeeded","creationTime":"2018-09-12T19:25:59.1305031Z","primaryEndpoints":{"blob":"https://clitestuj3t2spc7zlrkj34p.blob.core.windows.net/","queue":"https://clitestuj3t2spc7zlrkj34p.queue.core.windows.net/","table":"https://clitestuj3t2spc7zlrkj34p.table.core.windows.net/","file":"https://clitestuj3t2spc7zlrkj34p.file.core.windows.net/"},"primaryLocation":"westus","statusOfPrimary":"available"}},{"sku":{"name":"Standard_RAGRS","tier":"Standard"},"kind":"StorageV2","id":"/subscriptions/00000000-0000-0000-0000-000000000000/resourceGroups/clitest.rgtg6bh4bbk6ihd7m24ktzhvdb5oqztkv4zx63r7xqkiggambffyitl2m2yx2fssywe/providers/Microsoft.Storage/storageAccounts/clistorage7jvvytqmtd","name":"clistorage7jvvytqmtd","type":"Microsoft.Storage/storageAccounts","location":"westus","tags":{},"properties":{"isHnsEnabled":false,"networkAcls":{"bypass":"AzureServices","virtualNetworkRules":[],"ipRules":[],"defaultAction":"Allow"},"trustedDirectories":["72f988bf-86f1-41af-91ab-2d7cd011db47"],"supportsHttpsTrafficOnly":false,"encryption":{"services":{"file":{"enabled":true,"lastEnabledTime":"2018-09-11T23:59:47.3696626Z"},"blob":{"enabled":true,"lastEnabledTime":"2018-09-11T23:59:47.3696626Z"}},"keySource":"Microsoft.Storage"},"accessTier":"Hot","provisioningState":"Succeeded","creationTime":"2018-09-11T23:59:46.6511608Z","primaryEndpoints":{"web":"https://clistorage7jvvytqmtd.z22.web.core.windows.net/","blob":"https://clistorage7jvvytqmtd.blob.core.windows.net/","queue":"https://clistorage7jvvytqmtd.queue.core.windows.net/","table":"https://clistorage7jvvytqmtd.table.core.windows.net/","file":"https://clistorage7jvvytqmtd.file.core.windows.net/"},"primaryLocation":"westus","statusOfPrimary":"available","secondaryLocation":"eastus","statusOfSecondary":"available","secondaryEndpoints":{"web":"https://clistorage7jvvytqmtd-secondary.z22.web.core.windows.net/","blob":"https://clistorage7jvvytqmtd-secondary.blob.core.windows.net/","queue":"https://clistorage7jvvytqmtd-secondary.queue.core.windows.net/","table":"https://clistorage7jvvytqmtd-secondary.table.core.windows.net/"}}},{"sku":{"name":"Standard_RAGRS","tier":"Standard"},"kind":"StorageV2","id":"/subscriptions/00000000-0000-0000-0000-000000000000/resourceGroups/clitest.rgypr6blmisj5pyxrjphnwbifkmsdyk3igstozydzondjnuhgq2e5zirlvz5rl3n6gk/providers/Microsoft.Storage/storageAccounts/clistorage7de3dm4xlr","name":"clistorage7de3dm4xlr","type":"Microsoft.Storage/storageAccounts","location":"westus","tags":{},"properties":{"isHnsEnabled":false,"networkAcls":{"bypass":"AzureServices","virtualNetworkRules":[],"ipRules":[],"defaultAction":"Allow"},"trustedDirectories":["72f988bf-86f1-41af-91ab-2d7cd011db47"],"supportsHttpsTrafficOnly":false,"encryption":{"services":{"file":{"enabled":true,"lastEnabledTime":"2018-08-14T20:49:50.7380783Z"},"blob":{"enabled":true,"lastEnabledTime":"2018-08-14T20:49:50.7380783Z"}},"keySource":"Microsoft.Storage"},"accessTier":"Hot","provisioningState":"Succeeded","creationTime":"2018-08-14T20:49:50.6443644Z","primaryEndpoints":{"web":"https://clistorage7de3dm4xlr.z22.web.core.windows.net/","blob":"https://clistorage7de3dm4xlr.blob.core.windows.net/","queue":"https://clistorage7de3dm4xlr.queue.core.windows.net/","table":"https://clistorage7de3dm4xlr.table.core.windows.net/","file":"https://clistorage7de3dm4xlr.file.core.windows.net/"},"primaryLocation":"westus","statusOfPrimary":"available","secondaryLocation":"eastus","statusOfSecondary":"available","secondaryEndpoints":{"web":"https://clistorage7de3dm4xlr-secondary.z22.web.core.windows.net/","blob":"https://clistorage7de3dm4xlr-secondary.blob.core.windows.net/","queue":"https://clistorage7de3dm4xlr-secondary.queue.core.windows.net/","table":"https://clistorage7de3dm4xlr-secondary.table.core.windows.net/"}}},{"sku":{"name":"Standard_LRS","tier":"Standard"},"kind":"Storage","id":"/subscriptions/00000000-0000-0000-0000-000000000000/resourceGroups/clitest.rgghtw6aybyxj6j3hvdowbnjfocm4di2vo3a3xzvs6m3ywocqg2hohxqr45kickinmt/providers/Microsoft.Storage/storageAccounts/clitestnotlkscg65fjfrrv3","name":"clitestnotlkscg65fjfrrv3","type":"Microsoft.Storage/storageAccounts","location":"westus","tags":{},"properties":{"networkAcls":{"bypass":"AzureServices","virtualNetworkRules":[],"ipRules":[],"defaultAction":"Allow"},"trustedDirectories":["72f988bf-86f1-41af-91ab-2d7cd011db47"],"supportsHttpsTrafficOnly":false,"encryption":{"services":{"file":{"enabled":true,"lastEnabledTime":"2018-09-12T19:26:00.8805090Z"},"blob":{"enabled":true,"lastEnabledTime":"2018-09-12T19:26:00.8805090Z"}},"keySource":"Microsoft.Storage"},"provisioningState":"Succeeded","creationTime":"2018-09-12T19:26:00.6930025Z","primaryEndpoints":{"blob":"https://clitestnotlkscg65fjfrrv3.blob.core.windows.net/","queue":"https://clitestnotlkscg65fjfrrv3.queue.core.windows.net/","table":"https://clitestnotlkscg65fjfrrv3.table.core.windows.net/","file":"https://clitestnotlkscg65fjfrrv3.file.core.windows.net/"},"primaryLocation":"westus","statusOfPrimary":"available"}},{"sku":{"name":"Standard_RAGRS","tier":"Standard"},"kind":"StorageV2","id":"/subscriptions/00000000-0000-0000-0000-000000000000/resourceGroups/clitest.rgi2biwne2krt426d7syiwaouiedbqykuhgys7oag2c3twjzz4c7pup26vc226txaua/providers/Microsoft.Storage/storageAccounts/clistorageayl5jkq6ty","name":"clistorageayl5jkq6ty","type":"Microsoft.Storage/storageAccounts","location":"westus","tags":{},"properties":{"isHnsEnabled":false,"networkAcls":{"bypass":"AzureServices","virtualNetworkRules":[],"ipRules":[],"defaultAction":"Allow"},"trustedDirectories":["72f988bf-86f1-41af-91ab-2d7cd011db47"],"supportsHttpsTrafficOnly":false,"encryption":{"services":{"file":{"enabled":true,"lastEnabledTime":"2018-08-14T16:54:41.5707757Z"},"blob":{"enabled":true,"lastEnabledTime":"2018-08-14T16:54:41.5707757Z"}},"keySource":"Microsoft.Storage"},"accessTier":"Hot","provisioningState":"Succeeded","creationTime":"2018-08-14T16:54:41.4614062Z","primaryEndpoints":{"web":"https://clistorageayl5jkq6ty.z22.web.core.windows.net/","blob":"https://clistorageayl5jkq6ty.blob.core.windows.net/","queue":"https://clistorageayl5jkq6ty.queue.core.windows.net/","table":"https://clistorageayl5jkq6ty.table.core.windows.net/","file":"https://clistorageayl5jkq6ty.file.core.windows.net/"},"primaryLocation":"westus","statusOfPrimary":"available","secondaryLocation":"eastus","statusOfSecondary":"available","secondaryEndpoints":{"web":"https://clistorageayl5jkq6ty-secondary.z22.web.core.windows.net/","blob":"https://clistorageayl5jkq6ty-secondary.blob.core.windows.net/","queue":"https://clistorageayl5jkq6ty-secondary.queue.core.windows.net/","table":"https://clistorageayl5jkq6ty-secondary.table.core.windows.net/"}}},{"sku":{"name":"Standard_RAGRS","tier":"Standard"},"kind":"Storage","id":"/subscriptions/00000000-0000-0000-0000-000000000000/resourceGroups/wilxtest/providers/Microsoft.Storage/storageAccounts/wilxtesting","name":"wilxtesting","type":"Microsoft.Storage/storageAccounts","location":"westus","tags":{},"properties":{"isHnsEnabled":false,"networkAcls":{"bypass":"AzureServices","virtualNetworkRules":[],"ipRules":[],"defaultAction":"Allow"},"trustedDirectories":["72f988bf-86f1-41af-91ab-2d7cd011db47"],"supportsHttpsTrafficOnly":false,"encryption":{"services":{"file":{"enabled":true,"lastEnabledTime":"2018-08-28T17:41:10.2771663Z"},"blob":{"enabled":true,"lastEnabledTime":"2018-08-28T17:41:10.2771663Z"}},"keySource":"Microsoft.Storage"},"provisioningState":"Succeeded","creationTime":"2018-08-28T17:41:10.1061835Z","primaryEndpoints":{"blob":"https://wilxtesting.blob.core.windows.net/","queue":"https://wilxtesting.queue.core.windows.net/","table":"https://wilxtesting.table.core.windows.net/","file":"https://wilxtesting.file.core.windows.net/"},"primaryLocation":"westus","statusOfPrimary":"available","secondaryLocation":"eastus","statusOfSecondary":"available","secondaryEndpoints":{"blob":"https://wilxtesting-secondary.blob.core.windows.net/","queue":"https://wilxtesting-secondary.queue.core.windows.net/","table":"https://wilxtesting-secondary.table.core.windows.net/"}}},{"sku":{"name":"Standard_RAGRS","tier":"Standard"},"kind":"StorageV2","id":"/subscriptions/00000000-0000-0000-0000-000000000000/resourceGroups/clitest.rg000001/providers/Microsoft.Storage/storageAccounts/clistorage000002","name":"clistorage000002","type":"Microsoft.Storage/storageAccounts","location":"westus","tags":{},"properties":{"networkAcls":{"bypass":"AzureServices","virtualNetworkRules":[],"ipRules":[],"defaultAction":"Allow"},"trustedDirectories":["72f988bf-86f1-41af-91ab-2d7cd011db47"],"supportsHttpsTrafficOnly":false,"encryption":{"services":{"file":{"enabled":true,"lastEnabledTime":"2018-09-12T19:25:59.1461511Z"},"blob":{"enabled":true,"lastEnabledTime":"2018-09-12T19:25:59.1461511Z"}},"keySource":"Microsoft.Storage"},"accessTier":"Hot","provisioningState":"Succeeded","creationTime":"2018-09-12T19:25:58.8961261Z","primaryEndpoints":{"web":"https://clistorage000002.z22.web.core.windows.net/","blob":"https://clistorage000002.blob.core.windows.net/","queue":"https://clistorage000002.queue.core.windows.net/","table":"https://clistorage000002.table.core.windows.net/","file":"https://clistorage000002.file.core.windows.net/"},"primaryLocation":"westus","statusOfPrimary":"available","secondaryLocation":"eastus","statusOfSecondary":"available","secondaryEndpoints":{"web":"https://clistorage000002-secondary.z22.web.core.windows.net/","blob":"https://clistorage000002-secondary.blob.core.windows.net/","queue":"https://clistorage000002-secondary.queue.core.windows.net/","table":"https://clistorage000002-secondary.table.core.windows.net/"}}},{"sku":{"name":"Standard_RAGRS","tier":"Standard"},"kind":"StorageV2","id":"/subscriptions/00000000-0000-0000-0000-000000000000/resourceGroups/clitest.rgwrwfwfeym72qee3nah2tasiw4z3ccr3lo6xnpbdlmiuzm4hs574o7lgzayesgwffv/providers/Microsoft.Storage/storageAccounts/clistoragehhbuuxg3tu","name":"clistoragehhbuuxg3tu","type":"Microsoft.Storage/storageAccounts","location":"westus","tags":{},"properties":{"isHnsEnabled":false,"networkAcls":{"bypass":"AzureServices","virtualNetworkRules":[],"ipRules":[],"defaultAction":"Allow"},"trustedDirectories":["72f988bf-86f1-41af-91ab-2d7cd011db47"],"supportsHttpsTrafficOnly":false,"encryption":{"services":{"file":{"enabled":true,"lastEnabledTime":"2018-06-27T00:17:56.8422453Z"},"blob":{"enabled":true,"lastEnabledTime":"2018-06-27T00:17:56.8422453Z"}},"keySource":"Microsoft.Storage"},"accessTier":"Hot","provisioningState":"Succeeded","creationTime":"2018-06-27T00:17:56.7015542Z","primaryEndpoints":{"web":"https://clistoragehhbuuxg3tu.z22.web.core.windows.net/","blob":"https://clistoragehhbuuxg3tu.blob.core.windows.net/","queue":"https://clistoragehhbuuxg3tu.queue.core.windows.net/","table":"https://clistoragehhbuuxg3tu.table.core.windows.net/","file":"https://clistoragehhbuuxg3tu.file.core.windows.net/"},"primaryLocation":"westus","statusOfPrimary":"available","secondaryLocation":"eastus","statusOfSecondary":"available","secondaryEndpoints":{"web":"https://clistoragehhbuuxg3tu-secondary.z22.web.core.windows.net/","blob":"https://clistoragehhbuuxg3tu-secondary.blob.core.windows.net/","queue":"https://clistoragehhbuuxg3tu-secondary.queue.core.windows.net/","table":"https://clistoragehhbuuxg3tu-secondary.table.core.windows.net/"}}},{"sku":{"name":"Standard_LRS","tier":"Standard"},"kind":"Storage","id":"/subscriptions/00000000-0000-0000-0000-000000000000/resourceGroups/clitestlab1/providers/Microsoft.Storage/storageAccounts/acliautomationlab8902","name":"acliautomationlab8902","type":"Microsoft.Storage/storageAccounts","location":"southcentralus","tags":{"hidden-DevTestLabs-LabUId":"ca9ec547-32c5-422d-b3d2-25906ed71959"},"properties":{"networkAcls":{"bypass":"AzureServices","virtualNetworkRules":[],"ipRules":[],"defaultAction":"Allow"},"trustedDirectories":["72f988bf-86f1-41af-91ab-2d7cd011db47"],"supportsHttpsTrafficOnly":false,"encryption":{"services":{"file":{"enabled":true,"lastEnabledTime":"2018-04-19T16:51:47.2662871Z"},"blob":{"enabled":true,"lastEnabledTime":"2018-04-19T16:51:47.2662871Z"}},"keySource":"Microsoft.Storage"},"provisioningState":"Succeeded","creationTime":"2018-04-19T16:51:47.2194106Z","primaryEndpoints":{"blob":"https://acliautomationlab8902.blob.core.windows.net/","queue":"https://acliautomationlab8902.queue.core.windows.net/","table":"https://acliautomationlab8902.table.core.windows.net/","file":"https://acliautomationlab8902.file.core.windows.net/"},"primaryLocation":"southcentralus","statusOfPrimary":"available"}},{"sku":{"name":"Standard_LRS","tier":"Standard"},"kind":"Storage","id":"/subscriptions/00000000-0000-0000-0000-000000000000/resourceGroups/lmazuel-eventgridtesting/providers/Microsoft.Storage/storageAccounts/eventgridtestin9c1e","name":"eventgridtestin9c1e","type":"Microsoft.Storage/storageAccounts","location":"centralus","tags":{},"properties":{"networkAcls":{"bypass":"AzureServices","virtualNetworkRules":[],"ipRules":[],"defaultAction":"Allow"},"trustedDirectories":["72f988bf-86f1-41af-91ab-2d7cd011db47"],"supportsHttpsTrafficOnly":false,"encryption":{"services":{"file":{"enabled":true,"lastEnabledTime":"2018-05-30T22:57:11.1008680Z"},"blob":{"enabled":true,"lastEnabledTime":"2018-05-30T22:57:11.1008680Z"}},"keySource":"Microsoft.Storage"},"provisioningState":"Succeeded","creationTime":"2018-05-30T22:57:10.9915110Z","primaryEndpoints":{"blob":"https://eventgridtestin9c1e.blob.core.windows.net/","queue":"https://eventgridtestin9c1e.queue.core.windows.net/","table":"https://eventgridtestin9c1e.table.core.windows.net/","file":"https://eventgridtestin9c1e.file.core.windows.net/"},"primaryLocation":"centralus","statusOfPrimary":"available"}},{"sku":{"name":"Standard_LRS","tier":"Standard"},"kind":"Storage","id":"/subscriptions/00000000-0000-0000-0000-000000000000/resourceGroups/LinuxConsumptionTest/providers/Microsoft.Storage/storageAccounts/oladewalstorageaccount","name":"oladewalstorageaccount","type":"Microsoft.Storage/storageAccounts","location":"centralus","tags":{},"properties":{"isHnsEnabled":false,"networkAcls":{"bypass":"AzureServices","virtualNetworkRules":[],"ipRules":[],"defaultAction":"Allow"},"trustedDirectories":["72f988bf-86f1-41af-91ab-2d7cd011db47"],"supportsHttpsTrafficOnly":false,"encryption":{"services":{"file":{"enabled":true,"lastEnabledTime":"2018-09-11T18:41:53.6651912Z"},"blob":{"enabled":true,"lastEnabledTime":"2018-09-11T18:41:53.6651912Z"}},"keySource":"Microsoft.Storage"},"provisioningState":"Succeeded","creationTime":"2018-09-11T18:41:53.5402480Z","primaryEndpoints":{"blob":"https://oladewalstorageaccount.blob.core.windows.net/","queue":"https://oladewalstorageaccount.queue.core.windows.net/","table":"https://oladewalstorageaccount.table.core.windows.net/","file":"https://oladewalstorageaccount.file.core.windows.net/"},"primaryLocation":"centralus","statusOfPrimary":"available"}},{"sku":{"name":"Premium_LRS","tier":"Premium"},"kind":"Storage","id":"/subscriptions/00000000-0000-0000-0000-000000000000/resourceGroups/lmazuel-testcapture/providers/Microsoft.Storage/storageAccounts/lmazueltestcapture451","name":"lmazueltestcapture451","type":"Microsoft.Storage/storageAccounts","location":"westus2","tags":{},"properties":{"networkAcls":{"bypass":"AzureServices","virtualNetworkRules":[],"ipRules":[],"defaultAction":"Allow"},"trustedDirectories":["72f988bf-86f1-41af-91ab-2d7cd011db47"],"supportsHttpsTrafficOnly":false,"encryption":{"services":{"file":{"enabled":true,"lastEnabledTime":"2018-06-06T16:46:02.5308824Z"},"blob":{"enabled":true,"lastEnabledTime":"2018-06-06T16:46:02.5308824Z"}},"keySource":"Microsoft.Storage"},"provisioningState":"Succeeded","creationTime":"2018-06-06T16:46:02.4527298Z","primaryEndpoints":{"blob":"https://lmazueltestcapture451.blob.core.windows.net/"},"primaryLocation":"westus2","statusOfPrimary":"available"}},{"sku":{"name":"Standard_LRS","tier":"Standard"},"kind":"StorageV2","id":"/subscriptions/00000000-0000-0000-0000-000000000000/resourceGroups/wilxgroup2/providers/Microsoft.Storage/storageAccounts/wilxstorage0","name":"wilxstorage0","type":"Microsoft.Storage/storageAccounts","location":"westus2","tags":{},"properties":{"networkAcls":{"bypass":"AzureServices","virtualNetworkRules":[],"ipRules":[],"defaultAction":"Allow"},"trustedDirectories":["72f988bf-86f1-41af-91ab-2d7cd011db47"],"supportsHttpsTrafficOnly":false,"encryption":{"services":{"file":{"enabled":true,"lastEnabledTime":"2018-04-13T01:05:28.4648959Z"},"blob":{"enabled":true,"lastEnabledTime":"2018-04-13T01:05:28.4648959Z"}},"keySource":"Microsoft.Storage"},"accessTier":"Hot","provisioningState":"Succeeded","creationTime":"2018-04-13T01:05:28.4023820Z","primaryEndpoints":{"dfs":"https://wilxstorage0.dfs.core.windows.net/","web":"https://wilxstorage0.z5.web.core.windows.net/","blob":"https://wilxstorage0.blob.core.windows.net/","queue":"https://wilxstorage0.queue.core.windows.net/","table":"https://wilxstorage0.table.core.windows.net/","file":"https://wilxstorage0.file.core.windows.net/"},"primaryLocation":"westus2","statusOfPrimary":"available"}},{"sku":{"name":"Standard_LRS","tier":"Standard"},"kind":"Storage","id":"/subscriptions/00000000-0000-0000-0000-000000000000/resourceGroups/clitest.rgmr6jo34yofyafj3n6gjbhrgmrd6pwgguthc2u235qfle6y6ztyzrlkuqn544s7cop/providers/Microsoft.Storage/storageAccounts/clitestnlmd52jlcmr4ce7b4","name":"clitestnlmd52jlcmr4ce7b4","type":"Microsoft.Storage/storageAccounts","location":"eastus2euap","tags":{},"properties":{"networkAcls":{"bypass":"AzureServices","virtualNetworkRules":[],"ipRules":[],"defaultAction":"Allow"},"trustedDirectories":["72f988bf-86f1-41af-91ab-2d7cd011db47"],"supportsHttpsTrafficOnly":false,"encryption":{"services":{"file":{"enabled":true,"lastEnabledTime":"2018-04-19T20:14:07.3500611Z"},"blob":{"enabled":true,"lastEnabledTime":"2018-04-19T20:14:07.3500611Z"}},"keySource":"Microsoft.Storage"},"provisioningState":"Succeeded","creationTime":"2018-04-19T20:14:07.3188286Z","primaryEndpoints":{"blob":"https://clitestnlmd52jlcmr4ce7b4.blob.core.windows.net/","queue":"https://clitestnlmd52jlcmr4ce7b4.queue.core.windows.net/","table":"https://clitestnlmd52jlcmr4ce7b4.table.core.windows.net/","file":"https://clitestnlmd52jlcmr4ce7b4.file.core.windows.net/"},"primaryLocation":"eastus2euap","statusOfPrimary":"available"}},{"sku":{"name":"Standard_LRS","tier":"Standard"},"kind":"Storage","id":"/subscriptions/00000000-0000-0000-0000-000000000000/resourceGroups/clitest.rgpfhep77mmcmcn3afvnvskjk3g27ybc7gq6kh5c6vu7ugy7e3ykawkib6u7st25kbi/providers/Microsoft.Storage/storageAccounts/clitest5o5upfigqe5aenkc3","name":"clitest5o5upfigqe5aenkc3","type":"Microsoft.Storage/storageAccounts","location":"eastus2euap","tags":{},"properties":{"networkAcls":{"bypass":"AzureServices","virtualNetworkRules":[],"ipRules":[],"defaultAction":"Allow"},"trustedDirectories":["72f988bf-86f1-41af-91ab-2d7cd011db47"],"supportsHttpsTrafficOnly":false,"encryption":{"services":{"file":{"enabled":true,"lastEnabledTime":"2018-05-25T01:22:12.5013507Z"},"blob":{"enabled":true,"lastEnabledTime":"2018-05-25T01:22:12.5013507Z"}},"keySource":"Microsoft.Storage"},"provisioningState":"Succeeded","creationTime":"2018-05-25T01:22:12.4388487Z","primaryEndpoints":{"blob":"https://clitest5o5upfigqe5aenkc3.blob.core.windows.net/","queue":"https://clitest5o5upfigqe5aenkc3.queue.core.windows.net/","table":"https://clitest5o5upfigqe5aenkc3.table.core.windows.net/","file":"https://clitest5o5upfigqe5aenkc3.file.core.windows.net/"},"primaryLocation":"eastus2euap","statusOfPrimary":"available"}},{"sku":{"name":"Standard_RAGRS","tier":"Standard"},"kind":"Storage","id":"/subscriptions/00000000-0000-0000-0000-000000000000/resourceGroups/wilxgroup3/providers/Microsoft.Storage/storageAccounts/wilxstorageworm","name":"wilxstorageworm","type":"Microsoft.Storage/storageAccounts","location":"eastus2euap","tags":{},"properties":{"networkAcls":{"bypass":"AzureServices","virtualNetworkRules":[],"ipRules":[],"defaultAction":"Allow"},"trustedDirectories":["72f988bf-86f1-41af-91ab-2d7cd011db47"],"supportsHttpsTrafficOnly":false,"encryption":{"services":{"file":{"enabled":true,"lastEnabledTime":"2018-04-13T22:36:53.1534839Z"},"blob":{"enabled":true,"lastEnabledTime":"2018-04-13T22:36:53.1534839Z"}},"keySource":"Microsoft.Storage"},"provisioningState":"Succeeded","creationTime":"2018-04-13T22:36:53.0909769Z","primaryEndpoints":{"blob":"https://wilxstorageworm.blob.core.windows.net/","queue":"https://wilxstorageworm.queue.core.windows.net/","table":"https://wilxstorageworm.table.core.windows.net/","file":"https://wilxstorageworm.file.core.windows.net/"},"primaryLocation":"eastus2euap","statusOfPrimary":"available","secondaryLocation":"centraluseuap","statusOfSecondary":"available","secondaryEndpoints":{"blob":"https://wilxstorageworm-secondary.blob.core.windows.net/","queue":"https://wilxstorageworm-secondary.queue.core.windows.net/","table":"https://wilxstorageworm-secondary.table.core.windows.net/"}}},{"sku":{"name":"Standard_LRS","tier":"Standard"},"kind":"Storage","id":"/subscriptions/00000000-0000-0000-0000-000000000000/resourceGroups/clitest.rgnipcxreywyorqhptpg4lmvsb6sqsef3mezozbrenqq6ufmd3hrh7plmdnorjt5y5x/providers/Microsoft.Storage/storageAccounts/clitestshv4qcdkeictveped","name":"clitestshv4qcdkeictveped","type":"Microsoft.Storage/storageAccounts","location":"eastus2euap","tags":{},"properties":{"networkAcls":{"bypass":"AzureServices","virtualNetworkRules":[],"ipRules":[],"defaultAction":"Allow"},"trustedDirectories":["72f988bf-86f1-41af-91ab-2d7cd011db47"],"supportsHttpsTrafficOnly":false,"encryption":{"services":{"file":{"enabled":true,"lastEnabledTime":"2018-05-14T19:04:11.4311113Z"},"blob":{"enabled":true,"lastEnabledTime":"2018-05-14T19:04:11.4311113Z"}},"keySource":"Microsoft.Storage"},"provisioningState":"Succeeded","creationTime":"2018-05-14T19:04:11.3686065Z","primaryEndpoints":{"blob":"https://clitestshv4qcdkeictveped.blob.core.windows.net/","queue":"https://clitestshv4qcdkeictveped.queue.core.windows.net/","table":"https://clitestshv4qcdkeictveped.table.core.windows.net/","file":"https://clitestshv4qcdkeictveped.file.core.windows.net/"},"primaryLocation":"eastus2euap","statusOfPrimary":"available"}},{"sku":{"name":"Standard_LRS","tier":"Standard"},"kind":"Storage","id":"/subscriptions/00000000-0000-0000-0000-000000000000/resourceGroups/clitest.rgv6extdlzddtno2qf5o37e5g2n2d2x5ah4gq2olmpqezmxibj4h36focak4y6dose7/providers/Microsoft.Storage/storageAccounts/clitestcushmpfbtkste2a2a","name":"clitestcushmpfbtkste2a2a","type":"Microsoft.Storage/storageAccounts","location":"eastus2euap","tags":{},"properties":{"networkAcls":{"bypass":"AzureServices","virtualNetworkRules":[],"ipRules":[],"defaultAction":"Allow"},"trustedDirectories":["72f988bf-86f1-41af-91ab-2d7cd011db47"],"supportsHttpsTrafficOnly":false,"encryption":{"services":{"file":{"enabled":true,"lastEnabledTime":"2018-05-25T01:20:25.1414518Z"},"blob":{"enabled":true,"lastEnabledTime":"2018-05-25T01:20:25.1414518Z"}},"keySource":"Microsoft.Storage"},"provisioningState":"Succeeded","creationTime":"2018-05-25T01:20:25.0780033Z","primaryEndpoints":{"blob":"https://clitestcushmpfbtkste2a2a.blob.core.windows.net/","queue":"https://clitestcushmpfbtkste2a2a.queue.core.windows.net/","table":"https://clitestcushmpfbtkste2a2a.table.core.windows.net/","file":"https://clitestcushmpfbtkste2a2a.file.core.windows.net/"},"primaryLocation":"eastus2euap","statusOfPrimary":"available"}},{"sku":{"name":"Standard_LRS","tier":"Standard"},"kind":"Storage","id":"/subscriptions/00000000-0000-0000-0000-000000000000/resourceGroups/clitest.rg326oxnqqn33y3n42vz6x5xol5rvvw3z4o6tladwwtkmcntnsxhhxxtddtrxwm2edj/providers/Microsoft.Storage/storageAccounts/clitestjwzkdsfuou3niutbd","name":"clitestjwzkdsfuou3niutbd","type":"Microsoft.Storage/storageAccounts","location":"eastus2euap","tags":{},"properties":{"networkAcls":{"bypass":"AzureServices","virtualNetworkRules":[],"ipRules":[],"defaultAction":"Allow"},"trustedDirectories":["72f988bf-86f1-41af-91ab-2d7cd011db47"],"supportsHttpsTrafficOnly":false,"encryption":{"services":{"file":{"enabled":true,"lastEnabledTime":"2018-04-19T20:07:33.1021018Z"},"blob":{"enabled":true,"lastEnabledTime":"2018-04-19T20:07:33.1021018Z"}},"keySource":"Microsoft.Storage"},"provisioningState":"Succeeded","creationTime":"2018-04-19T20:07:33.0552270Z","primaryEndpoints":{"blob":"https://clitestjwzkdsfuou3niutbd.blob.core.windows.net/","queue":"https://clitestjwzkdsfuou3niutbd.queue.core.windows.net/","table":"https://clitestjwzkdsfuou3niutbd.table.core.windows.net/","file":"https://clitestjwzkdsfuou3niutbd.file.core.windows.net/"},"primaryLocation":"eastus2euap","statusOfPrimary":"available"}},{"sku":{"name":"Standard_LRS","tier":"Standard"},"kind":"Storage","id":"/subscriptions/00000000-0000-0000-0000-000000000000/resourceGroups/clitest.rgldagdmcl4pklmwzmr3wftx2kidhw7johz6d7tl6m7raetzzfhpqhrfffu5vwqtfxo/providers/Microsoft.Storage/storageAccounts/clitestt6pqb7xneswrh2sp6","name":"clitestt6pqb7xneswrh2sp6","type":"Microsoft.Storage/storageAccounts","location":"eastus2euap","tags":{},"properties":{"networkAcls":{"bypass":"AzureServices","virtualNetworkRules":[],"ipRules":[],"defaultAction":"Allow"},"trustedDirectories":["72f988bf-86f1-41af-91ab-2d7cd011db47"],"supportsHttpsTrafficOnly":false,"encryption":{"services":{"file":{"enabled":true,"lastEnabledTime":"2018-04-19T17:51:14.8730435Z"},"blob":{"enabled":true,"lastEnabledTime":"2018-04-19T17:51:14.8730435Z"}},"keySource":"Microsoft.Storage"},"provisioningState":"Succeeded","creationTime":"2018-04-19T17:51:14.8105336Z","primaryEndpoints":{"blob":"https://clitestt6pqb7xneswrh2sp6.blob.core.windows.net/","queue":"https://clitestt6pqb7xneswrh2sp6.queue.core.windows.net/","table":"https://clitestt6pqb7xneswrh2sp6.table.core.windows.net/","file":"https://clitestt6pqb7xneswrh2sp6.file.core.windows.net/"},"primaryLocation":"eastus2euap","statusOfPrimary":"available"}},{"sku":{"name":"Standard_LRS","tier":"Standard"},"kind":"Storage","id":"/subscriptions/00000000-0000-0000-0000-000000000000/resourceGroups/clitest.rgf3er5m4irbxsxhyil42jxq3t5ehzphmdzn2gortdlrzyw4i6tlgswx2xrcgldp6oh/providers/Microsoft.Storage/storageAccounts/clitestpabilv4yd6qxvguml","name":"clitestpabilv4yd6qxvguml","type":"Microsoft.Storage/storageAccounts","location":"eastus2euap","tags":{},"properties":{"networkAcls":{"bypass":"AzureServices","virtualNetworkRules":[],"ipRules":[],"defaultAction":"Allow"},"trustedDirectories":["72f988bf-86f1-41af-91ab-2d7cd011db47"],"supportsHttpsTrafficOnly":false,"encryption":{"services":{"file":{"enabled":true,"lastEnabledTime":"2018-04-19T19:20:22.2758006Z"},"blob":{"enabled":true,"lastEnabledTime":"2018-04-19T19:20:22.2758006Z"}},"keySource":"Microsoft.Storage"},"provisioningState":"Succeeded","creationTime":"2018-04-19T19:20:22.2445526Z","primaryEndpoints":{"blob":"https://clitestpabilv4yd6qxvguml.blob.core.windows.net/","queue":"https://clitestpabilv4yd6qxvguml.queue.core.windows.net/","table":"https://clitestpabilv4yd6qxvguml.table.core.windows.net/","file":"https://clitestpabilv4yd6qxvguml.file.core.windows.net/"},"primaryLocation":"eastus2euap","statusOfPrimary":"available"}},{"sku":{"name":"Standard_LRS","tier":"Standard"},"kind":"Storage","id":"/subscriptions/00000000-0000-0000-0000-000000000000/resourceGroups/clitest.rgjzhnckmw5ftoqmm2b5gezwgslvfm2dqg7ldpwvuukicy7ca4unquohsptfrbddr2a/providers/Microsoft.Storage/storageAccounts/clitestvjlqxa4ctzkwwpg4b","name":"clitestvjlqxa4ctzkwwpg4b","type":"Microsoft.Storage/storageAccounts","location":"eastus2euap","tags":{},"properties":{"networkAcls":{"bypass":"AzureServices","virtualNetworkRules":[],"ipRules":[],"defaultAction":"Allow"},"trustedDirectories":["72f988bf-86f1-41af-91ab-2d7cd011db47"],"supportsHttpsTrafficOnly":false,"encryption":{"services":{"file":{"enabled":true,"lastEnabledTime":"2018-05-29T19:38:19.5634738Z"},"blob":{"enabled":true,"lastEnabledTime":"2018-05-29T19:38:19.5634738Z"}},"keySource":"Microsoft.Storage"},"provisioningState":"Succeeded","creationTime":"2018-05-29T19:38:19.5165939Z","primaryEndpoints":{"blob":"https://clitestvjlqxa4ctzkwwpg4b.blob.core.windows.net/","queue":"https://clitestvjlqxa4ctzkwwpg4b.queue.core.windows.net/","table":"https://clitestvjlqxa4ctzkwwpg4b.table.core.windows.net/","file":"https://clitestvjlqxa4ctzkwwpg4b.file.core.windows.net/"},"primaryLocation":"eastus2euap","statusOfPrimary":"available"}},{"sku":{"name":"Standard_LRS","tier":"Standard"},"kind":"Storage","id":"/subscriptions/00000000-0000-0000-0000-000000000000/resourceGroups/clitest.rgwxiadyatfxsixayqfinia7ybjwo5cfoyw65qpuna3alx3x2diwukx4tkcpwir2mbq/providers/Microsoft.Storage/storageAccounts/clitesta2lvllqz23rgasyf7","name":"clitesta2lvllqz23rgasyf7","type":"Microsoft.Storage/storageAccounts","location":"eastus2euap","tags":{},"properties":{"networkAcls":{"bypass":"AzureServices","virtualNetworkRules":[],"ipRules":[],"defaultAction":"Allow"},"trustedDirectories":["72f988bf-86f1-41af-91ab-2d7cd011db47"],"supportsHttpsTrafficOnly":false,"encryption":{"services":{"file":{"enabled":true,"lastEnabledTime":"2018-04-19T17:57:25.6818153Z"},"blob":{"enabled":true,"lastEnabledTime":"2018-04-19T17:57:25.6818153Z"}},"keySource":"Microsoft.Storage"},"provisioningState":"Succeeded","creationTime":"2018-04-19T17:57:25.6193002Z","primaryEndpoints":{"blob":"https://clitesta2lvllqz23rgasyf7.blob.core.windows.net/","queue":"https://clitesta2lvllqz23rgasyf7.queue.core.windows.net/","table":"https://clitesta2lvllqz23rgasyf7.table.core.windows.net/","file":"https://clitesta2lvllqz23rgasyf7.file.core.windows.net/"},"primaryLocation":"eastus2euap","statusOfPrimary":"available"}},{"sku":{"name":"Standard_LRS","tier":"Standard"},"kind":"Storage","id":"/subscriptions/00000000-0000-0000-0000-000000000000/resourceGroups/clitest.rgoo2qxqtbb56w7uujqzhodrozdh7fxg5wxscql4ndybxkardgqzqvheltadic2zoxf/providers/Microsoft.Storage/storageAccounts/clitestfyixx74gs3loj3isf","name":"clitestfyixx74gs3loj3isf","type":"Microsoft.Storage/storageAccounts","location":"eastus2euap","tags":{},"properties":{"networkAcls":{"bypass":"AzureServices","virtualNetworkRules":[],"ipRules":[],"defaultAction":"Allow"},"trustedDirectories":["72f988bf-86f1-41af-91ab-2d7cd011db47"],"supportsHttpsTrafficOnly":false,"encryption":{"services":{"file":{"enabled":true,"lastEnabledTime":"2018-04-19T20:34:26.6293927Z"},"blob":{"enabled":true,"lastEnabledTime":"2018-04-19T20:34:26.6293927Z"}},"keySource":"Microsoft.Storage"},"provisioningState":"Succeeded","creationTime":"2018-04-19T20:34:26.5668681Z","primaryEndpoints":{"blob":"https://clitestfyixx74gs3loj3isf.blob.core.windows.net/","queue":"https://clitestfyixx74gs3loj3isf.queue.core.windows.net/","table":"https://clitestfyixx74gs3loj3isf.table.core.windows.net/","file":"https://clitestfyixx74gs3loj3isf.file.core.windows.net/"},"primaryLocation":"eastus2euap","statusOfPrimary":"available"}},{"sku":{"name":"Standard_LRS","tier":"Standard"},"kind":"Storage","id":"/subscriptions/00000000-0000-0000-0000-000000000000/resourceGroups/clitest.rg6xf4idvnxclgamrcp2ezv54qhk3doyffriwiegbm7ouxjbfmd2cj7izni3bhdv4wf/providers/Microsoft.Storage/storageAccounts/clitestoj23vdhimampujgji","name":"clitestoj23vdhimampujgji","type":"Microsoft.Storage/storageAccounts","location":"eastus2euap","tags":{},"properties":{"networkAcls":{"bypass":"AzureServices","virtualNetworkRules":[],"ipRules":[],"defaultAction":"Allow"},"trustedDirectories":["72f988bf-86f1-41af-91ab-2d7cd011db47"],"supportsHttpsTrafficOnly":false,"encryption":{"services":{"file":{"enabled":true,"lastEnabledTime":"2018-05-15T02:09:49.4622185Z"},"blob":{"enabled":true,"lastEnabledTime":"2018-05-15T02:09:49.4622185Z"}},"keySource":"Microsoft.Storage"},"provisioningState":"Succeeded","creationTime":"2018-05-15T02:09:49.3684695Z","primaryEndpoints":{"blob":"https://clitestoj23vdhimampujgji.blob.core.windows.net/","queue":"https://clitestoj23vdhimampujgji.queue.core.windows.net/","table":"https://clitestoj23vdhimampujgji.table.core.windows.net/","file":"https://clitestoj23vdhimampujgji.file.core.windows.net/"},"primaryLocation":"eastus2euap","statusOfPrimary":"available"}},{"sku":{"name":"Standard_LRS","tier":"Standard"},"kind":"Storage","id":"/subscriptions/00000000-0000-0000-0000-000000000000/resourceGroups/clitest.rgd5ygu6mbq43qw57ncgznekmhwaqlrowjc6dggyk2h6cfwioigvtt3bg7ayqckcwvk/providers/Microsoft.Storage/storageAccounts/clitestixsogcl5p5af5w2p3","name":"clitestixsogcl5p5af5w2p3","type":"Microsoft.Storage/storageAccounts","location":"eastus2euap","tags":{},"properties":{"networkAcls":{"bypass":"AzureServices","virtualNetworkRules":[],"ipRules":[],"defaultAction":"Allow"},"trustedDirectories":["72f988bf-86f1-41af-91ab-2d7cd011db47"],"supportsHttpsTrafficOnly":false,"encryption":{"services":{"file":{"enabled":true,"lastEnabledTime":"2018-04-19T18:00:02.2397791Z"},"blob":{"enabled":true,"lastEnabledTime":"2018-04-19T18:00:02.2397791Z"}},"keySource":"Microsoft.Storage"},"provisioningState":"Succeeded","creationTime":"2018-04-19T18:00:02.2087326Z","primaryEndpoints":{"blob":"https://clitestixsogcl5p5af5w2p3.blob.core.windows.net/","queue":"https://clitestixsogcl5p5af5w2p3.queue.core.windows.net/","table":"https://clitestixsogcl5p5af5w2p3.table.core.windows.net/","file":"https://clitestixsogcl5p5af5w2p3.file.core.windows.net/"},"primaryLocation":"eastus2euap","statusOfPrimary":"available"}},{"sku":{"name":"Standard_LRS","tier":"Standard"},"kind":"Storage","id":"/subscriptions/00000000-0000-0000-0000-000000000000/resourceGroups/clitest.rgeyg7p46zydk24opv23uowejjybhvp2nqcyqpnmknbs7o3w5c3tocuuygkogbvxz5f/providers/Microsoft.Storage/storageAccounts/clitestcrdofae6jvibomf2w","name":"clitestcrdofae6jvibomf2w","type":"Microsoft.Storage/storageAccounts","location":"eastus2euap","tags":{},"properties":{"networkAcls":{"bypass":"AzureServices","virtualNetworkRules":[],"ipRules":[],"defaultAction":"Allow"},"trustedDirectories":["72f988bf-86f1-41af-91ab-2d7cd011db47"],"supportsHttpsTrafficOnly":false,"encryption":{"services":{"file":{"enabled":true,"lastEnabledTime":"2018-04-20T01:19:55.8214506Z"},"blob":{"enabled":true,"lastEnabledTime":"2018-04-20T01:19:55.8214506Z"}},"keySource":"Microsoft.Storage"},"provisioningState":"Succeeded","creationTime":"2018-04-20T01:19:55.7120798Z","primaryEndpoints":{"blob":"https://clitestcrdofae6jvibomf2w.blob.core.windows.net/","queue":"https://clitestcrdofae6jvibomf2w.queue.core.windows.net/","table":"https://clitestcrdofae6jvibomf2w.table.core.windows.net/","file":"https://clitestcrdofae6jvibomf2w.file.core.windows.net/"},"primaryLocation":"eastus2euap","statusOfPrimary":"available"}},{"sku":{"name":"Standard_LRS","tier":"Standard"},"kind":"Storage","id":"/subscriptions/00000000-0000-0000-0000-000000000000/resourceGroups/clitest.rgeblmtd6pv6car44ga6qwvicwjyuxydhhkaharam4nad6uekgqgm2uiisw7v4a3czx/providers/Microsoft.Storage/storageAccounts/clitestcdx4bwlcvgviotc2p","name":"clitestcdx4bwlcvgviotc2p","type":"Microsoft.Storage/storageAccounts","location":"eastus2euap","tags":{},"properties":{"networkAcls":{"bypass":"AzureServices","virtualNetworkRules":[],"ipRules":[],"defaultAction":"Allow"},"trustedDirectories":["72f988bf-86f1-41af-91ab-2d7cd011db47"],"supportsHttpsTrafficOnly":false,"encryption":{"services":{"file":{"enabled":true,"lastEnabledTime":"2018-04-19T22:26:49.0369320Z"},"blob":{"enabled":true,"lastEnabledTime":"2018-04-19T22:26:49.0369320Z"}},"keySource":"Microsoft.Storage"},"provisioningState":"Succeeded","creationTime":"2018-04-19T22:26:48.9744081Z","primaryEndpoints":{"blob":"https://clitestcdx4bwlcvgviotc2p.blob.core.windows.net/","queue":"https://clitestcdx4bwlcvgviotc2p.queue.core.windows.net/","table":"https://clitestcdx4bwlcvgviotc2p.table.core.windows.net/","file":"https://clitestcdx4bwlcvgviotc2p.file.core.windows.net/"},"primaryLocation":"eastus2euap","statusOfPrimary":"available"}}]}'}
    headers:
      cache-control: [no-cache]
      content-length: ['65876']
      content-type: [application/json; charset=utf-8]
      date: ['Wed, 12 Sep 2018 19:26:18 GMT']
      expires: ['-1']
      pragma: [no-cache]
      strict-transport-security: [max-age=31536000; includeSubDomains]
      vary: [Accept-Encoding]
      x-content-type-options: [nosniff]
      x-ms-original-request-ids: [002ec1c5-781a-4745-852f-4450914da851, 7372f07f-4ecc-4e1f-9e45-cb8a1507515f,
        cd1a5073-ebfb-488a-b0f5-203ac3b7c2e2, c22175b5-a92b-4246-8b9e-413c3478381c,
        6c226713-f019-48ef-9d38-56be90b666b6, c15381a4-99c2-4d36-8056-41e8369dba8f]
    status: {code: 200, message: OK}
- request:
    body: null
    headers:
      Accept: [application/json]
      Accept-Encoding: ['gzip, deflate']
      CommandName: [storage container create]
      Connection: [keep-alive]
      Content-Length: ['0']
      User-Agent: [python/3.6.5 (Windows-10-10.0.17134-SP0) requests/2.19.1 msrest/0.5.4
          msrest_azure/0.4.34 azure-mgmt-storage/2.0.0 Azure-SDK-For-Python AZURECLI/2.0.46]
      accept-language: [en-US]
    method: POST
    uri: https://management.azure.com/subscriptions/00000000-0000-0000-0000-000000000000/resourceGroups/clitest.rg000001/providers/Microsoft.Storage/storageAccounts/clistorage000002/listKeys?api-version=2018-07-01
  response:
    body: {string: '{"keys":[{"keyName":"key1","value":"1RpbMZZF29MCNb1qYvvLpRJpVGGQUz/2F+2g7mDsOMJqOPfFI4/zVYWHqIRJkrwww7Z7wZdsAOSUZapQRPZRxw==","permissions":"FULL"},{"keyName":"key2","value":"fLN1Fv81LTeuK8J5KwkZAUA68hjfsbe+M8TfCWU7C5UWKR2xopdCzRXKNzXYt03rcjvWqaIkhI+fLXmrPqnp+g==","permissions":"FULL"}]}'}
    headers:
      cache-control: [no-cache]
      content-length: ['288']
      content-type: [application/json]
      date: ['Wed, 12 Sep 2018 19:26:18 GMT']
      expires: ['-1']
      pragma: [no-cache]
      server: ['Microsoft-Azure-Storage-Resource-Provider/1.0,Microsoft-HTTPAPI/2.0
          Microsoft-HTTPAPI/2.0']
      strict-transport-security: [max-age=31536000; includeSubDomains]
      transfer-encoding: [chunked]
      vary: [Accept-Encoding]
      x-content-type-options: [nosniff]
      x-ms-ratelimit-remaining-subscription-writes: ['1198']
    status: {code: 200, message: OK}
- request:
    body: null
    headers:
      Connection: [keep-alive]
      Content-Length: ['0']
      User-Agent: [Azure-Storage/1.2.0rc1-1.2.0rc1 (Python CPython 3.6.5; Windows
          10) AZURECLI/2.0.46]
      x-ms-date: ['Wed, 12 Sep 2018 19:26:18 GMT']
      x-ms-version: ['2018-03-28']
    method: PUT
    uri: https://clistorage000002.blob.core.windows.net/container1?restype=container
  response:
    body: {string: ''}
    headers:
      date: ['Wed, 12 Sep 2018 19:26:18 GMT']
      etag: ['"0x8D618E59D9E76A3"']
      last-modified: ['Wed, 12 Sep 2018 19:26:19 GMT']
      server: [Windows-Azure-Blob/1.0 Microsoft-HTTPAPI/2.0]
      transfer-encoding: [chunked]
      x-ms-version: ['2018-03-28']
    status: {code: 201, message: Created}
- request:
    body: '{"properties": {"immutabilityPeriodSinceCreationInDays": 1}}'
    headers:
      Accept: [application/json]
      Accept-Encoding: ['gzip, deflate']
      CommandName: [storage container immutability-policy create]
      Connection: [keep-alive]
      Content-Length: ['60']
      Content-Type: [application/json; charset=utf-8]
      User-Agent: [python/3.6.5 (Windows-10-10.0.17134-SP0) requests/2.19.1 msrest/0.5.4
          msrest_azure/0.4.34 azure-mgmt-storage/2.0.0 Azure-SDK-For-Python AZURECLI/2.0.46]
      accept-language: [en-US]
    method: PUT
    uri: https://management.azure.com/subscriptions/00000000-0000-0000-0000-000000000000/resourceGroups/clitest.rg000001/providers/Microsoft.Storage/storageAccounts/clistorage000002/blobServices/default/containers/container1/immutabilityPolicies/default?api-version=2018-07-01
  response:
    body: {string: '{"id":"/subscriptions/00000000-0000-0000-0000-000000000000/resourceGroups/clitest.rg000001/providers/Microsoft.Storage/storageAccounts/clistorage000002/blobServices/default/containers/container1/immutabilityPolicies/default","name":"default","type":"Microsoft.Storage/storageAccounts/blobServices/containers/immutabilityPolicies","etag":"\"8d618e59f6f3751\"","properties":{"immutabilityPeriodSinceCreationInDays":1,"state":"Unlocked"}}'}
    headers:
      cache-control: [no-cache]
      content-length: ['498']
      content-type: [application/json]
      date: ['Wed, 12 Sep 2018 19:26:21 GMT']
      etag: ['"8d618e59f6f3751"']
      expires: ['-1']
      pragma: [no-cache]
      server: ['Microsoft-Azure-Storage-Resource-Provider/1.0,Microsoft-HTTPAPI/2.0
          Microsoft-HTTPAPI/2.0']
      strict-transport-security: [max-age=31536000; includeSubDomains]
      transfer-encoding: [chunked]
      vary: [Accept-Encoding]
      x-content-type-options: [nosniff]
      x-ms-ratelimit-remaining-subscription-writes: ['1198']
    status: {code: 200, message: OK}
- request:
    body: null
    headers:
      Accept: [application/json]
      Accept-Encoding: ['gzip, deflate']
      CommandName: [storage container immutability-policy show]
      Connection: [keep-alive]
      User-Agent: [python/3.6.5 (Windows-10-10.0.17134-SP0) requests/2.19.1 msrest/0.5.4
          msrest_azure/0.4.34 azure-mgmt-storage/2.0.0 Azure-SDK-For-Python AZURECLI/2.0.46]
      accept-language: [en-US]
    method: GET
    uri: https://management.azure.com/subscriptions/00000000-0000-0000-0000-000000000000/resourceGroups/clitest.rg000001/providers/Microsoft.Storage/storageAccounts/clistorage000002/blobServices/default/containers/container1/immutabilityPolicies/default?api-version=2018-07-01
  response:
    body: {string: '{"id":"/subscriptions/00000000-0000-0000-0000-000000000000/resourceGroups/clitest.rg000001/providers/Microsoft.Storage/storageAccounts/clistorage000002/blobServices/default/containers/container1/immutabilityPolicies/default","name":"default","type":"Microsoft.Storage/storageAccounts/blobServices/containers/immutabilityPolicies","etag":"\"8d618e59f6f3751\"","properties":{"immutabilityPeriodSinceCreationInDays":1,"state":"Unlocked"}}'}
    headers:
      cache-control: [no-cache]
      content-length: ['498']
      content-type: [application/json]
      date: ['Wed, 12 Sep 2018 19:26:22 GMT']
      etag: ['"8d618e59f6f3751"']
      expires: ['-1']
      pragma: [no-cache]
      server: ['Microsoft-Azure-Storage-Resource-Provider/1.0,Microsoft-HTTPAPI/2.0
          Microsoft-HTTPAPI/2.0']
      strict-transport-security: [max-age=31536000; includeSubDomains]
      transfer-encoding: [chunked]
      vary: [Accept-Encoding]
      x-content-type-options: [nosniff]
    status: {code: 200, message: OK}
- request:
    body: null
    headers:
      Accept: [application/json]
      Accept-Encoding: ['gzip, deflate']
      CommandName: [storage container immutability-policy delete]
      Connection: [keep-alive]
      Content-Length: ['0']
      If-Match: ['"8d618e59f6f3751"']
      User-Agent: [python/3.6.5 (Windows-10-10.0.17134-SP0) requests/2.19.1 msrest/0.5.4
          msrest_azure/0.4.34 azure-mgmt-storage/2.0.0 Azure-SDK-For-Python AZURECLI/2.0.46]
      accept-language: [en-US]
    method: DELETE
    uri: https://management.azure.com/subscriptions/00000000-0000-0000-0000-000000000000/resourceGroups/clitest.rg000001/providers/Microsoft.Storage/storageAccounts/clistorage000002/blobServices/default/containers/container1/immutabilityPolicies/default?api-version=2018-07-01
  response:
    body: {string: '{"id":"/subscriptions/00000000-0000-0000-0000-000000000000/resourceGroups/clitest.rg000001/providers/Microsoft.Storage/storageAccounts/clistorage000002/blobServices/default/containers/container1/immutabilityPolicies/default","name":"default","type":"Microsoft.Storage/storageAccounts/blobServices/containers/immutabilityPolicies","etag":"\"8d618e5a0a0952c\"","properties":{"immutabilityPeriodSinceCreationInDays":0,"state":"Unlocked"}}'}
    headers:
      cache-control: [no-cache]
      content-length: ['498']
      content-type: [application/json]
      date: ['Wed, 12 Sep 2018 19:26:23 GMT']
      etag: ['"8d618e5a0a0952c"']
      expires: ['-1']
      pragma: [no-cache]
      server: ['Microsoft-Azure-Storage-Resource-Provider/1.0,Microsoft-HTTPAPI/2.0
          Microsoft-HTTPAPI/2.0']
      strict-transport-security: [max-age=31536000; includeSubDomains]
      transfer-encoding: [chunked]
      vary: [Accept-Encoding]
      x-content-type-options: [nosniff]
      x-ms-ratelimit-remaining-subscription-deletes: ['14999']
    status: {code: 200, message: OK}
- request:
    body: null
    headers:
      Accept: [application/json]
      Accept-Encoding: ['gzip, deflate']
      CommandName: [storage container immutability-policy show]
      Connection: [keep-alive]
      User-Agent: [python/3.6.5 (Windows-10-10.0.17134-SP0) requests/2.19.1 msrest/0.5.4
          msrest_azure/0.4.34 azure-mgmt-storage/2.0.0 Azure-SDK-For-Python AZURECLI/2.0.46]
      accept-language: [en-US]
    method: GET
    uri: https://management.azure.com/subscriptions/00000000-0000-0000-0000-000000000000/resourceGroups/clitest.rg000001/providers/Microsoft.Storage/storageAccounts/clistorage000002/blobServices/default/containers/container1/immutabilityPolicies/default?api-version=2018-07-01
  response:
    body: {string: '{"id":"/subscriptions/00000000-0000-0000-0000-000000000000/resourceGroups/clitest.rg000001/providers/Microsoft.Storage/storageAccounts/clistorage000002/blobServices/default/containers/container1/immutabilityPolicies/default","name":"default","type":"Microsoft.Storage/storageAccounts/blobServices/containers/immutabilityPolicies","etag":"","properties":{"immutabilityPeriodSinceCreationInDays":0,"state":"Deleted"}}'}
    headers:
      cache-control: [no-cache]
      content-length: ['478']
      content-type: [application/json]
      date: ['Wed, 12 Sep 2018 19:26:24 GMT']
      expires: ['-1']
      pragma: [no-cache]
      server: ['Microsoft-Azure-Storage-Resource-Provider/1.0,Microsoft-HTTPAPI/2.0
          Microsoft-HTTPAPI/2.0']
      strict-transport-security: [max-age=31536000; includeSubDomains]
      transfer-encoding: [chunked]
      vary: [Accept-Encoding]
      x-content-type-options: [nosniff]
    status: {code: 200, message: OK}
- request:
    body: '{"properties": {"immutabilityPeriodSinceCreationInDays": 1}}'
    headers:
      Accept: [application/json]
      Accept-Encoding: ['gzip, deflate']
      CommandName: [storage container immutability-policy create]
      Connection: [keep-alive]
      Content-Length: ['60']
      Content-Type: [application/json; charset=utf-8]
      User-Agent: [python/3.6.5 (Windows-10-10.0.17134-SP0) requests/2.19.1 msrest/0.5.4
          msrest_azure/0.4.34 azure-mgmt-storage/2.0.0 Azure-SDK-For-Python AZURECLI/2.0.46]
      accept-language: [en-US]
    method: PUT
    uri: https://management.azure.com/subscriptions/00000000-0000-0000-0000-000000000000/resourceGroups/clitest.rg000001/providers/Microsoft.Storage/storageAccounts/clistorage000002/blobServices/default/containers/container1/immutabilityPolicies/default?api-version=2018-07-01
  response:
    body: {string: '{"id":"/subscriptions/00000000-0000-0000-0000-000000000000/resourceGroups/clitest.rg000001/providers/Microsoft.Storage/storageAccounts/clistorage000002/blobServices/default/containers/container1/immutabilityPolicies/default","name":"default","type":"Microsoft.Storage/storageAccounts/blobServices/containers/immutabilityPolicies","etag":"\"8d618e5a1bf3a2b\"","properties":{"immutabilityPeriodSinceCreationInDays":1,"state":"Unlocked"}}'}
    headers:
      cache-control: [no-cache]
      content-length: ['498']
      content-type: [application/json]
      date: ['Wed, 12 Sep 2018 19:26:25 GMT']
      etag: ['"8d618e5a1bf3a2b"']
      expires: ['-1']
      pragma: [no-cache]
      server: ['Microsoft-Azure-Storage-Resource-Provider/1.0,Microsoft-HTTPAPI/2.0
          Microsoft-HTTPAPI/2.0']
      strict-transport-security: [max-age=31536000; includeSubDomains]
      transfer-encoding: [chunked]
      vary: [Accept-Encoding]
      x-content-type-options: [nosniff]
      x-ms-ratelimit-remaining-subscription-writes: ['1199']
    status: {code: 200, message: OK}
- request:
    body: null
    headers:
      Accept: [application/json]
      Accept-Encoding: ['gzip, deflate']
      CommandName: [storage container immutability-policy show]
      Connection: [keep-alive]
      User-Agent: [python/3.6.5 (Windows-10-10.0.17134-SP0) requests/2.19.1 msrest/0.5.4
          msrest_azure/0.4.34 azure-mgmt-storage/2.0.0 Azure-SDK-For-Python AZURECLI/2.0.46]
      accept-language: [en-US]
    method: GET
    uri: https://management.azure.com/subscriptions/00000000-0000-0000-0000-000000000000/resourceGroups/clitest.rg000001/providers/Microsoft.Storage/storageAccounts/clistorage000002/blobServices/default/containers/container1/immutabilityPolicies/default?api-version=2018-07-01
  response:
    body: {string: '{"id":"/subscriptions/00000000-0000-0000-0000-000000000000/resourceGroups/clitest.rg000001/providers/Microsoft.Storage/storageAccounts/clistorage000002/blobServices/default/containers/container1/immutabilityPolicies/default","name":"default","type":"Microsoft.Storage/storageAccounts/blobServices/containers/immutabilityPolicies","etag":"\"8d618e5a1bf3a2b\"","properties":{"immutabilityPeriodSinceCreationInDays":1,"state":"Unlocked"}}'}
    headers:
      cache-control: [no-cache]
      content-length: ['498']
      content-type: [application/json]
      date: ['Wed, 12 Sep 2018 19:26:26 GMT']
      etag: ['"8d618e5a1bf3a2b"']
      expires: ['-1']
      pragma: [no-cache]
      server: ['Microsoft-Azure-Storage-Resource-Provider/1.0,Microsoft-HTTPAPI/2.0
          Microsoft-HTTPAPI/2.0']
      strict-transport-security: [max-age=31536000; includeSubDomains]
      transfer-encoding: [chunked]
      vary: [Accept-Encoding]
      x-content-type-options: [nosniff]
    status: {code: 200, message: OK}
- request:
    body: null
    headers:
      Accept: [application/json]
      Accept-Encoding: ['gzip, deflate']
      CommandName: [storage container immutability-policy lock]
      Connection: [keep-alive]
      Content-Length: ['0']
      If-Match: ['"8d618e5a1bf3a2b"']
      User-Agent: [python/3.6.5 (Windows-10-10.0.17134-SP0) requests/2.19.1 msrest/0.5.4
          msrest_azure/0.4.34 azure-mgmt-storage/2.0.0 Azure-SDK-For-Python AZURECLI/2.0.46]
      accept-language: [en-US]
    method: POST
    uri: https://management.azure.com/subscriptions/00000000-0000-0000-0000-000000000000/resourceGroups/clitest.rg000001/providers/Microsoft.Storage/storageAccounts/clistorage000002/blobServices/default/containers/container1/immutabilityPolicies/default/lock?api-version=2018-07-01
  response:
    body: {string: '{"id":"/subscriptions/00000000-0000-0000-0000-000000000000/resourceGroups/clitest.rg000001/providers/Microsoft.Storage/storageAccounts/clistorage000002/blobServices/default/containers/container1/immutabilityPolicies/default","name":"default","type":"Microsoft.Storage/storageAccounts/blobServices/containers/immutabilityPolicies","etag":"\"8d618e5a2a6ae16\"","properties":{"immutabilityPeriodSinceCreationInDays":1,"state":"Locked"}}'}
    headers:
      cache-control: [no-cache]
      content-length: ['496']
      content-type: [application/json]
      date: ['Wed, 12 Sep 2018 19:26:26 GMT']
      etag: ['"8d618e5a2a6ae16"']
      expires: ['-1']
      pragma: [no-cache]
      server: ['Microsoft-Azure-Storage-Resource-Provider/1.0,Microsoft-HTTPAPI/2.0
          Microsoft-HTTPAPI/2.0']
      strict-transport-security: [max-age=31536000; includeSubDomains]
      transfer-encoding: [chunked]
      vary: [Accept-Encoding]
      x-content-type-options: [nosniff]
      x-ms-ratelimit-remaining-subscription-writes: ['1198']
    status: {code: 200, message: OK}
- request:
    body: null
    headers:
      Accept: [application/json]
      Accept-Encoding: ['gzip, deflate']
      CommandName: [storage container immutability-policy show]
      Connection: [keep-alive]
      User-Agent: [python/3.6.5 (Windows-10-10.0.17134-SP0) requests/2.19.1 msrest/0.5.4
          msrest_azure/0.4.34 azure-mgmt-storage/2.0.0 Azure-SDK-For-Python AZURECLI/2.0.46]
      accept-language: [en-US]
    method: GET
    uri: https://management.azure.com/subscriptions/00000000-0000-0000-0000-000000000000/resourceGroups/clitest.rg000001/providers/Microsoft.Storage/storageAccounts/clistorage000002/blobServices/default/containers/container1/immutabilityPolicies/default?api-version=2018-07-01
  response:
    body: {string: '{"id":"/subscriptions/00000000-0000-0000-0000-000000000000/resourceGroups/clitest.rg000001/providers/Microsoft.Storage/storageAccounts/clistorage000002/blobServices/default/containers/container1/immutabilityPolicies/default","name":"default","type":"Microsoft.Storage/storageAccounts/blobServices/containers/immutabilityPolicies","etag":"\"8d618e5a2a6ae16\"","properties":{"immutabilityPeriodSinceCreationInDays":1,"state":"Locked"}}'}
    headers:
      cache-control: [no-cache]
      content-length: ['496']
      content-type: [application/json]
      date: ['Wed, 12 Sep 2018 19:26:27 GMT']
      etag: ['"8d618e5a2a6ae16"']
      expires: ['-1']
      pragma: [no-cache]
      server: ['Microsoft-Azure-Storage-Resource-Provider/1.0,Microsoft-HTTPAPI/2.0
          Microsoft-HTTPAPI/2.0']
      strict-transport-security: [max-age=31536000; includeSubDomains]
      transfer-encoding: [chunked]
      vary: [Accept-Encoding]
      x-content-type-options: [nosniff]
    status: {code: 200, message: OK}
- request:
    body: null
    headers:
      Accept: [application/json]
      Accept-Encoding: ['gzip, deflate']
      CommandName: [storage container immutability-policy delete]
      Connection: [keep-alive]
      Content-Length: ['0']
      If-Match: ['"8d618e5a2a6ae16"']
      User-Agent: [python/3.6.5 (Windows-10-10.0.17134-SP0) requests/2.19.1 msrest/0.5.4
          msrest_azure/0.4.34 azure-mgmt-storage/2.0.0 Azure-SDK-For-Python AZURECLI/2.0.46]
      accept-language: [en-US]
    method: DELETE
    uri: https://management.azure.com/subscriptions/00000000-0000-0000-0000-000000000000/resourceGroups/clitest.rg000001/providers/Microsoft.Storage/storageAccounts/clistorage000002/blobServices/default/containers/container1/immutabilityPolicies/default?api-version=2018-07-01
  response:
    body: {string: '{"error":{"code":"ContainerImmutabilityPolicyFailure","message":"Operation
        not allowed on immutability policy with current state."}}'}
    headers:
      cache-control: [no-cache]
      content-length: ['132']
      content-type: [application/json]
      date: ['Wed, 12 Sep 2018 19:26:29 GMT']
      expires: ['-1']
      pragma: [no-cache]
      server: ['Microsoft-Azure-Storage-Resource-Provider/1.0,Microsoft-HTTPAPI/2.0
          Microsoft-HTTPAPI/2.0']
      strict-transport-security: [max-age=31536000; includeSubDomains]
      x-content-type-options: [nosniff]
      x-ms-ratelimit-remaining-subscription-deletes: ['14999']
    status: {code: 409, message: Conflict}
- request:
    body: '{"properties": {"immutabilityPeriodSinceCreationInDays": 2}}'
    headers:
      Accept: [application/json]
      Accept-Encoding: ['gzip, deflate']
      CommandName: [storage container immutability-policy extend]
      Connection: [keep-alive]
      Content-Length: ['60']
      Content-Type: [application/json; charset=utf-8]
      If-Match: ['"8d618e5a2a6ae16"']
      User-Agent: [python/3.6.5 (Windows-10-10.0.17134-SP0) requests/2.19.1 msrest/0.5.4
          msrest_azure/0.4.34 azure-mgmt-storage/2.0.0 Azure-SDK-For-Python AZURECLI/2.0.46]
      accept-language: [en-US]
    method: POST
    uri: https://management.azure.com/subscriptions/00000000-0000-0000-0000-000000000000/resourceGroups/clitest.rg000001/providers/Microsoft.Storage/storageAccounts/clistorage000002/blobServices/default/containers/container1/immutabilityPolicies/default/extend?api-version=2018-07-01
  response:
    body: {string: '{"id":"/subscriptions/00000000-0000-0000-0000-000000000000/resourceGroups/clitest.rg000001/providers/Microsoft.Storage/storageAccounts/clistorage000002/blobServices/default/containers/container1/immutabilityPolicies/default","name":"default","type":"Microsoft.Storage/storageAccounts/blobServices/containers/immutabilityPolicies","etag":"\"8d618e5a42dafc0\"","properties":{"immutabilityPeriodSinceCreationInDays":2,"state":"Locked"}}'}
    headers:
      cache-control: [no-cache]
      content-length: ['496']
      content-type: [application/json]
      date: ['Wed, 12 Sep 2018 19:26:29 GMT']
      etag: ['"8d618e5a42dafc0"']
      expires: ['-1']
      pragma: [no-cache]
      server: ['Microsoft-Azure-Storage-Resource-Provider/1.0,Microsoft-HTTPAPI/2.0
          Microsoft-HTTPAPI/2.0']
      strict-transport-security: [max-age=31536000; includeSubDomains]
      transfer-encoding: [chunked]
      vary: [Accept-Encoding]
      x-content-type-options: [nosniff]
      x-ms-ratelimit-remaining-subscription-writes: ['1197']
    status: {code: 200, message: OK}
- request:
    body: null
    headers:
      Accept: [application/json]
      Accept-Encoding: ['gzip, deflate']
      CommandName: [group delete]
      Connection: [keep-alive]
      Content-Length: ['0']
      Content-Type: [application/json; charset=utf-8]
      User-Agent: [python/3.6.5 (Windows-10-10.0.17134-SP0) requests/2.19.1 msrest/0.5.4
          msrest_azure/0.4.34 resourcemanagementclient/2.0.0 Azure-SDK-For-Python
          AZURECLI/2.0.46]
      accept-language: [en-US]
    method: DELETE
    uri: https://management.azure.com/subscriptions/00000000-0000-0000-0000-000000000000/resourcegroups/clitest.rg000001?api-version=2018-05-01
  response:
    body: {string: ''}
    headers:
      cache-control: [no-cache]
      content-length: ['0']
      date: ['Wed, 12 Sep 2018 19:26:31 GMT']
      expires: ['-1']
      location: ['https://management.azure.com/subscriptions/00000000-0000-0000-0000-000000000000/operationresults/eyJqb2JJZCI6IlJFU09VUkNFR1JPVVBERUxFVElPTkpPQi1DTElURVNUOjJFUkdMV1RYWFhPVEFCUEJMWUVQSFNJS05NQVJNRkpMMzI1SVhPT3w3RkUwQzM2MEEzNkRFQUI3LVdFU1RVUyIsImpvYkxvY2F0aW9uIjoid2VzdHVzIn0?api-version=2018-05-01']
      pragma: [no-cache]
      strict-transport-security: [max-age=31536000; includeSubDomains]
      x-content-type-options: [nosniff]
      x-ms-ratelimit-remaining-subscription-deletes: ['14999']
    status: {code: 202, message: Accepted}
version: 1
