interactions:
- request:
    body: '{"location": "westus", "tags": {"product": "azurecli", "cause": "automation",
      "date": "2018-05-29T19:38:20Z"}}'
    headers:
      Accept: [application/json]
      Accept-Encoding: ['gzip, deflate']
      CommandName: [group create]
      Connection: [keep-alive]
      Content-Length: ['110']
      Content-Type: [application/json; charset=utf-8]
      User-Agent: [python/3.6.2 (Windows-10-10.0.17134-SP0) requests/2.18.4 msrest/0.4.29
          msrest_azure/0.4.29 resourcemanagementclient/1.2.1 Azure-SDK-For-Python
          AZURECLI/2.0.34]
      accept-language: [en-US]
    method: PUT
    uri: https://management.azure.com/subscriptions/00000000-0000-0000-0000-000000000000/resourcegroups/clitest.rg000001?api-version=2017-05-10
  response:
    body: {string: '{"id":"/subscriptions/00000000-0000-0000-0000-000000000000/resourceGroups/clitest.rg000001","name":"clitest.rg000001","location":"westus","tags":{"product":"azurecli","cause":"automation","date":"2018-05-29T19:38:20Z"},"properties":{"provisioningState":"Succeeded"}}'}
    headers:
      cache-control: [no-cache]
      content-length: ['384']
      content-type: [application/json; charset=utf-8]
      date: ['Tue, 29 May 2018 19:38:21 GMT']
      expires: ['-1']
      pragma: [no-cache]
      strict-transport-security: [max-age=31536000; includeSubDomains]
      x-content-type-options: [nosniff]
      x-ms-ratelimit-remaining-subscription-writes: ['1199']
    status: {code: 201, message: Created}
- request:
    body: '{"sku": {"name": "Standard_LRS"}, "kind": "Storage", "location": "westus",
      "properties": {"supportsHttpsTrafficOnly": false}}'
    headers:
      Accept: [application/json]
      Accept-Encoding: ['gzip, deflate']
      CommandName: [storage account create]
      Connection: [keep-alive]
      Content-Length: ['125']
      Content-Type: [application/json; charset=utf-8]
      User-Agent: [python/3.6.2 (Windows-10-10.0.17134-SP0) requests/2.18.4 msrest/0.4.29
          msrest_azure/0.4.29 azure-mgmt-storage/2.0.0rc2 Azure-SDK-For-Python AZURECLI/2.0.34]
      accept-language: [en-US]
    method: PUT
    uri: https://management.azure.com/subscriptions/00000000-0000-0000-0000-000000000000/resourceGroups/clitest.rg000001/providers/Microsoft.Storage/storageAccounts/clitest000002?api-version=2018-03-01-preview
  response:
    body: {string: ''}
    headers:
      cache-control: [no-cache]
      content-length: ['0']
      content-type: [text/plain; charset=utf-8]
      date: ['Tue, 29 May 2018 19:38:23 GMT']
      expires: ['-1']
      location: ['https://management.azure.com/subscriptions/00000000-0000-0000-0000-000000000000/providers/Microsoft.Storage/locations/westus/asyncoperations/cecba5fa-23de-4d50-a7ae-7f6f8e2d2abc?monitor=true&api-version=2018-03-01-preview']
      pragma: [no-cache]
      server: ['Microsoft-Azure-Storage-Resource-Provider/1.0,Microsoft-HTTPAPI/2.0
          Microsoft-HTTPAPI/2.0']
      strict-transport-security: [max-age=31536000; includeSubDomains]
      x-content-type-options: [nosniff]
      x-ms-ratelimit-remaining-subscription-writes: ['1199']
    status: {code: 202, message: Accepted}
- request:
    body: null
    headers:
      Accept: [application/json]
      Accept-Encoding: ['gzip, deflate']
      CommandName: [storage account create]
      Connection: [keep-alive]
      User-Agent: [python/3.6.2 (Windows-10-10.0.17134-SP0) requests/2.18.4 msrest/0.4.29
          msrest_azure/0.4.29 azure-mgmt-storage/2.0.0rc2 Azure-SDK-For-Python AZURECLI/2.0.34]
    method: GET
    uri: https://management.azure.com/subscriptions/00000000-0000-0000-0000-000000000000/providers/Microsoft.Storage/locations/westus/asyncoperations/cecba5fa-23de-4d50-a7ae-7f6f8e2d2abc?monitor=true&api-version=2018-03-01-preview
  response:
    body: {string: '{"sku":{"name":"Standard_LRS","tier":"Standard"},"kind":"Storage","id":"/subscriptions/00000000-0000-0000-0000-000000000000/resourceGroups/clitest.rg000001/providers/Microsoft.Storage/storageAccounts/clitest000002","name":"clitest000002","type":"Microsoft.Storage/storageAccounts","location":"westus","tags":{},"properties":{"networkAcls":{"bypass":"AzureServices","virtualNetworkRules":[],"ipRules":[],"defaultAction":"Allow"},"trustedDirectories":["72f988bf-86f1-41af-91ab-2d7cd011db47"],"supportsHttpsTrafficOnly":false,"encryption":{"services":{"file":{"enabled":true,"lastEnabledTime":"2018-05-29T19:38:24.1684294Z"},"blob":{"enabled":true,"lastEnabledTime":"2018-05-29T19:38:24.1684294Z"}},"keySource":"Microsoft.Storage"},"provisioningState":"Succeeded","creationTime":"2018-05-29T19:38:23.9496266Z","primaryEndpoints":{"blob":"https://clitest000002.blob.core.windows.net/","queue":"https://clitest000002.queue.core.windows.net/","table":"https://clitest000002.table.core.windows.net/","file":"https://clitest000002.file.core.windows.net/"},"primaryLocation":"westus","statusOfPrimary":"available"}}'}
    headers:
      cache-control: [no-cache]
      content-length: ['1231']
      content-type: [application/json]
      date: ['Tue, 29 May 2018 19:38:41 GMT']
      expires: ['-1']
      pragma: [no-cache]
      server: ['Microsoft-Azure-Storage-Resource-Provider/1.0,Microsoft-HTTPAPI/2.0
          Microsoft-HTTPAPI/2.0']
      strict-transport-security: [max-age=31536000; includeSubDomains]
      transfer-encoding: [chunked]
      vary: [Accept-Encoding]
      x-content-type-options: [nosniff]
    status: {code: 200, message: OK}
- request:
    body: null
    headers:
      Accept: [application/json]
      Accept-Encoding: ['gzip, deflate']
      CommandName: [storage account keys list]
      Connection: [keep-alive]
      Content-Length: ['0']
      Content-Type: [application/json; charset=utf-8]
      User-Agent: [python/3.6.2 (Windows-10-10.0.17134-SP0) requests/2.18.4 msrest/0.4.29
          msrest_azure/0.4.29 azure-mgmt-storage/2.0.0rc2 Azure-SDK-For-Python AZURECLI/2.0.34]
      accept-language: [en-US]
    method: POST
    uri: https://management.azure.com/subscriptions/00000000-0000-0000-0000-000000000000/resourceGroups/clitest.rg000001/providers/Microsoft.Storage/storageAccounts/clitest000002/listKeys?api-version=2018-03-01-preview
  response:
    body: {string: '{"keys":[{"keyName":"key1","value":"vSftVi2WliSaaw1ZyeHBNNPiowppG2VJeyjxBtZZG2X6EMgxPxM/Z/niipngMa/t1ECsyihmvr0rT6GM85lYBg==","permissions":"FULL"},{"keyName":"key2","value":"R45hs8d54fe109R28xKsadvCUFeLEpIX9gULMdk7r/wJZT9SQDL1ZA0EFQ4yxA6zUyeb2+kw0gXL0Ox2HVZvig==","permissions":"FULL"}]}'}
    headers:
      cache-control: [no-cache]
      content-length: ['288']
      content-type: [application/json]
      date: ['Tue, 29 May 2018 19:38:42 GMT']
      expires: ['-1']
      pragma: [no-cache]
      server: ['Microsoft-Azure-Storage-Resource-Provider/1.0,Microsoft-HTTPAPI/2.0
          Microsoft-HTTPAPI/2.0']
      strict-transport-security: [max-age=31536000; includeSubDomains]
      transfer-encoding: [chunked]
      vary: [Accept-Encoding]
      x-content-type-options: [nosniff]
      x-ms-ratelimit-remaining-subscription-writes: ['1199']
    status: {code: 200, message: OK}
- request:
    body: null
    headers:
      Accept: [application/json]
      Accept-Encoding: ['gzip, deflate']
      CommandName: [storage account show-connection-string]
      Connection: [keep-alive]
      Content-Length: ['0']
      Content-Type: [application/json; charset=utf-8]
      User-Agent: [python/3.6.2 (Windows-10-10.0.17134-SP0) requests/2.18.4 msrest/0.4.29
          msrest_azure/0.4.29 azure-mgmt-storage/2.0.0rc2 Azure-SDK-For-Python AZURECLI/2.0.34]
      accept-language: [en-US]
    method: POST
    uri: https://management.azure.com/subscriptions/00000000-0000-0000-0000-000000000000/resourceGroups/clitest.rg000001/providers/Microsoft.Storage/storageAccounts/clitest000002/listKeys?api-version=2018-03-01-preview
  response:
    body: {string: '{"keys":[{"keyName":"key1","value":"vSftVi2WliSaaw1ZyeHBNNPiowppG2VJeyjxBtZZG2X6EMgxPxM/Z/niipngMa/t1ECsyihmvr0rT6GM85lYBg==","permissions":"FULL"},{"keyName":"key2","value":"R45hs8d54fe109R28xKsadvCUFeLEpIX9gULMdk7r/wJZT9SQDL1ZA0EFQ4yxA6zUyeb2+kw0gXL0Ox2HVZvig==","permissions":"FULL"}]}'}
    headers:
      cache-control: [no-cache]
      content-length: ['288']
      content-type: [application/json]
      date: ['Tue, 29 May 2018 19:38:43 GMT']
      expires: ['-1']
      pragma: [no-cache]
      server: ['Microsoft-Azure-Storage-Resource-Provider/1.0,Microsoft-HTTPAPI/2.0
          Microsoft-HTTPAPI/2.0']
      strict-transport-security: [max-age=31536000; includeSubDomains]
      transfer-encoding: [chunked]
      vary: [Accept-Encoding]
      x-content-type-options: [nosniff]
      x-ms-ratelimit-remaining-subscription-writes: ['1198']
    status: {code: 200, message: OK}
- request:
    body: null
    headers:
      Connection: [keep-alive]
      User-Agent: [Azure-Storage/1.2.0rc0-1.2.0rc0 (Python CPython 3.6.2; Windows
          10) AZURECLI/2.0.34]
      x-ms-date: ['Tue, 29 May 2018 19:38:43 GMT']
      x-ms-version: ['2017-11-09']
    method: GET
    uri: https://clitest000002.queue.core.windows.net/?restype=service&comp=properties
  response:
    body: {string: "\uFEFF<?xml version=\"1.0\" encoding=\"utf-8\"?><StorageServiceProperties><Logging><Version>1.0</Version><Read>false</Read><Write>false</Write><Delete>false</Delete><RetentionPolicy><Enabled>false</Enabled></RetentionPolicy></Logging><HourMetrics><Version>1.0</Version><Enabled>true</Enabled><IncludeAPIs>true</IncludeAPIs><RetentionPolicy><Enabled>true</Enabled><Days>7</Days></RetentionPolicy></HourMetrics><MinuteMetrics><Version>1.0</Version><Enabled>false</Enabled><RetentionPolicy><Enabled>false</Enabled></RetentionPolicy></MinuteMetrics><Cors\
        \ /></StorageServiceProperties>"}
    headers:
      cache-control: [no-cache]
      content-type: [application/xml]
      date: ['Tue, 29 May 2018 19:38:43 GMT']
      server: [Windows-Azure-Queue/1.0 Microsoft-HTTPAPI/2.0]
      transfer-encoding: [chunked]
      x-ms-version: ['2017-11-09']
    status: {code: 200, message: OK}
- request:
    body: null
    headers:
      Connection: [keep-alive]
      User-Agent: [Azure-Storage/1.2.0rc0-1.2.0rc0 (Python CPython 3.6.2; Windows
          10) AZURECLI/2.0.34]
      x-ms-date: ['Tue, 29 May 2018 19:38:44 GMT']
      x-ms-version: ['2017-11-09']
    method: GET
    uri: https://clitest000002.blob.core.windows.net/?restype=service&comp=properties
  response:
    body: {string: "\uFEFF<?xml version=\"1.0\" encoding=\"utf-8\"?><StorageServiceProperties><Logging><Version>1.0</Version><Read>false</Read><Write>false</Write><Delete>false</Delete><RetentionPolicy><Enabled>false</Enabled></RetentionPolicy></Logging><HourMetrics><Version>1.0</Version><Enabled>true</Enabled><IncludeAPIs>true</IncludeAPIs><RetentionPolicy><Enabled>true</Enabled><Days>7</Days></RetentionPolicy></HourMetrics><MinuteMetrics><Version>1.0</Version><Enabled>false</Enabled><RetentionPolicy><Enabled>false</Enabled></RetentionPolicy></MinuteMetrics><Cors\
        \ /><DeleteRetentionPolicy><Enabled>false</Enabled></DeleteRetentionPolicy></StorageServiceProperties>"}
    headers:
      content-type: [application/xml]
      date: ['Tue, 29 May 2018 19:38:43 GMT']
      server: [Windows-Azure-Blob/1.0 Microsoft-HTTPAPI/2.0]
      transfer-encoding: [chunked]
      x-ms-version: ['2017-11-09']
    status: {code: 200, message: OK}
- request:
    body: null
    headers:
      Connection: [keep-alive]
      User-Agent: [Azure-Storage/1.2.0rc0-1.1.0 (Python CPython 3.6.2; Windows 10)
          AZURECLI/2.0.34]
      x-ms-date: ['Tue, 29 May 2018 19:38:44 GMT']
      x-ms-version: ['2017-07-29']
    method: GET
    uri: https://clitest000002.file.core.windows.net/?restype=service&comp=properties
  response:
    body: {string: "\uFEFF<?xml version=\"1.0\" encoding=\"utf-8\"?><StorageServiceProperties><HourMetrics><Version>1.0</Version><Enabled>true</Enabled><IncludeAPIs>true</IncludeAPIs><RetentionPolicy><Enabled>true</Enabled><Days>7</Days></RetentionPolicy></HourMetrics><MinuteMetrics><Version>1.0</Version><Enabled>false</Enabled><RetentionPolicy><Enabled>false</Enabled></RetentionPolicy></MinuteMetrics><Cors\
        \ /></StorageServiceProperties>"}
    headers:
      content-type: [application/xml]
      date: ['Tue, 29 May 2018 19:38:44 GMT']
      server: [Windows-Azure-File/1.0 Microsoft-HTTPAPI/2.0]
      transfer-encoding: [chunked]
      x-ms-version: ['2017-07-29']
    status: {code: 200, message: OK}
- request:
    body: null
    headers:
      Connection: [keep-alive]
      DataServiceVersion: [3.0;NetFx]
      MaxDataServiceVersion: ['3.0']
      User-Agent: [Azure-CosmosDB/0.37.1 (Python CPython 3.6.2; Windows 10) AZURECLI/2.0.34]
      x-ms-date: ['Tue, 29 May 2018 19:38:45 GMT']
      x-ms-version: ['2017-04-17']
    method: GET
    uri: https://clitest000002.table.core.windows.net/?restype=service&comp=properties
  response:
    body: {string: "\uFEFF<?xml version=\"1.0\" encoding=\"utf-8\"?><StorageServiceProperties><Logging><Version>1.0</Version><Read>false</Read><Write>false</Write><Delete>false</Delete><RetentionPolicy><Enabled>false</Enabled></RetentionPolicy></Logging><HourMetrics><Version>1.0</Version><Enabled>true</Enabled><IncludeAPIs>true</IncludeAPIs><RetentionPolicy><Enabled>true</Enabled><Days>7</Days></RetentionPolicy></HourMetrics><MinuteMetrics><Version>1.0</Version><Enabled>false</Enabled><RetentionPolicy><Enabled>false</Enabled></RetentionPolicy></MinuteMetrics><Cors\
        \ /></StorageServiceProperties>"}
    headers:
      content-type: [application/xml]
      date: ['Tue, 29 May 2018 19:38:45 GMT']
      server: [Windows-Azure-Table/1.0 Microsoft-HTTPAPI/2.0]
      transfer-encoding: [chunked]
      x-ms-version: ['2017-04-17']
    status: {code: 200, message: OK}
- request:
    body: null
    headers:
      Connection: [keep-alive]
      User-Agent: [Azure-Storage/1.2.0rc0-1.2.0rc0 (Python CPython 3.6.2; Windows
          10) AZURECLI/2.0.34]
      x-ms-date: ['Tue, 29 May 2018 19:38:45 GMT']
      x-ms-version: ['2017-11-09']
    method: GET
    uri: https://clitest000002.queue.core.windows.net/?restype=service&comp=properties
  response:
    body: {string: "\uFEFF<?xml version=\"1.0\" encoding=\"utf-8\"?><StorageServiceProperties><Logging><Version>1.0</Version><Read>false</Read><Write>false</Write><Delete>false</Delete><RetentionPolicy><Enabled>false</Enabled></RetentionPolicy></Logging><HourMetrics><Version>1.0</Version><Enabled>true</Enabled><IncludeAPIs>true</IncludeAPIs><RetentionPolicy><Enabled>true</Enabled><Days>7</Days></RetentionPolicy></HourMetrics><MinuteMetrics><Version>1.0</Version><Enabled>false</Enabled><RetentionPolicy><Enabled>false</Enabled></RetentionPolicy></MinuteMetrics><Cors\
        \ /></StorageServiceProperties>"}
    headers:
      cache-control: [no-cache]
      content-type: [application/xml]
      date: ['Tue, 29 May 2018 19:38:45 GMT']
      server: [Windows-Azure-Queue/1.0 Microsoft-HTTPAPI/2.0]
      transfer-encoding: [chunked]
      x-ms-version: ['2017-11-09']
    status: {code: 200, message: OK}
- request:
    body: '<?xml version=''1.0'' encoding=''utf-8''?>

      <StorageServiceProperties><Cors><CorsRule><AllowedOrigins>http://example.com</AllowedOrigins><AllowedMethods>POST</AllowedMethods><MaxAgeInSeconds>60</MaxAgeInSeconds><ExposedHeaders
      /><AllowedHeaders /></CorsRule></Cors></StorageServiceProperties>'
    headers:
      Connection: [keep-alive]
      Content-Length: ['287']
      User-Agent: [Azure-Storage/1.2.0rc0-1.2.0rc0 (Python CPython 3.6.2; Windows
          10) AZURECLI/2.0.34]
      x-ms-date: ['Tue, 29 May 2018 19:38:45 GMT']
      x-ms-version: ['2017-11-09']
    method: PUT
    uri: https://clitest000002.queue.core.windows.net/?restype=service&comp=properties
  response:
    body: {string: ''}
    headers:
      date: ['Tue, 29 May 2018 19:38:46 GMT']
      server: [Windows-Azure-Queue/1.0 Microsoft-HTTPAPI/2.0]
      transfer-encoding: [chunked]
      x-ms-version: ['2017-11-09']
    status: {code: 202, message: Accepted}
- request:
    body: null
    headers:
      Connection: [keep-alive]
      User-Agent: [Azure-Storage/1.2.0rc0-1.2.0rc0 (Python CPython 3.6.2; Windows
          10) AZURECLI/2.0.34]
      x-ms-date: ['Tue, 29 May 2018 19:38:47 GMT']
      x-ms-version: ['2017-11-09']
    method: GET
    uri: https://clitest000002.blob.core.windows.net/?restype=service&comp=properties
  response:
    body: {string: "\uFEFF<?xml version=\"1.0\" encoding=\"utf-8\"?><StorageServiceProperties><Logging><Version>1.0</Version><Read>false</Read><Write>false</Write><Delete>false</Delete><RetentionPolicy><Enabled>false</Enabled></RetentionPolicy></Logging><HourMetrics><Version>1.0</Version><Enabled>true</Enabled><IncludeAPIs>true</IncludeAPIs><RetentionPolicy><Enabled>true</Enabled><Days>7</Days></RetentionPolicy></HourMetrics><MinuteMetrics><Version>1.0</Version><Enabled>false</Enabled><RetentionPolicy><Enabled>false</Enabled></RetentionPolicy></MinuteMetrics><Cors\
        \ /><DeleteRetentionPolicy><Enabled>false</Enabled></DeleteRetentionPolicy></StorageServiceProperties>"}
    headers:
      connection: [close]
      content-type: [application/xml]
      date: ['Tue, 29 May 2018 19:38:47 GMT']
      server: [Windows-Azure-Blob/1.0 Microsoft-HTTPAPI/2.0]
      transfer-encoding: [chunked]
      x-ms-version: ['2017-11-09']
    status: {code: 200, message: OK}
- request:
    body: '<?xml version=''1.0'' encoding=''utf-8''?>

      <StorageServiceProperties><Cors><CorsRule><AllowedOrigins>http://example.com</AllowedOrigins><AllowedMethods>POST</AllowedMethods><MaxAgeInSeconds>60</MaxAgeInSeconds><ExposedHeaders
      /><AllowedHeaders /></CorsRule></Cors></StorageServiceProperties>'
    headers:
      Connection: [keep-alive]
      Content-Length: ['287']
      User-Agent: [Azure-Storage/1.2.0rc0-1.2.0rc0 (Python CPython 3.6.2; Windows
          10) AZURECLI/2.0.34]
      x-ms-date: ['Tue, 29 May 2018 19:38:47 GMT']
      x-ms-version: ['2017-11-09']
    method: PUT
    uri: https://clitest000002.blob.core.windows.net/?restype=service&comp=properties
  response:
    body: {string: ''}
    headers:
      date: ['Tue, 29 May 2018 19:38:46 GMT']
      server: [Windows-Azure-Blob/1.0 Microsoft-HTTPAPI/2.0]
      transfer-encoding: [chunked]
      x-ms-version: ['2017-11-09']
    status: {code: 202, message: Accepted}
- request:
    body: null
    headers:
      Connection: [keep-alive]
      User-Agent: [Azure-Storage/1.2.0rc0-1.1.0 (Python CPython 3.6.2; Windows 10)
          AZURECLI/2.0.34]
      x-ms-date: ['Tue, 29 May 2018 19:38:47 GMT']
      x-ms-version: ['2017-07-29']
    method: GET
    uri: https://clitest000002.file.core.windows.net/?restype=service&comp=properties
  response:
    body: {string: "\uFEFF<?xml version=\"1.0\" encoding=\"utf-8\"?><StorageServiceProperties><HourMetrics><Version>1.0</Version><Enabled>true</Enabled><IncludeAPIs>true</IncludeAPIs><RetentionPolicy><Enabled>true</Enabled><Days>7</Days></RetentionPolicy></HourMetrics><MinuteMetrics><Version>1.0</Version><Enabled>false</Enabled><RetentionPolicy><Enabled>false</Enabled></RetentionPolicy></MinuteMetrics><Cors\
        \ /></StorageServiceProperties>"}
    headers:
      content-type: [application/xml]
      date: ['Tue, 29 May 2018 19:38:47 GMT']
      server: [Windows-Azure-File/1.0 Microsoft-HTTPAPI/2.0]
      transfer-encoding: [chunked]
      x-ms-version: ['2017-07-29']
    status: {code: 200, message: OK}
- request:
    body: '<?xml version=''1.0'' encoding=''utf-8''?>

      <StorageServiceProperties><Cors><CorsRule><AllowedOrigins>http://example.com</AllowedOrigins><AllowedMethods>POST</AllowedMethods><MaxAgeInSeconds>60</MaxAgeInSeconds><ExposedHeaders
      /><AllowedHeaders /></CorsRule></Cors></StorageServiceProperties>'
    headers:
      Connection: [keep-alive]
      Content-Length: ['287']
      User-Agent: [Azure-Storage/1.2.0rc0-1.1.0 (Python CPython 3.6.2; Windows 10)
          AZURECLI/2.0.34]
      x-ms-date: ['Tue, 29 May 2018 19:38:47 GMT']
      x-ms-version: ['2017-07-29']
    method: PUT
    uri: https://clitest000002.file.core.windows.net/?restype=service&comp=properties
  response:
    body: {string: ''}
    headers:
      date: ['Tue, 29 May 2018 19:38:47 GMT']
      server: [Windows-Azure-File/1.0 Microsoft-HTTPAPI/2.0]
      transfer-encoding: [chunked]
      x-ms-version: ['2017-07-29']
    status: {code: 202, message: Accepted}
- request:
    body: null
    headers:
      Connection: [keep-alive]
      User-Agent: [Azure-Storage/1.2.0rc0-1.2.0rc0 (Python CPython 3.6.2; Windows
          10) AZURECLI/2.0.34]
      x-ms-date: ['Tue, 29 May 2018 19:38:48 GMT']
      x-ms-version: ['2017-11-09']
    method: GET
    uri: https://clitest000002.queue.core.windows.net/?restype=service&comp=properties
  response:
    body: {string: "\uFEFF<?xml version=\"1.0\" encoding=\"utf-8\"?><StorageServiceProperties><Logging><Version>1.0</Version><Read>false</Read><Write>false</Write><Delete>false</Delete><RetentionPolicy><Enabled>false</Enabled></RetentionPolicy></Logging><HourMetrics><Version>1.0</Version><Enabled>true</Enabled><IncludeAPIs>true</IncludeAPIs><RetentionPolicy><Enabled>true</Enabled><Days>7</Days></RetentionPolicy></HourMetrics><MinuteMetrics><Version>1.0</Version><Enabled>false</Enabled><RetentionPolicy><Enabled>false</Enabled></RetentionPolicy></MinuteMetrics><Cors><CorsRule><AllowedMethods>POST</AllowedMethods><AllowedOrigins>http://example.com</AllowedOrigins><AllowedHeaders\
        \ /><ExposedHeaders /><MaxAgeInSeconds>60</MaxAgeInSeconds></CorsRule></Cors></StorageServiceProperties>"}
    headers:
      cache-control: [no-cache]
      content-type: [application/xml]
      date: ['Tue, 29 May 2018 19:38:47 GMT']
      server: [Windows-Azure-Queue/1.0 Microsoft-HTTPAPI/2.0]
      transfer-encoding: [chunked]
      vary: [Origin]
      x-ms-version: ['2017-11-09']
    status: {code: 200, message: OK}
- request:
    body: null
    headers:
      Connection: [keep-alive]
      User-Agent: [Azure-Storage/1.2.0rc0-1.2.0rc0 (Python CPython 3.6.2; Windows
          10) AZURECLI/2.0.34]
      x-ms-date: ['Tue, 29 May 2018 19:38:48 GMT']
      x-ms-version: ['2017-11-09']
    method: GET
    uri: https://clitest000002.blob.core.windows.net/?restype=service&comp=properties
  response:
    body: {string: "\uFEFF<?xml version=\"1.0\" encoding=\"utf-8\"?><StorageServiceProperties><Logging><Version>1.0</Version><Read>false</Read><Write>false</Write><Delete>false</Delete><RetentionPolicy><Enabled>false</Enabled></RetentionPolicy></Logging><HourMetrics><Version>1.0</Version><Enabled>true</Enabled><IncludeAPIs>true</IncludeAPIs><RetentionPolicy><Enabled>true</Enabled><Days>7</Days></RetentionPolicy></HourMetrics><MinuteMetrics><Version>1.0</Version><Enabled>false</Enabled><RetentionPolicy><Enabled>false</Enabled></RetentionPolicy></MinuteMetrics><Cors><CorsRule><AllowedMethods>POST</AllowedMethods><AllowedOrigins>http://example.com</AllowedOrigins><AllowedHeaders\
        \ /><ExposedHeaders /><MaxAgeInSeconds>60</MaxAgeInSeconds></CorsRule></Cors><DeleteRetentionPolicy><Enabled>false</Enabled></DeleteRetentionPolicy></StorageServiceProperties>"}
    headers:
      content-type: [application/xml]
      date: ['Tue, 29 May 2018 19:38:48 GMT']
      server: [Windows-Azure-Blob/1.0 Microsoft-HTTPAPI/2.0]
      transfer-encoding: [chunked]
      vary: [Origin]
      x-ms-version: ['2017-11-09']
    status: {code: 200, message: OK}
- request:
    body: null
    headers:
      Connection: [keep-alive]
      User-Agent: [Azure-Storage/1.2.0rc0-1.1.0 (Python CPython 3.6.2; Windows 10)
          AZURECLI/2.0.34]
      x-ms-date: ['Tue, 29 May 2018 19:38:48 GMT']
      x-ms-version: ['2017-07-29']
    method: GET
    uri: https://clitest000002.file.core.windows.net/?restype=service&comp=properties
  response:
    body: {string: "\uFEFF<?xml version=\"1.0\" encoding=\"utf-8\"?><StorageServiceProperties><HourMetrics><Version>1.0</Version><Enabled>true</Enabled><IncludeAPIs>true</IncludeAPIs><RetentionPolicy><Enabled>true</Enabled><Days>7</Days></RetentionPolicy></HourMetrics><MinuteMetrics><Version>1.0</Version><Enabled>false</Enabled><RetentionPolicy><Enabled>false</Enabled></RetentionPolicy></MinuteMetrics><Cors><CorsRule><AllowedMethods>POST</AllowedMethods><AllowedOrigins>http://example.com</AllowedOrigins><AllowedHeaders\
        \ /><ExposedHeaders /><MaxAgeInSeconds>60</MaxAgeInSeconds></CorsRule></Cors></StorageServiceProperties>"}
    headers:
      content-type: [application/xml]
      date: ['Tue, 29 May 2018 19:38:48 GMT']
      server: [Windows-Azure-File/1.0 Microsoft-HTTPAPI/2.0]
      transfer-encoding: [chunked]
      vary: [Origin]
      x-ms-version: ['2017-07-29']
    status: {code: 200, message: OK}
- request:
    body: null
    headers:
      Connection: [keep-alive]
      DataServiceVersion: [3.0;NetFx]
      MaxDataServiceVersion: ['3.0']
      User-Agent: [Azure-CosmosDB/0.37.1 (Python CPython 3.6.2; Windows 10) AZURECLI/2.0.34]
      x-ms-date: ['Tue, 29 May 2018 19:38:48 GMT']
      x-ms-version: ['2017-04-17']
    method: GET
    uri: https://clitest000002.table.core.windows.net/?restype=service&comp=properties
  response:
    body: {string: "\uFEFF<?xml version=\"1.0\" encoding=\"utf-8\"?><StorageServiceProperties><Logging><Version>1.0</Version><Read>false</Read><Write>false</Write><Delete>false</Delete><RetentionPolicy><Enabled>false</Enabled></RetentionPolicy></Logging><HourMetrics><Version>1.0</Version><Enabled>true</Enabled><IncludeAPIs>true</IncludeAPIs><RetentionPolicy><Enabled>true</Enabled><Days>7</Days></RetentionPolicy></HourMetrics><MinuteMetrics><Version>1.0</Version><Enabled>false</Enabled><RetentionPolicy><Enabled>false</Enabled></RetentionPolicy></MinuteMetrics><Cors\
        \ /></StorageServiceProperties>"}
    headers:
      content-type: [application/xml]
      date: ['Tue, 29 May 2018 19:38:48 GMT']
      server: [Windows-Azure-Table/1.0 Microsoft-HTTPAPI/2.0]
      transfer-encoding: [chunked]
      x-ms-version: ['2017-04-17']
    status: {code: 200, message: OK}
- request:
    body: '<?xml version=''1.0'' encoding=''utf-8''?>

      <StorageServiceProperties><Cors /></StorageServiceProperties>'
    headers:
      Connection: [keep-alive]
      Content-Length: ['100']
      User-Agent: [Azure-Storage/1.2.0rc0-1.2.0rc0 (Python CPython 3.6.2; Windows
          10) AZURECLI/2.0.34]
      x-ms-date: ['Tue, 29 May 2018 19:38:49 GMT']
      x-ms-version: ['2017-11-09']
    method: PUT
    uri: https://clitest000002.blob.core.windows.net/?restype=service&comp=properties
  response:
    body: {string: ''}
    headers:
      date: ['Tue, 29 May 2018 19:38:48 GMT']
      server: [Windows-Azure-Blob/1.0 Microsoft-HTTPAPI/2.0]
      transfer-encoding: [chunked]
      x-ms-version: ['2017-11-09']
    status: {code: 202, message: Accepted}
- request:
    body: '<?xml version=''1.0'' encoding=''utf-8''?>

      <StorageServiceProperties><Cors /></StorageServiceProperties>'
    headers:
      Connection: [keep-alive]
      Content-Length: ['100']
      User-Agent: [Azure-Storage/1.2.0rc0-1.1.0 (Python CPython 3.6.2; Windows 10)
          AZURECLI/2.0.34]
      x-ms-date: ['Tue, 29 May 2018 19:38:49 GMT']
      x-ms-version: ['2017-07-29']
    method: PUT
    uri: https://clitest000002.file.core.windows.net/?restype=service&comp=properties
  response:
    body: {string: ''}
    headers:
      date: ['Tue, 29 May 2018 19:38:48 GMT']
      server: [Windows-Azure-File/1.0 Microsoft-HTTPAPI/2.0]
      transfer-encoding: [chunked]
      x-ms-version: ['2017-07-29']
    status: {code: 202, message: Accepted}
- request:
    body: null
    headers:
      Connection: [keep-alive]
      User-Agent: [Azure-Storage/1.2.0rc0-1.2.0rc0 (Python CPython 3.6.2; Windows
          10) AZURECLI/2.0.34]
      x-ms-date: ['Tue, 29 May 2018 19:38:49 GMT']
      x-ms-version: ['2017-11-09']
    method: GET
    uri: https://clitest000002.queue.core.windows.net/?restype=service&comp=properties
  response:
    body: {string: "\uFEFF<?xml version=\"1.0\" encoding=\"utf-8\"?><StorageServiceProperties><Logging><Version>1.0</Version><Read>false</Read><Write>false</Write><Delete>false</Delete><RetentionPolicy><Enabled>false</Enabled></RetentionPolicy></Logging><HourMetrics><Version>1.0</Version><Enabled>true</Enabled><IncludeAPIs>true</IncludeAPIs><RetentionPolicy><Enabled>true</Enabled><Days>7</Days></RetentionPolicy></HourMetrics><MinuteMetrics><Version>1.0</Version><Enabled>false</Enabled><RetentionPolicy><Enabled>false</Enabled></RetentionPolicy></MinuteMetrics><Cors><CorsRule><AllowedMethods>POST</AllowedMethods><AllowedOrigins>http://example.com</AllowedOrigins><AllowedHeaders\
        \ /><ExposedHeaders /><MaxAgeInSeconds>60</MaxAgeInSeconds></CorsRule></Cors></StorageServiceProperties>"}
    headers:
      cache-control: [no-cache]
      content-type: [application/xml]
      date: ['Tue, 29 May 2018 19:38:49 GMT']
      server: [Windows-Azure-Queue/1.0 Microsoft-HTTPAPI/2.0]
      transfer-encoding: [chunked]
      vary: [Origin]
      x-ms-version: ['2017-11-09']
    status: {code: 200, message: OK}
- request:
    body: null
    headers:
      Connection: [keep-alive]
      User-Agent: [Azure-Storage/1.2.0rc0-1.2.0rc0 (Python CPython 3.6.2; Windows
          10) AZURECLI/2.0.34]
      x-ms-date: ['Tue, 29 May 2018 19:38:50 GMT']
      x-ms-version: ['2017-11-09']
    method: GET
    uri: https://clitest000002.blob.core.windows.net/?restype=service&comp=properties
  response:
    body: {string: "\uFEFF<?xml version=\"1.0\" encoding=\"utf-8\"?><StorageServiceProperties><Logging><Version>1.0</Version><Read>false</Read><Write>false</Write><Delete>false</Delete><RetentionPolicy><Enabled>false</Enabled></RetentionPolicy></Logging><HourMetrics><Version>1.0</Version><Enabled>true</Enabled><IncludeAPIs>true</IncludeAPIs><RetentionPolicy><Enabled>true</Enabled><Days>7</Days></RetentionPolicy></HourMetrics><MinuteMetrics><Version>1.0</Version><Enabled>false</Enabled><RetentionPolicy><Enabled>false</Enabled></RetentionPolicy></MinuteMetrics><Cors\
        \ /><DeleteRetentionPolicy><Enabled>false</Enabled></DeleteRetentionPolicy></StorageServiceProperties>"}
    headers:
      content-type: [application/xml]
      date: ['Tue, 29 May 2018 19:38:50 GMT']
      server: [Windows-Azure-Blob/1.0 Microsoft-HTTPAPI/2.0]
      transfer-encoding: [chunked]
      x-ms-version: ['2017-11-09']
    status: {code: 200, message: OK}
- request:
    body: null
    headers:
      Connection: [keep-alive]
      User-Agent: [Azure-Storage/1.2.0rc0-1.1.0 (Python CPython 3.6.2; Windows 10)
          AZURECLI/2.0.34]
      x-ms-date: ['Tue, 29 May 2018 19:38:50 GMT']
      x-ms-version: ['2017-07-29']
    method: GET
    uri: https://clitest000002.file.core.windows.net/?restype=service&comp=properties
  response:
    body: {string: "\uFEFF<?xml version=\"1.0\" encoding=\"utf-8\"?><StorageServiceProperties><HourMetrics><Version>1.0</Version><Enabled>true</Enabled><IncludeAPIs>true</IncludeAPIs><RetentionPolicy><Enabled>true</Enabled><Days>7</Days></RetentionPolicy></HourMetrics><MinuteMetrics><Version>1.0</Version><Enabled>false</Enabled><RetentionPolicy><Enabled>false</Enabled></RetentionPolicy></MinuteMetrics><Cors\
        \ /></StorageServiceProperties>"}
    headers:
      content-type: [application/xml]
      date: ['Tue, 29 May 2018 19:38:49 GMT']
      server: [Windows-Azure-File/1.0 Microsoft-HTTPAPI/2.0]
      transfer-encoding: [chunked]
      x-ms-version: ['2017-07-29']
    status: {code: 200, message: OK}
- request:
    body: null
    headers:
      Connection: [keep-alive]
      DataServiceVersion: [3.0;NetFx]
      MaxDataServiceVersion: ['3.0']
      User-Agent: [Azure-CosmosDB/0.37.1 (Python CPython 3.6.2; Windows 10) AZURECLI/2.0.34]
      x-ms-date: ['Tue, 29 May 2018 19:38:50 GMT']
      x-ms-version: ['2017-04-17']
    method: GET
    uri: https://clitest000002.table.core.windows.net/?restype=service&comp=properties
  response:
    body: {string: "\uFEFF<?xml version=\"1.0\" encoding=\"utf-8\"?><StorageServiceProperties><Logging><Version>1.0</Version><Read>false</Read><Write>false</Write><Delete>false</Delete><RetentionPolicy><Enabled>false</Enabled></RetentionPolicy></Logging><HourMetrics><Version>1.0</Version><Enabled>true</Enabled><IncludeAPIs>true</IncludeAPIs><RetentionPolicy><Enabled>true</Enabled><Days>7</Days></RetentionPolicy></HourMetrics><MinuteMetrics><Version>1.0</Version><Enabled>false</Enabled><RetentionPolicy><Enabled>false</Enabled></RetentionPolicy></MinuteMetrics><Cors\
        \ /></StorageServiceProperties>"}
    headers:
      content-type: [application/xml]
      date: ['Tue, 29 May 2018 19:38:49 GMT']
      server: [Windows-Azure-Table/1.0 Microsoft-HTTPAPI/2.0]
      transfer-encoding: [chunked]
      x-ms-version: ['2017-04-17']
    status: {code: 200, message: OK}
- request:
    body: '<?xml version=''1.0'' encoding=''utf-8''?>

      <StorageServiceProperties><Cors /></StorageServiceProperties>'
    headers:
      Connection: [keep-alive]
      Content-Length: ['100']
      User-Agent: [Azure-Storage/1.2.0rc0-1.2.0rc0 (Python CPython 3.6.2; Windows
          10) AZURECLI/2.0.34]
      x-ms-date: ['Tue, 29 May 2018 19:38:50 GMT']
      x-ms-version: ['2017-11-09']
    method: PUT
    uri: https://clitest000002.queue.core.windows.net/?restype=service&comp=properties
  response:
    body: {string: ''}
    headers:
      date: ['Tue, 29 May 2018 19:38:50 GMT']
      server: [Windows-Azure-Queue/1.0 Microsoft-HTTPAPI/2.0]
      transfer-encoding: [chunked]
      x-ms-version: ['2017-11-09']
    status: {code: 202, message: Accepted}
- request:
    body: '<?xml version=''1.0'' encoding=''utf-8''?>

      <StorageServiceProperties><Cors /></StorageServiceProperties>'
    headers:
      Connection: [keep-alive]
      Content-Length: ['100']
      User-Agent: [Azure-Storage/1.2.0rc0-1.2.0rc0 (Python CPython 3.6.2; Windows
          10) AZURECLI/2.0.34]
      x-ms-date: ['Tue, 29 May 2018 19:38:50 GMT']
      x-ms-version: ['2017-11-09']
    method: PUT
    uri: https://clitest000002.blob.core.windows.net/?restype=service&comp=properties
  response:
    body: {string: ''}
    headers:
      date: ['Tue, 29 May 2018 19:38:50 GMT']
      server: [Windows-Azure-Blob/1.0 Microsoft-HTTPAPI/2.0]
      transfer-encoding: [chunked]
      x-ms-version: ['2017-11-09']
    status: {code: 202, message: Accepted}
- request:
    body: '<?xml version=''1.0'' encoding=''utf-8''?>

      <StorageServiceProperties><Cors /></StorageServiceProperties>'
    headers:
      Connection: [keep-alive]
      Content-Length: ['100']
      User-Agent: [Azure-Storage/1.2.0rc0-1.1.0 (Python CPython 3.6.2; Windows 10)
          AZURECLI/2.0.34]
      x-ms-date: ['Tue, 29 May 2018 19:38:51 GMT']
      x-ms-version: ['2017-07-29']
    method: PUT
    uri: https://clitest000002.file.core.windows.net/?restype=service&comp=properties
  response:
    body: {string: ''}
    headers:
      date: ['Tue, 29 May 2018 19:38:52 GMT']
      server: [Windows-Azure-File/1.0 Microsoft-HTTPAPI/2.0]
      transfer-encoding: [chunked]
      x-ms-version: ['2017-07-29']
    status: {code: 202, message: Accepted}
- request:
    body: null
    headers:
      Connection: [keep-alive]
      User-Agent: [Azure-Storage/1.2.0rc0-1.2.0rc0 (Python CPython 3.6.2; Windows
          10) AZURECLI/2.0.34]
      x-ms-date: ['Tue, 29 May 2018 19:38:52 GMT']
      x-ms-version: ['2017-11-09']
    method: GET
    uri: https://clitest000002.queue.core.windows.net/?restype=service&comp=properties
  response:
    body: {string: "\uFEFF<?xml version=\"1.0\" encoding=\"utf-8\"?><StorageServiceProperties><Logging><Version>1.0</Version><Read>false</Read><Write>false</Write><Delete>false</Delete><RetentionPolicy><Enabled>false</Enabled></RetentionPolicy></Logging><HourMetrics><Version>1.0</Version><Enabled>true</Enabled><IncludeAPIs>true</IncludeAPIs><RetentionPolicy><Enabled>true</Enabled><Days>7</Days></RetentionPolicy></HourMetrics><MinuteMetrics><Version>1.0</Version><Enabled>false</Enabled><RetentionPolicy><Enabled>false</Enabled></RetentionPolicy></MinuteMetrics><Cors\
        \ /></StorageServiceProperties>"}
    headers:
      cache-control: [no-cache]
      content-type: [application/xml]
      date: ['Tue, 29 May 2018 19:38:52 GMT']
      server: [Windows-Azure-Queue/1.0 Microsoft-HTTPAPI/2.0]
      transfer-encoding: [chunked]
      x-ms-version: ['2017-11-09']
    status: {code: 200, message: OK}
- request:
    body: null
    headers:
      Connection: [keep-alive]
      User-Agent: [Azure-Storage/1.2.0rc0-1.2.0rc0 (Python CPython 3.6.2; Windows
          10) AZURECLI/2.0.34]
      x-ms-date: ['Tue, 29 May 2018 19:38:52 GMT']
      x-ms-version: ['2017-11-09']
    method: GET
    uri: https://clitest000002.blob.core.windows.net/?restype=service&comp=properties
  response:
    body: {string: "\uFEFF<?xml version=\"1.0\" encoding=\"utf-8\"?><StorageServiceProperties><Logging><Version>1.0</Version><Read>false</Read><Write>false</Write><Delete>false</Delete><RetentionPolicy><Enabled>false</Enabled></RetentionPolicy></Logging><HourMetrics><Version>1.0</Version><Enabled>true</Enabled><IncludeAPIs>true</IncludeAPIs><RetentionPolicy><Enabled>true</Enabled><Days>7</Days></RetentionPolicy></HourMetrics><MinuteMetrics><Version>1.0</Version><Enabled>false</Enabled><RetentionPolicy><Enabled>false</Enabled></RetentionPolicy></MinuteMetrics><Cors\
        \ /><DeleteRetentionPolicy><Enabled>false</Enabled></DeleteRetentionPolicy></StorageServiceProperties>"}
    headers:
      content-type: [application/xml]
      date: ['Tue, 29 May 2018 19:38:51 GMT']
      server: [Windows-Azure-Blob/1.0 Microsoft-HTTPAPI/2.0]
      transfer-encoding: [chunked]
      x-ms-version: ['2017-11-09']
    status: {code: 200, message: OK}
- request:
    body: null
    headers:
      Connection: [keep-alive]
      User-Agent: [Azure-Storage/1.2.0rc0-1.1.0 (Python CPython 3.6.2; Windows 10)
          AZURECLI/2.0.34]
      x-ms-date: ['Tue, 29 May 2018 19:38:52 GMT']
      x-ms-version: ['2017-07-29']
    method: GET
    uri: https://clitest000002.file.core.windows.net/?restype=service&comp=properties
  response:
    body: {string: "\uFEFF<?xml version=\"1.0\" encoding=\"utf-8\"?><StorageServiceProperties><HourMetrics><Version>1.0</Version><Enabled>true</Enabled><IncludeAPIs>true</IncludeAPIs><RetentionPolicy><Enabled>true</Enabled><Days>7</Days></RetentionPolicy></HourMetrics><MinuteMetrics><Version>1.0</Version><Enabled>false</Enabled><RetentionPolicy><Enabled>false</Enabled></RetentionPolicy></MinuteMetrics><Cors\
        \ /></StorageServiceProperties>"}
    headers:
      content-type: [application/xml]
      date: ['Tue, 29 May 2018 19:38:52 GMT']
      server: [Windows-Azure-File/1.0 Microsoft-HTTPAPI/2.0]
      transfer-encoding: [chunked]
      x-ms-version: ['2017-07-29']
    status: {code: 200, message: OK}
- request:
    body: null
    headers:
      Connection: [keep-alive]
      DataServiceVersion: [3.0;NetFx]
      MaxDataServiceVersion: ['3.0']
      User-Agent: [Azure-CosmosDB/0.37.1 (Python CPython 3.6.2; Windows 10) AZURECLI/2.0.34]
      x-ms-date: ['Tue, 29 May 2018 19:38:53 GMT']
      x-ms-version: ['2017-04-17']
    method: GET
    uri: https://clitest000002.table.core.windows.net/?restype=service&comp=properties
  response:
    body: {string: "\uFEFF<?xml version=\"1.0\" encoding=\"utf-8\"?><StorageServiceProperties><Logging><Version>1.0</Version><Read>false</Read><Write>false</Write><Delete>false</Delete><RetentionPolicy><Enabled>false</Enabled></RetentionPolicy></Logging><HourMetrics><Version>1.0</Version><Enabled>true</Enabled><IncludeAPIs>true</IncludeAPIs><RetentionPolicy><Enabled>true</Enabled><Days>7</Days></RetentionPolicy></HourMetrics><MinuteMetrics><Version>1.0</Version><Enabled>false</Enabled><RetentionPolicy><Enabled>false</Enabled></RetentionPolicy></MinuteMetrics><Cors\
        \ /></StorageServiceProperties>"}
    headers:
      content-type: [application/xml]
      date: ['Tue, 29 May 2018 19:38:52 GMT']
      server: [Windows-Azure-Table/1.0 Microsoft-HTTPAPI/2.0]
      transfer-encoding: [chunked]
      x-ms-version: ['2017-04-17']
    status: {code: 200, message: OK}
- request:
    body: null
    headers:
      Accept: [application/json]
      Accept-Encoding: ['gzip, deflate']
      CommandName: [group delete]
      Connection: [keep-alive]
      Content-Length: ['0']
      Content-Type: [application/json; charset=utf-8]
      User-Agent: [python/3.6.2 (Windows-10-10.0.17134-SP0) requests/2.18.4 msrest/0.4.29
          msrest_azure/0.4.29 resourcemanagementclient/1.2.1 Azure-SDK-For-Python
          AZURECLI/2.0.34]
      accept-language: [en-US]
    method: DELETE
    uri: https://management.azure.com/subscriptions/00000000-0000-0000-0000-000000000000/resourcegroups/clitest.rg000001?api-version=2017-05-10
  response:
    body: {string: ''}
    headers:
      cache-control: [no-cache]
      content-length: ['0']
      date: ['Tue, 29 May 2018 19:38:54 GMT']
      expires: ['-1']
      location: ['https://management.azure.com/subscriptions/00000000-0000-0000-0000-000000000000/operationresults/eyJqb2JJZCI6IlJFU09VUkNFR1JPVVBERUxFVElPTkpPQi1DTElURVNUOjJFUkdWVFNBUUhRTzRBS1NVVUZFM0tVRUNSSVpRVllDN0FDQU9INHw1M0I0NkM1RDcxNzlCRTI4LVdFU1RVUyIsImpvYkxvY2F0aW9uIjoid2VzdHVzIn0?api-version=2017-05-10']
      pragma: [no-cache]
      strict-transport-security: [max-age=31536000; includeSubDomains]
      x-content-type-options: [nosniff]
      x-ms-ratelimit-remaining-subscription-deletes: ['14999']
    status: {code: 202, message: Accepted}
version: 1
