interactions:
- request:
    body: null
    headers:
      Accept:
      - application/json
      Accept-Encoding:
      - gzip, deflate
      CommandName:
      - storage account keys list
      Connection:
      - keep-alive
      Content-Length:
      - '0'
      ParameterSetName:
      - -n -g --query -o
      User-Agent:
      - AZURECLI/2.23.0 azsdk-python-azure-mgmt-storage/17.1.0 Python/3.8.3 (Windows-10-10.0.19041-SP0)
    method: POST
    uri: https://management.azure.com/subscriptions/00000000-0000-0000-0000-000000000000/resourceGroups/clitest.rg000001/providers/Microsoft.Storage/storageAccounts/clitest000002/listKeys?api-version=2021-02-01&$expand=kerb
  response:
    body:
      string: '{"keys":[{"creationTime":"2021-05-13T07:45:54.6097077Z","keyName":"key1","value":"veryFakedStorageAccountKey==","permissions":"FULL"},{"creationTime":"2021-05-13T07:45:54.6097077Z","keyName":"key2","value":"veryFakedStorageAccountKey==","permissions":"FULL"}]}'
    headers:
      cache-control:
      - no-cache
      content-length:
      - '380'
      content-type:
      - application/json
      date:
      - Thu, 13 May 2021 07:46:15 GMT
      expires:
      - '-1'
      pragma:
      - no-cache
      server:
      - Microsoft-Azure-Storage-Resource-Provider/1.0,Microsoft-HTTPAPI/2.0 Microsoft-HTTPAPI/2.0
      strict-transport-security:
      - max-age=31536000; includeSubDomains
      transfer-encoding:
      - chunked
      vary:
      - Accept-Encoding
      x-content-type-options:
      - nosniff
      x-ms-ratelimit-remaining-subscription-resource-requests:
      - '11997'
    status:
      code: 200
      message: OK
- request:
    body: null
    headers:
      Accept:
      - '*/*'
      Accept-Encoding:
      - gzip, deflate
      CommandName:
      - storage fs create
      Connection:
      - keep-alive
      Content-Length:
      - '0'
      ParameterSetName:
      - -n --account-name --account-key
      User-Agent:
      - AZURECLI/2.23.0 azsdk-python-storage-dfs/12.3.0 Python/3.8.3 (Windows-10-10.0.19041-SP0)
      x-ms-date:
      - Thu, 13 May 2021 07:46:16 GMT
      x-ms-version:
      - '2020-02-10'
    method: PUT
    uri: https://clitest000002.blob.core.windows.net/filesystem000003?restype=container
  response:
    body:
      string: ''
    headers:
      content-length:
      - '0'
      date:
      - Thu, 13 May 2021 07:46:18 GMT
      etag:
      - '"0x8D915E3317E4B5D"'
      last-modified:
      - Thu, 13 May 2021 07:46:18 GMT
      server:
      - Windows-Azure-Blob/1.0 Microsoft-HTTPAPI/2.0
      x-ms-version:
      - '2020-02-10'
    status:
      code: 201
      message: Created
- request:
    body: null
    headers:
      Accept:
      - '*/*'
      Accept-Encoding:
      - gzip, deflate
      CommandName:
      - storage fs file upload
      Connection:
      - keep-alive
      ParameterSetName:
      - -f -s -p --account-name --account-key
      User-Agent:
      - AZURECLI/2.23.0 azsdk-python-storage-dfs/12.3.0 Python/3.8.3 (Windows-10-10.0.19041-SP0)
      x-ms-date:
      - Thu, 13 May 2021 07:46:18 GMT
      x-ms-version:
      - '2020-02-10'
    method: HEAD
    uri: https://clitest000002.blob.core.windows.net/filesystem000003/file000004
  response:
    body:
      string: ''
    headers:
      date:
      - Thu, 13 May 2021 07:46:19 GMT
      server:
      - Windows-Azure-Blob/1.0 Microsoft-HTTPAPI/2.0
      transfer-encoding:
      - chunked
      x-ms-error-code:
      - BlobNotFound
      x-ms-version:
      - '2020-02-10'
    status:
      code: 404
      message: The specified blob does not exist.
- request:
    body: null
    headers:
      Accept:
      - application/json
      Accept-Encoding:
      - gzip, deflate
      CommandName:
      - storage fs file upload
      Connection:
      - keep-alive
      Content-Length:
      - '0'
      ParameterSetName:
      - -f -s -p --account-name --account-key
      User-Agent:
      - AZURECLI/2.23.0 azsdk-python-storage-dfs/12.3.0 Python/3.8.3 (Windows-10-10.0.19041-SP0)
      x-ms-date:
      - Thu, 13 May 2021 07:46:19 GMT
      x-ms-properties:
      - ''
      x-ms-version:
      - '2020-02-10'
    method: PUT
    uri: https://clitest000002.dfs.core.windows.net/filesystem000003/file000004?resource=file
  response:
    body:
      string: ''
    headers:
      content-length:
      - '0'
      date:
      - Thu, 13 May 2021 07:46:20 GMT
      etag:
      - '"0x8D915E33331DF04"'
      last-modified:
      - Thu, 13 May 2021 07:46:21 GMT
      server:
      - Windows-Azure-HDFS/1.0 Microsoft-HTTPAPI/2.0
      x-ms-request-server-encrypted:
      - 'true'
      x-ms-version:
      - '2020-02-10'
    status:
      code: 201
      message: Created
- request:
    body: "\0\0\0\0\0\0\0\0\0\0\0\0\0\0\0\0\0\0\0\0\0\0\0\0\0\0\0\0\0\0\0\0\0\0\0\0\0\0\0\0\0\0\0\0\0\0\0\0\0\0\0\0\0\0\0\0\0\0\0\0\0\0\0\0\0\0\0\0\0\0\0\0\0\0\0\0\0\0\0\0\0\0\0\0\0\0\0\0\0\0\0\0\0\0\0\0\0\0\0\0\0\0\0\0\0\0\0\0\0\0\0\0\0\0\0\0\0\0\0\0\0\0\0\0\0\0\0\0\0\0\0\0\0\0\0\0\0\0\0\0\0\0\0\0\0\0\0\0\0\0\0\0\0\0\0\0\0\0\0\0\0\0\0\0\0\0\0\0\0\0\0\0\0\0\0\0\0\0\0\0\0\0\0\0\0\0\0\0\0\0\0\0\0\0\0\0\0\0\0\0\0\0\0\0\0\0\0\0\0\0\0\0\0\0\0\0\0\0\0\0\0\0\0\0\0\0\0\0\0\0\0\0\0\0\0\0\0\0\0\0\0\0\0\0\0\0\0\0\0\0\0\0\0\0\0\0\0\0\0\0\0\0\0\0\0\0\0\0\0\0\0\0\0\0\0\0\0\0\0\0\0\0\0\0\0\0\0\0\0\0\0\0\0\0\0\0\0\0\0\0\0\0\0\0\0\0\0\0\0\0\0\0\0\0\0\0\0\0\0\0\0\0\0\0\0\0\0\0\0\0\0\0\0\0\0\0\0\0\0\0\0\0\0\0\0\0\0\0\0\0\0\0\0\0\0\0\0\0\0\0\0\0\0\0\0\0\0\0\0\0\0\0\0\0\0\0\0\0\0\0\0\0\0\0\0\0\0\0\0\0\0\0\0\0\0\0\0\0\0\0\0\0\0\0\0\0\0\0\0\0\0\0\0\0\0\0\0\0\0\0\0\0\0\0\0\0\0\0\0\0\0\0\0\0\0\0\0\0\0\0\0\0\0\0\0\0\0\0\0\0\0\0\0\0\0\0\0\0\0\0\0\0\0\0\0\0\0\0\0\0\0\0\0\0\0\0\0\0\0\0\0\0\0\0\0\0\0\0\0\0\0\0\0\0\0\0\0\0\0\0\0\0\0\0\0\0\0\0\0\0\0\0\0\0\0\0\0\0\0\0\0\0\0\0\0\0\0\0\0\0\0\0\0\0\0\0\0\0\0\0\0\0\0\0\0\0\0\0\0\0\0\0\0\0\0\0\0\0\0\0\0\0\0\0\0\0\0\0\0\0\0\0\0\0\0\0\0\0\0\0\0\0\0\0\0\0\0\0\0\0\0\0\0\0\0\0\0\0\0\0\0\0\0\0\0\0\0\0\0\0\0\0\0\0\0\0\0\0\0\0\0\0\0\0\0\0\0\0\0\0\0\0\0\0\0\0\0\0\0\0\0\0\0\0\0\0\0\0\0\0\0\0\0\0\0\0\0\0\0\0\0\0\0\0\0\0\0\0\0\0\0\0\0\0\0\0\0\0\0\0\0\0\0\0\0\0\0\0\0\0\0\0\0\0\0\0\0\0\0\0\0\0\0\0\0\0\0\0\0\0\0\0\0\0\0\0\0\0\0\0\0\0\0\0\0\0\0\0\0\0\0\0\0\0\0\0\0\0\0\0\0\0\0\0\0\0\0\0\0\0\0\0\0\0\0\0\0\0\0\0\0\0\0\0\0\0\0\0\0\0\0\0\0\0\0\0\0\0\0\0\0\0\0\0\0\0\0\0\0\0\0\0\0\0\0\0\0\0\0\0\0\0\0\0\0\0\0\0\0\0\0\0\0\0\0\0\0\0\0\0\0\0\0\0\0\0\0\0\0\0\0\0\0\0\0\0\0\0\0\0\0\0\0\0\0\0\0\0\0\0\0\0\0\0\0\0\0\0\0\0\0\0\0\0\0\0\0\0\0\0\0\0\0\0\0\0\0\0\0\0\0\0\0\0\0\0\0\0\0\0\0\0\0\0\0\0\0\0\0\0\0\0\0\0\0\0\0\0\0\0\0\0\0\0\0\0\0\0\0\0\0\0\0\0\0\0\0\0\0\0\0\0\0\0\0\0\0\0\0\0\0\0\0\0\0\0\0\0\0\0\0\0\0\0\0\0\0\0\0\0\0\0\0\0\0\0\0\0\0\0\0\0\0\0\0\0\0\0\0\0\0\0\0\0\0\0\0\0\0\0\0\0\0\0\0\0\0\0\0\0\0\0\0\0\0\0\0\0\0\0\0\0\0\0\0\0\0\0\0\0\0\0\0\0"
    headers:
      Accept:
      - application/json
      Accept-Encoding:
      - gzip, deflate
      CommandName:
      - storage fs file upload
      Connection:
      - keep-alive
      Content-Length:
      - '1024'
      Content-Type:
      - application/json
      ParameterSetName:
      - -f -s -p --account-name --account-key
      User-Agent:
      - AZURECLI/2.23.0 azsdk-python-storage-dfs/12.3.0 Python/3.8.3 (Windows-10-10.0.19041-SP0)
      x-ms-date:
      - Thu, 13 May 2021 07:46:21 GMT
      x-ms-version:
      - '2020-02-10'
    method: PATCH
    uri: https://clitest000002.dfs.core.windows.net/filesystem000003/file000004?action=append&position=0
  response:
    body:
      string: ''
    headers:
      content-length:
      - '0'
      date:
      - Thu, 13 May 2021 07:46:21 GMT
      server:
      - Windows-Azure-HDFS/1.0 Microsoft-HTTPAPI/2.0
      x-ms-request-server-encrypted:
      - 'true'
      x-ms-version:
      - '2020-02-10'
    status:
      code: 202
      message: Accepted
- request:
    body: null
    headers:
      Accept:
      - application/json
      Accept-Encoding:
      - gzip, deflate
      CommandName:
      - storage fs file upload
      Connection:
      - keep-alive
      Content-Length:
      - '0'
      If-Match:
      - '*'
      ParameterSetName:
      - -f -s -p --account-name --account-key
      User-Agent:
      - AZURECLI/2.23.0 azsdk-python-storage-dfs/12.3.0 Python/3.8.3 (Windows-10-10.0.19041-SP0)
      x-ms-date:
      - Thu, 13 May 2021 07:46:21 GMT
      x-ms-version:
      - '2020-02-10'
    method: PATCH
    uri: https://clitest000002.dfs.core.windows.net/filesystem000003/file000004?action=flush&position=1024&close=true
  response:
    body:
      string: ''
    headers:
      content-length:
      - '0'
      date:
      - Thu, 13 May 2021 07:46:21 GMT
      etag:
      - '"0x8D915E33391BFAC"'
      last-modified:
      - Thu, 13 May 2021 07:46:21 GMT
      server:
      - Windows-Azure-HDFS/1.0 Microsoft-HTTPAPI/2.0
      x-ms-request-server-encrypted:
      - 'false'
      x-ms-version:
      - '2020-02-10'
    status:
      code: 200
      message: OK
- request:
    body: null
    headers:
      Accept:
      - application/json
      Accept-Encoding:
      - gzip, deflate
      CommandName:
      - storage fs file list
      Connection:
      - keep-alive
      ParameterSetName:
      - -f --account-name --account-key
      User-Agent:
      - AZURECLI/2.23.0 azsdk-python-storage-dfs/12.3.0 Python/3.8.3 (Windows-10-10.0.19041-SP0)
      x-ms-date:
      - Thu, 13 May 2021 07:46:21 GMT
      x-ms-version:
      - '2020-02-10'
    method: GET
    uri: https://clitest000002.dfs.core.windows.net/filesystem000003?resource=filesystem&recursive=true&maxResults=5000
  response:
    body:
      string: '{"paths":[{"contentLength":"1024","creationTime":"132653655810301700","etag":"0x8D915E33391BFAC","group":"$superuser","lastModified":"Thu,
        13 May 2021 07:46:21 GMT","name":"file000004","owner":"$superuser","permissions":"rw-r-----"}]}

        '
    headers:
      content-type:
      - application/json;charset=utf-8
      date:
      - Thu, 13 May 2021 07:46:22 GMT
      server:
      - Windows-Azure-HDFS/1.0 Microsoft-HTTPAPI/2.0
      transfer-encoding:
      - chunked
      x-ms-version:
      - '2020-02-10'
    status:
      code: 200
      message: OK
- request:
    body: null
    headers:
      Accept:
      - application/xml
      Accept-Encoding:
      - gzip, deflate
      Connection:
      - keep-alive
      User-Agent:
      - azsdk-python-storage-blob/12.6.0 Python/3.8.3 (Windows-10-10.0.19041-SP0)
      x-ms-date:
      - Thu, 13 May 2021 07:46:23 GMT
      x-ms-version:
      - '2020-02-10'
    method: GET
    uri: https://clitest000002.blob.core.windows.net/?restype=service&comp=properties
  response:
    body:
      string: "\uFEFF<?xml version=\"1.0\" encoding=\"utf-8\"?><StorageServiceProperties><Logging><Version>1.0</Version><Read>false</Read><Write>false</Write><Delete>false</Delete><RetentionPolicy><Enabled>false</Enabled></RetentionPolicy></Logging><HourMetrics><Version>1.0</Version><Enabled>true</Enabled><IncludeAPIs>true</IncludeAPIs><RetentionPolicy><Enabled>true</Enabled><Days>7</Days></RetentionPolicy></HourMetrics><MinuteMetrics><Version>1.0</Version><Enabled>false</Enabled><RetentionPolicy><Enabled>false</Enabled></RetentionPolicy></MinuteMetrics><Cors
        /><DeleteRetentionPolicy><Enabled>false</Enabled><AllowPermanentDelete>false</AllowPermanentDelete></DeleteRetentionPolicy><ChangeFeedPolicy><Enabled>false</Enabled></ChangeFeedPolicy><StaticWebsite><Enabled>false</Enabled></StaticWebsite></StorageServiceProperties>"
    headers:
      content-type:
      - application/xml
      date:
      - Thu, 13 May 2021 07:46:24 GMT
      server:
      - Windows-Azure-Blob/1.0 Microsoft-HTTPAPI/2.0
      transfer-encoding:
      - chunked
      x-ms-version:
      - '2020-02-10'
    status:
      code: 200
      message: OK
- request:
    body: '<?xml version=''1.0'' encoding=''utf-8''?>

      <StorageServiceProperties><HourMetrics><Version>1.0</Version><Enabled>false</Enabled><RetentionPolicy><Enabled>true</Enabled><Days>7</Days></RetentionPolicy></HourMetrics><MinuteMetrics><Version>1.0</Version><Enabled>false</Enabled><RetentionPolicy><Enabled>false</Enabled></RetentionPolicy></MinuteMetrics><DeleteRetentionPolicy><Enabled>true</Enabled><Days>2</Days></DeleteRetentionPolicy><StaticWebsite><Enabled>false</Enabled></StaticWebsite></StorageServiceProperties>'
    headers:
      Accept:
      - '*/*'
      Accept-Encoding:
      - gzip, deflate
      Connection:
      - keep-alive
      Content-Length:
      - '512'
      Content-Type:
      - application/xml; charset=utf-8
      User-Agent:
      - azsdk-python-storage-blob/12.6.0 Python/3.8.3 (Windows-10-10.0.19041-SP0)
      x-ms-date:
      - Thu, 13 May 2021 07:46:24 GMT
      x-ms-version:
      - '2020-02-10'
    method: PUT
    uri: https://clitest000002.blob.core.windows.net/?restype=service&comp=properties
  response:
    body:
      string: ''
    headers:
      content-length:
      - '0'
      date:
      - Thu, 13 May 2021 07:46:24 GMT
      server:
      - Windows-Azure-Blob/1.0 Microsoft-HTTPAPI/2.0
      x-ms-version:
      - '2020-02-10'
    status:
      code: 202
      message: Accepted
- request:
    body: null
    headers:
      Accept:
      - application/xml
      Accept-Encoding:
      - gzip, deflate
      Connection:
      - keep-alive
      User-Agent:
      - azsdk-python-storage-blob/12.6.0 Python/3.8.3 (Windows-10-10.0.19041-SP0)
      x-ms-date:
      - Thu, 13 May 2021 07:46:25 GMT
      x-ms-version:
      - '2020-02-10'
    method: GET
    uri: https://clitest000002.blob.core.windows.net/?restype=service&comp=properties
  response:
    body:
      string: "\uFEFF<?xml version=\"1.0\" encoding=\"utf-8\"?><StorageServiceProperties><Logging><Version>1.0</Version><Read>false</Read><Write>false</Write><Delete>false</Delete><RetentionPolicy><Enabled>false</Enabled></RetentionPolicy></Logging><HourMetrics><Version>1.0</Version><Enabled>false</Enabled><RetentionPolicy><Enabled>true</Enabled><Days>7</Days></RetentionPolicy></HourMetrics><MinuteMetrics><Version>1.0</Version><Enabled>false</Enabled><RetentionPolicy><Enabled>false</Enabled></RetentionPolicy></MinuteMetrics><Cors
        /><DeleteRetentionPolicy><Enabled>true</Enabled><Days>2</Days><AllowPermanentDelete>false</AllowPermanentDelete></DeleteRetentionPolicy><ChangeFeedPolicy><Enabled>false</Enabled></ChangeFeedPolicy><StaticWebsite><Enabled>false</Enabled></StaticWebsite></StorageServiceProperties>"
    headers:
      content-type:
      - application/xml
      date:
      - Thu, 13 May 2021 07:46:24 GMT
      server:
      - Windows-Azure-Blob/1.0 Microsoft-HTTPAPI/2.0
      transfer-encoding:
      - chunked
      x-ms-version:
      - '2020-02-10'
    status:
      code: 200
      message: OK
- request:
    body: null
    headers:
      Accept:
      - application/xml
      Accept-Encoding:
      - gzip, deflate
      Connection:
      - keep-alive
      User-Agent:
      - azsdk-python-storage-blob/12.6.0 Python/3.8.3 (Windows-10-10.0.19041-SP0)
      x-ms-date:
      - Thu, 13 May 2021 07:46:25 GMT
      x-ms-version:
      - '2020-02-10'
    method: GET
    uri: https://clitest000002.blob.core.windows.net/?restype=service&comp=properties
  response:
    body:
      string: "\uFEFF<?xml version=\"1.0\" encoding=\"utf-8\"?><StorageServiceProperties><Logging><Version>1.0</Version><Read>false</Read><Write>false</Write><Delete>false</Delete><RetentionPolicy><Enabled>false</Enabled></RetentionPolicy></Logging><HourMetrics><Version>1.0</Version><Enabled>false</Enabled><RetentionPolicy><Enabled>true</Enabled><Days>7</Days></RetentionPolicy></HourMetrics><MinuteMetrics><Version>1.0</Version><Enabled>false</Enabled><RetentionPolicy><Enabled>false</Enabled></RetentionPolicy></MinuteMetrics><Cors
        /><DeleteRetentionPolicy><Enabled>true</Enabled><Days>2</Days><AllowPermanentDelete>false</AllowPermanentDelete></DeleteRetentionPolicy><ChangeFeedPolicy><Enabled>false</Enabled></ChangeFeedPolicy><StaticWebsite><Enabled>false</Enabled></StaticWebsite></StorageServiceProperties>"
    headers:
      content-type:
      - application/xml
      date:
      - Thu, 13 May 2021 07:46:26 GMT
      server:
      - Windows-Azure-Blob/1.0 Microsoft-HTTPAPI/2.0
      transfer-encoding:
      - chunked
      x-ms-version:
      - '2020-02-10'
    status:
      code: 200
      message: OK
- request:
    body: null
    headers:
      Accept:
      - application/json
      Accept-Encoding:
      - gzip, deflate
      CommandName:
      - storage fs file delete
      Connection:
      - keep-alive
      Content-Length:
      - '0'
      ParameterSetName:
      - -f -p -y --account-name --account-key
      User-Agent:
      - AZURECLI/2.23.0 azsdk-python-storage-dfs/12.3.0 Python/3.8.3 (Windows-10-10.0.19041-SP0)
      x-ms-date:
      - Thu, 13 May 2021 07:46:37 GMT
      x-ms-version:
      - '2020-02-10'
    method: DELETE
    uri: https://clitest000002.dfs.core.windows.net/filesystem000003/file000004?recursive=true
  response:
    body:
      string: ''
    headers:
      content-length:
      - '0'
      date:
      - Thu, 13 May 2021 07:46:37 GMT
      server:
      - Windows-Azure-HDFS/1.0 Microsoft-HTTPAPI/2.0
      x-ms-version:
      - '2020-02-10'
    status:
      code: 200
      message: OK
- request:
    body: null
    headers:
      Accept:
      - application/json
      Accept-Encoding:
      - gzip, deflate
      CommandName:
      - storage fs file list
      Connection:
      - keep-alive
      ParameterSetName:
      - -f --account-name --account-key
      User-Agent:
      - AZURECLI/2.23.0 azsdk-python-storage-dfs/12.3.0 Python/3.8.3 (Windows-10-10.0.19041-SP0)
      x-ms-date:
      - Thu, 13 May 2021 07:46:38 GMT
      x-ms-version:
      - '2020-02-10'
    method: GET
    uri: https://clitest000002.dfs.core.windows.net/filesystem000003?resource=filesystem&recursive=true&maxResults=5000
  response:
    body:
      string: '{"paths":[]}

        '
    headers:
      content-type:
      - application/json;charset=utf-8
      date:
      - Thu, 13 May 2021 07:46:39 GMT
      server:
      - Windows-Azure-HDFS/1.0 Microsoft-HTTPAPI/2.0
      transfer-encoding:
      - chunked
      x-ms-version:
      - '2020-02-10'
    status:
      code: 200
      message: OK
- request:
    body: null
    headers:
      Accept:
      - application/json
      Accept-Encoding:
      - gzip, deflate
      Connection:
      - keep-alive
      User-Agent:
      - azsdk-python-storage-dfs/12.2.1 Python/3.8.3 (Windows-10-10.0.19041-SP0)
      x-ms-date:
      - Thu, 13 May 2021 07:47:40 GMT
      x-ms-version:
      - '2020-06-12'
    method: GET
    uri: https://clitest000002.blob.core.windows.net/filesystem000003?showonly=deleted&restype=container&comp=list
  response:
    body:
      string: "\uFEFF<?xml version=\"1.0\" encoding=\"utf-8\"?><EnumerationResults
        ServiceEndpoint=\"https://clitest000002.blob.core.windows.net/\" ContainerName=\"filesystem000003\"><Blobs><Blob><Name>file000004</Name><DeletionId>132653655984684960</DeletionId><Deleted>true</Deleted><Properties><Creation-Time>Thu,
        13 May 2021 07:46:21 GMT</Creation-Time><Last-Modified>Thu, 13 May 2021 07:46:21
        GMT</Last-Modified><Expiry-Time>Sat, 15 May 2021 07:46:38 GMT</Expiry-Time><Etag>0x8D915E33391BFAC</Etag><Content-Length>1024</Content-Length><Content-Type>application/octet-stream</Content-Type><Content-Encoding
        /><Content-Language /><Content-CRC64>AAAAAAAAAAA=</Content-CRC64><Content-MD5
        /><Cache-Control /><Content-Disposition /><BlobType>BlockBlob</BlobType><AccessTier>Hot</AccessTier><AccessTierInferred>true</AccessTierInferred><ServerEncrypted>true</ServerEncrypted><DeletedTime>Thu,
        13 May 2021 07:46:38 GMT</DeletedTime><RemainingRetentionDays>1</RemainingRetentionDays></Properties><OrMetadata
        /></Blob></Blobs><NextMarker /></EnumerationResults>"
    headers:
      content-type:
      - application/xml
      date:
      - Thu, 13 May 2021 07:47:40 GMT
      server:
      - Windows-Azure-Blob/1.0 Microsoft-HTTPAPI/2.0
      transfer-encoding:
      - chunked
      x-ms-version:
      - '2020-06-12'
    status:
      code: 200
      message: OK
- request:
    body: null
    headers:
      Accept:
      - '*/*'
      Accept-Encoding:
      - gzip, deflate
      Connection:
      - keep-alive
      Content-Length:
      - '0'
      User-Agent:
      - azsdk-python-storage-dfs/12.2.1 Python/3.8.3 (Windows-10-10.0.19041-SP0)
      x-ms-date:
      - Thu, 13 May 2021 07:47:41 GMT
      x-ms-undelete-source:
      - fileq65uqinmzjh5pac2dtxx?deletionid=132653655984684960
      x-ms-version:
      - '2020-06-12'
    method: PUT
    uri: https://clitest000002.blob.core.windows.net/filesystem000003/file000004?comp=undelete
  response:
    body:
      string: ''
    headers:
      content-length:
      - '0'
      date:
      - Thu, 13 May 2021 07:47:42 GMT
      server:
      - Windows-Azure-Blob/1.0 Microsoft-HTTPAPI/2.0
      x-ms-creation-time:
      - Thu, 13 May 2021 07:46:21 GMT
      x-ms-resource-type:
      - file
      x-ms-version:
      - '2020-06-12'
    status:
      code: 200
      message: OK
- request:
    body: null
    headers:
      Accept:
      - '*/*'
      Accept-Encoding:
      - gzip, deflate
      Connection:
      - keep-alive
      User-Agent:
      - azsdk-python-storage-dfs/12.2.1 Python/3.8.3 (Windows-10-10.0.19041-SP0)
      x-ms-date:
      - Thu, 13 May 2021 07:47:43 GMT
      x-ms-version:
      - '2020-06-12'
    method: HEAD
    uri: https://clitest000002.blob.core.windows.net/filesystem000003/file000004
  response:
    body:
      string: ''
    headers:
      accept-ranges:
      - bytes
      content-length:
      - '1024'
      content-type:
      - application/octet-stream
      date:
      - Thu, 13 May 2021 07:47:43 GMT
      etag:
      - '"0x8D915E33391BFAC"'
      last-modified:
      - Thu, 13 May 2021 07:46:21 GMT
      server:
      - Windows-Azure-Blob/1.0 Microsoft-HTTPAPI/2.0
      x-ms-access-tier:
      - Hot
      x-ms-access-tier-inferred:
      - 'true'
      x-ms-blob-type:
      - BlockBlob
      x-ms-creation-time:
      - Thu, 13 May 2021 07:46:21 GMT
      x-ms-group:
      - $superuser
      x-ms-lease-state:
      - available
      x-ms-lease-status:
      - unlocked
      x-ms-owner:
      - $superuser
      x-ms-permissions:
      - rw-r-----
      x-ms-server-encrypted:
      - 'true'
      x-ms-version:
      - '2020-06-12'
    status:
      code: 200
      message: OK
- request:
    body: null
    headers:
      Accept:
      - application/json
      Accept-Encoding:
      - gzip, deflate
      CommandName:
      - storage fs file list
      Connection:
      - keep-alive
      ParameterSetName:
      - -f --account-name --account-key
      User-Agent:
      - AZURECLI/2.23.0 azsdk-python-storage-dfs/12.3.0 Python/3.8.3 (Windows-10-10.0.19041-SP0)
      x-ms-date:
      - Thu, 13 May 2021 07:47:43 GMT
      x-ms-version:
      - '2020-02-10'
    method: GET
    uri: https://clitest000002.dfs.core.windows.net/filesystem000003?resource=filesystem&recursive=true&maxResults=5000
  response:
    body:
      string: '{"paths":[{"contentLength":"1024","creationTime":"132653655810301700","etag":"0x8D915E33391BFAC","group":"$superuser","lastModified":"Thu,
        13 May 2021 07:46:21 GMT","name":"file000004","owner":"$superuser","permissions":"rw-r-----"}]}

        '
    headers:
      content-type:
      - application/json;charset=utf-8
      date:
      - Thu, 13 May 2021 07:47:45 GMT
      server:
      - Windows-Azure-HDFS/1.0 Microsoft-HTTPAPI/2.0
      transfer-encoding:
      - chunked
      x-ms-version:
      - '2020-02-10'
    status:
      code: 200
      message: OK
version: 1
