interactions:
- request:
    body: null
    headers:
      Accept:
      - application/json
      Accept-Encoding:
      - gzip, deflate
      CommandName:
      - storage account create
      Connection:
      - keep-alive
      ParameterSetName:
      - -g -n --bypass --default-action --https-only
      User-Agent:
      - python/3.7.9 (Windows-10-10.0.19041-SP0) msrest/0.6.18 msrest_azure/0.6.3
        azure-mgmt-resource/10.3.0 Azure-SDK-For-Python AZURECLI/2.16.0
      accept-language:
      - en-US
    method: GET
    uri: https://management.azure.com/subscriptions/00000000-0000-0000-0000-000000000000/resourcegroups/cli_test_storage_service_endpoints000001?api-version=2020-06-01
  response:
    body:
      string: '{"id":"/subscriptions/00000000-0000-0000-0000-000000000000/resourceGroups/cli_test_storage_service_endpoints000001","name":"cli_test_storage_service_endpoints000001","type":"Microsoft.Resources/resourceGroups","location":"westus","tags":{"product":"azurecli","cause":"automation","date":"2020-12-07T06:49:50Z"},"properties":{"provisioningState":"Succeeded"}}'
    headers:
      cache-control:
      - no-cache
      content-length:
      - '428'
      content-type:
      - application/json; charset=utf-8
      date:
      - Mon, 07 Dec 2020 06:50:17 GMT
      expires:
      - '-1'
      pragma:
      - no-cache
      strict-transport-security:
      - max-age=31536000; includeSubDomains
      vary:
      - Accept-Encoding
      x-content-type-options:
      - nosniff
    status:
      code: 200
      message: OK
- request:
    body: '{"sku": {"name": "Standard_RAGRS"}, "kind": "StorageV2", "location": "westus",
      "properties": {"encryption": {"services": {"blob": {}}, "keySource": "Microsoft.Storage"},
      "networkAcls": {"bypass": "Metrics", "defaultAction": "Deny"}, "supportsHttpsTrafficOnly":
      true}}'
    headers:
      Accept:
      - application/json
      Accept-Encoding:
      - gzip, deflate
      CommandName:
      - storage account create
      Connection:
      - keep-alive
      Content-Length:
      - '267'
      Content-Type:
      - application/json
      ParameterSetName:
      - -g -n --bypass --default-action --https-only
      User-Agent:
      - AZURECLI/2.16.0 azsdk-python-azure-mgmt-storage/16.0.0 Python/3.7.9 (Windows-10-10.0.19041-SP0)
    method: PUT
    uri: https://management.azure.com/subscriptions/00000000-0000-0000-0000-000000000000/resourceGroups/cli_test_storage_service_endpoints000001/providers/Microsoft.Storage/storageAccounts/cli000003?api-version=2019-06-01
  response:
    body:
      string: ''
    headers:
      cache-control:
      - no-cache
      content-length:
      - '0'
      content-type:
      - text/plain; charset=utf-8
      date:
      - Mon, 07 Dec 2020 06:50:24 GMT
      expires:
      - '-1'
      location:
      - https://management.azure.com/subscriptions/00000000-0000-0000-0000-000000000000/providers/Microsoft.Storage/locations/westus/asyncoperations/d6d97067-a314-4955-b549-514b7c64b108?monitor=true&api-version=2019-06-01
      pragma:
      - no-cache
      server:
      - Microsoft-Azure-Storage-Resource-Provider/1.0,Microsoft-HTTPAPI/2.0 Microsoft-HTTPAPI/2.0
      strict-transport-security:
      - max-age=31536000; includeSubDomains
      x-content-type-options:
      - nosniff
      x-ms-ratelimit-remaining-subscription-writes:
      - '1196'
    status:
      code: 202
      message: Accepted
- request:
    body: null
    headers:
      Accept:
      - '*/*'
      Accept-Encoding:
      - gzip, deflate
      CommandName:
      - storage account create
      Connection:
      - keep-alive
      ParameterSetName:
      - -g -n --bypass --default-action --https-only
      User-Agent:
      - AZURECLI/2.16.0 azsdk-python-azure-mgmt-storage/16.0.0 Python/3.7.9 (Windows-10-10.0.19041-SP0)
    method: GET
    uri: https://management.azure.com/subscriptions/00000000-0000-0000-0000-000000000000/providers/Microsoft.Storage/locations/westus/asyncoperations/d6d97067-a314-4955-b549-514b7c64b108?monitor=true&api-version=2019-06-01
  response:
    body:
      string: ''
    headers:
      cache-control:
      - no-cache
      content-length:
      - '0'
      content-type:
      - text/plain; charset=utf-8
      date:
      - Mon, 07 Dec 2020 06:50:42 GMT
      expires:
      - '-1'
      location:
      - https://management.azure.com/subscriptions/00000000-0000-0000-0000-000000000000/providers/Microsoft.Storage/locations/westus/asyncoperations/d6d97067-a314-4955-b549-514b7c64b108?monitor=true&api-version=2019-06-01
      pragma:
      - no-cache
      server:
      - Microsoft-Azure-Storage-Resource-Provider/1.0,Microsoft-HTTPAPI/2.0 Microsoft-HTTPAPI/2.0
      strict-transport-security:
      - max-age=31536000; includeSubDomains
      x-content-type-options:
      - nosniff
    status:
      code: 202
      message: Accepted
- request:
    body: null
    headers:
      Accept:
      - '*/*'
      Accept-Encoding:
      - gzip, deflate
      CommandName:
      - storage account create
      Connection:
      - keep-alive
      ParameterSetName:
      - -g -n --bypass --default-action --https-only
      User-Agent:
      - AZURECLI/2.16.0 azsdk-python-azure-mgmt-storage/16.0.0 Python/3.7.9 (Windows-10-10.0.19041-SP0)
    method: GET
    uri: https://management.azure.com/subscriptions/00000000-0000-0000-0000-000000000000/providers/Microsoft.Storage/locations/westus/asyncoperations/d6d97067-a314-4955-b549-514b7c64b108?monitor=true&api-version=2019-06-01
  response:
    body:
      string: '{"sku":{"name":"Standard_RAGRS","tier":"Standard"},"kind":"StorageV2","id":"/subscriptions/00000000-0000-0000-0000-000000000000/resourceGroups/cli_test_storage_service_endpoints000001/providers/Microsoft.Storage/storageAccounts/cli000003","name":"cli000003","type":"Microsoft.Storage/storageAccounts","location":"westus","tags":{},"properties":{"privateEndpointConnections":[],"networkAcls":{"bypass":"Metrics","virtualNetworkRules":[],"ipRules":[],"defaultAction":"Deny"},"supportsHttpsTrafficOnly":true,"encryption":{"services":{"file":{"keyType":"Account","enabled":true,"lastEnabledTime":"2020-12-07T06:50:24.2079002Z"},"blob":{"keyType":"Account","enabled":true,"lastEnabledTime":"2020-12-07T06:50:24.2079002Z"}},"keySource":"Microsoft.Storage"},"accessTier":"Hot","provisioningState":"Succeeded","creationTime":"2020-12-07T06:50:24.1141687Z","primaryEndpoints":{"dfs":"https://cli000003.dfs.core.windows.net/","web":"https://cli000003.z22.web.core.windows.net/","blob":"https://cli000003.blob.core.windows.net/","queue":"https://cli000003.queue.core.windows.net/","table":"https://cli000003.table.core.windows.net/","file":"https://cli000003.file.core.windows.net/"},"primaryLocation":"westus","statusOfPrimary":"available","secondaryLocation":"eastus","statusOfSecondary":"available","secondaryEndpoints":{"dfs":"https://cli000003-secondary.dfs.core.windows.net/","web":"https://cli000003-secondary.z22.web.core.windows.net/","blob":"https://cli000003-secondary.blob.core.windows.net/","queue":"https://cli000003-secondary.queue.core.windows.net/","table":"https://cli000003-secondary.table.core.windows.net/"}}}'
    headers:
      cache-control:
      - no-cache
      content-length:
      - '1849'
      content-type:
      - application/json
      date:
      - Mon, 07 Dec 2020 06:50:45 GMT
      expires:
      - '-1'
      pragma:
      - no-cache
      server:
      - Microsoft-Azure-Storage-Resource-Provider/1.0,Microsoft-HTTPAPI/2.0 Microsoft-HTTPAPI/2.0
      strict-transport-security:
      - max-age=31536000; includeSubDomains
      transfer-encoding:
      - chunked
      vary:
      - Accept-Encoding
      x-content-type-options:
      - nosniff
    status:
      code: 200
      message: OK
- request:
    body: null
    headers:
      Accept:
      - application/json
      Accept-Encoding:
      - gzip, deflate
      CommandName:
      - storage account update
      Connection:
      - keep-alive
      ParameterSetName:
      - -g -n --bypass --default-action
      User-Agent:
      - AZURECLI/2.16.0 azsdk-python-azure-mgmt-storage/16.0.0 Python/3.7.9 (Windows-10-10.0.19041-SP0)
    method: GET
    uri: https://management.azure.com/subscriptions/00000000-0000-0000-0000-000000000000/resourceGroups/cli_test_storage_service_endpoints000001/providers/Microsoft.Storage/storageAccounts/cli000003?api-version=2019-06-01
  response:
    body:
      string: '{"sku":{"name":"Standard_RAGRS","tier":"Standard"},"kind":"StorageV2","id":"/subscriptions/00000000-0000-0000-0000-000000000000/resourceGroups/cli_test_storage_service_endpoints000001/providers/Microsoft.Storage/storageAccounts/cli000003","name":"cli000003","type":"Microsoft.Storage/storageAccounts","location":"westus","tags":{},"properties":{"privateEndpointConnections":[],"networkAcls":{"bypass":"Metrics","virtualNetworkRules":[],"ipRules":[],"defaultAction":"Deny"},"supportsHttpsTrafficOnly":true,"encryption":{"services":{"file":{"keyType":"Account","enabled":true,"lastEnabledTime":"2020-12-07T06:50:24.2079002Z"},"blob":{"keyType":"Account","enabled":true,"lastEnabledTime":"2020-12-07T06:50:24.2079002Z"}},"keySource":"Microsoft.Storage"},"accessTier":"Hot","provisioningState":"Succeeded","creationTime":"2020-12-07T06:50:24.1141687Z","primaryEndpoints":{"dfs":"https://cli000003.dfs.core.windows.net/","web":"https://cli000003.z22.web.core.windows.net/","blob":"https://cli000003.blob.core.windows.net/","queue":"https://cli000003.queue.core.windows.net/","table":"https://cli000003.table.core.windows.net/","file":"https://cli000003.file.core.windows.net/"},"primaryLocation":"westus","statusOfPrimary":"available","secondaryLocation":"eastus","statusOfSecondary":"available","secondaryEndpoints":{"dfs":"https://cli000003-secondary.dfs.core.windows.net/","web":"https://cli000003-secondary.z22.web.core.windows.net/","blob":"https://cli000003-secondary.blob.core.windows.net/","queue":"https://cli000003-secondary.queue.core.windows.net/","table":"https://cli000003-secondary.table.core.windows.net/"}}}'
    headers:
      cache-control:
      - no-cache
      content-length:
      - '1849'
      content-type:
      - application/json
      date:
      - Mon, 07 Dec 2020 06:50:46 GMT
      expires:
      - '-1'
      pragma:
      - no-cache
      server:
      - Microsoft-Azure-Storage-Resource-Provider/1.0,Microsoft-HTTPAPI/2.0 Microsoft-HTTPAPI/2.0
      strict-transport-security:
      - max-age=31536000; includeSubDomains
      transfer-encoding:
      - chunked
      vary:
      - Accept-Encoding
      x-content-type-options:
      - nosniff
    status:
      code: 200
      message: OK
- request:
    body: '{"sku": {"name": "Standard_RAGRS"}, "tags": {}, "properties": {"encryption":
      {"services": {"blob": {"enabled": true, "keyType": "Account"}, "file": {"enabled":
      true, "keyType": "Account"}}, "keySource": "Microsoft.Storage"}, "accessTier":
      "Hot", "supportsHttpsTrafficOnly": true, "networkAcls": {"bypass": "Logging",
      "virtualNetworkRules": [], "ipRules": [], "defaultAction": "Allow"}}}'
    headers:
      Accept:
      - application/json
      Accept-Encoding:
      - gzip, deflate
      CommandName:
      - storage account update
      Connection:
      - keep-alive
      Content-Length:
      - '386'
      Content-Type:
      - application/json
      ParameterSetName:
      - -g -n --bypass --default-action
      User-Agent:
      - AZURECLI/2.16.0 azsdk-python-azure-mgmt-storage/16.0.0 Python/3.7.9 (Windows-10-10.0.19041-SP0)
    method: PATCH
    uri: https://management.azure.com/subscriptions/00000000-0000-0000-0000-000000000000/resourceGroups/cli_test_storage_service_endpoints000001/providers/Microsoft.Storage/storageAccounts/cli000003?api-version=2019-06-01
  response:
    body:
      string: '{"sku":{"name":"Standard_RAGRS","tier":"Standard"},"kind":"StorageV2","id":"/subscriptions/00000000-0000-0000-0000-000000000000/resourceGroups/cli_test_storage_service_endpoints000001/providers/Microsoft.Storage/storageAccounts/cli000003","name":"cli000003","type":"Microsoft.Storage/storageAccounts","location":"westus","tags":{},"properties":{"privateEndpointConnections":[],"networkAcls":{"bypass":"Logging","virtualNetworkRules":[],"ipRules":[],"defaultAction":"Allow"},"supportsHttpsTrafficOnly":true,"encryption":{"services":{"file":{"keyType":"Account","enabled":true,"lastEnabledTime":"2020-12-07T06:50:24.2079002Z"},"blob":{"keyType":"Account","enabled":true,"lastEnabledTime":"2020-12-07T06:50:24.2079002Z"}},"keySource":"Microsoft.Storage"},"accessTier":"Hot","provisioningState":"Succeeded","creationTime":"2020-12-07T06:50:24.1141687Z","primaryEndpoints":{"dfs":"https://cli000003.dfs.core.windows.net/","web":"https://cli000003.z22.web.core.windows.net/","blob":"https://cli000003.blob.core.windows.net/","queue":"https://cli000003.queue.core.windows.net/","table":"https://cli000003.table.core.windows.net/","file":"https://cli000003.file.core.windows.net/"},"primaryLocation":"westus","statusOfPrimary":"available","secondaryLocation":"eastus","statusOfSecondary":"available","secondaryEndpoints":{"dfs":"https://cli000003-secondary.dfs.core.windows.net/","web":"https://cli000003-secondary.z22.web.core.windows.net/","blob":"https://cli000003-secondary.blob.core.windows.net/","queue":"https://cli000003-secondary.queue.core.windows.net/","table":"https://cli000003-secondary.table.core.windows.net/"}}}'
    headers:
      cache-control:
      - no-cache
      content-length:
      - '1850'
      content-type:
      - application/json
      date:
      - Mon, 07 Dec 2020 06:50:51 GMT
      expires:
      - '-1'
      pragma:
      - no-cache
      server:
      - Microsoft-Azure-Storage-Resource-Provider/1.0,Microsoft-HTTPAPI/2.0 Microsoft-HTTPAPI/2.0
      strict-transport-security:
      - max-age=31536000; includeSubDomains
      transfer-encoding:
      - chunked
      vary:
      - Accept-Encoding
      x-content-type-options:
      - nosniff
      x-ms-ratelimit-remaining-subscription-writes:
      - '1197'
    status:
      code: 200
      message: OK
- request:
    body: null
    headers:
      Accept:
      - application/json
      Accept-Encoding:
      - gzip, deflate
      CommandName:
      - storage account update
      Connection:
      - keep-alive
      ParameterSetName:
      - -g -n --set
      User-Agent:
      - AZURECLI/2.16.0 azsdk-python-azure-mgmt-storage/16.0.0 Python/3.7.9 (Windows-10-10.0.19041-SP0)
    method: GET
    uri: https://management.azure.com/subscriptions/00000000-0000-0000-0000-000000000000/resourceGroups/cli_test_storage_service_endpoints000001/providers/Microsoft.Storage/storageAccounts/cli000003?api-version=2019-06-01
  response:
    body:
      string: '{"sku":{"name":"Standard_RAGRS","tier":"Standard"},"kind":"StorageV2","id":"/subscriptions/00000000-0000-0000-0000-000000000000/resourceGroups/cli_test_storage_service_endpoints000001/providers/Microsoft.Storage/storageAccounts/cli000003","name":"cli000003","type":"Microsoft.Storage/storageAccounts","location":"westus","tags":{},"properties":{"privateEndpointConnections":[],"networkAcls":{"bypass":"Logging","virtualNetworkRules":[],"ipRules":[],"defaultAction":"Allow"},"supportsHttpsTrafficOnly":true,"encryption":{"services":{"file":{"keyType":"Account","enabled":true,"lastEnabledTime":"2020-12-07T06:50:24.2079002Z"},"blob":{"keyType":"Account","enabled":true,"lastEnabledTime":"2020-12-07T06:50:24.2079002Z"}},"keySource":"Microsoft.Storage"},"accessTier":"Hot","provisioningState":"Succeeded","creationTime":"2020-12-07T06:50:24.1141687Z","primaryEndpoints":{"dfs":"https://cli000003.dfs.core.windows.net/","web":"https://cli000003.z22.web.core.windows.net/","blob":"https://cli000003.blob.core.windows.net/","queue":"https://cli000003.queue.core.windows.net/","table":"https://cli000003.table.core.windows.net/","file":"https://cli000003.file.core.windows.net/"},"primaryLocation":"westus","statusOfPrimary":"available","secondaryLocation":"eastus","statusOfSecondary":"available","secondaryEndpoints":{"dfs":"https://cli000003-secondary.dfs.core.windows.net/","web":"https://cli000003-secondary.z22.web.core.windows.net/","blob":"https://cli000003-secondary.blob.core.windows.net/","queue":"https://cli000003-secondary.queue.core.windows.net/","table":"https://cli000003-secondary.table.core.windows.net/"}}}'
    headers:
      cache-control:
      - no-cache
      content-length:
      - '1850'
      content-type:
      - application/json
      date:
      - Mon, 07 Dec 2020 06:50:52 GMT
      expires:
      - '-1'
      pragma:
      - no-cache
      server:
      - Microsoft-Azure-Storage-Resource-Provider/1.0,Microsoft-HTTPAPI/2.0 Microsoft-HTTPAPI/2.0
      strict-transport-security:
      - max-age=31536000; includeSubDomains
      transfer-encoding:
      - chunked
      vary:
      - Accept-Encoding
      x-content-type-options:
      - nosniff
    status:
      code: 200
      message: OK
- request:
    body: '{"sku": {"name": "Standard_RAGRS"}, "tags": {}, "properties": {"encryption":
      {"services": {"blob": {"enabled": true, "keyType": "Account"}, "file": {"enabled":
      true, "keyType": "Account"}}, "keySource": "Microsoft.Storage"}, "accessTier":
      "Hot", "supportsHttpsTrafficOnly": true, "networkAcls": {"bypass": "Logging",
      "virtualNetworkRules": [], "ipRules": [], "defaultAction": "deny"}}}'
    headers:
      Accept:
      - application/json
      Accept-Encoding:
      - gzip, deflate
      CommandName:
      - storage account update
      Connection:
      - keep-alive
      Content-Length:
      - '385'
      Content-Type:
      - application/json
      ParameterSetName:
      - -g -n --set
      User-Agent:
      - AZURECLI/2.16.0 azsdk-python-azure-mgmt-storage/16.0.0 Python/3.7.9 (Windows-10-10.0.19041-SP0)
    method: PATCH
    uri: https://management.azure.com/subscriptions/00000000-0000-0000-0000-000000000000/resourceGroups/cli_test_storage_service_endpoints000001/providers/Microsoft.Storage/storageAccounts/cli000003?api-version=2019-06-01
  response:
    body:
      string: '{"sku":{"name":"Standard_RAGRS","tier":"Standard"},"kind":"StorageV2","id":"/subscriptions/00000000-0000-0000-0000-000000000000/resourceGroups/cli_test_storage_service_endpoints000001/providers/Microsoft.Storage/storageAccounts/cli000003","name":"cli000003","type":"Microsoft.Storage/storageAccounts","location":"westus","tags":{},"properties":{"privateEndpointConnections":[],"networkAcls":{"bypass":"Logging","virtualNetworkRules":[],"ipRules":[],"defaultAction":"Deny"},"supportsHttpsTrafficOnly":true,"encryption":{"services":{"file":{"keyType":"Account","enabled":true,"lastEnabledTime":"2020-12-07T06:50:24.2079002Z"},"blob":{"keyType":"Account","enabled":true,"lastEnabledTime":"2020-12-07T06:50:24.2079002Z"}},"keySource":"Microsoft.Storage"},"accessTier":"Hot","provisioningState":"Succeeded","creationTime":"2020-12-07T06:50:24.1141687Z","primaryEndpoints":{"dfs":"https://cli000003.dfs.core.windows.net/","web":"https://cli000003.z22.web.core.windows.net/","blob":"https://cli000003.blob.core.windows.net/","queue":"https://cli000003.queue.core.windows.net/","table":"https://cli000003.table.core.windows.net/","file":"https://cli000003.file.core.windows.net/"},"primaryLocation":"westus","statusOfPrimary":"available","secondaryLocation":"eastus","statusOfSecondary":"available","secondaryEndpoints":{"dfs":"https://cli000003-secondary.dfs.core.windows.net/","web":"https://cli000003-secondary.z22.web.core.windows.net/","blob":"https://cli000003-secondary.blob.core.windows.net/","queue":"https://cli000003-secondary.queue.core.windows.net/","table":"https://cli000003-secondary.table.core.windows.net/"}}}'
    headers:
      cache-control:
      - no-cache
      content-length:
      - '1849'
      content-type:
      - application/json
      date:
      - Mon, 07 Dec 2020 06:50:56 GMT
      expires:
      - '-1'
      pragma:
      - no-cache
      server:
      - Microsoft-Azure-Storage-Resource-Provider/1.0,Microsoft-HTTPAPI/2.0 Microsoft-HTTPAPI/2.0
      strict-transport-security:
      - max-age=31536000; includeSubDomains
      transfer-encoding:
      - chunked
      vary:
      - Accept-Encoding
      x-content-type-options:
      - nosniff
      x-ms-ratelimit-remaining-subscription-writes:
      - '1194'
    status:
      code: 200
      message: OK
- request:
    body: null
    headers:
      Accept:
      - application/json
      Accept-Encoding:
      - gzip, deflate
      CommandName:
      - network vnet create
      Connection:
      - keep-alive
      ParameterSetName:
      - -g -n --subnet-name
      User-Agent:
      - python/3.7.9 (Windows-10-10.0.19041-SP0) msrest/0.6.18 msrest_azure/0.6.3
        azure-mgmt-resource/10.3.0 Azure-SDK-For-Python AZURECLI/2.16.0
      accept-language:
      - en-US
    method: GET
    uri: https://management.azure.com/subscriptions/00000000-0000-0000-0000-000000000000/resourcegroups/cli_test_storage_service_endpoints000001?api-version=2020-06-01
  response:
    body:
      string: '{"id":"/subscriptions/00000000-0000-0000-0000-000000000000/resourceGroups/cli_test_storage_service_endpoints000001","name":"cli_test_storage_service_endpoints000001","type":"Microsoft.Resources/resourceGroups","location":"westus","tags":{"product":"azurecli","cause":"automation","date":"2020-12-07T06:49:50Z"},"properties":{"provisioningState":"Succeeded"}}'
    headers:
      cache-control:
      - no-cache
      content-length:
      - '428'
      content-type:
      - application/json; charset=utf-8
      date:
      - Mon, 07 Dec 2020 06:50:56 GMT
      expires:
      - '-1'
      pragma:
      - no-cache
      strict-transport-security:
      - max-age=31536000; includeSubDomains
      vary:
      - Accept-Encoding
      x-content-type-options:
      - nosniff
    status:
      code: 200
      message: OK
- request:
    body: '{"location": "westus", "tags": {}, "properties": {"addressSpace": {"addressPrefixes":
      ["10.0.0.0/16"]}, "dhcpOptions": {}, "subnets": [{"properties": {"addressPrefix":
      "10.0.0.0/24"}, "name": "subnet1"}]}}'
    headers:
      Accept:
      - application/json
      Accept-Encoding:
      - gzip, deflate
      CommandName:
      - network vnet create
      Connection:
      - keep-alive
      Content-Length:
      - '205'
      Content-Type:
      - application/json; charset=utf-8
      ParameterSetName:
      - -g -n --subnet-name
      User-Agent:
      - python/3.7.9 (Windows-10-10.0.19041-SP0) msrest/0.6.18 msrest_azure/0.6.3
        azure-mgmt-network/13.0.0 Azure-SDK-For-Python AZURECLI/2.16.0
      accept-language:
      - en-US
    method: PUT
    uri: https://management.azure.com/subscriptions/00000000-0000-0000-0000-000000000000/resourceGroups/cli_test_storage_service_endpoints000001/providers/Microsoft.Network/virtualNetworks/vnet1?api-version=2020-07-01
  response:
    body:
      string: "{\r\n  \"name\": \"vnet1\",\r\n  \"id\": \"/subscriptions/00000000-0000-0000-0000-000000000000/resourceGroups/cli_test_storage_service_endpoints000001/providers/Microsoft.Network/virtualNetworks/vnet1\",\r\n
        \ \"etag\": \"W/\\\"fe08b427-3103-4593-a4a5-cad837bb3347\\\"\",\r\n  \"type\":
        \"Microsoft.Network/virtualNetworks\",\r\n  \"location\": \"westus\",\r\n
        \ \"tags\": {},\r\n  \"properties\": {\r\n    \"provisioningState\": \"Updating\",\r\n
        \   \"resourceGuid\": \"d26482ae-5128-488e-b268-3a892deae9a2\",\r\n    \"addressSpace\":
        {\r\n      \"addressPrefixes\": [\r\n        \"10.0.0.0/16\"\r\n      ]\r\n
        \   },\r\n    \"dhcpOptions\": {\r\n      \"dnsServers\": []\r\n    },\r\n
        \   \"subnets\": [\r\n      {\r\n        \"name\": \"subnet1\",\r\n        \"id\":
        \"/subscriptions/00000000-0000-0000-0000-000000000000/resourceGroups/cli_test_storage_service_endpoints000001/providers/Microsoft.Network/virtualNetworks/vnet1/subnets/subnet1\",\r\n
        \       \"etag\": \"W/\\\"fe08b427-3103-4593-a4a5-cad837bb3347\\\"\",\r\n
        \       \"properties\": {\r\n          \"provisioningState\": \"Updating\",\r\n
        \         \"addressPrefix\": \"10.0.0.0/24\",\r\n          \"delegations\":
        [],\r\n          \"privateEndpointNetworkPolicies\": \"Enabled\",\r\n          \"privateLinkServiceNetworkPolicies\":
        \"Enabled\"\r\n        },\r\n        \"type\": \"Microsoft.Network/virtualNetworks/subnets\"\r\n
        \     }\r\n    ],\r\n    \"virtualNetworkPeerings\": [],\r\n    \"enableDdosProtection\":
        false,\r\n    \"enableVmProtection\": false\r\n  }\r\n}"
    headers:
      azure-asyncnotification:
      - Enabled
      azure-asyncoperation:
      - https://management.azure.com/subscriptions/00000000-0000-0000-0000-000000000000/providers/Microsoft.Network/locations/westus/operations/bb07fac3-42c6-404b-9998-e90e940889f3?api-version=2020-07-01
      cache-control:
      - no-cache
      content-length:
      - '1437'
      content-type:
      - application/json; charset=utf-8
      date:
      - Mon, 07 Dec 2020 06:51:01 GMT
      expires:
      - '-1'
      pragma:
      - no-cache
      server:
      - Microsoft-HTTPAPI/2.0
      - Microsoft-HTTPAPI/2.0
      strict-transport-security:
      - max-age=31536000; includeSubDomains
      x-content-type-options:
      - nosniff
      x-ms-arm-service-request-id:
      - 858abed6-f98c-47d3-874f-30bae07f681e
      x-ms-ratelimit-remaining-subscription-writes:
      - '1193'
    status:
      code: 201
      message: Created
- request:
    body: null
    headers:
      Accept:
      - application/json
      Accept-Encoding:
      - gzip, deflate
      CommandName:
      - network vnet create
      Connection:
      - keep-alive
      ParameterSetName:
      - -g -n --subnet-name
      User-Agent:
      - python/3.7.9 (Windows-10-10.0.19041-SP0) msrest/0.6.18 msrest_azure/0.6.3
        azure-mgmt-network/13.0.0 Azure-SDK-For-Python AZURECLI/2.16.0
    method: GET
    uri: https://management.azure.com/subscriptions/00000000-0000-0000-0000-000000000000/providers/Microsoft.Network/locations/westus/operations/bb07fac3-42c6-404b-9998-e90e940889f3?api-version=2020-07-01
  response:
    body:
      string: "{\r\n  \"status\": \"Succeeded\"\r\n}"
    headers:
      cache-control:
      - no-cache
      content-length:
      - '29'
      content-type:
      - application/json; charset=utf-8
      date:
      - Mon, 07 Dec 2020 06:51:05 GMT
      expires:
      - '-1'
      pragma:
      - no-cache
      server:
      - Microsoft-HTTPAPI/2.0
      - Microsoft-HTTPAPI/2.0
      strict-transport-security:
      - max-age=31536000; includeSubDomains
      transfer-encoding:
      - chunked
      vary:
      - Accept-Encoding
      x-content-type-options:
      - nosniff
      x-ms-arm-service-request-id:
      - 4ae4da31-3321-49db-8e51-d17132061efa
    status:
      code: 200
      message: OK
- request:
    body: null
    headers:
      Accept:
      - application/json
      Accept-Encoding:
      - gzip, deflate
      CommandName:
      - network vnet create
      Connection:
      - keep-alive
      ParameterSetName:
      - -g -n --subnet-name
      User-Agent:
      - python/3.7.9 (Windows-10-10.0.19041-SP0) msrest/0.6.18 msrest_azure/0.6.3
        azure-mgmt-network/13.0.0 Azure-SDK-For-Python AZURECLI/2.16.0
    method: GET
    uri: https://management.azure.com/subscriptions/00000000-0000-0000-0000-000000000000/resourceGroups/cli_test_storage_service_endpoints000001/providers/Microsoft.Network/virtualNetworks/vnet1?api-version=2020-07-01
  response:
    body:
      string: "{\r\n  \"name\": \"vnet1\",\r\n  \"id\": \"/subscriptions/00000000-0000-0000-0000-000000000000/resourceGroups/cli_test_storage_service_endpoints000001/providers/Microsoft.Network/virtualNetworks/vnet1\",\r\n
        \ \"etag\": \"W/\\\"79bb41fa-1781-4ea7-8955-400802766535\\\"\",\r\n  \"type\":
        \"Microsoft.Network/virtualNetworks\",\r\n  \"location\": \"westus\",\r\n
        \ \"tags\": {},\r\n  \"properties\": {\r\n    \"provisioningState\": \"Succeeded\",\r\n
        \   \"resourceGuid\": \"d26482ae-5128-488e-b268-3a892deae9a2\",\r\n    \"addressSpace\":
        {\r\n      \"addressPrefixes\": [\r\n        \"10.0.0.0/16\"\r\n      ]\r\n
        \   },\r\n    \"dhcpOptions\": {\r\n      \"dnsServers\": []\r\n    },\r\n
        \   \"subnets\": [\r\n      {\r\n        \"name\": \"subnet1\",\r\n        \"id\":
        \"/subscriptions/00000000-0000-0000-0000-000000000000/resourceGroups/cli_test_storage_service_endpoints000001/providers/Microsoft.Network/virtualNetworks/vnet1/subnets/subnet1\",\r\n
        \       \"etag\": \"W/\\\"79bb41fa-1781-4ea7-8955-400802766535\\\"\",\r\n
        \       \"properties\": {\r\n          \"provisioningState\": \"Succeeded\",\r\n
        \         \"addressPrefix\": \"10.0.0.0/24\",\r\n          \"delegations\":
        [],\r\n          \"privateEndpointNetworkPolicies\": \"Enabled\",\r\n          \"privateLinkServiceNetworkPolicies\":
        \"Enabled\"\r\n        },\r\n        \"type\": \"Microsoft.Network/virtualNetworks/subnets\"\r\n
        \     }\r\n    ],\r\n    \"virtualNetworkPeerings\": [],\r\n    \"enableDdosProtection\":
        false,\r\n    \"enableVmProtection\": false\r\n  }\r\n}"
    headers:
      cache-control:
      - no-cache
      content-length:
      - '1439'
      content-type:
      - application/json; charset=utf-8
      date:
      - Mon, 07 Dec 2020 06:51:05 GMT
      etag:
      - W/"79bb41fa-1781-4ea7-8955-400802766535"
      expires:
      - '-1'
      pragma:
      - no-cache
      server:
      - Microsoft-HTTPAPI/2.0
      - Microsoft-HTTPAPI/2.0
      strict-transport-security:
      - max-age=31536000; includeSubDomains
      transfer-encoding:
      - chunked
      vary:
      - Accept-Encoding
      x-content-type-options:
      - nosniff
      x-ms-arm-service-request-id:
      - b4fc7c89-45a8-4a55-8c7a-165d5999dfc1
    status:
      code: 200
      message: OK
- request:
    body: null
    headers:
      Accept:
      - application/json
      Accept-Encoding:
      - gzip, deflate
      CommandName:
      - network vnet subnet update
      Connection:
      - keep-alive
      ParameterSetName:
      - -g --vnet-name -n --service-endpoints
      User-Agent:
      - python/3.7.9 (Windows-10-10.0.19041-SP0) msrest/0.6.18 msrest_azure/0.6.3
        azure-mgmt-network/13.0.0 Azure-SDK-For-Python AZURECLI/2.16.0
      accept-language:
      - en-US
    method: GET
    uri: https://management.azure.com/subscriptions/00000000-0000-0000-0000-000000000000/resourceGroups/cli_test_storage_service_endpoints000001/providers/Microsoft.Network/virtualNetworks/vnet1/subnets/subnet1?api-version=2020-07-01
  response:
    body:
      string: "{\r\n  \"name\": \"subnet1\",\r\n  \"id\": \"/subscriptions/00000000-0000-0000-0000-000000000000/resourceGroups/cli_test_storage_service_endpoints000001/providers/Microsoft.Network/virtualNetworks/vnet1/subnets/subnet1\",\r\n
        \ \"etag\": \"W/\\\"79bb41fa-1781-4ea7-8955-400802766535\\\"\",\r\n  \"properties\":
        {\r\n    \"provisioningState\": \"Succeeded\",\r\n    \"addressPrefix\": \"10.0.0.0/24\",\r\n
        \   \"delegations\": [],\r\n    \"privateEndpointNetworkPolicies\": \"Enabled\",\r\n
        \   \"privateLinkServiceNetworkPolicies\": \"Enabled\"\r\n  },\r\n  \"type\":
        \"Microsoft.Network/virtualNetworks/subnets\"\r\n}"
    headers:
      cache-control:
      - no-cache
      content-length:
      - '586'
      content-type:
      - application/json; charset=utf-8
      date:
      - Mon, 07 Dec 2020 06:51:05 GMT
      etag:
      - W/"79bb41fa-1781-4ea7-8955-400802766535"
      expires:
      - '-1'
      pragma:
      - no-cache
      server:
      - Microsoft-HTTPAPI/2.0
      - Microsoft-HTTPAPI/2.0
      strict-transport-security:
      - max-age=31536000; includeSubDomains
      transfer-encoding:
      - chunked
      vary:
      - Accept-Encoding
      x-content-type-options:
      - nosniff
      x-ms-arm-service-request-id:
      - ab653251-00af-41f8-89c0-c80a9b96ae41
    status:
      code: 200
      message: OK
- request:
    body: '{"id": "/subscriptions/00000000-0000-0000-0000-000000000000/resourceGroups/cli_test_storage_service_endpoints000001/providers/Microsoft.Network/virtualNetworks/vnet1/subnets/subnet1",
      "properties": {"addressPrefix": "10.0.0.0/24", "serviceEndpoints": [{"service":
      "Microsoft.Storage"}], "delegations": [], "privateEndpointNetworkPolicies":
      "Enabled", "privateLinkServiceNetworkPolicies": "Enabled"}, "name": "subnet1"}'
    headers:
      Accept:
      - application/json
      Accept-Encoding:
      - gzip, deflate
      CommandName:
      - network vnet subnet update
      Connection:
      - keep-alive
      Content-Length:
      - '453'
      Content-Type:
      - application/json; charset=utf-8
      ParameterSetName:
      - -g --vnet-name -n --service-endpoints
      User-Agent:
      - python/3.7.9 (Windows-10-10.0.19041-SP0) msrest/0.6.18 msrest_azure/0.6.3
        azure-mgmt-network/13.0.0 Azure-SDK-For-Python AZURECLI/2.16.0
      accept-language:
      - en-US
    method: PUT
    uri: https://management.azure.com/subscriptions/00000000-0000-0000-0000-000000000000/resourceGroups/cli_test_storage_service_endpoints000001/providers/Microsoft.Network/virtualNetworks/vnet1/subnets/subnet1?api-version=2020-07-01
  response:
    body:
      string: "{\r\n  \"name\": \"subnet1\",\r\n  \"id\": \"/subscriptions/00000000-0000-0000-0000-000000000000/resourceGroups/cli_test_storage_service_endpoints000001/providers/Microsoft.Network/virtualNetworks/vnet1/subnets/subnet1\",\r\n
        \ \"etag\": \"W/\\\"538edec4-f6e5-4421-9578-a614056298ff\\\"\",\r\n  \"properties\":
        {\r\n    \"provisioningState\": \"Updating\",\r\n    \"addressPrefix\": \"10.0.0.0/24\",\r\n
        \   \"serviceEndpoints\": [\r\n      {\r\n        \"provisioningState\": \"Updating\",\r\n
        \       \"service\": \"Microsoft.Storage\",\r\n        \"locations\": [\r\n
        \         \"westus\",\r\n          \"eastus\"\r\n        ]\r\n      }\r\n
        \   ],\r\n    \"delegations\": [],\r\n    \"privateEndpointNetworkPolicies\":
        \"Enabled\",\r\n    \"privateLinkServiceNetworkPolicies\": \"Enabled\"\r\n
        \ },\r\n  \"type\": \"Microsoft.Network/virtualNetworks/subnets\"\r\n}"
    headers:
      azure-asyncoperation:
      - https://management.azure.com/subscriptions/00000000-0000-0000-0000-000000000000/providers/Microsoft.Network/locations/westus/operations/af8f19af-46a7-4cd8-a2ca-04962efa78a8?api-version=2020-07-01
      cache-control:
      - no-cache
      content-length:
      - '797'
      content-type:
      - application/json; charset=utf-8
      date:
      - Mon, 07 Dec 2020 06:51:07 GMT
      expires:
      - '-1'
      pragma:
      - no-cache
      server:
      - Microsoft-HTTPAPI/2.0
      - Microsoft-HTTPAPI/2.0
      strict-transport-security:
      - max-age=31536000; includeSubDomains
      transfer-encoding:
      - chunked
      vary:
      - Accept-Encoding
      x-content-type-options:
      - nosniff
      x-ms-arm-service-request-id:
      - a1fa0d73-0a82-4578-a935-e8a22169de2a
      x-ms-ratelimit-remaining-subscription-writes:
      - '1199'
    status:
      code: 200
      message: OK
- request:
    body: null
    headers:
      Accept:
      - application/json
      Accept-Encoding:
      - gzip, deflate
      CommandName:
      - network vnet subnet update
      Connection:
      - keep-alive
      ParameterSetName:
      - -g --vnet-name -n --service-endpoints
      User-Agent:
      - python/3.7.9 (Windows-10-10.0.19041-SP0) msrest/0.6.18 msrest_azure/0.6.3
        azure-mgmt-network/13.0.0 Azure-SDK-For-Python AZURECLI/2.16.0
    method: GET
    uri: https://management.azure.com/subscriptions/00000000-0000-0000-0000-000000000000/providers/Microsoft.Network/locations/westus/operations/af8f19af-46a7-4cd8-a2ca-04962efa78a8?api-version=2020-07-01
  response:
    body:
      string: "{\r\n  \"status\": \"Succeeded\"\r\n}"
    headers:
      cache-control:
      - no-cache
      content-length:
      - '29'
      content-type:
      - application/json; charset=utf-8
      date:
      - Mon, 07 Dec 2020 06:51:11 GMT
      expires:
      - '-1'
      pragma:
      - no-cache
      server:
      - Microsoft-HTTPAPI/2.0
      - Microsoft-HTTPAPI/2.0
      strict-transport-security:
      - max-age=31536000; includeSubDomains
      transfer-encoding:
      - chunked
      vary:
      - Accept-Encoding
      x-content-type-options:
      - nosniff
      x-ms-arm-service-request-id:
      - b077a6ae-783b-4a0c-9703-f2eecb53d5c3
    status:
      code: 200
      message: OK
- request:
    body: null
    headers:
      Accept:
      - application/json
      Accept-Encoding:
      - gzip, deflate
      CommandName:
      - network vnet subnet update
      Connection:
      - keep-alive
      ParameterSetName:
      - -g --vnet-name -n --service-endpoints
      User-Agent:
      - python/3.7.9 (Windows-10-10.0.19041-SP0) msrest/0.6.18 msrest_azure/0.6.3
        azure-mgmt-network/13.0.0 Azure-SDK-For-Python AZURECLI/2.16.0
    method: GET
    uri: https://management.azure.com/subscriptions/00000000-0000-0000-0000-000000000000/resourceGroups/cli_test_storage_service_endpoints000001/providers/Microsoft.Network/virtualNetworks/vnet1/subnets/subnet1?api-version=2020-07-01
  response:
    body:
      string: "{\r\n  \"name\": \"subnet1\",\r\n  \"id\": \"/subscriptions/00000000-0000-0000-0000-000000000000/resourceGroups/cli_test_storage_service_endpoints000001/providers/Microsoft.Network/virtualNetworks/vnet1/subnets/subnet1\",\r\n
        \ \"etag\": \"W/\\\"08681be9-20cb-4169-a1b7-a746cfb55468\\\"\",\r\n  \"properties\":
        {\r\n    \"provisioningState\": \"Succeeded\",\r\n    \"addressPrefix\": \"10.0.0.0/24\",\r\n
        \   \"serviceEndpoints\": [\r\n      {\r\n        \"provisioningState\": \"Succeeded\",\r\n
        \       \"service\": \"Microsoft.Storage\",\r\n        \"locations\": [\r\n
        \         \"westus\",\r\n          \"eastus\"\r\n        ]\r\n      }\r\n
        \   ],\r\n    \"delegations\": [],\r\n    \"privateEndpointNetworkPolicies\":
        \"Enabled\",\r\n    \"privateLinkServiceNetworkPolicies\": \"Enabled\"\r\n
        \ },\r\n  \"type\": \"Microsoft.Network/virtualNetworks/subnets\"\r\n}"
    headers:
      cache-control:
      - no-cache
      content-length:
      - '799'
      content-type:
      - application/json; charset=utf-8
      date:
      - Mon, 07 Dec 2020 06:51:11 GMT
      etag:
      - W/"08681be9-20cb-4169-a1b7-a746cfb55468"
      expires:
      - '-1'
      pragma:
      - no-cache
      server:
      - Microsoft-HTTPAPI/2.0
      - Microsoft-HTTPAPI/2.0
      strict-transport-security:
      - max-age=31536000; includeSubDomains
      transfer-encoding:
      - chunked
      vary:
      - Accept-Encoding
      x-content-type-options:
      - nosniff
      x-ms-arm-service-request-id:
      - 673dd9b2-0502-4dff-99c5-e665473b11c4
    status:
      code: 200
      message: OK
- request:
    body: null
    headers:
      Accept:
      - application/json
      Accept-Encoding:
      - gzip, deflate
      CommandName:
      - storage account network-rule add
      Connection:
      - keep-alive
      ParameterSetName:
      - -g --account-name --ip-address
      User-Agent:
      - AZURECLI/2.16.0 azsdk-python-azure-mgmt-storage/16.0.0 Python/3.7.9 (Windows-10-10.0.19041-SP0)
    method: GET
    uri: https://management.azure.com/subscriptions/00000000-0000-0000-0000-000000000000/resourceGroups/cli_test_storage_service_endpoints000001/providers/Microsoft.Storage/storageAccounts/cli000003?api-version=2020-08-01-preview
  response:
    body:
      string: '{"sku":{"name":"Standard_RAGRS","tier":"Standard"},"kind":"StorageV2","id":"/subscriptions/00000000-0000-0000-0000-000000000000/resourceGroups/cli_test_storage_service_endpoints000001/providers/Microsoft.Storage/storageAccounts/cli000003","name":"cli000003","type":"Microsoft.Storage/storageAccounts","location":"westus","tags":{},"properties":{"privateEndpointConnections":[],"networkAcls":{"bypass":"Logging","virtualNetworkRules":[],"ipRules":[],"defaultAction":"Deny"},"supportsHttpsTrafficOnly":true,"encryption":{"services":{"file":{"keyType":"Account","enabled":true,"lastEnabledTime":"2020-12-07T06:50:24.2079002Z"},"blob":{"keyType":"Account","enabled":true,"lastEnabledTime":"2020-12-07T06:50:24.2079002Z"}},"keySource":"Microsoft.Storage"},"accessTier":"Hot","provisioningState":"Succeeded","creationTime":"2020-12-07T06:50:24.1141687Z","primaryEndpoints":{"dfs":"https://cli000003.dfs.core.windows.net/","web":"https://cli000003.z22.web.core.windows.net/","blob":"https://cli000003.blob.core.windows.net/","queue":"https://cli000003.queue.core.windows.net/","table":"https://cli000003.table.core.windows.net/","file":"https://cli000003.file.core.windows.net/"},"primaryLocation":"westus","statusOfPrimary":"available","secondaryLocation":"eastus","statusOfSecondary":"available","secondaryEndpoints":{"dfs":"https://cli000003-secondary.dfs.core.windows.net/","web":"https://cli000003-secondary.z22.web.core.windows.net/","blob":"https://cli000003-secondary.blob.core.windows.net/","queue":"https://cli000003-secondary.queue.core.windows.net/","table":"https://cli000003-secondary.table.core.windows.net/"}}}'
    headers:
      cache-control:
      - no-cache
      content-length:
      - '1849'
      content-type:
      - application/json
      date:
      - Mon, 07 Dec 2020 06:51:11 GMT
      expires:
      - '-1'
      pragma:
      - no-cache
      server:
      - Microsoft-Azure-Storage-Resource-Provider/1.0,Microsoft-HTTPAPI/2.0 Microsoft-HTTPAPI/2.0
      strict-transport-security:
      - max-age=31536000; includeSubDomains
      transfer-encoding:
      - chunked
      vary:
      - Accept-Encoding
      x-content-type-options:
      - nosniff
    status:
      code: 200
      message: OK
- request:
    body: '{"properties": {"networkAcls": {"bypass": "Logging", "virtualNetworkRules":
      [], "ipRules": [{"value": "25.1.2.3", "action": "Allow"}], "defaultAction":
      "Deny"}}}'
    headers:
      Accept:
      - application/json
      Accept-Encoding:
      - gzip, deflate
      CommandName:
      - storage account network-rule add
      Connection:
      - keep-alive
      Content-Length:
      - '161'
      Content-Type:
      - application/json
      ParameterSetName:
      - -g --account-name --ip-address
      User-Agent:
      - AZURECLI/2.16.0 azsdk-python-azure-mgmt-storage/16.0.0 Python/3.7.9 (Windows-10-10.0.19041-SP0)
    method: PATCH
    uri: https://management.azure.com/subscriptions/00000000-0000-0000-0000-000000000000/resourceGroups/cli_test_storage_service_endpoints000001/providers/Microsoft.Storage/storageAccounts/cli000003?api-version=2020-08-01-preview
  response:
    body:
      string: '{"sku":{"name":"Standard_RAGRS","tier":"Standard"},"kind":"StorageV2","id":"/subscriptions/00000000-0000-0000-0000-000000000000/resourceGroups/cli_test_storage_service_endpoints000001/providers/Microsoft.Storage/storageAccounts/cli000003","name":"cli000003","type":"Microsoft.Storage/storageAccounts","location":"westus","tags":{},"properties":{"privateEndpointConnections":[],"networkAcls":{"bypass":"Logging","virtualNetworkRules":[],"ipRules":[{"value":"25.1.2.3","action":"Allow"}],"defaultAction":"Deny"},"supportsHttpsTrafficOnly":true,"encryption":{"services":{"file":{"keyType":"Account","enabled":true,"lastEnabledTime":"2020-12-07T06:50:24.2079002Z"},"blob":{"keyType":"Account","enabled":true,"lastEnabledTime":"2020-12-07T06:50:24.2079002Z"}},"keySource":"Microsoft.Storage"},"accessTier":"Hot","provisioningState":"Succeeded","creationTime":"2020-12-07T06:50:24.1141687Z","primaryEndpoints":{"dfs":"https://cli000003.dfs.core.windows.net/","web":"https://cli000003.z22.web.core.windows.net/","blob":"https://cli000003.blob.core.windows.net/","queue":"https://cli000003.queue.core.windows.net/","table":"https://cli000003.table.core.windows.net/","file":"https://cli000003.file.core.windows.net/"},"primaryLocation":"westus","statusOfPrimary":"available","secondaryLocation":"eastus","statusOfSecondary":"available","secondaryEndpoints":{"dfs":"https://cli000003-secondary.dfs.core.windows.net/","web":"https://cli000003-secondary.z22.web.core.windows.net/","blob":"https://cli000003-secondary.blob.core.windows.net/","queue":"https://cli000003-secondary.queue.core.windows.net/","table":"https://cli000003-secondary.table.core.windows.net/"}}}'
    headers:
      cache-control:
      - no-cache
      content-length:
      - '1886'
      content-type:
      - application/json
      date:
      - Mon, 07 Dec 2020 06:51:13 GMT
      expires:
      - '-1'
      pragma:
      - no-cache
      server:
      - Microsoft-Azure-Storage-Resource-Provider/1.0,Microsoft-HTTPAPI/2.0 Microsoft-HTTPAPI/2.0
      strict-transport-security:
      - max-age=31536000; includeSubDomains
      transfer-encoding:
      - chunked
      vary:
      - Accept-Encoding
      x-content-type-options:
      - nosniff
      x-ms-ratelimit-remaining-subscription-writes:
      - '1196'
    status:
      code: 200
      message: OK
- request:
    body: null
    headers:
      Accept:
      - application/json
      Accept-Encoding:
      - gzip, deflate
      CommandName:
      - storage account network-rule add
      Connection:
      - keep-alive
      ParameterSetName:
      - -g --account-name --ip-address
      User-Agent:
      - AZURECLI/2.16.0 azsdk-python-azure-mgmt-storage/16.0.0 Python/3.7.9 (Windows-10-10.0.19041-SP0)
    method: GET
    uri: https://management.azure.com/subscriptions/00000000-0000-0000-0000-000000000000/resourceGroups/cli_test_storage_service_endpoints000001/providers/Microsoft.Storage/storageAccounts/cli000003?api-version=2020-08-01-preview
  response:
    body:
      string: '{"sku":{"name":"Standard_RAGRS","tier":"Standard"},"kind":"StorageV2","id":"/subscriptions/00000000-0000-0000-0000-000000000000/resourceGroups/cli_test_storage_service_endpoints000001/providers/Microsoft.Storage/storageAccounts/cli000003","name":"cli000003","type":"Microsoft.Storage/storageAccounts","location":"westus","tags":{},"properties":{"privateEndpointConnections":[],"networkAcls":{"bypass":"Logging","virtualNetworkRules":[],"ipRules":[{"value":"25.1.2.3","action":"Allow"}],"defaultAction":"Deny"},"supportsHttpsTrafficOnly":true,"encryption":{"services":{"file":{"keyType":"Account","enabled":true,"lastEnabledTime":"2020-12-07T06:50:24.2079002Z"},"blob":{"keyType":"Account","enabled":true,"lastEnabledTime":"2020-12-07T06:50:24.2079002Z"}},"keySource":"Microsoft.Storage"},"accessTier":"Hot","provisioningState":"Succeeded","creationTime":"2020-12-07T06:50:24.1141687Z","primaryEndpoints":{"dfs":"https://cli000003.dfs.core.windows.net/","web":"https://cli000003.z22.web.core.windows.net/","blob":"https://cli000003.blob.core.windows.net/","queue":"https://cli000003.queue.core.windows.net/","table":"https://cli000003.table.core.windows.net/","file":"https://cli000003.file.core.windows.net/"},"primaryLocation":"westus","statusOfPrimary":"available","secondaryLocation":"eastus","statusOfSecondary":"available","secondaryEndpoints":{"dfs":"https://cli000003-secondary.dfs.core.windows.net/","web":"https://cli000003-secondary.z22.web.core.windows.net/","blob":"https://cli000003-secondary.blob.core.windows.net/","queue":"https://cli000003-secondary.queue.core.windows.net/","table":"https://cli000003-secondary.table.core.windows.net/"}}}'
    headers:
      cache-control:
      - no-cache
      content-length:
      - '1886'
      content-type:
      - application/json
      date:
      - Mon, 07 Dec 2020 06:51:14 GMT
      expires:
      - '-1'
      pragma:
      - no-cache
      server:
      - Microsoft-Azure-Storage-Resource-Provider/1.0,Microsoft-HTTPAPI/2.0 Microsoft-HTTPAPI/2.0
      strict-transport-security:
      - max-age=31536000; includeSubDomains
      transfer-encoding:
      - chunked
      vary:
      - Accept-Encoding
      x-content-type-options:
      - nosniff
    status:
      code: 200
      message: OK
- request:
    body: '{"properties": {"networkAcls": {"bypass": "Logging", "virtualNetworkRules":
      [], "ipRules": [{"value": "25.1.2.3", "action": "Allow"}], "defaultAction":
      "Deny"}}}'
    headers:
      Accept:
      - application/json
      Accept-Encoding:
      - gzip, deflate
      CommandName:
      - storage account network-rule add
      Connection:
      - keep-alive
      Content-Length:
      - '161'
      Content-Type:
      - application/json
      ParameterSetName:
      - -g --account-name --ip-address
      User-Agent:
      - AZURECLI/2.16.0 azsdk-python-azure-mgmt-storage/16.0.0 Python/3.7.9 (Windows-10-10.0.19041-SP0)
    method: PATCH
    uri: https://management.azure.com/subscriptions/00000000-0000-0000-0000-000000000000/resourceGroups/cli_test_storage_service_endpoints000001/providers/Microsoft.Storage/storageAccounts/cli000003?api-version=2020-08-01-preview
  response:
    body:
      string: '{"sku":{"name":"Standard_RAGRS","tier":"Standard"},"kind":"StorageV2","id":"/subscriptions/00000000-0000-0000-0000-000000000000/resourceGroups/cli_test_storage_service_endpoints000001/providers/Microsoft.Storage/storageAccounts/cli000003","name":"cli000003","type":"Microsoft.Storage/storageAccounts","location":"westus","tags":{},"properties":{"privateEndpointConnections":[],"networkAcls":{"bypass":"Logging","virtualNetworkRules":[],"ipRules":[{"value":"25.1.2.3","action":"Allow"}],"defaultAction":"Deny"},"supportsHttpsTrafficOnly":true,"encryption":{"services":{"file":{"keyType":"Account","enabled":true,"lastEnabledTime":"2020-12-07T06:50:24.2079002Z"},"blob":{"keyType":"Account","enabled":true,"lastEnabledTime":"2020-12-07T06:50:24.2079002Z"}},"keySource":"Microsoft.Storage"},"accessTier":"Hot","provisioningState":"Succeeded","creationTime":"2020-12-07T06:50:24.1141687Z","primaryEndpoints":{"dfs":"https://cli000003.dfs.core.windows.net/","web":"https://cli000003.z22.web.core.windows.net/","blob":"https://cli000003.blob.core.windows.net/","queue":"https://cli000003.queue.core.windows.net/","table":"https://cli000003.table.core.windows.net/","file":"https://cli000003.file.core.windows.net/"},"primaryLocation":"westus","statusOfPrimary":"available","secondaryLocation":"eastus","statusOfSecondary":"available","secondaryEndpoints":{"dfs":"https://cli000003-secondary.dfs.core.windows.net/","web":"https://cli000003-secondary.z22.web.core.windows.net/","blob":"https://cli000003-secondary.blob.core.windows.net/","queue":"https://cli000003-secondary.queue.core.windows.net/","table":"https://cli000003-secondary.table.core.windows.net/"}}}'
    headers:
      cache-control:
      - no-cache
      content-length:
      - '1886'
      content-type:
      - application/json
      date:
      - Mon, 07 Dec 2020 06:51:14 GMT
      expires:
      - '-1'
      pragma:
      - no-cache
      server:
      - Microsoft-Azure-Storage-Resource-Provider/1.0,Microsoft-HTTPAPI/2.0 Microsoft-HTTPAPI/2.0
      strict-transport-security:
      - max-age=31536000; includeSubDomains
      transfer-encoding:
      - chunked
      vary:
      - Accept-Encoding
      x-content-type-options:
      - nosniff
      x-ms-ratelimit-remaining-subscription-writes:
      - '1192'
    status:
      code: 200
      message: OK
- request:
    body: null
    headers:
      Accept:
      - application/json
      Accept-Encoding:
      - gzip, deflate
      CommandName:
      - storage account network-rule add
      Connection:
      - keep-alive
      ParameterSetName:
      - -g --account-name --ip-address
      User-Agent:
      - AZURECLI/2.16.0 azsdk-python-azure-mgmt-storage/16.0.0 Python/3.7.9 (Windows-10-10.0.19041-SP0)
    method: GET
    uri: https://management.azure.com/subscriptions/00000000-0000-0000-0000-000000000000/resourceGroups/cli_test_storage_service_endpoints000001/providers/Microsoft.Storage/storageAccounts/cli000003?api-version=2020-08-01-preview
  response:
    body:
      string: '{"sku":{"name":"Standard_RAGRS","tier":"Standard"},"kind":"StorageV2","id":"/subscriptions/00000000-0000-0000-0000-000000000000/resourceGroups/cli_test_storage_service_endpoints000001/providers/Microsoft.Storage/storageAccounts/cli000003","name":"cli000003","type":"Microsoft.Storage/storageAccounts","location":"westus","tags":{},"properties":{"privateEndpointConnections":[],"networkAcls":{"bypass":"Logging","virtualNetworkRules":[],"ipRules":[{"value":"25.1.2.3","action":"Allow"}],"defaultAction":"Deny"},"supportsHttpsTrafficOnly":true,"encryption":{"services":{"file":{"keyType":"Account","enabled":true,"lastEnabledTime":"2020-12-07T06:50:24.2079002Z"},"blob":{"keyType":"Account","enabled":true,"lastEnabledTime":"2020-12-07T06:50:24.2079002Z"}},"keySource":"Microsoft.Storage"},"accessTier":"Hot","provisioningState":"Succeeded","creationTime":"2020-12-07T06:50:24.1141687Z","primaryEndpoints":{"dfs":"https://cli000003.dfs.core.windows.net/","web":"https://cli000003.z22.web.core.windows.net/","blob":"https://cli000003.blob.core.windows.net/","queue":"https://cli000003.queue.core.windows.net/","table":"https://cli000003.table.core.windows.net/","file":"https://cli000003.file.core.windows.net/"},"primaryLocation":"westus","statusOfPrimary":"available","secondaryLocation":"eastus","statusOfSecondary":"available","secondaryEndpoints":{"dfs":"https://cli000003-secondary.dfs.core.windows.net/","web":"https://cli000003-secondary.z22.web.core.windows.net/","blob":"https://cli000003-secondary.blob.core.windows.net/","queue":"https://cli000003-secondary.queue.core.windows.net/","table":"https://cli000003-secondary.table.core.windows.net/"}}}'
    headers:
      cache-control:
      - no-cache
      content-length:
      - '1886'
      content-type:
      - application/json
      date:
      - Mon, 07 Dec 2020 06:51:14 GMT
      expires:
      - '-1'
      pragma:
      - no-cache
      server:
      - Microsoft-Azure-Storage-Resource-Provider/1.0,Microsoft-HTTPAPI/2.0 Microsoft-HTTPAPI/2.0
      strict-transport-security:
      - max-age=31536000; includeSubDomains
      transfer-encoding:
      - chunked
      vary:
      - Accept-Encoding
      x-content-type-options:
      - nosniff
    status:
      code: 200
      message: OK
- request:
    body: '{"properties": {"networkAcls": {"bypass": "Logging", "virtualNetworkRules":
      [], "ipRules": [{"value": "25.1.2.3", "action": "Allow"}, {"value": "25.2.0.0/24",
      "action": "Allow"}], "defaultAction": "Deny"}}}'
    headers:
      Accept:
      - application/json
      Accept-Encoding:
      - gzip, deflate
      CommandName:
      - storage account network-rule add
      Connection:
      - keep-alive
      Content-Length:
      - '206'
      Content-Type:
      - application/json
      ParameterSetName:
      - -g --account-name --ip-address
      User-Agent:
      - AZURECLI/2.16.0 azsdk-python-azure-mgmt-storage/16.0.0 Python/3.7.9 (Windows-10-10.0.19041-SP0)
    method: PATCH
    uri: https://management.azure.com/subscriptions/00000000-0000-0000-0000-000000000000/resourceGroups/cli_test_storage_service_endpoints000001/providers/Microsoft.Storage/storageAccounts/cli000003?api-version=2020-08-01-preview
  response:
    body:
      string: '{"sku":{"name":"Standard_RAGRS","tier":"Standard"},"kind":"StorageV2","id":"/subscriptions/00000000-0000-0000-0000-000000000000/resourceGroups/cli_test_storage_service_endpoints000001/providers/Microsoft.Storage/storageAccounts/cli000003","name":"cli000003","type":"Microsoft.Storage/storageAccounts","location":"westus","tags":{},"properties":{"privateEndpointConnections":[],"networkAcls":{"bypass":"Logging","virtualNetworkRules":[],"ipRules":[{"value":"25.1.2.3","action":"Allow"},{"value":"25.2.0.0/24","action":"Allow"}],"defaultAction":"Deny"},"supportsHttpsTrafficOnly":true,"encryption":{"services":{"file":{"keyType":"Account","enabled":true,"lastEnabledTime":"2020-12-07T06:50:24.2079002Z"},"blob":{"keyType":"Account","enabled":true,"lastEnabledTime":"2020-12-07T06:50:24.2079002Z"}},"keySource":"Microsoft.Storage"},"accessTier":"Hot","provisioningState":"Succeeded","creationTime":"2020-12-07T06:50:24.1141687Z","primaryEndpoints":{"dfs":"https://cli000003.dfs.core.windows.net/","web":"https://cli000003.z22.web.core.windows.net/","blob":"https://cli000003.blob.core.windows.net/","queue":"https://cli000003.queue.core.windows.net/","table":"https://cli000003.table.core.windows.net/","file":"https://cli000003.file.core.windows.net/"},"primaryLocation":"westus","statusOfPrimary":"available","secondaryLocation":"eastus","statusOfSecondary":"available","secondaryEndpoints":{"dfs":"https://cli000003-secondary.dfs.core.windows.net/","web":"https://cli000003-secondary.z22.web.core.windows.net/","blob":"https://cli000003-secondary.blob.core.windows.net/","queue":"https://cli000003-secondary.queue.core.windows.net/","table":"https://cli000003-secondary.table.core.windows.net/"}}}'
    headers:
      cache-control:
      - no-cache
      content-length:
      - '1927'
      content-type:
      - application/json
      date:
      - Mon, 07 Dec 2020 06:51:16 GMT
      expires:
      - '-1'
      pragma:
      - no-cache
      server:
      - Microsoft-Azure-Storage-Resource-Provider/1.0,Microsoft-HTTPAPI/2.0 Microsoft-HTTPAPI/2.0
      strict-transport-security:
      - max-age=31536000; includeSubDomains
      transfer-encoding:
      - chunked
      vary:
      - Accept-Encoding
      x-content-type-options:
      - nosniff
      x-ms-ratelimit-remaining-subscription-writes:
      - '1198'
    status:
      code: 200
      message: OK
- request:
    body: null
    headers:
      Accept:
      - application/json
      Accept-Encoding:
      - gzip, deflate
      CommandName:
      - storage account network-rule add
      Connection:
      - keep-alive
      ParameterSetName:
      - -g --account-name --vnet-name --subnet
      User-Agent:
      - AZURECLI/2.16.0 azsdk-python-azure-mgmt-storage/16.0.0 Python/3.7.9 (Windows-10-10.0.19041-SP0)
    method: GET
    uri: https://management.azure.com/subscriptions/00000000-0000-0000-0000-000000000000/resourceGroups/cli_test_storage_service_endpoints000001/providers/Microsoft.Storage/storageAccounts/cli000003?api-version=2020-08-01-preview
  response:
    body:
      string: '{"sku":{"name":"Standard_RAGRS","tier":"Standard"},"kind":"StorageV2","id":"/subscriptions/00000000-0000-0000-0000-000000000000/resourceGroups/cli_test_storage_service_endpoints000001/providers/Microsoft.Storage/storageAccounts/cli000003","name":"cli000003","type":"Microsoft.Storage/storageAccounts","location":"westus","tags":{},"properties":{"privateEndpointConnections":[],"networkAcls":{"bypass":"Logging","virtualNetworkRules":[],"ipRules":[{"value":"25.1.2.3","action":"Allow"},{"value":"25.2.0.0/24","action":"Allow"}],"defaultAction":"Deny"},"supportsHttpsTrafficOnly":true,"encryption":{"services":{"file":{"keyType":"Account","enabled":true,"lastEnabledTime":"2020-12-07T06:50:24.2079002Z"},"blob":{"keyType":"Account","enabled":true,"lastEnabledTime":"2020-12-07T06:50:24.2079002Z"}},"keySource":"Microsoft.Storage"},"accessTier":"Hot","provisioningState":"Succeeded","creationTime":"2020-12-07T06:50:24.1141687Z","primaryEndpoints":{"dfs":"https://cli000003.dfs.core.windows.net/","web":"https://cli000003.z22.web.core.windows.net/","blob":"https://cli000003.blob.core.windows.net/","queue":"https://cli000003.queue.core.windows.net/","table":"https://cli000003.table.core.windows.net/","file":"https://cli000003.file.core.windows.net/"},"primaryLocation":"westus","statusOfPrimary":"available","secondaryLocation":"eastus","statusOfSecondary":"available","secondaryEndpoints":{"dfs":"https://cli000003-secondary.dfs.core.windows.net/","web":"https://cli000003-secondary.z22.web.core.windows.net/","blob":"https://cli000003-secondary.blob.core.windows.net/","queue":"https://cli000003-secondary.queue.core.windows.net/","table":"https://cli000003-secondary.table.core.windows.net/"}}}'
    headers:
      cache-control:
      - no-cache
      content-length:
      - '1927'
      content-type:
      - application/json
      date:
      - Mon, 07 Dec 2020 06:51:17 GMT
      expires:
      - '-1'
      pragma:
      - no-cache
      server:
      - Microsoft-Azure-Storage-Resource-Provider/1.0,Microsoft-HTTPAPI/2.0 Microsoft-HTTPAPI/2.0
      strict-transport-security:
      - max-age=31536000; includeSubDomains
      transfer-encoding:
      - chunked
      vary:
      - Accept-Encoding
      x-content-type-options:
      - nosniff
    status:
      code: 200
      message: OK
- request:
    body: '{"properties": {"networkAcls": {"bypass": "Logging", "virtualNetworkRules":
      [{"id": "/subscriptions/00000000-0000-0000-0000-000000000000/resourceGroups/cli_test_storage_service_endpoints000001/providers/Microsoft.Network/virtualNetworks/vnet1/subnets/subnet1",
      "action": "Allow"}], "ipRules": [{"value": "25.1.2.3", "action": "Allow"}, {"value":
      "25.2.0.0/24", "action": "Allow"}], "defaultAction": "Deny"}}}'
    headers:
      Accept:
      - application/json
      Accept-Encoding:
      - gzip, deflate
      CommandName:
      - storage account network-rule add
      Connection:
      - keep-alive
      Content-Length:
      - '443'
      Content-Type:
      - application/json
      ParameterSetName:
      - -g --account-name --vnet-name --subnet
      User-Agent:
      - AZURECLI/2.16.0 azsdk-python-azure-mgmt-storage/16.0.0 Python/3.7.9 (Windows-10-10.0.19041-SP0)
    method: PATCH
    uri: https://management.azure.com/subscriptions/00000000-0000-0000-0000-000000000000/resourceGroups/cli_test_storage_service_endpoints000001/providers/Microsoft.Storage/storageAccounts/cli000003?api-version=2020-08-01-preview
  response:
    body:
      string: '{"sku":{"name":"Standard_RAGRS","tier":"Standard"},"kind":"StorageV2","id":"/subscriptions/00000000-0000-0000-0000-000000000000/resourceGroups/cli_test_storage_service_endpoints000001/providers/Microsoft.Storage/storageAccounts/cli000003","name":"cli000003","type":"Microsoft.Storage/storageAccounts","location":"westus","tags":{},"properties":{"privateEndpointConnections":[],"networkAcls":{"bypass":"Logging","virtualNetworkRules":[{"id":"/subscriptions/00000000-0000-0000-0000-000000000000/resourceGroups/cli_test_storage_service_endpoints000001/providers/Microsoft.Network/virtualNetworks/vnet1/subnets/subnet1","action":"Allow","state":"Succeeded"}],"ipRules":[{"value":"25.1.2.3","action":"Allow"},{"value":"25.2.0.0/24","action":"Allow"}],"defaultAction":"Deny"},"supportsHttpsTrafficOnly":true,"encryption":{"services":{"file":{"keyType":"Account","enabled":true,"lastEnabledTime":"2020-12-07T06:50:24.2079002Z"},"blob":{"keyType":"Account","enabled":true,"lastEnabledTime":"2020-12-07T06:50:24.2079002Z"}},"keySource":"Microsoft.Storage"},"accessTier":"Hot","provisioningState":"Succeeded","creationTime":"2020-12-07T06:50:24.1141687Z","primaryEndpoints":{"dfs":"https://cli000003.dfs.core.windows.net/","web":"https://cli000003.z22.web.core.windows.net/","blob":"https://cli000003.blob.core.windows.net/","queue":"https://cli000003.queue.core.windows.net/","table":"https://cli000003.table.core.windows.net/","file":"https://cli000003.file.core.windows.net/"},"primaryLocation":"westus","statusOfPrimary":"available","secondaryLocation":"eastus","statusOfSecondary":"available","secondaryEndpoints":{"dfs":"https://cli000003-secondary.dfs.core.windows.net/","web":"https://cli000003-secondary.z22.web.core.windows.net/","blob":"https://cli000003-secondary.blob.core.windows.net/","queue":"https://cli000003-secondary.queue.core.windows.net/","table":"https://cli000003-secondary.table.core.windows.net/"}}}'
    headers:
      cache-control:
      - no-cache
      content-length:
      - '2181'
      content-type:
      - application/json
      date:
      - Mon, 07 Dec 2020 06:51:19 GMT
      expires:
      - '-1'
      pragma:
      - no-cache
      server:
      - Microsoft-Azure-Storage-Resource-Provider/1.0,Microsoft-HTTPAPI/2.0 Microsoft-HTTPAPI/2.0
      strict-transport-security:
      - max-age=31536000; includeSubDomains
      transfer-encoding:
      - chunked
      vary:
      - Accept-Encoding
      x-content-type-options:
      - nosniff
      x-ms-ratelimit-remaining-subscription-writes:
      - '1196'
    status:
      code: 200
      message: OK
- request:
    body: null
    headers:
      Accept:
      - application/json
      Accept-Encoding:
      - gzip, deflate
      CommandName:
      - storage account network-rule list
      Connection:
      - keep-alive
      ParameterSetName:
      - -g --account-name
      User-Agent:
      - AZURECLI/2.16.0 azsdk-python-azure-mgmt-storage/16.0.0 Python/3.7.9 (Windows-10-10.0.19041-SP0)
    method: GET
    uri: https://management.azure.com/subscriptions/00000000-0000-0000-0000-000000000000/resourceGroups/cli_test_storage_service_endpoints000001/providers/Microsoft.Storage/storageAccounts/cli000003?api-version=2020-08-01-preview
  response:
    body:
      string: '{"sku":{"name":"Standard_RAGRS","tier":"Standard"},"kind":"StorageV2","id":"/subscriptions/00000000-0000-0000-0000-000000000000/resourceGroups/cli_test_storage_service_endpoints000001/providers/Microsoft.Storage/storageAccounts/cli000003","name":"cli000003","type":"Microsoft.Storage/storageAccounts","location":"westus","tags":{},"properties":{"privateEndpointConnections":[],"networkAcls":{"bypass":"Logging","virtualNetworkRules":[{"id":"/subscriptions/00000000-0000-0000-0000-000000000000/resourceGroups/cli_test_storage_service_endpoints000001/providers/Microsoft.Network/virtualNetworks/vnet1/subnets/subnet1","action":"Allow","state":"Succeeded"}],"ipRules":[{"value":"25.1.2.3","action":"Allow"},{"value":"25.2.0.0/24","action":"Allow"}],"defaultAction":"Deny"},"supportsHttpsTrafficOnly":true,"encryption":{"services":{"file":{"keyType":"Account","enabled":true,"lastEnabledTime":"2020-12-07T06:50:24.2079002Z"},"blob":{"keyType":"Account","enabled":true,"lastEnabledTime":"2020-12-07T06:50:24.2079002Z"}},"keySource":"Microsoft.Storage"},"accessTier":"Hot","provisioningState":"Succeeded","creationTime":"2020-12-07T06:50:24.1141687Z","primaryEndpoints":{"dfs":"https://cli000003.dfs.core.windows.net/","web":"https://cli000003.z22.web.core.windows.net/","blob":"https://cli000003.blob.core.windows.net/","queue":"https://cli000003.queue.core.windows.net/","table":"https://cli000003.table.core.windows.net/","file":"https://cli000003.file.core.windows.net/"},"primaryLocation":"westus","statusOfPrimary":"available","secondaryLocation":"eastus","statusOfSecondary":"available","secondaryEndpoints":{"dfs":"https://cli000003-secondary.dfs.core.windows.net/","web":"https://cli000003-secondary.z22.web.core.windows.net/","blob":"https://cli000003-secondary.blob.core.windows.net/","queue":"https://cli000003-secondary.queue.core.windows.net/","table":"https://cli000003-secondary.table.core.windows.net/"}}}'
    headers:
      cache-control:
      - no-cache
      content-length:
      - '2181'
      content-type:
      - application/json
      date:
      - Mon, 07 Dec 2020 06:51:19 GMT
      expires:
      - '-1'
      pragma:
      - no-cache
      server:
      - Microsoft-Azure-Storage-Resource-Provider/1.0,Microsoft-HTTPAPI/2.0 Microsoft-HTTPAPI/2.0
      strict-transport-security:
      - max-age=31536000; includeSubDomains
      transfer-encoding:
      - chunked
      vary:
      - Accept-Encoding
      x-content-type-options:
      - nosniff
    status:
      code: 200
      message: OK
- request:
    body: null
    headers:
      Accept:
      - application/json
      Accept-Encoding:
      - gzip, deflate
      CommandName:
      - storage account network-rule add
      Connection:
      - keep-alive
      ParameterSetName:
      - -g --account-name --vnet-name --subnet
      User-Agent:
      - AZURECLI/2.16.0 azsdk-python-azure-mgmt-storage/16.0.0 Python/3.7.9 (Windows-10-10.0.19041-SP0)
    method: GET
    uri: https://management.azure.com/subscriptions/00000000-0000-0000-0000-000000000000/resourceGroups/cli_test_storage_service_endpoints000001/providers/Microsoft.Storage/storageAccounts/cli000003?api-version=2020-08-01-preview
  response:
    body:
      string: '{"sku":{"name":"Standard_RAGRS","tier":"Standard"},"kind":"StorageV2","id":"/subscriptions/00000000-0000-0000-0000-000000000000/resourceGroups/cli_test_storage_service_endpoints000001/providers/Microsoft.Storage/storageAccounts/cli000003","name":"cli000003","type":"Microsoft.Storage/storageAccounts","location":"westus","tags":{},"properties":{"privateEndpointConnections":[],"networkAcls":{"bypass":"Logging","virtualNetworkRules":[{"id":"/subscriptions/00000000-0000-0000-0000-000000000000/resourceGroups/cli_test_storage_service_endpoints000001/providers/Microsoft.Network/virtualNetworks/vnet1/subnets/subnet1","action":"Allow","state":"Succeeded"}],"ipRules":[{"value":"25.1.2.3","action":"Allow"},{"value":"25.2.0.0/24","action":"Allow"}],"defaultAction":"Deny"},"supportsHttpsTrafficOnly":true,"encryption":{"services":{"file":{"keyType":"Account","enabled":true,"lastEnabledTime":"2020-12-07T06:50:24.2079002Z"},"blob":{"keyType":"Account","enabled":true,"lastEnabledTime":"2020-12-07T06:50:24.2079002Z"}},"keySource":"Microsoft.Storage"},"accessTier":"Hot","provisioningState":"Succeeded","creationTime":"2020-12-07T06:50:24.1141687Z","primaryEndpoints":{"dfs":"https://cli000003.dfs.core.windows.net/","web":"https://cli000003.z22.web.core.windows.net/","blob":"https://cli000003.blob.core.windows.net/","queue":"https://cli000003.queue.core.windows.net/","table":"https://cli000003.table.core.windows.net/","file":"https://cli000003.file.core.windows.net/"},"primaryLocation":"westus","statusOfPrimary":"available","secondaryLocation":"eastus","statusOfSecondary":"available","secondaryEndpoints":{"dfs":"https://cli000003-secondary.dfs.core.windows.net/","web":"https://cli000003-secondary.z22.web.core.windows.net/","blob":"https://cli000003-secondary.blob.core.windows.net/","queue":"https://cli000003-secondary.queue.core.windows.net/","table":"https://cli000003-secondary.table.core.windows.net/"}}}'
    headers:
      cache-control:
      - no-cache
      content-length:
      - '2181'
      content-type:
      - application/json
      date:
      - Mon, 07 Dec 2020 06:51:21 GMT
      expires:
      - '-1'
      pragma:
      - no-cache
      server:
      - Microsoft-Azure-Storage-Resource-Provider/1.0,Microsoft-HTTPAPI/2.0 Microsoft-HTTPAPI/2.0
      strict-transport-security:
      - max-age=31536000; includeSubDomains
      transfer-encoding:
      - chunked
      vary:
      - Accept-Encoding
      x-content-type-options:
      - nosniff
    status:
      code: 200
      message: OK
- request:
    body: '{"properties": {"networkAcls": {"bypass": "Logging", "virtualNetworkRules":
      [{"id": "/subscriptions/00000000-0000-0000-0000-000000000000/resourceGroups/cli_test_storage_service_endpoints000001/providers/Microsoft.Network/virtualNetworks/vnet1/subnets/subnet1",
      "action": "Allow"}], "ipRules": [{"value": "25.1.2.3", "action": "Allow"}, {"value":
      "25.2.0.0/24", "action": "Allow"}], "defaultAction": "Deny"}}}'
    headers:
      Accept:
      - application/json
      Accept-Encoding:
      - gzip, deflate
      CommandName:
      - storage account network-rule add
      Connection:
      - keep-alive
      Content-Length:
      - '443'
      Content-Type:
      - application/json
      ParameterSetName:
      - -g --account-name --vnet-name --subnet
      User-Agent:
      - AZURECLI/2.16.0 azsdk-python-azure-mgmt-storage/16.0.0 Python/3.7.9 (Windows-10-10.0.19041-SP0)
    method: PATCH
    uri: https://management.azure.com/subscriptions/00000000-0000-0000-0000-000000000000/resourceGroups/cli_test_storage_service_endpoints000001/providers/Microsoft.Storage/storageAccounts/cli000003?api-version=2020-08-01-preview
  response:
    body:
      string: '{"sku":{"name":"Standard_RAGRS","tier":"Standard"},"kind":"StorageV2","id":"/subscriptions/00000000-0000-0000-0000-000000000000/resourceGroups/cli_test_storage_service_endpoints000001/providers/Microsoft.Storage/storageAccounts/cli000003","name":"cli000003","type":"Microsoft.Storage/storageAccounts","location":"westus","tags":{},"properties":{"privateEndpointConnections":[],"networkAcls":{"bypass":"Logging","virtualNetworkRules":[{"id":"/subscriptions/00000000-0000-0000-0000-000000000000/resourceGroups/cli_test_storage_service_endpoints000001/providers/Microsoft.Network/virtualNetworks/vnet1/subnets/subnet1","action":"Allow","state":"Succeeded"}],"ipRules":[{"value":"25.1.2.3","action":"Allow"},{"value":"25.2.0.0/24","action":"Allow"}],"defaultAction":"Deny"},"supportsHttpsTrafficOnly":true,"encryption":{"services":{"file":{"keyType":"Account","enabled":true,"lastEnabledTime":"2020-12-07T06:50:24.2079002Z"},"blob":{"keyType":"Account","enabled":true,"lastEnabledTime":"2020-12-07T06:50:24.2079002Z"}},"keySource":"Microsoft.Storage"},"accessTier":"Hot","provisioningState":"Succeeded","creationTime":"2020-12-07T06:50:24.1141687Z","primaryEndpoints":{"dfs":"https://cli000003.dfs.core.windows.net/","web":"https://cli000003.z22.web.core.windows.net/","blob":"https://cli000003.blob.core.windows.net/","queue":"https://cli000003.queue.core.windows.net/","table":"https://cli000003.table.core.windows.net/","file":"https://cli000003.file.core.windows.net/"},"primaryLocation":"westus","statusOfPrimary":"available","secondaryLocation":"eastus","statusOfSecondary":"available","secondaryEndpoints":{"dfs":"https://cli000003-secondary.dfs.core.windows.net/","web":"https://cli000003-secondary.z22.web.core.windows.net/","blob":"https://cli000003-secondary.blob.core.windows.net/","queue":"https://cli000003-secondary.queue.core.windows.net/","table":"https://cli000003-secondary.table.core.windows.net/"}}}'
    headers:
      cache-control:
      - no-cache
      content-length:
      - '2181'
      content-type:
      - application/json
      date:
      - Mon, 07 Dec 2020 06:51:21 GMT
      expires:
      - '-1'
      pragma:
      - no-cache
      server:
      - Microsoft-Azure-Storage-Resource-Provider/1.0,Microsoft-HTTPAPI/2.0 Microsoft-HTTPAPI/2.0
      strict-transport-security:
      - max-age=31536000; includeSubDomains
      transfer-encoding:
      - chunked
      vary:
      - Accept-Encoding
      x-content-type-options:
      - nosniff
      x-ms-ratelimit-remaining-subscription-writes:
      - '1198'
    status:
      code: 200
      message: OK
- request:
    body: null
    headers:
      Accept:
      - application/json
      Accept-Encoding:
      - gzip, deflate
      CommandName:
      - storage account network-rule list
      Connection:
      - keep-alive
      ParameterSetName:
      - -g --account-name
      User-Agent:
      - AZURECLI/2.16.0 azsdk-python-azure-mgmt-storage/16.0.0 Python/3.7.9 (Windows-10-10.0.19041-SP0)
    method: GET
    uri: https://management.azure.com/subscriptions/00000000-0000-0000-0000-000000000000/resourceGroups/cli_test_storage_service_endpoints000001/providers/Microsoft.Storage/storageAccounts/cli000003?api-version=2020-08-01-preview
  response:
    body:
      string: '{"sku":{"name":"Standard_RAGRS","tier":"Standard"},"kind":"StorageV2","id":"/subscriptions/00000000-0000-0000-0000-000000000000/resourceGroups/cli_test_storage_service_endpoints000001/providers/Microsoft.Storage/storageAccounts/cli000003","name":"cli000003","type":"Microsoft.Storage/storageAccounts","location":"westus","tags":{},"properties":{"privateEndpointConnections":[],"networkAcls":{"bypass":"Logging","virtualNetworkRules":[{"id":"/subscriptions/00000000-0000-0000-0000-000000000000/resourceGroups/cli_test_storage_service_endpoints000001/providers/Microsoft.Network/virtualNetworks/vnet1/subnets/subnet1","action":"Allow","state":"Succeeded"}],"ipRules":[{"value":"25.1.2.3","action":"Allow"},{"value":"25.2.0.0/24","action":"Allow"}],"defaultAction":"Deny"},"supportsHttpsTrafficOnly":true,"encryption":{"services":{"file":{"keyType":"Account","enabled":true,"lastEnabledTime":"2020-12-07T06:50:24.2079002Z"},"blob":{"keyType":"Account","enabled":true,"lastEnabledTime":"2020-12-07T06:50:24.2079002Z"}},"keySource":"Microsoft.Storage"},"accessTier":"Hot","provisioningState":"Succeeded","creationTime":"2020-12-07T06:50:24.1141687Z","primaryEndpoints":{"dfs":"https://cli000003.dfs.core.windows.net/","web":"https://cli000003.z22.web.core.windows.net/","blob":"https://cli000003.blob.core.windows.net/","queue":"https://cli000003.queue.core.windows.net/","table":"https://cli000003.table.core.windows.net/","file":"https://cli000003.file.core.windows.net/"},"primaryLocation":"westus","statusOfPrimary":"available","secondaryLocation":"eastus","statusOfSecondary":"available","secondaryEndpoints":{"dfs":"https://cli000003-secondary.dfs.core.windows.net/","web":"https://cli000003-secondary.z22.web.core.windows.net/","blob":"https://cli000003-secondary.blob.core.windows.net/","queue":"https://cli000003-secondary.queue.core.windows.net/","table":"https://cli000003-secondary.table.core.windows.net/"}}}'
    headers:
      cache-control:
      - no-cache
      content-length:
      - '2181'
      content-type:
      - application/json
      date:
      - Mon, 07 Dec 2020 06:51:22 GMT
      expires:
      - '-1'
      pragma:
      - no-cache
      server:
      - Microsoft-Azure-Storage-Resource-Provider/1.0,Microsoft-HTTPAPI/2.0 Microsoft-HTTPAPI/2.0
      strict-transport-security:
      - max-age=31536000; includeSubDomains
      transfer-encoding:
      - chunked
      vary:
      - Accept-Encoding
      x-content-type-options:
      - nosniff
    status:
      code: 200
      message: OK
- request:
    body: null
    headers:
      Accept:
      - application/json
      Accept-Encoding:
      - gzip, deflate
      CommandName:
      - storage account network-rule remove
      Connection:
      - keep-alive
      ParameterSetName:
      - -g --account-name --ip-address
      User-Agent:
      - AZURECLI/2.16.0 azsdk-python-azure-mgmt-storage/16.0.0 Python/3.7.9 (Windows-10-10.0.19041-SP0)
    method: GET
    uri: https://management.azure.com/subscriptions/00000000-0000-0000-0000-000000000000/resourceGroups/cli_test_storage_service_endpoints000001/providers/Microsoft.Storage/storageAccounts/cli000003?api-version=2020-08-01-preview
  response:
    body:
      string: '{"sku":{"name":"Standard_RAGRS","tier":"Standard"},"kind":"StorageV2","id":"/subscriptions/00000000-0000-0000-0000-000000000000/resourceGroups/cli_test_storage_service_endpoints000001/providers/Microsoft.Storage/storageAccounts/cli000003","name":"cli000003","type":"Microsoft.Storage/storageAccounts","location":"westus","tags":{},"properties":{"privateEndpointConnections":[],"networkAcls":{"bypass":"Logging","virtualNetworkRules":[{"id":"/subscriptions/00000000-0000-0000-0000-000000000000/resourceGroups/cli_test_storage_service_endpoints000001/providers/Microsoft.Network/virtualNetworks/vnet1/subnets/subnet1","action":"Allow","state":"Succeeded"}],"ipRules":[{"value":"25.1.2.3","action":"Allow"},{"value":"25.2.0.0/24","action":"Allow"}],"defaultAction":"Deny"},"supportsHttpsTrafficOnly":true,"encryption":{"services":{"file":{"keyType":"Account","enabled":true,"lastEnabledTime":"2020-12-07T06:50:24.2079002Z"},"blob":{"keyType":"Account","enabled":true,"lastEnabledTime":"2020-12-07T06:50:24.2079002Z"}},"keySource":"Microsoft.Storage"},"accessTier":"Hot","provisioningState":"Succeeded","creationTime":"2020-12-07T06:50:24.1141687Z","primaryEndpoints":{"dfs":"https://cli000003.dfs.core.windows.net/","web":"https://cli000003.z22.web.core.windows.net/","blob":"https://cli000003.blob.core.windows.net/","queue":"https://cli000003.queue.core.windows.net/","table":"https://cli000003.table.core.windows.net/","file":"https://cli000003.file.core.windows.net/"},"primaryLocation":"westus","statusOfPrimary":"available","secondaryLocation":"eastus","statusOfSecondary":"available","secondaryEndpoints":{"dfs":"https://cli000003-secondary.dfs.core.windows.net/","web":"https://cli000003-secondary.z22.web.core.windows.net/","blob":"https://cli000003-secondary.blob.core.windows.net/","queue":"https://cli000003-secondary.queue.core.windows.net/","table":"https://cli000003-secondary.table.core.windows.net/"}}}'
    headers:
      cache-control:
      - no-cache
      content-length:
      - '2181'
      content-type:
      - application/json
      date:
      - Mon, 07 Dec 2020 06:51:23 GMT
      expires:
      - '-1'
      pragma:
      - no-cache
      server:
      - Microsoft-Azure-Storage-Resource-Provider/1.0,Microsoft-HTTPAPI/2.0 Microsoft-HTTPAPI/2.0
      strict-transport-security:
      - max-age=31536000; includeSubDomains
      transfer-encoding:
      - chunked
      vary:
      - Accept-Encoding
      x-content-type-options:
      - nosniff
    status:
      code: 200
      message: OK
- request:
    body: '{"properties": {"networkAcls": {"bypass": "Logging", "virtualNetworkRules":
      [{"id": "/subscriptions/00000000-0000-0000-0000-000000000000/resourceGroups/cli_test_storage_service_endpoints000001/providers/Microsoft.Network/virtualNetworks/vnet1/subnets/subnet1",
      "action": "Allow", "state": "Succeeded"}], "ipRules": [{"value": "25.2.0.0/24",
      "action": "Allow"}], "defaultAction": "Deny"}}}'
    headers:
      Accept:
      - application/json
      Accept-Encoding:
      - gzip, deflate
      CommandName:
      - storage account network-rule remove
      Connection:
      - keep-alive
      Content-Length:
      - '423'
      Content-Type:
      - application/json
      ParameterSetName:
      - -g --account-name --ip-address
      User-Agent:
      - AZURECLI/2.16.0 azsdk-python-azure-mgmt-storage/16.0.0 Python/3.7.9 (Windows-10-10.0.19041-SP0)
    method: PATCH
    uri: https://management.azure.com/subscriptions/00000000-0000-0000-0000-000000000000/resourceGroups/cli_test_storage_service_endpoints000001/providers/Microsoft.Storage/storageAccounts/cli000003?api-version=2020-08-01-preview
  response:
    body:
      string: '{"sku":{"name":"Standard_RAGRS","tier":"Standard"},"kind":"StorageV2","id":"/subscriptions/00000000-0000-0000-0000-000000000000/resourceGroups/cli_test_storage_service_endpoints000001/providers/Microsoft.Storage/storageAccounts/cli000003","name":"cli000003","type":"Microsoft.Storage/storageAccounts","location":"westus","tags":{},"properties":{"privateEndpointConnections":[],"networkAcls":{"bypass":"Logging","virtualNetworkRules":[{"id":"/subscriptions/00000000-0000-0000-0000-000000000000/resourceGroups/cli_test_storage_service_endpoints000001/providers/Microsoft.Network/virtualNetworks/vnet1/subnets/subnet1","action":"Allow","state":"Succeeded"}],"ipRules":[{"value":"25.2.0.0/24","action":"Allow"}],"defaultAction":"Deny"},"supportsHttpsTrafficOnly":true,"encryption":{"services":{"file":{"keyType":"Account","enabled":true,"lastEnabledTime":"2020-12-07T06:50:24.2079002Z"},"blob":{"keyType":"Account","enabled":true,"lastEnabledTime":"2020-12-07T06:50:24.2079002Z"}},"keySource":"Microsoft.Storage"},"accessTier":"Hot","provisioningState":"Succeeded","creationTime":"2020-12-07T06:50:24.1141687Z","primaryEndpoints":{"dfs":"https://cli000003.dfs.core.windows.net/","web":"https://cli000003.z22.web.core.windows.net/","blob":"https://cli000003.blob.core.windows.net/","queue":"https://cli000003.queue.core.windows.net/","table":"https://cli000003.table.core.windows.net/","file":"https://cli000003.file.core.windows.net/"},"primaryLocation":"westus","statusOfPrimary":"available","secondaryLocation":"eastus","statusOfSecondary":"available","secondaryEndpoints":{"dfs":"https://cli000003-secondary.dfs.core.windows.net/","web":"https://cli000003-secondary.z22.web.core.windows.net/","blob":"https://cli000003-secondary.blob.core.windows.net/","queue":"https://cli000003-secondary.queue.core.windows.net/","table":"https://cli000003-secondary.table.core.windows.net/"}}}'
    headers:
      cache-control:
      - no-cache
      content-length:
      - '2143'
      content-type:
      - application/json
      date:
      - Mon, 07 Dec 2020 06:51:25 GMT
      expires:
      - '-1'
      pragma:
      - no-cache
      server:
      - Microsoft-Azure-Storage-Resource-Provider/1.0,Microsoft-HTTPAPI/2.0 Microsoft-HTTPAPI/2.0
      strict-transport-security:
      - max-age=31536000; includeSubDomains
      transfer-encoding:
      - chunked
      vary:
      - Accept-Encoding
      x-content-type-options:
      - nosniff
      x-ms-ratelimit-remaining-subscription-writes:
      - '1197'
    status:
      code: 200
      message: OK
- request:
    body: null
    headers:
      Accept:
      - application/json
      Accept-Encoding:
      - gzip, deflate
      CommandName:
      - storage account network-rule remove
      Connection:
      - keep-alive
      ParameterSetName:
      - -g --account-name --vnet-name --subnet
      User-Agent:
      - AZURECLI/2.16.0 azsdk-python-azure-mgmt-storage/16.0.0 Python/3.7.9 (Windows-10-10.0.19041-SP0)
    method: GET
    uri: https://management.azure.com/subscriptions/00000000-0000-0000-0000-000000000000/resourceGroups/cli_test_storage_service_endpoints000001/providers/Microsoft.Storage/storageAccounts/cli000003?api-version=2020-08-01-preview
  response:
    body:
      string: '{"sku":{"name":"Standard_RAGRS","tier":"Standard"},"kind":"StorageV2","id":"/subscriptions/00000000-0000-0000-0000-000000000000/resourceGroups/cli_test_storage_service_endpoints000001/providers/Microsoft.Storage/storageAccounts/cli000003","name":"cli000003","type":"Microsoft.Storage/storageAccounts","location":"westus","tags":{},"properties":{"privateEndpointConnections":[],"networkAcls":{"bypass":"Logging","virtualNetworkRules":[{"id":"/subscriptions/00000000-0000-0000-0000-000000000000/resourceGroups/cli_test_storage_service_endpoints000001/providers/Microsoft.Network/virtualNetworks/vnet1/subnets/subnet1","action":"Allow","state":"Succeeded"}],"ipRules":[{"value":"25.2.0.0/24","action":"Allow"}],"defaultAction":"Deny"},"supportsHttpsTrafficOnly":true,"encryption":{"services":{"file":{"keyType":"Account","enabled":true,"lastEnabledTime":"2020-12-07T06:50:24.2079002Z"},"blob":{"keyType":"Account","enabled":true,"lastEnabledTime":"2020-12-07T06:50:24.2079002Z"}},"keySource":"Microsoft.Storage"},"accessTier":"Hot","provisioningState":"Succeeded","creationTime":"2020-12-07T06:50:24.1141687Z","primaryEndpoints":{"dfs":"https://cli000003.dfs.core.windows.net/","web":"https://cli000003.z22.web.core.windows.net/","blob":"https://cli000003.blob.core.windows.net/","queue":"https://cli000003.queue.core.windows.net/","table":"https://cli000003.table.core.windows.net/","file":"https://cli000003.file.core.windows.net/"},"primaryLocation":"westus","statusOfPrimary":"available","secondaryLocation":"eastus","statusOfSecondary":"available","secondaryEndpoints":{"dfs":"https://cli000003-secondary.dfs.core.windows.net/","web":"https://cli000003-secondary.z22.web.core.windows.net/","blob":"https://cli000003-secondary.blob.core.windows.net/","queue":"https://cli000003-secondary.queue.core.windows.net/","table":"https://cli000003-secondary.table.core.windows.net/"}}}'
    headers:
      cache-control:
      - no-cache
      content-length:
      - '2143'
      content-type:
      - application/json
      date:
      - Mon, 07 Dec 2020 06:51:25 GMT
      expires:
      - '-1'
      pragma:
      - no-cache
      server:
      - Microsoft-Azure-Storage-Resource-Provider/1.0,Microsoft-HTTPAPI/2.0 Microsoft-HTTPAPI/2.0
      strict-transport-security:
      - max-age=31536000; includeSubDomains
      transfer-encoding:
      - chunked
      vary:
      - Accept-Encoding
      x-content-type-options:
      - nosniff
    status:
      code: 200
      message: OK
- request:
    body: '{"properties": {"networkAcls": {"bypass": "Logging", "virtualNetworkRules":
      [], "ipRules": [{"value": "25.2.0.0/24", "action": "Allow"}], "defaultAction":
      "Deny"}}}'
    headers:
      Accept:
      - application/json
      Accept-Encoding:
      - gzip, deflate
      CommandName:
      - storage account network-rule remove
      Connection:
      - keep-alive
      Content-Length:
      - '164'
      Content-Type:
      - application/json
      ParameterSetName:
      - -g --account-name --vnet-name --subnet
      User-Agent:
      - AZURECLI/2.16.0 azsdk-python-azure-mgmt-storage/16.0.0 Python/3.7.9 (Windows-10-10.0.19041-SP0)
    method: PATCH
    uri: https://management.azure.com/subscriptions/00000000-0000-0000-0000-000000000000/resourceGroups/cli_test_storage_service_endpoints000001/providers/Microsoft.Storage/storageAccounts/cli000003?api-version=2020-08-01-preview
  response:
    body:
      string: '{"sku":{"name":"Standard_RAGRS","tier":"Standard"},"kind":"StorageV2","id":"/subscriptions/00000000-0000-0000-0000-000000000000/resourceGroups/cli_test_storage_service_endpoints000001/providers/Microsoft.Storage/storageAccounts/cli000003","name":"cli000003","type":"Microsoft.Storage/storageAccounts","location":"westus","tags":{},"properties":{"privateEndpointConnections":[],"networkAcls":{"bypass":"Logging","virtualNetworkRules":[],"ipRules":[{"value":"25.2.0.0/24","action":"Allow"}],"defaultAction":"Deny"},"supportsHttpsTrafficOnly":true,"encryption":{"services":{"file":{"keyType":"Account","enabled":true,"lastEnabledTime":"2020-12-07T06:50:24.2079002Z"},"blob":{"keyType":"Account","enabled":true,"lastEnabledTime":"2020-12-07T06:50:24.2079002Z"}},"keySource":"Microsoft.Storage"},"accessTier":"Hot","provisioningState":"Succeeded","creationTime":"2020-12-07T06:50:24.1141687Z","primaryEndpoints":{"dfs":"https://cli000003.dfs.core.windows.net/","web":"https://cli000003.z22.web.core.windows.net/","blob":"https://cli000003.blob.core.windows.net/","queue":"https://cli000003.queue.core.windows.net/","table":"https://cli000003.table.core.windows.net/","file":"https://cli000003.file.core.windows.net/"},"primaryLocation":"westus","statusOfPrimary":"available","secondaryLocation":"eastus","statusOfSecondary":"available","secondaryEndpoints":{"dfs":"https://cli000003-secondary.dfs.core.windows.net/","web":"https://cli000003-secondary.z22.web.core.windows.net/","blob":"https://cli000003-secondary.blob.core.windows.net/","queue":"https://cli000003-secondary.queue.core.windows.net/","table":"https://cli000003-secondary.table.core.windows.net/"}}}'
    headers:
      cache-control:
      - no-cache
      content-length:
      - '1889'
      content-type:
      - application/json
      date:
      - Mon, 07 Dec 2020 06:51:26 GMT
      expires:
      - '-1'
      pragma:
      - no-cache
      server:
      - Microsoft-Azure-Storage-Resource-Provider/1.0,Microsoft-HTTPAPI/2.0 Microsoft-HTTPAPI/2.0
      strict-transport-security:
      - max-age=31536000; includeSubDomains
      transfer-encoding:
      - chunked
      vary:
      - Accept-Encoding
      x-content-type-options:
      - nosniff
      x-ms-ratelimit-remaining-subscription-writes:
      - '1197'
    status:
      code: 200
      message: OK
- request:
    body: null
    headers:
      Accept:
      - application/json
      Accept-Encoding:
      - gzip, deflate
      CommandName:
      - storage account network-rule list
      Connection:
      - keep-alive
      ParameterSetName:
      - -g --account-name
      User-Agent:
      - AZURECLI/2.16.0 azsdk-python-azure-mgmt-storage/16.0.0 Python/3.7.9 (Windows-10-10.0.19041-SP0)
    method: GET
    uri: https://management.azure.com/subscriptions/00000000-0000-0000-0000-000000000000/resourceGroups/cli_test_storage_service_endpoints000001/providers/Microsoft.Storage/storageAccounts/cli000003?api-version=2020-08-01-preview
  response:
    body:
      string: '{"sku":{"name":"Standard_RAGRS","tier":"Standard"},"kind":"StorageV2","id":"/subscriptions/00000000-0000-0000-0000-000000000000/resourceGroups/cli_test_storage_service_endpoints000001/providers/Microsoft.Storage/storageAccounts/cli000003","name":"cli000003","type":"Microsoft.Storage/storageAccounts","location":"westus","tags":{},"properties":{"privateEndpointConnections":[],"networkAcls":{"bypass":"Logging","virtualNetworkRules":[],"ipRules":[{"value":"25.2.0.0/24","action":"Allow"}],"defaultAction":"Deny"},"supportsHttpsTrafficOnly":true,"encryption":{"services":{"file":{"keyType":"Account","enabled":true,"lastEnabledTime":"2020-12-07T06:50:24.2079002Z"},"blob":{"keyType":"Account","enabled":true,"lastEnabledTime":"2020-12-07T06:50:24.2079002Z"}},"keySource":"Microsoft.Storage"},"accessTier":"Hot","provisioningState":"Succeeded","creationTime":"2020-12-07T06:50:24.1141687Z","primaryEndpoints":{"dfs":"https://cli000003.dfs.core.windows.net/","web":"https://cli000003.z22.web.core.windows.net/","blob":"https://cli000003.blob.core.windows.net/","queue":"https://cli000003.queue.core.windows.net/","table":"https://cli000003.table.core.windows.net/","file":"https://cli000003.file.core.windows.net/"},"primaryLocation":"westus","statusOfPrimary":"available","secondaryLocation":"eastus","statusOfSecondary":"available","secondaryEndpoints":{"dfs":"https://cli000003-secondary.dfs.core.windows.net/","web":"https://cli000003-secondary.z22.web.core.windows.net/","blob":"https://cli000003-secondary.blob.core.windows.net/","queue":"https://cli000003-secondary.queue.core.windows.net/","table":"https://cli000003-secondary.table.core.windows.net/"}}}'
    headers:
      cache-control:
      - no-cache
      content-length:
      - '1889'
      content-type:
      - application/json
      date:
      - Mon, 07 Dec 2020 06:51:28 GMT
      expires:
      - '-1'
      pragma:
      - no-cache
      server:
      - Microsoft-Azure-Storage-Resource-Provider/1.0,Microsoft-HTTPAPI/2.0 Microsoft-HTTPAPI/2.0
      strict-transport-security:
      - max-age=31536000; includeSubDomains
      transfer-encoding:
      - chunked
      vary:
      - Accept-Encoding
      x-content-type-options:
      - nosniff
    status:
      code: 200
      message: OK
version: 1
