interactions:
- request:
    body: '{"sku": {"name": "Standard_RAGRS"}, "kind": "StorageV2", "location": "eastus2euap",
      "properties": {"encryption": {"services": {"blob": {}}, "keySource": "Microsoft.Storage"},
      "isHnsEnabled": true, "dnsEndpointType": "Standard"}}'
    headers:
      Accept:
      - application/json
      Accept-Encoding:
      - gzip, deflate
      CommandName:
      - storage account create
      Connection:
      - keep-alive
      Content-Length:
      - '228'
      Content-Type:
      - application/json
      ParameterSetName:
      - -n -g -l --hns --dns-endpoint-type
      User-Agent:
      - AZURECLI/2.46.0 azsdk-python-azure-mgmt-storage/20.0.0 Python/3.10.10 (Linux-5.15.0-1034-azure-x86_64-with-glibc2.31)
        VSTS_7b238909-6802-4b65-b90d-184bca47f458_build_261_0
    method: PUT
    uri: https://management.azure.com/subscriptions/00000000-0000-0000-0000-000000000000/resourceGroups/cli_test_storage_account_dns_et000001/providers/Microsoft.Storage/storageAccounts/cli000002?api-version=2021-09-01
  response:
    body:
      string: ''
    headers:
      cache-control:
      - no-cache
      content-length:
      - '0'
      content-type:
      - text/plain; charset=utf-8
      date:
      - Thu, 16 Mar 2023 11:29:25 GMT
      expires:
      - '-1'
      location:
      - https://management.azure.com/subscriptions/00000000-0000-0000-0000-000000000000/providers/Microsoft.Storage/locations/eastus2euap/asyncoperations/4cc4155a-6811-4648-a784-bf983182a255?monitor=true&api-version=2021-09-01
      pragma:
      - no-cache
      server:
      - Microsoft-Azure-Storage-Resource-Provider/1.0,Microsoft-HTTPAPI/2.0 Microsoft-HTTPAPI/2.0
      strict-transport-security:
      - max-age=31536000; includeSubDomains
      x-content-type-options:
      - nosniff
      x-ms-ratelimit-remaining-subscription-writes:
      - '1198'
    status:
      code: 202
      message: Accepted
- request:
    body: null
    headers:
      Accept:
      - '*/*'
      Accept-Encoding:
      - gzip, deflate
      CommandName:
      - storage account create
      Connection:
      - keep-alive
      ParameterSetName:
      - -n -g -l --hns --dns-endpoint-type
      User-Agent:
      - AZURECLI/2.46.0 azsdk-python-azure-mgmt-storage/20.0.0 Python/3.10.10 (Linux-5.15.0-1034-azure-x86_64-with-glibc2.31)
        VSTS_7b238909-6802-4b65-b90d-184bca47f458_build_261_0
    method: GET
    uri: https://management.azure.com/subscriptions/00000000-0000-0000-0000-000000000000/providers/Microsoft.Storage/locations/eastus2euap/asyncoperations/4cc4155a-6811-4648-a784-bf983182a255?monitor=true&api-version=2021-09-01
  response:
    body:
      string: ''
    headers:
      cache-control:
      - no-cache
      content-length:
      - '0'
      content-type:
      - text/plain; charset=utf-8
      date:
      - Thu, 16 Mar 2023 11:29:42 GMT
      expires:
      - '-1'
      location:
      - https://management.azure.com/subscriptions/00000000-0000-0000-0000-000000000000/providers/Microsoft.Storage/locations/eastus2euap/asyncoperations/4cc4155a-6811-4648-a784-bf983182a255?monitor=true&api-version=2021-09-01
      pragma:
      - no-cache
      server:
      - Microsoft-Azure-Storage-Resource-Provider/1.0,Microsoft-HTTPAPI/2.0 Microsoft-HTTPAPI/2.0
      strict-transport-security:
      - max-age=31536000; includeSubDomains
      x-content-type-options:
      - nosniff
    status:
      code: 202
      message: Accepted
- request:
    body: null
    headers:
      Accept:
      - '*/*'
      Accept-Encoding:
      - gzip, deflate
      CommandName:
      - storage account create
      Connection:
      - keep-alive
      ParameterSetName:
      - -n -g -l --hns --dns-endpoint-type
      User-Agent:
      - AZURECLI/2.46.0 azsdk-python-azure-mgmt-storage/20.0.0 Python/3.10.10 (Linux-5.15.0-1034-azure-x86_64-with-glibc2.31)
        VSTS_7b238909-6802-4b65-b90d-184bca47f458_build_261_0
    method: GET
    uri: https://management.azure.com/subscriptions/00000000-0000-0000-0000-000000000000/providers/Microsoft.Storage/locations/eastus2euap/asyncoperations/4cc4155a-6811-4648-a784-bf983182a255?monitor=true&api-version=2021-09-01
  response:
    body:
      string: '{"sku":{"name":"Standard_RAGRS","tier":"Standard"},"kind":"StorageV2","id":"/subscriptions/00000000-0000-0000-0000-000000000000/resourceGroups/cli_test_storage_account_dns_et000001/providers/Microsoft.Storage/storageAccounts/cli000002","name":"cli000002","type":"Microsoft.Storage/storageAccounts","location":"eastus2euap","tags":{},"properties":{"dnsEndpointType":"Standard","keyCreationTime":{"key1":"2023-03-16T11:29:23.3345608Z","key2":"2023-03-16T11:29:23.3345608Z"},"privateEndpointConnections":[],"minimumTlsVersion":"TLS1_0","allowBlobPublicAccess":true,"isHnsEnabled":true,"networkAcls":{"bypass":"AzureServices","virtualNetworkRules":[],"ipRules":[],"defaultAction":"Allow"},"supportsHttpsTrafficOnly":true,"encryption":{"services":{"file":{"keyType":"Account","enabled":true,"lastEnabledTime":"2023-03-16T11:29:23.8814307Z"},"blob":{"keyType":"Account","enabled":true,"lastEnabledTime":"2023-03-16T11:29:23.8814307Z"}},"keySource":"Microsoft.Storage"},"accessTier":"Hot","provisioningState":"Succeeded","creationTime":"2023-03-16T11:29:23.1783328Z","primaryEndpoints":{"dfs":"https://cli000002.dfs.core.windows.net/","web":"https://cli000002.z3.web.core.windows.net/","blob":"https://cli000002.blob.core.windows.net/","queue":"https://cli000002.queue.core.windows.net/","table":"https://cli000002.table.core.windows.net/","file":"https://cli000002.file.core.windows.net/"},"primaryLocation":"eastus2euap","statusOfPrimary":"available","secondaryLocation":"centraluseuap","statusOfSecondary":"available","secondaryEndpoints":{"dfs":"https://cli000002-secondary.dfs.core.windows.net/","web":"https://cli000002-secondary.z3.web.core.windows.net/","blob":"https://cli000002-secondary.blob.core.windows.net/","queue":"https://cli000002-secondary.queue.core.windows.net/","table":"https://cli000002-secondary.table.core.windows.net/"}}}'
    headers:
      cache-control:
      - no-cache
      content-length:
      - '1841'
      content-type:
      - application/json
      date:
      - Thu, 16 Mar 2023 11:29:45 GMT
      expires:
      - '-1'
      pragma:
      - no-cache
      server:
      - Microsoft-Azure-Storage-Resource-Provider/1.0,Microsoft-HTTPAPI/2.0 Microsoft-HTTPAPI/2.0
      strict-transport-security:
      - max-age=31536000; includeSubDomains
      transfer-encoding:
      - chunked
      vary:
      - Accept-Encoding
      x-content-type-options:
      - nosniff
    status:
      code: 200
      message: OK
- request:
    body: '{"sku": {"name": "Standard_RAGRS"}, "kind": "StorageV2", "location": "eastus2euap",
      "properties": {"encryption": {"services": {"blob": {}}, "keySource": "Microsoft.Storage"},
      "isHnsEnabled": true, "dnsEndpointType": "AzureDnsZone"}}'
    headers:
      Accept:
      - application/json
      Accept-Encoding:
      - gzip, deflate
      CommandName:
      - storage account create
      Connection:
      - keep-alive
      Content-Length:
      - '232'
      Content-Type:
      - application/json
      ParameterSetName:
      - -n -g -l --hns --dns-endpoint-type
      User-Agent:
      - AZURECLI/2.46.0 azsdk-python-azure-mgmt-storage/20.0.0 Python/3.10.10 (Linux-5.15.0-1034-azure-x86_64-with-glibc2.31)
        VSTS_7b238909-6802-4b65-b90d-184bca47f458_build_261_0
    method: PUT
    uri: https://management.azure.com/subscriptions/00000000-0000-0000-0000-000000000000/resourceGroups/cli_test_storage_account_dns_et000001/providers/Microsoft.Storage/storageAccounts/cli000003?api-version=2021-09-01
  response:
    body:
      string: ''
    headers:
      cache-control:
      - no-cache
      content-length:
      - '0'
      content-type:
      - text/plain; charset=utf-8
      date:
      - Thu, 16 Mar 2023 11:29:49 GMT
      expires:
      - '-1'
      location:
      - https://management.azure.com/subscriptions/00000000-0000-0000-0000-000000000000/providers/Microsoft.Storage/locations/eastus2euap/asyncoperations/1e9c593d-6242-4593-a59b-230570ee9178?monitor=true&api-version=2021-09-01
      pragma:
      - no-cache
      server:
      - Microsoft-Azure-Storage-Resource-Provider/1.0,Microsoft-HTTPAPI/2.0 Microsoft-HTTPAPI/2.0
      strict-transport-security:
      - max-age=31536000; includeSubDomains
      x-content-type-options:
      - nosniff
      x-ms-ratelimit-remaining-subscription-writes:
      - '1198'
    status:
      code: 202
      message: Accepted
- request:
    body: null
    headers:
      Accept:
      - '*/*'
      Accept-Encoding:
      - gzip, deflate
      CommandName:
      - storage account create
      Connection:
      - keep-alive
      ParameterSetName:
      - -n -g -l --hns --dns-endpoint-type
      User-Agent:
      - AZURECLI/2.46.0 azsdk-python-azure-mgmt-storage/20.0.0 Python/3.10.10 (Linux-5.15.0-1034-azure-x86_64-with-glibc2.31)
        VSTS_7b238909-6802-4b65-b90d-184bca47f458_build_261_0
    method: GET
    uri: https://management.azure.com/subscriptions/00000000-0000-0000-0000-000000000000/providers/Microsoft.Storage/locations/eastus2euap/asyncoperations/1e9c593d-6242-4593-a59b-230570ee9178?monitor=true&api-version=2021-09-01
  response:
    body:
      string: ''
    headers:
      cache-control:
      - no-cache
      content-length:
      - '0'
      content-type:
      - text/plain; charset=utf-8
      date:
      - Thu, 16 Mar 2023 11:30:06 GMT
      expires:
      - '-1'
      location:
      - https://management.azure.com/subscriptions/00000000-0000-0000-0000-000000000000/providers/Microsoft.Storage/locations/eastus2euap/asyncoperations/1e9c593d-6242-4593-a59b-230570ee9178?monitor=true&api-version=2021-09-01
      pragma:
      - no-cache
      server:
      - Microsoft-Azure-Storage-Resource-Provider/1.0,Microsoft-HTTPAPI/2.0 Microsoft-HTTPAPI/2.0
      strict-transport-security:
      - max-age=31536000; includeSubDomains
      x-content-type-options:
      - nosniff
    status:
      code: 202
      message: Accepted
- request:
    body: null
    headers:
      Accept:
      - '*/*'
      Accept-Encoding:
      - gzip, deflate
      CommandName:
      - storage account create
      Connection:
      - keep-alive
      ParameterSetName:
      - -n -g -l --hns --dns-endpoint-type
      User-Agent:
      - AZURECLI/2.46.0 azsdk-python-azure-mgmt-storage/20.0.0 Python/3.10.10 (Linux-5.15.0-1034-azure-x86_64-with-glibc2.31)
        VSTS_7b238909-6802-4b65-b90d-184bca47f458_build_261_0
    method: GET
    uri: https://management.azure.com/subscriptions/00000000-0000-0000-0000-000000000000/providers/Microsoft.Storage/locations/eastus2euap/asyncoperations/1e9c593d-6242-4593-a59b-230570ee9178?monitor=true&api-version=2021-09-01
  response:
    body:
      string: '{"sku":{"name":"Standard_RAGRS","tier":"Standard"},"kind":"StorageV2","id":"/subscriptions/00000000-0000-0000-0000-000000000000/resourceGroups/cli_test_storage_account_dns_et000001/providers/Microsoft.Storage/storageAccounts/cli000003","name":"cli000003","type":"Microsoft.Storage/storageAccounts","location":"eastus2euap","tags":{},"properties":{"dnsEndpointType":"AzureDnsZone","keyCreationTime":{"key1":"2023-03-16T11:29:48.5065959Z","key2":"2023-03-16T11:29:48.5065959Z"},"privateEndpointConnections":[],"minimumTlsVersion":"TLS1_0","allowBlobPublicAccess":true,"isHnsEnabled":true,"networkAcls":{"bypass":"AzureServices","virtualNetworkRules":[],"ipRules":[],"defaultAction":"Allow"},"supportsHttpsTrafficOnly":true,"encryption":{"services":{"file":{"keyType":"Account","enabled":true,"lastEnabledTime":"2023-03-16T11:29:48.5222192Z"},"blob":{"keyType":"Account","enabled":true,"lastEnabledTime":"2023-03-16T11:29:48.5222192Z"}},"keySource":"Microsoft.Storage"},"accessTier":"Hot","provisioningState":"Succeeded","creationTime":"2023-03-16T11:29:48.3503450Z","primaryEndpoints":{"dfs":"https://cli000003.z30.dfs.storage.azure.net/","web":"https://cli000003.z30.web.storage.azure.net/","blob":"https://cli000003.z30.blob.storage.azure.net/","queue":"https://cli000003.z30.queue.storage.azure.net/","table":"https://cli000003.z30.table.storage.azure.net/","file":"https://cli000003.z30.file.storage.azure.net/"},"primaryLocation":"eastus2euap","statusOfPrimary":"available","secondaryLocation":"centraluseuap","statusOfSecondary":"available","secondaryEndpoints":{"dfs":"https://cli000003-secondary.z30.dfs.storage.azure.net/","web":"https://cli000003-secondary.z30.web.storage.azure.net/","blob":"https://cli000003-secondary.z30.blob.storage.azure.net/","queue":"https://cli000003-secondary.z30.queue.storage.azure.net/","table":"https://cli000003-secondary.z30.table.storage.azure.net/"}}}'
    headers:
      cache-control:
      - no-cache
      content-length:
      - '1894'
      content-type:
      - application/json
      date:
      - Thu, 16 Mar 2023 11:30:09 GMT
      expires:
      - '-1'
      pragma:
      - no-cache
      server:
      - Microsoft-Azure-Storage-Resource-Provider/1.0,Microsoft-HTTPAPI/2.0 Microsoft-HTTPAPI/2.0
      strict-transport-security:
      - max-age=31536000; includeSubDomains
      transfer-encoding:
      - chunked
      vary:
      - Accept-Encoding
      x-content-type-options:
      - nosniff
    status:
      code: 200
      message: OK
version: 1
