interactions:
- request:
    body: '{"location": "westus", "tags": {"product": "azurecli", "cause": "automation",
      "date": "2018-08-14T17:59:16Z"}}'
    headers:
      Accept: [application/json]
      Accept-Encoding: ['gzip, deflate']
      CommandName: [group create]
      Connection: [keep-alive]
      Content-Length: ['110']
      Content-Type: [application/json; charset=utf-8]
      User-Agent: [python/3.7.0 (Windows-10-10.0.17134-SP0) requests/2.19.1 msrest/0.5.4
          msrest_azure/0.4.34 resourcemanagementclient/2.0.0 Azure-SDK-For-Python
          AZURECLI/2.0.45]
      accept-language: [en-US]
    method: PUT
    uri: https://management.azure.com/subscriptions/00000000-0000-0000-0000-000000000000/resourcegroups/clitest.rg000001?api-version=2018-05-01
  response:
    body: {string: '{"id":"/subscriptions/00000000-0000-0000-0000-000000000000/resourceGroups/clitest.rg000001","name":"clitest.rg000001","location":"westus","tags":{"product":"azurecli","cause":"automation","date":"2018-08-14T17:59:16Z"},"properties":{"provisioningState":"Succeeded"}}'}
    headers:
      cache-control: [no-cache]
      content-length: ['384']
      content-type: [application/json; charset=utf-8]
      date: ['Tue, 14 Aug 2018 17:59:18 GMT']
      expires: ['-1']
      pragma: [no-cache]
      strict-transport-security: [max-age=31536000; includeSubDomains]
      x-content-type-options: [nosniff]
      x-ms-ratelimit-remaining-subscription-writes: ['1196']
    status: {code: 201, message: Created}
- request:
    body: '{"sku": {"name": "Standard_RAGRS"}, "kind": "Storage", "location": "westus",
      "properties": {"supportsHttpsTrafficOnly": false, "isHnsEnabled": false}}'
    headers:
      Accept: [application/json]
      Accept-Encoding: ['gzip, deflate']
      CommandName: [storage account create]
      Connection: [keep-alive]
      Content-Length: ['150']
      Content-Type: [application/json; charset=utf-8]
      User-Agent: [python/3.7.0 (Windows-10-10.0.17134-SP0) requests/2.19.1 msrest/0.5.4
          msrest_azure/0.4.34 azure-mgmt-storage/2.0.0rc3 Azure-SDK-For-Python AZURECLI/2.0.45]
      accept-language: [en-US]
    method: PUT
    uri: https://management.azure.com/subscriptions/00000000-0000-0000-0000-000000000000/resourceGroups/clitest.rg000001/providers/Microsoft.Storage/storageAccounts/clitest000002?api-version=2018-03-01-preview
  response:
    body: {string: ''}
    headers:
      cache-control: [no-cache]
      content-length: ['0']
      content-type: [text/plain; charset=utf-8]
      date: ['Tue, 14 Aug 2018 17:59:19 GMT']
      expires: ['-1']
      location: ['https://management.azure.com/subscriptions/00000000-0000-0000-0000-000000000000/providers/Microsoft.Storage/locations/westus/asyncoperations/c22d3325-7bf7-4626-aa4f-8f2005cf33e6?monitor=true&api-version=2018-03-01-preview']
      pragma: [no-cache]
      server: ['Microsoft-Azure-Storage-Resource-Provider/1.0,Microsoft-HTTPAPI/2.0
          Microsoft-HTTPAPI/2.0']
      strict-transport-security: [max-age=31536000; includeSubDomains]
      x-content-type-options: [nosniff]
      x-ms-ratelimit-remaining-subscription-writes: ['1197']
    status: {code: 202, message: Accepted}
- request:
    body: null
    headers:
      Accept: [application/json]
      Accept-Encoding: ['gzip, deflate']
      CommandName: [storage account create]
      Connection: [keep-alive]
      User-Agent: [python/3.7.0 (Windows-10-10.0.17134-SP0) requests/2.19.1 msrest/0.5.4
          msrest_azure/0.4.34 azure-mgmt-storage/2.0.0rc3 Azure-SDK-For-Python AZURECLI/2.0.45]
    method: GET
    uri: https://management.azure.com/subscriptions/00000000-0000-0000-0000-000000000000/providers/Microsoft.Storage/locations/westus/asyncoperations/c22d3325-7bf7-4626-aa4f-8f2005cf33e6?monitor=true&api-version=2018-03-01-preview
  response:
    body: {string: '{"sku":{"name":"Standard_RAGRS","tier":"Standard"},"kind":"Storage","id":"/subscriptions/00000000-0000-0000-0000-000000000000/resourceGroups/clitest.rg000001/providers/Microsoft.Storage/storageAccounts/clitest000002","name":"clitest000002","type":"Microsoft.Storage/storageAccounts","location":"westus","tags":{},"properties":{"isHnsEnabled":false,"networkAcls":{"bypass":"AzureServices","virtualNetworkRules":[],"ipRules":[],"defaultAction":"Allow"},"trustedDirectories":["72f988bf-86f1-41af-91ab-2d7cd011db47"],"supportsHttpsTrafficOnly":false,"encryption":{"services":{"file":{"enabled":true,"lastEnabledTime":"2018-08-14T17:59:19.9044764Z"},"blob":{"enabled":true,"lastEnabledTime":"2018-08-14T17:59:19.9044764Z"}},"keySource":"Microsoft.Storage"},"provisioningState":"Succeeded","creationTime":"2018-08-14T17:59:19.8107196Z","primaryEndpoints":{"blob":"https://clitest000002.blob.core.windows.net/","queue":"https://clitest000002.queue.core.windows.net/","table":"https://clitest000002.table.core.windows.net/","file":"https://clitest000002.file.core.windows.net/"},"primaryLocation":"westus","statusOfPrimary":"available","secondaryLocation":"eastus","statusOfSecondary":"available","secondaryEndpoints":{"blob":"https://clitest000002-secondary.blob.core.windows.net/","queue":"https://clitest000002-secondary.queue.core.windows.net/","table":"https://clitest000002-secondary.table.core.windows.net/"}}}'}
    headers:
      cache-control: [no-cache]
      content-length: ['1567']
      content-type: [application/json]
      date: ['Tue, 14 Aug 2018 17:59:36 GMT']
      expires: ['-1']
      pragma: [no-cache]
      server: ['Microsoft-Azure-Storage-Resource-Provider/1.0,Microsoft-HTTPAPI/2.0
          Microsoft-HTTPAPI/2.0']
      strict-transport-security: [max-age=31536000; includeSubDomains]
      transfer-encoding: [chunked]
      vary: [Accept-Encoding]
      x-content-type-options: [nosniff]
    status: {code: 200, message: OK}
- request:
    body: null
    headers:
      Accept: [application/json]
      Accept-Encoding: ['gzip, deflate']
      CommandName: [storage account keys list]
      Connection: [keep-alive]
      Content-Length: ['0']
      Content-Type: [application/json; charset=utf-8]
      User-Agent: [python/3.7.0 (Windows-10-10.0.17134-SP0) requests/2.19.1 msrest/0.5.4
          msrest_azure/0.4.34 azure-mgmt-storage/2.0.0rc3 Azure-SDK-For-Python AZURECLI/2.0.45]
      accept-language: [en-US]
    method: POST
    uri: https://management.azure.com/subscriptions/00000000-0000-0000-0000-000000000000/resourceGroups/clitest.rg000001/providers/Microsoft.Storage/storageAccounts/clitest000002/listKeys?api-version=2018-03-01-preview
  response:
    body: {string: '{"keys":[{"keyName":"key1","value":"Urg7GJPvUTnuaIhWOTF+c93UQ7zIkgDrpobr/L4LdPuLhvUqMFQGFEkPAAyTPfCYadM5o/TCc+gLkxFIP2X13g==","permissions":"FULL"},{"keyName":"key2","value":"CzJZvGK8mk9QwGmELOPFAt4nlJ2Hs6fgrEUoD9Vdkp7tje9bgkx/zac7VgMYapOlkDuovRyXOiZOvtyMHRdfrg==","permissions":"FULL"}]}'}
    headers:
      cache-control: [no-cache]
      content-length: ['288']
      content-type: [application/json]
      date: ['Tue, 14 Aug 2018 17:59:38 GMT']
      expires: ['-1']
      pragma: [no-cache]
      server: ['Microsoft-Azure-Storage-Resource-Provider/1.0,Microsoft-HTTPAPI/2.0
          Microsoft-HTTPAPI/2.0']
      strict-transport-security: [max-age=31536000; includeSubDomains]
      transfer-encoding: [chunked]
      vary: [Accept-Encoding]
      x-content-type-options: [nosniff]
      x-ms-ratelimit-remaining-subscription-writes: ['1195']
    status: {code: 200, message: OK}
- request:
    body: null
    headers:
      Accept: [application/json]
      Accept-Encoding: ['gzip, deflate']
      CommandName: [storage account keys list]
      Connection: [keep-alive]
      Content-Length: ['0']
      Content-Type: [application/json; charset=utf-8]
      User-Agent: [python/3.7.0 (Windows-10-10.0.17134-SP0) requests/2.19.1 msrest/0.5.4
          msrest_azure/0.4.34 azure-mgmt-storage/2.0.0rc3 Azure-SDK-For-Python AZURECLI/2.0.45]
      accept-language: [en-US]
    method: POST
    uri: https://management.azure.com/subscriptions/00000000-0000-0000-0000-000000000000/resourceGroups/clitest.rg000001/providers/Microsoft.Storage/storageAccounts/clitest000002/listKeys?api-version=2018-03-01-preview
  response:
    body: {string: '{"keys":[{"keyName":"key1","value":"Urg7GJPvUTnuaIhWOTF+c93UQ7zIkgDrpobr/L4LdPuLhvUqMFQGFEkPAAyTPfCYadM5o/TCc+gLkxFIP2X13g==","permissions":"FULL"},{"keyName":"key2","value":"CzJZvGK8mk9QwGmELOPFAt4nlJ2Hs6fgrEUoD9Vdkp7tje9bgkx/zac7VgMYapOlkDuovRyXOiZOvtyMHRdfrg==","permissions":"FULL"}]}'}
    headers:
      cache-control: [no-cache]
      content-length: ['288']
      content-type: [application/json]
      date: ['Tue, 14 Aug 2018 17:59:39 GMT']
      expires: ['-1']
      pragma: [no-cache]
      server: ['Microsoft-Azure-Storage-Resource-Provider/1.0,Microsoft-HTTPAPI/2.0
          Microsoft-HTTPAPI/2.0']
      strict-transport-security: [max-age=31536000; includeSubDomains]
      transfer-encoding: [chunked]
      vary: [Accept-Encoding]
      x-content-type-options: [nosniff]
      x-ms-ratelimit-remaining-subscription-writes: ['1196']
    status: {code: 200, message: OK}
- request:
    body: 'b''{"TableName": "table000003"}'''
    headers:
      Accept: [application/json;odata=minimalmetadata]
      Connection: [keep-alive]
      Content-Length: ['41']
      Content-Type: [application/json]
      DataServiceVersion: [3.0;NetFx]
      MaxDataServiceVersion: ['3.0']
      Prefer: [return-no-content]
      User-Agent: [Azure-CosmosDB/0.37.1 (Python CPython 3.7.0; Windows 10) AZURECLI/2.0.45]
      x-ms-date: ['Tue, 14 Aug 2018 17:59:39 GMT']
      x-ms-version: ['2017-04-17']
    method: POST
    uri: https://clitest000002.table.core.windows.net/Tables
  response:
    body: {string: ''}
    headers:
      cache-control: [no-cache]
      content-length: ['0']
      dataserviceid: ['https://clitestrnjd24bvk5q6hf3j6.table.core.windows.net/Tables(''tablequwdg4e4yrzrzrqe6r6'')']
      date: ['Tue, 14 Aug 2018 17:59:39 GMT']
      location: ['https://clitest000002.table.core.windows.net/Tables(''table000003'')']
      preference-applied: [return-no-content]
      server: [Windows-Azure-Table/1.0 Microsoft-HTTPAPI/2.0]
      x-content-type-options: [nosniff]
      x-ms-version: ['2017-04-17']
    status: {code: 204, message: No Content}
- request:
    body: null
    headers:
      Accept: [application/json;odata=nometadata]
      Connection: [keep-alive]
      DataServiceVersion: [3.0;NetFx]
      MaxDataServiceVersion: ['3.0']
      User-Agent: [Azure-CosmosDB/0.37.1 (Python CPython 3.7.0; Windows 10) AZURECLI/2.0.45]
      x-ms-date: ['Tue, 14 Aug 2018 17:59:40 GMT']
      x-ms-version: ['2017-04-17']
    method: GET
    uri: https://clitest000002.table.core.windows.net/Tables('table000003')
  response:
    body: {string: '{"TableName":"table000003"}'}
    headers:
      cache-control: [no-cache]
      content-type: [application/json;odata=nometadata;streaming=true;charset=utf-8]
      date: ['Tue, 14 Aug 2018 17:59:39 GMT']
      server: [Windows-Azure-Table/1.0 Microsoft-HTTPAPI/2.0]
      transfer-encoding: [chunked]
      x-content-type-options: [nosniff]
      x-ms-version: ['2017-04-17']
    status: {code: 200, message: OK}
- request:
    body: null
    headers:
      Accept: [application/json;odata=nometadata]
      Connection: [keep-alive]
      DataServiceVersion: [3.0;NetFx]
      MaxDataServiceVersion: ['3.0']
      User-Agent: [Azure-CosmosDB/0.37.1 (Python CPython 3.7.0; Windows 10) AZURECLI/2.0.45]
      x-ms-date: ['Tue, 14 Aug 2018 17:59:40 GMT']
      x-ms-version: ['2017-04-17']
    method: GET
    uri: https://clitest000002.table.core.windows.net/Tables
  response:
    body: {string: '{"value":[{"TableName":"table000003"}]}'}
    headers:
      cache-control: [no-cache]
      content-type: [application/json;odata=nometadata;streaming=true;charset=utf-8]
      date: ['Tue, 14 Aug 2018 17:59:40 GMT']
      server: [Windows-Azure-Table/1.0 Microsoft-HTTPAPI/2.0]
      transfer-encoding: [chunked]
      x-content-type-options: [nosniff]
      x-ms-version: ['2017-04-17']
    status: {code: 200, message: OK}
- request:
    body: '{"name": "test", "value": "something", "PartitionKey": "001", "RowKey":
      "001"}'
    headers:
      Accept: [application/json;odata=minimalmetadata]
      Connection: [keep-alive]
      Content-Length: ['78']
      Content-Type: [application/json]
      DataServiceVersion: [3.0;NetFx]
      MaxDataServiceVersion: ['3.0']
      Prefer: [return-no-content]
      User-Agent: [Azure-CosmosDB/0.37.1 (Python CPython 3.7.0; Windows 10) AZURECLI/2.0.45]
      x-ms-date: ['Tue, 14 Aug 2018 17:59:41 GMT']
      x-ms-version: ['2017-04-17']
    method: POST
    uri: https://clitest000002.table.core.windows.net/table000003
  response:
    body: {string: ''}
    headers:
      cache-control: [no-cache]
      content-length: ['0']
      dataserviceid: ['https://clitestrnjd24bvk5q6hf3j6.table.core.windows.net/tablequwdg4e4yrzrzrqe6r6(PartitionKey=''001'',RowKey=''001'')']
      date: ['Tue, 14 Aug 2018 17:59:41 GMT']
      etag: [W/"datetime'2018-08-14T17%3A59%3A41.209113Z'"]
      location: ['https://clitest000002.table.core.windows.net/table000003(PartitionKey=''001'',RowKey=''001'')']
      preference-applied: [return-no-content]
      server: [Windows-Azure-Table/1.0 Microsoft-HTTPAPI/2.0]
      x-content-type-options: [nosniff]
      x-ms-version: ['2017-04-17']
    status: {code: 204, message: No Content}
- request:
    body: null
    headers:
      Accept: [application/json;odata=minimalmetadata]
      Connection: [keep-alive]
      DataServiceVersion: [3.0;NetFx]
      MaxDataServiceVersion: ['3.0']
      User-Agent: [Azure-CosmosDB/0.37.1 (Python CPython 3.7.0; Windows 10) AZURECLI/2.0.45]
      x-ms-date: ['Tue, 14 Aug 2018 17:59:41 GMT']
      x-ms-version: ['2017-04-17']
    method: GET
    uri: https://clitest000002.table.core.windows.net/table000003(PartitionKey='001',RowKey='001')
  response:
    body: {string: '{"odata.metadata":"https://clitest000002.table.core.windows.net/$metadata#table000003/@Element","odata.etag":"W/\"datetime''2018-08-14T17%3A59%3A41.209113Z''\"","PartitionKey":"001","RowKey":"001","Timestamp":"2018-08-14T17:59:41.209113Z","name":"test","value":"something"}'}
    headers:
      cache-control: [no-cache]
      content-type: [application/json;odata=minimalmetadata;streaming=true;charset=utf-8]
      date: ['Tue, 14 Aug 2018 17:59:41 GMT']
      etag: [W/"datetime'2018-08-14T17%3A59%3A41.209113Z'"]
      server: [Windows-Azure-Table/1.0 Microsoft-HTTPAPI/2.0]
      transfer-encoding: [chunked]
      x-content-type-options: [nosniff]
      x-ms-version: ['2017-04-17']
    status: {code: 200, message: OK}
- request:
    body: null
    headers:
      Accept: [application/json;odata=minimalmetadata]
      Connection: [keep-alive]
      DataServiceVersion: [3.0;NetFx]
      MaxDataServiceVersion: ['3.0']
      User-Agent: [Azure-CosmosDB/0.37.1 (Python CPython 3.7.0; Windows 10) AZURECLI/2.0.45]
      x-ms-date: ['Tue, 14 Aug 2018 17:59:41 GMT']
      x-ms-version: ['2017-04-17']
    method: GET
    uri: https://clitest000002.table.core.windows.net/table000003(PartitionKey='001',RowKey='001')?%24select=name
  response:
    body: {string: '{"odata.metadata":"https://clitest000002.table.core.windows.net/$metadata#table000003/@Element&$select=name","odata.etag":"W/\"datetime''2018-08-14T17%3A59%3A41.209113Z''\"","name":"test"}'}
    headers:
      cache-control: [no-cache]
      content-type: [application/json;odata=minimalmetadata;streaming=true;charset=utf-8]
      date: ['Tue, 14 Aug 2018 17:59:41 GMT']
      etag: [W/"datetime'2018-08-14T17%3A59%3A41.209113Z'"]
      server: [Windows-Azure-Table/1.0 Microsoft-HTTPAPI/2.0]
      transfer-encoding: [chunked]
      x-content-type-options: [nosniff]
      x-ms-version: ['2017-04-17']
    status: {code: 200, message: OK}
- request:
    body: '{"name": "test", "value": "newval", "PartitionKey": "001", "RowKey": "001"}'
    headers:
      Accept: [application/json;odata=minimalmetadata]
      Connection: [keep-alive]
      Content-Length: ['75']
      Content-Type: [application/json]
      DataServiceVersion: [3.0;NetFx]
      If-Match: ['*']
      MaxDataServiceVersion: ['3.0']
      User-Agent: [Azure-CosmosDB/0.37.1 (Python CPython 3.7.0; Windows 10) AZURECLI/2.0.45]
      x-ms-date: ['Tue, 14 Aug 2018 17:59:42 GMT']
      x-ms-version: ['2017-04-17']
    method: MERGE
    uri: https://clitest000002.table.core.windows.net/table000003(PartitionKey='001',RowKey='001')
  response:
    body: {string: ''}
    headers:
      cache-control: [no-cache]
      content-length: ['0']
      date: ['Tue, 14 Aug 2018 17:59:42 GMT']
      etag: [W/"datetime'2018-08-14T17%3A59%3A42.5440455Z'"]
      server: [Windows-Azure-Table/1.0 Microsoft-HTTPAPI/2.0]
      x-content-type-options: [nosniff]
      x-ms-version: ['2017-04-17']
    status: {code: 204, message: No Content}
- request:
    body: null
    headers:
      Accept: [application/json;odata=minimalmetadata]
      Connection: [keep-alive]
      DataServiceVersion: [3.0;NetFx]
      MaxDataServiceVersion: ['3.0']
      User-Agent: [Azure-CosmosDB/0.37.1 (Python CPython 3.7.0; Windows 10) AZURECLI/2.0.45]
      x-ms-date: ['Tue, 14 Aug 2018 17:59:42 GMT']
      x-ms-version: ['2017-04-17']
    method: GET
    uri: https://clitest000002.table.core.windows.net/table000003(PartitionKey='001',RowKey='001')
  response:
    body: {string: '{"odata.metadata":"https://clitest000002.table.core.windows.net/$metadata#table000003/@Element","odata.etag":"W/\"datetime''2018-08-14T17%3A59%3A42.5440455Z''\"","PartitionKey":"001","RowKey":"001","Timestamp":"2018-08-14T17:59:42.5440455Z","name":"test","value":"newval"}'}
    headers:
      cache-control: [no-cache]
      content-type: [application/json;odata=minimalmetadata;streaming=true;charset=utf-8]
      date: ['Tue, 14 Aug 2018 17:59:42 GMT']
      etag: [W/"datetime'2018-08-14T17%3A59%3A42.5440455Z'"]
      server: [Windows-Azure-Table/1.0 Microsoft-HTTPAPI/2.0]
      transfer-encoding: [chunked]
      x-content-type-options: [nosniff]
      x-ms-version: ['2017-04-17']
    status: {code: 200, message: OK}
- request:
    body: '{"cat": "hat", "PartitionKey": "001", "RowKey": "001"}'
    headers:
      Accept: [application/json;odata=minimalmetadata]
      Connection: [keep-alive]
      Content-Length: ['54']
      Content-Type: [application/json]
      DataServiceVersion: [3.0;NetFx]
      If-Match: ['*']
      MaxDataServiceVersion: ['3.0']
      User-Agent: [Azure-CosmosDB/0.37.1 (Python CPython 3.7.0; Windows 10) AZURECLI/2.0.45]
      x-ms-date: ['Tue, 14 Aug 2018 17:59:43 GMT']
      x-ms-version: ['2017-04-17']
    method: PUT
    uri: https://clitest000002.table.core.windows.net/table000003(PartitionKey='001',RowKey='001')
  response:
    body: {string: ''}
    headers:
      cache-control: [no-cache]
      content-length: ['0']
      date: ['Tue, 14 Aug 2018 17:59:42 GMT']
      etag: [W/"datetime'2018-08-14T17%3A59%3A43.3235995Z'"]
      server: [Windows-Azure-Table/1.0 Microsoft-HTTPAPI/2.0]
      x-content-type-options: [nosniff]
      x-ms-version: ['2017-04-17']
    status: {code: 204, message: No Content}
- request:
    body: null
    headers:
      Accept: [application/json;odata=minimalmetadata]
      Connection: [keep-alive]
      DataServiceVersion: [3.0;NetFx]
      MaxDataServiceVersion: ['3.0']
      User-Agent: [Azure-CosmosDB/0.37.1 (Python CPython 3.7.0; Windows 10) AZURECLI/2.0.45]
      x-ms-date: ['Tue, 14 Aug 2018 17:59:43 GMT']
      x-ms-version: ['2017-04-17']
    method: GET
    uri: https://clitest000002.table.core.windows.net/table000003(PartitionKey='001',RowKey='001')
  response:
    body: {string: '{"odata.metadata":"https://clitest000002.table.core.windows.net/$metadata#table000003/@Element","odata.etag":"W/\"datetime''2018-08-14T17%3A59%3A43.3235995Z''\"","PartitionKey":"001","RowKey":"001","Timestamp":"2018-08-14T17:59:43.3235995Z","cat":"hat"}'}
    headers:
      cache-control: [no-cache]
      content-type: [application/json;odata=minimalmetadata;streaming=true;charset=utf-8]
      date: ['Tue, 14 Aug 2018 17:59:43 GMT']
      etag: [W/"datetime'2018-08-14T17%3A59%3A43.3235995Z'"]
      server: [Windows-Azure-Table/1.0 Microsoft-HTTPAPI/2.0]
      transfer-encoding: [chunked]
      x-content-type-options: [nosniff]
      x-ms-version: ['2017-04-17']
    status: {code: 200, message: OK}
- request:
    body: null
    headers:
      Accept: [application/json;odata=minimalmetadata]
      Connection: [keep-alive]
      Content-Length: ['0']
      DataServiceVersion: [3.0;NetFx]
      If-Match: ['*']
      MaxDataServiceVersion: ['3.0']
      User-Agent: [Azure-CosmosDB/0.37.1 (Python CPython 3.7.0; Windows 10) AZURECLI/2.0.45]
      x-ms-date: ['Tue, 14 Aug 2018 17:59:43 GMT']
      x-ms-version: ['2017-04-17']
    method: DELETE
    uri: https://clitest000002.table.core.windows.net/table000003(PartitionKey='001',RowKey='001')
  response:
    body: {string: ''}
    headers:
      cache-control: [no-cache]
      content-length: ['0']
      date: ['Tue, 14 Aug 2018 17:59:43 GMT']
      server: [Windows-Azure-Table/1.0 Microsoft-HTTPAPI/2.0]
      x-content-type-options: [nosniff]
      x-ms-version: ['2017-04-17']
    status: {code: 204, message: No Content}
- request:
    body: null
    headers:
      Accept: [application/json;odata=minimalmetadata]
      Connection: [keep-alive]
      DataServiceVersion: [3.0;NetFx]
      MaxDataServiceVersion: ['3.0']
      User-Agent: [Azure-CosmosDB/0.37.1 (Python CPython 3.7.0; Windows 10) AZURECLI/2.0.45]
      x-ms-date: ['Tue, 14 Aug 2018 17:59:44 GMT']
      x-ms-version: ['2017-04-17']
    method: GET
    uri: https://clitest000002.table.core.windows.net/table000003(PartitionKey='001',RowKey='001')
  response:
    body: {string: '{"odata.error":{"code":"ResourceNotFound","message":{"lang":"en-US","value":"The
        specified resource does not exist.\nRequestId:655db168-5002-005d-7df8-3358cf000000\nTime:2018-08-14T17:59:44.5574022Z"}}}'}
    headers:
      cache-control: [no-cache]
      content-type: [application/json;odata=minimalmetadata;streaming=true;charset=utf-8]
      date: ['Tue, 14 Aug 2018 17:59:43 GMT']
      server: [Windows-Azure-Table/1.0 Microsoft-HTTPAPI/2.0]
      transfer-encoding: [chunked]
      x-content-type-options: [nosniff]
      x-ms-version: ['2017-04-17']
    status: {code: 404, message: Not Found}
- request:
    body: '{"name": "test", "value": "something", "PartitionKey": "001", "RowKey":
      "001"}'
    headers:
      Accept: [application/json;odata=minimalmetadata]
      Connection: [keep-alive]
      Content-Length: ['78']
      Content-Type: [application/json]
      DataServiceVersion: [3.0;NetFx]
      MaxDataServiceVersion: ['3.0']
      Prefer: [return-no-content]
      User-Agent: [Azure-CosmosDB/0.37.1 (Python CPython 3.7.0; Windows 10) AZURECLI/2.0.45]
      x-ms-date: ['Tue, 14 Aug 2018 17:59:44 GMT']
      x-ms-version: ['2017-04-17']
    method: POST
    uri: https://clitest000002.table.core.windows.net/table000003
  response:
    body: {string: ''}
    headers:
      cache-control: [no-cache]
      content-length: ['0']
      dataserviceid: ['https://clitestrnjd24bvk5q6hf3j6.table.core.windows.net/tablequwdg4e4yrzrzrqe6r6(PartitionKey=''001'',RowKey=''001'')']
      date: ['Tue, 14 Aug 2018 17:59:45 GMT']
      etag: [W/"datetime'2018-08-14T17%3A59%3A45.0268051Z'"]
      location: ['https://clitest000002.table.core.windows.net/table000003(PartitionKey=''001'',RowKey=''001'')']
      preference-applied: [return-no-content]
      server: [Windows-Azure-Table/1.0 Microsoft-HTTPAPI/2.0]
      x-content-type-options: [nosniff]
      x-ms-version: ['2017-04-17']
    status: {code: 204, message: No Content}
- request:
    body: '{"name": "test2", "value": "something2", "PartitionKey": "002", "RowKey":
      "002"}'
    headers:
      Accept: [application/json;odata=minimalmetadata]
      Connection: [keep-alive]
      Content-Length: ['80']
      Content-Type: [application/json]
      DataServiceVersion: [3.0;NetFx]
      MaxDataServiceVersion: ['3.0']
      Prefer: [return-no-content]
      User-Agent: [Azure-CosmosDB/0.37.1 (Python CPython 3.7.0; Windows 10) AZURECLI/2.0.45]
      x-ms-date: ['Tue, 14 Aug 2018 17:59:45 GMT']
      x-ms-version: ['2017-04-17']
    method: POST
    uri: https://clitest000002.table.core.windows.net/table000003
  response:
    body: {string: ''}
    headers:
      cache-control: [no-cache]
      content-length: ['0']
      dataserviceid: ['https://clitestrnjd24bvk5q6hf3j6.table.core.windows.net/tablequwdg4e4yrzrzrqe6r6(PartitionKey=''002'',RowKey=''002'')']
      date: ['Tue, 14 Aug 2018 17:59:44 GMT']
      etag: [W/"datetime'2018-08-14T17%3A59%3A45.4642593Z'"]
      location: ['https://clitest000002.table.core.windows.net/table000003(PartitionKey=''002'',RowKey=''002'')']
      preference-applied: [return-no-content]
      server: [Windows-Azure-Table/1.0 Microsoft-HTTPAPI/2.0]
      x-content-type-options: [nosniff]
      x-ms-version: ['2017-04-17']
    status: {code: 204, message: No Content}
- request:
    body: null
    headers:
      Accept: [application/json;odata=minimalmetadata]
      Connection: [keep-alive]
      DataServiceVersion: [3.0;NetFx]
      MaxDataServiceVersion: ['3.0']
      User-Agent: [Azure-CosmosDB/0.37.1 (Python CPython 3.7.0; Windows 10) AZURECLI/2.0.45]
      x-ms-date: ['Tue, 14 Aug 2018 17:59:45 GMT']
      x-ms-version: ['2017-04-17']
    method: GET
    uri: https://clitest000002.table.core.windows.net/table000003()?%24top=1
  response:
    body: {string: '{"odata.metadata":"https://clitest000002.table.core.windows.net/$metadata#table000003","value":[{"odata.etag":"W/\"datetime''2018-08-14T17%3A59%3A45.0268051Z''\"","PartitionKey":"001","RowKey":"001","Timestamp":"2018-08-14T17:59:45.0268051Z","name":"test","value":"something"}]}'}
    headers:
      cache-control: [no-cache]
      content-type: [application/json;odata=minimalmetadata;streaming=true;charset=utf-8]
      date: ['Tue, 14 Aug 2018 17:59:45 GMT']
      server: [Windows-Azure-Table/1.0 Microsoft-HTTPAPI/2.0]
      transfer-encoding: [chunked]
      x-content-type-options: [nosniff]
      x-ms-continuation-nextpartitionkey: [1!4!MDAy]
      x-ms-continuation-nextrowkey: [1!4!MDAy]
      x-ms-version: ['2017-04-17']
    status: {code: 200, message: OK}
- request:
    body: null
    headers:
      Accept: [application/json;odata=minimalmetadata]
      Connection: [keep-alive]
      DataServiceVersion: [3.0;NetFx]
      MaxDataServiceVersion: ['3.0']
      User-Agent: [Azure-CosmosDB/0.37.1 (Python CPython 3.7.0; Windows 10) AZURECLI/2.0.45]
      x-ms-date: ['Tue, 14 Aug 2018 17:59:46 GMT']
      x-ms-version: ['2017-04-17']
    method: GET
    uri: https://clitest000002.table.core.windows.net/table000003()?NextPartitionKey=1%214%21MDAy&NextRowKey=1%214%21MDAy
  response:
    body: {string: '{"odata.metadata":"https://clitest000002.table.core.windows.net/$metadata#table000003","value":[{"odata.etag":"W/\"datetime''2018-08-14T17%3A59%3A45.4642593Z''\"","PartitionKey":"002","RowKey":"002","Timestamp":"2018-08-14T17:59:45.4642593Z","name":"test2","value":"something2"}]}'}
    headers:
      cache-control: [no-cache]
      content-type: [application/json;odata=minimalmetadata;streaming=true;charset=utf-8]
      date: ['Tue, 14 Aug 2018 17:59:46 GMT']
      server: [Windows-Azure-Table/1.0 Microsoft-HTTPAPI/2.0]
      transfer-encoding: [chunked]
      x-content-type-options: [nosniff]
      x-ms-version: ['2017-04-17']
    status: {code: 200, message: OK}
- request:
    body: null
    headers:
      Connection: [keep-alive]
      DataServiceVersion: [3.0;NetFx]
      MaxDataServiceVersion: ['3.0']
      User-Agent: [Azure-CosmosDB/0.37.1 (Python CPython 3.7.0; Windows 10) AZURECLI/2.0.45]
      x-ms-date: ['Tue, 14 Aug 2018 17:59:46 GMT']
      x-ms-version: ['2017-04-17']
    method: GET
    uri: https://clitest000002.table.core.windows.net/table000003?comp=acl
  response:
    body: {string: "\uFEFF<?xml version=\"1.0\" encoding=\"utf-8\"?><SignedIdentifiers
        />"}
    headers:
      content-type: [application/xml]
      date: ['Tue, 14 Aug 2018 17:59:46 GMT']
      server: [Windows-Azure-Table/1.0 Microsoft-HTTPAPI/2.0]
      transfer-encoding: [chunked]
      x-ms-version: ['2017-04-17']
    status: {code: 200, message: OK}
- request:
    body: null
    headers:
      Connection: [keep-alive]
      DataServiceVersion: [3.0;NetFx]
      MaxDataServiceVersion: ['3.0']
      User-Agent: [Azure-CosmosDB/0.37.1 (Python CPython 3.7.0; Windows 10) AZURECLI/2.0.45]
      x-ms-date: ['Tue, 14 Aug 2018 17:59:46 GMT']
      x-ms-version: ['2017-04-17']
    method: GET
    uri: https://clitest000002.table.core.windows.net/table000003?comp=acl
  response:
    body: {string: "\uFEFF<?xml version=\"1.0\" encoding=\"utf-8\"?><SignedIdentifiers
        />"}
    headers:
      content-type: [application/xml]
      date: ['Tue, 14 Aug 2018 17:59:46 GMT']
      server: [Windows-Azure-Table/1.0 Microsoft-HTTPAPI/2.0]
      transfer-encoding: [chunked]
      x-ms-version: ['2017-04-17']
    status: {code: 200, message: OK}
- request:
    body: '<?xml version=''1.0'' encoding=''utf-8''?>

      <SignedIdentifiers><SignedIdentifier><Id>test1</Id><AccessPolicy><Permission>a</Permission></AccessPolicy></SignedIdentifier></SignedIdentifiers>'
    headers:
      Connection: [keep-alive]
      Content-Length: ['184']
      DataServiceVersion: [3.0;NetFx]
      MaxDataServiceVersion: ['3.0']
      User-Agent: [Azure-CosmosDB/0.37.1 (Python CPython 3.7.0; Windows 10) AZURECLI/2.0.45]
      x-ms-date: ['Tue, 14 Aug 2018 17:59:47 GMT']
      x-ms-version: ['2017-04-17']
    method: PUT
    uri: https://clitest000002.table.core.windows.net/table000003?comp=acl
  response:
    body: {string: ''}
    headers:
      content-length: ['0']
      date: ['Tue, 14 Aug 2018 17:59:47 GMT']
      server: [Windows-Azure-Table/1.0 Microsoft-HTTPAPI/2.0]
      x-ms-version: ['2017-04-17']
    status: {code: 204, message: No Content}
- request:
    body: null
    headers:
      Connection: [keep-alive]
      DataServiceVersion: [3.0;NetFx]
      MaxDataServiceVersion: ['3.0']
      User-Agent: [Azure-CosmosDB/0.37.1 (Python CPython 3.7.0; Windows 10) AZURECLI/2.0.45]
      x-ms-date: ['Tue, 14 Aug 2018 17:59:48 GMT']
      x-ms-version: ['2017-04-17']
    method: GET
    uri: https://clitest000002.table.core.windows.net/table000003?comp=acl
  response:
    body: {string: "\uFEFF<?xml version=\"1.0\" encoding=\"utf-8\"?><SignedIdentifiers><SignedIdentifier><Id>test1</Id><AccessPolicy><Permission>a</Permission></AccessPolicy></SignedIdentifier></SignedIdentifiers>"}
    headers:
      content-type: [application/xml]
      date: ['Tue, 14 Aug 2018 17:59:47 GMT']
      server: [Windows-Azure-Table/1.0 Microsoft-HTTPAPI/2.0]
      transfer-encoding: [chunked]
      x-ms-version: ['2017-04-17']
    status: {code: 200, message: OK}
- request:
    body: '<?xml version=''1.0'' encoding=''utf-8''?>

      <SignedIdentifiers><SignedIdentifier><Id>test1</Id><AccessPolicy><Permission>a</Permission></AccessPolicy></SignedIdentifier><SignedIdentifier><Id>test2</Id><AccessPolicy><Start>2016-01-01T00:00Z</Start></AccessPolicy></SignedIdentifier></SignedIdentifiers>'
    headers:
      Connection: [keep-alive]
      Content-Length: ['296']
      DataServiceVersion: [3.0;NetFx]
      MaxDataServiceVersion: ['3.0']
      User-Agent: [Azure-CosmosDB/0.37.1 (Python CPython 3.7.0; Windows 10) AZURECLI/2.0.45]
      x-ms-date: ['Tue, 14 Aug 2018 17:59:48 GMT']
      x-ms-version: ['2017-04-17']
    method: PUT
    uri: https://clitest000002.table.core.windows.net/table000003?comp=acl
  response:
    body: {string: ''}
    headers:
      content-length: ['0']
      date: ['Tue, 14 Aug 2018 17:59:47 GMT']
      server: [Windows-Azure-Table/1.0 Microsoft-HTTPAPI/2.0]
      x-ms-version: ['2017-04-17']
    status: {code: 204, message: No Content}
- request:
    body: null
    headers:
      Connection: [keep-alive]
      DataServiceVersion: [3.0;NetFx]
      MaxDataServiceVersion: ['3.0']
      User-Agent: [Azure-CosmosDB/0.37.1 (Python CPython 3.7.0; Windows 10) AZURECLI/2.0.45]
      x-ms-date: ['Tue, 14 Aug 2018 17:59:48 GMT']
      x-ms-version: ['2017-04-17']
    method: GET
    uri: https://clitest000002.table.core.windows.net/table000003?comp=acl
  response:
    body: {string: "\uFEFF<?xml version=\"1.0\" encoding=\"utf-8\"?><SignedIdentifiers><SignedIdentifier><Id>test1</Id><AccessPolicy><Permission>a</Permission></AccessPolicy></SignedIdentifier><SignedIdentifier><Id>test2</Id><AccessPolicy><Start>2016-01-01T00:00:00.0000000Z</Start></AccessPolicy></SignedIdentifier></SignedIdentifiers>"}
    headers:
      content-type: [application/xml]
      date: ['Tue, 14 Aug 2018 17:59:48 GMT']
      server: [Windows-Azure-Table/1.0 Microsoft-HTTPAPI/2.0]
      transfer-encoding: [chunked]
      x-ms-version: ['2017-04-17']
    status: {code: 200, message: OK}
- request:
    body: '<?xml version=''1.0'' encoding=''utf-8''?>

      <SignedIdentifiers><SignedIdentifier><Id>test1</Id><AccessPolicy><Permission>a</Permission></AccessPolicy></SignedIdentifier><SignedIdentifier><Id>test2</Id><AccessPolicy><Start>2016-01-01T00:00:00Z</Start></AccessPolicy></SignedIdentifier><SignedIdentifier><Id>test3</Id><AccessPolicy><Expiry>2018-01-01T00:00Z</Expiry></AccessPolicy></SignedIdentifier></SignedIdentifiers>'
    headers:
      Connection: [keep-alive]
      Content-Length: ['413']
      DataServiceVersion: [3.0;NetFx]
      MaxDataServiceVersion: ['3.0']
      User-Agent: [Azure-CosmosDB/0.37.1 (Python CPython 3.7.0; Windows 10) AZURECLI/2.0.45]
      x-ms-date: ['Tue, 14 Aug 2018 17:59:49 GMT']
      x-ms-version: ['2017-04-17']
    method: PUT
    uri: https://clitest000002.table.core.windows.net/table000003?comp=acl
  response:
    body: {string: ''}
    headers:
      content-length: ['0']
      date: ['Tue, 14 Aug 2018 17:59:48 GMT']
      server: [Windows-Azure-Table/1.0 Microsoft-HTTPAPI/2.0]
      x-ms-version: ['2017-04-17']
    status: {code: 204, message: No Content}
- request:
    body: null
    headers:
      Connection: [keep-alive]
      DataServiceVersion: [3.0;NetFx]
      MaxDataServiceVersion: ['3.0']
      User-Agent: [Azure-CosmosDB/0.37.1 (Python CPython 3.7.0; Windows 10) AZURECLI/2.0.45]
      x-ms-date: ['Tue, 14 Aug 2018 17:59:49 GMT']
      x-ms-version: ['2017-04-17']
    method: GET
    uri: https://clitest000002.table.core.windows.net/table000003?comp=acl
  response:
    body: {string: "\uFEFF<?xml version=\"1.0\" encoding=\"utf-8\"?><SignedIdentifiers><SignedIdentifier><Id>test1</Id><AccessPolicy><Permission>a</Permission></AccessPolicy></SignedIdentifier><SignedIdentifier><Id>test2</Id><AccessPolicy><Start>2016-01-01T00:00:00.0000000Z</Start></AccessPolicy></SignedIdentifier><SignedIdentifier><Id>test3</Id><AccessPolicy><Expiry>2018-01-01T00:00:00.0000000Z</Expiry></AccessPolicy></SignedIdentifier></SignedIdentifiers>"}
    headers:
      content-type: [application/xml]
      date: ['Tue, 14 Aug 2018 17:59:52 GMT']
      server: [Windows-Azure-Table/1.0 Microsoft-HTTPAPI/2.0]
      transfer-encoding: [chunked]
      x-ms-version: ['2017-04-17']
    status: {code: 200, message: OK}
- request:
    body: '<?xml version=''1.0'' encoding=''utf-8''?>

      <SignedIdentifiers><SignedIdentifier><Id>test1</Id><AccessPolicy><Permission>a</Permission></AccessPolicy></SignedIdentifier><SignedIdentifier><Id>test2</Id><AccessPolicy><Start>2016-01-01T00:00:00Z</Start></AccessPolicy></SignedIdentifier><SignedIdentifier><Id>test3</Id><AccessPolicy><Expiry>2018-01-01T00:00:00Z</Expiry></AccessPolicy></SignedIdentifier><SignedIdentifier><Id>test4</Id><AccessPolicy><Start>2016-01-01T00:00Z</Start><Expiry>2016-05-01T00:00Z</Expiry><Permission>raud</Permission></AccessPolicy></SignedIdentifier></SignedIdentifiers>'
    headers:
      Connection: [keep-alive]
      Content-Length: ['591']
      DataServiceVersion: [3.0;NetFx]
      MaxDataServiceVersion: ['3.0']
      User-Agent: [Azure-CosmosDB/0.37.1 (Python CPython 3.7.0; Windows 10) AZURECLI/2.0.45]
      x-ms-date: ['Tue, 14 Aug 2018 17:59:53 GMT']
      x-ms-version: ['2017-04-17']
    method: PUT
    uri: https://clitest000002.table.core.windows.net/table000003?comp=acl
  response:
    body: {string: ''}
    headers:
      content-length: ['0']
      date: ['Tue, 14 Aug 2018 17:59:55 GMT']
      server: [Windows-Azure-Table/1.0 Microsoft-HTTPAPI/2.0]
      x-ms-version: ['2017-04-17']
    status: {code: 204, message: No Content}
- request:
    body: null
    headers:
      Connection: [keep-alive]
      DataServiceVersion: [3.0;NetFx]
      MaxDataServiceVersion: ['3.0']
      User-Agent: [Azure-CosmosDB/0.37.1 (Python CPython 3.7.0; Windows 10) AZURECLI/2.0.45]
      x-ms-date: ['Tue, 14 Aug 2018 17:59:56 GMT']
      x-ms-version: ['2017-04-17']
    method: GET
    uri: https://clitest000002.table.core.windows.net/table000003?comp=acl
  response:
    body: {string: "\uFEFF<?xml version=\"1.0\" encoding=\"utf-8\"?><SignedIdentifiers><SignedIdentifier><Id>test1</Id><AccessPolicy><Permission>a</Permission></AccessPolicy></SignedIdentifier><SignedIdentifier><Id>test2</Id><AccessPolicy><Start>2016-01-01T00:00:00.0000000Z</Start></AccessPolicy></SignedIdentifier><SignedIdentifier><Id>test3</Id><AccessPolicy><Expiry>2018-01-01T00:00:00.0000000Z</Expiry></AccessPolicy></SignedIdentifier><SignedIdentifier><Id>test4</Id><AccessPolicy><Start>2016-01-01T00:00:00.0000000Z</Start><Expiry>2016-05-01T00:00:00.0000000Z</Expiry><Permission>raud</Permission></AccessPolicy></SignedIdentifier></SignedIdentifiers>"}
    headers:
      content-type: [application/xml]
      date: ['Tue, 14 Aug 2018 17:59:55 GMT']
      server: [Windows-Azure-Table/1.0 Microsoft-HTTPAPI/2.0]
      transfer-encoding: [chunked]
      x-ms-version: ['2017-04-17']
    status: {code: 200, message: OK}
- request:
    body: null
    headers:
      Connection: [keep-alive]
      DataServiceVersion: [3.0;NetFx]
      MaxDataServiceVersion: ['3.0']
      User-Agent: [Azure-CosmosDB/0.37.1 (Python CPython 3.7.0; Windows 10) AZURECLI/2.0.45]
      x-ms-date: ['Tue, 14 Aug 2018 17:59:56 GMT']
      x-ms-version: ['2017-04-17']
    method: GET
    uri: https://clitest000002.table.core.windows.net/table000003?comp=acl
  response:
    body: {string: "\uFEFF<?xml version=\"1.0\" encoding=\"utf-8\"?><SignedIdentifiers><SignedIdentifier><Id>test1</Id><AccessPolicy><Permission>a</Permission></AccessPolicy></SignedIdentifier><SignedIdentifier><Id>test2</Id><AccessPolicy><Start>2016-01-01T00:00:00.0000000Z</Start></AccessPolicy></SignedIdentifier><SignedIdentifier><Id>test3</Id><AccessPolicy><Expiry>2018-01-01T00:00:00.0000000Z</Expiry></AccessPolicy></SignedIdentifier><SignedIdentifier><Id>test4</Id><AccessPolicy><Start>2016-01-01T00:00:00.0000000Z</Start><Expiry>2016-05-01T00:00:00.0000000Z</Expiry><Permission>raud</Permission></AccessPolicy></SignedIdentifier></SignedIdentifiers>"}
    headers:
      content-type: [application/xml]
      date: ['Tue, 14 Aug 2018 17:59:57 GMT']
      server: [Windows-Azure-Table/1.0 Microsoft-HTTPAPI/2.0]
      transfer-encoding: [chunked]
      x-ms-version: ['2017-04-17']
    status: {code: 200, message: OK}
- request:
    body: null
    headers:
      Connection: [keep-alive]
      DataServiceVersion: [3.0;NetFx]
      MaxDataServiceVersion: ['3.0']
      User-Agent: [Azure-CosmosDB/0.37.1 (Python CPython 3.7.0; Windows 10) AZURECLI/2.0.45]
      x-ms-date: ['Tue, 14 Aug 2018 17:59:57 GMT']
      x-ms-version: ['2017-04-17']
    method: GET
    uri: https://clitest000002.table.core.windows.net/table000003?comp=acl
  response:
    body: {string: "\uFEFF<?xml version=\"1.0\" encoding=\"utf-8\"?><SignedIdentifiers><SignedIdentifier><Id>test1</Id><AccessPolicy><Permission>a</Permission></AccessPolicy></SignedIdentifier><SignedIdentifier><Id>test2</Id><AccessPolicy><Start>2016-01-01T00:00:00.0000000Z</Start></AccessPolicy></SignedIdentifier><SignedIdentifier><Id>test3</Id><AccessPolicy><Expiry>2018-01-01T00:00:00.0000000Z</Expiry></AccessPolicy></SignedIdentifier><SignedIdentifier><Id>test4</Id><AccessPolicy><Start>2016-01-01T00:00:00.0000000Z</Start><Expiry>2016-05-01T00:00:00.0000000Z</Expiry><Permission>raud</Permission></AccessPolicy></SignedIdentifier></SignedIdentifiers>"}
    headers:
      content-type: [application/xml]
      date: ['Tue, 14 Aug 2018 17:59:56 GMT']
      server: [Windows-Azure-Table/1.0 Microsoft-HTTPAPI/2.0]
      transfer-encoding: [chunked]
      x-ms-version: ['2017-04-17']
    status: {code: 200, message: OK}
- request:
    body: null
    headers:
      Connection: [keep-alive]
      DataServiceVersion: [3.0;NetFx]
      MaxDataServiceVersion: ['3.0']
      User-Agent: [Azure-CosmosDB/0.37.1 (Python CPython 3.7.0; Windows 10) AZURECLI/2.0.45]
      x-ms-date: ['Tue, 14 Aug 2018 17:59:57 GMT']
      x-ms-version: ['2017-04-17']
    method: GET
    uri: https://clitest000002.table.core.windows.net/table000003?comp=acl
  response:
    body: {string: "\uFEFF<?xml version=\"1.0\" encoding=\"utf-8\"?><SignedIdentifiers><SignedIdentifier><Id>test1</Id><AccessPolicy><Permission>a</Permission></AccessPolicy></SignedIdentifier><SignedIdentifier><Id>test2</Id><AccessPolicy><Start>2016-01-01T00:00:00.0000000Z</Start></AccessPolicy></SignedIdentifier><SignedIdentifier><Id>test3</Id><AccessPolicy><Expiry>2018-01-01T00:00:00.0000000Z</Expiry></AccessPolicy></SignedIdentifier><SignedIdentifier><Id>test4</Id><AccessPolicy><Start>2016-01-01T00:00:00.0000000Z</Start><Expiry>2016-05-01T00:00:00.0000000Z</Expiry><Permission>raud</Permission></AccessPolicy></SignedIdentifier></SignedIdentifiers>"}
    headers:
      content-type: [application/xml]
      date: ['Tue, 14 Aug 2018 17:59:57 GMT']
      server: [Windows-Azure-Table/1.0 Microsoft-HTTPAPI/2.0]
      transfer-encoding: [chunked]
      x-ms-version: ['2017-04-17']
    status: {code: 200, message: OK}
- request:
    body: null
    headers:
      Connection: [keep-alive]
      DataServiceVersion: [3.0;NetFx]
      MaxDataServiceVersion: ['3.0']
      User-Agent: [Azure-CosmosDB/0.37.1 (Python CPython 3.7.0; Windows 10) AZURECLI/2.0.45]
      x-ms-date: ['Tue, 14 Aug 2018 17:59:58 GMT']
      x-ms-version: ['2017-04-17']
    method: GET
    uri: https://clitest000002.table.core.windows.net/table000003?comp=acl
  response:
    body: {string: "\uFEFF<?xml version=\"1.0\" encoding=\"utf-8\"?><SignedIdentifiers><SignedIdentifier><Id>test1</Id><AccessPolicy><Permission>a</Permission></AccessPolicy></SignedIdentifier><SignedIdentifier><Id>test2</Id><AccessPolicy><Start>2016-01-01T00:00:00.0000000Z</Start></AccessPolicy></SignedIdentifier><SignedIdentifier><Id>test3</Id><AccessPolicy><Expiry>2018-01-01T00:00:00.0000000Z</Expiry></AccessPolicy></SignedIdentifier><SignedIdentifier><Id>test4</Id><AccessPolicy><Start>2016-01-01T00:00:00.0000000Z</Start><Expiry>2016-05-01T00:00:00.0000000Z</Expiry><Permission>raud</Permission></AccessPolicy></SignedIdentifier></SignedIdentifiers>"}
    headers:
      content-type: [application/xml]
      date: ['Tue, 14 Aug 2018 17:59:58 GMT']
      server: [Windows-Azure-Table/1.0 Microsoft-HTTPAPI/2.0]
      transfer-encoding: [chunked]
      x-ms-version: ['2017-04-17']
    status: {code: 200, message: OK}
- request:
    body: null
    headers:
      Connection: [keep-alive]
      DataServiceVersion: [3.0;NetFx]
      MaxDataServiceVersion: ['3.0']
      User-Agent: [Azure-CosmosDB/0.37.1 (Python CPython 3.7.0; Windows 10) AZURECLI/2.0.45]
      x-ms-date: ['Tue, 14 Aug 2018 17:59:58 GMT']
      x-ms-version: ['2017-04-17']
    method: GET
    uri: https://clitest000002.table.core.windows.net/table000003?comp=acl
  response:
    body: {string: "\uFEFF<?xml version=\"1.0\" encoding=\"utf-8\"?><SignedIdentifiers><SignedIdentifier><Id>test1</Id><AccessPolicy><Permission>a</Permission></AccessPolicy></SignedIdentifier><SignedIdentifier><Id>test2</Id><AccessPolicy><Start>2016-01-01T00:00:00.0000000Z</Start></AccessPolicy></SignedIdentifier><SignedIdentifier><Id>test3</Id><AccessPolicy><Expiry>2018-01-01T00:00:00.0000000Z</Expiry></AccessPolicy></SignedIdentifier><SignedIdentifier><Id>test4</Id><AccessPolicy><Start>2016-01-01T00:00:00.0000000Z</Start><Expiry>2016-05-01T00:00:00.0000000Z</Expiry><Permission>raud</Permission></AccessPolicy></SignedIdentifier></SignedIdentifiers>"}
    headers:
      content-type: [application/xml]
      date: ['Tue, 14 Aug 2018 17:59:58 GMT']
      server: [Windows-Azure-Table/1.0 Microsoft-HTTPAPI/2.0]
      transfer-encoding: [chunked]
      x-ms-version: ['2017-04-17']
    status: {code: 200, message: OK}
- request:
    body: '<?xml version=''1.0'' encoding=''utf-8''?>

      <SignedIdentifiers><SignedIdentifier><Id>test1</Id><AccessPolicy><Permission>au</Permission></AccessPolicy></SignedIdentifier><SignedIdentifier><Id>test2</Id><AccessPolicy><Start>2016-01-01T00:00:00Z</Start></AccessPolicy></SignedIdentifier><SignedIdentifier><Id>test3</Id><AccessPolicy><Expiry>2018-01-01T00:00:00Z</Expiry></AccessPolicy></SignedIdentifier><SignedIdentifier><Id>test4</Id><AccessPolicy><Start>2016-01-01T00:00:00Z</Start><Expiry>2016-05-01T00:00:00Z</Expiry><Permission>raud</Permission></AccessPolicy></SignedIdentifier></SignedIdentifiers>'
    headers:
      Connection: [keep-alive]
      Content-Length: ['598']
      DataServiceVersion: [3.0;NetFx]
      MaxDataServiceVersion: ['3.0']
      User-Agent: [Azure-CosmosDB/0.37.1 (Python CPython 3.7.0; Windows 10) AZURECLI/2.0.45]
      x-ms-date: ['Tue, 14 Aug 2018 17:59:58 GMT']
      x-ms-version: ['2017-04-17']
    method: PUT
    uri: https://clitest000002.table.core.windows.net/table000003?comp=acl
  response:
    body: {string: ''}
    headers:
      content-length: ['0']
      date: ['Tue, 14 Aug 2018 17:59:59 GMT']
      server: [Windows-Azure-Table/1.0 Microsoft-HTTPAPI/2.0]
      x-ms-version: ['2017-04-17']
    status: {code: 204, message: No Content}
- request:
    body: null
    headers:
      Connection: [keep-alive]
      DataServiceVersion: [3.0;NetFx]
      MaxDataServiceVersion: ['3.0']
      User-Agent: [Azure-CosmosDB/0.37.1 (Python CPython 3.7.0; Windows 10) AZURECLI/2.0.45]
      x-ms-date: ['Tue, 14 Aug 2018 17:59:59 GMT']
      x-ms-version: ['2017-04-17']
    method: GET
    uri: https://clitest000002.table.core.windows.net/table000003?comp=acl
  response:
    body: {string: "\uFEFF<?xml version=\"1.0\" encoding=\"utf-8\"?><SignedIdentifiers><SignedIdentifier><Id>test1</Id><AccessPolicy><Permission>au</Permission></AccessPolicy></SignedIdentifier><SignedIdentifier><Id>test2</Id><AccessPolicy><Start>2016-01-01T00:00:00.0000000Z</Start></AccessPolicy></SignedIdentifier><SignedIdentifier><Id>test3</Id><AccessPolicy><Expiry>2018-01-01T00:00:00.0000000Z</Expiry></AccessPolicy></SignedIdentifier><SignedIdentifier><Id>test4</Id><AccessPolicy><Start>2016-01-01T00:00:00.0000000Z</Start><Expiry>2016-05-01T00:00:00.0000000Z</Expiry><Permission>raud</Permission></AccessPolicy></SignedIdentifier></SignedIdentifiers>"}
    headers:
      content-type: [application/xml]
      date: ['Tue, 14 Aug 2018 17:59:59 GMT']
      server: [Windows-Azure-Table/1.0 Microsoft-HTTPAPI/2.0]
      transfer-encoding: [chunked]
      x-ms-version: ['2017-04-17']
    status: {code: 200, message: OK}
- request:
    body: null
    headers:
      Connection: [keep-alive]
      DataServiceVersion: [3.0;NetFx]
      MaxDataServiceVersion: ['3.0']
      User-Agent: [Azure-CosmosDB/0.37.1 (Python CPython 3.7.0; Windows 10) AZURECLI/2.0.45]
      x-ms-date: ['Tue, 14 Aug 2018 17:59:59 GMT']
      x-ms-version: ['2017-04-17']
    method: GET
    uri: https://clitest000002.table.core.windows.net/table000003?comp=acl
  response:
    body: {string: "\uFEFF<?xml version=\"1.0\" encoding=\"utf-8\"?><SignedIdentifiers><SignedIdentifier><Id>test1</Id><AccessPolicy><Permission>au</Permission></AccessPolicy></SignedIdentifier><SignedIdentifier><Id>test2</Id><AccessPolicy><Start>2016-01-01T00:00:00.0000000Z</Start></AccessPolicy></SignedIdentifier><SignedIdentifier><Id>test3</Id><AccessPolicy><Expiry>2018-01-01T00:00:00.0000000Z</Expiry></AccessPolicy></SignedIdentifier><SignedIdentifier><Id>test4</Id><AccessPolicy><Start>2016-01-01T00:00:00.0000000Z</Start><Expiry>2016-05-01T00:00:00.0000000Z</Expiry><Permission>raud</Permission></AccessPolicy></SignedIdentifier></SignedIdentifiers>"}
    headers:
      content-type: [application/xml]
      date: ['Tue, 14 Aug 2018 17:59:59 GMT']
      server: [Windows-Azure-Table/1.0 Microsoft-HTTPAPI/2.0]
      transfer-encoding: [chunked]
      x-ms-version: ['2017-04-17']
    status: {code: 200, message: OK}
- request:
    body: '<?xml version=''1.0'' encoding=''utf-8''?>

      <SignedIdentifiers><SignedIdentifier><Id>test2</Id><AccessPolicy><Start>2016-01-01T00:00:00Z</Start></AccessPolicy></SignedIdentifier><SignedIdentifier><Id>test3</Id><AccessPolicy><Expiry>2018-01-01T00:00:00Z</Expiry></AccessPolicy></SignedIdentifier><SignedIdentifier><Id>test4</Id><AccessPolicy><Start>2016-01-01T00:00:00Z</Start><Expiry>2016-05-01T00:00:00Z</Expiry><Permission>raud</Permission></AccessPolicy></SignedIdentifier></SignedIdentifiers>'
    headers:
      Connection: [keep-alive]
      Content-Length: ['491']
      DataServiceVersion: [3.0;NetFx]
      MaxDataServiceVersion: ['3.0']
      User-Agent: [Azure-CosmosDB/0.37.1 (Python CPython 3.7.0; Windows 10) AZURECLI/2.0.45]
      x-ms-date: ['Tue, 14 Aug 2018 17:59:59 GMT']
      x-ms-version: ['2017-04-17']
    method: PUT
    uri: https://clitest000002.table.core.windows.net/table000003?comp=acl
  response:
    body: {string: ''}
    headers:
      content-length: ['0']
      date: ['Tue, 14 Aug 2018 17:59:59 GMT']
      server: [Windows-Azure-Table/1.0 Microsoft-HTTPAPI/2.0]
      x-ms-version: ['2017-04-17']
    status: {code: 204, message: No Content}
- request:
    body: null
    headers:
      Connection: [keep-alive]
      DataServiceVersion: [3.0;NetFx]
      MaxDataServiceVersion: ['3.0']
      User-Agent: [Azure-CosmosDB/0.37.1 (Python CPython 3.7.0; Windows 10) AZURECLI/2.0.45]
      x-ms-date: ['Tue, 14 Aug 2018 18:00:00 GMT']
      x-ms-version: ['2017-04-17']
    method: GET
    uri: https://clitest000002.table.core.windows.net/table000003?comp=acl
  response:
    body: {string: "\uFEFF<?xml version=\"1.0\" encoding=\"utf-8\"?><SignedIdentifiers><SignedIdentifier><Id>test2</Id><AccessPolicy><Start>2016-01-01T00:00:00.0000000Z</Start></AccessPolicy></SignedIdentifier><SignedIdentifier><Id>test3</Id><AccessPolicy><Expiry>2018-01-01T00:00:00.0000000Z</Expiry></AccessPolicy></SignedIdentifier><SignedIdentifier><Id>test4</Id><AccessPolicy><Start>2016-01-01T00:00:00.0000000Z</Start><Expiry>2016-05-01T00:00:00.0000000Z</Expiry><Permission>raud</Permission></AccessPolicy></SignedIdentifier></SignedIdentifiers>"}
    headers:
      content-type: [application/xml]
      date: ['Tue, 14 Aug 2018 18:00:00 GMT']
      server: [Windows-Azure-Table/1.0 Microsoft-HTTPAPI/2.0]
      transfer-encoding: [chunked]
      x-ms-version: ['2017-04-17']
    status: {code: 200, message: OK}
- request:
    body: null
    headers:
      Accept: [application/json;odata=minimalmetadata]
      Connection: [keep-alive]
      Content-Length: ['0']
      DataServiceVersion: [3.0;NetFx]
      MaxDataServiceVersion: ['3.0']
      User-Agent: [Azure-CosmosDB/0.37.1 (Python CPython 3.7.0; Windows 10) AZURECLI/2.0.45]
      x-ms-date: ['Tue, 14 Aug 2018 18:00:01 GMT']
      x-ms-version: ['2017-04-17']
    method: DELETE
    uri: https://clitest000002.table.core.windows.net/Tables('table000003')
  response:
    body: {string: ''}
    headers:
      cache-control: [no-cache]
      content-length: ['0']
      date: ['Tue, 14 Aug 2018 18:00:01 GMT']
      server: [Windows-Azure-Table/1.0 Microsoft-HTTPAPI/2.0]
      x-content-type-options: [nosniff]
      x-ms-version: ['2017-04-17']
    status: {code: 204, message: No Content}
- request:
    body: null
    headers:
      Accept: [application/json;odata=nometadata]
      Connection: [keep-alive]
      DataServiceVersion: [3.0;NetFx]
      MaxDataServiceVersion: ['3.0']
      User-Agent: [Azure-CosmosDB/0.37.1 (Python CPython 3.7.0; Windows 10) AZURECLI/2.0.45]
      x-ms-date: ['Tue, 14 Aug 2018 18:00:01 GMT']
      x-ms-version: ['2017-04-17']
    method: GET
    uri: https://clitest000002.table.core.windows.net/Tables('table000003')
  response:
    body: {string: '{"odata.error":{"code":"ResourceNotFound","message":{"lang":"en-US","value":"The
        specified resource does not exist.\nRequestId:169b517d-e002-000b-1cf8-33b0bf000000\nTime:2018-08-14T18:00:01.8121389Z"}}}'}
    headers:
      cache-control: [no-cache]
      content-type: [application/json;odata=nometadata;streaming=true;charset=utf-8]
      date: ['Tue, 14 Aug 2018 18:00:00 GMT']
      server: [Windows-Azure-Table/1.0 Microsoft-HTTPAPI/2.0]
      transfer-encoding: [chunked]
      x-content-type-options: [nosniff]
      x-ms-version: ['2017-04-17']
    status: {code: 404, message: Not Found}
- request:
    body: null
    headers:
      Connection: [keep-alive]
      DataServiceVersion: [3.0;NetFx]
      MaxDataServiceVersion: ['3.0']
      User-Agent: [Azure-CosmosDB/0.37.1 (Python CPython 3.7.0; Windows 10) AZURECLI/2.0.45]
      x-ms-date: ['Tue, 14 Aug 2018 18:00:01 GMT']
      x-ms-version: ['2017-04-17']
    method: GET
    uri: https://clitest000002-secondary.table.core.windows.net/?restype=service&comp=stats
  response:
    body: {string: "\uFEFF<?xml version=\"1.0\" encoding=\"utf-8\"?><StorageServiceStats><GeoReplication><Status>unavailable</Status><LastSyncTime></LastSyncTime></GeoReplication></StorageServiceStats>"}
    headers:
      content-type: [application/xml]
      date: ['Tue, 14 Aug 2018 18:00:02 GMT']
      server: [Windows-Azure-Table/1.0 Microsoft-HTTPAPI/2.0]
      transfer-encoding: [chunked]
      x-ms-version: ['2017-04-17']
    status: {code: 200, message: OK}
- request:
    body: null
    headers:
      Accept: [application/json]
      Accept-Encoding: ['gzip, deflate']
      CommandName: [group delete]
      Connection: [keep-alive]
      Content-Length: ['0']
      Content-Type: [application/json; charset=utf-8]
      User-Agent: [python/3.7.0 (Windows-10-10.0.17134-SP0) requests/2.19.1 msrest/0.5.4
          msrest_azure/0.4.34 resourcemanagementclient/2.0.0 Azure-SDK-For-Python
          AZURECLI/2.0.45]
      accept-language: [en-US]
    method: DELETE
    uri: https://management.azure.com/subscriptions/00000000-0000-0000-0000-000000000000/resourcegroups/clitest.rg000001?api-version=2018-05-01
  response:
    body: {string: ''}
    headers:
      cache-control: [no-cache]
      content-length: ['0']
      date: ['Tue, 14 Aug 2018 18:00:03 GMT']
      expires: ['-1']
      location: ['https://management.azure.com/subscriptions/00000000-0000-0000-0000-000000000000/operationresults/eyJqb2JJZCI6IlJFU09VUkNFR1JPVVBERUxFVElPTkpPQi1DTElURVNUOjJFUkdFUFZGNjVZN09HUFg3RlhTVllDTEg1SFVUVjJXS1hDQTZISnxBMkExQkUwOEFBODg0QkVCLVdFU1RVUyIsImpvYkxvY2F0aW9uIjoid2VzdHVzIn0?api-version=2018-05-01']
      pragma: [no-cache]
      strict-transport-security: [max-age=31536000; includeSubDomains]
      x-content-type-options: [nosniff]
      x-ms-ratelimit-remaining-subscription-deletes: ['14999']
    status: {code: 202, message: Accepted}
version: 1
