interactions:
- request:
    body: '{"location": "westus", "tags": {"product": "azurecli", "cause": "automation",
      "date": "2018-09-12T19:25:58Z"}}'
    headers:
      Accept: [application/json]
      Accept-Encoding: ['gzip, deflate']
      CommandName: [group create]
      Connection: [keep-alive]
      Content-Length: ['110']
      Content-Type: [application/json; charset=utf-8]
      User-Agent: [python/3.6.5 (Windows-10-10.0.17134-SP0) requests/2.19.1 msrest/0.5.4
          msrest_azure/0.4.34 resourcemanagementclient/2.0.0 Azure-SDK-For-Python
          AZURECLI/2.0.46]
      accept-language: [en-US]
    method: PUT
    uri: https://management.azure.com/subscriptions/00000000-0000-0000-0000-000000000000/resourcegroups/clitest.rg000001?api-version=2018-05-01
  response:
    body: {string: '{"id":"/subscriptions/00000000-0000-0000-0000-000000000000/resourceGroups/clitest.rg000001","name":"clitest.rg000001","location":"westus","tags":{"product":"azurecli","cause":"automation","date":"2018-09-12T19:25:58Z"},"properties":{"provisioningState":"Succeeded"}}'}
    headers:
      cache-control: [no-cache]
      content-length: ['384']
      content-type: [application/json; charset=utf-8]
      date: ['Wed, 12 Sep 2018 19:26:02 GMT']
      expires: ['-1']
      pragma: [no-cache]
      strict-transport-security: [max-age=31536000; includeSubDomains]
      x-content-type-options: [nosniff]
      x-ms-ratelimit-remaining-subscription-writes: ['1199']
    status: {code: 201, message: Created}
- request:
    body: '{"sku": {"name": "Standard_RAGRS"}, "kind": "Storage", "location": "westus"}'
    headers:
      Accept: [application/json]
      Accept-Encoding: ['gzip, deflate']
      CommandName: [storage account create]
      Connection: [keep-alive]
      Content-Length: ['76']
      Content-Type: [application/json; charset=utf-8]
      User-Agent: [python/3.6.5 (Windows-10-10.0.17134-SP0) requests/2.19.1 msrest/0.5.4
          msrest_azure/0.4.34 azure-mgmt-storage/2.0.0 Azure-SDK-For-Python AZURECLI/2.0.46]
      accept-language: [en-US]
    method: PUT
    uri: https://management.azure.com/subscriptions/00000000-0000-0000-0000-000000000000/resourceGroups/clitest.rg000001/providers/Microsoft.Storage/storageAccounts/clitest000002?api-version=2018-07-01
  response:
    body: {string: ''}
    headers:
      cache-control: [no-cache]
      content-length: ['0']
      content-type: [text/plain; charset=utf-8]
      date: ['Wed, 12 Sep 2018 19:26:04 GMT']
      expires: ['-1']
      location: ['https://management.azure.com/subscriptions/00000000-0000-0000-0000-000000000000/providers/Microsoft.Storage/locations/westus/asyncoperations/3168bd4f-7dc1-4266-9268-3c1daebab3a2?monitor=true&api-version=2018-07-01']
      pragma: [no-cache]
      server: ['Microsoft-Azure-Storage-Resource-Provider/1.0,Microsoft-HTTPAPI/2.0
          Microsoft-HTTPAPI/2.0']
      strict-transport-security: [max-age=31536000; includeSubDomains]
      x-content-type-options: [nosniff]
      x-ms-ratelimit-remaining-subscription-writes: ['1199']
    status: {code: 202, message: Accepted}
- request:
    body: null
    headers:
      Accept: [application/json]
      Accept-Encoding: ['gzip, deflate']
      CommandName: [storage account create]
      Connection: [keep-alive]
      User-Agent: [python/3.6.5 (Windows-10-10.0.17134-SP0) requests/2.19.1 msrest/0.5.4
          msrest_azure/0.4.34 azure-mgmt-storage/2.0.0 Azure-SDK-For-Python AZURECLI/2.0.46]
    method: GET
    uri: https://management.azure.com/subscriptions/00000000-0000-0000-0000-000000000000/providers/Microsoft.Storage/locations/westus/asyncoperations/3168bd4f-7dc1-4266-9268-3c1daebab3a2?monitor=true&api-version=2018-07-01
  response:
    body: {string: '{"sku":{"name":"Standard_RAGRS","tier":"Standard"},"kind":"Storage","id":"/subscriptions/00000000-0000-0000-0000-000000000000/resourceGroups/clitest.rg000001/providers/Microsoft.Storage/storageAccounts/clitest000002","name":"clitest000002","type":"Microsoft.Storage/storageAccounts","location":"westus","tags":{},"properties":{"networkAcls":{"bypass":"AzureServices","virtualNetworkRules":[],"ipRules":[],"defaultAction":"Allow"},"trustedDirectories":["72f988bf-86f1-41af-91ab-2d7cd011db47"],"supportsHttpsTrafficOnly":false,"encryption":{"services":{"file":{"enabled":true,"lastEnabledTime":"2018-09-12T19:26:04.2546185Z"},"blob":{"enabled":true,"lastEnabledTime":"2018-09-12T19:26:04.2546185Z"}},"keySource":"Microsoft.Storage"},"provisioningState":"Succeeded","creationTime":"2018-09-12T19:26:03.6304998Z","primaryEndpoints":{"blob":"https://clitest000002.blob.core.windows.net/","queue":"https://clitest000002.queue.core.windows.net/","table":"https://clitest000002.table.core.windows.net/","file":"https://clitest000002.file.core.windows.net/"},"primaryLocation":"westus","statusOfPrimary":"available","secondaryLocation":"eastus","statusOfSecondary":"available","secondaryEndpoints":{"blob":"https://clitest000002-secondary.blob.core.windows.net/","queue":"https://clitest000002-secondary.queue.core.windows.net/","table":"https://clitest000002-secondary.table.core.windows.net/"}}}'}
    headers:
      cache-control: [no-cache]
      content-length: ['1546']
      content-type: [application/json]
      date: ['Wed, 12 Sep 2018 19:26:21 GMT']
      expires: ['-1']
      pragma: [no-cache]
      server: ['Microsoft-Azure-Storage-Resource-Provider/1.0,Microsoft-HTTPAPI/2.0
          Microsoft-HTTPAPI/2.0']
      strict-transport-security: [max-age=31536000; includeSubDomains]
      transfer-encoding: [chunked]
      vary: [Accept-Encoding]
      x-content-type-options: [nosniff]
    status: {code: 200, message: OK}
- request:
    body: null
    headers:
      Accept: [application/json]
      Accept-Encoding: ['gzip, deflate']
      CommandName: [storage account keys list]
      Connection: [keep-alive]
      Content-Length: ['0']
      User-Agent: [python/3.6.5 (Windows-10-10.0.17134-SP0) requests/2.19.1 msrest/0.5.4
          msrest_azure/0.4.34 azure-mgmt-storage/2.0.0 Azure-SDK-For-Python AZURECLI/2.0.46]
      accept-language: [en-US]
    method: POST
    uri: https://management.azure.com/subscriptions/00000000-0000-0000-0000-000000000000/resourceGroups/clitest.rg000001/providers/Microsoft.Storage/storageAccounts/clitest000002/listKeys?api-version=2018-07-01
  response:
    body: {string: '{"keys":[{"keyName":"key1","value":"cWxvYYz9n9UAsxZjHWNGJDQLAl2vECcH7LTLeFRZ1KyGqtK8CJaqHC85/RagQFUr7b2KNPYDihnbvYiA73vf7g==","permissions":"FULL"},{"keyName":"key2","value":"sWVrOrIUOrJEutfC62WeSt6crm1F2VGpUp1/L0rPMMlnTTL4mST58SLiXkJTP+izNfoKUv1iSoLF87qs54arfQ==","permissions":"FULL"}]}'}
    headers:
      cache-control: [no-cache]
      content-length: ['288']
      content-type: [application/json]
      date: ['Wed, 12 Sep 2018 19:26:22 GMT']
      expires: ['-1']
      pragma: [no-cache]
      server: ['Microsoft-Azure-Storage-Resource-Provider/1.0,Microsoft-HTTPAPI/2.0
          Microsoft-HTTPAPI/2.0']
      strict-transport-security: [max-age=31536000; includeSubDomains]
      transfer-encoding: [chunked]
      vary: [Accept-Encoding]
      x-content-type-options: [nosniff]
      x-ms-ratelimit-remaining-subscription-writes: ['1198']
    status: {code: 200, message: OK}
- request:
    body: null
    headers:
      Accept: [application/json]
      Accept-Encoding: ['gzip, deflate']
      CommandName: [storage account keys list]
      Connection: [keep-alive]
      Content-Length: ['0']
      User-Agent: [python/3.6.5 (Windows-10-10.0.17134-SP0) requests/2.19.1 msrest/0.5.4
          msrest_azure/0.4.34 azure-mgmt-storage/2.0.0 Azure-SDK-For-Python AZURECLI/2.0.46]
      accept-language: [en-US]
    method: POST
    uri: https://management.azure.com/subscriptions/00000000-0000-0000-0000-000000000000/resourceGroups/clitest.rg000001/providers/Microsoft.Storage/storageAccounts/clitest000002/listKeys?api-version=2018-07-01
  response:
    body: {string: '{"keys":[{"keyName":"key1","value":"cWxvYYz9n9UAsxZjHWNGJDQLAl2vECcH7LTLeFRZ1KyGqtK8CJaqHC85/RagQFUr7b2KNPYDihnbvYiA73vf7g==","permissions":"FULL"},{"keyName":"key2","value":"sWVrOrIUOrJEutfC62WeSt6crm1F2VGpUp1/L0rPMMlnTTL4mST58SLiXkJTP+izNfoKUv1iSoLF87qs54arfQ==","permissions":"FULL"}]}'}
    headers:
      cache-control: [no-cache]
      content-length: ['288']
      content-type: [application/json]
      date: ['Wed, 12 Sep 2018 19:26:23 GMT']
      expires: ['-1']
      pragma: [no-cache]
      server: ['Microsoft-Azure-Storage-Resource-Provider/1.0,Microsoft-HTTPAPI/2.0
          Microsoft-HTTPAPI/2.0']
      strict-transport-security: [max-age=31536000; includeSubDomains]
      transfer-encoding: [chunked]
      vary: [Accept-Encoding]
      x-content-type-options: [nosniff]
      x-ms-ratelimit-remaining-subscription-writes: ['1198']
    status: {code: 200, message: OK}
- request:
    body: null
    headers:
      Connection: [keep-alive]
      Content-Length: ['0']
      User-Agent: [Azure-Storage/1.2.0rc1-1.2.0rc1 (Python CPython 3.6.5; Windows
          10) AZURECLI/2.0.46]
      x-ms-date: ['Wed, 12 Sep 2018 19:26:24 GMT']
      x-ms-meta-a: [b]
      x-ms-meta-c: [d]
      x-ms-version: ['2018-03-28']
    method: PUT
    uri: https://clitest000002.queue.core.windows.net/queue000003
  response:
    body: {string: ''}
    headers:
      date: ['Wed, 12 Sep 2018 19:26:24 GMT']
      server: [Windows-Azure-Queue/1.0 Microsoft-HTTPAPI/2.0]
      transfer-encoding: [chunked]
      x-ms-version: ['2018-03-28']
    status: {code: 201, message: Created}
- request:
    body: null
    headers:
      Connection: [keep-alive]
      User-Agent: [Azure-Storage/1.2.0rc1-1.2.0rc1 (Python CPython 3.6.5; Windows
          10) AZURECLI/2.0.46]
      x-ms-date: ['Wed, 12 Sep 2018 19:26:24 GMT']
      x-ms-version: ['2018-03-28']
    method: GET
    uri: https://clitest000002.queue.core.windows.net/queue000003?comp=metadata
  response:
    body: {string: ''}
    headers:
      cache-control: [no-cache]
      date: ['Wed, 12 Sep 2018 19:26:24 GMT']
      server: [Windows-Azure-Queue/1.0 Microsoft-HTTPAPI/2.0]
      transfer-encoding: [chunked]
      x-ms-approximate-messages-count: ['0']
      x-ms-meta-a: [b]
      x-ms-meta-c: [d]
      x-ms-version: ['2018-03-28']
    status: {code: 200, message: OK}
- request:
    body: null
    headers:
      Connection: [keep-alive]
      User-Agent: [Azure-Storage/1.2.0rc1-1.2.0rc1 (Python CPython 3.6.5; Windows
          10) AZURECLI/2.0.46]
      x-ms-date: ['Wed, 12 Sep 2018 19:26:25 GMT']
      x-ms-version: ['2018-03-28']
    method: GET
    uri: https://clitest000002.queue.core.windows.net/?comp=list
  response:
    body: {string: "\uFEFF<?xml version=\"1.0\" encoding=\"utf-8\"?><EnumerationResults
        ServiceEndpoint=\"https://clitest000002.queue.core.windows.net/\"><Queues><Queue><Name>queue000003</Name></Queue></Queues><NextMarker
        /></EnumerationResults>"}
    headers:
      cache-control: [no-cache]
      content-type: [application/xml]
      date: ['Wed, 12 Sep 2018 19:26:25 GMT']
      server: [Windows-Azure-Queue/1.0 Microsoft-HTTPAPI/2.0]
      transfer-encoding: [chunked]
      x-ms-version: ['2018-03-28']
    status: {code: 200, message: OK}
- request:
    body: null
    headers:
      Connection: [keep-alive]
      User-Agent: [Azure-Storage/1.2.0rc1-1.2.0rc1 (Python CPython 3.6.5; Windows
          10) AZURECLI/2.0.46]
      x-ms-date: ['Wed, 12 Sep 2018 19:26:26 GMT']
      x-ms-version: ['2018-03-28']
    method: GET
    uri: https://clitest000002.queue.core.windows.net/queue000003?comp=metadata
  response:
    body: {string: ''}
    headers:
      cache-control: [no-cache]
      date: ['Wed, 12 Sep 2018 19:26:25 GMT']
      server: [Windows-Azure-Queue/1.0 Microsoft-HTTPAPI/2.0]
      transfer-encoding: [chunked]
      x-ms-approximate-messages-count: ['0']
      x-ms-meta-a: [b]
      x-ms-meta-c: [d]
      x-ms-version: ['2018-03-28']
    status: {code: 200, message: OK}
- request:
    body: null
    headers:
      Connection: [keep-alive]
      Content-Length: ['0']
      User-Agent: [Azure-Storage/1.2.0rc1-1.2.0rc1 (Python CPython 3.6.5; Windows
          10) AZURECLI/2.0.46]
      x-ms-date: ['Wed, 12 Sep 2018 19:26:26 GMT']
      x-ms-meta-e: [f]
      x-ms-meta-g: [h]
      x-ms-version: ['2018-03-28']
    method: PUT
    uri: https://clitest000002.queue.core.windows.net/queue000003?comp=metadata
  response:
    body: {string: ''}
    headers:
      content-length: ['0']
      date: ['Wed, 12 Sep 2018 19:26:26 GMT']
      server: [Windows-Azure-Queue/1.0 Microsoft-HTTPAPI/2.0]
      x-ms-version: ['2018-03-28']
    status: {code: 204, message: No Content}
- request:
    body: null
    headers:
      Connection: [keep-alive]
      User-Agent: [Azure-Storage/1.2.0rc1-1.2.0rc1 (Python CPython 3.6.5; Windows
          10) AZURECLI/2.0.46]
      x-ms-date: ['Wed, 12 Sep 2018 19:26:27 GMT']
      x-ms-version: ['2018-03-28']
    method: GET
    uri: https://clitest000002.queue.core.windows.net/queue000003?comp=metadata
  response:
    body: {string: ''}
    headers:
      cache-control: [no-cache]
      date: ['Wed, 12 Sep 2018 19:26:26 GMT']
      server: [Windows-Azure-Queue/1.0 Microsoft-HTTPAPI/2.0]
      transfer-encoding: [chunked]
      x-ms-approximate-messages-count: ['0']
      x-ms-meta-e: [f]
      x-ms-meta-g: [h]
      x-ms-version: ['2018-03-28']
    status: {code: 200, message: OK}
- request:
    body: null
    headers:
      Connection: [keep-alive]
      User-Agent: [Azure-Storage/1.2.0rc1-1.2.0rc1 (Python CPython 3.6.5; Windows
          10) AZURECLI/2.0.46]
      x-ms-date: ['Wed, 12 Sep 2018 19:26:27 GMT']
      x-ms-version: ['2018-03-28']
    method: GET
    uri: https://clitest000002.queue.core.windows.net/queue000003?comp=acl
  response:
    body: {string: "\uFEFF<?xml version=\"1.0\" encoding=\"utf-8\"?><SignedIdentifiers
        />"}
    headers:
      cache-control: [no-cache]
      content-type: [application/xml]
      date: ['Wed, 12 Sep 2018 19:26:27 GMT']
      server: [Windows-Azure-Queue/1.0 Microsoft-HTTPAPI/2.0]
      transfer-encoding: [chunked]
      x-ms-version: ['2018-03-28']
    status: {code: 200, message: OK}
- request:
    body: null
    headers:
      Connection: [keep-alive]
      User-Agent: [Azure-Storage/1.2.0rc1-1.2.0rc1 (Python CPython 3.6.5; Windows
          10) AZURECLI/2.0.46]
      x-ms-date: ['Wed, 12 Sep 2018 19:26:28 GMT']
      x-ms-version: ['2018-03-28']
    method: GET
    uri: https://clitest000002.queue.core.windows.net/queue000003?comp=acl
  response:
    body: {string: "\uFEFF<?xml version=\"1.0\" encoding=\"utf-8\"?><SignedIdentifiers
        />"}
    headers:
      cache-control: [no-cache]
      content-type: [application/xml]
      date: ['Wed, 12 Sep 2018 19:26:27 GMT']
      server: [Windows-Azure-Queue/1.0 Microsoft-HTTPAPI/2.0]
      transfer-encoding: [chunked]
      x-ms-version: ['2018-03-28']
    status: {code: 200, message: OK}
- request:
    body: b"<?xml version='1.0' encoding='utf-8'?>\n<SignedIdentifiers><SignedIdentifier><Id>policy000004</Id><AccessPolicy><Start>2016-01-01T00:00Z</Start><Expiry>2016-05-01T00:00Z</Expiry><Permission>raup</Permission></AccessPolicy></SignedIdentifier></SignedIdentifiers>"
    headers:
      Connection: [keep-alive]
      Content-Length: ['264']
      User-Agent: [Azure-Storage/1.2.0rc1-1.2.0rc1 (Python CPython 3.6.5; Windows
          10) AZURECLI/2.0.46]
      x-ms-date: ['Wed, 12 Sep 2018 19:26:28 GMT']
      x-ms-version: ['2018-03-28']
    method: PUT
    uri: https://clitest000002.queue.core.windows.net/queue000003?comp=acl
  response:
    body: {string: ''}
    headers:
      content-length: ['0']
      date: ['Wed, 12 Sep 2018 19:26:27 GMT']
      server: [Windows-Azure-Queue/1.0 Microsoft-HTTPAPI/2.0]
      x-ms-version: ['2018-03-28']
    status: {code: 204, message: No Content}
- request:
    body: null
    headers:
      Connection: [keep-alive]
      User-Agent: [Azure-Storage/1.2.0rc1-1.2.0rc1 (Python CPython 3.6.5; Windows
          10) AZURECLI/2.0.46]
      x-ms-date: ['Wed, 12 Sep 2018 19:26:29 GMT']
      x-ms-version: ['2018-03-28']
    method: GET
    uri: https://clitest000002.queue.core.windows.net/queue000003?comp=acl
  response:
    body: {string: "\uFEFF<?xml version=\"1.0\" encoding=\"utf-8\"?><SignedIdentifiers><SignedIdentifier><Id>policy000004</Id><AccessPolicy><Start>2016-01-01T00:00:00.0000000Z</Start><Expiry>2016-05-01T00:00:00.0000000Z</Expiry><Permission>raup</Permission></AccessPolicy></SignedIdentifier></SignedIdentifiers>"}
    headers:
      cache-control: [no-cache]
      content-type: [application/xml]
      date: ['Wed, 12 Sep 2018 19:26:28 GMT']
      server: [Windows-Azure-Queue/1.0 Microsoft-HTTPAPI/2.0]
      transfer-encoding: [chunked]
      x-ms-version: ['2018-03-28']
    status: {code: 200, message: OK}
- request:
    body: null
    headers:
      Connection: [keep-alive]
      User-Agent: [Azure-Storage/1.2.0rc1-1.2.0rc1 (Python CPython 3.6.5; Windows
          10) AZURECLI/2.0.46]
      x-ms-date: ['Wed, 12 Sep 2018 19:26:29 GMT']
      x-ms-version: ['2018-03-28']
    method: GET
    uri: https://clitest000002.queue.core.windows.net/queue000003?comp=acl
  response:
    body: {string: "\uFEFF<?xml version=\"1.0\" encoding=\"utf-8\"?><SignedIdentifiers><SignedIdentifier><Id>policy000004</Id><AccessPolicy><Start>2016-01-01T00:00:00.0000000Z</Start><Expiry>2016-05-01T00:00:00.0000000Z</Expiry><Permission>raup</Permission></AccessPolicy></SignedIdentifier></SignedIdentifiers>"}
    headers:
      cache-control: [no-cache]
      content-type: [application/xml]
      date: ['Wed, 12 Sep 2018 19:26:29 GMT']
      server: [Windows-Azure-Queue/1.0 Microsoft-HTTPAPI/2.0]
      transfer-encoding: [chunked]
      x-ms-version: ['2018-03-28']
    status: {code: 200, message: OK}
- request:
    body: null
    headers:
      Connection: [keep-alive]
      User-Agent: [Azure-Storage/1.2.0rc1-1.2.0rc1 (Python CPython 3.6.5; Windows
          10) AZURECLI/2.0.46]
      x-ms-date: ['Wed, 12 Sep 2018 19:26:29 GMT']
      x-ms-version: ['2018-03-28']
    method: GET
    uri: https://clitest000002.queue.core.windows.net/queue000003?comp=acl
  response:
    body: {string: "\uFEFF<?xml version=\"1.0\" encoding=\"utf-8\"?><SignedIdentifiers><SignedIdentifier><Id>policy000004</Id><AccessPolicy><Start>2016-01-01T00:00:00.0000000Z</Start><Expiry>2016-05-01T00:00:00.0000000Z</Expiry><Permission>raup</Permission></AccessPolicy></SignedIdentifier></SignedIdentifiers>"}
    headers:
      cache-control: [no-cache]
      content-type: [application/xml]
      date: ['Wed, 12 Sep 2018 19:26:30 GMT']
      server: [Windows-Azure-Queue/1.0 Microsoft-HTTPAPI/2.0]
      transfer-encoding: [chunked]
      x-ms-version: ['2018-03-28']
    status: {code: 200, message: OK}
- request:
    body: b"<?xml version='1.0' encoding='utf-8'?>\n<SignedIdentifiers><SignedIdentifier><Id>policy000004</Id><AccessPolicy><Start>2016-01-01T00:00:00Z</Start><Expiry>2016-05-01T00:00:00Z</Expiry><Permission>ra</Permission></AccessPolicy></SignedIdentifier></SignedIdentifiers>"
    headers:
      Connection: [keep-alive]
      Content-Length: ['268']
      User-Agent: [Azure-Storage/1.2.0rc1-1.2.0rc1 (Python CPython 3.6.5; Windows
          10) AZURECLI/2.0.46]
      x-ms-date: ['Wed, 12 Sep 2018 19:26:30 GMT']
      x-ms-version: ['2018-03-28']
    method: PUT
    uri: https://clitest000002.queue.core.windows.net/queue000003?comp=acl
  response:
    body: {string: ''}
    headers:
      content-length: ['0']
      date: ['Wed, 12 Sep 2018 19:26:30 GMT']
      server: [Windows-Azure-Queue/1.0 Microsoft-HTTPAPI/2.0]
      x-ms-version: ['2018-03-28']
    status: {code: 204, message: No Content}
- request:
    body: null
    headers:
      Connection: [keep-alive]
      User-Agent: [Azure-Storage/1.2.0rc1-1.2.0rc1 (Python CPython 3.6.5; Windows
          10) AZURECLI/2.0.46]
      x-ms-date: ['Wed, 12 Sep 2018 19:26:30 GMT']
      x-ms-version: ['2018-03-28']
    method: GET
    uri: https://clitest000002.queue.core.windows.net/queue000003?comp=acl
  response:
    body: {string: "\uFEFF<?xml version=\"1.0\" encoding=\"utf-8\"?><SignedIdentifiers><SignedIdentifier><Id>policy000004</Id><AccessPolicy><Start>2016-01-01T00:00:00.0000000Z</Start><Expiry>2016-05-01T00:00:00.0000000Z</Expiry><Permission>ra</Permission></AccessPolicy></SignedIdentifier></SignedIdentifiers>"}
    headers:
      cache-control: [no-cache]
      content-type: [application/xml]
      date: ['Wed, 12 Sep 2018 19:26:29 GMT']
      server: [Windows-Azure-Queue/1.0 Microsoft-HTTPAPI/2.0]
      transfer-encoding: [chunked]
      x-ms-version: ['2018-03-28']
    status: {code: 200, message: OK}
- request:
    body: null
    headers:
      Connection: [keep-alive]
      User-Agent: [Azure-Storage/1.2.0rc1-1.2.0rc1 (Python CPython 3.6.5; Windows
          10) AZURECLI/2.0.46]
      x-ms-date: ['Wed, 12 Sep 2018 19:26:30 GMT']
      x-ms-version: ['2018-03-28']
    method: GET
    uri: https://clitest000002.queue.core.windows.net/queue000003?comp=acl
  response:
    body: {string: "\uFEFF<?xml version=\"1.0\" encoding=\"utf-8\"?><SignedIdentifiers><SignedIdentifier><Id>policy000004</Id><AccessPolicy><Start>2016-01-01T00:00:00.0000000Z</Start><Expiry>2016-05-01T00:00:00.0000000Z</Expiry><Permission>ra</Permission></AccessPolicy></SignedIdentifier></SignedIdentifiers>"}
    headers:
      cache-control: [no-cache]
      content-type: [application/xml]
      date: ['Wed, 12 Sep 2018 19:26:30 GMT']
      server: [Windows-Azure-Queue/1.0 Microsoft-HTTPAPI/2.0]
      transfer-encoding: [chunked]
      x-ms-version: ['2018-03-28']
    status: {code: 200, message: OK}
- request:
    body: '<?xml version=''1.0'' encoding=''utf-8''?>

      <SignedIdentifiers />'
    headers:
      Connection: [keep-alive]
      Content-Length: ['60']
      User-Agent: [Azure-Storage/1.2.0rc1-1.2.0rc1 (Python CPython 3.6.5; Windows
          10) AZURECLI/2.0.46]
      x-ms-date: ['Wed, 12 Sep 2018 19:26:31 GMT']
      x-ms-version: ['2018-03-28']
    method: PUT
    uri: https://clitest000002.queue.core.windows.net/queue000003?comp=acl
  response:
    body: {string: ''}
    headers:
      content-length: ['0']
      date: ['Wed, 12 Sep 2018 19:26:30 GMT']
      server: [Windows-Azure-Queue/1.0 Microsoft-HTTPAPI/2.0]
      x-ms-version: ['2018-03-28']
    status: {code: 204, message: No Content}
- request:
    body: null
    headers:
      Connection: [keep-alive]
      User-Agent: [Azure-Storage/1.2.0rc1-1.2.0rc1 (Python CPython 3.6.5; Windows
          10) AZURECLI/2.0.46]
      x-ms-date: ['Wed, 12 Sep 2018 19:26:31 GMT']
      x-ms-version: ['2018-03-28']
    method: GET
    uri: https://clitest000002.queue.core.windows.net/queue000003?comp=acl
  response:
    body: {string: "\uFEFF<?xml version=\"1.0\" encoding=\"utf-8\"?><SignedIdentifiers
        />"}
    headers:
      cache-control: [no-cache]
      content-type: [application/xml]
      date: ['Wed, 12 Sep 2018 19:26:30 GMT']
      server: [Windows-Azure-Queue/1.0 Microsoft-HTTPAPI/2.0]
      transfer-encoding: [chunked]
      x-ms-version: ['2018-03-28']
    status: {code: 200, message: OK}
- request:
    body: '<?xml version=''1.0'' encoding=''utf-8''?>

      <QueueMessage><MessageText>test message</MessageText></QueueMessage>'
    headers:
      Connection: [keep-alive]
      Content-Length: ['107']
      User-Agent: [Azure-Storage/1.2.0rc1-1.2.0rc1 (Python CPython 3.6.5; Windows
          10) AZURECLI/2.0.46]
      x-ms-date: ['Wed, 12 Sep 2018 19:26:31 GMT']
      x-ms-version: ['2018-03-28']
    method: POST
    uri: https://clitest000002.queue.core.windows.net/queue000003/messages
  response:
    body: {string: "\uFEFF<?xml version=\"1.0\" encoding=\"utf-8\"?><QueueMessagesList><QueueMessage><MessageId>2099dc79-38c8-4630-93e4-ab7dcab0412b</MessageId><InsertionTime>Wed,
        12 Sep 2018 19:26:32 GMT</InsertionTime><ExpirationTime>Wed, 19 Sep 2018 19:26:32
        GMT</ExpirationTime><PopReceipt>AgAAAAMAAAAAAAAA57r7gs5K1AE=</PopReceipt><TimeNextVisible>Wed,
        12 Sep 2018 19:26:32 GMT</TimeNextVisible></QueueMessage></QueueMessagesList>"}
    headers:
      content-type: [application/xml]
      date: ['Wed, 12 Sep 2018 19:26:31 GMT']
      server: [Windows-Azure-Queue/1.0 Microsoft-HTTPAPI/2.0]
      transfer-encoding: [chunked]
      x-ms-version: ['2018-03-28']
    status: {code: 201, message: Created}
- request:
    body: null
    headers:
      Connection: [keep-alive]
      User-Agent: [Azure-Storage/1.2.0rc1-1.2.0rc1 (Python CPython 3.6.5; Windows
          10) AZURECLI/2.0.46]
      x-ms-date: ['Wed, 12 Sep 2018 19:26:32 GMT']
      x-ms-version: ['2018-03-28']
    method: GET
    uri: https://clitest000002.queue.core.windows.net/queue000003/messages?peekonly=true
  response:
    body: {string: "\uFEFF<?xml version=\"1.0\" encoding=\"utf-8\"?><QueueMessagesList><QueueMessage><MessageId>2099dc79-38c8-4630-93e4-ab7dcab0412b</MessageId><InsertionTime>Wed,
        12 Sep 2018 19:26:32 GMT</InsertionTime><ExpirationTime>Wed, 19 Sep 2018 19:26:32
        GMT</ExpirationTime><DequeueCount>0</DequeueCount><MessageText>test message</MessageText></QueueMessage></QueueMessagesList>"}
    headers:
      cache-control: [no-cache]
      content-type: [application/xml]
      date: ['Wed, 12 Sep 2018 19:26:32 GMT']
      server: [Windows-Azure-Queue/1.0 Microsoft-HTTPAPI/2.0]
      transfer-encoding: [chunked]
      x-ms-version: ['2018-03-28']
    status: {code: 200, message: OK}
- request:
    body: null
    headers:
      Connection: [keep-alive]
      User-Agent: [Azure-Storage/1.2.0rc1-1.2.0rc1 (Python CPython 3.6.5; Windows
          10) AZURECLI/2.0.46]
      x-ms-date: ['Wed, 12 Sep 2018 19:26:33 GMT']
      x-ms-version: ['2018-03-28']
    method: GET
    uri: https://clitest000002.queue.core.windows.net/queue000003/messages
  response:
    body: {string: "\uFEFF<?xml version=\"1.0\" encoding=\"utf-8\"?><QueueMessagesList><QueueMessage><MessageId>2099dc79-38c8-4630-93e4-ab7dcab0412b</MessageId><InsertionTime>Wed,
        12 Sep 2018 19:26:32 GMT</InsertionTime><ExpirationTime>Wed, 19 Sep 2018 19:26:32
        GMT</ExpirationTime><PopReceipt>AgAAAAMAAAAAAAAAgbJ9lc5K1AE=</PopReceipt><TimeNextVisible>Wed,
        12 Sep 2018 19:27:03 GMT</TimeNextVisible><DequeueCount>1</DequeueCount><MessageText>test
        message</MessageText></QueueMessage></QueueMessagesList>"}
    headers:
      cache-control: [no-cache]
      content-type: [application/xml]
      date: ['Wed, 12 Sep 2018 19:26:32 GMT']
      server: [Windows-Azure-Queue/1.0 Microsoft-HTTPAPI/2.0]
      transfer-encoding: [chunked]
      x-ms-version: ['2018-03-28']
    status: {code: 200, message: OK}
- request:
    body: '<?xml version=''1.0'' encoding=''utf-8''?>

      <QueueMessage><MessageText>new message!</MessageText></QueueMessage>'
    headers:
      Connection: [keep-alive]
      Content-Length: ['107']
      User-Agent: [Azure-Storage/1.2.0rc1-1.2.0rc1 (Python CPython 3.6.5; Windows
          10) AZURECLI/2.0.46]
      x-ms-date: ['Wed, 12 Sep 2018 19:26:33 GMT']
      x-ms-version: ['2018-03-28']
    method: PUT
    uri: https://clitest000002.queue.core.windows.net/queue000003/messages/2099dc79-38c8-4630-93e4-ab7dcab0412b?popreceipt=AgAAAAMAAAAAAAAAgbJ9lc5K1AE%3D&visibilitytimeout=1
  response:
    body: {string: ''}
    headers:
      content-length: ['0']
      date: ['Wed, 12 Sep 2018 19:26:33 GMT']
      server: [Windows-Azure-Queue/1.0 Microsoft-HTTPAPI/2.0]
      x-ms-popreceipt: [AwAAAAMAAAAAAAAADJNxhM5K1AEBAAAA]
      x-ms-time-next-visible: ['Wed, 12 Sep 2018 19:26:34 GMT']
      x-ms-version: ['2018-03-28']
    status: {code: 204, message: No Content}
- request:
    body: null
    headers:
      Connection: [keep-alive]
      User-Agent: [Azure-Storage/1.2.0rc1-1.2.0rc1 (Python CPython 3.6.5; Windows
          10) AZURECLI/2.0.46]
      x-ms-date: ['Wed, 12 Sep 2018 19:26:35 GMT']
      x-ms-version: ['2018-03-28']
    method: GET
    uri: https://clitest000002.queue.core.windows.net/queue000003/messages?peekonly=true
  response:
    body: {string: "\uFEFF<?xml version=\"1.0\" encoding=\"utf-8\"?><QueueMessagesList><QueueMessage><MessageId>2099dc79-38c8-4630-93e4-ab7dcab0412b</MessageId><InsertionTime>Wed,
        12 Sep 2018 19:26:32 GMT</InsertionTime><ExpirationTime>Wed, 19 Sep 2018 19:26:32
        GMT</ExpirationTime><DequeueCount>1</DequeueCount><MessageText>new message!</MessageText></QueueMessage></QueueMessagesList>"}
    headers:
      cache-control: [no-cache]
      content-type: [application/xml]
      date: ['Wed, 12 Sep 2018 19:26:35 GMT']
      server: [Windows-Azure-Queue/1.0 Microsoft-HTTPAPI/2.0]
      transfer-encoding: [chunked]
      x-ms-version: ['2018-03-28']
    status: {code: 200, message: OK}
- request:
    body: '<?xml version=''1.0'' encoding=''utf-8''?>

      <QueueMessage><MessageText>second message</MessageText></QueueMessage>'
    headers:
      Connection: [keep-alive]
      Content-Length: ['109']
      User-Agent: [Azure-Storage/1.2.0rc1-1.2.0rc1 (Python CPython 3.6.5; Windows
          10) AZURECLI/2.0.46]
      x-ms-date: ['Wed, 12 Sep 2018 19:26:36 GMT']
      x-ms-version: ['2018-03-28']
    method: POST
    uri: https://clitest000002.queue.core.windows.net/queue000003/messages
  response:
    body: {string: "\uFEFF<?xml version=\"1.0\" encoding=\"utf-8\"?><QueueMessagesList><QueueMessage><MessageId>2d6b520e-db94-4817-bc29-d703d14644db</MessageId><InsertionTime>Wed,
        12 Sep 2018 19:26:36 GMT</InsertionTime><ExpirationTime>Wed, 19 Sep 2018 19:26:36
        GMT</ExpirationTime><PopReceipt>AgAAAAMAAAAAAAAAokKAhc5K1AE=</PopReceipt><TimeNextVisible>Wed,
        12 Sep 2018 19:26:36 GMT</TimeNextVisible></QueueMessage></QueueMessagesList>"}
    headers:
      content-type: [application/xml]
      date: ['Wed, 12 Sep 2018 19:26:35 GMT']
      server: [Windows-Azure-Queue/1.0 Microsoft-HTTPAPI/2.0]
      transfer-encoding: [chunked]
      x-ms-version: ['2018-03-28']
    status: {code: 201, message: Created}
- request:
    body: '<?xml version=''1.0'' encoding=''utf-8''?>

      <QueueMessage><MessageText>third message</MessageText></QueueMessage>'
    headers:
      Connection: [keep-alive]
      Content-Length: ['108']
      User-Agent: [Azure-Storage/1.2.0rc1-1.2.0rc1 (Python CPython 3.6.5; Windows
          10) AZURECLI/2.0.46]
      x-ms-date: ['Wed, 12 Sep 2018 19:26:36 GMT']
      x-ms-version: ['2018-03-28']
    method: POST
    uri: https://clitest000002.queue.core.windows.net/queue000003/messages
  response:
    body: {string: "\uFEFF<?xml version=\"1.0\" encoding=\"utf-8\"?><QueueMessagesList><QueueMessage><MessageId>1d30183f-d3a8-4cd6-a413-499d01394f38</MessageId><InsertionTime>Wed,
        12 Sep 2018 19:26:36 GMT</InsertionTime><ExpirationTime>Wed, 19 Sep 2018 19:26:36
        GMT</ExpirationTime><PopReceipt>AgAAAAMAAAAAAAAApu3Khc5K1AE=</PopReceipt><TimeNextVisible>Wed,
        12 Sep 2018 19:26:36 GMT</TimeNextVisible></QueueMessage></QueueMessagesList>"}
    headers:
      content-type: [application/xml]
      date: ['Wed, 12 Sep 2018 19:26:36 GMT']
      server: [Windows-Azure-Queue/1.0 Microsoft-HTTPAPI/2.0]
      transfer-encoding: [chunked]
      x-ms-version: ['2018-03-28']
    status: {code: 201, message: Created}
- request:
    body: null
    headers:
      Connection: [keep-alive]
      User-Agent: [Azure-Storage/1.2.0rc1-1.2.0rc1 (Python CPython 3.6.5; Windows
          10) AZURECLI/2.0.46]
      x-ms-date: ['Wed, 12 Sep 2018 19:26:37 GMT']
      x-ms-version: ['2018-03-28']
    method: GET
    uri: https://clitest000002.queue.core.windows.net/queue000003/messages?peekonly=true&numofmessages=32
  response:
    body: {string: "\uFEFF<?xml version=\"1.0\" encoding=\"utf-8\"?><QueueMessagesList><QueueMessage><MessageId>2099dc79-38c8-4630-93e4-ab7dcab0412b</MessageId><InsertionTime>Wed,
        12 Sep 2018 19:26:32 GMT</InsertionTime><ExpirationTime>Wed, 19 Sep 2018 19:26:32
        GMT</ExpirationTime><DequeueCount>1</DequeueCount><MessageText>new message!</MessageText></QueueMessage><QueueMessage><MessageId>2d6b520e-db94-4817-bc29-d703d14644db</MessageId><InsertionTime>Wed,
        12 Sep 2018 19:26:36 GMT</InsertionTime><ExpirationTime>Wed, 19 Sep 2018 19:26:36
        GMT</ExpirationTime><DequeueCount>0</DequeueCount><MessageText>second message</MessageText></QueueMessage><QueueMessage><MessageId>1d30183f-d3a8-4cd6-a413-499d01394f38</MessageId><InsertionTime>Wed,
        12 Sep 2018 19:26:36 GMT</InsertionTime><ExpirationTime>Wed, 19 Sep 2018 19:26:36
        GMT</ExpirationTime><DequeueCount>0</DequeueCount><MessageText>third message</MessageText></QueueMessage></QueueMessagesList>"}
    headers:
      cache-control: [no-cache]
      content-type: [application/xml]
      date: ['Wed, 12 Sep 2018 19:26:36 GMT']
      server: [Windows-Azure-Queue/1.0 Microsoft-HTTPAPI/2.0]
      transfer-encoding: [chunked]
      x-ms-version: ['2018-03-28']
    status: {code: 200, message: OK}
- request:
    body: null
    headers:
      Connection: [keep-alive]
      User-Agent: [Azure-Storage/1.2.0rc1-1.2.0rc1 (Python CPython 3.6.5; Windows
          10) AZURECLI/2.0.46]
      x-ms-date: ['Wed, 12 Sep 2018 19:26:37 GMT']
      x-ms-version: ['2018-03-28']
    method: GET
    uri: https://clitest000002.queue.core.windows.net/queue000003/messages
  response:
    body: {string: "\uFEFF<?xml version=\"1.0\" encoding=\"utf-8\"?><QueueMessagesList><QueueMessage><MessageId>2099dc79-38c8-4630-93e4-ab7dcab0412b</MessageId><InsertionTime>Wed,
        12 Sep 2018 19:26:32 GMT</InsertionTime><ExpirationTime>Wed, 19 Sep 2018 19:26:32
        GMT</ExpirationTime><PopReceipt>AgAAAAMAAAAAAAAALWkxmM5K1AE=</PopReceipt><TimeNextVisible>Wed,
        12 Sep 2018 19:27:07 GMT</TimeNextVisible><DequeueCount>2</DequeueCount><MessageText>new
        message!</MessageText></QueueMessage></QueueMessagesList>"}
    headers:
      cache-control: [no-cache]
      content-type: [application/xml]
      date: ['Wed, 12 Sep 2018 19:26:37 GMT']
      server: [Windows-Azure-Queue/1.0 Microsoft-HTTPAPI/2.0]
      transfer-encoding: [chunked]
      x-ms-version: ['2018-03-28']
    status: {code: 200, message: OK}
- request:
    body: null
    headers:
      Connection: [keep-alive]
      Content-Length: ['0']
      User-Agent: [Azure-Storage/1.2.0rc1-1.2.0rc1 (Python CPython 3.6.5; Windows
          10) AZURECLI/2.0.46]
      x-ms-date: ['Wed, 12 Sep 2018 19:26:38 GMT']
      x-ms-version: ['2018-03-28']
    method: DELETE
    uri: https://clitest000002.queue.core.windows.net/queue000003/messages/2099dc79-38c8-4630-93e4-ab7dcab0412b?popreceipt=AgAAAAMAAAAAAAAALWkxmM5K1AE%3D
  response:
    body: {string: ''}
    headers:
      content-length: ['0']
      date: ['Wed, 12 Sep 2018 19:26:37 GMT']
      server: [Windows-Azure-Queue/1.0 Microsoft-HTTPAPI/2.0]
      x-ms-version: ['2018-03-28']
    status: {code: 204, message: No Content}
- request:
    body: null
    headers:
      Connection: [keep-alive]
      User-Agent: [Azure-Storage/1.2.0rc1-1.2.0rc1 (Python CPython 3.6.5; Windows
          10) AZURECLI/2.0.46]
      x-ms-date: ['Wed, 12 Sep 2018 19:26:38 GMT']
      x-ms-version: ['2018-03-28']
    method: GET
    uri: https://clitest000002.queue.core.windows.net/queue000003/messages?peekonly=true&numofmessages=32
  response:
    body: {string: "\uFEFF<?xml version=\"1.0\" encoding=\"utf-8\"?><QueueMessagesList><QueueMessage><MessageId>2d6b520e-db94-4817-bc29-d703d14644db</MessageId><InsertionTime>Wed,
        12 Sep 2018 19:26:36 GMT</InsertionTime><ExpirationTime>Wed, 19 Sep 2018 19:26:36
        GMT</ExpirationTime><DequeueCount>0</DequeueCount><MessageText>second message</MessageText></QueueMessage><QueueMessage><MessageId>1d30183f-d3a8-4cd6-a413-499d01394f38</MessageId><InsertionTime>Wed,
        12 Sep 2018 19:26:36 GMT</InsertionTime><ExpirationTime>Wed, 19 Sep 2018 19:26:36
        GMT</ExpirationTime><DequeueCount>0</DequeueCount><MessageText>third message</MessageText></QueueMessage></QueueMessagesList>"}
    headers:
      cache-control: [no-cache]
      content-type: [application/xml]
      date: ['Wed, 12 Sep 2018 19:26:37 GMT']
      server: [Windows-Azure-Queue/1.0 Microsoft-HTTPAPI/2.0]
      transfer-encoding: [chunked]
      x-ms-version: ['2018-03-28']
    status: {code: 200, message: OK}
- request:
    body: null
    headers:
      Connection: [keep-alive]
      Content-Length: ['0']
      User-Agent: [Azure-Storage/1.2.0rc1-1.2.0rc1 (Python CPython 3.6.5; Windows
          10) AZURECLI/2.0.46]
      x-ms-date: ['Wed, 12 Sep 2018 19:26:38 GMT']
      x-ms-version: ['2018-03-28']
    method: DELETE
    uri: https://clitest000002.queue.core.windows.net/queue000003/messages
  response:
    body: {string: ''}
    headers:
      content-length: ['0']
      date: ['Wed, 12 Sep 2018 19:26:38 GMT']
      server: [Windows-Azure-Queue/1.0 Microsoft-HTTPAPI/2.0]
      x-ms-version: ['2018-03-28']
    status: {code: 204, message: No Content}
- request:
    body: null
    headers:
      Connection: [keep-alive]
      User-Agent: [Azure-Storage/1.2.0rc1-1.2.0rc1 (Python CPython 3.6.5; Windows
          10) AZURECLI/2.0.46]
      x-ms-date: ['Wed, 12 Sep 2018 19:26:39 GMT']
      x-ms-version: ['2018-03-28']
    method: GET
    uri: https://clitest000002.queue.core.windows.net/queue000003/messages?peekonly=true&numofmessages=32
  response:
    body: {string: "\uFEFF<?xml version=\"1.0\" encoding=\"utf-8\"?><QueueMessagesList
        />"}
    headers:
      cache-control: [no-cache]
      content-type: [application/xml]
      date: ['Wed, 12 Sep 2018 19:26:38 GMT']
      server: [Windows-Azure-Queue/1.0 Microsoft-HTTPAPI/2.0]
      transfer-encoding: [chunked]
      x-ms-version: ['2018-03-28']
    status: {code: 200, message: OK}
- request:
    body: null
    headers:
      Connection: [keep-alive]
      Content-Length: ['0']
      User-Agent: [Azure-Storage/1.2.0rc1-1.2.0rc1 (Python CPython 3.6.5; Windows
          10) AZURECLI/2.0.46]
      x-ms-date: ['Wed, 12 Sep 2018 19:26:39 GMT']
      x-ms-version: ['2018-03-28']
    method: DELETE
    uri: https://clitest000002.queue.core.windows.net/queue000003
  response:
    body: {string: ''}
    headers:
      content-length: ['0']
      date: ['Wed, 12 Sep 2018 19:26:39 GMT']
      server: [Windows-Azure-Queue/1.0 Microsoft-HTTPAPI/2.0]
      x-ms-version: ['2018-03-28']
    status: {code: 204, message: No Content}
- request:
    body: null
    headers:
      Connection: [keep-alive]
      User-Agent: [Azure-Storage/1.2.0rc1-1.2.0rc1 (Python CPython 3.6.5; Windows
          10) AZURECLI/2.0.46]
      x-ms-date: ['Wed, 12 Sep 2018 19:26:40 GMT']
      x-ms-version: ['2018-03-28']
    method: GET
    uri: https://clitest000002.queue.core.windows.net/queue000003?comp=metadata
  response:
    body: {string: "\uFEFF<?xml version=\"1.0\" encoding=\"utf-8\"?><Error><Code>QueueNotFound</Code><Message>The
        specified queue does not exist.\nRequestId:438fb57f-7003-0026-4dce-4a91be000000\nTime:2018-09-12T19:26:40.3356847Z</Message></Error>"}
    headers:
      content-length: ['217']
      content-type: [application/xml]
      date: ['Wed, 12 Sep 2018 19:26:39 GMT']
      server: [Windows-Azure-Queue/1.0 Microsoft-HTTPAPI/2.0]
      x-ms-error-code: [QueueNotFound]
      x-ms-version: ['2018-03-28']
    status: {code: 404, message: The specified queue does not exist.}
- request:
    body: null
    headers:
      Connection: [keep-alive]
      User-Agent: [Azure-Storage/1.2.0rc1-1.2.0rc1 (Python CPython 3.6.5; Windows
          10) AZURECLI/2.0.46]
      x-ms-date: ['Wed, 12 Sep 2018 19:26:40 GMT']
      x-ms-version: ['2018-03-28']
    method: GET
    uri: https://clitest000002-secondary.queue.core.windows.net/?restype=service&comp=stats
  response:
    body: {string: "\uFEFF<?xml version=\"1.0\" encoding=\"utf-8\"?><StorageServiceStats><GeoReplication><Status>unavailable</Status><LastSyncTime></LastSyncTime></GeoReplication></StorageServiceStats>"}
    headers:
      cache-control: [no-cache]
      content-type: [application/xml]
      date: ['Wed, 12 Sep 2018 19:26:41 GMT']
      server: [Windows-Azure-Queue/1.0 Microsoft-HTTPAPI/2.0]
      transfer-encoding: [chunked]
      x-ms-version: ['2018-03-28']
    status: {code: 200, message: OK}
- request:
    body: null
    headers:
      Accept: [application/json]
      Accept-Encoding: ['gzip, deflate']
      CommandName: [group delete]
      Connection: [keep-alive]
      Content-Length: ['0']
      Content-Type: [application/json; charset=utf-8]
      User-Agent: [python/3.6.5 (Windows-10-10.0.17134-SP0) requests/2.19.1 msrest/0.5.4
          msrest_azure/0.4.34 resourcemanagementclient/2.0.0 Azure-SDK-For-Python
          AZURECLI/2.0.46]
      accept-language: [en-US]
    method: DELETE
    uri: https://management.azure.com/subscriptions/00000000-0000-0000-0000-000000000000/resourcegroups/clitest.rg000001?api-version=2018-05-01
  response:
    body: {string: ''}
    headers:
      cache-control: [no-cache]
      content-length: ['0']
      date: ['Wed, 12 Sep 2018 19:26:41 GMT']
      expires: ['-1']
      location: ['https://management.azure.com/subscriptions/00000000-0000-0000-0000-000000000000/operationresults/eyJqb2JJZCI6IlJFU09VUkNFR1JPVVBERUxFVElPTkpPQi1DTElURVNUOjJFUkc2UE1ENktPWTZVQkxQNFhXRDRYN1VTTVU1WU9ZNzRRSjdINnwzMDdDQzgyN0Y0REIxNDM4LVdFU1RVUyIsImpvYkxvY2F0aW9uIjoid2VzdHVzIn0?api-version=2018-05-01']
      pragma: [no-cache]
      strict-transport-security: [max-age=31536000; includeSubDomains]
      x-content-type-options: [nosniff]
      x-ms-ratelimit-remaining-subscription-deletes: ['14999']
    status: {code: 202, message: Accepted}
version: 1
