interactions:
- request:
    body: '{"location": "westus", "tags": {"product": "azurecli", "cause": "automation",
      "date": "2018-06-27T00:17:52Z"}}'
    headers:
      Accept: [application/json]
      Accept-Encoding: ['gzip, deflate']
      CommandName: [group create]
      Connection: [keep-alive]
      Content-Length: ['110']
      Content-Type: [application/json; charset=utf-8]
      User-Agent: [python/3.6.5 (Windows-10-10.0.17134-SP0) requests/2.19.0 msrest/0.5.0
          msrest_azure/0.4.31 resourcemanagementclient/2.0.0rc2 Azure-SDK-For-Python
          AZURECLI/2.0.40]
      accept-language: [en-US]
    method: PUT
    uri: https://management.azure.com/subscriptions/00000000-0000-0000-0000-000000000000/resourcegroups/clitest.rg000001?api-version=2018-05-01
  response:
    body: {string: '{"id":"/subscriptions/00000000-0000-0000-0000-000000000000/resourceGroups/clitest.rg000001","name":"clitest.rg000001","location":"westus","tags":{"product":"azurecli","cause":"automation","date":"2018-06-27T00:17:52Z"},"properties":{"provisioningState":"Succeeded"}}'}
    headers:
      cache-control: [no-cache]
      content-length: ['384']
      content-type: [application/json; charset=utf-8]
      date: ['Wed, 27 Jun 2018 00:17:54 GMT']
      expires: ['-1']
      pragma: [no-cache]
      strict-transport-security: [max-age=31536000; includeSubDomains]
      x-content-type-options: [nosniff]
      x-ms-ratelimit-remaining-subscription-writes: ['1198']
    status: {code: 201, message: Created}
- request:
    body: null
    headers:
      Accept: [application/json]
      Accept-Encoding: ['gzip, deflate']
      CommandName: [storage account create]
      Connection: [keep-alive]
      Content-Type: [application/json; charset=utf-8]
      User-Agent: [python/3.6.5 (Windows-10-10.0.17134-SP0) requests/2.19.0 msrest/0.5.0
          msrest_azure/0.4.31 resourcemanagementclient/2.0.0rc2 Azure-SDK-For-Python
          AZURECLI/2.0.40]
      accept-language: [en-US]
    method: GET
    uri: https://management.azure.com/subscriptions/00000000-0000-0000-0000-000000000000/resourcegroups/clitest.rg000001?api-version=2018-05-01
  response:
    body: {string: '{"id":"/subscriptions/00000000-0000-0000-0000-000000000000/resourceGroups/clitest.rg000001","name":"clitest.rg000001","location":"westus","tags":{"product":"azurecli","cause":"automation","date":"2018-06-27T00:17:52Z"},"properties":{"provisioningState":"Succeeded"}}'}
    headers:
      cache-control: [no-cache]
      content-length: ['384']
      content-type: [application/json; charset=utf-8]
      date: ['Wed, 27 Jun 2018 00:17:54 GMT']
      expires: ['-1']
      pragma: [no-cache]
      strict-transport-security: [max-age=31536000; includeSubDomains]
      vary: [Accept-Encoding]
      x-content-type-options: [nosniff]
    status: {code: 200, message: OK}
- request:
    body: '{"sku": {"name": "Standard_RAGRS"}, "kind": "StorageV2", "location": "westus",
      "properties": {"supportsHttpsTrafficOnly": false, "isHnsEnabled": false}}'
    headers:
      Accept: [application/json]
      Accept-Encoding: ['gzip, deflate']
      CommandName: [storage account create]
      Connection: [keep-alive]
      Content-Length: ['152']
      Content-Type: [application/json; charset=utf-8]
      User-Agent: [python/3.6.5 (Windows-10-10.0.17134-SP0) requests/2.19.0 msrest/0.5.0
          msrest_azure/0.4.31 azure-mgmt-storage/2.0.0rc3 Azure-SDK-For-Python AZURECLI/2.0.40]
      accept-language: [en-US]
    method: PUT
    uri: https://management.azure.com/subscriptions/00000000-0000-0000-0000-000000000000/resourceGroups/clitest.rg000001/providers/Microsoft.Storage/storageAccounts/clistorage000002?api-version=2018-03-01-preview
  response:
    body: {string: ''}
    headers:
      cache-control: [no-cache]
      content-length: ['0']
      content-type: [text/plain; charset=utf-8]
      date: ['Wed, 27 Jun 2018 00:17:56 GMT']
      expires: ['-1']
      location: ['https://management.azure.com/subscriptions/00000000-0000-0000-0000-000000000000/providers/Microsoft.Storage/locations/westus/asyncoperations/4dd5ff42-1e11-4c80-a14b-c76a25a6af43?monitor=true&api-version=2018-03-01-preview']
      pragma: [no-cache]
      server: ['Microsoft-Azure-Storage-Resource-Provider/1.0,Microsoft-HTTPAPI/2.0
          Microsoft-HTTPAPI/2.0']
      strict-transport-security: [max-age=31536000; includeSubDomains]
      x-content-type-options: [nosniff]
      x-ms-ratelimit-remaining-subscription-writes: ['1199']
    status: {code: 202, message: Accepted}
- request:
    body: null
    headers:
      Accept: [application/json]
      Accept-Encoding: ['gzip, deflate']
      CommandName: [storage account create]
      Connection: [keep-alive]
      User-Agent: [python/3.6.5 (Windows-10-10.0.17134-SP0) requests/2.19.0 msrest/0.5.0
          msrest_azure/0.4.31 azure-mgmt-storage/2.0.0rc3 Azure-SDK-For-Python AZURECLI/2.0.40]
    method: GET
    uri: https://management.azure.com/subscriptions/00000000-0000-0000-0000-000000000000/providers/Microsoft.Storage/locations/westus/asyncoperations/4dd5ff42-1e11-4c80-a14b-c76a25a6af43?monitor=true&api-version=2018-03-01-preview
  response:
    body: {string: '{"sku":{"name":"Standard_RAGRS","tier":"Standard"},"kind":"StorageV2","id":"/subscriptions/00000000-0000-0000-0000-000000000000/resourceGroups/clitest.rg000001/providers/Microsoft.Storage/storageAccounts/clistorage000002","name":"clistorage000002","type":"Microsoft.Storage/storageAccounts","location":"westus","tags":{},"properties":{"isHnsEnabled":false,"networkAcls":{"bypass":"AzureServices","virtualNetworkRules":[],"ipRules":[],"defaultAction":"Allow"},"trustedDirectories":["72f988bf-86f1-41af-91ab-2d7cd011db47"],"supportsHttpsTrafficOnly":false,"encryption":{"services":{"file":{"enabled":true,"lastEnabledTime":"2018-06-27T00:17:56.8422453Z"},"blob":{"enabled":true,"lastEnabledTime":"2018-06-27T00:17:56.8422453Z"}},"keySource":"Microsoft.Storage"},"accessTier":"Hot","provisioningState":"Succeeded","creationTime":"2018-06-27T00:17:56.7015542Z","primaryEndpoints":{"web":"https://clistorage000002.z22.web.core.windows.net/","blob":"https://clistorage000002.blob.core.windows.net/","queue":"https://clistorage000002.queue.core.windows.net/","table":"https://clistorage000002.table.core.windows.net/","file":"https://clistorage000002.file.core.windows.net/"},"primaryLocation":"westus","statusOfPrimary":"available","secondaryLocation":"eastus","statusOfSecondary":"available","secondaryEndpoints":{"web":"https://clistorage000002-secondary.z22.web.core.windows.net/","blob":"https://clistorage000002-secondary.blob.core.windows.net/","queue":"https://clistorage000002-secondary.queue.core.windows.net/","table":"https://clistorage000002-secondary.table.core.windows.net/"}}}'}
    headers:
      cache-control: [no-cache]
      content-length: ['1688']
      content-type: [application/json]
      date: ['Wed, 27 Jun 2018 00:18:13 GMT']
      expires: ['-1']
      pragma: [no-cache]
      server: ['Microsoft-Azure-Storage-Resource-Provider/1.0,Microsoft-HTTPAPI/2.0
          Microsoft-HTTPAPI/2.0']
      strict-transport-security: [max-age=31536000; includeSubDomains]
      transfer-encoding: [chunked]
      vary: [Accept-Encoding]
      x-content-type-options: [nosniff]
    status: {code: 200, message: OK}
- request:
    body: null
    headers:
      Accept: [application/json]
      Accept-Encoding: ['gzip, deflate']
      CommandName: [storage container create]
      Connection: [keep-alive]
      Content-Type: [application/json; charset=utf-8]
      User-Agent: [python/3.6.5 (Windows-10-10.0.17134-SP0) requests/2.19.0 msrest/0.5.0
          msrest_azure/0.4.31 azure-mgmt-storage/2.0.0rc3 Azure-SDK-For-Python AZURECLI/2.0.40]
      accept-language: [en-US]
    method: GET
    uri: https://management.azure.com/subscriptions/00000000-0000-0000-0000-000000000000/providers/Microsoft.Storage/storageAccounts?api-version=2018-03-01-preview
  response:
    body: {string: '{"value":[{"sku":{"name":"Standard_GRS","tier":"Standard"},"kind":"StorageV2","id":"/subscriptions/00000000-0000-0000-0000-000000000000/resourceGroups/amar/providers/Microsoft.Storage/storageAccounts/nodetest12","name":"nodetest12","type":"Microsoft.Storage/storageAccounts","location":"eastus","tags":{},"properties":{"networkAcls":{"bypass":"AzureServices","virtualNetworkRules":[],"ipRules":[],"defaultAction":"Allow"},"trustedDirectories":["72f988bf-86f1-41af-91ab-2d7cd011db47"],"supportsHttpsTrafficOnly":false,"encryption":{"services":{"file":{"enabled":true,"lastEnabledTime":"2018-06-11T22:34:54.8545695Z"},"blob":{"enabled":true,"lastEnabledTime":"2018-06-11T22:34:54.8545695Z"}},"keySource":"Microsoft.Storage"},"accessTier":"Hot","provisioningState":"Succeeded","creationTime":"2018-06-11T22:34:54.6358258Z","primaryEndpoints":{"web":"https://nodetest12.z13.web.core.windows.net/","blob":"https://nodetest12.blob.core.windows.net/","queue":"https://nodetest12.queue.core.windows.net/","table":"https://nodetest12.table.core.windows.net/","file":"https://nodetest12.file.core.windows.net/"},"primaryLocation":"eastus","statusOfPrimary":"available","secondaryLocation":"westus","statusOfSecondary":"available"}},{"sku":{"name":"Standard_RAGRS","tier":"Standard"},"kind":"Storage","id":"/subscriptions/00000000-0000-0000-0000-000000000000/resourceGroups/wilxgroup1/providers/Microsoft.Storage/storageAccounts/wilxstorage","name":"wilxstorage","type":"Microsoft.Storage/storageAccounts","location":"westus","tags":{},"properties":{"networkAcls":{"bypass":"AzureServices","virtualNetworkRules":[],"ipRules":[],"defaultAction":"Allow"},"trustedDirectories":["72f988bf-86f1-41af-91ab-2d7cd011db47"],"supportsHttpsTrafficOnly":false,"encryption":{"services":{"file":{"enabled":true,"lastEnabledTime":"2018-06-14T19:36:28.8945460Z"},"blob":{"enabled":true,"lastEnabledTime":"2018-06-14T19:36:28.8945460Z"}},"keySource":"Microsoft.Storage"},"provisioningState":"Succeeded","creationTime":"2018-06-14T19:36:28.7383212Z","primaryEndpoints":{"blob":"https://wilxstorage.blob.core.windows.net/","queue":"https://wilxstorage.queue.core.windows.net/","table":"https://wilxstorage.table.core.windows.net/","file":"https://wilxstorage.file.core.windows.net/"},"primaryLocation":"westus","statusOfPrimary":"available","secondaryLocation":"eastus","statusOfSecondary":"available","secondaryEndpoints":{"blob":"https://wilxstorage-secondary.blob.core.windows.net/","queue":"https://wilxstorage-secondary.queue.core.windows.net/","table":"https://wilxstorage-secondary.table.core.windows.net/"}}},{"sku":{"name":"Standard_RAGRS","tier":"Standard"},"kind":"Storage","id":"/subscriptions/00000000-0000-0000-0000-000000000000/resourceGroups/wilxgroup1/providers/Microsoft.Storage/storageAccounts/wilxstorage22","name":"wilxstorage22","type":"Microsoft.Storage/storageAccounts","location":"westus","tags":{},"properties":{"networkAcls":{"bypass":"AzureServices","virtualNetworkRules":[],"ipRules":[],"defaultAction":"Allow"},"trustedDirectories":["72f988bf-86f1-41af-91ab-2d7cd011db47"],"supportsHttpsTrafficOnly":false,"encryption":{"services":{"file":{"enabled":true,"lastEnabledTime":"2018-06-14T20:13:40.8405286Z"},"blob":{"enabled":true,"lastEnabledTime":"2018-06-14T20:13:40.8405286Z"}},"keySource":"Microsoft.Storage"},"provisioningState":"Succeeded","creationTime":"2018-06-14T20:13:40.6373918Z","primaryEndpoints":{"blob":"https://wilxstorage22.blob.core.windows.net/","queue":"https://wilxstorage22.queue.core.windows.net/","table":"https://wilxstorage22.table.core.windows.net/","file":"https://wilxstorage22.file.core.windows.net/"},"primaryLocation":"westus","statusOfPrimary":"available","secondaryLocation":"eastus","statusOfSecondary":"available","secondaryEndpoints":{"blob":"https://wilxstorage22-secondary.blob.core.windows.net/","queue":"https://wilxstorage22-secondary.queue.core.windows.net/","table":"https://wilxstorage22-secondary.table.core.windows.net/"}}},{"sku":{"name":"Standard_RAGRS","tier":"Standard"},"kind":"Storage","id":"/subscriptions/00000000-0000-0000-0000-000000000000/resourceGroups/wilxgroup1/providers/Microsoft.Storage/storageAccounts/wilxstorage23","name":"wilxstorage23","type":"Microsoft.Storage/storageAccounts","location":"westus","tags":{},"properties":{"networkAcls":{"bypass":"AzureServices","virtualNetworkRules":[],"ipRules":[],"defaultAction":"Allow"},"trustedDirectories":["72f988bf-86f1-41af-91ab-2d7cd011db47"],"supportsHttpsTrafficOnly":false,"encryption":{"services":{"file":{"enabled":true,"lastEnabledTime":"2018-06-14T20:14:06.2300026Z"},"blob":{"enabled":true,"lastEnabledTime":"2018-06-14T20:14:06.2300026Z"}},"keySource":"Microsoft.Storage"},"provisioningState":"Succeeded","creationTime":"2018-06-14T20:14:06.0893541Z","primaryEndpoints":{"blob":"https://wilxstorage23.blob.core.windows.net/","queue":"https://wilxstorage23.queue.core.windows.net/","table":"https://wilxstorage23.table.core.windows.net/","file":"https://wilxstorage23.file.core.windows.net/"},"primaryLocation":"westus","statusOfPrimary":"available","secondaryLocation":"eastus","statusOfSecondary":"available","secondaryEndpoints":{"blob":"https://wilxstorage23-secondary.blob.core.windows.net/","queue":"https://wilxstorage23-secondary.queue.core.windows.net/","table":"https://wilxstorage23-secondary.table.core.windows.net/"}}},{"sku":{"name":"Standard_LRS","tier":"Standard"},"kind":"Storage","id":"/subscriptions/00000000-0000-0000-0000-000000000000/resourceGroups/wilxgroup1/providers/Microsoft.Storage/storageAccounts/wilxgroup1diag230","name":"wilxgroup1diag230","type":"Microsoft.Storage/storageAccounts","location":"westus","tags":{},"properties":{"networkAcls":{"bypass":"AzureServices","virtualNetworkRules":[],"ipRules":[],"defaultAction":"Allow"},"trustedDirectories":["72f988bf-86f1-41af-91ab-2d7cd011db47"],"supportsHttpsTrafficOnly":false,"encryption":{"services":{"file":{"enabled":true,"lastEnabledTime":"2018-06-13T21:55:06.8353870Z"},"blob":{"enabled":true,"lastEnabledTime":"2018-06-13T21:55:06.8353870Z"}},"keySource":"Microsoft.Storage"},"provisioningState":"Succeeded","creationTime":"2018-06-13T21:55:06.6635043Z","primaryEndpoints":{"blob":"https://wilxgroup1diag230.blob.core.windows.net/","queue":"https://wilxgroup1diag230.queue.core.windows.net/","table":"https://wilxgroup1diag230.table.core.windows.net/","file":"https://wilxgroup1diag230.file.core.windows.net/"},"primaryLocation":"westus","statusOfPrimary":"available"}},{"sku":{"name":"Standard_LRS","tier":"Standard"},"kind":"Storage","id":"/subscriptions/00000000-0000-0000-0000-000000000000/resourceGroups/clitest.rgslle2whrrtya7zgsjykczzurzm4tjbnkzhtdyfj6fhrzk7svy4l6n5ds7x6cofuar/providers/Microsoft.Storage/storageAccounts/clitestmenyvcjt2wxeofn3b","name":"clitestmenyvcjt2wxeofn3b","type":"Microsoft.Storage/storageAccounts","location":"westus","tags":{},"properties":{"isHnsEnabled":false,"networkAcls":{"bypass":"AzureServices","virtualNetworkRules":[],"ipRules":[],"defaultAction":"Allow"},"trustedDirectories":["72f988bf-86f1-41af-91ab-2d7cd011db47"],"supportsHttpsTrafficOnly":false,"encryption":{"services":{"file":{"enabled":true,"lastEnabledTime":"2018-06-26T21:03:43.3835193Z"},"blob":{"enabled":true,"lastEnabledTime":"2018-06-26T21:03:43.3835193Z"}},"keySource":"Microsoft.Storage"},"provisioningState":"Succeeded","creationTime":"2018-06-26T21:03:43.2429055Z","primaryEndpoints":{"blob":"https://clitestmenyvcjt2wxeofn3b.blob.core.windows.net/","queue":"https://clitestmenyvcjt2wxeofn3b.queue.core.windows.net/","table":"https://clitestmenyvcjt2wxeofn3b.table.core.windows.net/","file":"https://clitestmenyvcjt2wxeofn3b.file.core.windows.net/"},"primaryLocation":"westus","statusOfPrimary":"available"}},{"sku":{"name":"Standard_RAGRS","tier":"Standard"},"kind":"StorageV2","id":"/subscriptions/00000000-0000-0000-0000-000000000000/resourceGroups/clitest.rg000001/providers/Microsoft.Storage/storageAccounts/clistorage000002","name":"clistorage000002","type":"Microsoft.Storage/storageAccounts","location":"westus","tags":{},"properties":{"isHnsEnabled":false,"networkAcls":{"bypass":"AzureServices","virtualNetworkRules":[],"ipRules":[],"defaultAction":"Allow"},"trustedDirectories":["72f988bf-86f1-41af-91ab-2d7cd011db47"],"supportsHttpsTrafficOnly":false,"encryption":{"services":{"file":{"enabled":true,"lastEnabledTime":"2018-06-27T00:17:56.8422453Z"},"blob":{"enabled":true,"lastEnabledTime":"2018-06-27T00:17:56.8422453Z"}},"keySource":"Microsoft.Storage"},"accessTier":"Hot","provisioningState":"Succeeded","creationTime":"2018-06-27T00:17:56.7015542Z","primaryEndpoints":{"web":"https://clistorage000002.z22.web.core.windows.net/","blob":"https://clistorage000002.blob.core.windows.net/","queue":"https://clistorage000002.queue.core.windows.net/","table":"https://clistorage000002.table.core.windows.net/","file":"https://clistorage000002.file.core.windows.net/"},"primaryLocation":"westus","statusOfPrimary":"available","secondaryLocation":"eastus","statusOfSecondary":"available","secondaryEndpoints":{"web":"https://clistorage000002-secondary.z22.web.core.windows.net/","blob":"https://clistorage000002-secondary.blob.core.windows.net/","queue":"https://clistorage000002-secondary.queue.core.windows.net/","table":"https://clistorage000002-secondary.table.core.windows.net/"}}},{"sku":{"name":"Standard_LRS","tier":"Standard"},"kind":"Storage","id":"/subscriptions/00000000-0000-0000-0000-000000000000/resourceGroups/clitestlab1/providers/Microsoft.Storage/storageAccounts/acliautomationlab8902","name":"acliautomationlab8902","type":"Microsoft.Storage/storageAccounts","location":"southcentralus","tags":{"hidden-DevTestLabs-LabUId":"ca9ec547-32c5-422d-b3d2-25906ed71959"},"properties":{"networkAcls":{"bypass":"AzureServices","virtualNetworkRules":[],"ipRules":[],"defaultAction":"Allow"},"trustedDirectories":["72f988bf-86f1-41af-91ab-2d7cd011db47"],"supportsHttpsTrafficOnly":false,"encryption":{"services":{"file":{"enabled":true,"lastEnabledTime":"2018-04-19T16:51:47.2662871Z"},"blob":{"enabled":true,"lastEnabledTime":"2018-04-19T16:51:47.2662871Z"}},"keySource":"Microsoft.Storage"},"provisioningState":"Succeeded","creationTime":"2018-04-19T16:51:47.2194106Z","primaryEndpoints":{"blob":"https://acliautomationlab8902.blob.core.windows.net/","queue":"https://acliautomationlab8902.queue.core.windows.net/","table":"https://acliautomationlab8902.table.core.windows.net/","file":"https://acliautomationlab8902.file.core.windows.net/"},"primaryLocation":"southcentralus","statusOfPrimary":"available"}},{"sku":{"name":"Standard_LRS","tier":"Standard"},"kind":"Storage","id":"/subscriptions/00000000-0000-0000-0000-000000000000/resourceGroups/lmazuel-eventgridtesting/providers/Microsoft.Storage/storageAccounts/eventgridtestin9c1e","name":"eventgridtestin9c1e","type":"Microsoft.Storage/storageAccounts","location":"centralus","tags":{},"properties":{"networkAcls":{"bypass":"AzureServices","virtualNetworkRules":[],"ipRules":[],"defaultAction":"Allow"},"trustedDirectories":["72f988bf-86f1-41af-91ab-2d7cd011db47"],"supportsHttpsTrafficOnly":false,"encryption":{"services":{"file":{"enabled":true,"lastEnabledTime":"2018-05-30T22:57:11.1008680Z"},"blob":{"enabled":true,"lastEnabledTime":"2018-05-30T22:57:11.1008680Z"}},"keySource":"Microsoft.Storage"},"provisioningState":"Succeeded","creationTime":"2018-05-30T22:57:10.9915110Z","primaryEndpoints":{"blob":"https://eventgridtestin9c1e.blob.core.windows.net/","queue":"https://eventgridtestin9c1e.queue.core.windows.net/","table":"https://eventgridtestin9c1e.table.core.windows.net/","file":"https://eventgridtestin9c1e.file.core.windows.net/"},"primaryLocation":"centralus","statusOfPrimary":"available"}},{"sku":{"name":"Premium_LRS","tier":"Premium"},"kind":"Storage","id":"/subscriptions/00000000-0000-0000-0000-000000000000/resourceGroups/lmazuel-testcapture/providers/Microsoft.Storage/storageAccounts/lmazueltestcapture451","name":"lmazueltestcapture451","type":"Microsoft.Storage/storageAccounts","location":"westus2","tags":{},"properties":{"networkAcls":{"bypass":"AzureServices","virtualNetworkRules":[],"ipRules":[],"defaultAction":"Allow"},"trustedDirectories":["72f988bf-86f1-41af-91ab-2d7cd011db47"],"supportsHttpsTrafficOnly":false,"encryption":{"services":{"file":{"enabled":true,"lastEnabledTime":"2018-06-06T16:46:02.5308824Z"},"blob":{"enabled":true,"lastEnabledTime":"2018-06-06T16:46:02.5308824Z"}},"keySource":"Microsoft.Storage"},"provisioningState":"Succeeded","creationTime":"2018-06-06T16:46:02.4527298Z","primaryEndpoints":{"blob":"https://lmazueltestcapture451.blob.core.windows.net/"},"primaryLocation":"westus2","statusOfPrimary":"available"}},{"sku":{"name":"Standard_LRS","tier":"Standard"},"kind":"StorageV2","id":"/subscriptions/00000000-0000-0000-0000-000000000000/resourceGroups/wilxgroup2/providers/Microsoft.Storage/storageAccounts/wilxstorage0","name":"wilxstorage0","type":"Microsoft.Storage/storageAccounts","location":"westus2","tags":{},"properties":{"networkAcls":{"bypass":"AzureServices","virtualNetworkRules":[],"ipRules":[],"defaultAction":"Allow"},"trustedDirectories":["72f988bf-86f1-41af-91ab-2d7cd011db47"],"supportsHttpsTrafficOnly":false,"encryption":{"services":{"file":{"enabled":true,"lastEnabledTime":"2018-04-13T01:05:28.4648959Z"},"blob":{"enabled":true,"lastEnabledTime":"2018-04-13T01:05:28.4648959Z"}},"keySource":"Microsoft.Storage"},"accessTier":"Hot","provisioningState":"Succeeded","creationTime":"2018-04-13T01:05:28.4023820Z","primaryEndpoints":{"web":"https://wilxstorage0.z5.web.core.windows.net/","blob":"https://wilxstorage0.blob.core.windows.net/","queue":"https://wilxstorage0.queue.core.windows.net/","table":"https://wilxstorage0.table.core.windows.net/","file":"https://wilxstorage0.file.core.windows.net/"},"primaryLocation":"westus2","statusOfPrimary":"available"}},{"sku":{"name":"Standard_RAGRS","tier":"Standard"},"kind":"StorageV2","id":"/subscriptions/00000000-0000-0000-0000-000000000000/resourceGroups/clitest.rglaebtqqk7cheshiqgq2hsikdfugudf2e2jxxuj7z36s2hb3au3pkug74nbb6skwat/providers/Microsoft.Storage/storageAccounts/accountz22foj2mrxmdhnecz","name":"accountz22foj2mrxmdhnecz","type":"Microsoft.Storage/storageAccounts","location":"westcentralus","tags":{},"properties":{"isHnsEnabled":false,"networkAcls":{"bypass":"AzureServices","virtualNetworkRules":[],"ipRules":[],"defaultAction":"Allow"},"trustedDirectories":["72f988bf-86f1-41af-91ab-2d7cd011db47"],"supportsHttpsTrafficOnly":false,"encryption":{"services":{"file":{"enabled":true,"lastEnabledTime":"2018-06-26T21:03:42.7089608Z"},"blob":{"enabled":true,"lastEnabledTime":"2018-06-26T21:03:42.7089608Z"}},"keySource":"Microsoft.Storage"},"accessTier":"Hot","provisioningState":"Succeeded","creationTime":"2018-06-26T21:03:42.6620847Z","primaryEndpoints":{"web":"https://accountz22foj2mrxmdhnecz.z4.web.core.windows.net/","blob":"https://accountz22foj2mrxmdhnecz.blob.core.windows.net/","queue":"https://accountz22foj2mrxmdhnecz.queue.core.windows.net/","table":"https://accountz22foj2mrxmdhnecz.table.core.windows.net/","file":"https://accountz22foj2mrxmdhnecz.file.core.windows.net/"},"primaryLocation":"westcentralus","statusOfPrimary":"available","secondaryLocation":"westus2","statusOfSecondary":"available","secondaryEndpoints":{"web":"https://accountz22foj2mrxmdhnecz-secondary.z4.web.core.windows.net/","blob":"https://accountz22foj2mrxmdhnecz-secondary.blob.core.windows.net/","queue":"https://accountz22foj2mrxmdhnecz-secondary.queue.core.windows.net/","table":"https://accountz22foj2mrxmdhnecz-secondary.table.core.windows.net/"}}},{"sku":{"name":"Standard_LRS","tier":"Standard"},"kind":"Storage","id":"/subscriptions/00000000-0000-0000-0000-000000000000/resourceGroups/clitest.rgmr6jo34yofyafj3n6gjbhrgmrd6pwgguthc2u235qfle6y6ztyzrlkuqn544s7cop/providers/Microsoft.Storage/storageAccounts/clitestnlmd52jlcmr4ce7b4","name":"clitestnlmd52jlcmr4ce7b4","type":"Microsoft.Storage/storageAccounts","location":"eastus2euap","tags":{},"properties":{"networkAcls":{"bypass":"AzureServices","virtualNetworkRules":[],"ipRules":[],"defaultAction":"Allow"},"trustedDirectories":["72f988bf-86f1-41af-91ab-2d7cd011db47"],"supportsHttpsTrafficOnly":false,"encryption":{"services":{"file":{"enabled":true,"lastEnabledTime":"2018-04-19T20:14:07.3500611Z"},"blob":{"enabled":true,"lastEnabledTime":"2018-04-19T20:14:07.3500611Z"}},"keySource":"Microsoft.Storage"},"provisioningState":"Succeeded","creationTime":"2018-04-19T20:14:07.3188286Z","primaryEndpoints":{"blob":"https://clitestnlmd52jlcmr4ce7b4.blob.core.windows.net/","queue":"https://clitestnlmd52jlcmr4ce7b4.queue.core.windows.net/","table":"https://clitestnlmd52jlcmr4ce7b4.table.core.windows.net/","file":"https://clitestnlmd52jlcmr4ce7b4.file.core.windows.net/"},"primaryLocation":"eastus2euap","statusOfPrimary":"available"}},{"sku":{"name":"Standard_LRS","tier":"Standard"},"kind":"Storage","id":"/subscriptions/00000000-0000-0000-0000-000000000000/resourceGroups/clitest.rgpfhep77mmcmcn3afvnvskjk3g27ybc7gq6kh5c6vu7ugy7e3ykawkib6u7st25kbi/providers/Microsoft.Storage/storageAccounts/clitest5o5upfigqe5aenkc3","name":"clitest5o5upfigqe5aenkc3","type":"Microsoft.Storage/storageAccounts","location":"eastus2euap","tags":{},"properties":{"networkAcls":{"bypass":"AzureServices","virtualNetworkRules":[],"ipRules":[],"defaultAction":"Allow"},"trustedDirectories":["72f988bf-86f1-41af-91ab-2d7cd011db47"],"supportsHttpsTrafficOnly":false,"encryption":{"services":{"file":{"enabled":true,"lastEnabledTime":"2018-05-25T01:22:12.5013507Z"},"blob":{"enabled":true,"lastEnabledTime":"2018-05-25T01:22:12.5013507Z"}},"keySource":"Microsoft.Storage"},"provisioningState":"Succeeded","creationTime":"2018-05-25T01:22:12.4388487Z","primaryEndpoints":{"blob":"https://clitest5o5upfigqe5aenkc3.blob.core.windows.net/","queue":"https://clitest5o5upfigqe5aenkc3.queue.core.windows.net/","table":"https://clitest5o5upfigqe5aenkc3.table.core.windows.net/","file":"https://clitest5o5upfigqe5aenkc3.file.core.windows.net/"},"primaryLocation":"eastus2euap","statusOfPrimary":"available"}},{"sku":{"name":"Standard_RAGRS","tier":"Standard"},"kind":"Storage","id":"/subscriptions/00000000-0000-0000-0000-000000000000/resourceGroups/wilxgroup3/providers/Microsoft.Storage/storageAccounts/wilxstorageworm","name":"wilxstorageworm","type":"Microsoft.Storage/storageAccounts","location":"eastus2euap","tags":{},"properties":{"networkAcls":{"bypass":"AzureServices","virtualNetworkRules":[],"ipRules":[],"defaultAction":"Allow"},"trustedDirectories":["72f988bf-86f1-41af-91ab-2d7cd011db47"],"supportsHttpsTrafficOnly":false,"encryption":{"services":{"file":{"enabled":true,"lastEnabledTime":"2018-04-13T22:36:53.1534839Z"},"blob":{"enabled":true,"lastEnabledTime":"2018-04-13T22:36:53.1534839Z"}},"keySource":"Microsoft.Storage"},"provisioningState":"Succeeded","creationTime":"2018-04-13T22:36:53.0909769Z","primaryEndpoints":{"blob":"https://wilxstorageworm.blob.core.windows.net/","queue":"https://wilxstorageworm.queue.core.windows.net/","table":"https://wilxstorageworm.table.core.windows.net/","file":"https://wilxstorageworm.file.core.windows.net/"},"primaryLocation":"eastus2euap","statusOfPrimary":"available","secondaryLocation":"centraluseuap","statusOfSecondary":"available","secondaryEndpoints":{"blob":"https://wilxstorageworm-secondary.blob.core.windows.net/","queue":"https://wilxstorageworm-secondary.queue.core.windows.net/","table":"https://wilxstorageworm-secondary.table.core.windows.net/"}}},{"sku":{"name":"Standard_LRS","tier":"Standard"},"kind":"Storage","id":"/subscriptions/00000000-0000-0000-0000-000000000000/resourceGroups/clitest.rgnipcxreywyorqhptpg4lmvsb6sqsef3mezozbrenqq6ufmd3hrh7plmdnorjt5y5x/providers/Microsoft.Storage/storageAccounts/clitestshv4qcdkeictveped","name":"clitestshv4qcdkeictveped","type":"Microsoft.Storage/storageAccounts","location":"eastus2euap","tags":{},"properties":{"networkAcls":{"bypass":"AzureServices","virtualNetworkRules":[],"ipRules":[],"defaultAction":"Allow"},"trustedDirectories":["72f988bf-86f1-41af-91ab-2d7cd011db47"],"supportsHttpsTrafficOnly":false,"encryption":{"services":{"file":{"enabled":true,"lastEnabledTime":"2018-05-14T19:04:11.4311113Z"},"blob":{"enabled":true,"lastEnabledTime":"2018-05-14T19:04:11.4311113Z"}},"keySource":"Microsoft.Storage"},"provisioningState":"Succeeded","creationTime":"2018-05-14T19:04:11.3686065Z","primaryEndpoints":{"blob":"https://clitestshv4qcdkeictveped.blob.core.windows.net/","queue":"https://clitestshv4qcdkeictveped.queue.core.windows.net/","table":"https://clitestshv4qcdkeictveped.table.core.windows.net/","file":"https://clitestshv4qcdkeictveped.file.core.windows.net/"},"primaryLocation":"eastus2euap","statusOfPrimary":"available"}},{"sku":{"name":"Standard_LRS","tier":"Standard"},"kind":"Storage","id":"/subscriptions/00000000-0000-0000-0000-000000000000/resourceGroups/clitest.rgv6extdlzddtno2qf5o37e5g2n2d2x5ah4gq2olmpqezmxibj4h36focak4y6dose7/providers/Microsoft.Storage/storageAccounts/clitestcushmpfbtkste2a2a","name":"clitestcushmpfbtkste2a2a","type":"Microsoft.Storage/storageAccounts","location":"eastus2euap","tags":{},"properties":{"networkAcls":{"bypass":"AzureServices","virtualNetworkRules":[],"ipRules":[],"defaultAction":"Allow"},"trustedDirectories":["72f988bf-86f1-41af-91ab-2d7cd011db47"],"supportsHttpsTrafficOnly":false,"encryption":{"services":{"file":{"enabled":true,"lastEnabledTime":"2018-05-25T01:20:25.1414518Z"},"blob":{"enabled":true,"lastEnabledTime":"2018-05-25T01:20:25.1414518Z"}},"keySource":"Microsoft.Storage"},"provisioningState":"Succeeded","creationTime":"2018-05-25T01:20:25.0780033Z","primaryEndpoints":{"blob":"https://clitestcushmpfbtkste2a2a.blob.core.windows.net/","queue":"https://clitestcushmpfbtkste2a2a.queue.core.windows.net/","table":"https://clitestcushmpfbtkste2a2a.table.core.windows.net/","file":"https://clitestcushmpfbtkste2a2a.file.core.windows.net/"},"primaryLocation":"eastus2euap","statusOfPrimary":"available"}},{"sku":{"name":"Standard_LRS","tier":"Standard"},"kind":"Storage","id":"/subscriptions/00000000-0000-0000-0000-000000000000/resourceGroups/clitest.rg326oxnqqn33y3n42vz6x5xol5rvvw3z4o6tladwwtkmcntnsxhhxxtddtrxwm2edj/providers/Microsoft.Storage/storageAccounts/clitestjwzkdsfuou3niutbd","name":"clitestjwzkdsfuou3niutbd","type":"Microsoft.Storage/storageAccounts","location":"eastus2euap","tags":{},"properties":{"networkAcls":{"bypass":"AzureServices","virtualNetworkRules":[],"ipRules":[],"defaultAction":"Allow"},"trustedDirectories":["72f988bf-86f1-41af-91ab-2d7cd011db47"],"supportsHttpsTrafficOnly":false,"encryption":{"services":{"file":{"enabled":true,"lastEnabledTime":"2018-04-19T20:07:33.1021018Z"},"blob":{"enabled":true,"lastEnabledTime":"2018-04-19T20:07:33.1021018Z"}},"keySource":"Microsoft.Storage"},"provisioningState":"Succeeded","creationTime":"2018-04-19T20:07:33.0552270Z","primaryEndpoints":{"blob":"https://clitestjwzkdsfuou3niutbd.blob.core.windows.net/","queue":"https://clitestjwzkdsfuou3niutbd.queue.core.windows.net/","table":"https://clitestjwzkdsfuou3niutbd.table.core.windows.net/","file":"https://clitestjwzkdsfuou3niutbd.file.core.windows.net/"},"primaryLocation":"eastus2euap","statusOfPrimary":"available"}},{"sku":{"name":"Standard_LRS","tier":"Standard"},"kind":"Storage","id":"/subscriptions/00000000-0000-0000-0000-000000000000/resourceGroups/clitest.rgldagdmcl4pklmwzmr3wftx2kidhw7johz6d7tl6m7raetzzfhpqhrfffu5vwqtfxo/providers/Microsoft.Storage/storageAccounts/clitestt6pqb7xneswrh2sp6","name":"clitestt6pqb7xneswrh2sp6","type":"Microsoft.Storage/storageAccounts","location":"eastus2euap","tags":{},"properties":{"networkAcls":{"bypass":"AzureServices","virtualNetworkRules":[],"ipRules":[],"defaultAction":"Allow"},"trustedDirectories":["72f988bf-86f1-41af-91ab-2d7cd011db47"],"supportsHttpsTrafficOnly":false,"encryption":{"services":{"file":{"enabled":true,"lastEnabledTime":"2018-04-19T17:51:14.8730435Z"},"blob":{"enabled":true,"lastEnabledTime":"2018-04-19T17:51:14.8730435Z"}},"keySource":"Microsoft.Storage"},"provisioningState":"Succeeded","creationTime":"2018-04-19T17:51:14.8105336Z","primaryEndpoints":{"blob":"https://clitestt6pqb7xneswrh2sp6.blob.core.windows.net/","queue":"https://clitestt6pqb7xneswrh2sp6.queue.core.windows.net/","table":"https://clitestt6pqb7xneswrh2sp6.table.core.windows.net/","file":"https://clitestt6pqb7xneswrh2sp6.file.core.windows.net/"},"primaryLocation":"eastus2euap","statusOfPrimary":"available"}},{"sku":{"name":"Standard_LRS","tier":"Standard"},"kind":"Storage","id":"/subscriptions/00000000-0000-0000-0000-000000000000/resourceGroups/clitest.rgf3er5m4irbxsxhyil42jxq3t5ehzphmdzn2gortdlrzyw4i6tlgswx2xrcgldp6oh/providers/Microsoft.Storage/storageAccounts/clitestpabilv4yd6qxvguml","name":"clitestpabilv4yd6qxvguml","type":"Microsoft.Storage/storageAccounts","location":"eastus2euap","tags":{},"properties":{"networkAcls":{"bypass":"AzureServices","virtualNetworkRules":[],"ipRules":[],"defaultAction":"Allow"},"trustedDirectories":["72f988bf-86f1-41af-91ab-2d7cd011db47"],"supportsHttpsTrafficOnly":false,"encryption":{"services":{"file":{"enabled":true,"lastEnabledTime":"2018-04-19T19:20:22.2758006Z"},"blob":{"enabled":true,"lastEnabledTime":"2018-04-19T19:20:22.2758006Z"}},"keySource":"Microsoft.Storage"},"provisioningState":"Succeeded","creationTime":"2018-04-19T19:20:22.2445526Z","primaryEndpoints":{"blob":"https://clitestpabilv4yd6qxvguml.blob.core.windows.net/","queue":"https://clitestpabilv4yd6qxvguml.queue.core.windows.net/","table":"https://clitestpabilv4yd6qxvguml.table.core.windows.net/","file":"https://clitestpabilv4yd6qxvguml.file.core.windows.net/"},"primaryLocation":"eastus2euap","statusOfPrimary":"available"}},{"sku":{"name":"Standard_LRS","tier":"Standard"},"kind":"Storage","id":"/subscriptions/00000000-0000-0000-0000-000000000000/resourceGroups/clitest.rgjzhnckmw5ftoqmm2b5gezwgslvfm2dqg7ldpwvuukicy7ca4unquohsptfrbddr2a/providers/Microsoft.Storage/storageAccounts/clitestvjlqxa4ctzkwwpg4b","name":"clitestvjlqxa4ctzkwwpg4b","type":"Microsoft.Storage/storageAccounts","location":"eastus2euap","tags":{},"properties":{"networkAcls":{"bypass":"AzureServices","virtualNetworkRules":[],"ipRules":[],"defaultAction":"Allow"},"trustedDirectories":["72f988bf-86f1-41af-91ab-2d7cd011db47"],"supportsHttpsTrafficOnly":false,"encryption":{"services":{"file":{"enabled":true,"lastEnabledTime":"2018-05-29T19:38:19.5634738Z"},"blob":{"enabled":true,"lastEnabledTime":"2018-05-29T19:38:19.5634738Z"}},"keySource":"Microsoft.Storage"},"provisioningState":"Succeeded","creationTime":"2018-05-29T19:38:19.5165939Z","primaryEndpoints":{"blob":"https://clitestvjlqxa4ctzkwwpg4b.blob.core.windows.net/","queue":"https://clitestvjlqxa4ctzkwwpg4b.queue.core.windows.net/","table":"https://clitestvjlqxa4ctzkwwpg4b.table.core.windows.net/","file":"https://clitestvjlqxa4ctzkwwpg4b.file.core.windows.net/"},"primaryLocation":"eastus2euap","statusOfPrimary":"available"}},{"sku":{"name":"Standard_LRS","tier":"Standard"},"kind":"Storage","id":"/subscriptions/00000000-0000-0000-0000-000000000000/resourceGroups/clitest.rgwxiadyatfxsixayqfinia7ybjwo5cfoyw65qpuna3alx3x2diwukx4tkcpwir2mbq/providers/Microsoft.Storage/storageAccounts/clitesta2lvllqz23rgasyf7","name":"clitesta2lvllqz23rgasyf7","type":"Microsoft.Storage/storageAccounts","location":"eastus2euap","tags":{},"properties":{"networkAcls":{"bypass":"AzureServices","virtualNetworkRules":[],"ipRules":[],"defaultAction":"Allow"},"trustedDirectories":["72f988bf-86f1-41af-91ab-2d7cd011db47"],"supportsHttpsTrafficOnly":false,"encryption":{"services":{"file":{"enabled":true,"lastEnabledTime":"2018-04-19T17:57:25.6818153Z"},"blob":{"enabled":true,"lastEnabledTime":"2018-04-19T17:57:25.6818153Z"}},"keySource":"Microsoft.Storage"},"provisioningState":"Succeeded","creationTime":"2018-04-19T17:57:25.6193002Z","primaryEndpoints":{"blob":"https://clitesta2lvllqz23rgasyf7.blob.core.windows.net/","queue":"https://clitesta2lvllqz23rgasyf7.queue.core.windows.net/","table":"https://clitesta2lvllqz23rgasyf7.table.core.windows.net/","file":"https://clitesta2lvllqz23rgasyf7.file.core.windows.net/"},"primaryLocation":"eastus2euap","statusOfPrimary":"available"}},{"sku":{"name":"Standard_LRS","tier":"Standard"},"kind":"Storage","id":"/subscriptions/00000000-0000-0000-0000-000000000000/resourceGroups/clitest.rgoo2qxqtbb56w7uujqzhodrozdh7fxg5wxscql4ndybxkardgqzqvheltadic2zoxf/providers/Microsoft.Storage/storageAccounts/clitestfyixx74gs3loj3isf","name":"clitestfyixx74gs3loj3isf","type":"Microsoft.Storage/storageAccounts","location":"eastus2euap","tags":{},"properties":{"networkAcls":{"bypass":"AzureServices","virtualNetworkRules":[],"ipRules":[],"defaultAction":"Allow"},"trustedDirectories":["72f988bf-86f1-41af-91ab-2d7cd011db47"],"supportsHttpsTrafficOnly":false,"encryption":{"services":{"file":{"enabled":true,"lastEnabledTime":"2018-04-19T20:34:26.6293927Z"},"blob":{"enabled":true,"lastEnabledTime":"2018-04-19T20:34:26.6293927Z"}},"keySource":"Microsoft.Storage"},"provisioningState":"Succeeded","creationTime":"2018-04-19T20:34:26.5668681Z","primaryEndpoints":{"blob":"https://clitestfyixx74gs3loj3isf.blob.core.windows.net/","queue":"https://clitestfyixx74gs3loj3isf.queue.core.windows.net/","table":"https://clitestfyixx74gs3loj3isf.table.core.windows.net/","file":"https://clitestfyixx74gs3loj3isf.file.core.windows.net/"},"primaryLocation":"eastus2euap","statusOfPrimary":"available"}},{"sku":{"name":"Standard_LRS","tier":"Standard"},"kind":"Storage","id":"/subscriptions/00000000-0000-0000-0000-000000000000/resourceGroups/clitest.rg6xf4idvnxclgamrcp2ezv54qhk3doyffriwiegbm7ouxjbfmd2cj7izni3bhdv4wf/providers/Microsoft.Storage/storageAccounts/clitestoj23vdhimampujgji","name":"clitestoj23vdhimampujgji","type":"Microsoft.Storage/storageAccounts","location":"eastus2euap","tags":{},"properties":{"networkAcls":{"bypass":"AzureServices","virtualNetworkRules":[],"ipRules":[],"defaultAction":"Allow"},"trustedDirectories":["72f988bf-86f1-41af-91ab-2d7cd011db47"],"supportsHttpsTrafficOnly":false,"encryption":{"services":{"file":{"enabled":true,"lastEnabledTime":"2018-05-15T02:09:49.4622185Z"},"blob":{"enabled":true,"lastEnabledTime":"2018-05-15T02:09:49.4622185Z"}},"keySource":"Microsoft.Storage"},"provisioningState":"Succeeded","creationTime":"2018-05-15T02:09:49.3684695Z","primaryEndpoints":{"blob":"https://clitestoj23vdhimampujgji.blob.core.windows.net/","queue":"https://clitestoj23vdhimampujgji.queue.core.windows.net/","table":"https://clitestoj23vdhimampujgji.table.core.windows.net/","file":"https://clitestoj23vdhimampujgji.file.core.windows.net/"},"primaryLocation":"eastus2euap","statusOfPrimary":"available"}},{"sku":{"name":"Standard_LRS","tier":"Standard"},"kind":"Storage","id":"/subscriptions/00000000-0000-0000-0000-000000000000/resourceGroups/clitest.rgd5ygu6mbq43qw57ncgznekmhwaqlrowjc6dggyk2h6cfwioigvtt3bg7ayqckcwvk/providers/Microsoft.Storage/storageAccounts/clitestixsogcl5p5af5w2p3","name":"clitestixsogcl5p5af5w2p3","type":"Microsoft.Storage/storageAccounts","location":"eastus2euap","tags":{},"properties":{"networkAcls":{"bypass":"AzureServices","virtualNetworkRules":[],"ipRules":[],"defaultAction":"Allow"},"trustedDirectories":["72f988bf-86f1-41af-91ab-2d7cd011db47"],"supportsHttpsTrafficOnly":false,"encryption":{"services":{"file":{"enabled":true,"lastEnabledTime":"2018-04-19T18:00:02.2397791Z"},"blob":{"enabled":true,"lastEnabledTime":"2018-04-19T18:00:02.2397791Z"}},"keySource":"Microsoft.Storage"},"provisioningState":"Succeeded","creationTime":"2018-04-19T18:00:02.2087326Z","primaryEndpoints":{"blob":"https://clitestixsogcl5p5af5w2p3.blob.core.windows.net/","queue":"https://clitestixsogcl5p5af5w2p3.queue.core.windows.net/","table":"https://clitestixsogcl5p5af5w2p3.table.core.windows.net/","file":"https://clitestixsogcl5p5af5w2p3.file.core.windows.net/"},"primaryLocation":"eastus2euap","statusOfPrimary":"available"}},{"sku":{"name":"Standard_LRS","tier":"Standard"},"kind":"Storage","id":"/subscriptions/00000000-0000-0000-0000-000000000000/resourceGroups/clitest.rgeyg7p46zydk24opv23uowejjybhvp2nqcyqpnmknbs7o3w5c3tocuuygkogbvxz5f/providers/Microsoft.Storage/storageAccounts/clitestcrdofae6jvibomf2w","name":"clitestcrdofae6jvibomf2w","type":"Microsoft.Storage/storageAccounts","location":"eastus2euap","tags":{},"properties":{"networkAcls":{"bypass":"AzureServices","virtualNetworkRules":[],"ipRules":[],"defaultAction":"Allow"},"trustedDirectories":["72f988bf-86f1-41af-91ab-2d7cd011db47"],"supportsHttpsTrafficOnly":false,"encryption":{"services":{"file":{"enabled":true,"lastEnabledTime":"2018-04-20T01:19:55.8214506Z"},"blob":{"enabled":true,"lastEnabledTime":"2018-04-20T01:19:55.8214506Z"}},"keySource":"Microsoft.Storage"},"provisioningState":"Succeeded","creationTime":"2018-04-20T01:19:55.7120798Z","primaryEndpoints":{"blob":"https://clitestcrdofae6jvibomf2w.blob.core.windows.net/","queue":"https://clitestcrdofae6jvibomf2w.queue.core.windows.net/","table":"https://clitestcrdofae6jvibomf2w.table.core.windows.net/","file":"https://clitestcrdofae6jvibomf2w.file.core.windows.net/"},"primaryLocation":"eastus2euap","statusOfPrimary":"available"}},{"sku":{"name":"Standard_RAGRS","tier":"Standard"},"kind":"StorageV2","id":"/subscriptions/00000000-0000-0000-0000-000000000000/resourceGroups/wilxgroup3/providers/Microsoft.Storage/storageAccounts/wilxstorageremove","name":"wilxstorageremove","type":"Microsoft.Storage/storageAccounts","location":"eastus2euap","tags":{},"properties":{"isHnsEnabled":false,"networkAcls":{"bypass":"AzureServices","virtualNetworkRules":[],"ipRules":[],"defaultAction":"Allow"},"trustedDirectories":["72f988bf-86f1-41af-91ab-2d7cd011db47"],"supportsHttpsTrafficOnly":false,"encryption":{"services":{"file":{"enabled":true,"lastEnabledTime":"2018-06-27T00:04:33.0042633Z"},"blob":{"enabled":true,"lastEnabledTime":"2018-06-27T00:04:33.0042633Z"}},"keySource":"Microsoft.Storage"},"accessTier":"Hot","provisioningState":"Succeeded","creationTime":"2018-06-27T00:04:32.9417406Z","primaryEndpoints":{"web":"https://wilxstorageremove.z3.web.core.windows.net/","blob":"https://wilxstorageremove.blob.core.windows.net/","queue":"https://wilxstorageremove.queue.core.windows.net/","table":"https://wilxstorageremove.table.core.windows.net/","file":"https://wilxstorageremove.file.core.windows.net/"},"primaryLocation":"eastus2euap","statusOfPrimary":"available","secondaryLocation":"centraluseuap","statusOfSecondary":"available","secondaryEndpoints":{"web":"https://wilxstorageremove-secondary.z3.web.core.windows.net/","blob":"https://wilxstorageremove-secondary.blob.core.windows.net/","queue":"https://wilxstorageremove-secondary.queue.core.windows.net/","table":"https://wilxstorageremove-secondary.table.core.windows.net/"}}},{"sku":{"name":"Standard_LRS","tier":"Standard"},"kind":"Storage","id":"/subscriptions/00000000-0000-0000-0000-000000000000/resourceGroups/clitest.rgeblmtd6pv6car44ga6qwvicwjyuxydhhkaharam4nad6uekgqgm2uiisw7v4a3czx/providers/Microsoft.Storage/storageAccounts/clitestcdx4bwlcvgviotc2p","name":"clitestcdx4bwlcvgviotc2p","type":"Microsoft.Storage/storageAccounts","location":"eastus2euap","tags":{},"properties":{"networkAcls":{"bypass":"AzureServices","virtualNetworkRules":[],"ipRules":[],"defaultAction":"Allow"},"trustedDirectories":["72f988bf-86f1-41af-91ab-2d7cd011db47"],"supportsHttpsTrafficOnly":false,"encryption":{"services":{"file":{"enabled":true,"lastEnabledTime":"2018-04-19T22:26:49.0369320Z"},"blob":{"enabled":true,"lastEnabledTime":"2018-04-19T22:26:49.0369320Z"}},"keySource":"Microsoft.Storage"},"provisioningState":"Succeeded","creationTime":"2018-04-19T22:26:48.9744081Z","primaryEndpoints":{"blob":"https://clitestcdx4bwlcvgviotc2p.blob.core.windows.net/","queue":"https://clitestcdx4bwlcvgviotc2p.queue.core.windows.net/","table":"https://clitestcdx4bwlcvgviotc2p.table.core.windows.net/","file":"https://clitestcdx4bwlcvgviotc2p.file.core.windows.net/"},"primaryLocation":"eastus2euap","statusOfPrimary":"available"}}]}'}
    headers:
      cache-control: [no-cache]
      content-length: ['36108']
      content-type: [application/json; charset=utf-8]
      date: ['Wed, 27 Jun 2018 00:18:15 GMT']
      expires: ['-1']
      pragma: [no-cache]
      strict-transport-security: [max-age=31536000; includeSubDomains]
      vary: [Accept-Encoding]
      x-content-type-options: [nosniff]
      x-ms-original-request-ids: [39899d72-a7ef-4629-9df6-a2029b19557d, 61e2d58f-5c49-4691-bd56-40b099c3a6f6,
        54cfc5c5-5484-4c18-a5dc-e48ae3232d29, a8566ff3-d9df-40d1-b223-4bf9517a30e3,
        e6bb56db-f3b2-4db3-a5d2-04d3fd4edad0, 511f76c2-6570-49d4-a3c1-49ab2ee7407e,
        033ed09f-2d1e-481b-a1cd-d39059190717]
    status: {code: 200, message: OK}
- request:
    body: null
    headers:
      Accept: [application/json]
      Accept-Encoding: ['gzip, deflate']
      CommandName: [storage container create]
      Connection: [keep-alive]
      Content-Length: ['0']
      Content-Type: [application/json; charset=utf-8]
      User-Agent: [python/3.6.5 (Windows-10-10.0.17134-SP0) requests/2.19.0 msrest/0.5.0
          msrest_azure/0.4.31 azure-mgmt-storage/2.0.0rc3 Azure-SDK-For-Python AZURECLI/2.0.40]
      accept-language: [en-US]
    method: POST
    uri: https://management.azure.com/subscriptions/00000000-0000-0000-0000-000000000000/resourceGroups/clitest.rg000001/providers/Microsoft.Storage/storageAccounts/clistorage000002/listKeys?api-version=2018-03-01-preview
  response:
    body: {string: '{"keys":[{"keyName":"key1","value":"2kmoFglTcdWvrZ/2nGKs+7YZR41kBnW1gOdpqxgL8toK60WYQQDIyviGhO9MER3MAEQhA1ZVfQfzcLxMWR2OKg==","permissions":"FULL"},{"keyName":"key2","value":"DO//Rqf3RimpdAS/Th5DV4WTIlh2IIIQdATxc79uYKZUxKfEkb9oqNRMIymzMmhliYjNpOxf3cRzqzaKSldiWQ==","permissions":"FULL"}]}'}
    headers:
      cache-control: [no-cache]
      content-length: ['288']
      content-type: [application/json]
      date: ['Wed, 27 Jun 2018 00:18:15 GMT']
      expires: ['-1']
      pragma: [no-cache]
      server: ['Microsoft-Azure-Storage-Resource-Provider/1.0,Microsoft-HTTPAPI/2.0
          Microsoft-HTTPAPI/2.0']
      strict-transport-security: [max-age=31536000; includeSubDomains]
      transfer-encoding: [chunked]
      vary: [Accept-Encoding]
      x-content-type-options: [nosniff]
      x-ms-ratelimit-remaining-subscription-writes: ['1199']
    status: {code: 200, message: OK}
- request:
    body: null
    headers:
      Connection: [keep-alive]
      Content-Length: ['0']
      User-Agent: [Azure-Storage/1.2.0rc1-1.2.0rc1 (Python CPython 3.6.5; Windows
          10) AZURECLI/2.0.40]
      x-ms-date: ['Wed, 27 Jun 2018 00:18:16 GMT']
      x-ms-version: ['2018-03-28']
    method: PUT
    uri: https://clistorage000002.blob.core.windows.net/container1?restype=container
  response:
    body: {string: ''}
    headers:
      date: ['Wed, 27 Jun 2018 00:18:16 GMT']
      etag: ['"0x8D5DBC37AD4801F"']
      last-modified: ['Wed, 27 Jun 2018 00:18:16 GMT']
      server: [Windows-Azure-Blob/1.0 Microsoft-HTTPAPI/2.0]
      transfer-encoding: [chunked]
      x-ms-version: ['2018-03-28']
    status: {code: 201, message: Created}
- request:
    body: '{"properties": {"immutabilityPeriodSinceCreationInDays": 1}}'
    headers:
      Accept: [application/json]
      Accept-Encoding: ['gzip, deflate']
      CommandName: [storage container immutability-policy create]
      Connection: [keep-alive]
      Content-Length: ['60']
      Content-Type: [application/json; charset=utf-8]
      User-Agent: [python/3.6.5 (Windows-10-10.0.17134-SP0) requests/2.19.0 msrest/0.5.0
          msrest_azure/0.4.31 azure-mgmt-storage/2.0.0rc3 Azure-SDK-For-Python AZURECLI/2.0.40]
      accept-language: [en-US]
    method: PUT
    uri: https://management.azure.com/subscriptions/00000000-0000-0000-0000-000000000000/resourceGroups/clitest.rg000001/providers/Microsoft.Storage/storageAccounts/clistorage000002/blobServices/default/containers/container1/immutabilityPolicies/default?api-version=2018-03-01-preview
  response:
    body: {string: '{"id":"/subscriptions/00000000-0000-0000-0000-000000000000/resourceGroups/clitest.rg000001/providers/Microsoft.Storage/storageAccounts/clistorage000002/blobServices/default/containers/container1/immutabilityPolicies/default","name":"default","type":"Microsoft.Storage/storageAccounts/blobServices/containers/immutabilityPolicies","etag":"\"8d5dbc37be0698c\"","properties":{"immutabilityPeriodSinceCreationInDays":1,"state":"Unlocked"}}'}
    headers:
      cache-control: [no-cache]
      content-length: ['498']
      content-type: [application/json]
      date: ['Wed, 27 Jun 2018 00:18:17 GMT']
      etag: ['"8d5dbc37be0698c"']
      expires: ['-1']
      pragma: [no-cache]
      server: ['Microsoft-Azure-Storage-Resource-Provider/1.0,Microsoft-HTTPAPI/2.0
          Microsoft-HTTPAPI/2.0']
      strict-transport-security: [max-age=31536000; includeSubDomains]
      transfer-encoding: [chunked]
      vary: [Accept-Encoding]
      x-content-type-options: [nosniff]
      x-ms-ratelimit-remaining-subscription-writes: ['1199']
    status: {code: 200, message: OK}
- request:
    body: null
    headers:
      Accept: [application/json]
      Accept-Encoding: ['gzip, deflate']
      CommandName: [storage container immutability-policy show]
      Connection: [keep-alive]
      Content-Type: [application/json; charset=utf-8]
      User-Agent: [python/3.6.5 (Windows-10-10.0.17134-SP0) requests/2.19.0 msrest/0.5.0
          msrest_azure/0.4.31 azure-mgmt-storage/2.0.0rc3 Azure-SDK-For-Python AZURECLI/2.0.40]
      accept-language: [en-US]
    method: GET
    uri: https://management.azure.com/subscriptions/00000000-0000-0000-0000-000000000000/resourceGroups/clitest.rg000001/providers/Microsoft.Storage/storageAccounts/clistorage000002/blobServices/default/containers/container1/immutabilityPolicies/default?api-version=2018-03-01-preview
  response:
    body: {string: '{"id":"/subscriptions/00000000-0000-0000-0000-000000000000/resourceGroups/clitest.rg000001/providers/Microsoft.Storage/storageAccounts/clistorage000002/blobServices/default/containers/container1/immutabilityPolicies/default","name":"default","type":"Microsoft.Storage/storageAccounts/blobServices/containers/immutabilityPolicies","etag":"\"8d5dbc37be0698c\"","properties":{"immutabilityPeriodSinceCreationInDays":1,"state":"Unlocked"}}'}
    headers:
      cache-control: [no-cache]
      content-length: ['498']
      content-type: [application/json]
      date: ['Wed, 27 Jun 2018 00:18:19 GMT']
      etag: ['"8d5dbc37be0698c"']
      expires: ['-1']
      pragma: [no-cache]
      server: ['Microsoft-Azure-Storage-Resource-Provider/1.0,Microsoft-HTTPAPI/2.0
          Microsoft-HTTPAPI/2.0']
      strict-transport-security: [max-age=31536000; includeSubDomains]
      transfer-encoding: [chunked]
      vary: [Accept-Encoding]
      x-content-type-options: [nosniff]
    status: {code: 200, message: OK}
- request:
    body: null
    headers:
      Accept: [application/json]
      Accept-Encoding: ['gzip, deflate']
      CommandName: [storage container immutability-policy delete]
      Connection: [keep-alive]
      Content-Length: ['0']
      Content-Type: [application/json; charset=utf-8]
      If-Match: ['"8d5dbc37be0698c"']
      User-Agent: [python/3.6.5 (Windows-10-10.0.17134-SP0) requests/2.19.0 msrest/0.5.0
          msrest_azure/0.4.31 azure-mgmt-storage/2.0.0rc3 Azure-SDK-For-Python AZURECLI/2.0.40]
      accept-language: [en-US]
    method: DELETE
    uri: https://management.azure.com/subscriptions/00000000-0000-0000-0000-000000000000/resourceGroups/clitest.rg000001/providers/Microsoft.Storage/storageAccounts/clistorage000002/blobServices/default/containers/container1/immutabilityPolicies/default?api-version=2018-03-01-preview
  response:
    body: {string: '{"id":"/subscriptions/00000000-0000-0000-0000-000000000000/resourceGroups/clitest.rg000001/providers/Microsoft.Storage/storageAccounts/clistorage000002/blobServices/default/containers/container1/immutabilityPolicies/default","name":"default","type":"Microsoft.Storage/storageAccounts/blobServices/containers/immutabilityPolicies","etag":"\"8d5dbc37d41c3cf\"","properties":{"immutabilityPeriodSinceCreationInDays":0,"state":"Unlocked"}}'}
    headers:
      cache-control: [no-cache]
      content-length: ['498']
      content-type: [application/json]
      date: ['Wed, 27 Jun 2018 00:18:20 GMT']
      etag: ['"8d5dbc37d41c3cf"']
      expires: ['-1']
      pragma: [no-cache]
      server: ['Microsoft-Azure-Storage-Resource-Provider/1.0,Microsoft-HTTPAPI/2.0
          Microsoft-HTTPAPI/2.0']
      strict-transport-security: [max-age=31536000; includeSubDomains]
      transfer-encoding: [chunked]
      vary: [Accept-Encoding]
      x-content-type-options: [nosniff]
      x-ms-ratelimit-remaining-subscription-deletes: ['14999']
    status: {code: 200, message: OK}
- request:
    body: null
    headers:
      Accept: [application/json]
      Accept-Encoding: ['gzip, deflate']
      CommandName: [storage container immutability-policy show]
      Connection: [keep-alive]
      Content-Type: [application/json; charset=utf-8]
      User-Agent: [python/3.6.5 (Windows-10-10.0.17134-SP0) requests/2.19.0 msrest/0.5.0
          msrest_azure/0.4.31 azure-mgmt-storage/2.0.0rc3 Azure-SDK-For-Python AZURECLI/2.0.40]
      accept-language: [en-US]
    method: GET
    uri: https://management.azure.com/subscriptions/00000000-0000-0000-0000-000000000000/resourceGroups/clitest.rg000001/providers/Microsoft.Storage/storageAccounts/clistorage000002/blobServices/default/containers/container1/immutabilityPolicies/default?api-version=2018-03-01-preview
  response:
    body: {string: '{"id":"/subscriptions/00000000-0000-0000-0000-000000000000/resourceGroups/clitest.rg000001/providers/Microsoft.Storage/storageAccounts/clistorage000002/blobServices/default/containers/container1/immutabilityPolicies/default","name":"default","type":"Microsoft.Storage/storageAccounts/blobServices/containers/immutabilityPolicies","etag":"","properties":{"immutabilityPeriodSinceCreationInDays":0,"state":"Unlocked"}}'}
    headers:
      cache-control: [no-cache]
      content-length: ['479']
      content-type: [application/json]
      date: ['Wed, 27 Jun 2018 00:18:20 GMT']
      expires: ['-1']
      pragma: [no-cache]
      server: ['Microsoft-Azure-Storage-Resource-Provider/1.0,Microsoft-HTTPAPI/2.0
          Microsoft-HTTPAPI/2.0']
      strict-transport-security: [max-age=31536000; includeSubDomains]
      transfer-encoding: [chunked]
      vary: [Accept-Encoding]
      x-content-type-options: [nosniff]
    status: {code: 200, message: OK}
- request:
    body: '{"properties": {"immutabilityPeriodSinceCreationInDays": 1}}'
    headers:
      Accept: [application/json]
      Accept-Encoding: ['gzip, deflate']
      CommandName: [storage container immutability-policy create]
      Connection: [keep-alive]
      Content-Length: ['60']
      Content-Type: [application/json; charset=utf-8]
      User-Agent: [python/3.6.5 (Windows-10-10.0.17134-SP0) requests/2.19.0 msrest/0.5.0
          msrest_azure/0.4.31 azure-mgmt-storage/2.0.0rc3 Azure-SDK-For-Python AZURECLI/2.0.40]
      accept-language: [en-US]
    method: PUT
    uri: https://management.azure.com/subscriptions/00000000-0000-0000-0000-000000000000/resourceGroups/clitest.rg000001/providers/Microsoft.Storage/storageAccounts/clistorage000002/blobServices/default/containers/container1/immutabilityPolicies/default?api-version=2018-03-01-preview
  response:
    body: {string: '{"id":"/subscriptions/00000000-0000-0000-0000-000000000000/resourceGroups/clitest.rg000001/providers/Microsoft.Storage/storageAccounts/clistorage000002/blobServices/default/containers/container1/immutabilityPolicies/default","name":"default","type":"Microsoft.Storage/storageAccounts/blobServices/containers/immutabilityPolicies","etag":"\"8d5dbc37e2dc9b8\"","properties":{"immutabilityPeriodSinceCreationInDays":1,"state":"Unlocked"}}'}
    headers:
      cache-control: [no-cache]
      content-length: ['498']
      content-type: [application/json]
      date: ['Wed, 27 Jun 2018 00:18:21 GMT']
      etag: ['"8d5dbc37e2dc9b8"']
      expires: ['-1']
      pragma: [no-cache]
      server: ['Microsoft-Azure-Storage-Resource-Provider/1.0,Microsoft-HTTPAPI/2.0
          Microsoft-HTTPAPI/2.0']
      strict-transport-security: [max-age=31536000; includeSubDomains]
      transfer-encoding: [chunked]
      vary: [Accept-Encoding]
      x-content-type-options: [nosniff]
      x-ms-ratelimit-remaining-subscription-writes: ['1196']
    status: {code: 200, message: OK}
- request:
    body: null
    headers:
      Accept: [application/json]
      Accept-Encoding: ['gzip, deflate']
      CommandName: [storage container immutability-policy show]
      Connection: [keep-alive]
      Content-Type: [application/json; charset=utf-8]
      User-Agent: [python/3.6.5 (Windows-10-10.0.17134-SP0) requests/2.19.0 msrest/0.5.0
          msrest_azure/0.4.31 azure-mgmt-storage/2.0.0rc3 Azure-SDK-For-Python AZURECLI/2.0.40]
      accept-language: [en-US]
    method: GET
    uri: https://management.azure.com/subscriptions/00000000-0000-0000-0000-000000000000/resourceGroups/clitest.rg000001/providers/Microsoft.Storage/storageAccounts/clistorage000002/blobServices/default/containers/container1/immutabilityPolicies/default?api-version=2018-03-01-preview
  response:
    body: {string: '{"id":"/subscriptions/00000000-0000-0000-0000-000000000000/resourceGroups/clitest.rg000001/providers/Microsoft.Storage/storageAccounts/clistorage000002/blobServices/default/containers/container1/immutabilityPolicies/default","name":"default","type":"Microsoft.Storage/storageAccounts/blobServices/containers/immutabilityPolicies","etag":"\"8d5dbc37e2dc9b8\"","properties":{"immutabilityPeriodSinceCreationInDays":1,"state":"Unlocked"}}'}
    headers:
      cache-control: [no-cache]
      content-length: ['498']
      content-type: [application/json]
      date: ['Wed, 27 Jun 2018 00:18:22 GMT']
      etag: ['"8d5dbc37e2dc9b8"']
      expires: ['-1']
      pragma: [no-cache]
      server: ['Microsoft-Azure-Storage-Resource-Provider/1.0,Microsoft-HTTPAPI/2.0
          Microsoft-HTTPAPI/2.0']
      strict-transport-security: [max-age=31536000; includeSubDomains]
      transfer-encoding: [chunked]
      vary: [Accept-Encoding]
      x-content-type-options: [nosniff]
    status: {code: 200, message: OK}
- request:
    body: null
    headers:
      Accept: [application/json]
      Accept-Encoding: ['gzip, deflate']
      CommandName: [storage container immutability-policy lock]
      Connection: [keep-alive]
      Content-Length: ['0']
      Content-Type: [application/json; charset=utf-8]
      If-Match: ['"8d5dbc37e2dc9b8"']
      User-Agent: [python/3.6.5 (Windows-10-10.0.17134-SP0) requests/2.19.0 msrest/0.5.0
          msrest_azure/0.4.31 azure-mgmt-storage/2.0.0rc3 Azure-SDK-For-Python AZURECLI/2.0.40]
      accept-language: [en-US]
    method: POST
    uri: https://management.azure.com/subscriptions/00000000-0000-0000-0000-000000000000/resourceGroups/clitest.rg000001/providers/Microsoft.Storage/storageAccounts/clistorage000002/blobServices/default/containers/container1/immutabilityPolicies/default/lock?api-version=2018-03-01-preview
  response:
    body: {string: '{"id":"/subscriptions/00000000-0000-0000-0000-000000000000/resourceGroups/clitest.rg000001/providers/Microsoft.Storage/storageAccounts/clistorage000002/blobServices/default/containers/container1/immutabilityPolicies/default","name":"default","type":"Microsoft.Storage/storageAccounts/blobServices/containers/immutabilityPolicies","etag":"\"8d5dbc37ecdaa99\"","properties":{"immutabilityPeriodSinceCreationInDays":1,"state":"Locked"}}'}
    headers:
      cache-control: [no-cache]
      content-length: ['496']
      content-type: [application/json]
      date: ['Wed, 27 Jun 2018 00:18:23 GMT']
      etag: ['"8d5dbc37ecdaa99"']
      expires: ['-1']
      pragma: [no-cache]
      server: ['Microsoft-Azure-Storage-Resource-Provider/1.0,Microsoft-HTTPAPI/2.0
          Microsoft-HTTPAPI/2.0']
      strict-transport-security: [max-age=31536000; includeSubDomains]
      transfer-encoding: [chunked]
      vary: [Accept-Encoding]
      x-content-type-options: [nosniff]
      x-ms-ratelimit-remaining-subscription-writes: ['1197']
    status: {code: 200, message: OK}
- request:
    body: null
    headers:
      Accept: [application/json]
      Accept-Encoding: ['gzip, deflate']
      CommandName: [storage container immutability-policy show]
      Connection: [keep-alive]
      Content-Type: [application/json; charset=utf-8]
      User-Agent: [python/3.6.5 (Windows-10-10.0.17134-SP0) requests/2.19.0 msrest/0.5.0
          msrest_azure/0.4.31 azure-mgmt-storage/2.0.0rc3 Azure-SDK-For-Python AZURECLI/2.0.40]
      accept-language: [en-US]
    method: GET
    uri: https://management.azure.com/subscriptions/00000000-0000-0000-0000-000000000000/resourceGroups/clitest.rg000001/providers/Microsoft.Storage/storageAccounts/clistorage000002/blobServices/default/containers/container1/immutabilityPolicies/default?api-version=2018-03-01-preview
  response:
    body: {string: '{"id":"/subscriptions/00000000-0000-0000-0000-000000000000/resourceGroups/clitest.rg000001/providers/Microsoft.Storage/storageAccounts/clistorage000002/blobServices/default/containers/container1/immutabilityPolicies/default","name":"default","type":"Microsoft.Storage/storageAccounts/blobServices/containers/immutabilityPolicies","etag":"\"8d5dbc37ecdaa99\"","properties":{"immutabilityPeriodSinceCreationInDays":1,"state":"Locked"}}'}
    headers:
      cache-control: [no-cache]
      content-length: ['496']
      content-type: [application/json]
      date: ['Wed, 27 Jun 2018 00:18:23 GMT']
      etag: ['"8d5dbc37ecdaa99"']
      expires: ['-1']
      pragma: [no-cache]
      server: ['Microsoft-Azure-Storage-Resource-Provider/1.0,Microsoft-HTTPAPI/2.0
          Microsoft-HTTPAPI/2.0']
      strict-transport-security: [max-age=31536000; includeSubDomains]
      transfer-encoding: [chunked]
      vary: [Accept-Encoding]
      x-content-type-options: [nosniff]
    status: {code: 200, message: OK}
- request:
    body: null
    headers:
      Accept: [application/json]
      Accept-Encoding: ['gzip, deflate']
      CommandName: [storage container immutability-policy delete]
      Connection: [keep-alive]
      Content-Length: ['0']
      Content-Type: [application/json; charset=utf-8]
      If-Match: ['"8d5dbc37ecdaa99"']
      User-Agent: [python/3.6.5 (Windows-10-10.0.17134-SP0) requests/2.19.0 msrest/0.5.0
          msrest_azure/0.4.31 azure-mgmt-storage/2.0.0rc3 Azure-SDK-For-Python AZURECLI/2.0.40]
      accept-language: [en-US]
    method: DELETE
    uri: https://management.azure.com/subscriptions/00000000-0000-0000-0000-000000000000/resourceGroups/clitest.rg000001/providers/Microsoft.Storage/storageAccounts/clistorage000002/blobServices/default/containers/container1/immutabilityPolicies/default?api-version=2018-03-01-preview
  response:
    body: {string: '{"error":{"code":"ContainerImmutabilityPolicyFailure","message":"Operation
        not allowed on immutability policy with current state."}}'}
    headers:
      cache-control: [no-cache]
      content-length: ['132']
      content-type: [application/json]
      date: ['Wed, 27 Jun 2018 00:18:24 GMT']
      expires: ['-1']
      pragma: [no-cache]
      server: ['Microsoft-Azure-Storage-Resource-Provider/1.0,Microsoft-HTTPAPI/2.0
          Microsoft-HTTPAPI/2.0']
      strict-transport-security: [max-age=31536000; includeSubDomains]
      x-content-type-options: [nosniff]
      x-ms-ratelimit-remaining-subscription-deletes: ['14999']
    status: {code: 409, message: Conflict}
- request:
    body: '{"properties": {"immutabilityPeriodSinceCreationInDays": 2}}'
    headers:
      Accept: [application/json]
      Accept-Encoding: ['gzip, deflate']
      CommandName: [storage container immutability-policy extend]
      Connection: [keep-alive]
      Content-Length: ['60']
      Content-Type: [application/json; charset=utf-8]
      If-Match: ['"8d5dbc37ecdaa99"']
      User-Agent: [python/3.6.5 (Windows-10-10.0.17134-SP0) requests/2.19.0 msrest/0.5.0
          msrest_azure/0.4.31 azure-mgmt-storage/2.0.0rc3 Azure-SDK-For-Python AZURECLI/2.0.40]
      accept-language: [en-US]
    method: POST
    uri: https://management.azure.com/subscriptions/00000000-0000-0000-0000-000000000000/resourceGroups/clitest.rg000001/providers/Microsoft.Storage/storageAccounts/clistorage000002/blobServices/default/containers/container1/immutabilityPolicies/default/extend?api-version=2018-03-01-preview
  response:
    body: {string: '{"id":"/subscriptions/00000000-0000-0000-0000-000000000000/resourceGroups/clitest.rg000001/providers/Microsoft.Storage/storageAccounts/clistorage000002/blobServices/default/containers/container1/immutabilityPolicies/default","name":"default","type":"Microsoft.Storage/storageAccounts/blobServices/containers/immutabilityPolicies","etag":"\"8d5dbc380348285\"","properties":{"immutabilityPeriodSinceCreationInDays":2,"state":"Locked"}}'}
    headers:
      cache-control: [no-cache]
      content-length: ['496']
      content-type: [application/json]
      date: ['Wed, 27 Jun 2018 00:18:24 GMT']
      etag: ['"8d5dbc380348285"']
      expires: ['-1']
      pragma: [no-cache]
      server: ['Microsoft-Azure-Storage-Resource-Provider/1.0,Microsoft-HTTPAPI/2.0
          Microsoft-HTTPAPI/2.0']
      strict-transport-security: [max-age=31536000; includeSubDomains]
      transfer-encoding: [chunked]
      vary: [Accept-Encoding]
      x-content-type-options: [nosniff]
      x-ms-ratelimit-remaining-subscription-writes: ['1198']
    status: {code: 200, message: OK}
- request:
    body: null
    headers:
      Accept: [application/json]
      Accept-Encoding: ['gzip, deflate']
      CommandName: [group delete]
      Connection: [keep-alive]
      Content-Length: ['0']
      Content-Type: [application/json; charset=utf-8]
      User-Agent: [python/3.6.5 (Windows-10-10.0.17134-SP0) requests/2.19.0 msrest/0.5.0
          msrest_azure/0.4.31 resourcemanagementclient/2.0.0rc2 Azure-SDK-For-Python
          AZURECLI/2.0.40]
      accept-language: [en-US]
    method: DELETE
    uri: https://management.azure.com/subscriptions/00000000-0000-0000-0000-000000000000/resourcegroups/clitest.rg000001?api-version=2018-05-01
  response:
    body: {string: ''}
    headers:
      cache-control: [no-cache]
      content-length: ['0']
      date: ['Wed, 27 Jun 2018 00:18:26 GMT']
      expires: ['-1']
      location: ['https://management.azure.com/subscriptions/00000000-0000-0000-0000-000000000000/operationresults/eyJqb2JJZCI6IlJFU09VUkNFR1JPVVBERUxFVElPTkpPQi1DTElURVNUOjJFUkdXUldGV0ZFWU03MlFFRTNOQUgyVEFTSVc0WjNDQ1IzTE82WHw2ODdFMDQ1QjU1RjBFMzlGLVdFU1RVUyIsImpvYkxvY2F0aW9uIjoid2VzdHVzIn0?api-version=2018-05-01']
      pragma: [no-cache]
      strict-transport-security: [max-age=31536000; includeSubDomains]
      x-content-type-options: [nosniff]
      x-ms-ratelimit-remaining-subscription-deletes: ['14998']
    status: {code: 202, message: Accepted}
version: 1
