interactions:
- request:
    body: null
    headers:
      Accept:
      - application/json
      Accept-Encoding:
      - gzip, deflate
      Connection:
      - keep-alive
      User-Agent:
      - azsdk-python-mgmt-loadtesting/1.0.0 Python/3.12.9 (Windows-11-10.0.22631-SP0)
    method: GET
    uri: https://management.azure.com/subscriptions/00000000-0000-0000-0000-000000000000/resourceGroups/clitest-enginemi-000001/providers/Microsoft.LoadTestService/loadTests/clitest-enginemi-000002?api-version=2022-12-01
  response:
    body:
      string: '{"id":"/subscriptions/00000000-0000-0000-0000-000000000000/resourceGroups/clitest-enginemi-000001/providers/Microsoft.LoadTestService/loadTests/clitest-enginemi-000002","name":"clitest-enginemi-000002","type":"microsoft.loadtestservice/loadtests","location":"eastus","systemData":{"createdBy":"kumarmoh@microsoft.com","createdByType":"User","createdAt":"2025-03-12T08:11:34.9167569Z","lastModifiedBy":"kumarmoh@microsoft.com","lastModifiedByType":"User","lastModifiedAt":"2025-03-12T08:11:34.9167569Z"},"identity":{"type":"None"},"properties":{"dataPlaneURI":"7bf21daa-19d8-411c-aef1-54c24c3741bd.eastus.cnt-prod.loadtesting.azure.com","provisioningState":"Succeeded"}}'
    headers:
      cache-control:
      - no-cache
      content-length:
      - '669'
      content-type:
      - application/json; charset=utf-8
      date:
      - Wed, 12 Mar 2025 08:12:10 GMT
      etag:
      - '"d40448d4-0000-0200-0000-67d141cf0000"'
      expires:
      - '-1'
      pragma:
      - no-cache
      strict-transport-security:
      - max-age=31536000; includeSubDomains
      x-cache:
      - CONFIG_NOCACHE
      x-content-type-options:
      - nosniff
      x-ms-providerhub-traffic:
      - 'True'
      x-ms-ratelimit-remaining-subscription-global-reads:
      - '16499'
      x-msedge-ref:
      - 'Ref A: 4B696F94551545F09AC1A19E6AACFE04 Ref B: MAA201060515047 Ref C: 2025-03-12T08:12:09Z'
    status:
      code: 200
      message: OK
- request:
    body: null
    headers:
      Accept:
      - application/json
      Accept-Encoding:
      - gzip, deflate
      Connection:
      - keep-alive
      User-Agent:
      - AZURECLI/2.70.0 azsdk-python-core/1.31.0 Python/3.12.9 (Windows-11-10.0.22631-SP0)
    method: GET
    uri: https://7bf21daa-19d8-411c-aef1-54c24c3741bd.eastus.cnt-prod.loadtesting.azure.com/tests/create-test-case?api-version=2024-12-01-preview
  response:
    body:
      string: '{"error":{"code":"TestNotFound","message":"Test couldn''t find with
        given identifier create-test-case","target":null,"details":null}}'
    headers:
      api-supported-versions:
      - 2022-11-01, 2023-04-01-preview, 2024-03-01-preview, 2024-05-01-preview, 2024-07-01-preview,
        2024-12-01-preview, 2025-03-01-preview
      connection:
      - keep-alive
      content-type:
      - application/json
      date:
      - Wed, 12 Mar 2025 08:12:11 GMT
      mise-correlation-id:
      - c22d6bd5-3906-42f9-b1fe-2ff3f1b3002c
      strict-transport-security:
      - max-age=31536000; includeSubDomains
      transfer-encoding:
      - chunked
      x-azure-ref:
      - 20250312T081210Z-er184d88b9bcpjhnhC1BOM0q4c00000005ug00000000e0dw
      x-cache:
      - CONFIG_NOCACHE
      x-content-type-options:
      - nosniff
      x-ms-error-code:
      - TestNotFound
    status:
      code: 404
      message: Not Found
- request:
    body: '{"displayName": "Sample_test_display_name", "kind": null, "description":
      "Sample_test_description", "keyvaultReferenceIdentityType": "SystemAssigned",
      "metricsReferenceIdentityType": "SystemAssigned", "environmentVariables": {},
      "secrets": {}, "loadTestConfiguration": {"engineInstances": 1, "regionalLoadTestConfig":
      null, "quickStartTest": false}, "autoStopCriteria": {}, "baselineTestRunId":
      null, "engineBuiltinIdentityType": "SystemAssigned"}'
    headers:
      Accept:
      - application/json
      Accept-Encoding:
      - gzip, deflate
      Connection:
      - keep-alive
      Content-Length:
      - '447'
      Content-Type:
      - application/merge-patch+json
      User-Agent:
      - AZURECLI/2.70.0 azsdk-python-core/1.31.0 Python/3.12.9 (Windows-11-10.0.22631-SP0)
    method: PATCH
    uri: https://7bf21daa-19d8-411c-aef1-54c24c3741bd.eastus.cnt-prod.loadtesting.azure.com/tests/create-test-case?api-version=2024-12-01-preview
  response:
    body:
      string: '{"autoStopCriteria":{"autoStopDisabled":false,"errorRate":90.0,"errorRateTimeWindowInSeconds":60},"loadTestConfiguration":{"engineInstances":1,"splitAllCSVs":false,"quickStartTest":false},"inputArtifacts":{"additionalFileInfo":[]},"kind":"URL","publicIPDisabled":false,"metricsReferenceIdentityType":"SystemAssigned","engineBuiltinIdentityType":"SystemAssigned","testId":"create-test-case","description":"Sample_test_description","displayName":"Sample_test_display_name","keyvaultReferenceIdentityType":"SystemAssigned","createdDateTime":"2025-03-12T08:12:11.562Z","createdBy":"kumarmoh@microsoft.com","lastModifiedDateTime":"2025-03-12T08:12:11.562Z","lastModifiedBy":"kumarmoh@microsoft.com"}'
    headers:
      api-supported-versions:
      - 2022-11-01, 2023-04-01-preview, 2024-03-01-preview, 2024-05-01-preview, 2024-07-01-preview,
        2024-12-01-preview, 2025-03-01-preview
      connection:
      - keep-alive
      content-length:
      - '694'
      content-type:
      - application/json; charset=utf-8
      date:
      - Wed, 12 Mar 2025 08:12:11 GMT
      location:
      - https://7bf21daa-19d8-411c-aef1-54c24c3741bd.eastus.cnt-prod.loadtesting.azure.com/tests/create-test-case?api-version=2024-12-01-preview
      mise-correlation-id:
      - 72916fe1-ac0c-441f-8fad-0add2c1f39d8
      strict-transport-security:
      - max-age=31536000; includeSubDomains
      x-azure-ref:
      - 20250312T081211Z-er184d88b9bcpjhnhC1BOM0q4c00000005ug00000000e0gn
      x-cache:
      - CONFIG_NOCACHE
      x-content-type-options:
      - nosniff
    status:
      code: 201
      message: Created
- request:
    body: null
    headers:
      Accept:
      - application/json
      Accept-Encoding:
      - gzip, deflate
      Connection:
      - keep-alive
      User-Agent:
      - AZURECLI/2.70.0 azsdk-python-core/1.31.0 Python/3.12.9 (Windows-11-10.0.22631-SP0)
    method: GET
    uri: https://7bf21daa-19d8-411c-aef1-54c24c3741bd.eastus.cnt-prod.loadtesting.azure.com/tests/create-test-case/files?api-version=2024-12-01-preview
  response:
    body:
      string: '{"value":[]}'
    headers:
      accept-ranges:
      - bytes
      api-supported-versions:
      - 2022-11-01, 2023-04-01-preview, 2024-03-01-preview, 2024-05-01-preview, 2024-07-01-preview,
        2024-12-01-preview, 2025-03-01-preview
      connection:
      - keep-alive
      content-length:
      - '12'
      content-type:
      - application/json; charset=utf-8
      date:
      - Wed, 12 Mar 2025 08:12:11 GMT
      mise-correlation-id:
      - 423e8826-1838-47f2-9841-2ca2da2d5779
      strict-transport-security:
      - max-age=31536000; includeSubDomains
      x-azure-ref:
      - 20250312T081211Z-er184d88b9bcpjhnhC1BOM0q4c00000005ug00000000e0hy
      x-cache:
      - CONFIG_NOCACHE
      x-content-type-options:
      - nosniff
    status:
      code: 200
      message: OK
- request:
    body: null
    headers:
      Accept:
      - application/json
      Accept-Encoding:
      - gzip, deflate
      Connection:
      - keep-alive
      User-Agent:
      - AZURECLI/2.70.0 azsdk-python-core/1.31.0 Python/3.12.9 (Windows-11-10.0.22631-SP0)
    method: GET
    uri: https://7bf21daa-19d8-411c-aef1-54c24c3741bd.eastus.cnt-prod.loadtesting.azure.com/tests/create-test-case?api-version=2024-12-01-preview
  response:
    body:
      string: '{"autoStopCriteria":{"autoStopDisabled":false,"errorRate":90.0,"errorRateTimeWindowInSeconds":60},"loadTestConfiguration":{"engineInstances":1,"splitAllCSVs":false,"quickStartTest":false},"inputArtifacts":{"additionalFileInfo":[]},"kind":"URL","publicIPDisabled":false,"metricsReferenceIdentityType":"SystemAssigned","engineBuiltinIdentityType":"SystemAssigned","testId":"create-test-case","description":"Sample_test_description","displayName":"Sample_test_display_name","keyvaultReferenceIdentityType":"SystemAssigned","createdDateTime":"2025-03-12T08:12:11.562Z","createdBy":"kumarmoh@microsoft.com","lastModifiedDateTime":"2025-03-12T08:12:11.562Z","lastModifiedBy":"kumarmoh@microsoft.com"}'
    headers:
      accept-ranges:
      - bytes
      api-supported-versions:
      - 2022-11-01, 2023-04-01-preview, 2024-03-01-preview, 2024-05-01-preview, 2024-07-01-preview,
        2024-12-01-preview, 2025-03-01-preview
      connection:
      - keep-alive
      content-length:
      - '694'
      content-type:
      - application/json; charset=utf-8
      date:
      - Wed, 12 Mar 2025 08:12:12 GMT
      mise-correlation-id:
      - eab60b31-5b3f-4079-8103-171da1e48c04
      strict-transport-security:
      - max-age=31536000; includeSubDomains
      x-azure-ref:
      - 20250312T081211Z-er184d88b9bcpjhnhC1BOM0q4c00000005ug00000000e0kt
      x-cache:
      - CONFIG_NOCACHE
      x-content-type-options:
      - nosniff
    status:
      code: 200
      message: OK
- request:
    body: null
    headers:
      Accept:
      - application/json
      Accept-Encoding:
      - gzip, deflate
      Connection:
      - keep-alive
      User-Agent:
      - azsdk-python-mgmt-loadtesting/1.0.0 Python/3.12.9 (Windows-11-10.0.22631-SP0)
    method: GET
    uri: https://management.azure.com/subscriptions/00000000-0000-0000-0000-000000000000/resourceGroups/clitest-enginemi-000001/providers/Microsoft.LoadTestService/loadTests/clitest-enginemi-000002?api-version=2022-12-01
  response:
    body:
      string: '{"id":"/subscriptions/00000000-0000-0000-0000-000000000000/resourceGroups/clitest-enginemi-000001/providers/Microsoft.LoadTestService/loadTests/clitest-enginemi-000002","name":"clitest-enginemi-000002","type":"microsoft.loadtestservice/loadtests","location":"eastus","systemData":{"createdBy":"kumarmoh@microsoft.com","createdByType":"User","createdAt":"2025-03-12T08:11:34.9167569Z","lastModifiedBy":"kumarmoh@microsoft.com","lastModifiedByType":"User","lastModifiedAt":"2025-03-12T08:11:34.9167569Z"},"identity":{"type":"None"},"properties":{"dataPlaneURI":"7bf21daa-19d8-411c-aef1-54c24c3741bd.eastus.cnt-prod.loadtesting.azure.com","provisioningState":"Succeeded"}}'
    headers:
      cache-control:
      - no-cache
      content-length:
      - '669'
      content-type:
      - application/json; charset=utf-8
      date:
      - Wed, 12 Mar 2025 08:12:12 GMT
      etag:
      - '"d40448d4-0000-0200-0000-67d141cf0000"'
      expires:
      - '-1'
      pragma:
      - no-cache
      strict-transport-security:
      - max-age=31536000; includeSubDomains
      x-cache:
      - CONFIG_NOCACHE
      x-content-type-options:
      - nosniff
      x-ms-providerhub-traffic:
      - 'True'
      x-ms-ratelimit-remaining-subscription-global-reads:
      - '16499'
      x-msedge-ref:
      - 'Ref A: B495E4AE99454A358395BA41F0822F88 Ref B: MAA201060513039 Ref C: 2025-03-12T08:12:12Z'
    status:
      code: 200
      message: OK
- request:
    body: null
    headers:
      Accept:
      - application/json
      Accept-Encoding:
      - gzip, deflate
      Connection:
      - keep-alive
      User-Agent:
      - AZURECLI/2.70.0 azsdk-python-core/1.31.0 Python/3.12.9 (Windows-11-10.0.22631-SP0)
    method: GET
    uri: https://7bf21daa-19d8-411c-aef1-54c24c3741bd.eastus.cnt-prod.loadtesting.azure.com/tests/create-test-case?api-version=2024-12-01-preview
  response:
    body:
      string: '{"autoStopCriteria":{"autoStopDisabled":false,"errorRate":90.0,"errorRateTimeWindowInSeconds":60},"loadTestConfiguration":{"engineInstances":1,"splitAllCSVs":false,"quickStartTest":false},"inputArtifacts":{"additionalFileInfo":[]},"kind":"URL","publicIPDisabled":false,"metricsReferenceIdentityType":"SystemAssigned","engineBuiltinIdentityType":"SystemAssigned","testId":"create-test-case","description":"Sample_test_description","displayName":"Sample_test_display_name","keyvaultReferenceIdentityType":"SystemAssigned","createdDateTime":"2025-03-12T08:12:11.562Z","createdBy":"kumarmoh@microsoft.com","lastModifiedDateTime":"2025-03-12T08:12:11.562Z","lastModifiedBy":"kumarmoh@microsoft.com"}'
    headers:
      accept-ranges:
      - bytes
      api-supported-versions:
      - 2022-11-01, 2023-04-01-preview, 2024-03-01-preview, 2024-05-01-preview, 2024-07-01-preview,
        2024-12-01-preview, 2025-03-01-preview
      connection:
      - keep-alive
      content-length:
      - '694'
      content-type:
      - application/json; charset=utf-8
      date:
      - Wed, 12 Mar 2025 08:12:13 GMT
      mise-correlation-id:
      - b311eb69-c564-4b2e-b46a-0d6cf38470b2
      strict-transport-security:
      - max-age=31536000; includeSubDomains
      x-azure-ref:
      - 20250312T081212Z-er184d88b9bjhm2ghC1BOM161s00000008gg000000009c38
      x-cache:
      - CONFIG_NOCACHE
      x-content-type-options:
      - nosniff
    status:
      code: 200
      message: OK
- request:
    body: '{"displayName": "Sample_test_display_name", "kind": "URL", "description":
      "Sample_test_description", "keyvaultReferenceIdentityType": "SystemAssigned",
      "metricsReferenceIdentityType": "SystemAssigned", "environmentVariables": {},
      "secrets": {}, "loadTestConfiguration": {"engineInstances": 1, "splitAllCSVs":
      false, "quickStartTest": false, "regionalLoadTestConfig": null}, "autoStopCriteria":
      {"autoStopDisabled": false, "errorRate": 90.0, "errorRateTimeWindowInSeconds":
      60}, "baselineTestRunId": null, "engineBuiltinIdentityType": "UserAssigned",
      "engineBuiltinIdentityIds": ["/subscriptions/00000000-0000-0000-0000-000000000000/resourcegroups/sample-rg/providers/microsoft.managedidentity/userassignedidentities/sample-mi"]}'
    headers:
      Accept:
      - application/json
      Accept-Encoding:
      - gzip, deflate
      Connection:
      - keep-alive
      Content-Length:
      - '728'
      Content-Type:
      - application/merge-patch+json
      User-Agent:
      - AZURECLI/2.70.0 azsdk-python-core/1.31.0 Python/3.12.9 (Windows-11-10.0.22631-SP0)
    method: PATCH
    uri: https://7bf21daa-19d8-411c-aef1-54c24c3741bd.eastus.cnt-prod.loadtesting.azure.com/tests/create-test-case?api-version=2024-12-01-preview
  response:
    body:
      string: '{"autoStopCriteria":{"autoStopDisabled":false,"errorRate":90.0,"errorRateTimeWindowInSeconds":60},"loadTestConfiguration":{"engineInstances":1,"splitAllCSVs":false,"quickStartTest":false},"inputArtifacts":{"additionalFileInfo":[]},"kind":"URL","publicIPDisabled":false,"metricsReferenceIdentityType":"SystemAssigned","engineBuiltinIdentityType":"UserAssigned","engineBuiltinIdentityIds":["/subscriptions/00000000-0000-0000-0000-000000000000/resourcegroups/sample-rg/providers/microsoft.managedidentity/userassignedidentities/sample-mi"],"testId":"create-test-case","description":"Sample_test_description","displayName":"Sample_test_display_name","keyvaultReferenceIdentityType":"SystemAssigned","createdDateTime":"2025-03-12T08:12:11.562Z","createdBy":"kumarmoh@microsoft.com","lastModifiedDateTime":"2025-03-12T08:12:13.362Z","lastModifiedBy":"kumarmoh@microsoft.com"}'
    headers:
      accept-ranges:
      - bytes
      api-supported-versions:
      - 2022-11-01, 2023-04-01-preview, 2024-03-01-preview, 2024-05-01-preview, 2024-07-01-preview,
        2024-12-01-preview, 2025-03-01-preview
      connection:
      - keep-alive
      content-length:
      - '869'
      content-type:
      - application/json; charset=utf-8
      date:
      - Wed, 12 Mar 2025 08:12:13 GMT
      mise-correlation-id:
      - 5ad7b6ad-d3e2-463d-9032-46a59d1215ad
      strict-transport-security:
      - max-age=31536000; includeSubDomains
      x-azure-ref:
      - 20250312T081213Z-er184d88b9bjhm2ghC1BOM161s00000008gg000000009c42
      x-cache:
      - CONFIG_NOCACHE
      x-content-type-options:
      - nosniff
    status:
      code: 200
      message: OK
- request:
    body: null
    headers:
      Accept:
      - application/json
      Accept-Encoding:
      - gzip, deflate
      Connection:
      - keep-alive
      User-Agent:
      - AZURECLI/2.70.0 azsdk-python-core/1.31.0 Python/3.12.9 (Windows-11-10.0.22631-SP0)
    method: GET
    uri: https://7bf21daa-19d8-411c-aef1-54c24c3741bd.eastus.cnt-prod.loadtesting.azure.com/tests/create-test-case/files?api-version=2024-12-01-preview
  response:
    body:
      string: '{"value":[]}'
    headers:
      accept-ranges:
      - bytes
      api-supported-versions:
      - 2022-11-01, 2023-04-01-preview, 2024-03-01-preview, 2024-05-01-preview, 2024-07-01-preview,
        2024-12-01-preview, 2025-03-01-preview
      connection:
      - keep-alive
      content-length:
      - '12'
      content-type:
      - application/json; charset=utf-8
      date:
      - Wed, 12 Mar 2025 08:12:13 GMT
      mise-correlation-id:
      - 196c298c-927c-4035-82d3-80452448e759
      strict-transport-security:
      - max-age=31536000; includeSubDomains
      x-azure-ref:
      - 20250312T081213Z-er184d88b9bjhm2ghC1BOM161s00000008gg000000009c50
      x-cache:
      - CONFIG_NOCACHE
      x-content-type-options:
      - nosniff
    status:
      code: 200
      message: OK
- request:
    body: null
    headers:
      Accept:
      - application/json
      Accept-Encoding:
      - gzip, deflate
      Connection:
      - keep-alive
      User-Agent:
      - AZURECLI/2.70.0 azsdk-python-core/1.31.0 Python/3.12.9 (Windows-11-10.0.22631-SP0)
    method: GET
    uri: https://7bf21daa-19d8-411c-aef1-54c24c3741bd.eastus.cnt-prod.loadtesting.azure.com/tests/create-test-case?api-version=2024-12-01-preview
  response:
    body:
      string: '{"autoStopCriteria":{"autoStopDisabled":false,"errorRate":90.0,"errorRateTimeWindowInSeconds":60},"loadTestConfiguration":{"engineInstances":1,"splitAllCSVs":false,"quickStartTest":false},"inputArtifacts":{"additionalFileInfo":[]},"kind":"URL","publicIPDisabled":false,"metricsReferenceIdentityType":"SystemAssigned","engineBuiltinIdentityType":"UserAssigned","engineBuiltinIdentityIds":["/subscriptions/00000000-0000-0000-0000-000000000000/resourcegroups/sample-rg/providers/microsoft.managedidentity/userassignedidentities/sample-mi"],"testId":"create-test-case","description":"Sample_test_description","displayName":"Sample_test_display_name","keyvaultReferenceIdentityType":"SystemAssigned","createdDateTime":"2025-03-12T08:12:11.562Z","createdBy":"kumarmoh@microsoft.com","lastModifiedDateTime":"2025-03-12T08:12:13.362Z","lastModifiedBy":"kumarmoh@microsoft.com"}'
    headers:
      accept-ranges:
      - bytes
      api-supported-versions:
      - 2022-11-01, 2023-04-01-preview, 2024-03-01-preview, 2024-05-01-preview, 2024-07-01-preview,
        2024-12-01-preview, 2025-03-01-preview
      connection:
      - keep-alive
      content-length:
      - '869'
      content-type:
      - application/json; charset=utf-8
      date:
      - Wed, 12 Mar 2025 08:12:13 GMT
      mise-correlation-id:
      - 8e919f5e-8fe1-4522-a621-6853323546bc
      strict-transport-security:
      - max-age=31536000; includeSubDomains
      x-azure-ref:
      - 20250312T081213Z-er184d88b9bjhm2ghC1BOM161s00000008gg000000009c5w
      x-cache:
      - CONFIG_NOCACHE
      x-content-type-options:
      - nosniff
    status:
      code: 200
      message: OK
- request:
    body: null
    headers:
      Accept:
      - application/json
      Accept-Encoding:
      - gzip, deflate
      Connection:
      - keep-alive
      User-Agent:
      - azsdk-python-mgmt-loadtesting/1.0.0 Python/3.12.9 (Windows-11-10.0.22631-SP0)
    method: GET
    uri: https://management.azure.com/subscriptions/00000000-0000-0000-0000-000000000000/resourceGroups/clitest-enginemi-000001/providers/Microsoft.LoadTestService/loadTests/clitest-enginemi-000002?api-version=2022-12-01
  response:
    body:
      string: '{"id":"/subscriptions/00000000-0000-0000-0000-000000000000/resourceGroups/clitest-enginemi-000001/providers/Microsoft.LoadTestService/loadTests/clitest-enginemi-000002","name":"clitest-enginemi-000002","type":"microsoft.loadtestservice/loadtests","location":"eastus","systemData":{"createdBy":"kumarmoh@microsoft.com","createdByType":"User","createdAt":"2025-03-12T08:11:34.9167569Z","lastModifiedBy":"kumarmoh@microsoft.com","lastModifiedByType":"User","lastModifiedAt":"2025-03-12T08:11:34.9167569Z"},"identity":{"type":"None"},"properties":{"dataPlaneURI":"7bf21daa-19d8-411c-aef1-54c24c3741bd.eastus.cnt-prod.loadtesting.azure.com","provisioningState":"Succeeded"}}'
    headers:
      cache-control:
      - no-cache
      content-length:
      - '669'
      content-type:
      - application/json; charset=utf-8
      date:
      - Wed, 12 Mar 2025 08:12:14 GMT
      etag:
      - '"d40448d4-0000-0200-0000-67d141cf0000"'
      expires:
      - '-1'
      pragma:
      - no-cache
      strict-transport-security:
      - max-age=31536000; includeSubDomains
      x-cache:
      - CONFIG_NOCACHE
      x-content-type-options:
      - nosniff
      x-ms-providerhub-traffic:
      - 'True'
      x-ms-ratelimit-remaining-subscription-global-reads:
      - '16498'
      x-msedge-ref:
      - 'Ref A: A336FA5BF90D4B72962D8145C1ABBF5A Ref B: MAA201060516031 Ref C: 2025-03-12T08:12:14Z'
    status:
      code: 200
      message: OK
- request:
    body: null
    headers:
      Accept:
      - application/json
      Accept-Encoding:
      - gzip, deflate
      Connection:
      - keep-alive
      User-Agent:
      - AZURECLI/2.70.0 azsdk-python-core/1.31.0 Python/3.12.9 (Windows-11-10.0.22631-SP0)
    method: GET
    uri: https://7bf21daa-19d8-411c-aef1-54c24c3741bd.eastus.cnt-prod.loadtesting.azure.com/tests/create-test-case?api-version=2024-12-01-preview
  response:
    body:
      string: '{"autoStopCriteria":{"autoStopDisabled":false,"errorRate":90.0,"errorRateTimeWindowInSeconds":60},"loadTestConfiguration":{"engineInstances":1,"splitAllCSVs":false,"quickStartTest":false},"inputArtifacts":{"additionalFileInfo":[]},"kind":"URL","publicIPDisabled":false,"metricsReferenceIdentityType":"SystemAssigned","engineBuiltinIdentityType":"UserAssigned","engineBuiltinIdentityIds":["/subscriptions/00000000-0000-0000-0000-000000000000/resourcegroups/sample-rg/providers/microsoft.managedidentity/userassignedidentities/sample-mi"],"testId":"create-test-case","description":"Sample_test_description","displayName":"Sample_test_display_name","keyvaultReferenceIdentityType":"SystemAssigned","createdDateTime":"2025-03-12T08:12:11.562Z","createdBy":"kumarmoh@microsoft.com","lastModifiedDateTime":"2025-03-12T08:12:13.362Z","lastModifiedBy":"kumarmoh@microsoft.com"}'
    headers:
      accept-ranges:
      - bytes
      api-supported-versions:
      - 2022-11-01, 2023-04-01-preview, 2024-03-01-preview, 2024-05-01-preview, 2024-07-01-preview,
        2024-12-01-preview, 2025-03-01-preview
      connection:
      - keep-alive
      content-length:
      - '869'
      content-type:
      - application/json; charset=utf-8
      date:
      - Wed, 12 Mar 2025 08:12:15 GMT
      mise-correlation-id:
      - 24668ac3-0c34-41df-8fc2-bdc6bbaaa284
      strict-transport-security:
      - max-age=31536000; includeSubDomains
      x-azure-ref:
      - 20250312T081214Z-er184d88b9bkwgr6hC1BOM2z2w00000007z0000000002248
      x-cache:
      - CONFIG_NOCACHE
      x-content-type-options:
      - nosniff
    status:
      code: 200
      message: OK
- request:
    body: '{"displayName": "Sample_test_display_name", "kind": "URL", "description":
      "Sample_test_description", "keyvaultReferenceIdentityType": "SystemAssigned",
      "metricsReferenceIdentityType": "SystemAssigned", "environmentVariables": {},
      "secrets": {}, "loadTestConfiguration": {"engineInstances": 1, "splitAllCSVs":
      false, "quickStartTest": false, "regionalLoadTestConfig": null}, "autoStopCriteria":
      {"autoStopDisabled": false, "errorRate": 90.0, "errorRateTimeWindowInSeconds":
      60}, "baselineTestRunId": null, "engineBuiltinIdentityType": "UserAssigned",
      "engineBuiltinIdentityIds": ["/subscriptions/00000000-0000-0000-0000-000000000000/resourcegroups/sample-rg/providers/microsoft.managedidentity/userassignedidentities/sample-mi",
      "/subscriptions/00000000-0000-0000-0000-000000000000/resourcegroups/sample-rg/providers/microsoft.managedidentity/userassignedidentities/sample-mi-2"]}'
    headers:
      Accept:
      - application/json
      Accept-Encoding:
      - gzip, deflate
      Connection:
      - keep-alive
      Content-Length:
      - '879'
      Content-Type:
      - application/merge-patch+json
      User-Agent:
      - AZURECLI/2.70.0 azsdk-python-core/1.31.0 Python/3.12.9 (Windows-11-10.0.22631-SP0)
    method: PATCH
    uri: https://7bf21daa-19d8-411c-aef1-54c24c3741bd.eastus.cnt-prod.loadtesting.azure.com/tests/create-test-case?api-version=2024-12-01-preview
  response:
    body:
      string: '{"autoStopCriteria":{"autoStopDisabled":false,"errorRate":90.0,"errorRateTimeWindowInSeconds":60},"loadTestConfiguration":{"engineInstances":1,"splitAllCSVs":false,"quickStartTest":false},"inputArtifacts":{"additionalFileInfo":[]},"kind":"URL","publicIPDisabled":false,"metricsReferenceIdentityType":"SystemAssigned","engineBuiltinIdentityType":"UserAssigned","engineBuiltinIdentityIds":["/subscriptions/00000000-0000-0000-0000-000000000000/resourcegroups/sample-rg/providers/microsoft.managedidentity/userassignedidentities/sample-mi","/subscriptions/00000000-0000-0000-0000-000000000000/resourcegroups/sample-rg/providers/microsoft.managedidentity/userassignedidentities/sample-mi-2"],"testId":"create-test-case","description":"Sample_test_description","displayName":"Sample_test_display_name","keyvaultReferenceIdentityType":"SystemAssigned","createdDateTime":"2025-03-12T08:12:11.562Z","createdBy":"kumarmoh@microsoft.com","lastModifiedDateTime":"2025-03-12T08:12:15.741Z","lastModifiedBy":"kumarmoh@microsoft.com"}'
    headers:
      accept-ranges:
      - bytes
      api-supported-versions:
      - 2022-11-01, 2023-04-01-preview, 2024-03-01-preview, 2024-05-01-preview, 2024-07-01-preview,
        2024-12-01-preview, 2025-03-01-preview
      connection:
      - keep-alive
      content-length:
      - '1019'
      content-type:
      - application/json; charset=utf-8
      date:
      - Wed, 12 Mar 2025 08:12:15 GMT
      mise-correlation-id:
      - 17a73a42-d75f-4da4-bc7e-50198f0959fa
      strict-transport-security:
      - max-age=31536000; includeSubDomains
      x-azure-ref:
      - 20250312T081215Z-er184d88b9bkwgr6hC1BOM2z2w00000007z000000000228w
      x-cache:
      - CONFIG_NOCACHE
      x-content-type-options:
      - nosniff
    status:
      code: 200
      message: OK
- request:
    body: null
    headers:
      Accept:
      - application/json
      Accept-Encoding:
      - gzip, deflate
      Connection:
      - keep-alive
      User-Agent:
      - AZURECLI/2.70.0 azsdk-python-core/1.31.0 Python/3.12.9 (Windows-11-10.0.22631-SP0)
    method: GET
    uri: https://7bf21daa-19d8-411c-aef1-54c24c3741bd.eastus.cnt-prod.loadtesting.azure.com/tests/create-test-case/files?api-version=2024-12-01-preview
  response:
    body:
      string: '{"value":[]}'
    headers:
      accept-ranges:
      - bytes
      api-supported-versions:
      - 2022-11-01, 2023-04-01-preview, 2024-03-01-preview, 2024-05-01-preview, 2024-07-01-preview,
        2024-12-01-preview, 2025-03-01-preview
      connection:
      - keep-alive
      content-length:
      - '12'
      content-type:
      - application/json; charset=utf-8
      date:
      - Wed, 12 Mar 2025 08:12:16 GMT
      mise-correlation-id:
      - 4d255363-3768-4bce-b551-140563656493
      strict-transport-security:
      - max-age=31536000; includeSubDomains
      x-azure-ref:
      - 20250312T081215Z-er184d88b9bkwgr6hC1BOM2z2w00000007z00000000022ah
      x-cache:
      - CONFIG_NOCACHE
      x-content-type-options:
      - nosniff
    status:
      code: 200
      message: OK
- request:
    body: null
    headers:
      Accept:
      - application/json
      Accept-Encoding:
      - gzip, deflate
      Connection:
      - keep-alive
      User-Agent:
      - AZURECLI/2.70.0 azsdk-python-core/1.31.0 Python/3.12.9 (Windows-11-10.0.22631-SP0)
    method: GET
    uri: https://7bf21daa-19d8-411c-aef1-54c24c3741bd.eastus.cnt-prod.loadtesting.azure.com/tests/create-test-case?api-version=2024-12-01-preview
  response:
    body:
      string: '{"autoStopCriteria":{"autoStopDisabled":false,"errorRate":90.0,"errorRateTimeWindowInSeconds":60},"loadTestConfiguration":{"engineInstances":1,"splitAllCSVs":false,"quickStartTest":false},"inputArtifacts":{"additionalFileInfo":[]},"kind":"URL","publicIPDisabled":false,"metricsReferenceIdentityType":"SystemAssigned","engineBuiltinIdentityType":"UserAssigned","engineBuiltinIdentityIds":["/subscriptions/00000000-0000-0000-0000-000000000000/resourcegroups/sample-rg/providers/microsoft.managedidentity/userassignedidentities/sample-mi","/subscriptions/00000000-0000-0000-0000-000000000000/resourcegroups/sample-rg/providers/microsoft.managedidentity/userassignedidentities/sample-mi-2"],"testId":"create-test-case","description":"Sample_test_description","displayName":"Sample_test_display_name","keyvaultReferenceIdentityType":"SystemAssigned","createdDateTime":"2025-03-12T08:12:11.562Z","createdBy":"kumarmoh@microsoft.com","lastModifiedDateTime":"2025-03-12T08:12:15.741Z","lastModifiedBy":"kumarmoh@microsoft.com"}'
    headers:
      accept-ranges:
      - bytes
      api-supported-versions:
      - 2022-11-01, 2023-04-01-preview, 2024-03-01-preview, 2024-05-01-preview, 2024-07-01-preview,
        2024-12-01-preview, 2025-03-01-preview
      connection:
      - keep-alive
      content-length:
      - '1019'
      content-type:
      - application/json; charset=utf-8
      date:
      - Wed, 12 Mar 2025 08:12:16 GMT
      mise-correlation-id:
      - ca771d4a-8366-4f49-8dd9-8f07be7bdc8d
      strict-transport-security:
      - max-age=31536000; includeSubDomains
      x-azure-ref:
      - 20250312T081216Z-er184d88b9bkwgr6hC1BOM2z2w00000007z00000000022cd
      x-cache:
      - CONFIG_NOCACHE
      x-content-type-options:
      - nosniff
    status:
      code: 200
      message: OK
- request:
    body: null
    headers:
      Accept:
      - application/json
      Accept-Encoding:
      - gzip, deflate
      Connection:
      - keep-alive
      User-Agent:
      - azsdk-python-mgmt-loadtesting/1.0.0 Python/3.12.9 (Windows-11-10.0.22631-SP0)
    method: GET
    uri: https://management.azure.com/subscriptions/00000000-0000-0000-0000-000000000000/resourceGroups/clitest-enginemi-000001/providers/Microsoft.LoadTestService/loadTests/clitest-enginemi-000002?api-version=2022-12-01
  response:
    body:
      string: '{"id":"/subscriptions/00000000-0000-0000-0000-000000000000/resourceGroups/clitest-enginemi-000001/providers/Microsoft.LoadTestService/loadTests/clitest-enginemi-000002","name":"clitest-enginemi-000002","type":"microsoft.loadtestservice/loadtests","location":"eastus","systemData":{"createdBy":"kumarmoh@microsoft.com","createdByType":"User","createdAt":"2025-03-12T08:11:34.9167569Z","lastModifiedBy":"kumarmoh@microsoft.com","lastModifiedByType":"User","lastModifiedAt":"2025-03-12T08:11:34.9167569Z"},"identity":{"type":"None"},"properties":{"dataPlaneURI":"7bf21daa-19d8-411c-aef1-54c24c3741bd.eastus.cnt-prod.loadtesting.azure.com","provisioningState":"Succeeded"}}'
    headers:
      cache-control:
      - no-cache
      content-length:
      - '669'
      content-type:
      - application/json; charset=utf-8
      date:
      - Wed, 12 Mar 2025 08:12:16 GMT
      etag:
      - '"d40448d4-0000-0200-0000-67d141cf0000"'
      expires:
      - '-1'
      pragma:
      - no-cache
      strict-transport-security:
      - max-age=31536000; includeSubDomains
      x-cache:
      - CONFIG_NOCACHE
      x-content-type-options:
      - nosniff
      x-ms-providerhub-traffic:
      - 'True'
      x-ms-ratelimit-remaining-subscription-global-reads:
      - '16499'
      x-msedge-ref:
      - 'Ref A: A26CDDE9AE204B1D932B12B470A59F03 Ref B: MAA201060515031 Ref C: 2025-03-12T08:12:16Z'
    status:
      code: 200
      message: OK
- request:
    body: null
    headers:
      Accept:
      - application/json
      Accept-Encoding:
      - gzip, deflate
      Connection:
      - keep-alive
      User-Agent:
      - AZURECLI/2.70.0 azsdk-python-core/1.31.0 Python/3.12.9 (Windows-11-10.0.22631-SP0)
    method: GET
    uri: https://7bf21daa-19d8-411c-aef1-54c24c3741bd.eastus.cnt-prod.loadtesting.azure.com/tests/create-test-case?api-version=2024-12-01-preview
  response:
    body:
      string: '{"autoStopCriteria":{"autoStopDisabled":false,"errorRate":90.0,"errorRateTimeWindowInSeconds":60},"loadTestConfiguration":{"engineInstances":1,"splitAllCSVs":false,"quickStartTest":false},"inputArtifacts":{"additionalFileInfo":[]},"kind":"URL","publicIPDisabled":false,"metricsReferenceIdentityType":"SystemAssigned","engineBuiltinIdentityType":"UserAssigned","engineBuiltinIdentityIds":["/subscriptions/00000000-0000-0000-0000-000000000000/resourcegroups/sample-rg/providers/microsoft.managedidentity/userassignedidentities/sample-mi","/subscriptions/00000000-0000-0000-0000-000000000000/resourcegroups/sample-rg/providers/microsoft.managedidentity/userassignedidentities/sample-mi-2"],"testId":"create-test-case","description":"Sample_test_description","displayName":"Sample_test_display_name","keyvaultReferenceIdentityType":"SystemAssigned","createdDateTime":"2025-03-12T08:12:11.562Z","createdBy":"kumarmoh@microsoft.com","lastModifiedDateTime":"2025-03-12T08:12:15.741Z","lastModifiedBy":"kumarmoh@microsoft.com"}'
    headers:
      accept-ranges:
      - bytes
      api-supported-versions:
      - 2022-11-01, 2023-04-01-preview, 2024-03-01-preview, 2024-05-01-preview, 2024-07-01-preview,
        2024-12-01-preview, 2025-03-01-preview
      connection:
      - keep-alive
      content-length:
      - '1019'
      content-type:
      - application/json; charset=utf-8
      date:
      - Wed, 12 Mar 2025 08:12:17 GMT
      mise-correlation-id:
      - 9e9805e2-496f-4dcc-b18b-a486e8922553
      strict-transport-security:
      - max-age=31536000; includeSubDomains
      x-azure-ref:
      - 20250312T081217Z-er184d88b9bvc8j7hC1BOMq8ec000000090000000000ubsh
      x-cache:
      - CONFIG_NOCACHE
      x-content-type-options:
      - nosniff
    status:
      code: 200
      message: OK
- request:
    body: '{"displayName": "Sample_test_display_name", "kind": "URL", "description":
      "Sample_test_description", "keyvaultReferenceIdentityType": "SystemAssigned",
      "metricsReferenceIdentityType": "SystemAssigned", "environmentVariables": {},
      "secrets": {}, "loadTestConfiguration": {"engineInstances": 1, "splitAllCSVs":
      false, "quickStartTest": false, "regionalLoadTestConfig": null}, "autoStopCriteria":
      {"autoStopDisabled": false, "errorRate": 90.0, "errorRateTimeWindowInSeconds":
      60}, "baselineTestRunId": null, "engineBuiltinIdentityType": "None"}'
    headers:
      Accept:
      - application/json
      Accept-Encoding:
      - gzip, deflate
      Connection:
      - keep-alive
      Content-Length:
      - '541'
      Content-Type:
      - application/merge-patch+json
      User-Agent:
      - AZURECLI/2.70.0 azsdk-python-core/1.31.0 Python/3.12.9 (Windows-11-10.0.22631-SP0)
    method: PATCH
    uri: https://7bf21daa-19d8-411c-aef1-54c24c3741bd.eastus.cnt-prod.loadtesting.azure.com/tests/create-test-case?api-version=2024-12-01-preview
  response:
    body:
      string: '{"autoStopCriteria":{"autoStopDisabled":false,"errorRate":90.0,"errorRateTimeWindowInSeconds":60},"loadTestConfiguration":{"engineInstances":1,"splitAllCSVs":false,"quickStartTest":false},"inputArtifacts":{"additionalFileInfo":[]},"kind":"URL","publicIPDisabled":false,"metricsReferenceIdentityType":"SystemAssigned","engineBuiltinIdentityType":"None","testId":"create-test-case","description":"Sample_test_description","displayName":"Sample_test_display_name","keyvaultReferenceIdentityType":"SystemAssigned","createdDateTime":"2025-03-12T08:12:11.562Z","createdBy":"kumarmoh@microsoft.com","lastModifiedDateTime":"2025-03-12T08:12:18.131Z","lastModifiedBy":"kumarmoh@microsoft.com"}'
    headers:
      accept-ranges:
      - bytes
      api-supported-versions:
      - 2022-11-01, 2023-04-01-preview, 2024-03-01-preview, 2024-05-01-preview, 2024-07-01-preview,
        2024-12-01-preview, 2025-03-01-preview
      connection:
      - keep-alive
      content-length:
      - '684'
      content-type:
      - application/json; charset=utf-8
      date:
      - Wed, 12 Mar 2025 08:12:18 GMT
      mise-correlation-id:
      - 6c690624-f523-48d1-a6d6-de0aa5dd716d
      strict-transport-security:
      - max-age=31536000; includeSubDomains
      x-azure-ref:
      - 20250312T081217Z-er184d88b9bvc8j7hC1BOMq8ec000000090000000000ubvd
      x-cache:
      - CONFIG_NOCACHE
      x-content-type-options:
      - nosniff
    status:
      code: 200
      message: OK
- request:
    body: null
    headers:
      Accept:
      - application/json
      Accept-Encoding:
      - gzip, deflate
      Connection:
      - keep-alive
      User-Agent:
      - AZURECLI/2.70.0 azsdk-python-core/1.31.0 Python/3.12.9 (Windows-11-10.0.22631-SP0)
    method: GET
    uri: https://7bf21daa-19d8-411c-aef1-54c24c3741bd.eastus.cnt-prod.loadtesting.azure.com/tests/create-test-case/files?api-version=2024-12-01-preview
  response:
    body:
      string: '{"value":[]}'
    headers:
      accept-ranges:
      - bytes
      api-supported-versions:
      - 2022-11-01, 2023-04-01-preview, 2024-03-01-preview, 2024-05-01-preview, 2024-07-01-preview,
        2024-12-01-preview, 2025-03-01-preview
      connection:
      - keep-alive
      content-length:
      - '12'
      content-type:
      - application/json; charset=utf-8
      date:
      - Wed, 12 Mar 2025 08:12:18 GMT
      mise-correlation-id:
      - 8873ba75-f4bb-4092-908c-5377deda56eb
      strict-transport-security:
      - max-age=31536000; includeSubDomains
      x-azure-ref:
      - 20250312T081218Z-er184d88b9bvc8j7hC1BOMq8ec000000090000000000ubwc
      x-cache:
      - CONFIG_NOCACHE
      x-content-type-options:
      - nosniff
    status:
      code: 200
      message: OK
- request:
    body: null
    headers:
      Accept:
      - application/json
      Accept-Encoding:
      - gzip, deflate
      Connection:
      - keep-alive
      User-Agent:
      - AZURECLI/2.70.0 azsdk-python-core/1.31.0 Python/3.12.9 (Windows-11-10.0.22631-SP0)
    method: GET
    uri: https://7bf21daa-19d8-411c-aef1-54c24c3741bd.eastus.cnt-prod.loadtesting.azure.com/tests/create-test-case?api-version=2024-12-01-preview
  response:
    body:
      string: '{"autoStopCriteria":{"autoStopDisabled":false,"errorRate":90.0,"errorRateTimeWindowInSeconds":60},"loadTestConfiguration":{"engineInstances":1,"splitAllCSVs":false,"quickStartTest":false},"inputArtifacts":{"additionalFileInfo":[]},"kind":"URL","publicIPDisabled":false,"metricsReferenceIdentityType":"SystemAssigned","engineBuiltinIdentityType":"None","testId":"create-test-case","description":"Sample_test_description","displayName":"Sample_test_display_name","keyvaultReferenceIdentityType":"SystemAssigned","createdDateTime":"2025-03-12T08:12:11.562Z","createdBy":"kumarmoh@microsoft.com","lastModifiedDateTime":"2025-03-12T08:12:18.131Z","lastModifiedBy":"kumarmoh@microsoft.com"}'
    headers:
      accept-ranges:
      - bytes
      api-supported-versions:
      - 2022-11-01, 2023-04-01-preview, 2024-03-01-preview, 2024-05-01-preview, 2024-07-01-preview,
        2024-12-01-preview, 2025-03-01-preview
      connection:
      - keep-alive
      content-length:
      - '684'
      content-type:
      - application/json; charset=utf-8
      date:
      - Wed, 12 Mar 2025 08:12:18 GMT
      mise-correlation-id:
      - 01fe1778-b5cb-403c-9e33-2781a469880e
      strict-transport-security:
      - max-age=31536000; includeSubDomains
      x-azure-ref:
      - 20250312T081218Z-er184d88b9bvc8j7hC1BOMq8ec000000090000000000ubxc
      x-cache:
      - CONFIG_NOCACHE
      x-content-type-options:
      - nosniff
    status:
      code: 200
      message: OK
- request:
    body: null
    headers:
      Accept:
      - application/json
      Accept-Encoding:
      - gzip, deflate
      Connection:
      - keep-alive
      User-Agent:
      - azsdk-python-mgmt-loadtesting/1.0.0 Python/3.12.9 (Windows-11-10.0.22631-SP0)
    method: GET
    uri: https://management.azure.com/subscriptions/00000000-0000-0000-0000-000000000000/resourceGroups/clitest-enginemi-000001/providers/Microsoft.LoadTestService/loadTests/clitest-enginemi-000002?api-version=2022-12-01
  response:
    body:
      string: '{"id":"/subscriptions/00000000-0000-0000-0000-000000000000/resourceGroups/clitest-enginemi-000001/providers/Microsoft.LoadTestService/loadTests/clitest-enginemi-000002","name":"clitest-enginemi-000002","type":"microsoft.loadtestservice/loadtests","location":"eastus","systemData":{"createdBy":"kumarmoh@microsoft.com","createdByType":"User","createdAt":"2025-03-12T08:11:34.9167569Z","lastModifiedBy":"kumarmoh@microsoft.com","lastModifiedByType":"User","lastModifiedAt":"2025-03-12T08:11:34.9167569Z"},"identity":{"type":"None"},"properties":{"dataPlaneURI":"7bf21daa-19d8-411c-aef1-54c24c3741bd.eastus.cnt-prod.loadtesting.azure.com","provisioningState":"Succeeded"}}'
    headers:
      cache-control:
      - no-cache
      content-length:
      - '669'
      content-type:
      - application/json; charset=utf-8
      date:
      - Wed, 12 Mar 2025 08:12:18 GMT
      etag:
      - '"d40448d4-0000-0200-0000-67d141cf0000"'
      expires:
      - '-1'
      pragma:
      - no-cache
      strict-transport-security:
      - max-age=31536000; includeSubDomains
      x-cache:
      - CONFIG_NOCACHE
      x-content-type-options:
      - nosniff
      x-ms-providerhub-traffic:
      - 'True'
      x-ms-ratelimit-remaining-subscription-global-reads:
      - '16498'
      x-msedge-ref:
      - 'Ref A: 371A16F54F6441BC9115769EF9B05FBE Ref B: MAA201060513049 Ref C: 2025-03-12T08:12:18Z'
    status:
      code: 200
      message: OK
- request:
    body: null
    headers:
      Accept:
      - application/json
      Accept-Encoding:
      - gzip, deflate
      Connection:
      - keep-alive
      User-Agent:
      - AZURECLI/2.70.0 azsdk-python-core/1.31.0 Python/3.12.9 (Windows-11-10.0.22631-SP0)
    method: GET
    uri: https://7bf21daa-19d8-411c-aef1-54c24c3741bd.eastus.cnt-prod.loadtesting.azure.com/tests/create-test-case?api-version=2024-12-01-preview
  response:
    body:
      string: '{"autoStopCriteria":{"autoStopDisabled":false,"errorRate":90.0,"errorRateTimeWindowInSeconds":60},"loadTestConfiguration":{"engineInstances":1,"splitAllCSVs":false,"quickStartTest":false},"inputArtifacts":{"additionalFileInfo":[]},"kind":"URL","publicIPDisabled":false,"metricsReferenceIdentityType":"SystemAssigned","engineBuiltinIdentityType":"None","testId":"create-test-case","description":"Sample_test_description","displayName":"Sample_test_display_name","keyvaultReferenceIdentityType":"SystemAssigned","createdDateTime":"2025-03-12T08:12:11.562Z","createdBy":"kumarmoh@microsoft.com","lastModifiedDateTime":"2025-03-12T08:12:18.131Z","lastModifiedBy":"kumarmoh@microsoft.com"}'
    headers:
      accept-ranges:
      - bytes
      api-supported-versions:
      - 2022-11-01, 2023-04-01-preview, 2024-03-01-preview, 2024-05-01-preview, 2024-07-01-preview,
        2024-12-01-preview, 2025-03-01-preview
      connection:
      - keep-alive
      content-length:
      - '684'
      content-type:
      - application/json; charset=utf-8
      date:
      - Wed, 12 Mar 2025 08:12:20 GMT
      mise-correlation-id:
      - f589af93-17c5-4ac5-b62b-b602180e39f7
      strict-transport-security:
      - max-age=31536000; includeSubDomains
      x-azure-ref:
      - 20250312T081219Z-er184d88b9bbkd4zhC1BOM06yg000000063000000000ymh8
      x-cache:
      - CONFIG_NOCACHE
      x-content-type-options:
      - nosniff
    status:
      code: 200
      message: OK
- request:
    body: '{"displayName": "Sample_test_display_name", "kind": "URL", "description":
      "CLI UT Load Test - Engine reference with System Assigned Managed Identity",
      "keyvaultReferenceIdentityType": "SystemAssigned", "metricsReferenceIdentityType":
      "SystemAssigned", "publicIPDisabled": false, "environmentVariables": {}, "secrets":
      {}, "certificate": null, "loadTestConfiguration": {"engineInstances": 4, "regionalLoadTestConfig":
      null, "quickStartTest": false}, "autoStopCriteria": {"autoStopDisabled": false,
      "errorRate": 90.0, "errorRateTimeWindowInSeconds": 60}, "engineBuiltinIdentityType":
      "SystemAssigned", "engineBuiltinIdentityIds": null}'
    headers:
      Accept:
      - application/json
      Accept-Encoding:
      - gzip, deflate
      Connection:
      - keep-alive
      Content-Length:
      - '633'
      Content-Type:
      - application/merge-patch+json
      User-Agent:
      - AZURECLI/2.70.0 azsdk-python-core/1.31.0 Python/3.12.9 (Windows-11-10.0.22631-SP0)
    method: PATCH
    uri: https://7bf21daa-19d8-411c-aef1-54c24c3741bd.eastus.cnt-prod.loadtesting.azure.com/tests/create-test-case?api-version=2024-12-01-preview
  response:
    body:
      string: '{"autoStopCriteria":{"autoStopDisabled":false,"errorRate":90.0,"errorRateTimeWindowInSeconds":60},"loadTestConfiguration":{"engineInstances":4,"splitAllCSVs":false,"quickStartTest":false},"inputArtifacts":{"additionalFileInfo":[]},"kind":"URL","publicIPDisabled":false,"metricsReferenceIdentityType":"SystemAssigned","engineBuiltinIdentityType":"SystemAssigned","testId":"create-test-case","description":"CLI
        UT Load Test - Engine reference with System Assigned Managed Identity","displayName":"Sample_test_display_name","keyvaultReferenceIdentityType":"SystemAssigned","createdDateTime":"2025-03-12T08:12:11.562Z","createdBy":"kumarmoh@microsoft.com","lastModifiedDateTime":"2025-03-12T08:12:20.467Z","lastModifiedBy":"kumarmoh@microsoft.com"}'
    headers:
      accept-ranges:
      - bytes
      api-supported-versions:
      - 2022-11-01, 2023-04-01-preview, 2024-03-01-preview, 2024-05-01-preview, 2024-07-01-preview,
        2024-12-01-preview, 2025-03-01-preview
      connection:
      - keep-alive
      content-length:
      - '744'
      content-type:
      - application/json; charset=utf-8
      date:
      - Wed, 12 Mar 2025 08:12:20 GMT
      mise-correlation-id:
      - c5d30a48-782e-4342-b6c7-8942eef5cb43
      strict-transport-security:
      - max-age=31536000; includeSubDomains
      x-azure-ref:
      - 20250312T081220Z-er184d88b9bbkd4zhC1BOM06yg000000063000000000ymmt
      x-cache:
      - CONFIG_NOCACHE
      x-content-type-options:
      - nosniff
    status:
      code: 200
      message: OK
- request:
    body: null
    headers:
      Accept:
      - application/json
      Accept-Encoding:
      - gzip, deflate
      Connection:
      - keep-alive
      User-Agent:
      - AZURECLI/2.70.0 azsdk-python-core/1.31.0 Python/3.12.9 (Windows-11-10.0.22631-SP0)
    method: GET
    uri: https://7bf21daa-19d8-411c-aef1-54c24c3741bd.eastus.cnt-prod.loadtesting.azure.com/tests/create-test-case/files?api-version=2024-12-01-preview
  response:
    body:
      string: '{"value":[]}'
    headers:
      accept-ranges:
      - bytes
      api-supported-versions:
      - 2022-11-01, 2023-04-01-preview, 2024-03-01-preview, 2024-05-01-preview, 2024-07-01-preview,
        2024-12-01-preview, 2025-03-01-preview
      connection:
      - keep-alive
      content-length:
      - '12'
      content-type:
      - application/json; charset=utf-8
      date:
      - Wed, 12 Mar 2025 08:12:20 GMT
      mise-correlation-id:
      - a63a0e0d-15b3-44f5-865f-d8a890a22d54
      strict-transport-security:
      - max-age=31536000; includeSubDomains
      x-azure-ref:
      - 20250312T081220Z-er184d88b9bbkd4zhC1BOM06yg000000063000000000ymp6
      x-cache:
      - CONFIG_NOCACHE
      x-content-type-options:
      - nosniff
    status:
      code: 200
      message: OK
- request:
    body: null
    headers:
      Accept:
      - application/json
      Accept-Encoding:
      - gzip, deflate
      Connection:
      - keep-alive
      User-Agent:
      - AZURECLI/2.70.0 azsdk-python-core/1.31.0 Python/3.12.9 (Windows-11-10.0.22631-SP0)
    method: GET
    uri: https://7bf21daa-19d8-411c-aef1-54c24c3741bd.eastus.cnt-prod.loadtesting.azure.com/tests/create-test-case?api-version=2024-12-01-preview
  response:
    body:
      string: '{"autoStopCriteria":{"autoStopDisabled":false,"errorRate":90.0,"errorRateTimeWindowInSeconds":60},"loadTestConfiguration":{"engineInstances":4,"splitAllCSVs":false,"quickStartTest":false},"inputArtifacts":{"additionalFileInfo":[]},"kind":"URL","publicIPDisabled":false,"metricsReferenceIdentityType":"SystemAssigned","engineBuiltinIdentityType":"SystemAssigned","testId":"create-test-case","description":"CLI
        UT Load Test - Engine reference with System Assigned Managed Identity","displayName":"Sample_test_display_name","keyvaultReferenceIdentityType":"SystemAssigned","createdDateTime":"2025-03-12T08:12:11.562Z","createdBy":"kumarmoh@microsoft.com","lastModifiedDateTime":"2025-03-12T08:12:20.467Z","lastModifiedBy":"kumarmoh@microsoft.com"}'
    headers:
      accept-ranges:
      - bytes
      api-supported-versions:
      - 2022-11-01, 2023-04-01-preview, 2024-03-01-preview, 2024-05-01-preview, 2024-07-01-preview,
        2024-12-01-preview, 2025-03-01-preview
      connection:
      - keep-alive
      content-length:
      - '744'
      content-type:
      - application/json; charset=utf-8
      date:
      - Wed, 12 Mar 2025 08:12:21 GMT
      mise-correlation-id:
      - a394a500-b6cc-4c38-93c1-6305bfcbea17
      strict-transport-security:
      - max-age=31536000; includeSubDomains
      x-azure-ref:
      - 20250312T081220Z-er184d88b9bbkd4zhC1BOM06yg000000063000000000ymq9
      x-cache:
      - CONFIG_NOCACHE
      x-content-type-options:
      - nosniff
    status:
      code: 200
      message: OK
- request:
    body: null
    headers:
      Accept:
      - application/json
      Accept-Encoding:
      - gzip, deflate
      Connection:
      - keep-alive
      User-Agent:
      - azsdk-python-mgmt-loadtesting/1.0.0 Python/3.12.9 (Windows-11-10.0.22631-SP0)
    method: GET
    uri: https://management.azure.com/subscriptions/00000000-0000-0000-0000-000000000000/resourceGroups/clitest-enginemi-000001/providers/Microsoft.LoadTestService/loadTests/clitest-enginemi-000002?api-version=2022-12-01
  response:
    body:
      string: '{"id":"/subscriptions/00000000-0000-0000-0000-000000000000/resourceGroups/clitest-enginemi-000001/providers/Microsoft.LoadTestService/loadTests/clitest-enginemi-000002","name":"clitest-enginemi-000002","type":"microsoft.loadtestservice/loadtests","location":"eastus","systemData":{"createdBy":"kumarmoh@microsoft.com","createdByType":"User","createdAt":"2025-03-12T08:11:34.9167569Z","lastModifiedBy":"kumarmoh@microsoft.com","lastModifiedByType":"User","lastModifiedAt":"2025-03-12T08:11:34.9167569Z"},"identity":{"type":"None"},"properties":{"dataPlaneURI":"7bf21daa-19d8-411c-aef1-54c24c3741bd.eastus.cnt-prod.loadtesting.azure.com","provisioningState":"Succeeded"}}'
    headers:
      cache-control:
      - no-cache
      content-length:
      - '669'
      content-type:
      - application/json; charset=utf-8
      date:
      - Wed, 12 Mar 2025 08:12:21 GMT
      etag:
      - '"d40448d4-0000-0200-0000-67d141cf0000"'
      expires:
      - '-1'
      pragma:
      - no-cache
      strict-transport-security:
      - max-age=31536000; includeSubDomains
      x-cache:
      - CONFIG_NOCACHE
      x-content-type-options:
      - nosniff
      x-ms-providerhub-traffic:
      - 'True'
      x-ms-ratelimit-remaining-subscription-global-reads:
      - '16499'
      x-msedge-ref:
      - 'Ref A: 15E9765692FE4E079184A35DF58C12DF Ref B: MAA201060513049 Ref C: 2025-03-12T08:12:21Z'
    status:
      code: 200
      message: OK
- request:
    body: null
    headers:
      Accept:
      - application/json
      Accept-Encoding:
      - gzip, deflate
      Connection:
      - keep-alive
      User-Agent:
      - AZURECLI/2.70.0 azsdk-python-core/1.31.0 Python/3.12.9 (Windows-11-10.0.22631-SP0)
    method: GET
    uri: https://7bf21daa-19d8-411c-aef1-54c24c3741bd.eastus.cnt-prod.loadtesting.azure.com/tests/create-test-case?api-version=2024-12-01-preview
  response:
    body:
      string: '{"autoStopCriteria":{"autoStopDisabled":false,"errorRate":90.0,"errorRateTimeWindowInSeconds":60},"loadTestConfiguration":{"engineInstances":4,"splitAllCSVs":false,"quickStartTest":false},"inputArtifacts":{"additionalFileInfo":[]},"kind":"URL","publicIPDisabled":false,"metricsReferenceIdentityType":"SystemAssigned","engineBuiltinIdentityType":"SystemAssigned","testId":"create-test-case","description":"CLI
        UT Load Test - Engine reference with System Assigned Managed Identity","displayName":"Sample_test_display_name","keyvaultReferenceIdentityType":"SystemAssigned","createdDateTime":"2025-03-12T08:12:11.562Z","createdBy":"kumarmoh@microsoft.com","lastModifiedDateTime":"2025-03-12T08:12:20.467Z","lastModifiedBy":"kumarmoh@microsoft.com"}'
    headers:
      accept-ranges:
      - bytes
      api-supported-versions:
      - 2022-11-01, 2023-04-01-preview, 2024-03-01-preview, 2024-05-01-preview, 2024-07-01-preview,
        2024-12-01-preview, 2025-03-01-preview
      connection:
      - keep-alive
      content-length:
      - '744'
      content-type:
      - application/json; charset=utf-8
      date:
      - Wed, 12 Mar 2025 08:12:22 GMT
      mise-correlation-id:
      - 397afdce-2d4c-43fb-84e4-7301b52814c8
      strict-transport-security:
      - max-age=31536000; includeSubDomains
      x-azure-ref:
      - 20250312T081221Z-er184d88b9bfhzxlhC1BOMh26g00000007ng00000000b782
      x-cache:
      - CONFIG_NOCACHE
      x-content-type-options:
      - nosniff
    status:
      code: 200
      message: OK
- request:
    body: '{"displayName": "Sample_test_display_name", "kind": "URL", "description":
      "CLI UT Load Test - Engine reference with User Assigned Managed Identity", "keyvaultReferenceIdentityType":
      "SystemAssigned", "metricsReferenceIdentityType": "SystemAssigned", "publicIPDisabled":
      false, "environmentVariables": {}, "secrets": {}, "certificate": null, "loadTestConfiguration":
      {"engineInstances": 4, "regionalLoadTestConfig": null, "quickStartTest": false},
      "autoStopCriteria": {"autoStopDisabled": false, "errorRate": 90.0, "errorRateTimeWindowInSeconds":
      60}, "engineBuiltinIdentityType": "UserAssigned", "engineBuiltinIdentityIds":
      ["/subscriptions/00000000-0000-0000-0000-000000000000/resourcegroups/sample-rg/providers/microsoft.managedidentity/userassignedidentities/sample-mi",
      "/subscriptions/00000000-0000-0000-0000-000000000000/resourcegroups/sample-rg/providers/microsoft.managedidentity/userassignedidentities/sample-mi-2"]}'
    headers:
      Accept:
      - application/json
      Accept-Encoding:
      - gzip, deflate
      Connection:
      - keep-alive
      Content-Length:
      - '925'
      Content-Type:
      - application/merge-patch+json
      User-Agent:
      - AZURECLI/2.70.0 azsdk-python-core/1.31.0 Python/3.12.9 (Windows-11-10.0.22631-SP0)
    method: PATCH
    uri: https://7bf21daa-19d8-411c-aef1-54c24c3741bd.eastus.cnt-prod.loadtesting.azure.com/tests/create-test-case?api-version=2024-12-01-preview
  response:
    body:
      string: '{"autoStopCriteria":{"autoStopDisabled":false,"errorRate":90.0,"errorRateTimeWindowInSeconds":60},"loadTestConfiguration":{"engineInstances":4,"splitAllCSVs":false,"quickStartTest":false},"inputArtifacts":{"additionalFileInfo":[]},"kind":"URL","publicIPDisabled":false,"metricsReferenceIdentityType":"SystemAssigned","engineBuiltinIdentityType":"UserAssigned","engineBuiltinIdentityIds":["/subscriptions/00000000-0000-0000-0000-000000000000/resourcegroups/sample-rg/providers/microsoft.managedidentity/userassignedidentities/sample-mi","/subscriptions/00000000-0000-0000-0000-000000000000/resourcegroups/sample-rg/providers/microsoft.managedidentity/userassignedidentities/sample-mi-2"],"testId":"create-test-case","description":"CLI
        UT Load Test - Engine reference with User Assigned Managed Identity","displayName":"Sample_test_display_name","keyvaultReferenceIdentityType":"SystemAssigned","createdDateTime":"2025-03-12T08:12:11.562Z","createdBy":"kumarmoh@microsoft.com","lastModifiedDateTime":"2025-03-12T08:12:23.455Z","lastModifiedBy":"kumarmoh@microsoft.com"}'
    headers:
      accept-ranges:
      - bytes
      api-supported-versions:
      - 2022-11-01, 2023-04-01-preview, 2024-03-01-preview, 2024-05-01-preview, 2024-07-01-preview,
        2024-12-01-preview, 2025-03-01-preview
      connection:
      - keep-alive
      content-length:
      - '1067'
      content-type:
      - application/json; charset=utf-8
      date:
      - Wed, 12 Mar 2025 08:12:23 GMT
      mise-correlation-id:
      - 0bb81fad-f133-4b3f-9335-105a108de69c
      strict-transport-security:
      - max-age=31536000; includeSubDomains
      x-azure-ref:
      - 20250312T081222Z-er184d88b9bfhzxlhC1BOMh26g00000007ng00000000b7bm
      x-cache:
      - CONFIG_NOCACHE
      x-content-type-options:
      - nosniff
    status:
      code: 200
      message: OK
- request:
    body: null
    headers:
      Accept:
      - application/json
      Accept-Encoding:
      - gzip, deflate
      Connection:
      - keep-alive
      User-Agent:
      - AZURECLI/2.70.0 azsdk-python-core/1.31.0 Python/3.12.9 (Windows-11-10.0.22631-SP0)
    method: GET
    uri: https://7bf21daa-19d8-411c-aef1-54c24c3741bd.eastus.cnt-prod.loadtesting.azure.com/tests/create-test-case/files?api-version=2024-12-01-preview
  response:
    body:
      string: '{"value":[]}'
    headers:
      accept-ranges:
      - bytes
      api-supported-versions:
      - 2022-11-01, 2023-04-01-preview, 2024-03-01-preview, 2024-05-01-preview, 2024-07-01-preview,
        2024-12-01-preview, 2025-03-01-preview
      connection:
      - keep-alive
      content-length:
      - '12'
      content-type:
      - application/json; charset=utf-8
      date:
      - Wed, 12 Mar 2025 08:12:23 GMT
      mise-correlation-id:
      - d97329a7-edc8-41bd-80c0-fc6a3029267c
      strict-transport-security:
      - max-age=31536000; includeSubDomains
      x-azure-ref:
      - 20250312T081223Z-er184d88b9bfhzxlhC1BOMh26g00000007ng00000000b7g0
      x-cache:
      - CONFIG_NOCACHE
      x-content-type-options:
      - nosniff
    status:
      code: 200
      message: OK
- request:
    body: null
    headers:
      Accept:
      - application/json
      Accept-Encoding:
      - gzip, deflate
      Connection:
      - keep-alive
      User-Agent:
      - AZURECLI/2.70.0 azsdk-python-core/1.31.0 Python/3.12.9 (Windows-11-10.0.22631-SP0)
    method: GET
    uri: https://7bf21daa-19d8-411c-aef1-54c24c3741bd.eastus.cnt-prod.loadtesting.azure.com/tests/create-test-case?api-version=2024-12-01-preview
  response:
    body:
      string: '{"autoStopCriteria":{"autoStopDisabled":false,"errorRate":90.0,"errorRateTimeWindowInSeconds":60},"loadTestConfiguration":{"engineInstances":4,"splitAllCSVs":false,"quickStartTest":false},"inputArtifacts":{"additionalFileInfo":[]},"kind":"URL","publicIPDisabled":false,"metricsReferenceIdentityType":"SystemAssigned","engineBuiltinIdentityType":"UserAssigned","engineBuiltinIdentityIds":["/subscriptions/00000000-0000-0000-0000-000000000000/resourcegroups/sample-rg/providers/microsoft.managedidentity/userassignedidentities/sample-mi","/subscriptions/00000000-0000-0000-0000-000000000000/resourcegroups/sample-rg/providers/microsoft.managedidentity/userassignedidentities/sample-mi-2"],"testId":"create-test-case","description":"CLI
        UT Load Test - Engine reference with User Assigned Managed Identity","displayName":"Sample_test_display_name","keyvaultReferenceIdentityType":"SystemAssigned","createdDateTime":"2025-03-12T08:12:11.562Z","createdBy":"kumarmoh@microsoft.com","lastModifiedDateTime":"2025-03-12T08:12:23.455Z","lastModifiedBy":"kumarmoh@microsoft.com"}'
    headers:
      accept-ranges:
      - bytes
      api-supported-versions:
      - 2022-11-01, 2023-04-01-preview, 2024-03-01-preview, 2024-05-01-preview, 2024-07-01-preview,
        2024-12-01-preview, 2025-03-01-preview
      connection:
      - keep-alive
      content-length:
      - '1067'
      content-type:
      - application/json; charset=utf-8
      date:
      - Wed, 12 Mar 2025 08:12:24 GMT
      mise-correlation-id:
      - 420a3fca-caf1-4779-a6fb-d6b2e6bbfdd1
      strict-transport-security:
      - max-age=31536000; includeSubDomains
      x-azure-ref:
      - 20250312T081223Z-er184d88b9bfhzxlhC1BOMh26g00000007ng00000000b7gs
      x-cache:
      - CONFIG_NOCACHE
      x-content-type-options:
      - nosniff
    status:
      code: 200
      message: OK
- request:
    body: null
    headers:
      Accept:
      - application/json
      Accept-Encoding:
      - gzip, deflate
      Connection:
      - keep-alive
      User-Agent:
      - azsdk-python-mgmt-loadtesting/1.0.0 Python/3.12.9 (Windows-11-10.0.22631-SP0)
    method: GET
    uri: https://management.azure.com/subscriptions/00000000-0000-0000-0000-000000000000/resourceGroups/clitest-enginemi-000001/providers/Microsoft.LoadTestService/loadTests/clitest-enginemi-000002?api-version=2022-12-01
  response:
    body:
      string: '{"id":"/subscriptions/00000000-0000-0000-0000-000000000000/resourceGroups/clitest-enginemi-000001/providers/Microsoft.LoadTestService/loadTests/clitest-enginemi-000002","name":"clitest-enginemi-000002","type":"microsoft.loadtestservice/loadtests","location":"eastus","systemData":{"createdBy":"kumarmoh@microsoft.com","createdByType":"User","createdAt":"2025-03-12T08:11:34.9167569Z","lastModifiedBy":"kumarmoh@microsoft.com","lastModifiedByType":"User","lastModifiedAt":"2025-03-12T08:11:34.9167569Z"},"identity":{"type":"None"},"properties":{"dataPlaneURI":"7bf21daa-19d8-411c-aef1-54c24c3741bd.eastus.cnt-prod.loadtesting.azure.com","provisioningState":"Succeeded"}}'
    headers:
      cache-control:
      - no-cache
      content-length:
      - '669'
      content-type:
      - application/json; charset=utf-8
      date:
      - Wed, 12 Mar 2025 08:12:24 GMT
      etag:
      - '"d40448d4-0000-0200-0000-67d141cf0000"'
      expires:
      - '-1'
      pragma:
      - no-cache
      strict-transport-security:
      - max-age=31536000; includeSubDomains
      x-cache:
      - CONFIG_NOCACHE
      x-content-type-options:
      - nosniff
      x-ms-providerhub-traffic:
      - 'True'
      x-ms-ratelimit-remaining-subscription-global-reads:
      - '16499'
      x-msedge-ref:
      - 'Ref A: C8F0F410941A4FC0A63B638682F358A7 Ref B: MAA201060514027 Ref C: 2025-03-12T08:12:24Z'
    status:
      code: 200
      message: OK
- request:
    body: null
    headers:
      Accept:
      - application/json
      Accept-Encoding:
      - gzip, deflate
      Connection:
      - keep-alive
      User-Agent:
      - AZURECLI/2.70.0 azsdk-python-core/1.31.0 Python/3.12.9 (Windows-11-10.0.22631-SP0)
    method: GET
    uri: https://7bf21daa-19d8-411c-aef1-54c24c3741bd.eastus.cnt-prod.loadtesting.azure.com/tests/create-test-case?api-version=2024-12-01-preview
  response:
    body:
      string: '{"autoStopCriteria":{"autoStopDisabled":false,"errorRate":90.0,"errorRateTimeWindowInSeconds":60},"loadTestConfiguration":{"engineInstances":4,"splitAllCSVs":false,"quickStartTest":false},"inputArtifacts":{"additionalFileInfo":[]},"kind":"URL","publicIPDisabled":false,"metricsReferenceIdentityType":"SystemAssigned","engineBuiltinIdentityType":"UserAssigned","engineBuiltinIdentityIds":["/subscriptions/00000000-0000-0000-0000-000000000000/resourcegroups/sample-rg/providers/microsoft.managedidentity/userassignedidentities/sample-mi","/subscriptions/00000000-0000-0000-0000-000000000000/resourcegroups/sample-rg/providers/microsoft.managedidentity/userassignedidentities/sample-mi-2"],"testId":"create-test-case","description":"CLI
        UT Load Test - Engine reference with User Assigned Managed Identity","displayName":"Sample_test_display_name","keyvaultReferenceIdentityType":"SystemAssigned","createdDateTime":"2025-03-12T08:12:11.562Z","createdBy":"kumarmoh@microsoft.com","lastModifiedDateTime":"2025-03-12T08:12:23.455Z","lastModifiedBy":"kumarmoh@microsoft.com"}'
    headers:
      accept-ranges:
      - bytes
      api-supported-versions:
      - 2022-11-01, 2023-04-01-preview, 2024-03-01-preview, 2024-05-01-preview, 2024-07-01-preview,
        2024-12-01-preview, 2025-03-01-preview
      connection:
      - keep-alive
      content-length:
      - '1067'
      content-type:
      - application/json; charset=utf-8
      date:
      - Wed, 12 Mar 2025 08:12:25 GMT
      mise-correlation-id:
      - 10bba5cb-e77f-48ba-8c86-f382a44a924b
      strict-transport-security:
      - max-age=31536000; includeSubDomains
      x-azure-ref:
      - 20250312T081225Z-er184d88b9b8l58khC1BOM4t8g00000007p000000000s47m
      x-cache:
      - CONFIG_NOCACHE
      x-content-type-options:
      - nosniff
    status:
      code: 200
      message: OK
- request:
    body: null
    headers:
      Accept:
      - application/json
      Accept-Encoding:
      - gzip, deflate
      Connection:
      - keep-alive
      User-Agent:
      - azsdk-python-mgmt-loadtesting/1.0.0 Python/3.12.9 (Windows-11-10.0.22631-SP0)
    method: GET
    uri: https://management.azure.com/subscriptions/00000000-0000-0000-0000-000000000000/resourceGroups/clitest-enginemi-000001/providers/Microsoft.LoadTestService/loadTests/clitest-enginemi-000002?api-version=2022-12-01
  response:
    body:
      string: '{"id":"/subscriptions/00000000-0000-0000-0000-000000000000/resourceGroups/clitest-enginemi-000001/providers/Microsoft.LoadTestService/loadTests/clitest-enginemi-000002","name":"clitest-enginemi-000002","type":"microsoft.loadtestservice/loadtests","location":"eastus","systemData":{"createdBy":"kumarmoh@microsoft.com","createdByType":"User","createdAt":"2025-03-12T08:11:34.9167569Z","lastModifiedBy":"kumarmoh@microsoft.com","lastModifiedByType":"User","lastModifiedAt":"2025-03-12T08:11:34.9167569Z"},"identity":{"type":"None"},"properties":{"dataPlaneURI":"7bf21daa-19d8-411c-aef1-54c24c3741bd.eastus.cnt-prod.loadtesting.azure.com","provisioningState":"Succeeded"}}'
    headers:
      cache-control:
      - no-cache
      content-length:
      - '669'
      content-type:
      - application/json; charset=utf-8
      date:
      - Wed, 12 Mar 2025 08:12:26 GMT
      etag:
      - '"d40448d4-0000-0200-0000-67d141cf0000"'
      expires:
      - '-1'
      pragma:
      - no-cache
      strict-transport-security:
      - max-age=31536000; includeSubDomains
      x-cache:
      - CONFIG_NOCACHE
      x-content-type-options:
      - nosniff
      x-ms-providerhub-traffic:
      - 'True'
      x-ms-ratelimit-remaining-subscription-global-reads:
      - '16499'
      x-msedge-ref:
      - 'Ref A: 81D04DEE97F94CEA8CD331180E737033 Ref B: MAA201060516039 Ref C: 2025-03-12T08:12:26Z'
    status:
      code: 200
      message: OK
- request:
    body: null
    headers:
      Accept:
      - application/json
      Accept-Encoding:
      - gzip, deflate
      Connection:
      - keep-alive
      User-Agent:
      - AZURECLI/2.70.0 azsdk-python-core/1.31.0 Python/3.12.9 (Windows-11-10.0.22631-SP0)
    method: GET
    uri: https://7bf21daa-19d8-411c-aef1-54c24c3741bd.eastus.cnt-prod.loadtesting.azure.com/tests/create-test-case?api-version=2024-12-01-preview
  response:
    body:
      string: '{"autoStopCriteria":{"autoStopDisabled":false,"errorRate":90.0,"errorRateTimeWindowInSeconds":60},"loadTestConfiguration":{"engineInstances":4,"splitAllCSVs":false,"quickStartTest":false},"inputArtifacts":{"additionalFileInfo":[]},"kind":"URL","publicIPDisabled":false,"metricsReferenceIdentityType":"SystemAssigned","engineBuiltinIdentityType":"UserAssigned","engineBuiltinIdentityIds":["/subscriptions/00000000-0000-0000-0000-000000000000/resourcegroups/sample-rg/providers/microsoft.managedidentity/userassignedidentities/sample-mi","/subscriptions/00000000-0000-0000-0000-000000000000/resourcegroups/sample-rg/providers/microsoft.managedidentity/userassignedidentities/sample-mi-2"],"testId":"create-test-case","description":"CLI
        UT Load Test - Engine reference with User Assigned Managed Identity","displayName":"Sample_test_display_name","keyvaultReferenceIdentityType":"SystemAssigned","createdDateTime":"2025-03-12T08:12:11.562Z","createdBy":"kumarmoh@microsoft.com","lastModifiedDateTime":"2025-03-12T08:12:23.455Z","lastModifiedBy":"kumarmoh@microsoft.com"}'
    headers:
      accept-ranges:
      - bytes
      api-supported-versions:
      - 2022-11-01, 2023-04-01-preview, 2024-03-01-preview, 2024-05-01-preview, 2024-07-01-preview,
        2024-12-01-preview, 2025-03-01-preview
      connection:
      - keep-alive
      content-length:
      - '1067'
      content-type:
      - application/json; charset=utf-8
      date:
      - Wed, 12 Mar 2025 08:12:28 GMT
      mise-correlation-id:
      - bf669d33-1c21-4cc4-bba6-63c174bcd947
      strict-transport-security:
      - max-age=31536000; includeSubDomains
      x-azure-ref:
      - 20250312T081227Z-er184d88b9brnhz5hC1BOMdw300000000710000000003682
      x-cache:
      - CONFIG_NOCACHE
      x-content-type-options:
      - nosniff
    status:
      code: 200
      message: OK
version: 1
