interactions:
- request:
    body: null
    headers:
      Accept:
      - application/json
      Accept-Encoding:
      - gzip, deflate
      CommandName:
      - identity create
      Connection:
      - keep-alive
      ParameterSetName:
      - -n -g
      User-Agent:
      - AZURECLI/2.44.1 azsdk-python-azure-mgmt-resource/21.1.0b1 Python/3.10.8 (Linux-5.15.0-1023-azure-x86_64-with-glibc2.31)
        VSTS_7b238909-6802-4b65-b90d-184bca47f458_build_261_0
    method: GET
    uri: https://management.azure.com/subscriptions/00000000-0000-0000-0000-000000000000/resourcegroups/cli_test_azure_load_testing000001?api-version=2021-04-01
  response:
    body:
      string: '{"id":"/subscriptions/00000000-0000-0000-0000-000000000000/resourceGroups/cli_test_azure_load_testing000001","name":"cli_test_azure_load_testing000001","type":"Microsoft.Resources/resourceGroups","location":"westus2","tags":{"product":"azurecli","cause":"automation","date":"2023-01-16T04:01:32Z"},"properties":{"provisioningState":"Succeeded"}}'
    headers:
      cache-control:
      - no-cache
      content-length:
      - '345'
      content-type:
      - application/json; charset=utf-8
      date:
      - Mon, 16 Jan 2023 04:02:07 GMT
      expires:
      - '-1'
      pragma:
      - no-cache
      strict-transport-security:
      - max-age=31536000; includeSubDomains
      vary:
      - Accept-Encoding
      x-content-type-options:
      - nosniff
    status:
      code: 200
      message: OK
- request:
    body: '{"location": "westus2"}'
    headers:
      Accept:
      - application/json
      Accept-Encoding:
      - gzip, deflate
      CommandName:
      - identity create
      Connection:
      - keep-alive
      Content-Length:
      - '23'
      Content-Type:
      - application/json
      ParameterSetName:
      - -n -g
      User-Agent:
      - AZURECLI/2.44.1 azsdk-python-azure-mgmt-msi/6.1.0 Python/3.10.8 (Linux-5.15.0-1023-azure-x86_64-with-glibc2.31)
        VSTS_7b238909-6802-4b65-b90d-184bca47f458_build_261_0
    method: PUT
    uri: https://management.azure.com/subscriptions/00000000-0000-0000-0000-000000000000/resourceGroups/cli_test_azure_load_testing000001/providers/Microsoft.ManagedIdentity/userAssignedIdentities/clitestid1?api-version=2022-01-31-preview
  response:
    body:
      string: '{"id":"/subscriptions/00000000-0000-0000-0000-000000000000/resourcegroups/cli_test_azure_load_testing000001/providers/Microsoft.ManagedIdentity/userAssignedIdentities/clitestid1","name":"clitestid1","type":"Microsoft.ManagedIdentity/userAssignedIdentities","location":"westus2","tags":{},"properties":{"tenantId":"54826b22-38d6-4fb2-bad9-b7b93a3e9c5a","principalId":"9585e025-5601-4fc2-8bb8-320ef3ef892c","clientId":"231368e8-11ad-4e31-aa9f-e07aea57ab03"}}'
    headers:
      cache-control:
      - no-cache
      content-length:
      - '456'
      content-type:
      - application/json; charset=utf-8
      date:
      - Mon, 16 Jan 2023 04:02:11 GMT
      expires:
      - '-1'
      location:
      - /subscriptions/00000000-0000-0000-0000-000000000000/resourcegroups/cli_test_azure_load_testing000001/providers/Microsoft.ManagedIdentity/userAssignedIdentities/clitestid1
      pragma:
      - no-cache
      strict-transport-security:
      - max-age=31536000; includeSubDomains
      x-content-type-options:
      - nosniff
      x-ms-ratelimit-remaining-subscription-writes:
      - '1199'
    status:
      code: 201
      message: Created
- request:
    body: null
    headers:
      Accept:
      - application/json
      Accept-Encoding:
      - gzip, deflate
      CommandName:
      - identity create
      Connection:
      - keep-alive
      ParameterSetName:
      - -n -g
      User-Agent:
      - AZURECLI/2.44.1 azsdk-python-azure-mgmt-resource/21.1.0b1 Python/3.10.8 (Linux-5.15.0-1023-azure-x86_64-with-glibc2.31)
        VSTS_7b238909-6802-4b65-b90d-184bca47f458_build_261_0
    method: GET
    uri: https://management.azure.com/subscriptions/00000000-0000-0000-0000-000000000000/resourcegroups/cli_test_azure_load_testing000001?api-version=2021-04-01
  response:
    body:
      string: '{"id":"/subscriptions/00000000-0000-0000-0000-000000000000/resourceGroups/cli_test_azure_load_testing000001","name":"cli_test_azure_load_testing000001","type":"Microsoft.Resources/resourceGroups","location":"westus2","tags":{"product":"azurecli","cause":"automation","date":"2023-01-16T04:01:32Z"},"properties":{"provisioningState":"Succeeded"}}'
    headers:
      cache-control:
      - no-cache
      content-length:
      - '345'
      content-type:
      - application/json; charset=utf-8
      date:
      - Mon, 16 Jan 2023 04:02:11 GMT
      expires:
      - '-1'
      pragma:
      - no-cache
      strict-transport-security:
      - max-age=31536000; includeSubDomains
      vary:
      - Accept-Encoding
      x-content-type-options:
      - nosniff
    status:
      code: 200
      message: OK
- request:
    body: '{"location": "westus2"}'
    headers:
      Accept:
      - application/json
      Accept-Encoding:
      - gzip, deflate
      CommandName:
      - identity create
      Connection:
      - keep-alive
      Content-Length:
      - '23'
      Content-Type:
      - application/json
      ParameterSetName:
      - -n -g
      User-Agent:
      - AZURECLI/2.44.1 azsdk-python-azure-mgmt-msi/6.1.0 Python/3.10.8 (Linux-5.15.0-1023-azure-x86_64-with-glibc2.31)
        VSTS_7b238909-6802-4b65-b90d-184bca47f458_build_261_0
    method: PUT
    uri: https://management.azure.com/subscriptions/00000000-0000-0000-0000-000000000000/resourceGroups/cli_test_azure_load_testing000001/providers/Microsoft.ManagedIdentity/userAssignedIdentities/clitestid2?api-version=2022-01-31-preview
  response:
    body:
      string: '{"id":"/subscriptions/00000000-0000-0000-0000-000000000000/resourcegroups/cli_test_azure_load_testing000001/providers/Microsoft.ManagedIdentity/userAssignedIdentities/clitestid2","name":"clitestid2","type":"Microsoft.ManagedIdentity/userAssignedIdentities","location":"westus2","tags":{},"properties":{"tenantId":"54826b22-38d6-4fb2-bad9-b7b93a3e9c5a","principalId":"b642b736-5fa0-420e-b0a9-faa83affe37c","clientId":"8375f077-a016-4f91-8399-6f41c9d06ca6"}}'
    headers:
      cache-control:
      - no-cache
      content-length:
      - '456'
      content-type:
      - application/json; charset=utf-8
      date:
      - Mon, 16 Jan 2023 04:02:15 GMT
      expires:
      - '-1'
      location:
      - /subscriptions/00000000-0000-0000-0000-000000000000/resourcegroups/cli_test_azure_load_testing000001/providers/Microsoft.ManagedIdentity/userAssignedIdentities/clitestid2
      pragma:
      - no-cache
      strict-transport-security:
      - max-age=31536000; includeSubDomains
      x-content-type-options:
      - nosniff
      x-ms-ratelimit-remaining-subscription-writes:
      - '1197'
    status:
      code: 201
      message: Created
- request:
    body: '{"identity": {"type": "None"}, "location": "westus2"}'
    headers:
      Accept:
      - application/json
      Accept-Encoding:
      - gzip, deflate
      CommandName:
      - load create
      Connection:
      - keep-alive
      Content-Length:
      - '53'
      Content-Type:
      - application/json
      ParameterSetName:
      - --name --location --resource-group
      User-Agent:
      - AZURECLI/2.44.1 (AAZ) azsdk-python-core/1.24.0 Python/3.10.8 (Linux-5.15.0-1023-azure-x86_64-with-glibc2.31)
        VSTS_7b238909-6802-4b65-b90d-184bca47f458_build_261_0
    method: PUT
    uri: https://management.azure.com/subscriptions/00000000-0000-0000-0000-000000000000/resourceGroups/cli_test_azure_load_testing000001/providers/Microsoft.LoadTestService/loadTests/load-test000003?api-version=2022-12-01
  response:
    body:
      string: '{"id":"/subscriptions/00000000-0000-0000-0000-000000000000/resourceGroups/cli_test_azure_load_testing000001/providers/Microsoft.LoadTestService/loadTests/load-test000003","name":"load-test000003","type":"microsoft.loadtestservice/loadtests","location":"westus2","systemData":{"createdBy":"azureclilivetest@azuresdkteam.onmicrosoft.com","createdByType":"User","createdAt":"2023-01-16T04:02:17.0078621Z","lastModifiedBy":"azureclilivetest@azuresdkteam.onmicrosoft.com","lastModifiedByType":"User","lastModifiedAt":"2023-01-16T04:02:17.0078621Z"},"identity":{"type":"None"},"properties":{"description":null,"dataPlaneURI":"14821651-8b3d-4426-9b70-9f9140af973b.westus2.cnt-prod.loadtesting.azure.com","encryption":null,"provisioningState":"Accepted"}}'
    headers:
      azure-asyncoperation:
      - https://management.azure.com/subscriptions/00000000-0000-0000-0000-000000000000/providers/Microsoft.LoadTestService/locations/WESTUS2/operationStatuses/65c40795-9eef-42b8-955d-35b243941d12*DAFF15056FFCC62B72202782C5EC8DA427E3F7B3B218E86E66B7EFF332C9B394?api-version=2022-12-01
      cache-control:
      - no-cache
      content-length:
      - '747'
      content-type:
      - application/json; charset=utf-8
      date:
      - Mon, 16 Jan 2023 04:02:18 GMT
      etag:
      - '"5a00f297-0000-0800-0000-63c4cc4a0000"'
      expires:
      - '-1'
      mise-correlation-id:
      - 1552739e-4659-4a12-9471-5b1689e19645
      pragma:
      - no-cache
      strict-transport-security:
      - max-age=31536000; includeSubDomains
      x-content-type-options:
      - nosniff
      x-ms-providerhub-traffic:
      - 'True'
      x-ms-ratelimit-remaining-subscription-writes:
      - '1199'
    status:
      code: 201
      message: Created
- request:
    body: null
    headers:
      Accept:
      - '*/*'
      Accept-Encoding:
      - gzip, deflate
      CommandName:
      - load create
      Connection:
      - keep-alive
      ParameterSetName:
      - --name --location --resource-group
      User-Agent:
      - AZURECLI/2.44.1 (AAZ) azsdk-python-core/1.24.0 Python/3.10.8 (Linux-5.15.0-1023-azure-x86_64-with-glibc2.31)
        VSTS_7b238909-6802-4b65-b90d-184bca47f458_build_261_0
    method: GET
    uri: https://management.azure.com/subscriptions/00000000-0000-0000-0000-000000000000/providers/Microsoft.LoadTestService/locations/WESTUS2/operationStatuses/65c40795-9eef-42b8-955d-35b243941d12*DAFF15056FFCC62B72202782C5EC8DA427E3F7B3B218E86E66B7EFF332C9B394?api-version=2022-12-01
  response:
    body:
      string: '{"id":"/subscriptions/00000000-0000-0000-0000-000000000000/providers/Microsoft.LoadTestService/locations/WESTUS2/operationStatuses/65c40795-9eef-42b8-955d-35b243941d12*DAFF15056FFCC62B72202782C5EC8DA427E3F7B3B218E86E66B7EFF332C9B394","name":"65c40795-9eef-42b8-955d-35b243941d12*DAFF15056FFCC62B72202782C5EC8DA427E3F7B3B218E86E66B7EFF332C9B394","resourceId":"/subscriptions/00000000-0000-0000-0000-000000000000/resourceGroups/cli_test_azure_load_testing000001/providers/Microsoft.LoadTestService/loadTests/load-test000003","status":"Succeeded","startTime":"2023-01-16T04:02:17.8150592Z","endTime":"2023-01-16T04:02:19.9340076Z","properties":null}'
    headers:
      cache-control:
      - no-cache
      content-length:
      - '646'
      content-type:
      - application/json; charset=utf-8
      date:
      - Mon, 16 Jan 2023 04:02:47 GMT
      etag:
      - '"07003337-0000-0800-0000-63c4cc4b0000"'
      expires:
      - '-1'
      pragma:
      - no-cache
      strict-transport-security:
      - max-age=31536000; includeSubDomains
      transfer-encoding:
      - chunked
      vary:
      - Accept-Encoding
      x-content-type-options:
      - nosniff
    status:
      code: 200
      message: OK
- request:
    body: null
    headers:
      Accept:
      - '*/*'
      Accept-Encoding:
      - gzip, deflate
      CommandName:
      - load create
      Connection:
      - keep-alive
      ParameterSetName:
      - --name --location --resource-group
      User-Agent:
      - AZURECLI/2.44.1 (AAZ) azsdk-python-core/1.24.0 Python/3.10.8 (Linux-5.15.0-1023-azure-x86_64-with-glibc2.31)
        VSTS_7b238909-6802-4b65-b90d-184bca47f458_build_261_0
    method: GET
    uri: https://management.azure.com/subscriptions/00000000-0000-0000-0000-000000000000/resourceGroups/cli_test_azure_load_testing000001/providers/Microsoft.LoadTestService/loadTests/load-test000003?api-version=2022-12-01
  response:
    body:
      string: '{"id":"/subscriptions/00000000-0000-0000-0000-000000000000/resourceGroups/cli_test_azure_load_testing000001/providers/Microsoft.LoadTestService/loadTests/load-test000003","name":"load-test000003","type":"microsoft.loadtestservice/loadtests","location":"westus2","systemData":{"createdBy":"azureclilivetest@azuresdkteam.onmicrosoft.com","createdByType":"User","createdAt":"2023-01-16T04:02:17.0078621Z","lastModifiedBy":"azureclilivetest@azuresdkteam.onmicrosoft.com","lastModifiedByType":"User","lastModifiedAt":"2023-01-16T04:02:17.0078621Z"},"identity":{"type":"None"},"properties":{"description":null,"dataPlaneURI":"14821651-8b3d-4426-9b70-9f9140af973b.westus2.cnt-prod.loadtesting.azure.com","encryption":null,"provisioningState":"Succeeded"}}'
    headers:
      cache-control:
      - no-cache
      content-length:
      - '748'
      content-type:
      - application/json; charset=utf-8
      date:
      - Mon, 16 Jan 2023 04:02:48 GMT
      etag:
      - '"5a000198-0000-0800-0000-63c4cc4c0000"'
      expires:
      - '-1'
      pragma:
      - no-cache
      strict-transport-security:
      - max-age=31536000; includeSubDomains
      transfer-encoding:
      - chunked
      vary:
      - Accept-Encoding
      x-content-type-options:
      - nosniff
      x-ms-providerhub-traffic:
      - 'True'
    status:
      code: 200
      message: OK
- request:
    body: '{"identity": {"type": "SystemAssigned,UserAssigned", "userAssignedIdentities":
      {"/subscriptions/00000000-0000-0000-0000-000000000000/resourcegroups/cli_test_azure_load_testing000001/providers/Microsoft.ManagedIdentity/userAssignedIdentities/clitestid1":
      {}}}, "location": "westus2"}'
    headers:
      Accept:
      - application/json
      Accept-Encoding:
      - gzip, deflate
      CommandName:
      - load create
      Connection:
      - keep-alive
      Content-Length:
      - '282'
      Content-Type:
      - application/json
      ParameterSetName:
      - --name --location --resource-group --identity-type --user-assigned
      User-Agent:
      - AZURECLI/2.44.1 (AAZ) azsdk-python-core/1.24.0 Python/3.10.8 (Linux-5.15.0-1023-azure-x86_64-with-glibc2.31)
        VSTS_7b238909-6802-4b65-b90d-184bca47f458_build_261_0
    method: PUT
    uri: https://management.azure.com/subscriptions/00000000-0000-0000-0000-000000000000/resourceGroups/cli_test_azure_load_testing000001/providers/Microsoft.LoadTestService/loadTests/load-test000003?api-version=2022-12-01
  response:
    body:
      string: '{"id":"/subscriptions/00000000-0000-0000-0000-000000000000/resourceGroups/cli_test_azure_load_testing000001/providers/Microsoft.LoadTestService/loadTests/load-test000003","name":"load-test000003","type":"microsoft.loadtestservice/loadtests","location":"westus2","systemData":{"createdBy":"azureclilivetest@azuresdkteam.onmicrosoft.com","createdByType":"User","createdAt":"2023-01-16T04:02:17.0078621Z","lastModifiedBy":"azureclilivetest@azuresdkteam.onmicrosoft.com","lastModifiedByType":"User","lastModifiedAt":"2023-01-16T04:02:49.6848191Z"},"identity":{"principalId":"e5176c8e-350e-4d8c-b388-d6d486acf834","tenantId":"54826b22-38d6-4fb2-bad9-b7b93a3e9c5a","type":"SystemAssigned,
        UserAssigned","userAssignedIdentities":{"/subscriptions/00000000-0000-0000-0000-000000000000/resourcegroups/cli_test_azure_load_testing000001/providers/microsoft.managedidentity/userassignedidentities/clitestid1":{"principalId":"9585e025-5601-4fc2-8bb8-320ef3ef892c","clientId":"231368e8-11ad-4e31-aa9f-e07aea57ab03"}}},"properties":{"description":null,"dataPlaneURI":"14821651-8b3d-4426-9b70-9f9140af973b.westus2.cnt-prod.loadtesting.azure.com","encryption":null,"provisioningState":"Accepted"}}'
    headers:
      azure-asyncoperation:
      - https://management.azure.com/subscriptions/00000000-0000-0000-0000-000000000000/providers/Microsoft.LoadTestService/locations/WESTUS2/operationStatuses/c12895a1-ae6f-4ac8-9e78-0b68d5c07424*DAFF15056FFCC62B72202782C5EC8DA427E3F7B3B218E86E66B7EFF332C9B394?api-version=2022-12-01
      cache-control:
      - no-cache
      content-length:
      - '1179'
      content-type:
      - application/json; charset=utf-8
      date:
      - Mon, 16 Jan 2023 04:02:51 GMT
      etag:
      - '"5a00d89a-0000-0800-0000-63c4cc6b0000"'
      expires:
      - '-1'
      mise-correlation-id:
      - b63cf40d-8550-4b36-860d-6bac0a57550b
      pragma:
      - no-cache
      strict-transport-security:
      - max-age=31536000; includeSubDomains
      x-content-type-options:
      - nosniff
      x-ms-providerhub-traffic:
      - 'True'
      x-ms-ratelimit-remaining-subscription-writes:
      - '1199'
    status:
      code: 201
      message: Created
- request:
    body: null
    headers:
      Accept:
      - '*/*'
      Accept-Encoding:
      - gzip, deflate
      CommandName:
      - load create
      Connection:
      - keep-alive
      ParameterSetName:
      - --name --location --resource-group --identity-type --user-assigned
      User-Agent:
      - AZURECLI/2.44.1 (AAZ) azsdk-python-core/1.24.0 Python/3.10.8 (Linux-5.15.0-1023-azure-x86_64-with-glibc2.31)
        VSTS_7b238909-6802-4b65-b90d-184bca47f458_build_261_0
    method: GET
    uri: https://management.azure.com/subscriptions/00000000-0000-0000-0000-000000000000/providers/Microsoft.LoadTestService/locations/WESTUS2/operationStatuses/c12895a1-ae6f-4ac8-9e78-0b68d5c07424*DAFF15056FFCC62B72202782C5EC8DA427E3F7B3B218E86E66B7EFF332C9B394?api-version=2022-12-01
  response:
    body:
      string: '{"id":"/subscriptions/00000000-0000-0000-0000-000000000000/providers/Microsoft.LoadTestService/locations/WESTUS2/operationStatuses/c12895a1-ae6f-4ac8-9e78-0b68d5c07424*DAFF15056FFCC62B72202782C5EC8DA427E3F7B3B218E86E66B7EFF332C9B394","name":"c12895a1-ae6f-4ac8-9e78-0b68d5c07424*DAFF15056FFCC62B72202782C5EC8DA427E3F7B3B218E86E66B7EFF332C9B394","resourceId":"/subscriptions/00000000-0000-0000-0000-000000000000/resourceGroups/cli_test_azure_load_testing000001/providers/Microsoft.LoadTestService/loadTests/load-test000003","status":"Succeeded","startTime":"2023-01-16T04:02:51.0014783Z","endTime":"2023-01-16T04:02:52.5724309Z","properties":null}'
    headers:
      cache-control:
      - no-cache
      content-length:
      - '646'
      content-type:
      - application/json; charset=utf-8
      date:
      - Mon, 16 Jan 2023 04:03:21 GMT
      etag:
      - '"07006437-0000-0800-0000-63c4cc6c0000"'
      expires:
      - '-1'
      pragma:
      - no-cache
      strict-transport-security:
      - max-age=31536000; includeSubDomains
      transfer-encoding:
      - chunked
      vary:
      - Accept-Encoding
      x-content-type-options:
      - nosniff
    status:
      code: 200
      message: OK
- request:
    body: null
    headers:
      Accept:
      - '*/*'
      Accept-Encoding:
      - gzip, deflate
      CommandName:
      - load create
      Connection:
      - keep-alive
      ParameterSetName:
      - --name --location --resource-group --identity-type --user-assigned
      User-Agent:
      - AZURECLI/2.44.1 (AAZ) azsdk-python-core/1.24.0 Python/3.10.8 (Linux-5.15.0-1023-azure-x86_64-with-glibc2.31)
        VSTS_7b238909-6802-4b65-b90d-184bca47f458_build_261_0
    method: GET
    uri: https://management.azure.com/subscriptions/00000000-0000-0000-0000-000000000000/resourceGroups/cli_test_azure_load_testing000001/providers/Microsoft.LoadTestService/loadTests/load-test000003?api-version=2022-12-01
  response:
    body:
      string: '{"id":"/subscriptions/00000000-0000-0000-0000-000000000000/resourceGroups/cli_test_azure_load_testing000001/providers/Microsoft.LoadTestService/loadTests/load-test000003","name":"load-test000003","type":"microsoft.loadtestservice/loadtests","location":"westus2","systemData":{"createdBy":"azureclilivetest@azuresdkteam.onmicrosoft.com","createdByType":"User","createdAt":"2023-01-16T04:02:17.0078621Z","lastModifiedBy":"azureclilivetest@azuresdkteam.onmicrosoft.com","lastModifiedByType":"User","lastModifiedAt":"2023-01-16T04:02:49.6848191Z"},"identity":{"principalId":"e5176c8e-350e-4d8c-b388-d6d486acf834","tenantId":"54826b22-38d6-4fb2-bad9-b7b93a3e9c5a","type":"SystemAssigned,
        UserAssigned","userAssignedIdentities":{"/subscriptions/00000000-0000-0000-0000-000000000000/resourcegroups/cli_test_azure_load_testing000001/providers/microsoft.managedidentity/userassignedidentities/clitestid1":{"principalId":"9585e025-5601-4fc2-8bb8-320ef3ef892c","clientId":"231368e8-11ad-4e31-aa9f-e07aea57ab03"}}},"properties":{"description":null,"dataPlaneURI":"14821651-8b3d-4426-9b70-9f9140af973b.westus2.cnt-prod.loadtesting.azure.com","encryption":null,"provisioningState":"Succeeded"}}'
    headers:
      cache-control:
      - no-cache
      content-length:
      - '1180'
      content-type:
      - application/json; charset=utf-8
      date:
      - Mon, 16 Jan 2023 04:03:21 GMT
      etag:
      - '"5a00fa9a-0000-0800-0000-63c4cc6c0000"'
      expires:
      - '-1'
      pragma:
      - no-cache
      strict-transport-security:
      - max-age=31536000; includeSubDomains
      transfer-encoding:
      - chunked
      vary:
      - Accept-Encoding
      x-content-type-options:
      - nosniff
      x-ms-providerhub-traffic:
      - 'True'
    status:
      code: 200
      message: OK
- request:
    body: null
    headers:
      Accept:
      - application/json
      Accept-Encoding:
      - gzip, deflate
      CommandName:
      - keyvault update
      Connection:
      - keep-alive
      ParameterSetName:
      - --name --resource-group --set
      User-Agent:
      - AZURECLI/2.44.1 azsdk-python-azure-mgmt-keyvault/10.1.0 Python/3.10.8 (Linux-5.15.0-1023-azure-x86_64-with-glibc2.31)
        VSTS_7b238909-6802-4b65-b90d-184bca47f458_build_261_0
    method: GET
    uri: https://management.azure.com/subscriptions/00000000-0000-0000-0000-000000000000/resourceGroups/cli_test_azure_load_testing000001/providers/Microsoft.KeyVault/vaults/clitest000002?api-version=2022-07-01
  response:
    body:
      string: '{"id":"/subscriptions/00000000-0000-0000-0000-000000000000/resourceGroups/cli_test_azure_load_testing000001/providers/Microsoft.KeyVault/vaults/clitest000002","name":"clitest000002","type":"Microsoft.KeyVault/vaults","location":"westus2","tags":{},"systemData":{"createdBy":"azureclilivetest@azuresdkteam.onmicrosoft.com","createdByType":"User","createdAt":"2023-01-16T04:01:35.667Z","lastModifiedBy":"azureclilivetest@azuresdkteam.onmicrosoft.com","lastModifiedByType":"User","lastModifiedAt":"2023-01-16T04:01:35.667Z"},"properties":{"sku":{"family":"A","name":"standard"},"tenantId":"54826b22-38d6-4fb2-bad9-b7b93a3e9c5a","accessPolicies":[{"tenantId":"54826b22-38d6-4fb2-bad9-b7b93a3e9c5a","objectId":"6b30bdc6-696a-46fb-82d7-739c2fb147b7","permissions":{"keys":["all"],"secrets":["all"],"certificates":["all"],"storage":["all"]}}],"enabledForDeployment":false,"enableSoftDelete":true,"softDeleteRetentionInDays":7,"vaultUri":"https://clitest000002.vault.azure.net/","provisioningState":"Succeeded","publicNetworkAccess":"Enabled"}}'
    headers:
      cache-control:
      - no-cache
      content-length:
      - '1036'
      content-type:
      - application/json; charset=utf-8
      date:
      - Mon, 16 Jan 2023 04:03:23 GMT
      expires:
      - '-1'
      pragma:
      - no-cache
      server:
      - Microsoft-IIS/10.0
      strict-transport-security:
      - max-age=31536000; includeSubDomains
      transfer-encoding:
      - chunked
      vary:
      - Accept-Encoding
      x-aspnet-version:
      - 4.0.30319
      x-content-type-options:
      - nosniff
      x-ms-keyvault-service-version:
      - 1.5.644.0
    status:
      code: 200
      message: OK
- request:
    body: '{"location": "westus2", "tags": {}, "properties": {"tenantId": "54826b22-38d6-4fb2-bad9-b7b93a3e9c5a",
      "sku": {"family": "A", "name": "standard"}, "accessPolicies": [{"tenantId":
      "54826b22-38d6-4fb2-bad9-b7b93a3e9c5a", "objectId": "6b30bdc6-696a-46fb-82d7-739c2fb147b7",
      "permissions": {"keys": ["all"], "secrets": ["all"], "certificates": ["all"],
      "storage": ["all"]}}], "vaultUri": "https://clitest000002.vault.azure.net/",
      "enabledForDeployment": false, "enableSoftDelete": true, "softDeleteRetentionInDays":
      7, "provisioningState": "Succeeded", "publicNetworkAccess": "Enabled"}}'
    headers:
      Accept:
      - application/json
      Accept-Encoding:
      - gzip, deflate
      CommandName:
      - keyvault update
      Connection:
      - keep-alive
      Content-Length:
      - '583'
      Content-Type:
      - application/json
      ParameterSetName:
      - --name --resource-group --set
      User-Agent:
      - AZURECLI/2.44.1 azsdk-python-azure-mgmt-keyvault/10.1.0 Python/3.10.8 (Linux-5.15.0-1023-azure-x86_64-with-glibc2.31)
        VSTS_7b238909-6802-4b65-b90d-184bca47f458_build_261_0
    method: PUT
    uri: https://management.azure.com/subscriptions/00000000-0000-0000-0000-000000000000/resourceGroups/cli_test_azure_load_testing000001/providers/Microsoft.KeyVault/vaults/clitest000002?api-version=2022-07-01
  response:
    body:
      string: '{"id":"/subscriptions/00000000-0000-0000-0000-000000000000/resourceGroups/cli_test_azure_load_testing000001/providers/Microsoft.KeyVault/vaults/clitest000002","name":"clitest000002","type":"Microsoft.KeyVault/vaults","location":"westus2","tags":{},"systemData":{"createdBy":"azureclilivetest@azuresdkteam.onmicrosoft.com","createdByType":"User","createdAt":"2023-01-16T04:01:35.667Z","lastModifiedBy":"azureclilivetest@azuresdkteam.onmicrosoft.com","lastModifiedByType":"User","lastModifiedAt":"2023-01-16T04:03:24.294Z"},"properties":{"sku":{"family":"A","name":"standard"},"tenantId":"54826b22-38d6-4fb2-bad9-b7b93a3e9c5a","accessPolicies":[{"tenantId":"54826b22-38d6-4fb2-bad9-b7b93a3e9c5a","objectId":"6b30bdc6-696a-46fb-82d7-739c2fb147b7","permissions":{"keys":["all"],"secrets":["all"],"certificates":["all"],"storage":["all"]}}],"enabledForDeployment":false,"enableSoftDelete":true,"softDeleteRetentionInDays":7,"vaultUri":"https://clitest000002.vault.azure.net/","provisioningState":"Succeeded","publicNetworkAccess":"Enabled"}}'
    headers:
      cache-control:
      - no-cache
      content-length:
      - '1036'
      content-type:
      - application/json; charset=utf-8
      date:
      - Mon, 16 Jan 2023 04:03:24 GMT
      expires:
      - '-1'
      pragma:
      - no-cache
      server:
      - Microsoft-IIS/10.0
      strict-transport-security:
      - max-age=31536000; includeSubDomains
      transfer-encoding:
      - chunked
      vary:
      - Accept-Encoding
      x-aspnet-version:
      - 4.0.30319
      x-content-type-options:
      - nosniff
      x-ms-keyvault-service-version:
      - 1.5.644.0
      x-ms-ratelimit-remaining-subscription-writes:
      - '1199'
    status:
      code: 200
      message: OK
- request:
    body: null
    headers:
      Accept:
      - application/json
      Accept-Encoding:
      - gzip, deflate
      CommandName:
      - keyvault update
      Connection:
      - keep-alive
      ParameterSetName:
      - --name --resource-group --set
      User-Agent:
      - AZURECLI/2.44.1 azsdk-python-azure-mgmt-keyvault/10.1.0 Python/3.10.8 (Linux-5.15.0-1023-azure-x86_64-with-glibc2.31)
        VSTS_7b238909-6802-4b65-b90d-184bca47f458_build_261_0
    method: GET
    uri: https://management.azure.com/subscriptions/00000000-0000-0000-0000-000000000000/resourceGroups/cli_test_azure_load_testing000001/providers/Microsoft.KeyVault/vaults/clitest000002?api-version=2022-07-01
  response:
    body:
      string: '{"id":"/subscriptions/00000000-0000-0000-0000-000000000000/resourceGroups/cli_test_azure_load_testing000001/providers/Microsoft.KeyVault/vaults/clitest000002","name":"clitest000002","type":"Microsoft.KeyVault/vaults","location":"westus2","tags":{},"systemData":{"createdBy":"azureclilivetest@azuresdkteam.onmicrosoft.com","createdByType":"User","createdAt":"2023-01-16T04:01:35.667Z","lastModifiedBy":"azureclilivetest@azuresdkteam.onmicrosoft.com","lastModifiedByType":"User","lastModifiedAt":"2023-01-16T04:03:24.294Z"},"properties":{"sku":{"family":"A","name":"standard"},"tenantId":"54826b22-38d6-4fb2-bad9-b7b93a3e9c5a","accessPolicies":[{"tenantId":"54826b22-38d6-4fb2-bad9-b7b93a3e9c5a","objectId":"6b30bdc6-696a-46fb-82d7-739c2fb147b7","permissions":{"keys":["all"],"secrets":["all"],"certificates":["all"],"storage":["all"]}}],"enabledForDeployment":false,"enableSoftDelete":true,"softDeleteRetentionInDays":7,"vaultUri":"https://clitest000002.vault.azure.net/","provisioningState":"Succeeded","publicNetworkAccess":"Enabled"}}'
    headers:
      cache-control:
      - no-cache
      content-length:
      - '1036'
      content-type:
      - application/json; charset=utf-8
      date:
      - Mon, 16 Jan 2023 04:03:24 GMT
      expires:
      - '-1'
      pragma:
      - no-cache
      server:
      - Microsoft-IIS/10.0
      strict-transport-security:
      - max-age=31536000; includeSubDomains
      transfer-encoding:
      - chunked
      vary:
      - Accept-Encoding
      x-aspnet-version:
      - 4.0.30319
      x-content-type-options:
      - nosniff
      x-ms-keyvault-service-version:
      - 1.5.644.0
    status:
      code: 200
      message: OK
- request:
    body: '{"location": "westus2", "tags": {}, "properties": {"tenantId": "54826b22-38d6-4fb2-bad9-b7b93a3e9c5a",
      "sku": {"family": "A", "name": "standard"}, "accessPolicies": [{"tenantId":
      "54826b22-38d6-4fb2-bad9-b7b93a3e9c5a", "objectId": "6b30bdc6-696a-46fb-82d7-739c2fb147b7",
      "permissions": {"keys": ["all"], "secrets": ["all"], "certificates": ["all"],
      "storage": ["all"]}}], "vaultUri": "https://clitest000002.vault.azure.net/",
      "enabledForDeployment": false, "enableSoftDelete": true, "softDeleteRetentionInDays":
      7, "enablePurgeProtection": true, "provisioningState": "Succeeded", "publicNetworkAccess":
      "Enabled"}}'
    headers:
      Accept:
      - application/json
      Accept-Encoding:
      - gzip, deflate
      CommandName:
      - keyvault update
      Connection:
      - keep-alive
      Content-Length:
      - '614'
      Content-Type:
      - application/json
      ParameterSetName:
      - --name --resource-group --set
      User-Agent:
      - AZURECLI/2.44.1 azsdk-python-azure-mgmt-keyvault/10.1.0 Python/3.10.8 (Linux-5.15.0-1023-azure-x86_64-with-glibc2.31)
        VSTS_7b238909-6802-4b65-b90d-184bca47f458_build_261_0
    method: PUT
    uri: https://management.azure.com/subscriptions/00000000-0000-0000-0000-000000000000/resourceGroups/cli_test_azure_load_testing000001/providers/Microsoft.KeyVault/vaults/clitest000002?api-version=2022-07-01
  response:
    body:
      string: '{"id":"/subscriptions/00000000-0000-0000-0000-000000000000/resourceGroups/cli_test_azure_load_testing000001/providers/Microsoft.KeyVault/vaults/clitest000002","name":"clitest000002","type":"Microsoft.KeyVault/vaults","location":"westus2","tags":{},"systemData":{"createdBy":"azureclilivetest@azuresdkteam.onmicrosoft.com","createdByType":"User","createdAt":"2023-01-16T04:01:35.667Z","lastModifiedBy":"azureclilivetest@azuresdkteam.onmicrosoft.com","lastModifiedByType":"User","lastModifiedAt":"2023-01-16T04:03:25.799Z"},"properties":{"sku":{"family":"A","name":"standard"},"tenantId":"54826b22-38d6-4fb2-bad9-b7b93a3e9c5a","accessPolicies":[{"tenantId":"54826b22-38d6-4fb2-bad9-b7b93a3e9c5a","objectId":"6b30bdc6-696a-46fb-82d7-739c2fb147b7","permissions":{"keys":["all"],"secrets":["all"],"certificates":["all"],"storage":["all"]}}],"enabledForDeployment":false,"enableSoftDelete":true,"softDeleteRetentionInDays":7,"enablePurgeProtection":true,"vaultUri":"https://clitest000002.vault.azure.net/","provisioningState":"Succeeded","publicNetworkAccess":"Enabled"}}'
    headers:
      cache-control:
      - no-cache
      content-length:
      - '1065'
      content-type:
      - application/json; charset=utf-8
      date:
      - Mon, 16 Jan 2023 04:03:25 GMT
      expires:
      - '-1'
      pragma:
      - no-cache
      server:
      - Microsoft-IIS/10.0
      strict-transport-security:
      - max-age=31536000; includeSubDomains
      transfer-encoding:
      - chunked
      vary:
      - Accept-Encoding
      x-aspnet-version:
      - 4.0.30319
      x-content-type-options:
      - nosniff
      x-ms-keyvault-service-version:
      - 1.5.644.0
      x-ms-ratelimit-remaining-subscription-writes:
      - '1199'
    status:
      code: 200
      message: OK
- request:
    body: null
    headers:
      Accept:
      - application/json
      Accept-Encoding:
      - gzip, deflate
      CommandName:
      - keyvault set-policy
      Connection:
      - keep-alive
      ParameterSetName:
      - --name --resource-group --object-id --key-permissions
      User-Agent:
      - AZURECLI/2.44.1 azsdk-python-azure-mgmt-keyvault/10.1.0 Python/3.10.8 (Linux-5.15.0-1023-azure-x86_64-with-glibc2.31)
        VSTS_7b238909-6802-4b65-b90d-184bca47f458_build_261_0
    method: GET
    uri: https://management.azure.com/subscriptions/00000000-0000-0000-0000-000000000000/resourceGroups/cli_test_azure_load_testing000001/providers/Microsoft.KeyVault/vaults/clitest000002?api-version=2022-07-01
  response:
    body:
      string: '{"id":"/subscriptions/00000000-0000-0000-0000-000000000000/resourceGroups/cli_test_azure_load_testing000001/providers/Microsoft.KeyVault/vaults/clitest000002","name":"clitest000002","type":"Microsoft.KeyVault/vaults","location":"westus2","tags":{},"systemData":{"createdBy":"azureclilivetest@azuresdkteam.onmicrosoft.com","createdByType":"User","createdAt":"2023-01-16T04:01:35.667Z","lastModifiedBy":"azureclilivetest@azuresdkteam.onmicrosoft.com","lastModifiedByType":"User","lastModifiedAt":"2023-01-16T04:03:25.799Z"},"properties":{"sku":{"family":"A","name":"standard"},"tenantId":"54826b22-38d6-4fb2-bad9-b7b93a3e9c5a","accessPolicies":[{"tenantId":"54826b22-38d6-4fb2-bad9-b7b93a3e9c5a","objectId":"6b30bdc6-696a-46fb-82d7-739c2fb147b7","permissions":{"keys":["all"],"secrets":["all"],"certificates":["all"],"storage":["all"]}}],"enabledForDeployment":false,"enableSoftDelete":true,"softDeleteRetentionInDays":7,"enablePurgeProtection":true,"vaultUri":"https://clitest000002.vault.azure.net/","provisioningState":"Succeeded","publicNetworkAccess":"Enabled"}}'
    headers:
      cache-control:
      - no-cache
      content-length:
      - '1065'
      content-type:
      - application/json; charset=utf-8
      date:
      - Mon, 16 Jan 2023 04:03:26 GMT
      expires:
      - '-1'
      pragma:
      - no-cache
      server:
      - Microsoft-IIS/10.0
      strict-transport-security:
      - max-age=31536000; includeSubDomains
      transfer-encoding:
      - chunked
      vary:
      - Accept-Encoding
      x-aspnet-version:
      - 4.0.30319
      x-content-type-options:
      - nosniff
      x-ms-keyvault-service-version:
      - 1.5.644.0
    status:
      code: 200
      message: OK
- request:
    body: '{"location": "westus2", "tags": {}, "properties": {"tenantId": "54826b22-38d6-4fb2-bad9-b7b93a3e9c5a",
      "sku": {"family": "A", "name": "standard"}, "accessPolicies": [{"tenantId":
      "54826b22-38d6-4fb2-bad9-b7b93a3e9c5a", "objectId": "6b30bdc6-696a-46fb-82d7-739c2fb147b7",
      "permissions": {"keys": ["all"], "secrets": ["all"], "certificates": ["all"],
      "storage": ["all"]}}, {"tenantId": "54826b22-38d6-4fb2-bad9-b7b93a3e9c5a", "objectId":
      "9585e025-5601-4fc2-8bb8-320ef3ef892c", "permissions": {"keys": ["wrapKey",
      "unwrapKey", "get"]}}], "vaultUri": "https://clitest000002.vault.azure.net/",
      "enabledForDeployment": false, "enableSoftDelete": true, "softDeleteRetentionInDays":
      7, "enablePurgeProtection": true, "provisioningState": "Succeeded", "publicNetworkAccess":
      "Enabled"}}'
    headers:
      Accept:
      - application/json
      Accept-Encoding:
      - gzip, deflate
      CommandName:
      - keyvault set-policy
      Connection:
      - keep-alive
      Content-Length:
      - '778'
      Content-Type:
      - application/json
      ParameterSetName:
      - --name --resource-group --object-id --key-permissions
      User-Agent:
      - AZURECLI/2.44.1 azsdk-python-azure-mgmt-keyvault/10.1.0 Python/3.10.8 (Linux-5.15.0-1023-azure-x86_64-with-glibc2.31)
        VSTS_7b238909-6802-4b65-b90d-184bca47f458_build_261_0
    method: PUT
    uri: https://management.azure.com/subscriptions/00000000-0000-0000-0000-000000000000/resourceGroups/cli_test_azure_load_testing000001/providers/Microsoft.KeyVault/vaults/clitest000002?api-version=2022-07-01
  response:
    body:
      string: '{"id":"/subscriptions/00000000-0000-0000-0000-000000000000/resourceGroups/cli_test_azure_load_testing000001/providers/Microsoft.KeyVault/vaults/clitest000002","name":"clitest000002","type":"Microsoft.KeyVault/vaults","location":"westus2","tags":{},"systemData":{"createdBy":"azureclilivetest@azuresdkteam.onmicrosoft.com","createdByType":"User","createdAt":"2023-01-16T04:01:35.667Z","lastModifiedBy":"azureclilivetest@azuresdkteam.onmicrosoft.com","lastModifiedByType":"User","lastModifiedAt":"2023-01-16T04:03:27.05Z"},"properties":{"sku":{"family":"A","name":"standard"},"tenantId":"54826b22-38d6-4fb2-bad9-b7b93a3e9c5a","accessPolicies":[{"tenantId":"54826b22-38d6-4fb2-bad9-b7b93a3e9c5a","objectId":"6b30bdc6-696a-46fb-82d7-739c2fb147b7","permissions":{"keys":["all"],"secrets":["all"],"certificates":["all"],"storage":["all"]}},{"tenantId":"54826b22-38d6-4fb2-bad9-b7b93a3e9c5a","objectId":"9585e025-5601-4fc2-8bb8-320ef3ef892c","permissions":{"keys":["wrapKey","unwrapKey","get"]}}],"enabledForDeployment":false,"enableSoftDelete":true,"softDeleteRetentionInDays":7,"enablePurgeProtection":true,"vaultUri":"https://clitest000002.vault.azure.net/","provisioningState":"Succeeded","publicNetworkAccess":"Enabled"}}'
    headers:
      cache-control:
      - no-cache
      content-length:
      - '1219'
      content-type:
      - application/json; charset=utf-8
      date:
      - Mon, 16 Jan 2023 04:03:26 GMT
      expires:
      - '-1'
      pragma:
      - no-cache
      server:
      - Microsoft-IIS/10.0
      strict-transport-security:
      - max-age=31536000; includeSubDomains
      transfer-encoding:
      - chunked
      vary:
      - Accept-Encoding
      x-aspnet-version:
      - 4.0.30319
      x-content-type-options:
      - nosniff
      x-ms-keyvault-service-version:
      - 1.5.644.0
      x-ms-ratelimit-remaining-subscription-writes:
      - '1198'
    status:
      code: 200
      message: OK
- request:
    body: null
    headers:
      Accept:
      - application/json
      Accept-Encoding:
      - gzip, deflate
      Connection:
      - keep-alive
      Content-Length:
      - '0'
      Content-Type:
      - application/json
      User-Agent:
      - azsdk-python-keyvault-keys/4.8.0b2 Python/3.10.8 (Linux-5.15.0-1023-azure-x86_64-with-glibc2.31)
        VSTS_7b238909-6802-4b65-b90d-184bca47f458_build_261_0
    method: POST
    uri: https://clitest000002.vault.azure.net/keys/testkey1/create?api-version=7.4-preview.1
  response:
    body:
      string: '{"error":{"code":"Unauthorized","message":"AKV10000: Request is missing
        a Bearer or PoP token."}}'
    headers:
      cache-control:
      - no-cache
      content-length:
      - '97'
      content-type:
      - application/json; charset=utf-8
      date:
      - Mon, 16 Jan 2023 04:03:27 GMT
      expires:
      - '-1'
      pragma:
      - no-cache
      strict-transport-security:
      - max-age=31536000;includeSubDomains
      www-authenticate:
      - Bearer authorization="https://login.windows.net/54826b22-38d6-4fb2-bad9-b7b93a3e9c5a",
        resource="https://vault.azure.net"
      x-content-type-options:
      - nosniff
      x-ms-keyvault-network-info:
      - conn_type=Ipv4;addr=20.120.118.5;act_addr_fam=InterNetwork;
      x-ms-keyvault-region:
      - westus2
      x-ms-keyvault-service-version:
      - 1.9.576.1
    status:
      code: 401
      message: Unauthorized
- request:
    body: '{"kty": "RSA", "attributes": {"enabled": true}}'
    headers:
      Accept:
      - application/json
      Accept-Encoding:
      - gzip, deflate
      Connection:
      - keep-alive
      Content-Length:
      - '47'
      Content-Type:
      - application/json
      User-Agent:
      - azsdk-python-keyvault-keys/4.8.0b2 Python/3.10.8 (Linux-5.15.0-1023-azure-x86_64-with-glibc2.31)
        VSTS_7b238909-6802-4b65-b90d-184bca47f458_build_261_0
    method: POST
    uri: https://clitest000002.vault.azure.net/keys/testkey1/create?api-version=7.4-preview.1
  response:
    body:
      string: '{"key":{"kid":"https://clitest000002.vault.azure.net/keys/testkey1/ee9ca7698f194ea68fcd804cced7c916","kty":"RSA","key_ops":["encrypt","decrypt","sign","verify","wrapKey","unwrapKey"],"n":"ycOTD2-EanhPgP-tcr1s8fRSszFhmYio8iN04Edu2zkYfqQOAHKvFZOVZ_smBV3IRGi4Rlc4s7YMMWU9lo4CNrJyFCL9W8S8_jKErDpX7S_nbQM464Lejr6GRc-Z-LP7cIUjTW4adeOm7heEVKOrrNPzUDK6GQV_y7neBgJq3u4YiY8wvOK4Gc9iQ-gkMEcGKIqk4b690WmNUnmzsEhxECjJTyq9qbDmLsWHEywfwuYzthp6-MI9CGGSuJoY5MXb-LAnQQdej5Fb13o8k7fpWpLzGcQyxwwOI8ffpjCgsvJfocyiEg8FtKzFTaMnO6x7k5E5S8jukfOcJoNc_wMYnQ","e":"AQAB"},"attributes":{"enabled":true,"created":1673841808,"updated":1673841808,"recoveryLevel":"CustomizedRecoverable","recoverableDays":7,"exportable":false}}'
    headers:
      cache-control:
      - no-cache
      content-length:
      - '695'
      content-type:
      - application/json; charset=utf-8
      date:
      - Mon, 16 Jan 2023 04:03:27 GMT
      expires:
      - '-1'
      pragma:
      - no-cache
      strict-transport-security:
      - max-age=31536000;includeSubDomains
      x-content-type-options:
      - nosniff
      x-ms-keyvault-network-info:
      - conn_type=Ipv4;addr=20.120.118.5;act_addr_fam=InterNetwork;
      x-ms-keyvault-region:
      - westus2
      x-ms-keyvault-service-version:
      - 1.9.576.1
    status:
      code: 200
      message: OK
- request:
    body: '{"identity": {"type": "UserAssigned", "userAssignedIdentities": {"/subscriptions/00000000-0000-0000-0000-000000000000/resourcegroups/cli_test_azure_load_testing000001/providers/Microsoft.ManagedIdentity/userAssignedIdentities/clitestid1":
      {}}}, "location": "westus2", "properties": {"encryption": {"identity": {"resourceId":
      "/subscriptions/00000000-0000-0000-0000-000000000000/resourcegroups/cli_test_azure_load_testing000001/providers/Microsoft.ManagedIdentity/userAssignedIdentities/clitestid1",
      "type": "UserAssigned"}, "keyUrl": "https://clitest000002.vault.azure.net/keys/testkey1/ee9ca7698f194ea68fcd804cced7c916"}}}'
    headers:
      Accept:
      - application/json
      Accept-Encoding:
      - gzip, deflate
      CommandName:
      - load create
      Connection:
      - keep-alive
      Content-Length:
      - '623'
      Content-Type:
      - application/json
      ParameterSetName:
      - --name --location --resource-group --identity-type --user-assigned --encryption-key
        --encryption-identity
      User-Agent:
      - AZURECLI/2.44.1 (AAZ) azsdk-python-core/1.24.0 Python/3.10.8 (Linux-5.15.0-1023-azure-x86_64-with-glibc2.31)
        VSTS_7b238909-6802-4b65-b90d-184bca47f458_build_261_0
    method: PUT
    uri: https://management.azure.com/subscriptions/00000000-0000-0000-0000-000000000000/resourceGroups/cli_test_azure_load_testing000001/providers/Microsoft.LoadTestService/loadTests/load-test000004?api-version=2022-12-01
  response:
    body:
      string: '{"id":"/subscriptions/00000000-0000-0000-0000-000000000000/resourceGroups/cli_test_azure_load_testing000001/providers/Microsoft.LoadTestService/loadTests/load-test000004","name":"load-test000004","type":"microsoft.loadtestservice/loadtests","location":"westus2","systemData":{"createdBy":"azureclilivetest@azuresdkteam.onmicrosoft.com","createdByType":"User","createdAt":"2023-01-16T04:03:29.5963321Z","lastModifiedBy":"azureclilivetest@azuresdkteam.onmicrosoft.com","lastModifiedByType":"User","lastModifiedAt":"2023-01-16T04:03:29.5963321Z"},"identity":{"type":"UserAssigned","userAssignedIdentities":{"/subscriptions/00000000-0000-0000-0000-000000000000/resourcegroups/cli_test_azure_load_testing000001/providers/microsoft.managedidentity/userassignedidentities/clitestid1":{"principalId":"9585e025-5601-4fc2-8bb8-320ef3ef892c","clientId":"231368e8-11ad-4e31-aa9f-e07aea57ab03"}}},"properties":{"description":null,"dataPlaneURI":"040a9d96-3eca-4f22-bd08-4f3553ecc012.westus2.cnt-prod.loadtesting.azure.com","encryption":{"keyUrl":"https://clitest000002.vault.azure.net/keys/testkey1/ee9ca7698f194ea68fcd804cced7c916","identity":{"type":"UserAssigned","resourceId":"/subscriptions/00000000-0000-0000-0000-000000000000/resourcegroups/cli_test_azure_load_testing000001/providers/Microsoft.ManagedIdentity/userAssignedIdentities/clitestid1"}},"provisioningState":"Accepted"}}'
    headers:
      azure-asyncoperation:
      - https://management.azure.com/subscriptions/00000000-0000-0000-0000-000000000000/providers/Microsoft.LoadTestService/locations/WESTUS2/operationStatuses/3d12b8b6-c1ac-4d46-9294-aa6262f57f52*E5885BFD60A897BB96622A6F70417BFB84A699E978587C4235A24FD0AC594C2C?api-version=2022-12-01
      cache-control:
      - no-cache
      content-length:
      - '1374'
      content-type:
      - application/json; charset=utf-8
      date:
      - Mon, 16 Jan 2023 04:03:34 GMT
      etag:
      - '"5a00539d-0000-0800-0000-63c4cc960000"'
      expires:
      - '-1'
      mise-correlation-id:
      - 3082dfa7-aa07-4c7d-9aad-f15643d90ea0
      pragma:
      - no-cache
      strict-transport-security:
      - max-age=31536000; includeSubDomains
      x-content-type-options:
      - nosniff
      x-ms-providerhub-traffic:
      - 'True'
      x-ms-ratelimit-remaining-subscription-writes:
      - '1198'
    status:
      code: 201
      message: Created
- request:
    body: null
    headers:
      Accept:
      - '*/*'
      Accept-Encoding:
      - gzip, deflate
      CommandName:
      - load create
      Connection:
      - keep-alive
      ParameterSetName:
      - --name --location --resource-group --identity-type --user-assigned --encryption-key
        --encryption-identity
      User-Agent:
      - AZURECLI/2.44.1 (AAZ) azsdk-python-core/1.24.0 Python/3.10.8 (Linux-5.15.0-1023-azure-x86_64-with-glibc2.31)
        VSTS_7b238909-6802-4b65-b90d-184bca47f458_build_261_0
    method: GET
    uri: https://management.azure.com/subscriptions/00000000-0000-0000-0000-000000000000/providers/Microsoft.LoadTestService/locations/WESTUS2/operationStatuses/3d12b8b6-c1ac-4d46-9294-aa6262f57f52*E5885BFD60A897BB96622A6F70417BFB84A699E978587C4235A24FD0AC594C2C?api-version=2022-12-01
  response:
    body:
      string: '{"id":"/subscriptions/00000000-0000-0000-0000-000000000000/providers/Microsoft.LoadTestService/locations/WESTUS2/operationStatuses/3d12b8b6-c1ac-4d46-9294-aa6262f57f52*E5885BFD60A897BB96622A6F70417BFB84A699E978587C4235A24FD0AC594C2C","name":"3d12b8b6-c1ac-4d46-9294-aa6262f57f52*E5885BFD60A897BB96622A6F70417BFB84A699E978587C4235A24FD0AC594C2C","resourceId":"/subscriptions/00000000-0000-0000-0000-000000000000/resourceGroups/cli_test_azure_load_testing000001/providers/Microsoft.LoadTestService/loadTests/load-test000004","status":"Succeeded","startTime":"2023-01-16T04:03:30.5229352Z","endTime":"2023-01-16T04:03:36.0223008Z","properties":null}'
    headers:
      cache-control:
      - no-cache
      content-length:
      - '646'
      content-type:
      - application/json; charset=utf-8
      date:
      - Mon, 16 Jan 2023 04:04:04 GMT
      etag:
      - '"07008337-0000-0800-0000-63c4cc980000"'
      expires:
      - '-1'
      pragma:
      - no-cache
      strict-transport-security:
      - max-age=31536000; includeSubDomains
      transfer-encoding:
      - chunked
      vary:
      - Accept-Encoding
      x-content-type-options:
      - nosniff
    status:
      code: 200
      message: OK
- request:
    body: null
    headers:
      Accept:
      - '*/*'
      Accept-Encoding:
      - gzip, deflate
      CommandName:
      - load create
      Connection:
      - keep-alive
      ParameterSetName:
      - --name --location --resource-group --identity-type --user-assigned --encryption-key
        --encryption-identity
      User-Agent:
      - AZURECLI/2.44.1 (AAZ) azsdk-python-core/1.24.0 Python/3.10.8 (Linux-5.15.0-1023-azure-x86_64-with-glibc2.31)
        VSTS_7b238909-6802-4b65-b90d-184bca47f458_build_261_0
    method: GET
    uri: https://management.azure.com/subscriptions/00000000-0000-0000-0000-000000000000/resourceGroups/cli_test_azure_load_testing000001/providers/Microsoft.LoadTestService/loadTests/load-test000004?api-version=2022-12-01
  response:
    body:
      string: '{"id":"/subscriptions/00000000-0000-0000-0000-000000000000/resourceGroups/cli_test_azure_load_testing000001/providers/Microsoft.LoadTestService/loadTests/load-test000004","name":"load-test000004","type":"microsoft.loadtestservice/loadtests","location":"westus2","systemData":{"createdBy":"azureclilivetest@azuresdkteam.onmicrosoft.com","createdByType":"User","createdAt":"2023-01-16T04:03:29.5963321Z","lastModifiedBy":"azureclilivetest@azuresdkteam.onmicrosoft.com","lastModifiedByType":"User","lastModifiedAt":"2023-01-16T04:03:29.5963321Z"},"identity":{"type":"UserAssigned","userAssignedIdentities":{"/subscriptions/00000000-0000-0000-0000-000000000000/resourcegroups/cli_test_azure_load_testing000001/providers/microsoft.managedidentity/userassignedidentities/clitestid1":{"principalId":"9585e025-5601-4fc2-8bb8-320ef3ef892c","clientId":"231368e8-11ad-4e31-aa9f-e07aea57ab03"}}},"properties":{"description":null,"dataPlaneURI":"040a9d96-3eca-4f22-bd08-4f3553ecc012.westus2.cnt-prod.loadtesting.azure.com","encryption":{"keyUrl":"https://clitest000002.vault.azure.net/keys/testkey1/ee9ca7698f194ea68fcd804cced7c916","identity":{"type":"UserAssigned","resourceId":"/subscriptions/00000000-0000-0000-0000-000000000000/resourcegroups/cli_test_azure_load_testing000001/providers/Microsoft.ManagedIdentity/userAssignedIdentities/clitestid1"}},"provisioningState":"Succeeded"}}'
    headers:
      cache-control:
      - no-cache
      content-length:
      - '1375'
      content-type:
      - application/json; charset=utf-8
      date:
      - Mon, 16 Jan 2023 04:04:04 GMT
      etag:
      - '"5a00669d-0000-0800-0000-63c4cc980000"'
      expires:
      - '-1'
      pragma:
      - no-cache
      strict-transport-security:
      - max-age=31536000; includeSubDomains
      transfer-encoding:
      - chunked
      vary:
      - Accept-Encoding
      x-content-type-options:
      - nosniff
      x-ms-providerhub-traffic:
      - 'True'
    status:
      code: 200
      message: OK
- request:
    body: '{"identity": {"type": "None"}, "tags": {"test": "test"}}'
    headers:
      Accept:
      - application/json
      Accept-Encoding:
      - gzip, deflate
      CommandName:
      - load update
      Connection:
      - keep-alive
      Content-Length:
      - '56'
      Content-Type:
      - application/json
      ParameterSetName:
      - --name --resource-group --tags --identity-type
      User-Agent:
      - AZURECLI/2.44.1 (AAZ) azsdk-python-core/1.24.0 Python/3.10.8 (Linux-5.15.0-1023-azure-x86_64-with-glibc2.31)
        VSTS_7b238909-6802-4b65-b90d-184bca47f458_build_261_0
    method: PATCH
    uri: https://management.azure.com/subscriptions/00000000-0000-0000-0000-000000000000/resourceGroups/cli_test_azure_load_testing000001/providers/Microsoft.LoadTestService/loadTests/load-test000003?api-version=2022-12-01
  response:
    body:
      string: 'null'
    headers:
      azure-asyncoperation:
      - https://management.azure.com/subscriptions/00000000-0000-0000-0000-000000000000/providers/Microsoft.LoadTestService/locations/WESTUS2/operationStatuses/13d413c6-9967-447d-b9c9-75008d6818ad*DAFF15056FFCC62B72202782C5EC8DA427E3F7B3B218E86E66B7EFF332C9B394?api-version=2022-12-01
      cache-control:
      - no-cache
      content-length:
      - '4'
      content-type:
      - application/json; charset=utf-8
      date:
      - Mon, 16 Jan 2023 04:04:06 GMT
      etag:
      - '"5a00259f-0000-0800-0000-63c4ccb60000"'
      expires:
      - '-1'
      location:
      - https://management.azure.com/subscriptions/00000000-0000-0000-0000-000000000000/providers/Microsoft.LoadTestService/locations/WESTUS2/operationStatuses/13d413c6-9967-447d-b9c9-75008d6818ad*DAFF15056FFCC62B72202782C5EC8DA427E3F7B3B218E86E66B7EFF332C9B394?api-version=2022-12-01
      mise-correlation-id:
      - 3c6062bf-3012-4c03-854d-b896374e8aec
      pragma:
      - no-cache
      strict-transport-security:
      - max-age=31536000; includeSubDomains
      x-content-type-options:
      - nosniff
      x-ms-providerhub-traffic:
      - 'True'
      x-ms-ratelimit-remaining-subscription-writes:
      - '1199'
    status:
      code: 202
      message: Accepted
- request:
    body: null
    headers:
      Accept:
      - '*/*'
      Accept-Encoding:
      - gzip, deflate
      CommandName:
      - load update
      Connection:
      - keep-alive
      ParameterSetName:
      - --name --resource-group --tags --identity-type
      User-Agent:
      - AZURECLI/2.44.1 (AAZ) azsdk-python-core/1.24.0 Python/3.10.8 (Linux-5.15.0-1023-azure-x86_64-with-glibc2.31)
        VSTS_7b238909-6802-4b65-b90d-184bca47f458_build_261_0
    method: GET
    uri: https://management.azure.com/subscriptions/00000000-0000-0000-0000-000000000000/providers/Microsoft.LoadTestService/locations/WESTUS2/operationStatuses/13d413c6-9967-447d-b9c9-75008d6818ad*DAFF15056FFCC62B72202782C5EC8DA427E3F7B3B218E86E66B7EFF332C9B394?api-version=2022-12-01
  response:
    body:
      string: '{"id":"/subscriptions/00000000-0000-0000-0000-000000000000/providers/Microsoft.LoadTestService/locations/WESTUS2/operationStatuses/13d413c6-9967-447d-b9c9-75008d6818ad*DAFF15056FFCC62B72202782C5EC8DA427E3F7B3B218E86E66B7EFF332C9B394","name":"13d413c6-9967-447d-b9c9-75008d6818ad*DAFF15056FFCC62B72202782C5EC8DA427E3F7B3B218E86E66B7EFF332C9B394","resourceId":"/subscriptions/00000000-0000-0000-0000-000000000000/resourceGroups/cli_test_azure_load_testing000001/providers/Microsoft.LoadTestService/loadTests/load-test000003","status":"Succeeded","startTime":"2023-01-16T04:04:06.8610276Z","endTime":"2023-01-16T04:04:08.1443794Z","properties":null}'
    headers:
      cache-control:
      - no-cache
      content-length:
      - '646'
      content-type:
      - application/json; charset=utf-8
      date:
      - Mon, 16 Jan 2023 04:04:36 GMT
      etag:
      - '"07009937-0000-0800-0000-63c4ccb80000"'
      expires:
      - '-1'
      pragma:
      - no-cache
      strict-transport-security:
      - max-age=31536000; includeSubDomains
      transfer-encoding:
      - chunked
      vary:
      - Accept-Encoding
      x-content-type-options:
      - nosniff
    status:
      code: 200
      message: OK
- request:
    body: null
    headers:
      Accept:
      - '*/*'
      Accept-Encoding:
      - gzip, deflate
      CommandName:
      - load update
      Connection:
      - keep-alive
      ParameterSetName:
      - --name --resource-group --tags --identity-type
      User-Agent:
      - AZURECLI/2.44.1 (AAZ) azsdk-python-core/1.24.0 Python/3.10.8 (Linux-5.15.0-1023-azure-x86_64-with-glibc2.31)
        VSTS_7b238909-6802-4b65-b90d-184bca47f458_build_261_0
    method: GET
    uri: https://management.azure.com/subscriptions/00000000-0000-0000-0000-000000000000/resourceGroups/cli_test_azure_load_testing000001/providers/Microsoft.LoadTestService/loadTests/load-test000003?api-version=2022-12-01
  response:
    body:
      string: '{"id":"/subscriptions/00000000-0000-0000-0000-000000000000/resourceGroups/cli_test_azure_load_testing000001/providers/Microsoft.LoadTestService/loadTests/load-test000003","name":"load-test000003","type":"microsoft.loadtestservice/loadtests","location":"westus2","tags":{"test":"test"},"systemData":{"createdBy":"azureclilivetest@azuresdkteam.onmicrosoft.com","createdByType":"User","createdAt":"2023-01-16T04:02:17.0078621Z","lastModifiedBy":"azureclilivetest@azuresdkteam.onmicrosoft.com","lastModifiedByType":"User","lastModifiedAt":"2023-01-16T04:04:06.5592441Z"},"identity":{"type":"None"},"properties":{"description":null,"dataPlaneURI":"14821651-8b3d-4426-9b70-9f9140af973b.westus2.cnt-prod.loadtesting.azure.com","encryption":null,"provisioningState":"Succeeded"}}'
    headers:
      cache-control:
      - no-cache
      content-length:
      - '771'
      content-type:
      - application/json; charset=utf-8
      date:
      - Mon, 16 Jan 2023 04:04:36 GMT
      etag:
      - '"5a00379f-0000-0800-0000-63c4ccb80000"'
      expires:
      - '-1'
      pragma:
      - no-cache
      strict-transport-security:
      - max-age=31536000; includeSubDomains
      transfer-encoding:
      - chunked
      vary:
      - Accept-Encoding
      x-content-type-options:
      - nosniff
      x-ms-providerhub-traffic:
      - 'True'
    status:
      code: 200
      message: OK
- request:
    body: '{"identity": {"type": "SystemAssigned,UserAssigned"}}'
    headers:
      Accept:
      - application/json
      Accept-Encoding:
      - gzip, deflate
      CommandName:
      - load update
      Connection:
      - keep-alive
      Content-Length:
      - '53'
      Content-Type:
      - application/json
      ParameterSetName:
      - --name --resource-group --identity-type
      User-Agent:
      - AZURECLI/2.44.1 (AAZ) azsdk-python-core/1.24.0 Python/3.10.8 (Linux-5.15.0-1023-azure-x86_64-with-glibc2.31)
        VSTS_7b238909-6802-4b65-b90d-184bca47f458_build_261_0
    method: PATCH
    uri: https://management.azure.com/subscriptions/00000000-0000-0000-0000-000000000000/resourceGroups/cli_test_azure_load_testing000001/providers/Microsoft.LoadTestService/loadTests/load-test000004?api-version=2022-12-01
  response:
    body:
      string: 'null'
    headers:
      azure-asyncoperation:
      - https://management.azure.com/subscriptions/00000000-0000-0000-0000-000000000000/providers/Microsoft.LoadTestService/locations/WESTUS2/operationStatuses/e8d9f4a5-b4f8-467e-9e5a-d20e404da178*E5885BFD60A897BB96622A6F70417BFB84A699E978587C4235A24FD0AC594C2C?api-version=2022-12-01
      cache-control:
      - no-cache
      content-length:
      - '4'
      content-type:
      - application/json; charset=utf-8
      date:
      - Mon, 16 Jan 2023 04:04:38 GMT
      etag:
      - '"5a00a7a1-0000-0800-0000-63c4ccd70000"'
      expires:
      - '-1'
      location:
      - https://management.azure.com/subscriptions/00000000-0000-0000-0000-000000000000/providers/Microsoft.LoadTestService/locations/WESTUS2/operationStatuses/e8d9f4a5-b4f8-467e-9e5a-d20e404da178*E5885BFD60A897BB96622A6F70417BFB84A699E978587C4235A24FD0AC594C2C?api-version=2022-12-01
      mise-correlation-id:
      - 3bee8152-3568-4dc9-8d18-aba752b75e96
      pragma:
      - no-cache
      strict-transport-security:
      - max-age=31536000; includeSubDomains
      x-content-type-options:
      - nosniff
      x-ms-providerhub-traffic:
      - 'True'
      x-ms-ratelimit-remaining-subscription-writes:
      - '1199'
    status:
      code: 202
      message: Accepted
- request:
    body: null
    headers:
      Accept:
      - '*/*'
      Accept-Encoding:
      - gzip, deflate
      CommandName:
      - load update
      Connection:
      - keep-alive
      ParameterSetName:
      - --name --resource-group --identity-type
      User-Agent:
      - AZURECLI/2.44.1 (AAZ) azsdk-python-core/1.24.0 Python/3.10.8 (Linux-5.15.0-1023-azure-x86_64-with-glibc2.31)
        VSTS_7b238909-6802-4b65-b90d-184bca47f458_build_261_0
    method: GET
    uri: https://management.azure.com/subscriptions/00000000-0000-0000-0000-000000000000/providers/Microsoft.LoadTestService/locations/WESTUS2/operationStatuses/e8d9f4a5-b4f8-467e-9e5a-d20e404da178*E5885BFD60A897BB96622A6F70417BFB84A699E978587C4235A24FD0AC594C2C?api-version=2022-12-01
  response:
    body:
      string: '{"id":"/subscriptions/00000000-0000-0000-0000-000000000000/providers/Microsoft.LoadTestService/locations/WESTUS2/operationStatuses/e8d9f4a5-b4f8-467e-9e5a-d20e404da178*E5885BFD60A897BB96622A6F70417BFB84A699E978587C4235A24FD0AC594C2C","name":"e8d9f4a5-b4f8-467e-9e5a-d20e404da178*E5885BFD60A897BB96622A6F70417BFB84A699E978587C4235A24FD0AC594C2C","resourceId":"/subscriptions/00000000-0000-0000-0000-000000000000/resourceGroups/cli_test_azure_load_testing000001/providers/Microsoft.LoadTestService/loadTests/load-test000004","status":"Succeeded","startTime":"2023-01-16T04:04:38.9676179Z","endTime":"2023-01-16T04:04:40.1465119Z","properties":null}'
    headers:
      cache-control:
      - no-cache
      content-length:
      - '646'
      content-type:
      - application/json; charset=utf-8
      date:
      - Mon, 16 Jan 2023 04:05:09 GMT
      etag:
      - '"0700b737-0000-0800-0000-63c4ccd80000"'
      expires:
      - '-1'
      pragma:
      - no-cache
      strict-transport-security:
      - max-age=31536000; includeSubDomains
      transfer-encoding:
      - chunked
      vary:
      - Accept-Encoding
      x-content-type-options:
      - nosniff
    status:
      code: 200
      message: OK
- request:
    body: null
    headers:
      Accept:
      - '*/*'
      Accept-Encoding:
      - gzip, deflate
      CommandName:
      - load update
      Connection:
      - keep-alive
      ParameterSetName:
      - --name --resource-group --identity-type
      User-Agent:
      - AZURECLI/2.44.1 (AAZ) azsdk-python-core/1.24.0 Python/3.10.8 (Linux-5.15.0-1023-azure-x86_64-with-glibc2.31)
        VSTS_7b238909-6802-4b65-b90d-184bca47f458_build_261_0
    method: GET
    uri: https://management.azure.com/subscriptions/00000000-0000-0000-0000-000000000000/resourceGroups/cli_test_azure_load_testing000001/providers/Microsoft.LoadTestService/loadTests/load-test000004?api-version=2022-12-01
  response:
    body:
      string: '{"id":"/subscriptions/00000000-0000-0000-0000-000000000000/resourceGroups/cli_test_azure_load_testing000001/providers/Microsoft.LoadTestService/loadTests/load-test000004","name":"load-test000004","type":"microsoft.loadtestservice/loadtests","location":"westus2","systemData":{"createdBy":"azureclilivetest@azuresdkteam.onmicrosoft.com","createdByType":"User","createdAt":"2023-01-16T04:03:29.5963321Z","lastModifiedBy":"azureclilivetest@azuresdkteam.onmicrosoft.com","lastModifiedByType":"User","lastModifiedAt":"2023-01-16T04:04:38.6897366Z"},"identity":{"principalId":"4cf61dab-9f29-4ff2-98f7-ed5a50f7e802","tenantId":"54826b22-38d6-4fb2-bad9-b7b93a3e9c5a","type":"SystemAssigned,
        UserAssigned","userAssignedIdentities":{"/subscriptions/00000000-0000-0000-0000-000000000000/resourcegroups/cli_test_azure_load_testing000001/providers/microsoft.managedidentity/userassignedidentities/clitestid1":{"principalId":"9585e025-5601-4fc2-8bb8-320ef3ef892c","clientId":"231368e8-11ad-4e31-aa9f-e07aea57ab03"}}},"properties":{"description":null,"dataPlaneURI":"040a9d96-3eca-4f22-bd08-4f3553ecc012.westus2.cnt-prod.loadtesting.azure.com","encryption":{"keyUrl":"https://clitest000002.vault.azure.net/keys/testkey1/ee9ca7698f194ea68fcd804cced7c916","identity":{"type":"UserAssigned","resourceId":"/subscriptions/00000000-0000-0000-0000-000000000000/resourcegroups/cli_test_azure_load_testing000001/providers/Microsoft.ManagedIdentity/userAssignedIdentities/clitestid1"}},"provisioningState":"Succeeded"}}'
    headers:
      cache-control:
      - no-cache
      content-length:
      - '1494'
      content-type:
      - application/json; charset=utf-8
      date:
      - Mon, 16 Jan 2023 04:05:09 GMT
      etag:
      - '"5a00b5a1-0000-0800-0000-63c4ccd80000"'
      expires:
      - '-1'
      pragma:
      - no-cache
      strict-transport-security:
      - max-age=31536000; includeSubDomains
      transfer-encoding:
      - chunked
      vary:
      - Accept-Encoding
      x-content-type-options:
      - nosniff
      x-ms-providerhub-traffic:
      - 'True'
    status:
      code: 200
      message: OK
- request:
    body: null
    headers:
      Accept:
      - application/json
      Accept-Encoding:
      - gzip, deflate
      CommandName:
      - keyvault set-policy
      Connection:
      - keep-alive
      ParameterSetName:
      - --name --resource-group --object-id --key-permissions
      User-Agent:
      - AZURECLI/2.44.1 azsdk-python-azure-mgmt-keyvault/10.1.0 Python/3.10.8 (Linux-5.15.0-1023-azure-x86_64-with-glibc2.31)
        VSTS_7b238909-6802-4b65-b90d-184bca47f458_build_261_0
    method: GET
    uri: https://management.azure.com/subscriptions/00000000-0000-0000-0000-000000000000/resourceGroups/cli_test_azure_load_testing000001/providers/Microsoft.KeyVault/vaults/clitest000002?api-version=2022-07-01
  response:
    body:
      string: '{"id":"/subscriptions/00000000-0000-0000-0000-000000000000/resourceGroups/cli_test_azure_load_testing000001/providers/Microsoft.KeyVault/vaults/clitest000002","name":"clitest000002","type":"Microsoft.KeyVault/vaults","location":"westus2","tags":{},"systemData":{"createdBy":"azureclilivetest@azuresdkteam.onmicrosoft.com","createdByType":"User","createdAt":"2023-01-16T04:01:35.667Z","lastModifiedBy":"azureclilivetest@azuresdkteam.onmicrosoft.com","lastModifiedByType":"User","lastModifiedAt":"2023-01-16T04:03:27.05Z"},"properties":{"sku":{"family":"A","name":"standard"},"tenantId":"54826b22-38d6-4fb2-bad9-b7b93a3e9c5a","accessPolicies":[{"tenantId":"54826b22-38d6-4fb2-bad9-b7b93a3e9c5a","objectId":"6b30bdc6-696a-46fb-82d7-739c2fb147b7","permissions":{"keys":["all"],"secrets":["all"],"certificates":["all"],"storage":["all"]}},{"tenantId":"54826b22-38d6-4fb2-bad9-b7b93a3e9c5a","objectId":"9585e025-5601-4fc2-8bb8-320ef3ef892c","permissions":{"keys":["wrapKey","unwrapKey","get"]}}],"enabledForDeployment":false,"enableSoftDelete":true,"softDeleteRetentionInDays":7,"enablePurgeProtection":true,"vaultUri":"https://clitest000002.vault.azure.net/","provisioningState":"Succeeded","publicNetworkAccess":"Enabled"}}'
    headers:
      cache-control:
      - no-cache
      content-length:
      - '1219'
      content-type:
      - application/json; charset=utf-8
      date:
      - Mon, 16 Jan 2023 04:05:09 GMT
      expires:
      - '-1'
      pragma:
      - no-cache
      server:
      - Microsoft-IIS/10.0
      strict-transport-security:
      - max-age=31536000; includeSubDomains
      transfer-encoding:
      - chunked
      vary:
      - Accept-Encoding
      x-aspnet-version:
      - 4.0.30319
      x-content-type-options:
      - nosniff
      x-ms-keyvault-service-version:
      - 1.5.644.0
    status:
      code: 200
      message: OK
- request:
    body: '{"location": "westus2", "tags": {}, "properties": {"tenantId": "54826b22-38d6-4fb2-bad9-b7b93a3e9c5a",
      "sku": {"family": "A", "name": "standard"}, "accessPolicies": [{"tenantId":
      "54826b22-38d6-4fb2-bad9-b7b93a3e9c5a", "objectId": "6b30bdc6-696a-46fb-82d7-739c2fb147b7",
      "permissions": {"keys": ["all"], "secrets": ["all"], "certificates": ["all"],
      "storage": ["all"]}}, {"tenantId": "54826b22-38d6-4fb2-bad9-b7b93a3e9c5a", "objectId":
      "9585e025-5601-4fc2-8bb8-320ef3ef892c", "permissions": {"keys": ["wrapKey",
      "unwrapKey", "get"]}}, {"tenantId": "54826b22-38d6-4fb2-bad9-b7b93a3e9c5a",
      "objectId": "4cf61dab-9f29-4ff2-98f7-ed5a50f7e802", "permissions": {"keys":
      ["wrapKey", "unwrapKey", "get"]}}], "vaultUri": "https://clitest000002.vault.azure.net/",
      "enabledForDeployment": false, "enableSoftDelete": true, "softDeleteRetentionInDays":
      7, "enablePurgeProtection": true, "provisioningState": "Succeeded", "publicNetworkAccess":
      "Enabled"}}'
    headers:
      Accept:
      - application/json
      Accept-Encoding:
      - gzip, deflate
      CommandName:
      - keyvault set-policy
      Connection:
      - keep-alive
      Content-Length:
      - '942'
      Content-Type:
      - application/json
      ParameterSetName:
      - --name --resource-group --object-id --key-permissions
      User-Agent:
      - AZURECLI/2.44.1 azsdk-python-azure-mgmt-keyvault/10.1.0 Python/3.10.8 (Linux-5.15.0-1023-azure-x86_64-with-glibc2.31)
        VSTS_7b238909-6802-4b65-b90d-184bca47f458_build_261_0
    method: PUT
    uri: https://management.azure.com/subscriptions/00000000-0000-0000-0000-000000000000/resourceGroups/cli_test_azure_load_testing000001/providers/Microsoft.KeyVault/vaults/clitest000002?api-version=2022-07-01
  response:
    body:
      string: '{"id":"/subscriptions/00000000-0000-0000-0000-000000000000/resourceGroups/cli_test_azure_load_testing000001/providers/Microsoft.KeyVault/vaults/clitest000002","name":"clitest000002","type":"Microsoft.KeyVault/vaults","location":"westus2","tags":{},"systemData":{"createdBy":"azureclilivetest@azuresdkteam.onmicrosoft.com","createdByType":"User","createdAt":"2023-01-16T04:01:35.667Z","lastModifiedBy":"azureclilivetest@azuresdkteam.onmicrosoft.com","lastModifiedByType":"User","lastModifiedAt":"2023-01-16T04:05:10.647Z"},"properties":{"sku":{"family":"A","name":"standard"},"tenantId":"54826b22-38d6-4fb2-bad9-b7b93a3e9c5a","accessPolicies":[{"tenantId":"54826b22-38d6-4fb2-bad9-b7b93a3e9c5a","objectId":"6b30bdc6-696a-46fb-82d7-739c2fb147b7","permissions":{"keys":["all"],"secrets":["all"],"certificates":["all"],"storage":["all"]}},{"tenantId":"54826b22-38d6-4fb2-bad9-b7b93a3e9c5a","objectId":"9585e025-5601-4fc2-8bb8-320ef3ef892c","permissions":{"keys":["wrapKey","unwrapKey","get"]}},{"tenantId":"54826b22-38d6-4fb2-bad9-b7b93a3e9c5a","objectId":"4cf61dab-9f29-4ff2-98f7-ed5a50f7e802","permissions":{"keys":["wrapKey","unwrapKey","get"]}}],"enabledForDeployment":false,"enableSoftDelete":true,"softDeleteRetentionInDays":7,"enablePurgeProtection":true,"vaultUri":"https://clitest000002.vault.azure.net/","provisioningState":"Succeeded","publicNetworkAccess":"Enabled"}}'
    headers:
      cache-control:
      - no-cache
      content-length:
      - '1375'
      content-type:
      - application/json; charset=utf-8
      date:
      - Mon, 16 Jan 2023 04:05:10 GMT
      expires:
      - '-1'
      pragma:
      - no-cache
      server:
      - Microsoft-IIS/10.0
      strict-transport-security:
      - max-age=31536000; includeSubDomains
      transfer-encoding:
      - chunked
      vary:
      - Accept-Encoding
      x-aspnet-version:
      - 4.0.30319
      x-content-type-options:
      - nosniff
      x-ms-keyvault-service-version:
      - 1.5.644.0
      x-ms-ratelimit-remaining-subscription-writes:
      - '1199'
    status:
      code: 200
      message: OK
- request:
    body: '{"properties": {"encryption": {"identity": {"resourceId": null, "type":
      "SystemAssigned"}}}}'
    headers:
      Accept:
      - application/json
      Accept-Encoding:
      - gzip, deflate
      CommandName:
      - load update
      Connection:
      - keep-alive
      Content-Length:
      - '92'
      Content-Type:
      - application/json
      ParameterSetName:
      - --name --resource-group --encryption-identity
      User-Agent:
      - AZURECLI/2.44.1 (AAZ) azsdk-python-core/1.24.0 Python/3.10.8 (Linux-5.15.0-1023-azure-x86_64-with-glibc2.31)
        VSTS_7b238909-6802-4b65-b90d-184bca47f458_build_261_0
    method: PATCH
    uri: https://management.azure.com/subscriptions/00000000-0000-0000-0000-000000000000/resourceGroups/cli_test_azure_load_testing000001/providers/Microsoft.LoadTestService/loadTests/load-test000004?api-version=2022-12-01
  response:
    body:
      string: 'null'
    headers:
      azure-asyncoperation:
      - https://management.azure.com/subscriptions/00000000-0000-0000-0000-000000000000/providers/Microsoft.LoadTestService/locations/WESTUS2/operationStatuses/4829ad3c-5fe0-4f1d-a635-9adaa23b0b93*E5885BFD60A897BB96622A6F70417BFB84A699E978587C4235A24FD0AC594C2C?api-version=2022-12-01
      cache-control:
      - no-cache
      content-length:
      - '4'
      content-type:
      - application/json; charset=utf-8
      date:
      - Mon, 16 Jan 2023 04:05:14 GMT
      etag:
      - '"5a00b3a3-0000-0800-0000-63c4ccfb0000"'
      expires:
      - '-1'
      location:
      - https://management.azure.com/subscriptions/00000000-0000-0000-0000-000000000000/providers/Microsoft.LoadTestService/locations/WESTUS2/operationStatuses/4829ad3c-5fe0-4f1d-a635-9adaa23b0b93*E5885BFD60A897BB96622A6F70417BFB84A699E978587C4235A24FD0AC594C2C?api-version=2022-12-01
      mise-correlation-id:
      - 4a775fb5-9033-4fa5-bbbd-174e1aa674a6
      pragma:
      - no-cache
      strict-transport-security:
      - max-age=31536000; includeSubDomains
      x-content-type-options:
      - nosniff
      x-ms-providerhub-traffic:
      - 'True'
      x-ms-ratelimit-remaining-subscription-writes:
      - '1197'
    status:
      code: 202
      message: Accepted
- request:
    body: null
    headers:
      Accept:
      - '*/*'
      Accept-Encoding:
      - gzip, deflate
      CommandName:
      - load update
      Connection:
      - keep-alive
      ParameterSetName:
      - --name --resource-group --encryption-identity
      User-Agent:
      - AZURECLI/2.44.1 (AAZ) azsdk-python-core/1.24.0 Python/3.10.8 (Linux-5.15.0-1023-azure-x86_64-with-glibc2.31)
        VSTS_7b238909-6802-4b65-b90d-184bca47f458_build_261_0
    method: GET
    uri: https://management.azure.com/subscriptions/00000000-0000-0000-0000-000000000000/providers/Microsoft.LoadTestService/locations/WESTUS2/operationStatuses/4829ad3c-5fe0-4f1d-a635-9adaa23b0b93*E5885BFD60A897BB96622A6F70417BFB84A699E978587C4235A24FD0AC594C2C?api-version=2022-12-01
  response:
    body:
      string: '{"id":"/subscriptions/00000000-0000-0000-0000-000000000000/providers/Microsoft.LoadTestService/locations/WESTUS2/operationStatuses/4829ad3c-5fe0-4f1d-a635-9adaa23b0b93*E5885BFD60A897BB96622A6F70417BFB84A699E978587C4235A24FD0AC594C2C","name":"4829ad3c-5fe0-4f1d-a635-9adaa23b0b93*E5885BFD60A897BB96622A6F70417BFB84A699E978587C4235A24FD0AC594C2C","resourceId":"/subscriptions/00000000-0000-0000-0000-000000000000/resourceGroups/cli_test_azure_load_testing000001/providers/Microsoft.LoadTestService/loadTests/load-test000004","status":"Succeeded","startTime":"2023-01-16T04:05:11.4457217Z","endTime":"2023-01-16T04:05:16.3157591Z","properties":null}'
    headers:
      cache-control:
      - no-cache
      content-length:
      - '646'
      content-type:
      - application/json; charset=utf-8
      date:
      - Mon, 16 Jan 2023 04:05:44 GMT
      etag:
      - '"0700ce37-0000-0800-0000-63c4ccfc0000"'
      expires:
      - '-1'
      pragma:
      - no-cache
      strict-transport-security:
      - max-age=31536000; includeSubDomains
      transfer-encoding:
      - chunked
      vary:
      - Accept-Encoding
      x-content-type-options:
      - nosniff
    status:
      code: 200
      message: OK
- request:
    body: null
    headers:
      Accept:
      - '*/*'
      Accept-Encoding:
      - gzip, deflate
      CommandName:
      - load update
      Connection:
      - keep-alive
      ParameterSetName:
      - --name --resource-group --encryption-identity
      User-Agent:
      - AZURECLI/2.44.1 (AAZ) azsdk-python-core/1.24.0 Python/3.10.8 (Linux-5.15.0-1023-azure-x86_64-with-glibc2.31)
        VSTS_7b238909-6802-4b65-b90d-184bca47f458_build_261_0
    method: GET
    uri: https://management.azure.com/subscriptions/00000000-0000-0000-0000-000000000000/resourceGroups/cli_test_azure_load_testing000001/providers/Microsoft.LoadTestService/loadTests/load-test000004?api-version=2022-12-01
  response:
    body:
      string: '{"id":"/subscriptions/00000000-0000-0000-0000-000000000000/resourceGroups/cli_test_azure_load_testing000001/providers/Microsoft.LoadTestService/loadTests/load-test000004","name":"load-test000004","type":"microsoft.loadtestservice/loadtests","location":"westus2","systemData":{"createdBy":"azureclilivetest@azuresdkteam.onmicrosoft.com","createdByType":"User","createdAt":"2023-01-16T04:03:29.5963321Z","lastModifiedBy":"azureclilivetest@azuresdkteam.onmicrosoft.com","lastModifiedByType":"User","lastModifiedAt":"2023-01-16T04:05:11.165048Z"},"identity":{"principalId":"4cf61dab-9f29-4ff2-98f7-ed5a50f7e802","tenantId":"54826b22-38d6-4fb2-bad9-b7b93a3e9c5a","type":"SystemAssigned,
        UserAssigned","userAssignedIdentities":{"/subscriptions/00000000-0000-0000-0000-000000000000/resourcegroups/cli_test_azure_load_testing000001/providers/microsoft.managedidentity/userassignedidentities/clitestid1":{"principalId":"9585e025-5601-4fc2-8bb8-320ef3ef892c","clientId":"231368e8-11ad-4e31-aa9f-e07aea57ab03"}}},"properties":{"description":null,"dataPlaneURI":"040a9d96-3eca-4f22-bd08-4f3553ecc012.westus2.cnt-prod.loadtesting.azure.com","encryption":{"keyUrl":"https://clitest000002.vault.azure.net/keys/testkey1/ee9ca7698f194ea68fcd804cced7c916","identity":{"type":"SystemAssigned","resourceId":null}},"provisioningState":"Succeeded"}}'
    headers:
      cache-control:
      - no-cache
      content-length:
      - '1327'
      content-type:
      - application/json; charset=utf-8
      date:
      - Mon, 16 Jan 2023 04:05:44 GMT
      etag:
      - '"5a00c4a3-0000-0800-0000-63c4ccfc0000"'
      expires:
      - '-1'
      pragma:
      - no-cache
      strict-transport-security:
      - max-age=31536000; includeSubDomains
      transfer-encoding:
      - chunked
      vary:
      - Accept-Encoding
      x-content-type-options:
      - nosniff
      x-ms-providerhub-traffic:
      - 'True'
    status:
      code: 200
      message: OK
- request:
    body: null
    headers:
      Accept:
      - application/json
      Accept-Encoding:
      - gzip, deflate
      CommandName:
      - load show
      Connection:
      - keep-alive
      ParameterSetName:
      - --name --resource-group
      User-Agent:
      - AZURECLI/2.44.1 (AAZ) azsdk-python-core/1.24.0 Python/3.10.8 (Linux-5.15.0-1023-azure-x86_64-with-glibc2.31)
        VSTS_7b238909-6802-4b65-b90d-184bca47f458_build_261_0
    method: GET
    uri: https://management.azure.com/subscriptions/00000000-0000-0000-0000-000000000000/resourceGroups/cli_test_azure_load_testing000001/providers/Microsoft.LoadTestService/loadTests/load-test000004?api-version=2022-12-01
  response:
    body:
      string: '{"id":"/subscriptions/00000000-0000-0000-0000-000000000000/resourceGroups/cli_test_azure_load_testing000001/providers/Microsoft.LoadTestService/loadTests/load-test000004","name":"load-test000004","type":"microsoft.loadtestservice/loadtests","location":"westus2","systemData":{"createdBy":"azureclilivetest@azuresdkteam.onmicrosoft.com","createdByType":"User","createdAt":"2023-01-16T04:03:29.5963321Z","lastModifiedBy":"azureclilivetest@azuresdkteam.onmicrosoft.com","lastModifiedByType":"User","lastModifiedAt":"2023-01-16T04:05:11.165048Z"},"identity":{"principalId":"4cf61dab-9f29-4ff2-98f7-ed5a50f7e802","tenantId":"54826b22-38d6-4fb2-bad9-b7b93a3e9c5a","type":"SystemAssigned,
        UserAssigned","userAssignedIdentities":{"/subscriptions/00000000-0000-0000-0000-000000000000/resourcegroups/cli_test_azure_load_testing000001/providers/microsoft.managedidentity/userassignedidentities/clitestid1":{"principalId":"9585e025-5601-4fc2-8bb8-320ef3ef892c","clientId":"231368e8-11ad-4e31-aa9f-e07aea57ab03"}}},"properties":{"description":null,"dataPlaneURI":"040a9d96-3eca-4f22-bd08-4f3553ecc012.westus2.cnt-prod.loadtesting.azure.com","encryption":{"keyUrl":"https://clitest000002.vault.azure.net/keys/testkey1/ee9ca7698f194ea68fcd804cced7c916","identity":{"type":"SystemAssigned","resourceId":null}},"provisioningState":"Succeeded"}}'
    headers:
      cache-control:
      - no-cache
      content-length:
      - '1327'
      content-type:
      - application/json; charset=utf-8
      date:
      - Mon, 16 Jan 2023 04:05:45 GMT
      etag:
      - '"5a00c4a3-0000-0800-0000-63c4ccfc0000"'
      expires:
      - '-1'
      pragma:
      - no-cache
      strict-transport-security:
      - max-age=31536000; includeSubDomains
      transfer-encoding:
      - chunked
      vary:
      - Accept-Encoding
      x-content-type-options:
      - nosniff
      x-ms-providerhub-traffic:
      - 'True'
    status:
      code: 200
      message: OK
- request:
    body: null
    headers:
      Accept:
      - application/json
      Accept-Encoding:
      - gzip, deflate
      CommandName:
      - load show
      Connection:
      - keep-alive
      ParameterSetName:
      - --name --resource-group
      User-Agent:
      - AZURECLI/2.44.1 (AAZ) azsdk-python-core/1.24.0 Python/3.10.8 (Linux-5.15.0-1023-azure-x86_64-with-glibc2.31)
        VSTS_7b238909-6802-4b65-b90d-184bca47f458_build_261_0
    method: GET
    uri: https://management.azure.com/subscriptions/00000000-0000-0000-0000-000000000000/resourceGroups/cli_test_azure_load_testing000001/providers/Microsoft.LoadTestService/loadTests/load-test000003?api-version=2022-12-01
  response:
    body:
      string: '{"id":"/subscriptions/00000000-0000-0000-0000-000000000000/resourceGroups/cli_test_azure_load_testing000001/providers/Microsoft.LoadTestService/loadTests/load-test000003","name":"load-test000003","type":"microsoft.loadtestservice/loadtests","location":"westus2","tags":{"test":"test"},"systemData":{"createdBy":"azureclilivetest@azuresdkteam.onmicrosoft.com","createdByType":"User","createdAt":"2023-01-16T04:02:17.0078621Z","lastModifiedBy":"azureclilivetest@azuresdkteam.onmicrosoft.com","lastModifiedByType":"User","lastModifiedAt":"2023-01-16T04:04:06.5592441Z"},"identity":{"type":"None"},"properties":{"description":null,"dataPlaneURI":"14821651-8b3d-4426-9b70-9f9140af973b.westus2.cnt-prod.loadtesting.azure.com","encryption":null,"provisioningState":"Succeeded"}}'
    headers:
      cache-control:
      - no-cache
      content-length:
      - '771'
      content-type:
      - application/json; charset=utf-8
      date:
      - Mon, 16 Jan 2023 04:05:46 GMT
      etag:
      - '"5a00379f-0000-0800-0000-63c4ccb80000"'
      expires:
      - '-1'
      pragma:
      - no-cache
      strict-transport-security:
      - max-age=31536000; includeSubDomains
      transfer-encoding:
      - chunked
      vary:
      - Accept-Encoding
      x-content-type-options:
      - nosniff
      x-ms-providerhub-traffic:
      - 'True'
    status:
      code: 200
      message: OK
- request:
    body: null
    headers:
      Accept:
      - application/json
      Accept-Encoding:
      - gzip, deflate
      CommandName:
      - load list
      Connection:
      - keep-alive
      ParameterSetName:
      - --resource-group
      User-Agent:
      - AZURECLI/2.44.1 (AAZ) azsdk-python-core/1.24.0 Python/3.10.8 (Linux-5.15.0-1023-azure-x86_64-with-glibc2.31)
        VSTS_7b238909-6802-4b65-b90d-184bca47f458_build_261_0
    method: GET
    uri: https://management.azure.com/subscriptions/00000000-0000-0000-0000-000000000000/resourceGroups/cli_test_azure_load_testing000001/providers/Microsoft.LoadTestService/loadTests?api-version=2022-12-01
  response:
    body:
      string: '{"value":[{"id":"/subscriptions/00000000-0000-0000-0000-000000000000/resourceGroups/cli_test_azure_load_testing000001/providers/Microsoft.LoadTestService/loadTests/load-test000003","name":"load-test000003","type":"microsoft.loadtestservice/loadtests","location":"westus2","tags":{"test":"test"},"systemData":{"createdBy":"azureclilivetest@azuresdkteam.onmicrosoft.com","createdByType":"User","createdAt":"2023-01-16T04:02:17.0078621Z","lastModifiedBy":"azureclilivetest@azuresdkteam.onmicrosoft.com","lastModifiedByType":"User","lastModifiedAt":"2023-01-16T04:04:06.5592441Z"},"identity":{"type":"None"},"properties":{"description":null,"dataPlaneURI":"14821651-8b3d-4426-9b70-9f9140af973b.westus2.cnt-prod.loadtesting.azure.com","encryption":null,"provisioningState":"Succeeded"}},{"id":"/subscriptions/00000000-0000-0000-0000-000000000000/resourceGroups/cli_test_azure_load_testing000001/providers/Microsoft.LoadTestService/loadTests/load-test000004","name":"load-test000004","type":"microsoft.loadtestservice/loadtests","location":"westus2","systemData":{"createdBy":"azureclilivetest@azuresdkteam.onmicrosoft.com","createdByType":"User","createdAt":"2023-01-16T04:03:29.5963321Z","lastModifiedBy":"azureclilivetest@azuresdkteam.onmicrosoft.com","lastModifiedByType":"User","lastModifiedAt":"2023-01-16T04:05:11.165048Z"},"identity":{"principalId":"4cf61dab-9f29-4ff2-98f7-ed5a50f7e802","tenantId":"54826b22-38d6-4fb2-bad9-b7b93a3e9c5a","type":"SystemAssigned,
        UserAssigned","userAssignedIdentities":{"/subscriptions/00000000-0000-0000-0000-000000000000/resourcegroups/cli_test_azure_load_testing000001/providers/microsoft.managedidentity/userassignedidentities/clitestid1":{"principalId":"9585e025-5601-4fc2-8bb8-320ef3ef892c","clientId":"231368e8-11ad-4e31-aa9f-e07aea57ab03"}}},"properties":{"description":null,"dataPlaneURI":"040a9d96-3eca-4f22-bd08-4f3553ecc012.westus2.cnt-prod.loadtesting.azure.com","encryption":{"keyUrl":"https://clitest000002.vault.azure.net/keys/testkey1/ee9ca7698f194ea68fcd804cced7c916","identity":{"type":"SystemAssigned","resourceId":null}},"provisioningState":"Succeeded"}}]}'
    headers:
      cache-control:
      - no-cache
      content-length:
      - '2111'
      content-type:
      - application/json; charset=utf-8
      date:
      - Mon, 16 Jan 2023 04:05:49 GMT
      expires:
      - '-1'
      pragma:
      - no-cache
      strict-transport-security:
      - max-age=31536000; includeSubDomains
      vary:
      - Accept-Encoding
      x-content-type-options:
      - nosniff
      x-ms-original-request-ids:
      - 4e936453-a2b5-4704-8e01-baf3f0b978c7
      - 738cef3d-6f9f-49c9-91c4-9ef33a9a9f18
      - a346fbf9-6249-41df-ade1-32e22704e95f
      - a15f5a53-3610-48a1-93ad-3ffe6e31ac92
      - e7d02941-b462-462e-96c5-a82ee26a641f
      - 1b101bfd-750e-466c-beb1-e1519d379f3a
      - 7d46e3b7-8e66-4bed-b975-f9b2cc293982
      - 0d28a6dd-f048-40f2-ae7a-f18a2ebdf540
      - a37cb5c4-b200-485c-915f-c80852272c65
      - 9ba21cc3-3598-4922-a0ec-ec0a774c2224
      - d3abf3ad-32bd-49f1-8741-009427082ac3
      - c335ce57-6cbe-4410-a95e-217a8ee51592
    status:
      code: 200
      message: OK
- request:
    body: null
    headers:
      Accept:
      - '*/*'
      Accept-Encoding:
      - gzip, deflate
      CommandName:
      - load delete
      Connection:
      - keep-alive
      Content-Length:
      - '0'
      ParameterSetName:
      - --name --resource-group --yes
      User-Agent:
      - AZURECLI/2.44.1 (AAZ) azsdk-python-core/1.24.0 Python/3.10.8 (Linux-5.15.0-1023-azure-x86_64-with-glibc2.31)
        VSTS_7b238909-6802-4b65-b90d-184bca47f458_build_261_0
    method: DELETE
    uri: https://management.azure.com/subscriptions/00000000-0000-0000-0000-000000000000/resourceGroups/cli_test_azure_load_testing000001/providers/Microsoft.LoadTestService/loadTests/load-test000003?api-version=2022-12-01
  response:
    body:
      string: 'null'
    headers:
      azure-asyncoperation:
      - https://management.azure.com/subscriptions/00000000-0000-0000-0000-000000000000/providers/Microsoft.LoadTestService/locations/WESTUS2/operationStatuses/e96de83f-1252-4306-920a-05cd097ee801*DAFF15056FFCC62B72202782C5EC8DA427E3F7B3B218E86E66B7EFF332C9B394?api-version=2022-12-01
      cache-control:
      - no-cache
      content-length:
      - '4'
      content-type:
      - application/json; charset=utf-8
      date:
      - Mon, 16 Jan 2023 04:05:49 GMT
      etag:
      - '"5a00b9a5-0000-0800-0000-63c4cd1d0000"'
      expires:
      - '-1'
      location:
      - https://management.azure.com/subscriptions/00000000-0000-0000-0000-000000000000/providers/Microsoft.LoadTestService/locations/WESTUS2/operationStatuses/e96de83f-1252-4306-920a-05cd097ee801*DAFF15056FFCC62B72202782C5EC8DA427E3F7B3B218E86E66B7EFF332C9B394?api-version=2022-12-01
      mise-correlation-id:
      - ecd579b0-4a50-48a4-8ca8-4fbb741eb840
      pragma:
      - no-cache
      strict-transport-security:
      - max-age=31536000; includeSubDomains
      x-content-type-options:
      - nosniff
      x-ms-providerhub-traffic:
      - 'True'
      x-ms-ratelimit-remaining-subscription-deletes:
      - '14999'
    status:
      code: 202
      message: Accepted
- request:
    body: null
    headers:
      Accept:
      - '*/*'
      Accept-Encoding:
      - gzip, deflate
      CommandName:
      - load delete
      Connection:
      - keep-alive
      ParameterSetName:
      - --name --resource-group --yes
      User-Agent:
      - AZURECLI/2.44.1 (AAZ) azsdk-python-core/1.24.0 Python/3.10.8 (Linux-5.15.0-1023-azure-x86_64-with-glibc2.31)
        VSTS_7b238909-6802-4b65-b90d-184bca47f458_build_261_0
    method: GET
    uri: https://management.azure.com/subscriptions/00000000-0000-0000-0000-000000000000/providers/Microsoft.LoadTestService/locations/WESTUS2/operationStatuses/e96de83f-1252-4306-920a-05cd097ee801*DAFF15056FFCC62B72202782C5EC8DA427E3F7B3B218E86E66B7EFF332C9B394?api-version=2022-12-01
  response:
    body:
      string: '{"id":"/subscriptions/00000000-0000-0000-0000-000000000000/providers/Microsoft.LoadTestService/locations/WESTUS2/operationStatuses/e96de83f-1252-4306-920a-05cd097ee801*DAFF15056FFCC62B72202782C5EC8DA427E3F7B3B218E86E66B7EFF332C9B394","name":"e96de83f-1252-4306-920a-05cd097ee801*DAFF15056FFCC62B72202782C5EC8DA427E3F7B3B218E86E66B7EFF332C9B394","resourceId":"/subscriptions/00000000-0000-0000-0000-000000000000/resourceGroups/cli_test_azure_load_testing000001/providers/Microsoft.LoadTestService/loadTests/load-test000003","status":"Succeeded","startTime":"2023-01-16T04:05:49.9450361Z","endTime":"2023-01-16T04:05:50.5439228Z","properties":null}'
    headers:
      cache-control:
      - no-cache
      content-length:
      - '646'
      content-type:
      - application/json; charset=utf-8
      date:
      - Mon, 16 Jan 2023 04:06:19 GMT
      etag:
      - '"0700d737-0000-0800-0000-63c4cd1e0000"'
      expires:
      - '-1'
      pragma:
      - no-cache
      strict-transport-security:
      - max-age=31536000; includeSubDomains
      transfer-encoding:
      - chunked
      vary:
      - Accept-Encoding
      x-content-type-options:
      - nosniff
    status:
      code: 200
      message: OK
- request:
    body: null
    headers:
      Accept:
      - '*/*'
      Accept-Encoding:
      - gzip, deflate
      CommandName:
      - load delete
      Connection:
      - keep-alive
      ParameterSetName:
      - --name --resource-group --yes
      User-Agent:
      - AZURECLI/2.44.1 (AAZ) azsdk-python-core/1.24.0 Python/3.10.8 (Linux-5.15.0-1023-azure-x86_64-with-glibc2.31)
        VSTS_7b238909-6802-4b65-b90d-184bca47f458_build_261_0
    method: GET
    uri: https://management.azure.com/subscriptions/00000000-0000-0000-0000-000000000000/providers/Microsoft.LoadTestService/locations/WESTUS2/operationStatuses/e96de83f-1252-4306-920a-05cd097ee801*DAFF15056FFCC62B72202782C5EC8DA427E3F7B3B218E86E66B7EFF332C9B394?api-version=2022-12-01
  response:
    body:
      string: '{"id":"/subscriptions/00000000-0000-0000-0000-000000000000/providers/Microsoft.LoadTestService/locations/WESTUS2/operationStatuses/e96de83f-1252-4306-920a-05cd097ee801*DAFF15056FFCC62B72202782C5EC8DA427E3F7B3B218E86E66B7EFF332C9B394","name":"e96de83f-1252-4306-920a-05cd097ee801*DAFF15056FFCC62B72202782C5EC8DA427E3F7B3B218E86E66B7EFF332C9B394","resourceId":"/subscriptions/00000000-0000-0000-0000-000000000000/resourceGroups/cli_test_azure_load_testing000001/providers/Microsoft.LoadTestService/loadTests/load-test000003","status":"Succeeded","startTime":"2023-01-16T04:05:49.9450361Z","endTime":"2023-01-16T04:05:50.5439228Z","properties":null}'
    headers:
      cache-control:
      - no-cache
      content-length:
      - '646'
      content-type:
      - application/json; charset=utf-8
      date:
      - Mon, 16 Jan 2023 04:06:19 GMT
      etag:
      - '"0700d737-0000-0800-0000-63c4cd1e0000"'
      expires:
      - '-1'
      pragma:
      - no-cache
      strict-transport-security:
      - max-age=31536000; includeSubDomains
      transfer-encoding:
      - chunked
      vary:
      - Accept-Encoding
      x-content-type-options:
      - nosniff
    status:
      code: 200
      message: OK
- request:
    body: null
    headers:
      Accept:
      - '*/*'
      Accept-Encoding:
      - gzip, deflate
      CommandName:
      - load delete
      Connection:
      - keep-alive
      Content-Length:
      - '0'
      ParameterSetName:
      - --name --resource-group --yes
      User-Agent:
      - AZURECLI/2.44.1 (AAZ) azsdk-python-core/1.24.0 Python/3.10.8 (Linux-5.15.0-1023-azure-x86_64-with-glibc2.31)
        VSTS_7b238909-6802-4b65-b90d-184bca47f458_build_261_0
    method: DELETE
    uri: https://management.azure.com/subscriptions/00000000-0000-0000-0000-000000000000/resourceGroups/cli_test_azure_load_testing000001/providers/Microsoft.LoadTestService/loadTests/load-test000004?api-version=2022-12-01
  response:
    body:
      string: 'null'
    headers:
      azure-asyncoperation:
      - https://management.azure.com/subscriptions/00000000-0000-0000-0000-000000000000/providers/Microsoft.LoadTestService/locations/WESTUS2/operationStatuses/35f1e21f-10c9-41b4-b6e0-ac831d3c87a1*E5885BFD60A897BB96622A6F70417BFB84A699E978587C4235A24FD0AC594C2C?api-version=2022-12-01
      cache-control:
      - no-cache
      content-length:
      - '4'
      content-type:
      - application/json; charset=utf-8
      date:
      - Mon, 16 Jan 2023 04:06:20 GMT
      etag:
      - '"5a003da8-0000-0800-0000-63c4cd3d0000"'
      expires:
      - '-1'
      location:
      - https://management.azure.com/subscriptions/00000000-0000-0000-0000-000000000000/providers/Microsoft.LoadTestService/locations/WESTUS2/operationStatuses/35f1e21f-10c9-41b4-b6e0-ac831d3c87a1*E5885BFD60A897BB96622A6F70417BFB84A699E978587C4235A24FD0AC594C2C?api-version=2022-12-01
      mise-correlation-id:
      - 9e8b69c9-8e61-4e9e-a2bb-2977efdcc4b1
      pragma:
      - no-cache
      strict-transport-security:
      - max-age=31536000; includeSubDomains
      x-content-type-options:
      - nosniff
      x-ms-providerhub-traffic:
      - 'True'
      x-ms-ratelimit-remaining-subscription-deletes:
      - '14999'
    status:
      code: 202
      message: Accepted
- request:
    body: null
    headers:
      Accept:
      - '*/*'
      Accept-Encoding:
      - gzip, deflate
      CommandName:
      - load delete
      Connection:
      - keep-alive
      ParameterSetName:
      - --name --resource-group --yes
      User-Agent:
      - AZURECLI/2.44.1 (AAZ) azsdk-python-core/1.24.0 Python/3.10.8 (Linux-5.15.0-1023-azure-x86_64-with-glibc2.31)
        VSTS_7b238909-6802-4b65-b90d-184bca47f458_build_261_0
    method: GET
    uri: https://management.azure.com/subscriptions/00000000-0000-0000-0000-000000000000/providers/Microsoft.LoadTestService/locations/WESTUS2/operationStatuses/35f1e21f-10c9-41b4-b6e0-ac831d3c87a1*E5885BFD60A897BB96622A6F70417BFB84A699E978587C4235A24FD0AC594C2C?api-version=2022-12-01
  response:
    body:
      string: '{"id":"/subscriptions/00000000-0000-0000-0000-000000000000/providers/Microsoft.LoadTestService/locations/WESTUS2/operationStatuses/35f1e21f-10c9-41b4-b6e0-ac831d3c87a1*E5885BFD60A897BB96622A6F70417BFB84A699E978587C4235A24FD0AC594C2C","name":"35f1e21f-10c9-41b4-b6e0-ac831d3c87a1*E5885BFD60A897BB96622A6F70417BFB84A699E978587C4235A24FD0AC594C2C","resourceId":"/subscriptions/00000000-0000-0000-0000-000000000000/resourceGroups/cli_test_azure_load_testing000001/providers/Microsoft.LoadTestService/loadTests/load-test000004","status":"Succeeded","startTime":"2023-01-16T04:06:21.0684899Z","endTime":"2023-01-16T04:06:21.6556437Z","properties":null}'
    headers:
      cache-control:
      - no-cache
      content-length:
      - '646'
      content-type:
      - application/json; charset=utf-8
      date:
      - Mon, 16 Jan 2023 04:06:50 GMT
      etag:
      - '"0700e237-0000-0800-0000-63c4cd3d0000"'
      expires:
      - '-1'
      pragma:
      - no-cache
      strict-transport-security:
      - max-age=31536000; includeSubDomains
      transfer-encoding:
      - chunked
      vary:
      - Accept-Encoding
      x-content-type-options:
      - nosniff
    status:
      code: 200
      message: OK
- request:
    body: null
    headers:
      Accept:
      - '*/*'
      Accept-Encoding:
      - gzip, deflate
      CommandName:
      - load delete
      Connection:
      - keep-alive
      ParameterSetName:
      - --name --resource-group --yes
      User-Agent:
      - AZURECLI/2.44.1 (AAZ) azsdk-python-core/1.24.0 Python/3.10.8 (Linux-5.15.0-1023-azure-x86_64-with-glibc2.31)
        VSTS_7b238909-6802-4b65-b90d-184bca47f458_build_261_0
    method: GET
    uri: https://management.azure.com/subscriptions/00000000-0000-0000-0000-000000000000/providers/Microsoft.LoadTestService/locations/WESTUS2/operationStatuses/35f1e21f-10c9-41b4-b6e0-ac831d3c87a1*E5885BFD60A897BB96622A6F70417BFB84A699E978587C4235A24FD0AC594C2C?api-version=2022-12-01
  response:
    body:
      string: '{"id":"/subscriptions/00000000-0000-0000-0000-000000000000/providers/Microsoft.LoadTestService/locations/WESTUS2/operationStatuses/35f1e21f-10c9-41b4-b6e0-ac831d3c87a1*E5885BFD60A897BB96622A6F70417BFB84A699E978587C4235A24FD0AC594C2C","name":"35f1e21f-10c9-41b4-b6e0-ac831d3c87a1*E5885BFD60A897BB96622A6F70417BFB84A699E978587C4235A24FD0AC594C2C","resourceId":"/subscriptions/00000000-0000-0000-0000-000000000000/resourceGroups/cli_test_azure_load_testing000001/providers/Microsoft.LoadTestService/loadTests/load-test000004","status":"Succeeded","startTime":"2023-01-16T04:06:21.0684899Z","endTime":"2023-01-16T04:06:21.6556437Z","properties":null}'
    headers:
      cache-control:
      - no-cache
      content-length:
      - '646'
      content-type:
      - application/json; charset=utf-8
      date:
      - Mon, 16 Jan 2023 04:06:50 GMT
      etag:
      - '"0700e237-0000-0800-0000-63c4cd3d0000"'
      expires:
      - '-1'
      pragma:
      - no-cache
      strict-transport-security:
      - max-age=31536000; includeSubDomains
      transfer-encoding:
      - chunked
      vary:
      - Accept-Encoding
      x-content-type-options:
      - nosniff
    status:
      code: 200
      message: OK
version: 1
