interactions:
- request:
    body: null
    headers:
      Accept:
      - application/json
      Accept-Encoding:
      - gzip, deflate
      Connection:
      - keep-alive
      User-Agent:
      - azsdk-python-mgmt-loadtesting/1.0.0 Python/3.12.8 (Linux-6.8.0-1021-azure-x86_64-with-glibc2.36)
    method: GET
    uri: https://management.azure.com/subscriptions/00000000-0000-0000-0000-000000000000/resourceGroups/clitest-schedule-000001/providers/Microsoft.LoadTestService/loadTests/clitest-schedule-000002?api-version=2022-12-01
  response:
    body:
      string: '{"id":"/subscriptions/00000000-0000-0000-0000-000000000000/resourceGroups/clitest-schedule-000001/providers/Microsoft.LoadTestService/loadTests/clitest-schedule-000002","name":"clitest-schedule-000002","type":"microsoft.loadtestservice/loadtests","location":"eastus","systemData":{"createdBy":"hbisht@microsoft.com","createdByType":"User","createdAt":"2025-03-19T08:13:13.6743145Z","lastModifiedBy":"hbisht@microsoft.com","lastModifiedByType":"User","lastModifiedAt":"2025-03-19T08:13:13.6743145Z"},"identity":{"type":"None"},"properties":{"dataPlaneURI":"b3df55b7-ab6f-4e6c-9470-9ec8da7c6ff0.eastus.cnt-prod.loadtesting.azure.com","provisioningState":"Succeeded"}}'
    headers:
      cache-control:
      - no-cache
      content-length:
      - '665'
      content-type:
      - application/json; charset=utf-8
      date:
      - Wed, 19 Mar 2025 08:13:47 GMT
      etag:
      - '"d900a7d8-0000-0200-0000-67da7cb10000"'
      expires:
      - '-1'
      pragma:
      - no-cache
      strict-transport-security:
      - max-age=31536000; includeSubDomains
      x-cache:
      - CONFIG_NOCACHE
      x-content-type-options:
      - nosniff
      x-ms-providerhub-traffic:
      - 'True'
      x-ms-ratelimit-remaining-subscription-global-reads:
      - '16499'
      x-msedge-ref:
      - 'Ref A: 70F844E0D86E4408A7320C38FC28E8BB Ref B: MAA201060516017 Ref C: 2025-03-19T08:13:46Z'
    status:
      code: 200
      message: OK
- request:
    body: null
    headers:
      Accept:
      - application/json
      Accept-Encoding:
      - gzip, deflate
      Connection:
      - keep-alive
      User-Agent:
      - AZURECLI/2.70.0 azsdk-python-core/1.31.0 Python/3.12.8 (Linux-6.8.0-1021-azure-x86_64-with-glibc2.36)
    method: GET
    uri: https://b3df55b7-ab6f-4e6c-9470-9ec8da7c6ff0.eastus.cnt-prod.loadtesting.azure.com/triggers/update-invalid-trigger?api-version=2024-12-01-preview
  response:
    body:
      string: '{"error":{"code":"TriggerNotFound","message":"Trigger with Id: update-invalid-trigger
        not found.","target":null,"details":null}}'
    headers:
      api-supported-versions:
      - 2024-07-01-preview, 2024-12-01-preview, 2025-03-01-preview
      connection:
      - keep-alive
      content-type:
      - application/json
      date:
      - Wed, 19 Mar 2025 08:13:48 GMT
      mise-correlation-id:
      - e670f58b-d6ab-4e58-a7cb-33622ab242d9
      strict-transport-security:
      - max-age=31536000; includeSubDomains
      transfer-encoding:
      - chunked
      x-azure-ref:
      - 20250319T081347Z-r1bf87c6457wp5w4hC1SG1u5yc0000000dh000000000ega6
      x-cache:
      - CONFIG_NOCACHE
      x-content-type-options:
      - nosniff
      x-ms-error-code:
      - TriggerNotFound
    status:
      code: 404
      message: Not Found
- request:
    body: '{"kind": "ScheduleTestsTrigger", "testIds": ["test-id-update"], "recurrence":
      {"frequency": "Daily", "interval": 1}, "startDateTime": "2025-03-19T08:13:05Z",
      "state": "Active", "displayName": "Update Trigger", "description": "Trigger
      schedule for update test case"}'
    headers:
      Accept:
      - application/json
      Accept-Encoding:
      - gzip, deflate
      Connection:
      - keep-alive
      Content-Length:
      - '265'
      Content-Type:
      - application/merge-patch+json
      User-Agent:
      - AZURECLI/2.70.0 azsdk-python-core/1.31.0 Python/3.12.8 (Linux-6.8.0-1021-azure-x86_64-with-glibc2.36)
    method: PATCH
    uri: https://b3df55b7-ab6f-4e6c-9470-9ec8da7c6ff0.eastus.cnt-prod.loadtesting.azure.com/triggers/update-invalid-trigger?api-version=2024-12-01-preview
  response:
    body:
      string: '{"testIds":["test-id-update"],"startDateTime":"2025-03-19T08:13:05Z","recurrence":{"frequency":"Daily","interval":1},"recurrenceStatus":{"nextScheduledDateTimes":["2025-03-20T08:13:05Z"]},"kind":"ScheduleTestsTrigger","displayName":"Update
        Trigger","triggerId":"update-invalid-trigger","description":"Trigger schedule
        for update test case","state":"Active","createdDateTime":"2025-03-19T08:13:48.302Z","createdBy":"hbisht@microsoft.com","lastModifiedDateTime":"2025-03-19T08:13:48.302Z","lastModifiedBy":"hbisht@microsoft.com"}'
    headers:
      api-supported-versions:
      - 2024-07-01-preview, 2024-12-01-preview, 2025-03-01-preview
      connection:
      - keep-alive
      content-length:
      - '527'
      content-type:
      - application/json; charset=utf-8
      date:
      - Wed, 19 Mar 2025 08:13:48 GMT
      location:
      - https://b3df55b7-ab6f-4e6c-9470-9ec8da7c6ff0.eastus.cnt-prod.loadtesting.azure.com/triggers/update-invalid-trigger?api-version=2024-12-01-preview
      mise-correlation-id:
      - 1d8db4d2-5816-4b86-a7c1-ee0cd9540b71
      strict-transport-security:
      - max-age=31536000; includeSubDomains
      x-azure-ref:
      - 20250319T081348Z-r1bf87c6457wp5w4hC1SG1u5yc0000000dh000000000egcg
      x-cache:
      - CONFIG_NOCACHE
      x-content-type-options:
      - nosniff
    status:
      code: 201
      message: Created
- request:
    body: null
    headers:
      Accept:
      - application/json
      Accept-Encoding:
      - gzip, deflate
      Connection:
      - keep-alive
      User-Agent:
      - azsdk-python-mgmt-loadtesting/1.0.0 Python/3.12.8 (Linux-6.8.0-1021-azure-x86_64-with-glibc2.36)
    method: GET
    uri: https://management.azure.com/subscriptions/00000000-0000-0000-0000-000000000000/resourceGroups/clitest-schedule-000001/providers/Microsoft.LoadTestService/loadTests/clitest-schedule-000002?api-version=2022-12-01
  response:
    body:
      string: '{"id":"/subscriptions/00000000-0000-0000-0000-000000000000/resourceGroups/clitest-schedule-000001/providers/Microsoft.LoadTestService/loadTests/clitest-schedule-000002","name":"clitest-schedule-000002","type":"microsoft.loadtestservice/loadtests","location":"eastus","systemData":{"createdBy":"hbisht@microsoft.com","createdByType":"User","createdAt":"2025-03-19T08:13:13.6743145Z","lastModifiedBy":"hbisht@microsoft.com","lastModifiedByType":"User","lastModifiedAt":"2025-03-19T08:13:13.6743145Z"},"identity":{"type":"None"},"properties":{"dataPlaneURI":"b3df55b7-ab6f-4e6c-9470-9ec8da7c6ff0.eastus.cnt-prod.loadtesting.azure.com","provisioningState":"Succeeded"}}'
    headers:
      cache-control:
      - no-cache
      content-length:
      - '665'
      content-type:
      - application/json; charset=utf-8
      date:
      - Wed, 19 Mar 2025 08:13:49 GMT
      etag:
      - '"d900a7d8-0000-0200-0000-67da7cb10000"'
      expires:
      - '-1'
      pragma:
      - no-cache
      strict-transport-security:
      - max-age=31536000; includeSubDomains
      x-cache:
      - CONFIG_NOCACHE
      x-content-type-options:
      - nosniff
      x-ms-providerhub-traffic:
      - 'True'
      x-ms-ratelimit-remaining-subscription-global-reads:
      - '16498'
      x-msedge-ref:
      - 'Ref A: 3C5803459CC14322AA3407C7C6AD9D2B Ref B: MAA201060513027 Ref C: 2025-03-19T08:13:48Z'
    status:
      code: 200
      message: OK
- request:
    body: null
    headers:
      Accept:
      - application/json
      Accept-Encoding:
      - gzip, deflate
      Connection:
      - keep-alive
      User-Agent:
      - AZURECLI/2.70.0 azsdk-python-core/1.31.0 Python/3.12.8 (Linux-6.8.0-1021-azure-x86_64-with-glibc2.36)
    method: GET
    uri: https://b3df55b7-ab6f-4e6c-9470-9ec8da7c6ff0.eastus.cnt-prod.loadtesting.azure.com/triggers/update-invalid-trigger?api-version=2024-12-01-preview
  response:
    body:
      string: '{"testIds":["test-id-update"],"startDateTime":"2025-03-19T08:13:05Z","recurrence":{"frequency":"Daily","interval":1},"recurrenceStatus":{"nextScheduledDateTimes":["2025-03-20T08:13:05Z"]},"kind":"ScheduleTestsTrigger","displayName":"Update
        Trigger","triggerId":"update-invalid-trigger","description":"Trigger schedule
        for update test case","state":"Active","createdDateTime":"2025-03-19T08:13:48.302Z","createdBy":"hbisht@microsoft.com","lastModifiedDateTime":"2025-03-19T08:13:48.302Z","lastModifiedBy":"hbisht@microsoft.com"}'
    headers:
      accept-ranges:
      - bytes
      api-supported-versions:
      - 2024-07-01-preview, 2024-12-01-preview, 2025-03-01-preview
      connection:
      - keep-alive
      content-length:
      - '527'
      content-type:
      - application/json; charset=utf-8
      date:
      - Wed, 19 Mar 2025 08:13:50 GMT
      mise-correlation-id:
      - 32b8556c-00b5-44a5-9997-162d98be79e6
      strict-transport-security:
      - max-age=31536000; includeSubDomains
      x-azure-ref:
      - 20250319T081349Z-18477bc996c8769chC1SG17fqs00000003zg00000000ynhh
      x-cache:
      - CONFIG_NOCACHE
      x-content-type-options:
      - nosniff
    status:
      code: 200
      message: OK
- request:
    body: null
    headers:
      Accept:
      - application/json
      Accept-Encoding:
      - gzip, deflate
      Connection:
      - keep-alive
      User-Agent:
      - azsdk-python-mgmt-loadtesting/1.0.0 Python/3.12.8 (Linux-6.8.0-1021-azure-x86_64-with-glibc2.36)
    method: GET
    uri: https://management.azure.com/subscriptions/00000000-0000-0000-0000-000000000000/resourceGroups/clitest-schedule-000001/providers/Microsoft.LoadTestService/loadTests/clitest-schedule-000002?api-version=2022-12-01
  response:
    body:
      string: '{"id":"/subscriptions/00000000-0000-0000-0000-000000000000/resourceGroups/clitest-schedule-000001/providers/Microsoft.LoadTestService/loadTests/clitest-schedule-000002","name":"clitest-schedule-000002","type":"microsoft.loadtestservice/loadtests","location":"eastus","systemData":{"createdBy":"hbisht@microsoft.com","createdByType":"User","createdAt":"2025-03-19T08:13:13.6743145Z","lastModifiedBy":"hbisht@microsoft.com","lastModifiedByType":"User","lastModifiedAt":"2025-03-19T08:13:13.6743145Z"},"identity":{"type":"None"},"properties":{"dataPlaneURI":"b3df55b7-ab6f-4e6c-9470-9ec8da7c6ff0.eastus.cnt-prod.loadtesting.azure.com","provisioningState":"Succeeded"}}'
    headers:
      cache-control:
      - no-cache
      content-length:
      - '665'
      content-type:
      - application/json; charset=utf-8
      date:
      - Wed, 19 Mar 2025 08:13:51 GMT
      etag:
      - '"d900a7d8-0000-0200-0000-67da7cb10000"'
      expires:
      - '-1'
      pragma:
      - no-cache
      strict-transport-security:
      - max-age=31536000; includeSubDomains
      x-cache:
      - CONFIG_NOCACHE
      x-content-type-options:
      - nosniff
      x-ms-providerhub-traffic:
      - 'True'
      x-ms-ratelimit-remaining-subscription-global-reads:
      - '16499'
      x-msedge-ref:
      - 'Ref A: 99D5EAEF9897459FA3B628BF4AE3A28B Ref B: MAA201060513011 Ref C: 2025-03-19T08:13:50Z'
    status:
      code: 200
      message: OK
- request:
    body: null
    headers:
      Accept:
      - application/json
      Accept-Encoding:
      - gzip, deflate
      Connection:
      - keep-alive
      User-Agent:
      - AZURECLI/2.70.0 azsdk-python-core/1.31.0 Python/3.12.8 (Linux-6.8.0-1021-azure-x86_64-with-glibc2.36)
    method: GET
    uri: https://b3df55b7-ab6f-4e6c-9470-9ec8da7c6ff0.eastus.cnt-prod.loadtesting.azure.com/triggers/update-invalid-trigger?api-version=2024-12-01-preview
  response:
    body:
      string: '{"testIds":["test-id-update"],"startDateTime":"2025-03-19T08:13:05Z","recurrence":{"frequency":"Daily","interval":1},"recurrenceStatus":{"nextScheduledDateTimes":["2025-03-20T08:13:05Z"]},"kind":"ScheduleTestsTrigger","displayName":"Update
        Trigger","triggerId":"update-invalid-trigger","description":"Trigger schedule
        for update test case","state":"Active","createdDateTime":"2025-03-19T08:13:48.302Z","createdBy":"hbisht@microsoft.com","lastModifiedDateTime":"2025-03-19T08:13:48.302Z","lastModifiedBy":"hbisht@microsoft.com"}'
    headers:
      accept-ranges:
      - bytes
      api-supported-versions:
      - 2024-07-01-preview, 2024-12-01-preview, 2025-03-01-preview
      connection:
      - keep-alive
      content-length:
      - '527'
      content-type:
      - application/json; charset=utf-8
      date:
      - Wed, 19 Mar 2025 08:13:52 GMT
      mise-correlation-id:
      - 14a82046-f296-48e5-bd46-28ec5febf355
      strict-transport-security:
      - max-age=31536000; includeSubDomains
      x-azure-ref:
      - 20250319T081351Z-18477bc996cqfz4fhC1SG1ugpc000000044g00000000asa5
      x-cache:
      - CONFIG_NOCACHE
      x-content-type-options:
      - nosniff
    status:
      code: 200
      message: OK
- request:
    body: null
    headers:
      Accept:
      - application/json
      Accept-Encoding:
      - gzip, deflate
      Connection:
      - keep-alive
      User-Agent:
      - azsdk-python-mgmt-loadtesting/1.0.0 Python/3.12.8 (Linux-6.8.0-1021-azure-x86_64-with-glibc2.36)
    method: GET
    uri: https://management.azure.com/subscriptions/00000000-0000-0000-0000-000000000000/resourceGroups/clitest-schedule-000001/providers/Microsoft.LoadTestService/loadTests/clitest-schedule-000002?api-version=2022-12-01
  response:
    body:
      string: '{"id":"/subscriptions/00000000-0000-0000-0000-000000000000/resourceGroups/clitest-schedule-000001/providers/Microsoft.LoadTestService/loadTests/clitest-schedule-000002","name":"clitest-schedule-000002","type":"microsoft.loadtestservice/loadtests","location":"eastus","systemData":{"createdBy":"hbisht@microsoft.com","createdByType":"User","createdAt":"2025-03-19T08:13:13.6743145Z","lastModifiedBy":"hbisht@microsoft.com","lastModifiedByType":"User","lastModifiedAt":"2025-03-19T08:13:13.6743145Z"},"identity":{"type":"None"},"properties":{"dataPlaneURI":"b3df55b7-ab6f-4e6c-9470-9ec8da7c6ff0.eastus.cnt-prod.loadtesting.azure.com","provisioningState":"Succeeded"}}'
    headers:
      cache-control:
      - no-cache
      content-length:
      - '665'
      content-type:
      - application/json; charset=utf-8
      date:
      - Wed, 19 Mar 2025 08:13:53 GMT
      etag:
      - '"d900a7d8-0000-0200-0000-67da7cb10000"'
      expires:
      - '-1'
      pragma:
      - no-cache
      strict-transport-security:
      - max-age=31536000; includeSubDomains
      x-cache:
      - CONFIG_NOCACHE
      x-content-type-options:
      - nosniff
      x-ms-providerhub-traffic:
      - 'True'
      x-ms-ratelimit-remaining-subscription-global-reads:
      - '16499'
      x-msedge-ref:
      - 'Ref A: 1206D9A4B08140D1825EF7CF714CA0C0 Ref B: MAA201060513025 Ref C: 2025-03-19T08:13:52Z'
    status:
      code: 200
      message: OK
- request:
    body: null
    headers:
      Accept:
      - application/json
      Accept-Encoding:
      - gzip, deflate
      Connection:
      - keep-alive
      User-Agent:
      - AZURECLI/2.70.0 azsdk-python-core/1.31.0 Python/3.12.8 (Linux-6.8.0-1021-azure-x86_64-with-glibc2.36)
    method: GET
    uri: https://b3df55b7-ab6f-4e6c-9470-9ec8da7c6ff0.eastus.cnt-prod.loadtesting.azure.com/triggers/update-invalid-trigger?api-version=2024-12-01-preview
  response:
    body:
      string: '{"testIds":["test-id-update"],"startDateTime":"2025-03-19T08:13:05Z","recurrence":{"frequency":"Daily","interval":1},"recurrenceStatus":{"nextScheduledDateTimes":["2025-03-20T08:13:05Z"]},"kind":"ScheduleTestsTrigger","displayName":"Update
        Trigger","triggerId":"update-invalid-trigger","description":"Trigger schedule
        for update test case","state":"Active","createdDateTime":"2025-03-19T08:13:48.302Z","createdBy":"hbisht@microsoft.com","lastModifiedDateTime":"2025-03-19T08:13:48.302Z","lastModifiedBy":"hbisht@microsoft.com"}'
    headers:
      accept-ranges:
      - bytes
      api-supported-versions:
      - 2024-07-01-preview, 2024-12-01-preview, 2025-03-01-preview
      connection:
      - keep-alive
      content-length:
      - '527'
      content-type:
      - application/json; charset=utf-8
      date:
      - Wed, 19 Mar 2025 08:13:54 GMT
      mise-correlation-id:
      - 36203f19-bc0a-48f0-b9c2-4c0987bc56b0
      strict-transport-security:
      - max-age=31536000; includeSubDomains
      x-azure-ref:
      - 20250319T081353Z-18477bc996c7789nhC1SG1cyf8000000044g00000000ag5k
      x-cache:
      - CONFIG_NOCACHE
      x-content-type-options:
      - nosniff
    status:
      code: 200
      message: OK
- request:
    body: null
    headers:
      Accept:
      - application/json
      Accept-Encoding:
      - gzip, deflate
      Connection:
      - keep-alive
      User-Agent:
      - azsdk-python-mgmt-loadtesting/1.0.0 Python/3.12.8 (Linux-6.8.0-1021-azure-x86_64-with-glibc2.36)
    method: GET
    uri: https://management.azure.com/subscriptions/00000000-0000-0000-0000-000000000000/resourceGroups/clitest-schedule-000001/providers/Microsoft.LoadTestService/loadTests/clitest-schedule-000002?api-version=2022-12-01
  response:
    body:
      string: '{"id":"/subscriptions/00000000-0000-0000-0000-000000000000/resourceGroups/clitest-schedule-000001/providers/Microsoft.LoadTestService/loadTests/clitest-schedule-000002","name":"clitest-schedule-000002","type":"microsoft.loadtestservice/loadtests","location":"eastus","systemData":{"createdBy":"hbisht@microsoft.com","createdByType":"User","createdAt":"2025-03-19T08:13:13.6743145Z","lastModifiedBy":"hbisht@microsoft.com","lastModifiedByType":"User","lastModifiedAt":"2025-03-19T08:13:13.6743145Z"},"identity":{"type":"None"},"properties":{"dataPlaneURI":"b3df55b7-ab6f-4e6c-9470-9ec8da7c6ff0.eastus.cnt-prod.loadtesting.azure.com","provisioningState":"Succeeded"}}'
    headers:
      cache-control:
      - no-cache
      content-length:
      - '665'
      content-type:
      - application/json; charset=utf-8
      date:
      - Wed, 19 Mar 2025 08:13:54 GMT
      etag:
      - '"d900a7d8-0000-0200-0000-67da7cb10000"'
      expires:
      - '-1'
      pragma:
      - no-cache
      strict-transport-security:
      - max-age=31536000; includeSubDomains
      x-cache:
      - CONFIG_NOCACHE
      x-content-type-options:
      - nosniff
      x-ms-providerhub-traffic:
      - 'True'
      x-ms-ratelimit-remaining-subscription-global-reads:
      - '16499'
      x-msedge-ref:
      - 'Ref A: DD47264939B74C90A582BCD9B2BA2B62 Ref B: MAA201060515019 Ref C: 2025-03-19T08:13:54Z'
    status:
      code: 200
      message: OK
- request:
    body: null
    headers:
      Accept:
      - application/json
      Accept-Encoding:
      - gzip, deflate
      Connection:
      - keep-alive
      User-Agent:
      - AZURECLI/2.70.0 azsdk-python-core/1.31.0 Python/3.12.8 (Linux-6.8.0-1021-azure-x86_64-with-glibc2.36)
    method: GET
    uri: https://b3df55b7-ab6f-4e6c-9470-9ec8da7c6ff0.eastus.cnt-prod.loadtesting.azure.com/triggers/update-invalid-trigger?api-version=2024-12-01-preview
  response:
    body:
      string: '{"testIds":["test-id-update"],"startDateTime":"2025-03-19T08:13:05Z","recurrence":{"frequency":"Daily","interval":1},"recurrenceStatus":{"nextScheduledDateTimes":["2025-03-20T08:13:05Z"]},"kind":"ScheduleTestsTrigger","displayName":"Update
        Trigger","triggerId":"update-invalid-trigger","description":"Trigger schedule
        for update test case","state":"Active","createdDateTime":"2025-03-19T08:13:48.302Z","createdBy":"hbisht@microsoft.com","lastModifiedDateTime":"2025-03-19T08:13:48.302Z","lastModifiedBy":"hbisht@microsoft.com"}'
    headers:
      accept-ranges:
      - bytes
      api-supported-versions:
      - 2024-07-01-preview, 2024-12-01-preview, 2025-03-01-preview
      connection:
      - keep-alive
      content-length:
      - '527'
      content-type:
      - application/json; charset=utf-8
      date:
      - Wed, 19 Mar 2025 08:13:55 GMT
      mise-correlation-id:
      - e61ada95-cd26-41d9-b976-124d1d43c1be
      strict-transport-security:
      - max-age=31536000; includeSubDomains
      x-azure-ref:
      - 20250319T081355Z-18477bc996crszl4hC1SG168uc0000000470000000001csk
      x-cache:
      - CONFIG_NOCACHE
      x-content-type-options:
      - nosniff
    status:
      code: 200
      message: OK
- request:
    body: null
    headers:
      Accept:
      - application/json
      Accept-Encoding:
      - gzip, deflate
      Connection:
      - keep-alive
      User-Agent:
      - azsdk-python-mgmt-loadtesting/1.0.0 Python/3.12.8 (Linux-6.8.0-1021-azure-x86_64-with-glibc2.36)
    method: GET
    uri: https://management.azure.com/subscriptions/00000000-0000-0000-0000-000000000000/resourceGroups/clitest-schedule-000001/providers/Microsoft.LoadTestService/loadTests/clitest-schedule-000002?api-version=2022-12-01
  response:
    body:
      string: '{"id":"/subscriptions/00000000-0000-0000-0000-000000000000/resourceGroups/clitest-schedule-000001/providers/Microsoft.LoadTestService/loadTests/clitest-schedule-000002","name":"clitest-schedule-000002","type":"microsoft.loadtestservice/loadtests","location":"eastus","systemData":{"createdBy":"hbisht@microsoft.com","createdByType":"User","createdAt":"2025-03-19T08:13:13.6743145Z","lastModifiedBy":"hbisht@microsoft.com","lastModifiedByType":"User","lastModifiedAt":"2025-03-19T08:13:13.6743145Z"},"identity":{"type":"None"},"properties":{"dataPlaneURI":"b3df55b7-ab6f-4e6c-9470-9ec8da7c6ff0.eastus.cnt-prod.loadtesting.azure.com","provisioningState":"Succeeded"}}'
    headers:
      cache-control:
      - no-cache
      content-length:
      - '665'
      content-type:
      - application/json; charset=utf-8
      date:
      - Wed, 19 Mar 2025 08:13:56 GMT
      etag:
      - '"d900a7d8-0000-0200-0000-67da7cb10000"'
      expires:
      - '-1'
      pragma:
      - no-cache
      strict-transport-security:
      - max-age=31536000; includeSubDomains
      x-cache:
      - CONFIG_NOCACHE
      x-content-type-options:
      - nosniff
      x-ms-providerhub-traffic:
      - 'True'
      x-ms-ratelimit-remaining-subscription-global-reads:
      - '16499'
      x-msedge-ref:
      - 'Ref A: 95CB078BAC7D45159A3DB7E74A9DE3DD Ref B: MAA201060515047 Ref C: 2025-03-19T08:13:55Z'
    status:
      code: 200
      message: OK
- request:
    body: null
    headers:
      Accept:
      - application/json
      Accept-Encoding:
      - gzip, deflate
      Connection:
      - keep-alive
      User-Agent:
      - AZURECLI/2.70.0 azsdk-python-core/1.31.0 Python/3.12.8 (Linux-6.8.0-1021-azure-x86_64-with-glibc2.36)
    method: GET
    uri: https://b3df55b7-ab6f-4e6c-9470-9ec8da7c6ff0.eastus.cnt-prod.loadtesting.azure.com/triggers/update-invalid-trigger?api-version=2024-12-01-preview
  response:
    body:
      string: '{"testIds":["test-id-update"],"startDateTime":"2025-03-19T08:13:05Z","recurrence":{"frequency":"Daily","interval":1},"recurrenceStatus":{"nextScheduledDateTimes":["2025-03-20T08:13:05Z"]},"kind":"ScheduleTestsTrigger","displayName":"Update
        Trigger","triggerId":"update-invalid-trigger","description":"Trigger schedule
        for update test case","state":"Active","createdDateTime":"2025-03-19T08:13:48.302Z","createdBy":"hbisht@microsoft.com","lastModifiedDateTime":"2025-03-19T08:13:48.302Z","lastModifiedBy":"hbisht@microsoft.com"}'
    headers:
      accept-ranges:
      - bytes
      api-supported-versions:
      - 2024-07-01-preview, 2024-12-01-preview, 2025-03-01-preview
      connection:
      - keep-alive
      content-length:
      - '527'
      content-type:
      - application/json; charset=utf-8
      date:
      - Wed, 19 Mar 2025 08:13:57 GMT
      mise-correlation-id:
      - 96759ba4-20bc-4996-b2fc-c77dfdc39c3f
      strict-transport-security:
      - max-age=31536000; includeSubDomains
      x-azure-ref:
      - 20250319T081356Z-18477bc996cplk7jhC1SG12qn8000000041g00000000qra9
      x-cache:
      - CONFIG_NOCACHE
      x-content-type-options:
      - nosniff
    status:
      code: 200
      message: OK
version: 1
