interactions:
- request:
    body: null
    headers:
      Accept:
      - application/json
      Accept-Encoding:
      - gzip, deflate
      Connection:
      - keep-alive
      User-Agent:
      - azsdk-python-mgmt-loadtesting/1.0.0 Python/3.12.8 (Linux-6.5.0-1025-azure-x86_64-with-glibc2.36)
    method: GET
    uri: https://management.azure.com/subscriptions/00000000-0000-0000-0000-000000000000/resourceGroups/clitest-schedule-000001/providers/Microsoft.LoadTestService/loadTests/clitest-schedule-000002?api-version=2022-12-01
  response:
    body:
      string: '{"id":"/subscriptions/00000000-0000-0000-0000-000000000000/resourceGroups/clitest-schedule-000001/providers/Microsoft.LoadTestService/loadTests/clitest-schedule-000002","name":"clitest-schedule-000002","type":"microsoft.loadtestservice/loadtests","location":"eastus","systemData":{"createdBy":"hbisht@microsoft.com","createdByType":"User","createdAt":"2025-03-09T21:52:23.5260404Z","lastModifiedBy":"hbisht@microsoft.com","lastModifiedByType":"User","lastModifiedAt":"2025-03-09T21:52:23.5260404Z"},"identity":{"type":"None"},"properties":{"dataPlaneURI":"c1b69753-60fd-4e95-86bc-c4a583f976a3.eastus.cnt-prod.loadtesting.azure.com","provisioningState":"Succeeded"}}'
    headers:
      cache-control:
      - no-cache
      content-length:
      - '665'
      content-type:
      - application/json; charset=utf-8
      date:
      - Sun, 09 Mar 2025 21:52:58 GMT
      etag:
      - '"a004e114-0000-0200-0000-67ce0dae0000"'
      expires:
      - '-1'
      pragma:
      - no-cache
      strict-transport-security:
      - max-age=31536000; includeSubDomains
      x-cache:
      - CONFIG_NOCACHE
      x-content-type-options:
      - nosniff
      x-ms-providerhub-traffic:
      - 'True'
      x-ms-ratelimit-remaining-subscription-global-reads:
      - '16499'
      x-msedge-ref:
      - 'Ref A: 8FF45503EFB243118D928567B6E6D12A Ref B: MAA201060513037 Ref C: 2025-03-09T21:52:58Z'
    status:
      code: 200
      message: OK
- request:
    body: null
    headers:
      Accept:
      - application/json
      Accept-Encoding:
      - gzip, deflate
      Connection:
      - keep-alive
      User-Agent:
      - AZURECLI/2.70.0 azsdk-python-core/1.31.0 Python/3.12.8 (Linux-6.5.0-1025-azure-x86_64-with-glibc2.36)
    method: GET
    uri: https://c1b69753-60fd-4e95-86bc-c4a583f976a3.eastus.cnt-prod.loadtesting.azure.com/triggers/test-trigger-id-pause?api-version=2024-12-01-preview
  response:
    body:
      string: '{"error":{"code":"TriggerNotFound","message":"Trigger with Id: test-trigger-id-pause
        not found.","target":null,"details":null}}'
    headers:
      api-supported-versions:
      - 2024-07-01-preview, 2024-12-01-preview, 2025-03-01-preview
      connection:
      - keep-alive
      content-type:
      - application/json
      date:
      - Sun, 09 Mar 2025 21:52:59 GMT
      mise-correlation-id:
      - b372fc67-42b0-4a53-a93f-3c5bae049389
      strict-transport-security:
      - max-age=31536000; includeSubDomains
      transfer-encoding:
      - chunked
      x-azure-ref:
      - 20250309T215259Z-16bc6c9867btmgl7hC1SG1qumc000000025g000000002zb5
      x-cache:
      - CONFIG_NOCACHE
      x-content-type-options:
      - nosniff
      x-ms-error-code:
      - TriggerNotFound
    status:
      code: 404
      message: Not Found
- request:
    body: '{"kind": "ScheduleTestsTrigger", "testIds": ["test-id-pause"], "recurrence":
      {"frequency": "Daily", "interval": 1}, "startDateTime": "2025-03-09T21:52:15Z",
      "state": "Active", "displayName": "Pause Trigger", "description": "Trigger schedule
      for pause test case"}'
    headers:
      Accept:
      - application/json
      Accept-Encoding:
      - gzip, deflate
      Connection:
      - keep-alive
      Content-Length:
      - '262'
      Content-Type:
      - application/merge-patch+json
      User-Agent:
      - AZURECLI/2.70.0 azsdk-python-core/1.31.0 Python/3.12.8 (Linux-6.5.0-1025-azure-x86_64-with-glibc2.36)
    method: PATCH
    uri: https://c1b69753-60fd-4e95-86bc-c4a583f976a3.eastus.cnt-prod.loadtesting.azure.com/triggers/test-trigger-id-pause?api-version=2024-12-01-preview
  response:
    body:
      string: '{"testIds":["test-id-pause"],"startDateTime":"2025-03-09T21:52:15Z","recurrence":{"frequency":"Daily","interval":1},"recurrenceStatus":{"nextScheduledDateTimes":["2025-03-10T21:52:15Z"]},"kind":"ScheduleTestsTrigger","displayName":"Pause
        Trigger","triggerId":"test-trigger-id-pause","description":"Trigger schedule
        for pause test case","state":"Active","createdDateTime":"2025-03-09T21:53:00.182Z","createdBy":"hbisht@microsoft.com","lastModifiedDateTime":"2025-03-09T21:53:00.182Z","lastModifiedBy":"hbisht@microsoft.com"}'
    headers:
      api-supported-versions:
      - 2024-07-01-preview, 2024-12-01-preview, 2025-03-01-preview
      connection:
      - keep-alive
      content-length:
      - '523'
      content-type:
      - application/json; charset=utf-8
      date:
      - Sun, 09 Mar 2025 21:53:00 GMT
      location:
      - https://c1b69753-60fd-4e95-86bc-c4a583f976a3.eastus.cnt-prod.loadtesting.azure.com/triggers/test-trigger-id-pause?api-version=2024-12-01-preview
      mise-correlation-id:
      - b8a35c32-e502-4f29-8850-2b70c2600fd3
      strict-transport-security:
      - max-age=31536000; includeSubDomains
      x-azure-ref:
      - 20250309T215259Z-16bc6c9867btmgl7hC1SG1qumc000000025g000000002zcd
      x-cache:
      - CONFIG_NOCACHE
      x-content-type-options:
      - nosniff
    status:
      code: 201
      message: Created
- request:
    body: null
    headers:
      Accept:
      - application/json
      Accept-Encoding:
      - gzip, deflate
      Connection:
      - keep-alive
      User-Agent:
      - azsdk-python-mgmt-loadtesting/1.0.0 Python/3.12.8 (Linux-6.5.0-1025-azure-x86_64-with-glibc2.36)
    method: GET
    uri: https://management.azure.com/subscriptions/00000000-0000-0000-0000-000000000000/resourceGroups/clitest-schedule-000001/providers/Microsoft.LoadTestService/loadTests/clitest-schedule-000002?api-version=2022-12-01
  response:
    body:
      string: '{"id":"/subscriptions/00000000-0000-0000-0000-000000000000/resourceGroups/clitest-schedule-000001/providers/Microsoft.LoadTestService/loadTests/clitest-schedule-000002","name":"clitest-schedule-000002","type":"microsoft.loadtestservice/loadtests","location":"eastus","systemData":{"createdBy":"hbisht@microsoft.com","createdByType":"User","createdAt":"2025-03-09T21:52:23.5260404Z","lastModifiedBy":"hbisht@microsoft.com","lastModifiedByType":"User","lastModifiedAt":"2025-03-09T21:52:23.5260404Z"},"identity":{"type":"None"},"properties":{"dataPlaneURI":"c1b69753-60fd-4e95-86bc-c4a583f976a3.eastus.cnt-prod.loadtesting.azure.com","provisioningState":"Succeeded"}}'
    headers:
      cache-control:
      - no-cache
      content-length:
      - '665'
      content-type:
      - application/json; charset=utf-8
      date:
      - Sun, 09 Mar 2025 21:53:01 GMT
      etag:
      - '"a004e114-0000-0200-0000-67ce0dae0000"'
      expires:
      - '-1'
      pragma:
      - no-cache
      strict-transport-security:
      - max-age=31536000; includeSubDomains
      x-cache:
      - CONFIG_NOCACHE
      x-content-type-options:
      - nosniff
      x-ms-providerhub-traffic:
      - 'True'
      x-ms-ratelimit-remaining-subscription-global-reads:
      - '16499'
      x-msedge-ref:
      - 'Ref A: F4C1E03CEF794141AB611A70D50702F6 Ref B: MAA201060516033 Ref C: 2025-03-09T21:53:00Z'
    status:
      code: 200
      message: OK
- request:
    body: null
    headers:
      Accept:
      - application/json
      Accept-Encoding:
      - gzip, deflate
      Connection:
      - keep-alive
      User-Agent:
      - AZURECLI/2.70.0 azsdk-python-core/1.31.0 Python/3.12.8 (Linux-6.5.0-1025-azure-x86_64-with-glibc2.36)
    method: GET
    uri: https://c1b69753-60fd-4e95-86bc-c4a583f976a3.eastus.cnt-prod.loadtesting.azure.com/triggers/test-trigger-id-pause?api-version=2024-12-01-preview
  response:
    body:
      string: '{"testIds":["test-id-pause"],"startDateTime":"2025-03-09T21:52:15Z","recurrence":{"frequency":"Daily","interval":1},"recurrenceStatus":{"nextScheduledDateTimes":["2025-03-10T21:52:15Z"]},"kind":"ScheduleTestsTrigger","displayName":"Pause
        Trigger","triggerId":"test-trigger-id-pause","description":"Trigger schedule
        for pause test case","state":"Active","createdDateTime":"2025-03-09T21:53:00.182Z","createdBy":"hbisht@microsoft.com","lastModifiedDateTime":"2025-03-09T21:53:00.182Z","lastModifiedBy":"hbisht@microsoft.com"}'
    headers:
      accept-ranges:
      - bytes
      api-supported-versions:
      - 2024-07-01-preview, 2024-12-01-preview, 2025-03-01-preview
      connection:
      - keep-alive
      content-length:
      - '523'
      content-type:
      - application/json; charset=utf-8
      date:
      - Sun, 09 Mar 2025 21:53:02 GMT
      mise-correlation-id:
      - fb56c155-431d-4845-9216-3778b03c4943
      strict-transport-security:
      - max-age=31536000; includeSubDomains
      x-azure-ref:
      - 20250309T215301Z-16bc6c9867bhn5b6hC1SG115gc00000001k0000000006ycw
      x-cache:
      - CONFIG_NOCACHE
      x-content-type-options:
      - nosniff
    status:
      code: 200
      message: OK
- request:
    body: '{"testIds": ["test-id-pause"], "startDateTime": "2025-03-09T21:52:15Z",
      "recurrence": {"frequency": "Daily", "interval": 1}, "kind": "ScheduleTestsTrigger",
      "displayName": "Pause Trigger", "description": "Trigger schedule for pause test
      case", "state": "Paused"}'
    headers:
      Accept:
      - application/json
      Accept-Encoding:
      - gzip, deflate
      Connection:
      - keep-alive
      Content-Length:
      - '262'
      Content-Type:
      - application/merge-patch+json
      User-Agent:
      - AZURECLI/2.70.0 azsdk-python-core/1.31.0 Python/3.12.8 (Linux-6.5.0-1025-azure-x86_64-with-glibc2.36)
    method: PATCH
    uri: https://c1b69753-60fd-4e95-86bc-c4a583f976a3.eastus.cnt-prod.loadtesting.azure.com/triggers/test-trigger-id-pause?api-version=2024-12-01-preview
  response:
    body:
      string: '{"testIds":["test-id-pause"],"startDateTime":"2025-03-09T21:52:15Z","recurrence":{"frequency":"Daily","interval":1},"recurrenceStatus":{"nextScheduledDateTimes":[]},"kind":"ScheduleTestsTrigger","displayName":"Pause
        Trigger","triggerId":"test-trigger-id-pause","description":"Trigger schedule
        for pause test case","state":"Paused","createdDateTime":"2025-03-09T21:53:00.182Z","createdBy":"hbisht@microsoft.com","lastModifiedDateTime":"2025-03-09T21:53:02.784Z","lastModifiedBy":"hbisht@microsoft.com"}'
    headers:
      accept-ranges:
      - bytes
      api-supported-versions:
      - 2024-07-01-preview, 2024-12-01-preview, 2025-03-01-preview
      connection:
      - keep-alive
      content-length:
      - '501'
      content-type:
      - application/json; charset=utf-8
      date:
      - Sun, 09 Mar 2025 21:53:03 GMT
      mise-correlation-id:
      - 19b07a6c-3df0-49ed-b1a1-3ad6107663de
      strict-transport-security:
      - max-age=31536000; includeSubDomains
      x-azure-ref:
      - 20250309T215302Z-16bc6c9867bhn5b6hC1SG115gc00000001k0000000006yku
      x-cache:
      - CONFIG_NOCACHE
      x-content-type-options:
      - nosniff
    status:
      code: 200
      message: OK
- request:
    body: null
    headers:
      Accept:
      - application/json
      Accept-Encoding:
      - gzip, deflate
      Connection:
      - keep-alive
      User-Agent:
      - azsdk-python-mgmt-loadtesting/1.0.0 Python/3.12.8 (Linux-6.5.0-1025-azure-x86_64-with-glibc2.36)
    method: GET
    uri: https://management.azure.com/subscriptions/00000000-0000-0000-0000-000000000000/resourceGroups/clitest-schedule-000001/providers/Microsoft.LoadTestService/loadTests/clitest-schedule-000002?api-version=2022-12-01
  response:
    body:
      string: '{"id":"/subscriptions/00000000-0000-0000-0000-000000000000/resourceGroups/clitest-schedule-000001/providers/Microsoft.LoadTestService/loadTests/clitest-schedule-000002","name":"clitest-schedule-000002","type":"microsoft.loadtestservice/loadtests","location":"eastus","systemData":{"createdBy":"hbisht@microsoft.com","createdByType":"User","createdAt":"2025-03-09T21:52:23.5260404Z","lastModifiedBy":"hbisht@microsoft.com","lastModifiedByType":"User","lastModifiedAt":"2025-03-09T21:52:23.5260404Z"},"identity":{"type":"None"},"properties":{"dataPlaneURI":"c1b69753-60fd-4e95-86bc-c4a583f976a3.eastus.cnt-prod.loadtesting.azure.com","provisioningState":"Succeeded"}}'
    headers:
      cache-control:
      - no-cache
      content-length:
      - '665'
      content-type:
      - application/json; charset=utf-8
      date:
      - Sun, 09 Mar 2025 21:53:04 GMT
      etag:
      - '"a004e114-0000-0200-0000-67ce0dae0000"'
      expires:
      - '-1'
      pragma:
      - no-cache
      strict-transport-security:
      - max-age=31536000; includeSubDomains
      x-cache:
      - CONFIG_NOCACHE
      x-content-type-options:
      - nosniff
      x-ms-providerhub-traffic:
      - 'True'
      x-ms-ratelimit-remaining-subscription-global-reads:
      - '16499'
      x-msedge-ref:
      - 'Ref A: A8E6A70DDAD448A7B4B9FCD79C3D92A4 Ref B: MAA201060514045 Ref C: 2025-03-09T21:53:03Z'
    status:
      code: 200
      message: OK
- request:
    body: null
    headers:
      Accept:
      - application/json
      Accept-Encoding:
      - gzip, deflate
      Connection:
      - keep-alive
      User-Agent:
      - AZURECLI/2.70.0 azsdk-python-core/1.31.0 Python/3.12.8 (Linux-6.5.0-1025-azure-x86_64-with-glibc2.36)
    method: GET
    uri: https://c1b69753-60fd-4e95-86bc-c4a583f976a3.eastus.cnt-prod.loadtesting.azure.com/triggers/test-trigger-id-pause?api-version=2024-12-01-preview
  response:
    body:
      string: '{"testIds":["test-id-pause"],"startDateTime":"2025-03-09T21:52:15Z","recurrence":{"frequency":"Daily","interval":1},"recurrenceStatus":{"nextScheduledDateTimes":[]},"kind":"ScheduleTestsTrigger","displayName":"Pause
        Trigger","triggerId":"test-trigger-id-pause","description":"Trigger schedule
        for pause test case","state":"Paused","createdDateTime":"2025-03-09T21:53:00.182Z","createdBy":"hbisht@microsoft.com","lastModifiedDateTime":"2025-03-09T21:53:02.784Z","lastModifiedBy":"hbisht@microsoft.com"}'
    headers:
      accept-ranges:
      - bytes
      api-supported-versions:
      - 2024-07-01-preview, 2024-12-01-preview, 2025-03-01-preview
      connection:
      - keep-alive
      content-length:
      - '501'
      content-type:
      - application/json; charset=utf-8
      date:
      - Sun, 09 Mar 2025 21:53:05 GMT
      mise-correlation-id:
      - 1fd5ed44-4c58-4b82-8df1-73f49ce7dcd0
      strict-transport-security:
      - max-age=31536000; includeSubDomains
      x-azure-ref:
      - 20250309T215304Z-16bc6c9867bwklg4hC1SG166x000000002bg000000004b39
      x-cache:
      - CONFIG_NOCACHE
      x-content-type-options:
      - nosniff
    status:
      code: 200
      message: OK
version: 1
