interactions:
- request:
    body: null
    headers:
      Accept:
      - application/json
      Accept-Encoding:
      - gzip, deflate
      Connection:
      - keep-alive
      User-Agent:
      - azsdk-python-mgmt-loadtesting/1.0.0 Python/3.11.9 (Windows-10-10.0.26100-SP0)
    method: GET
    uri: https://management.azure.com/subscriptions/00000000-0000-0000-0000-000000000000/resourceGroups/clitest-notification-000001/providers/Microsoft.LoadTestService/loadTests/clitest-notification-000002?api-version=2022-12-01
  response:
    body:
      string: '{"id":"/subscriptions/00000000-0000-0000-0000-000000000000/resourceGroups/clitest-notification-000001/providers/Microsoft.LoadTestService/loadTests/clitest-notification-000002","name":"clitest-notification-000002","type":"microsoft.loadtestservice/loadtests","location":"eastus","systemData":{"createdBy":"harshanb@microsoft.com","createdByType":"User","createdAt":"2025-04-30T13:36:11.7063127Z","lastModifiedBy":"harshanb@microsoft.com","lastModifiedByType":"User","lastModifiedAt":"2025-04-30T13:36:11.7063127Z"},"identity":{"type":"None"},"properties":{"dataPlaneURI":"33d2cae2-c936-4683-81b9-19e4b526d808.eastus.cnt-prod.loadtesting.azure.com","provisioningState":"Succeeded"}}'
    headers:
      cache-control:
      - no-cache
      content-length:
      - '681'
      content-type:
      - application/json; charset=utf-8
      date:
      - Wed, 30 Apr 2025 13:36:49 GMT
      etag:
      - '"5401f031-0000-0200-0000-681227610000"'
      expires:
      - '-1'
      pragma:
      - no-cache
      strict-transport-security:
      - max-age=31536000; includeSubDomains
      x-cache:
      - CONFIG_NOCACHE
      x-content-type-options:
      - nosniff
      x-ms-providerhub-traffic:
      - 'True'
      x-ms-ratelimit-remaining-subscription-global-reads:
      - '16499'
      x-msedge-ref:
      - 'Ref A: 000FBEBF181148E8BEBA9C3C0D625A6F Ref B: MAA201060515017 Ref C: 2025-04-30T13:36:49Z'
    status:
      code: 200
      message: OK
- request:
    body: null
    headers:
      Accept:
      - application/json
      Accept-Encoding:
      - gzip, deflate
      Connection:
      - keep-alive
      User-Agent:
      - AZURECLI/2.71.0 azsdk-python-core/1.33.0 Python/3.11.9 (Windows-10-10.0.26100-SP0)
    method: GET
    uri: https://33d2cae2-c936-4683-81b9-19e4b526d808.eastus.cnt-prod.loadtesting.azure.com/tests/test1?api-version=2025-03-01-preview
  response:
    body:
      string: '{"error":{"code":"TestNotFound","message":"Test couldn''t find with
        given identifier test1","target":null,"details":null}}'
    headers:
      api-supported-versions:
      - 2022-11-01, 2023-04-01-preview, 2024-03-01-preview, 2024-05-01-preview, 2024-07-01-preview,
        2024-12-01-preview, 2025-03-01-preview
      connection:
      - keep-alive
      content-type:
      - application/json
      date:
      - Wed, 30 Apr 2025 13:36:51 GMT
      mise-correlation-id:
      - 2ea9e20b-0bd3-4523-8140-2b6c48d3e014
      strict-transport-security:
      - max-age=31536000; includeSubDomains
      transfer-encoding:
      - chunked
      x-azure-ref:
      - 20250430T133650Z-155d6647456prq4rhC1BOMd0b8000000044g00000000ab0t
      x-cache:
      - CONFIG_NOCACHE
      x-content-type-options:
      - nosniff
      x-ms-error-code:
      - TestNotFound
    status:
      code: 404
      message: Not Found
- request:
    body: '{"displayName": "test1", "kind": null, "keyvaultReferenceIdentityType":
      "SystemAssigned", "metricsReferenceIdentityType": "SystemAssigned", "environmentVariables":
      {}, "secrets": {}, "loadTestConfiguration": {"engineInstances": 1, "regionalLoadTestConfig":
      null, "quickStartTest": false}, "autoStopCriteria": {}, "baselineTestRunId":
      null, "engineBuiltinIdentityType": null, "engineBuiltinIdentityIds": null}'
    headers:
      Accept:
      - application/json
      Accept-Encoding:
      - gzip, deflate
      Connection:
      - keep-alive
      Content-Length:
      - '408'
      Content-Type:
      - application/merge-patch+json
      User-Agent:
      - AZURECLI/2.71.0 azsdk-python-core/1.33.0 Python/3.11.9 (Windows-10-10.0.26100-SP0)
    method: PATCH
    uri: https://33d2cae2-c936-4683-81b9-19e4b526d808.eastus.cnt-prod.loadtesting.azure.com/tests/test1?api-version=2025-03-01-preview
  response:
    body:
      string: '{"autoStopCriteria":{"autoStopDisabled":false,"errorRate":90.0,"errorRateTimeWindowInSeconds":60,"maximumVirtualUsersPerEngine":5000},"loadTestConfiguration":{"engineInstances":1,"splitAllCSVs":false,"quickStartTest":false},"inputArtifacts":{"additionalFileInfo":[]},"kind":"URL","publicIPDisabled":false,"metricsReferenceIdentityType":"SystemAssigned","testId":"test1","displayName":"test1","keyvaultReferenceIdentityType":"SystemAssigned","createdDateTime":"2025-04-30T13:36:51.868Z","createdBy":"harshanb@microsoft.com","lastModifiedDateTime":"2025-04-30T13:36:51.868Z","lastModifiedBy":"harshanb@microsoft.com"}'
    headers:
      api-supported-versions:
      - 2022-11-01, 2023-04-01-preview, 2024-03-01-preview, 2024-05-01-preview, 2024-07-01-preview,
        2024-12-01-preview, 2025-03-01-preview
      connection:
      - keep-alive
      content-length:
      - '615'
      content-type:
      - application/json; charset=utf-8
      date:
      - Wed, 30 Apr 2025 13:36:51 GMT
      location:
      - https://33d2cae2-c936-4683-81b9-19e4b526d808.eastus.cnt-prod.loadtesting.azure.com/tests/test1?api-version=2025-03-01-preview
      mise-correlation-id:
      - f47b4ef1-031d-4498-bcbf-c72517c08d11
      strict-transport-security:
      - max-age=31536000; includeSubDomains
      x-azure-ref:
      - 20250430T133651Z-r1b8575b5cbfp9thhC1BOM069w000000055000000000a32f
      x-cache:
      - CONFIG_NOCACHE
      x-content-type-options:
      - nosniff
    status:
      code: 201
      message: Created
- request:
    body: null
    headers:
      Accept:
      - application/json
      Accept-Encoding:
      - gzip, deflate
      Connection:
      - keep-alive
      User-Agent:
      - AZURECLI/2.71.0 azsdk-python-core/1.33.0 Python/3.11.9 (Windows-10-10.0.26100-SP0)
    method: GET
    uri: https://33d2cae2-c936-4683-81b9-19e4b526d808.eastus.cnt-prod.loadtesting.azure.com/tests/test1/files?api-version=2025-03-01-preview
  response:
    body:
      string: '{"value":[]}'
    headers:
      accept-ranges:
      - bytes
      api-supported-versions:
      - 2022-11-01, 2023-04-01-preview, 2024-03-01-preview, 2024-05-01-preview, 2024-07-01-preview,
        2024-12-01-preview, 2025-03-01-preview
      connection:
      - keep-alive
      content-length:
      - '12'
      content-type:
      - application/json; charset=utf-8
      date:
      - Wed, 30 Apr 2025 13:36:52 GMT
      mise-correlation-id:
      - c21da4b5-3c19-45f5-8792-4189c812d057
      strict-transport-security:
      - max-age=31536000; includeSubDomains
      x-azure-ref:
      - 20250430T133652Z-155d6647456wc8fjhC1BOMmg3s00000003qg000000001edq
      x-cache:
      - CONFIG_NOCACHE
      x-content-type-options:
      - nosniff
    status:
      code: 200
      message: OK
- request:
    body: null
    headers:
      Accept:
      - application/json
      Accept-Encoding:
      - gzip, deflate
      Connection:
      - keep-alive
      User-Agent:
      - AZURECLI/2.71.0 azsdk-python-core/1.33.0 Python/3.11.9 (Windows-10-10.0.26100-SP0)
    method: GET
    uri: https://33d2cae2-c936-4683-81b9-19e4b526d808.eastus.cnt-prod.loadtesting.azure.com/tests/test1?api-version=2025-03-01-preview
  response:
    body:
      string: '{"autoStopCriteria":{"autoStopDisabled":false,"errorRate":90.0,"errorRateTimeWindowInSeconds":60,"maximumVirtualUsersPerEngine":5000},"loadTestConfiguration":{"engineInstances":1,"splitAllCSVs":false,"quickStartTest":false},"inputArtifacts":{"additionalFileInfo":[]},"kind":"URL","publicIPDisabled":false,"metricsReferenceIdentityType":"SystemAssigned","testId":"test1","displayName":"test1","keyvaultReferenceIdentityType":"SystemAssigned","createdDateTime":"2025-04-30T13:36:51.868Z","createdBy":"harshanb@microsoft.com","lastModifiedDateTime":"2025-04-30T13:36:51.868Z","lastModifiedBy":"harshanb@microsoft.com"}'
    headers:
      accept-ranges:
      - bytes
      api-supported-versions:
      - 2022-11-01, 2023-04-01-preview, 2024-03-01-preview, 2024-05-01-preview, 2024-07-01-preview,
        2024-12-01-preview, 2025-03-01-preview
      connection:
      - keep-alive
      content-length:
      - '615'
      content-type:
      - application/json; charset=utf-8
      date:
      - Wed, 30 Apr 2025 13:36:53 GMT
      mise-correlation-id:
      - 7db3630f-6c84-4608-a7fc-3ecdc9dfb00d
      strict-transport-security:
      - max-age=31536000; includeSubDomains
      x-azure-ref:
      - 20250430T133652Z-155d6647456tjtxnhC1BOMrzun000000041000000000mtmz
      x-cache:
      - CONFIG_NOCACHE
      x-content-type-options:
      - nosniff
    status:
      code: 200
      message: OK
- request:
    body: null
    headers:
      Accept:
      - application/json
      Accept-Encoding:
      - gzip, deflate
      Connection:
      - keep-alive
      User-Agent:
      - azsdk-python-mgmt-loadtesting/1.0.0 Python/3.11.9 (Windows-10-10.0.26100-SP0)
    method: GET
    uri: https://management.azure.com/subscriptions/00000000-0000-0000-0000-000000000000/resourceGroups/clitest-notification-000001/providers/Microsoft.LoadTestService/loadTests/clitest-notification-000002?api-version=2022-12-01
  response:
    body:
      string: '{"id":"/subscriptions/00000000-0000-0000-0000-000000000000/resourceGroups/clitest-notification-000001/providers/Microsoft.LoadTestService/loadTests/clitest-notification-000002","name":"clitest-notification-000002","type":"microsoft.loadtestservice/loadtests","location":"eastus","systemData":{"createdBy":"harshanb@microsoft.com","createdByType":"User","createdAt":"2025-04-30T13:36:11.7063127Z","lastModifiedBy":"harshanb@microsoft.com","lastModifiedByType":"User","lastModifiedAt":"2025-04-30T13:36:11.7063127Z"},"identity":{"type":"None"},"properties":{"dataPlaneURI":"33d2cae2-c936-4683-81b9-19e4b526d808.eastus.cnt-prod.loadtesting.azure.com","provisioningState":"Succeeded"}}'
    headers:
      cache-control:
      - no-cache
      content-length:
      - '681'
      content-type:
      - application/json; charset=utf-8
      date:
      - Wed, 30 Apr 2025 13:36:53 GMT
      etag:
      - '"5401f031-0000-0200-0000-681227610000"'
      expires:
      - '-1'
      pragma:
      - no-cache
      strict-transport-security:
      - max-age=31536000; includeSubDomains
      x-cache:
      - CONFIG_NOCACHE
      x-content-type-options:
      - nosniff
      x-ms-providerhub-traffic:
      - 'True'
      x-ms-ratelimit-remaining-subscription-global-reads:
      - '16499'
      x-msedge-ref:
      - 'Ref A: 8901DF822BCC4E1DACEA48BFD9AAC899 Ref B: MAA201060514033 Ref C: 2025-04-30T13:36:53Z'
    status:
      code: 200
      message: OK
- request:
    body: null
    headers:
      Accept:
      - application/json
      Accept-Encoding:
      - gzip, deflate
      Connection:
      - keep-alive
      User-Agent:
      - AZURECLI/2.71.0 azsdk-python-core/1.33.0 Python/3.11.9 (Windows-10-10.0.26100-SP0)
    method: GET
    uri: https://33d2cae2-c936-4683-81b9-19e4b526d808.eastus.cnt-prod.loadtesting.azure.com/notification-rules/nri-update-invalid-test?api-version=2025-03-01-preview
  response:
    body:
      string: '{"error":{"code":"NotificationRuleNotFound","message":"Notification
        rule with Id: ''nri-update-invalid-test'' not found.","target":null,"details":null}}'
    headers:
      api-supported-versions:
      - 2024-12-01-preview, 2025-03-01-preview
      connection:
      - keep-alive
      content-type:
      - application/json
      date:
      - Wed, 30 Apr 2025 13:36:54 GMT
      mise-correlation-id:
      - 2a70a33f-7e3e-4403-8fd4-57dbe4f93b56
      strict-transport-security:
      - max-age=31536000; includeSubDomains
      transfer-encoding:
      - chunked
      x-azure-ref:
      - 20250430T133654Z-r1b8575b5cbxrm8jhC1BOMtnd400000004ng000000008uzk
      x-cache:
      - CONFIG_NOCACHE
      x-content-type-options:
      - nosniff
      x-ms-error-code:
      - NotificationRuleNotFound
    status:
      code: 404
      message: Not Found
- request:
    body: '{"scope": "Tests", "actionGroupIds": ["/subscriptions/7C71B563-0DC0-4BC0-BCF6-06F8F0516C7A/resourceGroups/clitest-notification-xsg577njg/providers/microsoft.insights/actionGroups/clitest-notification-s4j2tnv4s"],
      "eventFilters": {"event1": {"kind": "TestRunEnded", "condition": {"testRunResults":
      ["FAILED"], "testRunStatuses": ["DONE"]}}}, "testIds": ["test1"]}'
    headers:
      Accept:
      - application/json
      Accept-Encoding:
      - gzip, deflate
      Connection:
      - keep-alive
      Content-Length:
      - '362'
      Content-Type:
      - application/merge-patch+json
      User-Agent:
      - AZURECLI/2.71.0 azsdk-python-core/1.33.0 Python/3.11.9 (Windows-10-10.0.26100-SP0)
    method: PATCH
    uri: https://33d2cae2-c936-4683-81b9-19e4b526d808.eastus.cnt-prod.loadtesting.azure.com/notification-rules/nri-update-invalid-test?api-version=2025-03-01-preview
  response:
    body:
      string: '{"scope":"Tests","testIds":["test1"],"eventFilters":{"event1":{"kind":"TestRunEnded","condition":{"testRunStatuses":["DONE"],"testRunResults":["FAILED"]}}},"notificationRuleId":"nri-update-invalid-test","displayName":"nri-update-invalid-test","actionGroupIds":["/subscriptions/00000000-0000-0000-0000-000000000000/resourceGroups/clitest-notification-000001/providers/microsoft.insights/actionGroups/clitest-notification-000003"],"createdDateTime":"2025-04-30T13:36:56.158Z","createdBy":"harshanb@microsoft.com","lastModifiedDateTime":"2025-04-30T13:36:56.158Z","lastModifiedBy":"harshanb@microsoft.com"}'
    headers:
      api-supported-versions:
      - 2024-12-01-preview, 2025-03-01-preview
      connection:
      - keep-alive
      content-length:
      - '603'
      content-type:
      - application/json; charset=utf-8
      date:
      - Wed, 30 Apr 2025 13:36:56 GMT
      location:
      - https://33d2cae2-c936-4683-81b9-19e4b526d808.eastus.cnt-prod.loadtesting.azure.com/notification-rules/nri-update-invalid-test?api-version=2025-03-01-preview
      mise-correlation-id:
      - d6b98ab5-4892-4d20-85a2-06b8c765f8c3
      strict-transport-security:
      - max-age=31536000; includeSubDomains
      x-azure-ref:
      - 20250430T133654Z-r1b8575b5cbkztq2hC1BOM2vxc000000045g0000000053qr
      x-cache:
      - CONFIG_NOCACHE
      x-content-type-options:
      - nosniff
    status:
      code: 201
      message: Created
- request:
    body: null
    headers:
      Accept:
      - application/json
      Accept-Encoding:
      - gzip, deflate
      Connection:
      - keep-alive
      User-Agent:
      - azsdk-python-mgmt-loadtesting/1.0.0 Python/3.11.9 (Windows-10-10.0.26100-SP0)
    method: GET
    uri: https://management.azure.com/subscriptions/00000000-0000-0000-0000-000000000000/resourceGroups/clitest-notification-000001/providers/Microsoft.LoadTestService/loadTests/clitest-notification-000002?api-version=2022-12-01
  response:
    body:
      string: '{"id":"/subscriptions/00000000-0000-0000-0000-000000000000/resourceGroups/clitest-notification-000001/providers/Microsoft.LoadTestService/loadTests/clitest-notification-000002","name":"clitest-notification-000002","type":"microsoft.loadtestservice/loadtests","location":"eastus","systemData":{"createdBy":"harshanb@microsoft.com","createdByType":"User","createdAt":"2025-04-30T13:36:11.7063127Z","lastModifiedBy":"harshanb@microsoft.com","lastModifiedByType":"User","lastModifiedAt":"2025-04-30T13:36:11.7063127Z"},"identity":{"type":"None"},"properties":{"dataPlaneURI":"33d2cae2-c936-4683-81b9-19e4b526d808.eastus.cnt-prod.loadtesting.azure.com","provisioningState":"Succeeded"}}'
    headers:
      cache-control:
      - no-cache
      content-length:
      - '681'
      content-type:
      - application/json; charset=utf-8
      date:
      - Wed, 30 Apr 2025 13:36:56 GMT
      etag:
      - '"5401f031-0000-0200-0000-681227610000"'
      expires:
      - '-1'
      pragma:
      - no-cache
      strict-transport-security:
      - max-age=31536000; includeSubDomains
      x-cache:
      - CONFIG_NOCACHE
      x-content-type-options:
      - nosniff
      x-ms-providerhub-traffic:
      - 'True'
      x-ms-ratelimit-remaining-subscription-global-reads:
      - '16499'
      x-msedge-ref:
      - 'Ref A: 0D56A003EC0F4FFCAC80CFF58D5BDCCD Ref B: MAA201060515037 Ref C: 2025-04-30T13:36:56Z'
    status:
      code: 200
      message: OK
- request:
    body: null
    headers:
      Accept:
      - application/json
      Accept-Encoding:
      - gzip, deflate
      Connection:
      - keep-alive
      User-Agent:
      - AZURECLI/2.71.0 azsdk-python-core/1.33.0 Python/3.11.9 (Windows-10-10.0.26100-SP0)
    method: GET
    uri: https://33d2cae2-c936-4683-81b9-19e4b526d808.eastus.cnt-prod.loadtesting.azure.com/notification-rules/nri-update-invalid-test?api-version=2025-03-01-preview
  response:
    body:
      string: '{"scope":"Tests","testIds":["test1"],"eventFilters":{"event1":{"kind":"TestRunEnded","condition":{"testRunStatuses":["DONE"],"testRunResults":["FAILED"]}}},"notificationRuleId":"nri-update-invalid-test","displayName":"nri-update-invalid-test","actionGroupIds":["/subscriptions/00000000-0000-0000-0000-000000000000/resourceGroups/clitest-notification-000001/providers/microsoft.insights/actionGroups/clitest-notification-000003"],"createdDateTime":"2025-04-30T13:36:56.158Z","createdBy":"harshanb@microsoft.com","lastModifiedDateTime":"2025-04-30T13:36:56.158Z","lastModifiedBy":"harshanb@microsoft.com"}'
    headers:
      accept-ranges:
      - bytes
      api-supported-versions:
      - 2024-12-01-preview, 2025-03-01-preview
      connection:
      - keep-alive
      content-length:
      - '603'
      content-type:
      - application/json; charset=utf-8
      date:
      - Wed, 30 Apr 2025 13:36:58 GMT
      mise-correlation-id:
      - 0d361d99-556c-4272-a970-95c4e47375ca
      strict-transport-security:
      - max-age=31536000; includeSubDomains
      x-azure-ref:
      - 20250430T133657Z-r1b8575b5cb525cnhC1BOM2f1000000001f00000000020qe
      x-cache:
      - CONFIG_NOCACHE
      x-content-type-options:
      - nosniff
    status:
      code: 200
      message: OK
- request:
    body: null
    headers:
      Accept:
      - application/json
      Accept-Encoding:
      - gzip, deflate
      Connection:
      - keep-alive
      User-Agent:
      - azsdk-python-mgmt-loadtesting/1.0.0 Python/3.11.9 (Windows-10-10.0.26100-SP0)
    method: GET
    uri: https://management.azure.com/subscriptions/00000000-0000-0000-0000-000000000000/resourceGroups/clitest-notification-000001/providers/Microsoft.LoadTestService/loadTests/clitest-notification-000002?api-version=2022-12-01
  response:
    body:
      string: '{"id":"/subscriptions/00000000-0000-0000-0000-000000000000/resourceGroups/clitest-notification-000001/providers/Microsoft.LoadTestService/loadTests/clitest-notification-000002","name":"clitest-notification-000002","type":"microsoft.loadtestservice/loadtests","location":"eastus","systemData":{"createdBy":"harshanb@microsoft.com","createdByType":"User","createdAt":"2025-04-30T13:36:11.7063127Z","lastModifiedBy":"harshanb@microsoft.com","lastModifiedByType":"User","lastModifiedAt":"2025-04-30T13:36:11.7063127Z"},"identity":{"type":"None"},"properties":{"dataPlaneURI":"33d2cae2-c936-4683-81b9-19e4b526d808.eastus.cnt-prod.loadtesting.azure.com","provisioningState":"Succeeded"}}'
    headers:
      cache-control:
      - no-cache
      content-length:
      - '681'
      content-type:
      - application/json; charset=utf-8
      date:
      - Wed, 30 Apr 2025 13:36:59 GMT
      etag:
      - '"5401f031-0000-0200-0000-681227610000"'
      expires:
      - '-1'
      pragma:
      - no-cache
      strict-transport-security:
      - max-age=31536000; includeSubDomains
      x-cache:
      - CONFIG_NOCACHE
      x-content-type-options:
      - nosniff
      x-ms-providerhub-traffic:
      - 'True'
      x-ms-ratelimit-remaining-subscription-global-reads:
      - '16499'
      x-msedge-ref:
      - 'Ref A: 42A7ABDD5BEB4BAFB3BA7E74F9EC3889 Ref B: MAA201060513045 Ref C: 2025-04-30T13:36:59Z'
    status:
      code: 200
      message: OK
- request:
    body: null
    headers:
      Accept:
      - application/json
      Accept-Encoding:
      - gzip, deflate
      Connection:
      - keep-alive
      User-Agent:
      - AZURECLI/2.71.0 azsdk-python-core/1.33.0 Python/3.11.9 (Windows-10-10.0.26100-SP0)
    method: GET
    uri: https://33d2cae2-c936-4683-81b9-19e4b526d808.eastus.cnt-prod.loadtesting.azure.com/notification-rules/nri-update-invalid-test?api-version=2025-03-01-preview
  response:
    body:
      string: '{"scope":"Tests","testIds":["test1"],"eventFilters":{"event1":{"kind":"TestRunEnded","condition":{"testRunStatuses":["DONE"],"testRunResults":["FAILED"]}}},"notificationRuleId":"nri-update-invalid-test","displayName":"nri-update-invalid-test","actionGroupIds":["/subscriptions/00000000-0000-0000-0000-000000000000/resourceGroups/clitest-notification-000001/providers/microsoft.insights/actionGroups/clitest-notification-000003"],"createdDateTime":"2025-04-30T13:36:56.158Z","createdBy":"harshanb@microsoft.com","lastModifiedDateTime":"2025-04-30T13:36:56.158Z","lastModifiedBy":"harshanb@microsoft.com"}'
    headers:
      accept-ranges:
      - bytes
      api-supported-versions:
      - 2024-12-01-preview, 2025-03-01-preview
      connection:
      - keep-alive
      content-length:
      - '603'
      content-type:
      - application/json; charset=utf-8
      date:
      - Wed, 30 Apr 2025 13:37:01 GMT
      mise-correlation-id:
      - d6310957-78cb-41fe-baf2-7a3205054a4f
      strict-transport-security:
      - max-age=31536000; includeSubDomains
      x-azure-ref:
      - 20250430T133700Z-r1b8575b5cbpns6nhC1BOMv1as00000001cg000000000c0r
      x-cache:
      - CONFIG_NOCACHE
      x-content-type-options:
      - nosniff
    status:
      code: 200
      message: OK
version: 1
