interactions:
- request:
    body: null
    headers:
      Accept:
      - application/json
      Accept-Encoding:
      - gzip, deflate
      Connection:
      - keep-alive
      User-Agent:
      - azsdk-python-mgmt-loadtesting/1.0.0 Python/3.11.9 (Windows-10-10.0.26100-SP0)
    method: GET
    uri: https://management.azure.com/subscriptions/00000000-0000-0000-0000-000000000000/resourceGroups/clitest-app-000001/providers/Microsoft.LoadTestService/loadTests/clitest-app-000002?api-version=2022-12-01
  response:
    body:
      string: '{"id":"/subscriptions/00000000-0000-0000-0000-000000000000/resourceGroups/clitest-app-000001/providers/Microsoft.LoadTestService/loadTests/clitest-app-000002","name":"clitest-app-000002","type":"microsoft.loadtestservice/loadtests","location":"eastus","systemData":{"createdBy":"harshanb@microsoft.com","createdByType":"User","createdAt":"2025-04-30T13:34:51.0491392Z","lastModifiedBy":"harshanb@microsoft.com","lastModifiedByType":"User","lastModifiedAt":"2025-04-30T13:34:51.0491392Z"},"identity":{"type":"None"},"properties":{"dataPlaneURI":"8c5246e5-69db-46ae-b42f-d8e5863798b6.eastus.cnt-prod.loadtesting.azure.com","provisioningState":"Succeeded"}}'
    headers:
      cache-control:
      - no-cache
      content-length:
      - '654'
      content-type:
      - application/json; charset=utf-8
      date:
      - Wed, 30 Apr 2025 13:35:26 GMT
      etag:
      - '"5401992c-0000-0200-0000-681227100000"'
      expires:
      - '-1'
      pragma:
      - no-cache
      strict-transport-security:
      - max-age=31536000; includeSubDomains
      x-cache:
      - CONFIG_NOCACHE
      x-content-type-options:
      - nosniff
      x-ms-providerhub-traffic:
      - 'True'
      x-ms-ratelimit-remaining-subscription-global-reads:
      - '16499'
      x-msedge-ref:
      - 'Ref A: 88BEE2AAC3DA42D996D2C2CB89B9388D Ref B: MAA201060514027 Ref C: 2025-04-30T13:35:25Z'
    status:
      code: 200
      message: OK
- request:
    body: null
    headers:
      Accept:
      - application/json
      Accept-Encoding:
      - gzip, deflate
      Connection:
      - keep-alive
      User-Agent:
      - AZURECLI/2.71.0 azsdk-python-core/1.33.0 Python/3.11.9 (Windows-10-10.0.26100-SP0)
    method: GET
    uri: https://8c5246e5-69db-46ae-b42f-d8e5863798b6.eastus.cnt-prod.loadtesting.azure.com/tests/loadtest-locust-case?api-version=2025-03-01-preview
  response:
    body:
      string: '{"error":{"code":"TestNotFound","message":"Test couldn''t find with
        given identifier loadtest-locust-case","target":null,"details":null}}'
    headers:
      api-supported-versions:
      - 2022-11-01, 2023-04-01-preview, 2024-03-01-preview, 2024-05-01-preview, 2024-07-01-preview,
        2024-12-01-preview, 2025-03-01-preview
      connection:
      - keep-alive
      content-type:
      - application/json
      date:
      - Wed, 30 Apr 2025 13:35:27 GMT
      mise-correlation-id:
      - 1dee8bb7-a92c-44e0-b0ef-2b994f34247e
      strict-transport-security:
      - max-age=31536000; includeSubDomains
      transfer-encoding:
      - chunked
      x-azure-ref:
      - 20250430T133526Z-r1b8575b5cbsxt98hC1BOMucx400000004pg000000006cs3
      x-cache:
      - CONFIG_NOCACHE
      x-content-type-options:
      - nosniff
      x-ms-error-code:
      - TestNotFound
    status:
      code: 404
      message: Not Found
- request:
    body: '{"displayName": "E2E test for app components", "kind": "JMX", "description":
      "E2E for the build pipeline (JMX)", "keyvaultReferenceIdentityType": "SystemAssigned",
      "metricsReferenceIdentityType": "SystemAssigned", "publicIPDisabled": false,
      "environmentVariables": {}, "secrets": {}, "certificate": null, "loadTestConfiguration":
      {"engineInstances": 1, "regionalLoadTestConfig": null, "quickStartTest": false},
      "autoStopCriteria": {"autoStopDisabled": false, "errorRate": 10, "errorRateTimeWindowInSeconds":
      20}, "engineBuiltinIdentityType": null, "engineBuiltinIdentityIds": null}'
    headers:
      Accept:
      - application/json
      Accept-Encoding:
      - gzip, deflate
      Connection:
      - keep-alive
      Content-Length:
      - '581'
      Content-Type:
      - application/merge-patch+json
      User-Agent:
      - AZURECLI/2.71.0 azsdk-python-core/1.33.0 Python/3.11.9 (Windows-10-10.0.26100-SP0)
    method: PATCH
    uri: https://8c5246e5-69db-46ae-b42f-d8e5863798b6.eastus.cnt-prod.loadtesting.azure.com/tests/loadtest-locust-case?api-version=2025-03-01-preview
  response:
    body:
      string: '{"autoStopCriteria":{"autoStopDisabled":false,"errorRate":10.0,"errorRateTimeWindowInSeconds":20,"maximumVirtualUsersPerEngine":5000},"loadTestConfiguration":{"engineInstances":1,"splitAllCSVs":false,"quickStartTest":false},"inputArtifacts":{"additionalFileInfo":[]},"kind":"JMX","publicIPDisabled":false,"metricsReferenceIdentityType":"SystemAssigned","testId":"loadtest-locust-case","description":"E2E
        for the build pipeline (JMX)","displayName":"E2E test for app components","keyvaultReferenceIdentityType":"SystemAssigned","createdDateTime":"2025-04-30T13:35:27.781Z","createdBy":"harshanb@microsoft.com","lastModifiedDateTime":"2025-04-30T13:35:27.781Z","lastModifiedBy":"harshanb@microsoft.com"}'
    headers:
      api-supported-versions:
      - 2022-11-01, 2023-04-01-preview, 2024-03-01-preview, 2024-05-01-preview, 2024-07-01-preview,
        2024-12-01-preview, 2025-03-01-preview
      connection:
      - keep-alive
      content-length:
      - '701'
      content-type:
      - application/json; charset=utf-8
      date:
      - Wed, 30 Apr 2025 13:35:27 GMT
      location:
      - https://8c5246e5-69db-46ae-b42f-d8e5863798b6.eastus.cnt-prod.loadtesting.azure.com/tests/loadtest-locust-case?api-version=2025-03-01-preview
      mise-correlation-id:
      - 0e6b1f66-783b-4a3a-8af6-f5dab7819ad4
      strict-transport-security:
      - max-age=31536000; includeSubDomains
      x-azure-ref:
      - 20250430T133527Z-r1b8575b5cbf2qslhC1BOMug8g000000044g000000006fqv
      x-cache:
      - CONFIG_NOCACHE
      x-content-type-options:
      - nosniff
    status:
      code: 201
      message: Created
- request:
    body: null
    headers:
      Accept:
      - application/json
      Accept-Encoding:
      - gzip, deflate
      Connection:
      - keep-alive
      User-Agent:
      - AZURECLI/2.71.0 azsdk-python-core/1.33.0 Python/3.11.9 (Windows-10-10.0.26100-SP0)
    method: GET
    uri: https://8c5246e5-69db-46ae-b42f-d8e5863798b6.eastus.cnt-prod.loadtesting.azure.com/tests/loadtest-locust-case/files?api-version=2025-03-01-preview
  response:
    body:
      string: '{"value":[]}'
    headers:
      accept-ranges:
      - bytes
      api-supported-versions:
      - 2022-11-01, 2023-04-01-preview, 2024-03-01-preview, 2024-05-01-preview, 2024-07-01-preview,
        2024-12-01-preview, 2025-03-01-preview
      connection:
      - keep-alive
      content-length:
      - '12'
      content-type:
      - application/json; charset=utf-8
      date:
      - Wed, 30 Apr 2025 13:35:28 GMT
      mise-correlation-id:
      - 70bce083-1583-4e90-ac12-85dea5661b1d
      strict-transport-security:
      - max-age=31536000; includeSubDomains
      x-azure-ref:
      - 20250430T133527Z-r1b8575b5cbtvx42hC1BOMyay800000004t0000000001t42
      x-cache:
      - CONFIG_NOCACHE
      x-content-type-options:
      - nosniff
    status:
      code: 200
      message: OK
- request:
    body: '{"testId": "loadtest-locust-case", "components": {"/subscriptions/00000000-0000-0000-0000-000000000000/resourcegroups/sample-rg/providers/Microsoft.Web/serverfarms/sample-app-comp1":
      {"resourceId": "/subscriptions/00000000-0000-0000-0000-000000000000/resourcegroups/sample-rg/providers/Microsoft.Web/serverfarms/sample-app-comp1",
      "resourceName": "sample-app-comp1", "resourceType": "Microsoft.Web/serverfarms",
      "kind": "app"}, "/subscriptions/00000000-0000-0000-0000-000000000000/resourcegroups/sample-rg/providers/Microsoft.Web/serverfarms/sample-app-comp2":
      {"resourceId": "/subscriptions/00000000-0000-0000-0000-000000000000/resourcegroups/sample-rg/providers/Microsoft.Web/serverfarms/sample-app-comp2",
      "resourceName": "sample-app-comp2", "resourceType": "Microsoft.Web/serverfarms"}}}'
    headers:
      Accept:
      - application/json
      Accept-Encoding:
      - gzip, deflate
      Connection:
      - keep-alive
      Content-Length:
      - '791'
      User-Agent:
      - AZURECLI/2.71.0 azsdk-python-core/1.33.0 Python/3.11.9 (Windows-10-10.0.26100-SP0)
      content-type:
      - application/merge-patch+json
    method: PATCH
    uri: https://8c5246e5-69db-46ae-b42f-d8e5863798b6.eastus.cnt-prod.loadtesting.azure.com/tests/loadtest-locust-case/app-components?api-version=2025-03-01-preview
  response:
    body:
      string: '{"components":{"/subscriptions/00000000-0000-0000-0000-000000000000/resourcegroups/sample-rg/providers/Microsoft.Web/serverfarms/sample-app-comp1":{"resourceId":"/subscriptions/00000000-0000-0000-0000-000000000000/resourcegroups/sample-rg/providers/Microsoft.Web/serverfarms/sample-app-comp1","resourceName":"sample-app-comp1","resourceType":"Microsoft.Web/serverfarms","resourceGroup":"sample-rg","subscriptionId":"00000000-0000-0000-0000-000000000000","kind":"app"},"/subscriptions/00000000-0000-0000-0000-000000000000/resourcegroups/sample-rg/providers/Microsoft.Web/serverfarms/sample-app-comp2":{"resourceId":"/subscriptions/00000000-0000-0000-0000-000000000000/resourcegroups/sample-rg/providers/Microsoft.Web/serverfarms/sample-app-comp2","resourceName":"sample-app-comp2","resourceType":"Microsoft.Web/serverfarms","resourceGroup":"sample-rg","subscriptionId":"00000000-0000-0000-0000-000000000000"}},"testId":"loadtest-locust-case","createdDateTime":"2025-04-30T13:35:29.067Z","createdBy":"harshanb@microsoft.com","lastModifiedDateTime":"2025-04-30T13:35:29.067Z","lastModifiedBy":"harshanb@microsoft.com"}'
    headers:
      api-supported-versions:
      - 2022-11-01, 2023-04-01-preview, 2024-03-01-preview, 2024-05-01-preview, 2024-07-01-preview,
        2024-12-01-preview, 2025-03-01-preview
      connection:
      - keep-alive
      content-length:
      - '1115'
      content-type:
      - application/json; charset=utf-8
      date:
      - Wed, 30 Apr 2025 13:35:29 GMT
      location:
      - https://8c5246e5-69db-46ae-b42f-d8e5863798b6.eastus.cnt-prod.loadtesting.azure.com/tests/loadtest-locust-case/app-components?api-version=2025-03-01-preview
      mise-correlation-id:
      - 3fc70e76-c7fc-428c-a952-e7632f0116db
      strict-transport-security:
      - max-age=31536000; includeSubDomains
      x-azure-ref:
      - 20250430T133528Z-r1b8575b5cb2sdt6hC1BOM3e2g000000048g0000000013c1
      x-cache:
      - CONFIG_NOCACHE
      x-content-type-options:
      - nosniff
    status:
      code: 201
      message: Created
- request:
    body: null
    headers:
      Accept:
      - application/json
      Accept-Encoding:
      - gzip, deflate
      Connection:
      - keep-alive
      User-Agent:
      - AZURECLI/2.71.0 azsdk-python-core/1.33.0 Python/3.11.9 (Windows-10-10.0.26100-SP0)
    method: GET
    uri: https://8c5246e5-69db-46ae-b42f-d8e5863798b6.eastus.cnt-prod.loadtesting.azure.com/tests/loadtest-locust-case/server-metrics-config?api-version=2025-03-01-preview
  response:
    body:
      string: '{"testId":"loadtest-locust-case","metrics":{"/subscriptions/00000000-0000-0000-0000-000000000000/resourcegroups/sample-rg/providers/Microsoft.Web/serverfarms/sample-app-comp1/providers/microsoft.insights/metricdefinitions/CpuPercentage":{"id":"/subscriptions/00000000-0000-0000-0000-000000000000/resourcegroups/sample-rg/providers/Microsoft.Web/serverfarms/sample-app-comp1/providers/microsoft.insights/metricdefinitions/CpuPercentage","resourceId":"/subscriptions/00000000-0000-0000-0000-000000000000/resourcegroups/sample-rg/providers/Microsoft.Web/serverfarms/sample-app-comp1","metricNamespace":"microsoft.web/serverfarms","name":"CpuPercentage","aggregation":"Average","resourceType":"microsoft.web/serverfarms"},"/subscriptions/00000000-0000-0000-0000-000000000000/resourcegroups/sample-rg/providers/Microsoft.Web/serverfarms/sample-app-comp2/providers/microsoft.insights/metricdefinitions/CpuPercentage":{"id":"/subscriptions/00000000-0000-0000-0000-000000000000/resourcegroups/sample-rg/providers/Microsoft.Web/serverfarms/sample-app-comp2/providers/microsoft.insights/metricdefinitions/CpuPercentage","resourceId":"/subscriptions/00000000-0000-0000-0000-000000000000/resourcegroups/sample-rg/providers/Microsoft.Web/serverfarms/sample-app-comp2","metricNamespace":"microsoft.web/serverfarms","name":"CpuPercentage","aggregation":"Average","resourceType":"microsoft.web/serverfarms"},"/subscriptions/00000000-0000-0000-0000-000000000000/resourcegroups/sample-rg/providers/Microsoft.Web/serverfarms/sample-app-comp1/providers/microsoft.insights/metricdefinitions/MemoryPercentage":{"id":"/subscriptions/00000000-0000-0000-0000-000000000000/resourcegroups/sample-rg/providers/Microsoft.Web/serverfarms/sample-app-comp1/providers/microsoft.insights/metricdefinitions/MemoryPercentage","resourceId":"/subscriptions/00000000-0000-0000-0000-000000000000/resourcegroups/sample-rg/providers/Microsoft.Web/serverfarms/sample-app-comp1","metricNamespace":"microsoft.web/serverfarms","name":"MemoryPercentage","aggregation":"Average","resourceType":"microsoft.web/serverfarms"},"/subscriptions/00000000-0000-0000-0000-000000000000/resourcegroups/sample-rg/providers/Microsoft.Web/serverfarms/sample-app-comp2/providers/microsoft.insights/metricdefinitions/MemoryPercentage":{"id":"/subscriptions/00000000-0000-0000-0000-000000000000/resourcegroups/sample-rg/providers/Microsoft.Web/serverfarms/sample-app-comp2/providers/microsoft.insights/metricdefinitions/MemoryPercentage","resourceId":"/subscriptions/00000000-0000-0000-0000-000000000000/resourcegroups/sample-rg/providers/Microsoft.Web/serverfarms/sample-app-comp2","metricNamespace":"microsoft.web/serverfarms","name":"MemoryPercentage","aggregation":"Average","resourceType":"microsoft.web/serverfarms"}},"createdDateTime":"2025-04-30T13:35:29.096Z","createdBy":"harshanb@microsoft.com","lastModifiedDateTime":"2025-04-30T13:35:29.096Z","lastModifiedBy":"harshanb@microsoft.com"}'
    headers:
      accept-ranges:
      - bytes
      api-supported-versions:
      - 2022-11-01, 2023-04-01-preview, 2024-03-01-preview, 2024-05-01-preview, 2024-07-01-preview,
        2024-12-01-preview, 2025-03-01-preview
      connection:
      - keep-alive
      content-length:
      - '2933'
      content-type:
      - application/json; charset=utf-8
      date:
      - Wed, 30 Apr 2025 13:35:29 GMT
      mise-correlation-id:
      - 586923e6-bb5c-4d69-824d-c891662ca12b
      strict-transport-security:
      - max-age=31536000; includeSubDomains
      x-azure-ref:
      - 20250430T133529Z-155d6647456znq9chC1BOMq5z800000003ng0000000071fc
      x-cache:
      - CONFIG_NOCACHE
      x-content-type-options:
      - nosniff
    status:
      code: 200
      message: OK
- request:
    body: '{"testId": "loadtest-locust-case", "metrics": {"/subscriptions/00000000-0000-0000-0000-000000000000/resourcegroups/sample-rg/providers/Microsoft.Web/serverfarms/sample-app-comp1/providers/microsoft.insights/metricdefinitions/CpuPercentage":
      {"resourceId": "/subscriptions/00000000-0000-0000-0000-000000000000/resourcegroups/sample-rg/providers/Microsoft.Web/serverfarms/sample-app-comp1",
      "metricNamespace": "microsoft.web/serverfarms", "name": "CpuPercentage", "aggregation":
      "Average", "resourceType": "microsoft.web/serverfarms"}, "/subscriptions/00000000-0000-0000-0000-000000000000/resourcegroups/sample-rg/providers/Microsoft.Web/serverfarms/sample-app-comp2/providers/microsoft.insights/metricdefinitions/CpuPercentage":
      {"resourceId": "/subscriptions/00000000-0000-0000-0000-000000000000/resourcegroups/sample-rg/providers/Microsoft.Web/serverfarms/sample-app-comp2",
      "metricNamespace": "microsoft.web/serverfarms", "name": "CpuPercentage", "aggregation":
      "Average", "resourceType": "microsoft.web/serverfarms"}, "/subscriptions/00000000-0000-0000-0000-000000000000/resourcegroups/sample-rg/providers/Microsoft.Web/serverfarms/sample-app-comp1/providers/microsoft.insights/metricdefinitions/MemoryPercentage":
      {"resourceId": "/subscriptions/00000000-0000-0000-0000-000000000000/resourcegroups/sample-rg/providers/Microsoft.Web/serverfarms/sample-app-comp1",
      "metricNamespace": "microsoft.web/serverfarms", "name": "MemoryPercentage",
      "aggregation": "Average", "resourceType": "microsoft.web/serverfarms"}, "/subscriptions/00000000-0000-0000-0000-000000000000/resourcegroups/sample-rg/providers/Microsoft.Web/serverfarms/sample-app-comp2/providers/microsoft.insights/metricdefinitions/MemoryPercentage":
      {"resourceId": "/subscriptions/00000000-0000-0000-0000-000000000000/resourcegroups/sample-rg/providers/Microsoft.Web/serverfarms/sample-app-comp2",
      "metricNamespace": "microsoft.web/serverfarms", "name": "MemoryPercentage",
      "aggregation": "Average", "resourceType": "microsoft.web/serverfarms"}, "/subscriptions/00000000-0000-0000-0000-000000000000/resourcegroups/sample-rg/providers/Microsoft.Web/serverfarms/sample-app-comp2/microsoft.keyvault/vaults/ServiceApiHit":
      null, "/subscriptions/00000000-0000-0000-0000-000000000000/resourcegroups/sample-rg/providers/Microsoft.Web/serverfarms/sample-app-comp2/Microsoft.Web/serverfarms/ServiceApiLatency":
      null}}'
    headers:
      Accept:
      - application/json
      Accept-Encoding:
      - gzip, deflate
      Connection:
      - keep-alive
      Content-Length:
      - '2369'
      User-Agent:
      - AZURECLI/2.71.0 azsdk-python-core/1.33.0 Python/3.11.9 (Windows-10-10.0.26100-SP0)
      content-type:
      - application/merge-patch+json
    method: PATCH
    uri: https://8c5246e5-69db-46ae-b42f-d8e5863798b6.eastus.cnt-prod.loadtesting.azure.com/tests/loadtest-locust-case/server-metrics-config?api-version=2025-03-01-preview
  response:
    body:
      string: '{"testId":"loadtest-locust-case","metrics":{"/subscriptions/00000000-0000-0000-0000-000000000000/resourcegroups/sample-rg/providers/Microsoft.Web/serverfarms/sample-app-comp1/providers/microsoft.insights/metricdefinitions/CpuPercentage":{"id":"/subscriptions/00000000-0000-0000-0000-000000000000/resourcegroups/sample-rg/providers/Microsoft.Web/serverfarms/sample-app-comp1/providers/microsoft.insights/metricdefinitions/CpuPercentage","resourceId":"/subscriptions/00000000-0000-0000-0000-000000000000/resourcegroups/sample-rg/providers/Microsoft.Web/serverfarms/sample-app-comp1","metricNamespace":"microsoft.web/serverfarms","name":"CpuPercentage","aggregation":"Average","resourceType":"microsoft.web/serverfarms"},"/subscriptions/00000000-0000-0000-0000-000000000000/resourcegroups/sample-rg/providers/Microsoft.Web/serverfarms/sample-app-comp2/providers/microsoft.insights/metricdefinitions/CpuPercentage":{"id":"/subscriptions/00000000-0000-0000-0000-000000000000/resourcegroups/sample-rg/providers/Microsoft.Web/serverfarms/sample-app-comp2/providers/microsoft.insights/metricdefinitions/CpuPercentage","resourceId":"/subscriptions/00000000-0000-0000-0000-000000000000/resourcegroups/sample-rg/providers/Microsoft.Web/serverfarms/sample-app-comp2","metricNamespace":"microsoft.web/serverfarms","name":"CpuPercentage","aggregation":"Average","resourceType":"microsoft.web/serverfarms"},"/subscriptions/00000000-0000-0000-0000-000000000000/resourcegroups/sample-rg/providers/Microsoft.Web/serverfarms/sample-app-comp1/providers/microsoft.insights/metricdefinitions/MemoryPercentage":{"id":"/subscriptions/00000000-0000-0000-0000-000000000000/resourcegroups/sample-rg/providers/Microsoft.Web/serverfarms/sample-app-comp1/providers/microsoft.insights/metricdefinitions/MemoryPercentage","resourceId":"/subscriptions/00000000-0000-0000-0000-000000000000/resourcegroups/sample-rg/providers/Microsoft.Web/serverfarms/sample-app-comp1","metricNamespace":"microsoft.web/serverfarms","name":"MemoryPercentage","aggregation":"Average","resourceType":"microsoft.web/serverfarms"},"/subscriptions/00000000-0000-0000-0000-000000000000/resourcegroups/sample-rg/providers/Microsoft.Web/serverfarms/sample-app-comp2/providers/microsoft.insights/metricdefinitions/MemoryPercentage":{"id":"/subscriptions/00000000-0000-0000-0000-000000000000/resourcegroups/sample-rg/providers/Microsoft.Web/serverfarms/sample-app-comp2/providers/microsoft.insights/metricdefinitions/MemoryPercentage","resourceId":"/subscriptions/00000000-0000-0000-0000-000000000000/resourcegroups/sample-rg/providers/Microsoft.Web/serverfarms/sample-app-comp2","metricNamespace":"microsoft.web/serverfarms","name":"MemoryPercentage","aggregation":"Average","resourceType":"microsoft.web/serverfarms"}},"createdDateTime":"2025-04-30T13:35:29.096Z","createdBy":"harshanb@microsoft.com","lastModifiedDateTime":"2025-04-30T13:35:30.48Z","lastModifiedBy":"harshanb@microsoft.com"}'
    headers:
      accept-ranges:
      - bytes
      api-supported-versions:
      - 2022-11-01, 2023-04-01-preview, 2024-03-01-preview, 2024-05-01-preview, 2024-07-01-preview,
        2024-12-01-preview, 2025-03-01-preview
      connection:
      - keep-alive
      content-length:
      - '2932'
      content-type:
      - application/json; charset=utf-8
      date:
      - Wed, 30 Apr 2025 13:35:30 GMT
      mise-correlation-id:
      - 91620cb6-552d-4d4d-ba77-70fb58763137
      strict-transport-security:
      - max-age=31536000; includeSubDomains
      x-azure-ref:
      - 20250430T133529Z-r1b8575b5cbvwt4xhC1BOM712g000000021g0000000016v2
      x-cache:
      - CONFIG_NOCACHE
      x-content-type-options:
      - nosniff
    status:
      code: 200
      message: OK
- request:
    body: null
    headers:
      Accept:
      - application/json
      Accept-Encoding:
      - gzip, deflate
      Connection:
      - keep-alive
      User-Agent:
      - AZURECLI/2.71.0 azsdk-python-core/1.33.0 Python/3.11.9 (Windows-10-10.0.26100-SP0)
    method: GET
    uri: https://8c5246e5-69db-46ae-b42f-d8e5863798b6.eastus.cnt-prod.loadtesting.azure.com/tests/loadtest-locust-case?api-version=2025-03-01-preview
  response:
    body:
      string: '{"autoStopCriteria":{"autoStopDisabled":false,"errorRate":10.0,"errorRateTimeWindowInSeconds":20,"maximumVirtualUsersPerEngine":5000},"loadTestConfiguration":{"engineInstances":1,"splitAllCSVs":false,"quickStartTest":false},"inputArtifacts":{"additionalFileInfo":[]},"kind":"JMX","publicIPDisabled":false,"metricsReferenceIdentityType":"SystemAssigned","testId":"loadtest-locust-case","description":"E2E
        for the build pipeline (JMX)","displayName":"E2E test for app components","keyvaultReferenceIdentityType":"SystemAssigned","createdDateTime":"2025-04-30T13:35:27.781Z","createdBy":"harshanb@microsoft.com","lastModifiedDateTime":"2025-04-30T13:35:30.489Z","lastModifiedBy":"harshanb@microsoft.com"}'
    headers:
      accept-ranges:
      - bytes
      api-supported-versions:
      - 2022-11-01, 2023-04-01-preview, 2024-03-01-preview, 2024-05-01-preview, 2024-07-01-preview,
        2024-12-01-preview, 2025-03-01-preview
      connection:
      - keep-alive
      content-length:
      - '701'
      content-type:
      - application/json; charset=utf-8
      date:
      - Wed, 30 Apr 2025 13:35:31 GMT
      mise-correlation-id:
      - 6fc0e8db-7723-49e1-9f73-a8f507580064
      strict-transport-security:
      - max-age=31536000; includeSubDomains
      x-azure-ref:
      - 20250430T133530Z-r1b8575b5cbrshtthC1BOMv8gs0000000550000000009tet
      x-cache:
      - CONFIG_NOCACHE
      x-content-type-options:
      - nosniff
    status:
      code: 200
      message: OK
- request:
    body: null
    headers:
      Accept:
      - application/json
      Accept-Encoding:
      - gzip, deflate
      Connection:
      - keep-alive
      User-Agent:
      - azsdk-python-mgmt-loadtesting/1.0.0 Python/3.11.9 (Windows-10-10.0.26100-SP0)
    method: GET
    uri: https://management.azure.com/subscriptions/00000000-0000-0000-0000-000000000000/resourceGroups/clitest-app-000001/providers/Microsoft.LoadTestService/loadTests/clitest-app-000002?api-version=2022-12-01
  response:
    body:
      string: '{"id":"/subscriptions/00000000-0000-0000-0000-000000000000/resourceGroups/clitest-app-000001/providers/Microsoft.LoadTestService/loadTests/clitest-app-000002","name":"clitest-app-000002","type":"microsoft.loadtestservice/loadtests","location":"eastus","systemData":{"createdBy":"harshanb@microsoft.com","createdByType":"User","createdAt":"2025-04-30T13:34:51.0491392Z","lastModifiedBy":"harshanb@microsoft.com","lastModifiedByType":"User","lastModifiedAt":"2025-04-30T13:34:51.0491392Z"},"identity":{"type":"None"},"properties":{"dataPlaneURI":"8c5246e5-69db-46ae-b42f-d8e5863798b6.eastus.cnt-prod.loadtesting.azure.com","provisioningState":"Succeeded"}}'
    headers:
      cache-control:
      - no-cache
      content-length:
      - '654'
      content-type:
      - application/json; charset=utf-8
      date:
      - Wed, 30 Apr 2025 13:35:32 GMT
      etag:
      - '"5401992c-0000-0200-0000-681227100000"'
      expires:
      - '-1'
      pragma:
      - no-cache
      strict-transport-security:
      - max-age=31536000; includeSubDomains
      x-cache:
      - CONFIG_NOCACHE
      x-content-type-options:
      - nosniff
      x-ms-providerhub-traffic:
      - 'True'
      x-ms-ratelimit-remaining-subscription-global-reads:
      - '16499'
      x-msedge-ref:
      - 'Ref A: 36753841C9124A668B02A1D79B914749 Ref B: MAA201060515039 Ref C: 2025-04-30T13:35:31Z'
    status:
      code: 200
      message: OK
- request:
    body: null
    headers:
      Accept:
      - application/json
      Accept-Encoding:
      - gzip, deflate
      Connection:
      - keep-alive
      User-Agent:
      - AZURECLI/2.71.0 azsdk-python-core/1.33.0 Python/3.11.9 (Windows-10-10.0.26100-SP0)
    method: GET
    uri: https://8c5246e5-69db-46ae-b42f-d8e5863798b6.eastus.cnt-prod.loadtesting.azure.com/tests/loadtest-locust-case/app-components?api-version=2025-03-01-preview
  response:
    body:
      string: '{"components":{"/subscriptions/00000000-0000-0000-0000-000000000000/resourcegroups/sample-rg/providers/Microsoft.Web/serverfarms/sample-app-comp1":{"resourceId":"/subscriptions/00000000-0000-0000-0000-000000000000/resourcegroups/sample-rg/providers/Microsoft.Web/serverfarms/sample-app-comp1","resourceName":"sample-app-comp1","resourceType":"Microsoft.Web/serverfarms","resourceGroup":"sample-rg","subscriptionId":"00000000-0000-0000-0000-000000000000","kind":"app"},"/subscriptions/00000000-0000-0000-0000-000000000000/resourcegroups/sample-rg/providers/Microsoft.Web/serverfarms/sample-app-comp2":{"resourceId":"/subscriptions/00000000-0000-0000-0000-000000000000/resourcegroups/sample-rg/providers/Microsoft.Web/serverfarms/sample-app-comp2","resourceName":"sample-app-comp2","resourceType":"Microsoft.Web/serverfarms","resourceGroup":"sample-rg","subscriptionId":"00000000-0000-0000-0000-000000000000"}},"testId":"loadtest-locust-case","createdDateTime":"2025-04-30T13:35:29.067Z","createdBy":"harshanb@microsoft.com","lastModifiedDateTime":"2025-04-30T13:35:29.067Z","lastModifiedBy":"harshanb@microsoft.com"}'
    headers:
      accept-ranges:
      - bytes
      api-supported-versions:
      - 2022-11-01, 2023-04-01-preview, 2024-03-01-preview, 2024-05-01-preview, 2024-07-01-preview,
        2024-12-01-preview, 2025-03-01-preview
      connection:
      - keep-alive
      content-length:
      - '1115'
      content-type:
      - application/json; charset=utf-8
      date:
      - Wed, 30 Apr 2025 13:35:33 GMT
      mise-correlation-id:
      - f17c7556-d3dc-439f-8f66-2108a3bed30f
      strict-transport-security:
      - max-age=31536000; includeSubDomains
      x-azure-ref:
      - 20250430T133532Z-r1b8575b5cbvzjnfhC1BOMu5ng000000057g00000000578z
      x-cache:
      - CONFIG_NOCACHE
      x-content-type-options:
      - nosniff
    status:
      code: 200
      message: OK
- request:
    body: null
    headers:
      Accept:
      - application/json
      Accept-Encoding:
      - gzip, deflate
      Connection:
      - keep-alive
      User-Agent:
      - azsdk-python-mgmt-loadtesting/1.0.0 Python/3.11.9 (Windows-10-10.0.26100-SP0)
    method: GET
    uri: https://management.azure.com/subscriptions/00000000-0000-0000-0000-000000000000/resourceGroups/clitest-app-000001/providers/Microsoft.LoadTestService/loadTests/clitest-app-000002?api-version=2022-12-01
  response:
    body:
      string: '{"id":"/subscriptions/00000000-0000-0000-0000-000000000000/resourceGroups/clitest-app-000001/providers/Microsoft.LoadTestService/loadTests/clitest-app-000002","name":"clitest-app-000002","type":"microsoft.loadtestservice/loadtests","location":"eastus","systemData":{"createdBy":"harshanb@microsoft.com","createdByType":"User","createdAt":"2025-04-30T13:34:51.0491392Z","lastModifiedBy":"harshanb@microsoft.com","lastModifiedByType":"User","lastModifiedAt":"2025-04-30T13:34:51.0491392Z"},"identity":{"type":"None"},"properties":{"dataPlaneURI":"8c5246e5-69db-46ae-b42f-d8e5863798b6.eastus.cnt-prod.loadtesting.azure.com","provisioningState":"Succeeded"}}'
    headers:
      cache-control:
      - no-cache
      content-length:
      - '654'
      content-type:
      - application/json; charset=utf-8
      date:
      - Wed, 30 Apr 2025 13:35:33 GMT
      etag:
      - '"5401992c-0000-0200-0000-681227100000"'
      expires:
      - '-1'
      pragma:
      - no-cache
      strict-transport-security:
      - max-age=31536000; includeSubDomains
      x-cache:
      - CONFIG_NOCACHE
      x-content-type-options:
      - nosniff
      x-ms-providerhub-traffic:
      - 'True'
      x-ms-ratelimit-remaining-subscription-global-reads:
      - '16499'
      x-msedge-ref:
      - 'Ref A: B7D37DFB21C04F9887B3A308B03F4192 Ref B: MAA201060514021 Ref C: 2025-04-30T13:35:33Z'
    status:
      code: 200
      message: OK
- request:
    body: null
    headers:
      Accept:
      - application/json
      Accept-Encoding:
      - gzip, deflate
      Connection:
      - keep-alive
      User-Agent:
      - AZURECLI/2.71.0 azsdk-python-core/1.33.0 Python/3.11.9 (Windows-10-10.0.26100-SP0)
    method: GET
    uri: https://8c5246e5-69db-46ae-b42f-d8e5863798b6.eastus.cnt-prod.loadtesting.azure.com/tests/loadtest-locust-case/server-metrics-config?api-version=2025-03-01-preview
  response:
    body:
      string: '{"testId":"loadtest-locust-case","metrics":{"/subscriptions/00000000-0000-0000-0000-000000000000/resourcegroups/sample-rg/providers/Microsoft.Web/serverfarms/sample-app-comp1/providers/microsoft.insights/metricdefinitions/CpuPercentage":{"id":"/subscriptions/00000000-0000-0000-0000-000000000000/resourcegroups/sample-rg/providers/Microsoft.Web/serverfarms/sample-app-comp1/providers/microsoft.insights/metricdefinitions/CpuPercentage","resourceId":"/subscriptions/00000000-0000-0000-0000-000000000000/resourcegroups/sample-rg/providers/Microsoft.Web/serverfarms/sample-app-comp1","metricNamespace":"microsoft.web/serverfarms","name":"CpuPercentage","aggregation":"Average","resourceType":"microsoft.web/serverfarms"},"/subscriptions/00000000-0000-0000-0000-000000000000/resourcegroups/sample-rg/providers/Microsoft.Web/serverfarms/sample-app-comp2/providers/microsoft.insights/metricdefinitions/CpuPercentage":{"id":"/subscriptions/00000000-0000-0000-0000-000000000000/resourcegroups/sample-rg/providers/Microsoft.Web/serverfarms/sample-app-comp2/providers/microsoft.insights/metricdefinitions/CpuPercentage","resourceId":"/subscriptions/00000000-0000-0000-0000-000000000000/resourcegroups/sample-rg/providers/Microsoft.Web/serverfarms/sample-app-comp2","metricNamespace":"microsoft.web/serverfarms","name":"CpuPercentage","aggregation":"Average","resourceType":"microsoft.web/serverfarms"},"/subscriptions/00000000-0000-0000-0000-000000000000/resourcegroups/sample-rg/providers/Microsoft.Web/serverfarms/sample-app-comp1/providers/microsoft.insights/metricdefinitions/MemoryPercentage":{"id":"/subscriptions/00000000-0000-0000-0000-000000000000/resourcegroups/sample-rg/providers/Microsoft.Web/serverfarms/sample-app-comp1/providers/microsoft.insights/metricdefinitions/MemoryPercentage","resourceId":"/subscriptions/00000000-0000-0000-0000-000000000000/resourcegroups/sample-rg/providers/Microsoft.Web/serverfarms/sample-app-comp1","metricNamespace":"microsoft.web/serverfarms","name":"MemoryPercentage","aggregation":"Average","resourceType":"microsoft.web/serverfarms"},"/subscriptions/00000000-0000-0000-0000-000000000000/resourcegroups/sample-rg/providers/Microsoft.Web/serverfarms/sample-app-comp2/providers/microsoft.insights/metricdefinitions/MemoryPercentage":{"id":"/subscriptions/00000000-0000-0000-0000-000000000000/resourcegroups/sample-rg/providers/Microsoft.Web/serverfarms/sample-app-comp2/providers/microsoft.insights/metricdefinitions/MemoryPercentage","resourceId":"/subscriptions/00000000-0000-0000-0000-000000000000/resourcegroups/sample-rg/providers/Microsoft.Web/serverfarms/sample-app-comp2","metricNamespace":"microsoft.web/serverfarms","name":"MemoryPercentage","aggregation":"Average","resourceType":"microsoft.web/serverfarms"}},"createdDateTime":"2025-04-30T13:35:29.096Z","createdBy":"harshanb@microsoft.com","lastModifiedDateTime":"2025-04-30T13:35:30.48Z","lastModifiedBy":"harshanb@microsoft.com"}'
    headers:
      accept-ranges:
      - bytes
      api-supported-versions:
      - 2022-11-01, 2023-04-01-preview, 2024-03-01-preview, 2024-05-01-preview, 2024-07-01-preview,
        2024-12-01-preview, 2025-03-01-preview
      connection:
      - keep-alive
      content-length:
      - '2932'
      content-type:
      - application/json; charset=utf-8
      date:
      - Wed, 30 Apr 2025 13:35:34 GMT
      mise-correlation-id:
      - 4017e2de-3235-47b7-ab7b-eb7f3ce231a7
      strict-transport-security:
      - max-age=31536000; includeSubDomains
      x-azure-ref:
      - 20250430T133534Z-r1b8575b5cbr8hfbhC1BOM98q8000000047g000000002bw5
      x-cache:
      - CONFIG_NOCACHE
      x-content-type-options:
      - nosniff
    status:
      code: 200
      message: OK
- request:
    body: null
    headers:
      Accept:
      - application/json
      Accept-Encoding:
      - gzip, deflate
      Connection:
      - keep-alive
      User-Agent:
      - azsdk-python-mgmt-loadtesting/1.0.0 Python/3.11.9 (Windows-10-10.0.26100-SP0)
    method: GET
    uri: https://management.azure.com/subscriptions/00000000-0000-0000-0000-000000000000/resourceGroups/clitest-app-000001/providers/Microsoft.LoadTestService/loadTests/clitest-app-000002?api-version=2022-12-01
  response:
    body:
      string: '{"id":"/subscriptions/00000000-0000-0000-0000-000000000000/resourceGroups/clitest-app-000001/providers/Microsoft.LoadTestService/loadTests/clitest-app-000002","name":"clitest-app-000002","type":"microsoft.loadtestservice/loadtests","location":"eastus","systemData":{"createdBy":"harshanb@microsoft.com","createdByType":"User","createdAt":"2025-04-30T13:34:51.0491392Z","lastModifiedBy":"harshanb@microsoft.com","lastModifiedByType":"User","lastModifiedAt":"2025-04-30T13:34:51.0491392Z"},"identity":{"type":"None"},"properties":{"dataPlaneURI":"8c5246e5-69db-46ae-b42f-d8e5863798b6.eastus.cnt-prod.loadtesting.azure.com","provisioningState":"Succeeded"}}'
    headers:
      cache-control:
      - no-cache
      content-length:
      - '654'
      content-type:
      - application/json; charset=utf-8
      date:
      - Wed, 30 Apr 2025 13:35:35 GMT
      etag:
      - '"5401992c-0000-0200-0000-681227100000"'
      expires:
      - '-1'
      pragma:
      - no-cache
      strict-transport-security:
      - max-age=31536000; includeSubDomains
      x-cache:
      - CONFIG_NOCACHE
      x-content-type-options:
      - nosniff
      x-ms-providerhub-traffic:
      - 'True'
      x-ms-ratelimit-remaining-subscription-global-reads:
      - '16499'
      x-msedge-ref:
      - 'Ref A: 0AA9732179224B299F07BB1C49E6F8E5 Ref B: MAA201060516035 Ref C: 2025-04-30T13:35:35Z'
    status:
      code: 200
      message: OK
- request:
    body: null
    headers:
      Accept:
      - application/json
      Accept-Encoding:
      - gzip, deflate
      Connection:
      - keep-alive
      User-Agent:
      - AZURECLI/2.71.0 azsdk-python-core/1.33.0 Python/3.11.9 (Windows-10-10.0.26100-SP0)
    method: GET
    uri: https://8c5246e5-69db-46ae-b42f-d8e5863798b6.eastus.cnt-prod.loadtesting.azure.com/tests/loadtest-locust-case?api-version=2025-03-01-preview
  response:
    body:
      string: '{"autoStopCriteria":{"autoStopDisabled":false,"errorRate":10.0,"errorRateTimeWindowInSeconds":20,"maximumVirtualUsersPerEngine":5000},"loadTestConfiguration":{"engineInstances":1,"splitAllCSVs":false,"quickStartTest":false},"inputArtifacts":{"additionalFileInfo":[]},"kind":"JMX","publicIPDisabled":false,"metricsReferenceIdentityType":"SystemAssigned","testId":"loadtest-locust-case","description":"E2E
        for the build pipeline (JMX)","displayName":"E2E test for app components","keyvaultReferenceIdentityType":"SystemAssigned","createdDateTime":"2025-04-30T13:35:27.781Z","createdBy":"harshanb@microsoft.com","lastModifiedDateTime":"2025-04-30T13:35:30.489Z","lastModifiedBy":"harshanb@microsoft.com"}'
    headers:
      accept-ranges:
      - bytes
      api-supported-versions:
      - 2022-11-01, 2023-04-01-preview, 2024-03-01-preview, 2024-05-01-preview, 2024-07-01-preview,
        2024-12-01-preview, 2025-03-01-preview
      connection:
      - keep-alive
      content-length:
      - '701'
      content-type:
      - application/json; charset=utf-8
      date:
      - Wed, 30 Apr 2025 13:35:36 GMT
      mise-correlation-id:
      - 3c4774c3-9057-441a-a0e0-4866384ff942
      strict-transport-security:
      - max-age=31536000; includeSubDomains
      x-azure-ref:
      - 20250430T133535Z-155d6647456wc8fjhC1BOMmg3s00000003p0000000004mrs
      x-cache:
      - CONFIG_NOCACHE
      x-content-type-options:
      - nosniff
    status:
      code: 200
      message: OK
- request:
    body: '{"displayName": "E2E test for app components edit", "kind": "JMX", "description":
      "E2E for the build pipeline (JMX)", "keyvaultReferenceIdentityType": "SystemAssigned",
      "metricsReferenceIdentityType": "SystemAssigned", "publicIPDisabled": false,
      "environmentVariables": {}, "secrets": {}, "certificate": null, "loadTestConfiguration":
      {"engineInstances": 1, "regionalLoadTestConfig": null, "quickStartTest": false},
      "autoStopCriteria": {"autoStopDisabled": false, "errorRate": 40, "errorRateTimeWindowInSeconds":
      30, "maximumVirtualUsersPerEngine": 5000}, "engineBuiltinIdentityType": null,
      "engineBuiltinIdentityIds": null}'
    headers:
      Accept:
      - application/json
      Accept-Encoding:
      - gzip, deflate
      Connection:
      - keep-alive
      Content-Length:
      - '624'
      Content-Type:
      - application/merge-patch+json
      User-Agent:
      - AZURECLI/2.71.0 azsdk-python-core/1.33.0 Python/3.11.9 (Windows-10-10.0.26100-SP0)
    method: PATCH
    uri: https://8c5246e5-69db-46ae-b42f-d8e5863798b6.eastus.cnt-prod.loadtesting.azure.com/tests/loadtest-locust-case?api-version=2025-03-01-preview
  response:
    body:
      string: '{"autoStopCriteria":{"autoStopDisabled":false,"errorRate":40.0,"errorRateTimeWindowInSeconds":30,"maximumVirtualUsersPerEngine":5000},"loadTestConfiguration":{"engineInstances":1,"splitAllCSVs":false,"quickStartTest":false},"inputArtifacts":{"additionalFileInfo":[]},"kind":"JMX","publicIPDisabled":false,"metricsReferenceIdentityType":"SystemAssigned","testId":"loadtest-locust-case","description":"E2E
        for the build pipeline (JMX)","displayName":"E2E test for app components edit","keyvaultReferenceIdentityType":"SystemAssigned","createdDateTime":"2025-04-30T13:35:27.781Z","createdBy":"harshanb@microsoft.com","lastModifiedDateTime":"2025-04-30T13:35:37.186Z","lastModifiedBy":"harshanb@microsoft.com"}'
    headers:
      accept-ranges:
      - bytes
      api-supported-versions:
      - 2022-11-01, 2023-04-01-preview, 2024-03-01-preview, 2024-05-01-preview, 2024-07-01-preview,
        2024-12-01-preview, 2025-03-01-preview
      connection:
      - keep-alive
      content-length:
      - '706'
      content-type:
      - application/json; charset=utf-8
      date:
      - Wed, 30 Apr 2025 13:35:37 GMT
      mise-correlation-id:
      - 0558dfbd-14e8-4221-b64b-80cf91e2c924
      strict-transport-security:
      - max-age=31536000; includeSubDomains
      x-azure-ref:
      - 20250430T133536Z-r1b8575b5cbr8hfbhC1BOM98q80000000430000000008aht
      x-cache:
      - CONFIG_NOCACHE
      x-content-type-options:
      - nosniff
    status:
      code: 200
      message: OK
- request:
    body: null
    headers:
      Accept:
      - application/json
      Accept-Encoding:
      - gzip, deflate
      Connection:
      - keep-alive
      User-Agent:
      - AZURECLI/2.71.0 azsdk-python-core/1.33.0 Python/3.11.9 (Windows-10-10.0.26100-SP0)
    method: GET
    uri: https://8c5246e5-69db-46ae-b42f-d8e5863798b6.eastus.cnt-prod.loadtesting.azure.com/tests/loadtest-locust-case/files?api-version=2025-03-01-preview
  response:
    body:
      string: '{"value":[]}'
    headers:
      accept-ranges:
      - bytes
      api-supported-versions:
      - 2022-11-01, 2023-04-01-preview, 2024-03-01-preview, 2024-05-01-preview, 2024-07-01-preview,
        2024-12-01-preview, 2025-03-01-preview
      connection:
      - keep-alive
      content-length:
      - '12'
      content-type:
      - application/json; charset=utf-8
      date:
      - Wed, 30 Apr 2025 13:35:37 GMT
      mise-correlation-id:
      - 1ee1a78d-8702-45ef-9865-2db07298f324
      strict-transport-security:
      - max-age=31536000; includeSubDomains
      x-azure-ref:
      - 20250430T133537Z-155d6647456rcq6rhC1BOMnr5400000004s0000000004nh5
      x-cache:
      - CONFIG_NOCACHE
      x-content-type-options:
      - nosniff
    status:
      code: 200
      message: OK
- request:
    body: null
    headers:
      Accept:
      - application/json
      Accept-Encoding:
      - gzip, deflate
      Connection:
      - keep-alive
      User-Agent:
      - AZURECLI/2.71.0 azsdk-python-core/1.33.0 Python/3.11.9 (Windows-10-10.0.26100-SP0)
    method: GET
    uri: https://8c5246e5-69db-46ae-b42f-d8e5863798b6.eastus.cnt-prod.loadtesting.azure.com/tests/loadtest-locust-case/app-components?api-version=2025-03-01-preview
  response:
    body:
      string: '{"components":{"/subscriptions/00000000-0000-0000-0000-000000000000/resourcegroups/sample-rg/providers/Microsoft.Web/serverfarms/sample-app-comp1":{"resourceId":"/subscriptions/00000000-0000-0000-0000-000000000000/resourcegroups/sample-rg/providers/Microsoft.Web/serverfarms/sample-app-comp1","resourceName":"sample-app-comp1","resourceType":"Microsoft.Web/serverfarms","resourceGroup":"sample-rg","subscriptionId":"00000000-0000-0000-0000-000000000000","kind":"app"},"/subscriptions/00000000-0000-0000-0000-000000000000/resourcegroups/sample-rg/providers/Microsoft.Web/serverfarms/sample-app-comp2":{"resourceId":"/subscriptions/00000000-0000-0000-0000-000000000000/resourcegroups/sample-rg/providers/Microsoft.Web/serverfarms/sample-app-comp2","resourceName":"sample-app-comp2","resourceType":"Microsoft.Web/serverfarms","resourceGroup":"sample-rg","subscriptionId":"00000000-0000-0000-0000-000000000000"}},"testId":"loadtest-locust-case","createdDateTime":"2025-04-30T13:35:29.067Z","createdBy":"harshanb@microsoft.com","lastModifiedDateTime":"2025-04-30T13:35:29.067Z","lastModifiedBy":"harshanb@microsoft.com"}'
    headers:
      accept-ranges:
      - bytes
      api-supported-versions:
      - 2022-11-01, 2023-04-01-preview, 2024-03-01-preview, 2024-05-01-preview, 2024-07-01-preview,
        2024-12-01-preview, 2025-03-01-preview
      connection:
      - keep-alive
      content-length:
      - '1115'
      content-type:
      - application/json; charset=utf-8
      date:
      - Wed, 30 Apr 2025 13:35:38 GMT
      mise-correlation-id:
      - 3cc1b5f1-24e9-41f8-908a-80d868803ced
      strict-transport-security:
      - max-age=31536000; includeSubDomains
      x-azure-ref:
      - 20250430T133537Z-r1b8575b5cbpjtw7hC1BOM1fy40000000200000000004c4y
      x-cache:
      - CONFIG_NOCACHE
      x-content-type-options:
      - nosniff
    status:
      code: 200
      message: OK
- request:
    body: '{"testId": "loadtest-locust-case", "components": {"/subscriptions/00000000-0000-0000-0000-000000000000/resourcegroups/sample-rg/providers/Microsoft.Web/serverfarms/sample-app-comp3":
      {"resourceId": "/subscriptions/00000000-0000-0000-0000-000000000000/resourcegroups/sample-rg/providers/Microsoft.Web/serverfarms/sample-app-comp3",
      "resourceName": "sample-app-comp3", "resourceType": "Microsoft.Web/serverfarms",
      "kind": "app"}, "/subscriptions/00000000-0000-0000-0000-000000000000/resourcegroups/sample-rg/providers/Microsoft.Web/serverfarms/sample-app-comp1":
      null, "/subscriptions/00000000-0000-0000-0000-000000000000/resourcegroups/sample-rg/providers/Microsoft.Web/serverfarms/sample-app-comp2":
      null}}'
    headers:
      Accept:
      - application/json
      Accept-Encoding:
      - gzip, deflate
      Connection:
      - keep-alive
      Content-Length:
      - '706'
      User-Agent:
      - AZURECLI/2.71.0 azsdk-python-core/1.33.0 Python/3.11.9 (Windows-10-10.0.26100-SP0)
      content-type:
      - application/merge-patch+json
    method: PATCH
    uri: https://8c5246e5-69db-46ae-b42f-d8e5863798b6.eastus.cnt-prod.loadtesting.azure.com/tests/loadtest-locust-case/app-components?api-version=2025-03-01-preview
  response:
    body:
      string: '{"components":{"/subscriptions/00000000-0000-0000-0000-000000000000/resourcegroups/sample-rg/providers/Microsoft.Web/serverfarms/sample-app-comp3":{"resourceId":"/subscriptions/00000000-0000-0000-0000-000000000000/resourcegroups/sample-rg/providers/Microsoft.Web/serverfarms/sample-app-comp3","resourceName":"sample-app-comp3","resourceType":"Microsoft.Web/serverfarms","resourceGroup":"sample-rg","subscriptionId":"00000000-0000-0000-0000-000000000000","kind":"app"}},"testId":"loadtest-locust-case","createdDateTime":"2025-04-30T13:35:29.067Z","createdBy":"harshanb@microsoft.com","lastModifiedDateTime":"2025-04-30T13:35:39.113Z","lastModifiedBy":"harshanb@microsoft.com"}'
    headers:
      accept-ranges:
      - bytes
      api-supported-versions:
      - 2022-11-01, 2023-04-01-preview, 2024-03-01-preview, 2024-05-01-preview, 2024-07-01-preview,
        2024-12-01-preview, 2025-03-01-preview
      connection:
      - keep-alive
      content-length:
      - '675'
      content-type:
      - application/json; charset=utf-8
      date:
      - Wed, 30 Apr 2025 13:35:39 GMT
      mise-correlation-id:
      - be5a6630-3e76-4829-971a-3b4518a73ef4
      strict-transport-security:
      - max-age=31536000; includeSubDomains
      x-azure-ref:
      - 20250430T133538Z-r1b8575b5cbrpphshC1BOMs7nc000000017g000000004nct
      x-cache:
      - CONFIG_NOCACHE
      x-content-type-options:
      - nosniff
    status:
      code: 200
      message: OK
- request:
    body: null
    headers:
      Accept:
      - application/json
      Accept-Encoding:
      - gzip, deflate
      Connection:
      - keep-alive
      User-Agent:
      - AZURECLI/2.71.0 azsdk-python-core/1.33.0 Python/3.11.9 (Windows-10-10.0.26100-SP0)
    method: GET
    uri: https://8c5246e5-69db-46ae-b42f-d8e5863798b6.eastus.cnt-prod.loadtesting.azure.com/tests/loadtest-locust-case/server-metrics-config?api-version=2025-03-01-preview
  response:
    body:
      string: '{"testId":"loadtest-locust-case","metrics":{"/subscriptions/00000000-0000-0000-0000-000000000000/resourcegroups/sample-rg/providers/Microsoft.Web/serverfarms/sample-app-comp3/providers/microsoft.insights/metricdefinitions/CpuPercentage":{"id":"/subscriptions/00000000-0000-0000-0000-000000000000/resourcegroups/sample-rg/providers/Microsoft.Web/serverfarms/sample-app-comp3/providers/microsoft.insights/metricdefinitions/CpuPercentage","resourceId":"/subscriptions/00000000-0000-0000-0000-000000000000/resourcegroups/sample-rg/providers/Microsoft.Web/serverfarms/sample-app-comp3","metricNamespace":"microsoft.web/serverfarms","name":"CpuPercentage","aggregation":"Average","resourceType":"microsoft.web/serverfarms"},"/subscriptions/00000000-0000-0000-0000-000000000000/resourcegroups/sample-rg/providers/Microsoft.Web/serverfarms/sample-app-comp3/providers/microsoft.insights/metricdefinitions/MemoryPercentage":{"id":"/subscriptions/00000000-0000-0000-0000-000000000000/resourcegroups/sample-rg/providers/Microsoft.Web/serverfarms/sample-app-comp3/providers/microsoft.insights/metricdefinitions/MemoryPercentage","resourceId":"/subscriptions/00000000-0000-0000-0000-000000000000/resourcegroups/sample-rg/providers/Microsoft.Web/serverfarms/sample-app-comp3","metricNamespace":"microsoft.web/serverfarms","name":"MemoryPercentage","aggregation":"Average","resourceType":"microsoft.web/serverfarms"}},"createdDateTime":"2025-04-30T13:35:29.096Z","createdBy":"harshanb@microsoft.com","lastModifiedDateTime":"2025-04-30T13:35:39.143Z","lastModifiedBy":"harshanb@microsoft.com"}'
    headers:
      accept-ranges:
      - bytes
      api-supported-versions:
      - 2022-11-01, 2023-04-01-preview, 2024-03-01-preview, 2024-05-01-preview, 2024-07-01-preview,
        2024-12-01-preview, 2025-03-01-preview
      connection:
      - keep-alive
      content-length:
      - '1576'
      content-type:
      - application/json; charset=utf-8
      date:
      - Wed, 30 Apr 2025 13:35:39 GMT
      mise-correlation-id:
      - d2d8290d-c737-4b5f-8a55-e6bea6894435
      strict-transport-security:
      - max-age=31536000; includeSubDomains
      x-azure-ref:
      - 20250430T133539Z-r1b8575b5cb2sdt6hC1BOM3e2g000000046g000000003npt
      x-cache:
      - CONFIG_NOCACHE
      x-content-type-options:
      - nosniff
    status:
      code: 200
      message: OK
- request:
    body: '{"testId": "loadtest-locust-case", "metrics": {"/subscriptions/00000000-0000-0000-0000-000000000000/resourcegroups/sample-rg/providers/Microsoft.Web/serverfarms/sample-app-comp3/Microsoft.Web/serverfarms/CpuPercentage":
      {"name": "CpuPercentage", "metricNamespace": "Microsoft.Web/serverfarms", "resourceType":
      "Microsoft.Web/serverfarms", "resourceId": "/subscriptions/00000000-0000-0000-0000-000000000000/resourcegroups/sample-rg/providers/Microsoft.Web/serverfarms/sample-app-comp3",
      "aggregation": "Average", "id": "/subscriptions/00000000-0000-0000-0000-000000000000/resourcegroups/sample-rg/providers/Microsoft.Web/serverfarms/sample-app-comp3/Microsoft.Web/serverfarms/CpuPercentage"},
      "/subscriptions/00000000-0000-0000-0000-000000000000/resourcegroups/sample-rg/providers/Microsoft.Web/serverfarms/sample-app-comp3/Microsoft.Web/serverfarms/MemoryPercentage":
      {"name": "MemoryPercentage", "metricNamespace": "Microsoft.Web/serverfarms",
      "resourceType": "Microsoft.Web/serverfarms", "resourceId": "/subscriptions/00000000-0000-0000-0000-000000000000/resourcegroups/sample-rg/providers/Microsoft.Web/serverfarms/sample-app-comp3",
      "aggregation": "Average", "id": "/subscriptions/00000000-0000-0000-0000-000000000000/resourcegroups/sample-rg/providers/Microsoft.Web/serverfarms/sample-app-comp3/Microsoft.Web/serverfarms/MemoryPercentage"},
      "/subscriptions/00000000-0000-0000-0000-000000000000/resourcegroups/sample-rg/providers/Microsoft.Web/serverfarms/sample-app-comp3/providers/microsoft.insights/metricdefinitions/CpuPercentage":
      null, "/subscriptions/00000000-0000-0000-0000-000000000000/resourcegroups/sample-rg/providers/Microsoft.Web/serverfarms/sample-app-comp3/providers/microsoft.insights/metricdefinitions/MemoryPercentage":
      null}}'
    headers:
      Accept:
      - application/json
      Accept-Encoding:
      - gzip, deflate
      Connection:
      - keep-alive
      Content-Length:
      - '1749'
      User-Agent:
      - AZURECLI/2.71.0 azsdk-python-core/1.33.0 Python/3.11.9 (Windows-10-10.0.26100-SP0)
      content-type:
      - application/merge-patch+json
    method: PATCH
    uri: https://8c5246e5-69db-46ae-b42f-d8e5863798b6.eastus.cnt-prod.loadtesting.azure.com/tests/loadtest-locust-case/server-metrics-config?api-version=2025-03-01-preview
  response:
    body:
      string: '{"testId":"loadtest-locust-case","metrics":{"/subscriptions/00000000-0000-0000-0000-000000000000/resourcegroups/sample-rg/providers/Microsoft.Web/serverfarms/sample-app-comp3/Microsoft.Web/serverfarms/CpuPercentage":{"id":"/subscriptions/00000000-0000-0000-0000-000000000000/resourcegroups/sample-rg/providers/Microsoft.Web/serverfarms/sample-app-comp3/providers/microsoft.insights/metricdefinitions/CpuPercentage","resourceId":"/subscriptions/00000000-0000-0000-0000-000000000000/resourcegroups/sample-rg/providers/Microsoft.Web/serverfarms/sample-app-comp3","metricNamespace":"Microsoft.Web/serverfarms","name":"CpuPercentage","aggregation":"Average","resourceType":"Microsoft.Web/serverfarms"},"/subscriptions/00000000-0000-0000-0000-000000000000/resourcegroups/sample-rg/providers/Microsoft.Web/serverfarms/sample-app-comp3/Microsoft.Web/serverfarms/MemoryPercentage":{"id":"/subscriptions/00000000-0000-0000-0000-000000000000/resourcegroups/sample-rg/providers/Microsoft.Web/serverfarms/sample-app-comp3/providers/microsoft.insights/metricdefinitions/MemoryPercentage","resourceId":"/subscriptions/00000000-0000-0000-0000-000000000000/resourcegroups/sample-rg/providers/Microsoft.Web/serverfarms/sample-app-comp3","metricNamespace":"Microsoft.Web/serverfarms","name":"MemoryPercentage","aggregation":"Average","resourceType":"Microsoft.Web/serverfarms"}},"createdDateTime":"2025-04-30T13:35:29.096Z","createdBy":"harshanb@microsoft.com","lastModifiedDateTime":"2025-04-30T13:35:40.447Z","lastModifiedBy":"harshanb@microsoft.com"}'
    headers:
      accept-ranges:
      - bytes
      api-supported-versions:
      - 2022-11-01, 2023-04-01-preview, 2024-03-01-preview, 2024-05-01-preview, 2024-07-01-preview,
        2024-12-01-preview, 2025-03-01-preview
      connection:
      - keep-alive
      content-length:
      - '1534'
      content-type:
      - application/json; charset=utf-8
      date:
      - Wed, 30 Apr 2025 13:35:40 GMT
      mise-correlation-id:
      - 5f1b64cd-cafc-4f14-a712-b3ae5505ccfd
      strict-transport-security:
      - max-age=31536000; includeSubDomains
      x-azure-ref:
      - 20250430T133539Z-r1b8575b5cbmvwr7hC1BOMcce800000001d000000000182e
      x-cache:
      - CONFIG_NOCACHE
      x-content-type-options:
      - nosniff
    status:
      code: 200
      message: OK
- request:
    body: null
    headers:
      Accept:
      - application/json
      Accept-Encoding:
      - gzip, deflate
      Connection:
      - keep-alive
      User-Agent:
      - AZURECLI/2.71.0 azsdk-python-core/1.33.0 Python/3.11.9 (Windows-10-10.0.26100-SP0)
    method: GET
    uri: https://8c5246e5-69db-46ae-b42f-d8e5863798b6.eastus.cnt-prod.loadtesting.azure.com/tests/loadtest-locust-case?api-version=2025-03-01-preview
  response:
    body:
      string: '{"autoStopCriteria":{"autoStopDisabled":false,"errorRate":40.0,"errorRateTimeWindowInSeconds":30,"maximumVirtualUsersPerEngine":5000},"loadTestConfiguration":{"engineInstances":1,"splitAllCSVs":false,"quickStartTest":false},"inputArtifacts":{"additionalFileInfo":[]},"kind":"JMX","publicIPDisabled":false,"metricsReferenceIdentityType":"SystemAssigned","testId":"loadtest-locust-case","description":"E2E
        for the build pipeline (JMX)","displayName":"E2E test for app components edit","keyvaultReferenceIdentityType":"SystemAssigned","createdDateTime":"2025-04-30T13:35:27.781Z","createdBy":"harshanb@microsoft.com","lastModifiedDateTime":"2025-04-30T13:35:40.455Z","lastModifiedBy":"harshanb@microsoft.com"}'
    headers:
      accept-ranges:
      - bytes
      api-supported-versions:
      - 2022-11-01, 2023-04-01-preview, 2024-03-01-preview, 2024-05-01-preview, 2024-07-01-preview,
        2024-12-01-preview, 2025-03-01-preview
      connection:
      - keep-alive
      content-length:
      - '706'
      content-type:
      - application/json; charset=utf-8
      date:
      - Wed, 30 Apr 2025 13:35:41 GMT
      mise-correlation-id:
      - 548287e2-85d3-4262-b923-6c4d566d2290
      strict-transport-security:
      - max-age=31536000; includeSubDomains
      x-azure-ref:
      - 20250430T133540Z-r1b8575b5cbvscv7hC1BOMnvs000000001wg0000000076ab
      x-cache:
      - CONFIG_NOCACHE
      x-content-type-options:
      - nosniff
    status:
      code: 200
      message: OK
- request:
    body: null
    headers:
      Accept:
      - application/json
      Accept-Encoding:
      - gzip, deflate
      Connection:
      - keep-alive
      User-Agent:
      - azsdk-python-mgmt-loadtesting/1.0.0 Python/3.11.9 (Windows-10-10.0.26100-SP0)
    method: GET
    uri: https://management.azure.com/subscriptions/00000000-0000-0000-0000-000000000000/resourceGroups/clitest-app-000001/providers/Microsoft.LoadTestService/loadTests/clitest-app-000002?api-version=2022-12-01
  response:
    body:
      string: '{"id":"/subscriptions/00000000-0000-0000-0000-000000000000/resourceGroups/clitest-app-000001/providers/Microsoft.LoadTestService/loadTests/clitest-app-000002","name":"clitest-app-000002","type":"microsoft.loadtestservice/loadtests","location":"eastus","systemData":{"createdBy":"harshanb@microsoft.com","createdByType":"User","createdAt":"2025-04-30T13:34:51.0491392Z","lastModifiedBy":"harshanb@microsoft.com","lastModifiedByType":"User","lastModifiedAt":"2025-04-30T13:34:51.0491392Z"},"identity":{"type":"None"},"properties":{"dataPlaneURI":"8c5246e5-69db-46ae-b42f-d8e5863798b6.eastus.cnt-prod.loadtesting.azure.com","provisioningState":"Succeeded"}}'
    headers:
      cache-control:
      - no-cache
      content-length:
      - '654'
      content-type:
      - application/json; charset=utf-8
      date:
      - Wed, 30 Apr 2025 13:35:42 GMT
      etag:
      - '"5401992c-0000-0200-0000-681227100000"'
      expires:
      - '-1'
      pragma:
      - no-cache
      strict-transport-security:
      - max-age=31536000; includeSubDomains
      x-cache:
      - CONFIG_NOCACHE
      x-content-type-options:
      - nosniff
      x-ms-providerhub-traffic:
      - 'True'
      x-ms-ratelimit-remaining-subscription-global-reads:
      - '16499'
      x-msedge-ref:
      - 'Ref A: 8C6D151B2D484F70946533ADBCBE31D7 Ref B: MAA201060515027 Ref C: 2025-04-30T13:35:41Z'
    status:
      code: 200
      message: OK
- request:
    body: null
    headers:
      Accept:
      - application/json
      Accept-Encoding:
      - gzip, deflate
      Connection:
      - keep-alive
      User-Agent:
      - AZURECLI/2.71.0 azsdk-python-core/1.33.0 Python/3.11.9 (Windows-10-10.0.26100-SP0)
    method: GET
    uri: https://8c5246e5-69db-46ae-b42f-d8e5863798b6.eastus.cnt-prod.loadtesting.azure.com/tests/loadtest-locust-case/app-components?api-version=2025-03-01-preview
  response:
    body:
      string: '{"components":{"/subscriptions/00000000-0000-0000-0000-000000000000/resourcegroups/sample-rg/providers/Microsoft.Web/serverfarms/sample-app-comp3":{"resourceId":"/subscriptions/00000000-0000-0000-0000-000000000000/resourcegroups/sample-rg/providers/Microsoft.Web/serverfarms/sample-app-comp3","resourceName":"sample-app-comp3","resourceType":"Microsoft.Web/serverfarms","resourceGroup":"sample-rg","subscriptionId":"00000000-0000-0000-0000-000000000000","kind":"app"}},"testId":"loadtest-locust-case","createdDateTime":"2025-04-30T13:35:29.067Z","createdBy":"harshanb@microsoft.com","lastModifiedDateTime":"2025-04-30T13:35:39.113Z","lastModifiedBy":"harshanb@microsoft.com"}'
    headers:
      accept-ranges:
      - bytes
      api-supported-versions:
      - 2022-11-01, 2023-04-01-preview, 2024-03-01-preview, 2024-05-01-preview, 2024-07-01-preview,
        2024-12-01-preview, 2025-03-01-preview
      connection:
      - keep-alive
      content-length:
      - '675'
      content-type:
      - application/json; charset=utf-8
      date:
      - Wed, 30 Apr 2025 13:35:43 GMT
      mise-correlation-id:
      - bc30f321-5abd-4262-a087-d7c4337f5036
      strict-transport-security:
      - max-age=31536000; includeSubDomains
      x-azure-ref:
      - 20250430T133542Z-r1b8575b5cbvscv7hC1BOMnvs000000001w0000000009n9n
      x-cache:
      - CONFIG_NOCACHE
      x-content-type-options:
      - nosniff
    status:
      code: 200
      message: OK
- request:
    body: null
    headers:
      Accept:
      - application/json
      Accept-Encoding:
      - gzip, deflate
      Connection:
      - keep-alive
      User-Agent:
      - azsdk-python-mgmt-loadtesting/1.0.0 Python/3.11.9 (Windows-10-10.0.26100-SP0)
    method: GET
    uri: https://management.azure.com/subscriptions/00000000-0000-0000-0000-000000000000/resourceGroups/clitest-app-000001/providers/Microsoft.LoadTestService/loadTests/clitest-app-000002?api-version=2022-12-01
  response:
    body:
      string: '{"id":"/subscriptions/00000000-0000-0000-0000-000000000000/resourceGroups/clitest-app-000001/providers/Microsoft.LoadTestService/loadTests/clitest-app-000002","name":"clitest-app-000002","type":"microsoft.loadtestservice/loadtests","location":"eastus","systemData":{"createdBy":"harshanb@microsoft.com","createdByType":"User","createdAt":"2025-04-30T13:34:51.0491392Z","lastModifiedBy":"harshanb@microsoft.com","lastModifiedByType":"User","lastModifiedAt":"2025-04-30T13:34:51.0491392Z"},"identity":{"type":"None"},"properties":{"dataPlaneURI":"8c5246e5-69db-46ae-b42f-d8e5863798b6.eastus.cnt-prod.loadtesting.azure.com","provisioningState":"Succeeded"}}'
    headers:
      cache-control:
      - no-cache
      content-length:
      - '654'
      content-type:
      - application/json; charset=utf-8
      date:
      - Wed, 30 Apr 2025 13:35:44 GMT
      etag:
      - '"5401992c-0000-0200-0000-681227100000"'
      expires:
      - '-1'
      pragma:
      - no-cache
      strict-transport-security:
      - max-age=31536000; includeSubDomains
      x-cache:
      - CONFIG_NOCACHE
      x-content-type-options:
      - nosniff
      x-ms-providerhub-traffic:
      - 'True'
      x-ms-ratelimit-remaining-subscription-global-reads:
      - '16499'
      x-msedge-ref:
      - 'Ref A: EBC167624EF74AB296BFFE90D05FD946 Ref B: MAA201060513021 Ref C: 2025-04-30T13:35:43Z'
    status:
      code: 200
      message: OK
- request:
    body: null
    headers:
      Accept:
      - application/json
      Accept-Encoding:
      - gzip, deflate
      Connection:
      - keep-alive
      User-Agent:
      - AZURECLI/2.71.0 azsdk-python-core/1.33.0 Python/3.11.9 (Windows-10-10.0.26100-SP0)
    method: GET
    uri: https://8c5246e5-69db-46ae-b42f-d8e5863798b6.eastus.cnt-prod.loadtesting.azure.com/tests/loadtest-locust-case/server-metrics-config?api-version=2025-03-01-preview
  response:
    body:
      string: '{"testId":"loadtest-locust-case","metrics":{"/subscriptions/00000000-0000-0000-0000-000000000000/resourcegroups/sample-rg/providers/Microsoft.Web/serverfarms/sample-app-comp3/Microsoft.Web/serverfarms/CpuPercentage":{"id":"/subscriptions/00000000-0000-0000-0000-000000000000/resourcegroups/sample-rg/providers/Microsoft.Web/serverfarms/sample-app-comp3/providers/microsoft.insights/metricdefinitions/CpuPercentage","resourceId":"/subscriptions/00000000-0000-0000-0000-000000000000/resourcegroups/sample-rg/providers/Microsoft.Web/serverfarms/sample-app-comp3","metricNamespace":"Microsoft.Web/serverfarms","name":"CpuPercentage","aggregation":"Average","resourceType":"Microsoft.Web/serverfarms"},"/subscriptions/00000000-0000-0000-0000-000000000000/resourcegroups/sample-rg/providers/Microsoft.Web/serverfarms/sample-app-comp3/Microsoft.Web/serverfarms/MemoryPercentage":{"id":"/subscriptions/00000000-0000-0000-0000-000000000000/resourcegroups/sample-rg/providers/Microsoft.Web/serverfarms/sample-app-comp3/providers/microsoft.insights/metricdefinitions/MemoryPercentage","resourceId":"/subscriptions/00000000-0000-0000-0000-000000000000/resourcegroups/sample-rg/providers/Microsoft.Web/serverfarms/sample-app-comp3","metricNamespace":"Microsoft.Web/serverfarms","name":"MemoryPercentage","aggregation":"Average","resourceType":"Microsoft.Web/serverfarms"}},"createdDateTime":"2025-04-30T13:35:29.096Z","createdBy":"harshanb@microsoft.com","lastModifiedDateTime":"2025-04-30T13:35:40.447Z","lastModifiedBy":"harshanb@microsoft.com"}'
    headers:
      accept-ranges:
      - bytes
      api-supported-versions:
      - 2022-11-01, 2023-04-01-preview, 2024-03-01-preview, 2024-05-01-preview, 2024-07-01-preview,
        2024-12-01-preview, 2025-03-01-preview
      connection:
      - keep-alive
      content-length:
      - '1534'
      content-type:
      - application/json; charset=utf-8
      date:
      - Wed, 30 Apr 2025 13:35:45 GMT
      mise-correlation-id:
      - eb04c67c-9cfa-4aaa-8068-1749f9ed28be
      strict-transport-security:
      - max-age=31536000; includeSubDomains
      x-azure-ref:
      - 20250430T133544Z-r1b8575b5cbfxpwlhC1BOM27y800000005900000000044e3
      x-cache:
      - CONFIG_NOCACHE
      x-content-type-options:
      - nosniff
    status:
      code: 200
      message: OK
- request:
    body: null
    headers:
      Accept:
      - application/json
      Accept-Encoding:
      - gzip, deflate
      Connection:
      - keep-alive
      User-Agent:
      - azsdk-python-mgmt-loadtesting/1.0.0 Python/3.11.9 (Windows-10-10.0.26100-SP0)
    method: GET
    uri: https://management.azure.com/subscriptions/00000000-0000-0000-0000-000000000000/resourceGroups/clitest-app-000001/providers/Microsoft.LoadTestService/loadTests/clitest-app-000002?api-version=2022-12-01
  response:
    body:
      string: '{"id":"/subscriptions/00000000-0000-0000-0000-000000000000/resourceGroups/clitest-app-000001/providers/Microsoft.LoadTestService/loadTests/clitest-app-000002","name":"clitest-app-000002","type":"microsoft.loadtestservice/loadtests","location":"eastus","systemData":{"createdBy":"harshanb@microsoft.com","createdByType":"User","createdAt":"2025-04-30T13:34:51.0491392Z","lastModifiedBy":"harshanb@microsoft.com","lastModifiedByType":"User","lastModifiedAt":"2025-04-30T13:34:51.0491392Z"},"identity":{"type":"None"},"properties":{"dataPlaneURI":"8c5246e5-69db-46ae-b42f-d8e5863798b6.eastus.cnt-prod.loadtesting.azure.com","provisioningState":"Succeeded"}}'
    headers:
      cache-control:
      - no-cache
      content-length:
      - '654'
      content-type:
      - application/json; charset=utf-8
      date:
      - Wed, 30 Apr 2025 13:35:46 GMT
      etag:
      - '"5401992c-0000-0200-0000-681227100000"'
      expires:
      - '-1'
      pragma:
      - no-cache
      strict-transport-security:
      - max-age=31536000; includeSubDomains
      x-cache:
      - CONFIG_NOCACHE
      x-content-type-options:
      - nosniff
      x-ms-providerhub-traffic:
      - 'True'
      x-ms-ratelimit-remaining-subscription-global-reads:
      - '16499'
      x-msedge-ref:
      - 'Ref A: 3E331BD13A574D4BAC6820D3D4CD3BC5 Ref B: MAA201060515039 Ref C: 2025-04-30T13:35:45Z'
    status:
      code: 200
      message: OK
- request:
    body: null
    headers:
      Accept:
      - application/json
      Accept-Encoding:
      - gzip, deflate
      Connection:
      - keep-alive
      User-Agent:
      - AZURECLI/2.71.0 azsdk-python-core/1.33.0 Python/3.11.9 (Windows-10-10.0.26100-SP0)
    method: GET
    uri: https://8c5246e5-69db-46ae-b42f-d8e5863798b6.eastus.cnt-prod.loadtesting.azure.com/tests/loadtest-locust-case?api-version=2025-03-01-preview
  response:
    body:
      string: '{"autoStopCriteria":{"autoStopDisabled":false,"errorRate":40.0,"errorRateTimeWindowInSeconds":30,"maximumVirtualUsersPerEngine":5000},"loadTestConfiguration":{"engineInstances":1,"splitAllCSVs":false,"quickStartTest":false},"inputArtifacts":{"additionalFileInfo":[]},"kind":"JMX","publicIPDisabled":false,"metricsReferenceIdentityType":"SystemAssigned","testId":"loadtest-locust-case","description":"E2E
        for the build pipeline (JMX)","displayName":"E2E test for app components edit","keyvaultReferenceIdentityType":"SystemAssigned","createdDateTime":"2025-04-30T13:35:27.781Z","createdBy":"harshanb@microsoft.com","lastModifiedDateTime":"2025-04-30T13:35:40.455Z","lastModifiedBy":"harshanb@microsoft.com"}'
    headers:
      accept-ranges:
      - bytes
      api-supported-versions:
      - 2022-11-01, 2023-04-01-preview, 2024-03-01-preview, 2024-05-01-preview, 2024-07-01-preview,
        2024-12-01-preview, 2025-03-01-preview
      connection:
      - keep-alive
      content-length:
      - '706'
      content-type:
      - application/json; charset=utf-8
      date:
      - Wed, 30 Apr 2025 13:35:47 GMT
      mise-correlation-id:
      - 9a5af0fc-680c-46f6-a82b-a1e16e6cfde6
      strict-transport-security:
      - max-age=31536000; includeSubDomains
      x-azure-ref:
      - 20250430T133546Z-r1b8575b5cbpns6nhC1BOMv1as00000001c0000000000x8g
      x-cache:
      - CONFIG_NOCACHE
      x-content-type-options:
      - nosniff
    status:
      code: 200
      message: OK
- request:
    body: null
    headers:
      Accept:
      - application/json
      Accept-Encoding:
      - gzip, deflate
      Connection:
      - keep-alive
      User-Agent:
      - azsdk-python-mgmt-loadtesting/1.0.0 Python/3.11.9 (Windows-10-10.0.26100-SP0)
    method: GET
    uri: https://management.azure.com/subscriptions/00000000-0000-0000-0000-000000000000/resourceGroups/clitest-app-000001/providers/Microsoft.LoadTestService/loadTests/clitest-app-000002?api-version=2022-12-01
  response:
    body:
      string: '{"id":"/subscriptions/00000000-0000-0000-0000-000000000000/resourceGroups/clitest-app-000001/providers/Microsoft.LoadTestService/loadTests/clitest-app-000002","name":"clitest-app-000002","type":"microsoft.loadtestservice/loadtests","location":"eastus","systemData":{"createdBy":"harshanb@microsoft.com","createdByType":"User","createdAt":"2025-04-30T13:34:51.0491392Z","lastModifiedBy":"harshanb@microsoft.com","lastModifiedByType":"User","lastModifiedAt":"2025-04-30T13:34:51.0491392Z"},"identity":{"type":"None"},"properties":{"dataPlaneURI":"8c5246e5-69db-46ae-b42f-d8e5863798b6.eastus.cnt-prod.loadtesting.azure.com","provisioningState":"Succeeded"}}'
    headers:
      cache-control:
      - no-cache
      content-length:
      - '654'
      content-type:
      - application/json; charset=utf-8
      date:
      - Wed, 30 Apr 2025 13:35:47 GMT
      etag:
      - '"5401992c-0000-0200-0000-681227100000"'
      expires:
      - '-1'
      pragma:
      - no-cache
      strict-transport-security:
      - max-age=31536000; includeSubDomains
      x-cache:
      - CONFIG_NOCACHE
      x-content-type-options:
      - nosniff
      x-ms-providerhub-traffic:
      - 'True'
      x-ms-ratelimit-remaining-subscription-global-reads:
      - '16499'
      x-msedge-ref:
      - 'Ref A: FF719D79BE794C3BA5DAFD5FD02BFBB8 Ref B: MAA201060513021 Ref C: 2025-04-30T13:35:47Z'
    status:
      code: 200
      message: OK
- request:
    body: null
    headers:
      Accept:
      - application/json
      Accept-Encoding:
      - gzip, deflate
      Connection:
      - keep-alive
      User-Agent:
      - AZURECLI/2.71.0 azsdk-python-core/1.33.0 Python/3.11.9 (Windows-10-10.0.26100-SP0)
    method: GET
    uri: https://8c5246e5-69db-46ae-b42f-d8e5863798b6.eastus.cnt-prod.loadtesting.azure.com/tests/loadtest-locust-case?api-version=2025-03-01-preview
  response:
    body:
      string: '{"autoStopCriteria":{"autoStopDisabled":false,"errorRate":40.0,"errorRateTimeWindowInSeconds":30,"maximumVirtualUsersPerEngine":5000},"loadTestConfiguration":{"engineInstances":1,"splitAllCSVs":false,"quickStartTest":false},"inputArtifacts":{"additionalFileInfo":[]},"kind":"JMX","publicIPDisabled":false,"metricsReferenceIdentityType":"SystemAssigned","testId":"loadtest-locust-case","description":"E2E
        for the build pipeline (JMX)","displayName":"E2E test for app components edit","keyvaultReferenceIdentityType":"SystemAssigned","createdDateTime":"2025-04-30T13:35:27.781Z","createdBy":"harshanb@microsoft.com","lastModifiedDateTime":"2025-04-30T13:35:40.455Z","lastModifiedBy":"harshanb@microsoft.com"}'
    headers:
      accept-ranges:
      - bytes
      api-supported-versions:
      - 2022-11-01, 2023-04-01-preview, 2024-03-01-preview, 2024-05-01-preview, 2024-07-01-preview,
        2024-12-01-preview, 2025-03-01-preview
      connection:
      - keep-alive
      content-length:
      - '706'
      content-type:
      - application/json; charset=utf-8
      date:
      - Wed, 30 Apr 2025 13:35:48 GMT
      mise-correlation-id:
      - 1eaef87b-1897-4296-b53a-16a01beaa50f
      strict-transport-security:
      - max-age=31536000; includeSubDomains
      x-azure-ref:
      - 20250430T133548Z-155d6647456pwb4khC1BOMhk78000000053g00000000mgbc
      x-cache:
      - CONFIG_NOCACHE
      x-content-type-options:
      - nosniff
    status:
      code: 200
      message: OK
- request:
    body: null
    headers:
      Accept:
      - application/json
      Accept-Encoding:
      - gzip, deflate
      Connection:
      - keep-alive
      User-Agent:
      - azsdk-python-mgmt-loadtesting/1.0.0 Python/3.11.9 (Windows-10-10.0.26100-SP0)
    method: GET
    uri: https://management.azure.com/subscriptions/00000000-0000-0000-0000-000000000000/resourceGroups/clitest-app-000001/providers/Microsoft.LoadTestService/loadTests/clitest-app-000002?api-version=2022-12-01
  response:
    body:
      string: '{"id":"/subscriptions/00000000-0000-0000-0000-000000000000/resourceGroups/clitest-app-000001/providers/Microsoft.LoadTestService/loadTests/clitest-app-000002","name":"clitest-app-000002","type":"microsoft.loadtestservice/loadtests","location":"eastus","systemData":{"createdBy":"harshanb@microsoft.com","createdByType":"User","createdAt":"2025-04-30T13:34:51.0491392Z","lastModifiedBy":"harshanb@microsoft.com","lastModifiedByType":"User","lastModifiedAt":"2025-04-30T13:34:51.0491392Z"},"identity":{"type":"None"},"properties":{"dataPlaneURI":"8c5246e5-69db-46ae-b42f-d8e5863798b6.eastus.cnt-prod.loadtesting.azure.com","provisioningState":"Succeeded"}}'
    headers:
      cache-control:
      - no-cache
      content-length:
      - '654'
      content-type:
      - application/json; charset=utf-8
      date:
      - Wed, 30 Apr 2025 13:35:49 GMT
      etag:
      - '"5401992c-0000-0200-0000-681227100000"'
      expires:
      - '-1'
      pragma:
      - no-cache
      strict-transport-security:
      - max-age=31536000; includeSubDomains
      x-cache:
      - CONFIG_NOCACHE
      x-content-type-options:
      - nosniff
      x-ms-providerhub-traffic:
      - 'True'
      x-ms-ratelimit-remaining-subscription-global-reads:
      - '16499'
      x-msedge-ref:
      - 'Ref A: 0F2BA0C14A2D4B7AA5D809C7D5FE5BFD Ref B: MAA201060515023 Ref C: 2025-04-30T13:35:49Z'
    status:
      code: 200
      message: OK
- request:
    body: null
    headers:
      Accept:
      - application/json
      Accept-Encoding:
      - gzip, deflate
      Connection:
      - keep-alive
      User-Agent:
      - AZURECLI/2.71.0 azsdk-python-core/1.33.0 Python/3.11.9 (Windows-10-10.0.26100-SP0)
    method: GET
    uri: https://8c5246e5-69db-46ae-b42f-d8e5863798b6.eastus.cnt-prod.loadtesting.azure.com/tests/loadtest-locust-case?api-version=2025-03-01-preview
  response:
    body:
      string: '{"autoStopCriteria":{"autoStopDisabled":false,"errorRate":40.0,"errorRateTimeWindowInSeconds":30,"maximumVirtualUsersPerEngine":5000},"loadTestConfiguration":{"engineInstances":1,"splitAllCSVs":false,"quickStartTest":false},"inputArtifacts":{"additionalFileInfo":[]},"kind":"JMX","publicIPDisabled":false,"metricsReferenceIdentityType":"SystemAssigned","testId":"loadtest-locust-case","description":"E2E
        for the build pipeline (JMX)","displayName":"E2E test for app components edit","keyvaultReferenceIdentityType":"SystemAssigned","createdDateTime":"2025-04-30T13:35:27.781Z","createdBy":"harshanb@microsoft.com","lastModifiedDateTime":"2025-04-30T13:35:40.455Z","lastModifiedBy":"harshanb@microsoft.com"}'
    headers:
      accept-ranges:
      - bytes
      api-supported-versions:
      - 2022-11-01, 2023-04-01-preview, 2024-03-01-preview, 2024-05-01-preview, 2024-07-01-preview,
        2024-12-01-preview, 2025-03-01-preview
      connection:
      - keep-alive
      content-length:
      - '706'
      content-type:
      - application/json; charset=utf-8
      date:
      - Wed, 30 Apr 2025 13:35:50 GMT
      mise-correlation-id:
      - 4c6c8e1d-3942-4248-b0f7-3ab7ae1efa00
      strict-transport-security:
      - max-age=31536000; includeSubDomains
      x-azure-ref:
      - 20250430T133549Z-r1b8575b5cbs66w6hC1BOMydfs00000004r0000000004qb8
      x-cache:
      - CONFIG_NOCACHE
      x-content-type-options:
      - nosniff
    status:
      code: 200
      message: OK
version: 1
