interactions:
- request:
    body: null
    headers:
      Accept:
      - application/json
      Accept-Encoding:
      - gzip, deflate
      Connection:
      - keep-alive
      User-Agent:
      - azsdk-python-mgmt-loadtesting/1.0.0 Python/3.12.8 (Linux-6.5.0-1025-azure-x86_64-with-glibc2.36)
    method: GET
    uri: https://management.azure.com/subscriptions/00000000-0000-0000-0000-000000000000/resourceGroups/clitest-schedule-000001/providers/Microsoft.LoadTestService/loadTests/clitest-schedule-000002?api-version=2022-12-01
  response:
    body:
      string: '{"id":"/subscriptions/00000000-0000-0000-0000-000000000000/resourceGroups/clitest-schedule-000001/providers/Microsoft.LoadTestService/loadTests/clitest-schedule-000002","name":"clitest-schedule-000002","type":"microsoft.loadtestservice/loadtests","location":"eastus","systemData":{"createdBy":"hbisht@microsoft.com","createdByType":"User","createdAt":"2025-03-09T20:53:31.1669562Z","lastModifiedBy":"hbisht@microsoft.com","lastModifiedByType":"User","lastModifiedAt":"2025-03-09T20:53:31.1669562Z"},"identity":{"type":"None"},"properties":{"dataPlaneURI":"bcdfdee2-38ea-436d-958d-2d7e95f3bd3b.eastus.cnt-prod.loadtesting.azure.com","provisioningState":"Succeeded"}}'
    headers:
      cache-control:
      - no-cache
      content-length:
      - '665'
      content-type:
      - application/json; charset=utf-8
      date:
      - Sun, 09 Mar 2025 20:54:05 GMT
      etag:
      - '"9f04edab-0000-0200-0000-67cdffe00000"'
      expires:
      - '-1'
      pragma:
      - no-cache
      strict-transport-security:
      - max-age=31536000; includeSubDomains
      x-cache:
      - CONFIG_NOCACHE
      x-content-type-options:
      - nosniff
      x-ms-providerhub-traffic:
      - 'True'
      x-ms-ratelimit-remaining-subscription-global-reads:
      - '16499'
      x-msedge-ref:
      - 'Ref A: 7672BC9329CE42C291CB27FB22CE97A8 Ref B: MAA201060515025 Ref C: 2025-03-09T20:54:04Z'
    status:
      code: 200
      message: OK
- request:
    body: null
    headers:
      Accept:
      - application/json
      Accept-Encoding:
      - gzip, deflate
      Connection:
      - keep-alive
      User-Agent:
      - AZURECLI/2.70.0 azsdk-python-core/1.31.0 Python/3.12.8 (Linux-6.5.0-1025-azure-x86_64-with-glibc2.36)
    method: GET
    uri: https://bcdfdee2-38ea-436d-958d-2d7e95f3bd3b.eastus.cnt-prod.loadtesting.azure.com/triggers/test-trigger-id-pause?api-version=2024-12-01-preview
  response:
    body:
      string: '{"error":{"code":"TriggerNotFound","message":"Trigger with Id: test-trigger-id-pause
        not found.","target":null,"details":null}}'
    headers:
      api-supported-versions:
      - 2024-07-01-preview, 2024-12-01-preview, 2025-03-01-preview
      connection:
      - keep-alive
      content-type:
      - application/json
      date:
      - Sun, 09 Mar 2025 20:54:06 GMT
      mise-correlation-id:
      - 0a4ae66e-022d-4fbc-be9d-97bff1b2a045
      strict-transport-security:
      - max-age=31536000; includeSubDomains
      transfer-encoding:
      - chunked
      x-azure-ref:
      - 20250309T205405Z-16bc6c9867b562q7hC1SG1b75000000001mg00000000cwdp
      x-cache:
      - CONFIG_NOCACHE
      x-content-type-options:
      - nosniff
      x-ms-error-code:
      - TriggerNotFound
    status:
      code: 404
      message: Not Found
- request:
    body: '{"kind": "ScheduleTestsTrigger", "testIds": ["test-id-pause"], "recurrence":
      {"frequency": "Daily", "interval": 1}, "startDateTime": "2025-03-09T20:53:23Z",
      "state": "Active", "displayName": "Pause Trigger", "description": "Trigger schedule
      for pause test case"}'
    headers:
      Accept:
      - application/json
      Accept-Encoding:
      - gzip, deflate
      Connection:
      - keep-alive
      Content-Length:
      - '262'
      Content-Type:
      - application/merge-patch+json
      User-Agent:
      - AZURECLI/2.70.0 azsdk-python-core/1.31.0 Python/3.12.8 (Linux-6.5.0-1025-azure-x86_64-with-glibc2.36)
    method: PATCH
    uri: https://bcdfdee2-38ea-436d-958d-2d7e95f3bd3b.eastus.cnt-prod.loadtesting.azure.com/triggers/test-trigger-id-pause?api-version=2024-12-01-preview
  response:
    body:
      string: '{"testIds":["test-id-pause"],"startDateTime":"2025-03-09T20:53:23Z","recurrence":{"frequency":"Daily","interval":1},"recurrenceStatus":{"nextScheduledDateTimes":["2025-03-10T20:53:23Z"]},"kind":"ScheduleTestsTrigger","displayName":"Pause
        Trigger","triggerId":"test-trigger-id-pause","description":"Trigger schedule
        for pause test case","state":"Active","createdDateTime":"2025-03-09T20:54:06.761Z","createdBy":"hbisht@microsoft.com","lastModifiedDateTime":"2025-03-09T20:54:06.761Z","lastModifiedBy":"hbisht@microsoft.com"}'
    headers:
      api-supported-versions:
      - 2024-07-01-preview, 2024-12-01-preview, 2025-03-01-preview
      connection:
      - keep-alive
      content-length:
      - '523'
      content-type:
      - application/json; charset=utf-8
      date:
      - Sun, 09 Mar 2025 20:54:06 GMT
      location:
      - https://bcdfdee2-38ea-436d-958d-2d7e95f3bd3b.eastus.cnt-prod.loadtesting.azure.com/triggers/test-trigger-id-pause?api-version=2024-12-01-preview
      mise-correlation-id:
      - 1c690f36-c973-4c24-9597-ca3e3bafa472
      strict-transport-security:
      - max-age=31536000; includeSubDomains
      x-azure-ref:
      - 20250309T205406Z-16bc6c9867b562q7hC1SG1b75000000001mg00000000cwfb
      x-cache:
      - CONFIG_NOCACHE
      x-content-type-options:
      - nosniff
    status:
      code: 201
      message: Created
- request:
    body: null
    headers:
      Accept:
      - application/json
      Accept-Encoding:
      - gzip, deflate
      Connection:
      - keep-alive
      User-Agent:
      - azsdk-python-mgmt-loadtesting/1.0.0 Python/3.12.8 (Linux-6.5.0-1025-azure-x86_64-with-glibc2.36)
    method: GET
    uri: https://management.azure.com/subscriptions/00000000-0000-0000-0000-000000000000/resourceGroups/clitest-schedule-000001/providers/Microsoft.LoadTestService/loadTests/clitest-schedule-000002?api-version=2022-12-01
  response:
    body:
      string: '{"id":"/subscriptions/00000000-0000-0000-0000-000000000000/resourceGroups/clitest-schedule-000001/providers/Microsoft.LoadTestService/loadTests/clitest-schedule-000002","name":"clitest-schedule-000002","type":"microsoft.loadtestservice/loadtests","location":"eastus","systemData":{"createdBy":"hbisht@microsoft.com","createdByType":"User","createdAt":"2025-03-09T20:53:31.1669562Z","lastModifiedBy":"hbisht@microsoft.com","lastModifiedByType":"User","lastModifiedAt":"2025-03-09T20:53:31.1669562Z"},"identity":{"type":"None"},"properties":{"dataPlaneURI":"bcdfdee2-38ea-436d-958d-2d7e95f3bd3b.eastus.cnt-prod.loadtesting.azure.com","provisioningState":"Succeeded"}}'
    headers:
      cache-control:
      - no-cache
      content-length:
      - '665'
      content-type:
      - application/json; charset=utf-8
      date:
      - Sun, 09 Mar 2025 20:54:07 GMT
      etag:
      - '"9f04edab-0000-0200-0000-67cdffe00000"'
      expires:
      - '-1'
      pragma:
      - no-cache
      strict-transport-security:
      - max-age=31536000; includeSubDomains
      x-cache:
      - CONFIG_NOCACHE
      x-content-type-options:
      - nosniff
      x-ms-providerhub-traffic:
      - 'True'
      x-ms-ratelimit-remaining-subscription-global-reads:
      - '16499'
      x-msedge-ref:
      - 'Ref A: 78E6C002D97146BFB8FF9836B48C5154 Ref B: MAA201060515031 Ref C: 2025-03-09T20:54:07Z'
    status:
      code: 200
      message: OK
- request:
    body: null
    headers:
      Accept:
      - application/json
      Accept-Encoding:
      - gzip, deflate
      Connection:
      - keep-alive
      User-Agent:
      - AZURECLI/2.70.0 azsdk-python-core/1.31.0 Python/3.12.8 (Linux-6.5.0-1025-azure-x86_64-with-glibc2.36)
    method: GET
    uri: https://bcdfdee2-38ea-436d-958d-2d7e95f3bd3b.eastus.cnt-prod.loadtesting.azure.com/triggers/test-trigger-id-pause?api-version=2024-12-01-preview
  response:
    body:
      string: '{"testIds":["test-id-pause"],"startDateTime":"2025-03-09T20:53:23Z","recurrence":{"frequency":"Daily","interval":1},"recurrenceStatus":{"nextScheduledDateTimes":["2025-03-10T20:53:23Z"]},"kind":"ScheduleTestsTrigger","displayName":"Pause
        Trigger","triggerId":"test-trigger-id-pause","description":"Trigger schedule
        for pause test case","state":"Active","createdDateTime":"2025-03-09T20:54:06.761Z","createdBy":"hbisht@microsoft.com","lastModifiedDateTime":"2025-03-09T20:54:06.761Z","lastModifiedBy":"hbisht@microsoft.com"}'
    headers:
      accept-ranges:
      - bytes
      api-supported-versions:
      - 2024-07-01-preview, 2024-12-01-preview, 2025-03-01-preview
      connection:
      - keep-alive
      content-length:
      - '523'
      content-type:
      - application/json; charset=utf-8
      date:
      - Sun, 09 Mar 2025 20:54:08 GMT
      mise-correlation-id:
      - 2a3b38e8-12e4-4ea4-af39-178a2d0fe38a
      strict-transport-security:
      - max-age=31536000; includeSubDomains
      x-azure-ref:
      - 20250309T205408Z-16bc6c9867btmgl7hC1SG1qumc00000001y0000000008z0r
      x-cache:
      - CONFIG_NOCACHE
      x-content-type-options:
      - nosniff
    status:
      code: 200
      message: OK
- request:
    body: '{"testIds": ["test-id-pause"], "startDateTime": "2025-03-09T20:53:23Z",
      "recurrence": {"frequency": "Daily", "interval": 1}, "kind": "ScheduleTestsTrigger",
      "displayName": "Pause Trigger", "description": "Trigger schedule for pause test
      case", "state": "Paused"}'
    headers:
      Accept:
      - application/json
      Accept-Encoding:
      - gzip, deflate
      Connection:
      - keep-alive
      Content-Length:
      - '262'
      Content-Type:
      - application/merge-patch+json
      User-Agent:
      - AZURECLI/2.70.0 azsdk-python-core/1.31.0 Python/3.12.8 (Linux-6.5.0-1025-azure-x86_64-with-glibc2.36)
    method: PATCH
    uri: https://bcdfdee2-38ea-436d-958d-2d7e95f3bd3b.eastus.cnt-prod.loadtesting.azure.com/triggers/test-trigger-id-pause?api-version=2024-12-01-preview
  response:
    body:
      string: '{"testIds":["test-id-pause"],"startDateTime":"2025-03-09T20:53:23Z","recurrence":{"frequency":"Daily","interval":1},"recurrenceStatus":{"nextScheduledDateTimes":[]},"kind":"ScheduleTestsTrigger","displayName":"Pause
        Trigger","triggerId":"test-trigger-id-pause","description":"Trigger schedule
        for pause test case","state":"Paused","createdDateTime":"2025-03-09T20:54:06.761Z","createdBy":"hbisht@microsoft.com","lastModifiedDateTime":"2025-03-09T20:54:08.988Z","lastModifiedBy":"hbisht@microsoft.com"}'
    headers:
      accept-ranges:
      - bytes
      api-supported-versions:
      - 2024-07-01-preview, 2024-12-01-preview, 2025-03-01-preview
      connection:
      - keep-alive
      content-length:
      - '501'
      content-type:
      - application/json; charset=utf-8
      date:
      - Sun, 09 Mar 2025 20:54:09 GMT
      mise-correlation-id:
      - b0ce4924-5cac-4ed4-8c91-bbb1df85f99c
      strict-transport-security:
      - max-age=31536000; includeSubDomains
      x-azure-ref:
      - 20250309T205408Z-16bc6c9867btmgl7hC1SG1qumc00000001y0000000008z1h
      x-cache:
      - CONFIG_NOCACHE
      x-content-type-options:
      - nosniff
    status:
      code: 200
      message: OK
- request:
    body: null
    headers:
      Accept:
      - application/json
      Accept-Encoding:
      - gzip, deflate
      Connection:
      - keep-alive
      User-Agent:
      - azsdk-python-mgmt-loadtesting/1.0.0 Python/3.12.8 (Linux-6.5.0-1025-azure-x86_64-with-glibc2.36)
    method: GET
    uri: https://management.azure.com/subscriptions/00000000-0000-0000-0000-000000000000/resourceGroups/clitest-schedule-000001/providers/Microsoft.LoadTestService/loadTests/clitest-schedule-000002?api-version=2022-12-01
  response:
    body:
      string: '{"id":"/subscriptions/00000000-0000-0000-0000-000000000000/resourceGroups/clitest-schedule-000001/providers/Microsoft.LoadTestService/loadTests/clitest-schedule-000002","name":"clitest-schedule-000002","type":"microsoft.loadtestservice/loadtests","location":"eastus","systemData":{"createdBy":"hbisht@microsoft.com","createdByType":"User","createdAt":"2025-03-09T20:53:31.1669562Z","lastModifiedBy":"hbisht@microsoft.com","lastModifiedByType":"User","lastModifiedAt":"2025-03-09T20:53:31.1669562Z"},"identity":{"type":"None"},"properties":{"dataPlaneURI":"bcdfdee2-38ea-436d-958d-2d7e95f3bd3b.eastus.cnt-prod.loadtesting.azure.com","provisioningState":"Succeeded"}}'
    headers:
      cache-control:
      - no-cache
      content-length:
      - '665'
      content-type:
      - application/json; charset=utf-8
      date:
      - Sun, 09 Mar 2025 20:54:09 GMT
      etag:
      - '"9f04edab-0000-0200-0000-67cdffe00000"'
      expires:
      - '-1'
      pragma:
      - no-cache
      strict-transport-security:
      - max-age=31536000; includeSubDomains
      x-cache:
      - CONFIG_NOCACHE
      x-content-type-options:
      - nosniff
      x-ms-providerhub-traffic:
      - 'True'
      x-ms-ratelimit-remaining-subscription-global-reads:
      - '16499'
      x-msedge-ref:
      - 'Ref A: 8D99847822AC457593D5ACA4DB364C82 Ref B: MAA201060513019 Ref C: 2025-03-09T20:54:09Z'
    status:
      code: 200
      message: OK
- request:
    body: null
    headers:
      Accept:
      - application/json
      Accept-Encoding:
      - gzip, deflate
      Connection:
      - keep-alive
      User-Agent:
      - AZURECLI/2.70.0 azsdk-python-core/1.31.0 Python/3.12.8 (Linux-6.5.0-1025-azure-x86_64-with-glibc2.36)
    method: GET
    uri: https://bcdfdee2-38ea-436d-958d-2d7e95f3bd3b.eastus.cnt-prod.loadtesting.azure.com/triggers/test-trigger-id-pause?api-version=2024-12-01-preview
  response:
    body:
      string: '{"testIds":["test-id-pause"],"startDateTime":"2025-03-09T20:53:23Z","recurrence":{"frequency":"Daily","interval":1},"recurrenceStatus":{"nextScheduledDateTimes":[]},"kind":"ScheduleTestsTrigger","displayName":"Pause
        Trigger","triggerId":"test-trigger-id-pause","description":"Trigger schedule
        for pause test case","state":"Paused","createdDateTime":"2025-03-09T20:54:06.761Z","createdBy":"hbisht@microsoft.com","lastModifiedDateTime":"2025-03-09T20:54:08.988Z","lastModifiedBy":"hbisht@microsoft.com"}'
    headers:
      accept-ranges:
      - bytes
      api-supported-versions:
      - 2024-07-01-preview, 2024-12-01-preview, 2025-03-01-preview
      connection:
      - keep-alive
      content-length:
      - '501'
      content-type:
      - application/json; charset=utf-8
      date:
      - Sun, 09 Mar 2025 20:54:11 GMT
      mise-correlation-id:
      - 141809cc-320e-4f18-9e13-6b747e528d98
      strict-transport-security:
      - max-age=31536000; includeSubDomains
      x-azure-ref:
      - 20250309T205410Z-16bc6c9867bc9m42hC1SG1edwg000000027g0000000047vu
      x-cache:
      - CONFIG_NOCACHE
      x-content-type-options:
      - nosniff
    status:
      code: 200
      message: OK
version: 1
