interactions:
- request:
    body: null
    headers:
      Accept:
      - application/json
      Accept-Encoding:
      - gzip, deflate
      Connection:
      - keep-alive
      User-Agent:
      - azsdk-python-mgmt-loadtesting/1.0.0 Python/3.12.8 (Linux-6.5.0-1025-azure-x86_64-with-glibc2.36)
    method: GET
    uri: https://management.azure.com/subscriptions/00000000-0000-0000-0000-000000000000/resourceGroups/clitest-schedule-000001/providers/Microsoft.LoadTestService/loadTests/clitest-schedule-000002?api-version=2022-12-01
  response:
    body:
      string: '{"id":"/subscriptions/00000000-0000-0000-0000-000000000000/resourceGroups/clitest-schedule-000001/providers/Microsoft.LoadTestService/loadTests/clitest-schedule-000002","name":"clitest-schedule-000002","type":"microsoft.loadtestservice/loadtests","location":"eastus","systemData":{"createdBy":"hbisht@microsoft.com","createdByType":"User","createdAt":"2025-03-09T09:02:45.1421393Z","lastModifiedBy":"hbisht@microsoft.com","lastModifiedByType":"User","lastModifiedAt":"2025-03-09T09:02:45.1421393Z"},"identity":{"type":"None"},"properties":{"dataPlaneURI":"eda30514-3531-47b6-8a43-10e521a5a4de.eastus.cnt-prod.loadtesting.azure.com","provisioningState":"Succeeded"}}'
    headers:
      cache-control:
      - no-cache
      content-length:
      - '665'
      content-type:
      - application/json; charset=utf-8
      date:
      - Sun, 09 Mar 2025 09:03:18 GMT
      etag:
      - '"94040736-0000-0200-0000-67cd594b0000"'
      expires:
      - '-1'
      pragma:
      - no-cache
      strict-transport-security:
      - max-age=31536000; includeSubDomains
      x-cache:
      - CONFIG_NOCACHE
      x-content-type-options:
      - nosniff
      x-ms-providerhub-traffic:
      - 'True'
      x-ms-ratelimit-remaining-subscription-global-reads:
      - '16499'
      x-msedge-ref:
      - 'Ref A: 140A3CE39ED14F59A2F1B28476E1E4D5 Ref B: MAA201060516053 Ref C: 2025-03-09T09:03:18Z'
    status:
      code: 200
      message: OK
- request:
    body: '{"kind": "ScheduleTestsTrigger", "testIds": ["test-id-delete"], "recurrence":
      {"frequency": "Daily", "interval": 1}, "startDateTime": "2025-03-09T09:02:37Z",
      "state": "Active", "displayName": "Delete Trigger", "description": "Trigger
      schedule for delete test case"}'
    headers:
      Accept:
      - application/json
      Accept-Encoding:
      - gzip, deflate
      Connection:
      - keep-alive
      Content-Length:
      - '265'
      Content-Type:
      - application/merge-patch+json
      User-Agent:
      - AZURECLI/2.70.0 azsdk-python-core/1.31.0 Python/3.12.8 (Linux-6.5.0-1025-azure-x86_64-with-glibc2.36)
    method: PATCH
    uri: https://eda30514-3531-47b6-8a43-10e521a5a4de.eastus.cnt-prod.loadtesting.azure.com/triggers/test-trigger-id-delete?api-version=2024-12-01-preview
  response:
    body:
      string: '{"testIds":["test-id-delete"],"startDateTime":"2025-03-09T09:02:37Z","recurrence":{"frequency":"Daily","interval":1},"recurrenceStatus":{"nextScheduledDateTimes":["2025-03-10T09:02:37Z"]},"kind":"ScheduleTestsTrigger","displayName":"Delete
        Trigger","triggerId":"test-trigger-id-delete","description":"Trigger schedule
        for delete test case","state":"Active","createdDateTime":"2025-03-09T09:03:21.149Z","createdBy":"hbisht@microsoft.com","lastModifiedDateTime":"2025-03-09T09:03:21.149Z","lastModifiedBy":"hbisht@microsoft.com"}'
    headers:
      api-supported-versions:
      - 2024-07-01-preview, 2024-12-01-preview, 2025-03-01-preview
      connection:
      - keep-alive
      content-length:
      - '527'
      content-type:
      - application/json; charset=utf-8
      date:
      - Sun, 09 Mar 2025 09:03:21 GMT
      location:
      - https://eda30514-3531-47b6-8a43-10e521a5a4de.eastus.cnt-prod.loadtesting.azure.com/triggers/test-trigger-id-delete?api-version=2024-12-01-preview
      mise-correlation-id:
      - 70cdbd67-9ccd-4171-9bb2-40b179c02c79
      strict-transport-security:
      - max-age=31536000; includeSubDomains
      x-azure-ref:
      - 20250309T090319Z-167c755789dkxplchC1SG1rzhw00000011ag000000005e9d
      x-cache:
      - CONFIG_NOCACHE
      x-content-type-options:
      - nosniff
    status:
      code: 201
      message: Created
- request:
    body: null
    headers:
      Accept:
      - application/json
      Accept-Encoding:
      - gzip, deflate
      Connection:
      - keep-alive
      User-Agent:
      - azsdk-python-mgmt-loadtesting/1.0.0 Python/3.12.8 (Linux-6.5.0-1025-azure-x86_64-with-glibc2.36)
    method: GET
    uri: https://management.azure.com/subscriptions/00000000-0000-0000-0000-000000000000/resourceGroups/clitest-schedule-000001/providers/Microsoft.LoadTestService/loadTests/clitest-schedule-000002?api-version=2022-12-01
  response:
    body:
      string: '{"id":"/subscriptions/00000000-0000-0000-0000-000000000000/resourceGroups/clitest-schedule-000001/providers/Microsoft.LoadTestService/loadTests/clitest-schedule-000002","name":"clitest-schedule-000002","type":"microsoft.loadtestservice/loadtests","location":"eastus","systemData":{"createdBy":"hbisht@microsoft.com","createdByType":"User","createdAt":"2025-03-09T09:02:45.1421393Z","lastModifiedBy":"hbisht@microsoft.com","lastModifiedByType":"User","lastModifiedAt":"2025-03-09T09:02:45.1421393Z"},"identity":{"type":"None"},"properties":{"dataPlaneURI":"eda30514-3531-47b6-8a43-10e521a5a4de.eastus.cnt-prod.loadtesting.azure.com","provisioningState":"Succeeded"}}'
    headers:
      cache-control:
      - no-cache
      content-length:
      - '665'
      content-type:
      - application/json; charset=utf-8
      date:
      - Sun, 09 Mar 2025 09:03:22 GMT
      etag:
      - '"94040736-0000-0200-0000-67cd594b0000"'
      expires:
      - '-1'
      pragma:
      - no-cache
      strict-transport-security:
      - max-age=31536000; includeSubDomains
      x-cache:
      - CONFIG_NOCACHE
      x-content-type-options:
      - nosniff
      x-ms-providerhub-traffic:
      - 'True'
      x-ms-ratelimit-remaining-subscription-global-reads:
      - '16498'
      x-msedge-ref:
      - 'Ref A: C093894CA5EF4BAEB88C5D8E3A6AD06D Ref B: MAA201060514027 Ref C: 2025-03-09T09:03:21Z'
    status:
      code: 200
      message: OK
- request:
    body: null
    headers:
      Accept:
      - application/json
      Accept-Encoding:
      - gzip, deflate
      Connection:
      - keep-alive
      Content-Length:
      - '0'
      User-Agent:
      - AZURECLI/2.70.0 azsdk-python-core/1.31.0 Python/3.12.8 (Linux-6.5.0-1025-azure-x86_64-with-glibc2.36)
    method: DELETE
    uri: https://eda30514-3531-47b6-8a43-10e521a5a4de.eastus.cnt-prod.loadtesting.azure.com/triggers/test-trigger-id-delete?api-version=2024-12-01-preview
  response:
    body:
      string: ''
    headers:
      api-supported-versions:
      - 2024-07-01-preview, 2024-12-01-preview, 2025-03-01-preview
      connection:
      - keep-alive
      date:
      - Sun, 09 Mar 2025 09:03:23 GMT
      mise-correlation-id:
      - c733234f-db82-4a1b-8de2-a74835bab928
      strict-transport-security:
      - max-age=31536000; includeSubDomains
      x-azure-ref:
      - 20250309T090322Z-16bc6c9867bzh7v7hC1SG1u0z800000000tg000000004ax2
      x-cache:
      - CONFIG_NOCACHE
      x-content-type-options:
      - nosniff
    status:
      code: 204
      message: No Content
- request:
    body: null
    headers:
      Accept:
      - application/json
      Accept-Encoding:
      - gzip, deflate
      Connection:
      - keep-alive
      User-Agent:
      - azsdk-python-mgmt-loadtesting/1.0.0 Python/3.12.8 (Linux-6.5.0-1025-azure-x86_64-with-glibc2.36)
    method: GET
    uri: https://management.azure.com/subscriptions/00000000-0000-0000-0000-000000000000/resourceGroups/clitest-schedule-000001/providers/Microsoft.LoadTestService/loadTests/clitest-schedule-000002?api-version=2022-12-01
  response:
    body:
      string: '{"id":"/subscriptions/00000000-0000-0000-0000-000000000000/resourceGroups/clitest-schedule-000001/providers/Microsoft.LoadTestService/loadTests/clitest-schedule-000002","name":"clitest-schedule-000002","type":"microsoft.loadtestservice/loadtests","location":"eastus","systemData":{"createdBy":"hbisht@microsoft.com","createdByType":"User","createdAt":"2025-03-09T09:02:45.1421393Z","lastModifiedBy":"hbisht@microsoft.com","lastModifiedByType":"User","lastModifiedAt":"2025-03-09T09:02:45.1421393Z"},"identity":{"type":"None"},"properties":{"dataPlaneURI":"eda30514-3531-47b6-8a43-10e521a5a4de.eastus.cnt-prod.loadtesting.azure.com","provisioningState":"Succeeded"}}'
    headers:
      cache-control:
      - no-cache
      content-length:
      - '665'
      content-type:
      - application/json; charset=utf-8
      date:
      - Sun, 09 Mar 2025 09:03:25 GMT
      etag:
      - '"94040736-0000-0200-0000-67cd594b0000"'
      expires:
      - '-1'
      pragma:
      - no-cache
      strict-transport-security:
      - max-age=31536000; includeSubDomains
      x-cache:
      - CONFIG_NOCACHE
      x-content-type-options:
      - nosniff
      x-ms-providerhub-traffic:
      - 'True'
      x-ms-ratelimit-remaining-subscription-global-reads:
      - '16499'
      x-msedge-ref:
      - 'Ref A: D0570EA2BB5B4D2F80A3394CFB1FA5DE Ref B: MAA201060516045 Ref C: 2025-03-09T09:03:24Z'
    status:
      code: 200
      message: OK
- request:
    body: null
    headers:
      Accept:
      - application/json
      Accept-Encoding:
      - gzip, deflate
      Connection:
      - keep-alive
      User-Agent:
      - AZURECLI/2.70.0 azsdk-python-core/1.31.0 Python/3.12.8 (Linux-6.5.0-1025-azure-x86_64-with-glibc2.36)
    method: GET
    uri: https://eda30514-3531-47b6-8a43-10e521a5a4de.eastus.cnt-prod.loadtesting.azure.com/triggers?api-version=2024-12-01-preview
  response:
    body:
      string: '{"value":[]}'
    headers:
      accept-ranges:
      - bytes
      api-supported-versions:
      - 2024-07-01-preview, 2024-12-01-preview, 2025-03-01-preview
      connection:
      - keep-alive
      content-length:
      - '12'
      content-type:
      - application/json; charset=utf-8
      date:
      - Sun, 09 Mar 2025 09:03:25 GMT
      mise-correlation-id:
      - bdfae741-126c-48ed-805c-131a5698764d
      strict-transport-security:
      - max-age=31536000; includeSubDomains
      x-azure-ref:
      - 20250309T090325Z-167c755789dspngwhC1SG1te0g0000000ze0000000003hkf
      x-cache:
      - CONFIG_NOCACHE
      x-content-type-options:
      - nosniff
    status:
      code: 200
      message: OK
version: 1
