interactions:
- request:
    body: null
    headers:
      Accept:
      - application/json
      Accept-Encoding:
      - gzip, deflate
      CommandName:
      - tsi env gen1 create
      Connection:
      - keep-alive
      ParameterSetName:
      - --resource-group --name --sku --data-retention-time --partition-key-properties
        --storage-limit-exceeded-behavior
      User-Agent:
      - python/3.8.7 (Windows-10-10.0.19041-SP0) msrest/0.6.18 msrest_azure/0.6.3
        azure-mgmt-resource/12.0.0 Azure-SDK-For-Python AZURECLI/2.17.1
      accept-language:
      - en-US
    method: GET
    uri: https://management.azure.com/subscriptions/00000000-0000-0000-0000-000000000000/resourcegroups/clitsi.rg000001?api-version=2020-10-01
  response:
    body:
      string: '{"id":"/subscriptions/00000000-0000-0000-0000-000000000000/resourceGroups/clitsi.rg000001","name":"clitsi.rg000001","type":"Microsoft.Resources/resourceGroups","location":"westus","tags":{"product":"azurecli","cause":"automation","date":"2021-01-18T06:29:40Z"},"properties":{"provisioningState":"Succeeded"}}'
    headers:
      cache-control:
      - no-cache
      content-length:
      - '428'
      content-type:
      - application/json; charset=utf-8
      date:
      - Mon, 18 Jan 2021 06:29:42 GMT
      expires:
      - '-1'
      pragma:
      - no-cache
      strict-transport-security:
      - max-age=31536000; includeSubDomains
      vary:
      - Accept-Encoding
      x-content-type-options:
      - nosniff
    status:
      code: 200
      message: OK
- request:
    body: '{"location": "westus", "kind": "Gen1", "sku": {"name": "S1", "capacity":
      1}, "properties": {"dataRetentionTime": "P31D", "storageLimitExceededBehavior":
      "PauseIngress", "partitionKeyProperties": [{"name": "DeviceId1", "type": "String"}]}}'
    headers:
      Accept:
      - application/json
      Accept-Encoding:
      - gzip, deflate
      CommandName:
      - tsi env gen1 create
      Connection:
      - keep-alive
      Content-Length:
      - '238'
      Content-Type:
      - application/json
      ParameterSetName:
      - --resource-group --name --sku --data-retention-time --partition-key-properties
        --storage-limit-exceeded-behavior
      User-Agent:
      - AZURECLI/2.17.1 azsdk-python-timeseriesinsightsclient/unknown Python/3.8.7
        (Windows-10-10.0.19041-SP0)
    method: PUT
    uri: https://management.azure.com/subscriptions/00000000-0000-0000-0000-000000000000/resourceGroups/clitsi.rg000001/providers/Microsoft.TimeSeriesInsights/environments/cli-test-tsi-env000004?api-version=2020-05-15
  response:
    body:
      string: '{"sku":{"name":"S1","capacity":1},"kind":"Gen1","location":"westus","tags":null,"properties":{"dataRetentionTime":"P31D","storageLimitExceededBehavior":"PauseIngress","partitionKeyProperties":[{"name":"DeviceId1","type":"String"}],"creationTime":"2021-01-18T06:29:58.9191891+00:00","provisioningState":"Accepted","dataAccessId":"822e311b-34c0-4f6d-b612-9e9a4a7f44fc","dataAccessFqdn":"822e311b-34c0-4f6d-b612-9e9a4a7f44fc.env.timeseries.azure.com","requestApiVersion":"2020-05-15"},"id":"/subscriptions/00000000-0000-0000-0000-000000000000/resourceGroups/clitsi.rg000001/providers/Microsoft.TimeSeriesInsights/environments/cli-test-tsi-env000004","name":"cli-test-tsi-env000004","type":"Microsoft.TimeSeriesInsights/Environments"}'
    headers:
      cache-control:
      - no-cache
      content-length:
      - '794'
      content-type:
      - application/json
      date:
      - Mon, 18 Jan 2021 06:30:00 GMT
      expires:
      - '-1'
      pragma:
      - no-cache
      server:
      - Microsoft-HTTPAPI/2.0
      strict-transport-security:
      - max-age=31536000; includeSubDomains
      x-content-type-options:
      - nosniff
      x-ms-ratelimit-remaining-subscription-writes:
      - '1199'
    status:
      code: 201
      message: Created
- request:
    body: null
    headers:
      Accept:
      - '*/*'
      Accept-Encoding:
      - gzip, deflate
      CommandName:
      - tsi env gen1 create
      Connection:
      - keep-alive
      ParameterSetName:
      - --resource-group --name --sku --data-retention-time --partition-key-properties
        --storage-limit-exceeded-behavior
      User-Agent:
      - AZURECLI/2.17.1 azsdk-python-timeseriesinsightsclient/unknown Python/3.8.7
        (Windows-10-10.0.19041-SP0)
    method: GET
    uri: https://management.azure.com/subscriptions/00000000-0000-0000-0000-000000000000/resourceGroups/clitsi.rg000001/providers/Microsoft.TimeSeriesInsights/environments/cli-test-tsi-env000004?api-version=2020-05-15
  response:
    body:
      string: '{"sku":{"name":"S1","capacity":1},"kind":"Gen1","location":"westus","tags":null,"properties":{"dataRetentionTime":"P31D","storageLimitExceededBehavior":"PauseIngress","partitionKeyProperties":[{"name":"DeviceId1","type":"String"}],"creationTime":"2021-01-18T06:29:58.9191891Z","provisioningState":"Creating","requestApiVersion":"2020-05-15","dataAccessId":"822e311b-34c0-4f6d-b612-9e9a4a7f44fc","dataAccessFqdn":"822e311b-34c0-4f6d-b612-9e9a4a7f44fc.env.timeseries.azure.com"},"id":"/subscriptions/00000000-0000-0000-0000-000000000000/resourceGroups/clitsi.rg000001/providers/Microsoft.TimeSeriesInsights/environments/cli-test-tsi-env000004","name":"cli-test-tsi-env000004","type":"Microsoft.TimeSeriesInsights/Environments"}'
    headers:
      cache-control:
      - no-cache
      content-length:
      - '789'
      content-type:
      - application/json
      date:
      - Mon, 18 Jan 2021 06:30:31 GMT
      expires:
      - '-1'
      pragma:
      - no-cache
      server:
      - Microsoft-HTTPAPI/2.0
      strict-transport-security:
      - max-age=31536000; includeSubDomains
      transfer-encoding:
      - chunked
      vary:
      - Accept-Encoding
      x-content-type-options:
      - nosniff
    status:
      code: 200
      message: OK
- request:
    body: null
    headers:
      Accept:
      - '*/*'
      Accept-Encoding:
      - gzip, deflate
      CommandName:
      - tsi env gen1 create
      Connection:
      - keep-alive
      ParameterSetName:
      - --resource-group --name --sku --data-retention-time --partition-key-properties
        --storage-limit-exceeded-behavior
      User-Agent:
      - AZURECLI/2.17.1 azsdk-python-timeseriesinsightsclient/unknown Python/3.8.7
        (Windows-10-10.0.19041-SP0)
    method: GET
    uri: https://management.azure.com/subscriptions/00000000-0000-0000-0000-000000000000/resourceGroups/clitsi.rg000001/providers/Microsoft.TimeSeriesInsights/environments/cli-test-tsi-env000004?api-version=2020-05-15
  response:
    body:
      string: '{"sku":{"name":"S1","capacity":1},"kind":"Gen1","location":"westus","tags":null,"properties":{"dataRetentionTime":"P31D","storageLimitExceededBehavior":"PauseIngress","partitionKeyProperties":[{"name":"DeviceId1","type":"String"}],"creationTime":"2021-01-18T06:29:58.9191891Z","provisioningState":"Succeeded","requestApiVersion":"2020-05-15","dataAccessId":"822e311b-34c0-4f6d-b612-9e9a4a7f44fc","dataAccessFqdn":"822e311b-34c0-4f6d-b612-9e9a4a7f44fc.env.timeseries.azure.com"},"id":"/subscriptions/00000000-0000-0000-0000-000000000000/resourceGroups/clitsi.rg000001/providers/Microsoft.TimeSeriesInsights/environments/cli-test-tsi-env000004","name":"cli-test-tsi-env000004","type":"Microsoft.TimeSeriesInsights/Environments"}'
    headers:
      cache-control:
      - no-cache
      content-length:
      - '790'
      content-type:
      - application/json
      date:
      - Mon, 18 Jan 2021 06:31:01 GMT
      expires:
      - '-1'
      pragma:
      - no-cache
      server:
      - Microsoft-HTTPAPI/2.0
      strict-transport-security:
      - max-age=31536000; includeSubDomains
      transfer-encoding:
      - chunked
      vary:
      - Accept-Encoding
      x-content-type-options:
      - nosniff
    status:
      code: 200
      message: OK
- request:
    body: null
    headers:
      Accept:
      - application/json
      Accept-Encoding:
      - gzip, deflate
      CommandName:
      - tsi reference-data-set create
      Connection:
      - keep-alive
      ParameterSetName:
      - -g --environment-name --name --key-properties --data-string-comparison-behavior
      User-Agent:
      - python/3.8.7 (Windows-10-10.0.19041-SP0) msrest/0.6.18 msrest_azure/0.6.3
        azure-mgmt-resource/12.0.0 Azure-SDK-For-Python AZURECLI/2.17.1
      accept-language:
      - en-US
    method: GET
    uri: https://management.azure.com/subscriptions/00000000-0000-0000-0000-000000000000/resourcegroups/clitsi.rg000001?api-version=2020-10-01
  response:
    body:
      string: '{"id":"/subscriptions/00000000-0000-0000-0000-000000000000/resourceGroups/clitsi.rg000001","name":"clitsi.rg000001","type":"Microsoft.Resources/resourceGroups","location":"westus","tags":{"product":"azurecli","cause":"automation","date":"2021-01-18T06:29:40Z"},"properties":{"provisioningState":"Succeeded"}}'
    headers:
      cache-control:
      - no-cache
      content-length:
      - '428'
      content-type:
      - application/json; charset=utf-8
      date:
      - Mon, 18 Jan 2021 06:31:02 GMT
      expires:
      - '-1'
      pragma:
      - no-cache
      strict-transport-security:
      - max-age=31536000; includeSubDomains
      vary:
      - Accept-Encoding
      x-content-type-options:
      - nosniff
    status:
      code: 200
      message: OK
- request:
    body: '{"location": "westus", "properties": {"keyProperties": [{"name": "DeviceFloor",
      "type": "Double"}], "dataStringComparisonBehavior": "Ordinal"}}'
    headers:
      Accept:
      - application/json
      Accept-Encoding:
      - gzip, deflate
      CommandName:
      - tsi reference-data-set create
      Connection:
      - keep-alive
      Content-Length:
      - '143'
      Content-Type:
      - application/json
      ParameterSetName:
      - -g --environment-name --name --key-properties --data-string-comparison-behavior
      User-Agent:
      - AZURECLI/2.17.1 azsdk-python-timeseriesinsightsclient/unknown Python/3.8.7
        (Windows-10-10.0.19041-SP0)
    method: PUT
    uri: https://management.azure.com/subscriptions/00000000-0000-0000-0000-000000000000/resourceGroups/clitsi.rg000001/providers/Microsoft.TimeSeriesInsights/environments/cli-test-tsi-env000004/referenceDataSets/clitesttsirds000002?api-version=2020-05-15
  response:
    body:
      string: '{"location":"westus","tags":null,"properties":{"keyProperties":[{"name":"DeviceFloor","type":"Double"}],"dataStringComparisonBehavior":"Ordinal","creationTime":"2021-01-18T06:31:08.5520325Z","provisioningState":"Succeeded"},"id":"/subscriptions/00000000-0000-0000-0000-000000000000/resourceGroups/clitsi.rg000001/providers/Microsoft.TimeSeriesInsights/environments/cli-test-tsi-env000004/referenceDataSets/clitesttsirds000002","name":"clitesttsirds000002","type":"Microsoft.TimeSeriesInsights/Environments/ReferenceDataSets"}'
    headers:
      cache-control:
      - no-cache
      content-length:
      - '597'
      content-type:
      - application/json
      date:
      - Mon, 18 Jan 2021 06:31:09 GMT
      expires:
      - '-1'
      pragma:
      - no-cache
      server:
      - Microsoft-HTTPAPI/2.0
      strict-transport-security:
      - max-age=31536000; includeSubDomains
      transfer-encoding:
      - chunked
      vary:
      - Accept-Encoding
      x-content-type-options:
      - nosniff
      x-ms-ratelimit-remaining-subscription-writes:
      - '1197'
    status:
      code: 200
      message: OK
- request:
    body: null
    headers:
      Accept:
      - application/json
      Accept-Encoding:
      - gzip, deflate
      CommandName:
      - tsi reference-data-set create
      Connection:
      - keep-alive
      ParameterSetName:
      - -g --environment-name --name --key-properties --key-properties --data-string-comparison-behavior
      User-Agent:
      - python/3.8.7 (Windows-10-10.0.19041-SP0) msrest/0.6.18 msrest_azure/0.6.3
        azure-mgmt-resource/12.0.0 Azure-SDK-For-Python AZURECLI/2.17.1
      accept-language:
      - en-US
    method: GET
    uri: https://management.azure.com/subscriptions/00000000-0000-0000-0000-000000000000/resourcegroups/clitsi.rg000001?api-version=2020-10-01
  response:
    body:
      string: '{"id":"/subscriptions/00000000-0000-0000-0000-000000000000/resourceGroups/clitsi.rg000001","name":"clitsi.rg000001","type":"Microsoft.Resources/resourceGroups","location":"westus","tags":{"product":"azurecli","cause":"automation","date":"2021-01-18T06:29:40Z"},"properties":{"provisioningState":"Succeeded"}}'
    headers:
      cache-control:
      - no-cache
      content-length:
      - '428'
      content-type:
      - application/json; charset=utf-8
      date:
      - Mon, 18 Jan 2021 06:31:09 GMT
      expires:
      - '-1'
      pragma:
      - no-cache
      strict-transport-security:
      - max-age=31536000; includeSubDomains
      vary:
      - Accept-Encoding
      x-content-type-options:
      - nosniff
    status:
      code: 200
      message: OK
- request:
    body: '{"location": "westus", "properties": {"keyProperties": [{"name": "DeviceId1",
      "type": "String"}, {"name": "DeviceFloor", "type": "Double"}], "dataStringComparisonBehavior":
      "OrdinalIgnoreCase"}}'
    headers:
      Accept:
      - application/json
      Accept-Encoding:
      - gzip, deflate
      CommandName:
      - tsi reference-data-set create
      Connection:
      - keep-alive
      Content-Length:
      - '194'
      Content-Type:
      - application/json
      ParameterSetName:
      - -g --environment-name --name --key-properties --key-properties --data-string-comparison-behavior
      User-Agent:
      - AZURECLI/2.17.1 azsdk-python-timeseriesinsightsclient/unknown Python/3.8.7
        (Windows-10-10.0.19041-SP0)
    method: PUT
    uri: https://management.azure.com/subscriptions/00000000-0000-0000-0000-000000000000/resourceGroups/clitsi.rg000001/providers/Microsoft.TimeSeriesInsights/environments/cli-test-tsi-env000004/referenceDataSets/clitesttsirds2000003?api-version=2020-05-15
  response:
    body:
      string: '{"location":"westus","tags":null,"properties":{"keyProperties":[{"name":"DeviceId1","type":"String"},{"name":"DeviceFloor","type":"Double"}],"dataStringComparisonBehavior":"OrdinalIgnoreCase","creationTime":"2021-01-18T06:31:15.8556158Z","provisioningState":"Succeeded"},"id":"/subscriptions/00000000-0000-0000-0000-000000000000/resourceGroups/clitsi.rg000001/providers/Microsoft.TimeSeriesInsights/environments/cli-test-tsi-env000004/referenceDataSets/clitesttsirds2000003","name":"clitesttsirds2000003","type":"Microsoft.TimeSeriesInsights/Environments/ReferenceDataSets"}'
    headers:
      cache-control:
      - no-cache
      content-length:
      - '644'
      content-type:
      - application/json
      date:
      - Mon, 18 Jan 2021 06:31:16 GMT
      expires:
      - '-1'
      pragma:
      - no-cache
      server:
      - Microsoft-HTTPAPI/2.0
      strict-transport-security:
      - max-age=31536000; includeSubDomains
      transfer-encoding:
      - chunked
      vary:
      - Accept-Encoding
      x-content-type-options:
      - nosniff
      x-ms-ratelimit-remaining-subscription-writes:
      - '1197'
    status:
      code: 200
      message: OK
- request:
    body: '{"tags": {"mykey": "myvalue"}}'
    headers:
      Accept:
      - application/json
      Accept-Encoding:
      - gzip, deflate
      CommandName:
      - tsi reference-data-set update
      Connection:
      - keep-alive
      Content-Length:
      - '30'
      Content-Type:
      - application/json
      ParameterSetName:
      - -g --environment-name --name --tags
      User-Agent:
      - AZURECLI/2.17.1 azsdk-python-timeseriesinsightsclient/unknown Python/3.8.7
        (Windows-10-10.0.19041-SP0)
    method: PATCH
    uri: https://management.azure.com/subscriptions/00000000-0000-0000-0000-000000000000/resourceGroups/clitsi.rg000001/providers/Microsoft.TimeSeriesInsights/environments/cli-test-tsi-env000004/referenceDataSets/clitesttsirds000002?api-version=2020-05-15
  response:
    body:
      string: '{"location":"westus","tags":{"mykey":"myvalue"},"properties":{"keyProperties":[{"name":"DeviceFloor","type":"Double"}],"dataStringComparisonBehavior":"Ordinal","creationTime":"2021-01-18T06:31:08.5520325Z","provisioningState":"Succeeded"},"id":"/subscriptions/00000000-0000-0000-0000-000000000000/resourceGroups/clitsi.rg000001/providers/Microsoft.TimeSeriesInsights/environments/cli-test-tsi-env000004/referenceDataSets/clitesttsirds000002","name":"clitesttsirds000002","type":"Microsoft.TimeSeriesInsights/Environments/ReferenceDataSets"}'
    headers:
      cache-control:
      - no-cache
      content-length:
      - '612'
      content-type:
      - application/json
      date:
      - Mon, 18 Jan 2021 06:31:39 GMT
      expires:
      - '-1'
      pragma:
      - no-cache
      server:
      - Microsoft-HTTPAPI/2.0
      strict-transport-security:
      - max-age=31536000; includeSubDomains
      transfer-encoding:
      - chunked
      vary:
      - Accept-Encoding
      x-content-type-options:
      - nosniff
      x-ms-ratelimit-remaining-subscription-writes:
      - '1189'
    status:
      code: 200
      message: OK
- request:
    body: null
    headers:
      Accept:
      - application/json
      Accept-Encoding:
      - gzip, deflate
      CommandName:
      - tsi reference-data-set list
      Connection:
      - keep-alive
      ParameterSetName:
      - -g --environment-name
      User-Agent:
      - AZURECLI/2.17.1 azsdk-python-timeseriesinsightsclient/unknown Python/3.8.7
        (Windows-10-10.0.19041-SP0)
    method: GET
    uri: https://management.azure.com/subscriptions/00000000-0000-0000-0000-000000000000/resourceGroups/clitsi.rg000001/providers/Microsoft.TimeSeriesInsights/environments/cli-test-tsi-env000004/referenceDataSets?api-version=2020-05-15
  response:
    body:
      string: '{"value":[{"location":"westus","tags":{"mykey":"myvalue"},"properties":{"keyProperties":[{"name":"DeviceFloor","type":"Double"}],"dataStringComparisonBehavior":"Ordinal","creationTime":"2021-01-18T06:31:08.5520325Z","provisioningState":"Succeeded"},"id":"/subscriptions/00000000-0000-0000-0000-000000000000/resourceGroups/clitsi.rg000001/providers/Microsoft.TimeSeriesInsights/environments/cli-test-tsi-env000004/referenceDataSets/clitesttsirds000002","name":"clitesttsirds000002","type":"Microsoft.TimeSeriesInsights/Environments/ReferenceDataSets"},{"location":"westus","tags":null,"properties":{"keyProperties":[{"name":"DeviceId1","type":"String"},{"name":"DeviceFloor","type":"Double"}],"dataStringComparisonBehavior":"OrdinalIgnoreCase","creationTime":"2021-01-18T06:31:15.8556158Z","provisioningState":"Succeeded"},"id":"/subscriptions/00000000-0000-0000-0000-000000000000/resourceGroups/clitsi.rg000001/providers/Microsoft.TimeSeriesInsights/environments/cli-test-tsi-env000004/referenceDataSets/clitesttsirds2000003","name":"clitesttsirds2000003","type":"Microsoft.TimeSeriesInsights/Environments/ReferenceDataSets"}]}'
    headers:
      cache-control:
      - no-cache
      content-length:
      - '1269'
      content-type:
      - application/json
      date:
      - Mon, 18 Jan 2021 06:31:41 GMT
      expires:
      - '-1'
      pragma:
      - no-cache
      server:
      - Microsoft-HTTPAPI/2.0
      strict-transport-security:
      - max-age=31536000; includeSubDomains
      transfer-encoding:
      - chunked
      vary:
      - Accept-Encoding
      x-content-type-options:
      - nosniff
    status:
      code: 200
      message: OK
- request:
    body: null
    headers:
      Accept:
      - application/json
      Accept-Encoding:
      - gzip, deflate
      CommandName:
      - tsi reference-data-set show
      Connection:
      - keep-alive
      ParameterSetName:
      - -g --environment-name -n
      User-Agent:
      - AZURECLI/2.17.1 azsdk-python-timeseriesinsightsclient/unknown Python/3.8.7
        (Windows-10-10.0.19041-SP0)
    method: GET
    uri: https://management.azure.com/subscriptions/00000000-0000-0000-0000-000000000000/resourceGroups/clitsi.rg000001/providers/Microsoft.TimeSeriesInsights/environments/cli-test-tsi-env000004/referenceDataSets/clitesttsirds000002?api-version=2020-05-15
  response:
    body:
      string: '{"location":"westus","tags":{"mykey":"myvalue"},"properties":{"keyProperties":[{"name":"DeviceFloor","type":"Double"}],"dataStringComparisonBehavior":"Ordinal","creationTime":"2021-01-18T06:31:08.5520325Z","provisioningState":"Succeeded"},"id":"/subscriptions/00000000-0000-0000-0000-000000000000/resourceGroups/clitsi.rg000001/providers/Microsoft.TimeSeriesInsights/environments/cli-test-tsi-env000004/referenceDataSets/clitesttsirds000002","name":"clitesttsirds000002","type":"Microsoft.TimeSeriesInsights/Environments/ReferenceDataSets"}'
    headers:
      cache-control:
      - no-cache
      content-length:
      - '612'
      content-type:
      - application/json
      date:
      - Mon, 18 Jan 2021 06:31:42 GMT
      expires:
      - '-1'
      pragma:
      - no-cache
      server:
      - Microsoft-HTTPAPI/2.0
      strict-transport-security:
      - max-age=31536000; includeSubDomains
      transfer-encoding:
      - chunked
      vary:
      - Accept-Encoding
      x-content-type-options:
      - nosniff
    status:
      code: 200
      message: OK
- request:
    body: null
    headers:
      Accept:
      - application/json
      Accept-Encoding:
      - gzip, deflate
      CommandName:
      - tsi reference-data-set delete
      Connection:
      - keep-alive
      Content-Length:
      - '0'
      ParameterSetName:
      - -g --environment-name -n --yes
      User-Agent:
      - AZURECLI/2.17.1 azsdk-python-timeseriesinsightsclient/unknown Python/3.8.7
        (Windows-10-10.0.19041-SP0)
    method: DELETE
    uri: https://management.azure.com/subscriptions/00000000-0000-0000-0000-000000000000/resourceGroups/clitsi.rg000001/providers/Microsoft.TimeSeriesInsights/environments/cli-test-tsi-env000004/referenceDataSets/clitesttsirds000002?api-version=2020-05-15
  response:
    body:
      string: ''
    headers:
      cache-control:
      - no-cache
      content-length:
      - '0'
      date:
      - Mon, 18 Jan 2021 06:31:48 GMT
      expires:
      - '-1'
      pragma:
      - no-cache
      server:
      - Microsoft-HTTPAPI/2.0
      strict-transport-security:
      - max-age=31536000; includeSubDomains
      x-content-type-options:
      - nosniff
      x-ms-ratelimit-remaining-subscription-deletes:
      - '14999'
    status:
      code: 200
      message: OK
version: 1
