interactions:
- request:
    body: '{"kind": "Gen1", "location": "westus", "sku": {"capacity": 1, "name": "S1"},
      "properties": {"dataRetentionTime": "P31D", "partitionKeyProperties": [{"name":
      "DeviceId1", "type": "String"}], "storageLimitExceededBehavior": "PauseIngress"}}'
    headers:
      Accept:
      - application/json
      Accept-Encoding:
      - gzip, deflate
      CommandName:
      - tsi environment gen1 create
      Connection:
      - keep-alive
      Content-Length:
      - '238'
      Content-Type:
      - application/json
      ParameterSetName:
      - --resource-group --location --name --sku --data-retention-time --partition-key-properties
        --storage-limit-exceeded-behavior
      User-Agent:
      - AZURECLI/2.50.0 (PIP) (AAZ) azsdk-python-core/1.26.0 Python/3.9.13 (Windows-10-10.0.19045-SP0)
    method: PUT
    uri: https://management.azure.com/subscriptions/00000000-0000-0000-0000-000000000000/resourceGroups/clitsi.rg000001/providers/Microsoft.TimeSeriesInsights/environments/cli-test-tsi-env000005?api-version=2020-05-15
  response:
    body:
      string: '{"sku":{"name":"S1","capacity":1},"kind":"Gen1","location":"westus","tags":{"CreatedOnDate":"2023-07-31T08:15:25.8577403Z"},"properties":{"dataRetentionTime":"P31D","partitionKeyProperties":[{"name":"DeviceId1","type":"String"}],"storageLimitExceededBehavior":"PauseIngress","creationTime":"2023-07-31T08:15:26.8461019Z","provisioningState":"Succeeded","dataAccessId":"ce70ddd0-339d-401b-af8c-3c4bfd8ba010","dataAccessFqdn":"ce70ddd0-339d-401b-af8c-3c4bfd8ba010.env.timeseries.azure.com"},"id":"/subscriptions/00000000-0000-0000-0000-000000000000/resourceGroups/clitsi.rg000001/providers/Microsoft.TimeSeriesInsights/environments/cli-test-tsi-env000005","name":"cli-test-tsi-env000005","type":"Microsoft.TimeSeriesInsights/Environments"}'
    headers:
      cache-control:
      - no-cache
      content-length:
      - '737'
      content-type:
      - application/json
      date:
      - Mon, 31 Jul 2023 08:15:27 GMT
      expires:
      - '-1'
      pragma:
      - no-cache
      server:
      - Microsoft-HTTPAPI/2.0
      strict-transport-security:
      - max-age=31536000; includeSubDomains
      x-content-type-options:
      - nosniff
      x-ms-operation-identifier:
      - tenantId=72f988bf-86f1-41af-91ab-2d7cd011db47,objectId=48f8229a-efaa-4c48-b7c8-08c675d698ec/eastus2euap/8f979a3e-0b51-429b-845c-1b348f70e27f
      x-ms-ratelimit-remaining-subscription-writes:
      - '1188'
    status:
      code: 201
      message: Created
- request:
    body: null
    headers:
      Accept:
      - application/json
      Accept-Encoding:
      - gzip, deflate
      CommandName:
      - eventhubs namespace create
      Connection:
      - keep-alive
      ParameterSetName:
      - -g -n
      User-Agent:
      - AZURECLI/2.50.0 (PIP) azsdk-python-azure-mgmt-resource/23.1.0b2 Python/3.9.13
        (Windows-10-10.0.19045-SP0)
    method: GET
    uri: https://management.azure.com/subscriptions/00000000-0000-0000-0000-000000000000/resourcegroups/clitsi.rg000001?api-version=2022-09-01
  response:
    body:
      string: '{"id":"/subscriptions/00000000-0000-0000-0000-000000000000/resourceGroups/clitsi.rg000001","name":"clitsi.rg000001","type":"Microsoft.Resources/resourceGroups","location":"westus","tags":{"product":"azurecli","cause":"automation","test":"test_timeseriesinsights_event_source_eventhub","date":"2023-07-31T08:15:21Z","module":"timeseriesinsights","CreatedOnDate":"2023-07-31T08:15:23.3006073Z"},"properties":{"provisioningState":"Succeeded"}}'
    headers:
      cache-control:
      - no-cache
      content-length:
      - '440'
      content-type:
      - application/json; charset=utf-8
      date:
      - Mon, 31 Jul 2023 08:15:29 GMT
      expires:
      - '-1'
      pragma:
      - no-cache
      strict-transport-security:
      - max-age=31536000; includeSubDomains
      vary:
      - Accept-Encoding
      x-content-type-options:
      - nosniff
    status:
      code: 200
      message: OK
- request:
    body: '{"identity": {"type": "None"}, "location": "westus", "sku": {"name": "Standard",
      "tier": "Standard"}}'
    headers:
      Accept:
      - application/json
      Accept-Encoding:
      - gzip, deflate
      CommandName:
      - eventhubs namespace create
      Connection:
      - keep-alive
      Content-Length:
      - '101'
      Content-Type:
      - application/json
      ParameterSetName:
      - -g -n
      User-Agent:
      - AZURECLI/2.50.0 (PIP) (AAZ) azsdk-python-core/1.26.0 Python/3.9.13 (Windows-10-10.0.19045-SP0)
    method: PUT
    uri: https://management.azure.com/subscriptions/00000000-0000-0000-0000-000000000000/resourceGroups/clitsi.rg000001/providers/Microsoft.EventHub/namespaces/cli-test-tsi-ehns000003?api-version=2023-01-01-preview
  response:
    body:
      string: '{"sku":{"name":"Standard","tier":"Standard","capacity":1},"id":"/subscriptions/00000000-0000-0000-0000-000000000000/resourceGroups/clitsi.rg000001/providers/Microsoft.EventHub/namespaces/cli-test-tsi-ehns000003","name":"cli-test-tsi-ehns000003","type":"Microsoft.EventHub/Namespaces","location":"West
        US","tags":{"CreatedOnDate":"2023-07-31T08:15:30.8863589Z"},"properties":{"minimumTlsVersion":"1.2","publicNetworkAccess":"Enabled","disableLocalAuth":false,"zoneRedundant":false,"isAutoInflateEnabled":false,"maximumThroughputUnits":0,"kafkaEnabled":true,"provisioningState":"Created","metricId":"7c943c1b-5122-4097-90c8-861411bdd574:cli-test-tsi-ehns000003","createdAt":"2023-07-31T08:15:33.103Z","updatedAt":"2023-07-31T08:15:33.103Z","serviceBusEndpoint":"https://cli-test-tsi-ehns000003.servicebus.windows.net:443/","status":"Activating"}}'
    headers:
      cache-control:
      - no-cache
      content-length:
      - '844'
      content-type:
      - application/json; charset=utf-8
      date:
      - Mon, 31 Jul 2023 08:15:34 GMT
      expires:
      - '-1'
      pragma:
      - no-cache
      server:
      - Service-Bus-Resource-Provider/CH3
      - Microsoft-HTTPAPI/2.0
      server-sb:
      - Service-Bus-Resource-Provider/CH3
      strict-transport-security:
      - max-age=31536000; includeSubDomains
      transfer-encoding:
      - chunked
      vary:
      - Accept-Encoding
      x-content-type-options:
      - nosniff
      x-ms-operation-identifier:
      - tenantId=72f988bf-86f1-41af-91ab-2d7cd011db47,objectId=48f8229a-efaa-4c48-b7c8-08c675d698ec/eastus2euap/3ac82d59-b7b8-41ab-aa62-0b4b390b97fd
      x-ms-ratelimit-remaining-subscription-resource-requests:
      - '49'
    status:
      code: 200
      message: OK
- request:
    body: null
    headers:
      Accept:
      - '*/*'
      Accept-Encoding:
      - gzip, deflate
      CommandName:
      - eventhubs namespace create
      Connection:
      - keep-alive
      ParameterSetName:
      - -g -n
      User-Agent:
      - AZURECLI/2.50.0 (PIP) (AAZ) azsdk-python-core/1.26.0 Python/3.9.13 (Windows-10-10.0.19045-SP0)
    method: GET
    uri: https://management.azure.com/subscriptions/00000000-0000-0000-0000-000000000000/resourceGroups/clitsi.rg000001/providers/Microsoft.EventHub/namespaces/cli-test-tsi-ehns000003?api-version=2023-01-01-preview
  response:
    body:
      string: '{"sku":{"name":"Standard","tier":"Standard","capacity":1},"id":"/subscriptions/00000000-0000-0000-0000-000000000000/resourceGroups/clitsi.rg000001/providers/Microsoft.EventHub/namespaces/cli-test-tsi-ehns000003","name":"cli-test-tsi-ehns000003","type":"Microsoft.EventHub/Namespaces","location":"West
        US","tags":{"CreatedOnDate":"2023-07-31T08:15:30.8863589Z"},"properties":{"minimumTlsVersion":"1.2","publicNetworkAccess":"Enabled","disableLocalAuth":false,"zoneRedundant":false,"isAutoInflateEnabled":false,"maximumThroughputUnits":0,"kafkaEnabled":true,"provisioningState":"Created","metricId":"7c943c1b-5122-4097-90c8-861411bdd574:cli-test-tsi-ehns000003","createdAt":"2023-07-31T08:15:33.103Z","updatedAt":"2023-07-31T08:15:33.103Z","serviceBusEndpoint":"https://cli-test-tsi-ehns000003.servicebus.windows.net:443/","status":"Activating"}}'
    headers:
      cache-control:
      - no-cache
      content-length:
      - '844'
      content-type:
      - application/json; charset=utf-8
      date:
      - Mon, 31 Jul 2023 08:15:34 GMT
      expires:
      - '-1'
      pragma:
      - no-cache
      server:
      - Service-Bus-Resource-Provider/CH3
      - Microsoft-HTTPAPI/2.0
      server-sb:
      - Service-Bus-Resource-Provider/CH3
      strict-transport-security:
      - max-age=31536000; includeSubDomains
      transfer-encoding:
      - chunked
      vary:
      - Accept-Encoding
      x-content-type-options:
      - nosniff
    status:
      code: 200
      message: OK
- request:
    body: null
    headers:
      Accept:
      - '*/*'
      Accept-Encoding:
      - gzip, deflate
      CommandName:
      - eventhubs namespace create
      Connection:
      - keep-alive
      ParameterSetName:
      - -g -n
      User-Agent:
      - AZURECLI/2.50.0 (PIP) (AAZ) azsdk-python-core/1.26.0 Python/3.9.13 (Windows-10-10.0.19045-SP0)
    method: GET
    uri: https://management.azure.com/subscriptions/00000000-0000-0000-0000-000000000000/resourceGroups/clitsi.rg000001/providers/Microsoft.EventHub/namespaces/cli-test-tsi-ehns000003?api-version=2023-01-01-preview
  response:
    body:
      string: '{"sku":{"name":"Standard","tier":"Standard","capacity":1},"id":"/subscriptions/00000000-0000-0000-0000-000000000000/resourceGroups/clitsi.rg000001/providers/Microsoft.EventHub/namespaces/cli-test-tsi-ehns000003","name":"cli-test-tsi-ehns000003","type":"Microsoft.EventHub/Namespaces","location":"West
        US","tags":{"CreatedOnDate":"2023-07-31T08:15:30.8863589Z"},"properties":{"minimumTlsVersion":"1.2","publicNetworkAccess":"Enabled","disableLocalAuth":false,"zoneRedundant":false,"isAutoInflateEnabled":false,"maximumThroughputUnits":0,"kafkaEnabled":true,"provisioningState":"Created","metricId":"7c943c1b-5122-4097-90c8-861411bdd574:cli-test-tsi-ehns000003","createdAt":"2023-07-31T08:15:33.103Z","updatedAt":"2023-07-31T08:15:33.103Z","serviceBusEndpoint":"https://cli-test-tsi-ehns000003.servicebus.windows.net:443/","status":"Activating"}}'
    headers:
      cache-control:
      - no-cache
      content-length:
      - '844'
      content-type:
      - application/json; charset=utf-8
      date:
      - Mon, 31 Jul 2023 08:16:04 GMT
      expires:
      - '-1'
      pragma:
      - no-cache
      server:
      - Service-Bus-Resource-Provider/CH3
      - Microsoft-HTTPAPI/2.0
      server-sb:
      - Service-Bus-Resource-Provider/CH3
      strict-transport-security:
      - max-age=31536000; includeSubDomains
      transfer-encoding:
      - chunked
      vary:
      - Accept-Encoding
      x-content-type-options:
      - nosniff
    status:
      code: 200
      message: OK
- request:
    body: null
    headers:
      Accept:
      - '*/*'
      Accept-Encoding:
      - gzip, deflate
      CommandName:
      - eventhubs namespace create
      Connection:
      - keep-alive
      ParameterSetName:
      - -g -n
      User-Agent:
      - AZURECLI/2.50.0 (PIP) (AAZ) azsdk-python-core/1.26.0 Python/3.9.13 (Windows-10-10.0.19045-SP0)
    method: GET
    uri: https://management.azure.com/subscriptions/00000000-0000-0000-0000-000000000000/resourceGroups/clitsi.rg000001/providers/Microsoft.EventHub/namespaces/cli-test-tsi-ehns000003?api-version=2023-01-01-preview
  response:
    body:
      string: '{"sku":{"name":"Standard","tier":"Standard","capacity":1},"id":"/subscriptions/00000000-0000-0000-0000-000000000000/resourceGroups/clitsi.rg000001/providers/Microsoft.EventHub/namespaces/cli-test-tsi-ehns000003","name":"cli-test-tsi-ehns000003","type":"Microsoft.EventHub/Namespaces","location":"West
        US","tags":{"CreatedOnDate":"2023-07-31T08:15:30.8863589Z"},"properties":{"minimumTlsVersion":"1.2","publicNetworkAccess":"Enabled","disableLocalAuth":false,"zoneRedundant":false,"isAutoInflateEnabled":false,"maximumThroughputUnits":0,"kafkaEnabled":true,"provisioningState":"Succeeded","metricId":"7c943c1b-5122-4097-90c8-861411bdd574:cli-test-tsi-ehns000003","createdAt":"2023-07-31T08:15:33.103Z","updatedAt":"2023-07-31T08:16:24.853Z","serviceBusEndpoint":"https://cli-test-tsi-ehns000003.servicebus.windows.net:443/","status":"Active"}}'
    headers:
      cache-control:
      - no-cache
      content-length:
      - '842'
      content-type:
      - application/json; charset=utf-8
      date:
      - Mon, 31 Jul 2023 08:16:35 GMT
      expires:
      - '-1'
      pragma:
      - no-cache
      server:
      - Service-Bus-Resource-Provider/CH3
      - Microsoft-HTTPAPI/2.0
      server-sb:
      - Service-Bus-Resource-Provider/CH3
      strict-transport-security:
      - max-age=31536000; includeSubDomains
      transfer-encoding:
      - chunked
      vary:
      - Accept-Encoding
      x-content-type-options:
      - nosniff
    status:
      code: 200
      message: OK
- request:
    body: '{}'
    headers:
      Accept:
      - application/json
      Accept-Encoding:
      - gzip, deflate
      CommandName:
      - eventhubs eventhub create
      Connection:
      - keep-alive
      Content-Length:
      - '2'
      Content-Type:
      - application/json
      ParameterSetName:
      - -g -n --namespace-name
      User-Agent:
      - AZURECLI/2.50.0 (PIP) (AAZ) azsdk-python-core/1.26.0 Python/3.9.13 (Windows-10-10.0.19045-SP0)
    method: PUT
    uri: https://management.azure.com/subscriptions/00000000-0000-0000-0000-000000000000/resourceGroups/clitsi.rg000001/providers/Microsoft.EventHub/namespaces/cli-test-tsi-ehns000003/eventhubs/cli-test-tsi-eh000004?api-version=2023-01-01-preview
  response:
    body:
      string: '{"id":"/subscriptions/00000000-0000-0000-0000-000000000000/resourceGroups/clitsi.rg000001/providers/Microsoft.EventHub/namespaces/cli-test-tsi-ehns000003/eventhubs/cli-test-tsi-eh000004","name":"cli-test-tsi-eh000004","type":"Microsoft.EventHub/namespaces/eventhubs","location":"westus","properties":{"retentionDescription":{"cleanupPolicy":"Delete","retentionTimeInHours":168},"messageRetentionInDays":7,"partitionCount":4,"status":"Active","createdAt":"2023-07-31T08:16:38.557Z","updatedAt":"2023-07-31T08:16:38.8Z","partitionIds":["0","1","2","3"]}}'
    headers:
      cache-control:
      - no-cache
      content-length:
      - '552'
      content-type:
      - application/json; charset=utf-8
      date:
      - Mon, 31 Jul 2023 08:16:39 GMT
      expires:
      - '-1'
      pragma:
      - no-cache
      server:
      - Microsoft-HTTPAPI/2.0
      strict-transport-security:
      - max-age=31536000; includeSubDomains
      transfer-encoding:
      - chunked
      vary:
      - Accept-Encoding
      x-content-type-options:
      - nosniff
      x-ms-ratelimit-remaining-subscription-writes:
      - '1185'
    status:
      code: 200
      message: OK
- request:
    body: null
    headers:
      Accept:
      - application/json
      Accept-Encoding:
      - gzip, deflate
      CommandName:
      - eventhubs namespace authorization-rule keys list
      Connection:
      - keep-alive
      Content-Length:
      - '0'
      ParameterSetName:
      - -g --namespace-name --name
      User-Agent:
      - AZURECLI/2.50.0 (PIP) (AAZ) azsdk-python-core/1.26.0 Python/3.9.13 (Windows-10-10.0.19045-SP0)
    method: POST
    uri: https://management.azure.com/subscriptions/00000000-0000-0000-0000-000000000000/resourceGroups/clitsi.rg000001/providers/Microsoft.EventHub/namespaces/cli-test-tsi-ehns000003/authorizationRules/RootManageSharedAccessKey/listKeys?api-version=2023-01-01-preview
  response:
    body:
      string: '{"primaryConnectionString":"Endpoint=sb://cli-test-tsi-ehns000003.servicebus.windows.net/;SharedAccessKeyName=RootManageSharedAccessKey;SharedAccessKey=fDlsZQMzJTA85Wl6YQ9iz1ehqqyG3+Pjl+AEhK6jleM=","secondaryConnectionString":"Endpoint=sb://cli-test-tsi-ehns000003.servicebus.windows.net/;SharedAccessKeyName=RootManageSharedAccessKey;SharedAccessKey=uLzLR0fFcZp8IZuZWFUYdVlHwVGEurm2N+AEhEwRxGw=","primaryKey":"fDlsZQMzJTA85Wl6YQ9iz1ehqqyG3+Pjl+AEhK6jleM=","secondaryKey":"uLzLR0fFcZp8IZuZWFUYdVlHwVGEurm2N+AEhEwRxGw=","keyName":"RootManageSharedAccessKey"}'
    headers:
      cache-control:
      - no-cache
      content-length:
      - '557'
      content-type:
      - application/json; charset=utf-8
      date:
      - Mon, 31 Jul 2023 08:16:41 GMT
      expires:
      - '-1'
      pragma:
      - no-cache
      server:
      - Microsoft-HTTPAPI/2.0
      strict-transport-security:
      - max-age=31536000; includeSubDomains
      transfer-encoding:
      - chunked
      vary:
      - Accept-Encoding
      x-content-type-options:
      - nosniff
      x-ms-ratelimit-remaining-subscription-writes:
      - '1198'
    status:
      code: 200
      message: OK
- request:
    body: '{"location": "westus", "kind": "Microsoft.EventHub", "properties": {"eventSourceResourceId":
      "/subscriptions/00000000-0000-0000-0000-000000000000/resourceGroups/clitsi.rg000001/providers/Microsoft.EventHub/namespaces/cli-test-tsi-ehns000003/eventhubs/cli-test-tsi-eh000004",
      "serviceBusNamespace": "cli-test-tsi-ehns000003", "eventHubName": "cli-test-tsi-eh000004",
      "consumerGroupName": "cgn", "keyName": "RootManageSharedAccessKey", "sharedAccessKey":
      "fDlsZQMzJTA85Wl6YQ9iz1ehqqyG3+Pjl+AEhK6jleM="}}'
    headers:
      Accept:
      - application/json
      Accept-Encoding:
      - gzip, deflate
      CommandName:
      - tsi event-source eventhub create
      Connection:
      - keep-alive
      Content-Length:
      - '501'
      Content-Type:
      - application/json
      ParameterSetName:
      - -g --environment-name --name --location --event-hub-name --service-bus-namespace
        --key-name --shared-access-key --event-source-resource-id --consumer-group-name
      User-Agent:
      - AZURECLI/2.50.0 (PIP) azsdk-python-timeseriesinsightsclient/unknown Python/3.9.13
        (Windows-10-10.0.19045-SP0)
    method: PUT
    uri: https://management.azure.com/subscriptions/00000000-0000-0000-0000-000000000000/resourceGroups/clitsi.rg000001/providers/Microsoft.TimeSeriesInsights/environments/cli-test-tsi-env000005/eventSources/cli-test-tsi-es000002?api-version=2020-05-15
  response:
    body:
      string: '{"kind":"Microsoft.EventHub","location":"westus","tags":{"CreatedOnDate":"2023-07-31T08:16:43.3741499Z"},"properties":{"eventSourceResourceId":"/subscriptions/00000000-0000-0000-0000-000000000000/resourceGroups/clitsi.rg000001/providers/Microsoft.EventHub/namespaces/cli-test-tsi-ehns000003/eventhubs/cli-test-tsi-eh000004","serviceBusNamespace":"cli-test-tsi-ehns000003","eventHubName":"cli-test-tsi-eh000004","consumerGroupName":"cgn","keyName":"RootManageSharedAccessKey","creationTime":"2023-07-31T08:16:44.1496451Z","provisioningState":"Succeeded","ingressStartAt":{"type":"EarliestAvailable"}},"id":"/subscriptions/00000000-0000-0000-0000-000000000000/resourceGroups/clitsi.rg000001/providers/Microsoft.TimeSeriesInsights/environments/cli-test-tsi-env000005/eventsources/cli-test-tsi-es000002","name":"cli-test-tsi-es000002","type":"Microsoft.TimeSeriesInsights/Environments/EventSources"}'
    headers:
      cache-control:
      - no-cache
      content-length:
      - '895'
      content-type:
      - application/json
      date:
      - Mon, 31 Jul 2023 08:16:43 GMT
      expires:
      - '-1'
      pragma:
      - no-cache
      server:
      - Microsoft-HTTPAPI/2.0
      strict-transport-security:
      - max-age=31536000; includeSubDomains
      transfer-encoding:
      - chunked
      vary:
      - Accept-Encoding
      x-content-type-options:
      - nosniff
      x-ms-operation-identifier:
      - tenantId=72f988bf-86f1-41af-91ab-2d7cd011db47,objectId=48f8229a-efaa-4c48-b7c8-08c675d698ec/eastus2euap/62b0787d-5bdf-47ed-b942-a76f162aacd4
      x-ms-ratelimit-remaining-subscription-writes:
      - '1181'
    status:
      code: 200
      message: OK
- request:
    body: null
    headers:
      Accept:
      - application/json
      Accept-Encoding:
      - gzip, deflate
      CommandName:
      - tsi event-source eventhub update
      Connection:
      - keep-alive
      ParameterSetName:
      - -g --environment-name --name --timestamp-property-name
      User-Agent:
      - AZURECLI/2.50.0 (PIP) azsdk-python-timeseriesinsightsclient/unknown Python/3.9.13
        (Windows-10-10.0.19045-SP0)
    method: GET
    uri: https://management.azure.com/subscriptions/00000000-0000-0000-0000-000000000000/resourceGroups/clitsi.rg000001/providers/Microsoft.TimeSeriesInsights/environments/cli-test-tsi-env000005/eventSources/cli-test-tsi-es000002?api-version=2020-05-15
  response:
    body:
      string: '{"kind":"Microsoft.EventHub","location":"westus","tags":{"CreatedOnDate":"2023-07-31T08:16:43.3741499Z"},"properties":{"eventSourceResourceId":"/subscriptions/00000000-0000-0000-0000-000000000000/resourceGroups/clitsi.rg000001/providers/Microsoft.EventHub/namespaces/cli-test-tsi-ehns000003/eventhubs/cli-test-tsi-eh000004","serviceBusNamespace":"cli-test-tsi-ehns000003","eventHubName":"cli-test-tsi-eh000004","consumerGroupName":"cgn","keyName":"RootManageSharedAccessKey","creationTime":"2023-07-31T08:16:44.1496451Z","provisioningState":"Succeeded","ingressStartAt":{"type":"EarliestAvailable"}},"id":"/subscriptions/00000000-0000-0000-0000-000000000000/resourceGroups/clitsi.rg000001/providers/Microsoft.TimeSeriesInsights/environments/cli-test-tsi-env000005/eventsources/cli-test-tsi-es000002","name":"cli-test-tsi-es000002","type":"Microsoft.TimeSeriesInsights/Environments/EventSources"}'
    headers:
      cache-control:
      - no-cache
      content-length:
      - '895'
      content-type:
      - application/json
      date:
      - Mon, 31 Jul 2023 08:16:45 GMT
      expires:
      - '-1'
      pragma:
      - no-cache
      server:
      - Microsoft-HTTPAPI/2.0
      strict-transport-security:
      - max-age=31536000; includeSubDomains
      transfer-encoding:
      - chunked
      vary:
      - Accept-Encoding
      x-content-type-options:
      - nosniff
    status:
      code: 200
      message: OK
- request:
    body: '{"properties": {"timestampPropertyName": "DeviceId1"}}'
    headers:
      Accept:
      - application/json
      Accept-Encoding:
      - gzip, deflate
      CommandName:
      - tsi event-source eventhub update
      Connection:
      - keep-alive
      Content-Length:
      - '54'
      Content-Type:
      - application/json
      ParameterSetName:
      - -g --environment-name --name --timestamp-property-name
      User-Agent:
      - AZURECLI/2.50.0 (PIP) azsdk-python-timeseriesinsightsclient/unknown Python/3.9.13
        (Windows-10-10.0.19045-SP0)
    method: PATCH
    uri: https://management.azure.com/subscriptions/00000000-0000-0000-0000-000000000000/resourceGroups/clitsi.rg000001/providers/Microsoft.TimeSeriesInsights/environments/cli-test-tsi-env000005/eventSources/cli-test-tsi-es000002?api-version=2020-05-15
  response:
    body:
      string: '{"kind":"Microsoft.EventHub","location":"westus","tags":{"CreatedOnDate":"2023-07-31T08:16:43.3741499Z"},"properties":{"eventSourceResourceId":"/subscriptions/00000000-0000-0000-0000-000000000000/resourceGroups/clitsi.rg000001/providers/Microsoft.EventHub/namespaces/cli-test-tsi-ehns000003/eventhubs/cli-test-tsi-eh000004","serviceBusNamespace":"cli-test-tsi-ehns000003","eventHubName":"cli-test-tsi-eh000004","consumerGroupName":"cgn","keyName":"RootManageSharedAccessKey","creationTime":"2023-07-31T08:16:44.1496451Z","provisioningState":"Succeeded","ingressStartAt":{"type":"EarliestAvailable"},"timestampPropertyName":"DeviceId1"},"id":"/subscriptions/00000000-0000-0000-0000-000000000000/resourceGroups/clitsi.rg000001/providers/Microsoft.TimeSeriesInsights/environments/cli-test-tsi-env000005/eventsources/cli-test-tsi-es000002","name":"cli-test-tsi-es000002","type":"Microsoft.TimeSeriesInsights/Environments/EventSources"}'
    headers:
      cache-control:
      - no-cache
      content-length:
      - '931'
      content-type:
      - application/json
      date:
      - Mon, 31 Jul 2023 08:16:47 GMT
      expires:
      - '-1'
      pragma:
      - no-cache
      server:
      - Microsoft-HTTPAPI/2.0
      strict-transport-security:
      - max-age=31536000; includeSubDomains
      transfer-encoding:
      - chunked
      vary:
      - Accept-Encoding
      x-content-type-options:
      - nosniff
      x-ms-ratelimit-remaining-subscription-writes:
      - '1179'
    status:
      code: 200
      message: OK
- request:
    body: '{"keyType": "PrimaryKey"}'
    headers:
      Accept:
      - application/json
      Accept-Encoding:
      - gzip, deflate
      CommandName:
      - eventhubs namespace authorization-rule keys renew
      Connection:
      - keep-alive
      Content-Length:
      - '25'
      Content-Type:
      - application/json
      ParameterSetName:
      - -g --namespace-name --name --key --query --output
      User-Agent:
      - AZURECLI/2.50.0 (PIP) (AAZ) azsdk-python-core/1.26.0 Python/3.9.13 (Windows-10-10.0.19045-SP0)
    method: POST
    uri: https://management.azure.com/subscriptions/00000000-0000-0000-0000-000000000000/resourceGroups/clitsi.rg000001/providers/Microsoft.EventHub/namespaces/cli-test-tsi-ehns000003/authorizationRules/RootManageSharedAccessKey/regenerateKeys?api-version=2023-01-01-preview
  response:
    body:
      string: '{"primaryConnectionString":"Endpoint=sb://cli-test-tsi-ehns000003.servicebus.windows.net/;SharedAccessKeyName=RootManageSharedAccessKey;SharedAccessKey=W5f0cIEwoCtcMo1cr0vwWhTWRGSiAYqJ2+AEhN/DxQY=","secondaryConnectionString":"Endpoint=sb://cli-test-tsi-ehns000003.servicebus.windows.net/;SharedAccessKeyName=RootManageSharedAccessKey;SharedAccessKey=uLzLR0fFcZp8IZuZWFUYdVlHwVGEurm2N+AEhEwRxGw=","primaryKey":"W5f0cIEwoCtcMo1cr0vwWhTWRGSiAYqJ2+AEhN/DxQY=","secondaryKey":"uLzLR0fFcZp8IZuZWFUYdVlHwVGEurm2N+AEhEwRxGw=","keyName":"RootManageSharedAccessKey"}'
    headers:
      cache-control:
      - no-cache
      content-length:
      - '557'
      content-type:
      - application/json; charset=utf-8
      date:
      - Mon, 31 Jul 2023 08:16:54 GMT
      expires:
      - '-1'
      pragma:
      - no-cache
      server:
      - Microsoft-HTTPAPI/2.0
      strict-transport-security:
      - max-age=31536000; includeSubDomains
      transfer-encoding:
      - chunked
      vary:
      - Accept-Encoding
      x-content-type-options:
      - nosniff
      x-ms-ratelimit-remaining-subscription-writes:
      - '1198'
    status:
      code: 200
      message: OK
- request:
    body: null
    headers:
      Accept:
      - application/json
      Accept-Encoding:
      - gzip, deflate
      CommandName:
      - tsi event-source eventhub update
      Connection:
      - keep-alive
      ParameterSetName:
      - -g --environment-name --name --shared-access-key --tags --timestamp-property-name
      User-Agent:
      - AZURECLI/2.50.0 (PIP) azsdk-python-timeseriesinsightsclient/unknown Python/3.9.13
        (Windows-10-10.0.19045-SP0)
    method: GET
    uri: https://management.azure.com/subscriptions/00000000-0000-0000-0000-000000000000/resourceGroups/clitsi.rg000001/providers/Microsoft.TimeSeriesInsights/environments/cli-test-tsi-env000005/eventSources/cli-test-tsi-es000002?api-version=2020-05-15
  response:
    body:
      string: '{"kind":"Microsoft.EventHub","location":"westus","tags":{"CreatedOnDate":"2023-07-31T08:16:43.3741499Z"},"properties":{"eventSourceResourceId":"/subscriptions/00000000-0000-0000-0000-000000000000/resourceGroups/clitsi.rg000001/providers/Microsoft.EventHub/namespaces/cli-test-tsi-ehns000003/eventhubs/cli-test-tsi-eh000004","serviceBusNamespace":"cli-test-tsi-ehns000003","eventHubName":"cli-test-tsi-eh000004","consumerGroupName":"cgn","keyName":"RootManageSharedAccessKey","creationTime":"2023-07-31T08:16:44.1496451Z","provisioningState":"Succeeded","ingressStartAt":{"type":"EarliestAvailable"},"timestampPropertyName":"DeviceId1"},"id":"/subscriptions/00000000-0000-0000-0000-000000000000/resourceGroups/clitsi.rg000001/providers/Microsoft.TimeSeriesInsights/environments/cli-test-tsi-env000005/eventsources/cli-test-tsi-es000002","name":"cli-test-tsi-es000002","type":"Microsoft.TimeSeriesInsights/Environments/EventSources"}'
    headers:
      cache-control:
      - no-cache
      content-length:
      - '931'
      content-type:
      - application/json
      date:
      - Mon, 31 Jul 2023 08:16:56 GMT
      expires:
      - '-1'
      pragma:
      - no-cache
      server:
      - Microsoft-HTTPAPI/2.0
      strict-transport-security:
      - max-age=31536000; includeSubDomains
      transfer-encoding:
      - chunked
      vary:
      - Accept-Encoding
      x-content-type-options:
      - nosniff
    status:
      code: 200
      message: OK
- request:
    body: '{"location": "westus", "tags": {"test": "tag"}, "kind": "Microsoft.EventHub",
      "properties": {"timestampPropertyName": "DeviceId1", "eventSourceResourceId":
      "/subscriptions/00000000-0000-0000-0000-000000000000/resourceGroups/clitsi.rg000001/providers/Microsoft.EventHub/namespaces/cli-test-tsi-ehns000003/eventhubs/cli-test-tsi-eh000004",
      "serviceBusNamespace": "cli-test-tsi-ehns000003", "eventHubName": "cli-test-tsi-eh000004",
      "consumerGroupName": "cgn", "keyName": "RootManageSharedAccessKey", "sharedAccessKey":
      "W5f0cIEwoCtcMo1cr0vwWhTWRGSiAYqJ2+AEhN/DxQY="}}'
    headers:
      Accept:
      - application/json
      Accept-Encoding:
      - gzip, deflate
      CommandName:
      - tsi event-source eventhub update
      Connection:
      - keep-alive
      Content-Length:
      - '564'
      Content-Type:
      - application/json
      ParameterSetName:
      - -g --environment-name --name --shared-access-key --tags --timestamp-property-name
      User-Agent:
      - AZURECLI/2.50.0 (PIP) azsdk-python-timeseriesinsightsclient/unknown Python/3.9.13
        (Windows-10-10.0.19045-SP0)
    method: PUT
    uri: https://management.azure.com/subscriptions/00000000-0000-0000-0000-000000000000/resourceGroups/clitsi.rg000001/providers/Microsoft.TimeSeriesInsights/environments/cli-test-tsi-env000005/eventSources/cli-test-tsi-es000002?api-version=2020-05-15
  response:
    body:
      string: '{"kind":"Microsoft.EventHub","location":"westus","tags":{"test":"tag","CreatedOnDate":"2023-07-31T08:16:57.7169783Z"},"properties":{"timestampPropertyName":"DeviceId1","eventSourceResourceId":"/subscriptions/00000000-0000-0000-0000-000000000000/resourceGroups/clitsi.rg000001/providers/Microsoft.EventHub/namespaces/cli-test-tsi-ehns000003/eventhubs/cli-test-tsi-eh000004","serviceBusNamespace":"cli-test-tsi-ehns000003","eventHubName":"cli-test-tsi-eh000004","consumerGroupName":"cgn","keyName":"RootManageSharedAccessKey","creationTime":"2023-07-31T08:16:44.1496451Z","provisioningState":"Succeeded","ingressStartAt":{"type":"EarliestAvailable"}},"id":"/subscriptions/00000000-0000-0000-0000-000000000000/resourceGroups/clitsi.rg000001/providers/Microsoft.TimeSeriesInsights/environments/cli-test-tsi-env000005/eventsources/cli-test-tsi-es000002","name":"cli-test-tsi-es000002","type":"Microsoft.TimeSeriesInsights/Environments/EventSources"}'
    headers:
      cache-control:
      - no-cache
      content-length:
      - '944'
      content-type:
      - application/json
      date:
      - Mon, 31 Jul 2023 08:16:59 GMT
      expires:
      - '-1'
      pragma:
      - no-cache
      server:
      - Microsoft-HTTPAPI/2.0
      strict-transport-security:
      - max-age=31536000; includeSubDomains
      transfer-encoding:
      - chunked
      vary:
      - Accept-Encoding
      x-content-type-options:
      - nosniff
      x-ms-operation-identifier:
      - tenantId=72f988bf-86f1-41af-91ab-2d7cd011db47,objectId=48f8229a-efaa-4c48-b7c8-08c675d698ec/eastus2euap/1f6d6e70-e71c-4d99-b3df-e009ac67a338
      x-ms-ratelimit-remaining-subscription-writes:
      - '1185'
    status:
      code: 200
      message: OK
- request:
    body: null
    headers:
      Accept:
      - application/json
      Accept-Encoding:
      - gzip, deflate
      CommandName:
      - tsi event-source list
      Connection:
      - keep-alive
      ParameterSetName:
      - -g --environment-name
      User-Agent:
      - AZURECLI/2.50.0 (PIP) azsdk-python-timeseriesinsightsclient/unknown Python/3.9.13
        (Windows-10-10.0.19045-SP0)
    method: GET
    uri: https://management.azure.com/subscriptions/00000000-0000-0000-0000-000000000000/resourceGroups/clitsi.rg000001/providers/Microsoft.TimeSeriesInsights/environments/cli-test-tsi-env000005/eventSources?api-version=2020-05-15
  response:
    body:
      string: '{"value":[{"kind":"Microsoft.EventHub","location":"westus","tags":{"test":"tag","CreatedOnDate":"2023-07-31T08:16:57.7169783Z"},"properties":{"timestampPropertyName":"DeviceId1","eventSourceResourceId":"/subscriptions/00000000-0000-0000-0000-000000000000/resourceGroups/clitsi.rg000001/providers/Microsoft.EventHub/namespaces/cli-test-tsi-ehns000003/eventhubs/cli-test-tsi-eh000004","serviceBusNamespace":"cli-test-tsi-ehns000003","eventHubName":"cli-test-tsi-eh000004","consumerGroupName":"cgn","keyName":"RootManageSharedAccessKey","creationTime":"2023-07-31T08:16:44.1496451Z","provisioningState":"Succeeded","ingressStartAt":{"type":"EarliestAvailable"}},"id":"/subscriptions/00000000-0000-0000-0000-000000000000/resourceGroups/clitsi.rg000001/providers/Microsoft.TimeSeriesInsights/environments/cli-test-tsi-env000005/eventsources/cli-test-tsi-es000002","name":"cli-test-tsi-es000002","type":"Microsoft.TimeSeriesInsights/Environments/EventSources"}]}'
    headers:
      cache-control:
      - no-cache
      content-length:
      - '956'
      content-type:
      - application/json
      date:
      - Mon, 31 Jul 2023 08:17:00 GMT
      expires:
      - '-1'
      pragma:
      - no-cache
      server:
      - Microsoft-HTTPAPI/2.0
      strict-transport-security:
      - max-age=31536000; includeSubDomains
      transfer-encoding:
      - chunked
      vary:
      - Accept-Encoding
      x-content-type-options:
      - nosniff
    status:
      code: 200
      message: OK
- request:
    body: null
    headers:
      Accept:
      - application/json
      Accept-Encoding:
      - gzip, deflate
      CommandName:
      - tsi event-source show
      Connection:
      - keep-alive
      ParameterSetName:
      - -g --environment-name -n
      User-Agent:
      - AZURECLI/2.50.0 (PIP) azsdk-python-timeseriesinsightsclient/unknown Python/3.9.13
        (Windows-10-10.0.19045-SP0)
    method: GET
    uri: https://management.azure.com/subscriptions/00000000-0000-0000-0000-000000000000/resourceGroups/clitsi.rg000001/providers/Microsoft.TimeSeriesInsights/environments/cli-test-tsi-env000005/eventSources/cli-test-tsi-es000002?api-version=2020-05-15
  response:
    body:
      string: '{"kind":"Microsoft.EventHub","location":"westus","tags":{"test":"tag","CreatedOnDate":"2023-07-31T08:16:57.7169783Z"},"properties":{"timestampPropertyName":"DeviceId1","eventSourceResourceId":"/subscriptions/00000000-0000-0000-0000-000000000000/resourceGroups/clitsi.rg000001/providers/Microsoft.EventHub/namespaces/cli-test-tsi-ehns000003/eventhubs/cli-test-tsi-eh000004","serviceBusNamespace":"cli-test-tsi-ehns000003","eventHubName":"cli-test-tsi-eh000004","consumerGroupName":"cgn","keyName":"RootManageSharedAccessKey","creationTime":"2023-07-31T08:16:44.1496451Z","provisioningState":"Succeeded","ingressStartAt":{"type":"EarliestAvailable"}},"id":"/subscriptions/00000000-0000-0000-0000-000000000000/resourceGroups/clitsi.rg000001/providers/Microsoft.TimeSeriesInsights/environments/cli-test-tsi-env000005/eventsources/cli-test-tsi-es000002","name":"cli-test-tsi-es000002","type":"Microsoft.TimeSeriesInsights/Environments/EventSources"}'
    headers:
      cache-control:
      - no-cache
      content-length:
      - '944'
      content-type:
      - application/json
      date:
      - Mon, 31 Jul 2023 08:17:02 GMT
      expires:
      - '-1'
      pragma:
      - no-cache
      server:
      - Microsoft-HTTPAPI/2.0
      strict-transport-security:
      - max-age=31536000; includeSubDomains
      transfer-encoding:
      - chunked
      vary:
      - Accept-Encoding
      x-content-type-options:
      - nosniff
    status:
      code: 200
      message: OK
- request:
    body: null
    headers:
      Accept:
      - application/json
      Accept-Encoding:
      - gzip, deflate
      CommandName:
      - tsi event-source delete
      Connection:
      - keep-alive
      Content-Length:
      - '0'
      ParameterSetName:
      - -g --environment-name -n --yes
      User-Agent:
      - AZURECLI/2.50.0 (PIP) azsdk-python-timeseriesinsightsclient/unknown Python/3.9.13
        (Windows-10-10.0.19045-SP0)
    method: DELETE
    uri: https://management.azure.com/subscriptions/00000000-0000-0000-0000-000000000000/resourceGroups/clitsi.rg000001/providers/Microsoft.TimeSeriesInsights/environments/cli-test-tsi-env000005/eventSources/cli-test-tsi-es000002?api-version=2020-05-15
  response:
    body:
      string: ''
    headers:
      cache-control:
      - no-cache
      content-length:
      - '0'
      date:
      - Mon, 31 Jul 2023 08:17:08 GMT
      expires:
      - '-1'
      pragma:
      - no-cache
      server:
      - Microsoft-HTTPAPI/2.0
      strict-transport-security:
      - max-age=31536000; includeSubDomains
      x-content-type-options:
      - nosniff
      x-ms-ratelimit-remaining-subscription-deletes:
      - '14998'
    status:
      code: 200
      message: OK
version: 1
