interactions:
- request:
    body: null
    headers:
      Accept:
      - application/json
      Accept-Encoding:
      - gzip, deflate
      CommandName:
      - storage account keys list
      Connection:
      - keep-alive
      Content-Length:
      - '0'
      ParameterSetName:
      - -g -n --query --output
      User-Agent:
      - AZURECLI/2.16.0 azsdk-python-azure-mgmt-storage/16.0.0 Python/3.8.6 (Windows-10-10.0.19041-SP0)
    method: POST
    uri: https://management.azure.com/subscriptions/00000000-0000-0000-0000-000000000000/resourceGroups/clitsi.rg000001/providers/Microsoft.Storage/storageAccounts/clitest000002/listKeys?api-version=2019-06-01&$expand=kerb
  response:
    body:
      string: '{"keys":[{"keyName":"key1","value":"veryFakedStorageAccountKey==","permissions":"FULL"},{"keyName":"key2","value":"veryFakedStorageAccountKey==","permissions":"FULL"}]}'
    headers:
      cache-control:
      - no-cache
      content-length:
      - '288'
      content-type:
      - application/json
      date:
      - Wed, 23 Dec 2020 06:18:06 GMT
      expires:
      - '-1'
      pragma:
      - no-cache
      server:
      - Microsoft-Azure-Storage-Resource-Provider/1.0,Microsoft-HTTPAPI/2.0 Microsoft-HTTPAPI/2.0
      strict-transport-security:
      - max-age=31536000; includeSubDomains
      transfer-encoding:
      - chunked
      vary:
      - Accept-Encoding
      x-content-type-options:
      - nosniff
      x-ms-ratelimit-remaining-subscription-resource-requests:
      - '11999'
    status:
      code: 200
      message: OK
- request:
    body: null
    headers:
      Accept:
      - application/json
      Accept-Encoding:
      - gzip, deflate
      CommandName:
      - tsi env gen2 create
      Connection:
      - keep-alive
      ParameterSetName:
      - --resource-group --name --sku --time-series-id-properties --storage-configuration
      User-Agent:
      - python/3.8.6 (Windows-10-10.0.19041-SP0) msrest/0.6.18 msrest_azure/0.6.3
        azure-mgmt-resource/10.3.0 Azure-SDK-For-Python AZURECLI/2.16.0
      accept-language:
      - en-US
    method: GET
    uri: https://management.azure.com/subscriptions/00000000-0000-0000-0000-000000000000/resourcegroups/clitsi.rg000001?api-version=2020-06-01
  response:
    body:
      string: '{"id":"/subscriptions/00000000-0000-0000-0000-000000000000/resourceGroups/clitsi.rg000001","name":"clitsi.rg000001","type":"Microsoft.Resources/resourceGroups","location":"westus","tags":{"product":"azurecli","cause":"automation","date":"2020-12-23T06:17:36Z"},"properties":{"provisioningState":"Succeeded"}}'
    headers:
      cache-control:
      - no-cache
      content-length:
      - '428'
      content-type:
      - application/json; charset=utf-8
      date:
      - Wed, 23 Dec 2020 06:18:07 GMT
      expires:
      - '-1'
      pragma:
      - no-cache
      strict-transport-security:
      - max-age=31536000; includeSubDomains
      vary:
      - Accept-Encoding
      x-content-type-options:
      - nosniff
    status:
      code: 200
      message: OK
- request:
    body: '{"location": "westus", "kind": "Gen2", "sku": {"name": "L1", "capacity":
      1}, "properties": {"timeSeriesIdProperties": [{"name": "DeviceId1", "type":
      "String"}], "storageConfiguration": {"accountName": "clitest000002", "managementKey":
      "veryFakedStorageAccountKey=="}}}'
    headers:
      Accept:
      - application/json
      Accept-Encoding:
      - gzip, deflate
      CommandName:
      - tsi env gen2 create
      Connection:
      - keep-alive
      Content-Length:
      - '339'
      Content-Type:
      - application/json
      ParameterSetName:
      - --resource-group --name --sku --time-series-id-properties --storage-configuration
      User-Agent:
      - AZURECLI/2.16.0 azsdk-python-timeseriesinsightsclient/unknown Python/3.8.6
        (Windows-10-10.0.19041-SP0)
    method: PUT
    uri: https://management.azure.com/subscriptions/00000000-0000-0000-0000-000000000000/resourceGroups/clitsi.rg000001/providers/Microsoft.TimeSeriesInsights/environments/cli-test-tsi-env2000003?api-version=2020-05-15
  response:
    body:
      string: '{"sku":{"name":"L1","capacity":1},"kind":"Gen2","location":"westus","tags":null,"properties":{"timeSeriesIdProperties":[{"name":"DeviceId1","type":"String"}],"storageConfiguration":{"accountName":"clitest000002"},"creationTime":"2020-12-23T06:18:15.2315664+00:00","provisioningState":"Accepted","dataAccessId":"94925e85-7982-4140-9828-06f6f493df6d","dataAccessFqdn":"94925e85-7982-4140-9828-06f6f493df6d.env.timeseries.azure.com","requestApiVersion":"2020-05-15"},"id":"/subscriptions/00000000-0000-0000-0000-000000000000/resourceGroups/clitsi.rg000001/providers/Microsoft.TimeSeriesInsights/environments/cli-test-tsi-env2000003","name":"cli-test-tsi-env2000003","type":"Microsoft.TimeSeriesInsights/Environments"}'
    headers:
      cache-control:
      - no-cache
      content-length:
      - '787'
      content-type:
      - application/json
      date:
      - Wed, 23 Dec 2020 06:18:17 GMT
      expires:
      - '-1'
      pragma:
      - no-cache
      server:
      - Microsoft-HTTPAPI/2.0
      strict-transport-security:
      - max-age=31536000; includeSubDomains
      x-content-type-options:
      - nosniff
      x-ms-ratelimit-remaining-subscription-writes:
      - '1199'
    status:
      code: 201
      message: Created
- request:
    body: null
    headers:
      Accept:
      - '*/*'
      Accept-Encoding:
      - gzip, deflate
      CommandName:
      - tsi env gen2 create
      Connection:
      - keep-alive
      ParameterSetName:
      - --resource-group --name --sku --time-series-id-properties --storage-configuration
      User-Agent:
      - AZURECLI/2.16.0 azsdk-python-timeseriesinsightsclient/unknown Python/3.8.6
        (Windows-10-10.0.19041-SP0)
    method: GET
    uri: https://management.azure.com/subscriptions/00000000-0000-0000-0000-000000000000/resourceGroups/clitsi.rg000001/providers/Microsoft.TimeSeriesInsights/environments/cli-test-tsi-env2000003?api-version=2020-05-15
  response:
    body:
      string: '{"sku":{"name":"L1","capacity":1},"kind":"Gen2","location":"westus","tags":null,"properties":{"timeSeriesIdProperties":[{"name":"DeviceId1","type":"String"}],"storageConfiguration":{"accountName":"clitest000002"},"creationTime":"2020-12-23T06:18:15.2315664Z","provisioningState":"Succeeded","requestApiVersion":"2020-05-15","dataAccessId":"94925e85-7982-4140-9828-06f6f493df6d","dataAccessFqdn":"94925e85-7982-4140-9828-06f6f493df6d.env.timeseries.azure.com"},"id":"/subscriptions/00000000-0000-0000-0000-000000000000/resourceGroups/clitsi.rg000001/providers/Microsoft.TimeSeriesInsights/environments/cli-test-tsi-env2000003","name":"cli-test-tsi-env2000003","type":"Microsoft.TimeSeriesInsights/Environments"}'
    headers:
      cache-control:
      - no-cache
      content-length:
      - '783'
      content-type:
      - application/json
      date:
      - Wed, 23 Dec 2020 06:18:48 GMT
      expires:
      - '-1'
      pragma:
      - no-cache
      server:
      - Microsoft-HTTPAPI/2.0
      strict-transport-security:
      - max-age=31536000; includeSubDomains
      transfer-encoding:
      - chunked
      vary:
      - Accept-Encoding
      x-content-type-options:
      - nosniff
    status:
      code: 200
      message: OK
- request:
    body: null
    headers:
      Accept:
      - application/json
      Accept-Encoding:
      - gzip, deflate
      CommandName:
      - tsi env show
      Connection:
      - keep-alive
      ParameterSetName:
      - --resource-group --name
      User-Agent:
      - AZURECLI/2.16.0 azsdk-python-timeseriesinsightsclient/unknown Python/3.8.6
        (Windows-10-10.0.19041-SP0)
    method: GET
    uri: https://management.azure.com/subscriptions/00000000-0000-0000-0000-000000000000/resourceGroups/clitsi.rg000001/providers/Microsoft.TimeSeriesInsights/environments/cli-test-tsi-env2000003?api-version=2020-05-15
  response:
    body:
      string: '{"sku":{"name":"L1","capacity":1},"kind":"Gen2","location":"westus","tags":null,"properties":{"timeSeriesIdProperties":[{"name":"DeviceId1","type":"String"}],"storageConfiguration":{"accountName":"clitest000002"},"creationTime":"2020-12-23T06:18:15.2315664Z","provisioningState":"Succeeded","requestApiVersion":"2020-05-15","dataAccessId":"94925e85-7982-4140-9828-06f6f493df6d","dataAccessFqdn":"94925e85-7982-4140-9828-06f6f493df6d.env.timeseries.azure.com"},"id":"/subscriptions/00000000-0000-0000-0000-000000000000/resourceGroups/clitsi.rg000001/providers/Microsoft.TimeSeriesInsights/environments/cli-test-tsi-env2000003","name":"cli-test-tsi-env2000003","type":"Microsoft.TimeSeriesInsights/Environments"}'
    headers:
      cache-control:
      - no-cache
      content-length:
      - '783'
      content-type:
      - application/json
      date:
      - Wed, 23 Dec 2020 06:18:49 GMT
      expires:
      - '-1'
      pragma:
      - no-cache
      server:
      - Microsoft-HTTPAPI/2.0
      strict-transport-security:
      - max-age=31536000; includeSubDomains
      transfer-encoding:
      - chunked
      vary:
      - Accept-Encoding
      x-content-type-options:
      - nosniff
    status:
      code: 200
      message: OK
- request:
    body: null
    headers:
      Accept:
      - application/json
      Accept-Encoding:
      - gzip, deflate
      CommandName:
      - tsi env gen2 update
      Connection:
      - keep-alive
      ParameterSetName:
      - --resource-group --name --warm-store-configuration --storage-configuration
      User-Agent:
      - AZURECLI/2.16.0 azsdk-python-timeseriesinsightsclient/unknown Python/3.8.6
        (Windows-10-10.0.19041-SP0)
    method: GET
    uri: https://management.azure.com/subscriptions/00000000-0000-0000-0000-000000000000/resourceGroups/clitsi.rg000001/providers/Microsoft.TimeSeriesInsights/environments/cli-test-tsi-env2000003?api-version=2020-05-15
  response:
    body:
      string: '{"sku":{"name":"L1","capacity":1},"kind":"Gen2","location":"westus","tags":null,"properties":{"timeSeriesIdProperties":[{"name":"DeviceId1","type":"String"}],"storageConfiguration":{"accountName":"clitest000002"},"creationTime":"2020-12-23T06:18:15.2315664Z","provisioningState":"Succeeded","requestApiVersion":"2020-05-15","dataAccessId":"94925e85-7982-4140-9828-06f6f493df6d","dataAccessFqdn":"94925e85-7982-4140-9828-06f6f493df6d.env.timeseries.azure.com"},"id":"/subscriptions/00000000-0000-0000-0000-000000000000/resourceGroups/clitsi.rg000001/providers/Microsoft.TimeSeriesInsights/environments/cli-test-tsi-env2000003","name":"cli-test-tsi-env2000003","type":"Microsoft.TimeSeriesInsights/Environments"}'
    headers:
      cache-control:
      - no-cache
      content-length:
      - '783'
      content-type:
      - application/json
      date:
      - Wed, 23 Dec 2020 06:18:51 GMT
      expires:
      - '-1'
      pragma:
      - no-cache
      server:
      - Microsoft-HTTPAPI/2.0
      strict-transport-security:
      - max-age=31536000; includeSubDomains
      transfer-encoding:
      - chunked
      vary:
      - Accept-Encoding
      x-content-type-options:
      - nosniff
    status:
      code: 200
      message: OK
- request:
    body: '{"location": "westus", "kind": "Gen2", "sku": {"name": "L1", "capacity":
      1}, "properties": {"timeSeriesIdProperties": [{"name": "DeviceId1", "type":
      "String"}], "storageConfiguration": {"accountName": "clitest000002", "managementKey":
      "veryFakedStorageAccountKey=="}, "warmStoreConfiguration": {"dataRetention":
      "P30D"}}}'
    headers:
      Accept:
      - application/json
      Accept-Encoding:
      - gzip, deflate
      CommandName:
      - tsi env gen2 update
      Connection:
      - keep-alive
      Content-Length:
      - '392'
      Content-Type:
      - application/json
      ParameterSetName:
      - --resource-group --name --warm-store-configuration --storage-configuration
      User-Agent:
      - AZURECLI/2.16.0 azsdk-python-timeseriesinsightsclient/unknown Python/3.8.6
        (Windows-10-10.0.19041-SP0)
    method: PUT
    uri: https://management.azure.com/subscriptions/00000000-0000-0000-0000-000000000000/resourceGroups/clitsi.rg000001/providers/Microsoft.TimeSeriesInsights/environments/cli-test-tsi-env2000003?api-version=2020-05-15
  response:
    body:
      string: '{"sku":{"name":"L1","capacity":1},"kind":"Gen2","location":"westus","tags":null,"properties":{"timeSeriesIdProperties":[{"name":"DeviceId1","type":"String"}],"storageConfiguration":{"accountName":"clitest000002"},"warmStoreConfiguration":{"dataRetention":"P30D"},"creationTime":"2020-12-23T06:18:15.2315664Z","provisioningState":"Updating","requestApiVersion":"2020-05-15","dataAccessId":"94925e85-7982-4140-9828-06f6f493df6d","dataAccessFqdn":"94925e85-7982-4140-9828-06f6f493df6d.env.timeseries.azure.com"},"id":"/subscriptions/00000000-0000-0000-0000-000000000000/resourceGroups/clitsi.rg000001/providers/Microsoft.TimeSeriesInsights/environments/cli-test-tsi-env2000003","name":"cli-test-tsi-env2000003","type":"Microsoft.TimeSeriesInsights/Environments"}'
    headers:
      cache-control:
      - no-cache
      content-length:
      - '832'
      content-type:
      - application/json
      date:
      - Wed, 23 Dec 2020 06:18:52 GMT
      expires:
      - '-1'
      pragma:
      - no-cache
      server:
      - Microsoft-HTTPAPI/2.0
      strict-transport-security:
      - max-age=31536000; includeSubDomains
      transfer-encoding:
      - chunked
      vary:
      - Accept-Encoding
      x-content-type-options:
      - nosniff
      x-ms-ratelimit-remaining-subscription-writes:
      - '1198'
    status:
      code: 200
      message: OK
- request:
    body: null
    headers:
      Accept:
      - '*/*'
      Accept-Encoding:
      - gzip, deflate
      CommandName:
      - tsi env gen2 update
      Connection:
      - keep-alive
      ParameterSetName:
      - --resource-group --name --warm-store-configuration --storage-configuration
      User-Agent:
      - AZURECLI/2.16.0 azsdk-python-timeseriesinsightsclient/unknown Python/3.8.6
        (Windows-10-10.0.19041-SP0)
    method: GET
    uri: https://management.azure.com/subscriptions/00000000-0000-0000-0000-000000000000/resourceGroups/clitsi.rg000001/providers/Microsoft.TimeSeriesInsights/environments/cli-test-tsi-env2000003?api-version=2020-05-15
  response:
    body:
      string: '{"sku":{"name":"L1","capacity":1},"kind":"Gen2","location":"westus","tags":null,"properties":{"timeSeriesIdProperties":[{"name":"DeviceId1","type":"String"}],"storageConfiguration":{"accountName":"clitest000002"},"warmStoreConfiguration":{"dataRetention":"P30D"},"creationTime":"2020-12-23T06:18:15.2315664Z","provisioningState":"Updating","requestApiVersion":"2020-05-15","dataAccessId":"94925e85-7982-4140-9828-06f6f493df6d","dataAccessFqdn":"94925e85-7982-4140-9828-06f6f493df6d.env.timeseries.azure.com"},"id":"/subscriptions/00000000-0000-0000-0000-000000000000/resourceGroups/clitsi.rg000001/providers/Microsoft.TimeSeriesInsights/environments/cli-test-tsi-env2000003","name":"cli-test-tsi-env2000003","type":"Microsoft.TimeSeriesInsights/Environments"}'
    headers:
      cache-control:
      - no-cache
      content-length:
      - '832'
      content-type:
      - application/json
      date:
      - Wed, 23 Dec 2020 06:19:22 GMT
      expires:
      - '-1'
      pragma:
      - no-cache
      server:
      - Microsoft-HTTPAPI/2.0
      strict-transport-security:
      - max-age=31536000; includeSubDomains
      transfer-encoding:
      - chunked
      vary:
      - Accept-Encoding
      x-content-type-options:
      - nosniff
    status:
      code: 200
      message: OK
- request:
    body: null
    headers:
      Accept:
      - '*/*'
      Accept-Encoding:
      - gzip, deflate
      CommandName:
      - tsi env gen2 update
      Connection:
      - keep-alive
      ParameterSetName:
      - --resource-group --name --warm-store-configuration --storage-configuration
      User-Agent:
      - AZURECLI/2.16.0 azsdk-python-timeseriesinsightsclient/unknown Python/3.8.6
        (Windows-10-10.0.19041-SP0)
    method: GET
    uri: https://management.azure.com/subscriptions/00000000-0000-0000-0000-000000000000/resourceGroups/clitsi.rg000001/providers/Microsoft.TimeSeriesInsights/environments/cli-test-tsi-env2000003?api-version=2020-05-15
  response:
    body:
      string: '{"sku":{"name":"L1","capacity":1},"kind":"Gen2","location":"westus","tags":null,"properties":{"timeSeriesIdProperties":[{"name":"DeviceId1","type":"String"}],"storageConfiguration":{"accountName":"clitest000002"},"warmStoreConfiguration":{"dataRetention":"P30D"},"creationTime":"2020-12-23T06:18:15.2315664Z","provisioningState":"Succeeded","requestApiVersion":"2020-05-15","dataAccessId":"94925e85-7982-4140-9828-06f6f493df6d","dataAccessFqdn":"94925e85-7982-4140-9828-06f6f493df6d.env.timeseries.azure.com"},"id":"/subscriptions/00000000-0000-0000-0000-000000000000/resourceGroups/clitsi.rg000001/providers/Microsoft.TimeSeriesInsights/environments/cli-test-tsi-env2000003","name":"cli-test-tsi-env2000003","type":"Microsoft.TimeSeriesInsights/Environments"}'
    headers:
      cache-control:
      - no-cache
      content-length:
      - '833'
      content-type:
      - application/json
      date:
      - Wed, 23 Dec 2020 06:19:53 GMT
      expires:
      - '-1'
      pragma:
      - no-cache
      server:
      - Microsoft-HTTPAPI/2.0
      strict-transport-security:
      - max-age=31536000; includeSubDomains
      transfer-encoding:
      - chunked
      vary:
      - Accept-Encoding
      x-content-type-options:
      - nosniff
    status:
      code: 200
      message: OK
version: 1
