interactions:
- request:
    body: null
    headers:
      Accept:
      - application/json
      Accept-Encoding:
      - gzip, deflate
      CommandName:
      - timeseriesinsights environment standard create
      Connection:
      - keep-alive
      ParameterSetName:
      - --resource-group --name --sku-name --sku-capacity --data-retention-time --partition-key-properties
        --storage-limit-exceeded-behavior
      User-Agent:
      - python/3.8.2 (Windows-10-10.0.18362-SP0) msrest/0.6.11 msrest_azure/0.6.3
        azure-mgmt-resource/8.0.1 Azure-SDK-For-Python AZURECLI/2.3.1
      accept-language:
      - en-US
    method: GET
    uri: https://management.azure.com/subscriptions/00000000-0000-0000-0000-000000000000/resourcegroups/cli_test_timeseriesinsights000001?api-version=2019-07-01
  response:
    body:
      string: '{"id":"/subscriptions/00000000-0000-0000-0000-000000000000/resourceGroups/cli_test_timeseriesinsights000001","name":"cli_test_timeseriesinsights000001","type":"Microsoft.Resources/resourceGroups","location":"westus","tags":{"product":"azurecli","cause":"automation","date":"2020-04-09T08:40:28Z","StorageType":"Standard_LRS","type":"test"},"properties":{"provisioningState":"Succeeded"}}'
    headers:
      cache-control:
      - no-cache
      content-length:
      - '471'
      content-type:
      - application/json; charset=utf-8
      date:
      - Thu, 09 Apr 2020 08:40:35 GMT
      expires:
      - '-1'
      pragma:
      - no-cache
      strict-transport-security:
      - max-age=31536000; includeSubDomains
      vary:
      - Accept-Encoding
      x-content-type-options:
      - nosniff
    status:
      code: 200
      message: OK
- request:
    body: '{"location": "westus", "sku": {"name": "S1", "capacity": 1}, "kind": "Standard",
      "properties": {"dataRetentionTime": "P7D", "storageLimitExceededBehavior": "PauseIngress",
      "partitionKeyProperties": [{"name": "DeviceId1", "type": "String"}]}}'
    headers:
      Accept:
      - application/json
      Accept-Encoding:
      - gzip, deflate
      CommandName:
      - timeseriesinsights environment standard create
      Connection:
      - keep-alive
      Content-Length:
      - '241'
      Content-Type:
      - application/json; charset=utf-8
      ParameterSetName:
      - --resource-group --name --sku-name --sku-capacity --data-retention-time --partition-key-properties
        --storage-limit-exceeded-behavior
      User-Agent:
      - python/3.8.2 (Windows-10-10.0.18362-SP0) msrest/0.6.11 msrest_azure/0.6.3
        azure-mgmt-timeseriesinsights/0.2.0 Azure-SDK-For-Python AZURECLI/2.3.1
      accept-language:
      - en-US
    method: PUT
    uri: https://management.azure.com/subscriptions/00000000-0000-0000-0000-000000000000/resourceGroups/cli_test_timeseriesinsights000001/providers/Microsoft.TimeSeriesInsights/environments/cli-test-tsi-env000002?api-version=2018-08-15-preview
  response:
    body:
      string: '{"sku":{"name":"S1","capacity":1},"kind":"Standard","location":"westus","tags":null,"properties":{"dataRetentionTime":"P7D","storageLimitExceededBehavior":"PauseIngress","partitionKeyProperties":[{"name":"DeviceId1","type":"String"}],"creationTime":"2020-04-09T08:40:44+00:00","provisioningState":"Accepted","dataAccessId":"e9afcdfe-e6bd-43a6-a070-eb1e82f386e6","dataAccessFqdn":"e9afcdfe-e6bd-43a6-a070-eb1e82f386e6.env.timeseries.azure.com","requestApiVersion":"2018-08-15-preview"},"id":"/subscriptions/00000000-0000-0000-0000-000000000000/resourceGroups/cli_test_timeseriesinsights000001/providers/Microsoft.TimeSeriesInsights/environments/cli-test-tsi-env000002","name":"cli-test-tsi-env000002","type":"Microsoft.TimeSeriesInsights/Environments"}'
    headers:
      cache-control:
      - no-cache
      content-length:
      - '797'
      content-type:
      - application/json
      date:
      - Thu, 09 Apr 2020 08:40:46 GMT
      expires:
      - '-1'
      pragma:
      - no-cache
      server:
      - Microsoft-HTTPAPI/2.0
      strict-transport-security:
      - max-age=31536000; includeSubDomains
      x-content-type-options:
      - nosniff
      x-ms-ratelimit-remaining-subscription-writes:
      - '1198'
    status:
      code: 201
      message: Created
- request:
    body: null
    headers:
      Accept:
      - application/json
      Accept-Encoding:
      - gzip, deflate
      CommandName:
      - timeseriesinsights environment standard create
      Connection:
      - keep-alive
      ParameterSetName:
      - --resource-group --name --sku-name --sku-capacity --data-retention-time --partition-key-properties
        --storage-limit-exceeded-behavior
      User-Agent:
      - python/3.8.2 (Windows-10-10.0.18362-SP0) msrest/0.6.11 msrest_azure/0.6.3
        azure-mgmt-timeseriesinsights/0.2.0 Azure-SDK-For-Python AZURECLI/2.3.1
    method: GET
    uri: https://management.azure.com/subscriptions/00000000-0000-0000-0000-000000000000/resourceGroups/cli_test_timeseriesinsights000001/providers/Microsoft.TimeSeriesInsights/environments/cli-test-tsi-env000002?api-version=2018-08-15-preview
  response:
    body:
      string: '{"sku":{"name":"S1","capacity":1},"kind":"Standard","location":"westus","tags":null,"properties":{"dataRetentionTime":"P7D","storageLimitExceededBehavior":"PauseIngress","partitionKeyProperties":[{"name":"DeviceId1","type":"String"}],"creationTime":"Thu,
        09 Apr 2020 08:40:44 GMT","provisioningState":"Succeeded","requestApiVersion":"2018-08-15-preview","dataAccessId":"e9afcdfe-e6bd-43a6-a070-eb1e82f386e6","dataAccessFqdn":"e9afcdfe-e6bd-43a6-a070-eb1e82f386e6.env.timeseries.azure.com"},"id":"/subscriptions/00000000-0000-0000-0000-000000000000/resourceGroups/cli_test_timeseriesinsights000001/providers/Microsoft.TimeSeriesInsights/environments/cli-test-tsi-env000002","name":"cli-test-tsi-env000002","type":"Microsoft.TimeSeriesInsights/Environments"}'
    headers:
      cache-control:
      - no-cache
      content-length:
      - '802'
      content-type:
      - application/json
      date:
      - Thu, 09 Apr 2020 08:41:17 GMT
      expires:
      - '-1'
      pragma:
      - no-cache
      server:
      - Microsoft-HTTPAPI/2.0
      strict-transport-security:
      - max-age=31536000; includeSubDomains
      transfer-encoding:
      - chunked
      vary:
      - Accept-Encoding
      x-content-type-options:
      - nosniff
    status:
      code: 200
      message: OK
- request:
    body: '{"sku": {"name": "S1", "capacity": 2}}'
    headers:
      Accept:
      - application/json
      Accept-Encoding:
      - gzip, deflate
      CommandName:
      - timeseriesinsights environment standard update
      Connection:
      - keep-alive
      Content-Length:
      - '38'
      Content-Type:
      - application/json; charset=utf-8
      ParameterSetName:
      - --resource-group --name --sku-name --sku-capacity
      User-Agent:
      - python/3.8.2 (Windows-10-10.0.18362-SP0) msrest/0.6.11 msrest_azure/0.6.3
        azure-mgmt-timeseriesinsights/0.2.0 Azure-SDK-For-Python AZURECLI/2.3.1
      accept-language:
      - en-US
    method: PATCH
    uri: https://management.azure.com/subscriptions/00000000-0000-0000-0000-000000000000/resourceGroups/cli_test_timeseriesinsights000001/providers/Microsoft.TimeSeriesInsights/environments/cli-test-tsi-env000002?api-version=2018-08-15-preview
  response:
    body:
      string: '{"sku":{"name":"S1","capacity":2},"kind":"Standard","location":"westus","tags":{},"properties":{"dataRetentionTime":"P7D","storageLimitExceededBehavior":"PauseIngress","partitionKeyProperties":[{"name":"DeviceId1","type":"String"}],"creationTime":"Thu,
        09 Apr 2020 08:40:44 GMT","provisioningState":"Succeeded","requestApiVersion":"2018-08-15-preview","dataAccessId":"e9afcdfe-e6bd-43a6-a070-eb1e82f386e6","dataAccessFqdn":"e9afcdfe-e6bd-43a6-a070-eb1e82f386e6.env.timeseries.azure.com"},"id":"/subscriptions/00000000-0000-0000-0000-000000000000/resourceGroups/cli_test_timeseriesinsights000001/providers/Microsoft.TimeSeriesInsights/environments/cli-test-tsi-env000002","name":"cli-test-tsi-env000002","type":"Microsoft.TimeSeriesInsights/Environments"}'
    headers:
      cache-control:
      - no-cache
      content-length:
      - '800'
      content-type:
      - application/json
      date:
      - Thu, 09 Apr 2020 08:41:24 GMT
      expires:
      - '-1'
      pragma:
      - no-cache
      server:
      - Microsoft-HTTPAPI/2.0
      strict-transport-security:
      - max-age=31536000; includeSubDomains
      transfer-encoding:
      - chunked
      vary:
      - Accept-Encoding
      x-content-type-options:
      - nosniff
      x-ms-ratelimit-remaining-subscription-writes:
      - '1196'
    status:
      code: 200
      message: OK
- request:
    body: '{"properties": {"dataRetentionTime": "P8D"}}'
    headers:
      Accept:
      - application/json
      Accept-Encoding:
      - gzip, deflate
      CommandName:
      - timeseriesinsights environment standard update
      Connection:
      - keep-alive
      Content-Length:
      - '44'
      Content-Type:
      - application/json; charset=utf-8
      ParameterSetName:
      - --resource-group --name --data-retention-time
      User-Agent:
      - python/3.8.2 (Windows-10-10.0.18362-SP0) msrest/0.6.11 msrest_azure/0.6.3
        azure-mgmt-timeseriesinsights/0.2.0 Azure-SDK-For-Python AZURECLI/2.3.1
      accept-language:
      - en-US
    method: PATCH
    uri: https://management.azure.com/subscriptions/00000000-0000-0000-0000-000000000000/resourceGroups/cli_test_timeseriesinsights000001/providers/Microsoft.TimeSeriesInsights/environments/cli-test-tsi-env000002?api-version=2018-08-15-preview
  response:
    body:
      string: '{"sku":{"name":"S1","capacity":2},"kind":"Standard","location":"westus","tags":{},"properties":{"dataRetentionTime":"P8D","storageLimitExceededBehavior":"PauseIngress","partitionKeyProperties":[{"name":"DeviceId1","type":"String"}],"creationTime":"Thu,
        09 Apr 2020 08:40:44 GMT","provisioningState":"Succeeded","requestApiVersion":"2018-08-15-preview","dataAccessId":"e9afcdfe-e6bd-43a6-a070-eb1e82f386e6","dataAccessFqdn":"e9afcdfe-e6bd-43a6-a070-eb1e82f386e6.env.timeseries.azure.com"},"id":"/subscriptions/00000000-0000-0000-0000-000000000000/resourceGroups/cli_test_timeseriesinsights000001/providers/Microsoft.TimeSeriesInsights/environments/cli-test-tsi-env000002","name":"cli-test-tsi-env000002","type":"Microsoft.TimeSeriesInsights/Environments"}'
    headers:
      cache-control:
      - no-cache
      content-length:
      - '800'
      content-type:
      - application/json
      date:
      - Thu, 09 Apr 2020 08:41:25 GMT
      expires:
      - '-1'
      pragma:
      - no-cache
      server:
      - Microsoft-HTTPAPI/2.0
      strict-transport-security:
      - max-age=31536000; includeSubDomains
      transfer-encoding:
      - chunked
      vary:
      - Accept-Encoding
      x-content-type-options:
      - nosniff
      x-ms-ratelimit-remaining-subscription-writes:
      - '1194'
    status:
      code: 200
      message: OK
- request:
    body: '{"properties": {"storageLimitExceededBehavior": "PurgeOldData"}}'
    headers:
      Accept:
      - application/json
      Accept-Encoding:
      - gzip, deflate
      CommandName:
      - timeseriesinsights environment standard update
      Connection:
      - keep-alive
      Content-Length:
      - '64'
      Content-Type:
      - application/json; charset=utf-8
      ParameterSetName:
      - --resource-group --name --storage-limit-exceeded-behavior
      User-Agent:
      - python/3.8.2 (Windows-10-10.0.18362-SP0) msrest/0.6.11 msrest_azure/0.6.3
        azure-mgmt-timeseriesinsights/0.2.0 Azure-SDK-For-Python AZURECLI/2.3.1
      accept-language:
      - en-US
    method: PATCH
    uri: https://management.azure.com/subscriptions/00000000-0000-0000-0000-000000000000/resourceGroups/cli_test_timeseriesinsights000001/providers/Microsoft.TimeSeriesInsights/environments/cli-test-tsi-env000002?api-version=2018-08-15-preview
  response:
    body:
      string: '{"sku":{"name":"S1","capacity":2},"kind":"Standard","location":"westus","tags":{},"properties":{"dataRetentionTime":"P8D","storageLimitExceededBehavior":"PurgeOldData","partitionKeyProperties":[{"name":"DeviceId1","type":"String"}],"creationTime":"Thu,
        09 Apr 2020 08:40:44 GMT","provisioningState":"Succeeded","requestApiVersion":"2018-08-15-preview","dataAccessId":"e9afcdfe-e6bd-43a6-a070-eb1e82f386e6","dataAccessFqdn":"e9afcdfe-e6bd-43a6-a070-eb1e82f386e6.env.timeseries.azure.com"},"id":"/subscriptions/00000000-0000-0000-0000-000000000000/resourceGroups/cli_test_timeseriesinsights000001/providers/Microsoft.TimeSeriesInsights/environments/cli-test-tsi-env000002","name":"cli-test-tsi-env000002","type":"Microsoft.TimeSeriesInsights/Environments"}'
    headers:
      cache-control:
      - no-cache
      content-length:
      - '800'
      content-type:
      - application/json
      date:
      - Thu, 09 Apr 2020 08:41:28 GMT
      expires:
      - '-1'
      pragma:
      - no-cache
      server:
      - Microsoft-HTTPAPI/2.0
      strict-transport-security:
      - max-age=31536000; includeSubDomains
      transfer-encoding:
      - chunked
      vary:
      - Accept-Encoding
      x-content-type-options:
      - nosniff
      x-ms-ratelimit-remaining-subscription-writes:
      - '1198'
    status:
      code: 200
      message: OK
- request:
    body: null
    headers:
      Accept:
      - application/json
      Accept-Encoding:
      - gzip, deflate
      CommandName:
      - timeseriesinsights environment show
      Connection:
      - keep-alive
      ParameterSetName:
      - --resource-group --name
      User-Agent:
      - python/3.8.2 (Windows-10-10.0.18362-SP0) msrest/0.6.11 msrest_azure/0.6.3
        azure-mgmt-timeseriesinsights/0.2.0 Azure-SDK-For-Python AZURECLI/2.3.1
      accept-language:
      - en-US
    method: GET
    uri: https://management.azure.com/subscriptions/00000000-0000-0000-0000-000000000000/resourceGroups/cli_test_timeseriesinsights000001/providers/Microsoft.TimeSeriesInsights/environments/cli-test-tsi-env000002?api-version=2018-08-15-preview
  response:
    body:
      string: '{"sku":{"name":"S1","capacity":2},"kind":"Standard","location":"westus","tags":{},"properties":{"dataRetentionTime":"P8D","storageLimitExceededBehavior":"PurgeOldData","partitionKeyProperties":[{"name":"DeviceId1","type":"String"}],"creationTime":"Thu,
        09 Apr 2020 08:40:44 GMT","provisioningState":"Succeeded","requestApiVersion":"2018-08-15-preview","dataAccessId":"e9afcdfe-e6bd-43a6-a070-eb1e82f386e6","dataAccessFqdn":"e9afcdfe-e6bd-43a6-a070-eb1e82f386e6.env.timeseries.azure.com"},"id":"/subscriptions/00000000-0000-0000-0000-000000000000/resourceGroups/cli_test_timeseriesinsights000001/providers/Microsoft.TimeSeriesInsights/environments/cli-test-tsi-env000002","name":"cli-test-tsi-env000002","type":"Microsoft.TimeSeriesInsights/Environments"}'
    headers:
      cache-control:
      - no-cache
      content-length:
      - '800'
      content-type:
      - application/json
      date:
      - Thu, 09 Apr 2020 08:41:29 GMT
      expires:
      - '-1'
      pragma:
      - no-cache
      server:
      - Microsoft-HTTPAPI/2.0
      strict-transport-security:
      - max-age=31536000; includeSubDomains
      transfer-encoding:
      - chunked
      vary:
      - Accept-Encoding
      x-content-type-options:
      - nosniff
    status:
      code: 200
      message: OK
- request:
    body: null
    headers:
      Accept:
      - application/json
      Accept-Encoding:
      - gzip, deflate
      CommandName:
      - timeseriesinsights environment list
      Connection:
      - keep-alive
      ParameterSetName:
      - --resource-group
      User-Agent:
      - python/3.8.2 (Windows-10-10.0.18362-SP0) msrest/0.6.11 msrest_azure/0.6.3
        azure-mgmt-timeseriesinsights/0.2.0 Azure-SDK-For-Python AZURECLI/2.3.1
      accept-language:
      - en-US
    method: GET
    uri: https://management.azure.com/subscriptions/00000000-0000-0000-0000-000000000000/resourceGroups/cli_test_timeseriesinsights000001/providers/Microsoft.TimeSeriesInsights/environments?api-version=2018-08-15-preview
  response:
    body:
      string: '{"value":[{"sku":{"name":"S1","capacity":2},"kind":"Standard","location":"westus","tags":{},"properties":{"dataRetentionTime":"P8D","storageLimitExceededBehavior":"PurgeOldData","partitionKeyProperties":[{"name":"DeviceId1","type":"String"}],"creationTime":"Thu,
        09 Apr 2020 08:40:44 GMT","provisioningState":"Succeeded","requestApiVersion":"2018-08-15-preview","dataAccessId":"e9afcdfe-e6bd-43a6-a070-eb1e82f386e6","dataAccessFqdn":"e9afcdfe-e6bd-43a6-a070-eb1e82f386e6.env.timeseries.azure.com"},"id":"/subscriptions/00000000-0000-0000-0000-000000000000/resourceGroups/cli_test_timeseriesinsights000001/providers/Microsoft.TimeSeriesInsights/environments/cli-test-tsi-env000002","name":"cli-test-tsi-env000002","type":"Microsoft.TimeSeriesInsights/Environments"}]}'
    headers:
      cache-control:
      - no-cache
      content-length:
      - '812'
      content-type:
      - application/json
      date:
      - Thu, 09 Apr 2020 08:41:32 GMT
      expires:
      - '-1'
      pragma:
      - no-cache
      server:
      - Microsoft-HTTPAPI/2.0
      strict-transport-security:
      - max-age=31536000; includeSubDomains
      transfer-encoding:
      - chunked
      vary:
      - Accept-Encoding
      x-content-type-options:
      - nosniff
    status:
      code: 200
      message: OK
- request:
    body: null
    headers:
      Accept:
      - application/json
      Accept-Encoding:
      - gzip, deflate
      CommandName:
      - timeseriesinsights environment list
      Connection:
      - keep-alive
      User-Agent:
      - python/3.8.2 (Windows-10-10.0.18362-SP0) msrest/0.6.11 msrest_azure/0.6.3
        azure-mgmt-timeseriesinsights/0.2.0 Azure-SDK-For-Python AZURECLI/2.3.1
      accept-language:
      - en-US
    method: GET
    uri: https://management.azure.com/subscriptions/00000000-0000-0000-0000-000000000000/providers/Microsoft.TimeSeriesInsights/environments?api-version=2018-08-15-preview
  response:
    body:
      string: '{"value":[{"sku":{"name":"S1","capacity":1},"kind":"Standard","location":"westus","tags":null,"properties":{"dataRetentionTime":"P31D","storageLimitExceededBehavior":"PauseIngress","partitionKeyProperties":[{"name":"DeviceId1","type":"String"}],"creationTime":"Thu,
        09 Apr 2020 08:40:50 GMT","provisioningState":"Succeeded","requestApiVersion":"2018-08-15-preview","dataAccessId":"7568f185-d5b7-45fb-91e9-0f28374715c0","dataAccessFqdn":"7568f185-d5b7-45fb-91e9-0f28374715c0.env.timeseries.azure.com"},"id":"/subscriptions/00000000-0000-0000-0000-000000000000/resourceGroups/cli_test_timeseriesinsightsxyufy6ofa2qvqesdwasmsn4acaguleh7xxtvrjy6f5456lqj/providers/Microsoft.TimeSeriesInsights/environments/cli-test-tsi-env6spid2eq","name":"cli-test-tsi-env6spid2eq","type":"Microsoft.TimeSeriesInsights/Environments"},{"sku":{"name":"S1","capacity":2},"kind":"Standard","location":"westus","tags":{},"properties":{"dataRetentionTime":"P8D","storageLimitExceededBehavior":"PurgeOldData","partitionKeyProperties":[{"name":"DeviceId1","type":"String"}],"creationTime":"Thu,
        09 Apr 2020 08:40:44 GMT","provisioningState":"Succeeded","requestApiVersion":"2018-08-15-preview","dataAccessId":"e9afcdfe-e6bd-43a6-a070-eb1e82f386e6","dataAccessFqdn":"e9afcdfe-e6bd-43a6-a070-eb1e82f386e6.env.timeseries.azure.com"},"id":"/subscriptions/00000000-0000-0000-0000-000000000000/resourceGroups/cli_test_timeseriesinsights000001/providers/Microsoft.TimeSeriesInsights/environments/cli-test-tsi-env000002","name":"cli-test-tsi-env000002","type":"Microsoft.TimeSeriesInsights/Environments"},{"sku":{"name":"S1","capacity":1},"kind":"Standard","location":"westus","tags":null,"properties":{"dataRetentionTime":"P31D","storageLimitExceededBehavior":"PauseIngress","partitionKeyProperties":[{"name":"DeviceId1","type":"String"}],"creationTime":"Thu,
        09 Apr 2020 08:40:46 GMT","provisioningState":"Succeeded","requestApiVersion":"2018-08-15-preview","dataAccessId":"9ed67be0-3f66-437f-8126-90e0cf5d70dc","dataAccessFqdn":"9ed67be0-3f66-437f-8126-90e0cf5d70dc.env.timeseries.azure.com"},"id":"/subscriptions/00000000-0000-0000-0000-000000000000/resourceGroups/cli_test_timeseriesinsights4ucnamnig5klonxguqznkvemlpv6nqe2vobihz7jucnqrwh3/providers/Microsoft.TimeSeriesInsights/environments/cli-test-tsi-envzmdphe6h","name":"cli-test-tsi-envzmdphe6h","type":"Microsoft.TimeSeriesInsights/Environments"},{"sku":{"name":"S1","capacity":1},"kind":"Standard","location":"westus","tags":null,"properties":{"dataRetentionTime":"P7D","partitionKeyProperties":[{"name":"DeviceId1","type":"String"}],"creationTime":"Thu,
        09 Apr 2020 03:39:01 GMT","provisioningState":"Succeeded","requestApiVersion":"2018-08-15-preview","dataAccessId":"d38f6ddf-2f42-4524-a467-7fb2635bc0de","dataAccessFqdn":"d38f6ddf-2f42-4524-a467-7fb2635bc0de.env.timeseries.azure.com","storageLimitExceededBehavior":"PurgeOldData"},"id":"/subscriptions/00000000-0000-0000-0000-000000000000/resourceGroups/rg1/providers/Microsoft.TimeSeriesInsights/environments/env1","name":"env1","type":"Microsoft.TimeSeriesInsights/Environments"},{"sku":{"name":"S1","capacity":1},"kind":"Standard","location":"westus","tags":null,"properties":{"dataRetentionTime":"P31D","storageLimitExceededBehavior":"PauseIngress","partitionKeyProperties":[{"name":"DeviceId1","type":"String"}],"creationTime":"Thu,
        09 Apr 2020 08:40:56 GMT","provisioningState":"Succeeded","requestApiVersion":"2018-08-15-preview","dataAccessId":"b18dd7be-328e-44da-8d4f-6053f1344596","dataAccessFqdn":"b18dd7be-328e-44da-8d4f-6053f1344596.env.timeseries.azure.com"},"id":"/subscriptions/00000000-0000-0000-0000-000000000000/resourceGroups/cli_test_timeseriesinsightsa4vvhmwstfttjbyicssdzqyvxxmib3iryicgnbxg2ad2qpum/providers/Microsoft.TimeSeriesInsights/environments/cli-test-tsi-envlgrrb5km","name":"cli-test-tsi-envlgrrb5km","type":"Microsoft.TimeSeriesInsights/Environments"},{"sku":{"name":"L1","capacity":1},"kind":"LongTerm","location":"westus","tags":{},"properties":{"timeSeriesIdProperties":[{"name":"[''DeviceId1'']","type":"String"}],"storageConfiguration":{"accountName":"jlst"},"warmStoreConfiguration":{"dataRetention":"P8D"},"creationTime":"Thu,
        09 Apr 2020 07:36:21 GMT","provisioningState":"Succeeded","requestApiVersion":"2018-08-15-preview","dataAccessId":"bd22858b-9c7e-480c-b32c-615d4ff9de51","dataAccessFqdn":"bd22858b-9c7e-480c-b32c-615d4ff9de51.env.timeseries.azure.com"},"id":"/subscriptions/00000000-0000-0000-0000-000000000000/resourceGroups/rg1/providers/Microsoft.TimeSeriesInsights/environments/env2","name":"env2","type":"Microsoft.TimeSeriesInsights/Environments"},{"sku":{"name":"S1","capacity":1},"kind":"Standard","location":"westus","tags":null,"properties":{"dataRetentionTime":"P7D","storageLimitExceededBehavior":"PauseIngress","partitionKeyProperties":[{"name":"DeviceId1","type":"String"}],"creationTime":"Thu,
        09 Apr 2020 07:23:42 GMT","provisioningState":"Succeeded","requestApiVersion":"2018-08-15-preview","dataAccessId":"a2dbc871-5181-4c7c-916b-75ffad422a20","dataAccessFqdn":"a2dbc871-5181-4c7c-916b-75ffad422a20.env.timeseries.azure.com"},"id":"/subscriptions/00000000-0000-0000-0000-000000000000/resourceGroups/cli_test_timeseriesinsightsxsny7svnrlfo5o5xpjemiocrrwnv6juz6qx3hh2so5sgs62l/providers/Microsoft.TimeSeriesInsights/environments/cli-test-tsi-envfz7mbbz4","name":"cli-test-tsi-envfz7mbbz4","type":"Microsoft.TimeSeriesInsights/Environments"},{"sku":{"name":"S1","capacity":1},"kind":"Standard","location":"westus","tags":null,"properties":{"dataRetentionTime":"P31D","storageLimitExceededBehavior":"PauseIngress","partitionKeyProperties":[{"name":"DeviceId1","type":"String"}],"creationTime":"Thu,
        09 Apr 2020 08:40:42 GMT","provisioningState":"Succeeded","requestApiVersion":"2018-08-15-preview","dataAccessId":"35f68259-81ef-46e8-9625-06397b654370","dataAccessFqdn":"35f68259-81ef-46e8-9625-06397b654370.env.timeseries.azure.com"},"id":"/subscriptions/00000000-0000-0000-0000-000000000000/resourceGroups/cli_test_timeseriesinsightspzi2xf55zuot3l56eby6umfxdjwjz57kfqaem7bfreu7wxro/providers/Microsoft.TimeSeriesInsights/environments/cli-test-tsi-envvl4ztdij","name":"cli-test-tsi-envvl4ztdij","type":"Microsoft.TimeSeriesInsights/Environments"},{"sku":{"name":"L1","capacity":1},"kind":"LongTerm","location":"westus","tags":null,"properties":{"timeSeriesIdProperties":[{"name":"[''DeviceId1'']","type":"String"}],"storageConfiguration":{"accountName":"jlst"},"warmStoreConfiguration":{"dataRetention":"P7D"},"creationTime":"Thu,
        09 Apr 2020 07:58:36 GMT","provisioningState":"Succeeded","requestApiVersion":"2018-08-15-preview","dataAccessId":"c118b146-9240-45ca-a6b3-69b63db138d9","dataAccessFqdn":"c118b146-9240-45ca-a6b3-69b63db138d9.env.timeseries.azure.com"},"id":"/subscriptions/00000000-0000-0000-0000-000000000000/resourceGroups/rg1/providers/Microsoft.TimeSeriesInsights/environments/env3","name":"env3","type":"Microsoft.TimeSeriesInsights/Environments"},{"sku":{"name":"L1","capacity":1},"kind":"LongTerm","location":"westus","tags":null,"properties":{"timeSeriesIdProperties":[{"name":"[''DeviceId1'']","type":"String"}],"storageConfiguration":{"accountName":"clitestaklagfzv3o7opxnjg"},"warmStoreConfiguration":{"dataRetention":"P7D"},"creationTime":"Thu,
        09 Apr 2020 08:41:06 GMT","provisioningState":"Creating","requestApiVersion":"2018-08-15-preview","dataAccessId":"019c06d1-1583-4da1-9617-2027602b16a1","dataAccessFqdn":"019c06d1-1583-4da1-9617-2027602b16a1.env.timeseries.azure.com"},"id":"/subscriptions/00000000-0000-0000-0000-000000000000/resourceGroups/cli_test_timeseriesinsightszk4t7xvqydocpkrxgeafuvbolzvty54sdiikszfiftvudobg/providers/Microsoft.TimeSeriesInsights/environments/cli-test-tsi-envdkxc7irs","name":"cli-test-tsi-envdkxc7irs","type":"Microsoft.TimeSeriesInsights/Environments"}]}'
    headers:
      cache-control:
      - no-cache
      content-length:
      - '7805'
      content-type:
      - application/json
      date:
      - Thu, 09 Apr 2020 08:41:34 GMT
      expires:
      - '-1'
      pragma:
      - no-cache
      server:
      - Microsoft-HTTPAPI/2.0
      strict-transport-security:
      - max-age=31536000; includeSubDomains
      transfer-encoding:
      - chunked
      vary:
      - Accept-Encoding
      x-content-type-options:
      - nosniff
    status:
      code: 200
      message: OK
- request:
    body: null
    headers:
      Accept:
      - application/json
      Accept-Encoding:
      - gzip, deflate
      CommandName:
      - timeseriesinsights environment delete
      Connection:
      - keep-alive
      Content-Length:
      - '0'
      ParameterSetName:
      - --resource-group --name
      User-Agent:
      - python/3.8.2 (Windows-10-10.0.18362-SP0) msrest/0.6.11 msrest_azure/0.6.3
        azure-mgmt-timeseriesinsights/0.2.0 Azure-SDK-For-Python AZURECLI/2.3.1
      accept-language:
      - en-US
    method: DELETE
    uri: https://management.azure.com/subscriptions/00000000-0000-0000-0000-000000000000/resourceGroups/cli_test_timeseriesinsights000001/providers/Microsoft.TimeSeriesInsights/environments/cli-test-tsi-env000002?api-version=2018-08-15-preview
  response:
    body:
      string: ''
    headers:
      cache-control:
      - no-cache
      content-length:
      - '0'
      date:
      - Thu, 09 Apr 2020 08:41:39 GMT
      expires:
      - '-1'
      pragma:
      - no-cache
      server:
      - Microsoft-HTTPAPI/2.0
      strict-transport-security:
      - max-age=31536000; includeSubDomains
      x-content-type-options:
      - nosniff
      x-ms-ratelimit-remaining-subscription-deletes:
      - '14998'
    status:
      code: 200
      message: OK
- request:
    body: null
    headers:
      Accept:
      - application/json
      Accept-Encoding:
      - gzip, deflate
      CommandName:
      - timeseriesinsights environment list
      Connection:
      - keep-alive
      ParameterSetName:
      - --resource-group
      User-Agent:
      - python/3.8.2 (Windows-10-10.0.18362-SP0) msrest/0.6.11 msrest_azure/0.6.3
        azure-mgmt-timeseriesinsights/0.2.0 Azure-SDK-For-Python AZURECLI/2.3.1
      accept-language:
      - en-US
    method: GET
    uri: https://management.azure.com/subscriptions/00000000-0000-0000-0000-000000000000/resourceGroups/cli_test_timeseriesinsights000001/providers/Microsoft.TimeSeriesInsights/environments?api-version=2018-08-15-preview
  response:
    body:
      string: '{"value":[]}'
    headers:
      cache-control:
      - no-cache
      content-length:
      - '12'
      content-type:
      - application/json; charset=utf-8
      date:
      - Thu, 09 Apr 2020 08:41:40 GMT
      expires:
      - '-1'
      pragma:
      - no-cache
      strict-transport-security:
      - max-age=31536000; includeSubDomains
      vary:
      - Accept-Encoding
      x-content-type-options:
      - nosniff
    status:
      code: 200
      message: OK
version: 1
