interactions:
- request:
    body: '{"properties": {"type": "ContentCertificate", "content": "LS0tLS1CRUdJTiBDRVJUSUZJQ0FURS0tLS0tCk1JSURyekNDQXBlZ0F3SUJBZ0lRQ0R2Z1ZwQkNSckdoZFdySldaSEhTakFOQmdrcWhraUc5dzBCQVFVRkFEQmgKTVFzd0NRWURWUVFHRXdKVlV6RVZNQk1HQTFVRUNoTU1SR2xuYVVObGNuUWdTVzVqTVJrd0Z3WURWUVFMRXhCMwpkM2N1WkdsbmFXTmxjblF1WTI5dE1TQXdIZ1lEVlFRREV4ZEVhV2RwUTJWeWRDQkhiRzlpWVd3Z1VtOXZkQ0JEClFUQWVGdzB3TmpFeE1UQXdNREF3TURCYUZ3MHpNVEV4TVRBd01EQXdNREJhTUdFeEN6QUpCZ05WQkFZVEFsVlQKTVJVd0V3WURWUVFLRXd4RWFXZHBRMlZ5ZENCSmJtTXhHVEFYQmdOVkJBc1RFSGQzZHk1a2FXZHBZMlZ5ZEM1agpiMjB4SURBZUJnTlZCQU1URjBScFoybERaWEowSUVkc2IySmhiQ0JTYjI5MElFTkJNSUlCSWpBTkJna3Foa2lHCjl3MEJBUUVGQUFPQ0FROEFNSUlCQ2dLQ0FRRUE0anZoRVhMZXFLVFRvMWVxVUtLUEMzZVF5YUtsN2hMT2xsc0IKQ1NETUFaT25UakMzVS9kRHhHa0FWNTNpalNMZGh3WkFBSUVKenM0Ymc3L2Z6VHR4UnVMV1pzY0ZzM1luRm85NwpuaDZWZmU2M1NLTUkydGF2ZWd3NUJtVi9TbDBmdkJmNHE3N3VLTmQwZjNwNG1WbUZhRzVjSXpKTHYwN0E2RnB0CjQzQy9keEMvL0FIMmhkbW9SQkJZTXFsMUdOWFJvcjVINGlkcTlKb3orRWtJWUl2VVg3UTZoTCtocWtwTWZUN1AKVDE5c2RsNmdTemVSbnR3aTVtM09GQnFPYXN2K3piTVVaQmZIV3ltZU1yL3k3dnJUQzBMVXE3ZEJNdG9NMU8vNApnZFc3alZnL3RSdm9TU2lpY05veEJOMzNzaGJ5VEFwT0I2anRTajFldFgramtNT3ZKd0lEQVFBQm8yTXdZVEFPCkJnTlZIUThCQWY4RUJBTUNBWVl3RHdZRFZSMFRBUUgvQkFVd0F3RUIvekFkQmdOVkhRNEVGZ1FVQTk1UU5WYlIKVEx0bThLUGlHeHZEbDdJOTBWVXdId1lEVlIwakJCZ3dGb0FVQTk1UU5WYlJUTHRtOEtQaUd4dkRsN0k5MFZVdwpEUVlKS29aSWh2Y05BUUVGQlFBRGdnRUJBTXVjTjZwSUV4SUsrdDFFbkU5U3NQVGZyZ1QxZVhrSW95UVkvRXNyCmhNQXR1ZFhIL3ZUQkgxakx1RzJjZW5Ubm1DbXJFYlhqY0tDaHpVeUltWk9Na1hEaXF3OGN2cE9wLzJQVjVBZGcKMDZPL25Wc0o4ZFdPNDFQMGptUDZQNmZidEdiZlltYlcwVzVCamZJdHRlcDNTcCtkV09JcldjQkFJKzB0S0lKRgpQbmxVa2lhWTRJQklxRGZ2OE5aNVlCYmVyT2dPelc2c1JCYzRMMG5hNFVVK0tyazJVODg2VUFiM0x1akVWMGxzCllTRVkxUVN0ZUR3c09vQnJwK3V2RlJUcDJJbkJ1VGhzNHBGc2l2OWt1WGNsVnpEQUd5U2o0ZHpwMzBkOHRiUWsKQ0FVdzdDMjlDNzlGdjFDNXFmUHJtQUVTcmNpSXhwZzBYNDBLUE1icDFaV1ZiZDQ9Ci0tLS0tRU5EIENFUlRJRklDQVRFLS0tLS0K"}}'
    headers:
      Accept:
      - application/json
      Accept-Encoding:
      - gzip, deflate
      CommandName:
      - spring certificate add
      Connection:
      - keep-alive
      Content-Length:
      - '1845'
      Content-Type:
      - application/json
      ParameterSetName:
      - --name -f -g -s
      User-Agent:
      - AZURECLI/2.46.0 (MSI) azsdk-python-mgmt-appplatform/6.1.0 Python/3.9.13 (Windows-10-10.0.22621-SP0)
    method: PUT
    uri: https://management.azure.com/subscriptions/00000000-0000-0000-0000-000000000000/resourceGroups/clitest.rg000001/providers/Microsoft.AppPlatform/Spring/clitest000002/certificates/digi-cert?api-version=2023-11-01-preview
  response:
    body:
      string: '{"properties":{"provisioningState":"Creating","type":"ContentCertificate"},"type":"Microsoft.AppPlatform/Spring/certificates","id":"/subscriptions/00000000-0000-0000-0000-000000000000/resourceGroups/clitest.rg000001/providers/Microsoft.AppPlatform/Spring/clitest000002/certificates/digi-cert","name":"digi-cert","systemData":{"createdBy":"yuwzho@microsoft.com","createdByType":"User","createdAt":"2023-04-14T03:25:06.3639286Z","lastModifiedBy":"yuwzho@microsoft.com","lastModifiedByType":"User","lastModifiedAt":"2023-04-14T03:25:06.3639286Z"}}'
    headers:
      azure-asyncoperation:
      - https://management.azure.com/subscriptions/00000000-0000-0000-0000-000000000000/resourceGroups/clitest.rg000001/providers/Microsoft.AppPlatform/locations/centralindia/operationStatus/clitest000002/operationId/a7bfbcad-fb49-40a4-8fcc-25519c992638?api-version=2023-11-01-preview
      cache-control:
      - no-cache
      content-length:
      - '544'
      content-type:
      - application/json; charset=utf-8
      date:
      - Fri, 14 Apr 2023 03:25:07 GMT
      expires:
      - '-1'
      location:
      - https://management.azure.com/subscriptions/00000000-0000-0000-0000-000000000000/resourceGroups/clitest.rg000001/providers/Microsoft.AppPlatform/locations/centralindia/operationResults/a7bfbcad-fb49-40a4-8fcc-25519c992638/Spring/clitest000002?api-version=2023-11-01-preview
      pragma:
      - no-cache
      request-context:
      - appId=cid-v1:797d7e4e-8180-497e-a254-780fbd39ba4d
      strict-transport-security:
      - max-age=31536000; includeSubDomains
      x-content-type-options:
      - nosniff
      x-ms-ratelimit-remaining-subscription-writes:
      - '1199'
      x-rp-server-mvid:
      - 546655cb-1d51-4210-be2f-a36dd5e69583
    status:
      code: 202
      message: Accepted
- request:
    body: null
    headers:
      Accept:
      - '*/*'
      Accept-Encoding:
      - gzip, deflate
      CommandName:
      - spring certificate add
      Connection:
      - keep-alive
      ParameterSetName:
      - --name -f -g -s
      User-Agent:
      - AZURECLI/2.46.0 (MSI) azsdk-python-mgmt-appplatform/6.1.0 Python/3.9.13 (Windows-10-10.0.22621-SP0)
    method: GET
    uri: https://management.azure.com/subscriptions/00000000-0000-0000-0000-000000000000/resourceGroups/clitest.rg000001/providers/Microsoft.AppPlatform/locations/centralindia/operationStatus/clitest000002/operationId/a7bfbcad-fb49-40a4-8fcc-25519c992638?api-version=2023-11-01-preview
  response:
    body:
      string: '{"id":"subscriptions/d51e3ffe-6b84-49cd-b426-0dc4ec660356/resourceGroups/clitest.rg000001/providers/Microsoft.AppPlatform/locations/centralindia/operationStatus/clitest000002/operationId/a7bfbcad-fb49-40a4-8fcc-25519c992638","name":"a7bfbcad-fb49-40a4-8fcc-25519c992638","status":"Running","startTime":"2023-04-14T03:25:07.7245134Z"}'
    headers:
      cache-control:
      - no-cache
      content-length:
      - '333'
      content-type:
      - application/json; charset=utf-8
      date:
      - Fri, 14 Apr 2023 03:25:07 GMT
      expires:
      - '-1'
      pragma:
      - no-cache
      request-context:
      - appId=cid-v1:797d7e4e-8180-497e-a254-780fbd39ba4d
      strict-transport-security:
      - max-age=31536000; includeSubDomains
      transfer-encoding:
      - chunked
      vary:
      - Accept-Encoding
      x-content-type-options:
      - nosniff
      x-rp-server-mvid:
      - 546655cb-1d51-4210-be2f-a36dd5e69583
    status:
      code: 200
      message: OK
- request:
    body: null
    headers:
      Accept:
      - '*/*'
      Accept-Encoding:
      - gzip, deflate
      CommandName:
      - spring certificate add
      Connection:
      - keep-alive
      ParameterSetName:
      - --name -f -g -s
      User-Agent:
      - AZURECLI/2.46.0 (MSI) azsdk-python-mgmt-appplatform/6.1.0 Python/3.9.13 (Windows-10-10.0.22621-SP0)
    method: GET
    uri: https://management.azure.com/subscriptions/00000000-0000-0000-0000-000000000000/resourceGroups/clitest.rg000001/providers/Microsoft.AppPlatform/locations/centralindia/operationStatus/clitest000002/operationId/a7bfbcad-fb49-40a4-8fcc-25519c992638?api-version=2023-11-01-preview
  response:
    body:
      string: '{"id":"subscriptions/d51e3ffe-6b84-49cd-b426-0dc4ec660356/resourceGroups/clitest.rg000001/providers/Microsoft.AppPlatform/locations/centralindia/operationStatus/clitest000002/operationId/a7bfbcad-fb49-40a4-8fcc-25519c992638","name":"a7bfbcad-fb49-40a4-8fcc-25519c992638","status":"Succeeded","startTime":"2023-04-14T03:25:07.7245134Z","endTime":"2023-04-14T03:25:14.9270075Z"}'
    headers:
      cache-control:
      - no-cache
      content-length:
      - '376'
      content-type:
      - application/json; charset=utf-8
      date:
      - Fri, 14 Apr 2023 03:25:18 GMT
      expires:
      - '-1'
      pragma:
      - no-cache
      request-context:
      - appId=cid-v1:797d7e4e-8180-497e-a254-780fbd39ba4d
      strict-transport-security:
      - max-age=31536000; includeSubDomains
      transfer-encoding:
      - chunked
      vary:
      - Accept-Encoding
      x-content-type-options:
      - nosniff
      x-rp-server-mvid:
      - 546655cb-1d51-4210-be2f-a36dd5e69583
    status:
      code: 200
      message: OK
- request:
    body: null
    headers:
      Accept:
      - '*/*'
      Accept-Encoding:
      - gzip, deflate
      CommandName:
      - spring certificate add
      Connection:
      - keep-alive
      ParameterSetName:
      - --name -f -g -s
      User-Agent:
      - AZURECLI/2.46.0 (MSI) azsdk-python-mgmt-appplatform/6.1.0 Python/3.9.13 (Windows-10-10.0.22621-SP0)
    method: GET
    uri: https://management.azure.com/subscriptions/00000000-0000-0000-0000-000000000000/resourceGroups/clitest.rg000001/providers/Microsoft.AppPlatform/Spring/clitest000002/certificates/digi-cert?api-version=2023-11-01-preview
  response:
    body:
      string: '{"properties":{"thumbprint":"a8985d3a65e5e5c4b2d7d66d40c6dd2fb19c5436","issuer":"DigiCert
        Global Root CA, OU=www.digicert.com, O=DigiCert Inc, C=US","expirationDate":"2031-11-10T00:00:00.000+00:00","activateDate":"2006-11-10T00:00:00.000+00:00","subjectName":"DigiCert
        Global Root CA, OU=www.digicert.com, O=DigiCert Inc, C=US","dnsNames":[],"provisioningState":"Succeeded","type":"ContentCertificate"},"type":"Microsoft.AppPlatform/Spring/certificates","id":"/subscriptions/00000000-0000-0000-0000-000000000000/resourceGroups/clitest.rg000001/providers/Microsoft.AppPlatform/Spring/clitest000002/certificates/digi-cert","name":"digi-cert","systemData":{"createdBy":"yuwzho@microsoft.com","createdByType":"User","createdAt":"2023-04-14T03:25:06.3639286Z","lastModifiedBy":"yuwzho@microsoft.com","lastModifiedByType":"User","lastModifiedAt":"2023-04-14T03:25:06.3639286Z"}}'
    headers:
      cache-control:
      - no-cache
      content-length:
      - '872'
      content-type:
      - application/json; charset=utf-8
      date:
      - Fri, 14 Apr 2023 03:25:18 GMT
      expires:
      - '-1'
      pragma:
      - no-cache
      request-context:
      - appId=cid-v1:797d7e4e-8180-497e-a254-780fbd39ba4d
      strict-transport-security:
      - max-age=31536000; includeSubDomains
      transfer-encoding:
      - chunked
      vary:
      - Accept-Encoding
      x-content-type-options:
      - nosniff
      x-rp-server-mvid:
      - 546655cb-1d51-4210-be2f-a36dd5e69583
    status:
      code: 200
      message: OK
- request:
    body: '{"properties": {"type": "ContentCertificate", "content": "LS0tLS1CRUdJTiBDRVJUSUZJQ0FURS0tLS0tCk1JSURkekNDQWwrZ0F3SUJBZ0lFQWdBQXVUQU5CZ2txaGtpRzl3MEJBUVVGQURCYU1Rc3dDUVlEVlFRR0V3SkoKUlRFU01CQUdBMVVFQ2hNSlFtRnNkR2x0YjNKbE1STXdFUVlEVlFRTEV3cERlV0psY2xSeWRYTjBNU0l3SUFZRApWUVFERXhsQ1lXeDBhVzF2Y21VZ1EzbGlaWEpVY25WemRDQlNiMjkwTUI0WERUQXdNRFV4TWpFNE5EWXdNRm9YCkRUSTFNRFV4TWpJek5Ua3dNRm93V2pFTE1Ba0dBMVVFQmhNQ1NVVXhFakFRQmdOVkJBb1RDVUpoYkhScGJXOXkKWlRFVE1CRUdBMVVFQ3hNS1EzbGlaWEpVY25WemRERWlNQ0FHQTFVRUF4TVpRbUZzZEdsdGIzSmxJRU41WW1WeQpWSEoxYzNRZ1VtOXZkRENDQVNJd0RRWUpLb1pJaHZjTkFRRUJCUUFEZ2dFUEFEQ0NBUW9DZ2dFQkFLTUV1eUtyCm1EMVg2Q1p5bXJWNTFDbmk0ZWlWZ0xHdzQxdU9LeW1hWk4raFhlMndDUVZ0MnlndXptS2lZdjYwaU5vUzZ6anIKSVozQVFTc0JVbnVJZDlNY2o4ZTZ1WWkxYWdubmMrZ1JRS2ZSek1waWpTM2xqd3VtVU5Lb1VNTW82dldySlllSwptcFljcVdlNFB3elY5L2xTRXkvQ0c5VndjUENQd0JMS0JzdWE0ZG5LTTNwMzF2anN1ZkZvUkVKSUU5TEF3cVN1ClhtRCt0cVlGL0xUZEIxa0MxRmtZbUdQMXBXUGdrQXg5WGJJR2V2T0Y2dXZVQTY1ZWhENWYveFh0YWJ6NU9UWnkKZGM5M1VrM3p5WkFzdVQzbHlTTlRQeDhrbUNGY0I1a3B2Y1k2N09kdWhqcHJsM1JqTTcxb0dESHdlSTEydi95ZQpqbDBxaHFkTmtOd25HamtDQXdFQUFhTkZNRU13SFFZRFZSME9CQllFRk9XZFdUQ0NSMWpNclBvSVZEYUdlenExCkJFM3dNQklHQTFVZEV3RUIvd1FJTUFZQkFmOENBUU13RGdZRFZSMFBBUUgvQkFRREFnRUdNQTBHQ1NxR1NJYjMKRFFFQkJRVUFBNElCQVFDRkRGMk81RzlSYUVJRm9OMjdUeWNsaEFPOTkyVDlMZGN3NDZRUUYrdmFLU20yZVQ5Mgo5aGtUSTdnUUN2bFlwTlJoY0wwRVlXb1NpaGZWQ3IzRnZEQjgxdWtNSlkyR1FFL3N6S04rT01ZM0VVL3QzV2d4CmprelNzd0YwN3I1MVhnZElHbjl3L3haY2hNQjVoYmdGL1grK1pSR2pEOEFDdFBoU056a0UxYWt4ZWhpL29DcjAKRXBuM28wV0M0enhlOVoyZXRjaWVmQzdJcEo1T0NCUkxiZjF3YldzYVk3MWs1aCszenZEeW55NjdHN2Z5VUloegprc0xpNHhhTm1qSUNxNDRZM2VrUUVlNStOYXVRcno0d2xIclFNejJuWlEvMS9JNmVZczlIUkN3Qlhic2R0VExTClI5STRMdEQrZ2R3eWFoNjE3anpWL09lQkhSbkRKRUxxWXptcAotLS0tLUVORCBDRVJUSUZJQ0FURS0tLS0tCgo="}}'
    headers:
      Accept:
      - application/json
      Accept-Encoding:
      - gzip, deflate
      CommandName:
      - spring certificate add
      Connection:
      - keep-alive
      Content-Length:
      - '1745'
      Content-Type:
      - application/json
      ParameterSetName:
      - --name -f -g -s
      User-Agent:
      - AZURECLI/2.46.0 (MSI) azsdk-python-mgmt-appplatform/6.1.0 Python/3.9.13 (Windows-10-10.0.22621-SP0)
    method: PUT
    uri: https://management.azure.com/subscriptions/00000000-0000-0000-0000-000000000000/resourceGroups/clitest.rg000001/providers/Microsoft.AppPlatform/Spring/clitest000002/certificates/balti-cert?api-version=2023-11-01-preview
  response:
    body:
      string: '{"properties":{"provisioningState":"Creating","type":"ContentCertificate"},"type":"Microsoft.AppPlatform/Spring/certificates","id":"/subscriptions/00000000-0000-0000-0000-000000000000/resourceGroups/clitest.rg000001/providers/Microsoft.AppPlatform/Spring/clitest000002/certificates/balti-cert","name":"balti-cert","systemData":{"createdBy":"yuwzho@microsoft.com","createdByType":"User","createdAt":"2023-04-14T03:25:20.4136958Z","lastModifiedBy":"yuwzho@microsoft.com","lastModifiedByType":"User","lastModifiedAt":"2023-04-14T03:25:20.4136958Z"}}'
    headers:
      azure-asyncoperation:
      - https://management.azure.com/subscriptions/00000000-0000-0000-0000-000000000000/resourceGroups/clitest.rg000001/providers/Microsoft.AppPlatform/locations/centralindia/operationStatus/clitest000002/operationId/d0c10ca0-05b3-4617-94c9-364da8de53d5?api-version=2023-11-01-preview
      cache-control:
      - no-cache
      content-length:
      - '546'
      content-type:
      - application/json; charset=utf-8
      date:
      - Fri, 14 Apr 2023 03:25:21 GMT
      expires:
      - '-1'
      location:
      - https://management.azure.com/subscriptions/00000000-0000-0000-0000-000000000000/resourceGroups/clitest.rg000001/providers/Microsoft.AppPlatform/locations/centralindia/operationResults/d0c10ca0-05b3-4617-94c9-364da8de53d5/Spring/clitest000002?api-version=2023-11-01-preview
      pragma:
      - no-cache
      request-context:
      - appId=cid-v1:797d7e4e-8180-497e-a254-780fbd39ba4d
      strict-transport-security:
      - max-age=31536000; includeSubDomains
      x-content-type-options:
      - nosniff
      x-ms-ratelimit-remaining-subscription-writes:
      - '1199'
      x-rp-server-mvid:
      - 546655cb-1d51-4210-be2f-a36dd5e69583
    status:
      code: 202
      message: Accepted
- request:
    body: null
    headers:
      Accept:
      - '*/*'
      Accept-Encoding:
      - gzip, deflate
      CommandName:
      - spring certificate add
      Connection:
      - keep-alive
      ParameterSetName:
      - --name -f -g -s
      User-Agent:
      - AZURECLI/2.46.0 (MSI) azsdk-python-mgmt-appplatform/6.1.0 Python/3.9.13 (Windows-10-10.0.22621-SP0)
    method: GET
    uri: https://management.azure.com/subscriptions/00000000-0000-0000-0000-000000000000/resourceGroups/clitest.rg000001/providers/Microsoft.AppPlatform/locations/centralindia/operationStatus/clitest000002/operationId/d0c10ca0-05b3-4617-94c9-364da8de53d5?api-version=2023-11-01-preview
  response:
    body:
      string: '{"id":"subscriptions/d51e3ffe-6b84-49cd-b426-0dc4ec660356/resourceGroups/clitest.rg000001/providers/Microsoft.AppPlatform/locations/centralindia/operationStatus/clitest000002/operationId/d0c10ca0-05b3-4617-94c9-364da8de53d5","name":"d0c10ca0-05b3-4617-94c9-364da8de53d5","status":"Running","startTime":"2023-04-14T03:25:21.2034813Z"}'
    headers:
      cache-control:
      - no-cache
      content-length:
      - '333'
      content-type:
      - application/json; charset=utf-8
      date:
      - Fri, 14 Apr 2023 03:25:21 GMT
      expires:
      - '-1'
      pragma:
      - no-cache
      request-context:
      - appId=cid-v1:797d7e4e-8180-497e-a254-780fbd39ba4d
      strict-transport-security:
      - max-age=31536000; includeSubDomains
      transfer-encoding:
      - chunked
      vary:
      - Accept-Encoding
      x-content-type-options:
      - nosniff
      x-rp-server-mvid:
      - 546655cb-1d51-4210-be2f-a36dd5e69583
    status:
      code: 200
      message: OK
- request:
    body: null
    headers:
      Accept:
      - '*/*'
      Accept-Encoding:
      - gzip, deflate
      CommandName:
      - spring certificate add
      Connection:
      - keep-alive
      ParameterSetName:
      - --name -f -g -s
      User-Agent:
      - AZURECLI/2.46.0 (MSI) azsdk-python-mgmt-appplatform/6.1.0 Python/3.9.13 (Windows-10-10.0.22621-SP0)
    method: GET
    uri: https://management.azure.com/subscriptions/00000000-0000-0000-0000-000000000000/resourceGroups/clitest.rg000001/providers/Microsoft.AppPlatform/locations/centralindia/operationStatus/clitest000002/operationId/d0c10ca0-05b3-4617-94c9-364da8de53d5?api-version=2023-11-01-preview
  response:
    body:
      string: '{"id":"subscriptions/d51e3ffe-6b84-49cd-b426-0dc4ec660356/resourceGroups/clitest.rg000001/providers/Microsoft.AppPlatform/locations/centralindia/operationStatus/clitest000002/operationId/d0c10ca0-05b3-4617-94c9-364da8de53d5","name":"d0c10ca0-05b3-4617-94c9-364da8de53d5","status":"Succeeded","startTime":"2023-04-14T03:25:21.2034813Z","endTime":"2023-04-14T03:25:27.4106766Z"}'
    headers:
      cache-control:
      - no-cache
      content-length:
      - '376'
      content-type:
      - application/json; charset=utf-8
      date:
      - Fri, 14 Apr 2023 03:25:31 GMT
      expires:
      - '-1'
      pragma:
      - no-cache
      request-context:
      - appId=cid-v1:797d7e4e-8180-497e-a254-780fbd39ba4d
      strict-transport-security:
      - max-age=31536000; includeSubDomains
      transfer-encoding:
      - chunked
      vary:
      - Accept-Encoding
      x-content-type-options:
      - nosniff
      x-rp-server-mvid:
      - 546655cb-1d51-4210-be2f-a36dd5e69583
    status:
      code: 200
      message: OK
- request:
    body: null
    headers:
      Accept:
      - '*/*'
      Accept-Encoding:
      - gzip, deflate
      CommandName:
      - spring certificate add
      Connection:
      - keep-alive
      ParameterSetName:
      - --name -f -g -s
      User-Agent:
      - AZURECLI/2.46.0 (MSI) azsdk-python-mgmt-appplatform/6.1.0 Python/3.9.13 (Windows-10-10.0.22621-SP0)
    method: GET
    uri: https://management.azure.com/subscriptions/00000000-0000-0000-0000-000000000000/resourceGroups/clitest.rg000001/providers/Microsoft.AppPlatform/Spring/clitest000002/certificates/balti-cert?api-version=2023-11-01-preview
  response:
    body:
      string: '{"properties":{"thumbprint":"d4de20d05e66fc53fe1a50882c78db2852cae474","issuer":"Baltimore
        CyberTrust Root, OU=CyberTrust, O=Baltimore, C=IE","expirationDate":"2025-05-12T23:59:00.000+00:00","activateDate":"2000-05-12T18:46:00.000+00:00","subjectName":"Baltimore
        CyberTrust Root, OU=CyberTrust, O=Baltimore, C=IE","dnsNames":[],"provisioningState":"Succeeded","type":"ContentCertificate"},"type":"Microsoft.AppPlatform/Spring/certificates","id":"/subscriptions/00000000-0000-0000-0000-000000000000/resourceGroups/clitest.rg000001/providers/Microsoft.AppPlatform/Spring/clitest000002/certificates/balti-cert","name":"balti-cert","systemData":{"createdBy":"yuwzho@microsoft.com","createdByType":"User","createdAt":"2023-04-14T03:25:20.4136958Z","lastModifiedBy":"yuwzho@microsoft.com","lastModifiedByType":"User","lastModifiedAt":"2023-04-14T03:25:20.4136958Z"}}'
    headers:
      cache-control:
      - no-cache
      content-length:
      - '860'
      content-type:
      - application/json; charset=utf-8
      date:
      - Fri, 14 Apr 2023 03:25:32 GMT
      expires:
      - '-1'
      pragma:
      - no-cache
      request-context:
      - appId=cid-v1:797d7e4e-8180-497e-a254-780fbd39ba4d
      strict-transport-security:
      - max-age=31536000; includeSubDomains
      transfer-encoding:
      - chunked
      vary:
      - Accept-Encoding
      x-content-type-options:
      - nosniff
      x-rp-server-mvid:
      - 546655cb-1d51-4210-be2f-a36dd5e69583
    status:
      code: 200
      message: OK
- request:
    body: null
    headers:
      Accept:
      - application/json
      Accept-Encoding:
      - gzip, deflate
      CommandName:
      - spring certificate show
      Connection:
      - keep-alive
      ParameterSetName:
      - --name -g -s
      User-Agent:
      - AZURECLI/2.46.0 (MSI) azsdk-python-mgmt-appplatform/6.1.0 Python/3.9.13 (Windows-10-10.0.22621-SP0)
    method: GET
    uri: https://management.azure.com/subscriptions/00000000-0000-0000-0000-000000000000/resourceGroups/clitest.rg000001/providers/Microsoft.AppPlatform/Spring/clitest000002/certificates/digi-cert?api-version=2023-11-01-preview
  response:
    body:
      string: '{"properties":{"thumbprint":"a8985d3a65e5e5c4b2d7d66d40c6dd2fb19c5436","issuer":"DigiCert
        Global Root CA, OU=www.digicert.com, O=DigiCert Inc, C=US","expirationDate":"2031-11-10T00:00:00.000+00:00","activateDate":"2006-11-10T00:00:00.000+00:00","subjectName":"DigiCert
        Global Root CA, OU=www.digicert.com, O=DigiCert Inc, C=US","dnsNames":[],"provisioningState":"Succeeded","type":"ContentCertificate"},"type":"Microsoft.AppPlatform/Spring/certificates","id":"/subscriptions/00000000-0000-0000-0000-000000000000/resourceGroups/clitest.rg000001/providers/Microsoft.AppPlatform/Spring/clitest000002/certificates/digi-cert","name":"digi-cert","systemData":{"createdBy":"yuwzho@microsoft.com","createdByType":"User","createdAt":"2023-04-14T03:25:06.3639286Z","lastModifiedBy":"yuwzho@microsoft.com","lastModifiedByType":"User","lastModifiedAt":"2023-04-14T03:25:06.3639286Z"}}'
    headers:
      cache-control:
      - no-cache
      content-length:
      - '872'
      content-type:
      - application/json; charset=utf-8
      date:
      - Fri, 14 Apr 2023 03:25:34 GMT
      expires:
      - '-1'
      pragma:
      - no-cache
      request-context:
      - appId=cid-v1:797d7e4e-8180-497e-a254-780fbd39ba4d
      strict-transport-security:
      - max-age=31536000; includeSubDomains
      transfer-encoding:
      - chunked
      vary:
      - Accept-Encoding
      x-content-type-options:
      - nosniff
      x-rp-server-mvid:
      - 546655cb-1d51-4210-be2f-a36dd5e69583
    status:
      code: 200
      message: OK
- request:
    body: null
    headers:
      Accept:
      - application/json
      Accept-Encoding:
      - gzip, deflate
      CommandName:
      - spring certificate show
      Connection:
      - keep-alive
      ParameterSetName:
      - --name -g -s
      User-Agent:
      - AZURECLI/2.46.0 (MSI) azsdk-python-mgmt-appplatform/6.1.0 Python/3.9.13 (Windows-10-10.0.22621-SP0)
    method: GET
    uri: https://management.azure.com/subscriptions/00000000-0000-0000-0000-000000000000/resourceGroups/clitest.rg000001/providers/Microsoft.AppPlatform/Spring/clitest000002/certificates/balti-cert?api-version=2023-11-01-preview
  response:
    body:
      string: '{"properties":{"thumbprint":"d4de20d05e66fc53fe1a50882c78db2852cae474","issuer":"Baltimore
        CyberTrust Root, OU=CyberTrust, O=Baltimore, C=IE","expirationDate":"2025-05-12T23:59:00.000+00:00","activateDate":"2000-05-12T18:46:00.000+00:00","subjectName":"Baltimore
        CyberTrust Root, OU=CyberTrust, O=Baltimore, C=IE","dnsNames":[],"provisioningState":"Succeeded","type":"ContentCertificate"},"type":"Microsoft.AppPlatform/Spring/certificates","id":"/subscriptions/00000000-0000-0000-0000-000000000000/resourceGroups/clitest.rg000001/providers/Microsoft.AppPlatform/Spring/clitest000002/certificates/balti-cert","name":"balti-cert","systemData":{"createdBy":"yuwzho@microsoft.com","createdByType":"User","createdAt":"2023-04-14T03:25:20.4136958Z","lastModifiedBy":"yuwzho@microsoft.com","lastModifiedByType":"User","lastModifiedAt":"2023-04-14T03:25:20.4136958Z"}}'
    headers:
      cache-control:
      - no-cache
      content-length:
      - '860'
      content-type:
      - application/json; charset=utf-8
      date:
      - Fri, 14 Apr 2023 03:25:36 GMT
      expires:
      - '-1'
      pragma:
      - no-cache
      request-context:
      - appId=cid-v1:797d7e4e-8180-497e-a254-780fbd39ba4d
      strict-transport-security:
      - max-age=31536000; includeSubDomains
      transfer-encoding:
      - chunked
      vary:
      - Accept-Encoding
      x-content-type-options:
      - nosniff
      x-rp-server-mvid:
      - 546655cb-1d51-4210-be2f-a36dd5e69583
    status:
      code: 200
      message: OK
- request:
    body: null
    headers:
      Accept:
      - application/json
      Accept-Encoding:
      - gzip, deflate
      CommandName:
      - spring certificate list
      Connection:
      - keep-alive
      ParameterSetName:
      - -g -s
      User-Agent:
      - AZURECLI/2.46.0 (MSI) azsdk-python-mgmt-appplatform/6.1.0 Python/3.9.13 (Windows-10-10.0.22621-SP0)
    method: GET
    uri: https://management.azure.com/subscriptions/00000000-0000-0000-0000-000000000000/resourceGroups/clitest.rg000001/providers/Microsoft.AppPlatform/Spring/clitest000002/certificates?api-version=2023-11-01-preview
  response:
    body:
      string: '{"value":[{"properties":{"thumbprint":"d4de20d05e66fc53fe1a50882c78db2852cae474","issuer":"Baltimore
        CyberTrust Root, OU=CyberTrust, O=Baltimore, C=IE","expirationDate":"2025-05-12T23:59:00.000+00:00","activateDate":"2000-05-12T18:46:00.000+00:00","subjectName":"Baltimore
        CyberTrust Root, OU=CyberTrust, O=Baltimore, C=IE","dnsNames":[],"provisioningState":"Succeeded","type":"ContentCertificate"},"type":"Microsoft.AppPlatform/Spring/certificates","id":"/subscriptions/00000000-0000-0000-0000-000000000000/resourceGroups/clitest.rg000001/providers/Microsoft.AppPlatform/Spring/clitest000002/certificates/balti-cert","name":"balti-cert","systemData":{"createdBy":"yuwzho@microsoft.com","createdByType":"User","createdAt":"2023-04-14T03:25:20.4136958Z","lastModifiedBy":"yuwzho@microsoft.com","lastModifiedByType":"User","lastModifiedAt":"2023-04-14T03:25:20.4136958Z"}},{"properties":{"thumbprint":"a8985d3a65e5e5c4b2d7d66d40c6dd2fb19c5436","issuer":"DigiCert
        Global Root CA, OU=www.digicert.com, O=DigiCert Inc, C=US","expirationDate":"2031-11-10T00:00:00.000+00:00","activateDate":"2006-11-10T00:00:00.000+00:00","subjectName":"DigiCert
        Global Root CA, OU=www.digicert.com, O=DigiCert Inc, C=US","dnsNames":[],"provisioningState":"Succeeded","type":"ContentCertificate"},"type":"Microsoft.AppPlatform/Spring/certificates","id":"/subscriptions/00000000-0000-0000-0000-000000000000/resourceGroups/clitest.rg000001/providers/Microsoft.AppPlatform/Spring/clitest000002/certificates/digi-cert","name":"digi-cert","systemData":{"createdBy":"yuwzho@microsoft.com","createdByType":"User","createdAt":"2023-04-14T03:25:06.3639286Z","lastModifiedBy":"yuwzho@microsoft.com","lastModifiedByType":"User","lastModifiedAt":"2023-04-14T03:25:06.3639286Z"}}]}'
    headers:
      cache-control:
      - no-cache
      content-length:
      - '1745'
      content-type:
      - application/json; charset=utf-8
      date:
      - Fri, 14 Apr 2023 03:25:37 GMT
      expires:
      - '-1'
      pragma:
      - no-cache
      request-context:
      - appId=cid-v1:797d7e4e-8180-497e-a254-780fbd39ba4d
      strict-transport-security:
      - max-age=31536000; includeSubDomains
      transfer-encoding:
      - chunked
      vary:
      - Accept-Encoding
      x-content-type-options:
      - nosniff
      x-rp-server-mvid:
      - 546655cb-1d51-4210-be2f-a36dd5e69583
    status:
      code: 200
      message: OK
- request:
    body: null
    headers:
      Accept:
      - application/json
      Accept-Encoding:
      - gzip, deflate
      CommandName:
      - spring app create
      Connection:
      - keep-alive
      ParameterSetName:
      - --name -f -g -s
      User-Agent:
      - AZURECLI/2.46.0 (MSI) azsdk-python-mgmt-appplatform/6.1.0 Python/3.9.13 (Windows-10-10.0.22621-SP0)
    method: GET
    uri: https://management.azure.com/subscriptions/00000000-0000-0000-0000-000000000000/resourceGroups/clitest.rg000001/providers/Microsoft.AppPlatform/Spring/clitest000002/apps/clitest000003?api-version=2023-11-01-preview
  response:
    body:
      string: '{"error":{"code":"NotFound","message":"App was not found","target":"/subscriptions/00000000-0000-0000-0000-000000000000/resourceGroups/clitest.rg000001/providers/Microsoft.AppPlatform/Spring/clitest000002/apps/clitest000003","details":null}}'
    headers:
      cache-control:
      - no-cache
      content-length:
      - '241'
      content-type:
      - application/json; charset=utf-8
      date:
      - Fri, 14 Apr 2023 03:25:39 GMT
      expires:
      - '-1'
      pragma:
      - no-cache
      request-context:
      - appId=cid-v1:797d7e4e-8180-497e-a254-780fbd39ba4d
      strict-transport-security:
      - max-age=31536000; includeSubDomains
      x-content-type-options:
      - nosniff
      x-ms-ratelimit-remaining-subscription-resource-requests:
      - '11999'
      x-rp-server-mvid:
      - 546655cb-1d51-4210-be2f-a36dd5e69583
    status:
      code: 404
      message: Not Found
- request:
    body: null
    headers:
      Accept:
      - application/json
      Accept-Encoding:
      - gzip, deflate
      CommandName:
      - spring app create
      Connection:
      - keep-alive
      ParameterSetName:
      - --name -f -g -s
      User-Agent:
      - AZURECLI/2.46.0 (MSI) azsdk-python-mgmt-appplatform/6.1.0 Python/3.9.13 (Windows-10-10.0.22621-SP0)
    method: GET
    uri: https://management.azure.com/subscriptions/00000000-0000-0000-0000-000000000000/resourceGroups/clitest.rg000001/providers/Microsoft.AppPlatform/Spring/clitest000002?api-version=2023-11-01-preview
  response:
    body:
      string: '{"properties":{"provisioningState":"Succeeded","zoneRedundant":false,"version":3,"serviceId":"56e88126a961459ca367bb6223cf4a16","networkProfile":{"outboundIPs":{"publicIPs":["20.219.181.209","20.219.183.20"]},"outboundType":"loadBalancer"},"powerState":"Running","fqdn":"clitest000002.azuremicroservices.io"},"type":"Microsoft.AppPlatform/Spring","sku":{"name":"S0","tier":"Standard"},"location":"centralindia","tags":{},"id":"/subscriptions/00000000-0000-0000-0000-000000000000/resourceGroups/clitest.rg000001/providers/Microsoft.AppPlatform/Spring/clitest000002","name":"clitest000002","systemData":{"createdBy":"pensh@microsoft.com","createdByType":"User","createdAt":"2023-03-23T02:52:58.6146926Z","lastModifiedBy":"pensh@microsoft.com","lastModifiedByType":"User","lastModifiedAt":"2023-03-23T02:57:49.439147Z"}}'
    headers:
      cache-control:
      - no-cache
      content-length:
      - '817'
      content-type:
      - application/json; charset=utf-8
      date:
      - Fri, 14 Apr 2023 03:25:39 GMT
      expires:
      - '-1'
      pragma:
      - no-cache
      request-context:
      - appId=cid-v1:797d7e4e-8180-497e-a254-780fbd39ba4d
      strict-transport-security:
      - max-age=31536000; includeSubDomains
      transfer-encoding:
      - chunked
      vary:
      - Accept-Encoding
      x-content-type-options:
      - nosniff
      x-ms-ratelimit-remaining-subscription-resource-requests:
      - '11998'
      x-rp-server-mvid:
      - 546655cb-1d51-4210-be2f-a36dd5e69583
    status:
      code: 200
      message: OK
- request:
    body: null
    headers:
      Accept:
      - application/json
      Accept-Encoding:
      - gzip, deflate
      CommandName:
      - spring app create
      Connection:
      - keep-alive
      ParameterSetName:
      - --name -f -g -s
      User-Agent:
      - AZURECLI/2.46.0 (MSI) azsdk-python-mgmt-appplatform/6.1.0 Python/3.9.13 (Windows-10-10.0.22621-SP0)
    method: GET
    uri: https://management.azure.com/subscriptions/00000000-0000-0000-0000-000000000000/resourceGroups/clitest.rg000001/providers/Microsoft.AppPlatform/Spring/clitest000002/certificates/balti-cert?api-version=2023-11-01-preview
  response:
    body:
      string: '{"properties":{"thumbprint":"d4de20d05e66fc53fe1a50882c78db2852cae474","issuer":"Baltimore
        CyberTrust Root, OU=CyberTrust, O=Baltimore, C=IE","expirationDate":"2025-05-12T23:59:00.000+00:00","activateDate":"2000-05-12T18:46:00.000+00:00","subjectName":"Baltimore
        CyberTrust Root, OU=CyberTrust, O=Baltimore, C=IE","dnsNames":[],"provisioningState":"Succeeded","type":"ContentCertificate"},"type":"Microsoft.AppPlatform/Spring/certificates","id":"/subscriptions/00000000-0000-0000-0000-000000000000/resourceGroups/clitest.rg000001/providers/Microsoft.AppPlatform/Spring/clitest000002/certificates/balti-cert","name":"balti-cert","systemData":{"createdBy":"yuwzho@microsoft.com","createdByType":"User","createdAt":"2023-04-14T03:25:20.4136958Z","lastModifiedBy":"yuwzho@microsoft.com","lastModifiedByType":"User","lastModifiedAt":"2023-04-14T03:25:20.4136958Z"}}'
    headers:
      cache-control:
      - no-cache
      content-length:
      - '860'
      content-type:
      - application/json; charset=utf-8
      date:
      - Fri, 14 Apr 2023 03:25:40 GMT
      expires:
      - '-1'
      pragma:
      - no-cache
      request-context:
      - appId=cid-v1:797d7e4e-8180-497e-a254-780fbd39ba4d
      strict-transport-security:
      - max-age=31536000; includeSubDomains
      transfer-encoding:
      - chunked
      vary:
      - Accept-Encoding
      x-content-type-options:
      - nosniff
      x-rp-server-mvid:
      - 546655cb-1d51-4210-be2f-a36dd5e69583
    status:
      code: 200
      message: OK
- request:
    body: '{"properties": {"public": false, "httpsOnly": false, "temporaryDisk": {"sizeInGB":
      5, "mountPath": "/tmp"}, "enableEndToEndTLS": false, "loadedCertificates": [{"resourceId":
      "/subscriptions/00000000-0000-0000-0000-000000000000/resourceGroups/clitest.rg000001/providers/Microsoft.AppPlatform/Spring/clitest000002/certificates/balti-cert",
      "loadTrustStore": true}]}}'
    headers:
      Accept:
      - application/json
      Accept-Encoding:
      - gzip, deflate
      CommandName:
      - spring app create
      Connection:
      - keep-alive
      Content-Length:
      - '364'
      Content-Type:
      - application/json
      ParameterSetName:
      - --name -f -g -s
      User-Agent:
      - AZURECLI/2.46.0 (MSI) azsdk-python-mgmt-appplatform/6.1.0 Python/3.9.13 (Windows-10-10.0.22621-SP0)
    method: PUT
    uri: https://management.azure.com/subscriptions/00000000-0000-0000-0000-000000000000/resourceGroups/clitest.rg000001/providers/Microsoft.AppPlatform/Spring/clitest000002/apps/clitest000003?api-version=2023-11-01-preview
  response:
    body:
      string: '{"properties":{"addonConfigs":{"applicationConfigurationService":{},"serviceRegistry":{}},"public":false,"provisioningState":"Creating","httpsOnly":false,"temporaryDisk":{"sizeInGB":5,"mountPath":"/tmp"},"loadedCertificates":[{"resourceId":"/subscriptions/00000000-0000-0000-0000-000000000000/resourceGroups/clitest.rg000001/providers/Microsoft.AppPlatform/Spring/clitest000002/certificates/balti-cert","loadTrustStore":true}],"enableEndToEndTLS":false,"ingressSettings":{"readTimeoutInSeconds":300,"sendTimeoutInSeconds":60,"sessionCookieMaxAge":0,"sessionAffinity":"None","backendProtocol":"Default"}},"type":"Microsoft.AppPlatform/Spring/apps","identity":null,"location":"centralindia","id":"/subscriptions/00000000-0000-0000-0000-000000000000/resourceGroups/clitest.rg000001/providers/Microsoft.AppPlatform/Spring/clitest000002/apps/clitest000003","name":"clitest000003","systemData":{"createdBy":"yuwzho@microsoft.com","createdByType":"User","createdAt":"2023-04-14T03:25:40.7713272Z","lastModifiedBy":"yuwzho@microsoft.com","lastModifiedByType":"User","lastModifiedAt":"2023-04-14T03:25:40.7713272Z"}}'
    headers:
      azure-asyncoperation:
      - https://management.azure.com/subscriptions/00000000-0000-0000-0000-000000000000/resourceGroups/clitest.rg000001/providers/Microsoft.AppPlatform/locations/centralindia/operationStatus/clitest000003/operationId/999de4d4-5ced-483b-b7e4-61982dc1eeba?api-version=2023-11-01-preview
      cache-control:
      - no-cache
      content-length:
      - '1107'
      content-type:
      - application/json; charset=utf-8
      date:
      - Fri, 14 Apr 2023 03:25:41 GMT
      expires:
      - '-1'
      location:
      - https://management.azure.com/subscriptions/00000000-0000-0000-0000-000000000000/resourceGroups/clitest.rg000001/providers/Microsoft.AppPlatform/locations/centralindia/operationResults/999de4d4-5ced-483b-b7e4-61982dc1eeba/Spring/clitest000003?api-version=2023-11-01-preview
      pragma:
      - no-cache
      request-context:
      - appId=cid-v1:797d7e4e-8180-497e-a254-780fbd39ba4d
      strict-transport-security:
      - max-age=31536000; includeSubDomains
      x-content-type-options:
      - nosniff
      x-ms-ratelimit-remaining-subscription-resource-requests:
      - '1199'
      x-rp-server-mvid:
      - 546655cb-1d51-4210-be2f-a36dd5e69583
    status:
      code: 201
      message: Created
- request:
    body: null
    headers:
      Accept:
      - '*/*'
      Accept-Encoding:
      - gzip, deflate
      CommandName:
      - spring app create
      Connection:
      - keep-alive
      ParameterSetName:
      - --name -f -g -s
      User-Agent:
      - AZURECLI/2.46.0 (MSI) azsdk-python-mgmt-appplatform/6.1.0 Python/3.9.13 (Windows-10-10.0.22621-SP0)
    method: GET
    uri: https://management.azure.com/subscriptions/00000000-0000-0000-0000-000000000000/resourceGroups/clitest.rg000001/providers/Microsoft.AppPlatform/locations/centralindia/operationStatus/clitest000003/operationId/999de4d4-5ced-483b-b7e4-61982dc1eeba?api-version=2023-11-01-preview
  response:
    body:
      string: '{"id":"subscriptions/d51e3ffe-6b84-49cd-b426-0dc4ec660356/resourceGroups/clitest.rg000001/providers/Microsoft.AppPlatform/locations/centralindia/operationStatus/clitest000003/operationId/999de4d4-5ced-483b-b7e4-61982dc1eeba","name":"999de4d4-5ced-483b-b7e4-61982dc1eeba","status":"Running","startTime":"2023-04-14T03:25:41.2897341Z"}'
    headers:
      cache-control:
      - no-cache
      content-length:
      - '333'
      content-type:
      - application/json; charset=utf-8
      date:
      - Fri, 14 Apr 2023 03:25:41 GMT
      expires:
      - '-1'
      pragma:
      - no-cache
      request-context:
      - appId=cid-v1:797d7e4e-8180-497e-a254-780fbd39ba4d
      strict-transport-security:
      - max-age=31536000; includeSubDomains
      transfer-encoding:
      - chunked
      vary:
      - Accept-Encoding
      x-content-type-options:
      - nosniff
      x-rp-server-mvid:
      - 546655cb-1d51-4210-be2f-a36dd5e69583
    status:
      code: 200
      message: OK
- request:
    body: null
    headers:
      Accept:
      - '*/*'
      Accept-Encoding:
      - gzip, deflate
      CommandName:
      - spring app create
      Connection:
      - keep-alive
      ParameterSetName:
      - --name -f -g -s
      User-Agent:
      - AZURECLI/2.46.0 (MSI) azsdk-python-mgmt-appplatform/6.1.0 Python/3.9.13 (Windows-10-10.0.22621-SP0)
    method: GET
    uri: https://management.azure.com/subscriptions/00000000-0000-0000-0000-000000000000/resourceGroups/clitest.rg000001/providers/Microsoft.AppPlatform/locations/centralindia/operationStatus/clitest000003/operationId/999de4d4-5ced-483b-b7e4-61982dc1eeba?api-version=2023-11-01-preview
  response:
    body:
      string: '{"id":"subscriptions/d51e3ffe-6b84-49cd-b426-0dc4ec660356/resourceGroups/clitest.rg000001/providers/Microsoft.AppPlatform/locations/centralindia/operationStatus/clitest000003/operationId/999de4d4-5ced-483b-b7e4-61982dc1eeba","name":"999de4d4-5ced-483b-b7e4-61982dc1eeba","status":"Succeeded","startTime":"2023-04-14T03:25:41.2897341Z","endTime":"2023-04-14T03:25:47.809398Z"}'
    headers:
      cache-control:
      - no-cache
      content-length:
      - '375'
      content-type:
      - application/json; charset=utf-8
      date:
      - Fri, 14 Apr 2023 03:25:52 GMT
      expires:
      - '-1'
      pragma:
      - no-cache
      request-context:
      - appId=cid-v1:797d7e4e-8180-497e-a254-780fbd39ba4d
      strict-transport-security:
      - max-age=31536000; includeSubDomains
      transfer-encoding:
      - chunked
      vary:
      - Accept-Encoding
      x-content-type-options:
      - nosniff
      x-rp-server-mvid:
      - 546655cb-1d51-4210-be2f-a36dd5e69583
    status:
      code: 200
      message: OK
- request:
    body: null
    headers:
      Accept:
      - '*/*'
      Accept-Encoding:
      - gzip, deflate
      CommandName:
      - spring app create
      Connection:
      - keep-alive
      ParameterSetName:
      - --name -f -g -s
      User-Agent:
      - AZURECLI/2.46.0 (MSI) azsdk-python-mgmt-appplatform/6.1.0 Python/3.9.13 (Windows-10-10.0.22621-SP0)
    method: GET
    uri: https://management.azure.com/subscriptions/00000000-0000-0000-0000-000000000000/resourceGroups/clitest.rg000001/providers/Microsoft.AppPlatform/Spring/clitest000002/apps/clitest000003?api-version=2023-11-01-preview
  response:
    body:
      string: '{"properties":{"addonConfigs":{"applicationConfigurationService":{},"serviceRegistry":{}},"public":false,"provisioningState":"Succeeded","fqdn":"clitest000002.azuremicroservices.io","httpsOnly":false,"temporaryDisk":{"sizeInGB":5,"mountPath":"/tmp"},"persistentDisk":{"sizeInGB":0,"mountPath":"/persistent"},"loadedCertificates":[{"resourceId":"/subscriptions/00000000-0000-0000-0000-000000000000/resourceGroups/clitest.rg000001/providers/Microsoft.AppPlatform/Spring/clitest000002/certificates/balti-cert","loadTrustStore":true}],"enableEndToEndTLS":false,"ingressSettings":{"readTimeoutInSeconds":300,"sendTimeoutInSeconds":60,"sessionCookieMaxAge":0,"sessionAffinity":"None","backendProtocol":"Default"}},"type":"Microsoft.AppPlatform/Spring/apps","identity":null,"location":"centralindia","id":"/subscriptions/00000000-0000-0000-0000-000000000000/resourceGroups/clitest.rg000001/providers/Microsoft.AppPlatform/Spring/clitest000002/apps/clitest000003","name":"clitest000003","systemData":{"createdBy":"yuwzho@microsoft.com","createdByType":"User","createdAt":"2023-04-14T03:25:40.7713272Z","lastModifiedBy":"yuwzho@microsoft.com","lastModifiedByType":"User","lastModifiedAt":"2023-04-14T03:25:40.7713272Z"}}'
    headers:
      cache-control:
      - no-cache
      content-length:
      - '1211'
      content-type:
      - application/json; charset=utf-8
      date:
      - Fri, 14 Apr 2023 03:25:52 GMT
      expires:
      - '-1'
      pragma:
      - no-cache
      request-context:
      - appId=cid-v1:797d7e4e-8180-497e-a254-780fbd39ba4d
      strict-transport-security:
      - max-age=31536000; includeSubDomains
      transfer-encoding:
      - chunked
      vary:
      - Accept-Encoding
      x-content-type-options:
      - nosniff
      x-ms-ratelimit-remaining-subscription-resource-requests:
      - '11998'
      x-rp-server-mvid:
      - 546655cb-1d51-4210-be2f-a36dd5e69583
    status:
      code: 200
      message: OK
- request:
    body: '{"properties": {"source": {"type": "Jar", "relativePath": "<default>",
      "runtimeVersion": "Java_11"}, "deploymentSettings": {"resourceRequests": {"cpu":
      "1", "memory": "1Gi"}, "scale": {"minReplicas": 1, "maxReplicas": 10}}, "active":
      true}, "sku": {"name": "S0", "tier": "Standard", "capacity": 1}}'
    headers:
      Accept:
      - application/json
      Accept-Encoding:
      - gzip, deflate
      CommandName:
      - spring app create
      Connection:
      - keep-alive
      Content-Length:
      - '298'
      Content-Type:
      - application/json
      ParameterSetName:
      - --name -f -g -s
      User-Agent:
      - AZURECLI/2.46.0 (MSI) azsdk-python-mgmt-appplatform/6.1.0 Python/3.9.13 (Windows-10-10.0.22621-SP0)
    method: PUT
    uri: https://management.azure.com/subscriptions/00000000-0000-0000-0000-000000000000/resourceGroups/clitest.rg000001/providers/Microsoft.AppPlatform/Spring/clitest000002/apps/clitest000003/deployments/mock-deployment?api-version=2023-11-01-preview
  response:
    body:
      string: '{"properties":{"deploymentSettings":{"resourceRequests":{"cpu":"1","memory":"1Gi"},"environmentVariables":null,"terminationGracePeriodSeconds":90},"provisioningState":"Creating","status":"Running","active":true,"instances":null,"source":{"type":"Jar","relativePath":"<default>","runtimeVersion":"Java_11"}},"type":"Microsoft.AppPlatform/Spring/apps/deployments","sku":{"name":"S0","tier":"Standard","capacity":1},"id":"/subscriptions/00000000-0000-0000-0000-000000000000/resourceGroups/clitest.rg000001/providers/Microsoft.AppPlatform/Spring/clitest000002/apps/clitest000003/deployments/default","name":"default","systemData":{"createdBy":"yuwzho@microsoft.com","createdByType":"User","createdAt":"2023-04-14T03:25:56.5213725Z","lastModifiedBy":"yuwzho@microsoft.com","lastModifiedByType":"User","lastModifiedAt":"2023-04-14T03:25:56.5213725Z"}}'
    headers:
      azure-asyncoperation:
      - https://management.azure.com/subscriptions/00000000-0000-0000-0000-000000000000/resourceGroups/clitest.rg000001/providers/Microsoft.AppPlatform/locations/centralindia/operationStatus/default/operationId/3581d157-c68e-4f87-a35b-7586ebe9e1e7?api-version=2023-11-01-preview
      cache-control:
      - no-cache
      content-length:
      - '845'
      content-type:
      - application/json; charset=utf-8
      date:
      - Fri, 14 Apr 2023 03:25:56 GMT
      expires:
      - '-1'
      location:
      - https://management.azure.com/subscriptions/00000000-0000-0000-0000-000000000000/resourceGroups/clitest.rg000001/providers/Microsoft.AppPlatform/locations/centralindia/operationResults/3581d157-c68e-4f87-a35b-7586ebe9e1e7/Spring/default?api-version=2023-11-01-preview
      pragma:
      - no-cache
      request-context:
      - appId=cid-v1:797d7e4e-8180-497e-a254-780fbd39ba4d
      strict-transport-security:
      - max-age=31536000; includeSubDomains
      x-content-type-options:
      - nosniff
      x-ms-ratelimit-remaining-subscription-resource-requests:
      - '1199'
      x-rp-server-mvid:
      - 546655cb-1d51-4210-be2f-a36dd5e69583
    status:
      code: 201
      message: Created
- request:
    body: null
    headers:
      Accept:
      - '*/*'
      Accept-Encoding:
      - gzip, deflate
      CommandName:
      - spring app create
      Connection:
      - keep-alive
      ParameterSetName:
      - --name -f -g -s
      User-Agent:
      - AZURECLI/2.46.0 (MSI) azsdk-python-mgmt-appplatform/6.1.0 Python/3.9.13 (Windows-10-10.0.22621-SP0)
    method: GET
    uri: https://management.azure.com/subscriptions/00000000-0000-0000-0000-000000000000/resourceGroups/clitest.rg000001/providers/Microsoft.AppPlatform/locations/centralindia/operationStatus/default/operationId/3581d157-c68e-4f87-a35b-7586ebe9e1e7?api-version=2023-11-01-preview
  response:
    body:
      string: '{"id":"subscriptions/d51e3ffe-6b84-49cd-b426-0dc4ec660356/resourceGroups/clitest.rg000001/providers/Microsoft.AppPlatform/locations/centralindia/operationStatus/default/operationId/3581d157-c68e-4f87-a35b-7586ebe9e1e7","name":"3581d157-c68e-4f87-a35b-7586ebe9e1e7","status":"Running","startTime":"2023-04-14T03:25:57.2657182Z"}'
    headers:
      cache-control:
      - no-cache
      content-length:
      - '327'
      content-type:
      - application/json; charset=utf-8
      date:
      - Fri, 14 Apr 2023 03:25:57 GMT
      expires:
      - '-1'
      pragma:
      - no-cache
      request-context:
      - appId=cid-v1:797d7e4e-8180-497e-a254-780fbd39ba4d
      strict-transport-security:
      - max-age=31536000; includeSubDomains
      transfer-encoding:
      - chunked
      vary:
      - Accept-Encoding
      x-content-type-options:
      - nosniff
      x-rp-server-mvid:
      - 546655cb-1d51-4210-be2f-a36dd5e69583
    status:
      code: 200
      message: OK
- request:
    body: null
    headers:
      Accept:
      - '*/*'
      Accept-Encoding:
      - gzip, deflate
      CommandName:
      - spring app create
      Connection:
      - keep-alive
      ParameterSetName:
      - --name -f -g -s
      User-Agent:
      - AZURECLI/2.46.0 (MSI) azsdk-python-mgmt-appplatform/6.1.0 Python/3.9.13 (Windows-10-10.0.22621-SP0)
    method: GET
    uri: https://management.azure.com/subscriptions/00000000-0000-0000-0000-000000000000/resourceGroups/clitest.rg000001/providers/Microsoft.AppPlatform/locations/centralindia/operationStatus/default/operationId/3581d157-c68e-4f87-a35b-7586ebe9e1e7?api-version=2023-11-01-preview
  response:
    body:
      string: '{"id":"subscriptions/d51e3ffe-6b84-49cd-b426-0dc4ec660356/resourceGroups/clitest.rg000001/providers/Microsoft.AppPlatform/locations/centralindia/operationStatus/default/operationId/3581d157-c68e-4f87-a35b-7586ebe9e1e7","name":"3581d157-c68e-4f87-a35b-7586ebe9e1e7","status":"Running","startTime":"2023-04-14T03:25:57.2657182Z"}'
    headers:
      cache-control:
      - no-cache
      content-length:
      - '327'
      content-type:
      - application/json; charset=utf-8
      date:
      - Fri, 14 Apr 2023 03:26:08 GMT
      expires:
      - '-1'
      pragma:
      - no-cache
      request-context:
      - appId=cid-v1:797d7e4e-8180-497e-a254-780fbd39ba4d
      strict-transport-security:
      - max-age=31536000; includeSubDomains
      transfer-encoding:
      - chunked
      vary:
      - Accept-Encoding
      x-content-type-options:
      - nosniff
      x-rp-server-mvid:
      - 546655cb-1d51-4210-be2f-a36dd5e69583
    status:
      code: 200
      message: OK
- request:
    body: null
    headers:
      Accept:
      - '*/*'
      Accept-Encoding:
      - gzip, deflate
      CommandName:
      - spring app create
      Connection:
      - keep-alive
      ParameterSetName:
      - --name -f -g -s
      User-Agent:
      - AZURECLI/2.46.0 (MSI) azsdk-python-mgmt-appplatform/6.1.0 Python/3.9.13 (Windows-10-10.0.22621-SP0)
    method: GET
    uri: https://management.azure.com/subscriptions/00000000-0000-0000-0000-000000000000/resourceGroups/clitest.rg000001/providers/Microsoft.AppPlatform/locations/centralindia/operationStatus/default/operationId/3581d157-c68e-4f87-a35b-7586ebe9e1e7?api-version=2023-11-01-preview
  response:
    body:
      string: '{"id":"subscriptions/d51e3ffe-6b84-49cd-b426-0dc4ec660356/resourceGroups/clitest.rg000001/providers/Microsoft.AppPlatform/locations/centralindia/operationStatus/default/operationId/3581d157-c68e-4f87-a35b-7586ebe9e1e7","name":"3581d157-c68e-4f87-a35b-7586ebe9e1e7","status":"Running","startTime":"2023-04-14T03:25:57.2657182Z"}'
    headers:
      cache-control:
      - no-cache
      content-length:
      - '327'
      content-type:
      - application/json; charset=utf-8
      date:
      - Fri, 14 Apr 2023 03:26:18 GMT
      expires:
      - '-1'
      pragma:
      - no-cache
      request-context:
      - appId=cid-v1:797d7e4e-8180-497e-a254-780fbd39ba4d
      strict-transport-security:
      - max-age=31536000; includeSubDomains
      transfer-encoding:
      - chunked
      vary:
      - Accept-Encoding
      x-content-type-options:
      - nosniff
      x-rp-server-mvid:
      - 546655cb-1d51-4210-be2f-a36dd5e69583
    status:
      code: 200
      message: OK
- request:
    body: null
    headers:
      Accept:
      - '*/*'
      Accept-Encoding:
      - gzip, deflate
      CommandName:
      - spring app create
      Connection:
      - keep-alive
      ParameterSetName:
      - --name -f -g -s
      User-Agent:
      - AZURECLI/2.46.0 (MSI) azsdk-python-mgmt-appplatform/6.1.0 Python/3.9.13 (Windows-10-10.0.22621-SP0)
    method: GET
    uri: https://management.azure.com/subscriptions/00000000-0000-0000-0000-000000000000/resourceGroups/clitest.rg000001/providers/Microsoft.AppPlatform/locations/centralindia/operationStatus/default/operationId/3581d157-c68e-4f87-a35b-7586ebe9e1e7?api-version=2023-11-01-preview
  response:
    body:
      string: '{"id":"subscriptions/d51e3ffe-6b84-49cd-b426-0dc4ec660356/resourceGroups/clitest.rg000001/providers/Microsoft.AppPlatform/locations/centralindia/operationStatus/default/operationId/3581d157-c68e-4f87-a35b-7586ebe9e1e7","name":"3581d157-c68e-4f87-a35b-7586ebe9e1e7","status":"Running","startTime":"2023-04-14T03:25:57.2657182Z"}'
    headers:
      cache-control:
      - no-cache
      content-length:
      - '327'
      content-type:
      - application/json; charset=utf-8
      date:
      - Fri, 14 Apr 2023 03:26:29 GMT
      expires:
      - '-1'
      pragma:
      - no-cache
      request-context:
      - appId=cid-v1:797d7e4e-8180-497e-a254-780fbd39ba4d
      strict-transport-security:
      - max-age=31536000; includeSubDomains
      transfer-encoding:
      - chunked
      vary:
      - Accept-Encoding
      x-content-type-options:
      - nosniff
      x-rp-server-mvid:
      - 546655cb-1d51-4210-be2f-a36dd5e69583
    status:
      code: 200
      message: OK
- request:
    body: null
    headers:
      Accept:
      - '*/*'
      Accept-Encoding:
      - gzip, deflate
      CommandName:
      - spring app create
      Connection:
      - keep-alive
      ParameterSetName:
      - --name -f -g -s
      User-Agent:
      - AZURECLI/2.46.0 (MSI) azsdk-python-mgmt-appplatform/6.1.0 Python/3.9.13 (Windows-10-10.0.22621-SP0)
    method: GET
    uri: https://management.azure.com/subscriptions/00000000-0000-0000-0000-000000000000/resourceGroups/clitest.rg000001/providers/Microsoft.AppPlatform/locations/centralindia/operationStatus/default/operationId/3581d157-c68e-4f87-a35b-7586ebe9e1e7?api-version=2023-11-01-preview
  response:
    body:
      string: '{"id":"subscriptions/d51e3ffe-6b84-49cd-b426-0dc4ec660356/resourceGroups/clitest.rg000001/providers/Microsoft.AppPlatform/locations/centralindia/operationStatus/default/operationId/3581d157-c68e-4f87-a35b-7586ebe9e1e7","name":"3581d157-c68e-4f87-a35b-7586ebe9e1e7","status":"Succeeded","startTime":"2023-04-14T03:25:57.2657182Z","endTime":"2023-04-14T03:26:32.9586574Z"}'
    headers:
      cache-control:
      - no-cache
      content-length:
      - '370'
      content-type:
      - application/json; charset=utf-8
      date:
      - Fri, 14 Apr 2023 03:26:39 GMT
      expires:
      - '-1'
      pragma:
      - no-cache
      request-context:
      - appId=cid-v1:797d7e4e-8180-497e-a254-780fbd39ba4d
      strict-transport-security:
      - max-age=31536000; includeSubDomains
      transfer-encoding:
      - chunked
      vary:
      - Accept-Encoding
      x-content-type-options:
      - nosniff
      x-rp-server-mvid:
      - 546655cb-1d51-4210-be2f-a36dd5e69583
    status:
      code: 200
      message: OK
- request:
    body: null
    headers:
      Accept:
      - '*/*'
      Accept-Encoding:
      - gzip, deflate
      CommandName:
      - spring app create
      Connection:
      - keep-alive
      ParameterSetName:
      - --name -f -g -s
      User-Agent:
      - AZURECLI/2.46.0 (MSI) azsdk-python-mgmt-appplatform/6.1.0 Python/3.9.13 (Windows-10-10.0.22621-SP0)
    method: GET
    uri: https://management.azure.com/subscriptions/00000000-0000-0000-0000-000000000000/resourceGroups/clitest.rg000001/providers/Microsoft.AppPlatform/Spring/clitest000002/apps/clitest000003/deployments/mock-deployment?api-version=2023-11-01-preview
  response:
    body:
      string: '{"properties":{"deploymentSettings":{"resourceRequests":{"cpu":"1","memory":"1Gi"},"environmentVariables":null,"terminationGracePeriodSeconds":90,"livenessProbe":{"disableProbe":false,"failureThreshold":3,"initialDelaySeconds":300,"periodSeconds":10,"successThreshold":1,"timeoutSeconds":3,"probeAction":{"type":"TCPSocketAction"}},"readinessProbe":{"disableProbe":false,"failureThreshold":3,"initialDelaySeconds":0,"periodSeconds":5,"successThreshold":1,"timeoutSeconds":3,"probeAction":{"type":"TCPSocketAction"}}},"provisioningState":"Succeeded","status":"Running","active":true,"instances":[{"name":"clitest000003-default-15-5cbcb778d-tmnwm","status":"Running","discoveryStatus":"UNREGISTERED","startTime":"2023-04-14T03:26:07Z"}],"source":{"type":"Jar","relativePath":"<default>","runtimeVersion":"Java_11"}},"type":"Microsoft.AppPlatform/Spring/apps/deployments","sku":{"name":"S0","tier":"Standard","capacity":1},"id":"/subscriptions/00000000-0000-0000-0000-000000000000/resourceGroups/clitest.rg000001/providers/Microsoft.AppPlatform/Spring/clitest000002/apps/clitest000003/deployments/default","name":"default","systemData":{"createdBy":"yuwzho@microsoft.com","createdByType":"User","createdAt":"2023-04-14T03:25:56.5213725Z","lastModifiedBy":"yuwzho@microsoft.com","lastModifiedByType":"User","lastModifiedAt":"2023-04-14T03:25:56.5213725Z"}}'
    headers:
      cache-control:
      - no-cache
      content-length:
      - '1352'
      content-type:
      - application/json; charset=utf-8
      date:
      - Fri, 14 Apr 2023 03:26:42 GMT
      expires:
      - '-1'
      pragma:
      - no-cache
      request-context:
      - appId=cid-v1:797d7e4e-8180-497e-a254-780fbd39ba4d
      strict-transport-security:
      - max-age=31536000; includeSubDomains
      transfer-encoding:
      - chunked
      vary:
      - Accept-Encoding
      x-content-type-options:
      - nosniff
      x-ms-ratelimit-remaining-subscription-resource-requests:
      - '11999'
      x-rp-server-mvid:
      - 546655cb-1d51-4210-be2f-a36dd5e69583
    status:
      code: 200
      message: OK
- request:
    body: null
    headers:
      Accept:
      - application/json
      Accept-Encoding:
      - gzip, deflate
      CommandName:
      - spring app create
      Connection:
      - keep-alive
      ParameterSetName:
      - --name -f -g -s
      User-Agent:
      - AZURECLI/2.46.0 (MSI) azsdk-python-mgmt-appplatform/6.1.0 Python/3.9.13 (Windows-10-10.0.22621-SP0)
    method: GET
    uri: https://management.azure.com/subscriptions/00000000-0000-0000-0000-000000000000/resourceGroups/clitest.rg000001/providers/Microsoft.AppPlatform/Spring/clitest000002/apps/clitest000003?api-version=2023-11-01-preview
  response:
    body:
      string: '{"properties":{"addonConfigs":{"applicationConfigurationService":{},"serviceRegistry":{}},"public":false,"provisioningState":"Succeeded","fqdn":"clitest000002.azuremicroservices.io","httpsOnly":false,"temporaryDisk":{"sizeInGB":5,"mountPath":"/tmp"},"persistentDisk":{"sizeInGB":0,"mountPath":"/persistent"},"loadedCertificates":[{"resourceId":"/subscriptions/00000000-0000-0000-0000-000000000000/resourceGroups/clitest.rg000001/providers/Microsoft.AppPlatform/Spring/clitest000002/certificates/balti-cert","loadTrustStore":true}],"enableEndToEndTLS":false,"ingressSettings":{"readTimeoutInSeconds":300,"sendTimeoutInSeconds":60,"sessionCookieMaxAge":0,"sessionAffinity":"None","backendProtocol":"Default"}},"type":"Microsoft.AppPlatform/Spring/apps","identity":null,"location":"centralindia","id":"/subscriptions/00000000-0000-0000-0000-000000000000/resourceGroups/clitest.rg000001/providers/Microsoft.AppPlatform/Spring/clitest000002/apps/clitest000003","name":"clitest000003","systemData":{"createdBy":"yuwzho@microsoft.com","createdByType":"User","createdAt":"2023-04-14T03:25:40.7713272Z","lastModifiedBy":"yuwzho@microsoft.com","lastModifiedByType":"User","lastModifiedAt":"2023-04-14T03:25:40.7713272Z"}}'
    headers:
      cache-control:
      - no-cache
      content-length:
      - '1211'
      content-type:
      - application/json; charset=utf-8
      date:
      - Fri, 14 Apr 2023 03:26:47 GMT
      expires:
      - '-1'
      pragma:
      - no-cache
      request-context:
      - appId=cid-v1:797d7e4e-8180-497e-a254-780fbd39ba4d
      strict-transport-security:
      - max-age=31536000; includeSubDomains
      transfer-encoding:
      - chunked
      vary:
      - Accept-Encoding
      x-content-type-options:
      - nosniff
      x-ms-ratelimit-remaining-subscription-resource-requests:
      - '11997'
      x-rp-server-mvid:
      - 546655cb-1d51-4210-be2f-a36dd5e69583
    status:
      code: 200
      message: OK
- request:
    body: null
    headers:
      Accept:
      - application/json
      Accept-Encoding:
      - gzip, deflate
      CommandName:
      - spring app create
      Connection:
      - keep-alive
      ParameterSetName:
      - --name -f -g -s
      User-Agent:
      - AZURECLI/2.46.0 (MSI) azsdk-python-mgmt-appplatform/6.1.0 Python/3.9.13 (Windows-10-10.0.22621-SP0)
    method: GET
    uri: https://management.azure.com/subscriptions/00000000-0000-0000-0000-000000000000/resourceGroups/clitest.rg000001/providers/Microsoft.AppPlatform/Spring/clitest000002/apps/clitest000003/deployments?api-version=2023-11-01-preview
  response:
    body:
      string: '{"value":[{"properties":{"deploymentSettings":{"resourceRequests":{"cpu":"1","memory":"1Gi"},"environmentVariables":null,"terminationGracePeriodSeconds":90,"livenessProbe":{"disableProbe":false,"failureThreshold":3,"initialDelaySeconds":300,"periodSeconds":10,"successThreshold":1,"timeoutSeconds":3,"probeAction":{"type":"TCPSocketAction"}},"readinessProbe":{"disableProbe":false,"failureThreshold":3,"initialDelaySeconds":0,"periodSeconds":5,"successThreshold":1,"timeoutSeconds":3,"probeAction":{"type":"TCPSocketAction"}}},"provisioningState":"Succeeded","status":"Running","active":true,"instances":[{"name":"clitest000003-default-15-5cbcb778d-tmnwm","status":"Running","discoveryStatus":"UNREGISTERED","startTime":"2023-04-14T03:26:07Z"}],"source":{"type":"Jar","relativePath":"<default>","runtimeVersion":"Java_11"}},"type":"Microsoft.AppPlatform/Spring/apps/deployments","sku":{"name":"S0","tier":"Standard","capacity":1},"id":"/subscriptions/00000000-0000-0000-0000-000000000000/resourceGroups/clitest.rg000001/providers/Microsoft.AppPlatform/Spring/clitest000002/apps/clitest000003/deployments/default","name":"default","systemData":{"createdBy":"yuwzho@microsoft.com","createdByType":"User","createdAt":"2023-04-14T03:25:56.5213725Z","lastModifiedBy":"yuwzho@microsoft.com","lastModifiedByType":"User","lastModifiedAt":"2023-04-14T03:25:56.5213725Z"}}]}'
    headers:
      cache-control:
      - no-cache
      content-length:
      - '1364'
      content-type:
      - application/json; charset=utf-8
      date:
      - Fri, 14 Apr 2023 03:26:50 GMT
      expires:
      - '-1'
      pragma:
      - no-cache
      request-context:
      - appId=cid-v1:797d7e4e-8180-497e-a254-780fbd39ba4d
      strict-transport-security:
      - max-age=31536000; includeSubDomains
      transfer-encoding:
      - chunked
      vary:
      - Accept-Encoding
      x-content-type-options:
      - nosniff
      x-ms-ratelimit-remaining-subscription-resource-requests:
      - '11998'
      x-rp-server-mvid:
      - 546655cb-1d51-4210-be2f-a36dd5e69583
    status:
      code: 200
      message: OK
- request:
    body: null
    headers:
      Accept:
      - application/json
      Accept-Encoding:
      - gzip, deflate
      CommandName:
      - spring app append-loaded-public-certificate
      Connection:
      - keep-alive
      ParameterSetName:
      - --name --certificate-name --load-trust-store -g -s
      User-Agent:
      - AZURECLI/2.46.0 (MSI) azsdk-python-mgmt-appplatform/6.1.0 Python/3.9.13 (Windows-10-10.0.22621-SP0)
    method: GET
    uri: https://management.azure.com/subscriptions/00000000-0000-0000-0000-000000000000/resourceGroups/clitest.rg000001/providers/Microsoft.AppPlatform/Spring/clitest000002/apps/clitest000003?api-version=2023-11-01-preview
  response:
    body:
      string: '{"properties":{"addonConfigs":{"applicationConfigurationService":{},"serviceRegistry":{}},"public":false,"provisioningState":"Succeeded","fqdn":"clitest000002.azuremicroservices.io","httpsOnly":false,"temporaryDisk":{"sizeInGB":5,"mountPath":"/tmp"},"persistentDisk":{"sizeInGB":0,"mountPath":"/persistent"},"loadedCertificates":[{"resourceId":"/subscriptions/00000000-0000-0000-0000-000000000000/resourceGroups/clitest.rg000001/providers/Microsoft.AppPlatform/Spring/clitest000002/certificates/balti-cert","loadTrustStore":true}],"enableEndToEndTLS":false,"ingressSettings":{"readTimeoutInSeconds":300,"sendTimeoutInSeconds":60,"sessionCookieMaxAge":0,"sessionAffinity":"None","backendProtocol":"Default"}},"type":"Microsoft.AppPlatform/Spring/apps","identity":null,"location":"centralindia","id":"/subscriptions/00000000-0000-0000-0000-000000000000/resourceGroups/clitest.rg000001/providers/Microsoft.AppPlatform/Spring/clitest000002/apps/clitest000003","name":"clitest000003","systemData":{"createdBy":"yuwzho@microsoft.com","createdByType":"User","createdAt":"2023-04-14T03:25:40.7713272Z","lastModifiedBy":"yuwzho@microsoft.com","lastModifiedByType":"User","lastModifiedAt":"2023-04-14T03:25:40.7713272Z"}}'
    headers:
      cache-control:
      - no-cache
      content-length:
      - '1211'
      content-type:
      - application/json; charset=utf-8
      date:
      - Fri, 14 Apr 2023 03:26:51 GMT
      expires:
      - '-1'
      pragma:
      - no-cache
      request-context:
      - appId=cid-v1:797d7e4e-8180-497e-a254-780fbd39ba4d
      strict-transport-security:
      - max-age=31536000; includeSubDomains
      transfer-encoding:
      - chunked
      vary:
      - Accept-Encoding
      x-content-type-options:
      - nosniff
      x-ms-ratelimit-remaining-subscription-resource-requests:
      - '11998'
      x-rp-server-mvid:
      - 546655cb-1d51-4210-be2f-a36dd5e69583
    status:
      code: 200
      message: OK
- request:
    body: null
    headers:
      Accept:
      - application/json
      Accept-Encoding:
      - gzip, deflate
      CommandName:
      - spring app append-loaded-public-certificate
      Connection:
      - keep-alive
      ParameterSetName:
      - --name --certificate-name --load-trust-store -g -s
      User-Agent:
      - AZURECLI/2.46.0 (MSI) azsdk-python-mgmt-appplatform/6.1.0 Python/3.9.13 (Windows-10-10.0.22621-SP0)
    method: GET
    uri: https://management.azure.com/subscriptions/00000000-0000-0000-0000-000000000000/resourceGroups/clitest.rg000001/providers/Microsoft.AppPlatform/Spring/clitest000002/certificates/digi-cert?api-version=2023-11-01-preview
  response:
    body:
      string: '{"properties":{"thumbprint":"a8985d3a65e5e5c4b2d7d66d40c6dd2fb19c5436","issuer":"DigiCert
        Global Root CA, OU=www.digicert.com, O=DigiCert Inc, C=US","expirationDate":"2031-11-10T00:00:00.000+00:00","activateDate":"2006-11-10T00:00:00.000+00:00","subjectName":"DigiCert
        Global Root CA, OU=www.digicert.com, O=DigiCert Inc, C=US","dnsNames":[],"provisioningState":"Succeeded","type":"ContentCertificate"},"type":"Microsoft.AppPlatform/Spring/certificates","id":"/subscriptions/00000000-0000-0000-0000-000000000000/resourceGroups/clitest.rg000001/providers/Microsoft.AppPlatform/Spring/clitest000002/certificates/digi-cert","name":"digi-cert","systemData":{"createdBy":"yuwzho@microsoft.com","createdByType":"User","createdAt":"2023-04-14T03:25:06.3639286Z","lastModifiedBy":"yuwzho@microsoft.com","lastModifiedByType":"User","lastModifiedAt":"2023-04-14T03:25:06.3639286Z"}}'
    headers:
      cache-control:
      - no-cache
      content-length:
      - '872'
      content-type:
      - application/json; charset=utf-8
      date:
      - Fri, 14 Apr 2023 03:26:52 GMT
      expires:
      - '-1'
      pragma:
      - no-cache
      request-context:
      - appId=cid-v1:797d7e4e-8180-497e-a254-780fbd39ba4d
      strict-transport-security:
      - max-age=31536000; includeSubDomains
      transfer-encoding:
      - chunked
      vary:
      - Accept-Encoding
      x-content-type-options:
      - nosniff
      x-rp-server-mvid:
      - 546655cb-1d51-4210-be2f-a36dd5e69583
    status:
      code: 200
      message: OK
- request:
    body: '{"properties": {"public": false, "addonConfigs": {"applicationConfigurationService":
      {}, "serviceRegistry": {}}, "httpsOnly": false, "temporaryDisk": {"sizeInGB":
      5, "mountPath": "/tmp"}, "persistentDisk": {"sizeInGB": 0, "mountPath": "/persistent"},
      "enableEndToEndTLS": false, "loadedCertificates": [{"resourceId": "/subscriptions/00000000-0000-0000-0000-000000000000/resourceGroups/clitest.rg000001/providers/Microsoft.AppPlatform/Spring/clitest000002/certificates/balti-cert",
      "loadTrustStore": true}, {"resourceId": "/subscriptions/00000000-0000-0000-0000-000000000000/resourceGroups/clitest.rg000001/providers/Microsoft.AppPlatform/Spring/clitest000002/certificates/digi-cert",
      "loadTrustStore": true}], "ingressSettings": {"readTimeoutInSeconds": 300, "sendTimeoutInSeconds":
      60, "sessionAffinity": "None", "sessionCookieMaxAge": 0, "backendProtocol":
      "Default"}}, "location": "centralindia"}'
    headers:
      Accept:
      - application/json
      Accept-Encoding:
      - gzip, deflate
      CommandName:
      - spring app append-loaded-public-certificate
      Connection:
      - keep-alive
      Content-Length:
      - '899'
      Content-Type:
      - application/json
      ParameterSetName:
      - --name --certificate-name --load-trust-store -g -s
      User-Agent:
      - AZURECLI/2.46.0 (MSI) azsdk-python-mgmt-appplatform/6.1.0 Python/3.9.13 (Windows-10-10.0.22621-SP0)
    method: PATCH
    uri: https://management.azure.com/subscriptions/00000000-0000-0000-0000-000000000000/resourceGroups/clitest.rg000001/providers/Microsoft.AppPlatform/Spring/clitest000002/apps/clitest000003?api-version=2023-11-01-preview
  response:
    body:
      string: '{"properties":{"addonConfigs":{"applicationConfigurationService":{},"serviceRegistry":{}},"public":false,"provisioningState":"Updating","fqdn":"clitest000002.azuremicroservices.io","httpsOnly":false,"temporaryDisk":{"sizeInGB":5,"mountPath":"/tmp"},"persistentDisk":{"sizeInGB":0,"mountPath":"/persistent"},"loadedCertificates":[{"resourceId":"/subscriptions/00000000-0000-0000-0000-000000000000/resourceGroups/clitest.rg000001/providers/Microsoft.AppPlatform/Spring/clitest000002/certificates/balti-cert","loadTrustStore":true},{"resourceId":"/subscriptions/00000000-0000-0000-0000-000000000000/resourceGroups/clitest.rg000001/providers/Microsoft.AppPlatform/Spring/clitest000002/certificates/digi-cert","loadTrustStore":true}],"enableEndToEndTLS":false,"ingressSettings":{"readTimeoutInSeconds":300,"sendTimeoutInSeconds":60,"sessionCookieMaxAge":0,"sessionAffinity":"None","backendProtocol":"Default"}},"type":"Microsoft.AppPlatform/Spring/apps","identity":null,"location":"centralindia","id":"/subscriptions/00000000-0000-0000-0000-000000000000/resourceGroups/clitest.rg000001/providers/Microsoft.AppPlatform/Spring/clitest000002/apps/clitest000003","name":"clitest000003","systemData":{"createdBy":"yuwzho@microsoft.com","createdByType":"User","createdAt":"2023-04-14T03:25:40.7713272Z","lastModifiedBy":"yuwzho@microsoft.com","lastModifiedByType":"User","lastModifiedAt":"2023-04-14T03:26:52.8766837Z"}}'
    headers:
      azure-asyncoperation:
      - https://management.azure.com/subscriptions/00000000-0000-0000-0000-000000000000/resourceGroups/clitest.rg000001/providers/Microsoft.AppPlatform/locations/centralindia/operationStatus/clitest000003/operationId/fe6faa93-ad5d-44ca-a8da-e8e00820b0ce?api-version=2023-11-01-preview
      cache-control:
      - no-cache
      content-length:
      - '1409'
      content-type:
      - application/json; charset=utf-8
      date:
      - Fri, 14 Apr 2023 03:26:53 GMT
      expires:
      - '-1'
      location:
      - https://management.azure.com/subscriptions/00000000-0000-0000-0000-000000000000/resourceGroups/clitest.rg000001/providers/Microsoft.AppPlatform/locations/centralindia/operationResults/fe6faa93-ad5d-44ca-a8da-e8e00820b0ce/Spring/clitest000003?api-version=2023-11-01-preview
      pragma:
      - no-cache
      request-context:
      - appId=cid-v1:797d7e4e-8180-497e-a254-780fbd39ba4d
      strict-transport-security:
      - max-age=31536000; includeSubDomains
      x-content-type-options:
      - nosniff
      x-ms-ratelimit-remaining-subscription-resource-requests:
      - '1199'
      x-rp-server-mvid:
      - 546655cb-1d51-4210-be2f-a36dd5e69583
    status:
      code: 202
      message: Accepted
- request:
    body: null
    headers:
      Accept:
      - '*/*'
      Accept-Encoding:
      - gzip, deflate
      CommandName:
      - spring app append-loaded-public-certificate
      Connection:
      - keep-alive
      ParameterSetName:
      - --name --certificate-name --load-trust-store -g -s
      User-Agent:
      - AZURECLI/2.46.0 (MSI) azsdk-python-mgmt-appplatform/6.1.0 Python/3.9.13 (Windows-10-10.0.22621-SP0)
    method: GET
    uri: https://management.azure.com/subscriptions/00000000-0000-0000-0000-000000000000/resourceGroups/clitest.rg000001/providers/Microsoft.AppPlatform/locations/centralindia/operationStatus/clitest000003/operationId/fe6faa93-ad5d-44ca-a8da-e8e00820b0ce?api-version=2023-11-01-preview
  response:
    body:
      string: '{"id":"subscriptions/d51e3ffe-6b84-49cd-b426-0dc4ec660356/resourceGroups/clitest.rg000001/providers/Microsoft.AppPlatform/locations/centralindia/operationStatus/clitest000003/operationId/fe6faa93-ad5d-44ca-a8da-e8e00820b0ce","name":"fe6faa93-ad5d-44ca-a8da-e8e00820b0ce","status":"Running","startTime":"2023-04-14T03:26:53.3040472Z"}'
    headers:
      cache-control:
      - no-cache
      content-length:
      - '333'
      content-type:
      - application/json; charset=utf-8
      date:
      - Fri, 14 Apr 2023 03:26:53 GMT
      expires:
      - '-1'
      pragma:
      - no-cache
      request-context:
      - appId=cid-v1:797d7e4e-8180-497e-a254-780fbd39ba4d
      strict-transport-security:
      - max-age=31536000; includeSubDomains
      transfer-encoding:
      - chunked
      vary:
      - Accept-Encoding
      x-content-type-options:
      - nosniff
      x-rp-server-mvid:
      - 546655cb-1d51-4210-be2f-a36dd5e69583
    status:
      code: 200
      message: OK
- request:
    body: null
    headers:
      Accept:
      - '*/*'
      Accept-Encoding:
      - gzip, deflate
      CommandName:
      - spring app append-loaded-public-certificate
      Connection:
      - keep-alive
      ParameterSetName:
      - --name --certificate-name --load-trust-store -g -s
      User-Agent:
      - AZURECLI/2.46.0 (MSI) azsdk-python-mgmt-appplatform/6.1.0 Python/3.9.13 (Windows-10-10.0.22621-SP0)
    method: GET
    uri: https://management.azure.com/subscriptions/00000000-0000-0000-0000-000000000000/resourceGroups/clitest.rg000001/providers/Microsoft.AppPlatform/locations/centralindia/operationStatus/clitest000003/operationId/fe6faa93-ad5d-44ca-a8da-e8e00820b0ce?api-version=2023-11-01-preview
  response:
    body:
      string: '{"id":"subscriptions/d51e3ffe-6b84-49cd-b426-0dc4ec660356/resourceGroups/clitest.rg000001/providers/Microsoft.AppPlatform/locations/centralindia/operationStatus/clitest000003/operationId/fe6faa93-ad5d-44ca-a8da-e8e00820b0ce","name":"fe6faa93-ad5d-44ca-a8da-e8e00820b0ce","status":"Running","startTime":"2023-04-14T03:26:53.3040472Z"}'
    headers:
      cache-control:
      - no-cache
      content-length:
      - '333'
      content-type:
      - application/json; charset=utf-8
      date:
      - Fri, 14 Apr 2023 03:27:04 GMT
      expires:
      - '-1'
      pragma:
      - no-cache
      request-context:
      - appId=cid-v1:797d7e4e-8180-497e-a254-780fbd39ba4d
      strict-transport-security:
      - max-age=31536000; includeSubDomains
      transfer-encoding:
      - chunked
      vary:
      - Accept-Encoding
      x-content-type-options:
      - nosniff
      x-rp-server-mvid:
      - 546655cb-1d51-4210-be2f-a36dd5e69583
    status:
      code: 200
      message: OK
- request:
    body: null
    headers:
      Accept:
      - '*/*'
      Accept-Encoding:
      - gzip, deflate
      CommandName:
      - spring app append-loaded-public-certificate
      Connection:
      - keep-alive
      ParameterSetName:
      - --name --certificate-name --load-trust-store -g -s
      User-Agent:
      - AZURECLI/2.46.0 (MSI) azsdk-python-mgmt-appplatform/6.1.0 Python/3.9.13 (Windows-10-10.0.22621-SP0)
    method: GET
    uri: https://management.azure.com/subscriptions/00000000-0000-0000-0000-000000000000/resourceGroups/clitest.rg000001/providers/Microsoft.AppPlatform/locations/centralindia/operationStatus/clitest000003/operationId/fe6faa93-ad5d-44ca-a8da-e8e00820b0ce?api-version=2023-11-01-preview
  response:
    body:
      string: '{"id":"subscriptions/d51e3ffe-6b84-49cd-b426-0dc4ec660356/resourceGroups/clitest.rg000001/providers/Microsoft.AppPlatform/locations/centralindia/operationStatus/clitest000003/operationId/fe6faa93-ad5d-44ca-a8da-e8e00820b0ce","name":"fe6faa93-ad5d-44ca-a8da-e8e00820b0ce","status":"Succeeded","startTime":"2023-04-14T03:26:53.3040472Z","endTime":"2023-04-14T03:27:06.1060011Z"}'
    headers:
      cache-control:
      - no-cache
      content-length:
      - '376'
      content-type:
      - application/json; charset=utf-8
      date:
      - Fri, 14 Apr 2023 03:27:15 GMT
      expires:
      - '-1'
      pragma:
      - no-cache
      request-context:
      - appId=cid-v1:797d7e4e-8180-497e-a254-780fbd39ba4d
      strict-transport-security:
      - max-age=31536000; includeSubDomains
      transfer-encoding:
      - chunked
      vary:
      - Accept-Encoding
      x-content-type-options:
      - nosniff
      x-rp-server-mvid:
      - 546655cb-1d51-4210-be2f-a36dd5e69583
    status:
      code: 200
      message: OK
- request:
    body: null
    headers:
      Accept:
      - '*/*'
      Accept-Encoding:
      - gzip, deflate
      CommandName:
      - spring app append-loaded-public-certificate
      Connection:
      - keep-alive
      ParameterSetName:
      - --name --certificate-name --load-trust-store -g -s
      User-Agent:
      - AZURECLI/2.46.0 (MSI) azsdk-python-mgmt-appplatform/6.1.0 Python/3.9.13 (Windows-10-10.0.22621-SP0)
    method: GET
    uri: https://management.azure.com/subscriptions/00000000-0000-0000-0000-000000000000/resourceGroups/clitest.rg000001/providers/Microsoft.AppPlatform/Spring/clitest000002/apps/clitest000003?api-version=2023-11-01-preview
  response:
    body:
      string: '{"properties":{"addonConfigs":{"applicationConfigurationService":{},"serviceRegistry":{}},"public":false,"provisioningState":"Succeeded","fqdn":"clitest000002.azuremicroservices.io","httpsOnly":false,"temporaryDisk":{"sizeInGB":5,"mountPath":"/tmp"},"persistentDisk":{"sizeInGB":0,"mountPath":"/persistent"},"loadedCertificates":[{"resourceId":"/subscriptions/00000000-0000-0000-0000-000000000000/resourceGroups/clitest.rg000001/providers/Microsoft.AppPlatform/Spring/clitest000002/certificates/balti-cert","loadTrustStore":true},{"resourceId":"/subscriptions/00000000-0000-0000-0000-000000000000/resourceGroups/clitest.rg000001/providers/Microsoft.AppPlatform/Spring/clitest000002/certificates/digi-cert","loadTrustStore":true}],"enableEndToEndTLS":false,"ingressSettings":{"readTimeoutInSeconds":300,"sendTimeoutInSeconds":60,"sessionCookieMaxAge":0,"sessionAffinity":"None","backendProtocol":"Default"}},"type":"Microsoft.AppPlatform/Spring/apps","identity":null,"location":"centralindia","id":"/subscriptions/00000000-0000-0000-0000-000000000000/resourceGroups/clitest.rg000001/providers/Microsoft.AppPlatform/Spring/clitest000002/apps/clitest000003","name":"clitest000003","systemData":{"createdBy":"yuwzho@microsoft.com","createdByType":"User","createdAt":"2023-04-14T03:25:40.7713272Z","lastModifiedBy":"yuwzho@microsoft.com","lastModifiedByType":"User","lastModifiedAt":"2023-04-14T03:26:52.8766837Z"}}'
    headers:
      cache-control:
      - no-cache
      content-length:
      - '1410'
      content-type:
      - application/json; charset=utf-8
      date:
      - Fri, 14 Apr 2023 03:27:16 GMT
      expires:
      - '-1'
      pragma:
      - no-cache
      request-context:
      - appId=cid-v1:797d7e4e-8180-497e-a254-780fbd39ba4d
      strict-transport-security:
      - max-age=31536000; includeSubDomains
      transfer-encoding:
      - chunked
      vary:
      - Accept-Encoding
      x-content-type-options:
      - nosniff
      x-ms-ratelimit-remaining-subscription-resource-requests:
      - '11997'
      x-rp-server-mvid:
      - 546655cb-1d51-4210-be2f-a36dd5e69583
    status:
      code: 200
      message: OK
- request:
    body: null
    headers:
      Accept:
      - application/json
      Accept-Encoding:
      - gzip, deflate
      CommandName:
      - spring app append-loaded-public-certificate
      Connection:
      - keep-alive
      ParameterSetName:
      - --name --certificate-name --load-trust-store -g -s
      User-Agent:
      - AZURECLI/2.46.0 (MSI) azsdk-python-mgmt-appplatform/6.1.0 Python/3.9.13 (Windows-10-10.0.22621-SP0)
    method: GET
    uri: https://management.azure.com/subscriptions/00000000-0000-0000-0000-000000000000/resourceGroups/clitest.rg000001/providers/Microsoft.AppPlatform/Spring/clitest000002/apps/clitest000003?api-version=2023-11-01-preview
  response:
    body:
      string: '{"properties":{"addonConfigs":{"applicationConfigurationService":{},"serviceRegistry":{}},"public":false,"provisioningState":"Succeeded","fqdn":"clitest000002.azuremicroservices.io","httpsOnly":false,"temporaryDisk":{"sizeInGB":5,"mountPath":"/tmp"},"persistentDisk":{"sizeInGB":0,"mountPath":"/persistent"},"loadedCertificates":[{"resourceId":"/subscriptions/00000000-0000-0000-0000-000000000000/resourceGroups/clitest.rg000001/providers/Microsoft.AppPlatform/Spring/clitest000002/certificates/balti-cert","loadTrustStore":true},{"resourceId":"/subscriptions/00000000-0000-0000-0000-000000000000/resourceGroups/clitest.rg000001/providers/Microsoft.AppPlatform/Spring/clitest000002/certificates/digi-cert","loadTrustStore":true}],"enableEndToEndTLS":false,"ingressSettings":{"readTimeoutInSeconds":300,"sendTimeoutInSeconds":60,"sessionCookieMaxAge":0,"sessionAffinity":"None","backendProtocol":"Default"}},"type":"Microsoft.AppPlatform/Spring/apps","identity":null,"location":"centralindia","id":"/subscriptions/00000000-0000-0000-0000-000000000000/resourceGroups/clitest.rg000001/providers/Microsoft.AppPlatform/Spring/clitest000002/apps/clitest000003","name":"clitest000003","systemData":{"createdBy":"yuwzho@microsoft.com","createdByType":"User","createdAt":"2023-04-14T03:25:40.7713272Z","lastModifiedBy":"yuwzho@microsoft.com","lastModifiedByType":"User","lastModifiedAt":"2023-04-14T03:26:52.8766837Z"}}'
    headers:
      cache-control:
      - no-cache
      content-length:
      - '1410'
      content-type:
      - application/json; charset=utf-8
      date:
      - Fri, 14 Apr 2023 03:27:18 GMT
      expires:
      - '-1'
      pragma:
      - no-cache
      request-context:
      - appId=cid-v1:797d7e4e-8180-497e-a254-780fbd39ba4d
      strict-transport-security:
      - max-age=31536000; includeSubDomains
      transfer-encoding:
      - chunked
      vary:
      - Accept-Encoding
      x-content-type-options:
      - nosniff
      x-ms-ratelimit-remaining-subscription-resource-requests:
      - '11996'
      x-rp-server-mvid:
      - 546655cb-1d51-4210-be2f-a36dd5e69583
    status:
      code: 200
      message: OK
- request:
    body: null
    headers:
      Accept:
      - application/json
      Accept-Encoding:
      - gzip, deflate
      CommandName:
      - spring certificate list-reference-app
      Connection:
      - keep-alive
      ParameterSetName:
      - --name -g -s
      User-Agent:
      - AZURECLI/2.46.0 (MSI) azsdk-python-mgmt-appplatform/6.1.0 Python/3.9.13 (Windows-10-10.0.22621-SP0)
    method: GET
    uri: https://management.azure.com/subscriptions/00000000-0000-0000-0000-000000000000/resourceGroups/clitest.rg000001/providers/Microsoft.AppPlatform/Spring/clitest000002/apps?api-version=2023-11-01-preview
  response:
    body:
      string: '{"value":[{"properties":{"addonConfigs":{"applicationConfigurationService":{},"serviceRegistry":{}},"public":false,"provisioningState":"Succeeded","fqdn":"clitest000002.azuremicroservices.io","httpsOnly":false,"temporaryDisk":{"sizeInGB":5,"mountPath":"/tmp"},"persistentDisk":{"sizeInGB":0,"mountPath":"/persistent"},"loadedCertificates":[{"resourceId":"/subscriptions/00000000-0000-0000-0000-000000000000/resourceGroups/clitest.rg000001/providers/Microsoft.AppPlatform/Spring/clitest000002/certificates/balti-cert","loadTrustStore":true},{"resourceId":"/subscriptions/00000000-0000-0000-0000-000000000000/resourceGroups/clitest.rg000001/providers/Microsoft.AppPlatform/Spring/clitest000002/certificates/digi-cert","loadTrustStore":true}],"enableEndToEndTLS":false,"ingressSettings":{"readTimeoutInSeconds":300,"sendTimeoutInSeconds":60,"sessionCookieMaxAge":0,"sessionAffinity":"None","backendProtocol":"Default"}},"type":"Microsoft.AppPlatform/Spring/apps","identity":null,"location":"centralindia","id":"/subscriptions/00000000-0000-0000-0000-000000000000/resourceGroups/clitest.rg000001/providers/Microsoft.AppPlatform/Spring/clitest000002/apps/clitest000003","name":"clitest000003","systemData":{"createdBy":"yuwzho@microsoft.com","createdByType":"User","createdAt":"2023-04-14T03:25:40.7713272Z","lastModifiedBy":"yuwzho@microsoft.com","lastModifiedByType":"User","lastModifiedAt":"2023-04-14T03:26:52.8766837Z"}},{"properties":{"addonConfigs":{"applicationConfigurationService":{},"serviceRegistry":{}},"public":false,"provisioningState":"Succeeded","fqdn":"clitest000002.azuremicroservices.io","httpsOnly":false,"temporaryDisk":{"sizeInGB":5,"mountPath":"/tmp"},"persistentDisk":{"sizeInGB":0,"mountPath":"/persistent"},"enableEndToEndTLS":false,"ingressSettings":{"readTimeoutInSeconds":300,"sendTimeoutInSeconds":60,"sessionCookieMaxAge":0,"sessionAffinity":"None","backendProtocol":"Default"}},"type":"Microsoft.AppPlatform/Spring/apps","identity":null,"location":"centralindia","id":"/subscriptions/00000000-0000-0000-0000-000000000000/resourceGroups/clitest.rg000001/providers/Microsoft.AppPlatform/Spring/clitest000002/apps/test-custom-domain","name":"test-custom-domain","systemData":{"createdBy":"pensh@microsoft.com","createdByType":"User","createdAt":"2023-04-04T08:09:12.0763562Z","lastModifiedBy":"pensh@microsoft.com","lastModifiedByType":"User","lastModifiedAt":"2023-04-04T08:09:29.6027945Z"}},{"properties":{"addonConfigs":{"applicationConfigurationService":{},"serviceRegistry":{}},"public":false,"provisioningState":"Succeeded","fqdn":"clitest000002.azuremicroservices.io","httpsOnly":false,"temporaryDisk":{"sizeInGB":5,"mountPath":"/tmp"},"persistentDisk":{"sizeInGB":0,"mountPath":"/persistent"},"enableEndToEndTLS":false,"ingressSettings":{"readTimeoutInSeconds":300,"sendTimeoutInSeconds":60,"sessionCookieMaxAge":0,"sessionAffinity":"None","backendProtocol":"Default"}},"type":"Microsoft.AppPlatform/Spring/apps","identity":null,"location":"centralindia","id":"/subscriptions/00000000-0000-0000-0000-000000000000/resourceGroups/clitest.rg000001/providers/Microsoft.AppPlatform/Spring/clitest000002/apps/test-remote-debugging","name":"test-remote-debugging","systemData":{"createdBy":"pensh@microsoft.com","createdByType":"User","createdAt":"2023-04-04T08:16:30.7030333Z","lastModifiedBy":"pensh@microsoft.com","lastModifiedByType":"User","lastModifiedAt":"2023-04-04T08:16:47.4997784Z"}}]}'
    headers:
      cache-control:
      - no-cache
      content-length:
      - '3422'
      content-type:
      - application/json; charset=utf-8
      date:
      - Fri, 14 Apr 2023 03:27:19 GMT
      expires:
      - '-1'
      pragma:
      - no-cache
      request-context:
      - appId=cid-v1:797d7e4e-8180-497e-a254-780fbd39ba4d
      strict-transport-security:
      - max-age=31536000; includeSubDomains
      transfer-encoding:
      - chunked
      vary:
      - Accept-Encoding
      x-content-type-options:
      - nosniff
      x-ms-ratelimit-remaining-subscription-resource-requests:
      - '11999'
      x-rp-server-mvid:
      - 546655cb-1d51-4210-be2f-a36dd5e69583
    status:
      code: 200
      message: OK
- request:
    body: null
    headers:
      Accept:
      - application/json
      Accept-Encoding:
      - gzip, deflate
      CommandName:
      - spring certificate list-reference-app
      Connection:
      - keep-alive
      ParameterSetName:
      - --name -g -s
      User-Agent:
      - AZURECLI/2.46.0 (MSI) azsdk-python-mgmt-appplatform/6.1.0 Python/3.9.13 (Windows-10-10.0.22621-SP0)
    method: GET
    uri: https://management.azure.com/subscriptions/00000000-0000-0000-0000-000000000000/resourceGroups/clitest.rg000001/providers/Microsoft.AppPlatform/Spring/clitest000002/certificates/digi-cert?api-version=2023-11-01-preview
  response:
    body:
      string: '{"properties":{"thumbprint":"a8985d3a65e5e5c4b2d7d66d40c6dd2fb19c5436","issuer":"DigiCert
        Global Root CA, OU=www.digicert.com, O=DigiCert Inc, C=US","expirationDate":"2031-11-10T00:00:00.000+00:00","activateDate":"2006-11-10T00:00:00.000+00:00","subjectName":"DigiCert
        Global Root CA, OU=www.digicert.com, O=DigiCert Inc, C=US","dnsNames":[],"provisioningState":"Succeeded","type":"ContentCertificate"},"type":"Microsoft.AppPlatform/Spring/certificates","id":"/subscriptions/00000000-0000-0000-0000-000000000000/resourceGroups/clitest.rg000001/providers/Microsoft.AppPlatform/Spring/clitest000002/certificates/digi-cert","name":"digi-cert","systemData":{"createdBy":"yuwzho@microsoft.com","createdByType":"User","createdAt":"2023-04-14T03:25:06.3639286Z","lastModifiedBy":"yuwzho@microsoft.com","lastModifiedByType":"User","lastModifiedAt":"2023-04-14T03:25:06.3639286Z"}}'
    headers:
      cache-control:
      - no-cache
      content-length:
      - '872'
      content-type:
      - application/json; charset=utf-8
      date:
      - Fri, 14 Apr 2023 03:27:20 GMT
      expires:
      - '-1'
      pragma:
      - no-cache
      request-context:
      - appId=cid-v1:797d7e4e-8180-497e-a254-780fbd39ba4d
      strict-transport-security:
      - max-age=31536000; includeSubDomains
      transfer-encoding:
      - chunked
      vary:
      - Accept-Encoding
      x-content-type-options:
      - nosniff
      x-rp-server-mvid:
      - 546655cb-1d51-4210-be2f-a36dd5e69583
    status:
      code: 200
      message: OK
- request:
    body: null
    headers:
      Accept:
      - application/json
      Accept-Encoding:
      - gzip, deflate
      CommandName:
      - spring certificate list-reference-app
      Connection:
      - keep-alive
      ParameterSetName:
      - --name -g -s
      User-Agent:
      - AZURECLI/2.46.0 (MSI) azsdk-python-mgmt-appplatform/6.1.0 Python/3.9.13 (Windows-10-10.0.22621-SP0)
    method: GET
    uri: https://management.azure.com/subscriptions/00000000-0000-0000-0000-000000000000/resourceGroups/clitest.rg000001/providers/Microsoft.AppPlatform/Spring/clitest000002/apps?api-version=2023-11-01-preview
  response:
    body:
      string: '{"value":[{"properties":{"addonConfigs":{"applicationConfigurationService":{},"serviceRegistry":{}},"public":false,"provisioningState":"Succeeded","fqdn":"clitest000002.azuremicroservices.io","httpsOnly":false,"temporaryDisk":{"sizeInGB":5,"mountPath":"/tmp"},"persistentDisk":{"sizeInGB":0,"mountPath":"/persistent"},"loadedCertificates":[{"resourceId":"/subscriptions/00000000-0000-0000-0000-000000000000/resourceGroups/clitest.rg000001/providers/Microsoft.AppPlatform/Spring/clitest000002/certificates/balti-cert","loadTrustStore":true},{"resourceId":"/subscriptions/00000000-0000-0000-0000-000000000000/resourceGroups/clitest.rg000001/providers/Microsoft.AppPlatform/Spring/clitest000002/certificates/digi-cert","loadTrustStore":true}],"enableEndToEndTLS":false,"ingressSettings":{"readTimeoutInSeconds":300,"sendTimeoutInSeconds":60,"sessionCookieMaxAge":0,"sessionAffinity":"None","backendProtocol":"Default"}},"type":"Microsoft.AppPlatform/Spring/apps","identity":null,"location":"centralindia","id":"/subscriptions/00000000-0000-0000-0000-000000000000/resourceGroups/clitest.rg000001/providers/Microsoft.AppPlatform/Spring/clitest000002/apps/clitest000003","name":"clitest000003","systemData":{"createdBy":"yuwzho@microsoft.com","createdByType":"User","createdAt":"2023-04-14T03:25:40.7713272Z","lastModifiedBy":"yuwzho@microsoft.com","lastModifiedByType":"User","lastModifiedAt":"2023-04-14T03:26:52.8766837Z"}},{"properties":{"addonConfigs":{"applicationConfigurationService":{},"serviceRegistry":{}},"public":false,"provisioningState":"Succeeded","fqdn":"clitest000002.azuremicroservices.io","httpsOnly":false,"temporaryDisk":{"sizeInGB":5,"mountPath":"/tmp"},"persistentDisk":{"sizeInGB":0,"mountPath":"/persistent"},"enableEndToEndTLS":false,"ingressSettings":{"readTimeoutInSeconds":300,"sendTimeoutInSeconds":60,"sessionCookieMaxAge":0,"sessionAffinity":"None","backendProtocol":"Default"}},"type":"Microsoft.AppPlatform/Spring/apps","identity":null,"location":"centralindia","id":"/subscriptions/00000000-0000-0000-0000-000000000000/resourceGroups/clitest.rg000001/providers/Microsoft.AppPlatform/Spring/clitest000002/apps/test-custom-domain","name":"test-custom-domain","systemData":{"createdBy":"pensh@microsoft.com","createdByType":"User","createdAt":"2023-04-04T08:09:12.0763562Z","lastModifiedBy":"pensh@microsoft.com","lastModifiedByType":"User","lastModifiedAt":"2023-04-04T08:09:29.6027945Z"}},{"properties":{"addonConfigs":{"applicationConfigurationService":{},"serviceRegistry":{}},"public":false,"provisioningState":"Succeeded","fqdn":"clitest000002.azuremicroservices.io","httpsOnly":false,"temporaryDisk":{"sizeInGB":5,"mountPath":"/tmp"},"persistentDisk":{"sizeInGB":0,"mountPath":"/persistent"},"enableEndToEndTLS":false,"ingressSettings":{"readTimeoutInSeconds":300,"sendTimeoutInSeconds":60,"sessionCookieMaxAge":0,"sessionAffinity":"None","backendProtocol":"Default"}},"type":"Microsoft.AppPlatform/Spring/apps","identity":null,"location":"centralindia","id":"/subscriptions/00000000-0000-0000-0000-000000000000/resourceGroups/clitest.rg000001/providers/Microsoft.AppPlatform/Spring/clitest000002/apps/test-remote-debugging","name":"test-remote-debugging","systemData":{"createdBy":"pensh@microsoft.com","createdByType":"User","createdAt":"2023-04-04T08:16:30.7030333Z","lastModifiedBy":"pensh@microsoft.com","lastModifiedByType":"User","lastModifiedAt":"2023-04-04T08:16:47.4997784Z"}}]}'
    headers:
      cache-control:
      - no-cache
      content-length:
      - '3422'
      content-type:
      - application/json; charset=utf-8
      date:
      - Fri, 14 Apr 2023 03:27:21 GMT
      expires:
      - '-1'
      pragma:
      - no-cache
      request-context:
      - appId=cid-v1:797d7e4e-8180-497e-a254-780fbd39ba4d
      strict-transport-security:
      - max-age=31536000; includeSubDomains
      transfer-encoding:
      - chunked
      vary:
      - Accept-Encoding
      x-content-type-options:
      - nosniff
      x-ms-ratelimit-remaining-subscription-resource-requests:
      - '11999'
      x-rp-server-mvid:
      - 546655cb-1d51-4210-be2f-a36dd5e69583
    status:
      code: 200
      message: OK
- request:
    body: null
    headers:
      Accept:
      - application/json
      Accept-Encoding:
      - gzip, deflate
      CommandName:
      - spring certificate list-reference-app
      Connection:
      - keep-alive
      ParameterSetName:
      - --name -g -s
      User-Agent:
      - AZURECLI/2.46.0 (MSI) azsdk-python-mgmt-appplatform/6.1.0 Python/3.9.13 (Windows-10-10.0.22621-SP0)
    method: GET
    uri: https://management.azure.com/subscriptions/00000000-0000-0000-0000-000000000000/resourceGroups/clitest.rg000001/providers/Microsoft.AppPlatform/Spring/clitest000002/certificates/digi-cert?api-version=2023-11-01-preview
  response:
    body:
      string: '{"properties":{"thumbprint":"a8985d3a65e5e5c4b2d7d66d40c6dd2fb19c5436","issuer":"DigiCert
        Global Root CA, OU=www.digicert.com, O=DigiCert Inc, C=US","expirationDate":"2031-11-10T00:00:00.000+00:00","activateDate":"2006-11-10T00:00:00.000+00:00","subjectName":"DigiCert
        Global Root CA, OU=www.digicert.com, O=DigiCert Inc, C=US","dnsNames":[],"provisioningState":"Succeeded","type":"ContentCertificate"},"type":"Microsoft.AppPlatform/Spring/certificates","id":"/subscriptions/00000000-0000-0000-0000-000000000000/resourceGroups/clitest.rg000001/providers/Microsoft.AppPlatform/Spring/clitest000002/certificates/digi-cert","name":"digi-cert","systemData":{"createdBy":"yuwzho@microsoft.com","createdByType":"User","createdAt":"2023-04-14T03:25:06.3639286Z","lastModifiedBy":"yuwzho@microsoft.com","lastModifiedByType":"User","lastModifiedAt":"2023-04-14T03:25:06.3639286Z"}}'
    headers:
      cache-control:
      - no-cache
      content-length:
      - '872'
      content-type:
      - application/json; charset=utf-8
      date:
      - Fri, 14 Apr 2023 03:27:22 GMT
      expires:
      - '-1'
      pragma:
      - no-cache
      request-context:
      - appId=cid-v1:797d7e4e-8180-497e-a254-780fbd39ba4d
      strict-transport-security:
      - max-age=31536000; includeSubDomains
      transfer-encoding:
      - chunked
      vary:
      - Accept-Encoding
      x-content-type-options:
      - nosniff
      x-rp-server-mvid:
      - 546655cb-1d51-4210-be2f-a36dd5e69583
    status:
      code: 200
      message: OK
- request:
    body: null
    headers:
      Accept:
      - application/json
      Accept-Encoding:
      - gzip, deflate
      CommandName:
      - spring app delete
      Connection:
      - keep-alive
      ParameterSetName:
      - --name -g -s
      User-Agent:
      - AZURECLI/2.46.0 (MSI) azsdk-python-mgmt-appplatform/6.1.0 Python/3.9.13 (Windows-10-10.0.22621-SP0)
    method: GET
    uri: https://management.azure.com/subscriptions/00000000-0000-0000-0000-000000000000/resourceGroups/clitest.rg000001/providers/Microsoft.AppPlatform/Spring/clitest000002/apps/clitest000003?api-version=2023-11-01-preview
  response:
    body:
      string: '{"properties":{"addonConfigs":{"applicationConfigurationService":{},"serviceRegistry":{}},"public":false,"provisioningState":"Succeeded","fqdn":"clitest000002.azuremicroservices.io","httpsOnly":false,"temporaryDisk":{"sizeInGB":5,"mountPath":"/tmp"},"persistentDisk":{"sizeInGB":0,"mountPath":"/persistent"},"loadedCertificates":[{"resourceId":"/subscriptions/00000000-0000-0000-0000-000000000000/resourceGroups/clitest.rg000001/providers/Microsoft.AppPlatform/Spring/clitest000002/certificates/balti-cert","loadTrustStore":true},{"resourceId":"/subscriptions/00000000-0000-0000-0000-000000000000/resourceGroups/clitest.rg000001/providers/Microsoft.AppPlatform/Spring/clitest000002/certificates/digi-cert","loadTrustStore":true}],"enableEndToEndTLS":false,"ingressSettings":{"readTimeoutInSeconds":300,"sendTimeoutInSeconds":60,"sessionCookieMaxAge":0,"sessionAffinity":"None","backendProtocol":"Default"}},"type":"Microsoft.AppPlatform/Spring/apps","identity":null,"location":"centralindia","id":"/subscriptions/00000000-0000-0000-0000-000000000000/resourceGroups/clitest.rg000001/providers/Microsoft.AppPlatform/Spring/clitest000002/apps/clitest000003","name":"clitest000003","systemData":{"createdBy":"yuwzho@microsoft.com","createdByType":"User","createdAt":"2023-04-14T03:25:40.7713272Z","lastModifiedBy":"yuwzho@microsoft.com","lastModifiedByType":"User","lastModifiedAt":"2023-04-14T03:26:52.8766837Z"}}'
    headers:
      cache-control:
      - no-cache
      content-length:
      - '1410'
      content-type:
      - application/json; charset=utf-8
      date:
      - Fri, 14 Apr 2023 03:27:23 GMT
      expires:
      - '-1'
      pragma:
      - no-cache
      request-context:
      - appId=cid-v1:797d7e4e-8180-497e-a254-780fbd39ba4d
      strict-transport-security:
      - max-age=31536000; includeSubDomains
      transfer-encoding:
      - chunked
      vary:
      - Accept-Encoding
      x-content-type-options:
      - nosniff
      x-ms-ratelimit-remaining-subscription-resource-requests:
      - '11999'
      x-rp-server-mvid:
      - 546655cb-1d51-4210-be2f-a36dd5e69583
    status:
      code: 200
      message: OK
- request:
    body: null
    headers:
      Accept:
      - application/json
      Accept-Encoding:
      - gzip, deflate
      CommandName:
      - spring app delete
      Connection:
      - keep-alive
      Content-Length:
      - '0'
      ParameterSetName:
      - --name -g -s
      User-Agent:
      - AZURECLI/2.46.0 (MSI) azsdk-python-mgmt-appplatform/6.1.0 Python/3.9.13 (Windows-10-10.0.22621-SP0)
    method: DELETE
    uri: https://management.azure.com/subscriptions/00000000-0000-0000-0000-000000000000/resourceGroups/clitest.rg000001/providers/Microsoft.AppPlatform/Spring/clitest000002/apps/clitest000003?api-version=2023-11-01-preview
  response:
    body:
      string: ''
    headers:
      azure-asyncoperation:
      - https://management.azure.com/subscriptions/00000000-0000-0000-0000-000000000000/resourceGroups/clitest.rg000001/providers/Microsoft.AppPlatform/locations/centralindia/operationStatus/clitest000003/operationId/ef5d3f48-a4d8-4078-aff9-13537d7eda3f?api-version=2023-11-01-preview
      cache-control:
      - no-cache
      content-length:
      - '0'
      date:
      - Fri, 14 Apr 2023 03:27:24 GMT
      expires:
      - '-1'
      location:
      - https://management.azure.com/subscriptions/00000000-0000-0000-0000-000000000000/resourceGroups/clitest.rg000001/providers/Microsoft.AppPlatform/locations/centralindia/operationResults/ef5d3f48-a4d8-4078-aff9-13537d7eda3f/Spring/clitest000003?api-version=2023-11-01-preview
      pragma:
      - no-cache
      request-context:
      - appId=cid-v1:797d7e4e-8180-497e-a254-780fbd39ba4d
      strict-transport-security:
      - max-age=31536000; includeSubDomains
      x-content-type-options:
      - nosniff
      x-ms-ratelimit-remaining-subscription-deletes:
      - '14999'
      x-rp-server-mvid:
      - 546655cb-1d51-4210-be2f-a36dd5e69583
    status:
      code: 202
      message: Accepted
- request:
    body: null
    headers:
      Accept:
      - '*/*'
      Accept-Encoding:
      - gzip, deflate
      CommandName:
      - spring app delete
      Connection:
      - keep-alive
      ParameterSetName:
      - --name -g -s
      User-Agent:
      - AZURECLI/2.46.0 (MSI) azsdk-python-mgmt-appplatform/6.1.0 Python/3.9.13 (Windows-10-10.0.22621-SP0)
    method: GET
    uri: https://management.azure.com/subscriptions/00000000-0000-0000-0000-000000000000/resourceGroups/clitest.rg000001/providers/Microsoft.AppPlatform/locations/centralindia/operationStatus/clitest000003/operationId/ef5d3f48-a4d8-4078-aff9-13537d7eda3f?api-version=2023-11-01-preview
  response:
    body:
      string: '{"id":"subscriptions/d51e3ffe-6b84-49cd-b426-0dc4ec660356/resourceGroups/clitest.rg000001/providers/Microsoft.AppPlatform/locations/centralindia/operationStatus/clitest000003/operationId/ef5d3f48-a4d8-4078-aff9-13537d7eda3f","name":"ef5d3f48-a4d8-4078-aff9-13537d7eda3f","status":"Running","startTime":"2023-04-14T03:27:24.4109217Z"}'
    headers:
      cache-control:
      - no-cache
      content-length:
      - '333'
      content-type:
      - application/json; charset=utf-8
      date:
      - Fri, 14 Apr 2023 03:27:24 GMT
      expires:
      - '-1'
      pragma:
      - no-cache
      request-context:
      - appId=cid-v1:797d7e4e-8180-497e-a254-780fbd39ba4d
      strict-transport-security:
      - max-age=31536000; includeSubDomains
      transfer-encoding:
      - chunked
      vary:
      - Accept-Encoding
      x-content-type-options:
      - nosniff
      x-rp-server-mvid:
      - 546655cb-1d51-4210-be2f-a36dd5e69583
    status:
      code: 200
      message: OK
- request:
    body: null
    headers:
      Accept:
      - '*/*'
      Accept-Encoding:
      - gzip, deflate
      CommandName:
      - spring app delete
      Connection:
      - keep-alive
      ParameterSetName:
      - --name -g -s
      User-Agent:
      - AZURECLI/2.46.0 (MSI) azsdk-python-mgmt-appplatform/6.1.0 Python/3.9.13 (Windows-10-10.0.22621-SP0)
    method: GET
    uri: https://management.azure.com/subscriptions/00000000-0000-0000-0000-000000000000/resourceGroups/clitest.rg000001/providers/Microsoft.AppPlatform/locations/centralindia/operationStatus/clitest000003/operationId/ef5d3f48-a4d8-4078-aff9-13537d7eda3f?api-version=2023-11-01-preview
  response:
    body:
      string: '{"id":"subscriptions/d51e3ffe-6b84-49cd-b426-0dc4ec660356/resourceGroups/clitest.rg000001/providers/Microsoft.AppPlatform/locations/centralindia/operationStatus/clitest000003/operationId/ef5d3f48-a4d8-4078-aff9-13537d7eda3f","name":"ef5d3f48-a4d8-4078-aff9-13537d7eda3f","status":"Running","startTime":"2023-04-14T03:27:24.4109217Z"}'
    headers:
      cache-control:
      - no-cache
      content-length:
      - '333'
      content-type:
      - application/json; charset=utf-8
      date:
      - Fri, 14 Apr 2023 03:27:35 GMT
      expires:
      - '-1'
      pragma:
      - no-cache
      request-context:
      - appId=cid-v1:797d7e4e-8180-497e-a254-780fbd39ba4d
      strict-transport-security:
      - max-age=31536000; includeSubDomains
      transfer-encoding:
      - chunked
      vary:
      - Accept-Encoding
      x-content-type-options:
      - nosniff
      x-rp-server-mvid:
      - 546655cb-1d51-4210-be2f-a36dd5e69583
    status:
      code: 200
      message: OK
- request:
    body: null
    headers:
      Accept:
      - '*/*'
      Accept-Encoding:
      - gzip, deflate
      CommandName:
      - spring app delete
      Connection:
      - keep-alive
      ParameterSetName:
      - --name -g -s
      User-Agent:
      - AZURECLI/2.46.0 (MSI) azsdk-python-mgmt-appplatform/6.1.0 Python/3.9.13 (Windows-10-10.0.22621-SP0)
    method: GET
    uri: https://management.azure.com/subscriptions/00000000-0000-0000-0000-000000000000/resourceGroups/clitest.rg000001/providers/Microsoft.AppPlatform/locations/centralindia/operationStatus/clitest000003/operationId/ef5d3f48-a4d8-4078-aff9-13537d7eda3f?api-version=2023-11-01-preview
  response:
    body:
      string: '{"id":"subscriptions/d51e3ffe-6b84-49cd-b426-0dc4ec660356/resourceGroups/clitest.rg000001/providers/Microsoft.AppPlatform/locations/centralindia/operationStatus/clitest000003/operationId/ef5d3f48-a4d8-4078-aff9-13537d7eda3f","name":"ef5d3f48-a4d8-4078-aff9-13537d7eda3f","status":"Succeeded","startTime":"2023-04-14T03:27:24.4109217Z","endTime":"2023-04-14T03:27:45.8325438Z"}'
    headers:
      cache-control:
      - no-cache
      content-length:
      - '376'
      content-type:
      - application/json; charset=utf-8
      date:
      - Fri, 14 Apr 2023 03:27:45 GMT
      expires:
      - '-1'
      pragma:
      - no-cache
      request-context:
      - appId=cid-v1:797d7e4e-8180-497e-a254-780fbd39ba4d
      strict-transport-security:
      - max-age=31536000; includeSubDomains
      transfer-encoding:
      - chunked
      vary:
      - Accept-Encoding
      x-content-type-options:
      - nosniff
      x-rp-server-mvid:
      - 546655cb-1d51-4210-be2f-a36dd5e69583
    status:
      code: 200
      message: OK
version: 1
