interactions:
- request:
    body: null
    headers:
      Accept:
      - application/json
      Accept-Encoding:
      - gzip, deflate
      CommandName:
      - spring app create
      Connection:
      - keep-alive
      ParameterSetName:
      - -g -s -n
      User-Agent:
      - AZURECLI/2.46.0 azsdk-python-mgmt-appplatform/6.1.0 Python/3.9.13 (Windows-10-10.0.22621-SP0)
    method: GET
    uri: https://management.azure.com/subscriptions/00000000-0000-0000-0000-000000000000/resourceGroups/clitest.rg000001/providers/Microsoft.AppPlatform/Spring/clitest000002/apps/clitest000003?api-version=2023-11-01-preview
  response:
    body:
      string: '{"error":{"code":"NotFound","message":"App was not found","target":"/subscriptions/00000000-0000-0000-0000-000000000000/resourceGroups/clitest.rg000001/providers/Microsoft.AppPlatform/Spring/clitest000002/apps/clitest000003","details":null}}'
    headers:
      cache-control:
      - no-cache
      content-length:
      - '241'
      content-type:
      - application/json
      date:
      - Wed, 12 Apr 2023 09:02:41 GMT
      expires:
      - '-1'
      pragma:
      - no-cache
      request-context:
      - appId=cid-v1:797d7e4e-8180-497e-a254-780fbd39ba4d
      strict-transport-security:
      - max-age=31536000; includeSubDomains
      x-content-type-options:
      - nosniff
      x-ms-ratelimit-remaining-subscription-resource-requests:
      - '11999'
      x-rp-server-mvid:
      - 2d8cffe0-ed19-4f32-b630-c96199e681e1
    status:
      code: 404
      message: Not Found
- request:
    body: null
    headers:
      Accept:
      - application/json
      Accept-Encoding:
      - gzip, deflate
      CommandName:
      - spring app create
      Connection:
      - keep-alive
      ParameterSetName:
      - -g -s -n
      User-Agent:
      - AZURECLI/2.46.0 azsdk-python-mgmt-appplatform/6.1.0 Python/3.9.13 (Windows-10-10.0.22621-SP0)
    method: GET
    uri: https://management.azure.com/subscriptions/00000000-0000-0000-0000-000000000000/resourceGroups/clitest.rg000001/providers/Microsoft.AppPlatform/Spring/clitest000002?api-version=2023-11-01-preview
  response:
    body:
      string: '{"properties":{"provisioningState":"Succeeded","zoneRedundant":false,"version":3,"serviceId":"869575ac58f542e6b8c463fbfee844bf","networkProfile":{"outboundIPs":{"publicIPs":["20.49.218.229","20.49.223.183"]},"outboundType":"loadBalancer"},"powerState":"Running","fqdn":"clitest000002.azuremicroservices.io","marketplaceResource":{"plan":"asa-ent-hr-mtr","publisher":"vmware-inc","product":"azure-spring-cloud-vmware-tanzu-2"}},"type":"Microsoft.AppPlatform/Spring","sku":{"name":"E0","tier":"Enterprise"},"location":"eastus","tags":{},"id":"/subscriptions/00000000-0000-0000-0000-000000000000/resourceGroups/clitest.rg000001/providers/Microsoft.AppPlatform/Spring/clitest000002","name":"clitest000002","systemData":{"createdBy":"yuwzho@microsoft.com","createdByType":"User","createdAt":"2023-03-30T06:40:24.2896426Z","lastModifiedBy":"yuwzho@microsoft.com","lastModifiedByType":"User","lastModifiedAt":"2023-03-30T06:40:24.2896426Z"}}'
    headers:
      cache-control:
      - no-cache
      content-length:
      - '935'
      content-type:
      - application/json
      date:
      - Wed, 12 Apr 2023 09:02:41 GMT
      expires:
      - '-1'
      pragma:
      - no-cache
      request-context:
      - appId=cid-v1:797d7e4e-8180-497e-a254-780fbd39ba4d
      strict-transport-security:
      - max-age=31536000; includeSubDomains
      transfer-encoding:
      - chunked
      vary:
      - Accept-Encoding
      x-content-type-options:
      - nosniff
      x-ms-ratelimit-remaining-subscription-resource-requests:
      - '11999'
      x-rp-server-mvid:
      - 2d8cffe0-ed19-4f32-b630-c96199e681e1
    status:
      code: 200
      message: OK
- request:
    body: '{"properties": {"public": false, "httpsOnly": false, "temporaryDisk": {"sizeInGB":
      5, "mountPath": "/tmp"}, "enableEndToEndTLS": false}}'
    headers:
      Accept:
      - application/json
      Accept-Encoding:
      - gzip, deflate
      CommandName:
      - spring app create
      Connection:
      - keep-alive
      Content-Length:
      - '136'
      Content-Type:
      - application/json
      ParameterSetName:
      - -g -s -n
      User-Agent:
      - AZURECLI/2.46.0 azsdk-python-mgmt-appplatform/6.1.0 Python/3.9.13 (Windows-10-10.0.22621-SP0)
    method: PUT
    uri: https://management.azure.com/subscriptions/00000000-0000-0000-0000-000000000000/resourceGroups/clitest.rg000001/providers/Microsoft.AppPlatform/Spring/clitest000002/apps/clitest000003?api-version=2023-11-01-preview
  response:
    body:
      string: '{"properties":{"addonConfigs":{"applicationConfigurationService":{},"serviceRegistry":{}},"public":false,"provisioningState":"Creating","httpsOnly":false,"temporaryDisk":{"sizeInGB":5,"mountPath":"/tmp"},"enableEndToEndTLS":false,"ingressSettings":{"readTimeoutInSeconds":300,"sendTimeoutInSeconds":60,"sessionCookieMaxAge":0,"sessionAffinity":"None","backendProtocol":"Default"}},"type":"Microsoft.AppPlatform/Spring/apps","identity":null,"location":"eastus","id":"/subscriptions/00000000-0000-0000-0000-000000000000/resourceGroups/clitest.rg000001/providers/Microsoft.AppPlatform/Spring/clitest000002/apps/clitest000003","name":"clitest000003","systemData":{"createdBy":"yuwzho@microsoft.com","createdByType":"User","createdAt":"2023-04-12T09:02:42.3640664Z","lastModifiedBy":"yuwzho@microsoft.com","lastModifiedByType":"User","lastModifiedAt":"2023-04-12T09:02:42.3640664Z"}}'
    headers:
      azure-asyncoperation:
      - https://management.azure.com/subscriptions/00000000-0000-0000-0000-000000000000/resourceGroups/clitest.rg000001/providers/Microsoft.AppPlatform/locations/eastus/operationStatus/clitest000003/operationId/5a233293-c818-4ff2-9fb8-923b642562de?api-version=2023-11-01-preview
      cache-control:
      - no-cache
      content-length:
      - '879'
      content-type:
      - application/json
      date:
      - Wed, 12 Apr 2023 09:02:42 GMT
      expires:
      - '-1'
      location:
      - https://management.azure.com/subscriptions/00000000-0000-0000-0000-000000000000/resourceGroups/clitest.rg000001/providers/Microsoft.AppPlatform/locations/eastus/operationResults/5a233293-c818-4ff2-9fb8-923b642562de/Spring/clitest000003?api-version=2023-11-01-preview
      pragma:
      - no-cache
      request-context:
      - appId=cid-v1:797d7e4e-8180-497e-a254-780fbd39ba4d
      strict-transport-security:
      - max-age=31536000; includeSubDomains
      x-content-type-options:
      - nosniff
      x-ms-ratelimit-remaining-subscription-resource-requests:
      - '1199'
      x-rp-server-mvid:
      - 2d8cffe0-ed19-4f32-b630-c96199e681e1
    status:
      code: 201
      message: Created
- request:
    body: null
    headers:
      Accept:
      - '*/*'
      Accept-Encoding:
      - gzip, deflate
      CommandName:
      - spring app create
      Connection:
      - keep-alive
      ParameterSetName:
      - -g -s -n
      User-Agent:
      - AZURECLI/2.46.0 azsdk-python-mgmt-appplatform/6.1.0 Python/3.9.13 (Windows-10-10.0.22621-SP0)
    method: GET
    uri: https://management.azure.com/subscriptions/00000000-0000-0000-0000-000000000000/resourceGroups/clitest.rg000001/providers/Microsoft.AppPlatform/locations/eastus/operationStatus/clitest000003/operationId/5a233293-c818-4ff2-9fb8-923b642562de?api-version=2023-11-01-preview
  response:
    body:
      string: '{"id":"subscriptions/d51e3ffe-6b84-49cd-b426-0dc4ec660356/resourceGroups/clitest.rg000001/providers/Microsoft.AppPlatform/locations/eastus/operationStatus/clitest000003/operationId/5a233293-c818-4ff2-9fb8-923b642562de","name":"5a233293-c818-4ff2-9fb8-923b642562de","status":"Running","startTime":"2023-04-12T09:02:42.7008797Z"}'
    headers:
      cache-control:
      - no-cache
      content-length:
      - '328'
      content-type:
      - application/json
      date:
      - Wed, 12 Apr 2023 09:02:42 GMT
      expires:
      - '-1'
      pragma:
      - no-cache
      request-context:
      - appId=cid-v1:797d7e4e-8180-497e-a254-780fbd39ba4d
      strict-transport-security:
      - max-age=31536000; includeSubDomains
      transfer-encoding:
      - chunked
      vary:
      - Accept-Encoding
      x-content-type-options:
      - nosniff
      x-rp-server-mvid:
      - 2d8cffe0-ed19-4f32-b630-c96199e681e1
    status:
      code: 200
      message: OK
- request:
    body: null
    headers:
      Accept:
      - '*/*'
      Accept-Encoding:
      - gzip, deflate
      CommandName:
      - spring app create
      Connection:
      - keep-alive
      ParameterSetName:
      - -g -s -n
      User-Agent:
      - AZURECLI/2.46.0 azsdk-python-mgmt-appplatform/6.1.0 Python/3.9.13 (Windows-10-10.0.22621-SP0)
    method: GET
    uri: https://management.azure.com/subscriptions/00000000-0000-0000-0000-000000000000/resourceGroups/clitest.rg000001/providers/Microsoft.AppPlatform/locations/eastus/operationStatus/clitest000003/operationId/5a233293-c818-4ff2-9fb8-923b642562de?api-version=2023-11-01-preview
  response:
    body:
      string: '{"id":"subscriptions/d51e3ffe-6b84-49cd-b426-0dc4ec660356/resourceGroups/clitest.rg000001/providers/Microsoft.AppPlatform/locations/eastus/operationStatus/clitest000003/operationId/5a233293-c818-4ff2-9fb8-923b642562de","name":"5a233293-c818-4ff2-9fb8-923b642562de","status":"Succeeded","startTime":"2023-04-12T09:02:42.7008797Z","endTime":"2023-04-12T09:02:49.8575007Z"}'
    headers:
      cache-control:
      - no-cache
      content-length:
      - '371'
      content-type:
      - application/json
      date:
      - Wed, 12 Apr 2023 09:02:53 GMT
      expires:
      - '-1'
      pragma:
      - no-cache
      request-context:
      - appId=cid-v1:797d7e4e-8180-497e-a254-780fbd39ba4d
      strict-transport-security:
      - max-age=31536000; includeSubDomains
      transfer-encoding:
      - chunked
      vary:
      - Accept-Encoding
      x-content-type-options:
      - nosniff
      x-rp-server-mvid:
      - 2d8cffe0-ed19-4f32-b630-c96199e681e1
    status:
      code: 200
      message: OK
- request:
    body: null
    headers:
      Accept:
      - '*/*'
      Accept-Encoding:
      - gzip, deflate
      CommandName:
      - spring app create
      Connection:
      - keep-alive
      ParameterSetName:
      - -g -s -n
      User-Agent:
      - AZURECLI/2.46.0 azsdk-python-mgmt-appplatform/6.1.0 Python/3.9.13 (Windows-10-10.0.22621-SP0)
    method: GET
    uri: https://management.azure.com/subscriptions/00000000-0000-0000-0000-000000000000/resourceGroups/clitest.rg000001/providers/Microsoft.AppPlatform/Spring/clitest000002/apps/clitest000003?api-version=2023-11-01-preview
  response:
    body:
      string: '{"properties":{"addonConfigs":{"applicationConfigurationService":{},"serviceRegistry":{}},"public":false,"provisioningState":"Succeeded","fqdn":"clitest000002.azuremicroservices.io","httpsOnly":false,"temporaryDisk":{"sizeInGB":5,"mountPath":"/tmp"},"persistentDisk":{"sizeInGB":0,"mountPath":"/persistent"},"enableEndToEndTLS":false,"ingressSettings":{"readTimeoutInSeconds":300,"sendTimeoutInSeconds":60,"sessionCookieMaxAge":0,"sessionAffinity":"None","backendProtocol":"Default"}},"type":"Microsoft.AppPlatform/Spring/apps","identity":null,"location":"eastus","id":"/subscriptions/00000000-0000-0000-0000-000000000000/resourceGroups/clitest.rg000001/providers/Microsoft.AppPlatform/Spring/clitest000002/apps/clitest000003","name":"clitest000003","systemData":{"createdBy":"yuwzho@microsoft.com","createdByType":"User","createdAt":"2023-04-12T09:02:42.3640664Z","lastModifiedBy":"yuwzho@microsoft.com","lastModifiedByType":"User","lastModifiedAt":"2023-04-12T09:02:42.3640664Z"}}'
    headers:
      cache-control:
      - no-cache
      content-length:
      - '983'
      content-type:
      - application/json
      date:
      - Wed, 12 Apr 2023 09:02:53 GMT
      expires:
      - '-1'
      pragma:
      - no-cache
      request-context:
      - appId=cid-v1:797d7e4e-8180-497e-a254-780fbd39ba4d
      strict-transport-security:
      - max-age=31536000; includeSubDomains
      transfer-encoding:
      - chunked
      vary:
      - Accept-Encoding
      x-content-type-options:
      - nosniff
      x-ms-ratelimit-remaining-subscription-resource-requests:
      - '11998'
      x-rp-server-mvid:
      - 2d8cffe0-ed19-4f32-b630-c96199e681e1
    status:
      code: 200
      message: OK
- request:
    body: '{"properties": {"source": {"type": "BuildResult", "buildResultId": "<default>"},
      "deploymentSettings": {"resourceRequests": {"cpu": "1", "memory": "1Gi"}, "scale":
      {"minReplicas": 1, "maxReplicas": 10}}, "active": true}, "sku": {"name": "E0",
      "tier": "Enterprise", "capacity": 1}}'
    headers:
      Accept:
      - application/json
      Accept-Encoding:
      - gzip, deflate
      CommandName:
      - spring app create
      Connection:
      - keep-alive
      Content-Length:
      - '280'
      Content-Type:
      - application/json
      ParameterSetName:
      - -g -s -n
      User-Agent:
      - AZURECLI/2.46.0 azsdk-python-mgmt-appplatform/6.1.0 Python/3.9.13 (Windows-10-10.0.22621-SP0)
    method: PUT
    uri: https://management.azure.com/subscriptions/00000000-0000-0000-0000-000000000000/resourceGroups/clitest.rg000001/providers/Microsoft.AppPlatform/Spring/clitest000002/apps/clitest000003/deployments/mock-deployment?api-version=2023-11-01-preview
  response:
    body:
      string: '{"properties":{"deploymentSettings":{"resourceRequests":{"cpu":"1","memory":"1Gi"},"environmentVariables":null,"terminationGracePeriodSeconds":90},"provisioningState":"Creating","status":"Running","active":true,"instances":null,"source":{"type":"BuildResult","buildResultId":"<default>"}},"type":"Microsoft.AppPlatform/Spring/apps/deployments","sku":{"name":"E0","tier":"Enterprise","capacity":1},"id":"/subscriptions/00000000-0000-0000-0000-000000000000/resourceGroups/clitest.rg000001/providers/Microsoft.AppPlatform/Spring/clitest000002/apps/clitest000003/deployments/default","name":"default","systemData":{"createdBy":"yuwzho@microsoft.com","createdByType":"User","createdAt":"2023-04-12T09:02:57.9423264Z","lastModifiedBy":"yuwzho@microsoft.com","lastModifiedByType":"User","lastModifiedAt":"2023-04-12T09:02:57.9423264Z"}}'
    headers:
      azure-asyncoperation:
      - https://management.azure.com/subscriptions/00000000-0000-0000-0000-000000000000/resourceGroups/clitest.rg000001/providers/Microsoft.AppPlatform/locations/eastus/operationStatus/default/operationId/7bf9ddf0-3a31-45d3-9e59-b8e08f8b6e95?api-version=2023-11-01-preview
      cache-control:
      - no-cache
      content-length:
      - '829'
      content-type:
      - application/json
      date:
      - Wed, 12 Apr 2023 09:02:58 GMT
      expires:
      - '-1'
      location:
      - https://management.azure.com/subscriptions/00000000-0000-0000-0000-000000000000/resourceGroups/clitest.rg000001/providers/Microsoft.AppPlatform/locations/eastus/operationResults/7bf9ddf0-3a31-45d3-9e59-b8e08f8b6e95/Spring/default?api-version=2023-11-01-preview
      pragma:
      - no-cache
      request-context:
      - appId=cid-v1:797d7e4e-8180-497e-a254-780fbd39ba4d
      strict-transport-security:
      - max-age=31536000; includeSubDomains
      x-content-type-options:
      - nosniff
      x-ms-ratelimit-remaining-subscription-resource-requests:
      - '1199'
      x-rp-server-mvid:
      - 2d8cffe0-ed19-4f32-b630-c96199e681e1
    status:
      code: 201
      message: Created
- request:
    body: null
    headers:
      Accept:
      - '*/*'
      Accept-Encoding:
      - gzip, deflate
      CommandName:
      - spring app create
      Connection:
      - keep-alive
      ParameterSetName:
      - -g -s -n
      User-Agent:
      - AZURECLI/2.46.0 azsdk-python-mgmt-appplatform/6.1.0 Python/3.9.13 (Windows-10-10.0.22621-SP0)
    method: GET
    uri: https://management.azure.com/subscriptions/00000000-0000-0000-0000-000000000000/resourceGroups/clitest.rg000001/providers/Microsoft.AppPlatform/locations/eastus/operationStatus/default/operationId/7bf9ddf0-3a31-45d3-9e59-b8e08f8b6e95?api-version=2023-11-01-preview
  response:
    body:
      string: '{"id":"subscriptions/d51e3ffe-6b84-49cd-b426-0dc4ec660356/resourceGroups/clitest.rg000001/providers/Microsoft.AppPlatform/locations/eastus/operationStatus/default/operationId/7bf9ddf0-3a31-45d3-9e59-b8e08f8b6e95","name":"7bf9ddf0-3a31-45d3-9e59-b8e08f8b6e95","status":"Running","startTime":"2023-04-12T09:02:58.499095Z"}'
    headers:
      cache-control:
      - no-cache
      content-length:
      - '321'
      content-type:
      - application/json
      date:
      - Wed, 12 Apr 2023 09:02:58 GMT
      expires:
      - '-1'
      pragma:
      - no-cache
      request-context:
      - appId=cid-v1:797d7e4e-8180-497e-a254-780fbd39ba4d
      strict-transport-security:
      - max-age=31536000; includeSubDomains
      transfer-encoding:
      - chunked
      vary:
      - Accept-Encoding
      x-content-type-options:
      - nosniff
      x-rp-server-mvid:
      - 2d8cffe0-ed19-4f32-b630-c96199e681e1
    status:
      code: 200
      message: OK
- request:
    body: null
    headers:
      Accept:
      - '*/*'
      Accept-Encoding:
      - gzip, deflate
      CommandName:
      - spring app create
      Connection:
      - keep-alive
      ParameterSetName:
      - -g -s -n
      User-Agent:
      - AZURECLI/2.46.0 azsdk-python-mgmt-appplatform/6.1.0 Python/3.9.13 (Windows-10-10.0.22621-SP0)
    method: GET
    uri: https://management.azure.com/subscriptions/00000000-0000-0000-0000-000000000000/resourceGroups/clitest.rg000001/providers/Microsoft.AppPlatform/locations/eastus/operationStatus/default/operationId/7bf9ddf0-3a31-45d3-9e59-b8e08f8b6e95?api-version=2023-11-01-preview
  response:
    body:
      string: '{"id":"subscriptions/d51e3ffe-6b84-49cd-b426-0dc4ec660356/resourceGroups/clitest.rg000001/providers/Microsoft.AppPlatform/locations/eastus/operationStatus/default/operationId/7bf9ddf0-3a31-45d3-9e59-b8e08f8b6e95","name":"7bf9ddf0-3a31-45d3-9e59-b8e08f8b6e95","status":"Running","startTime":"2023-04-12T09:02:58.499095Z"}'
    headers:
      cache-control:
      - no-cache
      content-length:
      - '321'
      content-type:
      - application/json
      date:
      - Wed, 12 Apr 2023 09:03:08 GMT
      expires:
      - '-1'
      pragma:
      - no-cache
      request-context:
      - appId=cid-v1:797d7e4e-8180-497e-a254-780fbd39ba4d
      strict-transport-security:
      - max-age=31536000; includeSubDomains
      transfer-encoding:
      - chunked
      vary:
      - Accept-Encoding
      x-content-type-options:
      - nosniff
      x-rp-server-mvid:
      - 2d8cffe0-ed19-4f32-b630-c96199e681e1
    status:
      code: 200
      message: OK
- request:
    body: null
    headers:
      Accept:
      - '*/*'
      Accept-Encoding:
      - gzip, deflate
      CommandName:
      - spring app create
      Connection:
      - keep-alive
      ParameterSetName:
      - -g -s -n
      User-Agent:
      - AZURECLI/2.46.0 azsdk-python-mgmt-appplatform/6.1.0 Python/3.9.13 (Windows-10-10.0.22621-SP0)
    method: GET
    uri: https://management.azure.com/subscriptions/00000000-0000-0000-0000-000000000000/resourceGroups/clitest.rg000001/providers/Microsoft.AppPlatform/locations/eastus/operationStatus/default/operationId/7bf9ddf0-3a31-45d3-9e59-b8e08f8b6e95?api-version=2023-11-01-preview
  response:
    body:
      string: '{"id":"subscriptions/d51e3ffe-6b84-49cd-b426-0dc4ec660356/resourceGroups/clitest.rg000001/providers/Microsoft.AppPlatform/locations/eastus/operationStatus/default/operationId/7bf9ddf0-3a31-45d3-9e59-b8e08f8b6e95","name":"7bf9ddf0-3a31-45d3-9e59-b8e08f8b6e95","status":"Running","startTime":"2023-04-12T09:02:58.499095Z"}'
    headers:
      cache-control:
      - no-cache
      content-length:
      - '321'
      content-type:
      - application/json
      date:
      - Wed, 12 Apr 2023 09:03:19 GMT
      expires:
      - '-1'
      pragma:
      - no-cache
      request-context:
      - appId=cid-v1:797d7e4e-8180-497e-a254-780fbd39ba4d
      strict-transport-security:
      - max-age=31536000; includeSubDomains
      transfer-encoding:
      - chunked
      vary:
      - Accept-Encoding
      x-content-type-options:
      - nosniff
      x-rp-server-mvid:
      - 2d8cffe0-ed19-4f32-b630-c96199e681e1
    status:
      code: 200
      message: OK
- request:
    body: null
    headers:
      Accept:
      - '*/*'
      Accept-Encoding:
      - gzip, deflate
      CommandName:
      - spring app create
      Connection:
      - keep-alive
      ParameterSetName:
      - -g -s -n
      User-Agent:
      - AZURECLI/2.46.0 azsdk-python-mgmt-appplatform/6.1.0 Python/3.9.13 (Windows-10-10.0.22621-SP0)
    method: GET
    uri: https://management.azure.com/subscriptions/00000000-0000-0000-0000-000000000000/resourceGroups/clitest.rg000001/providers/Microsoft.AppPlatform/locations/eastus/operationStatus/default/operationId/7bf9ddf0-3a31-45d3-9e59-b8e08f8b6e95?api-version=2023-11-01-preview
  response:
    body:
      string: '{"id":"subscriptions/d51e3ffe-6b84-49cd-b426-0dc4ec660356/resourceGroups/clitest.rg000001/providers/Microsoft.AppPlatform/locations/eastus/operationStatus/default/operationId/7bf9ddf0-3a31-45d3-9e59-b8e08f8b6e95","name":"7bf9ddf0-3a31-45d3-9e59-b8e08f8b6e95","status":"Succeeded","startTime":"2023-04-12T09:02:58.499095Z","endTime":"2023-04-12T09:03:20.6556664Z"}'
    headers:
      cache-control:
      - no-cache
      content-length:
      - '364'
      content-type:
      - application/json
      date:
      - Wed, 12 Apr 2023 09:03:29 GMT
      expires:
      - '-1'
      pragma:
      - no-cache
      request-context:
      - appId=cid-v1:797d7e4e-8180-497e-a254-780fbd39ba4d
      strict-transport-security:
      - max-age=31536000; includeSubDomains
      transfer-encoding:
      - chunked
      vary:
      - Accept-Encoding
      x-content-type-options:
      - nosniff
      x-rp-server-mvid:
      - 2d8cffe0-ed19-4f32-b630-c96199e681e1
    status:
      code: 200
      message: OK
- request:
    body: null
    headers:
      Accept:
      - '*/*'
      Accept-Encoding:
      - gzip, deflate
      CommandName:
      - spring app create
      Connection:
      - keep-alive
      ParameterSetName:
      - -g -s -n
      User-Agent:
      - AZURECLI/2.46.0 azsdk-python-mgmt-appplatform/6.1.0 Python/3.9.13 (Windows-10-10.0.22621-SP0)
    method: GET
    uri: https://management.azure.com/subscriptions/00000000-0000-0000-0000-000000000000/resourceGroups/clitest.rg000001/providers/Microsoft.AppPlatform/Spring/clitest000002/apps/clitest000003/deployments/mock-deployment?api-version=2023-11-01-preview
  response:
    body:
      string: '{"properties":{"deploymentSettings":{"resourceRequests":{"cpu":"1","memory":"1Gi"},"environmentVariables":null,"terminationGracePeriodSeconds":90,"livenessProbe":{"disableProbe":false,"failureThreshold":3,"initialDelaySeconds":300,"periodSeconds":10,"successThreshold":1,"timeoutSeconds":3,"probeAction":{"type":"TCPSocketAction"}},"readinessProbe":{"disableProbe":false,"failureThreshold":3,"initialDelaySeconds":0,"periodSeconds":5,"successThreshold":1,"timeoutSeconds":3,"probeAction":{"type":"TCPSocketAction"}}},"provisioningState":"Succeeded","status":"Running","active":true,"instances":[{"name":"clitest000003-default-15-7fc5f78665-jdtx6","status":"Running","discoveryStatus":"N/A","startTime":"2023-04-12T09:03:03Z"}],"source":{"type":"BuildResult","buildResultId":"<default>"}},"type":"Microsoft.AppPlatform/Spring/apps/deployments","sku":{"name":"E0","tier":"Enterprise","capacity":1},"id":"/subscriptions/00000000-0000-0000-0000-000000000000/resourceGroups/clitest.rg000001/providers/Microsoft.AppPlatform/Spring/clitest000002/apps/clitest000003/deployments/default","name":"default","systemData":{"createdBy":"yuwzho@microsoft.com","createdByType":"User","createdAt":"2023-04-12T09:02:57.9423264Z","lastModifiedBy":"yuwzho@microsoft.com","lastModifiedByType":"User","lastModifiedAt":"2023-04-12T09:02:57.9423264Z"}}'
    headers:
      cache-control:
      - no-cache
      content-length:
      - '1328'
      content-type:
      - application/json
      date:
      - Wed, 12 Apr 2023 09:03:30 GMT
      expires:
      - '-1'
      pragma:
      - no-cache
      request-context:
      - appId=cid-v1:797d7e4e-8180-497e-a254-780fbd39ba4d
      strict-transport-security:
      - max-age=31536000; includeSubDomains
      transfer-encoding:
      - chunked
      vary:
      - Accept-Encoding
      x-content-type-options:
      - nosniff
      x-ms-ratelimit-remaining-subscription-resource-requests:
      - '11999'
      x-rp-server-mvid:
      - 2d8cffe0-ed19-4f32-b630-c96199e681e1
    status:
      code: 200
      message: OK
- request:
    body: null
    headers:
      Accept:
      - application/json
      Accept-Encoding:
      - gzip, deflate
      CommandName:
      - spring app create
      Connection:
      - keep-alive
      ParameterSetName:
      - -g -s -n
      User-Agent:
      - AZURECLI/2.46.0 azsdk-python-mgmt-appplatform/6.1.0 Python/3.9.13 (Windows-10-10.0.22621-SP0)
    method: GET
    uri: https://management.azure.com/subscriptions/00000000-0000-0000-0000-000000000000/resourceGroups/clitest.rg000001/providers/Microsoft.AppPlatform/Spring/clitest000002/apps/clitest000003?api-version=2023-11-01-preview
  response:
    body:
      string: '{"properties":{"addonConfigs":{"applicationConfigurationService":{},"serviceRegistry":{}},"public":false,"provisioningState":"Succeeded","fqdn":"clitest000002.azuremicroservices.io","httpsOnly":false,"temporaryDisk":{"sizeInGB":5,"mountPath":"/tmp"},"persistentDisk":{"sizeInGB":0,"mountPath":"/persistent"},"enableEndToEndTLS":false,"ingressSettings":{"readTimeoutInSeconds":300,"sendTimeoutInSeconds":60,"sessionCookieMaxAge":0,"sessionAffinity":"None","backendProtocol":"Default"}},"type":"Microsoft.AppPlatform/Spring/apps","identity":null,"location":"eastus","id":"/subscriptions/00000000-0000-0000-0000-000000000000/resourceGroups/clitest.rg000001/providers/Microsoft.AppPlatform/Spring/clitest000002/apps/clitest000003","name":"clitest000003","systemData":{"createdBy":"yuwzho@microsoft.com","createdByType":"User","createdAt":"2023-04-12T09:02:42.3640664Z","lastModifiedBy":"yuwzho@microsoft.com","lastModifiedByType":"User","lastModifiedAt":"2023-04-12T09:02:42.3640664Z"}}'
    headers:
      cache-control:
      - no-cache
      content-length:
      - '983'
      content-type:
      - application/json
      date:
      - Wed, 12 Apr 2023 09:03:33 GMT
      expires:
      - '-1'
      pragma:
      - no-cache
      request-context:
      - appId=cid-v1:797d7e4e-8180-497e-a254-780fbd39ba4d
      strict-transport-security:
      - max-age=31536000; includeSubDomains
      transfer-encoding:
      - chunked
      vary:
      - Accept-Encoding
      x-content-type-options:
      - nosniff
      x-ms-ratelimit-remaining-subscription-resource-requests:
      - '11997'
      x-rp-server-mvid:
      - 2d8cffe0-ed19-4f32-b630-c96199e681e1
    status:
      code: 200
      message: OK
- request:
    body: null
    headers:
      Accept:
      - application/json
      Accept-Encoding:
      - gzip, deflate
      CommandName:
      - spring app create
      Connection:
      - keep-alive
      ParameterSetName:
      - -g -s -n
      User-Agent:
      - AZURECLI/2.46.0 azsdk-python-mgmt-appplatform/6.1.0 Python/3.9.13 (Windows-10-10.0.22621-SP0)
    method: GET
    uri: https://management.azure.com/subscriptions/00000000-0000-0000-0000-000000000000/resourceGroups/clitest.rg000001/providers/Microsoft.AppPlatform/Spring/clitest000002/apps/clitest000003/deployments?api-version=2023-11-01-preview
  response:
    body:
      string: '{"value":[{"properties":{"deploymentSettings":{"resourceRequests":{"cpu":"1","memory":"1Gi"},"environmentVariables":null,"terminationGracePeriodSeconds":90,"livenessProbe":{"disableProbe":false,"failureThreshold":3,"initialDelaySeconds":300,"periodSeconds":10,"successThreshold":1,"timeoutSeconds":3,"probeAction":{"type":"TCPSocketAction"}},"readinessProbe":{"disableProbe":false,"failureThreshold":3,"initialDelaySeconds":0,"periodSeconds":5,"successThreshold":1,"timeoutSeconds":3,"probeAction":{"type":"TCPSocketAction"}}},"provisioningState":"Succeeded","status":"Running","active":true,"instances":[{"name":"clitest000003-default-15-7fc5f78665-jdtx6","status":"Running","discoveryStatus":"N/A","startTime":"2023-04-12T09:03:03Z"}],"source":{"type":"BuildResult","buildResultId":"<default>"}},"type":"Microsoft.AppPlatform/Spring/apps/deployments","sku":{"name":"E0","tier":"Enterprise","capacity":1},"id":"/subscriptions/00000000-0000-0000-0000-000000000000/resourceGroups/clitest.rg000001/providers/Microsoft.AppPlatform/Spring/clitest000002/apps/clitest000003/deployments/default","name":"default","systemData":{"createdBy":"yuwzho@microsoft.com","createdByType":"User","createdAt":"2023-04-12T09:02:57.9423264Z","lastModifiedBy":"yuwzho@microsoft.com","lastModifiedByType":"User","lastModifiedAt":"2023-04-12T09:02:57.9423264Z"}}]}'
    headers:
      cache-control:
      - no-cache
      content-length:
      - '1340'
      content-type:
      - application/json
      date:
      - Wed, 12 Apr 2023 09:03:33 GMT
      expires:
      - '-1'
      pragma:
      - no-cache
      request-context:
      - appId=cid-v1:797d7e4e-8180-497e-a254-780fbd39ba4d
      strict-transport-security:
      - max-age=31536000; includeSubDomains
      transfer-encoding:
      - chunked
      vary:
      - Accept-Encoding
      x-content-type-options:
      - nosniff
      x-ms-ratelimit-remaining-subscription-resource-requests:
      - '11998'
      x-rp-server-mvid:
      - 2d8cffe0-ed19-4f32-b630-c96199e681e1
    status:
      code: 200
      message: OK
- request:
    body: null
    headers:
      Accept:
      - application/json
      Accept-Encoding:
      - gzip, deflate
      CommandName:
      - spring application-configuration-service show
      Connection:
      - keep-alive
      ParameterSetName:
      - -g -s
      User-Agent:
      - AZURECLI/2.46.0 azsdk-python-mgmt-appplatform/6.1.0 Python/3.9.13 (Windows-10-10.0.22621-SP0)
    method: GET
    uri: https://management.azure.com/subscriptions/00000000-0000-0000-0000-000000000000/resourceGroups/clitest.rg000001/providers/Microsoft.AppPlatform/Spring/clitest000002?api-version=2023-11-01-preview
  response:
    body:
      string: '{"properties":{"provisioningState":"Succeeded","zoneRedundant":false,"version":3,"serviceId":"869575ac58f542e6b8c463fbfee844bf","networkProfile":{"outboundIPs":{"publicIPs":["20.49.218.229","20.49.223.183"]},"outboundType":"loadBalancer"},"powerState":"Running","fqdn":"clitest000002.azuremicroservices.io","marketplaceResource":{"plan":"asa-ent-hr-mtr","publisher":"vmware-inc","product":"azure-spring-cloud-vmware-tanzu-2"}},"type":"Microsoft.AppPlatform/Spring","sku":{"name":"E0","tier":"Enterprise"},"location":"eastus","tags":{},"id":"/subscriptions/00000000-0000-0000-0000-000000000000/resourceGroups/clitest.rg000001/providers/Microsoft.AppPlatform/Spring/clitest000002","name":"clitest000002","systemData":{"createdBy":"yuwzho@microsoft.com","createdByType":"User","createdAt":"2023-03-30T06:40:24.2896426Z","lastModifiedBy":"yuwzho@microsoft.com","lastModifiedByType":"User","lastModifiedAt":"2023-03-30T06:40:24.2896426Z"}}'
    headers:
      cache-control:
      - no-cache
      content-length:
      - '935'
      content-type:
      - application/json
      date:
      - Wed, 12 Apr 2023 09:03:36 GMT
      expires:
      - '-1'
      pragma:
      - no-cache
      request-context:
      - appId=cid-v1:797d7e4e-8180-497e-a254-780fbd39ba4d
      strict-transport-security:
      - max-age=31536000; includeSubDomains
      transfer-encoding:
      - chunked
      vary:
      - Accept-Encoding
      x-content-type-options:
      - nosniff
      x-ms-ratelimit-remaining-subscription-resource-requests:
      - '11999'
      x-rp-server-mvid:
      - 2d8cffe0-ed19-4f32-b630-c96199e681e1
    status:
      code: 200
      message: OK
- request:
    body: null
    headers:
      Accept:
      - application/json
      Accept-Encoding:
      - gzip, deflate
      CommandName:
      - spring application-configuration-service show
      Connection:
      - keep-alive
      ParameterSetName:
      - -g -s
      User-Agent:
      - AZURECLI/2.46.0 azsdk-python-mgmt-appplatform/6.1.0 Python/3.9.13 (Windows-10-10.0.22621-SP0)
    method: GET
    uri: https://management.azure.com/subscriptions/00000000-0000-0000-0000-000000000000/resourceGroups/clitest.rg000001/providers/Microsoft.AppPlatform/Spring/clitest000002/configurationServices/default?api-version=2023-11-01-preview
  response:
    body:
      string: '{"properties":{"provisioningState":"Succeeded","resourceRequests":{"cpu":"500m","memory":"1Gi","instanceCount":2},"instances":[{"name":"application-configuration-service-57c6f89cdc-8xbwj","status":"Running"},{"name":"application-configuration-service-57c6f89cdc-nn4gv","status":"Running"}],"generation":"Gen1"},"type":"Microsoft.AppPlatform/Spring/configurationServices","id":"/subscriptions/00000000-0000-0000-0000-000000000000/resourceGroups/clitest.rg000001/providers/Microsoft.AppPlatform/Spring/clitest000002/configurationServices/default","name":"default","systemData":{"createdBy":"yuwzho@microsoft.com","createdByType":"User","createdAt":"2023-04-03T07:34:03.7672165Z","lastModifiedBy":"yuwzho@microsoft.com","lastModifiedByType":"User","lastModifiedAt":"2023-04-03T07:34:03.7672165Z"}}'
    headers:
      cache-control:
      - no-cache
      content-length:
      - '774'
      content-type:
      - application/json
      date:
      - Wed, 12 Apr 2023 09:03:37 GMT
      expires:
      - '-1'
      pragma:
      - no-cache
      request-context:
      - appId=cid-v1:797d7e4e-8180-497e-a254-780fbd39ba4d
      strict-transport-security:
      - max-age=31536000; includeSubDomains
      transfer-encoding:
      - chunked
      vary:
      - Accept-Encoding
      x-content-type-options:
      - nosniff
      x-rp-server-mvid:
      - 2d8cffe0-ed19-4f32-b630-c96199e681e1
    status:
      code: 200
      message: OK
- request:
    body: null
    headers:
      Accept:
      - application/json
      Accept-Encoding:
      - gzip, deflate
      CommandName:
      - spring application-configuration-service git repo add
      Connection:
      - keep-alive
      ParameterSetName:
      - -g -s -n --label --patterns --uri
      User-Agent:
      - AZURECLI/2.46.0 azsdk-python-mgmt-appplatform/6.1.0 Python/3.9.13 (Windows-10-10.0.22621-SP0)
    method: GET
    uri: https://management.azure.com/subscriptions/00000000-0000-0000-0000-000000000000/resourceGroups/clitest.rg000001/providers/Microsoft.AppPlatform/Spring/clitest000002?api-version=2023-11-01-preview
  response:
    body:
      string: '{"properties":{"provisioningState":"Succeeded","zoneRedundant":false,"version":3,"serviceId":"869575ac58f542e6b8c463fbfee844bf","networkProfile":{"outboundIPs":{"publicIPs":["20.49.218.229","20.49.223.183"]},"outboundType":"loadBalancer"},"powerState":"Running","fqdn":"clitest000002.azuremicroservices.io","marketplaceResource":{"plan":"asa-ent-hr-mtr","publisher":"vmware-inc","product":"azure-spring-cloud-vmware-tanzu-2"}},"type":"Microsoft.AppPlatform/Spring","sku":{"name":"E0","tier":"Enterprise"},"location":"eastus","tags":{},"id":"/subscriptions/00000000-0000-0000-0000-000000000000/resourceGroups/clitest.rg000001/providers/Microsoft.AppPlatform/Spring/clitest000002","name":"clitest000002","systemData":{"createdBy":"yuwzho@microsoft.com","createdByType":"User","createdAt":"2023-03-30T06:40:24.2896426Z","lastModifiedBy":"yuwzho@microsoft.com","lastModifiedByType":"User","lastModifiedAt":"2023-03-30T06:40:24.2896426Z"}}'
    headers:
      cache-control:
      - no-cache
      content-length:
      - '935'
      content-type:
      - application/json
      date:
      - Wed, 12 Apr 2023 09:03:39 GMT
      expires:
      - '-1'
      pragma:
      - no-cache
      request-context:
      - appId=cid-v1:797d7e4e-8180-497e-a254-780fbd39ba4d
      strict-transport-security:
      - max-age=31536000; includeSubDomains
      transfer-encoding:
      - chunked
      vary:
      - Accept-Encoding
      x-content-type-options:
      - nosniff
      x-ms-ratelimit-remaining-subscription-resource-requests:
      - '11999'
      x-rp-server-mvid:
      - 2d8cffe0-ed19-4f32-b630-c96199e681e1
    status:
      code: 200
      message: OK
- request:
    body: null
    headers:
      Accept:
      - application/json
      Accept-Encoding:
      - gzip, deflate
      CommandName:
      - spring application-configuration-service git repo add
      Connection:
      - keep-alive
      ParameterSetName:
      - -g -s -n --label --patterns --uri
      User-Agent:
      - AZURECLI/2.46.0 azsdk-python-mgmt-appplatform/6.1.0 Python/3.9.13 (Windows-10-10.0.22621-SP0)
    method: GET
    uri: https://management.azure.com/subscriptions/00000000-0000-0000-0000-000000000000/resourceGroups/clitest.rg000001/providers/Microsoft.AppPlatform/Spring/clitest000002/configurationServices/default?api-version=2023-11-01-preview
  response:
    body:
      string: '{"properties":{"provisioningState":"Succeeded","resourceRequests":{"cpu":"500m","memory":"1Gi","instanceCount":2},"instances":[{"name":"application-configuration-service-57c6f89cdc-8xbwj","status":"Running"},{"name":"application-configuration-service-57c6f89cdc-nn4gv","status":"Running"}],"generation":"Gen1"},"type":"Microsoft.AppPlatform/Spring/configurationServices","id":"/subscriptions/00000000-0000-0000-0000-000000000000/resourceGroups/clitest.rg000001/providers/Microsoft.AppPlatform/Spring/clitest000002/configurationServices/default","name":"default","systemData":{"createdBy":"yuwzho@microsoft.com","createdByType":"User","createdAt":"2023-04-03T07:34:03.7672165Z","lastModifiedBy":"yuwzho@microsoft.com","lastModifiedByType":"User","lastModifiedAt":"2023-04-03T07:34:03.7672165Z"}}'
    headers:
      cache-control:
      - no-cache
      content-length:
      - '774'
      content-type:
      - application/json
      date:
      - Wed, 12 Apr 2023 09:03:40 GMT
      expires:
      - '-1'
      pragma:
      - no-cache
      request-context:
      - appId=cid-v1:797d7e4e-8180-497e-a254-780fbd39ba4d
      strict-transport-security:
      - max-age=31536000; includeSubDomains
      transfer-encoding:
      - chunked
      vary:
      - Accept-Encoding
      x-content-type-options:
      - nosniff
      x-rp-server-mvid:
      - 2d8cffe0-ed19-4f32-b630-c96199e681e1
    status:
      code: 200
      message: OK
- request:
    body: '{"gitProperty": {"repositories": [{"name": "repo1", "patterns": ["api-gateway",
      "customers-service"], "uri": "https://github.com/spring-petclinic/spring-petclinic-microservices-config",
      "label": "main"}]}}'
    headers:
      Accept:
      - application/json
      Accept-Encoding:
      - gzip, deflate
      CommandName:
      - spring application-configuration-service git repo add
      Connection:
      - keep-alive
      Content-Length:
      - '205'
      Content-Type:
      - application/json
      ParameterSetName:
      - -g -s -n --label --patterns --uri
      User-Agent:
      - AZURECLI/2.46.0 azsdk-python-mgmt-appplatform/6.1.0 Python/3.9.13 (Windows-10-10.0.22621-SP0)
    method: POST
    uri: https://management.azure.com/subscriptions/00000000-0000-0000-0000-000000000000/resourceGroups/clitest.rg000001/providers/Microsoft.AppPlatform/Spring/clitest000002/configurationServices/default/validate?api-version=2023-11-01-preview
  response:
    body:
      string: ''
    headers:
      azure-asyncoperation:
      - https://management.azure.com/subscriptions/00000000-0000-0000-0000-000000000000/resourceGroups/clitest.rg000001/providers/Microsoft.AppPlatform/locations/eastus/operationStatus/clitest000002/operationId/25854393-a52e-4dd3-a811-a77bf068c587?api-version=2023-11-01-preview
      cache-control:
      - no-cache
      content-length:
      - '0'
      date:
      - Wed, 12 Apr 2023 09:03:41 GMT
      expires:
      - '-1'
      location:
      - https://management.azure.com/subscriptions/00000000-0000-0000-0000-000000000000/resourceGroups/clitest.rg000001/providers/Microsoft.AppPlatform/locations/eastus/operationResults/25854393-a52e-4dd3-a811-a77bf068c587/Spring/clitest000002?api-version=2023-11-01-preview
      pragma:
      - no-cache
      request-context:
      - appId=cid-v1:797d7e4e-8180-497e-a254-780fbd39ba4d
      strict-transport-security:
      - max-age=31536000; includeSubDomains
      x-content-type-options:
      - nosniff
      x-ms-ratelimit-remaining-subscription-writes:
      - '1199'
      x-rp-server-mvid:
      - 2d8cffe0-ed19-4f32-b630-c96199e681e1
    status:
      code: 202
      message: Accepted
- request:
    body: null
    headers:
      Accept:
      - '*/*'
      Accept-Encoding:
      - gzip, deflate
      CommandName:
      - spring application-configuration-service git repo add
      Connection:
      - keep-alive
      ParameterSetName:
      - -g -s -n --label --patterns --uri
      User-Agent:
      - AZURECLI/2.46.0 azsdk-python-mgmt-appplatform/6.1.0 Python/3.9.13 (Windows-10-10.0.22621-SP0)
    method: GET
    uri: https://management.azure.com/subscriptions/00000000-0000-0000-0000-000000000000/resourceGroups/clitest.rg000001/providers/Microsoft.AppPlatform/locations/eastus/operationStatus/clitest000002/operationId/25854393-a52e-4dd3-a811-a77bf068c587?api-version=2023-11-01-preview
  response:
    body:
      string: '{"id":"subscriptions/d51e3ffe-6b84-49cd-b426-0dc4ec660356/resourceGroups/clitest.rg000001/providers/Microsoft.AppPlatform/locations/eastus/operationStatus/clitest000002/operationId/25854393-a52e-4dd3-a811-a77bf068c587","name":"25854393-a52e-4dd3-a811-a77bf068c587","status":"Running","startTime":"2023-04-12T09:03:41.4953427Z"}'
    headers:
      cache-control:
      - no-cache
      content-length:
      - '328'
      content-type:
      - application/json
      date:
      - Wed, 12 Apr 2023 09:03:41 GMT
      expires:
      - '-1'
      pragma:
      - no-cache
      request-context:
      - appId=cid-v1:797d7e4e-8180-497e-a254-780fbd39ba4d
      strict-transport-security:
      - max-age=31536000; includeSubDomains
      transfer-encoding:
      - chunked
      vary:
      - Accept-Encoding
      x-content-type-options:
      - nosniff
      x-rp-server-mvid:
      - 2d8cffe0-ed19-4f32-b630-c96199e681e1
    status:
      code: 200
      message: OK
- request:
    body: null
    headers:
      Accept:
      - '*/*'
      Accept-Encoding:
      - gzip, deflate
      CommandName:
      - spring application-configuration-service git repo add
      Connection:
      - keep-alive
      ParameterSetName:
      - -g -s -n --label --patterns --uri
      User-Agent:
      - AZURECLI/2.46.0 azsdk-python-mgmt-appplatform/6.1.0 Python/3.9.13 (Windows-10-10.0.22621-SP0)
    method: GET
    uri: https://management.azure.com/subscriptions/00000000-0000-0000-0000-000000000000/resourceGroups/clitest.rg000001/providers/Microsoft.AppPlatform/locations/eastus/operationStatus/clitest000002/operationId/25854393-a52e-4dd3-a811-a77bf068c587?api-version=2023-11-01-preview
  response:
    body:
      string: '{"id":"subscriptions/d51e3ffe-6b84-49cd-b426-0dc4ec660356/resourceGroups/clitest.rg000001/providers/Microsoft.AppPlatform/locations/eastus/operationStatus/clitest000002/operationId/25854393-a52e-4dd3-a811-a77bf068c587","name":"25854393-a52e-4dd3-a811-a77bf068c587","status":"Succeeded","startTime":"2023-04-12T09:03:41.4953427Z","endTime":"2023-04-12T09:03:48.3543713Z"}'
    headers:
      cache-control:
      - no-cache
      content-length:
      - '371'
      content-type:
      - application/json
      date:
      - Wed, 12 Apr 2023 09:03:51 GMT
      expires:
      - '-1'
      pragma:
      - no-cache
      request-context:
      - appId=cid-v1:797d7e4e-8180-497e-a254-780fbd39ba4d
      strict-transport-security:
      - max-age=31536000; includeSubDomains
      transfer-encoding:
      - chunked
      vary:
      - Accept-Encoding
      x-content-type-options:
      - nosniff
      x-rp-server-mvid:
      - 2d8cffe0-ed19-4f32-b630-c96199e681e1
    status:
      code: 200
      message: OK
- request:
    body: null
    headers:
      Accept:
      - '*/*'
      Accept-Encoding:
      - gzip, deflate
      CommandName:
      - spring application-configuration-service git repo add
      Connection:
      - keep-alive
      ParameterSetName:
      - -g -s -n --label --patterns --uri
      User-Agent:
      - AZURECLI/2.46.0 azsdk-python-mgmt-appplatform/6.1.0 Python/3.9.13 (Windows-10-10.0.22621-SP0)
    method: GET
    uri: https://management.azure.com/subscriptions/00000000-0000-0000-0000-000000000000/resourceGroups/clitest.rg000001/providers/Microsoft.AppPlatform/locations/eastus/operationResults/25854393-a52e-4dd3-a811-a77bf068c587/Spring/clitest000002?api-version=2023-11-01-preview
  response:
    body:
      string: '{"gitPropertyValidationResult":{"isValid":true,"gitReposValidationResult":[]}}'
    headers:
      cache-control:
      - no-cache
      content-length:
      - '78'
      content-type:
      - application/json
      date:
      - Wed, 12 Apr 2023 09:03:51 GMT
      expires:
      - '-1'
      pragma:
      - no-cache
      request-context:
      - appId=cid-v1:797d7e4e-8180-497e-a254-780fbd39ba4d
      strict-transport-security:
      - max-age=31536000; includeSubDomains
      transfer-encoding:
      - chunked
      vary:
      - Accept-Encoding
      x-content-type-options:
      - nosniff
      x-rp-server-mvid:
      - 2d8cffe0-ed19-4f32-b630-c96199e681e1
    status:
      code: 200
      message: OK
- request:
    body: '{"properties": {"generation": "Gen1", "settings": {"gitProperty": {"repositories": [{"name":
      "repo1", "patterns": ["api-gateway", "customers-service"], "uri": "https://github.com/spring-petclinic/spring-petclinic-microservices-config",
      "label": "main"}]}}}}'
    headers:
      Accept:
      - application/json
      Accept-Encoding:
      - gzip, deflate
      CommandName:
      - spring application-configuration-service git repo add
      Connection:
      - keep-alive
      Content-Length:
      - '235'
      Content-Type:
      - application/json
      ParameterSetName:
      - -g -s -n --label --patterns --uri
      User-Agent:
      - AZURECLI/2.46.0 azsdk-python-mgmt-appplatform/6.1.0 Python/3.9.13 (Windows-10-10.0.22621-SP0)
    method: PUT
    uri: https://management.azure.com/subscriptions/00000000-0000-0000-0000-000000000000/resourceGroups/clitest.rg000001/providers/Microsoft.AppPlatform/Spring/clitest000002/configurationServices/default?api-version=2023-11-01-preview
  response:
    body:
      string: '{"properties":{"provisioningState":"Updating","settings":{"gitProperty":{"repositories":[{"name":"repo1","patterns":["api-gateway","customers-service"],"label":"main","uri":"https://github.com/spring-petclinic/spring-petclinic-microservices-config"}]}},"resourceRequests":{"cpu":"500m","memory":"1Gi","instanceCount":2},"instances":[{"name":"application-configuration-service-57c6f89cdc-8xbwj","status":"Running"},{"name":"application-configuration-service-57c6f89cdc-nn4gv","status":"Running"}],"generation":"Gen1"},"type":"Microsoft.AppPlatform/Spring/configurationServices","id":"/subscriptions/00000000-0000-0000-0000-000000000000/resourceGroups/clitest.rg000001/providers/Microsoft.AppPlatform/Spring/clitest000002/configurationServices/default","name":"default","systemData":{"createdBy":"yuwzho@microsoft.com","createdByType":"User","createdAt":"2023-04-03T07:34:03.7672165Z","lastModifiedBy":"yuwzho@microsoft.com","lastModifiedByType":"User","lastModifiedAt":"2023-04-12T09:03:52.7726587Z"}}'
    headers:
      azure-asyncoperation:
      - https://management.azure.com/subscriptions/00000000-0000-0000-0000-000000000000/resourceGroups/clitest.rg000001/providers/Microsoft.AppPlatform/locations/eastus/operationStatus/clitest000002/operationId/95291e0e-f0e4-434b-be86-2dd2bd46d6c6?api-version=2023-11-01-preview
      cache-control:
      - no-cache
      content-length:
      - '980'
      content-type:
      - application/json
      date:
      - Wed, 12 Apr 2023 09:03:52 GMT
      expires:
      - '-1'
      location:
      - https://management.azure.com/subscriptions/00000000-0000-0000-0000-000000000000/resourceGroups/clitest.rg000001/providers/Microsoft.AppPlatform/locations/eastus/operationResults/95291e0e-f0e4-434b-be86-2dd2bd46d6c6/Spring/clitest000002?api-version=2023-11-01-preview
      pragma:
      - no-cache
      request-context:
      - appId=cid-v1:797d7e4e-8180-497e-a254-780fbd39ba4d
      strict-transport-security:
      - max-age=31536000; includeSubDomains
      x-content-type-options:
      - nosniff
      x-ms-ratelimit-remaining-subscription-writes:
      - '1199'
      x-rp-server-mvid:
      - 2d8cffe0-ed19-4f32-b630-c96199e681e1
    status:
      code: 201
      message: Created
- request:
    body: null
    headers:
      Accept:
      - '*/*'
      Accept-Encoding:
      - gzip, deflate
      CommandName:
      - spring application-configuration-service git repo add
      Connection:
      - keep-alive
      ParameterSetName:
      - -g -s -n --label --patterns --uri
      User-Agent:
      - AZURECLI/2.46.0 azsdk-python-mgmt-appplatform/6.1.0 Python/3.9.13 (Windows-10-10.0.22621-SP0)
    method: GET
    uri: https://management.azure.com/subscriptions/00000000-0000-0000-0000-000000000000/resourceGroups/clitest.rg000001/providers/Microsoft.AppPlatform/locations/eastus/operationStatus/clitest000002/operationId/95291e0e-f0e4-434b-be86-2dd2bd46d6c6?api-version=2023-11-01-preview
  response:
    body:
      string: '{"id":"subscriptions/d51e3ffe-6b84-49cd-b426-0dc4ec660356/resourceGroups/clitest.rg000001/providers/Microsoft.AppPlatform/locations/eastus/operationStatus/clitest000002/operationId/95291e0e-f0e4-434b-be86-2dd2bd46d6c6","name":"95291e0e-f0e4-434b-be86-2dd2bd46d6c6","status":"Running","startTime":"2023-04-12T09:03:53.0262677Z"}'
    headers:
      cache-control:
      - no-cache
      content-length:
      - '328'
      content-type:
      - application/json
      date:
      - Wed, 12 Apr 2023 09:03:52 GMT
      expires:
      - '-1'
      pragma:
      - no-cache
      request-context:
      - appId=cid-v1:797d7e4e-8180-497e-a254-780fbd39ba4d
      strict-transport-security:
      - max-age=31536000; includeSubDomains
      transfer-encoding:
      - chunked
      vary:
      - Accept-Encoding
      x-content-type-options:
      - nosniff
      x-rp-server-mvid:
      - 2d8cffe0-ed19-4f32-b630-c96199e681e1
    status:
      code: 200
      message: OK
- request:
    body: null
    headers:
      Accept:
      - '*/*'
      Accept-Encoding:
      - gzip, deflate
      CommandName:
      - spring application-configuration-service git repo add
      Connection:
      - keep-alive
      ParameterSetName:
      - -g -s -n --label --patterns --uri
      User-Agent:
      - AZURECLI/2.46.0 azsdk-python-mgmt-appplatform/6.1.0 Python/3.9.13 (Windows-10-10.0.22621-SP0)
    method: GET
    uri: https://management.azure.com/subscriptions/00000000-0000-0000-0000-000000000000/resourceGroups/clitest.rg000001/providers/Microsoft.AppPlatform/locations/eastus/operationStatus/clitest000002/operationId/95291e0e-f0e4-434b-be86-2dd2bd46d6c6?api-version=2023-11-01-preview
  response:
    body:
      string: '{"id":"subscriptions/d51e3ffe-6b84-49cd-b426-0dc4ec660356/resourceGroups/clitest.rg000001/providers/Microsoft.AppPlatform/locations/eastus/operationStatus/clitest000002/operationId/95291e0e-f0e4-434b-be86-2dd2bd46d6c6","name":"95291e0e-f0e4-434b-be86-2dd2bd46d6c6","status":"Running","startTime":"2023-04-12T09:03:53.0262677Z"}'
    headers:
      cache-control:
      - no-cache
      content-length:
      - '328'
      content-type:
      - application/json
      date:
      - Wed, 12 Apr 2023 09:04:03 GMT
      expires:
      - '-1'
      pragma:
      - no-cache
      request-context:
      - appId=cid-v1:797d7e4e-8180-497e-a254-780fbd39ba4d
      strict-transport-security:
      - max-age=31536000; includeSubDomains
      transfer-encoding:
      - chunked
      vary:
      - Accept-Encoding
      x-content-type-options:
      - nosniff
      x-rp-server-mvid:
      - 2d8cffe0-ed19-4f32-b630-c96199e681e1
    status:
      code: 200
      message: OK
- request:
    body: null
    headers:
      Accept:
      - '*/*'
      Accept-Encoding:
      - gzip, deflate
      CommandName:
      - spring application-configuration-service git repo add
      Connection:
      - keep-alive
      ParameterSetName:
      - -g -s -n --label --patterns --uri
      User-Agent:
      - AZURECLI/2.46.0 azsdk-python-mgmt-appplatform/6.1.0 Python/3.9.13 (Windows-10-10.0.22621-SP0)
    method: GET
    uri: https://management.azure.com/subscriptions/00000000-0000-0000-0000-000000000000/resourceGroups/clitest.rg000001/providers/Microsoft.AppPlatform/locations/eastus/operationStatus/clitest000002/operationId/95291e0e-f0e4-434b-be86-2dd2bd46d6c6?api-version=2023-11-01-preview
  response:
    body:
      string: '{"id":"subscriptions/d51e3ffe-6b84-49cd-b426-0dc4ec660356/resourceGroups/clitest.rg000001/providers/Microsoft.AppPlatform/locations/eastus/operationStatus/clitest000002/operationId/95291e0e-f0e4-434b-be86-2dd2bd46d6c6","name":"95291e0e-f0e4-434b-be86-2dd2bd46d6c6","status":"Succeeded","startTime":"2023-04-12T09:03:53.0262677Z","endTime":"2023-04-12T09:04:10.374551Z"}'
    headers:
      cache-control:
      - no-cache
      content-length:
      - '370'
      content-type:
      - application/json
      date:
      - Wed, 12 Apr 2023 09:04:13 GMT
      expires:
      - '-1'
      pragma:
      - no-cache
      request-context:
      - appId=cid-v1:797d7e4e-8180-497e-a254-780fbd39ba4d
      strict-transport-security:
      - max-age=31536000; includeSubDomains
      transfer-encoding:
      - chunked
      vary:
      - Accept-Encoding
      x-content-type-options:
      - nosniff
      x-rp-server-mvid:
      - 2d8cffe0-ed19-4f32-b630-c96199e681e1
    status:
      code: 200
      message: OK
- request:
    body: null
    headers:
      Accept:
      - '*/*'
      Accept-Encoding:
      - gzip, deflate
      CommandName:
      - spring application-configuration-service git repo add
      Connection:
      - keep-alive
      ParameterSetName:
      - -g -s -n --label --patterns --uri
      User-Agent:
      - AZURECLI/2.46.0 azsdk-python-mgmt-appplatform/6.1.0 Python/3.9.13 (Windows-10-10.0.22621-SP0)
    method: GET
    uri: https://management.azure.com/subscriptions/00000000-0000-0000-0000-000000000000/resourceGroups/clitest.rg000001/providers/Microsoft.AppPlatform/Spring/clitest000002/configurationServices/default?api-version=2023-11-01-preview
  response:
    body:
      string: '{"properties":{"provisioningState":"Succeeded","settings":{"gitProperty":{"repositories":[{"name":"repo1","patterns":["api-gateway","customers-service"],"label":"main","uri":"https://github.com/spring-petclinic/spring-petclinic-microservices-config"}]}},"resourceRequests":{"cpu":"500m","memory":"1Gi","instanceCount":2},"instances":[{"name":"application-configuration-service-57c6f89cdc-8xbwj","status":"Running"},{"name":"application-configuration-service-57c6f89cdc-nn4gv","status":"Running"}],"generation":"Gen1"},"type":"Microsoft.AppPlatform/Spring/configurationServices","id":"/subscriptions/00000000-0000-0000-0000-000000000000/resourceGroups/clitest.rg000001/providers/Microsoft.AppPlatform/Spring/clitest000002/configurationServices/default","name":"default","systemData":{"createdBy":"yuwzho@microsoft.com","createdByType":"User","createdAt":"2023-04-03T07:34:03.7672165Z","lastModifiedBy":"yuwzho@microsoft.com","lastModifiedByType":"User","lastModifiedAt":"2023-04-12T09:03:52.7726587Z"}}'
    headers:
      cache-control:
      - no-cache
      content-length:
      - '981'
      content-type:
      - application/json
      date:
      - Wed, 12 Apr 2023 09:04:13 GMT
      expires:
      - '-1'
      pragma:
      - no-cache
      request-context:
      - appId=cid-v1:797d7e4e-8180-497e-a254-780fbd39ba4d
      strict-transport-security:
      - max-age=31536000; includeSubDomains
      transfer-encoding:
      - chunked
      vary:
      - Accept-Encoding
      x-content-type-options:
      - nosniff
      x-rp-server-mvid:
      - 2d8cffe0-ed19-4f32-b630-c96199e681e1
    status:
      code: 200
      message: OK
- request:
    body: null
    headers:
      Accept:
      - application/json
      Accept-Encoding:
      - gzip, deflate
      CommandName:
      - spring application-configuration-service git repo update
      Connection:
      - keep-alive
      ParameterSetName:
      - -g -s -n --label
      User-Agent:
      - AZURECLI/2.46.0 azsdk-python-mgmt-appplatform/6.1.0 Python/3.9.13 (Windows-10-10.0.22621-SP0)
    method: GET
    uri: https://management.azure.com/subscriptions/00000000-0000-0000-0000-000000000000/resourceGroups/clitest.rg000001/providers/Microsoft.AppPlatform/Spring/clitest000002?api-version=2023-11-01-preview
  response:
    body:
      string: '{"properties":{"provisioningState":"Succeeded","zoneRedundant":false,"version":3,"serviceId":"869575ac58f542e6b8c463fbfee844bf","networkProfile":{"outboundIPs":{"publicIPs":["20.49.218.229","20.49.223.183"]},"outboundType":"loadBalancer"},"powerState":"Running","fqdn":"clitest000002.azuremicroservices.io","marketplaceResource":{"plan":"asa-ent-hr-mtr","publisher":"vmware-inc","product":"azure-spring-cloud-vmware-tanzu-2"}},"type":"Microsoft.AppPlatform/Spring","sku":{"name":"E0","tier":"Enterprise"},"location":"eastus","tags":{},"id":"/subscriptions/00000000-0000-0000-0000-000000000000/resourceGroups/clitest.rg000001/providers/Microsoft.AppPlatform/Spring/clitest000002","name":"clitest000002","systemData":{"createdBy":"yuwzho@microsoft.com","createdByType":"User","createdAt":"2023-03-30T06:40:24.2896426Z","lastModifiedBy":"yuwzho@microsoft.com","lastModifiedByType":"User","lastModifiedAt":"2023-03-30T06:40:24.2896426Z"}}'
    headers:
      cache-control:
      - no-cache
      content-length:
      - '935'
      content-type:
      - application/json
      date:
      - Wed, 12 Apr 2023 09:04:16 GMT
      expires:
      - '-1'
      pragma:
      - no-cache
      request-context:
      - appId=cid-v1:797d7e4e-8180-497e-a254-780fbd39ba4d
      strict-transport-security:
      - max-age=31536000; includeSubDomains
      transfer-encoding:
      - chunked
      vary:
      - Accept-Encoding
      x-content-type-options:
      - nosniff
      x-ms-ratelimit-remaining-subscription-resource-requests:
      - '11999'
      x-rp-server-mvid:
      - 2d8cffe0-ed19-4f32-b630-c96199e681e1
    status:
      code: 200
      message: OK
- request:
    body: null
    headers:
      Accept:
      - application/json
      Accept-Encoding:
      - gzip, deflate
      CommandName:
      - spring application-configuration-service git repo update
      Connection:
      - keep-alive
      ParameterSetName:
      - -g -s -n --label
      User-Agent:
      - AZURECLI/2.46.0 azsdk-python-mgmt-appplatform/6.1.0 Python/3.9.13 (Windows-10-10.0.22621-SP0)
    method: GET
    uri: https://management.azure.com/subscriptions/00000000-0000-0000-0000-000000000000/resourceGroups/clitest.rg000001/providers/Microsoft.AppPlatform/Spring/clitest000002/configurationServices/default?api-version=2023-11-01-preview
  response:
    body:
      string: '{"properties":{"provisioningState":"Succeeded","settings":{"gitProperty":{"repositories":[{"name":"repo1","patterns":["api-gateway","customers-service"],"label":"main","uri":"https://github.com/spring-petclinic/spring-petclinic-microservices-config"}]}},"resourceRequests":{"cpu":"500m","memory":"1Gi","instanceCount":2},"instances":[{"name":"application-configuration-service-57c6f89cdc-8xbwj","status":"Running"},{"name":"application-configuration-service-57c6f89cdc-nn4gv","status":"Running"}],"generation":"Gen1"},"type":"Microsoft.AppPlatform/Spring/configurationServices","id":"/subscriptions/00000000-0000-0000-0000-000000000000/resourceGroups/clitest.rg000001/providers/Microsoft.AppPlatform/Spring/clitest000002/configurationServices/default","name":"default","systemData":{"createdBy":"yuwzho@microsoft.com","createdByType":"User","createdAt":"2023-04-03T07:34:03.7672165Z","lastModifiedBy":"yuwzho@microsoft.com","lastModifiedByType":"User","lastModifiedAt":"2023-04-12T09:03:52.7726587Z"}}'
    headers:
      cache-control:
      - no-cache
      content-length:
      - '981'
      content-type:
      - application/json
      date:
      - Wed, 12 Apr 2023 09:04:17 GMT
      expires:
      - '-1'
      pragma:
      - no-cache
      request-context:
      - appId=cid-v1:797d7e4e-8180-497e-a254-780fbd39ba4d
      strict-transport-security:
      - max-age=31536000; includeSubDomains
      transfer-encoding:
      - chunked
      vary:
      - Accept-Encoding
      x-content-type-options:
      - nosniff
      x-rp-server-mvid:
      - 2d8cffe0-ed19-4f32-b630-c96199e681e1
    status:
      code: 200
      message: OK
- request:
    body: '{"gitProperty": {"repositories": [{"name": "repo1", "patterns": ["api-gateway",
      "customers-service"], "uri": "https://github.com/spring-petclinic/spring-petclinic-microservices-config",
      "label": "main"}]}}'
    headers:
      Accept:
      - application/json
      Accept-Encoding:
      - gzip, deflate
      CommandName:
      - spring application-configuration-service git repo update
      Connection:
      - keep-alive
      Content-Length:
      - '205'
      Content-Type:
      - application/json
      ParameterSetName:
      - -g -s -n --label
      User-Agent:
      - AZURECLI/2.46.0 azsdk-python-mgmt-appplatform/6.1.0 Python/3.9.13 (Windows-10-10.0.22621-SP0)
    method: POST
    uri: https://management.azure.com/subscriptions/00000000-0000-0000-0000-000000000000/resourceGroups/clitest.rg000001/providers/Microsoft.AppPlatform/Spring/clitest000002/configurationServices/default/validate?api-version=2023-11-01-preview
  response:
    body:
      string: ''
    headers:
      azure-asyncoperation:
      - https://management.azure.com/subscriptions/00000000-0000-0000-0000-000000000000/resourceGroups/clitest.rg000001/providers/Microsoft.AppPlatform/locations/eastus/operationStatus/clitest000002/operationId/f0749a5a-51dc-4a9e-8e74-224673daab74?api-version=2023-11-01-preview
      cache-control:
      - no-cache
      content-length:
      - '0'
      date:
      - Wed, 12 Apr 2023 09:04:17 GMT
      expires:
      - '-1'
      location:
      - https://management.azure.com/subscriptions/00000000-0000-0000-0000-000000000000/resourceGroups/clitest.rg000001/providers/Microsoft.AppPlatform/locations/eastus/operationResults/f0749a5a-51dc-4a9e-8e74-224673daab74/Spring/clitest000002?api-version=2023-11-01-preview
      pragma:
      - no-cache
      request-context:
      - appId=cid-v1:797d7e4e-8180-497e-a254-780fbd39ba4d
      strict-transport-security:
      - max-age=31536000; includeSubDomains
      x-content-type-options:
      - nosniff
      x-ms-ratelimit-remaining-subscription-writes:
      - '1199'
      x-rp-server-mvid:
      - 2d8cffe0-ed19-4f32-b630-c96199e681e1
    status:
      code: 202
      message: Accepted
- request:
    body: null
    headers:
      Accept:
      - '*/*'
      Accept-Encoding:
      - gzip, deflate
      CommandName:
      - spring application-configuration-service git repo update
      Connection:
      - keep-alive
      ParameterSetName:
      - -g -s -n --label
      User-Agent:
      - AZURECLI/2.46.0 azsdk-python-mgmt-appplatform/6.1.0 Python/3.9.13 (Windows-10-10.0.22621-SP0)
    method: GET
    uri: https://management.azure.com/subscriptions/00000000-0000-0000-0000-000000000000/resourceGroups/clitest.rg000001/providers/Microsoft.AppPlatform/locations/eastus/operationStatus/clitest000002/operationId/f0749a5a-51dc-4a9e-8e74-224673daab74?api-version=2023-11-01-preview
  response:
    body:
      string: '{"id":"subscriptions/d51e3ffe-6b84-49cd-b426-0dc4ec660356/resourceGroups/clitest.rg000001/providers/Microsoft.AppPlatform/locations/eastus/operationStatus/clitest000002/operationId/f0749a5a-51dc-4a9e-8e74-224673daab74","name":"f0749a5a-51dc-4a9e-8e74-224673daab74","status":"Running","startTime":"2023-04-12T09:04:18.7735084Z"}'
    headers:
      cache-control:
      - no-cache
      content-length:
      - '328'
      content-type:
      - application/json
      date:
      - Wed, 12 Apr 2023 09:04:18 GMT
      expires:
      - '-1'
      pragma:
      - no-cache
      request-context:
      - appId=cid-v1:797d7e4e-8180-497e-a254-780fbd39ba4d
      strict-transport-security:
      - max-age=31536000; includeSubDomains
      transfer-encoding:
      - chunked
      vary:
      - Accept-Encoding
      x-content-type-options:
      - nosniff
      x-rp-server-mvid:
      - 2d8cffe0-ed19-4f32-b630-c96199e681e1
    status:
      code: 200
      message: OK
- request:
    body: null
    headers:
      Accept:
      - '*/*'
      Accept-Encoding:
      - gzip, deflate
      CommandName:
      - spring application-configuration-service git repo update
      Connection:
      - keep-alive
      ParameterSetName:
      - -g -s -n --label
      User-Agent:
      - AZURECLI/2.46.0 azsdk-python-mgmt-appplatform/6.1.0 Python/3.9.13 (Windows-10-10.0.22621-SP0)
    method: GET
    uri: https://management.azure.com/subscriptions/00000000-0000-0000-0000-000000000000/resourceGroups/clitest.rg000001/providers/Microsoft.AppPlatform/locations/eastus/operationStatus/clitest000002/operationId/f0749a5a-51dc-4a9e-8e74-224673daab74?api-version=2023-11-01-preview
  response:
    body:
      string: '{"id":"subscriptions/d51e3ffe-6b84-49cd-b426-0dc4ec660356/resourceGroups/clitest.rg000001/providers/Microsoft.AppPlatform/locations/eastus/operationStatus/clitest000002/operationId/f0749a5a-51dc-4a9e-8e74-224673daab74","name":"f0749a5a-51dc-4a9e-8e74-224673daab74","status":"Succeeded","startTime":"2023-04-12T09:04:18.7735084Z","endTime":"2023-04-12T09:04:26.9887431Z"}'
    headers:
      cache-control:
      - no-cache
      content-length:
      - '371'
      content-type:
      - application/json
      date:
      - Wed, 12 Apr 2023 09:04:29 GMT
      expires:
      - '-1'
      pragma:
      - no-cache
      request-context:
      - appId=cid-v1:797d7e4e-8180-497e-a254-780fbd39ba4d
      strict-transport-security:
      - max-age=31536000; includeSubDomains
      transfer-encoding:
      - chunked
      vary:
      - Accept-Encoding
      x-content-type-options:
      - nosniff
      x-rp-server-mvid:
      - 2d8cffe0-ed19-4f32-b630-c96199e681e1
    status:
      code: 200
      message: OK
- request:
    body: null
    headers:
      Accept:
      - '*/*'
      Accept-Encoding:
      - gzip, deflate
      CommandName:
      - spring application-configuration-service git repo update
      Connection:
      - keep-alive
      ParameterSetName:
      - -g -s -n --label
      User-Agent:
      - AZURECLI/2.46.0 azsdk-python-mgmt-appplatform/6.1.0 Python/3.9.13 (Windows-10-10.0.22621-SP0)
    method: GET
    uri: https://management.azure.com/subscriptions/00000000-0000-0000-0000-000000000000/resourceGroups/clitest.rg000001/providers/Microsoft.AppPlatform/locations/eastus/operationResults/f0749a5a-51dc-4a9e-8e74-224673daab74/Spring/clitest000002?api-version=2023-11-01-preview
  response:
    body:
      string: '{"gitPropertyValidationResult":{"isValid":true,"gitReposValidationResult":[]}}'
    headers:
      cache-control:
      - no-cache
      content-length:
      - '78'
      content-type:
      - application/json
      date:
      - Wed, 12 Apr 2023 09:04:29 GMT
      expires:
      - '-1'
      pragma:
      - no-cache
      request-context:
      - appId=cid-v1:797d7e4e-8180-497e-a254-780fbd39ba4d
      strict-transport-security:
      - max-age=31536000; includeSubDomains
      transfer-encoding:
      - chunked
      vary:
      - Accept-Encoding
      x-content-type-options:
      - nosniff
      x-rp-server-mvid:
      - 2d8cffe0-ed19-4f32-b630-c96199e681e1
    status:
      code: 200
      message: OK
- request:
    body: '{"properties": {"generation": "Gen1", "settings": {"gitProperty": {"repositories": [{"name":
      "repo1", "patterns": ["api-gateway", "customers-service"], "uri": "https://github.com/spring-petclinic/spring-petclinic-microservices-config",
      "label": "main"}]}}}}'
    headers:
      Accept:
      - application/json
      Accept-Encoding:
      - gzip, deflate
      CommandName:
      - spring application-configuration-service git repo update
      Connection:
      - keep-alive
      Content-Length:
      - '235'
      Content-Type:
      - application/json
      ParameterSetName:
      - -g -s -n --label
      User-Agent:
      - AZURECLI/2.46.0 azsdk-python-mgmt-appplatform/6.1.0 Python/3.9.13 (Windows-10-10.0.22621-SP0)
    method: PUT
    uri: https://management.azure.com/subscriptions/00000000-0000-0000-0000-000000000000/resourceGroups/clitest.rg000001/providers/Microsoft.AppPlatform/Spring/clitest000002/configurationServices/default?api-version=2023-11-01-preview
  response:
    body:
      string: '{"properties":{"provisioningState":"Updating","settings":{"gitProperty":{"repositories":[{"name":"repo1","patterns":["api-gateway","customers-service"],"label":"main","uri":"https://github.com/spring-petclinic/spring-petclinic-microservices-config"}]}},"resourceRequests":{"cpu":"500m","memory":"1Gi","instanceCount":2},"instances":[{"name":"application-configuration-service-57c6f89cdc-8xbwj","status":"Running"},{"name":"application-configuration-service-57c6f89cdc-nn4gv","status":"Running"}],"generation":"Gen1"},"type":"Microsoft.AppPlatform/Spring/configurationServices","id":"/subscriptions/00000000-0000-0000-0000-000000000000/resourceGroups/clitest.rg000001/providers/Microsoft.AppPlatform/Spring/clitest000002/configurationServices/default","name":"default","systemData":{"createdBy":"yuwzho@microsoft.com","createdByType":"User","createdAt":"2023-04-03T07:34:03.7672165Z","lastModifiedBy":"yuwzho@microsoft.com","lastModifiedByType":"User","lastModifiedAt":"2023-04-12T09:04:30.0868834Z"}}'
    headers:
      azure-asyncoperation:
      - https://management.azure.com/subscriptions/00000000-0000-0000-0000-000000000000/resourceGroups/clitest.rg000001/providers/Microsoft.AppPlatform/locations/eastus/operationStatus/clitest000002/operationId/d78379f9-c5c8-4a95-9631-7b5121ac2529?api-version=2023-11-01-preview
      cache-control:
      - no-cache
      content-length:
      - '980'
      content-type:
      - application/json
      date:
      - Wed, 12 Apr 2023 09:04:30 GMT
      expires:
      - '-1'
      location:
      - https://management.azure.com/subscriptions/00000000-0000-0000-0000-000000000000/resourceGroups/clitest.rg000001/providers/Microsoft.AppPlatform/locations/eastus/operationResults/d78379f9-c5c8-4a95-9631-7b5121ac2529/Spring/clitest000002?api-version=2023-11-01-preview
      pragma:
      - no-cache
      request-context:
      - appId=cid-v1:797d7e4e-8180-497e-a254-780fbd39ba4d
      strict-transport-security:
      - max-age=31536000; includeSubDomains
      x-content-type-options:
      - nosniff
      x-ms-ratelimit-remaining-subscription-writes:
      - '1199'
      x-rp-server-mvid:
      - 2d8cffe0-ed19-4f32-b630-c96199e681e1
    status:
      code: 201
      message: Created
- request:
    body: null
    headers:
      Accept:
      - '*/*'
      Accept-Encoding:
      - gzip, deflate
      CommandName:
      - spring application-configuration-service git repo update
      Connection:
      - keep-alive
      ParameterSetName:
      - -g -s -n --label
      User-Agent:
      - AZURECLI/2.46.0 azsdk-python-mgmt-appplatform/6.1.0 Python/3.9.13 (Windows-10-10.0.22621-SP0)
    method: GET
    uri: https://management.azure.com/subscriptions/00000000-0000-0000-0000-000000000000/resourceGroups/clitest.rg000001/providers/Microsoft.AppPlatform/locations/eastus/operationStatus/clitest000002/operationId/d78379f9-c5c8-4a95-9631-7b5121ac2529?api-version=2023-11-01-preview
  response:
    body:
      string: '{"id":"subscriptions/d51e3ffe-6b84-49cd-b426-0dc4ec660356/resourceGroups/clitest.rg000001/providers/Microsoft.AppPlatform/locations/eastus/operationStatus/clitest000002/operationId/d78379f9-c5c8-4a95-9631-7b5121ac2529","name":"d78379f9-c5c8-4a95-9631-7b5121ac2529","status":"Running","startTime":"2023-04-12T09:04:30.3316031Z"}'
    headers:
      cache-control:
      - no-cache
      content-length:
      - '328'
      content-type:
      - application/json
      date:
      - Wed, 12 Apr 2023 09:04:30 GMT
      expires:
      - '-1'
      pragma:
      - no-cache
      request-context:
      - appId=cid-v1:797d7e4e-8180-497e-a254-780fbd39ba4d
      strict-transport-security:
      - max-age=31536000; includeSubDomains
      transfer-encoding:
      - chunked
      vary:
      - Accept-Encoding
      x-content-type-options:
      - nosniff
      x-rp-server-mvid:
      - 2d8cffe0-ed19-4f32-b630-c96199e681e1
    status:
      code: 200
      message: OK
- request:
    body: null
    headers:
      Accept:
      - '*/*'
      Accept-Encoding:
      - gzip, deflate
      CommandName:
      - spring application-configuration-service git repo update
      Connection:
      - keep-alive
      ParameterSetName:
      - -g -s -n --label
      User-Agent:
      - AZURECLI/2.46.0 azsdk-python-mgmt-appplatform/6.1.0 Python/3.9.13 (Windows-10-10.0.22621-SP0)
    method: GET
    uri: https://management.azure.com/subscriptions/00000000-0000-0000-0000-000000000000/resourceGroups/clitest.rg000001/providers/Microsoft.AppPlatform/locations/eastus/operationStatus/clitest000002/operationId/d78379f9-c5c8-4a95-9631-7b5121ac2529?api-version=2023-11-01-preview
  response:
    body:
      string: '{"id":"subscriptions/d51e3ffe-6b84-49cd-b426-0dc4ec660356/resourceGroups/clitest.rg000001/providers/Microsoft.AppPlatform/locations/eastus/operationStatus/clitest000002/operationId/d78379f9-c5c8-4a95-9631-7b5121ac2529","name":"d78379f9-c5c8-4a95-9631-7b5121ac2529","status":"Running","startTime":"2023-04-12T09:04:30.3316031Z"}'
    headers:
      cache-control:
      - no-cache
      content-length:
      - '328'
      content-type:
      - application/json
      date:
      - Wed, 12 Apr 2023 09:04:40 GMT
      expires:
      - '-1'
      pragma:
      - no-cache
      request-context:
      - appId=cid-v1:797d7e4e-8180-497e-a254-780fbd39ba4d
      strict-transport-security:
      - max-age=31536000; includeSubDomains
      transfer-encoding:
      - chunked
      vary:
      - Accept-Encoding
      x-content-type-options:
      - nosniff
      x-rp-server-mvid:
      - 2d8cffe0-ed19-4f32-b630-c96199e681e1
    status:
      code: 200
      message: OK
- request:
    body: null
    headers:
      Accept:
      - '*/*'
      Accept-Encoding:
      - gzip, deflate
      CommandName:
      - spring application-configuration-service git repo update
      Connection:
      - keep-alive
      ParameterSetName:
      - -g -s -n --label
      User-Agent:
      - AZURECLI/2.46.0 azsdk-python-mgmt-appplatform/6.1.0 Python/3.9.13 (Windows-10-10.0.22621-SP0)
    method: GET
    uri: https://management.azure.com/subscriptions/00000000-0000-0000-0000-000000000000/resourceGroups/clitest.rg000001/providers/Microsoft.AppPlatform/locations/eastus/operationStatus/clitest000002/operationId/d78379f9-c5c8-4a95-9631-7b5121ac2529?api-version=2023-11-01-preview
  response:
    body:
      string: '{"id":"subscriptions/d51e3ffe-6b84-49cd-b426-0dc4ec660356/resourceGroups/clitest.rg000001/providers/Microsoft.AppPlatform/locations/eastus/operationStatus/clitest000002/operationId/d78379f9-c5c8-4a95-9631-7b5121ac2529","name":"d78379f9-c5c8-4a95-9631-7b5121ac2529","status":"Succeeded","startTime":"2023-04-12T09:04:30.3316031Z","endTime":"2023-04-12T09:04:47.4429175Z"}'
    headers:
      cache-control:
      - no-cache
      content-length:
      - '371'
      content-type:
      - application/json
      date:
      - Wed, 12 Apr 2023 09:04:51 GMT
      expires:
      - '-1'
      pragma:
      - no-cache
      request-context:
      - appId=cid-v1:797d7e4e-8180-497e-a254-780fbd39ba4d
      strict-transport-security:
      - max-age=31536000; includeSubDomains
      transfer-encoding:
      - chunked
      vary:
      - Accept-Encoding
      x-content-type-options:
      - nosniff
      x-rp-server-mvid:
      - 2d8cffe0-ed19-4f32-b630-c96199e681e1
    status:
      code: 200
      message: OK
- request:
    body: null
    headers:
      Accept:
      - '*/*'
      Accept-Encoding:
      - gzip, deflate
      CommandName:
      - spring application-configuration-service git repo update
      Connection:
      - keep-alive
      ParameterSetName:
      - -g -s -n --label
      User-Agent:
      - AZURECLI/2.46.0 azsdk-python-mgmt-appplatform/6.1.0 Python/3.9.13 (Windows-10-10.0.22621-SP0)
    method: GET
    uri: https://management.azure.com/subscriptions/00000000-0000-0000-0000-000000000000/resourceGroups/clitest.rg000001/providers/Microsoft.AppPlatform/Spring/clitest000002/configurationServices/default?api-version=2023-11-01-preview
  response:
    body:
      string: '{"properties":{"provisioningState":"Succeeded","settings":{"gitProperty":{"repositories":[{"name":"repo1","patterns":["api-gateway","customers-service"],"label":"main","uri":"https://github.com/spring-petclinic/spring-petclinic-microservices-config"}]}},"resourceRequests":{"cpu":"500m","memory":"1Gi","instanceCount":2},"instances":[{"name":"application-configuration-service-57c6f89cdc-8xbwj","status":"Running"},{"name":"application-configuration-service-57c6f89cdc-nn4gv","status":"Running"}],"generation":"Gen1"},"type":"Microsoft.AppPlatform/Spring/configurationServices","id":"/subscriptions/00000000-0000-0000-0000-000000000000/resourceGroups/clitest.rg000001/providers/Microsoft.AppPlatform/Spring/clitest000002/configurationServices/default","name":"default","systemData":{"createdBy":"yuwzho@microsoft.com","createdByType":"User","createdAt":"2023-04-03T07:34:03.7672165Z","lastModifiedBy":"yuwzho@microsoft.com","lastModifiedByType":"User","lastModifiedAt":"2023-04-12T09:04:30.0868834Z"}}'
    headers:
      cache-control:
      - no-cache
      content-length:
      - '981'
      content-type:
      - application/json
      date:
      - Wed, 12 Apr 2023 09:04:51 GMT
      expires:
      - '-1'
      pragma:
      - no-cache
      request-context:
      - appId=cid-v1:797d7e4e-8180-497e-a254-780fbd39ba4d
      strict-transport-security:
      - max-age=31536000; includeSubDomains
      transfer-encoding:
      - chunked
      vary:
      - Accept-Encoding
      x-content-type-options:
      - nosniff
      x-rp-server-mvid:
      - 2d8cffe0-ed19-4f32-b630-c96199e681e1
    status:
      code: 200
      message: OK
- request:
    body: null
    headers:
      Accept:
      - application/json
      Accept-Encoding:
      - gzip, deflate
      CommandName:
      - spring application-configuration-service git repo list
      Connection:
      - keep-alive
      ParameterSetName:
      - -g -s
      User-Agent:
      - AZURECLI/2.46.0 azsdk-python-mgmt-appplatform/6.1.0 Python/3.9.13 (Windows-10-10.0.22621-SP0)
    method: GET
    uri: https://management.azure.com/subscriptions/00000000-0000-0000-0000-000000000000/resourceGroups/clitest.rg000001/providers/Microsoft.AppPlatform/Spring/clitest000002?api-version=2023-11-01-preview
  response:
    body:
      string: '{"properties":{"provisioningState":"Succeeded","zoneRedundant":false,"version":3,"serviceId":"869575ac58f542e6b8c463fbfee844bf","networkProfile":{"outboundIPs":{"publicIPs":["20.49.218.229","20.49.223.183"]},"outboundType":"loadBalancer"},"powerState":"Running","fqdn":"clitest000002.azuremicroservices.io","marketplaceResource":{"plan":"asa-ent-hr-mtr","publisher":"vmware-inc","product":"azure-spring-cloud-vmware-tanzu-2"}},"type":"Microsoft.AppPlatform/Spring","sku":{"name":"E0","tier":"Enterprise"},"location":"eastus","tags":{},"id":"/subscriptions/00000000-0000-0000-0000-000000000000/resourceGroups/clitest.rg000001/providers/Microsoft.AppPlatform/Spring/clitest000002","name":"clitest000002","systemData":{"createdBy":"yuwzho@microsoft.com","createdByType":"User","createdAt":"2023-03-30T06:40:24.2896426Z","lastModifiedBy":"yuwzho@microsoft.com","lastModifiedByType":"User","lastModifiedAt":"2023-03-30T06:40:24.2896426Z"}}'
    headers:
      cache-control:
      - no-cache
      content-length:
      - '935'
      content-type:
      - application/json
      date:
      - Wed, 12 Apr 2023 09:04:53 GMT
      expires:
      - '-1'
      pragma:
      - no-cache
      request-context:
      - appId=cid-v1:797d7e4e-8180-497e-a254-780fbd39ba4d
      strict-transport-security:
      - max-age=31536000; includeSubDomains
      transfer-encoding:
      - chunked
      vary:
      - Accept-Encoding
      x-content-type-options:
      - nosniff
      x-ms-ratelimit-remaining-subscription-resource-requests:
      - '11999'
      x-rp-server-mvid:
      - 2d8cffe0-ed19-4f32-b630-c96199e681e1
    status:
      code: 200
      message: OK
- request:
    body: null
    headers:
      Accept:
      - application/json
      Accept-Encoding:
      - gzip, deflate
      CommandName:
      - spring application-configuration-service git repo list
      Connection:
      - keep-alive
      ParameterSetName:
      - -g -s
      User-Agent:
      - AZURECLI/2.46.0 azsdk-python-mgmt-appplatform/6.1.0 Python/3.9.13 (Windows-10-10.0.22621-SP0)
    method: GET
    uri: https://management.azure.com/subscriptions/00000000-0000-0000-0000-000000000000/resourceGroups/clitest.rg000001/providers/Microsoft.AppPlatform/Spring/clitest000002/configurationServices/default?api-version=2023-11-01-preview
  response:
    body:
      string: '{"properties":{"provisioningState":"Succeeded","settings":{"gitProperty":{"repositories":[{"name":"repo1","patterns":["api-gateway","customers-service"],"label":"main","uri":"https://github.com/spring-petclinic/spring-petclinic-microservices-config"}]}},"resourceRequests":{"cpu":"500m","memory":"1Gi","instanceCount":2},"instances":[{"name":"application-configuration-service-57c6f89cdc-8xbwj","status":"Running"},{"name":"application-configuration-service-57c6f89cdc-nn4gv","status":"Running"}],"generation":"Gen1"},"type":"Microsoft.AppPlatform/Spring/configurationServices","id":"/subscriptions/00000000-0000-0000-0000-000000000000/resourceGroups/clitest.rg000001/providers/Microsoft.AppPlatform/Spring/clitest000002/configurationServices/default","name":"default","systemData":{"createdBy":"yuwzho@microsoft.com","createdByType":"User","createdAt":"2023-04-03T07:34:03.7672165Z","lastModifiedBy":"yuwzho@microsoft.com","lastModifiedByType":"User","lastModifiedAt":"2023-04-12T09:04:30.0868834Z"}}'
    headers:
      cache-control:
      - no-cache
      content-length:
      - '981'
      content-type:
      - application/json
      date:
      - Wed, 12 Apr 2023 09:04:54 GMT
      expires:
      - '-1'
      pragma:
      - no-cache
      request-context:
      - appId=cid-v1:797d7e4e-8180-497e-a254-780fbd39ba4d
      strict-transport-security:
      - max-age=31536000; includeSubDomains
      transfer-encoding:
      - chunked
      vary:
      - Accept-Encoding
      x-content-type-options:
      - nosniff
      x-rp-server-mvid:
      - 2d8cffe0-ed19-4f32-b630-c96199e681e1
    status:
      code: 200
      message: OK
- request:
    body: null
    headers:
      Accept:
      - application/json
      Accept-Encoding:
      - gzip, deflate
      CommandName:
      - spring application-configuration-service git repo remove
      Connection:
      - keep-alive
      ParameterSetName:
      - --name -g -s
      User-Agent:
      - AZURECLI/2.46.0 azsdk-python-mgmt-appplatform/6.1.0 Python/3.9.13 (Windows-10-10.0.22621-SP0)
    method: GET
    uri: https://management.azure.com/subscriptions/00000000-0000-0000-0000-000000000000/resourceGroups/clitest.rg000001/providers/Microsoft.AppPlatform/Spring/clitest000002?api-version=2023-11-01-preview
  response:
    body:
      string: '{"properties":{"provisioningState":"Succeeded","zoneRedundant":false,"version":3,"serviceId":"869575ac58f542e6b8c463fbfee844bf","networkProfile":{"outboundIPs":{"publicIPs":["20.49.218.229","20.49.223.183"]},"outboundType":"loadBalancer"},"powerState":"Running","fqdn":"clitest000002.azuremicroservices.io","marketplaceResource":{"plan":"asa-ent-hr-mtr","publisher":"vmware-inc","product":"azure-spring-cloud-vmware-tanzu-2"}},"type":"Microsoft.AppPlatform/Spring","sku":{"name":"E0","tier":"Enterprise"},"location":"eastus","tags":{},"id":"/subscriptions/00000000-0000-0000-0000-000000000000/resourceGroups/clitest.rg000001/providers/Microsoft.AppPlatform/Spring/clitest000002","name":"clitest000002","systemData":{"createdBy":"yuwzho@microsoft.com","createdByType":"User","createdAt":"2023-03-30T06:40:24.2896426Z","lastModifiedBy":"yuwzho@microsoft.com","lastModifiedByType":"User","lastModifiedAt":"2023-03-30T06:40:24.2896426Z"}}'
    headers:
      cache-control:
      - no-cache
      content-length:
      - '935'
      content-type:
      - application/json
      date:
      - Wed, 12 Apr 2023 09:04:55 GMT
      expires:
      - '-1'
      pragma:
      - no-cache
      request-context:
      - appId=cid-v1:797d7e4e-8180-497e-a254-780fbd39ba4d
      strict-transport-security:
      - max-age=31536000; includeSubDomains
      transfer-encoding:
      - chunked
      vary:
      - Accept-Encoding
      x-content-type-options:
      - nosniff
      x-ms-ratelimit-remaining-subscription-resource-requests:
      - '11999'
      x-rp-server-mvid:
      - 2d8cffe0-ed19-4f32-b630-c96199e681e1
    status:
      code: 200
      message: OK
- request:
    body: null
    headers:
      Accept:
      - application/json
      Accept-Encoding:
      - gzip, deflate
      CommandName:
      - spring application-configuration-service git repo remove
      Connection:
      - keep-alive
      ParameterSetName:
      - --name -g -s
      User-Agent:
      - AZURECLI/2.46.0 azsdk-python-mgmt-appplatform/6.1.0 Python/3.9.13 (Windows-10-10.0.22621-SP0)
    method: GET
    uri: https://management.azure.com/subscriptions/00000000-0000-0000-0000-000000000000/resourceGroups/clitest.rg000001/providers/Microsoft.AppPlatform/Spring/clitest000002/configurationServices/default?api-version=2023-11-01-preview
  response:
    body:
      string: '{"properties":{"provisioningState":"Succeeded","settings":{"gitProperty":{"repositories":[{"name":"repo1","patterns":["api-gateway","customers-service"],"label":"main","uri":"https://github.com/spring-petclinic/spring-petclinic-microservices-config"}]}},"resourceRequests":{"cpu":"500m","memory":"1Gi","instanceCount":2},"instances":[{"name":"application-configuration-service-57c6f89cdc-8xbwj","status":"Running"},{"name":"application-configuration-service-57c6f89cdc-nn4gv","status":"Running"}],"generation":"Gen1"},"type":"Microsoft.AppPlatform/Spring/configurationServices","id":"/subscriptions/00000000-0000-0000-0000-000000000000/resourceGroups/clitest.rg000001/providers/Microsoft.AppPlatform/Spring/clitest000002/configurationServices/default","name":"default","systemData":{"createdBy":"yuwzho@microsoft.com","createdByType":"User","createdAt":"2023-04-03T07:34:03.7672165Z","lastModifiedBy":"yuwzho@microsoft.com","lastModifiedByType":"User","lastModifiedAt":"2023-04-12T09:04:30.0868834Z"}}'
    headers:
      cache-control:
      - no-cache
      content-length:
      - '981'
      content-type:
      - application/json
      date:
      - Wed, 12 Apr 2023 09:04:57 GMT
      expires:
      - '-1'
      pragma:
      - no-cache
      request-context:
      - appId=cid-v1:797d7e4e-8180-497e-a254-780fbd39ba4d
      strict-transport-security:
      - max-age=31536000; includeSubDomains
      transfer-encoding:
      - chunked
      vary:
      - Accept-Encoding
      x-content-type-options:
      - nosniff
      x-rp-server-mvid:
      - 2d8cffe0-ed19-4f32-b630-c96199e681e1
    status:
      code: 200
      message: OK
- request:
    body: '{"gitProperty": {"repositories": []}}'
    headers:
      Accept:
      - application/json
      Accept-Encoding:
      - gzip, deflate
      CommandName:
      - spring application-configuration-service git repo remove
      Connection:
      - keep-alive
      Content-Length:
      - '37'
      Content-Type:
      - application/json
      ParameterSetName:
      - --name -g -s
      User-Agent:
      - AZURECLI/2.46.0 azsdk-python-mgmt-appplatform/6.1.0 Python/3.9.13 (Windows-10-10.0.22621-SP0)
    method: POST
    uri: https://management.azure.com/subscriptions/00000000-0000-0000-0000-000000000000/resourceGroups/clitest.rg000001/providers/Microsoft.AppPlatform/Spring/clitest000002/configurationServices/default/validate?api-version=2023-11-01-preview
  response:
    body:
      string: ''
    headers:
      azure-asyncoperation:
      - https://management.azure.com/subscriptions/00000000-0000-0000-0000-000000000000/resourceGroups/clitest.rg000001/providers/Microsoft.AppPlatform/locations/eastus/operationStatus/clitest000002/operationId/d1a47796-830c-4180-aa25-b8cfa0ecb2f6?api-version=2023-11-01-preview
      cache-control:
      - no-cache
      content-length:
      - '0'
      date:
      - Wed, 12 Apr 2023 09:04:58 GMT
      expires:
      - '-1'
      location:
      - https://management.azure.com/subscriptions/00000000-0000-0000-0000-000000000000/resourceGroups/clitest.rg000001/providers/Microsoft.AppPlatform/locations/eastus/operationResults/d1a47796-830c-4180-aa25-b8cfa0ecb2f6/Spring/clitest000002?api-version=2023-11-01-preview
      pragma:
      - no-cache
      request-context:
      - appId=cid-v1:797d7e4e-8180-497e-a254-780fbd39ba4d
      strict-transport-security:
      - max-age=31536000; includeSubDomains
      x-content-type-options:
      - nosniff
      x-ms-ratelimit-remaining-subscription-writes:
      - '1199'
      x-rp-server-mvid:
      - 2d8cffe0-ed19-4f32-b630-c96199e681e1
    status:
      code: 202
      message: Accepted
- request:
    body: null
    headers:
      Accept:
      - '*/*'
      Accept-Encoding:
      - gzip, deflate
      CommandName:
      - spring application-configuration-service git repo remove
      Connection:
      - keep-alive
      ParameterSetName:
      - --name -g -s
      User-Agent:
      - AZURECLI/2.46.0 azsdk-python-mgmt-appplatform/6.1.0 Python/3.9.13 (Windows-10-10.0.22621-SP0)
    method: GET
    uri: https://management.azure.com/subscriptions/00000000-0000-0000-0000-000000000000/resourceGroups/clitest.rg000001/providers/Microsoft.AppPlatform/locations/eastus/operationStatus/clitest000002/operationId/d1a47796-830c-4180-aa25-b8cfa0ecb2f6?api-version=2023-11-01-preview
  response:
    body:
      string: '{"id":"subscriptions/d51e3ffe-6b84-49cd-b426-0dc4ec660356/resourceGroups/clitest.rg000001/providers/Microsoft.AppPlatform/locations/eastus/operationStatus/clitest000002/operationId/d1a47796-830c-4180-aa25-b8cfa0ecb2f6","name":"d1a47796-830c-4180-aa25-b8cfa0ecb2f6","status":"Running","startTime":"2023-04-12T09:04:58.6087805Z"}'
    headers:
      cache-control:
      - no-cache
      content-length:
      - '328'
      content-type:
      - application/json
      date:
      - Wed, 12 Apr 2023 09:04:58 GMT
      expires:
      - '-1'
      pragma:
      - no-cache
      request-context:
      - appId=cid-v1:797d7e4e-8180-497e-a254-780fbd39ba4d
      strict-transport-security:
      - max-age=31536000; includeSubDomains
      transfer-encoding:
      - chunked
      vary:
      - Accept-Encoding
      x-content-type-options:
      - nosniff
      x-rp-server-mvid:
      - 2d8cffe0-ed19-4f32-b630-c96199e681e1
    status:
      code: 200
      message: OK
- request:
    body: null
    headers:
      Accept:
      - '*/*'
      Accept-Encoding:
      - gzip, deflate
      CommandName:
      - spring application-configuration-service git repo remove
      Connection:
      - keep-alive
      ParameterSetName:
      - --name -g -s
      User-Agent:
      - AZURECLI/2.46.0 azsdk-python-mgmt-appplatform/6.1.0 Python/3.9.13 (Windows-10-10.0.22621-SP0)
    method: GET
    uri: https://management.azure.com/subscriptions/00000000-0000-0000-0000-000000000000/resourceGroups/clitest.rg000001/providers/Microsoft.AppPlatform/locations/eastus/operationStatus/clitest000002/operationId/d1a47796-830c-4180-aa25-b8cfa0ecb2f6?api-version=2023-11-01-preview
  response:
    body:
      string: '{"id":"subscriptions/d51e3ffe-6b84-49cd-b426-0dc4ec660356/resourceGroups/clitest.rg000001/providers/Microsoft.AppPlatform/locations/eastus/operationStatus/clitest000002/operationId/d1a47796-830c-4180-aa25-b8cfa0ecb2f6","name":"d1a47796-830c-4180-aa25-b8cfa0ecb2f6","status":"Succeeded","startTime":"2023-04-12T09:04:58.6087805Z","endTime":"2023-04-12T09:05:04.7799877Z"}'
    headers:
      cache-control:
      - no-cache
      content-length:
      - '371'
      content-type:
      - application/json
      date:
      - Wed, 12 Apr 2023 09:05:09 GMT
      expires:
      - '-1'
      pragma:
      - no-cache
      request-context:
      - appId=cid-v1:797d7e4e-8180-497e-a254-780fbd39ba4d
      strict-transport-security:
      - max-age=31536000; includeSubDomains
      transfer-encoding:
      - chunked
      vary:
      - Accept-Encoding
      x-content-type-options:
      - nosniff
      x-rp-server-mvid:
      - 2d8cffe0-ed19-4f32-b630-c96199e681e1
    status:
      code: 200
      message: OK
- request:
    body: null
    headers:
      Accept:
      - '*/*'
      Accept-Encoding:
      - gzip, deflate
      CommandName:
      - spring application-configuration-service git repo remove
      Connection:
      - keep-alive
      ParameterSetName:
      - --name -g -s
      User-Agent:
      - AZURECLI/2.46.0 azsdk-python-mgmt-appplatform/6.1.0 Python/3.9.13 (Windows-10-10.0.22621-SP0)
    method: GET
    uri: https://management.azure.com/subscriptions/00000000-0000-0000-0000-000000000000/resourceGroups/clitest.rg000001/providers/Microsoft.AppPlatform/locations/eastus/operationResults/d1a47796-830c-4180-aa25-b8cfa0ecb2f6/Spring/clitest000002?api-version=2023-11-01-preview
  response:
    body:
      string: '{"gitPropertyValidationResult":{"isValid":true,"gitReposValidationResult":[]}}'
    headers:
      cache-control:
      - no-cache
      content-length:
      - '78'
      content-type:
      - application/json
      date:
      - Wed, 12 Apr 2023 09:05:09 GMT
      expires:
      - '-1'
      pragma:
      - no-cache
      request-context:
      - appId=cid-v1:797d7e4e-8180-497e-a254-780fbd39ba4d
      strict-transport-security:
      - max-age=31536000; includeSubDomains
      transfer-encoding:
      - chunked
      vary:
      - Accept-Encoding
      x-content-type-options:
      - nosniff
      x-rp-server-mvid:
      - 2d8cffe0-ed19-4f32-b630-c96199e681e1
    status:
      code: 200
      message: OK
- request:
    body: '{"properties": {"generation": "Gen1", "settings": {"gitProperty": {"repositories": []}}}}'
    headers:
      Accept:
      - application/json
      Accept-Encoding:
      - gzip, deflate
      CommandName:
      - spring application-configuration-service git repo remove
      Connection:
      - keep-alive
      Content-Length:
      - '67'
      Content-Type:
      - application/json
      ParameterSetName:
      - --name -g -s
      User-Agent:
      - AZURECLI/2.46.0 azsdk-python-mgmt-appplatform/6.1.0 Python/3.9.13 (Windows-10-10.0.22621-SP0)
    method: PUT
    uri: https://management.azure.com/subscriptions/00000000-0000-0000-0000-000000000000/resourceGroups/clitest.rg000001/providers/Microsoft.AppPlatform/Spring/clitest000002/configurationServices/default?api-version=2023-11-01-preview
  response:
    body:
      string: '{"properties":{"provisioningState":"Updating","settings":{"gitProperty":{"repositories":[]}},"resourceRequests":{"cpu":"500m","memory":"1Gi","instanceCount":2},"instances":[{"name":"application-configuration-service-57c6f89cdc-8xbwj","status":"Running"},{"name":"application-configuration-service-57c6f89cdc-nn4gv","status":"Running"}],"generation":"Gen1"},"type":"Microsoft.AppPlatform/Spring/configurationServices","id":"/subscriptions/00000000-0000-0000-0000-000000000000/resourceGroups/clitest.rg000001/providers/Microsoft.AppPlatform/Spring/clitest000002/configurationServices/default","name":"default","systemData":{"createdBy":"yuwzho@microsoft.com","createdByType":"User","createdAt":"2023-04-03T07:34:03.7672165Z","lastModifiedBy":"yuwzho@microsoft.com","lastModifiedByType":"User","lastModifiedAt":"2023-04-12T09:05:10.3037831Z"}}'
    headers:
      azure-asyncoperation:
      - https://management.azure.com/subscriptions/00000000-0000-0000-0000-000000000000/resourceGroups/clitest.rg000001/providers/Microsoft.AppPlatform/locations/eastus/operationStatus/clitest000002/operationId/c8a3cbff-6455-4bfa-90e3-b6f5180b5034?api-version=2023-11-01-preview
      cache-control:
      - no-cache
      content-length:
      - '820'
      content-type:
      - application/json
      date:
      - Wed, 12 Apr 2023 09:05:10 GMT
      expires:
      - '-1'
      location:
      - https://management.azure.com/subscriptions/00000000-0000-0000-0000-000000000000/resourceGroups/clitest.rg000001/providers/Microsoft.AppPlatform/locations/eastus/operationResults/c8a3cbff-6455-4bfa-90e3-b6f5180b5034/Spring/clitest000002?api-version=2023-11-01-preview
      pragma:
      - no-cache
      request-context:
      - appId=cid-v1:797d7e4e-8180-497e-a254-780fbd39ba4d
      strict-transport-security:
      - max-age=31536000; includeSubDomains
      x-content-type-options:
      - nosniff
      x-ms-ratelimit-remaining-subscription-writes:
      - '1199'
      x-rp-server-mvid:
      - 2d8cffe0-ed19-4f32-b630-c96199e681e1
    status:
      code: 201
      message: Created
- request:
    body: null
    headers:
      Accept:
      - '*/*'
      Accept-Encoding:
      - gzip, deflate
      CommandName:
      - spring application-configuration-service git repo remove
      Connection:
      - keep-alive
      ParameterSetName:
      - --name -g -s
      User-Agent:
      - AZURECLI/2.46.0 azsdk-python-mgmt-appplatform/6.1.0 Python/3.9.13 (Windows-10-10.0.22621-SP0)
    method: GET
    uri: https://management.azure.com/subscriptions/00000000-0000-0000-0000-000000000000/resourceGroups/clitest.rg000001/providers/Microsoft.AppPlatform/locations/eastus/operationStatus/clitest000002/operationId/c8a3cbff-6455-4bfa-90e3-b6f5180b5034?api-version=2023-11-01-preview
  response:
    body:
      string: '{"id":"subscriptions/d51e3ffe-6b84-49cd-b426-0dc4ec660356/resourceGroups/clitest.rg000001/providers/Microsoft.AppPlatform/locations/eastus/operationStatus/clitest000002/operationId/c8a3cbff-6455-4bfa-90e3-b6f5180b5034","name":"c8a3cbff-6455-4bfa-90e3-b6f5180b5034","status":"Running","startTime":"2023-04-12T09:05:10.5378868Z"}'
    headers:
      cache-control:
      - no-cache
      content-length:
      - '328'
      content-type:
      - application/json
      date:
      - Wed, 12 Apr 2023 09:05:10 GMT
      expires:
      - '-1'
      pragma:
      - no-cache
      request-context:
      - appId=cid-v1:797d7e4e-8180-497e-a254-780fbd39ba4d
      strict-transport-security:
      - max-age=31536000; includeSubDomains
      transfer-encoding:
      - chunked
      vary:
      - Accept-Encoding
      x-content-type-options:
      - nosniff
      x-rp-server-mvid:
      - 2d8cffe0-ed19-4f32-b630-c96199e681e1
    status:
      code: 200
      message: OK
- request:
    body: null
    headers:
      Accept:
      - '*/*'
      Accept-Encoding:
      - gzip, deflate
      CommandName:
      - spring application-configuration-service git repo remove
      Connection:
      - keep-alive
      ParameterSetName:
      - --name -g -s
      User-Agent:
      - AZURECLI/2.46.0 azsdk-python-mgmt-appplatform/6.1.0 Python/3.9.13 (Windows-10-10.0.22621-SP0)
    method: GET
    uri: https://management.azure.com/subscriptions/00000000-0000-0000-0000-000000000000/resourceGroups/clitest.rg000001/providers/Microsoft.AppPlatform/locations/eastus/operationStatus/clitest000002/operationId/c8a3cbff-6455-4bfa-90e3-b6f5180b5034?api-version=2023-11-01-preview
  response:
    body:
      string: '{"id":"subscriptions/d51e3ffe-6b84-49cd-b426-0dc4ec660356/resourceGroups/clitest.rg000001/providers/Microsoft.AppPlatform/locations/eastus/operationStatus/clitest000002/operationId/c8a3cbff-6455-4bfa-90e3-b6f5180b5034","name":"c8a3cbff-6455-4bfa-90e3-b6f5180b5034","status":"Running","startTime":"2023-04-12T09:05:10.5378868Z"}'
    headers:
      cache-control:
      - no-cache
      content-length:
      - '328'
      content-type:
      - application/json
      date:
      - Wed, 12 Apr 2023 09:05:20 GMT
      expires:
      - '-1'
      pragma:
      - no-cache
      request-context:
      - appId=cid-v1:797d7e4e-8180-497e-a254-780fbd39ba4d
      strict-transport-security:
      - max-age=31536000; includeSubDomains
      transfer-encoding:
      - chunked
      vary:
      - Accept-Encoding
      x-content-type-options:
      - nosniff
      x-rp-server-mvid:
      - 2d8cffe0-ed19-4f32-b630-c96199e681e1
    status:
      code: 200
      message: OK
- request:
    body: null
    headers:
      Accept:
      - '*/*'
      Accept-Encoding:
      - gzip, deflate
      CommandName:
      - spring application-configuration-service git repo remove
      Connection:
      - keep-alive
      ParameterSetName:
      - --name -g -s
      User-Agent:
      - AZURECLI/2.46.0 azsdk-python-mgmt-appplatform/6.1.0 Python/3.9.13 (Windows-10-10.0.22621-SP0)
    method: GET
    uri: https://management.azure.com/subscriptions/00000000-0000-0000-0000-000000000000/resourceGroups/clitest.rg000001/providers/Microsoft.AppPlatform/locations/eastus/operationStatus/clitest000002/operationId/c8a3cbff-6455-4bfa-90e3-b6f5180b5034?api-version=2023-11-01-preview
  response:
    body:
      string: '{"id":"subscriptions/d51e3ffe-6b84-49cd-b426-0dc4ec660356/resourceGroups/clitest.rg000001/providers/Microsoft.AppPlatform/locations/eastus/operationStatus/clitest000002/operationId/c8a3cbff-6455-4bfa-90e3-b6f5180b5034","name":"c8a3cbff-6455-4bfa-90e3-b6f5180b5034","status":"Succeeded","startTime":"2023-04-12T09:05:10.5378868Z","endTime":"2023-04-12T09:05:26.8734601Z"}'
    headers:
      cache-control:
      - no-cache
      content-length:
      - '371'
      content-type:
      - application/json
      date:
      - Wed, 12 Apr 2023 09:05:31 GMT
      expires:
      - '-1'
      pragma:
      - no-cache
      request-context:
      - appId=cid-v1:797d7e4e-8180-497e-a254-780fbd39ba4d
      strict-transport-security:
      - max-age=31536000; includeSubDomains
      transfer-encoding:
      - chunked
      vary:
      - Accept-Encoding
      x-content-type-options:
      - nosniff
      x-rp-server-mvid:
      - 2d8cffe0-ed19-4f32-b630-c96199e681e1
    status:
      code: 200
      message: OK
- request:
    body: null
    headers:
      Accept:
      - '*/*'
      Accept-Encoding:
      - gzip, deflate
      CommandName:
      - spring application-configuration-service git repo remove
      Connection:
      - keep-alive
      ParameterSetName:
      - --name -g -s
      User-Agent:
      - AZURECLI/2.46.0 azsdk-python-mgmt-appplatform/6.1.0 Python/3.9.13 (Windows-10-10.0.22621-SP0)
    method: GET
    uri: https://management.azure.com/subscriptions/00000000-0000-0000-0000-000000000000/resourceGroups/clitest.rg000001/providers/Microsoft.AppPlatform/Spring/clitest000002/configurationServices/default?api-version=2023-11-01-preview
  response:
    body:
      string: '{"properties":{"provisioningState":"Succeeded","settings":{"gitProperty":{"repositories":[]}},"resourceRequests":{"cpu":"500m","memory":"1Gi","instanceCount":2},"instances":[{"name":"application-configuration-service-57c6f89cdc-8xbwj","status":"Running"},{"name":"application-configuration-service-57c6f89cdc-nn4gv","status":"Running"}],"generation":"Gen1"},"type":"Microsoft.AppPlatform/Spring/configurationServices","id":"/subscriptions/00000000-0000-0000-0000-000000000000/resourceGroups/clitest.rg000001/providers/Microsoft.AppPlatform/Spring/clitest000002/configurationServices/default","name":"default","systemData":{"createdBy":"yuwzho@microsoft.com","createdByType":"User","createdAt":"2023-04-03T07:34:03.7672165Z","lastModifiedBy":"yuwzho@microsoft.com","lastModifiedByType":"User","lastModifiedAt":"2023-04-12T09:05:10.3037831Z"}}'
    headers:
      cache-control:
      - no-cache
      content-length:
      - '821'
      content-type:
      - application/json
      date:
      - Wed, 12 Apr 2023 09:05:32 GMT
      expires:
      - '-1'
      pragma:
      - no-cache
      request-context:
      - appId=cid-v1:797d7e4e-8180-497e-a254-780fbd39ba4d
      strict-transport-security:
      - max-age=31536000; includeSubDomains
      transfer-encoding:
      - chunked
      vary:
      - Accept-Encoding
      x-content-type-options:
      - nosniff
      x-rp-server-mvid:
      - 2d8cffe0-ed19-4f32-b630-c96199e681e1
    status:
      code: 200
      message: OK
- request:
    body: null
    headers:
      Accept:
      - application/json
      Accept-Encoding:
      - gzip, deflate
      CommandName:
      - spring application-configuration-service git repo list
      Connection:
      - keep-alive
      ParameterSetName:
      - -g -s
      User-Agent:
      - AZURECLI/2.46.0 azsdk-python-mgmt-appplatform/6.1.0 Python/3.9.13 (Windows-10-10.0.22621-SP0)
    method: GET
    uri: https://management.azure.com/subscriptions/00000000-0000-0000-0000-000000000000/resourceGroups/clitest.rg000001/providers/Microsoft.AppPlatform/Spring/clitest000002?api-version=2023-11-01-preview
  response:
    body:
      string: '{"properties":{"provisioningState":"Succeeded","zoneRedundant":false,"version":3,"serviceId":"869575ac58f542e6b8c463fbfee844bf","networkProfile":{"outboundIPs":{"publicIPs":["20.49.218.229","20.49.223.183"]},"outboundType":"loadBalancer"},"powerState":"Running","fqdn":"clitest000002.azuremicroservices.io","marketplaceResource":{"plan":"asa-ent-hr-mtr","publisher":"vmware-inc","product":"azure-spring-cloud-vmware-tanzu-2"}},"type":"Microsoft.AppPlatform/Spring","sku":{"name":"E0","tier":"Enterprise"},"location":"eastus","tags":{},"id":"/subscriptions/00000000-0000-0000-0000-000000000000/resourceGroups/clitest.rg000001/providers/Microsoft.AppPlatform/Spring/clitest000002","name":"clitest000002","systemData":{"createdBy":"yuwzho@microsoft.com","createdByType":"User","createdAt":"2023-03-30T06:40:24.2896426Z","lastModifiedBy":"yuwzho@microsoft.com","lastModifiedByType":"User","lastModifiedAt":"2023-03-30T06:40:24.2896426Z"}}'
    headers:
      cache-control:
      - no-cache
      content-length:
      - '935'
      content-type:
      - application/json
      date:
      - Wed, 12 Apr 2023 09:05:32 GMT
      expires:
      - '-1'
      pragma:
      - no-cache
      request-context:
      - appId=cid-v1:797d7e4e-8180-497e-a254-780fbd39ba4d
      strict-transport-security:
      - max-age=31536000; includeSubDomains
      transfer-encoding:
      - chunked
      vary:
      - Accept-Encoding
      x-content-type-options:
      - nosniff
      x-ms-ratelimit-remaining-subscription-resource-requests:
      - '11999'
      x-rp-server-mvid:
      - 2d8cffe0-ed19-4f32-b630-c96199e681e1
    status:
      code: 200
      message: OK
- request:
    body: null
    headers:
      Accept:
      - application/json
      Accept-Encoding:
      - gzip, deflate
      CommandName:
      - spring application-configuration-service git repo list
      Connection:
      - keep-alive
      ParameterSetName:
      - -g -s
      User-Agent:
      - AZURECLI/2.46.0 azsdk-python-mgmt-appplatform/6.1.0 Python/3.9.13 (Windows-10-10.0.22621-SP0)
    method: GET
    uri: https://management.azure.com/subscriptions/00000000-0000-0000-0000-000000000000/resourceGroups/clitest.rg000001/providers/Microsoft.AppPlatform/Spring/clitest000002/configurationServices/default?api-version=2023-11-01-preview
  response:
    body:
      string: '{"properties":{"provisioningState":"Succeeded","settings":{"gitProperty":{"repositories":[]}},"resourceRequests":{"cpu":"500m","memory":"1Gi","instanceCount":2},"instances":[{"name":"application-configuration-service-57c6f89cdc-8xbwj","status":"Running"},{"name":"application-configuration-service-57c6f89cdc-nn4gv","status":"Running"}],"generation":"Gen1"},"type":"Microsoft.AppPlatform/Spring/configurationServices","id":"/subscriptions/00000000-0000-0000-0000-000000000000/resourceGroups/clitest.rg000001/providers/Microsoft.AppPlatform/Spring/clitest000002/configurationServices/default","name":"default","systemData":{"createdBy":"yuwzho@microsoft.com","createdByType":"User","createdAt":"2023-04-03T07:34:03.7672165Z","lastModifiedBy":"yuwzho@microsoft.com","lastModifiedByType":"User","lastModifiedAt":"2023-04-12T09:05:10.3037831Z"}}'
    headers:
      cache-control:
      - no-cache
      content-length:
      - '821'
      content-type:
      - application/json
      date:
      - Wed, 12 Apr 2023 09:05:34 GMT
      expires:
      - '-1'
      pragma:
      - no-cache
      request-context:
      - appId=cid-v1:797d7e4e-8180-497e-a254-780fbd39ba4d
      strict-transport-security:
      - max-age=31536000; includeSubDomains
      transfer-encoding:
      - chunked
      vary:
      - Accept-Encoding
      x-content-type-options:
      - nosniff
      x-rp-server-mvid:
      - 2d8cffe0-ed19-4f32-b630-c96199e681e1
    status:
      code: 200
      message: OK
- request:
    body: null
    headers:
      Accept:
      - application/json
      Accept-Encoding:
      - gzip, deflate
      CommandName:
      - spring application-configuration-service bind
      Connection:
      - keep-alive
      ParameterSetName:
      - --app -g -s
      User-Agent:
      - AZURECLI/2.46.0 azsdk-python-mgmt-appplatform/6.1.0 Python/3.9.13 (Windows-10-10.0.22621-SP0)
    method: GET
    uri: https://management.azure.com/subscriptions/00000000-0000-0000-0000-000000000000/resourceGroups/clitest.rg000001/providers/Microsoft.AppPlatform/Spring/clitest000002?api-version=2023-11-01-preview
  response:
    body:
      string: '{"properties":{"provisioningState":"Succeeded","zoneRedundant":false,"version":3,"serviceId":"869575ac58f542e6b8c463fbfee844bf","networkProfile":{"outboundIPs":{"publicIPs":["20.49.218.229","20.49.223.183"]},"outboundType":"loadBalancer"},"powerState":"Running","fqdn":"clitest000002.azuremicroservices.io","marketplaceResource":{"plan":"asa-ent-hr-mtr","publisher":"vmware-inc","product":"azure-spring-cloud-vmware-tanzu-2"}},"type":"Microsoft.AppPlatform/Spring","sku":{"name":"E0","tier":"Enterprise"},"location":"eastus","tags":{},"id":"/subscriptions/00000000-0000-0000-0000-000000000000/resourceGroups/clitest.rg000001/providers/Microsoft.AppPlatform/Spring/clitest000002","name":"clitest000002","systemData":{"createdBy":"yuwzho@microsoft.com","createdByType":"User","createdAt":"2023-03-30T06:40:24.2896426Z","lastModifiedBy":"yuwzho@microsoft.com","lastModifiedByType":"User","lastModifiedAt":"2023-03-30T06:40:24.2896426Z"}}'
    headers:
      cache-control:
      - no-cache
      content-length:
      - '935'
      content-type:
      - application/json
      date:
      - Wed, 12 Apr 2023 09:05:35 GMT
      expires:
      - '-1'
      pragma:
      - no-cache
      request-context:
      - appId=cid-v1:797d7e4e-8180-497e-a254-780fbd39ba4d
      strict-transport-security:
      - max-age=31536000; includeSubDomains
      transfer-encoding:
      - chunked
      vary:
      - Accept-Encoding
      x-content-type-options:
      - nosniff
      x-ms-ratelimit-remaining-subscription-resource-requests:
      - '11999'
      x-rp-server-mvid:
      - 2d8cffe0-ed19-4f32-b630-c96199e681e1
    status:
      code: 200
      message: OK
- request:
    body: null
    headers:
      Accept:
      - application/json
      Accept-Encoding:
      - gzip, deflate
      CommandName:
      - spring application-configuration-service bind
      Connection:
      - keep-alive
      ParameterSetName:
      - --app -g -s
      User-Agent:
      - AZURECLI/2.46.0 azsdk-python-mgmt-appplatform/6.1.0 Python/3.9.13 (Windows-10-10.0.22621-SP0)
    method: GET
    uri: https://management.azure.com/subscriptions/00000000-0000-0000-0000-000000000000/resourceGroups/clitest.rg000001/providers/Microsoft.AppPlatform/Spring/clitest000002/apps/clitest000003?api-version=2023-11-01-preview
  response:
    body:
      string: '{"properties":{"addonConfigs":{"applicationConfigurationService":{},"serviceRegistry":{}},"public":false,"provisioningState":"Succeeded","fqdn":"clitest000002.azuremicroservices.io","httpsOnly":false,"temporaryDisk":{"sizeInGB":5,"mountPath":"/tmp"},"persistentDisk":{"sizeInGB":0,"mountPath":"/persistent"},"enableEndToEndTLS":false,"ingressSettings":{"readTimeoutInSeconds":300,"sendTimeoutInSeconds":60,"sessionCookieMaxAge":0,"sessionAffinity":"None","backendProtocol":"Default"}},"type":"Microsoft.AppPlatform/Spring/apps","identity":null,"location":"eastus","id":"/subscriptions/00000000-0000-0000-0000-000000000000/resourceGroups/clitest.rg000001/providers/Microsoft.AppPlatform/Spring/clitest000002/apps/clitest000003","name":"clitest000003","systemData":{"createdBy":"yuwzho@microsoft.com","createdByType":"User","createdAt":"2023-04-12T09:02:42.3640664Z","lastModifiedBy":"yuwzho@microsoft.com","lastModifiedByType":"User","lastModifiedAt":"2023-04-12T09:02:42.3640664Z"}}'
    headers:
      cache-control:
      - no-cache
      content-length:
      - '983'
      content-type:
      - application/json
      date:
      - Wed, 12 Apr 2023 09:05:37 GMT
      expires:
      - '-1'
      pragma:
      - no-cache
      request-context:
      - appId=cid-v1:797d7e4e-8180-497e-a254-780fbd39ba4d
      strict-transport-security:
      - max-age=31536000; includeSubDomains
      transfer-encoding:
      - chunked
      vary:
      - Accept-Encoding
      x-content-type-options:
      - nosniff
      x-ms-ratelimit-remaining-subscription-resource-requests:
      - '11999'
      x-rp-server-mvid:
      - 2d8cffe0-ed19-4f32-b630-c96199e681e1
    status:
      code: 200
      message: OK
- request:
    body: '{"properties": {"public": false, "addonConfigs": {"applicationConfigurationService":
      {"resourceId": "/subscriptions/00000000-0000-0000-0000-000000000000/resourceGroups/clitest.rg000001/providers/Microsoft.AppPlatform/Spring/clitest000002/configurationServices/default"},
      "serviceRegistry": {}}, "httpsOnly": false, "temporaryDisk": {"sizeInGB": 5,
      "mountPath": "/tmp"}, "persistentDisk": {"sizeInGB": 0, "mountPath": "/persistent"},
      "enableEndToEndTLS": false, "ingressSettings": {"readTimeoutInSeconds": 300,
      "sendTimeoutInSeconds": 60, "sessionAffinity": "None", "sessionCookieMaxAge":
      0, "backendProtocol": "Default"}}, "location": "eastus"}'
    headers:
      Accept:
      - application/json
      Accept-Encoding:
      - gzip, deflate
      CommandName:
      - spring application-configuration-service bind
      Connection:
      - keep-alive
      Content-Length:
      - '645'
      Content-Type:
      - application/json
      ParameterSetName:
      - --app -g -s
      User-Agent:
      - AZURECLI/2.46.0 azsdk-python-mgmt-appplatform/6.1.0 Python/3.9.13 (Windows-10-10.0.22621-SP0)
    method: PATCH
    uri: https://management.azure.com/subscriptions/00000000-0000-0000-0000-000000000000/resourceGroups/clitest.rg000001/providers/Microsoft.AppPlatform/Spring/clitest000002/apps/clitest000003?api-version=2023-11-01-preview
  response:
    body:
      string: '{"properties":{"addonConfigs":{"applicationConfigurationService":{"resourceId":"/subscriptions/00000000-0000-0000-0000-000000000000/resourceGroups/clitest.rg000001/providers/Microsoft.AppPlatform/Spring/clitest000002/configurationServices/default"},"serviceRegistry":{}},"public":false,"provisioningState":"Updating","fqdn":"clitest000002.azuremicroservices.io","httpsOnly":false,"temporaryDisk":{"sizeInGB":5,"mountPath":"/tmp"},"persistentDisk":{"sizeInGB":0,"mountPath":"/persistent"},"enableEndToEndTLS":false,"ingressSettings":{"readTimeoutInSeconds":300,"sendTimeoutInSeconds":60,"sessionCookieMaxAge":0,"sessionAffinity":"None","backendProtocol":"Default"}},"type":"Microsoft.AppPlatform/Spring/apps","identity":null,"location":"eastus","id":"/subscriptions/00000000-0000-0000-0000-000000000000/resourceGroups/clitest.rg000001/providers/Microsoft.AppPlatform/Spring/clitest000002/apps/clitest000003","name":"clitest000003","systemData":{"createdBy":"yuwzho@microsoft.com","createdByType":"User","createdAt":"2023-04-12T09:02:42.3640664Z","lastModifiedBy":"yuwzho@microsoft.com","lastModifiedByType":"User","lastModifiedAt":"2023-04-12T09:05:38.4003015Z"}}'
    headers:
      azure-asyncoperation:
      - https://management.azure.com/subscriptions/00000000-0000-0000-0000-000000000000/resourceGroups/clitest.rg000001/providers/Microsoft.AppPlatform/locations/eastus/operationStatus/clitest000003/operationId/82c544bd-d33f-43d1-b41c-19dfbaa0db31?api-version=2023-11-01-preview
      cache-control:
      - no-cache
      content-length:
      - '1163'
      content-type:
      - application/json
      date:
      - Wed, 12 Apr 2023 09:05:38 GMT
      expires:
      - '-1'
      location:
      - https://management.azure.com/subscriptions/00000000-0000-0000-0000-000000000000/resourceGroups/clitest.rg000001/providers/Microsoft.AppPlatform/locations/eastus/operationResults/82c544bd-d33f-43d1-b41c-19dfbaa0db31/Spring/clitest000003?api-version=2023-11-01-preview
      pragma:
      - no-cache
      request-context:
      - appId=cid-v1:797d7e4e-8180-497e-a254-780fbd39ba4d
      strict-transport-security:
      - max-age=31536000; includeSubDomains
      x-content-type-options:
      - nosniff
      x-ms-ratelimit-remaining-subscription-resource-requests:
      - '1199'
      x-rp-server-mvid:
      - 2d8cffe0-ed19-4f32-b630-c96199e681e1
    status:
      code: 202
      message: Accepted
- request:
    body: null
    headers:
      Accept:
      - '*/*'
      Accept-Encoding:
      - gzip, deflate
      CommandName:
      - spring application-configuration-service bind
      Connection:
      - keep-alive
      ParameterSetName:
      - --app -g -s
      User-Agent:
      - AZURECLI/2.46.0 azsdk-python-mgmt-appplatform/6.1.0 Python/3.9.13 (Windows-10-10.0.22621-SP0)
    method: GET
    uri: https://management.azure.com/subscriptions/00000000-0000-0000-0000-000000000000/resourceGroups/clitest.rg000001/providers/Microsoft.AppPlatform/locations/eastus/operationStatus/clitest000003/operationId/82c544bd-d33f-43d1-b41c-19dfbaa0db31?api-version=2023-11-01-preview
  response:
    body:
      string: '{"id":"subscriptions/d51e3ffe-6b84-49cd-b426-0dc4ec660356/resourceGroups/clitest.rg000001/providers/Microsoft.AppPlatform/locations/eastus/operationStatus/clitest000003/operationId/82c544bd-d33f-43d1-b41c-19dfbaa0db31","name":"82c544bd-d33f-43d1-b41c-19dfbaa0db31","status":"Running","startTime":"2023-04-12T09:05:38.7606833Z"}'
    headers:
      cache-control:
      - no-cache
      content-length:
      - '328'
      content-type:
      - application/json
      date:
      - Wed, 12 Apr 2023 09:05:38 GMT
      expires:
      - '-1'
      pragma:
      - no-cache
      request-context:
      - appId=cid-v1:797d7e4e-8180-497e-a254-780fbd39ba4d
      strict-transport-security:
      - max-age=31536000; includeSubDomains
      transfer-encoding:
      - chunked
      vary:
      - Accept-Encoding
      x-content-type-options:
      - nosniff
      x-rp-server-mvid:
      - 2d8cffe0-ed19-4f32-b630-c96199e681e1
    status:
      code: 200
      message: OK
- request:
    body: null
    headers:
      Accept:
      - '*/*'
      Accept-Encoding:
      - gzip, deflate
      CommandName:
      - spring application-configuration-service bind
      Connection:
      - keep-alive
      ParameterSetName:
      - --app -g -s
      User-Agent:
      - AZURECLI/2.46.0 azsdk-python-mgmt-appplatform/6.1.0 Python/3.9.13 (Windows-10-10.0.22621-SP0)
    method: GET
    uri: https://management.azure.com/subscriptions/00000000-0000-0000-0000-000000000000/resourceGroups/clitest.rg000001/providers/Microsoft.AppPlatform/locations/eastus/operationStatus/clitest000003/operationId/82c544bd-d33f-43d1-b41c-19dfbaa0db31?api-version=2023-11-01-preview
  response:
    body:
      string: '{"id":"subscriptions/d51e3ffe-6b84-49cd-b426-0dc4ec660356/resourceGroups/clitest.rg000001/providers/Microsoft.AppPlatform/locations/eastus/operationStatus/clitest000003/operationId/82c544bd-d33f-43d1-b41c-19dfbaa0db31","name":"82c544bd-d33f-43d1-b41c-19dfbaa0db31","status":"Running","startTime":"2023-04-12T09:05:38.7606833Z"}'
    headers:
      cache-control:
      - no-cache
      content-length:
      - '328'
      content-type:
      - application/json
      date:
      - Wed, 12 Apr 2023 09:05:49 GMT
      expires:
      - '-1'
      pragma:
      - no-cache
      request-context:
      - appId=cid-v1:797d7e4e-8180-497e-a254-780fbd39ba4d
      strict-transport-security:
      - max-age=31536000; includeSubDomains
      transfer-encoding:
      - chunked
      vary:
      - Accept-Encoding
      x-content-type-options:
      - nosniff
      x-rp-server-mvid:
      - 2d8cffe0-ed19-4f32-b630-c96199e681e1
    status:
      code: 200
      message: OK
- request:
    body: null
    headers:
      Accept:
      - '*/*'
      Accept-Encoding:
      - gzip, deflate
      CommandName:
      - spring application-configuration-service bind
      Connection:
      - keep-alive
      ParameterSetName:
      - --app -g -s
      User-Agent:
      - AZURECLI/2.46.0 azsdk-python-mgmt-appplatform/6.1.0 Python/3.9.13 (Windows-10-10.0.22621-SP0)
    method: GET
    uri: https://management.azure.com/subscriptions/00000000-0000-0000-0000-000000000000/resourceGroups/clitest.rg000001/providers/Microsoft.AppPlatform/locations/eastus/operationStatus/clitest000003/operationId/82c544bd-d33f-43d1-b41c-19dfbaa0db31?api-version=2023-11-01-preview
  response:
    body:
      string: '{"id":"subscriptions/d51e3ffe-6b84-49cd-b426-0dc4ec660356/resourceGroups/clitest.rg000001/providers/Microsoft.AppPlatform/locations/eastus/operationStatus/clitest000003/operationId/82c544bd-d33f-43d1-b41c-19dfbaa0db31","name":"82c544bd-d33f-43d1-b41c-19dfbaa0db31","status":"Succeeded","startTime":"2023-04-12T09:05:38.7606833Z","endTime":"2023-04-12T09:05:51.1355917Z"}'
    headers:
      cache-control:
      - no-cache
      content-length:
      - '371'
      content-type:
      - application/json
      date:
      - Wed, 12 Apr 2023 09:05:59 GMT
      expires:
      - '-1'
      pragma:
      - no-cache
      request-context:
      - appId=cid-v1:797d7e4e-8180-497e-a254-780fbd39ba4d
      strict-transport-security:
      - max-age=31536000; includeSubDomains
      transfer-encoding:
      - chunked
      vary:
      - Accept-Encoding
      x-content-type-options:
      - nosniff
      x-rp-server-mvid:
      - 2d8cffe0-ed19-4f32-b630-c96199e681e1
    status:
      code: 200
      message: OK
- request:
    body: null
    headers:
      Accept:
      - '*/*'
      Accept-Encoding:
      - gzip, deflate
      CommandName:
      - spring application-configuration-service bind
      Connection:
      - keep-alive
      ParameterSetName:
      - --app -g -s
      User-Agent:
      - AZURECLI/2.46.0 azsdk-python-mgmt-appplatform/6.1.0 Python/3.9.13 (Windows-10-10.0.22621-SP0)
    method: GET
    uri: https://management.azure.com/subscriptions/00000000-0000-0000-0000-000000000000/resourceGroups/clitest.rg000001/providers/Microsoft.AppPlatform/Spring/clitest000002/apps/clitest000003?api-version=2023-11-01-preview
  response:
    body:
      string: '{"properties":{"addonConfigs":{"applicationConfigurationService":{"resourceId":"/subscriptions/00000000-0000-0000-0000-000000000000/resourceGroups/clitest.rg000001/providers/Microsoft.AppPlatform/Spring/clitest000002/configurationServices/default"},"serviceRegistry":{}},"public":false,"provisioningState":"Succeeded","fqdn":"clitest000002.azuremicroservices.io","httpsOnly":false,"temporaryDisk":{"sizeInGB":5,"mountPath":"/tmp"},"persistentDisk":{"sizeInGB":0,"mountPath":"/persistent"},"enableEndToEndTLS":false,"ingressSettings":{"readTimeoutInSeconds":300,"sendTimeoutInSeconds":60,"sessionCookieMaxAge":0,"sessionAffinity":"None","backendProtocol":"Default"}},"type":"Microsoft.AppPlatform/Spring/apps","identity":null,"location":"eastus","id":"/subscriptions/00000000-0000-0000-0000-000000000000/resourceGroups/clitest.rg000001/providers/Microsoft.AppPlatform/Spring/clitest000002/apps/clitest000003","name":"clitest000003","systemData":{"createdBy":"yuwzho@microsoft.com","createdByType":"User","createdAt":"2023-04-12T09:02:42.3640664Z","lastModifiedBy":"yuwzho@microsoft.com","lastModifiedByType":"User","lastModifiedAt":"2023-04-12T09:05:38.4003015Z"}}'
    headers:
      cache-control:
      - no-cache
      content-length:
      - '1164'
      content-type:
      - application/json
      date:
      - Wed, 12 Apr 2023 09:05:59 GMT
      expires:
      - '-1'
      pragma:
      - no-cache
      request-context:
      - appId=cid-v1:797d7e4e-8180-497e-a254-780fbd39ba4d
      strict-transport-security:
      - max-age=31536000; includeSubDomains
      transfer-encoding:
      - chunked
      vary:
      - Accept-Encoding
      x-content-type-options:
      - nosniff
      x-ms-ratelimit-remaining-subscription-resource-requests:
      - '11998'
      x-rp-server-mvid:
      - 2d8cffe0-ed19-4f32-b630-c96199e681e1
    status:
      code: 200
      message: OK
- request:
    body: null
    headers:
      Accept:
      - application/json
      Accept-Encoding:
      - gzip, deflate
      CommandName:
      - spring app show
      Connection:
      - keep-alive
      ParameterSetName:
      - -n -g -s
      User-Agent:
      - AZURECLI/2.46.0 azsdk-python-mgmt-appplatform/6.1.0 Python/3.9.13 (Windows-10-10.0.22621-SP0)
    method: GET
    uri: https://management.azure.com/subscriptions/00000000-0000-0000-0000-000000000000/resourceGroups/clitest.rg000001/providers/Microsoft.AppPlatform/Spring/clitest000002/apps/clitest000003?api-version=2023-11-01-preview
  response:
    body:
      string: '{"properties":{"addonConfigs":{"applicationConfigurationService":{"resourceId":"/subscriptions/00000000-0000-0000-0000-000000000000/resourceGroups/clitest.rg000001/providers/Microsoft.AppPlatform/Spring/clitest000002/configurationServices/default"},"serviceRegistry":{}},"public":false,"provisioningState":"Succeeded","fqdn":"clitest000002.azuremicroservices.io","httpsOnly":false,"temporaryDisk":{"sizeInGB":5,"mountPath":"/tmp"},"persistentDisk":{"sizeInGB":0,"mountPath":"/persistent"},"enableEndToEndTLS":false,"ingressSettings":{"readTimeoutInSeconds":300,"sendTimeoutInSeconds":60,"sessionCookieMaxAge":0,"sessionAffinity":"None","backendProtocol":"Default"}},"type":"Microsoft.AppPlatform/Spring/apps","identity":null,"location":"eastus","id":"/subscriptions/00000000-0000-0000-0000-000000000000/resourceGroups/clitest.rg000001/providers/Microsoft.AppPlatform/Spring/clitest000002/apps/clitest000003","name":"clitest000003","systemData":{"createdBy":"yuwzho@microsoft.com","createdByType":"User","createdAt":"2023-04-12T09:02:42.3640664Z","lastModifiedBy":"yuwzho@microsoft.com","lastModifiedByType":"User","lastModifiedAt":"2023-04-12T09:05:38.4003015Z"}}'
    headers:
      cache-control:
      - no-cache
      content-length:
      - '1164'
      content-type:
      - application/json
      date:
      - Wed, 12 Apr 2023 09:06:01 GMT
      expires:
      - '-1'
      pragma:
      - no-cache
      request-context:
      - appId=cid-v1:797d7e4e-8180-497e-a254-780fbd39ba4d
      strict-transport-security:
      - max-age=31536000; includeSubDomains
      transfer-encoding:
      - chunked
      vary:
      - Accept-Encoding
      x-content-type-options:
      - nosniff
      x-ms-ratelimit-remaining-subscription-resource-requests:
      - '11999'
      x-rp-server-mvid:
      - 2d8cffe0-ed19-4f32-b630-c96199e681e1
    status:
      code: 200
      message: OK
- request:
    body: null
    headers:
      Accept:
      - application/json
      Accept-Encoding:
      - gzip, deflate
      CommandName:
      - spring app show
      Connection:
      - keep-alive
      ParameterSetName:
      - -n -g -s
      User-Agent:
      - AZURECLI/2.46.0 azsdk-python-mgmt-appplatform/6.1.0 Python/3.9.13 (Windows-10-10.0.22621-SP0)
    method: GET
    uri: https://management.azure.com/subscriptions/00000000-0000-0000-0000-000000000000/resourceGroups/clitest.rg000001/providers/Microsoft.AppPlatform/Spring/clitest000002/apps/clitest000003/deployments?api-version=2023-11-01-preview
  response:
    body:
      string: '{"value":[{"properties":{"deploymentSettings":{"resourceRequests":{"cpu":"1","memory":"1Gi"},"environmentVariables":null,"terminationGracePeriodSeconds":90,"livenessProbe":{"disableProbe":false,"failureThreshold":3,"initialDelaySeconds":300,"periodSeconds":10,"successThreshold":1,"timeoutSeconds":3,"probeAction":{"type":"TCPSocketAction"}},"readinessProbe":{"disableProbe":false,"failureThreshold":3,"initialDelaySeconds":0,"periodSeconds":5,"successThreshold":1,"timeoutSeconds":3,"probeAction":{"type":"TCPSocketAction"}}},"provisioningState":"Succeeded","status":"Running","active":true,"instances":[{"name":"clitest000003-default-15-7fc5f78665-jdtx6","status":"Running","discoveryStatus":"N/A","startTime":"2023-04-12T09:03:03Z"}],"source":{"type":"BuildResult","buildResultId":"<default>"}},"type":"Microsoft.AppPlatform/Spring/apps/deployments","sku":{"name":"E0","tier":"Enterprise","capacity":1},"id":"/subscriptions/00000000-0000-0000-0000-000000000000/resourceGroups/clitest.rg000001/providers/Microsoft.AppPlatform/Spring/clitest000002/apps/clitest000003/deployments/default","name":"default","systemData":{"createdBy":"yuwzho@microsoft.com","createdByType":"User","createdAt":"2023-04-12T09:02:57.9423264Z","lastModifiedBy":"yuwzho@microsoft.com","lastModifiedByType":"User","lastModifiedAt":"2023-04-12T09:02:57.9423264Z"}}]}'
    headers:
      cache-control:
      - no-cache
      content-length:
      - '1340'
      content-type:
      - application/json
      date:
      - Wed, 12 Apr 2023 09:06:02 GMT
      expires:
      - '-1'
      pragma:
      - no-cache
      request-context:
      - appId=cid-v1:797d7e4e-8180-497e-a254-780fbd39ba4d
      strict-transport-security:
      - max-age=31536000; includeSubDomains
      transfer-encoding:
      - chunked
      vary:
      - Accept-Encoding
      x-content-type-options:
      - nosniff
      x-ms-ratelimit-remaining-subscription-resource-requests:
      - '11999'
      x-rp-server-mvid:
      - 2d8cffe0-ed19-4f32-b630-c96199e681e1
    status:
      code: 200
      message: OK
- request:
    body: null
    headers:
      Accept:
      - application/json
      Accept-Encoding:
      - gzip, deflate
      CommandName:
      - spring application-configuration-service unbind
      Connection:
      - keep-alive
      ParameterSetName:
      - --app -g -s
      User-Agent:
      - AZURECLI/2.46.0 azsdk-python-mgmt-appplatform/6.1.0 Python/3.9.13 (Windows-10-10.0.22621-SP0)
    method: GET
    uri: https://management.azure.com/subscriptions/00000000-0000-0000-0000-000000000000/resourceGroups/clitest.rg000001/providers/Microsoft.AppPlatform/Spring/clitest000002?api-version=2023-11-01-preview
  response:
    body:
      string: '{"properties":{"provisioningState":"Succeeded","zoneRedundant":false,"version":3,"serviceId":"869575ac58f542e6b8c463fbfee844bf","networkProfile":{"outboundIPs":{"publicIPs":["20.49.218.229","20.49.223.183"]},"outboundType":"loadBalancer"},"powerState":"Running","fqdn":"clitest000002.azuremicroservices.io","marketplaceResource":{"plan":"asa-ent-hr-mtr","publisher":"vmware-inc","product":"azure-spring-cloud-vmware-tanzu-2"}},"type":"Microsoft.AppPlatform/Spring","sku":{"name":"E0","tier":"Enterprise"},"location":"eastus","tags":{},"id":"/subscriptions/00000000-0000-0000-0000-000000000000/resourceGroups/clitest.rg000001/providers/Microsoft.AppPlatform/Spring/clitest000002","name":"clitest000002","systemData":{"createdBy":"yuwzho@microsoft.com","createdByType":"User","createdAt":"2023-03-30T06:40:24.2896426Z","lastModifiedBy":"yuwzho@microsoft.com","lastModifiedByType":"User","lastModifiedAt":"2023-03-30T06:40:24.2896426Z"}}'
    headers:
      cache-control:
      - no-cache
      content-length:
      - '935'
      content-type:
      - application/json
      date:
      - Wed, 12 Apr 2023 09:06:03 GMT
      expires:
      - '-1'
      pragma:
      - no-cache
      request-context:
      - appId=cid-v1:797d7e4e-8180-497e-a254-780fbd39ba4d
      strict-transport-security:
      - max-age=31536000; includeSubDomains
      transfer-encoding:
      - chunked
      vary:
      - Accept-Encoding
      x-content-type-options:
      - nosniff
      x-ms-ratelimit-remaining-subscription-resource-requests:
      - '11999'
      x-rp-server-mvid:
      - 2d8cffe0-ed19-4f32-b630-c96199e681e1
    status:
      code: 200
      message: OK
- request:
    body: null
    headers:
      Accept:
      - application/json
      Accept-Encoding:
      - gzip, deflate
      CommandName:
      - spring application-configuration-service unbind
      Connection:
      - keep-alive
      ParameterSetName:
      - --app -g -s
      User-Agent:
      - AZURECLI/2.46.0 azsdk-python-mgmt-appplatform/6.1.0 Python/3.9.13 (Windows-10-10.0.22621-SP0)
    method: GET
    uri: https://management.azure.com/subscriptions/00000000-0000-0000-0000-000000000000/resourceGroups/clitest.rg000001/providers/Microsoft.AppPlatform/Spring/clitest000002/apps/clitest000003?api-version=2023-11-01-preview
  response:
    body:
      string: '{"properties":{"addonConfigs":{"applicationConfigurationService":{"resourceId":"/subscriptions/00000000-0000-0000-0000-000000000000/resourceGroups/clitest.rg000001/providers/Microsoft.AppPlatform/Spring/clitest000002/configurationServices/default"},"serviceRegistry":{}},"public":false,"provisioningState":"Succeeded","fqdn":"clitest000002.azuremicroservices.io","httpsOnly":false,"temporaryDisk":{"sizeInGB":5,"mountPath":"/tmp"},"persistentDisk":{"sizeInGB":0,"mountPath":"/persistent"},"enableEndToEndTLS":false,"ingressSettings":{"readTimeoutInSeconds":300,"sendTimeoutInSeconds":60,"sessionCookieMaxAge":0,"sessionAffinity":"None","backendProtocol":"Default"}},"type":"Microsoft.AppPlatform/Spring/apps","identity":null,"location":"eastus","id":"/subscriptions/00000000-0000-0000-0000-000000000000/resourceGroups/clitest.rg000001/providers/Microsoft.AppPlatform/Spring/clitest000002/apps/clitest000003","name":"clitest000003","systemData":{"createdBy":"yuwzho@microsoft.com","createdByType":"User","createdAt":"2023-04-12T09:02:42.3640664Z","lastModifiedBy":"yuwzho@microsoft.com","lastModifiedByType":"User","lastModifiedAt":"2023-04-12T09:05:38.4003015Z"}}'
    headers:
      cache-control:
      - no-cache
      content-length:
      - '1164'
      content-type:
      - application/json
      date:
      - Wed, 12 Apr 2023 09:06:04 GMT
      expires:
      - '-1'
      pragma:
      - no-cache
      request-context:
      - appId=cid-v1:797d7e4e-8180-497e-a254-780fbd39ba4d
      strict-transport-security:
      - max-age=31536000; includeSubDomains
      transfer-encoding:
      - chunked
      vary:
      - Accept-Encoding
      x-content-type-options:
      - nosniff
      x-ms-ratelimit-remaining-subscription-resource-requests:
      - '11999'
      x-rp-server-mvid:
      - 2d8cffe0-ed19-4f32-b630-c96199e681e1
    status:
      code: 200
      message: OK
- request:
    body: '{"properties": {"public": false, "addonConfigs": {"applicationConfigurationService":
      {"resourceId": ""}, "serviceRegistry": {}}, "httpsOnly": false, "temporaryDisk":
      {"sizeInGB": 5, "mountPath": "/tmp"}, "persistentDisk": {"sizeInGB": 0, "mountPath":
      "/persistent"}, "enableEndToEndTLS": false, "ingressSettings": {"readTimeoutInSeconds":
      300, "sendTimeoutInSeconds": 60, "sessionAffinity": "None", "sessionCookieMaxAge":
      0, "backendProtocol": "Default"}}, "location": "eastus"}'
    headers:
      Accept:
      - application/json
      Accept-Encoding:
      - gzip, deflate
      CommandName:
      - spring application-configuration-service unbind
      Connection:
      - keep-alive
      Content-Length:
      - '479'
      Content-Type:
      - application/json
      ParameterSetName:
      - --app -g -s
      User-Agent:
      - AZURECLI/2.46.0 azsdk-python-mgmt-appplatform/6.1.0 Python/3.9.13 (Windows-10-10.0.22621-SP0)
    method: PATCH
    uri: https://management.azure.com/subscriptions/00000000-0000-0000-0000-000000000000/resourceGroups/clitest.rg000001/providers/Microsoft.AppPlatform/Spring/clitest000002/apps/clitest000003?api-version=2023-11-01-preview
  response:
    body:
      string: '{"properties":{"addonConfigs":{"applicationConfigurationService":{},"serviceRegistry":{}},"public":false,"provisioningState":"Updating","fqdn":"clitest000002.azuremicroservices.io","httpsOnly":false,"temporaryDisk":{"sizeInGB":5,"mountPath":"/tmp"},"persistentDisk":{"sizeInGB":0,"mountPath":"/persistent"},"enableEndToEndTLS":false,"ingressSettings":{"readTimeoutInSeconds":300,"sendTimeoutInSeconds":60,"sessionCookieMaxAge":0,"sessionAffinity":"None","backendProtocol":"Default"}},"type":"Microsoft.AppPlatform/Spring/apps","identity":null,"location":"eastus","id":"/subscriptions/00000000-0000-0000-0000-000000000000/resourceGroups/clitest.rg000001/providers/Microsoft.AppPlatform/Spring/clitest000002/apps/clitest000003","name":"clitest000003","systemData":{"createdBy":"yuwzho@microsoft.com","createdByType":"User","createdAt":"2023-04-12T09:02:42.3640664Z","lastModifiedBy":"yuwzho@microsoft.com","lastModifiedByType":"User","lastModifiedAt":"2023-04-12T09:06:05.4535101Z"}}'
    headers:
      azure-asyncoperation:
      - https://management.azure.com/subscriptions/00000000-0000-0000-0000-000000000000/resourceGroups/clitest.rg000001/providers/Microsoft.AppPlatform/locations/eastus/operationStatus/clitest000003/operationId/07a622fd-8d2e-4820-8604-5a5e1b43e4a9?api-version=2023-11-01-preview
      cache-control:
      - no-cache
      content-length:
      - '982'
      content-type:
      - application/json
      date:
      - Wed, 12 Apr 2023 09:06:05 GMT
      expires:
      - '-1'
      location:
      - https://management.azure.com/subscriptions/00000000-0000-0000-0000-000000000000/resourceGroups/clitest.rg000001/providers/Microsoft.AppPlatform/locations/eastus/operationResults/07a622fd-8d2e-4820-8604-5a5e1b43e4a9/Spring/clitest000003?api-version=2023-11-01-preview
      pragma:
      - no-cache
      request-context:
      - appId=cid-v1:797d7e4e-8180-497e-a254-780fbd39ba4d
      strict-transport-security:
      - max-age=31536000; includeSubDomains
      x-content-type-options:
      - nosniff
      x-ms-ratelimit-remaining-subscription-resource-requests:
      - '1199'
      x-rp-server-mvid:
      - 2d8cffe0-ed19-4f32-b630-c96199e681e1
    status:
      code: 202
      message: Accepted
- request:
    body: null
    headers:
      Accept:
      - '*/*'
      Accept-Encoding:
      - gzip, deflate
      CommandName:
      - spring application-configuration-service unbind
      Connection:
      - keep-alive
      ParameterSetName:
      - --app -g -s
      User-Agent:
      - AZURECLI/2.46.0 azsdk-python-mgmt-appplatform/6.1.0 Python/3.9.13 (Windows-10-10.0.22621-SP0)
    method: GET
    uri: https://management.azure.com/subscriptions/00000000-0000-0000-0000-000000000000/resourceGroups/clitest.rg000001/providers/Microsoft.AppPlatform/locations/eastus/operationStatus/clitest000003/operationId/07a622fd-8d2e-4820-8604-5a5e1b43e4a9?api-version=2023-11-01-preview
  response:
    body:
      string: '{"id":"subscriptions/d51e3ffe-6b84-49cd-b426-0dc4ec660356/resourceGroups/clitest.rg000001/providers/Microsoft.AppPlatform/locations/eastus/operationStatus/clitest000003/operationId/07a622fd-8d2e-4820-8604-5a5e1b43e4a9","name":"07a622fd-8d2e-4820-8604-5a5e1b43e4a9","status":"Running","startTime":"2023-04-12T09:06:05.7622595Z"}'
    headers:
      cache-control:
      - no-cache
      content-length:
      - '328'
      content-type:
      - application/json
      date:
      - Wed, 12 Apr 2023 09:06:05 GMT
      expires:
      - '-1'
      pragma:
      - no-cache
      request-context:
      - appId=cid-v1:797d7e4e-8180-497e-a254-780fbd39ba4d
      strict-transport-security:
      - max-age=31536000; includeSubDomains
      transfer-encoding:
      - chunked
      vary:
      - Accept-Encoding
      x-content-type-options:
      - nosniff
      x-rp-server-mvid:
      - 2d8cffe0-ed19-4f32-b630-c96199e681e1
    status:
      code: 200
      message: OK
- request:
    body: null
    headers:
      Accept:
      - '*/*'
      Accept-Encoding:
      - gzip, deflate
      CommandName:
      - spring application-configuration-service unbind
      Connection:
      - keep-alive
      ParameterSetName:
      - --app -g -s
      User-Agent:
      - AZURECLI/2.46.0 azsdk-python-mgmt-appplatform/6.1.0 Python/3.9.13 (Windows-10-10.0.22621-SP0)
    method: GET
    uri: https://management.azure.com/subscriptions/00000000-0000-0000-0000-000000000000/resourceGroups/clitest.rg000001/providers/Microsoft.AppPlatform/locations/eastus/operationStatus/clitest000003/operationId/07a622fd-8d2e-4820-8604-5a5e1b43e4a9?api-version=2023-11-01-preview
  response:
    body:
      string: '{"id":"subscriptions/d51e3ffe-6b84-49cd-b426-0dc4ec660356/resourceGroups/clitest.rg000001/providers/Microsoft.AppPlatform/locations/eastus/operationStatus/clitest000003/operationId/07a622fd-8d2e-4820-8604-5a5e1b43e4a9","name":"07a622fd-8d2e-4820-8604-5a5e1b43e4a9","status":"Running","startTime":"2023-04-12T09:06:05.7622595Z"}'
    headers:
      cache-control:
      - no-cache
      content-length:
      - '328'
      content-type:
      - application/json
      date:
      - Wed, 12 Apr 2023 09:06:16 GMT
      expires:
      - '-1'
      pragma:
      - no-cache
      request-context:
      - appId=cid-v1:797d7e4e-8180-497e-a254-780fbd39ba4d
      strict-transport-security:
      - max-age=31536000; includeSubDomains
      transfer-encoding:
      - chunked
      vary:
      - Accept-Encoding
      x-content-type-options:
      - nosniff
      x-rp-server-mvid:
      - 2d8cffe0-ed19-4f32-b630-c96199e681e1
    status:
      code: 200
      message: OK
- request:
    body: null
    headers:
      Accept:
      - '*/*'
      Accept-Encoding:
      - gzip, deflate
      CommandName:
      - spring application-configuration-service unbind
      Connection:
      - keep-alive
      ParameterSetName:
      - --app -g -s
      User-Agent:
      - AZURECLI/2.46.0 azsdk-python-mgmt-appplatform/6.1.0 Python/3.9.13 (Windows-10-10.0.22621-SP0)
    method: GET
    uri: https://management.azure.com/subscriptions/00000000-0000-0000-0000-000000000000/resourceGroups/clitest.rg000001/providers/Microsoft.AppPlatform/locations/eastus/operationStatus/clitest000003/operationId/07a622fd-8d2e-4820-8604-5a5e1b43e4a9?api-version=2023-11-01-preview
  response:
    body:
      string: '{"id":"subscriptions/d51e3ffe-6b84-49cd-b426-0dc4ec660356/resourceGroups/clitest.rg000001/providers/Microsoft.AppPlatform/locations/eastus/operationStatus/clitest000003/operationId/07a622fd-8d2e-4820-8604-5a5e1b43e4a9","name":"07a622fd-8d2e-4820-8604-5a5e1b43e4a9","status":"Succeeded","startTime":"2023-04-12T09:06:05.7622595Z","endTime":"2023-04-12T09:06:18.3592622Z"}'
    headers:
      cache-control:
      - no-cache
      content-length:
      - '371'
      content-type:
      - application/json
      date:
      - Wed, 12 Apr 2023 09:06:26 GMT
      expires:
      - '-1'
      pragma:
      - no-cache
      request-context:
      - appId=cid-v1:797d7e4e-8180-497e-a254-780fbd39ba4d
      strict-transport-security:
      - max-age=31536000; includeSubDomains
      transfer-encoding:
      - chunked
      vary:
      - Accept-Encoding
      x-content-type-options:
      - nosniff
      x-rp-server-mvid:
      - 2d8cffe0-ed19-4f32-b630-c96199e681e1
    status:
      code: 200
      message: OK
- request:
    body: null
    headers:
      Accept:
      - '*/*'
      Accept-Encoding:
      - gzip, deflate
      CommandName:
      - spring application-configuration-service unbind
      Connection:
      - keep-alive
      ParameterSetName:
      - --app -g -s
      User-Agent:
      - AZURECLI/2.46.0 azsdk-python-mgmt-appplatform/6.1.0 Python/3.9.13 (Windows-10-10.0.22621-SP0)
    method: GET
    uri: https://management.azure.com/subscriptions/00000000-0000-0000-0000-000000000000/resourceGroups/clitest.rg000001/providers/Microsoft.AppPlatform/Spring/clitest000002/apps/clitest000003?api-version=2023-11-01-preview
  response:
    body:
      string: '{"properties":{"addonConfigs":{"applicationConfigurationService":{},"serviceRegistry":{}},"public":false,"provisioningState":"Succeeded","fqdn":"clitest000002.azuremicroservices.io","httpsOnly":false,"temporaryDisk":{"sizeInGB":5,"mountPath":"/tmp"},"persistentDisk":{"sizeInGB":0,"mountPath":"/persistent"},"enableEndToEndTLS":false,"ingressSettings":{"readTimeoutInSeconds":300,"sendTimeoutInSeconds":60,"sessionCookieMaxAge":0,"sessionAffinity":"None","backendProtocol":"Default"}},"type":"Microsoft.AppPlatform/Spring/apps","identity":null,"location":"eastus","id":"/subscriptions/00000000-0000-0000-0000-000000000000/resourceGroups/clitest.rg000001/providers/Microsoft.AppPlatform/Spring/clitest000002/apps/clitest000003","name":"clitest000003","systemData":{"createdBy":"yuwzho@microsoft.com","createdByType":"User","createdAt":"2023-04-12T09:02:42.3640664Z","lastModifiedBy":"yuwzho@microsoft.com","lastModifiedByType":"User","lastModifiedAt":"2023-04-12T09:06:05.4535101Z"}}'
    headers:
      cache-control:
      - no-cache
      content-length:
      - '983'
      content-type:
      - application/json
      date:
      - Wed, 12 Apr 2023 09:06:26 GMT
      expires:
      - '-1'
      pragma:
      - no-cache
      request-context:
      - appId=cid-v1:797d7e4e-8180-497e-a254-780fbd39ba4d
      strict-transport-security:
      - max-age=31536000; includeSubDomains
      transfer-encoding:
      - chunked
      vary:
      - Accept-Encoding
      x-content-type-options:
      - nosniff
      x-ms-ratelimit-remaining-subscription-resource-requests:
      - '11998'
      x-rp-server-mvid:
      - 2d8cffe0-ed19-4f32-b630-c96199e681e1
    status:
      code: 200
      message: OK
- request:
    body: null
    headers:
      Accept:
      - application/json
      Accept-Encoding:
      - gzip, deflate
      CommandName:
      - spring application-configuration-service clear
      Connection:
      - keep-alive
      ParameterSetName:
      - -g -s
      User-Agent:
      - AZURECLI/2.46.0 azsdk-python-mgmt-appplatform/6.1.0 Python/3.9.13 (Windows-10-10.0.22621-SP0)
    method: GET
    uri: https://management.azure.com/subscriptions/00000000-0000-0000-0000-000000000000/resourceGroups/clitest.rg000001/providers/Microsoft.AppPlatform/Spring/clitest000002?api-version=2023-11-01-preview
  response:
    body:
      string: '{"properties":{"provisioningState":"Succeeded","zoneRedundant":false,"version":3,"serviceId":"869575ac58f542e6b8c463fbfee844bf","networkProfile":{"outboundIPs":{"publicIPs":["20.49.218.229","20.49.223.183"]},"outboundType":"loadBalancer"},"powerState":"Running","fqdn":"clitest000002.azuremicroservices.io","marketplaceResource":{"plan":"asa-ent-hr-mtr","publisher":"vmware-inc","product":"azure-spring-cloud-vmware-tanzu-2"}},"type":"Microsoft.AppPlatform/Spring","sku":{"name":"E0","tier":"Enterprise"},"location":"eastus","tags":{},"id":"/subscriptions/00000000-0000-0000-0000-000000000000/resourceGroups/clitest.rg000001/providers/Microsoft.AppPlatform/Spring/clitest000002","name":"clitest000002","systemData":{"createdBy":"yuwzho@microsoft.com","createdByType":"User","createdAt":"2023-03-30T06:40:24.2896426Z","lastModifiedBy":"yuwzho@microsoft.com","lastModifiedByType":"User","lastModifiedAt":"2023-03-30T06:40:24.2896426Z"}}'
    headers:
      cache-control:
      - no-cache
      content-length:
      - '935'
      content-type:
      - application/json
      date:
      - Wed, 12 Apr 2023 09:06:28 GMT
      expires:
      - '-1'
      pragma:
      - no-cache
      request-context:
      - appId=cid-v1:797d7e4e-8180-497e-a254-780fbd39ba4d
      strict-transport-security:
      - max-age=31536000; includeSubDomains
      transfer-encoding:
      - chunked
      vary:
      - Accept-Encoding
      x-content-type-options:
      - nosniff
      x-ms-ratelimit-remaining-subscription-resource-requests:
      - '11999'
      x-rp-server-mvid:
      - 2d8cffe0-ed19-4f32-b630-c96199e681e1
    status:
      code: 200
      message: OK
- request:
    body: null
    headers:
      Accept:
      - application/json
      Accept-Encoding:
      - gzip, deflate
      CommandName:
      - spring application-configuration-service clear
      Connection:
      - keep-alive
      ParameterSetName:
      - -g -s
      User-Agent:
      - AZURECLI/2.46.0 azsdk-python-mgmt-appplatform/6.1.0 Python/3.9.13 (Windows-10-10.0.22621-SP0)
    method: GET
    uri: https://management.azure.com/subscriptions/00000000-0000-0000-0000-000000000000/resourceGroups/clitest.rg000001/providers/Microsoft.AppPlatform/Spring/clitest000002/configurationServices/default?api-version=2023-11-01-preview
  response:
    body:
      string: '{"properties":{"provisioningState":"Succeeded","settings":{"gitProperty":{"repositories":[]}},"resourceRequests":{"cpu":"500m","memory":"1Gi","instanceCount":2},"instances":[{"name":"application-configuration-service-57d57c59bb-5xtcq","status":"Running"},{"name":"application-configuration-service-57d57c59bb-6pkxn","status":"Running"}],"generation":"Gen1"},"type":"Microsoft.AppPlatform/Spring/configurationServices","id":"/subscriptions/00000000-0000-0000-0000-000000000000/resourceGroups/clitest.rg000001/providers/Microsoft.AppPlatform/Spring/clitest000002/configurationServices/default","name":"default","systemData":{"createdBy":"yuwzho@microsoft.com","createdByType":"User","createdAt":"2023-04-03T07:34:03.7672165Z","lastModifiedBy":"yuwzho@microsoft.com","lastModifiedByType":"User","lastModifiedAt":"2023-04-12T09:06:29.8417468Z"}}'
    headers:
      cache-control:
      - no-cache
      content-length:
      - '843'
      content-type:
      - application/json
      date:
      - Mon, 29 May 2023 15:50:39 GMT
      expires:
      - '-1'
      pragma:
      - no-cache
      request-context:
      - appId=cid-v1:797d7e4e-8180-497e-a254-780fbd39ba4d
      strict-transport-security:
      - max-age=31536000; includeSubDomains
      transfer-encoding:
      - chunked
      vary:
      - Accept-Encoding
      x-content-type-options:
      - nosniff
      x-rp-server-mvid:
      - 2d8cffe0-ed19-4f32-b630-c96199e681e1
    status:
      code: 200
      message: OK
- request:
    body: '{"properties": {"generation": "Gen1", "settings": {}}}'
    headers:
      Accept:
      - application/json
      Accept-Encoding:
      - gzip, deflate
      CommandName:
      - spring application-configuration-service clear
      Connection:
      - keep-alive
      Content-Length:
      - '18'
      Content-Type:
      - application/json
      ParameterSetName:
      - -g -s
      User-Agent:
      - AZURECLI/2.46.0 azsdk-python-mgmt-appplatform/6.1.0 Python/3.9.13 (Windows-10-10.0.22621-SP0)
    method: PUT
    uri: https://management.azure.com/subscriptions/00000000-0000-0000-0000-000000000000/resourceGroups/clitest.rg000001/providers/Microsoft.AppPlatform/Spring/clitest000002/configurationServices/default?api-version=2023-11-01-preview
  response:
    body:
      string: '{"properties":{"provisioningState":"Updating","resourceRequests":{"cpu":"500m","memory":"1Gi","instanceCount":2},"instances":[{"name":"application-configuration-service-57c6f89cdc-8xbwj","status":"Running"},{"name":"application-configuration-service-57c6f89cdc-nn4gv","status":"Running"}],"generation":"Gen1"},"type":"Microsoft.AppPlatform/Spring/configurationServices","id":"/subscriptions/00000000-0000-0000-0000-000000000000/resourceGroups/clitest.rg000001/providers/Microsoft.AppPlatform/Spring/clitest000002/configurationServices/default","name":"default","systemData":{"createdBy":"yuwzho@microsoft.com","createdByType":"User","createdAt":"2023-04-03T07:34:03.7672165Z","lastModifiedBy":"yuwzho@microsoft.com","lastModifiedByType":"User","lastModifiedAt":"2023-04-12T09:06:29.8417468Z"}}'
    headers:
      azure-asyncoperation:
      - https://management.azure.com/subscriptions/00000000-0000-0000-0000-000000000000/resourceGroups/clitest.rg000001/providers/Microsoft.AppPlatform/locations/eastus/operationStatus/clitest000002/operationId/f0bdfe42-79da-4742-a5ab-0784e70d097d?api-version=2023-11-01-preview
      cache-control:
      - no-cache
      content-length:
      - '773'
      content-type:
      - application/json
      date:
      - Wed, 12 Apr 2023 09:06:30 GMT
      expires:
      - '-1'
      location:
      - https://management.azure.com/subscriptions/00000000-0000-0000-0000-000000000000/resourceGroups/clitest.rg000001/providers/Microsoft.AppPlatform/locations/eastus/operationResults/f0bdfe42-79da-4742-a5ab-0784e70d097d/Spring/clitest000002?api-version=2023-11-01-preview
      pragma:
      - no-cache
      request-context:
      - appId=cid-v1:797d7e4e-8180-497e-a254-780fbd39ba4d
      strict-transport-security:
      - max-age=31536000; includeSubDomains
      x-content-type-options:
      - nosniff
      x-ms-ratelimit-remaining-subscription-writes:
      - '1199'
      x-rp-server-mvid:
      - 2d8cffe0-ed19-4f32-b630-c96199e681e1
    status:
      code: 201
      message: Created
- request:
    body: null
    headers:
      Accept:
      - '*/*'
      Accept-Encoding:
      - gzip, deflate
      CommandName:
      - spring application-configuration-service clear
      Connection:
      - keep-alive
      ParameterSetName:
      - -g -s
      User-Agent:
      - AZURECLI/2.46.0 azsdk-python-mgmt-appplatform/6.1.0 Python/3.9.13 (Windows-10-10.0.22621-SP0)
    method: GET
    uri: https://management.azure.com/subscriptions/00000000-0000-0000-0000-000000000000/resourceGroups/clitest.rg000001/providers/Microsoft.AppPlatform/locations/eastus/operationStatus/clitest000002/operationId/f0bdfe42-79da-4742-a5ab-0784e70d097d?api-version=2023-11-01-preview
  response:
    body:
      string: '{"id":"subscriptions/d51e3ffe-6b84-49cd-b426-0dc4ec660356/resourceGroups/clitest.rg000001/providers/Microsoft.AppPlatform/locations/eastus/operationStatus/clitest000002/operationId/f0bdfe42-79da-4742-a5ab-0784e70d097d","name":"f0bdfe42-79da-4742-a5ab-0784e70d097d","status":"Running","startTime":"2023-04-12T09:06:30.6220227Z"}'
    headers:
      cache-control:
      - no-cache
      content-length:
      - '328'
      content-type:
      - application/json
      date:
      - Wed, 12 Apr 2023 09:06:30 GMT
      expires:
      - '-1'
      pragma:
      - no-cache
      request-context:
      - appId=cid-v1:797d7e4e-8180-497e-a254-780fbd39ba4d
      strict-transport-security:
      - max-age=31536000; includeSubDomains
      transfer-encoding:
      - chunked
      vary:
      - Accept-Encoding
      x-content-type-options:
      - nosniff
      x-rp-server-mvid:
      - 2d8cffe0-ed19-4f32-b630-c96199e681e1
    status:
      code: 200
      message: OK
- request:
    body: null
    headers:
      Accept:
      - '*/*'
      Accept-Encoding:
      - gzip, deflate
      CommandName:
      - spring application-configuration-service clear
      Connection:
      - keep-alive
      ParameterSetName:
      - -g -s
      User-Agent:
      - AZURECLI/2.46.0 azsdk-python-mgmt-appplatform/6.1.0 Python/3.9.13 (Windows-10-10.0.22621-SP0)
    method: GET
    uri: https://management.azure.com/subscriptions/00000000-0000-0000-0000-000000000000/resourceGroups/clitest.rg000001/providers/Microsoft.AppPlatform/locations/eastus/operationStatus/clitest000002/operationId/f0bdfe42-79da-4742-a5ab-0784e70d097d?api-version=2023-11-01-preview
  response:
    body:
      string: '{"id":"subscriptions/d51e3ffe-6b84-49cd-b426-0dc4ec660356/resourceGroups/clitest.rg000001/providers/Microsoft.AppPlatform/locations/eastus/operationStatus/clitest000002/operationId/f0bdfe42-79da-4742-a5ab-0784e70d097d","name":"f0bdfe42-79da-4742-a5ab-0784e70d097d","status":"Running","startTime":"2023-04-12T09:06:30.6220227Z"}'
    headers:
      cache-control:
      - no-cache
      content-length:
      - '328'
      content-type:
      - application/json
      date:
      - Wed, 12 Apr 2023 09:06:40 GMT
      expires:
      - '-1'
      pragma:
      - no-cache
      request-context:
      - appId=cid-v1:797d7e4e-8180-497e-a254-780fbd39ba4d
      strict-transport-security:
      - max-age=31536000; includeSubDomains
      transfer-encoding:
      - chunked
      vary:
      - Accept-Encoding
      x-content-type-options:
      - nosniff
      x-rp-server-mvid:
      - 2d8cffe0-ed19-4f32-b630-c96199e681e1
    status:
      code: 200
      message: OK
- request:
    body: null
    headers:
      Accept:
      - '*/*'
      Accept-Encoding:
      - gzip, deflate
      CommandName:
      - spring application-configuration-service clear
      Connection:
      - keep-alive
      ParameterSetName:
      - -g -s
      User-Agent:
      - AZURECLI/2.46.0 azsdk-python-mgmt-appplatform/6.1.0 Python/3.9.13 (Windows-10-10.0.22621-SP0)
    method: GET
    uri: https://management.azure.com/subscriptions/00000000-0000-0000-0000-000000000000/resourceGroups/clitest.rg000001/providers/Microsoft.AppPlatform/locations/eastus/operationStatus/clitest000002/operationId/f0bdfe42-79da-4742-a5ab-0784e70d097d?api-version=2023-11-01-preview
  response:
    body:
      string: '{"id":"subscriptions/d51e3ffe-6b84-49cd-b426-0dc4ec660356/resourceGroups/clitest.rg000001/providers/Microsoft.AppPlatform/locations/eastus/operationStatus/clitest000002/operationId/f0bdfe42-79da-4742-a5ab-0784e70d097d","name":"f0bdfe42-79da-4742-a5ab-0784e70d097d","status":"Succeeded","startTime":"2023-04-12T09:06:30.6220227Z","endTime":"2023-04-12T09:06:48.9170216Z"}'
    headers:
      cache-control:
      - no-cache
      content-length:
      - '371'
      content-type:
      - application/json
      date:
      - Wed, 12 Apr 2023 09:06:50 GMT
      expires:
      - '-1'
      pragma:
      - no-cache
      request-context:
      - appId=cid-v1:797d7e4e-8180-497e-a254-780fbd39ba4d
      strict-transport-security:
      - max-age=31536000; includeSubDomains
      transfer-encoding:
      - chunked
      vary:
      - Accept-Encoding
      x-content-type-options:
      - nosniff
      x-rp-server-mvid:
      - 2d8cffe0-ed19-4f32-b630-c96199e681e1
    status:
      code: 200
      message: OK
- request:
    body: null
    headers:
      Accept:
      - '*/*'
      Accept-Encoding:
      - gzip, deflate
      CommandName:
      - spring application-configuration-service clear
      Connection:
      - keep-alive
      ParameterSetName:
      - -g -s
      User-Agent:
      - AZURECLI/2.46.0 azsdk-python-mgmt-appplatform/6.1.0 Python/3.9.13 (Windows-10-10.0.22621-SP0)
    method: GET
    uri: https://management.azure.com/subscriptions/00000000-0000-0000-0000-000000000000/resourceGroups/clitest.rg000001/providers/Microsoft.AppPlatform/Spring/clitest000002/configurationServices/default?api-version=2023-11-01-preview
  response:
    body:
      string: '{"properties":{"provisioningState":"Succeeded","settings":{"gitProperty":{"repositories":[]}},"resourceRequests":{"cpu":"500m","memory":"1Gi","instanceCount":2},"instances":[{"name":"application-configuration-service-57c6f89cdc-8xbwj","status":"Running"},{"name":"application-configuration-service-57c6f89cdc-nn4gv","status":"Running"}],"generation":"Gen1"},"type":"Microsoft.AppPlatform/Spring/configurationServices","id":"/subscriptions/00000000-0000-0000-0000-000000000000/resourceGroups/clitest.rg000001/providers/Microsoft.AppPlatform/Spring/clitest000002/configurationServices/default","name":"default","systemData":{"createdBy":"yuwzho@microsoft.com","createdByType":"User","createdAt":"2023-04-03T07:34:03.7672165Z","lastModifiedBy":"yuwzho@microsoft.com","lastModifiedByType":"User","lastModifiedAt":"2023-04-12T09:06:29.8417468Z"}}'
    headers:
      cache-control:
      - no-cache
      content-length:
      - '774'
      content-type:
      - application/json
      date:
      - Wed, 12 Apr 2023 09:06:51 GMT
      expires:
      - '-1'
      pragma:
      - no-cache
      request-context:
      - appId=cid-v1:797d7e4e-8180-497e-a254-780fbd39ba4d
      strict-transport-security:
      - max-age=31536000; includeSubDomains
      transfer-encoding:
      - chunked
      vary:
      - Accept-Encoding
      x-content-type-options:
      - nosniff
      x-rp-server-mvid:
      - 2d8cffe0-ed19-4f32-b630-c96199e681e1
    status:
      code: 200
      message: OK
- request:
    body: null
    headers:
      Accept:
      - application/json
      Accept-Encoding:
      - gzip, deflate
      CommandName:
      - spring application-configuration-service update
      Connection:
      - keep-alive
      ParameterSetName:
      - -g -s --generation
      User-Agent:
      - AZURECLI/2.49.0 azsdk-python-mgmt-appplatform/6.1.0 Python/3.8.0 (Linux-4.4.0-22621-Microsoft-x86_64-with-glibc2.27)
    method: GET
    uri: https://management.azure.com/subscriptions/00000000-0000-0000-0000-000000000000/resourceGroups/clitest.rg000001/providers/Microsoft.AppPlatform/Spring/clitest000002?api-version=2023-11-01-preview
  response:
    body:
      string: '{"properties":{"provisioningState":"Succeeded","zoneRedundant":false,"version":3,"serviceId":"88bae0145b95432aba6029eb7be95357","networkProfile":{"outboundIPs":{"publicIPs":["20.26.166.233","20.26.163.246"]},"outboundType":"loadBalancer"},"powerState":"Running","fqdn":"clitest000002.azuremicroservices.io","marketplaceResource":{"plan":"asa-ent-hr-mtr","publisher":"vmware-inc","product":"azure-spring-cloud-vmware-tanzu-2"}},"type":"Microsoft.AppPlatform/Spring","sku":{"name":"E0","tier":"Enterprise"},"location":"uksouth","tags":null,"id":"/subscriptions/00000000-0000-0000-0000-000000000000/resourceGroups/clitest.rg000001/providers/Microsoft.AppPlatform/Spring/clitest000002","name":"clitest000002","systemData":{"createdBy":"xiading@microsoft.com","createdByType":"User","createdAt":"2023-06-19T13:21:48.9121073Z","lastModifiedBy":"xiading@microsoft.com","lastModifiedByType":"User","lastModifiedAt":"2023-06-19T13:21:48.9121073Z"}}'
    headers:
      cache-control:
      - no-cache
      content-length:
      - '939'
      content-type:
      - application/json
      date:
      - Mon, 19 Jun 2023 13:37:10 GMT
      expires:
      - '-1'
      pragma:
      - no-cache
      request-context:
      - appId=cid-v1:797d7e4e-8180-497e-a254-780fbd39ba4d
      strict-transport-security:
      - max-age=31536000; includeSubDomains
      transfer-encoding:
      - chunked
      vary:
      - Accept-Encoding
      x-content-type-options:
      - nosniff
      x-ms-ratelimit-remaining-subscription-resource-requests:
      - '11999'
      x-rp-server-mvid:
      - e21453e3-f997-429b-807d-91c2d4f20795
    status:
      code: 200
      message: OK
- request:
    body: null
    headers:
      Accept:
      - application/json
      Accept-Encoding:
      - gzip, deflate
      CommandName:
      - spring application-configuration-service update
      Connection:
      - keep-alive
      ParameterSetName:
      - -g -s --generation
      User-Agent:
      - AZURECLI/2.49.0 azsdk-python-mgmt-appplatform/6.1.0 Python/3.8.0 (Linux-4.4.0-22621-Microsoft-x86_64-with-glibc2.27)
    method: GET
    uri: https://management.azure.com/subscriptions/00000000-0000-0000-0000-000000000000/resourceGroups/clitest.rg000001/providers/Microsoft.AppPlatform/Spring/clitest000002/configurationServices/default?api-version=2023-11-01-preview
  response:
    body:
      string: '{"properties":{"provisioningState":"Succeeded","resourceRequests":{"cpu":"500m","memory":"1Gi","instanceCount":2},"instances":[{"name":"application-configuration-service-bc49d9994-2lm6p","status":"Running"},{"name":"application-configuration-service-bc49d9994-rzhbr","status":"Running"}],"generation":"Gen1"},"type":"Microsoft.AppPlatform/Spring/configurationServices","id":"/subscriptions/00000000-0000-0000-0000-000000000000/resourceGroups/clitest.rg000001/providers/Microsoft.AppPlatform/Spring/clitest000002/configurationServices/default","name":"default","systemData":{"createdBy":"xiading@microsoft.com","createdByType":"User","createdAt":"2023-06-19T13:28:18.5363359Z","lastModifiedBy":"xiading@microsoft.com","lastModifiedByType":"User","lastModifiedAt":"2023-06-19T13:36:55.4046935Z"}}'
    headers:
      cache-control:
      - no-cache
      content-length:
      - '794'
      content-type:
      - application/json
      date:
      - Mon, 19 Jun 2023 13:37:13 GMT
      expires:
      - '-1'
      pragma:
      - no-cache
      request-context:
      - appId=cid-v1:797d7e4e-8180-497e-a254-780fbd39ba4d
      strict-transport-security:
      - max-age=31536000; includeSubDomains
      transfer-encoding:
      - chunked
      vary:
      - Accept-Encoding
      x-content-type-options:
      - nosniff
      x-rp-server-mvid:
      - e21453e3-f997-429b-807d-91c2d4f20795
    status:
      code: 200
      message: OK
- request:
    body: '{"properties": {"generation": "Gen2"}}'
    headers:
      Accept:
      - application/json
      Accept-Encoding:
      - gzip, deflate
      CommandName:
      - spring application-configuration-service update
      Connection:
      - keep-alive
      Content-Length:
      - '38'
      Content-Type:
      - application/json
      ParameterSetName:
      - -g -s --generation
      User-Agent:
      - AZURECLI/2.49.0 azsdk-python-mgmt-appplatform/6.1.0 Python/3.8.0 (Linux-4.4.0-22621-Microsoft-x86_64-with-glibc2.27)
    method: PUT
    uri: https://management.azure.com/subscriptions/00000000-0000-0000-0000-000000000000/resourceGroups/clitest.rg000001/providers/Microsoft.AppPlatform/Spring/clitest000002/configurationServices/default?api-version=2023-11-01-preview
  response:
    body:
      string: '{"properties":{"provisioningState":"Updating","resourceRequests":{"cpu":"500m","memory":"1Gi","instanceCount":2},"instances":[{"name":"application-configuration-service-bc49d9994-2lm6p","status":"Running"},{"name":"application-configuration-service-bc49d9994-rzhbr","status":"Running"},{"name":"fluxcd-source-controller-69b59ddcc5-th8c6","status":"Running"}],"generation":"Gen2"},"type":"Microsoft.AppPlatform/Spring/configurationServices","id":"/subscriptions/00000000-0000-0000-0000-000000000000/resourceGroups/clitest.rg000001/providers/Microsoft.AppPlatform/Spring/clitest000002/configurationServices/default","name":"default","systemData":{"createdBy":"xiading@microsoft.com","createdByType":"User","createdAt":"2023-06-19T13:28:18.5363359Z","lastModifiedBy":"xiading@microsoft.com","lastModifiedByType":"User","lastModifiedAt":"2023-06-19T13:37:14.2632614Z"}}'
    headers:
      azure-asyncoperation:
      - https://management.azure.com/subscriptions/00000000-0000-0000-0000-000000000000/resourceGroups/clitest.rg000001/providers/Microsoft.AppPlatform/locations/uksouth/operationStatus/clitest000002/operationId/77cf9a78-1c3c-4f07-b2f8-c8f6afeafa96?api-version=2023-11-01-preview
      cache-control:
      - no-cache
      content-length:
      - '865'
      content-type:
      - application/json
      date:
      - Mon, 19 Jun 2023 13:37:14 GMT
      expires:
      - '-1'
      location:
      - https://management.azure.com/subscriptions/00000000-0000-0000-0000-000000000000/resourceGroups/clitest.rg000001/providers/Microsoft.AppPlatform/locations/uksouth/operationResults/77cf9a78-1c3c-4f07-b2f8-c8f6afeafa96/Spring/clitest000002?api-version=2023-11-01-preview
      pragma:
      - no-cache
      request-context:
      - appId=cid-v1:797d7e4e-8180-497e-a254-780fbd39ba4d
      strict-transport-security:
      - max-age=31536000; includeSubDomains
      x-content-type-options:
      - nosniff
      x-ms-ratelimit-remaining-subscription-writes:
      - '1199'
      x-rp-server-mvid:
      - e21453e3-f997-429b-807d-91c2d4f20795
    status:
      code: 201
      message: Created
- request:
    body: null
    headers:
      Accept:
      - '*/*'
      Accept-Encoding:
      - gzip, deflate
      CommandName:
      - spring application-configuration-service update
      Connection:
      - keep-alive
      ParameterSetName:
      - -g -s --generation
      User-Agent:
      - AZURECLI/2.49.0 azsdk-python-mgmt-appplatform/6.1.0 Python/3.8.0 (Linux-4.4.0-22621-Microsoft-x86_64-with-glibc2.27)
    method: GET
    uri: https://management.azure.com/subscriptions/00000000-0000-0000-0000-000000000000/resourceGroups/clitest.rg000001/providers/Microsoft.AppPlatform/locations/uksouth/operationStatus/clitest000002/operationId/77cf9a78-1c3c-4f07-b2f8-c8f6afeafa96?api-version=2023-11-01-preview
  response:
    body:
      string: '{"id":"subscriptions/d51e3ffe-6b84-49cd-b426-0dc4ec660356/resourceGroups/clitest.rg000001/providers/Microsoft.AppPlatform/locations/uksouth/operationStatus/clitest000002/operationId/77cf9a78-1c3c-4f07-b2f8-c8f6afeafa96","name":"77cf9a78-1c3c-4f07-b2f8-c8f6afeafa96","status":"Running","startTime":"2023-06-19T13:37:15.4409482Z"}'
    headers:
      cache-control:
      - no-cache
      content-length:
      - '328'
      content-type:
      - application/json
      date:
      - Mon, 19 Jun 2023 13:37:15 GMT
      expires:
      - '-1'
      pragma:
      - no-cache
      request-context:
      - appId=cid-v1:797d7e4e-8180-497e-a254-780fbd39ba4d
      strict-transport-security:
      - max-age=31536000; includeSubDomains
      transfer-encoding:
      - chunked
      vary:
      - Accept-Encoding
      x-content-type-options:
      - nosniff
      x-rp-server-mvid:
      - e21453e3-f997-429b-807d-91c2d4f20795
    status:
      code: 200
      message: OK
- request:
    body: null
    headers:
      Accept:
      - '*/*'
      Accept-Encoding:
      - gzip, deflate
      CommandName:
      - spring application-configuration-service update
      Connection:
      - keep-alive
      ParameterSetName:
      - -g -s --generation
      User-Agent:
      - AZURECLI/2.49.0 azsdk-python-mgmt-appplatform/6.1.0 Python/3.8.0 (Linux-4.4.0-22621-Microsoft-x86_64-with-glibc2.27)
    method: GET
    uri: https://management.azure.com/subscriptions/00000000-0000-0000-0000-000000000000/resourceGroups/clitest.rg000001/providers/Microsoft.AppPlatform/locations/uksouth/operationStatus/clitest000002/operationId/77cf9a78-1c3c-4f07-b2f8-c8f6afeafa96?api-version=2023-11-01-preview
  response:
    body:
      string: '{"id":"subscriptions/d51e3ffe-6b84-49cd-b426-0dc4ec660356/resourceGroups/clitest.rg000001/providers/Microsoft.AppPlatform/locations/uksouth/operationStatus/clitest000002/operationId/77cf9a78-1c3c-4f07-b2f8-c8f6afeafa96","name":"77cf9a78-1c3c-4f07-b2f8-c8f6afeafa96","status":"Succeeded","startTime":"2023-06-19T13:37:15.4409482Z","endTime":"2023-06-19T13:47:06.8502266Z"}'
    headers:
      cache-control:
      - no-cache
      content-length:
      - '371'
      content-type:
      - application/json
      date:
      - Mon, 19 Jun 2023 13:47:07 GMT
      expires:
      - '-1'
      pragma:
      - no-cache
      request-context:
      - appId=cid-v1:797d7e4e-8180-497e-a254-780fbd39ba4d
      strict-transport-security:
      - max-age=31536000; includeSubDomains
      transfer-encoding:
      - chunked
      vary:
      - Accept-Encoding
      x-content-type-options:
      - nosniff
      x-rp-server-mvid:
      - e21453e3-f997-429b-807d-91c2d4f20795
    status:
      code: 200
      message: OK
- request:
    body: null
    headers:
      Accept:
      - '*/*'
      Accept-Encoding:
      - gzip, deflate
      CommandName:
      - spring application-configuration-service update
      Connection:
      - keep-alive
      ParameterSetName:
      - -g -s --generation
      User-Agent:
      - AZURECLI/2.49.0 azsdk-python-mgmt-appplatform/6.1.0 Python/3.8.0 (Linux-4.4.0-22621-Microsoft-x86_64-with-glibc2.27)
    method: GET
    uri: https://management.azure.com/subscriptions/00000000-0000-0000-0000-000000000000/resourceGroups/clitest.rg000001/providers/Microsoft.AppPlatform/Spring/clitest000002/configurationServices/default?api-version=2023-11-01-preview
  response:
    body:
      string: '{"properties":{"provisioningState":"Succeeded","resourceRequests":{"cpu":"500m","memory":"1Gi","instanceCount":2},"instances":[{"name":"application-configuration-service-8d9c49676-ggprk","status":"Running"},{"name":"application-configuration-service-8d9c49676-tpsc6","status":"Running"},{"name":"fluxcd-source-controller-69b59ddcc5-th8c6","status":"Running"}],"generation":"Gen2"},"type":"Microsoft.AppPlatform/Spring/configurationServices","id":"/subscriptions/00000000-0000-0000-0000-000000000000/resourceGroups/clitest.rg000001/providers/Microsoft.AppPlatform/Spring/clitest000002/configurationServices/default","name":"default","systemData":{"createdBy":"xiading@microsoft.com","createdByType":"User","createdAt":"2023-06-19T13:28:18.5363359Z","lastModifiedBy":"xiading@microsoft.com","lastModifiedByType":"User","lastModifiedAt":"2023-06-19T13:37:14.2632614Z"}}'
    headers:
      cache-control:
      - no-cache
      content-length:
      - '866'
      content-type:
      - application/json
      date:
      - Mon, 19 Jun 2023 13:47:07 GMT
      expires:
      - '-1'
      pragma:
      - no-cache
      request-context:
      - appId=cid-v1:797d7e4e-8180-497e-a254-780fbd39ba4d
      strict-transport-security:
      - max-age=31536000; includeSubDomains
      transfer-encoding:
      - chunked
      vary:
      - Accept-Encoding
      x-content-type-options:
      - nosniff
      x-rp-server-mvid:
      - e21453e3-f997-429b-807d-91c2d4f20795
    status:
      code: 200
      message: OK
version: 1
