interactions:
- request:
    body: '{"type": "Microsoft.AppPlatform/Spring", "name": "cli-unittest-9-1"}'
    headers:
      Accept:
      - application/json
      Accept-Encoding:
      - gzip, deflate
      CommandName:
      - spring create
      Connection:
      - keep-alive
      Content-Length:
      - '68'
      Content-Type:
      - application/json
      ParameterSetName:
      - -n -g --sku -l --no-wait --disable-app-insights
      User-Agent:
      - AZURECLI/2.39.0 azsdk-python-mgmt-appplatform/6.1.0 Python/3.9.13 (Windows-10-10.0.19044-SP0)
    method: POST
    uri: https://management.azure.com/subscriptions/00000000-0000-0000-0000-000000000000/providers/Microsoft.AppPlatform/locations/eastus2/checkNameAvailability?api-version=2023-11-01-preview
  response:
    body:
      string: '{"nameAvailable":true}'
    headers:
      cache-control:
      - no-cache
      content-length:
      - '22'
      content-type:
      - application/json; charset=utf-8
      date:
      - Wed, 07 Sep 2022 04:58:45 GMT
      expires:
      - '-1'
      pragma:
      - no-cache
      request-context:
      - appId=cid-v1:797d7e4e-8180-497e-a254-780fbd39ba4d
      strict-transport-security:
      - max-age=31536000; includeSubDomains
      transfer-encoding:
      - chunked
      vary:
      - Accept-Encoding
      x-content-type-options:
      - nosniff
      x-ms-ratelimit-remaining-subscription-writes:
      - '1199'
      x-rp-server-mvid:
      - 241ec0d8-d41d-4dce-842c-f5a9d8334be4
    status:
      code: 200
      message: OK
- request:
    body: '{"location": "eastus2", "properties": {"zoneRedundant": false}, "sku":
      {"name": "B0", "tier": "Basic"}}'
    headers:
      Accept:
      - application/json
      Accept-Encoding:
      - gzip, deflate
      CommandName:
      - spring create
      Connection:
      - keep-alive
      Content-Length:
      - '103'
      Content-Type:
      - application/json
      ParameterSetName:
      - -n -g --sku -l --no-wait --disable-app-insights
      User-Agent:
      - AZURECLI/2.39.0 azsdk-python-mgmt-appplatform/6.1.0 Python/3.9.13 (Windows-10-10.0.19044-SP0)
    method: PUT
    uri: https://management.azure.com/subscriptions/00000000-0000-0000-0000-000000000000/resourceGroups/cli/providers/Microsoft.AppPlatform/Spring/cli-unittest-9-1?api-version=2023-11-01-preview
  response:
    body:
      string: '{"properties":{"provisioningState":"Creating","zoneRedundant":false,"version":3,"serviceId":"3b8cb45a5e624383be671c5bfe2bccb3","powerState":"Running","fqdn":"cli-unittest-9-1.azuremicroservices.io"},"type":"Microsoft.AppPlatform/Spring","sku":{"name":"B0","tier":"Basic"},"location":"eastus2","tags":null,"id":"/subscriptions/00000000-0000-0000-0000-000000000000/resourceGroups/cli/providers/Microsoft.AppPlatform/Spring/cli-unittest-9-1","name":"cli-unittest-9-1","systemData":{"createdBy":"caihuarui@microsoft.com","createdByType":"User","createdAt":"2022-09-07T04:58:50.6853133Z","lastModifiedBy":"caihuarui@microsoft.com","lastModifiedByType":"User","lastModifiedAt":"2022-09-07T04:58:50.6853133Z"}}'
    headers:
      azure-asyncoperation:
      - https://management.azure.com/subscriptions/00000000-0000-0000-0000-000000000000/resourceGroups/cli/providers/Microsoft.AppPlatform/locations/eastus2/operationStatus/cli-unittest-9-1/operationId/8f80a56a-1d39-44e4-ba2c-0fb093cfe1b0?api-version=2023-11-01-preview
      cache-control:
      - no-cache
      content-length:
      - '703'
      content-type:
      - application/json; charset=utf-8
      date:
      - Wed, 07 Sep 2022 04:58:53 GMT
      expires:
      - '-1'
      location:
      - https://management.azure.com/subscriptions/00000000-0000-0000-0000-000000000000/resourceGroups/cli/providers/Microsoft.AppPlatform/locations/eastus2/operationResults/8f80a56a-1d39-44e4-ba2c-0fb093cfe1b0/Spring/cli-unittest-9-1?api-version=2023-11-01-preview
      pragma:
      - no-cache
      request-context:
      - appId=cid-v1:797d7e4e-8180-497e-a254-780fbd39ba4d
      strict-transport-security:
      - max-age=31536000; includeSubDomains
      x-content-type-options:
      - nosniff
      x-ms-ratelimit-remaining-subscription-resource-requests:
      - '1199'
      x-rp-server-mvid:
      - 241ec0d8-d41d-4dce-842c-f5a9d8334be4
    status:
      code: 201
      message: Created
- request:
    body: null
    headers:
      Accept:
      - '*/*'
      Accept-Encoding:
      - gzip, deflate
      CommandName:
      - spring create
      Connection:
      - keep-alive
      ParameterSetName:
      - -n -g --sku -l --no-wait --disable-app-insights
      User-Agent:
      - AZURECLI/2.39.0 azsdk-python-mgmt-appplatform/6.1.0 Python/3.9.13 (Windows-10-10.0.19044-SP0)
    method: GET
    uri: https://management.azure.com/subscriptions/00000000-0000-0000-0000-000000000000/resourceGroups/cli/providers/Microsoft.AppPlatform/locations/eastus2/operationStatus/cli-unittest-9-1/operationId/8f80a56a-1d39-44e4-ba2c-0fb093cfe1b0?api-version=2023-11-01-preview
  response:
    body:
      string: '{"id":"subscriptions/0753feba-86f1-4242-aff1-27938fb04531/resourceGroups/cli/providers/Microsoft.AppPlatform/locations/eastus2/operationStatus/cli-unittest-9-1/operationId/8f80a56a-1d39-44e4-ba2c-0fb093cfe1b0","name":"8f80a56a-1d39-44e4-ba2c-0fb093cfe1b0","status":"Running","startTime":"2022-09-07T04:58:51.431995Z"}'
    headers:
      cache-control:
      - no-cache
      content-length:
      - '317'
      content-type:
      - application/json; charset=utf-8
      date:
      - Wed, 07 Sep 2022 04:59:23 GMT
      expires:
      - '-1'
      pragma:
      - no-cache
      request-context:
      - appId=cid-v1:797d7e4e-8180-497e-a254-780fbd39ba4d
      strict-transport-security:
      - max-age=31536000; includeSubDomains
      transfer-encoding:
      - chunked
      vary:
      - Accept-Encoding
      x-content-type-options:
      - nosniff
      x-rp-server-mvid:
      - 241ec0d8-d41d-4dce-842c-f5a9d8334be4
    status:
      code: 200
      message: OK
- request:
    body: null
    headers:
      Accept:
      - '*/*'
      Accept-Encoding:
      - gzip, deflate
      CommandName:
      - spring create
      Connection:
      - keep-alive
      ParameterSetName:
      - -n -g --sku -l --no-wait --disable-app-insights
      User-Agent:
      - AZURECLI/2.39.0 azsdk-python-mgmt-appplatform/6.1.0 Python/3.9.13 (Windows-10-10.0.19044-SP0)
    method: GET
    uri: https://management.azure.com/subscriptions/00000000-0000-0000-0000-000000000000/resourceGroups/cli/providers/Microsoft.AppPlatform/locations/eastus2/operationStatus/cli-unittest-9-1/operationId/8f80a56a-1d39-44e4-ba2c-0fb093cfe1b0?api-version=2023-11-01-preview
  response:
    body:
      string: '{"id":"subscriptions/0753feba-86f1-4242-aff1-27938fb04531/resourceGroups/cli/providers/Microsoft.AppPlatform/locations/eastus2/operationStatus/cli-unittest-9-1/operationId/8f80a56a-1d39-44e4-ba2c-0fb093cfe1b0","name":"8f80a56a-1d39-44e4-ba2c-0fb093cfe1b0","status":"Running","startTime":"2022-09-07T04:58:51.431995Z"}'
    headers:
      cache-control:
      - no-cache
      content-length:
      - '317'
      content-type:
      - application/json; charset=utf-8
      date:
      - Wed, 07 Sep 2022 04:59:34 GMT
      expires:
      - '-1'
      pragma:
      - no-cache
      request-context:
      - appId=cid-v1:797d7e4e-8180-497e-a254-780fbd39ba4d
      strict-transport-security:
      - max-age=31536000; includeSubDomains
      transfer-encoding:
      - chunked
      vary:
      - Accept-Encoding
      x-content-type-options:
      - nosniff
      x-rp-server-mvid:
      - 241ec0d8-d41d-4dce-842c-f5a9d8334be4
    status:
      code: 200
      message: OK
- request:
    body: null
    headers:
      Accept:
      - '*/*'
      Accept-Encoding:
      - gzip, deflate
      CommandName:
      - spring create
      Connection:
      - keep-alive
      ParameterSetName:
      - -n -g --sku -l --no-wait --disable-app-insights
      User-Agent:
      - AZURECLI/2.39.0 azsdk-python-mgmt-appplatform/6.1.0 Python/3.9.13 (Windows-10-10.0.19044-SP0)
    method: GET
    uri: https://management.azure.com/subscriptions/00000000-0000-0000-0000-000000000000/resourceGroups/cli/providers/Microsoft.AppPlatform/locations/eastus2/operationStatus/cli-unittest-9-1/operationId/8f80a56a-1d39-44e4-ba2c-0fb093cfe1b0?api-version=2023-11-01-preview
  response:
    body:
      string: '{"id":"subscriptions/0753feba-86f1-4242-aff1-27938fb04531/resourceGroups/cli/providers/Microsoft.AppPlatform/locations/eastus2/operationStatus/cli-unittest-9-1/operationId/8f80a56a-1d39-44e4-ba2c-0fb093cfe1b0","name":"8f80a56a-1d39-44e4-ba2c-0fb093cfe1b0","status":"Running","startTime":"2022-09-07T04:58:51.431995Z"}'
    headers:
      cache-control:
      - no-cache
      content-length:
      - '317'
      content-type:
      - application/json; charset=utf-8
      date:
      - Wed, 07 Sep 2022 04:59:44 GMT
      expires:
      - '-1'
      pragma:
      - no-cache
      request-context:
      - appId=cid-v1:797d7e4e-8180-497e-a254-780fbd39ba4d
      strict-transport-security:
      - max-age=31536000; includeSubDomains
      transfer-encoding:
      - chunked
      vary:
      - Accept-Encoding
      x-content-type-options:
      - nosniff
      x-rp-server-mvid:
      - 241ec0d8-d41d-4dce-842c-f5a9d8334be4
    status:
      code: 200
      message: OK
- request:
    body: null
    headers:
      Accept:
      - '*/*'
      Accept-Encoding:
      - gzip, deflate
      CommandName:
      - spring create
      Connection:
      - keep-alive
      ParameterSetName:
      - -n -g --sku -l --no-wait --disable-app-insights
      User-Agent:
      - AZURECLI/2.39.0 azsdk-python-mgmt-appplatform/6.1.0 Python/3.9.13 (Windows-10-10.0.19044-SP0)
    method: GET
    uri: https://management.azure.com/subscriptions/00000000-0000-0000-0000-000000000000/resourceGroups/cli/providers/Microsoft.AppPlatform/locations/eastus2/operationStatus/cli-unittest-9-1/operationId/8f80a56a-1d39-44e4-ba2c-0fb093cfe1b0?api-version=2023-11-01-preview
  response:
    body:
      string: '{"id":"subscriptions/0753feba-86f1-4242-aff1-27938fb04531/resourceGroups/cli/providers/Microsoft.AppPlatform/locations/eastus2/operationStatus/cli-unittest-9-1/operationId/8f80a56a-1d39-44e4-ba2c-0fb093cfe1b0","name":"8f80a56a-1d39-44e4-ba2c-0fb093cfe1b0","status":"Running","startTime":"2022-09-07T04:58:51.431995Z"}'
    headers:
      cache-control:
      - no-cache
      content-length:
      - '317'
      content-type:
      - application/json; charset=utf-8
      date:
      - Wed, 07 Sep 2022 04:59:55 GMT
      expires:
      - '-1'
      pragma:
      - no-cache
      request-context:
      - appId=cid-v1:797d7e4e-8180-497e-a254-780fbd39ba4d
      strict-transport-security:
      - max-age=31536000; includeSubDomains
      transfer-encoding:
      - chunked
      vary:
      - Accept-Encoding
      x-content-type-options:
      - nosniff
      x-rp-server-mvid:
      - 241ec0d8-d41d-4dce-842c-f5a9d8334be4
    status:
      code: 200
      message: OK
- request:
    body: null
    headers:
      Accept:
      - '*/*'
      Accept-Encoding:
      - gzip, deflate
      CommandName:
      - spring create
      Connection:
      - keep-alive
      ParameterSetName:
      - -n -g --sku -l --no-wait --disable-app-insights
      User-Agent:
      - AZURECLI/2.39.0 azsdk-python-mgmt-appplatform/6.1.0 Python/3.9.13 (Windows-10-10.0.19044-SP0)
    method: GET
    uri: https://management.azure.com/subscriptions/00000000-0000-0000-0000-000000000000/resourceGroups/cli/providers/Microsoft.AppPlatform/locations/eastus2/operationStatus/cli-unittest-9-1/operationId/8f80a56a-1d39-44e4-ba2c-0fb093cfe1b0?api-version=2023-11-01-preview
  response:
    body:
      string: '{"id":"subscriptions/0753feba-86f1-4242-aff1-27938fb04531/resourceGroups/cli/providers/Microsoft.AppPlatform/locations/eastus2/operationStatus/cli-unittest-9-1/operationId/8f80a56a-1d39-44e4-ba2c-0fb093cfe1b0","name":"8f80a56a-1d39-44e4-ba2c-0fb093cfe1b0","status":"Running","startTime":"2022-09-07T04:58:51.431995Z"}'
    headers:
      cache-control:
      - no-cache
      content-length:
      - '317'
      content-type:
      - application/json; charset=utf-8
      date:
      - Wed, 07 Sep 2022 05:00:05 GMT
      expires:
      - '-1'
      pragma:
      - no-cache
      request-context:
      - appId=cid-v1:797d7e4e-8180-497e-a254-780fbd39ba4d
      strict-transport-security:
      - max-age=31536000; includeSubDomains
      transfer-encoding:
      - chunked
      vary:
      - Accept-Encoding
      x-content-type-options:
      - nosniff
      x-rp-server-mvid:
      - 241ec0d8-d41d-4dce-842c-f5a9d8334be4
    status:
      code: 200
      message: OK
- request:
    body: null
    headers:
      Accept:
      - '*/*'
      Accept-Encoding:
      - gzip, deflate
      CommandName:
      - spring create
      Connection:
      - keep-alive
      ParameterSetName:
      - -n -g --sku -l --no-wait --disable-app-insights
      User-Agent:
      - AZURECLI/2.39.0 azsdk-python-mgmt-appplatform/6.1.0 Python/3.9.13 (Windows-10-10.0.19044-SP0)
    method: GET
    uri: https://management.azure.com/subscriptions/00000000-0000-0000-0000-000000000000/resourceGroups/cli/providers/Microsoft.AppPlatform/locations/eastus2/operationStatus/cli-unittest-9-1/operationId/8f80a56a-1d39-44e4-ba2c-0fb093cfe1b0?api-version=2023-11-01-preview
  response:
    body:
      string: '{"id":"subscriptions/0753feba-86f1-4242-aff1-27938fb04531/resourceGroups/cli/providers/Microsoft.AppPlatform/locations/eastus2/operationStatus/cli-unittest-9-1/operationId/8f80a56a-1d39-44e4-ba2c-0fb093cfe1b0","name":"8f80a56a-1d39-44e4-ba2c-0fb093cfe1b0","status":"Running","startTime":"2022-09-07T04:58:51.431995Z"}'
    headers:
      cache-control:
      - no-cache
      content-length:
      - '317'
      content-type:
      - application/json; charset=utf-8
      date:
      - Wed, 07 Sep 2022 05:00:16 GMT
      expires:
      - '-1'
      pragma:
      - no-cache
      request-context:
      - appId=cid-v1:797d7e4e-8180-497e-a254-780fbd39ba4d
      strict-transport-security:
      - max-age=31536000; includeSubDomains
      transfer-encoding:
      - chunked
      vary:
      - Accept-Encoding
      x-content-type-options:
      - nosniff
      x-rp-server-mvid:
      - 241ec0d8-d41d-4dce-842c-f5a9d8334be4
    status:
      code: 200
      message: OK
- request:
    body: null
    headers:
      Accept:
      - '*/*'
      Accept-Encoding:
      - gzip, deflate
      CommandName:
      - spring create
      Connection:
      - keep-alive
      ParameterSetName:
      - -n -g --sku -l --no-wait --disable-app-insights
      User-Agent:
      - AZURECLI/2.39.0 azsdk-python-mgmt-appplatform/6.1.0 Python/3.9.13 (Windows-10-10.0.19044-SP0)
    method: GET
    uri: https://management.azure.com/subscriptions/00000000-0000-0000-0000-000000000000/resourceGroups/cli/providers/Microsoft.AppPlatform/locations/eastus2/operationStatus/cli-unittest-9-1/operationId/8f80a56a-1d39-44e4-ba2c-0fb093cfe1b0?api-version=2023-11-01-preview
  response:
    body:
      string: '{"id":"subscriptions/0753feba-86f1-4242-aff1-27938fb04531/resourceGroups/cli/providers/Microsoft.AppPlatform/locations/eastus2/operationStatus/cli-unittest-9-1/operationId/8f80a56a-1d39-44e4-ba2c-0fb093cfe1b0","name":"8f80a56a-1d39-44e4-ba2c-0fb093cfe1b0","status":"Running","startTime":"2022-09-07T04:58:51.431995Z"}'
    headers:
      cache-control:
      - no-cache
      content-length:
      - '317'
      content-type:
      - application/json; charset=utf-8
      date:
      - Wed, 07 Sep 2022 05:00:26 GMT
      expires:
      - '-1'
      pragma:
      - no-cache
      request-context:
      - appId=cid-v1:797d7e4e-8180-497e-a254-780fbd39ba4d
      strict-transport-security:
      - max-age=31536000; includeSubDomains
      transfer-encoding:
      - chunked
      vary:
      - Accept-Encoding
      x-content-type-options:
      - nosniff
      x-rp-server-mvid:
      - 241ec0d8-d41d-4dce-842c-f5a9d8334be4
    status:
      code: 200
      message: OK
- request:
    body: null
    headers:
      Accept:
      - '*/*'
      Accept-Encoding:
      - gzip, deflate
      CommandName:
      - spring create
      Connection:
      - keep-alive
      ParameterSetName:
      - -n -g --sku -l --no-wait --disable-app-insights
      User-Agent:
      - AZURECLI/2.39.0 azsdk-python-mgmt-appplatform/6.1.0 Python/3.9.13 (Windows-10-10.0.19044-SP0)
    method: GET
    uri: https://management.azure.com/subscriptions/00000000-0000-0000-0000-000000000000/resourceGroups/cli/providers/Microsoft.AppPlatform/locations/eastus2/operationStatus/cli-unittest-9-1/operationId/8f80a56a-1d39-44e4-ba2c-0fb093cfe1b0?api-version=2023-11-01-preview
  response:
    body:
      string: '{"id":"subscriptions/0753feba-86f1-4242-aff1-27938fb04531/resourceGroups/cli/providers/Microsoft.AppPlatform/locations/eastus2/operationStatus/cli-unittest-9-1/operationId/8f80a56a-1d39-44e4-ba2c-0fb093cfe1b0","name":"8f80a56a-1d39-44e4-ba2c-0fb093cfe1b0","status":"Running","startTime":"2022-09-07T04:58:51.431995Z"}'
    headers:
      cache-control:
      - no-cache
      content-length:
      - '317'
      content-type:
      - application/json; charset=utf-8
      date:
      - Wed, 07 Sep 2022 05:00:37 GMT
      expires:
      - '-1'
      pragma:
      - no-cache
      request-context:
      - appId=cid-v1:797d7e4e-8180-497e-a254-780fbd39ba4d
      strict-transport-security:
      - max-age=31536000; includeSubDomains
      transfer-encoding:
      - chunked
      vary:
      - Accept-Encoding
      x-content-type-options:
      - nosniff
      x-rp-server-mvid:
      - 241ec0d8-d41d-4dce-842c-f5a9d8334be4
    status:
      code: 200
      message: OK
- request:
    body: null
    headers:
      Accept:
      - '*/*'
      Accept-Encoding:
      - gzip, deflate
      CommandName:
      - spring create
      Connection:
      - keep-alive
      ParameterSetName:
      - -n -g --sku -l --no-wait --disable-app-insights
      User-Agent:
      - AZURECLI/2.39.0 azsdk-python-mgmt-appplatform/6.1.0 Python/3.9.13 (Windows-10-10.0.19044-SP0)
    method: GET
    uri: https://management.azure.com/subscriptions/00000000-0000-0000-0000-000000000000/resourceGroups/cli/providers/Microsoft.AppPlatform/locations/eastus2/operationStatus/cli-unittest-9-1/operationId/8f80a56a-1d39-44e4-ba2c-0fb093cfe1b0?api-version=2023-11-01-preview
  response:
    body:
      string: '{"id":"subscriptions/0753feba-86f1-4242-aff1-27938fb04531/resourceGroups/cli/providers/Microsoft.AppPlatform/locations/eastus2/operationStatus/cli-unittest-9-1/operationId/8f80a56a-1d39-44e4-ba2c-0fb093cfe1b0","name":"8f80a56a-1d39-44e4-ba2c-0fb093cfe1b0","status":"Running","startTime":"2022-09-07T04:58:51.431995Z"}'
    headers:
      cache-control:
      - no-cache
      content-length:
      - '317'
      content-type:
      - application/json; charset=utf-8
      date:
      - Wed, 07 Sep 2022 05:00:48 GMT
      expires:
      - '-1'
      pragma:
      - no-cache
      request-context:
      - appId=cid-v1:797d7e4e-8180-497e-a254-780fbd39ba4d
      strict-transport-security:
      - max-age=31536000; includeSubDomains
      transfer-encoding:
      - chunked
      vary:
      - Accept-Encoding
      x-content-type-options:
      - nosniff
      x-rp-server-mvid:
      - 241ec0d8-d41d-4dce-842c-f5a9d8334be4
    status:
      code: 200
      message: OK
- request:
    body: null
    headers:
      Accept:
      - '*/*'
      Accept-Encoding:
      - gzip, deflate
      CommandName:
      - spring create
      Connection:
      - keep-alive
      ParameterSetName:
      - -n -g --sku -l --no-wait --disable-app-insights
      User-Agent:
      - AZURECLI/2.39.0 azsdk-python-mgmt-appplatform/6.1.0 Python/3.9.13 (Windows-10-10.0.19044-SP0)
    method: GET
    uri: https://management.azure.com/subscriptions/00000000-0000-0000-0000-000000000000/resourceGroups/cli/providers/Microsoft.AppPlatform/locations/eastus2/operationStatus/cli-unittest-9-1/operationId/8f80a56a-1d39-44e4-ba2c-0fb093cfe1b0?api-version=2023-11-01-preview
  response:
    body:
      string: '{"id":"subscriptions/0753feba-86f1-4242-aff1-27938fb04531/resourceGroups/cli/providers/Microsoft.AppPlatform/locations/eastus2/operationStatus/cli-unittest-9-1/operationId/8f80a56a-1d39-44e4-ba2c-0fb093cfe1b0","name":"8f80a56a-1d39-44e4-ba2c-0fb093cfe1b0","status":"Running","startTime":"2022-09-07T04:58:51.431995Z"}'
    headers:
      cache-control:
      - no-cache
      content-length:
      - '317'
      content-type:
      - application/json; charset=utf-8
      date:
      - Wed, 07 Sep 2022 05:00:58 GMT
      expires:
      - '-1'
      pragma:
      - no-cache
      request-context:
      - appId=cid-v1:797d7e4e-8180-497e-a254-780fbd39ba4d
      strict-transport-security:
      - max-age=31536000; includeSubDomains
      transfer-encoding:
      - chunked
      vary:
      - Accept-Encoding
      x-content-type-options:
      - nosniff
      x-rp-server-mvid:
      - 241ec0d8-d41d-4dce-842c-f5a9d8334be4
    status:
      code: 200
      message: OK
- request:
    body: null
    headers:
      Accept:
      - '*/*'
      Accept-Encoding:
      - gzip, deflate
      CommandName:
      - spring create
      Connection:
      - keep-alive
      ParameterSetName:
      - -n -g --sku -l --no-wait --disable-app-insights
      User-Agent:
      - AZURECLI/2.39.0 azsdk-python-mgmt-appplatform/6.1.0 Python/3.9.13 (Windows-10-10.0.19044-SP0)
    method: GET
    uri: https://management.azure.com/subscriptions/00000000-0000-0000-0000-000000000000/resourceGroups/cli/providers/Microsoft.AppPlatform/locations/eastus2/operationStatus/cli-unittest-9-1/operationId/8f80a56a-1d39-44e4-ba2c-0fb093cfe1b0?api-version=2023-11-01-preview
  response:
    body:
      string: '{"id":"subscriptions/0753feba-86f1-4242-aff1-27938fb04531/resourceGroups/cli/providers/Microsoft.AppPlatform/locations/eastus2/operationStatus/cli-unittest-9-1/operationId/8f80a56a-1d39-44e4-ba2c-0fb093cfe1b0","name":"8f80a56a-1d39-44e4-ba2c-0fb093cfe1b0","status":"Running","startTime":"2022-09-07T04:58:51.431995Z"}'
    headers:
      cache-control:
      - no-cache
      content-length:
      - '317'
      content-type:
      - application/json; charset=utf-8
      date:
      - Wed, 07 Sep 2022 05:01:09 GMT
      expires:
      - '-1'
      pragma:
      - no-cache
      request-context:
      - appId=cid-v1:797d7e4e-8180-497e-a254-780fbd39ba4d
      strict-transport-security:
      - max-age=31536000; includeSubDomains
      transfer-encoding:
      - chunked
      vary:
      - Accept-Encoding
      x-content-type-options:
      - nosniff
      x-rp-server-mvid:
      - 241ec0d8-d41d-4dce-842c-f5a9d8334be4
    status:
      code: 200
      message: OK
- request:
    body: null
    headers:
      Accept:
      - '*/*'
      Accept-Encoding:
      - gzip, deflate
      CommandName:
      - spring create
      Connection:
      - keep-alive
      ParameterSetName:
      - -n -g --sku -l --no-wait --disable-app-insights
      User-Agent:
      - AZURECLI/2.39.0 azsdk-python-mgmt-appplatform/6.1.0 Python/3.9.13 (Windows-10-10.0.19044-SP0)
    method: GET
    uri: https://management.azure.com/subscriptions/00000000-0000-0000-0000-000000000000/resourceGroups/cli/providers/Microsoft.AppPlatform/locations/eastus2/operationStatus/cli-unittest-9-1/operationId/8f80a56a-1d39-44e4-ba2c-0fb093cfe1b0?api-version=2023-11-01-preview
  response:
    body:
      string: '{"id":"subscriptions/0753feba-86f1-4242-aff1-27938fb04531/resourceGroups/cli/providers/Microsoft.AppPlatform/locations/eastus2/operationStatus/cli-unittest-9-1/operationId/8f80a56a-1d39-44e4-ba2c-0fb093cfe1b0","name":"8f80a56a-1d39-44e4-ba2c-0fb093cfe1b0","status":"Running","startTime":"2022-09-07T04:58:51.431995Z"}'
    headers:
      cache-control:
      - no-cache
      content-length:
      - '317'
      content-type:
      - application/json; charset=utf-8
      date:
      - Wed, 07 Sep 2022 05:01:20 GMT
      expires:
      - '-1'
      pragma:
      - no-cache
      request-context:
      - appId=cid-v1:797d7e4e-8180-497e-a254-780fbd39ba4d
      strict-transport-security:
      - max-age=31536000; includeSubDomains
      transfer-encoding:
      - chunked
      vary:
      - Accept-Encoding
      x-content-type-options:
      - nosniff
      x-rp-server-mvid:
      - 241ec0d8-d41d-4dce-842c-f5a9d8334be4
    status:
      code: 200
      message: OK
- request:
    body: null
    headers:
      Accept:
      - '*/*'
      Accept-Encoding:
      - gzip, deflate
      CommandName:
      - spring create
      Connection:
      - keep-alive
      ParameterSetName:
      - -n -g --sku -l --no-wait --disable-app-insights
      User-Agent:
      - AZURECLI/2.39.0 azsdk-python-mgmt-appplatform/6.1.0 Python/3.9.13 (Windows-10-10.0.19044-SP0)
    method: GET
    uri: https://management.azure.com/subscriptions/00000000-0000-0000-0000-000000000000/resourceGroups/cli/providers/Microsoft.AppPlatform/locations/eastus2/operationStatus/cli-unittest-9-1/operationId/8f80a56a-1d39-44e4-ba2c-0fb093cfe1b0?api-version=2023-11-01-preview
  response:
    body:
      string: '{"id":"subscriptions/0753feba-86f1-4242-aff1-27938fb04531/resourceGroups/cli/providers/Microsoft.AppPlatform/locations/eastus2/operationStatus/cli-unittest-9-1/operationId/8f80a56a-1d39-44e4-ba2c-0fb093cfe1b0","name":"8f80a56a-1d39-44e4-ba2c-0fb093cfe1b0","status":"Running","startTime":"2022-09-07T04:58:51.431995Z"}'
    headers:
      cache-control:
      - no-cache
      content-length:
      - '317'
      content-type:
      - application/json; charset=utf-8
      date:
      - Wed, 07 Sep 2022 05:01:30 GMT
      expires:
      - '-1'
      pragma:
      - no-cache
      request-context:
      - appId=cid-v1:797d7e4e-8180-497e-a254-780fbd39ba4d
      strict-transport-security:
      - max-age=31536000; includeSubDomains
      transfer-encoding:
      - chunked
      vary:
      - Accept-Encoding
      x-content-type-options:
      - nosniff
      x-rp-server-mvid:
      - 241ec0d8-d41d-4dce-842c-f5a9d8334be4
    status:
      code: 200
      message: OK
- request:
    body: null
    headers:
      Accept:
      - '*/*'
      Accept-Encoding:
      - gzip, deflate
      CommandName:
      - spring create
      Connection:
      - keep-alive
      ParameterSetName:
      - -n -g --sku -l --no-wait --disable-app-insights
      User-Agent:
      - AZURECLI/2.39.0 azsdk-python-mgmt-appplatform/6.1.0 Python/3.9.13 (Windows-10-10.0.19044-SP0)
    method: GET
    uri: https://management.azure.com/subscriptions/00000000-0000-0000-0000-000000000000/resourceGroups/cli/providers/Microsoft.AppPlatform/locations/eastus2/operationStatus/cli-unittest-9-1/operationId/8f80a56a-1d39-44e4-ba2c-0fb093cfe1b0?api-version=2023-11-01-preview
  response:
    body:
      string: '{"id":"subscriptions/0753feba-86f1-4242-aff1-27938fb04531/resourceGroups/cli/providers/Microsoft.AppPlatform/locations/eastus2/operationStatus/cli-unittest-9-1/operationId/8f80a56a-1d39-44e4-ba2c-0fb093cfe1b0","name":"8f80a56a-1d39-44e4-ba2c-0fb093cfe1b0","status":"Running","startTime":"2022-09-07T04:58:51.431995Z"}'
    headers:
      cache-control:
      - no-cache
      content-length:
      - '317'
      content-type:
      - application/json; charset=utf-8
      date:
      - Wed, 07 Sep 2022 05:01:41 GMT
      expires:
      - '-1'
      pragma:
      - no-cache
      request-context:
      - appId=cid-v1:797d7e4e-8180-497e-a254-780fbd39ba4d
      strict-transport-security:
      - max-age=31536000; includeSubDomains
      transfer-encoding:
      - chunked
      vary:
      - Accept-Encoding
      x-content-type-options:
      - nosniff
      x-rp-server-mvid:
      - 241ec0d8-d41d-4dce-842c-f5a9d8334be4
    status:
      code: 200
      message: OK
- request:
    body: null
    headers:
      Accept:
      - '*/*'
      Accept-Encoding:
      - gzip, deflate
      CommandName:
      - spring create
      Connection:
      - keep-alive
      ParameterSetName:
      - -n -g --sku -l --no-wait --disable-app-insights
      User-Agent:
      - AZURECLI/2.39.0 azsdk-python-mgmt-appplatform/6.1.0 Python/3.9.13 (Windows-10-10.0.19044-SP0)
    method: GET
    uri: https://management.azure.com/subscriptions/00000000-0000-0000-0000-000000000000/resourceGroups/cli/providers/Microsoft.AppPlatform/locations/eastus2/operationStatus/cli-unittest-9-1/operationId/8f80a56a-1d39-44e4-ba2c-0fb093cfe1b0?api-version=2023-11-01-preview
  response:
    body:
      string: '{"id":"subscriptions/0753feba-86f1-4242-aff1-27938fb04531/resourceGroups/cli/providers/Microsoft.AppPlatform/locations/eastus2/operationStatus/cli-unittest-9-1/operationId/8f80a56a-1d39-44e4-ba2c-0fb093cfe1b0","name":"8f80a56a-1d39-44e4-ba2c-0fb093cfe1b0","status":"Running","startTime":"2022-09-07T04:58:51.431995Z"}'
    headers:
      cache-control:
      - no-cache
      content-length:
      - '317'
      content-type:
      - application/json; charset=utf-8
      date:
      - Wed, 07 Sep 2022 05:01:51 GMT
      expires:
      - '-1'
      pragma:
      - no-cache
      request-context:
      - appId=cid-v1:797d7e4e-8180-497e-a254-780fbd39ba4d
      strict-transport-security:
      - max-age=31536000; includeSubDomains
      transfer-encoding:
      - chunked
      vary:
      - Accept-Encoding
      x-content-type-options:
      - nosniff
      x-rp-server-mvid:
      - 241ec0d8-d41d-4dce-842c-f5a9d8334be4
    status:
      code: 200
      message: OK
- request:
    body: null
    headers:
      Accept:
      - '*/*'
      Accept-Encoding:
      - gzip, deflate
      CommandName:
      - spring create
      Connection:
      - keep-alive
      ParameterSetName:
      - -n -g --sku -l --no-wait --disable-app-insights
      User-Agent:
      - AZURECLI/2.39.0 azsdk-python-mgmt-appplatform/6.1.0 Python/3.9.13 (Windows-10-10.0.19044-SP0)
    method: GET
    uri: https://management.azure.com/subscriptions/00000000-0000-0000-0000-000000000000/resourceGroups/cli/providers/Microsoft.AppPlatform/locations/eastus2/operationStatus/cli-unittest-9-1/operationId/8f80a56a-1d39-44e4-ba2c-0fb093cfe1b0?api-version=2023-11-01-preview
  response:
    body:
      string: '{"id":"subscriptions/0753feba-86f1-4242-aff1-27938fb04531/resourceGroups/cli/providers/Microsoft.AppPlatform/locations/eastus2/operationStatus/cli-unittest-9-1/operationId/8f80a56a-1d39-44e4-ba2c-0fb093cfe1b0","name":"8f80a56a-1d39-44e4-ba2c-0fb093cfe1b0","status":"Running","startTime":"2022-09-07T04:58:51.431995Z"}'
    headers:
      cache-control:
      - no-cache
      content-length:
      - '317'
      content-type:
      - application/json; charset=utf-8
      date:
      - Wed, 07 Sep 2022 05:02:02 GMT
      expires:
      - '-1'
      pragma:
      - no-cache
      request-context:
      - appId=cid-v1:797d7e4e-8180-497e-a254-780fbd39ba4d
      strict-transport-security:
      - max-age=31536000; includeSubDomains
      transfer-encoding:
      - chunked
      vary:
      - Accept-Encoding
      x-content-type-options:
      - nosniff
      x-rp-server-mvid:
      - 241ec0d8-d41d-4dce-842c-f5a9d8334be4
    status:
      code: 200
      message: OK
- request:
    body: null
    headers:
      Accept:
      - '*/*'
      Accept-Encoding:
      - gzip, deflate
      CommandName:
      - spring create
      Connection:
      - keep-alive
      ParameterSetName:
      - -n -g --sku -l --no-wait --disable-app-insights
      User-Agent:
      - AZURECLI/2.39.0 azsdk-python-mgmt-appplatform/6.1.0 Python/3.9.13 (Windows-10-10.0.19044-SP0)
    method: GET
    uri: https://management.azure.com/subscriptions/00000000-0000-0000-0000-000000000000/resourceGroups/cli/providers/Microsoft.AppPlatform/locations/eastus2/operationStatus/cli-unittest-9-1/operationId/8f80a56a-1d39-44e4-ba2c-0fb093cfe1b0?api-version=2023-11-01-preview
  response:
    body:
      string: '{"id":"subscriptions/0753feba-86f1-4242-aff1-27938fb04531/resourceGroups/cli/providers/Microsoft.AppPlatform/locations/eastus2/operationStatus/cli-unittest-9-1/operationId/8f80a56a-1d39-44e4-ba2c-0fb093cfe1b0","name":"8f80a56a-1d39-44e4-ba2c-0fb093cfe1b0","status":"Running","startTime":"2022-09-07T04:58:51.431995Z"}'
    headers:
      cache-control:
      - no-cache
      content-length:
      - '317'
      content-type:
      - application/json; charset=utf-8
      date:
      - Wed, 07 Sep 2022 05:02:14 GMT
      expires:
      - '-1'
      pragma:
      - no-cache
      request-context:
      - appId=cid-v1:797d7e4e-8180-497e-a254-780fbd39ba4d
      strict-transport-security:
      - max-age=31536000; includeSubDomains
      transfer-encoding:
      - chunked
      vary:
      - Accept-Encoding
      x-content-type-options:
      - nosniff
      x-rp-server-mvid:
      - 241ec0d8-d41d-4dce-842c-f5a9d8334be4
    status:
      code: 200
      message: OK
- request:
    body: null
    headers:
      Accept:
      - '*/*'
      Accept-Encoding:
      - gzip, deflate
      CommandName:
      - spring create
      Connection:
      - keep-alive
      ParameterSetName:
      - -n -g --sku -l --no-wait --disable-app-insights
      User-Agent:
      - AZURECLI/2.39.0 azsdk-python-mgmt-appplatform/6.1.0 Python/3.9.13 (Windows-10-10.0.19044-SP0)
    method: GET
    uri: https://management.azure.com/subscriptions/00000000-0000-0000-0000-000000000000/resourceGroups/cli/providers/Microsoft.AppPlatform/locations/eastus2/operationStatus/cli-unittest-9-1/operationId/8f80a56a-1d39-44e4-ba2c-0fb093cfe1b0?api-version=2023-11-01-preview
  response:
    body:
      string: '{"id":"subscriptions/0753feba-86f1-4242-aff1-27938fb04531/resourceGroups/cli/providers/Microsoft.AppPlatform/locations/eastus2/operationStatus/cli-unittest-9-1/operationId/8f80a56a-1d39-44e4-ba2c-0fb093cfe1b0","name":"8f80a56a-1d39-44e4-ba2c-0fb093cfe1b0","status":"Running","startTime":"2022-09-07T04:58:51.431995Z"}'
    headers:
      cache-control:
      - no-cache
      content-length:
      - '317'
      content-type:
      - application/json; charset=utf-8
      date:
      - Wed, 07 Sep 2022 05:02:25 GMT
      expires:
      - '-1'
      pragma:
      - no-cache
      request-context:
      - appId=cid-v1:797d7e4e-8180-497e-a254-780fbd39ba4d
      strict-transport-security:
      - max-age=31536000; includeSubDomains
      transfer-encoding:
      - chunked
      vary:
      - Accept-Encoding
      x-content-type-options:
      - nosniff
      x-rp-server-mvid:
      - 241ec0d8-d41d-4dce-842c-f5a9d8334be4
    status:
      code: 200
      message: OK
- request:
    body: null
    headers:
      Accept:
      - '*/*'
      Accept-Encoding:
      - gzip, deflate
      CommandName:
      - spring create
      Connection:
      - keep-alive
      ParameterSetName:
      - -n -g --sku -l --no-wait --disable-app-insights
      User-Agent:
      - AZURECLI/2.39.0 azsdk-python-mgmt-appplatform/6.1.0 Python/3.9.13 (Windows-10-10.0.19044-SP0)
    method: GET
    uri: https://management.azure.com/subscriptions/00000000-0000-0000-0000-000000000000/resourceGroups/cli/providers/Microsoft.AppPlatform/locations/eastus2/operationStatus/cli-unittest-9-1/operationId/8f80a56a-1d39-44e4-ba2c-0fb093cfe1b0?api-version=2023-11-01-preview
  response:
    body:
      string: '{"id":"subscriptions/0753feba-86f1-4242-aff1-27938fb04531/resourceGroups/cli/providers/Microsoft.AppPlatform/locations/eastus2/operationStatus/cli-unittest-9-1/operationId/8f80a56a-1d39-44e4-ba2c-0fb093cfe1b0","name":"8f80a56a-1d39-44e4-ba2c-0fb093cfe1b0","status":"Running","startTime":"2022-09-07T04:58:51.431995Z"}'
    headers:
      cache-control:
      - no-cache
      content-length:
      - '317'
      content-type:
      - application/json; charset=utf-8
      date:
      - Wed, 07 Sep 2022 05:02:35 GMT
      expires:
      - '-1'
      pragma:
      - no-cache
      request-context:
      - appId=cid-v1:797d7e4e-8180-497e-a254-780fbd39ba4d
      strict-transport-security:
      - max-age=31536000; includeSubDomains
      transfer-encoding:
      - chunked
      vary:
      - Accept-Encoding
      x-content-type-options:
      - nosniff
      x-rp-server-mvid:
      - 241ec0d8-d41d-4dce-842c-f5a9d8334be4
    status:
      code: 200
      message: OK
- request:
    body: null
    headers:
      Accept:
      - '*/*'
      Accept-Encoding:
      - gzip, deflate
      CommandName:
      - spring create
      Connection:
      - keep-alive
      ParameterSetName:
      - -n -g --sku -l --no-wait --disable-app-insights
      User-Agent:
      - AZURECLI/2.39.0 azsdk-python-mgmt-appplatform/6.1.0 Python/3.9.13 (Windows-10-10.0.19044-SP0)
    method: GET
    uri: https://management.azure.com/subscriptions/00000000-0000-0000-0000-000000000000/resourceGroups/cli/providers/Microsoft.AppPlatform/locations/eastus2/operationStatus/cli-unittest-9-1/operationId/8f80a56a-1d39-44e4-ba2c-0fb093cfe1b0?api-version=2023-11-01-preview
  response:
    body:
      string: '{"id":"subscriptions/0753feba-86f1-4242-aff1-27938fb04531/resourceGroups/cli/providers/Microsoft.AppPlatform/locations/eastus2/operationStatus/cli-unittest-9-1/operationId/8f80a56a-1d39-44e4-ba2c-0fb093cfe1b0","name":"8f80a56a-1d39-44e4-ba2c-0fb093cfe1b0","status":"Running","startTime":"2022-09-07T04:58:51.431995Z"}'
    headers:
      cache-control:
      - no-cache
      content-length:
      - '317'
      content-type:
      - application/json; charset=utf-8
      date:
      - Wed, 07 Sep 2022 05:02:46 GMT
      expires:
      - '-1'
      pragma:
      - no-cache
      request-context:
      - appId=cid-v1:797d7e4e-8180-497e-a254-780fbd39ba4d
      strict-transport-security:
      - max-age=31536000; includeSubDomains
      transfer-encoding:
      - chunked
      vary:
      - Accept-Encoding
      x-content-type-options:
      - nosniff
      x-rp-server-mvid:
      - 241ec0d8-d41d-4dce-842c-f5a9d8334be4
    status:
      code: 200
      message: OK
- request:
    body: null
    headers:
      Accept:
      - '*/*'
      Accept-Encoding:
      - gzip, deflate
      CommandName:
      - spring create
      Connection:
      - keep-alive
      ParameterSetName:
      - -n -g --sku -l --no-wait --disable-app-insights
      User-Agent:
      - AZURECLI/2.39.0 azsdk-python-mgmt-appplatform/6.1.0 Python/3.9.13 (Windows-10-10.0.19044-SP0)
    method: GET
    uri: https://management.azure.com/subscriptions/00000000-0000-0000-0000-000000000000/resourceGroups/cli/providers/Microsoft.AppPlatform/locations/eastus2/operationStatus/cli-unittest-9-1/operationId/8f80a56a-1d39-44e4-ba2c-0fb093cfe1b0?api-version=2023-11-01-preview
  response:
    body:
      string: '{"id":"subscriptions/0753feba-86f1-4242-aff1-27938fb04531/resourceGroups/cli/providers/Microsoft.AppPlatform/locations/eastus2/operationStatus/cli-unittest-9-1/operationId/8f80a56a-1d39-44e4-ba2c-0fb093cfe1b0","name":"8f80a56a-1d39-44e4-ba2c-0fb093cfe1b0","status":"Running","startTime":"2022-09-07T04:58:51.431995Z"}'
    headers:
      cache-control:
      - no-cache
      content-length:
      - '317'
      content-type:
      - application/json; charset=utf-8
      date:
      - Wed, 07 Sep 2022 05:02:57 GMT
      expires:
      - '-1'
      pragma:
      - no-cache
      request-context:
      - appId=cid-v1:797d7e4e-8180-497e-a254-780fbd39ba4d
      strict-transport-security:
      - max-age=31536000; includeSubDomains
      transfer-encoding:
      - chunked
      vary:
      - Accept-Encoding
      x-content-type-options:
      - nosniff
      x-rp-server-mvid:
      - 241ec0d8-d41d-4dce-842c-f5a9d8334be4
    status:
      code: 200
      message: OK
- request:
    body: null
    headers:
      Accept:
      - '*/*'
      Accept-Encoding:
      - gzip, deflate
      CommandName:
      - spring create
      Connection:
      - keep-alive
      ParameterSetName:
      - -n -g --sku -l --no-wait --disable-app-insights
      User-Agent:
      - AZURECLI/2.39.0 azsdk-python-mgmt-appplatform/6.1.0 Python/3.9.13 (Windows-10-10.0.19044-SP0)
    method: GET
    uri: https://management.azure.com/subscriptions/00000000-0000-0000-0000-000000000000/resourceGroups/cli/providers/Microsoft.AppPlatform/locations/eastus2/operationStatus/cli-unittest-9-1/operationId/8f80a56a-1d39-44e4-ba2c-0fb093cfe1b0?api-version=2023-11-01-preview
  response:
    body:
      string: '{"id":"subscriptions/0753feba-86f1-4242-aff1-27938fb04531/resourceGroups/cli/providers/Microsoft.AppPlatform/locations/eastus2/operationStatus/cli-unittest-9-1/operationId/8f80a56a-1d39-44e4-ba2c-0fb093cfe1b0","name":"8f80a56a-1d39-44e4-ba2c-0fb093cfe1b0","status":"Running","startTime":"2022-09-07T04:58:51.431995Z"}'
    headers:
      cache-control:
      - no-cache
      content-length:
      - '317'
      content-type:
      - application/json; charset=utf-8
      date:
      - Wed, 07 Sep 2022 05:03:08 GMT
      expires:
      - '-1'
      pragma:
      - no-cache
      request-context:
      - appId=cid-v1:797d7e4e-8180-497e-a254-780fbd39ba4d
      strict-transport-security:
      - max-age=31536000; includeSubDomains
      transfer-encoding:
      - chunked
      vary:
      - Accept-Encoding
      x-content-type-options:
      - nosniff
      x-rp-server-mvid:
      - 241ec0d8-d41d-4dce-842c-f5a9d8334be4
    status:
      code: 200
      message: OK
- request:
    body: null
    headers:
      Accept:
      - '*/*'
      Accept-Encoding:
      - gzip, deflate
      CommandName:
      - spring create
      Connection:
      - keep-alive
      ParameterSetName:
      - -n -g --sku -l --no-wait --disable-app-insights
      User-Agent:
      - AZURECLI/2.39.0 azsdk-python-mgmt-appplatform/6.1.0 Python/3.9.13 (Windows-10-10.0.19044-SP0)
    method: GET
    uri: https://management.azure.com/subscriptions/00000000-0000-0000-0000-000000000000/resourceGroups/cli/providers/Microsoft.AppPlatform/locations/eastus2/operationStatus/cli-unittest-9-1/operationId/8f80a56a-1d39-44e4-ba2c-0fb093cfe1b0?api-version=2023-11-01-preview
  response:
    body:
      string: '{"id":"subscriptions/0753feba-86f1-4242-aff1-27938fb04531/resourceGroups/cli/providers/Microsoft.AppPlatform/locations/eastus2/operationStatus/cli-unittest-9-1/operationId/8f80a56a-1d39-44e4-ba2c-0fb093cfe1b0","name":"8f80a56a-1d39-44e4-ba2c-0fb093cfe1b0","status":"Running","startTime":"2022-09-07T04:58:51.431995Z"}'
    headers:
      cache-control:
      - no-cache
      content-length:
      - '317'
      content-type:
      - application/json; charset=utf-8
      date:
      - Wed, 07 Sep 2022 05:03:18 GMT
      expires:
      - '-1'
      pragma:
      - no-cache
      request-context:
      - appId=cid-v1:797d7e4e-8180-497e-a254-780fbd39ba4d
      strict-transport-security:
      - max-age=31536000; includeSubDomains
      transfer-encoding:
      - chunked
      vary:
      - Accept-Encoding
      x-content-type-options:
      - nosniff
      x-rp-server-mvid:
      - 241ec0d8-d41d-4dce-842c-f5a9d8334be4
    status:
      code: 200
      message: OK
- request:
    body: null
    headers:
      Accept:
      - '*/*'
      Accept-Encoding:
      - gzip, deflate
      CommandName:
      - spring create
      Connection:
      - keep-alive
      ParameterSetName:
      - -n -g --sku -l --no-wait --disable-app-insights
      User-Agent:
      - AZURECLI/2.39.0 azsdk-python-mgmt-appplatform/6.1.0 Python/3.9.13 (Windows-10-10.0.19044-SP0)
    method: GET
    uri: https://management.azure.com/subscriptions/00000000-0000-0000-0000-000000000000/resourceGroups/cli/providers/Microsoft.AppPlatform/locations/eastus2/operationStatus/cli-unittest-9-1/operationId/8f80a56a-1d39-44e4-ba2c-0fb093cfe1b0?api-version=2023-11-01-preview
  response:
    body:
      string: '{"id":"subscriptions/0753feba-86f1-4242-aff1-27938fb04531/resourceGroups/cli/providers/Microsoft.AppPlatform/locations/eastus2/operationStatus/cli-unittest-9-1/operationId/8f80a56a-1d39-44e4-ba2c-0fb093cfe1b0","name":"8f80a56a-1d39-44e4-ba2c-0fb093cfe1b0","status":"Running","startTime":"2022-09-07T04:58:51.431995Z"}'
    headers:
      cache-control:
      - no-cache
      content-length:
      - '317'
      content-type:
      - application/json; charset=utf-8
      date:
      - Wed, 07 Sep 2022 05:03:29 GMT
      expires:
      - '-1'
      pragma:
      - no-cache
      request-context:
      - appId=cid-v1:797d7e4e-8180-497e-a254-780fbd39ba4d
      strict-transport-security:
      - max-age=31536000; includeSubDomains
      transfer-encoding:
      - chunked
      vary:
      - Accept-Encoding
      x-content-type-options:
      - nosniff
      x-rp-server-mvid:
      - 241ec0d8-d41d-4dce-842c-f5a9d8334be4
    status:
      code: 200
      message: OK
- request:
    body: null
    headers:
      Accept:
      - '*/*'
      Accept-Encoding:
      - gzip, deflate
      CommandName:
      - spring create
      Connection:
      - keep-alive
      ParameterSetName:
      - -n -g --sku -l --no-wait --disable-app-insights
      User-Agent:
      - AZURECLI/2.39.0 azsdk-python-mgmt-appplatform/6.1.0 Python/3.9.13 (Windows-10-10.0.19044-SP0)
    method: GET
    uri: https://management.azure.com/subscriptions/00000000-0000-0000-0000-000000000000/resourceGroups/cli/providers/Microsoft.AppPlatform/locations/eastus2/operationStatus/cli-unittest-9-1/operationId/8f80a56a-1d39-44e4-ba2c-0fb093cfe1b0?api-version=2023-11-01-preview
  response:
    body:
      string: '{"id":"subscriptions/0753feba-86f1-4242-aff1-27938fb04531/resourceGroups/cli/providers/Microsoft.AppPlatform/locations/eastus2/operationStatus/cli-unittest-9-1/operationId/8f80a56a-1d39-44e4-ba2c-0fb093cfe1b0","name":"8f80a56a-1d39-44e4-ba2c-0fb093cfe1b0","status":"Running","startTime":"2022-09-07T04:58:51.431995Z"}'
    headers:
      cache-control:
      - no-cache
      content-length:
      - '317'
      content-type:
      - application/json; charset=utf-8
      date:
      - Wed, 07 Sep 2022 05:03:39 GMT
      expires:
      - '-1'
      pragma:
      - no-cache
      request-context:
      - appId=cid-v1:797d7e4e-8180-497e-a254-780fbd39ba4d
      strict-transport-security:
      - max-age=31536000; includeSubDomains
      transfer-encoding:
      - chunked
      vary:
      - Accept-Encoding
      x-content-type-options:
      - nosniff
      x-rp-server-mvid:
      - 241ec0d8-d41d-4dce-842c-f5a9d8334be4
    status:
      code: 200
      message: OK
- request:
    body: null
    headers:
      Accept:
      - '*/*'
      Accept-Encoding:
      - gzip, deflate
      CommandName:
      - spring create
      Connection:
      - keep-alive
      ParameterSetName:
      - -n -g --sku -l --no-wait --disable-app-insights
      User-Agent:
      - AZURECLI/2.39.0 azsdk-python-mgmt-appplatform/6.1.0 Python/3.9.13 (Windows-10-10.0.19044-SP0)
    method: GET
    uri: https://management.azure.com/subscriptions/00000000-0000-0000-0000-000000000000/resourceGroups/cli/providers/Microsoft.AppPlatform/locations/eastus2/operationStatus/cli-unittest-9-1/operationId/8f80a56a-1d39-44e4-ba2c-0fb093cfe1b0?api-version=2023-11-01-preview
  response:
    body:
      string: '{"id":"subscriptions/0753feba-86f1-4242-aff1-27938fb04531/resourceGroups/cli/providers/Microsoft.AppPlatform/locations/eastus2/operationStatus/cli-unittest-9-1/operationId/8f80a56a-1d39-44e4-ba2c-0fb093cfe1b0","name":"8f80a56a-1d39-44e4-ba2c-0fb093cfe1b0","status":"Running","startTime":"2022-09-07T04:58:51.431995Z"}'
    headers:
      cache-control:
      - no-cache
      content-length:
      - '317'
      content-type:
      - application/json; charset=utf-8
      date:
      - Wed, 07 Sep 2022 05:03:50 GMT
      expires:
      - '-1'
      pragma:
      - no-cache
      request-context:
      - appId=cid-v1:797d7e4e-8180-497e-a254-780fbd39ba4d
      strict-transport-security:
      - max-age=31536000; includeSubDomains
      transfer-encoding:
      - chunked
      vary:
      - Accept-Encoding
      x-content-type-options:
      - nosniff
      x-rp-server-mvid:
      - 241ec0d8-d41d-4dce-842c-f5a9d8334be4
    status:
      code: 200
      message: OK
- request:
    body: null
    headers:
      Accept:
      - '*/*'
      Accept-Encoding:
      - gzip, deflate
      CommandName:
      - spring create
      Connection:
      - keep-alive
      ParameterSetName:
      - -n -g --sku -l --no-wait --disable-app-insights
      User-Agent:
      - AZURECLI/2.39.0 azsdk-python-mgmt-appplatform/6.1.0 Python/3.9.13 (Windows-10-10.0.19044-SP0)
    method: GET
    uri: https://management.azure.com/subscriptions/00000000-0000-0000-0000-000000000000/resourceGroups/cli/providers/Microsoft.AppPlatform/locations/eastus2/operationStatus/cli-unittest-9-1/operationId/8f80a56a-1d39-44e4-ba2c-0fb093cfe1b0?api-version=2023-11-01-preview
  response:
    body:
      string: '{"id":"subscriptions/0753feba-86f1-4242-aff1-27938fb04531/resourceGroups/cli/providers/Microsoft.AppPlatform/locations/eastus2/operationStatus/cli-unittest-9-1/operationId/8f80a56a-1d39-44e4-ba2c-0fb093cfe1b0","name":"8f80a56a-1d39-44e4-ba2c-0fb093cfe1b0","status":"Running","startTime":"2022-09-07T04:58:51.431995Z"}'
    headers:
      cache-control:
      - no-cache
      content-length:
      - '317'
      content-type:
      - application/json; charset=utf-8
      date:
      - Wed, 07 Sep 2022 05:04:01 GMT
      expires:
      - '-1'
      pragma:
      - no-cache
      request-context:
      - appId=cid-v1:797d7e4e-8180-497e-a254-780fbd39ba4d
      strict-transport-security:
      - max-age=31536000; includeSubDomains
      transfer-encoding:
      - chunked
      vary:
      - Accept-Encoding
      x-content-type-options:
      - nosniff
      x-rp-server-mvid:
      - 241ec0d8-d41d-4dce-842c-f5a9d8334be4
    status:
      code: 200
      message: OK
- request:
    body: null
    headers:
      Accept:
      - '*/*'
      Accept-Encoding:
      - gzip, deflate
      CommandName:
      - spring create
      Connection:
      - keep-alive
      ParameterSetName:
      - -n -g --sku -l --no-wait --disable-app-insights
      User-Agent:
      - AZURECLI/2.39.0 azsdk-python-mgmt-appplatform/6.1.0 Python/3.9.13 (Windows-10-10.0.19044-SP0)
    method: GET
    uri: https://management.azure.com/subscriptions/00000000-0000-0000-0000-000000000000/resourceGroups/cli/providers/Microsoft.AppPlatform/locations/eastus2/operationStatus/cli-unittest-9-1/operationId/8f80a56a-1d39-44e4-ba2c-0fb093cfe1b0?api-version=2023-11-01-preview
  response:
    body:
      string: '{"id":"subscriptions/0753feba-86f1-4242-aff1-27938fb04531/resourceGroups/cli/providers/Microsoft.AppPlatform/locations/eastus2/operationStatus/cli-unittest-9-1/operationId/8f80a56a-1d39-44e4-ba2c-0fb093cfe1b0","name":"8f80a56a-1d39-44e4-ba2c-0fb093cfe1b0","status":"Succeeded","startTime":"2022-09-07T04:58:51.431995Z","endTime":"2022-09-07T05:04:07.652934Z"}'
    headers:
      cache-control:
      - no-cache
      content-length:
      - '359'
      content-type:
      - application/json; charset=utf-8
      date:
      - Wed, 07 Sep 2022 05:04:11 GMT
      expires:
      - '-1'
      pragma:
      - no-cache
      request-context:
      - appId=cid-v1:797d7e4e-8180-497e-a254-780fbd39ba4d
      strict-transport-security:
      - max-age=31536000; includeSubDomains
      transfer-encoding:
      - chunked
      vary:
      - Accept-Encoding
      x-content-type-options:
      - nosniff
      x-rp-server-mvid:
      - 241ec0d8-d41d-4dce-842c-f5a9d8334be4
    status:
      code: 200
      message: OK
- request:
    body: null
    headers:
      Accept:
      - '*/*'
      Accept-Encoding:
      - gzip, deflate
      CommandName:
      - spring create
      Connection:
      - keep-alive
      ParameterSetName:
      - -n -g --sku -l --no-wait --disable-app-insights
      User-Agent:
      - AZURECLI/2.39.0 azsdk-python-mgmt-appplatform/6.1.0 Python/3.9.13 (Windows-10-10.0.19044-SP0)
    method: GET
    uri: https://management.azure.com/subscriptions/00000000-0000-0000-0000-000000000000/resourceGroups/cli/providers/Microsoft.AppPlatform/Spring/cli-unittest-9-1?api-version=2023-11-01-preview
  response:
    body:
      string: '{"properties":{"provisioningState":"Succeeded","zoneRedundant":false,"version":3,"serviceId":"3b8cb45a5e624383be671c5bfe2bccb3","networkProfile":{"outboundIPs":{"publicIPs":["20.22.37.207"]},"outboundType":"loadBalancer"},"powerState":"Running","fqdn":"cli-unittest-9-1.azuremicroservices.io"},"type":"Microsoft.AppPlatform/Spring","sku":{"name":"B0","tier":"Basic"},"location":"eastus2","tags":null,"id":"/subscriptions/00000000-0000-0000-0000-000000000000/resourceGroups/cli/providers/Microsoft.AppPlatform/Spring/cli-unittest-9-1","name":"cli-unittest-9-1","systemData":{"createdBy":"caihuarui@microsoft.com","createdByType":"User","createdAt":"2022-09-07T04:58:50.6853133Z","lastModifiedBy":"caihuarui@microsoft.com","lastModifiedByType":"User","lastModifiedAt":"2022-09-07T04:58:50.6853133Z"}}'
    headers:
      cache-control:
      - no-cache
      content-length:
      - '798'
      content-type:
      - application/json; charset=utf-8
      date:
      - Wed, 07 Sep 2022 05:04:12 GMT
      expires:
      - '-1'
      pragma:
      - no-cache
      request-context:
      - appId=cid-v1:797d7e4e-8180-497e-a254-780fbd39ba4d
      strict-transport-security:
      - max-age=31536000; includeSubDomains
      transfer-encoding:
      - chunked
      vary:
      - Accept-Encoding
      x-content-type-options:
      - nosniff
      x-ms-ratelimit-remaining-subscription-resource-requests:
      - '11999'
      x-rp-server-mvid:
      - 241ec0d8-d41d-4dce-842c-f5a9d8334be4
    status:
      code: 200
      message: OK
- request:
    body: null
    headers:
      Accept:
      - application/json
      Accept-Encoding:
      - gzip, deflate
      CommandName:
      - spring show
      Connection:
      - keep-alive
      ParameterSetName:
      - -n -g
      User-Agent:
      - AZURECLI/2.39.0 azsdk-python-mgmt-appplatform/6.1.0 Python/3.9.13 (Windows-10-10.0.19044-SP0)
    method: GET
    uri: https://management.azure.com/subscriptions/00000000-0000-0000-0000-000000000000/resourceGroups/cli/providers/Microsoft.AppPlatform/Spring/cli-unittest-9-1?api-version=2023-11-01-preview
  response:
    body:
      string: '{"properties":{"provisioningState":"Succeeded","zoneRedundant":false,"version":3,"serviceId":"3b8cb45a5e624383be671c5bfe2bccb3","networkProfile":{"outboundIPs":{"publicIPs":["20.22.37.207"]}},"powerState":"Running","fqdn":"cli-unittest-9-1.azuremicroservices.io"},"type":"Microsoft.AppPlatform/Spring","sku":{"name":"B0","tier":"Basic"},"location":"eastus2","tags":null,"id":"/subscriptions/00000000-0000-0000-0000-000000000000/resourceGroups/cli/providers/Microsoft.AppPlatform/Spring/cli-unittest-9-1","name":"cli-unittest-9-1","systemData":{"createdBy":"caihuarui@microsoft.com","createdByType":"User","createdAt":"2022-09-07T04:58:50.6853133Z","lastModifiedBy":"caihuarui@microsoft.com","lastModifiedByType":"User","lastModifiedAt":"2022-09-07T04:58:50.6853133Z"}}'
    headers:
      cache-control:
      - no-cache
      content-length:
      - '768'
      content-type:
      - application/json; charset=utf-8
      date:
      - Wed, 07 Sep 2022 05:04:16 GMT
      expires:
      - '-1'
      pragma:
      - no-cache
      request-context:
      - appId=cid-v1:797d7e4e-8180-497e-a254-780fbd39ba4d
      strict-transport-security:
      - max-age=31536000; includeSubDomains
      transfer-encoding:
      - chunked
      vary:
      - Accept-Encoding
      x-content-type-options:
      - nosniff
      x-ms-ratelimit-remaining-subscription-resource-requests:
      - '11999'
      x-rp-server-mvid:
      - 241ec0d8-d41d-4dce-842c-f5a9d8334be4
    status:
      code: 200
      message: OK
- request:
    body: null
    headers:
      Accept:
      - application/json
      Accept-Encoding:
      - gzip, deflate
      CommandName:
      - spring app-insights show
      Connection:
      - keep-alive
      ParameterSetName:
      - -n -g
      User-Agent:
      - AZURECLI/2.39.0 azsdk-python-mgmt-appplatform/6.1.0 Python/3.9.13 (Windows-10-10.0.19044-SP0)
    method: GET
    uri: https://management.azure.com/subscriptions/00000000-0000-0000-0000-000000000000/resourceGroups/cli/providers/Microsoft.AppPlatform/Spring/cli-unittest-9-1?api-version=2023-11-01-preview
  response:
    body:
      string: '{"properties":{"provisioningState":"Succeeded","zoneRedundant":false,"version":3,"serviceId":"3b8cb45a5e624383be671c5bfe2bccb3","networkProfile":{"outboundIPs":{"publicIPs":["20.22.37.207"]},"outboundType":"loadBalancer"},"powerState":"Running","fqdn":"cli-unittest-9-1.azuremicroservices.io"},"type":"Microsoft.AppPlatform/Spring","sku":{"name":"B0","tier":"Basic"},"location":"eastus2","tags":null,"id":"/subscriptions/00000000-0000-0000-0000-000000000000/resourceGroups/cli/providers/Microsoft.AppPlatform/Spring/cli-unittest-9-1","name":"cli-unittest-9-1","systemData":{"createdBy":"caihuarui@microsoft.com","createdByType":"User","createdAt":"2022-09-07T04:58:50.6853133Z","lastModifiedBy":"caihuarui@microsoft.com","lastModifiedByType":"User","lastModifiedAt":"2022-09-07T04:58:50.6853133Z"}}'
    headers:
      cache-control:
      - no-cache
      content-length:
      - '798'
      content-type:
      - application/json; charset=utf-8
      date:
      - Wed, 07 Sep 2022 05:04:17 GMT
      expires:
      - '-1'
      pragma:
      - no-cache
      request-context:
      - appId=cid-v1:797d7e4e-8180-497e-a254-780fbd39ba4d
      strict-transport-security:
      - max-age=31536000; includeSubDomains
      transfer-encoding:
      - chunked
      vary:
      - Accept-Encoding
      x-content-type-options:
      - nosniff
      x-ms-ratelimit-remaining-subscription-resource-requests:
      - '11999'
      x-rp-server-mvid:
      - 241ec0d8-d41d-4dce-842c-f5a9d8334be4
    status:
      code: 200
      message: OK
- request:
    body: null
    headers:
      Accept:
      - application/json
      Accept-Encoding:
      - gzip, deflate
      CommandName:
      - spring app-insights show
      Connection:
      - keep-alive
      ParameterSetName:
      - -n -g
      User-Agent:
      - AZURECLI/2.39.0 azsdk-python-mgmt-appplatform/6.1.0 Python/3.9.13 (Windows-10-10.0.19044-SP0)
    method: GET
    uri: https://management.azure.com/subscriptions/00000000-0000-0000-0000-000000000000/resourceGroups/cli/providers/Microsoft.AppPlatform/Spring/cli-unittest-9-1/monitoringSettings/default?api-version=2023-11-01-preview
  response:
    body:
      string: '{"properties":{"appInsightsSamplingRate":10.0,"appInsightsAgentVersions":{"java":"3.2.11"},"provisioningState":"Succeeded","traceEnabled":false,"appInsightsInstrumentationKey":null},"type":"Microsoft.AppPlatform/Spring/monitoringSettings","id":"/subscriptions/00000000-0000-0000-0000-000000000000/resourceGroups/cli/providers/Microsoft.AppPlatform/Spring/cli-unittest-9-1/monitoringSettings/default","name":"default"}'
    headers:
      cache-control:
      - no-cache
      content-length:
      - '417'
      content-type:
      - application/json; charset=utf-8
      date:
      - Wed, 07 Sep 2022 05:04:20 GMT
      expires:
      - '-1'
      pragma:
      - no-cache
      request-context:
      - appId=cid-v1:797d7e4e-8180-497e-a254-780fbd39ba4d
      strict-transport-security:
      - max-age=31536000; includeSubDomains
      transfer-encoding:
      - chunked
      vary:
      - Accept-Encoding
      x-content-type-options:
      - nosniff
      x-rp-server-mvid:
      - 241ec0d8-d41d-4dce-842c-f5a9d8334be4
    status:
      code: 200
      message: OK
- request:
    body: null
    headers:
      Accept:
      - application/json
      Accept-Encoding:
      - gzip, deflate
      CommandName:
      - spring delete
      Connection:
      - keep-alive
      Content-Length:
      - '0'
      ParameterSetName:
      - -n -g --no-wait
      User-Agent:
      - AZURECLI/2.39.0 azsdk-python-mgmt-appplatform/6.1.0 Python/3.9.13 (Windows-10-10.0.19044-SP0)
    method: DELETE
    uri: https://management.azure.com/subscriptions/00000000-0000-0000-0000-000000000000/resourceGroups/cli/providers/Microsoft.AppPlatform/Spring/cli-unittest-9-1?api-version=2023-11-01-preview
  response:
    body:
      string: ''
    headers:
      azure-asyncoperation:
      - https://management.azure.com/subscriptions/00000000-0000-0000-0000-000000000000/resourceGroups/cli/providers/Microsoft.AppPlatform/locations/eastus2/operationStatus/cli-unittest-9-1/operationId/3674feda-29cc-4022-8e36-848cd43d34cc?api-version=2023-11-01-preview
      cache-control:
      - no-cache
      content-length:
      - '0'
      date:
      - Wed, 07 Sep 2022 05:04:23 GMT
      expires:
      - '-1'
      location:
      - https://management.azure.com/subscriptions/00000000-0000-0000-0000-000000000000/resourceGroups/cli/providers/Microsoft.AppPlatform/locations/eastus2/operationResults/3674feda-29cc-4022-8e36-848cd43d34cc/Spring/cli-unittest-9-1?api-version=2023-11-01-preview
      pragma:
      - no-cache
      request-context:
      - appId=cid-v1:797d7e4e-8180-497e-a254-780fbd39ba4d
      strict-transport-security:
      - max-age=31536000; includeSubDomains
      x-content-type-options:
      - nosniff
      x-ms-ratelimit-remaining-subscription-deletes:
      - '14999'
      x-rp-server-mvid:
      - 241ec0d8-d41d-4dce-842c-f5a9d8334be4
    status:
      code: 202
      message: Accepted
version: 1
