interactions:
- request:
    body: null
    headers:
      Accept:
      - application/json
      Accept-Encoding:
      - gzip, deflate
      CommandName:
      - spring app create
      Connection:
      - keep-alive
      ParameterSetName:
      - -s -g -n
      User-Agent:
      - AZURECLI/2.46.0 azsdk-python-mgmt-appplatform/6.1.0 Python/3.8.3 (Windows-10-10.0.22621-SP0)
    method: GET
    uri: https://management.azure.com/subscriptions/00000000-0000-0000-0000-000000000000/resourceGroups/clitest.rg000001/providers/Microsoft.AppPlatform/Spring/clitest000002/apps/test-container?api-version=2023-03-01-preview
  response:
    body:
      string: '{"error":{"code":"NotFound","message":"App was not found","target":"/subscriptions/00000000-0000-0000-0000-000000000000/resourceGroups/clitest.rg000001/providers/Microsoft.AppPlatform/Spring/clitest000002/apps/test-container","details":null}}'
    headers:
      cache-control:
      - no-cache
      content-length:
      - '242'
      content-type:
      - application/json
      date:
      - Wed, 29 Mar 2023 10:37:05 GMT
      expires:
      - '-1'
      pragma:
      - no-cache
      request-context:
      - appId=cid-v1:797d7e4e-8180-497e-a254-780fbd39ba4d
      strict-transport-security:
      - max-age=31536000; includeSubDomains
      x-content-type-options:
      - nosniff
      x-ms-ratelimit-remaining-subscription-resource-requests:
      - '11999'
      x-rp-server-mvid:
      - 2d8cffe0-ed19-4f32-b630-c96199e681e1
    status:
      code: 404
      message: Not Found
- request:
    body: null
    headers:
      Accept:
      - application/json
      Accept-Encoding:
      - gzip, deflate
      CommandName:
      - spring app create
      Connection:
      - keep-alive
      ParameterSetName:
      - -s -g -n
      User-Agent:
      - AZURECLI/2.46.0 azsdk-python-mgmt-appplatform/6.1.0 Python/3.8.3 (Windows-10-10.0.22621-SP0)
    method: GET
    uri: https://management.azure.com/subscriptions/00000000-0000-0000-0000-000000000000/resourceGroups/clitest.rg000001/providers/Microsoft.AppPlatform/Spring/clitest000002?api-version=2023-03-01-preview
  response:
    body:
      string: '{"properties":{"provisioningState":"Succeeded","zoneRedundant":false,"version":3,"serviceId":"0e134f0883dc4fa6b5b5a0c04ac4a187","networkProfile":{"outboundIPs":{"publicIPs":["20.108.77.211","20.108.209.51"]},"outboundType":"loadBalancer"},"powerState":"Running","fqdn":"clitest000002.azuremicroservices.io"},"type":"Microsoft.AppPlatform/Spring","sku":{"name":"S0","tier":"Standard"},"location":"uksouth","tags":null,"id":"/subscriptions/00000000-0000-0000-0000-000000000000/resourceGroups/clitest.rg000001/providers/Microsoft.AppPlatform/Spring/clitest000002","name":"clitest000002","systemData":{"createdBy":"qingyliu@microsoft.com","createdByType":"User","createdAt":"2023-03-29T10:28:21.7128332Z","lastModifiedBy":"qingyliu@microsoft.com","lastModifiedByType":"User","lastModifiedAt":"2023-03-29T10:28:21.7128332Z"}}'
    headers:
      cache-control:
      - no-cache
      content-length:
      - '820'
      content-type:
      - application/json
      date:
      - Wed, 29 Mar 2023 10:37:06 GMT
      expires:
      - '-1'
      pragma:
      - no-cache
      request-context:
      - appId=cid-v1:797d7e4e-8180-497e-a254-780fbd39ba4d
      strict-transport-security:
      - max-age=31536000; includeSubDomains
      transfer-encoding:
      - chunked
      vary:
      - Accept-Encoding
      x-content-type-options:
      - nosniff
      x-ms-ratelimit-remaining-subscription-resource-requests:
      - '11999'
      x-rp-server-mvid:
      - 2d8cffe0-ed19-4f32-b630-c96199e681e1
    status:
      code: 200
      message: OK
- request:
    body: '{"properties": {"public": false, "httpsOnly": false, "temporaryDisk": {"sizeInGB":
      5, "mountPath": "/tmp"}, "enableEndToEndTLS": false}}'
    headers:
      Accept:
      - application/json
      Accept-Encoding:
      - gzip, deflate
      CommandName:
      - spring app create
      Connection:
      - keep-alive
      Content-Length:
      - '136'
      Content-Type:
      - application/json
      ParameterSetName:
      - -s -g -n
      User-Agent:
      - AZURECLI/2.46.0 azsdk-python-mgmt-appplatform/6.1.0 Python/3.8.3 (Windows-10-10.0.22621-SP0)
    method: PUT
    uri: https://management.azure.com/subscriptions/00000000-0000-0000-0000-000000000000/resourceGroups/clitest.rg000001/providers/Microsoft.AppPlatform/Spring/clitest000002/apps/test-container?api-version=2023-03-01-preview
  response:
    body:
      string: '{"properties":{"addonConfigs":{"applicationConfigurationService":{},"serviceRegistry":{}},"public":false,"provisioningState":"Creating","httpsOnly":false,"temporaryDisk":{"sizeInGB":5,"mountPath":"/tmp"},"enableEndToEndTLS":false,"ingressSettings":{"readTimeoutInSeconds":300,"sendTimeoutInSeconds":60,"sessionCookieMaxAge":0,"sessionAffinity":"None","backendProtocol":"Default"}},"type":"Microsoft.AppPlatform/Spring/apps","identity":null,"location":"uksouth","id":"/subscriptions/00000000-0000-0000-0000-000000000000/resourceGroups/clitest.rg000001/providers/Microsoft.AppPlatform/Spring/clitest000002/apps/test-container","name":"test-container","systemData":{"createdBy":"qingyliu@microsoft.com","createdByType":"User","createdAt":"2023-03-29T10:37:07.105592Z","lastModifiedBy":"qingyliu@microsoft.com","lastModifiedByType":"User","lastModifiedAt":"2023-03-29T10:37:07.105592Z"}}'
    headers:
      azure-asyncoperation:
      - https://management.azure.com/subscriptions/00000000-0000-0000-0000-000000000000/resourceGroups/clitest.rg000001/providers/Microsoft.AppPlatform/locations/uksouth/operationStatus/test-container/operationId/53322f37-0fa8-4c24-8c70-2ef96ccc1a04?api-version=2023-03-01-preview
      cache-control:
      - no-cache
      content-length:
      - '883'
      content-type:
      - application/json
      date:
      - Wed, 29 Mar 2023 10:37:07 GMT
      expires:
      - '-1'
      location:
      - https://management.azure.com/subscriptions/00000000-0000-0000-0000-000000000000/resourceGroups/clitest.rg000001/providers/Microsoft.AppPlatform/locations/uksouth/operationResults/53322f37-0fa8-4c24-8c70-2ef96ccc1a04/Spring/test-container?api-version=2023-03-01-preview
      pragma:
      - no-cache
      request-context:
      - appId=cid-v1:797d7e4e-8180-497e-a254-780fbd39ba4d
      strict-transport-security:
      - max-age=31536000; includeSubDomains
      x-content-type-options:
      - nosniff
      x-ms-ratelimit-remaining-subscription-resource-requests:
      - '1199'
      x-rp-server-mvid:
      - 2d8cffe0-ed19-4f32-b630-c96199e681e1
    status:
      code: 201
      message: Created
- request:
    body: null
    headers:
      Accept:
      - '*/*'
      Accept-Encoding:
      - gzip, deflate
      CommandName:
      - spring app create
      Connection:
      - keep-alive
      ParameterSetName:
      - -s -g -n
      User-Agent:
      - AZURECLI/2.46.0 azsdk-python-mgmt-appplatform/6.1.0 Python/3.8.3 (Windows-10-10.0.22621-SP0)
    method: GET
    uri: https://management.azure.com/subscriptions/00000000-0000-0000-0000-000000000000/resourceGroups/clitest.rg000001/providers/Microsoft.AppPlatform/locations/uksouth/operationStatus/test-container/operationId/53322f37-0fa8-4c24-8c70-2ef96ccc1a04?api-version=2023-03-01-preview
  response:
    body:
      string: '{"id":"subscriptions/d51e3ffe-6b84-49cd-b426-0dc4ec660356/resourceGroups/clitest.rg000001/providers/Microsoft.AppPlatform/locations/uksouth/operationStatus/test-container/operationId/53322f37-0fa8-4c24-8c70-2ef96ccc1a04","name":"53322f37-0fa8-4c24-8c70-2ef96ccc1a04","status":"Succeeded","startTime":"2023-03-29T10:37:07.6096099Z","endTime":"2023-03-29T10:37:14.1519906Z"}'
    headers:
      cache-control:
      - no-cache
      content-length:
      - '372'
      content-type:
      - application/json
      date:
      - Wed, 29 Mar 2023 10:37:37 GMT
      expires:
      - '-1'
      pragma:
      - no-cache
      request-context:
      - appId=cid-v1:797d7e4e-8180-497e-a254-780fbd39ba4d
      strict-transport-security:
      - max-age=31536000; includeSubDomains
      transfer-encoding:
      - chunked
      vary:
      - Accept-Encoding
      x-content-type-options:
      - nosniff
      x-rp-server-mvid:
      - 2d8cffe0-ed19-4f32-b630-c96199e681e1
    status:
      code: 200
      message: OK
- request:
    body: null
    headers:
      Accept:
      - '*/*'
      Accept-Encoding:
      - gzip, deflate
      CommandName:
      - spring app create
      Connection:
      - keep-alive
      ParameterSetName:
      - -s -g -n
      User-Agent:
      - AZURECLI/2.46.0 azsdk-python-mgmt-appplatform/6.1.0 Python/3.8.3 (Windows-10-10.0.22621-SP0)
    method: GET
    uri: https://management.azure.com/subscriptions/00000000-0000-0000-0000-000000000000/resourceGroups/clitest.rg000001/providers/Microsoft.AppPlatform/Spring/clitest000002/apps/test-container?api-version=2023-03-01-preview
  response:
    body:
      string: '{"properties":{"addonConfigs":{"applicationConfigurationService":{},"serviceRegistry":{}},"public":false,"provisioningState":"Succeeded","fqdn":"clitest000002.azuremicroservices.io","httpsOnly":false,"temporaryDisk":{"sizeInGB":5,"mountPath":"/tmp"},"persistentDisk":{"sizeInGB":0,"mountPath":"/persistent"},"enableEndToEndTLS":false,"ingressSettings":{"readTimeoutInSeconds":300,"sendTimeoutInSeconds":60,"sessionCookieMaxAge":0,"sessionAffinity":"None","backendProtocol":"Default"}},"type":"Microsoft.AppPlatform/Spring/apps","identity":null,"location":"uksouth","id":"/subscriptions/00000000-0000-0000-0000-000000000000/resourceGroups/clitest.rg000001/providers/Microsoft.AppPlatform/Spring/clitest000002/apps/test-container","name":"test-container","systemData":{"createdBy":"qingyliu@microsoft.com","createdByType":"User","createdAt":"2023-03-29T10:37:07.105592Z","lastModifiedBy":"qingyliu@microsoft.com","lastModifiedByType":"User","lastModifiedAt":"2023-03-29T10:37:07.105592Z"}}'
    headers:
      cache-control:
      - no-cache
      content-length:
      - '987'
      content-type:
      - application/json
      date:
      - Wed, 29 Mar 2023 10:37:38 GMT
      expires:
      - '-1'
      pragma:
      - no-cache
      request-context:
      - appId=cid-v1:797d7e4e-8180-497e-a254-780fbd39ba4d
      strict-transport-security:
      - max-age=31536000; includeSubDomains
      transfer-encoding:
      - chunked
      vary:
      - Accept-Encoding
      x-content-type-options:
      - nosniff
      x-ms-ratelimit-remaining-subscription-resource-requests:
      - '11998'
      x-rp-server-mvid:
      - 2d8cffe0-ed19-4f32-b630-c96199e681e1
    status:
      code: 200
      message: OK
- request:
    body: '{"properties": {"source": {"type": "Jar", "relativePath": "<default>",
      "runtimeVersion": "Java_11"}, "deploymentSettings": {"resourceRequests": {"cpu":
      "1", "memory": "1Gi"}, "scale": {"minReplicas": 1, "maxReplicas": 10}}, "active":
      true}, "sku": {"name": "S0", "tier": "Standard", "capacity": 1}}'
    headers:
      Accept:
      - application/json
      Accept-Encoding:
      - gzip, deflate
      CommandName:
      - spring app create
      Connection:
      - keep-alive
      Content-Length:
      - '298'
      Content-Type:
      - application/json
      ParameterSetName:
      - -s -g -n
      User-Agent:
      - AZURECLI/2.46.0 azsdk-python-mgmt-appplatform/6.1.0 Python/3.8.3 (Windows-10-10.0.22621-SP0)
    method: PUT
    uri: https://management.azure.com/subscriptions/00000000-0000-0000-0000-000000000000/resourceGroups/clitest.rg000001/providers/Microsoft.AppPlatform/Spring/clitest000002/apps/test-container/deployments/mock-deployment?api-version=2023-03-01-preview
  response:
    body:
      string: '{"properties":{"deploymentSettings":{"resourceRequests":{"cpu":"1","memory":"1Gi"},"environmentVariables":null,"terminationGracePeriodSeconds":90},"provisioningState":"Creating","status":"Running","active":true,"instances":null,"source":{"type":"Jar","relativePath":"<default>","runtimeVersion":"Java_11"}},"type":"Microsoft.AppPlatform/Spring/apps/deployments","sku":{"name":"S0","tier":"Standard","capacity":1},"id":"/subscriptions/00000000-0000-0000-0000-000000000000/resourceGroups/clitest.rg000001/providers/Microsoft.AppPlatform/Spring/clitest000002/apps/test-container/deployments/default","name":"default","systemData":{"createdBy":"qingyliu@microsoft.com","createdByType":"User","createdAt":"2023-03-29T10:37:43.1682396Z","lastModifiedBy":"qingyliu@microsoft.com","lastModifiedByType":"User","lastModifiedAt":"2023-03-29T10:37:43.1682396Z"}}'
    headers:
      azure-asyncoperation:
      - https://management.azure.com/subscriptions/00000000-0000-0000-0000-000000000000/resourceGroups/clitest.rg000001/providers/Microsoft.AppPlatform/locations/uksouth/operationStatus/default/operationId/112ec3d4-8c0d-46b0-93c5-77b2c6544bf7?api-version=2023-03-01-preview
      cache-control:
      - no-cache
      content-length:
      - '850'
      content-type:
      - application/json
      date:
      - Wed, 29 Mar 2023 10:37:44 GMT
      expires:
      - '-1'
      location:
      - https://management.azure.com/subscriptions/00000000-0000-0000-0000-000000000000/resourceGroups/clitest.rg000001/providers/Microsoft.AppPlatform/locations/uksouth/operationResults/112ec3d4-8c0d-46b0-93c5-77b2c6544bf7/Spring/default?api-version=2023-03-01-preview
      pragma:
      - no-cache
      request-context:
      - appId=cid-v1:797d7e4e-8180-497e-a254-780fbd39ba4d
      strict-transport-security:
      - max-age=31536000; includeSubDomains
      x-content-type-options:
      - nosniff
      x-ms-ratelimit-remaining-subscription-resource-requests:
      - '1199'
      x-rp-server-mvid:
      - 2d8cffe0-ed19-4f32-b630-c96199e681e1
    status:
      code: 201
      message: Created
- request:
    body: '{"properties": {"public": false, "httpsOnly": false, "enableEndToEndTLS":
      false}}'
    headers:
      Accept:
      - application/json
      Accept-Encoding:
      - gzip, deflate
      CommandName:
      - spring app create
      Connection:
      - keep-alive
      Content-Length:
      - '81'
      Content-Type:
      - application/json
      ParameterSetName:
      - -s -g -n
      User-Agent:
      - AZURECLI/2.46.0 azsdk-python-mgmt-appplatform/6.1.0 Python/3.8.3 (Windows-10-10.0.22621-SP0)
    method: PATCH
    uri: https://management.azure.com/subscriptions/00000000-0000-0000-0000-000000000000/resourceGroups/clitest.rg000001/providers/Microsoft.AppPlatform/Spring/clitest000002/apps/test-container?api-version=2023-03-01-preview
  response:
    body:
      string: '{"properties":{"addonConfigs":{"applicationConfigurationService":{},"serviceRegistry":{}},"public":false,"provisioningState":"Updating","fqdn":"clitest000002.azuremicroservices.io","httpsOnly":false,"temporaryDisk":{"sizeInGB":5,"mountPath":"/tmp"},"persistentDisk":{"sizeInGB":0,"mountPath":"/persistent"},"enableEndToEndTLS":false,"ingressSettings":{"readTimeoutInSeconds":300,"sendTimeoutInSeconds":60,"sessionCookieMaxAge":0,"sessionAffinity":"None","backendProtocol":"Default"}},"type":"Microsoft.AppPlatform/Spring/apps","identity":null,"location":"uksouth","id":"/subscriptions/00000000-0000-0000-0000-000000000000/resourceGroups/clitest.rg000001/providers/Microsoft.AppPlatform/Spring/clitest000002/apps/test-container","name":"test-container","systemData":{"createdBy":"qingyliu@microsoft.com","createdByType":"User","createdAt":"2023-03-29T10:37:07.105592Z","lastModifiedBy":"qingyliu@microsoft.com","lastModifiedByType":"User","lastModifiedAt":"2023-03-29T10:37:44.2151429Z"}}'
    headers:
      azure-asyncoperation:
      - https://management.azure.com/subscriptions/00000000-0000-0000-0000-000000000000/resourceGroups/clitest.rg000001/providers/Microsoft.AppPlatform/locations/uksouth/operationStatus/test-container/operationId/11e53fd7-f397-4f8e-9a63-f265d9f33c4f?api-version=2023-03-01-preview
      cache-control:
      - no-cache
      content-length:
      - '987'
      content-type:
      - application/json
      date:
      - Wed, 29 Mar 2023 10:37:44 GMT
      expires:
      - '-1'
      location:
      - https://management.azure.com/subscriptions/00000000-0000-0000-0000-000000000000/resourceGroups/clitest.rg000001/providers/Microsoft.AppPlatform/locations/uksouth/operationResults/11e53fd7-f397-4f8e-9a63-f265d9f33c4f/Spring/test-container?api-version=2023-03-01-preview
      pragma:
      - no-cache
      request-context:
      - appId=cid-v1:797d7e4e-8180-497e-a254-780fbd39ba4d
      strict-transport-security:
      - max-age=31536000; includeSubDomains
      x-content-type-options:
      - nosniff
      x-ms-ratelimit-remaining-subscription-resource-requests:
      - '1198'
      x-rp-server-mvid:
      - 2d8cffe0-ed19-4f32-b630-c96199e681e1
    status:
      code: 202
      message: Accepted
- request:
    body: null
    headers:
      Accept:
      - '*/*'
      Accept-Encoding:
      - gzip, deflate
      CommandName:
      - spring app create
      Connection:
      - keep-alive
      ParameterSetName:
      - -s -g -n
      User-Agent:
      - AZURECLI/2.46.0 azsdk-python-mgmt-appplatform/6.1.0 Python/3.8.3 (Windows-10-10.0.22621-SP0)
    method: GET
    uri: https://management.azure.com/subscriptions/00000000-0000-0000-0000-000000000000/resourceGroups/clitest.rg000001/providers/Microsoft.AppPlatform/locations/uksouth/operationStatus/default/operationId/112ec3d4-8c0d-46b0-93c5-77b2c6544bf7?api-version=2023-03-01-preview
  response:
    body:
      string: '{"id":"subscriptions/d51e3ffe-6b84-49cd-b426-0dc4ec660356/resourceGroups/clitest.rg000001/providers/Microsoft.AppPlatform/locations/uksouth/operationStatus/default/operationId/112ec3d4-8c0d-46b0-93c5-77b2c6544bf7","name":"112ec3d4-8c0d-46b0-93c5-77b2c6544bf7","status":"Running","startTime":"2023-03-29T10:37:43.8655459Z"}'
    headers:
      cache-control:
      - no-cache
      content-length:
      - '322'
      content-type:
      - application/json
      date:
      - Wed, 29 Mar 2023 10:38:14 GMT
      expires:
      - '-1'
      pragma:
      - no-cache
      request-context:
      - appId=cid-v1:797d7e4e-8180-497e-a254-780fbd39ba4d
      strict-transport-security:
      - max-age=31536000; includeSubDomains
      transfer-encoding:
      - chunked
      vary:
      - Accept-Encoding
      x-content-type-options:
      - nosniff
      x-rp-server-mvid:
      - 2d8cffe0-ed19-4f32-b630-c96199e681e1
    status:
      code: 200
      message: OK
- request:
    body: null
    headers:
      Accept:
      - '*/*'
      Accept-Encoding:
      - gzip, deflate
      CommandName:
      - spring app create
      Connection:
      - keep-alive
      ParameterSetName:
      - -s -g -n
      User-Agent:
      - AZURECLI/2.46.0 azsdk-python-mgmt-appplatform/6.1.0 Python/3.8.3 (Windows-10-10.0.22621-SP0)
    method: GET
    uri: https://management.azure.com/subscriptions/00000000-0000-0000-0000-000000000000/resourceGroups/clitest.rg000001/providers/Microsoft.AppPlatform/locations/uksouth/operationStatus/test-container/operationId/11e53fd7-f397-4f8e-9a63-f265d9f33c4f?api-version=2023-03-01-preview
  response:
    body:
      string: '{"id":"subscriptions/d51e3ffe-6b84-49cd-b426-0dc4ec660356/resourceGroups/clitest.rg000001/providers/Microsoft.AppPlatform/locations/uksouth/operationStatus/test-container/operationId/11e53fd7-f397-4f8e-9a63-f265d9f33c4f","name":"11e53fd7-f397-4f8e-9a63-f265d9f33c4f","status":"Succeeded","startTime":"2023-03-29T10:37:44.6142645Z","endTime":"2023-03-29T10:37:51.1559821Z"}'
    headers:
      cache-control:
      - no-cache
      content-length:
      - '372'
      content-type:
      - application/json
      date:
      - Wed, 29 Mar 2023 10:38:15 GMT
      expires:
      - '-1'
      pragma:
      - no-cache
      request-context:
      - appId=cid-v1:797d7e4e-8180-497e-a254-780fbd39ba4d
      strict-transport-security:
      - max-age=31536000; includeSubDomains
      transfer-encoding:
      - chunked
      vary:
      - Accept-Encoding
      x-content-type-options:
      - nosniff
      x-rp-server-mvid:
      - 2d8cffe0-ed19-4f32-b630-c96199e681e1
    status:
      code: 200
      message: OK
- request:
    body: null
    headers:
      Accept:
      - '*/*'
      Accept-Encoding:
      - gzip, deflate
      CommandName:
      - spring app create
      Connection:
      - keep-alive
      ParameterSetName:
      - -s -g -n
      User-Agent:
      - AZURECLI/2.46.0 azsdk-python-mgmt-appplatform/6.1.0 Python/3.8.3 (Windows-10-10.0.22621-SP0)
    method: GET
    uri: https://management.azure.com/subscriptions/00000000-0000-0000-0000-000000000000/resourceGroups/clitest.rg000001/providers/Microsoft.AppPlatform/Spring/clitest000002/apps/test-container?api-version=2023-03-01-preview
  response:
    body:
      string: '{"properties":{"addonConfigs":{"applicationConfigurationService":{},"serviceRegistry":{}},"public":false,"provisioningState":"Succeeded","fqdn":"clitest000002.azuremicroservices.io","httpsOnly":false,"temporaryDisk":{"sizeInGB":5,"mountPath":"/tmp"},"persistentDisk":{"sizeInGB":0,"mountPath":"/persistent"},"enableEndToEndTLS":false,"ingressSettings":{"readTimeoutInSeconds":300,"sendTimeoutInSeconds":60,"sessionCookieMaxAge":0,"sessionAffinity":"None","backendProtocol":"Default"}},"type":"Microsoft.AppPlatform/Spring/apps","identity":null,"location":"uksouth","id":"/subscriptions/00000000-0000-0000-0000-000000000000/resourceGroups/clitest.rg000001/providers/Microsoft.AppPlatform/Spring/clitest000002/apps/test-container","name":"test-container","systemData":{"createdBy":"qingyliu@microsoft.com","createdByType":"User","createdAt":"2023-03-29T10:37:07.105592Z","lastModifiedBy":"qingyliu@microsoft.com","lastModifiedByType":"User","lastModifiedAt":"2023-03-29T10:37:44.2151429Z"}}'
    headers:
      cache-control:
      - no-cache
      content-length:
      - '988'
      content-type:
      - application/json
      date:
      - Wed, 29 Mar 2023 10:38:15 GMT
      expires:
      - '-1'
      pragma:
      - no-cache
      request-context:
      - appId=cid-v1:797d7e4e-8180-497e-a254-780fbd39ba4d
      strict-transport-security:
      - max-age=31536000; includeSubDomains
      transfer-encoding:
      - chunked
      vary:
      - Accept-Encoding
      x-content-type-options:
      - nosniff
      x-ms-ratelimit-remaining-subscription-resource-requests:
      - '11997'
      x-rp-server-mvid:
      - 2d8cffe0-ed19-4f32-b630-c96199e681e1
    status:
      code: 200
      message: OK
- request:
    body: null
    headers:
      Accept:
      - '*/*'
      Accept-Encoding:
      - gzip, deflate
      CommandName:
      - spring app create
      Connection:
      - keep-alive
      ParameterSetName:
      - -s -g -n
      User-Agent:
      - AZURECLI/2.46.0 azsdk-python-mgmt-appplatform/6.1.0 Python/3.8.3 (Windows-10-10.0.22621-SP0)
    method: GET
    uri: https://management.azure.com/subscriptions/00000000-0000-0000-0000-000000000000/resourceGroups/clitest.rg000001/providers/Microsoft.AppPlatform/locations/uksouth/operationStatus/default/operationId/112ec3d4-8c0d-46b0-93c5-77b2c6544bf7?api-version=2023-03-01-preview
  response:
    body:
      string: '{"id":"subscriptions/d51e3ffe-6b84-49cd-b426-0dc4ec660356/resourceGroups/clitest.rg000001/providers/Microsoft.AppPlatform/locations/uksouth/operationStatus/default/operationId/112ec3d4-8c0d-46b0-93c5-77b2c6544bf7","name":"112ec3d4-8c0d-46b0-93c5-77b2c6544bf7","status":"Succeeded","startTime":"2023-03-29T10:37:43.8655459Z","endTime":"2023-03-29T10:38:18.0980062Z"}'
    headers:
      cache-control:
      - no-cache
      content-length:
      - '365'
      content-type:
      - application/json
      date:
      - Wed, 29 Mar 2023 10:38:24 GMT
      expires:
      - '-1'
      pragma:
      - no-cache
      request-context:
      - appId=cid-v1:797d7e4e-8180-497e-a254-780fbd39ba4d
      strict-transport-security:
      - max-age=31536000; includeSubDomains
      transfer-encoding:
      - chunked
      vary:
      - Accept-Encoding
      x-content-type-options:
      - nosniff
      x-rp-server-mvid:
      - 2d8cffe0-ed19-4f32-b630-c96199e681e1
    status:
      code: 200
      message: OK
- request:
    body: null
    headers:
      Accept:
      - '*/*'
      Accept-Encoding:
      - gzip, deflate
      CommandName:
      - spring app create
      Connection:
      - keep-alive
      ParameterSetName:
      - -s -g -n
      User-Agent:
      - AZURECLI/2.46.0 azsdk-python-mgmt-appplatform/6.1.0 Python/3.8.3 (Windows-10-10.0.22621-SP0)
    method: GET
    uri: https://management.azure.com/subscriptions/00000000-0000-0000-0000-000000000000/resourceGroups/clitest.rg000001/providers/Microsoft.AppPlatform/Spring/clitest000002/apps/test-container/deployments/mock-deployment?api-version=2023-03-01-preview
  response:
    body:
      string: '{"properties":{"deploymentSettings":{"resourceRequests":{"cpu":"1","memory":"1Gi"},"environmentVariables":null,"terminationGracePeriodSeconds":90,"livenessProbe":{"disableProbe":false,"failureThreshold":3,"initialDelaySeconds":300,"periodSeconds":10,"successThreshold":1,"timeoutSeconds":3,"probeAction":{"type":"TCPSocketAction"}},"readinessProbe":{"disableProbe":false,"failureThreshold":3,"initialDelaySeconds":0,"periodSeconds":5,"successThreshold":1,"timeoutSeconds":3,"probeAction":{"type":"TCPSocketAction"}}},"provisioningState":"Succeeded","status":"Running","active":true,"instances":[{"name":"test-container-default-14-f7d88f5c8-rt2xz","status":"Running","discoveryStatus":"UNREGISTERED","startTime":"2023-03-29T10:37:50Z"}],"source":{"type":"Jar","relativePath":"<default>","runtimeVersion":"Java_11"}},"type":"Microsoft.AppPlatform/Spring/apps/deployments","sku":{"name":"S0","tier":"Standard","capacity":1},"id":"/subscriptions/00000000-0000-0000-0000-000000000000/resourceGroups/clitest.rg000001/providers/Microsoft.AppPlatform/Spring/clitest000002/apps/test-container/deployments/default","name":"default","systemData":{"createdBy":"qingyliu@microsoft.com","createdByType":"User","createdAt":"2023-03-29T10:37:43.1682396Z","lastModifiedBy":"qingyliu@microsoft.com","lastModifiedByType":"User","lastModifiedAt":"2023-03-29T10:37:43.1682396Z"}}'
    headers:
      cache-control:
      - no-cache
      content-length:
      - '1358'
      content-type:
      - application/json
      date:
      - Wed, 29 Mar 2023 10:38:27 GMT
      expires:
      - '-1'
      pragma:
      - no-cache
      request-context:
      - appId=cid-v1:797d7e4e-8180-497e-a254-780fbd39ba4d
      strict-transport-security:
      - max-age=31536000; includeSubDomains
      transfer-encoding:
      - chunked
      vary:
      - Accept-Encoding
      x-content-type-options:
      - nosniff
      x-ms-ratelimit-remaining-subscription-resource-requests:
      - '11999'
      x-rp-server-mvid:
      - 2d8cffe0-ed19-4f32-b630-c96199e681e1
    status:
      code: 200
      message: OK
- request:
    body: null
    headers:
      Accept:
      - application/json
      Accept-Encoding:
      - gzip, deflate
      CommandName:
      - spring app create
      Connection:
      - keep-alive
      ParameterSetName:
      - -s -g -n
      User-Agent:
      - AZURECLI/2.46.0 azsdk-python-mgmt-appplatform/6.1.0 Python/3.8.3 (Windows-10-10.0.22621-SP0)
    method: GET
    uri: https://management.azure.com/subscriptions/00000000-0000-0000-0000-000000000000/resourceGroups/clitest.rg000001/providers/Microsoft.AppPlatform/Spring/clitest000002/apps/test-container?api-version=2023-03-01-preview
  response:
    body:
      string: '{"properties":{"addonConfigs":{"applicationConfigurationService":{},"serviceRegistry":{}},"public":false,"provisioningState":"Succeeded","fqdn":"clitest000002.azuremicroservices.io","httpsOnly":false,"temporaryDisk":{"sizeInGB":5,"mountPath":"/tmp"},"persistentDisk":{"sizeInGB":0,"mountPath":"/persistent"},"enableEndToEndTLS":false,"ingressSettings":{"readTimeoutInSeconds":300,"sendTimeoutInSeconds":60,"sessionCookieMaxAge":0,"sessionAffinity":"None","backendProtocol":"Default"}},"type":"Microsoft.AppPlatform/Spring/apps","identity":null,"location":"uksouth","id":"/subscriptions/00000000-0000-0000-0000-000000000000/resourceGroups/clitest.rg000001/providers/Microsoft.AppPlatform/Spring/clitest000002/apps/test-container","name":"test-container","systemData":{"createdBy":"qingyliu@microsoft.com","createdByType":"User","createdAt":"2023-03-29T10:37:07.105592Z","lastModifiedBy":"qingyliu@microsoft.com","lastModifiedByType":"User","lastModifiedAt":"2023-03-29T10:37:44.2151429Z"}}'
    headers:
      cache-control:
      - no-cache
      content-length:
      - '988'
      content-type:
      - application/json
      date:
      - Wed, 29 Mar 2023 10:38:30 GMT
      expires:
      - '-1'
      pragma:
      - no-cache
      request-context:
      - appId=cid-v1:797d7e4e-8180-497e-a254-780fbd39ba4d
      strict-transport-security:
      - max-age=31536000; includeSubDomains
      transfer-encoding:
      - chunked
      vary:
      - Accept-Encoding
      x-content-type-options:
      - nosniff
      x-ms-ratelimit-remaining-subscription-resource-requests:
      - '11996'
      x-rp-server-mvid:
      - 2d8cffe0-ed19-4f32-b630-c96199e681e1
    status:
      code: 200
      message: OK
- request:
    body: null
    headers:
      Accept:
      - application/json
      Accept-Encoding:
      - gzip, deflate
      CommandName:
      - spring app create
      Connection:
      - keep-alive
      ParameterSetName:
      - -s -g -n
      User-Agent:
      - AZURECLI/2.46.0 azsdk-python-mgmt-appplatform/6.1.0 Python/3.8.3 (Windows-10-10.0.22621-SP0)
    method: GET
    uri: https://management.azure.com/subscriptions/00000000-0000-0000-0000-000000000000/resourceGroups/clitest.rg000001/providers/Microsoft.AppPlatform/Spring/clitest000002/apps/test-container/deployments?api-version=2023-03-01-preview
  response:
    body:
      string: '{"value":[{"properties":{"deploymentSettings":{"resourceRequests":{"cpu":"1","memory":"1Gi"},"environmentVariables":null,"terminationGracePeriodSeconds":90,"livenessProbe":{"disableProbe":false,"failureThreshold":3,"initialDelaySeconds":300,"periodSeconds":10,"successThreshold":1,"timeoutSeconds":3,"probeAction":{"type":"TCPSocketAction"}},"readinessProbe":{"disableProbe":false,"failureThreshold":3,"initialDelaySeconds":0,"periodSeconds":5,"successThreshold":1,"timeoutSeconds":3,"probeAction":{"type":"TCPSocketAction"}}},"provisioningState":"Succeeded","status":"Running","active":true,"instances":[{"name":"test-container-default-14-f7d88f5c8-rt2xz","status":"Running","discoveryStatus":"UNREGISTERED","startTime":"2023-03-29T10:37:50Z"}],"source":{"type":"Jar","relativePath":"<default>","runtimeVersion":"Java_11"}},"type":"Microsoft.AppPlatform/Spring/apps/deployments","sku":{"name":"S0","tier":"Standard","capacity":1},"id":"/subscriptions/00000000-0000-0000-0000-000000000000/resourceGroups/clitest.rg000001/providers/Microsoft.AppPlatform/Spring/clitest000002/apps/test-container/deployments/default","name":"default","systemData":{"createdBy":"qingyliu@microsoft.com","createdByType":"User","createdAt":"2023-03-29T10:37:43.1682396Z","lastModifiedBy":"qingyliu@microsoft.com","lastModifiedByType":"User","lastModifiedAt":"2023-03-29T10:37:43.1682396Z"}}]}'
    headers:
      cache-control:
      - no-cache
      content-length:
      - '1370'
      content-type:
      - application/json
      date:
      - Wed, 29 Mar 2023 10:38:32 GMT
      expires:
      - '-1'
      pragma:
      - no-cache
      request-context:
      - appId=cid-v1:797d7e4e-8180-497e-a254-780fbd39ba4d
      strict-transport-security:
      - max-age=31536000; includeSubDomains
      transfer-encoding:
      - chunked
      vary:
      - Accept-Encoding
      x-content-type-options:
      - nosniff
      x-ms-ratelimit-remaining-subscription-resource-requests:
      - '11998'
      x-rp-server-mvid:
      - 2d8cffe0-ed19-4f32-b630-c96199e681e1
    status:
      code: 200
      message: OK
- request:
    body: null
    headers:
      Accept:
      - application/json
      Accept-Encoding:
      - gzip, deflate
      CommandName:
      - spring app deploy
      Connection:
      - keep-alive
      ParameterSetName:
      - -g -s -n --container-image
      User-Agent:
      - AZURECLI/2.46.0 azsdk-python-mgmt-appplatform/6.1.0 Python/3.8.3 (Windows-10-10.0.22621-SP0)
    method: GET
    uri: https://management.azure.com/subscriptions/00000000-0000-0000-0000-000000000000/resourceGroups/clitest.rg000001/providers/Microsoft.AppPlatform/Spring/clitest000002/apps/test-container/deployments?api-version=2023-03-01-preview
  response:
    body:
      string: '{"value":[{"properties":{"deploymentSettings":{"resourceRequests":{"cpu":"1","memory":"1Gi"},"environmentVariables":null,"terminationGracePeriodSeconds":90,"livenessProbe":{"disableProbe":false,"failureThreshold":3,"initialDelaySeconds":300,"periodSeconds":10,"successThreshold":1,"timeoutSeconds":3,"probeAction":{"type":"TCPSocketAction"}},"readinessProbe":{"disableProbe":false,"failureThreshold":3,"initialDelaySeconds":0,"periodSeconds":5,"successThreshold":1,"timeoutSeconds":3,"probeAction":{"type":"TCPSocketAction"}}},"provisioningState":"Succeeded","status":"Running","active":true,"instances":[{"name":"test-container-default-14-f7d88f5c8-rt2xz","status":"Running","discoveryStatus":"UNREGISTERED","startTime":"2023-03-29T10:37:50Z"}],"source":{"type":"Jar","relativePath":"<default>","runtimeVersion":"Java_11"}},"type":"Microsoft.AppPlatform/Spring/apps/deployments","sku":{"name":"S0","tier":"Standard","capacity":1},"id":"/subscriptions/00000000-0000-0000-0000-000000000000/resourceGroups/clitest.rg000001/providers/Microsoft.AppPlatform/Spring/clitest000002/apps/test-container/deployments/default","name":"default","systemData":{"createdBy":"qingyliu@microsoft.com","createdByType":"User","createdAt":"2023-03-29T10:37:43.1682396Z","lastModifiedBy":"qingyliu@microsoft.com","lastModifiedByType":"User","lastModifiedAt":"2023-03-29T10:37:43.1682396Z"}}]}'
    headers:
      cache-control:
      - no-cache
      content-length:
      - '1370'
      content-type:
      - application/json
      date:
      - Wed, 29 Mar 2023 10:38:38 GMT
      expires:
      - '-1'
      pragma:
      - no-cache
      request-context:
      - appId=cid-v1:797d7e4e-8180-497e-a254-780fbd39ba4d
      strict-transport-security:
      - max-age=31536000; includeSubDomains
      transfer-encoding:
      - chunked
      vary:
      - Accept-Encoding
      x-content-type-options:
      - nosniff
      x-ms-ratelimit-remaining-subscription-resource-requests:
      - '11999'
      x-rp-server-mvid:
      - 2d8cffe0-ed19-4f32-b630-c96199e681e1
    status:
      code: 200
      message: OK
- request:
    body: null
    headers:
      Accept:
      - application/json
      Accept-Encoding:
      - gzip, deflate
      CommandName:
      - spring app deploy
      Connection:
      - keep-alive
      ParameterSetName:
      - -g -s -n --container-image
      User-Agent:
      - AZURECLI/2.46.0 azsdk-python-mgmt-appplatform/6.1.0 Python/3.8.3 (Windows-10-10.0.22621-SP0)
    method: GET
    uri: https://management.azure.com/subscriptions/00000000-0000-0000-0000-000000000000/resourceGroups/clitest.rg000001/providers/Microsoft.AppPlatform/Spring/clitest000002/buildServices/default?api-version=2023-03-01-preview
  response:
    body:
      string: '{"error":{"code":"BadRequest","message":"Feature BuildService is not
        supported in Sku S0 for API version 2023-03-01-preview.","target":null,"details":null}}'
    headers:
      cache-control:
      - no-cache
      content-length:
      - '156'
      content-type:
      - application/json
      date:
      - Wed, 29 Mar 2023 10:38:39 GMT
      expires:
      - '-1'
      pragma:
      - no-cache
      request-context:
      - appId=cid-v1:797d7e4e-8180-497e-a254-780fbd39ba4d
      strict-transport-security:
      - max-age=31536000; includeSubDomains
      x-content-type-options:
      - nosniff
      x-rp-server-mvid:
      - 2d8cffe0-ed19-4f32-b630-c96199e681e1
    status:
      code: 400
      message: Bad Request
- request:
    body: '{"properties": {"source": {"type": "Container", "customContainer": {"server":
      "docker.io", "containerImage": "springio/gs-spring-boot-docker"}}, "deploymentSettings":
      {"resourceRequests": {"cpu": "1", "memory": "1Gi"}}}, "sku": {"name": "S0",
      "tier": "Standard", "capacity": 1}}'
    headers:
      Accept:
      - application/json
      Accept-Encoding:
      - gzip, deflate
      CommandName:
      - spring app deploy
      Connection:
      - keep-alive
      Content-Length:
      - '278'
      Content-Type:
      - application/json
      ParameterSetName:
      - -g -s -n --container-image
      User-Agent:
      - AZURECLI/2.46.0 azsdk-python-mgmt-appplatform/6.1.0 Python/3.8.3 (Windows-10-10.0.22621-SP0)
    method: PUT
    uri: https://management.azure.com/subscriptions/00000000-0000-0000-0000-000000000000/resourceGroups/clitest.rg000001/providers/Microsoft.AppPlatform/Spring/clitest000002/apps/test-container/deployments/mock-deployment?api-version=2023-03-01-preview
  response:
    body:
      string: '{"properties":{"deploymentSettings":{"resourceRequests":{"cpu":"1","memory":"1Gi"},"environmentVariables":null,"terminationGracePeriodSeconds":90},"provisioningState":"Updating","status":"Running","active":true,"instances":null,"source":{"type":"Container","version":"","customContainer":{"containerImage":"springio/gs-spring-boot-docker","server":"docker.io"}}},"type":"Microsoft.AppPlatform/Spring/apps/deployments","sku":{"name":"S0","tier":"Standard","capacity":1},"id":"/subscriptions/00000000-0000-0000-0000-000000000000/resourceGroups/clitest.rg000001/providers/Microsoft.AppPlatform/Spring/clitest000002/apps/test-container/deployments/default","name":"default","systemData":{"createdBy":"qingyliu@microsoft.com","createdByType":"User","createdAt":"2023-03-29T10:37:43.1682396Z","lastModifiedBy":"qingyliu@microsoft.com","lastModifiedByType":"User","lastModifiedAt":"2023-03-29T10:38:40.2400608Z"}}'
    headers:
      azure-asyncoperation:
      - https://management.azure.com/subscriptions/00000000-0000-0000-0000-000000000000/resourceGroups/clitest.rg000001/providers/Microsoft.AppPlatform/locations/uksouth/operationStatus/default/operationId/9769677a-497c-4e86-b989-f6cd27639b71?api-version=2023-03-01-preview
      cache-control:
      - no-cache
      content-length:
      - '906'
      content-type:
      - application/json
      date:
      - Wed, 29 Mar 2023 10:38:42 GMT
      expires:
      - '-1'
      location:
      - https://management.azure.com/subscriptions/00000000-0000-0000-0000-000000000000/resourceGroups/clitest.rg000001/providers/Microsoft.AppPlatform/locations/uksouth/operationResults/9769677a-497c-4e86-b989-f6cd27639b71/Spring/default?api-version=2023-03-01-preview
      pragma:
      - no-cache
      request-context:
      - appId=cid-v1:797d7e4e-8180-497e-a254-780fbd39ba4d
      strict-transport-security:
      - max-age=31536000; includeSubDomains
      x-content-type-options:
      - nosniff
      x-ms-ratelimit-remaining-subscription-resource-requests:
      - '1199'
      x-rp-server-mvid:
      - 2d8cffe0-ed19-4f32-b630-c96199e681e1
    status:
      code: 202
      message: Accepted
- request:
    body: null
    headers:
      Accept:
      - '*/*'
      Accept-Encoding:
      - gzip, deflate
      CommandName:
      - spring app deploy
      Connection:
      - keep-alive
      ParameterSetName:
      - -g -s -n --container-image
      User-Agent:
      - AZURECLI/2.46.0 azsdk-python-mgmt-appplatform/6.1.0 Python/3.8.3 (Windows-10-10.0.22621-SP0)
    method: GET
    uri: https://management.azure.com/subscriptions/00000000-0000-0000-0000-000000000000/resourceGroups/clitest.rg000001/providers/Microsoft.AppPlatform/locations/uksouth/operationStatus/default/operationId/9769677a-497c-4e86-b989-f6cd27639b71?api-version=2023-03-01-preview
  response:
    body:
      string: '{"id":"subscriptions/d51e3ffe-6b84-49cd-b426-0dc4ec660356/resourceGroups/clitest.rg000001/providers/Microsoft.AppPlatform/locations/uksouth/operationStatus/default/operationId/9769677a-497c-4e86-b989-f6cd27639b71","name":"9769677a-497c-4e86-b989-f6cd27639b71","status":"Running","startTime":"2023-03-29T10:38:43.0384035Z"}'
    headers:
      cache-control:
      - no-cache
      content-length:
      - '322'
      content-type:
      - application/json
      date:
      - Wed, 29 Mar 2023 10:39:12 GMT
      expires:
      - '-1'
      pragma:
      - no-cache
      request-context:
      - appId=cid-v1:797d7e4e-8180-497e-a254-780fbd39ba4d
      strict-transport-security:
      - max-age=31536000; includeSubDomains
      transfer-encoding:
      - chunked
      vary:
      - Accept-Encoding
      x-content-type-options:
      - nosniff
      x-rp-server-mvid:
      - 2d8cffe0-ed19-4f32-b630-c96199e681e1
    status:
      code: 200
      message: OK
- request:
    body: null
    headers:
      Accept:
      - '*/*'
      Accept-Encoding:
      - gzip, deflate
      CommandName:
      - spring app deploy
      Connection:
      - keep-alive
      ParameterSetName:
      - -g -s -n --container-image
      User-Agent:
      - AZURECLI/2.46.0 azsdk-python-mgmt-appplatform/6.1.0 Python/3.8.3 (Windows-10-10.0.22621-SP0)
    method: GET
    uri: https://management.azure.com/subscriptions/00000000-0000-0000-0000-000000000000/resourceGroups/clitest.rg000001/providers/Microsoft.AppPlatform/locations/uksouth/operationStatus/default/operationId/9769677a-497c-4e86-b989-f6cd27639b71?api-version=2023-03-01-preview
  response:
    body:
      string: '{"id":"subscriptions/d51e3ffe-6b84-49cd-b426-0dc4ec660356/resourceGroups/clitest.rg000001/providers/Microsoft.AppPlatform/locations/uksouth/operationStatus/default/operationId/9769677a-497c-4e86-b989-f6cd27639b71","name":"9769677a-497c-4e86-b989-f6cd27639b71","status":"Succeeded","startTime":"2023-03-29T10:38:43.0384035Z","endTime":"2023-03-29T10:39:17.8530926Z"}'
    headers:
      cache-control:
      - no-cache
      content-length:
      - '365'
      content-type:
      - application/json
      date:
      - Wed, 29 Mar 2023 10:39:24 GMT
      expires:
      - '-1'
      pragma:
      - no-cache
      request-context:
      - appId=cid-v1:797d7e4e-8180-497e-a254-780fbd39ba4d
      strict-transport-security:
      - max-age=31536000; includeSubDomains
      transfer-encoding:
      - chunked
      vary:
      - Accept-Encoding
      x-content-type-options:
      - nosniff
      x-rp-server-mvid:
      - 2d8cffe0-ed19-4f32-b630-c96199e681e1
    status:
      code: 200
      message: OK
- request:
    body: null
    headers:
      Accept:
      - '*/*'
      Accept-Encoding:
      - gzip, deflate
      CommandName:
      - spring app deploy
      Connection:
      - keep-alive
      ParameterSetName:
      - -g -s -n --container-image
      User-Agent:
      - AZURECLI/2.46.0 azsdk-python-mgmt-appplatform/6.1.0 Python/3.8.3 (Windows-10-10.0.22621-SP0)
    method: GET
    uri: https://management.azure.com/subscriptions/00000000-0000-0000-0000-000000000000/resourceGroups/clitest.rg000001/providers/Microsoft.AppPlatform/Spring/clitest000002/apps/test-container/deployments/mock-deployment?api-version=2023-03-01-preview
  response:
    body:
      string: '{"properties":{"deploymentSettings":{"resourceRequests":{"cpu":"1","memory":"1Gi"},"environmentVariables":null,"terminationGracePeriodSeconds":90,"livenessProbe":{"disableProbe":false,"failureThreshold":3,"initialDelaySeconds":300,"periodSeconds":10,"successThreshold":1,"timeoutSeconds":3,"probeAction":{"type":"TCPSocketAction"}},"readinessProbe":{"disableProbe":false,"failureThreshold":3,"initialDelaySeconds":0,"periodSeconds":5,"successThreshold":1,"timeoutSeconds":3,"probeAction":{"type":"TCPSocketAction"}}},"provisioningState":"Succeeded","status":"Running","active":true,"instances":[{"name":"test-container-default-14-79666b98d6-88qsr","status":"Running","discoveryStatus":"N/A","startTime":"2023-03-29T10:38:53Z"}],"source":{"type":"Container","version":"","customContainer":{"containerImage":"springio/gs-spring-boot-docker","server":"docker.io"}}},"type":"Microsoft.AppPlatform/Spring/apps/deployments","sku":{"name":"S0","tier":"Standard","capacity":1},"id":"/subscriptions/00000000-0000-0000-0000-000000000000/resourceGroups/clitest.rg000001/providers/Microsoft.AppPlatform/Spring/clitest000002/apps/test-container/deployments/default","name":"default","systemData":{"createdBy":"qingyliu@microsoft.com","createdByType":"User","createdAt":"2023-03-29T10:37:43.1682396Z","lastModifiedBy":"qingyliu@microsoft.com","lastModifiedByType":"User","lastModifiedAt":"2023-03-29T10:38:40.2400608Z"}}'
    headers:
      cache-control:
      - no-cache
      content-length:
      - '1406'
      content-type:
      - application/json
      date:
      - Wed, 29 Mar 2023 10:39:27 GMT
      expires:
      - '-1'
      pragma:
      - no-cache
      request-context:
      - appId=cid-v1:797d7e4e-8180-497e-a254-780fbd39ba4d
      strict-transport-security:
      - max-age=31536000; includeSubDomains
      transfer-encoding:
      - chunked
      vary:
      - Accept-Encoding
      x-content-type-options:
      - nosniff
      x-ms-ratelimit-remaining-subscription-resource-requests:
      - '11999'
      x-rp-server-mvid:
      - 2d8cffe0-ed19-4f32-b630-c96199e681e1
    status:
      code: 200
      message: OK
- request:
    body: null
    headers:
      Accept:
      - application/json
      Accept-Encoding:
      - gzip, deflate
      CommandName:
      - spring app deploy
      Connection:
      - keep-alive
      ParameterSetName:
      - -g -s -n --container-image
      User-Agent:
      - AZURECLI/2.46.0 azsdk-python-mgmt-appplatform/6.1.0 Python/3.8.3 (Windows-10-10.0.22621-SP0)
    method: GET
    uri: https://management.azure.com/subscriptions/00000000-0000-0000-0000-000000000000/resourceGroups/clitest.rg000001/providers/Microsoft.AppPlatform/Spring/clitest000002/apps/test-container/deployments/mock-deployment?api-version=2023-03-01-preview
  response:
    body:
      string: '{"properties":{"deploymentSettings":{"resourceRequests":{"cpu":"1","memory":"1Gi"},"environmentVariables":null,"terminationGracePeriodSeconds":90,"livenessProbe":{"disableProbe":false,"failureThreshold":3,"initialDelaySeconds":300,"periodSeconds":10,"successThreshold":1,"timeoutSeconds":3,"probeAction":{"type":"TCPSocketAction"}},"readinessProbe":{"disableProbe":false,"failureThreshold":3,"initialDelaySeconds":0,"periodSeconds":5,"successThreshold":1,"timeoutSeconds":3,"probeAction":{"type":"TCPSocketAction"}}},"provisioningState":"Succeeded","status":"Running","active":true,"instances":[{"name":"test-container-default-14-79666b98d6-88qsr","status":"Running","discoveryStatus":"N/A","startTime":"2023-03-29T10:38:53Z"}],"source":{"type":"Container","version":"","customContainer":{"containerImage":"springio/gs-spring-boot-docker","server":"docker.io"}}},"type":"Microsoft.AppPlatform/Spring/apps/deployments","sku":{"name":"S0","tier":"Standard","capacity":1},"id":"/subscriptions/00000000-0000-0000-0000-000000000000/resourceGroups/clitest.rg000001/providers/Microsoft.AppPlatform/Spring/clitest000002/apps/test-container/deployments/default","name":"default","systemData":{"createdBy":"qingyliu@microsoft.com","createdByType":"User","createdAt":"2023-03-29T10:37:43.1682396Z","lastModifiedBy":"qingyliu@microsoft.com","lastModifiedByType":"User","lastModifiedAt":"2023-03-29T10:38:40.2400608Z"}}'
    headers:
      cache-control:
      - no-cache
      content-length:
      - '1406'
      content-type:
      - application/json
      date:
      - Wed, 29 Mar 2023 10:39:30 GMT
      expires:
      - '-1'
      pragma:
      - no-cache
      request-context:
      - appId=cid-v1:797d7e4e-8180-497e-a254-780fbd39ba4d
      strict-transport-security:
      - max-age=31536000; includeSubDomains
      transfer-encoding:
      - chunked
      vary:
      - Accept-Encoding
      x-content-type-options:
      - nosniff
      x-ms-ratelimit-remaining-subscription-resource-requests:
      - '11998'
      x-rp-server-mvid:
      - 2d8cffe0-ed19-4f32-b630-c96199e681e1
    status:
      code: 200
      message: OK
- request:
    body: null
    headers:
      Accept:
      - application/json
      Accept-Encoding:
      - gzip, deflate
      CommandName:
      - spring app deploy
      Connection:
      - keep-alive
      ParameterSetName:
      - -g -s -n --container-image
      User-Agent:
      - AZURECLI/2.46.0 azsdk-python-mgmt-appplatform/6.1.0 Python/3.8.3 (Windows-10-10.0.22621-SP0)
    method: GET
    uri: https://management.azure.com/subscriptions/00000000-0000-0000-0000-000000000000/resourceGroups/clitest.rg000001/providers/Microsoft.AppPlatform/Spring/clitest000002?api-version=2023-03-01-preview
  response:
    body:
      string: '{"properties":{"provisioningState":"Succeeded","zoneRedundant":false,"version":3,"serviceId":"0e134f0883dc4fa6b5b5a0c04ac4a187","networkProfile":{"outboundIPs":{"publicIPs":["20.108.77.211","20.108.209.51"]},"outboundType":"loadBalancer"},"powerState":"Running","fqdn":"clitest000002.azuremicroservices.io"},"type":"Microsoft.AppPlatform/Spring","sku":{"name":"S0","tier":"Standard"},"location":"uksouth","tags":null,"id":"/subscriptions/00000000-0000-0000-0000-000000000000/resourceGroups/clitest.rg000001/providers/Microsoft.AppPlatform/Spring/clitest000002","name":"clitest000002","systemData":{"createdBy":"qingyliu@microsoft.com","createdByType":"User","createdAt":"2023-03-29T10:28:21.7128332Z","lastModifiedBy":"qingyliu@microsoft.com","lastModifiedByType":"User","lastModifiedAt":"2023-03-29T10:28:21.7128332Z"}}'
    headers:
      cache-control:
      - no-cache
      content-length:
      - '820'
      content-type:
      - application/json
      date:
      - Wed, 29 Mar 2023 10:39:31 GMT
      expires:
      - '-1'
      pragma:
      - no-cache
      request-context:
      - appId=cid-v1:797d7e4e-8180-497e-a254-780fbd39ba4d
      strict-transport-security:
      - max-age=31536000; includeSubDomains
      transfer-encoding:
      - chunked
      vary:
      - Accept-Encoding
      x-content-type-options:
      - nosniff
      x-ms-ratelimit-remaining-subscription-resource-requests:
      - '11999'
      x-rp-server-mvid:
      - 2d8cffe0-ed19-4f32-b630-c96199e681e1
    status:
      code: 200
      message: OK
- request:
    body: null
    headers:
      Accept:
      - application/json
      Accept-Encoding:
      - gzip, deflate
      CommandName:
      - spring app deploy
      Connection:
      - keep-alive
      Content-Length:
      - '0'
      ParameterSetName:
      - -g -s -n --container-image
      User-Agent:
      - AZURECLI/2.46.0 azsdk-python-mgmt-appplatform/6.1.0 Python/3.8.3 (Windows-10-10.0.22621-SP0)
    method: POST
    uri: https://management.azure.com/subscriptions/00000000-0000-0000-0000-000000000000/resourceGroups/clitest.rg000001/providers/Microsoft.AppPlatform/Spring/clitest000002/listTestKeys?api-version=2023-03-01-preview
  response:
    body:
      string: '{"primaryKey":"yqXpE5wF4kssRtMHcaxoi4bekSnEFOOZSHmU561eA4AWPlJEwcZ0CHrnFakjQB2I","secondaryKey":"N6a5Lkng843frSK90UOdJKYZULdiYq3Y3solWPqwjiHgF9bY8TRerCcyrn68X6pe","primaryTestEndpoint":"https://primary:yqXpE5wF4kssRtMHcaxoi4bekSnEFOOZSHmU561eA4AWPlJEwcZ0CHrnFakjQB2I@clitest000002.test.azuremicroservices.io","secondaryTestEndpoint":"https://secondary:N6a5Lkng843frSK90UOdJKYZULdiYq3Y3solWPqwjiHgF9bY8TRerCcyrn68X6pe@clitest000002.test.azuremicroservices.io","enabled":true}'
    headers:
      cache-control:
      - no-cache
      content-length:
      - '474'
      content-type:
      - application/json
      date:
      - Wed, 29 Mar 2023 10:39:31 GMT
      expires:
      - '-1'
      pragma:
      - no-cache
      request-context:
      - appId=cid-v1:797d7e4e-8180-497e-a254-780fbd39ba4d
      strict-transport-security:
      - max-age=31536000; includeSubDomains
      transfer-encoding:
      - chunked
      vary:
      - Accept-Encoding
      x-content-type-options:
      - nosniff
      x-ms-ratelimit-remaining-subscription-writes:
      - '1199'
      x-rp-server-mvid:
      - 2d8cffe0-ed19-4f32-b630-c96199e681e1
    status:
      code: 200
      message: OK
- request:
    body: null
    headers:
      Accept:
      - '*/*'
      Accept-Encoding:
      - gzip, deflate
      Connection:
      - keep-alive
      User-Agent:
      - python-requests/2.27.1
    method: GET
    uri: https://clitest000002.azuremicroservices.io/api/logstream/apps/test-container/instances/test-container-default-14-79666b98d6-88qsr?tailLines=500&limitBytes=1048576&sinceSeconds=300
  response:
    body:
      string: "Picked up JAVA_TOOL_OPTIONS: -Dcom.sun.management.jmxremote -Dcom.sun.management.jmxremote.port=1099
        -Dcom.sun.management.jmxremote.local.only=true -Dmanagement.endpoints.jmx.exposure.include=health,metrics
        -Dcom.sun.management.jmxremote.authenticate=false -Dcom.sun.management.jmxremote.ssl=false
        -Dspring.jmx.enabled=true -Dserver.tomcat.mbeanregistry.enabled=true -Dfile.encoding=UTF8
        -Deureka.client.service-url.defaultZone=https://clitest000002.svc.azuremicroservices.io/eureka/eureka
        -DCONFIG_SERVER_URL=https://clitest000002.svc.azuremicroservices.io/config
        -Dspring.cloud.config.uri=https://clitest000002.svc.azuremicroservices.io/config
        -Dspring.cloud.config.fail-fast=true -Dspring.config.import=optional:configserver:https://clitest000002.svc.azuremicroservices.io/config/\n\n
        \ .   ____          _            __ _ _\n /\\\\ / ___'_ __ _ _(_)_ __  __
        _ \\ \\ \\ \\\n( ( )\\___ | '_ | '_| | '_ \\/ _` | \\ \\ \\ \\\n \\\\/  ___)|
        |_)| | | | | || (_| |  ) ) ) )\n  '  |____| .__|_| |_|_| |_\\__, | / / / /\n
        =========|_|==============|___/=/_/_/_/\n :: Spring Boot ::        (v2.2.1.RELEASE)\n\n2023-03-29
        10:39:00.185  INFO 1 --- [           main] hello.Application                        :
        Starting Application on test-container-default-14-79666b98d6-88qsr with PID
        1 (/app/classes started by ? in /)\n2023-03-29 10:39:00.189  INFO 1 --- [
        \          main] hello.Application                        : No active profile
        set, falling back to default profiles: default\n2023-03-29 10:39:03.379  INFO
        1 --- [           main] o.s.b.w.embedded.tomcat.TomcatWebServer  : Tomcat
        initialized with port(s): 1025 (http)\n2023-03-29 10:39:03.975  INFO 1 ---
        [           main] o.apache.catalina.core.StandardService   : Starting service
        [Tomcat]\n2023-03-29 10:39:03.976  INFO 1 --- [           main] org.apache.catalina.core.StandardEngine
        \ : Starting Servlet engine: [Apache Tomcat/9.0.27]\n2023-03-29 10:39:04.309
        \ INFO 1 --- [           main] o.a.c.c.C.[Tomcat].[localhost].[/]       :
        Initializing Spring embedded WebApplicationContext\n2023-03-29 10:39:04.310
        \ INFO 1 --- [           main] o.s.web.context.ContextLoader            :
        Root WebApplicationContext: initialization completed in 3927 ms\n2023-03-29
        10:39:06.174  INFO 1 --- [           main] o.s.s.concurrent.ThreadPoolTaskExecutor
        \ : Initializing ExecutorService 'applicationTaskExecutor'\n2023-03-29 10:39:06.796
        \ INFO 1 --- [           main] o.s.b.w.embedded.tomcat.TomcatWebServer  :
        Tomcat started on port(s): 1025 (http) with context path ''\n2023-03-29 10:39:06.800
        \ INFO 1 --- [           main] hello.Application                        :
        Started Application in 7.996 seconds (JVM running for 9.048)\n"
    headers:
      connection:
      - keep-alive
      content-type:
      - text/plain
      date:
      - Wed, 29 Mar 2023 10:39:34 GMT
      strict-transport-security:
      - max-age=15724800; includeSubDomains
      transfer-encoding:
      - chunked
    status:
      code: 200
      message: OK
- request:
    body: null
    headers:
      Accept:
      - application/json
      Accept-Encoding:
      - gzip, deflate
      CommandName:
      - spring app deploy
      Connection:
      - keep-alive
      ParameterSetName:
      - -g -s -n --container-image
      User-Agent:
      - AZURECLI/2.46.0 azsdk-python-mgmt-appplatform/6.1.0 Python/3.8.3 (Windows-10-10.0.22621-SP0)
    method: GET
    uri: https://management.azure.com/subscriptions/00000000-0000-0000-0000-000000000000/resourceGroups/clitest.rg000001/providers/Microsoft.AppPlatform/Spring/clitest000002/apps/test-container/deployments/mock-deployment?api-version=2023-03-01-preview
  response:
    body:
      string: '{"properties":{"deploymentSettings":{"resourceRequests":{"cpu":"1","memory":"1Gi"},"environmentVariables":null,"terminationGracePeriodSeconds":90,"livenessProbe":{"disableProbe":false,"failureThreshold":3,"initialDelaySeconds":300,"periodSeconds":10,"successThreshold":1,"timeoutSeconds":3,"probeAction":{"type":"TCPSocketAction"}},"readinessProbe":{"disableProbe":false,"failureThreshold":3,"initialDelaySeconds":0,"periodSeconds":5,"successThreshold":1,"timeoutSeconds":3,"probeAction":{"type":"TCPSocketAction"}}},"provisioningState":"Succeeded","status":"Running","active":true,"instances":[{"name":"test-container-default-14-79666b98d6-88qsr","status":"Running","discoveryStatus":"N/A","startTime":"2023-03-29T10:38:53Z"}],"source":{"type":"Container","version":"","customContainer":{"containerImage":"springio/gs-spring-boot-docker","server":"docker.io"}}},"type":"Microsoft.AppPlatform/Spring/apps/deployments","sku":{"name":"S0","tier":"Standard","capacity":1},"id":"/subscriptions/00000000-0000-0000-0000-000000000000/resourceGroups/clitest.rg000001/providers/Microsoft.AppPlatform/Spring/clitest000002/apps/test-container/deployments/default","name":"default","systemData":{"createdBy":"qingyliu@microsoft.com","createdByType":"User","createdAt":"2023-03-29T10:37:43.1682396Z","lastModifiedBy":"qingyliu@microsoft.com","lastModifiedByType":"User","lastModifiedAt":"2023-03-29T10:38:40.2400608Z"}}'
    headers:
      cache-control:
      - no-cache
      content-length:
      - '1406'
      content-type:
      - application/json
      date:
      - Wed, 29 Mar 2023 10:39:36 GMT
      expires:
      - '-1'
      pragma:
      - no-cache
      request-context:
      - appId=cid-v1:797d7e4e-8180-497e-a254-780fbd39ba4d
      strict-transport-security:
      - max-age=31536000; includeSubDomains
      transfer-encoding:
      - chunked
      vary:
      - Accept-Encoding
      x-content-type-options:
      - nosniff
      x-ms-ratelimit-remaining-subscription-resource-requests:
      - '11997'
      x-rp-server-mvid:
      - 2d8cffe0-ed19-4f32-b630-c96199e681e1
    status:
      code: 200
      message: OK
- request:
    body: null
    headers:
      Accept:
      - application/json
      Accept-Encoding:
      - gzip, deflate
      CommandName:
      - spring app deploy
      Connection:
      - keep-alive
      ParameterSetName:
      - -g -s -n --container-image --container-command --container-args -c
      User-Agent:
      - AZURECLI/2.46.0 azsdk-python-mgmt-appplatform/6.1.0 Python/3.8.3 (Windows-10-10.0.22621-SP0)
    method: GET
    uri: https://management.azure.com/subscriptions/00000000-0000-0000-0000-000000000000/resourceGroups/clitest.rg000001/providers/Microsoft.AppPlatform/Spring/clitest000002/apps/test-container/deployments?api-version=2023-03-01-preview
  response:
    body:
      string: '{"value":[{"properties":{"deploymentSettings":{"resourceRequests":{"cpu":"1","memory":"1Gi"},"environmentVariables":null,"terminationGracePeriodSeconds":90,"livenessProbe":{"disableProbe":false,"failureThreshold":3,"initialDelaySeconds":300,"periodSeconds":10,"successThreshold":1,"timeoutSeconds":3,"probeAction":{"type":"TCPSocketAction"}},"readinessProbe":{"disableProbe":false,"failureThreshold":3,"initialDelaySeconds":0,"periodSeconds":5,"successThreshold":1,"timeoutSeconds":3,"probeAction":{"type":"TCPSocketAction"}}},"provisioningState":"Succeeded","status":"Running","active":true,"instances":[{"name":"test-container-default-14-79666b98d6-88qsr","status":"Running","discoveryStatus":"N/A","startTime":"2023-03-29T10:38:53Z"}],"source":{"type":"Container","version":"","customContainer":{"containerImage":"springio/gs-spring-boot-docker","server":"docker.io"}}},"type":"Microsoft.AppPlatform/Spring/apps/deployments","sku":{"name":"S0","tier":"Standard","capacity":1},"id":"/subscriptions/00000000-0000-0000-0000-000000000000/resourceGroups/clitest.rg000001/providers/Microsoft.AppPlatform/Spring/clitest000002/apps/test-container/deployments/default","name":"default","systemData":{"createdBy":"qingyliu@microsoft.com","createdByType":"User","createdAt":"2023-03-29T10:37:43.1682396Z","lastModifiedBy":"qingyliu@microsoft.com","lastModifiedByType":"User","lastModifiedAt":"2023-03-29T10:38:40.2400608Z"}}]}'
    headers:
      cache-control:
      - no-cache
      content-length:
      - '1418'
      content-type:
      - application/json
      date:
      - Wed, 29 Mar 2023 10:39:42 GMT
      expires:
      - '-1'
      pragma:
      - no-cache
      request-context:
      - appId=cid-v1:797d7e4e-8180-497e-a254-780fbd39ba4d
      strict-transport-security:
      - max-age=31536000; includeSubDomains
      transfer-encoding:
      - chunked
      vary:
      - Accept-Encoding
      x-content-type-options:
      - nosniff
      x-ms-ratelimit-remaining-subscription-resource-requests:
      - '11999'
      x-rp-server-mvid:
      - 2d8cffe0-ed19-4f32-b630-c96199e681e1
    status:
      code: 200
      message: OK
- request:
    body: null
    headers:
      Accept:
      - application/json
      Accept-Encoding:
      - gzip, deflate
      CommandName:
      - spring app deploy
      Connection:
      - keep-alive
      ParameterSetName:
      - -g -s -n --container-image --container-command --container-args -c
      User-Agent:
      - AZURECLI/2.46.0 azsdk-python-mgmt-appplatform/6.1.0 Python/3.8.3 (Windows-10-10.0.22621-SP0)
    method: GET
    uri: https://management.azure.com/subscriptions/00000000-0000-0000-0000-000000000000/resourceGroups/clitest.rg000001/providers/Microsoft.AppPlatform/Spring/clitest000002/buildServices/default?api-version=2023-03-01-preview
  response:
    body:
      string: '{"error":{"code":"BadRequest","message":"Feature BuildService is not
        supported in Sku S0 for API version 2023-03-01-preview.","target":null,"details":null}}'
    headers:
      cache-control:
      - no-cache
      content-length:
      - '156'
      content-type:
      - application/json
      date:
      - Wed, 29 Mar 2023 10:39:44 GMT
      expires:
      - '-1'
      pragma:
      - no-cache
      request-context:
      - appId=cid-v1:797d7e4e-8180-497e-a254-780fbd39ba4d
      strict-transport-security:
      - max-age=31536000; includeSubDomains
      x-content-type-options:
      - nosniff
      x-rp-server-mvid:
      - 2d8cffe0-ed19-4f32-b630-c96199e681e1
    status:
      code: 400
      message: Bad Request
- request:
    body: '{"properties": {"source": {"type": "Container", "customContainer": {"server":
      "docker.io", "containerImage": "springio/gs-spring-boot-docker", "command":
      ["java"], "args": ["-cp", "/app/resources:/app/classes:/app/libs/*", "hello.Application"]}},
      "deploymentSettings": {}}, "sku": {"name": "S0", "tier": "Standard"}}'
    headers:
      Accept:
      - application/json
      Accept-Encoding:
      - gzip, deflate
      CommandName:
      - spring app deploy
      Connection:
      - keep-alive
      Content-Length:
      - '316'
      Content-Type:
      - application/json
      ParameterSetName:
      - -g -s -n --container-image --container-command --container-args -c
      User-Agent:
      - AZURECLI/2.46.0 azsdk-python-mgmt-appplatform/6.1.0 Python/3.8.3 (Windows-10-10.0.22621-SP0)
    method: PATCH
    uri: https://management.azure.com/subscriptions/00000000-0000-0000-0000-000000000000/resourceGroups/clitest.rg000001/providers/Microsoft.AppPlatform/Spring/clitest000002/apps/test-container/deployments/mock-deployment?api-version=2023-03-01-preview
  response:
    body:
      string: '{"properties":{"deploymentSettings":{"resourceRequests":{"cpu":"1","memory":"1Gi"},"environmentVariables":null,"terminationGracePeriodSeconds":90},"provisioningState":"Updating","status":"Running","active":true,"instances":null,"source":{"type":"Container","version":"","customContainer":{"containerImage":"springio/gs-spring-boot-docker","server":"docker.io","command":["java"],"args":["-cp","/app/resources:/app/classes:/app/libs/*","hello.Application"]}}},"type":"Microsoft.AppPlatform/Spring/apps/deployments","sku":{"name":"S0","tier":"Standard","capacity":1},"id":"/subscriptions/00000000-0000-0000-0000-000000000000/resourceGroups/clitest.rg000001/providers/Microsoft.AppPlatform/Spring/clitest000002/apps/test-container/deployments/default","name":"default","systemData":{"createdBy":"qingyliu@microsoft.com","createdByType":"User","createdAt":"2023-03-29T10:37:43.1682396Z","lastModifiedBy":"qingyliu@microsoft.com","lastModifiedByType":"User","lastModifiedAt":"2023-03-29T10:39:45.6067912Z"}}'
    headers:
      azure-asyncoperation:
      - https://management.azure.com/subscriptions/00000000-0000-0000-0000-000000000000/resourceGroups/clitest.rg000001/providers/Microsoft.AppPlatform/locations/uksouth/operationStatus/default/operationId/2ab9b1d8-0276-4287-a703-2895a9ced15e?api-version=2023-03-01-preview
      cache-control:
      - no-cache
      content-length:
      - '1002'
      content-type:
      - application/json
      date:
      - Wed, 29 Mar 2023 10:39:46 GMT
      expires:
      - '-1'
      location:
      - https://management.azure.com/subscriptions/00000000-0000-0000-0000-000000000000/resourceGroups/clitest.rg000001/providers/Microsoft.AppPlatform/locations/uksouth/operationResults/2ab9b1d8-0276-4287-a703-2895a9ced15e/Spring/default?api-version=2023-03-01-preview
      pragma:
      - no-cache
      request-context:
      - appId=cid-v1:797d7e4e-8180-497e-a254-780fbd39ba4d
      strict-transport-security:
      - max-age=31536000; includeSubDomains
      x-content-type-options:
      - nosniff
      x-ms-ratelimit-remaining-subscription-resource-requests:
      - '1199'
      x-rp-server-mvid:
      - 2d8cffe0-ed19-4f32-b630-c96199e681e1
    status:
      code: 202
      message: Accepted
- request:
    body: null
    headers:
      Accept:
      - '*/*'
      Accept-Encoding:
      - gzip, deflate
      CommandName:
      - spring app deploy
      Connection:
      - keep-alive
      ParameterSetName:
      - -g -s -n --container-image --container-command --container-args -c
      User-Agent:
      - AZURECLI/2.46.0 azsdk-python-mgmt-appplatform/6.1.0 Python/3.8.3 (Windows-10-10.0.22621-SP0)
    method: GET
    uri: https://management.azure.com/subscriptions/00000000-0000-0000-0000-000000000000/resourceGroups/clitest.rg000001/providers/Microsoft.AppPlatform/locations/uksouth/operationStatus/default/operationId/2ab9b1d8-0276-4287-a703-2895a9ced15e?api-version=2023-03-01-preview
  response:
    body:
      string: '{"id":"subscriptions/d51e3ffe-6b84-49cd-b426-0dc4ec660356/resourceGroups/clitest.rg000001/providers/Microsoft.AppPlatform/locations/uksouth/operationStatus/default/operationId/2ab9b1d8-0276-4287-a703-2895a9ced15e","name":"2ab9b1d8-0276-4287-a703-2895a9ced15e","status":"Running","startTime":"2023-03-29T10:39:47.2553403Z"}'
    headers:
      cache-control:
      - no-cache
      content-length:
      - '322'
      content-type:
      - application/json
      date:
      - Wed, 29 Mar 2023 10:40:17 GMT
      expires:
      - '-1'
      pragma:
      - no-cache
      request-context:
      - appId=cid-v1:797d7e4e-8180-497e-a254-780fbd39ba4d
      strict-transport-security:
      - max-age=31536000; includeSubDomains
      transfer-encoding:
      - chunked
      vary:
      - Accept-Encoding
      x-content-type-options:
      - nosniff
      x-rp-server-mvid:
      - 2d8cffe0-ed19-4f32-b630-c96199e681e1
    status:
      code: 200
      message: OK
- request:
    body: null
    headers:
      Accept:
      - '*/*'
      Accept-Encoding:
      - gzip, deflate
      CommandName:
      - spring app deploy
      Connection:
      - keep-alive
      ParameterSetName:
      - -g -s -n --container-image --container-command --container-args -c
      User-Agent:
      - AZURECLI/2.46.0 azsdk-python-mgmt-appplatform/6.1.0 Python/3.8.3 (Windows-10-10.0.22621-SP0)
    method: GET
    uri: https://management.azure.com/subscriptions/00000000-0000-0000-0000-000000000000/resourceGroups/clitest.rg000001/providers/Microsoft.AppPlatform/locations/uksouth/operationStatus/default/operationId/2ab9b1d8-0276-4287-a703-2895a9ced15e?api-version=2023-03-01-preview
  response:
    body:
      string: '{"id":"subscriptions/d51e3ffe-6b84-49cd-b426-0dc4ec660356/resourceGroups/clitest.rg000001/providers/Microsoft.AppPlatform/locations/uksouth/operationStatus/default/operationId/2ab9b1d8-0276-4287-a703-2895a9ced15e","name":"2ab9b1d8-0276-4287-a703-2895a9ced15e","status":"Running","startTime":"2023-03-29T10:39:47.2553403Z"}'
    headers:
      cache-control:
      - no-cache
      content-length:
      - '322'
      content-type:
      - application/json
      date:
      - Wed, 29 Mar 2023 10:40:27 GMT
      expires:
      - '-1'
      pragma:
      - no-cache
      request-context:
      - appId=cid-v1:797d7e4e-8180-497e-a254-780fbd39ba4d
      strict-transport-security:
      - max-age=31536000; includeSubDomains
      transfer-encoding:
      - chunked
      vary:
      - Accept-Encoding
      x-content-type-options:
      - nosniff
      x-rp-server-mvid:
      - 2d8cffe0-ed19-4f32-b630-c96199e681e1
    status:
      code: 200
      message: OK
- request:
    body: null
    headers:
      Accept:
      - '*/*'
      Accept-Encoding:
      - gzip, deflate
      CommandName:
      - spring app deploy
      Connection:
      - keep-alive
      ParameterSetName:
      - -g -s -n --container-image --container-command --container-args -c
      User-Agent:
      - AZURECLI/2.46.0 azsdk-python-mgmt-appplatform/6.1.0 Python/3.8.3 (Windows-10-10.0.22621-SP0)
    method: GET
    uri: https://management.azure.com/subscriptions/00000000-0000-0000-0000-000000000000/resourceGroups/clitest.rg000001/providers/Microsoft.AppPlatform/locations/uksouth/operationStatus/default/operationId/2ab9b1d8-0276-4287-a703-2895a9ced15e?api-version=2023-03-01-preview
  response:
    body:
      string: '{"id":"subscriptions/d51e3ffe-6b84-49cd-b426-0dc4ec660356/resourceGroups/clitest.rg000001/providers/Microsoft.AppPlatform/locations/uksouth/operationStatus/default/operationId/2ab9b1d8-0276-4287-a703-2895a9ced15e","name":"2ab9b1d8-0276-4287-a703-2895a9ced15e","status":"Running","startTime":"2023-03-29T10:39:47.2553403Z"}'
    headers:
      cache-control:
      - no-cache
      content-length:
      - '322'
      content-type:
      - application/json
      date:
      - Wed, 29 Mar 2023 10:40:37 GMT
      expires:
      - '-1'
      pragma:
      - no-cache
      request-context:
      - appId=cid-v1:797d7e4e-8180-497e-a254-780fbd39ba4d
      strict-transport-security:
      - max-age=31536000; includeSubDomains
      transfer-encoding:
      - chunked
      vary:
      - Accept-Encoding
      x-content-type-options:
      - nosniff
      x-rp-server-mvid:
      - 2d8cffe0-ed19-4f32-b630-c96199e681e1
    status:
      code: 200
      message: OK
- request:
    body: null
    headers:
      Accept:
      - '*/*'
      Accept-Encoding:
      - gzip, deflate
      CommandName:
      - spring app deploy
      Connection:
      - keep-alive
      ParameterSetName:
      - -g -s -n --container-image --container-command --container-args -c
      User-Agent:
      - AZURECLI/2.46.0 azsdk-python-mgmt-appplatform/6.1.0 Python/3.8.3 (Windows-10-10.0.22621-SP0)
    method: GET
    uri: https://management.azure.com/subscriptions/00000000-0000-0000-0000-000000000000/resourceGroups/clitest.rg000001/providers/Microsoft.AppPlatform/locations/uksouth/operationStatus/default/operationId/2ab9b1d8-0276-4287-a703-2895a9ced15e?api-version=2023-03-01-preview
  response:
    body:
      string: '{"id":"subscriptions/d51e3ffe-6b84-49cd-b426-0dc4ec660356/resourceGroups/clitest.rg000001/providers/Microsoft.AppPlatform/locations/uksouth/operationStatus/default/operationId/2ab9b1d8-0276-4287-a703-2895a9ced15e","name":"2ab9b1d8-0276-4287-a703-2895a9ced15e","status":"Running","startTime":"2023-03-29T10:39:47.2553403Z"}'
    headers:
      cache-control:
      - no-cache
      content-length:
      - '322'
      content-type:
      - application/json
      date:
      - Wed, 29 Mar 2023 10:40:48 GMT
      expires:
      - '-1'
      pragma:
      - no-cache
      request-context:
      - appId=cid-v1:797d7e4e-8180-497e-a254-780fbd39ba4d
      strict-transport-security:
      - max-age=31536000; includeSubDomains
      transfer-encoding:
      - chunked
      vary:
      - Accept-Encoding
      x-content-type-options:
      - nosniff
      x-rp-server-mvid:
      - 2d8cffe0-ed19-4f32-b630-c96199e681e1
    status:
      code: 200
      message: OK
- request:
    body: null
    headers:
      Accept:
      - '*/*'
      Accept-Encoding:
      - gzip, deflate
      CommandName:
      - spring app deploy
      Connection:
      - keep-alive
      ParameterSetName:
      - -g -s -n --container-image --container-command --container-args -c
      User-Agent:
      - AZURECLI/2.46.0 azsdk-python-mgmt-appplatform/6.1.0 Python/3.8.3 (Windows-10-10.0.22621-SP0)
    method: GET
    uri: https://management.azure.com/subscriptions/00000000-0000-0000-0000-000000000000/resourceGroups/clitest.rg000001/providers/Microsoft.AppPlatform/locations/uksouth/operationStatus/default/operationId/2ab9b1d8-0276-4287-a703-2895a9ced15e?api-version=2023-03-01-preview
  response:
    body:
      string: '{"id":"subscriptions/d51e3ffe-6b84-49cd-b426-0dc4ec660356/resourceGroups/clitest.rg000001/providers/Microsoft.AppPlatform/locations/uksouth/operationStatus/default/operationId/2ab9b1d8-0276-4287-a703-2895a9ced15e","name":"2ab9b1d8-0276-4287-a703-2895a9ced15e","status":"Running","startTime":"2023-03-29T10:39:47.2553403Z"}'
    headers:
      cache-control:
      - no-cache
      content-length:
      - '322'
      content-type:
      - application/json
      date:
      - Wed, 29 Mar 2023 10:40:58 GMT
      expires:
      - '-1'
      pragma:
      - no-cache
      request-context:
      - appId=cid-v1:797d7e4e-8180-497e-a254-780fbd39ba4d
      strict-transport-security:
      - max-age=31536000; includeSubDomains
      transfer-encoding:
      - chunked
      vary:
      - Accept-Encoding
      x-content-type-options:
      - nosniff
      x-rp-server-mvid:
      - 2d8cffe0-ed19-4f32-b630-c96199e681e1
    status:
      code: 200
      message: OK
- request:
    body: null
    headers:
      Accept:
      - '*/*'
      Accept-Encoding:
      - gzip, deflate
      CommandName:
      - spring app deploy
      Connection:
      - keep-alive
      ParameterSetName:
      - -g -s -n --container-image --container-command --container-args -c
      User-Agent:
      - AZURECLI/2.46.0 azsdk-python-mgmt-appplatform/6.1.0 Python/3.8.3 (Windows-10-10.0.22621-SP0)
    method: GET
    uri: https://management.azure.com/subscriptions/00000000-0000-0000-0000-000000000000/resourceGroups/clitest.rg000001/providers/Microsoft.AppPlatform/locations/uksouth/operationStatus/default/operationId/2ab9b1d8-0276-4287-a703-2895a9ced15e?api-version=2023-03-01-preview
  response:
    body:
      string: '{"id":"subscriptions/d51e3ffe-6b84-49cd-b426-0dc4ec660356/resourceGroups/clitest.rg000001/providers/Microsoft.AppPlatform/locations/uksouth/operationStatus/default/operationId/2ab9b1d8-0276-4287-a703-2895a9ced15e","name":"2ab9b1d8-0276-4287-a703-2895a9ced15e","status":"Running","startTime":"2023-03-29T10:39:47.2553403Z"}'
    headers:
      cache-control:
      - no-cache
      content-length:
      - '322'
      content-type:
      - application/json
      date:
      - Wed, 29 Mar 2023 10:41:09 GMT
      expires:
      - '-1'
      pragma:
      - no-cache
      request-context:
      - appId=cid-v1:797d7e4e-8180-497e-a254-780fbd39ba4d
      strict-transport-security:
      - max-age=31536000; includeSubDomains
      transfer-encoding:
      - chunked
      vary:
      - Accept-Encoding
      x-content-type-options:
      - nosniff
      x-rp-server-mvid:
      - 2d8cffe0-ed19-4f32-b630-c96199e681e1
    status:
      code: 200
      message: OK
- request:
    body: null
    headers:
      Accept:
      - '*/*'
      Accept-Encoding:
      - gzip, deflate
      CommandName:
      - spring app deploy
      Connection:
      - keep-alive
      ParameterSetName:
      - -g -s -n --container-image --container-command --container-args -c
      User-Agent:
      - AZURECLI/2.46.0 azsdk-python-mgmt-appplatform/6.1.0 Python/3.8.3 (Windows-10-10.0.22621-SP0)
    method: GET
    uri: https://management.azure.com/subscriptions/00000000-0000-0000-0000-000000000000/resourceGroups/clitest.rg000001/providers/Microsoft.AppPlatform/locations/uksouth/operationStatus/default/operationId/2ab9b1d8-0276-4287-a703-2895a9ced15e?api-version=2023-03-01-preview
  response:
    body:
      string: '{"id":"subscriptions/d51e3ffe-6b84-49cd-b426-0dc4ec660356/resourceGroups/clitest.rg000001/providers/Microsoft.AppPlatform/locations/uksouth/operationStatus/default/operationId/2ab9b1d8-0276-4287-a703-2895a9ced15e","name":"2ab9b1d8-0276-4287-a703-2895a9ced15e","status":"Running","startTime":"2023-03-29T10:39:47.2553403Z"}'
    headers:
      cache-control:
      - no-cache
      content-length:
      - '322'
      content-type:
      - application/json
      date:
      - Wed, 29 Mar 2023 10:41:19 GMT
      expires:
      - '-1'
      pragma:
      - no-cache
      request-context:
      - appId=cid-v1:797d7e4e-8180-497e-a254-780fbd39ba4d
      strict-transport-security:
      - max-age=31536000; includeSubDomains
      transfer-encoding:
      - chunked
      vary:
      - Accept-Encoding
      x-content-type-options:
      - nosniff
      x-rp-server-mvid:
      - 2d8cffe0-ed19-4f32-b630-c96199e681e1
    status:
      code: 200
      message: OK
- request:
    body: null
    headers:
      Accept:
      - '*/*'
      Accept-Encoding:
      - gzip, deflate
      CommandName:
      - spring app deploy
      Connection:
      - keep-alive
      ParameterSetName:
      - -g -s -n --container-image --container-command --container-args -c
      User-Agent:
      - AZURECLI/2.46.0 azsdk-python-mgmt-appplatform/6.1.0 Python/3.8.3 (Windows-10-10.0.22621-SP0)
    method: GET
    uri: https://management.azure.com/subscriptions/00000000-0000-0000-0000-000000000000/resourceGroups/clitest.rg000001/providers/Microsoft.AppPlatform/locations/uksouth/operationStatus/default/operationId/2ab9b1d8-0276-4287-a703-2895a9ced15e?api-version=2023-03-01-preview
  response:
    body:
      string: '{"id":"subscriptions/d51e3ffe-6b84-49cd-b426-0dc4ec660356/resourceGroups/clitest.rg000001/providers/Microsoft.AppPlatform/locations/uksouth/operationStatus/default/operationId/2ab9b1d8-0276-4287-a703-2895a9ced15e","name":"2ab9b1d8-0276-4287-a703-2895a9ced15e","status":"Running","startTime":"2023-03-29T10:39:47.2553403Z"}'
    headers:
      cache-control:
      - no-cache
      content-length:
      - '322'
      content-type:
      - application/json
      date:
      - Wed, 29 Mar 2023 10:41:29 GMT
      expires:
      - '-1'
      pragma:
      - no-cache
      request-context:
      - appId=cid-v1:797d7e4e-8180-497e-a254-780fbd39ba4d
      strict-transport-security:
      - max-age=31536000; includeSubDomains
      transfer-encoding:
      - chunked
      vary:
      - Accept-Encoding
      x-content-type-options:
      - nosniff
      x-rp-server-mvid:
      - 2d8cffe0-ed19-4f32-b630-c96199e681e1
    status:
      code: 200
      message: OK
- request:
    body: null
    headers:
      Accept:
      - '*/*'
      Accept-Encoding:
      - gzip, deflate
      CommandName:
      - spring app deploy
      Connection:
      - keep-alive
      ParameterSetName:
      - -g -s -n --container-image --container-command --container-args -c
      User-Agent:
      - AZURECLI/2.46.0 azsdk-python-mgmt-appplatform/6.1.0 Python/3.8.3 (Windows-10-10.0.22621-SP0)
    method: GET
    uri: https://management.azure.com/subscriptions/00000000-0000-0000-0000-000000000000/resourceGroups/clitest.rg000001/providers/Microsoft.AppPlatform/locations/uksouth/operationStatus/default/operationId/2ab9b1d8-0276-4287-a703-2895a9ced15e?api-version=2023-03-01-preview
  response:
    body:
      string: '{"id":"subscriptions/d51e3ffe-6b84-49cd-b426-0dc4ec660356/resourceGroups/clitest.rg000001/providers/Microsoft.AppPlatform/locations/uksouth/operationStatus/default/operationId/2ab9b1d8-0276-4287-a703-2895a9ced15e","name":"2ab9b1d8-0276-4287-a703-2895a9ced15e","status":"Running","startTime":"2023-03-29T10:39:47.2553403Z"}'
    headers:
      cache-control:
      - no-cache
      content-length:
      - '322'
      content-type:
      - application/json
      date:
      - Wed, 29 Mar 2023 10:41:40 GMT
      expires:
      - '-1'
      pragma:
      - no-cache
      request-context:
      - appId=cid-v1:797d7e4e-8180-497e-a254-780fbd39ba4d
      strict-transport-security:
      - max-age=31536000; includeSubDomains
      transfer-encoding:
      - chunked
      vary:
      - Accept-Encoding
      x-content-type-options:
      - nosniff
      x-rp-server-mvid:
      - 2d8cffe0-ed19-4f32-b630-c96199e681e1
    status:
      code: 200
      message: OK
- request:
    body: null
    headers:
      Accept:
      - '*/*'
      Accept-Encoding:
      - gzip, deflate
      CommandName:
      - spring app deploy
      Connection:
      - keep-alive
      ParameterSetName:
      - -g -s -n --container-image --container-command --container-args -c
      User-Agent:
      - AZURECLI/2.46.0 azsdk-python-mgmt-appplatform/6.1.0 Python/3.8.3 (Windows-10-10.0.22621-SP0)
    method: GET
    uri: https://management.azure.com/subscriptions/00000000-0000-0000-0000-000000000000/resourceGroups/clitest.rg000001/providers/Microsoft.AppPlatform/locations/uksouth/operationStatus/default/operationId/2ab9b1d8-0276-4287-a703-2895a9ced15e?api-version=2023-03-01-preview
  response:
    body:
      string: '{"id":"subscriptions/d51e3ffe-6b84-49cd-b426-0dc4ec660356/resourceGroups/clitest.rg000001/providers/Microsoft.AppPlatform/locations/uksouth/operationStatus/default/operationId/2ab9b1d8-0276-4287-a703-2895a9ced15e","name":"2ab9b1d8-0276-4287-a703-2895a9ced15e","status":"Running","startTime":"2023-03-29T10:39:47.2553403Z"}'
    headers:
      cache-control:
      - no-cache
      content-length:
      - '322'
      content-type:
      - application/json
      date:
      - Wed, 29 Mar 2023 10:41:50 GMT
      expires:
      - '-1'
      pragma:
      - no-cache
      request-context:
      - appId=cid-v1:797d7e4e-8180-497e-a254-780fbd39ba4d
      strict-transport-security:
      - max-age=31536000; includeSubDomains
      transfer-encoding:
      - chunked
      vary:
      - Accept-Encoding
      x-content-type-options:
      - nosniff
      x-rp-server-mvid:
      - 2d8cffe0-ed19-4f32-b630-c96199e681e1
    status:
      code: 200
      message: OK
- request:
    body: null
    headers:
      Accept:
      - '*/*'
      Accept-Encoding:
      - gzip, deflate
      CommandName:
      - spring app deploy
      Connection:
      - keep-alive
      ParameterSetName:
      - -g -s -n --container-image --container-command --container-args -c
      User-Agent:
      - AZURECLI/2.46.0 azsdk-python-mgmt-appplatform/6.1.0 Python/3.8.3 (Windows-10-10.0.22621-SP0)
    method: GET
    uri: https://management.azure.com/subscriptions/00000000-0000-0000-0000-000000000000/resourceGroups/clitest.rg000001/providers/Microsoft.AppPlatform/locations/uksouth/operationStatus/default/operationId/2ab9b1d8-0276-4287-a703-2895a9ced15e?api-version=2023-03-01-preview
  response:
    body:
      string: '{"id":"subscriptions/d51e3ffe-6b84-49cd-b426-0dc4ec660356/resourceGroups/clitest.rg000001/providers/Microsoft.AppPlatform/locations/uksouth/operationStatus/default/operationId/2ab9b1d8-0276-4287-a703-2895a9ced15e","name":"2ab9b1d8-0276-4287-a703-2895a9ced15e","status":"Running","startTime":"2023-03-29T10:39:47.2553403Z"}'
    headers:
      cache-control:
      - no-cache
      content-length:
      - '322'
      content-type:
      - application/json
      date:
      - Wed, 29 Mar 2023 10:42:00 GMT
      expires:
      - '-1'
      pragma:
      - no-cache
      request-context:
      - appId=cid-v1:797d7e4e-8180-497e-a254-780fbd39ba4d
      strict-transport-security:
      - max-age=31536000; includeSubDomains
      transfer-encoding:
      - chunked
      vary:
      - Accept-Encoding
      x-content-type-options:
      - nosniff
      x-rp-server-mvid:
      - 2d8cffe0-ed19-4f32-b630-c96199e681e1
    status:
      code: 200
      message: OK
- request:
    body: null
    headers:
      Accept:
      - '*/*'
      Accept-Encoding:
      - gzip, deflate
      CommandName:
      - spring app deploy
      Connection:
      - keep-alive
      ParameterSetName:
      - -g -s -n --container-image --container-command --container-args -c
      User-Agent:
      - AZURECLI/2.46.0 azsdk-python-mgmt-appplatform/6.1.0 Python/3.8.3 (Windows-10-10.0.22621-SP0)
    method: GET
    uri: https://management.azure.com/subscriptions/00000000-0000-0000-0000-000000000000/resourceGroups/clitest.rg000001/providers/Microsoft.AppPlatform/locations/uksouth/operationStatus/default/operationId/2ab9b1d8-0276-4287-a703-2895a9ced15e?api-version=2023-03-01-preview
  response:
    body:
      string: '{"id":"subscriptions/d51e3ffe-6b84-49cd-b426-0dc4ec660356/resourceGroups/clitest.rg000001/providers/Microsoft.AppPlatform/locations/uksouth/operationStatus/default/operationId/2ab9b1d8-0276-4287-a703-2895a9ced15e","name":"2ab9b1d8-0276-4287-a703-2895a9ced15e","status":"Running","startTime":"2023-03-29T10:39:47.2553403Z"}'
    headers:
      cache-control:
      - no-cache
      content-length:
      - '322'
      content-type:
      - application/json
      date:
      - Wed, 29 Mar 2023 10:42:10 GMT
      expires:
      - '-1'
      pragma:
      - no-cache
      request-context:
      - appId=cid-v1:797d7e4e-8180-497e-a254-780fbd39ba4d
      strict-transport-security:
      - max-age=31536000; includeSubDomains
      transfer-encoding:
      - chunked
      vary:
      - Accept-Encoding
      x-content-type-options:
      - nosniff
      x-rp-server-mvid:
      - 2d8cffe0-ed19-4f32-b630-c96199e681e1
    status:
      code: 200
      message: OK
- request:
    body: null
    headers:
      Accept:
      - '*/*'
      Accept-Encoding:
      - gzip, deflate
      CommandName:
      - spring app deploy
      Connection:
      - keep-alive
      ParameterSetName:
      - -g -s -n --container-image --container-command --container-args -c
      User-Agent:
      - AZURECLI/2.46.0 azsdk-python-mgmt-appplatform/6.1.0 Python/3.8.3 (Windows-10-10.0.22621-SP0)
    method: GET
    uri: https://management.azure.com/subscriptions/00000000-0000-0000-0000-000000000000/resourceGroups/clitest.rg000001/providers/Microsoft.AppPlatform/locations/uksouth/operationStatus/default/operationId/2ab9b1d8-0276-4287-a703-2895a9ced15e?api-version=2023-03-01-preview
  response:
    body:
      string: '{"id":"subscriptions/d51e3ffe-6b84-49cd-b426-0dc4ec660356/resourceGroups/clitest.rg000001/providers/Microsoft.AppPlatform/locations/uksouth/operationStatus/default/operationId/2ab9b1d8-0276-4287-a703-2895a9ced15e","name":"2ab9b1d8-0276-4287-a703-2895a9ced15e","status":"Running","startTime":"2023-03-29T10:39:47.2553403Z"}'
    headers:
      cache-control:
      - no-cache
      content-length:
      - '322'
      content-type:
      - application/json
      date:
      - Wed, 29 Mar 2023 10:42:21 GMT
      expires:
      - '-1'
      pragma:
      - no-cache
      request-context:
      - appId=cid-v1:797d7e4e-8180-497e-a254-780fbd39ba4d
      strict-transport-security:
      - max-age=31536000; includeSubDomains
      transfer-encoding:
      - chunked
      vary:
      - Accept-Encoding
      x-content-type-options:
      - nosniff
      x-rp-server-mvid:
      - 2d8cffe0-ed19-4f32-b630-c96199e681e1
    status:
      code: 200
      message: OK
- request:
    body: null
    headers:
      Accept:
      - '*/*'
      Accept-Encoding:
      - gzip, deflate
      CommandName:
      - spring app deploy
      Connection:
      - keep-alive
      ParameterSetName:
      - -g -s -n --container-image --container-command --container-args -c
      User-Agent:
      - AZURECLI/2.46.0 azsdk-python-mgmt-appplatform/6.1.0 Python/3.8.3 (Windows-10-10.0.22621-SP0)
    method: GET
    uri: https://management.azure.com/subscriptions/00000000-0000-0000-0000-000000000000/resourceGroups/clitest.rg000001/providers/Microsoft.AppPlatform/locations/uksouth/operationStatus/default/operationId/2ab9b1d8-0276-4287-a703-2895a9ced15e?api-version=2023-03-01-preview
  response:
    body:
      string: '{"id":"subscriptions/d51e3ffe-6b84-49cd-b426-0dc4ec660356/resourceGroups/clitest.rg000001/providers/Microsoft.AppPlatform/locations/uksouth/operationStatus/default/operationId/2ab9b1d8-0276-4287-a703-2895a9ced15e","name":"2ab9b1d8-0276-4287-a703-2895a9ced15e","status":"Running","startTime":"2023-03-29T10:39:47.2553403Z"}'
    headers:
      cache-control:
      - no-cache
      content-length:
      - '322'
      content-type:
      - application/json
      date:
      - Wed, 29 Mar 2023 10:42:31 GMT
      expires:
      - '-1'
      pragma:
      - no-cache
      request-context:
      - appId=cid-v1:797d7e4e-8180-497e-a254-780fbd39ba4d
      strict-transport-security:
      - max-age=31536000; includeSubDomains
      transfer-encoding:
      - chunked
      vary:
      - Accept-Encoding
      x-content-type-options:
      - nosniff
      x-rp-server-mvid:
      - 2d8cffe0-ed19-4f32-b630-c96199e681e1
    status:
      code: 200
      message: OK
- request:
    body: null
    headers:
      Accept:
      - '*/*'
      Accept-Encoding:
      - gzip, deflate
      CommandName:
      - spring app deploy
      Connection:
      - keep-alive
      ParameterSetName:
      - -g -s -n --container-image --container-command --container-args -c
      User-Agent:
      - AZURECLI/2.46.0 azsdk-python-mgmt-appplatform/6.1.0 Python/3.8.3 (Windows-10-10.0.22621-SP0)
    method: GET
    uri: https://management.azure.com/subscriptions/00000000-0000-0000-0000-000000000000/resourceGroups/clitest.rg000001/providers/Microsoft.AppPlatform/locations/uksouth/operationStatus/default/operationId/2ab9b1d8-0276-4287-a703-2895a9ced15e?api-version=2023-03-01-preview
  response:
    body:
      string: '{"id":"subscriptions/d51e3ffe-6b84-49cd-b426-0dc4ec660356/resourceGroups/clitest.rg000001/providers/Microsoft.AppPlatform/locations/uksouth/operationStatus/default/operationId/2ab9b1d8-0276-4287-a703-2895a9ced15e","name":"2ab9b1d8-0276-4287-a703-2895a9ced15e","status":"Running","startTime":"2023-03-29T10:39:47.2553403Z"}'
    headers:
      cache-control:
      - no-cache
      content-length:
      - '322'
      content-type:
      - application/json
      date:
      - Wed, 29 Mar 2023 10:42:41 GMT
      expires:
      - '-1'
      pragma:
      - no-cache
      request-context:
      - appId=cid-v1:797d7e4e-8180-497e-a254-780fbd39ba4d
      strict-transport-security:
      - max-age=31536000; includeSubDomains
      transfer-encoding:
      - chunked
      vary:
      - Accept-Encoding
      x-content-type-options:
      - nosniff
      x-rp-server-mvid:
      - 2d8cffe0-ed19-4f32-b630-c96199e681e1
    status:
      code: 200
      message: OK
- request:
    body: null
    headers:
      Accept:
      - '*/*'
      Accept-Encoding:
      - gzip, deflate
      CommandName:
      - spring app deploy
      Connection:
      - keep-alive
      ParameterSetName:
      - -g -s -n --container-image --container-command --container-args -c
      User-Agent:
      - AZURECLI/2.46.0 azsdk-python-mgmt-appplatform/6.1.0 Python/3.8.3 (Windows-10-10.0.22621-SP0)
    method: GET
    uri: https://management.azure.com/subscriptions/00000000-0000-0000-0000-000000000000/resourceGroups/clitest.rg000001/providers/Microsoft.AppPlatform/locations/uksouth/operationStatus/default/operationId/2ab9b1d8-0276-4287-a703-2895a9ced15e?api-version=2023-03-01-preview
  response:
    body:
      string: '{"id":"subscriptions/d51e3ffe-6b84-49cd-b426-0dc4ec660356/resourceGroups/clitest.rg000001/providers/Microsoft.AppPlatform/locations/uksouth/operationStatus/default/operationId/2ab9b1d8-0276-4287-a703-2895a9ced15e","name":"2ab9b1d8-0276-4287-a703-2895a9ced15e","status":"Running","startTime":"2023-03-29T10:39:47.2553403Z"}'
    headers:
      cache-control:
      - no-cache
      content-length:
      - '322'
      content-type:
      - application/json
      date:
      - Wed, 29 Mar 2023 10:42:52 GMT
      expires:
      - '-1'
      pragma:
      - no-cache
      request-context:
      - appId=cid-v1:797d7e4e-8180-497e-a254-780fbd39ba4d
      strict-transport-security:
      - max-age=31536000; includeSubDomains
      transfer-encoding:
      - chunked
      vary:
      - Accept-Encoding
      x-content-type-options:
      - nosniff
      x-rp-server-mvid:
      - 2d8cffe0-ed19-4f32-b630-c96199e681e1
    status:
      code: 200
      message: OK
- request:
    body: null
    headers:
      Accept:
      - '*/*'
      Accept-Encoding:
      - gzip, deflate
      CommandName:
      - spring app deploy
      Connection:
      - keep-alive
      ParameterSetName:
      - -g -s -n --container-image --container-command --container-args -c
      User-Agent:
      - AZURECLI/2.46.0 azsdk-python-mgmt-appplatform/6.1.0 Python/3.8.3 (Windows-10-10.0.22621-SP0)
    method: GET
    uri: https://management.azure.com/subscriptions/00000000-0000-0000-0000-000000000000/resourceGroups/clitest.rg000001/providers/Microsoft.AppPlatform/locations/uksouth/operationStatus/default/operationId/2ab9b1d8-0276-4287-a703-2895a9ced15e?api-version=2023-03-01-preview
  response:
    body:
      string: '{"id":"subscriptions/d51e3ffe-6b84-49cd-b426-0dc4ec660356/resourceGroups/clitest.rg000001/providers/Microsoft.AppPlatform/locations/uksouth/operationStatus/default/operationId/2ab9b1d8-0276-4287-a703-2895a9ced15e","name":"2ab9b1d8-0276-4287-a703-2895a9ced15e","status":"Running","startTime":"2023-03-29T10:39:47.2553403Z"}'
    headers:
      cache-control:
      - no-cache
      content-length:
      - '322'
      content-type:
      - application/json
      date:
      - Wed, 29 Mar 2023 10:43:02 GMT
      expires:
      - '-1'
      pragma:
      - no-cache
      request-context:
      - appId=cid-v1:797d7e4e-8180-497e-a254-780fbd39ba4d
      strict-transport-security:
      - max-age=31536000; includeSubDomains
      transfer-encoding:
      - chunked
      vary:
      - Accept-Encoding
      x-content-type-options:
      - nosniff
      x-rp-server-mvid:
      - 2d8cffe0-ed19-4f32-b630-c96199e681e1
    status:
      code: 200
      message: OK
- request:
    body: null
    headers:
      Accept:
      - '*/*'
      Accept-Encoding:
      - gzip, deflate
      CommandName:
      - spring app deploy
      Connection:
      - keep-alive
      ParameterSetName:
      - -g -s -n --container-image --container-command --container-args -c
      User-Agent:
      - AZURECLI/2.46.0 azsdk-python-mgmt-appplatform/6.1.0 Python/3.8.3 (Windows-10-10.0.22621-SP0)
    method: GET
    uri: https://management.azure.com/subscriptions/00000000-0000-0000-0000-000000000000/resourceGroups/clitest.rg000001/providers/Microsoft.AppPlatform/locations/uksouth/operationStatus/default/operationId/2ab9b1d8-0276-4287-a703-2895a9ced15e?api-version=2023-03-01-preview
  response:
    body:
      string: '{"id":"subscriptions/d51e3ffe-6b84-49cd-b426-0dc4ec660356/resourceGroups/clitest.rg000001/providers/Microsoft.AppPlatform/locations/uksouth/operationStatus/default/operationId/2ab9b1d8-0276-4287-a703-2895a9ced15e","name":"2ab9b1d8-0276-4287-a703-2895a9ced15e","status":"Running","startTime":"2023-03-29T10:39:47.2553403Z"}'
    headers:
      cache-control:
      - no-cache
      content-length:
      - '322'
      content-type:
      - application/json
      date:
      - Wed, 29 Mar 2023 10:43:13 GMT
      expires:
      - '-1'
      pragma:
      - no-cache
      request-context:
      - appId=cid-v1:797d7e4e-8180-497e-a254-780fbd39ba4d
      strict-transport-security:
      - max-age=31536000; includeSubDomains
      transfer-encoding:
      - chunked
      vary:
      - Accept-Encoding
      x-content-type-options:
      - nosniff
      x-rp-server-mvid:
      - 2d8cffe0-ed19-4f32-b630-c96199e681e1
    status:
      code: 200
      message: OK
- request:
    body: null
    headers:
      Accept:
      - '*/*'
      Accept-Encoding:
      - gzip, deflate
      CommandName:
      - spring app deploy
      Connection:
      - keep-alive
      ParameterSetName:
      - -g -s -n --container-image --container-command --container-args -c
      User-Agent:
      - AZURECLI/2.46.0 azsdk-python-mgmt-appplatform/6.1.0 Python/3.8.3 (Windows-10-10.0.22621-SP0)
    method: GET
    uri: https://management.azure.com/subscriptions/00000000-0000-0000-0000-000000000000/resourceGroups/clitest.rg000001/providers/Microsoft.AppPlatform/locations/uksouth/operationStatus/default/operationId/2ab9b1d8-0276-4287-a703-2895a9ced15e?api-version=2023-03-01-preview
  response:
    body:
      string: '{"id":"subscriptions/d51e3ffe-6b84-49cd-b426-0dc4ec660356/resourceGroups/clitest.rg000001/providers/Microsoft.AppPlatform/locations/uksouth/operationStatus/default/operationId/2ab9b1d8-0276-4287-a703-2895a9ced15e","name":"2ab9b1d8-0276-4287-a703-2895a9ced15e","status":"Running","startTime":"2023-03-29T10:39:47.2553403Z"}'
    headers:
      cache-control:
      - no-cache
      content-length:
      - '322'
      content-type:
      - application/json
      date:
      - Wed, 29 Mar 2023 10:43:23 GMT
      expires:
      - '-1'
      pragma:
      - no-cache
      request-context:
      - appId=cid-v1:797d7e4e-8180-497e-a254-780fbd39ba4d
      strict-transport-security:
      - max-age=31536000; includeSubDomains
      transfer-encoding:
      - chunked
      vary:
      - Accept-Encoding
      x-content-type-options:
      - nosniff
      x-rp-server-mvid:
      - 2d8cffe0-ed19-4f32-b630-c96199e681e1
    status:
      code: 200
      message: OK
- request:
    body: null
    headers:
      Accept:
      - '*/*'
      Accept-Encoding:
      - gzip, deflate
      CommandName:
      - spring app deploy
      Connection:
      - keep-alive
      ParameterSetName:
      - -g -s -n --container-image --container-command --container-args -c
      User-Agent:
      - AZURECLI/2.46.0 azsdk-python-mgmt-appplatform/6.1.0 Python/3.8.3 (Windows-10-10.0.22621-SP0)
    method: GET
    uri: https://management.azure.com/subscriptions/00000000-0000-0000-0000-000000000000/resourceGroups/clitest.rg000001/providers/Microsoft.AppPlatform/locations/uksouth/operationStatus/default/operationId/2ab9b1d8-0276-4287-a703-2895a9ced15e?api-version=2023-03-01-preview
  response:
    body:
      string: '{"id":"subscriptions/d51e3ffe-6b84-49cd-b426-0dc4ec660356/resourceGroups/clitest.rg000001/providers/Microsoft.AppPlatform/locations/uksouth/operationStatus/default/operationId/2ab9b1d8-0276-4287-a703-2895a9ced15e","name":"2ab9b1d8-0276-4287-a703-2895a9ced15e","status":"Running","startTime":"2023-03-29T10:39:47.2553403Z"}'
    headers:
      cache-control:
      - no-cache
      content-length:
      - '322'
      content-type:
      - application/json
      date:
      - Wed, 29 Mar 2023 10:43:34 GMT
      expires:
      - '-1'
      pragma:
      - no-cache
      request-context:
      - appId=cid-v1:797d7e4e-8180-497e-a254-780fbd39ba4d
      strict-transport-security:
      - max-age=31536000; includeSubDomains
      transfer-encoding:
      - chunked
      vary:
      - Accept-Encoding
      x-content-type-options:
      - nosniff
      x-rp-server-mvid:
      - 2d8cffe0-ed19-4f32-b630-c96199e681e1
    status:
      code: 200
      message: OK
- request:
    body: null
    headers:
      Accept:
      - '*/*'
      Accept-Encoding:
      - gzip, deflate
      CommandName:
      - spring app deploy
      Connection:
      - keep-alive
      ParameterSetName:
      - -g -s -n --container-image --container-command --container-args -c
      User-Agent:
      - AZURECLI/2.46.0 azsdk-python-mgmt-appplatform/6.1.0 Python/3.8.3 (Windows-10-10.0.22621-SP0)
    method: GET
    uri: https://management.azure.com/subscriptions/00000000-0000-0000-0000-000000000000/resourceGroups/clitest.rg000001/providers/Microsoft.AppPlatform/locations/uksouth/operationStatus/default/operationId/2ab9b1d8-0276-4287-a703-2895a9ced15e?api-version=2023-03-01-preview
  response:
    body:
      string: '{"id":"subscriptions/d51e3ffe-6b84-49cd-b426-0dc4ec660356/resourceGroups/clitest.rg000001/providers/Microsoft.AppPlatform/locations/uksouth/operationStatus/default/operationId/2ab9b1d8-0276-4287-a703-2895a9ced15e","name":"2ab9b1d8-0276-4287-a703-2895a9ced15e","status":"Running","startTime":"2023-03-29T10:39:47.2553403Z"}'
    headers:
      cache-control:
      - no-cache
      content-length:
      - '322'
      content-type:
      - application/json
      date:
      - Wed, 29 Mar 2023 10:43:44 GMT
      expires:
      - '-1'
      pragma:
      - no-cache
      request-context:
      - appId=cid-v1:797d7e4e-8180-497e-a254-780fbd39ba4d
      strict-transport-security:
      - max-age=31536000; includeSubDomains
      transfer-encoding:
      - chunked
      vary:
      - Accept-Encoding
      x-content-type-options:
      - nosniff
      x-rp-server-mvid:
      - 2d8cffe0-ed19-4f32-b630-c96199e681e1
    status:
      code: 200
      message: OK
- request:
    body: null
    headers:
      Accept:
      - '*/*'
      Accept-Encoding:
      - gzip, deflate
      CommandName:
      - spring app deploy
      Connection:
      - keep-alive
      ParameterSetName:
      - -g -s -n --container-image --container-command --container-args -c
      User-Agent:
      - AZURECLI/2.46.0 azsdk-python-mgmt-appplatform/6.1.0 Python/3.8.3 (Windows-10-10.0.22621-SP0)
    method: GET
    uri: https://management.azure.com/subscriptions/00000000-0000-0000-0000-000000000000/resourceGroups/clitest.rg000001/providers/Microsoft.AppPlatform/locations/uksouth/operationStatus/default/operationId/2ab9b1d8-0276-4287-a703-2895a9ced15e?api-version=2023-03-01-preview
  response:
    body:
      string: '{"id":"subscriptions/d51e3ffe-6b84-49cd-b426-0dc4ec660356/resourceGroups/clitest.rg000001/providers/Microsoft.AppPlatform/locations/uksouth/operationStatus/default/operationId/2ab9b1d8-0276-4287-a703-2895a9ced15e","name":"2ab9b1d8-0276-4287-a703-2895a9ced15e","status":"Running","startTime":"2023-03-29T10:39:47.2553403Z"}'
    headers:
      cache-control:
      - no-cache
      content-length:
      - '322'
      content-type:
      - application/json
      date:
      - Wed, 29 Mar 2023 10:43:55 GMT
      expires:
      - '-1'
      pragma:
      - no-cache
      request-context:
      - appId=cid-v1:797d7e4e-8180-497e-a254-780fbd39ba4d
      strict-transport-security:
      - max-age=31536000; includeSubDomains
      transfer-encoding:
      - chunked
      vary:
      - Accept-Encoding
      x-content-type-options:
      - nosniff
      x-rp-server-mvid:
      - 2d8cffe0-ed19-4f32-b630-c96199e681e1
    status:
      code: 200
      message: OK
- request:
    body: null
    headers:
      Accept:
      - '*/*'
      Accept-Encoding:
      - gzip, deflate
      CommandName:
      - spring app deploy
      Connection:
      - keep-alive
      ParameterSetName:
      - -g -s -n --container-image --container-command --container-args -c
      User-Agent:
      - AZURECLI/2.46.0 azsdk-python-mgmt-appplatform/6.1.0 Python/3.8.3 (Windows-10-10.0.22621-SP0)
    method: GET
    uri: https://management.azure.com/subscriptions/00000000-0000-0000-0000-000000000000/resourceGroups/clitest.rg000001/providers/Microsoft.AppPlatform/locations/uksouth/operationStatus/default/operationId/2ab9b1d8-0276-4287-a703-2895a9ced15e?api-version=2023-03-01-preview
  response:
    body:
      string: '{"id":"subscriptions/d51e3ffe-6b84-49cd-b426-0dc4ec660356/resourceGroups/clitest.rg000001/providers/Microsoft.AppPlatform/locations/uksouth/operationStatus/default/operationId/2ab9b1d8-0276-4287-a703-2895a9ced15e","name":"2ab9b1d8-0276-4287-a703-2895a9ced15e","status":"Running","startTime":"2023-03-29T10:39:47.2553403Z"}'
    headers:
      cache-control:
      - no-cache
      content-length:
      - '322'
      content-type:
      - application/json
      date:
      - Wed, 29 Mar 2023 10:44:05 GMT
      expires:
      - '-1'
      pragma:
      - no-cache
      request-context:
      - appId=cid-v1:797d7e4e-8180-497e-a254-780fbd39ba4d
      strict-transport-security:
      - max-age=31536000; includeSubDomains
      transfer-encoding:
      - chunked
      vary:
      - Accept-Encoding
      x-content-type-options:
      - nosniff
      x-rp-server-mvid:
      - 2d8cffe0-ed19-4f32-b630-c96199e681e1
    status:
      code: 200
      message: OK
- request:
    body: null
    headers:
      Accept:
      - '*/*'
      Accept-Encoding:
      - gzip, deflate
      CommandName:
      - spring app deploy
      Connection:
      - keep-alive
      ParameterSetName:
      - -g -s -n --container-image --container-command --container-args -c
      User-Agent:
      - AZURECLI/2.46.0 azsdk-python-mgmt-appplatform/6.1.0 Python/3.8.3 (Windows-10-10.0.22621-SP0)
    method: GET
    uri: https://management.azure.com/subscriptions/00000000-0000-0000-0000-000000000000/resourceGroups/clitest.rg000001/providers/Microsoft.AppPlatform/locations/uksouth/operationStatus/default/operationId/2ab9b1d8-0276-4287-a703-2895a9ced15e?api-version=2023-03-01-preview
  response:
    body:
      string: '{"id":"subscriptions/d51e3ffe-6b84-49cd-b426-0dc4ec660356/resourceGroups/clitest.rg000001/providers/Microsoft.AppPlatform/locations/uksouth/operationStatus/default/operationId/2ab9b1d8-0276-4287-a703-2895a9ced15e","name":"2ab9b1d8-0276-4287-a703-2895a9ced15e","status":"Running","startTime":"2023-03-29T10:39:47.2553403Z"}'
    headers:
      cache-control:
      - no-cache
      content-length:
      - '322'
      content-type:
      - application/json
      date:
      - Wed, 29 Mar 2023 10:44:15 GMT
      expires:
      - '-1'
      pragma:
      - no-cache
      request-context:
      - appId=cid-v1:797d7e4e-8180-497e-a254-780fbd39ba4d
      strict-transport-security:
      - max-age=31536000; includeSubDomains
      transfer-encoding:
      - chunked
      vary:
      - Accept-Encoding
      x-content-type-options:
      - nosniff
      x-rp-server-mvid:
      - 2d8cffe0-ed19-4f32-b630-c96199e681e1
    status:
      code: 200
      message: OK
- request:
    body: null
    headers:
      Accept:
      - '*/*'
      Accept-Encoding:
      - gzip, deflate
      CommandName:
      - spring app deploy
      Connection:
      - keep-alive
      ParameterSetName:
      - -g -s -n --container-image --container-command --container-args -c
      User-Agent:
      - AZURECLI/2.46.0 azsdk-python-mgmt-appplatform/6.1.0 Python/3.8.3 (Windows-10-10.0.22621-SP0)
    method: GET
    uri: https://management.azure.com/subscriptions/00000000-0000-0000-0000-000000000000/resourceGroups/clitest.rg000001/providers/Microsoft.AppPlatform/locations/uksouth/operationStatus/default/operationId/2ab9b1d8-0276-4287-a703-2895a9ced15e?api-version=2023-03-01-preview
  response:
    body:
      string: '{"id":"subscriptions/d51e3ffe-6b84-49cd-b426-0dc4ec660356/resourceGroups/clitest.rg000001/providers/Microsoft.AppPlatform/locations/uksouth/operationStatus/default/operationId/2ab9b1d8-0276-4287-a703-2895a9ced15e","name":"2ab9b1d8-0276-4287-a703-2895a9ced15e","status":"Running","startTime":"2023-03-29T10:39:47.2553403Z"}'
    headers:
      cache-control:
      - no-cache
      content-length:
      - '322'
      content-type:
      - application/json
      date:
      - Wed, 29 Mar 2023 10:44:25 GMT
      expires:
      - '-1'
      pragma:
      - no-cache
      request-context:
      - appId=cid-v1:797d7e4e-8180-497e-a254-780fbd39ba4d
      strict-transport-security:
      - max-age=31536000; includeSubDomains
      transfer-encoding:
      - chunked
      vary:
      - Accept-Encoding
      x-content-type-options:
      - nosniff
      x-rp-server-mvid:
      - 2d8cffe0-ed19-4f32-b630-c96199e681e1
    status:
      code: 200
      message: OK
- request:
    body: null
    headers:
      Accept:
      - '*/*'
      Accept-Encoding:
      - gzip, deflate
      CommandName:
      - spring app deploy
      Connection:
      - keep-alive
      ParameterSetName:
      - -g -s -n --container-image --container-command --container-args -c
      User-Agent:
      - AZURECLI/2.46.0 azsdk-python-mgmt-appplatform/6.1.0 Python/3.8.3 (Windows-10-10.0.22621-SP0)
    method: GET
    uri: https://management.azure.com/subscriptions/00000000-0000-0000-0000-000000000000/resourceGroups/clitest.rg000001/providers/Microsoft.AppPlatform/locations/uksouth/operationStatus/default/operationId/2ab9b1d8-0276-4287-a703-2895a9ced15e?api-version=2023-03-01-preview
  response:
    body:
      string: '{"id":"subscriptions/d51e3ffe-6b84-49cd-b426-0dc4ec660356/resourceGroups/clitest.rg000001/providers/Microsoft.AppPlatform/locations/uksouth/operationStatus/default/operationId/2ab9b1d8-0276-4287-a703-2895a9ced15e","name":"2ab9b1d8-0276-4287-a703-2895a9ced15e","status":"Running","startTime":"2023-03-29T10:39:47.2553403Z"}'
    headers:
      cache-control:
      - no-cache
      content-length:
      - '322'
      content-type:
      - application/json
      date:
      - Wed, 29 Mar 2023 10:44:36 GMT
      expires:
      - '-1'
      pragma:
      - no-cache
      request-context:
      - appId=cid-v1:797d7e4e-8180-497e-a254-780fbd39ba4d
      strict-transport-security:
      - max-age=31536000; includeSubDomains
      transfer-encoding:
      - chunked
      vary:
      - Accept-Encoding
      x-content-type-options:
      - nosniff
      x-rp-server-mvid:
      - 2d8cffe0-ed19-4f32-b630-c96199e681e1
    status:
      code: 200
      message: OK
- request:
    body: null
    headers:
      Accept:
      - '*/*'
      Accept-Encoding:
      - gzip, deflate
      CommandName:
      - spring app deploy
      Connection:
      - keep-alive
      ParameterSetName:
      - -g -s -n --container-image --container-command --container-args -c
      User-Agent:
      - AZURECLI/2.46.0 azsdk-python-mgmt-appplatform/6.1.0 Python/3.8.3 (Windows-10-10.0.22621-SP0)
    method: GET
    uri: https://management.azure.com/subscriptions/00000000-0000-0000-0000-000000000000/resourceGroups/clitest.rg000001/providers/Microsoft.AppPlatform/locations/uksouth/operationStatus/default/operationId/2ab9b1d8-0276-4287-a703-2895a9ced15e?api-version=2023-03-01-preview
  response:
    body:
      string: '{"id":"subscriptions/d51e3ffe-6b84-49cd-b426-0dc4ec660356/resourceGroups/clitest.rg000001/providers/Microsoft.AppPlatform/locations/uksouth/operationStatus/default/operationId/2ab9b1d8-0276-4287-a703-2895a9ced15e","name":"2ab9b1d8-0276-4287-a703-2895a9ced15e","status":"Running","startTime":"2023-03-29T10:39:47.2553403Z"}'
    headers:
      cache-control:
      - no-cache
      content-length:
      - '322'
      content-type:
      - application/json
      date:
      - Wed, 29 Mar 2023 10:44:46 GMT
      expires:
      - '-1'
      pragma:
      - no-cache
      request-context:
      - appId=cid-v1:797d7e4e-8180-497e-a254-780fbd39ba4d
      strict-transport-security:
      - max-age=31536000; includeSubDomains
      transfer-encoding:
      - chunked
      vary:
      - Accept-Encoding
      x-content-type-options:
      - nosniff
      x-rp-server-mvid:
      - 2d8cffe0-ed19-4f32-b630-c96199e681e1
    status:
      code: 200
      message: OK
- request:
    body: null
    headers:
      Accept:
      - '*/*'
      Accept-Encoding:
      - gzip, deflate
      CommandName:
      - spring app deploy
      Connection:
      - keep-alive
      ParameterSetName:
      - -g -s -n --container-image --container-command --container-args -c
      User-Agent:
      - AZURECLI/2.46.0 azsdk-python-mgmt-appplatform/6.1.0 Python/3.8.3 (Windows-10-10.0.22621-SP0)
    method: GET
    uri: https://management.azure.com/subscriptions/00000000-0000-0000-0000-000000000000/resourceGroups/clitest.rg000001/providers/Microsoft.AppPlatform/locations/uksouth/operationStatus/default/operationId/2ab9b1d8-0276-4287-a703-2895a9ced15e?api-version=2023-03-01-preview
  response:
    body:
      string: '{"id":"subscriptions/d51e3ffe-6b84-49cd-b426-0dc4ec660356/resourceGroups/clitest.rg000001/providers/Microsoft.AppPlatform/locations/uksouth/operationStatus/default/operationId/2ab9b1d8-0276-4287-a703-2895a9ced15e","name":"2ab9b1d8-0276-4287-a703-2895a9ced15e","status":"Running","startTime":"2023-03-29T10:39:47.2553403Z"}'
    headers:
      cache-control:
      - no-cache
      content-length:
      - '322'
      content-type:
      - application/json
      date:
      - Wed, 29 Mar 2023 10:44:56 GMT
      expires:
      - '-1'
      pragma:
      - no-cache
      request-context:
      - appId=cid-v1:797d7e4e-8180-497e-a254-780fbd39ba4d
      strict-transport-security:
      - max-age=31536000; includeSubDomains
      transfer-encoding:
      - chunked
      vary:
      - Accept-Encoding
      x-content-type-options:
      - nosniff
      x-rp-server-mvid:
      - 2d8cffe0-ed19-4f32-b630-c96199e681e1
    status:
      code: 200
      message: OK
- request:
    body: null
    headers:
      Accept:
      - '*/*'
      Accept-Encoding:
      - gzip, deflate
      CommandName:
      - spring app deploy
      Connection:
      - keep-alive
      ParameterSetName:
      - -g -s -n --container-image --container-command --container-args -c
      User-Agent:
      - AZURECLI/2.46.0 azsdk-python-mgmt-appplatform/6.1.0 Python/3.8.3 (Windows-10-10.0.22621-SP0)
    method: GET
    uri: https://management.azure.com/subscriptions/00000000-0000-0000-0000-000000000000/resourceGroups/clitest.rg000001/providers/Microsoft.AppPlatform/locations/uksouth/operationStatus/default/operationId/2ab9b1d8-0276-4287-a703-2895a9ced15e?api-version=2023-03-01-preview
  response:
    body:
      string: '{"id":"subscriptions/d51e3ffe-6b84-49cd-b426-0dc4ec660356/resourceGroups/clitest.rg000001/providers/Microsoft.AppPlatform/locations/uksouth/operationStatus/default/operationId/2ab9b1d8-0276-4287-a703-2895a9ced15e","name":"2ab9b1d8-0276-4287-a703-2895a9ced15e","status":"Running","startTime":"2023-03-29T10:39:47.2553403Z"}'
    headers:
      cache-control:
      - no-cache
      content-length:
      - '322'
      content-type:
      - application/json
      date:
      - Wed, 29 Mar 2023 10:45:07 GMT
      expires:
      - '-1'
      pragma:
      - no-cache
      request-context:
      - appId=cid-v1:797d7e4e-8180-497e-a254-780fbd39ba4d
      strict-transport-security:
      - max-age=31536000; includeSubDomains
      transfer-encoding:
      - chunked
      vary:
      - Accept-Encoding
      x-content-type-options:
      - nosniff
      x-rp-server-mvid:
      - 2d8cffe0-ed19-4f32-b630-c96199e681e1
    status:
      code: 200
      message: OK
- request:
    body: null
    headers:
      Accept:
      - '*/*'
      Accept-Encoding:
      - gzip, deflate
      CommandName:
      - spring app deploy
      Connection:
      - keep-alive
      ParameterSetName:
      - -g -s -n --container-image --container-command --container-args -c
      User-Agent:
      - AZURECLI/2.46.0 azsdk-python-mgmt-appplatform/6.1.0 Python/3.8.3 (Windows-10-10.0.22621-SP0)
    method: GET
    uri: https://management.azure.com/subscriptions/00000000-0000-0000-0000-000000000000/resourceGroups/clitest.rg000001/providers/Microsoft.AppPlatform/locations/uksouth/operationStatus/default/operationId/2ab9b1d8-0276-4287-a703-2895a9ced15e?api-version=2023-03-01-preview
  response:
    body:
      string: '{"id":"subscriptions/d51e3ffe-6b84-49cd-b426-0dc4ec660356/resourceGroups/clitest.rg000001/providers/Microsoft.AppPlatform/locations/uksouth/operationStatus/default/operationId/2ab9b1d8-0276-4287-a703-2895a9ced15e","name":"2ab9b1d8-0276-4287-a703-2895a9ced15e","status":"Running","startTime":"2023-03-29T10:39:47.2553403Z"}'
    headers:
      cache-control:
      - no-cache
      content-length:
      - '322'
      content-type:
      - application/json
      date:
      - Wed, 29 Mar 2023 10:45:17 GMT
      expires:
      - '-1'
      pragma:
      - no-cache
      request-context:
      - appId=cid-v1:797d7e4e-8180-497e-a254-780fbd39ba4d
      strict-transport-security:
      - max-age=31536000; includeSubDomains
      transfer-encoding:
      - chunked
      vary:
      - Accept-Encoding
      x-content-type-options:
      - nosniff
      x-rp-server-mvid:
      - 2d8cffe0-ed19-4f32-b630-c96199e681e1
    status:
      code: 200
      message: OK
- request:
    body: null
    headers:
      Accept:
      - '*/*'
      Accept-Encoding:
      - gzip, deflate
      CommandName:
      - spring app deploy
      Connection:
      - keep-alive
      ParameterSetName:
      - -g -s -n --container-image --container-command --container-args -c
      User-Agent:
      - AZURECLI/2.46.0 azsdk-python-mgmt-appplatform/6.1.0 Python/3.8.3 (Windows-10-10.0.22621-SP0)
    method: GET
    uri: https://management.azure.com/subscriptions/00000000-0000-0000-0000-000000000000/resourceGroups/clitest.rg000001/providers/Microsoft.AppPlatform/locations/uksouth/operationStatus/default/operationId/2ab9b1d8-0276-4287-a703-2895a9ced15e?api-version=2023-03-01-preview
  response:
    body:
      string: '{"id":"subscriptions/d51e3ffe-6b84-49cd-b426-0dc4ec660356/resourceGroups/clitest.rg000001/providers/Microsoft.AppPlatform/locations/uksouth/operationStatus/default/operationId/2ab9b1d8-0276-4287-a703-2895a9ced15e","name":"2ab9b1d8-0276-4287-a703-2895a9ced15e","status":"Succeeded","startTime":"2023-03-29T10:39:47.2553403Z","endTime":"2023-03-29T10:45:18.3925701Z"}'
    headers:
      cache-control:
      - no-cache
      content-length:
      - '365'
      content-type:
      - application/json
      date:
      - Wed, 29 Mar 2023 10:45:27 GMT
      expires:
      - '-1'
      pragma:
      - no-cache
      request-context:
      - appId=cid-v1:797d7e4e-8180-497e-a254-780fbd39ba4d
      strict-transport-security:
      - max-age=31536000; includeSubDomains
      transfer-encoding:
      - chunked
      vary:
      - Accept-Encoding
      x-content-type-options:
      - nosniff
      x-rp-server-mvid:
      - 2d8cffe0-ed19-4f32-b630-c96199e681e1
    status:
      code: 200
      message: OK
- request:
    body: null
    headers:
      Accept:
      - '*/*'
      Accept-Encoding:
      - gzip, deflate
      CommandName:
      - spring app deploy
      Connection:
      - keep-alive
      ParameterSetName:
      - -g -s -n --container-image --container-command --container-args -c
      User-Agent:
      - AZURECLI/2.46.0 azsdk-python-mgmt-appplatform/6.1.0 Python/3.8.3 (Windows-10-10.0.22621-SP0)
    method: GET
    uri: https://management.azure.com/subscriptions/00000000-0000-0000-0000-000000000000/resourceGroups/clitest.rg000001/providers/Microsoft.AppPlatform/Spring/clitest000002/apps/test-container/deployments/mock-deployment?api-version=2023-03-01-preview
  response:
    body:
      string: '{"properties":{"deploymentSettings":{"resourceRequests":{"cpu":"1","memory":"1Gi"},"environmentVariables":null,"terminationGracePeriodSeconds":90,"livenessProbe":{"disableProbe":false,"failureThreshold":3,"initialDelaySeconds":300,"periodSeconds":10,"successThreshold":1,"timeoutSeconds":3,"probeAction":{"type":"TCPSocketAction"}},"readinessProbe":{"disableProbe":false,"failureThreshold":3,"initialDelaySeconds":0,"periodSeconds":5,"successThreshold":1,"timeoutSeconds":3,"probeAction":{"type":"TCPSocketAction"}}},"provisioningState":"Succeeded","status":"Running","active":true,"instances":[{"name":"test-container-default-14-57bddb99c8-n4fc9","status":"Running","discoveryStatus":"N/A","startTime":"2023-03-29T10:39:59Z"}],"source":{"type":"Container","version":"","customContainer":{"containerImage":"springio/gs-spring-boot-docker","server":"docker.io","command":["java"],"args":["-cp","/app/resources:/app/classes:/app/libs/*","hello.Application"]}}},"type":"Microsoft.AppPlatform/Spring/apps/deployments","sku":{"name":"S0","tier":"Standard","capacity":1},"id":"/subscriptions/00000000-0000-0000-0000-000000000000/resourceGroups/clitest.rg000001/providers/Microsoft.AppPlatform/Spring/clitest000002/apps/test-container/deployments/default","name":"default","systemData":{"createdBy":"qingyliu@microsoft.com","createdByType":"User","createdAt":"2023-03-29T10:37:43.1682396Z","lastModifiedBy":"qingyliu@microsoft.com","lastModifiedByType":"User","lastModifiedAt":"2023-03-29T10:39:45.6067912Z"}}'
    headers:
      cache-control:
      - no-cache
      content-length:
      - '1502'
      content-type:
      - application/json
      date:
      - Wed, 29 Mar 2023 10:45:32 GMT
      expires:
      - '-1'
      pragma:
      - no-cache
      request-context:
      - appId=cid-v1:797d7e4e-8180-497e-a254-780fbd39ba4d
      strict-transport-security:
      - max-age=31536000; includeSubDomains
      transfer-encoding:
      - chunked
      vary:
      - Accept-Encoding
      x-content-type-options:
      - nosniff
      x-ms-ratelimit-remaining-subscription-resource-requests:
      - '11998'
      x-rp-server-mvid:
      - 2d8cffe0-ed19-4f32-b630-c96199e681e1
    status:
      code: 200
      message: OK
- request:
    body: null
    headers:
      Accept:
      - application/json
      Accept-Encoding:
      - gzip, deflate
      CommandName:
      - spring app deploy
      Connection:
      - keep-alive
      ParameterSetName:
      - -g -s -n --container-image --container-command --container-args -c
      User-Agent:
      - AZURECLI/2.46.0 azsdk-python-mgmt-appplatform/6.1.0 Python/3.8.3 (Windows-10-10.0.22621-SP0)
    method: GET
    uri: https://management.azure.com/subscriptions/00000000-0000-0000-0000-000000000000/resourceGroups/clitest.rg000001/providers/Microsoft.AppPlatform/Spring/clitest000002/apps/test-container/deployments/mock-deployment?api-version=2023-03-01-preview
  response:
    body:
      string: '{"properties":{"deploymentSettings":{"resourceRequests":{"cpu":"1","memory":"1Gi"},"environmentVariables":null,"terminationGracePeriodSeconds":90,"livenessProbe":{"disableProbe":false,"failureThreshold":3,"initialDelaySeconds":300,"periodSeconds":10,"successThreshold":1,"timeoutSeconds":3,"probeAction":{"type":"TCPSocketAction"}},"readinessProbe":{"disableProbe":false,"failureThreshold":3,"initialDelaySeconds":0,"periodSeconds":5,"successThreshold":1,"timeoutSeconds":3,"probeAction":{"type":"TCPSocketAction"}}},"provisioningState":"Succeeded","status":"Running","active":true,"instances":[{"name":"test-container-default-14-57bddb99c8-n4fc9","status":"Running","discoveryStatus":"N/A","startTime":"2023-03-29T10:39:59Z"}],"source":{"type":"Container","version":"","customContainer":{"containerImage":"springio/gs-spring-boot-docker","server":"docker.io","command":["java"],"args":["-cp","/app/resources:/app/classes:/app/libs/*","hello.Application"]}}},"type":"Microsoft.AppPlatform/Spring/apps/deployments","sku":{"name":"S0","tier":"Standard","capacity":1},"id":"/subscriptions/00000000-0000-0000-0000-000000000000/resourceGroups/clitest.rg000001/providers/Microsoft.AppPlatform/Spring/clitest000002/apps/test-container/deployments/default","name":"default","systemData":{"createdBy":"qingyliu@microsoft.com","createdByType":"User","createdAt":"2023-03-29T10:37:43.1682396Z","lastModifiedBy":"qingyliu@microsoft.com","lastModifiedByType":"User","lastModifiedAt":"2023-03-29T10:39:45.6067912Z"}}'
    headers:
      cache-control:
      - no-cache
      content-length:
      - '1502'
      content-type:
      - application/json
      date:
      - Wed, 29 Mar 2023 10:45:35 GMT
      expires:
      - '-1'
      pragma:
      - no-cache
      request-context:
      - appId=cid-v1:797d7e4e-8180-497e-a254-780fbd39ba4d
      strict-transport-security:
      - max-age=31536000; includeSubDomains
      transfer-encoding:
      - chunked
      vary:
      - Accept-Encoding
      x-content-type-options:
      - nosniff
      x-ms-ratelimit-remaining-subscription-resource-requests:
      - '11997'
      x-rp-server-mvid:
      - 2d8cffe0-ed19-4f32-b630-c96199e681e1
    status:
      code: 200
      message: OK
- request:
    body: null
    headers:
      Accept:
      - application/json
      Accept-Encoding:
      - gzip, deflate
      CommandName:
      - spring app deploy
      Connection:
      - keep-alive
      ParameterSetName:
      - -g -s -n --container-image --container-command --container-args -c
      User-Agent:
      - AZURECLI/2.46.0 azsdk-python-mgmt-appplatform/6.1.0 Python/3.8.3 (Windows-10-10.0.22621-SP0)
    method: GET
    uri: https://management.azure.com/subscriptions/00000000-0000-0000-0000-000000000000/resourceGroups/clitest.rg000001/providers/Microsoft.AppPlatform/Spring/clitest000002?api-version=2023-03-01-preview
  response:
    body:
      string: '{"properties":{"provisioningState":"Succeeded","zoneRedundant":false,"version":3,"serviceId":"0e134f0883dc4fa6b5b5a0c04ac4a187","networkProfile":{"outboundIPs":{"publicIPs":["20.108.77.211","20.108.209.51"]},"outboundType":"loadBalancer"},"powerState":"Running","fqdn":"clitest000002.azuremicroservices.io"},"type":"Microsoft.AppPlatform/Spring","sku":{"name":"S0","tier":"Standard"},"location":"uksouth","tags":null,"id":"/subscriptions/00000000-0000-0000-0000-000000000000/resourceGroups/clitest.rg000001/providers/Microsoft.AppPlatform/Spring/clitest000002","name":"clitest000002","systemData":{"createdBy":"qingyliu@microsoft.com","createdByType":"User","createdAt":"2023-03-29T10:28:21.7128332Z","lastModifiedBy":"qingyliu@microsoft.com","lastModifiedByType":"User","lastModifiedAt":"2023-03-29T10:28:21.7128332Z"}}'
    headers:
      cache-control:
      - no-cache
      content-length:
      - '820'
      content-type:
      - application/json
      date:
      - Wed, 29 Mar 2023 10:45:36 GMT
      expires:
      - '-1'
      pragma:
      - no-cache
      request-context:
      - appId=cid-v1:797d7e4e-8180-497e-a254-780fbd39ba4d
      strict-transport-security:
      - max-age=31536000; includeSubDomains
      transfer-encoding:
      - chunked
      vary:
      - Accept-Encoding
      x-content-type-options:
      - nosniff
      x-ms-ratelimit-remaining-subscription-resource-requests:
      - '11999'
      x-rp-server-mvid:
      - 2d8cffe0-ed19-4f32-b630-c96199e681e1
    status:
      code: 200
      message: OK
- request:
    body: null
    headers:
      Accept:
      - application/json
      Accept-Encoding:
      - gzip, deflate
      CommandName:
      - spring app deploy
      Connection:
      - keep-alive
      Content-Length:
      - '0'
      ParameterSetName:
      - -g -s -n --container-image --container-command --container-args -c
      User-Agent:
      - AZURECLI/2.46.0 azsdk-python-mgmt-appplatform/6.1.0 Python/3.8.3 (Windows-10-10.0.22621-SP0)
    method: POST
    uri: https://management.azure.com/subscriptions/00000000-0000-0000-0000-000000000000/resourceGroups/clitest.rg000001/providers/Microsoft.AppPlatform/Spring/clitest000002/listTestKeys?api-version=2023-03-01-preview
  response:
    body:
      string: '{"primaryKey":"yqXpE5wF4kssRtMHcaxoi4bekSnEFOOZSHmU561eA4AWPlJEwcZ0CHrnFakjQB2I","secondaryKey":"N6a5Lkng843frSK90UOdJKYZULdiYq3Y3solWPqwjiHgF9bY8TRerCcyrn68X6pe","primaryTestEndpoint":"https://primary:yqXpE5wF4kssRtMHcaxoi4bekSnEFOOZSHmU561eA4AWPlJEwcZ0CHrnFakjQB2I@clitest000002.test.azuremicroservices.io","secondaryTestEndpoint":"https://secondary:N6a5Lkng843frSK90UOdJKYZULdiYq3Y3solWPqwjiHgF9bY8TRerCcyrn68X6pe@clitest000002.test.azuremicroservices.io","enabled":true}'
    headers:
      cache-control:
      - no-cache
      content-length:
      - '474'
      content-type:
      - application/json
      date:
      - Wed, 29 Mar 2023 10:45:36 GMT
      expires:
      - '-1'
      pragma:
      - no-cache
      request-context:
      - appId=cid-v1:797d7e4e-8180-497e-a254-780fbd39ba4d
      strict-transport-security:
      - max-age=31536000; includeSubDomains
      transfer-encoding:
      - chunked
      vary:
      - Accept-Encoding
      x-content-type-options:
      - nosniff
      x-ms-ratelimit-remaining-subscription-writes:
      - '1199'
      x-rp-server-mvid:
      - 2d8cffe0-ed19-4f32-b630-c96199e681e1
    status:
      code: 200
      message: OK
- request:
    body: null
    headers:
      Accept:
      - '*/*'
      Accept-Encoding:
      - gzip, deflate
      Connection:
      - keep-alive
      User-Agent:
      - python-requests/2.27.1
    method: GET
    uri: https://clitest000002.azuremicroservices.io/api/logstream/apps/test-container/instances/test-container-default-14-57bddb99c8-n4fc9?tailLines=500&limitBytes=1048576&sinceSeconds=300
  response:
    body:
      string: ''
    headers:
      connection:
      - keep-alive
      content-length:
      - '0'
      content-type:
      - text/plain
      date:
      - Wed, 29 Mar 2023 10:45:39 GMT
      strict-transport-security:
      - max-age=15724800; includeSubDomains
    status:
      code: 200
      message: OK
- request:
    body: null
    headers:
      Accept:
      - application/json
      Accept-Encoding:
      - gzip, deflate
      CommandName:
      - spring app deploy
      Connection:
      - keep-alive
      ParameterSetName:
      - -g -s -n --container-image --container-command --container-args -c
      User-Agent:
      - AZURECLI/2.46.0 azsdk-python-mgmt-appplatform/6.1.0 Python/3.8.3 (Windows-10-10.0.22621-SP0)
    method: GET
    uri: https://management.azure.com/subscriptions/00000000-0000-0000-0000-000000000000/resourceGroups/clitest.rg000001/providers/Microsoft.AppPlatform/Spring/clitest000002/apps/test-container/deployments/mock-deployment?api-version=2023-03-01-preview
  response:
    body:
      string: '{"properties":{"deploymentSettings":{"resourceRequests":{"cpu":"1","memory":"1Gi"},"environmentVariables":null,"terminationGracePeriodSeconds":90,"livenessProbe":{"disableProbe":false,"failureThreshold":3,"initialDelaySeconds":300,"periodSeconds":10,"successThreshold":1,"timeoutSeconds":3,"probeAction":{"type":"TCPSocketAction"}},"readinessProbe":{"disableProbe":false,"failureThreshold":3,"initialDelaySeconds":0,"periodSeconds":5,"successThreshold":1,"timeoutSeconds":3,"probeAction":{"type":"TCPSocketAction"}}},"provisioningState":"Succeeded","status":"Running","active":true,"instances":[{"name":"test-container-default-14-57bddb99c8-n4fc9","status":"Running","discoveryStatus":"N/A","startTime":"2023-03-29T10:39:59Z"}],"source":{"type":"Container","version":"","customContainer":{"containerImage":"springio/gs-spring-boot-docker","server":"docker.io","command":["java"],"args":["-cp","/app/resources:/app/classes:/app/libs/*","hello.Application"]}}},"type":"Microsoft.AppPlatform/Spring/apps/deployments","sku":{"name":"S0","tier":"Standard","capacity":1},"id":"/subscriptions/00000000-0000-0000-0000-000000000000/resourceGroups/clitest.rg000001/providers/Microsoft.AppPlatform/Spring/clitest000002/apps/test-container/deployments/default","name":"default","systemData":{"createdBy":"qingyliu@microsoft.com","createdByType":"User","createdAt":"2023-03-29T10:37:43.1682396Z","lastModifiedBy":"qingyliu@microsoft.com","lastModifiedByType":"User","lastModifiedAt":"2023-03-29T10:39:45.6067912Z"}}'
    headers:
      cache-control:
      - no-cache
      content-length:
      - '1502'
      content-type:
      - application/json
      date:
      - Wed, 29 Mar 2023 10:45:42 GMT
      expires:
      - '-1'
      pragma:
      - no-cache
      request-context:
      - appId=cid-v1:797d7e4e-8180-497e-a254-780fbd39ba4d
      strict-transport-security:
      - max-age=31536000; includeSubDomains
      transfer-encoding:
      - chunked
      vary:
      - Accept-Encoding
      x-content-type-options:
      - nosniff
      x-ms-ratelimit-remaining-subscription-resource-requests:
      - '11996'
      x-rp-server-mvid:
      - 2d8cffe0-ed19-4f32-b630-c96199e681e1
    status:
      code: 200
      message: OK
- request:
    body: null
    headers:
      Accept:
      - application/json
      Accept-Encoding:
      - gzip, deflate
      CommandName:
      - spring app deployment create
      Connection:
      - keep-alive
      ParameterSetName:
      - -g -s --app -n --container-image --language-framework
      User-Agent:
      - AZURECLI/2.46.0 azsdk-python-mgmt-appplatform/6.1.0 Python/3.8.3 (Windows-10-10.0.22621-SP0)
    method: GET
    uri: https://management.azure.com/subscriptions/00000000-0000-0000-0000-000000000000/resourceGroups/clitest.rg000001/providers/Microsoft.AppPlatform/Spring/clitest000002/buildServices/default?api-version=2023-03-01-preview
  response:
    body:
      string: '{"error":{"code":"BadRequest","message":"Feature BuildService is not
        supported in Sku S0 for API version 2023-03-01-preview.","target":null,"details":null}}'
    headers:
      cache-control:
      - no-cache
      content-length:
      - '156'
      content-type:
      - application/json
      date:
      - Wed, 29 Mar 2023 10:45:45 GMT
      expires:
      - '-1'
      pragma:
      - no-cache
      request-context:
      - appId=cid-v1:797d7e4e-8180-497e-a254-780fbd39ba4d
      strict-transport-security:
      - max-age=31536000; includeSubDomains
      x-content-type-options:
      - nosniff
      x-rp-server-mvid:
      - 2d8cffe0-ed19-4f32-b630-c96199e681e1
    status:
      code: 400
      message: Bad Request
- request:
    body: null
    headers:
      Accept:
      - application/json
      Accept-Encoding:
      - gzip, deflate
      CommandName:
      - spring app deployment create
      Connection:
      - keep-alive
      ParameterSetName:
      - -g -s --app -n --container-image --language-framework
      User-Agent:
      - AZURECLI/2.46.0 azsdk-python-mgmt-appplatform/6.1.0 Python/3.8.3 (Windows-10-10.0.22621-SP0)
    method: GET
    uri: https://management.azure.com/subscriptions/00000000-0000-0000-0000-000000000000/resourceGroups/clitest.rg000001/providers/Microsoft.AppPlatform/Spring/clitest000002/apps/test-container/deployments?api-version=2023-03-01-preview
  response:
    body:
      string: '{"value":[{"properties":{"deploymentSettings":{"resourceRequests":{"cpu":"1","memory":"1Gi"},"environmentVariables":null,"terminationGracePeriodSeconds":90,"livenessProbe":{"disableProbe":false,"failureThreshold":3,"initialDelaySeconds":300,"periodSeconds":10,"successThreshold":1,"timeoutSeconds":3,"probeAction":{"type":"TCPSocketAction"}},"readinessProbe":{"disableProbe":false,"failureThreshold":3,"initialDelaySeconds":0,"periodSeconds":5,"successThreshold":1,"timeoutSeconds":3,"probeAction":{"type":"TCPSocketAction"}}},"provisioningState":"Succeeded","status":"Running","active":true,"instances":[{"name":"test-container-default-14-57bddb99c8-n4fc9","status":"Running","discoveryStatus":"N/A","startTime":"2023-03-29T10:39:59Z"}],"source":{"type":"Container","version":"","customContainer":{"containerImage":"springio/gs-spring-boot-docker","server":"docker.io","command":["java"],"args":["-cp","/app/resources:/app/classes:/app/libs/*","hello.Application"]}}},"type":"Microsoft.AppPlatform/Spring/apps/deployments","sku":{"name":"S0","tier":"Standard","capacity":1},"id":"/subscriptions/00000000-0000-0000-0000-000000000000/resourceGroups/clitest.rg000001/providers/Microsoft.AppPlatform/Spring/clitest000002/apps/test-container/deployments/default","name":"default","systemData":{"createdBy":"qingyliu@microsoft.com","createdByType":"User","createdAt":"2023-03-29T10:37:43.1682396Z","lastModifiedBy":"qingyliu@microsoft.com","lastModifiedByType":"User","lastModifiedAt":"2023-03-29T10:39:45.6067912Z"}}]}'
    headers:
      cache-control:
      - no-cache
      content-length:
      - '1514'
      content-type:
      - application/json
      date:
      - Wed, 29 Mar 2023 10:45:50 GMT
      expires:
      - '-1'
      pragma:
      - no-cache
      request-context:
      - appId=cid-v1:797d7e4e-8180-497e-a254-780fbd39ba4d
      strict-transport-security:
      - max-age=31536000; includeSubDomains
      transfer-encoding:
      - chunked
      vary:
      - Accept-Encoding
      x-content-type-options:
      - nosniff
      x-ms-ratelimit-remaining-subscription-resource-requests:
      - '11999'
      x-rp-server-mvid:
      - 2d8cffe0-ed19-4f32-b630-c96199e681e1
    status:
      code: 200
      message: OK
- request:
    body: '{"properties": {"source": {"type": "Container", "customContainer": {"server":
      "docker.io", "containerImage": "springio/gs-spring-boot-docker", "languageFramework":
      "springboot"}}, "deploymentSettings": {"resourceRequests": {"cpu": "1", "memory":
      "1Gi"}, "scale": {"minReplicas": 1, "maxReplicas": 10}}}, "sku": {"name": "S0",
      "tier": "Standard", "capacity": 1}}'
    headers:
      Accept:
      - application/json
      Accept-Encoding:
      - gzip, deflate
      CommandName:
      - spring app deployment create
      Connection:
      - keep-alive
      Content-Length:
      - '361'
      Content-Type:
      - application/json
      ParameterSetName:
      - -g -s --app -n --container-image --language-framework
      User-Agent:
      - AZURECLI/2.46.0 azsdk-python-mgmt-appplatform/6.1.0 Python/3.8.3 (Windows-10-10.0.22621-SP0)
    method: PUT
    uri: https://management.azure.com/subscriptions/00000000-0000-0000-0000-000000000000/resourceGroups/clitest.rg000001/providers/Microsoft.AppPlatform/Spring/clitest000002/apps/test-container/deployments/mock-deployment?api-version=2023-03-01-preview
  response:
    body:
      string: '{"properties":{"deploymentSettings":{"resourceRequests":{"cpu":"1","memory":"1Gi"},"environmentVariables":null,"terminationGracePeriodSeconds":90},"provisioningState":"Creating","status":"Running","active":false,"instances":null,"source":{"type":"Container","customContainer":{"containerImage":"springio/gs-spring-boot-docker","server":"docker.io","languageFramework":"springboot"}}},"type":"Microsoft.AppPlatform/Spring/apps/deployments","sku":{"name":"S0","tier":"Standard","capacity":1},"id":"/subscriptions/00000000-0000-0000-0000-000000000000/resourceGroups/clitest.rg000001/providers/Microsoft.AppPlatform/Spring/clitest000002/apps/test-container/deployments/green","name":"green","systemData":{"createdBy":"qingyliu@microsoft.com","createdByType":"User","createdAt":"2023-03-29T10:45:50.9576599Z","lastModifiedBy":"qingyliu@microsoft.com","lastModifiedByType":"User","lastModifiedAt":"2023-03-29T10:45:50.9576599Z"}}'
    headers:
      azure-asyncoperation:
      - https://management.azure.com/subscriptions/00000000-0000-0000-0000-000000000000/resourceGroups/clitest.rg000001/providers/Microsoft.AppPlatform/locations/uksouth/operationStatus/green/operationId/98292800-d622-46ec-9eaf-cfeffb626d78?api-version=2023-03-01-preview
      cache-control:
      - no-cache
      content-length:
      - '923'
      content-type:
      - application/json
      date:
      - Wed, 29 Mar 2023 10:45:51 GMT
      expires:
      - '-1'
      location:
      - https://management.azure.com/subscriptions/00000000-0000-0000-0000-000000000000/resourceGroups/clitest.rg000001/providers/Microsoft.AppPlatform/locations/uksouth/operationResults/98292800-d622-46ec-9eaf-cfeffb626d78/Spring/green?api-version=2023-03-01-preview
      pragma:
      - no-cache
      request-context:
      - appId=cid-v1:797d7e4e-8180-497e-a254-780fbd39ba4d
      strict-transport-security:
      - max-age=31536000; includeSubDomains
      x-content-type-options:
      - nosniff
      x-ms-ratelimit-remaining-subscription-resource-requests:
      - '1199'
      x-rp-server-mvid:
      - 2d8cffe0-ed19-4f32-b630-c96199e681e1
    status:
      code: 201
      message: Created
- request:
    body: null
    headers:
      Accept:
      - '*/*'
      Accept-Encoding:
      - gzip, deflate
      CommandName:
      - spring app deployment create
      Connection:
      - keep-alive
      ParameterSetName:
      - -g -s --app -n --container-image --language-framework
      User-Agent:
      - AZURECLI/2.46.0 azsdk-python-mgmt-appplatform/6.1.0 Python/3.8.3 (Windows-10-10.0.22621-SP0)
    method: GET
    uri: https://management.azure.com/subscriptions/00000000-0000-0000-0000-000000000000/resourceGroups/clitest.rg000001/providers/Microsoft.AppPlatform/locations/uksouth/operationStatus/green/operationId/98292800-d622-46ec-9eaf-cfeffb626d78?api-version=2023-03-01-preview
  response:
    body:
      string: '{"id":"subscriptions/d51e3ffe-6b84-49cd-b426-0dc4ec660356/resourceGroups/clitest.rg000001/providers/Microsoft.AppPlatform/locations/uksouth/operationStatus/green/operationId/98292800-d622-46ec-9eaf-cfeffb626d78","name":"98292800-d622-46ec-9eaf-cfeffb626d78","status":"Succeeded","startTime":"2023-03-29T10:45:51.6234087Z","endTime":"2023-03-29T10:46:18.4212324Z"}'
    headers:
      cache-control:
      - no-cache
      content-length:
      - '363'
      content-type:
      - application/json
      date:
      - Wed, 29 Mar 2023 10:46:21 GMT
      expires:
      - '-1'
      pragma:
      - no-cache
      request-context:
      - appId=cid-v1:797d7e4e-8180-497e-a254-780fbd39ba4d
      strict-transport-security:
      - max-age=31536000; includeSubDomains
      transfer-encoding:
      - chunked
      vary:
      - Accept-Encoding
      x-content-type-options:
      - nosniff
      x-rp-server-mvid:
      - 2d8cffe0-ed19-4f32-b630-c96199e681e1
    status:
      code: 200
      message: OK
- request:
    body: null
    headers:
      Accept:
      - '*/*'
      Accept-Encoding:
      - gzip, deflate
      CommandName:
      - spring app deployment create
      Connection:
      - keep-alive
      ParameterSetName:
      - -g -s --app -n --container-image --language-framework
      User-Agent:
      - AZURECLI/2.46.0 azsdk-python-mgmt-appplatform/6.1.0 Python/3.8.3 (Windows-10-10.0.22621-SP0)
    method: GET
    uri: https://management.azure.com/subscriptions/00000000-0000-0000-0000-000000000000/resourceGroups/clitest.rg000001/providers/Microsoft.AppPlatform/Spring/clitest000002/apps/test-container/deployments/mock-deployment?api-version=2023-03-01-preview
  response:
    body:
      string: '{"properties":{"deploymentSettings":{"resourceRequests":{"cpu":"1","memory":"1Gi"},"environmentVariables":null,"terminationGracePeriodSeconds":90,"livenessProbe":{"disableProbe":false,"failureThreshold":3,"initialDelaySeconds":300,"periodSeconds":10,"successThreshold":1,"timeoutSeconds":3,"probeAction":{"type":"TCPSocketAction"}},"readinessProbe":{"disableProbe":false,"failureThreshold":3,"initialDelaySeconds":0,"periodSeconds":5,"successThreshold":1,"timeoutSeconds":3,"probeAction":{"type":"TCPSocketAction"}}},"provisioningState":"Succeeded","status":"Running","active":false,"instances":[{"name":"test-container-green-14-df556d54c-vmpr6","status":"Running","discoveryStatus":"UNREGISTERED","startTime":"2023-03-29T10:45:55Z"}],"source":{"type":"Container","customContainer":{"containerImage":"springio/gs-spring-boot-docker","server":"docker.io","languageFramework":"springboot"}}},"type":"Microsoft.AppPlatform/Spring/apps/deployments","sku":{"name":"S0","tier":"Standard","capacity":1},"id":"/subscriptions/00000000-0000-0000-0000-000000000000/resourceGroups/clitest.rg000001/providers/Microsoft.AppPlatform/Spring/clitest000002/apps/test-container/deployments/green","name":"green","systemData":{"createdBy":"qingyliu@microsoft.com","createdByType":"User","createdAt":"2023-03-29T10:45:50.9576599Z","lastModifiedBy":"qingyliu@microsoft.com","lastModifiedByType":"User","lastModifiedAt":"2023-03-29T10:45:50.9576599Z"}}'
    headers:
      cache-control:
      - no-cache
      content-length:
      - '1429'
      content-type:
      - application/json
      date:
      - Wed, 29 Mar 2023 10:46:24 GMT
      expires:
      - '-1'
      pragma:
      - no-cache
      request-context:
      - appId=cid-v1:797d7e4e-8180-497e-a254-780fbd39ba4d
      strict-transport-security:
      - max-age=31536000; includeSubDomains
      transfer-encoding:
      - chunked
      vary:
      - Accept-Encoding
      x-content-type-options:
      - nosniff
      x-ms-ratelimit-remaining-subscription-resource-requests:
      - '11998'
      x-rp-server-mvid:
      - 2d8cffe0-ed19-4f32-b630-c96199e681e1
    status:
      code: 200
      message: OK
- request:
    body: null
    headers:
      Accept:
      - application/json
      Accept-Encoding:
      - gzip, deflate
      CommandName:
      - spring app deployment create
      Connection:
      - keep-alive
      ParameterSetName:
      - -g -s --app -n --container-image --language-framework
      User-Agent:
      - AZURECLI/2.46.0 azsdk-python-mgmt-appplatform/6.1.0 Python/3.8.3 (Windows-10-10.0.22621-SP0)
    method: GET
    uri: https://management.azure.com/subscriptions/00000000-0000-0000-0000-000000000000/resourceGroups/clitest.rg000001/providers/Microsoft.AppPlatform/Spring/clitest000002/apps/test-container/deployments/mock-deployment?api-version=2023-03-01-preview
  response:
    body:
      string: '{"properties":{"deploymentSettings":{"resourceRequests":{"cpu":"1","memory":"1Gi"},"environmentVariables":null,"terminationGracePeriodSeconds":90,"livenessProbe":{"disableProbe":false,"failureThreshold":3,"initialDelaySeconds":300,"periodSeconds":10,"successThreshold":1,"timeoutSeconds":3,"probeAction":{"type":"TCPSocketAction"}},"readinessProbe":{"disableProbe":false,"failureThreshold":3,"initialDelaySeconds":0,"periodSeconds":5,"successThreshold":1,"timeoutSeconds":3,"probeAction":{"type":"TCPSocketAction"}}},"provisioningState":"Succeeded","status":"Running","active":false,"instances":[{"name":"test-container-green-14-df556d54c-vmpr6","status":"Running","discoveryStatus":"UNREGISTERED","startTime":"2023-03-29T10:45:55Z"}],"source":{"type":"Container","customContainer":{"containerImage":"springio/gs-spring-boot-docker","server":"docker.io","languageFramework":"springboot"}}},"type":"Microsoft.AppPlatform/Spring/apps/deployments","sku":{"name":"S0","tier":"Standard","capacity":1},"id":"/subscriptions/00000000-0000-0000-0000-000000000000/resourceGroups/clitest.rg000001/providers/Microsoft.AppPlatform/Spring/clitest000002/apps/test-container/deployments/green","name":"green","systemData":{"createdBy":"qingyliu@microsoft.com","createdByType":"User","createdAt":"2023-03-29T10:45:50.9576599Z","lastModifiedBy":"qingyliu@microsoft.com","lastModifiedByType":"User","lastModifiedAt":"2023-03-29T10:45:50.9576599Z"}}'
    headers:
      cache-control:
      - no-cache
      content-length:
      - '1429'
      content-type:
      - application/json
      date:
      - Wed, 29 Mar 2023 10:46:27 GMT
      expires:
      - '-1'
      pragma:
      - no-cache
      request-context:
      - appId=cid-v1:797d7e4e-8180-497e-a254-780fbd39ba4d
      strict-transport-security:
      - max-age=31536000; includeSubDomains
      transfer-encoding:
      - chunked
      vary:
      - Accept-Encoding
      x-content-type-options:
      - nosniff
      x-ms-ratelimit-remaining-subscription-resource-requests:
      - '11997'
      x-rp-server-mvid:
      - 2d8cffe0-ed19-4f32-b630-c96199e681e1
    status:
      code: 200
      message: OK
- request:
    body: null
    headers:
      Accept:
      - application/json
      Accept-Encoding:
      - gzip, deflate
      CommandName:
      - spring app deployment create
      Connection:
      - keep-alive
      ParameterSetName:
      - -g -s --app -n --container-image --language-framework
      User-Agent:
      - AZURECLI/2.46.0 azsdk-python-mgmt-appplatform/6.1.0 Python/3.8.3 (Windows-10-10.0.22621-SP0)
    method: GET
    uri: https://management.azure.com/subscriptions/00000000-0000-0000-0000-000000000000/resourceGroups/clitest.rg000001/providers/Microsoft.AppPlatform/Spring/clitest000002?api-version=2023-03-01-preview
  response:
    body:
      string: '{"properties":{"provisioningState":"Succeeded","zoneRedundant":false,"version":3,"serviceId":"0e134f0883dc4fa6b5b5a0c04ac4a187","networkProfile":{"outboundIPs":{"publicIPs":["20.108.77.211","20.108.209.51"]},"outboundType":"loadBalancer"},"powerState":"Running","fqdn":"clitest000002.azuremicroservices.io"},"type":"Microsoft.AppPlatform/Spring","sku":{"name":"S0","tier":"Standard"},"location":"uksouth","tags":null,"id":"/subscriptions/00000000-0000-0000-0000-000000000000/resourceGroups/clitest.rg000001/providers/Microsoft.AppPlatform/Spring/clitest000002","name":"clitest000002","systemData":{"createdBy":"qingyliu@microsoft.com","createdByType":"User","createdAt":"2023-03-29T10:28:21.7128332Z","lastModifiedBy":"qingyliu@microsoft.com","lastModifiedByType":"User","lastModifiedAt":"2023-03-29T10:28:21.7128332Z"}}'
    headers:
      cache-control:
      - no-cache
      content-length:
      - '820'
      content-type:
      - application/json
      date:
      - Wed, 29 Mar 2023 10:46:27 GMT
      expires:
      - '-1'
      pragma:
      - no-cache
      request-context:
      - appId=cid-v1:797d7e4e-8180-497e-a254-780fbd39ba4d
      strict-transport-security:
      - max-age=31536000; includeSubDomains
      transfer-encoding:
      - chunked
      vary:
      - Accept-Encoding
      x-content-type-options:
      - nosniff
      x-ms-ratelimit-remaining-subscription-resource-requests:
      - '11999'
      x-rp-server-mvid:
      - 2d8cffe0-ed19-4f32-b630-c96199e681e1
    status:
      code: 200
      message: OK
- request:
    body: null
    headers:
      Accept:
      - application/json
      Accept-Encoding:
      - gzip, deflate
      CommandName:
      - spring app deployment create
      Connection:
      - keep-alive
      Content-Length:
      - '0'
      ParameterSetName:
      - -g -s --app -n --container-image --language-framework
      User-Agent:
      - AZURECLI/2.46.0 azsdk-python-mgmt-appplatform/6.1.0 Python/3.8.3 (Windows-10-10.0.22621-SP0)
    method: POST
    uri: https://management.azure.com/subscriptions/00000000-0000-0000-0000-000000000000/resourceGroups/clitest.rg000001/providers/Microsoft.AppPlatform/Spring/clitest000002/listTestKeys?api-version=2023-03-01-preview
  response:
    body:
      string: '{"primaryKey":"yqXpE5wF4kssRtMHcaxoi4bekSnEFOOZSHmU561eA4AWPlJEwcZ0CHrnFakjQB2I","secondaryKey":"N6a5Lkng843frSK90UOdJKYZULdiYq3Y3solWPqwjiHgF9bY8TRerCcyrn68X6pe","primaryTestEndpoint":"https://primary:yqXpE5wF4kssRtMHcaxoi4bekSnEFOOZSHmU561eA4AWPlJEwcZ0CHrnFakjQB2I@clitest000002.test.azuremicroservices.io","secondaryTestEndpoint":"https://secondary:N6a5Lkng843frSK90UOdJKYZULdiYq3Y3solWPqwjiHgF9bY8TRerCcyrn68X6pe@clitest000002.test.azuremicroservices.io","enabled":true}'
    headers:
      cache-control:
      - no-cache
      content-length:
      - '474'
      content-type:
      - application/json
      date:
      - Wed, 29 Mar 2023 10:46:28 GMT
      expires:
      - '-1'
      pragma:
      - no-cache
      request-context:
      - appId=cid-v1:797d7e4e-8180-497e-a254-780fbd39ba4d
      strict-transport-security:
      - max-age=31536000; includeSubDomains
      transfer-encoding:
      - chunked
      vary:
      - Accept-Encoding
      x-content-type-options:
      - nosniff
      x-ms-ratelimit-remaining-subscription-writes:
      - '1199'
      x-rp-server-mvid:
      - 2d8cffe0-ed19-4f32-b630-c96199e681e1
    status:
      code: 200
      message: OK
- request:
    body: null
    headers:
      Accept:
      - '*/*'
      Accept-Encoding:
      - gzip, deflate
      Connection:
      - keep-alive
      User-Agent:
      - python-requests/2.27.1
    method: GET
    uri: https://clitest000002.azuremicroservices.io/api/logstream/apps/test-container/instances/test-container-green-14-df556d54c-vmpr6?tailLines=500&limitBytes=1048576&sinceSeconds=300
  response:
    body:
      string: "Picked up JAVA_TOOL_OPTIONS: -Dcom.sun.management.jmxremote -Dcom.sun.management.jmxremote.port=1099
        -Dcom.sun.management.jmxremote.local.only=true -Dmanagement.endpoints.jmx.exposure.include=health,metrics
        -Dcom.sun.management.jmxremote.authenticate=false -Dcom.sun.management.jmxremote.ssl=false
        -Dspring.jmx.enabled=true -Dserver.tomcat.mbeanregistry.enabled=true -Dfile.encoding=UTF8
        -Deureka.client.service-url.defaultZone=https://clitest000002.svc.azuremicroservices.io/eureka/eureka
        -DCONFIG_SERVER_URL=https://clitest000002.svc.azuremicroservices.io/config
        -Dspring.cloud.config.uri=https://clitest000002.svc.azuremicroservices.io/config
        -Dspring.cloud.config.fail-fast=true -Dspring.config.import=optional:configserver:https://clitest000002.svc.azuremicroservices.io/config/\n\n
        \ .   ____          _            __ _ _\n /\\\\ / ___'_ __ _ _(_)_ __  __
        _ \\ \\ \\ \\\n( ( )\\___ | '_ | '_| | '_ \\/ _` | \\ \\ \\ \\\n \\\\/  ___)|
        |_)| | | | | || (_| |  ) ) ) )\n  '  |____| .__|_| |_|_| |_\\__, | / / / /\n
        =========|_|==============|___/=/_/_/_/\n :: Spring Boot ::        (v2.2.1.RELEASE)\n\n2023-03-29
        10:46:02.416  INFO 1 --- [           main] hello.Application                        :
        Starting Application on test-container-green-14-df556d54c-vmpr6 with PID 1
        (/app/classes started by ? in /)\n2023-03-29 10:46:02.420  INFO 1 --- [           main]
        hello.Application                        : No active profile set, falling
        back to default profiles: default\n2023-03-29 10:46:05.589  INFO 1 --- [           main]
        o.s.b.w.embedded.tomcat.TomcatWebServer  : Tomcat initialized with port(s):
        1025 (http)\n2023-03-29 10:46:06.108  INFO 1 --- [           main] o.apache.catalina.core.StandardService
        \  : Starting service [Tomcat]\n2023-03-29 10:46:06.109  INFO 1 --- [           main]
        org.apache.catalina.core.StandardEngine  : Starting Servlet engine: [Apache
        Tomcat/9.0.27]\n2023-03-29 10:46:06.488  INFO 1 --- [           main] o.a.c.c.C.[Tomcat].[localhost].[/]
        \      : Initializing Spring embedded WebApplicationContext\n2023-03-29 10:46:06.488
        \ INFO 1 --- [           main] o.s.web.context.ContextLoader            :
        Root WebApplicationContext: initialization completed in 3906 ms\n2023-03-29
        10:46:08.190  INFO 1 --- [           main] o.s.s.concurrent.ThreadPoolTaskExecutor
        \ : Initializing ExecutorService 'applicationTaskExecutor'\n2023-03-29 10:46:08.885
        \ INFO 1 --- [           main] o.s.b.w.embedded.tomcat.TomcatWebServer  :
        Tomcat started on port(s): 1025 (http) with context path ''\n2023-03-29 10:46:08.891
        \ INFO 1 --- [           main] hello.Application                        :
        Started Application in 7.793 seconds (JVM running for 8.714)\n"
    headers:
      connection:
      - keep-alive
      content-type:
      - text/plain
      date:
      - Wed, 29 Mar 2023 10:46:30 GMT
      strict-transport-security:
      - max-age=15724800; includeSubDomains
      transfer-encoding:
      - chunked
    status:
      code: 200
      message: OK
- request:
    body: null
    headers:
      Accept:
      - application/json
      Accept-Encoding:
      - gzip, deflate
      CommandName:
      - spring app deployment create
      Connection:
      - keep-alive
      ParameterSetName:
      - -g -s --app -n --container-image --language-framework
      User-Agent:
      - AZURECLI/2.46.0 azsdk-python-mgmt-appplatform/6.1.0 Python/3.8.3 (Windows-10-10.0.22621-SP0)
    method: GET
    uri: https://management.azure.com/subscriptions/00000000-0000-0000-0000-000000000000/resourceGroups/clitest.rg000001/providers/Microsoft.AppPlatform/Spring/clitest000002/apps/test-container/deployments/mock-deployment?api-version=2023-03-01-preview
  response:
    body:
      string: '{"properties":{"deploymentSettings":{"resourceRequests":{"cpu":"1","memory":"1Gi"},"environmentVariables":null,"terminationGracePeriodSeconds":90,"livenessProbe":{"disableProbe":false,"failureThreshold":3,"initialDelaySeconds":300,"periodSeconds":10,"successThreshold":1,"timeoutSeconds":3,"probeAction":{"type":"TCPSocketAction"}},"readinessProbe":{"disableProbe":false,"failureThreshold":3,"initialDelaySeconds":0,"periodSeconds":5,"successThreshold":1,"timeoutSeconds":3,"probeAction":{"type":"TCPSocketAction"}}},"provisioningState":"Succeeded","status":"Running","active":false,"instances":[{"name":"test-container-green-14-df556d54c-vmpr6","status":"Running","discoveryStatus":"UNREGISTERED","startTime":"2023-03-29T10:45:55Z"}],"source":{"type":"Container","customContainer":{"containerImage":"springio/gs-spring-boot-docker","server":"docker.io","languageFramework":"springboot"}}},"type":"Microsoft.AppPlatform/Spring/apps/deployments","sku":{"name":"S0","tier":"Standard","capacity":1},"id":"/subscriptions/00000000-0000-0000-0000-000000000000/resourceGroups/clitest.rg000001/providers/Microsoft.AppPlatform/Spring/clitest000002/apps/test-container/deployments/green","name":"green","systemData":{"createdBy":"qingyliu@microsoft.com","createdByType":"User","createdAt":"2023-03-29T10:45:50.9576599Z","lastModifiedBy":"qingyliu@microsoft.com","lastModifiedByType":"User","lastModifiedAt":"2023-03-29T10:45:50.9576599Z"}}'
    headers:
      cache-control:
      - no-cache
      content-length:
      - '1429'
      content-type:
      - application/json
      date:
      - Wed, 29 Mar 2023 10:46:32 GMT
      expires:
      - '-1'
      pragma:
      - no-cache
      request-context:
      - appId=cid-v1:797d7e4e-8180-497e-a254-780fbd39ba4d
      strict-transport-security:
      - max-age=31536000; includeSubDomains
      transfer-encoding:
      - chunked
      vary:
      - Accept-Encoding
      x-content-type-options:
      - nosniff
      x-ms-ratelimit-remaining-subscription-resource-requests:
      - '11996'
      x-rp-server-mvid:
      - 2d8cffe0-ed19-4f32-b630-c96199e681e1
    status:
      code: 200
      message: OK
version: 1
