interactions:
- request:
    body: '{"location": "westus"}'
    headers:
      Accept:
      - application/json
      Accept-Encoding:
      - gzip, deflate
      CommandName:
      - group create
      Connection:
      - keep-alive
      Content-Length:
      - '22'
      Content-Type:
      - application/json
      ParameterSetName:
      - -n -l
      User-Agent:
      - AZURECLI/2.38.0 azsdk-python-azure-mgmt-resource/21.1.0b1 Python/3.9.5 (Windows-10-10.0.22000-SP0)
    method: PUT
    uri: https://management.azure.com/subscriptions/00000000-0000-0000-0000-000000000000/resourcegroups/cli?api-version=2021-04-01
  response:
    body:
      string: '{"id":"/subscriptions/00000000-0000-0000-0000-000000000000/resourceGroups/cli","name":"cli","type":"Microsoft.Resources/resourceGroups","location":"westus","properties":{"provisioningState":"Succeeded"}}'
    headers:
      cache-control:
      - no-cache
      content-length:
      - '203'
      content-type:
      - application/json; charset=utf-8
      date:
      - Wed, 27 Jul 2022 06:48:02 GMT
      expires:
      - '-1'
      pragma:
      - no-cache
      strict-transport-security:
      - max-age=31536000; includeSubDomains
      x-content-type-options:
      - nosniff
      x-ms-ratelimit-remaining-subscription-writes:
      - '1199'
    status:
      code: 201
      message: Created
- request:
    body: null
    headers:
      Accept:
      - application/json
      Accept-Encoding:
      - gzip, deflate
      CommandName:
      - spring create
      Connection:
      - keep-alive
      ParameterSetName:
      - -n -g
      User-Agent:
      - AZURECLI/2.38.0 azsdk-python-azure-mgmt-resource/21.1.0b1 Python/3.9.5 (Windows-10-10.0.22000-SP0)
    method: GET
    uri: https://management.azure.com/subscriptions/00000000-0000-0000-0000-000000000000/resourcegroups/cli?api-version=2021-04-01
  response:
    body:
      string: '{"id":"/subscriptions/00000000-0000-0000-0000-000000000000/resourceGroups/cli","name":"cli","type":"Microsoft.Resources/resourceGroups","location":"westus","properties":{"provisioningState":"Succeeded"}}'
    headers:
      cache-control:
      - no-cache
      content-length:
      - '203'
      content-type:
      - application/json; charset=utf-8
      date:
      - Wed, 27 Jul 2022 06:48:03 GMT
      expires:
      - '-1'
      pragma:
      - no-cache
      strict-transport-security:
      - max-age=31536000; includeSubDomains
      vary:
      - Accept-Encoding
      x-content-type-options:
      - nosniff
    status:
      code: 200
      message: OK
- request:
    body: '{"type": "Microsoft.AppPlatform/Spring", "name": "cli-unittest"}'
    headers:
      Accept:
      - application/json
      Accept-Encoding:
      - gzip, deflate
      CommandName:
      - spring create
      Connection:
      - keep-alive
      Content-Length:
      - '64'
      Content-Type:
      - application/json
      ParameterSetName:
      - -n -g
      User-Agent:
      - AZURECLI/2.38.0 azsdk-python-mgmt-appplatform/6.1.0 Python/3.9.5 (Windows-10-10.0.22000-SP0)
    method: POST
    uri: https://management.azure.com/subscriptions/00000000-0000-0000-0000-000000000000/providers/Microsoft.AppPlatform/locations/westus/checkNameAvailability?api-version=2022-05-01-preview
  response:
    body:
      string: '{"nameAvailable":true}'
    headers:
      cache-control:
      - no-cache
      content-length:
      - '22'
      content-type:
      - application/json; charset=utf-8
      date:
      - Wed, 27 Jul 2022 06:48:04 GMT
      expires:
      - '-1'
      pragma:
      - no-cache
      request-context:
      - appId=cid-v1:797d7e4e-8180-497e-a254-780fbd39ba4d
      server:
      - nginx/1.17.7
      strict-transport-security:
      - max-age=31536000; includeSubDomains
      transfer-encoding:
      - chunked
      vary:
      - Accept-Encoding
      x-content-type-options:
      - nosniff
      x-ms-ratelimit-remaining-subscription-writes:
      - '1199'
      x-rp-server-mvid:
      - c3b85add-8db6-4e84-b6a2-06adf3cd8acc
    status:
      code: 200
      message: OK
- request:
    body: '{"location": "westus", "properties": {"zoneRedundant": false}, "sku": {"name":
      "S0", "tier": "Standard"}}'
    headers:
      Accept:
      - application/json
      Accept-Encoding:
      - gzip, deflate
      CommandName:
      - spring create
      Connection:
      - keep-alive
      Content-Length:
      - '105'
      Content-Type:
      - application/json
      ParameterSetName:
      - -n -g
      User-Agent:
      - AZURECLI/2.38.0 azsdk-python-mgmt-appplatform/6.1.0 Python/3.9.5 (Windows-10-10.0.22000-SP0)
    method: PUT
    uri: https://management.azure.com/subscriptions/00000000-0000-0000-0000-000000000000/resourceGroups/cli/providers/Microsoft.AppPlatform/Spring/cli-unittest?api-version=2022-05-01-preview
  response:
    body:
      string: '{"properties":{"provisioningState":"Creating","zoneRedundant":false,"version":3,"serviceId":"4953d760fa0e4fe2af0f8ef018540c83","powerState":"Running","fqdn":"cli-unittest.azuremicroservices.io"},"type":"Microsoft.AppPlatform/Spring","sku":{"name":"S0","tier":"Standard"},"location":"westus","tags":null,"id":"/subscriptions/00000000-0000-0000-0000-000000000000/resourceGroups/cli/providers/Microsoft.AppPlatform/Spring/cli-unittest","name":"cli-unittest","systemData":{"createdBy":"caiqing@microsoft.com","createdByType":"User","createdAt":"2022-07-27T06:48:11.7313978Z","lastModifiedBy":"caiqing@microsoft.com","lastModifiedByType":"User","lastModifiedAt":"2022-07-27T06:48:11.7313978Z"}}'
    headers:
      azure-asyncoperation:
      - https://management.azure.com/subscriptions/00000000-0000-0000-0000-000000000000/resourceGroups/cli/providers/Microsoft.AppPlatform/locations/westus/operationStatus/cli-unittest/operationId/ab7bb1ff-067a-4c63-8eeb-e8abdd6f4182?api-version=2022-05-01-preview
      cache-control:
      - no-cache
      content-length:
      - '689'
      content-type:
      - application/json; charset=utf-8
      date:
      - Wed, 27 Jul 2022 06:48:12 GMT
      expires:
      - '-1'
      location:
      - https://management.azure.com/subscriptions/00000000-0000-0000-0000-000000000000/resourceGroups/cli/providers/Microsoft.AppPlatform/locations/westus/operationResults/ab7bb1ff-067a-4c63-8eeb-e8abdd6f4182/Spring/cli-unittest?api-version=2022-05-01-preview
      pragma:
      - no-cache
      request-context:
      - appId=cid-v1:797d7e4e-8180-497e-a254-780fbd39ba4d
      server:
      - nginx/1.17.7
      strict-transport-security:
      - max-age=31536000; includeSubDomains
      x-content-type-options:
      - nosniff
      x-ms-ratelimit-remaining-subscription-resource-requests:
      - '1199'
      x-rp-server-mvid:
      - c3b85add-8db6-4e84-b6a2-06adf3cd8acc
    status:
      code: 201
      message: Created
- request:
    body: null
    headers:
      Accept:
      - '*/*'
      Accept-Encoding:
      - gzip, deflate
      CommandName:
      - spring create
      Connection:
      - keep-alive
      ParameterSetName:
      - -n -g
      User-Agent:
      - AZURECLI/2.38.0 azsdk-python-mgmt-appplatform/6.1.0 Python/3.9.5 (Windows-10-10.0.22000-SP0)
    method: GET
    uri: https://management.azure.com/subscriptions/00000000-0000-0000-0000-000000000000/resourceGroups/cli/providers/Microsoft.AppPlatform/locations/westus/operationStatus/cli-unittest/operationId/ab7bb1ff-067a-4c63-8eeb-e8abdd6f4182?api-version=2022-05-01-preview
  response:
    body:
      string: '{"id":"subscriptions/6c933f90-8115-4392-90f2-7077c9fa5dbd/resourceGroups/cli/providers/Microsoft.AppPlatform/locations/westus/operationStatus/cli-unittest/operationId/ab7bb1ff-067a-4c63-8eeb-e8abdd6f4182","name":"ab7bb1ff-067a-4c63-8eeb-e8abdd6f4182","status":"Running","startTime":"2022-07-27T06:48:12.7796731Z"}'
    headers:
      cache-control:
      - no-cache
      content-length:
      - '313'
      content-type:
      - application/json; charset=utf-8
      date:
      - Wed, 27 Jul 2022 06:48:43 GMT
      expires:
      - '-1'
      pragma:
      - no-cache
      request-context:
      - appId=cid-v1:797d7e4e-8180-497e-a254-780fbd39ba4d
      server:
      - nginx/1.17.7
      strict-transport-security:
      - max-age=31536000; includeSubDomains
      transfer-encoding:
      - chunked
      vary:
      - Accept-Encoding,Accept-Encoding
      x-content-type-options:
      - nosniff
      x-rp-server-mvid:
      - c3b85add-8db6-4e84-b6a2-06adf3cd8acc
    status:
      code: 200
      message: OK
- request:
    body: null
    headers:
      Accept:
      - '*/*'
      Accept-Encoding:
      - gzip, deflate
      CommandName:
      - spring create
      Connection:
      - keep-alive
      ParameterSetName:
      - -n -g
      User-Agent:
      - AZURECLI/2.38.0 azsdk-python-mgmt-appplatform/6.1.0 Python/3.9.5 (Windows-10-10.0.22000-SP0)
    method: GET
    uri: https://management.azure.com/subscriptions/00000000-0000-0000-0000-000000000000/resourceGroups/cli/providers/Microsoft.AppPlatform/locations/westus/operationStatus/cli-unittest/operationId/ab7bb1ff-067a-4c63-8eeb-e8abdd6f4182?api-version=2022-05-01-preview
  response:
    body:
      string: '{"id":"subscriptions/6c933f90-8115-4392-90f2-7077c9fa5dbd/resourceGroups/cli/providers/Microsoft.AppPlatform/locations/westus/operationStatus/cli-unittest/operationId/ab7bb1ff-067a-4c63-8eeb-e8abdd6f4182","name":"ab7bb1ff-067a-4c63-8eeb-e8abdd6f4182","status":"Running","startTime":"2022-07-27T06:48:12.7796731Z"}'
    headers:
      cache-control:
      - no-cache
      content-length:
      - '313'
      content-type:
      - application/json; charset=utf-8
      date:
      - Wed, 27 Jul 2022 06:48:54 GMT
      expires:
      - '-1'
      pragma:
      - no-cache
      request-context:
      - appId=cid-v1:797d7e4e-8180-497e-a254-780fbd39ba4d
      server:
      - nginx/1.17.7
      strict-transport-security:
      - max-age=31536000; includeSubDomains
      transfer-encoding:
      - chunked
      vary:
      - Accept-Encoding,Accept-Encoding
      x-content-type-options:
      - nosniff
      x-rp-server-mvid:
      - c3b85add-8db6-4e84-b6a2-06adf3cd8acc
    status:
      code: 200
      message: OK
- request:
    body: null
    headers:
      Accept:
      - '*/*'
      Accept-Encoding:
      - gzip, deflate
      CommandName:
      - spring create
      Connection:
      - keep-alive
      ParameterSetName:
      - -n -g
      User-Agent:
      - AZURECLI/2.38.0 azsdk-python-mgmt-appplatform/6.1.0 Python/3.9.5 (Windows-10-10.0.22000-SP0)
    method: GET
    uri: https://management.azure.com/subscriptions/00000000-0000-0000-0000-000000000000/resourceGroups/cli/providers/Microsoft.AppPlatform/locations/westus/operationStatus/cli-unittest/operationId/ab7bb1ff-067a-4c63-8eeb-e8abdd6f4182?api-version=2022-05-01-preview
  response:
    body:
      string: '{"id":"subscriptions/6c933f90-8115-4392-90f2-7077c9fa5dbd/resourceGroups/cli/providers/Microsoft.AppPlatform/locations/westus/operationStatus/cli-unittest/operationId/ab7bb1ff-067a-4c63-8eeb-e8abdd6f4182","name":"ab7bb1ff-067a-4c63-8eeb-e8abdd6f4182","status":"Running","startTime":"2022-07-27T06:48:12.7796731Z"}'
    headers:
      cache-control:
      - no-cache
      content-length:
      - '313'
      content-type:
      - application/json; charset=utf-8
      date:
      - Wed, 27 Jul 2022 06:49:04 GMT
      expires:
      - '-1'
      pragma:
      - no-cache
      request-context:
      - appId=cid-v1:797d7e4e-8180-497e-a254-780fbd39ba4d
      server:
      - nginx/1.17.7
      strict-transport-security:
      - max-age=31536000; includeSubDomains
      transfer-encoding:
      - chunked
      vary:
      - Accept-Encoding,Accept-Encoding
      x-content-type-options:
      - nosniff
      x-rp-server-mvid:
      - c3b85add-8db6-4e84-b6a2-06adf3cd8acc
    status:
      code: 200
      message: OK
- request:
    body: null
    headers:
      Accept:
      - '*/*'
      Accept-Encoding:
      - gzip, deflate
      CommandName:
      - spring create
      Connection:
      - keep-alive
      ParameterSetName:
      - -n -g
      User-Agent:
      - AZURECLI/2.38.0 azsdk-python-mgmt-appplatform/6.1.0 Python/3.9.5 (Windows-10-10.0.22000-SP0)
    method: GET
    uri: https://management.azure.com/subscriptions/00000000-0000-0000-0000-000000000000/resourceGroups/cli/providers/Microsoft.AppPlatform/locations/westus/operationStatus/cli-unittest/operationId/ab7bb1ff-067a-4c63-8eeb-e8abdd6f4182?api-version=2022-05-01-preview
  response:
    body:
      string: '{"id":"subscriptions/6c933f90-8115-4392-90f2-7077c9fa5dbd/resourceGroups/cli/providers/Microsoft.AppPlatform/locations/westus/operationStatus/cli-unittest/operationId/ab7bb1ff-067a-4c63-8eeb-e8abdd6f4182","name":"ab7bb1ff-067a-4c63-8eeb-e8abdd6f4182","status":"Running","startTime":"2022-07-27T06:48:12.7796731Z"}'
    headers:
      cache-control:
      - no-cache
      content-length:
      - '313'
      content-type:
      - application/json; charset=utf-8
      date:
      - Wed, 27 Jul 2022 06:49:15 GMT
      expires:
      - '-1'
      pragma:
      - no-cache
      request-context:
      - appId=cid-v1:797d7e4e-8180-497e-a254-780fbd39ba4d
      server:
      - nginx/1.17.7
      strict-transport-security:
      - max-age=31536000; includeSubDomains
      transfer-encoding:
      - chunked
      vary:
      - Accept-Encoding,Accept-Encoding
      x-content-type-options:
      - nosniff
      x-rp-server-mvid:
      - c3b85add-8db6-4e84-b6a2-06adf3cd8acc
    status:
      code: 200
      message: OK
- request:
    body: null
    headers:
      Accept:
      - '*/*'
      Accept-Encoding:
      - gzip, deflate
      CommandName:
      - spring create
      Connection:
      - keep-alive
      ParameterSetName:
      - -n -g
      User-Agent:
      - AZURECLI/2.38.0 azsdk-python-mgmt-appplatform/6.1.0 Python/3.9.5 (Windows-10-10.0.22000-SP0)
    method: GET
    uri: https://management.azure.com/subscriptions/00000000-0000-0000-0000-000000000000/resourceGroups/cli/providers/Microsoft.AppPlatform/locations/westus/operationStatus/cli-unittest/operationId/ab7bb1ff-067a-4c63-8eeb-e8abdd6f4182?api-version=2022-05-01-preview
  response:
    body:
      string: '{"id":"subscriptions/6c933f90-8115-4392-90f2-7077c9fa5dbd/resourceGroups/cli/providers/Microsoft.AppPlatform/locations/westus/operationStatus/cli-unittest/operationId/ab7bb1ff-067a-4c63-8eeb-e8abdd6f4182","name":"ab7bb1ff-067a-4c63-8eeb-e8abdd6f4182","status":"Running","startTime":"2022-07-27T06:48:12.7796731Z"}'
    headers:
      cache-control:
      - no-cache
      content-length:
      - '313'
      content-type:
      - application/json; charset=utf-8
      date:
      - Wed, 27 Jul 2022 06:49:25 GMT
      expires:
      - '-1'
      pragma:
      - no-cache
      request-context:
      - appId=cid-v1:797d7e4e-8180-497e-a254-780fbd39ba4d
      server:
      - nginx/1.17.7
      strict-transport-security:
      - max-age=31536000; includeSubDomains
      transfer-encoding:
      - chunked
      vary:
      - Accept-Encoding,Accept-Encoding
      x-content-type-options:
      - nosniff
      x-rp-server-mvid:
      - c3b85add-8db6-4e84-b6a2-06adf3cd8acc
    status:
      code: 200
      message: OK
- request:
    body: null
    headers:
      Accept:
      - '*/*'
      Accept-Encoding:
      - gzip, deflate
      CommandName:
      - spring create
      Connection:
      - keep-alive
      ParameterSetName:
      - -n -g
      User-Agent:
      - AZURECLI/2.38.0 azsdk-python-mgmt-appplatform/6.1.0 Python/3.9.5 (Windows-10-10.0.22000-SP0)
    method: GET
    uri: https://management.azure.com/subscriptions/00000000-0000-0000-0000-000000000000/resourceGroups/cli/providers/Microsoft.AppPlatform/locations/westus/operationStatus/cli-unittest/operationId/ab7bb1ff-067a-4c63-8eeb-e8abdd6f4182?api-version=2022-05-01-preview
  response:
    body:
      string: '{"id":"subscriptions/6c933f90-8115-4392-90f2-7077c9fa5dbd/resourceGroups/cli/providers/Microsoft.AppPlatform/locations/westus/operationStatus/cli-unittest/operationId/ab7bb1ff-067a-4c63-8eeb-e8abdd6f4182","name":"ab7bb1ff-067a-4c63-8eeb-e8abdd6f4182","status":"Running","startTime":"2022-07-27T06:48:12.7796731Z"}'
    headers:
      cache-control:
      - no-cache
      content-length:
      - '313'
      content-type:
      - application/json; charset=utf-8
      date:
      - Wed, 27 Jul 2022 06:49:36 GMT
      expires:
      - '-1'
      pragma:
      - no-cache
      request-context:
      - appId=cid-v1:797d7e4e-8180-497e-a254-780fbd39ba4d
      server:
      - nginx/1.17.7
      strict-transport-security:
      - max-age=31536000; includeSubDomains
      transfer-encoding:
      - chunked
      vary:
      - Accept-Encoding,Accept-Encoding
      x-content-type-options:
      - nosniff
      x-rp-server-mvid:
      - c3b85add-8db6-4e84-b6a2-06adf3cd8acc
    status:
      code: 200
      message: OK
- request:
    body: null
    headers:
      Accept:
      - '*/*'
      Accept-Encoding:
      - gzip, deflate
      CommandName:
      - spring create
      Connection:
      - keep-alive
      ParameterSetName:
      - -n -g
      User-Agent:
      - AZURECLI/2.38.0 azsdk-python-mgmt-appplatform/6.1.0 Python/3.9.5 (Windows-10-10.0.22000-SP0)
    method: GET
    uri: https://management.azure.com/subscriptions/00000000-0000-0000-0000-000000000000/resourceGroups/cli/providers/Microsoft.AppPlatform/locations/westus/operationStatus/cli-unittest/operationId/ab7bb1ff-067a-4c63-8eeb-e8abdd6f4182?api-version=2022-05-01-preview
  response:
    body:
      string: '{"id":"subscriptions/6c933f90-8115-4392-90f2-7077c9fa5dbd/resourceGroups/cli/providers/Microsoft.AppPlatform/locations/westus/operationStatus/cli-unittest/operationId/ab7bb1ff-067a-4c63-8eeb-e8abdd6f4182","name":"ab7bb1ff-067a-4c63-8eeb-e8abdd6f4182","status":"Running","startTime":"2022-07-27T06:48:12.7796731Z"}'
    headers:
      cache-control:
      - no-cache
      content-length:
      - '313'
      content-type:
      - application/json; charset=utf-8
      date:
      - Wed, 27 Jul 2022 06:49:46 GMT
      expires:
      - '-1'
      pragma:
      - no-cache
      request-context:
      - appId=cid-v1:797d7e4e-8180-497e-a254-780fbd39ba4d
      server:
      - nginx/1.17.7
      strict-transport-security:
      - max-age=31536000; includeSubDomains
      transfer-encoding:
      - chunked
      vary:
      - Accept-Encoding,Accept-Encoding
      x-content-type-options:
      - nosniff
      x-rp-server-mvid:
      - c3b85add-8db6-4e84-b6a2-06adf3cd8acc
    status:
      code: 200
      message: OK
- request:
    body: null
    headers:
      Accept:
      - '*/*'
      Accept-Encoding:
      - gzip, deflate
      CommandName:
      - spring create
      Connection:
      - keep-alive
      ParameterSetName:
      - -n -g
      User-Agent:
      - AZURECLI/2.38.0 azsdk-python-mgmt-appplatform/6.1.0 Python/3.9.5 (Windows-10-10.0.22000-SP0)
    method: GET
    uri: https://management.azure.com/subscriptions/00000000-0000-0000-0000-000000000000/resourceGroups/cli/providers/Microsoft.AppPlatform/locations/westus/operationStatus/cli-unittest/operationId/ab7bb1ff-067a-4c63-8eeb-e8abdd6f4182?api-version=2022-05-01-preview
  response:
    body:
      string: '{"id":"subscriptions/6c933f90-8115-4392-90f2-7077c9fa5dbd/resourceGroups/cli/providers/Microsoft.AppPlatform/locations/westus/operationStatus/cli-unittest/operationId/ab7bb1ff-067a-4c63-8eeb-e8abdd6f4182","name":"ab7bb1ff-067a-4c63-8eeb-e8abdd6f4182","status":"Running","startTime":"2022-07-27T06:48:12.7796731Z"}'
    headers:
      cache-control:
      - no-cache
      content-length:
      - '313'
      content-type:
      - application/json; charset=utf-8
      date:
      - Wed, 27 Jul 2022 06:49:56 GMT
      expires:
      - '-1'
      pragma:
      - no-cache
      request-context:
      - appId=cid-v1:797d7e4e-8180-497e-a254-780fbd39ba4d
      server:
      - nginx/1.17.7
      strict-transport-security:
      - max-age=31536000; includeSubDomains
      transfer-encoding:
      - chunked
      vary:
      - Accept-Encoding,Accept-Encoding
      x-content-type-options:
      - nosniff
      x-rp-server-mvid:
      - c3b85add-8db6-4e84-b6a2-06adf3cd8acc
    status:
      code: 200
      message: OK
- request:
    body: null
    headers:
      Accept:
      - '*/*'
      Accept-Encoding:
      - gzip, deflate
      CommandName:
      - spring create
      Connection:
      - keep-alive
      ParameterSetName:
      - -n -g
      User-Agent:
      - AZURECLI/2.38.0 azsdk-python-mgmt-appplatform/6.1.0 Python/3.9.5 (Windows-10-10.0.22000-SP0)
    method: GET
    uri: https://management.azure.com/subscriptions/00000000-0000-0000-0000-000000000000/resourceGroups/cli/providers/Microsoft.AppPlatform/locations/westus/operationStatus/cli-unittest/operationId/ab7bb1ff-067a-4c63-8eeb-e8abdd6f4182?api-version=2022-05-01-preview
  response:
    body:
      string: '{"id":"subscriptions/6c933f90-8115-4392-90f2-7077c9fa5dbd/resourceGroups/cli/providers/Microsoft.AppPlatform/locations/westus/operationStatus/cli-unittest/operationId/ab7bb1ff-067a-4c63-8eeb-e8abdd6f4182","name":"ab7bb1ff-067a-4c63-8eeb-e8abdd6f4182","status":"Running","startTime":"2022-07-27T06:48:12.7796731Z"}'
    headers:
      cache-control:
      - no-cache
      content-length:
      - '313'
      content-type:
      - application/json; charset=utf-8
      date:
      - Wed, 27 Jul 2022 06:50:07 GMT
      expires:
      - '-1'
      pragma:
      - no-cache
      request-context:
      - appId=cid-v1:797d7e4e-8180-497e-a254-780fbd39ba4d
      server:
      - nginx/1.17.7
      strict-transport-security:
      - max-age=31536000; includeSubDomains
      transfer-encoding:
      - chunked
      vary:
      - Accept-Encoding,Accept-Encoding
      x-content-type-options:
      - nosniff
      x-rp-server-mvid:
      - c3b85add-8db6-4e84-b6a2-06adf3cd8acc
    status:
      code: 200
      message: OK
- request:
    body: null
    headers:
      Accept:
      - '*/*'
      Accept-Encoding:
      - gzip, deflate
      CommandName:
      - spring create
      Connection:
      - keep-alive
      ParameterSetName:
      - -n -g
      User-Agent:
      - AZURECLI/2.38.0 azsdk-python-mgmt-appplatform/6.1.0 Python/3.9.5 (Windows-10-10.0.22000-SP0)
    method: GET
    uri: https://management.azure.com/subscriptions/00000000-0000-0000-0000-000000000000/resourceGroups/cli/providers/Microsoft.AppPlatform/locations/westus/operationStatus/cli-unittest/operationId/ab7bb1ff-067a-4c63-8eeb-e8abdd6f4182?api-version=2022-05-01-preview
  response:
    body:
      string: '{"id":"subscriptions/6c933f90-8115-4392-90f2-7077c9fa5dbd/resourceGroups/cli/providers/Microsoft.AppPlatform/locations/westus/operationStatus/cli-unittest/operationId/ab7bb1ff-067a-4c63-8eeb-e8abdd6f4182","name":"ab7bb1ff-067a-4c63-8eeb-e8abdd6f4182","status":"Running","startTime":"2022-07-27T06:48:12.7796731Z"}'
    headers:
      cache-control:
      - no-cache
      content-length:
      - '313'
      content-type:
      - application/json; charset=utf-8
      date:
      - Wed, 27 Jul 2022 06:50:17 GMT
      expires:
      - '-1'
      pragma:
      - no-cache
      request-context:
      - appId=cid-v1:797d7e4e-8180-497e-a254-780fbd39ba4d
      server:
      - nginx/1.17.7
      strict-transport-security:
      - max-age=31536000; includeSubDomains
      transfer-encoding:
      - chunked
      vary:
      - Accept-Encoding,Accept-Encoding
      x-content-type-options:
      - nosniff
      x-rp-server-mvid:
      - c3b85add-8db6-4e84-b6a2-06adf3cd8acc
    status:
      code: 200
      message: OK
- request:
    body: null
    headers:
      Accept:
      - '*/*'
      Accept-Encoding:
      - gzip, deflate
      CommandName:
      - spring create
      Connection:
      - keep-alive
      ParameterSetName:
      - -n -g
      User-Agent:
      - AZURECLI/2.38.0 azsdk-python-mgmt-appplatform/6.1.0 Python/3.9.5 (Windows-10-10.0.22000-SP0)
    method: GET
    uri: https://management.azure.com/subscriptions/00000000-0000-0000-0000-000000000000/resourceGroups/cli/providers/Microsoft.AppPlatform/locations/westus/operationStatus/cli-unittest/operationId/ab7bb1ff-067a-4c63-8eeb-e8abdd6f4182?api-version=2022-05-01-preview
  response:
    body:
      string: '{"id":"subscriptions/6c933f90-8115-4392-90f2-7077c9fa5dbd/resourceGroups/cli/providers/Microsoft.AppPlatform/locations/westus/operationStatus/cli-unittest/operationId/ab7bb1ff-067a-4c63-8eeb-e8abdd6f4182","name":"ab7bb1ff-067a-4c63-8eeb-e8abdd6f4182","status":"Running","startTime":"2022-07-27T06:48:12.7796731Z"}'
    headers:
      cache-control:
      - no-cache
      content-length:
      - '313'
      content-type:
      - application/json; charset=utf-8
      date:
      - Wed, 27 Jul 2022 06:50:28 GMT
      expires:
      - '-1'
      pragma:
      - no-cache
      request-context:
      - appId=cid-v1:797d7e4e-8180-497e-a254-780fbd39ba4d
      server:
      - nginx/1.17.7
      strict-transport-security:
      - max-age=31536000; includeSubDomains
      transfer-encoding:
      - chunked
      vary:
      - Accept-Encoding,Accept-Encoding
      x-content-type-options:
      - nosniff
      x-rp-server-mvid:
      - c3b85add-8db6-4e84-b6a2-06adf3cd8acc
    status:
      code: 200
      message: OK
- request:
    body: null
    headers:
      Accept:
      - '*/*'
      Accept-Encoding:
      - gzip, deflate
      CommandName:
      - spring create
      Connection:
      - keep-alive
      ParameterSetName:
      - -n -g
      User-Agent:
      - AZURECLI/2.38.0 azsdk-python-mgmt-appplatform/6.1.0 Python/3.9.5 (Windows-10-10.0.22000-SP0)
    method: GET
    uri: https://management.azure.com/subscriptions/00000000-0000-0000-0000-000000000000/resourceGroups/cli/providers/Microsoft.AppPlatform/locations/westus/operationStatus/cli-unittest/operationId/ab7bb1ff-067a-4c63-8eeb-e8abdd6f4182?api-version=2022-05-01-preview
  response:
    body:
      string: '{"id":"subscriptions/6c933f90-8115-4392-90f2-7077c9fa5dbd/resourceGroups/cli/providers/Microsoft.AppPlatform/locations/westus/operationStatus/cli-unittest/operationId/ab7bb1ff-067a-4c63-8eeb-e8abdd6f4182","name":"ab7bb1ff-067a-4c63-8eeb-e8abdd6f4182","status":"Running","startTime":"2022-07-27T06:48:12.7796731Z"}'
    headers:
      cache-control:
      - no-cache
      content-length:
      - '313'
      content-type:
      - application/json; charset=utf-8
      date:
      - Wed, 27 Jul 2022 06:50:39 GMT
      expires:
      - '-1'
      pragma:
      - no-cache
      request-context:
      - appId=cid-v1:797d7e4e-8180-497e-a254-780fbd39ba4d
      server:
      - nginx/1.17.7
      strict-transport-security:
      - max-age=31536000; includeSubDomains
      transfer-encoding:
      - chunked
      vary:
      - Accept-Encoding,Accept-Encoding
      x-content-type-options:
      - nosniff
      x-rp-server-mvid:
      - c3b85add-8db6-4e84-b6a2-06adf3cd8acc
    status:
      code: 200
      message: OK
- request:
    body: null
    headers:
      Accept:
      - '*/*'
      Accept-Encoding:
      - gzip, deflate
      CommandName:
      - spring create
      Connection:
      - keep-alive
      ParameterSetName:
      - -n -g
      User-Agent:
      - AZURECLI/2.38.0 azsdk-python-mgmt-appplatform/6.1.0 Python/3.9.5 (Windows-10-10.0.22000-SP0)
    method: GET
    uri: https://management.azure.com/subscriptions/00000000-0000-0000-0000-000000000000/resourceGroups/cli/providers/Microsoft.AppPlatform/locations/westus/operationStatus/cli-unittest/operationId/ab7bb1ff-067a-4c63-8eeb-e8abdd6f4182?api-version=2022-05-01-preview
  response:
    body:
      string: '{"id":"subscriptions/6c933f90-8115-4392-90f2-7077c9fa5dbd/resourceGroups/cli/providers/Microsoft.AppPlatform/locations/westus/operationStatus/cli-unittest/operationId/ab7bb1ff-067a-4c63-8eeb-e8abdd6f4182","name":"ab7bb1ff-067a-4c63-8eeb-e8abdd6f4182","status":"Running","startTime":"2022-07-27T06:48:12.7796731Z"}'
    headers:
      cache-control:
      - no-cache
      content-length:
      - '313'
      content-type:
      - application/json; charset=utf-8
      date:
      - Wed, 27 Jul 2022 06:50:49 GMT
      expires:
      - '-1'
      pragma:
      - no-cache
      request-context:
      - appId=cid-v1:797d7e4e-8180-497e-a254-780fbd39ba4d
      server:
      - nginx/1.17.7
      strict-transport-security:
      - max-age=31536000; includeSubDomains
      transfer-encoding:
      - chunked
      vary:
      - Accept-Encoding,Accept-Encoding
      x-content-type-options:
      - nosniff
      x-rp-server-mvid:
      - c3b85add-8db6-4e84-b6a2-06adf3cd8acc
    status:
      code: 200
      message: OK
- request:
    body: null
    headers:
      Accept:
      - '*/*'
      Accept-Encoding:
      - gzip, deflate
      CommandName:
      - spring create
      Connection:
      - keep-alive
      ParameterSetName:
      - -n -g
      User-Agent:
      - AZURECLI/2.38.0 azsdk-python-mgmt-appplatform/6.1.0 Python/3.9.5 (Windows-10-10.0.22000-SP0)
    method: GET
    uri: https://management.azure.com/subscriptions/00000000-0000-0000-0000-000000000000/resourceGroups/cli/providers/Microsoft.AppPlatform/locations/westus/operationStatus/cli-unittest/operationId/ab7bb1ff-067a-4c63-8eeb-e8abdd6f4182?api-version=2022-05-01-preview
  response:
    body:
      string: '{"id":"subscriptions/6c933f90-8115-4392-90f2-7077c9fa5dbd/resourceGroups/cli/providers/Microsoft.AppPlatform/locations/westus/operationStatus/cli-unittest/operationId/ab7bb1ff-067a-4c63-8eeb-e8abdd6f4182","name":"ab7bb1ff-067a-4c63-8eeb-e8abdd6f4182","status":"Running","startTime":"2022-07-27T06:48:12.7796731Z"}'
    headers:
      cache-control:
      - no-cache
      content-length:
      - '313'
      content-type:
      - application/json; charset=utf-8
      date:
      - Wed, 27 Jul 2022 06:51:00 GMT
      expires:
      - '-1'
      pragma:
      - no-cache
      request-context:
      - appId=cid-v1:797d7e4e-8180-497e-a254-780fbd39ba4d
      server:
      - nginx/1.17.7
      strict-transport-security:
      - max-age=31536000; includeSubDomains
      transfer-encoding:
      - chunked
      vary:
      - Accept-Encoding,Accept-Encoding
      x-content-type-options:
      - nosniff
      x-rp-server-mvid:
      - c3b85add-8db6-4e84-b6a2-06adf3cd8acc
    status:
      code: 200
      message: OK
- request:
    body: null
    headers:
      Accept:
      - '*/*'
      Accept-Encoding:
      - gzip, deflate
      CommandName:
      - spring create
      Connection:
      - keep-alive
      ParameterSetName:
      - -n -g
      User-Agent:
      - AZURECLI/2.38.0 azsdk-python-mgmt-appplatform/6.1.0 Python/3.9.5 (Windows-10-10.0.22000-SP0)
    method: GET
    uri: https://management.azure.com/subscriptions/00000000-0000-0000-0000-000000000000/resourceGroups/cli/providers/Microsoft.AppPlatform/locations/westus/operationStatus/cli-unittest/operationId/ab7bb1ff-067a-4c63-8eeb-e8abdd6f4182?api-version=2022-05-01-preview
  response:
    body:
      string: '{"id":"subscriptions/6c933f90-8115-4392-90f2-7077c9fa5dbd/resourceGroups/cli/providers/Microsoft.AppPlatform/locations/westus/operationStatus/cli-unittest/operationId/ab7bb1ff-067a-4c63-8eeb-e8abdd6f4182","name":"ab7bb1ff-067a-4c63-8eeb-e8abdd6f4182","status":"Running","startTime":"2022-07-27T06:48:12.7796731Z"}'
    headers:
      cache-control:
      - no-cache
      content-length:
      - '313'
      content-type:
      - application/json; charset=utf-8
      date:
      - Wed, 27 Jul 2022 06:51:10 GMT
      expires:
      - '-1'
      pragma:
      - no-cache
      request-context:
      - appId=cid-v1:797d7e4e-8180-497e-a254-780fbd39ba4d
      server:
      - nginx/1.17.7
      strict-transport-security:
      - max-age=31536000; includeSubDomains
      transfer-encoding:
      - chunked
      vary:
      - Accept-Encoding,Accept-Encoding
      x-content-type-options:
      - nosniff
      x-rp-server-mvid:
      - c3b85add-8db6-4e84-b6a2-06adf3cd8acc
    status:
      code: 200
      message: OK
- request:
    body: null
    headers:
      Accept:
      - '*/*'
      Accept-Encoding:
      - gzip, deflate
      CommandName:
      - spring create
      Connection:
      - keep-alive
      ParameterSetName:
      - -n -g
      User-Agent:
      - AZURECLI/2.38.0 azsdk-python-mgmt-appplatform/6.1.0 Python/3.9.5 (Windows-10-10.0.22000-SP0)
    method: GET
    uri: https://management.azure.com/subscriptions/00000000-0000-0000-0000-000000000000/resourceGroups/cli/providers/Microsoft.AppPlatform/locations/westus/operationStatus/cli-unittest/operationId/ab7bb1ff-067a-4c63-8eeb-e8abdd6f4182?api-version=2022-05-01-preview
  response:
    body:
      string: '{"id":"subscriptions/6c933f90-8115-4392-90f2-7077c9fa5dbd/resourceGroups/cli/providers/Microsoft.AppPlatform/locations/westus/operationStatus/cli-unittest/operationId/ab7bb1ff-067a-4c63-8eeb-e8abdd6f4182","name":"ab7bb1ff-067a-4c63-8eeb-e8abdd6f4182","status":"Running","startTime":"2022-07-27T06:48:12.7796731Z"}'
    headers:
      cache-control:
      - no-cache
      content-length:
      - '313'
      content-type:
      - application/json; charset=utf-8
      date:
      - Wed, 27 Jul 2022 06:51:21 GMT
      expires:
      - '-1'
      pragma:
      - no-cache
      request-context:
      - appId=cid-v1:797d7e4e-8180-497e-a254-780fbd39ba4d
      server:
      - nginx/1.17.7
      strict-transport-security:
      - max-age=31536000; includeSubDomains
      transfer-encoding:
      - chunked
      vary:
      - Accept-Encoding,Accept-Encoding
      x-content-type-options:
      - nosniff
      x-rp-server-mvid:
      - c3b85add-8db6-4e84-b6a2-06adf3cd8acc
    status:
      code: 200
      message: OK
- request:
    body: null
    headers:
      Accept:
      - '*/*'
      Accept-Encoding:
      - gzip, deflate
      CommandName:
      - spring create
      Connection:
      - keep-alive
      ParameterSetName:
      - -n -g
      User-Agent:
      - AZURECLI/2.38.0 azsdk-python-mgmt-appplatform/6.1.0 Python/3.9.5 (Windows-10-10.0.22000-SP0)
    method: GET
    uri: https://management.azure.com/subscriptions/00000000-0000-0000-0000-000000000000/resourceGroups/cli/providers/Microsoft.AppPlatform/locations/westus/operationStatus/cli-unittest/operationId/ab7bb1ff-067a-4c63-8eeb-e8abdd6f4182?api-version=2022-05-01-preview
  response:
    body:
      string: '{"id":"subscriptions/6c933f90-8115-4392-90f2-7077c9fa5dbd/resourceGroups/cli/providers/Microsoft.AppPlatform/locations/westus/operationStatus/cli-unittest/operationId/ab7bb1ff-067a-4c63-8eeb-e8abdd6f4182","name":"ab7bb1ff-067a-4c63-8eeb-e8abdd6f4182","status":"Succeeded","startTime":"2022-07-27T06:48:12.7796731Z","endTime":"2022-07-27T06:51:26.7050555Z"}'
    headers:
      cache-control:
      - no-cache
      content-length:
      - '356'
      content-type:
      - application/json; charset=utf-8
      date:
      - Wed, 27 Jul 2022 06:51:31 GMT
      expires:
      - '-1'
      pragma:
      - no-cache
      request-context:
      - appId=cid-v1:797d7e4e-8180-497e-a254-780fbd39ba4d
      server:
      - nginx/1.17.7
      strict-transport-security:
      - max-age=31536000; includeSubDomains
      transfer-encoding:
      - chunked
      vary:
      - Accept-Encoding,Accept-Encoding
      x-content-type-options:
      - nosniff
      x-rp-server-mvid:
      - c3b85add-8db6-4e84-b6a2-06adf3cd8acc
    status:
      code: 200
      message: OK
- request:
    body: null
    headers:
      Accept:
      - '*/*'
      Accept-Encoding:
      - gzip, deflate
      CommandName:
      - spring create
      Connection:
      - keep-alive
      ParameterSetName:
      - -n -g
      User-Agent:
      - AZURECLI/2.38.0 azsdk-python-mgmt-appplatform/6.1.0 Python/3.9.5 (Windows-10-10.0.22000-SP0)
    method: GET
    uri: https://management.azure.com/subscriptions/00000000-0000-0000-0000-000000000000/resourceGroups/cli/providers/Microsoft.AppPlatform/Spring/cli-unittest?api-version=2022-05-01-preview
  response:
    body:
      string: '{"properties":{"provisioningState":"Succeeded","zoneRedundant":false,"version":3,"serviceId":"4953d760fa0e4fe2af0f8ef018540c83","networkProfile":{"outboundIPs":{"publicIPs":["20.237.216.142","20.237.216.146"]}},"powerState":"Running","fqdn":"cli-unittest.azuremicroservices.io"},"type":"Microsoft.AppPlatform/Spring","sku":{"name":"S0","tier":"Standard"},"location":"westus","tags":null,"id":"/subscriptions/00000000-0000-0000-0000-000000000000/resourceGroups/cli/providers/Microsoft.AppPlatform/Spring/cli-unittest","name":"cli-unittest","systemData":{"createdBy":"caiqing@microsoft.com","createdByType":"User","createdAt":"2022-07-27T06:48:11.7313978Z","lastModifiedBy":"caiqing@microsoft.com","lastModifiedByType":"User","lastModifiedAt":"2022-07-27T06:48:11.7313978Z"}}'
    headers:
      cache-control:
      - no-cache
      content-length:
      - '773'
      content-type:
      - application/json; charset=utf-8
      date:
      - Wed, 27 Jul 2022 06:51:32 GMT
      expires:
      - '-1'
      pragma:
      - no-cache
      request-context:
      - appId=cid-v1:797d7e4e-8180-497e-a254-780fbd39ba4d
      server:
      - nginx/1.17.7
      strict-transport-security:
      - max-age=31536000; includeSubDomains
      transfer-encoding:
      - chunked
      vary:
      - Accept-Encoding,Accept-Encoding
      x-content-type-options:
      - nosniff
      x-ms-ratelimit-remaining-subscription-resource-requests:
      - '11999'
      x-rp-server-mvid:
      - c3b85add-8db6-4e84-b6a2-06adf3cd8acc
    status:
      code: 200
      message: OK
- request:
    body: '{"location": "westus", "kind": "web", "properties": {"Application_Type":
      "web"}}'
    headers:
      Accept:
      - application/json
      Accept-Encoding:
      - gzip, deflate
      CommandName:
      - spring create
      Connection:
      - keep-alive
      Content-Length:
      - '80'
      Content-Type:
      - application/json
      ParameterSetName:
      - -n -g
      User-Agent:
      - AZURECLI/2.38.0 azsdk-python-azure-mgmt-applicationinsights/1.0.0 Python/3.9.5
        (Windows-10-10.0.22000-SP0)
    method: PUT
    uri: https://management.azure.com/subscriptions/00000000-0000-0000-0000-000000000000/resourceGroups/cli/providers/Microsoft.Insights/components/cli-unittest?api-version=2015-05-01
  response:
    body:
      string: "{\r\n  \"id\": \"/subscriptions/00000000-0000-0000-0000-000000000000/resourceGroups/cli/providers/microsoft.insights/components/cli-unittest\",\r\n
        \ \"name\": \"cli-unittest\",\r\n  \"type\": \"microsoft.insights/components\",\r\n
        \ \"location\": \"westus\",\r\n  \"tags\": {},\r\n  \"kind\": \"web\",\r\n
        \ \"etag\": \"\\\"5900b202-0000-0200-0000-62e0e07f0000\\\"\",\r\n  \"properties\":
        {\r\n    \"ApplicationId\": \"cli-unittest\",\r\n    \"AppId\": \"8bd0801b-2ca4-4027-bab5-0e32993118d2\",\r\n
        \   \"Application_Type\": \"web\",\r\n    \"Flow_Type\": null,\r\n    \"Request_Source\":
        null,\r\n    \"InstrumentationKey\": \"c3eadb35-9317-4061-a20f-7499329689dc\",\r\n
        \   \"ConnectionString\": \"InstrumentationKey=c3eadb35-9317-4061-a20f-7499329689dc;IngestionEndpoint=https://westus-0.in.applicationinsights.azure.com/;LiveEndpoint=https://westus.livediagnostics.monitor.azure.com/\",\r\n
        \   \"Name\": \"cli-unittest\",\r\n    \"CreationDate\": \"2022-07-27T06:51:42.9074646+00:00\",\r\n
        \   \"TenantId\": \"6c933f90-8115-4392-90f2-7077c9fa5dbd\",\r\n    \"provisioningState\":
        \"Succeeded\",\r\n    \"SamplingPercentage\": null,\r\n    \"RetentionInDays\":
        90,\r\n    \"IngestionMode\": \"ApplicationInsights\",\r\n    \"publicNetworkAccessForIngestion\":
        \"Enabled\",\r\n    \"publicNetworkAccessForQuery\": \"Enabled\",\r\n    \"Ver\":
        \"v2\"\r\n  }\r\n}"
    headers:
      access-control-expose-headers:
      - Request-Context
      cache-control:
      - no-cache
      content-length:
      - '1212'
      content-type:
      - application/json; charset=utf-8
      date:
      - Wed, 27 Jul 2022 06:51:44 GMT
      expires:
      - '-1'
      pragma:
      - no-cache
      request-context:
      - appId=cid-v1:7f83c1fe-8c94-4d55-9337-4ddc696f61ed
      server:
      - Microsoft-IIS/10.0
      strict-transport-security:
      - max-age=31536000; includeSubDomains
      transfer-encoding:
      - chunked
      vary:
      - Accept-Encoding
      x-content-type-options:
      - nosniff
      x-ms-ratelimit-remaining-subscription-writes:
      - '1199'
      x-powered-by:
      - ASP.NET
    status:
      code: 200
      message: OK
- request:
    body: '{"properties": {"traceEnabled": true, "appInsightsInstrumentationKey":
      "InstrumentationKey=c3eadb35-9317-4061-a20f-7499329689dc;IngestionEndpoint=https://westus-0.in.applicationinsights.azure.com/;LiveEndpoint=https://westus.livediagnostics.monitor.azure.com/"}}'
    headers:
      Accept:
      - application/json
      Accept-Encoding:
      - gzip, deflate
      CommandName:
      - spring create
      Connection:
      - keep-alive
      Content-Length:
      - '262'
      Content-Type:
      - application/json
      ParameterSetName:
      - -n -g
      User-Agent:
      - AZURECLI/2.38.0 azsdk-python-mgmt-appplatform/6.1.0 Python/3.9.5 (Windows-10-10.0.22000-SP0)
    method: PUT
    uri: https://management.azure.com/subscriptions/00000000-0000-0000-0000-000000000000/resourceGroups/cli/providers/Microsoft.AppPlatform/Spring/cli-unittest/monitoringSettings/default?api-version=2020-11-01-preview
  response:
    body:
      string: '{"properties":{"appInsightsSamplingRate":10.0,"appInsightsAgentVersions":{"java":"3.2.11"},"provisioningState":"Updating","traceEnabled":true,"appInsightsInstrumentationKey":"InstrumentationKey=c3eadb35-9317-4061-a20f-7499329689dc;IngestionEndpoint=https://westus-0.in.applicationinsights.azure.com/;LiveEndpoint=https://westus.livediagnostics.monitor.azure.com/"},"type":"Microsoft.AppPlatform/Spring/monitoringSettings","id":"/subscriptions/00000000-0000-0000-0000-000000000000/resourceGroups/cli/providers/Microsoft.AppPlatform/Spring/cli-unittest/monitoringSettings/default","name":"default"}'
    headers:
      azure-asyncoperation:
      - https://management.azure.com/subscriptions/00000000-0000-0000-0000-000000000000/resourceGroups/cli/providers/Microsoft.AppPlatform/locations/westus/operationStatus/cli-unittest/operationId/a6454c39-ebc0-4c8c-9531-1cea55ebeb98?api-version=2020-11-01-preview
      cache-control:
      - no-cache
      content-length:
      - '596'
      content-type:
      - application/json; charset=utf-8
      date:
      - Wed, 27 Jul 2022 06:51:47 GMT
      expires:
      - '-1'
      location:
      - https://management.azure.com/subscriptions/00000000-0000-0000-0000-000000000000/resourceGroups/cli/providers/Microsoft.AppPlatform/locations/westus/operationResults/a6454c39-ebc0-4c8c-9531-1cea55ebeb98/Spring/cli-unittest?api-version=2020-11-01-preview
      pragma:
      - no-cache
      request-context:
      - appId=cid-v1:797d7e4e-8180-497e-a254-780fbd39ba4d
      server:
      - nginx/1.17.7
      strict-transport-security:
      - max-age=31536000; includeSubDomains
      x-content-type-options:
      - nosniff
      x-ms-ratelimit-remaining-subscription-writes:
      - '1199'
      x-rp-server-mvid:
      - c3b85add-8db6-4e84-b6a2-06adf3cd8acc
    status:
      code: 202
      message: Accepted
- request:
    body: null
    headers:
      Accept:
      - application/json
      Accept-Encoding:
      - gzip, deflate
      CommandName:
      - spring app create
      Connection:
      - keep-alive
      ParameterSetName:
      - -s -g -n
      User-Agent:
      - AZURECLI/2.38.0 azsdk-python-mgmt-appplatform/6.1.0 Python/3.9.5 (Windows-10-10.0.22000-SP0)
    method: GET
    uri: https://management.azure.com/subscriptions/00000000-0000-0000-0000-000000000000/resourceGroups/cli/providers/Microsoft.AppPlatform/Spring/cli-unittest/apps/test-container?api-version=2022-05-01-preview
  response:
    body:
      string: '{"error":{"code":"NotFound","message":"App was not found","target":"/subscriptions/00000000-0000-0000-0000-000000000000/resourceGroups/cli/providers/Microsoft.AppPlatform/Spring/cli-unittest/apps/test-container","details":null}}'
    headers:
      cache-control:
      - no-cache
      content-length:
      - '228'
      content-type:
      - application/json; charset=utf-8
      date:
      - Wed, 27 Jul 2022 06:51:48 GMT
      expires:
      - '-1'
      pragma:
      - no-cache
      request-context:
      - appId=cid-v1:797d7e4e-8180-497e-a254-780fbd39ba4d
      server:
      - nginx/1.17.7
      strict-transport-security:
      - max-age=31536000; includeSubDomains
      x-content-type-options:
      - nosniff
      x-ms-ratelimit-remaining-subscription-resource-requests:
      - '11999'
      x-rp-server-mvid:
      - c3b85add-8db6-4e84-b6a2-06adf3cd8acc
    status:
      code: 404
      message: Not Found
- request:
    body: null
    headers:
      Accept:
      - application/json
      Accept-Encoding:
      - gzip, deflate
      CommandName:
      - spring app create
      Connection:
      - keep-alive
      ParameterSetName:
      - -s -g -n
      User-Agent:
      - AZURECLI/2.38.0 azsdk-python-mgmt-appplatform/6.1.0 Python/3.9.5 (Windows-10-10.0.22000-SP0)
    method: GET
    uri: https://management.azure.com/subscriptions/00000000-0000-0000-0000-000000000000/resourceGroups/cli/providers/Microsoft.AppPlatform/Spring/cli-unittest?api-version=2022-05-01-preview
  response:
    body:
      string: '{"properties":{"provisioningState":"Succeeded","zoneRedundant":false,"version":3,"serviceId":"4953d760fa0e4fe2af0f8ef018540c83","networkProfile":{"outboundIPs":{"publicIPs":["20.237.216.142","20.237.216.146"]}},"powerState":"Running","fqdn":"cli-unittest.azuremicroservices.io"},"type":"Microsoft.AppPlatform/Spring","sku":{"name":"S0","tier":"Standard"},"location":"westus","tags":null,"id":"/subscriptions/00000000-0000-0000-0000-000000000000/resourceGroups/cli/providers/Microsoft.AppPlatform/Spring/cli-unittest","name":"cli-unittest","systemData":{"createdBy":"caiqing@microsoft.com","createdByType":"User","createdAt":"2022-07-27T06:48:11.7313978Z","lastModifiedBy":"caiqing@microsoft.com","lastModifiedByType":"User","lastModifiedAt":"2022-07-27T06:51:46.2740705Z"}}'
    headers:
      cache-control:
      - no-cache
      content-length:
      - '773'
      content-type:
      - application/json; charset=utf-8
      date:
      - Wed, 27 Jul 2022 06:51:48 GMT
      expires:
      - '-1'
      pragma:
      - no-cache
      request-context:
      - appId=cid-v1:797d7e4e-8180-497e-a254-780fbd39ba4d
      server:
      - nginx/1.17.7
      strict-transport-security:
      - max-age=31536000; includeSubDomains
      transfer-encoding:
      - chunked
      vary:
      - Accept-Encoding,Accept-Encoding
      x-content-type-options:
      - nosniff
      x-ms-ratelimit-remaining-subscription-resource-requests:
      - '11991'
      x-rp-server-mvid:
      - c3b85add-8db6-4e84-b6a2-06adf3cd8acc
    status:
      code: 200
      message: OK
- request:
    body: '{"properties": {"public": false, "httpsOnly": false, "temporaryDisk": {"sizeInGB":
      5, "mountPath": "/tmp"}, "enableEndToEndTLS": false}}'
    headers:
      Accept:
      - application/json
      Accept-Encoding:
      - gzip, deflate
      CommandName:
      - spring app create
      Connection:
      - keep-alive
      Content-Length:
      - '136'
      Content-Type:
      - application/json
      ParameterSetName:
      - -s -g -n
      User-Agent:
      - AZURECLI/2.38.0 azsdk-python-mgmt-appplatform/6.1.0 Python/3.9.5 (Windows-10-10.0.22000-SP0)
    method: PUT
    uri: https://management.azure.com/subscriptions/00000000-0000-0000-0000-000000000000/resourceGroups/cli/providers/Microsoft.AppPlatform/Spring/cli-unittest/apps/test-container?api-version=2022-05-01-preview
  response:
    body:
      string: '{"properties":{"addonConfigs":{"applicationConfigurationService":{},"serviceRegistry":{}},"public":false,"provisioningState":"Creating","httpsOnly":false,"temporaryDisk":{"sizeInGB":5,"mountPath":"/tmp"},"enableEndToEndTLS":false},"type":"Microsoft.AppPlatform/Spring/apps","identity":null,"location":"westus","id":"/subscriptions/00000000-0000-0000-0000-000000000000/resourceGroups/cli/providers/Microsoft.AppPlatform/Spring/cli-unittest/apps/test-container","name":"test-container","systemData":{"createdBy":"caiqing@microsoft.com","createdByType":"User","createdAt":"2022-07-27T06:51:49.08653Z","lastModifiedBy":"caiqing@microsoft.com","lastModifiedByType":"User","lastModifiedAt":"2022-07-27T06:51:49.08653Z"}}'
    headers:
      azure-asyncoperation:
      - https://management.azure.com/subscriptions/00000000-0000-0000-0000-000000000000/resourceGroups/cli/providers/Microsoft.AppPlatform/locations/westus/operationStatus/test-container/operationId/30dacb7f-7071-4ec5-a53e-f11346be314c?api-version=2022-05-01-preview
      cache-control:
      - no-cache
      content-length:
      - '714'
      content-type:
      - application/json; charset=utf-8
      date:
      - Wed, 27 Jul 2022 06:51:49 GMT
      expires:
      - '-1'
      location:
      - https://management.azure.com/subscriptions/00000000-0000-0000-0000-000000000000/resourceGroups/cli/providers/Microsoft.AppPlatform/locations/westus/operationResults/30dacb7f-7071-4ec5-a53e-f11346be314c/Spring/test-container?api-version=2022-05-01-preview
      pragma:
      - no-cache
      request-context:
      - appId=cid-v1:797d7e4e-8180-497e-a254-780fbd39ba4d
      server:
      - nginx/1.17.7
      strict-transport-security:
      - max-age=31536000; includeSubDomains
      x-content-type-options:
      - nosniff
      x-ms-ratelimit-remaining-subscription-resource-requests:
      - '1199'
      x-rp-server-mvid:
      - c3b85add-8db6-4e84-b6a2-06adf3cd8acc
    status:
      code: 201
      message: Created
- request:
    body: null
    headers:
      Accept:
      - '*/*'
      Accept-Encoding:
      - gzip, deflate
      CommandName:
      - spring create
      Connection:
      - keep-alive
      ParameterSetName:
      - -n -g
      User-Agent:
      - AZURECLI/2.38.0 azsdk-python-mgmt-appplatform/6.1.0 Python/3.9.5 (Windows-10-10.0.22000-SP0)
    method: GET
    uri: https://management.azure.com/subscriptions/00000000-0000-0000-0000-000000000000/resourceGroups/cli/providers/Microsoft.AppPlatform/locations/westus/operationStatus/cli-unittest/operationId/a6454c39-ebc0-4c8c-9531-1cea55ebeb98?api-version=2020-11-01-preview
  response:
    body:
      string: '{"id":"subscriptions/6c933f90-8115-4392-90f2-7077c9fa5dbd/resourceGroups/cli/providers/Microsoft.AppPlatform/locations/westus/operationStatus/cli-unittest/operationId/a6454c39-ebc0-4c8c-9531-1cea55ebeb98","name":"a6454c39-ebc0-4c8c-9531-1cea55ebeb98","status":"Succeeded","startTime":"2022-07-27T06:51:47.2602247Z","endTime":"2022-07-27T06:51:54.838522Z"}'
    headers:
      cache-control:
      - no-cache
      content-length:
      - '355'
      content-type:
      - application/json; charset=utf-8
      date:
      - Wed, 27 Jul 2022 06:52:17 GMT
      expires:
      - '-1'
      pragma:
      - no-cache
      request-context:
      - appId=cid-v1:797d7e4e-8180-497e-a254-780fbd39ba4d
      server:
      - nginx/1.17.7
      strict-transport-security:
      - max-age=31536000; includeSubDomains
      transfer-encoding:
      - chunked
      vary:
      - Accept-Encoding,Accept-Encoding
      x-content-type-options:
      - nosniff
      x-rp-server-mvid:
      - c3b85add-8db6-4e84-b6a2-06adf3cd8acc
    status:
      code: 200
      message: OK
- request:
    body: null
    headers:
      Accept:
      - '*/*'
      Accept-Encoding:
      - gzip, deflate
      CommandName:
      - spring create
      Connection:
      - keep-alive
      ParameterSetName:
      - -n -g
      User-Agent:
      - AZURECLI/2.38.0 azsdk-python-mgmt-appplatform/6.1.0 Python/3.9.5 (Windows-10-10.0.22000-SP0)
    method: GET
    uri: https://management.azure.com/subscriptions/00000000-0000-0000-0000-000000000000/resourceGroups/cli/providers/Microsoft.AppPlatform/Spring/cli-unittest/monitoringSettings/default?api-version=2020-11-01-preview
  response:
    body:
      string: '{"properties":{"appInsightsSamplingRate":10.0,"appInsightsAgentVersions":{"java":"3.2.11"},"provisioningState":"Succeeded","traceEnabled":true,"appInsightsInstrumentationKey":"InstrumentationKey=c3eadb35-9317-4061-a20f-7499329689dc;IngestionEndpoint=https://westus-0.in.applicationinsights.azure.com/;LiveEndpoint=https://westus.livediagnostics.monitor.azure.com/"},"type":"Microsoft.AppPlatform/Spring/monitoringSettings","id":"/subscriptions/00000000-0000-0000-0000-000000000000/resourceGroups/cli/providers/Microsoft.AppPlatform/Spring/cli-unittest/monitoringSettings/default","name":"default"}'
    headers:
      cache-control:
      - no-cache
      content-length:
      - '597'
      content-type:
      - application/json; charset=utf-8
      date:
      - Wed, 27 Jul 2022 06:52:18 GMT
      expires:
      - '-1'
      pragma:
      - no-cache
      request-context:
      - appId=cid-v1:797d7e4e-8180-497e-a254-780fbd39ba4d
      server:
      - nginx/1.17.7
      strict-transport-security:
      - max-age=31536000; includeSubDomains
      transfer-encoding:
      - chunked
      vary:
      - Accept-Encoding,Accept-Encoding
      x-content-type-options:
      - nosniff
      x-rp-server-mvid:
      - c3b85add-8db6-4e84-b6a2-06adf3cd8acc
    status:
      code: 200
      message: OK
- request:
    body: null
    headers:
      Accept:
      - '*/*'
      Accept-Encoding:
      - gzip, deflate
      CommandName:
      - spring app create
      Connection:
      - keep-alive
      ParameterSetName:
      - -s -g -n
      User-Agent:
      - AZURECLI/2.38.0 azsdk-python-mgmt-appplatform/6.1.0 Python/3.9.5 (Windows-10-10.0.22000-SP0)
    method: GET
    uri: https://management.azure.com/subscriptions/00000000-0000-0000-0000-000000000000/resourceGroups/cli/providers/Microsoft.AppPlatform/locations/westus/operationStatus/test-container/operationId/30dacb7f-7071-4ec5-a53e-f11346be314c?api-version=2022-05-01-preview
  response:
    body:
      string: '{"id":"subscriptions/6c933f90-8115-4392-90f2-7077c9fa5dbd/resourceGroups/cli/providers/Microsoft.AppPlatform/locations/westus/operationStatus/test-container/operationId/30dacb7f-7071-4ec5-a53e-f11346be314c","name":"30dacb7f-7071-4ec5-a53e-f11346be314c","status":"Succeeded","startTime":"2022-07-27T06:51:49.5547234Z","endTime":"2022-07-27T06:51:55.8448844Z"}'
    headers:
      cache-control:
      - no-cache
      content-length:
      - '358'
      content-type:
      - application/json; charset=utf-8
      date:
      - Wed, 27 Jul 2022 06:52:19 GMT
      expires:
      - '-1'
      pragma:
      - no-cache
      request-context:
      - appId=cid-v1:797d7e4e-8180-497e-a254-780fbd39ba4d
      server:
      - nginx/1.17.7
      strict-transport-security:
      - max-age=31536000; includeSubDomains
      transfer-encoding:
      - chunked
      vary:
      - Accept-Encoding,Accept-Encoding
      x-content-type-options:
      - nosniff
      x-rp-server-mvid:
      - c3b85add-8db6-4e84-b6a2-06adf3cd8acc
    status:
      code: 200
      message: OK
- request:
    body: null
    headers:
      Accept:
      - '*/*'
      Accept-Encoding:
      - gzip, deflate
      CommandName:
      - spring app create
      Connection:
      - keep-alive
      ParameterSetName:
      - -s -g -n
      User-Agent:
      - AZURECLI/2.38.0 azsdk-python-mgmt-appplatform/6.1.0 Python/3.9.5 (Windows-10-10.0.22000-SP0)
    method: GET
    uri: https://management.azure.com/subscriptions/00000000-0000-0000-0000-000000000000/resourceGroups/cli/providers/Microsoft.AppPlatform/Spring/cli-unittest/apps/test-container?api-version=2022-05-01-preview
  response:
    body:
      string: '{"properties":{"addonConfigs":{"applicationConfigurationService":{},"serviceRegistry":{}},"public":false,"provisioningState":"Succeeded","fqdn":"cli-unittest.azuremicroservices.io","httpsOnly":false,"temporaryDisk":{"sizeInGB":5,"mountPath":"/tmp"},"persistentDisk":{"sizeInGB":0,"mountPath":"/persistent"},"enableEndToEndTLS":false},"type":"Microsoft.AppPlatform/Spring/apps","identity":null,"location":"westus","id":"/subscriptions/00000000-0000-0000-0000-000000000000/resourceGroups/cli/providers/Microsoft.AppPlatform/Spring/cli-unittest/apps/test-container","name":"test-container","systemData":{"createdBy":"caiqing@microsoft.com","createdByType":"User","createdAt":"2022-07-27T06:51:49.08653Z","lastModifiedBy":"caiqing@microsoft.com","lastModifiedByType":"User","lastModifiedAt":"2022-07-27T06:51:49.08653Z"}}'
    headers:
      cache-control:
      - no-cache
      content-length:
      - '817'
      content-type:
      - application/json; charset=utf-8
      date:
      - Wed, 27 Jul 2022 06:52:20 GMT
      expires:
      - '-1'
      pragma:
      - no-cache
      request-context:
      - appId=cid-v1:797d7e4e-8180-497e-a254-780fbd39ba4d
      server:
      - nginx/1.17.7
      strict-transport-security:
      - max-age=31536000; includeSubDomains
      transfer-encoding:
      - chunked
      vary:
      - Accept-Encoding,Accept-Encoding
      x-content-type-options:
      - nosniff
      x-ms-ratelimit-remaining-subscription-resource-requests:
      - '11998'
      x-rp-server-mvid:
      - c3b85add-8db6-4e84-b6a2-06adf3cd8acc
    status:
      code: 200
      message: OK
- request:
    body: '{"properties": {"source": {"type": "Jar", "relativePath": "<default>",
      "runtimeVersion": "Java_8"}, "deploymentSettings": {"resourceRequests": {"cpu":
      "1", "memory": "1Gi"}}, "active": true}, "sku": {"name": "S0", "tier": "Standard",
      "capacity": 1}}'
    headers:
      Accept:
      - application/json
      Accept-Encoding:
      - gzip, deflate
      CommandName:
      - spring app create
      Connection:
      - keep-alive
      Content-Length:
      - '249'
      Content-Type:
      - application/json
      ParameterSetName:
      - -s -g -n
      User-Agent:
      - AZURECLI/2.38.0 azsdk-python-mgmt-appplatform/6.1.0 Python/3.9.5 (Windows-10-10.0.22000-SP0)
    method: PUT
    uri: https://management.azure.com/subscriptions/00000000-0000-0000-0000-000000000000/resourceGroups/cli/providers/Microsoft.AppPlatform/Spring/cli-unittest/apps/test-container/deployments/mock-deployment?api-version=2022-05-01-preview
  response:
    body:
      string: '{"properties":{"deploymentSettings":{"resourceRequests":{"cpu":"1","memory":"1Gi"},"environmentVariables":null,"terminationGracePeriodSeconds":90},"provisioningState":"Creating","status":"Running","active":true,"instances":null,"source":{"type":"Jar","relativePath":"<default>","runtimeVersion":"Java_8"}},"type":"Microsoft.AppPlatform/Spring/apps/deployments","sku":{"name":"S0","tier":"Standard","capacity":1},"id":"/subscriptions/00000000-0000-0000-0000-000000000000/resourceGroups/cli/providers/Microsoft.AppPlatform/Spring/cli-unittest/apps/test-container/deployments/default","name":"default","systemData":{"createdBy":"caiqing@microsoft.com","createdByType":"User","createdAt":"2022-07-27T06:52:24.8835844Z","lastModifiedBy":"caiqing@microsoft.com","lastModifiedByType":"User","lastModifiedAt":"2022-07-27T06:52:24.8835844Z"}}'
    headers:
      azure-asyncoperation:
      - https://management.azure.com/subscriptions/00000000-0000-0000-0000-000000000000/resourceGroups/cli/providers/Microsoft.AppPlatform/locations/westus/operationStatus/default/operationId/39f456db-dcb1-4686-97ed-0eadbfdffba7?api-version=2022-05-01-preview
      cache-control:
      - no-cache
      content-length:
      - '833'
      content-type:
      - application/json; charset=utf-8
      date:
      - Wed, 27 Jul 2022 06:52:25 GMT
      expires:
      - '-1'
      location:
      - https://management.azure.com/subscriptions/00000000-0000-0000-0000-000000000000/resourceGroups/cli/providers/Microsoft.AppPlatform/locations/westus/operationResults/39f456db-dcb1-4686-97ed-0eadbfdffba7/Spring/default?api-version=2022-05-01-preview
      pragma:
      - no-cache
      request-context:
      - appId=cid-v1:797d7e4e-8180-497e-a254-780fbd39ba4d
      server:
      - nginx/1.17.7
      strict-transport-security:
      - max-age=31536000; includeSubDomains
      x-content-type-options:
      - nosniff
      x-ms-ratelimit-remaining-subscription-resource-requests:
      - '1199'
      x-rp-server-mvid:
      - c3b85add-8db6-4e84-b6a2-06adf3cd8acc
    status:
      code: 201
      message: Created
- request:
    body: '{"properties": {"public": false, "httpsOnly": false, "enableEndToEndTLS":
      false}}'
    headers:
      Accept:
      - application/json
      Accept-Encoding:
      - gzip, deflate
      CommandName:
      - spring app create
      Connection:
      - keep-alive
      Content-Length:
      - '81'
      Content-Type:
      - application/json
      ParameterSetName:
      - -s -g -n
      User-Agent:
      - AZURECLI/2.38.0 azsdk-python-mgmt-appplatform/6.1.0 Python/3.9.5 (Windows-10-10.0.22000-SP0)
    method: PATCH
    uri: https://management.azure.com/subscriptions/00000000-0000-0000-0000-000000000000/resourceGroups/cli/providers/Microsoft.AppPlatform/Spring/cli-unittest/apps/test-container?api-version=2022-05-01-preview
  response:
    body:
      string: '{"properties":{"addonConfigs":{"applicationConfigurationService":{},"serviceRegistry":{}},"public":false,"provisioningState":"Updating","fqdn":"cli-unittest.azuremicroservices.io","httpsOnly":false,"temporaryDisk":{"sizeInGB":5,"mountPath":"/tmp"},"persistentDisk":{"sizeInGB":0,"mountPath":"/persistent"},"enableEndToEndTLS":false},"type":"Microsoft.AppPlatform/Spring/apps","identity":null,"location":"westus","id":"/subscriptions/00000000-0000-0000-0000-000000000000/resourceGroups/cli/providers/Microsoft.AppPlatform/Spring/cli-unittest/apps/test-container","name":"test-container","systemData":{"createdBy":"caiqing@microsoft.com","createdByType":"User","createdAt":"2022-07-27T06:51:49.08653Z","lastModifiedBy":"caiqing@microsoft.com","lastModifiedByType":"User","lastModifiedAt":"2022-07-27T06:52:26.1492126Z"}}'
    headers:
      azure-asyncoperation:
      - https://management.azure.com/subscriptions/00000000-0000-0000-0000-000000000000/resourceGroups/cli/providers/Microsoft.AppPlatform/locations/westus/operationStatus/test-container/operationId/5808e9ea-2d9d-410c-9cbc-c30bcbc3c536?api-version=2022-05-01-preview
      cache-control:
      - no-cache
      content-length:
      - '818'
      content-type:
      - application/json; charset=utf-8
      date:
      - Wed, 27 Jul 2022 06:52:26 GMT
      expires:
      - '-1'
      location:
      - https://management.azure.com/subscriptions/00000000-0000-0000-0000-000000000000/resourceGroups/cli/providers/Microsoft.AppPlatform/locations/westus/operationResults/5808e9ea-2d9d-410c-9cbc-c30bcbc3c536/Spring/test-container?api-version=2022-05-01-preview
      pragma:
      - no-cache
      request-context:
      - appId=cid-v1:797d7e4e-8180-497e-a254-780fbd39ba4d
      server:
      - nginx/1.17.7
      strict-transport-security:
      - max-age=31536000; includeSubDomains
      x-content-type-options:
      - nosniff
      x-ms-ratelimit-remaining-subscription-resource-requests:
      - '1198'
      x-rp-server-mvid:
      - c3b85add-8db6-4e84-b6a2-06adf3cd8acc
    status:
      code: 202
      message: Accepted
- request:
    body: null
    headers:
      Accept:
      - '*/*'
      Accept-Encoding:
      - gzip, deflate
      CommandName:
      - spring app create
      Connection:
      - keep-alive
      ParameterSetName:
      - -s -g -n
      User-Agent:
      - AZURECLI/2.38.0 azsdk-python-mgmt-appplatform/6.1.0 Python/3.9.5 (Windows-10-10.0.22000-SP0)
    method: GET
    uri: https://management.azure.com/subscriptions/00000000-0000-0000-0000-000000000000/resourceGroups/cli/providers/Microsoft.AppPlatform/locations/westus/operationStatus/default/operationId/39f456db-dcb1-4686-97ed-0eadbfdffba7?api-version=2022-05-01-preview
  response:
    body:
      string: '{"id":"subscriptions/6c933f90-8115-4392-90f2-7077c9fa5dbd/resourceGroups/cli/providers/Microsoft.AppPlatform/locations/westus/operationStatus/default/operationId/39f456db-dcb1-4686-97ed-0eadbfdffba7","name":"39f456db-dcb1-4686-97ed-0eadbfdffba7","status":"Running","startTime":"2022-07-27T06:52:25.7084881Z"}'
    headers:
      cache-control:
      - no-cache
      content-length:
      - '308'
      content-type:
      - application/json; charset=utf-8
      date:
      - Wed, 27 Jul 2022 06:52:55 GMT
      expires:
      - '-1'
      pragma:
      - no-cache
      request-context:
      - appId=cid-v1:797d7e4e-8180-497e-a254-780fbd39ba4d
      server:
      - nginx/1.17.7
      strict-transport-security:
      - max-age=31536000; includeSubDomains
      transfer-encoding:
      - chunked
      vary:
      - Accept-Encoding,Accept-Encoding
      x-content-type-options:
      - nosniff
      x-rp-server-mvid:
      - c3b85add-8db6-4e84-b6a2-06adf3cd8acc
    status:
      code: 200
      message: OK
- request:
    body: null
    headers:
      Accept:
      - '*/*'
      Accept-Encoding:
      - gzip, deflate
      CommandName:
      - spring app create
      Connection:
      - keep-alive
      ParameterSetName:
      - -s -g -n
      User-Agent:
      - AZURECLI/2.38.0 azsdk-python-mgmt-appplatform/6.1.0 Python/3.9.5 (Windows-10-10.0.22000-SP0)
    method: GET
    uri: https://management.azure.com/subscriptions/00000000-0000-0000-0000-000000000000/resourceGroups/cli/providers/Microsoft.AppPlatform/locations/westus/operationStatus/test-container/operationId/5808e9ea-2d9d-410c-9cbc-c30bcbc3c536?api-version=2022-05-01-preview
  response:
    body:
      string: '{"id":"subscriptions/6c933f90-8115-4392-90f2-7077c9fa5dbd/resourceGroups/cli/providers/Microsoft.AppPlatform/locations/westus/operationStatus/test-container/operationId/5808e9ea-2d9d-410c-9cbc-c30bcbc3c536","name":"5808e9ea-2d9d-410c-9cbc-c30bcbc3c536","status":"Succeeded","startTime":"2022-07-27T06:52:26.5576859Z","endTime":"2022-07-27T06:52:32.8251441Z"}'
    headers:
      cache-control:
      - no-cache
      content-length:
      - '358'
      content-type:
      - application/json; charset=utf-8
      date:
      - Wed, 27 Jul 2022 06:52:56 GMT
      expires:
      - '-1'
      pragma:
      - no-cache
      request-context:
      - appId=cid-v1:797d7e4e-8180-497e-a254-780fbd39ba4d
      server:
      - nginx/1.17.7
      strict-transport-security:
      - max-age=31536000; includeSubDomains
      transfer-encoding:
      - chunked
      vary:
      - Accept-Encoding,Accept-Encoding
      x-content-type-options:
      - nosniff
      x-rp-server-mvid:
      - c3b85add-8db6-4e84-b6a2-06adf3cd8acc
    status:
      code: 200
      message: OK
- request:
    body: null
    headers:
      Accept:
      - '*/*'
      Accept-Encoding:
      - gzip, deflate
      CommandName:
      - spring app create
      Connection:
      - keep-alive
      ParameterSetName:
      - -s -g -n
      User-Agent:
      - AZURECLI/2.38.0 azsdk-python-mgmt-appplatform/6.1.0 Python/3.9.5 (Windows-10-10.0.22000-SP0)
    method: GET
    uri: https://management.azure.com/subscriptions/00000000-0000-0000-0000-000000000000/resourceGroups/cli/providers/Microsoft.AppPlatform/Spring/cli-unittest/apps/test-container?api-version=2022-05-01-preview
  response:
    body:
      string: '{"properties":{"addonConfigs":{"applicationConfigurationService":{},"serviceRegistry":{}},"public":false,"provisioningState":"Succeeded","fqdn":"cli-unittest.azuremicroservices.io","httpsOnly":false,"temporaryDisk":{"sizeInGB":5,"mountPath":"/tmp"},"persistentDisk":{"sizeInGB":0,"mountPath":"/persistent"},"enableEndToEndTLS":false},"type":"Microsoft.AppPlatform/Spring/apps","identity":null,"location":"westus","id":"/subscriptions/00000000-0000-0000-0000-000000000000/resourceGroups/cli/providers/Microsoft.AppPlatform/Spring/cli-unittest/apps/test-container","name":"test-container","systemData":{"createdBy":"caiqing@microsoft.com","createdByType":"User","createdAt":"2022-07-27T06:51:49.08653Z","lastModifiedBy":"caiqing@microsoft.com","lastModifiedByType":"User","lastModifiedAt":"2022-07-27T06:52:26.1492126Z"}}'
    headers:
      cache-control:
      - no-cache
      content-length:
      - '819'
      content-type:
      - application/json; charset=utf-8
      date:
      - Wed, 27 Jul 2022 06:52:56 GMT
      expires:
      - '-1'
      pragma:
      - no-cache
      request-context:
      - appId=cid-v1:797d7e4e-8180-497e-a254-780fbd39ba4d
      server:
      - nginx/1.17.7
      strict-transport-security:
      - max-age=31536000; includeSubDomains
      transfer-encoding:
      - chunked
      vary:
      - Accept-Encoding,Accept-Encoding
      x-content-type-options:
      - nosniff
      x-ms-ratelimit-remaining-subscription-resource-requests:
      - '11997'
      x-rp-server-mvid:
      - c3b85add-8db6-4e84-b6a2-06adf3cd8acc
    status:
      code: 200
      message: OK
- request:
    body: null
    headers:
      Accept:
      - '*/*'
      Accept-Encoding:
      - gzip, deflate
      CommandName:
      - spring app create
      Connection:
      - keep-alive
      ParameterSetName:
      - -s -g -n
      User-Agent:
      - AZURECLI/2.38.0 azsdk-python-mgmt-appplatform/6.1.0 Python/3.9.5 (Windows-10-10.0.22000-SP0)
    method: GET
    uri: https://management.azure.com/subscriptions/00000000-0000-0000-0000-000000000000/resourceGroups/cli/providers/Microsoft.AppPlatform/locations/westus/operationStatus/default/operationId/39f456db-dcb1-4686-97ed-0eadbfdffba7?api-version=2022-05-01-preview
  response:
    body:
      string: '{"id":"subscriptions/6c933f90-8115-4392-90f2-7077c9fa5dbd/resourceGroups/cli/providers/Microsoft.AppPlatform/locations/westus/operationStatus/default/operationId/39f456db-dcb1-4686-97ed-0eadbfdffba7","name":"39f456db-dcb1-4686-97ed-0eadbfdffba7","status":"Running","startTime":"2022-07-27T06:52:25.7084881Z"}'
    headers:
      cache-control:
      - no-cache
      content-length:
      - '308'
      content-type:
      - application/json; charset=utf-8
      date:
      - Wed, 27 Jul 2022 06:53:05 GMT
      expires:
      - '-1'
      pragma:
      - no-cache
      request-context:
      - appId=cid-v1:797d7e4e-8180-497e-a254-780fbd39ba4d
      server:
      - nginx/1.17.7
      strict-transport-security:
      - max-age=31536000; includeSubDomains
      transfer-encoding:
      - chunked
      vary:
      - Accept-Encoding,Accept-Encoding
      x-content-type-options:
      - nosniff
      x-rp-server-mvid:
      - c3b85add-8db6-4e84-b6a2-06adf3cd8acc
    status:
      code: 200
      message: OK
- request:
    body: null
    headers:
      Accept:
      - '*/*'
      Accept-Encoding:
      - gzip, deflate
      CommandName:
      - spring app create
      Connection:
      - keep-alive
      ParameterSetName:
      - -s -g -n
      User-Agent:
      - AZURECLI/2.38.0 azsdk-python-mgmt-appplatform/6.1.0 Python/3.9.5 (Windows-10-10.0.22000-SP0)
    method: GET
    uri: https://management.azure.com/subscriptions/00000000-0000-0000-0000-000000000000/resourceGroups/cli/providers/Microsoft.AppPlatform/locations/westus/operationStatus/default/operationId/39f456db-dcb1-4686-97ed-0eadbfdffba7?api-version=2022-05-01-preview
  response:
    body:
      string: '{"id":"subscriptions/6c933f90-8115-4392-90f2-7077c9fa5dbd/resourceGroups/cli/providers/Microsoft.AppPlatform/locations/westus/operationStatus/default/operationId/39f456db-dcb1-4686-97ed-0eadbfdffba7","name":"39f456db-dcb1-4686-97ed-0eadbfdffba7","status":"Running","startTime":"2022-07-27T06:52:25.7084881Z"}'
    headers:
      cache-control:
      - no-cache
      content-length:
      - '308'
      content-type:
      - application/json; charset=utf-8
      date:
      - Wed, 27 Jul 2022 06:53:17 GMT
      expires:
      - '-1'
      pragma:
      - no-cache
      request-context:
      - appId=cid-v1:797d7e4e-8180-497e-a254-780fbd39ba4d
      server:
      - nginx/1.17.7
      strict-transport-security:
      - max-age=31536000; includeSubDomains
      transfer-encoding:
      - chunked
      vary:
      - Accept-Encoding,Accept-Encoding
      x-content-type-options:
      - nosniff
      x-rp-server-mvid:
      - c3b85add-8db6-4e84-b6a2-06adf3cd8acc
    status:
      code: 200
      message: OK
- request:
    body: null
    headers:
      Accept:
      - '*/*'
      Accept-Encoding:
      - gzip, deflate
      CommandName:
      - spring app create
      Connection:
      - keep-alive
      ParameterSetName:
      - -s -g -n
      User-Agent:
      - AZURECLI/2.38.0 azsdk-python-mgmt-appplatform/6.1.0 Python/3.9.5 (Windows-10-10.0.22000-SP0)
    method: GET
    uri: https://management.azure.com/subscriptions/00000000-0000-0000-0000-000000000000/resourceGroups/cli/providers/Microsoft.AppPlatform/locations/westus/operationStatus/default/operationId/39f456db-dcb1-4686-97ed-0eadbfdffba7?api-version=2022-05-01-preview
  response:
    body:
      string: '{"id":"subscriptions/6c933f90-8115-4392-90f2-7077c9fa5dbd/resourceGroups/cli/providers/Microsoft.AppPlatform/locations/westus/operationStatus/default/operationId/39f456db-dcb1-4686-97ed-0eadbfdffba7","name":"39f456db-dcb1-4686-97ed-0eadbfdffba7","status":"Succeeded","startTime":"2022-07-27T06:52:25.7084881Z","endTime":"2022-07-27T06:53:25.8030525Z"}'
    headers:
      cache-control:
      - no-cache
      content-length:
      - '351'
      content-type:
      - application/json; charset=utf-8
      date:
      - Wed, 27 Jul 2022 06:53:27 GMT
      expires:
      - '-1'
      pragma:
      - no-cache
      request-context:
      - appId=cid-v1:797d7e4e-8180-497e-a254-780fbd39ba4d
      server:
      - nginx/1.17.7
      strict-transport-security:
      - max-age=31536000; includeSubDomains
      transfer-encoding:
      - chunked
      vary:
      - Accept-Encoding,Accept-Encoding
      x-content-type-options:
      - nosniff
      x-rp-server-mvid:
      - c3b85add-8db6-4e84-b6a2-06adf3cd8acc
    status:
      code: 200
      message: OK
- request:
    body: null
    headers:
      Accept:
      - '*/*'
      Accept-Encoding:
      - gzip, deflate
      CommandName:
      - spring app create
      Connection:
      - keep-alive
      ParameterSetName:
      - -s -g -n
      User-Agent:
      - AZURECLI/2.38.0 azsdk-python-mgmt-appplatform/6.1.0 Python/3.9.5 (Windows-10-10.0.22000-SP0)
    method: GET
    uri: https://management.azure.com/subscriptions/00000000-0000-0000-0000-000000000000/resourceGroups/cli/providers/Microsoft.AppPlatform/Spring/cli-unittest/apps/test-container/deployments/mock-deployment?api-version=2022-05-01-preview
  response:
    body:
      string: '{"properties":{"deploymentSettings":{"resourceRequests":{"cpu":"1","memory":"1Gi"},"environmentVariables":null,"terminationGracePeriodSeconds":90,"livenessProbe":{"disableProbe":false,"failureThreshold":24,"initialDelaySeconds":60,"periodSeconds":10,"successThreshold":1,"timeoutSeconds":1,"probeAction":{"type":"TCPSocketAction"}},"readinessProbe":{"disableProbe":false,"failureThreshold":3,"initialDelaySeconds":0,"periodSeconds":10,"successThreshold":1,"timeoutSeconds":1,"probeAction":{"type":"TCPSocketAction"}}},"provisioningState":"Succeeded","status":"Running","active":true,"instances":[{"name":"test-container-default-14-5dc44749f7-vjh6t","status":"Running","discoveryStatus":"UNREGISTERED","startTime":"2022-07-27T06:52:30Z"}],"source":{"type":"Jar","relativePath":"<default>","runtimeVersion":"Java_8"}},"type":"Microsoft.AppPlatform/Spring/apps/deployments","sku":{"name":"S0","tier":"Standard","capacity":1},"id":"/subscriptions/00000000-0000-0000-0000-000000000000/resourceGroups/cli/providers/Microsoft.AppPlatform/Spring/cli-unittest/apps/test-container/deployments/default","name":"default","systemData":{"createdBy":"caiqing@microsoft.com","createdByType":"User","createdAt":"2022-07-27T06:52:24.8835844Z","lastModifiedBy":"caiqing@microsoft.com","lastModifiedByType":"User","lastModifiedAt":"2022-07-27T06:52:24.8835844Z"}}'
    headers:
      cache-control:
      - no-cache
      content-length:
      - '1343'
      content-type:
      - application/json; charset=utf-8
      date:
      - Wed, 27 Jul 2022 06:53:30 GMT
      expires:
      - '-1'
      pragma:
      - no-cache
      request-context:
      - appId=cid-v1:797d7e4e-8180-497e-a254-780fbd39ba4d
      server:
      - nginx/1.17.7
      strict-transport-security:
      - max-age=31536000; includeSubDomains
      transfer-encoding:
      - chunked
      vary:
      - Accept-Encoding,Accept-Encoding
      x-content-type-options:
      - nosniff
      x-ms-ratelimit-remaining-subscription-resource-requests:
      - '11999'
      x-rp-server-mvid:
      - c3b85add-8db6-4e84-b6a2-06adf3cd8acc
    status:
      code: 200
      message: OK
- request:
    body: null
    headers:
      Accept:
      - application/json
      Accept-Encoding:
      - gzip, deflate
      CommandName:
      - spring app create
      Connection:
      - keep-alive
      ParameterSetName:
      - -s -g -n
      User-Agent:
      - AZURECLI/2.38.0 azsdk-python-mgmt-appplatform/6.1.0 Python/3.9.5 (Windows-10-10.0.22000-SP0)
    method: GET
    uri: https://management.azure.com/subscriptions/00000000-0000-0000-0000-000000000000/resourceGroups/cli/providers/Microsoft.AppPlatform/Spring/cli-unittest/apps/test-container?api-version=2022-05-01-preview
  response:
    body:
      string: '{"properties":{"addonConfigs":{"applicationConfigurationService":{},"serviceRegistry":{}},"public":false,"provisioningState":"Succeeded","fqdn":"cli-unittest.azuremicroservices.io","httpsOnly":false,"temporaryDisk":{"sizeInGB":5,"mountPath":"/tmp"},"persistentDisk":{"sizeInGB":0,"mountPath":"/persistent"},"enableEndToEndTLS":false},"type":"Microsoft.AppPlatform/Spring/apps","identity":null,"location":"westus","id":"/subscriptions/00000000-0000-0000-0000-000000000000/resourceGroups/cli/providers/Microsoft.AppPlatform/Spring/cli-unittest/apps/test-container","name":"test-container","systemData":{"createdBy":"caiqing@microsoft.com","createdByType":"User","createdAt":"2022-07-27T06:51:49.08653Z","lastModifiedBy":"caiqing@microsoft.com","lastModifiedByType":"User","lastModifiedAt":"2022-07-27T06:52:26.1492126Z"}}'
    headers:
      cache-control:
      - no-cache
      content-length:
      - '819'
      content-type:
      - application/json; charset=utf-8
      date:
      - Wed, 27 Jul 2022 06:53:32 GMT
      expires:
      - '-1'
      pragma:
      - no-cache
      request-context:
      - appId=cid-v1:797d7e4e-8180-497e-a254-780fbd39ba4d
      server:
      - nginx/1.17.7
      strict-transport-security:
      - max-age=31536000; includeSubDomains
      transfer-encoding:
      - chunked
      vary:
      - Accept-Encoding,Accept-Encoding
      x-content-type-options:
      - nosniff
      x-ms-ratelimit-remaining-subscription-resource-requests:
      - '11996'
      x-rp-server-mvid:
      - c3b85add-8db6-4e84-b6a2-06adf3cd8acc
    status:
      code: 200
      message: OK
- request:
    body: null
    headers:
      Accept:
      - application/json
      Accept-Encoding:
      - gzip, deflate
      CommandName:
      - spring app create
      Connection:
      - keep-alive
      ParameterSetName:
      - -s -g -n
      User-Agent:
      - AZURECLI/2.38.0 azsdk-python-mgmt-appplatform/6.1.0 Python/3.9.5 (Windows-10-10.0.22000-SP0)
    method: GET
    uri: https://management.azure.com/subscriptions/00000000-0000-0000-0000-000000000000/resourceGroups/cli/providers/Microsoft.AppPlatform/Spring/cli-unittest/apps/test-container/deployments?api-version=2022-05-01-preview
  response:
    body:
      string: '{"value":[{"properties":{"deploymentSettings":{"resourceRequests":{"cpu":"1","memory":"1Gi"},"environmentVariables":null,"terminationGracePeriodSeconds":90,"livenessProbe":{"disableProbe":false,"failureThreshold":24,"initialDelaySeconds":60,"periodSeconds":10,"successThreshold":1,"timeoutSeconds":1,"probeAction":{"type":"TCPSocketAction"}},"readinessProbe":{"disableProbe":false,"failureThreshold":3,"initialDelaySeconds":0,"periodSeconds":10,"successThreshold":1,"timeoutSeconds":1,"probeAction":{"type":"TCPSocketAction"}}},"provisioningState":"Succeeded","status":"Running","active":true,"instances":[{"name":"test-container-default-14-5dc44749f7-vjh6t","status":"Running","discoveryStatus":"UNREGISTERED","startTime":"2022-07-27T06:52:30Z"}],"source":{"type":"Jar","relativePath":"<default>","runtimeVersion":"Java_8"}},"type":"Microsoft.AppPlatform/Spring/apps/deployments","sku":{"name":"S0","tier":"Standard","capacity":1},"id":"/subscriptions/00000000-0000-0000-0000-000000000000/resourceGroups/cli/providers/Microsoft.AppPlatform/Spring/cli-unittest/apps/test-container/deployments/default","name":"default","systemData":{"createdBy":"caiqing@microsoft.com","createdByType":"User","createdAt":"2022-07-27T06:52:24.8835844Z","lastModifiedBy":"caiqing@microsoft.com","lastModifiedByType":"User","lastModifiedAt":"2022-07-27T06:52:24.8835844Z"}}]}'
    headers:
      cache-control:
      - no-cache
      content-length:
      - '1355'
      content-type:
      - application/json; charset=utf-8
      date:
      - Wed, 27 Jul 2022 06:53:35 GMT
      expires:
      - '-1'
      pragma:
      - no-cache
      request-context:
      - appId=cid-v1:797d7e4e-8180-497e-a254-780fbd39ba4d
      server:
      - nginx/1.17.7
      strict-transport-security:
      - max-age=31536000; includeSubDomains
      transfer-encoding:
      - chunked
      vary:
      - Accept-Encoding,Accept-Encoding
      x-content-type-options:
      - nosniff
      x-ms-ratelimit-remaining-subscription-resource-requests:
      - '11998'
      x-rp-server-mvid:
      - c3b85add-8db6-4e84-b6a2-06adf3cd8acc
    status:
      code: 200
      message: OK
- request:
    body: null
    headers:
      Accept:
      - application/json
      Accept-Encoding:
      - gzip, deflate
      CommandName:
      - spring app deploy
      Connection:
      - keep-alive
      ParameterSetName:
      - -g -s -n --container-image
      User-Agent:
      - AZURECLI/2.38.0 azsdk-python-mgmt-appplatform/6.1.0 Python/3.9.5 (Windows-10-10.0.22000-SP0)
    method: GET
    uri: https://management.azure.com/subscriptions/00000000-0000-0000-0000-000000000000/resourceGroups/cli/providers/Microsoft.AppPlatform/Spring/cli-unittest/apps/test-container/deployments?api-version=2022-05-01-preview
  response:
    body:
      string: '{"value":[{"properties":{"deploymentSettings":{"resourceRequests":{"cpu":"1","memory":"1Gi"},"environmentVariables":null,"terminationGracePeriodSeconds":90,"livenessProbe":{"disableProbe":false,"failureThreshold":24,"initialDelaySeconds":60,"periodSeconds":10,"successThreshold":1,"timeoutSeconds":1,"probeAction":{"type":"TCPSocketAction"}},"readinessProbe":{"disableProbe":false,"failureThreshold":3,"initialDelaySeconds":0,"periodSeconds":10,"successThreshold":1,"timeoutSeconds":1,"probeAction":{"type":"TCPSocketAction"}}},"provisioningState":"Succeeded","status":"Running","active":true,"instances":[{"name":"test-container-default-14-5dc44749f7-vjh6t","status":"Running","discoveryStatus":"UNREGISTERED","startTime":"2022-07-27T06:52:30Z"}],"source":{"type":"Jar","relativePath":"<default>","runtimeVersion":"Java_8"}},"type":"Microsoft.AppPlatform/Spring/apps/deployments","sku":{"name":"S0","tier":"Standard","capacity":1},"id":"/subscriptions/00000000-0000-0000-0000-000000000000/resourceGroups/cli/providers/Microsoft.AppPlatform/Spring/cli-unittest/apps/test-container/deployments/default","name":"default","systemData":{"createdBy":"caiqing@microsoft.com","createdByType":"User","createdAt":"2022-07-27T06:52:24.8835844Z","lastModifiedBy":"caiqing@microsoft.com","lastModifiedByType":"User","lastModifiedAt":"2022-07-27T06:52:24.8835844Z"}}]}'
    headers:
      cache-control:
      - no-cache
      content-length:
      - '1355'
      content-type:
      - application/json; charset=utf-8
      date:
      - Wed, 27 Jul 2022 06:53:38 GMT
      expires:
      - '-1'
      pragma:
      - no-cache
      request-context:
      - appId=cid-v1:797d7e4e-8180-497e-a254-780fbd39ba4d
      server:
      - nginx/1.17.7
      strict-transport-security:
      - max-age=31536000; includeSubDomains
      transfer-encoding:
      - chunked
      vary:
      - Accept-Encoding,Accept-Encoding
      x-content-type-options:
      - nosniff
      x-ms-ratelimit-remaining-subscription-resource-requests:
      - '11999'
      x-rp-server-mvid:
      - c3b85add-8db6-4e84-b6a2-06adf3cd8acc
    status:
      code: 200
      message: OK
- request:
    body: '{"properties": {"source": {"type": "Container", "customContainer": {"server":
      "docker.io", "containerImage": "springio/gs-spring-boot-docker"}}, "deploymentSettings":
      {"resourceRequests": {"cpu": "1", "memory": "1Gi"}}}, "sku": {"name": "S0",
      "tier": "Standard", "capacity": 1}}'
    headers:
      Accept:
      - application/json
      Accept-Encoding:
      - gzip, deflate
      CommandName:
      - spring app deploy
      Connection:
      - keep-alive
      Content-Length:
      - '278'
      Content-Type:
      - application/json
      ParameterSetName:
      - -g -s -n --container-image
      User-Agent:
      - AZURECLI/2.38.0 azsdk-python-mgmt-appplatform/6.1.0 Python/3.9.5 (Windows-10-10.0.22000-SP0)
    method: PUT
    uri: https://management.azure.com/subscriptions/00000000-0000-0000-0000-000000000000/resourceGroups/cli/providers/Microsoft.AppPlatform/Spring/cli-unittest/apps/test-container/deployments/mock-deployment?api-version=2022-05-01-preview
  response:
    body:
      string: '{"properties":{"deploymentSettings":{"resourceRequests":{"cpu":"1","memory":"1Gi"},"environmentVariables":null,"terminationGracePeriodSeconds":90},"provisioningState":"Updating","status":"Running","active":true,"instances":null,"source":{"type":"Container","version":"","customContainer":{"containerImage":"springio/gs-spring-boot-docker","server":"docker.io"}}},"type":"Microsoft.AppPlatform/Spring/apps/deployments","sku":{"name":"S0","tier":"Standard","capacity":1},"id":"/subscriptions/00000000-0000-0000-0000-000000000000/resourceGroups/cli/providers/Microsoft.AppPlatform/Spring/cli-unittest/apps/test-container/deployments/default","name":"default","systemData":{"createdBy":"caiqing@microsoft.com","createdByType":"User","createdAt":"2022-07-27T06:52:24.8835844Z","lastModifiedBy":"caiqing@microsoft.com","lastModifiedByType":"User","lastModifiedAt":"2022-07-27T06:53:39.4414219Z"}}'
    headers:
      azure-asyncoperation:
      - https://management.azure.com/subscriptions/00000000-0000-0000-0000-000000000000/resourceGroups/cli/providers/Microsoft.AppPlatform/locations/westus/operationStatus/default/operationId/2ee75f42-1c2f-4a79-ac5c-f748a1c15c5f?api-version=2022-05-01-preview
      cache-control:
      - no-cache
      content-length:
      - '890'
      content-type:
      - application/json; charset=utf-8
      date:
      - Wed, 27 Jul 2022 06:53:40 GMT
      expires:
      - '-1'
      location:
      - https://management.azure.com/subscriptions/00000000-0000-0000-0000-000000000000/resourceGroups/cli/providers/Microsoft.AppPlatform/locations/westus/operationResults/2ee75f42-1c2f-4a79-ac5c-f748a1c15c5f/Spring/default?api-version=2022-05-01-preview
      pragma:
      - no-cache
      request-context:
      - appId=cid-v1:797d7e4e-8180-497e-a254-780fbd39ba4d
      server:
      - nginx/1.17.7
      strict-transport-security:
      - max-age=31536000; includeSubDomains
      x-content-type-options:
      - nosniff
      x-ms-ratelimit-remaining-subscription-resource-requests:
      - '1199'
      x-rp-server-mvid:
      - c3b85add-8db6-4e84-b6a2-06adf3cd8acc
    status:
      code: 202
      message: Accepted
- request:
    body: null
    headers:
      Accept:
      - '*/*'
      Accept-Encoding:
      - gzip, deflate
      CommandName:
      - spring app deploy
      Connection:
      - keep-alive
      ParameterSetName:
      - -g -s -n --container-image
      User-Agent:
      - AZURECLI/2.38.0 azsdk-python-mgmt-appplatform/6.1.0 Python/3.9.5 (Windows-10-10.0.22000-SP0)
    method: GET
    uri: https://management.azure.com/subscriptions/00000000-0000-0000-0000-000000000000/resourceGroups/cli/providers/Microsoft.AppPlatform/locations/westus/operationStatus/default/operationId/2ee75f42-1c2f-4a79-ac5c-f748a1c15c5f?api-version=2022-05-01-preview
  response:
    body:
      string: '{"id":"subscriptions/6c933f90-8115-4392-90f2-7077c9fa5dbd/resourceGroups/cli/providers/Microsoft.AppPlatform/locations/westus/operationStatus/default/operationId/2ee75f42-1c2f-4a79-ac5c-f748a1c15c5f","name":"2ee75f42-1c2f-4a79-ac5c-f748a1c15c5f","status":"Succeeded","startTime":"2022-07-27T06:53:40.8750916Z","endTime":"2022-07-27T06:54:09.3553122Z"}'
    headers:
      cache-control:
      - no-cache
      content-length:
      - '351'
      content-type:
      - application/json; charset=utf-8
      date:
      - Wed, 27 Jul 2022 06:54:10 GMT
      expires:
      - '-1'
      pragma:
      - no-cache
      request-context:
      - appId=cid-v1:797d7e4e-8180-497e-a254-780fbd39ba4d
      server:
      - nginx/1.17.7
      strict-transport-security:
      - max-age=31536000; includeSubDomains
      transfer-encoding:
      - chunked
      vary:
      - Accept-Encoding,Accept-Encoding
      x-content-type-options:
      - nosniff
      x-rp-server-mvid:
      - c3b85add-8db6-4e84-b6a2-06adf3cd8acc
    status:
      code: 200
      message: OK
- request:
    body: null
    headers:
      Accept:
      - '*/*'
      Accept-Encoding:
      - gzip, deflate
      CommandName:
      - spring app deploy
      Connection:
      - keep-alive
      ParameterSetName:
      - -g -s -n --container-image
      User-Agent:
      - AZURECLI/2.38.0 azsdk-python-mgmt-appplatform/6.1.0 Python/3.9.5 (Windows-10-10.0.22000-SP0)
    method: GET
    uri: https://management.azure.com/subscriptions/00000000-0000-0000-0000-000000000000/resourceGroups/cli/providers/Microsoft.AppPlatform/Spring/cli-unittest/apps/test-container/deployments/mock-deployment?api-version=2022-05-01-preview
  response:
    body:
      string: '{"properties":{"deploymentSettings":{"resourceRequests":{"cpu":"1","memory":"1Gi"},"environmentVariables":null,"terminationGracePeriodSeconds":90,"livenessProbe":{"disableProbe":false,"failureThreshold":24,"initialDelaySeconds":60,"periodSeconds":10,"successThreshold":1,"timeoutSeconds":1,"probeAction":{"type":"TCPSocketAction"}},"readinessProbe":{"disableProbe":false,"failureThreshold":3,"initialDelaySeconds":0,"periodSeconds":10,"successThreshold":1,"timeoutSeconds":1,"probeAction":{"type":"TCPSocketAction"}}},"provisioningState":"Succeeded","status":"Running","active":true,"instances":[{"name":"test-container-default-14-5d5988784c-9sh2s","status":"Running","discoveryStatus":"N/A","startTime":"2022-07-27T06:53:48Z"}],"source":{"type":"Container","version":"","customContainer":{"containerImage":"springio/gs-spring-boot-docker","server":"docker.io"}}},"type":"Microsoft.AppPlatform/Spring/apps/deployments","sku":{"name":"S0","tier":"Standard","capacity":1},"id":"/subscriptions/00000000-0000-0000-0000-000000000000/resourceGroups/cli/providers/Microsoft.AppPlatform/Spring/cli-unittest/apps/test-container/deployments/default","name":"default","systemData":{"createdBy":"caiqing@microsoft.com","createdByType":"User","createdAt":"2022-07-27T06:52:24.8835844Z","lastModifiedBy":"caiqing@microsoft.com","lastModifiedByType":"User","lastModifiedAt":"2022-07-27T06:53:39.4414219Z"}}'
    headers:
      cache-control:
      - no-cache
      content-length:
      - '1391'
      content-type:
      - application/json; charset=utf-8
      date:
      - Wed, 27 Jul 2022 06:54:13 GMT
      expires:
      - '-1'
      pragma:
      - no-cache
      request-context:
      - appId=cid-v1:797d7e4e-8180-497e-a254-780fbd39ba4d
      server:
      - nginx/1.17.7
      strict-transport-security:
      - max-age=31536000; includeSubDomains
      transfer-encoding:
      - chunked
      vary:
      - Accept-Encoding,Accept-Encoding
      x-content-type-options:
      - nosniff
      x-ms-ratelimit-remaining-subscription-resource-requests:
      - '11999'
      x-rp-server-mvid:
      - c3b85add-8db6-4e84-b6a2-06adf3cd8acc
    status:
      code: 200
      message: OK
- request:
    body: null
    headers:
      Accept:
      - application/json
      Accept-Encoding:
      - gzip, deflate
      CommandName:
      - spring app deploy
      Connection:
      - keep-alive
      ParameterSetName:
      - -g -s -n --container-image --container-command --container-args -c
      User-Agent:
      - AZURECLI/2.38.0 azsdk-python-mgmt-appplatform/6.1.0 Python/3.9.5 (Windows-10-10.0.22000-SP0)
    method: GET
    uri: https://management.azure.com/subscriptions/00000000-0000-0000-0000-000000000000/resourceGroups/cli/providers/Microsoft.AppPlatform/Spring/cli-unittest/apps/test-container/deployments?api-version=2022-05-01-preview
  response:
    body:
      string: '{"value":[{"properties":{"deploymentSettings":{"resourceRequests":{"cpu":"1","memory":"1Gi"},"environmentVariables":null,"terminationGracePeriodSeconds":90,"livenessProbe":{"disableProbe":false,"failureThreshold":24,"initialDelaySeconds":60,"periodSeconds":10,"successThreshold":1,"timeoutSeconds":1,"probeAction":{"type":"TCPSocketAction"}},"readinessProbe":{"disableProbe":false,"failureThreshold":3,"initialDelaySeconds":0,"periodSeconds":10,"successThreshold":1,"timeoutSeconds":1,"probeAction":{"type":"TCPSocketAction"}}},"provisioningState":"Succeeded","status":"Running","active":true,"instances":[{"name":"test-container-default-14-5d5988784c-9sh2s","status":"Running","discoveryStatus":"N/A","startTime":"2022-07-27T06:53:48Z"}],"source":{"type":"Container","version":"","customContainer":{"containerImage":"springio/gs-spring-boot-docker","server":"docker.io"}}},"type":"Microsoft.AppPlatform/Spring/apps/deployments","sku":{"name":"S0","tier":"Standard","capacity":1},"id":"/subscriptions/00000000-0000-0000-0000-000000000000/resourceGroups/cli/providers/Microsoft.AppPlatform/Spring/cli-unittest/apps/test-container/deployments/default","name":"default","systemData":{"createdBy":"caiqing@microsoft.com","createdByType":"User","createdAt":"2022-07-27T06:52:24.8835844Z","lastModifiedBy":"caiqing@microsoft.com","lastModifiedByType":"User","lastModifiedAt":"2022-07-27T06:53:39.4414219Z"}}]}'
    headers:
      cache-control:
      - no-cache
      content-length:
      - '1403'
      content-type:
      - application/json; charset=utf-8
      date:
      - Wed, 27 Jul 2022 06:54:18 GMT
      expires:
      - '-1'
      pragma:
      - no-cache
      request-context:
      - appId=cid-v1:797d7e4e-8180-497e-a254-780fbd39ba4d
      server:
      - nginx/1.17.7
      strict-transport-security:
      - max-age=31536000; includeSubDomains
      transfer-encoding:
      - chunked
      vary:
      - Accept-Encoding,Accept-Encoding
      x-content-type-options:
      - nosniff
      x-ms-ratelimit-remaining-subscription-resource-requests:
      - '11999'
      x-rp-server-mvid:
      - c3b85add-8db6-4e84-b6a2-06adf3cd8acc
    status:
      code: 200
      message: OK
- request:
    body: '{"properties": {"source": {"type": "Container", "customContainer": {"server":
      "docker.io", "containerImage": "springio/gs-spring-boot-docker", "command":
      ["java"], "args": ["-cp", "/app/resources:/app/classes:/app/libs/*", "hello.Application"]}},
      "deploymentSettings": {}}, "sku": {"name": "S0", "tier": "Standard"}}'
    headers:
      Accept:
      - application/json
      Accept-Encoding:
      - gzip, deflate
      CommandName:
      - spring app deploy
      Connection:
      - keep-alive
      Content-Length:
      - '316'
      Content-Type:
      - application/json
      ParameterSetName:
      - -g -s -n --container-image --container-command --container-args -c
      User-Agent:
      - AZURECLI/2.38.0 azsdk-python-mgmt-appplatform/6.1.0 Python/3.9.5 (Windows-10-10.0.22000-SP0)
    method: PATCH
    uri: https://management.azure.com/subscriptions/00000000-0000-0000-0000-000000000000/resourceGroups/cli/providers/Microsoft.AppPlatform/Spring/cli-unittest/apps/test-container/deployments/mock-deployment?api-version=2022-05-01-preview
  response:
    body:
      string: '{"properties":{"deploymentSettings":{"resourceRequests":{"cpu":"1","memory":"1Gi"},"environmentVariables":null,"terminationGracePeriodSeconds":90},"provisioningState":"Updating","status":"Running","active":true,"instances":null,"source":{"type":"Container","version":"","customContainer":{"containerImage":"springio/gs-spring-boot-docker","server":"docker.io","command":["java"],"args":["-cp","/app/resources:/app/classes:/app/libs/*","hello.Application"]}}},"type":"Microsoft.AppPlatform/Spring/apps/deployments","sku":{"name":"S0","tier":"Standard","capacity":1},"id":"/subscriptions/00000000-0000-0000-0000-000000000000/resourceGroups/cli/providers/Microsoft.AppPlatform/Spring/cli-unittest/apps/test-container/deployments/default","name":"default","systemData":{"createdBy":"caiqing@microsoft.com","createdByType":"User","createdAt":"2022-07-27T06:52:24.8835844Z","lastModifiedBy":"caiqing@microsoft.com","lastModifiedByType":"User","lastModifiedAt":"2022-07-27T06:54:19.5964359Z"}}'
    headers:
      azure-asyncoperation:
      - https://management.azure.com/subscriptions/00000000-0000-0000-0000-000000000000/resourceGroups/cli/providers/Microsoft.AppPlatform/locations/westus/operationStatus/default/operationId/9d22c785-ffbd-44e0-9ae2-4eb3e370c311?api-version=2022-05-01-preview
      cache-control:
      - no-cache
      content-length:
      - '986'
      content-type:
      - application/json; charset=utf-8
      date:
      - Wed, 27 Jul 2022 06:54:20 GMT
      expires:
      - '-1'
      location:
      - https://management.azure.com/subscriptions/00000000-0000-0000-0000-000000000000/resourceGroups/cli/providers/Microsoft.AppPlatform/locations/westus/operationResults/9d22c785-ffbd-44e0-9ae2-4eb3e370c311/Spring/default?api-version=2022-05-01-preview
      pragma:
      - no-cache
      request-context:
      - appId=cid-v1:797d7e4e-8180-497e-a254-780fbd39ba4d
      server:
      - nginx/1.17.7
      strict-transport-security:
      - max-age=31536000; includeSubDomains
      x-content-type-options:
      - nosniff
      x-ms-ratelimit-remaining-subscription-resource-requests:
      - '1199'
      x-rp-server-mvid:
      - c3b85add-8db6-4e84-b6a2-06adf3cd8acc
    status:
      code: 202
      message: Accepted
- request:
    body: null
    headers:
      Accept:
      - '*/*'
      Accept-Encoding:
      - gzip, deflate
      CommandName:
      - spring app deploy
      Connection:
      - keep-alive
      ParameterSetName:
      - -g -s -n --container-image --container-command --container-args -c
      User-Agent:
      - AZURECLI/2.38.0 azsdk-python-mgmt-appplatform/6.1.0 Python/3.9.5 (Windows-10-10.0.22000-SP0)
    method: GET
    uri: https://management.azure.com/subscriptions/00000000-0000-0000-0000-000000000000/resourceGroups/cli/providers/Microsoft.AppPlatform/locations/westus/operationStatus/default/operationId/9d22c785-ffbd-44e0-9ae2-4eb3e370c311?api-version=2022-05-01-preview
  response:
    body:
      string: '{"id":"subscriptions/6c933f90-8115-4392-90f2-7077c9fa5dbd/resourceGroups/cli/providers/Microsoft.AppPlatform/locations/westus/operationStatus/default/operationId/9d22c785-ffbd-44e0-9ae2-4eb3e370c311","name":"9d22c785-ffbd-44e0-9ae2-4eb3e370c311","status":"Running","startTime":"2022-07-27T06:54:20.8754376Z"}'
    headers:
      cache-control:
      - no-cache
      content-length:
      - '308'
      content-type:
      - application/json; charset=utf-8
      date:
      - Wed, 27 Jul 2022 06:54:51 GMT
      expires:
      - '-1'
      pragma:
      - no-cache
      request-context:
      - appId=cid-v1:797d7e4e-8180-497e-a254-780fbd39ba4d
      server:
      - nginx/1.17.7
      strict-transport-security:
      - max-age=31536000; includeSubDomains
      transfer-encoding:
      - chunked
      vary:
      - Accept-Encoding,Accept-Encoding
      x-content-type-options:
      - nosniff
      x-rp-server-mvid:
      - c3b85add-8db6-4e84-b6a2-06adf3cd8acc
    status:
      code: 200
      message: OK
- request:
    body: null
    headers:
      Accept:
      - '*/*'
      Accept-Encoding:
      - gzip, deflate
      CommandName:
      - spring app deploy
      Connection:
      - keep-alive
      ParameterSetName:
      - -g -s -n --container-image --container-command --container-args -c
      User-Agent:
      - AZURECLI/2.38.0 azsdk-python-mgmt-appplatform/6.1.0 Python/3.9.5 (Windows-10-10.0.22000-SP0)
    method: GET
    uri: https://management.azure.com/subscriptions/00000000-0000-0000-0000-000000000000/resourceGroups/cli/providers/Microsoft.AppPlatform/locations/westus/operationStatus/default/operationId/9d22c785-ffbd-44e0-9ae2-4eb3e370c311?api-version=2022-05-01-preview
  response:
    body:
      string: '{"id":"subscriptions/6c933f90-8115-4392-90f2-7077c9fa5dbd/resourceGroups/cli/providers/Microsoft.AppPlatform/locations/westus/operationStatus/default/operationId/9d22c785-ffbd-44e0-9ae2-4eb3e370c311","name":"9d22c785-ffbd-44e0-9ae2-4eb3e370c311","status":"Succeeded","startTime":"2022-07-27T06:54:20.8754376Z","endTime":"2022-07-27T06:54:54.1375658Z"}'
    headers:
      cache-control:
      - no-cache
      content-length:
      - '351'
      content-type:
      - application/json; charset=utf-8
      date:
      - Wed, 27 Jul 2022 06:55:01 GMT
      expires:
      - '-1'
      pragma:
      - no-cache
      request-context:
      - appId=cid-v1:797d7e4e-8180-497e-a254-780fbd39ba4d
      server:
      - nginx/1.17.7
      strict-transport-security:
      - max-age=31536000; includeSubDomains
      transfer-encoding:
      - chunked
      vary:
      - Accept-Encoding,Accept-Encoding
      x-content-type-options:
      - nosniff
      x-rp-server-mvid:
      - c3b85add-8db6-4e84-b6a2-06adf3cd8acc
    status:
      code: 200
      message: OK
- request:
    body: null
    headers:
      Accept:
      - '*/*'
      Accept-Encoding:
      - gzip, deflate
      CommandName:
      - spring app deploy
      Connection:
      - keep-alive
      ParameterSetName:
      - -g -s -n --container-image --container-command --container-args -c
      User-Agent:
      - AZURECLI/2.38.0 azsdk-python-mgmt-appplatform/6.1.0 Python/3.9.5 (Windows-10-10.0.22000-SP0)
    method: GET
    uri: https://management.azure.com/subscriptions/00000000-0000-0000-0000-000000000000/resourceGroups/cli/providers/Microsoft.AppPlatform/Spring/cli-unittest/apps/test-container/deployments/mock-deployment?api-version=2022-05-01-preview
  response:
    body:
      string: '{"properties":{"deploymentSettings":{"resourceRequests":{"cpu":"1","memory":"1Gi"},"environmentVariables":null,"terminationGracePeriodSeconds":90,"livenessProbe":{"disableProbe":false,"failureThreshold":24,"initialDelaySeconds":60,"periodSeconds":10,"successThreshold":1,"timeoutSeconds":1,"probeAction":{"type":"TCPSocketAction"}},"readinessProbe":{"disableProbe":false,"failureThreshold":3,"initialDelaySeconds":0,"periodSeconds":10,"successThreshold":1,"timeoutSeconds":1,"probeAction":{"type":"TCPSocketAction"}}},"provisioningState":"Succeeded","status":"Running","active":true,"instances":[{"name":"test-container-default-14-646f48cf57-8dl4x","status":"Running","discoveryStatus":"N/A","startTime":"2022-07-27T06:54:33Z"}],"source":{"type":"Container","version":"","customContainer":{"containerImage":"springio/gs-spring-boot-docker","server":"docker.io","command":["java"],"args":["-cp","/app/resources:/app/classes:/app/libs/*","hello.Application"]}}},"type":"Microsoft.AppPlatform/Spring/apps/deployments","sku":{"name":"S0","tier":"Standard","capacity":1},"id":"/subscriptions/00000000-0000-0000-0000-000000000000/resourceGroups/cli/providers/Microsoft.AppPlatform/Spring/cli-unittest/apps/test-container/deployments/default","name":"default","systemData":{"createdBy":"caiqing@microsoft.com","createdByType":"User","createdAt":"2022-07-27T06:52:24.8835844Z","lastModifiedBy":"caiqing@microsoft.com","lastModifiedByType":"User","lastModifiedAt":"2022-07-27T06:54:19.5964359Z"}}'
    headers:
      cache-control:
      - no-cache
      content-length:
      - '1487'
      content-type:
      - application/json; charset=utf-8
      date:
      - Wed, 27 Jul 2022 06:55:04 GMT
      expires:
      - '-1'
      pragma:
      - no-cache
      request-context:
      - appId=cid-v1:797d7e4e-8180-497e-a254-780fbd39ba4d
      server:
      - nginx/1.17.7
      strict-transport-security:
      - max-age=31536000; includeSubDomains
      transfer-encoding:
      - chunked
      vary:
      - Accept-Encoding,Accept-Encoding
      x-content-type-options:
      - nosniff
      x-ms-ratelimit-remaining-subscription-resource-requests:
      - '11999'
      x-rp-server-mvid:
      - c3b85add-8db6-4e84-b6a2-06adf3cd8acc
    status:
      code: 200
      message: OK
- request:
    body: null
    headers:
      Accept:
      - application/json
      Accept-Encoding:
      - gzip, deflate
      CommandName:
      - spring app deployment create
      Connection:
      - keep-alive
      ParameterSetName:
      - -g -s --app -n --container-image
      User-Agent:
      - AZURECLI/2.38.0 azsdk-python-mgmt-appplatform/6.1.0 Python/3.9.5 (Windows-10-10.0.22000-SP0)
    method: GET
    uri: https://management.azure.com/subscriptions/00000000-0000-0000-0000-000000000000/resourceGroups/cli/providers/Microsoft.AppPlatform/Spring/cli-unittest/apps/test-container/deployments?api-version=2022-05-01-preview
  response:
    body:
      string: '{"value":[{"properties":{"deploymentSettings":{"resourceRequests":{"cpu":"1","memory":"1Gi"},"environmentVariables":null,"terminationGracePeriodSeconds":90,"livenessProbe":{"disableProbe":false,"failureThreshold":24,"initialDelaySeconds":60,"periodSeconds":10,"successThreshold":1,"timeoutSeconds":1,"probeAction":{"type":"TCPSocketAction"}},"readinessProbe":{"disableProbe":false,"failureThreshold":3,"initialDelaySeconds":0,"periodSeconds":10,"successThreshold":1,"timeoutSeconds":1,"probeAction":{"type":"TCPSocketAction"}}},"provisioningState":"Succeeded","status":"Running","active":true,"instances":[{"name":"test-container-default-14-646f48cf57-8dl4x","status":"Running","discoveryStatus":"N/A","startTime":"2022-07-27T06:54:33Z"}],"source":{"type":"Container","version":"","customContainer":{"containerImage":"springio/gs-spring-boot-docker","server":"docker.io","command":["java"],"args":["-cp","/app/resources:/app/classes:/app/libs/*","hello.Application"]}}},"type":"Microsoft.AppPlatform/Spring/apps/deployments","sku":{"name":"S0","tier":"Standard","capacity":1},"id":"/subscriptions/00000000-0000-0000-0000-000000000000/resourceGroups/cli/providers/Microsoft.AppPlatform/Spring/cli-unittest/apps/test-container/deployments/default","name":"default","systemData":{"createdBy":"caiqing@microsoft.com","createdByType":"User","createdAt":"2022-07-27T06:52:24.8835844Z","lastModifiedBy":"caiqing@microsoft.com","lastModifiedByType":"User","lastModifiedAt":"2022-07-27T06:54:19.5964359Z"}}]}'
    headers:
      cache-control:
      - no-cache
      content-length:
      - '1499'
      content-type:
      - application/json; charset=utf-8
      date:
      - Wed, 27 Jul 2022 06:55:09 GMT
      expires:
      - '-1'
      pragma:
      - no-cache
      request-context:
      - appId=cid-v1:797d7e4e-8180-497e-a254-780fbd39ba4d
      server:
      - nginx/1.17.7
      strict-transport-security:
      - max-age=31536000; includeSubDomains
      transfer-encoding:
      - chunked
      vary:
      - Accept-Encoding,Accept-Encoding
      x-content-type-options:
      - nosniff
      x-ms-ratelimit-remaining-subscription-resource-requests:
      - '11999'
      x-rp-server-mvid:
      - c3b85add-8db6-4e84-b6a2-06adf3cd8acc
    status:
      code: 200
      message: OK
- request:
    body: '{"properties": {"source": {"type": "Container", "customContainer": {"server":
      "docker.io", "containerImage": "springio/gs-spring-boot-docker"}}, "deploymentSettings":
      {"resourceRequests": {"cpu": "1", "memory": "1Gi"}}}, "sku": {"name": "S0",
      "tier": "Standard", "capacity": 1}}'
    headers:
      Accept:
      - application/json
      Accept-Encoding:
      - gzip, deflate
      CommandName:
      - spring app deployment create
      Connection:
      - keep-alive
      Content-Length:
      - '278'
      Content-Type:
      - application/json
      ParameterSetName:
      - -g -s --app -n --container-image
      User-Agent:
      - AZURECLI/2.38.0 azsdk-python-mgmt-appplatform/6.1.0 Python/3.9.5 (Windows-10-10.0.22000-SP0)
    method: PUT
    uri: https://management.azure.com/subscriptions/00000000-0000-0000-0000-000000000000/resourceGroups/cli/providers/Microsoft.AppPlatform/Spring/cli-unittest/apps/test-container/deployments/mock-deployment?api-version=2022-05-01-preview
  response:
    body:
      string: '{"properties":{"deploymentSettings":{"resourceRequests":{"cpu":"1","memory":"1Gi"},"environmentVariables":null,"terminationGracePeriodSeconds":90},"provisioningState":"Creating","status":"Running","active":false,"instances":null,"source":{"type":"Container","customContainer":{"containerImage":"springio/gs-spring-boot-docker","server":"docker.io"}}},"type":"Microsoft.AppPlatform/Spring/apps/deployments","sku":{"name":"S0","tier":"Standard","capacity":1},"id":"/subscriptions/00000000-0000-0000-0000-000000000000/resourceGroups/cli/providers/Microsoft.AppPlatform/Spring/cli-unittest/apps/test-container/deployments/green","name":"green","systemData":{"createdBy":"caiqing@microsoft.com","createdByType":"User","createdAt":"2022-07-27T06:55:09.8170764Z","lastModifiedBy":"caiqing@microsoft.com","lastModifiedByType":"User","lastModifiedAt":"2022-07-27T06:55:09.8170764Z"}}'
    headers:
      azure-asyncoperation:
      - https://management.azure.com/subscriptions/00000000-0000-0000-0000-000000000000/resourceGroups/cli/providers/Microsoft.AppPlatform/locations/westus/operationStatus/green/operationId/3c3465b1-60f1-4b89-a705-55319037adb5?api-version=2022-05-01-preview
      cache-control:
      - no-cache
      content-length:
      - '874'
      content-type:
      - application/json; charset=utf-8
      date:
      - Wed, 27 Jul 2022 06:55:10 GMT
      expires:
      - '-1'
      location:
      - https://management.azure.com/subscriptions/00000000-0000-0000-0000-000000000000/resourceGroups/cli/providers/Microsoft.AppPlatform/locations/westus/operationResults/3c3465b1-60f1-4b89-a705-55319037adb5/Spring/green?api-version=2022-05-01-preview
      pragma:
      - no-cache
      request-context:
      - appId=cid-v1:797d7e4e-8180-497e-a254-780fbd39ba4d
      server:
      - nginx/1.17.7
      strict-transport-security:
      - max-age=31536000; includeSubDomains
      x-content-type-options:
      - nosniff
      x-ms-ratelimit-remaining-subscription-resource-requests:
      - '1199'
      x-rp-server-mvid:
      - c3b85add-8db6-4e84-b6a2-06adf3cd8acc
    status:
      code: 201
      message: Created
- request:
    body: null
    headers:
      Accept:
      - '*/*'
      Accept-Encoding:
      - gzip, deflate
      CommandName:
      - spring app deployment create
      Connection:
      - keep-alive
      ParameterSetName:
      - -g -s --app -n --container-image
      User-Agent:
      - AZURECLI/2.38.0 azsdk-python-mgmt-appplatform/6.1.0 Python/3.9.5 (Windows-10-10.0.22000-SP0)
    method: GET
    uri: https://management.azure.com/subscriptions/00000000-0000-0000-0000-000000000000/resourceGroups/cli/providers/Microsoft.AppPlatform/locations/westus/operationStatus/green/operationId/3c3465b1-60f1-4b89-a705-55319037adb5?api-version=2022-05-01-preview
  response:
    body:
      string: '{"id":"subscriptions/6c933f90-8115-4392-90f2-7077c9fa5dbd/resourceGroups/cli/providers/Microsoft.AppPlatform/locations/westus/operationStatus/green/operationId/3c3465b1-60f1-4b89-a705-55319037adb5","name":"3c3465b1-60f1-4b89-a705-55319037adb5","status":"Succeeded","startTime":"2022-07-27T06:55:10.5449219Z","endTime":"2022-07-27T06:55:37.4729881Z"}'
    headers:
      cache-control:
      - no-cache
      content-length:
      - '349'
      content-type:
      - application/json; charset=utf-8
      date:
      - Wed, 27 Jul 2022 06:55:40 GMT
      expires:
      - '-1'
      pragma:
      - no-cache
      request-context:
      - appId=cid-v1:797d7e4e-8180-497e-a254-780fbd39ba4d
      server:
      - nginx/1.17.7
      strict-transport-security:
      - max-age=31536000; includeSubDomains
      transfer-encoding:
      - chunked
      vary:
      - Accept-Encoding,Accept-Encoding
      x-content-type-options:
      - nosniff
      x-rp-server-mvid:
      - c3b85add-8db6-4e84-b6a2-06adf3cd8acc
    status:
      code: 200
      message: OK
- request:
    body: null
    headers:
      Accept:
      - '*/*'
      Accept-Encoding:
      - gzip, deflate
      CommandName:
      - spring app deployment create
      Connection:
      - keep-alive
      ParameterSetName:
      - -g -s --app -n --container-image
      User-Agent:
      - AZURECLI/2.38.0 azsdk-python-mgmt-appplatform/6.1.0 Python/3.9.5 (Windows-10-10.0.22000-SP0)
    method: GET
    uri: https://management.azure.com/subscriptions/00000000-0000-0000-0000-000000000000/resourceGroups/cli/providers/Microsoft.AppPlatform/Spring/cli-unittest/apps/test-container/deployments/mock-deployment?api-version=2022-05-01-preview
  response:
    body:
      string: '{"properties":{"deploymentSettings":{"resourceRequests":{"cpu":"1","memory":"1Gi"},"environmentVariables":null,"terminationGracePeriodSeconds":90,"livenessProbe":{"disableProbe":false,"failureThreshold":24,"initialDelaySeconds":60,"periodSeconds":10,"successThreshold":1,"timeoutSeconds":1,"probeAction":{"type":"TCPSocketAction"}},"readinessProbe":{"disableProbe":false,"failureThreshold":3,"initialDelaySeconds":0,"periodSeconds":10,"successThreshold":1,"timeoutSeconds":1,"probeAction":{"type":"TCPSocketAction"}}},"provisioningState":"Succeeded","status":"Running","active":false,"instances":[{"name":"test-container-green-14-5454df6986-wgzfl","status":"Running","discoveryStatus":"N/A","startTime":"2022-07-27T06:55:22Z"}],"source":{"type":"Container","customContainer":{"containerImage":"springio/gs-spring-boot-docker","server":"docker.io"}}},"type":"Microsoft.AppPlatform/Spring/apps/deployments","sku":{"name":"S0","tier":"Standard","capacity":1},"id":"/subscriptions/00000000-0000-0000-0000-000000000000/resourceGroups/cli/providers/Microsoft.AppPlatform/Spring/cli-unittest/apps/test-container/deployments/green","name":"green","systemData":{"createdBy":"caiqing@microsoft.com","createdByType":"User","createdAt":"2022-07-27T06:55:09.8170764Z","lastModifiedBy":"caiqing@microsoft.com","lastModifiedByType":"User","lastModifiedAt":"2022-07-27T06:55:09.8170764Z"}}'
    headers:
      cache-control:
      - no-cache
      content-length:
      - '1373'
      content-type:
      - application/json; charset=utf-8
      date:
      - Wed, 27 Jul 2022 06:55:43 GMT
      expires:
      - '-1'
      pragma:
      - no-cache
      request-context:
      - appId=cid-v1:797d7e4e-8180-497e-a254-780fbd39ba4d
      server:
      - nginx/1.17.7
      strict-transport-security:
      - max-age=31536000; includeSubDomains
      transfer-encoding:
      - chunked
      vary:
      - Accept-Encoding,Accept-Encoding
      x-content-type-options:
      - nosniff
      x-ms-ratelimit-remaining-subscription-resource-requests:
      - '11998'
      x-rp-server-mvid:
      - c3b85add-8db6-4e84-b6a2-06adf3cd8acc
    status:
      code: 200
      message: OK
version: 1
