interactions:
- request:
    body: null
    headers:
      Accept:
      - application/json
      Accept-Encoding:
      - gzip, deflate
      CommandName:
      - spring app create
      Connection:
      - keep-alive
      ParameterSetName:
      - -n -g -s
      User-Agent:
      - AZURECLI/2.46.0 azsdk-python-mgmt-appplatform/6.1.0 Python/3.8.3 (Windows-10-10.0.22621-SP0)
    method: GET
    uri: https://management.azure.com/subscriptions/00000000-0000-0000-0000-000000000000/resourceGroups/cli/providers/Microsoft.AppPlatform/Spring/cli-unittest/apps/test-app-blue-green?api-version=2023-03-01-preview
  response:
    body:
      string: '{"error":{"code":"NotFound","message":"App was not found","target":"/subscriptions/00000000-0000-0000-0000-000000000000/resourceGroups/cli/providers/Microsoft.AppPlatform/Spring/cli-unittest/apps/test-app-blue-green","details":null}}'
    headers:
      cache-control:
      - no-cache
      content-length:
      - '233'
      content-type:
      - application/json; charset=utf-8
      date:
      - Wed, 29 Mar 2023 08:02:31 GMT
      expires:
      - '-1'
      pragma:
      - no-cache
      request-context:
      - appId=cid-v1:797d7e4e-8180-497e-a254-780fbd39ba4d
      strict-transport-security:
      - max-age=31536000; includeSubDomains
      x-content-type-options:
      - nosniff
      x-ms-ratelimit-remaining-subscription-resource-requests:
      - '11995'
      x-rp-server-mvid:
      - 2d8cffe0-ed19-4f32-b630-c96199e681e1
    status:
      code: 404
      message: Not Found
- request:
    body: null
    headers:
      Accept:
      - application/json
      Accept-Encoding:
      - gzip, deflate
      CommandName:
      - spring app create
      Connection:
      - keep-alive
      ParameterSetName:
      - -n -g -s
      User-Agent:
      - AZURECLI/2.46.0 azsdk-python-mgmt-appplatform/6.1.0 Python/3.8.3 (Windows-10-10.0.22621-SP0)
    method: GET
    uri: https://management.azure.com/subscriptions/00000000-0000-0000-0000-000000000000/resourceGroups/cli/providers/Microsoft.AppPlatform/Spring/cli-unittest?api-version=2023-03-01-preview
  response:
    body:
      string: '{"properties":{"provisioningState":"Succeeded","zoneRedundant":false,"version":3,"serviceId":"56e88126a961459ca367bb6223cf4a16","networkProfile":{"outboundIPs":{"publicIPs":["20.219.181.209","20.219.183.20"]},"outboundType":"loadBalancer"},"powerState":"Running","fqdn":"cli-unittest.azuremicroservices.io"},"type":"Microsoft.AppPlatform/Spring","sku":{"name":"S0","tier":"Standard"},"location":"centralindia","tags":{},"id":"/subscriptions/00000000-0000-0000-0000-000000000000/resourceGroups/cli/providers/Microsoft.AppPlatform/Spring/cli-unittest","name":"cli-unittest","systemData":{"createdBy":"pensh@microsoft.com","createdByType":"User","createdAt":"2023-03-23T02:52:58.6146926Z","lastModifiedBy":"pensh@microsoft.com","lastModifiedByType":"User","lastModifiedAt":"2023-03-23T02:57:49.439147Z"}}'
    headers:
      cache-control:
      - no-cache
      content-length:
      - '801'
      content-type:
      - application/json; charset=utf-8
      date:
      - Wed, 29 Mar 2023 08:02:31 GMT
      expires:
      - '-1'
      pragma:
      - no-cache
      request-context:
      - appId=cid-v1:797d7e4e-8180-497e-a254-780fbd39ba4d
      strict-transport-security:
      - max-age=31536000; includeSubDomains
      transfer-encoding:
      - chunked
      vary:
      - Accept-Encoding
      x-content-type-options:
      - nosniff
      x-ms-ratelimit-remaining-subscription-resource-requests:
      - '11998'
      x-rp-server-mvid:
      - 2d8cffe0-ed19-4f32-b630-c96199e681e1
    status:
      code: 200
      message: OK
- request:
    body: '{"properties": {"public": false, "httpsOnly": false, "temporaryDisk": {"sizeInGB":
      5, "mountPath": "/tmp"}, "enableEndToEndTLS": false}}'
    headers:
      Accept:
      - application/json
      Accept-Encoding:
      - gzip, deflate
      CommandName:
      - spring app create
      Connection:
      - keep-alive
      Content-Length:
      - '136'
      Content-Type:
      - application/json
      ParameterSetName:
      - -n -g -s
      User-Agent:
      - AZURECLI/2.46.0 azsdk-python-mgmt-appplatform/6.1.0 Python/3.8.3 (Windows-10-10.0.22621-SP0)
    method: PUT
    uri: https://management.azure.com/subscriptions/00000000-0000-0000-0000-000000000000/resourceGroups/cli/providers/Microsoft.AppPlatform/Spring/cli-unittest/apps/test-app-blue-green?api-version=2023-03-01-preview
  response:
    body:
      string: '{"properties":{"addonConfigs":{"applicationConfigurationService":{},"serviceRegistry":{}},"public":false,"provisioningState":"Creating","httpsOnly":false,"temporaryDisk":{"sizeInGB":5,"mountPath":"/tmp"},"enableEndToEndTLS":false,"ingressSettings":{"readTimeoutInSeconds":300,"sendTimeoutInSeconds":60,"sessionCookieMaxAge":0,"sessionAffinity":"None","backendProtocol":"Default"}},"type":"Microsoft.AppPlatform/Spring/apps","identity":null,"location":"centralindia","id":"/subscriptions/00000000-0000-0000-0000-000000000000/resourceGroups/cli/providers/Microsoft.AppPlatform/Spring/cli-unittest/apps/test-app-blue-green","name":"test-app-blue-green","systemData":{"createdBy":"qingyliu@microsoft.com","createdByType":"User","createdAt":"2023-03-29T08:02:32.6074823Z","lastModifiedBy":"qingyliu@microsoft.com","lastModifiedByType":"User","lastModifiedAt":"2023-03-29T08:02:32.6074823Z"}}'
    headers:
      azure-asyncoperation:
      - https://management.azure.com/subscriptions/00000000-0000-0000-0000-000000000000/resourceGroups/cli/providers/Microsoft.AppPlatform/locations/centralindia/operationStatus/test-app-blue-green/operationId/e3b97281-0ecb-424b-9ead-87c687344809?api-version=2023-03-01-preview
      cache-control:
      - no-cache
      content-length:
      - '886'
      content-type:
      - application/json; charset=utf-8
      date:
      - Wed, 29 Mar 2023 08:02:32 GMT
      expires:
      - '-1'
      location:
      - https://management.azure.com/subscriptions/00000000-0000-0000-0000-000000000000/resourceGroups/cli/providers/Microsoft.AppPlatform/locations/centralindia/operationResults/e3b97281-0ecb-424b-9ead-87c687344809/Spring/test-app-blue-green?api-version=2023-03-01-preview
      pragma:
      - no-cache
      request-context:
      - appId=cid-v1:797d7e4e-8180-497e-a254-780fbd39ba4d
      strict-transport-security:
      - max-age=31536000; includeSubDomains
      x-content-type-options:
      - nosniff
      x-ms-ratelimit-remaining-subscription-resource-requests:
      - '1197'
      x-rp-server-mvid:
      - 2d8cffe0-ed19-4f32-b630-c96199e681e1
    status:
      code: 201
      message: Created
- request:
    body: null
    headers:
      Accept:
      - '*/*'
      Accept-Encoding:
      - gzip, deflate
      CommandName:
      - spring app create
      Connection:
      - keep-alive
      ParameterSetName:
      - -n -g -s
      User-Agent:
      - AZURECLI/2.46.0 azsdk-python-mgmt-appplatform/6.1.0 Python/3.8.3 (Windows-10-10.0.22621-SP0)
    method: GET
    uri: https://management.azure.com/subscriptions/00000000-0000-0000-0000-000000000000/resourceGroups/cli/providers/Microsoft.AppPlatform/locations/centralindia/operationStatus/test-app-blue-green/operationId/e3b97281-0ecb-424b-9ead-87c687344809?api-version=2023-03-01-preview
  response:
    body:
      string: '{"id":"subscriptions/d51e3ffe-6b84-49cd-b426-0dc4ec660356/resourceGroups/cli/providers/Microsoft.AppPlatform/locations/centralindia/operationStatus/test-app-blue-green/operationId/d64a9b50-ba69-4b3d-adff-35930dca79be","name":"d64a9b50-ba69-4b3d-adff-35930dca79be","status":"Succeeded","startTime":"2023-03-29T08:02:33.3084497Z","endTime":"2023-03-29T08:02:39.9453052Z"}'
    headers:
      cache-control:
      - no-cache
      content-length:
      - '369'
      content-type:
      - application/json; charset=utf-8
      date:
      - Wed, 29 Mar 2023 08:03:03 GMT
      expires:
      - '-1'
      pragma:
      - no-cache
      request-context:
      - appId=cid-v1:797d7e4e-8180-497e-a254-780fbd39ba4d
      strict-transport-security:
      - max-age=31536000; includeSubDomains
      transfer-encoding:
      - chunked
      vary:
      - Accept-Encoding
      x-content-type-options:
      - nosniff
      x-rp-server-mvid:
      - 2d8cffe0-ed19-4f32-b630-c96199e681e1
    status:
      code: 200
      message: OK
- request:
    body: null
    headers:
      Accept:
      - '*/*'
      Accept-Encoding:
      - gzip, deflate
      CommandName:
      - spring app create
      Connection:
      - keep-alive
      ParameterSetName:
      - -n -g -s
      User-Agent:
      - AZURECLI/2.46.0 azsdk-python-mgmt-appplatform/6.1.0 Python/3.8.3 (Windows-10-10.0.22621-SP0)
    method: GET
    uri: https://management.azure.com/subscriptions/00000000-0000-0000-0000-000000000000/resourceGroups/cli/providers/Microsoft.AppPlatform/locations/centralindia/operationStatus/test-app-blue-green/operationId/e3b97281-0ecb-424b-9ead-87c687344809?api-version=2023-03-01-preview
  response:
    body:
      string: '{"properties":{"addonConfigs":{"applicationConfigurationService":{},"serviceRegistry":{}},"public":false,"provisioningState":"Succeeded","fqdn":"cli-unittest.azuremicroservices.io","httpsOnly":false,"temporaryDisk":{"sizeInGB":5,"mountPath":"/tmp"},"persistentDisk":{"sizeInGB":0,"mountPath":"/persistent"},"enableEndToEndTLS":false,"ingressSettings":{"readTimeoutInSeconds":300,"sendTimeoutInSeconds":60,"sessionCookieMaxAge":0,"sessionAffinity":"None","backendProtocol":"Default"}},"type":"Microsoft.AppPlatform/Spring/apps","identity":null,"location":"centralindia","id":"/subscriptions/00000000-0000-0000-0000-000000000000/resourceGroups/cli/providers/Microsoft.AppPlatform/Spring/cli-unittest/apps/test-app-blue-green","name":"test-app-blue-green","systemData":{"createdBy":"qingyliu@microsoft.com","createdByType":"User","createdAt":"2023-03-29T08:02:32.6074823Z","lastModifiedBy":"qingyliu@microsoft.com","lastModifiedByType":"User","lastModifiedAt":"2023-03-29T08:02:32.6074823Z"}}'
    headers:
      cache-control:
      - no-cache
      content-length:
      - '989'
      content-type:
      - application/json; charset=utf-8
      date:
      - Wed, 29 Mar 2023 08:03:04 GMT
      expires:
      - '-1'
      pragma:
      - no-cache
      request-context:
      - appId=cid-v1:797d7e4e-8180-497e-a254-780fbd39ba4d
      strict-transport-security:
      - max-age=31536000; includeSubDomains
      transfer-encoding:
      - chunked
      vary:
      - Accept-Encoding
      x-content-type-options:
      - nosniff
      x-rp-server-mvid:
      - 6dbdb235-5cc6-4623-8007-38694e14f2b5
    status:
      code: 200
      message: OK
- request:
    body: null
    headers:
      Accept:
      - '*/*'
      Accept-Encoding:
      - gzip, deflate
      CommandName:
      - spring app create
      Connection:
      - keep-alive
      ParameterSetName:
      - -n -g -s
      User-Agent:
      - AZURECLI/2.45.0 azsdk-python-mgmt-appplatform/6.1.0 Python/3.8.9 (Windows-10-10.0.22621-SP0)
    method: GET
    uri: https://management.azure.com/subscriptions/00000000-0000-0000-0000-000000000000/resourceGroups/cli/providers/Microsoft.AppPlatform/Spring/cli-unittest/apps/test-app-blue-green?api-version=2023-03-01-preview
  response:
    body:
      string: '{"properties":{"addonConfigs":{"applicationConfigurationService":{},"serviceRegistry":{}},"public":false,"provisioningState":"Succeeded","fqdn":"cli-unittest.azuremicroservices.io","httpsOnly":false,"temporaryDisk":{"sizeInGB":5,"mountPath":"/tmp"},"persistentDisk":{"sizeInGB":0,"mountPath":"/persistent"},"enableEndToEndTLS":false,"ingressSettings":{"readTimeoutInSeconds":300,"sendTimeoutInSeconds":60,"sessionCookieMaxAge":0,"sessionAffinity":"None","backendProtocol":"Default"}},"type":"Microsoft.AppPlatform/Spring/apps","identity":null,"location":"centralindia","id":"/subscriptions/00000000-0000-0000-0000-000000000000/resourceGroups/cli/providers/Microsoft.AppPlatform/Spring/cli-unittest/apps/test-app-blue-green","name":"test-app-blue-green","systemData":{"createdBy":"pensh@microsoft.com","createdByType":"User","createdAt":"2023-02-20T03:25:02.3669763Z","lastModifiedBy":"pensh@microsoft.com","lastModifiedByType":"User","lastModifiedAt":"2023-02-20T03:25:02.3669763Z"}}'
    headers:
      cache-control:
      - no-cache
      content-length:
      - '983'
      content-type:
      - application/json; charset=utf-8
      date:
      - Mon, 20 Feb 2023 03:25:13 GMT
      expires:
      - '-1'
      pragma:
      - no-cache
      request-context:
      - appId=cid-v1:797d7e4e-8180-497e-a254-780fbd39ba4d
      strict-transport-security:
      - max-age=31536000; includeSubDomains
      transfer-encoding:
      - chunked
      vary:
      - Accept-Encoding
      x-content-type-options:
      - nosniff
      x-ms-ratelimit-remaining-subscription-resource-requests:
      - '11994'
      x-rp-server-mvid:
      - 2d8cffe0-ed19-4f32-b630-c96199e681e1
    status:
      code: 200
      message: OK
- request:
    body: '{"properties": {"source": {"type": "Jar", "relativePath": "<default>",
      "runtimeVersion": "Java_11"}, "deploymentSettings": {"resourceRequests": {"cpu":
      "1", "memory": "1Gi"}, "scale": {"minReplicas": 1, "maxReplicas": 10}}, "active":
      true}, "sku": {"name": "S0", "tier": "Standard", "capacity": 1}}'
    headers:
      Accept:
      - application/json
      Accept-Encoding:
      - gzip, deflate
      CommandName:
      - spring app create
      Connection:
      - keep-alive
      Content-Length:
      - '298'
      Content-Type:
      - application/json
      ParameterSetName:
      - -n -g -s
      User-Agent:
      - AZURECLI/2.46.0 azsdk-python-mgmt-appplatform/6.1.0 Python/3.8.3 (Windows-10-10.0.22621-SP0)
    method: PUT
    uri: https://management.azure.com/subscriptions/00000000-0000-0000-0000-000000000000/resourceGroups/cli/providers/Microsoft.AppPlatform/Spring/cli-unittest/apps/test-app-blue-green/deployments/mock-deployment?api-version=2023-03-01-preview
  response:
    body:
      string: '{"properties":{"deploymentSettings":{"resourceRequests":{"cpu":"1","memory":"1Gi"},"environmentVariables":null,"terminationGracePeriodSeconds":90},"provisioningState":"Creating","status":"Running","active":true,"instances":null,"source":{"type":"Jar","relativePath":"<default>","runtimeVersion":"Java_11"}},"type":"Microsoft.AppPlatform/Spring/apps/deployments","sku":{"name":"S0","tier":"Standard","capacity":1},"id":"/subscriptions/00000000-0000-0000-0000-000000000000/resourceGroups/cli/providers/Microsoft.AppPlatform/Spring/cli-unittest/apps/test-app-blue-green/deployments/default","name":"default","systemData":{"createdBy":"qingyliu@microsoft.com","createdByType":"User","createdAt":"2023-03-29T08:03:08.7641911Z","lastModifiedBy":"qingyliu@microsoft.com","lastModifiedByType":"User","lastModifiedAt":"2023-03-29T08:03:08.7641911Z"}}'
    headers:
      azure-asyncoperation:
      - https://management.azure.com/subscriptions/00000000-0000-0000-0000-000000000000/resourceGroups/cli/providers/Microsoft.AppPlatform/locations/centralindia/operationStatus/default/operationId/2ce807b8-5c5b-4bc7-a66d-5895730ea2f4?api-version=2023-03-01-preview
      cache-control:
      - no-cache
      content-length:
      - '841'
      content-type:
      - application/json; charset=utf-8
      date:
      - Wed, 29 Mar 2023 08:03:09 GMT
      expires:
      - '-1'
      location:
      - https://management.azure.com/subscriptions/00000000-0000-0000-0000-000000000000/resourceGroups/cli/providers/Microsoft.AppPlatform/locations/centralindia/operationResults/2ce807b8-5c5b-4bc7-a66d-5895730ea2f4/Spring/default?api-version=2023-03-01-preview
      pragma:
      - no-cache
      request-context:
      - appId=cid-v1:797d7e4e-8180-497e-a254-780fbd39ba4d
      strict-transport-security:
      - max-age=31536000; includeSubDomains
      x-content-type-options:
      - nosniff
      x-ms-ratelimit-remaining-subscription-resource-requests:
      - '1198'
      x-rp-server-mvid:
      - 2d8cffe0-ed19-4f32-b630-c96199e681e1
    status:
      code: 201
      message: Created
- request:
    body: '{"properties": {"public": false, "httpsOnly": false, "enableEndToEndTLS":
      false}}'
    headers:
      Accept:
      - application/json
      Accept-Encoding:
      - gzip, deflate
      CommandName:
      - spring app create
      Connection:
      - keep-alive
      Content-Length:
      - '81'
      Content-Type:
      - application/json
      ParameterSetName:
      - -n -g -s
      User-Agent:
      - AZURECLI/2.46.0 azsdk-python-mgmt-appplatform/6.1.0 Python/3.8.3 (Windows-10-10.0.22621-SP0)
    method: PATCH
    uri: https://management.azure.com/subscriptions/00000000-0000-0000-0000-000000000000/resourceGroups/cli/providers/Microsoft.AppPlatform/Spring/cli-unittest/apps/test-app-blue-green?api-version=2023-03-01-preview
  response:
    body:
      string: '{"properties":{"addonConfigs":{"applicationConfigurationService":{},"serviceRegistry":{}},"public":false,"provisioningState":"Updating","fqdn":"cli-unittest.azuremicroservices.io","httpsOnly":false,"temporaryDisk":{"sizeInGB":5,"mountPath":"/tmp"},"persistentDisk":{"sizeInGB":0,"mountPath":"/persistent"},"enableEndToEndTLS":false,"ingressSettings":{"readTimeoutInSeconds":300,"sendTimeoutInSeconds":60,"sessionCookieMaxAge":0,"sessionAffinity":"None","backendProtocol":"Default"}},"type":"Microsoft.AppPlatform/Spring/apps","identity":null,"location":"centralindia","id":"/subscriptions/00000000-0000-0000-0000-000000000000/resourceGroups/cli/providers/Microsoft.AppPlatform/Spring/cli-unittest/apps/test-app-blue-green","name":"test-app-blue-green","systemData":{"createdBy":"qingyliu@microsoft.com","createdByType":"User","createdAt":"2023-03-29T08:02:32.6074823Z","lastModifiedBy":"qingyliu@microsoft.com","lastModifiedByType":"User","lastModifiedAt":"2023-03-29T08:03:10.0610817Z"}}'
    headers:
      azure-asyncoperation:
      - https://management.azure.com/subscriptions/00000000-0000-0000-0000-000000000000/resourceGroups/cli/providers/Microsoft.AppPlatform/locations/centralindia/operationStatus/test-app-blue-green/operationId/82e33808-a586-4da1-bd14-598606211f6c?api-version=2023-03-01-preview
      cache-control:
      - no-cache
      content-length:
      - '988'
      content-type:
      - application/json; charset=utf-8
      date:
      - Wed, 29 Mar 2023 08:03:10 GMT
      expires:
      - '-1'
      location:
      - https://management.azure.com/subscriptions/00000000-0000-0000-0000-000000000000/resourceGroups/cli/providers/Microsoft.AppPlatform/locations/centralindia/operationResults/82e33808-a586-4da1-bd14-598606211f6c/Spring/test-app-blue-green?api-version=2023-03-01-preview
      pragma:
      - no-cache
      request-context:
      - appId=cid-v1:797d7e4e-8180-497e-a254-780fbd39ba4d
      strict-transport-security:
      - max-age=31536000; includeSubDomains
      x-content-type-options:
      - nosniff
      x-ms-ratelimit-remaining-subscription-resource-requests:
      - '1196'
      x-rp-server-mvid:
      - 2d8cffe0-ed19-4f32-b630-c96199e681e1
    status:
      code: 202
      message: Accepted
- request:
    body: null
    headers:
      Accept:
      - '*/*'
      Accept-Encoding:
      - gzip, deflate
      CommandName:
      - spring app create
      Connection:
      - keep-alive
      ParameterSetName:
      - -n -g -s
      User-Agent:
      - AZURECLI/2.46.0 azsdk-python-mgmt-appplatform/6.1.0 Python/3.8.3 (Windows-10-10.0.22621-SP0)
    method: GET
    uri: https://management.azure.com/subscriptions/00000000-0000-0000-0000-000000000000/resourceGroups/cli/providers/Microsoft.AppPlatform/locations/centralindia/operationStatus/test-app-blue-green/operationId/82e33808-a586-4da1-bd14-598606211f6c?api-version=2023-03-01-preview
  response:
    body:
      string: '{"id":"subscriptions/d51e3ffe-6b84-49cd-b426-0dc4ec660356/resourceGroups/cli/providers/Microsoft.AppPlatform/locations/centralindia/operationStatus/default/operationId/0fca7c94-7ad6-4415-a871-fe97aed83afe","name":"0fca7c94-7ad6-4415-a871-fe97aed83afe","status":"Succeeded","startTime":"2023-03-29T08:03:09.6735057Z","endTime":"2023-03-29T08:03:34.724306Z"}'
    headers:
      cache-control:
      - no-cache
      content-length:
      - '356'
      content-type:
      - application/json; charset=utf-8
      date:
      - Wed, 29 Mar 2023 08:03:40 GMT
      expires:
      - '-1'
      pragma:
      - no-cache
      request-context:
      - appId=cid-v1:797d7e4e-8180-497e-a254-780fbd39ba4d
      strict-transport-security:
      - max-age=31536000; includeSubDomains
      transfer-encoding:
      - chunked
      vary:
      - Accept-Encoding
      x-content-type-options:
      - nosniff
      x-rp-server-mvid:
      - 2d8cffe0-ed19-4f32-b630-c96199e681e1
    status:
      code: 200
      message: OK
- request:
    body: null
    headers:
      Accept:
      - '*/*'
      Accept-Encoding:
      - gzip, deflate
      CommandName:
      - spring app create
      Connection:
      - keep-alive
      ParameterSetName:
      - -n -g -s
      User-Agent:
      - AZURECLI/2.46.0 azsdk-python-mgmt-appplatform/6.1.0 Python/3.8.3 (Windows-10-10.0.22621-SP0)
    method: GET
    uri: https://management.azure.com/subscriptions/00000000-0000-0000-0000-000000000000/resourceGroups/cli/providers/Microsoft.AppPlatform/locations/centralindia/operationStatus/default/operationId/2ce807b8-5c5b-4bc7-a66d-5895730ea2f4?api-version=2023-03-01-preview
  response:
    body:
      string: '{"id":"subscriptions/d51e3ffe-6b84-49cd-b426-0dc4ec660356/resourceGroups/cli/providers/Microsoft.AppPlatform/locations/centralindia/operationStatus/test-app-blue-green/operationId/6860f00a-0a96-477d-a807-62cde525d67a","name":"6860f00a-0a96-477d-a807-62cde525d67a","status":"Succeeded","startTime":"2023-03-29T08:03:10.6624699Z","endTime":"2023-03-29T08:03:17.0079045Z"}'
    headers:
      cache-control:
      - no-cache
      content-length:
      - '314'
      content-type:
      - application/json; charset=utf-8
      date:
      - Mon, 20 Feb 2023 03:25:30 GMT
      expires:
      - '-1'
      pragma:
      - no-cache
      request-context:
      - appId=cid-v1:797d7e4e-8180-497e-a254-780fbd39ba4d
      strict-transport-security:
      - max-age=31536000; includeSubDomains
      transfer-encoding:
      - chunked
      vary:
      - Accept-Encoding
      x-content-type-options:
      - nosniff
      x-rp-server-mvid:
      - 6dbdb235-5cc6-4623-8007-38694e14f2b5
    status:
      code: 200
      message: OK
- request:
    body: null
    headers:
      Accept:
      - '*/*'
      Accept-Encoding:
      - gzip, deflate
      CommandName:
      - spring app create
      Connection:
      - keep-alive
      ParameterSetName:
      - -n -g -s
      User-Agent:
      - AZURECLI/2.45.0 azsdk-python-mgmt-appplatform/6.1.0 Python/3.8.9 (Windows-10-10.0.22621-SP0)
    method: GET
    uri: https://management.azure.com/subscriptions/00000000-0000-0000-0000-000000000000/resourceGroups/cli/providers/Microsoft.AppPlatform/locations/centralindia/operationStatus/test-app-blue-green/operationId/82e33808-a586-4da1-bd14-598606211f6c?api-version=2023-03-01-preview
  response:
    body:
      string: '{"id":"subscriptions/d51e3ffe-6b84-49cd-b426-0dc4ec660356/resourceGroups/cli/providers/Microsoft.AppPlatform/locations/centralindia/operationStatus/test-app-blue-green/operationId/82e33808-a586-4da1-bd14-598606211f6c","name":"82e33808-a586-4da1-bd14-598606211f6c","status":"Succeeded","startTime":"2023-02-20T03:25:20.2382235Z","endTime":"2023-02-20T03:25:27.0274488Z"}'
    headers:
      cache-control:
      - no-cache
      content-length:
      - '369'
      content-type:
      - application/json; charset=utf-8
      date:
      - Wed, 29 Mar 2023 08:03:40 GMT
      expires:
      - '-1'
      pragma:
      - no-cache
      request-context:
      - appId=cid-v1:797d7e4e-8180-497e-a254-780fbd39ba4d
      strict-transport-security:
      - max-age=31536000; includeSubDomains
      transfer-encoding:
      - chunked
      vary:
      - Accept-Encoding
      x-content-type-options:
      - nosniff
      x-rp-server-mvid:
      - 2d8cffe0-ed19-4f32-b630-c96199e681e1
    status:
      code: 200
      message: OK
- request:
    body: null
    headers:
      Accept:
      - '*/*'
      Accept-Encoding:
      - gzip, deflate
      CommandName:
      - spring app create
      Connection:
      - keep-alive
      ParameterSetName:
      - -n -g -s
      User-Agent:
      - AZURECLI/2.46.0 azsdk-python-mgmt-appplatform/6.1.0 Python/3.8.3 (Windows-10-10.0.22621-SP0)
    method: GET
    uri: https://management.azure.com/subscriptions/00000000-0000-0000-0000-000000000000/resourceGroups/cli/providers/Microsoft.AppPlatform/Spring/cli-unittest/apps/test-app-blue-green?api-version=2023-03-01-preview
  response:
    body:
      string: '{"properties":{"addonConfigs":{"applicationConfigurationService":{},"serviceRegistry":{}},"public":false,"provisioningState":"Succeeded","fqdn":"cli-unittest.azuremicroservices.io","httpsOnly":false,"temporaryDisk":{"sizeInGB":5,"mountPath":"/tmp"},"persistentDisk":{"sizeInGB":0,"mountPath":"/persistent"},"enableEndToEndTLS":false,"ingressSettings":{"readTimeoutInSeconds":300,"sendTimeoutInSeconds":60,"sessionCookieMaxAge":0,"sessionAffinity":"None","backendProtocol":"Default"}},"type":"Microsoft.AppPlatform/Spring/apps","identity":null,"location":"centralindia","id":"/subscriptions/00000000-0000-0000-0000-000000000000/resourceGroups/cli/providers/Microsoft.AppPlatform/Spring/cli-unittest/apps/test-app-blue-green","name":"test-app-blue-green","systemData":{"createdBy":"qingyliu@microsoft.com","createdByType":"User","createdAt":"2023-03-29T08:02:32.6074823Z","lastModifiedBy":"qingyliu@microsoft.com","lastModifiedByType":"User","lastModifiedAt":"2023-03-29T08:03:10.0610817Z"}}'
    headers:
      cache-control:
      - no-cache
      content-length:
      - '989'
      content-type:
      - application/json; charset=utf-8
      date:
      - Wed, 29 Mar 2023 08:03:41 GMT
      expires:
      - '-1'
      pragma:
      - no-cache
      request-context:
      - appId=cid-v1:797d7e4e-8180-497e-a254-780fbd39ba4d
      strict-transport-security:
      - max-age=31536000; includeSubDomains
      transfer-encoding:
      - chunked
      vary:
      - Accept-Encoding
      x-content-type-options:
      - nosniff
      x-ms-ratelimit-remaining-subscription-resource-requests:
      - '11999'
      x-rp-server-mvid:
      - 2d8cffe0-ed19-4f32-b630-c96199e681e1
    status:
      code: 200
      message: OK
- request:
    body: null
    headers:
      Accept:
      - '*/*'
      Accept-Encoding:
      - gzip, deflate
      CommandName:
      - spring app create
      Connection:
      - keep-alive
      ParameterSetName:
      - -n -g -s
      User-Agent:
      - AZURECLI/2.46.0 azsdk-python-mgmt-appplatform/6.1.0 Python/3.8.3 (Windows-10-10.0.22621-SP0)
    method: GET
    uri: https://management.azure.com/subscriptions/00000000-0000-0000-0000-000000000000/resourceGroups/cli/providers/Microsoft.AppPlatform/locations/centralindia/operationStatus/default/operationId/2ce807b8-5c5b-4bc7-a66d-5895730ea2f4?api-version=2023-03-01-preview
  response:
    body:
      string: '{"properties":{"deploymentSettings":{"resourceRequests":{"cpu":"1","memory":"1Gi"},"environmentVariables":null,"terminationGracePeriodSeconds":90,"livenessProbe":{"disableProbe":false,"failureThreshold":3,"initialDelaySeconds":300,"periodSeconds":10,"successThreshold":1,"timeoutSeconds":3,"probeAction":{"type":"TCPSocketAction"}},"readinessProbe":{"disableProbe":false,"failureThreshold":3,"initialDelaySeconds":0,"periodSeconds":5,"successThreshold":1,"timeoutSeconds":3,"probeAction":{"type":"TCPSocketAction"}}},"provisioningState":"Succeeded","status":"Running","active":true,"instances":[{"name":"test-app-blue-green-default-19-648df95f4c-lvgld","status":"Running","discoveryStatus":"UNREGISTERED","startTime":"2023-03-29T08:03:17Z"}],"source":{"type":"Jar","relativePath":"<default>","runtimeVersion":"Java_11"}},"type":"Microsoft.AppPlatform/Spring/apps/deployments","sku":{"name":"S0","tier":"Standard","capacity":1},"id":"/subscriptions/00000000-0000-0000-0000-000000000000/resourceGroups/cli/providers/Microsoft.AppPlatform/Spring/cli-unittest/apps/test-app-blue-green/deployments/default","name":"default","systemData":{"createdBy":"qingyliu@microsoft.com","createdByType":"User","createdAt":"2023-03-29T08:03:08.7641911Z","lastModifiedBy":"qingyliu@microsoft.com","lastModifiedByType":"User","lastModifiedAt":"2023-03-29T08:03:08.7641911Z"}}'
    headers:
      cache-control:
      - no-cache
      content-length:
      - '1355'
      content-type:
      - application/json; charset=utf-8
      date:
      - Wed, 29 Mar 2023 08:03:44 GMT
      expires:
      - '-1'
      pragma:
      - no-cache
      request-context:
      - appId=cid-v1:797d7e4e-8180-497e-a254-780fbd39ba4d
      strict-transport-security:
      - max-age=31536000; includeSubDomains
      transfer-encoding:
      - chunked
      vary:
      - Accept-Encoding
      x-content-type-options:
      - nosniff
      x-ms-ratelimit-remaining-subscription-resource-requests:
      - '11997'
      x-rp-server-mvid:
      - 2d8cffe0-ed19-4f32-b630-c96199e681e1
    status:
      code: 200
      message: OK
- request:
    body: null
    headers:
      Accept:
      - application/json
      Accept-Encoding:
      - gzip, deflate
      CommandName:
      - spring app create
      Connection:
      - keep-alive
      ParameterSetName:
      - -n -g -s
      User-Agent:
      - AZURECLI/2.46.0 azsdk-python-mgmt-appplatform/6.1.0 Python/3.8.3 (Windows-10-10.0.22621-SP0)
    method: GET
    uri: https://management.azure.com/subscriptions/00000000-0000-0000-0000-000000000000/resourceGroups/cli/providers/Microsoft.AppPlatform/locations/centralindia/operationStatus/default/operationId/2ce807b8-5c5b-4bc7-a66d-5895730ea2f4?api-version=2023-03-01-preview
  response:
    body:
      string: '{"properties":{"addonConfigs":{"applicationConfigurationService":{},"serviceRegistry":{}},"public":false,"provisioningState":"Succeeded","fqdn":"cli-unittest.azuremicroservices.io","httpsOnly":false,"temporaryDisk":{"sizeInGB":5,"mountPath":"/tmp"},"persistentDisk":{"sizeInGB":0,"mountPath":"/persistent"},"enableEndToEndTLS":false,"ingressSettings":{"readTimeoutInSeconds":300,"sendTimeoutInSeconds":60,"sessionCookieMaxAge":0,"sessionAffinity":"None","backendProtocol":"Default"}},"type":"Microsoft.AppPlatform/Spring/apps","identity":null,"location":"centralindia","id":"/subscriptions/00000000-0000-0000-0000-000000000000/resourceGroups/cli/providers/Microsoft.AppPlatform/Spring/cli-unittest/apps/test-app-blue-green","name":"test-app-blue-green","systemData":{"createdBy":"qingyliu@microsoft.com","createdByType":"User","createdAt":"2023-03-29T08:02:32.6074823Z","lastModifiedBy":"qingyliu@microsoft.com","lastModifiedByType":"User","lastModifiedAt":"2023-03-29T08:03:10.0610817Z"}}'
    headers:
      cache-control:
      - no-cache
      content-length:
      - '989'
      content-type:
      - application/json; charset=utf-8
      date:
      - Wed, 29 Mar 2023 08:03:46 GMT
      expires:
      - '-1'
      pragma:
      - no-cache
      request-context:
      - appId=cid-v1:797d7e4e-8180-497e-a254-780fbd39ba4d
      strict-transport-security:
      - max-age=31536000; includeSubDomains
      transfer-encoding:
      - chunked
      vary:
      - Accept-Encoding
      x-content-type-options:
      - nosniff
      x-rp-server-mvid:
      - 6dbdb235-5cc6-4623-8007-38694e14f2b5
    status:
      code: 200
      message: OK
- request:
    body: null
    headers:
      Accept:
      - '*/*'
      Accept-Encoding:
      - gzip, deflate
      CommandName:
      - spring app create
      Connection:
      - keep-alive
      ParameterSetName:
      - -n -g -s
      User-Agent:
      - AZURECLI/2.45.0 azsdk-python-mgmt-appplatform/6.1.0 Python/3.8.9 (Windows-10-10.0.22621-SP0)
    method: GET
    uri: https://management.azure.com/subscriptions/00000000-0000-0000-0000-000000000000/resourceGroups/cli/providers/Microsoft.AppPlatform/locations/centralindia/operationStatus/default/operationId/2ce807b8-5c5b-4bc7-a66d-5895730ea2f4?api-version=2023-03-01-preview
  response:
    body:
      string: '{"id":"subscriptions/d51e3ffe-6b84-49cd-b426-0dc4ec660356/resourceGroups/cli/providers/Microsoft.AppPlatform/locations/centralindia/operationStatus/default/operationId/2ce807b8-5c5b-4bc7-a66d-5895730ea2f4","name":"2ce807b8-5c5b-4bc7-a66d-5895730ea2f4","status":"Running","startTime":"2023-02-20T03:25:19.2915805Z"}'
    headers:
      cache-control:
      - no-cache
      content-length:
      - '314'
      content-type:
      - application/json; charset=utf-8
      date:
      - Mon, 20 Feb 2023 03:26:01 GMT
      expires:
      - '-1'
      pragma:
      - no-cache
      request-context:
      - appId=cid-v1:797d7e4e-8180-497e-a254-780fbd39ba4d
      strict-transport-security:
      - max-age=31536000; includeSubDomains
      transfer-encoding:
      - chunked
      vary:
      - Accept-Encoding
      x-content-type-options:
      - nosniff
      x-rp-server-mvid:
      - 6dbdb235-5cc6-4623-8007-38694e14f2b5
    status:
      code: 200
      message: OK
- request:
    body: null
    headers:
      Accept:
      - '*/*'
      Accept-Encoding:
      - gzip, deflate
      CommandName:
      - spring app create
      Connection:
      - keep-alive
      ParameterSetName:
      - -n -g -s
      User-Agent:
      - AZURECLI/2.45.0 azsdk-python-mgmt-appplatform/6.1.0 Python/3.8.9 (Windows-10-10.0.22621-SP0)
    method: GET
    uri: https://management.azure.com/subscriptions/00000000-0000-0000-0000-000000000000/resourceGroups/cli/providers/Microsoft.AppPlatform/locations/centralindia/operationStatus/default/operationId/2ce807b8-5c5b-4bc7-a66d-5895730ea2f4?api-version=2023-03-01-preview
  response:
    body:
      string: '{"id":"subscriptions/d51e3ffe-6b84-49cd-b426-0dc4ec660356/resourceGroups/cli/providers/Microsoft.AppPlatform/locations/centralindia/operationStatus/default/operationId/2ce807b8-5c5b-4bc7-a66d-5895730ea2f4","name":"2ce807b8-5c5b-4bc7-a66d-5895730ea2f4","status":"Running","startTime":"2023-02-20T03:25:19.2915805Z"}'
    headers:
      cache-control:
      - no-cache
      content-length:
      - '314'
      content-type:
      - application/json; charset=utf-8
      date:
      - Mon, 20 Feb 2023 03:26:12 GMT
      expires:
      - '-1'
      pragma:
      - no-cache
      request-context:
      - appId=cid-v1:797d7e4e-8180-497e-a254-780fbd39ba4d
      strict-transport-security:
      - max-age=31536000; includeSubDomains
      transfer-encoding:
      - chunked
      vary:
      - Accept-Encoding
      x-content-type-options:
      - nosniff
      x-rp-server-mvid:
      - 6dbdb235-5cc6-4623-8007-38694e14f2b5
    status:
      code: 200
      message: OK
- request:
    body: null
    headers:
      Accept:
      - '*/*'
      Accept-Encoding:
      - gzip, deflate
      CommandName:
      - spring app create
      Connection:
      - keep-alive
      ParameterSetName:
      - -n -g -s
      User-Agent:
      - AZURECLI/2.45.0 azsdk-python-mgmt-appplatform/6.1.0 Python/3.8.9 (Windows-10-10.0.22621-SP0)
    method: GET
    uri: https://management.azure.com/subscriptions/00000000-0000-0000-0000-000000000000/resourceGroups/cli/providers/Microsoft.AppPlatform/locations/centralindia/operationStatus/default/operationId/2ce807b8-5c5b-4bc7-a66d-5895730ea2f4?api-version=2023-03-01-preview
  response:
    body:
      string: '{"id":"subscriptions/d51e3ffe-6b84-49cd-b426-0dc4ec660356/resourceGroups/cli/providers/Microsoft.AppPlatform/locations/centralindia/operationStatus/default/operationId/2ce807b8-5c5b-4bc7-a66d-5895730ea2f4","name":"2ce807b8-5c5b-4bc7-a66d-5895730ea2f4","status":"Running","startTime":"2023-02-20T03:25:19.2915805Z"}'
    headers:
      cache-control:
      - no-cache
      content-length:
      - '314'
      content-type:
      - application/json; charset=utf-8
      date:
      - Mon, 20 Feb 2023 03:26:22 GMT
      expires:
      - '-1'
      pragma:
      - no-cache
      request-context:
      - appId=cid-v1:797d7e4e-8180-497e-a254-780fbd39ba4d
      strict-transport-security:
      - max-age=31536000; includeSubDomains
      transfer-encoding:
      - chunked
      vary:
      - Accept-Encoding
      x-content-type-options:
      - nosniff
      x-rp-server-mvid:
      - 6dbdb235-5cc6-4623-8007-38694e14f2b5
    status:
      code: 200
      message: OK
- request:
    body: null
    headers:
      Accept:
      - '*/*'
      Accept-Encoding:
      - gzip, deflate
      CommandName:
      - spring app create
      Connection:
      - keep-alive
      ParameterSetName:
      - -n -g -s
      User-Agent:
      - AZURECLI/2.45.0 azsdk-python-mgmt-appplatform/6.1.0 Python/3.8.9 (Windows-10-10.0.22621-SP0)
    method: GET
    uri: https://management.azure.com/subscriptions/00000000-0000-0000-0000-000000000000/resourceGroups/cli/providers/Microsoft.AppPlatform/locations/centralindia/operationStatus/default/operationId/2ce807b8-5c5b-4bc7-a66d-5895730ea2f4?api-version=2023-03-01-preview
  response:
    body:
      string: '{"id":"subscriptions/d51e3ffe-6b84-49cd-b426-0dc4ec660356/resourceGroups/cli/providers/Microsoft.AppPlatform/locations/centralindia/operationStatus/default/operationId/2ce807b8-5c5b-4bc7-a66d-5895730ea2f4","name":"2ce807b8-5c5b-4bc7-a66d-5895730ea2f4","status":"Running","startTime":"2023-02-20T03:25:19.2915805Z"}'
    headers:
      cache-control:
      - no-cache
      content-length:
      - '314'
      content-type:
      - application/json; charset=utf-8
      date:
      - Mon, 20 Feb 2023 03:26:32 GMT
      expires:
      - '-1'
      pragma:
      - no-cache
      request-context:
      - appId=cid-v1:797d7e4e-8180-497e-a254-780fbd39ba4d
      strict-transport-security:
      - max-age=31536000; includeSubDomains
      transfer-encoding:
      - chunked
      vary:
      - Accept-Encoding
      x-content-type-options:
      - nosniff
      x-rp-server-mvid:
      - 6dbdb235-5cc6-4623-8007-38694e14f2b5
    status:
      code: 200
      message: OK
- request:
    body: null
    headers:
      Accept:
      - '*/*'
      Accept-Encoding:
      - gzip, deflate
      CommandName:
      - spring app create
      Connection:
      - keep-alive
      ParameterSetName:
      - -n -g -s
      User-Agent:
      - AZURECLI/2.45.0 azsdk-python-mgmt-appplatform/6.1.0 Python/3.8.9 (Windows-10-10.0.22621-SP0)
    method: GET
    uri: https://management.azure.com/subscriptions/00000000-0000-0000-0000-000000000000/resourceGroups/cli/providers/Microsoft.AppPlatform/locations/centralindia/operationStatus/default/operationId/2ce807b8-5c5b-4bc7-a66d-5895730ea2f4?api-version=2023-03-01-preview
  response:
    body:
      string: '{"id":"subscriptions/d51e3ffe-6b84-49cd-b426-0dc4ec660356/resourceGroups/cli/providers/Microsoft.AppPlatform/locations/centralindia/operationStatus/default/operationId/2ce807b8-5c5b-4bc7-a66d-5895730ea2f4","name":"2ce807b8-5c5b-4bc7-a66d-5895730ea2f4","status":"Running","startTime":"2023-02-20T03:25:19.2915805Z"}'
    headers:
      cache-control:
      - no-cache
      content-length:
      - '314'
      content-type:
      - application/json; charset=utf-8
      date:
      - Mon, 20 Feb 2023 03:26:42 GMT
      expires:
      - '-1'
      pragma:
      - no-cache
      request-context:
      - appId=cid-v1:797d7e4e-8180-497e-a254-780fbd39ba4d
      strict-transport-security:
      - max-age=31536000; includeSubDomains
      transfer-encoding:
      - chunked
      vary:
      - Accept-Encoding
      x-content-type-options:
      - nosniff
      x-rp-server-mvid:
      - 6dbdb235-5cc6-4623-8007-38694e14f2b5
    status:
      code: 200
      message: OK
- request:
    body: null
    headers:
      Accept:
      - '*/*'
      Accept-Encoding:
      - gzip, deflate
      CommandName:
      - spring app create
      Connection:
      - keep-alive
      ParameterSetName:
      - -n -g -s
      User-Agent:
      - AZURECLI/2.45.0 azsdk-python-mgmt-appplatform/6.1.0 Python/3.8.9 (Windows-10-10.0.22621-SP0)
    method: GET
    uri: https://management.azure.com/subscriptions/00000000-0000-0000-0000-000000000000/resourceGroups/cli/providers/Microsoft.AppPlatform/locations/centralindia/operationStatus/default/operationId/2ce807b8-5c5b-4bc7-a66d-5895730ea2f4?api-version=2023-03-01-preview
  response:
    body:
      string: '{"id":"subscriptions/d51e3ffe-6b84-49cd-b426-0dc4ec660356/resourceGroups/cli/providers/Microsoft.AppPlatform/locations/centralindia/operationStatus/default/operationId/2ce807b8-5c5b-4bc7-a66d-5895730ea2f4","name":"2ce807b8-5c5b-4bc7-a66d-5895730ea2f4","status":"Succeeded","startTime":"2023-02-20T03:25:19.2915805Z","endTime":"2023-02-20T03:26:51.1390076Z"}'
    headers:
      cache-control:
      - no-cache
      content-length:
      - '357'
      content-type:
      - application/json; charset=utf-8
      date:
      - Mon, 20 Feb 2023 03:26:54 GMT
      expires:
      - '-1'
      pragma:
      - no-cache
      request-context:
      - appId=cid-v1:797d7e4e-8180-497e-a254-780fbd39ba4d
      strict-transport-security:
      - max-age=31536000; includeSubDomains
      transfer-encoding:
      - chunked
      vary:
      - Accept-Encoding
      x-content-type-options:
      - nosniff
      x-rp-server-mvid:
      - 6dbdb235-5cc6-4623-8007-38694e14f2b5
    status:
      code: 200
      message: OK
- request:
    body: null
    headers:
      Accept:
      - '*/*'
      Accept-Encoding:
      - gzip, deflate
      CommandName:
      - spring app create
      Connection:
      - keep-alive
      ParameterSetName:
      - -n -g -s
      User-Agent:
      - AZURECLI/2.45.0 azsdk-python-mgmt-appplatform/6.1.0 Python/3.8.9 (Windows-10-10.0.22621-SP0)
    method: GET
    uri: https://management.azure.com/subscriptions/00000000-0000-0000-0000-000000000000/resourceGroups/cli/providers/Microsoft.AppPlatform/Spring/cli-unittest/apps/test-app-blue-green/deployments/mock-deployment?api-version=2023-03-01-preview
  response:
    body:
      string: '{"properties":{"deploymentSettings":{"resourceRequests":{"cpu":"1","memory":"1Gi"},"environmentVariables":null,"terminationGracePeriodSeconds":90,"livenessProbe":{"disableProbe":false,"failureThreshold":3,"initialDelaySeconds":300,"periodSeconds":10,"successThreshold":1,"timeoutSeconds":3,"probeAction":{"type":"TCPSocketAction"}},"readinessProbe":{"disableProbe":false,"failureThreshold":3,"initialDelaySeconds":0,"periodSeconds":5,"successThreshold":1,"timeoutSeconds":3,"probeAction":{"type":"TCPSocketAction"}}},"provisioningState":"Succeeded","status":"Running","active":true,"instances":[{"name":"test-app-blue-green-default-19-6f674d9cf9-c2x4g","status":"Running","discoveryStatus":"UNREGISTERED","startTime":"2023-02-20T03:26:09Z"}],"source":{"type":"Jar","relativePath":"<default>","runtimeVersion":"Java_11"}},"type":"Microsoft.AppPlatform/Spring/apps/deployments","sku":{"name":"S0","tier":"Standard","capacity":1},"id":"/subscriptions/00000000-0000-0000-0000-000000000000/resourceGroups/cli/providers/Microsoft.AppPlatform/Spring/cli-unittest/apps/test-app-blue-green/deployments/default","name":"default","systemData":{"createdBy":"pensh@microsoft.com","createdByType":"User","createdAt":"2023-02-20T03:25:18.3357987Z","lastModifiedBy":"pensh@microsoft.com","lastModifiedByType":"User","lastModifiedAt":"2023-02-20T03:25:18.3357987Z"}}'
    headers:
      cache-control:
      - no-cache
      content-length:
      - '1349'
      content-type:
      - application/json; charset=utf-8
      date:
      - Mon, 20 Feb 2023 03:26:56 GMT
      expires:
      - '-1'
      pragma:
      - no-cache
      request-context:
      - appId=cid-v1:797d7e4e-8180-497e-a254-780fbd39ba4d
      strict-transport-security:
      - max-age=31536000; includeSubDomains
      transfer-encoding:
      - chunked
      vary:
      - Accept-Encoding
      x-content-type-options:
      - nosniff
      x-ms-ratelimit-remaining-subscription-resource-requests:
      - '11993'
      x-rp-server-mvid:
      - 2d8cffe0-ed19-4f32-b630-c96199e681e1
    status:
      code: 200
      message: OK
- request:
    body: null
    headers:
      Accept:
      - application/json
      Accept-Encoding:
      - gzip, deflate
      CommandName:
      - spring app create
      Connection:
      - keep-alive
      ParameterSetName:
      - -n -g -s
      User-Agent:
      - AZURECLI/2.46.0 azsdk-python-mgmt-appplatform/6.1.0 Python/3.8.3 (Windows-10-10.0.22621-SP0)
    method: GET
    uri: https://management.azure.com/subscriptions/00000000-0000-0000-0000-000000000000/resourceGroups/cli/providers/Microsoft.AppPlatform/Spring/cli-unittest/apps/test-app-blue-green?api-version=2023-03-01-preview
  response:
    body:
      string: '{"value":[{"properties":{"deploymentSettings":{"resourceRequests":{"cpu":"1","memory":"1Gi"},"environmentVariables":null,"terminationGracePeriodSeconds":90,"livenessProbe":{"disableProbe":false,"failureThreshold":3,"initialDelaySeconds":300,"periodSeconds":10,"successThreshold":1,"timeoutSeconds":3,"probeAction":{"type":"TCPSocketAction"}},"readinessProbe":{"disableProbe":false,"failureThreshold":3,"initialDelaySeconds":0,"periodSeconds":5,"successThreshold":1,"timeoutSeconds":3,"probeAction":{"type":"TCPSocketAction"}}},"provisioningState":"Succeeded","status":"Running","active":true,"instances":[{"name":"test-app-blue-green-default-19-648df95f4c-lvgld","status":"Running","discoveryStatus":"UNREGISTERED","startTime":"2023-03-29T08:03:17Z"}],"source":{"type":"Jar","relativePath":"<default>","runtimeVersion":"Java_11"}},"type":"Microsoft.AppPlatform/Spring/apps/deployments","sku":{"name":"S0","tier":"Standard","capacity":1},"id":"/subscriptions/00000000-0000-0000-0000-000000000000/resourceGroups/cli/providers/Microsoft.AppPlatform/Spring/cli-unittest/apps/test-app-blue-green/deployments/default","name":"default","systemData":{"createdBy":"qingyliu@microsoft.com","createdByType":"User","createdAt":"2023-03-29T08:03:08.7641911Z","lastModifiedBy":"qingyliu@microsoft.com","lastModifiedByType":"User","lastModifiedAt":"2023-03-29T08:03:08.7641911Z"}}]}'
    headers:
      cache-control:
      - no-cache
      content-length:
      - '1367'
      content-type:
      - application/json; charset=utf-8
      date:
      - Wed, 29 Mar 2023 08:03:49 GMT
      expires:
      - '-1'
      pragma:
      - no-cache
      request-context:
      - appId=cid-v1:797d7e4e-8180-497e-a254-780fbd39ba4d
      strict-transport-security:
      - max-age=31536000; includeSubDomains
      transfer-encoding:
      - chunked
      vary:
      - Accept-Encoding
      x-content-type-options:
      - nosniff
      x-ms-ratelimit-remaining-subscription-resource-requests:
      - '11996'
      x-rp-server-mvid:
      - 2d8cffe0-ed19-4f32-b630-c96199e681e1
    status:
      code: 200
      message: OK
- request:
    body: null
    headers:
      Accept:
      - application/json
      Accept-Encoding:
      - gzip, deflate
      CommandName:
      - spring app deployment create
      Connection:
      - keep-alive
      ParameterSetName:
      - --app -n -g -s
      User-Agent:
      - AZURECLI/2.46.0 azsdk-python-mgmt-appplatform/6.1.0 Python/3.8.3 (Windows-10-10.0.22621-SP0)
    method: GET
    uri: https://management.azure.com/subscriptions/00000000-0000-0000-0000-000000000000/resourceGroups/cli/providers/Microsoft.AppPlatform/Spring/cli-unittest/apps/test-app-blue-green/deployments?api-version=2023-03-01-preview
  response:
    body:
      string: '{"error":{"code":"BadRequest","message":"Feature BuildService is not
        supported in Sku S0 for API version 2023-03-01-preview.","target":null,"details":null}}'
    headers:
      cache-control:
      - no-cache
      content-length:
      - '156'
      content-type:
      - application/json; charset=utf-8
      date:
      - Wed, 29 Mar 2023 08:03:50 GMT
      expires:
      - '-1'
      pragma:
      - no-cache
      request-context:
      - appId=cid-v1:797d7e4e-8180-497e-a254-780fbd39ba4d
      strict-transport-security:
      - max-age=31536000; includeSubDomains
      x-content-type-options:
      - nosniff
      x-rp-server-mvid:
      - 2d8cffe0-ed19-4f32-b630-c96199e681e1
    status:
      code: 400
      message: Bad Request
- request:
    body: null
    headers:
      Accept:
      - application/json
      Accept-Encoding:
      - gzip, deflate
      CommandName:
      - spring app deployment create
      Connection:
      - keep-alive
      ParameterSetName:
      - --app -n -g -s
      User-Agent:
      - AZURECLI/2.46.0 azsdk-python-mgmt-appplatform/6.1.0 Python/3.8.3 (Windows-10-10.0.22621-SP0)
    method: GET
    uri: https://management.azure.com/subscriptions/00000000-0000-0000-0000-000000000000/resourceGroups/cli/providers/Microsoft.AppPlatform/Spring/cli-unittest/apps/test-app-blue-green/deployments?api-version=2023-03-01-preview
  response:
    body:
      string: '{"value":[{"properties":{"deploymentSettings":{"resourceRequests":{"cpu":"1","memory":"1Gi"},"environmentVariables":null,"terminationGracePeriodSeconds":90,"livenessProbe":{"disableProbe":false,"failureThreshold":3,"initialDelaySeconds":300,"periodSeconds":10,"successThreshold":1,"timeoutSeconds":3,"probeAction":{"type":"TCPSocketAction"}},"readinessProbe":{"disableProbe":false,"failureThreshold":3,"initialDelaySeconds":0,"periodSeconds":5,"successThreshold":1,"timeoutSeconds":3,"probeAction":{"type":"TCPSocketAction"}}},"provisioningState":"Succeeded","status":"Running","active":true,"instances":[{"name":"test-app-blue-green-default-19-648df95f4c-lvgld","status":"Running","discoveryStatus":"UNREGISTERED","startTime":"2023-03-29T08:03:17Z"}],"source":{"type":"Jar","relativePath":"<default>","runtimeVersion":"Java_11"}},"type":"Microsoft.AppPlatform/Spring/apps/deployments","sku":{"name":"S0","tier":"Standard","capacity":1},"id":"/subscriptions/00000000-0000-0000-0000-000000000000/resourceGroups/cli/providers/Microsoft.AppPlatform/Spring/cli-unittest/apps/test-app-blue-green/deployments/default","name":"default","systemData":{"createdBy":"qingyliu@microsoft.com","createdByType":"User","createdAt":"2023-03-29T08:03:08.7641911Z","lastModifiedBy":"qingyliu@microsoft.com","lastModifiedByType":"User","lastModifiedAt":"2023-03-29T08:03:08.7641911Z"}}]}'
    headers:
      cache-control:
      - no-cache
      content-length:
      - '1367'
      content-type:
      - application/json; charset=utf-8
      date:
      - Wed, 29 Mar 2023 08:03:54 GMT
      expires:
      - '-1'
      pragma:
      - no-cache
      request-context:
      - appId=cid-v1:797d7e4e-8180-497e-a254-780fbd39ba4d
      strict-transport-security:
      - max-age=31536000; includeSubDomains
      transfer-encoding:
      - chunked
      vary:
      - Accept-Encoding
      x-content-type-options:
      - nosniff
      x-ms-ratelimit-remaining-subscription-resource-requests:
      - '11999'
      x-rp-server-mvid:
      - 2d8cffe0-ed19-4f32-b630-c96199e681e1
    status:
      code: 200
      message: OK
- request:
    body: '{"properties": {"source": {"type": "Jar", "relativePath": "<default>",
      "runtimeVersion": "Java_11"}, "deploymentSettings": {"resourceRequests": {"cpu":
      "1", "memory": "1Gi"}, "scale": {"minReplicas": 1, "maxReplicas": 10}}}, "sku":
      {"name": "S0", "tier": "Standard", "capacity": 1}}'
    headers:
      Accept:
      - application/json
      Accept-Encoding:
      - gzip, deflate
      CommandName:
      - spring app deployment create
      Connection:
      - keep-alive
      Content-Length:
      - '282'
      Content-Type:
      - application/json
      ParameterSetName:
      - --app -n -g -s
      User-Agent:
      - AZURECLI/2.46.0 azsdk-python-mgmt-appplatform/6.1.0 Python/3.8.3 (Windows-10-10.0.22621-SP0)
    method: PUT
    uri: https://management.azure.com/subscriptions/00000000-0000-0000-0000-000000000000/resourceGroups/cli/providers/Microsoft.AppPlatform/Spring/cli-unittest/apps/test-app-blue-green/deployments/mock-deployment?api-version=2023-03-01-preview
  response:
    body:
      string: '{"properties":{"deploymentSettings":{"resourceRequests":{"cpu":"1","memory":"1Gi"},"environmentVariables":null,"terminationGracePeriodSeconds":90},"provisioningState":"Creating","status":"Running","active":false,"instances":null,"source":{"type":"Jar","relativePath":"<default>","runtimeVersion":"Java_11"}},"type":"Microsoft.AppPlatform/Spring/apps/deployments","sku":{"name":"S0","tier":"Standard","capacity":1},"id":"/subscriptions/00000000-0000-0000-0000-000000000000/resourceGroups/cli/providers/Microsoft.AppPlatform/Spring/cli-unittest/apps/test-app-blue-green/deployments/green","name":"green","systemData":{"createdBy":"qingyliu@microsoft.com","createdByType":"User","createdAt":"2023-03-29T08:03:54.6557704Z","lastModifiedBy":"qingyliu@microsoft.com","lastModifiedByType":"User","lastModifiedAt":"2023-03-29T08:03:54.6557704Z"}}'
    headers:
      azure-asyncoperation:
      - https://management.azure.com/subscriptions/00000000-0000-0000-0000-000000000000/resourceGroups/cli/providers/Microsoft.AppPlatform/locations/centralindia/operationStatus/green/operationId/ac7f5f16-a96c-491c-a806-efd154c51e9d?api-version=2023-03-01-preview
      cache-control:
      - no-cache
      content-length:
      - '838'
      content-type:
      - application/json; charset=utf-8
      date:
      - Wed, 29 Mar 2023 08:03:55 GMT
      expires:
      - '-1'
      location:
      - https://management.azure.com/subscriptions/00000000-0000-0000-0000-000000000000/resourceGroups/cli/providers/Microsoft.AppPlatform/locations/centralindia/operationResults/ac7f5f16-a96c-491c-a806-efd154c51e9d/Spring/green?api-version=2023-03-01-preview
      pragma:
      - no-cache
      request-context:
      - appId=cid-v1:797d7e4e-8180-497e-a254-780fbd39ba4d
      strict-transport-security:
      - max-age=31536000; includeSubDomains
      x-content-type-options:
      - nosniff
      x-ms-ratelimit-remaining-subscription-resource-requests:
      - '1199'
      x-rp-server-mvid:
      - 2d8cffe0-ed19-4f32-b630-c96199e681e1
    status:
      code: 201
      message: Created
- request:
    body: null
    headers:
      Accept:
      - '*/*'
      Accept-Encoding:
      - gzip, deflate
      CommandName:
      - spring app deployment create
      Connection:
      - keep-alive
      ParameterSetName:
      - --app -n -g -s
      User-Agent:
      - AZURECLI/2.46.0 azsdk-python-mgmt-appplatform/6.1.0 Python/3.8.3 (Windows-10-10.0.22621-SP0)
    method: GET
    uri: https://management.azure.com/subscriptions/00000000-0000-0000-0000-000000000000/resourceGroups/cli/providers/Microsoft.AppPlatform/locations/centralindia/operationStatus/green/operationId/ac7f5f16-a96c-491c-a806-efd154c51e9d?api-version=2023-03-01-preview
  response:
    body:
      string: '{"id":"subscriptions/d51e3ffe-6b84-49cd-b426-0dc4ec660356/resourceGroups/cli/providers/Microsoft.AppPlatform/locations/centralindia/operationStatus/green/operationId/e25c0729-ab10-4eca-a7f4-0e7f298c48a9","name":"e25c0729-ab10-4eca-a7f4-0e7f298c48a9","status":"Succeeded","startTime":"2023-03-29T08:03:55.5946398Z","endTime":"2023-03-29T08:04:18.7276962Z"}'
    headers:
      cache-control:
      - no-cache
      content-length:
      - '355'
      content-type:
      - application/json; charset=utf-8
      date:
      - Wed, 29 Mar 2023 08:04:25 GMT
      expires:
      - '-1'
      pragma:
      - no-cache
      request-context:
      - appId=cid-v1:797d7e4e-8180-497e-a254-780fbd39ba4d
      strict-transport-security:
      - max-age=31536000; includeSubDomains
      transfer-encoding:
      - chunked
      vary:
      - Accept-Encoding
      x-content-type-options:
      - nosniff
      x-rp-server-mvid:
      - 2d8cffe0-ed19-4f32-b630-c96199e681e1
    status:
      code: 200
      message: OK
- request:
    body: null
    headers:
      Accept:
      - '*/*'
      Accept-Encoding:
      - gzip, deflate
      CommandName:
      - spring app deployment create
      Connection:
      - keep-alive
      ParameterSetName:
      - --app -n -g -s
      User-Agent:
      - AZURECLI/2.46.0 azsdk-python-mgmt-appplatform/6.1.0 Python/3.8.3 (Windows-10-10.0.22621-SP0)
    method: GET
    uri: https://management.azure.com/subscriptions/00000000-0000-0000-0000-000000000000/resourceGroups/cli/providers/Microsoft.AppPlatform/locations/centralindia/operationStatus/green/operationId/ac7f5f16-a96c-491c-a806-efd154c51e9d?api-version=2023-03-01-preview
  response:
    body:
      string: '{"properties":{"deploymentSettings":{"resourceRequests":{"cpu":"1","memory":"1Gi"},"environmentVariables":null,"terminationGracePeriodSeconds":90,"livenessProbe":{"disableProbe":false,"failureThreshold":3,"initialDelaySeconds":300,"periodSeconds":10,"successThreshold":1,"timeoutSeconds":3,"probeAction":{"type":"TCPSocketAction"}},"readinessProbe":{"disableProbe":false,"failureThreshold":3,"initialDelaySeconds":0,"periodSeconds":5,"successThreshold":1,"timeoutSeconds":3,"probeAction":{"type":"TCPSocketAction"}}},"provisioningState":"Succeeded","status":"Running","active":false,"instances":[{"name":"test-app-blue-green-green-19-77fd8c9958-c7dq9","status":"Running","discoveryStatus":"UNREGISTERED","startTime":"2023-03-29T08:03:59Z"}],"source":{"type":"Jar","relativePath":"<default>","runtimeVersion":"Java_11"}},"type":"Microsoft.AppPlatform/Spring/apps/deployments","sku":{"name":"S0","tier":"Standard","capacity":1},"id":"/subscriptions/00000000-0000-0000-0000-000000000000/resourceGroups/cli/providers/Microsoft.AppPlatform/Spring/cli-unittest/apps/test-app-blue-green/deployments/green","name":"green","systemData":{"createdBy":"qingyliu@microsoft.com","createdByType":"User","createdAt":"2023-03-29T08:03:54.6557704Z","lastModifiedBy":"qingyliu@microsoft.com","lastModifiedByType":"User","lastModifiedAt":"2023-03-29T08:03:54.6557704Z"}}'
    headers:
      cache-control:
      - no-cache
      content-length:
      - '1350'
      content-type:
      - application/json; charset=utf-8
      date:
      - Wed, 29 Mar 2023 08:04:28 GMT
      expires:
      - '-1'
      pragma:
      - no-cache
      request-context:
      - appId=cid-v1:797d7e4e-8180-497e-a254-780fbd39ba4d
      strict-transport-security:
      - max-age=31536000; includeSubDomains
      transfer-encoding:
      - chunked
      vary:
      - Accept-Encoding
      x-content-type-options:
      - nosniff
      x-ms-ratelimit-remaining-subscription-resource-requests:
      - '11998'
      x-rp-server-mvid:
      - 2d8cffe0-ed19-4f32-b630-c96199e681e1
    status:
      code: 200
      message: OK
- request:
    body: null
    headers:
      Accept:
      - application/json
      Accept-Encoding:
      - gzip, deflate
      CommandName:
      - spring app deployment create
      Connection:
      - keep-alive
      ParameterSetName:
      - --app -n -g -s
      User-Agent:
      - AZURECLI/2.46.0 azsdk-python-mgmt-appplatform/6.1.0 Python/3.8.3 (Windows-10-10.0.22621-SP0)
    method: GET
    uri: https://management.azure.com/subscriptions/00000000-0000-0000-0000-000000000000/resourceGroups/cli/providers/Microsoft.AppPlatform/locations/centralindia/operationStatus/green/operationId/ac7f5f16-a96c-491c-a806-efd154c51e9d?api-version=2023-03-01-preview
  response:
    body:
      string: '{"properties":{"deploymentSettings":{"resourceRequests":{"cpu":"1","memory":"1Gi"},"environmentVariables":null,"terminationGracePeriodSeconds":90,"livenessProbe":{"disableProbe":false,"failureThreshold":3,"initialDelaySeconds":300,"periodSeconds":10,"successThreshold":1,"timeoutSeconds":3,"probeAction":{"type":"TCPSocketAction"}},"readinessProbe":{"disableProbe":false,"failureThreshold":3,"initialDelaySeconds":0,"periodSeconds":5,"successThreshold":1,"timeoutSeconds":3,"probeAction":{"type":"TCPSocketAction"}}},"provisioningState":"Succeeded","status":"Running","active":false,"instances":[{"name":"test-app-blue-green-green-19-77fd8c9958-c7dq9","status":"Running","discoveryStatus":"UNREGISTERED","startTime":"2023-03-29T08:03:59Z"}],"source":{"type":"Jar","relativePath":"<default>","runtimeVersion":"Java_11"}},"type":"Microsoft.AppPlatform/Spring/apps/deployments","sku":{"name":"S0","tier":"Standard","capacity":1},"id":"/subscriptions/00000000-0000-0000-0000-000000000000/resourceGroups/cli/providers/Microsoft.AppPlatform/Spring/cli-unittest/apps/test-app-blue-green/deployments/green","name":"green","systemData":{"createdBy":"qingyliu@microsoft.com","createdByType":"User","createdAt":"2023-03-29T08:03:54.6557704Z","lastModifiedBy":"qingyliu@microsoft.com","lastModifiedByType":"User","lastModifiedAt":"2023-03-29T08:03:54.6557704Z"}}'
    headers:
      cache-control:
      - no-cache
      content-length:
      - '1350'
      content-type:
      - application/json; charset=utf-8
      date:
      - Wed, 29 Mar 2023 08:04:30 GMT
      expires:
      - '-1'
      pragma:
      - no-cache
      request-context:
      - appId=cid-v1:797d7e4e-8180-497e-a254-780fbd39ba4d
      strict-transport-security:
      - max-age=31536000; includeSubDomains
      transfer-encoding:
      - chunked
      vary:
      - Accept-Encoding
      x-content-type-options:
      - nosniff
      x-rp-server-mvid:
      - 6dbdb235-5cc6-4623-8007-38694e14f2b5
    status:
      code: 200
      message: OK
- request:
    body: null
    headers:
      Accept:
      - '*/*'
      Accept-Encoding:
      - gzip, deflate
      CommandName:
      - spring app deployment create
      Connection:
      - keep-alive
      ParameterSetName:
      - --app -n -g -s
      User-Agent:
      - AZURECLI/2.45.0 azsdk-python-mgmt-appplatform/6.1.0 Python/3.8.9 (Windows-10-10.0.22621-SP0)
    method: GET
    uri: https://management.azure.com/subscriptions/00000000-0000-0000-0000-000000000000/resourceGroups/cli/providers/Microsoft.AppPlatform/locations/centralindia/operationStatus/green/operationId/ac7f5f16-a96c-491c-a806-efd154c51e9d?api-version=2023-03-01-preview
  response:
    body:
      string: '{"id":"subscriptions/d51e3ffe-6b84-49cd-b426-0dc4ec660356/resourceGroups/cli/providers/Microsoft.AppPlatform/locations/centralindia/operationStatus/green/operationId/ac7f5f16-a96c-491c-a806-efd154c51e9d","name":"ac7f5f16-a96c-491c-a806-efd154c51e9d","status":"Running","startTime":"2023-02-20T03:27:10.2327827Z"}'
    headers:
      cache-control:
      - no-cache
      content-length:
      - '312'
      content-type:
      - application/json; charset=utf-8
      date:
      - Mon, 20 Feb 2023 03:27:40 GMT
      expires:
      - '-1'
      pragma:
      - no-cache
      request-context:
      - appId=cid-v1:797d7e4e-8180-497e-a254-780fbd39ba4d
      strict-transport-security:
      - max-age=31536000; includeSubDomains
      transfer-encoding:
      - chunked
      vary:
      - Accept-Encoding
      x-content-type-options:
      - nosniff
      x-rp-server-mvid:
      - 6dbdb235-5cc6-4623-8007-38694e14f2b5
    status:
      code: 200
      message: OK
- request:
    body: null
    headers:
      Accept:
      - '*/*'
      Accept-Encoding:
      - gzip, deflate
      CommandName:
      - spring app deployment create
      Connection:
      - keep-alive
      ParameterSetName:
      - --app -n -g -s
      User-Agent:
      - AZURECLI/2.45.0 azsdk-python-mgmt-appplatform/6.1.0 Python/3.8.9 (Windows-10-10.0.22621-SP0)
    method: GET
    uri: https://management.azure.com/subscriptions/00000000-0000-0000-0000-000000000000/resourceGroups/cli/providers/Microsoft.AppPlatform/locations/centralindia/operationStatus/green/operationId/ac7f5f16-a96c-491c-a806-efd154c51e9d?api-version=2023-03-01-preview
  response:
    body:
      string: '{"id":"subscriptions/d51e3ffe-6b84-49cd-b426-0dc4ec660356/resourceGroups/cli/providers/Microsoft.AppPlatform/locations/centralindia/operationStatus/green/operationId/ac7f5f16-a96c-491c-a806-efd154c51e9d","name":"ac7f5f16-a96c-491c-a806-efd154c51e9d","status":"Succeeded","startTime":"2023-02-20T03:27:10.2327827Z","endTime":"2023-02-20T03:27:45.2695173Z"}'
    headers:
      cache-control:
      - no-cache
      content-length:
      - '355'
      content-type:
      - application/json; charset=utf-8
      date:
      - Mon, 20 Feb 2023 03:27:52 GMT
      expires:
      - '-1'
      pragma:
      - no-cache
      request-context:
      - appId=cid-v1:797d7e4e-8180-497e-a254-780fbd39ba4d
      strict-transport-security:
      - max-age=31536000; includeSubDomains
      transfer-encoding:
      - chunked
      vary:
      - Accept-Encoding
      x-content-type-options:
      - nosniff
      x-rp-server-mvid:
      - 6dbdb235-5cc6-4623-8007-38694e14f2b5
    status:
      code: 200
      message: OK
- request:
    body: null
    headers:
      Accept:
      - '*/*'
      Accept-Encoding:
      - gzip, deflate
      CommandName:
      - spring app deployment create
      Connection:
      - keep-alive
      ParameterSetName:
      - --app -n -g -s
      User-Agent:
      - AZURECLI/2.45.0 azsdk-python-mgmt-appplatform/6.1.0 Python/3.8.9 (Windows-10-10.0.22621-SP0)
    method: GET
    uri: https://management.azure.com/subscriptions/00000000-0000-0000-0000-000000000000/resourceGroups/cli/providers/Microsoft.AppPlatform/Spring/cli-unittest/apps/test-app-blue-green/deployments/mock-deployment?api-version=2023-03-01-preview
  response:
    body:
      string: '{"properties":{"deploymentSettings":{"resourceRequests":{"cpu":"1","memory":"1Gi"},"environmentVariables":null,"terminationGracePeriodSeconds":90,"livenessProbe":{"disableProbe":false,"failureThreshold":3,"initialDelaySeconds":300,"periodSeconds":10,"successThreshold":1,"timeoutSeconds":3,"probeAction":{"type":"TCPSocketAction"}},"readinessProbe":{"disableProbe":false,"failureThreshold":3,"initialDelaySeconds":0,"periodSeconds":5,"successThreshold":1,"timeoutSeconds":3,"probeAction":{"type":"TCPSocketAction"}}},"provisioningState":"Succeeded","status":"Running","active":false,"instances":[{"name":"test-app-blue-green-green-19-7f87c7bcc-n9xk8","status":"Running","discoveryStatus":"UNREGISTERED","startTime":"2023-02-20T03:27:16Z"}],"source":{"type":"Jar","relativePath":"<default>","runtimeVersion":"Java_11"}},"type":"Microsoft.AppPlatform/Spring/apps/deployments","sku":{"name":"S0","tier":"Standard","capacity":1},"id":"/subscriptions/00000000-0000-0000-0000-000000000000/resourceGroups/cli/providers/Microsoft.AppPlatform/Spring/cli-unittest/apps/test-app-blue-green/deployments/green","name":"green","systemData":{"createdBy":"pensh@microsoft.com","createdByType":"User","createdAt":"2023-02-20T03:27:08.8895968Z","lastModifiedBy":"pensh@microsoft.com","lastModifiedByType":"User","lastModifiedAt":"2023-02-20T03:27:08.8895968Z"}}'
    headers:
      cache-control:
      - no-cache
      content-length:
      - '1343'
      content-type:
      - application/json; charset=utf-8
      date:
      - Mon, 20 Feb 2023 03:27:54 GMT
      expires:
      - '-1'
      pragma:
      - no-cache
      request-context:
      - appId=cid-v1:797d7e4e-8180-497e-a254-780fbd39ba4d
      strict-transport-security:
      - max-age=31536000; includeSubDomains
      transfer-encoding:
      - chunked
      vary:
      - Accept-Encoding
      x-content-type-options:
      - nosniff
      x-ms-ratelimit-remaining-subscription-resource-requests:
      - '11997'
      x-rp-server-mvid:
      - 2d8cffe0-ed19-4f32-b630-c96199e681e1
    status:
      code: 200
      message: OK
- request:
    body: null
    headers:
      Accept:
      - application/json
      Accept-Encoding:
      - gzip, deflate
      CommandName:
      - spring app deployment create
      Connection:
      - keep-alive
      ParameterSetName:
      - --app -n -g -s
      User-Agent:
      - AZURECLI/2.46.0 azsdk-python-mgmt-appplatform/6.1.0 Python/3.8.3 (Windows-10-10.0.22621-SP0)
    method: GET
    uri: https://management.azure.com/subscriptions/00000000-0000-0000-0000-000000000000/resourceGroups/cli/providers/Microsoft.AppPlatform/Spring/cli-unittest/apps/test-app-blue-green/deployments/mock-deployment?api-version=2023-03-01-preview
  response:
    body:
      string: '{"properties":{"provisioningState":"Succeeded","zoneRedundant":false,"version":3,"serviceId":"56e88126a961459ca367bb6223cf4a16","networkProfile":{"outboundIPs":{"publicIPs":["20.219.181.209","20.219.183.20"]},"outboundType":"loadBalancer"},"powerState":"Running","fqdn":"cli-unittest.azuremicroservices.io"},"type":"Microsoft.AppPlatform/Spring","sku":{"name":"S0","tier":"Standard"},"location":"centralindia","tags":{},"id":"/subscriptions/00000000-0000-0000-0000-000000000000/resourceGroups/cli/providers/Microsoft.AppPlatform/Spring/cli-unittest","name":"cli-unittest","systemData":{"createdBy":"pensh@microsoft.com","createdByType":"User","createdAt":"2023-03-23T02:52:58.6146926Z","lastModifiedBy":"pensh@microsoft.com","lastModifiedByType":"User","lastModifiedAt":"2023-03-23T02:57:49.439147Z"}}'
    headers:
      cache-control:
      - no-cache
      content-length:
      - '801'
      content-type:
      - application/json; charset=utf-8
      date:
      - Wed, 29 Mar 2023 08:04:31 GMT
      expires:
      - '-1'
      pragma:
      - no-cache
      request-context:
      - appId=cid-v1:797d7e4e-8180-497e-a254-780fbd39ba4d
      strict-transport-security:
      - max-age=31536000; includeSubDomains
      transfer-encoding:
      - chunked
      vary:
      - Accept-Encoding
      x-content-type-options:
      - nosniff
      x-ms-ratelimit-remaining-subscription-resource-requests:
      - '11999'
      x-rp-server-mvid:
      - 2d8cffe0-ed19-4f32-b630-c96199e681e1
    status:
      code: 200
      message: OK
- request:
    body: null
    headers:
      Accept:
      - application/json
      Accept-Encoding:
      - gzip, deflate
      CommandName:
      - spring app deployment create
      Connection:
      - keep-alive
      Content-Length:
      - '0'
      ParameterSetName:
      - --app -n -g -s
      User-Agent:
      - AZURECLI/2.46.0 azsdk-python-mgmt-appplatform/6.1.0 Python/3.8.3 (Windows-10-10.0.22621-SP0)
    method: POST
    uri: https://management.azure.com/subscriptions/00000000-0000-0000-0000-000000000000/resourceGroups/cli/providers/Microsoft.AppPlatform/Spring/cli-unittest/listTestKeys?api-version=2023-03-01-preview
  response:
    body:
      string: '{"primaryKey":"g8Txb3WjhsLbmSTNRt00QSi7oJMugRsSvwrllEl6k9S9anvSrOG3624SObNEspif","secondaryKey":"e7KVYhTdOPRs7yhnDN0p9oA96TFjn8WtwAHJBRMzkJNP6sBji1m1ovwBKs0X1jIN","primaryTestEndpoint":"https://primary:g8Txb3WjhsLbmSTNRt00QSi7oJMugRsSvwrllEl6k9S9anvSrOG3624SObNEspif@cli-unittest.test.azuremicroservices.io","secondaryTestEndpoint":"https://secondary:e7KVYhTdOPRs7yhnDN0p9oA96TFjn8WtwAHJBRMzkJNP6sBji1m1ovwBKs0X1jIN@cli-unittest.test.azuremicroservices.io","enabled":true}'
    headers:
      cache-control:
      - no-cache
      content-length:
      - '472'
      content-type:
      - application/json; charset=utf-8
      date:
      - Wed, 29 Mar 2023 08:04:32 GMT
      expires:
      - '-1'
      pragma:
      - no-cache
      request-context:
      - appId=cid-v1:797d7e4e-8180-497e-a254-780fbd39ba4d
      strict-transport-security:
      - max-age=31536000; includeSubDomains
      transfer-encoding:
      - chunked
      vary:
      - Accept-Encoding
      x-content-type-options:
      - nosniff
      x-ms-ratelimit-remaining-subscription-writes:
      - '1199'
      x-rp-server-mvid:
      - 2d8cffe0-ed19-4f32-b630-c96199e681e1
    status:
      code: 200
      message: OK
- request:
    body: null
    headers:
      Accept:
      - '*/*'
      Accept-Encoding:
      - gzip, deflate
      Connection:
      - keep-alive
      User-Agent:
      - python-requests/2.27.1
    method: GET
    uri: https://cli-unittest.azuremicroservices.io/api/logstream/apps/test-app-blue-green/instances/test-app-blue-green-green-19-77fd8c9958-c7dq9?tailLines=500&limitBytes=1048576&sinceSeconds=300
  response:
    body:
      string: "BUILD_IN_EUREKA_CLIENT_SERVICEURL_DEFAULTZONE=https://cli-unittest.svc.azuremicroservices.io/eureka/eureka\nBUILD_IN_SPRING_CLOUD_CONFIG_URI=https://cli-unittest.svc.azuremicroservices.io/config\nBUILD_IN_SPRING_CLOUD_CONFIG_FAILFAST=true\n\n
        \ .   ____          _            __ _ _\n /\\\\ / ___'_ __ _ _(_)_ __  __
        _ \\ \\ \\ \\\n( ( )\\___ | '_ | '_| | '_ \\/ _` | \\ \\ \\ \\\n \\\\/  ___)|
        |_)| | | | | || (_| |  ) ) ) )\n  '  |____| .__|_| |_|_| |_\\__, | / / / /\n
        =========|_|==============|___/=/_/_/_/\n :: Spring Boot ::                (v2.7.6)\n\n2023-03-29
        08:04:03.897  INFO 1 --- [           main] hello.Application                        :
        Starting Application v1.0.0 using Java 11.0.18 on test-app-blue-green-green-19-77fd8c9958-c7dq9
        with PID 1 (/app.jar started by cnb in /)\n2023-03-29 08:04:03.900  INFO 1
        --- [           main] hello.Application                        : No active
        profile set, falling back to 1 default profile: \"default\"\n2023-03-29 08:04:06.197
        \ INFO 1 --- [           main] o.s.cloud.context.scope.GenericScope     :
        BeanFactory id=56a0afe6-5735-31dd-a4aa-f431951c6211\n2023-03-29 08:04:06.901
        \ INFO 1 --- [           main] o.s.b.w.embedded.tomcat.TomcatWebServer  :
        Tomcat initialized with port(s): 1025 (http)\n2023-03-29 08:04:06.914  INFO
        1 --- [           main] o.apache.catalina.core.StandardService   : Starting
        service [Tomcat]\n2023-03-29 08:04:06.914  INFO 1 --- [           main] org.apache.catalina.core.StandardEngine
        \ : Starting Servlet engine: [Apache Tomcat/9.0.69]\n2023-03-29 08:04:07.092
        \ INFO 1 --- [           main] o.a.c.c.C.[Tomcat].[localhost].[/]       :
        Initializing Spring embedded WebApplicationContext\n2023-03-29 08:04:07.092
        \ INFO 1 --- [           main] w.s.c.ServletWebServerApplicationContext :
        Root WebApplicationContext: initialization completed in 3092 ms\n2023-03-29
        08:04:08.592  INFO 1 --- [           main] o.s.b.a.w.s.WelcomePageHandlerMapping
        \   : Adding welcome page: class path resource [static/index.html]\n2023-03-29
        08:04:09.198  INFO 1 --- [           main] o.s.b.a.e.web.EndpointLinksResolver
        \     : Exposing 2 endpoint(s) beneath base path '/actuator'\n2023-03-29 08:04:09.295
        \ INFO 1 --- [           main] o.s.b.w.embedded.tomcat.TomcatWebServer  :
        Tomcat started on port(s): 1025 (http) with context path ''\n2023-03-29 08:04:09.374
        \ INFO 1 --- [           main] hello.Application                        :
        Started Application in 6.922 seconds (JVM running for 7.948)\n"
    headers:
      connection:
      - keep-alive
      content-type:
      - text/plain
      date:
      - Wed, 29 Mar 2023 08:04:34 GMT
      strict-transport-security:
      - max-age=15724800; includeSubDomains
      transfer-encoding:
      - chunked
    status:
      code: 200
      message: OK
- request:
    body: null
    headers:
      Accept:
      - application/json
      Accept-Encoding:
      - gzip, deflate
      CommandName:
      - spring app deployment create
      Connection:
      - keep-alive
      ParameterSetName:
      - --app -n -g -s
      User-Agent:
      - AZURECLI/2.46.0 azsdk-python-mgmt-appplatform/6.1.0 Python/3.8.3 (Windows-10-10.0.22621-SP0)
    method: GET
    uri: https://management.azure.com/subscriptions/00000000-0000-0000-0000-000000000000/resourceGroups/cli/providers/Microsoft.AppPlatform/Spring/cli-unittest/apps/test-app-blue-green/deployments/mock-deployment?api-version=2023-03-01-preview
  response:
    body:
      string: '{"properties":{"deploymentSettings":{"resourceRequests":{"cpu":"1","memory":"1Gi"},"environmentVariables":null,"terminationGracePeriodSeconds":90,"livenessProbe":{"disableProbe":false,"failureThreshold":3,"initialDelaySeconds":300,"periodSeconds":10,"successThreshold":1,"timeoutSeconds":3,"probeAction":{"type":"TCPSocketAction"}},"readinessProbe":{"disableProbe":false,"failureThreshold":3,"initialDelaySeconds":0,"periodSeconds":5,"successThreshold":1,"timeoutSeconds":3,"probeAction":{"type":"TCPSocketAction"}}},"provisioningState":"Succeeded","status":"Running","active":false,"instances":[{"name":"test-app-blue-green-green-19-77fd8c9958-c7dq9","status":"Running","discoveryStatus":"UNREGISTERED","startTime":"2023-03-29T08:03:59Z"}],"source":{"type":"Jar","relativePath":"<default>","runtimeVersion":"Java_11"}},"type":"Microsoft.AppPlatform/Spring/apps/deployments","sku":{"name":"S0","tier":"Standard","capacity":1},"id":"/subscriptions/00000000-0000-0000-0000-000000000000/resourceGroups/cli/providers/Microsoft.AppPlatform/Spring/cli-unittest/apps/test-app-blue-green/deployments/green","name":"green","systemData":{"createdBy":"qingyliu@microsoft.com","createdByType":"User","createdAt":"2023-03-29T08:03:54.6557704Z","lastModifiedBy":"qingyliu@microsoft.com","lastModifiedByType":"User","lastModifiedAt":"2023-03-29T08:03:54.6557704Z"}}'
    headers:
      cache-control:
      - no-cache
      content-length:
      - '1350'
      content-type:
      - application/json; charset=utf-8
      date:
      - Wed, 29 Mar 2023 08:04:35 GMT
      expires:
      - '-1'
      pragma:
      - no-cache
      request-context:
      - appId=cid-v1:797d7e4e-8180-497e-a254-780fbd39ba4d
      strict-transport-security:
      - max-age=31536000; includeSubDomains
      transfer-encoding:
      - chunked
      vary:
      - Accept-Encoding
      x-content-type-options:
      - nosniff
      x-ms-ratelimit-remaining-subscription-resource-requests:
      - '11996'
      x-rp-server-mvid:
      - 2d8cffe0-ed19-4f32-b630-c96199e681e1
    status:
      code: 200
      message: OK
- request:
    body: null
    headers:
      Accept:
      - application/json
      Accept-Encoding:
      - gzip, deflate
      CommandName:
      - spring app deployment list
      Connection:
      - keep-alive
      ParameterSetName:
      - --app -g -s
      User-Agent:
      - AZURECLI/2.46.0 azsdk-python-mgmt-appplatform/6.1.0 Python/3.8.3 (Windows-10-10.0.22621-SP0)
    method: GET
    uri: https://management.azure.com/subscriptions/00000000-0000-0000-0000-000000000000/resourceGroups/cli/providers/Microsoft.AppPlatform/Spring/cli-unittest/apps/test-app-blue-green/deployments?api-version=2023-03-01-preview
  response:
    body:
      string: '{"value":[{"properties":{"deploymentSettings":{"resourceRequests":{"cpu":"1","memory":"1Gi"},"environmentVariables":null,"terminationGracePeriodSeconds":90,"livenessProbe":{"disableProbe":false,"failureThreshold":3,"initialDelaySeconds":300,"periodSeconds":10,"successThreshold":1,"timeoutSeconds":3,"probeAction":{"type":"TCPSocketAction"}},"readinessProbe":{"disableProbe":false,"failureThreshold":3,"initialDelaySeconds":0,"periodSeconds":5,"successThreshold":1,"timeoutSeconds":3,"probeAction":{"type":"TCPSocketAction"}}},"provisioningState":"Succeeded","status":"Running","active":true,"instances":[{"name":"test-app-blue-green-default-19-648df95f4c-lvgld","status":"Running","discoveryStatus":"UNREGISTERED","startTime":"2023-03-29T08:03:17Z"}],"source":{"type":"Jar","relativePath":"<default>","runtimeVersion":"Java_11"}},"type":"Microsoft.AppPlatform/Spring/apps/deployments","sku":{"name":"S0","tier":"Standard","capacity":1},"id":"/subscriptions/00000000-0000-0000-0000-000000000000/resourceGroups/cli/providers/Microsoft.AppPlatform/Spring/cli-unittest/apps/test-app-blue-green/deployments/default","name":"default","systemData":{"createdBy":"qingyliu@microsoft.com","createdByType":"User","createdAt":"2023-03-29T08:03:08.7641911Z","lastModifiedBy":"qingyliu@microsoft.com","lastModifiedByType":"User","lastModifiedAt":"2023-03-29T08:03:08.7641911Z"}},{"properties":{"deploymentSettings":{"resourceRequests":{"cpu":"1","memory":"1Gi"},"environmentVariables":null,"terminationGracePeriodSeconds":90,"livenessProbe":{"disableProbe":false,"failureThreshold":3,"initialDelaySeconds":300,"periodSeconds":10,"successThreshold":1,"timeoutSeconds":3,"probeAction":{"type":"TCPSocketAction"}},"readinessProbe":{"disableProbe":false,"failureThreshold":3,"initialDelaySeconds":0,"periodSeconds":5,"successThreshold":1,"timeoutSeconds":3,"probeAction":{"type":"TCPSocketAction"}}},"provisioningState":"Succeeded","status":"Running","active":false,"instances":[{"name":"test-app-blue-green-green-19-77fd8c9958-c7dq9","status":"Running","discoveryStatus":"UNREGISTERED","startTime":"2023-03-29T08:03:59Z"}],"source":{"type":"Jar","relativePath":"<default>","runtimeVersion":"Java_11"}},"type":"Microsoft.AppPlatform/Spring/apps/deployments","sku":{"name":"S0","tier":"Standard","capacity":1},"id":"/subscriptions/00000000-0000-0000-0000-000000000000/resourceGroups/cli/providers/Microsoft.AppPlatform/Spring/cli-unittest/apps/test-app-blue-green/deployments/green","name":"green","systemData":{"createdBy":"qingyliu@microsoft.com","createdByType":"User","createdAt":"2023-03-29T08:03:54.6557704Z","lastModifiedBy":"qingyliu@microsoft.com","lastModifiedByType":"User","lastModifiedAt":"2023-03-29T08:03:54.6557704Z"}}]}'
    headers:
      cache-control:
      - no-cache
      content-length:
      - '2718'
      content-type:
      - application/json; charset=utf-8
      date:
      - Wed, 29 Mar 2023 08:04:39 GMT
      expires:
      - '-1'
      pragma:
      - no-cache
      request-context:
      - appId=cid-v1:797d7e4e-8180-497e-a254-780fbd39ba4d
      strict-transport-security:
      - max-age=31536000; includeSubDomains
      transfer-encoding:
      - chunked
      vary:
      - Accept-Encoding
      x-content-type-options:
      - nosniff
      x-ms-ratelimit-remaining-subscription-resource-requests:
      - '11999'
      x-rp-server-mvid:
      - 2d8cffe0-ed19-4f32-b630-c96199e681e1
    status:
      code: 200
      message: OK
- request:
    body: null
    headers:
      Accept:
      - application/json
      Accept-Encoding:
      - gzip, deflate
      CommandName:
      - spring app set-deployment
      Connection:
      - keep-alive
      ParameterSetName:
      - -d -n -g -s
      User-Agent:
      - AZURECLI/2.46.0 azsdk-python-mgmt-appplatform/6.1.0 Python/3.8.3 (Windows-10-10.0.22621-SP0)
    method: GET
    uri: https://management.azure.com/subscriptions/00000000-0000-0000-0000-000000000000/resourceGroups/cli/providers/Microsoft.AppPlatform/Spring/cli-unittest/apps/test-app-blue-green/deployments/mock-deployment?api-version=2023-03-01-preview
  response:
    body:
      string: '{"properties":{"deploymentSettings":{"resourceRequests":{"cpu":"1","memory":"1Gi"},"environmentVariables":null,"terminationGracePeriodSeconds":90,"livenessProbe":{"disableProbe":false,"failureThreshold":3,"initialDelaySeconds":300,"periodSeconds":10,"successThreshold":1,"timeoutSeconds":3,"probeAction":{"type":"TCPSocketAction"}},"readinessProbe":{"disableProbe":false,"failureThreshold":3,"initialDelaySeconds":0,"periodSeconds":5,"successThreshold":1,"timeoutSeconds":3,"probeAction":{"type":"TCPSocketAction"}}},"provisioningState":"Succeeded","status":"Running","active":false,"instances":[{"name":"test-app-blue-green-green-19-77fd8c9958-c7dq9","status":"Running","discoveryStatus":"UNREGISTERED","startTime":"2023-03-29T08:03:59Z"}],"source":{"type":"Jar","relativePath":"<default>","runtimeVersion":"Java_11"}},"type":"Microsoft.AppPlatform/Spring/apps/deployments","sku":{"name":"S0","tier":"Standard","capacity":1},"id":"/subscriptions/00000000-0000-0000-0000-000000000000/resourceGroups/cli/providers/Microsoft.AppPlatform/Spring/cli-unittest/apps/test-app-blue-green/deployments/green","name":"green","systemData":{"createdBy":"qingyliu@microsoft.com","createdByType":"User","createdAt":"2023-03-29T08:03:54.6557704Z","lastModifiedBy":"qingyliu@microsoft.com","lastModifiedByType":"User","lastModifiedAt":"2023-03-29T08:03:54.6557704Z"}}'
    headers:
      cache-control:
      - no-cache
      content-length:
      - '1350'
      content-type:
      - application/json; charset=utf-8
      date:
      - Wed, 29 Mar 2023 08:04:45 GMT
      expires:
      - '-1'
      pragma:
      - no-cache
      request-context:
      - appId=cid-v1:797d7e4e-8180-497e-a254-780fbd39ba4d
      strict-transport-security:
      - max-age=31536000; includeSubDomains
      transfer-encoding:
      - chunked
      vary:
      - Accept-Encoding
      x-content-type-options:
      - nosniff
      x-ms-ratelimit-remaining-subscription-resource-requests:
      - '11999'
      x-rp-server-mvid:
      - 2d8cffe0-ed19-4f32-b630-c96199e681e1
    status:
      code: 200
      message: OK
- request:
    body: '{"activeDeploymentNames": ["green"]}'
    headers:
      Accept:
      - application/json
      Accept-Encoding:
      - gzip, deflate
      CommandName:
      - spring app set-deployment
      Connection:
      - keep-alive
      Content-Length:
      - '36'
      Content-Type:
      - application/json
      ParameterSetName:
      - -d -n -g -s
      User-Agent:
      - AZURECLI/2.46.0 azsdk-python-mgmt-appplatform/6.1.0 Python/3.8.3 (Windows-10-10.0.22621-SP0)
    method: POST
    uri: https://management.azure.com/subscriptions/00000000-0000-0000-0000-000000000000/resourceGroups/cli/providers/Microsoft.AppPlatform/Spring/cli-unittest/apps/test-app-blue-green/setActiveDeployments?api-version=2023-03-01-preview
  response:
    body:
      string: '{"properties":{"addonConfigs":{"applicationConfigurationService":{},"serviceRegistry":{}},"public":false,"provisioningState":"Updating","fqdn":"cli-unittest.azuremicroservices.io","httpsOnly":false,"temporaryDisk":{"sizeInGB":5,"mountPath":"/tmp"},"persistentDisk":{"sizeInGB":0,"mountPath":"/persistent"},"enableEndToEndTLS":false,"ingressSettings":{"readTimeoutInSeconds":300,"sendTimeoutInSeconds":60,"sessionCookieMaxAge":0,"sessionAffinity":"None","backendProtocol":"Default"}},"type":"Microsoft.AppPlatform/Spring/apps","identity":null,"location":"centralindia","id":"/subscriptions/00000000-0000-0000-0000-000000000000/resourceGroups/cli/providers/Microsoft.AppPlatform/Spring/cli-unittest/apps/test-app-blue-green","name":"test-app-blue-green","systemData":{"createdBy":"qingyliu@microsoft.com","createdByType":"User","createdAt":"2023-03-29T08:02:32.6074823Z","lastModifiedBy":"qingyliu@microsoft.com","lastModifiedByType":"User","lastModifiedAt":"2023-03-29T08:04:46.6471044Z"}}'
    headers:
      azure-asyncoperation:
      - https://management.azure.com/subscriptions/00000000-0000-0000-0000-000000000000/resourceGroups/cli/providers/Microsoft.AppPlatform/locations/centralindia/operationStatus/test-app-blue-green/operationId/c16faa61-143f-4e9d-ae96-f6b448d470e7?api-version=2023-03-01-preview
      cache-control:
      - no-cache
      content-length:
      - '988'
      content-type:
      - application/json; charset=utf-8
      date:
      - Wed, 29 Mar 2023 08:04:46 GMT
      expires:
      - '-1'
      location:
      - https://management.azure.com/subscriptions/00000000-0000-0000-0000-000000000000/resourceGroups/cli/providers/Microsoft.AppPlatform/locations/centralindia/operationResults/c16faa61-143f-4e9d-ae96-f6b448d470e7/Spring/test-app-blue-green?api-version=2023-03-01-preview
      pragma:
      - no-cache
      request-context:
      - appId=cid-v1:797d7e4e-8180-497e-a254-780fbd39ba4d
      strict-transport-security:
      - max-age=31536000; includeSubDomains
      x-content-type-options:
      - nosniff
      x-ms-ratelimit-remaining-subscription-writes:
      - '1199'
      x-rp-server-mvid:
      - 2d8cffe0-ed19-4f32-b630-c96199e681e1
    status:
      code: 202
      message: Accepted
- request:
    body: null
    headers:
      Accept:
      - '*/*'
      Accept-Encoding:
      - gzip, deflate
      CommandName:
      - spring app set-deployment
      Connection:
      - keep-alive
      ParameterSetName:
      - -d -n -g -s
      User-Agent:
      - AZURECLI/2.46.0 azsdk-python-mgmt-appplatform/6.1.0 Python/3.8.3 (Windows-10-10.0.22621-SP0)
    method: GET
    uri: https://management.azure.com/subscriptions/00000000-0000-0000-0000-000000000000/resourceGroups/cli/providers/Microsoft.AppPlatform/locations/centralindia/operationStatus/test-app-blue-green/operationId/c16faa61-143f-4e9d-ae96-f6b448d470e7?api-version=2023-03-01-preview
  response:
    body:
      string: '{"id":"subscriptions/d51e3ffe-6b84-49cd-b426-0dc4ec660356/resourceGroups/cli/providers/Microsoft.AppPlatform/locations/centralindia/operationStatus/test-app-blue-green/operationId/a7ea4550-8a4d-4cf2-8455-16be44778c3a","name":"a7ea4550-8a4d-4cf2-8455-16be44778c3a","status":"Succeeded","startTime":"2023-03-29T08:04:47.4521464Z","endTime":"2023-03-29T08:05:00.2998158Z"}'
    headers:
      cache-control:
      - no-cache
      content-length:
      - '326'
      content-type:
      - application/json; charset=utf-8
      date:
      - Mon, 20 Feb 2023 03:28:13 GMT
      expires:
      - '-1'
      pragma:
      - no-cache
      request-context:
      - appId=cid-v1:797d7e4e-8180-497e-a254-780fbd39ba4d
      strict-transport-security:
      - max-age=31536000; includeSubDomains
      transfer-encoding:
      - chunked
      vary:
      - Accept-Encoding
      x-content-type-options:
      - nosniff
      x-rp-server-mvid:
      - 6dbdb235-5cc6-4623-8007-38694e14f2b5
    status:
      code: 200
      message: OK
- request:
    body: null
    headers:
      Accept:
      - '*/*'
      Accept-Encoding:
      - gzip, deflate
      CommandName:
      - spring app set-deployment
      Connection:
      - keep-alive
      ParameterSetName:
      - -d -n -g -s
      User-Agent:
      - AZURECLI/2.45.0 azsdk-python-mgmt-appplatform/6.1.0 Python/3.8.9 (Windows-10-10.0.22621-SP0)
    method: GET
    uri: https://management.azure.com/subscriptions/00000000-0000-0000-0000-000000000000/resourceGroups/cli/providers/Microsoft.AppPlatform/locations/centralindia/operationStatus/test-app-blue-green/operationId/c16faa61-143f-4e9d-ae96-f6b448d470e7?api-version=2023-03-01-preview
  response:
    body:
      string: '{"id":"subscriptions/d51e3ffe-6b84-49cd-b426-0dc4ec660356/resourceGroups/cli/providers/Microsoft.AppPlatform/locations/centralindia/operationStatus/test-app-blue-green/operationId/c16faa61-143f-4e9d-ae96-f6b448d470e7","name":"c16faa61-143f-4e9d-ae96-f6b448d470e7","status":"Running","startTime":"2023-02-20T03:28:13.9947217Z"}'
    headers:
      cache-control:
      - no-cache
      content-length:
      - '326'
      content-type:
      - application/json; charset=utf-8
      date:
      - Mon, 20 Feb 2023 03:28:24 GMT
      expires:
      - '-1'
      pragma:
      - no-cache
      request-context:
      - appId=cid-v1:797d7e4e-8180-497e-a254-780fbd39ba4d
      strict-transport-security:
      - max-age=31536000; includeSubDomains
      transfer-encoding:
      - chunked
      vary:
      - Accept-Encoding
      x-content-type-options:
      - nosniff
      x-rp-server-mvid:
      - 6dbdb235-5cc6-4623-8007-38694e14f2b5
    status:
      code: 200
      message: OK
- request:
    body: null
    headers:
      Accept:
      - '*/*'
      Accept-Encoding:
      - gzip, deflate
      CommandName:
      - spring app set-deployment
      Connection:
      - keep-alive
      ParameterSetName:
      - -d -n -g -s
      User-Agent:
      - AZURECLI/2.45.0 azsdk-python-mgmt-appplatform/6.1.0 Python/3.8.9 (Windows-10-10.0.22621-SP0)
    method: GET
    uri: https://management.azure.com/subscriptions/00000000-0000-0000-0000-000000000000/resourceGroups/cli/providers/Microsoft.AppPlatform/locations/centralindia/operationStatus/test-app-blue-green/operationId/c16faa61-143f-4e9d-ae96-f6b448d470e7?api-version=2023-03-01-preview
  response:
    body:
      string: '{"id":"subscriptions/d51e3ffe-6b84-49cd-b426-0dc4ec660356/resourceGroups/cli/providers/Microsoft.AppPlatform/locations/centralindia/operationStatus/test-app-blue-green/operationId/c16faa61-143f-4e9d-ae96-f6b448d470e7","name":"c16faa61-143f-4e9d-ae96-f6b448d470e7","status":"Succeeded","startTime":"2023-02-20T03:28:13.9947217Z","endTime":"2023-02-20T03:28:33.3057409Z"}'
    headers:
      cache-control:
      - no-cache
      content-length:
      - '369'
      content-type:
      - application/json; charset=utf-8
      date:
      - Wed, 29 Mar 2023 08:05:17 GMT
      expires:
      - '-1'
      pragma:
      - no-cache
      request-context:
      - appId=cid-v1:797d7e4e-8180-497e-a254-780fbd39ba4d
      strict-transport-security:
      - max-age=31536000; includeSubDomains
      transfer-encoding:
      - chunked
      vary:
      - Accept-Encoding
      x-content-type-options:
      - nosniff
      x-rp-server-mvid:
      - 2d8cffe0-ed19-4f32-b630-c96199e681e1
    status:
      code: 200
      message: OK
- request:
    body: null
    headers:
      Accept:
      - '*/*'
      Accept-Encoding:
      - gzip, deflate
      CommandName:
      - spring app set-deployment
      Connection:
      - keep-alive
      ParameterSetName:
      - -d -n -g -s
      User-Agent:
      - AZURECLI/2.46.0 azsdk-python-mgmt-appplatform/6.1.0 Python/3.8.3 (Windows-10-10.0.22621-SP0)
    method: GET
    uri: https://management.azure.com/subscriptions/00000000-0000-0000-0000-000000000000/resourceGroups/cli/providers/Microsoft.AppPlatform/locations/centralindia/operationResults/c16faa61-143f-4e9d-ae96-f6b448d470e7/Spring/test-app-blue-green?api-version=2023-03-01-preview
  response:
    body:
      string: '{"properties":{"addonConfigs":{"applicationConfigurationService":{},"serviceRegistry":{}},"public":false,"provisioningState":"Succeeded","activeDeploymentName":"green","fqdn":"cli-unittest.azuremicroservices.io","httpsOnly":false,"createdTime":"2023-03-29T08:02:39.84Z","temporaryDisk":{"sizeInGB":5,"mountPath":"/tmp"},"persistentDisk":{"sizeInGB":0,"mountPath":"/persistent"},"enableEndToEndTLS":false,"ingressSettings":{"readTimeoutInSeconds":300,"sendTimeoutInSeconds":60,"sessionCookieMaxAge":0,"sessionAffinity":"None","backendProtocol":"Default"}},"type":"Microsoft.AppPlatform/Spring/apps","identity":null,"location":"centralindia","id":"/subscriptions/00000000-0000-0000-0000-000000000000/resourceGroups/cli/providers/Microsoft.AppPlatform/Spring/cli-unittest/apps/test-app-blue-green","name":"test-app-blue-green","systemData":{"createdBy":"qingyliu@microsoft.com","createdByType":"User","createdAt":"2023-03-29T08:02:32.6074823Z","lastModifiedBy":"qingyliu@microsoft.com","lastModifiedByType":"User","lastModifiedAt":"2023-03-29T08:04:46.6471044Z"}}'
    headers:
      cache-control:
      - no-cache
      content-length:
      - '1060'
      content-type:
      - application/json; charset=utf-8
      date:
      - Wed, 29 Mar 2023 08:05:17 GMT
      expires:
      - '-1'
      pragma:
      - no-cache
      request-context:
      - appId=cid-v1:797d7e4e-8180-497e-a254-780fbd39ba4d
      strict-transport-security:
      - max-age=31536000; includeSubDomains
      transfer-encoding:
      - chunked
      vary:
      - Accept-Encoding
      x-content-type-options:
      - nosniff
      x-rp-server-mvid:
      - 2d8cffe0-ed19-4f32-b630-c96199e681e1
    status:
      code: 200
      message: OK
- request:
    body: null
    headers:
      Accept:
      - application/json
      Accept-Encoding:
      - gzip, deflate
      CommandName:
      - spring app show
      Connection:
      - keep-alive
      ParameterSetName:
      - -n -g -s
      User-Agent:
      - AZURECLI/2.46.0 azsdk-python-mgmt-appplatform/6.1.0 Python/3.8.3 (Windows-10-10.0.22621-SP0)
    method: GET
    uri: https://management.azure.com/subscriptions/00000000-0000-0000-0000-000000000000/resourceGroups/cli/providers/Microsoft.AppPlatform/Spring/cli-unittest/apps/test-app-blue-green?api-version=2023-03-01-preview
  response:
    body:
      string: '{"properties":{"addonConfigs":{"applicationConfigurationService":{},"serviceRegistry":{}},"public":false,"provisioningState":"Succeeded","fqdn":"cli-unittest.azuremicroservices.io","httpsOnly":false,"temporaryDisk":{"sizeInGB":5,"mountPath":"/tmp"},"persistentDisk":{"sizeInGB":0,"mountPath":"/persistent"},"enableEndToEndTLS":false,"ingressSettings":{"readTimeoutInSeconds":300,"sendTimeoutInSeconds":60,"sessionCookieMaxAge":0,"sessionAffinity":"None","backendProtocol":"Default"}},"type":"Microsoft.AppPlatform/Spring/apps","identity":null,"location":"centralindia","id":"/subscriptions/00000000-0000-0000-0000-000000000000/resourceGroups/cli/providers/Microsoft.AppPlatform/Spring/cli-unittest/apps/test-app-blue-green","name":"test-app-blue-green","systemData":{"createdBy":"qingyliu@microsoft.com","createdByType":"User","createdAt":"2023-03-29T08:02:32.6074823Z","lastModifiedBy":"qingyliu@microsoft.com","lastModifiedByType":"User","lastModifiedAt":"2023-03-29T08:04:46.6471044Z"}}'
    headers:
      cache-control:
      - no-cache
      content-length:
      - '989'
      content-type:
      - application/json; charset=utf-8
      date:
      - Wed, 29 Mar 2023 08:05:20 GMT
      expires:
      - '-1'
      pragma:
      - no-cache
      request-context:
      - appId=cid-v1:797d7e4e-8180-497e-a254-780fbd39ba4d
      strict-transport-security:
      - max-age=31536000; includeSubDomains
      transfer-encoding:
      - chunked
      vary:
      - Accept-Encoding
      x-content-type-options:
      - nosniff
      x-ms-ratelimit-remaining-subscription-resource-requests:
      - '11999'
      x-rp-server-mvid:
      - 2d8cffe0-ed19-4f32-b630-c96199e681e1
    status:
      code: 200
      message: OK
- request:
    body: null
    headers:
      Accept:
      - application/json
      Accept-Encoding:
      - gzip, deflate
      CommandName:
      - spring app show
      Connection:
      - keep-alive
      ParameterSetName:
      - -n -g -s
      User-Agent:
      - AZURECLI/2.46.0 azsdk-python-mgmt-appplatform/6.1.0 Python/3.8.3 (Windows-10-10.0.22621-SP0)
    method: GET
    uri: https://management.azure.com/subscriptions/00000000-0000-0000-0000-000000000000/resourceGroups/cli/providers/Microsoft.AppPlatform/Spring/cli-unittest/apps/test-app-blue-green/deployments?api-version=2023-03-01-preview
  response:
    body:
      string: '{"value":[{"properties":{"deploymentSettings":{"resourceRequests":{"cpu":"1","memory":"1Gi"},"environmentVariables":null,"terminationGracePeriodSeconds":90,"livenessProbe":{"disableProbe":false,"failureThreshold":3,"initialDelaySeconds":300,"periodSeconds":10,"successThreshold":1,"timeoutSeconds":3,"probeAction":{"type":"TCPSocketAction"}},"readinessProbe":{"disableProbe":false,"failureThreshold":3,"initialDelaySeconds":0,"periodSeconds":5,"successThreshold":1,"timeoutSeconds":3,"probeAction":{"type":"TCPSocketAction"}}},"provisioningState":"Succeeded","status":"Running","active":false,"instances":[{"name":"test-app-blue-green-default-19-c86d7c77-l9r2t","status":"Running","discoveryStatus":"UNREGISTERED","startTime":"2023-03-29T08:04:58Z"}],"source":{"type":"Jar","relativePath":"<default>","runtimeVersion":"Java_11"}},"type":"Microsoft.AppPlatform/Spring/apps/deployments","sku":{"name":"S0","tier":"Standard","capacity":1},"id":"/subscriptions/00000000-0000-0000-0000-000000000000/resourceGroups/cli/providers/Microsoft.AppPlatform/Spring/cli-unittest/apps/test-app-blue-green/deployments/default","name":"default","systemData":{"createdBy":"qingyliu@microsoft.com","createdByType":"User","createdAt":"2023-03-29T08:03:08.7641911Z","lastModifiedBy":"qingyliu@microsoft.com","lastModifiedByType":"User","lastModifiedAt":"2023-03-29T08:04:46.6471044Z"}},{"properties":{"deploymentSettings":{"resourceRequests":{"cpu":"1","memory":"1Gi"},"environmentVariables":null,"terminationGracePeriodSeconds":90,"livenessProbe":{"disableProbe":false,"failureThreshold":3,"initialDelaySeconds":300,"periodSeconds":10,"successThreshold":1,"timeoutSeconds":3,"probeAction":{"type":"TCPSocketAction"}},"readinessProbe":{"disableProbe":false,"failureThreshold":3,"initialDelaySeconds":0,"periodSeconds":5,"successThreshold":1,"timeoutSeconds":3,"probeAction":{"type":"TCPSocketAction"}}},"provisioningState":"Succeeded","status":"Running","active":true,"instances":[{"name":"test-app-blue-green-green-19-77f4998487-stn85","status":"Running","discoveryStatus":"UNREGISTERED","startTime":"2023-03-29T08:04:56Z"}],"source":{"type":"Jar","relativePath":"<default>","runtimeVersion":"Java_11"}},"type":"Microsoft.AppPlatform/Spring/apps/deployments","sku":{"name":"S0","tier":"Standard","capacity":1},"id":"/subscriptions/00000000-0000-0000-0000-000000000000/resourceGroups/cli/providers/Microsoft.AppPlatform/Spring/cli-unittest/apps/test-app-blue-green/deployments/green","name":"green","systemData":{"createdBy":"qingyliu@microsoft.com","createdByType":"User","createdAt":"2023-03-29T08:03:54.6557704Z","lastModifiedBy":"qingyliu@microsoft.com","lastModifiedByType":"User","lastModifiedAt":"2023-03-29T08:04:46.6471044Z"}}]}'
    headers:
      cache-control:
      - no-cache
      content-length:
      - '2716'
      content-type:
      - application/json; charset=utf-8
      date:
      - Wed, 29 Mar 2023 08:05:22 GMT
      expires:
      - '-1'
      pragma:
      - no-cache
      request-context:
      - appId=cid-v1:797d7e4e-8180-497e-a254-780fbd39ba4d
      strict-transport-security:
      - max-age=31536000; includeSubDomains
      transfer-encoding:
      - chunked
      vary:
      - Accept-Encoding
      x-content-type-options:
      - nosniff
      x-ms-ratelimit-remaining-subscription-resource-requests:
      - '11997'
      x-rp-server-mvid:
      - 2d8cffe0-ed19-4f32-b630-c96199e681e1
    status:
      code: 200
      message: OK
- request:
    body: null
    headers:
      Accept:
      - application/json
      Accept-Encoding:
      - gzip, deflate
      CommandName:
      - spring app deployment show
      Connection:
      - keep-alive
      ParameterSetName:
      - -n --app -g -s
      User-Agent:
      - AZURECLI/2.46.0 azsdk-python-mgmt-appplatform/6.1.0 Python/3.8.3 (Windows-10-10.0.22621-SP0)
    method: GET
    uri: https://management.azure.com/subscriptions/00000000-0000-0000-0000-000000000000/resourceGroups/cli/providers/Microsoft.AppPlatform/Spring/cli-unittest/apps/test-app-blue-green/deployments/mock-deployment?api-version=2023-03-01-preview
  response:
    body:
      string: '{"properties":{"deploymentSettings":{"resourceRequests":{"cpu":"1","memory":"1Gi"},"environmentVariables":null,"terminationGracePeriodSeconds":90,"livenessProbe":{"disableProbe":false,"failureThreshold":3,"initialDelaySeconds":300,"periodSeconds":10,"successThreshold":1,"timeoutSeconds":3,"probeAction":{"type":"TCPSocketAction"}},"readinessProbe":{"disableProbe":false,"failureThreshold":3,"initialDelaySeconds":0,"periodSeconds":5,"successThreshold":1,"timeoutSeconds":3,"probeAction":{"type":"TCPSocketAction"}}},"provisioningState":"Succeeded","status":"Running","active":false,"instances":[{"name":"test-app-blue-green-default-19-c86d7c77-l9r2t","status":"Running","discoveryStatus":"UNREGISTERED","startTime":"2023-03-29T08:04:58Z"}],"source":{"type":"Jar","relativePath":"<default>","runtimeVersion":"Java_11"}},"type":"Microsoft.AppPlatform/Spring/apps/deployments","sku":{"name":"S0","tier":"Standard","capacity":1},"id":"/subscriptions/00000000-0000-0000-0000-000000000000/resourceGroups/cli/providers/Microsoft.AppPlatform/Spring/cli-unittest/apps/test-app-blue-green/deployments/default","name":"default","systemData":{"createdBy":"qingyliu@microsoft.com","createdByType":"User","createdAt":"2023-03-29T08:03:08.7641911Z","lastModifiedBy":"qingyliu@microsoft.com","lastModifiedByType":"User","lastModifiedAt":"2023-03-29T08:04:46.6471044Z"}}'
    headers:
      cache-control:
      - no-cache
      content-length:
      - '1354'
      content-type:
      - application/json; charset=utf-8
      date:
      - Wed, 29 Mar 2023 08:05:28 GMT
      expires:
      - '-1'
      pragma:
      - no-cache
      request-context:
      - appId=cid-v1:797d7e4e-8180-497e-a254-780fbd39ba4d
      strict-transport-security:
      - max-age=31536000; includeSubDomains
      transfer-encoding:
      - chunked
      vary:
      - Accept-Encoding
      x-content-type-options:
      - nosniff
      x-ms-ratelimit-remaining-subscription-resource-requests:
      - '11998'
      x-rp-server-mvid:
      - 2d8cffe0-ed19-4f32-b630-c96199e681e1
    status:
      code: 200
      message: OK
- request:
    body: null
    headers:
      Accept:
      - application/json
      Accept-Encoding:
      - gzip, deflate
      CommandName:
      - spring app deployment show
      Connection:
      - keep-alive
      ParameterSetName:
      - -n --app -g -s
      User-Agent:
      - AZURECLI/2.46.0 azsdk-python-mgmt-appplatform/6.1.0 Python/3.8.3 (Windows-10-10.0.22621-SP0)
    method: GET
    uri: https://management.azure.com/subscriptions/00000000-0000-0000-0000-000000000000/resourceGroups/cli/providers/Microsoft.AppPlatform/Spring/cli-unittest/apps/test-app-blue-green/deployments/mock-deployment?api-version=2023-03-01-preview
  response:
    body:
      string: '{"properties":{"deploymentSettings":{"resourceRequests":{"cpu":"1","memory":"1Gi"},"environmentVariables":null,"terminationGracePeriodSeconds":90,"livenessProbe":{"disableProbe":false,"failureThreshold":3,"initialDelaySeconds":300,"periodSeconds":10,"successThreshold":1,"timeoutSeconds":3,"probeAction":{"type":"TCPSocketAction"}},"readinessProbe":{"disableProbe":false,"failureThreshold":3,"initialDelaySeconds":0,"periodSeconds":5,"successThreshold":1,"timeoutSeconds":3,"probeAction":{"type":"TCPSocketAction"}}},"provisioningState":"Succeeded","status":"Running","active":true,"instances":[{"name":"test-app-blue-green-green-19-77f4998487-stn85","status":"Running","discoveryStatus":"UNREGISTERED","startTime":"2023-03-29T08:04:56Z"}],"source":{"type":"Jar","relativePath":"<default>","runtimeVersion":"Java_11"}},"type":"Microsoft.AppPlatform/Spring/apps/deployments","sku":{"name":"S0","tier":"Standard","capacity":1},"id":"/subscriptions/00000000-0000-0000-0000-000000000000/resourceGroups/cli/providers/Microsoft.AppPlatform/Spring/cli-unittest/apps/test-app-blue-green/deployments/green","name":"green","systemData":{"createdBy":"qingyliu@microsoft.com","createdByType":"User","createdAt":"2023-03-29T08:03:54.6557704Z","lastModifiedBy":"qingyliu@microsoft.com","lastModifiedByType":"User","lastModifiedAt":"2023-03-29T08:04:46.6471044Z"}}'
    headers:
      cache-control:
      - no-cache
      content-length:
      - '1349'
      content-type:
      - application/json; charset=utf-8
      date:
      - Wed, 29 Mar 2023 08:05:32 GMT
      expires:
      - '-1'
      pragma:
      - no-cache
      request-context:
      - appId=cid-v1:797d7e4e-8180-497e-a254-780fbd39ba4d
      strict-transport-security:
      - max-age=31536000; includeSubDomains
      transfer-encoding:
      - chunked
      vary:
      - Accept-Encoding
      x-content-type-options:
      - nosniff
      x-ms-ratelimit-remaining-subscription-resource-requests:
      - '11998'
      x-rp-server-mvid:
      - 2d8cffe0-ed19-4f32-b630-c96199e681e1
    status:
      code: 200
      message: OK
- request:
    body: null
    headers:
      Accept:
      - application/json
      Accept-Encoding:
      - gzip, deflate
      CommandName:
      - spring app unset-deployment
      Connection:
      - keep-alive
      ParameterSetName:
      - -n -g -s
      User-Agent:
      - AZURECLI/2.46.0 azsdk-python-mgmt-appplatform/6.1.0 Python/3.8.3 (Windows-10-10.0.22621-SP0)
    method: GET
    uri: https://management.azure.com/subscriptions/00000000-0000-0000-0000-000000000000/resourceGroups/cli/providers/Microsoft.AppPlatform/Spring/cli-unittest/apps/test-app-blue-green/deployments?api-version=2023-03-01-preview
  response:
    body:
      string: '{"value":[{"properties":{"deploymentSettings":{"resourceRequests":{"cpu":"1","memory":"1Gi"},"environmentVariables":null,"terminationGracePeriodSeconds":90,"livenessProbe":{"disableProbe":false,"failureThreshold":3,"initialDelaySeconds":300,"periodSeconds":10,"successThreshold":1,"timeoutSeconds":3,"probeAction":{"type":"TCPSocketAction"}},"readinessProbe":{"disableProbe":false,"failureThreshold":3,"initialDelaySeconds":0,"periodSeconds":5,"successThreshold":1,"timeoutSeconds":3,"probeAction":{"type":"TCPSocketAction"}}},"provisioningState":"Succeeded","status":"Running","active":false,"instances":[{"name":"test-app-blue-green-default-19-c86d7c77-l9r2t","status":"Running","discoveryStatus":"UNREGISTERED","startTime":"2023-03-29T08:04:58Z"}],"source":{"type":"Jar","relativePath":"<default>","runtimeVersion":"Java_11"}},"type":"Microsoft.AppPlatform/Spring/apps/deployments","sku":{"name":"S0","tier":"Standard","capacity":1},"id":"/subscriptions/00000000-0000-0000-0000-000000000000/resourceGroups/cli/providers/Microsoft.AppPlatform/Spring/cli-unittest/apps/test-app-blue-green/deployments/default","name":"default","systemData":{"createdBy":"qingyliu@microsoft.com","createdByType":"User","createdAt":"2023-03-29T08:03:08.7641911Z","lastModifiedBy":"qingyliu@microsoft.com","lastModifiedByType":"User","lastModifiedAt":"2023-03-29T08:04:46.6471044Z"}},{"properties":{"deploymentSettings":{"resourceRequests":{"cpu":"1","memory":"1Gi"},"environmentVariables":null,"terminationGracePeriodSeconds":90,"livenessProbe":{"disableProbe":false,"failureThreshold":3,"initialDelaySeconds":300,"periodSeconds":10,"successThreshold":1,"timeoutSeconds":3,"probeAction":{"type":"TCPSocketAction"}},"readinessProbe":{"disableProbe":false,"failureThreshold":3,"initialDelaySeconds":0,"periodSeconds":5,"successThreshold":1,"timeoutSeconds":3,"probeAction":{"type":"TCPSocketAction"}}},"provisioningState":"Succeeded","status":"Running","active":true,"instances":[{"name":"test-app-blue-green-green-19-77f4998487-stn85","status":"Running","discoveryStatus":"UNREGISTERED","startTime":"2023-03-29T08:04:56Z"}],"source":{"type":"Jar","relativePath":"<default>","runtimeVersion":"Java_11"}},"type":"Microsoft.AppPlatform/Spring/apps/deployments","sku":{"name":"S0","tier":"Standard","capacity":1},"id":"/subscriptions/00000000-0000-0000-0000-000000000000/resourceGroups/cli/providers/Microsoft.AppPlatform/Spring/cli-unittest/apps/test-app-blue-green/deployments/green","name":"green","systemData":{"createdBy":"qingyliu@microsoft.com","createdByType":"User","createdAt":"2023-03-29T08:03:54.6557704Z","lastModifiedBy":"qingyliu@microsoft.com","lastModifiedByType":"User","lastModifiedAt":"2023-03-29T08:04:46.6471044Z"}}]}'
    headers:
      cache-control:
      - no-cache
      content-length:
      - '2716'
      content-type:
      - application/json; charset=utf-8
      date:
      - Wed, 29 Mar 2023 08:05:35 GMT
      expires:
      - '-1'
      pragma:
      - no-cache
      request-context:
      - appId=cid-v1:797d7e4e-8180-497e-a254-780fbd39ba4d
      strict-transport-security:
      - max-age=31536000; includeSubDomains
      transfer-encoding:
      - chunked
      vary:
      - Accept-Encoding
      x-content-type-options:
      - nosniff
      x-ms-ratelimit-remaining-subscription-resource-requests:
      - '11999'
      x-rp-server-mvid:
      - 2d8cffe0-ed19-4f32-b630-c96199e681e1
    status:
      code: 200
      message: OK
- request:
    body: '{"activeDeploymentNames": []}'
    headers:
      Accept:
      - application/json
      Accept-Encoding:
      - gzip, deflate
      CommandName:
      - spring app unset-deployment
      Connection:
      - keep-alive
      Content-Length:
      - '29'
      Content-Type:
      - application/json
      ParameterSetName:
      - -n -g -s
      User-Agent:
      - AZURECLI/2.46.0 azsdk-python-mgmt-appplatform/6.1.0 Python/3.8.3 (Windows-10-10.0.22621-SP0)
    method: POST
    uri: https://management.azure.com/subscriptions/00000000-0000-0000-0000-000000000000/resourceGroups/cli/providers/Microsoft.AppPlatform/Spring/cli-unittest/apps/test-app-blue-green/setActiveDeployments?api-version=2023-03-01-preview
  response:
    body:
      string: '{"properties":{"addonConfigs":{"applicationConfigurationService":{},"serviceRegistry":{}},"public":false,"provisioningState":"Updating","fqdn":"cli-unittest.azuremicroservices.io","httpsOnly":false,"temporaryDisk":{"sizeInGB":5,"mountPath":"/tmp"},"persistentDisk":{"sizeInGB":0,"mountPath":"/persistent"},"enableEndToEndTLS":false,"ingressSettings":{"readTimeoutInSeconds":300,"sendTimeoutInSeconds":60,"sessionCookieMaxAge":0,"sessionAffinity":"None","backendProtocol":"Default"}},"type":"Microsoft.AppPlatform/Spring/apps","identity":null,"location":"centralindia","id":"/subscriptions/00000000-0000-0000-0000-000000000000/resourceGroups/cli/providers/Microsoft.AppPlatform/Spring/cli-unittest/apps/test-app-blue-green","name":"test-app-blue-green","systemData":{"createdBy":"qingyliu@microsoft.com","createdByType":"User","createdAt":"2023-03-29T08:02:32.6074823Z","lastModifiedBy":"qingyliu@microsoft.com","lastModifiedByType":"User","lastModifiedAt":"2023-03-29T08:05:37.2074229Z"}}'
    headers:
      azure-asyncoperation:
      - https://management.azure.com/subscriptions/00000000-0000-0000-0000-000000000000/resourceGroups/cli/providers/Microsoft.AppPlatform/locations/centralindia/operationStatus/test-app-blue-green/operationId/6366170a-9712-4636-849c-a5dbecac6f59?api-version=2023-03-01-preview
      cache-control:
      - no-cache
      content-length:
      - '988'
      content-type:
      - application/json; charset=utf-8
      date:
      - Wed, 29 Mar 2023 08:05:37 GMT
      expires:
      - '-1'
      location:
      - https://management.azure.com/subscriptions/00000000-0000-0000-0000-000000000000/resourceGroups/cli/providers/Microsoft.AppPlatform/locations/centralindia/operationResults/6366170a-9712-4636-849c-a5dbecac6f59/Spring/test-app-blue-green?api-version=2023-03-01-preview
      pragma:
      - no-cache
      request-context:
      - appId=cid-v1:797d7e4e-8180-497e-a254-780fbd39ba4d
      strict-transport-security:
      - max-age=31536000; includeSubDomains
      x-content-type-options:
      - nosniff
      x-ms-ratelimit-remaining-subscription-writes:
      - '1198'
      x-rp-server-mvid:
      - 2d8cffe0-ed19-4f32-b630-c96199e681e1
    status:
      code: 202
      message: Accepted
- request:
    body: null
    headers:
      Accept:
      - '*/*'
      Accept-Encoding:
      - gzip, deflate
      CommandName:
      - spring app unset-deployment
      Connection:
      - keep-alive
      ParameterSetName:
      - -n -g -s
      User-Agent:
      - AZURECLI/2.46.0 azsdk-python-mgmt-appplatform/6.1.0 Python/3.8.3 (Windows-10-10.0.22621-SP0)
    method: GET
    uri: https://management.azure.com/subscriptions/00000000-0000-0000-0000-000000000000/resourceGroups/cli/providers/Microsoft.AppPlatform/locations/centralindia/operationStatus/test-app-blue-green/operationId/6366170a-9712-4636-849c-a5dbecac6f59?api-version=2023-03-01-preview
  response:
    body:
      string: '{"id":"subscriptions/d51e3ffe-6b84-49cd-b426-0dc4ec660356/resourceGroups/cli/providers/Microsoft.AppPlatform/locations/centralindia/operationStatus/test-app-blue-green/operationId/533bf4af-68ac-44f1-abd2-2438c2d22bdd","name":"533bf4af-68ac-44f1-abd2-2438c2d22bdd","status":"Succeeded","startTime":"2023-03-29T08:05:38.0028068Z","endTime":"2023-03-29T08:05:50.7723009Z"}'
    headers:
      cache-control:
      - no-cache
      content-length:
      - '326'
      content-type:
      - application/json; charset=utf-8
      date:
      - Mon, 20 Feb 2023 03:28:55 GMT
      expires:
      - '-1'
      pragma:
      - no-cache
      request-context:
      - appId=cid-v1:797d7e4e-8180-497e-a254-780fbd39ba4d
      strict-transport-security:
      - max-age=31536000; includeSubDomains
      transfer-encoding:
      - chunked
      vary:
      - Accept-Encoding
      x-content-type-options:
      - nosniff
      x-rp-server-mvid:
      - 6dbdb235-5cc6-4623-8007-38694e14f2b5
    status:
      code: 200
      message: OK
- request:
    body: null
    headers:
      Accept:
      - '*/*'
      Accept-Encoding:
      - gzip, deflate
      CommandName:
      - spring app unset-deployment
      Connection:
      - keep-alive
      ParameterSetName:
      - -n -g -s
      User-Agent:
      - AZURECLI/2.45.0 azsdk-python-mgmt-appplatform/6.1.0 Python/3.8.9 (Windows-10-10.0.22621-SP0)
    method: GET
    uri: https://management.azure.com/subscriptions/00000000-0000-0000-0000-000000000000/resourceGroups/cli/providers/Microsoft.AppPlatform/locations/centralindia/operationStatus/test-app-blue-green/operationId/6366170a-9712-4636-849c-a5dbecac6f59?api-version=2023-03-01-preview
  response:
    body:
      string: '{"id":"subscriptions/d51e3ffe-6b84-49cd-b426-0dc4ec660356/resourceGroups/cli/providers/Microsoft.AppPlatform/locations/centralindia/operationStatus/test-app-blue-green/operationId/6366170a-9712-4636-849c-a5dbecac6f59","name":"6366170a-9712-4636-849c-a5dbecac6f59","status":"Running","startTime":"2023-02-20T03:28:54.9790877Z"}'
    headers:
      cache-control:
      - no-cache
      content-length:
      - '326'
      content-type:
      - application/json; charset=utf-8
      date:
      - Mon, 20 Feb 2023 03:29:05 GMT
      expires:
      - '-1'
      pragma:
      - no-cache
      request-context:
      - appId=cid-v1:797d7e4e-8180-497e-a254-780fbd39ba4d
      strict-transport-security:
      - max-age=31536000; includeSubDomains
      transfer-encoding:
      - chunked
      vary:
      - Accept-Encoding
      x-content-type-options:
      - nosniff
      x-rp-server-mvid:
      - 6dbdb235-5cc6-4623-8007-38694e14f2b5
    status:
      code: 200
      message: OK
- request:
    body: null
    headers:
      Accept:
      - '*/*'
      Accept-Encoding:
      - gzip, deflate
      CommandName:
      - spring app unset-deployment
      Connection:
      - keep-alive
      ParameterSetName:
      - -n -g -s
      User-Agent:
      - AZURECLI/2.45.0 azsdk-python-mgmt-appplatform/6.1.0 Python/3.8.9 (Windows-10-10.0.22621-SP0)
    method: GET
    uri: https://management.azure.com/subscriptions/00000000-0000-0000-0000-000000000000/resourceGroups/cli/providers/Microsoft.AppPlatform/locations/centralindia/operationStatus/test-app-blue-green/operationId/6366170a-9712-4636-849c-a5dbecac6f59?api-version=2023-03-01-preview
  response:
    body:
      string: '{"id":"subscriptions/d51e3ffe-6b84-49cd-b426-0dc4ec660356/resourceGroups/cli/providers/Microsoft.AppPlatform/locations/centralindia/operationStatus/test-app-blue-green/operationId/6366170a-9712-4636-849c-a5dbecac6f59","name":"6366170a-9712-4636-849c-a5dbecac6f59","status":"Succeeded","startTime":"2023-02-20T03:28:54.9790877Z","endTime":"2023-02-20T03:29:15.3346521Z"}'
    headers:
      cache-control:
      - no-cache
      content-length:
      - '369'
      content-type:
      - application/json; charset=utf-8
      date:
      - Wed, 29 Mar 2023 08:06:08 GMT
      expires:
      - '-1'
      pragma:
      - no-cache
      request-context:
      - appId=cid-v1:797d7e4e-8180-497e-a254-780fbd39ba4d
      strict-transport-security:
      - max-age=31536000; includeSubDomains
      transfer-encoding:
      - chunked
      vary:
      - Accept-Encoding
      x-content-type-options:
      - nosniff
      x-rp-server-mvid:
      - 2d8cffe0-ed19-4f32-b630-c96199e681e1
    status:
      code: 200
      message: OK
- request:
    body: null
    headers:
      Accept:
      - '*/*'
      Accept-Encoding:
      - gzip, deflate
      CommandName:
      - spring app unset-deployment
      Connection:
      - keep-alive
      ParameterSetName:
      - -n -g -s
      User-Agent:
      - AZURECLI/2.46.0 azsdk-python-mgmt-appplatform/6.1.0 Python/3.8.3 (Windows-10-10.0.22621-SP0)
    method: GET
    uri: https://management.azure.com/subscriptions/00000000-0000-0000-0000-000000000000/resourceGroups/cli/providers/Microsoft.AppPlatform/locations/centralindia/operationResults/6366170a-9712-4636-849c-a5dbecac6f59/Spring/test-app-blue-green?api-version=2023-03-01-preview
  response:
    body:
      string: '{"properties":{"addonConfigs":{"applicationConfigurationService":{},"serviceRegistry":{}},"public":false,"provisioningState":"Succeeded","fqdn":"cli-unittest.azuremicroservices.io","httpsOnly":false,"createdTime":"2023-03-29T08:02:39.84Z","temporaryDisk":{"sizeInGB":5,"mountPath":"/tmp"},"persistentDisk":{"sizeInGB":0,"mountPath":"/persistent"},"enableEndToEndTLS":false,"ingressSettings":{"readTimeoutInSeconds":300,"sendTimeoutInSeconds":60,"sessionCookieMaxAge":0,"sessionAffinity":"None","backendProtocol":"Default"}},"type":"Microsoft.AppPlatform/Spring/apps","identity":null,"location":"centralindia","id":"/subscriptions/00000000-0000-0000-0000-000000000000/resourceGroups/cli/providers/Microsoft.AppPlatform/Spring/cli-unittest/apps/test-app-blue-green","name":"test-app-blue-green","systemData":{"createdBy":"qingyliu@microsoft.com","createdByType":"User","createdAt":"2023-03-29T08:02:32.6074823Z","lastModifiedBy":"qingyliu@microsoft.com","lastModifiedByType":"User","lastModifiedAt":"2023-03-29T08:05:37.2074229Z"}}'
    headers:
      cache-control:
      - no-cache
      content-length:
      - '1029'
      content-type:
      - application/json; charset=utf-8
      date:
      - Wed, 29 Mar 2023 08:06:08 GMT
      expires:
      - '-1'
      pragma:
      - no-cache
      request-context:
      - appId=cid-v1:797d7e4e-8180-497e-a254-780fbd39ba4d
      strict-transport-security:
      - max-age=31536000; includeSubDomains
      transfer-encoding:
      - chunked
      vary:
      - Accept-Encoding
      x-content-type-options:
      - nosniff
      x-rp-server-mvid:
      - 2d8cffe0-ed19-4f32-b630-c96199e681e1
    status:
      code: 200
      message: OK
- request:
    body: null
    headers:
      Accept:
      - application/json
      Accept-Encoding:
      - gzip, deflate
      CommandName:
      - spring app deployment show
      Connection:
      - keep-alive
      ParameterSetName:
      - -n --app -g -s
      User-Agent:
      - AZURECLI/2.46.0 azsdk-python-mgmt-appplatform/6.1.0 Python/3.8.3 (Windows-10-10.0.22621-SP0)
    method: GET
    uri: https://management.azure.com/subscriptions/00000000-0000-0000-0000-000000000000/resourceGroups/cli/providers/Microsoft.AppPlatform/Spring/cli-unittest/apps/test-app-blue-green/deployments/mock-deployment?api-version=2023-03-01-preview
  response:
    body:
      string: '{"properties":{"deploymentSettings":{"resourceRequests":{"cpu":"1","memory":"1Gi"},"environmentVariables":null,"terminationGracePeriodSeconds":90,"livenessProbe":{"disableProbe":false,"failureThreshold":3,"initialDelaySeconds":300,"periodSeconds":10,"successThreshold":1,"timeoutSeconds":3,"probeAction":{"type":"TCPSocketAction"}},"readinessProbe":{"disableProbe":false,"failureThreshold":3,"initialDelaySeconds":0,"periodSeconds":5,"successThreshold":1,"timeoutSeconds":3,"probeAction":{"type":"TCPSocketAction"}}},"provisioningState":"Succeeded","status":"Running","active":false,"instances":[{"name":"test-app-blue-green-default-19-c86d7c77-l9r2t","status":"Running","discoveryStatus":"UNREGISTERED","startTime":"2023-03-29T08:04:58Z"}],"source":{"type":"Jar","relativePath":"<default>","runtimeVersion":"Java_11"}},"type":"Microsoft.AppPlatform/Spring/apps/deployments","sku":{"name":"S0","tier":"Standard","capacity":1},"id":"/subscriptions/00000000-0000-0000-0000-000000000000/resourceGroups/cli/providers/Microsoft.AppPlatform/Spring/cli-unittest/apps/test-app-blue-green/deployments/default","name":"default","systemData":{"createdBy":"qingyliu@microsoft.com","createdByType":"User","createdAt":"2023-03-29T08:03:08.7641911Z","lastModifiedBy":"qingyliu@microsoft.com","lastModifiedByType":"User","lastModifiedAt":"2023-03-29T08:04:46.6471044Z"}}'
    headers:
      cache-control:
      - no-cache
      content-length:
      - '1354'
      content-type:
      - application/json; charset=utf-8
      date:
      - Wed, 29 Mar 2023 08:06:13 GMT
      expires:
      - '-1'
      pragma:
      - no-cache
      request-context:
      - appId=cid-v1:797d7e4e-8180-497e-a254-780fbd39ba4d
      strict-transport-security:
      - max-age=31536000; includeSubDomains
      transfer-encoding:
      - chunked
      vary:
      - Accept-Encoding
      x-content-type-options:
      - nosniff
      x-ms-ratelimit-remaining-subscription-resource-requests:
      - '11999'
      x-rp-server-mvid:
      - 2d8cffe0-ed19-4f32-b630-c96199e681e1
    status:
      code: 200
      message: OK
- request:
    body: null
    headers:
      Accept:
      - application/json
      Accept-Encoding:
      - gzip, deflate
      CommandName:
      - spring app deployment show
      Connection:
      - keep-alive
      ParameterSetName:
      - -n --app -g -s
      User-Agent:
      - AZURECLI/2.46.0 azsdk-python-mgmt-appplatform/6.1.0 Python/3.8.3 (Windows-10-10.0.22621-SP0)
    method: GET
    uri: https://management.azure.com/subscriptions/00000000-0000-0000-0000-000000000000/resourceGroups/cli/providers/Microsoft.AppPlatform/Spring/cli-unittest/apps/test-app-blue-green/deployments/mock-deployment?api-version=2023-03-01-preview
  response:
    body:
      string: '{"properties":{"deploymentSettings":{"resourceRequests":{"cpu":"1","memory":"1Gi"},"environmentVariables":null,"terminationGracePeriodSeconds":90,"livenessProbe":{"disableProbe":false,"failureThreshold":3,"initialDelaySeconds":300,"periodSeconds":10,"successThreshold":1,"timeoutSeconds":3,"probeAction":{"type":"TCPSocketAction"}},"readinessProbe":{"disableProbe":false,"failureThreshold":3,"initialDelaySeconds":0,"periodSeconds":5,"successThreshold":1,"timeoutSeconds":3,"probeAction":{"type":"TCPSocketAction"}}},"provisioningState":"Succeeded","status":"Running","active":false,"instances":[{"name":"test-app-blue-green-green-19-744bb49fbb-9x7h2","status":"Running","discoveryStatus":"UNREGISTERED","startTime":"2023-03-29T08:05:46Z"}],"source":{"type":"Jar","relativePath":"<default>","runtimeVersion":"Java_11"}},"type":"Microsoft.AppPlatform/Spring/apps/deployments","sku":{"name":"S0","tier":"Standard","capacity":1},"id":"/subscriptions/00000000-0000-0000-0000-000000000000/resourceGroups/cli/providers/Microsoft.AppPlatform/Spring/cli-unittest/apps/test-app-blue-green/deployments/green","name":"green","systemData":{"createdBy":"qingyliu@microsoft.com","createdByType":"User","createdAt":"2023-03-29T08:03:54.6557704Z","lastModifiedBy":"qingyliu@microsoft.com","lastModifiedByType":"User","lastModifiedAt":"2023-03-29T08:05:37.2074229Z"}}'
    headers:
      cache-control:
      - no-cache
      content-length:
      - '1350'
      content-type:
      - application/json; charset=utf-8
      date:
      - Wed, 29 Mar 2023 08:06:16 GMT
      expires:
      - '-1'
      pragma:
      - no-cache
      request-context:
      - appId=cid-v1:797d7e4e-8180-497e-a254-780fbd39ba4d
      strict-transport-security:
      - max-age=31536000; includeSubDomains
      transfer-encoding:
      - chunked
      vary:
      - Accept-Encoding
      x-content-type-options:
      - nosniff
      x-ms-ratelimit-remaining-subscription-resource-requests:
      - '11997'
      x-rp-server-mvid:
      - 2d8cffe0-ed19-4f32-b630-c96199e681e1
    status:
      code: 200
      message: OK
- request:
    body: null
    headers:
      Accept:
      - application/json
      Accept-Encoding:
      - gzip, deflate
      CommandName:
      - spring app delete
      Connection:
      - keep-alive
      ParameterSetName:
      - -n -g -s
      User-Agent:
      - AZURECLI/2.46.0 azsdk-python-mgmt-appplatform/6.1.0 Python/3.8.3 (Windows-10-10.0.22621-SP0)
    method: GET
    uri: https://management.azure.com/subscriptions/00000000-0000-0000-0000-000000000000/resourceGroups/cli/providers/Microsoft.AppPlatform/Spring/cli-unittest/apps/test-app-blue-green?api-version=2023-03-01-preview
  response:
    body:
      string: '{"properties":{"addonConfigs":{"applicationConfigurationService":{},"serviceRegistry":{}},"public":false,"provisioningState":"Succeeded","fqdn":"cli-unittest.azuremicroservices.io","httpsOnly":false,"temporaryDisk":{"sizeInGB":5,"mountPath":"/tmp"},"persistentDisk":{"sizeInGB":0,"mountPath":"/persistent"},"enableEndToEndTLS":false,"ingressSettings":{"readTimeoutInSeconds":300,"sendTimeoutInSeconds":60,"sessionCookieMaxAge":0,"sessionAffinity":"None","backendProtocol":"Default"}},"type":"Microsoft.AppPlatform/Spring/apps","identity":null,"location":"centralindia","id":"/subscriptions/00000000-0000-0000-0000-000000000000/resourceGroups/cli/providers/Microsoft.AppPlatform/Spring/cli-unittest/apps/test-app-blue-green","name":"test-app-blue-green","systemData":{"createdBy":"qingyliu@microsoft.com","createdByType":"User","createdAt":"2023-03-29T08:02:32.6074823Z","lastModifiedBy":"qingyliu@microsoft.com","lastModifiedByType":"User","lastModifiedAt":"2023-03-29T08:05:37.2074229Z"}}'
    headers:
      cache-control:
      - no-cache
      content-length:
      - '989'
      content-type:
      - application/json; charset=utf-8
      date:
      - Wed, 29 Mar 2023 08:06:18 GMT
      expires:
      - '-1'
      pragma:
      - no-cache
      request-context:
      - appId=cid-v1:797d7e4e-8180-497e-a254-780fbd39ba4d
      strict-transport-security:
      - max-age=31536000; includeSubDomains
      transfer-encoding:
      - chunked
      vary:
      - Accept-Encoding
      x-content-type-options:
      - nosniff
      x-ms-ratelimit-remaining-subscription-resource-requests:
      - '11999'
      x-rp-server-mvid:
      - 2d8cffe0-ed19-4f32-b630-c96199e681e1
    status:
      code: 200
      message: OK
- request:
    body: null
    headers:
      Accept:
      - application/json
      Accept-Encoding:
      - gzip, deflate
      CommandName:
      - spring app delete
      Connection:
      - keep-alive
      Content-Length:
      - '0'
      ParameterSetName:
      - -n -g -s
      User-Agent:
      - AZURECLI/2.46.0 azsdk-python-mgmt-appplatform/6.1.0 Python/3.8.3 (Windows-10-10.0.22621-SP0)
    method: DELETE
    uri: https://management.azure.com/subscriptions/00000000-0000-0000-0000-000000000000/resourceGroups/cli/providers/Microsoft.AppPlatform/Spring/cli-unittest/apps/test-app-blue-green?api-version=2023-03-01-preview
  response:
    body:
      string: ''
    headers:
      azure-asyncoperation:
      - https://management.azure.com/subscriptions/00000000-0000-0000-0000-000000000000/resourceGroups/cli/providers/Microsoft.AppPlatform/locations/centralindia/operationStatus/test-app-blue-green/operationId/097ce2b6-f750-451d-be53-d4ac1501718f?api-version=2023-03-01-preview
      cache-control:
      - no-cache
      content-length:
      - '0'
      date:
      - Wed, 29 Mar 2023 08:06:20 GMT
      expires:
      - '-1'
      location:
      - https://management.azure.com/subscriptions/00000000-0000-0000-0000-000000000000/resourceGroups/cli/providers/Microsoft.AppPlatform/locations/centralindia/operationResults/097ce2b6-f750-451d-be53-d4ac1501718f/Spring/test-app-blue-green?api-version=2023-03-01-preview
      pragma:
      - no-cache
      request-context:
      - appId=cid-v1:797d7e4e-8180-497e-a254-780fbd39ba4d
      strict-transport-security:
      - max-age=31536000; includeSubDomains
      x-content-type-options:
      - nosniff
      x-ms-ratelimit-remaining-subscription-deletes:
      - '14999'
      x-rp-server-mvid:
      - 2d8cffe0-ed19-4f32-b630-c96199e681e1
    status:
      code: 202
      message: Accepted
- request:
    body: null
    headers:
      Accept:
      - '*/*'
      Accept-Encoding:
      - gzip, deflate
      CommandName:
      - spring app delete
      Connection:
      - keep-alive
      ParameterSetName:
      - -n -g -s
      User-Agent:
      - AZURECLI/2.46.0 azsdk-python-mgmt-appplatform/6.1.0 Python/3.8.3 (Windows-10-10.0.22621-SP0)
    method: GET
    uri: https://management.azure.com/subscriptions/00000000-0000-0000-0000-000000000000/resourceGroups/cli/providers/Microsoft.AppPlatform/locations/centralindia/operationStatus/test-app-blue-green/operationId/097ce2b6-f750-451d-be53-d4ac1501718f?api-version=2023-03-01-preview
  response:
    body:
      string: '{"id":"subscriptions/d51e3ffe-6b84-49cd-b426-0dc4ec660356/resourceGroups/cli/providers/Microsoft.AppPlatform/locations/centralindia/operationStatus/test-app-blue-green/operationId/b2c079ec-5f59-4fb6-87bd-648fdab74e19","name":"b2c079ec-5f59-4fb6-87bd-648fdab74e19","status":"Succeeded","startTime":"2023-03-29T08:06:20.0771948Z","endTime":"2023-03-29T08:06:41.799662Z"}'
    headers:
      cache-control:
      - no-cache
      content-length:
      - '326'
      content-type:
      - application/json; charset=utf-8
      date:
      - Mon, 20 Feb 2023 03:29:25 GMT
      expires:
      - '-1'
      pragma:
      - no-cache
      request-context:
      - appId=cid-v1:797d7e4e-8180-497e-a254-780fbd39ba4d
      strict-transport-security:
      - max-age=31536000; includeSubDomains
      transfer-encoding:
      - chunked
      vary:
      - Accept-Encoding
      x-content-type-options:
      - nosniff
      x-rp-server-mvid:
      - 6dbdb235-5cc6-4623-8007-38694e14f2b5
    status:
      code: 200
      message: OK
- request:
    body: null
    headers:
      Accept:
      - '*/*'
      Accept-Encoding:
      - gzip, deflate
      CommandName:
      - spring app delete
      Connection:
      - keep-alive
      ParameterSetName:
      - -n -g -s
      User-Agent:
      - AZURECLI/2.45.0 azsdk-python-mgmt-appplatform/6.1.0 Python/3.8.9 (Windows-10-10.0.22621-SP0)
    method: GET
    uri: https://management.azure.com/subscriptions/00000000-0000-0000-0000-000000000000/resourceGroups/cli/providers/Microsoft.AppPlatform/locations/centralindia/operationStatus/test-app-blue-green/operationId/097ce2b6-f750-451d-be53-d4ac1501718f?api-version=2023-03-01-preview
  response:
    body:
      string: '{"id":"subscriptions/d51e3ffe-6b84-49cd-b426-0dc4ec660356/resourceGroups/cli/providers/Microsoft.AppPlatform/locations/centralindia/operationStatus/test-app-blue-green/operationId/097ce2b6-f750-451d-be53-d4ac1501718f","name":"097ce2b6-f750-451d-be53-d4ac1501718f","status":"Running","startTime":"2023-02-20T03:29:25.1005602Z"}'
    headers:
      cache-control:
      - no-cache
      content-length:
      - '326'
      content-type:
      - application/json; charset=utf-8
      date:
      - Mon, 20 Feb 2023 03:29:35 GMT
      expires:
      - '-1'
      pragma:
      - no-cache
      request-context:
      - appId=cid-v1:797d7e4e-8180-497e-a254-780fbd39ba4d
      strict-transport-security:
      - max-age=31536000; includeSubDomains
      transfer-encoding:
      - chunked
      vary:
      - Accept-Encoding
      x-content-type-options:
      - nosniff
      x-rp-server-mvid:
      - 6dbdb235-5cc6-4623-8007-38694e14f2b5
    status:
      code: 200
      message: OK
- request:
    body: null
    headers:
      Accept:
      - '*/*'
      Accept-Encoding:
      - gzip, deflate
      CommandName:
      - spring app delete
      Connection:
      - keep-alive
      ParameterSetName:
      - -n -g -s
      User-Agent:
      - AZURECLI/2.45.0 azsdk-python-mgmt-appplatform/6.1.0 Python/3.8.9 (Windows-10-10.0.22621-SP0)
    method: GET
    uri: https://management.azure.com/subscriptions/00000000-0000-0000-0000-000000000000/resourceGroups/cli/providers/Microsoft.AppPlatform/locations/centralindia/operationStatus/test-app-blue-green/operationId/097ce2b6-f750-451d-be53-d4ac1501718f?api-version=2023-03-01-preview
  response:
    body:
      string: '{"id":"subscriptions/d51e3ffe-6b84-49cd-b426-0dc4ec660356/resourceGroups/cli/providers/Microsoft.AppPlatform/locations/centralindia/operationStatus/test-app-blue-green/operationId/097ce2b6-f750-451d-be53-d4ac1501718f","name":"097ce2b6-f750-451d-be53-d4ac1501718f","status":"Running","startTime":"2023-02-20T03:29:25.1005602Z"}'
    headers:
      cache-control:
      - no-cache
      content-length:
      - '326'
      content-type:
      - application/json; charset=utf-8
      date:
      - Mon, 20 Feb 2023 03:29:45 GMT
      expires:
      - '-1'
      pragma:
      - no-cache
      request-context:
      - appId=cid-v1:797d7e4e-8180-497e-a254-780fbd39ba4d
      strict-transport-security:
      - max-age=31536000; includeSubDomains
      transfer-encoding:
      - chunked
      vary:
      - Accept-Encoding
      x-content-type-options:
      - nosniff
      x-rp-server-mvid:
      - 6dbdb235-5cc6-4623-8007-38694e14f2b5
    status:
      code: 200
      message: OK
- request:
    body: null
    headers:
      Accept:
      - '*/*'
      Accept-Encoding:
      - gzip, deflate
      CommandName:
      - spring app delete
      Connection:
      - keep-alive
      ParameterSetName:
      - -n -g -s
      User-Agent:
      - AZURECLI/2.45.0 azsdk-python-mgmt-appplatform/6.1.0 Python/3.8.9 (Windows-10-10.0.22621-SP0)
    method: GET
    uri: https://management.azure.com/subscriptions/00000000-0000-0000-0000-000000000000/resourceGroups/cli/providers/Microsoft.AppPlatform/locations/centralindia/operationStatus/test-app-blue-green/operationId/097ce2b6-f750-451d-be53-d4ac1501718f?api-version=2023-03-01-preview
  response:
    body:
      string: '{"id":"subscriptions/d51e3ffe-6b84-49cd-b426-0dc4ec660356/resourceGroups/cli/providers/Microsoft.AppPlatform/locations/centralindia/operationStatus/test-app-blue-green/operationId/097ce2b6-f750-451d-be53-d4ac1501718f","name":"097ce2b6-f750-451d-be53-d4ac1501718f","status":"Succeeded","startTime":"2023-02-20T03:29:25.1005602Z","endTime":"2023-02-20T03:29:56.698288Z"}'
    headers:
      cache-control:
      - no-cache
      content-length:
      - '368'
      content-type:
      - application/json; charset=utf-8
      date:
      - Wed, 29 Mar 2023 08:06:50 GMT
      expires:
      - '-1'
      pragma:
      - no-cache
      request-context:
      - appId=cid-v1:797d7e4e-8180-497e-a254-780fbd39ba4d
      strict-transport-security:
      - max-age=31536000; includeSubDomains
      transfer-encoding:
      - chunked
      vary:
      - Accept-Encoding
      x-content-type-options:
      - nosniff
      x-rp-server-mvid:
      - 2d8cffe0-ed19-4f32-b630-c96199e681e1
    status:
      code: 200
      message: OK
version: 1
