interactions:
- request:
    body: null
    headers:
      Accept:
      - application/json
      Accept-Encoding:
      - gzip, deflate
      CommandName:
      - spring app create
      Connection:
      - keep-alive
      ParameterSetName:
      - -s -g -n
      User-Agent:
      - AZURECLI/2.46.0 azsdk-python-mgmt-appplatform/6.1.0 Python/3.9.13 (Windows-10-10.0.22621-SP0)
    method: GET
    uri: https://management.azure.com/subscriptions/00000000-0000-0000-0000-000000000000/resourceGroups/clitest.rg000001/providers/Microsoft.AppPlatform/Spring/clitest000002/apps/test-container?api-version=2023-01-01-preview
  response:
    body:
      string: '{"error":{"code":"NotFound","message":"App was not found","target":"/subscriptions/00000000-0000-0000-0000-000000000000/resourceGroups/clitest.rg000001/providers/Microsoft.AppPlatform/Spring/clitest000002/apps/test-container","details":null}}'
    headers:
      cache-control:
      - no-cache
      content-length:
      - '242'
      content-type:
      - application/json
      date:
      - Tue, 21 Mar 2023 06:08:46 GMT
      expires:
      - '-1'
      pragma:
      - no-cache
      request-context:
      - appId=cid-v1:797d7e4e-8180-497e-a254-780fbd39ba4d
      strict-transport-security:
      - max-age=31536000; includeSubDomains
      x-content-type-options:
      - nosniff
      x-ms-ratelimit-remaining-subscription-resource-requests:
      - '11999'
      x-rp-server-mvid:
      - e9e97746-2ce9-40c9-b4b8-d25f29e14f66
    status:
      code: 404
      message: Not Found
- request:
    body: null
    headers:
      Accept:
      - application/json
      Accept-Encoding:
      - gzip, deflate
      CommandName:
      - spring app create
      Connection:
      - keep-alive
      ParameterSetName:
      - -s -g -n
      User-Agent:
      - AZURECLI/2.46.0 azsdk-python-mgmt-appplatform/6.1.0 Python/3.9.13 (Windows-10-10.0.22621-SP0)
    method: GET
    uri: https://management.azure.com/subscriptions/00000000-0000-0000-0000-000000000000/resourceGroups/clitest.rg000001/providers/Microsoft.AppPlatform/Spring/clitest000002?api-version=2023-01-01-preview
  response:
    body:
      string: '{"properties":{"provisioningState":"Succeeded","zoneRedundant":false,"version":3,"serviceId":"4e3e3247ba0644c49bb023057f6f2413","networkProfile":{"outboundIPs":{"publicIPs":["20.90.218.119","20.108.145.24"]},"outboundType":"loadBalancer"},"powerState":"Running","fqdn":"clitest000002.azuremicroservices.io"},"type":"Microsoft.AppPlatform/Spring","sku":{"name":"S0","tier":"Standard"},"location":"uksouth","tags":null,"id":"/subscriptions/00000000-0000-0000-0000-000000000000/resourceGroups/clitest.rg000001/providers/Microsoft.AppPlatform/Spring/clitest000002","name":"clitest000002","systemData":{"createdBy":"yuwzho@microsoft.com","createdByType":"User","createdAt":"2023-03-21T06:02:40.7055841Z","lastModifiedBy":"yuwzho@microsoft.com","lastModifiedByType":"User","lastModifiedAt":"2023-03-21T06:02:40.7055841Z"}}'
    headers:
      cache-control:
      - no-cache
      content-length:
      - '816'
      content-type:
      - application/json
      date:
      - Tue, 21 Mar 2023 06:08:47 GMT
      expires:
      - '-1'
      pragma:
      - no-cache
      request-context:
      - appId=cid-v1:797d7e4e-8180-497e-a254-780fbd39ba4d
      strict-transport-security:
      - max-age=31536000; includeSubDomains
      transfer-encoding:
      - chunked
      vary:
      - Accept-Encoding
      x-content-type-options:
      - nosniff
      x-ms-ratelimit-remaining-subscription-resource-requests:
      - '11998'
      x-rp-server-mvid:
      - e9e97746-2ce9-40c9-b4b8-d25f29e14f66
    status:
      code: 200
      message: OK
- request:
    body: '{"properties": {"public": false, "httpsOnly": false, "temporaryDisk": {"sizeInGB":
      5, "mountPath": "/tmp"}, "enableEndToEndTLS": false}}'
    headers:
      Accept:
      - application/json
      Accept-Encoding:
      - gzip, deflate
      CommandName:
      - spring app create
      Connection:
      - keep-alive
      Content-Length:
      - '136'
      Content-Type:
      - application/json
      ParameterSetName:
      - -s -g -n
      User-Agent:
      - AZURECLI/2.46.0 azsdk-python-mgmt-appplatform/6.1.0 Python/3.9.13 (Windows-10-10.0.22621-SP0)
    method: PUT
    uri: https://management.azure.com/subscriptions/00000000-0000-0000-0000-000000000000/resourceGroups/clitest.rg000001/providers/Microsoft.AppPlatform/Spring/clitest000002/apps/test-container?api-version=2023-01-01-preview
  response:
    body:
      string: '{"properties":{"addonConfigs":{"applicationConfigurationService":{},"serviceRegistry":{}},"public":false,"provisioningState":"Creating","httpsOnly":false,"temporaryDisk":{"sizeInGB":5,"mountPath":"/tmp"},"enableEndToEndTLS":false,"ingressSettings":{"readTimeoutInSeconds":300,"sendTimeoutInSeconds":60,"sessionCookieMaxAge":0,"sessionAffinity":"None","backendProtocol":"Default"}},"type":"Microsoft.AppPlatform/Spring/apps","identity":null,"location":"uksouth","id":"/subscriptions/00000000-0000-0000-0000-000000000000/resourceGroups/clitest.rg000001/providers/Microsoft.AppPlatform/Spring/clitest000002/apps/test-container","name":"test-container","systemData":{"createdBy":"yuwzho@microsoft.com","createdByType":"User","createdAt":"2023-03-21T06:08:48.3578994Z","lastModifiedBy":"yuwzho@microsoft.com","lastModifiedByType":"User","lastModifiedAt":"2023-03-21T06:08:48.3578994Z"}}'
    headers:
      azure-asyncoperation:
      - https://management.azure.com/subscriptions/00000000-0000-0000-0000-000000000000/resourceGroups/clitest.rg000001/providers/Microsoft.AppPlatform/locations/uksouth/operationStatus/test-container/operationId/fcde1a15-469f-4325-a224-040e9da499c7?api-version=2023-01-01-preview
      cache-control:
      - no-cache
      content-length:
      - '881'
      content-type:
      - application/json
      date:
      - Tue, 21 Mar 2023 06:08:48 GMT
      expires:
      - '-1'
      location:
      - https://management.azure.com/subscriptions/00000000-0000-0000-0000-000000000000/resourceGroups/clitest.rg000001/providers/Microsoft.AppPlatform/locations/uksouth/operationResults/fcde1a15-469f-4325-a224-040e9da499c7/Spring/test-container?api-version=2023-01-01-preview
      pragma:
      - no-cache
      request-context:
      - appId=cid-v1:797d7e4e-8180-497e-a254-780fbd39ba4d
      strict-transport-security:
      - max-age=31536000; includeSubDomains
      x-content-type-options:
      - nosniff
      x-ms-ratelimit-remaining-subscription-resource-requests:
      - '1199'
      x-rp-server-mvid:
      - e9e97746-2ce9-40c9-b4b8-d25f29e14f66
    status:
      code: 201
      message: Created
- request:
    body: null
    headers:
      Accept:
      - '*/*'
      Accept-Encoding:
      - gzip, deflate
      CommandName:
      - spring app create
      Connection:
      - keep-alive
      ParameterSetName:
      - -s -g -n
      User-Agent:
      - AZURECLI/2.46.0 azsdk-python-mgmt-appplatform/6.1.0 Python/3.9.13 (Windows-10-10.0.22621-SP0)
    method: GET
    uri: https://management.azure.com/subscriptions/00000000-0000-0000-0000-000000000000/resourceGroups/clitest.rg000001/providers/Microsoft.AppPlatform/locations/uksouth/operationStatus/test-container/operationId/fcde1a15-469f-4325-a224-040e9da499c7?api-version=2023-01-01-preview
  response:
    body:
      string: '{"id":"subscriptions/d51e3ffe-6b84-49cd-b426-0dc4ec660356/resourceGroups/clitest.rg000001/providers/Microsoft.AppPlatform/locations/uksouth/operationStatus/test-container/operationId/fcde1a15-469f-4325-a224-040e9da499c7","name":"fcde1a15-469f-4325-a224-040e9da499c7","status":"Running","startTime":"2023-03-21T06:08:48.876082Z"}'
    headers:
      cache-control:
      - no-cache
      content-length:
      - '328'
      content-type:
      - application/json
      date:
      - Tue, 21 Mar 2023 06:08:48 GMT
      expires:
      - '-1'
      pragma:
      - no-cache
      request-context:
      - appId=cid-v1:797d7e4e-8180-497e-a254-780fbd39ba4d
      strict-transport-security:
      - max-age=31536000; includeSubDomains
      transfer-encoding:
      - chunked
      vary:
      - Accept-Encoding
      x-content-type-options:
      - nosniff
      x-rp-server-mvid:
      - e9e97746-2ce9-40c9-b4b8-d25f29e14f66
    status:
      code: 200
      message: OK
- request:
    body: null
    headers:
      Accept:
      - '*/*'
      Accept-Encoding:
      - gzip, deflate
      CommandName:
      - spring app create
      Connection:
      - keep-alive
      ParameterSetName:
      - -s -g -n
      User-Agent:
      - AZURECLI/2.46.0 azsdk-python-mgmt-appplatform/6.1.0 Python/3.9.13 (Windows-10-10.0.22621-SP0)
    method: GET
    uri: https://management.azure.com/subscriptions/00000000-0000-0000-0000-000000000000/resourceGroups/clitest.rg000001/providers/Microsoft.AppPlatform/locations/uksouth/operationStatus/test-container/operationId/fcde1a15-469f-4325-a224-040e9da499c7?api-version=2023-01-01-preview
  response:
    body:
      string: '{"id":"subscriptions/d51e3ffe-6b84-49cd-b426-0dc4ec660356/resourceGroups/clitest.rg000001/providers/Microsoft.AppPlatform/locations/uksouth/operationStatus/test-container/operationId/fcde1a15-469f-4325-a224-040e9da499c7","name":"fcde1a15-469f-4325-a224-040e9da499c7","status":"Succeeded","startTime":"2023-03-21T06:08:48.876082Z","endTime":"2023-03-21T06:08:56.2065378Z"}'
    headers:
      cache-control:
      - no-cache
      content-length:
      - '371'
      content-type:
      - application/json
      date:
      - Tue, 21 Mar 2023 06:08:59 GMT
      expires:
      - '-1'
      pragma:
      - no-cache
      request-context:
      - appId=cid-v1:797d7e4e-8180-497e-a254-780fbd39ba4d
      strict-transport-security:
      - max-age=31536000; includeSubDomains
      transfer-encoding:
      - chunked
      vary:
      - Accept-Encoding
      x-content-type-options:
      - nosniff
      x-rp-server-mvid:
      - e9e97746-2ce9-40c9-b4b8-d25f29e14f66
    status:
      code: 200
      message: OK
- request:
    body: null
    headers:
      Accept:
      - '*/*'
      Accept-Encoding:
      - gzip, deflate
      CommandName:
      - spring app create
      Connection:
      - keep-alive
      ParameterSetName:
      - -s -g -n
      User-Agent:
      - AZURECLI/2.46.0 azsdk-python-mgmt-appplatform/6.1.0 Python/3.9.13 (Windows-10-10.0.22621-SP0)
    method: GET
    uri: https://management.azure.com/subscriptions/00000000-0000-0000-0000-000000000000/resourceGroups/clitest.rg000001/providers/Microsoft.AppPlatform/Spring/clitest000002/apps/test-container?api-version=2023-01-01-preview
  response:
    body:
      string: '{"properties":{"addonConfigs":{"applicationConfigurationService":{},"serviceRegistry":{}},"public":false,"provisioningState":"Succeeded","fqdn":"clitest000002.azuremicroservices.io","httpsOnly":false,"temporaryDisk":{"sizeInGB":5,"mountPath":"/tmp"},"persistentDisk":{"sizeInGB":0,"mountPath":"/persistent"},"enableEndToEndTLS":false,"ingressSettings":{"readTimeoutInSeconds":300,"sendTimeoutInSeconds":60,"sessionCookieMaxAge":0,"sessionAffinity":"None","backendProtocol":"Default"}},"type":"Microsoft.AppPlatform/Spring/apps","identity":null,"location":"uksouth","id":"/subscriptions/00000000-0000-0000-0000-000000000000/resourceGroups/clitest.rg000001/providers/Microsoft.AppPlatform/Spring/clitest000002/apps/test-container","name":"test-container","systemData":{"createdBy":"yuwzho@microsoft.com","createdByType":"User","createdAt":"2023-03-21T06:08:48.3578994Z","lastModifiedBy":"yuwzho@microsoft.com","lastModifiedByType":"User","lastModifiedAt":"2023-03-21T06:08:48.3578994Z"}}'
    headers:
      cache-control:
      - no-cache
      content-length:
      - '985'
      content-type:
      - application/json
      date:
      - Tue, 21 Mar 2023 06:09:00 GMT
      expires:
      - '-1'
      pragma:
      - no-cache
      request-context:
      - appId=cid-v1:797d7e4e-8180-497e-a254-780fbd39ba4d
      strict-transport-security:
      - max-age=31536000; includeSubDomains
      transfer-encoding:
      - chunked
      vary:
      - Accept-Encoding
      x-content-type-options:
      - nosniff
      x-ms-ratelimit-remaining-subscription-resource-requests:
      - '11998'
      x-rp-server-mvid:
      - e9e97746-2ce9-40c9-b4b8-d25f29e14f66
    status:
      code: 200
      message: OK
- request:
    body: '{"properties": {"source": {"type": "Jar", "relativePath": "<default>",
      "runtimeVersion": "Java_11"}, "deploymentSettings": {"resourceRequests": {"cpu":
      "1", "memory": "1Gi"}}, "active": true}, "sku": {"name": "S0", "tier": "Standard",
      "capacity": 1}}'
    headers:
      Accept:
      - application/json
      Accept-Encoding:
      - gzip, deflate
      CommandName:
      - spring app create
      Connection:
      - keep-alive
      Content-Length:
      - '250'
      Content-Type:
      - application/json
      ParameterSetName:
      - -s -g -n
      User-Agent:
      - AZURECLI/2.46.0 azsdk-python-mgmt-appplatform/6.1.0 Python/3.9.13 (Windows-10-10.0.22621-SP0)
    method: PUT
    uri: https://management.azure.com/subscriptions/00000000-0000-0000-0000-000000000000/resourceGroups/clitest.rg000001/providers/Microsoft.AppPlatform/Spring/clitest000002/apps/test-container/deployments/mock-deployment?api-version=2023-01-01-preview
  response:
    body:
      string: '{"properties":{"deploymentSettings":{"resourceRequests":{"cpu":"1","memory":"1Gi"},"environmentVariables":null,"terminationGracePeriodSeconds":90},"provisioningState":"Creating","status":"Running","active":true,"instances":null,"source":{"type":"Jar","relativePath":"<default>","runtimeVersion":"Java_11"}},"type":"Microsoft.AppPlatform/Spring/apps/deployments","sku":{"name":"S0","tier":"Standard","capacity":1},"id":"/subscriptions/00000000-0000-0000-0000-000000000000/resourceGroups/clitest.rg000001/providers/Microsoft.AppPlatform/Spring/clitest000002/apps/test-container/deployments/default","name":"default","systemData":{"createdBy":"yuwzho@microsoft.com","createdByType":"User","createdAt":"2023-03-21T06:09:04.2328467Z","lastModifiedBy":"yuwzho@microsoft.com","lastModifiedByType":"User","lastModifiedAt":"2023-03-21T06:09:04.2328467Z"}}'
    headers:
      azure-asyncoperation:
      - https://management.azure.com/subscriptions/00000000-0000-0000-0000-000000000000/resourceGroups/clitest.rg000001/providers/Microsoft.AppPlatform/locations/uksouth/operationStatus/default/operationId/15857d4a-8525-414f-8120-9edc28d50c5a?api-version=2023-01-01-preview
      cache-control:
      - no-cache
      content-length:
      - '846'
      content-type:
      - application/json
      date:
      - Tue, 21 Mar 2023 06:09:04 GMT
      expires:
      - '-1'
      location:
      - https://management.azure.com/subscriptions/00000000-0000-0000-0000-000000000000/resourceGroups/clitest.rg000001/providers/Microsoft.AppPlatform/locations/uksouth/operationResults/15857d4a-8525-414f-8120-9edc28d50c5a/Spring/default?api-version=2023-01-01-preview
      pragma:
      - no-cache
      request-context:
      - appId=cid-v1:797d7e4e-8180-497e-a254-780fbd39ba4d
      strict-transport-security:
      - max-age=31536000; includeSubDomains
      x-content-type-options:
      - nosniff
      x-ms-ratelimit-remaining-subscription-resource-requests:
      - '1199'
      x-rp-server-mvid:
      - e9e97746-2ce9-40c9-b4b8-d25f29e14f66
    status:
      code: 201
      message: Created
- request:
    body: null
    headers:
      Accept:
      - '*/*'
      Accept-Encoding:
      - gzip, deflate
      CommandName:
      - spring app create
      Connection:
      - keep-alive
      ParameterSetName:
      - -s -g -n
      User-Agent:
      - AZURECLI/2.46.0 azsdk-python-mgmt-appplatform/6.1.0 Python/3.9.13 (Windows-10-10.0.22621-SP0)
    method: GET
    uri: https://management.azure.com/subscriptions/00000000-0000-0000-0000-000000000000/resourceGroups/clitest.rg000001/providers/Microsoft.AppPlatform/locations/uksouth/operationStatus/default/operationId/15857d4a-8525-414f-8120-9edc28d50c5a?api-version=2023-01-01-preview
  response:
    body:
      string: '{"id":"subscriptions/d51e3ffe-6b84-49cd-b426-0dc4ec660356/resourceGroups/clitest.rg000001/providers/Microsoft.AppPlatform/locations/uksouth/operationStatus/default/operationId/15857d4a-8525-414f-8120-9edc28d50c5a","name":"15857d4a-8525-414f-8120-9edc28d50c5a","status":"Running","startTime":"2023-03-21T06:09:05.1041699Z"}'
    headers:
      cache-control:
      - no-cache
      content-length:
      - '322'
      content-type:
      - application/json
      date:
      - Tue, 21 Mar 2023 06:09:05 GMT
      expires:
      - '-1'
      pragma:
      - no-cache
      request-context:
      - appId=cid-v1:797d7e4e-8180-497e-a254-780fbd39ba4d
      strict-transport-security:
      - max-age=31536000; includeSubDomains
      transfer-encoding:
      - chunked
      vary:
      - Accept-Encoding
      x-content-type-options:
      - nosniff
      x-rp-server-mvid:
      - e9e97746-2ce9-40c9-b4b8-d25f29e14f66
    status:
      code: 200
      message: OK
- request:
    body: '{"properties": {"public": false, "httpsOnly": false, "enableEndToEndTLS":
      false}}'
    headers:
      Accept:
      - application/json
      Accept-Encoding:
      - gzip, deflate
      CommandName:
      - spring app create
      Connection:
      - keep-alive
      Content-Length:
      - '81'
      Content-Type:
      - application/json
      ParameterSetName:
      - -s -g -n
      User-Agent:
      - AZURECLI/2.46.0 azsdk-python-mgmt-appplatform/6.1.0 Python/3.9.13 (Windows-10-10.0.22621-SP0)
    method: PATCH
    uri: https://management.azure.com/subscriptions/00000000-0000-0000-0000-000000000000/resourceGroups/clitest.rg000001/providers/Microsoft.AppPlatform/Spring/clitest000002/apps/test-container?api-version=2023-01-01-preview
  response:
    body:
      string: '{"properties":{"addonConfigs":{"applicationConfigurationService":{},"serviceRegistry":{}},"public":false,"provisioningState":"Updating","fqdn":"clitest000002.azuremicroservices.io","httpsOnly":false,"temporaryDisk":{"sizeInGB":5,"mountPath":"/tmp"},"persistentDisk":{"sizeInGB":0,"mountPath":"/persistent"},"enableEndToEndTLS":false,"ingressSettings":{"readTimeoutInSeconds":300,"sendTimeoutInSeconds":60,"sessionCookieMaxAge":0,"sessionAffinity":"None","backendProtocol":"Default"}},"type":"Microsoft.AppPlatform/Spring/apps","identity":null,"location":"uksouth","id":"/subscriptions/00000000-0000-0000-0000-000000000000/resourceGroups/clitest.rg000001/providers/Microsoft.AppPlatform/Spring/clitest000002/apps/test-container","name":"test-container","systemData":{"createdBy":"yuwzho@microsoft.com","createdByType":"User","createdAt":"2023-03-21T06:08:48.3578994Z","lastModifiedBy":"yuwzho@microsoft.com","lastModifiedByType":"User","lastModifiedAt":"2023-03-21T06:09:05.6698492Z"}}'
    headers:
      azure-asyncoperation:
      - https://management.azure.com/subscriptions/00000000-0000-0000-0000-000000000000/resourceGroups/clitest.rg000001/providers/Microsoft.AppPlatform/locations/uksouth/operationStatus/test-container/operationId/a49b317d-5c50-483d-8be6-d264c594a950?api-version=2023-01-01-preview
      cache-control:
      - no-cache
      content-length:
      - '984'
      content-type:
      - application/json
      date:
      - Tue, 21 Mar 2023 06:09:06 GMT
      expires:
      - '-1'
      location:
      - https://management.azure.com/subscriptions/00000000-0000-0000-0000-000000000000/resourceGroups/clitest.rg000001/providers/Microsoft.AppPlatform/locations/uksouth/operationResults/a49b317d-5c50-483d-8be6-d264c594a950/Spring/test-container?api-version=2023-01-01-preview
      pragma:
      - no-cache
      request-context:
      - appId=cid-v1:797d7e4e-8180-497e-a254-780fbd39ba4d
      strict-transport-security:
      - max-age=31536000; includeSubDomains
      x-content-type-options:
      - nosniff
      x-ms-ratelimit-remaining-subscription-resource-requests:
      - '1199'
      x-rp-server-mvid:
      - e9e97746-2ce9-40c9-b4b8-d25f29e14f66
    status:
      code: 202
      message: Accepted
- request:
    body: null
    headers:
      Accept:
      - '*/*'
      Accept-Encoding:
      - gzip, deflate
      CommandName:
      - spring app create
      Connection:
      - keep-alive
      ParameterSetName:
      - -s -g -n
      User-Agent:
      - AZURECLI/2.46.0 azsdk-python-mgmt-appplatform/6.1.0 Python/3.9.13 (Windows-10-10.0.22621-SP0)
    method: GET
    uri: https://management.azure.com/subscriptions/00000000-0000-0000-0000-000000000000/resourceGroups/clitest.rg000001/providers/Microsoft.AppPlatform/locations/uksouth/operationStatus/test-container/operationId/a49b317d-5c50-483d-8be6-d264c594a950?api-version=2023-01-01-preview
  response:
    body:
      string: '{"id":"subscriptions/d51e3ffe-6b84-49cd-b426-0dc4ec660356/resourceGroups/clitest.rg000001/providers/Microsoft.AppPlatform/locations/uksouth/operationStatus/test-container/operationId/a49b317d-5c50-483d-8be6-d264c594a950","name":"a49b317d-5c50-483d-8be6-d264c594a950","status":"Running","startTime":"2023-03-21T06:09:06.67864Z"}'
    headers:
      cache-control:
      - no-cache
      content-length:
      - '327'
      content-type:
      - application/json
      date:
      - Tue, 21 Mar 2023 06:09:06 GMT
      expires:
      - '-1'
      pragma:
      - no-cache
      request-context:
      - appId=cid-v1:797d7e4e-8180-497e-a254-780fbd39ba4d
      strict-transport-security:
      - max-age=31536000; includeSubDomains
      transfer-encoding:
      - chunked
      vary:
      - Accept-Encoding
      x-content-type-options:
      - nosniff
      x-rp-server-mvid:
      - e9e97746-2ce9-40c9-b4b8-d25f29e14f66
    status:
      code: 200
      message: OK
- request:
    body: null
    headers:
      Accept:
      - '*/*'
      Accept-Encoding:
      - gzip, deflate
      CommandName:
      - spring app create
      Connection:
      - keep-alive
      ParameterSetName:
      - -s -g -n
      User-Agent:
      - AZURECLI/2.46.0 azsdk-python-mgmt-appplatform/6.1.0 Python/3.9.13 (Windows-10-10.0.22621-SP0)
    method: GET
    uri: https://management.azure.com/subscriptions/00000000-0000-0000-0000-000000000000/resourceGroups/clitest.rg000001/providers/Microsoft.AppPlatform/locations/uksouth/operationStatus/default/operationId/15857d4a-8525-414f-8120-9edc28d50c5a?api-version=2023-01-01-preview
  response:
    body:
      string: '{"id":"subscriptions/d51e3ffe-6b84-49cd-b426-0dc4ec660356/resourceGroups/clitest.rg000001/providers/Microsoft.AppPlatform/locations/uksouth/operationStatus/default/operationId/15857d4a-8525-414f-8120-9edc28d50c5a","name":"15857d4a-8525-414f-8120-9edc28d50c5a","status":"Running","startTime":"2023-03-21T06:09:05.1041699Z"}'
    headers:
      cache-control:
      - no-cache
      content-length:
      - '322'
      content-type:
      - application/json
      date:
      - Tue, 21 Mar 2023 06:09:15 GMT
      expires:
      - '-1'
      pragma:
      - no-cache
      request-context:
      - appId=cid-v1:797d7e4e-8180-497e-a254-780fbd39ba4d
      strict-transport-security:
      - max-age=31536000; includeSubDomains
      transfer-encoding:
      - chunked
      vary:
      - Accept-Encoding
      x-content-type-options:
      - nosniff
      x-rp-server-mvid:
      - e9e97746-2ce9-40c9-b4b8-d25f29e14f66
    status:
      code: 200
      message: OK
- request:
    body: null
    headers:
      Accept:
      - '*/*'
      Accept-Encoding:
      - gzip, deflate
      CommandName:
      - spring app create
      Connection:
      - keep-alive
      ParameterSetName:
      - -s -g -n
      User-Agent:
      - AZURECLI/2.46.0 azsdk-python-mgmt-appplatform/6.1.0 Python/3.9.13 (Windows-10-10.0.22621-SP0)
    method: GET
    uri: https://management.azure.com/subscriptions/00000000-0000-0000-0000-000000000000/resourceGroups/clitest.rg000001/providers/Microsoft.AppPlatform/locations/uksouth/operationStatus/test-container/operationId/a49b317d-5c50-483d-8be6-d264c594a950?api-version=2023-01-01-preview
  response:
    body:
      string: '{"id":"subscriptions/d51e3ffe-6b84-49cd-b426-0dc4ec660356/resourceGroups/clitest.rg000001/providers/Microsoft.AppPlatform/locations/uksouth/operationStatus/test-container/operationId/a49b317d-5c50-483d-8be6-d264c594a950","name":"a49b317d-5c50-483d-8be6-d264c594a950","status":"Succeeded","startTime":"2023-03-21T06:09:06.67864Z","endTime":"2023-03-21T06:09:13.001264Z"}'
    headers:
      cache-control:
      - no-cache
      content-length:
      - '369'
      content-type:
      - application/json
      date:
      - Tue, 21 Mar 2023 06:09:17 GMT
      expires:
      - '-1'
      pragma:
      - no-cache
      request-context:
      - appId=cid-v1:797d7e4e-8180-497e-a254-780fbd39ba4d
      strict-transport-security:
      - max-age=31536000; includeSubDomains
      transfer-encoding:
      - chunked
      vary:
      - Accept-Encoding
      x-content-type-options:
      - nosniff
      x-rp-server-mvid:
      - e9e97746-2ce9-40c9-b4b8-d25f29e14f66
    status:
      code: 200
      message: OK
- request:
    body: null
    headers:
      Accept:
      - '*/*'
      Accept-Encoding:
      - gzip, deflate
      CommandName:
      - spring app create
      Connection:
      - keep-alive
      ParameterSetName:
      - -s -g -n
      User-Agent:
      - AZURECLI/2.46.0 azsdk-python-mgmt-appplatform/6.1.0 Python/3.9.13 (Windows-10-10.0.22621-SP0)
    method: GET
    uri: https://management.azure.com/subscriptions/00000000-0000-0000-0000-000000000000/resourceGroups/clitest.rg000001/providers/Microsoft.AppPlatform/Spring/clitest000002/apps/test-container?api-version=2023-01-01-preview
  response:
    body:
      string: '{"properties":{"addonConfigs":{"applicationConfigurationService":{},"serviceRegistry":{}},"public":false,"provisioningState":"Succeeded","fqdn":"clitest000002.azuremicroservices.io","httpsOnly":false,"temporaryDisk":{"sizeInGB":5,"mountPath":"/tmp"},"persistentDisk":{"sizeInGB":0,"mountPath":"/persistent"},"enableEndToEndTLS":false,"ingressSettings":{"readTimeoutInSeconds":300,"sendTimeoutInSeconds":60,"sessionCookieMaxAge":0,"sessionAffinity":"None","backendProtocol":"Default"}},"type":"Microsoft.AppPlatform/Spring/apps","identity":null,"location":"uksouth","id":"/subscriptions/00000000-0000-0000-0000-000000000000/resourceGroups/clitest.rg000001/providers/Microsoft.AppPlatform/Spring/clitest000002/apps/test-container","name":"test-container","systemData":{"createdBy":"yuwzho@microsoft.com","createdByType":"User","createdAt":"2023-03-21T06:08:48.3578994Z","lastModifiedBy":"yuwzho@microsoft.com","lastModifiedByType":"User","lastModifiedAt":"2023-03-21T06:09:05.6698492Z"}}'
    headers:
      cache-control:
      - no-cache
      content-length:
      - '985'
      content-type:
      - application/json
      date:
      - Tue, 21 Mar 2023 06:09:17 GMT
      expires:
      - '-1'
      pragma:
      - no-cache
      request-context:
      - appId=cid-v1:797d7e4e-8180-497e-a254-780fbd39ba4d
      strict-transport-security:
      - max-age=31536000; includeSubDomains
      transfer-encoding:
      - chunked
      vary:
      - Accept-Encoding
      x-content-type-options:
      - nosniff
      x-ms-ratelimit-remaining-subscription-resource-requests:
      - '11999'
      x-rp-server-mvid:
      - e9e97746-2ce9-40c9-b4b8-d25f29e14f66
    status:
      code: 200
      message: OK
- request:
    body: null
    headers:
      Accept:
      - '*/*'
      Accept-Encoding:
      - gzip, deflate
      CommandName:
      - spring app create
      Connection:
      - keep-alive
      ParameterSetName:
      - -s -g -n
      User-Agent:
      - AZURECLI/2.46.0 azsdk-python-mgmt-appplatform/6.1.0 Python/3.9.13 (Windows-10-10.0.22621-SP0)
    method: GET
    uri: https://management.azure.com/subscriptions/00000000-0000-0000-0000-000000000000/resourceGroups/clitest.rg000001/providers/Microsoft.AppPlatform/locations/uksouth/operationStatus/default/operationId/15857d4a-8525-414f-8120-9edc28d50c5a?api-version=2023-01-01-preview
  response:
    body:
      string: '{"id":"subscriptions/d51e3ffe-6b84-49cd-b426-0dc4ec660356/resourceGroups/clitest.rg000001/providers/Microsoft.AppPlatform/locations/uksouth/operationStatus/default/operationId/15857d4a-8525-414f-8120-9edc28d50c5a","name":"15857d4a-8525-414f-8120-9edc28d50c5a","status":"Running","startTime":"2023-03-21T06:09:05.1041699Z"}'
    headers:
      cache-control:
      - no-cache
      content-length:
      - '322'
      content-type:
      - application/json
      date:
      - Tue, 21 Mar 2023 06:09:25 GMT
      expires:
      - '-1'
      pragma:
      - no-cache
      request-context:
      - appId=cid-v1:797d7e4e-8180-497e-a254-780fbd39ba4d
      strict-transport-security:
      - max-age=31536000; includeSubDomains
      transfer-encoding:
      - chunked
      vary:
      - Accept-Encoding
      x-content-type-options:
      - nosniff
      x-rp-server-mvid:
      - e9e97746-2ce9-40c9-b4b8-d25f29e14f66
    status:
      code: 200
      message: OK
- request:
    body: null
    headers:
      Accept:
      - '*/*'
      Accept-Encoding:
      - gzip, deflate
      CommandName:
      - spring app create
      Connection:
      - keep-alive
      ParameterSetName:
      - -s -g -n
      User-Agent:
      - AZURECLI/2.46.0 azsdk-python-mgmt-appplatform/6.1.0 Python/3.9.13 (Windows-10-10.0.22621-SP0)
    method: GET
    uri: https://management.azure.com/subscriptions/00000000-0000-0000-0000-000000000000/resourceGroups/clitest.rg000001/providers/Microsoft.AppPlatform/locations/uksouth/operationStatus/default/operationId/15857d4a-8525-414f-8120-9edc28d50c5a?api-version=2023-01-01-preview
  response:
    body:
      string: '{"id":"subscriptions/d51e3ffe-6b84-49cd-b426-0dc4ec660356/resourceGroups/clitest.rg000001/providers/Microsoft.AppPlatform/locations/uksouth/operationStatus/default/operationId/15857d4a-8525-414f-8120-9edc28d50c5a","name":"15857d4a-8525-414f-8120-9edc28d50c5a","status":"Running","startTime":"2023-03-21T06:09:05.1041699Z"}'
    headers:
      cache-control:
      - no-cache
      content-length:
      - '322'
      content-type:
      - application/json
      date:
      - Tue, 21 Mar 2023 06:09:36 GMT
      expires:
      - '-1'
      pragma:
      - no-cache
      request-context:
      - appId=cid-v1:797d7e4e-8180-497e-a254-780fbd39ba4d
      strict-transport-security:
      - max-age=31536000; includeSubDomains
      transfer-encoding:
      - chunked
      vary:
      - Accept-Encoding
      x-content-type-options:
      - nosniff
      x-rp-server-mvid:
      - e9e97746-2ce9-40c9-b4b8-d25f29e14f66
    status:
      code: 200
      message: OK
- request:
    body: null
    headers:
      Accept:
      - '*/*'
      Accept-Encoding:
      - gzip, deflate
      CommandName:
      - spring app create
      Connection:
      - keep-alive
      ParameterSetName:
      - -s -g -n
      User-Agent:
      - AZURECLI/2.46.0 azsdk-python-mgmt-appplatform/6.1.0 Python/3.9.13 (Windows-10-10.0.22621-SP0)
    method: GET
    uri: https://management.azure.com/subscriptions/00000000-0000-0000-0000-000000000000/resourceGroups/clitest.rg000001/providers/Microsoft.AppPlatform/locations/uksouth/operationStatus/default/operationId/15857d4a-8525-414f-8120-9edc28d50c5a?api-version=2023-01-01-preview
  response:
    body:
      string: '{"id":"subscriptions/d51e3ffe-6b84-49cd-b426-0dc4ec660356/resourceGroups/clitest.rg000001/providers/Microsoft.AppPlatform/locations/uksouth/operationStatus/default/operationId/15857d4a-8525-414f-8120-9edc28d50c5a","name":"15857d4a-8525-414f-8120-9edc28d50c5a","status":"Succeeded","startTime":"2023-03-21T06:09:05.1041699Z","endTime":"2023-03-21T06:09:44.4356928Z"}'
    headers:
      cache-control:
      - no-cache
      content-length:
      - '365'
      content-type:
      - application/json
      date:
      - Tue, 21 Mar 2023 06:09:46 GMT
      expires:
      - '-1'
      pragma:
      - no-cache
      request-context:
      - appId=cid-v1:797d7e4e-8180-497e-a254-780fbd39ba4d
      strict-transport-security:
      - max-age=31536000; includeSubDomains
      transfer-encoding:
      - chunked
      vary:
      - Accept-Encoding
      x-content-type-options:
      - nosniff
      x-rp-server-mvid:
      - e9e97746-2ce9-40c9-b4b8-d25f29e14f66
    status:
      code: 200
      message: OK
- request:
    body: null
    headers:
      Accept:
      - '*/*'
      Accept-Encoding:
      - gzip, deflate
      CommandName:
      - spring app create
      Connection:
      - keep-alive
      ParameterSetName:
      - -s -g -n
      User-Agent:
      - AZURECLI/2.46.0 azsdk-python-mgmt-appplatform/6.1.0 Python/3.9.13 (Windows-10-10.0.22621-SP0)
    method: GET
    uri: https://management.azure.com/subscriptions/00000000-0000-0000-0000-000000000000/resourceGroups/clitest.rg000001/providers/Microsoft.AppPlatform/Spring/clitest000002/apps/test-container/deployments/mock-deployment?api-version=2023-01-01-preview
  response:
    body:
      string: '{"properties":{"deploymentSettings":{"resourceRequests":{"cpu":"1","memory":"1Gi"},"environmentVariables":null,"terminationGracePeriodSeconds":90,"livenessProbe":{"disableProbe":false,"failureThreshold":3,"initialDelaySeconds":300,"periodSeconds":10,"successThreshold":1,"timeoutSeconds":3,"probeAction":{"type":"TCPSocketAction"}},"readinessProbe":{"disableProbe":false,"failureThreshold":3,"initialDelaySeconds":0,"periodSeconds":5,"successThreshold":1,"timeoutSeconds":3,"probeAction":{"type":"TCPSocketAction"}}},"provisioningState":"Succeeded","status":"Running","active":true,"instances":[{"name":"test-container-default-14-6f4d646c8d-fbrrx","status":"Running","discoveryStatus":"UNREGISTERED","startTime":"2023-03-21T06:09:07Z"}],"source":{"type":"Jar","relativePath":"<default>","runtimeVersion":"Java_11"}},"type":"Microsoft.AppPlatform/Spring/apps/deployments","sku":{"name":"S0","tier":"Standard","capacity":1},"id":"/subscriptions/00000000-0000-0000-0000-000000000000/resourceGroups/clitest.rg000001/providers/Microsoft.AppPlatform/Spring/clitest000002/apps/test-container/deployments/default","name":"default","systemData":{"createdBy":"yuwzho@microsoft.com","createdByType":"User","createdAt":"2023-03-21T06:09:04.2328467Z","lastModifiedBy":"yuwzho@microsoft.com","lastModifiedByType":"User","lastModifiedAt":"2023-03-21T06:09:04.2328467Z"}}'
    headers:
      cache-control:
      - no-cache
      content-length:
      - '1355'
      content-type:
      - application/json
      date:
      - Tue, 21 Mar 2023 06:09:49 GMT
      expires:
      - '-1'
      pragma:
      - no-cache
      request-context:
      - appId=cid-v1:797d7e4e-8180-497e-a254-780fbd39ba4d
      strict-transport-security:
      - max-age=31536000; includeSubDomains
      transfer-encoding:
      - chunked
      vary:
      - Accept-Encoding
      x-content-type-options:
      - nosniff
      x-ms-ratelimit-remaining-subscription-resource-requests:
      - '11999'
      x-rp-server-mvid:
      - e9e97746-2ce9-40c9-b4b8-d25f29e14f66
    status:
      code: 200
      message: OK
- request:
    body: null
    headers:
      Accept:
      - application/json
      Accept-Encoding:
      - gzip, deflate
      CommandName:
      - spring app create
      Connection:
      - keep-alive
      ParameterSetName:
      - -s -g -n
      User-Agent:
      - AZURECLI/2.46.0 azsdk-python-mgmt-appplatform/6.1.0 Python/3.9.13 (Windows-10-10.0.22621-SP0)
    method: GET
    uri: https://management.azure.com/subscriptions/00000000-0000-0000-0000-000000000000/resourceGroups/clitest.rg000001/providers/Microsoft.AppPlatform/Spring/clitest000002/apps/test-container?api-version=2023-01-01-preview
  response:
    body:
      string: '{"properties":{"addonConfigs":{"applicationConfigurationService":{},"serviceRegistry":{}},"public":false,"provisioningState":"Succeeded","fqdn":"clitest000002.azuremicroservices.io","httpsOnly":false,"temporaryDisk":{"sizeInGB":5,"mountPath":"/tmp"},"persistentDisk":{"sizeInGB":0,"mountPath":"/persistent"},"enableEndToEndTLS":false,"ingressSettings":{"readTimeoutInSeconds":300,"sendTimeoutInSeconds":60,"sessionCookieMaxAge":0,"sessionAffinity":"None","backendProtocol":"Default"}},"type":"Microsoft.AppPlatform/Spring/apps","identity":null,"location":"uksouth","id":"/subscriptions/00000000-0000-0000-0000-000000000000/resourceGroups/clitest.rg000001/providers/Microsoft.AppPlatform/Spring/clitest000002/apps/test-container","name":"test-container","systemData":{"createdBy":"yuwzho@microsoft.com","createdByType":"User","createdAt":"2023-03-21T06:08:48.3578994Z","lastModifiedBy":"yuwzho@microsoft.com","lastModifiedByType":"User","lastModifiedAt":"2023-03-21T06:09:05.6698492Z"}}'
    headers:
      cache-control:
      - no-cache
      content-length:
      - '985'
      content-type:
      - application/json
      date:
      - Tue, 21 Mar 2023 06:09:51 GMT
      expires:
      - '-1'
      pragma:
      - no-cache
      request-context:
      - appId=cid-v1:797d7e4e-8180-497e-a254-780fbd39ba4d
      strict-transport-security:
      - max-age=31536000; includeSubDomains
      transfer-encoding:
      - chunked
      vary:
      - Accept-Encoding
      x-content-type-options:
      - nosniff
      x-ms-ratelimit-remaining-subscription-resource-requests:
      - '11998'
      x-rp-server-mvid:
      - e9e97746-2ce9-40c9-b4b8-d25f29e14f66
    status:
      code: 200
      message: OK
- request:
    body: null
    headers:
      Accept:
      - application/json
      Accept-Encoding:
      - gzip, deflate
      CommandName:
      - spring app create
      Connection:
      - keep-alive
      ParameterSetName:
      - -s -g -n
      User-Agent:
      - AZURECLI/2.46.0 azsdk-python-mgmt-appplatform/6.1.0 Python/3.9.13 (Windows-10-10.0.22621-SP0)
    method: GET
    uri: https://management.azure.com/subscriptions/00000000-0000-0000-0000-000000000000/resourceGroups/clitest.rg000001/providers/Microsoft.AppPlatform/Spring/clitest000002/apps/test-container/deployments?api-version=2023-01-01-preview
  response:
    body:
      string: '{"value":[{"properties":{"deploymentSettings":{"resourceRequests":{"cpu":"1","memory":"1Gi"},"environmentVariables":null,"terminationGracePeriodSeconds":90,"livenessProbe":{"disableProbe":false,"failureThreshold":3,"initialDelaySeconds":300,"periodSeconds":10,"successThreshold":1,"timeoutSeconds":3,"probeAction":{"type":"TCPSocketAction"}},"readinessProbe":{"disableProbe":false,"failureThreshold":3,"initialDelaySeconds":0,"periodSeconds":5,"successThreshold":1,"timeoutSeconds":3,"probeAction":{"type":"TCPSocketAction"}}},"provisioningState":"Succeeded","status":"Running","active":true,"instances":[{"name":"test-container-default-14-6f4d646c8d-fbrrx","status":"Running","discoveryStatus":"UNREGISTERED","startTime":"2023-03-21T06:09:07Z"}],"source":{"type":"Jar","relativePath":"<default>","runtimeVersion":"Java_11"}},"type":"Microsoft.AppPlatform/Spring/apps/deployments","sku":{"name":"S0","tier":"Standard","capacity":1},"id":"/subscriptions/00000000-0000-0000-0000-000000000000/resourceGroups/clitest.rg000001/providers/Microsoft.AppPlatform/Spring/clitest000002/apps/test-container/deployments/default","name":"default","systemData":{"createdBy":"yuwzho@microsoft.com","createdByType":"User","createdAt":"2023-03-21T06:09:04.2328467Z","lastModifiedBy":"yuwzho@microsoft.com","lastModifiedByType":"User","lastModifiedAt":"2023-03-21T06:09:04.2328467Z"}}]}'
    headers:
      cache-control:
      - no-cache
      content-length:
      - '1367'
      content-type:
      - application/json
      date:
      - Tue, 21 Mar 2023 06:09:54 GMT
      expires:
      - '-1'
      pragma:
      - no-cache
      request-context:
      - appId=cid-v1:797d7e4e-8180-497e-a254-780fbd39ba4d
      strict-transport-security:
      - max-age=31536000; includeSubDomains
      transfer-encoding:
      - chunked
      vary:
      - Accept-Encoding
      x-content-type-options:
      - nosniff
      x-ms-ratelimit-remaining-subscription-resource-requests:
      - '11998'
      x-rp-server-mvid:
      - e9e97746-2ce9-40c9-b4b8-d25f29e14f66
    status:
      code: 200
      message: OK
- request:
    body: null
    headers:
      Accept:
      - application/json
      Accept-Encoding:
      - gzip, deflate
      CommandName:
      - spring app deploy
      Connection:
      - keep-alive
      ParameterSetName:
      - -g -s -n --container-image
      User-Agent:
      - AZURECLI/2.46.0 azsdk-python-mgmt-appplatform/6.1.0 Python/3.9.13 (Windows-10-10.0.22621-SP0)
    method: GET
    uri: https://management.azure.com/subscriptions/00000000-0000-0000-0000-000000000000/resourceGroups/clitest.rg000001/providers/Microsoft.AppPlatform/Spring/clitest000002/apps/test-container/deployments?api-version=2023-01-01-preview
  response:
    body:
      string: '{"value":[{"properties":{"deploymentSettings":{"resourceRequests":{"cpu":"1","memory":"1Gi"},"environmentVariables":null,"terminationGracePeriodSeconds":90,"livenessProbe":{"disableProbe":false,"failureThreshold":3,"initialDelaySeconds":300,"periodSeconds":10,"successThreshold":1,"timeoutSeconds":3,"probeAction":{"type":"TCPSocketAction"}},"readinessProbe":{"disableProbe":false,"failureThreshold":3,"initialDelaySeconds":0,"periodSeconds":5,"successThreshold":1,"timeoutSeconds":3,"probeAction":{"type":"TCPSocketAction"}}},"provisioningState":"Succeeded","status":"Running","active":true,"instances":[{"name":"test-container-default-14-6f4d646c8d-fbrrx","status":"Running","discoveryStatus":"UNREGISTERED","startTime":"2023-03-21T06:09:07Z"}],"source":{"type":"Jar","relativePath":"<default>","runtimeVersion":"Java_11"}},"type":"Microsoft.AppPlatform/Spring/apps/deployments","sku":{"name":"S0","tier":"Standard","capacity":1},"id":"/subscriptions/00000000-0000-0000-0000-000000000000/resourceGroups/clitest.rg000001/providers/Microsoft.AppPlatform/Spring/clitest000002/apps/test-container/deployments/default","name":"default","systemData":{"createdBy":"yuwzho@microsoft.com","createdByType":"User","createdAt":"2023-03-21T06:09:04.2328467Z","lastModifiedBy":"yuwzho@microsoft.com","lastModifiedByType":"User","lastModifiedAt":"2023-03-21T06:09:04.2328467Z"}}]}'
    headers:
      cache-control:
      - no-cache
      content-length:
      - '1367'
      content-type:
      - application/json
      date:
      - Tue, 21 Mar 2023 06:09:58 GMT
      expires:
      - '-1'
      pragma:
      - no-cache
      request-context:
      - appId=cid-v1:797d7e4e-8180-497e-a254-780fbd39ba4d
      strict-transport-security:
      - max-age=31536000; includeSubDomains
      transfer-encoding:
      - chunked
      vary:
      - Accept-Encoding
      x-content-type-options:
      - nosniff
      x-ms-ratelimit-remaining-subscription-resource-requests:
      - '11999'
      x-rp-server-mvid:
      - e9e97746-2ce9-40c9-b4b8-d25f29e14f66
    status:
      code: 200
      message: OK
- request:
    body: '{"properties": {"source": {"type": "Container", "customContainer": {"server":
      "docker.io", "containerImage": "springio/gs-spring-boot-docker"}}, "deploymentSettings":
      {"resourceRequests": {"cpu": "1", "memory": "1Gi"}}}, "sku": {"name": "S0",
      "tier": "Standard", "capacity": 1}}'
    headers:
      Accept:
      - application/json
      Accept-Encoding:
      - gzip, deflate
      CommandName:
      - spring app deploy
      Connection:
      - keep-alive
      Content-Length:
      - '278'
      Content-Type:
      - application/json
      ParameterSetName:
      - -g -s -n --container-image
      User-Agent:
      - AZURECLI/2.46.0 azsdk-python-mgmt-appplatform/6.1.0 Python/3.9.13 (Windows-10-10.0.22621-SP0)
    method: PUT
    uri: https://management.azure.com/subscriptions/00000000-0000-0000-0000-000000000000/resourceGroups/clitest.rg000001/providers/Microsoft.AppPlatform/Spring/clitest000002/apps/test-container/deployments/mock-deployment?api-version=2023-01-01-preview
  response:
    body:
      string: '{"properties":{"deploymentSettings":{"resourceRequests":{"cpu":"1","memory":"1Gi"},"environmentVariables":null,"terminationGracePeriodSeconds":90},"provisioningState":"Updating","status":"Running","active":true,"instances":null,"source":{"type":"Container","version":"","customContainer":{"containerImage":"springio/gs-spring-boot-docker","server":"docker.io"}}},"type":"Microsoft.AppPlatform/Spring/apps/deployments","sku":{"name":"S0","tier":"Standard","capacity":1},"id":"/subscriptions/00000000-0000-0000-0000-000000000000/resourceGroups/clitest.rg000001/providers/Microsoft.AppPlatform/Spring/clitest000002/apps/test-container/deployments/default","name":"default","systemData":{"createdBy":"yuwzho@microsoft.com","createdByType":"User","createdAt":"2023-03-21T06:09:04.2328467Z","lastModifiedBy":"yuwzho@microsoft.com","lastModifiedByType":"User","lastModifiedAt":"2023-03-21T06:09:59.4011581Z"}}'
    headers:
      azure-asyncoperation:
      - https://management.azure.com/subscriptions/00000000-0000-0000-0000-000000000000/resourceGroups/clitest.rg000001/providers/Microsoft.AppPlatform/locations/uksouth/operationStatus/default/operationId/7f6dbaa7-b51b-41a6-a072-40b3bcabb1a4?api-version=2023-01-01-preview
      cache-control:
      - no-cache
      content-length:
      - '902'
      content-type:
      - application/json
      date:
      - Tue, 21 Mar 2023 06:10:01 GMT
      expires:
      - '-1'
      location:
      - https://management.azure.com/subscriptions/00000000-0000-0000-0000-000000000000/resourceGroups/clitest.rg000001/providers/Microsoft.AppPlatform/locations/uksouth/operationResults/7f6dbaa7-b51b-41a6-a072-40b3bcabb1a4/Spring/default?api-version=2023-01-01-preview
      pragma:
      - no-cache
      request-context:
      - appId=cid-v1:797d7e4e-8180-497e-a254-780fbd39ba4d
      strict-transport-security:
      - max-age=31536000; includeSubDomains
      x-content-type-options:
      - nosniff
      x-ms-ratelimit-remaining-subscription-resource-requests:
      - '1199'
      x-rp-server-mvid:
      - e9e97746-2ce9-40c9-b4b8-d25f29e14f66
    status:
      code: 202
      message: Accepted
- request:
    body: null
    headers:
      Accept:
      - '*/*'
      Accept-Encoding:
      - gzip, deflate
      CommandName:
      - spring app deploy
      Connection:
      - keep-alive
      ParameterSetName:
      - -g -s -n --container-image
      User-Agent:
      - AZURECLI/2.46.0 azsdk-python-mgmt-appplatform/6.1.0 Python/3.9.13 (Windows-10-10.0.22621-SP0)
    method: GET
    uri: https://management.azure.com/subscriptions/00000000-0000-0000-0000-000000000000/resourceGroups/clitest.rg000001/providers/Microsoft.AppPlatform/locations/uksouth/operationStatus/default/operationId/7f6dbaa7-b51b-41a6-a072-40b3bcabb1a4?api-version=2023-01-01-preview
  response:
    body:
      string: '{"id":"subscriptions/d51e3ffe-6b84-49cd-b426-0dc4ec660356/resourceGroups/clitest.rg000001/providers/Microsoft.AppPlatform/locations/uksouth/operationStatus/default/operationId/7f6dbaa7-b51b-41a6-a072-40b3bcabb1a4","name":"7f6dbaa7-b51b-41a6-a072-40b3bcabb1a4","status":"Running","startTime":"2023-03-21T06:10:01.3380075Z"}'
    headers:
      cache-control:
      - no-cache
      content-length:
      - '322'
      content-type:
      - application/json
      date:
      - Tue, 21 Mar 2023 06:10:01 GMT
      expires:
      - '-1'
      pragma:
      - no-cache
      request-context:
      - appId=cid-v1:797d7e4e-8180-497e-a254-780fbd39ba4d
      strict-transport-security:
      - max-age=31536000; includeSubDomains
      transfer-encoding:
      - chunked
      vary:
      - Accept-Encoding
      x-content-type-options:
      - nosniff
      x-rp-server-mvid:
      - e9e97746-2ce9-40c9-b4b8-d25f29e14f66
    status:
      code: 200
      message: OK
- request:
    body: null
    headers:
      Accept:
      - '*/*'
      Accept-Encoding:
      - gzip, deflate
      CommandName:
      - spring app deploy
      Connection:
      - keep-alive
      ParameterSetName:
      - -g -s -n --container-image
      User-Agent:
      - AZURECLI/2.46.0 azsdk-python-mgmt-appplatform/6.1.0 Python/3.9.13 (Windows-10-10.0.22621-SP0)
    method: GET
    uri: https://management.azure.com/subscriptions/00000000-0000-0000-0000-000000000000/resourceGroups/clitest.rg000001/providers/Microsoft.AppPlatform/locations/uksouth/operationStatus/default/operationId/7f6dbaa7-b51b-41a6-a072-40b3bcabb1a4?api-version=2023-01-01-preview
  response:
    body:
      string: '{"id":"subscriptions/d51e3ffe-6b84-49cd-b426-0dc4ec660356/resourceGroups/clitest.rg000001/providers/Microsoft.AppPlatform/locations/uksouth/operationStatus/default/operationId/7f6dbaa7-b51b-41a6-a072-40b3bcabb1a4","name":"7f6dbaa7-b51b-41a6-a072-40b3bcabb1a4","status":"Running","startTime":"2023-03-21T06:10:01.3380075Z"}'
    headers:
      cache-control:
      - no-cache
      content-length:
      - '322'
      content-type:
      - application/json
      date:
      - Tue, 21 Mar 2023 06:10:12 GMT
      expires:
      - '-1'
      pragma:
      - no-cache
      request-context:
      - appId=cid-v1:797d7e4e-8180-497e-a254-780fbd39ba4d
      strict-transport-security:
      - max-age=31536000; includeSubDomains
      transfer-encoding:
      - chunked
      vary:
      - Accept-Encoding
      x-content-type-options:
      - nosniff
      x-rp-server-mvid:
      - e9e97746-2ce9-40c9-b4b8-d25f29e14f66
    status:
      code: 200
      message: OK
- request:
    body: null
    headers:
      Accept:
      - '*/*'
      Accept-Encoding:
      - gzip, deflate
      CommandName:
      - spring app deploy
      Connection:
      - keep-alive
      ParameterSetName:
      - -g -s -n --container-image
      User-Agent:
      - AZURECLI/2.46.0 azsdk-python-mgmt-appplatform/6.1.0 Python/3.9.13 (Windows-10-10.0.22621-SP0)
    method: GET
    uri: https://management.azure.com/subscriptions/00000000-0000-0000-0000-000000000000/resourceGroups/clitest.rg000001/providers/Microsoft.AppPlatform/locations/uksouth/operationStatus/default/operationId/7f6dbaa7-b51b-41a6-a072-40b3bcabb1a4?api-version=2023-01-01-preview
  response:
    body:
      string: '{"id":"subscriptions/d51e3ffe-6b84-49cd-b426-0dc4ec660356/resourceGroups/clitest.rg000001/providers/Microsoft.AppPlatform/locations/uksouth/operationStatus/default/operationId/7f6dbaa7-b51b-41a6-a072-40b3bcabb1a4","name":"7f6dbaa7-b51b-41a6-a072-40b3bcabb1a4","status":"Running","startTime":"2023-03-21T06:10:01.3380075Z"}'
    headers:
      cache-control:
      - no-cache
      content-length:
      - '322'
      content-type:
      - application/json
      date:
      - Tue, 21 Mar 2023 06:10:22 GMT
      expires:
      - '-1'
      pragma:
      - no-cache
      request-context:
      - appId=cid-v1:797d7e4e-8180-497e-a254-780fbd39ba4d
      strict-transport-security:
      - max-age=31536000; includeSubDomains
      transfer-encoding:
      - chunked
      vary:
      - Accept-Encoding
      x-content-type-options:
      - nosniff
      x-rp-server-mvid:
      - e9e97746-2ce9-40c9-b4b8-d25f29e14f66
    status:
      code: 200
      message: OK
- request:
    body: null
    headers:
      Accept:
      - '*/*'
      Accept-Encoding:
      - gzip, deflate
      CommandName:
      - spring app deploy
      Connection:
      - keep-alive
      ParameterSetName:
      - -g -s -n --container-image
      User-Agent:
      - AZURECLI/2.46.0 azsdk-python-mgmt-appplatform/6.1.0 Python/3.9.13 (Windows-10-10.0.22621-SP0)
    method: GET
    uri: https://management.azure.com/subscriptions/00000000-0000-0000-0000-000000000000/resourceGroups/clitest.rg000001/providers/Microsoft.AppPlatform/locations/uksouth/operationStatus/default/operationId/7f6dbaa7-b51b-41a6-a072-40b3bcabb1a4?api-version=2023-01-01-preview
  response:
    body:
      string: '{"id":"subscriptions/d51e3ffe-6b84-49cd-b426-0dc4ec660356/resourceGroups/clitest.rg000001/providers/Microsoft.AppPlatform/locations/uksouth/operationStatus/default/operationId/7f6dbaa7-b51b-41a6-a072-40b3bcabb1a4","name":"7f6dbaa7-b51b-41a6-a072-40b3bcabb1a4","status":"Succeeded","startTime":"2023-03-21T06:10:01.3380075Z","endTime":"2023-03-21T06:10:26.5074573Z"}'
    headers:
      cache-control:
      - no-cache
      content-length:
      - '365'
      content-type:
      - application/json
      date:
      - Tue, 21 Mar 2023 06:10:32 GMT
      expires:
      - '-1'
      pragma:
      - no-cache
      request-context:
      - appId=cid-v1:797d7e4e-8180-497e-a254-780fbd39ba4d
      strict-transport-security:
      - max-age=31536000; includeSubDomains
      transfer-encoding:
      - chunked
      vary:
      - Accept-Encoding
      x-content-type-options:
      - nosniff
      x-rp-server-mvid:
      - e9e97746-2ce9-40c9-b4b8-d25f29e14f66
    status:
      code: 200
      message: OK
- request:
    body: null
    headers:
      Accept:
      - '*/*'
      Accept-Encoding:
      - gzip, deflate
      CommandName:
      - spring app deploy
      Connection:
      - keep-alive
      ParameterSetName:
      - -g -s -n --container-image
      User-Agent:
      - AZURECLI/2.46.0 azsdk-python-mgmt-appplatform/6.1.0 Python/3.9.13 (Windows-10-10.0.22621-SP0)
    method: GET
    uri: https://management.azure.com/subscriptions/00000000-0000-0000-0000-000000000000/resourceGroups/clitest.rg000001/providers/Microsoft.AppPlatform/Spring/clitest000002/apps/test-container/deployments/mock-deployment?api-version=2023-01-01-preview
  response:
    body:
      string: '{"properties":{"deploymentSettings":{"resourceRequests":{"cpu":"1","memory":"1Gi"},"environmentVariables":null,"terminationGracePeriodSeconds":90,"livenessProbe":{"disableProbe":false,"failureThreshold":3,"initialDelaySeconds":300,"periodSeconds":10,"successThreshold":1,"timeoutSeconds":3,"probeAction":{"type":"TCPSocketAction"}},"readinessProbe":{"disableProbe":false,"failureThreshold":3,"initialDelaySeconds":0,"periodSeconds":5,"successThreshold":1,"timeoutSeconds":3,"probeAction":{"type":"TCPSocketAction"}}},"provisioningState":"Succeeded","status":"Running","active":true,"instances":[{"name":"test-container-default-14-67945b8df-69nqn","status":"Running","discoveryStatus":"N/A","startTime":"2023-03-21T06:10:12Z"}],"source":{"type":"Container","version":"","customContainer":{"containerImage":"springio/gs-spring-boot-docker","server":"docker.io"}}},"type":"Microsoft.AppPlatform/Spring/apps/deployments","sku":{"name":"S0","tier":"Standard","capacity":1},"id":"/subscriptions/00000000-0000-0000-0000-000000000000/resourceGroups/clitest.rg000001/providers/Microsoft.AppPlatform/Spring/clitest000002/apps/test-container/deployments/default","name":"default","systemData":{"createdBy":"yuwzho@microsoft.com","createdByType":"User","createdAt":"2023-03-21T06:09:04.2328467Z","lastModifiedBy":"yuwzho@microsoft.com","lastModifiedByType":"User","lastModifiedAt":"2023-03-21T06:09:59.4011581Z"}}'
    headers:
      cache-control:
      - no-cache
      content-length:
      - '1401'
      content-type:
      - application/json
      date:
      - Tue, 21 Mar 2023 06:10:35 GMT
      expires:
      - '-1'
      pragma:
      - no-cache
      request-context:
      - appId=cid-v1:797d7e4e-8180-497e-a254-780fbd39ba4d
      strict-transport-security:
      - max-age=31536000; includeSubDomains
      transfer-encoding:
      - chunked
      vary:
      - Accept-Encoding
      x-content-type-options:
      - nosniff
      x-ms-ratelimit-remaining-subscription-resource-requests:
      - '11999'
      x-rp-server-mvid:
      - e9e97746-2ce9-40c9-b4b8-d25f29e14f66
    status:
      code: 200
      message: OK
- request:
    body: null
    headers:
      Accept:
      - application/json
      Accept-Encoding:
      - gzip, deflate
      CommandName:
      - spring app deploy
      Connection:
      - keep-alive
      ParameterSetName:
      - -g -s -n --container-image
      User-Agent:
      - AZURECLI/2.46.0 azsdk-python-mgmt-appplatform/6.1.0 Python/3.9.13 (Windows-10-10.0.22621-SP0)
    method: GET
    uri: https://management.azure.com/subscriptions/00000000-0000-0000-0000-000000000000/resourceGroups/clitest.rg000001/providers/Microsoft.AppPlatform/Spring/clitest000002/apps/test-container/deployments/mock-deployment?api-version=2023-01-01-preview
  response:
    body:
      string: '{"properties":{"deploymentSettings":{"resourceRequests":{"cpu":"1","memory":"1Gi"},"environmentVariables":null,"terminationGracePeriodSeconds":90,"livenessProbe":{"disableProbe":false,"failureThreshold":3,"initialDelaySeconds":300,"periodSeconds":10,"successThreshold":1,"timeoutSeconds":3,"probeAction":{"type":"TCPSocketAction"}},"readinessProbe":{"disableProbe":false,"failureThreshold":3,"initialDelaySeconds":0,"periodSeconds":5,"successThreshold":1,"timeoutSeconds":3,"probeAction":{"type":"TCPSocketAction"}}},"provisioningState":"Succeeded","status":"Running","active":true,"instances":[{"name":"test-container-default-14-67945b8df-69nqn","status":"Running","discoveryStatus":"N/A","startTime":"2023-03-21T06:10:12Z"}],"source":{"type":"Container","version":"","customContainer":{"containerImage":"springio/gs-spring-boot-docker","server":"docker.io"}}},"type":"Microsoft.AppPlatform/Spring/apps/deployments","sku":{"name":"S0","tier":"Standard","capacity":1},"id":"/subscriptions/00000000-0000-0000-0000-000000000000/resourceGroups/clitest.rg000001/providers/Microsoft.AppPlatform/Spring/clitest000002/apps/test-container/deployments/default","name":"default","systemData":{"createdBy":"yuwzho@microsoft.com","createdByType":"User","createdAt":"2023-03-21T06:09:04.2328467Z","lastModifiedBy":"yuwzho@microsoft.com","lastModifiedByType":"User","lastModifiedAt":"2023-03-21T06:09:59.4011581Z"}}'
    headers:
      cache-control:
      - no-cache
      content-length:
      - '1401'
      content-type:
      - application/json
      date:
      - Tue, 21 Mar 2023 06:10:37 GMT
      expires:
      - '-1'
      pragma:
      - no-cache
      request-context:
      - appId=cid-v1:797d7e4e-8180-497e-a254-780fbd39ba4d
      strict-transport-security:
      - max-age=31536000; includeSubDomains
      transfer-encoding:
      - chunked
      vary:
      - Accept-Encoding
      x-content-type-options:
      - nosniff
      x-ms-ratelimit-remaining-subscription-resource-requests:
      - '11998'
      x-rp-server-mvid:
      - e9e97746-2ce9-40c9-b4b8-d25f29e14f66
    status:
      code: 200
      message: OK
- request:
    body: null
    headers:
      Accept:
      - application/json
      Accept-Encoding:
      - gzip, deflate
      CommandName:
      - spring app deploy
      Connection:
      - keep-alive
      Content-Length:
      - '0'
      ParameterSetName:
      - -g -s -n --container-image
      User-Agent:
      - AZURECLI/2.46.0 azsdk-python-mgmt-appplatform/6.1.0 Python/3.9.13 (Windows-10-10.0.22621-SP0)
    method: POST
    uri: https://management.azure.com/subscriptions/00000000-0000-0000-0000-000000000000/resourceGroups/clitest.rg000001/providers/Microsoft.AppPlatform/Spring/clitest000002/listTestKeys?api-version=2023-01-01-preview
  response:
    body:
      string: '{"primaryKey":"tSn0dSab2pEvkDpQ8eZ9mdJeNGn8MG8Et6xGbBlQa9j4ZxzcsUQHKNPR8WTtTwa0","secondaryKey":"FwlTRlm4HF9I5UDZZVa0GEAnmWZFpcEj17iMoYEPjii2kNQsxRz2Gev78itJPWYr","primaryTestEndpoint":"https://primary:tSn0dSab2pEvkDpQ8eZ9mdJeNGn8MG8Et6xGbBlQa9j4ZxzcsUQHKNPR8WTtTwa0@clitest000002.test.azuremicroservices.io","secondaryTestEndpoint":"https://secondary:FwlTRlm4HF9I5UDZZVa0GEAnmWZFpcEj17iMoYEPjii2kNQsxRz2Gev78itJPWYr@clitest000002.test.azuremicroservices.io","enabled":true}'
    headers:
      cache-control:
      - no-cache
      content-length:
      - '474'
      content-type:
      - application/json
      date:
      - Tue, 21 Mar 2023 06:10:38 GMT
      expires:
      - '-1'
      pragma:
      - no-cache
      request-context:
      - appId=cid-v1:797d7e4e-8180-497e-a254-780fbd39ba4d
      strict-transport-security:
      - max-age=31536000; includeSubDomains
      transfer-encoding:
      - chunked
      vary:
      - Accept-Encoding
      x-content-type-options:
      - nosniff
      x-ms-ratelimit-remaining-subscription-writes:
      - '1199'
      x-rp-server-mvid:
      - e9e97746-2ce9-40c9-b4b8-d25f29e14f66
    status:
      code: 200
      message: OK
- request:
    body: null
    headers:
      Accept:
      - '*/*'
      Accept-Encoding:
      - gzip, deflate
      Connection:
      - keep-alive
      User-Agent:
      - python-requests/2.25.1
    method: GET
    uri: https://clitest000002.azuremicroservices.io/api/logstream/apps/test-container/instances/test-container-default-14-67945b8df-69nqn?tailLines=500&limitBytes=1048576&sinceSeconds=300
  response:
    body:
      string: "Picked up JAVA_TOOL_OPTIONS: -Dcom.sun.management.jmxremote -Dcom.sun.management.jmxremote.port=1099
        -Dcom.sun.management.jmxremote.local.only=true -Dmanagement.endpoints.jmx.exposure.include=health,metrics
        -Dcom.sun.management.jmxremote.authenticate=false -Dcom.sun.management.jmxremote.ssl=false
        -Dspring.jmx.enabled=true -Dserver.tomcat.mbeanregistry.enabled=true -Dfile.encoding=UTF8
        -Deureka.client.service-url.defaultZone=https://clitest000002.svc.azuremicroservices.io/eureka/eureka
        -DCONFIG_SERVER_URL=https://clitest000002.svc.azuremicroservices.io/config
        -Dspring.cloud.config.uri=https://clitest000002.svc.azuremicroservices.io/config
        -Dspring.cloud.config.fail-fast=true -Dspring.config.import=optional:configserver:https://clitest000002.svc.azuremicroservices.io/config/\n\n
        \ .   ____          _            __ _ _\n /\\\\ / ___'_ __ _ _(_)_ __  __
        _ \\ \\ \\ \\\n( ( )\\___ | '_ | '_| | '_ \\/ _` | \\ \\ \\ \\\n \\\\/  ___)|
        |_)| | | | | || (_| |  ) ) ) )\n  '  |____| .__|_| |_|_| |_\\__, | / / / /\n
        =========|_|==============|___/=/_/_/_/\n :: Spring Boot ::        (v2.2.1.RELEASE)\n\n2023-03-21
        06:10:17.960  INFO 1 --- [           main] hello.Application                        :
        Starting Application on test-container-default-14-67945b8df-69nqn with PID
        1 (/app/classes started by ? in /)\n2023-03-21 06:10:17.962  INFO 1 --- [
        \          main] hello.Application                        : No active profile
        set, falling back to default profiles: default\n2023-03-21 06:10:20.071  INFO
        1 --- [           main] o.s.b.w.embedded.tomcat.TomcatWebServer  : Tomcat
        initialized with port(s): 1025 (http)\n2023-03-21 06:10:20.526  INFO 1 ---
        [           main] o.apache.catalina.core.StandardService   : Starting service
        [Tomcat]\n2023-03-21 06:10:20.526  INFO 1 --- [           main] org.apache.catalina.core.StandardEngine
        \ : Starting Servlet engine: [Apache Tomcat/9.0.27]\n2023-03-21 06:10:20.754
        \ INFO 1 --- [           main] o.a.c.c.C.[Tomcat].[localhost].[/]       :
        Initializing Spring embedded WebApplicationContext\n2023-03-21 06:10:20.754
        \ INFO 1 --- [           main] o.s.web.context.ContextLoader            :
        Root WebApplicationContext: initialization completed in 2633 ms\n2023-03-21
        06:10:21.830  INFO 1 --- [           main] o.s.s.concurrent.ThreadPoolTaskExecutor
        \ : Initializing ExecutorService 'applicationTaskExecutor'\n2023-03-21 06:10:22.221
        \ INFO 1 --- [           main] o.s.b.w.embedded.tomcat.TomcatWebServer  :
        Tomcat started on port(s): 1025 (http) with context path ''\n2023-03-21 06:10:22.224
        \ INFO 1 --- [           main] hello.Application                        :
        Started Application in 4.989 seconds (JVM running for 5.725)\n"
    headers:
      connection:
      - keep-alive
      content-type:
      - text/plain
      date:
      - Tue, 21 Mar 2023 06:10:41 GMT
      strict-transport-security:
      - max-age=15724800; includeSubDomains
      transfer-encoding:
      - chunked
    status:
      code: 200
      message: OK
- request:
    body: null
    headers:
      Accept:
      - application/json
      Accept-Encoding:
      - gzip, deflate
      CommandName:
      - spring app deploy
      Connection:
      - keep-alive
      ParameterSetName:
      - -g -s -n --container-image
      User-Agent:
      - AZURECLI/2.46.0 azsdk-python-mgmt-appplatform/6.1.0 Python/3.9.13 (Windows-10-10.0.22621-SP0)
    method: GET
    uri: https://management.azure.com/subscriptions/00000000-0000-0000-0000-000000000000/resourceGroups/clitest.rg000001/providers/Microsoft.AppPlatform/Spring/clitest000002/apps/test-container/deployments/mock-deployment?api-version=2023-01-01-preview
  response:
    body:
      string: '{"properties":{"deploymentSettings":{"resourceRequests":{"cpu":"1","memory":"1Gi"},"environmentVariables":null,"terminationGracePeriodSeconds":90,"livenessProbe":{"disableProbe":false,"failureThreshold":3,"initialDelaySeconds":300,"periodSeconds":10,"successThreshold":1,"timeoutSeconds":3,"probeAction":{"type":"TCPSocketAction"}},"readinessProbe":{"disableProbe":false,"failureThreshold":3,"initialDelaySeconds":0,"periodSeconds":5,"successThreshold":1,"timeoutSeconds":3,"probeAction":{"type":"TCPSocketAction"}}},"provisioningState":"Succeeded","status":"Running","active":true,"instances":[{"name":"test-container-default-14-67945b8df-69nqn","status":"Running","discoveryStatus":"N/A","startTime":"2023-03-21T06:10:12Z"}],"source":{"type":"Container","version":"","customContainer":{"containerImage":"springio/gs-spring-boot-docker","server":"docker.io"}}},"type":"Microsoft.AppPlatform/Spring/apps/deployments","sku":{"name":"S0","tier":"Standard","capacity":1},"id":"/subscriptions/00000000-0000-0000-0000-000000000000/resourceGroups/clitest.rg000001/providers/Microsoft.AppPlatform/Spring/clitest000002/apps/test-container/deployments/default","name":"default","systemData":{"createdBy":"yuwzho@microsoft.com","createdByType":"User","createdAt":"2023-03-21T06:09:04.2328467Z","lastModifiedBy":"yuwzho@microsoft.com","lastModifiedByType":"User","lastModifiedAt":"2023-03-21T06:09:59.4011581Z"}}'
    headers:
      cache-control:
      - no-cache
      content-length:
      - '1401'
      content-type:
      - application/json
      date:
      - Tue, 21 Mar 2023 06:10:43 GMT
      expires:
      - '-1'
      pragma:
      - no-cache
      request-context:
      - appId=cid-v1:797d7e4e-8180-497e-a254-780fbd39ba4d
      strict-transport-security:
      - max-age=31536000; includeSubDomains
      transfer-encoding:
      - chunked
      vary:
      - Accept-Encoding
      x-content-type-options:
      - nosniff
      x-ms-ratelimit-remaining-subscription-resource-requests:
      - '11997'
      x-rp-server-mvid:
      - e9e97746-2ce9-40c9-b4b8-d25f29e14f66
    status:
      code: 200
      message: OK
- request:
    body: null
    headers:
      Accept:
      - application/json
      Accept-Encoding:
      - gzip, deflate
      CommandName:
      - spring app deploy
      Connection:
      - keep-alive
      ParameterSetName:
      - -g -s -n --container-image --container-command --container-args -c
      User-Agent:
      - AZURECLI/2.46.0 azsdk-python-mgmt-appplatform/6.1.0 Python/3.9.13 (Windows-10-10.0.22621-SP0)
    method: GET
    uri: https://management.azure.com/subscriptions/00000000-0000-0000-0000-000000000000/resourceGroups/clitest.rg000001/providers/Microsoft.AppPlatform/Spring/clitest000002/apps/test-container/deployments?api-version=2023-01-01-preview
  response:
    body:
      string: '{"value":[{"properties":{"deploymentSettings":{"resourceRequests":{"cpu":"1","memory":"1Gi"},"environmentVariables":null,"terminationGracePeriodSeconds":90,"livenessProbe":{"disableProbe":false,"failureThreshold":3,"initialDelaySeconds":300,"periodSeconds":10,"successThreshold":1,"timeoutSeconds":3,"probeAction":{"type":"TCPSocketAction"}},"readinessProbe":{"disableProbe":false,"failureThreshold":3,"initialDelaySeconds":0,"periodSeconds":5,"successThreshold":1,"timeoutSeconds":3,"probeAction":{"type":"TCPSocketAction"}}},"provisioningState":"Succeeded","status":"Running","active":true,"instances":[{"name":"test-container-default-14-67945b8df-69nqn","status":"Running","discoveryStatus":"N/A","startTime":"2023-03-21T06:10:12Z"}],"source":{"type":"Container","version":"","customContainer":{"containerImage":"springio/gs-spring-boot-docker","server":"docker.io"}}},"type":"Microsoft.AppPlatform/Spring/apps/deployments","sku":{"name":"S0","tier":"Standard","capacity":1},"id":"/subscriptions/00000000-0000-0000-0000-000000000000/resourceGroups/clitest.rg000001/providers/Microsoft.AppPlatform/Spring/clitest000002/apps/test-container/deployments/default","name":"default","systemData":{"createdBy":"yuwzho@microsoft.com","createdByType":"User","createdAt":"2023-03-21T06:09:04.2328467Z","lastModifiedBy":"yuwzho@microsoft.com","lastModifiedByType":"User","lastModifiedAt":"2023-03-21T06:09:59.4011581Z"}}]}'
    headers:
      cache-control:
      - no-cache
      content-length:
      - '1413'
      content-type:
      - application/json
      date:
      - Tue, 21 Mar 2023 06:10:47 GMT
      expires:
      - '-1'
      pragma:
      - no-cache
      request-context:
      - appId=cid-v1:797d7e4e-8180-497e-a254-780fbd39ba4d
      strict-transport-security:
      - max-age=31536000; includeSubDomains
      x-content-type-options:
      - nosniff
      x-ms-ratelimit-remaining-subscription-resource-requests:
      - '11999'
      x-rp-server-mvid:
      - e9e97746-2ce9-40c9-b4b8-d25f29e14f66
    status:
      code: 200
      message: OK
- request:
    body: '{"properties": {"source": {"type": "Container", "customContainer": {"server":
      "docker.io", "containerImage": "springio/gs-spring-boot-docker", "command":
      ["java"], "args": ["-cp", "/app/resources:/app/classes:/app/libs/*", "hello.Application"]}},
      "deploymentSettings": {}}, "sku": {"name": "S0", "tier": "Standard"}}'
    headers:
      Accept:
      - application/json
      Accept-Encoding:
      - gzip, deflate
      CommandName:
      - spring app deploy
      Connection:
      - keep-alive
      Content-Length:
      - '316'
      Content-Type:
      - application/json
      ParameterSetName:
      - -g -s -n --container-image --container-command --container-args -c
      User-Agent:
      - AZURECLI/2.46.0 azsdk-python-mgmt-appplatform/6.1.0 Python/3.9.13 (Windows-10-10.0.22621-SP0)
    method: PATCH
    uri: https://management.azure.com/subscriptions/00000000-0000-0000-0000-000000000000/resourceGroups/clitest.rg000001/providers/Microsoft.AppPlatform/Spring/clitest000002/apps/test-container/deployments/mock-deployment?api-version=2023-01-01-preview
  response:
    body:
      string: '{"properties":{"deploymentSettings":{"resourceRequests":{"cpu":"1","memory":"1Gi"},"environmentVariables":null,"terminationGracePeriodSeconds":90},"provisioningState":"Updating","status":"Running","active":true,"instances":null,"source":{"type":"Container","version":"","customContainer":{"containerImage":"springio/gs-spring-boot-docker","server":"docker.io","command":["java"],"args":["-cp","/app/resources:/app/classes:/app/libs/*","hello.Application"]}}},"type":"Microsoft.AppPlatform/Spring/apps/deployments","sku":{"name":"S0","tier":"Standard","capacity":1},"id":"/subscriptions/00000000-0000-0000-0000-000000000000/resourceGroups/clitest.rg000001/providers/Microsoft.AppPlatform/Spring/clitest000002/apps/test-container/deployments/default","name":"default","systemData":{"createdBy":"yuwzho@microsoft.com","createdByType":"User","createdAt":"2023-03-21T06:09:04.2328467Z","lastModifiedBy":"yuwzho@microsoft.com","lastModifiedByType":"User","lastModifiedAt":"2023-03-21T06:10:48.3592703Z"}}'
    headers:
      azure-asyncoperation:
      - https://management.azure.com/subscriptions/00000000-0000-0000-0000-000000000000/resourceGroups/clitest.rg000001/providers/Microsoft.AppPlatform/locations/uksouth/operationStatus/default/operationId/8d5d169f-06c0-4b2c-886e-49b1152c40bb?api-version=2023-01-01-preview
      cache-control:
      - no-cache
      content-length:
      - '998'
      content-type:
      - application/json
      date:
      - Tue, 21 Mar 2023 06:10:52 GMT
      expires:
      - '-1'
      location:
      - https://management.azure.com/subscriptions/00000000-0000-0000-0000-000000000000/resourceGroups/clitest.rg000001/providers/Microsoft.AppPlatform/locations/uksouth/operationResults/8d5d169f-06c0-4b2c-886e-49b1152c40bb/Spring/default?api-version=2023-01-01-preview
      pragma:
      - no-cache
      request-context:
      - appId=cid-v1:797d7e4e-8180-497e-a254-780fbd39ba4d
      strict-transport-security:
      - max-age=31536000; includeSubDomains
      x-content-type-options:
      - nosniff
      x-ms-ratelimit-remaining-subscription-resource-requests:
      - '1199'
      x-rp-server-mvid:
      - e9e97746-2ce9-40c9-b4b8-d25f29e14f66
    status:
      code: 202
      message: Accepted
- request:
    body: null
    headers:
      Accept:
      - '*/*'
      Accept-Encoding:
      - gzip, deflate
      CommandName:
      - spring app deploy
      Connection:
      - keep-alive
      ParameterSetName:
      - -g -s -n --container-image --container-command --container-args -c
      User-Agent:
      - AZURECLI/2.46.0 azsdk-python-mgmt-appplatform/6.1.0 Python/3.9.13 (Windows-10-10.0.22621-SP0)
    method: GET
    uri: https://management.azure.com/subscriptions/00000000-0000-0000-0000-000000000000/resourceGroups/clitest.rg000001/providers/Microsoft.AppPlatform/locations/uksouth/operationStatus/default/operationId/8d5d169f-06c0-4b2c-886e-49b1152c40bb?api-version=2023-01-01-preview
  response:
    body:
      string: '{"id":"subscriptions/d51e3ffe-6b84-49cd-b426-0dc4ec660356/resourceGroups/clitest.rg000001/providers/Microsoft.AppPlatform/locations/uksouth/operationStatus/default/operationId/8d5d169f-06c0-4b2c-886e-49b1152c40bb","name":"8d5d169f-06c0-4b2c-886e-49b1152c40bb","status":"Running","startTime":"2023-03-21T06:10:52.4665888Z"}'
    headers:
      cache-control:
      - no-cache
      content-length:
      - '322'
      content-type:
      - application/json
      date:
      - Tue, 21 Mar 2023 06:10:53 GMT
      expires:
      - '-1'
      pragma:
      - no-cache
      request-context:
      - appId=cid-v1:797d7e4e-8180-497e-a254-780fbd39ba4d
      strict-transport-security:
      - max-age=31536000; includeSubDomains
      transfer-encoding:
      - chunked
      vary:
      - Accept-Encoding
      x-content-type-options:
      - nosniff
      x-rp-server-mvid:
      - e9e97746-2ce9-40c9-b4b8-d25f29e14f66
    status:
      code: 200
      message: OK
- request:
    body: null
    headers:
      Accept:
      - '*/*'
      Accept-Encoding:
      - gzip, deflate
      CommandName:
      - spring app deploy
      Connection:
      - keep-alive
      ParameterSetName:
      - -g -s -n --container-image --container-command --container-args -c
      User-Agent:
      - AZURECLI/2.46.0 azsdk-python-mgmt-appplatform/6.1.0 Python/3.9.13 (Windows-10-10.0.22621-SP0)
    method: GET
    uri: https://management.azure.com/subscriptions/00000000-0000-0000-0000-000000000000/resourceGroups/clitest.rg000001/providers/Microsoft.AppPlatform/locations/uksouth/operationStatus/default/operationId/8d5d169f-06c0-4b2c-886e-49b1152c40bb?api-version=2023-01-01-preview
  response:
    body:
      string: '{"id":"subscriptions/d51e3ffe-6b84-49cd-b426-0dc4ec660356/resourceGroups/clitest.rg000001/providers/Microsoft.AppPlatform/locations/uksouth/operationStatus/default/operationId/8d5d169f-06c0-4b2c-886e-49b1152c40bb","name":"8d5d169f-06c0-4b2c-886e-49b1152c40bb","status":"Running","startTime":"2023-03-21T06:10:52.4665888Z"}'
    headers:
      cache-control:
      - no-cache
      content-length:
      - '322'
      content-type:
      - application/json
      date:
      - Tue, 21 Mar 2023 06:11:03 GMT
      expires:
      - '-1'
      pragma:
      - no-cache
      request-context:
      - appId=cid-v1:797d7e4e-8180-497e-a254-780fbd39ba4d
      strict-transport-security:
      - max-age=31536000; includeSubDomains
      transfer-encoding:
      - chunked
      vary:
      - Accept-Encoding
      x-content-type-options:
      - nosniff
      x-rp-server-mvid:
      - e9e97746-2ce9-40c9-b4b8-d25f29e14f66
    status:
      code: 200
      message: OK
- request:
    body: null
    headers:
      Accept:
      - '*/*'
      Accept-Encoding:
      - gzip, deflate
      CommandName:
      - spring app deploy
      Connection:
      - keep-alive
      ParameterSetName:
      - -g -s -n --container-image --container-command --container-args -c
      User-Agent:
      - AZURECLI/2.46.0 azsdk-python-mgmt-appplatform/6.1.0 Python/3.9.13 (Windows-10-10.0.22621-SP0)
    method: GET
    uri: https://management.azure.com/subscriptions/00000000-0000-0000-0000-000000000000/resourceGroups/clitest.rg000001/providers/Microsoft.AppPlatform/locations/uksouth/operationStatus/default/operationId/8d5d169f-06c0-4b2c-886e-49b1152c40bb?api-version=2023-01-01-preview
  response:
    body:
      string: '{"id":"subscriptions/d51e3ffe-6b84-49cd-b426-0dc4ec660356/resourceGroups/clitest.rg000001/providers/Microsoft.AppPlatform/locations/uksouth/operationStatus/default/operationId/8d5d169f-06c0-4b2c-886e-49b1152c40bb","name":"8d5d169f-06c0-4b2c-886e-49b1152c40bb","status":"Running","startTime":"2023-03-21T06:10:52.4665888Z"}'
    headers:
      cache-control:
      - no-cache
      content-length:
      - '322'
      content-type:
      - application/json
      date:
      - Tue, 21 Mar 2023 06:11:13 GMT
      expires:
      - '-1'
      pragma:
      - no-cache
      request-context:
      - appId=cid-v1:797d7e4e-8180-497e-a254-780fbd39ba4d
      strict-transport-security:
      - max-age=31536000; includeSubDomains
      transfer-encoding:
      - chunked
      vary:
      - Accept-Encoding
      x-content-type-options:
      - nosniff
      x-rp-server-mvid:
      - e9e97746-2ce9-40c9-b4b8-d25f29e14f66
    status:
      code: 200
      message: OK
- request:
    body: null
    headers:
      Accept:
      - '*/*'
      Accept-Encoding:
      - gzip, deflate
      CommandName:
      - spring app deploy
      Connection:
      - keep-alive
      ParameterSetName:
      - -g -s -n --container-image --container-command --container-args -c
      User-Agent:
      - AZURECLI/2.46.0 azsdk-python-mgmt-appplatform/6.1.0 Python/3.9.13 (Windows-10-10.0.22621-SP0)
    method: GET
    uri: https://management.azure.com/subscriptions/00000000-0000-0000-0000-000000000000/resourceGroups/clitest.rg000001/providers/Microsoft.AppPlatform/locations/uksouth/operationStatus/default/operationId/8d5d169f-06c0-4b2c-886e-49b1152c40bb?api-version=2023-01-01-preview
  response:
    body:
      string: '{"id":"subscriptions/d51e3ffe-6b84-49cd-b426-0dc4ec660356/resourceGroups/clitest.rg000001/providers/Microsoft.AppPlatform/locations/uksouth/operationStatus/default/operationId/8d5d169f-06c0-4b2c-886e-49b1152c40bb","name":"8d5d169f-06c0-4b2c-886e-49b1152c40bb","status":"Succeeded","startTime":"2023-03-21T06:10:52.4665888Z","endTime":"2023-03-21T06:11:20.605605Z"}'
    headers:
      cache-control:
      - no-cache
      content-length:
      - '364'
      content-type:
      - application/json
      date:
      - Tue, 21 Mar 2023 06:11:23 GMT
      expires:
      - '-1'
      pragma:
      - no-cache
      request-context:
      - appId=cid-v1:797d7e4e-8180-497e-a254-780fbd39ba4d
      strict-transport-security:
      - max-age=31536000; includeSubDomains
      transfer-encoding:
      - chunked
      vary:
      - Accept-Encoding
      x-content-type-options:
      - nosniff
      x-rp-server-mvid:
      - e9e97746-2ce9-40c9-b4b8-d25f29e14f66
    status:
      code: 200
      message: OK
- request:
    body: null
    headers:
      Accept:
      - '*/*'
      Accept-Encoding:
      - gzip, deflate
      CommandName:
      - spring app deploy
      Connection:
      - keep-alive
      ParameterSetName:
      - -g -s -n --container-image --container-command --container-args -c
      User-Agent:
      - AZURECLI/2.46.0 azsdk-python-mgmt-appplatform/6.1.0 Python/3.9.13 (Windows-10-10.0.22621-SP0)
    method: GET
    uri: https://management.azure.com/subscriptions/00000000-0000-0000-0000-000000000000/resourceGroups/clitest.rg000001/providers/Microsoft.AppPlatform/Spring/clitest000002/apps/test-container/deployments/mock-deployment?api-version=2023-01-01-preview
  response:
    body:
      string: '{"properties":{"deploymentSettings":{"resourceRequests":{"cpu":"1","memory":"1Gi"},"environmentVariables":null,"terminationGracePeriodSeconds":90,"livenessProbe":{"disableProbe":false,"failureThreshold":3,"initialDelaySeconds":300,"periodSeconds":10,"successThreshold":1,"timeoutSeconds":3,"probeAction":{"type":"TCPSocketAction"}},"readinessProbe":{"disableProbe":false,"failureThreshold":3,"initialDelaySeconds":0,"periodSeconds":5,"successThreshold":1,"timeoutSeconds":3,"probeAction":{"type":"TCPSocketAction"}}},"provisioningState":"Succeeded","status":"Running","active":true,"instances":[{"name":"test-container-default-14-7fcc775f4b-5rzk9","status":"Running","discoveryStatus":"N/A","startTime":"2023-03-21T06:11:03Z"}],"source":{"type":"Container","version":"","customContainer":{"containerImage":"springio/gs-spring-boot-docker","server":"docker.io","command":["java"],"args":["-cp","/app/resources:/app/classes:/app/libs/*","hello.Application"]}}},"type":"Microsoft.AppPlatform/Spring/apps/deployments","sku":{"name":"S0","tier":"Standard","capacity":1},"id":"/subscriptions/00000000-0000-0000-0000-000000000000/resourceGroups/clitest.rg000001/providers/Microsoft.AppPlatform/Spring/clitest000002/apps/test-container/deployments/default","name":"default","systemData":{"createdBy":"yuwzho@microsoft.com","createdByType":"User","createdAt":"2023-03-21T06:09:04.2328467Z","lastModifiedBy":"yuwzho@microsoft.com","lastModifiedByType":"User","lastModifiedAt":"2023-03-21T06:10:48.3592703Z"}}'
    headers:
      cache-control:
      - no-cache
      content-length:
      - '1498'
      content-type:
      - application/json
      date:
      - Tue, 21 Mar 2023 06:11:26 GMT
      expires:
      - '-1'
      pragma:
      - no-cache
      request-context:
      - appId=cid-v1:797d7e4e-8180-497e-a254-780fbd39ba4d
      strict-transport-security:
      - max-age=31536000; includeSubDomains
      transfer-encoding:
      - chunked
      vary:
      - Accept-Encoding
      x-content-type-options:
      - nosniff
      x-ms-ratelimit-remaining-subscription-resource-requests:
      - '11999'
      x-rp-server-mvid:
      - e9e97746-2ce9-40c9-b4b8-d25f29e14f66
    status:
      code: 200
      message: OK
- request:
    body: null
    headers:
      Accept:
      - application/json
      Accept-Encoding:
      - gzip, deflate
      CommandName:
      - spring app deploy
      Connection:
      - keep-alive
      ParameterSetName:
      - -g -s -n --container-image --container-command --container-args -c
      User-Agent:
      - AZURECLI/2.46.0 azsdk-python-mgmt-appplatform/6.1.0 Python/3.9.13 (Windows-10-10.0.22621-SP0)
    method: GET
    uri: https://management.azure.com/subscriptions/00000000-0000-0000-0000-000000000000/resourceGroups/clitest.rg000001/providers/Microsoft.AppPlatform/Spring/clitest000002/apps/test-container/deployments/mock-deployment?api-version=2023-01-01-preview
  response:
    body:
      string: '{"properties":{"deploymentSettings":{"resourceRequests":{"cpu":"1","memory":"1Gi"},"environmentVariables":null,"terminationGracePeriodSeconds":90,"livenessProbe":{"disableProbe":false,"failureThreshold":3,"initialDelaySeconds":300,"periodSeconds":10,"successThreshold":1,"timeoutSeconds":3,"probeAction":{"type":"TCPSocketAction"}},"readinessProbe":{"disableProbe":false,"failureThreshold":3,"initialDelaySeconds":0,"periodSeconds":5,"successThreshold":1,"timeoutSeconds":3,"probeAction":{"type":"TCPSocketAction"}}},"provisioningState":"Succeeded","status":"Running","active":true,"instances":[{"name":"test-container-default-14-7fcc775f4b-5rzk9","status":"Running","discoveryStatus":"N/A","startTime":"2023-03-21T06:11:03Z"}],"source":{"type":"Container","version":"","customContainer":{"containerImage":"springio/gs-spring-boot-docker","server":"docker.io","command":["java"],"args":["-cp","/app/resources:/app/classes:/app/libs/*","hello.Application"]}}},"type":"Microsoft.AppPlatform/Spring/apps/deployments","sku":{"name":"S0","tier":"Standard","capacity":1},"id":"/subscriptions/00000000-0000-0000-0000-000000000000/resourceGroups/clitest.rg000001/providers/Microsoft.AppPlatform/Spring/clitest000002/apps/test-container/deployments/default","name":"default","systemData":{"createdBy":"yuwzho@microsoft.com","createdByType":"User","createdAt":"2023-03-21T06:09:04.2328467Z","lastModifiedBy":"yuwzho@microsoft.com","lastModifiedByType":"User","lastModifiedAt":"2023-03-21T06:10:48.3592703Z"}}'
    headers:
      cache-control:
      - no-cache
      content-length:
      - '1498'
      content-type:
      - application/json
      date:
      - Tue, 21 Mar 2023 06:11:29 GMT
      expires:
      - '-1'
      pragma:
      - no-cache
      request-context:
      - appId=cid-v1:797d7e4e-8180-497e-a254-780fbd39ba4d
      strict-transport-security:
      - max-age=31536000; includeSubDomains
      transfer-encoding:
      - chunked
      vary:
      - Accept-Encoding
      x-content-type-options:
      - nosniff
      x-ms-ratelimit-remaining-subscription-resource-requests:
      - '11998'
      x-rp-server-mvid:
      - e9e97746-2ce9-40c9-b4b8-d25f29e14f66
    status:
      code: 200
      message: OK
- request:
    body: null
    headers:
      Accept:
      - application/json
      Accept-Encoding:
      - gzip, deflate
      CommandName:
      - spring app deploy
      Connection:
      - keep-alive
      Content-Length:
      - '0'
      ParameterSetName:
      - -g -s -n --container-image --container-command --container-args -c
      User-Agent:
      - AZURECLI/2.46.0 azsdk-python-mgmt-appplatform/6.1.0 Python/3.9.13 (Windows-10-10.0.22621-SP0)
    method: POST
    uri: https://management.azure.com/subscriptions/00000000-0000-0000-0000-000000000000/resourceGroups/clitest.rg000001/providers/Microsoft.AppPlatform/Spring/clitest000002/listTestKeys?api-version=2023-01-01-preview
  response:
    body:
      string: '{"primaryKey":"tSn0dSab2pEvkDpQ8eZ9mdJeNGn8MG8Et6xGbBlQa9j4ZxzcsUQHKNPR8WTtTwa0","secondaryKey":"FwlTRlm4HF9I5UDZZVa0GEAnmWZFpcEj17iMoYEPjii2kNQsxRz2Gev78itJPWYr","primaryTestEndpoint":"https://primary:tSn0dSab2pEvkDpQ8eZ9mdJeNGn8MG8Et6xGbBlQa9j4ZxzcsUQHKNPR8WTtTwa0@clitest000002.test.azuremicroservices.io","secondaryTestEndpoint":"https://secondary:FwlTRlm4HF9I5UDZZVa0GEAnmWZFpcEj17iMoYEPjii2kNQsxRz2Gev78itJPWYr@clitest000002.test.azuremicroservices.io","enabled":true}'
    headers:
      cache-control:
      - no-cache
      content-length:
      - '474'
      content-type:
      - application/json
      date:
      - Tue, 21 Mar 2023 06:11:29 GMT
      expires:
      - '-1'
      pragma:
      - no-cache
      request-context:
      - appId=cid-v1:797d7e4e-8180-497e-a254-780fbd39ba4d
      strict-transport-security:
      - max-age=31536000; includeSubDomains
      transfer-encoding:
      - chunked
      vary:
      - Accept-Encoding
      x-content-type-options:
      - nosniff
      x-ms-ratelimit-remaining-subscription-writes:
      - '1198'
      x-rp-server-mvid:
      - e9e97746-2ce9-40c9-b4b8-d25f29e14f66
    status:
      code: 200
      message: OK
- request:
    body: null
    headers:
      Accept:
      - '*/*'
      Accept-Encoding:
      - gzip, deflate
      Connection:
      - keep-alive
      User-Agent:
      - python-requests/2.25.1
    method: GET
    uri: https://clitest000002.azuremicroservices.io/api/logstream/apps/test-container/instances/test-container-default-14-7fcc775f4b-5rzk9?tailLines=500&limitBytes=1048576&sinceSeconds=300
  response:
    body:
      string: "Picked up JAVA_TOOL_OPTIONS: -Dcom.sun.management.jmxremote -Dcom.sun.management.jmxremote.port=1099
        -Dcom.sun.management.jmxremote.local.only=true -Dmanagement.endpoints.jmx.exposure.include=health,metrics
        -Dcom.sun.management.jmxremote.authenticate=false -Dcom.sun.management.jmxremote.ssl=false
        -Dspring.jmx.enabled=true -Dserver.tomcat.mbeanregistry.enabled=true -Dfile.encoding=UTF8
        -Deureka.client.service-url.defaultZone=https://clitest000002.svc.azuremicroservices.io/eureka/eureka
        -DCONFIG_SERVER_URL=https://clitest000002.svc.azuremicroservices.io/config
        -Dspring.cloud.config.uri=https://clitest000002.svc.azuremicroservices.io/config
        -Dspring.cloud.config.fail-fast=true -Dspring.config.import=optional:configserver:https://clitest000002.svc.azuremicroservices.io/config/\n\n
        \ .   ____          _            __ _ _\n /\\\\ / ___'_ __ _ _(_)_ __  __
        _ \\ \\ \\ \\\n( ( )\\___ | '_ | '_| | '_ \\/ _` | \\ \\ \\ \\\n \\\\/  ___)|
        |_)| | | | | || (_| |  ) ) ) )\n  '  |____| .__|_| |_|_| |_\\__, | / / / /\n
        =========|_|==============|___/=/_/_/_/\n :: Spring Boot ::        (v2.2.1.RELEASE)\n\n2023-03-21
        06:11:06.431  INFO 1 --- [           main] hello.Application                        :
        Starting Application on test-container-default-14-7fcc775f4b-5rzk9 with PID
        1 (/app/classes started by ? in /)\n2023-03-21 06:11:06.435  INFO 1 --- [
        \          main] hello.Application                        : No active profile
        set, falling back to default profiles: default\n2023-03-21 06:11:08.538  INFO
        1 --- [           main] o.s.b.w.embedded.tomcat.TomcatWebServer  : Tomcat
        initialized with port(s): 1025 (http)\n2023-03-21 06:11:08.937  INFO 1 ---
        [           main] o.apache.catalina.core.StandardService   : Starting service
        [Tomcat]\n2023-03-21 06:11:08.938  INFO 1 --- [           main] org.apache.catalina.core.StandardEngine
        \ : Starting Servlet engine: [Apache Tomcat/9.0.27]\n2023-03-21 06:11:09.229
        \ INFO 1 --- [           main] o.a.c.c.C.[Tomcat].[localhost].[/]       :
        Initializing Spring embedded WebApplicationContext\n2023-03-21 06:11:09.231
        \ INFO 1 --- [           main] o.s.web.context.ContextLoader            :
        Root WebApplicationContext: initialization completed in 2687 ms\n2023-03-21
        06:11:10.355  INFO 1 --- [           main] o.s.s.concurrent.ThreadPoolTaskExecutor
        \ : Initializing ExecutorService 'applicationTaskExecutor'\n2023-03-21 06:11:10.758
        \ INFO 1 --- [           main] o.s.b.w.embedded.tomcat.TomcatWebServer  :
        Tomcat started on port(s): 1025 (http) with context path ''\n2023-03-21 06:11:10.760
        \ INFO 1 --- [           main] hello.Application                        :
        Started Application in 5.033 seconds (JVM running for 5.781)\n"
    headers:
      connection:
      - keep-alive
      content-type:
      - text/plain
      date:
      - Tue, 21 Mar 2023 06:11:32 GMT
      strict-transport-security:
      - max-age=15724800; includeSubDomains
      transfer-encoding:
      - chunked
    status:
      code: 200
      message: OK
- request:
    body: null
    headers:
      Accept:
      - application/json
      Accept-Encoding:
      - gzip, deflate
      CommandName:
      - spring app deploy
      Connection:
      - keep-alive
      ParameterSetName:
      - -g -s -n --container-image --container-command --container-args -c
      User-Agent:
      - AZURECLI/2.46.0 azsdk-python-mgmt-appplatform/6.1.0 Python/3.9.13 (Windows-10-10.0.22621-SP0)
    method: GET
    uri: https://management.azure.com/subscriptions/00000000-0000-0000-0000-000000000000/resourceGroups/clitest.rg000001/providers/Microsoft.AppPlatform/Spring/clitest000002/apps/test-container/deployments/mock-deployment?api-version=2023-01-01-preview
  response:
    body:
      string: '{"properties":{"deploymentSettings":{"resourceRequests":{"cpu":"1","memory":"1Gi"},"environmentVariables":null,"terminationGracePeriodSeconds":90,"livenessProbe":{"disableProbe":false,"failureThreshold":3,"initialDelaySeconds":300,"periodSeconds":10,"successThreshold":1,"timeoutSeconds":3,"probeAction":{"type":"TCPSocketAction"}},"readinessProbe":{"disableProbe":false,"failureThreshold":3,"initialDelaySeconds":0,"periodSeconds":5,"successThreshold":1,"timeoutSeconds":3,"probeAction":{"type":"TCPSocketAction"}}},"provisioningState":"Succeeded","status":"Running","active":true,"instances":[{"name":"test-container-default-14-7fcc775f4b-5rzk9","status":"Running","discoveryStatus":"N/A","startTime":"2023-03-21T06:11:03Z"}],"source":{"type":"Container","version":"","customContainer":{"containerImage":"springio/gs-spring-boot-docker","server":"docker.io","command":["java"],"args":["-cp","/app/resources:/app/classes:/app/libs/*","hello.Application"]}}},"type":"Microsoft.AppPlatform/Spring/apps/deployments","sku":{"name":"S0","tier":"Standard","capacity":1},"id":"/subscriptions/00000000-0000-0000-0000-000000000000/resourceGroups/clitest.rg000001/providers/Microsoft.AppPlatform/Spring/clitest000002/apps/test-container/deployments/default","name":"default","systemData":{"createdBy":"yuwzho@microsoft.com","createdByType":"User","createdAt":"2023-03-21T06:09:04.2328467Z","lastModifiedBy":"yuwzho@microsoft.com","lastModifiedByType":"User","lastModifiedAt":"2023-03-21T06:10:48.3592703Z"}}'
    headers:
      cache-control:
      - no-cache
      content-length:
      - '1498'
      content-type:
      - application/json
      date:
      - Tue, 21 Mar 2023 06:11:34 GMT
      expires:
      - '-1'
      pragma:
      - no-cache
      request-context:
      - appId=cid-v1:797d7e4e-8180-497e-a254-780fbd39ba4d
      strict-transport-security:
      - max-age=31536000; includeSubDomains
      transfer-encoding:
      - chunked
      vary:
      - Accept-Encoding
      x-content-type-options:
      - nosniff
      x-ms-ratelimit-remaining-subscription-resource-requests:
      - '11997'
      x-rp-server-mvid:
      - e9e97746-2ce9-40c9-b4b8-d25f29e14f66
    status:
      code: 200
      message: OK
- request:
    body: null
    headers:
      Accept:
      - application/json
      Accept-Encoding:
      - gzip, deflate
      CommandName:
      - spring app deployment create
      Connection:
      - keep-alive
      ParameterSetName:
      - -g -s --app -n --container-image --language-framework
      User-Agent:
      - AZURECLI/2.46.0 azsdk-python-mgmt-appplatform/6.1.0 Python/3.9.13 (Windows-10-10.0.22621-SP0)
    method: GET
    uri: https://management.azure.com/subscriptions/00000000-0000-0000-0000-000000000000/resourceGroups/clitest.rg000001/providers/Microsoft.AppPlatform/Spring/clitest000002/apps/test-container/deployments?api-version=2023-01-01-preview
  response:
    body:
      string: '{"value":[{"properties":{"deploymentSettings":{"resourceRequests":{"cpu":"1","memory":"1Gi"},"environmentVariables":null,"terminationGracePeriodSeconds":90,"livenessProbe":{"disableProbe":false,"failureThreshold":3,"initialDelaySeconds":300,"periodSeconds":10,"successThreshold":1,"timeoutSeconds":3,"probeAction":{"type":"TCPSocketAction"}},"readinessProbe":{"disableProbe":false,"failureThreshold":3,"initialDelaySeconds":0,"periodSeconds":5,"successThreshold":1,"timeoutSeconds":3,"probeAction":{"type":"TCPSocketAction"}}},"provisioningState":"Succeeded","status":"Running","active":true,"instances":[{"name":"test-container-default-14-7fcc775f4b-5rzk9","status":"Running","discoveryStatus":"N/A","startTime":"2023-03-21T06:11:03Z"}],"source":{"type":"Container","version":"","customContainer":{"containerImage":"springio/gs-spring-boot-docker","server":"docker.io","command":["java"],"args":["-cp","/app/resources:/app/classes:/app/libs/*","hello.Application"]}}},"type":"Microsoft.AppPlatform/Spring/apps/deployments","sku":{"name":"S0","tier":"Standard","capacity":1},"id":"/subscriptions/00000000-0000-0000-0000-000000000000/resourceGroups/clitest.rg000001/providers/Microsoft.AppPlatform/Spring/clitest000002/apps/test-container/deployments/default","name":"default","systemData":{"createdBy":"yuwzho@microsoft.com","createdByType":"User","createdAt":"2023-03-21T06:09:04.2328467Z","lastModifiedBy":"yuwzho@microsoft.com","lastModifiedByType":"User","lastModifiedAt":"2023-03-21T06:10:48.3592703Z"}}]}'
    headers:
      cache-control:
      - no-cache
      content-length:
      - '1510'
      content-type:
      - application/json
      date:
      - Tue, 21 Mar 2023 06:11:38 GMT
      expires:
      - '-1'
      pragma:
      - no-cache
      request-context:
      - appId=cid-v1:797d7e4e-8180-497e-a254-780fbd39ba4d
      strict-transport-security:
      - max-age=31536000; includeSubDomains
      transfer-encoding:
      - chunked
      vary:
      - Accept-Encoding
      x-content-type-options:
      - nosniff
      x-ms-ratelimit-remaining-subscription-resource-requests:
      - '11999'
      x-rp-server-mvid:
      - e9e97746-2ce9-40c9-b4b8-d25f29e14f66
    status:
      code: 200
      message: OK
- request:
    body: '{"properties": {"source": {"type": "Container", "customContainer": {"server":
      "docker.io", "containerImage": "springio/gs-spring-boot-docker", "languageFramework":
      "springboot"}}, "deploymentSettings": {"resourceRequests": {"cpu": "1", "memory":
      "1Gi"}}}, "sku": {"name": "S0", "tier": "Standard", "capacity": 1}}'
    headers:
      Accept:
      - application/json
      Accept-Encoding:
      - gzip, deflate
      CommandName:
      - spring app deployment create
      Connection:
      - keep-alive
      Content-Length:
      - '313'
      Content-Type:
      - application/json
      ParameterSetName:
      - -g -s --app -n --container-image --language-framework
      User-Agent:
      - AZURECLI/2.46.0 azsdk-python-mgmt-appplatform/6.1.0 Python/3.9.13 (Windows-10-10.0.22621-SP0)
    method: PUT
    uri: https://management.azure.com/subscriptions/00000000-0000-0000-0000-000000000000/resourceGroups/clitest.rg000001/providers/Microsoft.AppPlatform/Spring/clitest000002/apps/test-container/deployments/mock-deployment?api-version=2023-01-01-preview
  response:
    body:
      string: '{"properties":{"deploymentSettings":{"resourceRequests":{"cpu":"1","memory":"1Gi"},"environmentVariables":null,"terminationGracePeriodSeconds":90},"provisioningState":"Creating","status":"Running","active":false,"instances":null,"source":{"type":"Container","customContainer":{"containerImage":"springio/gs-spring-boot-docker","server":"docker.io","languageFramework":"springboot"}}},"type":"Microsoft.AppPlatform/Spring/apps/deployments","sku":{"name":"S0","tier":"Standard","capacity":1},"id":"/subscriptions/00000000-0000-0000-0000-000000000000/resourceGroups/clitest.rg000001/providers/Microsoft.AppPlatform/Spring/clitest000002/apps/test-container/deployments/green","name":"green","systemData":{"createdBy":"yuwzho@microsoft.com","createdByType":"User","createdAt":"2023-03-21T06:11:39.9053276Z","lastModifiedBy":"yuwzho@microsoft.com","lastModifiedByType":"User","lastModifiedAt":"2023-03-21T06:11:39.9053276Z"}}'
    headers:
      azure-asyncoperation:
      - https://management.azure.com/subscriptions/00000000-0000-0000-0000-000000000000/resourceGroups/clitest.rg000001/providers/Microsoft.AppPlatform/locations/uksouth/operationStatus/green/operationId/2b88a1dc-ed56-44e4-bf8d-1828d89e6b27?api-version=2023-01-01-preview
      cache-control:
      - no-cache
      content-length:
      - '919'
      content-type:
      - application/json
      date:
      - Tue, 21 Mar 2023 06:11:40 GMT
      expires:
      - '-1'
      location:
      - https://management.azure.com/subscriptions/00000000-0000-0000-0000-000000000000/resourceGroups/clitest.rg000001/providers/Microsoft.AppPlatform/locations/uksouth/operationResults/2b88a1dc-ed56-44e4-bf8d-1828d89e6b27/Spring/green?api-version=2023-01-01-preview
      pragma:
      - no-cache
      request-context:
      - appId=cid-v1:797d7e4e-8180-497e-a254-780fbd39ba4d
      strict-transport-security:
      - max-age=31536000; includeSubDomains
      x-content-type-options:
      - nosniff
      x-ms-ratelimit-remaining-subscription-resource-requests:
      - '1199'
      x-rp-server-mvid:
      - e9e97746-2ce9-40c9-b4b8-d25f29e14f66
    status:
      code: 201
      message: Created
- request:
    body: null
    headers:
      Accept:
      - '*/*'
      Accept-Encoding:
      - gzip, deflate
      CommandName:
      - spring app deployment create
      Connection:
      - keep-alive
      ParameterSetName:
      - -g -s --app -n --container-image --language-framework
      User-Agent:
      - AZURECLI/2.46.0 azsdk-python-mgmt-appplatform/6.1.0 Python/3.9.13 (Windows-10-10.0.22621-SP0)
    method: GET
    uri: https://management.azure.com/subscriptions/00000000-0000-0000-0000-000000000000/resourceGroups/clitest.rg000001/providers/Microsoft.AppPlatform/locations/uksouth/operationStatus/green/operationId/2b88a1dc-ed56-44e4-bf8d-1828d89e6b27?api-version=2023-01-01-preview
  response:
    body:
      string: '{"id":"subscriptions/d51e3ffe-6b84-49cd-b426-0dc4ec660356/resourceGroups/clitest.rg000001/providers/Microsoft.AppPlatform/locations/uksouth/operationStatus/green/operationId/2b88a1dc-ed56-44e4-bf8d-1828d89e6b27","name":"2b88a1dc-ed56-44e4-bf8d-1828d89e6b27","status":"Running","startTime":"2023-03-21T06:11:41.4316259Z"}'
    headers:
      cache-control:
      - no-cache
      content-length:
      - '320'
      content-type:
      - application/json
      date:
      - Tue, 21 Mar 2023 06:11:41 GMT
      expires:
      - '-1'
      pragma:
      - no-cache
      request-context:
      - appId=cid-v1:797d7e4e-8180-497e-a254-780fbd39ba4d
      strict-transport-security:
      - max-age=31536000; includeSubDomains
      transfer-encoding:
      - chunked
      vary:
      - Accept-Encoding
      x-content-type-options:
      - nosniff
      x-rp-server-mvid:
      - e9e97746-2ce9-40c9-b4b8-d25f29e14f66
    status:
      code: 200
      message: OK
- request:
    body: null
    headers:
      Accept:
      - '*/*'
      Accept-Encoding:
      - gzip, deflate
      CommandName:
      - spring app deployment create
      Connection:
      - keep-alive
      ParameterSetName:
      - -g -s --app -n --container-image --language-framework
      User-Agent:
      - AZURECLI/2.46.0 azsdk-python-mgmt-appplatform/6.1.0 Python/3.9.13 (Windows-10-10.0.22621-SP0)
    method: GET
    uri: https://management.azure.com/subscriptions/00000000-0000-0000-0000-000000000000/resourceGroups/clitest.rg000001/providers/Microsoft.AppPlatform/locations/uksouth/operationStatus/green/operationId/2b88a1dc-ed56-44e4-bf8d-1828d89e6b27?api-version=2023-01-01-preview
  response:
    body:
      string: '{"id":"subscriptions/d51e3ffe-6b84-49cd-b426-0dc4ec660356/resourceGroups/clitest.rg000001/providers/Microsoft.AppPlatform/locations/uksouth/operationStatus/green/operationId/2b88a1dc-ed56-44e4-bf8d-1828d89e6b27","name":"2b88a1dc-ed56-44e4-bf8d-1828d89e6b27","status":"Running","startTime":"2023-03-21T06:11:41.4316259Z"}'
    headers:
      cache-control:
      - no-cache
      content-length:
      - '320'
      content-type:
      - application/json
      date:
      - Tue, 21 Mar 2023 06:11:51 GMT
      expires:
      - '-1'
      pragma:
      - no-cache
      request-context:
      - appId=cid-v1:797d7e4e-8180-497e-a254-780fbd39ba4d
      strict-transport-security:
      - max-age=31536000; includeSubDomains
      transfer-encoding:
      - chunked
      vary:
      - Accept-Encoding
      x-content-type-options:
      - nosniff
      x-rp-server-mvid:
      - e9e97746-2ce9-40c9-b4b8-d25f29e14f66
    status:
      code: 200
      message: OK
- request:
    body: null
    headers:
      Accept:
      - '*/*'
      Accept-Encoding:
      - gzip, deflate
      CommandName:
      - spring app deployment create
      Connection:
      - keep-alive
      ParameterSetName:
      - -g -s --app -n --container-image --language-framework
      User-Agent:
      - AZURECLI/2.46.0 azsdk-python-mgmt-appplatform/6.1.0 Python/3.9.13 (Windows-10-10.0.22621-SP0)
    method: GET
    uri: https://management.azure.com/subscriptions/00000000-0000-0000-0000-000000000000/resourceGroups/clitest.rg000001/providers/Microsoft.AppPlatform/locations/uksouth/operationStatus/green/operationId/2b88a1dc-ed56-44e4-bf8d-1828d89e6b27?api-version=2023-01-01-preview
  response:
    body:
      string: '{"id":"subscriptions/d51e3ffe-6b84-49cd-b426-0dc4ec660356/resourceGroups/clitest.rg000001/providers/Microsoft.AppPlatform/locations/uksouth/operationStatus/green/operationId/2b88a1dc-ed56-44e4-bf8d-1828d89e6b27","name":"2b88a1dc-ed56-44e4-bf8d-1828d89e6b27","status":"Running","startTime":"2023-03-21T06:11:41.4316259Z"}'
    headers:
      cache-control:
      - no-cache
      content-length:
      - '320'
      content-type:
      - application/json
      date:
      - Tue, 21 Mar 2023 06:12:01 GMT
      expires:
      - '-1'
      pragma:
      - no-cache
      request-context:
      - appId=cid-v1:797d7e4e-8180-497e-a254-780fbd39ba4d
      strict-transport-security:
      - max-age=31536000; includeSubDomains
      transfer-encoding:
      - chunked
      vary:
      - Accept-Encoding
      x-content-type-options:
      - nosniff
      x-rp-server-mvid:
      - e9e97746-2ce9-40c9-b4b8-d25f29e14f66
    status:
      code: 200
      message: OK
- request:
    body: null
    headers:
      Accept:
      - '*/*'
      Accept-Encoding:
      - gzip, deflate
      CommandName:
      - spring app deployment create
      Connection:
      - keep-alive
      ParameterSetName:
      - -g -s --app -n --container-image --language-framework
      User-Agent:
      - AZURECLI/2.46.0 azsdk-python-mgmt-appplatform/6.1.0 Python/3.9.13 (Windows-10-10.0.22621-SP0)
    method: GET
    uri: https://management.azure.com/subscriptions/00000000-0000-0000-0000-000000000000/resourceGroups/clitest.rg000001/providers/Microsoft.AppPlatform/locations/uksouth/operationStatus/green/operationId/2b88a1dc-ed56-44e4-bf8d-1828d89e6b27?api-version=2023-01-01-preview
  response:
    body:
      string: '{"id":"subscriptions/d51e3ffe-6b84-49cd-b426-0dc4ec660356/resourceGroups/clitest.rg000001/providers/Microsoft.AppPlatform/locations/uksouth/operationStatus/green/operationId/2b88a1dc-ed56-44e4-bf8d-1828d89e6b27","name":"2b88a1dc-ed56-44e4-bf8d-1828d89e6b27","status":"Succeeded","startTime":"2023-03-21T06:11:41.4316259Z","endTime":"2023-03-21T06:12:03.6119334Z"}'
    headers:
      cache-control:
      - no-cache
      content-length:
      - '363'
      content-type:
      - application/json
      date:
      - Tue, 21 Mar 2023 06:12:12 GMT
      expires:
      - '-1'
      pragma:
      - no-cache
      request-context:
      - appId=cid-v1:797d7e4e-8180-497e-a254-780fbd39ba4d
      strict-transport-security:
      - max-age=31536000; includeSubDomains
      transfer-encoding:
      - chunked
      vary:
      - Accept-Encoding
      x-content-type-options:
      - nosniff
      x-rp-server-mvid:
      - e9e97746-2ce9-40c9-b4b8-d25f29e14f66
    status:
      code: 200
      message: OK
- request:
    body: null
    headers:
      Accept:
      - '*/*'
      Accept-Encoding:
      - gzip, deflate
      CommandName:
      - spring app deployment create
      Connection:
      - keep-alive
      ParameterSetName:
      - -g -s --app -n --container-image --language-framework
      User-Agent:
      - AZURECLI/2.46.0 azsdk-python-mgmt-appplatform/6.1.0 Python/3.9.13 (Windows-10-10.0.22621-SP0)
    method: GET
    uri: https://management.azure.com/subscriptions/00000000-0000-0000-0000-000000000000/resourceGroups/clitest.rg000001/providers/Microsoft.AppPlatform/Spring/clitest000002/apps/test-container/deployments/mock-deployment?api-version=2023-01-01-preview
  response:
    body:
      string: '{"properties":{"deploymentSettings":{"resourceRequests":{"cpu":"1","memory":"1Gi"},"environmentVariables":null,"terminationGracePeriodSeconds":90,"livenessProbe":{"disableProbe":false,"failureThreshold":3,"initialDelaySeconds":300,"periodSeconds":10,"successThreshold":1,"timeoutSeconds":3,"probeAction":{"type":"TCPSocketAction"}},"readinessProbe":{"disableProbe":false,"failureThreshold":3,"initialDelaySeconds":0,"periodSeconds":5,"successThreshold":1,"timeoutSeconds":3,"probeAction":{"type":"TCPSocketAction"}}},"provisioningState":"Succeeded","status":"Running","active":false,"instances":[{"name":"test-container-green-14-7cb686bd4b-ggwqf","status":"Running","discoveryStatus":"UNREGISTERED","startTime":"2023-03-21T06:11:48Z"}],"source":{"type":"Container","customContainer":{"containerImage":"springio/gs-spring-boot-docker","server":"docker.io","languageFramework":"springboot"}}},"type":"Microsoft.AppPlatform/Spring/apps/deployments","sku":{"name":"S0","tier":"Standard","capacity":1},"id":"/subscriptions/00000000-0000-0000-0000-000000000000/resourceGroups/clitest.rg000001/providers/Microsoft.AppPlatform/Spring/clitest000002/apps/test-container/deployments/green","name":"green","systemData":{"createdBy":"yuwzho@microsoft.com","createdByType":"User","createdAt":"2023-03-21T06:11:39.9053276Z","lastModifiedBy":"yuwzho@microsoft.com","lastModifiedByType":"User","lastModifiedAt":"2023-03-21T06:11:39.9053276Z"}}'
    headers:
      cache-control:
      - no-cache
      content-length:
      - '1426'
      content-type:
      - application/json
      date:
      - Tue, 21 Mar 2023 06:12:15 GMT
      expires:
      - '-1'
      pragma:
      - no-cache
      request-context:
      - appId=cid-v1:797d7e4e-8180-497e-a254-780fbd39ba4d
      strict-transport-security:
      - max-age=31536000; includeSubDomains
      transfer-encoding:
      - chunked
      vary:
      - Accept-Encoding
      x-content-type-options:
      - nosniff
      x-ms-ratelimit-remaining-subscription-resource-requests:
      - '11998'
      x-rp-server-mvid:
      - e9e97746-2ce9-40c9-b4b8-d25f29e14f66
    status:
      code: 200
      message: OK
- request:
    body: null
    headers:
      Accept:
      - application/json
      Accept-Encoding:
      - gzip, deflate
      CommandName:
      - spring app deployment create
      Connection:
      - keep-alive
      ParameterSetName:
      - -g -s --app -n --container-image --language-framework
      User-Agent:
      - AZURECLI/2.46.0 azsdk-python-mgmt-appplatform/6.1.0 Python/3.9.13 (Windows-10-10.0.22621-SP0)
    method: GET
    uri: https://management.azure.com/subscriptions/00000000-0000-0000-0000-000000000000/resourceGroups/clitest.rg000001/providers/Microsoft.AppPlatform/Spring/clitest000002/apps/test-container/deployments/mock-deployment?api-version=2023-01-01-preview
  response:
    body:
      string: '{"properties":{"deploymentSettings":{"resourceRequests":{"cpu":"1","memory":"1Gi"},"environmentVariables":null,"terminationGracePeriodSeconds":90,"livenessProbe":{"disableProbe":false,"failureThreshold":3,"initialDelaySeconds":300,"periodSeconds":10,"successThreshold":1,"timeoutSeconds":3,"probeAction":{"type":"TCPSocketAction"}},"readinessProbe":{"disableProbe":false,"failureThreshold":3,"initialDelaySeconds":0,"periodSeconds":5,"successThreshold":1,"timeoutSeconds":3,"probeAction":{"type":"TCPSocketAction"}}},"provisioningState":"Succeeded","status":"Running","active":false,"instances":[{"name":"test-container-green-14-7cb686bd4b-ggwqf","status":"Running","discoveryStatus":"UNREGISTERED","startTime":"2023-03-21T06:11:48Z"}],"source":{"type":"Container","customContainer":{"containerImage":"springio/gs-spring-boot-docker","server":"docker.io","languageFramework":"springboot"}}},"type":"Microsoft.AppPlatform/Spring/apps/deployments","sku":{"name":"S0","tier":"Standard","capacity":1},"id":"/subscriptions/00000000-0000-0000-0000-000000000000/resourceGroups/clitest.rg000001/providers/Microsoft.AppPlatform/Spring/clitest000002/apps/test-container/deployments/green","name":"green","systemData":{"createdBy":"yuwzho@microsoft.com","createdByType":"User","createdAt":"2023-03-21T06:11:39.9053276Z","lastModifiedBy":"yuwzho@microsoft.com","lastModifiedByType":"User","lastModifiedAt":"2023-03-21T06:11:39.9053276Z"}}'
    headers:
      cache-control:
      - no-cache
      content-length:
      - '1426'
      content-type:
      - application/json
      date:
      - Tue, 21 Mar 2023 06:12:17 GMT
      expires:
      - '-1'
      pragma:
      - no-cache
      request-context:
      - appId=cid-v1:797d7e4e-8180-497e-a254-780fbd39ba4d
      strict-transport-security:
      - max-age=31536000; includeSubDomains
      transfer-encoding:
      - chunked
      vary:
      - Accept-Encoding
      x-content-type-options:
      - nosniff
      x-ms-ratelimit-remaining-subscription-resource-requests:
      - '11997'
      x-rp-server-mvid:
      - e9e97746-2ce9-40c9-b4b8-d25f29e14f66
    status:
      code: 200
      message: OK
- request:
    body: null
    headers:
      Accept:
      - application/json
      Accept-Encoding:
      - gzip, deflate
      CommandName:
      - spring app deployment create
      Connection:
      - keep-alive
      Content-Length:
      - '0'
      ParameterSetName:
      - -g -s --app -n --container-image --language-framework
      User-Agent:
      - AZURECLI/2.46.0 azsdk-python-mgmt-appplatform/6.1.0 Python/3.9.13 (Windows-10-10.0.22621-SP0)
    method: POST
    uri: https://management.azure.com/subscriptions/00000000-0000-0000-0000-000000000000/resourceGroups/clitest.rg000001/providers/Microsoft.AppPlatform/Spring/clitest000002/listTestKeys?api-version=2023-01-01-preview
  response:
    body:
      string: '{"primaryKey":"tSn0dSab2pEvkDpQ8eZ9mdJeNGn8MG8Et6xGbBlQa9j4ZxzcsUQHKNPR8WTtTwa0","secondaryKey":"FwlTRlm4HF9I5UDZZVa0GEAnmWZFpcEj17iMoYEPjii2kNQsxRz2Gev78itJPWYr","primaryTestEndpoint":"https://primary:tSn0dSab2pEvkDpQ8eZ9mdJeNGn8MG8Et6xGbBlQa9j4ZxzcsUQHKNPR8WTtTwa0@clitest000002.test.azuremicroservices.io","secondaryTestEndpoint":"https://secondary:FwlTRlm4HF9I5UDZZVa0GEAnmWZFpcEj17iMoYEPjii2kNQsxRz2Gev78itJPWYr@clitest000002.test.azuremicroservices.io","enabled":true}'
    headers:
      cache-control:
      - no-cache
      content-length:
      - '474'
      content-type:
      - application/json
      date:
      - Tue, 21 Mar 2023 06:12:18 GMT
      expires:
      - '-1'
      pragma:
      - no-cache
      request-context:
      - appId=cid-v1:797d7e4e-8180-497e-a254-780fbd39ba4d
      strict-transport-security:
      - max-age=31536000; includeSubDomains
      transfer-encoding:
      - chunked
      vary:
      - Accept-Encoding
      x-content-type-options:
      - nosniff
      x-ms-ratelimit-remaining-subscription-writes:
      - '1199'
      x-rp-server-mvid:
      - e9e97746-2ce9-40c9-b4b8-d25f29e14f66
    status:
      code: 200
      message: OK
- request:
    body: null
    headers:
      Accept:
      - '*/*'
      Accept-Encoding:
      - gzip, deflate
      Connection:
      - keep-alive
      User-Agent:
      - python-requests/2.25.1
    method: GET
    uri: https://clitest000002.azuremicroservices.io/api/logstream/apps/test-container/instances/test-container-green-14-7cb686bd4b-ggwqf?tailLines=500&limitBytes=1048576&sinceSeconds=300
  response:
    body:
      string: "Picked up JAVA_TOOL_OPTIONS: -Dcom.sun.management.jmxremote -Dcom.sun.management.jmxremote.port=1099
        -Dcom.sun.management.jmxremote.local.only=true -Dmanagement.endpoints.jmx.exposure.include=health,metrics
        -Dcom.sun.management.jmxremote.authenticate=false -Dcom.sun.management.jmxremote.ssl=false
        -Dspring.jmx.enabled=true -Dserver.tomcat.mbeanregistry.enabled=true -Dfile.encoding=UTF8
        -Deureka.client.service-url.defaultZone=https://clitest000002.svc.azuremicroservices.io/eureka/eureka
        -DCONFIG_SERVER_URL=https://clitest000002.svc.azuremicroservices.io/config
        -Dspring.cloud.config.uri=https://clitest000002.svc.azuremicroservices.io/config
        -Dspring.cloud.config.fail-fast=true -Dspring.config.import=optional:configserver:https://clitest000002.svc.azuremicroservices.io/config/\n\n
        \ .   ____          _            __ _ _\n /\\\\ / ___'_ __ _ _(_)_ __  __
        _ \\ \\ \\ \\\n( ( )\\___ | '_ | '_| | '_ \\/ _` | \\ \\ \\ \\\n \\\\/  ___)|
        |_)| | | | | || (_| |  ) ) ) )\n  '  |____| .__|_| |_|_| |_\\__, | / / / /\n
        =========|_|==============|___/=/_/_/_/\n :: Spring Boot ::        (v2.2.1.RELEASE)\n\n2023-03-21
        06:11:50.951  INFO 1 --- [           main] hello.Application                        :
        Starting Application on test-container-green-14-7cb686bd4b-ggwqf with PID
        1 (/app/classes started by ? in /)\n2023-03-21 06:11:50.954  INFO 1 --- [
        \          main] hello.Application                        : No active profile
        set, falling back to default profiles: default\n2023-03-21 06:11:53.334  INFO
        1 --- [           main] o.s.b.w.embedded.tomcat.TomcatWebServer  : Tomcat
        initialized with port(s): 1025 (http)\n2023-03-21 06:11:53.744  INFO 1 ---
        [           main] o.apache.catalina.core.StandardService   : Starting service
        [Tomcat]\n2023-03-21 06:11:53.745  INFO 1 --- [           main] org.apache.catalina.core.StandardEngine
        \ : Starting Servlet engine: [Apache Tomcat/9.0.27]\n2023-03-21 06:11:54.036
        \ INFO 1 --- [           main] o.a.c.c.C.[Tomcat].[localhost].[/]       :
        Initializing Spring embedded WebApplicationContext\n2023-03-21 06:11:54.037
        \ INFO 1 --- [           main] o.s.web.context.ContextLoader            :
        Root WebApplicationContext: initialization completed in 2907 ms\n2023-03-21
        06:11:55.049  INFO 1 --- [           main] o.s.s.concurrent.ThreadPoolTaskExecutor
        \ : Initializing ExecutorService 'applicationTaskExecutor'\n2023-03-21 06:11:55.460
        \ INFO 1 --- [           main] o.s.b.w.embedded.tomcat.TomcatWebServer  :
        Tomcat started on port(s): 1025 (http) with context path ''\n2023-03-21 06:11:55.464
        \ INFO 1 --- [           main] hello.Application                        :
        Started Application in 5.317 seconds (JVM running for 6.037)\n"
    headers:
      connection:
      - keep-alive
      content-type:
      - text/plain
      date:
      - Tue, 21 Mar 2023 06:12:20 GMT
      strict-transport-security:
      - max-age=15724800; includeSubDomains
      transfer-encoding:
      - chunked
    status:
      code: 200
      message: OK
- request:
    body: null
    headers:
      Accept:
      - application/json
      Accept-Encoding:
      - gzip, deflate
      CommandName:
      - spring app deployment create
      Connection:
      - keep-alive
      ParameterSetName:
      - -g -s --app -n --container-image --language-framework
      User-Agent:
      - AZURECLI/2.46.0 azsdk-python-mgmt-appplatform/6.1.0 Python/3.9.13 (Windows-10-10.0.22621-SP0)
    method: GET
    uri: https://management.azure.com/subscriptions/00000000-0000-0000-0000-000000000000/resourceGroups/clitest.rg000001/providers/Microsoft.AppPlatform/Spring/clitest000002/apps/test-container/deployments/mock-deployment?api-version=2023-01-01-preview
  response:
    body:
      string: '{"properties":{"deploymentSettings":{"resourceRequests":{"cpu":"1","memory":"1Gi"},"environmentVariables":null,"terminationGracePeriodSeconds":90,"livenessProbe":{"disableProbe":false,"failureThreshold":3,"initialDelaySeconds":300,"periodSeconds":10,"successThreshold":1,"timeoutSeconds":3,"probeAction":{"type":"TCPSocketAction"}},"readinessProbe":{"disableProbe":false,"failureThreshold":3,"initialDelaySeconds":0,"periodSeconds":5,"successThreshold":1,"timeoutSeconds":3,"probeAction":{"type":"TCPSocketAction"}}},"provisioningState":"Succeeded","status":"Running","active":false,"instances":[{"name":"test-container-green-14-7cb686bd4b-ggwqf","status":"Running","discoveryStatus":"UNREGISTERED","startTime":"2023-03-21T06:11:48Z"}],"source":{"type":"Container","customContainer":{"containerImage":"springio/gs-spring-boot-docker","server":"docker.io","languageFramework":"springboot"}}},"type":"Microsoft.AppPlatform/Spring/apps/deployments","sku":{"name":"S0","tier":"Standard","capacity":1},"id":"/subscriptions/00000000-0000-0000-0000-000000000000/resourceGroups/clitest.rg000001/providers/Microsoft.AppPlatform/Spring/clitest000002/apps/test-container/deployments/green","name":"green","systemData":{"createdBy":"yuwzho@microsoft.com","createdByType":"User","createdAt":"2023-03-21T06:11:39.9053276Z","lastModifiedBy":"yuwzho@microsoft.com","lastModifiedByType":"User","lastModifiedAt":"2023-03-21T06:11:39.9053276Z"}}'
    headers:
      cache-control:
      - no-cache
      content-length:
      - '1426'
      content-type:
      - application/json
      date:
      - Tue, 21 Mar 2023 06:12:22 GMT
      expires:
      - '-1'
      pragma:
      - no-cache
      request-context:
      - appId=cid-v1:797d7e4e-8180-497e-a254-780fbd39ba4d
      strict-transport-security:
      - max-age=31536000; includeSubDomains
      transfer-encoding:
      - chunked
      vary:
      - Accept-Encoding
      x-content-type-options:
      - nosniff
      x-ms-ratelimit-remaining-subscription-resource-requests:
      - '11996'
      x-rp-server-mvid:
      - e9e97746-2ce9-40c9-b4b8-d25f29e14f66
    status:
      code: 200
      message: OK
version: 1
