interactions:
- request:
    body: null
    headers:
      Accept:
      - application/json
      Accept-Encoding:
      - gzip, deflate
      CommandName:
      - spring app create
      Connection:
      - keep-alive
      ParameterSetName:
      - -n -g -s --cpu --env
      User-Agent:
      - AZURECLI/2.45.0 azsdk-python-mgmt-appplatform/6.1.0 Python/3.8.9 (Windows-10-10.0.22621-SP0)
    method: GET
    uri: https://management.azure.com/subscriptions/00000000-0000-0000-0000-000000000000/resourceGroups/cli/providers/Microsoft.AppPlatform/Spring/cli-unittest/apps/test-crud-app?api-version=2023-01-01-preview
  response:
    body:
      string: '{"error":{"code":"NotFound","message":"App was not found","target":"/subscriptions/00000000-0000-0000-0000-000000000000/resourceGroups/cli/providers/Microsoft.AppPlatform/Spring/cli-unittest/apps/test-crud-app","details":null}}'
    headers:
      cache-control:
      - no-cache
      content-length:
      - '227'
      content-type:
      - application/json; charset=utf-8
      date:
      - Thu, 23 Mar 2023 05:16:47 GMT
      expires:
      - '-1'
      pragma:
      - no-cache
      request-context:
      - appId=cid-v1:797d7e4e-8180-497e-a254-780fbd39ba4d
      strict-transport-security:
      - max-age=31536000; includeSubDomains
      x-content-type-options:
      - nosniff
      x-ms-ratelimit-remaining-subscription-resource-requests:
      - '11999'
      x-rp-server-mvid:
      - 2d8cffe0-ed19-4f32-b630-c96199e681e1
    status:
      code: 404
      message: Not Found
- request:
    body: null
    headers:
      Accept:
      - application/json
      Accept-Encoding:
      - gzip, deflate
      CommandName:
      - spring app create
      Connection:
      - keep-alive
      ParameterSetName:
      - -n -g -s --cpu --env
      User-Agent:
      - AZURECLI/2.45.0 azsdk-python-mgmt-appplatform/6.1.0 Python/3.8.9 (Windows-10-10.0.22621-SP0)
    method: GET
    uri: https://management.azure.com/subscriptions/00000000-0000-0000-0000-000000000000/resourceGroups/cli/providers/Microsoft.AppPlatform/Spring/cli-unittest?api-version=2023-01-01-preview
  response:
    body:
      string: '{"properties":{"provisioningState":"Succeeded","zoneRedundant":false,"version":3,"serviceId":"56e88126a961459ca367bb6223cf4a16","networkProfile":{"outboundIPs":{"publicIPs":["20.219.181.209","20.219.183.20"]},"outboundType":"loadBalancer"},"powerState":"Running","fqdn":"cli-unittest.azuremicroservices.io"},"type":"Microsoft.AppPlatform/Spring","sku":{"name":"S0","tier":"Standard"},"location":"centralindia","tags":{},"id":"/subscriptions/00000000-0000-0000-0000-000000000000/resourceGroups/cli/providers/Microsoft.AppPlatform/Spring/cli-unittest","name":"cli-unittest","systemData":{"createdBy":"pensh@microsoft.com","createdByType":"User","createdAt":"2023-03-23T02:52:58.6146926Z","lastModifiedBy":"pensh@microsoft.com","lastModifiedByType":"User","lastModifiedAt":"2023-03-23T02:57:49.439147Z"}}'
    headers:
      cache-control:
      - no-cache
      content-length:
      - '801'
      content-type:
      - application/json; charset=utf-8
      date:
      - Thu, 23 Mar 2023 05:16:48 GMT
      expires:
      - '-1'
      pragma:
      - no-cache
      request-context:
      - appId=cid-v1:797d7e4e-8180-497e-a254-780fbd39ba4d
      strict-transport-security:
      - max-age=31536000; includeSubDomains
      transfer-encoding:
      - chunked
      vary:
      - Accept-Encoding
      x-content-type-options:
      - nosniff
      x-ms-ratelimit-remaining-subscription-resource-requests:
      - '11999'
      x-rp-server-mvid:
      - 2d8cffe0-ed19-4f32-b630-c96199e681e1
    status:
      code: 200
      message: OK
- request:
    body: '{"properties": {"public": false, "httpsOnly": false, "temporaryDisk": {"sizeInGB":
      5, "mountPath": "/tmp"}, "enableEndToEndTLS": false}}'
    headers:
      Accept:
      - application/json
      Accept-Encoding:
      - gzip, deflate
      CommandName:
      - spring app create
      Connection:
      - keep-alive
      Content-Length:
      - '136'
      Content-Type:
      - application/json
      ParameterSetName:
      - -n -g -s --cpu --env
      User-Agent:
      - AZURECLI/2.45.0 azsdk-python-mgmt-appplatform/6.1.0 Python/3.8.9 (Windows-10-10.0.22621-SP0)
    method: PUT
    uri: https://management.azure.com/subscriptions/00000000-0000-0000-0000-000000000000/resourceGroups/cli/providers/Microsoft.AppPlatform/Spring/cli-unittest/apps/test-crud-app?api-version=2023-01-01-preview
  response:
    body:
      string: '{"properties":{"addonConfigs":{"applicationConfigurationService":{},"serviceRegistry":{}},"public":false,"provisioningState":"Creating","httpsOnly":false,"temporaryDisk":{"sizeInGB":5,"mountPath":"/tmp"},"enableEndToEndTLS":false,"ingressSettings":{"readTimeoutInSeconds":300,"sendTimeoutInSeconds":60,"sessionCookieMaxAge":0,"sessionAffinity":"None","backendProtocol":"Default"}},"type":"Microsoft.AppPlatform/Spring/apps","identity":null,"location":"centralindia","id":"/subscriptions/00000000-0000-0000-0000-000000000000/resourceGroups/cli/providers/Microsoft.AppPlatform/Spring/cli-unittest/apps/test-crud-app","name":"test-crud-app","systemData":{"createdBy":"pensh@microsoft.com","createdByType":"User","createdAt":"2023-03-23T05:16:49.2745719Z","lastModifiedBy":"pensh@microsoft.com","lastModifiedByType":"User","lastModifiedAt":"2023-03-23T05:16:49.2745719Z"}}'
    headers:
      azure-asyncoperation:
      - https://management.azure.com/subscriptions/00000000-0000-0000-0000-000000000000/resourceGroups/cli/providers/Microsoft.AppPlatform/locations/centralindia/operationStatus/test-crud-app/operationId/7b9b18a8-57c6-4026-8f27-b33977e903fa?api-version=2023-01-01-preview
      cache-control:
      - no-cache
      content-length:
      - '868'
      content-type:
      - application/json; charset=utf-8
      date:
      - Thu, 23 Mar 2023 05:16:49 GMT
      expires:
      - '-1'
      location:
      - https://management.azure.com/subscriptions/00000000-0000-0000-0000-000000000000/resourceGroups/cli/providers/Microsoft.AppPlatform/locations/centralindia/operationResults/7b9b18a8-57c6-4026-8f27-b33977e903fa/Spring/test-crud-app?api-version=2023-01-01-preview
      pragma:
      - no-cache
      request-context:
      - appId=cid-v1:797d7e4e-8180-497e-a254-780fbd39ba4d
      strict-transport-security:
      - max-age=31536000; includeSubDomains
      x-content-type-options:
      - nosniff
      x-ms-ratelimit-remaining-subscription-resource-requests:
      - '1199'
      x-rp-server-mvid:
      - 2d8cffe0-ed19-4f32-b630-c96199e681e1
    status:
      code: 201
      message: Created
- request:
    body: null
    headers:
      Accept:
      - '*/*'
      Accept-Encoding:
      - gzip, deflate
      CommandName:
      - spring app create
      Connection:
      - keep-alive
      ParameterSetName:
      - -n -g -s --cpu --env
      User-Agent:
      - AZURECLI/2.45.0 azsdk-python-mgmt-appplatform/6.1.0 Python/3.8.9 (Windows-10-10.0.22621-SP0)
    method: GET
    uri: https://management.azure.com/subscriptions/00000000-0000-0000-0000-000000000000/resourceGroups/cli/providers/Microsoft.AppPlatform/locations/centralindia/operationStatus/test-crud-app/operationId/7b9b18a8-57c6-4026-8f27-b33977e903fa?api-version=2023-01-01-preview
  response:
    body:
      string: '{"id":"subscriptions/d51e3ffe-6b84-49cd-b426-0dc4ec660356/resourceGroups/cli/providers/Microsoft.AppPlatform/locations/centralindia/operationStatus/test-crud-app/operationId/7b9b18a8-57c6-4026-8f27-b33977e903fa","name":"7b9b18a8-57c6-4026-8f27-b33977e903fa","status":"Running","startTime":"2023-03-23T05:16:49.7989658Z"}'
    headers:
      cache-control:
      - no-cache
      content-length:
      - '320'
      content-type:
      - application/json; charset=utf-8
      date:
      - Thu, 23 Mar 2023 05:16:49 GMT
      expires:
      - '-1'
      pragma:
      - no-cache
      request-context:
      - appId=cid-v1:797d7e4e-8180-497e-a254-780fbd39ba4d
      strict-transport-security:
      - max-age=31536000; includeSubDomains
      transfer-encoding:
      - chunked
      vary:
      - Accept-Encoding
      x-content-type-options:
      - nosniff
      x-rp-server-mvid:
      - 2d8cffe0-ed19-4f32-b630-c96199e681e1
    status:
      code: 200
      message: OK
- request:
    body: null
    headers:
      Accept:
      - '*/*'
      Accept-Encoding:
      - gzip, deflate
      CommandName:
      - spring app create
      Connection:
      - keep-alive
      ParameterSetName:
      - -n -g -s --cpu --env
      User-Agent:
      - AZURECLI/2.45.0 azsdk-python-mgmt-appplatform/6.1.0 Python/3.8.9 (Windows-10-10.0.22621-SP0)
    method: GET
    uri: https://management.azure.com/subscriptions/00000000-0000-0000-0000-000000000000/resourceGroups/cli/providers/Microsoft.AppPlatform/locations/centralindia/operationStatus/test-crud-app/operationId/7b9b18a8-57c6-4026-8f27-b33977e903fa?api-version=2023-01-01-preview
  response:
    body:
      string: '{"id":"subscriptions/d51e3ffe-6b84-49cd-b426-0dc4ec660356/resourceGroups/cli/providers/Microsoft.AppPlatform/locations/centralindia/operationStatus/test-crud-app/operationId/7b9b18a8-57c6-4026-8f27-b33977e903fa","name":"7b9b18a8-57c6-4026-8f27-b33977e903fa","status":"Succeeded","startTime":"2023-03-23T05:16:49.7989658Z","endTime":"2023-03-23T05:16:57.8250961Z"}'
    headers:
      cache-control:
      - no-cache
      content-length:
      - '363'
      content-type:
      - application/json; charset=utf-8
      date:
      - Thu, 23 Mar 2023 05:16:59 GMT
      expires:
      - '-1'
      pragma:
      - no-cache
      request-context:
      - appId=cid-v1:797d7e4e-8180-497e-a254-780fbd39ba4d
      strict-transport-security:
      - max-age=31536000; includeSubDomains
      transfer-encoding:
      - chunked
      vary:
      - Accept-Encoding
      x-content-type-options:
      - nosniff
      x-rp-server-mvid:
      - 2d8cffe0-ed19-4f32-b630-c96199e681e1
    status:
      code: 200
      message: OK
- request:
    body: null
    headers:
      Accept:
      - '*/*'
      Accept-Encoding:
      - gzip, deflate
      CommandName:
      - spring app create
      Connection:
      - keep-alive
      ParameterSetName:
      - -n -g -s --cpu --env
      User-Agent:
      - AZURECLI/2.45.0 azsdk-python-mgmt-appplatform/6.1.0 Python/3.8.9 (Windows-10-10.0.22621-SP0)
    method: GET
    uri: https://management.azure.com/subscriptions/00000000-0000-0000-0000-000000000000/resourceGroups/cli/providers/Microsoft.AppPlatform/Spring/cli-unittest/apps/test-crud-app?api-version=2023-01-01-preview
  response:
    body:
      string: '{"properties":{"addonConfigs":{"applicationConfigurationService":{},"serviceRegistry":{}},"public":false,"provisioningState":"Succeeded","fqdn":"cli-unittest.azuremicroservices.io","httpsOnly":false,"temporaryDisk":{"sizeInGB":5,"mountPath":"/tmp"},"persistentDisk":{"sizeInGB":0,"mountPath":"/persistent"},"enableEndToEndTLS":false,"ingressSettings":{"readTimeoutInSeconds":300,"sendTimeoutInSeconds":60,"sessionCookieMaxAge":0,"sessionAffinity":"None","backendProtocol":"Default"}},"type":"Microsoft.AppPlatform/Spring/apps","identity":null,"location":"centralindia","id":"/subscriptions/00000000-0000-0000-0000-000000000000/resourceGroups/cli/providers/Microsoft.AppPlatform/Spring/cli-unittest/apps/test-crud-app","name":"test-crud-app","systemData":{"createdBy":"pensh@microsoft.com","createdByType":"User","createdAt":"2023-03-23T05:16:49.2745719Z","lastModifiedBy":"pensh@microsoft.com","lastModifiedByType":"User","lastModifiedAt":"2023-03-23T05:16:49.2745719Z"}}'
    headers:
      cache-control:
      - no-cache
      content-length:
      - '971'
      content-type:
      - application/json; charset=utf-8
      date:
      - Thu, 23 Mar 2023 05:17:00 GMT
      expires:
      - '-1'
      pragma:
      - no-cache
      request-context:
      - appId=cid-v1:797d7e4e-8180-497e-a254-780fbd39ba4d
      strict-transport-security:
      - max-age=31536000; includeSubDomains
      transfer-encoding:
      - chunked
      vary:
      - Accept-Encoding
      x-content-type-options:
      - nosniff
      x-ms-ratelimit-remaining-subscription-resource-requests:
      - '11998'
      x-rp-server-mvid:
      - 2d8cffe0-ed19-4f32-b630-c96199e681e1
    status:
      code: 200
      message: OK
- request:
    body: '{"properties": {"source": {"type": "Jar", "relativePath": "<default>",
      "runtimeVersion": "Java_11"}, "deploymentSettings": {"resourceRequests": {"cpu":
      "2", "memory": "1Gi"}, "environmentVariables": {"foo": "bar"}, "scale": {"minReplicas":
      1, "maxReplicas": 10}}, "active": true}, "sku": {"name": "S0", "tier": "Standard",
      "capacity": 1}}'
    headers:
      Accept:
      - application/json
      Accept-Encoding:
      - gzip, deflate
      CommandName:
      - spring app create
      Connection:
      - keep-alive
      Content-Length:
      - '338'
      Content-Type:
      - application/json
      ParameterSetName:
      - -n -g -s --cpu --env
      User-Agent:
      - AZURECLI/2.45.0 azsdk-python-mgmt-appplatform/6.1.0 Python/3.8.9 (Windows-10-10.0.22621-SP0)
    method: PUT
    uri: https://management.azure.com/subscriptions/00000000-0000-0000-0000-000000000000/resourceGroups/cli/providers/Microsoft.AppPlatform/Spring/cli-unittest/apps/test-crud-app/deployments/mock-deployment?api-version=2023-01-01-preview
  response:
    body:
      string: '{"properties":{"deploymentSettings":{"resourceRequests":{"cpu":"2","memory":"1Gi"},"environmentVariables":{"foo":"bar"},"terminationGracePeriodSeconds":90},"provisioningState":"Creating","status":"Running","active":true,"instances":null,"source":{"type":"Jar","relativePath":"<default>","runtimeVersion":"Java_11"}},"type":"Microsoft.AppPlatform/Spring/apps/deployments","sku":{"name":"S0","tier":"Standard","capacity":1},"id":"/subscriptions/00000000-0000-0000-0000-000000000000/resourceGroups/cli/providers/Microsoft.AppPlatform/Spring/cli-unittest/apps/test-crud-app/deployments/default","name":"default","systemData":{"createdBy":"pensh@microsoft.com","createdByType":"User","createdAt":"2023-03-23T05:17:05.0872476Z","lastModifiedBy":"pensh@microsoft.com","lastModifiedByType":"User","lastModifiedAt":"2023-03-23T05:17:05.0872476Z"}}'
    headers:
      azure-asyncoperation:
      - https://management.azure.com/subscriptions/00000000-0000-0000-0000-000000000000/resourceGroups/cli/providers/Microsoft.AppPlatform/locations/centralindia/operationStatus/default/operationId/2b663e55-87db-4703-be72-669e219a3289?api-version=2023-01-01-preview
      cache-control:
      - no-cache
      content-length:
      - '838'
      content-type:
      - application/json; charset=utf-8
      date:
      - Thu, 23 Mar 2023 05:17:05 GMT
      expires:
      - '-1'
      location:
      - https://management.azure.com/subscriptions/00000000-0000-0000-0000-000000000000/resourceGroups/cli/providers/Microsoft.AppPlatform/locations/centralindia/operationResults/2b663e55-87db-4703-be72-669e219a3289/Spring/default?api-version=2023-01-01-preview
      pragma:
      - no-cache
      request-context:
      - appId=cid-v1:797d7e4e-8180-497e-a254-780fbd39ba4d
      strict-transport-security:
      - max-age=31536000; includeSubDomains
      x-content-type-options:
      - nosniff
      x-ms-ratelimit-remaining-subscription-resource-requests:
      - '1199'
      x-rp-server-mvid:
      - 2d8cffe0-ed19-4f32-b630-c96199e681e1
    status:
      code: 201
      message: Created
- request:
    body: null
    headers:
      Accept:
      - '*/*'
      Accept-Encoding:
      - gzip, deflate
      CommandName:
      - spring app create
      Connection:
      - keep-alive
      ParameterSetName:
      - -n -g -s --cpu --env
      User-Agent:
      - AZURECLI/2.45.0 azsdk-python-mgmt-appplatform/6.1.0 Python/3.8.9 (Windows-10-10.0.22621-SP0)
    method: GET
    uri: https://management.azure.com/subscriptions/00000000-0000-0000-0000-000000000000/resourceGroups/cli/providers/Microsoft.AppPlatform/locations/centralindia/operationStatus/default/operationId/2b663e55-87db-4703-be72-669e219a3289?api-version=2023-01-01-preview
  response:
    body:
      string: '{"id":"subscriptions/d51e3ffe-6b84-49cd-b426-0dc4ec660356/resourceGroups/cli/providers/Microsoft.AppPlatform/locations/centralindia/operationStatus/default/operationId/2b663e55-87db-4703-be72-669e219a3289","name":"2b663e55-87db-4703-be72-669e219a3289","status":"Running","startTime":"2023-03-23T05:17:06.1376785Z"}'
    headers:
      cache-control:
      - no-cache
      content-length:
      - '314'
      content-type:
      - application/json; charset=utf-8
      date:
      - Thu, 23 Mar 2023 05:17:05 GMT
      expires:
      - '-1'
      pragma:
      - no-cache
      request-context:
      - appId=cid-v1:797d7e4e-8180-497e-a254-780fbd39ba4d
      strict-transport-security:
      - max-age=31536000; includeSubDomains
      transfer-encoding:
      - chunked
      vary:
      - Accept-Encoding
      x-content-type-options:
      - nosniff
      x-rp-server-mvid:
      - 2d8cffe0-ed19-4f32-b630-c96199e681e1
    status:
      code: 200
      message: OK
- request:
    body: null
    headers:
      Accept:
      - '*/*'
      Accept-Encoding:
      - gzip, deflate
      CommandName:
      - spring app create
      Connection:
      - keep-alive
      ParameterSetName:
      - -n -g -s --cpu --env
      User-Agent:
      - AZURECLI/2.45.0 azsdk-python-mgmt-appplatform/6.1.0 Python/3.8.9 (Windows-10-10.0.22621-SP0)
    method: GET
    uri: https://management.azure.com/subscriptions/00000000-0000-0000-0000-000000000000/resourceGroups/cli/providers/Microsoft.AppPlatform/locations/centralindia/operationStatus/test-crud-app/operationId/392bfc2a-d9ce-4dc7-bb8c-b2022210f831?api-version=2023-01-01-preview
  response:
    body:
      string: '{"id":"subscriptions/d51e3ffe-6b84-49cd-b426-0dc4ec660356/resourceGroups/cli/providers/Microsoft.AppPlatform/locations/centralindia/operationStatus/test-crud-app/operationId/392bfc2a-d9ce-4dc7-bb8c-b2022210f831","name":"392bfc2a-d9ce-4dc7-bb8c-b2022210f831","status":"Running","startTime":"2023-03-23T05:17:09.6455615Z"}'
    headers:
      cache-control:
      - no-cache
      content-length:
      - '320'
      content-type:
      - application/json; charset=utf-8
      date:
      - Thu, 23 Mar 2023 05:17:09 GMT
      expires:
      - '-1'
      pragma:
      - no-cache
      request-context:
      - appId=cid-v1:797d7e4e-8180-497e-a254-780fbd39ba4d
      strict-transport-security:
      - max-age=31536000; includeSubDomains
      transfer-encoding:
      - chunked
      vary:
      - Accept-Encoding
      x-content-type-options:
      - nosniff
      x-rp-server-mvid:
      - 2d8cffe0-ed19-4f32-b630-c96199e681e1
    status:
      code: 200
      message: OK
- request:
    body: null
    headers:
      Accept:
      - '*/*'
      Accept-Encoding:
      - gzip, deflate
      CommandName:
      - spring app create
      Connection:
      - keep-alive
      ParameterSetName:
      - -n -g -s --cpu --env
      User-Agent:
      - AZURECLI/2.45.0 azsdk-python-mgmt-appplatform/6.1.0 Python/3.8.9 (Windows-10-10.0.22621-SP0)
    method: GET
    uri: https://management.azure.com/subscriptions/00000000-0000-0000-0000-000000000000/resourceGroups/cli/providers/Microsoft.AppPlatform/locations/centralindia/operationStatus/default/operationId/2b663e55-87db-4703-be72-669e219a3289?api-version=2023-01-01-preview
  response:
    body:
      string: '{"id":"subscriptions/d51e3ffe-6b84-49cd-b426-0dc4ec660356/resourceGroups/cli/providers/Microsoft.AppPlatform/locations/centralindia/operationStatus/default/operationId/2b663e55-87db-4703-be72-669e219a3289","name":"2b663e55-87db-4703-be72-669e219a3289","status":"Running","startTime":"2023-03-23T05:17:06.1376785Z"}'
    headers:
      cache-control:
      - no-cache
      content-length:
      - '314'
      content-type:
      - application/json; charset=utf-8
      date:
      - Thu, 23 Mar 2023 05:17:17 GMT
      expires:
      - '-1'
      pragma:
      - no-cache
      request-context:
      - appId=cid-v1:797d7e4e-8180-497e-a254-780fbd39ba4d
      strict-transport-security:
      - max-age=31536000; includeSubDomains
      transfer-encoding:
      - chunked
      vary:
      - Accept-Encoding
      x-content-type-options:
      - nosniff
      x-rp-server-mvid:
      - 2d8cffe0-ed19-4f32-b630-c96199e681e1
    status:
      code: 200
      message: OK
- request:
    body: null
    headers:
      Accept:
      - '*/*'
      Accept-Encoding:
      - gzip, deflate
      CommandName:
      - spring app create
      Connection:
      - keep-alive
      ParameterSetName:
      - -n -g -s --cpu --env
      User-Agent:
      - AZURECLI/2.45.0 azsdk-python-mgmt-appplatform/6.1.0 Python/3.8.9 (Windows-10-10.0.22621-SP0)
    method: GET
    uri: https://management.azure.com/subscriptions/00000000-0000-0000-0000-000000000000/resourceGroups/cli/providers/Microsoft.AppPlatform/locations/centralindia/operationStatus/test-crud-app/operationId/392bfc2a-d9ce-4dc7-bb8c-b2022210f831?api-version=2023-01-01-preview
  response:
    body:
      string: '{"id":"subscriptions/d51e3ffe-6b84-49cd-b426-0dc4ec660356/resourceGroups/cli/providers/Microsoft.AppPlatform/locations/centralindia/operationStatus/test-crud-app/operationId/392bfc2a-d9ce-4dc7-bb8c-b2022210f831","name":"392bfc2a-d9ce-4dc7-bb8c-b2022210f831","status":"Succeeded","startTime":"2023-03-23T05:17:09.6455615Z","endTime":"2023-03-23T05:17:16.0165418Z"}'
    headers:
      cache-control:
      - no-cache
      content-length:
      - '363'
      content-type:
      - application/json; charset=utf-8
      date:
      - Thu, 23 Mar 2023 05:17:20 GMT
      expires:
      - '-1'
      pragma:
      - no-cache
      request-context:
      - appId=cid-v1:797d7e4e-8180-497e-a254-780fbd39ba4d
      strict-transport-security:
      - max-age=31536000; includeSubDomains
      transfer-encoding:
      - chunked
      vary:
      - Accept-Encoding
      x-content-type-options:
      - nosniff
      x-rp-server-mvid:
      - 2d8cffe0-ed19-4f32-b630-c96199e681e1
    status:
      code: 200
      message: OK
- request:
    body: null
    headers:
      Accept:
      - '*/*'
      Accept-Encoding:
      - gzip, deflate
      CommandName:
      - spring app create
      Connection:
      - keep-alive
      ParameterSetName:
      - -n -g -s --cpu --env
      User-Agent:
      - AZURECLI/2.45.0 azsdk-python-mgmt-appplatform/6.1.0 Python/3.8.9 (Windows-10-10.0.22621-SP0)
    method: GET
    uri: https://management.azure.com/subscriptions/00000000-0000-0000-0000-000000000000/resourceGroups/cli/providers/Microsoft.AppPlatform/Spring/cli-unittest/apps/test-crud-app?api-version=2023-01-01-preview
  response:
    body:
      string: '{"properties":{"addonConfigs":{"applicationConfigurationService":{},"serviceRegistry":{}},"public":false,"provisioningState":"Succeeded","fqdn":"cli-unittest.azuremicroservices.io","httpsOnly":false,"temporaryDisk":{"sizeInGB":5,"mountPath":"/tmp"},"persistentDisk":{"sizeInGB":0,"mountPath":"/persistent"},"enableEndToEndTLS":false,"ingressSettings":{"readTimeoutInSeconds":300,"sendTimeoutInSeconds":60,"sessionCookieMaxAge":0,"sessionAffinity":"None","backendProtocol":"Default"}},"type":"Microsoft.AppPlatform/Spring/apps","identity":null,"location":"centralindia","id":"/subscriptions/00000000-0000-0000-0000-000000000000/resourceGroups/cli/providers/Microsoft.AppPlatform/Spring/cli-unittest/apps/test-crud-app","name":"test-crud-app","systemData":{"createdBy":"pensh@microsoft.com","createdByType":"User","createdAt":"2023-03-23T05:16:49.2745719Z","lastModifiedBy":"pensh@microsoft.com","lastModifiedByType":"User","lastModifiedAt":"2023-03-23T05:17:07.1239518Z"}}'
    headers:
      cache-control:
      - no-cache
      content-length:
      - '971'
      content-type:
      - application/json; charset=utf-8
      date:
      - Thu, 23 Mar 2023 05:17:21 GMT
      expires:
      - '-1'
      pragma:
      - no-cache
      request-context:
      - appId=cid-v1:797d7e4e-8180-497e-a254-780fbd39ba4d
      strict-transport-security:
      - max-age=31536000; includeSubDomains
      transfer-encoding:
      - chunked
      vary:
      - Accept-Encoding
      x-content-type-options:
      - nosniff
      x-ms-ratelimit-remaining-subscription-resource-requests:
      - '11997'
      x-rp-server-mvid:
      - 2d8cffe0-ed19-4f32-b630-c96199e681e1
    status:
      code: 200
      message: OK
- request:
    body: null
    headers:
      Accept:
      - '*/*'
      Accept-Encoding:
      - gzip, deflate
      CommandName:
      - spring app create
      Connection:
      - keep-alive
      ParameterSetName:
      - -n -g -s --cpu --env
      User-Agent:
      - AZURECLI/2.45.0 azsdk-python-mgmt-appplatform/6.1.0 Python/3.8.9 (Windows-10-10.0.22621-SP0)
    method: GET
    uri: https://management.azure.com/subscriptions/00000000-0000-0000-0000-000000000000/resourceGroups/cli/providers/Microsoft.AppPlatform/locations/centralindia/operationStatus/default/operationId/2b663e55-87db-4703-be72-669e219a3289?api-version=2023-01-01-preview
  response:
    body:
      string: '{"id":"subscriptions/d51e3ffe-6b84-49cd-b426-0dc4ec660356/resourceGroups/cli/providers/Microsoft.AppPlatform/locations/centralindia/operationStatus/default/operationId/2b663e55-87db-4703-be72-669e219a3289","name":"2b663e55-87db-4703-be72-669e219a3289","status":"Running","startTime":"2023-03-23T05:17:06.1376785Z"}'
    headers:
      cache-control:
      - no-cache
      content-length:
      - '314'
      content-type:
      - application/json; charset=utf-8
      date:
      - Thu, 23 Mar 2023 05:17:27 GMT
      expires:
      - '-1'
      pragma:
      - no-cache
      request-context:
      - appId=cid-v1:797d7e4e-8180-497e-a254-780fbd39ba4d
      strict-transport-security:
      - max-age=31536000; includeSubDomains
      transfer-encoding:
      - chunked
      vary:
      - Accept-Encoding
      x-content-type-options:
      - nosniff
      x-rp-server-mvid:
      - 2d8cffe0-ed19-4f32-b630-c96199e681e1
    status:
      code: 200
      message: OK
- request:
    body: null
    headers:
      Accept:
      - '*/*'
      Accept-Encoding:
      - gzip, deflate
      CommandName:
      - spring app create
      Connection:
      - keep-alive
      ParameterSetName:
      - -n -g -s --cpu --env
      User-Agent:
      - AZURECLI/2.45.0 azsdk-python-mgmt-appplatform/6.1.0 Python/3.8.9 (Windows-10-10.0.22621-SP0)
    method: GET
    uri: https://management.azure.com/subscriptions/00000000-0000-0000-0000-000000000000/resourceGroups/cli/providers/Microsoft.AppPlatform/locations/centralindia/operationStatus/default/operationId/2b663e55-87db-4703-be72-669e219a3289?api-version=2023-01-01-preview
  response:
    body:
      string: '{"id":"subscriptions/d51e3ffe-6b84-49cd-b426-0dc4ec660356/resourceGroups/cli/providers/Microsoft.AppPlatform/locations/centralindia/operationStatus/default/operationId/2b663e55-87db-4703-be72-669e219a3289","name":"2b663e55-87db-4703-be72-669e219a3289","status":"Running","startTime":"2023-03-23T05:17:06.1376785Z"}'
    headers:
      cache-control:
      - no-cache
      content-length:
      - '314'
      content-type:
      - application/json; charset=utf-8
      date:
      - Thu, 23 Mar 2023 05:17:38 GMT
      expires:
      - '-1'
      pragma:
      - no-cache
      request-context:
      - appId=cid-v1:797d7e4e-8180-497e-a254-780fbd39ba4d
      strict-transport-security:
      - max-age=31536000; includeSubDomains
      transfer-encoding:
      - chunked
      vary:
      - Accept-Encoding
      x-content-type-options:
      - nosniff
      x-rp-server-mvid:
      - 2d8cffe0-ed19-4f32-b630-c96199e681e1
    status:
      code: 200
      message: OK
- request:
    body: null
    headers:
      Accept:
      - '*/*'
      Accept-Encoding:
      - gzip, deflate
      CommandName:
      - spring app create
      Connection:
      - keep-alive
      ParameterSetName:
      - -n -g -s --cpu --env
      User-Agent:
      - AZURECLI/2.45.0 azsdk-python-mgmt-appplatform/6.1.0 Python/3.8.9 (Windows-10-10.0.22621-SP0)
    method: GET
    uri: https://management.azure.com/subscriptions/00000000-0000-0000-0000-000000000000/resourceGroups/cli/providers/Microsoft.AppPlatform/locations/centralindia/operationStatus/default/operationId/2b663e55-87db-4703-be72-669e219a3289?api-version=2023-01-01-preview
  response:
    body:
      string: '{"id":"subscriptions/d51e3ffe-6b84-49cd-b426-0dc4ec660356/resourceGroups/cli/providers/Microsoft.AppPlatform/locations/centralindia/operationStatus/default/operationId/2b663e55-87db-4703-be72-669e219a3289","name":"2b663e55-87db-4703-be72-669e219a3289","status":"Succeeded","startTime":"2023-03-23T05:17:06.1376785Z","endTime":"2023-03-23T05:17:39.7203635Z"}'
    headers:
      cache-control:
      - no-cache
      content-length:
      - '357'
      content-type:
      - application/json; charset=utf-8
      date:
      - Thu, 23 Mar 2023 05:17:48 GMT
      expires:
      - '-1'
      pragma:
      - no-cache
      request-context:
      - appId=cid-v1:797d7e4e-8180-497e-a254-780fbd39ba4d
      strict-transport-security:
      - max-age=31536000; includeSubDomains
      transfer-encoding:
      - chunked
      vary:
      - Accept-Encoding
      x-content-type-options:
      - nosniff
      x-rp-server-mvid:
      - 2d8cffe0-ed19-4f32-b630-c96199e681e1
    status:
      code: 200
      message: OK
- request:
    body: null
    headers:
      Accept:
      - '*/*'
      Accept-Encoding:
      - gzip, deflate
      CommandName:
      - spring app create
      Connection:
      - keep-alive
      ParameterSetName:
      - -n -g -s --cpu --env
      User-Agent:
      - AZURECLI/2.45.0 azsdk-python-mgmt-appplatform/6.1.0 Python/3.8.9 (Windows-10-10.0.22621-SP0)
    method: GET
    uri: https://management.azure.com/subscriptions/00000000-0000-0000-0000-000000000000/resourceGroups/cli/providers/Microsoft.AppPlatform/Spring/cli-unittest/apps/test-crud-app/deployments/mock-deployment?api-version=2023-01-01-preview
  response:
    body:
      string: '{"properties":{"deploymentSettings":{"resourceRequests":{"cpu":"2","memory":"1Gi"},"environmentVariables":{"foo":"bar"},"terminationGracePeriodSeconds":90,"livenessProbe":{"disableProbe":false,"failureThreshold":3,"initialDelaySeconds":300,"periodSeconds":10,"successThreshold":1,"timeoutSeconds":3,"probeAction":{"type":"TCPSocketAction"}},"readinessProbe":{"disableProbe":false,"failureThreshold":3,"initialDelaySeconds":0,"periodSeconds":5,"successThreshold":1,"timeoutSeconds":3,"probeAction":{"type":"TCPSocketAction"}}},"provisioningState":"Succeeded","status":"Running","active":true,"instances":[{"name":"test-crud-app-default-13-679f955d87-nnslh","status":"Running","discoveryStatus":"UNREGISTERED","startTime":"2023-03-23T05:17:13Z"}],"source":{"type":"Jar","relativePath":"<default>","runtimeVersion":"Java_11"}},"type":"Microsoft.AppPlatform/Spring/apps/deployments","sku":{"name":"S0","tier":"Standard","capacity":1},"id":"/subscriptions/00000000-0000-0000-0000-000000000000/resourceGroups/cli/providers/Microsoft.AppPlatform/Spring/cli-unittest/apps/test-crud-app/deployments/default","name":"default","systemData":{"createdBy":"pensh@microsoft.com","createdByType":"User","createdAt":"2023-03-23T05:17:05.0872476Z","lastModifiedBy":"pensh@microsoft.com","lastModifiedByType":"User","lastModifiedAt":"2023-03-23T05:17:05.0872476Z"}}'
    headers:
      cache-control:
      - no-cache
      content-length:
      - '1346'
      content-type:
      - application/json; charset=utf-8
      date:
      - Thu, 23 Mar 2023 05:17:55 GMT
      expires:
      - '-1'
      pragma:
      - no-cache
      request-context:
      - appId=cid-v1:797d7e4e-8180-497e-a254-780fbd39ba4d
      strict-transport-security:
      - max-age=31536000; includeSubDomains
      transfer-encoding:
      - chunked
      vary:
      - Accept-Encoding
      x-content-type-options:
      - nosniff
      x-ms-ratelimit-remaining-subscription-resource-requests:
      - '11999'
      x-rp-server-mvid:
      - 2d8cffe0-ed19-4f32-b630-c96199e681e1
    status:
      code: 200
      message: OK
- request:
    body: null
    headers:
      Accept:
      - application/json
      Accept-Encoding:
      - gzip, deflate
      CommandName:
      - spring app create
      Connection:
      - keep-alive
      ParameterSetName:
      - -n -g -s --cpu --env
      User-Agent:
      - AZURECLI/2.45.0 azsdk-python-mgmt-appplatform/6.1.0 Python/3.8.9 (Windows-10-10.0.22621-SP0)
    method: GET
    uri: https://management.azure.com/subscriptions/00000000-0000-0000-0000-000000000000/resourceGroups/cli/providers/Microsoft.AppPlatform/Spring/cli-unittest/apps/test-crud-app?api-version=2023-01-01-preview
  response:
    body:
      string: '{"properties":{"addonConfigs":{"applicationConfigurationService":{},"serviceRegistry":{}},"public":false,"provisioningState":"Succeeded","fqdn":"cli-unittest.azuremicroservices.io","httpsOnly":false,"temporaryDisk":{"sizeInGB":5,"mountPath":"/tmp"},"persistentDisk":{"sizeInGB":0,"mountPath":"/persistent"},"enableEndToEndTLS":false,"ingressSettings":{"readTimeoutInSeconds":300,"sendTimeoutInSeconds":60,"sessionCookieMaxAge":0,"sessionAffinity":"None","backendProtocol":"Default"}},"type":"Microsoft.AppPlatform/Spring/apps","identity":null,"location":"centralindia","id":"/subscriptions/00000000-0000-0000-0000-000000000000/resourceGroups/cli/providers/Microsoft.AppPlatform/Spring/cli-unittest/apps/test-crud-app","name":"test-crud-app","systemData":{"createdBy":"pensh@microsoft.com","createdByType":"User","createdAt":"2023-03-23T05:16:49.2745719Z","lastModifiedBy":"pensh@microsoft.com","lastModifiedByType":"User","lastModifiedAt":"2023-03-23T05:17:07.1239518Z"}}'
    headers:
      cache-control:
      - no-cache
      content-length:
      - '971'
      content-type:
      - application/json; charset=utf-8
      date:
      - Thu, 23 Mar 2023 05:18:00 GMT
      expires:
      - '-1'
      pragma:
      - no-cache
      request-context:
      - appId=cid-v1:797d7e4e-8180-497e-a254-780fbd39ba4d
      strict-transport-security:
      - max-age=31536000; includeSubDomains
      transfer-encoding:
      - chunked
      vary:
      - Accept-Encoding
      x-content-type-options:
      - nosniff
      x-ms-ratelimit-remaining-subscription-resource-requests:
      - '11996'
      x-rp-server-mvid:
      - 2d8cffe0-ed19-4f32-b630-c96199e681e1
    status:
      code: 200
      message: OK
- request:
    body: null
    headers:
      Accept:
      - application/json
      Accept-Encoding:
      - gzip, deflate
      CommandName:
      - spring app create
      Connection:
      - keep-alive
      ParameterSetName:
      - -n -g -s --cpu --env
      User-Agent:
      - AZURECLI/2.45.0 azsdk-python-mgmt-appplatform/6.1.0 Python/3.8.9 (Windows-10-10.0.22621-SP0)
    method: GET
    uri: https://management.azure.com/subscriptions/00000000-0000-0000-0000-000000000000/resourceGroups/cli/providers/Microsoft.AppPlatform/Spring/cli-unittest/apps/test-crud-app/deployments?api-version=2023-01-01-preview
  response:
    body:
      string: '{"value":[{"properties":{"deploymentSettings":{"resourceRequests":{"cpu":"2","memory":"1Gi"},"environmentVariables":{"foo":"bar"},"terminationGracePeriodSeconds":90,"livenessProbe":{"disableProbe":false,"failureThreshold":3,"initialDelaySeconds":300,"periodSeconds":10,"successThreshold":1,"timeoutSeconds":3,"probeAction":{"type":"TCPSocketAction"}},"readinessProbe":{"disableProbe":false,"failureThreshold":3,"initialDelaySeconds":0,"periodSeconds":5,"successThreshold":1,"timeoutSeconds":3,"probeAction":{"type":"TCPSocketAction"}}},"provisioningState":"Succeeded","status":"Running","active":true,"instances":[{"name":"test-crud-app-default-13-679f955d87-nnslh","status":"Running","discoveryStatus":"UNREGISTERED","startTime":"2023-03-23T05:17:13Z"}],"source":{"type":"Jar","relativePath":"<default>","runtimeVersion":"Java_11"}},"type":"Microsoft.AppPlatform/Spring/apps/deployments","sku":{"name":"S0","tier":"Standard","capacity":1},"id":"/subscriptions/00000000-0000-0000-0000-000000000000/resourceGroups/cli/providers/Microsoft.AppPlatform/Spring/cli-unittest/apps/test-crud-app/deployments/default","name":"default","systemData":{"createdBy":"pensh@microsoft.com","createdByType":"User","createdAt":"2023-03-23T05:17:05.0872476Z","lastModifiedBy":"pensh@microsoft.com","lastModifiedByType":"User","lastModifiedAt":"2023-03-23T05:17:05.0872476Z"}}]}'
    headers:
      cache-control:
      - no-cache
      content-length:
      - '1358'
      content-type:
      - application/json; charset=utf-8
      date:
      - Thu, 23 Mar 2023 05:18:03 GMT
      expires:
      - '-1'
      pragma:
      - no-cache
      request-context:
      - appId=cid-v1:797d7e4e-8180-497e-a254-780fbd39ba4d
      strict-transport-security:
      - max-age=31536000; includeSubDomains
      transfer-encoding:
      - chunked
      vary:
      - Accept-Encoding
      x-content-type-options:
      - nosniff
      x-ms-ratelimit-remaining-subscription-resource-requests:
      - '11998'
      x-rp-server-mvid:
      - 2d8cffe0-ed19-4f32-b630-c96199e681e1
    status:
      code: 200
      message: OK
- request:
    body: null
    headers:
      Accept:
      - application/json
      Accept-Encoding:
      - gzip, deflate
      CommandName:
      - spring app deployment create
      Connection:
      - keep-alive
      ParameterSetName:
      - -n --app -g -s --instance-count
      User-Agent:
      - AZURECLI/2.45.0 azsdk-python-mgmt-appplatform/6.1.0 Python/3.8.9 (Windows-10-10.0.22621-SP0)
    method: GET
    uri: https://management.azure.com/subscriptions/00000000-0000-0000-0000-000000000000/resourceGroups/cli/providers/Microsoft.AppPlatform/Spring/cli-unittest/apps/test-crud-app/deployments?api-version=2023-01-01-preview
  response:
    body:
      string: '{"value":[{"properties":{"deploymentSettings":{"resourceRequests":{"cpu":"2","memory":"1Gi"},"environmentVariables":{"foo":"bar"},"terminationGracePeriodSeconds":90,"livenessProbe":{"disableProbe":false,"failureThreshold":3,"initialDelaySeconds":300,"periodSeconds":10,"successThreshold":1,"timeoutSeconds":3,"probeAction":{"type":"TCPSocketAction"}},"readinessProbe":{"disableProbe":false,"failureThreshold":3,"initialDelaySeconds":0,"periodSeconds":5,"successThreshold":1,"timeoutSeconds":3,"probeAction":{"type":"TCPSocketAction"}}},"provisioningState":"Succeeded","status":"Running","active":true,"instances":[{"name":"test-crud-app-default-13-679f955d87-nnslh","status":"Running","discoveryStatus":"UNREGISTERED","startTime":"2023-03-23T05:17:13Z"}],"source":{"type":"Jar","relativePath":"<default>","runtimeVersion":"Java_11"}},"type":"Microsoft.AppPlatform/Spring/apps/deployments","sku":{"name":"S0","tier":"Standard","capacity":1},"id":"/subscriptions/00000000-0000-0000-0000-000000000000/resourceGroups/cli/providers/Microsoft.AppPlatform/Spring/cli-unittest/apps/test-crud-app/deployments/default","name":"default","systemData":{"createdBy":"pensh@microsoft.com","createdByType":"User","createdAt":"2023-03-23T05:17:05.0872476Z","lastModifiedBy":"pensh@microsoft.com","lastModifiedByType":"User","lastModifiedAt":"2023-03-23T05:17:05.0872476Z"}}]}'
    headers:
      cache-control:
      - no-cache
      content-length:
      - '1358'
      content-type:
      - application/json; charset=utf-8
      date:
      - Thu, 23 Mar 2023 05:18:07 GMT
      expires:
      - '-1'
      pragma:
      - no-cache
      request-context:
      - appId=cid-v1:797d7e4e-8180-497e-a254-780fbd39ba4d
      strict-transport-security:
      - max-age=31536000; includeSubDomains
      transfer-encoding:
      - chunked
      vary:
      - Accept-Encoding
      x-content-type-options:
      - nosniff
      x-ms-ratelimit-remaining-subscription-resource-requests:
      - '11999'
      x-rp-server-mvid:
      - 2d8cffe0-ed19-4f32-b630-c96199e681e1
    status:
      code: 200
      message: OK
- request:
    body: '{"properties": {"source": {"type": "Jar", "relativePath": "<default>",
      "runtimeVersion": "Java_11"}, "deploymentSettings": {"resourceRequests": {"cpu":
      "2", "memory": "1Gi"}, "environmentVariables": {"foo": "bar"}, "scale": {"minReplicas":
      1, "maxReplicas": 10}}}, "sku": {"name": "S0", "tier": "Standard", "capacity":
      2}}'
    headers:
      Accept:
      - application/json
      Accept-Encoding:
      - gzip, deflate
      CommandName:
      - spring app deployment create
      Connection:
      - keep-alive
      Content-Length:
      - '322'
      Content-Type:
      - application/json
      ParameterSetName:
      - -n --app -g -s --instance-count
      User-Agent:
      - AZURECLI/2.45.0 azsdk-python-mgmt-appplatform/6.1.0 Python/3.8.9 (Windows-10-10.0.22621-SP0)
    method: PUT
    uri: https://management.azure.com/subscriptions/00000000-0000-0000-0000-000000000000/resourceGroups/cli/providers/Microsoft.AppPlatform/Spring/cli-unittest/apps/test-crud-app/deployments/mock-deployment?api-version=2023-01-01-preview
  response:
    body:
      string: '{"properties":{"deploymentSettings":{"resourceRequests":{"cpu":"2","memory":"1Gi"},"environmentVariables":{"foo":"bar"},"terminationGracePeriodSeconds":90},"provisioningState":"Creating","status":"Running","active":false,"instances":null,"source":{"type":"Jar","relativePath":"<default>","runtimeVersion":"Java_11"}},"type":"Microsoft.AppPlatform/Spring/apps/deployments","sku":{"name":"S0","tier":"Standard","capacity":2},"id":"/subscriptions/00000000-0000-0000-0000-000000000000/resourceGroups/cli/providers/Microsoft.AppPlatform/Spring/cli-unittest/apps/test-crud-app/deployments/green","name":"green","systemData":{"createdBy":"pensh@microsoft.com","createdByType":"User","createdAt":"2023-03-23T05:18:08.4995902Z","lastModifiedBy":"pensh@microsoft.com","lastModifiedByType":"User","lastModifiedAt":"2023-03-23T05:18:08.4995902Z"}}'
    headers:
      azure-asyncoperation:
      - https://management.azure.com/subscriptions/00000000-0000-0000-0000-000000000000/resourceGroups/cli/providers/Microsoft.AppPlatform/locations/centralindia/operationStatus/green/operationId/c9c9953c-1765-4179-a5e3-dfac87e50e7c?api-version=2023-01-01-preview
      cache-control:
      - no-cache
      content-length:
      - '835'
      content-type:
      - application/json; charset=utf-8
      date:
      - Thu, 23 Mar 2023 05:18:08 GMT
      expires:
      - '-1'
      location:
      - https://management.azure.com/subscriptions/00000000-0000-0000-0000-000000000000/resourceGroups/cli/providers/Microsoft.AppPlatform/locations/centralindia/operationResults/c9c9953c-1765-4179-a5e3-dfac87e50e7c/Spring/green?api-version=2023-01-01-preview
      pragma:
      - no-cache
      request-context:
      - appId=cid-v1:797d7e4e-8180-497e-a254-780fbd39ba4d
      strict-transport-security:
      - max-age=31536000; includeSubDomains
      x-content-type-options:
      - nosniff
      x-ms-ratelimit-remaining-subscription-resource-requests:
      - '1199'
      x-rp-server-mvid:
      - 2d8cffe0-ed19-4f32-b630-c96199e681e1
    status:
      code: 201
      message: Created
- request:
    body: null
    headers:
      Accept:
      - '*/*'
      Accept-Encoding:
      - gzip, deflate
      CommandName:
      - spring app deployment create
      Connection:
      - keep-alive
      ParameterSetName:
      - -n --app -g -s --instance-count
      User-Agent:
      - AZURECLI/2.45.0 azsdk-python-mgmt-appplatform/6.1.0 Python/3.8.9 (Windows-10-10.0.22621-SP0)
    method: GET
    uri: https://management.azure.com/subscriptions/00000000-0000-0000-0000-000000000000/resourceGroups/cli/providers/Microsoft.AppPlatform/locations/centralindia/operationStatus/green/operationId/c9c9953c-1765-4179-a5e3-dfac87e50e7c?api-version=2023-01-01-preview
  response:
    body:
      string: '{"id":"subscriptions/d51e3ffe-6b84-49cd-b426-0dc4ec660356/resourceGroups/cli/providers/Microsoft.AppPlatform/locations/centralindia/operationStatus/green/operationId/c9c9953c-1765-4179-a5e3-dfac87e50e7c","name":"c9c9953c-1765-4179-a5e3-dfac87e50e7c","status":"Running","startTime":"2023-03-23T05:18:09.239338Z"}'
    headers:
      cache-control:
      - no-cache
      content-length:
      - '311'
      content-type:
      - application/json; charset=utf-8
      date:
      - Thu, 23 Mar 2023 05:18:09 GMT
      expires:
      - '-1'
      pragma:
      - no-cache
      request-context:
      - appId=cid-v1:797d7e4e-8180-497e-a254-780fbd39ba4d
      strict-transport-security:
      - max-age=31536000; includeSubDomains
      transfer-encoding:
      - chunked
      vary:
      - Accept-Encoding
      x-content-type-options:
      - nosniff
      x-rp-server-mvid:
      - 2d8cffe0-ed19-4f32-b630-c96199e681e1
    status:
      code: 200
      message: OK
- request:
    body: null
    headers:
      Accept:
      - '*/*'
      Accept-Encoding:
      - gzip, deflate
      CommandName:
      - spring app deployment create
      Connection:
      - keep-alive
      ParameterSetName:
      - -n --app -g -s --instance-count
      User-Agent:
      - AZURECLI/2.45.0 azsdk-python-mgmt-appplatform/6.1.0 Python/3.8.9 (Windows-10-10.0.22621-SP0)
    method: GET
    uri: https://management.azure.com/subscriptions/00000000-0000-0000-0000-000000000000/resourceGroups/cli/providers/Microsoft.AppPlatform/locations/centralindia/operationStatus/green/operationId/c9c9953c-1765-4179-a5e3-dfac87e50e7c?api-version=2023-01-01-preview
  response:
    body:
      string: '{"id":"subscriptions/d51e3ffe-6b84-49cd-b426-0dc4ec660356/resourceGroups/cli/providers/Microsoft.AppPlatform/locations/centralindia/operationStatus/green/operationId/c9c9953c-1765-4179-a5e3-dfac87e50e7c","name":"c9c9953c-1765-4179-a5e3-dfac87e50e7c","status":"Running","startTime":"2023-03-23T05:18:09.239338Z"}'
    headers:
      cache-control:
      - no-cache
      content-length:
      - '311'
      content-type:
      - application/json; charset=utf-8
      date:
      - Thu, 23 Mar 2023 05:18:19 GMT
      expires:
      - '-1'
      pragma:
      - no-cache
      request-context:
      - appId=cid-v1:797d7e4e-8180-497e-a254-780fbd39ba4d
      strict-transport-security:
      - max-age=31536000; includeSubDomains
      transfer-encoding:
      - chunked
      vary:
      - Accept-Encoding
      x-content-type-options:
      - nosniff
      x-rp-server-mvid:
      - 2d8cffe0-ed19-4f32-b630-c96199e681e1
    status:
      code: 200
      message: OK
- request:
    body: null
    headers:
      Accept:
      - '*/*'
      Accept-Encoding:
      - gzip, deflate
      CommandName:
      - spring app deployment create
      Connection:
      - keep-alive
      ParameterSetName:
      - -n --app -g -s --instance-count
      User-Agent:
      - AZURECLI/2.45.0 azsdk-python-mgmt-appplatform/6.1.0 Python/3.8.9 (Windows-10-10.0.22621-SP0)
    method: GET
    uri: https://management.azure.com/subscriptions/00000000-0000-0000-0000-000000000000/resourceGroups/cli/providers/Microsoft.AppPlatform/locations/centralindia/operationStatus/green/operationId/c9c9953c-1765-4179-a5e3-dfac87e50e7c?api-version=2023-01-01-preview
  response:
    body:
      string: '{"id":"subscriptions/d51e3ffe-6b84-49cd-b426-0dc4ec660356/resourceGroups/cli/providers/Microsoft.AppPlatform/locations/centralindia/operationStatus/green/operationId/c9c9953c-1765-4179-a5e3-dfac87e50e7c","name":"c9c9953c-1765-4179-a5e3-dfac87e50e7c","status":"Running","startTime":"2023-03-23T05:18:09.239338Z"}'
    headers:
      cache-control:
      - no-cache
      content-length:
      - '311'
      content-type:
      - application/json; charset=utf-8
      date:
      - Thu, 23 Mar 2023 05:18:31 GMT
      expires:
      - '-1'
      pragma:
      - no-cache
      request-context:
      - appId=cid-v1:797d7e4e-8180-497e-a254-780fbd39ba4d
      strict-transport-security:
      - max-age=31536000; includeSubDomains
      transfer-encoding:
      - chunked
      vary:
      - Accept-Encoding
      x-content-type-options:
      - nosniff
      x-rp-server-mvid:
      - 2d8cffe0-ed19-4f32-b630-c96199e681e1
    status:
      code: 200
      message: OK
- request:
    body: null
    headers:
      Accept:
      - '*/*'
      Accept-Encoding:
      - gzip, deflate
      CommandName:
      - spring app deployment create
      Connection:
      - keep-alive
      ParameterSetName:
      - -n --app -g -s --instance-count
      User-Agent:
      - AZURECLI/2.45.0 azsdk-python-mgmt-appplatform/6.1.0 Python/3.8.9 (Windows-10-10.0.22621-SP0)
    method: GET
    uri: https://management.azure.com/subscriptions/00000000-0000-0000-0000-000000000000/resourceGroups/cli/providers/Microsoft.AppPlatform/locations/centralindia/operationStatus/green/operationId/c9c9953c-1765-4179-a5e3-dfac87e50e7c?api-version=2023-01-01-preview
  response:
    body:
      string: '{"id":"subscriptions/d51e3ffe-6b84-49cd-b426-0dc4ec660356/resourceGroups/cli/providers/Microsoft.AppPlatform/locations/centralindia/operationStatus/green/operationId/c9c9953c-1765-4179-a5e3-dfac87e50e7c","name":"c9c9953c-1765-4179-a5e3-dfac87e50e7c","status":"Running","startTime":"2023-03-23T05:18:09.239338Z"}'
    headers:
      cache-control:
      - no-cache
      content-length:
      - '311'
      content-type:
      - application/json; charset=utf-8
      date:
      - Thu, 23 Mar 2023 05:18:41 GMT
      expires:
      - '-1'
      pragma:
      - no-cache
      request-context:
      - appId=cid-v1:797d7e4e-8180-497e-a254-780fbd39ba4d
      strict-transport-security:
      - max-age=31536000; includeSubDomains
      transfer-encoding:
      - chunked
      vary:
      - Accept-Encoding
      x-content-type-options:
      - nosniff
      x-rp-server-mvid:
      - 2d8cffe0-ed19-4f32-b630-c96199e681e1
    status:
      code: 200
      message: OK
- request:
    body: null
    headers:
      Accept:
      - '*/*'
      Accept-Encoding:
      - gzip, deflate
      CommandName:
      - spring app deployment create
      Connection:
      - keep-alive
      ParameterSetName:
      - -n --app -g -s --instance-count
      User-Agent:
      - AZURECLI/2.45.0 azsdk-python-mgmt-appplatform/6.1.0 Python/3.8.9 (Windows-10-10.0.22621-SP0)
    method: GET
    uri: https://management.azure.com/subscriptions/00000000-0000-0000-0000-000000000000/resourceGroups/cli/providers/Microsoft.AppPlatform/locations/centralindia/operationStatus/green/operationId/c9c9953c-1765-4179-a5e3-dfac87e50e7c?api-version=2023-01-01-preview
  response:
    body:
      string: '{"id":"subscriptions/d51e3ffe-6b84-49cd-b426-0dc4ec660356/resourceGroups/cli/providers/Microsoft.AppPlatform/locations/centralindia/operationStatus/green/operationId/c9c9953c-1765-4179-a5e3-dfac87e50e7c","name":"c9c9953c-1765-4179-a5e3-dfac87e50e7c","status":"Succeeded","startTime":"2023-03-23T05:18:09.239338Z","endTime":"2023-03-23T05:18:51.9348239Z"}'
    headers:
      cache-control:
      - no-cache
      content-length:
      - '354'
      content-type:
      - application/json; charset=utf-8
      date:
      - Thu, 23 Mar 2023 05:18:51 GMT
      expires:
      - '-1'
      pragma:
      - no-cache
      request-context:
      - appId=cid-v1:797d7e4e-8180-497e-a254-780fbd39ba4d
      strict-transport-security:
      - max-age=31536000; includeSubDomains
      transfer-encoding:
      - chunked
      vary:
      - Accept-Encoding
      x-content-type-options:
      - nosniff
      x-rp-server-mvid:
      - 2d8cffe0-ed19-4f32-b630-c96199e681e1
    status:
      code: 200
      message: OK
- request:
    body: null
    headers:
      Accept:
      - '*/*'
      Accept-Encoding:
      - gzip, deflate
      CommandName:
      - spring app deployment create
      Connection:
      - keep-alive
      ParameterSetName:
      - -n --app -g -s --instance-count
      User-Agent:
      - AZURECLI/2.45.0 azsdk-python-mgmt-appplatform/6.1.0 Python/3.8.9 (Windows-10-10.0.22621-SP0)
    method: GET
    uri: https://management.azure.com/subscriptions/00000000-0000-0000-0000-000000000000/resourceGroups/cli/providers/Microsoft.AppPlatform/Spring/cli-unittest/apps/test-crud-app/deployments/mock-deployment?api-version=2023-01-01-preview
  response:
    body:
      string: '{"properties":{"deploymentSettings":{"resourceRequests":{"cpu":"2","memory":"1Gi"},"environmentVariables":{"foo":"bar"},"terminationGracePeriodSeconds":90,"livenessProbe":{"disableProbe":false,"failureThreshold":3,"initialDelaySeconds":300,"periodSeconds":10,"successThreshold":1,"timeoutSeconds":3,"probeAction":{"type":"TCPSocketAction"}},"readinessProbe":{"disableProbe":false,"failureThreshold":3,"initialDelaySeconds":0,"periodSeconds":5,"successThreshold":1,"timeoutSeconds":3,"probeAction":{"type":"TCPSocketAction"}}},"provisioningState":"Succeeded","status":"Running","active":false,"instances":[{"name":"test-crud-app-green-13-6b84f7f898-d45j7","status":"Running","discoveryStatus":"UNREGISTERED","startTime":"2023-03-23T05:18:17Z"},{"name":"test-crud-app-green-13-6b84f7f898-v45z5","status":"Running","discoveryStatus":"UNREGISTERED","startTime":"2023-03-23T05:18:17Z"}],"source":{"type":"Jar","relativePath":"<default>","runtimeVersion":"Java_11"}},"type":"Microsoft.AppPlatform/Spring/apps/deployments","sku":{"name":"S0","tier":"Standard","capacity":2},"id":"/subscriptions/00000000-0000-0000-0000-000000000000/resourceGroups/cli/providers/Microsoft.AppPlatform/Spring/cli-unittest/apps/test-crud-app/deployments/green","name":"green","systemData":{"createdBy":"pensh@microsoft.com","createdByType":"User","createdAt":"2023-03-23T05:18:08.4995902Z","lastModifiedBy":"pensh@microsoft.com","lastModifiedByType":"User","lastModifiedAt":"2023-03-23T05:18:08.4995902Z"}}'
    headers:
      cache-control:
      - no-cache
      content-length:
      - '1479'
      content-type:
      - application/json; charset=utf-8
      date:
      - Thu, 23 Mar 2023 05:18:54 GMT
      expires:
      - '-1'
      pragma:
      - no-cache
      request-context:
      - appId=cid-v1:797d7e4e-8180-497e-a254-780fbd39ba4d
      strict-transport-security:
      - max-age=31536000; includeSubDomains
      transfer-encoding:
      - chunked
      vary:
      - Accept-Encoding
      x-content-type-options:
      - nosniff
      x-ms-ratelimit-remaining-subscription-resource-requests:
      - '11998'
      x-rp-server-mvid:
      - 2d8cffe0-ed19-4f32-b630-c96199e681e1
    status:
      code: 200
      message: OK
- request:
    body: null
    headers:
      Accept:
      - application/json
      Accept-Encoding:
      - gzip, deflate
      CommandName:
      - spring app deployment create
      Connection:
      - keep-alive
      ParameterSetName:
      - -n --app -g -s --instance-count
      User-Agent:
      - AZURECLI/2.45.0 azsdk-python-mgmt-appplatform/6.1.0 Python/3.8.9 (Windows-10-10.0.22621-SP0)
    method: GET
    uri: https://management.azure.com/subscriptions/00000000-0000-0000-0000-000000000000/resourceGroups/cli/providers/Microsoft.AppPlatform/Spring/cli-unittest/apps/test-crud-app/deployments/mock-deployment?api-version=2023-01-01-preview
  response:
    body:
      string: '{"properties":{"deploymentSettings":{"resourceRequests":{"cpu":"2","memory":"1Gi"},"environmentVariables":{"foo":"bar"},"terminationGracePeriodSeconds":90,"livenessProbe":{"disableProbe":false,"failureThreshold":3,"initialDelaySeconds":300,"periodSeconds":10,"successThreshold":1,"timeoutSeconds":3,"probeAction":{"type":"TCPSocketAction"}},"readinessProbe":{"disableProbe":false,"failureThreshold":3,"initialDelaySeconds":0,"periodSeconds":5,"successThreshold":1,"timeoutSeconds":3,"probeAction":{"type":"TCPSocketAction"}}},"provisioningState":"Succeeded","status":"Running","active":false,"instances":[{"name":"test-crud-app-green-13-6b84f7f898-d45j7","status":"Running","discoveryStatus":"UNREGISTERED","startTime":"2023-03-23T05:18:17Z"},{"name":"test-crud-app-green-13-6b84f7f898-v45z5","status":"Running","discoveryStatus":"UNREGISTERED","startTime":"2023-03-23T05:18:17Z"}],"source":{"type":"Jar","relativePath":"<default>","runtimeVersion":"Java_11"}},"type":"Microsoft.AppPlatform/Spring/apps/deployments","sku":{"name":"S0","tier":"Standard","capacity":2},"id":"/subscriptions/00000000-0000-0000-0000-000000000000/resourceGroups/cli/providers/Microsoft.AppPlatform/Spring/cli-unittest/apps/test-crud-app/deployments/green","name":"green","systemData":{"createdBy":"pensh@microsoft.com","createdByType":"User","createdAt":"2023-03-23T05:18:08.4995902Z","lastModifiedBy":"pensh@microsoft.com","lastModifiedByType":"User","lastModifiedAt":"2023-03-23T05:18:08.4995902Z"}}'
    headers:
      cache-control:
      - no-cache
      content-length:
      - '1479'
      content-type:
      - application/json; charset=utf-8
      date:
      - Thu, 23 Mar 2023 05:18:57 GMT
      expires:
      - '-1'
      pragma:
      - no-cache
      request-context:
      - appId=cid-v1:797d7e4e-8180-497e-a254-780fbd39ba4d
      strict-transport-security:
      - max-age=31536000; includeSubDomains
      transfer-encoding:
      - chunked
      vary:
      - Accept-Encoding
      x-content-type-options:
      - nosniff
      x-ms-ratelimit-remaining-subscription-resource-requests:
      - '11997'
      x-rp-server-mvid:
      - 2d8cffe0-ed19-4f32-b630-c96199e681e1
    status:
      code: 200
      message: OK
- request:
    body: null
    headers:
      Accept:
      - application/json
      Accept-Encoding:
      - gzip, deflate
      CommandName:
      - spring app deployment create
      Connection:
      - keep-alive
      ParameterSetName:
      - -n --app -g -s --instance-count
      User-Agent:
      - AZURECLI/2.45.0 azsdk-python-mgmt-appplatform/6.1.0 Python/3.8.9 (Windows-10-10.0.22621-SP0)
    method: GET
    uri: https://management.azure.com/subscriptions/00000000-0000-0000-0000-000000000000/resourceGroups/cli/providers/Microsoft.AppPlatform/Spring/cli-unittest?api-version=2023-01-01-preview
  response:
    body:
      string: '{"properties":{"provisioningState":"Succeeded","zoneRedundant":false,"version":3,"serviceId":"56e88126a961459ca367bb6223cf4a16","networkProfile":{"outboundIPs":{"publicIPs":["20.219.181.209","20.219.183.20"]},"outboundType":"loadBalancer"},"powerState":"Running","fqdn":"cli-unittest.azuremicroservices.io"},"type":"Microsoft.AppPlatform/Spring","sku":{"name":"S0","tier":"Standard"},"location":"centralindia","tags":{},"id":"/subscriptions/00000000-0000-0000-0000-000000000000/resourceGroups/cli/providers/Microsoft.AppPlatform/Spring/cli-unittest","name":"cli-unittest","systemData":{"createdBy":"pensh@microsoft.com","createdByType":"User","createdAt":"2023-03-23T02:52:58.6146926Z","lastModifiedBy":"pensh@microsoft.com","lastModifiedByType":"User","lastModifiedAt":"2023-03-23T02:57:49.439147Z"}}'
    headers:
      cache-control:
      - no-cache
      content-length:
      - '801'
      content-type:
      - application/json; charset=utf-8
      date:
      - Thu, 23 Mar 2023 05:18:57 GMT
      expires:
      - '-1'
      pragma:
      - no-cache
      request-context:
      - appId=cid-v1:797d7e4e-8180-497e-a254-780fbd39ba4d
      strict-transport-security:
      - max-age=31536000; includeSubDomains
      transfer-encoding:
      - chunked
      vary:
      - Accept-Encoding
      x-content-type-options:
      - nosniff
      x-ms-ratelimit-remaining-subscription-resource-requests:
      - '11999'
      x-rp-server-mvid:
      - 2d8cffe0-ed19-4f32-b630-c96199e681e1
    status:
      code: 200
      message: OK
- request:
    body: null
    headers:
      Accept:
      - application/json
      Accept-Encoding:
      - gzip, deflate
      CommandName:
      - spring app deployment create
      Connection:
      - keep-alive
      Content-Length:
      - '0'
      ParameterSetName:
      - -n --app -g -s --instance-count
      User-Agent:
      - AZURECLI/2.45.0 azsdk-python-mgmt-appplatform/6.1.0 Python/3.8.9 (Windows-10-10.0.22621-SP0)
    method: POST
    uri: https://management.azure.com/subscriptions/00000000-0000-0000-0000-000000000000/resourceGroups/cli/providers/Microsoft.AppPlatform/Spring/cli-unittest/listTestKeys?api-version=2023-01-01-preview
  response:
    body:
      string: '{"primaryKey":"g8Txb3WjhsLbmSTNRt00QSi7oJMugRsSvwrllEl6k9S9anvSrOG3624SObNEspif","secondaryKey":"e7KVYhTdOPRs7yhnDN0p9oA96TFjn8WtwAHJBRMzkJNP6sBji1m1ovwBKs0X1jIN","primaryTestEndpoint":"https://primary:g8Txb3WjhsLbmSTNRt00QSi7oJMugRsSvwrllEl6k9S9anvSrOG3624SObNEspif@cli-unittest.test.azuremicroservices.io","secondaryTestEndpoint":"https://secondary:e7KVYhTdOPRs7yhnDN0p9oA96TFjn8WtwAHJBRMzkJNP6sBji1m1ovwBKs0X1jIN@cli-unittest.test.azuremicroservices.io","enabled":true}'
    headers:
      cache-control:
      - no-cache
      content-length:
      - '472'
      content-type:
      - application/json; charset=utf-8
      date:
      - Thu, 23 Mar 2023 05:18:58 GMT
      expires:
      - '-1'
      pragma:
      - no-cache
      request-context:
      - appId=cid-v1:797d7e4e-8180-497e-a254-780fbd39ba4d
      strict-transport-security:
      - max-age=31536000; includeSubDomains
      transfer-encoding:
      - chunked
      vary:
      - Accept-Encoding
      x-content-type-options:
      - nosniff
      x-ms-ratelimit-remaining-subscription-writes:
      - '1199'
      x-rp-server-mvid:
      - 2d8cffe0-ed19-4f32-b630-c96199e681e1
    status:
      code: 200
      message: OK
- request:
    body: null
    headers:
      Accept:
      - '*/*'
      Accept-Encoding:
      - gzip, deflate
      Connection:
      - keep-alive
      User-Agent:
      - python-requests/2.28.2
    method: GET
    uri: https://cli-unittest.azuremicroservices.io/api/logstream/apps/test-crud-app/instances/test-crud-app-green-13-6b84f7f898-d45j7?tailLines=500&limitBytes=1048576&sinceSeconds=300
  response:
    body:
      string: "BUILD_IN_EUREKA_CLIENT_SERVICEURL_DEFAULTZONE=https://cli-unittest.svc.azuremicroservices.io/eureka/eureka\nBUILD_IN_SPRING_CLOUD_CONFIG_URI=https://cli-unittest.svc.azuremicroservices.io/config\nBUILD_IN_SPRING_CLOUD_CONFIG_FAILFAST=true\n\n
        \ .   ____          _            __ _ _\n /\\\\ / ___'_ __ _ _(_)_ __  __
        _ \\ \\ \\ \\\n( ( )\\___ | '_ | '_| | '_ \\/ _` | \\ \\ \\ \\\n \\\\/  ___)|
        |_)| | | | | || (_| |  ) ) ) )\n  '  |____| .__|_| |_|_| |_\\__, | / / / /\n
        =========|_|==============|___/=/_/_/_/\n :: Spring Boot ::                (v2.7.6)\n\n2023-03-23
        05:18:37.736  INFO 1 --- [           main] hello.Application                        :
        Starting Application v1.0.0 using Java 11.0.18 on test-crud-app-green-13-6b84f7f898-d45j7
        with PID 1 (/app.jar started by cnb in /)\n2023-03-23 05:18:37.747  INFO 1
        --- [           main] hello.Application                        : No active
        profile set, falling back to 1 default profile: \"default\"\n2023-03-23 05:18:39.538
        \ INFO 1 --- [           main] o.s.cloud.context.scope.GenericScope     :
        BeanFactory id=56a0afe6-5735-31dd-a4aa-f431951c6211\n2023-03-23 05:18:39.981
        \ INFO 1 --- [           main] o.s.b.w.embedded.tomcat.TomcatWebServer  :
        Tomcat initialized with port(s): 1025 (http)\n2023-03-23 05:18:39.996  INFO
        1 --- [           main] o.apache.catalina.core.StandardService   : Starting
        service [Tomcat]\n2023-03-23 05:18:39.996  INFO 1 --- [           main] org.apache.catalina.core.StandardEngine
        \ : Starting Servlet engine: [Apache Tomcat/9.0.69]\n2023-03-23 05:18:40.092
        \ INFO 1 --- [           main] o.a.c.c.C.[Tomcat].[localhost].[/]       :
        Initializing Spring embedded WebApplicationContext\n2023-03-23 05:18:40.092
        \ INFO 1 --- [           main] w.s.c.ServletWebServerApplicationContext :
        Root WebApplicationContext: initialization completed in 2212 ms\n2023-03-23
        05:18:40.631  INFO 1 --- [           main] o.s.b.a.w.s.WelcomePageHandlerMapping
        \   : Adding welcome page: class path resource [static/index.html]\n2023-03-23
        05:18:41.054  INFO 1 --- [           main] o.s.b.a.e.web.EndpointLinksResolver
        \     : Exposing 2 endpoint(s) beneath base path '/actuator'\n2023-03-23 05:18:41.134
        \ INFO 1 --- [           main] o.s.b.w.embedded.tomcat.TomcatWebServer  :
        Tomcat started on port(s): 1025 (http) with context path ''\n2023-03-23 05:18:41.158
        \ INFO 1 --- [           main] hello.Application                        :
        Started Application in 4.604 seconds (JVM running for 5.221)\n"
    headers:
      connection:
      - keep-alive
      content-type:
      - text/plain
      date:
      - Thu, 23 Mar 2023 05:19:00 GMT
      strict-transport-security:
      - max-age=15724800; includeSubDomains
      transfer-encoding:
      - chunked
    status:
      code: 200
      message: OK
- request:
    body: null
    headers:
      Accept:
      - application/json
      Accept-Encoding:
      - gzip, deflate
      CommandName:
      - spring app deployment create
      Connection:
      - keep-alive
      ParameterSetName:
      - -n --app -g -s --instance-count
      User-Agent:
      - AZURECLI/2.45.0 azsdk-python-mgmt-appplatform/6.1.0 Python/3.8.9 (Windows-10-10.0.22621-SP0)
    method: GET
    uri: https://management.azure.com/subscriptions/00000000-0000-0000-0000-000000000000/resourceGroups/cli/providers/Microsoft.AppPlatform/Spring/cli-unittest/apps/test-crud-app/deployments/mock-deployment?api-version=2023-01-01-preview
  response:
    body:
      string: '{"properties":{"deploymentSettings":{"resourceRequests":{"cpu":"2","memory":"1Gi"},"environmentVariables":{"foo":"bar"},"terminationGracePeriodSeconds":90,"livenessProbe":{"disableProbe":false,"failureThreshold":3,"initialDelaySeconds":300,"periodSeconds":10,"successThreshold":1,"timeoutSeconds":3,"probeAction":{"type":"TCPSocketAction"}},"readinessProbe":{"disableProbe":false,"failureThreshold":3,"initialDelaySeconds":0,"periodSeconds":5,"successThreshold":1,"timeoutSeconds":3,"probeAction":{"type":"TCPSocketAction"}}},"provisioningState":"Succeeded","status":"Running","active":false,"instances":[{"name":"test-crud-app-green-13-6b84f7f898-d45j7","status":"Running","discoveryStatus":"UNREGISTERED","startTime":"2023-03-23T05:18:17Z"},{"name":"test-crud-app-green-13-6b84f7f898-v45z5","status":"Running","discoveryStatus":"UNREGISTERED","startTime":"2023-03-23T05:18:17Z"}],"source":{"type":"Jar","relativePath":"<default>","runtimeVersion":"Java_11"}},"type":"Microsoft.AppPlatform/Spring/apps/deployments","sku":{"name":"S0","tier":"Standard","capacity":2},"id":"/subscriptions/00000000-0000-0000-0000-000000000000/resourceGroups/cli/providers/Microsoft.AppPlatform/Spring/cli-unittest/apps/test-crud-app/deployments/green","name":"green","systemData":{"createdBy":"pensh@microsoft.com","createdByType":"User","createdAt":"2023-03-23T05:18:08.4995902Z","lastModifiedBy":"pensh@microsoft.com","lastModifiedByType":"User","lastModifiedAt":"2023-03-23T05:18:08.4995902Z"}}'
    headers:
      cache-control:
      - no-cache
      content-length:
      - '1479'
      content-type:
      - application/json; charset=utf-8
      date:
      - Thu, 23 Mar 2023 05:19:02 GMT
      expires:
      - '-1'
      pragma:
      - no-cache
      request-context:
      - appId=cid-v1:797d7e4e-8180-497e-a254-780fbd39ba4d
      strict-transport-security:
      - max-age=31536000; includeSubDomains
      transfer-encoding:
      - chunked
      vary:
      - Accept-Encoding
      x-content-type-options:
      - nosniff
      x-ms-ratelimit-remaining-subscription-resource-requests:
      - '11996'
      x-rp-server-mvid:
      - 2d8cffe0-ed19-4f32-b630-c96199e681e1
    status:
      code: 200
      message: OK
- request:
    body: null
    headers:
      Accept:
      - application/json
      Accept-Encoding:
      - gzip, deflate
      CommandName:
      - spring app update
      Connection:
      - keep-alive
      ParameterSetName:
      - -n -g -s --runtime-version
      User-Agent:
      - AZURECLI/2.45.0 azsdk-python-mgmt-appplatform/6.1.0 Python/3.8.9 (Windows-10-10.0.22621-SP0)
    method: GET
    uri: https://management.azure.com/subscriptions/00000000-0000-0000-0000-000000000000/resourceGroups/cli/providers/Microsoft.AppPlatform/Spring/cli-unittest/apps/test-crud-app/deployments?api-version=2023-01-01-preview
  response:
    body:
      string: '{"value":[{"properties":{"deploymentSettings":{"resourceRequests":{"cpu":"2","memory":"1Gi"},"environmentVariables":{"foo":"bar"},"terminationGracePeriodSeconds":90,"livenessProbe":{"disableProbe":false,"failureThreshold":3,"initialDelaySeconds":300,"periodSeconds":10,"successThreshold":1,"timeoutSeconds":3,"probeAction":{"type":"TCPSocketAction"}},"readinessProbe":{"disableProbe":false,"failureThreshold":3,"initialDelaySeconds":0,"periodSeconds":5,"successThreshold":1,"timeoutSeconds":3,"probeAction":{"type":"TCPSocketAction"}}},"provisioningState":"Succeeded","status":"Running","active":true,"instances":[{"name":"test-crud-app-default-13-679f955d87-nnslh","status":"Running","discoveryStatus":"UNREGISTERED","startTime":"2023-03-23T05:17:13Z"}],"source":{"type":"Jar","relativePath":"<default>","runtimeVersion":"Java_11"}},"type":"Microsoft.AppPlatform/Spring/apps/deployments","sku":{"name":"S0","tier":"Standard","capacity":1},"id":"/subscriptions/00000000-0000-0000-0000-000000000000/resourceGroups/cli/providers/Microsoft.AppPlatform/Spring/cli-unittest/apps/test-crud-app/deployments/default","name":"default","systemData":{"createdBy":"pensh@microsoft.com","createdByType":"User","createdAt":"2023-03-23T05:17:05.0872476Z","lastModifiedBy":"pensh@microsoft.com","lastModifiedByType":"User","lastModifiedAt":"2023-03-23T05:17:05.0872476Z"}},{"properties":{"deploymentSettings":{"resourceRequests":{"cpu":"2","memory":"1Gi"},"environmentVariables":{"foo":"bar"},"terminationGracePeriodSeconds":90,"livenessProbe":{"disableProbe":false,"failureThreshold":3,"initialDelaySeconds":300,"periodSeconds":10,"successThreshold":1,"timeoutSeconds":3,"probeAction":{"type":"TCPSocketAction"}},"readinessProbe":{"disableProbe":false,"failureThreshold":3,"initialDelaySeconds":0,"periodSeconds":5,"successThreshold":1,"timeoutSeconds":3,"probeAction":{"type":"TCPSocketAction"}}},"provisioningState":"Succeeded","status":"Running","active":false,"instances":[{"name":"test-crud-app-green-13-6b84f7f898-d45j7","status":"Running","discoveryStatus":"UNREGISTERED","startTime":"2023-03-23T05:18:17Z"},{"name":"test-crud-app-green-13-6b84f7f898-v45z5","status":"Running","discoveryStatus":"UNREGISTERED","startTime":"2023-03-23T05:18:17Z"}],"source":{"type":"Jar","relativePath":"<default>","runtimeVersion":"Java_11"}},"type":"Microsoft.AppPlatform/Spring/apps/deployments","sku":{"name":"S0","tier":"Standard","capacity":2},"id":"/subscriptions/00000000-0000-0000-0000-000000000000/resourceGroups/cli/providers/Microsoft.AppPlatform/Spring/cli-unittest/apps/test-crud-app/deployments/green","name":"green","systemData":{"createdBy":"pensh@microsoft.com","createdByType":"User","createdAt":"2023-03-23T05:18:08.4995902Z","lastModifiedBy":"pensh@microsoft.com","lastModifiedByType":"User","lastModifiedAt":"2023-03-23T05:18:08.4995902Z"}}]}'
    headers:
      cache-control:
      - no-cache
      content-length:
      - '2838'
      content-type:
      - application/json; charset=utf-8
      date:
      - Thu, 23 Mar 2023 05:19:06 GMT
      expires:
      - '-1'
      pragma:
      - no-cache
      request-context:
      - appId=cid-v1:797d7e4e-8180-497e-a254-780fbd39ba4d
      strict-transport-security:
      - max-age=31536000; includeSubDomains
      transfer-encoding:
      - chunked
      vary:
      - Accept-Encoding
      x-content-type-options:
      - nosniff
      x-ms-ratelimit-remaining-subscription-resource-requests:
      - '11999'
      x-rp-server-mvid:
      - 2d8cffe0-ed19-4f32-b630-c96199e681e1
    status:
      code: 200
      message: OK
- request:
    body: null
    headers:
      Accept:
      - application/json
      Accept-Encoding:
      - gzip, deflate
      CommandName:
      - spring app update
      Connection:
      - keep-alive
      ParameterSetName:
      - -n -g -s --runtime-version
      User-Agent:
      - AZURECLI/2.45.0 azsdk-python-mgmt-appplatform/6.1.0 Python/3.8.9 (Windows-10-10.0.22621-SP0)
    method: GET
    uri: https://management.azure.com/subscriptions/00000000-0000-0000-0000-000000000000/resourceGroups/cli/providers/Microsoft.AppPlatform/Spring/cli-unittest?api-version=2023-01-01-preview
  response:
    body:
      string: '{"properties":{"provisioningState":"Succeeded","zoneRedundant":false,"version":3,"serviceId":"56e88126a961459ca367bb6223cf4a16","networkProfile":{"outboundIPs":{"publicIPs":["20.219.181.209","20.219.183.20"]},"outboundType":"loadBalancer"},"powerState":"Running","fqdn":"cli-unittest.azuremicroservices.io"},"type":"Microsoft.AppPlatform/Spring","sku":{"name":"S0","tier":"Standard"},"location":"centralindia","tags":{},"id":"/subscriptions/00000000-0000-0000-0000-000000000000/resourceGroups/cli/providers/Microsoft.AppPlatform/Spring/cli-unittest","name":"cli-unittest","systemData":{"createdBy":"pensh@microsoft.com","createdByType":"User","createdAt":"2023-03-23T02:52:58.6146926Z","lastModifiedBy":"pensh@microsoft.com","lastModifiedByType":"User","lastModifiedAt":"2023-03-23T02:57:49.439147Z"}}'
    headers:
      cache-control:
      - no-cache
      content-length:
      - '801'
      content-type:
      - application/json; charset=utf-8
      date:
      - Thu, 23 Mar 2023 05:19:08 GMT
      expires:
      - '-1'
      pragma:
      - no-cache
      request-context:
      - appId=cid-v1:797d7e4e-8180-497e-a254-780fbd39ba4d
      strict-transport-security:
      - max-age=31536000; includeSubDomains
      transfer-encoding:
      - chunked
      vary:
      - Accept-Encoding
      x-content-type-options:
      - nosniff
      x-ms-ratelimit-remaining-subscription-resource-requests:
      - '11999'
      x-rp-server-mvid:
      - 2d8cffe0-ed19-4f32-b630-c96199e681e1
    status:
      code: 200
      message: OK
- request:
    body: '{"properties": {"httpsOnly": false}}'
    headers:
      Accept:
      - application/json
      Accept-Encoding:
      - gzip, deflate
      CommandName:
      - spring app update
      Connection:
      - keep-alive
      Content-Length:
      - '36'
      Content-Type:
      - application/json
      ParameterSetName:
      - -n -g -s --runtime-version
      User-Agent:
      - AZURECLI/2.45.0 azsdk-python-mgmt-appplatform/6.1.0 Python/3.8.9 (Windows-10-10.0.22621-SP0)
    method: PATCH
    uri: https://management.azure.com/subscriptions/00000000-0000-0000-0000-000000000000/resourceGroups/cli/providers/Microsoft.AppPlatform/Spring/cli-unittest/apps/test-crud-app?api-version=2023-01-01-preview
  response:
    body:
      string: '{"properties":{"addonConfigs":{"applicationConfigurationService":{},"serviceRegistry":{}},"public":false,"provisioningState":"Updating","fqdn":"cli-unittest.azuremicroservices.io","httpsOnly":false,"temporaryDisk":{"sizeInGB":5,"mountPath":"/tmp"},"persistentDisk":{"sizeInGB":0,"mountPath":"/persistent"},"enableEndToEndTLS":false,"ingressSettings":{"readTimeoutInSeconds":300,"sendTimeoutInSeconds":60,"sessionCookieMaxAge":0,"sessionAffinity":"None","backendProtocol":"Default"}},"type":"Microsoft.AppPlatform/Spring/apps","identity":null,"location":"centralindia","id":"/subscriptions/00000000-0000-0000-0000-000000000000/resourceGroups/cli/providers/Microsoft.AppPlatform/Spring/cli-unittest/apps/test-crud-app","name":"test-crud-app","systemData":{"createdBy":"pensh@microsoft.com","createdByType":"User","createdAt":"2023-03-23T05:16:49.2745719Z","lastModifiedBy":"pensh@microsoft.com","lastModifiedByType":"User","lastModifiedAt":"2023-03-23T05:19:10.0845717Z"}}'
    headers:
      azure-asyncoperation:
      - https://management.azure.com/subscriptions/00000000-0000-0000-0000-000000000000/resourceGroups/cli/providers/Microsoft.AppPlatform/locations/centralindia/operationStatus/test-crud-app/operationId/5ae98be9-cf93-44bc-8b7d-09cbba838a57?api-version=2023-01-01-preview
      cache-control:
      - no-cache
      content-length:
      - '970'
      content-type:
      - application/json; charset=utf-8
      date:
      - Thu, 23 Mar 2023 05:19:10 GMT
      expires:
      - '-1'
      location:
      - https://management.azure.com/subscriptions/00000000-0000-0000-0000-000000000000/resourceGroups/cli/providers/Microsoft.AppPlatform/locations/centralindia/operationResults/5ae98be9-cf93-44bc-8b7d-09cbba838a57/Spring/test-crud-app?api-version=2023-01-01-preview
      pragma:
      - no-cache
      request-context:
      - appId=cid-v1:797d7e4e-8180-497e-a254-780fbd39ba4d
      strict-transport-security:
      - max-age=31536000; includeSubDomains
      x-content-type-options:
      - nosniff
      x-ms-ratelimit-remaining-subscription-resource-requests:
      - '1199'
      x-rp-server-mvid:
      - 2d8cffe0-ed19-4f32-b630-c96199e681e1
    status:
      code: 202
      message: Accepted
- request:
    body: null
    headers:
      Accept:
      - '*/*'
      Accept-Encoding:
      - gzip, deflate
      CommandName:
      - spring app update
      Connection:
      - keep-alive
      ParameterSetName:
      - -n -g -s --runtime-version
      User-Agent:
      - AZURECLI/2.45.0 azsdk-python-mgmt-appplatform/6.1.0 Python/3.8.9 (Windows-10-10.0.22621-SP0)
    method: GET
    uri: https://management.azure.com/subscriptions/00000000-0000-0000-0000-000000000000/resourceGroups/cli/providers/Microsoft.AppPlatform/locations/centralindia/operationStatus/test-crud-app/operationId/5ae98be9-cf93-44bc-8b7d-09cbba838a57?api-version=2023-01-01-preview
  response:
    body:
      string: '{"id":"subscriptions/d51e3ffe-6b84-49cd-b426-0dc4ec660356/resourceGroups/cli/providers/Microsoft.AppPlatform/locations/centralindia/operationStatus/test-crud-app/operationId/5ae98be9-cf93-44bc-8b7d-09cbba838a57","name":"5ae98be9-cf93-44bc-8b7d-09cbba838a57","status":"Running","startTime":"2023-03-23T05:19:11.0175402Z"}'
    headers:
      cache-control:
      - no-cache
      content-length:
      - '320'
      content-type:
      - application/json; charset=utf-8
      date:
      - Thu, 23 Mar 2023 05:19:10 GMT
      expires:
      - '-1'
      pragma:
      - no-cache
      request-context:
      - appId=cid-v1:797d7e4e-8180-497e-a254-780fbd39ba4d
      strict-transport-security:
      - max-age=31536000; includeSubDomains
      transfer-encoding:
      - chunked
      vary:
      - Accept-Encoding
      x-content-type-options:
      - nosniff
      x-rp-server-mvid:
      - 2d8cffe0-ed19-4f32-b630-c96199e681e1
    status:
      code: 200
      message: OK
- request:
    body: null
    headers:
      Accept:
      - '*/*'
      Accept-Encoding:
      - gzip, deflate
      CommandName:
      - spring app update
      Connection:
      - keep-alive
      ParameterSetName:
      - -n -g -s --runtime-version
      User-Agent:
      - AZURECLI/2.45.0 azsdk-python-mgmt-appplatform/6.1.0 Python/3.8.9 (Windows-10-10.0.22621-SP0)
    method: GET
    uri: https://management.azure.com/subscriptions/00000000-0000-0000-0000-000000000000/resourceGroups/cli/providers/Microsoft.AppPlatform/locations/centralindia/operationStatus/test-crud-app/operationId/5ae98be9-cf93-44bc-8b7d-09cbba838a57?api-version=2023-01-01-preview
  response:
    body:
      string: '{"id":"subscriptions/d51e3ffe-6b84-49cd-b426-0dc4ec660356/resourceGroups/cli/providers/Microsoft.AppPlatform/locations/centralindia/operationStatus/test-crud-app/operationId/5ae98be9-cf93-44bc-8b7d-09cbba838a57","name":"5ae98be9-cf93-44bc-8b7d-09cbba838a57","status":"Succeeded","startTime":"2023-03-23T05:19:11.0175402Z","endTime":"2023-03-23T05:19:17.6109184Z"}'
    headers:
      cache-control:
      - no-cache
      content-length:
      - '363'
      content-type:
      - application/json; charset=utf-8
      date:
      - Thu, 23 Mar 2023 05:19:22 GMT
      expires:
      - '-1'
      pragma:
      - no-cache
      request-context:
      - appId=cid-v1:797d7e4e-8180-497e-a254-780fbd39ba4d
      strict-transport-security:
      - max-age=31536000; includeSubDomains
      transfer-encoding:
      - chunked
      vary:
      - Accept-Encoding
      x-content-type-options:
      - nosniff
      x-rp-server-mvid:
      - 2d8cffe0-ed19-4f32-b630-c96199e681e1
    status:
      code: 200
      message: OK
- request:
    body: null
    headers:
      Accept:
      - '*/*'
      Accept-Encoding:
      - gzip, deflate
      CommandName:
      - spring app update
      Connection:
      - keep-alive
      ParameterSetName:
      - -n -g -s --runtime-version
      User-Agent:
      - AZURECLI/2.45.0 azsdk-python-mgmt-appplatform/6.1.0 Python/3.8.9 (Windows-10-10.0.22621-SP0)
    method: GET
    uri: https://management.azure.com/subscriptions/00000000-0000-0000-0000-000000000000/resourceGroups/cli/providers/Microsoft.AppPlatform/Spring/cli-unittest/apps/test-crud-app?api-version=2023-01-01-preview
  response:
    body:
      string: '{"properties":{"addonConfigs":{"applicationConfigurationService":{},"serviceRegistry":{}},"public":false,"provisioningState":"Succeeded","fqdn":"cli-unittest.azuremicroservices.io","httpsOnly":false,"temporaryDisk":{"sizeInGB":5,"mountPath":"/tmp"},"persistentDisk":{"sizeInGB":0,"mountPath":"/persistent"},"enableEndToEndTLS":false,"ingressSettings":{"readTimeoutInSeconds":300,"sendTimeoutInSeconds":60,"sessionCookieMaxAge":0,"sessionAffinity":"None","backendProtocol":"Default"}},"type":"Microsoft.AppPlatform/Spring/apps","identity":null,"location":"centralindia","id":"/subscriptions/00000000-0000-0000-0000-000000000000/resourceGroups/cli/providers/Microsoft.AppPlatform/Spring/cli-unittest/apps/test-crud-app","name":"test-crud-app","systemData":{"createdBy":"pensh@microsoft.com","createdByType":"User","createdAt":"2023-03-23T05:16:49.2745719Z","lastModifiedBy":"pensh@microsoft.com","lastModifiedByType":"User","lastModifiedAt":"2023-03-23T05:19:10.0845717Z"}}'
    headers:
      cache-control:
      - no-cache
      content-length:
      - '971'
      content-type:
      - application/json; charset=utf-8
      date:
      - Thu, 23 Mar 2023 05:19:23 GMT
      expires:
      - '-1'
      pragma:
      - no-cache
      request-context:
      - appId=cid-v1:797d7e4e-8180-497e-a254-780fbd39ba4d
      strict-transport-security:
      - max-age=31536000; includeSubDomains
      transfer-encoding:
      - chunked
      vary:
      - Accept-Encoding
      x-content-type-options:
      - nosniff
      x-ms-ratelimit-remaining-subscription-resource-requests:
      - '11999'
      x-rp-server-mvid:
      - 2d8cffe0-ed19-4f32-b630-c96199e681e1
    status:
      code: 200
      message: OK
- request:
    body: null
    headers:
      Accept:
      - application/json
      Accept-Encoding:
      - gzip, deflate
      CommandName:
      - spring app update
      Connection:
      - keep-alive
      ParameterSetName:
      - -n -g -s --runtime-version
      User-Agent:
      - AZURECLI/2.45.0 azsdk-python-mgmt-appplatform/6.1.0 Python/3.8.9 (Windows-10-10.0.22621-SP0)
    method: GET
    uri: https://management.azure.com/subscriptions/00000000-0000-0000-0000-000000000000/resourceGroups/cli/providers/Microsoft.AppPlatform/Spring/cli-unittest/apps/test-crud-app?api-version=2023-01-01-preview
  response:
    body:
      string: '{"properties":{"addonConfigs":{"applicationConfigurationService":{},"serviceRegistry":{}},"public":false,"provisioningState":"Succeeded","fqdn":"cli-unittest.azuremicroservices.io","httpsOnly":false,"temporaryDisk":{"sizeInGB":5,"mountPath":"/tmp"},"persistentDisk":{"sizeInGB":0,"mountPath":"/persistent"},"enableEndToEndTLS":false,"ingressSettings":{"readTimeoutInSeconds":300,"sendTimeoutInSeconds":60,"sessionCookieMaxAge":0,"sessionAffinity":"None","backendProtocol":"Default"}},"type":"Microsoft.AppPlatform/Spring/apps","identity":null,"location":"centralindia","id":"/subscriptions/00000000-0000-0000-0000-000000000000/resourceGroups/cli/providers/Microsoft.AppPlatform/Spring/cli-unittest/apps/test-crud-app","name":"test-crud-app","systemData":{"createdBy":"pensh@microsoft.com","createdByType":"User","createdAt":"2023-03-23T05:16:49.2745719Z","lastModifiedBy":"pensh@microsoft.com","lastModifiedByType":"User","lastModifiedAt":"2023-03-23T05:19:10.0845717Z"}}'
    headers:
      cache-control:
      - no-cache
      content-length:
      - '971'
      content-type:
      - application/json; charset=utf-8
      date:
      - Thu, 23 Mar 2023 05:19:28 GMT
      expires:
      - '-1'
      pragma:
      - no-cache
      request-context:
      - appId=cid-v1:797d7e4e-8180-497e-a254-780fbd39ba4d
      strict-transport-security:
      - max-age=31536000; includeSubDomains
      transfer-encoding:
      - chunked
      vary:
      - Accept-Encoding
      x-content-type-options:
      - nosniff
      x-ms-ratelimit-remaining-subscription-resource-requests:
      - '11998'
      x-rp-server-mvid:
      - 2d8cffe0-ed19-4f32-b630-c96199e681e1
    status:
      code: 200
      message: OK
- request:
    body: null
    headers:
      Accept:
      - application/json
      Accept-Encoding:
      - gzip, deflate
      CommandName:
      - spring app update
      Connection:
      - keep-alive
      ParameterSetName:
      - -n -g -s --runtime-version
      User-Agent:
      - AZURECLI/2.45.0 azsdk-python-mgmt-appplatform/6.1.0 Python/3.8.9 (Windows-10-10.0.22621-SP0)
    method: GET
    uri: https://management.azure.com/subscriptions/00000000-0000-0000-0000-000000000000/resourceGroups/cli/providers/Microsoft.AppPlatform/Spring/cli-unittest/apps/test-crud-app/deployments?api-version=2023-01-01-preview
  response:
    body:
      string: '{"value":[{"properties":{"deploymentSettings":{"resourceRequests":{"cpu":"2","memory":"1Gi"},"environmentVariables":{"foo":"bar"},"terminationGracePeriodSeconds":90,"livenessProbe":{"disableProbe":false,"failureThreshold":3,"initialDelaySeconds":300,"periodSeconds":10,"successThreshold":1,"timeoutSeconds":3,"probeAction":{"type":"TCPSocketAction"}},"readinessProbe":{"disableProbe":false,"failureThreshold":3,"initialDelaySeconds":0,"periodSeconds":5,"successThreshold":1,"timeoutSeconds":3,"probeAction":{"type":"TCPSocketAction"}}},"provisioningState":"Succeeded","status":"Running","active":true,"instances":[{"name":"test-crud-app-default-13-679f955d87-nnslh","status":"Running","discoveryStatus":"UNREGISTERED","startTime":"2023-03-23T05:17:13Z"}],"source":{"type":"Jar","relativePath":"<default>","runtimeVersion":"Java_11"}},"type":"Microsoft.AppPlatform/Spring/apps/deployments","sku":{"name":"S0","tier":"Standard","capacity":1},"id":"/subscriptions/00000000-0000-0000-0000-000000000000/resourceGroups/cli/providers/Microsoft.AppPlatform/Spring/cli-unittest/apps/test-crud-app/deployments/default","name":"default","systemData":{"createdBy":"pensh@microsoft.com","createdByType":"User","createdAt":"2023-03-23T05:17:05.0872476Z","lastModifiedBy":"pensh@microsoft.com","lastModifiedByType":"User","lastModifiedAt":"2023-03-23T05:17:05.0872476Z"}},{"properties":{"deploymentSettings":{"resourceRequests":{"cpu":"2","memory":"1Gi"},"environmentVariables":{"foo":"bar"},"terminationGracePeriodSeconds":90,"livenessProbe":{"disableProbe":false,"failureThreshold":3,"initialDelaySeconds":300,"periodSeconds":10,"successThreshold":1,"timeoutSeconds":3,"probeAction":{"type":"TCPSocketAction"}},"readinessProbe":{"disableProbe":false,"failureThreshold":3,"initialDelaySeconds":0,"periodSeconds":5,"successThreshold":1,"timeoutSeconds":3,"probeAction":{"type":"TCPSocketAction"}}},"provisioningState":"Succeeded","status":"Running","active":false,"instances":[{"name":"test-crud-app-green-13-6b84f7f898-d45j7","status":"Running","discoveryStatus":"UNREGISTERED","startTime":"2023-03-23T05:18:17Z"},{"name":"test-crud-app-green-13-6b84f7f898-v45z5","status":"Running","discoveryStatus":"UNREGISTERED","startTime":"2023-03-23T05:18:17Z"}],"source":{"type":"Jar","relativePath":"<default>","runtimeVersion":"Java_11"}},"type":"Microsoft.AppPlatform/Spring/apps/deployments","sku":{"name":"S0","tier":"Standard","capacity":2},"id":"/subscriptions/00000000-0000-0000-0000-000000000000/resourceGroups/cli/providers/Microsoft.AppPlatform/Spring/cli-unittest/apps/test-crud-app/deployments/green","name":"green","systemData":{"createdBy":"pensh@microsoft.com","createdByType":"User","createdAt":"2023-03-23T05:18:08.4995902Z","lastModifiedBy":"pensh@microsoft.com","lastModifiedByType":"User","lastModifiedAt":"2023-03-23T05:18:08.4995902Z"}}]}'
    headers:
      cache-control:
      - no-cache
      content-length:
      - '2838'
      content-type:
      - application/json; charset=utf-8
      date:
      - Thu, 23 Mar 2023 05:19:31 GMT
      expires:
      - '-1'
      pragma:
      - no-cache
      request-context:
      - appId=cid-v1:797d7e4e-8180-497e-a254-780fbd39ba4d
      strict-transport-security:
      - max-age=31536000; includeSubDomains
      transfer-encoding:
      - chunked
      vary:
      - Accept-Encoding
      x-content-type-options:
      - nosniff
      x-ms-ratelimit-remaining-subscription-resource-requests:
      - '11999'
      x-rp-server-mvid:
      - 2d8cffe0-ed19-4f32-b630-c96199e681e1
    status:
      code: 200
      message: OK
- request:
    body: null
    headers:
      Accept:
      - application/json
      Accept-Encoding:
      - gzip, deflate
      CommandName:
      - spring app delete
      Connection:
      - keep-alive
      ParameterSetName:
      - -n -g -s
      User-Agent:
      - AZURECLI/2.45.0 azsdk-python-mgmt-appplatform/6.1.0 Python/3.8.9 (Windows-10-10.0.22621-SP0)
    method: GET
    uri: https://management.azure.com/subscriptions/00000000-0000-0000-0000-000000000000/resourceGroups/cli/providers/Microsoft.AppPlatform/Spring/cli-unittest/apps/test-crud-app?api-version=2023-01-01-preview
  response:
    body:
      string: '{"properties":{"addonConfigs":{"applicationConfigurationService":{},"serviceRegistry":{}},"public":false,"provisioningState":"Succeeded","fqdn":"cli-unittest.azuremicroservices.io","httpsOnly":false,"temporaryDisk":{"sizeInGB":5,"mountPath":"/tmp"},"persistentDisk":{"sizeInGB":0,"mountPath":"/persistent"},"enableEndToEndTLS":false,"ingressSettings":{"readTimeoutInSeconds":300,"sendTimeoutInSeconds":60,"sessionCookieMaxAge":0,"sessionAffinity":"None","backendProtocol":"Default"}},"type":"Microsoft.AppPlatform/Spring/apps","identity":null,"location":"centralindia","id":"/subscriptions/00000000-0000-0000-0000-000000000000/resourceGroups/cli/providers/Microsoft.AppPlatform/Spring/cli-unittest/apps/test-crud-app","name":"test-crud-app","systemData":{"createdBy":"pensh@microsoft.com","createdByType":"User","createdAt":"2023-03-23T05:16:49.2745719Z","lastModifiedBy":"pensh@microsoft.com","lastModifiedByType":"User","lastModifiedAt":"2023-03-23T05:19:10.0845717Z"}}'
    headers:
      cache-control:
      - no-cache
      content-length:
      - '971'
      content-type:
      - application/json; charset=utf-8
      date:
      - Thu, 23 Mar 2023 05:19:34 GMT
      expires:
      - '-1'
      pragma:
      - no-cache
      request-context:
      - appId=cid-v1:797d7e4e-8180-497e-a254-780fbd39ba4d
      strict-transport-security:
      - max-age=31536000; includeSubDomains
      transfer-encoding:
      - chunked
      vary:
      - Accept-Encoding
      x-content-type-options:
      - nosniff
      x-ms-ratelimit-remaining-subscription-resource-requests:
      - '11998'
      x-rp-server-mvid:
      - 2d8cffe0-ed19-4f32-b630-c96199e681e1
    status:
      code: 200
      message: OK
- request:
    body: null
    headers:
      Accept:
      - application/json
      Accept-Encoding:
      - gzip, deflate
      CommandName:
      - spring app delete
      Connection:
      - keep-alive
      Content-Length:
      - '0'
      ParameterSetName:
      - -n -g -s
      User-Agent:
      - AZURECLI/2.45.0 azsdk-python-mgmt-appplatform/6.1.0 Python/3.8.9 (Windows-10-10.0.22621-SP0)
    method: DELETE
    uri: https://management.azure.com/subscriptions/00000000-0000-0000-0000-000000000000/resourceGroups/cli/providers/Microsoft.AppPlatform/Spring/cli-unittest/apps/test-crud-app?api-version=2023-01-01-preview
  response:
    body:
      string: ''
    headers:
      azure-asyncoperation:
      - https://management.azure.com/subscriptions/00000000-0000-0000-0000-000000000000/resourceGroups/cli/providers/Microsoft.AppPlatform/locations/centralindia/operationStatus/test-crud-app/operationId/0a827f99-7cec-4c7d-9a6e-731b2ee7fd6a?api-version=2023-01-01-preview
      cache-control:
      - no-cache
      content-length:
      - '0'
      date:
      - Thu, 23 Mar 2023 05:19:35 GMT
      expires:
      - '-1'
      location:
      - https://management.azure.com/subscriptions/00000000-0000-0000-0000-000000000000/resourceGroups/cli/providers/Microsoft.AppPlatform/locations/centralindia/operationResults/0a827f99-7cec-4c7d-9a6e-731b2ee7fd6a/Spring/test-crud-app?api-version=2023-01-01-preview
      pragma:
      - no-cache
      request-context:
      - appId=cid-v1:797d7e4e-8180-497e-a254-780fbd39ba4d
      strict-transport-security:
      - max-age=31536000; includeSubDomains
      x-content-type-options:
      - nosniff
      x-ms-ratelimit-remaining-subscription-deletes:
      - '14999'
      x-rp-server-mvid:
      - 2d8cffe0-ed19-4f32-b630-c96199e681e1
    status:
      code: 202
      message: Accepted
- request:
    body: null
    headers:
      Accept:
      - '*/*'
      Accept-Encoding:
      - gzip, deflate
      CommandName:
      - spring app delete
      Connection:
      - keep-alive
      ParameterSetName:
      - -n -g -s
      User-Agent:
      - AZURECLI/2.45.0 azsdk-python-mgmt-appplatform/6.1.0 Python/3.8.9 (Windows-10-10.0.22621-SP0)
    method: GET
    uri: https://management.azure.com/subscriptions/00000000-0000-0000-0000-000000000000/resourceGroups/cli/providers/Microsoft.AppPlatform/locations/centralindia/operationStatus/test-crud-app/operationId/0a827f99-7cec-4c7d-9a6e-731b2ee7fd6a?api-version=2023-01-01-preview
  response:
    body:
      string: '{"id":"subscriptions/d51e3ffe-6b84-49cd-b426-0dc4ec660356/resourceGroups/cli/providers/Microsoft.AppPlatform/locations/centralindia/operationStatus/test-crud-app/operationId/0a827f99-7cec-4c7d-9a6e-731b2ee7fd6a","name":"0a827f99-7cec-4c7d-9a6e-731b2ee7fd6a","status":"Running","startTime":"2023-03-23T05:19:36.2482493Z"}'
    headers:
      cache-control:
      - no-cache
      content-length:
      - '320'
      content-type:
      - application/json; charset=utf-8
      date:
      - Thu, 23 Mar 2023 05:19:36 GMT
      expires:
      - '-1'
      pragma:
      - no-cache
      request-context:
      - appId=cid-v1:797d7e4e-8180-497e-a254-780fbd39ba4d
      strict-transport-security:
      - max-age=31536000; includeSubDomains
      transfer-encoding:
      - chunked
      vary:
      - Accept-Encoding
      x-content-type-options:
      - nosniff
      x-rp-server-mvid:
      - 2d8cffe0-ed19-4f32-b630-c96199e681e1
    status:
      code: 200
      message: OK
- request:
    body: null
    headers:
      Accept:
      - '*/*'
      Accept-Encoding:
      - gzip, deflate
      CommandName:
      - spring app delete
      Connection:
      - keep-alive
      ParameterSetName:
      - -n -g -s
      User-Agent:
      - AZURECLI/2.45.0 azsdk-python-mgmt-appplatform/6.1.0 Python/3.8.9 (Windows-10-10.0.22621-SP0)
    method: GET
    uri: https://management.azure.com/subscriptions/00000000-0000-0000-0000-000000000000/resourceGroups/cli/providers/Microsoft.AppPlatform/locations/centralindia/operationStatus/test-crud-app/operationId/0a827f99-7cec-4c7d-9a6e-731b2ee7fd6a?api-version=2023-01-01-preview
  response:
    body:
      string: '{"id":"subscriptions/d51e3ffe-6b84-49cd-b426-0dc4ec660356/resourceGroups/cli/providers/Microsoft.AppPlatform/locations/centralindia/operationStatus/test-crud-app/operationId/0a827f99-7cec-4c7d-9a6e-731b2ee7fd6a","name":"0a827f99-7cec-4c7d-9a6e-731b2ee7fd6a","status":"Running","startTime":"2023-03-23T05:19:36.2482493Z"}'
    headers:
      cache-control:
      - no-cache
      content-length:
      - '320'
      content-type:
      - application/json; charset=utf-8
      date:
      - Thu, 23 Mar 2023 05:19:46 GMT
      expires:
      - '-1'
      pragma:
      - no-cache
      request-context:
      - appId=cid-v1:797d7e4e-8180-497e-a254-780fbd39ba4d
      strict-transport-security:
      - max-age=31536000; includeSubDomains
      transfer-encoding:
      - chunked
      vary:
      - Accept-Encoding
      x-content-type-options:
      - nosniff
      x-rp-server-mvid:
      - 2d8cffe0-ed19-4f32-b630-c96199e681e1
    status:
      code: 200
      message: OK
- request:
    body: null
    headers:
      Accept:
      - '*/*'
      Accept-Encoding:
      - gzip, deflate
      CommandName:
      - spring app delete
      Connection:
      - keep-alive
      ParameterSetName:
      - -n -g -s
      User-Agent:
      - AZURECLI/2.45.0 azsdk-python-mgmt-appplatform/6.1.0 Python/3.8.9 (Windows-10-10.0.22621-SP0)
    method: GET
    uri: https://management.azure.com/subscriptions/00000000-0000-0000-0000-000000000000/resourceGroups/cli/providers/Microsoft.AppPlatform/locations/centralindia/operationStatus/test-crud-app/operationId/0a827f99-7cec-4c7d-9a6e-731b2ee7fd6a?api-version=2023-01-01-preview
  response:
    body:
      string: '{"id":"subscriptions/d51e3ffe-6b84-49cd-b426-0dc4ec660356/resourceGroups/cli/providers/Microsoft.AppPlatform/locations/centralindia/operationStatus/test-crud-app/operationId/0a827f99-7cec-4c7d-9a6e-731b2ee7fd6a","name":"0a827f99-7cec-4c7d-9a6e-731b2ee7fd6a","status":"Running","startTime":"2023-03-23T05:19:36.2482493Z"}'
    headers:
      cache-control:
      - no-cache
      content-length:
      - '320'
      content-type:
      - application/json; charset=utf-8
      date:
      - Thu, 23 Mar 2023 05:19:56 GMT
      expires:
      - '-1'
      pragma:
      - no-cache
      request-context:
      - appId=cid-v1:797d7e4e-8180-497e-a254-780fbd39ba4d
      strict-transport-security:
      - max-age=31536000; includeSubDomains
      transfer-encoding:
      - chunked
      vary:
      - Accept-Encoding
      x-content-type-options:
      - nosniff
      x-rp-server-mvid:
      - 2d8cffe0-ed19-4f32-b630-c96199e681e1
    status:
      code: 200
      message: OK
- request:
    body: null
    headers:
      Accept:
      - '*/*'
      Accept-Encoding:
      - gzip, deflate
      CommandName:
      - spring app delete
      Connection:
      - keep-alive
      ParameterSetName:
      - -n -g -s
      User-Agent:
      - AZURECLI/2.45.0 azsdk-python-mgmt-appplatform/6.1.0 Python/3.8.9 (Windows-10-10.0.22621-SP0)
    method: GET
    uri: https://management.azure.com/subscriptions/00000000-0000-0000-0000-000000000000/resourceGroups/cli/providers/Microsoft.AppPlatform/locations/centralindia/operationStatus/test-crud-app/operationId/0a827f99-7cec-4c7d-9a6e-731b2ee7fd6a?api-version=2023-01-01-preview
  response:
    body:
      string: '{"id":"subscriptions/d51e3ffe-6b84-49cd-b426-0dc4ec660356/resourceGroups/cli/providers/Microsoft.AppPlatform/locations/centralindia/operationStatus/test-crud-app/operationId/0a827f99-7cec-4c7d-9a6e-731b2ee7fd6a","name":"0a827f99-7cec-4c7d-9a6e-731b2ee7fd6a","status":"Succeeded","startTime":"2023-03-23T05:19:36.2482493Z","endTime":"2023-03-23T05:19:57.682614Z"}'
    headers:
      cache-control:
      - no-cache
      content-length:
      - '362'
      content-type:
      - application/json; charset=utf-8
      date:
      - Thu, 23 Mar 2023 05:20:08 GMT
      expires:
      - '-1'
      pragma:
      - no-cache
      request-context:
      - appId=cid-v1:797d7e4e-8180-497e-a254-780fbd39ba4d
      strict-transport-security:
      - max-age=31536000; includeSubDomains
      transfer-encoding:
      - chunked
      vary:
      - Accept-Encoding
      x-content-type-options:
      - nosniff
      x-rp-server-mvid:
      - 2d8cffe0-ed19-4f32-b630-c96199e681e1
    status:
      code: 200
      message: OK
version: 1
