interactions:
- request:
    body: null
    headers:
      Accept:
      - application/json
      Accept-Encoding:
      - gzip, deflate
      CommandName:
      - spring app create
      Connection:
      - keep-alive
      ParameterSetName:
      - -s -g -n
      User-Agent:
      - AZURECLI/2.45.0 azsdk-python-mgmt-appplatform/6.1.0 Python/3.8.9 (Windows-10-10.0.22621-SP0)
    method: GET
    uri: https://management.azure.com/subscriptions/00000000-0000-0000-0000-000000000000/resourceGroups/cli/providers/Microsoft.AppPlatform/Spring/cli-unittest/apps/test-remote-debugging?api-version=2024-05-01-preview
  response:
    body:
      string: '{"error":{"code":"NotFound","message":"App was not found","target":"/subscriptions/00000000-0000-0000-0000-000000000000/resourceGroups/cli/providers/Microsoft.AppPlatform/Spring/cli-unittest/apps/test-remote-debugging","details":null}}'
    headers:
      cache-control:
      - no-cache
      content-length:
      - '235'
      content-type:
      - application/json; charset=utf-8
      date:
      - Mon, 20 Feb 2023 05:22:40 GMT
      expires:
      - '-1'
      pragma:
      - no-cache
      request-context:
      - appId=cid-v1:797d7e4e-8180-497e-a254-780fbd39ba4d
      strict-transport-security:
      - max-age=31536000; includeSubDomains
      x-content-type-options:
      - nosniff
      x-ms-ratelimit-remaining-subscription-resource-requests:
      - '11999'
      x-rp-server-mvid:
      - 6dbdb235-5cc6-4623-8007-38694e14f2b5
    status:
      code: 404
      message: Not Found
- request:
    body: null
    headers:
      Accept:
      - application/json
      Accept-Encoding:
      - gzip, deflate
      CommandName:
      - spring app create
      Connection:
      - keep-alive
      ParameterSetName:
      - -s -g -n
      User-Agent:
      - AZURECLI/2.45.0 azsdk-python-mgmt-appplatform/6.1.0 Python/3.8.9 (Windows-10-10.0.22621-SP0)
    method: GET
    uri: https://management.azure.com/subscriptions/00000000-0000-0000-0000-000000000000/resourceGroups/cli/providers/Microsoft.AppPlatform/Spring/cli-unittest?api-version=2024-05-01-preview
  response:
    body:
      string: '{"properties":{"provisioningState":"Succeeded","zoneRedundant":false,"version":3,"serviceId":"eda694a6857540c4bcddfabb1ad901f1","networkProfile":{"outboundIPs":{"publicIPs":["20.204.208.119","20.204.209.188"]},"outboundType":"loadBalancer"},"powerState":"Running","fqdn":"cli-unittest.azuremicroservices.io"},"type":"Microsoft.AppPlatform/Spring","sku":{"name":"S0","tier":"Standard"},"location":"centralindia","tags":null,"id":"/subscriptions/00000000-0000-0000-0000-000000000000/resourceGroups/cli/providers/Microsoft.AppPlatform/Spring/cli-unittest","name":"cli-unittest","systemData":{"createdBy":"pensh@microsoft.com","createdByType":"User","createdAt":"2023-02-16T07:45:44.6274471Z","lastModifiedBy":"pensh@microsoft.com","lastModifiedByType":"User","lastModifiedAt":"2023-02-16T07:52:32.2436727Z"}}'
    headers:
      cache-control:
      - no-cache
      content-length:
      - '805'
      content-type:
      - application/json; charset=utf-8
      date:
      - Mon, 20 Feb 2023 05:22:40 GMT
      expires:
      - '-1'
      pragma:
      - no-cache
      request-context:
      - appId=cid-v1:797d7e4e-8180-497e-a254-780fbd39ba4d
      strict-transport-security:
      - max-age=31536000; includeSubDomains
      transfer-encoding:
      - chunked
      vary:
      - Accept-Encoding
      x-content-type-options:
      - nosniff
      x-ms-ratelimit-remaining-subscription-resource-requests:
      - '11999'
      x-rp-server-mvid:
      - 6dbdb235-5cc6-4623-8007-38694e14f2b5
    status:
      code: 200
      message: OK
- request:
    body: '{"properties": {"public": false, "httpsOnly": false, "temporaryDisk": {"sizeInGB":
      5, "mountPath": "/tmp"}, "enableEndToEndTLS": false}}'
    headers:
      Accept:
      - application/json
      Accept-Encoding:
      - gzip, deflate
      CommandName:
      - spring app create
      Connection:
      - keep-alive
      Content-Length:
      - '136'
      Content-Type:
      - application/json
      ParameterSetName:
      - -s -g -n
      User-Agent:
      - AZURECLI/2.45.0 azsdk-python-mgmt-appplatform/6.1.0 Python/3.8.9 (Windows-10-10.0.22621-SP0)
    method: PUT
    uri: https://management.azure.com/subscriptions/00000000-0000-0000-0000-000000000000/resourceGroups/cli/providers/Microsoft.AppPlatform/Spring/cli-unittest/apps/test-remote-debugging?api-version=2024-05-01-preview
  response:
    body:
      string: '{"properties":{"addonConfigs":{"applicationConfigurationService":{},"serviceRegistry":{}},"public":false,"provisioningState":"Creating","httpsOnly":false,"temporaryDisk":{"sizeInGB":5,"mountPath":"/tmp"},"enableEndToEndTLS":false,"ingressSettings":{"readTimeoutInSeconds":300,"sendTimeoutInSeconds":60,"sessionCookieMaxAge":0,"sessionAffinity":"None","backendProtocol":"Default"}},"type":"Microsoft.AppPlatform/Spring/apps","identity":null,"location":"centralindia","id":"/subscriptions/00000000-0000-0000-0000-000000000000/resourceGroups/cli/providers/Microsoft.AppPlatform/Spring/cli-unittest/apps/test-remote-debugging","name":"test-remote-debugging","systemData":{"createdBy":"pensh@microsoft.com","createdByType":"User","createdAt":"2023-02-20T05:22:41.8488992Z","lastModifiedBy":"pensh@microsoft.com","lastModifiedByType":"User","lastModifiedAt":"2023-02-20T05:22:41.8488992Z"}}'
    headers:
      azure-asyncoperation:
      - https://management.azure.com/subscriptions/00000000-0000-0000-0000-000000000000/resourceGroups/cli/providers/Microsoft.AppPlatform/locations/centralindia/operationStatus/test-remote-debugging/operationId/97ec0c42-dd83-4d9f-b9d8-446610a90a5c?api-version=2024-05-01-preview
      cache-control:
      - no-cache
      content-length:
      - '884'
      content-type:
      - application/json; charset=utf-8
      date:
      - Mon, 20 Feb 2023 05:22:41 GMT
      expires:
      - '-1'
      location:
      - https://management.azure.com/subscriptions/00000000-0000-0000-0000-000000000000/resourceGroups/cli/providers/Microsoft.AppPlatform/locations/centralindia/operationResults/97ec0c42-dd83-4d9f-b9d8-446610a90a5c/Spring/test-remote-debugging?api-version=2024-05-01-preview
      pragma:
      - no-cache
      request-context:
      - appId=cid-v1:797d7e4e-8180-497e-a254-780fbd39ba4d
      strict-transport-security:
      - max-age=31536000; includeSubDomains
      x-content-type-options:
      - nosniff
      x-ms-ratelimit-remaining-subscription-resource-requests:
      - '1199'
      x-rp-server-mvid:
      - 6dbdb235-5cc6-4623-8007-38694e14f2b5
    status:
      code: 201
      message: Created
- request:
    body: null
    headers:
      Accept:
      - '*/*'
      Accept-Encoding:
      - gzip, deflate
      CommandName:
      - spring app create
      Connection:
      - keep-alive
      ParameterSetName:
      - -s -g -n
      User-Agent:
      - AZURECLI/2.45.0 azsdk-python-mgmt-appplatform/6.1.0 Python/3.8.9 (Windows-10-10.0.22621-SP0)
    method: GET
    uri: https://management.azure.com/subscriptions/00000000-0000-0000-0000-000000000000/resourceGroups/cli/providers/Microsoft.AppPlatform/locations/centralindia/operationStatus/test-remote-debugging/operationId/97ec0c42-dd83-4d9f-b9d8-446610a90a5c?api-version=2024-05-01-preview
  response:
    body:
      string: '{"id":"subscriptions/d51e3ffe-6b84-49cd-b426-0dc4ec660356/resourceGroups/cli/providers/Microsoft.AppPlatform/locations/centralindia/operationStatus/test-remote-debugging/operationId/97ec0c42-dd83-4d9f-b9d8-446610a90a5c","name":"97ec0c42-dd83-4d9f-b9d8-446610a90a5c","status":"Running","startTime":"2023-02-20T05:22:42.492275Z"}'
    headers:
      cache-control:
      - no-cache
      content-length:
      - '327'
      content-type:
      - application/json; charset=utf-8
      date:
      - Mon, 20 Feb 2023 05:22:42 GMT
      expires:
      - '-1'
      pragma:
      - no-cache
      request-context:
      - appId=cid-v1:797d7e4e-8180-497e-a254-780fbd39ba4d
      strict-transport-security:
      - max-age=31536000; includeSubDomains
      transfer-encoding:
      - chunked
      vary:
      - Accept-Encoding
      x-content-type-options:
      - nosniff
      x-rp-server-mvid:
      - 6dbdb235-5cc6-4623-8007-38694e14f2b5
    status:
      code: 200
      message: OK
- request:
    body: null
    headers:
      Accept:
      - '*/*'
      Accept-Encoding:
      - gzip, deflate
      CommandName:
      - spring app create
      Connection:
      - keep-alive
      ParameterSetName:
      - -s -g -n
      User-Agent:
      - AZURECLI/2.45.0 azsdk-python-mgmt-appplatform/6.1.0 Python/3.8.9 (Windows-10-10.0.22621-SP0)
    method: GET
    uri: https://management.azure.com/subscriptions/00000000-0000-0000-0000-000000000000/resourceGroups/cli/providers/Microsoft.AppPlatform/locations/centralindia/operationStatus/test-remote-debugging/operationId/97ec0c42-dd83-4d9f-b9d8-446610a90a5c?api-version=2024-05-01-preview
  response:
    body:
      string: '{"id":"subscriptions/d51e3ffe-6b84-49cd-b426-0dc4ec660356/resourceGroups/cli/providers/Microsoft.AppPlatform/locations/centralindia/operationStatus/test-remote-debugging/operationId/97ec0c42-dd83-4d9f-b9d8-446610a90a5c","name":"97ec0c42-dd83-4d9f-b9d8-446610a90a5c","status":"Succeeded","startTime":"2023-02-20T05:22:42.492275Z","endTime":"2023-02-20T05:22:48.8505043Z"}'
    headers:
      cache-control:
      - no-cache
      content-length:
      - '370'
      content-type:
      - application/json; charset=utf-8
      date:
      - Mon, 20 Feb 2023 05:22:53 GMT
      expires:
      - '-1'
      pragma:
      - no-cache
      request-context:
      - appId=cid-v1:797d7e4e-8180-497e-a254-780fbd39ba4d
      strict-transport-security:
      - max-age=31536000; includeSubDomains
      transfer-encoding:
      - chunked
      vary:
      - Accept-Encoding
      x-content-type-options:
      - nosniff
      x-rp-server-mvid:
      - 6dbdb235-5cc6-4623-8007-38694e14f2b5
    status:
      code: 200
      message: OK
- request:
    body: null
    headers:
      Accept:
      - '*/*'
      Accept-Encoding:
      - gzip, deflate
      CommandName:
      - spring app create
      Connection:
      - keep-alive
      ParameterSetName:
      - -s -g -n
      User-Agent:
      - AZURECLI/2.45.0 azsdk-python-mgmt-appplatform/6.1.0 Python/3.8.9 (Windows-10-10.0.22621-SP0)
    method: GET
    uri: https://management.azure.com/subscriptions/00000000-0000-0000-0000-000000000000/resourceGroups/cli/providers/Microsoft.AppPlatform/Spring/cli-unittest/apps/test-remote-debugging?api-version=2024-05-01-preview
  response:
    body:
      string: '{"properties":{"addonConfigs":{"applicationConfigurationService":{},"serviceRegistry":{}},"public":false,"provisioningState":"Succeeded","fqdn":"cli-unittest.azuremicroservices.io","httpsOnly":false,"temporaryDisk":{"sizeInGB":5,"mountPath":"/tmp"},"persistentDisk":{"sizeInGB":0,"mountPath":"/persistent"},"enableEndToEndTLS":false,"ingressSettings":{"readTimeoutInSeconds":300,"sendTimeoutInSeconds":60,"sessionCookieMaxAge":0,"sessionAffinity":"None","backendProtocol":"Default"}},"type":"Microsoft.AppPlatform/Spring/apps","identity":null,"location":"centralindia","id":"/subscriptions/00000000-0000-0000-0000-000000000000/resourceGroups/cli/providers/Microsoft.AppPlatform/Spring/cli-unittest/apps/test-remote-debugging","name":"test-remote-debugging","systemData":{"createdBy":"pensh@microsoft.com","createdByType":"User","createdAt":"2023-02-20T05:22:41.8488992Z","lastModifiedBy":"pensh@microsoft.com","lastModifiedByType":"User","lastModifiedAt":"2023-02-20T05:22:41.8488992Z"}}'
    headers:
      cache-control:
      - no-cache
      content-length:
      - '987'
      content-type:
      - application/json; charset=utf-8
      date:
      - Mon, 20 Feb 2023 05:22:53 GMT
      expires:
      - '-1'
      pragma:
      - no-cache
      request-context:
      - appId=cid-v1:797d7e4e-8180-497e-a254-780fbd39ba4d
      strict-transport-security:
      - max-age=31536000; includeSubDomains
      transfer-encoding:
      - chunked
      vary:
      - Accept-Encoding
      x-content-type-options:
      - nosniff
      x-ms-ratelimit-remaining-subscription-resource-requests:
      - '11998'
      x-rp-server-mvid:
      - 6dbdb235-5cc6-4623-8007-38694e14f2b5
    status:
      code: 200
      message: OK
- request:
    body: '{"properties": {"source": {"type": "Jar", "relativePath": "<default>",
      "runtimeVersion": "Java_11"}, "deploymentSettings": {"resourceRequests": {"cpu":
      "1", "memory": "1Gi"}}, "active": true}, "sku": {"name": "S0", "tier": "Standard",
      "capacity": 1}}'
    headers:
      Accept:
      - application/json
      Accept-Encoding:
      - gzip, deflate
      CommandName:
      - spring app create
      Connection:
      - keep-alive
      Content-Length:
      - '250'
      Content-Type:
      - application/json
      ParameterSetName:
      - -s -g -n
      User-Agent:
      - AZURECLI/2.45.0 azsdk-python-mgmt-appplatform/6.1.0 Python/3.8.9 (Windows-10-10.0.22621-SP0)
    method: PUT
    uri: https://management.azure.com/subscriptions/00000000-0000-0000-0000-000000000000/resourceGroups/cli/providers/Microsoft.AppPlatform/Spring/cli-unittest/apps/test-remote-debugging/deployments/mock-deployment?api-version=2024-05-01-preview
  response:
    body:
      string: '{"properties":{"deploymentSettings":{"resourceRequests":{"cpu":"1","memory":"1Gi"},"environmentVariables":null,"terminationGracePeriodSeconds":90},"provisioningState":"Creating","status":"Running","active":true,"instances":null,"source":{"type":"Jar","relativePath":"<default>","runtimeVersion":"Java_11"}},"type":"Microsoft.AppPlatform/Spring/apps/deployments","sku":{"name":"S0","tier":"Standard","capacity":1},"id":"/subscriptions/00000000-0000-0000-0000-000000000000/resourceGroups/cli/providers/Microsoft.AppPlatform/Spring/cli-unittest/apps/test-remote-debugging/deployments/default","name":"default","systemData":{"createdBy":"pensh@microsoft.com","createdByType":"User","createdAt":"2023-02-20T05:22:57.6922841Z","lastModifiedBy":"pensh@microsoft.com","lastModifiedByType":"User","lastModifiedAt":"2023-02-20T05:22:57.6922841Z"}}'
    headers:
      azure-asyncoperation:
      - https://management.azure.com/subscriptions/00000000-0000-0000-0000-000000000000/resourceGroups/cli/providers/Microsoft.AppPlatform/locations/centralindia/operationStatus/default/operationId/f8a91e79-ac7d-4f4b-b04f-59c3ca0e1e34?api-version=2024-05-01-preview
      cache-control:
      - no-cache
      content-length:
      - '837'
      content-type:
      - application/json; charset=utf-8
      date:
      - Mon, 20 Feb 2023 05:22:58 GMT
      expires:
      - '-1'
      location:
      - https://management.azure.com/subscriptions/00000000-0000-0000-0000-000000000000/resourceGroups/cli/providers/Microsoft.AppPlatform/locations/centralindia/operationResults/f8a91e79-ac7d-4f4b-b04f-59c3ca0e1e34/Spring/default?api-version=2024-05-01-preview
      pragma:
      - no-cache
      request-context:
      - appId=cid-v1:797d7e4e-8180-497e-a254-780fbd39ba4d
      strict-transport-security:
      - max-age=31536000; includeSubDomains
      x-content-type-options:
      - nosniff
      x-ms-ratelimit-remaining-subscription-resource-requests:
      - '1199'
      x-rp-server-mvid:
      - 6dbdb235-5cc6-4623-8007-38694e14f2b5
    status:
      code: 201
      message: Created
- request:
    body: '{"properties": {"public": false, "httpsOnly": false, "enableEndToEndTLS":
      false}}'
    headers:
      Accept:
      - application/json
      Accept-Encoding:
      - gzip, deflate
      CommandName:
      - spring app create
      Connection:
      - keep-alive
      Content-Length:
      - '81'
      Content-Type:
      - application/json
      ParameterSetName:
      - -s -g -n
      User-Agent:
      - AZURECLI/2.45.0 azsdk-python-mgmt-appplatform/6.1.0 Python/3.8.9 (Windows-10-10.0.22621-SP0)
    method: PATCH
    uri: https://management.azure.com/subscriptions/00000000-0000-0000-0000-000000000000/resourceGroups/cli/providers/Microsoft.AppPlatform/Spring/cli-unittest/apps/test-remote-debugging?api-version=2024-05-01-preview
  response:
    body:
      string: '{"properties":{"addonConfigs":{"applicationConfigurationService":{},"serviceRegistry":{}},"public":false,"provisioningState":"Updating","fqdn":"cli-unittest.azuremicroservices.io","httpsOnly":false,"temporaryDisk":{"sizeInGB":5,"mountPath":"/tmp"},"persistentDisk":{"sizeInGB":0,"mountPath":"/persistent"},"enableEndToEndTLS":false,"ingressSettings":{"readTimeoutInSeconds":300,"sendTimeoutInSeconds":60,"sessionCookieMaxAge":0,"sessionAffinity":"None","backendProtocol":"Default"}},"type":"Microsoft.AppPlatform/Spring/apps","identity":null,"location":"centralindia","id":"/subscriptions/00000000-0000-0000-0000-000000000000/resourceGroups/cli/providers/Microsoft.AppPlatform/Spring/cli-unittest/apps/test-remote-debugging","name":"test-remote-debugging","systemData":{"createdBy":"pensh@microsoft.com","createdByType":"User","createdAt":"2023-02-20T05:22:41.8488992Z","lastModifiedBy":"pensh@microsoft.com","lastModifiedByType":"User","lastModifiedAt":"2023-02-20T05:22:59.0516331Z"}}'
    headers:
      azure-asyncoperation:
      - https://management.azure.com/subscriptions/00000000-0000-0000-0000-000000000000/resourceGroups/cli/providers/Microsoft.AppPlatform/locations/centralindia/operationStatus/test-remote-debugging/operationId/53357c98-4656-4126-96fd-6646f44f8f84?api-version=2024-05-01-preview
      cache-control:
      - no-cache
      content-length:
      - '986'
      content-type:
      - application/json; charset=utf-8
      date:
      - Mon, 20 Feb 2023 05:22:59 GMT
      expires:
      - '-1'
      location:
      - https://management.azure.com/subscriptions/00000000-0000-0000-0000-000000000000/resourceGroups/cli/providers/Microsoft.AppPlatform/locations/centralindia/operationResults/53357c98-4656-4126-96fd-6646f44f8f84/Spring/test-remote-debugging?api-version=2024-05-01-preview
      pragma:
      - no-cache
      request-context:
      - appId=cid-v1:797d7e4e-8180-497e-a254-780fbd39ba4d
      strict-transport-security:
      - max-age=31536000; includeSubDomains
      x-content-type-options:
      - nosniff
      x-ms-ratelimit-remaining-subscription-resource-requests:
      - '1198'
      x-rp-server-mvid:
      - 6dbdb235-5cc6-4623-8007-38694e14f2b5
    status:
      code: 202
      message: Accepted
- request:
    body: null
    headers:
      Accept:
      - '*/*'
      Accept-Encoding:
      - gzip, deflate
      CommandName:
      - spring app create
      Connection:
      - keep-alive
      ParameterSetName:
      - -s -g -n
      User-Agent:
      - AZURECLI/2.45.0 azsdk-python-mgmt-appplatform/6.1.0 Python/3.8.9 (Windows-10-10.0.22621-SP0)
    method: GET
    uri: https://management.azure.com/subscriptions/00000000-0000-0000-0000-000000000000/resourceGroups/cli/providers/Microsoft.AppPlatform/locations/centralindia/operationStatus/test-remote-debugging/operationId/53357c98-4656-4126-96fd-6646f44f8f84?api-version=2024-05-01-preview
  response:
    body:
      string: '{"id":"subscriptions/d51e3ffe-6b84-49cd-b426-0dc4ec660356/resourceGroups/cli/providers/Microsoft.AppPlatform/locations/centralindia/operationStatus/test-remote-debugging/operationId/53357c98-4656-4126-96fd-6646f44f8f84","name":"53357c98-4656-4126-96fd-6646f44f8f84","status":"Running","startTime":"2023-02-20T05:22:59.4953181Z"}'
    headers:
      cache-control:
      - no-cache
      content-length:
      - '328'
      content-type:
      - application/json; charset=utf-8
      date:
      - Mon, 20 Feb 2023 05:22:59 GMT
      expires:
      - '-1'
      pragma:
      - no-cache
      request-context:
      - appId=cid-v1:797d7e4e-8180-497e-a254-780fbd39ba4d
      strict-transport-security:
      - max-age=31536000; includeSubDomains
      transfer-encoding:
      - chunked
      vary:
      - Accept-Encoding
      x-content-type-options:
      - nosniff
      x-rp-server-mvid:
      - 6dbdb235-5cc6-4623-8007-38694e14f2b5
    status:
      code: 200
      message: OK
- request:
    body: null
    headers:
      Accept:
      - '*/*'
      Accept-Encoding:
      - gzip, deflate
      CommandName:
      - spring app create
      Connection:
      - keep-alive
      ParameterSetName:
      - -s -g -n
      User-Agent:
      - AZURECLI/2.45.0 azsdk-python-mgmt-appplatform/6.1.0 Python/3.8.9 (Windows-10-10.0.22621-SP0)
    method: GET
    uri: https://management.azure.com/subscriptions/00000000-0000-0000-0000-000000000000/resourceGroups/cli/providers/Microsoft.AppPlatform/locations/centralindia/operationStatus/default/operationId/f8a91e79-ac7d-4f4b-b04f-59c3ca0e1e34?api-version=2024-05-01-preview
  response:
    body:
      string: '{"id":"subscriptions/d51e3ffe-6b84-49cd-b426-0dc4ec660356/resourceGroups/cli/providers/Microsoft.AppPlatform/locations/centralindia/operationStatus/default/operationId/f8a91e79-ac7d-4f4b-b04f-59c3ca0e1e34","name":"f8a91e79-ac7d-4f4b-b04f-59c3ca0e1e34","status":"Running","startTime":"2023-02-20T05:22:58.8361318Z"}'
    headers:
      cache-control:
      - no-cache
      content-length:
      - '314'
      content-type:
      - application/json; charset=utf-8
      date:
      - Mon, 20 Feb 2023 05:23:10 GMT
      expires:
      - '-1'
      pragma:
      - no-cache
      request-context:
      - appId=cid-v1:797d7e4e-8180-497e-a254-780fbd39ba4d
      strict-transport-security:
      - max-age=31536000; includeSubDomains
      transfer-encoding:
      - chunked
      vary:
      - Accept-Encoding
      x-content-type-options:
      - nosniff
      x-rp-server-mvid:
      - 6dbdb235-5cc6-4623-8007-38694e14f2b5
    status:
      code: 200
      message: OK
- request:
    body: null
    headers:
      Accept:
      - '*/*'
      Accept-Encoding:
      - gzip, deflate
      CommandName:
      - spring app create
      Connection:
      - keep-alive
      ParameterSetName:
      - -s -g -n
      User-Agent:
      - AZURECLI/2.45.0 azsdk-python-mgmt-appplatform/6.1.0 Python/3.8.9 (Windows-10-10.0.22621-SP0)
    method: GET
    uri: https://management.azure.com/subscriptions/00000000-0000-0000-0000-000000000000/resourceGroups/cli/providers/Microsoft.AppPlatform/locations/centralindia/operationStatus/test-remote-debugging/operationId/53357c98-4656-4126-96fd-6646f44f8f84?api-version=2024-05-01-preview
  response:
    body:
      string: '{"id":"subscriptions/d51e3ffe-6b84-49cd-b426-0dc4ec660356/resourceGroups/cli/providers/Microsoft.AppPlatform/locations/centralindia/operationStatus/test-remote-debugging/operationId/53357c98-4656-4126-96fd-6646f44f8f84","name":"53357c98-4656-4126-96fd-6646f44f8f84","status":"Succeeded","startTime":"2023-02-20T05:22:59.4953181Z","endTime":"2023-02-20T05:23:05.8727167Z"}'
    headers:
      cache-control:
      - no-cache
      content-length:
      - '371'
      content-type:
      - application/json; charset=utf-8
      date:
      - Mon, 20 Feb 2023 05:23:10 GMT
      expires:
      - '-1'
      pragma:
      - no-cache
      request-context:
      - appId=cid-v1:797d7e4e-8180-497e-a254-780fbd39ba4d
      strict-transport-security:
      - max-age=31536000; includeSubDomains
      transfer-encoding:
      - chunked
      vary:
      - Accept-Encoding
      x-content-type-options:
      - nosniff
      x-rp-server-mvid:
      - 6dbdb235-5cc6-4623-8007-38694e14f2b5
    status:
      code: 200
      message: OK
- request:
    body: null
    headers:
      Accept:
      - '*/*'
      Accept-Encoding:
      - gzip, deflate
      CommandName:
      - spring app create
      Connection:
      - keep-alive
      ParameterSetName:
      - -s -g -n
      User-Agent:
      - AZURECLI/2.45.0 azsdk-python-mgmt-appplatform/6.1.0 Python/3.8.9 (Windows-10-10.0.22621-SP0)
    method: GET
    uri: https://management.azure.com/subscriptions/00000000-0000-0000-0000-000000000000/resourceGroups/cli/providers/Microsoft.AppPlatform/Spring/cli-unittest/apps/test-remote-debugging?api-version=2024-05-01-preview
  response:
    body:
      string: '{"properties":{"addonConfigs":{"applicationConfigurationService":{},"serviceRegistry":{}},"public":false,"provisioningState":"Succeeded","fqdn":"cli-unittest.azuremicroservices.io","httpsOnly":false,"temporaryDisk":{"sizeInGB":5,"mountPath":"/tmp"},"persistentDisk":{"sizeInGB":0,"mountPath":"/persistent"},"enableEndToEndTLS":false,"ingressSettings":{"readTimeoutInSeconds":300,"sendTimeoutInSeconds":60,"sessionCookieMaxAge":0,"sessionAffinity":"None","backendProtocol":"Default"}},"type":"Microsoft.AppPlatform/Spring/apps","identity":null,"location":"centralindia","id":"/subscriptions/00000000-0000-0000-0000-000000000000/resourceGroups/cli/providers/Microsoft.AppPlatform/Spring/cli-unittest/apps/test-remote-debugging","name":"test-remote-debugging","systemData":{"createdBy":"pensh@microsoft.com","createdByType":"User","createdAt":"2023-02-20T05:22:41.8488992Z","lastModifiedBy":"pensh@microsoft.com","lastModifiedByType":"User","lastModifiedAt":"2023-02-20T05:22:59.0516331Z"}}'
    headers:
      cache-control:
      - no-cache
      content-length:
      - '987'
      content-type:
      - application/json; charset=utf-8
      date:
      - Mon, 20 Feb 2023 05:23:10 GMT
      expires:
      - '-1'
      pragma:
      - no-cache
      request-context:
      - appId=cid-v1:797d7e4e-8180-497e-a254-780fbd39ba4d
      strict-transport-security:
      - max-age=31536000; includeSubDomains
      transfer-encoding:
      - chunked
      vary:
      - Accept-Encoding
      x-content-type-options:
      - nosniff
      x-ms-ratelimit-remaining-subscription-resource-requests:
      - '11999'
      x-rp-server-mvid:
      - 6dbdb235-5cc6-4623-8007-38694e14f2b5
    status:
      code: 200
      message: OK
- request:
    body: null
    headers:
      Accept:
      - '*/*'
      Accept-Encoding:
      - gzip, deflate
      CommandName:
      - spring app create
      Connection:
      - keep-alive
      ParameterSetName:
      - -s -g -n
      User-Agent:
      - AZURECLI/2.45.0 azsdk-python-mgmt-appplatform/6.1.0 Python/3.8.9 (Windows-10-10.0.22621-SP0)
    method: GET
    uri: https://management.azure.com/subscriptions/00000000-0000-0000-0000-000000000000/resourceGroups/cli/providers/Microsoft.AppPlatform/locations/centralindia/operationStatus/default/operationId/f8a91e79-ac7d-4f4b-b04f-59c3ca0e1e34?api-version=2024-05-01-preview
  response:
    body:
      string: '{"id":"subscriptions/d51e3ffe-6b84-49cd-b426-0dc4ec660356/resourceGroups/cli/providers/Microsoft.AppPlatform/locations/centralindia/operationStatus/default/operationId/f8a91e79-ac7d-4f4b-b04f-59c3ca0e1e34","name":"f8a91e79-ac7d-4f4b-b04f-59c3ca0e1e34","status":"Running","startTime":"2023-02-20T05:22:58.8361318Z"}'
    headers:
      cache-control:
      - no-cache
      content-length:
      - '314'
      content-type:
      - application/json; charset=utf-8
      date:
      - Mon, 20 Feb 2023 05:23:19 GMT
      expires:
      - '-1'
      pragma:
      - no-cache
      request-context:
      - appId=cid-v1:797d7e4e-8180-497e-a254-780fbd39ba4d
      strict-transport-security:
      - max-age=31536000; includeSubDomains
      transfer-encoding:
      - chunked
      vary:
      - Accept-Encoding
      x-content-type-options:
      - nosniff
      x-rp-server-mvid:
      - 6dbdb235-5cc6-4623-8007-38694e14f2b5
    status:
      code: 200
      message: OK
- request:
    body: null
    headers:
      Accept:
      - '*/*'
      Accept-Encoding:
      - gzip, deflate
      CommandName:
      - spring app create
      Connection:
      - keep-alive
      ParameterSetName:
      - -s -g -n
      User-Agent:
      - AZURECLI/2.45.0 azsdk-python-mgmt-appplatform/6.1.0 Python/3.8.9 (Windows-10-10.0.22621-SP0)
    method: GET
    uri: https://management.azure.com/subscriptions/00000000-0000-0000-0000-000000000000/resourceGroups/cli/providers/Microsoft.AppPlatform/locations/centralindia/operationStatus/default/operationId/f8a91e79-ac7d-4f4b-b04f-59c3ca0e1e34?api-version=2024-05-01-preview
  response:
    body:
      string: '{"id":"subscriptions/d51e3ffe-6b84-49cd-b426-0dc4ec660356/resourceGroups/cli/providers/Microsoft.AppPlatform/locations/centralindia/operationStatus/default/operationId/f8a91e79-ac7d-4f4b-b04f-59c3ca0e1e34","name":"f8a91e79-ac7d-4f4b-b04f-59c3ca0e1e34","status":"Running","startTime":"2023-02-20T05:22:58.8361318Z"}'
    headers:
      cache-control:
      - no-cache
      content-length:
      - '314'
      content-type:
      - application/json; charset=utf-8
      date:
      - Mon, 20 Feb 2023 05:23:31 GMT
      expires:
      - '-1'
      pragma:
      - no-cache
      request-context:
      - appId=cid-v1:797d7e4e-8180-497e-a254-780fbd39ba4d
      strict-transport-security:
      - max-age=31536000; includeSubDomains
      transfer-encoding:
      - chunked
      vary:
      - Accept-Encoding
      x-content-type-options:
      - nosniff
      x-rp-server-mvid:
      - 6dbdb235-5cc6-4623-8007-38694e14f2b5
    status:
      code: 200
      message: OK
- request:
    body: null
    headers:
      Accept:
      - '*/*'
      Accept-Encoding:
      - gzip, deflate
      CommandName:
      - spring app create
      Connection:
      - keep-alive
      ParameterSetName:
      - -s -g -n
      User-Agent:
      - AZURECLI/2.45.0 azsdk-python-mgmt-appplatform/6.1.0 Python/3.8.9 (Windows-10-10.0.22621-SP0)
    method: GET
    uri: https://management.azure.com/subscriptions/00000000-0000-0000-0000-000000000000/resourceGroups/cli/providers/Microsoft.AppPlatform/locations/centralindia/operationStatus/default/operationId/f8a91e79-ac7d-4f4b-b04f-59c3ca0e1e34?api-version=2024-05-01-preview
  response:
    body:
      string: '{"id":"subscriptions/d51e3ffe-6b84-49cd-b426-0dc4ec660356/resourceGroups/cli/providers/Microsoft.AppPlatform/locations/centralindia/operationStatus/default/operationId/f8a91e79-ac7d-4f4b-b04f-59c3ca0e1e34","name":"f8a91e79-ac7d-4f4b-b04f-59c3ca0e1e34","status":"Running","startTime":"2023-02-20T05:22:58.8361318Z"}'
    headers:
      cache-control:
      - no-cache
      content-length:
      - '314'
      content-type:
      - application/json; charset=utf-8
      date:
      - Mon, 20 Feb 2023 05:23:41 GMT
      expires:
      - '-1'
      pragma:
      - no-cache
      request-context:
      - appId=cid-v1:797d7e4e-8180-497e-a254-780fbd39ba4d
      strict-transport-security:
      - max-age=31536000; includeSubDomains
      transfer-encoding:
      - chunked
      vary:
      - Accept-Encoding
      x-content-type-options:
      - nosniff
      x-rp-server-mvid:
      - 6dbdb235-5cc6-4623-8007-38694e14f2b5
    status:
      code: 200
      message: OK
- request:
    body: null
    headers:
      Accept:
      - '*/*'
      Accept-Encoding:
      - gzip, deflate
      CommandName:
      - spring app create
      Connection:
      - keep-alive
      ParameterSetName:
      - -s -g -n
      User-Agent:
      - AZURECLI/2.45.0 azsdk-python-mgmt-appplatform/6.1.0 Python/3.8.9 (Windows-10-10.0.22621-SP0)
    method: GET
    uri: https://management.azure.com/subscriptions/00000000-0000-0000-0000-000000000000/resourceGroups/cli/providers/Microsoft.AppPlatform/locations/centralindia/operationStatus/default/operationId/f8a91e79-ac7d-4f4b-b04f-59c3ca0e1e34?api-version=2024-05-01-preview
  response:
    body:
      string: '{"id":"subscriptions/d51e3ffe-6b84-49cd-b426-0dc4ec660356/resourceGroups/cli/providers/Microsoft.AppPlatform/locations/centralindia/operationStatus/default/operationId/f8a91e79-ac7d-4f4b-b04f-59c3ca0e1e34","name":"f8a91e79-ac7d-4f4b-b04f-59c3ca0e1e34","status":"Succeeded","startTime":"2023-02-20T05:22:58.8361318Z","endTime":"2023-02-20T05:23:47.7755069Z"}'
    headers:
      cache-control:
      - no-cache
      content-length:
      - '357'
      content-type:
      - application/json; charset=utf-8
      date:
      - Mon, 20 Feb 2023 05:23:51 GMT
      expires:
      - '-1'
      pragma:
      - no-cache
      request-context:
      - appId=cid-v1:797d7e4e-8180-497e-a254-780fbd39ba4d
      strict-transport-security:
      - max-age=31536000; includeSubDomains
      transfer-encoding:
      - chunked
      vary:
      - Accept-Encoding
      x-content-type-options:
      - nosniff
      x-rp-server-mvid:
      - 6dbdb235-5cc6-4623-8007-38694e14f2b5
    status:
      code: 200
      message: OK
- request:
    body: null
    headers:
      Accept:
      - '*/*'
      Accept-Encoding:
      - gzip, deflate
      CommandName:
      - spring app create
      Connection:
      - keep-alive
      ParameterSetName:
      - -s -g -n
      User-Agent:
      - AZURECLI/2.45.0 azsdk-python-mgmt-appplatform/6.1.0 Python/3.8.9 (Windows-10-10.0.22621-SP0)
    method: GET
    uri: https://management.azure.com/subscriptions/00000000-0000-0000-0000-000000000000/resourceGroups/cli/providers/Microsoft.AppPlatform/Spring/cli-unittest/apps/test-remote-debugging/deployments/mock-deployment?api-version=2024-05-01-preview
  response:
    body:
      string: '{"properties":{"deploymentSettings":{"resourceRequests":{"cpu":"1","memory":"1Gi"},"environmentVariables":null,"terminationGracePeriodSeconds":90,"livenessProbe":{"disableProbe":false,"failureThreshold":3,"initialDelaySeconds":300,"periodSeconds":10,"successThreshold":1,"timeoutSeconds":3,"probeAction":{"type":"TCPSocketAction"}},"readinessProbe":{"disableProbe":false,"failureThreshold":3,"initialDelaySeconds":0,"periodSeconds":5,"successThreshold":1,"timeoutSeconds":3,"probeAction":{"type":"TCPSocketAction"}}},"provisioningState":"Succeeded","status":"Running","active":true,"instances":[{"name":"test-remote-debugging-default-21-5665854974-6szmp","status":"Running","discoveryStatus":"UNREGISTERED","startTime":"2023-02-20T05:23:04Z"}],"source":{"type":"Jar","relativePath":"<default>","runtimeVersion":"Java_11"}},"type":"Microsoft.AppPlatform/Spring/apps/deployments","sku":{"name":"S0","tier":"Standard","capacity":1},"id":"/subscriptions/00000000-0000-0000-0000-000000000000/resourceGroups/cli/providers/Microsoft.AppPlatform/Spring/cli-unittest/apps/test-remote-debugging/deployments/default","name":"default","systemData":{"createdBy":"pensh@microsoft.com","createdByType":"User","createdAt":"2023-02-20T05:22:57.6922841Z","lastModifiedBy":"pensh@microsoft.com","lastModifiedByType":"User","lastModifiedAt":"2023-02-20T05:22:57.6922841Z"}}'
    headers:
      cache-control:
      - no-cache
      content-length:
      - '1353'
      content-type:
      - application/json; charset=utf-8
      date:
      - Mon, 20 Feb 2023 05:23:54 GMT
      expires:
      - '-1'
      pragma:
      - no-cache
      request-context:
      - appId=cid-v1:797d7e4e-8180-497e-a254-780fbd39ba4d
      strict-transport-security:
      - max-age=31536000; includeSubDomains
      transfer-encoding:
      - chunked
      vary:
      - Accept-Encoding
      x-content-type-options:
      - nosniff
      x-ms-ratelimit-remaining-subscription-resource-requests:
      - '11999'
      x-rp-server-mvid:
      - 6dbdb235-5cc6-4623-8007-38694e14f2b5
    status:
      code: 200
      message: OK
- request:
    body: null
    headers:
      Accept:
      - application/json
      Accept-Encoding:
      - gzip, deflate
      CommandName:
      - spring app create
      Connection:
      - keep-alive
      ParameterSetName:
      - -s -g -n
      User-Agent:
      - AZURECLI/2.45.0 azsdk-python-mgmt-appplatform/6.1.0 Python/3.8.9 (Windows-10-10.0.22621-SP0)
    method: GET
    uri: https://management.azure.com/subscriptions/00000000-0000-0000-0000-000000000000/resourceGroups/cli/providers/Microsoft.AppPlatform/Spring/cli-unittest/apps/test-remote-debugging?api-version=2024-05-01-preview
  response:
    body:
      string: '{"properties":{"addonConfigs":{"applicationConfigurationService":{},"serviceRegistry":{}},"public":false,"provisioningState":"Succeeded","fqdn":"cli-unittest.azuremicroservices.io","httpsOnly":false,"temporaryDisk":{"sizeInGB":5,"mountPath":"/tmp"},"persistentDisk":{"sizeInGB":0,"mountPath":"/persistent"},"enableEndToEndTLS":false,"ingressSettings":{"readTimeoutInSeconds":300,"sendTimeoutInSeconds":60,"sessionCookieMaxAge":0,"sessionAffinity":"None","backendProtocol":"Default"}},"type":"Microsoft.AppPlatform/Spring/apps","identity":null,"location":"centralindia","id":"/subscriptions/00000000-0000-0000-0000-000000000000/resourceGroups/cli/providers/Microsoft.AppPlatform/Spring/cli-unittest/apps/test-remote-debugging","name":"test-remote-debugging","systemData":{"createdBy":"pensh@microsoft.com","createdByType":"User","createdAt":"2023-02-20T05:22:41.8488992Z","lastModifiedBy":"pensh@microsoft.com","lastModifiedByType":"User","lastModifiedAt":"2023-02-20T05:22:59.0516331Z"}}'
    headers:
      cache-control:
      - no-cache
      content-length:
      - '987'
      content-type:
      - application/json; charset=utf-8
      date:
      - Mon, 20 Feb 2023 05:23:54 GMT
      expires:
      - '-1'
      pragma:
      - no-cache
      request-context:
      - appId=cid-v1:797d7e4e-8180-497e-a254-780fbd39ba4d
      strict-transport-security:
      - max-age=31536000; includeSubDomains
      transfer-encoding:
      - chunked
      vary:
      - Accept-Encoding
      x-content-type-options:
      - nosniff
      x-ms-ratelimit-remaining-subscription-resource-requests:
      - '11998'
      x-rp-server-mvid:
      - 6dbdb235-5cc6-4623-8007-38694e14f2b5
    status:
      code: 200
      message: OK
- request:
    body: null
    headers:
      Accept:
      - application/json
      Accept-Encoding:
      - gzip, deflate
      CommandName:
      - spring app create
      Connection:
      - keep-alive
      ParameterSetName:
      - -s -g -n
      User-Agent:
      - AZURECLI/2.45.0 azsdk-python-mgmt-appplatform/6.1.0 Python/3.8.9 (Windows-10-10.0.22621-SP0)
    method: GET
    uri: https://management.azure.com/subscriptions/00000000-0000-0000-0000-000000000000/resourceGroups/cli/providers/Microsoft.AppPlatform/Spring/cli-unittest/apps/test-remote-debugging/deployments?api-version=2024-05-01-preview
  response:
    body:
      string: '{"value":[{"properties":{"deploymentSettings":{"resourceRequests":{"cpu":"1","memory":"1Gi"},"environmentVariables":null,"terminationGracePeriodSeconds":90,"livenessProbe":{"disableProbe":false,"failureThreshold":3,"initialDelaySeconds":300,"periodSeconds":10,"successThreshold":1,"timeoutSeconds":3,"probeAction":{"type":"TCPSocketAction"}},"readinessProbe":{"disableProbe":false,"failureThreshold":3,"initialDelaySeconds":0,"periodSeconds":5,"successThreshold":1,"timeoutSeconds":3,"probeAction":{"type":"TCPSocketAction"}}},"provisioningState":"Succeeded","status":"Running","active":true,"instances":[{"name":"test-remote-debugging-default-21-5665854974-6szmp","status":"Running","discoveryStatus":"UNREGISTERED","startTime":"2023-02-20T05:23:04Z"}],"source":{"type":"Jar","relativePath":"<default>","runtimeVersion":"Java_11"}},"type":"Microsoft.AppPlatform/Spring/apps/deployments","sku":{"name":"S0","tier":"Standard","capacity":1},"id":"/subscriptions/00000000-0000-0000-0000-000000000000/resourceGroups/cli/providers/Microsoft.AppPlatform/Spring/cli-unittest/apps/test-remote-debugging/deployments/default","name":"default","systemData":{"createdBy":"pensh@microsoft.com","createdByType":"User","createdAt":"2023-02-20T05:22:57.6922841Z","lastModifiedBy":"pensh@microsoft.com","lastModifiedByType":"User","lastModifiedAt":"2023-02-20T05:22:57.6922841Z"}}]}'
    headers:
      cache-control:
      - no-cache
      content-length:
      - '1365'
      content-type:
      - application/json; charset=utf-8
      date:
      - Mon, 20 Feb 2023 05:23:57 GMT
      expires:
      - '-1'
      pragma:
      - no-cache
      request-context:
      - appId=cid-v1:797d7e4e-8180-497e-a254-780fbd39ba4d
      strict-transport-security:
      - max-age=31536000; includeSubDomains
      transfer-encoding:
      - chunked
      vary:
      - Accept-Encoding
      x-content-type-options:
      - nosniff
      x-ms-ratelimit-remaining-subscription-resource-requests:
      - '11998'
      x-rp-server-mvid:
      - 6dbdb235-5cc6-4623-8007-38694e14f2b5
    status:
      code: 200
      message: OK
- request:
    body: null
    headers:
      Accept:
      - application/json
      Accept-Encoding:
      - gzip, deflate
      CommandName:
      - spring app enable-remote-debugging
      Connection:
      - keep-alive
      ParameterSetName:
      - -n -g -s -d
      User-Agent:
      - AZURECLI/2.45.0 azsdk-python-mgmt-appplatform/6.1.0 Python/3.8.9 (Windows-10-10.0.22621-SP0)
    method: GET
    uri: https://management.azure.com/subscriptions/00000000-0000-0000-0000-000000000000/resourceGroups/cli/providers/Microsoft.AppPlatform/Spring/cli-unittest/apps/test-remote-debugging/deployments/mock-deployment?api-version=2024-05-01-preview
  response:
    body:
      string: '{"properties":{"deploymentSettings":{"resourceRequests":{"cpu":"1","memory":"1Gi"},"environmentVariables":null,"terminationGracePeriodSeconds":90,"livenessProbe":{"disableProbe":false,"failureThreshold":3,"initialDelaySeconds":300,"periodSeconds":10,"successThreshold":1,"timeoutSeconds":3,"probeAction":{"type":"TCPSocketAction"}},"readinessProbe":{"disableProbe":false,"failureThreshold":3,"initialDelaySeconds":0,"periodSeconds":5,"successThreshold":1,"timeoutSeconds":3,"probeAction":{"type":"TCPSocketAction"}}},"provisioningState":"Succeeded","status":"Running","active":true,"instances":[{"name":"test-remote-debugging-default-21-5665854974-6szmp","status":"Running","discoveryStatus":"UNREGISTERED","startTime":"2023-02-20T05:23:04Z"}],"source":{"type":"Jar","relativePath":"<default>","runtimeVersion":"Java_11"}},"type":"Microsoft.AppPlatform/Spring/apps/deployments","sku":{"name":"S0","tier":"Standard","capacity":1},"id":"/subscriptions/00000000-0000-0000-0000-000000000000/resourceGroups/cli/providers/Microsoft.AppPlatform/Spring/cli-unittest/apps/test-remote-debugging/deployments/default","name":"default","systemData":{"createdBy":"pensh@microsoft.com","createdByType":"User","createdAt":"2023-02-20T05:22:57.6922841Z","lastModifiedBy":"pensh@microsoft.com","lastModifiedByType":"User","lastModifiedAt":"2023-02-20T05:22:57.6922841Z"}}'
    headers:
      cache-control:
      - no-cache
      content-length:
      - '1353'
      content-type:
      - application/json; charset=utf-8
      date:
      - Mon, 20 Feb 2023 05:24:01 GMT
      expires:
      - '-1'
      pragma:
      - no-cache
      request-context:
      - appId=cid-v1:797d7e4e-8180-497e-a254-780fbd39ba4d
      strict-transport-security:
      - max-age=31536000; includeSubDomains
      transfer-encoding:
      - chunked
      vary:
      - Accept-Encoding
      x-content-type-options:
      - nosniff
      x-ms-ratelimit-remaining-subscription-resource-requests:
      - '11999'
      x-rp-server-mvid:
      - 6dbdb235-5cc6-4623-8007-38694e14f2b5
    status:
      code: 200
      message: OK
- request:
    body: '{"port": 5005}'
    headers:
      Accept:
      - application/json
      Accept-Encoding:
      - gzip, deflate
      CommandName:
      - spring app enable-remote-debugging
      Connection:
      - keep-alive
      Content-Length:
      - '14'
      Content-Type:
      - application/json
      ParameterSetName:
      - -n -g -s -d
      User-Agent:
      - AZURECLI/2.45.0 azsdk-python-mgmt-appplatform/6.1.0 Python/3.8.9 (Windows-10-10.0.22621-SP0)
    method: POST
    uri: https://management.azure.com/subscriptions/00000000-0000-0000-0000-000000000000/resourceGroups/cli/providers/Microsoft.AppPlatform/Spring/cli-unittest/apps/test-remote-debugging/deployments/mock-deployment/enableRemoteDebugging?api-version=2024-05-01-preview
  response:
    body:
      string: '{"error":{"code":"InvalidArgument","message":"You can not debug default
        banner, please deploy your own java applications","target":null,"details":null}}'
    headers:
      cache-control:
      - no-cache
      content-length:
      - '152'
      content-type:
      - application/json; charset=utf-8
      date:
      - Mon, 20 Feb 2023 05:24:02 GMT
      expires:
      - '-1'
      pragma:
      - no-cache
      request-context:
      - appId=cid-v1:797d7e4e-8180-497e-a254-780fbd39ba4d
      strict-transport-security:
      - max-age=31536000; includeSubDomains
      x-content-type-options:
      - nosniff
      x-ms-ratelimit-remaining-subscription-writes:
      - '1199'
      x-rp-server-mvid:
      - 6dbdb235-5cc6-4623-8007-38694e14f2b5
    status:
      code: 400
      message: Bad Request
- request:
    body: null
    headers:
      Accept:
      - application/json
      Accept-Encoding:
      - gzip, deflate
      CommandName:
      - spring app disable-remote-debugging
      Connection:
      - keep-alive
      ParameterSetName:
      - -n -g -s -d
      User-Agent:
      - AZURECLI/2.45.0 azsdk-python-mgmt-appplatform/6.1.0 Python/3.8.9 (Windows-10-10.0.22621-SP0)
    method: GET
    uri: https://management.azure.com/subscriptions/00000000-0000-0000-0000-000000000000/resourceGroups/cli/providers/Microsoft.AppPlatform/Spring/cli-unittest/apps/test-remote-debugging/deployments/mock-deployment?api-version=2024-05-01-preview
  response:
    body:
      string: '{"properties":{"deploymentSettings":{"resourceRequests":{"cpu":"1","memory":"1Gi"},"environmentVariables":null,"terminationGracePeriodSeconds":90,"livenessProbe":{"disableProbe":false,"failureThreshold":3,"initialDelaySeconds":300,"periodSeconds":10,"successThreshold":1,"timeoutSeconds":3,"probeAction":{"type":"TCPSocketAction"}},"readinessProbe":{"disableProbe":false,"failureThreshold":3,"initialDelaySeconds":0,"periodSeconds":5,"successThreshold":1,"timeoutSeconds":3,"probeAction":{"type":"TCPSocketAction"}}},"provisioningState":"Succeeded","status":"Running","active":true,"instances":[{"name":"test-remote-debugging-default-21-5665854974-6szmp","status":"Running","discoveryStatus":"UNREGISTERED","startTime":"2023-02-20T05:23:04Z"}],"source":{"type":"Jar","relativePath":"<default>","runtimeVersion":"Java_11"}},"type":"Microsoft.AppPlatform/Spring/apps/deployments","sku":{"name":"S0","tier":"Standard","capacity":1},"id":"/subscriptions/00000000-0000-0000-0000-000000000000/resourceGroups/cli/providers/Microsoft.AppPlatform/Spring/cli-unittest/apps/test-remote-debugging/deployments/default","name":"default","systemData":{"createdBy":"pensh@microsoft.com","createdByType":"User","createdAt":"2023-02-20T05:22:57.6922841Z","lastModifiedBy":"pensh@microsoft.com","lastModifiedByType":"User","lastModifiedAt":"2023-02-20T05:22:57.6922841Z"}}'
    headers:
      cache-control:
      - no-cache
      content-length:
      - '1353'
      content-type:
      - application/json; charset=utf-8
      date:
      - Mon, 20 Feb 2023 05:24:05 GMT
      expires:
      - '-1'
      pragma:
      - no-cache
      request-context:
      - appId=cid-v1:797d7e4e-8180-497e-a254-780fbd39ba4d
      strict-transport-security:
      - max-age=31536000; includeSubDomains
      transfer-encoding:
      - chunked
      vary:
      - Accept-Encoding
      x-content-type-options:
      - nosniff
      x-ms-ratelimit-remaining-subscription-resource-requests:
      - '11999'
      x-rp-server-mvid:
      - 6dbdb235-5cc6-4623-8007-38694e14f2b5
    status:
      code: 200
      message: OK
- request:
    body: null
    headers:
      Accept:
      - application/json
      Accept-Encoding:
      - gzip, deflate
      CommandName:
      - spring app disable-remote-debugging
      Connection:
      - keep-alive
      Content-Length:
      - '0'
      ParameterSetName:
      - -n -g -s -d
      User-Agent:
      - AZURECLI/2.45.0 azsdk-python-mgmt-appplatform/6.1.0 Python/3.8.9 (Windows-10-10.0.22621-SP0)
    method: POST
    uri: https://management.azure.com/subscriptions/00000000-0000-0000-0000-000000000000/resourceGroups/cli/providers/Microsoft.AppPlatform/Spring/cli-unittest/apps/test-remote-debugging/deployments/mock-deployment/disableRemoteDebugging?api-version=2024-05-01-preview
  response:
    body:
      string: '{"port":5005,"enabled":false}'
    headers:
      cache-control:
      - no-cache
      content-length:
      - '29'
      content-type:
      - application/json; charset=utf-8
      date:
      - Mon, 20 Feb 2023 05:24:06 GMT
      expires:
      - '-1'
      pragma:
      - no-cache
      request-context:
      - appId=cid-v1:797d7e4e-8180-497e-a254-780fbd39ba4d
      strict-transport-security:
      - max-age=31536000; includeSubDomains
      transfer-encoding:
      - chunked
      vary:
      - Accept-Encoding
      x-content-type-options:
      - nosniff
      x-ms-ratelimit-remaining-subscription-writes:
      - '1199'
      x-rp-server-mvid:
      - 6dbdb235-5cc6-4623-8007-38694e14f2b5
    status:
      code: 200
      message: OK
- request:
    body: null
    headers:
      Accept:
      - application/json
      Accept-Encoding:
      - gzip, deflate
      CommandName:
      - spring app get-remote-debugging-config
      Connection:
      - keep-alive
      ParameterSetName:
      - -n -g -s -d
      User-Agent:
      - AZURECLI/2.45.0 azsdk-python-mgmt-appplatform/6.1.0 Python/3.8.9 (Windows-10-10.0.22621-SP0)
    method: GET
    uri: https://management.azure.com/subscriptions/00000000-0000-0000-0000-000000000000/resourceGroups/cli/providers/Microsoft.AppPlatform/Spring/cli-unittest/apps/test-remote-debugging/deployments/mock-deployment?api-version=2024-05-01-preview
  response:
    body:
      string: '{"properties":{"deploymentSettings":{"resourceRequests":{"cpu":"1","memory":"1Gi"},"environmentVariables":null,"terminationGracePeriodSeconds":90,"livenessProbe":{"disableProbe":false,"failureThreshold":3,"initialDelaySeconds":300,"periodSeconds":10,"successThreshold":1,"timeoutSeconds":3,"probeAction":{"type":"TCPSocketAction"}},"readinessProbe":{"disableProbe":false,"failureThreshold":3,"initialDelaySeconds":0,"periodSeconds":5,"successThreshold":1,"timeoutSeconds":3,"probeAction":{"type":"TCPSocketAction"}}},"provisioningState":"Succeeded","status":"Running","active":true,"instances":[{"name":"test-remote-debugging-default-21-5665854974-6szmp","status":"Running","discoveryStatus":"UNREGISTERED","startTime":"2023-02-20T05:23:04Z"}],"source":{"type":"Jar","relativePath":"<default>","runtimeVersion":"Java_11"}},"type":"Microsoft.AppPlatform/Spring/apps/deployments","sku":{"name":"S0","tier":"Standard","capacity":1},"id":"/subscriptions/00000000-0000-0000-0000-000000000000/resourceGroups/cli/providers/Microsoft.AppPlatform/Spring/cli-unittest/apps/test-remote-debugging/deployments/default","name":"default","systemData":{"createdBy":"pensh@microsoft.com","createdByType":"User","createdAt":"2023-02-20T05:22:57.6922841Z","lastModifiedBy":"pensh@microsoft.com","lastModifiedByType":"User","lastModifiedAt":"2023-02-20T05:22:57.6922841Z"}}'
    headers:
      cache-control:
      - no-cache
      content-length:
      - '1353'
      content-type:
      - application/json; charset=utf-8
      date:
      - Mon, 20 Feb 2023 05:24:11 GMT
      expires:
      - '-1'
      pragma:
      - no-cache
      request-context:
      - appId=cid-v1:797d7e4e-8180-497e-a254-780fbd39ba4d
      strict-transport-security:
      - max-age=31536000; includeSubDomains
      transfer-encoding:
      - chunked
      vary:
      - Accept-Encoding
      x-content-type-options:
      - nosniff
      x-ms-ratelimit-remaining-subscription-resource-requests:
      - '11999'
      x-rp-server-mvid:
      - 6dbdb235-5cc6-4623-8007-38694e14f2b5
    status:
      code: 200
      message: OK
- request:
    body: null
    headers:
      Accept:
      - application/json
      Accept-Encoding:
      - gzip, deflate
      CommandName:
      - spring app get-remote-debugging-config
      Connection:
      - keep-alive
      Content-Length:
      - '0'
      ParameterSetName:
      - -n -g -s -d
      User-Agent:
      - AZURECLI/2.45.0 azsdk-python-mgmt-appplatform/6.1.0 Python/3.8.9 (Windows-10-10.0.22621-SP0)
    method: POST
    uri: https://management.azure.com/subscriptions/00000000-0000-0000-0000-000000000000/resourceGroups/cli/providers/Microsoft.AppPlatform/Spring/cli-unittest/apps/test-remote-debugging/deployments/mock-deployment/getRemoteDebuggingConfig?api-version=2024-05-01-preview
  response:
    body:
      string: '{"port":5005,"enabled":false}'
    headers:
      cache-control:
      - no-cache
      content-length:
      - '29'
      content-type:
      - application/json; charset=utf-8
      date:
      - Mon, 20 Feb 2023 05:24:12 GMT
      expires:
      - '-1'
      pragma:
      - no-cache
      request-context:
      - appId=cid-v1:797d7e4e-8180-497e-a254-780fbd39ba4d
      strict-transport-security:
      - max-age=31536000; includeSubDomains
      transfer-encoding:
      - chunked
      vary:
      - Accept-Encoding
      x-content-type-options:
      - nosniff
      x-ms-ratelimit-remaining-subscription-writes:
      - '1199'
      x-rp-server-mvid:
      - 6dbdb235-5cc6-4623-8007-38694e14f2b5
    status:
      code: 200
      message: OK
version: 1
