interactions:
- request:
    body: null
    headers:
      Accept:
      - application/json
      Accept-Encoding:
      - gzip, deflate
      CommandName:
      - spring app create
      Connection:
      - keep-alive
      ParameterSetName:
      - -n -g -s
      User-Agent:
      - AZURECLI/2.42.0 azsdk-python-mgmt-appplatform/6.1.0 Python/3.8.3 (Windows-10-10.0.22621-SP0)
    method: GET
    uri: https://management.azure.com/subscriptions/00000000-0000-0000-0000-000000000000/resourceGroups/cli/providers/Microsoft.AppPlatform/Spring/cli-unittest/apps/test-app-blue-green?api-version=2022-09-01-preview
  response:
    body:
      string: '{"error":{"code":"NotFound","message":"App was not found","target":"/subscriptions/00000000-0000-0000-0000-000000000000/resourceGroups/cli/providers/Microsoft.AppPlatform/Spring/cli-unittest/apps/test-app-blue-green","details":null}}'
    headers:
      cache-control:
      - no-cache
      content-length:
      - '233'
      content-type:
      - application/json; charset=utf-8
      date:
      - Thu, 24 Nov 2022 13:13:38 GMT
      expires:
      - '-1'
      pragma:
      - no-cache
      request-context:
      - appId=cid-v1:797d7e4e-8180-497e-a254-780fbd39ba4d
      strict-transport-security:
      - max-age=31536000; includeSubDomains
      x-content-type-options:
      - nosniff
      x-ms-ratelimit-remaining-subscription-resource-requests:
      - '11995'
      x-rp-server-mvid:
      - 59b5eb15-14b1-47d7-aa3e-7b6c2904efcd
    status:
      code: 404
      message: Not Found
- request:
    body: null
    headers:
      Accept:
      - application/json
      Accept-Encoding:
      - gzip, deflate
      CommandName:
      - spring app create
      Connection:
      - keep-alive
      ParameterSetName:
      - -n -g -s
      User-Agent:
      - AZURECLI/2.42.0 azsdk-python-mgmt-appplatform/6.1.0 Python/3.8.3 (Windows-10-10.0.22621-SP0)
    method: GET
    uri: https://management.azure.com/subscriptions/00000000-0000-0000-0000-000000000000/resourceGroups/cli/providers/Microsoft.AppPlatform/Spring/cli-unittest?api-version=2022-09-01-preview
  response:
    body:
      string: '{"properties":{"provisioningState":"Succeeded","zoneRedundant":false,"version":3,"serviceId":"685378627024414abceb4ac7ba13e677","networkProfile":{"outboundIPs":{"publicIPs":["20.62.235.173","20.62.235.230"]},"outboundType":"loadBalancer"},"powerState":"Running","fqdn":"cli-unittest.azuremicroservices.io"},"type":"Microsoft.AppPlatform/Spring","sku":{"name":"S0","tier":"Standard"},"location":"eastus","tags":{},"id":"/subscriptions/00000000-0000-0000-0000-000000000000/resourceGroups/cli/providers/Microsoft.AppPlatform/Spring/cli-unittest","name":"cli-unittest","systemData":{"createdBy":"yili7@microsoft.com","createdByType":"User","createdAt":"2022-11-24T12:09:50.6175309Z","lastModifiedBy":"yili7@microsoft.com","lastModifiedByType":"User","lastModifiedAt":"2022-11-24T12:14:02.6440969Z"}}'
    headers:
      cache-control:
      - no-cache
      content-length:
      - '795'
      content-type:
      - application/json; charset=utf-8
      date:
      - Thu, 24 Nov 2022 13:13:38 GMT
      expires:
      - '-1'
      pragma:
      - no-cache
      request-context:
      - appId=cid-v1:797d7e4e-8180-497e-a254-780fbd39ba4d
      strict-transport-security:
      - max-age=31536000; includeSubDomains
      transfer-encoding:
      - chunked
      vary:
      - Accept-Encoding
      x-content-type-options:
      - nosniff
      x-ms-ratelimit-remaining-subscription-resource-requests:
      - '11998'
      x-rp-server-mvid:
      - 59b5eb15-14b1-47d7-aa3e-7b6c2904efcd
    status:
      code: 200
      message: OK
- request:
    body: '{"properties": {"public": false, "httpsOnly": false, "temporaryDisk": {"sizeInGB":
      5, "mountPath": "/tmp"}, "enableEndToEndTLS": false}}'
    headers:
      Accept:
      - application/json
      Accept-Encoding:
      - gzip, deflate
      CommandName:
      - spring app create
      Connection:
      - keep-alive
      Content-Length:
      - '136'
      Content-Type:
      - application/json
      ParameterSetName:
      - -n -g -s
      User-Agent:
      - AZURECLI/2.42.0 azsdk-python-mgmt-appplatform/6.1.0 Python/3.8.3 (Windows-10-10.0.22621-SP0)
    method: PUT
    uri: https://management.azure.com/subscriptions/00000000-0000-0000-0000-000000000000/resourceGroups/cli/providers/Microsoft.AppPlatform/Spring/cli-unittest/apps/test-app-blue-green?api-version=2022-09-01-preview
  response:
    body:
      string: '{"properties":{"addonConfigs":{"applicationConfigurationService":{},"serviceRegistry":{}},"public":false,"provisioningState":"Creating","httpsOnly":false,"temporaryDisk":{"sizeInGB":5,"mountPath":"/tmp"},"enableEndToEndTLS":false,"ingressSettings":{"readTimeoutInSeconds":300,"sendTimeoutInSeconds":60,"sessionCookieMaxAge":0,"sessionAffinity":"None","backendProtocol":"Default"}},"type":"Microsoft.AppPlatform/Spring/apps","identity":null,"location":"eastus","id":"/subscriptions/00000000-0000-0000-0000-000000000000/resourceGroups/cli/providers/Microsoft.AppPlatform/Spring/cli-unittest/apps/test-app-blue-green","name":"test-app-blue-green","systemData":{"createdBy":"yili7@microsoft.com","createdByType":"User","createdAt":"2022-11-24T13:13:39.4777874Z","lastModifiedBy":"yili7@microsoft.com","lastModifiedByType":"User","lastModifiedAt":"2022-11-24T13:13:39.4777874Z"}}'
    headers:
      azure-asyncoperation:
      - https://management.azure.com/subscriptions/00000000-0000-0000-0000-000000000000/resourceGroups/cli/providers/Microsoft.AppPlatform/locations/eastus/operationStatus/test-app-blue-green/operationId/7cb70537-2665-4c69-9e99-1be6b9695a9f?api-version=2022-09-01-preview
      cache-control:
      - no-cache
      content-length:
      - '874'
      content-type:
      - application/json; charset=utf-8
      date:
      - Thu, 24 Nov 2022 13:13:40 GMT
      expires:
      - '-1'
      location:
      - https://management.azure.com/subscriptions/00000000-0000-0000-0000-000000000000/resourceGroups/cli/providers/Microsoft.AppPlatform/locations/eastus/operationResults/7cb70537-2665-4c69-9e99-1be6b9695a9f/Spring/test-app-blue-green?api-version=2022-09-01-preview
      pragma:
      - no-cache
      request-context:
      - appId=cid-v1:797d7e4e-8180-497e-a254-780fbd39ba4d
      strict-transport-security:
      - max-age=31536000; includeSubDomains
      x-content-type-options:
      - nosniff
      x-ms-ratelimit-remaining-subscription-resource-requests:
      - '1197'
      x-rp-server-mvid:
      - 59b5eb15-14b1-47d7-aa3e-7b6c2904efcd
    status:
      code: 201
      message: Created
- request:
    body: null
    headers:
      Accept:
      - '*/*'
      Accept-Encoding:
      - gzip, deflate
      CommandName:
      - spring app create
      Connection:
      - keep-alive
      ParameterSetName:
      - -n -g -s
      User-Agent:
      - AZURECLI/2.42.0 azsdk-python-mgmt-appplatform/6.1.0 Python/3.8.3 (Windows-10-10.0.22621-SP0)
    method: GET
    uri: https://management.azure.com/subscriptions/00000000-0000-0000-0000-000000000000/resourceGroups/cli/providers/Microsoft.AppPlatform/locations/eastus/operationStatus/test-app-blue-green/operationId/7cb70537-2665-4c69-9e99-1be6b9695a9f?api-version=2022-09-01-preview
  response:
    body:
      string: '{"id":"subscriptions/d51e3ffe-6b84-49cd-b426-0dc4ec660356/resourceGroups/cli/providers/Microsoft.AppPlatform/locations/eastus/operationStatus/test-app-blue-green/operationId/7cb70537-2665-4c69-9e99-1be6b9695a9f","name":"7cb70537-2665-4c69-9e99-1be6b9695a9f","status":"Succeeded","startTime":"2022-11-24T13:13:40.0049152Z","endTime":"2022-11-24T13:13:48.2873738Z"}'
    headers:
      cache-control:
      - no-cache
      content-length:
      - '363'
      content-type:
      - application/json; charset=utf-8
      date:
      - Thu, 24 Nov 2022 13:14:10 GMT
      expires:
      - '-1'
      pragma:
      - no-cache
      request-context:
      - appId=cid-v1:797d7e4e-8180-497e-a254-780fbd39ba4d
      strict-transport-security:
      - max-age=31536000; includeSubDomains
      transfer-encoding:
      - chunked
      vary:
      - Accept-Encoding
      x-content-type-options:
      - nosniff
      x-rp-server-mvid:
      - 59b5eb15-14b1-47d7-aa3e-7b6c2904efcd
    status:
      code: 200
      message: OK
- request:
    body: null
    headers:
      Accept:
      - '*/*'
      Accept-Encoding:
      - gzip, deflate
      CommandName:
      - spring app create
      Connection:
      - keep-alive
      ParameterSetName:
      - -n -g -s
      User-Agent:
      - AZURECLI/2.42.0 azsdk-python-mgmt-appplatform/6.1.0 Python/3.8.3 (Windows-10-10.0.22621-SP0)
    method: GET
    uri: https://management.azure.com/subscriptions/00000000-0000-0000-0000-000000000000/resourceGroups/cli/providers/Microsoft.AppPlatform/Spring/cli-unittest/apps/test-app-blue-green?api-version=2022-09-01-preview
  response:
    body:
      string: '{"properties":{"addonConfigs":{"applicationConfigurationService":{},"serviceRegistry":{}},"public":false,"provisioningState":"Succeeded","fqdn":"cli-unittest.azuremicroservices.io","httpsOnly":false,"temporaryDisk":{"sizeInGB":5,"mountPath":"/tmp"},"persistentDisk":{"sizeInGB":0,"mountPath":"/persistent"},"enableEndToEndTLS":false,"ingressSettings":{"readTimeoutInSeconds":300,"sendTimeoutInSeconds":60,"sessionCookieMaxAge":0,"sessionAffinity":"None","backendProtocol":"Default"}},"type":"Microsoft.AppPlatform/Spring/apps","identity":null,"location":"eastus","id":"/subscriptions/00000000-0000-0000-0000-000000000000/resourceGroups/cli/providers/Microsoft.AppPlatform/Spring/cli-unittest/apps/test-app-blue-green","name":"test-app-blue-green","systemData":{"createdBy":"yili7@microsoft.com","createdByType":"User","createdAt":"2022-11-24T13:13:39.4777874Z","lastModifiedBy":"yili7@microsoft.com","lastModifiedByType":"User","lastModifiedAt":"2022-11-24T13:13:39.4777874Z"}}'
    headers:
      cache-control:
      - no-cache
      content-length:
      - '977'
      content-type:
      - application/json; charset=utf-8
      date:
      - Thu, 24 Nov 2022 13:14:10 GMT
      expires:
      - '-1'
      pragma:
      - no-cache
      request-context:
      - appId=cid-v1:797d7e4e-8180-497e-a254-780fbd39ba4d
      strict-transport-security:
      - max-age=31536000; includeSubDomains
      transfer-encoding:
      - chunked
      vary:
      - Accept-Encoding
      x-content-type-options:
      - nosniff
      x-ms-ratelimit-remaining-subscription-resource-requests:
      - '11994'
      x-rp-server-mvid:
      - 59b5eb15-14b1-47d7-aa3e-7b6c2904efcd
    status:
      code: 200
      message: OK
- request:
    body: '{"properties": {"source": {"type": "Jar", "relativePath": "<default>",
      "runtimeVersion": "Java_8"}, "deploymentSettings": {"resourceRequests": {"cpu":
      "1", "memory": "1Gi"}}, "active": true}, "sku": {"name": "S0", "tier": "Standard",
      "capacity": 1}}'
    headers:
      Accept:
      - application/json
      Accept-Encoding:
      - gzip, deflate
      CommandName:
      - spring app create
      Connection:
      - keep-alive
      Content-Length:
      - '249'
      Content-Type:
      - application/json
      ParameterSetName:
      - -n -g -s
      User-Agent:
      - AZURECLI/2.42.0 azsdk-python-mgmt-appplatform/6.1.0 Python/3.8.3 (Windows-10-10.0.22621-SP0)
    method: PUT
    uri: https://management.azure.com/subscriptions/00000000-0000-0000-0000-000000000000/resourceGroups/cli/providers/Microsoft.AppPlatform/Spring/cli-unittest/apps/test-app-blue-green/deployments/mock-deployment?api-version=2022-09-01-preview
  response:
    body:
      string: '{"properties":{"deploymentSettings":{"resourceRequests":{"cpu":"1","memory":"1Gi"},"environmentVariables":null,"terminationGracePeriodSeconds":90},"provisioningState":"Creating","status":"Running","active":true,"instances":null,"source":{"type":"Jar","relativePath":"<default>","runtimeVersion":"Java_8"}},"type":"Microsoft.AppPlatform/Spring/apps/deployments","sku":{"name":"S0","tier":"Standard","capacity":1},"id":"/subscriptions/00000000-0000-0000-0000-000000000000/resourceGroups/cli/providers/Microsoft.AppPlatform/Spring/cli-unittest/apps/test-app-blue-green/deployments/default","name":"default","systemData":{"createdBy":"yili7@microsoft.com","createdByType":"User","createdAt":"2022-11-24T13:14:15.3841904Z","lastModifiedBy":"yili7@microsoft.com","lastModifiedByType":"User","lastModifiedAt":"2022-11-24T13:14:15.3841904Z"}}'
    headers:
      azure-asyncoperation:
      - https://management.azure.com/subscriptions/00000000-0000-0000-0000-000000000000/resourceGroups/cli/providers/Microsoft.AppPlatform/locations/eastus/operationStatus/default/operationId/efdff9b5-0a6e-4fdf-a80a-6e4c213ef620?api-version=2022-09-01-preview
      cache-control:
      - no-cache
      content-length:
      - '834'
      content-type:
      - application/json; charset=utf-8
      date:
      - Thu, 24 Nov 2022 13:14:15 GMT
      expires:
      - '-1'
      location:
      - https://management.azure.com/subscriptions/00000000-0000-0000-0000-000000000000/resourceGroups/cli/providers/Microsoft.AppPlatform/locations/eastus/operationResults/efdff9b5-0a6e-4fdf-a80a-6e4c213ef620/Spring/default?api-version=2022-09-01-preview
      pragma:
      - no-cache
      request-context:
      - appId=cid-v1:797d7e4e-8180-497e-a254-780fbd39ba4d
      strict-transport-security:
      - max-age=31536000; includeSubDomains
      x-content-type-options:
      - nosniff
      x-ms-ratelimit-remaining-subscription-resource-requests:
      - '1198'
      x-rp-server-mvid:
      - 59b5eb15-14b1-47d7-aa3e-7b6c2904efcd
    status:
      code: 201
      message: Created
- request:
    body: '{"properties": {"public": false, "httpsOnly": false, "enableEndToEndTLS":
      false}}'
    headers:
      Accept:
      - application/json
      Accept-Encoding:
      - gzip, deflate
      CommandName:
      - spring app create
      Connection:
      - keep-alive
      Content-Length:
      - '81'
      Content-Type:
      - application/json
      ParameterSetName:
      - -n -g -s
      User-Agent:
      - AZURECLI/2.42.0 azsdk-python-mgmt-appplatform/6.1.0 Python/3.8.3 (Windows-10-10.0.22621-SP0)
    method: PATCH
    uri: https://management.azure.com/subscriptions/00000000-0000-0000-0000-000000000000/resourceGroups/cli/providers/Microsoft.AppPlatform/Spring/cli-unittest/apps/test-app-blue-green?api-version=2022-09-01-preview
  response:
    body:
      string: '{"properties":{"addonConfigs":{"applicationConfigurationService":{},"serviceRegistry":{}},"public":false,"provisioningState":"Updating","fqdn":"cli-unittest.azuremicroservices.io","httpsOnly":false,"temporaryDisk":{"sizeInGB":5,"mountPath":"/tmp"},"persistentDisk":{"sizeInGB":0,"mountPath":"/persistent"},"enableEndToEndTLS":false,"ingressSettings":{"readTimeoutInSeconds":300,"sendTimeoutInSeconds":60,"sessionCookieMaxAge":0,"sessionAffinity":"None","backendProtocol":"Default"}},"type":"Microsoft.AppPlatform/Spring/apps","identity":null,"location":"eastus","id":"/subscriptions/00000000-0000-0000-0000-000000000000/resourceGroups/cli/providers/Microsoft.AppPlatform/Spring/cli-unittest/apps/test-app-blue-green","name":"test-app-blue-green","systemData":{"createdBy":"yili7@microsoft.com","createdByType":"User","createdAt":"2022-11-24T13:13:39.4777874Z","lastModifiedBy":"yili7@microsoft.com","lastModifiedByType":"User","lastModifiedAt":"2022-11-24T13:14:16.5561147Z"}}'
    headers:
      azure-asyncoperation:
      - https://management.azure.com/subscriptions/00000000-0000-0000-0000-000000000000/resourceGroups/cli/providers/Microsoft.AppPlatform/locations/eastus/operationStatus/test-app-blue-green/operationId/48cb8dd9-4865-4c18-ba56-de8681c5135e?api-version=2022-09-01-preview
      cache-control:
      - no-cache
      content-length:
      - '976'
      content-type:
      - application/json; charset=utf-8
      date:
      - Thu, 24 Nov 2022 13:14:16 GMT
      expires:
      - '-1'
      location:
      - https://management.azure.com/subscriptions/00000000-0000-0000-0000-000000000000/resourceGroups/cli/providers/Microsoft.AppPlatform/locations/eastus/operationResults/48cb8dd9-4865-4c18-ba56-de8681c5135e/Spring/test-app-blue-green?api-version=2022-09-01-preview
      pragma:
      - no-cache
      request-context:
      - appId=cid-v1:797d7e4e-8180-497e-a254-780fbd39ba4d
      strict-transport-security:
      - max-age=31536000; includeSubDomains
      x-content-type-options:
      - nosniff
      x-ms-ratelimit-remaining-subscription-resource-requests:
      - '1196'
      x-rp-server-mvid:
      - 59b5eb15-14b1-47d7-aa3e-7b6c2904efcd
    status:
      code: 202
      message: Accepted
- request:
    body: null
    headers:
      Accept:
      - '*/*'
      Accept-Encoding:
      - gzip, deflate
      CommandName:
      - spring app create
      Connection:
      - keep-alive
      ParameterSetName:
      - -n -g -s
      User-Agent:
      - AZURECLI/2.42.0 azsdk-python-mgmt-appplatform/6.1.0 Python/3.8.3 (Windows-10-10.0.22621-SP0)
    method: GET
    uri: https://management.azure.com/subscriptions/00000000-0000-0000-0000-000000000000/resourceGroups/cli/providers/Microsoft.AppPlatform/locations/eastus/operationStatus/default/operationId/efdff9b5-0a6e-4fdf-a80a-6e4c213ef620?api-version=2022-09-01-preview
  response:
    body:
      string: '{"id":"subscriptions/d51e3ffe-6b84-49cd-b426-0dc4ec660356/resourceGroups/cli/providers/Microsoft.AppPlatform/locations/eastus/operationStatus/default/operationId/efdff9b5-0a6e-4fdf-a80a-6e4c213ef620","name":"efdff9b5-0a6e-4fdf-a80a-6e4c213ef620","status":"Running","startTime":"2022-11-24T13:14:16.1596595Z"}'
    headers:
      cache-control:
      - no-cache
      content-length:
      - '308'
      content-type:
      - application/json; charset=utf-8
      date:
      - Thu, 24 Nov 2022 13:14:46 GMT
      expires:
      - '-1'
      pragma:
      - no-cache
      request-context:
      - appId=cid-v1:797d7e4e-8180-497e-a254-780fbd39ba4d
      strict-transport-security:
      - max-age=31536000; includeSubDomains
      transfer-encoding:
      - chunked
      vary:
      - Accept-Encoding
      x-content-type-options:
      - nosniff
      x-rp-server-mvid:
      - 59b5eb15-14b1-47d7-aa3e-7b6c2904efcd
    status:
      code: 200
      message: OK
- request:
    body: null
    headers:
      Accept:
      - '*/*'
      Accept-Encoding:
      - gzip, deflate
      CommandName:
      - spring app create
      Connection:
      - keep-alive
      ParameterSetName:
      - -n -g -s
      User-Agent:
      - AZURECLI/2.42.0 azsdk-python-mgmt-appplatform/6.1.0 Python/3.8.3 (Windows-10-10.0.22621-SP0)
    method: GET
    uri: https://management.azure.com/subscriptions/00000000-0000-0000-0000-000000000000/resourceGroups/cli/providers/Microsoft.AppPlatform/locations/eastus/operationStatus/test-app-blue-green/operationId/48cb8dd9-4865-4c18-ba56-de8681c5135e?api-version=2022-09-01-preview
  response:
    body:
      string: '{"id":"subscriptions/d51e3ffe-6b84-49cd-b426-0dc4ec660356/resourceGroups/cli/providers/Microsoft.AppPlatform/locations/eastus/operationStatus/test-app-blue-green/operationId/48cb8dd9-4865-4c18-ba56-de8681c5135e","name":"48cb8dd9-4865-4c18-ba56-de8681c5135e","status":"Succeeded","startTime":"2022-11-24T13:14:17.0843917Z","endTime":"2022-11-24T13:14:25.1059772Z"}'
    headers:
      cache-control:
      - no-cache
      content-length:
      - '363'
      content-type:
      - application/json; charset=utf-8
      date:
      - Thu, 24 Nov 2022 13:14:47 GMT
      expires:
      - '-1'
      pragma:
      - no-cache
      request-context:
      - appId=cid-v1:797d7e4e-8180-497e-a254-780fbd39ba4d
      strict-transport-security:
      - max-age=31536000; includeSubDomains
      transfer-encoding:
      - chunked
      vary:
      - Accept-Encoding
      x-content-type-options:
      - nosniff
      x-rp-server-mvid:
      - 59b5eb15-14b1-47d7-aa3e-7b6c2904efcd
    status:
      code: 200
      message: OK
- request:
    body: null
    headers:
      Accept:
      - '*/*'
      Accept-Encoding:
      - gzip, deflate
      CommandName:
      - spring app create
      Connection:
      - keep-alive
      ParameterSetName:
      - -n -g -s
      User-Agent:
      - AZURECLI/2.42.0 azsdk-python-mgmt-appplatform/6.1.0 Python/3.8.3 (Windows-10-10.0.22621-SP0)
    method: GET
    uri: https://management.azure.com/subscriptions/00000000-0000-0000-0000-000000000000/resourceGroups/cli/providers/Microsoft.AppPlatform/Spring/cli-unittest/apps/test-app-blue-green?api-version=2022-09-01-preview
  response:
    body:
      string: '{"properties":{"addonConfigs":{"applicationConfigurationService":{},"serviceRegistry":{}},"public":false,"provisioningState":"Succeeded","fqdn":"cli-unittest.azuremicroservices.io","httpsOnly":false,"temporaryDisk":{"sizeInGB":5,"mountPath":"/tmp"},"persistentDisk":{"sizeInGB":0,"mountPath":"/persistent"},"enableEndToEndTLS":false,"ingressSettings":{"readTimeoutInSeconds":300,"sendTimeoutInSeconds":60,"sessionCookieMaxAge":0,"sessionAffinity":"None","backendProtocol":"Default"}},"type":"Microsoft.AppPlatform/Spring/apps","identity":null,"location":"eastus","id":"/subscriptions/00000000-0000-0000-0000-000000000000/resourceGroups/cli/providers/Microsoft.AppPlatform/Spring/cli-unittest/apps/test-app-blue-green","name":"test-app-blue-green","systemData":{"createdBy":"yili7@microsoft.com","createdByType":"User","createdAt":"2022-11-24T13:13:39.4777874Z","lastModifiedBy":"yili7@microsoft.com","lastModifiedByType":"User","lastModifiedAt":"2022-11-24T13:14:16.5561147Z"}}'
    headers:
      cache-control:
      - no-cache
      content-length:
      - '977'
      content-type:
      - application/json; charset=utf-8
      date:
      - Thu, 24 Nov 2022 13:14:48 GMT
      expires:
      - '-1'
      pragma:
      - no-cache
      request-context:
      - appId=cid-v1:797d7e4e-8180-497e-a254-780fbd39ba4d
      strict-transport-security:
      - max-age=31536000; includeSubDomains
      transfer-encoding:
      - chunked
      vary:
      - Accept-Encoding
      x-content-type-options:
      - nosniff
      x-ms-ratelimit-remaining-subscription-resource-requests:
      - '11993'
      x-rp-server-mvid:
      - 59b5eb15-14b1-47d7-aa3e-7b6c2904efcd
    status:
      code: 200
      message: OK
- request:
    body: null
    headers:
      Accept:
      - '*/*'
      Accept-Encoding:
      - gzip, deflate
      CommandName:
      - spring app create
      Connection:
      - keep-alive
      ParameterSetName:
      - -n -g -s
      User-Agent:
      - AZURECLI/2.42.0 azsdk-python-mgmt-appplatform/6.1.0 Python/3.8.3 (Windows-10-10.0.22621-SP0)
    method: GET
    uri: https://management.azure.com/subscriptions/00000000-0000-0000-0000-000000000000/resourceGroups/cli/providers/Microsoft.AppPlatform/locations/eastus/operationStatus/default/operationId/efdff9b5-0a6e-4fdf-a80a-6e4c213ef620?api-version=2022-09-01-preview
  response:
    body:
      string: '{"id":"subscriptions/d51e3ffe-6b84-49cd-b426-0dc4ec660356/resourceGroups/cli/providers/Microsoft.AppPlatform/locations/eastus/operationStatus/default/operationId/efdff9b5-0a6e-4fdf-a80a-6e4c213ef620","name":"efdff9b5-0a6e-4fdf-a80a-6e4c213ef620","status":"Succeeded","startTime":"2022-11-24T13:14:16.1596595Z","endTime":"2022-11-24T13:14:55.43436Z"}'
    headers:
      cache-control:
      - no-cache
      content-length:
      - '349'
      content-type:
      - application/json; charset=utf-8
      date:
      - Thu, 24 Nov 2022 13:14:57 GMT
      expires:
      - '-1'
      pragma:
      - no-cache
      request-context:
      - appId=cid-v1:797d7e4e-8180-497e-a254-780fbd39ba4d
      strict-transport-security:
      - max-age=31536000; includeSubDomains
      transfer-encoding:
      - chunked
      vary:
      - Accept-Encoding
      x-content-type-options:
      - nosniff
      x-rp-server-mvid:
      - 59b5eb15-14b1-47d7-aa3e-7b6c2904efcd
    status:
      code: 200
      message: OK
- request:
    body: null
    headers:
      Accept:
      - '*/*'
      Accept-Encoding:
      - gzip, deflate
      CommandName:
      - spring app create
      Connection:
      - keep-alive
      ParameterSetName:
      - -n -g -s
      User-Agent:
      - AZURECLI/2.42.0 azsdk-python-mgmt-appplatform/6.1.0 Python/3.8.3 (Windows-10-10.0.22621-SP0)
    method: GET
    uri: https://management.azure.com/subscriptions/00000000-0000-0000-0000-000000000000/resourceGroups/cli/providers/Microsoft.AppPlatform/Spring/cli-unittest/apps/test-app-blue-green/deployments/mock-deployment?api-version=2022-09-01-preview
  response:
    body:
      string: '{"properties":{"deploymentSettings":{"resourceRequests":{"cpu":"1","memory":"1Gi"},"environmentVariables":null,"terminationGracePeriodSeconds":90,"livenessProbe":{"disableProbe":false,"failureThreshold":24,"initialDelaySeconds":60,"periodSeconds":10,"successThreshold":1,"timeoutSeconds":1,"probeAction":{"type":"TCPSocketAction"}},"readinessProbe":{"disableProbe":false,"failureThreshold":3,"initialDelaySeconds":0,"periodSeconds":10,"successThreshold":1,"timeoutSeconds":1,"probeAction":{"type":"TCPSocketAction"}}},"provisioningState":"Succeeded","status":"Running","active":true,"instances":[{"name":"test-app-blue-green-default-19-759c6ff99-879z5","status":"Running","discoveryStatus":"UNREGISTERED","startTime":"2022-11-24T13:14:21Z"}],"source":{"type":"Jar","relativePath":"<default>","runtimeVersion":"Java_8"}},"type":"Microsoft.AppPlatform/Spring/apps/deployments","sku":{"name":"S0","tier":"Standard","capacity":1},"id":"/subscriptions/00000000-0000-0000-0000-000000000000/resourceGroups/cli/providers/Microsoft.AppPlatform/Spring/cli-unittest/apps/test-app-blue-green/deployments/default","name":"default","systemData":{"createdBy":"yili7@microsoft.com","createdByType":"User","createdAt":"2022-11-24T13:14:15.3841904Z","lastModifiedBy":"yili7@microsoft.com","lastModifiedByType":"User","lastModifiedAt":"2022-11-24T13:14:15.3841904Z"}}'
    headers:
      cache-control:
      - no-cache
      content-length:
      - '1348'
      content-type:
      - application/json; charset=utf-8
      date:
      - Thu, 24 Nov 2022 13:15:00 GMT
      expires:
      - '-1'
      pragma:
      - no-cache
      request-context:
      - appId=cid-v1:797d7e4e-8180-497e-a254-780fbd39ba4d
      strict-transport-security:
      - max-age=31536000; includeSubDomains
      transfer-encoding:
      - chunked
      vary:
      - Accept-Encoding
      x-content-type-options:
      - nosniff
      x-ms-ratelimit-remaining-subscription-resource-requests:
      - '11997'
      x-rp-server-mvid:
      - 59b5eb15-14b1-47d7-aa3e-7b6c2904efcd
    status:
      code: 200
      message: OK
- request:
    body: null
    headers:
      Accept:
      - application/json
      Accept-Encoding:
      - gzip, deflate
      CommandName:
      - spring app create
      Connection:
      - keep-alive
      ParameterSetName:
      - -n -g -s
      User-Agent:
      - AZURECLI/2.42.0 azsdk-python-mgmt-appplatform/6.1.0 Python/3.8.3 (Windows-10-10.0.22621-SP0)
    method: GET
    uri: https://management.azure.com/subscriptions/00000000-0000-0000-0000-000000000000/resourceGroups/cli/providers/Microsoft.AppPlatform/Spring/cli-unittest/apps/test-app-blue-green?api-version=2022-09-01-preview
  response:
    body:
      string: '{"properties":{"addonConfigs":{"applicationConfigurationService":{},"serviceRegistry":{}},"public":false,"provisioningState":"Succeeded","fqdn":"cli-unittest.azuremicroservices.io","httpsOnly":false,"temporaryDisk":{"sizeInGB":5,"mountPath":"/tmp"},"persistentDisk":{"sizeInGB":0,"mountPath":"/persistent"},"enableEndToEndTLS":false,"ingressSettings":{"readTimeoutInSeconds":300,"sendTimeoutInSeconds":60,"sessionCookieMaxAge":0,"sessionAffinity":"None","backendProtocol":"Default"}},"type":"Microsoft.AppPlatform/Spring/apps","identity":null,"location":"eastus","id":"/subscriptions/00000000-0000-0000-0000-000000000000/resourceGroups/cli/providers/Microsoft.AppPlatform/Spring/cli-unittest/apps/test-app-blue-green","name":"test-app-blue-green","systemData":{"createdBy":"yili7@microsoft.com","createdByType":"User","createdAt":"2022-11-24T13:13:39.4777874Z","lastModifiedBy":"yili7@microsoft.com","lastModifiedByType":"User","lastModifiedAt":"2022-11-24T13:14:16.5561147Z"}}'
    headers:
      cache-control:
      - no-cache
      content-length:
      - '977'
      content-type:
      - application/json; charset=utf-8
      date:
      - Thu, 24 Nov 2022 13:15:02 GMT
      expires:
      - '-1'
      pragma:
      - no-cache
      request-context:
      - appId=cid-v1:797d7e4e-8180-497e-a254-780fbd39ba4d
      strict-transport-security:
      - max-age=31536000; includeSubDomains
      transfer-encoding:
      - chunked
      vary:
      - Accept-Encoding
      x-content-type-options:
      - nosniff
      x-ms-ratelimit-remaining-subscription-resource-requests:
      - '11992'
      x-rp-server-mvid:
      - 59b5eb15-14b1-47d7-aa3e-7b6c2904efcd
    status:
      code: 200
      message: OK
- request:
    body: null
    headers:
      Accept:
      - application/json
      Accept-Encoding:
      - gzip, deflate
      CommandName:
      - spring app create
      Connection:
      - keep-alive
      ParameterSetName:
      - -n -g -s
      User-Agent:
      - AZURECLI/2.42.0 azsdk-python-mgmt-appplatform/6.1.0 Python/3.8.3 (Windows-10-10.0.22621-SP0)
    method: GET
    uri: https://management.azure.com/subscriptions/00000000-0000-0000-0000-000000000000/resourceGroups/cli/providers/Microsoft.AppPlatform/Spring/cli-unittest/apps/test-app-blue-green/deployments?api-version=2022-09-01-preview
  response:
    body:
      string: '{"value":[{"properties":{"deploymentSettings":{"resourceRequests":{"cpu":"1","memory":"1Gi"},"environmentVariables":null,"terminationGracePeriodSeconds":90,"livenessProbe":{"disableProbe":false,"failureThreshold":24,"initialDelaySeconds":60,"periodSeconds":10,"successThreshold":1,"timeoutSeconds":1,"probeAction":{"type":"TCPSocketAction"}},"readinessProbe":{"disableProbe":false,"failureThreshold":3,"initialDelaySeconds":0,"periodSeconds":10,"successThreshold":1,"timeoutSeconds":1,"probeAction":{"type":"TCPSocketAction"}}},"provisioningState":"Succeeded","status":"Running","active":true,"instances":[{"name":"test-app-blue-green-default-19-759c6ff99-879z5","status":"Running","discoveryStatus":"UNREGISTERED","startTime":"2022-11-24T13:14:21Z"}],"source":{"type":"Jar","relativePath":"<default>","runtimeVersion":"Java_8"}},"type":"Microsoft.AppPlatform/Spring/apps/deployments","sku":{"name":"S0","tier":"Standard","capacity":1},"id":"/subscriptions/00000000-0000-0000-0000-000000000000/resourceGroups/cli/providers/Microsoft.AppPlatform/Spring/cli-unittest/apps/test-app-blue-green/deployments/default","name":"default","systemData":{"createdBy":"yili7@microsoft.com","createdByType":"User","createdAt":"2022-11-24T13:14:15.3841904Z","lastModifiedBy":"yili7@microsoft.com","lastModifiedByType":"User","lastModifiedAt":"2022-11-24T13:14:15.3841904Z"}}]}'
    headers:
      cache-control:
      - no-cache
      content-length:
      - '1360'
      content-type:
      - application/json; charset=utf-8
      date:
      - Thu, 24 Nov 2022 13:15:05 GMT
      expires:
      - '-1'
      pragma:
      - no-cache
      request-context:
      - appId=cid-v1:797d7e4e-8180-497e-a254-780fbd39ba4d
      strict-transport-security:
      - max-age=31536000; includeSubDomains
      transfer-encoding:
      - chunked
      vary:
      - Accept-Encoding
      x-content-type-options:
      - nosniff
      x-ms-ratelimit-remaining-subscription-resource-requests:
      - '11996'
      x-rp-server-mvid:
      - 59b5eb15-14b1-47d7-aa3e-7b6c2904efcd
    status:
      code: 200
      message: OK
- request:
    body: null
    headers:
      Accept:
      - application/json
      Accept-Encoding:
      - gzip, deflate
      CommandName:
      - spring app deployment create
      Connection:
      - keep-alive
      ParameterSetName:
      - --app -n -g -s
      User-Agent:
      - AZURECLI/2.42.0 azsdk-python-mgmt-appplatform/6.1.0 Python/3.8.3 (Windows-10-10.0.22621-SP0)
    method: GET
    uri: https://management.azure.com/subscriptions/00000000-0000-0000-0000-000000000000/resourceGroups/cli/providers/Microsoft.AppPlatform/Spring/cli-unittest/apps/test-app-blue-green/deployments?api-version=2022-05-01-preview
  response:
    body:
      string: '{"value":[{"properties":{"deploymentSettings":{"resourceRequests":{"cpu":"1","memory":"1Gi"},"environmentVariables":null,"terminationGracePeriodSeconds":90,"livenessProbe":{"disableProbe":false,"failureThreshold":24,"initialDelaySeconds":60,"periodSeconds":10,"successThreshold":1,"timeoutSeconds":1,"probeAction":{"type":"TCPSocketAction"}},"readinessProbe":{"disableProbe":false,"failureThreshold":3,"initialDelaySeconds":0,"periodSeconds":10,"successThreshold":1,"timeoutSeconds":1,"probeAction":{"type":"TCPSocketAction"}}},"provisioningState":"Succeeded","status":"Running","active":true,"instances":[{"name":"test-app-blue-green-default-19-759c6ff99-879z5","status":"Running","discoveryStatus":"UNREGISTERED","startTime":"2022-11-24T13:14:21Z"}],"source":{"type":"Jar","relativePath":"<default>","runtimeVersion":"Java_8"}},"type":"Microsoft.AppPlatform/Spring/apps/deployments","sku":{"name":"S0","tier":"Standard","capacity":1},"id":"/subscriptions/00000000-0000-0000-0000-000000000000/resourceGroups/cli/providers/Microsoft.AppPlatform/Spring/cli-unittest/apps/test-app-blue-green/deployments/default","name":"default","systemData":{"createdBy":"yili7@microsoft.com","createdByType":"User","createdAt":"2022-11-24T13:14:15.3841904Z","lastModifiedBy":"yili7@microsoft.com","lastModifiedByType":"User","lastModifiedAt":"2022-11-24T13:14:15.3841904Z"}}]}'
    headers:
      cache-control:
      - no-cache
      content-length:
      - '1360'
      content-type:
      - application/json; charset=utf-8
      date:
      - Thu, 24 Nov 2022 13:15:10 GMT
      expires:
      - '-1'
      pragma:
      - no-cache
      request-context:
      - appId=cid-v1:797d7e4e-8180-497e-a254-780fbd39ba4d
      strict-transport-security:
      - max-age=31536000; includeSubDomains
      transfer-encoding:
      - chunked
      vary:
      - Accept-Encoding
      x-content-type-options:
      - nosniff
      x-ms-ratelimit-remaining-subscription-resource-requests:
      - '11999'
      x-rp-server-mvid:
      - 59b5eb15-14b1-47d7-aa3e-7b6c2904efcd
    status:
      code: 200
      message: OK
- request:
    body: '{"properties": {"source": {"type": "Jar", "relativePath": "<default>",
      "runtimeVersion": "Java_8"}, "deploymentSettings": {"resourceRequests": {"cpu":
      "1", "memory": "1Gi"}}}, "sku": {"name": "S0", "tier": "Standard", "capacity":
      1}}'
    headers:
      Accept:
      - application/json
      Accept-Encoding:
      - gzip, deflate
      CommandName:
      - spring app deployment create
      Connection:
      - keep-alive
      Content-Length:
      - '233'
      Content-Type:
      - application/json
      ParameterSetName:
      - --app -n -g -s
      User-Agent:
      - AZURECLI/2.42.0 azsdk-python-mgmt-appplatform/6.1.0 Python/3.8.3 (Windows-10-10.0.22621-SP0)
    method: PUT
    uri: https://management.azure.com/subscriptions/00000000-0000-0000-0000-000000000000/resourceGroups/cli/providers/Microsoft.AppPlatform/Spring/cli-unittest/apps/test-app-blue-green/deployments/mock-deployment?api-version=2022-05-01-preview
  response:
    body:
      string: '{"properties":{"deploymentSettings":{"resourceRequests":{"cpu":"1","memory":"1Gi"},"environmentVariables":null,"terminationGracePeriodSeconds":90},"provisioningState":"Creating","status":"Running","active":false,"instances":null,"source":{"type":"Jar","relativePath":"<default>","runtimeVersion":"Java_8"}},"type":"Microsoft.AppPlatform/Spring/apps/deployments","sku":{"name":"S0","tier":"Standard","capacity":1},"id":"/subscriptions/00000000-0000-0000-0000-000000000000/resourceGroups/cli/providers/Microsoft.AppPlatform/Spring/cli-unittest/apps/test-app-blue-green/deployments/green","name":"green","systemData":{"createdBy":"yili7@microsoft.com","createdByType":"User","createdAt":"2022-11-24T13:15:11.1173191Z","lastModifiedBy":"yili7@microsoft.com","lastModifiedByType":"User","lastModifiedAt":"2022-11-24T13:15:11.1173191Z"}}'
    headers:
      azure-asyncoperation:
      - https://management.azure.com/subscriptions/00000000-0000-0000-0000-000000000000/resourceGroups/cli/providers/Microsoft.AppPlatform/locations/eastus/operationStatus/green/operationId/bd026d3f-43ad-4c99-9885-c85b8bc5e2be?api-version=2022-05-01-preview
      cache-control:
      - no-cache
      content-length:
      - '831'
      content-type:
      - application/json; charset=utf-8
      date:
      - Thu, 24 Nov 2022 13:15:11 GMT
      expires:
      - '-1'
      location:
      - https://management.azure.com/subscriptions/00000000-0000-0000-0000-000000000000/resourceGroups/cli/providers/Microsoft.AppPlatform/locations/eastus/operationResults/bd026d3f-43ad-4c99-9885-c85b8bc5e2be/Spring/green?api-version=2022-05-01-preview
      pragma:
      - no-cache
      request-context:
      - appId=cid-v1:797d7e4e-8180-497e-a254-780fbd39ba4d
      strict-transport-security:
      - max-age=31536000; includeSubDomains
      x-content-type-options:
      - nosniff
      x-ms-ratelimit-remaining-subscription-resource-requests:
      - '1199'
      x-rp-server-mvid:
      - 59b5eb15-14b1-47d7-aa3e-7b6c2904efcd
    status:
      code: 201
      message: Created
- request:
    body: null
    headers:
      Accept:
      - '*/*'
      Accept-Encoding:
      - gzip, deflate
      CommandName:
      - spring app deployment create
      Connection:
      - keep-alive
      ParameterSetName:
      - --app -n -g -s
      User-Agent:
      - AZURECLI/2.42.0 azsdk-python-mgmt-appplatform/6.1.0 Python/3.8.3 (Windows-10-10.0.22621-SP0)
    method: GET
    uri: https://management.azure.com/subscriptions/00000000-0000-0000-0000-000000000000/resourceGroups/cli/providers/Microsoft.AppPlatform/locations/eastus/operationStatus/green/operationId/bd026d3f-43ad-4c99-9885-c85b8bc5e2be?api-version=2022-05-01-preview
  response:
    body:
      string: '{"id":"subscriptions/d51e3ffe-6b84-49cd-b426-0dc4ec660356/resourceGroups/cli/providers/Microsoft.AppPlatform/locations/eastus/operationStatus/green/operationId/bd026d3f-43ad-4c99-9885-c85b8bc5e2be","name":"bd026d3f-43ad-4c99-9885-c85b8bc5e2be","status":"Running","startTime":"2022-11-24T13:15:11.9482813Z"}'
    headers:
      cache-control:
      - no-cache
      content-length:
      - '306'
      content-type:
      - application/json; charset=utf-8
      date:
      - Thu, 24 Nov 2022 13:15:42 GMT
      expires:
      - '-1'
      pragma:
      - no-cache
      request-context:
      - appId=cid-v1:797d7e4e-8180-497e-a254-780fbd39ba4d
      strict-transport-security:
      - max-age=31536000; includeSubDomains
      transfer-encoding:
      - chunked
      vary:
      - Accept-Encoding
      x-content-type-options:
      - nosniff
      x-rp-server-mvid:
      - 59b5eb15-14b1-47d7-aa3e-7b6c2904efcd
    status:
      code: 200
      message: OK
- request:
    body: null
    headers:
      Accept:
      - '*/*'
      Accept-Encoding:
      - gzip, deflate
      CommandName:
      - spring app deployment create
      Connection:
      - keep-alive
      ParameterSetName:
      - --app -n -g -s
      User-Agent:
      - AZURECLI/2.42.0 azsdk-python-mgmt-appplatform/6.1.0 Python/3.8.3 (Windows-10-10.0.22621-SP0)
    method: GET
    uri: https://management.azure.com/subscriptions/00000000-0000-0000-0000-000000000000/resourceGroups/cli/providers/Microsoft.AppPlatform/locations/eastus/operationStatus/green/operationId/bd026d3f-43ad-4c99-9885-c85b8bc5e2be?api-version=2022-05-01-preview
  response:
    body:
      string: '{"id":"subscriptions/d51e3ffe-6b84-49cd-b426-0dc4ec660356/resourceGroups/cli/providers/Microsoft.AppPlatform/locations/eastus/operationStatus/green/operationId/bd026d3f-43ad-4c99-9885-c85b8bc5e2be","name":"bd026d3f-43ad-4c99-9885-c85b8bc5e2be","status":"Succeeded","startTime":"2022-11-24T13:15:11.9482813Z","endTime":"2022-11-24T13:15:49.4244595Z"}'
    headers:
      cache-control:
      - no-cache
      content-length:
      - '349'
      content-type:
      - application/json; charset=utf-8
      date:
      - Thu, 24 Nov 2022 13:15:52 GMT
      expires:
      - '-1'
      pragma:
      - no-cache
      request-context:
      - appId=cid-v1:797d7e4e-8180-497e-a254-780fbd39ba4d
      strict-transport-security:
      - max-age=31536000; includeSubDomains
      transfer-encoding:
      - chunked
      vary:
      - Accept-Encoding
      x-content-type-options:
      - nosniff
      x-rp-server-mvid:
      - 59b5eb15-14b1-47d7-aa3e-7b6c2904efcd
    status:
      code: 200
      message: OK
- request:
    body: null
    headers:
      Accept:
      - '*/*'
      Accept-Encoding:
      - gzip, deflate
      CommandName:
      - spring app deployment create
      Connection:
      - keep-alive
      ParameterSetName:
      - --app -n -g -s
      User-Agent:
      - AZURECLI/2.42.0 azsdk-python-mgmt-appplatform/6.1.0 Python/3.8.3 (Windows-10-10.0.22621-SP0)
    method: GET
    uri: https://management.azure.com/subscriptions/00000000-0000-0000-0000-000000000000/resourceGroups/cli/providers/Microsoft.AppPlatform/Spring/cli-unittest/apps/test-app-blue-green/deployments/mock-deployment?api-version=2022-05-01-preview
  response:
    body:
      string: '{"properties":{"deploymentSettings":{"resourceRequests":{"cpu":"1","memory":"1Gi"},"environmentVariables":null,"terminationGracePeriodSeconds":90,"livenessProbe":{"disableProbe":false,"failureThreshold":24,"initialDelaySeconds":60,"periodSeconds":10,"successThreshold":1,"timeoutSeconds":1,"probeAction":{"type":"TCPSocketAction"}},"readinessProbe":{"disableProbe":false,"failureThreshold":3,"initialDelaySeconds":0,"periodSeconds":10,"successThreshold":1,"timeoutSeconds":1,"probeAction":{"type":"TCPSocketAction"}}},"provisioningState":"Succeeded","status":"Running","active":false,"instances":[{"name":"test-app-blue-green-green-19-575458977-8nkvz","status":"Running","discoveryStatus":"UNREGISTERED","startTime":"2022-11-24T13:15:18Z"}],"source":{"type":"Jar","relativePath":"<default>","runtimeVersion":"Java_8"}},"type":"Microsoft.AppPlatform/Spring/apps/deployments","sku":{"name":"S0","tier":"Standard","capacity":1},"id":"/subscriptions/00000000-0000-0000-0000-000000000000/resourceGroups/cli/providers/Microsoft.AppPlatform/Spring/cli-unittest/apps/test-app-blue-green/deployments/green","name":"green","systemData":{"createdBy":"yili7@microsoft.com","createdByType":"User","createdAt":"2022-11-24T13:15:11.1173191Z","lastModifiedBy":"yili7@microsoft.com","lastModifiedByType":"User","lastModifiedAt":"2022-11-24T13:15:11.1173191Z"}}'
    headers:
      cache-control:
      - no-cache
      content-length:
      - '1343'
      content-type:
      - application/json; charset=utf-8
      date:
      - Thu, 24 Nov 2022 13:15:55 GMT
      expires:
      - '-1'
      pragma:
      - no-cache
      request-context:
      - appId=cid-v1:797d7e4e-8180-497e-a254-780fbd39ba4d
      strict-transport-security:
      - max-age=31536000; includeSubDomains
      transfer-encoding:
      - chunked
      vary:
      - Accept-Encoding
      x-content-type-options:
      - nosniff
      x-ms-ratelimit-remaining-subscription-resource-requests:
      - '11998'
      x-rp-server-mvid:
      - 59b5eb15-14b1-47d7-aa3e-7b6c2904efcd
    status:
      code: 200
      message: OK
- request:
    body: null
    headers:
      Accept:
      - application/json
      Accept-Encoding:
      - gzip, deflate
      CommandName:
      - spring app deployment list
      Connection:
      - keep-alive
      ParameterSetName:
      - --app -g -s
      User-Agent:
      - AZURECLI/2.42.0 azsdk-python-mgmt-appplatform/6.1.0 Python/3.8.3 (Windows-10-10.0.22621-SP0)
    method: GET
    uri: https://management.azure.com/subscriptions/00000000-0000-0000-0000-000000000000/resourceGroups/cli/providers/Microsoft.AppPlatform/Spring/cli-unittest/apps/test-app-blue-green/deployments?api-version=2022-05-01-preview
  response:
    body:
      string: '{"value":[{"properties":{"deploymentSettings":{"resourceRequests":{"cpu":"1","memory":"1Gi"},"environmentVariables":null,"terminationGracePeriodSeconds":90,"livenessProbe":{"disableProbe":false,"failureThreshold":24,"initialDelaySeconds":60,"periodSeconds":10,"successThreshold":1,"timeoutSeconds":1,"probeAction":{"type":"TCPSocketAction"}},"readinessProbe":{"disableProbe":false,"failureThreshold":3,"initialDelaySeconds":0,"periodSeconds":10,"successThreshold":1,"timeoutSeconds":1,"probeAction":{"type":"TCPSocketAction"}}},"provisioningState":"Succeeded","status":"Running","active":true,"instances":[{"name":"test-app-blue-green-default-19-759c6ff99-879z5","status":"Running","discoveryStatus":"UNREGISTERED","startTime":"2022-11-24T13:14:21Z"}],"source":{"type":"Jar","relativePath":"<default>","runtimeVersion":"Java_8"}},"type":"Microsoft.AppPlatform/Spring/apps/deployments","sku":{"name":"S0","tier":"Standard","capacity":1},"id":"/subscriptions/00000000-0000-0000-0000-000000000000/resourceGroups/cli/providers/Microsoft.AppPlatform/Spring/cli-unittest/apps/test-app-blue-green/deployments/default","name":"default","systemData":{"createdBy":"yili7@microsoft.com","createdByType":"User","createdAt":"2022-11-24T13:14:15.3841904Z","lastModifiedBy":"yili7@microsoft.com","lastModifiedByType":"User","lastModifiedAt":"2022-11-24T13:14:15.3841904Z"}},{"properties":{"deploymentSettings":{"resourceRequests":{"cpu":"1","memory":"1Gi"},"environmentVariables":null,"terminationGracePeriodSeconds":90,"livenessProbe":{"disableProbe":false,"failureThreshold":24,"initialDelaySeconds":60,"periodSeconds":10,"successThreshold":1,"timeoutSeconds":1,"probeAction":{"type":"TCPSocketAction"}},"readinessProbe":{"disableProbe":false,"failureThreshold":3,"initialDelaySeconds":0,"periodSeconds":10,"successThreshold":1,"timeoutSeconds":1,"probeAction":{"type":"TCPSocketAction"}}},"provisioningState":"Succeeded","status":"Running","active":false,"instances":[{"name":"test-app-blue-green-green-19-575458977-8nkvz","status":"Running","discoveryStatus":"UNREGISTERED","startTime":"2022-11-24T13:15:18Z"}],"source":{"type":"Jar","relativePath":"<default>","runtimeVersion":"Java_8"}},"type":"Microsoft.AppPlatform/Spring/apps/deployments","sku":{"name":"S0","tier":"Standard","capacity":1},"id":"/subscriptions/00000000-0000-0000-0000-000000000000/resourceGroups/cli/providers/Microsoft.AppPlatform/Spring/cli-unittest/apps/test-app-blue-green/deployments/green","name":"green","systemData":{"createdBy":"yili7@microsoft.com","createdByType":"User","createdAt":"2022-11-24T13:15:11.1173191Z","lastModifiedBy":"yili7@microsoft.com","lastModifiedByType":"User","lastModifiedAt":"2022-11-24T13:15:11.1173191Z"}}]}'
    headers:
      cache-control:
      - no-cache
      content-length:
      - '2704'
      content-type:
      - application/json; charset=utf-8
      date:
      - Thu, 24 Nov 2022 13:16:00 GMT
      expires:
      - '-1'
      pragma:
      - no-cache
      request-context:
      - appId=cid-v1:797d7e4e-8180-497e-a254-780fbd39ba4d
      strict-transport-security:
      - max-age=31536000; includeSubDomains
      transfer-encoding:
      - chunked
      vary:
      - Accept-Encoding
      x-content-type-options:
      - nosniff
      x-ms-ratelimit-remaining-subscription-resource-requests:
      - '11998'
      x-rp-server-mvid:
      - 59b5eb15-14b1-47d7-aa3e-7b6c2904efcd
    status:
      code: 200
      message: OK
- request:
    body: null
    headers:
      Accept:
      - application/json
      Accept-Encoding:
      - gzip, deflate
      CommandName:
      - spring app set-deployment
      Connection:
      - keep-alive
      ParameterSetName:
      - -d -n -g -s
      User-Agent:
      - AZURECLI/2.42.0 azsdk-python-mgmt-appplatform/6.1.0 Python/3.8.3 (Windows-10-10.0.22621-SP0)
    method: GET
    uri: https://management.azure.com/subscriptions/00000000-0000-0000-0000-000000000000/resourceGroups/cli/providers/Microsoft.AppPlatform/Spring/cli-unittest/apps/test-app-blue-green/deployments/mock-deployment?api-version=2022-05-01-preview
  response:
    body:
      string: '{"properties":{"deploymentSettings":{"resourceRequests":{"cpu":"1","memory":"1Gi"},"environmentVariables":null,"terminationGracePeriodSeconds":90,"livenessProbe":{"disableProbe":false,"failureThreshold":24,"initialDelaySeconds":60,"periodSeconds":10,"successThreshold":1,"timeoutSeconds":1,"probeAction":{"type":"TCPSocketAction"}},"readinessProbe":{"disableProbe":false,"failureThreshold":3,"initialDelaySeconds":0,"periodSeconds":10,"successThreshold":1,"timeoutSeconds":1,"probeAction":{"type":"TCPSocketAction"}}},"provisioningState":"Succeeded","status":"Running","active":false,"instances":[{"name":"test-app-blue-green-green-19-575458977-8nkvz","status":"Running","discoveryStatus":"UNREGISTERED","startTime":"2022-11-24T13:15:18Z"}],"source":{"type":"Jar","relativePath":"<default>","runtimeVersion":"Java_8"}},"type":"Microsoft.AppPlatform/Spring/apps/deployments","sku":{"name":"S0","tier":"Standard","capacity":1},"id":"/subscriptions/00000000-0000-0000-0000-000000000000/resourceGroups/cli/providers/Microsoft.AppPlatform/Spring/cli-unittest/apps/test-app-blue-green/deployments/green","name":"green","systemData":{"createdBy":"yili7@microsoft.com","createdByType":"User","createdAt":"2022-11-24T13:15:11.1173191Z","lastModifiedBy":"yili7@microsoft.com","lastModifiedByType":"User","lastModifiedAt":"2022-11-24T13:15:11.1173191Z"}}'
    headers:
      cache-control:
      - no-cache
      content-length:
      - '1343'
      content-type:
      - application/json; charset=utf-8
      date:
      - Thu, 24 Nov 2022 13:16:05 GMT
      expires:
      - '-1'
      pragma:
      - no-cache
      request-context:
      - appId=cid-v1:797d7e4e-8180-497e-a254-780fbd39ba4d
      strict-transport-security:
      - max-age=31536000; includeSubDomains
      transfer-encoding:
      - chunked
      vary:
      - Accept-Encoding
      x-content-type-options:
      - nosniff
      x-ms-ratelimit-remaining-subscription-resource-requests:
      - '11998'
      x-rp-server-mvid:
      - 59b5eb15-14b1-47d7-aa3e-7b6c2904efcd
    status:
      code: 200
      message: OK
- request:
    body: null
    headers:
      Accept:
      - application/json
      Accept-Encoding:
      - gzip, deflate
      CommandName:
      - spring app set-deployment
      Connection:
      - keep-alive
      ParameterSetName:
      - -d -n -g -s
      User-Agent:
      - AZURECLI/2.42.0 azsdk-python-mgmt-appplatform/6.1.0 Python/3.8.3 (Windows-10-10.0.22621-SP0)
    method: GET
    uri: https://management.azure.com/subscriptions/00000000-0000-0000-0000-000000000000/resourceGroups/cli/providers/Microsoft.AppPlatform/Spring/cli-unittest?api-version=2022-09-01-preview
  response:
    body:
      string: '{"properties":{"provisioningState":"Succeeded","zoneRedundant":false,"version":3,"serviceId":"685378627024414abceb4ac7ba13e677","networkProfile":{"outboundIPs":{"publicIPs":["20.62.235.173","20.62.235.230"]},"outboundType":"loadBalancer"},"powerState":"Running","fqdn":"cli-unittest.azuremicroservices.io"},"type":"Microsoft.AppPlatform/Spring","sku":{"name":"S0","tier":"Standard"},"location":"eastus","tags":{},"id":"/subscriptions/00000000-0000-0000-0000-000000000000/resourceGroups/cli/providers/Microsoft.AppPlatform/Spring/cli-unittest","name":"cli-unittest","systemData":{"createdBy":"yili7@microsoft.com","createdByType":"User","createdAt":"2022-11-24T12:09:50.6175309Z","lastModifiedBy":"yili7@microsoft.com","lastModifiedByType":"User","lastModifiedAt":"2022-11-24T12:14:02.6440969Z"}}'
    headers:
      cache-control:
      - no-cache
      content-length:
      - '795'
      content-type:
      - application/json; charset=utf-8
      date:
      - Thu, 24 Nov 2022 13:16:07 GMT
      expires:
      - '-1'
      pragma:
      - no-cache
      request-context:
      - appId=cid-v1:797d7e4e-8180-497e-a254-780fbd39ba4d
      strict-transport-security:
      - max-age=31536000; includeSubDomains
      transfer-encoding:
      - chunked
      vary:
      - Accept-Encoding
      x-content-type-options:
      - nosniff
      x-ms-ratelimit-remaining-subscription-resource-requests:
      - '11999'
      x-rp-server-mvid:
      - 59b5eb15-14b1-47d7-aa3e-7b6c2904efcd
    status:
      code: 200
      message: OK
- request:
    body: '{"properties": {"activeDeploymentName": "green", "httpsOnly": false}}'
    headers:
      Accept:
      - application/json
      Accept-Encoding:
      - gzip, deflate
      CommandName:
      - spring app set-deployment
      Connection:
      - keep-alive
      Content-Length:
      - '69'
      Content-Type:
      - application/json
      ParameterSetName:
      - -d -n -g -s
      User-Agent:
      - AZURECLI/2.42.0 azsdk-python-mgmt-appplatform/6.1.0 Python/3.8.3 (Windows-10-10.0.22621-SP0)
    method: PATCH
    uri: https://management.azure.com/subscriptions/00000000-0000-0000-0000-000000000000/resourceGroups/cli/providers/Microsoft.AppPlatform/Spring/cli-unittest/apps/test-app-blue-green?api-version=2020-07-01
  response:
    body:
      string: '{"properties":{"public":false,"provisioningState":"Updating","activeDeploymentName":"green","fqdn":"cli-unittest.azuremicroservices.io","httpsOnly":false,"createdTime":"2022-11-24T13:13:48.222Z","temporaryDisk":{"sizeInGB":5,"mountPath":"/tmp"},"persistentDisk":{"sizeInGB":0,"mountPath":"/persistent"},"ingressSettings":{"readTimeoutInSeconds":300,"sendTimeoutInSeconds":60,"sessionCookieMaxAge":0,"sessionAffinity":"None","backendProtocol":"Default"}},"type":"Microsoft.AppPlatform/Spring/apps","identity":null,"location":"eastus","id":"/subscriptions/00000000-0000-0000-0000-000000000000/resourceGroups/cli/providers/Microsoft.AppPlatform/Spring/cli-unittest/apps/test-app-blue-green","name":"test-app-blue-green"}'
    headers:
      azure-asyncoperation:
      - https://management.azure.com/subscriptions/00000000-0000-0000-0000-000000000000/resourceGroups/cli/providers/Microsoft.AppPlatform/locations/eastus/operationStatus/test-app-blue-green/operationId/f4b1ed73-a604-4cfb-9547-e1acf5bc4a9b?api-version=2020-07-01
      cache-control:
      - no-cache
      content-length:
      - '717'
      content-type:
      - application/json; charset=utf-8
      date:
      - Thu, 24 Nov 2022 13:16:09 GMT
      expires:
      - '-1'
      location:
      - https://management.azure.com/subscriptions/00000000-0000-0000-0000-000000000000/resourceGroups/cli/providers/Microsoft.AppPlatform/locations/eastus/operationResults/f4b1ed73-a604-4cfb-9547-e1acf5bc4a9b/Spring/test-app-blue-green?api-version=2020-07-01
      pragma:
      - no-cache
      request-context:
      - appId=cid-v1:797d7e4e-8180-497e-a254-780fbd39ba4d
      strict-transport-security:
      - max-age=31536000; includeSubDomains
      x-content-type-options:
      - nosniff
      x-ms-ratelimit-remaining-subscription-resource-requests:
      - '1199'
      x-rp-server-mvid:
      - 59b5eb15-14b1-47d7-aa3e-7b6c2904efcd
    status:
      code: 202
      message: Accepted
- request:
    body: null
    headers:
      Accept:
      - '*/*'
      Accept-Encoding:
      - gzip, deflate
      CommandName:
      - spring app set-deployment
      Connection:
      - keep-alive
      ParameterSetName:
      - -d -n -g -s
      User-Agent:
      - AZURECLI/2.42.0 azsdk-python-mgmt-appplatform/6.1.0 Python/3.8.3 (Windows-10-10.0.22621-SP0)
    method: GET
    uri: https://management.azure.com/subscriptions/00000000-0000-0000-0000-000000000000/resourceGroups/cli/providers/Microsoft.AppPlatform/locations/eastus/operationStatus/test-app-blue-green/operationId/f4b1ed73-a604-4cfb-9547-e1acf5bc4a9b?api-version=2020-07-01
  response:
    body:
      string: '{"id":"subscriptions/d51e3ffe-6b84-49cd-b426-0dc4ec660356/resourceGroups/cli/providers/Microsoft.AppPlatform/locations/eastus/operationStatus/test-app-blue-green/operationId/f4b1ed73-a604-4cfb-9547-e1acf5bc4a9b","name":"f4b1ed73-a604-4cfb-9547-e1acf5bc4a9b","status":"Succeeded","startTime":"2022-11-24T13:16:09.8111195Z","endTime":"2022-11-24T13:16:20.180934Z"}'
    headers:
      cache-control:
      - no-cache
      content-length:
      - '362'
      content-type:
      - application/json; charset=utf-8
      date:
      - Thu, 24 Nov 2022 13:16:39 GMT
      expires:
      - '-1'
      pragma:
      - no-cache
      request-context:
      - appId=cid-v1:797d7e4e-8180-497e-a254-780fbd39ba4d
      strict-transport-security:
      - max-age=31536000; includeSubDomains
      transfer-encoding:
      - chunked
      vary:
      - Accept-Encoding
      x-content-type-options:
      - nosniff
      x-rp-server-mvid:
      - 59b5eb15-14b1-47d7-aa3e-7b6c2904efcd
    status:
      code: 200
      message: OK
- request:
    body: null
    headers:
      Accept:
      - '*/*'
      Accept-Encoding:
      - gzip, deflate
      CommandName:
      - spring app set-deployment
      Connection:
      - keep-alive
      ParameterSetName:
      - -d -n -g -s
      User-Agent:
      - AZURECLI/2.42.0 azsdk-python-mgmt-appplatform/6.1.0 Python/3.8.3 (Windows-10-10.0.22621-SP0)
    method: GET
    uri: https://management.azure.com/subscriptions/00000000-0000-0000-0000-000000000000/resourceGroups/cli/providers/Microsoft.AppPlatform/Spring/cli-unittest/apps/test-app-blue-green?api-version=2020-07-01
  response:
    body:
      string: '{"properties":{"public":false,"provisioningState":"Succeeded","activeDeploymentName":"green","fqdn":"cli-unittest.azuremicroservices.io","httpsOnly":false,"createdTime":"2022-11-24T13:13:48.222Z","temporaryDisk":{"sizeInGB":5,"mountPath":"/tmp"},"persistentDisk":{"sizeInGB":0,"mountPath":"/persistent"},"ingressSettings":{"readTimeoutInSeconds":300,"sendTimeoutInSeconds":60,"sessionCookieMaxAge":0,"sessionAffinity":"None","backendProtocol":"Default"}},"type":"Microsoft.AppPlatform/Spring/apps","identity":null,"location":"eastus","id":"/subscriptions/00000000-0000-0000-0000-000000000000/resourceGroups/cli/providers/Microsoft.AppPlatform/Spring/cli-unittest/apps/test-app-blue-green","name":"test-app-blue-green"}'
    headers:
      cache-control:
      - no-cache
      content-length:
      - '718'
      content-type:
      - application/json; charset=utf-8
      date:
      - Thu, 24 Nov 2022 13:16:40 GMT
      expires:
      - '-1'
      pragma:
      - no-cache
      request-context:
      - appId=cid-v1:797d7e4e-8180-497e-a254-780fbd39ba4d
      strict-transport-security:
      - max-age=31536000; includeSubDomains
      transfer-encoding:
      - chunked
      vary:
      - Accept-Encoding
      x-content-type-options:
      - nosniff
      x-ms-ratelimit-remaining-subscription-resource-requests:
      - '11999'
      x-rp-server-mvid:
      - 59b5eb15-14b1-47d7-aa3e-7b6c2904efcd
    status:
      code: 200
      message: OK
- request:
    body: null
    headers:
      Accept:
      - application/json
      Accept-Encoding:
      - gzip, deflate
      CommandName:
      - spring app show
      Connection:
      - keep-alive
      ParameterSetName:
      - -n -g -s
      User-Agent:
      - AZURECLI/2.42.0 azsdk-python-mgmt-appplatform/6.1.0 Python/3.8.3 (Windows-10-10.0.22621-SP0)
    method: GET
    uri: https://management.azure.com/subscriptions/00000000-0000-0000-0000-000000000000/resourceGroups/cli/providers/Microsoft.AppPlatform/Spring/cli-unittest/apps/test-app-blue-green?api-version=2022-09-01-preview
  response:
    body:
      string: '{"properties":{"addonConfigs":{"applicationConfigurationService":{},"serviceRegistry":{}},"public":false,"provisioningState":"Succeeded","fqdn":"cli-unittest.azuremicroservices.io","httpsOnly":false,"temporaryDisk":{"sizeInGB":5,"mountPath":"/tmp"},"persistentDisk":{"sizeInGB":0,"mountPath":"/persistent"},"enableEndToEndTLS":false,"ingressSettings":{"readTimeoutInSeconds":300,"sendTimeoutInSeconds":60,"sessionCookieMaxAge":0,"sessionAffinity":"None","backendProtocol":"Default"}},"type":"Microsoft.AppPlatform/Spring/apps","identity":null,"location":"eastus","id":"/subscriptions/00000000-0000-0000-0000-000000000000/resourceGroups/cli/providers/Microsoft.AppPlatform/Spring/cli-unittest/apps/test-app-blue-green","name":"test-app-blue-green","systemData":{"createdBy":"yili7@microsoft.com","createdByType":"User","createdAt":"2022-11-24T13:13:39.4777874Z","lastModifiedBy":"yili7@microsoft.com","lastModifiedByType":"User","lastModifiedAt":"2022-11-24T13:16:08.5951243Z"}}'
    headers:
      cache-control:
      - no-cache
      content-length:
      - '977'
      content-type:
      - application/json; charset=utf-8
      date:
      - Thu, 24 Nov 2022 13:16:43 GMT
      expires:
      - '-1'
      pragma:
      - no-cache
      request-context:
      - appId=cid-v1:797d7e4e-8180-497e-a254-780fbd39ba4d
      strict-transport-security:
      - max-age=31536000; includeSubDomains
      transfer-encoding:
      - chunked
      vary:
      - Accept-Encoding
      x-content-type-options:
      - nosniff
      x-ms-ratelimit-remaining-subscription-resource-requests:
      - '11997'
      x-rp-server-mvid:
      - 59b5eb15-14b1-47d7-aa3e-7b6c2904efcd
    status:
      code: 200
      message: OK
- request:
    body: null
    headers:
      Accept:
      - application/json
      Accept-Encoding:
      - gzip, deflate
      CommandName:
      - spring app show
      Connection:
      - keep-alive
      ParameterSetName:
      - -n -g -s
      User-Agent:
      - AZURECLI/2.42.0 azsdk-python-mgmt-appplatform/6.1.0 Python/3.8.3 (Windows-10-10.0.22621-SP0)
    method: GET
    uri: https://management.azure.com/subscriptions/00000000-0000-0000-0000-000000000000/resourceGroups/cli/providers/Microsoft.AppPlatform/Spring/cli-unittest/apps/test-app-blue-green/deployments?api-version=2022-09-01-preview
  response:
    body:
      string: '{"value":[{"properties":{"deploymentSettings":{"resourceRequests":{"cpu":"1","memory":"1Gi"},"environmentVariables":null,"terminationGracePeriodSeconds":90,"livenessProbe":{"disableProbe":false,"failureThreshold":24,"initialDelaySeconds":60,"periodSeconds":10,"successThreshold":1,"timeoutSeconds":1,"probeAction":{"type":"TCPSocketAction"}},"readinessProbe":{"disableProbe":false,"failureThreshold":3,"initialDelaySeconds":0,"periodSeconds":10,"successThreshold":1,"timeoutSeconds":1,"probeAction":{"type":"TCPSocketAction"}}},"provisioningState":"Succeeded","status":"Running","active":false,"instances":[{"name":"test-app-blue-green-default-19-759c6ff99-jv974","status":"Starting","reason":"Not
        ready for connecting","discoveryStatus":"UNREGISTERED","startTime":"2022-11-24T13:16:20Z"}],"source":{"type":"Jar","relativePath":"<default>","runtimeVersion":"Java_8"}},"type":"Microsoft.AppPlatform/Spring/apps/deployments","sku":{"name":"S0","tier":"Standard","capacity":1},"id":"/subscriptions/00000000-0000-0000-0000-000000000000/resourceGroups/cli/providers/Microsoft.AppPlatform/Spring/cli-unittest/apps/test-app-blue-green/deployments/default","name":"default","systemData":{"createdBy":"yili7@microsoft.com","createdByType":"User","createdAt":"2022-11-24T13:14:15.3841904Z","lastModifiedBy":"yili7@microsoft.com","lastModifiedByType":"User","lastModifiedAt":"2022-11-24T13:16:08.5951243Z"}},{"properties":{"deploymentSettings":{"resourceRequests":{"cpu":"1","memory":"1Gi"},"environmentVariables":null,"terminationGracePeriodSeconds":90,"livenessProbe":{"disableProbe":false,"failureThreshold":24,"initialDelaySeconds":60,"periodSeconds":10,"successThreshold":1,"timeoutSeconds":1,"probeAction":{"type":"TCPSocketAction"}},"readinessProbe":{"disableProbe":false,"failureThreshold":3,"initialDelaySeconds":0,"periodSeconds":10,"successThreshold":1,"timeoutSeconds":1,"probeAction":{"type":"TCPSocketAction"}}},"provisioningState":"Succeeded","status":"Running","active":true,"instances":[{"name":"test-app-blue-green-green-19-575458977-9xt4l","status":"Starting","reason":"Not
        ready for connecting","discoveryStatus":"UNREGISTERED","startTime":"2022-11-24T13:16:19Z"}],"source":{"type":"Jar","relativePath":"<default>","runtimeVersion":"Java_8"}},"type":"Microsoft.AppPlatform/Spring/apps/deployments","sku":{"name":"S0","tier":"Standard","capacity":1},"id":"/subscriptions/00000000-0000-0000-0000-000000000000/resourceGroups/cli/providers/Microsoft.AppPlatform/Spring/cli-unittest/apps/test-app-blue-green/deployments/green","name":"green","systemData":{"createdBy":"yili7@microsoft.com","createdByType":"User","createdAt":"2022-11-24T13:15:11.1173191Z","lastModifiedBy":"yili7@microsoft.com","lastModifiedByType":"User","lastModifiedAt":"2022-11-24T13:16:08.5951243Z"}}]}'
    headers:
      cache-control:
      - no-cache
      content-length:
      - '2778'
      content-type:
      - application/json; charset=utf-8
      date:
      - Thu, 24 Nov 2022 13:16:46 GMT
      expires:
      - '-1'
      pragma:
      - no-cache
      request-context:
      - appId=cid-v1:797d7e4e-8180-497e-a254-780fbd39ba4d
      strict-transport-security:
      - max-age=31536000; includeSubDomains
      transfer-encoding:
      - chunked
      vary:
      - Accept-Encoding
      x-content-type-options:
      - nosniff
      x-ms-ratelimit-remaining-subscription-resource-requests:
      - '11996'
      x-rp-server-mvid:
      - 59b5eb15-14b1-47d7-aa3e-7b6c2904efcd
    status:
      code: 200
      message: OK
- request:
    body: null
    headers:
      Accept:
      - application/json
      Accept-Encoding:
      - gzip, deflate
      CommandName:
      - spring app deployment show
      Connection:
      - keep-alive
      ParameterSetName:
      - -n --app -g -s
      User-Agent:
      - AZURECLI/2.42.0 azsdk-python-mgmt-appplatform/6.1.0 Python/3.8.3 (Windows-10-10.0.22621-SP0)
    method: GET
    uri: https://management.azure.com/subscriptions/00000000-0000-0000-0000-000000000000/resourceGroups/cli/providers/Microsoft.AppPlatform/Spring/cli-unittest/apps/test-app-blue-green/deployments/mock-deployment?api-version=2022-05-01-preview
  response:
    body:
      string: '{"properties":{"deploymentSettings":{"resourceRequests":{"cpu":"1","memory":"1Gi"},"environmentVariables":null,"terminationGracePeriodSeconds":90,"livenessProbe":{"disableProbe":false,"failureThreshold":24,"initialDelaySeconds":60,"periodSeconds":10,"successThreshold":1,"timeoutSeconds":1,"probeAction":{"type":"TCPSocketAction"}},"readinessProbe":{"disableProbe":false,"failureThreshold":3,"initialDelaySeconds":0,"periodSeconds":10,"successThreshold":1,"timeoutSeconds":1,"probeAction":{"type":"TCPSocketAction"}}},"provisioningState":"Succeeded","status":"Running","active":false,"instances":[{"name":"test-app-blue-green-default-19-759c6ff99-jv974","status":"Starting","reason":"Not
        ready for connecting","discoveryStatus":"UNREGISTERED","startTime":"2022-11-24T13:16:20Z"}],"source":{"type":"Jar","relativePath":"<default>","runtimeVersion":"Java_8"}},"type":"Microsoft.AppPlatform/Spring/apps/deployments","sku":{"name":"S0","tier":"Standard","capacity":1},"id":"/subscriptions/00000000-0000-0000-0000-000000000000/resourceGroups/cli/providers/Microsoft.AppPlatform/Spring/cli-unittest/apps/test-app-blue-green/deployments/default","name":"default","systemData":{"createdBy":"yili7@microsoft.com","createdByType":"User","createdAt":"2022-11-24T13:14:15.3841904Z","lastModifiedBy":"yili7@microsoft.com","lastModifiedByType":"User","lastModifiedAt":"2022-11-24T13:16:08.5951243Z"}}'
    headers:
      cache-control:
      - no-cache
      content-length:
      - '1386'
      content-type:
      - application/json; charset=utf-8
      date:
      - Thu, 24 Nov 2022 13:16:50 GMT
      expires:
      - '-1'
      pragma:
      - no-cache
      request-context:
      - appId=cid-v1:797d7e4e-8180-497e-a254-780fbd39ba4d
      strict-transport-security:
      - max-age=31536000; includeSubDomains
      transfer-encoding:
      - chunked
      vary:
      - Accept-Encoding
      x-content-type-options:
      - nosniff
      x-ms-ratelimit-remaining-subscription-resource-requests:
      - '11996'
      x-rp-server-mvid:
      - 59b5eb15-14b1-47d7-aa3e-7b6c2904efcd
    status:
      code: 200
      message: OK
- request:
    body: null
    headers:
      Accept:
      - application/json
      Accept-Encoding:
      - gzip, deflate
      CommandName:
      - spring app deployment show
      Connection:
      - keep-alive
      ParameterSetName:
      - -n --app -g -s
      User-Agent:
      - AZURECLI/2.42.0 azsdk-python-mgmt-appplatform/6.1.0 Python/3.8.3 (Windows-10-10.0.22621-SP0)
    method: GET
    uri: https://management.azure.com/subscriptions/00000000-0000-0000-0000-000000000000/resourceGroups/cli/providers/Microsoft.AppPlatform/Spring/cli-unittest/apps/test-app-blue-green/deployments/mock-deployment?api-version=2022-05-01-preview
  response:
    body:
      string: '{"properties":{"deploymentSettings":{"resourceRequests":{"cpu":"1","memory":"1Gi"},"environmentVariables":null,"terminationGracePeriodSeconds":90,"livenessProbe":{"disableProbe":false,"failureThreshold":24,"initialDelaySeconds":60,"periodSeconds":10,"successThreshold":1,"timeoutSeconds":1,"probeAction":{"type":"TCPSocketAction"}},"readinessProbe":{"disableProbe":false,"failureThreshold":3,"initialDelaySeconds":0,"periodSeconds":10,"successThreshold":1,"timeoutSeconds":1,"probeAction":{"type":"TCPSocketAction"}}},"provisioningState":"Succeeded","status":"Running","active":true,"instances":[{"name":"test-app-blue-green-green-19-575458977-9xt4l","status":"Running","discoveryStatus":"UNREGISTERED","startTime":"2022-11-24T13:16:19Z"}],"source":{"type":"Jar","relativePath":"<default>","runtimeVersion":"Java_8"}},"type":"Microsoft.AppPlatform/Spring/apps/deployments","sku":{"name":"S0","tier":"Standard","capacity":1},"id":"/subscriptions/00000000-0000-0000-0000-000000000000/resourceGroups/cli/providers/Microsoft.AppPlatform/Spring/cli-unittest/apps/test-app-blue-green/deployments/green","name":"green","systemData":{"createdBy":"yili7@microsoft.com","createdByType":"User","createdAt":"2022-11-24T13:15:11.1173191Z","lastModifiedBy":"yili7@microsoft.com","lastModifiedByType":"User","lastModifiedAt":"2022-11-24T13:16:08.5951243Z"}}'
    headers:
      cache-control:
      - no-cache
      content-length:
      - '1342'
      content-type:
      - application/json; charset=utf-8
      date:
      - Thu, 24 Nov 2022 13:16:54 GMT
      expires:
      - '-1'
      pragma:
      - no-cache
      request-context:
      - appId=cid-v1:797d7e4e-8180-497e-a254-780fbd39ba4d
      strict-transport-security:
      - max-age=31536000; includeSubDomains
      transfer-encoding:
      - chunked
      vary:
      - Accept-Encoding
      x-content-type-options:
      - nosniff
      x-ms-ratelimit-remaining-subscription-resource-requests:
      - '11997'
      x-rp-server-mvid:
      - 59b5eb15-14b1-47d7-aa3e-7b6c2904efcd
    status:
      code: 200
      message: OK
- request:
    body: null
    headers:
      Accept:
      - application/json
      Accept-Encoding:
      - gzip, deflate
      CommandName:
      - spring app unset-deployment
      Connection:
      - keep-alive
      ParameterSetName:
      - -n -g -s
      User-Agent:
      - AZURECLI/2.42.0 azsdk-python-mgmt-appplatform/6.1.0 Python/3.8.3 (Windows-10-10.0.22621-SP0)
    method: GET
    uri: https://management.azure.com/subscriptions/00000000-0000-0000-0000-000000000000/resourceGroups/cli/providers/Microsoft.AppPlatform/Spring/cli-unittest/apps/test-app-blue-green/deployments?api-version=2022-05-01-preview
  response:
    body:
      string: '{"value":[{"properties":{"deploymentSettings":{"resourceRequests":{"cpu":"1","memory":"1Gi"},"environmentVariables":null,"terminationGracePeriodSeconds":90,"livenessProbe":{"disableProbe":false,"failureThreshold":24,"initialDelaySeconds":60,"periodSeconds":10,"successThreshold":1,"timeoutSeconds":1,"probeAction":{"type":"TCPSocketAction"}},"readinessProbe":{"disableProbe":false,"failureThreshold":3,"initialDelaySeconds":0,"periodSeconds":10,"successThreshold":1,"timeoutSeconds":1,"probeAction":{"type":"TCPSocketAction"}}},"provisioningState":"Succeeded","status":"Running","active":false,"instances":[{"name":"test-app-blue-green-default-19-759c6ff99-jv974","status":"Running","discoveryStatus":"UNREGISTERED","startTime":"2022-11-24T13:16:20Z"}],"source":{"type":"Jar","relativePath":"<default>","runtimeVersion":"Java_8"}},"type":"Microsoft.AppPlatform/Spring/apps/deployments","sku":{"name":"S0","tier":"Standard","capacity":1},"id":"/subscriptions/00000000-0000-0000-0000-000000000000/resourceGroups/cli/providers/Microsoft.AppPlatform/Spring/cli-unittest/apps/test-app-blue-green/deployments/default","name":"default","systemData":{"createdBy":"yili7@microsoft.com","createdByType":"User","createdAt":"2022-11-24T13:14:15.3841904Z","lastModifiedBy":"yili7@microsoft.com","lastModifiedByType":"User","lastModifiedAt":"2022-11-24T13:16:08.5951243Z"}},{"properties":{"deploymentSettings":{"resourceRequests":{"cpu":"1","memory":"1Gi"},"environmentVariables":null,"terminationGracePeriodSeconds":90,"livenessProbe":{"disableProbe":false,"failureThreshold":24,"initialDelaySeconds":60,"periodSeconds":10,"successThreshold":1,"timeoutSeconds":1,"probeAction":{"type":"TCPSocketAction"}},"readinessProbe":{"disableProbe":false,"failureThreshold":3,"initialDelaySeconds":0,"periodSeconds":10,"successThreshold":1,"timeoutSeconds":1,"probeAction":{"type":"TCPSocketAction"}}},"provisioningState":"Succeeded","status":"Running","active":true,"instances":[{"name":"test-app-blue-green-green-19-575458977-9xt4l","status":"Running","discoveryStatus":"UNREGISTERED","startTime":"2022-11-24T13:16:19Z"}],"source":{"type":"Jar","relativePath":"<default>","runtimeVersion":"Java_8"}},"type":"Microsoft.AppPlatform/Spring/apps/deployments","sku":{"name":"S0","tier":"Standard","capacity":1},"id":"/subscriptions/00000000-0000-0000-0000-000000000000/resourceGroups/cli/providers/Microsoft.AppPlatform/Spring/cli-unittest/apps/test-app-blue-green/deployments/green","name":"green","systemData":{"createdBy":"yili7@microsoft.com","createdByType":"User","createdAt":"2022-11-24T13:15:11.1173191Z","lastModifiedBy":"yili7@microsoft.com","lastModifiedByType":"User","lastModifiedAt":"2022-11-24T13:16:08.5951243Z"}}]}'
    headers:
      cache-control:
      - no-cache
      content-length:
      - '2704'
      content-type:
      - application/json; charset=utf-8
      date:
      - Thu, 24 Nov 2022 13:16:58 GMT
      expires:
      - '-1'
      pragma:
      - no-cache
      request-context:
      - appId=cid-v1:797d7e4e-8180-497e-a254-780fbd39ba4d
      strict-transport-security:
      - max-age=31536000; includeSubDomains
      transfer-encoding:
      - chunked
      vary:
      - Accept-Encoding
      x-content-type-options:
      - nosniff
      x-ms-ratelimit-remaining-subscription-resource-requests:
      - '11996'
      x-rp-server-mvid:
      - 59b5eb15-14b1-47d7-aa3e-7b6c2904efcd
    status:
      code: 200
      message: OK
- request:
    body: null
    headers:
      Accept:
      - application/json
      Accept-Encoding:
      - gzip, deflate
      CommandName:
      - spring app unset-deployment
      Connection:
      - keep-alive
      ParameterSetName:
      - -n -g -s
      User-Agent:
      - AZURECLI/2.42.0 azsdk-python-mgmt-appplatform/6.1.0 Python/3.8.3 (Windows-10-10.0.22621-SP0)
    method: GET
    uri: https://management.azure.com/subscriptions/00000000-0000-0000-0000-000000000000/resourceGroups/cli/providers/Microsoft.AppPlatform/Spring/cli-unittest?api-version=2022-09-01-preview
  response:
    body:
      string: '{"properties":{"provisioningState":"Succeeded","zoneRedundant":false,"version":3,"serviceId":"685378627024414abceb4ac7ba13e677","networkProfile":{"outboundIPs":{"publicIPs":["20.62.235.173","20.62.235.230"]},"outboundType":"loadBalancer"},"powerState":"Running","fqdn":"cli-unittest.azuremicroservices.io"},"type":"Microsoft.AppPlatform/Spring","sku":{"name":"S0","tier":"Standard"},"location":"eastus","tags":{},"id":"/subscriptions/00000000-0000-0000-0000-000000000000/resourceGroups/cli/providers/Microsoft.AppPlatform/Spring/cli-unittest","name":"cli-unittest","systemData":{"createdBy":"yili7@microsoft.com","createdByType":"User","createdAt":"2022-11-24T12:09:50.6175309Z","lastModifiedBy":"yili7@microsoft.com","lastModifiedByType":"User","lastModifiedAt":"2022-11-24T12:14:02.6440969Z"}}'
    headers:
      cache-control:
      - no-cache
      content-length:
      - '795'
      content-type:
      - application/json; charset=utf-8
      date:
      - Thu, 24 Nov 2022 13:17:00 GMT
      expires:
      - '-1'
      pragma:
      - no-cache
      request-context:
      - appId=cid-v1:797d7e4e-8180-497e-a254-780fbd39ba4d
      strict-transport-security:
      - max-age=31536000; includeSubDomains
      transfer-encoding:
      - chunked
      vary:
      - Accept-Encoding
      x-content-type-options:
      - nosniff
      x-ms-ratelimit-remaining-subscription-resource-requests:
      - '11998'
      x-rp-server-mvid:
      - 59b5eb15-14b1-47d7-aa3e-7b6c2904efcd
    status:
      code: 200
      message: OK
- request:
    body: '{"properties": {"activeDeploymentName": "", "httpsOnly": false}}'
    headers:
      Accept:
      - application/json
      Accept-Encoding:
      - gzip, deflate
      CommandName:
      - spring app unset-deployment
      Connection:
      - keep-alive
      Content-Length:
      - '64'
      Content-Type:
      - application/json
      ParameterSetName:
      - -n -g -s
      User-Agent:
      - AZURECLI/2.42.0 azsdk-python-mgmt-appplatform/6.1.0 Python/3.8.3 (Windows-10-10.0.22621-SP0)
    method: PATCH
    uri: https://management.azure.com/subscriptions/00000000-0000-0000-0000-000000000000/resourceGroups/cli/providers/Microsoft.AppPlatform/Spring/cli-unittest/apps/test-app-blue-green?api-version=2020-07-01
  response:
    body:
      string: '{"properties":{"public":false,"provisioningState":"Updating","activeDeploymentName":"","fqdn":"cli-unittest.azuremicroservices.io","httpsOnly":false,"createdTime":"2022-11-24T13:13:48.222Z","temporaryDisk":{"sizeInGB":5,"mountPath":"/tmp"},"persistentDisk":{"sizeInGB":0,"mountPath":"/persistent"},"ingressSettings":{"readTimeoutInSeconds":300,"sendTimeoutInSeconds":60,"sessionCookieMaxAge":0,"sessionAffinity":"None","backendProtocol":"Default"}},"type":"Microsoft.AppPlatform/Spring/apps","identity":null,"location":"eastus","id":"/subscriptions/00000000-0000-0000-0000-000000000000/resourceGroups/cli/providers/Microsoft.AppPlatform/Spring/cli-unittest/apps/test-app-blue-green","name":"test-app-blue-green"}'
    headers:
      azure-asyncoperation:
      - https://management.azure.com/subscriptions/00000000-0000-0000-0000-000000000000/resourceGroups/cli/providers/Microsoft.AppPlatform/locations/eastus/operationStatus/test-app-blue-green/operationId/0f6a9a23-59fa-44cb-ab47-2168b8bb6b02?api-version=2020-07-01
      cache-control:
      - no-cache
      content-length:
      - '712'
      content-type:
      - application/json; charset=utf-8
      date:
      - Thu, 24 Nov 2022 13:17:01 GMT
      expires:
      - '-1'
      location:
      - https://management.azure.com/subscriptions/00000000-0000-0000-0000-000000000000/resourceGroups/cli/providers/Microsoft.AppPlatform/locations/eastus/operationResults/0f6a9a23-59fa-44cb-ab47-2168b8bb6b02/Spring/test-app-blue-green?api-version=2020-07-01
      pragma:
      - no-cache
      request-context:
      - appId=cid-v1:797d7e4e-8180-497e-a254-780fbd39ba4d
      strict-transport-security:
      - max-age=31536000; includeSubDomains
      x-content-type-options:
      - nosniff
      x-ms-ratelimit-remaining-subscription-resource-requests:
      - '1195'
      x-rp-server-mvid:
      - 59b5eb15-14b1-47d7-aa3e-7b6c2904efcd
    status:
      code: 202
      message: Accepted
- request:
    body: null
    headers:
      Accept:
      - '*/*'
      Accept-Encoding:
      - gzip, deflate
      CommandName:
      - spring app unset-deployment
      Connection:
      - keep-alive
      ParameterSetName:
      - -n -g -s
      User-Agent:
      - AZURECLI/2.42.0 azsdk-python-mgmt-appplatform/6.1.0 Python/3.8.3 (Windows-10-10.0.22621-SP0)
    method: GET
    uri: https://management.azure.com/subscriptions/00000000-0000-0000-0000-000000000000/resourceGroups/cli/providers/Microsoft.AppPlatform/locations/eastus/operationStatus/test-app-blue-green/operationId/0f6a9a23-59fa-44cb-ab47-2168b8bb6b02?api-version=2020-07-01
  response:
    body:
      string: '{"id":"subscriptions/d51e3ffe-6b84-49cd-b426-0dc4ec660356/resourceGroups/cli/providers/Microsoft.AppPlatform/locations/eastus/operationStatus/test-app-blue-green/operationId/0f6a9a23-59fa-44cb-ab47-2168b8bb6b02","name":"0f6a9a23-59fa-44cb-ab47-2168b8bb6b02","status":"Succeeded","startTime":"2022-11-24T13:17:02.0330838Z","endTime":"2022-11-24T13:17:13.1757821Z"}'
    headers:
      cache-control:
      - no-cache
      content-length:
      - '363'
      content-type:
      - application/json; charset=utf-8
      date:
      - Thu, 24 Nov 2022 13:17:33 GMT
      expires:
      - '-1'
      pragma:
      - no-cache
      request-context:
      - appId=cid-v1:797d7e4e-8180-497e-a254-780fbd39ba4d
      strict-transport-security:
      - max-age=31536000; includeSubDomains
      transfer-encoding:
      - chunked
      vary:
      - Accept-Encoding
      x-content-type-options:
      - nosniff
      x-rp-server-mvid:
      - 59b5eb15-14b1-47d7-aa3e-7b6c2904efcd
    status:
      code: 200
      message: OK
- request:
    body: null
    headers:
      Accept:
      - '*/*'
      Accept-Encoding:
      - gzip, deflate
      CommandName:
      - spring app unset-deployment
      Connection:
      - keep-alive
      ParameterSetName:
      - -n -g -s
      User-Agent:
      - AZURECLI/2.42.0 azsdk-python-mgmt-appplatform/6.1.0 Python/3.8.3 (Windows-10-10.0.22621-SP0)
    method: GET
    uri: https://management.azure.com/subscriptions/00000000-0000-0000-0000-000000000000/resourceGroups/cli/providers/Microsoft.AppPlatform/Spring/cli-unittest/apps/test-app-blue-green?api-version=2020-07-01
  response:
    body:
      string: '{"properties":{"public":false,"provisioningState":"Succeeded","fqdn":"cli-unittest.azuremicroservices.io","httpsOnly":false,"createdTime":"2022-11-24T13:13:48.222Z","temporaryDisk":{"sizeInGB":5,"mountPath":"/tmp"},"persistentDisk":{"sizeInGB":0,"mountPath":"/persistent"},"ingressSettings":{"readTimeoutInSeconds":300,"sendTimeoutInSeconds":60,"sessionCookieMaxAge":0,"sessionAffinity":"None","backendProtocol":"Default"}},"type":"Microsoft.AppPlatform/Spring/apps","identity":null,"location":"eastus","id":"/subscriptions/00000000-0000-0000-0000-000000000000/resourceGroups/cli/providers/Microsoft.AppPlatform/Spring/cli-unittest/apps/test-app-blue-green","name":"test-app-blue-green"}'
    headers:
      cache-control:
      - no-cache
      content-length:
      - '687'
      content-type:
      - application/json; charset=utf-8
      date:
      - Thu, 24 Nov 2022 13:17:34 GMT
      expires:
      - '-1'
      pragma:
      - no-cache
      request-context:
      - appId=cid-v1:797d7e4e-8180-497e-a254-780fbd39ba4d
      strict-transport-security:
      - max-age=31536000; includeSubDomains
      transfer-encoding:
      - chunked
      vary:
      - Accept-Encoding
      x-content-type-options:
      - nosniff
      x-ms-ratelimit-remaining-subscription-resource-requests:
      - '11991'
      x-rp-server-mvid:
      - 59b5eb15-14b1-47d7-aa3e-7b6c2904efcd
    status:
      code: 200
      message: OK
- request:
    body: null
    headers:
      Accept:
      - application/json
      Accept-Encoding:
      - gzip, deflate
      CommandName:
      - spring app deployment show
      Connection:
      - keep-alive
      ParameterSetName:
      - -n --app -g -s
      User-Agent:
      - AZURECLI/2.42.0 azsdk-python-mgmt-appplatform/6.1.0 Python/3.8.3 (Windows-10-10.0.22621-SP0)
    method: GET
    uri: https://management.azure.com/subscriptions/00000000-0000-0000-0000-000000000000/resourceGroups/cli/providers/Microsoft.AppPlatform/Spring/cli-unittest/apps/test-app-blue-green/deployments/mock-deployment?api-version=2022-05-01-preview
  response:
    body:
      string: '{"properties":{"deploymentSettings":{"resourceRequests":{"cpu":"1","memory":"1Gi"},"environmentVariables":null,"terminationGracePeriodSeconds":90,"livenessProbe":{"disableProbe":false,"failureThreshold":24,"initialDelaySeconds":60,"periodSeconds":10,"successThreshold":1,"timeoutSeconds":1,"probeAction":{"type":"TCPSocketAction"}},"readinessProbe":{"disableProbe":false,"failureThreshold":3,"initialDelaySeconds":0,"periodSeconds":10,"successThreshold":1,"timeoutSeconds":1,"probeAction":{"type":"TCPSocketAction"}}},"provisioningState":"Succeeded","status":"Running","active":false,"instances":[{"name":"test-app-blue-green-default-19-759c6ff99-jv974","status":"Running","discoveryStatus":"UNREGISTERED","startTime":"2022-11-24T13:16:20Z"}],"source":{"type":"Jar","relativePath":"<default>","runtimeVersion":"Java_8"}},"type":"Microsoft.AppPlatform/Spring/apps/deployments","sku":{"name":"S0","tier":"Standard","capacity":1},"id":"/subscriptions/00000000-0000-0000-0000-000000000000/resourceGroups/cli/providers/Microsoft.AppPlatform/Spring/cli-unittest/apps/test-app-blue-green/deployments/default","name":"default","systemData":{"createdBy":"yili7@microsoft.com","createdByType":"User","createdAt":"2022-11-24T13:14:15.3841904Z","lastModifiedBy":"yili7@microsoft.com","lastModifiedByType":"User","lastModifiedAt":"2022-11-24T13:16:08.5951243Z"}}'
    headers:
      cache-control:
      - no-cache
      content-length:
      - '1349'
      content-type:
      - application/json; charset=utf-8
      date:
      - Thu, 24 Nov 2022 13:17:38 GMT
      expires:
      - '-1'
      pragma:
      - no-cache
      request-context:
      - appId=cid-v1:797d7e4e-8180-497e-a254-780fbd39ba4d
      strict-transport-security:
      - max-age=31536000; includeSubDomains
      transfer-encoding:
      - chunked
      vary:
      - Accept-Encoding
      x-content-type-options:
      - nosniff
      x-ms-ratelimit-remaining-subscription-resource-requests:
      - '11998'
      x-rp-server-mvid:
      - 59b5eb15-14b1-47d7-aa3e-7b6c2904efcd
    status:
      code: 200
      message: OK
- request:
    body: null
    headers:
      Accept:
      - application/json
      Accept-Encoding:
      - gzip, deflate
      CommandName:
      - spring app deployment show
      Connection:
      - keep-alive
      ParameterSetName:
      - -n --app -g -s
      User-Agent:
      - AZURECLI/2.42.0 azsdk-python-mgmt-appplatform/6.1.0 Python/3.8.3 (Windows-10-10.0.22621-SP0)
    method: GET
    uri: https://management.azure.com/subscriptions/00000000-0000-0000-0000-000000000000/resourceGroups/cli/providers/Microsoft.AppPlatform/Spring/cli-unittest/apps/test-app-blue-green/deployments/mock-deployment?api-version=2022-05-01-preview
  response:
    body:
      string: '{"properties":{"deploymentSettings":{"resourceRequests":{"cpu":"1","memory":"1Gi"},"environmentVariables":null,"terminationGracePeriodSeconds":90,"livenessProbe":{"disableProbe":false,"failureThreshold":24,"initialDelaySeconds":60,"periodSeconds":10,"successThreshold":1,"timeoutSeconds":1,"probeAction":{"type":"TCPSocketAction"}},"readinessProbe":{"disableProbe":false,"failureThreshold":3,"initialDelaySeconds":0,"periodSeconds":10,"successThreshold":1,"timeoutSeconds":1,"probeAction":{"type":"TCPSocketAction"}}},"provisioningState":"Succeeded","status":"Running","active":false,"instances":[{"name":"test-app-blue-green-green-19-575458977-cg8x2","status":"Running","discoveryStatus":"UNREGISTERED","startTime":"2022-11-24T13:17:08Z"}],"source":{"type":"Jar","relativePath":"<default>","runtimeVersion":"Java_8"}},"type":"Microsoft.AppPlatform/Spring/apps/deployments","sku":{"name":"S0","tier":"Standard","capacity":1},"id":"/subscriptions/00000000-0000-0000-0000-000000000000/resourceGroups/cli/providers/Microsoft.AppPlatform/Spring/cli-unittest/apps/test-app-blue-green/deployments/green","name":"green","systemData":{"createdBy":"yili7@microsoft.com","createdByType":"User","createdAt":"2022-11-24T13:15:11.1173191Z","lastModifiedBy":"yili7@microsoft.com","lastModifiedByType":"User","lastModifiedAt":"2022-11-24T13:17:00.8224962Z"}}'
    headers:
      cache-control:
      - no-cache
      content-length:
      - '1343'
      content-type:
      - application/json; charset=utf-8
      date:
      - Thu, 24 Nov 2022 13:17:43 GMT
      expires:
      - '-1'
      pragma:
      - no-cache
      request-context:
      - appId=cid-v1:797d7e4e-8180-497e-a254-780fbd39ba4d
      strict-transport-security:
      - max-age=31536000; includeSubDomains
      transfer-encoding:
      - chunked
      vary:
      - Accept-Encoding
      x-content-type-options:
      - nosniff
      x-ms-ratelimit-remaining-subscription-resource-requests:
      - '11999'
      x-rp-server-mvid:
      - 59b5eb15-14b1-47d7-aa3e-7b6c2904efcd
    status:
      code: 200
      message: OK
- request:
    body: null
    headers:
      Accept:
      - application/json
      Accept-Encoding:
      - gzip, deflate
      CommandName:
      - spring app delete
      Connection:
      - keep-alive
      ParameterSetName:
      - -n -g -s
      User-Agent:
      - AZURECLI/2.42.0 azsdk-python-mgmt-appplatform/6.1.0 Python/3.8.3 (Windows-10-10.0.22621-SP0)
    method: GET
    uri: https://management.azure.com/subscriptions/00000000-0000-0000-0000-000000000000/resourceGroups/cli/providers/Microsoft.AppPlatform/Spring/cli-unittest/apps/test-app-blue-green?api-version=2022-09-01-preview
  response:
    body:
      string: '{"properties":{"addonConfigs":{"applicationConfigurationService":{},"serviceRegistry":{}},"public":false,"provisioningState":"Succeeded","fqdn":"cli-unittest.azuremicroservices.io","httpsOnly":false,"temporaryDisk":{"sizeInGB":5,"mountPath":"/tmp"},"persistentDisk":{"sizeInGB":0,"mountPath":"/persistent"},"enableEndToEndTLS":false,"ingressSettings":{"readTimeoutInSeconds":300,"sendTimeoutInSeconds":60,"sessionCookieMaxAge":0,"sessionAffinity":"None","backendProtocol":"Default"}},"type":"Microsoft.AppPlatform/Spring/apps","identity":null,"location":"eastus","id":"/subscriptions/00000000-0000-0000-0000-000000000000/resourceGroups/cli/providers/Microsoft.AppPlatform/Spring/cli-unittest/apps/test-app-blue-green","name":"test-app-blue-green","systemData":{"createdBy":"yili7@microsoft.com","createdByType":"User","createdAt":"2022-11-24T13:13:39.4777874Z","lastModifiedBy":"yili7@microsoft.com","lastModifiedByType":"User","lastModifiedAt":"2022-11-24T13:17:00.8224962Z"}}'
    headers:
      cache-control:
      - no-cache
      content-length:
      - '977'
      content-type:
      - application/json; charset=utf-8
      date:
      - Thu, 24 Nov 2022 13:17:45 GMT
      expires:
      - '-1'
      pragma:
      - no-cache
      request-context:
      - appId=cid-v1:797d7e4e-8180-497e-a254-780fbd39ba4d
      strict-transport-security:
      - max-age=31536000; includeSubDomains
      transfer-encoding:
      - chunked
      vary:
      - Accept-Encoding
      x-content-type-options:
      - nosniff
      x-ms-ratelimit-remaining-subscription-resource-requests:
      - '11997'
      x-rp-server-mvid:
      - 59b5eb15-14b1-47d7-aa3e-7b6c2904efcd
    status:
      code: 200
      message: OK
- request:
    body: null
    headers:
      Accept:
      - application/json
      Accept-Encoding:
      - gzip, deflate
      CommandName:
      - spring app delete
      Connection:
      - keep-alive
      Content-Length:
      - '0'
      ParameterSetName:
      - -n -g -s
      User-Agent:
      - AZURECLI/2.42.0 azsdk-python-mgmt-appplatform/6.1.0 Python/3.8.3 (Windows-10-10.0.22621-SP0)
    method: DELETE
    uri: https://management.azure.com/subscriptions/00000000-0000-0000-0000-000000000000/resourceGroups/cli/providers/Microsoft.AppPlatform/Spring/cli-unittest/apps/test-app-blue-green?api-version=2022-09-01-preview
  response:
    body:
      string: ''
    headers:
      azure-asyncoperation:
      - https://management.azure.com/subscriptions/00000000-0000-0000-0000-000000000000/resourceGroups/cli/providers/Microsoft.AppPlatform/locations/eastus/operationStatus/test-app-blue-green/operationId/3c368c88-e7c9-4f8d-afdb-fea1ed4bd88c?api-version=2022-09-01-preview
      cache-control:
      - no-cache
      content-length:
      - '0'
      date:
      - Thu, 24 Nov 2022 13:17:46 GMT
      expires:
      - '-1'
      location:
      - https://management.azure.com/subscriptions/00000000-0000-0000-0000-000000000000/resourceGroups/cli/providers/Microsoft.AppPlatform/locations/eastus/operationResults/3c368c88-e7c9-4f8d-afdb-fea1ed4bd88c/Spring/test-app-blue-green?api-version=2022-09-01-preview
      pragma:
      - no-cache
      request-context:
      - appId=cid-v1:797d7e4e-8180-497e-a254-780fbd39ba4d
      strict-transport-security:
      - max-age=31536000; includeSubDomains
      x-content-type-options:
      - nosniff
      x-ms-ratelimit-remaining-subscription-deletes:
      - '14998'
      x-rp-server-mvid:
      - 59b5eb15-14b1-47d7-aa3e-7b6c2904efcd
    status:
      code: 202
      message: Accepted
- request:
    body: null
    headers:
      Accept:
      - '*/*'
      Accept-Encoding:
      - gzip, deflate
      CommandName:
      - spring app delete
      Connection:
      - keep-alive
      ParameterSetName:
      - -n -g -s
      User-Agent:
      - AZURECLI/2.42.0 azsdk-python-mgmt-appplatform/6.1.0 Python/3.8.3 (Windows-10-10.0.22621-SP0)
    method: GET
    uri: https://management.azure.com/subscriptions/00000000-0000-0000-0000-000000000000/resourceGroups/cli/providers/Microsoft.AppPlatform/locations/eastus/operationStatus/test-app-blue-green/operationId/3c368c88-e7c9-4f8d-afdb-fea1ed4bd88c?api-version=2022-09-01-preview
  response:
    body:
      string: '{"id":"subscriptions/d51e3ffe-6b84-49cd-b426-0dc4ec660356/resourceGroups/cli/providers/Microsoft.AppPlatform/locations/eastus/operationStatus/test-app-blue-green/operationId/3c368c88-e7c9-4f8d-afdb-fea1ed4bd88c","name":"3c368c88-e7c9-4f8d-afdb-fea1ed4bd88c","status":"Succeeded","startTime":"2022-11-24T13:17:47.187279Z","endTime":"2022-11-24T13:18:10.8582054Z"}'
    headers:
      cache-control:
      - no-cache
      content-length:
      - '362'
      content-type:
      - application/json; charset=utf-8
      date:
      - Thu, 24 Nov 2022 13:18:17 GMT
      expires:
      - '-1'
      pragma:
      - no-cache
      request-context:
      - appId=cid-v1:797d7e4e-8180-497e-a254-780fbd39ba4d
      strict-transport-security:
      - max-age=31536000; includeSubDomains
      transfer-encoding:
      - chunked
      vary:
      - Accept-Encoding
      x-content-type-options:
      - nosniff
      x-rp-server-mvid:
      - 59b5eb15-14b1-47d7-aa3e-7b6c2904efcd
    status:
      code: 200
      message: OK
version: 1
