interactions:
- request:
    body: null
    headers:
      Accept:
      - application/json
      Accept-Encoding:
      - gzip, deflate
      CommandName:
      - spring build-service builder create
      Connection:
      - keep-alive
      ParameterSetName:
      - -n -g --service --builder-file
      User-Agent:
      - AZURECLI/2.46.0 azsdk-python-mgmt-appplatform/6.1.0 Python/3.9.13 (Windows-10-10.0.22621-SP0)
    method: GET
    uri: https://management.azure.com/subscriptions/00000000-0000-0000-0000-000000000000/resourceGroups/clitest.rg000001/providers/Microsoft.AppPlatform/Spring/clitest000002?api-version=2023-01-01-preview
  response:
    body:
      string: '{"properties":{"provisioningState":"Succeeded","zoneRedundant":false,"version":3,"serviceId":"869575ac58f542e6b8c463fbfee844bf","networkProfile":{"outboundIPs":{"publicIPs":["20.49.218.229","20.49.223.183"]},"outboundType":"loadBalancer"},"powerState":"Running","fqdn":"clitest000002.azuremicroservices.io","marketplaceResource":{"plan":"asa-ent-hr-mtr","publisher":"vmware-inc","product":"azure-spring-cloud-vmware-tanzu-2"}},"type":"Microsoft.AppPlatform/Spring","sku":{"name":"E0","tier":"Enterprise"},"location":"uksouth","tags":{},"id":"/subscriptions/00000000-0000-0000-0000-000000000000/resourceGroups/clitest.rg000001/providers/Microsoft.AppPlatform/Spring/clitest000002","name":"clitest000002","systemData":{"createdBy":"yuwzho@microsoft.com","createdByType":"User","createdAt":"2023-03-30T06:40:24.2896426Z","lastModifiedBy":"yuwzho@microsoft.com","lastModifiedByType":"User","lastModifiedAt":"2023-03-30T06:40:24.2896426Z"}}'
    headers:
      cache-control:
      - no-cache
      content-length:
      - '935'
      content-type:
      - application/json
      date:
      - Mon, 03 Apr 2023 05:30:18 GMT
      expires:
      - '-1'
      pragma:
      - no-cache
      request-context:
      - appId=cid-v1:797d7e4e-8180-497e-a254-780fbd39ba4d
      strict-transport-security:
      - max-age=31536000; includeSubDomains
      transfer-encoding:
      - chunked
      vary:
      - Accept-Encoding
      x-content-type-options:
      - nosniff
      x-ms-ratelimit-remaining-subscription-resource-requests:
      - '11999'
      x-rp-server-mvid:
      - 2d8cffe0-ed19-4f32-b630-c96199e681e1
    status:
      code: 200
      message: OK
- request:
    body: null
    headers:
      Accept:
      - application/json
      Accept-Encoding:
      - gzip, deflate
      CommandName:
      - spring build-service builder create
      Connection:
      - keep-alive
      ParameterSetName:
      - -n -g --service --builder-file
      User-Agent:
      - AZURECLI/2.46.0 azsdk-python-mgmt-appplatform/6.1.0 Python/3.9.13 (Windows-10-10.0.22621-SP0)
    method: GET
    uri: https://management.azure.com/subscriptions/00000000-0000-0000-0000-000000000000/resourceGroups/clitest.rg000001/providers/Microsoft.AppPlatform/Spring/clitest000002/buildServices/default/builders/test-builder?api-version=2023-01-01-preview
  response:
    body:
      string: '{"error":{"code":"NotFound","message":"KPack builder does not exist","target":"default/test-builder","details":null}}'
    headers:
      cache-control:
      - no-cache
      content-length:
      - '117'
      content-type:
      - application/json
      date:
      - Mon, 03 Apr 2023 05:30:18 GMT
      expires:
      - '-1'
      pragma:
      - no-cache
      request-context:
      - appId=cid-v1:797d7e4e-8180-497e-a254-780fbd39ba4d
      strict-transport-security:
      - max-age=31536000; includeSubDomains
      x-content-type-options:
      - nosniff
      x-rp-server-mvid:
      - 2d8cffe0-ed19-4f32-b630-c96199e681e1
    status:
      code: 404
      message: Not Found
- request:
    body: '{"properties": {"stack": {"id": "io.buildpacks.stacks.bionic", "version":
      "base"}, "buildpackGroups": [{"name": "mix", "buildpacks": [{"id": "tanzu-buildpacks/java-azure"}]}]}}'
    headers:
      Accept:
      - application/json
      Accept-Encoding:
      - gzip, deflate
      CommandName:
      - spring build-service builder create
      Connection:
      - keep-alive
      Content-Length:
      - '176'
      Content-Type:
      - application/json
      ParameterSetName:
      - -n -g --service --builder-file
      User-Agent:
      - AZURECLI/2.46.0 azsdk-python-mgmt-appplatform/6.1.0 Python/3.9.13 (Windows-10-10.0.22621-SP0)
    method: PUT
    uri: https://management.azure.com/subscriptions/00000000-0000-0000-0000-000000000000/resourceGroups/clitest.rg000001/providers/Microsoft.AppPlatform/Spring/clitest000002/buildServices/default/builders/test-builder?api-version=2023-01-01-preview
  response:
    body:
      string: '{"type":"Microsoft.AppPlatform/Spring/buildServices/builders","properties":{"provisioningState":"Creating","stack":{"id":"io.buildpacks.stacks.bionic","version":"base"},"buildpackGroups":[{"name":"mix","buildpacks":[{"id":"tanzu-buildpacks/java-azure"}]}]},"id":"/subscriptions/00000000-0000-0000-0000-000000000000/resourceGroups/clitest.rg000001/providers/Microsoft.AppPlatform/Spring/clitest000002/buildServices/default/builders/test-builder","name":"test-builder","systemData":{"createdBy":"yuwzho@microsoft.com","createdByType":"User","createdAt":"2023-04-03T05:30:20.16577Z","lastModifiedBy":"yuwzho@microsoft.com","lastModifiedByType":"User","lastModifiedAt":"2023-04-03T05:30:20.16577Z"}}'
    headers:
      azure-asyncoperation:
      - https://management.azure.com/subscriptions/00000000-0000-0000-0000-000000000000/resourceGroups/clitest.rg000001/providers/Microsoft.AppPlatform/locations/uksouth/operationStatus/clitest000002/operationId/a87ce5b3-a0dc-44f6-bbca-471ba5fca6b5?api-version=2023-01-01-preview
      cache-control:
      - no-cache
      content-length:
      - '695'
      content-type:
      - application/json
      date:
      - Mon, 03 Apr 2023 05:30:21 GMT
      expires:
      - '-1'
      location:
      - https://management.azure.com/subscriptions/00000000-0000-0000-0000-000000000000/resourceGroups/clitest.rg000001/providers/Microsoft.AppPlatform/locations/uksouth/operationResults/a87ce5b3-a0dc-44f6-bbca-471ba5fca6b5/Spring/clitest000002?api-version=2023-01-01-preview
      pragma:
      - no-cache
      request-context:
      - appId=cid-v1:797d7e4e-8180-497e-a254-780fbd39ba4d
      strict-transport-security:
      - max-age=31536000; includeSubDomains
      x-content-type-options:
      - nosniff
      x-ms-ratelimit-remaining-subscription-writes:
      - '1199'
      x-rp-server-mvid:
      - 2d8cffe0-ed19-4f32-b630-c96199e681e1
    status:
      code: 201
      message: Created
- request:
    body: null
    headers:
      Accept:
      - '*/*'
      Accept-Encoding:
      - gzip, deflate
      CommandName:
      - spring build-service builder create
      Connection:
      - keep-alive
      ParameterSetName:
      - -n -g --service --builder-file
      User-Agent:
      - AZURECLI/2.46.0 azsdk-python-mgmt-appplatform/6.1.0 Python/3.9.13 (Windows-10-10.0.22621-SP0)
    method: GET
    uri: https://management.azure.com/subscriptions/00000000-0000-0000-0000-000000000000/resourceGroups/clitest.rg000001/providers/Microsoft.AppPlatform/locations/uksouth/operationStatus/clitest000002/operationId/a87ce5b3-a0dc-44f6-bbca-471ba5fca6b5?api-version=2023-01-01-preview
  response:
    body:
      string: '{"id":"subscriptions/d51e3ffe-6b84-49cd-b426-0dc4ec660356/resourceGroups/clitest.rg000001/providers/Microsoft.AppPlatform/locations/uksouth/operationStatus/clitest000002/operationId/a87ce5b3-a0dc-44f6-bbca-471ba5fca6b5","name":"a87ce5b3-a0dc-44f6-bbca-471ba5fca6b5","status":"Running","startTime":"2023-04-03T05:30:21.7494722Z"}'
    headers:
      cache-control:
      - no-cache
      content-length:
      - '328'
      content-type:
      - application/json
      date:
      - Mon, 03 Apr 2023 05:30:21 GMT
      expires:
      - '-1'
      pragma:
      - no-cache
      request-context:
      - appId=cid-v1:797d7e4e-8180-497e-a254-780fbd39ba4d
      strict-transport-security:
      - max-age=31536000; includeSubDomains
      transfer-encoding:
      - chunked
      vary:
      - Accept-Encoding
      x-content-type-options:
      - nosniff
      x-rp-server-mvid:
      - 2d8cffe0-ed19-4f32-b630-c96199e681e1
    status:
      code: 200
      message: OK
- request:
    body: null
    headers:
      Accept:
      - '*/*'
      Accept-Encoding:
      - gzip, deflate
      CommandName:
      - spring build-service builder create
      Connection:
      - keep-alive
      ParameterSetName:
      - -n -g --service --builder-file
      User-Agent:
      - AZURECLI/2.46.0 azsdk-python-mgmt-appplatform/6.1.0 Python/3.9.13 (Windows-10-10.0.22621-SP0)
    method: GET
    uri: https://management.azure.com/subscriptions/00000000-0000-0000-0000-000000000000/resourceGroups/clitest.rg000001/providers/Microsoft.AppPlatform/locations/uksouth/operationStatus/clitest000002/operationId/a87ce5b3-a0dc-44f6-bbca-471ba5fca6b5?api-version=2023-01-01-preview
  response:
    body:
      string: '{"id":"subscriptions/d51e3ffe-6b84-49cd-b426-0dc4ec660356/resourceGroups/clitest.rg000001/providers/Microsoft.AppPlatform/locations/uksouth/operationStatus/clitest000002/operationId/a87ce5b3-a0dc-44f6-bbca-471ba5fca6b5","name":"a87ce5b3-a0dc-44f6-bbca-471ba5fca6b5","status":"Running","startTime":"2023-04-03T05:30:21.7494722Z"}'
    headers:
      cache-control:
      - no-cache
      content-length:
      - '328'
      content-type:
      - application/json
      date:
      - Mon, 03 Apr 2023 05:30:31 GMT
      expires:
      - '-1'
      pragma:
      - no-cache
      request-context:
      - appId=cid-v1:797d7e4e-8180-497e-a254-780fbd39ba4d
      strict-transport-security:
      - max-age=31536000; includeSubDomains
      transfer-encoding:
      - chunked
      vary:
      - Accept-Encoding
      x-content-type-options:
      - nosniff
      x-rp-server-mvid:
      - 2d8cffe0-ed19-4f32-b630-c96199e681e1
    status:
      code: 200
      message: OK
- request:
    body: null
    headers:
      Accept:
      - '*/*'
      Accept-Encoding:
      - gzip, deflate
      CommandName:
      - spring build-service builder create
      Connection:
      - keep-alive
      ParameterSetName:
      - -n -g --service --builder-file
      User-Agent:
      - AZURECLI/2.46.0 azsdk-python-mgmt-appplatform/6.1.0 Python/3.9.13 (Windows-10-10.0.22621-SP0)
    method: GET
    uri: https://management.azure.com/subscriptions/00000000-0000-0000-0000-000000000000/resourceGroups/clitest.rg000001/providers/Microsoft.AppPlatform/locations/uksouth/operationStatus/clitest000002/operationId/a87ce5b3-a0dc-44f6-bbca-471ba5fca6b5?api-version=2023-01-01-preview
  response:
    body:
      string: '{"id":"subscriptions/d51e3ffe-6b84-49cd-b426-0dc4ec660356/resourceGroups/clitest.rg000001/providers/Microsoft.AppPlatform/locations/uksouth/operationStatus/clitest000002/operationId/a87ce5b3-a0dc-44f6-bbca-471ba5fca6b5","name":"a87ce5b3-a0dc-44f6-bbca-471ba5fca6b5","status":"Succeeded","startTime":"2023-04-03T05:30:21.7494722Z","endTime":"2023-04-03T05:30:41.4484467Z"}'
    headers:
      cache-control:
      - no-cache
      content-length:
      - '371'
      content-type:
      - application/json
      date:
      - Mon, 03 Apr 2023 05:30:41 GMT
      expires:
      - '-1'
      pragma:
      - no-cache
      request-context:
      - appId=cid-v1:797d7e4e-8180-497e-a254-780fbd39ba4d
      strict-transport-security:
      - max-age=31536000; includeSubDomains
      transfer-encoding:
      - chunked
      vary:
      - Accept-Encoding
      x-content-type-options:
      - nosniff
      x-rp-server-mvid:
      - 2d8cffe0-ed19-4f32-b630-c96199e681e1
    status:
      code: 200
      message: OK
- request:
    body: null
    headers:
      Accept:
      - '*/*'
      Accept-Encoding:
      - gzip, deflate
      CommandName:
      - spring build-service builder create
      Connection:
      - keep-alive
      ParameterSetName:
      - -n -g --service --builder-file
      User-Agent:
      - AZURECLI/2.46.0 azsdk-python-mgmt-appplatform/6.1.0 Python/3.9.13 (Windows-10-10.0.22621-SP0)
    method: GET
    uri: https://management.azure.com/subscriptions/00000000-0000-0000-0000-000000000000/resourceGroups/clitest.rg000001/providers/Microsoft.AppPlatform/Spring/clitest000002/buildServices/default/builders/test-builder?api-version=2023-01-01-preview
  response:
    body:
      string: '{"type":"Microsoft.AppPlatform/Spring/buildServices/builders","properties":{"provisioningState":"Succeeded","stack":{"id":"io.buildpacks.stacks.bionic","version":"base"},"buildpackGroups":[{"name":"mix","buildpacks":[{"id":"tanzu-buildpacks/java-azure"}]}]},"id":"/subscriptions/00000000-0000-0000-0000-000000000000/resourceGroups/clitest.rg000001/providers/Microsoft.AppPlatform/Spring/clitest000002/buildServices/default/builders/test-builder","name":"test-builder","systemData":{"createdBy":"yuwzho@microsoft.com","createdByType":"User","createdAt":"2023-04-03T05:30:20.16577Z","lastModifiedBy":"yuwzho@microsoft.com","lastModifiedByType":"User","lastModifiedAt":"2023-04-03T05:30:20.16577Z"}}'
    headers:
      cache-control:
      - no-cache
      content-length:
      - '696'
      content-type:
      - application/json
      date:
      - Mon, 03 Apr 2023 05:30:42 GMT
      expires:
      - '-1'
      pragma:
      - no-cache
      request-context:
      - appId=cid-v1:797d7e4e-8180-497e-a254-780fbd39ba4d
      strict-transport-security:
      - max-age=31536000; includeSubDomains
      transfer-encoding:
      - chunked
      vary:
      - Accept-Encoding
      x-content-type-options:
      - nosniff
      x-rp-server-mvid:
      - 2d8cffe0-ed19-4f32-b630-c96199e681e1
    status:
      code: 200
      message: OK
- request:
    body: null
    headers:
      Accept:
      - application/json
      Accept-Encoding:
      - gzip, deflate
      CommandName:
      - spring build-service builder show
      Connection:
      - keep-alive
      ParameterSetName:
      - -n -g --service
      User-Agent:
      - AZURECLI/2.46.0 azsdk-python-mgmt-appplatform/6.1.0 Python/3.9.13 (Windows-10-10.0.22621-SP0)
    method: GET
    uri: https://management.azure.com/subscriptions/00000000-0000-0000-0000-000000000000/resourceGroups/clitest.rg000001/providers/Microsoft.AppPlatform/Spring/clitest000002?api-version=2023-01-01-preview
  response:
    body:
      string: '{"properties":{"provisioningState":"Succeeded","zoneRedundant":false,"version":3,"serviceId":"869575ac58f542e6b8c463fbfee844bf","networkProfile":{"outboundIPs":{"publicIPs":["20.49.218.229","20.49.223.183"]},"outboundType":"loadBalancer"},"powerState":"Running","fqdn":"clitest000002.azuremicroservices.io","marketplaceResource":{"plan":"asa-ent-hr-mtr","publisher":"vmware-inc","product":"azure-spring-cloud-vmware-tanzu-2"}},"type":"Microsoft.AppPlatform/Spring","sku":{"name":"E0","tier":"Enterprise"},"location":"uksouth","tags":{},"id":"/subscriptions/00000000-0000-0000-0000-000000000000/resourceGroups/clitest.rg000001/providers/Microsoft.AppPlatform/Spring/clitest000002","name":"clitest000002","systemData":{"createdBy":"yuwzho@microsoft.com","createdByType":"User","createdAt":"2023-03-30T06:40:24.2896426Z","lastModifiedBy":"yuwzho@microsoft.com","lastModifiedByType":"User","lastModifiedAt":"2023-03-30T06:40:24.2896426Z"}}'
    headers:
      cache-control:
      - no-cache
      content-length:
      - '935'
      content-type:
      - application/json
      date:
      - Mon, 03 Apr 2023 05:30:45 GMT
      expires:
      - '-1'
      pragma:
      - no-cache
      request-context:
      - appId=cid-v1:797d7e4e-8180-497e-a254-780fbd39ba4d
      strict-transport-security:
      - max-age=31536000; includeSubDomains
      transfer-encoding:
      - chunked
      vary:
      - Accept-Encoding
      x-content-type-options:
      - nosniff
      x-ms-ratelimit-remaining-subscription-resource-requests:
      - '11999'
      x-rp-server-mvid:
      - 2d8cffe0-ed19-4f32-b630-c96199e681e1
    status:
      code: 200
      message: OK
- request:
    body: null
    headers:
      Accept:
      - application/json
      Accept-Encoding:
      - gzip, deflate
      CommandName:
      - spring build-service builder show
      Connection:
      - keep-alive
      ParameterSetName:
      - -n -g --service
      User-Agent:
      - AZURECLI/2.46.0 azsdk-python-mgmt-appplatform/6.1.0 Python/3.9.13 (Windows-10-10.0.22621-SP0)
    method: GET
    uri: https://management.azure.com/subscriptions/00000000-0000-0000-0000-000000000000/resourceGroups/clitest.rg000001/providers/Microsoft.AppPlatform/Spring/clitest000002/buildServices/default/builders/test-builder?api-version=2023-01-01-preview
  response:
    body:
      string: '{"type":"Microsoft.AppPlatform/Spring/buildServices/builders","properties":{"provisioningState":"Succeeded","stack":{"id":"io.buildpacks.stacks.bionic","version":"base"},"buildpackGroups":[{"name":"mix","buildpacks":[{"id":"tanzu-buildpacks/java-azure"}]}]},"id":"/subscriptions/00000000-0000-0000-0000-000000000000/resourceGroups/clitest.rg000001/providers/Microsoft.AppPlatform/Spring/clitest000002/buildServices/default/builders/test-builder","name":"test-builder","systemData":{"createdBy":"yuwzho@microsoft.com","createdByType":"User","createdAt":"2023-04-03T05:30:20.16577Z","lastModifiedBy":"yuwzho@microsoft.com","lastModifiedByType":"User","lastModifiedAt":"2023-04-03T05:30:20.16577Z"}}'
    headers:
      cache-control:
      - no-cache
      content-length:
      - '696'
      content-type:
      - application/json
      date:
      - Mon, 03 Apr 2023 05:30:46 GMT
      expires:
      - '-1'
      pragma:
      - no-cache
      request-context:
      - appId=cid-v1:797d7e4e-8180-497e-a254-780fbd39ba4d
      strict-transport-security:
      - max-age=31536000; includeSubDomains
      transfer-encoding:
      - chunked
      vary:
      - Accept-Encoding
      x-content-type-options:
      - nosniff
      x-rp-server-mvid:
      - 2d8cffe0-ed19-4f32-b630-c96199e681e1
    status:
      code: 200
      message: OK
- request:
    body: null
    headers:
      Accept:
      - application/json
      Accept-Encoding:
      - gzip, deflate
      CommandName:
      - spring build-service builder show-deployments
      Connection:
      - keep-alive
      ParameterSetName:
      - -n -g --service
      User-Agent:
      - AZURECLI/2.46.0 azsdk-python-mgmt-appplatform/6.1.0 Python/3.9.13 (Windows-10-10.0.22621-SP0)
    method: GET
    uri: https://management.azure.com/subscriptions/00000000-0000-0000-0000-000000000000/resourceGroups/clitest.rg000001/providers/Microsoft.AppPlatform/Spring/clitest000002?api-version=2023-01-01-preview
  response:
    body:
      string: '{"properties":{"provisioningState":"Succeeded","zoneRedundant":false,"version":3,"serviceId":"869575ac58f542e6b8c463fbfee844bf","networkProfile":{"outboundIPs":{"publicIPs":["20.49.218.229","20.49.223.183"]},"outboundType":"loadBalancer"},"powerState":"Running","fqdn":"clitest000002.azuremicroservices.io","marketplaceResource":{"plan":"asa-ent-hr-mtr","publisher":"vmware-inc","product":"azure-spring-cloud-vmware-tanzu-2"}},"type":"Microsoft.AppPlatform/Spring","sku":{"name":"E0","tier":"Enterprise"},"location":"uksouth","tags":{},"id":"/subscriptions/00000000-0000-0000-0000-000000000000/resourceGroups/clitest.rg000001/providers/Microsoft.AppPlatform/Spring/clitest000002","name":"clitest000002","systemData":{"createdBy":"yuwzho@microsoft.com","createdByType":"User","createdAt":"2023-03-30T06:40:24.2896426Z","lastModifiedBy":"yuwzho@microsoft.com","lastModifiedByType":"User","lastModifiedAt":"2023-03-30T06:40:24.2896426Z"}}'
    headers:
      cache-control:
      - no-cache
      content-length:
      - '935'
      content-type:
      - application/json
      date:
      - Mon, 03 Apr 2023 05:30:48 GMT
      expires:
      - '-1'
      pragma:
      - no-cache
      request-context:
      - appId=cid-v1:797d7e4e-8180-497e-a254-780fbd39ba4d
      strict-transport-security:
      - max-age=31536000; includeSubDomains
      transfer-encoding:
      - chunked
      vary:
      - Accept-Encoding
      x-content-type-options:
      - nosniff
      x-ms-ratelimit-remaining-subscription-resource-requests:
      - '11998'
      x-rp-server-mvid:
      - 2d8cffe0-ed19-4f32-b630-c96199e681e1
    status:
      code: 200
      message: OK
- request:
    body: null
    headers:
      Accept:
      - application/json
      Accept-Encoding:
      - gzip, deflate
      CommandName:
      - spring build-service builder show-deployments
      Connection:
      - keep-alive
      Content-Length:
      - '0'
      ParameterSetName:
      - -n -g --service
      User-Agent:
      - AZURECLI/2.46.0 azsdk-python-mgmt-appplatform/6.1.0 Python/3.9.13 (Windows-10-10.0.22621-SP0)
    method: POST
    uri: https://management.azure.com/subscriptions/00000000-0000-0000-0000-000000000000/resourceGroups/clitest.rg000001/providers/Microsoft.AppPlatform/Spring/clitest000002/buildServices/default/builders/test-builder/listUsingDeployments?api-version=2023-01-01-preview
  response:
    body:
      string: '{"deployments":[]}'
    headers:
      cache-control:
      - no-cache
      content-length:
      - '18'
      content-type:
      - application/json
      date:
      - Mon, 03 Apr 2023 05:30:49 GMT
      expires:
      - '-1'
      pragma:
      - no-cache
      request-context:
      - appId=cid-v1:797d7e4e-8180-497e-a254-780fbd39ba4d
      strict-transport-security:
      - max-age=31536000; includeSubDomains
      transfer-encoding:
      - chunked
      vary:
      - Accept-Encoding
      x-content-type-options:
      - nosniff
      x-ms-ratelimit-remaining-subscription-writes:
      - '1199'
      x-rp-server-mvid:
      - 2d8cffe0-ed19-4f32-b630-c96199e681e1
    status:
      code: 200
      message: OK
version: 1
