interactions:
- request:
    body: '{"type": "Microsoft.AppPlatform/Spring", "name": "cli-unittest"}'
    headers:
      Accept:
      - application/json
      Accept-Encoding:
      - gzip, deflate
      CommandName:
      - spring create
      Connection:
      - keep-alive
      Content-Length:
      - '64'
      Content-Type:
      - application/json
      ParameterSetName:
      - -n -g -l
      User-Agent:
      - AZURECLI/2.42.0 azsdk-python-mgmt-appplatform/6.1.0 Python/3.8.10 (Linux-5.10.16.3-microsoft-standard-WSL2-x86_64-with-glibc2.29)
    method: POST
    uri: https://management.azure.com/subscriptions/00000000-0000-0000-0000-000000000000/providers/Microsoft.AppPlatform/locations/eastus/checkNameAvailability?api-version=2023-01-01-preview
  response:
    body:
      string: '{"nameAvailable":true}'
    headers:
      cache-control:
      - no-cache
      content-length:
      - '22'
      content-type:
      - application/json; charset=utf-8
      date:
      - Wed, 21 Dec 2022 12:04:20 GMT
      expires:
      - '-1'
      pragma:
      - no-cache
      request-context:
      - appId=cid-v1:ccd65fc4-7cd4-497e-8dc8-9a76e9a43ae2
      strict-transport-security:
      - max-age=31536000; includeSubDomains
      transfer-encoding:
      - chunked
      vary:
      - Accept-Encoding
      x-content-type-options:
      - nosniff
      x-ms-ratelimit-remaining-subscription-writes:
      - '1199'
      x-rp-server-mvid:
      - ced78dcb-d355-45ff-8853-5fd9d07bf15b
    status:
      code: 200
      message: OK
- request:
    body: '{"location": "eastus", "properties": {"zoneRedundant": false}, "sku": {"name":
      "S0", "tier": "Standard"}}'
    headers:
      Accept:
      - application/json
      Accept-Encoding:
      - gzip, deflate
      CommandName:
      - spring create
      Connection:
      - keep-alive
      Content-Length:
      - '105'
      Content-Type:
      - application/json
      ParameterSetName:
      - -n -g -l
      User-Agent:
      - AZURECLI/2.42.0 azsdk-python-mgmt-appplatform/6.1.0 Python/3.8.10 (Linux-5.10.16.3-microsoft-standard-WSL2-x86_64-with-glibc2.29)
    method: PUT
    uri: https://management.azure.com/subscriptions/00000000-0000-0000-0000-000000000000/resourceGroups/cli/providers/Microsoft.AppPlatform/Spring/cli-unittest?api-version=2023-01-01-preview
  response:
    body:
      string: '{"properties":{"provisioningState":"Creating","zoneRedundant":false,"version":3,"serviceId":"d773daacb0b44a8aa65671160fe99c53","powerState":"Running","fqdn":"cli-unittest.asc-test.net"},"type":"Microsoft.AppPlatform/Spring","sku":{"name":"S0","tier":"Standard"},"location":"eastus","tags":null,"id":"/subscriptions/00000000-0000-0000-0000-000000000000/resourceGroups/cli/providers/Microsoft.AppPlatform/Spring/cli-unittest","name":"cli-unittest","systemData":{"createdBy":"haojianzhong@microsoft.com","createdByType":"User","createdAt":"2022-12-21T12:04:23.2024183Z","lastModifiedBy":"haojianzhong@microsoft.com","lastModifiedByType":"User","lastModifiedAt":"2022-12-21T12:04:23.2024183Z"}}'
    headers:
      azure-asyncoperation:
      - https://management.azure.com/subscriptions/00000000-0000-0000-0000-000000000000/resourceGroups/cli/providers/Microsoft.AppPlatform/locations/eastus/operationStatus/cli-unittest/operationId/712f6b93-9620-4978-8c14-e1b96da40ccc?api-version=2023-01-01-preview
      cache-control:
      - no-cache
      content-length:
      - '690'
      content-type:
      - application/json; charset=utf-8
      date:
      - Wed, 21 Dec 2022 12:04:25 GMT
      expires:
      - '-1'
      location:
      - https://management.azure.com/subscriptions/00000000-0000-0000-0000-000000000000/resourceGroups/cli/providers/Microsoft.AppPlatform/locations/eastus/operationResults/712f6b93-9620-4978-8c14-e1b96da40ccc/Spring/cli-unittest?api-version=2023-01-01-preview
      pragma:
      - no-cache
      request-context:
      - appId=cid-v1:ccd65fc4-7cd4-497e-8dc8-9a76e9a43ae2
      strict-transport-security:
      - max-age=31536000; includeSubDomains
      x-content-type-options:
      - nosniff
      x-ms-ratelimit-remaining-subscription-resource-requests:
      - '1199'
      x-rp-server-mvid:
      - ced78dcb-d355-45ff-8853-5fd9d07bf15b
    status:
      code: 201
      message: Created
- request:
    body: null
    headers:
      Accept:
      - '*/*'
      Accept-Encoding:
      - gzip, deflate
      CommandName:
      - spring create
      Connection:
      - keep-alive
      ParameterSetName:
      - -n -g -l
      User-Agent:
      - AZURECLI/2.42.0 azsdk-python-mgmt-appplatform/6.1.0 Python/3.8.10 (Linux-5.10.16.3-microsoft-standard-WSL2-x86_64-with-glibc2.29)
    method: GET
    uri: https://management.azure.com/subscriptions/00000000-0000-0000-0000-000000000000/resourceGroups/cli/providers/Microsoft.AppPlatform/Spring/cli-unittest?api-version=2023-01-01-preview
  response:
    body:
      string: '{"properties":{"provisioningState":"Succeeded","zoneRedundant":false,"version":3,"serviceId":"d773daacb0b44a8aa65671160fe99c53","networkProfile":{"outboundIPs":{"publicIPs":["20.242.240.135","20.242.242.241"]},"outboundType":"loadBalancer"},"powerState":"Running","fqdn":"cli-unittest.asc-test.net"},"type":"Microsoft.AppPlatform/Spring","sku":{"name":"S0","tier":"Standard"},"location":"eastus","tags":null,"id":"/subscriptions/00000000-0000-0000-0000-000000000000/resourceGroups/cli/providers/Microsoft.AppPlatform/Spring/cli-unittest","name":"cli-unittest","systemData":{"createdBy":"haojianzhong@microsoft.com","createdByType":"User","createdAt":"2022-12-21T12:04:23.2024183Z","lastModifiedBy":"haojianzhong@microsoft.com","lastModifiedByType":"User","lastModifiedAt":"2022-12-21T12:04:23.2024183Z"}}'
    headers:
      cache-control:
      - no-cache
      content-length:
      - '804'
      content-type:
      - application/json; charset=utf-8
      date:
      - Wed, 21 Dec 2022 12:18:01 GMT
      expires:
      - '-1'
      pragma:
      - no-cache
      request-context:
      - appId=cid-v1:ccd65fc4-7cd4-497e-8dc8-9a76e9a43ae2
      strict-transport-security:
      - max-age=31536000; includeSubDomains
      transfer-encoding:
      - chunked
      vary:
      - Accept-Encoding
      x-content-type-options:
      - nosniff
      x-ms-ratelimit-remaining-subscription-resource-requests:
      - '11999'
      x-rp-server-mvid:
      - ced78dcb-d355-45ff-8853-5fd9d07bf15b
    status:
      code: 200
      message: OK
- request:
    body: '{"location": "eastus", "kind": "web", "properties": {"Application_Type":
      "web"}}'
    headers:
      Accept:
      - application/json
      Accept-Encoding:
      - gzip, deflate
      CommandName:
      - spring create
      Connection:
      - keep-alive
      Content-Length:
      - '80'
      Content-Type:
      - application/json
      ParameterSetName:
      - -n -g -l
      User-Agent:
      - AZURECLI/2.42.0 azsdk-python-azure-mgmt-applicationinsights/1.0.0 Python/3.8.10
        (Linux-5.10.16.3-microsoft-standard-WSL2-x86_64-with-glibc2.29)
    method: PUT
    uri: https://management.azure.com/subscriptions/00000000-0000-0000-0000-000000000000/resourceGroups/cli/providers/Microsoft.Insights/components/cli-unittest?api-version=2015-05-01
  response:
    body:
      string: "{\r\n  \"id\": \"/subscriptions/00000000-0000-0000-0000-000000000000/resourceGroups/cli/providers/microsoft.insights/components/cli-unittest\",\r\n
        \ \"name\": \"cli-unittest\",\r\n  \"type\": \"microsoft.insights/components\",\r\n
        \ \"location\": \"eastus\",\r\n  \"tags\": {},\r\n  \"kind\": \"web\",\r\n
        \ \"etag\": \"\\\"0a0045a7-0000-0100-0000-63a2f9820000\\\"\",\r\n  \"properties\":
        {\r\n    \"ApplicationId\": \"cli-unittest\",\r\n    \"AppId\": \"66d783ac-8be6-47c9-8149-6396231dbec4\",\r\n
        \   \"Application_Type\": \"web\",\r\n    \"Flow_Type\": null,\r\n    \"Request_Source\":
        null,\r\n    \"InstrumentationKey\": \"eebffb0f-1488-4622-93b5-df9da041b930\",\r\n
        \   \"ConnectionString\": \"InstrumentationKey=eebffb0f-1488-4622-93b5-df9da041b930;IngestionEndpoint=https://eastus-2.in.applicationinsights.azure.com/;LiveEndpoint=https://eastus.livediagnostics.monitor.azure.com/\",\r\n
        \   \"Name\": \"cli-unittest\",\r\n    \"CreationDate\": \"2022-12-21T12:18:10.3112283+00:00\",\r\n
        \   \"TenantId\": \"0753feba-86f1-4242-aff1-27938fb04531\",\r\n    \"provisioningState\":
        \"Succeeded\",\r\n    \"SamplingPercentage\": null,\r\n    \"RetentionInDays\":
        90,\r\n    \"IngestionMode\": \"ApplicationInsights\",\r\n    \"publicNetworkAccessForIngestion\":
        \"Enabled\",\r\n    \"publicNetworkAccessForQuery\": \"Enabled\",\r\n    \"Ver\":
        \"v2\"\r\n  }\r\n}"
    headers:
      access-control-expose-headers:
      - Request-Context
      cache-control:
      - no-cache
      content-length:
      - '1212'
      content-type:
      - application/json; charset=utf-8
      date:
      - Wed, 21 Dec 2022 12:18:13 GMT
      expires:
      - '-1'
      pragma:
      - no-cache
      request-context:
      - appId=cid-v1:7f83c1fe-8c94-4d55-9337-4ddc696f61ed
      server:
      - Microsoft-IIS/10.0
      strict-transport-security:
      - max-age=31536000; includeSubDomains
      transfer-encoding:
      - chunked
      vary:
      - Accept-Encoding
      x-content-type-options:
      - nosniff
      x-ms-ratelimit-remaining-subscription-writes:
      - '1199'
      x-powered-by:
      - ASP.NET
    status:
      code: 200
      message: OK
- request:
    body: '{"properties": {"traceEnabled": true, "appInsightsInstrumentationKey":
      "InstrumentationKey=eebffb0f-1488-4622-93b5-df9da041b930;IngestionEndpoint=https://eastus-2.in.applicationinsights.azure.com/;LiveEndpoint=https://eastus.livediagnostics.monitor.azure.com/"}}'
    headers:
      Accept:
      - application/json
      Accept-Encoding:
      - gzip, deflate
      CommandName:
      - spring create
      Connection:
      - keep-alive
      Content-Length:
      - '262'
      Content-Type:
      - application/json
      ParameterSetName:
      - -n -g -l
      User-Agent:
      - AZURECLI/2.42.0 azsdk-python-mgmt-appplatform/6.1.0 Python/3.8.10 (Linux-5.10.16.3-microsoft-standard-WSL2-x86_64-with-glibc2.29)
    method: PUT
    uri: https://management.azure.com/subscriptions/00000000-0000-0000-0000-000000000000/resourceGroups/cli/providers/Microsoft.AppPlatform/Spring/cli-unittest/monitoringSettings/default?api-version=2023-01-01-preview
  response:
    body:
      string: '{"properties":{"appInsightsSamplingRate":10.0,"appInsightsAgentVersions":{"java":"3.4.4"},"provisioningState":"Updating","traceEnabled":true,"appInsightsInstrumentationKey":"InstrumentationKey=eebffb0f-1488-4622-93b5-df9da041b930;IngestionEndpoint=https://eastus-2.in.applicationinsights.azure.com/;LiveEndpoint=https://eastus.livediagnostics.monitor.azure.com/"},"type":"Microsoft.AppPlatform/Spring/monitoringSettings","id":"/subscriptions/00000000-0000-0000-0000-000000000000/resourceGroups/cli/providers/Microsoft.AppPlatform/Spring/cli-unittest/monitoringSettings/default","name":"default"}'
    headers:
      azure-asyncoperation:
      - https://management.azure.com/subscriptions/00000000-0000-0000-0000-000000000000/resourceGroups/cli/providers/Microsoft.AppPlatform/locations/eastus/operationStatus/cli-unittest/operationId/47b7e35c-d5ca-4578-8685-d1755c5303ce?api-version=2023-01-01-preview
      cache-control:
      - no-cache
      content-length:
      - '595'
      content-type:
      - application/json; charset=utf-8
      date:
      - Wed, 21 Dec 2022 12:18:15 GMT
      expires:
      - '-1'
      location:
      - https://management.azure.com/subscriptions/00000000-0000-0000-0000-000000000000/resourceGroups/cli/providers/Microsoft.AppPlatform/locations/eastus/operationResults/47b7e35c-d5ca-4578-8685-d1755c5303ce/Spring/cli-unittest?api-version=2023-01-01-preview
      pragma:
      - no-cache
      request-context:
      - appId=cid-v1:ccd65fc4-7cd4-497e-8dc8-9a76e9a43ae2
      strict-transport-security:
      - max-age=31536000; includeSubDomains
      x-content-type-options:
      - nosniff
      x-ms-ratelimit-remaining-subscription-writes:
      - '1199'
      x-rp-server-mvid:
      - ced78dcb-d355-45ff-8853-5fd9d07bf15b
    status:
      code: 202
      message: Accepted
- request:
    body: null
    headers:
      Accept:
      - application/json
      Accept-Encoding:
      - gzip, deflate
      CommandName:
      - spring app create
      Connection:
      - keep-alive
      ParameterSetName:
      - -n -s -g --assign-endpoint
      User-Agent:
      - AZURECLI/2.42.0 azsdk-python-mgmt-appplatform/6.1.0 Python/3.8.10 (Linux-5.10.16.3-microsoft-standard-WSL2-x86_64-with-glibc2.29)
    method: GET
    uri: https://management.azure.com/subscriptions/00000000-0000-0000-0000-000000000000/resourceGroups/cli/providers/Microsoft.AppPlatform/Spring/cli-unittest?api-version=2023-01-01-preview
  response:
    body:
      string: '{"properties":{"provisioningState":"Succeeded","zoneRedundant":false,"version":3,"serviceId":"d773daacb0b44a8aa65671160fe99c53","networkProfile":{"outboundIPs":{"publicIPs":["20.242.240.135","20.242.242.241"]},"outboundType":"loadBalancer"},"powerState":"Running","fqdn":"cli-unittest.asc-test.net"},"type":"Microsoft.AppPlatform/Spring","sku":{"name":"S0","tier":"Standard"},"location":"eastus","tags":null,"id":"/subscriptions/00000000-0000-0000-0000-000000000000/resourceGroups/cli/providers/Microsoft.AppPlatform/Spring/cli-unittest","name":"cli-unittest","systemData":{"createdBy":"haojianzhong@microsoft.com","createdByType":"User","createdAt":"2022-12-21T12:04:23.2024183Z","lastModifiedBy":"haojianzhong@microsoft.com","lastModifiedByType":"User","lastModifiedAt":"2022-12-21T12:18:15.0269319Z"}}'
    headers:
      cache-control:
      - no-cache
      content-length:
      - '804'
      content-type:
      - application/json
      date:
      - Wed, 21 Dec 2022 12:18:23 GMT
      expires:
      - '-1'
      pragma:
      - no-cache
      request-context:
      - appId=cid-v1:ccd65fc4-7cd4-497e-8dc8-9a76e9a43ae2
      strict-transport-security:
      - max-age=31536000; includeSubDomains
      transfer-encoding:
      - chunked
      vary:
      - Accept-Encoding
      x-content-type-options:
      - nosniff
      x-ms-ratelimit-remaining-subscription-resource-requests:
      - '11999'
      x-rp-server-mvid:
      - ced78dcb-d355-45ff-8853-5fd9d07bf15b
    status:
      code: 200
      message: OK
- request:
    body: '{"properties": {"public": true, "httpsOnly": false, "temporaryDisk": {"sizeInGB":
      5, "mountPath": "/tmp"}, "enableEndToEndTLS": false}}'
    headers:
      Accept:
      - application/json
      Accept-Encoding:
      - gzip, deflate
      CommandName:
      - spring app create
      Connection:
      - keep-alive
      Content-Length:
      - '135'
      Content-Type:
      - application/json
      ParameterSetName:
      - -n -s -g --assign-endpoint
      User-Agent:
      - AZURECLI/2.42.0 azsdk-python-mgmt-appplatform/6.1.0 Python/3.8.10 (Linux-5.10.16.3-microsoft-standard-WSL2-x86_64-with-glibc2.29)
    method: PUT
    uri: https://management.azure.com/subscriptions/00000000-0000-0000-0000-000000000000/resourceGroups/cli/providers/Microsoft.AppPlatform/Spring/cli-unittest/apps/test-client-auth?api-version=2023-01-01-preview
  response:
    body:
      string: '{"properties":{"addonConfigs":{"applicationConfigurationService":{},"serviceRegistry":{}},"public":true,"provisioningState":"Creating","httpsOnly":false,"temporaryDisk":{"sizeInGB":5,"mountPath":"/tmp"},"enableEndToEndTLS":false,"ingressSettings":{"readTimeoutInSeconds":300,"sendTimeoutInSeconds":60,"sessionCookieMaxAge":0,"sessionAffinity":"None","backendProtocol":"Default"}},"type":"Microsoft.AppPlatform/Spring/apps","identity":null,"location":"eastus","id":"/subscriptions/00000000-0000-0000-0000-000000000000/resourceGroups/cli/providers/Microsoft.AppPlatform/Spring/cli-unittest/apps/test-client-auth","name":"test-client-auth","systemData":{"createdBy":"haojianzhong@microsoft.com","createdByType":"User","createdAt":"2022-12-21T12:18:25.5690042Z","lastModifiedBy":"haojianzhong@microsoft.com","lastModifiedByType":"User","lastModifiedAt":"2022-12-21T12:18:25.5690042Z"}}'
    headers:
      azure-asyncoperation:
      - https://management.azure.com/subscriptions/00000000-0000-0000-0000-000000000000/resourceGroups/cli/providers/Microsoft.AppPlatform/locations/eastus/operationStatus/test-client-auth/operationId/3dc326d5-2114-4ae4-ace5-b556fa069444?api-version=2023-01-01-preview
      cache-control:
      - no-cache
      content-length:
      - '881'
      content-type:
      - application/json
      date:
      - Wed, 21 Dec 2022 12:18:26 GMT
      expires:
      - '-1'
      location:
      - https://management.azure.com/subscriptions/00000000-0000-0000-0000-000000000000/resourceGroups/cli/providers/Microsoft.AppPlatform/locations/eastus/operationResults/3dc326d5-2114-4ae4-ace5-b556fa069444/Spring/test-client-auth?api-version=2023-01-01-preview
      pragma:
      - no-cache
      request-context:
      - appId=cid-v1:ccd65fc4-7cd4-497e-8dc8-9a76e9a43ae2
      strict-transport-security:
      - max-age=31536000; includeSubDomains
      x-content-type-options:
      - nosniff
      x-ms-ratelimit-remaining-subscription-resource-requests:
      - '1199'
      x-rp-server-mvid:
      - ced78dcb-d355-45ff-8853-5fd9d07bf15b
    status:
      code: 201
      message: Created
- request:
    body: null
    headers:
      Accept:
      - '*/*'
      Accept-Encoding:
      - gzip, deflate
      CommandName:
      - spring create
      Connection:
      - keep-alive
      ParameterSetName:
      - -n -g -l
      User-Agent:
      - AZURECLI/2.42.0 azsdk-python-mgmt-appplatform/6.1.0 Python/3.8.10 (Linux-5.10.16.3-microsoft-standard-WSL2-x86_64-with-glibc2.29)
    method: GET
    uri: https://management.azure.com/subscriptions/00000000-0000-0000-0000-000000000000/resourceGroups/cli/providers/Microsoft.AppPlatform/Spring/cli-unittest/monitoringSettings/default?api-version=2023-01-01-preview
  response:
    body:
      string: '{"properties":{"appInsightsSamplingRate":10.0,"appInsightsAgentVersions":{"java":"3.4.4"},"provisioningState":"Succeeded","traceEnabled":true,"appInsightsInstrumentationKey":"InstrumentationKey=eebffb0f-1488-4622-93b5-df9da041b930;IngestionEndpoint=https://eastus-2.in.applicationinsights.azure.com/;LiveEndpoint=https://eastus.livediagnostics.monitor.azure.com/"},"type":"Microsoft.AppPlatform/Spring/monitoringSettings","id":"/subscriptions/00000000-0000-0000-0000-000000000000/resourceGroups/cli/providers/Microsoft.AppPlatform/Spring/cli-unittest/monitoringSettings/default","name":"default"}'
    headers:
      cache-control:
      - no-cache
      content-length:
      - '596'
      content-type:
      - application/json; charset=utf-8
      date:
      - Wed, 21 Dec 2022 12:18:27 GMT
      expires:
      - '-1'
      pragma:
      - no-cache
      request-context:
      - appId=cid-v1:ccd65fc4-7cd4-497e-8dc8-9a76e9a43ae2
      strict-transport-security:
      - max-age=31536000; includeSubDomains
      transfer-encoding:
      - chunked
      vary:
      - Accept-Encoding
      x-content-type-options:
      - nosniff
      x-rp-server-mvid:
      - ced78dcb-d355-45ff-8853-5fd9d07bf15b
    status:
      code: 200
      message: OK
- request:
    body: '{"properties": {"source": {"type": "Jar", "relativePath": "<default>",
      "runtimeVersion": "Java_8"}, "deploymentSettings": {"resourceRequests": {"cpu":
      "1", "memory": "1Gi"}}, "active": true}, "sku": {"name": "S0", "tier": "Standard",
      "capacity": 1}}'
    headers:
      Accept:
      - application/json
      Accept-Encoding:
      - gzip, deflate
      CommandName:
      - spring app create
      Connection:
      - keep-alive
      Content-Length:
      - '249'
      Content-Type:
      - application/json
      ParameterSetName:
      - -n -s -g --assign-endpoint
      User-Agent:
      - AZURECLI/2.42.0 azsdk-python-mgmt-appplatform/6.1.0 Python/3.8.10 (Linux-5.10.16.3-microsoft-standard-WSL2-x86_64-with-glibc2.29)
    method: PUT
    uri: https://management.azure.com/subscriptions/00000000-0000-0000-0000-000000000000/resourceGroups/cli/providers/Microsoft.AppPlatform/Spring/cli-unittest/apps/test-client-auth/deployments/default?api-version=2023-01-01-preview
  response:
    body:
      string: '{"properties":{"deploymentSettings":{"resourceRequests":{"cpu":"1","memory":"1Gi"},"environmentVariables":null,"terminationGracePeriodSeconds":90},"provisioningState":"Creating","status":"Running","active":true,"instances":null,"source":{"type":"Jar","relativePath":"<default>","runtimeVersion":"Java_8"}},"type":"Microsoft.AppPlatform/Spring/apps/deployments","sku":{"name":"S0","tier":"Standard","capacity":1},"id":"/subscriptions/00000000-0000-0000-0000-000000000000/resourceGroups/cli/providers/Microsoft.AppPlatform/Spring/cli-unittest/apps/test-client-auth/deployments/default","name":"default","systemData":{"createdBy":"haojianzhong@microsoft.com","createdByType":"User","createdAt":"2022-12-21T12:18:41.8910045Z","lastModifiedBy":"haojianzhong@microsoft.com","lastModifiedByType":"User","lastModifiedAt":"2022-12-21T12:18:41.8910045Z"}}'
    headers:
      azure-asyncoperation:
      - https://management.azure.com/subscriptions/00000000-0000-0000-0000-000000000000/resourceGroups/cli/providers/Microsoft.AppPlatform/locations/eastus/operationStatus/default/operationId/9b3a9eda-b855-49a2-bce1-e0acd3704625?api-version=2023-01-01-preview
      cache-control:
      - no-cache
      content-length:
      - '845'
      content-type:
      - application/json
      date:
      - Wed, 21 Dec 2022 12:18:43 GMT
      expires:
      - '-1'
      location:
      - https://management.azure.com/subscriptions/00000000-0000-0000-0000-000000000000/resourceGroups/cli/providers/Microsoft.AppPlatform/locations/eastus/operationResults/9b3a9eda-b855-49a2-bce1-e0acd3704625/Spring/default?api-version=2023-01-01-preview
      pragma:
      - no-cache
      request-context:
      - appId=cid-v1:ccd65fc4-7cd4-497e-8dc8-9a76e9a43ae2
      strict-transport-security:
      - max-age=31536000; includeSubDomains
      x-content-type-options:
      - nosniff
      x-ms-ratelimit-remaining-subscription-resource-requests:
      - '1199'
      x-rp-server-mvid:
      - ced78dcb-d355-45ff-8853-5fd9d07bf15b
    status:
      code: 201
      message: Created
- request:
    body: null
    headers:
      Accept:
      - '*/*'
      Accept-Encoding:
      - gzip, deflate
      CommandName:
      - spring app create
      Connection:
      - keep-alive
      ParameterSetName:
      - -n -s -g --assign-endpoint
      User-Agent:
      - AZURECLI/2.42.0 azsdk-python-mgmt-appplatform/6.1.0 Python/3.8.10 (Linux-5.10.16.3-microsoft-standard-WSL2-x86_64-with-glibc2.29)
    method: GET
    uri: https://management.azure.com/subscriptions/00000000-0000-0000-0000-000000000000/resourceGroups/cli/providers/Microsoft.AppPlatform/Spring/cli-unittest/apps/test-client-auth/deployments/default?api-version=2023-01-01-preview
  response:
    body:
      string: '{"properties":{"deploymentSettings":{"resourceRequests":{"cpu":"1","memory":"1Gi"},"environmentVariables":null,"terminationGracePeriodSeconds":90,"livenessProbe":{"disableProbe":false,"failureThreshold":3,"initialDelaySeconds":300,"periodSeconds":10,"successThreshold":1,"timeoutSeconds":3,"probeAction":{"type":"TCPSocketAction"}},"readinessProbe":{"disableProbe":false,"failureThreshold":3,"initialDelaySeconds":0,"periodSeconds":5,"successThreshold":1,"timeoutSeconds":3,"probeAction":{"type":"TCPSocketAction"}}},"provisioningState":"Succeeded","status":"Running","active":true,"instances":[{"name":"test-client-auth-default-16-74bc7c9f97-zfdtv","status":"Running","discoveryStatus":"UNKNOWN","startTime":"2022-12-21T12:18:47Z"}],"source":{"type":"Jar","relativePath":"<default>","runtimeVersion":"Java_8"}},"type":"Microsoft.AppPlatform/Spring/apps/deployments","sku":{"name":"S0","tier":"Standard","capacity":1},"id":"/subscriptions/00000000-0000-0000-0000-000000000000/resourceGroups/cli/providers/Microsoft.AppPlatform/Spring/cli-unittest/apps/test-client-auth/deployments/default","name":"default","systemData":{"createdBy":"haojianzhong@microsoft.com","createdByType":"User","createdAt":"2022-12-21T12:18:41.8910045Z","lastModifiedBy":"haojianzhong@microsoft.com","lastModifiedByType":"User","lastModifiedAt":"2022-12-21T12:18:41.8910045Z"}}'
    headers:
      cache-control:
      - no-cache
      content-length:
      - '1351'
      content-type:
      - application/json
      date:
      - Wed, 21 Dec 2022 12:19:59 GMT
      expires:
      - '-1'
      pragma:
      - no-cache
      request-context:
      - appId=cid-v1:ccd65fc4-7cd4-497e-8dc8-9a76e9a43ae2
      strict-transport-security:
      - max-age=31536000; includeSubDomains
      transfer-encoding:
      - chunked
      vary:
      - Accept-Encoding
      x-content-type-options:
      - nosniff
      x-ms-ratelimit-remaining-subscription-resource-requests:
      - '11999'
      x-rp-server-mvid:
      - ced78dcb-d355-45ff-8853-5fd9d07bf15b
    status:
      code: 200
      message: OK
- request:
    body: null
    headers:
      Accept:
      - application/json
      Accept-Encoding:
      - gzip, deflate
      CommandName:
      - spring app create
      Connection:
      - keep-alive
      ParameterSetName:
      - -n -s -g --assign-endpoint
      User-Agent:
      - AZURECLI/2.42.0 azsdk-python-mgmt-appplatform/6.1.0 Python/3.8.10 (Linux-5.10.16.3-microsoft-standard-WSL2-x86_64-with-glibc2.29)
    method: GET
    uri: https://management.azure.com/subscriptions/00000000-0000-0000-0000-000000000000/resourceGroups/cli/providers/Microsoft.AppPlatform/Spring/cli-unittest/apps/test-client-auth/deployments?api-version=2023-01-01-preview
  response:
    body:
      string: '{"value":[{"properties":{"deploymentSettings":{"resourceRequests":{"cpu":"1","memory":"1Gi"},"environmentVariables":null,"terminationGracePeriodSeconds":90,"livenessProbe":{"disableProbe":false,"failureThreshold":3,"initialDelaySeconds":300,"periodSeconds":10,"successThreshold":1,"timeoutSeconds":3,"probeAction":{"type":"TCPSocketAction"}},"readinessProbe":{"disableProbe":false,"failureThreshold":3,"initialDelaySeconds":0,"periodSeconds":5,"successThreshold":1,"timeoutSeconds":3,"probeAction":{"type":"TCPSocketAction"}}},"provisioningState":"Succeeded","status":"Running","active":true,"instances":[{"name":"test-client-auth-default-16-74bc7c9f97-zfdtv","status":"Running","discoveryStatus":"UNKNOWN","startTime":"2022-12-21T12:18:47Z"}],"source":{"type":"Jar","relativePath":"<default>","runtimeVersion":"Java_8"}},"type":"Microsoft.AppPlatform/Spring/apps/deployments","sku":{"name":"S0","tier":"Standard","capacity":1},"id":"/subscriptions/00000000-0000-0000-0000-000000000000/resourceGroups/cli/providers/Microsoft.AppPlatform/Spring/cli-unittest/apps/test-client-auth/deployments/default","name":"default","systemData":{"createdBy":"haojianzhong@microsoft.com","createdByType":"User","createdAt":"2022-12-21T12:18:41.8910045Z","lastModifiedBy":"haojianzhong@microsoft.com","lastModifiedByType":"User","lastModifiedAt":"2022-12-21T12:18:41.8910045Z"}}]}'
    headers:
      cache-control:
      - no-cache
      content-length:
      - '1363'
      content-type:
      - application/json
      date:
      - Wed, 21 Dec 2022 12:20:23 GMT
      expires:
      - '-1'
      pragma:
      - no-cache
      request-context:
      - appId=cid-v1:ccd65fc4-7cd4-497e-8dc8-9a76e9a43ae2
      strict-transport-security:
      - max-age=31536000; includeSubDomains
      transfer-encoding:
      - chunked
      vary:
      - Accept-Encoding
      x-content-type-options:
      - nosniff
      x-ms-ratelimit-remaining-subscription-resource-requests:
      - '11998'
      x-rp-server-mvid:
      - ced78dcb-d355-45ff-8853-5fd9d07bf15b
    status:
      code: 200
      message: OK
- request:
    body: '{"properties": {"type": "KeyVaultCertificate", "vaultUri": "https://integration-test-prod.vault.azure.net/",
      "keyVaultCertName": "cli-unittest", "excludePrivateKey": true}}'
    headers:
      Accept:
      - application/json
      Accept-Encoding:
      - gzip, deflate
      CommandName:
      - spring certificate add
      Connection:
      - keep-alive
      Content-Length:
      - '172'
      Content-Type:
      - application/json
      ParameterSetName:
      - --name --vault-uri --only-public-cert --vault-certificate-name -g -s --query
        -o
      User-Agent:
      - AZURECLI/2.42.0 azsdk-python-mgmt-appplatform/6.1.0 Python/3.8.10 (Linux-5.10.16.3-microsoft-standard-WSL2-x86_64-with-glibc2.29)
    method: PUT
    uri: https://management.azure.com/subscriptions/00000000-0000-0000-0000-000000000000/resourceGroups/cli/providers/Microsoft.AppPlatform/Spring/cli-unittest/certificates/test-cert?api-version=2023-01-01-preview
  response:
    body:
      string: '{"properties":{"vaultUri":"https://integration-test-prod.vault.azure.net","keyVaultCertName":"cli-unittest","certVersion":"9f2205d5d2ca43ea97c3516dec1e2e06","excludePrivateKey":true,"type":"KeyVaultCertificate","thumbprint":"8ee74495d2fe82c19ee118fa52bf7ab88c170972","issuer":"*.asc-test.net","expirationDate":"2023-10-01T04:48:33.000+00:00","activateDate":"2022-10-01T04:38:33.000+00:00","subjectName":"*.asc-test.net","dnsNames":["cli.asc-test.net"]},"type":"Microsoft.AppPlatform/Spring/certificates","id":"/subscriptions/00000000-0000-0000-0000-000000000000/resourceGroups/cli/providers/Microsoft.AppPlatform/Spring/cli-unittest/certificates/test-cert","name":"test-cert","systemData":{"createdBy":"haojianzhong@microsoft.com","createdByType":"User","createdAt":"2022-12-21T12:20:32.4842446Z","lastModifiedBy":"haojianzhong@microsoft.com","lastModifiedByType":"User","lastModifiedAt":"2022-12-21T12:20:32.4842446Z"}}'
    headers:
      cache-control:
      - no-cache
      content-length:
      - '920'
      content-type:
      - application/json
      date:
      - Wed, 21 Dec 2022 12:20:32 GMT
      expires:
      - '-1'
      pragma:
      - no-cache
      request-context:
      - appId=cid-v1:ccd65fc4-7cd4-497e-8dc8-9a76e9a43ae2
      strict-transport-security:
      - max-age=31536000; includeSubDomains
      transfer-encoding:
      - chunked
      vary:
      - Accept-Encoding
      x-content-type-options:
      - nosniff
      x-ms-ratelimit-remaining-subscription-writes:
      - '1199'
      x-rp-server-mvid:
      - ced78dcb-d355-45ff-8853-5fd9d07bf15b
    status:
      code: 200
      message: OK
- request:
    body: null
    headers:
      Accept:
      - application/json
      Accept-Encoding:
      - gzip, deflate
      CommandName:
      - spring app update
      Connection:
      - keep-alive
      ParameterSetName:
      - -n -s -g --client-auth-certs
      User-Agent:
      - AZURECLI/2.42.0 azsdk-python-mgmt-appplatform/6.1.0 Python/3.8.10 (Linux-5.10.16.3-microsoft-standard-WSL2-x86_64-with-glibc2.29)
    method: GET
    uri: https://management.azure.com/subscriptions/00000000-0000-0000-0000-000000000000/resourceGroups/cli/providers/Microsoft.AppPlatform/Spring/cli-unittest/apps/test-client-auth/deployments?api-version=2022-05-01-preview
  response:
    body:
      string: '{"value":[{"properties":{"deploymentSettings":{"resourceRequests":{"cpu":"1","memory":"1Gi"},"environmentVariables":null,"terminationGracePeriodSeconds":90,"livenessProbe":{"disableProbe":false,"failureThreshold":3,"initialDelaySeconds":300,"periodSeconds":10,"successThreshold":1,"timeoutSeconds":3,"probeAction":{"type":"TCPSocketAction"}},"readinessProbe":{"disableProbe":false,"failureThreshold":3,"initialDelaySeconds":0,"periodSeconds":5,"successThreshold":1,"timeoutSeconds":3,"probeAction":{"type":"TCPSocketAction"}}},"provisioningState":"Succeeded","status":"Running","active":true,"instances":[{"name":"test-client-auth-default-16-74bc7c9f97-zfdtv","status":"Running","discoveryStatus":"UNKNOWN","startTime":"2022-12-21T12:18:47Z"}],"source":{"type":"Jar","relativePath":"<default>","runtimeVersion":"Java_8"}},"type":"Microsoft.AppPlatform/Spring/apps/deployments","sku":{"name":"S0","tier":"Standard","capacity":1},"id":"/subscriptions/00000000-0000-0000-0000-000000000000/resourceGroups/cli/providers/Microsoft.AppPlatform/Spring/cli-unittest/apps/test-client-auth/deployments/default","name":"default","systemData":{"createdBy":"haojianzhong@microsoft.com","createdByType":"User","createdAt":"2022-12-21T12:18:41.8910045Z","lastModifiedBy":"haojianzhong@microsoft.com","lastModifiedByType":"User","lastModifiedAt":"2022-12-21T12:18:41.8910045Z"}}]}'
    headers:
      cache-control:
      - no-cache
      content-length:
      - '1363'
      content-type:
      - application/json
      date:
      - Wed, 21 Dec 2022 12:21:03 GMT
      expires:
      - '-1'
      pragma:
      - no-cache
      request-context:
      - appId=cid-v1:ccd65fc4-7cd4-497e-8dc8-9a76e9a43ae2
      strict-transport-security:
      - max-age=31536000; includeSubDomains
      transfer-encoding:
      - chunked
      vary:
      - Accept-Encoding
      x-content-type-options:
      - nosniff
      x-ms-ratelimit-remaining-subscription-resource-requests:
      - '11999'
      x-rp-server-mvid:
      - ced78dcb-d355-45ff-8853-5fd9d07bf15b
    status:
      code: 200
      message: OK
- request:
    body: '{"properties": {"httpsOnly": false, "ingressSettings": {"clientAuth": {"certificates":
      ["/subscriptions/00000000-0000-0000-0000-000000000000/resourceGroups/cli/providers/Microsoft.AppPlatform/Spring/cli-unittest/certificates/test-cert"]}}}}'
    headers:
      Accept:
      - application/json
      Accept-Encoding:
      - gzip, deflate
      CommandName:
      - spring app update
      Connection:
      - keep-alive
      Content-Length:
      - '240'
      Content-Type:
      - application/json
      ParameterSetName:
      - -n -s -g --client-auth-certs
      User-Agent:
      - AZURECLI/2.42.0 azsdk-python-mgmt-appplatform/6.1.0 Python/3.8.10 (Linux-5.10.16.3-microsoft-standard-WSL2-x86_64-with-glibc2.29)
    method: PATCH
    uri: https://management.azure.com/subscriptions/00000000-0000-0000-0000-000000000000/resourceGroups/cli/providers/Microsoft.AppPlatform/Spring/cli-unittest/apps/test-client-auth?api-version=2023-01-01-preview
  response:
    body:
      string: '{"properties":{"addonConfigs":{"applicationConfigurationService":{},"serviceRegistry":{}},"public":true,"url":"https://cli-unittest-test-client-auth.asc-test.net","provisioningState":"Updating","fqdn":"cli-unittest.asc-test.net","httpsOnly":false,"temporaryDisk":{"sizeInGB":5,"mountPath":"/tmp"},"persistentDisk":{"sizeInGB":0,"mountPath":"/persistent"},"enableEndToEndTLS":false,"ingressSettings":{"clientAuth":{"certificates":["/subscriptions/00000000-0000-0000-0000-000000000000/resourceGroups/cli/providers/Microsoft.AppPlatform/Spring/cli-unittest/certificates/test-cert"]},"readTimeoutInSeconds":300,"sendTimeoutInSeconds":60,"sessionCookieMaxAge":0,"sessionAffinity":"None","backendProtocol":"Default"}},"type":"Microsoft.AppPlatform/Spring/apps","identity":null,"location":"eastus","id":"/subscriptions/00000000-0000-0000-0000-000000000000/resourceGroups/cli/providers/Microsoft.AppPlatform/Spring/cli-unittest/apps/test-client-auth","name":"test-client-auth","systemData":{"createdBy":"haojianzhong@microsoft.com","createdByType":"User","createdAt":"2022-12-21T12:18:25.5690042Z","lastModifiedBy":"haojianzhong@microsoft.com","lastModifiedByType":"User","lastModifiedAt":"2022-12-21T12:21:05.4463291Z"}}'
    headers:
      azure-asyncoperation:
      - https://management.azure.com/subscriptions/00000000-0000-0000-0000-000000000000/resourceGroups/cli/providers/Microsoft.AppPlatform/locations/eastus/operationStatus/test-client-auth/operationId/7a233536-7528-4ea1-9e29-44e35df4232a?api-version=2023-01-01-preview
      cache-control:
      - no-cache
      content-length:
      - '1213'
      content-type:
      - application/json
      date:
      - Wed, 21 Dec 2022 12:21:06 GMT
      expires:
      - '-1'
      location:
      - https://management.azure.com/subscriptions/00000000-0000-0000-0000-000000000000/resourceGroups/cli/providers/Microsoft.AppPlatform/locations/eastus/operationResults/7a233536-7528-4ea1-9e29-44e35df4232a/Spring/test-client-auth?api-version=2023-01-01-preview
      pragma:
      - no-cache
      request-context:
      - appId=cid-v1:ccd65fc4-7cd4-497e-8dc8-9a76e9a43ae2
      strict-transport-security:
      - max-age=31536000; includeSubDomains
      x-content-type-options:
      - nosniff
      x-ms-ratelimit-remaining-subscription-resource-requests:
      - '1199'
      x-rp-server-mvid:
      - ced78dcb-d355-45ff-8853-5fd9d07bf15b
    status:
      code: 202
      message: Accepted
- request:
    body: null
    headers:
      Accept:
      - '*/*'
      Accept-Encoding:
      - gzip, deflate
      CommandName:
      - spring app update
      Connection:
      - keep-alive
      ParameterSetName:
      - -n -s -g --client-auth-certs
      User-Agent:
      - AZURECLI/2.42.0 azsdk-python-mgmt-appplatform/6.1.0 Python/3.8.10 (Linux-5.10.16.3-microsoft-standard-WSL2-x86_64-with-glibc2.29)
    method: GET
    uri: https://management.azure.com/subscriptions/00000000-0000-0000-0000-000000000000/resourceGroups/cli/providers/Microsoft.AppPlatform/locations/eastus/operationStatus/test-client-auth/operationId/7a233536-7528-4ea1-9e29-44e35df4232a?api-version=2023-01-01-preview
  response:
    body:
      string: '{"id":"subscriptions/0753feba-86f1-4242-aff1-27938fb04531/resourceGroups/cli/providers/Microsoft.AppPlatform/locations/eastus/operationStatus/test-client-auth/operationId/7a233536-7528-4ea1-9e29-44e35df4232a","name":"7a233536-7528-4ea1-9e29-44e35df4232a","status":"Running","startTime":"2022-12-21T12:21:06.5012228Z"}'
    headers:
      cache-control:
      - no-cache
      content-length:
      - '317'
      content-type:
      - application/json
      date:
      - Wed, 21 Dec 2022 12:21:06 GMT
      expires:
      - '-1'
      pragma:
      - no-cache
      request-context:
      - appId=cid-v1:ccd65fc4-7cd4-497e-8dc8-9a76e9a43ae2
      strict-transport-security:
      - max-age=31536000; includeSubDomains
      transfer-encoding:
      - chunked
      vary:
      - Accept-Encoding
      x-content-type-options:
      - nosniff
      x-rp-server-mvid:
      - ced78dcb-d355-45ff-8853-5fd9d07bf15b
    status:
      code: 200
      message: OK
- request:
    body: null
    headers:
      Accept:
      - '*/*'
      Accept-Encoding:
      - gzip, deflate
      CommandName:
      - spring app update
      Connection:
      - keep-alive
      ParameterSetName:
      - -n -s -g --client-auth-certs
      User-Agent:
      - AZURECLI/2.42.0 azsdk-python-mgmt-appplatform/6.1.0 Python/3.8.10 (Linux-5.10.16.3-microsoft-standard-WSL2-x86_64-with-glibc2.29)
    method: GET
    uri: https://management.azure.com/subscriptions/00000000-0000-0000-0000-000000000000/resourceGroups/cli/providers/Microsoft.AppPlatform/locations/eastus/operationStatus/test-client-auth/operationId/7a233536-7528-4ea1-9e29-44e35df4232a?api-version=2023-01-01-preview
  response:
    body:
      string: '{"id":"subscriptions/0753feba-86f1-4242-aff1-27938fb04531/resourceGroups/cli/providers/Microsoft.AppPlatform/locations/eastus/operationStatus/test-client-auth/operationId/7a233536-7528-4ea1-9e29-44e35df4232a","name":"7a233536-7528-4ea1-9e29-44e35df4232a","status":"Running","startTime":"2022-12-21T12:21:06.5012228Z"}'
    headers:
      cache-control:
      - no-cache
      content-length:
      - '317'
      content-type:
      - application/json
      date:
      - Wed, 21 Dec 2022 12:21:17 GMT
      expires:
      - '-1'
      pragma:
      - no-cache
      request-context:
      - appId=cid-v1:ccd65fc4-7cd4-497e-8dc8-9a76e9a43ae2
      strict-transport-security:
      - max-age=31536000; includeSubDomains
      transfer-encoding:
      - chunked
      vary:
      - Accept-Encoding
      x-content-type-options:
      - nosniff
      x-rp-server-mvid:
      - ced78dcb-d355-45ff-8853-5fd9d07bf15b
    status:
      code: 200
      message: OK
- request:
    body: null
    headers:
      Accept:
      - '*/*'
      Accept-Encoding:
      - gzip, deflate
      CommandName:
      - spring app update
      Connection:
      - keep-alive
      ParameterSetName:
      - -n -s -g --client-auth-certs
      User-Agent:
      - AZURECLI/2.42.0 azsdk-python-mgmt-appplatform/6.1.0 Python/3.8.10 (Linux-5.10.16.3-microsoft-standard-WSL2-x86_64-with-glibc2.29)
    method: GET
    uri: https://management.azure.com/subscriptions/00000000-0000-0000-0000-000000000000/resourceGroups/cli/providers/Microsoft.AppPlatform/locations/eastus/operationStatus/test-client-auth/operationId/7a233536-7528-4ea1-9e29-44e35df4232a?api-version=2023-01-01-preview
  response:
    body:
      string: '{"id":"subscriptions/0753feba-86f1-4242-aff1-27938fb04531/resourceGroups/cli/providers/Microsoft.AppPlatform/locations/eastus/operationStatus/test-client-auth/operationId/7a233536-7528-4ea1-9e29-44e35df4232a","name":"7a233536-7528-4ea1-9e29-44e35df4232a","status":"Succeeded","startTime":"2022-12-21T12:21:06.5012228Z","endTime":"2022-12-21T12:21:25.2079953Z"}'
    headers:
      cache-control:
      - no-cache
      content-length:
      - '360'
      content-type:
      - application/json
      date:
      - Wed, 21 Dec 2022 12:21:28 GMT
      expires:
      - '-1'
      pragma:
      - no-cache
      request-context:
      - appId=cid-v1:ccd65fc4-7cd4-497e-8dc8-9a76e9a43ae2
      strict-transport-security:
      - max-age=31536000; includeSubDomains
      transfer-encoding:
      - chunked
      vary:
      - Accept-Encoding
      x-content-type-options:
      - nosniff
      x-rp-server-mvid:
      - ced78dcb-d355-45ff-8853-5fd9d07bf15b
    status:
      code: 200
      message: OK
- request:
    body: null
    headers:
      Accept:
      - '*/*'
      Accept-Encoding:
      - gzip, deflate
      CommandName:
      - spring app update
      Connection:
      - keep-alive
      ParameterSetName:
      - -n -s -g --client-auth-certs
      User-Agent:
      - AZURECLI/2.42.0 azsdk-python-mgmt-appplatform/6.1.0 Python/3.8.10 (Linux-5.10.16.3-microsoft-standard-WSL2-x86_64-with-glibc2.29)
    method: GET
    uri: https://management.azure.com/subscriptions/00000000-0000-0000-0000-000000000000/resourceGroups/cli/providers/Microsoft.AppPlatform/Spring/cli-unittest/apps/test-client-auth?api-version=2023-01-01-preview
  response:
    body:
      string: '{"properties":{"addonConfigs":{"applicationConfigurationService":{},"serviceRegistry":{}},"public":true,"url":"https://cli-unittest-test-client-auth.asc-test.net","provisioningState":"Succeeded","fqdn":"cli-unittest.asc-test.net","httpsOnly":false,"temporaryDisk":{"sizeInGB":5,"mountPath":"/tmp"},"persistentDisk":{"sizeInGB":0,"mountPath":"/persistent"},"enableEndToEndTLS":false,"ingressSettings":{"clientAuth":{"certificates":["/subscriptions/00000000-0000-0000-0000-000000000000/resourceGroups/cli/providers/Microsoft.AppPlatform/Spring/cli-unittest/certificates/test-cert"]},"readTimeoutInSeconds":300,"sendTimeoutInSeconds":60,"sessionCookieMaxAge":0,"sessionAffinity":"None","backendProtocol":"Default"}},"type":"Microsoft.AppPlatform/Spring/apps","identity":null,"location":"eastus","id":"/subscriptions/00000000-0000-0000-0000-000000000000/resourceGroups/cli/providers/Microsoft.AppPlatform/Spring/cli-unittest/apps/test-client-auth","name":"test-client-auth","systemData":{"createdBy":"haojianzhong@microsoft.com","createdByType":"User","createdAt":"2022-12-21T12:18:25.5690042Z","lastModifiedBy":"haojianzhong@microsoft.com","lastModifiedByType":"User","lastModifiedAt":"2022-12-21T12:21:05.4463291Z"}}'
    headers:
      cache-control:
      - no-cache
      content-length:
      - '1214'
      content-type:
      - application/json
      date:
      - Wed, 21 Dec 2022 12:21:28 GMT
      expires:
      - '-1'
      pragma:
      - no-cache
      request-context:
      - appId=cid-v1:ccd65fc4-7cd4-497e-8dc8-9a76e9a43ae2
      strict-transport-security:
      - max-age=31536000; includeSubDomains
      transfer-encoding:
      - chunked
      vary:
      - Accept-Encoding
      x-content-type-options:
      - nosniff
      x-ms-ratelimit-remaining-subscription-resource-requests:
      - '11999'
      x-rp-server-mvid:
      - ced78dcb-d355-45ff-8853-5fd9d07bf15b
    status:
      code: 200
      message: OK
- request:
    body: null
    headers:
      Accept:
      - application/json
      Accept-Encoding:
      - gzip, deflate
      CommandName:
      - spring app update
      Connection:
      - keep-alive
      ParameterSetName:
      - -n -s -g --client-auth-certs
      User-Agent:
      - AZURECLI/2.42.0 azsdk-python-mgmt-appplatform/6.1.0 Python/3.8.10 (Linux-5.10.16.3-microsoft-standard-WSL2-x86_64-with-glibc2.29)
    method: GET
    uri: https://management.azure.com/subscriptions/00000000-0000-0000-0000-000000000000/resourceGroups/cli/providers/Microsoft.AppPlatform/Spring/cli-unittest/apps/test-client-auth?api-version=2023-01-01-preview
  response:
    body:
      string: '{"properties":{"addonConfigs":{"applicationConfigurationService":{},"serviceRegistry":{}},"public":true,"url":"https://cli-unittest-test-client-auth.asc-test.net","provisioningState":"Succeeded","fqdn":"cli-unittest.asc-test.net","httpsOnly":false,"temporaryDisk":{"sizeInGB":5,"mountPath":"/tmp"},"persistentDisk":{"sizeInGB":0,"mountPath":"/persistent"},"enableEndToEndTLS":false,"ingressSettings":{"clientAuth":{"certificates":["/subscriptions/00000000-0000-0000-0000-000000000000/resourceGroups/cli/providers/Microsoft.AppPlatform/Spring/cli-unittest/certificates/test-cert"]},"readTimeoutInSeconds":300,"sendTimeoutInSeconds":60,"sessionCookieMaxAge":0,"sessionAffinity":"None","backendProtocol":"Default"}},"type":"Microsoft.AppPlatform/Spring/apps","identity":null,"location":"eastus","id":"/subscriptions/00000000-0000-0000-0000-000000000000/resourceGroups/cli/providers/Microsoft.AppPlatform/Spring/cli-unittest/apps/test-client-auth","name":"test-client-auth","systemData":{"createdBy":"haojianzhong@microsoft.com","createdByType":"User","createdAt":"2022-12-21T12:18:25.5690042Z","lastModifiedBy":"haojianzhong@microsoft.com","lastModifiedByType":"User","lastModifiedAt":"2022-12-21T12:21:05.4463291Z"}}'
    headers:
      cache-control:
      - no-cache
      content-length:
      - '1214'
      content-type:
      - application/json
      date:
      - Wed, 21 Dec 2022 12:21:30 GMT
      expires:
      - '-1'
      pragma:
      - no-cache
      request-context:
      - appId=cid-v1:ccd65fc4-7cd4-497e-8dc8-9a76e9a43ae2
      strict-transport-security:
      - max-age=31536000; includeSubDomains
      transfer-encoding:
      - chunked
      vary:
      - Accept-Encoding
      x-content-type-options:
      - nosniff
      x-ms-ratelimit-remaining-subscription-resource-requests:
      - '11998'
      x-rp-server-mvid:
      - ced78dcb-d355-45ff-8853-5fd9d07bf15b
    status:
      code: 200
      message: OK
- request:
    body: null
    headers:
      Accept:
      - application/json
      Accept-Encoding:
      - gzip, deflate
      CommandName:
      - spring app update
      Connection:
      - keep-alive
      ParameterSetName:
      - -n -s -g --client-auth-certs
      User-Agent:
      - AZURECLI/2.42.0 azsdk-python-mgmt-appplatform/6.1.0 Python/3.8.10 (Linux-5.10.16.3-microsoft-standard-WSL2-x86_64-with-glibc2.29)
    method: GET
    uri: https://management.azure.com/subscriptions/00000000-0000-0000-0000-000000000000/resourceGroups/cli/providers/Microsoft.AppPlatform/Spring/cli-unittest/apps/test-client-auth/deployments?api-version=2023-01-01-preview
  response:
    body:
      string: '{"value":[{"properties":{"deploymentSettings":{"resourceRequests":{"cpu":"1","memory":"1Gi"},"environmentVariables":null,"terminationGracePeriodSeconds":90,"livenessProbe":{"disableProbe":false,"failureThreshold":3,"initialDelaySeconds":300,"periodSeconds":10,"successThreshold":1,"timeoutSeconds":3,"probeAction":{"type":"TCPSocketAction"}},"readinessProbe":{"disableProbe":false,"failureThreshold":3,"initialDelaySeconds":0,"periodSeconds":5,"successThreshold":1,"timeoutSeconds":3,"probeAction":{"type":"TCPSocketAction"}}},"provisioningState":"Succeeded","status":"Running","active":true,"instances":[{"name":"test-client-auth-default-16-74bc7c9f97-zfdtv","status":"Running","discoveryStatus":"UNKNOWN","startTime":"2022-12-21T12:18:47Z"}],"source":{"type":"Jar","relativePath":"<default>","runtimeVersion":"Java_8"}},"type":"Microsoft.AppPlatform/Spring/apps/deployments","sku":{"name":"S0","tier":"Standard","capacity":1},"id":"/subscriptions/00000000-0000-0000-0000-000000000000/resourceGroups/cli/providers/Microsoft.AppPlatform/Spring/cli-unittest/apps/test-client-auth/deployments/default","name":"default","systemData":{"createdBy":"haojianzhong@microsoft.com","createdByType":"User","createdAt":"2022-12-21T12:18:41.8910045Z","lastModifiedBy":"haojianzhong@microsoft.com","lastModifiedByType":"User","lastModifiedAt":"2022-12-21T12:18:41.8910045Z"}}]}'
    headers:
      cache-control:
      - no-cache
      content-length:
      - '1363'
      content-type:
      - application/json
      date:
      - Wed, 21 Dec 2022 12:21:54 GMT
      expires:
      - '-1'
      pragma:
      - no-cache
      request-context:
      - appId=cid-v1:ccd65fc4-7cd4-497e-8dc8-9a76e9a43ae2
      strict-transport-security:
      - max-age=31536000; includeSubDomains
      transfer-encoding:
      - chunked
      vary:
      - Accept-Encoding
      x-content-type-options:
      - nosniff
      x-ms-ratelimit-remaining-subscription-resource-requests:
      - '11999'
      x-rp-server-mvid:
      - ced78dcb-d355-45ff-8853-5fd9d07bf15b
    status:
      code: 200
      message: OK
- request:
    body: '{"properties": {"deploymentSettings": {}}, "sku": {"name": "S0", "tier":
      "Standard"}}'
    headers:
      Accept:
      - application/json
      Accept-Encoding:
      - gzip, deflate
      CommandName:
      - spring app update
      Connection:
      - keep-alive
      Content-Length:
      - '85'
      Content-Type:
      - application/json
      ParameterSetName:
      - -n -g -s --assign-public-endpoint
      User-Agent:
      - AZURECLI/2.39.0 azsdk-python-mgmt-appplatform/6.1.0 Python/3.9.13 (Windows-10-10.0.19044-SP0)
    method: PATCH
    uri: https://management.azure.com/subscriptions/00000000-0000-0000-0000-000000000000/resourceGroups/cli/providers/Microsoft.AppPlatform/Spring/cli-unittest/apps/test-client-auth/deployments/default?api-version=2023-01-01-preview
  response:
    body:
      string: '{"properties":{"deploymentSettings":{"resourceRequests":{"cpu":"1","memory":"1Gi"},"environmentVariables":null,"terminationGracePeriodSeconds":90,"livenessProbe":{"disableProbe":false,"failureThreshold":24,"initialDelaySeconds":60,"periodSeconds":10,"successThreshold":1,"timeoutSeconds":1,"probeAction":{"type":"TCPSocketAction"}},"readinessProbe":{"disableProbe":false,"failureThreshold":3,"initialDelaySeconds":0,"periodSeconds":10,"successThreshold":1,"timeoutSeconds":1,"probeAction":{"type":"TCPSocketAction"}}},"provisioningState":"Succeeded","status":"Running","active":true,"instances":[{"name":"test-app-default-8-57c694d5d4-6dzkv","status":"Running","discoveryStatus":"UNREGISTERED","startTime":"2022-09-07T11:53:23Z"}],"source":{"type":"Jar","relativePath":"<default>","runtimeVersion":"Java_8"}},"type":"Microsoft.AppPlatform/Spring/apps/deployments","sku":{"name":"S0","tier":"Standard","capacity":1},"id":"/subscriptions/00000000-0000-0000-0000-000000000000/resourceGroups/cli/providers/Microsoft.AppPlatform/Spring/cli-unittest/apps/test-client-auth/deployments/default","name":"default","systemData":{"createdBy":"caihuarui@microsoft.com","createdByType":"User","createdAt":"2022-09-07T11:53:18.3498623Z","lastModifiedBy":"caihuarui@microsoft.com","lastModifiedByType":"User","lastModifiedAt":"2022-09-07T11:53:18.3498623Z"}}'
    headers:
      cache-control:
      - no-cache
      content-length:
      - '1364'
      content-type:
      - application/json; charset=utf-8
      date:
      - Wed, 07 Sep 2022 11:54:12 GMT
      expires:
      - '-1'
      pragma:
      - no-cache
      request-context:
      - appId=cid-v1:797d7e4e-8180-497e-a254-780fbd39ba4d
      strict-transport-security:
      - max-age=31536000; includeSubDomains
      transfer-encoding:
      - chunked
      vary:
      - Accept-Encoding
      x-content-type-options:
      - nosniff
      x-ms-ratelimit-remaining-subscription-resource-requests:
      - '1199'
      x-rp-server-mvid:
      - 241ec0d8-d41d-4dce-842c-f5a9d8334be4
    status:
      code: 200
      message: OK
version: 1
