interactions:
- request:
    body: null
    headers:
      Accept: ['*/*']
      Accept-Charset: [utf-8]
      Accept-Encoding: ['gzip, deflate']
      Connection: [keep-alive]
      User-Agent: [python-requests/2.21.0]
      return-client-request-id: ['true']
      x-client-CPU: [x86]
      x-client-OS: [win32]
      x-client-SKU: [Python]
      x-client-Ver: [1.2.1]
    method: GET
    uri: https://login.windows.net/common/discovery/instance?authorization_endpoint=https%3A%2F%2Flogin.windows-ppe.net%2Ff686d426-8d16-42db-81b7-ab578e110ccd%2Foauth2%2Fauthorize&api-version=1.0
  response:
    body: {string: '{"tenant_discovery_endpoint":"https://login.windows-ppe.net/f686d426-8d16-42db-81b7-ab578e110ccd/.well-known/openid-configuration"}'}
    headers:
      access-control-allow-methods: ['GET, OPTIONS']
      access-control-allow-origin: ['*']
      cache-control: ['private, max-age=86400']
      content-length: ['131']
      content-type: [application/json; charset=utf-8]
      date: ['Sun, 03 Feb 2019 10:23:17 GMT']
      p3p: [CP="DSP CUR OTPi IND OTRi ONL FIN"]
      set-cookie: ['fpc=Af8_FufyXFZFi4gsUa3d8zU; expires=Tue, 05-Mar-2019 10:23:17
          GMT; path=/; secure; HttpOnly', esctx=AQABAAAAAACEfexXxjamQb3OeGQ4GugviAg6EJuKud65ciJpxpggH5skEohhLdfFz2YYraAjgWeyTZBMfGI-nFQysI_YXP8oRVmoBW9j3qZ6gcixeB1MySIR3OHX2NkO3yYzN7XMPc5gADQk3KPu6h3pTZ2d-3Zm8NtYfzvp4MdJxCdUIP8-q4vm6i-K6YIqk6rcZbIi3mcgAA;
          domain=.login.windows.net; path=/; secure; HttpOnly, x-ms-gateway-slice=corp;
          path=/; secure; HttpOnly, stsservicecookie=estscorp; path=/; secure; HttpOnly]
      strict-transport-security: [max-age=31536000; includeSubDomains]
      x-content-type-options: [nosniff]
    status: {code: 200, message: OK}
- request:
    body: '{"location": "westus", "tags": {"product": "azurecli", "cause": "automation",
      "date": "2019-02-03T10:23:16Z"}}'
    headers:
      Accept: [application/json]
      Accept-Encoding: ['gzip, deflate']
      CommandName: [group create]
      Connection: [keep-alive]
      Content-Length: ['110']
      Content-Type: [application/json; charset=utf-8]
      ParameterSetName: [--location --name --tag]
      User-Agent: [python/3.7.2 (Windows-10-10.0.17763-SP0) msrest/0.6.4 msrest_azure/0.6.0
          resourcemanagementclient/2.1.0 Azure-SDK-For-Python AZURECLI/2.0.57]
      accept-language: [en-US]
    method: PUT
    uri: https://api-dogfood.resources.windows-int.net/subscriptions/00000000-0000-0000-0000-000000000000/resourcegroups/clitest_privatedns000001?api-version=2018-05-01
  response:
    body: {string: '{"id":"/subscriptions/00000000-0000-0000-0000-000000000000/resourceGroups/clitest_privatedns000001","name":"clitest_privatedns000001","location":"westus","tags":{"product":"azurecli","cause":"automation","date":"2019-02-03T10:23:16Z"},"properties":{"provisioningState":"Succeeded"}}'}
    headers:
      cache-control: [no-cache]
      content-length: ['384']
      content-type: [application/json; charset=utf-8]
      date: ['Sun, 03 Feb 2019 10:23:18 GMT']
      expires: ['-1']
      pragma: [no-cache]
      strict-transport-security: [max-age=31536000; includeSubDomains]
      x-content-type-options: [nosniff]
      x-ms-ratelimit-remaining-subscription-writes: ['1189']
    status: {code: 201, message: Created}
- request:
    body: null
    headers:
      Accept: ['*/*']
      Accept-Charset: [utf-8]
      Accept-Encoding: ['gzip, deflate']
      Connection: [keep-alive]
      User-Agent: [python-requests/2.21.0]
      return-client-request-id: ['true']
      x-client-CPU: [x86]
      x-client-OS: [win32]
      x-client-SKU: [Python]
      x-client-Ver: [1.2.1]
    method: GET
    uri: https://login.windows.net/common/discovery/instance?authorization_endpoint=https%3A%2F%2Flogin.windows-ppe.net%2Ff686d426-8d16-42db-81b7-ab578e110ccd%2Foauth2%2Fauthorize&api-version=1.0
  response:
    body: {string: '{"tenant_discovery_endpoint":"https://login.windows-ppe.net/f686d426-8d16-42db-81b7-ab578e110ccd/.well-known/openid-configuration"}'}
    headers:
      access-control-allow-methods: ['GET, OPTIONS']
      access-control-allow-origin: ['*']
      cache-control: ['private, max-age=86400']
      content-length: ['131']
      content-type: [application/json; charset=utf-8]
      date: ['Sun, 03 Feb 2019 10:23:20 GMT']
      p3p: [CP="DSP CUR OTPi IND OTRi ONL FIN"]
      set-cookie: ['fpc=AeW7_7c0ZH1IssevQ-fZMIw; expires=Tue, 05-Mar-2019 10:23:20
          GMT; path=/; secure; HttpOnly', esctx=AQABAAAAAACEfexXxjamQb3OeGQ4GugvwpJzY1t0O0gTF2YbpmmpT91i1I2BlOVrUyBJ5tFoC7SLaG2P8XWcSyohGAKhAuq_akbM_os_mkhub7aSDHUezsA99Ds-vw5WDvdWW9UIfymghZis1PQtezHVnGp-oxOKFG49yFYILf6IRAttXXwS9Mhvn1OXAJRxB5sHObYBBMggAA;
          domain=.login.windows.net; path=/; secure; HttpOnly, x-ms-gateway-slice=corp;
          path=/; secure; HttpOnly, stsservicecookie=estscorp; path=/; secure; HttpOnly]
      strict-transport-security: [max-age=31536000; includeSubDomains]
      x-content-type-options: [nosniff]
    status: {code: 200, message: OK}
- request:
    body: '{"location": "global"}'
    headers:
      Accept: [application/json]
      Accept-Encoding: ['gzip, deflate']
      CommandName: [network privatedns zone create]
      Connection: [keep-alive]
      Content-Length: ['22']
      Content-Type: [application/json; charset=utf-8]
      If-None-Match: ['*']
      ParameterSetName: [-g -n]
      User-Agent: [python/3.7.2 (Windows-10-10.0.17763-SP0) msrest/0.6.4 msrest_azure/0.6.0
          azure-mgmt-privatedns/1.0.0 Azure-SDK-For-Python AZURECLI/2.0.57]
      accept-language: [en-US]
    method: PUT
    uri: https://api-dogfood.resources.windows-int.net/subscriptions/00000000-0000-0000-0000-000000000000/resourceGroups/clitest_privatedns000001/providers/Microsoft.Network/privateDnsZones/clitest.privatedns.com000002?api-version=2018-09-01
  response:
    body: {string: ''}
    headers:
      azure-asyncoperation: ['https://api-dogfood.resources.windows-int.net:443/subscriptions/00000000-0000-0000-0000-000000000000/resourceGroups/clitest_privatedns000001/providers/Microsoft.Network/privateDnsOperationStatuses/RnJvbnRFbmRBc3luY09wZXJhdGlvbjtVcHNlcnRQcml2YXRlRG5zWm9uZTtkMjAyNjkwNC1mYmExLTQwYzctYjlhMC1kNzMzMjU0OWM3OGI=?api-version=2018-09-01']
      cache-control: [private]
      content-length: ['0']
      date: ['Sun, 03 Feb 2019 10:23:21 GMT']
      location: ['https://api-dogfood.resources.windows-int.net/subscriptions/00000000-0000-0000-0000-000000000000/resourceGroups/clitest_privatedns000001/providers/Microsoft.Network/privateDnsOperationResults/RnJvbnRFbmRBc3luY09wZXJhdGlvbjtVcHNlcnRQcml2YXRlRG5zWm9uZTtkMjAyNjkwNC1mYmExLTQwYzctYjlhMC1kNzMzMjU0OWM3OGI=?api-version=2018-09-01']
      server: [Microsoft-IIS/10.0]
      strict-transport-security: [max-age=31536000; includeSubDomains]
      x-aspnet-version: [4.0.30319]
      x-content-type-options: [nosniff]
      x-ms-ratelimit-remaining-subscription-resource-requests: ['11988']
      x-powered-by: [ASP.NET]
    status: {code: 202, message: Accepted}
- request:
    body: null
    headers:
      Accept: ['*/*']
      Accept-Charset: [utf-8]
      Accept-Encoding: ['gzip, deflate']
      Connection: [keep-alive]
      User-Agent: [python-requests/2.21.0]
      return-client-request-id: ['true']
      x-client-CPU: [x86]
      x-client-OS: [win32]
      x-client-SKU: [Python]
      x-client-Ver: [1.2.1]
    method: GET
    uri: https://login.windows.net/common/discovery/instance?authorization_endpoint=https%3A%2F%2Flogin.windows-ppe.net%2Ff686d426-8d16-42db-81b7-ab578e110ccd%2Foauth2%2Fauthorize&api-version=1.0
  response:
    body: {string: '{"tenant_discovery_endpoint":"https://login.windows-ppe.net/f686d426-8d16-42db-81b7-ab578e110ccd/.well-known/openid-configuration"}'}
    headers:
      access-control-allow-methods: ['GET, OPTIONS']
      access-control-allow-origin: ['*']
      cache-control: ['private, max-age=86400']
      content-length: ['131']
      content-type: [application/json; charset=utf-8]
      date: ['Sun, 03 Feb 2019 10:23:25 GMT']
      p3p: [CP="DSP CUR OTPi IND OTRi ONL FIN"]
      set-cookie: ['fpc=AUgrCBJYwUtBlKmeHBrQ8cQ; expires=Tue, 05-Mar-2019 10:23:25
          GMT; path=/; secure; HttpOnly', esctx=AQABAAAAAACEfexXxjamQb3OeGQ4Gugv7fL8jXqgtEsMyt8Zc99td5H_huimE-m4uh7PQfsbiKQIApbZ7dxxlBPQPCvyxNltVDu87L5UbHpUNrqFuOHNsxOAVuKJYqcWeTxFnNv6QCp1I5hE3mBiOs9MVn87vHn8G5vTOdOL_J0q1GXXhAIofBMTSkv_4sMeu74SHe5ccHAgAA;
          domain=.login.windows.net; path=/; secure; HttpOnly, x-ms-gateway-slice=corp;
          path=/; secure; HttpOnly, stsservicecookie=estscorp; path=/; secure; HttpOnly]
      strict-transport-security: [max-age=31536000; includeSubDomains]
      x-content-type-options: [nosniff]
    status: {code: 200, message: OK}
- request:
    body: null
    headers:
      Accept: [application/json]
      Accept-Encoding: ['gzip, deflate']
      CommandName: [network privatedns zone create]
      Connection: [keep-alive]
      ParameterSetName: [-g -n]
      User-Agent: [python/3.7.2 (Windows-10-10.0.17763-SP0) msrest/0.6.4 msrest_azure/0.6.0
          azure-mgmt-privatedns/1.0.0 Azure-SDK-For-Python AZURECLI/2.0.57]
    method: GET
    uri: https://api-dogfood.resources.windows-int.net/subscriptions/00000000-0000-0000-0000-000000000000/resourceGroups/clitest_privatedns000001/providers/Microsoft.Network/privateDnsOperationStatuses/RnJvbnRFbmRBc3luY09wZXJhdGlvbjtVcHNlcnRQcml2YXRlRG5zWm9uZTtkMjAyNjkwNC1mYmExLTQwYzctYjlhMC1kNzMzMjU0OWM3OGI=?api-version=2018-09-01
  response:
    body: {string: '{"status":"Succeeded"}'}
    headers:
      cache-control: [private]
      content-length: ['22']
      content-type: [application/json; charset=utf-8]
      date: ['Sun, 03 Feb 2019 10:23:25 GMT']
      server: [Microsoft-IIS/10.0]
      strict-transport-security: [max-age=31536000; includeSubDomains]
      transfer-encoding: [chunked]
      vary: [Accept-Encoding]
      x-aspnet-version: [4.0.30319]
      x-content-type-options: [nosniff]
      x-ms-ratelimit-remaining-subscription-resource-requests: ['11971']
      x-powered-by: [ASP.NET]
    status: {code: 200, message: OK}
- request:
    body: null
    headers:
      Accept: ['*/*']
      Accept-Charset: [utf-8]
      Accept-Encoding: ['gzip, deflate']
      Connection: [keep-alive]
      User-Agent: [python-requests/2.21.0]
      return-client-request-id: ['true']
      x-client-CPU: [x86]
      x-client-OS: [win32]
      x-client-SKU: [Python]
      x-client-Ver: [1.2.1]
    method: GET
    uri: https://login.windows.net/common/discovery/instance?authorization_endpoint=https%3A%2F%2Flogin.windows-ppe.net%2Ff686d426-8d16-42db-81b7-ab578e110ccd%2Foauth2%2Fauthorize&api-version=1.0
  response:
    body: {string: '{"tenant_discovery_endpoint":"https://login.windows-ppe.net/f686d426-8d16-42db-81b7-ab578e110ccd/.well-known/openid-configuration"}'}
    headers:
      access-control-allow-methods: ['GET, OPTIONS']
      access-control-allow-origin: ['*']
      cache-control: ['private, max-age=86400']
      content-length: ['131']
      content-type: [application/json; charset=utf-8]
      date: ['Sun, 03 Feb 2019 10:23:24 GMT']
      p3p: [CP="DSP CUR OTPi IND OTRi ONL FIN"]
      set-cookie: ['fpc=AZWeCKP-ezVOq4VOr5C4XCM; expires=Tue, 05-Mar-2019 10:23:26
          GMT; path=/; secure; HttpOnly', esctx=AQABAAAAAACEfexXxjamQb3OeGQ4Gugv52loNG96bbmhaAJb52h_h4bDOHmcF3AzZLIdL4zNXjeh2V9IaHlbYJzWhY6bm5HyyExM30tY3zOayn5Gl65M3Ykr0QuywrFnmsngZwtolE3UrpdQZCe1vTHROJjCY6g1oze4Pi9FL4SCcyyJ5T9uNW3J0HZc9qoQ2v94QTOuodIgAA;
          domain=.login.windows.net; path=/; secure; HttpOnly, x-ms-gateway-slice=corp;
          path=/; secure; HttpOnly, stsservicecookie=estscorp; path=/; secure; HttpOnly]
      strict-transport-security: [max-age=31536000; includeSubDomains]
      x-content-type-options: [nosniff]
    status: {code: 200, message: OK}
- request:
    body: null
    headers:
      Accept: [application/json]
      Accept-Encoding: ['gzip, deflate']
      CommandName: [network privatedns zone create]
      Connection: [keep-alive]
      ParameterSetName: [-g -n]
      User-Agent: [python/3.7.2 (Windows-10-10.0.17763-SP0) msrest/0.6.4 msrest_azure/0.6.0
          azure-mgmt-privatedns/1.0.0 Azure-SDK-For-Python AZURECLI/2.0.57]
    method: GET
    uri: https://api-dogfood.resources.windows-int.net/subscriptions/00000000-0000-0000-0000-000000000000/resourceGroups/clitest_privatedns000001/providers/Microsoft.Network/privateDnsZones/clitest.privatedns.com000002?api-version=2018-09-01
  response:
    body: {string: '{"id":"\/subscriptions\/ea6ee6cb-28eb-467a-a366-7262dfe56c37\/resourceGroups\/clitest_privatedns000001\/providers\/Microsoft.Network\/privateDnsZones\/clitest.privatedns.com000002","name":"clitest.privatedns.com000002","type":"Microsoft.Network\/privateDnsZones","etag":"7056c04a-fcec-453c-af5e-7d938e6256e4","location":"global","properties":{"maxNumberOfRecordSets":5000,"maxNumberOfVirtualNetworkLinks":10,"maxNumberOfVirtualNetworkLinksWithRegistration":1,"numberOfRecordSets":1,"numberOfVirtualNetworkLinks":0,"numberOfVirtualNetworkLinksWithRegistration":0,"provisioningState":"Succeeded"}}'}
    headers:
      cache-control: [private]
      content-length: ['660']
      content-type: [application/json; charset=utf-8]
      date: ['Sun, 03 Feb 2019 10:23:26 GMT']
      etag: [7056c04a-fcec-453c-af5e-7d938e6256e4]
      server: [Microsoft-IIS/10.0]
      strict-transport-security: [max-age=31536000; includeSubDomains]
      transfer-encoding: [chunked]
      vary: [Accept-Encoding]
      x-aspnet-version: [4.0.30319]
      x-content-type-options: [nosniff]
      x-ms-ratelimit-remaining-subscription-resource-requests: ['11982']
      x-powered-by: [ASP.NET]
    status: {code: 200, message: OK}
- request:
    body: null
    headers:
      Accept: ['*/*']
      Accept-Charset: [utf-8]
      Accept-Encoding: ['gzip, deflate']
      Connection: [keep-alive]
      User-Agent: [python-requests/2.21.0]
      return-client-request-id: ['true']
      x-client-CPU: [x86]
      x-client-OS: [win32]
      x-client-SKU: [Python]
      x-client-Ver: [1.2.1]
    method: GET
    uri: https://login.windows.net/common/discovery/instance?authorization_endpoint=https%3A%2F%2Flogin.windows-ppe.net%2Ff686d426-8d16-42db-81b7-ab578e110ccd%2Foauth2%2Fauthorize&api-version=1.0
  response:
    body: {string: '{"tenant_discovery_endpoint":"https://login.windows-ppe.net/f686d426-8d16-42db-81b7-ab578e110ccd/.well-known/openid-configuration"}'}
    headers:
      access-control-allow-methods: ['GET, OPTIONS']
      access-control-allow-origin: ['*']
      cache-control: ['private, max-age=86400']
      content-length: ['131']
      content-type: [application/json; charset=utf-8]
      date: ['Sun, 03 Feb 2019 10:23:29 GMT']
      p3p: [CP="DSP CUR OTPi IND OTRi ONL FIN"]
      set-cookie: ['fpc=AW_fY33dDSVHkJr1uenSaaw; expires=Tue, 05-Mar-2019 10:23:30
          GMT; path=/; secure; HttpOnly', esctx=AQABAAAAAACEfexXxjamQb3OeGQ4GugvKzpnYQXth1JuLdW3GAv76q3aqSdzmwvhnWzPi2Nl5KjQZaW3QPgbXiO81hNkGLHOWZql0-NlbxOL6IEpTxZZ6JYQgO25ek4hkUsERdOSwm_l9VktazDRXykfzHJ_2w-z0rtV4fJs3g4Wu1h8CVyiW042sJYeR5MpA3Er6ElXFlMgAA;
          domain=.login.windows.net; path=/; secure; HttpOnly, x-ms-gateway-slice=corp;
          path=/; secure; HttpOnly, stsservicecookie=estscorp; path=/; secure; HttpOnly]
      strict-transport-security: [max-age=31536000; includeSubDomains]
      x-content-type-options: [nosniff]
    status: {code: 200, message: OK}
- request:
    body: '{"location": "global"}'
    headers:
      Accept: [application/json]
      Accept-Encoding: ['gzip, deflate']
      CommandName: [network privatedns zone create]
      Connection: [keep-alive]
      Content-Length: ['22']
      Content-Type: [application/json; charset=utf-8]
      If-None-Match: ['*']
      ParameterSetName: [-g -n]
      User-Agent: [python/3.7.2 (Windows-10-10.0.17763-SP0) msrest/0.6.4 msrest_azure/0.6.0
          azure-mgmt-privatedns/1.0.0 Azure-SDK-For-Python AZURECLI/2.0.57]
      accept-language: [en-US]
    method: PUT
    uri: https://api-dogfood.resources.windows-int.net/subscriptions/00000000-0000-0000-0000-000000000000/resourceGroups/clitest_privatedns000001/providers/Microsoft.Network/privateDnsZones/clitest.privatedns.com000002?api-version=2018-09-01
  response:
    body: {string: ''}
    headers:
      azure-asyncoperation: ['https://api-dogfood.resources.windows-int.net:443/subscriptions/00000000-0000-0000-0000-000000000000/resourceGroups/clitest_privatedns000001/providers/Microsoft.Network/privateDnsOperationStatuses/RnJvbnRFbmRBc3luY09wZXJhdGlvbjtVcHNlcnRQcml2YXRlRG5zWm9uZTtiYTM1NDI2Yy1mYmNiLTRhMWUtOGUzYi1hY2E3ZjcyYzQ3ZmQ=?api-version=2018-09-01']
      cache-control: [private]
      content-length: ['0']
      date: ['Sun, 03 Feb 2019 10:23:29 GMT']
      location: ['https://api-dogfood.resources.windows-int.net/subscriptions/00000000-0000-0000-0000-000000000000/resourceGroups/clitest_privatedns000001/providers/Microsoft.Network/privateDnsOperationResults/RnJvbnRFbmRBc3luY09wZXJhdGlvbjtVcHNlcnRQcml2YXRlRG5zWm9uZTtiYTM1NDI2Yy1mYmNiLTRhMWUtOGUzYi1hY2E3ZjcyYzQ3ZmQ=?api-version=2018-09-01']
      server: [Microsoft-IIS/10.0]
      strict-transport-security: [max-age=31536000; includeSubDomains]
      x-aspnet-version: [4.0.30319]
      x-content-type-options: [nosniff]
      x-ms-ratelimit-remaining-subscription-resource-requests: ['11992']
      x-powered-by: [ASP.NET]
    status: {code: 202, message: Accepted}
- request:
    body: null
    headers:
      Accept: ['*/*']
      Accept-Charset: [utf-8]
      Accept-Encoding: ['gzip, deflate']
      Connection: [keep-alive]
      User-Agent: [python-requests/2.21.0]
      return-client-request-id: ['true']
      x-client-CPU: [x86]
      x-client-OS: [win32]
      x-client-SKU: [Python]
      x-client-Ver: [1.2.1]
    method: GET
    uri: https://login.windows.net/common/discovery/instance?authorization_endpoint=https%3A%2F%2Flogin.windows-ppe.net%2Ff686d426-8d16-42db-81b7-ab578e110ccd%2Foauth2%2Fauthorize&api-version=1.0
  response:
    body: {string: '{"tenant_discovery_endpoint":"https://login.windows-ppe.net/f686d426-8d16-42db-81b7-ab578e110ccd/.well-known/openid-configuration"}'}
    headers:
      access-control-allow-methods: ['GET, OPTIONS']
      access-control-allow-origin: ['*']
      cache-control: ['private, max-age=86400']
      content-length: ['131']
      content-type: [application/json; charset=utf-8]
      date: ['Sun, 03 Feb 2019 10:23:33 GMT']
      p3p: [CP="DSP CUR OTPi IND OTRi ONL FIN"]
      set-cookie: ['fpc=AbV4QzdrBjBCl6u_aslcmA8; expires=Tue, 05-Mar-2019 10:23:34
          GMT; path=/; secure; HttpOnly', esctx=AQABAAAAAACEfexXxjamQb3OeGQ4GugvZIcKQZhNC8J0M9GcLuhDqickhrpr9VT2IxAhJJwDXeaYrKpe_t7obbSwUHHUD63_ECXyFqEsH2RCgmJTClbPePySNnOANBETp4cMIFkEM5wY2flrI2IbuS8E47VNjstFq_S06Bn2qbT97hwrVEofq2Lkpf6Z4DdcWrCTZMzKh4MgAA;
          domain=.login.windows.net; path=/; secure; HttpOnly, x-ms-gateway-slice=corp;
          path=/; secure; HttpOnly, stsservicecookie=estscorp; path=/; secure; HttpOnly]
      strict-transport-security: [max-age=31536000; includeSubDomains]
      x-content-type-options: [nosniff]
    status: {code: 200, message: OK}
- request:
    body: null
    headers:
      Accept: [application/json]
      Accept-Encoding: ['gzip, deflate']
      CommandName: [network privatedns zone create]
      Connection: [keep-alive]
      ParameterSetName: [-g -n]
      User-Agent: [python/3.7.2 (Windows-10-10.0.17763-SP0) msrest/0.6.4 msrest_azure/0.6.0
          azure-mgmt-privatedns/1.0.0 Azure-SDK-For-Python AZURECLI/2.0.57]
    method: GET
    uri: https://api-dogfood.resources.windows-int.net/subscriptions/00000000-0000-0000-0000-000000000000/resourceGroups/clitest_privatedns000001/providers/Microsoft.Network/privateDnsOperationStatuses/RnJvbnRFbmRBc3luY09wZXJhdGlvbjtVcHNlcnRQcml2YXRlRG5zWm9uZTtiYTM1NDI2Yy1mYmNiLTRhMWUtOGUzYi1hY2E3ZjcyYzQ3ZmQ=?api-version=2018-09-01
  response:
    body: {string: '{"status":"InProgress"}'}
    headers:
      azure-asyncoperation: ['https://api-dogfood.resources.windows-int.net:443/subscriptions/00000000-0000-0000-0000-000000000000/resourceGroups/clitest_privatedns000001/providers/Microsoft.Network/privateDnsOperationStatuses/RnJvbnRFbmRBc3luY09wZXJhdGlvbjtVcHNlcnRQcml2YXRlRG5zWm9uZTtiYTM1NDI2Yy1mYmNiLTRhMWUtOGUzYi1hY2E3ZjcyYzQ3ZmQ=?api-version=2018-09-01']
      cache-control: [private]
      content-length: ['23']
      content-type: [application/json; charset=utf-8]
      date: ['Sun, 03 Feb 2019 10:23:34 GMT']
      location: ['https://api-dogfood.resources.windows-int.net/subscriptions/00000000-0000-0000-0000-000000000000/resourceGroups/clitest_privatedns000001/providers/Microsoft.Network/privateDnsOperationResults/RnJvbnRFbmRBc3luY09wZXJhdGlvbjtVcHNlcnRQcml2YXRlRG5zWm9uZTtiYTM1NDI2Yy1mYmNiLTRhMWUtOGUzYi1hY2E3ZjcyYzQ3ZmQ=?api-version=2018-09-01']
      server: [Microsoft-IIS/10.0]
      strict-transport-security: [max-age=31536000; includeSubDomains]
      x-aspnet-version: [4.0.30319]
      x-content-type-options: [nosniff]
      x-ms-ratelimit-remaining-subscription-resource-requests: ['11980']
      x-powered-by: [ASP.NET]
    status: {code: 202, message: Accepted}
- request:
    body: null
    headers:
      Accept: ['*/*']
      Accept-Charset: [utf-8]
      Accept-Encoding: ['gzip, deflate']
      Connection: [keep-alive]
      User-Agent: [python-requests/2.21.0]
      return-client-request-id: ['true']
      x-client-CPU: [x86]
      x-client-OS: [win32]
      x-client-SKU: [Python]
      x-client-Ver: [1.2.1]
    method: GET
    uri: https://login.windows.net/common/discovery/instance?authorization_endpoint=https%3A%2F%2Flogin.windows-ppe.net%2Ff686d426-8d16-42db-81b7-ab578e110ccd%2Foauth2%2Fauthorize&api-version=1.0
  response:
    body: {string: '{"tenant_discovery_endpoint":"https://login.windows-ppe.net/f686d426-8d16-42db-81b7-ab578e110ccd/.well-known/openid-configuration"}'}
    headers:
      access-control-allow-methods: ['GET, OPTIONS']
      access-control-allow-origin: ['*']
      cache-control: ['private, max-age=86400']
      content-length: ['131']
      content-type: [application/json; charset=utf-8]
      date: ['Sun, 03 Feb 2019 10:23:37 GMT']
      p3p: [CP="DSP CUR OTPi IND OTRi ONL FIN"]
      set-cookie: ['fpc=AbQmsauSdXFKgIczc8GITHw; expires=Tue, 05-Mar-2019 10:23:38
          GMT; path=/; secure; HttpOnly', esctx=AQABAAAAAACEfexXxjamQb3OeGQ4GugveHQySP0SzjzGveO8B_KYY7gqlMGi4yCJYO4KCW3XsB-wI1c1nMFIf05nGnWRfXnNtPMkLStvbBbQpSKyZECu6N3jODCLyXo2XKplgXP1KvkOZMBW49_msgMymHEpfdo1pRPgbMHRW4xlgono6cMLcvB5K7DGGRqXVGGLaB1OHiEgAA;
          domain=.login.windows.net; path=/; secure; HttpOnly, x-ms-gateway-slice=corp;
          path=/; secure; HttpOnly, stsservicecookie=estscorp; path=/; secure; HttpOnly]
      strict-transport-security: [max-age=31536000; includeSubDomains]
      x-content-type-options: [nosniff]
    status: {code: 200, message: OK}
- request:
    body: null
    headers:
      Accept: [application/json]
      Accept-Encoding: ['gzip, deflate']
      CommandName: [network privatedns zone create]
      Connection: [keep-alive]
      ParameterSetName: [-g -n]
      User-Agent: [python/3.7.2 (Windows-10-10.0.17763-SP0) msrest/0.6.4 msrest_azure/0.6.0
          azure-mgmt-privatedns/1.0.0 Azure-SDK-For-Python AZURECLI/2.0.57]
    method: GET
    uri: https://api-dogfood.resources.windows-int.net/subscriptions/00000000-0000-0000-0000-000000000000/resourceGroups/clitest_privatedns000001/providers/Microsoft.Network/privateDnsOperationStatuses/RnJvbnRFbmRBc3luY09wZXJhdGlvbjtVcHNlcnRQcml2YXRlRG5zWm9uZTtiYTM1NDI2Yy1mYmNiLTRhMWUtOGUzYi1hY2E3ZjcyYzQ3ZmQ=?api-version=2018-09-01
  response:
    body: {string: '{"error":{"code":"PreconditionFailed","message":"The Zone clitest.privatedns.com000002
        exists already and hence cannot be created again."},"status":"Failed"}'}
    headers:
      cache-control: [private]
      content-length: ['164']
      content-type: [application/json; charset=utf-8]
      date: ['Sun, 03 Feb 2019 10:23:38 GMT']
      server: [Microsoft-IIS/10.0]
      strict-transport-security: [max-age=31536000; includeSubDomains]
      transfer-encoding: [chunked]
      vary: [Accept-Encoding]
      x-aspnet-version: [4.0.30319]
      x-content-type-options: [nosniff]
      x-ms-ratelimit-remaining-subscription-resource-requests: ['11983']
      x-powered-by: [ASP.NET]
    status: {code: 200, message: OK}
- request:
    body: null
    headers:
      Accept: ['*/*']
      Accept-Charset: [utf-8]
      Accept-Encoding: ['gzip, deflate']
      Connection: [keep-alive]
      User-Agent: [python-requests/2.21.0]
      return-client-request-id: ['true']
      x-client-CPU: [x86]
      x-client-OS: [win32]
      x-client-SKU: [Python]
      x-client-Ver: [1.2.1]
    method: GET
    uri: https://login.windows.net/common/discovery/instance?authorization_endpoint=https%3A%2F%2Flogin.windows-ppe.net%2Ff686d426-8d16-42db-81b7-ab578e110ccd%2Foauth2%2Fauthorize&api-version=1.0
  response:
    body: {string: '{"tenant_discovery_endpoint":"https://login.windows-ppe.net/f686d426-8d16-42db-81b7-ab578e110ccd/.well-known/openid-configuration"}'}
    headers:
      access-control-allow-methods: ['GET, OPTIONS']
      access-control-allow-origin: ['*']
      cache-control: ['private, max-age=86400']
      content-length: ['131']
      content-type: [application/json; charset=utf-8]
      date: ['Sun, 03 Feb 2019 10:23:40 GMT']
      p3p: [CP="DSP CUR OTPi IND OTRi ONL FIN"]
      set-cookie: ['fpc=AVqIOHq1bJpKigRrp-HeoTU; expires=Tue, 05-Mar-2019 10:23:41
          GMT; path=/; secure; HttpOnly', esctx=AQABAAAAAACEfexXxjamQb3OeGQ4GugvDuscZy8ts2Wy5dEM3Jscu9wOxSuG3pWccAoGCGUbcBSFBsOyscVflosfn8TNVyb1_emnhFE4I01ZITUKZ-RTWXhcw8vjvB7_1jyQVG8Ryrwy8RiZBmbLdtM_cicwmchHYnB2JK-AKKDZObnGMUbXaLZduCNFipd86BLAUMghmJIgAA;
          domain=.login.windows.net; path=/; secure; HttpOnly, x-ms-gateway-slice=corp;
          path=/; secure; HttpOnly, stsservicecookie=estscorp; path=/; secure; HttpOnly]
      strict-transport-security: [max-age=31536000; includeSubDomains]
      x-content-type-options: [nosniff]
    status: {code: 200, message: OK}
- request:
    body: null
    headers:
      Accept: [application/json]
      Accept-Encoding: ['gzip, deflate']
      CommandName: [group delete]
      Connection: [keep-alive]
      Content-Length: ['0']
      ParameterSetName: [--name --yes --no-wait]
      User-Agent: [python/3.7.2 (Windows-10-10.0.17763-SP0) msrest/0.6.4 msrest_azure/0.6.0
          resourcemanagementclient/2.1.0 Azure-SDK-For-Python AZURECLI/2.0.57]
      accept-language: [en-US]
    method: DELETE
    uri: https://api-dogfood.resources.windows-int.net/subscriptions/00000000-0000-0000-0000-000000000000/resourcegroups/clitest_privatedns000001?api-version=2018-05-01
  response:
    body: {string: ''}
    headers:
      cache-control: [no-cache]
      content-length: ['0']
      date: ['Sun, 03 Feb 2019 10:23:42 GMT']
      expires: ['-1']
      location: ['https://api-dogfood.resources.windows-int.net/subscriptions/00000000-0000-0000-0000-000000000000/operationresults/eyJqb2JJZCI6IlJFU09VUkNFR1JPVVBERUxFVElPTkpPQi1DTElURVNUOjVGUFJJVkFURUROU0ZFUEhKTkZQSFpPUjdURlBPU1JSRUZCWDJHU3xEOENBOTk3NjkzQzVBRjE1LVdFU1RVUyIsImpvYkxvY2F0aW9uIjoid2VzdHVzIn0?api-version=2018-05-01']
      pragma: [no-cache]
      strict-transport-security: [max-age=31536000; includeSubDomains]
      x-content-type-options: [nosniff]
      x-ms-ratelimit-remaining-subscription-deletes: ['14993']
    status: {code: 202, message: Accepted}
version: 1
