interactions:
- request:
    body: '{"location": "global"}'
    headers:
      Accept:
      - application/json
      Accept-Encoding:
      - gzip, deflate
      CommandName:
      - network private-dns zone create
      Connection:
      - keep-alive
      Content-Length:
      - '22'
      Content-Type:
      - application/json; charset=utf-8
      If-None-Match:
      - '*'
      ParameterSetName:
      - -g -n
      User-Agent:
      - python/3.7.4 (Windows-10-10.0.18362-SP0) msrest/0.6.10 msrest_azure/0.6.1
        azure-mgmt-privatedns/1.0.0 Azure-SDK-For-Python AZURECLI/2.0.72
      accept-language:
      - en-US
    method: PUT
    uri: https://management.azure.com/subscriptions/00000000-0000-0000-0000-000000000000/resourceGroups/clitest_privatedns000001/providers/Microsoft.Network/privateDnsZones/clitest.privatedns.com000002?api-version=2018-09-01
  response:
    body:
      string: '{}'
    headers:
      azure-asyncoperation:
      - https://management.azure.com:443/subscriptions/00000000-0000-0000-0000-000000000000/resourceGroups/clitest_privatedns000001/providers/Microsoft.Network/privateDnsOperationStatuses/RnJvbnRFbmRBc3luY09wZXJhdGlvbjtVcHNlcnRQcml2YXRlRG5zWm9uZTthMzY4Y2NjMC1jNzhlLTRlZGEtOTk0OS1lNTc3MmFjZmU5M2Q=?api-version=2018-09-01
      cache-control:
      - private
      content-length:
      - '2'
      content-type:
      - application/json; charset=utf-8
      date:
      - Wed, 11 Sep 2019 01:15:42 GMT
      location:
      - https://management.azure.com/subscriptions/00000000-0000-0000-0000-000000000000/resourceGroups/clitest_privatedns000001/providers/Microsoft.Network/privateDnsOperationResults/RnJvbnRFbmRBc3luY09wZXJhdGlvbjtVcHNlcnRQcml2YXRlRG5zWm9uZTthMzY4Y2NjMC1jNzhlLTRlZGEtOTk0OS1lNTc3MmFjZmU5M2Q=?api-version=2018-09-01
      server:
      - Microsoft-IIS/10.0
      strict-transport-security:
      - max-age=31536000; includeSubDomains
      x-aspnet-version:
      - 4.0.30319
      x-content-type-options:
      - nosniff
      x-ms-ratelimit-remaining-subscription-resource-requests:
      - '11998'
      x-powered-by:
      - ASP.NET
    status:
      code: 202
      message: Accepted
- request:
    body: null
    headers:
      Accept:
      - application/json
      Accept-Encoding:
      - gzip, deflate
      CommandName:
      - network private-dns zone create
      Connection:
      - keep-alive
      ParameterSetName:
      - -g -n
      User-Agent:
      - python/3.7.4 (Windows-10-10.0.18362-SP0) msrest/0.6.10 msrest_azure/0.6.1
        azure-mgmt-privatedns/1.0.0 Azure-SDK-For-Python AZURECLI/2.0.72
    method: GET
    uri: https://management.azure.com/subscriptions/00000000-0000-0000-0000-000000000000/resourceGroups/clitest_privatedns000001/providers/Microsoft.Network/privateDnsOperationStatuses/RnJvbnRFbmRBc3luY09wZXJhdGlvbjtVcHNlcnRQcml2YXRlRG5zWm9uZTthMzY4Y2NjMC1jNzhlLTRlZGEtOTk0OS1lNTc3MmFjZmU5M2Q=?api-version=2018-09-01
  response:
    body:
      string: '{"status":"InProgress"}'
    headers:
      azure-asyncoperation:
      - https://management.azure.com:443/subscriptions/00000000-0000-0000-0000-000000000000/resourceGroups/clitest_privatedns000001/providers/Microsoft.Network/privateDnsOperationStatuses/RnJvbnRFbmRBc3luY09wZXJhdGlvbjtVcHNlcnRQcml2YXRlRG5zWm9uZTthMzY4Y2NjMC1jNzhlLTRlZGEtOTk0OS1lNTc3MmFjZmU5M2Q=?api-version=2018-09-01
      cache-control:
      - private
      content-length:
      - '23'
      content-type:
      - application/json; charset=utf-8
      date:
      - Wed, 11 Sep 2019 01:15:53 GMT
      location:
      - https://management.azure.com/subscriptions/00000000-0000-0000-0000-000000000000/resourceGroups/clitest_privatedns000001/providers/Microsoft.Network/privateDnsOperationResults/RnJvbnRFbmRBc3luY09wZXJhdGlvbjtVcHNlcnRQcml2YXRlRG5zWm9uZTthMzY4Y2NjMC1jNzhlLTRlZGEtOTk0OS1lNTc3MmFjZmU5M2Q=?api-version=2018-09-01
      server:
      - Microsoft-IIS/10.0
      strict-transport-security:
      - max-age=31536000; includeSubDomains
      x-aspnet-version:
      - 4.0.30319
      x-content-type-options:
      - nosniff
      x-ms-ratelimit-remaining-subscription-resource-requests:
      - '11997'
      x-powered-by:
      - ASP.NET
    status:
      code: 202
      message: Accepted
- request:
    body: null
    headers:
      Accept:
      - application/json
      Accept-Encoding:
      - gzip, deflate
      CommandName:
      - network private-dns zone create
      Connection:
      - keep-alive
      ParameterSetName:
      - -g -n
      User-Agent:
      - python/3.7.4 (Windows-10-10.0.18362-SP0) msrest/0.6.10 msrest_azure/0.6.1
        azure-mgmt-privatedns/1.0.0 Azure-SDK-For-Python AZURECLI/2.0.72
    method: GET
    uri: https://management.azure.com/subscriptions/00000000-0000-0000-0000-000000000000/resourceGroups/clitest_privatedns000001/providers/Microsoft.Network/privateDnsOperationStatuses/RnJvbnRFbmRBc3luY09wZXJhdGlvbjtVcHNlcnRQcml2YXRlRG5zWm9uZTthMzY4Y2NjMC1jNzhlLTRlZGEtOTk0OS1lNTc3MmFjZmU5M2Q=?api-version=2018-09-01
  response:
    body:
      string: '{"status":"Succeeded"}'
    headers:
      cache-control:
      - private
      content-length:
      - '22'
      content-type:
      - application/json; charset=utf-8
      date:
      - Wed, 11 Sep 2019 01:16:04 GMT
      server:
      - Microsoft-IIS/10.0
      strict-transport-security:
      - max-age=31536000; includeSubDomains
      transfer-encoding:
      - chunked
      vary:
      - Accept-Encoding
      x-aspnet-version:
      - 4.0.30319
      x-content-type-options:
      - nosniff
      x-ms-ratelimit-remaining-subscription-resource-requests:
      - '11998'
      x-powered-by:
      - ASP.NET
    status:
      code: 200
      message: OK
- request:
    body: null
    headers:
      Accept:
      - application/json
      Accept-Encoding:
      - gzip, deflate
      CommandName:
      - network private-dns zone create
      Connection:
      - keep-alive
      ParameterSetName:
      - -g -n
      User-Agent:
      - python/3.7.4 (Windows-10-10.0.18362-SP0) msrest/0.6.10 msrest_azure/0.6.1
        azure-mgmt-privatedns/1.0.0 Azure-SDK-For-Python AZURECLI/2.0.72
    method: GET
    uri: https://management.azure.com/subscriptions/00000000-0000-0000-0000-000000000000/resourceGroups/clitest_privatedns000001/providers/Microsoft.Network/privateDnsZones/clitest.privatedns.com000002?api-version=2018-09-01
  response:
    body:
      string: '{"id":"\/subscriptions\/69025406-6e93-4e67-8c42-da236d205106\/resourceGroups\/clitest_privatedns000001\/providers\/Microsoft.Network\/privateDnsZones\/clitest.privatedns.com000002","name":"clitest.privatedns.com000002","type":"Microsoft.Network\/privateDnsZones","etag":"6617b0ec-a849-486f-8c4a-3bf1bf49fa5d","location":"global","properties":{"maxNumberOfRecordSets":25000,"maxNumberOfVirtualNetworkLinks":1000,"maxNumberOfVirtualNetworkLinksWithRegistration":100,"numberOfRecordSets":1,"numberOfVirtualNetworkLinks":0,"numberOfVirtualNetworkLinksWithRegistration":0,"provisioningState":"Succeeded"}}'
    headers:
      cache-control:
      - private
      content-length:
      - '665'
      content-type:
      - application/json; charset=utf-8
      date:
      - Wed, 11 Sep 2019 01:16:03 GMT
      etag:
      - 6617b0ec-a849-486f-8c4a-3bf1bf49fa5d
      server:
      - Microsoft-IIS/10.0
      strict-transport-security:
      - max-age=31536000; includeSubDomains
      transfer-encoding:
      - chunked
      vary:
      - Accept-Encoding
      x-aspnet-version:
      - 4.0.30319
      x-content-type-options:
      - nosniff
      x-ms-ratelimit-remaining-subscription-resource-requests:
      - '11999'
      x-powered-by:
      - ASP.NET
    status:
      code: 200
      message: OK
- request:
    body: null
    headers:
      Accept:
      - application/json
      Accept-Encoding:
      - gzip, deflate
      CommandName:
      - network vnet create
      Connection:
      - keep-alive
      ParameterSetName:
      - -g -n
      User-Agent:
      - python/3.7.4 (Windows-10-10.0.18362-SP0) msrest/0.6.10 msrest_azure/0.6.1
        resourcemanagementclient/2.2.0 Azure-SDK-For-Python AZURECLI/2.0.72
      accept-language:
      - en-US
    method: GET
    uri: https://management.azure.com/subscriptions/00000000-0000-0000-0000-000000000000/resourcegroups/clitest_privatedns000001?api-version=2018-05-01
  response:
    body:
      string: '{"id":"/subscriptions/00000000-0000-0000-0000-000000000000/resourceGroups/clitest_privatedns000001","name":"clitest_privatedns000001","location":"westus","tags":{"product":"azurecli","cause":"automation","date":"2019-09-11T01:15:40Z"},"properties":{"provisioningState":"Succeeded"}}'
    headers:
      cache-control:
      - no-cache
      content-length:
      - '384'
      content-type:
      - application/json; charset=utf-8
      date:
      - Wed, 11 Sep 2019 01:16:04 GMT
      expires:
      - '-1'
      pragma:
      - no-cache
      strict-transport-security:
      - max-age=31536000; includeSubDomains
      vary:
      - Accept-Encoding
      x-content-type-options:
      - nosniff
    status:
      code: 200
      message: OK
- request:
    body: '{"location": "westus", "tags": {}, "properties": {"addressSpace": {"addressPrefixes":
      ["10.0.0.0/16"]}, "dhcpOptions": {}}}'
    headers:
      Accept:
      - application/json
      Accept-Encoding:
      - gzip, deflate
      CommandName:
      - network vnet create
      Connection:
      - keep-alive
      Content-Length:
      - '123'
      Content-Type:
      - application/json; charset=utf-8
      ParameterSetName:
      - -g -n
      User-Agent:
      - python/3.7.4 (Windows-10-10.0.18362-SP0) msrest/0.6.10 msrest_azure/0.6.1
        azure-mgmt-network/4.0.0 Azure-SDK-For-Python AZURECLI/2.0.72
      accept-language:
      - en-US
    method: PUT
    uri: https://management.azure.com/subscriptions/00000000-0000-0000-0000-000000000000/resourceGroups/clitest_privatedns000001/providers/Microsoft.Network/virtualNetworks/clitestprivatednsvnet000003?api-version=2019-04-01
  response:
    body:
      string: "{\r\n  \"name\": \"clitestprivatednsvnet000003\",\r\n  \"id\": \"/subscriptions/00000000-0000-0000-0000-000000000000/resourceGroups/clitest_privatedns000001/providers/Microsoft.Network/virtualNetworks/clitestprivatednsvnet000003\",\r\n
        \ \"etag\": \"W/\\\"b2dc73e6-125e-4147-a74d-39fcae0fa3e6\\\"\",\r\n  \"type\":
        \"Microsoft.Network/virtualNetworks\",\r\n  \"location\": \"westus\",\r\n
        \ \"tags\": {},\r\n  \"properties\": {\r\n    \"provisioningState\": \"Updating\",\r\n
        \   \"resourceGuid\": \"800c2850-fbc0-48f2-b16e-9025f0b1fe31\",\r\n    \"addressSpace\":
        {\r\n      \"addressPrefixes\": [\r\n        \"10.0.0.0/16\"\r\n      ]\r\n
        \   },\r\n    \"dhcpOptions\": {\r\n      \"dnsServers\": []\r\n    },\r\n
        \   \"subnets\": [],\r\n    \"virtualNetworkPeerings\": [],\r\n    \"enableDdosProtection\":
        false,\r\n    \"enableVmProtection\": false\r\n  }\r\n}"
    headers:
      azure-asyncoperation:
      - https://management.azure.com/subscriptions/00000000-0000-0000-0000-000000000000/providers/Microsoft.Network/locations/westus/operations/058fa450-b035-4edf-9cda-d2cd61576465?api-version=2019-04-01
      cache-control:
      - no-cache
      content-length:
      - '826'
      content-type:
      - application/json; charset=utf-8
      date:
      - Wed, 11 Sep 2019 01:16:05 GMT
      expires:
      - '-1'
      pragma:
      - no-cache
      server:
      - Microsoft-HTTPAPI/2.0
      - Microsoft-HTTPAPI/2.0
      strict-transport-security:
      - max-age=31536000; includeSubDomains
      x-content-type-options:
      - nosniff
      x-ms-arm-service-request-id:
      - 716b004b-dea8-458a-a4e9-43e154ae9396
      x-ms-ratelimit-remaining-subscription-writes:
      - '1197'
    status:
      code: 201
      message: Created
- request:
    body: null
    headers:
      Accept:
      - application/json
      Accept-Encoding:
      - gzip, deflate
      CommandName:
      - network vnet create
      Connection:
      - keep-alive
      ParameterSetName:
      - -g -n
      User-Agent:
      - python/3.7.4 (Windows-10-10.0.18362-SP0) msrest/0.6.10 msrest_azure/0.6.1
        azure-mgmt-network/4.0.0 Azure-SDK-For-Python AZURECLI/2.0.72
    method: GET
    uri: https://management.azure.com/subscriptions/00000000-0000-0000-0000-000000000000/providers/Microsoft.Network/locations/westus/operations/058fa450-b035-4edf-9cda-d2cd61576465?api-version=2019-04-01
  response:
    body:
      string: "{\r\n  \"status\": \"Succeeded\"\r\n}"
    headers:
      cache-control:
      - no-cache
      content-length:
      - '29'
      content-type:
      - application/json; charset=utf-8
      date:
      - Wed, 11 Sep 2019 01:16:08 GMT
      expires:
      - '-1'
      pragma:
      - no-cache
      server:
      - Microsoft-HTTPAPI/2.0
      - Microsoft-HTTPAPI/2.0
      strict-transport-security:
      - max-age=31536000; includeSubDomains
      transfer-encoding:
      - chunked
      vary:
      - Accept-Encoding
      x-content-type-options:
      - nosniff
      x-ms-arm-service-request-id:
      - bab56a6d-a973-4607-8ce0-e926316f9eb7
    status:
      code: 200
      message: OK
- request:
    body: null
    headers:
      Accept:
      - application/json
      Accept-Encoding:
      - gzip, deflate
      CommandName:
      - network vnet create
      Connection:
      - keep-alive
      ParameterSetName:
      - -g -n
      User-Agent:
      - python/3.7.4 (Windows-10-10.0.18362-SP0) msrest/0.6.10 msrest_azure/0.6.1
        azure-mgmt-network/4.0.0 Azure-SDK-For-Python AZURECLI/2.0.72
    method: GET
    uri: https://management.azure.com/subscriptions/00000000-0000-0000-0000-000000000000/resourceGroups/clitest_privatedns000001/providers/Microsoft.Network/virtualNetworks/clitestprivatednsvnet000003?api-version=2019-04-01
  response:
    body:
      string: "{\r\n  \"name\": \"clitestprivatednsvnet000003\",\r\n  \"id\": \"/subscriptions/00000000-0000-0000-0000-000000000000/resourceGroups/clitest_privatedns000001/providers/Microsoft.Network/virtualNetworks/clitestprivatednsvnet000003\",\r\n
        \ \"etag\": \"W/\\\"b3785f71-1582-4514-a8ed-27183db4fb51\\\"\",\r\n  \"type\":
        \"Microsoft.Network/virtualNetworks\",\r\n  \"location\": \"westus\",\r\n
        \ \"tags\": {},\r\n  \"properties\": {\r\n    \"provisioningState\": \"Succeeded\",\r\n
        \   \"resourceGuid\": \"800c2850-fbc0-48f2-b16e-9025f0b1fe31\",\r\n    \"addressSpace\":
        {\r\n      \"addressPrefixes\": [\r\n        \"10.0.0.0/16\"\r\n      ]\r\n
        \   },\r\n    \"dhcpOptions\": {\r\n      \"dnsServers\": []\r\n    },\r\n
        \   \"subnets\": [],\r\n    \"virtualNetworkPeerings\": [],\r\n    \"enableDdosProtection\":
        false,\r\n    \"enableVmProtection\": false\r\n  }\r\n}"
    headers:
      cache-control:
      - no-cache
      content-length:
      - '827'
      content-type:
      - application/json; charset=utf-8
      date:
      - Wed, 11 Sep 2019 01:16:08 GMT
      etag:
      - W/"b3785f71-1582-4514-a8ed-27183db4fb51"
      expires:
      - '-1'
      pragma:
      - no-cache
      server:
      - Microsoft-HTTPAPI/2.0
      - Microsoft-HTTPAPI/2.0
      strict-transport-security:
      - max-age=31536000; includeSubDomains
      transfer-encoding:
      - chunked
      vary:
      - Accept-Encoding
      x-content-type-options:
      - nosniff
      x-ms-arm-service-request-id:
      - ff0b38ad-2b88-4a40-8b23-58a5060f83c7
    status:
      code: 200
      message: OK
- request:
    body: 'b''{"location": "global", "properties": {"virtualNetwork": {"id": "/subscriptions/00000000-0000-0000-0000-000000000000/resourceGroups/clitest_privatedns000001/providers/Microsoft.Network/virtualNetworks/clitestprivatednsvnet000003"},
      "registrationEnabled": true}}'''
    headers:
      Accept:
      - application/json
      Accept-Encoding:
      - gzip, deflate
      CommandName:
      - network private-dns link vnet create
      Connection:
      - keep-alive
      Content-Length:
      - '319'
      Content-Type:
      - application/json; charset=utf-8
      If-None-Match:
      - '*'
      ParameterSetName:
      - -g -n -z -v -e
      User-Agent:
      - python/3.7.4 (Windows-10-10.0.18362-SP0) msrest/0.6.10 msrest_azure/0.6.1
        azure-mgmt-privatedns/1.0.0 Azure-SDK-For-Python AZURECLI/2.0.72
      accept-language:
      - en-US
    method: PUT
    uri: https://management.azure.com/subscriptions/00000000-0000-0000-0000-000000000000/resourceGroups/clitest_privatedns000001/providers/Microsoft.Network/privateDnsZones/clitest.privatedns.com000002/virtualNetworkLinks/clitestprivatednslink000004?api-version=2018-09-01
  response:
    body:
      string: '{}'
    headers:
      azure-asyncoperation:
      - https://management.azure.com:443/subscriptions/00000000-0000-0000-0000-000000000000/resourceGroups/clitest_privatedns000001/providers/Microsoft.Network/privateDnsOperationStatuses/RnJvbnRFbmRBc3luY09wZXJhdGlvbjtVcHNlcnRWaXJ0dWFsTmV0d29ya0xpbms7YzJlYzE1MjEtNjMzNy00ZDAzLTgzMGItMjY5OGI5OWRiMDU0?api-version=2018-09-01
      cache-control:
      - private
      content-length:
      - '2'
      content-type:
      - application/json; charset=utf-8
      date:
      - Wed, 11 Sep 2019 01:16:09 GMT
      location:
      - https://management.azure.com/subscriptions/00000000-0000-0000-0000-000000000000/resourceGroups/clitest_privatedns000001/providers/Microsoft.Network/privateDnsOperationResults/RnJvbnRFbmRBc3luY09wZXJhdGlvbjtVcHNlcnRWaXJ0dWFsTmV0d29ya0xpbms7YzJlYzE1MjEtNjMzNy00ZDAzLTgzMGItMjY5OGI5OWRiMDU0?api-version=2018-09-01
      server:
      - Microsoft-IIS/10.0
      strict-transport-security:
      - max-age=31536000; includeSubDomains
      x-aspnet-version:
      - 4.0.30319
      x-content-type-options:
      - nosniff
      x-ms-ratelimit-remaining-subscription-resource-requests:
      - '11999'
      x-powered-by:
      - ASP.NET
    status:
      code: 202
      message: Accepted
- request:
    body: null
    headers:
      Accept:
      - application/json
      Accept-Encoding:
      - gzip, deflate
      CommandName:
      - network private-dns link vnet create
      Connection:
      - keep-alive
      ParameterSetName:
      - -g -n -z -v -e
      User-Agent:
      - python/3.7.4 (Windows-10-10.0.18362-SP0) msrest/0.6.10 msrest_azure/0.6.1
        azure-mgmt-privatedns/1.0.0 Azure-SDK-For-Python AZURECLI/2.0.72
    method: GET
    uri: https://management.azure.com/subscriptions/00000000-0000-0000-0000-000000000000/resourceGroups/clitest_privatedns000001/providers/Microsoft.Network/privateDnsOperationStatuses/RnJvbnRFbmRBc3luY09wZXJhdGlvbjtVcHNlcnRWaXJ0dWFsTmV0d29ya0xpbms7YzJlYzE1MjEtNjMzNy00ZDAzLTgzMGItMjY5OGI5OWRiMDU0?api-version=2018-09-01
  response:
    body:
      string: '{"status":"InProgress"}'
    headers:
      azure-asyncoperation:
      - https://management.azure.com:443/subscriptions/00000000-0000-0000-0000-000000000000/resourceGroups/clitest_privatedns000001/providers/Microsoft.Network/privateDnsOperationStatuses/RnJvbnRFbmRBc3luY09wZXJhdGlvbjtVcHNlcnRWaXJ0dWFsTmV0d29ya0xpbms7YzJlYzE1MjEtNjMzNy00ZDAzLTgzMGItMjY5OGI5OWRiMDU0?api-version=2018-09-01
      cache-control:
      - private
      content-length:
      - '23'
      content-type:
      - application/json; charset=utf-8
      date:
      - Wed, 11 Sep 2019 01:16:20 GMT
      location:
      - https://management.azure.com/subscriptions/00000000-0000-0000-0000-000000000000/resourceGroups/clitest_privatedns000001/providers/Microsoft.Network/privateDnsOperationResults/RnJvbnRFbmRBc3luY09wZXJhdGlvbjtVcHNlcnRWaXJ0dWFsTmV0d29ya0xpbms7YzJlYzE1MjEtNjMzNy00ZDAzLTgzMGItMjY5OGI5OWRiMDU0?api-version=2018-09-01
      server:
      - Microsoft-IIS/10.0
      strict-transport-security:
      - max-age=31536000; includeSubDomains
      x-aspnet-version:
      - 4.0.30319
      x-content-type-options:
      - nosniff
      x-ms-ratelimit-remaining-subscription-resource-requests:
      - '11997'
      x-powered-by:
      - ASP.NET
    status:
      code: 202
      message: Accepted
- request:
    body: null
    headers:
      Accept:
      - application/json
      Accept-Encoding:
      - gzip, deflate
      CommandName:
      - network private-dns link vnet create
      Connection:
      - keep-alive
      ParameterSetName:
      - -g -n -z -v -e
      User-Agent:
      - python/3.7.4 (Windows-10-10.0.18362-SP0) msrest/0.6.10 msrest_azure/0.6.1
        azure-mgmt-privatedns/1.0.0 Azure-SDK-For-Python AZURECLI/2.0.72
    method: GET
    uri: https://management.azure.com/subscriptions/00000000-0000-0000-0000-000000000000/resourceGroups/clitest_privatedns000001/providers/Microsoft.Network/privateDnsOperationStatuses/RnJvbnRFbmRBc3luY09wZXJhdGlvbjtVcHNlcnRWaXJ0dWFsTmV0d29ya0xpbms7YzJlYzE1MjEtNjMzNy00ZDAzLTgzMGItMjY5OGI5OWRiMDU0?api-version=2018-09-01
  response:
    body:
      string: '{"status":"Succeeded"}'
    headers:
      cache-control:
      - private
      content-length:
      - '22'
      content-type:
      - application/json; charset=utf-8
      date:
      - Wed, 11 Sep 2019 01:16:30 GMT
      server:
      - Microsoft-IIS/10.0
      strict-transport-security:
      - max-age=31536000; includeSubDomains
      transfer-encoding:
      - chunked
      vary:
      - Accept-Encoding
      x-aspnet-version:
      - 4.0.30319
      x-content-type-options:
      - nosniff
      x-ms-ratelimit-remaining-subscription-resource-requests:
      - '11999'
      x-powered-by:
      - ASP.NET
    status:
      code: 200
      message: OK
- request:
    body: null
    headers:
      Accept:
      - application/json
      Accept-Encoding:
      - gzip, deflate
      CommandName:
      - network private-dns link vnet create
      Connection:
      - keep-alive
      ParameterSetName:
      - -g -n -z -v -e
      User-Agent:
      - python/3.7.4 (Windows-10-10.0.18362-SP0) msrest/0.6.10 msrest_azure/0.6.1
        azure-mgmt-privatedns/1.0.0 Azure-SDK-For-Python AZURECLI/2.0.72
    method: GET
    uri: https://management.azure.com/subscriptions/00000000-0000-0000-0000-000000000000/resourceGroups/clitest_privatedns000001/providers/Microsoft.Network/privateDnsZones/clitest.privatedns.com000002/virtualNetworkLinks/clitestprivatednslink000004?api-version=2018-09-01
  response:
    body:
      string: '{"id":"\/subscriptions\/69025406-6e93-4e67-8c42-da236d205106\/resourceGroups\/clitest_privatedns000001\/providers\/Microsoft.Network\/privateDnsZones\/clitest.privatedns.com000002\/virtualNetworkLinks\/clitestprivatednslink000004","name":"clitestprivatednslink000004","type":"Microsoft.Network\/privateDnsZones\/virtualNetworkLinks","etag":"\"11007dcb-0000-0500-0000-5d784ae80000\"","location":"global","properties":{"provisioningState":"Succeeded","registrationEnabled":true,"virtualNetwork":{"id":"\/subscriptions\/69025406-6e93-4e67-8c42-da236d205106\/resourceGroups\/clitest_privatedns000001\/providers\/Microsoft.Network\/virtualNetworks\/clitestprivatednsvnet000003"},"virtualNetworkLinkState":"InProgress"}}'
    headers:
      cache-control:
      - private
      content-length:
      - '847'
      content-type:
      - application/json; charset=utf-8
      date:
      - Wed, 11 Sep 2019 01:16:31 GMT
      etag:
      - '"11007dcb-0000-0500-0000-5d784ae80000"'
      server:
      - Microsoft-IIS/10.0
      strict-transport-security:
      - max-age=31536000; includeSubDomains
      transfer-encoding:
      - chunked
      vary:
      - Accept-Encoding
      x-aspnet-version:
      - 4.0.30319
      x-content-type-options:
      - nosniff
      x-ms-ratelimit-remaining-subscription-resource-requests:
      - '11999'
      x-powered-by:
      - ASP.NET
    status:
      code: 200
      message: OK
- request:
    body: null
    headers:
      Accept:
      - application/json
      Accept-Encoding:
      - gzip, deflate
      CommandName:
      - network private-dns link vnet update
      Connection:
      - keep-alive
      ParameterSetName:
      - -g -n -z -e
      User-Agent:
      - python/3.7.4 (Windows-10-10.0.18362-SP0) msrest/0.6.10 msrest_azure/0.6.1
        azure-mgmt-privatedns/1.0.0 Azure-SDK-For-Python AZURECLI/2.0.72
      accept-language:
      - en-US
    method: GET
    uri: https://management.azure.com/subscriptions/00000000-0000-0000-0000-000000000000/resourceGroups/clitest_privatedns000001/providers/Microsoft.Network/privateDnsZones/clitest.privatedns.com000002/virtualNetworkLinks/clitestprivatednslink000004?api-version=2018-09-01
  response:
    body:
      string: '{"id":"\/subscriptions\/69025406-6e93-4e67-8c42-da236d205106\/resourceGroups\/clitest_privatedns000001\/providers\/Microsoft.Network\/privateDnsZones\/clitest.privatedns.com000002\/virtualNetworkLinks\/clitestprivatednslink000004","name":"clitestprivatednslink000004","type":"Microsoft.Network\/privateDnsZones\/virtualNetworkLinks","etag":"\"11007dcb-0000-0500-0000-5d784ae80000\"","location":"global","properties":{"provisioningState":"Succeeded","registrationEnabled":true,"virtualNetwork":{"id":"\/subscriptions\/69025406-6e93-4e67-8c42-da236d205106\/resourceGroups\/clitest_privatedns000001\/providers\/Microsoft.Network\/virtualNetworks\/clitestprivatednsvnet000003"},"virtualNetworkLinkState":"InProgress"}}'
    headers:
      cache-control:
      - private
      content-length:
      - '847'
      content-type:
      - application/json; charset=utf-8
      date:
      - Wed, 11 Sep 2019 01:16:32 GMT
      etag:
      - '"11007dcb-0000-0500-0000-5d784ae80000"'
      server:
      - Microsoft-IIS/10.0
      strict-transport-security:
      - max-age=31536000; includeSubDomains
      transfer-encoding:
      - chunked
      vary:
      - Accept-Encoding
      x-aspnet-version:
      - 4.0.30319
      x-content-type-options:
      - nosniff
      x-ms-ratelimit-remaining-subscription-resource-requests:
      - '11999'
      x-powered-by:
      - ASP.NET
    status:
      code: 200
      message: OK
- request:
    body: 'b''{"location": "global", "etag": "\\"11007dcb-0000-0500-0000-5d784ae80000\\"",
      "properties": {"virtualNetwork": {"id": "/subscriptions/00000000-0000-0000-0000-000000000000/resourceGroups/clitest_privatedns000001/providers/Microsoft.Network/virtualNetworks/clitestprivatednsvnet000003"},
      "registrationEnabled": false}}'''
    headers:
      Accept:
      - application/json
      Accept-Encoding:
      - gzip, deflate
      CommandName:
      - network private-dns link vnet update
      Connection:
      - keep-alive
      Content-Length:
      - '372'
      Content-Type:
      - application/json; charset=utf-8
      ParameterSetName:
      - -g -n -z -e
      User-Agent:
      - python/3.7.4 (Windows-10-10.0.18362-SP0) msrest/0.6.10 msrest_azure/0.6.1
        azure-mgmt-privatedns/1.0.0 Azure-SDK-For-Python AZURECLI/2.0.72
      accept-language:
      - en-US
    method: PATCH
    uri: https://management.azure.com/subscriptions/00000000-0000-0000-0000-000000000000/resourceGroups/clitest_privatedns000001/providers/Microsoft.Network/privateDnsZones/clitest.privatedns.com000002/virtualNetworkLinks/clitestprivatednslink000004?api-version=2018-09-01
  response:
    body:
      string: '{}'
    headers:
      azure-asyncoperation:
      - https://management.azure.com:443/subscriptions/00000000-0000-0000-0000-000000000000/resourceGroups/clitest_privatedns000001/providers/Microsoft.Network/privateDnsOperationStatuses/RnJvbnRFbmRBc3luY09wZXJhdGlvbjtVcHNlcnRWaXJ0dWFsTmV0d29ya0xpbms7ZDQ1NzNmMDUtYjIyYS00OTg1LWI3NzctN2JhN2JlZmUzYmJi?api-version=2018-09-01
      cache-control:
      - private
      content-length:
      - '2'
      content-type:
      - application/json; charset=utf-8
      date:
      - Wed, 11 Sep 2019 01:16:33 GMT
      location:
      - https://management.azure.com/subscriptions/00000000-0000-0000-0000-000000000000/resourceGroups/clitest_privatedns000001/providers/Microsoft.Network/privateDnsOperationResults/RnJvbnRFbmRBc3luY09wZXJhdGlvbjtVcHNlcnRWaXJ0dWFsTmV0d29ya0xpbms7ZDQ1NzNmMDUtYjIyYS00OTg1LWI3NzctN2JhN2JlZmUzYmJi?api-version=2018-09-01
      server:
      - Microsoft-IIS/10.0
      strict-transport-security:
      - max-age=31536000; includeSubDomains
      x-aspnet-version:
      - 4.0.30319
      x-content-type-options:
      - nosniff
      x-ms-ratelimit-remaining-subscription-resource-requests:
      - '11999'
      x-powered-by:
      - ASP.NET
    status:
      code: 202
      message: Accepted
- request:
    body: null
    headers:
      Accept:
      - application/json
      Accept-Encoding:
      - gzip, deflate
      CommandName:
      - network private-dns link vnet update
      Connection:
      - keep-alive
      ParameterSetName:
      - -g -n -z -e
      User-Agent:
      - python/3.7.4 (Windows-10-10.0.18362-SP0) msrest/0.6.10 msrest_azure/0.6.1
        azure-mgmt-privatedns/1.0.0 Azure-SDK-For-Python AZURECLI/2.0.72
    method: GET
    uri: https://management.azure.com/subscriptions/00000000-0000-0000-0000-000000000000/resourceGroups/clitest_privatedns000001/providers/Microsoft.Network/privateDnsOperationStatuses/RnJvbnRFbmRBc3luY09wZXJhdGlvbjtVcHNlcnRWaXJ0dWFsTmV0d29ya0xpbms7ZDQ1NzNmMDUtYjIyYS00OTg1LWI3NzctN2JhN2JlZmUzYmJi?api-version=2018-09-01
  response:
    body:
      string: '{"status":"InProgress"}'
    headers:
      azure-asyncoperation:
      - https://management.azure.com:443/subscriptions/00000000-0000-0000-0000-000000000000/resourceGroups/clitest_privatedns000001/providers/Microsoft.Network/privateDnsOperationStatuses/RnJvbnRFbmRBc3luY09wZXJhdGlvbjtVcHNlcnRWaXJ0dWFsTmV0d29ya0xpbms7ZDQ1NzNmMDUtYjIyYS00OTg1LWI3NzctN2JhN2JlZmUzYmJi?api-version=2018-09-01
      cache-control:
      - private
      content-length:
      - '23'
      content-type:
      - application/json; charset=utf-8
      date:
      - Wed, 11 Sep 2019 01:16:44 GMT
      location:
      - https://management.azure.com/subscriptions/00000000-0000-0000-0000-000000000000/resourceGroups/clitest_privatedns000001/providers/Microsoft.Network/privateDnsOperationResults/RnJvbnRFbmRBc3luY09wZXJhdGlvbjtVcHNlcnRWaXJ0dWFsTmV0d29ya0xpbms7ZDQ1NzNmMDUtYjIyYS00OTg1LWI3NzctN2JhN2JlZmUzYmJi?api-version=2018-09-01
      server:
      - Microsoft-IIS/10.0
      strict-transport-security:
      - max-age=31536000; includeSubDomains
      x-aspnet-version:
      - 4.0.30319
      x-content-type-options:
      - nosniff
      x-ms-ratelimit-remaining-subscription-resource-requests:
      - '11997'
      x-powered-by:
      - ASP.NET
    status:
      code: 202
      message: Accepted
- request:
    body: null
    headers:
      Accept:
      - application/json
      Accept-Encoding:
      - gzip, deflate
      CommandName:
      - network private-dns link vnet update
      Connection:
      - keep-alive
      ParameterSetName:
      - -g -n -z -e
      User-Agent:
      - python/3.7.4 (Windows-10-10.0.18362-SP0) msrest/0.6.10 msrest_azure/0.6.1
        azure-mgmt-privatedns/1.0.0 Azure-SDK-For-Python AZURECLI/2.0.72
    method: GET
    uri: https://management.azure.com/subscriptions/00000000-0000-0000-0000-000000000000/resourceGroups/clitest_privatedns000001/providers/Microsoft.Network/privateDnsOperationStatuses/RnJvbnRFbmRBc3luY09wZXJhdGlvbjtVcHNlcnRWaXJ0dWFsTmV0d29ya0xpbms7ZDQ1NzNmMDUtYjIyYS00OTg1LWI3NzctN2JhN2JlZmUzYmJi?api-version=2018-09-01
  response:
    body:
      string: '{"status":"Succeeded"}'
    headers:
      cache-control:
      - private
      content-length:
      - '22'
      content-type:
      - application/json; charset=utf-8
      date:
      - Wed, 11 Sep 2019 01:16:55 GMT
      server:
      - Microsoft-IIS/10.0
      strict-transport-security:
      - max-age=31536000; includeSubDomains
      transfer-encoding:
      - chunked
      vary:
      - Accept-Encoding
      x-aspnet-version:
      - 4.0.30319
      x-content-type-options:
      - nosniff
      x-ms-ratelimit-remaining-subscription-resource-requests:
      - '11998'
      x-powered-by:
      - ASP.NET
    status:
      code: 200
      message: OK
- request:
    body: null
    headers:
      Accept:
      - application/json
      Accept-Encoding:
      - gzip, deflate
      CommandName:
      - network private-dns link vnet update
      Connection:
      - keep-alive
      ParameterSetName:
      - -g -n -z -e
      User-Agent:
      - python/3.7.4 (Windows-10-10.0.18362-SP0) msrest/0.6.10 msrest_azure/0.6.1
        azure-mgmt-privatedns/1.0.0 Azure-SDK-For-Python AZURECLI/2.0.72
    method: GET
    uri: https://management.azure.com/subscriptions/00000000-0000-0000-0000-000000000000/resourceGroups/clitest_privatedns000001/providers/Microsoft.Network/privateDnsZones/clitest.privatedns.com000002/virtualNetworkLinks/clitestprivatednslink000004?api-version=2018-09-01
  response:
    body:
      string: '{"id":"\/subscriptions\/69025406-6e93-4e67-8c42-da236d205106\/resourceGroups\/clitest_privatedns000001\/providers\/Microsoft.Network\/privateDnsZones\/clitest.privatedns.com000002\/virtualNetworkLinks\/clitestprivatednslink000004","name":"clitestprivatednslink000004","type":"Microsoft.Network\/privateDnsZones\/virtualNetworkLinks","etag":"\"1100b9cc-0000-0500-0000-5d784b030000\"","location":"global","properties":{"provisioningState":"Succeeded","registrationEnabled":false,"virtualNetwork":{"id":"\/subscriptions\/69025406-6e93-4e67-8c42-da236d205106\/resourceGroups\/clitest_privatedns000001\/providers\/Microsoft.Network\/virtualNetworks\/clitestprivatednsvnet000003"},"virtualNetworkLinkState":"Completed"}}'
    headers:
      cache-control:
      - private
      content-length:
      - '847'
      content-type:
      - application/json; charset=utf-8
      date:
      - Wed, 11 Sep 2019 01:16:55 GMT
      etag:
      - '"1100b9cc-0000-0500-0000-5d784b030000"'
      server:
      - Microsoft-IIS/10.0
      strict-transport-security:
      - max-age=31536000; includeSubDomains
      transfer-encoding:
      - chunked
      vary:
      - Accept-Encoding
      x-aspnet-version:
      - 4.0.30319
      x-content-type-options:
      - nosniff
      x-ms-ratelimit-remaining-subscription-resource-requests:
      - '11997'
      x-powered-by:
      - ASP.NET
    status:
      code: 200
      message: OK
version: 1
