interactions:
- request:
    body: '{"location": "westus", "tags": {"product": "azurecli", "cause": "automation",
      "date": "2019-02-16T01:54:38Z"}}'
    headers:
      Accept: [application/json]
      Accept-Encoding: ['gzip, deflate']
      CommandName: [group create]
      Connection: [keep-alive]
      Content-Length: ['110']
      Content-Type: [application/json; charset=utf-8]
      ParameterSetName: [--location --name --tag]
      User-Agent: [python/3.7.2 (Windows-10-10.0.17763-SP0) msrest/0.6.4 msrest_azure/0.6.0
          resourcemanagementclient/2.1.0 Azure-SDK-For-Python AZURECLI/2.0.57]
      accept-language: [en-US]
    method: PUT
    uri: https://management.azure.com/subscriptions/00000000-0000-0000-0000-000000000000/resourcegroups/clitest_privatedns000001?api-version=2018-05-01
  response:
    body: {string: '{"id":"/subscriptions/00000000-0000-0000-0000-000000000000/resourceGroups/clitest_privatedns000001","name":"clitest_privatedns000001","location":"westus","tags":{"product":"azurecli","cause":"automation","date":"2019-02-16T01:54:38Z"},"properties":{"provisioningState":"Succeeded"}}'}
    headers:
      cache-control: [no-cache]
      content-length: ['384']
      content-type: [application/json; charset=utf-8]
      date: ['Sat, 16 Feb 2019 01:54:42 GMT']
      expires: ['-1']
      pragma: [no-cache]
      strict-transport-security: [max-age=31536000; includeSubDomains]
      x-content-type-options: [nosniff]
      x-ms-ratelimit-remaining-subscription-writes: ['1199']
    status: {code: 201, message: Created}
- request:
    body: '{"location": "global"}'
    headers:
      Accept: [application/json]
      Accept-Encoding: ['gzip, deflate']
      CommandName: [network private-dns zone create]
      Connection: [keep-alive]
      Content-Length: ['22']
      Content-Type: [application/json; charset=utf-8]
      If-None-Match: ['*']
      ParameterSetName: [-g -n]
      User-Agent: [python/3.7.2 (Windows-10-10.0.17763-SP0) msrest/0.6.4 msrest_azure/0.6.0
          azure-mgmt-privatedns/1.0.0 Azure-SDK-For-Python AZURECLI/2.0.57]
      accept-language: [en-US]
    method: PUT
    uri: https://management.azure.com/subscriptions/00000000-0000-0000-0000-000000000000/resourceGroups/clitest_privatedns000001/providers/Microsoft.Network/privateDnsZones/clitest.privatedns.com000002?api-version=2018-09-01
  response:
    body: {string: ''}
    headers:
      azure-asyncoperation: ['https://management.azure.com:443/subscriptions/00000000-0000-0000-0000-000000000000/resourceGroups/clitest_privatedns000001/providers/Microsoft.Network/privateDnsOperationStatuses/RnJvbnRFbmRBc3luY09wZXJhdGlvbjtVcHNlcnRQcml2YXRlRG5zWm9uZTs2M2Q1YmI2Ni05NjVlLTRlZDYtOTljYi1jZTgzODcxZmU2MWQ=?api-version=2018-09-01']
      cache-control: [private]
      content-length: ['0']
      date: ['Sat, 16 Feb 2019 01:54:46 GMT']
      location: ['https://management.azure.com/subscriptions/00000000-0000-0000-0000-000000000000/resourceGroups/clitest_privatedns000001/providers/Microsoft.Network/privateDnsOperationResults/RnJvbnRFbmRBc3luY09wZXJhdGlvbjtVcHNlcnRQcml2YXRlRG5zWm9uZTs2M2Q1YmI2Ni05NjVlLTRlZDYtOTljYi1jZTgzODcxZmU2MWQ=?api-version=2018-09-01']
      server: [Microsoft-IIS/10.0]
      strict-transport-security: [max-age=31536000; includeSubDomains]
      x-aspnet-version: [4.0.30319]
      x-content-type-options: [nosniff]
      x-ms-ratelimit-remaining-subscription-resource-requests: ['11998']
      x-powered-by: [ASP.NET]
    status: {code: 202, message: Accepted}
- request:
    body: null
    headers:
      Accept: [application/json]
      Accept-Encoding: ['gzip, deflate']
      CommandName: [network private-dns zone create]
      Connection: [keep-alive]
      ParameterSetName: [-g -n]
      User-Agent: [python/3.7.2 (Windows-10-10.0.17763-SP0) msrest/0.6.4 msrest_azure/0.6.0
          azure-mgmt-privatedns/1.0.0 Azure-SDK-For-Python AZURECLI/2.0.57]
    method: GET
    uri: https://management.azure.com/subscriptions/00000000-0000-0000-0000-000000000000/resourceGroups/clitest_privatedns000001/providers/Microsoft.Network/privateDnsOperationStatuses/RnJvbnRFbmRBc3luY09wZXJhdGlvbjtVcHNlcnRQcml2YXRlRG5zWm9uZTs2M2Q1YmI2Ni05NjVlLTRlZDYtOTljYi1jZTgzODcxZmU2MWQ=?api-version=2018-09-01
  response:
    body: {string: '{"status":"InProgress"}'}
    headers:
      azure-asyncoperation: ['https://management.azure.com:443/subscriptions/00000000-0000-0000-0000-000000000000/resourceGroups/clitest_privatedns000001/providers/Microsoft.Network/privateDnsOperationStatuses/RnJvbnRFbmRBc3luY09wZXJhdGlvbjtVcHNlcnRQcml2YXRlRG5zWm9uZTs2M2Q1YmI2Ni05NjVlLTRlZDYtOTljYi1jZTgzODcxZmU2MWQ=?api-version=2018-09-01']
      cache-control: [private]
      content-length: ['23']
      content-type: [application/json; charset=utf-8]
      date: ['Sat, 16 Feb 2019 01:54:50 GMT']
      location: ['https://management.azure.com/subscriptions/00000000-0000-0000-0000-000000000000/resourceGroups/clitest_privatedns000001/providers/Microsoft.Network/privateDnsOperationResults/RnJvbnRFbmRBc3luY09wZXJhdGlvbjtVcHNlcnRQcml2YXRlRG5zWm9uZTs2M2Q1YmI2Ni05NjVlLTRlZDYtOTljYi1jZTgzODcxZmU2MWQ=?api-version=2018-09-01']
      server: [Microsoft-IIS/10.0]
      strict-transport-security: [max-age=31536000; includeSubDomains]
      x-aspnet-version: [4.0.30319]
      x-content-type-options: [nosniff]
      x-ms-ratelimit-remaining-subscription-resource-requests: ['11999']
      x-powered-by: [ASP.NET]
    status: {code: 202, message: Accepted}
- request:
    body: null
    headers:
      Accept: [application/json]
      Accept-Encoding: ['gzip, deflate']
      CommandName: [network private-dns zone create]
      Connection: [keep-alive]
      ParameterSetName: [-g -n]
      User-Agent: [python/3.7.2 (Windows-10-10.0.17763-SP0) msrest/0.6.4 msrest_azure/0.6.0
          azure-mgmt-privatedns/1.0.0 Azure-SDK-For-Python AZURECLI/2.0.57]
    method: GET
    uri: https://management.azure.com/subscriptions/00000000-0000-0000-0000-000000000000/resourceGroups/clitest_privatedns000001/providers/Microsoft.Network/privateDnsOperationStatuses/RnJvbnRFbmRBc3luY09wZXJhdGlvbjtVcHNlcnRQcml2YXRlRG5zWm9uZTs2M2Q1YmI2Ni05NjVlLTRlZDYtOTljYi1jZTgzODcxZmU2MWQ=?api-version=2018-09-01
  response:
    body: {string: '{"status":"Succeeded"}'}
    headers:
      cache-control: [private]
      content-length: ['22']
      content-type: [application/json; charset=utf-8]
      date: ['Sat, 16 Feb 2019 01:54:54 GMT']
      server: [Microsoft-IIS/10.0]
      strict-transport-security: [max-age=31536000; includeSubDomains]
      transfer-encoding: [chunked]
      vary: [Accept-Encoding]
      x-aspnet-version: [4.0.30319]
      x-content-type-options: [nosniff]
      x-ms-ratelimit-remaining-subscription-resource-requests: ['11999']
      x-powered-by: [ASP.NET]
    status: {code: 200, message: OK}
- request:
    body: null
    headers:
      Accept: [application/json]
      Accept-Encoding: ['gzip, deflate']
      CommandName: [network private-dns zone create]
      Connection: [keep-alive]
      ParameterSetName: [-g -n]
      User-Agent: [python/3.7.2 (Windows-10-10.0.17763-SP0) msrest/0.6.4 msrest_azure/0.6.0
          azure-mgmt-privatedns/1.0.0 Azure-SDK-For-Python AZURECLI/2.0.57]
    method: GET
    uri: https://management.azure.com/subscriptions/00000000-0000-0000-0000-000000000000/resourceGroups/clitest_privatedns000001/providers/Microsoft.Network/privateDnsZones/clitest.privatedns.com000002?api-version=2018-09-01
  response:
    body: {string: '{"id":"\/subscriptions\/9e900494-c413-45af-bd52-0afe6ac97b06\/resourceGroups\/clitest_privatedns000001\/providers\/Microsoft.Network\/privateDnsZones\/clitest.privatedns.com000002","name":"clitest.privatedns.com000002","type":"Microsoft.Network\/privateDnsZones","etag":"0aecbe42-1229-4c60-a587-145f3c58a18e","location":"global","properties":{"maxNumberOfRecordSets":5000,"maxNumberOfVirtualNetworkLinks":10,"maxNumberOfVirtualNetworkLinksWithRegistration":1,"numberOfRecordSets":1,"numberOfVirtualNetworkLinks":0,"numberOfVirtualNetworkLinksWithRegistration":0,"provisioningState":"Succeeded"}}'}
    headers:
      cache-control: [private]
      content-length: ['660']
      content-type: [application/json; charset=utf-8]
      date: ['Sat, 16 Feb 2019 01:54:54 GMT']
      etag: [0aecbe42-1229-4c60-a587-145f3c58a18e]
      server: [Microsoft-IIS/10.0]
      strict-transport-security: [max-age=31536000; includeSubDomains]
      transfer-encoding: [chunked]
      vary: [Accept-Encoding]
      x-aspnet-version: [4.0.30319]
      x-content-type-options: [nosniff]
      x-ms-ratelimit-remaining-subscription-resource-requests: ['11999']
      x-powered-by: [ASP.NET]
    status: {code: 200, message: OK}
- request:
    body: '{"properties": {"ttl": 3600}}'
    headers:
      Accept: [application/json]
      Accept-Encoding: ['gzip, deflate']
      CommandName: [network private-dns record-set ptr create]
      Connection: [keep-alive]
      Content-Length: ['29']
      Content-Type: [application/json; charset=utf-8]
      If-None-Match: ['*']
      ParameterSetName: [-g -n -z]
      User-Agent: [python/3.7.2 (Windows-10-10.0.17763-SP0) msrest/0.6.4 msrest_azure/0.6.0
          azure-mgmt-privatedns/1.0.0 Azure-SDK-For-Python AZURECLI/2.0.57]
      accept-language: [en-US]
    method: PUT
    uri: https://management.azure.com/subscriptions/00000000-0000-0000-0000-000000000000/resourceGroups/clitest_privatedns000001/providers/Microsoft.Network/privateDnsZones/clitest.privatedns.com000002/PTR/clitestprivatednsrecordset000003?api-version=2018-09-01
  response:
    body: {string: '{"id":"\/subscriptions\/9e900494-c413-45af-bd52-0afe6ac97b06\/resourceGroups\/clitest_privatedns000001\/providers\/Microsoft.Network\/privateDnsZones\/clitest.privatedns.com000002\/PTR\/clitestprivatednsrecordset000003","name":"clitestprivatednsrecordset000003","type":"Microsoft.Network\/privateDnsZones\/PTR","etag":"9ead9c7d-af48-44d5-88e0-a24d717361af","properties":{"fqdn":"clitestprivatednsrecordset000003.clitest.privatedns.com000002.","ttl":3600,"ptrRecords":[]}}'}
    headers:
      cache-control: [private]
      content-length: ['545']
      content-type: [application/json; charset=utf-8]
      date: ['Sat, 16 Feb 2019 01:54:58 GMT']
      etag: [9ead9c7d-af48-44d5-88e0-a24d717361af]
      server: [Microsoft-IIS/10.0]
      strict-transport-security: [max-age=31536000; includeSubDomains]
      x-aspnet-version: [4.0.30319]
      x-content-type-options: [nosniff]
      x-ms-ratelimit-remaining-subscription-resource-requests: ['11999']
      x-powered-by: [ASP.NET]
    status: {code: 201, message: Created}
- request:
    body: null
    headers:
      Accept: [application/json]
      Accept-Encoding: ['gzip, deflate']
      CommandName: [network private-dns record-set ptr add-record]
      Connection: [keep-alive]
      ParameterSetName: [-g -n -z -d]
      User-Agent: [python/3.7.2 (Windows-10-10.0.17763-SP0) msrest/0.6.4 msrest_azure/0.6.0
          azure-mgmt-privatedns/1.0.0 Azure-SDK-For-Python AZURECLI/2.0.57]
      accept-language: [en-US]
    method: GET
    uri: https://management.azure.com/subscriptions/00000000-0000-0000-0000-000000000000/resourceGroups/clitest_privatedns000001/providers/Microsoft.Network/privateDnsZones/clitest.privatedns.com000002/PTR/clitestprivatednsrecordset000003?api-version=2018-09-01
  response:
    body: {string: '{"id":"\/subscriptions\/9e900494-c413-45af-bd52-0afe6ac97b06\/resourceGroups\/clitest_privatedns000001\/providers\/Microsoft.Network\/privateDnsZones\/clitest.privatedns.com000002\/PTR\/clitestprivatednsrecordset000003","name":"clitestprivatednsrecordset000003","type":"Microsoft.Network\/privateDnsZones\/PTR","etag":"9ead9c7d-af48-44d5-88e0-a24d717361af","properties":{"fqdn":"clitestprivatednsrecordset000003.clitest.privatedns.com000002.","ttl":3600,"ptrRecords":[]}}'}
    headers:
      cache-control: [private]
      content-length: ['545']
      content-type: [application/json; charset=utf-8]
      date: ['Sat, 16 Feb 2019 01:55:00 GMT']
      etag: [9ead9c7d-af48-44d5-88e0-a24d717361af]
      server: [Microsoft-IIS/10.0]
      strict-transport-security: [max-age=31536000; includeSubDomains]
      transfer-encoding: [chunked]
      vary: [Accept-Encoding]
      x-aspnet-version: [4.0.30319]
      x-content-type-options: [nosniff]
      x-ms-ratelimit-remaining-subscription-resource-requests: ['11999']
      x-powered-by: [ASP.NET]
    status: {code: 200, message: OK}
- request:
    body: '{"etag": "9ead9c7d-af48-44d5-88e0-a24d717361af", "properties": {"ttl":
      3600, "ptrRecords": [{"ptrdname": "ptrd.name"}]}}'
    headers:
      Accept: [application/json]
      Accept-Encoding: ['gzip, deflate']
      CommandName: [network private-dns record-set ptr add-record]
      Connection: [keep-alive]
      Content-Length: ['120']
      Content-Type: [application/json; charset=utf-8]
      ParameterSetName: [-g -n -z -d]
      User-Agent: [python/3.7.2 (Windows-10-10.0.17763-SP0) msrest/0.6.4 msrest_azure/0.6.0
          azure-mgmt-privatedns/1.0.0 Azure-SDK-For-Python AZURECLI/2.0.57]
      accept-language: [en-US]
    method: PUT
    uri: https://management.azure.com/subscriptions/00000000-0000-0000-0000-000000000000/resourceGroups/clitest_privatedns000001/providers/Microsoft.Network/privateDnsZones/clitest.privatedns.com000002/PTR/clitestprivatednsrecordset000003?api-version=2018-09-01
  response:
    body: {string: '{"id":"\/subscriptions\/9e900494-c413-45af-bd52-0afe6ac97b06\/resourceGroups\/clitest_privatedns000001\/providers\/Microsoft.Network\/privateDnsZones\/clitest.privatedns.com000002\/PTR\/clitestprivatednsrecordset000003","name":"clitestprivatednsrecordset000003","type":"Microsoft.Network\/privateDnsZones\/PTR","etag":"0ebe8670-a83b-46ec-a744-4531037f6885","properties":{"fqdn":"clitestprivatednsrecordset000003.clitest.privatedns.com000002.","ttl":3600,"ptrRecords":[{"ptrdname":"ptrd.name"}]}}'}
    headers:
      cache-control: [private]
      content-length: ['569']
      content-type: [application/json; charset=utf-8]
      date: ['Sat, 16 Feb 2019 01:55:01 GMT']
      etag: [0ebe8670-a83b-46ec-a744-4531037f6885]
      server: [Microsoft-IIS/10.0]
      strict-transport-security: [max-age=31536000; includeSubDomains]
      transfer-encoding: [chunked]
      vary: [Accept-Encoding]
      x-aspnet-version: [4.0.30319]
      x-content-type-options: [nosniff]
      x-ms-ratelimit-remaining-subscription-resource-requests: ['11999']
      x-powered-by: [ASP.NET]
    status: {code: 200, message: OK}
- request:
    body: null
    headers:
      Accept: [application/json]
      Accept-Encoding: ['gzip, deflate']
      CommandName: [network private-dns record-set ptr update]
      Connection: [keep-alive]
      ParameterSetName: [-g -n -z --metadata]
      User-Agent: [python/3.7.2 (Windows-10-10.0.17763-SP0) msrest/0.6.4 msrest_azure/0.6.0
          azure-mgmt-privatedns/1.0.0 Azure-SDK-For-Python AZURECLI/2.0.57]
      accept-language: [en-US]
    method: GET
    uri: https://management.azure.com/subscriptions/00000000-0000-0000-0000-000000000000/resourceGroups/clitest_privatedns000001/providers/Microsoft.Network/privateDnsZones/clitest.privatedns.com000002/PTR/clitestprivatednsrecordset000003?api-version=2018-09-01
  response:
    body: {string: '{"id":"\/subscriptions\/9e900494-c413-45af-bd52-0afe6ac97b06\/resourceGroups\/clitest_privatedns000001\/providers\/Microsoft.Network\/privateDnsZones\/clitest.privatedns.com000002\/PTR\/clitestprivatednsrecordset000003","name":"clitestprivatednsrecordset000003","type":"Microsoft.Network\/privateDnsZones\/PTR","etag":"0ebe8670-a83b-46ec-a744-4531037f6885","properties":{"fqdn":"clitestprivatednsrecordset000003.clitest.privatedns.com000002.","ttl":3600,"ptrRecords":[{"ptrdname":"ptrd.name"}]}}'}
    headers:
      cache-control: [private]
      content-length: ['569']
      content-type: [application/json; charset=utf-8]
      date: ['Sat, 16 Feb 2019 01:55:03 GMT']
      etag: [0ebe8670-a83b-46ec-a744-4531037f6885]
      server: [Microsoft-IIS/10.0]
      strict-transport-security: [max-age=31536000; includeSubDomains]
      transfer-encoding: [chunked]
      vary: [Accept-Encoding]
      x-aspnet-version: [4.0.30319]
      x-content-type-options: [nosniff]
      x-ms-ratelimit-remaining-subscription-resource-requests: ['11999']
      x-powered-by: [ASP.NET]
    status: {code: 200, message: OK}
- request:
    body: 'b''b\''{"etag": "0ebe8670-a83b-46ec-a744-4531037f6885", "properties": {"metadata":
      {"tagKey000004": "tagVal000005"}, "ttl": 3600, "ptrRecords": [{"ptrdname": "ptrd.name"}]}}\'''''
    headers:
      Accept: [application/json]
      Accept-Encoding: ['gzip, deflate']
      CommandName: [network private-dns record-set ptr update]
      Connection: [keep-alive]
      Content-Length: ['172']
      Content-Type: [application/json; charset=utf-8]
      ParameterSetName: [-g -n -z --metadata]
      User-Agent: [python/3.7.2 (Windows-10-10.0.17763-SP0) msrest/0.6.4 msrest_azure/0.6.0
          azure-mgmt-privatedns/1.0.0 Azure-SDK-For-Python AZURECLI/2.0.57]
      accept-language: [en-US]
    method: PATCH
    uri: https://management.azure.com/subscriptions/00000000-0000-0000-0000-000000000000/resourceGroups/clitest_privatedns000001/providers/Microsoft.Network/privateDnsZones/clitest.privatedns.com000002/PTR/clitestprivatednsrecordset000003?api-version=2018-09-01
  response:
    body: {string: '{"id":"\/subscriptions\/9e900494-c413-45af-bd52-0afe6ac97b06\/resourceGroups\/clitest_privatedns000001\/providers\/Microsoft.Network\/privateDnsZones\/clitest.privatedns.com000002\/PTR\/clitestprivatednsrecordset000003","name":"clitestprivatednsrecordset000003","type":"Microsoft.Network\/privateDnsZones\/PTR","etag":"d7b7cb07-a58c-46d2-9e0a-9d6b30560f91","properties":{"metadata":{"tagKey000004":"tagVal000005"},"fqdn":"clitestprivatednsrecordset000003.clitest.privatedns.com000002.","ttl":3600,"ptrRecords":[{"ptrdname":"ptrd.name"}]}}'}
    headers:
      cache-control: [private]
      content-length: ['618']
      content-type: [application/json; charset=utf-8]
      date: ['Sat, 16 Feb 2019 01:55:06 GMT']
      etag: [d7b7cb07-a58c-46d2-9e0a-9d6b30560f91]
      server: [Microsoft-IIS/10.0]
      strict-transport-security: [max-age=31536000; includeSubDomains]
      transfer-encoding: [chunked]
      vary: [Accept-Encoding]
      x-aspnet-version: [4.0.30319]
      x-content-type-options: [nosniff]
      x-ms-ratelimit-remaining-subscription-resource-requests: ['11999']
      x-powered-by: [ASP.NET]
    status: {code: 200, message: OK}
- request:
    body: null
    headers:
      Accept: [application/json]
      Accept-Encoding: ['gzip, deflate']
      CommandName: [network private-dns record-set ptr add-record]
      Connection: [keep-alive]
      ParameterSetName: [-g -n -z -d]
      User-Agent: [python/3.7.2 (Windows-10-10.0.17763-SP0) msrest/0.6.4 msrest_azure/0.6.0
          azure-mgmt-privatedns/1.0.0 Azure-SDK-For-Python AZURECLI/2.0.57]
      accept-language: [en-US]
    method: GET
    uri: https://management.azure.com/subscriptions/00000000-0000-0000-0000-000000000000/resourceGroups/clitest_privatedns000001/providers/Microsoft.Network/privateDnsZones/clitest.privatedns.com000002/PTR/clitestprivatednsrecordset000003?api-version=2018-09-01
  response:
    body: {string: '{"id":"\/subscriptions\/9e900494-c413-45af-bd52-0afe6ac97b06\/resourceGroups\/clitest_privatedns000001\/providers\/Microsoft.Network\/privateDnsZones\/clitest.privatedns.com000002\/PTR\/clitestprivatednsrecordset000003","name":"clitestprivatednsrecordset000003","type":"Microsoft.Network\/privateDnsZones\/PTR","etag":"d7b7cb07-a58c-46d2-9e0a-9d6b30560f91","properties":{"metadata":{"tagKey000004":"tagVal000005"},"fqdn":"clitestprivatednsrecordset000003.clitest.privatedns.com000002.","ttl":3600,"ptrRecords":[{"ptrdname":"ptrd.name"}]}}'}
    headers:
      cache-control: [private]
      content-length: ['618']
      content-type: [application/json; charset=utf-8]
      date: ['Sat, 16 Feb 2019 01:55:08 GMT']
      etag: [d7b7cb07-a58c-46d2-9e0a-9d6b30560f91]
      server: [Microsoft-IIS/10.0]
      strict-transport-security: [max-age=31536000; includeSubDomains]
      transfer-encoding: [chunked]
      vary: [Accept-Encoding]
      x-aspnet-version: [4.0.30319]
      x-content-type-options: [nosniff]
      x-ms-ratelimit-remaining-subscription-resource-requests: ['11999']
      x-powered-by: [ASP.NET]
    status: {code: 200, message: OK}
- request:
    body: 'b''b\''{"etag": "d7b7cb07-a58c-46d2-9e0a-9d6b30560f91", "properties": {"metadata":
      {"tagKey000004": "tagVal000005"}, "ttl": 3600, "ptrRecords": [{"ptrdname": "ptrd.name"},
      {"ptrdname": "ptrd.name.new"}]}}\'''''
    headers:
      Accept: [application/json]
      Accept-Encoding: ['gzip, deflate']
      CommandName: [network private-dns record-set ptr add-record]
      Connection: [keep-alive]
      Content-Length: ['203']
      Content-Type: [application/json; charset=utf-8]
      ParameterSetName: [-g -n -z -d]
      User-Agent: [python/3.7.2 (Windows-10-10.0.17763-SP0) msrest/0.6.4 msrest_azure/0.6.0
          azure-mgmt-privatedns/1.0.0 Azure-SDK-For-Python AZURECLI/2.0.57]
      accept-language: [en-US]
    method: PUT
    uri: https://management.azure.com/subscriptions/00000000-0000-0000-0000-000000000000/resourceGroups/clitest_privatedns000001/providers/Microsoft.Network/privateDnsZones/clitest.privatedns.com000002/PTR/clitestprivatednsrecordset000003?api-version=2018-09-01
  response:
    body: {string: '{"id":"\/subscriptions\/9e900494-c413-45af-bd52-0afe6ac97b06\/resourceGroups\/clitest_privatedns000001\/providers\/Microsoft.Network\/privateDnsZones\/clitest.privatedns.com000002\/PTR\/clitestprivatednsrecordset000003","name":"clitestprivatednsrecordset000003","type":"Microsoft.Network\/privateDnsZones\/PTR","etag":"1e594e75-8eeb-4c39-8aa9-93c59558b725","properties":{"metadata":{"tagKey000004":"tagVal000005"},"fqdn":"clitestprivatednsrecordset000003.clitest.privatedns.com000002.","ttl":3600,"ptrRecords":[{"ptrdname":"ptrd.name"},{"ptrdname":"ptrd.name.new"}]}}'}
    headers:
      cache-control: [private]
      content-length: ['647']
      content-type: [application/json; charset=utf-8]
      date: ['Sat, 16 Feb 2019 01:55:09 GMT']
      etag: [1e594e75-8eeb-4c39-8aa9-93c59558b725]
      server: [Microsoft-IIS/10.0]
      strict-transport-security: [max-age=31536000; includeSubDomains]
      transfer-encoding: [chunked]
      vary: [Accept-Encoding]
      x-aspnet-version: [4.0.30319]
      x-content-type-options: [nosniff]
      x-ms-ratelimit-remaining-subscription-resource-requests: ['11999']
      x-powered-by: [ASP.NET]
    status: {code: 200, message: OK}
- request:
    body: null
    headers:
      Accept: [application/json]
      Accept-Encoding: ['gzip, deflate']
      CommandName: [network private-dns record-set ptr show]
      Connection: [keep-alive]
      ParameterSetName: [-g -n -z]
      User-Agent: [python/3.7.2 (Windows-10-10.0.17763-SP0) msrest/0.6.4 msrest_azure/0.6.0
          azure-mgmt-privatedns/1.0.0 Azure-SDK-For-Python AZURECLI/2.0.57]
      accept-language: [en-US]
    method: GET
    uri: https://management.azure.com/subscriptions/00000000-0000-0000-0000-000000000000/resourceGroups/clitest_privatedns000001/providers/Microsoft.Network/privateDnsZones/clitest.privatedns.com000002/PTR/clitestprivatednsrecordset000003?api-version=2018-09-01
  response:
    body: {string: '{"id":"\/subscriptions\/9e900494-c413-45af-bd52-0afe6ac97b06\/resourceGroups\/clitest_privatedns000001\/providers\/Microsoft.Network\/privateDnsZones\/clitest.privatedns.com000002\/PTR\/clitestprivatednsrecordset000003","name":"clitestprivatednsrecordset000003","type":"Microsoft.Network\/privateDnsZones\/PTR","etag":"1e594e75-8eeb-4c39-8aa9-93c59558b725","properties":{"metadata":{"tagKey000004":"tagVal000005"},"fqdn":"clitestprivatednsrecordset000003.clitest.privatedns.com000002.","ttl":3600,"ptrRecords":[{"ptrdname":"ptrd.name"},{"ptrdname":"ptrd.name.new"}]}}'}
    headers:
      cache-control: [private]
      content-length: ['647']
      content-type: [application/json; charset=utf-8]
      date: ['Sat, 16 Feb 2019 01:55:11 GMT']
      etag: [1e594e75-8eeb-4c39-8aa9-93c59558b725]
      server: [Microsoft-IIS/10.0]
      strict-transport-security: [max-age=31536000; includeSubDomains]
      transfer-encoding: [chunked]
      vary: [Accept-Encoding]
      x-aspnet-version: [4.0.30319]
      x-content-type-options: [nosniff]
      x-ms-ratelimit-remaining-subscription-resource-requests: ['11999']
      x-powered-by: [ASP.NET]
    status: {code: 200, message: OK}
- request:
    body: null
    headers:
      Accept: [application/json]
      Accept-Encoding: ['gzip, deflate']
      CommandName: [network private-dns record-set ptr remove-record]
      Connection: [keep-alive]
      ParameterSetName: [-g -n -z -d --keep-empty-record-set]
      User-Agent: [python/3.7.2 (Windows-10-10.0.17763-SP0) msrest/0.6.4 msrest_azure/0.6.0
          azure-mgmt-privatedns/1.0.0 Azure-SDK-For-Python AZURECLI/2.0.57]
      accept-language: [en-US]
    method: GET
    uri: https://management.azure.com/subscriptions/00000000-0000-0000-0000-000000000000/resourceGroups/clitest_privatedns000001/providers/Microsoft.Network/privateDnsZones/clitest.privatedns.com000002/PTR/clitestprivatednsrecordset000003?api-version=2018-09-01
  response:
    body: {string: '{"id":"\/subscriptions\/9e900494-c413-45af-bd52-0afe6ac97b06\/resourceGroups\/clitest_privatedns000001\/providers\/Microsoft.Network\/privateDnsZones\/clitest.privatedns.com000002\/PTR\/clitestprivatednsrecordset000003","name":"clitestprivatednsrecordset000003","type":"Microsoft.Network\/privateDnsZones\/PTR","etag":"1e594e75-8eeb-4c39-8aa9-93c59558b725","properties":{"metadata":{"tagKey000004":"tagVal000005"},"fqdn":"clitestprivatednsrecordset000003.clitest.privatedns.com000002.","ttl":3600,"ptrRecords":[{"ptrdname":"ptrd.name"},{"ptrdname":"ptrd.name.new"}]}}'}
    headers:
      cache-control: [private]
      content-length: ['647']
      content-type: [application/json; charset=utf-8]
      date: ['Sat, 16 Feb 2019 01:55:13 GMT']
      etag: [1e594e75-8eeb-4c39-8aa9-93c59558b725]
      server: [Microsoft-IIS/10.0]
      strict-transport-security: [max-age=31536000; includeSubDomains]
      transfer-encoding: [chunked]
      vary: [Accept-Encoding]
      x-aspnet-version: [4.0.30319]
      x-content-type-options: [nosniff]
      x-ms-ratelimit-remaining-subscription-resource-requests: ['11999']
      x-powered-by: [ASP.NET]
    status: {code: 200, message: OK}
- request:
    body: 'b''b\''{"etag": "1e594e75-8eeb-4c39-8aa9-93c59558b725", "properties": {"metadata":
      {"tagKey000004": "tagVal000005"}, "ttl": 3600, "ptrRecords": [{"ptrdname": "ptrd.name"}]}}\'''''
    headers:
      Accept: [application/json]
      Accept-Encoding: ['gzip, deflate']
      CommandName: [network private-dns record-set ptr remove-record]
      Connection: [keep-alive]
      Content-Length: ['172']
      Content-Type: [application/json; charset=utf-8]
      ParameterSetName: [-g -n -z -d --keep-empty-record-set]
      User-Agent: [python/3.7.2 (Windows-10-10.0.17763-SP0) msrest/0.6.4 msrest_azure/0.6.0
          azure-mgmt-privatedns/1.0.0 Azure-SDK-For-Python AZURECLI/2.0.57]
      accept-language: [en-US]
    method: PUT
    uri: https://management.azure.com/subscriptions/00000000-0000-0000-0000-000000000000/resourceGroups/clitest_privatedns000001/providers/Microsoft.Network/privateDnsZones/clitest.privatedns.com000002/PTR/clitestprivatednsrecordset000003?api-version=2018-09-01
  response:
    body: {string: '{"id":"\/subscriptions\/9e900494-c413-45af-bd52-0afe6ac97b06\/resourceGroups\/clitest_privatedns000001\/providers\/Microsoft.Network\/privateDnsZones\/clitest.privatedns.com000002\/PTR\/clitestprivatednsrecordset000003","name":"clitestprivatednsrecordset000003","type":"Microsoft.Network\/privateDnsZones\/PTR","etag":"f71bf895-cdae-400c-b373-de9b02b8698b","properties":{"metadata":{"tagKey000004":"tagVal000005"},"fqdn":"clitestprivatednsrecordset000003.clitest.privatedns.com000002.","ttl":3600,"ptrRecords":[{"ptrdname":"ptrd.name"}]}}'}
    headers:
      cache-control: [private]
      content-length: ['618']
      content-type: [application/json; charset=utf-8]
      date: ['Sat, 16 Feb 2019 01:55:14 GMT']
      etag: [f71bf895-cdae-400c-b373-de9b02b8698b]
      server: [Microsoft-IIS/10.0]
      strict-transport-security: [max-age=31536000; includeSubDomains]
      transfer-encoding: [chunked]
      vary: [Accept-Encoding]
      x-aspnet-version: [4.0.30319]
      x-content-type-options: [nosniff]
      x-ms-ratelimit-remaining-subscription-resource-requests: ['11999']
      x-powered-by: [ASP.NET]
    status: {code: 200, message: OK}
- request:
    body: null
    headers:
      Accept: [application/json]
      Accept-Encoding: ['gzip, deflate']
      CommandName: [network private-dns record-set ptr remove-record]
      Connection: [keep-alive]
      ParameterSetName: [-g -n -z -d --keep-empty-record-set]
      User-Agent: [python/3.7.2 (Windows-10-10.0.17763-SP0) msrest/0.6.4 msrest_azure/0.6.0
          azure-mgmt-privatedns/1.0.0 Azure-SDK-For-Python AZURECLI/2.0.57]
      accept-language: [en-US]
    method: GET
    uri: https://management.azure.com/subscriptions/00000000-0000-0000-0000-000000000000/resourceGroups/clitest_privatedns000001/providers/Microsoft.Network/privateDnsZones/clitest.privatedns.com000002/PTR/clitestprivatednsrecordset000003?api-version=2018-09-01
  response:
    body: {string: '{"id":"\/subscriptions\/9e900494-c413-45af-bd52-0afe6ac97b06\/resourceGroups\/clitest_privatedns000001\/providers\/Microsoft.Network\/privateDnsZones\/clitest.privatedns.com000002\/PTR\/clitestprivatednsrecordset000003","name":"clitestprivatednsrecordset000003","type":"Microsoft.Network\/privateDnsZones\/PTR","etag":"f71bf895-cdae-400c-b373-de9b02b8698b","properties":{"metadata":{"tagKey000004":"tagVal000005"},"fqdn":"clitestprivatednsrecordset000003.clitest.privatedns.com000002.","ttl":3600,"ptrRecords":[{"ptrdname":"ptrd.name"}]}}'}
    headers:
      cache-control: [private]
      content-length: ['618']
      content-type: [application/json; charset=utf-8]
      date: ['Sat, 16 Feb 2019 01:55:16 GMT']
      etag: [f71bf895-cdae-400c-b373-de9b02b8698b]
      server: [Microsoft-IIS/10.0]
      strict-transport-security: [max-age=31536000; includeSubDomains]
      transfer-encoding: [chunked]
      vary: [Accept-Encoding]
      x-aspnet-version: [4.0.30319]
      x-content-type-options: [nosniff]
      x-ms-ratelimit-remaining-subscription-resource-requests: ['11999']
      x-powered-by: [ASP.NET]
    status: {code: 200, message: OK}
- request:
    body: 'b''b\''{"etag": "f71bf895-cdae-400c-b373-de9b02b8698b", "properties": {"metadata":
      {"tagKey000004": "tagVal000005"}, "ttl": 3600, "ptrRecords": []}}\'''''
    headers:
      Accept: [application/json]
      Accept-Encoding: ['gzip, deflate']
      CommandName: [network private-dns record-set ptr remove-record]
      Connection: [keep-alive]
      Content-Length: ['147']
      Content-Type: [application/json; charset=utf-8]
      ParameterSetName: [-g -n -z -d --keep-empty-record-set]
      User-Agent: [python/3.7.2 (Windows-10-10.0.17763-SP0) msrest/0.6.4 msrest_azure/0.6.0
          azure-mgmt-privatedns/1.0.0 Azure-SDK-For-Python AZURECLI/2.0.57]
      accept-language: [en-US]
    method: PUT
    uri: https://management.azure.com/subscriptions/00000000-0000-0000-0000-000000000000/resourceGroups/clitest_privatedns000001/providers/Microsoft.Network/privateDnsZones/clitest.privatedns.com000002/PTR/clitestprivatednsrecordset000003?api-version=2018-09-01
  response:
    body: {string: '{"id":"\/subscriptions\/9e900494-c413-45af-bd52-0afe6ac97b06\/resourceGroups\/clitest_privatedns000001\/providers\/Microsoft.Network\/privateDnsZones\/clitest.privatedns.com000002\/PTR\/clitestprivatednsrecordset000003","name":"clitestprivatednsrecordset000003","type":"Microsoft.Network\/privateDnsZones\/PTR","etag":"84b34792-fd37-4b47-8973-67e855c8d0fc","properties":{"metadata":{"tagKey000004":"tagVal000005"},"fqdn":"clitestprivatednsrecordset000003.clitest.privatedns.com000002.","ttl":3600,"ptrRecords":[]}}'}
    headers:
      cache-control: [private]
      content-length: ['594']
      content-type: [application/json; charset=utf-8]
      date: ['Sat, 16 Feb 2019 01:55:17 GMT']
      etag: [84b34792-fd37-4b47-8973-67e855c8d0fc]
      server: [Microsoft-IIS/10.0]
      strict-transport-security: [max-age=31536000; includeSubDomains]
      transfer-encoding: [chunked]
      vary: [Accept-Encoding]
      x-aspnet-version: [4.0.30319]
      x-content-type-options: [nosniff]
      x-ms-ratelimit-remaining-subscription-resource-requests: ['11999']
      x-powered-by: [ASP.NET]
    status: {code: 200, message: OK}
- request:
    body: null
    headers:
      Accept: [application/json]
      Accept-Encoding: ['gzip, deflate']
      CommandName: [network private-dns record-set ptr delete]
      Connection: [keep-alive]
      Content-Length: ['0']
      ParameterSetName: [-g -n -z -y]
      User-Agent: [python/3.7.2 (Windows-10-10.0.17763-SP0) msrest/0.6.4 msrest_azure/0.6.0
          azure-mgmt-privatedns/1.0.0 Azure-SDK-For-Python AZURECLI/2.0.57]
      accept-language: [en-US]
    method: DELETE
    uri: https://management.azure.com/subscriptions/00000000-0000-0000-0000-000000000000/resourceGroups/clitest_privatedns000001/providers/Microsoft.Network/privateDnsZones/clitest.privatedns.com000002/PTR/clitestprivatednsrecordset000003?api-version=2018-09-01
  response:
    body: {string: ''}
    headers:
      cache-control: [private]
      content-length: ['0']
      date: ['Sat, 16 Feb 2019 01:55:20 GMT']
      server: [Microsoft-IIS/10.0]
      strict-transport-security: [max-age=31536000; includeSubDomains]
      x-aspnet-version: [4.0.30319]
      x-content-type-options: [nosniff]
      x-ms-ratelimit-remaining-subscription-resource-requests: ['11999']
      x-powered-by: [ASP.NET]
    status: {code: 200, message: OK}
- request:
    body: null
    headers:
      Accept: [application/json]
      Accept-Encoding: ['gzip, deflate']
      CommandName: [group delete]
      Connection: [keep-alive]
      Content-Length: ['0']
      ParameterSetName: [--name --yes --no-wait]
      User-Agent: [python/3.7.2 (Windows-10-10.0.17763-SP0) msrest/0.6.4 msrest_azure/0.6.0
          resourcemanagementclient/2.1.0 Azure-SDK-For-Python AZURECLI/2.0.57]
      accept-language: [en-US]
    method: DELETE
    uri: https://management.azure.com/subscriptions/00000000-0000-0000-0000-000000000000/resourcegroups/clitest_privatedns000001?api-version=2018-05-01
  response:
    body: {string: ''}
    headers:
      cache-control: [no-cache]
      content-length: ['0']
      date: ['Sat, 16 Feb 2019 01:55:21 GMT']
      expires: ['-1']
      location: ['https://management.azure.com/subscriptions/00000000-0000-0000-0000-000000000000/operationresults/eyJqb2JJZCI6IlJFU09VUkNFR1JPVVBERUxFVElPTkpPQi1DTElURVNUOjVGUFJJVkFURUROUzRDR01JUkg2V0FNNEtXUzdGV01EQUxXQkVVR3w3Q0Q5NEE0M0Q1MDU4NURFLVdFU1RVUyIsImpvYkxvY2F0aW9uIjoid2VzdHVzIn0?api-version=2018-05-01']
      pragma: [no-cache]
      strict-transport-security: [max-age=31536000; includeSubDomains]
      x-content-type-options: [nosniff]
      x-ms-ratelimit-remaining-subscription-deletes: ['14998']
    status: {code: 202, message: Accepted}
version: 1
