interactions:
- request:
    body: null
    headers:
      Accept: ['*/*']
      Accept-Charset: [utf-8]
      Accept-Encoding: ['gzip, deflate']
      Connection: [keep-alive]
      User-Agent: [python-requests/2.21.0]
      return-client-request-id: ['true']
      x-client-CPU: [x86]
      x-client-OS: [win32]
      x-client-SKU: [Python]
      x-client-Ver: [1.2.1]
    method: GET
    uri: https://login.windows.net/common/discovery/instance?authorization_endpoint=https%3A%2F%2Flogin.windows-ppe.net%2Ff686d426-8d16-42db-81b7-ab578e110ccd%2Foauth2%2Fauthorize&api-version=1.0
  response:
    body: {string: '{"tenant_discovery_endpoint":"https://login.windows-ppe.net/f686d426-8d16-42db-81b7-ab578e110ccd/.well-known/openid-configuration"}'}
    headers:
      access-control-allow-methods: ['GET, OPTIONS']
      access-control-allow-origin: ['*']
      cache-control: ['private, max-age=86400']
      content-length: ['131']
      content-type: [application/json; charset=utf-8]
      date: ['Thu, 07 Feb 2019 05:50:28 GMT']
      p3p: [CP="DSP CUR OTPi IND OTRi ONL FIN"]
      set-cookie: ['fpc=ATvwiNv0q7hGotMoue_Sbn0; expires=Sat, 09-Mar-2019 05:50:28
          GMT; path=/; secure; HttpOnly', esctx=AQABAAAAAACEfexXxjamQb3OeGQ4GugvDStehfOkcjFz9HzXPWMLUE046hzUBSRa-w2TocXQQlhDtVUpmb99qDDbWXQ1KvGK7FijapWPwRLiO0oYisv_EEKvWHbIBdZXPr9RHkDkAE2vjj2pVmTDy-IgaAXEmx4AkHfAqrZxB7xerSw10Wd2RJm8dk-H8wFtHVAg35QBqLAgAA;
          domain=.login.windows.net; path=/; secure; HttpOnly, x-ms-gateway-slice=corp;
          path=/; secure; HttpOnly, stsservicecookie=estscorp; path=/; secure; HttpOnly]
      strict-transport-security: [max-age=31536000; includeSubDomains]
      x-content-type-options: [nosniff]
    status: {code: 200, message: OK}
- request:
    body: '{"location": "westus", "tags": {"product": "azurecli", "cause": "automation",
      "date": "2019-02-07T05:50:27Z"}}'
    headers:
      Accept: [application/json]
      Accept-Encoding: ['gzip, deflate']
      CommandName: [group create]
      Connection: [keep-alive]
      Content-Length: ['110']
      Content-Type: [application/json; charset=utf-8]
      ParameterSetName: [--location --name --tag]
      User-Agent: [python/3.7.2 (Windows-10-10.0.17763-SP0) msrest/0.6.4 msrest_azure/0.6.0
          resourcemanagementclient/2.1.0 Azure-SDK-For-Python AZURECLI/2.0.57]
      accept-language: [en-US]
    method: PUT
    uri: https://api-dogfood.resources.windows-int.net/subscriptions/00000000-0000-0000-0000-000000000000/resourcegroups/clitest_privatedns000001?api-version=2018-05-01
  response:
    body: {string: '{"id":"/subscriptions/00000000-0000-0000-0000-000000000000/resourceGroups/clitest_privatedns000001","name":"clitest_privatedns000001","location":"westus","tags":{"product":"azurecli","cause":"automation","date":"2019-02-07T05:50:27Z"},"properties":{"provisioningState":"Succeeded"}}'}
    headers:
      cache-control: [no-cache]
      content-length: ['384']
      content-type: [application/json; charset=utf-8]
      date: ['Thu, 07 Feb 2019 05:50:29 GMT']
      expires: ['-1']
      pragma: [no-cache]
      strict-transport-security: [max-age=31536000; includeSubDomains]
      x-content-type-options: [nosniff]
      x-ms-ratelimit-remaining-subscription-writes: ['1184']
    status: {code: 201, message: Created}
- request:
    body: null
    headers:
      Accept: ['*/*']
      Accept-Charset: [utf-8]
      Accept-Encoding: ['gzip, deflate']
      Connection: [keep-alive]
      User-Agent: [python-requests/2.21.0]
      return-client-request-id: ['true']
      x-client-CPU: [x86]
      x-client-OS: [win32]
      x-client-SKU: [Python]
      x-client-Ver: [1.2.1]
    method: GET
    uri: https://login.windows.net/common/discovery/instance?authorization_endpoint=https%3A%2F%2Flogin.windows-ppe.net%2Ff686d426-8d16-42db-81b7-ab578e110ccd%2Foauth2%2Fauthorize&api-version=1.0
  response:
    body: {string: '{"tenant_discovery_endpoint":"https://login.windows-ppe.net/f686d426-8d16-42db-81b7-ab578e110ccd/.well-known/openid-configuration"}'}
    headers:
      access-control-allow-methods: ['GET, OPTIONS']
      access-control-allow-origin: ['*']
      cache-control: ['private, max-age=86400']
      content-length: ['131']
      content-type: [application/json; charset=utf-8]
      date: ['Thu, 07 Feb 2019 05:50:30 GMT']
      p3p: [CP="DSP CUR OTPi IND OTRi ONL FIN"]
      set-cookie: ['fpc=AbuIlcCPa_1Fv-drTKD_ILo; expires=Sat, 09-Mar-2019 05:50:31
          GMT; path=/; secure; HttpOnly', esctx=AQABAAAAAACEfexXxjamQb3OeGQ4GugvEbsM3nlvYCk6EMmqNFdW_KaDQEQCkYla9MQhiXgyZlOQD1ERIE2bSu3HqumpSPU0ai44Lf1ct80pfe8IkcC9wzOloRqi43S5frTCDqWga0bt2u4qYvpY9mw4bqkzwxjEw3dt1tf2l4yA7nwWCQZU1SCF5Huu6aq44X4dqhVZe0wgAA;
          domain=.login.windows.net; path=/; secure; HttpOnly, x-ms-gateway-slice=corp;
          path=/; secure; HttpOnly, stsservicecookie=estscorp; path=/; secure; HttpOnly]
      strict-transport-security: [max-age=31536000; includeSubDomains]
      x-content-type-options: [nosniff]
    status: {code: 200, message: OK}
- request:
    body: '{"location": "global"}'
    headers:
      Accept: [application/json]
      Accept-Encoding: ['gzip, deflate']
      CommandName: [network privatedns zone create]
      Connection: [keep-alive]
      Content-Length: ['22']
      Content-Type: [application/json; charset=utf-8]
      If-None-Match: ['*']
      ParameterSetName: [-g -n]
      User-Agent: [python/3.7.2 (Windows-10-10.0.17763-SP0) msrest/0.6.4 msrest_azure/0.6.0
          azure-mgmt-privatedns/1.0.0 Azure-SDK-For-Python AZURECLI/2.0.57]
      accept-language: [en-US]
    method: PUT
    uri: https://api-dogfood.resources.windows-int.net/subscriptions/00000000-0000-0000-0000-000000000000/resourceGroups/clitest_privatedns000001/providers/Microsoft.Network/privateDnsZones/clitest.privatedns.com000002?api-version=2018-09-01
  response:
    body: {string: ''}
    headers:
      azure-asyncoperation: ['https://api-dogfood.resources.windows-int.net:443/subscriptions/00000000-0000-0000-0000-000000000000/resourceGroups/clitest_privatedns000001/providers/Microsoft.Network/privateDnsOperationStatuses/RnJvbnRFbmRBc3luY09wZXJhdGlvbjtVcHNlcnRQcml2YXRlRG5zWm9uZTszYjM1YWRmNS05OTM1LTQwYTAtOTU1YS1mM2UxYTk2NmVhNDY=?api-version=2018-09-01']
      cache-control: [private]
      content-length: ['0']
      date: ['Thu, 07 Feb 2019 05:50:32 GMT']
      location: ['https://api-dogfood.resources.windows-int.net/subscriptions/00000000-0000-0000-0000-000000000000/resourceGroups/clitest_privatedns000001/providers/Microsoft.Network/privateDnsOperationResults/RnJvbnRFbmRBc3luY09wZXJhdGlvbjtVcHNlcnRQcml2YXRlRG5zWm9uZTszYjM1YWRmNS05OTM1LTQwYTAtOTU1YS1mM2UxYTk2NmVhNDY=?api-version=2018-09-01']
      server: [Microsoft-IIS/10.0]
      strict-transport-security: [max-age=31536000; includeSubDomains]
      x-aspnet-version: [4.0.30319]
      x-content-type-options: [nosniff]
      x-ms-ratelimit-remaining-subscription-resource-requests: ['11994']
      x-powered-by: [ASP.NET]
    status: {code: 202, message: Accepted}
- request:
    body: null
    headers:
      Accept: ['*/*']
      Accept-Charset: [utf-8]
      Accept-Encoding: ['gzip, deflate']
      Connection: [keep-alive]
      User-Agent: [python-requests/2.21.0]
      return-client-request-id: ['true']
      x-client-CPU: [x86]
      x-client-OS: [win32]
      x-client-SKU: [Python]
      x-client-Ver: [1.2.1]
    method: GET
    uri: https://login.windows.net/common/discovery/instance?authorization_endpoint=https%3A%2F%2Flogin.windows-ppe.net%2Ff686d426-8d16-42db-81b7-ab578e110ccd%2Foauth2%2Fauthorize&api-version=1.0
  response:
    body: {string: '{"tenant_discovery_endpoint":"https://login.windows-ppe.net/f686d426-8d16-42db-81b7-ab578e110ccd/.well-known/openid-configuration"}'}
    headers:
      access-control-allow-methods: ['GET, OPTIONS']
      access-control-allow-origin: ['*']
      cache-control: ['private, max-age=86400']
      content-length: ['131']
      content-type: [application/json; charset=utf-8]
      date: ['Thu, 07 Feb 2019 05:50:35 GMT']
      p3p: [CP="DSP CUR OTPi IND OTRi ONL FIN"]
      set-cookie: ['fpc=AV4ax-CHnAxJiEG1BUr0Exo; expires=Sat, 09-Mar-2019 05:50:35
          GMT; path=/; secure; HttpOnly', esctx=AQABAAAAAACEfexXxjamQb3OeGQ4GugvSd1X83C06U9bIysVlHMa4-52M9SsSvyUEZY14xeNC6iMEEcTIcWMMn_LfP1kdTU75wNvHAwq3SeemoMfaV8xFnrD6tJ8UecDXD9PbhMm0YuFzA7Wcw7vV_8-Poi7Qw4z4Co_dLpqC-CDn3-I9aYc8hgPnrHcEexLpTn-rCGfFbUgAA;
          domain=.login.windows.net; path=/; secure; HttpOnly, x-ms-gateway-slice=corp;
          path=/; secure; HttpOnly, stsservicecookie=estscorp; path=/; secure; HttpOnly]
      strict-transport-security: [max-age=31536000; includeSubDomains]
      x-content-type-options: [nosniff]
    status: {code: 200, message: OK}
- request:
    body: null
    headers:
      Accept: [application/json]
      Accept-Encoding: ['gzip, deflate']
      CommandName: [network privatedns zone create]
      Connection: [keep-alive]
      ParameterSetName: [-g -n]
      User-Agent: [python/3.7.2 (Windows-10-10.0.17763-SP0) msrest/0.6.4 msrest_azure/0.6.0
          azure-mgmt-privatedns/1.0.0 Azure-SDK-For-Python AZURECLI/2.0.57]
    method: GET
    uri: https://api-dogfood.resources.windows-int.net/subscriptions/00000000-0000-0000-0000-000000000000/resourceGroups/clitest_privatedns000001/providers/Microsoft.Network/privateDnsOperationStatuses/RnJvbnRFbmRBc3luY09wZXJhdGlvbjtVcHNlcnRQcml2YXRlRG5zWm9uZTszYjM1YWRmNS05OTM1LTQwYTAtOTU1YS1mM2UxYTk2NmVhNDY=?api-version=2018-09-01
  response:
    body: {string: '{"status":"Succeeded"}'}
    headers:
      cache-control: [private]
      content-length: ['22']
      content-type: [application/json; charset=utf-8]
      date: ['Thu, 07 Feb 2019 05:50:36 GMT']
      server: [Microsoft-IIS/10.0]
      strict-transport-security: [max-age=31536000; includeSubDomains]
      transfer-encoding: [chunked]
      vary: [Accept-Encoding]
      x-aspnet-version: [4.0.30319]
      x-content-type-options: [nosniff]
      x-ms-ratelimit-remaining-subscription-resource-requests: ['11978']
      x-powered-by: [ASP.NET]
    status: {code: 200, message: OK}
- request:
    body: null
    headers:
      Accept: ['*/*']
      Accept-Charset: [utf-8]
      Accept-Encoding: ['gzip, deflate']
      Connection: [keep-alive]
      User-Agent: [python-requests/2.21.0]
      return-client-request-id: ['true']
      x-client-CPU: [x86]
      x-client-OS: [win32]
      x-client-SKU: [Python]
      x-client-Ver: [1.2.1]
    method: GET
    uri: https://login.windows.net/common/discovery/instance?authorization_endpoint=https%3A%2F%2Flogin.windows-ppe.net%2Ff686d426-8d16-42db-81b7-ab578e110ccd%2Foauth2%2Fauthorize&api-version=1.0
  response:
    body: {string: '{"tenant_discovery_endpoint":"https://login.windows-ppe.net/f686d426-8d16-42db-81b7-ab578e110ccd/.well-known/openid-configuration"}'}
    headers:
      access-control-allow-methods: ['GET, OPTIONS']
      access-control-allow-origin: ['*']
      cache-control: ['private, max-age=86400']
      content-length: ['131']
      content-type: [application/json; charset=utf-8]
      date: ['Thu, 07 Feb 2019 05:50:36 GMT']
      p3p: [CP="DSP CUR OTPi IND OTRi ONL FIN"]
      set-cookie: ['fpc=AT3QWtjs9v5NhAdnqUWiIz4; expires=Sat, 09-Mar-2019 05:50:36
          GMT; path=/; secure; HttpOnly', esctx=AQABAAAAAACEfexXxjamQb3OeGQ4GugvXgQKcAShaMvWHFDWTooprBxMMtDunpax2bkzzAWwGktskjabzaRwuDW3WVyeYjf6wSoQNAUhnsUwy4uUI5WDAyjqP6RJn1B1wNgu0pvum6uIZZwaxC4d09Xc-j7NA0NkOrJMvN4BvnK5fzay11GL43GTgPEJNH_ilXPvY4nL7u0gAA;
          domain=.login.windows.net; path=/; secure; HttpOnly, x-ms-gateway-slice=corp;
          path=/; secure; HttpOnly, stsservicecookie=estscorp; path=/; secure; HttpOnly]
      strict-transport-security: [max-age=31536000; includeSubDomains]
      x-content-type-options: [nosniff]
    status: {code: 200, message: OK}
- request:
    body: null
    headers:
      Accept: [application/json]
      Accept-Encoding: ['gzip, deflate']
      CommandName: [network privatedns zone create]
      Connection: [keep-alive]
      ParameterSetName: [-g -n]
      User-Agent: [python/3.7.2 (Windows-10-10.0.17763-SP0) msrest/0.6.4 msrest_azure/0.6.0
          azure-mgmt-privatedns/1.0.0 Azure-SDK-For-Python AZURECLI/2.0.57]
    method: GET
    uri: https://api-dogfood.resources.windows-int.net/subscriptions/00000000-0000-0000-0000-000000000000/resourceGroups/clitest_privatedns000001/providers/Microsoft.Network/privateDnsZones/clitest.privatedns.com000002?api-version=2018-09-01
  response:
    body: {string: '{"id":"\/subscriptions\/ea6ee6cb-28eb-467a-a366-7262dfe56c37\/resourceGroups\/clitest_privatedns000001\/providers\/Microsoft.Network\/privateDnsZones\/clitest.privatedns.com000002","name":"clitest.privatedns.com000002","type":"Microsoft.Network\/privateDnsZones","etag":"2af30aca-a87f-43c6-a913-030bcaf241e6","location":"global","properties":{"maxNumberOfRecordSets":5000,"maxNumberOfVirtualNetworkLinks":10,"maxNumberOfVirtualNetworkLinksWithRegistration":1,"numberOfRecordSets":1,"numberOfVirtualNetworkLinks":0,"numberOfVirtualNetworkLinksWithRegistration":0,"provisioningState":"Succeeded"}}'}
    headers:
      cache-control: [private]
      content-length: ['660']
      content-type: [application/json; charset=utf-8]
      date: ['Thu, 07 Feb 2019 05:50:37 GMT']
      etag: [2af30aca-a87f-43c6-a913-030bcaf241e6]
      server: [Microsoft-IIS/10.0]
      strict-transport-security: [max-age=31536000; includeSubDomains]
      transfer-encoding: [chunked]
      vary: [Accept-Encoding]
      x-aspnet-version: [4.0.30319]
      x-content-type-options: [nosniff]
      x-ms-ratelimit-remaining-subscription-resource-requests: ['11948']
      x-powered-by: [ASP.NET]
    status: {code: 200, message: OK}
- request:
    body: null
    headers:
      Accept: ['*/*']
      Accept-Charset: [utf-8]
      Accept-Encoding: ['gzip, deflate']
      Connection: [keep-alive]
      User-Agent: [python-requests/2.21.0]
      return-client-request-id: ['true']
      x-client-CPU: [x86]
      x-client-OS: [win32]
      x-client-SKU: [Python]
      x-client-Ver: [1.2.1]
    method: GET
    uri: https://login.windows.net/common/discovery/instance?authorization_endpoint=https%3A%2F%2Flogin.windows-ppe.net%2Ff686d426-8d16-42db-81b7-ab578e110ccd%2Foauth2%2Fauthorize&api-version=1.0
  response:
    body: {string: '{"tenant_discovery_endpoint":"https://login.windows-ppe.net/f686d426-8d16-42db-81b7-ab578e110ccd/.well-known/openid-configuration"}'}
    headers:
      access-control-allow-methods: ['GET, OPTIONS']
      access-control-allow-origin: ['*']
      cache-control: ['private, max-age=86400']
      content-length: ['131']
      content-type: [application/json; charset=utf-8]
      date: ['Thu, 07 Feb 2019 05:50:39 GMT']
      p3p: [CP="DSP CUR OTPi IND OTRi ONL FIN"]
      set-cookie: ['fpc=Abi7ra58AGRDvl4cnNf-3cU; expires=Sat, 09-Mar-2019 05:50:40
          GMT; path=/; secure; HttpOnly', esctx=AQABAAAAAACEfexXxjamQb3OeGQ4GugvddYWT4gG0iJ-akgVmFFmsX-XqebrNpgjej_N8i-u24qiaeCSz9nXSU8NTzhLZkVNf88AwopmPc6KFW096Ll2PbT5FyVrFPEyQKxZCD862grUTWFifP_xG9HcgGFnR_su9LXVvGNTPTRge4HXZqfRuG6au00cB4A6D8WrJDv4_YsgAA;
          domain=.login.windows.net; path=/; secure; HttpOnly, x-ms-gateway-slice=corp;
          path=/; secure; HttpOnly, stsservicecookie=estscorp; path=/; secure; HttpOnly]
      strict-transport-security: [max-age=31536000; includeSubDomains]
      x-content-type-options: [nosniff]
    status: {code: 200, message: OK}
- request:
    body: null
    headers:
      Accept: [application/json]
      Accept-Encoding: ['gzip, deflate']
      CommandName: [network vnet create]
      Connection: [keep-alive]
      ParameterSetName: [-g -n]
      User-Agent: [python/3.7.2 (Windows-10-10.0.17763-SP0) msrest/0.6.4 msrest_azure/0.6.0
          resourcemanagementclient/2.1.0 Azure-SDK-For-Python AZURECLI/2.0.57]
      accept-language: [en-US]
    method: GET
    uri: https://api-dogfood.resources.windows-int.net/subscriptions/00000000-0000-0000-0000-000000000000/resourcegroups/clitest_privatedns000001?api-version=2018-05-01
  response:
    body: {string: '{"id":"/subscriptions/00000000-0000-0000-0000-000000000000/resourceGroups/clitest_privatedns000001","name":"clitest_privatedns000001","location":"westus","tags":{"product":"azurecli","cause":"automation","date":"2019-02-07T05:50:27Z"},"properties":{"provisioningState":"Succeeded"}}'}
    headers:
      cache-control: [no-cache]
      content-length: ['384']
      content-type: [application/json; charset=utf-8]
      date: ['Thu, 07 Feb 2019 05:50:40 GMT']
      expires: ['-1']
      pragma: [no-cache]
      strict-transport-security: [max-age=31536000; includeSubDomains]
      vary: [Accept-Encoding]
      x-content-type-options: [nosniff]
    status: {code: 200, message: OK}
- request:
    body: null
    headers:
      Accept: ['*/*']
      Accept-Charset: [utf-8]
      Accept-Encoding: ['gzip, deflate']
      Connection: [keep-alive]
      User-Agent: [python-requests/2.21.0]
      return-client-request-id: ['true']
      x-client-CPU: [x86]
      x-client-OS: [win32]
      x-client-SKU: [Python]
      x-client-Ver: [1.2.1]
    method: GET
    uri: https://login.windows.net/common/discovery/instance?authorization_endpoint=https%3A%2F%2Flogin.windows-ppe.net%2Ff686d426-8d16-42db-81b7-ab578e110ccd%2Foauth2%2Fauthorize&api-version=1.0
  response:
    body: {string: '{"tenant_discovery_endpoint":"https://login.windows-ppe.net/f686d426-8d16-42db-81b7-ab578e110ccd/.well-known/openid-configuration"}'}
    headers:
      access-control-allow-methods: ['GET, OPTIONS']
      access-control-allow-origin: ['*']
      cache-control: ['private, max-age=86400']
      content-length: ['131']
      content-type: [application/json; charset=utf-8]
      date: ['Thu, 07 Feb 2019 05:50:41 GMT']
      p3p: [CP="DSP CUR OTPi IND OTRi ONL FIN"]
      set-cookie: ['fpc=Adv6iWLM735JkXvhrYGC4JI; expires=Sat, 09-Mar-2019 05:50:41
          GMT; path=/; secure; HttpOnly', esctx=AQABAAAAAACEfexXxjamQb3OeGQ4Gugv0Tbc7sXVY_HLLudpAiJs6VhkqG4tOLo_up1CMiFSFi8jzwMPq7kwts-9pOr3qokR8t4UKDz1WT8zW3SddzbWJQXYy-1iPhtoCvpb7WyXECXXpRVJG4_RoGJON_WQzX--PReXh3tgt94OonhD1SCF2-KHwE4KOYFtoGfGvXU0dlEgAA;
          domain=.login.windows.net; path=/; secure; HttpOnly, x-ms-gateway-slice=corp;
          path=/; secure; HttpOnly, stsservicecookie=estscorp; path=/; secure; HttpOnly]
      strict-transport-security: [max-age=31536000; includeSubDomains]
      x-content-type-options: [nosniff]
    status: {code: 200, message: OK}
- request:
    body: '{"location": "westus", "tags": {}, "properties": {"addressSpace": {"addressPrefixes":
      ["10.0.0.0/16"]}, "dhcpOptions": {}}}'
    headers:
      Accept: [application/json]
      Accept-Encoding: ['gzip, deflate']
      CommandName: [network vnet create]
      Connection: [keep-alive]
      Content-Length: ['123']
      Content-Type: [application/json; charset=utf-8]
      ParameterSetName: [-g -n]
      User-Agent: [python/3.7.2 (Windows-10-10.0.17763-SP0) msrest/0.6.4 msrest_azure/0.6.0
          networkmanagementclient/2.4.0 Azure-SDK-For-Python AZURECLI/2.0.57]
      accept-language: [en-US]
    method: PUT
    uri: https://api-dogfood.resources.windows-int.net/subscriptions/00000000-0000-0000-0000-000000000000/resourceGroups/clitest_privatedns000001/providers/Microsoft.Network/virtualNetworks/clitestprivatednsvnet000003?api-version=2018-10-01
  response:
    body: {string: "{\r\n  \"name\": \"clitestprivatednsvnet000003\",\r\n  \"id\"\
        : \"/subscriptions/00000000-0000-0000-0000-000000000000/resourceGroups/clitest_privatedns000001/providers/Microsoft.Network/virtualNetworks/clitestprivatednsvnet000003\"\
        ,\r\n  \"etag\": \"W/\\\"4877dffb-d4a4-4f36-a231-7e389a74fed4\\\"\",\r\n \
        \ \"type\": \"Microsoft.Network/virtualNetworks\",\r\n  \"location\": \"westus\"\
        ,\r\n  \"tags\": {},\r\n  \"properties\": {\r\n    \"provisioningState\":\
        \ \"Updating\",\r\n    \"resourceGuid\": \"0d38adfa-3c9e-4976-959b-1fe6026ce679\"\
        ,\r\n    \"addressSpace\": {\r\n      \"addressPrefixes\": [\r\n        \"\
        10.0.0.0/16\"\r\n      ]\r\n    },\r\n    \"dhcpOptions\": {\r\n      \"dnsServers\"\
        : []\r\n    },\r\n    \"subnets\": [],\r\n    \"virtualNetworkPeerings\":\
        \ [],\r\n    \"enableDdosProtection\": false,\r\n    \"enableVmProtection\"\
        : false\r\n  }\r\n}"}
    headers:
      azure-asyncoperation: ['https://api-dogfood.resources.windows-int.net/subscriptions/00000000-0000-0000-0000-000000000000/providers/Microsoft.Network/locations/nrp8/operations/9d755166-44fd-4f9e-81e2-5d8f0d7010ba?api-version=2018-10-01']
      cache-control: [no-cache]
      content-length: ['826']
      content-type: [application/json; charset=utf-8]
      date: ['Thu, 07 Feb 2019 05:50:43 GMT']
      expires: ['-1']
      pragma: [no-cache]
      server: [Microsoft-HTTPAPI/2.0, Microsoft-HTTPAPI/2.0]
      strict-transport-security: [max-age=31536000; includeSubDomains]
      x-content-type-options: [nosniff]
      x-ms-ratelimit-remaining-subscription-writes: ['1189']
    status: {code: 201, message: Created}
- request:
    body: null
    headers:
      Accept: ['*/*']
      Accept-Charset: [utf-8]
      Accept-Encoding: ['gzip, deflate']
      Connection: [keep-alive]
      User-Agent: [python-requests/2.21.0]
      return-client-request-id: ['true']
      x-client-CPU: [x86]
      x-client-OS: [win32]
      x-client-SKU: [Python]
      x-client-Ver: [1.2.1]
    method: GET
    uri: https://login.windows.net/common/discovery/instance?authorization_endpoint=https%3A%2F%2Flogin.windows-ppe.net%2Ff686d426-8d16-42db-81b7-ab578e110ccd%2Foauth2%2Fauthorize&api-version=1.0
  response:
    body: {string: '{"tenant_discovery_endpoint":"https://login.windows-ppe.net/f686d426-8d16-42db-81b7-ab578e110ccd/.well-known/openid-configuration"}'}
    headers:
      access-control-allow-methods: ['GET, OPTIONS']
      access-control-allow-origin: ['*']
      cache-control: ['private, max-age=86400']
      content-length: ['131']
      content-type: [application/json; charset=utf-8]
      date: ['Thu, 07 Feb 2019 05:50:46 GMT']
      p3p: [CP="DSP CUR OTPi IND OTRi ONL FIN"]
      set-cookie: ['fpc=Ade2l0yuvU5Ejm0CpfumaZE; expires=Sat, 09-Mar-2019 05:50:46
          GMT; path=/; secure; HttpOnly', esctx=AQABAAAAAACEfexXxjamQb3OeGQ4GugvQL9JNlzm53N8ylgUoDDDHF-jyRM-zgTPrTGPQHco8s0W27u3Y663UITcznBlm9Ow_-LRJBT7Ch1LjWXRRj8PYMVdRGj3deKD_LGUpmq4y5AmXKOWRU5qtOKNeeDhx6M9Z3Vys7QkdyOgvbSfNi4fu2WPkGfo2NIP796muKTULvQgAA;
          domain=.login.windows.net; path=/; secure; HttpOnly, x-ms-gateway-slice=corp;
          path=/; secure; HttpOnly, stsservicecookie=estscorp; path=/; secure; HttpOnly]
      strict-transport-security: [max-age=31536000; includeSubDomains]
      x-content-type-options: [nosniff]
    status: {code: 200, message: OK}
- request:
    body: null
    headers:
      Accept: [application/json]
      Accept-Encoding: ['gzip, deflate']
      CommandName: [network vnet create]
      Connection: [keep-alive]
      ParameterSetName: [-g -n]
      User-Agent: [python/3.7.2 (Windows-10-10.0.17763-SP0) msrest/0.6.4 msrest_azure/0.6.0
          networkmanagementclient/2.4.0 Azure-SDK-For-Python AZURECLI/2.0.57]
    method: GET
    uri: https://api-dogfood.resources.windows-int.net/subscriptions/00000000-0000-0000-0000-000000000000/providers/Microsoft.Network/locations/nrp8/operations/9d755166-44fd-4f9e-81e2-5d8f0d7010ba?api-version=2018-10-01
  response:
    body: {string: "{\r\n  \"status\": \"Succeeded\"\r\n}"}
    headers:
      cache-control: [no-cache]
      content-length: ['29']
      content-type: [application/json; charset=utf-8]
      date: ['Thu, 07 Feb 2019 05:50:46 GMT']
      expires: ['-1']
      pragma: [no-cache]
      server: [Microsoft-HTTPAPI/2.0, Microsoft-HTTPAPI/2.0]
      strict-transport-security: [max-age=31536000; includeSubDomains]
      transfer-encoding: [chunked]
      vary: [Accept-Encoding]
      x-content-type-options: [nosniff]
    status: {code: 200, message: OK}
- request:
    body: null
    headers:
      Accept: ['*/*']
      Accept-Charset: [utf-8]
      Accept-Encoding: ['gzip, deflate']
      Connection: [keep-alive]
      User-Agent: [python-requests/2.21.0]
      return-client-request-id: ['true']
      x-client-CPU: [x86]
      x-client-OS: [win32]
      x-client-SKU: [Python]
      x-client-Ver: [1.2.1]
    method: GET
    uri: https://login.windows.net/common/discovery/instance?authorization_endpoint=https%3A%2F%2Flogin.windows-ppe.net%2Ff686d426-8d16-42db-81b7-ab578e110ccd%2Foauth2%2Fauthorize&api-version=1.0
  response:
    body: {string: '{"tenant_discovery_endpoint":"https://login.windows-ppe.net/f686d426-8d16-42db-81b7-ab578e110ccd/.well-known/openid-configuration"}'}
    headers:
      access-control-allow-methods: ['GET, OPTIONS']
      access-control-allow-origin: ['*']
      cache-control: ['private, max-age=86400']
      content-length: ['131']
      content-type: [application/json; charset=utf-8]
      date: ['Thu, 07 Feb 2019 05:50:46 GMT']
      p3p: [CP="DSP CUR OTPi IND OTRi ONL FIN"]
      set-cookie: ['fpc=AQ29rugVBwJCjSV2LbDoBNE; expires=Sat, 09-Mar-2019 05:50:47
          GMT; path=/; secure; HttpOnly', esctx=AQABAAAAAACEfexXxjamQb3OeGQ4GugvmknGZX3Am9ipI8YDqF91WigXmp1XXbjuyLaaYMreFNcDsQHPmnY1P4b7Wgq0Hc0l5Ck7yhNAM6YSjHB-GJjh2uItduvlIYByW_sKY5fCvjGvv0zF3zIPLyaGHjcRxAlyNVtoBROHgSeQTVWkqpjQE9SvCFgcaja_qc4Ert807NsgAA;
          domain=.login.windows.net; path=/; secure; HttpOnly, x-ms-gateway-slice=corp;
          path=/; secure; HttpOnly, stsservicecookie=estscorp; path=/; secure; HttpOnly]
      strict-transport-security: [max-age=31536000; includeSubDomains]
      x-content-type-options: [nosniff]
    status: {code: 200, message: OK}
- request:
    body: null
    headers:
      Accept: [application/json]
      Accept-Encoding: ['gzip, deflate']
      CommandName: [network vnet create]
      Connection: [keep-alive]
      ParameterSetName: [-g -n]
      User-Agent: [python/3.7.2 (Windows-10-10.0.17763-SP0) msrest/0.6.4 msrest_azure/0.6.0
          networkmanagementclient/2.4.0 Azure-SDK-For-Python AZURECLI/2.0.57]
    method: GET
    uri: https://api-dogfood.resources.windows-int.net/subscriptions/00000000-0000-0000-0000-000000000000/resourceGroups/clitest_privatedns000001/providers/Microsoft.Network/virtualNetworks/clitestprivatednsvnet000003?api-version=2018-10-01
  response:
    body: {string: "{\r\n  \"name\": \"clitestprivatednsvnet000003\",\r\n  \"id\"\
        : \"/subscriptions/00000000-0000-0000-0000-000000000000/resourceGroups/clitest_privatedns000001/providers/Microsoft.Network/virtualNetworks/clitestprivatednsvnet000003\"\
        ,\r\n  \"etag\": \"W/\\\"073fce2b-e401-42fd-9c73-6ab0906ce227\\\"\",\r\n \
        \ \"type\": \"Microsoft.Network/virtualNetworks\",\r\n  \"location\": \"westus\"\
        ,\r\n  \"tags\": {},\r\n  \"properties\": {\r\n    \"provisioningState\":\
        \ \"Succeeded\",\r\n    \"resourceGuid\": \"0d38adfa-3c9e-4976-959b-1fe6026ce679\"\
        ,\r\n    \"addressSpace\": {\r\n      \"addressPrefixes\": [\r\n        \"\
        10.0.0.0/16\"\r\n      ]\r\n    },\r\n    \"dhcpOptions\": {\r\n      \"dnsServers\"\
        : []\r\n    },\r\n    \"subnets\": [],\r\n    \"virtualNetworkPeerings\":\
        \ [],\r\n    \"enableDdosProtection\": false,\r\n    \"enableVmProtection\"\
        : false\r\n  }\r\n}"}
    headers:
      cache-control: [no-cache]
      content-length: ['827']
      content-type: [application/json; charset=utf-8]
      date: ['Thu, 07 Feb 2019 05:50:48 GMT']
      etag: [W/"073fce2b-e401-42fd-9c73-6ab0906ce227"]
      expires: ['-1']
      pragma: [no-cache]
      server: [Microsoft-HTTPAPI/2.0, Microsoft-HTTPAPI/2.0]
      strict-transport-security: [max-age=31536000; includeSubDomains]
      transfer-encoding: [chunked]
      vary: [Accept-Encoding]
      x-content-type-options: [nosniff]
    status: {code: 200, message: OK}
- request:
    body: null
    headers:
      Accept: ['*/*']
      Accept-Charset: [utf-8]
      Accept-Encoding: ['gzip, deflate']
      Connection: [keep-alive]
      User-Agent: [python-requests/2.21.0]
      return-client-request-id: ['true']
      x-client-CPU: [x86]
      x-client-OS: [win32]
      x-client-SKU: [Python]
      x-client-Ver: [1.2.1]
    method: GET
    uri: https://login.windows.net/common/discovery/instance?authorization_endpoint=https%3A%2F%2Flogin.windows-ppe.net%2Ff686d426-8d16-42db-81b7-ab578e110ccd%2Foauth2%2Fauthorize&api-version=1.0
  response:
    body: {string: '{"tenant_discovery_endpoint":"https://login.windows-ppe.net/f686d426-8d16-42db-81b7-ab578e110ccd/.well-known/openid-configuration"}'}
    headers:
      access-control-allow-methods: ['GET, OPTIONS']
      access-control-allow-origin: ['*']
      cache-control: ['private, max-age=86400']
      content-length: ['131']
      content-type: [application/json; charset=utf-8]
      date: ['Thu, 07 Feb 2019 05:50:50 GMT']
      p3p: [CP="DSP CUR OTPi IND OTRi ONL FIN"]
      set-cookie: ['fpc=ATz6Kzmb0htKvwfuSeCrpZ0; expires=Sat, 09-Mar-2019 05:50:50
          GMT; path=/; secure; HttpOnly', esctx=AQABAAAAAACEfexXxjamQb3OeGQ4GugviZqVaOcPrjcMp1lJPcM03fAq700pCfNBPqMTvalfJQTCXNsM9NMyDMjGovJ9SI0nv0761YyDfvkJ97NP23i0NV6TWX2tcj6Ay4ygW61EeJGUhyVaV60mMGZBL1vRm-yePS8MnzGnep9YOwIhU6tkxVMc7XrM1goHPK7FrRRas6ogAA;
          domain=.login.windows.net; path=/; secure; HttpOnly, x-ms-gateway-slice=corp;
          path=/; secure; HttpOnly, stsservicecookie=estscorp; path=/; secure; HttpOnly]
      strict-transport-security: [max-age=31536000; includeSubDomains]
      x-content-type-options: [nosniff]
    status: {code: 200, message: OK}
- request:
    body: 'b''b\''{"location": "global", "properties": {"virtualNetwork": {"id": "/subscriptions/00000000-0000-0000-0000-000000000000/resourceGroups/clitest_privatedns000001/providers/Microsoft.Network/virtualNetworks/clitestprivatednsvnet000003"},
      "registrationEnabled": false}}\'''''
    headers:
      Accept: [application/json]
      Accept-Encoding: ['gzip, deflate']
      CommandName: [network privatedns link create]
      Connection: [keep-alive]
      Content-Length: ['320']
      Content-Type: [application/json; charset=utf-8]
      If-None-Match: ['*']
      ParameterSetName: [-g -n -z -v -e]
      User-Agent: [python/3.7.2 (Windows-10-10.0.17763-SP0) msrest/0.6.4 msrest_azure/0.6.0
          azure-mgmt-privatedns/1.0.0 Azure-SDK-For-Python AZURECLI/2.0.57]
      accept-language: [en-US]
    method: PUT
    uri: https://api-dogfood.resources.windows-int.net/subscriptions/00000000-0000-0000-0000-000000000000/resourceGroups/clitest_privatedns000001/providers/Microsoft.Network/privateDnsZones/clitest.privatedns.com000002/virtualNetworkLinks/clitestprivatednslink000004?api-version=2018-09-01
  response:
    body: {string: ''}
    headers:
      azure-asyncoperation: ['https://api-dogfood.resources.windows-int.net:443/subscriptions/00000000-0000-0000-0000-000000000000/resourceGroups/clitest_privatedns000001/providers/Microsoft.Network/privateDnsOperationStatuses/RnJvbnRFbmRBc3luY09wZXJhdGlvbjtVcHNlcnRWaXJ0dWFsTmV0d29ya0xpbms7M2FkMGMyZDktYjY3Ny00NjE4LTliYmQtMzE1OGNjYzZmOWQ5?api-version=2018-09-01']
      cache-control: [private]
      content-length: ['0']
      date: ['Thu, 07 Feb 2019 05:50:50 GMT']
      location: ['https://api-dogfood.resources.windows-int.net/subscriptions/00000000-0000-0000-0000-000000000000/resourceGroups/clitest_privatedns000001/providers/Microsoft.Network/privateDnsOperationResults/RnJvbnRFbmRBc3luY09wZXJhdGlvbjtVcHNlcnRWaXJ0dWFsTmV0d29ya0xpbms7M2FkMGMyZDktYjY3Ny00NjE4LTliYmQtMzE1OGNjYzZmOWQ5?api-version=2018-09-01']
      server: [Microsoft-IIS/10.0]
      strict-transport-security: [max-age=31536000; includeSubDomains]
      x-aspnet-version: [4.0.30319]
      x-content-type-options: [nosniff]
      x-ms-ratelimit-remaining-subscription-resource-requests: ['11996']
      x-powered-by: [ASP.NET]
    status: {code: 202, message: Accepted}
- request:
    body: null
    headers:
      Accept: ['*/*']
      Accept-Charset: [utf-8]
      Accept-Encoding: ['gzip, deflate']
      Connection: [keep-alive]
      User-Agent: [python-requests/2.21.0]
      return-client-request-id: ['true']
      x-client-CPU: [x86]
      x-client-OS: [win32]
      x-client-SKU: [Python]
      x-client-Ver: [1.2.1]
    method: GET
    uri: https://login.windows.net/common/discovery/instance?authorization_endpoint=https%3A%2F%2Flogin.windows-ppe.net%2Ff686d426-8d16-42db-81b7-ab578e110ccd%2Foauth2%2Fauthorize&api-version=1.0
  response:
    body: {string: '{"tenant_discovery_endpoint":"https://login.windows-ppe.net/f686d426-8d16-42db-81b7-ab578e110ccd/.well-known/openid-configuration"}'}
    headers:
      access-control-allow-methods: ['GET, OPTIONS']
      access-control-allow-origin: ['*']
      cache-control: ['private, max-age=86400']
      content-length: ['131']
      content-type: [application/json; charset=utf-8]
      date: ['Thu, 07 Feb 2019 05:50:54 GMT']
      p3p: [CP="DSP CUR OTPi IND OTRi ONL FIN"]
      set-cookie: ['fpc=AapmiKOWwLRNhvSIQC5FBPs; expires=Sat, 09-Mar-2019 05:50:54
          GMT; path=/; secure; HttpOnly', esctx=AQABAAAAAACEfexXxjamQb3OeGQ4GugvanTGPK1sFqamyYG867Yz4xX-QSPn_C7_Qqe0Htc62qYsODEucDkx7oYj6UcHycVokY-bYkZzOgZB0B5t9SFPUFQfS0t6c1SnV3UAL7Tz1XgvV38rjEGqjk3ObLcE8HB8rV8JzC2gi8cv38hf4OUtuBvQWG5R4ganImva7jjYmWsgAA;
          domain=.login.windows.net; path=/; secure; HttpOnly, x-ms-gateway-slice=corp;
          path=/; secure; HttpOnly, stsservicecookie=estscorp; path=/; secure; HttpOnly]
      strict-transport-security: [max-age=31536000; includeSubDomains]
      x-content-type-options: [nosniff]
    status: {code: 200, message: OK}
- request:
    body: null
    headers:
      Accept: [application/json]
      Accept-Encoding: ['gzip, deflate']
      CommandName: [network privatedns link create]
      Connection: [keep-alive]
      ParameterSetName: [-g -n -z -v -e]
      User-Agent: [python/3.7.2 (Windows-10-10.0.17763-SP0) msrest/0.6.4 msrest_azure/0.6.0
          azure-mgmt-privatedns/1.0.0 Azure-SDK-For-Python AZURECLI/2.0.57]
    method: GET
    uri: https://api-dogfood.resources.windows-int.net/subscriptions/00000000-0000-0000-0000-000000000000/resourceGroups/clitest_privatedns000001/providers/Microsoft.Network/privateDnsOperationStatuses/RnJvbnRFbmRBc3luY09wZXJhdGlvbjtVcHNlcnRWaXJ0dWFsTmV0d29ya0xpbms7M2FkMGMyZDktYjY3Ny00NjE4LTliYmQtMzE1OGNjYzZmOWQ5?api-version=2018-09-01
  response:
    body: {string: '{"status":"InProgress"}'}
    headers:
      azure-asyncoperation: ['https://api-dogfood.resources.windows-int.net:443/subscriptions/00000000-0000-0000-0000-000000000000/resourceGroups/clitest_privatedns000001/providers/Microsoft.Network/privateDnsOperationStatuses/RnJvbnRFbmRBc3luY09wZXJhdGlvbjtVcHNlcnRWaXJ0dWFsTmV0d29ya0xpbms7M2FkMGMyZDktYjY3Ny00NjE4LTliYmQtMzE1OGNjYzZmOWQ5?api-version=2018-09-01']
      cache-control: [private]
      content-length: ['23']
      content-type: [application/json; charset=utf-8]
      date: ['Thu, 07 Feb 2019 05:50:54 GMT']
      location: ['https://api-dogfood.resources.windows-int.net/subscriptions/00000000-0000-0000-0000-000000000000/resourceGroups/clitest_privatedns000001/providers/Microsoft.Network/privateDnsOperationResults/RnJvbnRFbmRBc3luY09wZXJhdGlvbjtVcHNlcnRWaXJ0dWFsTmV0d29ya0xpbms7M2FkMGMyZDktYjY3Ny00NjE4LTliYmQtMzE1OGNjYzZmOWQ5?api-version=2018-09-01']
      server: [Microsoft-IIS/10.0]
      strict-transport-security: [max-age=31536000; includeSubDomains]
      x-aspnet-version: [4.0.30319]
      x-content-type-options: [nosniff]
      x-ms-ratelimit-remaining-subscription-resource-requests: ['11973']
      x-powered-by: [ASP.NET]
    status: {code: 202, message: Accepted}
- request:
    body: null
    headers:
      Accept: ['*/*']
      Accept-Charset: [utf-8]
      Accept-Encoding: ['gzip, deflate']
      Connection: [keep-alive]
      User-Agent: [python-requests/2.21.0]
      return-client-request-id: ['true']
      x-client-CPU: [x86]
      x-client-OS: [win32]
      x-client-SKU: [Python]
      x-client-Ver: [1.2.1]
    method: GET
    uri: https://login.windows.net/common/discovery/instance?authorization_endpoint=https%3A%2F%2Flogin.windows-ppe.net%2Ff686d426-8d16-42db-81b7-ab578e110ccd%2Foauth2%2Fauthorize&api-version=1.0
  response:
    body: {string: '{"tenant_discovery_endpoint":"https://login.windows-ppe.net/f686d426-8d16-42db-81b7-ab578e110ccd/.well-known/openid-configuration"}'}
    headers:
      access-control-allow-methods: ['GET, OPTIONS']
      access-control-allow-origin: ['*']
      cache-control: ['private, max-age=86400']
      content-length: ['131']
      content-type: [application/json; charset=utf-8]
      date: ['Thu, 07 Feb 2019 05:50:58 GMT']
      p3p: [CP="DSP CUR OTPi IND OTRi ONL FIN"]
      set-cookie: ['fpc=AYtvTi6zNI9Dh5yiHfbytNA; expires=Sat, 09-Mar-2019 05:50:58
          GMT; path=/; secure; HttpOnly', esctx=AQABAAAAAACEfexXxjamQb3OeGQ4GugvJL7fzRsvL1gJA4BP2i6BVT0s0w7U7qXOpeJOciBiA6KzAwKx84UmhnYTMGsy8a0TDirrSCjoD9nIqPfIHTalBuQosZCwywTTSJC1_TNYFuyiRbzfEP1GJ1VaWtETjbLVQVmqzDi6L8r7ousEdagduk42Zl0nKGMdQSuGB4sccZYgAA;
          domain=.login.windows.net; path=/; secure; HttpOnly, x-ms-gateway-slice=corp;
          path=/; secure; HttpOnly, stsservicecookie=estscorp; path=/; secure; HttpOnly]
      strict-transport-security: [max-age=31536000; includeSubDomains]
      x-content-type-options: [nosniff]
    status: {code: 200, message: OK}
- request:
    body: null
    headers:
      Accept: [application/json]
      Accept-Encoding: ['gzip, deflate']
      CommandName: [network privatedns link create]
      Connection: [keep-alive]
      ParameterSetName: [-g -n -z -v -e]
      User-Agent: [python/3.7.2 (Windows-10-10.0.17763-SP0) msrest/0.6.4 msrest_azure/0.6.0
          azure-mgmt-privatedns/1.0.0 Azure-SDK-For-Python AZURECLI/2.0.57]
    method: GET
    uri: https://api-dogfood.resources.windows-int.net/subscriptions/00000000-0000-0000-0000-000000000000/resourceGroups/clitest_privatedns000001/providers/Microsoft.Network/privateDnsOperationStatuses/RnJvbnRFbmRBc3luY09wZXJhdGlvbjtVcHNlcnRWaXJ0dWFsTmV0d29ya0xpbms7M2FkMGMyZDktYjY3Ny00NjE4LTliYmQtMzE1OGNjYzZmOWQ5?api-version=2018-09-01
  response:
    body: {string: '{"status":"Succeeded"}'}
    headers:
      cache-control: [private]
      content-length: ['22']
      content-type: [application/json; charset=utf-8]
      date: ['Thu, 07 Feb 2019 05:50:58 GMT']
      server: [Microsoft-IIS/10.0]
      strict-transport-security: [max-age=31536000; includeSubDomains]
      transfer-encoding: [chunked]
      vary: [Accept-Encoding]
      x-aspnet-version: [4.0.30319]
      x-content-type-options: [nosniff]
      x-ms-ratelimit-remaining-subscription-resource-requests: ['11971']
      x-powered-by: [ASP.NET]
    status: {code: 200, message: OK}
- request:
    body: null
    headers:
      Accept: ['*/*']
      Accept-Charset: [utf-8]
      Accept-Encoding: ['gzip, deflate']
      Connection: [keep-alive]
      User-Agent: [python-requests/2.21.0]
      return-client-request-id: ['true']
      x-client-CPU: [x86]
      x-client-OS: [win32]
      x-client-SKU: [Python]
      x-client-Ver: [1.2.1]
    method: GET
    uri: https://login.windows.net/common/discovery/instance?authorization_endpoint=https%3A%2F%2Flogin.windows-ppe.net%2Ff686d426-8d16-42db-81b7-ab578e110ccd%2Foauth2%2Fauthorize&api-version=1.0
  response:
    body: {string: '{"tenant_discovery_endpoint":"https://login.windows-ppe.net/f686d426-8d16-42db-81b7-ab578e110ccd/.well-known/openid-configuration"}'}
    headers:
      access-control-allow-methods: ['GET, OPTIONS']
      access-control-allow-origin: ['*']
      cache-control: ['private, max-age=86400']
      content-length: ['131']
      content-type: [application/json; charset=utf-8]
      date: ['Thu, 07 Feb 2019 05:50:59 GMT']
      p3p: [CP="DSP CUR OTPi IND OTRi ONL FIN"]
      set-cookie: ['fpc=AcDw6JBUhJhDhY0Is7iX3PA; expires=Sat, 09-Mar-2019 05:50:59
          GMT; path=/; secure; HttpOnly', esctx=AQABAAAAAACEfexXxjamQb3OeGQ4GugvuBtkmgiZGE2KJoFwY1dPQ5rzvtNJQ7aDx4BP8BrKc494FPDP0ETJSblNHk55foZLJ6FJV1VaBF05suhwCKCp1DJ5VkZTdvwQt346iut9CwSK6BtI4zVxjyS6YuCCIUJoxYYPwZxd8kaq5ts9gQIgLA9_hiUaU8czAl2BNOqis5cgAA;
          domain=.login.windows.net; path=/; secure; HttpOnly, x-ms-gateway-slice=corp;
          path=/; secure; HttpOnly, stsservicecookie=estscorp; path=/; secure; HttpOnly]
      strict-transport-security: [max-age=31536000; includeSubDomains]
      x-content-type-options: [nosniff]
    status: {code: 200, message: OK}
- request:
    body: null
    headers:
      Accept: [application/json]
      Accept-Encoding: ['gzip, deflate']
      CommandName: [network privatedns link create]
      Connection: [keep-alive]
      ParameterSetName: [-g -n -z -v -e]
      User-Agent: [python/3.7.2 (Windows-10-10.0.17763-SP0) msrest/0.6.4 msrest_azure/0.6.0
          azure-mgmt-privatedns/1.0.0 Azure-SDK-For-Python AZURECLI/2.0.57]
    method: GET
    uri: https://api-dogfood.resources.windows-int.net/subscriptions/00000000-0000-0000-0000-000000000000/resourceGroups/clitest_privatedns000001/providers/Microsoft.Network/privateDnsZones/clitest.privatedns.com000002/virtualNetworkLinks/clitestprivatednslink000004?api-version=2018-09-01
  response:
    body: {string: '{"id":"\/subscriptions\/ea6ee6cb-28eb-467a-a366-7262dfe56c37\/resourceGroups\/clitest_privatedns000001\/providers\/Microsoft.Network\/privateDnsZones\/clitest.privatedns.com000002\/virtualNetworkLinks\/clitestprivatednslink000004","name":"clitestprivatednslink000004","type":"Microsoft.Network\/privateDnsZones\/virtualNetworkLinks","etag":"\"0f0091ed-0000-0000-0000-5c5bc73f0000\"","location":"global","properties":{"provisioningState":"Succeeded","registrationEnabled":false,"virtualNetwork":{"id":"\/subscriptions\/ea6ee6cb-28eb-467a-a366-7262dfe56c37\/resourceGroups\/clitest_privatedns000001\/providers\/Microsoft.Network\/virtualNetworks\/clitestprivatednsvnet000003"},"virtualNetworkLinkState":"Completed"}}'}
    headers:
      cache-control: [private]
      content-length: ['847']
      content-type: [application/json; charset=utf-8]
      date: ['Thu, 07 Feb 2019 05:50:59 GMT']
      etag: ['"0f0091ed-0000-0000-0000-5c5bc73f0000"']
      server: [Microsoft-IIS/10.0]
      strict-transport-security: [max-age=31536000; includeSubDomains]
      transfer-encoding: [chunked]
      vary: [Accept-Encoding]
      x-aspnet-version: [4.0.30319]
      x-content-type-options: [nosniff]
      x-ms-ratelimit-remaining-subscription-resource-requests: ['11993']
      x-powered-by: [ASP.NET]
    status: {code: 200, message: OK}
- request:
    body: null
    headers:
      Accept: ['*/*']
      Accept-Charset: [utf-8]
      Accept-Encoding: ['gzip, deflate']
      Connection: [keep-alive]
      User-Agent: [python-requests/2.21.0]
      return-client-request-id: ['true']
      x-client-CPU: [x86]
      x-client-OS: [win32]
      x-client-SKU: [Python]
      x-client-Ver: [1.2.1]
    method: GET
    uri: https://login.windows.net/common/discovery/instance?authorization_endpoint=https%3A%2F%2Flogin.windows-ppe.net%2Ff686d426-8d16-42db-81b7-ab578e110ccd%2Foauth2%2Fauthorize&api-version=1.0
  response:
    body: {string: '{"tenant_discovery_endpoint":"https://login.windows-ppe.net/f686d426-8d16-42db-81b7-ab578e110ccd/.well-known/openid-configuration"}'}
    headers:
      access-control-allow-methods: ['GET, OPTIONS']
      access-control-allow-origin: ['*']
      cache-control: ['private, max-age=86400']
      content-length: ['131']
      content-type: [application/json; charset=utf-8]
      date: ['Thu, 07 Feb 2019 05:51:02 GMT']
      p3p: [CP="DSP CUR OTPi IND OTRi ONL FIN"]
      set-cookie: ['fpc=ATDYbunJbAVIoMy_PyIbGSU; expires=Sat, 09-Mar-2019 05:51:02
          GMT; path=/; secure; HttpOnly', esctx=AQABAAAAAACEfexXxjamQb3OeGQ4GugvLwRFYHiMlMhhrAvyPkK0_1PBT5_z44__ECss4ou1JFnw2E2C4fgK5t0pirG7dX6WC2ZqzP2-NyPWd9v7cvo-hDegoKIt4kPw9uEK7VRYeBTtOlM6U86ZdeJbjgS1qjCgy3cQ4cq38cmhIAQ5Gzb_ucn6GeE5AIowlqSUY2wWF2UgAA;
          domain=.login.windows.net; path=/; secure; HttpOnly, x-ms-gateway-slice=corp;
          path=/; secure; HttpOnly, stsservicecookie=estscorp; path=/; secure; HttpOnly]
      strict-transport-security: [max-age=31536000; includeSubDomains]
      x-content-type-options: [nosniff]
    status: {code: 200, message: OK}
- request:
    body: 'b''b\''{"location": "global", "properties": {"virtualNetwork": {"id": "/subscriptions/00000000-0000-0000-0000-000000000000/resourceGroups/clitest_privatedns000001/providers/Microsoft.Network/virtualNetworks/clitestprivatednsvnet000003"},
      "registrationEnabled": false}}\'''''
    headers:
      Accept: [application/json]
      Accept-Encoding: ['gzip, deflate']
      CommandName: [network privatedns link create]
      Connection: [keep-alive]
      Content-Length: ['320']
      Content-Type: [application/json; charset=utf-8]
      If-None-Match: ['*']
      ParameterSetName: [-g -n -z -v -e]
      User-Agent: [python/3.7.2 (Windows-10-10.0.17763-SP0) msrest/0.6.4 msrest_azure/0.6.0
          azure-mgmt-privatedns/1.0.0 Azure-SDK-For-Python AZURECLI/2.0.57]
      accept-language: [en-US]
    method: PUT
    uri: https://api-dogfood.resources.windows-int.net/subscriptions/00000000-0000-0000-0000-000000000000/resourceGroups/clitest_privatedns000001/providers/Microsoft.Network/privateDnsZones/clitest.privatedns.com000002/virtualNetworkLinks/clitestprivatednslink000004?api-version=2018-09-01
  response:
    body: {string: ''}
    headers:
      azure-asyncoperation: ['https://api-dogfood.resources.windows-int.net:443/subscriptions/00000000-0000-0000-0000-000000000000/resourceGroups/clitest_privatedns000001/providers/Microsoft.Network/privateDnsOperationStatuses/RnJvbnRFbmRBc3luY09wZXJhdGlvbjtVcHNlcnRWaXJ0dWFsTmV0d29ya0xpbms7YWFjN2IzMmYtM2ZlNC00NzQ1LTkwZmYtNzYzZGE1Y2ZhYTUw?api-version=2018-09-01']
      cache-control: [private]
      content-length: ['0']
      date: ['Thu, 07 Feb 2019 05:51:03 GMT']
      location: ['https://api-dogfood.resources.windows-int.net/subscriptions/00000000-0000-0000-0000-000000000000/resourceGroups/clitest_privatedns000001/providers/Microsoft.Network/privateDnsOperationResults/RnJvbnRFbmRBc3luY09wZXJhdGlvbjtVcHNlcnRWaXJ0dWFsTmV0d29ya0xpbms7YWFjN2IzMmYtM2ZlNC00NzQ1LTkwZmYtNzYzZGE1Y2ZhYTUw?api-version=2018-09-01']
      server: [Microsoft-IIS/10.0]
      strict-transport-security: [max-age=31536000; includeSubDomains]
      x-aspnet-version: [4.0.30319]
      x-content-type-options: [nosniff]
      x-ms-ratelimit-remaining-subscription-resource-requests: ['11992']
      x-powered-by: [ASP.NET]
    status: {code: 202, message: Accepted}
- request:
    body: null
    headers:
      Accept: ['*/*']
      Accept-Charset: [utf-8]
      Accept-Encoding: ['gzip, deflate']
      Connection: [keep-alive]
      User-Agent: [python-requests/2.21.0]
      return-client-request-id: ['true']
      x-client-CPU: [x86]
      x-client-OS: [win32]
      x-client-SKU: [Python]
      x-client-Ver: [1.2.1]
    method: GET
    uri: https://login.windows.net/common/discovery/instance?authorization_endpoint=https%3A%2F%2Flogin.windows-ppe.net%2Ff686d426-8d16-42db-81b7-ab578e110ccd%2Foauth2%2Fauthorize&api-version=1.0
  response:
    body: {string: '{"tenant_discovery_endpoint":"https://login.windows-ppe.net/f686d426-8d16-42db-81b7-ab578e110ccd/.well-known/openid-configuration"}'}
    headers:
      access-control-allow-methods: ['GET, OPTIONS']
      access-control-allow-origin: ['*']
      cache-control: ['private, max-age=86400']
      content-length: ['131']
      content-type: [application/json; charset=utf-8]
      date: ['Thu, 07 Feb 2019 05:51:06 GMT']
      p3p: [CP="DSP CUR OTPi IND OTRi ONL FIN"]
      set-cookie: ['fpc=AfYzH2byedBLqGhYVh75_CY; expires=Sat, 09-Mar-2019 05:51:07
          GMT; path=/; secure; HttpOnly', esctx=AQABAAAAAACEfexXxjamQb3OeGQ4GugvaoCpPI7piGCiyc0iM1I-ndPxo8psK_F1-HY9GGRI_MdGTb7lNydCHiwob5o0s9JrhdqLvvy9ITa0nkQpVuBvL6qPxRLBDdn-I9OD7QCfR6welMP4LbGa7N0GXdGAi8EOifQV5vl5l2ScZVqzkvgcIQn488W3tR9_DKah4hd_hz4gAA;
          domain=.login.windows.net; path=/; secure; HttpOnly, x-ms-gateway-slice=corp;
          path=/; secure; HttpOnly, stsservicecookie=estscorp; path=/; secure; HttpOnly]
      strict-transport-security: [max-age=31536000; includeSubDomains]
      x-content-type-options: [nosniff]
    status: {code: 200, message: OK}
- request:
    body: null
    headers:
      Accept: [application/json]
      Accept-Encoding: ['gzip, deflate']
      CommandName: [network privatedns link create]
      Connection: [keep-alive]
      ParameterSetName: [-g -n -z -v -e]
      User-Agent: [python/3.7.2 (Windows-10-10.0.17763-SP0) msrest/0.6.4 msrest_azure/0.6.0
          azure-mgmt-privatedns/1.0.0 Azure-SDK-For-Python AZURECLI/2.0.57]
    method: GET
    uri: https://api-dogfood.resources.windows-int.net/subscriptions/00000000-0000-0000-0000-000000000000/resourceGroups/clitest_privatedns000001/providers/Microsoft.Network/privateDnsOperationStatuses/RnJvbnRFbmRBc3luY09wZXJhdGlvbjtVcHNlcnRWaXJ0dWFsTmV0d29ya0xpbms7YWFjN2IzMmYtM2ZlNC00NzQ1LTkwZmYtNzYzZGE1Y2ZhYTUw?api-version=2018-09-01
  response:
    body: {string: '{"error":{"code":"PreconditionFailed","message":"The Virtual Network
        link clitestprivatednslink000004 for the Private DNS zone clitest.privatedns.com000002
        exists already and hence cannot be created again."},"status":"Failed"}'}
    headers:
      cache-control: [private]
      content-length: ['241']
      content-type: [application/json; charset=utf-8]
      date: ['Thu, 07 Feb 2019 05:51:07 GMT']
      server: [Microsoft-IIS/10.0]
      strict-transport-security: [max-age=31536000; includeSubDomains]
      transfer-encoding: [chunked]
      vary: [Accept-Encoding]
      x-aspnet-version: [4.0.30319]
      x-content-type-options: [nosniff]
      x-ms-ratelimit-remaining-subscription-resource-requests: ['11976']
      x-powered-by: [ASP.NET]
    status: {code: 200, message: OK}
- request:
    body: null
    headers:
      Accept: ['*/*']
      Accept-Charset: [utf-8]
      Accept-Encoding: ['gzip, deflate']
      Connection: [keep-alive]
      User-Agent: [python-requests/2.21.0]
      return-client-request-id: ['true']
      x-client-CPU: [x86]
      x-client-OS: [win32]
      x-client-SKU: [Python]
      x-client-Ver: [1.2.1]
    method: GET
    uri: https://login.windows.net/common/discovery/instance?authorization_endpoint=https%3A%2F%2Flogin.windows-ppe.net%2Ff686d426-8d16-42db-81b7-ab578e110ccd%2Foauth2%2Fauthorize&api-version=1.0
  response:
    body: {string: '{"tenant_discovery_endpoint":"https://login.windows-ppe.net/f686d426-8d16-42db-81b7-ab578e110ccd/.well-known/openid-configuration"}'}
    headers:
      access-control-allow-methods: ['GET, OPTIONS']
      access-control-allow-origin: ['*']
      cache-control: ['private, max-age=86400']
      content-length: ['131']
      content-type: [application/json; charset=utf-8]
      date: ['Thu, 07 Feb 2019 05:51:10 GMT']
      p3p: [CP="DSP CUR OTPi IND OTRi ONL FIN"]
      set-cookie: ['fpc=ARjt6R5-6G9GsC07oQNZsZ8; expires=Sat, 09-Mar-2019 05:51:10
          GMT; path=/; secure; HttpOnly', esctx=AQABAAAAAACEfexXxjamQb3OeGQ4Gugvt6KaUwehlzDlcEUhQk5loRkwJZfNgBFzMkerD_vXXIsYcAaWgDvzf2oNb5OC5_-XDm2RycngRjBlvsnGx5CQeUmBP1mQrJj4xUnH8GPtsR_GoKcno6D1ptK7DE5tfw8Gyir5IFgSmFu6Ac2JumNj3t6WCiC6AS354RMqjp-HDWYgAA;
          domain=.login.windows.net; path=/; secure; HttpOnly, x-ms-gateway-slice=corp;
          path=/; secure; HttpOnly, stsservicecookie=estscorp; path=/; secure; HttpOnly]
      strict-transport-security: [max-age=31536000; includeSubDomains]
      x-content-type-options: [nosniff]
    status: {code: 200, message: OK}
- request:
    body: null
    headers:
      Accept: [application/json]
      Accept-Encoding: ['gzip, deflate']
      CommandName: [group delete]
      Connection: [keep-alive]
      Content-Length: ['0']
      ParameterSetName: [--name --yes --no-wait]
      User-Agent: [python/3.7.2 (Windows-10-10.0.17763-SP0) msrest/0.6.4 msrest_azure/0.6.0
          resourcemanagementclient/2.1.0 Azure-SDK-For-Python AZURECLI/2.0.57]
      accept-language: [en-US]
    method: DELETE
    uri: https://api-dogfood.resources.windows-int.net/subscriptions/00000000-0000-0000-0000-000000000000/resourcegroups/clitest_privatedns000001?api-version=2018-05-01
  response:
    body: {string: ''}
    headers:
      cache-control: [no-cache]
      content-length: ['0']
      date: ['Thu, 07 Feb 2019 05:51:11 GMT']
      expires: ['-1']
      location: ['https://api-dogfood.resources.windows-int.net/subscriptions/00000000-0000-0000-0000-000000000000/operationresults/eyJqb2JJZCI6IlJFU09VUkNFR1JPVVBERUxFVElPTkpPQi1DTElURVNUOjVGUFJJVkFURUROU1BBQ1RNVjdTUlhBS0RaVVZMVVBaWERSNEpTSXwzRjFDQzI2N0I2OTcyMkU1LVdFU1RVUyIsImpvYkxvY2F0aW9uIjoid2VzdHVzIn0?api-version=2018-05-01']
      pragma: [no-cache]
      strict-transport-security: [max-age=31536000; includeSubDomains]
      x-content-type-options: [nosniff]
      x-ms-ratelimit-remaining-subscription-deletes: ['14989']
    status: {code: 202, message: Accepted}
version: 1
