interactions:
- request:
    body: null
    headers:
      Accept: ['*/*']
      Accept-Charset: [utf-8]
      Accept-Encoding: ['gzip, deflate']
      Connection: [keep-alive]
      User-Agent: [python-requests/2.21.0]
      return-client-request-id: ['true']
      x-client-CPU: [x86]
      x-client-OS: [win32]
      x-client-SKU: [Python]
      x-client-Ver: [1.2.1]
    method: GET
    uri: https://login.windows.net/common/discovery/instance?authorization_endpoint=https%3A%2F%2Flogin.windows-ppe.net%2Ff686d426-8d16-42db-81b7-ab578e110ccd%2Foauth2%2Fauthorize&api-version=1.0
  response:
    body: {string: '{"tenant_discovery_endpoint":"https://login.windows-ppe.net/f686d426-8d16-42db-81b7-ab578e110ccd/.well-known/openid-configuration"}'}
    headers:
      access-control-allow-methods: ['GET, OPTIONS']
      access-control-allow-origin: ['*']
      cache-control: ['private, max-age=86400']
      content-length: ['131']
      content-type: [application/json; charset=utf-8]
      date: ['Thu, 07 Feb 2019 05:51:29 GMT']
      p3p: [CP="DSP CUR OTPi IND OTRi ONL FIN"]
      set-cookie: ['fpc=ASCbrwqf6dxOg0e-6VIjIMI; expires=Sat, 09-Mar-2019 05:51:30
          GMT; path=/; secure; HttpOnly', esctx=AQABAAAAAACEfexXxjamQb3OeGQ4GugvTZ_QgARlHGz_piNw99VPIJ6tEBZ1ogwYKZbdqogAXCF5Bj-rGWBl07kj_ToIDqOCMKz8PR3khJmGqncKudzYgnExAlU33_mY3bWSwRHhLYzYAMnsl_JbyNJ8s0-ZgtsTseBAUuLujYg2ODsLmtkojZJrdSFN-hB6W_estHHewM4gAA;
          domain=.login.windows.net; path=/; secure; HttpOnly, x-ms-gateway-slice=corp;
          path=/; secure; HttpOnly, stsservicecookie=estscorp; path=/; secure; HttpOnly]
      strict-transport-security: [max-age=31536000; includeSubDomains]
      x-content-type-options: [nosniff]
    status: {code: 200, message: OK}
- request:
    body: '{"location": "westus", "tags": {"product": "azurecli", "cause": "automation",
      "date": "2019-02-07T05:51:28Z"}}'
    headers:
      Accept: [application/json]
      Accept-Encoding: ['gzip, deflate']
      CommandName: [group create]
      Connection: [keep-alive]
      Content-Length: ['110']
      Content-Type: [application/json; charset=utf-8]
      ParameterSetName: [--location --name --tag]
      User-Agent: [python/3.7.2 (Windows-10-10.0.17763-SP0) msrest/0.6.4 msrest_azure/0.6.0
          resourcemanagementclient/2.1.0 Azure-SDK-For-Python AZURECLI/2.0.57]
      accept-language: [en-US]
    method: PUT
    uri: https://api-dogfood.resources.windows-int.net/subscriptions/00000000-0000-0000-0000-000000000000/resourcegroups/clitest_privatedns000001?api-version=2018-05-01
  response:
    body: {string: '{"id":"/subscriptions/00000000-0000-0000-0000-000000000000/resourceGroups/clitest_privatedns000001","name":"clitest_privatedns000001","location":"westus","tags":{"product":"azurecli","cause":"automation","date":"2019-02-07T05:51:28Z"},"properties":{"provisioningState":"Succeeded"}}'}
    headers:
      cache-control: [no-cache]
      content-length: ['384']
      content-type: [application/json; charset=utf-8]
      date: ['Thu, 07 Feb 2019 05:51:30 GMT']
      expires: ['-1']
      pragma: [no-cache]
      strict-transport-security: [max-age=31536000; includeSubDomains]
      x-content-type-options: [nosniff]
      x-ms-ratelimit-remaining-subscription-writes: ['1176']
    status: {code: 201, message: Created}
- request:
    body: null
    headers:
      Accept: ['*/*']
      Accept-Charset: [utf-8]
      Accept-Encoding: ['gzip, deflate']
      Connection: [keep-alive]
      User-Agent: [python-requests/2.21.0]
      return-client-request-id: ['true']
      x-client-CPU: [x86]
      x-client-OS: [win32]
      x-client-SKU: [Python]
      x-client-Ver: [1.2.1]
    method: GET
    uri: https://login.windows.net/common/discovery/instance?authorization_endpoint=https%3A%2F%2Flogin.windows-ppe.net%2Ff686d426-8d16-42db-81b7-ab578e110ccd%2Foauth2%2Fauthorize&api-version=1.0
  response:
    body: {string: '{"tenant_discovery_endpoint":"https://login.windows-ppe.net/f686d426-8d16-42db-81b7-ab578e110ccd/.well-known/openid-configuration"}'}
    headers:
      access-control-allow-methods: ['GET, OPTIONS']
      access-control-allow-origin: ['*']
      cache-control: ['private, max-age=86400']
      content-length: ['131']
      content-type: [application/json; charset=utf-8]
      date: ['Thu, 07 Feb 2019 05:51:32 GMT']
      p3p: [CP="DSP CUR OTPi IND OTRi ONL FIN"]
      set-cookie: ['fpc=AXSWmQk9EjdHtiZCM143-88; expires=Sat, 09-Mar-2019 05:51:32
          GMT; path=/; secure; HttpOnly', esctx=AQABAAAAAACEfexXxjamQb3OeGQ4GugvpekVJ1gTw7UIGGbzdLjQOoSb6pTaROb0q4jiJy6qEVs-wWJ0q1V67idCm_bC9hmxH8cClMpqqVsssPLSw34PqMz3Xm2mUprIKpF8gDC5_0hBRpKLVPOhHUDN9U531j8xMoA0psD5E1E99pKFYF2VXc6kbLy2UySGxPRnOLZkjY8gAA;
          domain=.login.windows.net; path=/; secure; HttpOnly, x-ms-gateway-slice=corp;
          path=/; secure; HttpOnly, stsservicecookie=estscorp; path=/; secure; HttpOnly]
      strict-transport-security: [max-age=31536000; includeSubDomains]
      x-content-type-options: [nosniff]
    status: {code: 200, message: OK}
- request:
    body: '{"location": "global"}'
    headers:
      Accept: [application/json]
      Accept-Encoding: ['gzip, deflate']
      CommandName: [network privatedns zone create]
      Connection: [keep-alive]
      Content-Length: ['22']
      Content-Type: [application/json; charset=utf-8]
      If-None-Match: ['*']
      ParameterSetName: [-g -n]
      User-Agent: [python/3.7.2 (Windows-10-10.0.17763-SP0) msrest/0.6.4 msrest_azure/0.6.0
          azure-mgmt-privatedns/1.0.0 Azure-SDK-For-Python AZURECLI/2.0.57]
      accept-language: [en-US]
    method: PUT
    uri: https://api-dogfood.resources.windows-int.net/subscriptions/00000000-0000-0000-0000-000000000000/resourceGroups/clitest_privatedns000001/providers/Microsoft.Network/privateDnsZones/clitest.privatedns.com000002?api-version=2018-09-01
  response:
    body: {string: ''}
    headers:
      azure-asyncoperation: ['https://api-dogfood.resources.windows-int.net:443/subscriptions/00000000-0000-0000-0000-000000000000/resourceGroups/clitest_privatedns000001/providers/Microsoft.Network/privateDnsOperationStatuses/RnJvbnRFbmRBc3luY09wZXJhdGlvbjtVcHNlcnRQcml2YXRlRG5zWm9uZTs3ZWU3MDg0Ni1mZWVmLTQzY2UtODA5NS1kMGJkOWJjMTA5ZGI=?api-version=2018-09-01']
      cache-control: [private]
      content-length: ['0']
      date: ['Thu, 07 Feb 2019 05:51:33 GMT']
      location: ['https://api-dogfood.resources.windows-int.net/subscriptions/00000000-0000-0000-0000-000000000000/resourceGroups/clitest_privatedns000001/providers/Microsoft.Network/privateDnsOperationResults/RnJvbnRFbmRBc3luY09wZXJhdGlvbjtVcHNlcnRQcml2YXRlRG5zWm9uZTs3ZWU3MDg0Ni1mZWVmLTQzY2UtODA5NS1kMGJkOWJjMTA5ZGI=?api-version=2018-09-01']
      server: [Microsoft-IIS/10.0]
      strict-transport-security: [max-age=31536000; includeSubDomains]
      x-aspnet-version: [4.0.30319]
      x-content-type-options: [nosniff]
      x-ms-ratelimit-remaining-subscription-resource-requests: ['11986']
      x-powered-by: [ASP.NET]
    status: {code: 202, message: Accepted}
- request:
    body: null
    headers:
      Accept: ['*/*']
      Accept-Charset: [utf-8]
      Accept-Encoding: ['gzip, deflate']
      Connection: [keep-alive]
      User-Agent: [python-requests/2.21.0]
      return-client-request-id: ['true']
      x-client-CPU: [x86]
      x-client-OS: [win32]
      x-client-SKU: [Python]
      x-client-Ver: [1.2.1]
    method: GET
    uri: https://login.windows.net/common/discovery/instance?authorization_endpoint=https%3A%2F%2Flogin.windows-ppe.net%2Ff686d426-8d16-42db-81b7-ab578e110ccd%2Foauth2%2Fauthorize&api-version=1.0
  response:
    body: {string: '{"tenant_discovery_endpoint":"https://login.windows-ppe.net/f686d426-8d16-42db-81b7-ab578e110ccd/.well-known/openid-configuration"}'}
    headers:
      access-control-allow-methods: ['GET, OPTIONS']
      access-control-allow-origin: ['*']
      cache-control: ['private, max-age=86400']
      content-length: ['131']
      content-type: [application/json; charset=utf-8]
      date: ['Thu, 07 Feb 2019 05:51:37 GMT']
      p3p: [CP="DSP CUR OTPi IND OTRi ONL FIN"]
      set-cookie: ['fpc=AYxRdp7cSxtJmTIqL4V3zQk; expires=Sat, 09-Mar-2019 05:51:37
          GMT; path=/; secure; HttpOnly', esctx=AQABAAAAAACEfexXxjamQb3OeGQ4GugvHGGBdQNSib_hacqHxDwo7CZzXvQZmZnmuG22qWpgFNm0xTPfXRFxMF_WXAXdhnlhknRPy31GB9uVMjPrMaqOgxESC0o-HjbiVvbgiQgQ8j4t23AGHRreh76Ov02ZGb11ZSAfVTxkZitwUQ9MQoUjblaB6zGVqH_H8I9p9AplckQgAA;
          domain=.login.windows.net; path=/; secure; HttpOnly, x-ms-gateway-slice=corp;
          path=/; secure; HttpOnly, stsservicecookie=estscorp; path=/; secure; HttpOnly]
      strict-transport-security: [max-age=31536000; includeSubDomains]
      x-content-type-options: [nosniff]
    status: {code: 200, message: OK}
- request:
    body: null
    headers:
      Accept: [application/json]
      Accept-Encoding: ['gzip, deflate']
      CommandName: [network privatedns zone create]
      Connection: [keep-alive]
      ParameterSetName: [-g -n]
      User-Agent: [python/3.7.2 (Windows-10-10.0.17763-SP0) msrest/0.6.4 msrest_azure/0.6.0
          azure-mgmt-privatedns/1.0.0 Azure-SDK-For-Python AZURECLI/2.0.57]
    method: GET
    uri: https://api-dogfood.resources.windows-int.net/subscriptions/00000000-0000-0000-0000-000000000000/resourceGroups/clitest_privatedns000001/providers/Microsoft.Network/privateDnsOperationStatuses/RnJvbnRFbmRBc3luY09wZXJhdGlvbjtVcHNlcnRQcml2YXRlRG5zWm9uZTs3ZWU3MDg0Ni1mZWVmLTQzY2UtODA5NS1kMGJkOWJjMTA5ZGI=?api-version=2018-09-01
  response:
    body: {string: '{"status":"Succeeded"}'}
    headers:
      cache-control: [private]
      content-length: ['22']
      content-type: [application/json; charset=utf-8]
      date: ['Thu, 07 Feb 2019 05:51:37 GMT']
      server: [Microsoft-IIS/10.0]
      strict-transport-security: [max-age=31536000; includeSubDomains]
      transfer-encoding: [chunked]
      vary: [Accept-Encoding]
      x-aspnet-version: [4.0.30319]
      x-content-type-options: [nosniff]
      x-ms-ratelimit-remaining-subscription-resource-requests: ['11966']
      x-powered-by: [ASP.NET]
    status: {code: 200, message: OK}
- request:
    body: null
    headers:
      Accept: ['*/*']
      Accept-Charset: [utf-8]
      Accept-Encoding: ['gzip, deflate']
      Connection: [keep-alive]
      User-Agent: [python-requests/2.21.0]
      return-client-request-id: ['true']
      x-client-CPU: [x86]
      x-client-OS: [win32]
      x-client-SKU: [Python]
      x-client-Ver: [1.2.1]
    method: GET
    uri: https://login.windows.net/common/discovery/instance?authorization_endpoint=https%3A%2F%2Flogin.windows-ppe.net%2Ff686d426-8d16-42db-81b7-ab578e110ccd%2Foauth2%2Fauthorize&api-version=1.0
  response:
    body: {string: '{"tenant_discovery_endpoint":"https://login.windows-ppe.net/f686d426-8d16-42db-81b7-ab578e110ccd/.well-known/openid-configuration"}'}
    headers:
      access-control-allow-methods: ['GET, OPTIONS']
      access-control-allow-origin: ['*']
      cache-control: ['private, max-age=86400']
      content-length: ['131']
      content-type: [application/json; charset=utf-8]
      date: ['Thu, 07 Feb 2019 05:51:37 GMT']
      p3p: [CP="DSP CUR OTPi IND OTRi ONL FIN"]
      set-cookie: ['fpc=ASCQ4tJ2jl9Bur_cE3Q7w1U; expires=Sat, 09-Mar-2019 05:51:38
          GMT; path=/; secure; HttpOnly', esctx=AQABAAAAAACEfexXxjamQb3OeGQ4GugvtEI0NLftWaJScr5uKdb3qDx-OmSOrexjHrtuYgqB5FaB-rrNaosTatUzK0TFkisLohpwtL1yc6dGMnfceZBU3ROwgFaReL08upOejkSTEACUPtQmqy8MROXZ9tJ3j6x7L4Fbts8xBNTG3H8Bqv7FCq3yR4uTyZ5wOUbYCdF5pC8gAA;
          domain=.login.windows.net; path=/; secure; HttpOnly, x-ms-gateway-slice=corp;
          path=/; secure; HttpOnly, stsservicecookie=estscorp; path=/; secure; HttpOnly]
      strict-transport-security: [max-age=31536000; includeSubDomains]
      x-content-type-options: [nosniff]
    status: {code: 200, message: OK}
- request:
    body: null
    headers:
      Accept: [application/json]
      Accept-Encoding: ['gzip, deflate']
      CommandName: [network privatedns zone create]
      Connection: [keep-alive]
      ParameterSetName: [-g -n]
      User-Agent: [python/3.7.2 (Windows-10-10.0.17763-SP0) msrest/0.6.4 msrest_azure/0.6.0
          azure-mgmt-privatedns/1.0.0 Azure-SDK-For-Python AZURECLI/2.0.57]
    method: GET
    uri: https://api-dogfood.resources.windows-int.net/subscriptions/00000000-0000-0000-0000-000000000000/resourceGroups/clitest_privatedns000001/providers/Microsoft.Network/privateDnsZones/clitest.privatedns.com000002?api-version=2018-09-01
  response:
    body: {string: '{"id":"\/subscriptions\/ea6ee6cb-28eb-467a-a366-7262dfe56c37\/resourceGroups\/clitest_privatedns000001\/providers\/Microsoft.Network\/privateDnsZones\/clitest.privatedns.com000002","name":"clitest.privatedns.com000002","type":"Microsoft.Network\/privateDnsZones","etag":"1b570638-cfcf-4488-8551-19436e1ec584","location":"global","properties":{"maxNumberOfRecordSets":5000,"maxNumberOfVirtualNetworkLinks":10,"maxNumberOfVirtualNetworkLinksWithRegistration":1,"numberOfRecordSets":1,"numberOfVirtualNetworkLinks":0,"numberOfVirtualNetworkLinksWithRegistration":0,"provisioningState":"Succeeded"}}'}
    headers:
      cache-control: [private]
      content-length: ['660']
      content-type: [application/json; charset=utf-8]
      date: ['Thu, 07 Feb 2019 05:51:39 GMT']
      etag: [1b570638-cfcf-4488-8551-19436e1ec584]
      server: [Microsoft-IIS/10.0]
      strict-transport-security: [max-age=31536000; includeSubDomains]
      transfer-encoding: [chunked]
      vary: [Accept-Encoding]
      x-aspnet-version: [4.0.30319]
      x-content-type-options: [nosniff]
      x-ms-ratelimit-remaining-subscription-resource-requests: ['11870']
      x-powered-by: [ASP.NET]
    status: {code: 200, message: OK}
- request:
    body: null
    headers:
      Accept: ['*/*']
      Accept-Charset: [utf-8]
      Accept-Encoding: ['gzip, deflate']
      Connection: [keep-alive]
      User-Agent: [python-requests/2.21.0]
      return-client-request-id: ['true']
      x-client-CPU: [x86]
      x-client-OS: [win32]
      x-client-SKU: [Python]
      x-client-Ver: [1.2.1]
    method: GET
    uri: https://login.windows.net/common/discovery/instance?authorization_endpoint=https%3A%2F%2Flogin.windows-ppe.net%2Ff686d426-8d16-42db-81b7-ab578e110ccd%2Foauth2%2Fauthorize&api-version=1.0
  response:
    body: {string: '{"tenant_discovery_endpoint":"https://login.windows-ppe.net/f686d426-8d16-42db-81b7-ab578e110ccd/.well-known/openid-configuration"}'}
    headers:
      access-control-allow-methods: ['GET, OPTIONS']
      access-control-allow-origin: ['*']
      cache-control: ['private, max-age=86400']
      content-length: ['131']
      content-type: [application/json; charset=utf-8]
      date: ['Thu, 07 Feb 2019 05:51:41 GMT']
      p3p: [CP="DSP CUR OTPi IND OTRi ONL FIN"]
      set-cookie: ['fpc=AdjAF1jTYdxNq_pGzRJWjv8; expires=Sat, 09-Mar-2019 05:51:41
          GMT; path=/; secure; HttpOnly', esctx=AQABAAAAAACEfexXxjamQb3OeGQ4GugvIbwcHNxoocQfkXvqodr0IGnOOQ_bstBePHpN8i2XxLR3mcnRGc6VMFeyY3YfXQbwBclbbGwYWlZrsUh2oMRBINT5i9HfMwRT5ebaJp3YXJ8WYXeUBEz8SRm3M1-I5iDqhHbi9Cx7WrNUr82GZ7a40hM9HE90x0_E4HPkxbapWVAgAA;
          domain=.login.windows.net; path=/; secure; HttpOnly, x-ms-gateway-slice=corp;
          path=/; secure; HttpOnly, stsservicecookie=estscorp; path=/; secure; HttpOnly]
      strict-transport-security: [max-age=31536000; includeSubDomains]
      x-content-type-options: [nosniff]
    status: {code: 200, message: OK}
- request:
    body: '{"properties": {"ttl": 3600}}'
    headers:
      Accept: [application/json]
      Accept-Encoding: ['gzip, deflate']
      CommandName: [network privatedns record-set a create]
      Connection: [keep-alive]
      Content-Length: ['29']
      Content-Type: [application/json; charset=utf-8]
      If-None-Match: ['*']
      ParameterSetName: [-g -n -z]
      User-Agent: [python/3.7.2 (Windows-10-10.0.17763-SP0) msrest/0.6.4 msrest_azure/0.6.0
          azure-mgmt-privatedns/1.0.0 Azure-SDK-For-Python AZURECLI/2.0.57]
      accept-language: [en-US]
    method: PUT
    uri: https://api-dogfood.resources.windows-int.net/subscriptions/00000000-0000-0000-0000-000000000000/resourceGroups/clitest_privatedns000001/providers/Microsoft.Network/privateDnsZones/clitest.privatedns.com000002/A/clitestprivatednsrecordset000003?api-version=2018-09-01
  response:
    body: {string: '{"id":"\/subscriptions\/ea6ee6cb-28eb-467a-a366-7262dfe56c37\/resourceGroups\/clitest_privatedns000001\/providers\/Microsoft.Network\/privateDnsZones\/clitest.privatedns.com000002\/A\/clitestprivatednsrecordset000003","name":"clitestprivatednsrecordset000003","type":"Microsoft.Network\/privateDnsZones\/A","etag":"0abf6957-1a31-483e-8524-26354f50c27e","properties":{"fqdn":"clitestprivatednsrecordset000003.clitest.privatedns.com000002.","ttl":3600,"aRecords":[]}}'}
    headers:
      cache-control: [private]
      content-length: ['539']
      content-type: [application/json; charset=utf-8]
      date: ['Thu, 07 Feb 2019 05:51:42 GMT']
      etag: [0abf6957-1a31-483e-8524-26354f50c27e]
      server: [Microsoft-IIS/10.0]
      strict-transport-security: [max-age=31536000; includeSubDomains]
      x-aspnet-version: [4.0.30319]
      x-content-type-options: [nosniff]
      x-ms-ratelimit-remaining-subscription-resource-requests: ['11996']
      x-powered-by: [ASP.NET]
    status: {code: 201, message: Created}
- request:
    body: null
    headers:
      Accept: ['*/*']
      Accept-Charset: [utf-8]
      Accept-Encoding: ['gzip, deflate']
      Connection: [keep-alive]
      User-Agent: [python-requests/2.21.0]
      return-client-request-id: ['true']
      x-client-CPU: [x86]
      x-client-OS: [win32]
      x-client-SKU: [Python]
      x-client-Ver: [1.2.1]
    method: GET
    uri: https://login.windows.net/common/discovery/instance?authorization_endpoint=https%3A%2F%2Flogin.windows-ppe.net%2Ff686d426-8d16-42db-81b7-ab578e110ccd%2Foauth2%2Fauthorize&api-version=1.0
  response:
    body: {string: '{"tenant_discovery_endpoint":"https://login.windows-ppe.net/f686d426-8d16-42db-81b7-ab578e110ccd/.well-known/openid-configuration"}'}
    headers:
      access-control-allow-methods: ['GET, OPTIONS']
      access-control-allow-origin: ['*']
      cache-control: ['private, max-age=86400']
      content-length: ['131']
      content-type: [application/json; charset=utf-8]
      date: ['Thu, 07 Feb 2019 05:51:44 GMT']
      p3p: [CP="DSP CUR OTPi IND OTRi ONL FIN"]
      set-cookie: ['fpc=ATnxJlxQKsZApzk9QDRNSrU; expires=Sat, 09-Mar-2019 05:51:44
          GMT; path=/; secure; HttpOnly', esctx=AQABAAAAAACEfexXxjamQb3OeGQ4GugvdlHSiOwV7AdK0yxt5DplSXeYxUCZ8oh-r_kyZo4496IN4ROPjH1ZZkPrO4ALrn_ASINZgDt_5LnpC3_fEcXMYulPDXvwhyp0WN4_-iAIwfc6-hPjZ8DWK6fN0A5QVwBvtZs6_cn0rjRYTtQfiehW2UJ_ia6Kxo0Ygz4yhMZ8x8QgAA;
          domain=.login.windows.net; path=/; secure; HttpOnly, x-ms-gateway-slice=corp;
          path=/; secure; HttpOnly, stsservicecookie=estscorp; path=/; secure; HttpOnly]
      strict-transport-security: [max-age=31536000; includeSubDomains]
      x-content-type-options: [nosniff]
    status: {code: 200, message: OK}
- request:
    body: null
    headers:
      Accept: [application/json]
      Accept-Encoding: ['gzip, deflate']
      CommandName: [network privatedns record-set a add-record]
      Connection: [keep-alive]
      ParameterSetName: [-g -n -z -a]
      User-Agent: [python/3.7.2 (Windows-10-10.0.17763-SP0) msrest/0.6.4 msrest_azure/0.6.0
          azure-mgmt-privatedns/1.0.0 Azure-SDK-For-Python AZURECLI/2.0.57]
      accept-language: [en-US]
    method: GET
    uri: https://api-dogfood.resources.windows-int.net/subscriptions/00000000-0000-0000-0000-000000000000/resourceGroups/clitest_privatedns000001/providers/Microsoft.Network/privateDnsZones/clitest.privatedns.com000002/A/clitestprivatednsrecordset000003?api-version=2018-09-01
  response:
    body: {string: '{"id":"\/subscriptions\/ea6ee6cb-28eb-467a-a366-7262dfe56c37\/resourceGroups\/clitest_privatedns000001\/providers\/Microsoft.Network\/privateDnsZones\/clitest.privatedns.com000002\/A\/clitestprivatednsrecordset000003","name":"clitestprivatednsrecordset000003","type":"Microsoft.Network\/privateDnsZones\/A","etag":"0abf6957-1a31-483e-8524-26354f50c27e","properties":{"fqdn":"clitestprivatednsrecordset000003.clitest.privatedns.com000002.","ttl":3600,"aRecords":[]}}'}
    headers:
      cache-control: [private]
      content-length: ['539']
      content-type: [application/json; charset=utf-8]
      date: ['Thu, 07 Feb 2019 05:51:45 GMT']
      etag: [0abf6957-1a31-483e-8524-26354f50c27e]
      server: [Microsoft-IIS/10.0]
      strict-transport-security: [max-age=31536000; includeSubDomains]
      transfer-encoding: [chunked]
      vary: [Accept-Encoding]
      x-aspnet-version: [4.0.30319]
      x-content-type-options: [nosniff]
      x-ms-ratelimit-remaining-subscription-resource-requests: ['11998']
      x-powered-by: [ASP.NET]
    status: {code: 200, message: OK}
- request:
    body: null
    headers:
      Accept: ['*/*']
      Accept-Charset: [utf-8]
      Accept-Encoding: ['gzip, deflate']
      Connection: [keep-alive]
      User-Agent: [python-requests/2.21.0]
      return-client-request-id: ['true']
      x-client-CPU: [x86]
      x-client-OS: [win32]
      x-client-SKU: [Python]
      x-client-Ver: [1.2.1]
    method: GET
    uri: https://login.windows.net/common/discovery/instance?authorization_endpoint=https%3A%2F%2Flogin.windows-ppe.net%2Ff686d426-8d16-42db-81b7-ab578e110ccd%2Foauth2%2Fauthorize&api-version=1.0
  response:
    body: {string: '{"tenant_discovery_endpoint":"https://login.windows-ppe.net/f686d426-8d16-42db-81b7-ab578e110ccd/.well-known/openid-configuration"}'}
    headers:
      access-control-allow-methods: ['GET, OPTIONS']
      access-control-allow-origin: ['*']
      cache-control: ['private, max-age=86400']
      content-length: ['131']
      content-type: [application/json; charset=utf-8]
      date: ['Thu, 07 Feb 2019 05:51:44 GMT']
      p3p: [CP="DSP CUR OTPi IND OTRi ONL FIN"]
      set-cookie: ['fpc=AWEcOOBopEpNpqvfHAez9YI; expires=Sat, 09-Mar-2019 05:51:45
          GMT; path=/; secure; HttpOnly', esctx=AQABAAAAAACEfexXxjamQb3OeGQ4GugvZBdYRNpMHKkHeQVkm7kOJKVP4RwJL2Nn9W74s6J0mbspSFikPGH3miQk2lRFUprLY4ZeXu-Md8tPCdCAx-qY-tXlscd4LydA5JvyUAt-cVMzBpWvfPLx04ub_cvyEgiEFVIEb_AYJI5BZ4bpZ33Cm8b1AuT_O6s4vBucmHUHqHogAA;
          domain=.login.windows.net; path=/; secure; HttpOnly, x-ms-gateway-slice=corp;
          path=/; secure; HttpOnly, stsservicecookie=estscorp; path=/; secure; HttpOnly]
      strict-transport-security: [max-age=31536000; includeSubDomains]
      x-content-type-options: [nosniff]
    status: {code: 200, message: OK}
- request:
    body: '{"etag": "0abf6957-1a31-483e-8524-26354f50c27e", "properties": {"ttl":
      3600, "aRecords": [{"ipv4Address": "10.0.0.1"}]}}'
    headers:
      Accept: [application/json]
      Accept-Encoding: ['gzip, deflate']
      CommandName: [network privatedns record-set a add-record]
      Connection: [keep-alive]
      Content-Length: ['120']
      Content-Type: [application/json; charset=utf-8]
      ParameterSetName: [-g -n -z -a]
      User-Agent: [python/3.7.2 (Windows-10-10.0.17763-SP0) msrest/0.6.4 msrest_azure/0.6.0
          azure-mgmt-privatedns/1.0.0 Azure-SDK-For-Python AZURECLI/2.0.57]
      accept-language: [en-US]
    method: PUT
    uri: https://api-dogfood.resources.windows-int.net/subscriptions/00000000-0000-0000-0000-000000000000/resourceGroups/clitest_privatedns000001/providers/Microsoft.Network/privateDnsZones/clitest.privatedns.com000002/A/clitestprivatednsrecordset000003?api-version=2018-09-01
  response:
    body: {string: '{"id":"\/subscriptions\/ea6ee6cb-28eb-467a-a366-7262dfe56c37\/resourceGroups\/clitest_privatedns000001\/providers\/Microsoft.Network\/privateDnsZones\/clitest.privatedns.com000002\/A\/clitestprivatednsrecordset000003","name":"clitestprivatednsrecordset000003","type":"Microsoft.Network\/privateDnsZones\/A","etag":"deccb1f0-9103-447c-aaef-077ab49366fb","properties":{"fqdn":"clitestprivatednsrecordset000003.clitest.privatedns.com000002.","ttl":3600,"aRecords":[{"ipv4Address":"10.0.0.1"}]}}'}
    headers:
      cache-control: [private]
      content-length: ['565']
      content-type: [application/json; charset=utf-8]
      date: ['Thu, 07 Feb 2019 05:51:45 GMT']
      etag: [deccb1f0-9103-447c-aaef-077ab49366fb]
      server: [Microsoft-IIS/10.0]
      strict-transport-security: [max-age=31536000; includeSubDomains]
      transfer-encoding: [chunked]
      vary: [Accept-Encoding]
      x-aspnet-version: [4.0.30319]
      x-content-type-options: [nosniff]
      x-ms-ratelimit-remaining-subscription-resource-requests: ['11995']
      x-powered-by: [ASP.NET]
    status: {code: 200, message: OK}
- request:
    body: null
    headers:
      Accept: ['*/*']
      Accept-Charset: [utf-8]
      Accept-Encoding: ['gzip, deflate']
      Connection: [keep-alive]
      User-Agent: [python-requests/2.21.0]
      return-client-request-id: ['true']
      x-client-CPU: [x86]
      x-client-OS: [win32]
      x-client-SKU: [Python]
      x-client-Ver: [1.2.1]
    method: GET
    uri: https://login.windows.net/common/discovery/instance?authorization_endpoint=https%3A%2F%2Flogin.windows-ppe.net%2Ff686d426-8d16-42db-81b7-ab578e110ccd%2Foauth2%2Fauthorize&api-version=1.0
  response:
    body: {string: '{"tenant_discovery_endpoint":"https://login.windows-ppe.net/f686d426-8d16-42db-81b7-ab578e110ccd/.well-known/openid-configuration"}'}
    headers:
      access-control-allow-methods: ['GET, OPTIONS']
      access-control-allow-origin: ['*']
      cache-control: ['private, max-age=86400']
      content-length: ['131']
      content-type: [application/json; charset=utf-8]
      date: ['Thu, 07 Feb 2019 05:51:48 GMT']
      p3p: [CP="DSP CUR OTPi IND OTRi ONL FIN"]
      set-cookie: ['fpc=AU4okG5T3d5MuK88rIloJOg; expires=Sat, 09-Mar-2019 05:51:48
          GMT; path=/; secure; HttpOnly', esctx=AQABAAAAAACEfexXxjamQb3OeGQ4GugvquQwzqicNYkMDgC9v7oTIE3GjOAciFXAo01a6dYkwNCyo6lRkzyuBwMBwbwzKLj4nvZlCYkLimJgN8eZPw3mW4sp-uqMz7LBOANhj7ukBlC-xheYM5rDYxOZae-e5YVKxvaGRCBLwMyDhq_ko0DmznT4A8O12F5oMd8ZJRtLnhQgAA;
          domain=.login.windows.net; path=/; secure; HttpOnly, x-ms-gateway-slice=corp;
          path=/; secure; HttpOnly, stsservicecookie=estscorp; path=/; secure; HttpOnly]
      strict-transport-security: [max-age=31536000; includeSubDomains]
      x-content-type-options: [nosniff]
    status: {code: 200, message: OK}
- request:
    body: '{"properties": {"ttl": 3600}}'
    headers:
      Accept: [application/json]
      Accept-Encoding: ['gzip, deflate']
      CommandName: [network privatedns record-set a create]
      Connection: [keep-alive]
      Content-Length: ['29']
      Content-Type: [application/json; charset=utf-8]
      If-None-Match: ['*']
      ParameterSetName: [-g -n -z]
      User-Agent: [python/3.7.2 (Windows-10-10.0.17763-SP0) msrest/0.6.4 msrest_azure/0.6.0
          azure-mgmt-privatedns/1.0.0 Azure-SDK-For-Python AZURECLI/2.0.57]
      accept-language: [en-US]
    method: PUT
    uri: https://api-dogfood.resources.windows-int.net/subscriptions/00000000-0000-0000-0000-000000000000/resourceGroups/clitest_privatedns000001/providers/Microsoft.Network/privateDnsZones/clitest.privatedns.com000002/A/clitestprivatednsrecordset000004?api-version=2018-09-01
  response:
    body: {string: '{"id":"\/subscriptions\/ea6ee6cb-28eb-467a-a366-7262dfe56c37\/resourceGroups\/clitest_privatedns000001\/providers\/Microsoft.Network\/privateDnsZones\/clitest.privatedns.com000002\/A\/clitestprivatednsrecordset000004","name":"clitestprivatednsrecordset000004","type":"Microsoft.Network\/privateDnsZones\/A","etag":"1190911b-f0a5-497b-8d77-87e0ec639fa4","properties":{"fqdn":"clitestprivatednsrecordset000004.clitest.privatedns.com000002.","ttl":3600,"aRecords":[]}}'}
    headers:
      cache-control: [private]
      content-length: ['539']
      content-type: [application/json; charset=utf-8]
      date: ['Thu, 07 Feb 2019 05:51:48 GMT']
      etag: [1190911b-f0a5-497b-8d77-87e0ec639fa4]
      server: [Microsoft-IIS/10.0]
      strict-transport-security: [max-age=31536000; includeSubDomains]
      x-aspnet-version: [4.0.30319]
      x-content-type-options: [nosniff]
      x-ms-ratelimit-remaining-subscription-resource-requests: ['11998']
      x-powered-by: [ASP.NET]
    status: {code: 201, message: Created}
- request:
    body: null
    headers:
      Accept: ['*/*']
      Accept-Charset: [utf-8]
      Accept-Encoding: ['gzip, deflate']
      Connection: [keep-alive]
      User-Agent: [python-requests/2.21.0]
      return-client-request-id: ['true']
      x-client-CPU: [x86]
      x-client-OS: [win32]
      x-client-SKU: [Python]
      x-client-Ver: [1.2.1]
    method: GET
    uri: https://login.windows.net/common/discovery/instance?authorization_endpoint=https%3A%2F%2Flogin.windows-ppe.net%2Ff686d426-8d16-42db-81b7-ab578e110ccd%2Foauth2%2Fauthorize&api-version=1.0
  response:
    body: {string: '{"tenant_discovery_endpoint":"https://login.windows-ppe.net/f686d426-8d16-42db-81b7-ab578e110ccd/.well-known/openid-configuration"}'}
    headers:
      access-control-allow-methods: ['GET, OPTIONS']
      access-control-allow-origin: ['*']
      cache-control: ['private, max-age=86400']
      content-length: ['131']
      content-type: [application/json; charset=utf-8]
      date: ['Thu, 07 Feb 2019 05:51:50 GMT']
      p3p: [CP="DSP CUR OTPi IND OTRi ONL FIN"]
      set-cookie: ['fpc=ARYW9QJmHXdGpheYxgdYHPA; expires=Sat, 09-Mar-2019 05:51:50
          GMT; path=/; secure; HttpOnly', esctx=AQABAAAAAACEfexXxjamQb3OeGQ4GugvOtcdNqw3Me1EtpX99hZ9-8OXZHiWk-rCHGdBF9Ol2-Opiq9pob8jaUiNt0yYwLRHuH79ed7wU5Kps89evFcV3Zw_0sd8r-1IR6XdzrLMCTvW-MNteYPq7qk3zgJLmhB77ud4HBIEgeCOP5jMB48Mo8PO1I_YugRfjRuymHc4NA4gAA;
          domain=.login.windows.net; path=/; secure; HttpOnly, x-ms-gateway-slice=corp;
          path=/; secure; HttpOnly, stsservicecookie=estscorp; path=/; secure; HttpOnly]
      strict-transport-security: [max-age=31536000; includeSubDomains]
      x-content-type-options: [nosniff]
    status: {code: 200, message: OK}
- request:
    body: null
    headers:
      Accept: [application/json]
      Accept-Encoding: ['gzip, deflate']
      CommandName: [network privatedns record-set a add-record]
      Connection: [keep-alive]
      ParameterSetName: [-g -n -z -a]
      User-Agent: [python/3.7.2 (Windows-10-10.0.17763-SP0) msrest/0.6.4 msrest_azure/0.6.0
          azure-mgmt-privatedns/1.0.0 Azure-SDK-For-Python AZURECLI/2.0.57]
      accept-language: [en-US]
    method: GET
    uri: https://api-dogfood.resources.windows-int.net/subscriptions/00000000-0000-0000-0000-000000000000/resourceGroups/clitest_privatedns000001/providers/Microsoft.Network/privateDnsZones/clitest.privatedns.com000002/A/clitestprivatednsrecordset000004?api-version=2018-09-01
  response:
    body: {string: '{"id":"\/subscriptions\/ea6ee6cb-28eb-467a-a366-7262dfe56c37\/resourceGroups\/clitest_privatedns000001\/providers\/Microsoft.Network\/privateDnsZones\/clitest.privatedns.com000002\/A\/clitestprivatednsrecordset000004","name":"clitestprivatednsrecordset000004","type":"Microsoft.Network\/privateDnsZones\/A","etag":"1190911b-f0a5-497b-8d77-87e0ec639fa4","properties":{"fqdn":"clitestprivatednsrecordset000004.clitest.privatedns.com000002.","ttl":3600,"aRecords":[]}}'}
    headers:
      cache-control: [private]
      content-length: ['539']
      content-type: [application/json; charset=utf-8]
      date: ['Thu, 07 Feb 2019 05:51:51 GMT']
      etag: [1190911b-f0a5-497b-8d77-87e0ec639fa4]
      server: [Microsoft-IIS/10.0]
      strict-transport-security: [max-age=31536000; includeSubDomains]
      transfer-encoding: [chunked]
      vary: [Accept-Encoding]
      x-aspnet-version: [4.0.30319]
      x-content-type-options: [nosniff]
      x-ms-ratelimit-remaining-subscription-resource-requests: ['11997']
      x-powered-by: [ASP.NET]
    status: {code: 200, message: OK}
- request:
    body: null
    headers:
      Accept: ['*/*']
      Accept-Charset: [utf-8]
      Accept-Encoding: ['gzip, deflate']
      Connection: [keep-alive]
      User-Agent: [python-requests/2.21.0]
      return-client-request-id: ['true']
      x-client-CPU: [x86]
      x-client-OS: [win32]
      x-client-SKU: [Python]
      x-client-Ver: [1.2.1]
    method: GET
    uri: https://login.windows.net/common/discovery/instance?authorization_endpoint=https%3A%2F%2Flogin.windows-ppe.net%2Ff686d426-8d16-42db-81b7-ab578e110ccd%2Foauth2%2Fauthorize&api-version=1.0
  response:
    body: {string: '{"tenant_discovery_endpoint":"https://login.windows-ppe.net/f686d426-8d16-42db-81b7-ab578e110ccd/.well-known/openid-configuration"}'}
    headers:
      access-control-allow-methods: ['GET, OPTIONS']
      access-control-allow-origin: ['*']
      cache-control: ['private, max-age=86400']
      content-length: ['131']
      content-type: [application/json; charset=utf-8]
      date: ['Thu, 07 Feb 2019 05:51:50 GMT']
      p3p: [CP="DSP CUR OTPi IND OTRi ONL FIN"]
      set-cookie: ['fpc=AYdnaFNmM1NEoAfb5Giggr8; expires=Sat, 09-Mar-2019 05:51:51
          GMT; path=/; secure; HttpOnly', esctx=AQABAAAAAACEfexXxjamQb3OeGQ4GugvZdEe8WfyiapQuCOInXerqBwDedtKDU3Y0bmeBnsk2IY2V-AeBZRnZEqoMwlYlWs3Jf1LuGfzlA2b2EIpfnEabX1BoL-6m_WS5bMSOOCZDPeuSLj9PBFowx-X8NHIqGkwcgRNlvGMAdB40gCtMiHzlMPDdL8jhSzQXpQZGHOMUkcgAA;
          domain=.login.windows.net; path=/; secure; HttpOnly, x-ms-gateway-slice=corp;
          path=/; secure; HttpOnly, stsservicecookie=estscorp; path=/; secure; HttpOnly]
      strict-transport-security: [max-age=31536000; includeSubDomains]
      x-content-type-options: [nosniff]
    status: {code: 200, message: OK}
- request:
    body: '{"etag": "1190911b-f0a5-497b-8d77-87e0ec639fa4", "properties": {"ttl":
      3600, "aRecords": [{"ipv4Address": "10.0.0.1"}]}}'
    headers:
      Accept: [application/json]
      Accept-Encoding: ['gzip, deflate']
      CommandName: [network privatedns record-set a add-record]
      Connection: [keep-alive]
      Content-Length: ['120']
      Content-Type: [application/json; charset=utf-8]
      ParameterSetName: [-g -n -z -a]
      User-Agent: [python/3.7.2 (Windows-10-10.0.17763-SP0) msrest/0.6.4 msrest_azure/0.6.0
          azure-mgmt-privatedns/1.0.0 Azure-SDK-For-Python AZURECLI/2.0.57]
      accept-language: [en-US]
    method: PUT
    uri: https://api-dogfood.resources.windows-int.net/subscriptions/00000000-0000-0000-0000-000000000000/resourceGroups/clitest_privatedns000001/providers/Microsoft.Network/privateDnsZones/clitest.privatedns.com000002/A/clitestprivatednsrecordset000004?api-version=2018-09-01
  response:
    body: {string: '{"id":"\/subscriptions\/ea6ee6cb-28eb-467a-a366-7262dfe56c37\/resourceGroups\/clitest_privatedns000001\/providers\/Microsoft.Network\/privateDnsZones\/clitest.privatedns.com000002\/A\/clitestprivatednsrecordset000004","name":"clitestprivatednsrecordset000004","type":"Microsoft.Network\/privateDnsZones\/A","etag":"db9262dd-4e62-4e0e-8b76-c9a13f4bd58a","properties":{"fqdn":"clitestprivatednsrecordset000004.clitest.privatedns.com000002.","ttl":3600,"aRecords":[{"ipv4Address":"10.0.0.1"}]}}'}
    headers:
      cache-control: [private]
      content-length: ['565']
      content-type: [application/json; charset=utf-8]
      date: ['Thu, 07 Feb 2019 05:51:52 GMT']
      etag: [db9262dd-4e62-4e0e-8b76-c9a13f4bd58a]
      server: [Microsoft-IIS/10.0]
      strict-transport-security: [max-age=31536000; includeSubDomains]
      transfer-encoding: [chunked]
      vary: [Accept-Encoding]
      x-aspnet-version: [4.0.30319]
      x-content-type-options: [nosniff]
      x-ms-ratelimit-remaining-subscription-resource-requests: ['11994']
      x-powered-by: [ASP.NET]
    status: {code: 200, message: OK}
- request:
    body: null
    headers:
      Accept: ['*/*']
      Accept-Charset: [utf-8]
      Accept-Encoding: ['gzip, deflate']
      Connection: [keep-alive]
      User-Agent: [python-requests/2.21.0]
      return-client-request-id: ['true']
      x-client-CPU: [x86]
      x-client-OS: [win32]
      x-client-SKU: [Python]
      x-client-Ver: [1.2.1]
    method: GET
    uri: https://login.windows.net/common/discovery/instance?authorization_endpoint=https%3A%2F%2Flogin.windows-ppe.net%2Ff686d426-8d16-42db-81b7-ab578e110ccd%2Foauth2%2Fauthorize&api-version=1.0
  response:
    body: {string: '{"tenant_discovery_endpoint":"https://login.windows-ppe.net/f686d426-8d16-42db-81b7-ab578e110ccd/.well-known/openid-configuration"}'}
    headers:
      access-control-allow-methods: ['GET, OPTIONS']
      access-control-allow-origin: ['*']
      cache-control: ['private, max-age=86400']
      content-length: ['131']
      content-type: [application/json; charset=utf-8]
      date: ['Thu, 07 Feb 2019 05:51:53 GMT']
      p3p: [CP="DSP CUR OTPi IND OTRi ONL FIN"]
      set-cookie: ['fpc=AU_16TOBAVZCja9Tnq_yyI4; expires=Sat, 09-Mar-2019 05:51:54
          GMT; path=/; secure; HttpOnly', esctx=AQABAAAAAACEfexXxjamQb3OeGQ4GugvhYGeAHLY7i2lTBA8jiYPyXcgmag8UaTLLSUnZFhIy6jmwKhq-sCtYWAgs0WLsLcFjAx5-qYFls12YqZwpOwTCMdEjqYaWUvvcWKJSYfktSnfr7Drg6SOllfeSgElP41TTGh-RUrMQ3mJ9q5FCROGpj-aomMhMnpGL78_VDdYtmggAA;
          domain=.login.windows.net; path=/; secure; HttpOnly, x-ms-gateway-slice=corp;
          path=/; secure; HttpOnly, stsservicecookie=estscorp; path=/; secure; HttpOnly]
      strict-transport-security: [max-age=31536000; includeSubDomains]
      x-content-type-options: [nosniff]
    status: {code: 200, message: OK}
- request:
    body: '{"properties": {"ttl": 3600}}'
    headers:
      Accept: [application/json]
      Accept-Encoding: ['gzip, deflate']
      CommandName: [network privatedns record-set a create]
      Connection: [keep-alive]
      Content-Length: ['29']
      Content-Type: [application/json; charset=utf-8]
      If-None-Match: ['*']
      ParameterSetName: [-g -n -z]
      User-Agent: [python/3.7.2 (Windows-10-10.0.17763-SP0) msrest/0.6.4 msrest_azure/0.6.0
          azure-mgmt-privatedns/1.0.0 Azure-SDK-For-Python AZURECLI/2.0.57]
      accept-language: [en-US]
    method: PUT
    uri: https://api-dogfood.resources.windows-int.net/subscriptions/00000000-0000-0000-0000-000000000000/resourceGroups/clitest_privatedns000001/providers/Microsoft.Network/privateDnsZones/clitest.privatedns.com000002/A/clitestprivatednsrecordset000005?api-version=2018-09-01
  response:
    body: {string: '{"id":"\/subscriptions\/ea6ee6cb-28eb-467a-a366-7262dfe56c37\/resourceGroups\/clitest_privatedns000001\/providers\/Microsoft.Network\/privateDnsZones\/clitest.privatedns.com000002\/A\/clitestprivatednsrecordset000005","name":"clitestprivatednsrecordset000005","type":"Microsoft.Network\/privateDnsZones\/A","etag":"9f24ccab-ae90-484b-bc4c-7550ad2ff567","properties":{"fqdn":"clitestprivatednsrecordset000005.clitest.privatedns.com000002.","ttl":3600,"aRecords":[]}}'}
    headers:
      cache-control: [private]
      content-length: ['539']
      content-type: [application/json; charset=utf-8]
      date: ['Thu, 07 Feb 2019 05:51:55 GMT']
      etag: [9f24ccab-ae90-484b-bc4c-7550ad2ff567]
      server: [Microsoft-IIS/10.0]
      strict-transport-security: [max-age=31536000; includeSubDomains]
      x-aspnet-version: [4.0.30319]
      x-content-type-options: [nosniff]
      x-ms-ratelimit-remaining-subscription-resource-requests: ['11994']
      x-powered-by: [ASP.NET]
    status: {code: 201, message: Created}
- request:
    body: null
    headers:
      Accept: ['*/*']
      Accept-Charset: [utf-8]
      Accept-Encoding: ['gzip, deflate']
      Connection: [keep-alive]
      User-Agent: [python-requests/2.21.0]
      return-client-request-id: ['true']
      x-client-CPU: [x86]
      x-client-OS: [win32]
      x-client-SKU: [Python]
      x-client-Ver: [1.2.1]
    method: GET
    uri: https://login.windows.net/common/discovery/instance?authorization_endpoint=https%3A%2F%2Flogin.windows-ppe.net%2Ff686d426-8d16-42db-81b7-ab578e110ccd%2Foauth2%2Fauthorize&api-version=1.0
  response:
    body: {string: '{"tenant_discovery_endpoint":"https://login.windows-ppe.net/f686d426-8d16-42db-81b7-ab578e110ccd/.well-known/openid-configuration"}'}
    headers:
      access-control-allow-methods: ['GET, OPTIONS']
      access-control-allow-origin: ['*']
      cache-control: ['private, max-age=86400']
      content-length: ['131']
      content-type: [application/json; charset=utf-8]
      date: ['Thu, 07 Feb 2019 05:51:56 GMT']
      p3p: [CP="DSP CUR OTPi IND OTRi ONL FIN"]
      set-cookie: ['fpc=AbD7znDBUntIshoLudzpAP4; expires=Sat, 09-Mar-2019 05:51:57
          GMT; path=/; secure; HttpOnly', esctx=AQABAAAAAACEfexXxjamQb3OeGQ4Gugvs79UrY00UTbp9xsWX6eOxADs6Jc2_GWBQbmp20iO26O3reNZRSBOUhCdGGce1Vpo_ZuD98N1V7JAUsbB5234oidymbz211FP_mKiflnrtaoRomqqfWQbETnP40uyfUQS9el05XwhfT7c0xQgQMUSAd8MoP6lfJxaBZFNONzUofMgAA;
          domain=.login.windows.net; path=/; secure; HttpOnly, x-ms-gateway-slice=corp;
          path=/; secure; HttpOnly, stsservicecookie=estscorp; path=/; secure; HttpOnly]
      strict-transport-security: [max-age=31536000; includeSubDomains]
      x-content-type-options: [nosniff]
    status: {code: 200, message: OK}
- request:
    body: null
    headers:
      Accept: [application/json]
      Accept-Encoding: ['gzip, deflate']
      CommandName: [network privatedns record-set a add-record]
      Connection: [keep-alive]
      ParameterSetName: [-g -n -z -a]
      User-Agent: [python/3.7.2 (Windows-10-10.0.17763-SP0) msrest/0.6.4 msrest_azure/0.6.0
          azure-mgmt-privatedns/1.0.0 Azure-SDK-For-Python AZURECLI/2.0.57]
      accept-language: [en-US]
    method: GET
    uri: https://api-dogfood.resources.windows-int.net/subscriptions/00000000-0000-0000-0000-000000000000/resourceGroups/clitest_privatedns000001/providers/Microsoft.Network/privateDnsZones/clitest.privatedns.com000002/A/clitestprivatednsrecordset000005?api-version=2018-09-01
  response:
    body: {string: '{"id":"\/subscriptions\/ea6ee6cb-28eb-467a-a366-7262dfe56c37\/resourceGroups\/clitest_privatedns000001\/providers\/Microsoft.Network\/privateDnsZones\/clitest.privatedns.com000002\/A\/clitestprivatednsrecordset000005","name":"clitestprivatednsrecordset000005","type":"Microsoft.Network\/privateDnsZones\/A","etag":"9f24ccab-ae90-484b-bc4c-7550ad2ff567","properties":{"fqdn":"clitestprivatednsrecordset000005.clitest.privatedns.com000002.","ttl":3600,"aRecords":[]}}'}
    headers:
      cache-control: [private]
      content-length: ['539']
      content-type: [application/json; charset=utf-8]
      date: ['Thu, 07 Feb 2019 05:51:56 GMT']
      etag: [9f24ccab-ae90-484b-bc4c-7550ad2ff567]
      server: [Microsoft-IIS/10.0]
      strict-transport-security: [max-age=31536000; includeSubDomains]
      transfer-encoding: [chunked]
      vary: [Accept-Encoding]
      x-aspnet-version: [4.0.30319]
      x-content-type-options: [nosniff]
      x-ms-ratelimit-remaining-subscription-resource-requests: ['11997']
      x-powered-by: [ASP.NET]
    status: {code: 200, message: OK}
- request:
    body: null
    headers:
      Accept: ['*/*']
      Accept-Charset: [utf-8]
      Accept-Encoding: ['gzip, deflate']
      Connection: [keep-alive]
      User-Agent: [python-requests/2.21.0]
      return-client-request-id: ['true']
      x-client-CPU: [x86]
      x-client-OS: [win32]
      x-client-SKU: [Python]
      x-client-Ver: [1.2.1]
    method: GET
    uri: https://login.windows.net/common/discovery/instance?authorization_endpoint=https%3A%2F%2Flogin.windows-ppe.net%2Ff686d426-8d16-42db-81b7-ab578e110ccd%2Foauth2%2Fauthorize&api-version=1.0
  response:
    body: {string: '{"tenant_discovery_endpoint":"https://login.windows-ppe.net/f686d426-8d16-42db-81b7-ab578e110ccd/.well-known/openid-configuration"}'}
    headers:
      access-control-allow-methods: ['GET, OPTIONS']
      access-control-allow-origin: ['*']
      cache-control: ['private, max-age=86400']
      content-length: ['131']
      content-type: [application/json; charset=utf-8]
      date: ['Thu, 07 Feb 2019 05:51:57 GMT']
      p3p: [CP="DSP CUR OTPi IND OTRi ONL FIN"]
      set-cookie: ['fpc=AebJM6IB6KdMvWkRQ9jBdBw; expires=Sat, 09-Mar-2019 05:51:58
          GMT; path=/; secure; HttpOnly', esctx=AQABAAAAAACEfexXxjamQb3OeGQ4GugvVCSKlFCxPs2WmLPmW65Wpy0MHU-f8jTBfmha5qhJmXJbvDxsTy0viJTcKqoXb_D3r0mhytdgV77WbvrHmR0eu4m0pERcREKfgb39czcbt4eauQciEBf1pmBGsqfml645QaVnEt0dGNTETQMmnNJZorJDtQxmejzJ_VE15TIndo8gAA;
          domain=.login.windows.net; path=/; secure; HttpOnly, x-ms-gateway-slice=corp;
          path=/; secure; HttpOnly, stsservicecookie=estscorp; path=/; secure; HttpOnly]
      strict-transport-security: [max-age=31536000; includeSubDomains]
      x-content-type-options: [nosniff]
    status: {code: 200, message: OK}
- request:
    body: '{"etag": "9f24ccab-ae90-484b-bc4c-7550ad2ff567", "properties": {"ttl":
      3600, "aRecords": [{"ipv4Address": "10.0.0.1"}]}}'
    headers:
      Accept: [application/json]
      Accept-Encoding: ['gzip, deflate']
      CommandName: [network privatedns record-set a add-record]
      Connection: [keep-alive]
      Content-Length: ['120']
      Content-Type: [application/json; charset=utf-8]
      ParameterSetName: [-g -n -z -a]
      User-Agent: [python/3.7.2 (Windows-10-10.0.17763-SP0) msrest/0.6.4 msrest_azure/0.6.0
          azure-mgmt-privatedns/1.0.0 Azure-SDK-For-Python AZURECLI/2.0.57]
      accept-language: [en-US]
    method: PUT
    uri: https://api-dogfood.resources.windows-int.net/subscriptions/00000000-0000-0000-0000-000000000000/resourceGroups/clitest_privatedns000001/providers/Microsoft.Network/privateDnsZones/clitest.privatedns.com000002/A/clitestprivatednsrecordset000005?api-version=2018-09-01
  response:
    body: {string: '{"id":"\/subscriptions\/ea6ee6cb-28eb-467a-a366-7262dfe56c37\/resourceGroups\/clitest_privatedns000001\/providers\/Microsoft.Network\/privateDnsZones\/clitest.privatedns.com000002\/A\/clitestprivatednsrecordset000005","name":"clitestprivatednsrecordset000005","type":"Microsoft.Network\/privateDnsZones\/A","etag":"efbccfe8-24de-4192-a8c2-84a37822d3d9","properties":{"fqdn":"clitestprivatednsrecordset000005.clitest.privatedns.com000002.","ttl":3600,"aRecords":[{"ipv4Address":"10.0.0.1"}]}}'}
    headers:
      cache-control: [private]
      content-length: ['565']
      content-type: [application/json; charset=utf-8]
      date: ['Thu, 07 Feb 2019 05:51:58 GMT']
      etag: [efbccfe8-24de-4192-a8c2-84a37822d3d9]
      server: [Microsoft-IIS/10.0]
      strict-transport-security: [max-age=31536000; includeSubDomains]
      transfer-encoding: [chunked]
      vary: [Accept-Encoding]
      x-aspnet-version: [4.0.30319]
      x-content-type-options: [nosniff]
      x-ms-ratelimit-remaining-subscription-resource-requests: ['11995']
      x-powered-by: [ASP.NET]
    status: {code: 200, message: OK}
- request:
    body: null
    headers:
      Accept: ['*/*']
      Accept-Charset: [utf-8]
      Accept-Encoding: ['gzip, deflate']
      Connection: [keep-alive]
      User-Agent: [python-requests/2.21.0]
      return-client-request-id: ['true']
      x-client-CPU: [x86]
      x-client-OS: [win32]
      x-client-SKU: [Python]
      x-client-Ver: [1.2.1]
    method: GET
    uri: https://login.windows.net/common/discovery/instance?authorization_endpoint=https%3A%2F%2Flogin.windows-ppe.net%2Ff686d426-8d16-42db-81b7-ab578e110ccd%2Foauth2%2Fauthorize&api-version=1.0
  response:
    body: {string: '{"tenant_discovery_endpoint":"https://login.windows-ppe.net/f686d426-8d16-42db-81b7-ab578e110ccd/.well-known/openid-configuration"}'}
    headers:
      access-control-allow-methods: ['GET, OPTIONS']
      access-control-allow-origin: ['*']
      cache-control: ['private, max-age=86400']
      content-length: ['131']
      content-type: [application/json; charset=utf-8]
      date: ['Thu, 07 Feb 2019 05:51:59 GMT']
      p3p: [CP="DSP CUR OTPi IND OTRi ONL FIN"]
      set-cookie: ['fpc=Africt3c77xFiEID_4D-D2I; expires=Sat, 09-Mar-2019 05:52:00
          GMT; path=/; secure; HttpOnly', esctx=AQABAAAAAACEfexXxjamQb3OeGQ4GugvhtK4aWN4Lx-Xm_hnPAEuIMllUYhY6oVgCkYqTFOWzJfCL04b07Xddt3eBjahHUo3ZnfjT_uOciKD8tWAzdOzOB7gNjmT4joVEbK07rYw7SbmSPFgAQnOXKlACFHo6wrZUG0SC4wiq2K3bKYQqqXPnehnB5iOUOZ8Rlef-I0RaZAgAA;
          domain=.login.windows.net; path=/; secure; HttpOnly, x-ms-gateway-slice=corp;
          path=/; secure; HttpOnly, stsservicecookie=estscorp; path=/; secure; HttpOnly]
      strict-transport-security: [max-age=31536000; includeSubDomains]
      x-content-type-options: [nosniff]
    status: {code: 200, message: OK}
- request:
    body: '{"properties": {"ttl": 3600}}'
    headers:
      Accept: [application/json]
      Accept-Encoding: ['gzip, deflate']
      CommandName: [network privatedns record-set a create]
      Connection: [keep-alive]
      Content-Length: ['29']
      Content-Type: [application/json; charset=utf-8]
      If-None-Match: ['*']
      ParameterSetName: [-g -n -z]
      User-Agent: [python/3.7.2 (Windows-10-10.0.17763-SP0) msrest/0.6.4 msrest_azure/0.6.0
          azure-mgmt-privatedns/1.0.0 Azure-SDK-For-Python AZURECLI/2.0.57]
      accept-language: [en-US]
    method: PUT
    uri: https://api-dogfood.resources.windows-int.net/subscriptions/00000000-0000-0000-0000-000000000000/resourceGroups/clitest_privatedns000001/providers/Microsoft.Network/privateDnsZones/clitest.privatedns.com000002/A/clitestprivatednsrecordset000006?api-version=2018-09-01
  response:
    body: {string: '{"id":"\/subscriptions\/ea6ee6cb-28eb-467a-a366-7262dfe56c37\/resourceGroups\/clitest_privatedns000001\/providers\/Microsoft.Network\/privateDnsZones\/clitest.privatedns.com000002\/A\/clitestprivatednsrecordset000006","name":"clitestprivatednsrecordset000006","type":"Microsoft.Network\/privateDnsZones\/A","etag":"80ece52b-f5ad-4ab9-b51c-6106248e91dd","properties":{"fqdn":"clitestprivatednsrecordset000006.clitest.privatedns.com000002.","ttl":3600,"aRecords":[]}}'}
    headers:
      cache-control: [private]
      content-length: ['539']
      content-type: [application/json; charset=utf-8]
      date: ['Thu, 07 Feb 2019 05:52:00 GMT']
      etag: [80ece52b-f5ad-4ab9-b51c-6106248e91dd]
      server: [Microsoft-IIS/10.0]
      strict-transport-security: [max-age=31536000; includeSubDomains]
      x-aspnet-version: [4.0.30319]
      x-content-type-options: [nosniff]
      x-ms-ratelimit-remaining-subscription-resource-requests: ['11994']
      x-powered-by: [ASP.NET]
    status: {code: 201, message: Created}
- request:
    body: null
    headers:
      Accept: ['*/*']
      Accept-Charset: [utf-8]
      Accept-Encoding: ['gzip, deflate']
      Connection: [keep-alive]
      User-Agent: [python-requests/2.21.0]
      return-client-request-id: ['true']
      x-client-CPU: [x86]
      x-client-OS: [win32]
      x-client-SKU: [Python]
      x-client-Ver: [1.2.1]
    method: GET
    uri: https://login.windows.net/common/discovery/instance?authorization_endpoint=https%3A%2F%2Flogin.windows-ppe.net%2Ff686d426-8d16-42db-81b7-ab578e110ccd%2Foauth2%2Fauthorize&api-version=1.0
  response:
    body: {string: '{"tenant_discovery_endpoint":"https://login.windows-ppe.net/f686d426-8d16-42db-81b7-ab578e110ccd/.well-known/openid-configuration"}'}
    headers:
      access-control-allow-methods: ['GET, OPTIONS']
      access-control-allow-origin: ['*']
      cache-control: ['private, max-age=86400']
      content-length: ['131']
      content-type: [application/json; charset=utf-8]
      date: ['Thu, 07 Feb 2019 05:52:02 GMT']
      p3p: [CP="DSP CUR OTPi IND OTRi ONL FIN"]
      set-cookie: ['fpc=ARghv_142mlDiVk6sOXRXvs; expires=Sat, 09-Mar-2019 05:52:03
          GMT; path=/; secure; HttpOnly', esctx=AQABAAAAAACEfexXxjamQb3OeGQ4GugvLX0PkTrTnBlqMuklfNAtix1Pib47InwF5lCF47UZkRXSGryZ8KED3ZAxrBOZ9FhxuB_i9faa0MJZZ8CZ1ovIy5gBWW9qbmh0fgOK3TlfQkOdgoPghsF_zbaGf0QAfEWkvmYGHuuPi6Wu7KTaIvF5dnwgnvRtZnztvpmTctN0MuggAA;
          domain=.login.windows.net; path=/; secure; HttpOnly, x-ms-gateway-slice=corp;
          path=/; secure; HttpOnly, stsservicecookie=estscorp; path=/; secure; HttpOnly]
      strict-transport-security: [max-age=31536000; includeSubDomains]
      x-content-type-options: [nosniff]
    status: {code: 200, message: OK}
- request:
    body: null
    headers:
      Accept: [application/json]
      Accept-Encoding: ['gzip, deflate']
      CommandName: [network privatedns record-set a add-record]
      Connection: [keep-alive]
      ParameterSetName: [-g -n -z -a]
      User-Agent: [python/3.7.2 (Windows-10-10.0.17763-SP0) msrest/0.6.4 msrest_azure/0.6.0
          azure-mgmt-privatedns/1.0.0 Azure-SDK-For-Python AZURECLI/2.0.57]
      accept-language: [en-US]
    method: GET
    uri: https://api-dogfood.resources.windows-int.net/subscriptions/00000000-0000-0000-0000-000000000000/resourceGroups/clitest_privatedns000001/providers/Microsoft.Network/privateDnsZones/clitest.privatedns.com000002/A/clitestprivatednsrecordset000006?api-version=2018-09-01
  response:
    body: {string: '{"id":"\/subscriptions\/ea6ee6cb-28eb-467a-a366-7262dfe56c37\/resourceGroups\/clitest_privatedns000001\/providers\/Microsoft.Network\/privateDnsZones\/clitest.privatedns.com000002\/A\/clitestprivatednsrecordset000006","name":"clitestprivatednsrecordset000006","type":"Microsoft.Network\/privateDnsZones\/A","etag":"80ece52b-f5ad-4ab9-b51c-6106248e91dd","properties":{"fqdn":"clitestprivatednsrecordset000006.clitest.privatedns.com000002.","ttl":3600,"aRecords":[]}}'}
    headers:
      cache-control: [private]
      content-length: ['539']
      content-type: [application/json; charset=utf-8]
      date: ['Thu, 07 Feb 2019 05:52:03 GMT']
      etag: [80ece52b-f5ad-4ab9-b51c-6106248e91dd]
      server: [Microsoft-IIS/10.0]
      strict-transport-security: [max-age=31536000; includeSubDomains]
      transfer-encoding: [chunked]
      vary: [Accept-Encoding]
      x-aspnet-version: [4.0.30319]
      x-content-type-options: [nosniff]
      x-ms-ratelimit-remaining-subscription-resource-requests: ['11995']
      x-powered-by: [ASP.NET]
    status: {code: 200, message: OK}
- request:
    body: null
    headers:
      Accept: ['*/*']
      Accept-Charset: [utf-8]
      Accept-Encoding: ['gzip, deflate']
      Connection: [keep-alive]
      User-Agent: [python-requests/2.21.0]
      return-client-request-id: ['true']
      x-client-CPU: [x86]
      x-client-OS: [win32]
      x-client-SKU: [Python]
      x-client-Ver: [1.2.1]
    method: GET
    uri: https://login.windows.net/common/discovery/instance?authorization_endpoint=https%3A%2F%2Flogin.windows-ppe.net%2Ff686d426-8d16-42db-81b7-ab578e110ccd%2Foauth2%2Fauthorize&api-version=1.0
  response:
    body: {string: '{"tenant_discovery_endpoint":"https://login.windows-ppe.net/f686d426-8d16-42db-81b7-ab578e110ccd/.well-known/openid-configuration"}'}
    headers:
      access-control-allow-methods: ['GET, OPTIONS']
      access-control-allow-origin: ['*']
      cache-control: ['private, max-age=86400']
      content-length: ['131']
      content-type: [application/json; charset=utf-8]
      date: ['Thu, 07 Feb 2019 05:52:04 GMT']
      p3p: [CP="DSP CUR OTPi IND OTRi ONL FIN"]
      set-cookie: ['fpc=AZ4fCP7ksaJGoaftZSzRqSQ; expires=Sat, 09-Mar-2019 05:52:04
          GMT; path=/; secure; HttpOnly', esctx=AQABAAAAAACEfexXxjamQb3OeGQ4GugvzCsuNPKGcpyRQuymdNvu8f6CgMjWJBLOY87Ud70E6gDIYXwAQ9GWvLwgP7jb98UebNTs_IeuDEwwK0vmT1YR0WtwtFOVZs_wa8uULtwj6STxC1MlCaUfctmUFTjqnVx_NFuY01MU1PAeVEUTx8nkHcAIOmNwH34YjD8U47Ig7CMgAA;
          domain=.login.windows.net; path=/; secure; HttpOnly, x-ms-gateway-slice=corp;
          path=/; secure; HttpOnly, stsservicecookie=estscorp; path=/; secure; HttpOnly]
      strict-transport-security: [max-age=31536000; includeSubDomains]
      x-content-type-options: [nosniff]
    status: {code: 200, message: OK}
- request:
    body: '{"etag": "80ece52b-f5ad-4ab9-b51c-6106248e91dd", "properties": {"ttl":
      3600, "aRecords": [{"ipv4Address": "10.0.0.1"}]}}'
    headers:
      Accept: [application/json]
      Accept-Encoding: ['gzip, deflate']
      CommandName: [network privatedns record-set a add-record]
      Connection: [keep-alive]
      Content-Length: ['120']
      Content-Type: [application/json; charset=utf-8]
      ParameterSetName: [-g -n -z -a]
      User-Agent: [python/3.7.2 (Windows-10-10.0.17763-SP0) msrest/0.6.4 msrest_azure/0.6.0
          azure-mgmt-privatedns/1.0.0 Azure-SDK-For-Python AZURECLI/2.0.57]
      accept-language: [en-US]
    method: PUT
    uri: https://api-dogfood.resources.windows-int.net/subscriptions/00000000-0000-0000-0000-000000000000/resourceGroups/clitest_privatedns000001/providers/Microsoft.Network/privateDnsZones/clitest.privatedns.com000002/A/clitestprivatednsrecordset000006?api-version=2018-09-01
  response:
    body: {string: '{"id":"\/subscriptions\/ea6ee6cb-28eb-467a-a366-7262dfe56c37\/resourceGroups\/clitest_privatedns000001\/providers\/Microsoft.Network\/privateDnsZones\/clitest.privatedns.com000002\/A\/clitestprivatednsrecordset000006","name":"clitestprivatednsrecordset000006","type":"Microsoft.Network\/privateDnsZones\/A","etag":"ac1c571b-907a-462b-9a7b-a73d7edce77a","properties":{"fqdn":"clitestprivatednsrecordset000006.clitest.privatedns.com000002.","ttl":3600,"aRecords":[{"ipv4Address":"10.0.0.1"}]}}'}
    headers:
      cache-control: [private]
      content-length: ['565']
      content-type: [application/json; charset=utf-8]
      date: ['Thu, 07 Feb 2019 05:52:04 GMT']
      etag: [ac1c571b-907a-462b-9a7b-a73d7edce77a]
      server: [Microsoft-IIS/10.0]
      strict-transport-security: [max-age=31536000; includeSubDomains]
      transfer-encoding: [chunked]
      vary: [Accept-Encoding]
      x-aspnet-version: [4.0.30319]
      x-content-type-options: [nosniff]
      x-ms-ratelimit-remaining-subscription-resource-requests: ['11992']
      x-powered-by: [ASP.NET]
    status: {code: 200, message: OK}
- request:
    body: null
    headers:
      Accept: ['*/*']
      Accept-Charset: [utf-8]
      Accept-Encoding: ['gzip, deflate']
      Connection: [keep-alive]
      User-Agent: [python-requests/2.21.0]
      return-client-request-id: ['true']
      x-client-CPU: [x86]
      x-client-OS: [win32]
      x-client-SKU: [Python]
      x-client-Ver: [1.2.1]
    method: GET
    uri: https://login.windows.net/common/discovery/instance?authorization_endpoint=https%3A%2F%2Flogin.windows-ppe.net%2Ff686d426-8d16-42db-81b7-ab578e110ccd%2Foauth2%2Fauthorize&api-version=1.0
  response:
    body: {string: '{"tenant_discovery_endpoint":"https://login.windows-ppe.net/f686d426-8d16-42db-81b7-ab578e110ccd/.well-known/openid-configuration"}'}
    headers:
      access-control-allow-methods: ['GET, OPTIONS']
      access-control-allow-origin: ['*']
      cache-control: ['private, max-age=86400']
      content-length: ['131']
      content-type: [application/json; charset=utf-8]
      date: ['Thu, 07 Feb 2019 05:52:06 GMT']
      p3p: [CP="DSP CUR OTPi IND OTRi ONL FIN"]
      set-cookie: ['fpc=AZq7tPIpNEtLskXJPKnotNU; expires=Sat, 09-Mar-2019 05:52:06
          GMT; path=/; secure; HttpOnly', esctx=AQABAAAAAACEfexXxjamQb3OeGQ4GugvpFyZjPTo9QYTg6d3t_Az2f4RvUAsYheCRp8zfOq-5w0ecUp7aR3R56f6CgpbSrkSO1LTLKhGq9Gj2TKntXus6CHOw4aoTuVia4BGec5KfJXyKeI9OoLACfQejT-_uyYpA4FNNq1oChap8c4_5k6FM5O3erkqKJVY7UQVejfi-5sgAA;
          domain=.login.windows.net; path=/; secure; HttpOnly, x-ms-gateway-slice=corp;
          path=/; secure; HttpOnly, stsservicecookie=estscorp; path=/; secure; HttpOnly]
      strict-transport-security: [max-age=31536000; includeSubDomains]
      x-content-type-options: [nosniff]
    status: {code: 200, message: OK}
- request:
    body: null
    headers:
      Accept: [application/json]
      Accept-Encoding: ['gzip, deflate']
      CommandName: [network privatedns record-set a list]
      Connection: [keep-alive]
      ParameterSetName: [-g -z]
      User-Agent: [python/3.7.2 (Windows-10-10.0.17763-SP0) msrest/0.6.4 msrest_azure/0.6.0
          azure-mgmt-privatedns/1.0.0 Azure-SDK-For-Python AZURECLI/2.0.57]
      accept-language: [en-US]
    method: GET
    uri: https://api-dogfood.resources.windows-int.net/subscriptions/00000000-0000-0000-0000-000000000000/resourceGroups/clitest_privatedns000001/providers/Microsoft.Network/privateDnsZones/clitest.privatedns.com000002/A?api-version=2018-09-01
  response:
    body: {string: '{"value":[{"id":"\/subscriptions\/ea6ee6cb-28eb-467a-a366-7262dfe56c37\/resourceGroups\/clitest_privatedns000001\/providers\/Microsoft.Network\/privateDnsZones\/clitest.privatedns.com000002\/A\/clitestprivatednsrecordset000004","name":"clitestprivatednsrecordset000004","type":"Microsoft.Network\/privateDnsZones\/A","etag":"db9262dd-4e62-4e0e-8b76-c9a13f4bd58a","properties":{"fqdn":"clitestprivatednsrecordset000004.clitest.privatedns.com000002.","ttl":3600,"aRecords":[{"ipv4Address":"10.0.0.1"}]}},{"id":"\/subscriptions\/ea6ee6cb-28eb-467a-a366-7262dfe56c37\/resourceGroups\/clitest_privatedns000001\/providers\/Microsoft.Network\/privateDnsZones\/clitest.privatedns.com000002\/A\/clitestprivatednsrecordset000006","name":"clitestprivatednsrecordset000006","type":"Microsoft.Network\/privateDnsZones\/A","etag":"ac1c571b-907a-462b-9a7b-a73d7edce77a","properties":{"fqdn":"clitestprivatednsrecordset000006.clitest.privatedns.com000002.","ttl":3600,"aRecords":[{"ipv4Address":"10.0.0.1"}]}},{"id":"\/subscriptions\/ea6ee6cb-28eb-467a-a366-7262dfe56c37\/resourceGroups\/clitest_privatedns000001\/providers\/Microsoft.Network\/privateDnsZones\/clitest.privatedns.com000002\/A\/clitestprivatednsrecordset000003","name":"clitestprivatednsrecordset000003","type":"Microsoft.Network\/privateDnsZones\/A","etag":"deccb1f0-9103-447c-aaef-077ab49366fb","properties":{"fqdn":"clitestprivatednsrecordset000003.clitest.privatedns.com000002.","ttl":3600,"aRecords":[{"ipv4Address":"10.0.0.1"}]}},{"id":"\/subscriptions\/ea6ee6cb-28eb-467a-a366-7262dfe56c37\/resourceGroups\/clitest_privatedns000001\/providers\/Microsoft.Network\/privateDnsZones\/clitest.privatedns.com000002\/A\/clitestprivatednsrecordset000005","name":"clitestprivatednsrecordset000005","type":"Microsoft.Network\/privateDnsZones\/A","etag":"efbccfe8-24de-4192-a8c2-84a37822d3d9","properties":{"fqdn":"clitestprivatednsrecordset000005.clitest.privatedns.com000002.","ttl":3600,"aRecords":[{"ipv4Address":"10.0.0.1"}]}}]}'}
    headers:
      cache-control: [private]
      content-length: ['2275']
      content-type: [application/json; charset=utf-8]
      date: ['Thu, 07 Feb 2019 05:52:07 GMT']
      server: [Microsoft-IIS/10.0]
      strict-transport-security: [max-age=31536000; includeSubDomains]
      transfer-encoding: [chunked]
      vary: [Accept-Encoding]
      x-aspnet-version: [4.0.30319]
      x-content-type-options: [nosniff]
      x-ms-ratelimit-remaining-subscription-resource-requests: ['11993']
      x-powered-by: [ASP.NET]
    status: {code: 200, message: OK}
- request:
    body: null
    headers:
      Accept: ['*/*']
      Accept-Charset: [utf-8]
      Accept-Encoding: ['gzip, deflate']
      Connection: [keep-alive]
      User-Agent: [python-requests/2.21.0]
      return-client-request-id: ['true']
      x-client-CPU: [x86]
      x-client-OS: [win32]
      x-client-SKU: [Python]
      x-client-Ver: [1.2.1]
    method: GET
    uri: https://login.windows.net/common/discovery/instance?authorization_endpoint=https%3A%2F%2Flogin.windows-ppe.net%2Ff686d426-8d16-42db-81b7-ab578e110ccd%2Foauth2%2Fauthorize&api-version=1.0
  response:
    body: {string: '{"tenant_discovery_endpoint":"https://login.windows-ppe.net/f686d426-8d16-42db-81b7-ab578e110ccd/.well-known/openid-configuration"}'}
    headers:
      access-control-allow-methods: ['GET, OPTIONS']
      access-control-allow-origin: ['*']
      cache-control: ['private, max-age=86400']
      content-length: ['131']
      content-type: [application/json; charset=utf-8]
      date: ['Thu, 07 Feb 2019 05:52:08 GMT']
      p3p: [CP="DSP CUR OTPi IND OTRi ONL FIN"]
      set-cookie: ['fpc=ATqKU1WqKg5Dq032P0giFAg; expires=Sat, 09-Mar-2019 05:52:09
          GMT; path=/; secure; HttpOnly', esctx=AQABAAAAAACEfexXxjamQb3OeGQ4Gugvp_7nLtN1B4lDYhrI0UYazcdwqD-DcBWjMj4flHIgVRMprGFOI1w8wyYySwGEoMFj5uICzQbcQT8_q1q7GF7Rik8cgJRSYAsnZvZb3Ae_Wf3O1R9SX3jx6HZpO9-xIxJQp-RCBw-bYNHSWcNUnpdCxabZoe-u6OO0no1FzeMbpQIgAA;
          domain=.login.windows.net; path=/; secure; HttpOnly, x-ms-gateway-slice=corp;
          path=/; secure; HttpOnly, stsservicecookie=estscorp; path=/; secure; HttpOnly]
      strict-transport-security: [max-age=31536000; includeSubDomains]
      x-content-type-options: [nosniff]
    status: {code: 200, message: OK}
- request:
    body: null
    headers:
      Accept: [application/json]
      Accept-Encoding: ['gzip, deflate']
      CommandName: [group delete]
      Connection: [keep-alive]
      Content-Length: ['0']
      ParameterSetName: [--name --yes --no-wait]
      User-Agent: [python/3.7.2 (Windows-10-10.0.17763-SP0) msrest/0.6.4 msrest_azure/0.6.0
          resourcemanagementclient/2.1.0 Azure-SDK-For-Python AZURECLI/2.0.57]
      accept-language: [en-US]
    method: DELETE
    uri: https://api-dogfood.resources.windows-int.net/subscriptions/00000000-0000-0000-0000-000000000000/resourcegroups/clitest_privatedns000001?api-version=2018-05-01
  response:
    body: {string: ''}
    headers:
      cache-control: [no-cache]
      content-length: ['0']
      date: ['Thu, 07 Feb 2019 05:52:10 GMT']
      expires: ['-1']
      location: ['https://api-dogfood.resources.windows-int.net/subscriptions/00000000-0000-0000-0000-000000000000/operationresults/eyJqb2JJZCI6IlJFU09VUkNFR1JPVVBERUxFVElPTkpPQi1DTElURVNUOjVGUFJJVkFURUROU0VMTUxVUkk1UURRRFZRT0lEVDRXUE1WT0NYMnxGNDFFRjNBQUM4RjMxMkQ2LVdFU1RVUyIsImpvYkxvY2F0aW9uIjoid2VzdHVzIn0?api-version=2018-05-01']
      pragma: [no-cache]
      strict-transport-security: [max-age=31536000; includeSubDomains]
      x-content-type-options: [nosniff]
      x-ms-ratelimit-remaining-subscription-deletes: ['14989']
    status: {code: 202, message: Accepted}
version: 1
