interactions:
- request:
    body: null
    headers:
      Accept: ['*/*']
      Accept-Charset: [utf-8]
      Accept-Encoding: ['gzip, deflate']
      Connection: [keep-alive]
      User-Agent: [python-requests/2.21.0]
      return-client-request-id: ['true']
      x-client-CPU: [x86]
      x-client-OS: [win32]
      x-client-SKU: [Python]
      x-client-Ver: [1.2.1]
    method: GET
    uri: https://login.windows.net/common/discovery/instance?authorization_endpoint=https%3A%2F%2Flogin.windows-ppe.net%2Ff686d426-8d16-42db-81b7-ab578e110ccd%2Foauth2%2Fauthorize&api-version=1.0
  response:
    body: {string: '{"tenant_discovery_endpoint":"https://login.windows-ppe.net/f686d426-8d16-42db-81b7-ab578e110ccd/.well-known/openid-configuration"}'}
    headers:
      access-control-allow-methods: ['GET, OPTIONS']
      access-control-allow-origin: ['*']
      cache-control: ['private, max-age=86400']
      content-length: ['131']
      content-type: [application/json; charset=utf-8]
      date: ['Thu, 07 Feb 2019 05:50:30 GMT']
      p3p: [CP="DSP CUR OTPi IND OTRi ONL FIN"]
      set-cookie: ['fpc=Ae7lmcm2Fc9Jh21Xm-92Ssg; expires=Sat, 09-Mar-2019 05:50:30
          GMT; path=/; secure; HttpOnly', esctx=AQABAAAAAACEfexXxjamQb3OeGQ4GugvYUTMhonEr2DOl25KrkGAh5rfqDquAPg8X_buhp0x2IF_zcer4E_nSLg8gyRdGHx_2sThIzvYoq5kOSThZ_v6pCtkTUXljJjJb1c4txCcc3ZM7UB9YSMj91xbmhusHr1LySPOuUGXIExYRD_AEhAM2OXIt-81sUiHJN59xtoAipMgAA;
          domain=.login.windows.net; path=/; secure; HttpOnly, x-ms-gateway-slice=corp;
          path=/; secure; HttpOnly, stsservicecookie=estscorp; path=/; secure; HttpOnly]
      strict-transport-security: [max-age=31536000; includeSubDomains]
      x-content-type-options: [nosniff]
    status: {code: 200, message: OK}
- request:
    body: '{"location": "westus", "tags": {"product": "azurecli", "cause": "automation",
      "date": "2019-02-07T05:50:29Z"}}'
    headers:
      Accept: [application/json]
      Accept-Encoding: ['gzip, deflate']
      CommandName: [group create]
      Connection: [keep-alive]
      Content-Length: ['110']
      Content-Type: [application/json; charset=utf-8]
      ParameterSetName: [--location --name --tag]
      User-Agent: [python/3.7.2 (Windows-10-10.0.17763-SP0) msrest/0.6.4 msrest_azure/0.6.0
          resourcemanagementclient/2.1.0 Azure-SDK-For-Python AZURECLI/2.0.57]
      accept-language: [en-US]
    method: PUT
    uri: https://api-dogfood.resources.windows-int.net/subscriptions/00000000-0000-0000-0000-000000000000/resourcegroups/clitest_privatedns000001?api-version=2018-05-01
  response:
    body: {string: '{"id":"/subscriptions/00000000-0000-0000-0000-000000000000/resourceGroups/clitest_privatedns000001","name":"clitest_privatedns000001","location":"westus","tags":{"product":"azurecli","cause":"automation","date":"2019-02-07T05:50:29Z"},"properties":{"provisioningState":"Succeeded"}}'}
    headers:
      cache-control: [no-cache]
      content-length: ['384']
      content-type: [application/json; charset=utf-8]
      date: ['Thu, 07 Feb 2019 05:50:31 GMT']
      expires: ['-1']
      pragma: [no-cache]
      strict-transport-security: [max-age=31536000; includeSubDomains]
      x-content-type-options: [nosniff]
      x-ms-ratelimit-remaining-subscription-writes: ['1189']
    status: {code: 201, message: Created}
- request:
    body: null
    headers:
      Accept: ['*/*']
      Accept-Charset: [utf-8]
      Accept-Encoding: ['gzip, deflate']
      Connection: [keep-alive]
      User-Agent: [python-requests/2.21.0]
      return-client-request-id: ['true']
      x-client-CPU: [x86]
      x-client-OS: [win32]
      x-client-SKU: [Python]
      x-client-Ver: [1.2.1]
    method: GET
    uri: https://login.windows.net/common/discovery/instance?authorization_endpoint=https%3A%2F%2Flogin.windows-ppe.net%2Ff686d426-8d16-42db-81b7-ab578e110ccd%2Foauth2%2Fauthorize&api-version=1.0
  response:
    body: {string: '{"tenant_discovery_endpoint":"https://login.windows-ppe.net/f686d426-8d16-42db-81b7-ab578e110ccd/.well-known/openid-configuration"}'}
    headers:
      access-control-allow-methods: ['GET, OPTIONS']
      access-control-allow-origin: ['*']
      cache-control: ['private, max-age=86400']
      content-length: ['131']
      content-type: [application/json; charset=utf-8]
      date: ['Thu, 07 Feb 2019 05:50:33 GMT']
      p3p: [CP="DSP CUR OTPi IND OTRi ONL FIN"]
      set-cookie: ['fpc=AW7-d_ZjqbdAj_ggSrVCLmo; expires=Sat, 09-Mar-2019 05:50:33
          GMT; path=/; secure; HttpOnly', esctx=AQABAAAAAACEfexXxjamQb3OeGQ4Gugvo9YECPoluVS5PtCxN49xklpLfeoKlTO5W8Q_A1JBwupsdEqsrVmDohK0i-bfe1DYCsPnGx_gQIAM_tIUATXbuKrdMsLyjqvBCV7AvoNGLG0vhy4DzhY_vqrMzKWm67ITLf25J4NaFHIuvNs5NkS7G3wF2KgAIEa3UYxp8ewSHAUgAA;
          domain=.login.windows.net; path=/; secure; HttpOnly, x-ms-gateway-slice=corp;
          path=/; secure; HttpOnly, stsservicecookie=estscorp; path=/; secure; HttpOnly]
      strict-transport-security: [max-age=31536000; includeSubDomains]
      x-content-type-options: [nosniff]
    status: {code: 200, message: OK}
- request:
    body: '{"location": "global"}'
    headers:
      Accept: [application/json]
      Accept-Encoding: ['gzip, deflate']
      CommandName: [network privatedns zone create]
      Connection: [keep-alive]
      Content-Length: ['22']
      Content-Type: [application/json; charset=utf-8]
      If-None-Match: ['*']
      ParameterSetName: [-g -n]
      User-Agent: [python/3.7.2 (Windows-10-10.0.17763-SP0) msrest/0.6.4 msrest_azure/0.6.0
          azure-mgmt-privatedns/1.0.0 Azure-SDK-For-Python AZURECLI/2.0.57]
      accept-language: [en-US]
    method: PUT
    uri: https://api-dogfood.resources.windows-int.net/subscriptions/00000000-0000-0000-0000-000000000000/resourceGroups/clitest_privatedns000001/providers/Microsoft.Network/privateDnsZones/clitest.privatedns.com000002?api-version=2018-09-01
  response:
    body: {string: ''}
    headers:
      azure-asyncoperation: ['https://api-dogfood.resources.windows-int.net:443/subscriptions/00000000-0000-0000-0000-000000000000/resourceGroups/clitest_privatedns000001/providers/Microsoft.Network/privateDnsOperationStatuses/RnJvbnRFbmRBc3luY09wZXJhdGlvbjtVcHNlcnRQcml2YXRlRG5zWm9uZTswODQyMDExOS04ZjJlLTQyZTQtYTczZi04YjA5MTRjYzI4MjE=?api-version=2018-09-01']
      cache-control: [private]
      content-length: ['0']
      date: ['Thu, 07 Feb 2019 05:50:33 GMT']
      location: ['https://api-dogfood.resources.windows-int.net/subscriptions/00000000-0000-0000-0000-000000000000/resourceGroups/clitest_privatedns000001/providers/Microsoft.Network/privateDnsOperationResults/RnJvbnRFbmRBc3luY09wZXJhdGlvbjtVcHNlcnRQcml2YXRlRG5zWm9uZTswODQyMDExOS04ZjJlLTQyZTQtYTczZi04YjA5MTRjYzI4MjE=?api-version=2018-09-01']
      server: [Microsoft-IIS/10.0]
      strict-transport-security: [max-age=31536000; includeSubDomains]
      x-aspnet-version: [4.0.30319]
      x-content-type-options: [nosniff]
      x-ms-ratelimit-remaining-subscription-resource-requests: ['11989']
      x-powered-by: [ASP.NET]
    status: {code: 202, message: Accepted}
- request:
    body: null
    headers:
      Accept: ['*/*']
      Accept-Charset: [utf-8]
      Accept-Encoding: ['gzip, deflate']
      Connection: [keep-alive]
      User-Agent: [python-requests/2.21.0]
      return-client-request-id: ['true']
      x-client-CPU: [x86]
      x-client-OS: [win32]
      x-client-SKU: [Python]
      x-client-Ver: [1.2.1]
    method: GET
    uri: https://login.windows.net/common/discovery/instance?authorization_endpoint=https%3A%2F%2Flogin.windows-ppe.net%2Ff686d426-8d16-42db-81b7-ab578e110ccd%2Foauth2%2Fauthorize&api-version=1.0
  response:
    body: {string: '{"tenant_discovery_endpoint":"https://login.windows-ppe.net/f686d426-8d16-42db-81b7-ab578e110ccd/.well-known/openid-configuration"}'}
    headers:
      access-control-allow-methods: ['GET, OPTIONS']
      access-control-allow-origin: ['*']
      cache-control: ['private, max-age=86400']
      content-length: ['131']
      content-type: [application/json; charset=utf-8]
      date: ['Thu, 07 Feb 2019 05:50:37 GMT']
      p3p: [CP="DSP CUR OTPi IND OTRi ONL FIN"]
      set-cookie: ['fpc=AfR-XaSUDL1AhiqURx6ywIY; expires=Sat, 09-Mar-2019 05:50:38
          GMT; path=/; secure; HttpOnly', esctx=AQABAAAAAACEfexXxjamQb3OeGQ4GugvpoRB3qEPgA0LyJ-1lBKJdsbWLqvo-G6tEDrPIgl-RpC06jwuNL57pEAQfDiM-XeMI_yf55jY3RCRnEgWG_Fx819OYusL9ISTArrw9MCmuQdzqIOVCaCrQ6m9Y9UnuX5xpUJ3pdIoxUIgKXRVUaWienffVDABHd7-coMLV2nlQpwgAA;
          domain=.login.windows.net; path=/; secure; HttpOnly, x-ms-gateway-slice=corp;
          path=/; secure; HttpOnly, stsservicecookie=estscorp; path=/; secure; HttpOnly]
      strict-transport-security: [max-age=31536000; includeSubDomains]
      x-content-type-options: [nosniff]
    status: {code: 200, message: OK}
- request:
    body: null
    headers:
      Accept: [application/json]
      Accept-Encoding: ['gzip, deflate']
      CommandName: [network privatedns zone create]
      Connection: [keep-alive]
      ParameterSetName: [-g -n]
      User-Agent: [python/3.7.2 (Windows-10-10.0.17763-SP0) msrest/0.6.4 msrest_azure/0.6.0
          azure-mgmt-privatedns/1.0.0 Azure-SDK-For-Python AZURECLI/2.0.57]
    method: GET
    uri: https://api-dogfood.resources.windows-int.net/subscriptions/00000000-0000-0000-0000-000000000000/resourceGroups/clitest_privatedns000001/providers/Microsoft.Network/privateDnsOperationStatuses/RnJvbnRFbmRBc3luY09wZXJhdGlvbjtVcHNlcnRQcml2YXRlRG5zWm9uZTswODQyMDExOS04ZjJlLTQyZTQtYTczZi04YjA5MTRjYzI4MjE=?api-version=2018-09-01
  response:
    body: {string: '{"status":"Succeeded"}'}
    headers:
      cache-control: [private]
      content-length: ['22']
      content-type: [application/json; charset=utf-8]
      date: ['Thu, 07 Feb 2019 05:50:38 GMT']
      server: [Microsoft-IIS/10.0]
      strict-transport-security: [max-age=31536000; includeSubDomains]
      transfer-encoding: [chunked]
      vary: [Accept-Encoding]
      x-aspnet-version: [4.0.30319]
      x-content-type-options: [nosniff]
      x-ms-ratelimit-remaining-subscription-resource-requests: ['11979']
      x-powered-by: [ASP.NET]
    status: {code: 200, message: OK}
- request:
    body: null
    headers:
      Accept: ['*/*']
      Accept-Charset: [utf-8]
      Accept-Encoding: ['gzip, deflate']
      Connection: [keep-alive]
      User-Agent: [python-requests/2.21.0]
      return-client-request-id: ['true']
      x-client-CPU: [x86]
      x-client-OS: [win32]
      x-client-SKU: [Python]
      x-client-Ver: [1.2.1]
    method: GET
    uri: https://login.windows.net/common/discovery/instance?authorization_endpoint=https%3A%2F%2Flogin.windows-ppe.net%2Ff686d426-8d16-42db-81b7-ab578e110ccd%2Foauth2%2Fauthorize&api-version=1.0
  response:
    body: {string: '{"tenant_discovery_endpoint":"https://login.windows-ppe.net/f686d426-8d16-42db-81b7-ab578e110ccd/.well-known/openid-configuration"}'}
    headers:
      access-control-allow-methods: ['GET, OPTIONS']
      access-control-allow-origin: ['*']
      cache-control: ['private, max-age=86400']
      content-length: ['131']
      content-type: [application/json; charset=utf-8]
      date: ['Thu, 07 Feb 2019 05:50:38 GMT']
      p3p: [CP="DSP CUR OTPi IND OTRi ONL FIN"]
      set-cookie: ['fpc=AcW7-gY7309FgCxA4U-d4Rc; expires=Sat, 09-Mar-2019 05:50:39
          GMT; path=/; secure; HttpOnly', esctx=AQABAAAAAACEfexXxjamQb3OeGQ4GugvERqtFOGiMPog9vV_vniO8JGeZUmVM6ESeSGED2kZmsNym8VcMk5SMH-rTphETyFtCAF7VCwJMUDQ1zJWk2Yp8QkCD6XCQypr29fMBfoP5Gd6EP7pXAqzsvvIzoDGA-INQI9PdjdWVolAKgmqXAb4kf7HWiWT_WsSHOE_HbFiB-8gAA;
          domain=.login.windows.net; path=/; secure; HttpOnly, x-ms-gateway-slice=corp;
          path=/; secure; HttpOnly, stsservicecookie=estscorp; path=/; secure; HttpOnly]
      strict-transport-security: [max-age=31536000; includeSubDomains]
      x-content-type-options: [nosniff]
    status: {code: 200, message: OK}
- request:
    body: null
    headers:
      Accept: [application/json]
      Accept-Encoding: ['gzip, deflate']
      CommandName: [network privatedns zone create]
      Connection: [keep-alive]
      ParameterSetName: [-g -n]
      User-Agent: [python/3.7.2 (Windows-10-10.0.17763-SP0) msrest/0.6.4 msrest_azure/0.6.0
          azure-mgmt-privatedns/1.0.0 Azure-SDK-For-Python AZURECLI/2.0.57]
    method: GET
    uri: https://api-dogfood.resources.windows-int.net/subscriptions/00000000-0000-0000-0000-000000000000/resourceGroups/clitest_privatedns000001/providers/Microsoft.Network/privateDnsZones/clitest.privatedns.com000002?api-version=2018-09-01
  response:
    body: {string: '{"id":"\/subscriptions\/ea6ee6cb-28eb-467a-a366-7262dfe56c37\/resourceGroups\/clitest_privatedns000001\/providers\/Microsoft.Network\/privateDnsZones\/clitest.privatedns.com000002","name":"clitest.privatedns.com000002","type":"Microsoft.Network\/privateDnsZones","etag":"3b1ea3f8-21fd-49d1-8e2f-5969dd9baa01","location":"global","properties":{"maxNumberOfRecordSets":5000,"maxNumberOfVirtualNetworkLinks":10,"maxNumberOfVirtualNetworkLinksWithRegistration":1,"numberOfRecordSets":1,"numberOfVirtualNetworkLinks":0,"numberOfVirtualNetworkLinksWithRegistration":0,"provisioningState":"Succeeded"}}'}
    headers:
      cache-control: [private]
      content-length: ['660']
      content-type: [application/json; charset=utf-8]
      date: ['Thu, 07 Feb 2019 05:50:39 GMT']
      etag: [3b1ea3f8-21fd-49d1-8e2f-5969dd9baa01]
      server: [Microsoft-IIS/10.0]
      strict-transport-security: [max-age=31536000; includeSubDomains]
      transfer-encoding: [chunked]
      vary: [Accept-Encoding]
      x-aspnet-version: [4.0.30319]
      x-content-type-options: [nosniff]
      x-ms-ratelimit-remaining-subscription-resource-requests: ['11873']
      x-powered-by: [ASP.NET]
    status: {code: 200, message: OK}
- request:
    body: null
    headers:
      Accept: ['*/*']
      Accept-Charset: [utf-8]
      Accept-Encoding: ['gzip, deflate']
      Connection: [keep-alive]
      User-Agent: [python-requests/2.21.0]
      return-client-request-id: ['true']
      x-client-CPU: [x86]
      x-client-OS: [win32]
      x-client-SKU: [Python]
      x-client-Ver: [1.2.1]
    method: GET
    uri: https://login.windows.net/common/discovery/instance?authorization_endpoint=https%3A%2F%2Flogin.windows-ppe.net%2Ff686d426-8d16-42db-81b7-ab578e110ccd%2Foauth2%2Fauthorize&api-version=1.0
  response:
    body: {string: '{"tenant_discovery_endpoint":"https://login.windows-ppe.net/f686d426-8d16-42db-81b7-ab578e110ccd/.well-known/openid-configuration"}'}
    headers:
      access-control-allow-methods: ['GET, OPTIONS']
      access-control-allow-origin: ['*']
      cache-control: ['private, max-age=86400']
      content-length: ['131']
      content-type: [application/json; charset=utf-8]
      date: ['Thu, 07 Feb 2019 05:50:42 GMT']
      p3p: [CP="DSP CUR OTPi IND OTRi ONL FIN"]
      set-cookie: ['fpc=AWWCl8z-gHhHvFdrEzgsids; expires=Sat, 09-Mar-2019 05:50:42
          GMT; path=/; secure; HttpOnly', esctx=AQABAAAAAACEfexXxjamQb3OeGQ4Gugv7UlpwcCaxeuopMdcVOhzR9QNGexlShEmzvAjYom1f1p0mdYHaIq6kg7PWBUYDgM-CEpgnZgXhtLXVo-Px186xnaJ70OdLvprXnLoD6aCqHEtr7kt5j5C5qydj7HHhzjwRrKLA8VlbVJQtpY9MjYwWPwYIYHzISicvVU8p2c2ssUgAA;
          domain=.login.windows.net; path=/; secure; HttpOnly, x-ms-gateway-slice=corp;
          path=/; secure; HttpOnly, stsservicecookie=estscorp; path=/; secure; HttpOnly]
      strict-transport-security: [max-age=31536000; includeSubDomains]
      x-content-type-options: [nosniff]
    status: {code: 200, message: OK}
- request:
    body: null
    headers:
      Accept: [application/json]
      Accept-Encoding: ['gzip, deflate']
      CommandName: [network privatedns link update]
      Connection: [keep-alive]
      ParameterSetName: [-g -n -z]
      User-Agent: [python/3.7.2 (Windows-10-10.0.17763-SP0) msrest/0.6.4 msrest_azure/0.6.0
          azure-mgmt-privatedns/1.0.0 Azure-SDK-For-Python AZURECLI/2.0.57]
      accept-language: [en-US]
    method: GET
    uri: https://api-dogfood.resources.windows-int.net/subscriptions/00000000-0000-0000-0000-000000000000/resourceGroups/clitest_privatedns000001/providers/Microsoft.Network/privateDnsZones/clitest.privatedns.com000002/virtualNetworkLinks/clitestprivatednslink000003?api-version=2018-09-01
  response:
    body: {string: '{"error":{"code":"ResourceNotFound","message":"The Resource ''Microsoft.Network/privateDnsZones/clitest.privatedns.com000002/virtualNetworkLinks/clitestprivatednslink000003''
        under resource group ''clitest_privatedns000001'' was not found."}}'}
    headers:
      cache-control: [no-cache]
      content-length: ['304']
      content-type: [application/json; charset=utf-8]
      date: ['Thu, 07 Feb 2019 05:50:42 GMT']
      expires: ['-1']
      pragma: [no-cache]
      strict-transport-security: [max-age=31536000; includeSubDomains]
      x-content-type-options: [nosniff]
      x-ms-failure-cause: [gateway]
    status: {code: 404, message: Not Found}
- request:
    body: null
    headers:
      Accept: ['*/*']
      Accept-Charset: [utf-8]
      Accept-Encoding: ['gzip, deflate']
      Connection: [keep-alive]
      User-Agent: [python-requests/2.21.0]
      return-client-request-id: ['true']
      x-client-CPU: [x86]
      x-client-OS: [win32]
      x-client-SKU: [Python]
      x-client-Ver: [1.2.1]
    method: GET
    uri: https://login.windows.net/common/discovery/instance?authorization_endpoint=https%3A%2F%2Flogin.windows-ppe.net%2Ff686d426-8d16-42db-81b7-ab578e110ccd%2Foauth2%2Fauthorize&api-version=1.0
  response:
    body: {string: '{"tenant_discovery_endpoint":"https://login.windows-ppe.net/f686d426-8d16-42db-81b7-ab578e110ccd/.well-known/openid-configuration"}'}
    headers:
      access-control-allow-methods: ['GET, OPTIONS']
      access-control-allow-origin: ['*']
      cache-control: ['private, max-age=86400']
      content-length: ['131']
      content-type: [application/json; charset=utf-8]
      date: ['Thu, 07 Feb 2019 05:50:44 GMT']
      p3p: [CP="DSP CUR OTPi IND OTRi ONL FIN"]
      set-cookie: ['fpc=AZTW_ujbwBVPqgVNue-t8Xg; expires=Sat, 09-Mar-2019 05:50:44
          GMT; path=/; secure; HttpOnly', esctx=AQABAAAAAACEfexXxjamQb3OeGQ4GugvLODYSaQ7jyPhEPXv9ZZ_bbLV68u0CUfvoQb1CD0whD9x6s1JYxZCXqPfTDl2Ld93VASPBoXM87QMp34dIhwUeleQzUEPK9TArgZNaUCP89Z8_gmYxsqCrfVHPj8NQUHnMXrlXNigdDSD4yMFYlXBePzHrZzLrFp94ZfhlUlsjcMgAA;
          domain=.login.windows.net; path=/; secure; HttpOnly, x-ms-gateway-slice=corp;
          path=/; secure; HttpOnly, stsservicecookie=estscorp; path=/; secure; HttpOnly]
      strict-transport-security: [max-age=31536000; includeSubDomains]
      x-content-type-options: [nosniff]
    status: {code: 200, message: OK}
- request:
    body: null
    headers:
      Accept: [application/json]
      Accept-Encoding: ['gzip, deflate']
      CommandName: [group delete]
      Connection: [keep-alive]
      Content-Length: ['0']
      ParameterSetName: [--name --yes --no-wait]
      User-Agent: [python/3.7.2 (Windows-10-10.0.17763-SP0) msrest/0.6.4 msrest_azure/0.6.0
          resourcemanagementclient/2.1.0 Azure-SDK-For-Python AZURECLI/2.0.57]
      accept-language: [en-US]
    method: DELETE
    uri: https://api-dogfood.resources.windows-int.net/subscriptions/00000000-0000-0000-0000-000000000000/resourcegroups/clitest_privatedns000001?api-version=2018-05-01
  response:
    body: {string: ''}
    headers:
      cache-control: [no-cache]
      content-length: ['0']
      date: ['Thu, 07 Feb 2019 05:50:45 GMT']
      expires: ['-1']
      location: ['https://api-dogfood.resources.windows-int.net/subscriptions/00000000-0000-0000-0000-000000000000/operationresults/eyJqb2JJZCI6IlJFU09VUkNFR1JPVVBERUxFVElPTkpPQi1DTElURVNUOjVGUFJJVkFURUROU0NER0QzVlNGRVNRNkJUSlQ2NEZVR1pCQlpGU3w4RjA5QkI3NzlBRUNBNDQ0LVdFU1RVUyIsImpvYkxvY2F0aW9uIjoid2VzdHVzIn0?api-version=2018-05-01']
      pragma: [no-cache]
      strict-transport-security: [max-age=31536000; includeSubDomains]
      x-content-type-options: [nosniff]
      x-ms-ratelimit-remaining-subscription-deletes: ['14992']
    status: {code: 202, message: Accepted}
version: 1
