interactions:
- request:
    body: '{"location": "global"}'
    headers:
      Accept:
      - application/json
      Accept-Encoding:
      - gzip, deflate
      CommandName:
      - network private-dns zone create
      Connection:
      - keep-alive
      Content-Length:
      - '22'
      Content-Type:
      - application/json; charset=utf-8
      If-None-Match:
      - '*'
      ParameterSetName:
      - -g -n
      User-Agent:
      - python/3.7.4 (Windows-10-10.0.18362-SP0) msrest/0.6.10 msrest_azure/0.6.1
        azure-mgmt-privatedns/1.0.0 Azure-SDK-For-Python AZURECLI/2.0.72
      accept-language:
      - en-US
    method: PUT
    uri: https://management.azure.com/subscriptions/00000000-0000-0000-0000-000000000000/resourceGroups/clitest_privatedns000001/providers/Microsoft.Network/privateDnsZones/clitest.privatedns.com000002?api-version=2018-09-01
  response:
    body:
      string: '{}'
    headers:
      azure-asyncoperation:
      - https://management.azure.com:443/subscriptions/00000000-0000-0000-0000-000000000000/resourceGroups/clitest_privatedns000001/providers/Microsoft.Network/privateDnsOperationStatuses/RnJvbnRFbmRBc3luY09wZXJhdGlvbjtVcHNlcnRQcml2YXRlRG5zWm9uZTs2M2VkYWIxNC0yNGRhLTRiMDMtYTM1YS1iMmZmNGEwNGNjNDc=?api-version=2018-09-01
      cache-control:
      - private
      content-length:
      - '2'
      content-type:
      - application/json; charset=utf-8
      date:
      - Wed, 11 Sep 2019 01:15:56 GMT
      location:
      - https://management.azure.com/subscriptions/00000000-0000-0000-0000-000000000000/resourceGroups/clitest_privatedns000001/providers/Microsoft.Network/privateDnsOperationResults/RnJvbnRFbmRBc3luY09wZXJhdGlvbjtVcHNlcnRQcml2YXRlRG5zWm9uZTs2M2VkYWIxNC0yNGRhLTRiMDMtYTM1YS1iMmZmNGEwNGNjNDc=?api-version=2018-09-01
      server:
      - Microsoft-IIS/10.0
      strict-transport-security:
      - max-age=31536000; includeSubDomains
      x-aspnet-version:
      - 4.0.30319
      x-content-type-options:
      - nosniff
      x-ms-ratelimit-remaining-subscription-resource-requests:
      - '11999'
      x-powered-by:
      - ASP.NET
    status:
      code: 202
      message: Accepted
- request:
    body: null
    headers:
      Accept:
      - application/json
      Accept-Encoding:
      - gzip, deflate
      CommandName:
      - network private-dns zone create
      Connection:
      - keep-alive
      ParameterSetName:
      - -g -n
      User-Agent:
      - python/3.7.4 (Windows-10-10.0.18362-SP0) msrest/0.6.10 msrest_azure/0.6.1
        azure-mgmt-privatedns/1.0.0 Azure-SDK-For-Python AZURECLI/2.0.72
    method: GET
    uri: https://management.azure.com/subscriptions/00000000-0000-0000-0000-000000000000/resourceGroups/clitest_privatedns000001/providers/Microsoft.Network/privateDnsOperationStatuses/RnJvbnRFbmRBc3luY09wZXJhdGlvbjtVcHNlcnRQcml2YXRlRG5zWm9uZTs2M2VkYWIxNC0yNGRhLTRiMDMtYTM1YS1iMmZmNGEwNGNjNDc=?api-version=2018-09-01
  response:
    body:
      string: '{"status":"InProgress"}'
    headers:
      azure-asyncoperation:
      - https://management.azure.com:443/subscriptions/00000000-0000-0000-0000-000000000000/resourceGroups/clitest_privatedns000001/providers/Microsoft.Network/privateDnsOperationStatuses/RnJvbnRFbmRBc3luY09wZXJhdGlvbjtVcHNlcnRQcml2YXRlRG5zWm9uZTs2M2VkYWIxNC0yNGRhLTRiMDMtYTM1YS1iMmZmNGEwNGNjNDc=?api-version=2018-09-01
      cache-control:
      - private
      content-length:
      - '23'
      content-type:
      - application/json; charset=utf-8
      date:
      - Wed, 11 Sep 2019 01:16:06 GMT
      location:
      - https://management.azure.com/subscriptions/00000000-0000-0000-0000-000000000000/resourceGroups/clitest_privatedns000001/providers/Microsoft.Network/privateDnsOperationResults/RnJvbnRFbmRBc3luY09wZXJhdGlvbjtVcHNlcnRQcml2YXRlRG5zWm9uZTs2M2VkYWIxNC0yNGRhLTRiMDMtYTM1YS1iMmZmNGEwNGNjNDc=?api-version=2018-09-01
      server:
      - Microsoft-IIS/10.0
      strict-transport-security:
      - max-age=31536000; includeSubDomains
      x-aspnet-version:
      - 4.0.30319
      x-content-type-options:
      - nosniff
      x-ms-ratelimit-remaining-subscription-resource-requests:
      - '11999'
      x-powered-by:
      - ASP.NET
    status:
      code: 202
      message: Accepted
- request:
    body: null
    headers:
      Accept:
      - application/json
      Accept-Encoding:
      - gzip, deflate
      CommandName:
      - network private-dns zone create
      Connection:
      - keep-alive
      ParameterSetName:
      - -g -n
      User-Agent:
      - python/3.7.4 (Windows-10-10.0.18362-SP0) msrest/0.6.10 msrest_azure/0.6.1
        azure-mgmt-privatedns/1.0.0 Azure-SDK-For-Python AZURECLI/2.0.72
    method: GET
    uri: https://management.azure.com/subscriptions/00000000-0000-0000-0000-000000000000/resourceGroups/clitest_privatedns000001/providers/Microsoft.Network/privateDnsOperationStatuses/RnJvbnRFbmRBc3luY09wZXJhdGlvbjtVcHNlcnRQcml2YXRlRG5zWm9uZTs2M2VkYWIxNC0yNGRhLTRiMDMtYTM1YS1iMmZmNGEwNGNjNDc=?api-version=2018-09-01
  response:
    body:
      string: '{"status":"Succeeded"}'
    headers:
      cache-control:
      - private
      content-length:
      - '22'
      content-type:
      - application/json; charset=utf-8
      date:
      - Wed, 11 Sep 2019 01:16:17 GMT
      server:
      - Microsoft-IIS/10.0
      strict-transport-security:
      - max-age=31536000; includeSubDomains
      transfer-encoding:
      - chunked
      vary:
      - Accept-Encoding
      x-aspnet-version:
      - 4.0.30319
      x-content-type-options:
      - nosniff
      x-ms-ratelimit-remaining-subscription-resource-requests:
      - '11998'
      x-powered-by:
      - ASP.NET
    status:
      code: 200
      message: OK
- request:
    body: null
    headers:
      Accept:
      - application/json
      Accept-Encoding:
      - gzip, deflate
      CommandName:
      - network private-dns zone create
      Connection:
      - keep-alive
      ParameterSetName:
      - -g -n
      User-Agent:
      - python/3.7.4 (Windows-10-10.0.18362-SP0) msrest/0.6.10 msrest_azure/0.6.1
        azure-mgmt-privatedns/1.0.0 Azure-SDK-For-Python AZURECLI/2.0.72
    method: GET
    uri: https://management.azure.com/subscriptions/00000000-0000-0000-0000-000000000000/resourceGroups/clitest_privatedns000001/providers/Microsoft.Network/privateDnsZones/clitest.privatedns.com000002?api-version=2018-09-01
  response:
    body:
      string: '{"id":"\/subscriptions\/69025406-6e93-4e67-8c42-da236d205106\/resourceGroups\/clitest_privatedns000001\/providers\/Microsoft.Network\/privateDnsZones\/clitest.privatedns.com000002","name":"clitest.privatedns.com000002","type":"Microsoft.Network\/privateDnsZones","etag":"96f24f4a-d008-4e5b-8cb4-9a48968f7764","location":"global","properties":{"maxNumberOfRecordSets":25000,"maxNumberOfVirtualNetworkLinks":1000,"maxNumberOfVirtualNetworkLinksWithRegistration":100,"numberOfRecordSets":1,"numberOfVirtualNetworkLinks":0,"numberOfVirtualNetworkLinksWithRegistration":0,"provisioningState":"Succeeded"}}'
    headers:
      cache-control:
      - private
      content-length:
      - '665'
      content-type:
      - application/json; charset=utf-8
      date:
      - Wed, 11 Sep 2019 01:16:17 GMT
      etag:
      - 96f24f4a-d008-4e5b-8cb4-9a48968f7764
      server:
      - Microsoft-IIS/10.0
      strict-transport-security:
      - max-age=31536000; includeSubDomains
      transfer-encoding:
      - chunked
      vary:
      - Accept-Encoding
      x-aspnet-version:
      - 4.0.30319
      x-content-type-options:
      - nosniff
      x-ms-ratelimit-remaining-subscription-resource-requests:
      - '11999'
      x-powered-by:
      - ASP.NET
    status:
      code: 200
      message: OK
- request:
    body: '{"properties": {"ttl": 3600}}'
    headers:
      Accept:
      - application/json
      Accept-Encoding:
      - gzip, deflate
      CommandName:
      - network private-dns record-set a create
      Connection:
      - keep-alive
      Content-Length:
      - '29'
      Content-Type:
      - application/json; charset=utf-8
      If-None-Match:
      - '*'
      ParameterSetName:
      - -g -n -z
      User-Agent:
      - python/3.7.4 (Windows-10-10.0.18362-SP0) msrest/0.6.10 msrest_azure/0.6.1
        azure-mgmt-privatedns/1.0.0 Azure-SDK-For-Python AZURECLI/2.0.72
      accept-language:
      - en-US
    method: PUT
    uri: https://management.azure.com/subscriptions/00000000-0000-0000-0000-000000000000/resourceGroups/clitest_privatedns000001/providers/Microsoft.Network/privateDnsZones/clitest.privatedns.com000002/A/clitestprivatednsrecordset000003?api-version=2018-09-01
  response:
    body:
      string: '{"id":"\/subscriptions\/69025406-6e93-4e67-8c42-da236d205106\/resourceGroups\/clitest_privatedns000001\/providers\/Microsoft.Network\/privateDnsZones\/clitest.privatedns.com000002\/A\/clitestprivatednsrecordset000003","name":"clitestprivatednsrecordset000003","type":"Microsoft.Network\/privateDnsZones\/A","etag":"3f98d218-c4d2-4c66-bb5f-47ab589b1787","properties":{"fqdn":"clitestprivatednsrecordset000003.clitest.privatedns.com000002.","ttl":3600,"aRecords":[],"isAutoRegistered":false}}'
    headers:
      cache-control:
      - private
      content-length:
      - '564'
      content-type:
      - application/json; charset=utf-8
      date:
      - Wed, 11 Sep 2019 01:16:19 GMT
      etag:
      - 3f98d218-c4d2-4c66-bb5f-47ab589b1787
      server:
      - Microsoft-IIS/10.0
      strict-transport-security:
      - max-age=31536000; includeSubDomains
      x-aspnet-version:
      - 4.0.30319
      x-content-type-options:
      - nosniff
      x-ms-ratelimit-remaining-subscription-resource-requests:
      - '11999'
      x-powered-by:
      - ASP.NET
    status:
      code: 201
      message: Created
- request:
    body: null
    headers:
      Accept:
      - application/json
      Accept-Encoding:
      - gzip, deflate
      CommandName:
      - network private-dns record-set a add-record
      Connection:
      - keep-alive
      ParameterSetName:
      - -g -n -z -a
      User-Agent:
      - python/3.7.4 (Windows-10-10.0.18362-SP0) msrest/0.6.10 msrest_azure/0.6.1
        azure-mgmt-privatedns/1.0.0 Azure-SDK-For-Python AZURECLI/2.0.72
      accept-language:
      - en-US
    method: GET
    uri: https://management.azure.com/subscriptions/00000000-0000-0000-0000-000000000000/resourceGroups/clitest_privatedns000001/providers/Microsoft.Network/privateDnsZones/clitest.privatedns.com000002/A/clitestprivatednsrecordset000003?api-version=2018-09-01
  response:
    body:
      string: '{"id":"\/subscriptions\/69025406-6e93-4e67-8c42-da236d205106\/resourceGroups\/clitest_privatedns000001\/providers\/Microsoft.Network\/privateDnsZones\/clitest.privatedns.com000002\/A\/clitestprivatednsrecordset000003","name":"clitestprivatednsrecordset000003","type":"Microsoft.Network\/privateDnsZones\/A","etag":"3f98d218-c4d2-4c66-bb5f-47ab589b1787","properties":{"fqdn":"clitestprivatednsrecordset000003.clitest.privatedns.com000002.","ttl":3600,"aRecords":[],"isAutoRegistered":false}}'
    headers:
      cache-control:
      - private
      content-length:
      - '564'
      content-type:
      - application/json; charset=utf-8
      date:
      - Wed, 11 Sep 2019 01:16:19 GMT
      etag:
      - 3f98d218-c4d2-4c66-bb5f-47ab589b1787
      server:
      - Microsoft-IIS/10.0
      strict-transport-security:
      - max-age=31536000; includeSubDomains
      transfer-encoding:
      - chunked
      vary:
      - Accept-Encoding
      x-aspnet-version:
      - 4.0.30319
      x-content-type-options:
      - nosniff
      x-ms-ratelimit-remaining-subscription-resource-requests:
      - '11999'
      x-powered-by:
      - ASP.NET
    status:
      code: 200
      message: OK
- request:
    body: '{"etag": "3f98d218-c4d2-4c66-bb5f-47ab589b1787", "properties": {"ttl":
      3600, "aRecords": [{"ipv4Address": "10.0.0.1"}]}}'
    headers:
      Accept:
      - application/json
      Accept-Encoding:
      - gzip, deflate
      CommandName:
      - network private-dns record-set a add-record
      Connection:
      - keep-alive
      Content-Length:
      - '120'
      Content-Type:
      - application/json; charset=utf-8
      ParameterSetName:
      - -g -n -z -a
      User-Agent:
      - python/3.7.4 (Windows-10-10.0.18362-SP0) msrest/0.6.10 msrest_azure/0.6.1
        azure-mgmt-privatedns/1.0.0 Azure-SDK-For-Python AZURECLI/2.0.72
      accept-language:
      - en-US
    method: PUT
    uri: https://management.azure.com/subscriptions/00000000-0000-0000-0000-000000000000/resourceGroups/clitest_privatedns000001/providers/Microsoft.Network/privateDnsZones/clitest.privatedns.com000002/A/clitestprivatednsrecordset000003?api-version=2018-09-01
  response:
    body:
      string: '{"id":"\/subscriptions\/69025406-6e93-4e67-8c42-da236d205106\/resourceGroups\/clitest_privatedns000001\/providers\/Microsoft.Network\/privateDnsZones\/clitest.privatedns.com000002\/A\/clitestprivatednsrecordset000003","name":"clitestprivatednsrecordset000003","type":"Microsoft.Network\/privateDnsZones\/A","etag":"911dae8e-6d34-4f62-ae66-87f4a92910a5","properties":{"fqdn":"clitestprivatednsrecordset000003.clitest.privatedns.com000002.","ttl":3600,"aRecords":[{"ipv4Address":"10.0.0.1"}],"isAutoRegistered":false}}'
    headers:
      cache-control:
      - private
      content-length:
      - '590'
      content-type:
      - application/json; charset=utf-8
      date:
      - Wed, 11 Sep 2019 01:16:21 GMT
      etag:
      - 911dae8e-6d34-4f62-ae66-87f4a92910a5
      server:
      - Microsoft-IIS/10.0
      strict-transport-security:
      - max-age=31536000; includeSubDomains
      transfer-encoding:
      - chunked
      vary:
      - Accept-Encoding
      x-aspnet-version:
      - 4.0.30319
      x-content-type-options:
      - nosniff
      x-ms-ratelimit-remaining-subscription-resource-requests:
      - '11999'
      x-powered-by:
      - ASP.NET
    status:
      code: 200
      message: OK
- request:
    body: '{"properties": {"ttl": 3600}}'
    headers:
      Accept:
      - application/json
      Accept-Encoding:
      - gzip, deflate
      CommandName:
      - network private-dns record-set aaaa create
      Connection:
      - keep-alive
      Content-Length:
      - '29'
      Content-Type:
      - application/json; charset=utf-8
      If-None-Match:
      - '*'
      ParameterSetName:
      - -g -n -z
      User-Agent:
      - python/3.7.4 (Windows-10-10.0.18362-SP0) msrest/0.6.10 msrest_azure/0.6.1
        azure-mgmt-privatedns/1.0.0 Azure-SDK-For-Python AZURECLI/2.0.72
      accept-language:
      - en-US
    method: PUT
    uri: https://management.azure.com/subscriptions/00000000-0000-0000-0000-000000000000/resourceGroups/clitest_privatedns000001/providers/Microsoft.Network/privateDnsZones/clitest.privatedns.com000002/AAAA/clitestprivatednsrecordset000004?api-version=2018-09-01
  response:
    body:
      string: '{"id":"\/subscriptions\/69025406-6e93-4e67-8c42-da236d205106\/resourceGroups\/clitest_privatedns000001\/providers\/Microsoft.Network\/privateDnsZones\/clitest.privatedns.com000002\/AAAA\/clitestprivatednsrecordset000004","name":"clitestprivatednsrecordset000004","type":"Microsoft.Network\/privateDnsZones\/AAAA","etag":"64aff303-5d12-4a4a-8584-433ee0cec603","properties":{"fqdn":"clitestprivatednsrecordset000004.clitest.privatedns.com000002.","ttl":3600,"aaaaRecords":[],"isAutoRegistered":false}}'
    headers:
      cache-control:
      - private
      content-length:
      - '573'
      content-type:
      - application/json; charset=utf-8
      date:
      - Wed, 11 Sep 2019 01:16:22 GMT
      etag:
      - 64aff303-5d12-4a4a-8584-433ee0cec603
      server:
      - Microsoft-IIS/10.0
      strict-transport-security:
      - max-age=31536000; includeSubDomains
      x-aspnet-version:
      - 4.0.30319
      x-content-type-options:
      - nosniff
      x-ms-ratelimit-remaining-subscription-resource-requests:
      - '11999'
      x-powered-by:
      - ASP.NET
    status:
      code: 201
      message: Created
- request:
    body: null
    headers:
      Accept:
      - application/json
      Accept-Encoding:
      - gzip, deflate
      CommandName:
      - network private-dns record-set aaaa add-record
      Connection:
      - keep-alive
      ParameterSetName:
      - -g -n -z -a
      User-Agent:
      - python/3.7.4 (Windows-10-10.0.18362-SP0) msrest/0.6.10 msrest_azure/0.6.1
        azure-mgmt-privatedns/1.0.0 Azure-SDK-For-Python AZURECLI/2.0.72
      accept-language:
      - en-US
    method: GET
    uri: https://management.azure.com/subscriptions/00000000-0000-0000-0000-000000000000/resourceGroups/clitest_privatedns000001/providers/Microsoft.Network/privateDnsZones/clitest.privatedns.com000002/AAAA/clitestprivatednsrecordset000004?api-version=2018-09-01
  response:
    body:
      string: '{"id":"\/subscriptions\/69025406-6e93-4e67-8c42-da236d205106\/resourceGroups\/clitest_privatedns000001\/providers\/Microsoft.Network\/privateDnsZones\/clitest.privatedns.com000002\/AAAA\/clitestprivatednsrecordset000004","name":"clitestprivatednsrecordset000004","type":"Microsoft.Network\/privateDnsZones\/AAAA","etag":"64aff303-5d12-4a4a-8584-433ee0cec603","properties":{"fqdn":"clitestprivatednsrecordset000004.clitest.privatedns.com000002.","ttl":3600,"aaaaRecords":[],"isAutoRegistered":false}}'
    headers:
      cache-control:
      - private
      content-length:
      - '573'
      content-type:
      - application/json; charset=utf-8
      date:
      - Wed, 11 Sep 2019 01:16:23 GMT
      etag:
      - 64aff303-5d12-4a4a-8584-433ee0cec603
      server:
      - Microsoft-IIS/10.0
      strict-transport-security:
      - max-age=31536000; includeSubDomains
      transfer-encoding:
      - chunked
      vary:
      - Accept-Encoding
      x-aspnet-version:
      - 4.0.30319
      x-content-type-options:
      - nosniff
      x-ms-ratelimit-remaining-subscription-resource-requests:
      - '11999'
      x-powered-by:
      - ASP.NET
    status:
      code: 200
      message: OK
- request:
    body: '{"etag": "64aff303-5d12-4a4a-8584-433ee0cec603", "properties": {"ttl":
      3600, "aaaaRecords": [{"ipv6Address": "::1"}]}}'
    headers:
      Accept:
      - application/json
      Accept-Encoding:
      - gzip, deflate
      CommandName:
      - network private-dns record-set aaaa add-record
      Connection:
      - keep-alive
      Content-Length:
      - '118'
      Content-Type:
      - application/json; charset=utf-8
      ParameterSetName:
      - -g -n -z -a
      User-Agent:
      - python/3.7.4 (Windows-10-10.0.18362-SP0) msrest/0.6.10 msrest_azure/0.6.1
        azure-mgmt-privatedns/1.0.0 Azure-SDK-For-Python AZURECLI/2.0.72
      accept-language:
      - en-US
    method: PUT
    uri: https://management.azure.com/subscriptions/00000000-0000-0000-0000-000000000000/resourceGroups/clitest_privatedns000001/providers/Microsoft.Network/privateDnsZones/clitest.privatedns.com000002/AAAA/clitestprivatednsrecordset000004?api-version=2018-09-01
  response:
    body:
      string: '{"id":"\/subscriptions\/69025406-6e93-4e67-8c42-da236d205106\/resourceGroups\/clitest_privatedns000001\/providers\/Microsoft.Network\/privateDnsZones\/clitest.privatedns.com000002\/AAAA\/clitestprivatednsrecordset000004","name":"clitestprivatednsrecordset000004","type":"Microsoft.Network\/privateDnsZones\/AAAA","etag":"22d0dec7-8bd3-4451-a88c-2886898d65c7","properties":{"fqdn":"clitestprivatednsrecordset000004.clitest.privatedns.com000002.","ttl":3600,"aaaaRecords":[{"ipv6Address":"::1"}],"isAutoRegistered":false}}'
    headers:
      cache-control:
      - private
      content-length:
      - '594'
      content-type:
      - application/json; charset=utf-8
      date:
      - Wed, 11 Sep 2019 01:16:24 GMT
      etag:
      - 22d0dec7-8bd3-4451-a88c-2886898d65c7
      server:
      - Microsoft-IIS/10.0
      strict-transport-security:
      - max-age=31536000; includeSubDomains
      transfer-encoding:
      - chunked
      vary:
      - Accept-Encoding
      x-aspnet-version:
      - 4.0.30319
      x-content-type-options:
      - nosniff
      x-ms-ratelimit-remaining-subscription-resource-requests:
      - '11999'
      x-powered-by:
      - ASP.NET
    status:
      code: 200
      message: OK
- request:
    body: '{"properties": {"ttl": 3600}}'
    headers:
      Accept:
      - application/json
      Accept-Encoding:
      - gzip, deflate
      CommandName:
      - network private-dns record-set txt create
      Connection:
      - keep-alive
      Content-Length:
      - '29'
      Content-Type:
      - application/json; charset=utf-8
      If-None-Match:
      - '*'
      ParameterSetName:
      - -g -n -z
      User-Agent:
      - python/3.7.4 (Windows-10-10.0.18362-SP0) msrest/0.6.10 msrest_azure/0.6.1
        azure-mgmt-privatedns/1.0.0 Azure-SDK-For-Python AZURECLI/2.0.72
      accept-language:
      - en-US
    method: PUT
    uri: https://management.azure.com/subscriptions/00000000-0000-0000-0000-000000000000/resourceGroups/clitest_privatedns000001/providers/Microsoft.Network/privateDnsZones/clitest.privatedns.com000002/TXT/clitestprivatednsrecordset000005?api-version=2018-09-01
  response:
    body:
      string: '{"id":"\/subscriptions\/69025406-6e93-4e67-8c42-da236d205106\/resourceGroups\/clitest_privatedns000001\/providers\/Microsoft.Network\/privateDnsZones\/clitest.privatedns.com000002\/TXT\/clitestprivatednsrecordset000005","name":"clitestprivatednsrecordset000005","type":"Microsoft.Network\/privateDnsZones\/TXT","etag":"b54bd470-0cd6-4699-acf0-78cfee0f6cab","properties":{"fqdn":"clitestprivatednsrecordset000005.clitest.privatedns.com000002.","ttl":3600,"txtRecords":[],"isAutoRegistered":false}}'
    headers:
      cache-control:
      - private
      content-length:
      - '570'
      content-type:
      - application/json; charset=utf-8
      date:
      - Wed, 11 Sep 2019 01:16:25 GMT
      etag:
      - b54bd470-0cd6-4699-acf0-78cfee0f6cab
      server:
      - Microsoft-IIS/10.0
      strict-transport-security:
      - max-age=31536000; includeSubDomains
      x-aspnet-version:
      - 4.0.30319
      x-content-type-options:
      - nosniff
      x-ms-ratelimit-remaining-subscription-resource-requests:
      - '11999'
      x-powered-by:
      - ASP.NET
    status:
      code: 201
      message: Created
- request:
    body: null
    headers:
      Accept:
      - application/json
      Accept-Encoding:
      - gzip, deflate
      CommandName:
      - network private-dns record-set txt add-record
      Connection:
      - keep-alive
      ParameterSetName:
      - -g -n -z -v
      User-Agent:
      - python/3.7.4 (Windows-10-10.0.18362-SP0) msrest/0.6.10 msrest_azure/0.6.1
        azure-mgmt-privatedns/1.0.0 Azure-SDK-For-Python AZURECLI/2.0.72
      accept-language:
      - en-US
    method: GET
    uri: https://management.azure.com/subscriptions/00000000-0000-0000-0000-000000000000/resourceGroups/clitest_privatedns000001/providers/Microsoft.Network/privateDnsZones/clitest.privatedns.com000002/TXT/clitestprivatednsrecordset000005?api-version=2018-09-01
  response:
    body:
      string: '{"id":"\/subscriptions\/69025406-6e93-4e67-8c42-da236d205106\/resourceGroups\/clitest_privatedns000001\/providers\/Microsoft.Network\/privateDnsZones\/clitest.privatedns.com000002\/TXT\/clitestprivatednsrecordset000005","name":"clitestprivatednsrecordset000005","type":"Microsoft.Network\/privateDnsZones\/TXT","etag":"b54bd470-0cd6-4699-acf0-78cfee0f6cab","properties":{"fqdn":"clitestprivatednsrecordset000005.clitest.privatedns.com000002.","ttl":3600,"txtRecords":[],"isAutoRegistered":false}}'
    headers:
      cache-control:
      - private
      content-length:
      - '570'
      content-type:
      - application/json; charset=utf-8
      date:
      - Wed, 11 Sep 2019 01:16:25 GMT
      etag:
      - b54bd470-0cd6-4699-acf0-78cfee0f6cab
      server:
      - Microsoft-IIS/10.0
      strict-transport-security:
      - max-age=31536000; includeSubDomains
      transfer-encoding:
      - chunked
      vary:
      - Accept-Encoding
      x-aspnet-version:
      - 4.0.30319
      x-content-type-options:
      - nosniff
      x-ms-ratelimit-remaining-subscription-resource-requests:
      - '11999'
      x-powered-by:
      - ASP.NET
    status:
      code: 200
      message: OK
- request:
    body: '{"etag": "b54bd470-0cd6-4699-acf0-78cfee0f6cab", "properties": {"ttl":
      3600, "txtRecords": [{"value": ["txt record"]}]}}'
    headers:
      Accept:
      - application/json
      Accept-Encoding:
      - gzip, deflate
      CommandName:
      - network private-dns record-set txt add-record
      Connection:
      - keep-alive
      Content-Length:
      - '120'
      Content-Type:
      - application/json; charset=utf-8
      ParameterSetName:
      - -g -n -z -v
      User-Agent:
      - python/3.7.4 (Windows-10-10.0.18362-SP0) msrest/0.6.10 msrest_azure/0.6.1
        azure-mgmt-privatedns/1.0.0 Azure-SDK-For-Python AZURECLI/2.0.72
      accept-language:
      - en-US
    method: PUT
    uri: https://management.azure.com/subscriptions/00000000-0000-0000-0000-000000000000/resourceGroups/clitest_privatedns000001/providers/Microsoft.Network/privateDnsZones/clitest.privatedns.com000002/TXT/clitestprivatednsrecordset000005?api-version=2018-09-01
  response:
    body:
      string: '{"id":"\/subscriptions\/69025406-6e93-4e67-8c42-da236d205106\/resourceGroups\/clitest_privatedns000001\/providers\/Microsoft.Network\/privateDnsZones\/clitest.privatedns.com000002\/TXT\/clitestprivatednsrecordset000005","name":"clitestprivatednsrecordset000005","type":"Microsoft.Network\/privateDnsZones\/TXT","etag":"f9eafc74-6f6b-41f1-a8a6-5b08c329de85","properties":{"fqdn":"clitestprivatednsrecordset000005.clitest.privatedns.com000002.","ttl":3600,"txtRecords":[{"value":["txt
        record"]}],"isAutoRegistered":false}}'
    headers:
      cache-control:
      - private
      content-length:
      - '594'
      content-type:
      - application/json; charset=utf-8
      date:
      - Wed, 11 Sep 2019 01:16:26 GMT
      etag:
      - f9eafc74-6f6b-41f1-a8a6-5b08c329de85
      server:
      - Microsoft-IIS/10.0
      strict-transport-security:
      - max-age=31536000; includeSubDomains
      transfer-encoding:
      - chunked
      vary:
      - Accept-Encoding
      x-aspnet-version:
      - 4.0.30319
      x-content-type-options:
      - nosniff
      x-ms-ratelimit-remaining-subscription-resource-requests:
      - '11999'
      x-powered-by:
      - ASP.NET
    status:
      code: 200
      message: OK
- request:
    body: '{"properties": {"ttl": 3600}}'
    headers:
      Accept:
      - application/json
      Accept-Encoding:
      - gzip, deflate
      CommandName:
      - network private-dns record-set cname create
      Connection:
      - keep-alive
      Content-Length:
      - '29'
      Content-Type:
      - application/json; charset=utf-8
      If-None-Match:
      - '*'
      ParameterSetName:
      - -g -n -z
      User-Agent:
      - python/3.7.4 (Windows-10-10.0.18362-SP0) msrest/0.6.10 msrest_azure/0.6.1
        azure-mgmt-privatedns/1.0.0 Azure-SDK-For-Python AZURECLI/2.0.72
      accept-language:
      - en-US
    method: PUT
    uri: https://management.azure.com/subscriptions/00000000-0000-0000-0000-000000000000/resourceGroups/clitest_privatedns000001/providers/Microsoft.Network/privateDnsZones/clitest.privatedns.com000002/CNAME/clitestprivatednsrecordset000006?api-version=2018-09-01
  response:
    body:
      string: '{"id":"\/subscriptions\/69025406-6e93-4e67-8c42-da236d205106\/resourceGroups\/clitest_privatedns000001\/providers\/Microsoft.Network\/privateDnsZones\/clitest.privatedns.com000002\/CNAME\/clitestprivatednsrecordset000006","name":"clitestprivatednsrecordset000006","type":"Microsoft.Network\/privateDnsZones\/CNAME","etag":"12d10b94-5846-4b23-95f6-ba70aeb9b179","properties":{"fqdn":"clitestprivatednsrecordset000006.clitest.privatedns.com000002.","ttl":3600,"isAutoRegistered":false}}'
    headers:
      cache-control:
      - private
      content-length:
      - '558'
      content-type:
      - application/json; charset=utf-8
      date:
      - Wed, 11 Sep 2019 01:16:28 GMT
      etag:
      - 12d10b94-5846-4b23-95f6-ba70aeb9b179
      server:
      - Microsoft-IIS/10.0
      strict-transport-security:
      - max-age=31536000; includeSubDomains
      x-aspnet-version:
      - 4.0.30319
      x-content-type-options:
      - nosniff
      x-ms-ratelimit-remaining-subscription-resource-requests:
      - '11999'
      x-powered-by:
      - ASP.NET
    status:
      code: 201
      message: Created
- request:
    body: null
    headers:
      Accept:
      - application/json
      Accept-Encoding:
      - gzip, deflate
      CommandName:
      - network private-dns record-set cname set-record
      Connection:
      - keep-alive
      ParameterSetName:
      - -g -n -z -c
      User-Agent:
      - python/3.7.4 (Windows-10-10.0.18362-SP0) msrest/0.6.10 msrest_azure/0.6.1
        azure-mgmt-privatedns/1.0.0 Azure-SDK-For-Python AZURECLI/2.0.72
      accept-language:
      - en-US
    method: GET
    uri: https://management.azure.com/subscriptions/00000000-0000-0000-0000-000000000000/resourceGroups/clitest_privatedns000001/providers/Microsoft.Network/privateDnsZones/clitest.privatedns.com000002/CNAME/clitestprivatednsrecordset000006?api-version=2018-09-01
  response:
    body:
      string: '{"id":"\/subscriptions\/69025406-6e93-4e67-8c42-da236d205106\/resourceGroups\/clitest_privatedns000001\/providers\/Microsoft.Network\/privateDnsZones\/clitest.privatedns.com000002\/CNAME\/clitestprivatednsrecordset000006","name":"clitestprivatednsrecordset000006","type":"Microsoft.Network\/privateDnsZones\/CNAME","etag":"12d10b94-5846-4b23-95f6-ba70aeb9b179","properties":{"fqdn":"clitestprivatednsrecordset000006.clitest.privatedns.com000002.","ttl":3600,"isAutoRegistered":false}}'
    headers:
      cache-control:
      - private
      content-length:
      - '558'
      content-type:
      - application/json; charset=utf-8
      date:
      - Wed, 11 Sep 2019 01:16:28 GMT
      etag:
      - 12d10b94-5846-4b23-95f6-ba70aeb9b179
      server:
      - Microsoft-IIS/10.0
      strict-transport-security:
      - max-age=31536000; includeSubDomains
      transfer-encoding:
      - chunked
      vary:
      - Accept-Encoding
      x-aspnet-version:
      - 4.0.30319
      x-content-type-options:
      - nosniff
      x-ms-ratelimit-remaining-subscription-resource-requests:
      - '11999'
      x-powered-by:
      - ASP.NET
    status:
      code: 200
      message: OK
- request:
    body: '{"etag": "12d10b94-5846-4b23-95f6-ba70aeb9b179", "properties": {"ttl":
      3600, "cnameRecord": {"cname": "clitestcname"}}}'
    headers:
      Accept:
      - application/json
      Accept-Encoding:
      - gzip, deflate
      CommandName:
      - network private-dns record-set cname set-record
      Connection:
      - keep-alive
      Content-Length:
      - '119'
      Content-Type:
      - application/json; charset=utf-8
      ParameterSetName:
      - -g -n -z -c
      User-Agent:
      - python/3.7.4 (Windows-10-10.0.18362-SP0) msrest/0.6.10 msrest_azure/0.6.1
        azure-mgmt-privatedns/1.0.0 Azure-SDK-For-Python AZURECLI/2.0.72
      accept-language:
      - en-US
    method: PUT
    uri: https://management.azure.com/subscriptions/00000000-0000-0000-0000-000000000000/resourceGroups/clitest_privatedns000001/providers/Microsoft.Network/privateDnsZones/clitest.privatedns.com000002/CNAME/clitestprivatednsrecordset000006?api-version=2018-09-01
  response:
    body:
      string: '{"id":"\/subscriptions\/69025406-6e93-4e67-8c42-da236d205106\/resourceGroups\/clitest_privatedns000001\/providers\/Microsoft.Network\/privateDnsZones\/clitest.privatedns.com000002\/CNAME\/clitestprivatednsrecordset000006","name":"clitestprivatednsrecordset000006","type":"Microsoft.Network\/privateDnsZones\/CNAME","etag":"257dca1b-cabf-4b4b-aaa6-84a648dc824d","properties":{"fqdn":"clitestprivatednsrecordset000006.clitest.privatedns.com000002.","ttl":3600,"cnameRecord":{"cname":"clitestcname"},"isAutoRegistered":false}}'
    headers:
      cache-control:
      - private
      content-length:
      - '597'
      content-type:
      - application/json; charset=utf-8
      date:
      - Wed, 11 Sep 2019 01:16:30 GMT
      etag:
      - 257dca1b-cabf-4b4b-aaa6-84a648dc824d
      server:
      - Microsoft-IIS/10.0
      strict-transport-security:
      - max-age=31536000; includeSubDomains
      transfer-encoding:
      - chunked
      vary:
      - Accept-Encoding
      x-aspnet-version:
      - 4.0.30319
      x-content-type-options:
      - nosniff
      x-ms-ratelimit-remaining-subscription-resource-requests:
      - '11999'
      x-powered-by:
      - ASP.NET
    status:
      code: 200
      message: OK
- request:
    body: '{"properties": {"ttl": 3600}}'
    headers:
      Accept:
      - application/json
      Accept-Encoding:
      - gzip, deflate
      CommandName:
      - network private-dns record-set srv create
      Connection:
      - keep-alive
      Content-Length:
      - '29'
      Content-Type:
      - application/json; charset=utf-8
      If-None-Match:
      - '*'
      ParameterSetName:
      - -g -n -z
      User-Agent:
      - python/3.7.4 (Windows-10-10.0.18362-SP0) msrest/0.6.10 msrest_azure/0.6.1
        azure-mgmt-privatedns/1.0.0 Azure-SDK-For-Python AZURECLI/2.0.72
      accept-language:
      - en-US
    method: PUT
    uri: https://management.azure.com/subscriptions/00000000-0000-0000-0000-000000000000/resourceGroups/clitest_privatedns000001/providers/Microsoft.Network/privateDnsZones/clitest.privatedns.com000002/SRV/clitestprivatednsrecordset000007?api-version=2018-09-01
  response:
    body:
      string: '{"id":"\/subscriptions\/69025406-6e93-4e67-8c42-da236d205106\/resourceGroups\/clitest_privatedns000001\/providers\/Microsoft.Network\/privateDnsZones\/clitest.privatedns.com000002\/SRV\/clitestprivatednsrecordset000007","name":"clitestprivatednsrecordset000007","type":"Microsoft.Network\/privateDnsZones\/SRV","etag":"a8186f15-754f-4056-bfdd-ca9fc38a8bdd","properties":{"fqdn":"clitestprivatednsrecordset000007.clitest.privatedns.com000002.","ttl":3600,"srvRecords":[],"isAutoRegistered":false}}'
    headers:
      cache-control:
      - private
      content-length:
      - '570'
      content-type:
      - application/json; charset=utf-8
      date:
      - Wed, 11 Sep 2019 01:16:31 GMT
      etag:
      - a8186f15-754f-4056-bfdd-ca9fc38a8bdd
      server:
      - Microsoft-IIS/10.0
      strict-transport-security:
      - max-age=31536000; includeSubDomains
      x-aspnet-version:
      - 4.0.30319
      x-content-type-options:
      - nosniff
      x-ms-ratelimit-remaining-subscription-resource-requests:
      - '11999'
      x-powered-by:
      - ASP.NET
    status:
      code: 201
      message: Created
- request:
    body: null
    headers:
      Accept:
      - application/json
      Accept-Encoding:
      - gzip, deflate
      CommandName:
      - network private-dns record-set srv add-record
      Connection:
      - keep-alive
      ParameterSetName:
      - -g -n -z -r -p -t -w
      User-Agent:
      - python/3.7.4 (Windows-10-10.0.18362-SP0) msrest/0.6.10 msrest_azure/0.6.1
        azure-mgmt-privatedns/1.0.0 Azure-SDK-For-Python AZURECLI/2.0.72
      accept-language:
      - en-US
    method: GET
    uri: https://management.azure.com/subscriptions/00000000-0000-0000-0000-000000000000/resourceGroups/clitest_privatedns000001/providers/Microsoft.Network/privateDnsZones/clitest.privatedns.com000002/SRV/clitestprivatednsrecordset000007?api-version=2018-09-01
  response:
    body:
      string: '{"id":"\/subscriptions\/69025406-6e93-4e67-8c42-da236d205106\/resourceGroups\/clitest_privatedns000001\/providers\/Microsoft.Network\/privateDnsZones\/clitest.privatedns.com000002\/SRV\/clitestprivatednsrecordset000007","name":"clitestprivatednsrecordset000007","type":"Microsoft.Network\/privateDnsZones\/SRV","etag":"a8186f15-754f-4056-bfdd-ca9fc38a8bdd","properties":{"fqdn":"clitestprivatednsrecordset000007.clitest.privatedns.com000002.","ttl":3600,"srvRecords":[],"isAutoRegistered":false}}'
    headers:
      cache-control:
      - private
      content-length:
      - '570'
      content-type:
      - application/json; charset=utf-8
      date:
      - Wed, 11 Sep 2019 01:16:32 GMT
      etag:
      - a8186f15-754f-4056-bfdd-ca9fc38a8bdd
      server:
      - Microsoft-IIS/10.0
      strict-transport-security:
      - max-age=31536000; includeSubDomains
      transfer-encoding:
      - chunked
      vary:
      - Accept-Encoding
      x-aspnet-version:
      - 4.0.30319
      x-content-type-options:
      - nosniff
      x-ms-ratelimit-remaining-subscription-resource-requests:
      - '11999'
      x-powered-by:
      - ASP.NET
    status:
      code: 200
      message: OK
- request:
    body: '{"etag": "a8186f15-754f-4056-bfdd-ca9fc38a8bdd", "properties": {"ttl":
      3600, "srvRecords": [{"priority": 1, "weight": 5, "port": 120, "target": "targ.et"}]}}'
    headers:
      Accept:
      - application/json
      Accept-Encoding:
      - gzip, deflate
      CommandName:
      - network private-dns record-set srv add-record
      Connection:
      - keep-alive
      Content-Length:
      - '157'
      Content-Type:
      - application/json; charset=utf-8
      ParameterSetName:
      - -g -n -z -r -p -t -w
      User-Agent:
      - python/3.7.4 (Windows-10-10.0.18362-SP0) msrest/0.6.10 msrest_azure/0.6.1
        azure-mgmt-privatedns/1.0.0 Azure-SDK-For-Python AZURECLI/2.0.72
      accept-language:
      - en-US
    method: PUT
    uri: https://management.azure.com/subscriptions/00000000-0000-0000-0000-000000000000/resourceGroups/clitest_privatedns000001/providers/Microsoft.Network/privateDnsZones/clitest.privatedns.com000002/SRV/clitestprivatednsrecordset000007?api-version=2018-09-01
  response:
    body:
      string: '{"id":"\/subscriptions\/69025406-6e93-4e67-8c42-da236d205106\/resourceGroups\/clitest_privatedns000001\/providers\/Microsoft.Network\/privateDnsZones\/clitest.privatedns.com000002\/SRV\/clitestprivatednsrecordset000007","name":"clitestprivatednsrecordset000007","type":"Microsoft.Network\/privateDnsZones\/SRV","etag":"7eeae6aa-aff6-4dc5-9505-ed7f69f9ba22","properties":{"fqdn":"clitestprivatednsrecordset000007.clitest.privatedns.com000002.","ttl":3600,"srvRecords":[{"port":120,"priority":1,"target":"targ.et","weight":5}],"isAutoRegistered":false}}'
    headers:
      cache-control:
      - private
      content-length:
      - '625'
      content-type:
      - application/json; charset=utf-8
      date:
      - Wed, 11 Sep 2019 01:16:33 GMT
      etag:
      - 7eeae6aa-aff6-4dc5-9505-ed7f69f9ba22
      server:
      - Microsoft-IIS/10.0
      strict-transport-security:
      - max-age=31536000; includeSubDomains
      transfer-encoding:
      - chunked
      vary:
      - Accept-Encoding
      x-aspnet-version:
      - 4.0.30319
      x-content-type-options:
      - nosniff
      x-ms-ratelimit-remaining-subscription-resource-requests:
      - '11999'
      x-powered-by:
      - ASP.NET
    status:
      code: 200
      message: OK
- request:
    body: '{"properties": {"ttl": 3600}}'
    headers:
      Accept:
      - application/json
      Accept-Encoding:
      - gzip, deflate
      CommandName:
      - network private-dns record-set mx create
      Connection:
      - keep-alive
      Content-Length:
      - '29'
      Content-Type:
      - application/json; charset=utf-8
      If-None-Match:
      - '*'
      ParameterSetName:
      - -g -n -z
      User-Agent:
      - python/3.7.4 (Windows-10-10.0.18362-SP0) msrest/0.6.10 msrest_azure/0.6.1
        azure-mgmt-privatedns/1.0.0 Azure-SDK-For-Python AZURECLI/2.0.72
      accept-language:
      - en-US
    method: PUT
    uri: https://management.azure.com/subscriptions/00000000-0000-0000-0000-000000000000/resourceGroups/clitest_privatedns000001/providers/Microsoft.Network/privateDnsZones/clitest.privatedns.com000002/MX/clitestprivatednsrecordset000008?api-version=2018-09-01
  response:
    body:
      string: '{"id":"\/subscriptions\/69025406-6e93-4e67-8c42-da236d205106\/resourceGroups\/clitest_privatedns000001\/providers\/Microsoft.Network\/privateDnsZones\/clitest.privatedns.com000002\/MX\/clitestprivatednsrecordset000008","name":"clitestprivatednsrecordset000008","type":"Microsoft.Network\/privateDnsZones\/MX","etag":"fbd98702-0a74-4aa2-a5bc-5eafe1fac71e","properties":{"fqdn":"clitestprivatednsrecordset000008.clitest.privatedns.com000002.","ttl":3600,"mxRecords":[],"isAutoRegistered":false}}'
    headers:
      cache-control:
      - private
      content-length:
      - '567'
      content-type:
      - application/json; charset=utf-8
      date:
      - Wed, 11 Sep 2019 01:16:35 GMT
      etag:
      - fbd98702-0a74-4aa2-a5bc-5eafe1fac71e
      server:
      - Microsoft-IIS/10.0
      strict-transport-security:
      - max-age=31536000; includeSubDomains
      x-aspnet-version:
      - 4.0.30319
      x-content-type-options:
      - nosniff
      x-ms-ratelimit-remaining-subscription-resource-requests:
      - '11999'
      x-powered-by:
      - ASP.NET
    status:
      code: 201
      message: Created
- request:
    body: null
    headers:
      Accept:
      - application/json
      Accept-Encoding:
      - gzip, deflate
      CommandName:
      - network private-dns record-set mx add-record
      Connection:
      - keep-alive
      ParameterSetName:
      - -g -n -z -e -p
      User-Agent:
      - python/3.7.4 (Windows-10-10.0.18362-SP0) msrest/0.6.10 msrest_azure/0.6.1
        azure-mgmt-privatedns/1.0.0 Azure-SDK-For-Python AZURECLI/2.0.72
      accept-language:
      - en-US
    method: GET
    uri: https://management.azure.com/subscriptions/00000000-0000-0000-0000-000000000000/resourceGroups/clitest_privatedns000001/providers/Microsoft.Network/privateDnsZones/clitest.privatedns.com000002/MX/clitestprivatednsrecordset000008?api-version=2018-09-01
  response:
    body:
      string: '{"id":"\/subscriptions\/69025406-6e93-4e67-8c42-da236d205106\/resourceGroups\/clitest_privatedns000001\/providers\/Microsoft.Network\/privateDnsZones\/clitest.privatedns.com000002\/MX\/clitestprivatednsrecordset000008","name":"clitestprivatednsrecordset000008","type":"Microsoft.Network\/privateDnsZones\/MX","etag":"fbd98702-0a74-4aa2-a5bc-5eafe1fac71e","properties":{"fqdn":"clitestprivatednsrecordset000008.clitest.privatedns.com000002.","ttl":3600,"mxRecords":[],"isAutoRegistered":false}}'
    headers:
      cache-control:
      - private
      content-length:
      - '567'
      content-type:
      - application/json; charset=utf-8
      date:
      - Wed, 11 Sep 2019 01:16:35 GMT
      etag:
      - fbd98702-0a74-4aa2-a5bc-5eafe1fac71e
      server:
      - Microsoft-IIS/10.0
      strict-transport-security:
      - max-age=31536000; includeSubDomains
      transfer-encoding:
      - chunked
      vary:
      - Accept-Encoding
      x-aspnet-version:
      - 4.0.30319
      x-content-type-options:
      - nosniff
      x-ms-ratelimit-remaining-subscription-resource-requests:
      - '11999'
      x-powered-by:
      - ASP.NET
    status:
      code: 200
      message: OK
- request:
    body: '{"etag": "fbd98702-0a74-4aa2-a5bc-5eafe1fac71e", "properties": {"ttl":
      3600, "mxRecords": [{"preference": 1, "exchange": "ex.chan.ge"}]}}'
    headers:
      Accept:
      - application/json
      Accept-Encoding:
      - gzip, deflate
      CommandName:
      - network private-dns record-set mx add-record
      Connection:
      - keep-alive
      Content-Length:
      - '137'
      Content-Type:
      - application/json; charset=utf-8
      ParameterSetName:
      - -g -n -z -e -p
      User-Agent:
      - python/3.7.4 (Windows-10-10.0.18362-SP0) msrest/0.6.10 msrest_azure/0.6.1
        azure-mgmt-privatedns/1.0.0 Azure-SDK-For-Python AZURECLI/2.0.72
      accept-language:
      - en-US
    method: PUT
    uri: https://management.azure.com/subscriptions/00000000-0000-0000-0000-000000000000/resourceGroups/clitest_privatedns000001/providers/Microsoft.Network/privateDnsZones/clitest.privatedns.com000002/MX/clitestprivatednsrecordset000008?api-version=2018-09-01
  response:
    body:
      string: '{"id":"\/subscriptions\/69025406-6e93-4e67-8c42-da236d205106\/resourceGroups\/clitest_privatedns000001\/providers\/Microsoft.Network\/privateDnsZones\/clitest.privatedns.com000002\/MX\/clitestprivatednsrecordset000008","name":"clitestprivatednsrecordset000008","type":"Microsoft.Network\/privateDnsZones\/MX","etag":"db063d27-0366-498c-bf2c-7dd673bc4c8e","properties":{"fqdn":"clitestprivatednsrecordset000008.clitest.privatedns.com000002.","ttl":3600,"mxRecords":[{"exchange":"ex.chan.ge","preference":1}],"isAutoRegistered":false}}'
    headers:
      cache-control:
      - private
      content-length:
      - '607'
      content-type:
      - application/json; charset=utf-8
      date:
      - Wed, 11 Sep 2019 01:16:35 GMT
      etag:
      - db063d27-0366-498c-bf2c-7dd673bc4c8e
      server:
      - Microsoft-IIS/10.0
      strict-transport-security:
      - max-age=31536000; includeSubDomains
      transfer-encoding:
      - chunked
      vary:
      - Accept-Encoding
      x-aspnet-version:
      - 4.0.30319
      x-content-type-options:
      - nosniff
      x-ms-ratelimit-remaining-subscription-resource-requests:
      - '11999'
      x-powered-by:
      - ASP.NET
    status:
      code: 200
      message: OK
- request:
    body: '{"properties": {"ttl": 3600}}'
    headers:
      Accept:
      - application/json
      Accept-Encoding:
      - gzip, deflate
      CommandName:
      - network private-dns record-set ptr create
      Connection:
      - keep-alive
      Content-Length:
      - '29'
      Content-Type:
      - application/json; charset=utf-8
      If-None-Match:
      - '*'
      ParameterSetName:
      - -g -n -z
      User-Agent:
      - python/3.7.4 (Windows-10-10.0.18362-SP0) msrest/0.6.10 msrest_azure/0.6.1
        azure-mgmt-privatedns/1.0.0 Azure-SDK-For-Python AZURECLI/2.0.72
      accept-language:
      - en-US
    method: PUT
    uri: https://management.azure.com/subscriptions/00000000-0000-0000-0000-000000000000/resourceGroups/clitest_privatedns000001/providers/Microsoft.Network/privateDnsZones/clitest.privatedns.com000002/PTR/clitestprivatednsrecordset000009?api-version=2018-09-01
  response:
    body:
      string: '{"id":"\/subscriptions\/69025406-6e93-4e67-8c42-da236d205106\/resourceGroups\/clitest_privatedns000001\/providers\/Microsoft.Network\/privateDnsZones\/clitest.privatedns.com000002\/PTR\/clitestprivatednsrecordset000009","name":"clitestprivatednsrecordset000009","type":"Microsoft.Network\/privateDnsZones\/PTR","etag":"166a7eeb-9d9c-4084-8b70-093c3af0ae07","properties":{"fqdn":"clitestprivatednsrecordset000009.clitest.privatedns.com000002.","ttl":3600,"ptrRecords":[],"isAutoRegistered":false}}'
    headers:
      cache-control:
      - private
      content-length:
      - '570'
      content-type:
      - application/json; charset=utf-8
      date:
      - Wed, 11 Sep 2019 01:16:38 GMT
      etag:
      - 166a7eeb-9d9c-4084-8b70-093c3af0ae07
      server:
      - Microsoft-IIS/10.0
      strict-transport-security:
      - max-age=31536000; includeSubDomains
      x-aspnet-version:
      - 4.0.30319
      x-content-type-options:
      - nosniff
      x-ms-ratelimit-remaining-subscription-resource-requests:
      - '11999'
      x-powered-by:
      - ASP.NET
    status:
      code: 201
      message: Created
- request:
    body: null
    headers:
      Accept:
      - application/json
      Accept-Encoding:
      - gzip, deflate
      CommandName:
      - network private-dns record-set ptr add-record
      Connection:
      - keep-alive
      ParameterSetName:
      - -g -n -z -d
      User-Agent:
      - python/3.7.4 (Windows-10-10.0.18362-SP0) msrest/0.6.10 msrest_azure/0.6.1
        azure-mgmt-privatedns/1.0.0 Azure-SDK-For-Python AZURECLI/2.0.72
      accept-language:
      - en-US
    method: GET
    uri: https://management.azure.com/subscriptions/00000000-0000-0000-0000-000000000000/resourceGroups/clitest_privatedns000001/providers/Microsoft.Network/privateDnsZones/clitest.privatedns.com000002/PTR/clitestprivatednsrecordset000009?api-version=2018-09-01
  response:
    body:
      string: '{"id":"\/subscriptions\/69025406-6e93-4e67-8c42-da236d205106\/resourceGroups\/clitest_privatedns000001\/providers\/Microsoft.Network\/privateDnsZones\/clitest.privatedns.com000002\/PTR\/clitestprivatednsrecordset000009","name":"clitestprivatednsrecordset000009","type":"Microsoft.Network\/privateDnsZones\/PTR","etag":"166a7eeb-9d9c-4084-8b70-093c3af0ae07","properties":{"fqdn":"clitestprivatednsrecordset000009.clitest.privatedns.com000002.","ttl":3600,"ptrRecords":[],"isAutoRegistered":false}}'
    headers:
      cache-control:
      - private
      content-length:
      - '570'
      content-type:
      - application/json; charset=utf-8
      date:
      - Wed, 11 Sep 2019 01:16:37 GMT
      etag:
      - 166a7eeb-9d9c-4084-8b70-093c3af0ae07
      server:
      - Microsoft-IIS/10.0
      strict-transport-security:
      - max-age=31536000; includeSubDomains
      transfer-encoding:
      - chunked
      vary:
      - Accept-Encoding
      x-aspnet-version:
      - 4.0.30319
      x-content-type-options:
      - nosniff
      x-ms-ratelimit-remaining-subscription-resource-requests:
      - '11999'
      x-powered-by:
      - ASP.NET
    status:
      code: 200
      message: OK
- request:
    body: '{"etag": "166a7eeb-9d9c-4084-8b70-093c3af0ae07", "properties": {"ttl":
      3600, "ptrRecords": [{"ptrdname": "ptrd.name"}]}}'
    headers:
      Accept:
      - application/json
      Accept-Encoding:
      - gzip, deflate
      CommandName:
      - network private-dns record-set ptr add-record
      Connection:
      - keep-alive
      Content-Length:
      - '120'
      Content-Type:
      - application/json; charset=utf-8
      ParameterSetName:
      - -g -n -z -d
      User-Agent:
      - python/3.7.4 (Windows-10-10.0.18362-SP0) msrest/0.6.10 msrest_azure/0.6.1
        azure-mgmt-privatedns/1.0.0 Azure-SDK-For-Python AZURECLI/2.0.72
      accept-language:
      - en-US
    method: PUT
    uri: https://management.azure.com/subscriptions/00000000-0000-0000-0000-000000000000/resourceGroups/clitest_privatedns000001/providers/Microsoft.Network/privateDnsZones/clitest.privatedns.com000002/PTR/clitestprivatednsrecordset000009?api-version=2018-09-01
  response:
    body:
      string: '{"id":"\/subscriptions\/69025406-6e93-4e67-8c42-da236d205106\/resourceGroups\/clitest_privatedns000001\/providers\/Microsoft.Network\/privateDnsZones\/clitest.privatedns.com000002\/PTR\/clitestprivatednsrecordset000009","name":"clitestprivatednsrecordset000009","type":"Microsoft.Network\/privateDnsZones\/PTR","etag":"2cff6798-7b64-4ba2-a58b-e7bef5b0be76","properties":{"fqdn":"clitestprivatednsrecordset000009.clitest.privatedns.com000002.","ttl":3600,"ptrRecords":[{"ptrdname":"ptrd.name"}],"isAutoRegistered":false}}'
    headers:
      cache-control:
      - private
      content-length:
      - '594'
      content-type:
      - application/json; charset=utf-8
      date:
      - Wed, 11 Sep 2019 01:16:38 GMT
      etag:
      - 2cff6798-7b64-4ba2-a58b-e7bef5b0be76
      server:
      - Microsoft-IIS/10.0
      strict-transport-security:
      - max-age=31536000; includeSubDomains
      transfer-encoding:
      - chunked
      vary:
      - Accept-Encoding
      x-aspnet-version:
      - 4.0.30319
      x-content-type-options:
      - nosniff
      x-ms-ratelimit-remaining-subscription-resource-requests:
      - '11999'
      x-powered-by:
      - ASP.NET
    status:
      code: 200
      message: OK
- request:
    body: null
    headers:
      Accept:
      - application/json
      Accept-Encoding:
      - gzip, deflate
      CommandName:
      - network private-dns record-set soa show
      Connection:
      - keep-alive
      ParameterSetName:
      - -g -z
      User-Agent:
      - python/3.7.4 (Windows-10-10.0.18362-SP0) msrest/0.6.10 msrest_azure/0.6.1
        azure-mgmt-privatedns/1.0.0 Azure-SDK-For-Python AZURECLI/2.0.72
      accept-language:
      - en-US
    method: GET
    uri: https://management.azure.com/subscriptions/00000000-0000-0000-0000-000000000000/resourceGroups/clitest_privatedns000001/providers/Microsoft.Network/privateDnsZones/clitest.privatedns.com000002/SOA/@?api-version=2018-09-01
  response:
    body:
      string: '{"id":"\/subscriptions\/69025406-6e93-4e67-8c42-da236d205106\/resourceGroups\/clitest_privatedns000001\/providers\/Microsoft.Network\/privateDnsZones\/clitest.privatedns.com000002\/SOA\/@","name":"@","type":"Microsoft.Network\/privateDnsZones\/SOA","etag":"8cadeddb-3da4-421c-b244-d02569d2c5b1","properties":{"fqdn":"clitest.privatedns.com000002.","ttl":3600,"soaRecord":{"email":"azureprivatedns-host.microsoft.com","expireTime":2419200,"host":"internal.cloudapp.net","minimumTTL":null,"refreshTime":3600,"retryTime":300,"serialNumber":1,"minimumTtl":300},"isAutoRegistered":false}}'
    headers:
      cache-control:
      - private
      content-length:
      - '648'
      content-type:
      - application/json; charset=utf-8
      date:
      - Wed, 11 Sep 2019 01:16:39 GMT
      etag:
      - 8cadeddb-3da4-421c-b244-d02569d2c5b1
      server:
      - Microsoft-IIS/10.0
      strict-transport-security:
      - max-age=31536000; includeSubDomains
      transfer-encoding:
      - chunked
      vary:
      - Accept-Encoding
      x-aspnet-version:
      - 4.0.30319
      x-content-type-options:
      - nosniff
      x-ms-ratelimit-remaining-subscription-resource-requests:
      - '11999'
      x-powered-by:
      - ASP.NET
    status:
      code: 200
      message: OK
- request:
    body: null
    headers:
      Accept:
      - application/json
      Accept-Encoding:
      - gzip, deflate
      CommandName:
      - network private-dns record-set list
      Connection:
      - keep-alive
      ParameterSetName:
      - -g -z
      User-Agent:
      - python/3.7.4 (Windows-10-10.0.18362-SP0) msrest/0.6.10 msrest_azure/0.6.1
        azure-mgmt-privatedns/1.0.0 Azure-SDK-For-Python AZURECLI/2.0.72
      accept-language:
      - en-US
    method: GET
    uri: https://management.azure.com/subscriptions/00000000-0000-0000-0000-000000000000/resourceGroups/clitest_privatedns000001/providers/Microsoft.Network/privateDnsZones/clitest.privatedns.com000002/ALL?api-version=2018-09-01
  response:
    body:
      string: '{"value":[{"id":"\/subscriptions\/69025406-6e93-4e67-8c42-da236d205106\/resourceGroups\/clitest_privatedns000001\/providers\/Microsoft.Network\/privateDnsZones\/clitest.privatedns.com000002\/SOA\/@","name":"@","type":"Microsoft.Network\/privateDnsZones\/SOA","etag":"8cadeddb-3da4-421c-b244-d02569d2c5b1","properties":{"fqdn":"clitest.privatedns.com000002.","ttl":3600,"soaRecord":{"email":"azureprivatedns-host.microsoft.com","expireTime":2419200,"host":"internal.cloudapp.net","minimumTTL":null,"refreshTime":3600,"retryTime":300,"serialNumber":1,"minimumTtl":300},"isAutoRegistered":false}},{"id":"\/subscriptions\/69025406-6e93-4e67-8c42-da236d205106\/resourceGroups\/clitest_privatedns000001\/providers\/Microsoft.Network\/privateDnsZones\/clitest.privatedns.com000002\/CNAME\/clitestprivatednsrecordset000006","name":"clitestprivatednsrecordset000006","type":"Microsoft.Network\/privateDnsZones\/CNAME","etag":"257dca1b-cabf-4b4b-aaa6-84a648dc824d","properties":{"fqdn":"clitestprivatednsrecordset000006.clitest.privatedns.com000002.","ttl":3600,"cnameRecord":{"cname":"clitestcname"},"isAutoRegistered":false}},{"id":"\/subscriptions\/69025406-6e93-4e67-8c42-da236d205106\/resourceGroups\/clitest_privatedns000001\/providers\/Microsoft.Network\/privateDnsZones\/clitest.privatedns.com000002\/PTR\/clitestprivatednsrecordset000009","name":"clitestprivatednsrecordset000009","type":"Microsoft.Network\/privateDnsZones\/PTR","etag":"2cff6798-7b64-4ba2-a58b-e7bef5b0be76","properties":{"fqdn":"clitestprivatednsrecordset000009.clitest.privatedns.com000002.","ttl":3600,"ptrRecords":[{"ptrdname":"ptrd.name"}],"isAutoRegistered":false}},{"id":"\/subscriptions\/69025406-6e93-4e67-8c42-da236d205106\/resourceGroups\/clitest_privatedns000001\/providers\/Microsoft.Network\/privateDnsZones\/clitest.privatedns.com000002\/MX\/clitestprivatednsrecordset000008","name":"clitestprivatednsrecordset000008","type":"Microsoft.Network\/privateDnsZones\/MX","etag":"db063d27-0366-498c-bf2c-7dd673bc4c8e","properties":{"fqdn":"clitestprivatednsrecordset000008.clitest.privatedns.com000002.","ttl":3600,"mxRecords":[{"exchange":"ex.chan.ge","preference":1}],"isAutoRegistered":false}},{"id":"\/subscriptions\/69025406-6e93-4e67-8c42-da236d205106\/resourceGroups\/clitest_privatedns000001\/providers\/Microsoft.Network\/privateDnsZones\/clitest.privatedns.com000002\/SRV\/clitestprivatednsrecordset000007","name":"clitestprivatednsrecordset000007","type":"Microsoft.Network\/privateDnsZones\/SRV","etag":"7eeae6aa-aff6-4dc5-9505-ed7f69f9ba22","properties":{"fqdn":"clitestprivatednsrecordset000007.clitest.privatedns.com000002.","ttl":3600,"srvRecords":[{"port":120,"priority":1,"target":"targ.et","weight":5}],"isAutoRegistered":false}},{"id":"\/subscriptions\/69025406-6e93-4e67-8c42-da236d205106\/resourceGroups\/clitest_privatedns000001\/providers\/Microsoft.Network\/privateDnsZones\/clitest.privatedns.com000002\/TXT\/clitestprivatednsrecordset000005","name":"clitestprivatednsrecordset000005","type":"Microsoft.Network\/privateDnsZones\/TXT","etag":"f9eafc74-6f6b-41f1-a8a6-5b08c329de85","properties":{"fqdn":"clitestprivatednsrecordset000005.clitest.privatedns.com000002.","ttl":3600,"txtRecords":[{"value":["txt
        record"]}],"isAutoRegistered":false}},{"id":"\/subscriptions\/69025406-6e93-4e67-8c42-da236d205106\/resourceGroups\/clitest_privatedns000001\/providers\/Microsoft.Network\/privateDnsZones\/clitest.privatedns.com000002\/A\/clitestprivatednsrecordset000003","name":"clitestprivatednsrecordset000003","type":"Microsoft.Network\/privateDnsZones\/A","etag":"911dae8e-6d34-4f62-ae66-87f4a92910a5","properties":{"fqdn":"clitestprivatednsrecordset000003.clitest.privatedns.com000002.","ttl":3600,"aRecords":[{"ipv4Address":"10.0.0.1"}],"isAutoRegistered":false}},{"id":"\/subscriptions\/69025406-6e93-4e67-8c42-da236d205106\/resourceGroups\/clitest_privatedns000001\/providers\/Microsoft.Network\/privateDnsZones\/clitest.privatedns.com000002\/AAAA\/clitestprivatednsrecordset000004","name":"clitestprivatednsrecordset000004","type":"Microsoft.Network\/privateDnsZones\/AAAA","etag":"22d0dec7-8bd3-4451-a88c-2886898d65c7","properties":{"fqdn":"clitestprivatednsrecordset000004.clitest.privatedns.com000002.","ttl":3600,"aaaaRecords":[{"ipv6Address":"::1"}],"isAutoRegistered":false}}]}'
    headers:
      cache-control:
      - private
      content-length:
      - '4868'
      content-type:
      - application/json; charset=utf-8
      date:
      - Wed, 11 Sep 2019 01:16:39 GMT
      server:
      - Microsoft-IIS/10.0
      strict-transport-security:
      - max-age=31536000; includeSubDomains
      transfer-encoding:
      - chunked
      vary:
      - Accept-Encoding
      x-aspnet-version:
      - 4.0.30319
      x-content-type-options:
      - nosniff
      x-ms-ratelimit-remaining-subscription-resource-requests:
      - '11999'
      x-powered-by:
      - ASP.NET
    status:
      code: 200
      message: OK
version: 1
