interactions:
- request:
    body: null
    headers:
      Accept:
      - application/json
      Accept-Encoding:
      - gzip, deflate
      CommandName:
      - stream-analytics job create
      Connection:
      - keep-alive
      ParameterSetName:
      - -n -g --data-locale --output-error-policy --out-of-order-policy --order-max-delay
        --arrival-max-delay
      User-Agent:
      - AZURECLI/2.30.0 azsdk-python-azure-mgmt-resource/19.0.0 Python/3.8.10 (Windows-10-10.0.19044-SP0)
    method: GET
    uri: https://management.azure.com/subscriptions/00000000-0000-0000-0000-000000000000/resourcegroups/cli_test_stream_analytics_000001?api-version=2021-04-01
  response:
    body:
      string: '{"id":"/subscriptions/00000000-0000-0000-0000-000000000000/resourceGroups/cli_test_stream_analytics_000001","name":"cli_test_stream_analytics_000001","type":"Microsoft.Resources/resourceGroups","location":"westus","tags":{"product":"azurecli","cause":"automation","date":"2021-11-24T08:06:10Z"},"properties":{"provisioningState":"Succeeded"}}'
    headers:
      cache-control:
      - no-cache
      content-length:
      - '428'
      content-type:
      - application/json; charset=utf-8
      date:
      - Wed, 24 Nov 2021 08:06:13 GMT
      expires:
      - '-1'
      pragma:
      - no-cache
      strict-transport-security:
      - max-age=31536000; includeSubDomains
      vary:
      - Accept-Encoding
      x-content-type-options:
      - nosniff
    status:
      code: 200
      message: OK
- request:
    body: '{"location": "westus", "properties": {"sku": {"name": "Standard"}, "eventsOutOfOrderPolicy":
      "Drop", "outputErrorPolicy": "Drop", "eventsOutOfOrderMaxDelayInSeconds": 0,
      "eventsLateArrivalMaxDelayInSeconds": 5, "dataLocale": "en-US"}}'
    headers:
      Accept:
      - application/json
      Accept-Encoding:
      - gzip, deflate
      CommandName:
      - stream-analytics job create
      Connection:
      - keep-alive
      Content-Length:
      - '234'
      Content-Type:
      - application/json
      ParameterSetName:
      - -n -g --data-locale --output-error-policy --out-of-order-policy --order-max-delay
        --arrival-max-delay
      User-Agent:
      - AZURECLI/2.30.0 azsdk-python-mgmt-streamanalytics/1.0.0b1 Python/3.8.10 (Windows-10-10.0.19044-SP0)
    method: PUT
    uri: https://management.azure.com/subscriptions/00000000-0000-0000-0000-000000000000/resourcegroups/cli_test_stream_analytics_000001/providers/Microsoft.StreamAnalytics/streamingjobs/job?api-version=2020-03-01
  response:
    body:
      string: '{"id":"/subscriptions/00000000-0000-0000-0000-000000000000/resourceGroups/cli_test_stream_analytics_000001/providers/Microsoft.StreamAnalytics/streamingjobs/job","name":"job","type":"Microsoft.StreamAnalytics/streamingjobs","location":"West
        US","properties":{"sku":{"name":"Standard"},"jobId":"bf8edc20-f43d-45a3-8070-39b4f4bbdee8","provisioningState":"Succeeded","jobState":"Created","eventsOutOfOrderPolicy":"Drop","outputErrorPolicy":"Drop","eventsOutOfOrderMaxDelayInSeconds":0,"eventsLateArrivalMaxDelayInSeconds":5,"dataLocale":"en-US","createdDate":"2021-11-24T08:06:19.923Z","compatibilityLevel":"1.0","package":null,"jobStorageAccount":null,"contentStoragePolicy":"SystemAccount","inputs":[],"functions":[],"outputs":[],"jobType":"Cloud","subnetResourceId":null,"cluster":null}}'
    headers:
      cache-control:
      - no-store, no-cache
      content-length:
      - '830'
      content-type:
      - application/json; charset=utf-8
      date:
      - Wed, 24 Nov 2021 08:06:20 GMT
      etag:
      - 9fdbae44-87ac-408b-b50a-bad068a05b26
      expires:
      - '-1'
      pragma:
      - no-cache
      server:
      - Microsoft-IIS/10.0
      strict-transport-security:
      - max-age=31536000; includeSubDomains
      transfer-encoding:
      - chunked
      vary:
      - Accept-Encoding
      x-aspnetmvc-version:
      - '5.0'
      x-content-type-options:
      - nosniff
      x-ms-ratelimit-remaining-subscription-writes:
      - '1199'
      x-powered-by:
      - ASP.NET
    status:
      code: 200
      message: OK
- request:
    body: '{"properties": {"streamingUnits": 6, "query": "SELECT * INTO output FROM
      input"}}'
    headers:
      Accept:
      - application/json
      Accept-Encoding:
      - gzip, deflate
      CommandName:
      - stream-analytics transformation create
      Connection:
      - keep-alive
      Content-Length:
      - '81'
      Content-Type:
      - application/json
      ParameterSetName:
      - -n -g --job-name --saql --streaming-units
      User-Agent:
      - AZURECLI/2.30.0 azsdk-python-mgmt-streamanalytics/1.0.0b1 Python/3.8.10 (Windows-10-10.0.19044-SP0)
    method: PUT
    uri: https://management.azure.com/subscriptions/00000000-0000-0000-0000-000000000000/resourcegroups/cli_test_stream_analytics_000001/providers/Microsoft.StreamAnalytics/streamingjobs/job/transformations/transformation?api-version=2020-03-01
  response:
    body:
      string: '{"id":"/subscriptions/00000000-0000-0000-0000-000000000000/resourceGroups/cli_test_stream_analytics_000001/providers/Microsoft.StreamAnalytics/streamingjobs/job/transformations/transformation","name":"transformation","type":"Microsoft.StreamAnalytics/streamingjobs/transformations","properties":{"streamingUnits":6,"query":"SELECT
        * INTO output FROM input"}}'
    headers:
      cache-control:
      - no-store, no-cache
      content-length:
      - '401'
      content-type:
      - application/json; charset=utf-8
      date:
      - Wed, 24 Nov 2021 08:06:22 GMT
      etag:
      - 7c430000-c392-4cbd-9a73-6c179a94cd99
      expires:
      - '-1'
      pragma:
      - no-cache
      server:
      - Microsoft-IIS/10.0
      strict-transport-security:
      - max-age=31536000; includeSubDomains
      transfer-encoding:
      - chunked
      vary:
      - Accept-Encoding
      x-aspnetmvc-version:
      - '5.0'
      x-content-type-options:
      - nosniff
      x-ms-ratelimit-remaining-subscription-writes:
      - '1198'
      x-powered-by:
      - ASP.NET
    status:
      code: 200
      message: OK
- request:
    body: '{"properties": {"streamingUnits": 3, "query": "SELECT * INTO output FROM
      input"}}'
    headers:
      Accept:
      - application/json
      Accept-Encoding:
      - gzip, deflate
      CommandName:
      - stream-analytics transformation update
      Connection:
      - keep-alive
      Content-Length:
      - '81'
      Content-Type:
      - application/json
      ParameterSetName:
      - -n -g --job-name --saql --streaming-units
      User-Agent:
      - AZURECLI/2.30.0 azsdk-python-mgmt-streamanalytics/1.0.0b1 Python/3.8.10 (Windows-10-10.0.19044-SP0)
    method: PATCH
    uri: https://management.azure.com/subscriptions/00000000-0000-0000-0000-000000000000/resourcegroups/cli_test_stream_analytics_000001/providers/Microsoft.StreamAnalytics/streamingjobs/job/transformations/transformation?api-version=2020-03-01
  response:
    body:
      string: '{"id":"/subscriptions/00000000-0000-0000-0000-000000000000/resourceGroups/cli_test_stream_analytics_000001/providers/Microsoft.StreamAnalytics/streamingjobs/job/transformations/transformation","name":"transformation","type":"Microsoft.StreamAnalytics/streamingjobs/transformations","properties":{"streamingUnits":3,"query":"SELECT
        * INTO output FROM input"}}'
    headers:
      cache-control:
      - no-store, no-cache
      content-length:
      - '401'
      content-type:
      - application/json; charset=utf-8
      date:
      - Wed, 24 Nov 2021 08:06:24 GMT
      etag:
      - 25c47eda-409b-4fde-a14a-9839ed180bde
      expires:
      - '-1'
      pragma:
      - no-cache
      server:
      - Microsoft-IIS/10.0
      strict-transport-security:
      - max-age=31536000; includeSubDomains
      transfer-encoding:
      - chunked
      vary:
      - Accept-Encoding
      x-aspnetmvc-version:
      - '5.0'
      x-content-type-options:
      - nosniff
      x-ms-ratelimit-remaining-subscription-writes:
      - '1199'
      x-powered-by:
      - ASP.NET
    status:
      code: 200
      message: OK
- request:
    body: null
    headers:
      Accept:
      - application/json
      Accept-Encoding:
      - gzip, deflate
      CommandName:
      - stream-analytics transformation show
      Connection:
      - keep-alive
      ParameterSetName:
      - -n -g --job-name
      User-Agent:
      - AZURECLI/2.30.0 azsdk-python-mgmt-streamanalytics/1.0.0b1 Python/3.8.10 (Windows-10-10.0.19044-SP0)
    method: GET
    uri: https://management.azure.com/subscriptions/00000000-0000-0000-0000-000000000000/resourcegroups/cli_test_stream_analytics_000001/providers/Microsoft.StreamAnalytics/streamingjobs/job/transformations/transformation?api-version=2020-03-01
  response:
    body:
      string: '{"id":"/subscriptions/00000000-0000-0000-0000-000000000000/resourceGroups/cli_test_stream_analytics_000001/providers/Microsoft.StreamAnalytics/streamingjobs/job/transformations/transformation","name":"transformation","type":"Microsoft.StreamAnalytics/streamingjobs/transformations","properties":{"streamingUnits":3,"query":"SELECT
        * INTO output FROM input"}}'
    headers:
      cache-control:
      - no-store, no-cache
      content-length:
      - '401'
      content-type:
      - application/json; charset=utf-8
      date:
      - Wed, 24 Nov 2021 08:06:25 GMT
      etag:
      - 25c47eda-409b-4fde-a14a-9839ed180bde
      expires:
      - '-1'
      pragma:
      - no-cache
      server:
      - Microsoft-IIS/10.0
      strict-transport-security:
      - max-age=31536000; includeSubDomains
      transfer-encoding:
      - chunked
      vary:
      - Accept-Encoding
      x-aspnetmvc-version:
      - '5.0'
      x-content-type-options:
      - nosniff
      x-powered-by:
      - ASP.NET
    status:
      code: 200
      message: OK
version: 1
