interactions:
- request:
    body: '{"name": "my-test-space"}'
    headers:
      Accept:
      - application/json
      Accept-Encoding:
      - gzip, deflate
      CommandName:
      - notification-hub namespace check-availability
      Connection:
      - keep-alive
      Content-Length:
      - '25'
      Content-Type:
      - application/json; charset=utf-8
      ParameterSetName:
      - --name
      User-Agent:
      - python/3.8.2 (Windows-10-10.0.18362-SP0) msrest/0.6.11 msrest_azure/0.6.2
        azure-mgmt-notificationhubs/2.1.0 Azure-SDK-For-Python AZURECLI/2.3.1 (MSI)
      accept-language:
      - en-US
    method: POST
    uri: https://management.azure.com/subscriptions/00000000-0000-0000-0000-000000000000/providers/Microsoft.NotificationHubs/checkNamespaceAvailability?api-version=2017-04-01
  response:
    body:
      string: '{"isAvailiable":true,"id":"/subscriptions/00000000-0000-0000-0000-000000000000/providers/Microsoft.NotificationHubs/checkNamespaceAvailability","name":"my-test-space","type":"Microsoft.NotificationHubs/namespaces/checkNamespaceAvailability","location":null,"tags":null,"properties":true}'
    headers:
      cache-control:
      - no-cache
      content-length:
      - '287'
      content-type:
      - application/json; charset=utf-8
      date:
      - Wed, 01 Apr 2020 14:16:55 GMT
      expires:
      - '-1'
      pragma:
      - no-cache
      server:
      - Service-Bus-Resource-Provider/CH3
      - Microsoft-HTTPAPI/2.0
      server-sb:
      - Service-Bus-Resource-Provider/CH3
      strict-transport-security:
      - max-age=31536000; includeSubDomains
      transfer-encoding:
      - chunked
      vary:
      - Accept-Encoding
      x-content-type-options:
      - nosniff
      x-ms-ratelimit-remaining-subscription-writes:
      - '1199'
    status:
      code: 200
      message: OK
- request:
    body: null
    headers:
      Accept:
      - application/json
      Accept-Encoding:
      - gzip, deflate
      CommandName:
      - notification-hub namespace check-availability
      Connection:
      - keep-alive
      ParameterSetName:
      - --name
      User-Agent:
      - python/3.8.2 (Windows-10-10.0.18362-SP0) msrest/0.6.11 msrest_azure/0.6.2
        azure-mgmt-resource/8.0.1 Azure-SDK-For-Python AZURECLI/2.3.1 (MSI)
      accept-language:
      - en-US
    method: GET
    uri: https://management.azure.com/subscriptions/00000000-0000-0000-0000-000000000000/locations?api-version=2019-06-01
  response:
    body:
      string: '{"value":[{"id":"/subscriptions/00000000-0000-0000-0000-000000000000/locations/eastasia","name":"eastasia","displayName":"East
        Asia","longitude":"114.188","latitude":"22.267"},{"id":"/subscriptions/00000000-0000-0000-0000-000000000000/locations/southeastasia","name":"southeastasia","displayName":"Southeast
        Asia","longitude":"103.833","latitude":"1.283"},{"id":"/subscriptions/00000000-0000-0000-0000-000000000000/locations/centralus","name":"centralus","displayName":"Central
        US","longitude":"-93.6208","latitude":"41.5908"},{"id":"/subscriptions/00000000-0000-0000-0000-000000000000/locations/eastus","name":"eastus","displayName":"East
        US","longitude":"-79.8164","latitude":"37.3719"},{"id":"/subscriptions/00000000-0000-0000-0000-000000000000/locations/eastus2","name":"eastus2","displayName":"East
        US 2","longitude":"-78.3889","latitude":"36.6681"},{"id":"/subscriptions/00000000-0000-0000-0000-000000000000/locations/westus","name":"westus","displayName":"West
        US","longitude":"-122.417","latitude":"37.783"},{"id":"/subscriptions/00000000-0000-0000-0000-000000000000/locations/northcentralus","name":"northcentralus","displayName":"North
        Central US","longitude":"-87.6278","latitude":"41.8819"},{"id":"/subscriptions/00000000-0000-0000-0000-000000000000/locations/southcentralus","name":"southcentralus","displayName":"South
        Central US","longitude":"-98.5","latitude":"29.4167"},{"id":"/subscriptions/00000000-0000-0000-0000-000000000000/locations/northeurope","name":"northeurope","displayName":"North
        Europe","longitude":"-6.2597","latitude":"53.3478"},{"id":"/subscriptions/00000000-0000-0000-0000-000000000000/locations/westeurope","name":"westeurope","displayName":"West
        Europe","longitude":"4.9","latitude":"52.3667"},{"id":"/subscriptions/00000000-0000-0000-0000-000000000000/locations/japanwest","name":"japanwest","displayName":"Japan
        West","longitude":"135.5022","latitude":"34.6939"},{"id":"/subscriptions/00000000-0000-0000-0000-000000000000/locations/japaneast","name":"japaneast","displayName":"Japan
        East","longitude":"139.77","latitude":"35.68"},{"id":"/subscriptions/00000000-0000-0000-0000-000000000000/locations/brazilsouth","name":"brazilsouth","displayName":"Brazil
        South","longitude":"-46.633","latitude":"-23.55"},{"id":"/subscriptions/00000000-0000-0000-0000-000000000000/locations/australiaeast","name":"australiaeast","displayName":"Australia
        East","longitude":"151.2094","latitude":"-33.86"},{"id":"/subscriptions/00000000-0000-0000-0000-000000000000/locations/australiasoutheast","name":"australiasoutheast","displayName":"Australia
        Southeast","longitude":"144.9631","latitude":"-37.8136"},{"id":"/subscriptions/00000000-0000-0000-0000-000000000000/locations/southindia","name":"southindia","displayName":"South
        India","longitude":"80.1636","latitude":"12.9822"},{"id":"/subscriptions/00000000-0000-0000-0000-000000000000/locations/centralindia","name":"centralindia","displayName":"Central
        India","longitude":"73.9197","latitude":"18.5822"},{"id":"/subscriptions/00000000-0000-0000-0000-000000000000/locations/westindia","name":"westindia","displayName":"West
        India","longitude":"72.868","latitude":"19.088"},{"id":"/subscriptions/00000000-0000-0000-0000-000000000000/locations/canadacentral","name":"canadacentral","displayName":"Canada
        Central","longitude":"-79.383","latitude":"43.653"},{"id":"/subscriptions/00000000-0000-0000-0000-000000000000/locations/canadaeast","name":"canadaeast","displayName":"Canada
        East","longitude":"-71.217","latitude":"46.817"},{"id":"/subscriptions/00000000-0000-0000-0000-000000000000/locations/uksouth","name":"uksouth","displayName":"UK
        South","longitude":"-0.799","latitude":"50.941"},{"id":"/subscriptions/00000000-0000-0000-0000-000000000000/locations/ukwest","name":"ukwest","displayName":"UK
        West","longitude":"-3.084","latitude":"53.427"},{"id":"/subscriptions/00000000-0000-0000-0000-000000000000/locations/westcentralus","name":"westcentralus","displayName":"West
        Central US","longitude":"-110.234","latitude":"40.890"},{"id":"/subscriptions/00000000-0000-0000-0000-000000000000/locations/westus2","name":"westus2","displayName":"West
        US 2","longitude":"-119.852","latitude":"47.233"},{"id":"/subscriptions/00000000-0000-0000-0000-000000000000/locations/koreacentral","name":"koreacentral","displayName":"Korea
        Central","longitude":"126.9780","latitude":"37.5665"},{"id":"/subscriptions/00000000-0000-0000-0000-000000000000/locations/koreasouth","name":"koreasouth","displayName":"Korea
        South","longitude":"129.0756","latitude":"35.1796"},{"id":"/subscriptions/00000000-0000-0000-0000-000000000000/locations/francecentral","name":"francecentral","displayName":"France
        Central","longitude":"2.3730","latitude":"46.3772"},{"id":"/subscriptions/00000000-0000-0000-0000-000000000000/locations/francesouth","name":"francesouth","displayName":"France
        South","longitude":"2.1972","latitude":"43.8345"},{"id":"/subscriptions/00000000-0000-0000-0000-000000000000/locations/australiacentral","name":"australiacentral","displayName":"Australia
        Central","longitude":"149.1244","latitude":"-35.3075"},{"id":"/subscriptions/00000000-0000-0000-0000-000000000000/locations/australiacentral2","name":"australiacentral2","displayName":"Australia
        Central 2","longitude":"149.1244","latitude":"-35.3075"},{"id":"/subscriptions/00000000-0000-0000-0000-000000000000/locations/uaecentral","name":"uaecentral","displayName":"UAE
        Central","longitude":"54.366669","latitude":"24.466667"},{"id":"/subscriptions/00000000-0000-0000-0000-000000000000/locations/uaenorth","name":"uaenorth","displayName":"UAE
        North","longitude":"55.316666","latitude":"25.266666"},{"id":"/subscriptions/00000000-0000-0000-0000-000000000000/locations/southafricanorth","name":"southafricanorth","displayName":"South
        Africa North","longitude":"28.218370","latitude":"-25.731340"},{"id":"/subscriptions/00000000-0000-0000-0000-000000000000/locations/southafricawest","name":"southafricawest","displayName":"South
        Africa West","longitude":"18.843266","latitude":"-34.075691"},{"id":"/subscriptions/00000000-0000-0000-0000-000000000000/locations/switzerlandnorth","name":"switzerlandnorth","displayName":"Switzerland
        North","longitude":"8.564572","latitude":"47.451542"},{"id":"/subscriptions/00000000-0000-0000-0000-000000000000/locations/switzerlandwest","name":"switzerlandwest","displayName":"Switzerland
        West","longitude":"6.143158","latitude":"46.204391"},{"id":"/subscriptions/00000000-0000-0000-0000-000000000000/locations/germanynorth","name":"germanynorth","displayName":"Germany
        North","longitude":"8.806422","latitude":"53.073635"},{"id":"/subscriptions/00000000-0000-0000-0000-000000000000/locations/germanywestcentral","name":"germanywestcentral","displayName":"Germany
        West Central","longitude":"8.682127","latitude":"50.110924"},{"id":"/subscriptions/00000000-0000-0000-0000-000000000000/locations/norwaywest","name":"norwaywest","displayName":"Norway
        West","longitude":"5.733107","latitude":"58.969975"},{"id":"/subscriptions/00000000-0000-0000-0000-000000000000/locations/norwayeast","name":"norwayeast","displayName":"Norway
        East","longitude":"10.752245","latitude":"59.913868"}]}'
    headers:
      cache-control:
      - no-cache
      content-length:
      - '7129'
      content-type:
      - application/json; charset=utf-8
      date:
      - Wed, 01 Apr 2020 14:16:56 GMT
      expires:
      - '-1'
      pragma:
      - no-cache
      strict-transport-security:
      - max-age=31536000; includeSubDomains
      vary:
      - Accept-Encoding
      x-content-type-options:
      - nosniff
    status:
      code: 200
      message: OK
- request:
    body: '{"name": "my-test-space"}'
    headers:
      Accept:
      - application/json
      Accept-Encoding:
      - gzip, deflate
      CommandName:
      - notification-hub namespace create
      Connection:
      - keep-alive
      Content-Length:
      - '25'
      Content-Type:
      - application/json; charset=utf-8
      ParameterSetName:
      - --resource-group --name --location --sku
      User-Agent:
      - python/3.8.2 (Windows-10-10.0.18362-SP0) msrest/0.6.11 msrest_azure/0.6.2
        azure-mgmt-notificationhubs/2.1.0 Azure-SDK-For-Python AZURECLI/2.3.1 (MSI)
      accept-language:
      - en-US
    method: POST
    uri: https://management.azure.com/subscriptions/00000000-0000-0000-0000-000000000000/providers/Microsoft.NotificationHubs/checkNamespaceAvailability?api-version=2017-04-01
  response:
    body:
      string: '{"isAvailiable":true,"id":"/subscriptions/00000000-0000-0000-0000-000000000000/providers/Microsoft.NotificationHubs/checkNamespaceAvailability","name":"my-test-space","type":"Microsoft.NotificationHubs/namespaces/checkNamespaceAvailability","location":null,"tags":null,"properties":true}'
    headers:
      cache-control:
      - no-cache
      content-length:
      - '287'
      content-type:
      - application/json; charset=utf-8
      date:
      - Wed, 01 Apr 2020 14:16:58 GMT
      expires:
      - '-1'
      pragma:
      - no-cache
      server:
      - Service-Bus-Resource-Provider/CH3
      - Microsoft-HTTPAPI/2.0
      server-sb:
      - Service-Bus-Resource-Provider/CH3
      strict-transport-security:
      - max-age=31536000; includeSubDomains
      transfer-encoding:
      - chunked
      vary:
      - Accept-Encoding
      x-content-type-options:
      - nosniff
      x-ms-ratelimit-remaining-subscription-writes:
      - '1199'
    status:
      code: 200
      message: OK
- request:
    body: '{"location": "southcentralus", "sku": {"name": "Free"}}'
    headers:
      Accept:
      - application/json
      Accept-Encoding:
      - gzip, deflate
      CommandName:
      - notification-hub namespace create
      Connection:
      - keep-alive
      Content-Length:
      - '55'
      Content-Type:
      - application/json; charset=utf-8
      ParameterSetName:
      - --resource-group --name --location --sku
      User-Agent:
      - python/3.8.2 (Windows-10-10.0.18362-SP0) msrest/0.6.11 msrest_azure/0.6.2
        azure-mgmt-notificationhubs/2.1.0 Azure-SDK-For-Python AZURECLI/2.3.1 (MSI)
      accept-language:
      - en-US
    method: PUT
    uri: https://management.azure.com/subscriptions/00000000-0000-0000-0000-000000000000/resourceGroups/cli_test_notificationhubs000001/providers/Microsoft.NotificationHubs/namespaces/my-test-space?api-version=2017-04-01
  response:
    body:
      string: '{"id":"/subscriptions/00000000-0000-0000-0000-000000000000/resourceGroups/cli_test_notificationhubs000001/providers/Microsoft.NotificationHubs/namespaces/my-test-space","name":"my-test-space","type":"Microsoft.NotificationHubs/namespaces","location":"South
        Central US","kind":"NotificationHub","sku":{"name":"Free"},"tags":{},"properties":{"provisioningState":"Unknown","metricId":null,"enabled":false,"namespaceType":"NotificationHub"}}'
    headers:
      cache-control:
      - no-cache
      content-length:
      - '481'
      content-type:
      - application/json; charset=utf-8
      date:
      - Wed, 01 Apr 2020 14:17:09 GMT
      expires:
      - '-1'
      pragma:
      - no-cache
      server:
      - Service-Bus-Resource-Provider/CH3
      - Microsoft-HTTPAPI/2.0
      server-sb:
      - Service-Bus-Resource-Provider/CH3
      strict-transport-security:
      - max-age=31536000; includeSubDomains
      transfer-encoding:
      - chunked
      vary:
      - Accept-Encoding
      x-content-type-options:
      - nosniff
      x-ms-ratelimit-remaining-subscription-writes:
      - '1199'
    status:
      code: 200
      message: OK
- request:
    body: null
    headers:
      Accept:
      - application/json
      Accept-Encoding:
      - gzip, deflate
      CommandName:
      - notification-hub namespace wait
      Connection:
      - keep-alive
      ParameterSetName:
      - --resource-group --name --created
      User-Agent:
      - python/3.8.2 (Windows-10-10.0.18362-SP0) msrest/0.6.11 msrest_azure/0.6.2
        azure-mgmt-notificationhubs/2.1.0 Azure-SDK-For-Python AZURECLI/2.3.1 (MSI)
      accept-language:
      - en-US
    method: GET
    uri: https://management.azure.com/subscriptions/00000000-0000-0000-0000-000000000000/resourceGroups/cli_test_notificationhubs000001/providers/Microsoft.NotificationHubs/namespaces/my-test-space?api-version=2017-04-01
  response:
    body:
      string: '{"id":"/subscriptions/00000000-0000-0000-0000-000000000000/resourceGroups/cli_test_notificationhubs000001/providers/Microsoft.NotificationHubs/namespaces/my-test-space","name":"my-test-space","type":"Microsoft.NotificationHubs/namespaces","location":"South
        Central US","kind":"NotificationHub","sku":{"name":"Free"},"tags":{},"properties":{"provisioningState":"Activating","metricId":null,"status":"Created","createdAt":"2020-04-01T14:17:07.507Z","serviceBusEndpoint":"https://my-test-space.servicebus.windows.net:443/","enabled":true,"critical":false,"updatedAt":"2020-04-01T14:17:07.507Z","namespaceType":"NotificationHub"}}'
    headers:
      cache-control:
      - no-cache
      content-length:
      - '670'
      content-type:
      - application/json; charset=utf-8
      date:
      - Wed, 01 Apr 2020 14:17:14 GMT
      expires:
      - '-1'
      pragma:
      - no-cache
      server:
      - Service-Bus-Resource-Provider/CH3
      - Microsoft-HTTPAPI/2.0
      server-sb:
      - Service-Bus-Resource-Provider/CH3
      strict-transport-security:
      - max-age=31536000; includeSubDomains
      transfer-encoding:
      - chunked
      vary:
      - Accept-Encoding
      x-content-type-options:
      - nosniff
    status:
      code: 200
      message: OK
- request:
    body: null
    headers:
      Accept:
      - application/json
      Accept-Encoding:
      - gzip, deflate
      CommandName:
      - notification-hub namespace wait
      Connection:
      - keep-alive
      ParameterSetName:
      - --resource-group --name --created
      User-Agent:
      - python/3.8.2 (Windows-10-10.0.18362-SP0) msrest/0.6.11 msrest_azure/0.6.2
        azure-mgmt-notificationhubs/2.1.0 Azure-SDK-For-Python AZURECLI/2.3.1 (MSI)
      accept-language:
      - en-US
    method: GET
    uri: https://management.azure.com/subscriptions/00000000-0000-0000-0000-000000000000/resourceGroups/cli_test_notificationhubs000001/providers/Microsoft.NotificationHubs/namespaces/my-test-space?api-version=2017-04-01
  response:
    body:
      string: '{"id":"/subscriptions/00000000-0000-0000-0000-000000000000/resourceGroups/cli_test_notificationhubs000001/providers/Microsoft.NotificationHubs/namespaces/my-test-space","name":"my-test-space","type":"Microsoft.NotificationHubs/namespaces","location":"South
        Central US","kind":"NotificationHub","sku":{"name":"Free"},"tags":{},"properties":{"provisioningState":"Succeeded","metricId":null,"status":"Active","createdAt":"2020-04-01T14:17:07.507Z","serviceBusEndpoint":"https://my-test-space.servicebus.windows.net:443/","enabled":true,"critical":false,"updatedAt":"2020-04-01T14:17:31.16Z","namespaceType":"NotificationHub"}}'
    headers:
      cache-control:
      - no-cache
      content-length:
      - '667'
      content-type:
      - application/json; charset=utf-8
      date:
      - Wed, 01 Apr 2020 14:17:49 GMT
      expires:
      - '-1'
      pragma:
      - no-cache
      server:
      - Service-Bus-Resource-Provider/CH3
      - Microsoft-HTTPAPI/2.0
      server-sb:
      - Service-Bus-Resource-Provider/CH3
      strict-transport-security:
      - max-age=31536000; includeSubDomains
      transfer-encoding:
      - chunked
      vary:
      - Accept-Encoding
      x-content-type-options:
      - nosniff
    status:
      code: 200
      message: OK
- request:
    body: '{"name": "my-test-hub"}'
    headers:
      Accept:
      - application/json
      Accept-Encoding:
      - gzip, deflate
      CommandName:
      - notification-hub check-availability
      Connection:
      - keep-alive
      Content-Length:
      - '23'
      Content-Type:
      - application/json; charset=utf-8
      ParameterSetName:
      - --resource-group --namespace-name --name
      User-Agent:
      - python/3.8.2 (Windows-10-10.0.18362-SP0) msrest/0.6.11 msrest_azure/0.6.2
        azure-mgmt-notificationhubs/2.1.0 Azure-SDK-For-Python AZURECLI/2.3.1 (MSI)
      accept-language:
      - en-US
    method: POST
    uri: https://management.azure.com/subscriptions/00000000-0000-0000-0000-000000000000/resourceGroups/cli_test_notificationhubs000001/providers/Microsoft.NotificationHubs/namespaces/my-test-space/checkNotificationHubAvailability?api-version=2017-04-01
  response:
    body:
      string: '{"isAvailiable":true,"id":"/subscriptions/00000000-0000-0000-0000-000000000000/resourceGroups/cli_test_notificationhubs000001/providers/Microsoft.NotificationHubs/namespaces/my-test-space/checkNotificationHubAvailability","name":"my-test-hub","type":"Microsoft.NotificationHubs/namespaces/notificationHubs/checkNotificationHubAvailability","location":null,"tags":null,"properties":true}'
    headers:
      cache-control:
      - no-cache
      content-length:
      - '430'
      content-type:
      - application/json; charset=utf-8
      date:
      - Wed, 01 Apr 2020 14:17:53 GMT
      expires:
      - '-1'
      pragma:
      - no-cache
      server:
      - Service-Bus-Resource-Provider/CH3
      - Microsoft-HTTPAPI/2.0
      server-sb:
      - Service-Bus-Resource-Provider/CH3
      strict-transport-security:
      - max-age=31536000; includeSubDomains
      transfer-encoding:
      - chunked
      vary:
      - Accept-Encoding
      x-content-type-options:
      - nosniff
      x-ms-ratelimit-remaining-subscription-writes:
      - '1197'
    status:
      code: 200
      message: OK
- request:
    body: null
    headers:
      Accept:
      - application/json
      Accept-Encoding:
      - gzip, deflate
      CommandName:
      - notification-hub check-availability
      Connection:
      - keep-alive
      ParameterSetName:
      - --resource-group --namespace-name --name
      User-Agent:
      - python/3.8.2 (Windows-10-10.0.18362-SP0) msrest/0.6.11 msrest_azure/0.6.2
        azure-mgmt-resource/8.0.1 Azure-SDK-For-Python AZURECLI/2.3.1 (MSI)
      accept-language:
      - en-US
    method: GET
    uri: https://management.azure.com/subscriptions/00000000-0000-0000-0000-000000000000/locations?api-version=2019-06-01
  response:
    body:
      string: '{"value":[{"id":"/subscriptions/00000000-0000-0000-0000-000000000000/locations/eastasia","name":"eastasia","displayName":"East
        Asia","longitude":"114.188","latitude":"22.267"},{"id":"/subscriptions/00000000-0000-0000-0000-000000000000/locations/southeastasia","name":"southeastasia","displayName":"Southeast
        Asia","longitude":"103.833","latitude":"1.283"},{"id":"/subscriptions/00000000-0000-0000-0000-000000000000/locations/centralus","name":"centralus","displayName":"Central
        US","longitude":"-93.6208","latitude":"41.5908"},{"id":"/subscriptions/00000000-0000-0000-0000-000000000000/locations/eastus","name":"eastus","displayName":"East
        US","longitude":"-79.8164","latitude":"37.3719"},{"id":"/subscriptions/00000000-0000-0000-0000-000000000000/locations/eastus2","name":"eastus2","displayName":"East
        US 2","longitude":"-78.3889","latitude":"36.6681"},{"id":"/subscriptions/00000000-0000-0000-0000-000000000000/locations/westus","name":"westus","displayName":"West
        US","longitude":"-122.417","latitude":"37.783"},{"id":"/subscriptions/00000000-0000-0000-0000-000000000000/locations/northcentralus","name":"northcentralus","displayName":"North
        Central US","longitude":"-87.6278","latitude":"41.8819"},{"id":"/subscriptions/00000000-0000-0000-0000-000000000000/locations/southcentralus","name":"southcentralus","displayName":"South
        Central US","longitude":"-98.5","latitude":"29.4167"},{"id":"/subscriptions/00000000-0000-0000-0000-000000000000/locations/northeurope","name":"northeurope","displayName":"North
        Europe","longitude":"-6.2597","latitude":"53.3478"},{"id":"/subscriptions/00000000-0000-0000-0000-000000000000/locations/westeurope","name":"westeurope","displayName":"West
        Europe","longitude":"4.9","latitude":"52.3667"},{"id":"/subscriptions/00000000-0000-0000-0000-000000000000/locations/japanwest","name":"japanwest","displayName":"Japan
        West","longitude":"135.5022","latitude":"34.6939"},{"id":"/subscriptions/00000000-0000-0000-0000-000000000000/locations/japaneast","name":"japaneast","displayName":"Japan
        East","longitude":"139.77","latitude":"35.68"},{"id":"/subscriptions/00000000-0000-0000-0000-000000000000/locations/brazilsouth","name":"brazilsouth","displayName":"Brazil
        South","longitude":"-46.633","latitude":"-23.55"},{"id":"/subscriptions/00000000-0000-0000-0000-000000000000/locations/australiaeast","name":"australiaeast","displayName":"Australia
        East","longitude":"151.2094","latitude":"-33.86"},{"id":"/subscriptions/00000000-0000-0000-0000-000000000000/locations/australiasoutheast","name":"australiasoutheast","displayName":"Australia
        Southeast","longitude":"144.9631","latitude":"-37.8136"},{"id":"/subscriptions/00000000-0000-0000-0000-000000000000/locations/southindia","name":"southindia","displayName":"South
        India","longitude":"80.1636","latitude":"12.9822"},{"id":"/subscriptions/00000000-0000-0000-0000-000000000000/locations/centralindia","name":"centralindia","displayName":"Central
        India","longitude":"73.9197","latitude":"18.5822"},{"id":"/subscriptions/00000000-0000-0000-0000-000000000000/locations/westindia","name":"westindia","displayName":"West
        India","longitude":"72.868","latitude":"19.088"},{"id":"/subscriptions/00000000-0000-0000-0000-000000000000/locations/canadacentral","name":"canadacentral","displayName":"Canada
        Central","longitude":"-79.383","latitude":"43.653"},{"id":"/subscriptions/00000000-0000-0000-0000-000000000000/locations/canadaeast","name":"canadaeast","displayName":"Canada
        East","longitude":"-71.217","latitude":"46.817"},{"id":"/subscriptions/00000000-0000-0000-0000-000000000000/locations/uksouth","name":"uksouth","displayName":"UK
        South","longitude":"-0.799","latitude":"50.941"},{"id":"/subscriptions/00000000-0000-0000-0000-000000000000/locations/ukwest","name":"ukwest","displayName":"UK
        West","longitude":"-3.084","latitude":"53.427"},{"id":"/subscriptions/00000000-0000-0000-0000-000000000000/locations/westcentralus","name":"westcentralus","displayName":"West
        Central US","longitude":"-110.234","latitude":"40.890"},{"id":"/subscriptions/00000000-0000-0000-0000-000000000000/locations/westus2","name":"westus2","displayName":"West
        US 2","longitude":"-119.852","latitude":"47.233"},{"id":"/subscriptions/00000000-0000-0000-0000-000000000000/locations/koreacentral","name":"koreacentral","displayName":"Korea
        Central","longitude":"126.9780","latitude":"37.5665"},{"id":"/subscriptions/00000000-0000-0000-0000-000000000000/locations/koreasouth","name":"koreasouth","displayName":"Korea
        South","longitude":"129.0756","latitude":"35.1796"},{"id":"/subscriptions/00000000-0000-0000-0000-000000000000/locations/francecentral","name":"francecentral","displayName":"France
        Central","longitude":"2.3730","latitude":"46.3772"},{"id":"/subscriptions/00000000-0000-0000-0000-000000000000/locations/francesouth","name":"francesouth","displayName":"France
        South","longitude":"2.1972","latitude":"43.8345"},{"id":"/subscriptions/00000000-0000-0000-0000-000000000000/locations/australiacentral","name":"australiacentral","displayName":"Australia
        Central","longitude":"149.1244","latitude":"-35.3075"},{"id":"/subscriptions/00000000-0000-0000-0000-000000000000/locations/australiacentral2","name":"australiacentral2","displayName":"Australia
        Central 2","longitude":"149.1244","latitude":"-35.3075"},{"id":"/subscriptions/00000000-0000-0000-0000-000000000000/locations/uaecentral","name":"uaecentral","displayName":"UAE
        Central","longitude":"54.366669","latitude":"24.466667"},{"id":"/subscriptions/00000000-0000-0000-0000-000000000000/locations/uaenorth","name":"uaenorth","displayName":"UAE
        North","longitude":"55.316666","latitude":"25.266666"},{"id":"/subscriptions/00000000-0000-0000-0000-000000000000/locations/southafricanorth","name":"southafricanorth","displayName":"South
        Africa North","longitude":"28.218370","latitude":"-25.731340"},{"id":"/subscriptions/00000000-0000-0000-0000-000000000000/locations/southafricawest","name":"southafricawest","displayName":"South
        Africa West","longitude":"18.843266","latitude":"-34.075691"},{"id":"/subscriptions/00000000-0000-0000-0000-000000000000/locations/switzerlandnorth","name":"switzerlandnorth","displayName":"Switzerland
        North","longitude":"8.564572","latitude":"47.451542"},{"id":"/subscriptions/00000000-0000-0000-0000-000000000000/locations/switzerlandwest","name":"switzerlandwest","displayName":"Switzerland
        West","longitude":"6.143158","latitude":"46.204391"},{"id":"/subscriptions/00000000-0000-0000-0000-000000000000/locations/germanynorth","name":"germanynorth","displayName":"Germany
        North","longitude":"8.806422","latitude":"53.073635"},{"id":"/subscriptions/00000000-0000-0000-0000-000000000000/locations/germanywestcentral","name":"germanywestcentral","displayName":"Germany
        West Central","longitude":"8.682127","latitude":"50.110924"},{"id":"/subscriptions/00000000-0000-0000-0000-000000000000/locations/norwaywest","name":"norwaywest","displayName":"Norway
        West","longitude":"5.733107","latitude":"58.969975"},{"id":"/subscriptions/00000000-0000-0000-0000-000000000000/locations/norwayeast","name":"norwayeast","displayName":"Norway
        East","longitude":"10.752245","latitude":"59.913868"}]}'
    headers:
      cache-control:
      - no-cache
      content-length:
      - '7129'
      content-type:
      - application/json; charset=utf-8
      date:
      - Wed, 01 Apr 2020 14:17:54 GMT
      expires:
      - '-1'
      pragma:
      - no-cache
      strict-transport-security:
      - max-age=31536000; includeSubDomains
      vary:
      - Accept-Encoding
      x-content-type-options:
      - nosniff
    status:
      code: 200
      message: OK
- request:
    body: '{"name": "my-test-hub"}'
    headers:
      Accept:
      - application/json
      Accept-Encoding:
      - gzip, deflate
      CommandName:
      - notification-hub create
      Connection:
      - keep-alive
      Content-Length:
      - '23'
      Content-Type:
      - application/json; charset=utf-8
      ParameterSetName:
      - --resource-group --namespace-name --name --location
      User-Agent:
      - python/3.8.2 (Windows-10-10.0.18362-SP0) msrest/0.6.11 msrest_azure/0.6.2
        azure-mgmt-notificationhubs/2.1.0 Azure-SDK-For-Python AZURECLI/2.3.1 (MSI)
      accept-language:
      - en-US
    method: POST
    uri: https://management.azure.com/subscriptions/00000000-0000-0000-0000-000000000000/resourceGroups/cli_test_notificationhubs000001/providers/Microsoft.NotificationHubs/namespaces/my-test-space/checkNotificationHubAvailability?api-version=2017-04-01
  response:
    body:
      string: '{"isAvailiable":true,"id":"/subscriptions/00000000-0000-0000-0000-000000000000/resourceGroups/cli_test_notificationhubs000001/providers/Microsoft.NotificationHubs/namespaces/my-test-space/checkNotificationHubAvailability","name":"my-test-hub","type":"Microsoft.NotificationHubs/namespaces/notificationHubs/checkNotificationHubAvailability","location":null,"tags":null,"properties":true}'
    headers:
      cache-control:
      - no-cache
      content-length:
      - '430'
      content-type:
      - application/json; charset=utf-8
      date:
      - Wed, 01 Apr 2020 14:17:57 GMT
      expires:
      - '-1'
      pragma:
      - no-cache
      server:
      - Service-Bus-Resource-Provider/CH3
      - Microsoft-HTTPAPI/2.0
      server-sb:
      - Service-Bus-Resource-Provider/CH3
      strict-transport-security:
      - max-age=31536000; includeSubDomains
      transfer-encoding:
      - chunked
      vary:
      - Accept-Encoding
      x-content-type-options:
      - nosniff
      x-ms-ratelimit-remaining-subscription-writes:
      - '1198'
    status:
      code: 200
      message: OK
- request:
    body: null
    headers:
      Accept:
      - application/json
      Accept-Encoding:
      - gzip, deflate
      CommandName:
      - notification-hub create
      Connection:
      - keep-alive
      ParameterSetName:
      - --resource-group --namespace-name --name --location
      User-Agent:
      - python/3.8.2 (Windows-10-10.0.18362-SP0) msrest/0.6.11 msrest_azure/0.6.2
        azure-mgmt-notificationhubs/2.1.0 Azure-SDK-For-Python AZURECLI/2.3.1 (MSI)
      accept-language:
      - en-US
    method: GET
    uri: https://management.azure.com/subscriptions/00000000-0000-0000-0000-000000000000/resourceGroups/cli_test_notificationhubs000001/providers/Microsoft.NotificationHubs/namespaces/my-test-space?api-version=2017-04-01
  response:
    body:
      string: '{"id":"/subscriptions/00000000-0000-0000-0000-000000000000/resourceGroups/cli_test_notificationhubs000001/providers/Microsoft.NotificationHubs/namespaces/my-test-space","name":"my-test-space","type":"Microsoft.NotificationHubs/namespaces","location":"South
        Central US","kind":"NotificationHub","sku":{"name":"Free"},"tags":{},"properties":{"provisioningState":"Succeeded","metricId":null,"status":"Active","createdAt":"2020-04-01T14:17:07.507Z","serviceBusEndpoint":"https://my-test-space.servicebus.windows.net:443/","enabled":true,"critical":false,"updatedAt":"2020-04-01T14:17:31.16Z","namespaceType":"NotificationHub"}}'
    headers:
      cache-control:
      - no-cache
      content-length:
      - '667'
      content-type:
      - application/json; charset=utf-8
      date:
      - Wed, 01 Apr 2020 14:17:59 GMT
      expires:
      - '-1'
      pragma:
      - no-cache
      server:
      - Service-Bus-Resource-Provider/CH3
      - Microsoft-HTTPAPI/2.0
      server-sb:
      - Service-Bus-Resource-Provider/CH3
      strict-transport-security:
      - max-age=31536000; includeSubDomains
      transfer-encoding:
      - chunked
      vary:
      - Accept-Encoding
      x-content-type-options:
      - nosniff
    status:
      code: 200
      message: OK
- request:
    body: '{"location": "southcentralus", "sku": {"name": "Free"}}'
    headers:
      Accept:
      - application/json
      Accept-Encoding:
      - gzip, deflate
      CommandName:
      - notification-hub create
      Connection:
      - keep-alive
      Content-Length:
      - '55'
      Content-Type:
      - application/json; charset=utf-8
      ParameterSetName:
      - --resource-group --namespace-name --name --location
      User-Agent:
      - python/3.8.2 (Windows-10-10.0.18362-SP0) msrest/0.6.11 msrest_azure/0.6.2
        azure-mgmt-notificationhubs/2.1.0 Azure-SDK-For-Python AZURECLI/2.3.1 (MSI)
      accept-language:
      - en-US
    method: PUT
    uri: https://management.azure.com/subscriptions/00000000-0000-0000-0000-000000000000/resourceGroups/cli_test_notificationhubs000001/providers/Microsoft.NotificationHubs/namespaces/my-test-space/notificationHubs/my-test-hub?api-version=2017-04-01
  response:
    body:
      string: '{"id":"/subscriptions/00000000-0000-0000-0000-000000000000/resourceGroups/cli_test_notificationhubs000001/providers/Microsoft.NotificationHubs/namespaces/my-test-space/notificationHubs/my-test-hub","name":"my-test-hub","type":"Microsoft.NotificationHubs/namespaces/notificationHubs","location":"South
        Central US","tags":null,"properties":{"registrationTtl":"10675199.02:48:05.4775807"}}'
    headers:
      cache-control:
      - no-cache
      content-length:
      - '430'
      content-type:
      - application/json; charset=utf-8
      date:
      - Wed, 01 Apr 2020 14:18:08 GMT
      expires:
      - '-1'
      pragma:
      - no-cache
      server:
      - Service-Bus-Resource-Provider/CH3
      - Microsoft-HTTPAPI/2.0
      server-sb:
      - Service-Bus-Resource-Provider/CH3
      strict-transport-security:
      - max-age=31536000; includeSubDomains
      x-content-type-options:
      - nosniff
      x-ms-ratelimit-remaining-subscription-writes:
      - '1199'
    status:
      code: 201
      message: Created
- request:
    body: '{"properties": {"rights": ["Listen", "Send"]}}'
    headers:
      Accept:
      - application/json
      Accept-Encoding:
      - gzip, deflate
      CommandName:
      - notification-hub namespace authorization-rule create
      Connection:
      - keep-alive
      Content-Length:
      - '46'
      Content-Type:
      - application/json; charset=utf-8
      ParameterSetName:
      - --resource-group --namespace-name --name --rights
      User-Agent:
      - python/3.8.2 (Windows-10-10.0.18362-SP0) msrest/0.6.11 msrest_azure/0.6.2
        azure-mgmt-notificationhubs/2.1.0 Azure-SDK-For-Python AZURECLI/2.3.1 (MSI)
      accept-language:
      - en-US
    method: PUT
    uri: https://management.azure.com/subscriptions/00000000-0000-0000-0000-000000000000/resourceGroups/cli_test_notificationhubs000001/providers/Microsoft.NotificationHubs/namespaces/my-test-space/AuthorizationRules/my-space-rule?api-version=2017-04-01
  response:
    body:
      string: '{"id":"/subscriptions/00000000-0000-0000-0000-000000000000/resourceGroups/cli_test_notificationhubs000001/providers/Microsoft.NotificationHubs/namespaces/my-test-space/AuthorizationRules/my-space-rule","name":"my-space-rule","type":"Microsoft.NotificationHubs/Namespaces/AuthorizationRules","location":null,"tags":null,"properties":{"rights":["Listen","Send"]}}'
    headers:
      cache-control:
      - no-cache
      content-length:
      - '405'
      content-type:
      - application/json; charset=utf-8
      date:
      - Wed, 01 Apr 2020 14:18:11 GMT
      expires:
      - '-1'
      pragma:
      - no-cache
      server:
      - Service-Bus-Resource-Provider/CH3
      - Microsoft-HTTPAPI/2.0
      server-sb:
      - Service-Bus-Resource-Provider/CH3
      strict-transport-security:
      - max-age=31536000; includeSubDomains
      transfer-encoding:
      - chunked
      vary:
      - Accept-Encoding
      x-content-type-options:
      - nosniff
      x-ms-ratelimit-remaining-subscription-writes:
      - '1198'
    status:
      code: 200
      message: OK
- request:
    body: null
    headers:
      Accept:
      - application/json
      Accept-Encoding:
      - gzip, deflate
      CommandName:
      - notification-hub namespace authorization-rule show
      Connection:
      - keep-alive
      ParameterSetName:
      - --resource-group --namespace-name --name
      User-Agent:
      - python/3.8.2 (Windows-10-10.0.18362-SP0) msrest/0.6.11 msrest_azure/0.6.2
        azure-mgmt-notificationhubs/2.1.0 Azure-SDK-For-Python AZURECLI/2.3.1 (MSI)
      accept-language:
      - en-US
    method: GET
    uri: https://management.azure.com/subscriptions/00000000-0000-0000-0000-000000000000/resourceGroups/cli_test_notificationhubs000001/providers/Microsoft.NotificationHubs/namespaces/my-test-space/AuthorizationRules/my-space-rule?api-version=2017-04-01
  response:
    body:
      string: '{"id":"/subscriptions/00000000-0000-0000-0000-000000000000/resourceGroups/cli_test_notificationhubs000001/providers/Microsoft.NotificationHubs/namespaces/my-test-space/AuthorizationRules/my-space-rule","name":"my-space-rule","type":"Microsoft.NotificationHubs/Namespaces/AuthorizationRules","location":null,"tags":null,"properties":{"rights":["Listen","Send"]}}'
    headers:
      cache-control:
      - no-cache
      content-length:
      - '405'
      content-type:
      - application/json; charset=utf-8
      date:
      - Wed, 01 Apr 2020 14:18:14 GMT
      expires:
      - '-1'
      pragma:
      - no-cache
      server:
      - Service-Bus-Resource-Provider/CH3
      - Microsoft-HTTPAPI/2.0
      server-sb:
      - Service-Bus-Resource-Provider/CH3
      strict-transport-security:
      - max-age=31536000; includeSubDomains
      transfer-encoding:
      - chunked
      vary:
      - Accept-Encoding
      x-content-type-options:
      - nosniff
    status:
      code: 200
      message: OK
- request:
    body: null
    headers:
      Accept:
      - application/json
      Accept-Encoding:
      - gzip, deflate
      CommandName:
      - notification-hub namespace authorization-rule list
      Connection:
      - keep-alive
      ParameterSetName:
      - --resource-group --namespace-name
      User-Agent:
      - python/3.8.2 (Windows-10-10.0.18362-SP0) msrest/0.6.11 msrest_azure/0.6.2
        azure-mgmt-notificationhubs/2.1.0 Azure-SDK-For-Python AZURECLI/2.3.1 (MSI)
      accept-language:
      - en-US
    method: GET
    uri: https://management.azure.com/subscriptions/00000000-0000-0000-0000-000000000000/resourceGroups/cli_test_notificationhubs000001/providers/Microsoft.NotificationHubs/namespaces/my-test-space/AuthorizationRules?api-version=2017-04-01
  response:
    body:
      string: '{"value":[{"id":"/subscriptions/00000000-0000-0000-0000-000000000000/resourceGroups/cli_test_notificationhubs000001/providers/Microsoft.NotificationHubs/namespaces/my-test-space/AuthorizationRules/RootManageSharedAccessKey","name":"RootManageSharedAccessKey","type":"Microsoft.NotificationHubs/Namespaces/AuthorizationRules","location":null,"tags":null,"properties":{"rights":["Listen","Manage","Send"]}},{"id":"/subscriptions/00000000-0000-0000-0000-000000000000/resourceGroups/cli_test_notificationhubs000001/providers/Microsoft.NotificationHubs/namespaces/my-test-space/AuthorizationRules/my-space-rule","name":"my-space-rule","type":"Microsoft.NotificationHubs/Namespaces/AuthorizationRules","location":null,"tags":null,"properties":{"rights":["Listen","Send"]}}],"nextLink":null}'
    headers:
      cache-control:
      - no-cache
      content-length:
      - '872'
      content-type:
      - application/json; charset=utf-8
      date:
      - Wed, 01 Apr 2020 14:18:17 GMT
      expires:
      - '-1'
      pragma:
      - no-cache
      server:
      - Service-Bus-Resource-Provider/CH3
      - Microsoft-HTTPAPI/2.0
      server-sb:
      - Service-Bus-Resource-Provider/CH3
      strict-transport-security:
      - max-age=31536000; includeSubDomains
      transfer-encoding:
      - chunked
      vary:
      - Accept-Encoding
      x-content-type-options:
      - nosniff
    status:
      code: 200
      message: OK
- request:
    body: null
    headers:
      Accept:
      - application/json
      Accept-Encoding:
      - gzip, deflate
      CommandName:
      - notification-hub namespace authorization-rule list-keys
      Connection:
      - keep-alive
      Content-Length:
      - '0'
      ParameterSetName:
      - --resource-group --namespace-name --name
      User-Agent:
      - python/3.8.2 (Windows-10-10.0.18362-SP0) msrest/0.6.11 msrest_azure/0.6.2
        azure-mgmt-notificationhubs/2.1.0 Azure-SDK-For-Python AZURECLI/2.3.1 (MSI)
      accept-language:
      - en-US
    method: POST
    uri: https://management.azure.com/subscriptions/00000000-0000-0000-0000-000000000000/resourceGroups/cli_test_notificationhubs000001/providers/Microsoft.NotificationHubs/namespaces/my-test-space/AuthorizationRules/my-space-rule/listKeys?api-version=2017-04-01
  response:
    body:
      string: '{"primaryConnectionString":"Endpoint=sb://my-test-space.servicebus.windows.net/;SharedAccessKeyName=my-space-rule;SharedAccessKey=zpPpUHBblEeOJ1qHWUcInapxF6ZJS0n5wbUeY1RsKg8=","secondaryConnectionString":"Endpoint=sb://my-test-space.servicebus.windows.net/;SharedAccessKeyName=my-space-rule;SharedAccessKey=nbJ4hhmMHElZFhFesKsiVsIeMSCsATnmLflQmZ5nV70=","primaryKey":"zpPpUHBblEeOJ1qHWUcInapxF6ZJS0n5wbUeY1RsKg8=","secondaryKey":"nbJ4hhmMHElZFhFesKsiVsIeMSCsATnmLflQmZ5nV70=","keyName":"my-space-rule"}'
    headers:
      cache-control:
      - no-cache
      content-length:
      - '501'
      content-type:
      - application/json; charset=utf-8
      date:
      - Wed, 01 Apr 2020 14:18:19 GMT
      expires:
      - '-1'
      pragma:
      - no-cache
      server:
      - Service-Bus-Resource-Provider/CH3
      - Microsoft-HTTPAPI/2.0
      server-sb:
      - Service-Bus-Resource-Provider/CH3
      strict-transport-security:
      - max-age=31536000; includeSubDomains
      transfer-encoding:
      - chunked
      vary:
      - Accept-Encoding
      x-content-type-options:
      - nosniff
      x-ms-ratelimit-remaining-subscription-writes:
      - '1197'
    status:
      code: 200
      message: OK
- request:
    body: '{"properties": {"rights": ["Listen"]}}'
    headers:
      Accept:
      - application/json
      Accept-Encoding:
      - gzip, deflate
      CommandName:
      - notification-hub authorization-rule create
      Connection:
      - keep-alive
      Content-Length:
      - '38'
      Content-Type:
      - application/json; charset=utf-8
      ParameterSetName:
      - --resource-group --namespace-name --notification-hub-name --name --rights
      User-Agent:
      - python/3.8.2 (Windows-10-10.0.18362-SP0) msrest/0.6.11 msrest_azure/0.6.2
        azure-mgmt-notificationhubs/2.1.0 Azure-SDK-For-Python AZURECLI/2.3.1 (MSI)
      accept-language:
      - en-US
    method: PUT
    uri: https://management.azure.com/subscriptions/00000000-0000-0000-0000-000000000000/resourceGroups/cli_test_notificationhubs000001/providers/Microsoft.NotificationHubs/namespaces/my-test-space/notificationHubs/my-test-hub/AuthorizationRules/my-hub-listen-key?api-version=2017-04-01
  response:
    body:
      string: '{"id":"/subscriptions/00000000-0000-0000-0000-000000000000/resourceGroups/cli_test_notificationhubs000001/providers/Microsoft.NotificationHubs/namespaces/my-test-space/notificationHubs/my-test-hub/AuthorizationRules/my-hub-listen-key","name":"my-hub-listen-key","type":"Microsoft.NotificationHubs/namespaces/notificationHubs/authorizationRules","location":null,"tags":null,"properties":{"rights":["Listen"]}}'
    headers:
      cache-control:
      - no-cache
      content-length:
      - '452'
      content-type:
      - application/json; charset=utf-8
      date:
      - Wed, 01 Apr 2020 14:18:22 GMT
      expires:
      - '-1'
      pragma:
      - no-cache
      server:
      - Service-Bus-Resource-Provider/CH3
      - Microsoft-HTTPAPI/2.0
      server-sb:
      - Service-Bus-Resource-Provider/CH3
      strict-transport-security:
      - max-age=31536000; includeSubDomains
      transfer-encoding:
      - chunked
      vary:
      - Accept-Encoding
      x-content-type-options:
      - nosniff
      x-ms-ratelimit-remaining-subscription-writes:
      - '1199'
    status:
      code: 200
      message: OK
- request:
    body: null
    headers:
      Accept:
      - application/json
      Accept-Encoding:
      - gzip, deflate
      CommandName:
      - notification-hub authorization-rule show
      Connection:
      - keep-alive
      ParameterSetName:
      - --resource-group --namespace-name --notification-hub-name --name
      User-Agent:
      - python/3.8.2 (Windows-10-10.0.18362-SP0) msrest/0.6.11 msrest_azure/0.6.2
        azure-mgmt-notificationhubs/2.1.0 Azure-SDK-For-Python AZURECLI/2.3.1 (MSI)
      accept-language:
      - en-US
    method: GET
    uri: https://management.azure.com/subscriptions/00000000-0000-0000-0000-000000000000/resourceGroups/cli_test_notificationhubs000001/providers/Microsoft.NotificationHubs/namespaces/my-test-space/notificationHubs/my-test-hub/AuthorizationRules/my-hub-listen-key?api-version=2017-04-01
  response:
    body:
      string: '{"id":"/subscriptions/00000000-0000-0000-0000-000000000000/resourceGroups/cli_test_notificationhubs000001/providers/Microsoft.NotificationHubs/namespaces/my-test-space/notificationHubs/my-test-hub/AuthorizationRules/my-hub-listen-key","name":"my-hub-listen-key","type":"Microsoft.NotificationHubs/namespaces/notificationHubs/authorizationRules","location":null,"tags":null,"properties":{"rights":["Listen"]}}'
    headers:
      cache-control:
      - no-cache
      content-length:
      - '452'
      content-type:
      - application/json; charset=utf-8
      date:
      - Wed, 01 Apr 2020 14:18:34 GMT
      expires:
      - '-1'
      pragma:
      - no-cache
      server:
      - Service-Bus-Resource-Provider/CH3
      - Microsoft-HTTPAPI/2.0
      server-sb:
      - Service-Bus-Resource-Provider/CH3
      strict-transport-security:
      - max-age=31536000; includeSubDomains
      transfer-encoding:
      - chunked
      vary:
      - Accept-Encoding
      x-content-type-options:
      - nosniff
    status:
      code: 200
      message: OK
- request:
    body: null
    headers:
      Accept:
      - application/json
      Accept-Encoding:
      - gzip, deflate
      CommandName:
      - notification-hub authorization-rule list
      Connection:
      - keep-alive
      ParameterSetName:
      - --resource-group --namespace-name --notification-hub-name
      User-Agent:
      - python/3.8.2 (Windows-10-10.0.18362-SP0) msrest/0.6.11 msrest_azure/0.6.2
        azure-mgmt-notificationhubs/2.1.0 Azure-SDK-For-Python AZURECLI/2.3.1 (MSI)
      accept-language:
      - en-US
    method: GET
    uri: https://management.azure.com/subscriptions/00000000-0000-0000-0000-000000000000/resourceGroups/cli_test_notificationhubs000001/providers/Microsoft.NotificationHubs/namespaces/my-test-space/notificationHubs/my-test-hub/AuthorizationRules?api-version=2017-04-01
  response:
    body:
      string: '{"value":[{"id":"/subscriptions/00000000-0000-0000-0000-000000000000/resourceGroups/cli_test_notificationhubs000001/providers/Microsoft.NotificationHubs/namespaces/my-test-space/notificationHubs/my-test-hub/AuthorizationRules/DefaultListenSharedAccessSignature","name":"DefaultListenSharedAccessSignature","type":"Microsoft.NotificationHubs/namespaces/notificationHubs/authorizationRules","location":null,"tags":null,"properties":{"rights":["Listen"]}},{"id":"/subscriptions/00000000-0000-0000-0000-000000000000/resourceGroups/cli_test_notificationhubs000001/providers/Microsoft.NotificationHubs/namespaces/my-test-space/notificationHubs/my-test-hub/AuthorizationRules/DefaultFullSharedAccessSignature","name":"DefaultFullSharedAccessSignature","type":"Microsoft.NotificationHubs/namespaces/notificationHubs/authorizationRules","location":null,"tags":null,"properties":{"rights":["Listen","Manage","Send"]}},{"id":"/subscriptions/00000000-0000-0000-0000-000000000000/resourceGroups/cli_test_notificationhubs000001/providers/Microsoft.NotificationHubs/namespaces/my-test-space/notificationHubs/my-test-hub/AuthorizationRules/my-hub-listen-key","name":"my-hub-listen-key","type":"Microsoft.NotificationHubs/namespaces/notificationHubs/authorizationRules","location":null,"tags":null,"properties":{"rights":["Listen"]}}],"nextLink":null}'
    headers:
      cache-control:
      - no-cache
      content-length:
      - '1466'
      content-type:
      - application/json; charset=utf-8
      date:
      - Wed, 01 Apr 2020 14:18:37 GMT
      expires:
      - '-1'
      pragma:
      - no-cache
      server:
      - Service-Bus-Resource-Provider/CH3
      - Microsoft-HTTPAPI/2.0
      server-sb:
      - Service-Bus-Resource-Provider/CH3
      strict-transport-security:
      - max-age=31536000; includeSubDomains
      transfer-encoding:
      - chunked
      vary:
      - Accept-Encoding
      x-content-type-options:
      - nosniff
    status:
      code: 200
      message: OK
- request:
    body: null
    headers:
      Accept:
      - application/json
      Accept-Encoding:
      - gzip, deflate
      CommandName:
      - notification-hub authorization-rule list-keys
      Connection:
      - keep-alive
      Content-Length:
      - '0'
      ParameterSetName:
      - --resource-group --namespace-name --notification-hub-name --name
      User-Agent:
      - python/3.8.2 (Windows-10-10.0.18362-SP0) msrest/0.6.11 msrest_azure/0.6.2
        azure-mgmt-notificationhubs/2.1.0 Azure-SDK-For-Python AZURECLI/2.3.1 (MSI)
      accept-language:
      - en-US
    method: POST
    uri: https://management.azure.com/subscriptions/00000000-0000-0000-0000-000000000000/resourceGroups/cli_test_notificationhubs000001/providers/Microsoft.NotificationHubs/namespaces/my-test-space/notificationHubs/my-test-hub/AuthorizationRules/my-hub-listen-key/listKeys?api-version=2017-04-01
  response:
    body:
      string: '{"primaryConnectionString":"Endpoint=sb://my-test-space.servicebus.windows.net/;SharedAccessKeyName=my-hub-listen-key;SharedAccessKey=cRI/qRnfXTMxdfkEEnydEW+54r/I05ZASdcWZK1EmCo=","secondaryConnectionString":"Endpoint=sb://my-test-space.servicebus.windows.net/;SharedAccessKeyName=my-hub-listen-key;SharedAccessKey=E69PJR96yawTqdIgWrcrKagkujOlf9mrguHbS6PgW/I=","primaryKey":"cRI/qRnfXTMxdfkEEnydEW+54r/I05ZASdcWZK1EmCo=","secondaryKey":"E69PJR96yawTqdIgWrcrKagkujOlf9mrguHbS6PgW/I=","keyName":"my-hub-listen-key"}'
    headers:
      cache-control:
      - no-cache
      content-length:
      - '513'
      content-type:
      - application/json; charset=utf-8
      date:
      - Wed, 01 Apr 2020 14:18:38 GMT
      expires:
      - '-1'
      pragma:
      - no-cache
      server:
      - Service-Bus-Resource-Provider/CH3
      - Microsoft-HTTPAPI/2.0
      server-sb:
      - Service-Bus-Resource-Provider/CH3
      strict-transport-security:
      - max-age=31536000; includeSubDomains
      transfer-encoding:
      - chunked
      vary:
      - Accept-Encoding
      x-content-type-options:
      - nosniff
      x-ms-ratelimit-remaining-subscription-writes:
      - '1197'
    status:
      code: 200
      message: OK
- request:
    body: '{"properties": {"gcmCredential": {"properties": {"googleApiKey": "XXXXX"}}}}'
    headers:
      Accept:
      - application/json
      Accept-Encoding:
      - gzip, deflate
      CommandName:
      - notification-hub credential gcm update
      Connection:
      - keep-alive
      Content-Length:
      - '223'
      Content-Type:
      - application/json; charset=utf-8
      ParameterSetName:
      - --resource-group --namespace-name --notification-hub-name --google-api-key
      User-Agent:
      - python/3.8.2 (Windows-10-10.0.18362-SP0) msrest/0.6.11 msrest_azure/0.6.2
        azure-mgmt-notificationhubs/2.1.0 Azure-SDK-For-Python AZURECLI/2.3.1 (MSI)
      accept-language:
      - en-US
    method: PATCH
    uri: https://management.azure.com/subscriptions/00000000-0000-0000-0000-000000000000/resourceGroups/cli_test_notificationhubs000001/providers/Microsoft.NotificationHubs/namespaces/my-test-space/notificationHubs/my-test-hub?api-version=2017-04-01
  response:
    body:
      string: '{"id":"/subscriptions/00000000-0000-0000-0000-000000000000/resourceGroups/cli_test_notificationhubs000001/providers/Microsoft.NotificationHubs/namespaces/my-test-space/notificationHubs/my-test-hub","name":"my-test-hub","type":"Microsoft.NotificationHubs/namespaces/notificationHubs","location":"South
        Central US","tags":null,"properties":{"registrationTtl":"10675199.02:48:05.4775807","authorizationRules":[{"keyName":"DefaultListenSharedAccessSignature","primaryKey":"1036t3Lsv+Pt+yEMMjX99NUittJ1JeOmQBcppHkmSSU=","secondaryKey":"I28Hi1oQi9PNyLR7BXiNAuHn54bwFIMR2SG7zLcdHz8=","claimType":"SharedAccessKey","claimValue":"None","rights":["Listen"],"createdTime":"2020-04-01T14:18:07.2541923Z","modifiedTime":"2020-04-01T14:18:07.2541923Z"},{"keyName":"DefaultFullSharedAccessSignature","primaryKey":"PFOlf2U7KJWGuunmGHI9jpMuQ96v+fCVdYLOUYNGbKo=","secondaryKey":"O6xEksyW0eCMd3WRo0q5Cjm2hTZqqzA8uCd4JIKwe5A=","claimType":"SharedAccessKey","claimValue":"None","rights":["Listen","Manage","Send"],"createdTime":"2020-04-01T14:18:07.2541923Z","modifiedTime":"2020-04-01T14:18:07.2541923Z"},{"keyName":"my-hub-listen-key","primaryKey":"cRI/qRnfXTMxdfkEEnydEW+54r/I05ZASdcWZK1EmCo=","secondaryKey":"E69PJR96yawTqdIgWrcrKagkujOlf9mrguHbS6PgW/I=","claimType":"SharedAccessKey","claimValue":"None","rights":["Listen"],"createdTime":"2020-04-01T14:18:23.1101762Z","modifiedTime":"2020-04-01T14:18:23.1101762Z"}],"gcmCredential":{"properties":{"googleApiKey":"XXXXX"}}}}'
    headers:
      cache-control:
      - no-cache
      content-length:
      - '1649'
      content-type:
      - application/json; charset=utf-8
      date:
      - Wed, 01 Apr 2020 14:18:41 GMT
      expires:
      - '-1'
      pragma:
      - no-cache
      server:
      - Service-Bus-Resource-Provider/CH3
      - Microsoft-HTTPAPI/2.0
      server-sb:
      - Service-Bus-Resource-Provider/CH3
      strict-transport-security:
      - max-age=31536000; includeSubDomains
      transfer-encoding:
      - chunked
      vary:
      - Accept-Encoding
      x-content-type-options:
      - nosniff
      x-ms-ratelimit-remaining-subscription-writes:
      - '1197'
    status:
      code: 200
      message: OK
- request:
    body: null
    headers:
      Accept:
      - application/json
      Accept-Encoding:
      - gzip, deflate
      CommandName:
      - notification-hub credential list
      Connection:
      - keep-alive
      Content-Length:
      - '0'
      ParameterSetName:
      - --resource-group --namespace-name --notification-hub-name
      User-Agent:
      - python/3.8.2 (Windows-10-10.0.18362-SP0) msrest/0.6.11 msrest_azure/0.6.2
        azure-mgmt-notificationhubs/2.1.0 Azure-SDK-For-Python AZURECLI/2.3.1 (MSI)
      accept-language:
      - en-US
    method: POST
    uri: https://management.azure.com/subscriptions/00000000-0000-0000-0000-000000000000/resourceGroups/cli_test_notificationhubs000001/providers/Microsoft.NotificationHubs/namespaces/my-test-space/notificationHubs/my-test-hub/pnsCredentials?api-version=2017-04-01
  response:
    body:
      string: '{"id":"/subscriptions/00000000-0000-0000-0000-000000000000/resourceGroups/cli_test_notificationhubs000001/providers/Microsoft.NotificationHubs/namespaces/my-test-space/notificationHubs/my-test-hub/pnsCredentials","name":"my-test-hub","type":"Microsoft.NotificationHubs/namespaces/notificationHubs/pnsCredentials","location":null,"tags":null,"properties":{"gcmCredential":{"properties":{"googleApiKey":"XXXXX"}}}}'
    headers:
      cache-control:
      - no-cache
      content-length:
      - '603'
      content-type:
      - application/json; charset=utf-8
      date:
      - Wed, 01 Apr 2020 14:18:44 GMT
      expires:
      - '-1'
      pragma:
      - no-cache
      server:
      - Service-Bus-Resource-Provider/CH3
      - Microsoft-HTTPAPI/2.0
      server-sb:
      - Service-Bus-Resource-Provider/CH3
      strict-transport-security:
      - max-age=31536000; includeSubDomains
      transfer-encoding:
      - chunked
      vary:
      - Accept-Encoding
      x-content-type-options:
      - nosniff
      x-ms-ratelimit-remaining-subscription-writes:
      - '1196'
    status:
      code: 200
      message: OK
- request:
    body: null
    headers:
      Accept:
      - application/json
      Accept-Encoding:
      - gzip, deflate
      CommandName:
      - notification-hub show
      Connection:
      - keep-alive
      ParameterSetName:
      - --resource-group --namespace-name --name
      User-Agent:
      - python/3.8.2 (Windows-10-10.0.18362-SP0) msrest/0.6.11 msrest_azure/0.6.2
        azure-mgmt-notificationhubs/2.1.0 Azure-SDK-For-Python AZURECLI/2.3.1 (MSI)
      accept-language:
      - en-US
    method: GET
    uri: https://management.azure.com/subscriptions/00000000-0000-0000-0000-000000000000/resourceGroups/cli_test_notificationhubs000001/providers/Microsoft.NotificationHubs/namespaces/my-test-space/notificationHubs/my-test-hub?api-version=2017-04-01
  response:
    body:
      string: '{"id":"/subscriptions/00000000-0000-0000-0000-000000000000/resourceGroups/cli_test_notificationhubs000001/providers/Microsoft.NotificationHubs/namespaces/my-test-space/notificationHubs/my-test-hub","name":"my-test-hub","type":"Microsoft.NotificationHubs/namespaces/notificationHubs","location":"South
        Central US","tags":null,"properties":{"registrationTtl":"10675199.02:48:05.4775807","authorizationRules":[]}}'
    headers:
      cache-control:
      - no-cache
      content-length:
      - '454'
      content-type:
      - application/json; charset=utf-8
      date:
      - Wed, 01 Apr 2020 14:18:48 GMT
      expires:
      - '-1'
      pragma:
      - no-cache
      server:
      - Service-Bus-Resource-Provider/CH3
      - Microsoft-HTTPAPI/2.0
      server-sb:
      - Service-Bus-Resource-Provider/CH3
      strict-transport-security:
      - max-age=31536000; includeSubDomains
      transfer-encoding:
      - chunked
      vary:
      - Accept-Encoding
      x-content-type-options:
      - nosniff
    status:
      code: 200
      message: OK
- request:
    body: null
    headers:
      Accept:
      - application/json
      Accept-Encoding:
      - gzip, deflate
      CommandName:
      - notification-hub list
      Connection:
      - keep-alive
      ParameterSetName:
      - --resource-group --namespace-name
      User-Agent:
      - python/3.8.2 (Windows-10-10.0.18362-SP0) msrest/0.6.11 msrest_azure/0.6.2
        azure-mgmt-notificationhubs/2.1.0 Azure-SDK-For-Python AZURECLI/2.3.1 (MSI)
      accept-language:
      - en-US
    method: GET
    uri: https://management.azure.com/subscriptions/00000000-0000-0000-0000-000000000000/resourceGroups/cli_test_notificationhubs000001/providers/Microsoft.NotificationHubs/namespaces/my-test-space/notificationHubs?api-version=2017-04-01
  response:
    body:
      string: '{"value":[{"id":"/subscriptions/00000000-0000-0000-0000-000000000000/resourceGroups/cli_test_notificationhubs000001/providers/Microsoft.NotificationHubs/namespaces/my-test-space/notificationHubs/my-test-hub","name":"my-test-hub","type":"Microsoft.NotificationHubs/namespaces/notificationHubs","location":"South
        Central US","tags":null,"properties":{"registrationTtl":"10675199.02:48:05.4775807","authorizationRules":[]}}],"nextLink":null}'
    headers:
      cache-control:
      - no-cache
      content-length:
      - '482'
      content-type:
      - application/json; charset=utf-8
      date:
      - Wed, 01 Apr 2020 14:18:50 GMT
      expires:
      - '-1'
      pragma:
      - no-cache
      server:
      - Service-Bus-Resource-Provider/CH3
      - Microsoft-HTTPAPI/2.0
      server-sb:
      - Service-Bus-Resource-Provider/CH3
      strict-transport-security:
      - max-age=31536000; includeSubDomains
      transfer-encoding:
      - chunked
      vary:
      - Accept-Encoding
      x-content-type-options:
      - nosniff
    status:
      code: 200
      message: OK
- request:
    body: null
    headers:
      Accept:
      - application/json
      Accept-Encoding:
      - gzip, deflate
      CommandName:
      - notification-hub namespace show
      Connection:
      - keep-alive
      ParameterSetName:
      - --resource-group --name
      User-Agent:
      - python/3.8.2 (Windows-10-10.0.18362-SP0) msrest/0.6.11 msrest_azure/0.6.2
        azure-mgmt-notificationhubs/2.1.0 Azure-SDK-For-Python AZURECLI/2.3.1 (MSI)
      accept-language:
      - en-US
    method: GET
    uri: https://management.azure.com/subscriptions/00000000-0000-0000-0000-000000000000/resourceGroups/cli_test_notificationhubs000001/providers/Microsoft.NotificationHubs/namespaces/my-test-space?api-version=2017-04-01
  response:
    body:
      string: '{"id":"/subscriptions/00000000-0000-0000-0000-000000000000/resourceGroups/cli_test_notificationhubs000001/providers/Microsoft.NotificationHubs/namespaces/my-test-space","name":"my-test-space","type":"Microsoft.NotificationHubs/namespaces","location":"South
        Central US","kind":"NotificationHub","sku":{"name":"Free"},"tags":{},"properties":{"provisioningState":"Succeeded","metricId":null,"status":"Active","createdAt":"2020-04-01T14:17:07.507Z","serviceBusEndpoint":"https://my-test-space.servicebus.windows.net:443/","enabled":true,"critical":false,"updatedAt":"2020-04-01T14:17:31.16Z","namespaceType":"NotificationHub"}}'
    headers:
      cache-control:
      - no-cache
      content-length:
      - '667'
      content-type:
      - application/json; charset=utf-8
      date:
      - Wed, 01 Apr 2020 14:18:51 GMT
      expires:
      - '-1'
      pragma:
      - no-cache
      server:
      - Service-Bus-Resource-Provider/CH3
      - Microsoft-HTTPAPI/2.0
      server-sb:
      - Service-Bus-Resource-Provider/CH3
      strict-transport-security:
      - max-age=31536000; includeSubDomains
      transfer-encoding:
      - chunked
      vary:
      - Accept-Encoding
      x-content-type-options:
      - nosniff
    status:
      code: 200
      message: OK
- request:
    body: null
    headers:
      Accept:
      - application/json
      Accept-Encoding:
      - gzip, deflate
      CommandName:
      - notification-hub namespace list
      Connection:
      - keep-alive
      ParameterSetName:
      - --resource-group
      User-Agent:
      - python/3.8.2 (Windows-10-10.0.18362-SP0) msrest/0.6.11 msrest_azure/0.6.2
        azure-mgmt-notificationhubs/2.1.0 Azure-SDK-For-Python AZURECLI/2.3.1 (MSI)
      accept-language:
      - en-US
    method: GET
    uri: https://management.azure.com/subscriptions/00000000-0000-0000-0000-000000000000/resourceGroups/cli_test_notificationhubs000001/providers/Microsoft.NotificationHubs/namespaces?api-version=2017-04-01
  response:
    body:
      string: '{"value":[{"id":"/subscriptions/00000000-0000-0000-0000-000000000000/resourceGroups/cli_test_notificationhubs000001/providers/Microsoft.NotificationHubs/namespaces/my-test-space","name":"my-test-space","type":"Microsoft.NotificationHubs/namespaces","location":"South
        Central US","kind":"NotificationHub","sku":{"name":"Free"},"tags":{},"properties":{"provisioningState":"Succeeded","metricId":null,"status":"Active","createdAt":"2020-04-01T14:17:07.507Z","serviceBusEndpoint":"https://my-test-space.servicebus.windows.net:443/","enabled":true,"critical":false,"updatedAt":"2020-04-01T14:17:31.16Z","namespaceType":"NotificationHub"}}],"nextLink":null}'
    headers:
      cache-control:
      - no-cache
      content-length:
      - '695'
      content-type:
      - application/json; charset=utf-8
      date:
      - Wed, 01 Apr 2020 14:18:53 GMT
      expires:
      - '-1'
      pragma:
      - no-cache
      server:
      - Service-Bus-Resource-Provider/CH3
      - Microsoft-HTTPAPI/2.0
      server-sb:
      - Service-Bus-Resource-Provider/CH3
      strict-transport-security:
      - max-age=31536000; includeSubDomains
      transfer-encoding:
      - chunked
      vary:
      - Accept-Encoding
      x-content-type-options:
      - nosniff
    status:
      code: 200
      message: OK
- request:
    body: null
    headers:
      Accept:
      - application/json
      Accept-Encoding:
      - gzip, deflate
      CommandName:
      - notification-hub delete
      Connection:
      - keep-alive
      Content-Length:
      - '0'
      ParameterSetName:
      - --resource-group --namespace-name --name -y
      User-Agent:
      - python/3.8.2 (Windows-10-10.0.18362-SP0) msrest/0.6.11 msrest_azure/0.6.2
        azure-mgmt-notificationhubs/2.1.0 Azure-SDK-For-Python AZURECLI/2.3.1 (MSI)
      accept-language:
      - en-US
    method: DELETE
    uri: https://management.azure.com/subscriptions/00000000-0000-0000-0000-000000000000/resourceGroups/cli_test_notificationhubs000001/providers/Microsoft.NotificationHubs/namespaces/my-test-space/notificationHubs/my-test-hub?api-version=2017-04-01
  response:
    body:
      string: ''
    headers:
      cache-control:
      - no-cache
      content-length:
      - '0'
      date:
      - Wed, 01 Apr 2020 14:18:59 GMT
      expires:
      - '-1'
      pragma:
      - no-cache
      server:
      - Service-Bus-Resource-Provider/CH3
      - Microsoft-HTTPAPI/2.0
      server-sb:
      - Service-Bus-Resource-Provider/CH3
      strict-transport-security:
      - max-age=31536000; includeSubDomains
      x-content-type-options:
      - nosniff
      x-ms-ratelimit-remaining-subscription-deletes:
      - '14999'
    status:
      code: 200
      message: OK
- request:
    body: null
    headers:
      Accept:
      - application/json
      Accept-Encoding:
      - gzip, deflate
      CommandName:
      - notification-hub namespace delete
      Connection:
      - keep-alive
      Content-Length:
      - '0'
      ParameterSetName:
      - --resource-group --name -y
      User-Agent:
      - python/3.8.2 (Windows-10-10.0.18362-SP0) msrest/0.6.11 msrest_azure/0.6.2
        azure-mgmt-notificationhubs/2.1.0 Azure-SDK-For-Python AZURECLI/2.3.1 (MSI)
      accept-language:
      - en-US
    method: DELETE
    uri: https://management.azure.com/subscriptions/00000000-0000-0000-0000-000000000000/resourceGroups/cli_test_notificationhubs000001/providers/Microsoft.NotificationHubs/namespaces/my-test-space?api-version=2017-04-01
  response:
    body:
      string: ''
    headers:
      cache-control:
      - no-cache
      content-length:
      - '0'
      date:
      - Wed, 01 Apr 2020 14:19:02 GMT
      expires:
      - '-1'
      location:
      - https://management.azure.com/subscriptions/00000000-0000-0000-0000-000000000000/providers/Microsoft.NotificationHubs/operationresults/my-test-space?api-version=2017-04-01
      pragma:
      - no-cache
      server:
      - Service-Bus-Resource-Provider/CH3
      - Microsoft-HTTPAPI/2.0
      server-sb:
      - Service-Bus-Resource-Provider/CH3
      strict-transport-security:
      - max-age=31536000; includeSubDomains
      x-content-type-options:
      - nosniff
      x-ms-ratelimit-remaining-subscription-deletes:
      - '14999'
    status:
      code: 202
      message: Accepted
- request:
    body: null
    headers:
      Accept:
      - application/json
      Accept-Encoding:
      - gzip, deflate
      CommandName:
      - notification-hub namespace delete
      Connection:
      - keep-alive
      ParameterSetName:
      - --resource-group --name -y
      User-Agent:
      - python/3.8.2 (Windows-10-10.0.18362-SP0) msrest/0.6.11 msrest_azure/0.6.2
        azure-mgmt-notificationhubs/2.1.0 Azure-SDK-For-Python AZURECLI/2.3.1 (MSI)
    method: GET
    uri: https://management.azure.com/subscriptions/00000000-0000-0000-0000-000000000000/providers/Microsoft.NotificationHubs/operationresults/my-test-space?api-version=2017-04-01
  response:
    body:
      string: '{"id":"subscriptions/0b1f64711bf04ddaaec3cb9272f09590/operationsStatus/my-test-space","name":"my-test-space","status":"Completed"}'
    headers:
      cache-control:
      - no-cache
      content-length:
      - '130'
      content-type:
      - application/json; charset=utf-8
      date:
      - Wed, 01 Apr 2020 14:19:33 GMT
      expires:
      - '-1'
      pragma:
      - no-cache
      server:
      - Service-Bus-Resource-Provider/CH3
      - Microsoft-HTTPAPI/2.0
      server-sb:
      - Service-Bus-Resource-Provider/CH3
      strict-transport-security:
      - max-age=31536000; includeSubDomains
      transfer-encoding:
      - chunked
      vary:
      - Accept-Encoding
      x-content-type-options:
      - nosniff
    status:
      code: 200
      message: OK
version: 1
