interactions:
- request:
    body: null
    headers:
      Accept:
      - application/json
      Accept-Encoding:
      - gzip, deflate
      CommandName:
      - network vnet create
      Connection:
      - keep-alive
      ParameterSetName:
      - -n -g
      User-Agent:
      - AZURECLI/2.46.0 azsdk-python-azure-mgmt-resource/21.1.0b1 Python/3.10.10 (Linux-5.15.0-1034-azure-x86_64-with-glibc2.31)
        VSTS_7b238909-6802-4b65-b90d-184bca47f458_build_261_0
    method: GET
    uri: https://management.azure.com/subscriptions/00000000-0000-0000-0000-000000000000/resourcegroups/cli_test_dns_resolver_000001?api-version=2021-04-01
  response:
    body:
      string: '{"id":"/subscriptions/00000000-0000-0000-0000-000000000000/resourceGroups/cli_test_dns_resolver_000001","name":"cli_test_dns_resolver_000001","type":"Microsoft.Resources/resourceGroups","location":"eastus","tags":{"product":"azurecli","cause":"automation","date":"2023-03-16T15:00:08Z"},"properties":{"provisioningState":"Succeeded"}}'
    headers:
      cache-control:
      - no-cache
      content-length:
      - '334'
      content-type:
      - application/json; charset=utf-8
      date:
      - Thu, 16 Mar 2023 15:00:09 GMT
      expires:
      - '-1'
      pragma:
      - no-cache
      strict-transport-security:
      - max-age=31536000; includeSubDomains
      vary:
      - Accept-Encoding
      x-content-type-options:
      - nosniff
    status:
      code: 200
      message: OK
- request:
    body: '{"location": "eastus", "properties": {"addressSpace": {"addressPrefixes":
      ["10.0.0.0/16"]}, "enableDdosProtection": false, "enableVmProtection": false}}'
    headers:
      Accept:
      - application/json
      Accept-Encoding:
      - gzip, deflate
      CommandName:
      - network vnet create
      Connection:
      - keep-alive
      Content-Length:
      - '152'
      Content-Type:
      - application/json
      ParameterSetName:
      - -n -g
      User-Agent:
      - AZURECLI/2.46.0 (AAZ) azsdk-python-core/1.24.0 Python/3.10.10 (Linux-5.15.0-1034-azure-x86_64-with-glibc2.31)
        VSTS_7b238909-6802-4b65-b90d-184bca47f458_build_261_0
    method: PUT
    uri: https://management.azure.com/subscriptions/00000000-0000-0000-0000-000000000000/resourceGroups/cli_test_dns_resolver_000001/providers/Microsoft.Network/virtualNetworks/vnet-000005?api-version=2022-01-01
  response:
    body:
      string: "{\r\n  \"name\": \"vnet-000005\",\r\n  \"id\": \"/subscriptions/00000000-0000-0000-0000-000000000000/resourceGroups/cli_test_dns_resolver_000001/providers/Microsoft.Network/virtualNetworks/vnet-000005\",\r\n
        \ \"etag\": \"W/\\\"84a2749a-4c73-4b2c-b7b4-9854685b3b9e\\\"\",\r\n  \"type\":
        \"Microsoft.Network/virtualNetworks\",\r\n  \"location\": \"eastus\",\r\n
        \ \"properties\": {\r\n    \"provisioningState\": \"Updating\",\r\n    \"resourceGuid\":
        \"220058b7-8c6e-46d7-accf-c53b812e5b1d\",\r\n    \"addressSpace\": {\r\n      \"addressPrefixes\":
        [\r\n        \"10.0.0.0/16\"\r\n      ]\r\n    },\r\n    \"subnets\": [],\r\n
        \   \"virtualNetworkPeerings\": [],\r\n    \"enableDdosProtection\": false\r\n
        \ }\r\n}"
    headers:
      azure-asyncnotification:
      - Enabled
      azure-asyncoperation:
      - https://management.azure.com/subscriptions/00000000-0000-0000-0000-000000000000/providers/Microsoft.Network/locations/eastus/operations/bd01c8db-91e5-49df-abd6-e70f7d7ecfde?api-version=2022-01-01
      cache-control:
      - no-cache
      content-length:
      - '628'
      content-type:
      - application/json; charset=utf-8
      date:
      - Thu, 16 Mar 2023 15:00:10 GMT
      expires:
      - '-1'
      pragma:
      - no-cache
      server:
      - Microsoft-HTTPAPI/2.0
      - Microsoft-HTTPAPI/2.0
      strict-transport-security:
      - max-age=31536000; includeSubDomains
      x-content-type-options:
      - nosniff
      x-ms-arm-service-request-id:
      - 9c3b283c-5de0-4762-b858-0c8c5e86b2e3
      x-ms-ratelimit-remaining-subscription-writes:
      - '1191'
    status:
      code: 201
      message: Created
- request:
    body: null
    headers:
      Accept:
      - '*/*'
      Accept-Encoding:
      - gzip, deflate
      CommandName:
      - network vnet create
      Connection:
      - keep-alive
      ParameterSetName:
      - -n -g
      User-Agent:
      - AZURECLI/2.46.0 (AAZ) azsdk-python-core/1.24.0 Python/3.10.10 (Linux-5.15.0-1034-azure-x86_64-with-glibc2.31)
        VSTS_7b238909-6802-4b65-b90d-184bca47f458_build_261_0
    method: GET
    uri: https://management.azure.com/subscriptions/00000000-0000-0000-0000-000000000000/providers/Microsoft.Network/locations/eastus/operations/bd01c8db-91e5-49df-abd6-e70f7d7ecfde?api-version=2022-01-01
  response:
    body:
      string: "{\r\n  \"status\": \"Succeeded\"\r\n}"
    headers:
      cache-control:
      - no-cache
      content-length:
      - '29'
      content-type:
      - application/json; charset=utf-8
      date:
      - Thu, 16 Mar 2023 15:00:13 GMT
      expires:
      - '-1'
      pragma:
      - no-cache
      server:
      - Microsoft-HTTPAPI/2.0
      - Microsoft-HTTPAPI/2.0
      strict-transport-security:
      - max-age=31536000; includeSubDomains
      transfer-encoding:
      - chunked
      vary:
      - Accept-Encoding
      x-content-type-options:
      - nosniff
      x-ms-arm-service-request-id:
      - 93bbf864-450f-464b-8f46-14da0d9cc532
    status:
      code: 200
      message: OK
- request:
    body: null
    headers:
      Accept:
      - '*/*'
      Accept-Encoding:
      - gzip, deflate
      CommandName:
      - network vnet create
      Connection:
      - keep-alive
      ParameterSetName:
      - -n -g
      User-Agent:
      - AZURECLI/2.46.0 (AAZ) azsdk-python-core/1.24.0 Python/3.10.10 (Linux-5.15.0-1034-azure-x86_64-with-glibc2.31)
        VSTS_7b238909-6802-4b65-b90d-184bca47f458_build_261_0
    method: GET
    uri: https://management.azure.com/subscriptions/00000000-0000-0000-0000-000000000000/resourceGroups/cli_test_dns_resolver_000001/providers/Microsoft.Network/virtualNetworks/vnet-000005?api-version=2022-01-01
  response:
    body:
      string: "{\r\n  \"name\": \"vnet-000005\",\r\n  \"id\": \"/subscriptions/00000000-0000-0000-0000-000000000000/resourceGroups/cli_test_dns_resolver_000001/providers/Microsoft.Network/virtualNetworks/vnet-000005\",\r\n
        \ \"etag\": \"W/\\\"58cdec8a-cbf1-433b-8f29-9fca7a225f08\\\"\",\r\n  \"type\":
        \"Microsoft.Network/virtualNetworks\",\r\n  \"location\": \"eastus\",\r\n
        \ \"properties\": {\r\n    \"provisioningState\": \"Succeeded\",\r\n    \"resourceGuid\":
        \"220058b7-8c6e-46d7-accf-c53b812e5b1d\",\r\n    \"addressSpace\": {\r\n      \"addressPrefixes\":
        [\r\n        \"10.0.0.0/16\"\r\n      ]\r\n    },\r\n    \"subnets\": [],\r\n
        \   \"virtualNetworkPeerings\": [],\r\n    \"enableDdosProtection\": false\r\n
        \ }\r\n}"
    headers:
      cache-control:
      - no-cache
      content-length:
      - '629'
      content-type:
      - application/json; charset=utf-8
      date:
      - Thu, 16 Mar 2023 15:00:13 GMT
      etag:
      - W/"58cdec8a-cbf1-433b-8f29-9fca7a225f08"
      expires:
      - '-1'
      pragma:
      - no-cache
      server:
      - Microsoft-HTTPAPI/2.0
      - Microsoft-HTTPAPI/2.0
      strict-transport-security:
      - max-age=31536000; includeSubDomains
      transfer-encoding:
      - chunked
      vary:
      - Accept-Encoding
      x-content-type-options:
      - nosniff
      x-ms-arm-service-request-id:
      - 5a3fe453-1434-4dfc-8ce3-183a8ec00cfe
    status:
      code: 200
      message: OK
- request:
    body: '{"name": "subnet-000006", "properties": {"addressPrefix": "10.0.0.0/24"}}'
    headers:
      Accept:
      - application/json
      Accept-Encoding:
      - gzip, deflate
      CommandName:
      - network vnet subnet create
      Connection:
      - keep-alive
      Content-Length:
      - '73'
      Content-Type:
      - application/json
      ParameterSetName:
      - -n -g --vnet-name --address-prefixes
      User-Agent:
      - AZURECLI/2.46.0 (AAZ) azsdk-python-core/1.24.0 Python/3.10.10 (Linux-5.15.0-1034-azure-x86_64-with-glibc2.31)
        VSTS_7b238909-6802-4b65-b90d-184bca47f458_build_261_0
    method: PUT
    uri: https://management.azure.com/subscriptions/00000000-0000-0000-0000-000000000000/resourceGroups/cli_test_dns_resolver_000001/providers/Microsoft.Network/virtualNetworks/vnet-000005/subnets/subnet-000006?api-version=2022-01-01
  response:
    body:
      string: "{\r\n  \"name\": \"subnet-000006\",\r\n  \"id\": \"/subscriptions/00000000-0000-0000-0000-000000000000/resourceGroups/cli_test_dns_resolver_000001/providers/Microsoft.Network/virtualNetworks/vnet-000005/subnets/subnet-000006\",\r\n
        \ \"etag\": \"W/\\\"779e8fe8-d32b-4ed1-8050-6fa99e6e84ab\\\"\",\r\n  \"properties\":
        {\r\n    \"provisioningState\": \"Updating\",\r\n    \"addressPrefix\": \"10.0.0.0/24\",\r\n
        \   \"delegations\": [],\r\n    \"privateEndpointNetworkPolicies\": \"Disabled\",\r\n
        \   \"privateLinkServiceNetworkPolicies\": \"Enabled\"\r\n  },\r\n  \"type\":
        \"Microsoft.Network/virtualNetworks/subnets\"\r\n}"
    headers:
      azure-asyncnotification:
      - Enabled
      azure-asyncoperation:
      - https://management.azure.com/subscriptions/00000000-0000-0000-0000-000000000000/providers/Microsoft.Network/locations/eastus/operations/ab735975-301a-49a4-8d54-cfc93f0b65e0?api-version=2022-01-01
      cache-control:
      - no-cache
      content-length:
      - '557'
      content-type:
      - application/json; charset=utf-8
      date:
      - Thu, 16 Mar 2023 15:00:14 GMT
      expires:
      - '-1'
      pragma:
      - no-cache
      server:
      - Microsoft-HTTPAPI/2.0
      - Microsoft-HTTPAPI/2.0
      strict-transport-security:
      - max-age=31536000; includeSubDomains
      x-content-type-options:
      - nosniff
      x-ms-arm-service-request-id:
      - d509db25-0394-400e-b59f-a5bc0bcd49ac
      x-ms-ratelimit-remaining-subscription-writes:
      - '1189'
    status:
      code: 201
      message: Created
- request:
    body: null
    headers:
      Accept:
      - '*/*'
      Accept-Encoding:
      - gzip, deflate
      CommandName:
      - network vnet subnet create
      Connection:
      - keep-alive
      ParameterSetName:
      - -n -g --vnet-name --address-prefixes
      User-Agent:
      - AZURECLI/2.46.0 (AAZ) azsdk-python-core/1.24.0 Python/3.10.10 (Linux-5.15.0-1034-azure-x86_64-with-glibc2.31)
        VSTS_7b238909-6802-4b65-b90d-184bca47f458_build_261_0
    method: GET
    uri: https://management.azure.com/subscriptions/00000000-0000-0000-0000-000000000000/providers/Microsoft.Network/locations/eastus/operations/ab735975-301a-49a4-8d54-cfc93f0b65e0?api-version=2022-01-01
  response:
    body:
      string: "{\r\n  \"status\": \"Succeeded\"\r\n}"
    headers:
      cache-control:
      - no-cache
      content-length:
      - '29'
      content-type:
      - application/json; charset=utf-8
      date:
      - Thu, 16 Mar 2023 15:00:17 GMT
      expires:
      - '-1'
      pragma:
      - no-cache
      server:
      - Microsoft-HTTPAPI/2.0
      - Microsoft-HTTPAPI/2.0
      strict-transport-security:
      - max-age=31536000; includeSubDomains
      x-content-type-options:
      - nosniff
      x-ms-arm-service-request-id:
      - 6fb451df-2d77-48fe-9204-4a798b3fc4f8
    status:
      code: 200
      message: OK
- request:
    body: null
    headers:
      Accept:
      - '*/*'
      Accept-Encoding:
      - gzip, deflate
      CommandName:
      - network vnet subnet create
      Connection:
      - keep-alive
      ParameterSetName:
      - -n -g --vnet-name --address-prefixes
      User-Agent:
      - AZURECLI/2.46.0 (AAZ) azsdk-python-core/1.24.0 Python/3.10.10 (Linux-5.15.0-1034-azure-x86_64-with-glibc2.31)
        VSTS_7b238909-6802-4b65-b90d-184bca47f458_build_261_0
    method: GET
    uri: https://management.azure.com/subscriptions/00000000-0000-0000-0000-000000000000/resourceGroups/cli_test_dns_resolver_000001/providers/Microsoft.Network/virtualNetworks/vnet-000005/subnets/subnet-000006?api-version=2022-01-01
  response:
    body:
      string: "{\r\n  \"name\": \"subnet-000006\",\r\n  \"id\": \"/subscriptions/00000000-0000-0000-0000-000000000000/resourceGroups/cli_test_dns_resolver_000001/providers/Microsoft.Network/virtualNetworks/vnet-000005/subnets/subnet-000006\",\r\n
        \ \"etag\": \"W/\\\"7d73840a-1afc-4417-82bd-891ec9c10c4e\\\"\",\r\n  \"properties\":
        {\r\n    \"provisioningState\": \"Succeeded\",\r\n    \"addressPrefix\": \"10.0.0.0/24\",\r\n
        \   \"delegations\": [],\r\n    \"privateEndpointNetworkPolicies\": \"Disabled\",\r\n
        \   \"privateLinkServiceNetworkPolicies\": \"Enabled\"\r\n  },\r\n  \"type\":
        \"Microsoft.Network/virtualNetworks/subnets\"\r\n}"
    headers:
      cache-control:
      - no-cache
      content-length:
      - '558'
      content-type:
      - application/json; charset=utf-8
      date:
      - Thu, 16 Mar 2023 15:00:17 GMT
      etag:
      - W/"7d73840a-1afc-4417-82bd-891ec9c10c4e"
      expires:
      - '-1'
      pragma:
      - no-cache
      server:
      - Microsoft-HTTPAPI/2.0
      - Microsoft-HTTPAPI/2.0
      strict-transport-security:
      - max-age=31536000; includeSubDomains
      x-content-type-options:
      - nosniff
      x-ms-arm-service-request-id:
      - 9721d44b-6432-4297-bdbe-7551943af9f8
    status:
      code: 200
      message: OK
- request:
    body: null
    headers:
      Accept:
      - application/json
      Accept-Encoding:
      - gzip, deflate
      CommandName:
      - network vnet show
      Connection:
      - keep-alive
      ParameterSetName:
      - -n -g
      User-Agent:
      - AZURECLI/2.46.0 (AAZ) azsdk-python-core/1.24.0 Python/3.10.10 (Linux-5.15.0-1034-azure-x86_64-with-glibc2.31)
        VSTS_7b238909-6802-4b65-b90d-184bca47f458_build_261_0
    method: GET
    uri: https://management.azure.com/subscriptions/00000000-0000-0000-0000-000000000000/resourceGroups/cli_test_dns_resolver_000001/providers/Microsoft.Network/virtualNetworks/vnet-000005?api-version=2022-01-01
  response:
    body:
      string: "{\r\n  \"name\": \"vnet-000005\",\r\n  \"id\": \"/subscriptions/00000000-0000-0000-0000-000000000000/resourceGroups/cli_test_dns_resolver_000001/providers/Microsoft.Network/virtualNetworks/vnet-000005\",\r\n
        \ \"etag\": \"W/\\\"7d73840a-1afc-4417-82bd-891ec9c10c4e\\\"\",\r\n  \"type\":
        \"Microsoft.Network/virtualNetworks\",\r\n  \"location\": \"eastus\",\r\n
        \ \"properties\": {\r\n    \"provisioningState\": \"Succeeded\",\r\n    \"resourceGuid\":
        \"220058b7-8c6e-46d7-accf-c53b812e5b1d\",\r\n    \"addressSpace\": {\r\n      \"addressPrefixes\":
        [\r\n        \"10.0.0.0/16\"\r\n      ]\r\n    },\r\n    \"subnets\": [\r\n
        \     {\r\n        \"name\": \"subnet-000006\",\r\n        \"id\": \"/subscriptions/00000000-0000-0000-0000-000000000000/resourceGroups/cli_test_dns_resolver_000001/providers/Microsoft.Network/virtualNetworks/vnet-000005/subnets/subnet-000006\",\r\n
        \       \"etag\": \"W/\\\"7d73840a-1afc-4417-82bd-891ec9c10c4e\\\"\",\r\n
        \       \"properties\": {\r\n          \"provisioningState\": \"Succeeded\",\r\n
        \         \"addressPrefix\": \"10.0.0.0/24\",\r\n          \"delegations\":
        [],\r\n          \"privateEndpointNetworkPolicies\": \"Disabled\",\r\n          \"privateLinkServiceNetworkPolicies\":
        \"Enabled\"\r\n        },\r\n        \"type\": \"Microsoft.Network/virtualNetworks/subnets\"\r\n
        \     }\r\n    ],\r\n    \"virtualNetworkPeerings\": [],\r\n    \"enableDdosProtection\":
        false\r\n  }\r\n}"
    headers:
      cache-control:
      - no-cache
      content-length:
      - '1273'
      content-type:
      - application/json; charset=utf-8
      date:
      - Thu, 16 Mar 2023 15:00:17 GMT
      etag:
      - W/"7d73840a-1afc-4417-82bd-891ec9c10c4e"
      expires:
      - '-1'
      pragma:
      - no-cache
      server:
      - Microsoft-HTTPAPI/2.0
      - Microsoft-HTTPAPI/2.0
      strict-transport-security:
      - max-age=31536000; includeSubDomains
      x-content-type-options:
      - nosniff
      x-ms-arm-service-request-id:
      - 7ed7bf51-7c7b-4ea9-8bf0-46b6668bd277
    status:
      code: 200
      message: OK
- request:
    body: null
    headers:
      Accept:
      - application/json
      Accept-Encoding:
      - gzip, deflate
      CommandName:
      - network vnet subnet show
      Connection:
      - keep-alive
      ParameterSetName:
      - -n -g --vnet-name
      User-Agent:
      - AZURECLI/2.46.0 (AAZ) azsdk-python-core/1.24.0 Python/3.10.10 (Linux-5.15.0-1034-azure-x86_64-with-glibc2.31)
        VSTS_7b238909-6802-4b65-b90d-184bca47f458_build_261_0
    method: GET
    uri: https://management.azure.com/subscriptions/00000000-0000-0000-0000-000000000000/resourceGroups/cli_test_dns_resolver_000001/providers/Microsoft.Network/virtualNetworks/vnet-000005/subnets/subnet-000006?api-version=2022-01-01
  response:
    body:
      string: "{\r\n  \"name\": \"subnet-000006\",\r\n  \"id\": \"/subscriptions/00000000-0000-0000-0000-000000000000/resourceGroups/cli_test_dns_resolver_000001/providers/Microsoft.Network/virtualNetworks/vnet-000005/subnets/subnet-000006\",\r\n
        \ \"etag\": \"W/\\\"7d73840a-1afc-4417-82bd-891ec9c10c4e\\\"\",\r\n  \"properties\":
        {\r\n    \"provisioningState\": \"Succeeded\",\r\n    \"addressPrefix\": \"10.0.0.0/24\",\r\n
        \   \"delegations\": [],\r\n    \"privateEndpointNetworkPolicies\": \"Disabled\",\r\n
        \   \"privateLinkServiceNetworkPolicies\": \"Enabled\"\r\n  },\r\n  \"type\":
        \"Microsoft.Network/virtualNetworks/subnets\"\r\n}"
    headers:
      cache-control:
      - no-cache
      content-length:
      - '558'
      content-type:
      - application/json; charset=utf-8
      date:
      - Thu, 16 Mar 2023 15:00:17 GMT
      etag:
      - W/"7d73840a-1afc-4417-82bd-891ec9c10c4e"
      expires:
      - '-1'
      pragma:
      - no-cache
      server:
      - Microsoft-HTTPAPI/2.0
      - Microsoft-HTTPAPI/2.0
      strict-transport-security:
      - max-age=31536000; includeSubDomains
      transfer-encoding:
      - chunked
      vary:
      - Accept-Encoding
      x-content-type-options:
      - nosniff
      x-ms-arm-service-request-id:
      - 1fbfcfb2-a9cf-4769-b611-f56375a40e44
    status:
      code: 200
      message: OK
- request:
    body: null
    headers:
      Accept:
      - application/json
      Accept-Encoding:
      - gzip, deflate
      CommandName:
      - dns-resolver create
      Connection:
      - keep-alive
      ParameterSetName:
      - -n -g --id
      User-Agent:
      - AZURECLI/2.46.0 azsdk-python-azure-mgmt-resource/21.1.0b1 Python/3.10.10 (Linux-5.15.0-1034-azure-x86_64-with-glibc2.31)
        VSTS_7b238909-6802-4b65-b90d-184bca47f458_build_261_0
    method: GET
    uri: https://management.azure.com/subscriptions/00000000-0000-0000-0000-000000000000/resourcegroups/cli_test_dns_resolver_000001?api-version=2021-04-01
  response:
    body:
      string: '{"id":"/subscriptions/00000000-0000-0000-0000-000000000000/resourceGroups/cli_test_dns_resolver_000001","name":"cli_test_dns_resolver_000001","type":"Microsoft.Resources/resourceGroups","location":"eastus","tags":{"product":"azurecli","cause":"automation","date":"2023-03-16T15:00:08Z"},"properties":{"provisioningState":"Succeeded"}}'
    headers:
      cache-control:
      - no-cache
      content-length:
      - '334'
      content-type:
      - application/json; charset=utf-8
      date:
      - Thu, 16 Mar 2023 15:00:17 GMT
      expires:
      - '-1'
      pragma:
      - no-cache
      strict-transport-security:
      - max-age=31536000; includeSubDomains
      vary:
      - Accept-Encoding
      x-content-type-options:
      - nosniff
    status:
      code: 200
      message: OK
- request:
    body: '{"location": "eastus", "properties": {"virtualNetwork": {"id": "/subscriptions/00000000-0000-0000-0000-000000000000/resourceGroups/cli_test_dns_resolver_000001/providers/Microsoft.Network/virtualNetworks/vnet-000005"}}}'
    headers:
      Accept:
      - application/json
      Accept-Encoding:
      - gzip, deflate
      CommandName:
      - dns-resolver create
      Connection:
      - keep-alive
      Content-Length:
      - '219'
      Content-Type:
      - application/json
      ParameterSetName:
      - -n -g --id
      User-Agent:
      - AZURECLI/2.46.0 (AAZ) azsdk-python-core/1.24.0 Python/3.10.10 (Linux-5.15.0-1034-azure-x86_64-with-glibc2.31)
        VSTS_7b238909-6802-4b65-b90d-184bca47f458_build_261_0
    method: PUT
    uri: https://management.azure.com/subscriptions/00000000-0000-0000-0000-000000000000/resourceGroups/cli_test_dns_resolver_000001/providers/Microsoft.Network/dnsResolvers/dns-resolver-000004?api-version=2022-07-01
  response:
    body:
      string: '{}'
    headers:
      azure-asyncoperation:
      - https://management.azure.com/subscriptions/00000000-0000-0000-0000-000000000000/resourceGroups/cli_test_dns_resolver_000001/providers/Microsoft.Network/locations/eastus/dnsResolverOperationStatuses/eyJPcGVyYXRpb25UeXBlIjoiVXBzZXJ0RG5zUmVzb2x2ZXIiLCJPcGVyYXRpb25JZCI6ImNlMDFjYmJiLTgwMmYtNDVkZS1iZDUwLTkyN2M5MDQ1OTEwNyJ9?api-version=2022-07-01
      cache-control:
      - no-cache
      content-length:
      - '2'
      content-type:
      - application/json; charset=utf-8
      date:
      - Thu, 16 Mar 2023 15:00:18 GMT
      expires:
      - '-1'
      location:
      - https://management.azure.com/subscriptions/00000000-0000-0000-0000-000000000000/resourceGroups/cli_test_dns_resolver_000001/providers/Microsoft.Network/locations/eastus/dnsResolverOperationResults/eyJPcGVyYXRpb25UeXBlIjoiVXBzZXJ0RG5zUmVzb2x2ZXIiLCJPcGVyYXRpb25JZCI6ImNlMDFjYmJiLTgwMmYtNDVkZS1iZDUwLTkyN2M5MDQ1OTEwNyJ9?api-version=2022-07-01
      pragma:
      - no-cache
      server:
      - Kestrel
      strict-transport-security:
      - max-age=31536000; includeSubDomains
      x-content-type-options:
      - nosniff
      x-ms-activity-id:
      - eb17c148-ec4d-4fa2-8394-eeb568057e8c
      x-ms-ratelimit-remaining-subscription-resource-requests:
      - '11999'
    status:
      code: 202
      message: Accepted
- request:
    body: null
    headers:
      Accept:
      - '*/*'
      Accept-Encoding:
      - gzip, deflate
      CommandName:
      - dns-resolver create
      Connection:
      - keep-alive
      ParameterSetName:
      - -n -g --id
      User-Agent:
      - AZURECLI/2.46.0 (AAZ) azsdk-python-core/1.24.0 Python/3.10.10 (Linux-5.15.0-1034-azure-x86_64-with-glibc2.31)
        VSTS_7b238909-6802-4b65-b90d-184bca47f458_build_261_0
    method: GET
    uri: https://management.azure.com/subscriptions/00000000-0000-0000-0000-000000000000/resourceGroups/cli_test_dns_resolver_000001/providers/Microsoft.Network/locations/eastus/dnsResolverOperationStatuses/eyJPcGVyYXRpb25UeXBlIjoiVXBzZXJ0RG5zUmVzb2x2ZXIiLCJPcGVyYXRpb25JZCI6ImNlMDFjYmJiLTgwMmYtNDVkZS1iZDUwLTkyN2M5MDQ1OTEwNyJ9?api-version=2022-07-01
  response:
    body:
      string: '{"id":"/subscriptions/00000000-0000-0000-0000-000000000000/resourceGroups/cli_test_dns_resolver_000001/providers/Microsoft.Network/locations/eastus/dnsResolverOperationStatuses/eyJPcGVyYXRpb25UeXBlIjoiVXBzZXJ0RG5zUmVzb2x2ZXIiLCJPcGVyYXRpb25JZCI6ImNlMDFjYmJiLTgwMmYtNDVkZS1iZDUwLTkyN2M5MDQ1OTEwNyJ9","name":"eyJPcGVyYXRpb25UeXBlIjoiVXBzZXJ0RG5zUmVzb2x2ZXIiLCJPcGVyYXRpb25JZCI6ImNlMDFjYmJiLTgwMmYtNDVkZS1iZDUwLTkyN2M5MDQ1OTEwNyJ9","startTime":"2023-03-16T15:00:19.0000000Z","endTime":"2023-03-16T15:00:24.0000000Z","status":"Succeeded"}'
    headers:
      cache-control:
      - no-cache
      content-length:
      - '534'
      content-type:
      - application/json; charset=utf-8
      date:
      - Thu, 16 Mar 2023 15:00:23 GMT
      expires:
      - '-1'
      pragma:
      - no-cache
      server:
      - Kestrel
      strict-transport-security:
      - max-age=31536000; includeSubDomains
      transfer-encoding:
      - chunked
      vary:
      - Accept-Encoding
      x-content-type-options:
      - nosniff
      x-ms-activity-id:
      - 91c123cc-8bd6-4142-a7b2-736431c9c648
      x-ms-ratelimit-remaining-subscription-resource-requests:
      - '499'
    status:
      code: 200
      message: OK
- request:
    body: null
    headers:
      Accept:
      - '*/*'
      Accept-Encoding:
      - gzip, deflate
      CommandName:
      - dns-resolver create
      Connection:
      - keep-alive
      ParameterSetName:
      - -n -g --id
      User-Agent:
      - AZURECLI/2.46.0 (AAZ) azsdk-python-core/1.24.0 Python/3.10.10 (Linux-5.15.0-1034-azure-x86_64-with-glibc2.31)
        VSTS_7b238909-6802-4b65-b90d-184bca47f458_build_261_0
    method: GET
    uri: https://management.azure.com/subscriptions/00000000-0000-0000-0000-000000000000/resourceGroups/cli_test_dns_resolver_000001/providers/Microsoft.Network/dnsResolvers/dns-resolver-000004?api-version=2022-07-01
  response:
    body:
      string: '{"properties":{"virtualNetwork":{"id":"/subscriptions/00000000-0000-0000-0000-000000000000/resourceGroups/cli_test_dns_resolver_000001/providers/Microsoft.Network/virtualNetworks/vnet-000005"},"dnsResolverState":"Connected","provisioningState":"Succeeded","resourceGuid":"618b395e-1b04-4d2f-8de6-4aa3b840bdc8"},"etag":"\"08009f58-0000-0100-0000-64132f070000\"","location":"eastus","id":"/subscriptions/00000000-0000-0000-0000-000000000000/resourceGroups/cli_test_dns_resolver_000001/providers/Microsoft.Network/dnsResolvers/dns-resolver-000004","name":"dns-resolver-000004","type":"Microsoft.Network/dnsResolvers","systemData":{"createdAt":"2023-03-16T15:00:19.0172862Z","createdByType":"User","lastModifiedAt":"2023-03-16T15:00:19.0172862Z","lastModifiedByType":"User"}}'
    headers:
      cache-control:
      - no-cache
      content-length:
      - '771'
      content-type:
      - application/json; charset=utf-8
      date:
      - Thu, 16 Mar 2023 15:00:23 GMT
      expires:
      - '-1'
      pragma:
      - no-cache
      server:
      - Kestrel
      strict-transport-security:
      - max-age=31536000; includeSubDomains
      transfer-encoding:
      - chunked
      vary:
      - Accept-Encoding
      x-content-type-options:
      - nosniff
      x-ms-activity-id:
      - 8191c3e8-f520-47f5-8c96-35d96c95d25a
      x-ms-ratelimit-remaining-subscription-resource-requests:
      - '499'
    status:
      code: 200
      message: OK
- request:
    body: null
    headers:
      Accept:
      - application/json
      Accept-Encoding:
      - gzip, deflate
      CommandName:
      - dns-resolver outbound-endpoint create
      Connection:
      - keep-alive
      ParameterSetName:
      - -n -g --dns-resolver-name --id
      User-Agent:
      - AZURECLI/2.46.0 azsdk-python-azure-mgmt-resource/21.1.0b1 Python/3.10.10 (Linux-5.15.0-1034-azure-x86_64-with-glibc2.31)
        VSTS_7b238909-6802-4b65-b90d-184bca47f458_build_261_0
    method: GET
    uri: https://management.azure.com/subscriptions/00000000-0000-0000-0000-000000000000/resourcegroups/cli_test_dns_resolver_000001?api-version=2021-04-01
  response:
    body:
      string: '{"id":"/subscriptions/00000000-0000-0000-0000-000000000000/resourceGroups/cli_test_dns_resolver_000001","name":"cli_test_dns_resolver_000001","type":"Microsoft.Resources/resourceGroups","location":"eastus","tags":{"product":"azurecli","cause":"automation","date":"2023-03-16T15:00:08Z"},"properties":{"provisioningState":"Succeeded"}}'
    headers:
      cache-control:
      - no-cache
      content-length:
      - '334'
      content-type:
      - application/json; charset=utf-8
      date:
      - Thu, 16 Mar 2023 15:00:23 GMT
      expires:
      - '-1'
      pragma:
      - no-cache
      strict-transport-security:
      - max-age=31536000; includeSubDomains
      vary:
      - Accept-Encoding
      x-content-type-options:
      - nosniff
    status:
      code: 200
      message: OK
- request:
    body: '{"location": "eastus", "properties": {"subnet": {"id": "/subscriptions/00000000-0000-0000-0000-000000000000/resourceGroups/cli_test_dns_resolver_000001/providers/Microsoft.Network/virtualNetworks/vnet-000005/subnets/subnet-000006"}}}'
    headers:
      Accept:
      - application/json
      Accept-Encoding:
      - gzip, deflate
      CommandName:
      - dns-resolver outbound-endpoint create
      Connection:
      - keep-alive
      Content-Length:
      - '233'
      Content-Type:
      - application/json
      ParameterSetName:
      - -n -g --dns-resolver-name --id
      User-Agent:
      - AZURECLI/2.46.0 (AAZ) azsdk-python-core/1.24.0 Python/3.10.10 (Linux-5.15.0-1034-azure-x86_64-with-glibc2.31)
        VSTS_7b238909-6802-4b65-b90d-184bca47f458_build_261_0
    method: PUT
    uri: https://management.azure.com/subscriptions/00000000-0000-0000-0000-000000000000/resourceGroups/cli_test_dns_resolver_000001/providers/Microsoft.Network/dnsResolvers/dns-resolver-000004/outboundEndpoints/endpoint-000003?api-version=2022-07-01
  response:
    body:
      string: '{}'
    headers:
      azure-asyncoperation:
      - https://management.azure.com/subscriptions/00000000-0000-0000-0000-000000000000/resourceGroups/cli_test_dns_resolver_000001/providers/Microsoft.Network/locations/eastus/dnsResolverOperationStatuses/eyJPcGVyYXRpb25UeXBlIjoiVXBzZXJ0T3V0Ym91bmRFbmRwb2ludCIsIk9wZXJhdGlvbklkIjoiMmQyOTM1Y2ItMzEyNi00NzNlLWE5NzQtMDhhNDA0OTBhOTExIn0=?api-version=2022-07-01
      cache-control:
      - no-cache
      content-length:
      - '2'
      content-type:
      - application/json; charset=utf-8
      date:
      - Thu, 16 Mar 2023 15:00:24 GMT
      expires:
      - '-1'
      location:
      - https://management.azure.com/subscriptions/00000000-0000-0000-0000-000000000000/resourceGroups/cli_test_dns_resolver_000001/providers/Microsoft.Network/locations/eastus/dnsResolverOperationResults/eyJPcGVyYXRpb25UeXBlIjoiVXBzZXJ0T3V0Ym91bmRFbmRwb2ludCIsIk9wZXJhdGlvbklkIjoiMmQyOTM1Y2ItMzEyNi00NzNlLWE5NzQtMDhhNDA0OTBhOTExIn0=?api-version=2022-07-01
      pragma:
      - no-cache
      server:
      - Kestrel
      strict-transport-security:
      - max-age=31536000; includeSubDomains
      x-content-type-options:
      - nosniff
      x-ms-activity-id:
      - 5b8a8ff3-65ad-48ed-b010-5d8deeb05ba7
      x-ms-ratelimit-remaining-subscription-resource-requests:
      - '11999'
    status:
      code: 202
      message: Accepted
- request:
    body: null
    headers:
      Accept:
      - '*/*'
      Accept-Encoding:
      - gzip, deflate
      CommandName:
      - dns-resolver outbound-endpoint create
      Connection:
      - keep-alive
      ParameterSetName:
      - -n -g --dns-resolver-name --id
      User-Agent:
      - AZURECLI/2.46.0 (AAZ) azsdk-python-core/1.24.0 Python/3.10.10 (Linux-5.15.0-1034-azure-x86_64-with-glibc2.31)
        VSTS_7b238909-6802-4b65-b90d-184bca47f458_build_261_0
    method: GET
    uri: https://management.azure.com/subscriptions/00000000-0000-0000-0000-000000000000/resourceGroups/cli_test_dns_resolver_000001/providers/Microsoft.Network/locations/eastus/dnsResolverOperationStatuses/eyJPcGVyYXRpb25UeXBlIjoiVXBzZXJ0T3V0Ym91bmRFbmRwb2ludCIsIk9wZXJhdGlvbklkIjoiMmQyOTM1Y2ItMzEyNi00NzNlLWE5NzQtMDhhNDA0OTBhOTExIn0=?api-version=2022-07-01
  response:
    body:
      string: '{"id":"/subscriptions/00000000-0000-0000-0000-000000000000/resourceGroups/cli_test_dns_resolver_000001/providers/Microsoft.Network/locations/eastus/dnsResolverOperationStatuses/eyJPcGVyYXRpb25UeXBlIjoiVXBzZXJ0T3V0Ym91bmRFbmRwb2ludCIsIk9wZXJhdGlvbklkIjoiMmQyOTM1Y2ItMzEyNi00NzNlLWE5NzQtMDhhNDA0OTBhOTExIn0=","name":"eyJPcGVyYXRpb25UeXBlIjoiVXBzZXJ0T3V0Ym91bmRFbmRwb2ludCIsIk9wZXJhdGlvbklkIjoiMmQyOTM1Y2ItMzEyNi00NzNlLWE5NzQtMDhhNDA0OTBhOTExIn0=","startTime":"2023-03-16T15:00:25.0000000Z","status":"InProgress"}'
    headers:
      cache-control:
      - no-cache
      content-length:
      - '510'
      content-type:
      - application/json; charset=utf-8
      date:
      - Thu, 16 Mar 2023 15:00:29 GMT
      expires:
      - '-1'
      pragma:
      - no-cache
      server:
      - Kestrel
      strict-transport-security:
      - max-age=31536000; includeSubDomains
      x-content-type-options:
      - nosniff
      x-ms-activity-id:
      - d220aa6b-b027-4228-a3ff-983a8294cddd
      x-ms-ratelimit-remaining-subscription-resource-requests:
      - '495'
    status:
      code: 200
      message: OK
- request:
    body: null
    headers:
      Accept:
      - '*/*'
      Accept-Encoding:
      - gzip, deflate
      CommandName:
      - dns-resolver outbound-endpoint create
      Connection:
      - keep-alive
      ParameterSetName:
      - -n -g --dns-resolver-name --id
      User-Agent:
      - AZURECLI/2.46.0 (AAZ) azsdk-python-core/1.24.0 Python/3.10.10 (Linux-5.15.0-1034-azure-x86_64-with-glibc2.31)
        VSTS_7b238909-6802-4b65-b90d-184bca47f458_build_261_0
    method: GET
    uri: https://management.azure.com/subscriptions/00000000-0000-0000-0000-000000000000/resourceGroups/cli_test_dns_resolver_000001/providers/Microsoft.Network/locations/eastus/dnsResolverOperationStatuses/eyJPcGVyYXRpb25UeXBlIjoiVXBzZXJ0T3V0Ym91bmRFbmRwb2ludCIsIk9wZXJhdGlvbklkIjoiMmQyOTM1Y2ItMzEyNi00NzNlLWE5NzQtMDhhNDA0OTBhOTExIn0=?api-version=2022-07-01
  response:
    body:
      string: '{"id":"/subscriptions/00000000-0000-0000-0000-000000000000/resourceGroups/cli_test_dns_resolver_000001/providers/Microsoft.Network/locations/eastus/dnsResolverOperationStatuses/eyJPcGVyYXRpb25UeXBlIjoiVXBzZXJ0T3V0Ym91bmRFbmRwb2ludCIsIk9wZXJhdGlvbklkIjoiMmQyOTM1Y2ItMzEyNi00NzNlLWE5NzQtMDhhNDA0OTBhOTExIn0=","name":"eyJPcGVyYXRpb25UeXBlIjoiVXBzZXJ0T3V0Ym91bmRFbmRwb2ludCIsIk9wZXJhdGlvbklkIjoiMmQyOTM1Y2ItMzEyNi00NzNlLWE5NzQtMDhhNDA0OTBhOTExIn0=","startTime":"2023-03-16T15:00:25.0000000Z","status":"InProgress"}'
    headers:
      cache-control:
      - no-cache
      content-length:
      - '510'
      content-type:
      - application/json; charset=utf-8
      date:
      - Thu, 16 Mar 2023 15:01:00 GMT
      expires:
      - '-1'
      pragma:
      - no-cache
      server:
      - Kestrel
      strict-transport-security:
      - max-age=31536000; includeSubDomains
      x-content-type-options:
      - nosniff
      x-ms-activity-id:
      - 79242d88-7d7c-4c9d-bdb5-10efeb61e4a3
      x-ms-ratelimit-remaining-subscription-resource-requests:
      - '494'
    status:
      code: 200
      message: OK
- request:
    body: null
    headers:
      Accept:
      - '*/*'
      Accept-Encoding:
      - gzip, deflate
      CommandName:
      - dns-resolver outbound-endpoint create
      Connection:
      - keep-alive
      ParameterSetName:
      - -n -g --dns-resolver-name --id
      User-Agent:
      - AZURECLI/2.46.0 (AAZ) azsdk-python-core/1.24.0 Python/3.10.10 (Linux-5.15.0-1034-azure-x86_64-with-glibc2.31)
        VSTS_7b238909-6802-4b65-b90d-184bca47f458_build_261_0
    method: GET
    uri: https://management.azure.com/subscriptions/00000000-0000-0000-0000-000000000000/resourceGroups/cli_test_dns_resolver_000001/providers/Microsoft.Network/locations/eastus/dnsResolverOperationStatuses/eyJPcGVyYXRpb25UeXBlIjoiVXBzZXJ0T3V0Ym91bmRFbmRwb2ludCIsIk9wZXJhdGlvbklkIjoiMmQyOTM1Y2ItMzEyNi00NzNlLWE5NzQtMDhhNDA0OTBhOTExIn0=?api-version=2022-07-01
  response:
    body:
      string: '{"id":"/subscriptions/00000000-0000-0000-0000-000000000000/resourceGroups/cli_test_dns_resolver_000001/providers/Microsoft.Network/locations/eastus/dnsResolverOperationStatuses/eyJPcGVyYXRpb25UeXBlIjoiVXBzZXJ0T3V0Ym91bmRFbmRwb2ludCIsIk9wZXJhdGlvbklkIjoiMmQyOTM1Y2ItMzEyNi00NzNlLWE5NzQtMDhhNDA0OTBhOTExIn0=","name":"eyJPcGVyYXRpb25UeXBlIjoiVXBzZXJ0T3V0Ym91bmRFbmRwb2ludCIsIk9wZXJhdGlvbklkIjoiMmQyOTM1Y2ItMzEyNi00NzNlLWE5NzQtMDhhNDA0OTBhOTExIn0=","startTime":"2023-03-16T15:00:25.0000000Z","status":"InProgress"}'
    headers:
      cache-control:
      - no-cache
      content-length:
      - '510'
      content-type:
      - application/json; charset=utf-8
      date:
      - Thu, 16 Mar 2023 15:01:30 GMT
      expires:
      - '-1'
      pragma:
      - no-cache
      server:
      - Kestrel
      strict-transport-security:
      - max-age=31536000; includeSubDomains
      x-content-type-options:
      - nosniff
      x-ms-activity-id:
      - d76083d5-c833-4dff-985e-596ae7321fb8
      x-ms-ratelimit-remaining-subscription-resource-requests:
      - '493'
    status:
      code: 200
      message: OK
- request:
    body: null
    headers:
      Accept:
      - '*/*'
      Accept-Encoding:
      - gzip, deflate
      CommandName:
      - dns-resolver outbound-endpoint create
      Connection:
      - keep-alive
      ParameterSetName:
      - -n -g --dns-resolver-name --id
      User-Agent:
      - AZURECLI/2.46.0 (AAZ) azsdk-python-core/1.24.0 Python/3.10.10 (Linux-5.15.0-1034-azure-x86_64-with-glibc2.31)
        VSTS_7b238909-6802-4b65-b90d-184bca47f458_build_261_0
    method: GET
    uri: https://management.azure.com/subscriptions/00000000-0000-0000-0000-000000000000/resourceGroups/cli_test_dns_resolver_000001/providers/Microsoft.Network/locations/eastus/dnsResolverOperationStatuses/eyJPcGVyYXRpb25UeXBlIjoiVXBzZXJ0T3V0Ym91bmRFbmRwb2ludCIsIk9wZXJhdGlvbklkIjoiMmQyOTM1Y2ItMzEyNi00NzNlLWE5NzQtMDhhNDA0OTBhOTExIn0=?api-version=2022-07-01
  response:
    body:
      string: '{"id":"/subscriptions/00000000-0000-0000-0000-000000000000/resourceGroups/cli_test_dns_resolver_000001/providers/Microsoft.Network/locations/eastus/dnsResolverOperationStatuses/eyJPcGVyYXRpb25UeXBlIjoiVXBzZXJ0T3V0Ym91bmRFbmRwb2ludCIsIk9wZXJhdGlvbklkIjoiMmQyOTM1Y2ItMzEyNi00NzNlLWE5NzQtMDhhNDA0OTBhOTExIn0=","name":"eyJPcGVyYXRpb25UeXBlIjoiVXBzZXJ0T3V0Ym91bmRFbmRwb2ludCIsIk9wZXJhdGlvbklkIjoiMmQyOTM1Y2ItMzEyNi00NzNlLWE5NzQtMDhhNDA0OTBhOTExIn0=","startTime":"2023-03-16T15:00:25.0000000Z","endTime":"2023-03-16T15:01:50.0000000Z","status":"Succeeded"}'
    headers:
      cache-control:
      - no-cache
      content-length:
      - '550'
      content-type:
      - application/json; charset=utf-8
      date:
      - Thu, 16 Mar 2023 15:02:00 GMT
      expires:
      - '-1'
      pragma:
      - no-cache
      server:
      - Kestrel
      strict-transport-security:
      - max-age=31536000; includeSubDomains
      x-content-type-options:
      - nosniff
      x-ms-activity-id:
      - b6284251-5da7-4745-bb13-3cd1a5c4be0f
      x-ms-ratelimit-remaining-subscription-resource-requests:
      - '492'
    status:
      code: 200
      message: OK
- request:
    body: null
    headers:
      Accept:
      - '*/*'
      Accept-Encoding:
      - gzip, deflate
      CommandName:
      - dns-resolver outbound-endpoint create
      Connection:
      - keep-alive
      ParameterSetName:
      - -n -g --dns-resolver-name --id
      User-Agent:
      - AZURECLI/2.46.0 (AAZ) azsdk-python-core/1.24.0 Python/3.10.10 (Linux-5.15.0-1034-azure-x86_64-with-glibc2.31)
        VSTS_7b238909-6802-4b65-b90d-184bca47f458_build_261_0
    method: GET
    uri: https://management.azure.com/subscriptions/00000000-0000-0000-0000-000000000000/resourceGroups/cli_test_dns_resolver_000001/providers/Microsoft.Network/dnsResolvers/dns-resolver-000004/outboundEndpoints/endpoint-000003?api-version=2022-07-01
  response:
    body:
      string: '{"properties":{"subnet":{"id":"/subscriptions/00000000-0000-0000-0000-000000000000/resourceGroups/cli_test_dns_resolver_000001/providers/Microsoft.Network/virtualNetworks/vnet-000005/subnets/subnet-000006"},"provisioningState":"Succeeded","resourceGuid":"d5411579-b012-44e9-afa1-570842438fe9"},"etag":"\"06002523-0000-0100-0000-64132f5d0000\"","location":"eastus","id":"/subscriptions/00000000-0000-0000-0000-000000000000/resourceGroups/cli_test_dns_resolver_000001/providers/Microsoft.Network/dnsResolvers/dns-resolver-000004/outboundEndpoints/endpoint-000003","name":"endpoint-000003","type":"Microsoft.Network/dnsResolvers/outboundEndpoints","systemData":{"createdAt":"2023-03-16T15:00:25.1402268Z","createdByType":"User","lastModifiedAt":"2023-03-16T15:00:25.1402268Z","lastModifiedByType":"User"}}'
    headers:
      cache-control:
      - no-cache
      content-length:
      - '802'
      content-type:
      - application/json; charset=utf-8
      date:
      - Thu, 16 Mar 2023 15:02:00 GMT
      expires:
      - '-1'
      pragma:
      - no-cache
      server:
      - Kestrel
      strict-transport-security:
      - max-age=31536000; includeSubDomains
      x-content-type-options:
      - nosniff
      x-ms-activity-id:
      - 3e021e11-b854-44ab-a463-3683469a8a9e
      x-ms-ratelimit-remaining-subscription-resource-requests:
      - '499'
    status:
      code: 200
      message: OK
- request:
    body: null
    headers:
      Accept:
      - application/json
      Accept-Encoding:
      - gzip, deflate
      CommandName:
      - dns-resolver forwarding-ruleset create
      Connection:
      - keep-alive
      ParameterSetName:
      - -n -g --outbound-endpoints --tags
      User-Agent:
      - AZURECLI/2.46.0 azsdk-python-azure-mgmt-resource/21.1.0b1 Python/3.10.10 (Linux-5.15.0-1034-azure-x86_64-with-glibc2.31)
        VSTS_7b238909-6802-4b65-b90d-184bca47f458_build_261_0
    method: GET
    uri: https://management.azure.com/subscriptions/00000000-0000-0000-0000-000000000000/resourcegroups/cli_test_dns_resolver_000001?api-version=2021-04-01
  response:
    body:
      string: '{"id":"/subscriptions/00000000-0000-0000-0000-000000000000/resourceGroups/cli_test_dns_resolver_000001","name":"cli_test_dns_resolver_000001","type":"Microsoft.Resources/resourceGroups","location":"eastus","tags":{"product":"azurecli","cause":"automation","date":"2023-03-16T15:00:08Z"},"properties":{"provisioningState":"Succeeded"}}'
    headers:
      cache-control:
      - no-cache
      content-length:
      - '334'
      content-type:
      - application/json; charset=utf-8
      date:
      - Thu, 16 Mar 2023 15:02:00 GMT
      expires:
      - '-1'
      pragma:
      - no-cache
      strict-transport-security:
      - max-age=31536000; includeSubDomains
      vary:
      - Accept-Encoding
      x-content-type-options:
      - nosniff
    status:
      code: 200
      message: OK
- request:
    body: '{"location": "eastus", "properties": {"dnsResolverOutboundEndpoints": [{"id":
      "/subscriptions/00000000-0000-0000-0000-000000000000/resourceGroups/cli_test_dns_resolver_000001/providers/Microsoft.Network/dnsResolvers/dns-resolver-000004/outboundEndpoints/endpoint-000003"}]},
      "tags": {"key": "value1"}}'
    headers:
      Accept:
      - application/json
      Accept-Encoding:
      - gzip, deflate
      CommandName:
      - dns-resolver forwarding-ruleset create
      Connection:
      - keep-alive
      Content-Length:
      - '301'
      Content-Type:
      - application/json
      ParameterSetName:
      - -n -g --outbound-endpoints --tags
      User-Agent:
      - AZURECLI/2.46.0 (AAZ) azsdk-python-core/1.24.0 Python/3.10.10 (Linux-5.15.0-1034-azure-x86_64-with-glibc2.31)
        VSTS_7b238909-6802-4b65-b90d-184bca47f458_build_261_0
    method: PUT
    uri: https://management.azure.com/subscriptions/00000000-0000-0000-0000-000000000000/resourceGroups/cli_test_dns_resolver_000001/providers/Microsoft.Network/dnsForwardingRulesets/ruleset-000002?api-version=2022-07-01
  response:
    body:
      string: '{}'
    headers:
      azure-asyncoperation:
      - https://management.azure.com/subscriptions/00000000-0000-0000-0000-000000000000/resourceGroups/cli_test_dns_resolver_000001/providers/Microsoft.Network/locations/eastus/dnsResolverOperationStatuses/eyJPcGVyYXRpb25UeXBlIjoiVXBzZXJ0RG5zRm9yd2FyZGluZ1J1bGVzZXQiLCJPcGVyYXRpb25JZCI6IjJmMmFiMmNlLWNiZmMtNDg4Mi1iMDFhLWUwYmY2NWVhYzNhNyJ9?api-version=2022-07-01
      cache-control:
      - no-cache
      content-length:
      - '2'
      content-type:
      - application/json; charset=utf-8
      date:
      - Thu, 16 Mar 2023 15:02:00 GMT
      expires:
      - '-1'
      location:
      - https://management.azure.com/subscriptions/00000000-0000-0000-0000-000000000000/resourceGroups/cli_test_dns_resolver_000001/providers/Microsoft.Network/locations/eastus/dnsResolverOperationResults/eyJPcGVyYXRpb25UeXBlIjoiVXBzZXJ0RG5zRm9yd2FyZGluZ1J1bGVzZXQiLCJPcGVyYXRpb25JZCI6IjJmMmFiMmNlLWNiZmMtNDg4Mi1iMDFhLWUwYmY2NWVhYzNhNyJ9?api-version=2022-07-01
      pragma:
      - no-cache
      server:
      - Kestrel
      strict-transport-security:
      - max-age=31536000; includeSubDomains
      x-content-type-options:
      - nosniff
      x-ms-activity-id:
      - adc1fd2f-eb04-416d-b767-49e8a8da67e5
      x-ms-ratelimit-remaining-subscription-resource-requests:
      - '11998'
    status:
      code: 202
      message: Accepted
- request:
    body: null
    headers:
      Accept:
      - '*/*'
      Accept-Encoding:
      - gzip, deflate
      CommandName:
      - dns-resolver forwarding-ruleset create
      Connection:
      - keep-alive
      ParameterSetName:
      - -n -g --outbound-endpoints --tags
      User-Agent:
      - AZURECLI/2.46.0 (AAZ) azsdk-python-core/1.24.0 Python/3.10.10 (Linux-5.15.0-1034-azure-x86_64-with-glibc2.31)
        VSTS_7b238909-6802-4b65-b90d-184bca47f458_build_261_0
    method: GET
    uri: https://management.azure.com/subscriptions/00000000-0000-0000-0000-000000000000/resourceGroups/cli_test_dns_resolver_000001/providers/Microsoft.Network/locations/eastus/dnsResolverOperationStatuses/eyJPcGVyYXRpb25UeXBlIjoiVXBzZXJ0RG5zRm9yd2FyZGluZ1J1bGVzZXQiLCJPcGVyYXRpb25JZCI6IjJmMmFiMmNlLWNiZmMtNDg4Mi1iMDFhLWUwYmY2NWVhYzNhNyJ9?api-version=2022-07-01
  response:
    body:
      string: '{"id":"/subscriptions/00000000-0000-0000-0000-000000000000/resourceGroups/cli_test_dns_resolver_000001/providers/Microsoft.Network/locations/eastus/dnsResolverOperationStatuses/eyJPcGVyYXRpb25UeXBlIjoiVXBzZXJ0RG5zRm9yd2FyZGluZ1J1bGVzZXQiLCJPcGVyYXRpb25JZCI6IjJmMmFiMmNlLWNiZmMtNDg4Mi1iMDFhLWUwYmY2NWVhYzNhNyJ9","name":"eyJPcGVyYXRpb25UeXBlIjoiVXBzZXJ0RG5zRm9yd2FyZGluZ1J1bGVzZXQiLCJPcGVyYXRpb25JZCI6IjJmMmFiMmNlLWNiZmMtNDg4Mi1iMDFhLWUwYmY2NWVhYzNhNyJ9","startTime":"2023-03-16T15:02:01.0000000Z","status":"InProgress"}'
    headers:
      cache-control:
      - no-cache
      content-length:
      - '518'
      content-type:
      - application/json; charset=utf-8
      date:
      - Thu, 16 Mar 2023 15:02:05 GMT
      expires:
      - '-1'
      pragma:
      - no-cache
      server:
      - Kestrel
      strict-transport-security:
      - max-age=31536000; includeSubDomains
      transfer-encoding:
      - chunked
      vary:
      - Accept-Encoding
      x-content-type-options:
      - nosniff
      x-ms-activity-id:
      - dc9031a8-d697-4ccf-bc25-f4b890180f87
      x-ms-ratelimit-remaining-subscription-resource-requests:
      - '494'
    status:
      code: 200
      message: OK
- request:
    body: null
    headers:
      Accept:
      - '*/*'
      Accept-Encoding:
      - gzip, deflate
      CommandName:
      - dns-resolver forwarding-ruleset create
      Connection:
      - keep-alive
      ParameterSetName:
      - -n -g --outbound-endpoints --tags
      User-Agent:
      - AZURECLI/2.46.0 (AAZ) azsdk-python-core/1.24.0 Python/3.10.10 (Linux-5.15.0-1034-azure-x86_64-with-glibc2.31)
        VSTS_7b238909-6802-4b65-b90d-184bca47f458_build_261_0
    method: GET
    uri: https://management.azure.com/subscriptions/00000000-0000-0000-0000-000000000000/resourceGroups/cli_test_dns_resolver_000001/providers/Microsoft.Network/locations/eastus/dnsResolverOperationStatuses/eyJPcGVyYXRpb25UeXBlIjoiVXBzZXJ0RG5zRm9yd2FyZGluZ1J1bGVzZXQiLCJPcGVyYXRpb25JZCI6IjJmMmFiMmNlLWNiZmMtNDg4Mi1iMDFhLWUwYmY2NWVhYzNhNyJ9?api-version=2022-07-01
  response:
    body:
      string: '{"id":"/subscriptions/00000000-0000-0000-0000-000000000000/resourceGroups/cli_test_dns_resolver_000001/providers/Microsoft.Network/locations/eastus/dnsResolverOperationStatuses/eyJPcGVyYXRpb25UeXBlIjoiVXBzZXJ0RG5zRm9yd2FyZGluZ1J1bGVzZXQiLCJPcGVyYXRpb25JZCI6IjJmMmFiMmNlLWNiZmMtNDg4Mi1iMDFhLWUwYmY2NWVhYzNhNyJ9","name":"eyJPcGVyYXRpb25UeXBlIjoiVXBzZXJ0RG5zRm9yd2FyZGluZ1J1bGVzZXQiLCJPcGVyYXRpb25JZCI6IjJmMmFiMmNlLWNiZmMtNDg4Mi1iMDFhLWUwYmY2NWVhYzNhNyJ9","startTime":"2023-03-16T15:02:01.0000000Z","endTime":"2023-03-16T15:02:06.0000000Z","status":"Succeeded"}'
    headers:
      cache-control:
      - no-cache
      content-length:
      - '558'
      content-type:
      - application/json; charset=utf-8
      date:
      - Thu, 16 Mar 2023 15:02:36 GMT
      expires:
      - '-1'
      pragma:
      - no-cache
      server:
      - Kestrel
      strict-transport-security:
      - max-age=31536000; includeSubDomains
      transfer-encoding:
      - chunked
      vary:
      - Accept-Encoding
      x-content-type-options:
      - nosniff
      x-ms-activity-id:
      - 53a57d55-308b-4dbe-878e-1f08b513ddab
      x-ms-ratelimit-remaining-subscription-resource-requests:
      - '493'
    status:
      code: 200
      message: OK
- request:
    body: null
    headers:
      Accept:
      - '*/*'
      Accept-Encoding:
      - gzip, deflate
      CommandName:
      - dns-resolver forwarding-ruleset create
      Connection:
      - keep-alive
      ParameterSetName:
      - -n -g --outbound-endpoints --tags
      User-Agent:
      - AZURECLI/2.46.0 (AAZ) azsdk-python-core/1.24.0 Python/3.10.10 (Linux-5.15.0-1034-azure-x86_64-with-glibc2.31)
        VSTS_7b238909-6802-4b65-b90d-184bca47f458_build_261_0
    method: GET
    uri: https://management.azure.com/subscriptions/00000000-0000-0000-0000-000000000000/resourceGroups/cli_test_dns_resolver_000001/providers/Microsoft.Network/dnsForwardingRulesets/ruleset-000002?api-version=2022-07-01
  response:
    body:
      string: '{"properties":{"dnsResolverOutboundEndpoints":[{"id":"/subscriptions/00000000-0000-0000-0000-000000000000/resourceGroups/cli_test_dns_resolver_000001/providers/Microsoft.Network/dnsResolvers/dns-resolver-000004/outboundEndpoints/endpoint-000003"}],"provisioningState":"Succeeded","resourceGuid":"8f8363c8-4f60-4202-95aa-021fb01c46e2"},"etag":"\"01004d92-0000-0100-0000-64132f6d0000\"","location":"eastus","tags":{"key":"value1"},"id":"/subscriptions/00000000-0000-0000-0000-000000000000/resourceGroups/cli_test_dns_resolver_000001/providers/Microsoft.Network/dnsForwardingRulesets/ruleset-000002","name":"ruleset-000002","type":"Microsoft.Network/dnsForwardingRulesets","systemData":{"createdAt":"2023-03-16T15:02:01.3571758Z","createdByType":"User","lastModifiedAt":"2023-03-16T15:02:01.3571758Z","lastModifiedByType":"User"}}'
    headers:
      cache-control:
      - no-cache
      content-length:
      - '827'
      content-type:
      - application/json; charset=utf-8
      date:
      - Thu, 16 Mar 2023 15:02:36 GMT
      expires:
      - '-1'
      pragma:
      - no-cache
      server:
      - Kestrel
      strict-transport-security:
      - max-age=31536000; includeSubDomains
      transfer-encoding:
      - chunked
      vary:
      - Accept-Encoding
      x-content-type-options:
      - nosniff
      x-ms-activity-id:
      - a9fb2ffc-63d0-41e4-aff9-38d8d09e6027
      x-ms-ratelimit-remaining-subscription-resource-requests:
      - '498'
    status:
      code: 200
      message: OK
- request:
    body: null
    headers:
      Accept:
      - application/json
      Accept-Encoding:
      - gzip, deflate
      CommandName:
      - dns-resolver forwarding-ruleset list
      Connection:
      - keep-alive
      ParameterSetName:
      - -g
      User-Agent:
      - AZURECLI/2.46.0 (AAZ) azsdk-python-core/1.24.0 Python/3.10.10 (Linux-5.15.0-1034-azure-x86_64-with-glibc2.31)
        VSTS_7b238909-6802-4b65-b90d-184bca47f458_build_261_0
    method: GET
    uri: https://management.azure.com/subscriptions/00000000-0000-0000-0000-000000000000/resourceGroups/cli_test_dns_resolver_000001/providers/Microsoft.Network/dnsForwardingRulesets?api-version=2022-07-01
  response:
    body:
      string: '{"value":[{"properties":{"dnsResolverOutboundEndpoints":[{"id":"/subscriptions/00000000-0000-0000-0000-000000000000/resourceGroups/cli_test_dns_resolver_000001/providers/Microsoft.Network/dnsResolvers/dns-resolver-000004/outboundEndpoints/endpoint-000003"}],"provisioningState":"Succeeded","resourceGuid":"8f8363c8-4f60-4202-95aa-021fb01c46e2"},"etag":"\"01004d92-0000-0100-0000-64132f6d0000\"","location":"eastus","tags":{"key":"value1"},"id":"/subscriptions/00000000-0000-0000-0000-000000000000/resourceGroups/cli_test_dns_resolver_000001/providers/Microsoft.Network/dnsForwardingRulesets/ruleset-000002","name":"ruleset-000002","type":"Microsoft.Network/dnsForwardingRulesets","systemData":{"createdAt":"2023-03-16T15:02:01.3571758Z","createdByType":"User","lastModifiedAt":"2023-03-16T15:02:01.3571758Z","lastModifiedByType":"User"}}]}'
    headers:
      cache-control:
      - no-cache
      content-length:
      - '839'
      content-type:
      - application/json; charset=utf-8
      date:
      - Thu, 16 Mar 2023 15:02:36 GMT
      expires:
      - '-1'
      pragma:
      - no-cache
      server:
      - Kestrel
      strict-transport-security:
      - max-age=31536000; includeSubDomains
      x-content-type-options:
      - nosniff
      x-ms-activity-id:
      - 7fc6ab7b-22e0-492f-8033-002cb5f8157d
      x-ms-ratelimit-remaining-subscription-resource-entities-read:
      - '59999'
      x-ms-ratelimit-remaining-subscription-resource-requests:
      - '499'
    status:
      code: 200
      message: OK
- request:
    body: null
    headers:
      Accept:
      - application/json
      Accept-Encoding:
      - gzip, deflate
      CommandName:
      - dns-resolver forwarding-ruleset update
      Connection:
      - keep-alive
      ParameterSetName:
      - -n -g --tags
      User-Agent:
      - AZURECLI/2.46.0 (AAZ) azsdk-python-core/1.24.0 Python/3.10.10 (Linux-5.15.0-1034-azure-x86_64-with-glibc2.31)
        VSTS_7b238909-6802-4b65-b90d-184bca47f458_build_261_0
    method: GET
    uri: https://management.azure.com/subscriptions/00000000-0000-0000-0000-000000000000/resourceGroups/cli_test_dns_resolver_000001/providers/Microsoft.Network/dnsForwardingRulesets/ruleset-000002?api-version=2022-07-01
  response:
    body:
      string: '{"properties":{"dnsResolverOutboundEndpoints":[{"id":"/subscriptions/00000000-0000-0000-0000-000000000000/resourceGroups/cli_test_dns_resolver_000001/providers/Microsoft.Network/dnsResolvers/dns-resolver-000004/outboundEndpoints/endpoint-000003"}],"provisioningState":"Succeeded","resourceGuid":"8f8363c8-4f60-4202-95aa-021fb01c46e2"},"etag":"\"01004d92-0000-0100-0000-64132f6d0000\"","location":"eastus","tags":{"key":"value1"},"id":"/subscriptions/00000000-0000-0000-0000-000000000000/resourceGroups/cli_test_dns_resolver_000001/providers/Microsoft.Network/dnsForwardingRulesets/ruleset-000002","name":"ruleset-000002","type":"Microsoft.Network/dnsForwardingRulesets","systemData":{"createdAt":"2023-03-16T15:02:01.3571758Z","createdByType":"User","lastModifiedAt":"2023-03-16T15:02:01.3571758Z","lastModifiedByType":"User"}}'
    headers:
      cache-control:
      - no-cache
      content-length:
      - '827'
      content-type:
      - application/json; charset=utf-8
      date:
      - Thu, 16 Mar 2023 15:02:37 GMT
      expires:
      - '-1'
      pragma:
      - no-cache
      server:
      - Kestrel
      strict-transport-security:
      - max-age=31536000; includeSubDomains
      x-content-type-options:
      - nosniff
      x-ms-activity-id:
      - e3150249-3e7f-4113-9219-c197a48d9612
      x-ms-ratelimit-remaining-subscription-resource-requests:
      - '499'
    status:
      code: 200
      message: OK
- request:
    body: '{"location": "eastus", "properties": {"dnsResolverOutboundEndpoints": [{"id":
      "/subscriptions/00000000-0000-0000-0000-000000000000/resourceGroups/cli_test_dns_resolver_000001/providers/Microsoft.Network/dnsResolvers/dns-resolver-000004/outboundEndpoints/endpoint-000003"}]},
      "tags": {"key": "value2"}}'
    headers:
      Accept:
      - application/json
      Accept-Encoding:
      - gzip, deflate
      CommandName:
      - dns-resolver forwarding-ruleset update
      Connection:
      - keep-alive
      Content-Length:
      - '301'
      Content-Type:
      - application/json
      ParameterSetName:
      - -n -g --tags
      User-Agent:
      - AZURECLI/2.46.0 (AAZ) azsdk-python-core/1.24.0 Python/3.10.10 (Linux-5.15.0-1034-azure-x86_64-with-glibc2.31)
        VSTS_7b238909-6802-4b65-b90d-184bca47f458_build_261_0
    method: PUT
    uri: https://management.azure.com/subscriptions/00000000-0000-0000-0000-000000000000/resourceGroups/cli_test_dns_resolver_000001/providers/Microsoft.Network/dnsForwardingRulesets/ruleset-000002?api-version=2022-07-01
  response:
    body:
      string: '{}'
    headers:
      azure-asyncoperation:
      - https://management.azure.com/subscriptions/00000000-0000-0000-0000-000000000000/resourceGroups/cli_test_dns_resolver_000001/providers/Microsoft.Network/locations/eastus/dnsResolverOperationStatuses/eyJPcGVyYXRpb25UeXBlIjoiVXBzZXJ0RG5zRm9yd2FyZGluZ1J1bGVzZXQiLCJPcGVyYXRpb25JZCI6IjFiYjAyNzM4LTZhMGEtNGQ2Yy05YjE5LWJjNTdjMjE1OWI4YSJ9?api-version=2022-07-01
      cache-control:
      - no-cache
      content-length:
      - '2'
      content-type:
      - application/json; charset=utf-8
      date:
      - Thu, 16 Mar 2023 15:02:37 GMT
      expires:
      - '-1'
      location:
      - https://management.azure.com/subscriptions/00000000-0000-0000-0000-000000000000/resourceGroups/cli_test_dns_resolver_000001/providers/Microsoft.Network/locations/eastus/dnsResolverOperationResults/eyJPcGVyYXRpb25UeXBlIjoiVXBzZXJ0RG5zRm9yd2FyZGluZ1J1bGVzZXQiLCJPcGVyYXRpb25JZCI6IjFiYjAyNzM4LTZhMGEtNGQ2Yy05YjE5LWJjNTdjMjE1OWI4YSJ9?api-version=2022-07-01
      pragma:
      - no-cache
      server:
      - Kestrel
      strict-transport-security:
      - max-age=31536000; includeSubDomains
      x-content-type-options:
      - nosniff
      x-ms-activity-id:
      - f2f3f0bc-6d2d-4042-af32-239e5b3b9fea
      x-ms-ratelimit-remaining-subscription-resource-requests:
      - '11999'
    status:
      code: 202
      message: Accepted
- request:
    body: null
    headers:
      Accept:
      - '*/*'
      Accept-Encoding:
      - gzip, deflate
      CommandName:
      - dns-resolver forwarding-ruleset update
      Connection:
      - keep-alive
      ParameterSetName:
      - -n -g --tags
      User-Agent:
      - AZURECLI/2.46.0 (AAZ) azsdk-python-core/1.24.0 Python/3.10.10 (Linux-5.15.0-1034-azure-x86_64-with-glibc2.31)
        VSTS_7b238909-6802-4b65-b90d-184bca47f458_build_261_0
    method: GET
    uri: https://management.azure.com/subscriptions/00000000-0000-0000-0000-000000000000/resourceGroups/cli_test_dns_resolver_000001/providers/Microsoft.Network/locations/eastus/dnsResolverOperationStatuses/eyJPcGVyYXRpb25UeXBlIjoiVXBzZXJ0RG5zRm9yd2FyZGluZ1J1bGVzZXQiLCJPcGVyYXRpb25JZCI6IjFiYjAyNzM4LTZhMGEtNGQ2Yy05YjE5LWJjNTdjMjE1OWI4YSJ9?api-version=2022-07-01
  response:
    body:
      string: '{"id":"/subscriptions/00000000-0000-0000-0000-000000000000/resourceGroups/cli_test_dns_resolver_000001/providers/Microsoft.Network/locations/eastus/dnsResolverOperationStatuses/eyJPcGVyYXRpb25UeXBlIjoiVXBzZXJ0RG5zRm9yd2FyZGluZ1J1bGVzZXQiLCJPcGVyYXRpb25JZCI6IjFiYjAyNzM4LTZhMGEtNGQ2Yy05YjE5LWJjNTdjMjE1OWI4YSJ9","name":"eyJPcGVyYXRpb25UeXBlIjoiVXBzZXJ0RG5zRm9yd2FyZGluZ1J1bGVzZXQiLCJPcGVyYXRpb25JZCI6IjFiYjAyNzM4LTZhMGEtNGQ2Yy05YjE5LWJjNTdjMjE1OWI4YSJ9","startTime":"2023-03-16T15:02:38.0000000Z","endTime":"2023-03-16T15:02:42.0000000Z","status":"Succeeded"}'
    headers:
      cache-control:
      - no-cache
      content-length:
      - '558'
      content-type:
      - application/json; charset=utf-8
      date:
      - Thu, 16 Mar 2023 15:02:42 GMT
      expires:
      - '-1'
      pragma:
      - no-cache
      server:
      - Kestrel
      strict-transport-security:
      - max-age=31536000; includeSubDomains
      x-content-type-options:
      - nosniff
      x-ms-activity-id:
      - e1be3907-11c4-49a4-854a-bc08e62b6dd0
      x-ms-ratelimit-remaining-subscription-resource-requests:
      - '498'
    status:
      code: 200
      message: OK
- request:
    body: null
    headers:
      Accept:
      - '*/*'
      Accept-Encoding:
      - gzip, deflate
      CommandName:
      - dns-resolver forwarding-ruleset update
      Connection:
      - keep-alive
      ParameterSetName:
      - -n -g --tags
      User-Agent:
      - AZURECLI/2.46.0 (AAZ) azsdk-python-core/1.24.0 Python/3.10.10 (Linux-5.15.0-1034-azure-x86_64-with-glibc2.31)
        VSTS_7b238909-6802-4b65-b90d-184bca47f458_build_261_0
    method: GET
    uri: https://management.azure.com/subscriptions/00000000-0000-0000-0000-000000000000/resourceGroups/cli_test_dns_resolver_000001/providers/Microsoft.Network/dnsForwardingRulesets/ruleset-000002?api-version=2022-07-01
  response:
    body:
      string: '{"properties":{"dnsResolverOutboundEndpoints":[{"id":"/subscriptions/00000000-0000-0000-0000-000000000000/resourceGroups/cli_test_dns_resolver_000001/providers/Microsoft.Network/dnsResolvers/dns-resolver-000004/outboundEndpoints/endpoint-000003"}],"provisioningState":"Succeeded","resourceGuid":"8f8363c8-4f60-4202-95aa-021fb01c46e2"},"etag":"\"01006292-0000-0100-0000-64132f900000\"","location":"eastus","tags":{"key":"value2"},"id":"/subscriptions/00000000-0000-0000-0000-000000000000/resourceGroups/cli_test_dns_resolver_000001/providers/Microsoft.Network/dnsForwardingRulesets/ruleset-000002","name":"ruleset-000002","type":"Microsoft.Network/dnsForwardingRulesets","systemData":{"createdAt":"2023-03-16T15:02:01.3571758Z","createdByType":"User","lastModifiedAt":"2023-03-16T15:02:38.0541703Z","lastModifiedByType":"User"}}'
    headers:
      cache-control:
      - no-cache
      content-length:
      - '827'
      content-type:
      - application/json; charset=utf-8
      date:
      - Thu, 16 Mar 2023 15:02:43 GMT
      expires:
      - '-1'
      pragma:
      - no-cache
      server:
      - Kestrel
      strict-transport-security:
      - max-age=31536000; includeSubDomains
      x-content-type-options:
      - nosniff
      x-ms-activity-id:
      - 10ea6910-5436-4b62-8029-1679f1b8ca0c
      x-ms-ratelimit-remaining-subscription-resource-requests:
      - '498'
    status:
      code: 200
      message: OK
- request:
    body: null
    headers:
      Accept:
      - application/json
      Accept-Encoding:
      - gzip, deflate
      CommandName:
      - dns-resolver forwarding-ruleset show
      Connection:
      - keep-alive
      ParameterSetName:
      - -n -g
      User-Agent:
      - AZURECLI/2.46.0 (AAZ) azsdk-python-core/1.24.0 Python/3.10.10 (Linux-5.15.0-1034-azure-x86_64-with-glibc2.31)
        VSTS_7b238909-6802-4b65-b90d-184bca47f458_build_261_0
    method: GET
    uri: https://management.azure.com/subscriptions/00000000-0000-0000-0000-000000000000/resourceGroups/cli_test_dns_resolver_000001/providers/Microsoft.Network/dnsForwardingRulesets/ruleset-000002?api-version=2022-07-01
  response:
    body:
      string: '{"properties":{"dnsResolverOutboundEndpoints":[{"id":"/subscriptions/00000000-0000-0000-0000-000000000000/resourceGroups/cli_test_dns_resolver_000001/providers/Microsoft.Network/dnsResolvers/dns-resolver-000004/outboundEndpoints/endpoint-000003"}],"provisioningState":"Succeeded","resourceGuid":"8f8363c8-4f60-4202-95aa-021fb01c46e2"},"etag":"\"01006292-0000-0100-0000-64132f900000\"","location":"eastus","tags":{"key":"value2"},"id":"/subscriptions/00000000-0000-0000-0000-000000000000/resourceGroups/cli_test_dns_resolver_000001/providers/Microsoft.Network/dnsForwardingRulesets/ruleset-000002","name":"ruleset-000002","type":"Microsoft.Network/dnsForwardingRulesets","systemData":{"createdAt":"2023-03-16T15:02:01.3571758Z","createdByType":"User","lastModifiedAt":"2023-03-16T15:02:38.0541703Z","lastModifiedByType":"User"}}'
    headers:
      cache-control:
      - no-cache
      content-length:
      - '827'
      content-type:
      - application/json; charset=utf-8
      date:
      - Thu, 16 Mar 2023 15:02:44 GMT
      expires:
      - '-1'
      pragma:
      - no-cache
      server:
      - Kestrel
      strict-transport-security:
      - max-age=31536000; includeSubDomains
      transfer-encoding:
      - chunked
      vary:
      - Accept-Encoding
      x-content-type-options:
      - nosniff
      x-ms-activity-id:
      - 4fc9b2e7-525e-46d2-9258-bb4d83e8b087
      x-ms-ratelimit-remaining-subscription-resource-requests:
      - '499'
    status:
      code: 200
      message: OK
- request:
    body: null
    headers:
      Accept:
      - '*/*'
      Accept-Encoding:
      - gzip, deflate
      CommandName:
      - dns-resolver forwarding-ruleset delete
      Connection:
      - keep-alive
      Content-Length:
      - '0'
      ParameterSetName:
      - -n -g --no-wait --yes
      User-Agent:
      - AZURECLI/2.46.0 (AAZ) azsdk-python-core/1.24.0 Python/3.10.10 (Linux-5.15.0-1034-azure-x86_64-with-glibc2.31)
        VSTS_7b238909-6802-4b65-b90d-184bca47f458_build_261_0
    method: DELETE
    uri: https://management.azure.com/subscriptions/00000000-0000-0000-0000-000000000000/resourceGroups/cli_test_dns_resolver_000001/providers/Microsoft.Network/dnsForwardingRulesets/ruleset-000002?api-version=2022-07-01
  response:
    body:
      string: ''
    headers:
      azure-asyncoperation:
      - https://management.azure.com/subscriptions/00000000-0000-0000-0000-000000000000/resourceGroups/cli_test_dns_resolver_000001/providers/Microsoft.Network/locations/eastus/dnsResolverOperationStatuses/eyJPcGVyYXRpb25UeXBlIjoiRGVsZXRlRG5zRm9yd2FyZGluZ1J1bGVzZXQiLCJPcGVyYXRpb25JZCI6ImI2ZWNiZjA5LWUxODgtNGM0OS1hODMxLTI1MDBjYzY5MTU0YiJ9?api-version=2022-07-01
      cache-control:
      - no-cache
      content-length:
      - '0'
      date:
      - Thu, 16 Mar 2023 15:02:44 GMT
      expires:
      - '-1'
      location:
      - https://management.azure.com/subscriptions/00000000-0000-0000-0000-000000000000/resourceGroups/cli_test_dns_resolver_000001/providers/Microsoft.Network/locations/eastus/dnsResolverOperationResults/eyJPcGVyYXRpb25UeXBlIjoiRGVsZXRlRG5zRm9yd2FyZGluZ1J1bGVzZXQiLCJPcGVyYXRpb25JZCI6ImI2ZWNiZjA5LWUxODgtNGM0OS1hODMxLTI1MDBjYzY5MTU0YiJ9?api-version=2022-07-01
      pragma:
      - no-cache
      server:
      - Kestrel
      strict-transport-security:
      - max-age=31536000; includeSubDomains
      x-content-type-options:
      - nosniff
      x-ms-activity-id:
      - eaea7acc-687f-4572-9989-a2bd260fe014
      x-ms-ratelimit-remaining-subscription-resource-requests:
      - '11999'
    status:
      code: 202
      message: Accepted
version: 1
