interactions:
- request:
    body: null
    headers:
      Accept:
      - application/json
      Accept-Encoding:
      - gzip, deflate
      CommandName:
      - monitor log-analytics workspace create
      Connection:
      - keep-alive
      ParameterSetName:
      - -g -n
      User-Agent:
      - python/3.8.0 (Windows-10-10.0.18362-SP0) msrest/0.6.10 msrest_azure/0.6.3
        azure-mgmt-resource/9.0.0 Azure-SDK-For-Python AZURECLI/2.4.0
      accept-language:
      - en-US
    method: GET
    uri: https://management.azure.com/subscriptions/00000000-0000-0000-0000-000000000000/resourcegroups/clitest.rg000001?api-version=2019-07-01
  response:
    body:
      string: '{"id":"/subscriptions/00000000-0000-0000-0000-000000000000/resourceGroups/clitest.rg000001","name":"clitest.rg000001","type":"Microsoft.Resources/resourceGroups","location":"westus","tags":{"product":"azurecli","cause":"automation","date":"2020-04-27T08:22:57Z"},"properties":{"provisioningState":"Succeeded"}}'
    headers:
      cache-control:
      - no-cache
      content-length:
      - '428'
      content-type:
      - application/json; charset=utf-8
      date:
      - Mon, 27 Apr 2020 08:23:05 GMT
      expires:
      - '-1'
      pragma:
      - no-cache
      strict-transport-security:
      - max-age=31536000; includeSubDomains
      vary:
      - Accept-Encoding
      x-content-type-options:
      - nosniff
    status:
      code: 200
      message: OK
- request:
    body: '{"location": "westus", "properties": {"sku": {"name": "PerGB2018"}, "retentionInDays":
      30}}'
    headers:
      Accept:
      - application/json
      Accept-Encoding:
      - gzip, deflate
      CommandName:
      - monitor log-analytics workspace create
      Connection:
      - keep-alive
      Content-Length:
      - '91'
      Content-Type:
      - application/json; charset=utf-8
      ParameterSetName:
      - -g -n
      User-Agent:
      - python/3.8.0 (Windows-10-10.0.18362-SP0) msrest/0.6.10 msrest_azure/0.6.3
        azure-mgmt-loganalytics/0.5.0 Azure-SDK-For-Python AZURECLI/2.4.0
      accept-language:
      - en-US
    method: PUT
    uri: https://management.azure.com/subscriptions/00000000-0000-0000-0000-000000000000/resourcegroups/clitest.rg000001/providers/Microsoft.OperationalInsights/workspaces/clitest000002?api-version=2020-03-01-preview
  response:
    body:
      string: "{\r\n  \"properties\": {\r\n    \"source\": \"Azure\",\r\n    \"customerId\":
        \"983849b5-158e-40d7-895e-cf64f78eedec\",\r\n    \"provisioningState\": \"Creating\",\r\n
        \   \"sku\": {\r\n      \"name\": \"pergb2018\",\r\n      \"lastSkuUpdate\":
        \"Mon, 27 Apr 2020 08:23:12 GMT\"\r\n    },\r\n    \"retentionInDays\": 30,\r\n
        \   \"features\": {\r\n      \"legacy\": 0,\r\n      \"searchVersion\": 1,\r\n
        \     \"enableLogAccessUsingOnlyResourcePermissions\": true\r\n    },\r\n
        \   \"workspaceCapping\": {\r\n      \"dailyQuotaGb\": -1.0,\r\n      \"quotaNextResetTime\":
        \"Mon, 27 Apr 2020 16:00:00 GMT\",\r\n      \"dataIngestionStatus\": \"RespectQuota\"\r\n
        \   },\r\n    \"publicNetworkAccessForIngestion\": \"Enabled\",\r\n    \"publicNetworkAccessForQuery\":
        \"Enabled\"\r\n  },\r\n  \"id\": \"/subscriptions/00000000-0000-0000-0000-000000000000/resourcegroups/clitest.rg000001/providers/microsoft.operationalinsights/workspaces/clitest000002\",\r\n
        \ \"name\": \"clitest000002\",\r\n  \"type\": \"Microsoft.OperationalInsights/workspaces\",\r\n
        \ \"location\": \"westus\"\r\n}"
    headers:
      cache-control:
      - no-cache
      content-length:
      - '1026'
      content-type:
      - application/json
      date:
      - Mon, 27 Apr 2020 08:23:13 GMT
      pragma:
      - no-cache
      server:
      - Microsoft-IIS/10.0
      - Microsoft-IIS/10.0
      strict-transport-security:
      - max-age=31536000; includeSubDomains
      x-content-type-options:
      - nosniff
      x-ms-ratelimit-remaining-subscription-writes:
      - '1199'
      x-powered-by:
      - ASP.NET
      - ASP.NET
    status:
      code: 201
      message: Created
- request:
    body: null
    headers:
      Accept:
      - application/json
      Accept-Encoding:
      - gzip, deflate
      CommandName:
      - monitor log-analytics workspace create
      Connection:
      - keep-alive
      ParameterSetName:
      - -g -n
      User-Agent:
      - python/3.8.0 (Windows-10-10.0.18362-SP0) msrest/0.6.10 msrest_azure/0.6.3
        azure-mgmt-loganalytics/0.5.0 Azure-SDK-For-Python AZURECLI/2.4.0
    method: GET
    uri: https://management.azure.com/subscriptions/00000000-0000-0000-0000-000000000000/resourcegroups/clitest.rg000001/providers/Microsoft.OperationalInsights/workspaces/clitest000002?api-version=2020-03-01-preview
  response:
    body:
      string: "{\r\n  \"properties\": {\r\n    \"source\": \"Azure\",\r\n    \"customerId\":
        \"983849b5-158e-40d7-895e-cf64f78eedec\",\r\n    \"provisioningState\": \"Succeeded\",\r\n
        \   \"sku\": {\r\n      \"name\": \"pergb2018\",\r\n      \"lastSkuUpdate\":
        \"Mon, 27 Apr 2020 08:23:12 GMT\"\r\n    },\r\n    \"retentionInDays\": 30,\r\n
        \   \"features\": {\r\n      \"legacy\": 0,\r\n      \"searchVersion\": 1,\r\n
        \     \"enableLogAccessUsingOnlyResourcePermissions\": true\r\n    },\r\n
        \   \"workspaceCapping\": {\r\n      \"dailyQuotaGb\": -1.0,\r\n      \"quotaNextResetTime\":
        \"Mon, 27 Apr 2020 16:00:00 GMT\",\r\n      \"dataIngestionStatus\": \"RespectQuota\"\r\n
        \   },\r\n    \"publicNetworkAccessForIngestion\": \"Enabled\",\r\n    \"publicNetworkAccessForQuery\":
        \"Enabled\"\r\n  },\r\n  \"id\": \"/subscriptions/00000000-0000-0000-0000-000000000000/resourcegroups/clitest.rg000001/providers/microsoft.operationalinsights/workspaces/clitest000002\",\r\n
        \ \"name\": \"clitest000002\",\r\n  \"type\": \"Microsoft.OperationalInsights/workspaces\",\r\n
        \ \"location\": \"westus\"\r\n}"
    headers:
      cache-control:
      - no-cache
      content-length:
      - '1027'
      content-type:
      - application/json
      date:
      - Mon, 27 Apr 2020 08:23:45 GMT
      pragma:
      - no-cache
      server:
      - Microsoft-IIS/10.0
      - Microsoft-IIS/10.0
      strict-transport-security:
      - max-age=31536000; includeSubDomains
      transfer-encoding:
      - chunked
      vary:
      - Accept-Encoding
      x-content-type-options:
      - nosniff
      x-powered-by:
      - ASP.NET
      - ASP.NET
    status:
      code: 200
      message: OK
- request:
    body: null
    headers:
      Accept:
      - application/json
      Accept-Encoding:
      - gzip, deflate
      CommandName:
      - monitor log-analytics workspace create
      Connection:
      - keep-alive
      ParameterSetName:
      - -g -n
      User-Agent:
      - python/3.8.0 (Windows-10-10.0.18362-SP0) msrest/0.6.10 msrest_azure/0.6.3
        azure-mgmt-resource/9.0.0 Azure-SDK-For-Python AZURECLI/2.4.0
      accept-language:
      - en-US
    method: GET
    uri: https://management.azure.com/subscriptions/00000000-0000-0000-0000-000000000000/resourcegroups/clitest.rg000001?api-version=2019-07-01
  response:
    body:
      string: '{"id":"/subscriptions/00000000-0000-0000-0000-000000000000/resourceGroups/clitest.rg000001","name":"clitest.rg000001","type":"Microsoft.Resources/resourceGroups","location":"westus","tags":{"product":"azurecli","cause":"automation","date":"2020-04-27T08:22:57Z"},"properties":{"provisioningState":"Succeeded"}}'
    headers:
      cache-control:
      - no-cache
      content-length:
      - '428'
      content-type:
      - application/json; charset=utf-8
      date:
      - Mon, 27 Apr 2020 08:23:47 GMT
      expires:
      - '-1'
      pragma:
      - no-cache
      strict-transport-security:
      - max-age=31536000; includeSubDomains
      vary:
      - Accept-Encoding
      x-content-type-options:
      - nosniff
    status:
      code: 200
      message: OK
- request:
    body: '{"location": "westus", "properties": {"sku": {"name": "PerGB2018"}, "retentionInDays":
      30}}'
    headers:
      Accept:
      - application/json
      Accept-Encoding:
      - gzip, deflate
      CommandName:
      - monitor log-analytics workspace create
      Connection:
      - keep-alive
      Content-Length:
      - '91'
      Content-Type:
      - application/json; charset=utf-8
      ParameterSetName:
      - -g -n
      User-Agent:
      - python/3.8.0 (Windows-10-10.0.18362-SP0) msrest/0.6.10 msrest_azure/0.6.3
        azure-mgmt-loganalytics/0.5.0 Azure-SDK-For-Python AZURECLI/2.4.0
      accept-language:
      - en-US
    method: PUT
    uri: https://management.azure.com/subscriptions/00000000-0000-0000-0000-000000000000/resourcegroups/clitest.rg000001/providers/Microsoft.OperationalInsights/workspaces/clitest000003?api-version=2020-03-01-preview
  response:
    body:
      string: "{\r\n  \"properties\": {\r\n    \"source\": \"Azure\",\r\n    \"customerId\":
        \"bea273ee-b49e-4e3d-a012-5093204d0e6d\",\r\n    \"provisioningState\": \"Creating\",\r\n
        \   \"sku\": {\r\n      \"name\": \"pergb2018\",\r\n      \"lastSkuUpdate\":
        \"Mon, 27 Apr 2020 08:23:54 GMT\"\r\n    },\r\n    \"retentionInDays\": 30,\r\n
        \   \"features\": {\r\n      \"legacy\": 0,\r\n      \"searchVersion\": 1,\r\n
        \     \"enableLogAccessUsingOnlyResourcePermissions\": true\r\n    },\r\n
        \   \"workspaceCapping\": {\r\n      \"dailyQuotaGb\": -1.0,\r\n      \"quotaNextResetTime\":
        \"Mon, 27 Apr 2020 10:00:00 GMT\",\r\n      \"dataIngestionStatus\": \"RespectQuota\"\r\n
        \   },\r\n    \"publicNetworkAccessForIngestion\": \"Enabled\",\r\n    \"publicNetworkAccessForQuery\":
        \"Enabled\"\r\n  },\r\n  \"id\": \"/subscriptions/00000000-0000-0000-0000-000000000000/resourcegroups/clitest.rg000001/providers/microsoft.operationalinsights/workspaces/clitest000003\",\r\n
        \ \"name\": \"clitest000003\",\r\n  \"type\": \"Microsoft.OperationalInsights/workspaces\",\r\n
        \ \"location\": \"westus\"\r\n}"
    headers:
      cache-control:
      - no-cache
      content-length:
      - '1026'
      content-type:
      - application/json
      date:
      - Mon, 27 Apr 2020 08:23:55 GMT
      pragma:
      - no-cache
      server:
      - Microsoft-IIS/10.0
      - Microsoft-IIS/10.0
      strict-transport-security:
      - max-age=31536000; includeSubDomains
      x-content-type-options:
      - nosniff
      x-ms-ratelimit-remaining-subscription-writes:
      - '1198'
      x-powered-by:
      - ASP.NET
      - ASP.NET
    status:
      code: 201
      message: Created
- request:
    body: null
    headers:
      Accept:
      - application/json
      Accept-Encoding:
      - gzip, deflate
      CommandName:
      - monitor log-analytics workspace create
      Connection:
      - keep-alive
      ParameterSetName:
      - -g -n
      User-Agent:
      - python/3.8.0 (Windows-10-10.0.18362-SP0) msrest/0.6.10 msrest_azure/0.6.3
        azure-mgmt-loganalytics/0.5.0 Azure-SDK-For-Python AZURECLI/2.4.0
    method: GET
    uri: https://management.azure.com/subscriptions/00000000-0000-0000-0000-000000000000/resourcegroups/clitest.rg000001/providers/Microsoft.OperationalInsights/workspaces/clitest000003?api-version=2020-03-01-preview
  response:
    body:
      string: "{\r\n  \"properties\": {\r\n    \"source\": \"Azure\",\r\n    \"customerId\":
        \"bea273ee-b49e-4e3d-a012-5093204d0e6d\",\r\n    \"provisioningState\": \"Succeeded\",\r\n
        \   \"sku\": {\r\n      \"name\": \"pergb2018\",\r\n      \"lastSkuUpdate\":
        \"Mon, 27 Apr 2020 08:23:54 GMT\"\r\n    },\r\n    \"retentionInDays\": 30,\r\n
        \   \"features\": {\r\n      \"legacy\": 0,\r\n      \"searchVersion\": 1,\r\n
        \     \"enableLogAccessUsingOnlyResourcePermissions\": true\r\n    },\r\n
        \   \"workspaceCapping\": {\r\n      \"dailyQuotaGb\": -1.0,\r\n      \"quotaNextResetTime\":
        \"Mon, 27 Apr 2020 10:00:00 GMT\",\r\n      \"dataIngestionStatus\": \"RespectQuota\"\r\n
        \   },\r\n    \"publicNetworkAccessForIngestion\": \"Enabled\",\r\n    \"publicNetworkAccessForQuery\":
        \"Enabled\"\r\n  },\r\n  \"id\": \"/subscriptions/00000000-0000-0000-0000-000000000000/resourcegroups/clitest.rg000001/providers/microsoft.operationalinsights/workspaces/clitest000003\",\r\n
        \ \"name\": \"clitest000003\",\r\n  \"type\": \"Microsoft.OperationalInsights/workspaces\",\r\n
        \ \"location\": \"westus\"\r\n}"
    headers:
      cache-control:
      - no-cache
      content-length:
      - '1027'
      content-type:
      - application/json
      date:
      - Mon, 27 Apr 2020 08:24:28 GMT
      pragma:
      - no-cache
      server:
      - Microsoft-IIS/10.0
      - Microsoft-IIS/10.0
      strict-transport-security:
      - max-age=31536000; includeSubDomains
      transfer-encoding:
      - chunked
      vary:
      - Accept-Encoding
      x-content-type-options:
      - nosniff
      x-powered-by:
      - ASP.NET
      - ASP.NET
    status:
      code: 200
      message: OK
- request:
    body: '{"location": "westus", "kind": "web", "properties": {"Application_Type":
      "web", "Flow_Type": "Bluefield", "Request_Source": "rest", "RetentionInDays":
      90}}'
    headers:
      Accept:
      - application/json
      Accept-Encoding:
      - gzip, deflate
      CommandName:
      - monitor app-insights component create
      Connection:
      - keep-alive
      Content-Length:
      - '155'
      Content-Type:
      - application/json; charset=utf-8
      ParameterSetName:
      - --app --location --kind -g --application-type
      User-Agent:
      - python/3.8.0 (Windows-10-10.0.18362-SP0) msrest/0.6.10 msrest_azure/0.6.3
        azure-mgmt-applicationinsights/0.2.0 Azure-SDK-For-Python AZURECLI/2.4.0
      accept-language:
      - en-US
    method: PUT
    uri: https://management.azure.com/subscriptions/00000000-0000-0000-0000-000000000000/resourceGroups/clitest.rg000001/providers/Microsoft.Insights/components/demoApp?api-version=2018-05-01-preview
  response:
    body:
      string: '{"id":"/subscriptions/00000000-0000-0000-0000-000000000000/resourceGroups/clitest.rg000001/providers/microsoft.insights/components/demoApp","name":"demoApp","type":"microsoft.insights/components","location":"westus","tags":{},"kind":"web","etag":"\"1800d0ff-0000-0700-0000-5ea696c50000\"","properties":{"Ver":"v2","ApplicationId":"demoApp","AppId":"aea67cde-e179-42d5-b51f-efe4548c63c4","Application_Type":"web","Flow_Type":"Bluefield","Request_Source":"rest","InstrumentationKey":"697eb707-a56f-4ae1-948a-478e3159d171","ConnectionString":"InstrumentationKey=697eb707-a56f-4ae1-948a-478e3159d171","Name":"demoApp","CreationDate":"2020-04-27T08:24:37.8571823+00:00","TenantId":"57947cb5-aadd-4b6c-9e8e-27f545bb7bf5","provisioningState":"Succeeded","SamplingPercentage":null,"RetentionInDays":90,"Retention":"P90D","publicNetworkAccessForIngestion":"Enabled","publicNetworkAccessForQuery":"Enabled"}}'
    headers:
      access-control-expose-headers:
      - Request-Context
      cache-control:
      - no-cache
      content-length:
      - '957'
      content-type:
      - application/json; charset=utf-8
      date:
      - Mon, 27 Apr 2020 08:24:40 GMT
      expires:
      - '-1'
      pragma:
      - no-cache
      request-context:
      - appId=cid-v1:920e14b1-13f3-461a-a4bb-b4fe6f1a4525
      server:
      - Microsoft-IIS/10.0
      strict-transport-security:
      - max-age=31536000; includeSubDomains
      transfer-encoding:
      - chunked
      vary:
      - Accept-Encoding
      x-content-type-options:
      - nosniff
      x-ms-ratelimit-remaining-subscription-writes:
      - '1198'
      x-powered-by:
      - ASP.NET
    status:
      code: 200
      message: OK
- request:
    body: null
    headers:
      Accept:
      - application/json
      Accept-Encoding:
      - gzip, deflate
      CommandName:
      - monitor app-insights component update
      Connection:
      - keep-alive
      ParameterSetName:
      - --app --workspace -g
      User-Agent:
      - python/3.8.0 (Windows-10-10.0.18362-SP0) msrest/0.6.10 msrest_azure/0.6.3
        azure-mgmt-applicationinsights/0.2.0 Azure-SDK-For-Python AZURECLI/2.4.0
      accept-language:
      - en-US
    method: GET
    uri: https://management.azure.com/subscriptions/00000000-0000-0000-0000-000000000000/resourceGroups/clitest.rg000001/providers/Microsoft.Insights/components/demoApp?api-version=2020-02-02-preview
  response:
    body:
      string: '{"id":"/subscriptions/00000000-0000-0000-0000-000000000000/resourceGroups/clitest.rg000001/providers/microsoft.insights/components/demoApp","name":"demoApp","type":"microsoft.insights/components","location":"westus","tags":{},"kind":"web","etag":"\"1800d0ff-0000-0700-0000-5ea696c50000\"","properties":{"Ver":"v2","ApplicationId":"demoApp","AppId":"aea67cde-e179-42d5-b51f-efe4548c63c4","Application_Type":"web","Flow_Type":"Bluefield","Request_Source":"rest","InstrumentationKey":"697eb707-a56f-4ae1-948a-478e3159d171","Name":"demoApp","CreationDate":"2020-04-27T08:24:37.8571823+00:00","TenantId":"57947cb5-aadd-4b6c-9e8e-27f545bb7bf5","provisioningState":"Succeeded","SamplingPercentage":null,"RetentionInDays":90,"Retention":"P90D","publicNetworkAccessForIngestion":"Enabled","publicNetworkAccessForQuery":"Enabled"}}'
    headers:
      access-control-expose-headers:
      - Request-Context
      cache-control:
      - no-cache
      content-length:
      - '880'
      content-type:
      - application/json; charset=utf-8
      date:
      - Mon, 27 Apr 2020 08:24:43 GMT
      expires:
      - '-1'
      pragma:
      - no-cache
      request-context:
      - appId=cid-v1:920e14b1-13f3-461a-a4bb-b4fe6f1a4525
      server:
      - Microsoft-IIS/10.0
      strict-transport-security:
      - max-age=31536000; includeSubDomains
      transfer-encoding:
      - chunked
      vary:
      - Accept-Encoding
      x-content-type-options:
      - nosniff
      x-powered-by:
      - ASP.NET
    status:
      code: 200
      message: OK
- request:
    body: 'b''{"location": "westus", "tags": {}, "kind": "web", "properties": {"Application_Type":
      "web", "Flow_Type": "Bluefield", "Request_Source": "rest", "WorkspaceResourceId":
      "/subscriptions/00000000-0000-0000-0000-000000000000/resourceGroups/clitest.rg000001/providers/microsoft.OperationalInsights/workspaces/clitest000002",
      "publicNetworkAccessForIngestion": "Enabled", "publicNetworkAccessForQuery":
      "Enabled"}}'''
    headers:
      Accept:
      - application/json
      Accept-Encoding:
      - gzip, deflate
      CommandName:
      - monitor app-insights component update
      Connection:
      - keep-alive
      Content-Length:
      - '473'
      Content-Type:
      - application/json; charset=utf-8
      ParameterSetName:
      - --app --workspace -g
      User-Agent:
      - python/3.8.0 (Windows-10-10.0.18362-SP0) msrest/0.6.10 msrest_azure/0.6.3
        azure-mgmt-applicationinsights/0.2.0 Azure-SDK-For-Python AZURECLI/2.4.0
      accept-language:
      - en-US
    method: PUT
    uri: https://management.azure.com/subscriptions/00000000-0000-0000-0000-000000000000/resourceGroups/clitest.rg000001/providers/Microsoft.Insights/components/demoApp?api-version=2020-02-02-preview
  response:
    body:
      string: '{"id":"/subscriptions/00000000-0000-0000-0000-000000000000/resourceGroups/clitest.rg000001/providers/microsoft.insights/components/demoApp","name":"demoApp","type":"microsoft.insights/components","location":"westus","tags":{},"kind":"web","etag":"\"1800faff-0000-0700-0000-5ea696cf0000\"","properties":{"Ver":"v2","ApplicationId":"demoApp","AppId":"aea67cde-e179-42d5-b51f-efe4548c63c4","Application_Type":"web","Flow_Type":"Bluefield","Request_Source":"rest","InstrumentationKey":"697eb707-a56f-4ae1-948a-478e3159d171","Name":"demoApp","CreationDate":"2020-04-27T08:24:37.8571823+00:00","TenantId":"57947cb5-aadd-4b6c-9e8e-27f545bb7bf5","provisioningState":"Succeeded","SamplingPercentage":null,"RetentionInDays":90,"Retention":"P90D","WorkspaceResourceId":"/subscriptions/00000000-0000-0000-0000-000000000000/resourceGroups/clitest.rg000001/providers/microsoft.OperationalInsights/workspaces/clitest000002","publicNetworkAccessForIngestion":"Enabled","publicNetworkAccessForQuery":"Enabled"}}'
    headers:
      access-control-expose-headers:
      - Request-Context
      cache-control:
      - no-cache
      content-length:
      - '1119'
      content-type:
      - application/json; charset=utf-8
      date:
      - Mon, 27 Apr 2020 08:24:49 GMT
      expires:
      - '-1'
      pragma:
      - no-cache
      request-context:
      - appId=cid-v1:920e14b1-13f3-461a-a4bb-b4fe6f1a4525
      server:
      - Microsoft-IIS/10.0
      strict-transport-security:
      - max-age=31536000; includeSubDomains
      transfer-encoding:
      - chunked
      vary:
      - Accept-Encoding
      x-content-type-options:
      - nosniff
      x-ms-ratelimit-remaining-subscription-writes:
      - '1197'
      x-powered-by:
      - ASP.NET
    status:
      code: 200
      message: OK
- request:
    body: null
    headers:
      Accept:
      - application/json
      Accept-Encoding:
      - gzip, deflate
      CommandName:
      - monitor app-insights component update
      Connection:
      - keep-alive
      ParameterSetName:
      - --app --workspace -g
      User-Agent:
      - python/3.8.0 (Windows-10-10.0.18362-SP0) msrest/0.6.10 msrest_azure/0.6.3
        azure-mgmt-applicationinsights/0.2.0 Azure-SDK-For-Python AZURECLI/2.4.0
      accept-language:
      - en-US
    method: GET
    uri: https://management.azure.com/subscriptions/00000000-0000-0000-0000-000000000000/resourceGroups/clitest.rg000001/providers/Microsoft.Insights/components/demoApp?api-version=2020-02-02-preview
  response:
    body:
      string: '{"id":"/subscriptions/00000000-0000-0000-0000-000000000000/resourceGroups/clitest.rg000001/providers/microsoft.insights/components/demoApp","name":"demoApp","type":"microsoft.insights/components","location":"westus","tags":{},"kind":"web","etag":"\"1800faff-0000-0700-0000-5ea696cf0000\"","properties":{"Ver":"v2","ApplicationId":"demoApp","AppId":"aea67cde-e179-42d5-b51f-efe4548c63c4","Application_Type":"web","Flow_Type":"Bluefield","Request_Source":"rest","InstrumentationKey":"697eb707-a56f-4ae1-948a-478e3159d171","Name":"demoApp","CreationDate":"2020-04-27T08:24:37.8571823+00:00","TenantId":"57947cb5-aadd-4b6c-9e8e-27f545bb7bf5","provisioningState":"Succeeded","SamplingPercentage":null,"RetentionInDays":90,"Retention":"P90D","WorkspaceResourceId":"/subscriptions/00000000-0000-0000-0000-000000000000/resourceGroups/clitest.rg000001/providers/microsoft.OperationalInsights/workspaces/clitest000002","publicNetworkAccessForIngestion":"Enabled","publicNetworkAccessForQuery":"Enabled"}}'
    headers:
      access-control-expose-headers:
      - Request-Context
      cache-control:
      - no-cache
      content-length:
      - '1119'
      content-type:
      - application/json; charset=utf-8
      date:
      - Mon, 27 Apr 2020 08:24:51 GMT
      expires:
      - '-1'
      pragma:
      - no-cache
      request-context:
      - appId=cid-v1:920e14b1-13f3-461a-a4bb-b4fe6f1a4525
      server:
      - Microsoft-IIS/10.0
      strict-transport-security:
      - max-age=31536000; includeSubDomains
      transfer-encoding:
      - chunked
      vary:
      - Accept-Encoding
      x-content-type-options:
      - nosniff
      x-powered-by:
      - ASP.NET
    status:
      code: 200
      message: OK
- request:
    body: 'b''{"location": "westus", "tags": {}, "kind": "web", "properties": {"Application_Type":
      "web", "Flow_Type": "Bluefield", "Request_Source": "rest", "WorkspaceResourceId":
      "/subscriptions/00000000-0000-0000-0000-000000000000/resourceGroups/clitest.rg000001/providers/microsoft.OperationalInsights/workspaces/clitest000003",
      "publicNetworkAccessForIngestion": "Enabled", "publicNetworkAccessForQuery":
      "Enabled"}}'''
    headers:
      Accept:
      - application/json
      Accept-Encoding:
      - gzip, deflate
      CommandName:
      - monitor app-insights component update
      Connection:
      - keep-alive
      Content-Length:
      - '473'
      Content-Type:
      - application/json; charset=utf-8
      ParameterSetName:
      - --app --workspace -g
      User-Agent:
      - python/3.8.0 (Windows-10-10.0.18362-SP0) msrest/0.6.10 msrest_azure/0.6.3
        azure-mgmt-applicationinsights/0.2.0 Azure-SDK-For-Python AZURECLI/2.4.0
      accept-language:
      - en-US
    method: PUT
    uri: https://management.azure.com/subscriptions/00000000-0000-0000-0000-000000000000/resourceGroups/clitest.rg000001/providers/Microsoft.Insights/components/demoApp?api-version=2020-02-02-preview
  response:
    body:
      string: '{"id":"/subscriptions/00000000-0000-0000-0000-000000000000/resourceGroups/clitest.rg000001/providers/microsoft.insights/components/demoApp","name":"demoApp","type":"microsoft.insights/components","location":"westus","tags":{},"kind":"web","etag":"\"19002d00-0000-0700-0000-5ea696d60000\"","properties":{"Ver":"v2","ApplicationId":"demoApp","AppId":"aea67cde-e179-42d5-b51f-efe4548c63c4","Application_Type":"web","Flow_Type":"Bluefield","Request_Source":"rest","InstrumentationKey":"697eb707-a56f-4ae1-948a-478e3159d171","Name":"demoApp","CreationDate":"2020-04-27T08:24:37.8571823+00:00","TenantId":"57947cb5-aadd-4b6c-9e8e-27f545bb7bf5","provisioningState":"Succeeded","SamplingPercentage":null,"RetentionInDays":90,"Retention":"P90D","WorkspaceResourceId":"/subscriptions/00000000-0000-0000-0000-000000000000/resourceGroups/clitest.rg000001/providers/microsoft.OperationalInsights/workspaces/clitest000003","publicNetworkAccessForIngestion":"Enabled","publicNetworkAccessForQuery":"Enabled"}}'
    headers:
      access-control-expose-headers:
      - Request-Context
      cache-control:
      - no-cache
      content-length:
      - '1119'
      content-type:
      - application/json; charset=utf-8
      date:
      - Mon, 27 Apr 2020 08:24:56 GMT
      expires:
      - '-1'
      pragma:
      - no-cache
      request-context:
      - appId=cid-v1:920e14b1-13f3-461a-a4bb-b4fe6f1a4525
      server:
      - Microsoft-IIS/10.0
      strict-transport-security:
      - max-age=31536000; includeSubDomains
      transfer-encoding:
      - chunked
      vary:
      - Accept-Encoding
      x-content-type-options:
      - nosniff
      x-ms-ratelimit-remaining-subscription-writes:
      - '1198'
      x-powered-by:
      - ASP.NET
    status:
      code: 200
      message: OK
- request:
    body: null
    headers:
      Accept:
      - application/json
      Accept-Encoding:
      - gzip, deflate
      CommandName:
      - monitor app-insights component update
      Connection:
      - keep-alive
      ParameterSetName:
      - --app --workspace --kind -g
      User-Agent:
      - python/3.8.0 (Windows-10-10.0.18362-SP0) msrest/0.6.10 msrest_azure/0.6.3
        azure-mgmt-applicationinsights/0.2.0 Azure-SDK-For-Python AZURECLI/2.4.0
      accept-language:
      - en-US
    method: GET
    uri: https://management.azure.com/subscriptions/00000000-0000-0000-0000-000000000000/resourceGroups/clitest.rg000001/providers/Microsoft.Insights/components/demoApp?api-version=2020-02-02-preview
  response:
    body:
      string: '{"id":"/subscriptions/00000000-0000-0000-0000-000000000000/resourceGroups/clitest.rg000001/providers/microsoft.insights/components/demoApp","name":"demoApp","type":"microsoft.insights/components","location":"westus","tags":{},"kind":"web","etag":"\"19002d00-0000-0700-0000-5ea696d60000\"","properties":{"Ver":"v2","ApplicationId":"demoApp","AppId":"aea67cde-e179-42d5-b51f-efe4548c63c4","Application_Type":"web","Flow_Type":"Bluefield","Request_Source":"rest","InstrumentationKey":"697eb707-a56f-4ae1-948a-478e3159d171","Name":"demoApp","CreationDate":"2020-04-27T08:24:37.8571823+00:00","TenantId":"57947cb5-aadd-4b6c-9e8e-27f545bb7bf5","provisioningState":"Succeeded","SamplingPercentage":null,"RetentionInDays":90,"Retention":"P90D","WorkspaceResourceId":"/subscriptions/00000000-0000-0000-0000-000000000000/resourceGroups/clitest.rg000001/providers/microsoft.OperationalInsights/workspaces/clitest000003","publicNetworkAccessForIngestion":"Enabled","publicNetworkAccessForQuery":"Enabled"}}'
    headers:
      access-control-expose-headers:
      - Request-Context
      cache-control:
      - no-cache
      content-length:
      - '1119'
      content-type:
      - application/json; charset=utf-8
      date:
      - Mon, 27 Apr 2020 08:24:59 GMT
      expires:
      - '-1'
      pragma:
      - no-cache
      request-context:
      - appId=cid-v1:920e14b1-13f3-461a-a4bb-b4fe6f1a4525
      server:
      - Microsoft-IIS/10.0
      strict-transport-security:
      - max-age=31536000; includeSubDomains
      transfer-encoding:
      - chunked
      vary:
      - Accept-Encoding
      x-content-type-options:
      - nosniff
      x-powered-by:
      - ASP.NET
    status:
      code: 200
      message: OK
- request:
    body: 'b''{"location": "westus", "tags": {}, "kind": "ios", "properties": {"Application_Type":
      "web", "Flow_Type": "Bluefield", "Request_Source": "rest", "WorkspaceResourceId":
      "/subscriptions/00000000-0000-0000-0000-000000000000/resourceGroups/clitest.rg000001/providers/microsoft.OperationalInsights/workspaces/clitest000002",
      "publicNetworkAccessForIngestion": "Enabled", "publicNetworkAccessForQuery":
      "Enabled"}}'''
    headers:
      Accept:
      - application/json
      Accept-Encoding:
      - gzip, deflate
      CommandName:
      - monitor app-insights component update
      Connection:
      - keep-alive
      Content-Length:
      - '473'
      Content-Type:
      - application/json; charset=utf-8
      ParameterSetName:
      - --app --workspace --kind -g
      User-Agent:
      - python/3.8.0 (Windows-10-10.0.18362-SP0) msrest/0.6.10 msrest_azure/0.6.3
        azure-mgmt-applicationinsights/0.2.0 Azure-SDK-For-Python AZURECLI/2.4.0
      accept-language:
      - en-US
    method: PUT
    uri: https://management.azure.com/subscriptions/00000000-0000-0000-0000-000000000000/resourceGroups/clitest.rg000001/providers/Microsoft.Insights/components/demoApp?api-version=2020-02-02-preview
  response:
    body:
      string: '{"id":"/subscriptions/00000000-0000-0000-0000-000000000000/resourceGroups/clitest.rg000001/providers/microsoft.insights/components/demoApp","name":"demoApp","type":"microsoft.insights/components","location":"westus","tags":{},"kind":"ios","etag":"\"19007500-0000-0700-0000-5ea696ea0000\"","properties":{"Ver":"v2","ApplicationId":"demoApp","AppId":"aea67cde-e179-42d5-b51f-efe4548c63c4","Application_Type":"web","Flow_Type":"Bluefield","Request_Source":"rest","InstrumentationKey":"697eb707-a56f-4ae1-948a-478e3159d171","Name":"demoApp","CreationDate":"2020-04-27T08:24:37.8571823+00:00","TenantId":"57947cb5-aadd-4b6c-9e8e-27f545bb7bf5","provisioningState":"Succeeded","SamplingPercentage":null,"RetentionInDays":90,"Retention":"P90D","WorkspaceResourceId":"/subscriptions/00000000-0000-0000-0000-000000000000/resourceGroups/clitest.rg000001/providers/microsoft.OperationalInsights/workspaces/clitest000002","publicNetworkAccessForIngestion":"Enabled","publicNetworkAccessForQuery":"Enabled"}}'
    headers:
      access-control-expose-headers:
      - Request-Context
      cache-control:
      - no-cache
      content-length:
      - '1119'
      content-type:
      - application/json; charset=utf-8
      date:
      - Mon, 27 Apr 2020 08:25:19 GMT
      expires:
      - '-1'
      pragma:
      - no-cache
      request-context:
      - appId=cid-v1:920e14b1-13f3-461a-a4bb-b4fe6f1a4525
      server:
      - Microsoft-IIS/10.0
      strict-transport-security:
      - max-age=31536000; includeSubDomains
      transfer-encoding:
      - chunked
      vary:
      - Accept-Encoding
      x-content-type-options:
      - nosniff
      x-ms-ratelimit-remaining-subscription-writes:
      - '1198'
      x-powered-by:
      - ASP.NET
    status:
      code: 200
      message: OK
- request:
    body: 'b''{"location": "westus", "kind": "ios", "properties": {"Application_Type":
      "web", "Flow_Type": "Bluefield", "Request_Source": "rest", "WorkspaceResourceId":
      "/subscriptions/00000000-0000-0000-0000-000000000000/resourceGroups/clitest.rg000001/providers/microsoft.OperationalInsights/workspaces/clitest000003"}}'''
    headers:
      Accept:
      - application/json
      Accept-Encoding:
      - gzip, deflate
      CommandName:
      - monitor app-insights component create
      Connection:
      - keep-alive
      Content-Length:
      - '373'
      Content-Type:
      - application/json; charset=utf-8
      ParameterSetName:
      - --app --workspace --location --kind -g --application-type
      User-Agent:
      - python/3.8.0 (Windows-10-10.0.18362-SP0) msrest/0.6.10 msrest_azure/0.6.3
        azure-mgmt-applicationinsights/0.2.0 Azure-SDK-For-Python AZURECLI/2.4.0
      accept-language:
      - en-US
    method: PUT
    uri: https://management.azure.com/subscriptions/00000000-0000-0000-0000-000000000000/resourceGroups/clitest.rg000001/providers/Microsoft.Insights/components/testApp?api-version=2020-02-02-preview
  response:
    body:
      string: '{"id":"/subscriptions/00000000-0000-0000-0000-000000000000/resourceGroups/clitest.rg000001/providers/microsoft.insights/components/testApp","name":"testApp","type":"microsoft.insights/components","location":"westus","tags":{},"kind":"ios","etag":"\"19000801-0000-0700-0000-5ea6970b0000\"","properties":{"Ver":"v2","ApplicationId":"testApp","AppId":"6d710c63-8820-4729-b78c-8344fd5adce2","Application_Type":"web","Flow_Type":"Bluefield","Request_Source":"rest","InstrumentationKey":"869dc5d3-0c6e-42ee-b873-fbd1ad8c31fd","Name":"testApp","CreationDate":"2020-04-27T08:25:47.5261462+00:00","TenantId":"57947cb5-aadd-4b6c-9e8e-27f545bb7bf5","provisioningState":"Succeeded","SamplingPercentage":null,"WorkspaceResourceId":"/subscriptions/00000000-0000-0000-0000-000000000000/resourceGroups/clitest.rg000001/providers/microsoft.OperationalInsights/workspaces/clitest000003","publicNetworkAccessForIngestion":"Enabled","publicNetworkAccessForQuery":"Enabled"}}'
    headers:
      access-control-expose-headers:
      - Request-Context
      cache-control:
      - no-cache
      content-length:
      - '1079'
      content-type:
      - application/json; charset=utf-8
      date:
      - Mon, 27 Apr 2020 08:25:49 GMT
      expires:
      - '-1'
      pragma:
      - no-cache
      request-context:
      - appId=cid-v1:920e14b1-13f3-461a-a4bb-b4fe6f1a4525
      server:
      - Microsoft-IIS/10.0
      strict-transport-security:
      - max-age=31536000; includeSubDomains
      transfer-encoding:
      - chunked
      vary:
      - Accept-Encoding
      x-content-type-options:
      - nosniff
      x-ms-ratelimit-remaining-subscription-writes:
      - '1199'
      x-powered-by:
      - ASP.NET
    status:
      code: 200
      message: OK
- request:
    body: null
    headers:
      Accept:
      - application/json
      Accept-Encoding:
      - gzip, deflate
      CommandName:
      - monitor app-insights component update
      Connection:
      - keep-alive
      ParameterSetName:
      - --app --kind -g
      User-Agent:
      - python/3.8.0 (Windows-10-10.0.18362-SP0) msrest/0.6.10 msrest_azure/0.6.3
        azure-mgmt-applicationinsights/0.2.0 Azure-SDK-For-Python AZURECLI/2.4.0
      accept-language:
      - en-US
    method: GET
    uri: https://management.azure.com/subscriptions/00000000-0000-0000-0000-000000000000/resourceGroups/clitest.rg000001/providers/Microsoft.Insights/components/testApp?api-version=2018-05-01-preview
  response:
    body:
      string: '{"id":"/subscriptions/00000000-0000-0000-0000-000000000000/resourceGroups/clitest.rg000001/providers/microsoft.insights/components/testApp","name":"testApp","type":"microsoft.insights/components","location":"westus","tags":{},"kind":"ios","etag":"\"19000801-0000-0700-0000-5ea6970b0000\"","properties":{"Ver":"v2","ApplicationId":"testApp","AppId":"6d710c63-8820-4729-b78c-8344fd5adce2","Application_Type":"web","Flow_Type":"Bluefield","Request_Source":"rest","InstrumentationKey":"869dc5d3-0c6e-42ee-b873-fbd1ad8c31fd","ConnectionString":"InstrumentationKey=869dc5d3-0c6e-42ee-b873-fbd1ad8c31fd","Name":"testApp","CreationDate":"2020-04-27T08:25:47.5261462+00:00","TenantId":"57947cb5-aadd-4b6c-9e8e-27f545bb7bf5","provisioningState":"Succeeded","SamplingPercentage":null,"WorkspaceResourceId":"/subscriptions/00000000-0000-0000-0000-000000000000/resourceGroups/clitest.rg000001/providers/microsoft.OperationalInsights/workspaces/clitest000003","publicNetworkAccessForIngestion":"Enabled","publicNetworkAccessForQuery":"Enabled"}}'
    headers:
      access-control-expose-headers:
      - Request-Context
      cache-control:
      - no-cache
      content-length:
      - '1156'
      content-type:
      - application/json; charset=utf-8
      date:
      - Mon, 27 Apr 2020 08:25:52 GMT
      expires:
      - '-1'
      pragma:
      - no-cache
      request-context:
      - appId=cid-v1:920e14b1-13f3-461a-a4bb-b4fe6f1a4525
      server:
      - Microsoft-IIS/10.0
      strict-transport-security:
      - max-age=31536000; includeSubDomains
      transfer-encoding:
      - chunked
      vary:
      - Accept-Encoding
      x-content-type-options:
      - nosniff
      x-powered-by:
      - ASP.NET
    status:
      code: 200
      message: OK
- request:
    body: '{"location": "westus", "tags": {}, "kind": "ios", "properties": {"Application_Type":
      "web", "Flow_Type": "Bluefield", "Request_Source": "rest", "publicNetworkAccessForIngestion":
      "Enabled", "publicNetworkAccessForQuery": "Enabled"}}'
    headers:
      Accept:
      - application/json
      Accept-Encoding:
      - gzip, deflate
      CommandName:
      - monitor app-insights component update
      Connection:
      - keep-alive
      Content-Length:
      - '232'
      Content-Type:
      - application/json; charset=utf-8
      ParameterSetName:
      - --app --kind -g
      User-Agent:
      - python/3.8.0 (Windows-10-10.0.18362-SP0) msrest/0.6.10 msrest_azure/0.6.3
        azure-mgmt-applicationinsights/0.2.0 Azure-SDK-For-Python AZURECLI/2.4.0
      accept-language:
      - en-US
    method: PUT
    uri: https://management.azure.com/subscriptions/00000000-0000-0000-0000-000000000000/resourceGroups/clitest.rg000001/providers/Microsoft.Insights/components/testApp?api-version=2018-05-01-preview
  response:
    body:
      string: '{"id":"/subscriptions/00000000-0000-0000-0000-000000000000/resourceGroups/clitest.rg000001/providers/microsoft.insights/components/testApp","name":"testApp","type":"microsoft.insights/components","location":"westus","tags":{},"kind":"ios","etag":"\"19003b01-0000-0700-0000-5ea697120000\"","properties":{"Ver":"v2","ApplicationId":"testApp","AppId":"6d710c63-8820-4729-b78c-8344fd5adce2","Application_Type":"web","Flow_Type":"Bluefield","Request_Source":"rest","InstrumentationKey":"869dc5d3-0c6e-42ee-b873-fbd1ad8c31fd","ConnectionString":"InstrumentationKey=869dc5d3-0c6e-42ee-b873-fbd1ad8c31fd","Name":"testApp","CreationDate":"2020-04-27T08:25:47.5261462+00:00","TenantId":"57947cb5-aadd-4b6c-9e8e-27f545bb7bf5","provisioningState":"Succeeded","SamplingPercentage":null,"publicNetworkAccessForIngestion":"Enabled","publicNetworkAccessForQuery":"Enabled"}}'
    headers:
      access-control-expose-headers:
      - Request-Context
      cache-control:
      - no-cache
      content-length:
      - '917'
      content-type:
      - application/json; charset=utf-8
      date:
      - Mon, 27 Apr 2020 08:25:55 GMT
      expires:
      - '-1'
      pragma:
      - no-cache
      request-context:
      - appId=cid-v1:920e14b1-13f3-461a-a4bb-b4fe6f1a4525
      server:
      - Microsoft-IIS/10.0
      strict-transport-security:
      - max-age=31536000; includeSubDomains
      transfer-encoding:
      - chunked
      vary:
      - Accept-Encoding
      x-content-type-options:
      - nosniff
      x-ms-ratelimit-remaining-subscription-writes:
      - '1199'
      x-powered-by:
      - ASP.NET
    status:
      code: 200
      message: OK
version: 1
