interactions:
- request:
    body: null
    headers:
      Accept:
      - application/json
      Accept-Encoding:
      - gzip, deflate
      CommandName:
      - monitor log-analytics workspace create
      Connection:
      - keep-alive
      ParameterSetName:
      - -g -n
      User-Agent:
      - AZURECLI/2.55.0 azsdk-python-azure-mgmt-resource/23.1.0b2 Python/3.10.11 (Windows-10-10.0.22631-SP0)
    method: GET
    uri: https://management.azure.com/subscriptions/00000000-0000-0000-0000-000000000000/resourcegroups/clitest.rg000001?api-version=2022-09-01
  response:
    body:
      string: '{"id":"/subscriptions/00000000-0000-0000-0000-000000000000/resourceGroups/clitest.rg000001","name":"clitest.rg000001","type":"Microsoft.Resources/resourceGroups","location":"westus","tags":{"product":"azurecli","cause":"automation","test":"test_component_with_public_network_access","date":"2023-12-22T01:35:04Z","module":"application-insights"},"properties":{"provisioningState":"Succeeded"}}'
    headers:
      cache-control:
      - no-cache
      content-length:
      - '393'
      content-type:
      - application/json; charset=utf-8
      date:
      - Fri, 22 Dec 2023 01:35:13 GMT
      expires:
      - '-1'
      pragma:
      - no-cache
      strict-transport-security:
      - max-age=31536000; includeSubDomains
      vary:
      - Accept-Encoding
      x-content-type-options:
      - nosniff
    status:
      code: 200
      message: OK
- request:
    body: '{"location": "westus", "properties": {"publicNetworkAccessForIngestion":
      "Enabled", "publicNetworkAccessForQuery": "Enabled", "retentionInDays": 30,
      "sku": {"name": "PerGB2018"}}}'
    headers:
      Accept:
      - application/json
      Accept-Encoding:
      - gzip, deflate
      CommandName:
      - monitor log-analytics workspace create
      Connection:
      - keep-alive
      Content-Length:
      - '179'
      Content-Type:
      - application/json
      ParameterSetName:
      - -g -n
      User-Agent:
      - AZURECLI/2.55.0 (AAZ) azsdk-python-core/1.28.0 Python/3.10.11 (Windows-10-10.0.22631-SP0)
    method: PUT
    uri: https://management.azure.com/subscriptions/00000000-0000-0000-0000-000000000000/resourcegroups/clitest.rg000001/providers/Microsoft.OperationalInsights/workspaces/clitest000002?api-version=2022-10-01
  response:
    body:
      string: '{"properties":{"customerId":"686162d0-5d75-40c5-9583-ff8629138920","provisioningState":"Creating","sku":{"name":"PerGB2018","lastSkuUpdate":"2023-12-22T01:35:16.5092761Z"},"retentionInDays":30,"features":{"legacy":0,"searchVersion":1,"enableLogAccessUsingOnlyResourcePermissions":true},"workspaceCapping":{"dailyQuotaGb":-1.0,"quotaNextResetTime":"2023-12-22T09:00:00Z","dataIngestionStatus":"RespectQuota"},"publicNetworkAccessForIngestion":"Enabled","publicNetworkAccessForQuery":"Enabled","createdDate":"2023-12-22T01:35:16.5092761Z","modifiedDate":"2023-12-22T01:35:16.5092761Z"},"location":"westus","id":"/subscriptions/00000000-0000-0000-0000-000000000000/resourceGroups/clitest.rg000001/providers/Microsoft.OperationalInsights/workspaces/clitest000002","name":"clitest000002","type":"Microsoft.OperationalInsights/workspaces","etag":"\"0a0508f0-0000-0700-0000-6584e7d40000\""}'
    headers:
      access-control-allow-origin:
      - '*'
      api-supported-versions:
      - 2015-03-20, 2020-08-01, 2020-10-01, 2021-06-01, 2022-10-01, 2023-09-01
      cache-control:
      - no-cache
      content-length:
      - '883'
      content-type:
      - application/json; charset=utf-8
      date:
      - Fri, 22 Dec 2023 01:35:15 GMT
      expires:
      - '-1'
      location:
      - https://management.azure.com/subscriptions/00000000-0000-0000-0000-000000000000/resourceGroups/clitest.rg000001/providers/Microsoft.OperationalInsights/workspaces/clitest000002?api-version=2022-10-01
      pragma:
      - no-cache
      request-context:
      - appId=cid-v1:e6336c63-aab2-45f0-996a-e5dbab2a1508
      strict-transport-security:
      - max-age=31536000; includeSubDomains
      x-content-type-options:
      - nosniff
      x-ms-ratelimit-remaining-subscription-writes:
      - '1199'
      x-powered-by:
      - ASP.NET
    status:
      code: 201
      message: Created
- request:
    body: null
    headers:
      Accept:
      - '*/*'
      Accept-Encoding:
      - gzip, deflate
      CommandName:
      - monitor log-analytics workspace create
      Connection:
      - keep-alive
      ParameterSetName:
      - -g -n
      User-Agent:
      - AZURECLI/2.55.0 (AAZ) azsdk-python-core/1.28.0 Python/3.10.11 (Windows-10-10.0.22631-SP0)
    method: GET
    uri: https://management.azure.com/subscriptions/00000000-0000-0000-0000-000000000000/resourceGroups/clitest.rg000001/providers/Microsoft.OperationalInsights/workspaces/clitest000002?api-version=2022-10-01
  response:
    body:
      string: '{"properties":{"customerId":"686162d0-5d75-40c5-9583-ff8629138920","provisioningState":"Creating","sku":{"name":"PerGB2018","lastSkuUpdate":"2023-12-22T01:35:16.5092761Z"},"retentionInDays":30,"features":{"legacy":0,"searchVersion":1,"enableLogAccessUsingOnlyResourcePermissions":true},"workspaceCapping":{"dailyQuotaGb":-1.0,"quotaNextResetTime":"2023-12-22T09:00:00Z","dataIngestionStatus":"RespectQuota"},"publicNetworkAccessForIngestion":"Enabled","publicNetworkAccessForQuery":"Enabled","createdDate":"2023-12-22T01:35:16.5092761Z","modifiedDate":"2023-12-22T01:35:16.5092761Z"},"location":"westus","id":"/subscriptions/00000000-0000-0000-0000-000000000000/resourceGroups/clitest.rg000001/providers/Microsoft.OperationalInsights/workspaces/clitest000002","name":"clitest000002","type":"Microsoft.OperationalInsights/workspaces","etag":"\"0a0508f0-0000-0700-0000-6584e7d40000\""}'
    headers:
      access-control-allow-origin:
      - '*'
      api-supported-versions:
      - 2015-03-20, 2020-08-01, 2020-10-01, 2021-06-01, 2022-10-01, 2023-09-01
      cache-control:
      - no-cache
      content-length:
      - '883'
      content-type:
      - application/json; charset=utf-8
      date:
      - Fri, 22 Dec 2023 01:35:16 GMT
      expires:
      - '-1'
      pragma:
      - no-cache
      request-context:
      - appId=cid-v1:e6336c63-aab2-45f0-996a-e5dbab2a1508
      strict-transport-security:
      - max-age=31536000; includeSubDomains
      transfer-encoding:
      - chunked
      vary:
      - Accept-Encoding
      x-content-type-options:
      - nosniff
      x-powered-by:
      - ASP.NET
    status:
      code: 200
      message: OK
- request:
    body: null
    headers:
      Accept:
      - application/json
      Accept-Encoding:
      - gzip, deflate
      CommandName:
      - monitor log-analytics workspace create
      Connection:
      - keep-alive
      ParameterSetName:
      - -g -n
      User-Agent:
      - AZURECLI/2.55.0 azsdk-python-azure-mgmt-resource/23.1.0b2 Python/3.10.11 (Windows-10-10.0.22631-SP0)
    method: GET
    uri: https://management.azure.com/subscriptions/00000000-0000-0000-0000-000000000000/resourcegroups/clitest.rg000001?api-version=2022-09-01
  response:
    body:
      string: '{"id":"/subscriptions/00000000-0000-0000-0000-000000000000/resourceGroups/clitest.rg000001","name":"clitest.rg000001","type":"Microsoft.Resources/resourceGroups","location":"westus","tags":{"product":"azurecli","cause":"automation","test":"test_component_with_public_network_access","date":"2023-12-22T01:35:04Z","module":"application-insights"},"properties":{"provisioningState":"Succeeded"}}'
    headers:
      cache-control:
      - no-cache
      content-length:
      - '393'
      content-type:
      - application/json; charset=utf-8
      date:
      - Fri, 22 Dec 2023 01:35:18 GMT
      expires:
      - '-1'
      pragma:
      - no-cache
      strict-transport-security:
      - max-age=31536000; includeSubDomains
      vary:
      - Accept-Encoding
      x-content-type-options:
      - nosniff
    status:
      code: 200
      message: OK
- request:
    body: '{"location": "westus", "properties": {"publicNetworkAccessForIngestion":
      "Enabled", "publicNetworkAccessForQuery": "Enabled", "retentionInDays": 30,
      "sku": {"name": "PerGB2018"}}}'
    headers:
      Accept:
      - application/json
      Accept-Encoding:
      - gzip, deflate
      CommandName:
      - monitor log-analytics workspace create
      Connection:
      - keep-alive
      Content-Length:
      - '179'
      Content-Type:
      - application/json
      ParameterSetName:
      - -g -n
      User-Agent:
      - AZURECLI/2.55.0 (AAZ) azsdk-python-core/1.28.0 Python/3.10.11 (Windows-10-10.0.22631-SP0)
    method: PUT
    uri: https://management.azure.com/subscriptions/00000000-0000-0000-0000-000000000000/resourcegroups/clitest.rg000001/providers/Microsoft.OperationalInsights/workspaces/clitest000003?api-version=2022-10-01
  response:
    body:
      string: '{"properties":{"customerId":"f9bba147-e654-464c-98f4-457a543da9c2","provisioningState":"Creating","sku":{"name":"PerGB2018","lastSkuUpdate":"2023-12-22T01:35:20.7103788Z"},"retentionInDays":30,"features":{"legacy":0,"searchVersion":1,"enableLogAccessUsingOnlyResourcePermissions":true},"workspaceCapping":{"dailyQuotaGb":-1.0,"quotaNextResetTime":"2023-12-22T19:00:00Z","dataIngestionStatus":"RespectQuota"},"publicNetworkAccessForIngestion":"Enabled","publicNetworkAccessForQuery":"Enabled","createdDate":"2023-12-22T01:35:20.7103788Z","modifiedDate":"2023-12-22T01:35:20.7103788Z"},"location":"westus","id":"/subscriptions/00000000-0000-0000-0000-000000000000/resourceGroups/clitest.rg000001/providers/Microsoft.OperationalInsights/workspaces/clitest000003","name":"clitest000003","type":"Microsoft.OperationalInsights/workspaces","etag":"\"0a0544f0-0000-0700-0000-6584e7d80000\""}'
    headers:
      access-control-allow-origin:
      - '*'
      api-supported-versions:
      - 2015-03-20, 2020-08-01, 2020-10-01, 2021-06-01, 2022-10-01, 2023-09-01
      cache-control:
      - no-cache
      content-length:
      - '883'
      content-type:
      - application/json; charset=utf-8
      date:
      - Fri, 22 Dec 2023 01:35:20 GMT
      expires:
      - '-1'
      location:
      - https://management.azure.com/subscriptions/00000000-0000-0000-0000-000000000000/resourceGroups/clitest.rg000001/providers/Microsoft.OperationalInsights/workspaces/clitest000003?api-version=2022-10-01
      pragma:
      - no-cache
      request-context:
      - appId=cid-v1:e6336c63-aab2-45f0-996a-e5dbab2a1508
      strict-transport-security:
      - max-age=31536000; includeSubDomains
      x-content-type-options:
      - nosniff
      x-ms-ratelimit-remaining-subscription-writes:
      - '1199'
      x-powered-by:
      - ASP.NET
    status:
      code: 201
      message: Created
- request:
    body: null
    headers:
      Accept:
      - '*/*'
      Accept-Encoding:
      - gzip, deflate
      CommandName:
      - monitor log-analytics workspace create
      Connection:
      - keep-alive
      ParameterSetName:
      - -g -n
      User-Agent:
      - AZURECLI/2.55.0 (AAZ) azsdk-python-core/1.28.0 Python/3.10.11 (Windows-10-10.0.22631-SP0)
    method: GET
    uri: https://management.azure.com/subscriptions/00000000-0000-0000-0000-000000000000/resourceGroups/clitest.rg000001/providers/Microsoft.OperationalInsights/workspaces/clitest000003?api-version=2022-10-01
  response:
    body:
      string: '{"properties":{"customerId":"f9bba147-e654-464c-98f4-457a543da9c2","provisioningState":"Creating","sku":{"name":"PerGB2018","lastSkuUpdate":"2023-12-22T01:35:20.7103788Z"},"retentionInDays":30,"features":{"legacy":0,"searchVersion":1,"enableLogAccessUsingOnlyResourcePermissions":true},"workspaceCapping":{"dailyQuotaGb":-1.0,"quotaNextResetTime":"2023-12-22T19:00:00Z","dataIngestionStatus":"RespectQuota"},"publicNetworkAccessForIngestion":"Enabled","publicNetworkAccessForQuery":"Enabled","createdDate":"2023-12-22T01:35:20.7103788Z","modifiedDate":"2023-12-22T01:35:20.7103788Z"},"location":"westus","id":"/subscriptions/00000000-0000-0000-0000-000000000000/resourceGroups/clitest.rg000001/providers/Microsoft.OperationalInsights/workspaces/clitest000003","name":"clitest000003","type":"Microsoft.OperationalInsights/workspaces","etag":"\"0a0544f0-0000-0700-0000-6584e7d80000\""}'
    headers:
      access-control-allow-origin:
      - '*'
      api-supported-versions:
      - 2015-03-20, 2020-08-01, 2020-10-01, 2021-06-01, 2022-10-01, 2023-09-01
      cache-control:
      - no-cache
      content-length:
      - '883'
      content-type:
      - application/json; charset=utf-8
      date:
      - Fri, 22 Dec 2023 01:35:20 GMT
      expires:
      - '-1'
      pragma:
      - no-cache
      request-context:
      - appId=cid-v1:e6336c63-aab2-45f0-996a-e5dbab2a1508
      strict-transport-security:
      - max-age=31536000; includeSubDomains
      transfer-encoding:
      - chunked
      vary:
      - Accept-Encoding
      x-content-type-options:
      - nosniff
      x-powered-by:
      - ASP.NET
    status:
      code: 200
      message: OK
- request:
    body: '{"location": "westus", "kind": "web", "properties": {"Application_Type":
      "web", "Flow_Type": "Bluefield", "Request_Source": "rest", "IngestionMode":
      "ApplicationInsights"}}'
    headers:
      Accept:
      - application/json
      Accept-Encoding:
      - gzip, deflate
      CommandName:
      - monitor app-insights component create
      Connection:
      - keep-alive
      Content-Length:
      - '172'
      Content-Type:
      - application/json
      ParameterSetName:
      - --app --location --kind -g --application-type
      User-Agent:
      - AZURECLI/2.55.0 azsdk-python-azure-mgmt-applicationinsights/1.0.0 Python/3.10.11
        (Windows-10-10.0.22631-SP0)
    method: PUT
    uri: https://management.azure.com/subscriptions/00000000-0000-0000-0000-000000000000/resourceGroups/clitest.rg000001/providers/Microsoft.Insights/components/demoApp?api-version=2018-05-01-preview
  response:
    body:
      string: "{\r\n  \"id\": \"/subscriptions/00000000-0000-0000-0000-000000000000/resourceGroups/clitest.rg000001/providers/microsoft.insights/components/demoApp\"\
        ,\r\n  \"name\": \"demoApp\",\r\n  \"type\": \"microsoft.insights/components\"\
        ,\r\n  \"location\": \"westus\",\r\n  \"tags\": {},\r\n  \"kind\": \"web\"\
        ,\r\n  \"etag\": \"\\\"d82e726b-0000-0200-0000-6584e7dc0000\\\"\",\r\n  \"\
        properties\": {\r\n    \"ApplicationId\": \"demoApp\",\r\n    \"AppId\": \"\
        98e36f30-5f74-49b9-ad82-eb2ce710c139\",\r\n    \"Application_Type\": \"web\"\
        ,\r\n    \"Flow_Type\": \"Bluefield\",\r\n    \"Request_Source\": \"rest\"\
        ,\r\n    \"InstrumentationKey\": \"30adb0aa-5409-4e96-8298-e2f766f30b6a\"\
        ,\r\n    \"ConnectionString\": \"InstrumentationKey=30adb0aa-5409-4e96-8298-e2f766f30b6a;IngestionEndpoint=https://westus-0.in.applicationinsights.azure.com/;LiveEndpoint=https://westus.livediagnostics.monitor.azure.com/\"\
        ,\r\n    \"Name\": \"demoApp\",\r\n    \"CreationDate\": \"2023-12-22T01:35:24.1737017+00:00\"\
        ,\r\n    \"TenantId\": \"0b1f6471-1bf0-4dda-aec3-cb9272f09590\",\r\n    \"\
        provisioningState\": \"Succeeded\",\r\n    \"SamplingPercentage\": null,\r\
        \n    \"RetentionInDays\": 90,\r\n    \"IngestionMode\": \"ApplicationInsights\"\
        ,\r\n    \"publicNetworkAccessForIngestion\": \"Enabled\",\r\n    \"publicNetworkAccessForQuery\"\
        : \"Enabled\",\r\n    \"Ver\": \"v2\"\r\n  }\r\n}"
    headers:
      access-control-expose-headers:
      - Request-Context
      cache-control:
      - no-cache
      content-length:
      - '1214'
      content-type:
      - application/json; charset=utf-8
      date:
      - Fri, 22 Dec 2023 01:35:24 GMT
      expires:
      - '-1'
      pragma:
      - no-cache
      request-context:
      - appId=cid-v1:0dd6a9c3-b728-41ca-aa78-7e1962e22331
      server:
      - Microsoft-IIS/10.0
      strict-transport-security:
      - max-age=31536000; includeSubDomains
      transfer-encoding:
      - chunked
      vary:
      - Accept-Encoding
      x-content-type-options:
      - nosniff
      x-ms-ratelimit-remaining-subscription-writes:
      - '1197'
      x-powered-by:
      - ASP.NET
    status:
      code: 200
      message: OK
- request:
    body: null
    headers:
      Accept:
      - application/json
      Accept-Encoding:
      - gzip, deflate
      CommandName:
      - monitor app-insights component update
      Connection:
      - keep-alive
      ParameterSetName:
      - --app --query-access --ingestion-access -g
      User-Agent:
      - AZURECLI/2.55.0 azsdk-python-azure-mgmt-applicationinsights/1.0.0 Python/3.10.11
        (Windows-10-10.0.22631-SP0)
    method: GET
    uri: https://management.azure.com/subscriptions/00000000-0000-0000-0000-000000000000/resourceGroups/clitest.rg000001/providers/Microsoft.Insights/components/demoApp?api-version=2018-05-01-preview
  response:
    body:
      string: "{\r\n  \"id\": \"/subscriptions/00000000-0000-0000-0000-000000000000/resourceGroups/clitest.rg000001/providers/microsoft.insights/components/demoApp\"\
        ,\r\n  \"name\": \"demoApp\",\r\n  \"type\": \"microsoft.insights/components\"\
        ,\r\n  \"location\": \"westus\",\r\n  \"tags\": {},\r\n  \"kind\": \"web\"\
        ,\r\n  \"etag\": \"\\\"d82e726b-0000-0200-0000-6584e7dc0000\\\"\",\r\n  \"\
        properties\": {\r\n    \"ApplicationId\": \"demoApp\",\r\n    \"AppId\": \"\
        98e36f30-5f74-49b9-ad82-eb2ce710c139\",\r\n    \"Application_Type\": \"web\"\
        ,\r\n    \"Flow_Type\": \"Bluefield\",\r\n    \"Request_Source\": \"rest\"\
        ,\r\n    \"InstrumentationKey\": \"30adb0aa-5409-4e96-8298-e2f766f30b6a\"\
        ,\r\n    \"ConnectionString\": \"InstrumentationKey=30adb0aa-5409-4e96-8298-e2f766f30b6a;IngestionEndpoint=https://westus-0.in.applicationinsights.azure.com/;LiveEndpoint=https://westus.livediagnostics.monitor.azure.com/\"\
        ,\r\n    \"Name\": \"demoApp\",\r\n    \"CreationDate\": \"2023-12-22T01:35:24.1737017+00:00\"\
        ,\r\n    \"TenantId\": \"0b1f6471-1bf0-4dda-aec3-cb9272f09590\",\r\n    \"\
        provisioningState\": \"Succeeded\",\r\n    \"SamplingPercentage\": null,\r\
        \n    \"RetentionInDays\": 90,\r\n    \"IngestionMode\": \"ApplicationInsights\"\
        ,\r\n    \"publicNetworkAccessForIngestion\": \"Enabled\",\r\n    \"publicNetworkAccessForQuery\"\
        : \"Enabled\",\r\n    \"Ver\": \"v2\"\r\n  }\r\n}"
    headers:
      access-control-expose-headers:
      - Request-Context
      cache-control:
      - no-cache
      content-length:
      - '1214'
      content-type:
      - application/json; charset=utf-8
      date:
      - Fri, 22 Dec 2023 01:35:24 GMT
      expires:
      - '-1'
      pragma:
      - no-cache
      request-context:
      - appId=cid-v1:0dd6a9c3-b728-41ca-aa78-7e1962e22331
      server:
      - Microsoft-IIS/10.0
      strict-transport-security:
      - max-age=31536000; includeSubDomains
      transfer-encoding:
      - chunked
      vary:
      - Accept-Encoding
      x-content-type-options:
      - nosniff
      x-powered-by:
      - ASP.NET
    status:
      code: 200
      message: OK
- request:
    body: '{"location": "westus", "tags": {}, "kind": "web", "properties": {"Application_Type":
      "web", "Flow_Type": "Bluefield", "Request_Source": "rest", "RetentionInDays":
      90, "publicNetworkAccessForIngestion": "Enabled", "publicNetworkAccessForQuery":
      "Enabled", "IngestionMode": "ApplicationInsights"}}'
    headers:
      Accept:
      - application/json
      Accept-Encoding:
      - gzip, deflate
      CommandName:
      - monitor app-insights component update
      Connection:
      - keep-alive
      Content-Length:
      - '295'
      Content-Type:
      - application/json
      ParameterSetName:
      - --app --query-access --ingestion-access -g
      User-Agent:
      - AZURECLI/2.55.0 azsdk-python-azure-mgmt-applicationinsights/1.0.0 Python/3.10.11
        (Windows-10-10.0.22631-SP0)
    method: PUT
    uri: https://management.azure.com/subscriptions/00000000-0000-0000-0000-000000000000/resourceGroups/clitest.rg000001/providers/Microsoft.Insights/components/demoApp?api-version=2018-05-01-preview
  response:
    body:
      string: "{\r\n  \"id\": \"/subscriptions/00000000-0000-0000-0000-000000000000/resourceGroups/clitest.rg000001/providers/microsoft.insights/components/demoApp\"\
        ,\r\n  \"name\": \"demoApp\",\r\n  \"type\": \"microsoft.insights/components\"\
        ,\r\n  \"location\": \"westus\",\r\n  \"tags\": {},\r\n  \"kind\": \"web\"\
        ,\r\n  \"etag\": \"\\\"d82e296d-0000-0200-0000-6584e7de0000\\\"\",\r\n  \"\
        properties\": {\r\n    \"ApplicationId\": \"demoApp\",\r\n    \"AppId\": \"\
        98e36f30-5f74-49b9-ad82-eb2ce710c139\",\r\n    \"Application_Type\": \"web\"\
        ,\r\n    \"Flow_Type\": \"Bluefield\",\r\n    \"Request_Source\": \"rest\"\
        ,\r\n    \"InstrumentationKey\": \"30adb0aa-5409-4e96-8298-e2f766f30b6a\"\
        ,\r\n    \"ConnectionString\": \"InstrumentationKey=30adb0aa-5409-4e96-8298-e2f766f30b6a;IngestionEndpoint=https://westus-0.in.applicationinsights.azure.com/;LiveEndpoint=https://westus.livediagnostics.monitor.azure.com/\"\
        ,\r\n    \"Name\": \"demoApp\",\r\n    \"CreationDate\": \"2023-12-22T01:35:24.1737017+00:00\"\
        ,\r\n    \"TenantId\": \"0b1f6471-1bf0-4dda-aec3-cb9272f09590\",\r\n    \"\
        provisioningState\": \"Succeeded\",\r\n    \"SamplingPercentage\": null,\r\
        \n    \"RetentionInDays\": 90,\r\n    \"Retention\": \"P90D\",\r\n    \"IngestionMode\"\
        : \"ApplicationInsights\",\r\n    \"publicNetworkAccessForIngestion\": \"\
        Enabled\",\r\n    \"publicNetworkAccessForQuery\": \"Enabled\",\r\n    \"\
        Ver\": \"v2\"\r\n  }\r\n}"
    headers:
      access-control-expose-headers:
      - Request-Context
      cache-control:
      - no-cache
      content-length:
      - '1240'
      content-type:
      - application/json; charset=utf-8
      date:
      - Fri, 22 Dec 2023 01:35:28 GMT
      expires:
      - '-1'
      pragma:
      - no-cache
      request-context:
      - appId=cid-v1:0dd6a9c3-b728-41ca-aa78-7e1962e22331
      server:
      - Microsoft-IIS/10.0
      strict-transport-security:
      - max-age=31536000; includeSubDomains
      transfer-encoding:
      - chunked
      vary:
      - Accept-Encoding
      x-content-type-options:
      - nosniff
      x-ms-ratelimit-remaining-subscription-writes:
      - '1198'
      x-powered-by:
      - ASP.NET
    status:
      code: 200
      message: OK
- request:
    body: null
    headers:
      Accept:
      - application/json
      Accept-Encoding:
      - gzip, deflate
      CommandName:
      - monitor app-insights component update
      Connection:
      - keep-alive
      ParameterSetName:
      - --app --workspace --query-access --ingestion-access -g
      User-Agent:
      - AZURECLI/2.55.0 azsdk-python-azure-mgmt-applicationinsights/1.0.0 Python/3.10.11
        (Windows-10-10.0.22631-SP0)
    method: GET
    uri: https://management.azure.com/subscriptions/00000000-0000-0000-0000-000000000000/resourceGroups/clitest.rg000001/providers/Microsoft.Insights/components/demoApp?api-version=2020-02-02-preview
  response:
    body:
      string: "{\r\n  \"id\": \"/subscriptions/00000000-0000-0000-0000-000000000000/resourceGroups/clitest.rg000001/providers/microsoft.insights/components/demoApp\"\
        ,\r\n  \"name\": \"demoApp\",\r\n  \"type\": \"microsoft.insights/components\"\
        ,\r\n  \"location\": \"westus\",\r\n  \"tags\": {},\r\n  \"kind\": \"web\"\
        ,\r\n  \"etag\": \"\\\"d82e296d-0000-0200-0000-6584e7de0000\\\"\",\r\n  \"\
        properties\": {\r\n    \"ApplicationId\": \"demoApp\",\r\n    \"AppId\": \"\
        98e36f30-5f74-49b9-ad82-eb2ce710c139\",\r\n    \"Application_Type\": \"web\"\
        ,\r\n    \"Flow_Type\": \"Bluefield\",\r\n    \"Request_Source\": \"rest\"\
        ,\r\n    \"InstrumentationKey\": \"30adb0aa-5409-4e96-8298-e2f766f30b6a\"\
        ,\r\n    \"ConnectionString\": \"InstrumentationKey=30adb0aa-5409-4e96-8298-e2f766f30b6a;IngestionEndpoint=https://westus-0.in.applicationinsights.azure.com/;LiveEndpoint=https://westus.livediagnostics.monitor.azure.com/\"\
        ,\r\n    \"Name\": \"demoApp\",\r\n    \"CreationDate\": \"2023-12-22T01:35:24.1737017+00:00\"\
        ,\r\n    \"TenantId\": \"0b1f6471-1bf0-4dda-aec3-cb9272f09590\",\r\n    \"\
        provisioningState\": \"Succeeded\",\r\n    \"SamplingPercentage\": null,\r\
        \n    \"RetentionInDays\": 90,\r\n    \"Retention\": \"P90D\",\r\n    \"IngestionMode\"\
        : \"ApplicationInsights\",\r\n    \"publicNetworkAccessForIngestion\": \"\
        Enabled\",\r\n    \"publicNetworkAccessForQuery\": \"Enabled\",\r\n    \"\
        Ver\": \"v2\"\r\n  }\r\n}"
    headers:
      access-control-expose-headers:
      - Request-Context
      cache-control:
      - no-cache
      content-length:
      - '1240'
      content-type:
      - application/json; charset=utf-8
      date:
      - Fri, 22 Dec 2023 01:35:31 GMT
      expires:
      - '-1'
      pragma:
      - no-cache
      request-context:
      - appId=cid-v1:0dd6a9c3-b728-41ca-aa78-7e1962e22331
      server:
      - Microsoft-IIS/10.0
      strict-transport-security:
      - max-age=31536000; includeSubDomains
      transfer-encoding:
      - chunked
      vary:
      - Accept-Encoding
      x-content-type-options:
      - nosniff
      x-powered-by:
      - ASP.NET
    status:
      code: 200
      message: OK
- request:
    body: null
    headers:
      Accept:
      - application/json
      Accept-Encoding:
      - gzip, deflate
      CommandName:
      - monitor app-insights component update
      Connection:
      - keep-alive
      ParameterSetName:
      - --app --workspace --query-access --ingestion-access -g
      User-Agent:
      - AZURECLI/2.55.0 azsdk-python-azure-mgmt-resource/23.1.0b2 Python/3.10.11 (Windows-10-10.0.22631-SP0)
    method: GET
    uri: https://management.azure.com/subscriptions/00000000-0000-0000-0000-000000000000/providers/microsoft.OperationalInsights?api-version=2022-09-01
  response:
    body:
      string: '{"id":"/subscriptions/00000000-0000-0000-0000-000000000000/providers/Microsoft.OperationalInsights","namespace":"Microsoft.OperationalInsights","authorizations":[{"applicationId":"d2a0a418-0aac-4541-82b2-b3142c89da77","roleDefinitionId":"86695298-2eb9-48a7-9ec3-2fdb38b6878b"},{"applicationId":"ca7f3f0b-7d91-482c-8e09-c5d840d0eac5","roleDefinitionId":"5d5a2e56-9835-44aa-93db-d2f19e155438"}],"resourceTypes":[{"resourceType":"workspaces","locations":["East
        US","West Europe","Southeast Asia","Australia Southeast","West Central US","Japan
        East","UK South","Central India","Canada Central","West US 2","Australia Central","Australia
        East","France Central","Korea Central","North Europe","Central US","East Asia","East
        US 2","South Central US","North Central US","West US","UK West","South Africa
        North","Brazil South","Switzerland North","Switzerland West","Germany West
        Central","Australia Central 2","UAE Central","UAE North","Japan West","Brazil
        Southeast","Norway East","Norway West","France South","South India","Korea
        South","Jio India Central","Jio India West","Qatar Central","Canada East","West
        US 3","Sweden Central","South Africa West","Germany North","Poland Central","Israel
        Central","Italy North"],"apiVersions":["2023-09-01","2022-10-01","2021-12-01-preview","2021-06-01","2021-03-01-privatepreview","2020-10-01","2020-08-01","2020-03-01-preview","2017-04-26-preview","2017-03-15-preview","2017-03-03-preview","2017-01-01-preview","2015-11-01-preview","2015-03-20"],"defaultApiVersion":"2022-10-01","capabilities":"CrossResourceGroupResourceMove,
        CrossSubscriptionResourceMove, SystemAssignedResourceIdentity, SupportsTags,
        SupportsLocation"},{"resourceType":"querypacks","locations":["West Central
        US","East US","South Central US","North Europe","West Europe","Southeast Asia","West
        US 2","UK South","Canada Central","Central India","Japan East","Australia
        East","Korea Central","France Central","Central US","East US 2","East Asia","West
        US","South Africa North","North Central US","Brazil South","Switzerland North","Norway
        East","Australia Southeast","Australia Central 2","Germany West Central","Switzerland
        West","UAE Central","UK West","Brazil Southeast","Japan West","UAE North","Australia
        Central","France South","South India","Korea South","Jio India Central","Jio
        India West","Qatar Central","Canada East","West US 3","Sweden Central"],"apiVersions":["2019-09-01-preview","2019-09-01"],"capabilities":"SupportsTags,
        SupportsLocation"},{"resourceType":"locations","locations":[],"apiVersions":["2020-10-01","2020-08-01","2020-03-01-preview","2019-08-01-preview","2017-04-26-preview","2017-03-15-preview","2017-03-03-preview","2017-01-01-preview","2015-11-01-preview","2015-03-20"],"defaultApiVersion":"2020-08-01","capabilities":"None"},{"resourceType":"locations/operationStatuses","locations":["East
        US","West Europe","Southeast Asia","Australia Southeast","West Central US","Japan
        East","UK South","Central India","Canada Central","West US 2","Australia Central","Australia
        East","France Central","Korea Central","North Europe","Central US","East Asia","East
        US 2","South Central US","North Central US","West US","UK West","South Africa
        North","Brazil South","Switzerland North","Switzerland West","Germany West
        Central","Australia Central 2","UAE Central","UAE North","Japan West","Brazil
        Southeast","Norway East","Norway West","France South","South India","Korea
        South","Jio India Central","Jio India West","Qatar Central","Canada East","West
        US 3","Sweden Central","South Africa West","Germany North","Poland Central","Israel
        Central","Italy North"],"apiVersions":["2023-01-01-preview","2022-10-01","2022-09-01-privatepreview","2021-12-01-preview","2020-10-01","2020-08-01","2020-03-01-preview","2019-08-01-preview","2017-04-26-preview","2017-03-15-preview","2017-03-03-preview","2017-01-01-preview","2015-11-01-preview","2015-03-20"],"defaultApiVersion":"2022-10-01","capabilities":"None"},{"resourceType":"workspaces/scopedPrivateLinkProxies","locations":["East
        US","West Europe","Southeast Asia","Australia Southeast","West Central US","Japan
        East","UK South","Central India","Canada Central","West US 2","Australia Central","Australia
        East","France Central","Korea Central","North Europe","Central US","East Asia","East
        US 2","South Central US","North Central US","West US","UK West","South Africa
        North","Brazil South","Switzerland North","Switzerland West","Germany West
        Central","Australia Central 2","UAE Central","UAE North","Japan West","Brazil
        Southeast","Norway East","Norway West","France South","South India","Korea
        South","Jio India Central","Jio India West","Qatar Central","Canada East","West
        US 3","Sweden Central","South Africa West","Germany North","Poland Central","Israel
        Central","Italy North"],"apiVersions":["2020-03-01-preview","2019-08-01-preview","2015-11-01-preview"],"defaultApiVersion":"2020-03-01-preview","capabilities":"None"},{"resourceType":"workspaces/api","locations":[],"apiVersions":["2020-08-01","2020-03-01-preview","2017-01-01-preview"],"capabilities":"None"},{"resourceType":"workspaces/query","locations":[],"apiVersions":["2017-10-01"],"capabilities":"None"},{"resourceType":"workspaces/metadata","locations":[],"apiVersions":["2017-10-01"],"capabilities":"None"},{"resourceType":"workspaces/purge","locations":[],"apiVersions":["2022-10-01","2020-10-01","2020-08-01","2017-04-26-preview","2015-03-20"],"capabilities":"None"},{"resourceType":"workspaces/operations","locations":[],"apiVersions":["2022-10-01","2020-08-01","2017-04-26-preview","2015-03-20"],"capabilities":"None"},{"resourceType":"workspaces/dataSources","locations":["East
        US","West Europe","Southeast Asia","Australia Southeast","West Central US","Japan
        East","UK South","Central India","Canada Central","West US 2","Australia Central","Australia
        East","France Central","Korea Central","North Europe","Central US","East Asia","East
        US 2","South Central US","North Central US","West US","UK West","South Africa
        North","Brazil South","Switzerland North","Switzerland West","Germany West
        Central","Australia Central 2","UAE Central","UAE North","Japan West","Brazil
        Southeast","Norway East","Norway West","France South","South India","Korea
        South","Jio India Central","Jio India West","Qatar Central","Canada East","West
        US 3","Sweden Central","South Africa West","Germany North","Poland Central","Israel
        Central","Italy North"],"apiVersions":["2020-08-01","2020-03-01-preview","2015-11-01-preview"],"defaultApiVersion":"2020-08-01","capabilities":"None"},{"resourceType":"workspaces/linkedStorageAccounts","locations":["East
        US","West Europe","Southeast Asia","Australia Southeast","West Central US","Japan
        East","UK South","Central India","Canada Central","West US 2","Australia Central","Australia
        East","France Central","Korea Central","North Europe","Central US","East Asia","East
        US 2","South Central US","North Central US","West US","UK West","South Africa
        North","Brazil South","Switzerland North","Switzerland West","Germany West
        Central","Australia Central 2","UAE Central","UAE North","Japan West","Brazil
        Southeast","Norway East","Norway West","France South","South India","Korea
        South","Jio India Central","Jio India West","Qatar Central","Canada East","West
        US 3","Sweden Central","South Africa West","Germany North","Poland Central","Israel
        Central","Italy North"],"apiVersions":["2020-08-01","2020-03-01-preview","2019-08-01-preview"],"defaultApiVersion":"2020-08-01","capabilities":"None"},{"resourceType":"workspaces/tables","locations":["East
        US","West Europe","Southeast Asia","Australia Southeast","West Central US","Japan
        East","UK South","Central India","Canada Central","West US 2","Australia East","Australia
        Central","France Central","Korea Central","North Europe","Central US","East
        Asia","East US 2","South Central US","North Central US","West US","UK West","South
        Africa North","Brazil South","Switzerland North","Switzerland West","Germany
        West Central","Australia Central 2","UAE Central","UAE North","Japan West","Brazil
        Southeast","Norway East","Norway West","France South","South India","Korea
        South","Jio India Central","Jio India West","Qatar Central","Canada East","West
        US 3","Sweden Central","South Africa West","Germany North","Poland Central","Israel
        Central","Italy North","East US 2 EUAP","Central US EUAP"],"apiVersions":["2021-07-01-privatepreview","2021-03-01-privatepreview","2020-10-01"],"capabilities":"None"},{"resourceType":"workspaces/storageInsightConfigs","locations":["East
        US","West Europe","Southeast Asia","Australia Southeast","West Central US","Japan
        East","UK South","Central India","Canada Central","West US 2","Australia East","Australia
        Central","France Central","Korea Central","North Europe","Central US","East
        Asia","East US 2","South Central US","North Central US","West US","UK West","South
        Africa North","Brazil South","Switzerland North","Switzerland West","Germany
        West Central","Australia Central 2","UAE Central","UAE North","Japan West","Brazil
        Southeast","Norway East","Norway West","France South","South India","Korea
        South","Jio India Central","Jio India West","Qatar Central","Canada East","West
        US 3","Sweden Central","South Africa West","Germany North","Poland Central","Israel
        Central","Italy North"],"apiVersions":["2020-08-01","2020-03-01-preview","2017-04-26-preview","2017-03-15-preview","2017-03-03-preview","2017-01-01-preview","2015-11-01-preview","2015-03-20"],"capabilities":"None"},{"resourceType":"storageInsightConfigs","locations":[],"apiVersions":["2020-08-01","2020-03-01-preview","2014-10-10"],"capabilities":"SupportsExtension"},{"resourceType":"workspaces/linkedServices","locations":["East
        US","West Europe","Southeast Asia","Australia Southeast","West Central US","Japan
        East","UK South","Central India","Canada Central","West US 2","Australia Central","Australia
        East","France Central","Korea Central","North Europe","Central US","East Asia","East
        US 2","South Central US","North Central US","West US","UK West","South Africa
        North","Brazil South","Switzerland North","Switzerland West","Germany West
        Central","Australia Central 2","UAE Central","UAE North","Japan West","Brazil
        Southeast","Norway East","Norway West","France South","South India","Korea
        South","Jio India Central","Jio India West","Qatar Central","Canada East","West
        US 3","Sweden Central","South Africa West","Germany North","Poland Central","Israel
        Central","Italy North"],"apiVersions":["2020-08-01","2020-03-01-preview","2019-08-01-preview","2015-11-01-preview"],"defaultApiVersion":"2020-08-01","capabilities":"None"},{"resourceType":"linkTargets","locations":["East
        US"],"apiVersions":["2020-03-01-preview","2015-03-20"],"capabilities":"None"},{"resourceType":"deletedWorkspaces","locations":["East
        US","West Europe","Southeast Asia","Australia Southeast","West Central US","Japan
        East","UK South","Central India","Canada Central","West US 2","Australia Central","Australia
        East","France Central","Korea Central","North Europe","Central US","East Asia","East
        US 2","South Central US","North Central US","West US","UK West","South Africa
        North","Brazil South","Switzerland North","Switzerland West","Germany West
        Central","Australia Central 2","UAE Central","UAE North","Japan West","Brazil
        Southeast","Norway East","Norway West","France South","South India","Korea
        South","Jio India Central","Jio India West","Qatar Central","Canada East","West
        US 3","Sweden Central","South Africa West","Germany North","Poland Central","Israel
        Central","Italy North"],"apiVersions":["2022-10-01","2021-12-01-preview","2020-10-01","2020-08-01","2020-03-01-preview"],"defaultApiVersion":"2022-10-01","capabilities":"None"},{"resourceType":"operations","locations":[],"apiVersions":["2023-09-01","2022-10-01","2021-12-01-preview","2020-10-01","2020-08-01","2020-03-01-preview","2015-11-01-preview","2014-11-10"],"defaultApiVersion":"2020-08-01","capabilities":"None"},{"resourceType":"clusters","locations":["East
        US","West Europe","Southeast Asia","Australia Southeast","West Central US","Japan
        East","UK South","Central India","Canada Central","West US 2","Australia Central","Australia
        East","France Central","Korea Central","North Europe","Central US","East Asia","East
        US 2","South Central US","North Central US","West US","UK West","South Africa
        North","Switzerland North","Switzerland West","Germany West Central","Australia
        Central 2","UAE Central","Brazil South","UAE North","Japan West","Brazil Southeast","Norway
        East","Norway West","France South","South India","Korea South","Jio India
        Central","Jio India West","Qatar Central","Canada East","West US 3","Sweden
        Central","South Africa West","Germany North","Poland Central","Israel Central","Italy
        North"],"apiVersions":["2022-10-01","2021-06-01","2020-10-01","2020-08-01","2020-03-01-preview","2019-08-01-preview"],"defaultApiVersion":"2021-06-01","capabilities":"CrossResourceGroupResourceMove,
        CrossSubscriptionResourceMove, SystemAssignedResourceIdentity, SupportsTags,
        SupportsLocation"},{"resourceType":"workspaces/dataExports","locations":["East
        US","West Europe","Southeast Asia","Australia Southeast","West Central US","Japan
        East","UK South","Central India","Canada Central","West US 2","Australia Central","Australia
        East","France Central","Korea Central","North Europe","Central US","East Asia","East
        US 2","South Central US","North Central US","West US","UK West","South Africa
        North","Brazil South","Switzerland North","Switzerland West","Germany West
        Central","Australia Central 2","UAE Central","UAE North","Japan West","Brazil
        Southeast","Norway East","Norway West","France South","South India","Korea
        South","Jio India Central","Jio India West","Qatar Central","Canada East","West
        US 3","Sweden Central","South Africa West","Germany North","Poland Central","Israel
        Central","Italy North"],"apiVersions":["2020-08-01","2020-03-01-preview","2019-08-01-preview"],"defaultApiVersion":"2020-08-01","capabilities":"None"},{"resourceType":"locations/notifyNetworkSecurityPerimeterUpdatesAvailable","locations":["East
        US 2 EUAP","East US","East US 2","North Central US","South Central US","West
        US","West US 2"],"apiVersions":["2021-10-01"],"defaultApiVersion":"2021-10-01","capabilities":"None"}],"registrationState":"Registered","registrationPolicy":"RegistrationRequired"}'
    headers:
      cache-control:
      - no-cache
      content-length:
      - '14247'
      content-type:
      - application/json; charset=utf-8
      date:
      - Fri, 22 Dec 2023 01:35:31 GMT
      expires:
      - '-1'
      pragma:
      - no-cache
      strict-transport-security:
      - max-age=31536000; includeSubDomains
      vary:
      - Accept-Encoding
      x-content-type-options:
      - nosniff
    status:
      code: 200
      message: OK
- request:
    body: null
    headers:
      Accept:
      - application/json
      Accept-Encoding:
      - gzip, deflate
      CommandName:
      - monitor app-insights component update
      Connection:
      - keep-alive
      ParameterSetName:
      - --app --workspace --query-access --ingestion-access -g
      User-Agent:
      - AZURECLI/2.55.0 azsdk-python-azure-mgmt-resource/23.1.0b2 Python/3.10.11 (Windows-10-10.0.22631-SP0)
    method: GET
    uri: https://management.azure.com/subscriptions/00000000-0000-0000-0000-000000000000/resourceGroups/clitest.rg000001/providers/microsoft.OperationalInsights/workspaces/clitest000002?api-version=2023-09-01
  response:
    body:
      string: '{"properties":{"customerId":"686162d0-5d75-40c5-9583-ff8629138920","provisioningState":"Succeeded","sku":{"name":"PerGB2018","lastSkuUpdate":"2023-12-22T01:35:16.5092761Z"},"retentionInDays":30,"features":{"legacy":0,"searchVersion":1,"enableLogAccessUsingOnlyResourcePermissions":true},"workspaceCapping":{"dailyQuotaGb":-1.0,"quotaNextResetTime":"2023-12-22T09:00:00Z","dataIngestionStatus":"RespectQuota"},"publicNetworkAccessForIngestion":"Enabled","publicNetworkAccessForQuery":"Enabled","createdDate":"2023-12-22T01:35:16.5092761Z","modifiedDate":"2023-12-22T01:35:18.1403376Z"},"location":"westus","id":"/subscriptions/00000000-0000-0000-0000-000000000000/resourceGroups/clitest.rg000001/providers/Microsoft.OperationalInsights/workspaces/clitest000002","name":"clitest000002","type":"Microsoft.OperationalInsights/workspaces","etag":"\"0a051ef0-0000-0700-0000-6584e7d60000\""}'
    headers:
      access-control-allow-origin:
      - '*'
      api-supported-versions:
      - 2015-03-20, 2020-08-01, 2020-10-01, 2021-06-01, 2022-10-01, 2023-09-01
      cache-control:
      - no-cache
      content-length:
      - '884'
      content-type:
      - application/json; charset=utf-8
      date:
      - Fri, 22 Dec 2023 01:35:32 GMT
      expires:
      - '-1'
      pragma:
      - no-cache
      request-context:
      - appId=cid-v1:e6336c63-aab2-45f0-996a-e5dbab2a1508
      strict-transport-security:
      - max-age=31536000; includeSubDomains
      transfer-encoding:
      - chunked
      vary:
      - Accept-Encoding
      x-content-type-options:
      - nosniff
      x-powered-by:
      - ASP.NET
    status:
      code: 200
      message: OK
- request:
    body: '{"location": "westus", "tags": {}, "kind": "web", "etag": "\"d82e296d-0000-0200-0000-6584e7de0000\"",
      "properties": {"Application_Type": "web", "Flow_Type": "Bluefield", "Request_Source":
      "rest", "WorkspaceResourceId": "/subscriptions/00000000-0000-0000-0000-000000000000/resourceGroups/clitest.rg000001/providers/microsoft.OperationalInsights/workspaces/clitest000002",
      "publicNetworkAccessForIngestion": "Disabled", "publicNetworkAccessForQuery":
      "Disabled", "IngestionMode": "LogAnalytics"}}'
    headers:
      Accept:
      - application/json
      Accept-Encoding:
      - gzip, deflate
      CommandName:
      - monitor app-insights component update
      Connection:
      - keep-alive
      Content-Length:
      - '494'
      Content-Type:
      - application/json
      ParameterSetName:
      - --app --workspace --query-access --ingestion-access -g
      User-Agent:
      - AZURECLI/2.55.0 azsdk-python-azure-mgmt-applicationinsights/1.0.0 Python/3.10.11
        (Windows-10-10.0.22631-SP0)
    method: PUT
    uri: https://management.azure.com/subscriptions/00000000-0000-0000-0000-000000000000/resourceGroups/clitest.rg000001/providers/Microsoft.Insights/components/demoApp?api-version=2020-02-02-preview
  response:
    body:
      string: "{\r\n  \"id\": \"/subscriptions/00000000-0000-0000-0000-000000000000/resourceGroups/clitest.rg000001/providers/microsoft.insights/components/demoApp\"\
        ,\r\n  \"name\": \"demoApp\",\r\n  \"type\": \"microsoft.insights/components\"\
        ,\r\n  \"location\": \"westus\",\r\n  \"tags\": {},\r\n  \"kind\": \"web\"\
        ,\r\n  \"etag\": \"\\\"d82ec073-0000-0200-0000-6584e7e70000\\\"\",\r\n  \"\
        properties\": {\r\n    \"ApplicationId\": \"demoApp\",\r\n    \"AppId\": \"\
        98e36f30-5f74-49b9-ad82-eb2ce710c139\",\r\n    \"Application_Type\": \"web\"\
        ,\r\n    \"Flow_Type\": \"Bluefield\",\r\n    \"Request_Source\": \"rest\"\
        ,\r\n    \"InstrumentationKey\": \"30adb0aa-5409-4e96-8298-e2f766f30b6a\"\
        ,\r\n    \"ConnectionString\": \"InstrumentationKey=30adb0aa-5409-4e96-8298-e2f766f30b6a;IngestionEndpoint=https://westus-0.in.applicationinsights.azure.com/;LiveEndpoint=https://westus.livediagnostics.monitor.azure.com/\"\
        ,\r\n    \"Name\": \"demoApp\",\r\n    \"CreationDate\": \"2023-12-22T01:35:24.1737017+00:00\"\
        ,\r\n    \"TenantId\": \"0b1f6471-1bf0-4dda-aec3-cb9272f09590\",\r\n    \"\
        provisioningState\": \"Succeeded\",\r\n    \"SamplingPercentage\": null,\r\
        \n    \"RetentionInDays\": 90,\r\n    \"Retention\": \"P90D\",\r\n    \"WorkspaceResourceId\"\
        : \"/subscriptions/00000000-0000-0000-0000-000000000000/resourceGroups/clitest.rg000001/providers/microsoft.OperationalInsights/workspaces/clitest000002\"\
        ,\r\n    \"LaMigrationDate\": \"2023-12-22T01:35:35.0946713+00:00\",\r\n \
        \   \"IngestionMode\": \"LogAnalytics\",\r\n    \"publicNetworkAccessForIngestion\"\
        : \"Disabled\",\r\n    \"publicNetworkAccessForQuery\": \"Disabled\",\r\n\
        \    \"Ver\": \"v2\"\r\n  }\r\n}"
    headers:
      access-control-expose-headers:
      - Request-Context
      cache-control:
      - no-cache
      content-length:
      - '1476'
      content-type:
      - application/json; charset=utf-8
      date:
      - Fri, 22 Dec 2023 01:35:38 GMT
      expires:
      - '-1'
      pragma:
      - no-cache
      request-context:
      - appId=cid-v1:0dd6a9c3-b728-41ca-aa78-7e1962e22331
      server:
      - Microsoft-IIS/10.0
      strict-transport-security:
      - max-age=31536000; includeSubDomains
      transfer-encoding:
      - chunked
      vary:
      - Accept-Encoding
      x-content-type-options:
      - nosniff
      x-ms-ratelimit-remaining-subscription-writes:
      - '1199'
      x-powered-by:
      - ASP.NET
    status:
      code: 200
      message: OK
- request:
    body: '{"location": "westus", "kind": "web", "properties": {"Application_Type":
      "web", "Flow_Type": "Bluefield", "Request_Source": "rest", "WorkspaceResourceId":
      "/subscriptions/00000000-0000-0000-0000-000000000000/resourceGroups/clitest.rg000001/providers/microsoft.OperationalInsights/workspaces/clitest000003",
      "publicNetworkAccessForIngestion": "Disabled", "publicNetworkAccessForQuery":
      "Enabled", "IngestionMode": "LogAnalytics"}}'
    headers:
      Accept:
      - application/json
      Accept-Encoding:
      - gzip, deflate
      CommandName:
      - monitor app-insights component create
      Connection:
      - keep-alive
      Content-Length:
      - '429'
      Content-Type:
      - application/json
      ParameterSetName:
      - --app --workspace --location --query-access --ingestion-access -g --application-type
      User-Agent:
      - AZURECLI/2.55.0 azsdk-python-azure-mgmt-applicationinsights/1.0.0 Python/3.10.11
        (Windows-10-10.0.22631-SP0)
    method: PUT
    uri: https://management.azure.com/subscriptions/00000000-0000-0000-0000-000000000000/resourceGroups/clitest.rg000001/providers/Microsoft.Insights/components/testApp?api-version=2020-02-02-preview
  response:
    body:
      string: "{\r\n  \"id\": \"/subscriptions/00000000-0000-0000-0000-000000000000/resourceGroups/clitest.rg000001/providers/microsoft.insights/components/testApp\"\
        ,\r\n  \"name\": \"testApp\",\r\n  \"type\": \"microsoft.insights/components\"\
        ,\r\n  \"location\": \"westus\",\r\n  \"tags\": {},\r\n  \"kind\": \"web\"\
        ,\r\n  \"etag\": \"\\\"d82ef678-0000-0200-0000-6584e7ee0000\\\"\",\r\n  \"\
        properties\": {\r\n    \"ApplicationId\": \"testApp\",\r\n    \"AppId\": \"\
        4ac54db6-f5bb-4995-8406-559d718ef5e0\",\r\n    \"Application_Type\": \"web\"\
        ,\r\n    \"Flow_Type\": \"Bluefield\",\r\n    \"Request_Source\": \"rest\"\
        ,\r\n    \"InstrumentationKey\": \"3eec55c4-8138-481a-b14f-8353b0700e38\"\
        ,\r\n    \"ConnectionString\": \"InstrumentationKey=3eec55c4-8138-481a-b14f-8353b0700e38;IngestionEndpoint=https://westus-0.in.applicationinsights.azure.com/;LiveEndpoint=https://westus.livediagnostics.monitor.azure.com/\"\
        ,\r\n    \"Name\": \"testApp\",\r\n    \"CreationDate\": \"2023-12-22T01:35:42.41619+00:00\"\
        ,\r\n    \"TenantId\": \"0b1f6471-1bf0-4dda-aec3-cb9272f09590\",\r\n    \"\
        provisioningState\": \"Succeeded\",\r\n    \"SamplingPercentage\": null,\r\
        \n    \"RetentionInDays\": 90,\r\n    \"WorkspaceResourceId\": \"/subscriptions/00000000-0000-0000-0000-000000000000/resourceGroups/clitest.rg000001/providers/microsoft.OperationalInsights/workspaces/clitest000003\"\
        ,\r\n    \"IngestionMode\": \"LogAnalytics\",\r\n    \"publicNetworkAccessForIngestion\"\
        : \"Disabled\",\r\n    \"publicNetworkAccessForQuery\": \"Enabled\",\r\n \
        \   \"Ver\": \"v2\"\r\n  }\r\n}"
    headers:
      access-control-expose-headers:
      - Request-Context
      cache-control:
      - no-cache
      content-length:
      - '1386'
      content-type:
      - application/json; charset=utf-8
      date:
      - Fri, 22 Dec 2023 01:35:42 GMT
      expires:
      - '-1'
      pragma:
      - no-cache
      request-context:
      - appId=cid-v1:0dd6a9c3-b728-41ca-aa78-7e1962e22331
      server:
      - Microsoft-IIS/10.0
      strict-transport-security:
      - max-age=31536000; includeSubDomains
      transfer-encoding:
      - chunked
      vary:
      - Accept-Encoding
      x-content-type-options:
      - nosniff
      x-ms-ratelimit-remaining-subscription-writes:
      - '1199'
      x-powered-by:
      - ASP.NET
    status:
      code: 200
      message: OK
- request:
    body: null
    headers:
      Accept:
      - application/json
      Accept-Encoding:
      - gzip, deflate
      CommandName:
      - monitor app-insights component update
      Connection:
      - keep-alive
      ParameterSetName:
      - --app --kind -g
      User-Agent:
      - AZURECLI/2.55.0 azsdk-python-azure-mgmt-applicationinsights/1.0.0 Python/3.10.11
        (Windows-10-10.0.22631-SP0)
    method: GET
    uri: https://management.azure.com/subscriptions/00000000-0000-0000-0000-000000000000/resourceGroups/clitest.rg000001/providers/Microsoft.Insights/components/testApp?api-version=2018-05-01-preview
  response:
    body:
      string: "{\r\n  \"id\": \"/subscriptions/00000000-0000-0000-0000-000000000000/resourceGroups/clitest.rg000001/providers/microsoft.insights/components/testApp\"\
        ,\r\n  \"name\": \"testApp\",\r\n  \"type\": \"microsoft.insights/components\"\
        ,\r\n  \"location\": \"westus\",\r\n  \"tags\": {},\r\n  \"kind\": \"web\"\
        ,\r\n  \"etag\": \"\\\"d82ef678-0000-0200-0000-6584e7ee0000\\\"\",\r\n  \"\
        properties\": {\r\n    \"ApplicationId\": \"testApp\",\r\n    \"AppId\": \"\
        4ac54db6-f5bb-4995-8406-559d718ef5e0\",\r\n    \"Application_Type\": \"web\"\
        ,\r\n    \"Flow_Type\": \"Bluefield\",\r\n    \"Request_Source\": \"rest\"\
        ,\r\n    \"InstrumentationKey\": \"3eec55c4-8138-481a-b14f-8353b0700e38\"\
        ,\r\n    \"ConnectionString\": \"InstrumentationKey=3eec55c4-8138-481a-b14f-8353b0700e38;IngestionEndpoint=https://westus-0.in.applicationinsights.azure.com/;LiveEndpoint=https://westus.livediagnostics.monitor.azure.com/\"\
        ,\r\n    \"Name\": \"testApp\",\r\n    \"CreationDate\": \"2023-12-22T01:35:42.41619+00:00\"\
        ,\r\n    \"TenantId\": \"0b1f6471-1bf0-4dda-aec3-cb9272f09590\",\r\n    \"\
        provisioningState\": \"Succeeded\",\r\n    \"SamplingPercentage\": null,\r\
        \n    \"RetentionInDays\": 90,\r\n    \"WorkspaceResourceId\": \"/subscriptions/00000000-0000-0000-0000-000000000000/resourceGroups/clitest.rg000001/providers/microsoft.OperationalInsights/workspaces/clitest000003\"\
        ,\r\n    \"IngestionMode\": \"LogAnalytics\",\r\n    \"publicNetworkAccessForIngestion\"\
        : \"Disabled\",\r\n    \"publicNetworkAccessForQuery\": \"Enabled\",\r\n \
        \   \"Ver\": \"v2\"\r\n  }\r\n}"
    headers:
      access-control-expose-headers:
      - Request-Context
      cache-control:
      - no-cache
      content-length:
      - '1386'
      content-type:
      - application/json; charset=utf-8
      date:
      - Fri, 22 Dec 2023 01:35:44 GMT
      expires:
      - '-1'
      pragma:
      - no-cache
      request-context:
      - appId=cid-v1:0dd6a9c3-b728-41ca-aa78-7e1962e22331
      server:
      - Microsoft-IIS/10.0
      strict-transport-security:
      - max-age=31536000; includeSubDomains
      transfer-encoding:
      - chunked
      vary:
      - Accept-Encoding
      x-content-type-options:
      - nosniff
      x-powered-by:
      - ASP.NET
    status:
      code: 200
      message: OK
- request:
    body: '{"location": "westus", "tags": {}, "kind": "ios", "properties": {"Application_Type":
      "web", "Flow_Type": "Bluefield", "Request_Source": "rest", "RetentionInDays":
      90, "publicNetworkAccessForIngestion": "Disabled", "publicNetworkAccessForQuery":
      "Enabled", "IngestionMode": "ApplicationInsights"}}'
    headers:
      Accept:
      - application/json
      Accept-Encoding:
      - gzip, deflate
      CommandName:
      - monitor app-insights component update
      Connection:
      - keep-alive
      Content-Length:
      - '296'
      Content-Type:
      - application/json
      ParameterSetName:
      - --app --kind -g
      User-Agent:
      - AZURECLI/2.55.0 azsdk-python-azure-mgmt-applicationinsights/1.0.0 Python/3.10.11
        (Windows-10-10.0.22631-SP0)
    method: PUT
    uri: https://management.azure.com/subscriptions/00000000-0000-0000-0000-000000000000/resourceGroups/clitest.rg000001/providers/Microsoft.Insights/components/testApp?api-version=2018-05-01-preview
  response:
    body:
      string: "{\r\n  \"id\": \"/subscriptions/00000000-0000-0000-0000-000000000000/resourceGroups/clitest.rg000001/providers/microsoft.insights/components/testApp\"\
        ,\r\n  \"name\": \"testApp\",\r\n  \"type\": \"microsoft.insights/components\"\
        ,\r\n  \"location\": \"westus\",\r\n  \"tags\": {},\r\n  \"kind\": \"ios\"\
        ,\r\n  \"etag\": \"\\\"d82ef27a-0000-0200-0000-6584e7f10000\\\"\",\r\n  \"\
        properties\": {\r\n    \"ApplicationId\": \"testApp\",\r\n    \"AppId\": \"\
        4ac54db6-f5bb-4995-8406-559d718ef5e0\",\r\n    \"Application_Type\": \"web\"\
        ,\r\n    \"Flow_Type\": \"Bluefield\",\r\n    \"Request_Source\": \"rest\"\
        ,\r\n    \"InstrumentationKey\": \"3eec55c4-8138-481a-b14f-8353b0700e38\"\
        ,\r\n    \"ConnectionString\": \"InstrumentationKey=3eec55c4-8138-481a-b14f-8353b0700e38;IngestionEndpoint=https://westus-0.in.applicationinsights.azure.com/;LiveEndpoint=https://westus.livediagnostics.monitor.azure.com/\"\
        ,\r\n    \"Name\": \"testApp\",\r\n    \"CreationDate\": \"2023-12-22T01:35:42.41619+00:00\"\
        ,\r\n    \"TenantId\": \"0b1f6471-1bf0-4dda-aec3-cb9272f09590\",\r\n    \"\
        provisioningState\": \"Succeeded\",\r\n    \"SamplingPercentage\": null,\r\
        \n    \"RetentionInDays\": 90,\r\n    \"Retention\": \"P90D\",\r\n    \"WorkspaceResourceId\"\
        : \"/subscriptions/00000000-0000-0000-0000-000000000000/resourceGroups/clitest.rg000001/providers/microsoft.OperationalInsights/workspaces/clitest000003\"\
        ,\r\n    \"IngestionMode\": \"LogAnalytics\",\r\n    \"publicNetworkAccessForIngestion\"\
        : \"Disabled\",\r\n    \"publicNetworkAccessForQuery\": \"Enabled\",\r\n \
        \   \"Ver\": \"v2\"\r\n  }\r\n}"
    headers:
      access-control-expose-headers:
      - Request-Context
      cache-control:
      - no-cache
      content-length:
      - '1412'
      content-type:
      - application/json; charset=utf-8
      date:
      - Fri, 22 Dec 2023 01:35:45 GMT
      expires:
      - '-1'
      pragma:
      - no-cache
      request-context:
      - appId=cid-v1:0dd6a9c3-b728-41ca-aa78-7e1962e22331
      server:
      - Microsoft-IIS/10.0
      strict-transport-security:
      - max-age=31536000; includeSubDomains
      transfer-encoding:
      - chunked
      vary:
      - Accept-Encoding
      x-content-type-options:
      - nosniff
      x-ms-ratelimit-remaining-subscription-writes:
      - '1199'
      x-powered-by:
      - ASP.NET
    status:
      code: 200
      message: OK
version: 1
