interactions:
- request:
    body: null
    headers:
      Accept:
      - application/json
      Accept-Encoding:
      - gzip, deflate
      CommandName:
      - monitor log-analytics workspace create
      Connection:
      - keep-alive
      ParameterSetName:
      - -g -n
      User-Agent:
      - AZURECLI/2.63.0 azsdk-python-core/1.28.0 Python/3.12.5 (Windows-11-10.0.22631-SP0)
    method: GET
    uri: https://management.azure.com/subscriptions/00000000-0000-0000-0000-000000000000/resourcegroups/clitest.rg000001?api-version=2022-09-01
  response:
    body:
      string: '{"id":"/subscriptions/00000000-0000-0000-0000-000000000000/resourceGroups/clitest.rg000001","name":"clitest.rg000001","type":"Microsoft.Resources/resourceGroups","location":"westus","tags":{"product":"azurecli","cause":"automation","test":"test_component_with_public_network_access","date":"2024-08-29T02:38:29Z","module":"application-insights"},"properties":{"provisioningState":"Succeeded"}}'
    headers:
      cache-control:
      - no-cache
      content-length:
      - '393'
      content-type:
      - application/json; charset=utf-8
      date:
      - Thu, 29 Aug 2024 02:38:33 GMT
      expires:
      - '-1'
      pragma:
      - no-cache
      strict-transport-security:
      - max-age=31536000; includeSubDomains
      x-cache:
      - CONFIG_NOCACHE
      x-content-type-options:
      - nosniff
      x-ms-ratelimit-remaining-subscription-global-reads:
      - '7499'
      x-msedge-ref:
      - 'Ref A: F956CD39C0274266B879683B1DD833CD Ref B: MAA201060515035 Ref C: 2024-08-29T02:38:34Z'
    status:
      code: 200
      message: OK
- request:
    body: '{"location": "westus", "properties": {"publicNetworkAccessForIngestion":
      "Enabled", "publicNetworkAccessForQuery": "Enabled", "retentionInDays": 30,
      "sku": {"name": "PerGB2018"}}}'
    headers:
      Accept:
      - application/json
      Accept-Encoding:
      - gzip, deflate
      CommandName:
      - monitor log-analytics workspace create
      Connection:
      - keep-alive
      Content-Length:
      - '179'
      Content-Type:
      - application/json
      ParameterSetName:
      - -g -n
      User-Agent:
      - AZURECLI/2.63.0 azsdk-python-core/1.28.0 Python/3.12.5 (Windows-11-10.0.22631-SP0)
    method: PUT
    uri: https://management.azure.com/subscriptions/00000000-0000-0000-0000-000000000000/resourcegroups/clitest.rg000001/providers/Microsoft.OperationalInsights/workspaces/clitest000002?api-version=2023-09-01
  response:
    body:
      string: '{"properties":{"customerId":"274870a6-b44f-4b17-b89a-a9667b3f70ed","provisioningState":"Creating","sku":{"name":"PerGB2018","lastSkuUpdate":"2024-08-29T02:38:38.6566474Z"},"retentionInDays":30,"features":{"legacy":0,"searchVersion":1,"enableLogAccessUsingOnlyResourcePermissions":true},"workspaceCapping":{"dailyQuotaGb":-1.0,"quotaNextResetTime":"2024-08-30T00:00:00Z","dataIngestionStatus":"RespectQuota"},"publicNetworkAccessForIngestion":"Enabled","publicNetworkAccessForQuery":"Enabled","createdDate":"2024-08-29T02:38:38.6566474Z","modifiedDate":"2024-08-29T02:38:38.6566474Z"},"location":"westus","id":"/subscriptions/00000000-0000-0000-0000-000000000000/resourceGroups/clitest.rg000001/providers/Microsoft.OperationalInsights/workspaces/clitest000002","name":"clitest000002","type":"Microsoft.OperationalInsights/workspaces","etag":"\"120240f7-0000-0700-0000-66cfdf2e0000\""}'
    headers:
      access-control-allow-origin:
      - '*'
      api-supported-versions:
      - 2015-03-20, 2020-08-01, 2020-10-01, 2021-06-01, 2022-10-01, 2023-09-01
      cache-control:
      - no-cache
      content-length:
      - '883'
      content-type:
      - application/json; charset=utf-8
      date:
      - Thu, 29 Aug 2024 02:38:38 GMT
      expires:
      - '-1'
      location:
      - https://management.azure.com/subscriptions/00000000-0000-0000-0000-000000000000/resourceGroups/clitest.rg000001/providers/Microsoft.OperationalInsights/workspaces/clitest000002?api-version=2023-09-01
      pragma:
      - no-cache
      request-context:
      - appId=cid-v1:e6336c63-aab2-45f0-996a-e5dbab2a1508
      strict-transport-security:
      - max-age=31536000; includeSubDomains
      x-cache:
      - CONFIG_NOCACHE
      x-content-type-options:
      - nosniff
      x-ms-ratelimit-remaining-subscription-global-writes:
      - '5999'
      x-ms-ratelimit-remaining-subscription-writes:
      - '399'
      x-msedge-ref:
      - 'Ref A: 21A06FA66F724AA791F267F13FE5ADF0 Ref B: MAA201060513009 Ref C: 2024-08-29T02:38:35Z'
    status:
      code: 201
      message: Created
- request:
    body: null
    headers:
      Accept:
      - '*/*'
      Accept-Encoding:
      - gzip, deflate
      CommandName:
      - monitor log-analytics workspace create
      Connection:
      - keep-alive
      ParameterSetName:
      - -g -n
      User-Agent:
      - AZURECLI/2.63.0 azsdk-python-core/1.28.0 Python/3.12.5 (Windows-11-10.0.22631-SP0)
    method: GET
    uri: https://management.azure.com/subscriptions/00000000-0000-0000-0000-000000000000/resourceGroups/clitest.rg000001/providers/Microsoft.OperationalInsights/workspaces/clitest000002?api-version=2023-09-01
  response:
    body:
      string: '{"properties":{"customerId":"274870a6-b44f-4b17-b89a-a9667b3f70ed","provisioningState":"Creating","sku":{"name":"PerGB2018","lastSkuUpdate":"2024-08-29T02:38:38.6566474Z"},"retentionInDays":30,"features":{"legacy":0,"searchVersion":1,"enableLogAccessUsingOnlyResourcePermissions":true},"workspaceCapping":{"dailyQuotaGb":-1.0,"quotaNextResetTime":"2024-08-30T00:00:00Z","dataIngestionStatus":"RespectQuota"},"publicNetworkAccessForIngestion":"Enabled","publicNetworkAccessForQuery":"Enabled","createdDate":"2024-08-29T02:38:38.6566474Z","modifiedDate":"2024-08-29T02:38:38.6566474Z"},"location":"westus","id":"/subscriptions/00000000-0000-0000-0000-000000000000/resourceGroups/clitest.rg000001/providers/Microsoft.OperationalInsights/workspaces/clitest000002","name":"clitest000002","type":"Microsoft.OperationalInsights/workspaces","etag":"\"120240f7-0000-0700-0000-66cfdf2e0000\""}'
    headers:
      access-control-allow-origin:
      - '*'
      api-supported-versions:
      - 2015-03-20, 2020-08-01, 2020-10-01, 2021-06-01, 2022-10-01, 2023-09-01
      cache-control:
      - no-cache
      content-length:
      - '883'
      content-type:
      - application/json; charset=utf-8
      date:
      - Thu, 29 Aug 2024 02:38:39 GMT
      expires:
      - '-1'
      pragma:
      - no-cache
      request-context:
      - appId=cid-v1:e6336c63-aab2-45f0-996a-e5dbab2a1508
      strict-transport-security:
      - max-age=31536000; includeSubDomains
      x-cache:
      - CONFIG_NOCACHE
      x-content-type-options:
      - nosniff
      x-ms-ratelimit-remaining-subscription-global-reads:
      - '7499'
      x-msedge-ref:
      - 'Ref A: A2BB25A452FB43DBB556B793031439BC Ref B: MAA201060513009 Ref C: 2024-08-29T02:38:39Z'
    status:
      code: 200
      message: OK
- request:
    body: null
    headers:
      Accept:
      - application/json
      Accept-Encoding:
      - gzip, deflate
      CommandName:
      - monitor log-analytics workspace create
      Connection:
      - keep-alive
      ParameterSetName:
      - -g -n
      User-Agent:
      - AZURECLI/2.63.0 azsdk-python-core/1.28.0 Python/3.12.5 (Windows-11-10.0.22631-SP0)
    method: GET
    uri: https://management.azure.com/subscriptions/00000000-0000-0000-0000-000000000000/resourcegroups/clitest.rg000001?api-version=2022-09-01
  response:
    body:
      string: '{"id":"/subscriptions/00000000-0000-0000-0000-000000000000/resourceGroups/clitest.rg000001","name":"clitest.rg000001","type":"Microsoft.Resources/resourceGroups","location":"westus","tags":{"product":"azurecli","cause":"automation","test":"test_component_with_public_network_access","date":"2024-08-29T02:38:29Z","module":"application-insights","Creator":"v-ruih@microsoft.com","DateCreated":"2024-08-29T02:38:36Z"},"properties":{"provisioningState":"Succeeded"}}'
    headers:
      cache-control:
      - no-cache
      content-length:
      - '463'
      content-type:
      - application/json; charset=utf-8
      date:
      - Thu, 29 Aug 2024 02:38:40 GMT
      expires:
      - '-1'
      pragma:
      - no-cache
      strict-transport-security:
      - max-age=31536000; includeSubDomains
      x-cache:
      - CONFIG_NOCACHE
      x-content-type-options:
      - nosniff
      x-ms-ratelimit-remaining-subscription-global-reads:
      - '7499'
      x-msedge-ref:
      - 'Ref A: 9B4B44AA88C341389BC5CF3BD4876078 Ref B: MAA201060516009 Ref C: 2024-08-29T02:38:40Z'
    status:
      code: 200
      message: OK
- request:
    body: '{"location": "westus", "properties": {"publicNetworkAccessForIngestion":
      "Enabled", "publicNetworkAccessForQuery": "Enabled", "retentionInDays": 30,
      "sku": {"name": "PerGB2018"}}}'
    headers:
      Accept:
      - application/json
      Accept-Encoding:
      - gzip, deflate
      CommandName:
      - monitor log-analytics workspace create
      Connection:
      - keep-alive
      Content-Length:
      - '179'
      Content-Type:
      - application/json
      ParameterSetName:
      - -g -n
      User-Agent:
      - AZURECLI/2.63.0 azsdk-python-core/1.28.0 Python/3.12.5 (Windows-11-10.0.22631-SP0)
    method: PUT
    uri: https://management.azure.com/subscriptions/00000000-0000-0000-0000-000000000000/resourcegroups/clitest.rg000001/providers/Microsoft.OperationalInsights/workspaces/clitest000003?api-version=2023-09-01
  response:
    body:
      string: '{"properties":{"customerId":"387b0a70-eb94-4474-a790-c402a5f96c1a","provisioningState":"Creating","sku":{"name":"PerGB2018","lastSkuUpdate":"2024-08-29T02:38:44.146127Z"},"retentionInDays":30,"features":{"legacy":0,"searchVersion":1,"enableLogAccessUsingOnlyResourcePermissions":true},"workspaceCapping":{"dailyQuotaGb":-1.0,"quotaNextResetTime":"2024-08-29T11:00:00Z","dataIngestionStatus":"RespectQuota"},"publicNetworkAccessForIngestion":"Enabled","publicNetworkAccessForQuery":"Enabled","createdDate":"2024-08-29T02:38:44.146127Z","modifiedDate":"2024-08-29T02:38:44.146127Z"},"location":"westus","id":"/subscriptions/00000000-0000-0000-0000-000000000000/resourceGroups/clitest.rg000001/providers/Microsoft.OperationalInsights/workspaces/clitest000003","name":"clitest000003","type":"Microsoft.OperationalInsights/workspaces","etag":"\"1202b5f7-0000-0700-0000-66cfdf340000\""}'
    headers:
      access-control-allow-origin:
      - '*'
      api-supported-versions:
      - 2015-03-20, 2020-08-01, 2020-10-01, 2021-06-01, 2022-10-01, 2023-09-01
      cache-control:
      - no-cache
      content-length:
      - '880'
      content-type:
      - application/json; charset=utf-8
      date:
      - Thu, 29 Aug 2024 02:38:44 GMT
      expires:
      - '-1'
      location:
      - https://management.azure.com/subscriptions/00000000-0000-0000-0000-000000000000/resourceGroups/clitest.rg000001/providers/Microsoft.OperationalInsights/workspaces/clitest000003?api-version=2023-09-01
      pragma:
      - no-cache
      request-context:
      - appId=cid-v1:e6336c63-aab2-45f0-996a-e5dbab2a1508
      strict-transport-security:
      - max-age=31536000; includeSubDomains
      x-cache:
      - CONFIG_NOCACHE
      x-content-type-options:
      - nosniff
      x-ms-ratelimit-remaining-subscription-global-writes:
      - '5999'
      x-ms-ratelimit-remaining-subscription-writes:
      - '399'
      x-msedge-ref:
      - 'Ref A: F8F829D184F04A6C8BB022E4BA5381CA Ref B: MAA201060514035 Ref C: 2024-08-29T02:38:41Z'
    status:
      code: 201
      message: Created
- request:
    body: null
    headers:
      Accept:
      - '*/*'
      Accept-Encoding:
      - gzip, deflate
      CommandName:
      - monitor log-analytics workspace create
      Connection:
      - keep-alive
      ParameterSetName:
      - -g -n
      User-Agent:
      - AZURECLI/2.63.0 azsdk-python-core/1.28.0 Python/3.12.5 (Windows-11-10.0.22631-SP0)
    method: GET
    uri: https://management.azure.com/subscriptions/00000000-0000-0000-0000-000000000000/resourceGroups/clitest.rg000001/providers/Microsoft.OperationalInsights/workspaces/clitest000003?api-version=2023-09-01
  response:
    body:
      string: '{"properties":{"customerId":"387b0a70-eb94-4474-a790-c402a5f96c1a","provisioningState":"Creating","sku":{"name":"PerGB2018","lastSkuUpdate":"2024-08-29T02:38:44.146127Z"},"retentionInDays":30,"features":{"legacy":0,"searchVersion":1,"enableLogAccessUsingOnlyResourcePermissions":true},"workspaceCapping":{"dailyQuotaGb":-1.0,"quotaNextResetTime":"2024-08-29T11:00:00Z","dataIngestionStatus":"RespectQuota"},"publicNetworkAccessForIngestion":"Enabled","publicNetworkAccessForQuery":"Enabled","createdDate":"2024-08-29T02:38:44.146127Z","modifiedDate":"2024-08-29T02:38:44.146127Z"},"location":"westus","id":"/subscriptions/00000000-0000-0000-0000-000000000000/resourceGroups/clitest.rg000001/providers/Microsoft.OperationalInsights/workspaces/clitest000003","name":"clitest000003","type":"Microsoft.OperationalInsights/workspaces","etag":"\"1202b5f7-0000-0700-0000-66cfdf340000\""}'
    headers:
      access-control-allow-origin:
      - '*'
      api-supported-versions:
      - 2015-03-20, 2020-08-01, 2020-10-01, 2021-06-01, 2022-10-01, 2023-09-01
      cache-control:
      - no-cache
      content-length:
      - '880'
      content-type:
      - application/json; charset=utf-8
      date:
      - Thu, 29 Aug 2024 02:38:45 GMT
      expires:
      - '-1'
      pragma:
      - no-cache
      request-context:
      - appId=cid-v1:e6336c63-aab2-45f0-996a-e5dbab2a1508
      strict-transport-security:
      - max-age=31536000; includeSubDomains
      x-cache:
      - CONFIG_NOCACHE
      x-content-type-options:
      - nosniff
      x-ms-ratelimit-remaining-subscription-global-reads:
      - '7499'
      x-msedge-ref:
      - 'Ref A: 903833E007E04BD6BBBB5D99F17B0350 Ref B: MAA201060514035 Ref C: 2024-08-29T02:38:44Z'
    status:
      code: 200
      message: OK
- request:
    body: '{"location": "westus", "kind": "web", "properties": {"Application_Type":
      "web", "Flow_Type": "Bluefield", "Request_Source": "rest", "IngestionMode":
      "ApplicationInsights"}}'
    headers:
      Accept:
      - application/json
      Accept-Encoding:
      - gzip, deflate
      CommandName:
      - monitor app-insights component create
      Connection:
      - keep-alive
      Content-Length:
      - '172'
      Content-Type:
      - application/json
      ParameterSetName:
      - --app --location --kind -g --application-type
      User-Agent:
      - AZURECLI/2.63.0 azsdk-python-core/1.28.0 Python/3.12.5 (Windows-11-10.0.22631-SP0)
    method: PUT
    uri: https://management.azure.com/subscriptions/00000000-0000-0000-0000-000000000000/resourceGroups/clitest.rg000001/providers/Microsoft.Insights/components/demoApp?api-version=2018-05-01-preview
  response:
    body:
      string: "{\r\n  \"kind\": \"web\",\r\n  \"etag\": \"\\\"85010377-0000-0200-0000-66cfdf390000\\\
        \"\",\r\n  \"id\": \"/subscriptions/00000000-0000-0000-0000-000000000000/resourceGroups/clitest.rg000001/providers/microsoft.insights/components/demoApp\"\
        ,\r\n  \"name\": \"demoApp\",\r\n  \"type\": \"microsoft.insights/components\"\
        ,\r\n  \"location\": \"westus\",\r\n  \"tags\": {},\r\n  \"properties\": {\r\
        \n    \"ApplicationId\": \"demoApp\",\r\n    \"AppId\": \"59529ff2-bd3b-4f76-8bd5-b32aa020b264\"\
        ,\r\n    \"Application_Type\": \"web\",\r\n    \"Flow_Type\": \"Bluefield\"\
        ,\r\n    \"Request_Source\": \"rest\",\r\n    \"InstrumentationKey\": \"f52bbf7a-52ad-4290-8176-28712dcdc173\"\
        ,\r\n    \"ConnectionString\": \"InstrumentationKey=f52bbf7a-52ad-4290-8176-28712dcdc173;IngestionEndpoint=https://westus-0.in.applicationinsights.azure.com/;LiveEndpoint=https://westus.livediagnostics.monitor.azure.com/;ApplicationId=59529ff2-bd3b-4f76-8bd5-b32aa020b264\"\
        ,\r\n    \"Name\": \"demoApp\",\r\n    \"CreationDate\": \"2024-08-29T02:38:49.4621435+00:00\"\
        ,\r\n    \"TenantId\": \"0b1f6471-1bf0-4dda-aec3-cb9272f09590\",\r\n    \"\
        provisioningState\": \"Succeeded\",\r\n    \"SamplingPercentage\": null,\r\
        \n    \"RetentionInDays\": 90,\r\n    \"IngestionMode\": \"ApplicationInsights\"\
        ,\r\n    \"publicNetworkAccessForIngestion\": \"Enabled\",\r\n    \"publicNetworkAccessForQuery\"\
        : \"Enabled\",\r\n    \"Ver\": \"v2\"\r\n  }\r\n}"
    headers:
      access-control-expose-headers:
      - Request-Context
      cache-control:
      - no-cache
      content-length:
      - '1265'
      content-type:
      - application/json; charset=utf-8
      date:
      - Thu, 29 Aug 2024 02:38:50 GMT
      expires:
      - '-1'
      pragma:
      - no-cache
      request-context:
      - appId=cid-v1:0dd6a9c3-b728-41ca-aa78-7e1962e22331
      strict-transport-security:
      - max-age=31536000; includeSubDomains
      x-cache:
      - CONFIG_NOCACHE
      x-content-type-options:
      - nosniff
      x-ms-ratelimit-remaining-subscription-global-writes:
      - '5999'
      x-ms-ratelimit-remaining-subscription-writes:
      - '399'
      x-msedge-ref:
      - 'Ref A: B18CBEF516664D0C95189857AAB843DE Ref B: MAA201060513027 Ref C: 2024-08-29T02:38:46Z'
      x-powered-by:
      - ASP.NET
    status:
      code: 200
      message: OK
- request:
    body: null
    headers:
      Accept:
      - application/json
      Accept-Encoding:
      - gzip, deflate
      CommandName:
      - monitor app-insights component update
      Connection:
      - keep-alive
      ParameterSetName:
      - --app --query-access --ingestion-access -g
      User-Agent:
      - AZURECLI/2.63.0 azsdk-python-core/1.28.0 Python/3.12.5 (Windows-11-10.0.22631-SP0)
    method: GET
    uri: https://management.azure.com/subscriptions/00000000-0000-0000-0000-000000000000/resourceGroups/clitest.rg000001/providers/Microsoft.Insights/components/demoApp?api-version=2018-05-01-preview
  response:
    body:
      string: "{\r\n  \"kind\": \"web\",\r\n  \"etag\": \"\\\"85010377-0000-0200-0000-66cfdf390000\\\
        \"\",\r\n  \"id\": \"/subscriptions/00000000-0000-0000-0000-000000000000/resourceGroups/clitest.rg000001/providers/microsoft.insights/components/demoApp\"\
        ,\r\n  \"name\": \"demoApp\",\r\n  \"type\": \"microsoft.insights/components\"\
        ,\r\n  \"location\": \"westus\",\r\n  \"tags\": {},\r\n  \"properties\": {\r\
        \n    \"ApplicationId\": \"demoApp\",\r\n    \"AppId\": \"59529ff2-bd3b-4f76-8bd5-b32aa020b264\"\
        ,\r\n    \"Application_Type\": \"web\",\r\n    \"Flow_Type\": \"Bluefield\"\
        ,\r\n    \"Request_Source\": \"rest\",\r\n    \"InstrumentationKey\": \"f52bbf7a-52ad-4290-8176-28712dcdc173\"\
        ,\r\n    \"ConnectionString\": \"InstrumentationKey=f52bbf7a-52ad-4290-8176-28712dcdc173;IngestionEndpoint=https://westus-0.in.applicationinsights.azure.com/;LiveEndpoint=https://westus.livediagnostics.monitor.azure.com/;ApplicationId=59529ff2-bd3b-4f76-8bd5-b32aa020b264\"\
        ,\r\n    \"Name\": \"demoApp\",\r\n    \"CreationDate\": \"2024-08-29T02:38:49.4621435+00:00\"\
        ,\r\n    \"TenantId\": \"0b1f6471-1bf0-4dda-aec3-cb9272f09590\",\r\n    \"\
        provisioningState\": \"Succeeded\",\r\n    \"SamplingPercentage\": null,\r\
        \n    \"RetentionInDays\": 90,\r\n    \"IngestionMode\": \"ApplicationInsights\"\
        ,\r\n    \"publicNetworkAccessForIngestion\": \"Enabled\",\r\n    \"publicNetworkAccessForQuery\"\
        : \"Enabled\",\r\n    \"Ver\": \"v2\"\r\n  }\r\n}"
    headers:
      access-control-expose-headers:
      - Request-Context
      cache-control:
      - no-cache
      content-length:
      - '1265'
      content-type:
      - application/json; charset=utf-8
      date:
      - Thu, 29 Aug 2024 02:38:51 GMT
      expires:
      - '-1'
      pragma:
      - no-cache
      request-context:
      - appId=cid-v1:0dd6a9c3-b728-41ca-aa78-7e1962e22331
      strict-transport-security:
      - max-age=31536000; includeSubDomains
      x-cache:
      - CONFIG_NOCACHE
      x-content-type-options:
      - nosniff
      x-ms-ratelimit-remaining-subscription-global-reads:
      - '7498'
      x-msedge-ref:
      - 'Ref A: AEBE06A5EA054126BAF476049AB22DED Ref B: MAA201060514035 Ref C: 2024-08-29T02:38:51Z'
      x-powered-by:
      - ASP.NET
    status:
      code: 200
      message: OK
- request:
    body: '{"location": "westus", "tags": {}, "kind": "web", "properties": {"Application_Type":
      "web", "Flow_Type": "Bluefield", "Request_Source": "rest", "RetentionInDays":
      90, "publicNetworkAccessForIngestion": "Enabled", "publicNetworkAccessForQuery":
      "Enabled", "IngestionMode": "ApplicationInsights"}}'
    headers:
      Accept:
      - application/json
      Accept-Encoding:
      - gzip, deflate
      CommandName:
      - monitor app-insights component update
      Connection:
      - keep-alive
      Content-Length:
      - '295'
      Content-Type:
      - application/json
      ParameterSetName:
      - --app --query-access --ingestion-access -g
      User-Agent:
      - AZURECLI/2.63.0 azsdk-python-core/1.28.0 Python/3.12.5 (Windows-11-10.0.22631-SP0)
    method: PUT
    uri: https://management.azure.com/subscriptions/00000000-0000-0000-0000-000000000000/resourceGroups/clitest.rg000001/providers/Microsoft.Insights/components/demoApp?api-version=2018-05-01-preview
  response:
    body:
      string: "{\r\n  \"kind\": \"web\",\r\n  \"etag\": \"\\\"85013277-0000-0200-0000-66cfdf3d0000\\\
        \"\",\r\n  \"id\": \"/subscriptions/00000000-0000-0000-0000-000000000000/resourceGroups/clitest.rg000001/providers/microsoft.insights/components/demoApp\"\
        ,\r\n  \"name\": \"demoApp\",\r\n  \"type\": \"microsoft.insights/components\"\
        ,\r\n  \"location\": \"westus\",\r\n  \"tags\": {},\r\n  \"properties\": {\r\
        \n    \"ApplicationId\": \"demoApp\",\r\n    \"AppId\": \"59529ff2-bd3b-4f76-8bd5-b32aa020b264\"\
        ,\r\n    \"Application_Type\": \"web\",\r\n    \"Flow_Type\": \"Bluefield\"\
        ,\r\n    \"Request_Source\": \"rest\",\r\n    \"InstrumentationKey\": \"f52bbf7a-52ad-4290-8176-28712dcdc173\"\
        ,\r\n    \"ConnectionString\": \"InstrumentationKey=f52bbf7a-52ad-4290-8176-28712dcdc173;IngestionEndpoint=https://westus-0.in.applicationinsights.azure.com/;LiveEndpoint=https://westus.livediagnostics.monitor.azure.com/;ApplicationId=59529ff2-bd3b-4f76-8bd5-b32aa020b264\"\
        ,\r\n    \"Name\": \"demoApp\",\r\n    \"CreationDate\": \"2024-08-29T02:38:49.4621435+00:00\"\
        ,\r\n    \"TenantId\": \"0b1f6471-1bf0-4dda-aec3-cb9272f09590\",\r\n    \"\
        provisioningState\": \"Succeeded\",\r\n    \"SamplingPercentage\": null,\r\
        \n    \"RetentionInDays\": 90,\r\n    \"Retention\": \"P90D\",\r\n    \"IngestionMode\"\
        : \"ApplicationInsights\",\r\n    \"publicNetworkAccessForIngestion\": \"\
        Enabled\",\r\n    \"publicNetworkAccessForQuery\": \"Enabled\",\r\n    \"\
        Ver\": \"v2\"\r\n  }\r\n}"
    headers:
      access-control-expose-headers:
      - Request-Context
      cache-control:
      - no-cache
      content-length:
      - '1291'
      content-type:
      - application/json; charset=utf-8
      date:
      - Thu, 29 Aug 2024 02:38:57 GMT
      expires:
      - '-1'
      pragma:
      - no-cache
      request-context:
      - appId=cid-v1:0dd6a9c3-b728-41ca-aa78-7e1962e22331
      strict-transport-security:
      - max-age=31536000; includeSubDomains
      x-cache:
      - CONFIG_NOCACHE
      x-content-type-options:
      - nosniff
      x-ms-ratelimit-remaining-subscription-global-writes:
      - '5999'
      x-ms-ratelimit-remaining-subscription-writes:
      - '399'
      x-msedge-ref:
      - 'Ref A: F57FA4A5CFF74EFEB1D46AF37C302E94 Ref B: MAA201060514035 Ref C: 2024-08-29T02:38:52Z'
      x-powered-by:
      - ASP.NET
    status:
      code: 200
      message: OK
- request:
    body: null
    headers:
      Accept:
      - application/json
      Accept-Encoding:
      - gzip, deflate
      CommandName:
      - monitor app-insights component update
      Connection:
      - keep-alive
      ParameterSetName:
      - --app --workspace --query-access --ingestion-access -g
      User-Agent:
      - AZURECLI/2.63.0 azsdk-python-core/1.28.0 Python/3.12.5 (Windows-11-10.0.22631-SP0)
    method: GET
    uri: https://management.azure.com/subscriptions/00000000-0000-0000-0000-000000000000/resourceGroups/clitest.rg000001/providers/Microsoft.Insights/components/demoApp?api-version=2020-02-02-preview
  response:
    body:
      string: "{\r\n  \"kind\": \"web\",\r\n  \"etag\": \"\\\"85013277-0000-0200-0000-66cfdf3d0000\\\
        \"\",\r\n  \"id\": \"/subscriptions/00000000-0000-0000-0000-000000000000/resourceGroups/clitest.rg000001/providers/microsoft.insights/components/demoApp\"\
        ,\r\n  \"name\": \"demoApp\",\r\n  \"type\": \"microsoft.insights/components\"\
        ,\r\n  \"location\": \"westus\",\r\n  \"tags\": {},\r\n  \"properties\": {\r\
        \n    \"ApplicationId\": \"demoApp\",\r\n    \"AppId\": \"59529ff2-bd3b-4f76-8bd5-b32aa020b264\"\
        ,\r\n    \"Application_Type\": \"web\",\r\n    \"Flow_Type\": \"Bluefield\"\
        ,\r\n    \"Request_Source\": \"rest\",\r\n    \"InstrumentationKey\": \"f52bbf7a-52ad-4290-8176-28712dcdc173\"\
        ,\r\n    \"ConnectionString\": \"InstrumentationKey=f52bbf7a-52ad-4290-8176-28712dcdc173;IngestionEndpoint=https://westus-0.in.applicationinsights.azure.com/;LiveEndpoint=https://westus.livediagnostics.monitor.azure.com/;ApplicationId=59529ff2-bd3b-4f76-8bd5-b32aa020b264\"\
        ,\r\n    \"Name\": \"demoApp\",\r\n    \"CreationDate\": \"2024-08-29T02:38:49.4621435+00:00\"\
        ,\r\n    \"TenantId\": \"0b1f6471-1bf0-4dda-aec3-cb9272f09590\",\r\n    \"\
        provisioningState\": \"Succeeded\",\r\n    \"SamplingPercentage\": null,\r\
        \n    \"RetentionInDays\": 90,\r\n    \"Retention\": \"P90D\",\r\n    \"IngestionMode\"\
        : \"ApplicationInsights\",\r\n    \"publicNetworkAccessForIngestion\": \"\
        Enabled\",\r\n    \"publicNetworkAccessForQuery\": \"Enabled\",\r\n    \"\
        Ver\": \"v2\"\r\n  }\r\n}"
    headers:
      access-control-expose-headers:
      - Request-Context
      cache-control:
      - no-cache
      content-length:
      - '1291'
      content-type:
      - application/json; charset=utf-8
      date:
      - Thu, 29 Aug 2024 02:38:58 GMT
      expires:
      - '-1'
      pragma:
      - no-cache
      request-context:
      - appId=cid-v1:0dd6a9c3-b728-41ca-aa78-7e1962e22331
      strict-transport-security:
      - max-age=31536000; includeSubDomains
      x-cache:
      - CONFIG_NOCACHE
      x-content-type-options:
      - nosniff
      x-ms-ratelimit-remaining-subscription-global-reads:
      - '7499'
      x-msedge-ref:
      - 'Ref A: 77803E31FB3F43E2AD2B8B47A37089A3 Ref B: MAA201060514025 Ref C: 2024-08-29T02:38:58Z'
      x-powered-by:
      - ASP.NET
    status:
      code: 200
      message: OK
- request:
    body: null
    headers:
      Accept:
      - application/json
      Accept-Encoding:
      - gzip, deflate
      CommandName:
      - monitor app-insights component update
      Connection:
      - keep-alive
      ParameterSetName:
      - --app --workspace --query-access --ingestion-access -g
      User-Agent:
      - AZURECLI/2.63.0 azsdk-python-core/1.28.0 Python/3.12.5 (Windows-11-10.0.22631-SP0)
    method: GET
    uri: https://management.azure.com/subscriptions/00000000-0000-0000-0000-000000000000/providers/microsoft.OperationalInsights?api-version=2022-09-01
  response:
    body:
      string: '{"id":"/subscriptions/00000000-0000-0000-0000-000000000000/providers/Microsoft.OperationalInsights","namespace":"Microsoft.OperationalInsights","authorizations":[{"applicationId":"d2a0a418-0aac-4541-82b2-b3142c89da77","roleDefinitionId":"86695298-2eb9-48a7-9ec3-2fdb38b6878b"},{"applicationId":"ca7f3f0b-7d91-482c-8e09-c5d840d0eac5","roleDefinitionId":"5d5a2e56-9835-44aa-93db-d2f19e155438"}],"resourceTypes":[{"resourceType":"workspaces","locations":["East
        US","West Europe","Southeast Asia","Australia Southeast","West Central US","Japan
        East","UK South","Central India","Canada Central","West US 2","Australia Central","Australia
        East","France Central","Korea Central","North Europe","Central US","East Asia","East
        US 2","South Central US","North Central US","West US","UK West","South Africa
        North","Brazil South","Switzerland North","Switzerland West","Germany West
        Central","Australia Central 2","UAE Central","UAE North","Japan West","Brazil
        Southeast","Norway East","Norway West","France South","South India","Korea
        South","Jio India Central","Jio India West","Qatar Central","Canada East","West
        US 3","Sweden Central","South Africa West","Germany North","Poland Central","Israel
        Central","Italy North","Spain Central"],"apiVersions":["2023-09-01","2022-10-01","2021-12-01-preview","2021-06-01","2021-03-01-privatepreview","2020-10-01","2020-08-01","2020-03-01-preview","2017-04-26-preview","2017-03-15-preview","2017-03-03-preview","2017-01-01-preview","2015-11-01-preview","2015-03-20"],"defaultApiVersion":"2022-10-01","capabilities":"CrossResourceGroupResourceMove,
        CrossSubscriptionResourceMove, SystemAssignedResourceIdentity, SupportsTags,
        SupportsLocation"},{"resourceType":"querypacks","locations":["West Central
        US","East US","South Central US","North Europe","West Europe","Southeast Asia","West
        US 2","UK South","Canada Central","Central India","Japan East","Australia
        East","Korea Central","France Central","Central US","East US 2","East Asia","West
        US","South Africa North","North Central US","Brazil South","Switzerland North","Norway
        East","Australia Southeast","Australia Central 2","Germany West Central","Switzerland
        West","UAE Central","UK West","Brazil Southeast","Japan West","UAE North","Australia
        Central","France South","South India","Korea South","Jio India Central","Jio
        India West","Qatar Central","Canada East","West US 3","Sweden Central"],"apiVersions":["2019-09-01-preview","2019-09-01"],"capabilities":"SupportsTags,
        SupportsLocation"},{"resourceType":"locations","locations":[],"apiVersions":["2020-10-01","2020-08-01","2020-03-01-preview","2019-08-01-preview","2017-04-26-preview","2017-03-15-preview","2017-03-03-preview","2017-01-01-preview","2015-11-01-preview","2015-03-20"],"defaultApiVersion":"2020-08-01","capabilities":"None"},{"resourceType":"locations/operationStatuses","locations":["East
        US","West Europe","Southeast Asia","Australia Southeast","West Central US","Japan
        East","UK South","Central India","Canada Central","West US 2","Australia Central","Australia
        East","France Central","Korea Central","North Europe","Central US","East Asia","East
        US 2","South Central US","North Central US","West US","UK West","South Africa
        North","Brazil South","Switzerland North","Switzerland West","Germany West
        Central","Australia Central 2","UAE Central","UAE North","Japan West","Brazil
        Southeast","Norway East","Norway West","France South","South India","Korea
        South","Jio India Central","Jio India West","Qatar Central","Canada East","West
        US 3","Sweden Central","South Africa West","Germany North","Poland Central","Israel
        Central","Italy North","Spain Central"],"apiVersions":["2023-01-01-preview","2022-10-01","2022-09-01-privatepreview","2021-12-01-preview","2020-10-01","2020-08-01","2020-03-01-preview","2019-08-01-preview","2017-04-26-preview","2017-03-15-preview","2017-03-03-preview","2017-01-01-preview","2015-11-01-preview","2015-03-20"],"defaultApiVersion":"2022-10-01","capabilities":"None"},{"resourceType":"locations/workspaces","locations":["East
        US","West Europe","Australia Southeast","UK South","Canada Central","West
        US 2","Australia Central","Australia East","France Central","North Europe","Central
        US","East US 2","South Central US","West US","UK West","Germany West Central"],"apiVersions":["2023-01-01-preview"],"defaultApiVersion":"2023-01-01-preview","capabilities":"None"},{"resourceType":"workspaces/scopedPrivateLinkProxies","locations":["East
        US","West Europe","Southeast Asia","Australia Southeast","West Central US","Japan
        East","UK South","Central India","Canada Central","West US 2","Australia Central","Australia
        East","France Central","Korea Central","North Europe","Central US","East Asia","East
        US 2","South Central US","North Central US","West US","UK West","South Africa
        North","Brazil South","Switzerland North","Switzerland West","Germany West
        Central","Australia Central 2","UAE Central","UAE North","Japan West","Brazil
        Southeast","Norway East","Norway West","France South","South India","Korea
        South","Jio India Central","Jio India West","Qatar Central","Canada East","West
        US 3","Sweden Central","South Africa West","Germany North","Poland Central","Israel
        Central","Italy North","Spain Central"],"apiVersions":["2020-03-01-preview","2019-08-01-preview","2015-11-01-preview"],"defaultApiVersion":"2020-03-01-preview","capabilities":"None"},{"resourceType":"workspaces/api","locations":[],"apiVersions":["2020-08-01","2020-03-01-preview","2017-01-01-preview"],"capabilities":"None"},{"resourceType":"workspaces/query","locations":[],"apiVersions":["2017-10-01"],"capabilities":"None"},{"resourceType":"workspaces/metadata","locations":[],"apiVersions":["2017-10-01"],"capabilities":"None"},{"resourceType":"workspaces/purge","locations":[],"apiVersions":["2022-10-01","2020-10-01","2020-08-01","2017-04-26-preview","2015-03-20"],"capabilities":"None"},{"resourceType":"workspaces/operations","locations":[],"apiVersions":["2022-10-01","2020-08-01","2017-04-26-preview","2015-03-20"],"capabilities":"None"},{"resourceType":"workspaces/dataSources","locations":["East
        US","West Europe","Southeast Asia","Australia Southeast","West Central US","Japan
        East","UK South","Central India","Canada Central","West US 2","Australia Central","Australia
        East","France Central","Korea Central","North Europe","Central US","East Asia","East
        US 2","South Central US","North Central US","West US","UK West","South Africa
        North","Brazil South","Switzerland North","Switzerland West","Germany West
        Central","Australia Central 2","UAE Central","UAE North","Japan West","Brazil
        Southeast","Norway East","Norway West","France South","South India","Korea
        South","Jio India Central","Jio India West","Qatar Central","Canada East","West
        US 3","Sweden Central","South Africa West","Germany North","Poland Central","Israel
        Central","Italy North","Spain Central"],"apiVersions":["2020-08-01","2020-03-01-preview","2015-11-01-preview"],"defaultApiVersion":"2020-08-01","capabilities":"None"},{"resourceType":"workspaces/linkedStorageAccounts","locations":["East
        US","West Europe","Southeast Asia","Australia Southeast","West Central US","Japan
        East","UK South","Central India","Canada Central","West US 2","Australia Central","Australia
        East","France Central","Korea Central","North Europe","Central US","East Asia","East
        US 2","South Central US","North Central US","West US","UK West","South Africa
        North","Brazil South","Switzerland North","Switzerland West","Germany West
        Central","Australia Central 2","UAE Central","UAE North","Japan West","Brazil
        Southeast","Norway East","Norway West","France South","South India","Korea
        South","Jio India Central","Jio India West","Qatar Central","Canada East","West
        US 3","Sweden Central","South Africa West","Germany North","Poland Central","Israel
        Central","Italy North","Spain Central"],"apiVersions":["2020-08-01","2020-03-01-preview","2019-08-01-preview"],"defaultApiVersion":"2020-08-01","capabilities":"None"},{"resourceType":"workspaces/tables","locations":["East
        US","West Europe","Southeast Asia","Australia Southeast","West Central US","Japan
        East","UK South","Central India","Canada Central","West US 2","Australia East","Australia
        Central","France Central","Korea Central","North Europe","Central US","East
        Asia","East US 2","South Central US","North Central US","West US","UK West","South
        Africa North","Brazil South","Switzerland North","Switzerland West","Germany
        West Central","Australia Central 2","UAE Central","UAE North","Japan West","Brazil
        Southeast","Norway East","Norway West","France South","South India","Korea
        South","Jio India Central","Jio India West","Qatar Central","Canada East","West
        US 3","Sweden Central","South Africa West","Germany North","Poland Central","Israel
        Central","Italy North","Spain Central","East US 2 EUAP","Central US EUAP","Mexico
        Central"],"apiVersions":["2021-07-01-privatepreview","2021-03-01-privatepreview","2020-10-01"],"capabilities":"None"},{"resourceType":"workspaces/summaryLogs","locations":["East
        US","West Europe","Southeast Asia","Australia Southeast","West Central US","Japan
        East","UK South","Central India","Canada Central","West US 2","Australia Central","Australia
        East","France Central","Korea Central","North Europe","Central US","East Asia","East
        US 2","South Central US","North Central US","West US","UK West","South Africa
        North","Brazil South","Switzerland North","Switzerland West","Germany West
        Central","Australia Central 2","UAE Central","UAE North","Japan West","Brazil
        Southeast","Norway East","Norway West","France South","South India","Korea
        South","Jio India Central","Jio India West","Qatar Central","Canada East","West
        US 3","Sweden Central","South Africa West","Germany North","Poland Central","Israel
        Central","Italy North","Spain Central"],"apiVersions":["2023-01-01-preview"],"capabilities":"None"},{"resourceType":"workspaces/storageInsightConfigs","locations":["East
        US","West Europe","Southeast Asia","Australia Southeast","West Central US","Japan
        East","UK South","Central India","Canada Central","West US 2","Australia East","Australia
        Central","France Central","Korea Central","North Europe","Central US","East
        Asia","East US 2","South Central US","North Central US","West US","UK West","South
        Africa North","Brazil South","Switzerland North","Switzerland West","Germany
        West Central","Australia Central 2","UAE Central","UAE North","Japan West","Brazil
        Southeast","Norway East","Norway West","France South","South India","Korea
        South","Jio India Central","Jio India West","Qatar Central","Canada East","West
        US 3","Sweden Central","South Africa West","Germany North","Poland Central","Israel
        Central","Italy North","Spain Central"],"apiVersions":["2020-08-01","2020-03-01-preview","2017-04-26-preview","2017-03-15-preview","2017-03-03-preview","2017-01-01-preview","2015-11-01-preview","2015-03-20"],"capabilities":"None"},{"resourceType":"storageInsightConfigs","locations":[],"apiVersions":["2020-08-01","2020-03-01-preview","2014-10-10"],"capabilities":"SupportsExtension"},{"resourceType":"workspaces/linkedServices","locations":["East
        US","West Europe","Southeast Asia","Australia Southeast","West Central US","Japan
        East","UK South","Central India","Canada Central","West US 2","Australia Central","Australia
        East","France Central","Korea Central","North Europe","Central US","East Asia","East
        US 2","South Central US","North Central US","West US","UK West","South Africa
        North","Brazil South","Switzerland North","Switzerland West","Germany West
        Central","Australia Central 2","UAE Central","UAE North","Japan West","Brazil
        Southeast","Norway East","Norway West","France South","South India","Korea
        South","Jio India Central","Jio India West","Qatar Central","Canada East","West
        US 3","Sweden Central","South Africa West","Germany North","Poland Central","Israel
        Central","Italy North","Spain Central"],"apiVersions":["2020-08-01","2020-03-01-preview","2019-08-01-preview","2015-11-01-preview"],"defaultApiVersion":"2020-08-01","capabilities":"None"},{"resourceType":"linkTargets","locations":["East
        US"],"apiVersions":["2020-03-01-preview","2015-03-20"],"capabilities":"None"},{"resourceType":"deletedWorkspaces","locations":["East
        US","West Europe","Southeast Asia","Australia Southeast","West Central US","Japan
        East","UK South","Central India","Canada Central","West US 2","Australia Central","Australia
        East","France Central","Korea Central","North Europe","Central US","East Asia","East
        US 2","South Central US","North Central US","West US","UK West","South Africa
        North","Brazil South","Switzerland North","Switzerland West","Germany West
        Central","Australia Central 2","UAE Central","UAE North","Japan West","Brazil
        Southeast","Norway East","Norway West","France South","South India","Korea
        South","Jio India Central","Jio India West","Qatar Central","Canada East","West
        US 3","Sweden Central","South Africa West","Germany North","Poland Central","Israel
        Central","Italy North","Spain Central"],"apiVersions":["2022-10-01","2021-12-01-preview","2020-10-01","2020-08-01","2020-03-01-preview"],"defaultApiVersion":"2022-10-01","capabilities":"None"},{"resourceType":"operations","locations":[],"apiVersions":["2023-09-01","2022-10-01","2021-12-01-preview","2020-10-01","2020-08-01","2020-03-01-preview","2015-11-01-preview","2014-11-10"],"defaultApiVersion":"2020-08-01","capabilities":"None"},{"resourceType":"clusters","locations":["East
        US","West Europe","Southeast Asia","Australia Southeast","West Central US","Japan
        East","UK South","Central India","Canada Central","West US 2","Australia Central","Australia
        East","France Central","Korea Central","North Europe","Central US","East Asia","East
        US 2","South Central US","North Central US","West US","UK West","South Africa
        North","Switzerland North","Switzerland West","Germany West Central","Australia
        Central 2","UAE Central","Brazil South","UAE North","Japan West","Brazil Southeast","Norway
        East","Norway West","France South","South India","Korea South","Jio India
        Central","Jio India West","Qatar Central","Canada East","West US 3","Sweden
        Central","South Africa West","Germany North","Poland Central","Israel Central","Italy
        North","Spain Central"],"apiVersions":["2021-06-01","2020-10-01","2020-08-01","2020-03-01-preview","2019-08-01-preview"],"defaultApiVersion":"2021-06-01","capabilities":"CrossResourceGroupResourceMove,
        CrossSubscriptionResourceMove, SystemAssignedResourceIdentity, SupportsTags,
        SupportsLocation"},{"resourceType":"workspaces/dataExports","locations":["East
        US","West Europe","Southeast Asia","Australia Southeast","West Central US","Japan
        East","UK South","Central India","Canada Central","West US 2","Australia Central","Australia
        East","France Central","Korea Central","North Europe","Central US","East Asia","East
        US 2","South Central US","North Central US","West US","UK West","South Africa
        North","Brazil South","Switzerland North","Switzerland West","Germany West
        Central","Australia Central 2","UAE Central","UAE North","Japan West","Brazil
        Southeast","Norway East","Norway West","France South","South India","Korea
        South","Jio India Central","Jio India West","Qatar Central","Canada East","West
        US 3","Sweden Central","South Africa West","Germany North","Poland Central","Israel
        Central","Italy North","Spain Central"],"apiVersions":["2020-08-01","2020-03-01-preview","2019-08-01-preview"],"defaultApiVersion":"2020-08-01","capabilities":"None"},{"resourceType":"workspaces/networkSecurityPerimeterAssociationProxies","locations":["East
        US","East US 2","North Central US","South Central US","West US","West US 2","East
        US 2 EUAP","Central US EUAP"],"apiVersions":["2021-10-01"],"defaultApiVersion":"2021-10-01","capabilities":"None"},{"resourceType":"workspaces/networkSecurityPerimeterConfigurations","locations":["East
        US","East US 2","North Central US","South Central US","West US","West US 2","East
        US 2 EUAP","Central US EUAP"],"apiVersions":["2021-10-01"],"defaultApiVersion":"2021-10-01","capabilities":"None"},{"resourceType":"locations/notifyNetworkSecurityPerimeterUpdatesAvailable","locations":["East
        US 2 EUAP","Central US EUAP","Australia East","Australia Southeast","Brazil
        South","Central India","Central US","East US","East US 2","Germany West Central","Japan
        East","North Central US","North Europe","South Central US","South India","Southeast
        Asia","Sweden Central","UK South","West Europe","West US","West US 2","West
        US 3"],"apiVersions":["2021-10-01"],"defaultApiVersion":"2021-10-01","capabilities":"None"}],"registrationState":"Registered","registrationPolicy":"RegistrationRequired"}'
    headers:
      cache-control:
      - no-cache
      content-length:
      - '16522'
      content-type:
      - application/json; charset=utf-8
      date:
      - Thu, 29 Aug 2024 02:38:59 GMT
      expires:
      - '-1'
      pragma:
      - no-cache
      strict-transport-security:
      - max-age=31536000; includeSubDomains
      x-cache:
      - CONFIG_NOCACHE
      x-content-type-options:
      - nosniff
      x-ms-ratelimit-remaining-subscription-global-reads:
      - '7499'
      x-msedge-ref:
      - 'Ref A: F17FA3A688434102B90BB14738DB4811 Ref B: MAA201060515037 Ref C: 2024-08-29T02:39:00Z'
    status:
      code: 200
      message: OK
- request:
    body: null
    headers:
      Accept:
      - application/json
      Accept-Encoding:
      - gzip, deflate
      CommandName:
      - monitor app-insights component update
      Connection:
      - keep-alive
      ParameterSetName:
      - --app --workspace --query-access --ingestion-access -g
      User-Agent:
      - AZURECLI/2.63.0 azsdk-python-core/1.28.0 Python/3.12.5 (Windows-11-10.0.22631-SP0)
    method: GET
    uri: https://management.azure.com/subscriptions/00000000-0000-0000-0000-000000000000/resourceGroups/clitest.rg000001/providers/microsoft.OperationalInsights/workspaces/clitest000002?api-version=2023-09-01
  response:
    body:
      string: '{"properties":{"customerId":"274870a6-b44f-4b17-b89a-a9667b3f70ed","provisioningState":"Succeeded","sku":{"name":"PerGB2018","lastSkuUpdate":"2024-08-29T02:38:38.6566474Z"},"retentionInDays":30,"features":{"legacy":0,"searchVersion":1,"enableLogAccessUsingOnlyResourcePermissions":true},"workspaceCapping":{"dailyQuotaGb":-1.0,"quotaNextResetTime":"2024-08-30T00:00:00Z","dataIngestionStatus":"RespectQuota"},"publicNetworkAccessForIngestion":"Enabled","publicNetworkAccessForQuery":"Enabled","createdDate":"2024-08-29T02:38:38.6566474Z","modifiedDate":"2024-08-29T02:38:40.0152892Z"},"location":"westus","id":"/subscriptions/00000000-0000-0000-0000-000000000000/resourceGroups/clitest.rg000001/providers/Microsoft.OperationalInsights/workspaces/clitest000002","name":"clitest000002","type":"Microsoft.OperationalInsights/workspaces","etag":"\"120261f7-0000-0700-0000-66cfdf300000\""}'
    headers:
      access-control-allow-origin:
      - '*'
      api-supported-versions:
      - 2015-03-20, 2020-08-01, 2020-10-01, 2021-06-01, 2022-10-01, 2023-09-01
      cache-control:
      - no-cache
      content-length:
      - '884'
      content-type:
      - application/json; charset=utf-8
      date:
      - Thu, 29 Aug 2024 02:39:00 GMT
      expires:
      - '-1'
      pragma:
      - no-cache
      request-context:
      - appId=cid-v1:e6336c63-aab2-45f0-996a-e5dbab2a1508
      strict-transport-security:
      - max-age=31536000; includeSubDomains
      x-cache:
      - CONFIG_NOCACHE
      x-content-type-options:
      - nosniff
      x-ms-ratelimit-remaining-subscription-global-reads:
      - '7499'
      x-msedge-ref:
      - 'Ref A: 4D95835F8C724EAC9E6C221F0782A9AC Ref B: MAA201060515037 Ref C: 2024-08-29T02:39:00Z'
    status:
      code: 200
      message: OK
- request:
    body: '{"location": "westus", "tags": {}, "kind": "web", "etag": "\"85013277-0000-0200-0000-66cfdf3d0000\"",
      "properties": {"Application_Type": "web", "Flow_Type": "Bluefield", "Request_Source":
      "rest", "WorkspaceResourceId": "/subscriptions/00000000-0000-0000-0000-000000000000/resourceGroups/clitest.rg000001/providers/microsoft.OperationalInsights/workspaces/clitest000002",
      "publicNetworkAccessForIngestion": "Disabled", "publicNetworkAccessForQuery":
      "Disabled", "IngestionMode": "LogAnalytics"}}'
    headers:
      Accept:
      - application/json
      Accept-Encoding:
      - gzip, deflate
      CommandName:
      - monitor app-insights component update
      Connection:
      - keep-alive
      Content-Length:
      - '494'
      Content-Type:
      - application/json
      ParameterSetName:
      - --app --workspace --query-access --ingestion-access -g
      User-Agent:
      - AZURECLI/2.63.0 azsdk-python-core/1.28.0 Python/3.12.5 (Windows-11-10.0.22631-SP0)
    method: PUT
    uri: https://management.azure.com/subscriptions/00000000-0000-0000-0000-000000000000/resourceGroups/clitest.rg000001/providers/Microsoft.Insights/components/demoApp?api-version=2020-02-02-preview
  response:
    body:
      string: "{\r\n  \"kind\": \"web\",\r\n  \"etag\": \"\\\"8501af77-0000-0200-0000-66cfdf460000\\\
        \"\",\r\n  \"id\": \"/subscriptions/00000000-0000-0000-0000-000000000000/resourceGroups/clitest.rg000001/providers/microsoft.insights/components/demoApp\"\
        ,\r\n  \"name\": \"demoApp\",\r\n  \"type\": \"microsoft.insights/components\"\
        ,\r\n  \"location\": \"westus\",\r\n  \"tags\": {},\r\n  \"properties\": {\r\
        \n    \"ApplicationId\": \"demoApp\",\r\n    \"AppId\": \"59529ff2-bd3b-4f76-8bd5-b32aa020b264\"\
        ,\r\n    \"Application_Type\": \"web\",\r\n    \"Flow_Type\": \"Bluefield\"\
        ,\r\n    \"Request_Source\": \"rest\",\r\n    \"InstrumentationKey\": \"f52bbf7a-52ad-4290-8176-28712dcdc173\"\
        ,\r\n    \"ConnectionString\": \"InstrumentationKey=f52bbf7a-52ad-4290-8176-28712dcdc173;IngestionEndpoint=https://westus-0.in.applicationinsights.azure.com/;LiveEndpoint=https://westus.livediagnostics.monitor.azure.com/;ApplicationId=59529ff2-bd3b-4f76-8bd5-b32aa020b264\"\
        ,\r\n    \"Name\": \"demoApp\",\r\n    \"CreationDate\": \"2024-08-29T02:38:49.4621435+00:00\"\
        ,\r\n    \"TenantId\": \"0b1f6471-1bf0-4dda-aec3-cb9272f09590\",\r\n    \"\
        provisioningState\": \"Succeeded\",\r\n    \"SamplingPercentage\": null,\r\
        \n    \"RetentionInDays\": 90,\r\n    \"Retention\": \"P90D\",\r\n    \"WorkspaceResourceId\"\
        : \"/subscriptions/00000000-0000-0000-0000-000000000000/resourceGroups/clitest.rg000001/providers/microsoft.OperationalInsights/workspaces/clitest000002\"\
        ,\r\n    \"LaMigrationDate\": \"2024-08-29T02:39:02.1041305+00:00\",\r\n \
        \   \"IngestionMode\": \"LogAnalytics\",\r\n    \"publicNetworkAccessForIngestion\"\
        : \"Disabled\",\r\n    \"publicNetworkAccessForQuery\": \"Disabled\",\r\n\
        \    \"Ver\": \"v2\"\r\n  }\r\n}"
    headers:
      access-control-expose-headers:
      - Request-Context
      cache-control:
      - no-cache
      content-length:
      - '1527'
      content-type:
      - application/json; charset=utf-8
      date:
      - Thu, 29 Aug 2024 02:39:06 GMT
      expires:
      - '-1'
      pragma:
      - no-cache
      request-context:
      - appId=cid-v1:0dd6a9c3-b728-41ca-aa78-7e1962e22331
      strict-transport-security:
      - max-age=31536000; includeSubDomains
      x-cache:
      - CONFIG_NOCACHE
      x-content-type-options:
      - nosniff
      x-ms-ratelimit-remaining-subscription-global-writes:
      - '5999'
      x-ms-ratelimit-remaining-subscription-writes:
      - '399'
      x-msedge-ref:
      - 'Ref A: F12D3A38C1BC43A5B824686BF776E175 Ref B: MAA201060513025 Ref C: 2024-08-29T02:39:01Z'
      x-powered-by:
      - ASP.NET
    status:
      code: 200
      message: OK
- request:
    body: '{"location": "westus", "kind": "web", "properties": {"Application_Type":
      "web", "Flow_Type": "Bluefield", "Request_Source": "rest", "WorkspaceResourceId":
      "/subscriptions/00000000-0000-0000-0000-000000000000/resourceGroups/clitest.rg000001/providers/microsoft.OperationalInsights/workspaces/clitest000003",
      "publicNetworkAccessForIngestion": "Disabled", "publicNetworkAccessForQuery":
      "Enabled", "IngestionMode": "LogAnalytics"}}'
    headers:
      Accept:
      - application/json
      Accept-Encoding:
      - gzip, deflate
      CommandName:
      - monitor app-insights component create
      Connection:
      - keep-alive
      Content-Length:
      - '429'
      Content-Type:
      - application/json
      ParameterSetName:
      - --app --workspace --location --query-access --ingestion-access -g --application-type
      User-Agent:
      - AZURECLI/2.63.0 azsdk-python-core/1.28.0 Python/3.12.5 (Windows-11-10.0.22631-SP0)
    method: PUT
    uri: https://management.azure.com/subscriptions/00000000-0000-0000-0000-000000000000/resourceGroups/clitest.rg000001/providers/Microsoft.Insights/components/testApp?api-version=2020-02-02-preview
  response:
    body:
      string: "{\r\n  \"kind\": \"web\",\r\n  \"etag\": \"\\\"85010a78-0000-0200-0000-66cfdf4f0000\\\
        \"\",\r\n  \"id\": \"/subscriptions/00000000-0000-0000-0000-000000000000/resourceGroups/clitest.rg000001/providers/microsoft.insights/components/testApp\"\
        ,\r\n  \"name\": \"testApp\",\r\n  \"type\": \"microsoft.insights/components\"\
        ,\r\n  \"location\": \"westus\",\r\n  \"tags\": {},\r\n  \"properties\": {\r\
        \n    \"ApplicationId\": \"testApp\",\r\n    \"AppId\": \"3192ae1c-8fa3-4ec7-b5fb-47b34d492cd7\"\
        ,\r\n    \"Application_Type\": \"web\",\r\n    \"Flow_Type\": \"Bluefield\"\
        ,\r\n    \"Request_Source\": \"rest\",\r\n    \"InstrumentationKey\": \"8f69df3a-2a24-419c-9ba5-577fa7de7a8b\"\
        ,\r\n    \"ConnectionString\": \"InstrumentationKey=8f69df3a-2a24-419c-9ba5-577fa7de7a8b;IngestionEndpoint=https://westus-0.in.applicationinsights.azure.com/;LiveEndpoint=https://westus.livediagnostics.monitor.azure.com/;ApplicationId=3192ae1c-8fa3-4ec7-b5fb-47b34d492cd7\"\
        ,\r\n    \"Name\": \"testApp\",\r\n    \"CreationDate\": \"2024-08-29T02:39:10.977632+00:00\"\
        ,\r\n    \"TenantId\": \"0b1f6471-1bf0-4dda-aec3-cb9272f09590\",\r\n    \"\
        provisioningState\": \"Succeeded\",\r\n    \"SamplingPercentage\": null,\r\
        \n    \"RetentionInDays\": 90,\r\n    \"WorkspaceResourceId\": \"/subscriptions/00000000-0000-0000-0000-000000000000/resourceGroups/clitest.rg000001/providers/microsoft.OperationalInsights/workspaces/clitest000003\"\
        ,\r\n    \"IngestionMode\": \"LogAnalytics\",\r\n    \"publicNetworkAccessForIngestion\"\
        : \"Disabled\",\r\n    \"publicNetworkAccessForQuery\": \"Enabled\",\r\n \
        \   \"Ver\": \"v2\"\r\n  }\r\n}"
    headers:
      access-control-expose-headers:
      - Request-Context
      cache-control:
      - no-cache
      content-length:
      - '1438'
      content-type:
      - application/json; charset=utf-8
      date:
      - Thu, 29 Aug 2024 02:39:11 GMT
      expires:
      - '-1'
      pragma:
      - no-cache
      request-context:
      - appId=cid-v1:0dd6a9c3-b728-41ca-aa78-7e1962e22331
      strict-transport-security:
      - max-age=31536000; includeSubDomains
      x-cache:
      - CONFIG_NOCACHE
      x-content-type-options:
      - nosniff
      x-ms-ratelimit-remaining-subscription-global-writes:
      - '5999'
      x-ms-ratelimit-remaining-subscription-writes:
      - '399'
      x-msedge-ref:
      - 'Ref A: 15616E119B24407EA8BE76CC77709068 Ref B: MAA201060514023 Ref C: 2024-08-29T02:39:07Z'
      x-powered-by:
      - ASP.NET
    status:
      code: 200
      message: OK
- request:
    body: null
    headers:
      Accept:
      - application/json
      Accept-Encoding:
      - gzip, deflate
      CommandName:
      - monitor app-insights component update
      Connection:
      - keep-alive
      ParameterSetName:
      - --app --kind -g
      User-Agent:
      - AZURECLI/2.63.0 azsdk-python-core/1.28.0 Python/3.12.5 (Windows-11-10.0.22631-SP0)
    method: GET
    uri: https://management.azure.com/subscriptions/00000000-0000-0000-0000-000000000000/resourceGroups/clitest.rg000001/providers/Microsoft.Insights/components/testApp?api-version=2018-05-01-preview
  response:
    body:
      string: "{\r\n  \"kind\": \"web\",\r\n  \"etag\": \"\\\"85010a78-0000-0200-0000-66cfdf4f0000\\\
        \"\",\r\n  \"id\": \"/subscriptions/00000000-0000-0000-0000-000000000000/resourceGroups/clitest.rg000001/providers/microsoft.insights/components/testApp\"\
        ,\r\n  \"name\": \"testApp\",\r\n  \"type\": \"microsoft.insights/components\"\
        ,\r\n  \"location\": \"westus\",\r\n  \"tags\": {},\r\n  \"properties\": {\r\
        \n    \"ApplicationId\": \"testApp\",\r\n    \"AppId\": \"3192ae1c-8fa3-4ec7-b5fb-47b34d492cd7\"\
        ,\r\n    \"Application_Type\": \"web\",\r\n    \"Flow_Type\": \"Bluefield\"\
        ,\r\n    \"Request_Source\": \"rest\",\r\n    \"InstrumentationKey\": \"8f69df3a-2a24-419c-9ba5-577fa7de7a8b\"\
        ,\r\n    \"ConnectionString\": \"InstrumentationKey=8f69df3a-2a24-419c-9ba5-577fa7de7a8b;IngestionEndpoint=https://westus-0.in.applicationinsights.azure.com/;LiveEndpoint=https://westus.livediagnostics.monitor.azure.com/;ApplicationId=3192ae1c-8fa3-4ec7-b5fb-47b34d492cd7\"\
        ,\r\n    \"Name\": \"testApp\",\r\n    \"CreationDate\": \"2024-08-29T02:39:10.977632+00:00\"\
        ,\r\n    \"TenantId\": \"0b1f6471-1bf0-4dda-aec3-cb9272f09590\",\r\n    \"\
        provisioningState\": \"Succeeded\",\r\n    \"SamplingPercentage\": null,\r\
        \n    \"RetentionInDays\": 90,\r\n    \"WorkspaceResourceId\": \"/subscriptions/00000000-0000-0000-0000-000000000000/resourceGroups/clitest.rg000001/providers/microsoft.OperationalInsights/workspaces/clitest000003\"\
        ,\r\n    \"IngestionMode\": \"LogAnalytics\",\r\n    \"publicNetworkAccessForIngestion\"\
        : \"Disabled\",\r\n    \"publicNetworkAccessForQuery\": \"Enabled\",\r\n \
        \   \"Ver\": \"v2\"\r\n  }\r\n}"
    headers:
      access-control-expose-headers:
      - Request-Context
      cache-control:
      - no-cache
      content-length:
      - '1438'
      content-type:
      - application/json; charset=utf-8
      date:
      - Thu, 29 Aug 2024 02:39:12 GMT
      expires:
      - '-1'
      pragma:
      - no-cache
      request-context:
      - appId=cid-v1:0dd6a9c3-b728-41ca-aa78-7e1962e22331
      strict-transport-security:
      - max-age=31536000; includeSubDomains
      x-cache:
      - CONFIG_NOCACHE
      x-content-type-options:
      - nosniff
      x-ms-ratelimit-remaining-subscription-global-reads:
      - '7499'
      x-msedge-ref:
      - 'Ref A: 3AFFD7ACAF06416A81C96FF97C0CD3D3 Ref B: MAA201060514037 Ref C: 2024-08-29T02:39:12Z'
      x-powered-by:
      - ASP.NET
    status:
      code: 200
      message: OK
- request:
    body: '{"location": "westus", "tags": {}, "kind": "ios", "properties": {"Application_Type":
      "web", "Flow_Type": "Bluefield", "Request_Source": "rest", "RetentionInDays":
      90, "publicNetworkAccessForIngestion": "Disabled", "publicNetworkAccessForQuery":
      "Enabled", "IngestionMode": "ApplicationInsights"}}'
    headers:
      Accept:
      - application/json
      Accept-Encoding:
      - gzip, deflate
      CommandName:
      - monitor app-insights component update
      Connection:
      - keep-alive
      Content-Length:
      - '296'
      Content-Type:
      - application/json
      ParameterSetName:
      - --app --kind -g
      User-Agent:
      - AZURECLI/2.63.0 azsdk-python-core/1.28.0 Python/3.12.5 (Windows-11-10.0.22631-SP0)
    method: PUT
    uri: https://management.azure.com/subscriptions/00000000-0000-0000-0000-000000000000/resourceGroups/clitest.rg000001/providers/Microsoft.Insights/components/testApp?api-version=2018-05-01-preview
  response:
    body:
      string: "{\r\n  \"kind\": \"ios\",\r\n  \"etag\": \"\\\"85013278-0000-0200-0000-66cfdf540000\\\
        \"\",\r\n  \"id\": \"/subscriptions/00000000-0000-0000-0000-000000000000/resourceGroups/clitest.rg000001/providers/microsoft.insights/components/testApp\"\
        ,\r\n  \"name\": \"testApp\",\r\n  \"type\": \"microsoft.insights/components\"\
        ,\r\n  \"location\": \"westus\",\r\n  \"tags\": {},\r\n  \"properties\": {\r\
        \n    \"ApplicationId\": \"testApp\",\r\n    \"AppId\": \"3192ae1c-8fa3-4ec7-b5fb-47b34d492cd7\"\
        ,\r\n    \"Application_Type\": \"web\",\r\n    \"Flow_Type\": \"Bluefield\"\
        ,\r\n    \"Request_Source\": \"rest\",\r\n    \"InstrumentationKey\": \"8f69df3a-2a24-419c-9ba5-577fa7de7a8b\"\
        ,\r\n    \"ConnectionString\": \"InstrumentationKey=8f69df3a-2a24-419c-9ba5-577fa7de7a8b;IngestionEndpoint=https://westus-0.in.applicationinsights.azure.com/;LiveEndpoint=https://westus.livediagnostics.monitor.azure.com/;ApplicationId=3192ae1c-8fa3-4ec7-b5fb-47b34d492cd7\"\
        ,\r\n    \"Name\": \"testApp\",\r\n    \"CreationDate\": \"2024-08-29T02:39:10.977632+00:00\"\
        ,\r\n    \"TenantId\": \"0b1f6471-1bf0-4dda-aec3-cb9272f09590\",\r\n    \"\
        provisioningState\": \"Succeeded\",\r\n    \"SamplingPercentage\": null,\r\
        \n    \"RetentionInDays\": 90,\r\n    \"Retention\": \"P90D\",\r\n    \"WorkspaceResourceId\"\
        : \"/subscriptions/00000000-0000-0000-0000-000000000000/resourceGroups/clitest.rg000001/providers/microsoft.OperationalInsights/workspaces/clitest000003\"\
        ,\r\n    \"IngestionMode\": \"LogAnalytics\",\r\n    \"publicNetworkAccessForIngestion\"\
        : \"Disabled\",\r\n    \"publicNetworkAccessForQuery\": \"Enabled\",\r\n \
        \   \"Ver\": \"v2\"\r\n  }\r\n}"
    headers:
      access-control-expose-headers:
      - Request-Context
      cache-control:
      - no-cache
      content-length:
      - '1464'
      content-type:
      - application/json; charset=utf-8
      date:
      - Thu, 29 Aug 2024 02:39:15 GMT
      expires:
      - '-1'
      pragma:
      - no-cache
      request-context:
      - appId=cid-v1:0dd6a9c3-b728-41ca-aa78-7e1962e22331
      strict-transport-security:
      - max-age=31536000; includeSubDomains
      x-cache:
      - CONFIG_NOCACHE
      x-content-type-options:
      - nosniff
      x-ms-ratelimit-remaining-subscription-global-writes:
      - '5999'
      x-ms-ratelimit-remaining-subscription-writes:
      - '399'
      x-msedge-ref:
      - 'Ref A: F107AD0BE7924F459FDFA861A33C393B Ref B: MAA201060514037 Ref C: 2024-08-29T02:39:13Z'
      x-powered-by:
      - ASP.NET
    status:
      code: 200
      message: OK
version: 1
