interactions:
- request:
    body: null
    headers:
      Accept:
      - application/json
      Accept-Encoding:
      - gzip, deflate
      CommandName:
      - monitor log-analytics workspace create
      Connection:
      - keep-alive
      ParameterSetName:
      - -g -n
      User-Agent:
      - AZURECLI/2.46.0 azsdk-python-azure-mgmt-resource/22.0.0 Python/3.10.6 (macOS-13.2.1-x86_64-i386-64bit)
    method: GET
    uri: https://management.azure.com/subscriptions/00000000-0000-0000-0000-000000000000/resourcegroups/clitest.rg000001?api-version=2022-09-01
  response:
    body:
      string: '{"id":"/subscriptions/00000000-0000-0000-0000-000000000000/resourceGroups/clitest.rg000001","name":"clitest.rg000001","type":"Microsoft.Resources/resourceGroups","location":"westus","tags":{"product":"azurecli","cause":"automation","date":"2023-03-23T09:49:13Z"},"properties":{"provisioningState":"Succeeded"}}'
    headers:
      cache-control:
      - no-cache
      content-length:
      - '310'
      content-type:
      - application/json; charset=utf-8
      date:
      - Thu, 23 Mar 2023 09:50:12 GMT
      expires:
      - '-1'
      pragma:
      - no-cache
      strict-transport-security:
      - max-age=31536000; includeSubDomains
      vary:
      - Accept-Encoding
      x-content-type-options:
      - nosniff
    status:
      code: 200
      message: OK
- request:
    body: '{"location": "westus", "properties": {"retentionInDays": 30, "sku": {"name":
      "PerGB2018"}}}'
    headers:
      Accept:
      - application/json
      Accept-Encoding:
      - gzip, deflate
      CommandName:
      - monitor log-analytics workspace create
      Connection:
      - keep-alive
      Content-Length:
      - '91'
      Content-Type:
      - application/json
      ParameterSetName:
      - -g -n
      User-Agent:
      - AZURECLI/2.46.0 (AAZ) azsdk-python-core/1.24.0 Python/3.10.6 (macOS-13.2.1-x86_64-i386-64bit)
    method: PUT
    uri: https://management.azure.com/subscriptions/00000000-0000-0000-0000-000000000000/resourcegroups/clitest.rg000001/providers/Microsoft.OperationalInsights/workspaces/clitest000004?api-version=2021-12-01-preview
  response:
    body:
      string: '{"properties":{"customerId":"43d1f8fe-56ea-4496-b2ce-d522b4dd27aa","provisioningState":"Creating","sku":{"name":"PerGB2018","lastSkuUpdate":"2023-03-23T09:50:14.7676461Z"},"retentionInDays":30,"features":{"legacy":0,"searchVersion":1,"enableLogAccessUsingOnlyResourcePermissions":true},"workspaceCapping":{"dailyQuotaGb":-1.0,"quotaNextResetTime":"2023-03-24T09:00:00Z","dataIngestionStatus":"RespectQuota"},"publicNetworkAccessForIngestion":"Enabled","publicNetworkAccessForQuery":"Enabled","createdDate":"2023-03-23T09:50:14.7676461Z","modifiedDate":"2023-03-23T09:50:14.7676461Z"},"location":"westus","id":"/subscriptions/00000000-0000-0000-0000-000000000000/resourceGroups/clitest.rg000001/providers/Microsoft.OperationalInsights/workspaces/clitest000004","name":"clitest000004","type":"Microsoft.OperationalInsights/workspaces"}'
    headers:
      access-control-allow-origin:
      - '*'
      api-supported-versions:
      - 2021-12-01-preview
      cache-control:
      - no-cache
      content-length:
      - '833'
      content-type:
      - application/json; charset=utf-8
      date:
      - Thu, 23 Mar 2023 09:50:15 GMT
      expires:
      - '-1'
      location:
      - https://management.azure.com/subscriptions/00000000-0000-0000-0000-000000000000/resourceGroups/clitest.rg000001/providers/Microsoft.OperationalInsights/workspaces/clitest000004?api-version=2021-12-01-preview
      pragma:
      - no-cache
      request-context:
      - appId=cid-v1:e6336c63-aab2-45f0-996a-e5dbab2a1508
      strict-transport-security:
      - max-age=31536000; includeSubDomains
      x-content-type-options:
      - nosniff
      x-ms-ratelimit-remaining-subscription-writes:
      - '1199'
      x-powered-by:
      - ASP.NET
    status:
      code: 201
      message: Created
- request:
    body: null
    headers:
      Accept:
      - '*/*'
      Accept-Encoding:
      - gzip, deflate
      CommandName:
      - monitor log-analytics workspace create
      Connection:
      - keep-alive
      ParameterSetName:
      - -g -n
      User-Agent:
      - AZURECLI/2.46.0 (AAZ) azsdk-python-core/1.24.0 Python/3.10.6 (macOS-13.2.1-x86_64-i386-64bit)
    method: GET
    uri: https://management.azure.com/subscriptions/00000000-0000-0000-0000-000000000000/resourceGroups/clitest.rg000001/providers/Microsoft.OperationalInsights/workspaces/clitest000004?api-version=2021-12-01-preview
  response:
    body:
      string: '{"properties":{"customerId":"43d1f8fe-56ea-4496-b2ce-d522b4dd27aa","provisioningState":"Succeeded","sku":{"name":"PerGB2018","lastSkuUpdate":"2023-03-23T09:50:14.7676461Z"},"retentionInDays":30,"features":{"legacy":0,"searchVersion":1,"enableLogAccessUsingOnlyResourcePermissions":true},"workspaceCapping":{"dailyQuotaGb":-1.0,"quotaNextResetTime":"2023-03-24T09:00:00Z","dataIngestionStatus":"RespectQuota"},"publicNetworkAccessForIngestion":"Enabled","publicNetworkAccessForQuery":"Enabled","createdDate":"2023-03-23T09:50:14.7676461Z","modifiedDate":"2023-03-23T09:50:14.7676461Z"},"location":"westus","id":"/subscriptions/00000000-0000-0000-0000-000000000000/resourceGroups/clitest.rg000001/providers/Microsoft.OperationalInsights/workspaces/clitest000004","name":"clitest000004","type":"Microsoft.OperationalInsights/workspaces"}'
    headers:
      access-control-allow-origin:
      - '*'
      api-supported-versions:
      - 2021-12-01-preview
      cache-control:
      - no-cache
      content-length:
      - '834'
      content-type:
      - application/json; charset=utf-8
      date:
      - Thu, 23 Mar 2023 09:50:45 GMT
      expires:
      - '-1'
      pragma:
      - no-cache
      request-context:
      - appId=cid-v1:e6336c63-aab2-45f0-996a-e5dbab2a1508
      strict-transport-security:
      - max-age=31536000; includeSubDomains
      transfer-encoding:
      - chunked
      vary:
      - Accept-Encoding
      x-content-type-options:
      - nosniff
      x-powered-by:
      - ASP.NET
    status:
      code: 200
      message: OK
- request:
    body: '{"location": "westus", "kind": "web", "properties": {"Application_Type":
      "web", "Flow_Type": "Bluefield", "Request_Source": "rest", "WorkspaceResourceId":
      "/subscriptions/00000000-0000-0000-0000-000000000000/resourceGroups/clitest.rg000001/providers/microsoft.OperationalInsights/workspaces/clitest000004",
      "IngestionMode": "LogAnalytics"}}'
    headers:
      Accept:
      - application/json
      Accept-Encoding:
      - gzip, deflate
      CommandName:
      - monitor app-insights component create
      Connection:
      - keep-alive
      Content-Length:
      - '340'
      Content-Type:
      - application/json
      ParameterSetName:
      - --app --location --kind -g --workspace --application-type
      User-Agent:
      - AZURECLI/2.46.0 azsdk-python-azure-mgmt-applicationinsights/1.0.0 Python/3.10.6
        (macOS-13.2.1-x86_64-i386-64bit)
    method: PUT
    uri: https://management.azure.com/subscriptions/00000000-0000-0000-0000-000000000000/resourceGroups/clitest.rg000001/providers/Microsoft.Insights/components/demoApp?api-version=2020-02-02-preview
  response:
    body:
      string: "{\r\n  \"id\": \"/subscriptions/00000000-0000-0000-0000-000000000000/resourceGroups/clitest.rg000001/providers/microsoft.insights/components/demoApp\"\
        ,\r\n  \"name\": \"demoApp\",\r\n  \"type\": \"microsoft.insights/components\"\
        ,\r\n  \"location\": \"westus\",\r\n  \"tags\": {},\r\n  \"kind\": \"web\"\
        ,\r\n  \"etag\": \"\\\"8a00d06e-0000-0200-0000-641c20fe0000\\\"\",\r\n  \"\
        properties\": {\r\n    \"ApplicationId\": \"demoApp\",\r\n    \"AppId\": \"\
        fe3800c1-dd09-4ecb-9010-1b091c309500\",\r\n    \"Application_Type\": \"web\"\
        ,\r\n    \"Flow_Type\": \"Bluefield\",\r\n    \"Request_Source\": \"rest\"\
        ,\r\n    \"InstrumentationKey\": \"de71b252-ccdc-4aa3-93eb-6a33c864018a\"\
        ,\r\n    \"ConnectionString\": \"InstrumentationKey=de71b252-ccdc-4aa3-93eb-6a33c864018a;IngestionEndpoint=https://westus-0.in.applicationinsights.azure.com/;LiveEndpoint=https://westus.livediagnostics.monitor.azure.com/\"\
        ,\r\n    \"Name\": \"demoApp\",\r\n    \"CreationDate\": \"2023-03-23T09:50:51.0236905+00:00\"\
        ,\r\n    \"TenantId\": \"0b1f6471-1bf0-4dda-aec3-cb9272f09590\",\r\n    \"\
        provisioningState\": \"Succeeded\",\r\n    \"SamplingPercentage\": null,\r\
        \n    \"RetentionInDays\": 90,\r\n    \"WorkspaceResourceId\": \"/subscriptions/00000000-0000-0000-0000-000000000000/resourceGroups/clitest.rg000001/providers/microsoft.OperationalInsights/workspaces/clitest000004\"\
        ,\r\n    \"IngestionMode\": \"LogAnalytics\",\r\n    \"publicNetworkAccessForIngestion\"\
        : \"Enabled\",\r\n    \"publicNetworkAccessForQuery\": \"Enabled\",\r\n  \
        \  \"Ver\": \"v2\"\r\n  }\r\n}"
    headers:
      access-control-expose-headers:
      - Request-Context
      cache-control:
      - no-cache
      content-length:
      - '1387'
      content-type:
      - application/json; charset=utf-8
      date:
      - Thu, 23 Mar 2023 09:50:57 GMT
      expires:
      - '-1'
      pragma:
      - no-cache
      request-context:
      - appId=cid-v1:7f83c1fe-8c94-4d55-9337-4ddc696f61ed
      server:
      - Microsoft-IIS/10.0
      strict-transport-security:
      - max-age=31536000; includeSubDomains
      transfer-encoding:
      - chunked
      vary:
      - Accept-Encoding
      x-content-type-options:
      - nosniff
      x-ms-ratelimit-remaining-subscription-writes:
      - '1198'
      x-powered-by:
      - ASP.NET
    status:
      code: 200
      message: OK
- request:
    body: '{"properties": {"linkedStorageAccount": "/subscriptions/00000000-0000-0000-0000-000000000000/resourceGroups/clitest.rg000001/providers/Microsoft.Storage/storageAccounts/component000002"}}'
    headers:
      Accept:
      - application/json
      Accept-Encoding:
      - gzip, deflate
      CommandName:
      - monitor app-insights component linked-storage link
      Connection:
      - keep-alive
      Content-Length:
      - '187'
      Content-Type:
      - application/json
      ParameterSetName:
      - --app -g -s
      User-Agent:
      - AZURECLI/2.46.0 azsdk-python-azure-mgmt-applicationinsights/1.0.0 Python/3.10.6
        (macOS-13.2.1-x86_64-i386-64bit)
    method: PUT
    uri: https://management.azure.com/subscriptions/00000000-0000-0000-0000-000000000000/resourceGroups/clitest.rg000001/providers/microsoft.insights/components/demoApp/linkedStorageAccounts/ServiceProfiler?api-version=2020-03-01-preview
  response:
    body:
      string: "{\r\n  \"id\": \"/subscriptions/00000000-0000-0000-0000-000000000000/resourcegroups/clitest.rg000001/providers/microsoft.insights/components/demoapp/linkedstorageaccounts/serviceprofiler\"\
        ,\r\n  \"name\": \"serviceprofiler\",\r\n  \"type\": \"microsoft.insights/components/linkedstorageaccounts\"\
        ,\r\n  \"properties\": {\r\n    \"linkedStorageAccount\": \"/subscriptions/00000000-0000-0000-0000-000000000000/resourceGroups/clitest.rg000001/providers/Microsoft.Storage/storageAccounts/component000002\"\
        \r\n  }\r\n}"
    headers:
      access-control-expose-headers:
      - Request-Context
      cache-control:
      - no-cache
      content-length:
      - '481'
      content-type:
      - application/json; charset=utf-8
      date:
      - Thu, 23 Mar 2023 09:51:02 GMT
      expires:
      - '-1'
      pragma:
      - no-cache
      request-context:
      - appId=cid-v1:7f83c1fe-8c94-4d55-9337-4ddc696f61ed
      server:
      - Microsoft-IIS/10.0
      strict-transport-security:
      - max-age=31536000; includeSubDomains
      transfer-encoding:
      - chunked
      vary:
      - Accept-Encoding
      x-content-type-options:
      - nosniff
      x-ms-ratelimit-remaining-subscription-writes:
      - '1198'
      x-powered-by:
      - ASP.NET
    status:
      code: 200
      message: OK
- request:
    body: null
    headers:
      Accept:
      - application/json
      Accept-Encoding:
      - gzip, deflate
      CommandName:
      - monitor app-insights component linked-storage show
      Connection:
      - keep-alive
      ParameterSetName:
      - --app -g
      User-Agent:
      - AZURECLI/2.46.0 azsdk-python-azure-mgmt-applicationinsights/1.0.0 Python/3.10.6
        (macOS-13.2.1-x86_64-i386-64bit)
    method: GET
    uri: https://management.azure.com/subscriptions/00000000-0000-0000-0000-000000000000/resourceGroups/clitest.rg000001/providers/microsoft.insights/components/demoApp/linkedStorageAccounts/ServiceProfiler?api-version=2020-03-01-preview
  response:
    body:
      string: "{\r\n  \"id\": \"/subscriptions/00000000-0000-0000-0000-000000000000/resourcegroups/clitest.rg000001/providers/microsoft.insights/components/demoapp/linkedstorageaccounts/serviceprofiler\"\
        ,\r\n  \"name\": \"serviceprofiler\",\r\n  \"type\": \"microsoft.insights/components/linkedstorageaccounts\"\
        ,\r\n  \"properties\": {\r\n    \"linkedStorageAccount\": \"/subscriptions/00000000-0000-0000-0000-000000000000/resourceGroups/clitest.rg000001/providers/Microsoft.Storage/storageAccounts/component000002\"\
        \r\n  }\r\n}"
    headers:
      access-control-expose-headers:
      - Request-Context
      cache-control:
      - no-cache
      content-length:
      - '481'
      content-type:
      - application/json; charset=utf-8
      date:
      - Thu, 23 Mar 2023 09:51:03 GMT
      expires:
      - '-1'
      pragma:
      - no-cache
      request-context:
      - appId=cid-v1:7f83c1fe-8c94-4d55-9337-4ddc696f61ed
      server:
      - Microsoft-IIS/10.0
      strict-transport-security:
      - max-age=31536000; includeSubDomains
      transfer-encoding:
      - chunked
      vary:
      - Accept-Encoding
      x-content-type-options:
      - nosniff
      x-powered-by:
      - ASP.NET
    status:
      code: 200
      message: OK
- request:
    body: '{"properties": {"linkedStorageAccount": "/subscriptions/00000000-0000-0000-0000-000000000000/resourceGroups/clitest.rg000001/providers/Microsoft.Storage/storageAccounts/component000003"}}'
    headers:
      Accept:
      - application/json
      Accept-Encoding:
      - gzip, deflate
      CommandName:
      - monitor app-insights component linked-storage update
      Connection:
      - keep-alive
      Content-Length:
      - '187'
      Content-Type:
      - application/json
      ParameterSetName:
      - --app -g -s
      User-Agent:
      - AZURECLI/2.46.0 azsdk-python-azure-mgmt-applicationinsights/1.0.0 Python/3.10.6
        (macOS-13.2.1-x86_64-i386-64bit)
    method: PATCH
    uri: https://management.azure.com/subscriptions/00000000-0000-0000-0000-000000000000/resourceGroups/clitest.rg000001/providers/microsoft.insights/components/demoApp/linkedStorageAccounts/ServiceProfiler?api-version=2020-03-01-preview
  response:
    body:
      string: "{\r\n  \"id\": \"/subscriptions/00000000-0000-0000-0000-000000000000/resourcegroups/clitest.rg000001/providers/microsoft.insights/components/demoapp/linkedstorageaccounts/serviceprofiler\"\
        ,\r\n  \"name\": \"serviceprofiler\",\r\n  \"type\": \"microsoft.insights/components/linkedstorageaccounts\"\
        ,\r\n  \"properties\": {\r\n    \"linkedStorageAccount\": \"/subscriptions/00000000-0000-0000-0000-000000000000/resourceGroups/clitest.rg000001/providers/Microsoft.Storage/storageAccounts/component000003\"\
        \r\n  }\r\n}"
    headers:
      access-control-expose-headers:
      - Request-Context
      cache-control:
      - no-cache
      content-length:
      - '481'
      content-type:
      - application/json; charset=utf-8
      date:
      - Thu, 23 Mar 2023 09:51:09 GMT
      expires:
      - '-1'
      pragma:
      - no-cache
      request-context:
      - appId=cid-v1:7f83c1fe-8c94-4d55-9337-4ddc696f61ed
      server:
      - Microsoft-IIS/10.0
      strict-transport-security:
      - max-age=31536000; includeSubDomains
      transfer-encoding:
      - chunked
      vary:
      - Accept-Encoding
      x-content-type-options:
      - nosniff
      x-ms-ratelimit-remaining-subscription-writes:
      - '1198'
      x-powered-by:
      - ASP.NET
    status:
      code: 200
      message: OK
- request:
    body: null
    headers:
      Accept:
      - application/json
      Accept-Encoding:
      - gzip, deflate
      CommandName:
      - monitor app-insights component linked-storage unlink
      Connection:
      - keep-alive
      Content-Length:
      - '0'
      ParameterSetName:
      - --app -g
      User-Agent:
      - AZURECLI/2.46.0 azsdk-python-azure-mgmt-applicationinsights/1.0.0 Python/3.10.6
        (macOS-13.2.1-x86_64-i386-64bit)
    method: DELETE
    uri: https://management.azure.com/subscriptions/00000000-0000-0000-0000-000000000000/resourceGroups/clitest.rg000001/providers/microsoft.insights/components/demoApp/linkedStorageAccounts/ServiceProfiler?api-version=2020-03-01-preview
  response:
    body:
      string: ''
    headers:
      access-control-expose-headers:
      - Request-Context
      cache-control:
      - no-cache
      content-length:
      - '0'
      date:
      - Thu, 23 Mar 2023 09:51:13 GMT
      expires:
      - '-1'
      pragma:
      - no-cache
      request-context:
      - appId=cid-v1:7f83c1fe-8c94-4d55-9337-4ddc696f61ed
      server:
      - Microsoft-IIS/10.0
      strict-transport-security:
      - max-age=31536000; includeSubDomains
      x-content-type-options:
      - nosniff
      x-ms-ratelimit-remaining-subscription-deletes:
      - '14999'
      x-powered-by:
      - ASP.NET
    status:
      code: 200
      message: OK
- request:
    body: null
    headers:
      Accept:
      - application/json
      Accept-Encoding:
      - gzip, deflate
      CommandName:
      - monitor app-insights component linked-storage show
      Connection:
      - keep-alive
      ParameterSetName:
      - --app -g
      User-Agent:
      - AZURECLI/2.46.0 azsdk-python-azure-mgmt-applicationinsights/1.0.0 Python/3.10.6
        (macOS-13.2.1-x86_64-i386-64bit)
    method: GET
    uri: https://management.azure.com/subscriptions/00000000-0000-0000-0000-000000000000/resourceGroups/clitest.rg000001/providers/microsoft.insights/components/demoApp/linkedStorageAccounts/ServiceProfiler?api-version=2020-03-01-preview
  response:
    body:
      string: 'null'
    headers:
      access-control-expose-headers:
      - Request-Context
      cache-control:
      - no-cache
      content-length:
      - '4'
      content-type:
      - application/json; charset=utf-8
      date:
      - Thu, 23 Mar 2023 09:51:17 GMT
      expires:
      - '-1'
      pragma:
      - no-cache
      request-context:
      - appId=cid-v1:7f83c1fe-8c94-4d55-9337-4ddc696f61ed
      server:
      - Microsoft-IIS/10.0
      strict-transport-security:
      - max-age=31536000; includeSubDomains
      x-content-type-options:
      - nosniff
      x-powered-by:
      - ASP.NET
    status:
      code: 404
      message: Not Found
version: 1
