interactions:
- request:
    body: null
    headers:
      Accept:
      - '*/*'
      Accept-Encoding:
      - gzip, deflate
      Connection:
      - keep-alive
      User-Agent:
      - python-requests/2.31.0
    method: GET
    uri: https://aka.ms/azure-cli-extension-index-v1
  response:
    body:
      string: ''
    headers:
      cache-control:
      - max-age=0, no-cache, no-store
      connection:
      - keep-alive
      content-length:
      - '0'
      date:
      - Wed, 28 May 2025 22:02:23 GMT
      expires:
      - Wed, 28 May 2025 22:02:23 GMT
      location:
      - https://azcliextensionsync.blob.core.windows.net/index1/index.json
      pragma:
      - no-cache
      request-context:
      - appId=cid-v1:d94c0f68-64bf-4036-8409-a0e761bb7ee1
      server:
      - Kestrel
      strict-transport-security:
      - max-age=31536000 ; includeSubDomains
      x-response-cache-status:
      - 'True'
    status:
      code: 301
      message: Moved Permanently
- request:
    body: null
    headers:
      Accept:
      - '*/*'
      Accept-Encoding:
      - gzip, deflate
      Connection:
      - keep-alive
      User-Agent:
      - python-requests/2.31.0
    method: GET
    uri: https://aka.ms/azure-cli-extension-index-v1
  response:
    body:
      string: ''
    headers:
      cache-control:
      - max-age=0, no-cache, no-store
      connection:
      - keep-alive
      content-length:
      - '0'
      date:
      - Wed, 28 May 2025 22:02:26 GMT
      expires:
      - Wed, 28 May 2025 22:02:26 GMT
      location:
      - https://azcliextensionsync.blob.core.windows.net/index1/index.json
      pragma:
      - no-cache
      request-context:
      - appId=cid-v1:d94c0f68-64bf-4036-8409-a0e761bb7ee1
      server:
      - Kestrel
      strict-transport-security:
      - max-age=31536000 ; includeSubDomains
      x-response-cache-status:
      - 'True'
    status:
      code: 301
      message: Moved Permanently
- request:
    body: null
    headers:
      Accept:
      - '*/*'
      Accept-Encoding:
      - gzip, deflate
      Connection:
      - keep-alive
      User-Agent:
      - python-requests/2.31.0
    method: GET
    uri: https://aka.ms/azure-cli-extension-index-v1
  response:
    body:
      string: ''
    headers:
      cache-control:
      - max-age=0, no-cache, no-store
      connection:
      - keep-alive
      content-length:
      - '0'
      date:
      - Wed, 28 May 2025 22:02:28 GMT
      expires:
      - Wed, 28 May 2025 22:02:28 GMT
      location:
      - https://azcliextensionsync.blob.core.windows.net/index1/index.json
      pragma:
      - no-cache
      request-context:
      - appId=cid-v1:d94c0f68-64bf-4036-8409-a0e761bb7ee1
      server:
      - Kestrel
      strict-transport-security:
      - max-age=31536000 ; includeSubDomains
      x-response-cache-status:
      - 'True'
    status:
      code: 301
      message: Moved Permanently
- request:
    body: null
    headers:
      Accept:
      - '*/*'
      Accept-Encoding:
      - gzip, deflate
      Connection:
      - keep-alive
      User-Agent:
      - python-requests/2.31.0
    method: GET
    uri: https://aka.ms/azure-cli-extension-index-v1
  response:
    body:
      string: ''
    headers:
      cache-control:
      - max-age=0, no-cache, no-store
      connection:
      - keep-alive
      content-length:
      - '0'
      date:
      - Wed, 28 May 2025 22:02:29 GMT
      expires:
      - Wed, 28 May 2025 22:02:29 GMT
      location:
      - https://azcliextensionsync.blob.core.windows.net/index1/index.json
      pragma:
      - no-cache
      request-context:
      - appId=cid-v1:d94c0f68-64bf-4036-8409-a0e761bb7ee1
      server:
      - Kestrel
      strict-transport-security:
      - max-age=31536000 ; includeSubDomains
      x-response-cache-status:
      - 'True'
    status:
      code: 301
      message: Moved Permanently
- request:
    body: null
    headers:
      Accept:
      - '*/*'
      Accept-Encoding:
      - gzip, deflate
      Connection:
      - keep-alive
      User-Agent:
      - python-requests/2.31.0
    method: GET
    uri: https://aka.ms/azure-cli-extension-index-v1
  response:
    body:
      string: ''
    headers:
      cache-control:
      - max-age=0, no-cache, no-store
      connection:
      - keep-alive
      content-length:
      - '0'
      date:
      - Wed, 28 May 2025 22:02:31 GMT
      expires:
      - Wed, 28 May 2025 22:02:31 GMT
      location:
      - https://azcliextensionsync.blob.core.windows.net/index1/index.json
      pragma:
      - no-cache
      request-context:
      - appId=cid-v1:d94c0f68-64bf-4036-8409-a0e761bb7ee1
      server:
      - Kestrel
      strict-transport-security:
      - max-age=31536000 ; includeSubDomains
      x-response-cache-status:
      - 'True'
    status:
      code: 301
      message: Moved Permanently
- request:
    body: null
    headers:
      Accept:
      - '*/*'
      Accept-Encoding:
      - gzip, deflate
      Connection:
      - keep-alive
      User-Agent:
      - python-requests/2.31.0
    method: GET
    uri: https://aka.ms/azure-cli-extension-index-v1
  response:
    body:
      string: ''
    headers:
      cache-control:
      - max-age=0, no-cache, no-store
      connection:
      - keep-alive
      content-length:
      - '0'
      date:
      - Wed, 28 May 2025 22:02:33 GMT
      expires:
      - Wed, 28 May 2025 22:02:33 GMT
      location:
      - https://azcliextensionsync.blob.core.windows.net/index1/index.json
      pragma:
      - no-cache
      request-context:
      - appId=cid-v1:d94c0f68-64bf-4036-8409-a0e761bb7ee1
      server:
      - Kestrel
      strict-transport-security:
      - max-age=31536000 ; includeSubDomains
      x-response-cache-status:
      - 'True'
    status:
      code: 301
      message: Moved Permanently
- request:
    body: null
    headers:
      Accept:
      - '*/*'
      Accept-Encoding:
      - gzip, deflate
      Connection:
      - keep-alive
      User-Agent:
      - python-requests/2.31.0
    method: GET
    uri: https://aka.ms/azure-cli-extension-index-v1
  response:
    body:
      string: ''
    headers:
      cache-control:
      - max-age=0, no-cache, no-store
      connection:
      - keep-alive
      content-length:
      - '0'
      date:
      - Wed, 28 May 2025 22:02:34 GMT
      expires:
      - Wed, 28 May 2025 22:02:34 GMT
      location:
      - https://azcliextensionsync.blob.core.windows.net/index1/index.json
      pragma:
      - no-cache
      request-context:
      - appId=cid-v1:d94c0f68-64bf-4036-8409-a0e761bb7ee1
      server:
      - Kestrel
      strict-transport-security:
      - max-age=31536000 ; includeSubDomains
      x-response-cache-status:
      - 'True'
    status:
      code: 301
      message: Moved Permanently
- request:
    body: null
    headers:
      Accept:
      - '*/*'
      Accept-Encoding:
      - gzip, deflate
      Connection:
      - keep-alive
      User-Agent:
      - python-requests/2.31.0
    method: GET
    uri: https://aka.ms/azure-cli-extension-index-v1
  response:
    body:
      string: ''
    headers:
      cache-control:
      - max-age=0, no-cache, no-store
      connection:
      - keep-alive
      content-length:
      - '0'
      date:
      - Wed, 28 May 2025 22:02:36 GMT
      expires:
      - Wed, 28 May 2025 22:02:36 GMT
      location:
      - https://azcliextensionsync.blob.core.windows.net/index1/index.json
      pragma:
      - no-cache
      request-context:
      - appId=cid-v1:d94c0f68-64bf-4036-8409-a0e761bb7ee1
      server:
      - Kestrel
      strict-transport-security:
      - max-age=31536000 ; includeSubDomains
      x-response-cache-status:
      - 'True'
    status:
      code: 301
      message: Moved Permanently
- request:
    body: null
    headers:
      Accept:
      - '*/*'
      Accept-Encoding:
      - gzip, deflate
      Connection:
      - keep-alive
      User-Agent:
      - python-requests/2.31.0
    method: GET
    uri: https://aka.ms/azure-cli-extension-index-v1
  response:
    body:
      string: ''
    headers:
      cache-control:
      - max-age=0, no-cache, no-store
      connection:
      - keep-alive
      content-length:
      - '0'
      date:
      - Wed, 28 May 2025 22:02:38 GMT
      expires:
      - Wed, 28 May 2025 22:02:38 GMT
      location:
      - https://azcliextensionsync.blob.core.windows.net/index1/index.json
      pragma:
      - no-cache
      request-context:
      - appId=cid-v1:d94c0f68-64bf-4036-8409-a0e761bb7ee1
      server:
      - Kestrel
      strict-transport-security:
      - max-age=31536000 ; includeSubDomains
      x-response-cache-status:
      - 'True'
    status:
      code: 301
      message: Moved Permanently
version: 1
