interactions:
- request:
    body: null
    headers:
      Accept:
      - '*/*'
      Accept-Encoding:
      - gzip, deflate
      Connection:
      - keep-alive
      User-Agent:
      - python-requests/2.31.0
    method: GET
    uri: https://aka.ms/azure-cli-extension-index-v1
  response:
    body:
      string: ''
    headers:
      cache-control:
      - max-age=0, no-cache, no-store
      connection:
      - keep-alive
      content-length:
      - '0'
      date:
      - Sun, 23 Jul 2023 11:05:31 GMT
      expires:
      - Sun, 23 Jul 2023 11:05:31 GMT
      location:
      - https://azcliextensionsync.blob.core.windows.net/index1/index.json
      pragma:
      - no-cache
      request-context:
      - appId=cid-v1:26ef1154-5995-4d24-ad78-ef0b04f11587
      server:
      - Kestrel
      strict-transport-security:
      - max-age=31536000 ; includeSubDomains
      x-response-cache-status:
      - 'True'
    status:
      code: 301
      message: Moved Permanently
- request:
    body: null
    headers:
      Accept:
      - '*/*'
      Accept-Encoding:
      - gzip, deflate
      Connection:
      - keep-alive
      User-Agent:
      - python-requests/2.31.0
    method: GET
    uri: https://aka.ms/azure-cli-extension-index-v1
  response:
    body:
      string: ''
    headers:
      cache-control:
      - max-age=0, no-cache, no-store
      connection:
      - keep-alive
      content-length:
      - '0'
      date:
      - Sun, 23 Jul 2023 11:05:33 GMT
      expires:
      - Sun, 23 Jul 2023 11:05:33 GMT
      location:
      - https://azcliextensionsync.blob.core.windows.net/index1/index.json
      pragma:
      - no-cache
      request-context:
      - appId=cid-v1:26ef1154-5995-4d24-ad78-ef0b04f11587
      server:
      - Kestrel
      strict-transport-security:
      - max-age=31536000 ; includeSubDomains
      x-response-cache-status:
      - 'True'
    status:
      code: 301
      message: Moved Permanently
- request:
    body: null
    headers:
      Accept:
      - '*/*'
      Accept-Encoding:
      - gzip, deflate
      Connection:
      - keep-alive
      User-Agent:
      - python-requests/2.31.0
    method: GET
    uri: https://aka.ms/azure-cli-extension-index-v1
  response:
    body:
      string: ''
    headers:
      cache-control:
      - max-age=0, no-cache, no-store
      connection:
      - keep-alive
      content-length:
      - '0'
      date:
      - Sun, 23 Jul 2023 11:05:35 GMT
      expires:
      - Sun, 23 Jul 2023 11:05:35 GMT
      location:
      - https://azcliextensionsync.blob.core.windows.net/index1/index.json
      pragma:
      - no-cache
      request-context:
      - appId=cid-v1:26ef1154-5995-4d24-ad78-ef0b04f11587
      server:
      - Kestrel
      strict-transport-security:
      - max-age=31536000 ; includeSubDomains
      x-response-cache-status:
      - 'True'
    status:
      code: 301
      message: Moved Permanently
- request:
    body: null
    headers:
      Accept:
      - '*/*'
      Accept-Encoding:
      - gzip, deflate
      Connection:
      - keep-alive
      User-Agent:
      - python-requests/2.31.0
    method: GET
    uri: https://aka.ms/azure-cli-extension-index-v1
  response:
    body:
      string: ''
    headers:
      cache-control:
      - max-age=0, no-cache, no-store
      connection:
      - keep-alive
      content-length:
      - '0'
      date:
      - Sun, 23 Jul 2023 11:05:37 GMT
      expires:
      - Sun, 23 Jul 2023 11:05:37 GMT
      location:
      - https://azcliextensionsync.blob.core.windows.net/index1/index.json
      pragma:
      - no-cache
      request-context:
      - appId=cid-v1:26ef1154-5995-4d24-ad78-ef0b04f11587
      server:
      - Kestrel
      strict-transport-security:
      - max-age=31536000 ; includeSubDomains
      x-response-cache-status:
      - 'True'
    status:
      code: 301
      message: Moved Permanently
- request:
    body: null
    headers:
      Accept:
      - '*/*'
      Accept-Encoding:
      - gzip, deflate
      Connection:
      - keep-alive
      User-Agent:
      - python-requests/2.31.0
    method: GET
    uri: https://aka.ms/azure-cli-extension-index-v1
  response:
    body:
      string: ''
    headers:
      cache-control:
      - max-age=0, no-cache, no-store
      connection:
      - keep-alive
      content-length:
      - '0'
      date:
      - Sun, 23 Jul 2023 11:05:39 GMT
      expires:
      - Sun, 23 Jul 2023 11:05:39 GMT
      location:
      - https://azcliextensionsync.blob.core.windows.net/index1/index.json
      pragma:
      - no-cache
      request-context:
      - appId=cid-v1:26ef1154-5995-4d24-ad78-ef0b04f11587
      server:
      - Kestrel
      strict-transport-security:
      - max-age=31536000 ; includeSubDomains
      x-response-cache-status:
      - 'True'
    status:
      code: 301
      message: Moved Permanently
- request:
    body: null
    headers:
      Accept:
      - '*/*'
      Accept-Encoding:
      - gzip, deflate
      Connection:
      - keep-alive
      User-Agent:
      - python-requests/2.31.0
    method: GET
    uri: https://aka.ms/azure-cli-extension-index-v1
  response:
    body:
      string: ''
    headers:
      cache-control:
      - max-age=0, no-cache, no-store
      connection:
      - keep-alive
      content-length:
      - '0'
      date:
      - Sun, 23 Jul 2023 11:05:41 GMT
      expires:
      - Sun, 23 Jul 2023 11:05:41 GMT
      location:
      - https://azcliextensionsync.blob.core.windows.net/index1/index.json
      pragma:
      - no-cache
      request-context:
      - appId=cid-v1:26ef1154-5995-4d24-ad78-ef0b04f11587
      server:
      - Kestrel
      strict-transport-security:
      - max-age=31536000 ; includeSubDomains
      x-response-cache-status:
      - 'True'
    status:
      code: 301
      message: Moved Permanently
- request:
    body: null
    headers:
      Accept:
      - '*/*'
      Accept-Encoding:
      - gzip, deflate
      Connection:
      - keep-alive
      User-Agent:
      - python-requests/2.31.0
    method: GET
    uri: https://aka.ms/azure-cli-extension-index-v1
  response:
    body:
      string: ''
    headers:
      cache-control:
      - max-age=0, no-cache, no-store
      connection:
      - keep-alive
      content-length:
      - '0'
      date:
      - Sun, 23 Jul 2023 11:05:43 GMT
      expires:
      - Sun, 23 Jul 2023 11:05:43 GMT
      location:
      - https://azcliextensionsync.blob.core.windows.net/index1/index.json
      pragma:
      - no-cache
      request-context:
      - appId=cid-v1:26ef1154-5995-4d24-ad78-ef0b04f11587
      server:
      - Kestrel
      strict-transport-security:
      - max-age=31536000 ; includeSubDomains
      x-response-cache-status:
      - 'True'
    status:
      code: 301
      message: Moved Permanently
- request:
    body: null
    headers:
      Accept:
      - '*/*'
      Accept-Encoding:
      - gzip, deflate
      Connection:
      - keep-alive
      User-Agent:
      - python-requests/2.31.0
    method: GET
    uri: https://aka.ms/azure-cli-extension-index-v1
  response:
    body:
      string: ''
    headers:
      cache-control:
      - max-age=0, no-cache, no-store
      connection:
      - keep-alive
      content-length:
      - '0'
      date:
      - Sun, 23 Jul 2023 11:05:45 GMT
      expires:
      - Sun, 23 Jul 2023 11:05:45 GMT
      location:
      - https://azcliextensionsync.blob.core.windows.net/index1/index.json
      pragma:
      - no-cache
      request-context:
      - appId=cid-v1:26ef1154-5995-4d24-ad78-ef0b04f11587
      server:
      - Kestrel
      strict-transport-security:
      - max-age=31536000 ; includeSubDomains
      x-response-cache-status:
      - 'True'
    status:
      code: 301
      message: Moved Permanently
- request:
    body: null
    headers:
      Accept:
      - '*/*'
      Accept-Encoding:
      - gzip, deflate
      Connection:
      - keep-alive
      User-Agent:
      - python-requests/2.31.0
    method: GET
    uri: https://aka.ms/azure-cli-extension-index-v1
  response:
    body:
      string: ''
    headers:
      cache-control:
      - max-age=0, no-cache, no-store
      connection:
      - keep-alive
      content-length:
      - '0'
      date:
      - Sun, 23 Jul 2023 11:05:47 GMT
      expires:
      - Sun, 23 Jul 2023 11:05:47 GMT
      location:
      - https://azcliextensionsync.blob.core.windows.net/index1/index.json
      pragma:
      - no-cache
      request-context:
      - appId=cid-v1:7d63747b-487e-492a-872d-762362f77974
      server:
      - Kestrel
      strict-transport-security:
      - max-age=31536000 ; includeSubDomains
      x-response-cache-status:
      - 'True'
    status:
      code: 301
      message: Moved Permanently
version: 1
