interactions:
- request:
    body: '{"sku": {"name": "standard"}, "properties": {}, "identity": {"type": "SystemAssigned"},
      "tags": {"foo": "doo"}, "location": "westeurope"}'
    headers:
      Accept:
      - application/json
      Accept-Encoding:
      - gzip, deflate
      CommandName:
      - grafana create
      Connection:
      - keep-alive
      Content-Length:
      - '137'
      Content-Type:
      - application/json
      ParameterSetName:
      - -g -n -l --tags
      User-Agent:
      - AZURECLI/2.37.0 azsdk-python-mgmt-dashboard/1.0.0b1 Python/3.9.13 (Windows-10-10.0.19044-SP0)
    method: PUT
    uri: https://management.azure.com/subscriptions/00000000-0000-0000-0000-000000000000/resourceGroups/cli_test_amg000001/providers/Microsoft.Dashboard/grafana/clitestamg?api-version=2021-09-01-preview
  response:
    body:
      string: '{"id":"/subscriptions/00000000-0000-0000-0000-000000000000/resourceGroups/cli_test_amg000001/providers/Microsoft.Dashboard/grafana/clitestamg","name":"clitestamg","type":"microsoft.dashboard/grafana","sku":{"name":"standard"},"location":"westeurope","tags":{"foo":"doo"},"systemData":{"createdBy":"michelletaal@hotmail.com","createdByType":"User","createdAt":"2022-07-16T21:35:29.8502002Z","lastModifiedBy":"michelletaal@hotmail.com","lastModifiedByType":"User","lastModifiedAt":"2022-07-16T21:35:29.8502002Z"},"identity":{"principalId":"683bb49f-662e-4e6a-a96b-0ec3f3431c4c","tenantId":"2de11026-d33d-44dd-95de-6261863da22e","type":"SystemAssigned"},"properties":{"provisioningState":"Accepted","grafanaVersion":null,"endpoint":"https://clitestamg-ftcwecbbe7hyhrhk.weu.grafana.azure.com","zoneRedundancy":"Disabled","autoGeneratedDomainNameLabelScope":"TenantReuse"}}'
    headers:
      api-supported-versions:
      - 2021-09-01-preview, 2022-05-01-preview, 2022-08-01
      azure-asyncoperation:
      - https://management.azure.com/providers/Microsoft.Dashboard/locations/WESTEUROPE/operationStatuses/d1bde8ae-ca86-43a4-895b-88c428956559*3C7828EE6F44EEB0099CF946631B2D3B5A140FD68D449817B6FD63895722B0C6?api-version=2021-09-01-preview
      cache-control:
      - no-cache
      content-length:
      - '868'
      content-type:
      - application/json; charset=utf-8
      date:
      - Sat, 16 Jul 2022 21:35:30 GMT
      etag:
      - '"1100443a-0000-0d00-0000-62d32f230000"'
      expires:
      - '-1'
      location:
      - https://management.azure.com/providers/Microsoft.Dashboard/locations/WESTEUROPE/operationStatuses/d1bde8ae-ca86-43a4-895b-88c428956559*3C7828EE6F44EEB0099CF946631B2D3B5A140FD68D449817B6FD63895722B0C6?api-version=2021-09-01-preview
      pragma:
      - no-cache
      request-context:
      - appId=cid-v1:54fcb76e-7bac-4b3e-96f8-8868676d3826
      strict-transport-security:
      - max-age=31536000; includeSubDomains
      x-content-type-options:
      - nosniff
      x-ms-providerhub-traffic:
      - 'True'
      x-ms-ratelimit-remaining-subscription-writes:
      - '1199'
    status:
      code: 201
      message: Created
- request:
    body: null
    headers:
      Accept:
      - '*/*'
      Accept-Encoding:
      - gzip, deflate
      CommandName:
      - grafana create
      Connection:
      - keep-alive
      ParameterSetName:
      - -g -n -l --tags
      User-Agent:
      - AZURECLI/2.37.0 azsdk-python-mgmt-dashboard/1.0.0b1 Python/3.9.13 (Windows-10-10.0.19044-SP0)
    method: GET
    uri: https://management.azure.com/providers/Microsoft.Dashboard/locations/WESTEUROPE/operationStatuses/d1bde8ae-ca86-43a4-895b-88c428956559*3C7828EE6F44EEB0099CF946631B2D3B5A140FD68D449817B6FD63895722B0C6?api-version=2021-09-01-preview
  response:
    body:
      string: '{"id":"/providers/Microsoft.Dashboard/locations/WESTEUROPE/operationStatuses/d1bde8ae-ca86-43a4-895b-88c428956559*3C7828EE6F44EEB0099CF946631B2D3B5A140FD68D449817B6FD63895722B0C6","name":"d1bde8ae-ca86-43a4-895b-88c428956559*3C7828EE6F44EEB0099CF946631B2D3B5A140FD68D449817B6FD63895722B0C6","resourceId":"/subscriptions/00000000-0000-0000-0000-000000000000/resourceGroups/cli_test_amg000001/providers/Microsoft.Dashboard/grafana/clitestamg","status":"Accepted","startTime":"2022-07-16T21:35:30.5565649Z"}'
    headers:
      cache-control:
      - no-cache
      content-length:
      - '504'
      content-type:
      - application/json; charset=utf-8
      date:
      - Sat, 16 Jul 2022 21:36:01 GMT
      etag:
      - '"2200631d-0000-0d00-0000-62d32f220000"'
      expires:
      - '-1'
      pragma:
      - no-cache
      strict-transport-security:
      - max-age=31536000; includeSubDomains
      transfer-encoding:
      - chunked
      vary:
      - Accept-Encoding
      x-content-type-options:
      - nosniff
    status:
      code: 200
      message: OK
- request:
    body: null
    headers:
      Accept:
      - '*/*'
      Accept-Encoding:
      - gzip, deflate
      CommandName:
      - grafana create
      Connection:
      - keep-alive
      ParameterSetName:
      - -g -n -l --tags
      User-Agent:
      - AZURECLI/2.37.0 azsdk-python-mgmt-dashboard/1.0.0b1 Python/3.9.13 (Windows-10-10.0.19044-SP0)
    method: GET
    uri: https://management.azure.com/providers/Microsoft.Dashboard/locations/WESTEUROPE/operationStatuses/d1bde8ae-ca86-43a4-895b-88c428956559*3C7828EE6F44EEB0099CF946631B2D3B5A140FD68D449817B6FD63895722B0C6?api-version=2021-09-01-preview
  response:
    body:
      string: '{"id":"/providers/Microsoft.Dashboard/locations/WESTEUROPE/operationStatuses/d1bde8ae-ca86-43a4-895b-88c428956559*3C7828EE6F44EEB0099CF946631B2D3B5A140FD68D449817B6FD63895722B0C6","name":"d1bde8ae-ca86-43a4-895b-88c428956559*3C7828EE6F44EEB0099CF946631B2D3B5A140FD68D449817B6FD63895722B0C6","resourceId":"/subscriptions/00000000-0000-0000-0000-000000000000/resourceGroups/cli_test_amg000001/providers/Microsoft.Dashboard/grafana/clitestamg","status":"Accepted","startTime":"2022-07-16T21:35:30.5565649Z"}'
    headers:
      cache-control:
      - no-cache
      content-length:
      - '504'
      content-type:
      - application/json; charset=utf-8
      date:
      - Sat, 16 Jul 2022 21:36:30 GMT
      etag:
      - '"2200631d-0000-0d00-0000-62d32f220000"'
      expires:
      - '-1'
      pragma:
      - no-cache
      strict-transport-security:
      - max-age=31536000; includeSubDomains
      transfer-encoding:
      - chunked
      vary:
      - Accept-Encoding
      x-content-type-options:
      - nosniff
    status:
      code: 200
      message: OK
- request:
    body: null
    headers:
      Accept:
      - '*/*'
      Accept-Encoding:
      - gzip, deflate
      CommandName:
      - grafana create
      Connection:
      - keep-alive
      ParameterSetName:
      - -g -n -l --tags
      User-Agent:
      - AZURECLI/2.37.0 azsdk-python-mgmt-dashboard/1.0.0b1 Python/3.9.13 (Windows-10-10.0.19044-SP0)
    method: GET
    uri: https://management.azure.com/providers/Microsoft.Dashboard/locations/WESTEUROPE/operationStatuses/d1bde8ae-ca86-43a4-895b-88c428956559*3C7828EE6F44EEB0099CF946631B2D3B5A140FD68D449817B6FD63895722B0C6?api-version=2021-09-01-preview
  response:
    body:
      string: '{"id":"/providers/Microsoft.Dashboard/locations/WESTEUROPE/operationStatuses/d1bde8ae-ca86-43a4-895b-88c428956559*3C7828EE6F44EEB0099CF946631B2D3B5A140FD68D449817B6FD63895722B0C6","name":"d1bde8ae-ca86-43a4-895b-88c428956559*3C7828EE6F44EEB0099CF946631B2D3B5A140FD68D449817B6FD63895722B0C6","resourceId":"/subscriptions/00000000-0000-0000-0000-000000000000/resourceGroups/cli_test_amg000001/providers/Microsoft.Dashboard/grafana/clitestamg","status":"Accepted","startTime":"2022-07-16T21:35:30.5565649Z"}'
    headers:
      cache-control:
      - no-cache
      content-length:
      - '504'
      content-type:
      - application/json; charset=utf-8
      date:
      - Sat, 16 Jul 2022 21:37:00 GMT
      etag:
      - '"2200631d-0000-0d00-0000-62d32f220000"'
      expires:
      - '-1'
      pragma:
      - no-cache
      strict-transport-security:
      - max-age=31536000; includeSubDomains
      transfer-encoding:
      - chunked
      vary:
      - Accept-Encoding
      x-content-type-options:
      - nosniff
    status:
      code: 200
      message: OK
- request:
    body: null
    headers:
      Accept:
      - '*/*'
      Accept-Encoding:
      - gzip, deflate
      CommandName:
      - grafana create
      Connection:
      - keep-alive
      ParameterSetName:
      - -g -n -l --tags
      User-Agent:
      - AZURECLI/2.37.0 azsdk-python-mgmt-dashboard/1.0.0b1 Python/3.9.13 (Windows-10-10.0.19044-SP0)
    method: GET
    uri: https://management.azure.com/providers/Microsoft.Dashboard/locations/WESTEUROPE/operationStatuses/d1bde8ae-ca86-43a4-895b-88c428956559*3C7828EE6F44EEB0099CF946631B2D3B5A140FD68D449817B6FD63895722B0C6?api-version=2021-09-01-preview
  response:
    body:
      string: '{"id":"/providers/Microsoft.Dashboard/locations/WESTEUROPE/operationStatuses/d1bde8ae-ca86-43a4-895b-88c428956559*3C7828EE6F44EEB0099CF946631B2D3B5A140FD68D449817B6FD63895722B0C6","name":"d1bde8ae-ca86-43a4-895b-88c428956559*3C7828EE6F44EEB0099CF946631B2D3B5A140FD68D449817B6FD63895722B0C6","resourceId":"/subscriptions/00000000-0000-0000-0000-000000000000/resourceGroups/cli_test_amg000001/providers/Microsoft.Dashboard/grafana/clitestamg","status":"Accepted","startTime":"2022-07-16T21:35:30.5565649Z"}'
    headers:
      cache-control:
      - no-cache
      content-length:
      - '504'
      content-type:
      - application/json; charset=utf-8
      date:
      - Sat, 16 Jul 2022 21:37:31 GMT
      etag:
      - '"2200631d-0000-0d00-0000-62d32f220000"'
      expires:
      - '-1'
      pragma:
      - no-cache
      strict-transport-security:
      - max-age=31536000; includeSubDomains
      transfer-encoding:
      - chunked
      vary:
      - Accept-Encoding
      x-content-type-options:
      - nosniff
    status:
      code: 200
      message: OK
- request:
    body: null
    headers:
      Accept:
      - '*/*'
      Accept-Encoding:
      - gzip, deflate
      CommandName:
      - grafana create
      Connection:
      - keep-alive
      ParameterSetName:
      - -g -n -l --tags
      User-Agent:
      - AZURECLI/2.37.0 azsdk-python-mgmt-dashboard/1.0.0b1 Python/3.9.13 (Windows-10-10.0.19044-SP0)
    method: GET
    uri: https://management.azure.com/providers/Microsoft.Dashboard/locations/WESTEUROPE/operationStatuses/d1bde8ae-ca86-43a4-895b-88c428956559*3C7828EE6F44EEB0099CF946631B2D3B5A140FD68D449817B6FD63895722B0C6?api-version=2021-09-01-preview
  response:
    body:
      string: '{"id":"/providers/Microsoft.Dashboard/locations/WESTEUROPE/operationStatuses/d1bde8ae-ca86-43a4-895b-88c428956559*3C7828EE6F44EEB0099CF946631B2D3B5A140FD68D449817B6FD63895722B0C6","name":"d1bde8ae-ca86-43a4-895b-88c428956559*3C7828EE6F44EEB0099CF946631B2D3B5A140FD68D449817B6FD63895722B0C6","resourceId":"/subscriptions/00000000-0000-0000-0000-000000000000/resourceGroups/cli_test_amg000001/providers/Microsoft.Dashboard/grafana/clitestamg","status":"Accepted","startTime":"2022-07-16T21:35:30.5565649Z"}'
    headers:
      cache-control:
      - no-cache
      content-length:
      - '504'
      content-type:
      - application/json; charset=utf-8
      date:
      - Sat, 16 Jul 2022 21:38:01 GMT
      etag:
      - '"2200631d-0000-0d00-0000-62d32f220000"'
      expires:
      - '-1'
      pragma:
      - no-cache
      strict-transport-security:
      - max-age=31536000; includeSubDomains
      transfer-encoding:
      - chunked
      vary:
      - Accept-Encoding
      x-content-type-options:
      - nosniff
    status:
      code: 200
      message: OK
- request:
    body: null
    headers:
      Accept:
      - '*/*'
      Accept-Encoding:
      - gzip, deflate
      CommandName:
      - grafana create
      Connection:
      - keep-alive
      ParameterSetName:
      - -g -n -l --tags
      User-Agent:
      - AZURECLI/2.37.0 azsdk-python-mgmt-dashboard/1.0.0b1 Python/3.9.13 (Windows-10-10.0.19044-SP0)
    method: GET
    uri: https://management.azure.com/providers/Microsoft.Dashboard/locations/WESTEUROPE/operationStatuses/d1bde8ae-ca86-43a4-895b-88c428956559*3C7828EE6F44EEB0099CF946631B2D3B5A140FD68D449817B6FD63895722B0C6?api-version=2021-09-01-preview
  response:
    body:
      string: '{"id":"/providers/Microsoft.Dashboard/locations/WESTEUROPE/operationStatuses/d1bde8ae-ca86-43a4-895b-88c428956559*3C7828EE6F44EEB0099CF946631B2D3B5A140FD68D449817B6FD63895722B0C6","name":"d1bde8ae-ca86-43a4-895b-88c428956559*3C7828EE6F44EEB0099CF946631B2D3B5A140FD68D449817B6FD63895722B0C6","resourceId":"/subscriptions/00000000-0000-0000-0000-000000000000/resourceGroups/cli_test_amg000001/providers/Microsoft.Dashboard/grafana/clitestamg","status":"Accepted","startTime":"2022-07-16T21:35:30.5565649Z"}'
    headers:
      cache-control:
      - no-cache
      content-length:
      - '504'
      content-type:
      - application/json; charset=utf-8
      date:
      - Sat, 16 Jul 2022 21:38:30 GMT
      etag:
      - '"2200631d-0000-0d00-0000-62d32f220000"'
      expires:
      - '-1'
      pragma:
      - no-cache
      strict-transport-security:
      - max-age=31536000; includeSubDomains
      transfer-encoding:
      - chunked
      vary:
      - Accept-Encoding
      x-content-type-options:
      - nosniff
    status:
      code: 200
      message: OK
- request:
    body: null
    headers:
      Accept:
      - '*/*'
      Accept-Encoding:
      - gzip, deflate
      CommandName:
      - grafana create
      Connection:
      - keep-alive
      ParameterSetName:
      - -g -n -l --tags
      User-Agent:
      - AZURECLI/2.37.0 azsdk-python-mgmt-dashboard/1.0.0b1 Python/3.9.13 (Windows-10-10.0.19044-SP0)
    method: GET
    uri: https://management.azure.com/providers/Microsoft.Dashboard/locations/WESTEUROPE/operationStatuses/d1bde8ae-ca86-43a4-895b-88c428956559*3C7828EE6F44EEB0099CF946631B2D3B5A140FD68D449817B6FD63895722B0C6?api-version=2021-09-01-preview
  response:
    body:
      string: '{"id":"/providers/Microsoft.Dashboard/locations/WESTEUROPE/operationStatuses/d1bde8ae-ca86-43a4-895b-88c428956559*3C7828EE6F44EEB0099CF946631B2D3B5A140FD68D449817B6FD63895722B0C6","name":"d1bde8ae-ca86-43a4-895b-88c428956559*3C7828EE6F44EEB0099CF946631B2D3B5A140FD68D449817B6FD63895722B0C6","resourceId":"/subscriptions/00000000-0000-0000-0000-000000000000/resourceGroups/cli_test_amg000001/providers/Microsoft.Dashboard/grafana/clitestamg","status":"Accepted","startTime":"2022-07-16T21:35:30.5565649Z"}'
    headers:
      cache-control:
      - no-cache
      content-length:
      - '504'
      content-type:
      - application/json; charset=utf-8
      date:
      - Sat, 16 Jul 2022 21:39:00 GMT
      etag:
      - '"2200631d-0000-0d00-0000-62d32f220000"'
      expires:
      - '-1'
      pragma:
      - no-cache
      strict-transport-security:
      - max-age=31536000; includeSubDomains
      transfer-encoding:
      - chunked
      vary:
      - Accept-Encoding
      x-content-type-options:
      - nosniff
    status:
      code: 200
      message: OK
- request:
    body: null
    headers:
      Accept:
      - '*/*'
      Accept-Encoding:
      - gzip, deflate
      CommandName:
      - grafana create
      Connection:
      - keep-alive
      ParameterSetName:
      - -g -n -l --tags
      User-Agent:
      - AZURECLI/2.37.0 azsdk-python-mgmt-dashboard/1.0.0b1 Python/3.9.13 (Windows-10-10.0.19044-SP0)
    method: GET
    uri: https://management.azure.com/providers/Microsoft.Dashboard/locations/WESTEUROPE/operationStatuses/d1bde8ae-ca86-43a4-895b-88c428956559*3C7828EE6F44EEB0099CF946631B2D3B5A140FD68D449817B6FD63895722B0C6?api-version=2021-09-01-preview
  response:
    body:
      string: '{"id":"/providers/Microsoft.Dashboard/locations/WESTEUROPE/operationStatuses/d1bde8ae-ca86-43a4-895b-88c428956559*3C7828EE6F44EEB0099CF946631B2D3B5A140FD68D449817B6FD63895722B0C6","name":"d1bde8ae-ca86-43a4-895b-88c428956559*3C7828EE6F44EEB0099CF946631B2D3B5A140FD68D449817B6FD63895722B0C6","resourceId":"/subscriptions/00000000-0000-0000-0000-000000000000/resourceGroups/cli_test_amg000001/providers/Microsoft.Dashboard/grafana/clitestamg","status":"Accepted","startTime":"2022-07-16T21:35:30.5565649Z"}'
    headers:
      cache-control:
      - no-cache
      content-length:
      - '504'
      content-type:
      - application/json; charset=utf-8
      date:
      - Sat, 16 Jul 2022 21:39:31 GMT
      etag:
      - '"2200631d-0000-0d00-0000-62d32f220000"'
      expires:
      - '-1'
      pragma:
      - no-cache
      strict-transport-security:
      - max-age=31536000; includeSubDomains
      transfer-encoding:
      - chunked
      vary:
      - Accept-Encoding
      x-content-type-options:
      - nosniff
    status:
      code: 200
      message: OK
- request:
    body: null
    headers:
      Accept:
      - '*/*'
      Accept-Encoding:
      - gzip, deflate
      CommandName:
      - grafana create
      Connection:
      - keep-alive
      ParameterSetName:
      - -g -n -l --tags
      User-Agent:
      - AZURECLI/2.37.0 azsdk-python-mgmt-dashboard/1.0.0b1 Python/3.9.13 (Windows-10-10.0.19044-SP0)
    method: GET
    uri: https://management.azure.com/providers/Microsoft.Dashboard/locations/WESTEUROPE/operationStatuses/d1bde8ae-ca86-43a4-895b-88c428956559*3C7828EE6F44EEB0099CF946631B2D3B5A140FD68D449817B6FD63895722B0C6?api-version=2021-09-01-preview
  response:
    body:
      string: '{"id":"/providers/Microsoft.Dashboard/locations/WESTEUROPE/operationStatuses/d1bde8ae-ca86-43a4-895b-88c428956559*3C7828EE6F44EEB0099CF946631B2D3B5A140FD68D449817B6FD63895722B0C6","name":"d1bde8ae-ca86-43a4-895b-88c428956559*3C7828EE6F44EEB0099CF946631B2D3B5A140FD68D449817B6FD63895722B0C6","resourceId":"/subscriptions/00000000-0000-0000-0000-000000000000/resourceGroups/cli_test_amg000001/providers/Microsoft.Dashboard/grafana/clitestamg","status":"Accepted","startTime":"2022-07-16T21:35:30.5565649Z"}'
    headers:
      cache-control:
      - no-cache
      content-length:
      - '504'
      content-type:
      - application/json; charset=utf-8
      date:
      - Sat, 16 Jul 2022 21:40:01 GMT
      etag:
      - '"2200631d-0000-0d00-0000-62d32f220000"'
      expires:
      - '-1'
      pragma:
      - no-cache
      strict-transport-security:
      - max-age=31536000; includeSubDomains
      transfer-encoding:
      - chunked
      vary:
      - Accept-Encoding
      x-content-type-options:
      - nosniff
    status:
      code: 200
      message: OK
- request:
    body: null
    headers:
      Accept:
      - '*/*'
      Accept-Encoding:
      - gzip, deflate
      CommandName:
      - grafana create
      Connection:
      - keep-alive
      ParameterSetName:
      - -g -n -l --tags
      User-Agent:
      - AZURECLI/2.37.0 azsdk-python-mgmt-dashboard/1.0.0b1 Python/3.9.13 (Windows-10-10.0.19044-SP0)
    method: GET
    uri: https://management.azure.com/providers/Microsoft.Dashboard/locations/WESTEUROPE/operationStatuses/d1bde8ae-ca86-43a4-895b-88c428956559*3C7828EE6F44EEB0099CF946631B2D3B5A140FD68D449817B6FD63895722B0C6?api-version=2021-09-01-preview
  response:
    body:
      string: '{"id":"/providers/Microsoft.Dashboard/locations/WESTEUROPE/operationStatuses/d1bde8ae-ca86-43a4-895b-88c428956559*3C7828EE6F44EEB0099CF946631B2D3B5A140FD68D449817B6FD63895722B0C6","name":"d1bde8ae-ca86-43a4-895b-88c428956559*3C7828EE6F44EEB0099CF946631B2D3B5A140FD68D449817B6FD63895722B0C6","resourceId":"/subscriptions/00000000-0000-0000-0000-000000000000/resourceGroups/cli_test_amg000001/providers/Microsoft.Dashboard/grafana/clitestamg","status":"Accepted","startTime":"2022-07-16T21:35:30.5565649Z"}'
    headers:
      cache-control:
      - no-cache
      content-length:
      - '504'
      content-type:
      - application/json; charset=utf-8
      date:
      - Sat, 16 Jul 2022 21:40:31 GMT
      etag:
      - '"2200631d-0000-0d00-0000-62d32f220000"'
      expires:
      - '-1'
      pragma:
      - no-cache
      strict-transport-security:
      - max-age=31536000; includeSubDomains
      transfer-encoding:
      - chunked
      vary:
      - Accept-Encoding
      x-content-type-options:
      - nosniff
    status:
      code: 200
      message: OK
- request:
    body: null
    headers:
      Accept:
      - '*/*'
      Accept-Encoding:
      - gzip, deflate
      CommandName:
      - grafana create
      Connection:
      - keep-alive
      ParameterSetName:
      - -g -n -l --tags
      User-Agent:
      - AZURECLI/2.37.0 azsdk-python-mgmt-dashboard/1.0.0b1 Python/3.9.13 (Windows-10-10.0.19044-SP0)
    method: GET
    uri: https://management.azure.com/providers/Microsoft.Dashboard/locations/WESTEUROPE/operationStatuses/d1bde8ae-ca86-43a4-895b-88c428956559*3C7828EE6F44EEB0099CF946631B2D3B5A140FD68D449817B6FD63895722B0C6?api-version=2021-09-01-preview
  response:
    body:
      string: '{"id":"/providers/Microsoft.Dashboard/locations/WESTEUROPE/operationStatuses/d1bde8ae-ca86-43a4-895b-88c428956559*3C7828EE6F44EEB0099CF946631B2D3B5A140FD68D449817B6FD63895722B0C6","name":"d1bde8ae-ca86-43a4-895b-88c428956559*3C7828EE6F44EEB0099CF946631B2D3B5A140FD68D449817B6FD63895722B0C6","resourceId":"/subscriptions/00000000-0000-0000-0000-000000000000/resourceGroups/cli_test_amg000001/providers/Microsoft.Dashboard/grafana/clitestamg","status":"Accepted","startTime":"2022-07-16T21:35:30.5565649Z"}'
    headers:
      cache-control:
      - no-cache
      content-length:
      - '504'
      content-type:
      - application/json; charset=utf-8
      date:
      - Sat, 16 Jul 2022 21:41:01 GMT
      etag:
      - '"2200631d-0000-0d00-0000-62d32f220000"'
      expires:
      - '-1'
      pragma:
      - no-cache
      strict-transport-security:
      - max-age=31536000; includeSubDomains
      transfer-encoding:
      - chunked
      vary:
      - Accept-Encoding
      x-content-type-options:
      - nosniff
    status:
      code: 200
      message: OK
- request:
    body: null
    headers:
      Accept:
      - '*/*'
      Accept-Encoding:
      - gzip, deflate
      CommandName:
      - grafana create
      Connection:
      - keep-alive
      ParameterSetName:
      - -g -n -l --tags
      User-Agent:
      - AZURECLI/2.37.0 azsdk-python-mgmt-dashboard/1.0.0b1 Python/3.9.13 (Windows-10-10.0.19044-SP0)
    method: GET
    uri: https://management.azure.com/providers/Microsoft.Dashboard/locations/WESTEUROPE/operationStatuses/d1bde8ae-ca86-43a4-895b-88c428956559*3C7828EE6F44EEB0099CF946631B2D3B5A140FD68D449817B6FD63895722B0C6?api-version=2021-09-01-preview
  response:
    body:
      string: '{"id":"/providers/Microsoft.Dashboard/locations/WESTEUROPE/operationStatuses/d1bde8ae-ca86-43a4-895b-88c428956559*3C7828EE6F44EEB0099CF946631B2D3B5A140FD68D449817B6FD63895722B0C6","name":"d1bde8ae-ca86-43a4-895b-88c428956559*3C7828EE6F44EEB0099CF946631B2D3B5A140FD68D449817B6FD63895722B0C6","resourceId":"/subscriptions/00000000-0000-0000-0000-000000000000/resourceGroups/cli_test_amg000001/providers/Microsoft.Dashboard/grafana/clitestamg","status":"Accepted","startTime":"2022-07-16T21:35:30.5565649Z"}'
    headers:
      cache-control:
      - no-cache
      content-length:
      - '504'
      content-type:
      - application/json; charset=utf-8
      date:
      - Sat, 16 Jul 2022 21:41:32 GMT
      etag:
      - '"2200631d-0000-0d00-0000-62d32f220000"'
      expires:
      - '-1'
      pragma:
      - no-cache
      strict-transport-security:
      - max-age=31536000; includeSubDomains
      transfer-encoding:
      - chunked
      vary:
      - Accept-Encoding
      x-content-type-options:
      - nosniff
    status:
      code: 200
      message: OK
- request:
    body: null
    headers:
      Accept:
      - '*/*'
      Accept-Encoding:
      - gzip, deflate
      CommandName:
      - grafana create
      Connection:
      - keep-alive
      ParameterSetName:
      - -g -n -l --tags
      User-Agent:
      - AZURECLI/2.37.0 azsdk-python-mgmt-dashboard/1.0.0b1 Python/3.9.13 (Windows-10-10.0.19044-SP0)
    method: GET
    uri: https://management.azure.com/providers/Microsoft.Dashboard/locations/WESTEUROPE/operationStatuses/d1bde8ae-ca86-43a4-895b-88c428956559*3C7828EE6F44EEB0099CF946631B2D3B5A140FD68D449817B6FD63895722B0C6?api-version=2021-09-01-preview
  response:
    body:
      string: '{"id":"/providers/Microsoft.Dashboard/locations/WESTEUROPE/operationStatuses/d1bde8ae-ca86-43a4-895b-88c428956559*3C7828EE6F44EEB0099CF946631B2D3B5A140FD68D449817B6FD63895722B0C6","name":"d1bde8ae-ca86-43a4-895b-88c428956559*3C7828EE6F44EEB0099CF946631B2D3B5A140FD68D449817B6FD63895722B0C6","resourceId":"/subscriptions/00000000-0000-0000-0000-000000000000/resourceGroups/cli_test_amg000001/providers/Microsoft.Dashboard/grafana/clitestamg","status":"Accepted","startTime":"2022-07-16T21:35:30.5565649Z"}'
    headers:
      cache-control:
      - no-cache
      content-length:
      - '504'
      content-type:
      - application/json; charset=utf-8
      date:
      - Sat, 16 Jul 2022 21:42:02 GMT
      etag:
      - '"2200631d-0000-0d00-0000-62d32f220000"'
      expires:
      - '-1'
      pragma:
      - no-cache
      strict-transport-security:
      - max-age=31536000; includeSubDomains
      transfer-encoding:
      - chunked
      vary:
      - Accept-Encoding
      x-content-type-options:
      - nosniff
    status:
      code: 200
      message: OK
- request:
    body: null
    headers:
      Accept:
      - '*/*'
      Accept-Encoding:
      - gzip, deflate
      CommandName:
      - grafana create
      Connection:
      - keep-alive
      ParameterSetName:
      - -g -n -l --tags
      User-Agent:
      - AZURECLI/2.37.0 azsdk-python-mgmt-dashboard/1.0.0b1 Python/3.9.13 (Windows-10-10.0.19044-SP0)
    method: GET
    uri: https://management.azure.com/providers/Microsoft.Dashboard/locations/WESTEUROPE/operationStatuses/d1bde8ae-ca86-43a4-895b-88c428956559*3C7828EE6F44EEB0099CF946631B2D3B5A140FD68D449817B6FD63895722B0C6?api-version=2021-09-01-preview
  response:
    body:
      string: '{"id":"/providers/Microsoft.Dashboard/locations/WESTEUROPE/operationStatuses/d1bde8ae-ca86-43a4-895b-88c428956559*3C7828EE6F44EEB0099CF946631B2D3B5A140FD68D449817B6FD63895722B0C6","name":"d1bde8ae-ca86-43a4-895b-88c428956559*3C7828EE6F44EEB0099CF946631B2D3B5A140FD68D449817B6FD63895722B0C6","resourceId":"/subscriptions/00000000-0000-0000-0000-000000000000/resourceGroups/cli_test_amg000001/providers/Microsoft.Dashboard/grafana/clitestamg","status":"Accepted","startTime":"2022-07-16T21:35:30.5565649Z"}'
    headers:
      cache-control:
      - no-cache
      content-length:
      - '504'
      content-type:
      - application/json; charset=utf-8
      date:
      - Sat, 16 Jul 2022 21:42:31 GMT
      etag:
      - '"2200631d-0000-0d00-0000-62d32f220000"'
      expires:
      - '-1'
      pragma:
      - no-cache
      strict-transport-security:
      - max-age=31536000; includeSubDomains
      transfer-encoding:
      - chunked
      vary:
      - Accept-Encoding
      x-content-type-options:
      - nosniff
    status:
      code: 200
      message: OK
- request:
    body: null
    headers:
      Accept:
      - '*/*'
      Accept-Encoding:
      - gzip, deflate
      CommandName:
      - grafana create
      Connection:
      - keep-alive
      ParameterSetName:
      - -g -n -l --tags
      User-Agent:
      - AZURECLI/2.37.0 azsdk-python-mgmt-dashboard/1.0.0b1 Python/3.9.13 (Windows-10-10.0.19044-SP0)
    method: GET
    uri: https://management.azure.com/providers/Microsoft.Dashboard/locations/WESTEUROPE/operationStatuses/d1bde8ae-ca86-43a4-895b-88c428956559*3C7828EE6F44EEB0099CF946631B2D3B5A140FD68D449817B6FD63895722B0C6?api-version=2021-09-01-preview
  response:
    body:
      string: '{"id":"/providers/Microsoft.Dashboard/locations/WESTEUROPE/operationStatuses/d1bde8ae-ca86-43a4-895b-88c428956559*3C7828EE6F44EEB0099CF946631B2D3B5A140FD68D449817B6FD63895722B0C6","name":"d1bde8ae-ca86-43a4-895b-88c428956559*3C7828EE6F44EEB0099CF946631B2D3B5A140FD68D449817B6FD63895722B0C6","resourceId":"/subscriptions/00000000-0000-0000-0000-000000000000/resourceGroups/cli_test_amg000001/providers/Microsoft.Dashboard/grafana/clitestamg","status":"Accepted","startTime":"2022-07-16T21:35:30.5565649Z"}'
    headers:
      cache-control:
      - no-cache
      content-length:
      - '504'
      content-type:
      - application/json; charset=utf-8
      date:
      - Sat, 16 Jul 2022 21:43:01 GMT
      etag:
      - '"2200631d-0000-0d00-0000-62d32f220000"'
      expires:
      - '-1'
      pragma:
      - no-cache
      strict-transport-security:
      - max-age=31536000; includeSubDomains
      transfer-encoding:
      - chunked
      vary:
      - Accept-Encoding
      x-content-type-options:
      - nosniff
    status:
      code: 200
      message: OK
- request:
    body: null
    headers:
      Accept:
      - '*/*'
      Accept-Encoding:
      - gzip, deflate
      CommandName:
      - grafana create
      Connection:
      - keep-alive
      ParameterSetName:
      - -g -n -l --tags
      User-Agent:
      - AZURECLI/2.37.0 azsdk-python-mgmt-dashboard/1.0.0b1 Python/3.9.13 (Windows-10-10.0.19044-SP0)
    method: GET
    uri: https://management.azure.com/providers/Microsoft.Dashboard/locations/WESTEUROPE/operationStatuses/d1bde8ae-ca86-43a4-895b-88c428956559*3C7828EE6F44EEB0099CF946631B2D3B5A140FD68D449817B6FD63895722B0C6?api-version=2021-09-01-preview
  response:
    body:
      string: '{"id":"/providers/Microsoft.Dashboard/locations/WESTEUROPE/operationStatuses/d1bde8ae-ca86-43a4-895b-88c428956559*3C7828EE6F44EEB0099CF946631B2D3B5A140FD68D449817B6FD63895722B0C6","name":"d1bde8ae-ca86-43a4-895b-88c428956559*3C7828EE6F44EEB0099CF946631B2D3B5A140FD68D449817B6FD63895722B0C6","resourceId":"/subscriptions/00000000-0000-0000-0000-000000000000/resourceGroups/cli_test_amg000001/providers/Microsoft.Dashboard/grafana/clitestamg","status":"Accepted","startTime":"2022-07-16T21:35:30.5565649Z"}'
    headers:
      cache-control:
      - no-cache
      content-length:
      - '504'
      content-type:
      - application/json; charset=utf-8
      date:
      - Sat, 16 Jul 2022 21:43:32 GMT
      etag:
      - '"2200631d-0000-0d00-0000-62d32f220000"'
      expires:
      - '-1'
      pragma:
      - no-cache
      strict-transport-security:
      - max-age=31536000; includeSubDomains
      transfer-encoding:
      - chunked
      vary:
      - Accept-Encoding
      x-content-type-options:
      - nosniff
    status:
      code: 200
      message: OK
- request:
    body: null
    headers:
      Accept:
      - '*/*'
      Accept-Encoding:
      - gzip, deflate
      CommandName:
      - grafana create
      Connection:
      - keep-alive
      ParameterSetName:
      - -g -n -l --tags
      User-Agent:
      - AZURECLI/2.37.0 azsdk-python-mgmt-dashboard/1.0.0b1 Python/3.9.13 (Windows-10-10.0.19044-SP0)
    method: GET
    uri: https://management.azure.com/providers/Microsoft.Dashboard/locations/WESTEUROPE/operationStatuses/d1bde8ae-ca86-43a4-895b-88c428956559*3C7828EE6F44EEB0099CF946631B2D3B5A140FD68D449817B6FD63895722B0C6?api-version=2021-09-01-preview
  response:
    body:
      string: '{"id":"/providers/Microsoft.Dashboard/locations/WESTEUROPE/operationStatuses/d1bde8ae-ca86-43a4-895b-88c428956559*3C7828EE6F44EEB0099CF946631B2D3B5A140FD68D449817B6FD63895722B0C6","name":"d1bde8ae-ca86-43a4-895b-88c428956559*3C7828EE6F44EEB0099CF946631B2D3B5A140FD68D449817B6FD63895722B0C6","resourceId":"/subscriptions/00000000-0000-0000-0000-000000000000/resourceGroups/cli_test_amg000001/providers/Microsoft.Dashboard/grafana/clitestamg","status":"Accepted","startTime":"2022-07-16T21:35:30.5565649Z"}'
    headers:
      cache-control:
      - no-cache
      content-length:
      - '504'
      content-type:
      - application/json; charset=utf-8
      date:
      - Sat, 16 Jul 2022 21:44:01 GMT
      etag:
      - '"2200631d-0000-0d00-0000-62d32f220000"'
      expires:
      - '-1'
      pragma:
      - no-cache
      strict-transport-security:
      - max-age=31536000; includeSubDomains
      transfer-encoding:
      - chunked
      vary:
      - Accept-Encoding
      x-content-type-options:
      - nosniff
    status:
      code: 200
      message: OK
- request:
    body: null
    headers:
      Accept:
      - '*/*'
      Accept-Encoding:
      - gzip, deflate
      CommandName:
      - grafana create
      Connection:
      - keep-alive
      ParameterSetName:
      - -g -n -l --tags
      User-Agent:
      - AZURECLI/2.37.0 azsdk-python-mgmt-dashboard/1.0.0b1 Python/3.9.13 (Windows-10-10.0.19044-SP0)
    method: GET
    uri: https://management.azure.com/providers/Microsoft.Dashboard/locations/WESTEUROPE/operationStatuses/d1bde8ae-ca86-43a4-895b-88c428956559*3C7828EE6F44EEB0099CF946631B2D3B5A140FD68D449817B6FD63895722B0C6?api-version=2021-09-01-preview
  response:
    body:
      string: '{"id":"/providers/Microsoft.Dashboard/locations/WESTEUROPE/operationStatuses/d1bde8ae-ca86-43a4-895b-88c428956559*3C7828EE6F44EEB0099CF946631B2D3B5A140FD68D449817B6FD63895722B0C6","name":"d1bde8ae-ca86-43a4-895b-88c428956559*3C7828EE6F44EEB0099CF946631B2D3B5A140FD68D449817B6FD63895722B0C6","resourceId":"/subscriptions/00000000-0000-0000-0000-000000000000/resourceGroups/cli_test_amg000001/providers/Microsoft.Dashboard/grafana/clitestamg","status":"Accepted","startTime":"2022-07-16T21:35:30.5565649Z"}'
    headers:
      cache-control:
      - no-cache
      content-length:
      - '504'
      content-type:
      - application/json; charset=utf-8
      date:
      - Sat, 16 Jul 2022 21:44:31 GMT
      etag:
      - '"2200631d-0000-0d00-0000-62d32f220000"'
      expires:
      - '-1'
      pragma:
      - no-cache
      strict-transport-security:
      - max-age=31536000; includeSubDomains
      transfer-encoding:
      - chunked
      vary:
      - Accept-Encoding
      x-content-type-options:
      - nosniff
    status:
      code: 200
      message: OK
- request:
    body: null
    headers:
      Accept:
      - '*/*'
      Accept-Encoding:
      - gzip, deflate
      CommandName:
      - grafana create
      Connection:
      - keep-alive
      ParameterSetName:
      - -g -n -l --tags
      User-Agent:
      - AZURECLI/2.37.0 azsdk-python-mgmt-dashboard/1.0.0b1 Python/3.9.13 (Windows-10-10.0.19044-SP0)
    method: GET
    uri: https://management.azure.com/providers/Microsoft.Dashboard/locations/WESTEUROPE/operationStatuses/d1bde8ae-ca86-43a4-895b-88c428956559*3C7828EE6F44EEB0099CF946631B2D3B5A140FD68D449817B6FD63895722B0C6?api-version=2021-09-01-preview
  response:
    body:
      string: '{"id":"/providers/Microsoft.Dashboard/locations/WESTEUROPE/operationStatuses/d1bde8ae-ca86-43a4-895b-88c428956559*3C7828EE6F44EEB0099CF946631B2D3B5A140FD68D449817B6FD63895722B0C6","name":"d1bde8ae-ca86-43a4-895b-88c428956559*3C7828EE6F44EEB0099CF946631B2D3B5A140FD68D449817B6FD63895722B0C6","resourceId":"/subscriptions/00000000-0000-0000-0000-000000000000/resourceGroups/cli_test_amg000001/providers/Microsoft.Dashboard/grafana/clitestamg","status":"Accepted","startTime":"2022-07-16T21:35:30.5565649Z"}'
    headers:
      cache-control:
      - no-cache
      content-length:
      - '504'
      content-type:
      - application/json; charset=utf-8
      date:
      - Sat, 16 Jul 2022 21:45:02 GMT
      etag:
      - '"2200631d-0000-0d00-0000-62d32f220000"'
      expires:
      - '-1'
      pragma:
      - no-cache
      strict-transport-security:
      - max-age=31536000; includeSubDomains
      transfer-encoding:
      - chunked
      vary:
      - Accept-Encoding
      x-content-type-options:
      - nosniff
    status:
      code: 200
      message: OK
- request:
    body: null
    headers:
      Accept:
      - '*/*'
      Accept-Encoding:
      - gzip, deflate
      CommandName:
      - grafana create
      Connection:
      - keep-alive
      ParameterSetName:
      - -g -n -l --tags
      User-Agent:
      - AZURECLI/2.37.0 azsdk-python-mgmt-dashboard/1.0.0b1 Python/3.9.13 (Windows-10-10.0.19044-SP0)
    method: GET
    uri: https://management.azure.com/providers/Microsoft.Dashboard/locations/WESTEUROPE/operationStatuses/d1bde8ae-ca86-43a4-895b-88c428956559*3C7828EE6F44EEB0099CF946631B2D3B5A140FD68D449817B6FD63895722B0C6?api-version=2021-09-01-preview
  response:
    body:
      string: '{"id":"/providers/Microsoft.Dashboard/locations/WESTEUROPE/operationStatuses/d1bde8ae-ca86-43a4-895b-88c428956559*3C7828EE6F44EEB0099CF946631B2D3B5A140FD68D449817B6FD63895722B0C6","name":"d1bde8ae-ca86-43a4-895b-88c428956559*3C7828EE6F44EEB0099CF946631B2D3B5A140FD68D449817B6FD63895722B0C6","resourceId":"/subscriptions/00000000-0000-0000-0000-000000000000/resourceGroups/cli_test_amg000001/providers/Microsoft.Dashboard/grafana/clitestamg","status":"Accepted","startTime":"2022-07-16T21:35:30.5565649Z"}'
    headers:
      cache-control:
      - no-cache
      content-length:
      - '504'
      content-type:
      - application/json; charset=utf-8
      date:
      - Sat, 16 Jul 2022 21:45:32 GMT
      etag:
      - '"2200631d-0000-0d00-0000-62d32f220000"'
      expires:
      - '-1'
      pragma:
      - no-cache
      strict-transport-security:
      - max-age=31536000; includeSubDomains
      transfer-encoding:
      - chunked
      vary:
      - Accept-Encoding
      x-content-type-options:
      - nosniff
    status:
      code: 200
      message: OK
- request:
    body: null
    headers:
      Accept:
      - '*/*'
      Accept-Encoding:
      - gzip, deflate
      CommandName:
      - grafana create
      Connection:
      - keep-alive
      ParameterSetName:
      - -g -n -l --tags
      User-Agent:
      - AZURECLI/2.37.0 azsdk-python-mgmt-dashboard/1.0.0b1 Python/3.9.13 (Windows-10-10.0.19044-SP0)
    method: GET
    uri: https://management.azure.com/providers/Microsoft.Dashboard/locations/WESTEUROPE/operationStatuses/d1bde8ae-ca86-43a4-895b-88c428956559*3C7828EE6F44EEB0099CF946631B2D3B5A140FD68D449817B6FD63895722B0C6?api-version=2021-09-01-preview
  response:
    body:
      string: '{"id":"/providers/Microsoft.Dashboard/locations/WESTEUROPE/operationStatuses/d1bde8ae-ca86-43a4-895b-88c428956559*3C7828EE6F44EEB0099CF946631B2D3B5A140FD68D449817B6FD63895722B0C6","name":"d1bde8ae-ca86-43a4-895b-88c428956559*3C7828EE6F44EEB0099CF946631B2D3B5A140FD68D449817B6FD63895722B0C6","resourceId":"/subscriptions/00000000-0000-0000-0000-000000000000/resourceGroups/cli_test_amg000001/providers/Microsoft.Dashboard/grafana/clitestamg","status":"Accepted","startTime":"2022-07-16T21:35:30.5565649Z"}'
    headers:
      cache-control:
      - no-cache
      content-length:
      - '504'
      content-type:
      - application/json; charset=utf-8
      date:
      - Sat, 16 Jul 2022 21:46:01 GMT
      etag:
      - '"2200631d-0000-0d00-0000-62d32f220000"'
      expires:
      - '-1'
      pragma:
      - no-cache
      strict-transport-security:
      - max-age=31536000; includeSubDomains
      transfer-encoding:
      - chunked
      vary:
      - Accept-Encoding
      x-content-type-options:
      - nosniff
    status:
      code: 200
      message: OK
- request:
    body: null
    headers:
      Accept:
      - '*/*'
      Accept-Encoding:
      - gzip, deflate
      CommandName:
      - grafana create
      Connection:
      - keep-alive
      ParameterSetName:
      - -g -n -l --tags
      User-Agent:
      - AZURECLI/2.37.0 azsdk-python-mgmt-dashboard/1.0.0b1 Python/3.9.13 (Windows-10-10.0.19044-SP0)
    method: GET
    uri: https://management.azure.com/providers/Microsoft.Dashboard/locations/WESTEUROPE/operationStatuses/d1bde8ae-ca86-43a4-895b-88c428956559*3C7828EE6F44EEB0099CF946631B2D3B5A140FD68D449817B6FD63895722B0C6?api-version=2021-09-01-preview
  response:
    body:
      string: '{"id":"/providers/Microsoft.Dashboard/locations/WESTEUROPE/operationStatuses/d1bde8ae-ca86-43a4-895b-88c428956559*3C7828EE6F44EEB0099CF946631B2D3B5A140FD68D449817B6FD63895722B0C6","name":"d1bde8ae-ca86-43a4-895b-88c428956559*3C7828EE6F44EEB0099CF946631B2D3B5A140FD68D449817B6FD63895722B0C6","resourceId":"/subscriptions/00000000-0000-0000-0000-000000000000/resourceGroups/cli_test_amg000001/providers/Microsoft.Dashboard/grafana/clitestamg","status":"Accepted","startTime":"2022-07-16T21:35:30.5565649Z"}'
    headers:
      cache-control:
      - no-cache
      content-length:
      - '504'
      content-type:
      - application/json; charset=utf-8
      date:
      - Sat, 16 Jul 2022 21:46:32 GMT
      etag:
      - '"2200631d-0000-0d00-0000-62d32f220000"'
      expires:
      - '-1'
      pragma:
      - no-cache
      strict-transport-security:
      - max-age=31536000; includeSubDomains
      transfer-encoding:
      - chunked
      vary:
      - Accept-Encoding
      x-content-type-options:
      - nosniff
    status:
      code: 200
      message: OK
- request:
    body: null
    headers:
      Accept:
      - '*/*'
      Accept-Encoding:
      - gzip, deflate
      CommandName:
      - grafana create
      Connection:
      - keep-alive
      ParameterSetName:
      - -g -n -l --tags
      User-Agent:
      - AZURECLI/2.37.0 azsdk-python-mgmt-dashboard/1.0.0b1 Python/3.9.13 (Windows-10-10.0.19044-SP0)
    method: GET
    uri: https://management.azure.com/providers/Microsoft.Dashboard/locations/WESTEUROPE/operationStatuses/d1bde8ae-ca86-43a4-895b-88c428956559*3C7828EE6F44EEB0099CF946631B2D3B5A140FD68D449817B6FD63895722B0C6?api-version=2021-09-01-preview
  response:
    body:
      string: '{"id":"/providers/Microsoft.Dashboard/locations/WESTEUROPE/operationStatuses/d1bde8ae-ca86-43a4-895b-88c428956559*3C7828EE6F44EEB0099CF946631B2D3B5A140FD68D449817B6FD63895722B0C6","name":"d1bde8ae-ca86-43a4-895b-88c428956559*3C7828EE6F44EEB0099CF946631B2D3B5A140FD68D449817B6FD63895722B0C6","resourceId":"/subscriptions/00000000-0000-0000-0000-000000000000/resourceGroups/cli_test_amg000001/providers/Microsoft.Dashboard/grafana/clitestamg","status":"Failed","startTime":"2022-07-16T21:35:30.5565649Z","endTime":"2022-07-16T21:46:46.6487735Z","error":{"code":"CreationError","message":"Internal
        error occurred. Workspace name: CLITESTAMG, correlation Id: 53899686-9eda-40a4-afde-454d56aa7f52.
        Please delete the workspace and retry creation."}}'
    headers:
      cache-control:
      - no-cache
      content-length:
      - '743'
      content-type:
      - application/json; charset=utf-8
      date:
      - Sat, 16 Jul 2022 21:47:02 GMT
      etag:
      - '"22004c1e-0000-0d00-0000-62d331c60000"'
      expires:
      - '-1'
      pragma:
      - no-cache
      strict-transport-security:
      - max-age=31536000; includeSubDomains
      transfer-encoding:
      - chunked
      vary:
      - Accept-Encoding
      x-content-type-options:
      - nosniff
    status:
      code: 200
      message: OK
version: 1
