interactions:
- request:
    body: '{"location": "eastus2", "properties": {"description": "initial", "scopes":
      [{"displayName": "test1", "resourceTypes": ["Microsoft.Storage/storageAccounts"]}],
      "sku": "Standard", "workspaceRoots": ["/subscriptions/00000000-0000-0000-0000-000000000000/resourceGroups/clitest.rg000001"]}}'
    headers:
      Accept:
      - application/json
      Accept-Encoding:
      - gzip, deflate
      CommandName:
      - storage-discovery workspace create
      Connection:
      - keep-alive
      Content-Length:
      - '285'
      Content-Type:
      - application/json
      ParameterSetName:
      - -g -n --location --description --sku --workspace-roots --scopes
      User-Agent:
      - AZURECLI/2.77.0 azsdk-python-core/1.35.0 Python/3.12.11 (Linux-6.8.0-1030-azure-x86_64-with-glibc2.41)
    method: PUT
    uri: https://management.azure.com/subscriptions/00000000-0000-0000-0000-000000000000/resourceGroups/clitest.rg000001/providers/Microsoft.StorageDiscovery/storageDiscoveryWorkspaces/updatews000002?api-version=2025-09-01
  response:
    body:
      string: '{"id":"/subscriptions/00000000-0000-0000-0000-000000000000/resourceGroups/clitest.rg000001/providers/Microsoft.StorageDiscovery/storageDiscoveryWorkspaces/updatews000002","name":"updatews000002","type":"microsoft.storagediscovery/storagediscoveryworkspaces","location":"eastus2","tags":{"team":"Discovery"},"systemData":{"createdBy":"test@example.com","createdByType":"User","createdAt":"2025-09-24T21:50:58.2068265Z","lastModifiedBy":"test@example.com","lastModifiedByType":"User","lastModifiedAt":"2025-09-24T21:50:58.2068265Z"},"properties":{"sku":"Standard","workspaceRoots":["/subscriptions/00000000-0000-0000-0000-000000000000/resourceGroups/clitest.rg000001"],"description":"initial","scopes":[{"displayName":"test1","resourceTypes":["Microsoft.Storage/storageAccounts"],"tagKeysOnly":null,"tags":null}],"provisioningState":"Succeeded"}}'
    headers:
      cache-control:
      - no-cache
      content-length:
      - '844'
      content-type:
      - application/json; charset=utf-8
      date:
      - Wed, 24 Sep 2025 21:50:59 GMT
      etag:
      - '"930096f5-0000-0200-0000-68d467c20000"'
      expires:
      - '-1'
      mise-correlation-id:
      - d145ca78-d4c4-42d7-a19e-62deede9356d
      pragma:
      - no-cache
      strict-transport-security:
      - max-age=31536000; includeSubDomains
      vary:
      - Accept-Encoding
      x-cache:
      - CONFIG_NOCACHE
      x-content-type-options:
      - nosniff
      x-ms-operation-identifier:
      - tenantId=72f988bf-86f1-41af-91ab-2d7cd011db47,objectId=2968a26f-a796-4124-8684-894f8a239db2/francecentral/18487ba6-73c1-404f-8fe1-ed9ae8087db1
      x-ms-providerhub-traffic:
      - 'True'
      x-ms-ratelimit-remaining-subscription-global-writes:
      - '11999'
      x-ms-ratelimit-remaining-subscription-writes:
      - '799'
      x-msedge-ref:
      - 'Ref A: 0A66CBA56B6141A18B0E0B584B717907 Ref B: MWH011020806034 Ref C: 2025-09-24T21:50:54Z'
      x-powered-by:
      - ASP.NET
    status:
      code: 200
      message: OK
- request:
    body: null
    headers:
      Accept:
      - application/json
      Accept-Encoding:
      - gzip, deflate
      CommandName:
      - storage-discovery workspace update
      Connection:
      - keep-alive
      ParameterSetName:
      - -g -n --description --sku --scopes --tags
      User-Agent:
      - AZURECLI/2.77.0 azsdk-python-core/1.35.0 Python/3.12.11 (Linux-6.8.0-1030-azure-x86_64-with-glibc2.41)
    method: GET
    uri: https://management.azure.com/subscriptions/00000000-0000-0000-0000-000000000000/resourceGroups/clitest.rg000001/providers/Microsoft.StorageDiscovery/storageDiscoveryWorkspaces/updatews000002?api-version=2025-09-01
  response:
    body:
      string: '{"id":"/subscriptions/00000000-0000-0000-0000-000000000000/resourceGroups/clitest.rg000001/providers/Microsoft.StorageDiscovery/storageDiscoveryWorkspaces/updatews000002","name":"updatews000002","type":"microsoft.storagediscovery/storagediscoveryworkspaces","location":"eastus2","tags":{"team":"Discovery"},"systemData":{"createdBy":"test@example.com","createdByType":"User","createdAt":"2025-09-24T21:50:58.2068265Z","lastModifiedBy":"test@example.com","lastModifiedByType":"User","lastModifiedAt":"2025-09-24T21:50:58.2068265Z"},"properties":{"sku":"Standard","workspaceRoots":["/subscriptions/00000000-0000-0000-0000-000000000000/resourceGroups/clitest.rg000001"],"description":"initial","scopes":[{"displayName":"test1","resourceTypes":["Microsoft.Storage/storageAccounts"],"tagKeysOnly":null,"tags":null}],"provisioningState":"Succeeded"}}'
    headers:
      cache-control:
      - no-cache
      content-length:
      - '844'
      content-type:
      - application/json; charset=utf-8
      date:
      - Wed, 24 Sep 2025 21:50:59 GMT
      etag:
      - '"930096f5-0000-0200-0000-68d467c20000"'
      expires:
      - '-1'
      pragma:
      - no-cache
      strict-transport-security:
      - max-age=31536000; includeSubDomains
      x-cache:
      - CONFIG_NOCACHE
      x-content-type-options:
      - nosniff
      x-ms-providerhub-traffic:
      - 'True'
      x-ms-ratelimit-remaining-subscription-global-reads:
      - '16499'
      x-msedge-ref:
      - 'Ref A: C5432E20FE19418689BB886DA5CBA4F1 Ref B: MWH011020809040 Ref C: 2025-09-24T21:50:59Z'
    status:
      code: 200
      message: OK
- request:
    body: '{"location": "eastus2", "properties": {"description": "test2", "scopes":
      [{"displayName": "test2", "resourceTypes": ["Microsoft.Storage/storageAccounts"],
      "tagKeysOnly": ["e2etest2"], "tags": {"tag3": "value3"}}], "sku": "Free", "workspaceRoots":
      ["/subscriptions/00000000-0000-0000-0000-000000000000/resourceGroups/clitest.rg000001"]},
      "tags": {"team": "Discovery", "tag4": "value4"}}'
    headers:
      Accept:
      - application/json
      Accept-Encoding:
      - gzip, deflate
      CommandName:
      - storage-discovery workspace update
      Connection:
      - keep-alive
      Content-Length:
      - '385'
      Content-Type:
      - application/json
      ParameterSetName:
      - -g -n --description --sku --scopes --tags
      User-Agent:
      - AZURECLI/2.77.0 azsdk-python-core/1.35.0 Python/3.12.11 (Linux-6.8.0-1030-azure-x86_64-with-glibc2.41)
    method: PUT
    uri: https://management.azure.com/subscriptions/00000000-0000-0000-0000-000000000000/resourceGroups/clitest.rg000001/providers/Microsoft.StorageDiscovery/storageDiscoveryWorkspaces/updatews000002?api-version=2025-09-01
  response:
    body:
      string: '{"id":"/subscriptions/00000000-0000-0000-0000-000000000000/resourceGroups/clitest.rg000001/providers/Microsoft.StorageDiscovery/storageDiscoveryWorkspaces/updatews000002","name":"updatews000002","type":"microsoft.storagediscovery/storagediscoveryworkspaces","location":"eastus2","tags":{"team":"Discovery","tag4":"value4"},"systemData":{"createdBy":"test@example.com","createdByType":"User","createdAt":"2025-09-24T21:50:58.2068265Z","lastModifiedBy":"test@example.com","lastModifiedByType":"User","lastModifiedAt":"2025-09-24T21:51:01.9347946Z"},"properties":{"sku":"Free","workspaceRoots":["/subscriptions/00000000-0000-0000-0000-000000000000/resourceGroups/clitest.rg000001"],"description":"test2","scopes":[{"displayName":"test2","resourceTypes":["Microsoft.Storage/storageAccounts"],"tagKeysOnly":["e2etest2"],"tags":{"tag3":"value3"}}],"provisioningState":"Succeeded"}}'
    headers:
      cache-control:
      - no-cache
      content-length:
      - '875'
      content-type:
      - application/json; charset=utf-8
      date:
      - Wed, 24 Sep 2025 21:51:02 GMT
      etag:
      - '"9300d2f5-0000-0200-0000-68d467c60000"'
      expires:
      - '-1'
      mise-correlation-id:
      - 6a0b2ea1-1da5-4b48-8df2-f0b46608df65
      pragma:
      - no-cache
      strict-transport-security:
      - max-age=31536000; includeSubDomains
      vary:
      - Accept-Encoding
      x-cache:
      - CONFIG_NOCACHE
      x-content-type-options:
      - nosniff
      x-ms-operation-identifier:
      - tenantId=72f988bf-86f1-41af-91ab-2d7cd011db47,objectId=2968a26f-a796-4124-8684-894f8a239db2/francecentral/4617dc3d-fb12-45a1-9422-021e6197d82a
      x-ms-providerhub-traffic:
      - 'True'
      x-ms-ratelimit-remaining-subscription-global-writes:
      - '11999'
      x-ms-ratelimit-remaining-subscription-writes:
      - '799'
      x-msedge-ref:
      - 'Ref A: 5ACED01703CB426DA0C4E919A0C89BCD Ref B: MWH011020808040 Ref C: 2025-09-24T21:51:00Z'
      x-powered-by:
      - ASP.NET
    status:
      code: 200
      message: OK
- request:
    body: null
    headers:
      Accept:
      - '*/*'
      Accept-Encoding:
      - gzip, deflate
      CommandName:
      - storage-discovery workspace delete
      Connection:
      - keep-alive
      Content-Length:
      - '0'
      ParameterSetName:
      - -g -n -y
      User-Agent:
      - AZURECLI/2.77.0 azsdk-python-core/1.35.0 Python/3.12.11 (Linux-6.8.0-1030-azure-x86_64-with-glibc2.41)
    method: DELETE
    uri: https://management.azure.com/subscriptions/00000000-0000-0000-0000-000000000000/resourceGroups/clitest.rg000001/providers/Microsoft.StorageDiscovery/storageDiscoveryWorkspaces/updatews000002?api-version=2025-09-01
  response:
    body:
      string: ''
    headers:
      cache-control:
      - no-cache
      content-length:
      - '0'
      date:
      - Wed, 24 Sep 2025 21:51:06 GMT
      expires:
      - '-1'
      mise-correlation-id:
      - db983d4c-0203-407f-865c-4bc6b31cc8de
      pragma:
      - no-cache
      strict-transport-security:
      - max-age=31536000; includeSubDomains
      x-cache:
      - CONFIG_NOCACHE
      x-content-type-options:
      - nosniff
      x-ms-operation-identifier:
      - tenantId=72f988bf-86f1-41af-91ab-2d7cd011db47,objectId=2968a26f-a796-4124-8684-894f8a239db2/francecentral/1c5f4350-25f3-425d-bd46-5474efc0159b
      x-ms-providerhub-traffic:
      - 'True'
      x-ms-ratelimit-remaining-subscription-deletes:
      - '799'
      x-ms-ratelimit-remaining-subscription-global-deletes:
      - '11999'
      x-msedge-ref:
      - 'Ref A: 45EEB3C448B1469D837CB2327B1207F6 Ref B: CO6AA3150220029 Ref C: 2025-09-24T21:51:03Z'
      x-powered-by:
      - ASP.NET
    status:
      code: 200
      message: OK
version: 1
