interactions:
- request:
    body: null
    headers:
      Accept:
      - application/json
      Accept-Encoding:
      - gzip, deflate
      CommandName:
      - automanage configuration-profile create
      Connection:
      - keep-alive
      ParameterSetName:
      - -n -g --configuration
      User-Agent:
      - AZURECLI/2.44.1 (PIP) azsdk-python-azure-mgmt-resource/21.1.0b1 Python/3.9.6
        (Windows-10-10.0.19045-SP0)
    method: GET
    uri: https://management.azure.com/subscriptions/00000000-0000-0000-0000-000000000000/resourcegroups/rgtestautomanage?api-version=2021-04-01
  response:
    body:
      string: '{"id":"/subscriptions/00000000-0000-0000-0000-000000000000/resourceGroups/rgtestautomanage","name":"rgtestautomanage","type":"Microsoft.Resources/resourceGroups","location":"eastus2euap","properties":{"provisioningState":"Succeeded"}}'
    headers:
      cache-control:
      - no-cache
      content-length:
      - '234'
      content-type:
      - application/json; charset=utf-8
      date:
      - Fri, 20 Jan 2023 03:45:55 GMT
      expires:
      - '-1'
      pragma:
      - no-cache
      strict-transport-security:
      - max-age=31536000; includeSubDomains
      vary:
      - Accept-Encoding
      x-content-type-options:
      - nosniff
    status:
      code: 200
      message: OK
- request:
    body: '{"location": "eastus2euap", "properties": {"configuration": {"Antimalware/Enable":
      true}}}'
    headers:
      Accept:
      - application/json
      Accept-Encoding:
      - gzip, deflate
      CommandName:
      - automanage configuration-profile create
      Connection:
      - keep-alive
      Content-Length:
      - '90'
      Content-Type:
      - application/json
      ParameterSetName:
      - -n -g --configuration
      User-Agent:
      - AZURECLI/2.44.1 (PIP) (AAZ) azsdk-python-core/1.24.0 Python/3.9.6 (Windows-10-10.0.19045-SP0)
    method: PUT
    uri: https://management.azure.com/subscriptions/00000000-0000-0000-0000-000000000000/resourceGroups/rgtestautomanage/providers/Microsoft.Automanage/configurationProfiles/profile000001?api-version=2022-05-04
  response:
    body:
      string: '{"id":"/subscriptions/00000000-0000-0000-0000-000000000000/resourceGroups/rgtestautomanage/providers/Microsoft.Automanage/configurationProfiles/profile000001","name":"profile000001","type":"Microsoft.Automanage/configurationProfiles","location":"eastus2euap","properties":{"configuration":{"Antimalware/Enable":true}},"systemData":{"createdAt":"2023-01-20T03:45:58.3430495+00:00","createdBy":"zhiyihuang@microsoft.com","createdByType":"User","lastModifiedAt":"2023-01-20T03:45:58.3430495+00:00","lastModifiedBy":"zhiyihuang@microsoft.com","lastModifiedByType":"User"}}'
    headers:
      cache-control:
      - no-cache
      content-length:
      - '568'
      content-type:
      - application/json; charset=utf-8
      date:
      - Fri, 20 Jan 2023 03:46:00 GMT
      expires:
      - '-1'
      location:
      - /subscriptions/00000000-0000-0000-0000-000000000000/resourceGroups/rgtestautomanage/providers/Microsoft.Automanage/configurationProfiles/profile000001
      pragma:
      - no-cache
      request-context:
      - appId=cid-v1:a4d240dc-d543-4b4e-a019-0a571290b85d
      server:
      - Kestrel
      strict-transport-security:
      - max-age=31536000; includeSubDomains
      x-content-type-options:
      - nosniff
      x-ms-ratelimit-remaining-subscription-writes:
      - '1199'
    status:
      code: 201
      message: Created
- request:
    body: '{"properties": {"configurationProfile": "/subscriptions/00000000-0000-0000-0000-000000000000/resourceGroups/rgtestautomanage/providers/Microsoft.Automanage/configurationProfiles/profile000001"}}'
    headers:
      Accept:
      - application/json
      Accept-Encoding:
      - gzip, deflate
      CommandName:
      - automanage configuration-profile-assignment arc create
      Connection:
      - keep-alive
      Content-Length:
      - '194'
      Content-Type:
      - application/json
      ParameterSetName:
      - -n -g --machine-name --configuration-profile
      User-Agent:
      - AZURECLI/2.44.1 (PIP) (AAZ) azsdk-python-core/1.24.0 Python/3.9.6 (Windows-10-10.0.19045-SP0)
    method: PUT
    uri: https://management.azure.com/subscriptions/00000000-0000-0000-0000-000000000000/resourceGroups/rgtestautomanage/providers/Microsoft.HybridCompute/machines/arc1/providers/Microsoft.Automanage/configurationProfileAssignments/default?api-version=2022-05-04
  response:
    body:
      string: '{"id":"/subscriptions/00000000-0000-0000-0000-000000000000/resourceGroups/rgtestautomanage/providers/Microsoft.HybridCompute/machines/arc1/providers/Microsoft.Automanage/configurationProfileAssignments/default","name":"default","type":"Microsoft.Automanage/configurationProfileAssignments","properties":{"targetId":"/subscriptions/00000000-0000-0000-0000-000000000000/resourceGroups/rgtestautomanage/providers/Microsoft.HybridCompute/machines/arc1","configurationProfile":"/subscriptions/00000000-0000-0000-0000-000000000000/resourceGroups/rgtestautomanage/providers/Microsoft.Automanage/configurationProfiles/profile000001","status":"New"},"systemData":{"createdAt":"2023-01-20T03:46:01.3428232+00:00","createdBy":"zhiyihuang@microsoft.com","createdByType":"User","lastModifiedAt":"2023-01-20T03:46:01.3428232+00:00","lastModifiedBy":"zhiyihuang@microsoft.com","lastModifiedByType":"User"}}'
    headers:
      cache-control:
      - no-cache
      content-length:
      - '891'
      content-type:
      - application/json; charset=utf-8
      date:
      - Fri, 20 Jan 2023 03:46:03 GMT
      expires:
      - '-1'
      location:
      - /subscriptions/00000000-0000-0000-0000-000000000000/resourceGroups/rgtestautomanage/providers/Microsoft.HybridCompute/machines/arc1/providers/Microsoft.Automanage/configurationProfileAssignments/default
      pragma:
      - no-cache
      request-context:
      - appId=cid-v1:a4d240dc-d543-4b4e-a019-0a571290b85d
      server:
      - Kestrel
      strict-transport-security:
      - max-age=31536000; includeSubDomains
      x-content-type-options:
      - nosniff
      x-ms-ratelimit-remaining-subscription-writes:
      - '1198'
    status:
      code: 201
      message: Created
- request:
    body: null
    headers:
      Accept:
      - application/json
      Accept-Encoding:
      - gzip, deflate
      CommandName:
      - automanage configuration-profile-assignment arc show
      Connection:
      - keep-alive
      ParameterSetName:
      - -n -g --machine-name
      User-Agent:
      - AZURECLI/2.44.1 (PIP) (AAZ) azsdk-python-core/1.24.0 Python/3.9.6 (Windows-10-10.0.19045-SP0)
    method: GET
    uri: https://management.azure.com/subscriptions/00000000-0000-0000-0000-000000000000/resourceGroups/rgtestautomanage/providers/Microsoft.HybridCompute/machines/arc1/providers/Microsoft.Automanage/configurationProfileAssignments/default?api-version=2022-05-04
  response:
    body:
      string: '{"id":"/subscriptions/00000000-0000-0000-0000-000000000000/resourceGroups/rgtestautomanage/providers/Microsoft.HybridCompute/machines/arc1/providers/Microsoft.Automanage/configurationProfileAssignments/default","name":"default","type":"Microsoft.Automanage/configurationProfileAssignments","properties":{"targetId":"/subscriptions/00000000-0000-0000-0000-000000000000/resourceGroups/rgtestautomanage/providers/Microsoft.HybridCompute/machines/arc1","configurationProfile":"/subscriptions/00000000-0000-0000-0000-000000000000/resourceGroups/rgtestautomanage/providers/Microsoft.Automanage/configurationProfiles/profile000001","status":"InProgress"},"systemData":{"createdAt":"2023-01-20T03:46:05.7070042+00:00","createdBy":"d828acde-4b48-47f5-a6e8-52460104a052","createdByType":"Application","lastModifiedAt":"2023-01-20T03:46:05.7070042+00:00","lastModifiedBy":"d828acde-4b48-47f5-a6e8-52460104a052","lastModifiedByType":"Application"}}'
    headers:
      cache-control:
      - no-cache
      content-length:
      - '936'
      content-type:
      - application/json; charset=utf-8
      date:
      - Fri, 20 Jan 2023 03:46:06 GMT
      expires:
      - '-1'
      pragma:
      - no-cache
      request-context:
      - appId=cid-v1:a4d240dc-d543-4b4e-a019-0a571290b85d
      server:
      - Kestrel
      strict-transport-security:
      - max-age=31536000; includeSubDomains
      transfer-encoding:
      - chunked
      vary:
      - Accept-Encoding
      x-content-type-options:
      - nosniff
    status:
      code: 200
      message: OK
- request:
    body: null
    headers:
      Accept:
      - application/json
      Accept-Encoding:
      - gzip, deflate
      CommandName:
      - automanage configuration-profile-assignment list
      Connection:
      - keep-alive
      ParameterSetName:
      - -g
      User-Agent:
      - AZURECLI/2.44.1 (PIP) (AAZ) azsdk-python-core/1.24.0 Python/3.9.6 (Windows-10-10.0.19045-SP0)
    method: GET
    uri: https://management.azure.com/subscriptions/00000000-0000-0000-0000-000000000000/resourceGroups/rgtestautomanage/providers/Microsoft.Automanage/configurationProfileAssignments?api-version=2022-05-04
  response:
    body:
      string: '{"value":[{"id":"/subscriptions/00000000-0000-0000-0000-000000000000/resourceGroups/rgtestautomanage/providers/Microsoft.HybridCompute/machines/arc1/providers/Microsoft.Automanage/configurationProfileAssignments/default","name":"default","type":"Microsoft.Automanage/configurationProfileAssignments","properties":{"targetId":"/subscriptions/00000000-0000-0000-0000-000000000000/resourceGroups/rgtestautomanage/providers/Microsoft.HybridCompute/machines/arc1","configurationProfile":"/subscriptions/00000000-0000-0000-0000-000000000000/resourceGroups/rgtestautomanage/providers/Microsoft.Automanage/configurationProfiles/profile000001","status":"NonConformant"},"systemData":{"createdAt":"2023-01-20T03:46:07.1757634+00:00","createdBy":"d828acde-4b48-47f5-a6e8-52460104a052","createdByType":"Application","lastModifiedAt":"2023-01-20T03:46:07.1757634+00:00","lastModifiedBy":"d828acde-4b48-47f5-a6e8-52460104a052","lastModifiedByType":"Application"}}]}'
    headers:
      cache-control:
      - no-cache
      content-length:
      - '951'
      content-type:
      - application/json; charset=utf-8
      date:
      - Fri, 20 Jan 2023 03:46:08 GMT
      expires:
      - '-1'
      pragma:
      - no-cache
      strict-transport-security:
      - max-age=31536000; includeSubDomains
      vary:
      - Accept-Encoding
      x-content-type-options:
      - nosniff
      x-ms-original-request-ids:
      - ''
      - ''
      - ''
      - ''
      - ''
      - ''
      - ''
      - ''
    status:
      code: 200
      message: OK
- request:
    body: null
    headers:
      Accept:
      - application/json
      Accept-Encoding:
      - gzip, deflate
      CommandName:
      - automanage configuration-profile create
      Connection:
      - keep-alive
      ParameterSetName:
      - -n -g --configuration
      User-Agent:
      - AZURECLI/2.44.1 (PIP) azsdk-python-azure-mgmt-resource/21.1.0b1 Python/3.9.6
        (Windows-10-10.0.19045-SP0)
    method: GET
    uri: https://management.azure.com/subscriptions/00000000-0000-0000-0000-000000000000/resourcegroups/rgtestautomanage?api-version=2021-04-01
  response:
    body:
      string: '{"id":"/subscriptions/00000000-0000-0000-0000-000000000000/resourceGroups/rgtestautomanage","name":"rgtestautomanage","type":"Microsoft.Resources/resourceGroups","location":"eastus2euap","properties":{"provisioningState":"Succeeded"}}'
    headers:
      cache-control:
      - no-cache
      content-length:
      - '234'
      content-type:
      - application/json; charset=utf-8
      date:
      - Fri, 20 Jan 2023 03:46:07 GMT
      expires:
      - '-1'
      pragma:
      - no-cache
      strict-transport-security:
      - max-age=31536000; includeSubDomains
      vary:
      - Accept-Encoding
      x-content-type-options:
      - nosniff
    status:
      code: 200
      message: OK
- request:
    body: '{"location": "eastus2euap", "properties": {"configuration": {"Antimalware/Enable":
      false}}}'
    headers:
      Accept:
      - application/json
      Accept-Encoding:
      - gzip, deflate
      CommandName:
      - automanage configuration-profile create
      Connection:
      - keep-alive
      Content-Length:
      - '91'
      Content-Type:
      - application/json
      ParameterSetName:
      - -n -g --configuration
      User-Agent:
      - AZURECLI/2.44.1 (PIP) (AAZ) azsdk-python-core/1.24.0 Python/3.9.6 (Windows-10-10.0.19045-SP0)
    method: PUT
    uri: https://management.azure.com/subscriptions/00000000-0000-0000-0000-000000000000/resourceGroups/rgtestautomanage/providers/Microsoft.Automanage/configurationProfiles/profile000002?api-version=2022-05-04
  response:
    body:
      string: '{"id":"/subscriptions/00000000-0000-0000-0000-000000000000/resourceGroups/rgtestautomanage/providers/Microsoft.Automanage/configurationProfiles/profile000002","name":"profile000002","type":"Microsoft.Automanage/configurationProfiles","location":"eastus2euap","properties":{"configuration":{"Antimalware/Enable":false}},"systemData":{"createdAt":"2023-01-20T03:46:13.6177999+00:00","createdBy":"zhiyihuang@microsoft.com","createdByType":"User","lastModifiedAt":"2023-01-20T03:46:13.6177999+00:00","lastModifiedBy":"zhiyihuang@microsoft.com","lastModifiedByType":"User"}}'
    headers:
      cache-control:
      - no-cache
      content-length:
      - '569'
      content-type:
      - application/json; charset=utf-8
      date:
      - Fri, 20 Jan 2023 03:46:15 GMT
      expires:
      - '-1'
      location:
      - /subscriptions/00000000-0000-0000-0000-000000000000/resourceGroups/rgtestautomanage/providers/Microsoft.Automanage/configurationProfiles/profile000002
      pragma:
      - no-cache
      request-context:
      - appId=cid-v1:a4d240dc-d543-4b4e-a019-0a571290b85d
      server:
      - Kestrel
      strict-transport-security:
      - max-age=31536000; includeSubDomains
      x-content-type-options:
      - nosniff
      x-ms-ratelimit-remaining-subscription-writes:
      - '1199'
    status:
      code: 201
      message: Created
- request:
    body: null
    headers:
      Accept:
      - application/json
      Accept-Encoding:
      - gzip, deflate
      CommandName:
      - automanage configuration-profile-assignment arc update
      Connection:
      - keep-alive
      ParameterSetName:
      - --n -g --machine-name --configuration-profile
      User-Agent:
      - AZURECLI/2.44.1 (PIP) (AAZ) azsdk-python-core/1.24.0 Python/3.9.6 (Windows-10-10.0.19045-SP0)
    method: GET
    uri: https://management.azure.com/subscriptions/00000000-0000-0000-0000-000000000000/resourceGroups/rgtestautomanage/providers/Microsoft.HybridCompute/machines/arc1/providers/Microsoft.Automanage/configurationProfileAssignments/default?api-version=2022-05-04
  response:
    body:
      string: '{"id":"/subscriptions/00000000-0000-0000-0000-000000000000/resourceGroups/rgtestautomanage/providers/Microsoft.HybridCompute/machines/arc1/providers/Microsoft.Automanage/configurationProfileAssignments/default","name":"default","type":"Microsoft.Automanage/configurationProfileAssignments","properties":{"targetId":"/subscriptions/00000000-0000-0000-0000-000000000000/resourceGroups/rgtestautomanage/providers/Microsoft.HybridCompute/machines/arc1","configurationProfile":"/subscriptions/00000000-0000-0000-0000-000000000000/resourceGroups/rgtestautomanage/providers/Microsoft.Automanage/configurationProfiles/profile000001","status":"NonConformant"},"systemData":{"createdAt":"2023-01-20T03:46:07.1757634+00:00","createdBy":"d828acde-4b48-47f5-a6e8-52460104a052","createdByType":"Application","lastModifiedAt":"2023-01-20T03:46:07.1757634+00:00","lastModifiedBy":"d828acde-4b48-47f5-a6e8-52460104a052","lastModifiedByType":"Application"}}'
    headers:
      cache-control:
      - no-cache
      content-length:
      - '939'
      content-type:
      - application/json; charset=utf-8
      date:
      - Fri, 20 Jan 2023 03:46:17 GMT
      expires:
      - '-1'
      pragma:
      - no-cache
      request-context:
      - appId=cid-v1:a4d240dc-d543-4b4e-a019-0a571290b85d
      server:
      - Kestrel
      strict-transport-security:
      - max-age=31536000; includeSubDomains
      transfer-encoding:
      - chunked
      vary:
      - Accept-Encoding
      x-content-type-options:
      - nosniff
    status:
      code: 200
      message: OK
- request:
    body: '{"properties": {"configurationProfile": "/subscriptions/00000000-0000-0000-0000-000000000000/resourceGroups/rgtestautomanage/providers/Microsoft.Automanage/configurationProfiles/profile000002"}}'
    headers:
      Accept:
      - application/json
      Accept-Encoding:
      - gzip, deflate
      CommandName:
      - automanage configuration-profile-assignment arc update
      Connection:
      - keep-alive
      Content-Length:
      - '194'
      Content-Type:
      - application/json
      ParameterSetName:
      - --n -g --machine-name --configuration-profile
      User-Agent:
      - AZURECLI/2.44.1 (PIP) (AAZ) azsdk-python-core/1.24.0 Python/3.9.6 (Windows-10-10.0.19045-SP0)
    method: PUT
    uri: https://management.azure.com/subscriptions/00000000-0000-0000-0000-000000000000/resourceGroups/rgtestautomanage/providers/Microsoft.HybridCompute/machines/arc1/providers/Microsoft.Automanage/configurationProfileAssignments/default?api-version=2022-05-04
  response:
    body:
      string: '{"id":"/subscriptions/00000000-0000-0000-0000-000000000000/resourceGroups/rgtestautomanage/providers/Microsoft.HybridCompute/machines/arc1/providers/Microsoft.Automanage/configurationProfileAssignments/default","name":"default","type":"Microsoft.Automanage/configurationProfileAssignments","properties":{"targetId":"/subscriptions/00000000-0000-0000-0000-000000000000/resourceGroups/rgtestautomanage/providers/Microsoft.HybridCompute/machines/arc1","configurationProfile":"/subscriptions/00000000-0000-0000-0000-000000000000/resourceGroups/rgtestautomanage/providers/Microsoft.Automanage/configurationProfiles/profile000002","status":"NonConformant"},"systemData":{"createdAt":"2023-01-20T03:46:18.6075646+00:00","createdBy":"zhiyihuang@microsoft.com","createdByType":"User","lastModifiedAt":"2023-01-20T03:46:18.6075646+00:00","lastModifiedBy":"zhiyihuang@microsoft.com","lastModifiedByType":"User"}}'
    headers:
      cache-control:
      - no-cache
      content-length:
      - '901'
      content-type:
      - application/json; charset=utf-8
      date:
      - Fri, 20 Jan 2023 03:46:19 GMT
      expires:
      - '-1'
      pragma:
      - no-cache
      request-context:
      - appId=cid-v1:a4d240dc-d543-4b4e-a019-0a571290b85d
      server:
      - Kestrel
      strict-transport-security:
      - max-age=31536000; includeSubDomains
      transfer-encoding:
      - chunked
      vary:
      - Accept-Encoding
      x-content-type-options:
      - nosniff
      x-ms-ratelimit-remaining-subscription-writes:
      - '1199'
    status:
      code: 200
      message: OK
- request:
    body: null
    headers:
      Accept:
      - application/json
      Accept-Encoding:
      - gzip, deflate
      CommandName:
      - automanage configuration-profile-assignment arc report list
      Connection:
      - keep-alive
      ParameterSetName:
      - --assignment-name -g --machine-name
      User-Agent:
      - AZURECLI/2.44.1 (PIP) (AAZ) azsdk-python-core/1.24.0 Python/3.9.6 (Windows-10-10.0.19045-SP0)
    method: GET
    uri: https://management.azure.com/subscriptions/00000000-0000-0000-0000-000000000000/resourceGroups/rgtestautomanage/providers/Microsoft.HybridCompute/machines/arc1/providers/Microsoft.Automanage/configurationProfileAssignments/default/reports?api-version=2022-05-04
  response:
    body:
      string: '{"value":[{"id":"/subscriptions/00000000-0000-0000-0000-000000000000/resourceGroups/rgtestautomanage/providers/Microsoft.HybridCompute/machines/arc1/providers/Microsoft.Automanage/configurationProfileAssignments/default/reports/b695fbba-a47e-4477-8d44-ac1928e482b6","name":"b695fbba-a47e-4477-8d44-ac1928e482b6","type":"Microsoft.Automanage/configurationProfileAssignments/reports","properties":{"startTime":"2023-01-20T03:46:05.8035601Z","endTime":"2023-01-20T03:46:07.1124517Z","lastModifiedTime":"2023-01-20T03:46:07.1124514Z","duration":"PT1.3088916S","type":"Initial","status":"NonConformant","configurationProfile":"/subscriptions/00000000-0000-0000-0000-000000000000/resourceGroups/rgtestautomanage/providers/Microsoft.Automanage/configurationProfiles/profile000001","resources":[],"error":{"code":"UnsupportedOS","message":"The
        machine has an unsupported OS version or distribution.","target":"/subscriptions/00000000-0000-0000-0000-000000000000/resourceGroups/rgtestautomanage/providers/Microsoft.HybridCompute/machines/arc1","details":null,"additionalInfo":[{"type":"hyperlink","info":"https://aka.ms/amvm_windows_supportedOS"},{"type":"hyperlink","info":"https://aka.ms/amvm_linux_supportedOS"},{"type":"hyperlink","info":"https://aka.ms/amvm_Arc_supportedOS"}]},"reportFormatVersion":null},"systemData":{"createdAt":"2023-01-20T03:46:07.2696368+00:00","createdBy":"d828acde-4b48-47f5-a6e8-52460104a052","createdByType":"Application","lastModifiedAt":"2023-01-20T03:46:07.2696368+00:00","lastModifiedBy":"d828acde-4b48-47f5-a6e8-52460104a052","lastModifiedByType":"Application"}},{"id":"/subscriptions/00000000-0000-0000-0000-000000000000/resourceGroups/rgtestautomanage/providers/Microsoft.HybridCompute/machines/arc1/providers/Microsoft.Automanage/configurationProfileAssignments/default/reports/fd957858-f2e0-401d-9a18-e4b209140077","name":"fd957858-f2e0-401d-9a18-e4b209140077","type":"Microsoft.Automanage/configurationProfileAssignments/reports","properties":{"startTime":"2023-01-20T03:46:33.9134518Z","endTime":"2023-01-20T03:46:35.3553345Z","lastModifiedTime":"2023-01-20T03:46:35.3553343Z","duration":"PT1.4418827S","type":"Consistency","status":"NonConformant","configurationProfile":"/subscriptions/00000000-0000-0000-0000-000000000000/resourceGroups/rgtestautomanage/providers/Microsoft.Automanage/configurationProfiles/profile000002","resources":[],"error":{"code":"UnsupportedOS","message":"The
        machine has an unsupported OS version or distribution.","target":"/subscriptions/00000000-0000-0000-0000-000000000000/resourceGroups/rgtestautomanage/providers/Microsoft.HybridCompute/machines/arc1","details":null,"additionalInfo":[{"type":"hyperlink","info":"https://aka.ms/amvm_windows_supportedOS"},{"type":"hyperlink","info":"https://aka.ms/amvm_linux_supportedOS"},{"type":"hyperlink","info":"https://aka.ms/amvm_Arc_supportedOS"}]},"reportFormatVersion":null},"systemData":{"createdAt":"2023-01-20T03:46:35.581645+00:00","createdBy":"d828acde-4b48-47f5-a6e8-52460104a052","createdByType":"Application","lastModifiedAt":"2023-01-20T03:46:35.581645+00:00","lastModifiedBy":"d828acde-4b48-47f5-a6e8-52460104a052","lastModifiedByType":"Application"}}]}'
    headers:
      cache-control:
      - no-cache
      content-length:
      - '3175'
      content-type:
      - application/json; charset=utf-8
      date:
      - Fri, 20 Jan 2023 03:46:40 GMT
      expires:
      - '-1'
      pragma:
      - no-cache
      request-context:
      - appId=cid-v1:a4d240dc-d543-4b4e-a019-0a571290b85d
      server:
      - Kestrel
      strict-transport-security:
      - max-age=31536000; includeSubDomains
      transfer-encoding:
      - chunked
      vary:
      - Accept-Encoding
      x-content-type-options:
      - nosniff
    status:
      code: 200
      message: OK
- request:
    body: null
    headers:
      Accept:
      - application/json
      Accept-Encoding:
      - gzip, deflate
      CommandName:
      - automanage configuration-profile-assignment arc report show
      Connection:
      - keep-alive
      ParameterSetName:
      - -n --assignment-name -g --machine-name
      User-Agent:
      - AZURECLI/2.44.1 (PIP) (AAZ) azsdk-python-core/1.24.0 Python/3.9.6 (Windows-10-10.0.19045-SP0)
    method: GET
    uri: https://management.azure.com/subscriptions/00000000-0000-0000-0000-000000000000/resourceGroups/rgtestautomanage/providers/Microsoft.HybridCompute/machines/arc1/providers/Microsoft.Automanage/configurationProfileAssignments/default/reports/b695fbba-a47e-4477-8d44-ac1928e482b6?api-version=2022-05-04
  response:
    body:
      string: '{"id":"/subscriptions/00000000-0000-0000-0000-000000000000/resourceGroups/rgtestautomanage/providers/Microsoft.HybridCompute/machines/arc1/providers/Microsoft.Automanage/configurationProfileAssignments/default/reports/b695fbba-a47e-4477-8d44-ac1928e482b6","name":"b695fbba-a47e-4477-8d44-ac1928e482b6","type":"Microsoft.Automanage/configurationProfileAssignments/reports","properties":{"startTime":"2023-01-20T03:46:05.8035601Z","endTime":"2023-01-20T03:46:07.1124517Z","lastModifiedTime":"2023-01-20T03:46:07.1124514Z","duration":"PT1.3088916S","type":"Initial","status":"NonConformant","configurationProfile":"/subscriptions/00000000-0000-0000-0000-000000000000/resourceGroups/rgtestautomanage/providers/Microsoft.Automanage/configurationProfiles/profile000001","resources":[],"error":{"code":"UnsupportedOS","message":"The
        machine has an unsupported OS version or distribution.","target":"/subscriptions/00000000-0000-0000-0000-000000000000/resourceGroups/rgtestautomanage/providers/Microsoft.HybridCompute/machines/arc1","details":null,"additionalInfo":[{"type":"hyperlink","info":"https://aka.ms/amvm_windows_supportedOS"},{"type":"hyperlink","info":"https://aka.ms/amvm_linux_supportedOS"},{"type":"hyperlink","info":"https://aka.ms/amvm_Arc_supportedOS"}]},"reportFormatVersion":null},"systemData":{"createdAt":"2023-01-20T03:46:07.2696368+00:00","createdBy":"d828acde-4b48-47f5-a6e8-52460104a052","createdByType":"Application","lastModifiedAt":"2023-01-20T03:46:07.2696368+00:00","lastModifiedBy":"d828acde-4b48-47f5-a6e8-52460104a052","lastModifiedByType":"Application"}}'
    headers:
      cache-control:
      - no-cache
      content-length:
      - '1580'
      content-type:
      - application/json; charset=utf-8
      date:
      - Fri, 20 Jan 2023 03:46:42 GMT
      expires:
      - '-1'
      pragma:
      - no-cache
      request-context:
      - appId=cid-v1:a4d240dc-d543-4b4e-a019-0a571290b85d
      server:
      - Kestrel
      strict-transport-security:
      - max-age=31536000; includeSubDomains
      transfer-encoding:
      - chunked
      vary:
      - Accept-Encoding
      x-content-type-options:
      - nosniff
    status:
      code: 200
      message: OK
- request:
    body: null
    headers:
      Accept:
      - '*/*'
      Accept-Encoding:
      - gzip, deflate
      CommandName:
      - automanage configuration-profile-assignment arc delete
      Connection:
      - keep-alive
      Content-Length:
      - '0'
      ParameterSetName:
      - -n -g --machine-name -y
      User-Agent:
      - AZURECLI/2.44.1 (PIP) (AAZ) azsdk-python-core/1.24.0 Python/3.9.6 (Windows-10-10.0.19045-SP0)
    method: DELETE
    uri: https://management.azure.com/subscriptions/00000000-0000-0000-0000-000000000000/resourceGroups/rgtestautomanage/providers/Microsoft.HybridCompute/machines/arc1/providers/Microsoft.Automanage/configurationProfileAssignments/default?api-version=2022-05-04
  response:
    body:
      string: ''
    headers:
      cache-control:
      - no-cache
      content-length:
      - '0'
      date:
      - Fri, 20 Jan 2023 03:46:45 GMT
      expires:
      - '-1'
      pragma:
      - no-cache
      request-context:
      - appId=cid-v1:a4d240dc-d543-4b4e-a019-0a571290b85d
      server:
      - Kestrel
      strict-transport-security:
      - max-age=31536000; includeSubDomains
      x-content-type-options:
      - nosniff
      x-ms-ratelimit-remaining-subscription-deletes:
      - '14999'
    status:
      code: 200
      message: OK
- request:
    body: null
    headers:
      Accept:
      - application/json
      Accept-Encoding:
      - gzip, deflate
      CommandName:
      - automanage configuration-profile-assignment list
      Connection:
      - keep-alive
      ParameterSetName:
      - -g
      User-Agent:
      - AZURECLI/2.44.1 (PIP) (AAZ) azsdk-python-core/1.24.0 Python/3.9.6 (Windows-10-10.0.19045-SP0)
    method: GET
    uri: https://management.azure.com/subscriptions/00000000-0000-0000-0000-000000000000/resourceGroups/rgtestautomanage/providers/Microsoft.Automanage/configurationProfileAssignments?api-version=2022-05-04
  response:
    body:
      string: '{"value":[]}'
    headers:
      cache-control:
      - no-cache
      content-length:
      - '12'
      content-type:
      - application/json; charset=utf-8
      date:
      - Fri, 20 Jan 2023 03:46:46 GMT
      expires:
      - '-1'
      pragma:
      - no-cache
      strict-transport-security:
      - max-age=31536000; includeSubDomains
      vary:
      - Accept-Encoding
      x-content-type-options:
      - nosniff
      x-ms-original-request-ids:
      - ''
      - ''
      - ''
      - ''
      - ''
      - ''
      - ''
      - ''
    status:
      code: 200
      message: OK
version: 1
