interactions:
- request:
    body: '{"location": "southcentralusstg", "properties": {"baseSizeTiB": 23, "extendedCapacitySizeTiB":
      14, "sku": {"name": "Premium_LRS", "tier": "Premium"}}, "tags": {"key1810":
      "aaaa"}}'
    headers:
      Accept:
      - application/json
      Accept-Encoding:
      - gzip, deflate
      CommandName:
      - elastic-san create
      Connection:
      - keep-alive
      Content-Length:
      - '179'
      Content-Type:
      - application/json
      ParameterSetName:
      - -n -g --tags -l --base-size-tib --extended-capacity-size-tib --sku
      User-Agent:
      - AZURECLI/2.46.0 (AAZ) azsdk-python-core/1.24.0 Python/3.10.6 (macOS-13.2.1-x86_64-i386-64bit)
    method: PUT
    uri: https://management.azure.com/subscriptions/00000000-0000-0000-0000-000000000000/resourceGroups/clitest.rg.testelasticsan.volumegroup000001/providers/Microsoft.ElasticSan/elasticSans/elastic-san000002?api-version=2021-11-20-preview
  response:
    body:
      string: '{"properties":{"sku":{"name":"Premium_LRS","tier":"Premium"},"provisioningState":"Creating","baseSizeTiB":23,"extendedCapacitySizeTiB":14,"totalIops":115000,"totalMBps":1840,"totalSizeTiB":37,"volumeGroupCount":0,"totalVolumeSizeGiB":0},"location":"southcentralusstg","id":"/subscriptions/00000000-0000-0000-0000-000000000000/resourceGroups/clitest.rg.testelasticsan.volumegroup000001/providers/Microsoft.ElasticSan/elasticSans/elastic-san000002","name":"elastic-san000002","type":"Microsoft.ElasticSan/ElasticSans","tags":{"key1810":"aaaa"},"systemData":{"createdAt":"2023-03-24T03:40:43.0252637Z","createdBy":"liwang3@microsoft.com","createdByType":"User","lastModifiedAt":"2023-03-24T03:40:43.0252637Z","lastModifiedBy":"liwang3@microsoft.com","lastModifiedByType":"User"}}'
    headers:
      cache-control:
      - no-cache
      content-length:
      - '776'
      content-type:
      - application/json
      date:
      - Fri, 24 Mar 2023 03:40:44 GMT
      expires:
      - '-1'
      location:
      - https://management.azure.com/subscriptions/00000000-0000-0000-0000-000000000000/providers/Microsoft.ElasticSan/locations/southcentralusstg/asyncoperations/2800d1c4-4d2a-4997-bfca-75ce843a137d?monitor=true&api-version=2021-11-20-preview
      pragma:
      - no-cache
      server:
      - Microsoft-Azure-Storage-Resource-Provider/1.0,Microsoft-HTTPAPI/2.0 Microsoft-HTTPAPI/2.0
      strict-transport-security:
      - max-age=31536000; includeSubDomains
      x-content-type-options:
      - nosniff
      x-ms-ratelimit-remaining-subscription-writes:
      - '1199'
    status:
      code: 202
      message: Accepted
- request:
    body: null
    headers:
      Accept:
      - '*/*'
      Accept-Encoding:
      - gzip, deflate
      CommandName:
      - elastic-san create
      Connection:
      - keep-alive
      ParameterSetName:
      - -n -g --tags -l --base-size-tib --extended-capacity-size-tib --sku
      User-Agent:
      - AZURECLI/2.46.0 (AAZ) azsdk-python-core/1.24.0 Python/3.10.6 (macOS-13.2.1-x86_64-i386-64bit)
    method: GET
    uri: https://management.azure.com/subscriptions/00000000-0000-0000-0000-000000000000/providers/Microsoft.ElasticSan/locations/southcentralusstg/asyncoperations/2800d1c4-4d2a-4997-bfca-75ce843a137d?monitor=true&api-version=2021-11-20-preview
  response:
    body:
      string: ''
    headers:
      cache-control:
      - no-cache
      content-length:
      - '0'
      content-type:
      - text/plain; charset=utf-8
      date:
      - Fri, 24 Mar 2023 03:41:01 GMT
      expires:
      - '-1'
      location:
      - https://management.azure.com/subscriptions/00000000-0000-0000-0000-000000000000/providers/Microsoft.ElasticSan/locations/southcentralusstg/asyncoperations/2800d1c4-4d2a-4997-bfca-75ce843a137d?monitor=true&api-version=2021-11-20-preview
      pragma:
      - no-cache
      server:
      - Microsoft-Azure-Storage-Resource-Provider/1.0,Microsoft-HTTPAPI/2.0 Microsoft-HTTPAPI/2.0
      strict-transport-security:
      - max-age=31536000; includeSubDomains
      x-content-type-options:
      - nosniff
    status:
      code: 202
      message: Accepted
- request:
    body: null
    headers:
      Accept:
      - '*/*'
      Accept-Encoding:
      - gzip, deflate
      CommandName:
      - elastic-san create
      Connection:
      - keep-alive
      ParameterSetName:
      - -n -g --tags -l --base-size-tib --extended-capacity-size-tib --sku
      User-Agent:
      - AZURECLI/2.46.0 (AAZ) azsdk-python-core/1.24.0 Python/3.10.6 (macOS-13.2.1-x86_64-i386-64bit)
    method: GET
    uri: https://management.azure.com/subscriptions/00000000-0000-0000-0000-000000000000/providers/Microsoft.ElasticSan/locations/southcentralusstg/asyncoperations/2800d1c4-4d2a-4997-bfca-75ce843a137d?monitor=true&api-version=2021-11-20-preview
  response:
    body:
      string: '{"properties":{"sku":{"name":"Premium_LRS","tier":"Premium"},"provisioningState":"Succeeded","baseSizeTiB":23,"extendedCapacitySizeTiB":14,"totalIops":115000,"totalMBps":1840,"totalSizeTiB":37,"volumeGroupCount":0,"totalVolumeSizeGiB":0},"location":"southcentralusstg","id":"/subscriptions/00000000-0000-0000-0000-000000000000/resourceGroups/clitest.rg.testelasticsan.volumegroup000001/providers/Microsoft.ElasticSan/elasticSans/elastic-san000002","name":"elastic-san000002","type":"Microsoft.ElasticSan/ElasticSans","tags":{"key1810":"aaaa"},"systemData":{"createdAt":"2023-03-24T03:40:43.0252637Z","createdBy":"liwang3@microsoft.com","createdByType":"User","lastModifiedAt":"2023-03-24T03:40:43.0252637Z","lastModifiedBy":"liwang3@microsoft.com","lastModifiedByType":"User"}}'
    headers:
      cache-control:
      - no-cache
      content-length:
      - '777'
      content-type:
      - application/json
      date:
      - Fri, 24 Mar 2023 03:41:18 GMT
      expires:
      - '-1'
      pragma:
      - no-cache
      server:
      - Microsoft-Azure-Storage-Resource-Provider/1.0,Microsoft-HTTPAPI/2.0 Microsoft-HTTPAPI/2.0
      strict-transport-security:
      - max-age=31536000; includeSubDomains
      transfer-encoding:
      - chunked
      vary:
      - Accept-Encoding
      x-content-type-options:
      - nosniff
    status:
      code: 200
      message: OK
- request:
    body: null
    headers:
      Accept:
      - application/json
      Accept-Encoding:
      - gzip, deflate
      CommandName:
      - network vnet create
      Connection:
      - keep-alive
      ParameterSetName:
      - -g -n --address-prefix --subnet-name --subnet-prefix
      User-Agent:
      - AZURECLI/2.46.0 azsdk-python-azure-mgmt-resource/22.0.0 Python/3.10.6 (macOS-13.2.1-x86_64-i386-64bit)
    method: GET
    uri: https://management.azure.com/subscriptions/00000000-0000-0000-0000-000000000000/resourcegroups/clitest.rg.testelasticsan.volumegroup000001?api-version=2022-09-01
  response:
    body:
      string: '{"id":"/subscriptions/00000000-0000-0000-0000-000000000000/resourceGroups/clitest.rg.testelasticsan.volumegroup000001","name":"clitest.rg.testelasticsan.volumegroup000001","type":"Microsoft.Resources/resourceGroups","location":"eastus2euap","tags":{"product":"azurecli","cause":"automation","date":"2023-03-24T03:40:28Z"},"properties":{"provisioningState":"Succeeded"}}'
    headers:
      cache-control:
      - no-cache
      content-length:
      - '369'
      content-type:
      - application/json; charset=utf-8
      date:
      - Fri, 24 Mar 2023 03:41:25 GMT
      expires:
      - '-1'
      pragma:
      - no-cache
      strict-transport-security:
      - max-age=31536000; includeSubDomains
      vary:
      - Accept-Encoding
      x-content-type-options:
      - nosniff
    status:
      code: 200
      message: OK
- request:
    body: '{"location": "eastus2euap", "properties": {"addressSpace": {"addressPrefixes":
      ["10.0.0.0/16"]}, "enableDdosProtection": false, "enableVmProtection": false,
      "subnets": [{"name": "subnet000005", "properties": {"addressPrefix": "10.0.0.0/24"}}]}}'
    headers:
      Accept:
      - application/json
      Accept-Encoding:
      - gzip, deflate
      CommandName:
      - network vnet create
      Connection:
      - keep-alive
      Content-Length:
      - '244'
      Content-Type:
      - application/json
      ParameterSetName:
      - -g -n --address-prefix --subnet-name --subnet-prefix
      User-Agent:
      - AZURECLI/2.46.0 (AAZ) azsdk-python-core/1.24.0 Python/3.10.6 (macOS-13.2.1-x86_64-i386-64bit)
    method: PUT
    uri: https://management.azure.com/subscriptions/00000000-0000-0000-0000-000000000000/resourceGroups/clitest.rg.testelasticsan.volumegroup000001/providers/Microsoft.Network/virtualNetworks/vnet000004?api-version=2022-01-01
  response:
    body:
      string: "{\r\n  \"name\": \"vnet000004\",\r\n  \"id\": \"/subscriptions/00000000-0000-0000-0000-000000000000/resourceGroups/clitest.rg.testelasticsan.volumegroup000001/providers/Microsoft.Network/virtualNetworks/vnet000004\"\
        ,\r\n  \"etag\": \"W/\\\"9388c5f4-027d-4abd-878c-39e7eab0f8c1\\\"\",\r\n \
        \ \"type\": \"Microsoft.Network/virtualNetworks\",\r\n  \"location\": \"eastus2euap\"\
        ,\r\n  \"properties\": {\r\n    \"provisioningState\": \"Updating\",\r\n \
        \   \"resourceGuid\": \"eea2386d-950c-4431-865b-82c08b7e32e2\",\r\n    \"\
        addressSpace\": {\r\n      \"addressPrefixes\": [\r\n        \"10.0.0.0/16\"\
        \r\n      ]\r\n    },\r\n    \"subnets\": [\r\n      {\r\n        \"name\"\
        : \"subnet000005\",\r\n        \"id\": \"/subscriptions/00000000-0000-0000-0000-000000000000/resourceGroups/clitest.rg.testelasticsan.volumegroup000001/providers/Microsoft.Network/virtualNetworks/vnet000004/subnets/subnet000005\"\
        ,\r\n        \"etag\": \"W/\\\"9388c5f4-027d-4abd-878c-39e7eab0f8c1\\\"\"\
        ,\r\n        \"properties\": {\r\n          \"provisioningState\": \"Updating\"\
        ,\r\n          \"addressPrefix\": \"10.0.0.0/24\",\r\n          \"delegations\"\
        : [],\r\n          \"privateEndpointNetworkPolicies\": \"Disabled\",\r\n \
        \         \"privateLinkServiceNetworkPolicies\": \"Enabled\"\r\n        },\r\
        \n        \"type\": \"Microsoft.Network/virtualNetworks/subnets\"\r\n    \
        \  }\r\n    ],\r\n    \"virtualNetworkPeerings\": [],\r\n    \"enableDdosProtection\"\
        : false\r\n  }\r\n}"
    headers:
      azure-asyncnotification:
      - Enabled
      azure-asyncoperation:
      - https://management.azure.com/subscriptions/00000000-0000-0000-0000-000000000000/providers/Microsoft.Network/locations/eastus2euap/operations/19b26ab9-8089-44e5-91fe-c55f1fe9432e?api-version=2022-01-01
      cache-control:
      - no-cache
      content-length:
      - '1301'
      content-type:
      - application/json; charset=utf-8
      date:
      - Fri, 24 Mar 2023 03:41:32 GMT
      expires:
      - '-1'
      pragma:
      - no-cache
      server:
      - Microsoft-HTTPAPI/2.0
      - Microsoft-HTTPAPI/2.0
      strict-transport-security:
      - max-age=31536000; includeSubDomains
      x-content-type-options:
      - nosniff
      x-ms-arm-service-request-id:
      - f08397a4-7b78-4cfa-a2e1-83350edd5f40
      x-ms-ratelimit-remaining-subscription-writes:
      - '1199'
    status:
      code: 201
      message: ''
- request:
    body: null
    headers:
      Accept:
      - '*/*'
      Accept-Encoding:
      - gzip, deflate
      CommandName:
      - network vnet create
      Connection:
      - keep-alive
      ParameterSetName:
      - -g -n --address-prefix --subnet-name --subnet-prefix
      User-Agent:
      - AZURECLI/2.46.0 (AAZ) azsdk-python-core/1.24.0 Python/3.10.6 (macOS-13.2.1-x86_64-i386-64bit)
    method: GET
    uri: https://management.azure.com/subscriptions/00000000-0000-0000-0000-000000000000/providers/Microsoft.Network/locations/eastus2euap/operations/19b26ab9-8089-44e5-91fe-c55f1fe9432e?api-version=2022-01-01
  response:
    body:
      string: "{\r\n  \"status\": \"Succeeded\"\r\n}"
    headers:
      cache-control:
      - no-cache
      content-length:
      - '29'
      content-type:
      - application/json; charset=utf-8
      date:
      - Fri, 24 Mar 2023 03:41:35 GMT
      expires:
      - '-1'
      pragma:
      - no-cache
      server:
      - Microsoft-HTTPAPI/2.0
      - Microsoft-HTTPAPI/2.0
      strict-transport-security:
      - max-age=31536000; includeSubDomains
      transfer-encoding:
      - chunked
      vary:
      - Accept-Encoding
      x-content-type-options:
      - nosniff
      x-ms-arm-service-request-id:
      - 91c748ce-b17e-44e7-8a64-29eabadc2d7b
    status:
      code: 200
      message: ''
- request:
    body: null
    headers:
      Accept:
      - '*/*'
      Accept-Encoding:
      - gzip, deflate
      CommandName:
      - network vnet create
      Connection:
      - keep-alive
      ParameterSetName:
      - -g -n --address-prefix --subnet-name --subnet-prefix
      User-Agent:
      - AZURECLI/2.46.0 (AAZ) azsdk-python-core/1.24.0 Python/3.10.6 (macOS-13.2.1-x86_64-i386-64bit)
    method: GET
    uri: https://management.azure.com/subscriptions/00000000-0000-0000-0000-000000000000/resourceGroups/clitest.rg.testelasticsan.volumegroup000001/providers/Microsoft.Network/virtualNetworks/vnet000004?api-version=2022-01-01
  response:
    body:
      string: "{\r\n  \"name\": \"vnet000004\",\r\n  \"id\": \"/subscriptions/00000000-0000-0000-0000-000000000000/resourceGroups/clitest.rg.testelasticsan.volumegroup000001/providers/Microsoft.Network/virtualNetworks/vnet000004\"\
        ,\r\n  \"etag\": \"W/\\\"d455493d-dff0-40c4-b092-276026b47c77\\\"\",\r\n \
        \ \"type\": \"Microsoft.Network/virtualNetworks\",\r\n  \"location\": \"eastus2euap\"\
        ,\r\n  \"properties\": {\r\n    \"provisioningState\": \"Succeeded\",\r\n\
        \    \"resourceGuid\": \"eea2386d-950c-4431-865b-82c08b7e32e2\",\r\n    \"\
        addressSpace\": {\r\n      \"addressPrefixes\": [\r\n        \"10.0.0.0/16\"\
        \r\n      ]\r\n    },\r\n    \"subnets\": [\r\n      {\r\n        \"name\"\
        : \"subnet000005\",\r\n        \"id\": \"/subscriptions/00000000-0000-0000-0000-000000000000/resourceGroups/clitest.rg.testelasticsan.volumegroup000001/providers/Microsoft.Network/virtualNetworks/vnet000004/subnets/subnet000005\"\
        ,\r\n        \"etag\": \"W/\\\"d455493d-dff0-40c4-b092-276026b47c77\\\"\"\
        ,\r\n        \"properties\": {\r\n          \"provisioningState\": \"Succeeded\"\
        ,\r\n          \"addressPrefix\": \"10.0.0.0/24\",\r\n          \"delegations\"\
        : [],\r\n          \"privateEndpointNetworkPolicies\": \"Disabled\",\r\n \
        \         \"privateLinkServiceNetworkPolicies\": \"Enabled\"\r\n        },\r\
        \n        \"type\": \"Microsoft.Network/virtualNetworks/subnets\"\r\n    \
        \  }\r\n    ],\r\n    \"virtualNetworkPeerings\": [],\r\n    \"enableDdosProtection\"\
        : false\r\n  }\r\n}"
    headers:
      cache-control:
      - no-cache
      content-length:
      - '1303'
      content-type:
      - application/json; charset=utf-8
      date:
      - Fri, 24 Mar 2023 03:41:36 GMT
      etag:
      - W/"d455493d-dff0-40c4-b092-276026b47c77"
      expires:
      - '-1'
      pragma:
      - no-cache
      server:
      - Microsoft-HTTPAPI/2.0
      - Microsoft-HTTPAPI/2.0
      strict-transport-security:
      - max-age=31536000; includeSubDomains
      transfer-encoding:
      - chunked
      vary:
      - Accept-Encoding
      x-content-type-options:
      - nosniff
      x-ms-arm-service-request-id:
      - 9025b249-f4a5-475d-b344-c560665b7852
    status:
      code: 200
      message: ''
- request:
    body: '{"properties": {"encryption": "EncryptionAtRestWithPlatformKey", "networkAcls":
      {"virtualNetworkRules": [{"action": "Allow", "id": "/subscriptions/00000000-0000-0000-0000-000000000000/resourceGroups/clitest.rg.testelasticsan.volumegroup000001/providers/Microsoft.Network/virtualNetworks/vnet000004/subnets/subnet000005"}]},
      "protocolType": "Iscsi"}, "tags": {"key1910": "bbbb"}}'
    headers:
      Accept:
      - application/json
      Accept-Encoding:
      - gzip, deflate
      CommandName:
      - elastic-san volume-group create
      Connection:
      - keep-alive
      Content-Length:
      - '378'
      Content-Type:
      - application/json
      ParameterSetName:
      - -e -n -g --tags --encryption --protocol-type --network-acls
      User-Agent:
      - AZURECLI/2.46.0 (AAZ) azsdk-python-core/1.24.0 Python/3.10.6 (macOS-13.2.1-x86_64-i386-64bit)
    method: PUT
    uri: https://management.azure.com/subscriptions/00000000-0000-0000-0000-000000000000/resourceGroups/clitest.rg.testelasticsan.volumegroup000001/providers/Microsoft.ElasticSan/elasticSans/elastic-san000002/volumegroups/volume-group000003?api-version=2021-11-20-preview
  response:
    body:
      string: '{"properties":{"provisioningState":"Creating","networkAcls":{"virtualNetworkRules":[{"action":"Allow","id":"/subscriptions/00000000-0000-0000-0000-000000000000/resourceGroups/clitest.rg.testelasticsan.volumegroup000001/providers/Microsoft.Network/virtualNetworks/vnet000004/subnets/subnet000005","state":"Provisioning"}]},"protocolType":"iSCSI","encryption":"EncryptionAtRestWithPlatformKey"},"id":"/subscriptions/00000000-0000-0000-0000-000000000000/resourceGroups/clitest.rg.testelasticsan.volumegroup000001/providers/Microsoft.ElasticSan/elasticSans/elastic-san000002/volumegroups/volume-group000003","name":"volume-group000003","type":"Microsoft.ElasticSan/elasticSans/volumeGroups","tags":{"key1910":"bbbb"},"systemData":{"createdAt":"2023-03-24T03:41:37.2384648Z","createdBy":"liwang3@microsoft.com","createdByType":"User","lastModifiedAt":"2023-03-24T03:41:37.2384648Z","lastModifiedBy":"liwang3@microsoft.com","lastModifiedByType":"User"}}'
    headers:
      cache-control:
      - no-cache
      content-length:
      - '947'
      content-type:
      - application/json
      date:
      - Fri, 24 Mar 2023 03:41:39 GMT
      expires:
      - '-1'
      location:
      - https://management.azure.com/subscriptions/00000000-0000-0000-0000-000000000000/providers/Microsoft.ElasticSan/locations/southcentralusstg/asyncoperations/96f067f3-f94a-4730-bcf7-2a28fb4f0b94?monitor=true&api-version=2021-11-20-preview
      pragma:
      - no-cache
      server:
      - Microsoft-Azure-Storage-Resource-Provider/1.0,Microsoft-HTTPAPI/2.0 Microsoft-HTTPAPI/2.0
      strict-transport-security:
      - max-age=31536000; includeSubDomains
      x-content-type-options:
      - nosniff
      x-ms-ratelimit-remaining-subscription-writes:
      - '1199'
    status:
      code: 202
      message: Accepted
- request:
    body: null
    headers:
      Accept:
      - '*/*'
      Accept-Encoding:
      - gzip, deflate
      CommandName:
      - elastic-san volume-group create
      Connection:
      - keep-alive
      ParameterSetName:
      - -e -n -g --tags --encryption --protocol-type --network-acls
      User-Agent:
      - AZURECLI/2.46.0 (AAZ) azsdk-python-core/1.24.0 Python/3.10.6 (macOS-13.2.1-x86_64-i386-64bit)
    method: GET
    uri: https://management.azure.com/subscriptions/00000000-0000-0000-0000-000000000000/providers/Microsoft.ElasticSan/locations/southcentralusstg/asyncoperations/96f067f3-f94a-4730-bcf7-2a28fb4f0b94?monitor=true&api-version=2021-11-20-preview
  response:
    body:
      string: '{"properties":{"provisioningState":"Succeeded","networkAcls":{"virtualNetworkRules":[{"action":"Allow","id":"/subscriptions/00000000-0000-0000-0000-000000000000/resourceGroups/clitest.rg.testelasticsan.volumegroup000001/providers/Microsoft.Network/virtualNetworks/vnet000004/subnets/subnet000005","state":"Provisioning"}]},"protocolType":"iSCSI","encryption":"EncryptionAtRestWithPlatformKey"},"id":"/subscriptions/00000000-0000-0000-0000-000000000000/resourceGroups/clitest.rg.testelasticsan.volumegroup000001/providers/Microsoft.ElasticSan/elasticSans/elastic-san000002/volumegroups/volume-group000003","name":"volume-group000003","type":"Microsoft.ElasticSan/elasticSans/volumeGroups","tags":{"key1910":"bbbb"},"systemData":{"createdAt":"2023-03-24T03:41:37.2384648Z","createdBy":"liwang3@microsoft.com","createdByType":"User","lastModifiedAt":"2023-03-24T03:41:37.2384648Z","lastModifiedBy":"liwang3@microsoft.com","lastModifiedByType":"User"}}'
    headers:
      cache-control:
      - no-cache
      content-length:
      - '948'
      content-type:
      - application/json
      date:
      - Fri, 24 Mar 2023 03:41:57 GMT
      expires:
      - '-1'
      pragma:
      - no-cache
      server:
      - Microsoft-Azure-Storage-Resource-Provider/1.0,Microsoft-HTTPAPI/2.0 Microsoft-HTTPAPI/2.0
      strict-transport-security:
      - max-age=31536000; includeSubDomains
      transfer-encoding:
      - chunked
      vary:
      - Accept-Encoding
      x-content-type-options:
      - nosniff
    status:
      code: 200
      message: OK
- request:
    body: null
    headers:
      Accept:
      - application/json
      Accept-Encoding:
      - gzip, deflate
      CommandName:
      - elastic-san volume-group show
      Connection:
      - keep-alive
      ParameterSetName:
      - -g -e -n
      User-Agent:
      - AZURECLI/2.46.0 (AAZ) azsdk-python-core/1.24.0 Python/3.10.6 (macOS-13.2.1-x86_64-i386-64bit)
    method: GET
    uri: https://management.azure.com/subscriptions/00000000-0000-0000-0000-000000000000/resourceGroups/clitest.rg.testelasticsan.volumegroup000001/providers/Microsoft.ElasticSan/elasticSans/elastic-san000002/volumegroups/volume-group000003?api-version=2021-11-20-preview
  response:
    body:
      string: '{"properties":{"provisioningState":"Succeeded","networkAcls":{"virtualNetworkRules":[{"action":"Allow","id":"/subscriptions/00000000-0000-0000-0000-000000000000/resourceGroups/clitest.rg.testelasticsan.volumegroup000001/providers/Microsoft.Network/virtualNetworks/vnet000004/subnets/subnet000005","state":"Provisioning"}]},"protocolType":"iSCSI","encryption":"EncryptionAtRestWithPlatformKey"},"id":"/subscriptions/00000000-0000-0000-0000-000000000000/resourceGroups/clitest.rg.testelasticsan.volumegroup000001/providers/Microsoft.ElasticSan/elasticSans/elastic-san000002/volumegroups/volume-group000003","name":"volume-group000003","type":"Microsoft.ElasticSan/elasticSans/volumeGroups","tags":{"key1910":"bbbb"},"systemData":{"createdAt":"2023-03-24T03:41:37.2384648Z","createdBy":"liwang3@microsoft.com","createdByType":"User","lastModifiedAt":"2023-03-24T03:41:37.2384648Z","lastModifiedBy":"liwang3@microsoft.com","lastModifiedByType":"User"}}'
    headers:
      cache-control:
      - no-cache
      content-length:
      - '948'
      content-type:
      - application/json
      date:
      - Fri, 24 Mar 2023 03:42:01 GMT
      expires:
      - '-1'
      pragma:
      - no-cache
      server:
      - Microsoft-Azure-Storage-Resource-Provider/1.0,Microsoft-HTTPAPI/2.0 Microsoft-HTTPAPI/2.0
      strict-transport-security:
      - max-age=31536000; includeSubDomains
      transfer-encoding:
      - chunked
      vary:
      - Accept-Encoding
      x-content-type-options:
      - nosniff
    status:
      code: 200
      message: OK
- request:
    body: null
    headers:
      Accept:
      - application/json
      Accept-Encoding:
      - gzip, deflate
      CommandName:
      - elastic-san volume-group list
      Connection:
      - keep-alive
      ParameterSetName:
      - -g -e
      User-Agent:
      - AZURECLI/2.46.0 (AAZ) azsdk-python-core/1.24.0 Python/3.10.6 (macOS-13.2.1-x86_64-i386-64bit)
    method: GET
    uri: https://management.azure.com/subscriptions/00000000-0000-0000-0000-000000000000/resourceGroups/clitest.rg.testelasticsan.volumegroup000001/providers/Microsoft.ElasticSan/elasticSans/elastic-san000002/volumeGroups?api-version=2021-11-20-preview
  response:
    body:
      string: '{"value":[{"properties":{"provisioningState":"Succeeded","networkAcls":{"virtualNetworkRules":[{"action":"Allow","id":"/subscriptions/00000000-0000-0000-0000-000000000000/resourceGroups/clitest.rg.testelasticsan.volumegroup000001/providers/Microsoft.Network/virtualNetworks/vnet000004/subnets/subnet000005","state":"Provisioning"}]},"protocolType":"iSCSI","encryption":"EncryptionAtRestWithPlatformKey"},"id":"/subscriptions/00000000-0000-0000-0000-000000000000/resourceGroups/clitest.rg.testelasticsan.volumegroup000001/providers/Microsoft.ElasticSan/elasticSans/elastic-san000002/volumegroups/volume-group000003","name":"volume-group000003","type":"Microsoft.ElasticSan/elasticSans/volumeGroups","tags":{"key1910":"bbbb"},"systemData":{"createdAt":"2023-03-24T03:41:37.2384648Z","createdBy":"liwang3@microsoft.com","createdByType":"User","lastModifiedAt":"2023-03-24T03:41:37.2384648Z","lastModifiedBy":"liwang3@microsoft.com","lastModifiedByType":"User"}}]}'
    headers:
      cache-control:
      - no-cache
      content-length:
      - '960'
      content-type:
      - application/json
      date:
      - Fri, 24 Mar 2023 03:42:04 GMT
      expires:
      - '-1'
      pragma:
      - no-cache
      server:
      - Microsoft-Azure-Storage-Resource-Provider/1.0,Microsoft-HTTPAPI/2.0 Microsoft-HTTPAPI/2.0
      strict-transport-security:
      - max-age=31536000; includeSubDomains
      transfer-encoding:
      - chunked
      vary:
      - Accept-Encoding
      x-content-type-options:
      - nosniff
    status:
      code: 200
      message: OK
- request:
    body: '{"name": "subnet000006", "properties": {"addressPrefix": "10.0.1.0/24",
      "serviceEndpoints": [{"service": "Microsoft.Storage"}]}}'
    headers:
      Accept:
      - application/json
      Accept-Encoding:
      - gzip, deflate
      CommandName:
      - network vnet subnet create
      Connection:
      - keep-alive
      Content-Length:
      - '128'
      Content-Type:
      - application/json
      ParameterSetName:
      - -g --vnet-name --name --address-prefixes --service-endpoints
      User-Agent:
      - AZURECLI/2.46.0 (AAZ) azsdk-python-core/1.24.0 Python/3.10.6 (macOS-13.2.1-x86_64-i386-64bit)
    method: PUT
    uri: https://management.azure.com/subscriptions/00000000-0000-0000-0000-000000000000/resourceGroups/clitest.rg.testelasticsan.volumegroup000001/providers/Microsoft.Network/virtualNetworks/vnet000004/subnets/subnet000006?api-version=2022-01-01
  response:
    body:
      string: "{\r\n  \"name\": \"subnet000006\",\r\n  \"id\": \"/subscriptions/00000000-0000-0000-0000-000000000000/resourceGroups/clitest.rg.testelasticsan.volumegroup000001/providers/Microsoft.Network/virtualNetworks/vnet000004/subnets/subnet000006\"\
        ,\r\n  \"etag\": \"W/\\\"803cced3-34c8-40f1-bdf4-2debdd304265\\\"\",\r\n \
        \ \"properties\": {\r\n    \"provisioningState\": \"Updating\",\r\n    \"\
        addressPrefix\": \"10.0.1.0/24\",\r\n    \"serviceEndpoints\": [\r\n     \
        \ {\r\n        \"provisioningState\": \"Updating\",\r\n        \"service\"\
        : \"Microsoft.Storage\",\r\n        \"locations\": [\r\n          \"*\"\r\n\
        \        ]\r\n      }\r\n    ],\r\n    \"delegations\": [],\r\n    \"privateEndpointNetworkPolicies\"\
        : \"Disabled\",\r\n    \"privateLinkServiceNetworkPolicies\": \"Enabled\"\r\
        \n  },\r\n  \"type\": \"Microsoft.Network/virtualNetworks/subnets\"\r\n}"
    headers:
      azure-asyncnotification:
      - Enabled
      azure-asyncoperation:
      - https://management.azure.com/subscriptions/00000000-0000-0000-0000-000000000000/providers/Microsoft.Network/locations/eastus2euap/operations/1f4e98b9-0c1d-484b-8491-c360c0d63915?api-version=2022-01-01
      cache-control:
      - no-cache
      content-length:
      - '755'
      content-type:
      - application/json; charset=utf-8
      date:
      - Fri, 24 Mar 2023 03:42:06 GMT
      expires:
      - '-1'
      pragma:
      - no-cache
      server:
      - Microsoft-HTTPAPI/2.0
      - Microsoft-HTTPAPI/2.0
      strict-transport-security:
      - max-age=31536000; includeSubDomains
      x-content-type-options:
      - nosniff
      x-ms-arm-service-request-id:
      - 7fc82b89-887f-4e56-9c6d-936834b7a28a
      x-ms-ratelimit-remaining-subscription-writes:
      - '1199'
    status:
      code: 201
      message: ''
- request:
    body: null
    headers:
      Accept:
      - '*/*'
      Accept-Encoding:
      - gzip, deflate
      CommandName:
      - network vnet subnet create
      Connection:
      - keep-alive
      ParameterSetName:
      - -g --vnet-name --name --address-prefixes --service-endpoints
      User-Agent:
      - AZURECLI/2.46.0 (AAZ) azsdk-python-core/1.24.0 Python/3.10.6 (macOS-13.2.1-x86_64-i386-64bit)
    method: GET
    uri: https://management.azure.com/subscriptions/00000000-0000-0000-0000-000000000000/providers/Microsoft.Network/locations/eastus2euap/operations/1f4e98b9-0c1d-484b-8491-c360c0d63915?api-version=2022-01-01
  response:
    body:
      string: "{\r\n  \"status\": \"Succeeded\"\r\n}"
    headers:
      cache-control:
      - no-cache
      content-length:
      - '29'
      content-type:
      - application/json; charset=utf-8
      date:
      - Fri, 24 Mar 2023 03:42:10 GMT
      expires:
      - '-1'
      pragma:
      - no-cache
      server:
      - Microsoft-HTTPAPI/2.0
      - Microsoft-HTTPAPI/2.0
      strict-transport-security:
      - max-age=31536000; includeSubDomains
      transfer-encoding:
      - chunked
      vary:
      - Accept-Encoding
      x-content-type-options:
      - nosniff
      x-ms-arm-service-request-id:
      - bfd8b7d0-c9ed-4ff7-9c04-02cde7973a53
    status:
      code: 200
      message: ''
- request:
    body: null
    headers:
      Accept:
      - '*/*'
      Accept-Encoding:
      - gzip, deflate
      CommandName:
      - network vnet subnet create
      Connection:
      - keep-alive
      ParameterSetName:
      - -g --vnet-name --name --address-prefixes --service-endpoints
      User-Agent:
      - AZURECLI/2.46.0 (AAZ) azsdk-python-core/1.24.0 Python/3.10.6 (macOS-13.2.1-x86_64-i386-64bit)
    method: GET
    uri: https://management.azure.com/subscriptions/00000000-0000-0000-0000-000000000000/resourceGroups/clitest.rg.testelasticsan.volumegroup000001/providers/Microsoft.Network/virtualNetworks/vnet000004/subnets/subnet000006?api-version=2022-01-01
  response:
    body:
      string: "{\r\n  \"name\": \"subnet000006\",\r\n  \"id\": \"/subscriptions/00000000-0000-0000-0000-000000000000/resourceGroups/clitest.rg.testelasticsan.volumegroup000001/providers/Microsoft.Network/virtualNetworks/vnet000004/subnets/subnet000006\"\
        ,\r\n  \"etag\": \"W/\\\"11509f17-7a7b-4b66-b5e5-ba19bb392e89\\\"\",\r\n \
        \ \"properties\": {\r\n    \"provisioningState\": \"Succeeded\",\r\n    \"\
        addressPrefix\": \"10.0.1.0/24\",\r\n    \"serviceEndpoints\": [\r\n     \
        \ {\r\n        \"provisioningState\": \"Succeeded\",\r\n        \"service\"\
        : \"Microsoft.Storage\",\r\n        \"locations\": [\r\n          \"*\"\r\n\
        \        ]\r\n      }\r\n    ],\r\n    \"delegations\": [],\r\n    \"privateEndpointNetworkPolicies\"\
        : \"Disabled\",\r\n    \"privateLinkServiceNetworkPolicies\": \"Enabled\"\r\
        \n  },\r\n  \"type\": \"Microsoft.Network/virtualNetworks/subnets\"\r\n}"
    headers:
      cache-control:
      - no-cache
      content-length:
      - '757'
      content-type:
      - application/json; charset=utf-8
      date:
      - Fri, 24 Mar 2023 03:42:16 GMT
      etag:
      - W/"11509f17-7a7b-4b66-b5e5-ba19bb392e89"
      expires:
      - '-1'
      pragma:
      - no-cache
      server:
      - Microsoft-HTTPAPI/2.0
      - Microsoft-HTTPAPI/2.0
      strict-transport-security:
      - max-age=31536000; includeSubDomains
      transfer-encoding:
      - chunked
      vary:
      - Accept-Encoding
      x-content-type-options:
      - nosniff
      x-ms-arm-service-request-id:
      - 86f3f98f-342a-4cc5-897c-5ceeb4ac03dd
    status:
      code: 200
      message: ''
- request:
    body: null
    headers:
      Accept:
      - application/json
      Accept-Encoding:
      - gzip, deflate
      CommandName:
      - elastic-san volume-group update
      Connection:
      - keep-alive
      ParameterSetName:
      - -e -n -g --tags --protocol-type --network-acls
      User-Agent:
      - AZURECLI/2.46.0 (AAZ) azsdk-python-core/1.24.0 Python/3.10.6 (macOS-13.2.1-x86_64-i386-64bit)
    method: GET
    uri: https://management.azure.com/subscriptions/00000000-0000-0000-0000-000000000000/resourceGroups/clitest.rg.testelasticsan.volumegroup000001/providers/Microsoft.ElasticSan/elasticSans/elastic-san000002/volumegroups/volume-group000003?api-version=2021-11-20-preview
  response:
    body:
      string: '{"properties":{"provisioningState":"Succeeded","networkAcls":{"virtualNetworkRules":[{"action":"Allow","id":"/subscriptions/00000000-0000-0000-0000-000000000000/resourceGroups/clitest.rg.testelasticsan.volumegroup000001/providers/Microsoft.Network/virtualNetworks/vnet000004/subnets/subnet000005","state":"Provisioning"}]},"protocolType":"iSCSI","encryption":"EncryptionAtRestWithPlatformKey"},"id":"/subscriptions/00000000-0000-0000-0000-000000000000/resourceGroups/clitest.rg.testelasticsan.volumegroup000001/providers/Microsoft.ElasticSan/elasticSans/elastic-san000002/volumegroups/volume-group000003","name":"volume-group000003","type":"Microsoft.ElasticSan/elasticSans/volumeGroups","tags":{"key1910":"bbbb"},"systemData":{"createdAt":"2023-03-24T03:41:37.2384648Z","createdBy":"liwang3@microsoft.com","createdByType":"User","lastModifiedAt":"2023-03-24T03:41:37.2384648Z","lastModifiedBy":"liwang3@microsoft.com","lastModifiedByType":"User"}}'
    headers:
      cache-control:
      - no-cache
      content-length:
      - '948'
      content-type:
      - application/json
      date:
      - Fri, 24 Mar 2023 03:42:18 GMT
      expires:
      - '-1'
      pragma:
      - no-cache
      server:
      - Microsoft-Azure-Storage-Resource-Provider/1.0,Microsoft-HTTPAPI/2.0 Microsoft-HTTPAPI/2.0
      strict-transport-security:
      - max-age=31536000; includeSubDomains
      transfer-encoding:
      - chunked
      vary:
      - Accept-Encoding
      x-content-type-options:
      - nosniff
    status:
      code: 200
      message: OK
- request:
    body: '{"properties": {"encryption": "EncryptionAtRestWithPlatformKey", "networkAcls":
      {"virtualNetworkRules": [{"action": "Allow", "id": "/subscriptions/00000000-0000-0000-0000-000000000000/resourceGroups/clitest.rg.testelasticsan.volumegroup000001/providers/Microsoft.Network/virtualNetworks/vnet000004/subnets/subnet000006"}]},
      "protocolType": "None"}, "tags": {"key2011": "cccc"}}'
    headers:
      Accept:
      - application/json
      Accept-Encoding:
      - gzip, deflate
      CommandName:
      - elastic-san volume-group update
      Connection:
      - keep-alive
      Content-Length:
      - '377'
      Content-Type:
      - application/json
      ParameterSetName:
      - -e -n -g --tags --protocol-type --network-acls
      User-Agent:
      - AZURECLI/2.46.0 (AAZ) azsdk-python-core/1.24.0 Python/3.10.6 (macOS-13.2.1-x86_64-i386-64bit)
    method: PUT
    uri: https://management.azure.com/subscriptions/00000000-0000-0000-0000-000000000000/resourceGroups/clitest.rg.testelasticsan.volumegroup000001/providers/Microsoft.ElasticSan/elasticSans/elastic-san000002/volumegroups/volume-group000003?api-version=2021-11-20-preview
  response:
    body:
      string: '{"properties":{"provisioningState":"Updating","networkAcls":{"virtualNetworkRules":[{"action":"Allow","id":"/subscriptions/00000000-0000-0000-0000-000000000000/resourceGroups/clitest.rg.testelasticsan.volumegroup000001/providers/Microsoft.Network/virtualNetworks/vnet000004/subnets/subnet000006","state":"Provisioning"}]},"protocolType":"None","encryption":"EncryptionAtRestWithPlatformKey"},"id":"/subscriptions/00000000-0000-0000-0000-000000000000/resourceGroups/clitest.rg.testelasticsan.volumegroup000001/providers/Microsoft.ElasticSan/elasticSans/elastic-san000002/volumegroups/volume-group000003","name":"volume-group000003","type":"Microsoft.ElasticSan/elasticSans/volumeGroups","tags":{"key2011":"cccc"},"systemData":{"createdAt":"2023-03-24T03:42:19.5288856Z","createdBy":"liwang3@microsoft.com","createdByType":"User","lastModifiedAt":"2023-03-24T03:42:19.5288856Z","lastModifiedBy":"liwang3@microsoft.com","lastModifiedByType":"User"}}'
    headers:
      cache-control:
      - no-cache
      content-length:
      - '946'
      content-type:
      - application/json
      date:
      - Fri, 24 Mar 2023 03:42:19 GMT
      expires:
      - '-1'
      location:
      - https://management.azure.com/subscriptions/00000000-0000-0000-0000-000000000000/providers/Microsoft.ElasticSan/locations/southcentralusstg/asyncoperations/a4a9993e-bcaf-4d2e-8c06-8250cfa0122a?monitor=true&api-version=2021-11-20-preview
      pragma:
      - no-cache
      server:
      - Microsoft-Azure-Storage-Resource-Provider/1.0,Microsoft-HTTPAPI/2.0 Microsoft-HTTPAPI/2.0
      strict-transport-security:
      - max-age=31536000; includeSubDomains
      x-content-type-options:
      - nosniff
      x-ms-ratelimit-remaining-subscription-writes:
      - '1198'
    status:
      code: 202
      message: Accepted
- request:
    body: null
    headers:
      Accept:
      - '*/*'
      Accept-Encoding:
      - gzip, deflate
      CommandName:
      - elastic-san volume-group update
      Connection:
      - keep-alive
      ParameterSetName:
      - -e -n -g --tags --protocol-type --network-acls
      User-Agent:
      - AZURECLI/2.46.0 (AAZ) azsdk-python-core/1.24.0 Python/3.10.6 (macOS-13.2.1-x86_64-i386-64bit)
    method: GET
    uri: https://management.azure.com/subscriptions/00000000-0000-0000-0000-000000000000/providers/Microsoft.ElasticSan/locations/southcentralusstg/asyncoperations/a4a9993e-bcaf-4d2e-8c06-8250cfa0122a?monitor=true&api-version=2021-11-20-preview
  response:
    body:
      string: '{"properties":{"provisioningState":"Succeeded","networkAcls":{"virtualNetworkRules":[{"action":"Allow","id":"/subscriptions/00000000-0000-0000-0000-000000000000/resourceGroups/clitest.rg.testelasticsan.volumegroup000001/providers/Microsoft.Network/virtualNetworks/vnet000004/subnets/subnet000006","state":"Provisioning"}]},"protocolType":"None","encryption":"EncryptionAtRestWithPlatformKey"},"id":"/subscriptions/00000000-0000-0000-0000-000000000000/resourceGroups/clitest.rg.testelasticsan.volumegroup000001/providers/Microsoft.ElasticSan/elasticSans/elastic-san000002/volumegroups/volume-group000003","name":"volume-group000003","type":"Microsoft.ElasticSan/elasticSans/volumeGroups","tags":{"key2011":"cccc"},"systemData":{"createdAt":"2023-03-24T03:42:19.5288856Z","createdBy":"liwang3@microsoft.com","createdByType":"User","lastModifiedAt":"2023-03-24T03:42:19.5288856Z","lastModifiedBy":"liwang3@microsoft.com","lastModifiedByType":"User"}}'
    headers:
      cache-control:
      - no-cache
      content-length:
      - '947'
      content-type:
      - application/json
      date:
      - Fri, 24 Mar 2023 03:42:36 GMT
      expires:
      - '-1'
      pragma:
      - no-cache
      server:
      - Microsoft-Azure-Storage-Resource-Provider/1.0,Microsoft-HTTPAPI/2.0 Microsoft-HTTPAPI/2.0
      strict-transport-security:
      - max-age=31536000; includeSubDomains
      transfer-encoding:
      - chunked
      vary:
      - Accept-Encoding
      x-content-type-options:
      - nosniff
    status:
      code: 200
      message: OK
- request:
    body: '{"properties": {"sizeGiB": 2}}'
    headers:
      Accept:
      - application/json
      Accept-Encoding:
      - gzip, deflate
      CommandName:
      - elastic-san volume create
      Connection:
      - keep-alive
      Content-Length:
      - '30'
      Content-Type:
      - application/json
      ParameterSetName:
      - -g -e -v -n --size-gib
      User-Agent:
      - AZURECLI/2.46.0 (AAZ) azsdk-python-core/1.24.0 Python/3.10.6 (macOS-13.2.1-x86_64-i386-64bit)
    method: PUT
    uri: https://management.azure.com/subscriptions/00000000-0000-0000-0000-000000000000/resourceGroups/clitest.rg.testelasticsan.volumegroup000001/providers/Microsoft.ElasticSan/elasticSans/elastic-san000002/volumegroups/volume-group000003/volumes/volume000007?api-version=2021-11-20-preview
  response:
    body:
      string: '{"properties":{"creationData":{"createSource":"None"},"sizeGiB":2,"storageTarget":{"provisioningState":"Creating","status":"Pending"},"volumeId":"8285f379-4886-4ed9-9493-250311815e3d"},"id":"/subscriptions/00000000-0000-0000-0000-000000000000/resourceGroups/clitest.rg.testelasticsan.volumegroup000001/providers/Microsoft.ElasticSan/elasticSans/elastic-san000002/volumegroups/volume-group000003/volumes/volume000007","name":"volume000007","type":"Microsoft.ElasticSan/ElasticSans","systemData":{"createdAt":"2023-03-24T03:42:38.3562573Z","createdBy":"liwang3@microsoft.com","createdByType":"User","lastModifiedAt":"2023-03-24T03:42:38.3562573Z","lastModifiedBy":"liwang3@microsoft.com","lastModifiedByType":"User"}}'
    headers:
      cache-control:
      - no-cache
      content-length:
      - '715'
      content-type:
      - application/json
      date:
      - Fri, 24 Mar 2023 03:42:39 GMT
      expires:
      - '-1'
      location:
      - https://management.azure.com/subscriptions/00000000-0000-0000-0000-000000000000/providers/Microsoft.ElasticSan/locations/southcentralusstg/asyncoperations/0286a6cc-0383-4746-b328-701f7cb2fa1e?monitor=true&api-version=2021-11-20-preview
      pragma:
      - no-cache
      server:
      - Microsoft-Azure-Storage-Resource-Provider/1.0,Microsoft-HTTPAPI/2.0 Microsoft-HTTPAPI/2.0
      strict-transport-security:
      - max-age=31536000; includeSubDomains
      x-content-type-options:
      - nosniff
      x-ms-ratelimit-remaining-subscription-writes:
      - '1198'
    status:
      code: 202
      message: Accepted
- request:
    body: null
    headers:
      Accept:
      - '*/*'
      Accept-Encoding:
      - gzip, deflate
      CommandName:
      - elastic-san volume create
      Connection:
      - keep-alive
      ParameterSetName:
      - -g -e -v -n --size-gib
      User-Agent:
      - AZURECLI/2.46.0 (AAZ) azsdk-python-core/1.24.0 Python/3.10.6 (macOS-13.2.1-x86_64-i386-64bit)
    method: GET
    uri: https://management.azure.com/subscriptions/00000000-0000-0000-0000-000000000000/providers/Microsoft.ElasticSan/locations/southcentralusstg/asyncoperations/0286a6cc-0383-4746-b328-701f7cb2fa1e?monitor=true&api-version=2021-11-20-preview
  response:
    body:
      string: ''
    headers:
      cache-control:
      - no-cache
      content-length:
      - '0'
      content-type:
      - text/plain; charset=utf-8
      date:
      - Fri, 24 Mar 2023 03:42:57 GMT
      expires:
      - '-1'
      location:
      - https://management.azure.com/subscriptions/00000000-0000-0000-0000-000000000000/providers/Microsoft.ElasticSan/locations/southcentralusstg/asyncoperations/0286a6cc-0383-4746-b328-701f7cb2fa1e?monitor=true&api-version=2021-11-20-preview
      pragma:
      - no-cache
      server:
      - Microsoft-Azure-Storage-Resource-Provider/1.0,Microsoft-HTTPAPI/2.0 Microsoft-HTTPAPI/2.0
      strict-transport-security:
      - max-age=31536000; includeSubDomains
      x-content-type-options:
      - nosniff
    status:
      code: 202
      message: Accepted
- request:
    body: null
    headers:
      Accept:
      - '*/*'
      Accept-Encoding:
      - gzip, deflate
      CommandName:
      - elastic-san volume create
      Connection:
      - keep-alive
      ParameterSetName:
      - -g -e -v -n --size-gib
      User-Agent:
      - AZURECLI/2.46.0 (AAZ) azsdk-python-core/1.24.0 Python/3.10.6 (macOS-13.2.1-x86_64-i386-64bit)
    method: GET
    uri: https://management.azure.com/subscriptions/00000000-0000-0000-0000-000000000000/providers/Microsoft.ElasticSan/locations/southcentralusstg/asyncoperations/0286a6cc-0383-4746-b328-701f7cb2fa1e?monitor=true&api-version=2021-11-20-preview
  response:
    body:
      string: ''
    headers:
      cache-control:
      - no-cache
      content-length:
      - '0'
      content-type:
      - text/plain; charset=utf-8
      date:
      - Fri, 24 Mar 2023 03:43:00 GMT
      expires:
      - '-1'
      location:
      - https://management.azure.com/subscriptions/00000000-0000-0000-0000-000000000000/providers/Microsoft.ElasticSan/locations/southcentralusstg/asyncoperations/0286a6cc-0383-4746-b328-701f7cb2fa1e?monitor=true&api-version=2021-11-20-preview
      pragma:
      - no-cache
      server:
      - Microsoft-Azure-Storage-Resource-Provider/1.0,Microsoft-HTTPAPI/2.0 Microsoft-HTTPAPI/2.0
      strict-transport-security:
      - max-age=31536000; includeSubDomains
      x-content-type-options:
      - nosniff
    status:
      code: 202
      message: Accepted
- request:
    body: null
    headers:
      Accept:
      - '*/*'
      Accept-Encoding:
      - gzip, deflate
      CommandName:
      - elastic-san volume create
      Connection:
      - keep-alive
      ParameterSetName:
      - -g -e -v -n --size-gib
      User-Agent:
      - AZURECLI/2.46.0 (AAZ) azsdk-python-core/1.24.0 Python/3.10.6 (macOS-13.2.1-x86_64-i386-64bit)
    method: GET
    uri: https://management.azure.com/subscriptions/00000000-0000-0000-0000-000000000000/providers/Microsoft.ElasticSan/locations/southcentralusstg/asyncoperations/0286a6cc-0383-4746-b328-701f7cb2fa1e?monitor=true&api-version=2021-11-20-preview
  response:
    body:
      string: ''
    headers:
      cache-control:
      - no-cache
      content-length:
      - '0'
      content-type:
      - text/plain; charset=utf-8
      date:
      - Fri, 24 Mar 2023 03:43:04 GMT
      expires:
      - '-1'
      location:
      - https://management.azure.com/subscriptions/00000000-0000-0000-0000-000000000000/providers/Microsoft.ElasticSan/locations/southcentralusstg/asyncoperations/0286a6cc-0383-4746-b328-701f7cb2fa1e?monitor=true&api-version=2021-11-20-preview
      pragma:
      - no-cache
      server:
      - Microsoft-Azure-Storage-Resource-Provider/1.0,Microsoft-HTTPAPI/2.0 Microsoft-HTTPAPI/2.0
      strict-transport-security:
      - max-age=31536000; includeSubDomains
      x-content-type-options:
      - nosniff
    status:
      code: 202
      message: Accepted
- request:
    body: null
    headers:
      Accept:
      - '*/*'
      Accept-Encoding:
      - gzip, deflate
      CommandName:
      - elastic-san volume create
      Connection:
      - keep-alive
      ParameterSetName:
      - -g -e -v -n --size-gib
      User-Agent:
      - AZURECLI/2.46.0 (AAZ) azsdk-python-core/1.24.0 Python/3.10.6 (macOS-13.2.1-x86_64-i386-64bit)
    method: GET
    uri: https://management.azure.com/subscriptions/00000000-0000-0000-0000-000000000000/providers/Microsoft.ElasticSan/locations/southcentralusstg/asyncoperations/0286a6cc-0383-4746-b328-701f7cb2fa1e?monitor=true&api-version=2021-11-20-preview
  response:
    body:
      string: ''
    headers:
      cache-control:
      - no-cache
      content-length:
      - '0'
      content-type:
      - text/plain; charset=utf-8
      date:
      - Fri, 24 Mar 2023 03:43:07 GMT
      expires:
      - '-1'
      location:
      - https://management.azure.com/subscriptions/00000000-0000-0000-0000-000000000000/providers/Microsoft.ElasticSan/locations/southcentralusstg/asyncoperations/0286a6cc-0383-4746-b328-701f7cb2fa1e?monitor=true&api-version=2021-11-20-preview
      pragma:
      - no-cache
      server:
      - Microsoft-Azure-Storage-Resource-Provider/1.0,Microsoft-HTTPAPI/2.0 Microsoft-HTTPAPI/2.0
      strict-transport-security:
      - max-age=31536000; includeSubDomains
      x-content-type-options:
      - nosniff
    status:
      code: 202
      message: Accepted
- request:
    body: null
    headers:
      Accept:
      - '*/*'
      Accept-Encoding:
      - gzip, deflate
      CommandName:
      - elastic-san volume create
      Connection:
      - keep-alive
      ParameterSetName:
      - -g -e -v -n --size-gib
      User-Agent:
      - AZURECLI/2.46.0 (AAZ) azsdk-python-core/1.24.0 Python/3.10.6 (macOS-13.2.1-x86_64-i386-64bit)
    method: GET
    uri: https://management.azure.com/subscriptions/00000000-0000-0000-0000-000000000000/providers/Microsoft.ElasticSan/locations/southcentralusstg/asyncoperations/0286a6cc-0383-4746-b328-701f7cb2fa1e?monitor=true&api-version=2021-11-20-preview
  response:
    body:
      string: '{"properties":{"creationData":{"createSource":"None"},"sizeGiB":2,"storageTarget":{"targetIqn":"iqn.2023-03.net.windows.core.blob.ElasticSan.es-omv4pi14g5o0:volume000007","provisioningState":"Succeeded","status":"Running","targetPortalHostname":"es-omv4pi14g5o0.z35.blob.storage.azure.net","targetPortalPort":3260},"volumeId":"8285f379-4886-4ed9-9493-250311815e3d"},"id":"/subscriptions/00000000-0000-0000-0000-000000000000/resourceGroups/clitest.rg.testelasticsan.volumegroup000001/providers/Microsoft.ElasticSan/elasticSans/elastic-san000002/volumegroups/volume-group000003/volumes/volume000007","name":"volume000007","type":"Microsoft.ElasticSan/ElasticSans","systemData":{"createdAt":"2023-03-24T03:42:38.3562573Z","createdBy":"liwang3@microsoft.com","createdByType":"User","lastModifiedAt":"2023-03-24T03:42:38.3562573Z","lastModifiedBy":"liwang3@microsoft.com","lastModifiedByType":"User"}}'
    headers:
      cache-control:
      - no-cache
      content-length:
      - '896'
      content-type:
      - application/json
      date:
      - Fri, 24 Mar 2023 03:43:11 GMT
      expires:
      - '-1'
      pragma:
      - no-cache
      server:
      - Microsoft-Azure-Storage-Resource-Provider/1.0,Microsoft-HTTPAPI/2.0 Microsoft-HTTPAPI/2.0
      strict-transport-security:
      - max-age=31536000; includeSubDomains
      transfer-encoding:
      - chunked
      vary:
      - Accept-Encoding
      x-content-type-options:
      - nosniff
    status:
      code: 200
      message: OK
- request:
    body: null
    headers:
      Accept:
      - application/json
      Accept-Encoding:
      - gzip, deflate
      CommandName:
      - elastic-san volume show
      Connection:
      - keep-alive
      ParameterSetName:
      - -g -e -v -n
      User-Agent:
      - AZURECLI/2.46.0 (AAZ) azsdk-python-core/1.24.0 Python/3.10.6 (macOS-13.2.1-x86_64-i386-64bit)
    method: GET
    uri: https://management.azure.com/subscriptions/00000000-0000-0000-0000-000000000000/resourceGroups/clitest.rg.testelasticsan.volumegroup000001/providers/Microsoft.ElasticSan/elasticSans/elastic-san000002/volumegroups/volume-group000003/volumes/volume000007?api-version=2021-11-20-preview
  response:
    body:
      string: '{"properties":{"creationData":{"createSource":"None"},"sizeGiB":2,"storageTarget":{"targetIqn":"iqn.2023-03.net.windows.core.blob.ElasticSan.es-omv4pi14g5o0:volume000007","provisioningState":"Succeeded","status":"Running","targetPortalHostname":"es-omv4pi14g5o0.z35.blob.storage.azure.net","targetPortalPort":3260},"volumeId":"8285f379-4886-4ed9-9493-250311815e3d"},"id":"/subscriptions/00000000-0000-0000-0000-000000000000/resourceGroups/clitest.rg.testelasticsan.volumegroup000001/providers/Microsoft.ElasticSan/elasticSans/elastic-san000002/volumegroups/volume-group000003/volumes/volume000007","name":"volume000007","type":"Microsoft.ElasticSan/ElasticSans","systemData":{"createdAt":"2023-03-24T03:42:38.3562573Z","createdBy":"liwang3@microsoft.com","createdByType":"User","lastModifiedAt":"2023-03-24T03:42:38.3562573Z","lastModifiedBy":"liwang3@microsoft.com","lastModifiedByType":"User"}}'
    headers:
      cache-control:
      - no-cache
      content-length:
      - '896'
      content-type:
      - application/json
      date:
      - Fri, 24 Mar 2023 03:43:14 GMT
      expires:
      - '-1'
      pragma:
      - no-cache
      server:
      - Microsoft-Azure-Storage-Resource-Provider/1.0,Microsoft-HTTPAPI/2.0 Microsoft-HTTPAPI/2.0
      strict-transport-security:
      - max-age=31536000; includeSubDomains
      transfer-encoding:
      - chunked
      vary:
      - Accept-Encoding
      x-content-type-options:
      - nosniff
    status:
      code: 200
      message: OK
- request:
    body: null
    headers:
      Accept:
      - application/json
      Accept-Encoding:
      - gzip, deflate
      CommandName:
      - elastic-san volume list
      Connection:
      - keep-alive
      ParameterSetName:
      - -g -e -v
      User-Agent:
      - AZURECLI/2.46.0 (AAZ) azsdk-python-core/1.24.0 Python/3.10.6 (macOS-13.2.1-x86_64-i386-64bit)
    method: GET
    uri: https://management.azure.com/subscriptions/00000000-0000-0000-0000-000000000000/resourceGroups/clitest.rg.testelasticsan.volumegroup000001/providers/Microsoft.ElasticSan/elasticSans/elastic-san000002/volumegroups/volume-group000003/volumes?api-version=2021-11-20-preview
  response:
    body:
      string: '{"value":[{"properties":{"creationData":{"createSource":"None"},"sizeGiB":2,"storageTarget":{"targetIqn":"iqn.2023-03.net.windows.core.blob.ElasticSan.es-omv4pi14g5o0:volume000007","provisioningState":"Succeeded","status":"Running","targetPortalHostname":"es-omv4pi14g5o0.z35.blob.storage.azure.net","targetPortalPort":3260},"volumeId":"8285f379-4886-4ed9-9493-250311815e3d"},"id":"/subscriptions/00000000-0000-0000-0000-000000000000/resourceGroups/clitest.rg.testelasticsan.volumegroup000001/providers/Microsoft.ElasticSan/elasticSans/elastic-san000002/volumegroups/volume-group000003/volumes/volume000007","name":"volume000007","type":"Microsoft.ElasticSan/ElasticSans","systemData":{"createdAt":"2023-03-24T03:42:38.3562573Z","createdBy":"liwang3@microsoft.com","createdByType":"User","lastModifiedAt":"2023-03-24T03:42:38.3562573Z","lastModifiedBy":"liwang3@microsoft.com","lastModifiedByType":"User"}}]}'
    headers:
      cache-control:
      - no-cache
      content-length:
      - '908'
      content-type:
      - application/json
      date:
      - Fri, 24 Mar 2023 03:43:17 GMT
      expires:
      - '-1'
      pragma:
      - no-cache
      server:
      - Microsoft-Azure-Storage-Resource-Provider/1.0,Microsoft-HTTPAPI/2.0 Microsoft-HTTPAPI/2.0
      strict-transport-security:
      - max-age=31536000; includeSubDomains
      transfer-encoding:
      - chunked
      vary:
      - Accept-Encoding
      x-content-type-options:
      - nosniff
    status:
      code: 200
      message: OK
- request:
    body: null
    headers:
      Accept:
      - application/json
      Accept-Encoding:
      - gzip, deflate
      CommandName:
      - elastic-san volume update
      Connection:
      - keep-alive
      ParameterSetName:
      - -g -e -v -n --size-gib
      User-Agent:
      - AZURECLI/2.46.0 (AAZ) azsdk-python-core/1.24.0 Python/3.10.6 (macOS-13.2.1-x86_64-i386-64bit)
    method: GET
    uri: https://management.azure.com/subscriptions/00000000-0000-0000-0000-000000000000/resourceGroups/clitest.rg.testelasticsan.volumegroup000001/providers/Microsoft.ElasticSan/elasticSans/elastic-san000002/volumegroups/volume-group000003/volumes/volume000007?api-version=2021-11-20-preview
  response:
    body:
      string: '{"properties":{"creationData":{"createSource":"None"},"sizeGiB":2,"storageTarget":{"targetIqn":"iqn.2023-03.net.windows.core.blob.ElasticSan.es-omv4pi14g5o0:volume000007","provisioningState":"Succeeded","status":"Running","targetPortalHostname":"es-omv4pi14g5o0.z35.blob.storage.azure.net","targetPortalPort":3260},"volumeId":"8285f379-4886-4ed9-9493-250311815e3d"},"id":"/subscriptions/00000000-0000-0000-0000-000000000000/resourceGroups/clitest.rg.testelasticsan.volumegroup000001/providers/Microsoft.ElasticSan/elasticSans/elastic-san000002/volumegroups/volume-group000003/volumes/volume000007","name":"volume000007","type":"Microsoft.ElasticSan/ElasticSans","systemData":{"createdAt":"2023-03-24T03:42:38.3562573Z","createdBy":"liwang3@microsoft.com","createdByType":"User","lastModifiedAt":"2023-03-24T03:42:38.3562573Z","lastModifiedBy":"liwang3@microsoft.com","lastModifiedByType":"User"}}'
    headers:
      cache-control:
      - no-cache
      content-length:
      - '896'
      content-type:
      - application/json
      date:
      - Fri, 24 Mar 2023 03:43:20 GMT
      expires:
      - '-1'
      pragma:
      - no-cache
      server:
      - Microsoft-Azure-Storage-Resource-Provider/1.0,Microsoft-HTTPAPI/2.0 Microsoft-HTTPAPI/2.0
      strict-transport-security:
      - max-age=31536000; includeSubDomains
      transfer-encoding:
      - chunked
      vary:
      - Accept-Encoding
      x-content-type-options:
      - nosniff
    status:
      code: 200
      message: OK
- request:
    body: '{"properties": {"creationData": {"createSource": "None"}, "sizeGiB": 3}}'
    headers:
      Accept:
      - application/json
      Accept-Encoding:
      - gzip, deflate
      CommandName:
      - elastic-san volume update
      Connection:
      - keep-alive
      Content-Length:
      - '72'
      Content-Type:
      - application/json
      ParameterSetName:
      - -g -e -v -n --size-gib
      User-Agent:
      - AZURECLI/2.46.0 (AAZ) azsdk-python-core/1.24.0 Python/3.10.6 (macOS-13.2.1-x86_64-i386-64bit)
    method: PUT
    uri: https://management.azure.com/subscriptions/00000000-0000-0000-0000-000000000000/resourceGroups/clitest.rg.testelasticsan.volumegroup000001/providers/Microsoft.ElasticSan/elasticSans/elastic-san000002/volumegroups/volume-group000003/volumes/volume000007?api-version=2021-11-20-preview
  response:
    body:
      string: '{"properties":{"creationData":{"createSource":"None"},"sizeGiB":3,"storageTarget":{"targetIqn":"iqn.2023-03.net.windows.core.blob.ElasticSan.es-omv4pi14g5o0:volume000007","provisioningState":"Updating","status":"Pending","targetPortalHostname":"es-omv4pi14g5o0.z35.blob.storage.azure.net","targetPortalPort":3260},"volumeId":"8285f379-4886-4ed9-9493-250311815e3d"},"id":"/subscriptions/00000000-0000-0000-0000-000000000000/resourceGroups/clitest.rg.testelasticsan.volumegroup000001/providers/Microsoft.ElasticSan/elasticSans/elastic-san000002/volumegroups/volume-group000003/volumes/volume000007","name":"volume000007","type":"Microsoft.ElasticSan/ElasticSans","systemData":{"createdAt":"2023-03-24T03:43:21.2965412Z","createdBy":"liwang3@microsoft.com","createdByType":"User","lastModifiedAt":"2023-03-24T03:43:21.2965412Z","lastModifiedBy":"liwang3@microsoft.com","lastModifiedByType":"User"}}'
    headers:
      cache-control:
      - no-cache
      content-length:
      - '895'
      content-type:
      - application/json
      date:
      - Fri, 24 Mar 2023 03:43:21 GMT
      expires:
      - '-1'
      location:
      - https://management.azure.com/subscriptions/00000000-0000-0000-0000-000000000000/providers/Microsoft.ElasticSan/locations/southcentralusstg/asyncoperations/3c7e431b-d762-45db-acba-0af163326b26?monitor=true&api-version=2021-11-20-preview
      pragma:
      - no-cache
      server:
      - Microsoft-Azure-Storage-Resource-Provider/1.0,Microsoft-HTTPAPI/2.0 Microsoft-HTTPAPI/2.0
      strict-transport-security:
      - max-age=31536000; includeSubDomains
      x-content-type-options:
      - nosniff
      x-ms-ratelimit-remaining-subscription-writes:
      - '1199'
    status:
      code: 202
      message: Accepted
- request:
    body: null
    headers:
      Accept:
      - '*/*'
      Accept-Encoding:
      - gzip, deflate
      CommandName:
      - elastic-san volume update
      Connection:
      - keep-alive
      ParameterSetName:
      - -g -e -v -n --size-gib
      User-Agent:
      - AZURECLI/2.46.0 (AAZ) azsdk-python-core/1.24.0 Python/3.10.6 (macOS-13.2.1-x86_64-i386-64bit)
    method: GET
    uri: https://management.azure.com/subscriptions/00000000-0000-0000-0000-000000000000/providers/Microsoft.ElasticSan/locations/southcentralusstg/asyncoperations/3c7e431b-d762-45db-acba-0af163326b26?monitor=true&api-version=2021-11-20-preview
  response:
    body:
      string: '{"properties":{"creationData":{"createSource":"None"},"sizeGiB":3,"storageTarget":{"targetIqn":"iqn.2023-03.net.windows.core.blob.ElasticSan.es-omv4pi14g5o0:volume000007","provisioningState":"Succeeded","status":"Running","targetPortalHostname":"es-omv4pi14g5o0.z35.blob.storage.azure.net","targetPortalPort":3260},"volumeId":"8285f379-4886-4ed9-9493-250311815e3d"},"id":"/subscriptions/00000000-0000-0000-0000-000000000000/resourceGroups/clitest.rg.testelasticsan.volumegroup000001/providers/Microsoft.ElasticSan/elasticSans/elastic-san000002/volumegroups/volume-group000003/volumes/volume000007","name":"volume000007","type":"Microsoft.ElasticSan/ElasticSans","systemData":{"createdAt":"2023-03-24T03:43:21.2965412Z","createdBy":"liwang3@microsoft.com","createdByType":"User","lastModifiedAt":"2023-03-24T03:43:21.2965412Z","lastModifiedBy":"liwang3@microsoft.com","lastModifiedByType":"User"}}'
    headers:
      cache-control:
      - no-cache
      content-length:
      - '896'
      content-type:
      - application/json
      date:
      - Fri, 24 Mar 2023 03:43:38 GMT
      expires:
      - '-1'
      pragma:
      - no-cache
      server:
      - Microsoft-Azure-Storage-Resource-Provider/1.0,Microsoft-HTTPAPI/2.0 Microsoft-HTTPAPI/2.0
      strict-transport-security:
      - max-age=31536000; includeSubDomains
      transfer-encoding:
      - chunked
      vary:
      - Accept-Encoding
      x-content-type-options:
      - nosniff
    status:
      code: 200
      message: OK
- request:
    body: null
    headers:
      Accept:
      - '*/*'
      Accept-Encoding:
      - gzip, deflate
      CommandName:
      - elastic-san volume delete
      Connection:
      - keep-alive
      Content-Length:
      - '0'
      ParameterSetName:
      - -g -e -v -n -y
      User-Agent:
      - AZURECLI/2.46.0 (AAZ) azsdk-python-core/1.24.0 Python/3.10.6 (macOS-13.2.1-x86_64-i386-64bit)
    method: DELETE
    uri: https://management.azure.com/subscriptions/00000000-0000-0000-0000-000000000000/resourceGroups/clitest.rg.testelasticsan.volumegroup000001/providers/Microsoft.ElasticSan/elasticSans/elastic-san000002/volumegroups/volume-group000003/volumes/volume000007?api-version=2021-11-20-preview
  response:
    body:
      string: ''
    headers:
      cache-control:
      - no-cache
      content-length:
      - '0'
      content-type:
      - text/plain; charset=utf-8
      date:
      - Fri, 24 Mar 2023 03:43:39 GMT
      expires:
      - '-1'
      pragma:
      - no-cache
      server:
      - Microsoft-Azure-Storage-Resource-Provider/1.0,Microsoft-HTTPAPI/2.0 Microsoft-HTTPAPI/2.0
      strict-transport-security:
      - max-age=31536000; includeSubDomains
      x-content-type-options:
      - nosniff
      x-ms-ratelimit-remaining-subscription-deletes:
      - '14999'
    status:
      code: 200
      message: OK
- request:
    body: null
    headers:
      Accept:
      - application/json
      Accept-Encoding:
      - gzip, deflate
      CommandName:
      - elastic-san volume list
      Connection:
      - keep-alive
      ParameterSetName:
      - -g -e -v
      User-Agent:
      - AZURECLI/2.46.0 (AAZ) azsdk-python-core/1.24.0 Python/3.10.6 (macOS-13.2.1-x86_64-i386-64bit)
    method: GET
    uri: https://management.azure.com/subscriptions/00000000-0000-0000-0000-000000000000/resourceGroups/clitest.rg.testelasticsan.volumegroup000001/providers/Microsoft.ElasticSan/elasticSans/elastic-san000002/volumegroups/volume-group000003/volumes?api-version=2021-11-20-preview
  response:
    body:
      string: '{"value":[]}'
    headers:
      cache-control:
      - no-cache
      content-length:
      - '12'
      content-type:
      - application/json
      date:
      - Fri, 24 Mar 2023 03:43:43 GMT
      expires:
      - '-1'
      pragma:
      - no-cache
      server:
      - Microsoft-Azure-Storage-Resource-Provider/1.0,Microsoft-HTTPAPI/2.0 Microsoft-HTTPAPI/2.0
      strict-transport-security:
      - max-age=31536000; includeSubDomains
      transfer-encoding:
      - chunked
      vary:
      - Accept-Encoding
      x-content-type-options:
      - nosniff
    status:
      code: 200
      message: OK
- request:
    body: null
    headers:
      Accept:
      - '*/*'
      Accept-Encoding:
      - gzip, deflate
      CommandName:
      - elastic-san volume-group delete
      Connection:
      - keep-alive
      Content-Length:
      - '0'
      ParameterSetName:
      - -g -e -n -y
      User-Agent:
      - AZURECLI/2.46.0 (AAZ) azsdk-python-core/1.24.0 Python/3.10.6 (macOS-13.2.1-x86_64-i386-64bit)
    method: DELETE
    uri: https://management.azure.com/subscriptions/00000000-0000-0000-0000-000000000000/resourceGroups/clitest.rg.testelasticsan.volumegroup000001/providers/Microsoft.ElasticSan/elasticSans/elastic-san000002/volumegroups/volume-group000003?api-version=2021-11-20-preview
  response:
    body:
      string: ''
    headers:
      cache-control:
      - no-cache
      content-length:
      - '0'
      content-type:
      - text/plain; charset=utf-8
      date:
      - Fri, 24 Mar 2023 03:43:46 GMT
      expires:
      - '-1'
      pragma:
      - no-cache
      server:
      - Microsoft-Azure-Storage-Resource-Provider/1.0,Microsoft-HTTPAPI/2.0 Microsoft-HTTPAPI/2.0
      strict-transport-security:
      - max-age=31536000; includeSubDomains
      x-content-type-options:
      - nosniff
      x-ms-ratelimit-remaining-subscription-deletes:
      - '14999'
    status:
      code: 200
      message: OK
- request:
    body: null
    headers:
      Accept:
      - '*/*'
      Accept-Encoding:
      - gzip, deflate
      CommandName:
      - elastic-san delete
      Connection:
      - keep-alive
      Content-Length:
      - '0'
      ParameterSetName:
      - -g -n -y
      User-Agent:
      - AZURECLI/2.46.0 (AAZ) azsdk-python-core/1.24.0 Python/3.10.6 (macOS-13.2.1-x86_64-i386-64bit)
    method: DELETE
    uri: https://management.azure.com/subscriptions/00000000-0000-0000-0000-000000000000/resourceGroups/clitest.rg.testelasticsan.volumegroup000001/providers/Microsoft.ElasticSan/elasticSans/elastic-san000002?api-version=2021-11-20-preview
  response:
    body:
      string: ''
    headers:
      cache-control:
      - no-cache
      content-length:
      - '0'
      content-type:
      - text/plain; charset=utf-8
      date:
      - Fri, 24 Mar 2023 03:44:14 GMT
      expires:
      - '-1'
      pragma:
      - no-cache
      server:
      - Microsoft-Azure-Storage-Resource-Provider/1.0,Microsoft-HTTPAPI/2.0 Microsoft-HTTPAPI/2.0
      strict-transport-security:
      - max-age=31536000; includeSubDomains
      x-content-type-options:
      - nosniff
      x-ms-ratelimit-remaining-subscription-deletes:
      - '14999'
    status:
      code: 200
      message: OK
version: 1
