interactions:
- request:
    body: '{"location": "southcentralusstg", "properties": {"baseSizeTiB": 23, "extendedCapacitySizeTiB":
      14, "sku": {"name": "Premium_LRS", "tier": "Premium"}}, "tags": {"key1810":
      "aaaa"}}'
    headers:
      Accept:
      - application/json
      Accept-Encoding:
      - gzip, deflate
      CommandName:
      - elastic-san create
      Connection:
      - keep-alive
      Content-Length:
      - '179'
      Content-Type:
      - application/json
      ParameterSetName:
      - -n -g --tags -l --base-size-tib --extended-capacity-size-tib --sku
      User-Agent:
      - AZURECLI/2.50.0 (PIP) (AAZ) azsdk-python-core/1.26.0 Python/3.9.13 (Windows-10-10.0.19045-SP0)
    method: PUT
    uri: https://management.azure.com/subscriptions/00000000-0000-0000-0000-000000000000/resourceGroups/clitest.rg.testelasticsan.volumegroup000001/providers/Microsoft.ElasticSan/elasticSans/elastic-san000002?api-version=2022-12-01-preview
  response:
    body:
      string: '{"location":"southcentralusstg","properties":{"sku":{"name":"Premium_LRS","tier":"Premium"},"provisioningState":"Creating","baseSizeTiB":23,"extendedCapacitySizeTiB":14,"totalIops":115000,"totalMBps":1840,"totalSizeTiB":37,"volumeGroupCount":0,"totalVolumeSizeGiB":0},"id":"/subscriptions/00000000-0000-0000-0000-000000000000/resourceGroups/clitest.rg.testelasticsan.volumegroup000001/providers/Microsoft.ElasticSan/elasticSans/elastic-san000002","name":"elastic-san000002","type":"Microsoft.ElasticSan/ElasticSans","tags":{"key1810":"aaaa"},"systemData":{"createdAt":"2023-07-24T08:33:54.2378231Z","createdBy":"zhiyihuang@microsoft.com","createdByType":"User","lastModifiedAt":"2023-07-24T08:33:54.2378231Z","lastModifiedBy":"zhiyihuang@microsoft.com","lastModifiedByType":"User"}}'
    headers:
      cache-control:
      - no-cache
      content-length:
      - '782'
      content-type:
      - application/json
      date:
      - Mon, 24 Jul 2023 08:33:53 GMT
      expires:
      - '-1'
      location:
      - https://management.azure.com/subscriptions/00000000-0000-0000-0000-000000000000/providers/Microsoft.ElasticSan/locations/southcentralusstg/asyncoperations/65b0eceb-de99-4fae-a2a0-fd8cf49b4f4e?monitor=true&api-version=2022-12-01-preview
      pragma:
      - no-cache
      server:
      - Microsoft-Azure-Storage-Resource-Provider/1.0,Microsoft-HTTPAPI/2.0 Microsoft-HTTPAPI/2.0
      strict-transport-security:
      - max-age=31536000; includeSubDomains
      x-content-type-options:
      - nosniff
      x-ms-ratelimit-remaining-subscription-writes:
      - '1194'
    status:
      code: 201
      message: Created
- request:
    body: null
    headers:
      Accept:
      - '*/*'
      Accept-Encoding:
      - gzip, deflate
      CommandName:
      - elastic-san create
      Connection:
      - keep-alive
      ParameterSetName:
      - -n -g --tags -l --base-size-tib --extended-capacity-size-tib --sku
      User-Agent:
      - AZURECLI/2.50.0 (PIP) (AAZ) azsdk-python-core/1.26.0 Python/3.9.13 (Windows-10-10.0.19045-SP0)
    method: GET
    uri: https://management.azure.com/subscriptions/00000000-0000-0000-0000-000000000000/providers/Microsoft.ElasticSan/locations/southcentralusstg/asyncoperations/65b0eceb-de99-4fae-a2a0-fd8cf49b4f4e?monitor=true&api-version=2022-12-01-preview
  response:
    body:
      string: ''
    headers:
      cache-control:
      - no-cache
      content-length:
      - '0'
      content-type:
      - text/plain; charset=utf-8
      date:
      - Mon, 24 Jul 2023 08:33:54 GMT
      expires:
      - '-1'
      location:
      - https://management.azure.com/subscriptions/00000000-0000-0000-0000-000000000000/providers/Microsoft.ElasticSan/locations/southcentralusstg/asyncoperations/65b0eceb-de99-4fae-a2a0-fd8cf49b4f4e?monitor=true&api-version=2022-12-01-preview
      pragma:
      - no-cache
      server:
      - Microsoft-Azure-Storage-Resource-Provider/1.0,Microsoft-HTTPAPI/2.0 Microsoft-HTTPAPI/2.0
      strict-transport-security:
      - max-age=31536000; includeSubDomains
      x-content-type-options:
      - nosniff
    status:
      code: 202
      message: Accepted
- request:
    body: null
    headers:
      Accept:
      - '*/*'
      Accept-Encoding:
      - gzip, deflate
      CommandName:
      - elastic-san create
      Connection:
      - keep-alive
      ParameterSetName:
      - -n -g --tags -l --base-size-tib --extended-capacity-size-tib --sku
      User-Agent:
      - AZURECLI/2.50.0 (PIP) (AAZ) azsdk-python-core/1.26.0 Python/3.9.13 (Windows-10-10.0.19045-SP0)
    method: GET
    uri: https://management.azure.com/subscriptions/00000000-0000-0000-0000-000000000000/providers/Microsoft.ElasticSan/locations/southcentralusstg/asyncoperations/65b0eceb-de99-4fae-a2a0-fd8cf49b4f4e?monitor=true&api-version=2022-12-01-preview
  response:
    body:
      string: ''
    headers:
      cache-control:
      - no-cache
      content-length:
      - '0'
      content-type:
      - text/plain; charset=utf-8
      date:
      - Mon, 24 Jul 2023 08:34:12 GMT
      expires:
      - '-1'
      location:
      - https://management.azure.com/subscriptions/00000000-0000-0000-0000-000000000000/providers/Microsoft.ElasticSan/locations/southcentralusstg/asyncoperations/65b0eceb-de99-4fae-a2a0-fd8cf49b4f4e?monitor=true&api-version=2022-12-01-preview
      pragma:
      - no-cache
      server:
      - Microsoft-Azure-Storage-Resource-Provider/1.0,Microsoft-HTTPAPI/2.0 Microsoft-HTTPAPI/2.0
      strict-transport-security:
      - max-age=31536000; includeSubDomains
      x-content-type-options:
      - nosniff
    status:
      code: 202
      message: Accepted
- request:
    body: null
    headers:
      Accept:
      - '*/*'
      Accept-Encoding:
      - gzip, deflate
      CommandName:
      - elastic-san create
      Connection:
      - keep-alive
      ParameterSetName:
      - -n -g --tags -l --base-size-tib --extended-capacity-size-tib --sku
      User-Agent:
      - AZURECLI/2.50.0 (PIP) (AAZ) azsdk-python-core/1.26.0 Python/3.9.13 (Windows-10-10.0.19045-SP0)
    method: GET
    uri: https://management.azure.com/subscriptions/00000000-0000-0000-0000-000000000000/providers/Microsoft.ElasticSan/locations/southcentralusstg/asyncoperations/65b0eceb-de99-4fae-a2a0-fd8cf49b4f4e?monitor=true&api-version=2022-12-01-preview
  response:
    body:
      string: '{"location":"southcentralusstg","properties":{"sku":{"name":"Premium_LRS","tier":"Premium"},"provisioningState":"Succeeded","baseSizeTiB":23,"extendedCapacitySizeTiB":14,"totalIops":115000,"totalMBps":1840,"totalSizeTiB":37,"volumeGroupCount":0,"totalVolumeSizeGiB":0},"id":"/subscriptions/00000000-0000-0000-0000-000000000000/resourceGroups/clitest.rg.testelasticsan.volumegroup000001/providers/Microsoft.ElasticSan/elasticSans/elastic-san000002","name":"elastic-san000002","type":"Microsoft.ElasticSan/ElasticSans","tags":{"key1810":"aaaa"},"systemData":{"createdAt":"2023-07-24T08:33:54.2378231Z","createdBy":"zhiyihuang@microsoft.com","createdByType":"User","lastModifiedAt":"2023-07-24T08:33:54.2378231Z","lastModifiedBy":"zhiyihuang@microsoft.com","lastModifiedByType":"User"}}'
    headers:
      cache-control:
      - no-cache
      content-length:
      - '783'
      content-type:
      - application/json
      date:
      - Mon, 24 Jul 2023 08:34:29 GMT
      expires:
      - '-1'
      pragma:
      - no-cache
      server:
      - Microsoft-Azure-Storage-Resource-Provider/1.0,Microsoft-HTTPAPI/2.0 Microsoft-HTTPAPI/2.0
      strict-transport-security:
      - max-age=31536000; includeSubDomains
      transfer-encoding:
      - chunked
      vary:
      - Accept-Encoding
      x-content-type-options:
      - nosniff
    status:
      code: 200
      message: OK
- request:
    body: null
    headers:
      Accept:
      - application/json
      Accept-Encoding:
      - gzip, deflate
      CommandName:
      - network vnet create
      Connection:
      - keep-alive
      ParameterSetName:
      - -g -n --address-prefix --subnet-name --subnet-prefix
      User-Agent:
      - AZURECLI/2.50.0 (PIP) azsdk-python-azure-mgmt-resource/23.1.0b2 Python/3.9.13
        (Windows-10-10.0.19045-SP0)
    method: GET
    uri: https://management.azure.com/subscriptions/00000000-0000-0000-0000-000000000000/resourcegroups/clitest.rg.testelasticsan.volumegroup000001?api-version=2022-09-01
  response:
    body:
      string: '{"id":"/subscriptions/00000000-0000-0000-0000-000000000000/resourceGroups/clitest.rg.testelasticsan.volumegroup000001","name":"clitest.rg.testelasticsan.volumegroup000001","type":"Microsoft.Resources/resourceGroups","location":"eastus2euap","tags":{"product":"azurecli","cause":"automation","test":"test_elastic_san_volume_group_and_volume_scenarios","date":"2023-07-24T08:33:49Z","module":"elastic-san"},"properties":{"provisioningState":"Succeeded"}}'
    headers:
      cache-control:
      - no-cache
      content-length:
      - '452'
      content-type:
      - application/json; charset=utf-8
      date:
      - Mon, 24 Jul 2023 08:34:32 GMT
      expires:
      - '-1'
      pragma:
      - no-cache
      strict-transport-security:
      - max-age=31536000; includeSubDomains
      vary:
      - Accept-Encoding
      x-content-type-options:
      - nosniff
    status:
      code: 200
      message: OK
- request:
    body: '{"location": "eastus2euap", "properties": {"addressSpace": {"addressPrefixes":
      ["10.0.0.0/16"]}, "enableDdosProtection": false, "enableVmProtection": false,
      "subnets": [{"name": "subnet000005", "properties": {"addressPrefix": "10.0.0.0/24"}}]}}'
    headers:
      Accept:
      - application/json
      Accept-Encoding:
      - gzip, deflate
      CommandName:
      - network vnet create
      Connection:
      - keep-alive
      Content-Length:
      - '244'
      Content-Type:
      - application/json
      ParameterSetName:
      - -g -n --address-prefix --subnet-name --subnet-prefix
      User-Agent:
      - AZURECLI/2.50.0 (PIP) (AAZ) azsdk-python-core/1.26.0 Python/3.9.13 (Windows-10-10.0.19045-SP0)
    method: PUT
    uri: https://management.azure.com/subscriptions/00000000-0000-0000-0000-000000000000/resourceGroups/clitest.rg.testelasticsan.volumegroup000001/providers/Microsoft.Network/virtualNetworks/vnet000004?api-version=2022-01-01
  response:
    body:
      string: "{\r\n  \"name\": \"vnet000004\",\r\n  \"id\": \"/subscriptions/00000000-0000-0000-0000-000000000000/resourceGroups/clitest.rg.testelasticsan.volumegroup000001/providers/Microsoft.Network/virtualNetworks/vnet000004\",\r\n
        \ \"etag\": \"W/\\\"39635e9d-9f8d-49fa-8af4-dfd45bcbb534\\\"\",\r\n  \"type\":
        \"Microsoft.Network/virtualNetworks\",\r\n  \"location\": \"eastus2euap\",\r\n
        \ \"properties\": {\r\n    \"provisioningState\": \"Updating\",\r\n    \"resourceGuid\":
        \"fa16fc9b-c1b9-4e99-8e6a-00b991041c4e\",\r\n    \"addressSpace\": {\r\n      \"addressPrefixes\":
        [\r\n        \"10.0.0.0/16\"\r\n      ]\r\n    },\r\n    \"subnets\": [\r\n
        \     {\r\n        \"name\": \"subnet000005\",\r\n        \"id\": \"/subscriptions/00000000-0000-0000-0000-000000000000/resourceGroups/clitest.rg.testelasticsan.volumegroup000001/providers/Microsoft.Network/virtualNetworks/vnet000004/subnets/subnet000005\",\r\n
        \       \"etag\": \"W/\\\"39635e9d-9f8d-49fa-8af4-dfd45bcbb534\\\"\",\r\n
        \       \"properties\": {\r\n          \"provisioningState\": \"Updating\",\r\n
        \         \"addressPrefix\": \"10.0.0.0/24\",\r\n          \"delegations\":
        [],\r\n          \"privateEndpointNetworkPolicies\": \"Disabled\",\r\n          \"privateLinkServiceNetworkPolicies\":
        \"Enabled\"\r\n        },\r\n        \"type\": \"Microsoft.Network/virtualNetworks/subnets\"\r\n
        \     }\r\n    ],\r\n    \"virtualNetworkPeerings\": [],\r\n    \"enableDdosProtection\":
        false\r\n  }\r\n}"
    headers:
      azure-asyncnotification:
      - Enabled
      azure-asyncoperation:
      - https://management.azure.com/subscriptions/00000000-0000-0000-0000-000000000000/providers/Microsoft.Network/locations/eastus2euap/operations/42707106-06a5-4a62-9a49-1a755b3da376?api-version=2022-01-01
      cache-control:
      - no-cache
      content-length:
      - '1301'
      content-type:
      - application/json; charset=utf-8
      date:
      - Mon, 24 Jul 2023 08:34:34 GMT
      expires:
      - '-1'
      pragma:
      - no-cache
      server:
      - Microsoft-HTTPAPI/2.0
      - Microsoft-HTTPAPI/2.0
      strict-transport-security:
      - max-age=31536000; includeSubDomains
      x-content-type-options:
      - nosniff
      x-ms-arm-service-request-id:
      - 4bffba65-4a94-4824-b347-779b6c860bbc
      x-ms-ratelimit-remaining-subscription-writes:
      - '1196'
    status:
      code: 201
      message: ''
- request:
    body: null
    headers:
      Accept:
      - '*/*'
      Accept-Encoding:
      - gzip, deflate
      CommandName:
      - network vnet create
      Connection:
      - keep-alive
      ParameterSetName:
      - -g -n --address-prefix --subnet-name --subnet-prefix
      User-Agent:
      - AZURECLI/2.50.0 (PIP) (AAZ) azsdk-python-core/1.26.0 Python/3.9.13 (Windows-10-10.0.19045-SP0)
    method: GET
    uri: https://management.azure.com/subscriptions/00000000-0000-0000-0000-000000000000/providers/Microsoft.Network/locations/eastus2euap/operations/42707106-06a5-4a62-9a49-1a755b3da376?api-version=2022-01-01
  response:
    body:
      string: "{\r\n  \"status\": \"InProgress\"\r\n}"
    headers:
      cache-control:
      - no-cache
      content-length:
      - '30'
      content-type:
      - application/json; charset=utf-8
      date:
      - Mon, 24 Jul 2023 08:34:34 GMT
      expires:
      - '-1'
      pragma:
      - no-cache
      server:
      - Microsoft-HTTPAPI/2.0
      - Microsoft-HTTPAPI/2.0
      strict-transport-security:
      - max-age=31536000; includeSubDomains
      transfer-encoding:
      - chunked
      vary:
      - Accept-Encoding
      x-content-type-options:
      - nosniff
      x-ms-arm-service-request-id:
      - b82dce14-fe02-4ea5-9814-0a84d3f0975f
    status:
      code: 200
      message: ''
- request:
    body: null
    headers:
      Accept:
      - '*/*'
      Accept-Encoding:
      - gzip, deflate
      CommandName:
      - network vnet create
      Connection:
      - keep-alive
      ParameterSetName:
      - -g -n --address-prefix --subnet-name --subnet-prefix
      User-Agent:
      - AZURECLI/2.50.0 (PIP) (AAZ) azsdk-python-core/1.26.0 Python/3.9.13 (Windows-10-10.0.19045-SP0)
    method: GET
    uri: https://management.azure.com/subscriptions/00000000-0000-0000-0000-000000000000/providers/Microsoft.Network/locations/eastus2euap/operations/42707106-06a5-4a62-9a49-1a755b3da376?api-version=2022-01-01
  response:
    body:
      string: "{\r\n  \"status\": \"Succeeded\"\r\n}"
    headers:
      cache-control:
      - no-cache
      content-length:
      - '29'
      content-type:
      - application/json; charset=utf-8
      date:
      - Mon, 24 Jul 2023 08:34:44 GMT
      expires:
      - '-1'
      pragma:
      - no-cache
      server:
      - Microsoft-HTTPAPI/2.0
      - Microsoft-HTTPAPI/2.0
      strict-transport-security:
      - max-age=31536000; includeSubDomains
      transfer-encoding:
      - chunked
      vary:
      - Accept-Encoding
      x-content-type-options:
      - nosniff
      x-ms-arm-service-request-id:
      - f909e96a-c3d4-45fc-9f5d-cd713dee2206
    status:
      code: 200
      message: ''
- request:
    body: null
    headers:
      Accept:
      - '*/*'
      Accept-Encoding:
      - gzip, deflate
      CommandName:
      - network vnet create
      Connection:
      - keep-alive
      ParameterSetName:
      - -g -n --address-prefix --subnet-name --subnet-prefix
      User-Agent:
      - AZURECLI/2.50.0 (PIP) (AAZ) azsdk-python-core/1.26.0 Python/3.9.13 (Windows-10-10.0.19045-SP0)
    method: GET
    uri: https://management.azure.com/subscriptions/00000000-0000-0000-0000-000000000000/resourceGroups/clitest.rg.testelasticsan.volumegroup000001/providers/Microsoft.Network/virtualNetworks/vnet000004?api-version=2022-01-01
  response:
    body:
      string: "{\r\n  \"name\": \"vnet000004\",\r\n  \"id\": \"/subscriptions/00000000-0000-0000-0000-000000000000/resourceGroups/clitest.rg.testelasticsan.volumegroup000001/providers/Microsoft.Network/virtualNetworks/vnet000004\",\r\n
        \ \"etag\": \"W/\\\"8f7e53bc-9892-4de4-8cba-a8f73ab9c7e6\\\"\",\r\n  \"type\":
        \"Microsoft.Network/virtualNetworks\",\r\n  \"location\": \"eastus2euap\",\r\n
        \ \"properties\": {\r\n    \"provisioningState\": \"Succeeded\",\r\n    \"resourceGuid\":
        \"fa16fc9b-c1b9-4e99-8e6a-00b991041c4e\",\r\n    \"addressSpace\": {\r\n      \"addressPrefixes\":
        [\r\n        \"10.0.0.0/16\"\r\n      ]\r\n    },\r\n    \"subnets\": [\r\n
        \     {\r\n        \"name\": \"subnet000005\",\r\n        \"id\": \"/subscriptions/00000000-0000-0000-0000-000000000000/resourceGroups/clitest.rg.testelasticsan.volumegroup000001/providers/Microsoft.Network/virtualNetworks/vnet000004/subnets/subnet000005\",\r\n
        \       \"etag\": \"W/\\\"8f7e53bc-9892-4de4-8cba-a8f73ab9c7e6\\\"\",\r\n
        \       \"properties\": {\r\n          \"provisioningState\": \"Succeeded\",\r\n
        \         \"addressPrefix\": \"10.0.0.0/24\",\r\n          \"delegations\":
        [],\r\n          \"privateEndpointNetworkPolicies\": \"Disabled\",\r\n          \"privateLinkServiceNetworkPolicies\":
        \"Enabled\"\r\n        },\r\n        \"type\": \"Microsoft.Network/virtualNetworks/subnets\"\r\n
        \     }\r\n    ],\r\n    \"virtualNetworkPeerings\": [],\r\n    \"enableDdosProtection\":
        false\r\n  }\r\n}"
    headers:
      cache-control:
      - no-cache
      content-length:
      - '1303'
      content-type:
      - application/json; charset=utf-8
      date:
      - Mon, 24 Jul 2023 08:34:44 GMT
      etag:
      - W/"8f7e53bc-9892-4de4-8cba-a8f73ab9c7e6"
      expires:
      - '-1'
      pragma:
      - no-cache
      server:
      - Microsoft-HTTPAPI/2.0
      - Microsoft-HTTPAPI/2.0
      strict-transport-security:
      - max-age=31536000; includeSubDomains
      transfer-encoding:
      - chunked
      vary:
      - Accept-Encoding
      x-content-type-options:
      - nosniff
      x-ms-arm-service-request-id:
      - f7bb5155-89d9-49c1-aa03-228a3291d23f
    status:
      code: 200
      message: ''
- request:
    body: '{"properties": {"encryption": "EncryptionAtRestWithPlatformKey", "networkAcls":
      {"virtualNetworkRules": [{"action": "Allow", "id": "/subscriptions/00000000-0000-0000-0000-000000000000/resourceGroups/clitest.rg.testelasticsan.volumegroup000001/providers/Microsoft.Network/virtualNetworks/vnet000004/subnets/subnet000005"}]},
      "protocolType": "Iscsi"}}'
    headers:
      Accept:
      - application/json
      Accept-Encoding:
      - gzip, deflate
      CommandName:
      - elastic-san volume-group create
      Connection:
      - keep-alive
      Content-Length:
      - '349'
      Content-Type:
      - application/json
      ParameterSetName:
      - -e -n -g --encryption --protocol-type --network-acls
      User-Agent:
      - AZURECLI/2.50.0 (PIP) (AAZ) azsdk-python-core/1.26.0 Python/3.9.13 (Windows-10-10.0.19045-SP0)
    method: PUT
    uri: https://management.azure.com/subscriptions/00000000-0000-0000-0000-000000000000/resourceGroups/clitest.rg.testelasticsan.volumegroup000001/providers/Microsoft.ElasticSan/elasticSans/elastic-san000002/volumegroups/volume-group000003?api-version=2022-12-01-preview
  response:
    body:
      string: '{"properties":{"provisioningState":"Creating","networkAcls":{"virtualNetworkRules":[{"action":"Allow","id":"/subscriptions/00000000-0000-0000-0000-000000000000/resourceGroups/clitest.rg.testelasticsan.volumegroup000001/providers/Microsoft.Network/virtualNetworks/vnet000004/subnets/subnet000005","state":"Provisioning"}]},"protocolType":"iSCSI","encryption":"EncryptionAtRestWithPlatformKey"},"id":"/subscriptions/00000000-0000-0000-0000-000000000000/resourceGroups/clitest.rg.testelasticsan.volumegroup000001/providers/Microsoft.ElasticSan/elasticSans/elastic-san000002/volumegroups/volume-group000003","name":"volume-group000003","type":"Microsoft.ElasticSan/elasticSans/volumeGroups","systemData":{"createdAt":"2023-07-24T08:34:47.5244447Z","createdBy":"zhiyihuang@microsoft.com","createdByType":"User","lastModifiedAt":"2023-07-24T08:34:47.5244447Z","lastModifiedBy":"zhiyihuang@microsoft.com","lastModifiedByType":"User"}}'
    headers:
      cache-control:
      - no-cache
      content-length:
      - '927'
      content-type:
      - application/json
      date:
      - Mon, 24 Jul 2023 08:34:47 GMT
      expires:
      - '-1'
      location:
      - https://management.azure.com/subscriptions/00000000-0000-0000-0000-000000000000/providers/Microsoft.ElasticSan/locations/southcentralusstg/asyncoperations/410fd017-068e-4599-9c8b-f6a41d4ad607?monitor=true&api-version=2022-12-01-preview
      pragma:
      - no-cache
      server:
      - Microsoft-Azure-Storage-Resource-Provider/1.0,Microsoft-HTTPAPI/2.0 Microsoft-HTTPAPI/2.0
      strict-transport-security:
      - max-age=31536000; includeSubDomains
      x-content-type-options:
      - nosniff
      x-ms-ratelimit-remaining-subscription-writes:
      - '1195'
    status:
      code: 201
      message: Created
- request:
    body: null
    headers:
      Accept:
      - '*/*'
      Accept-Encoding:
      - gzip, deflate
      CommandName:
      - elastic-san volume-group create
      Connection:
      - keep-alive
      ParameterSetName:
      - -e -n -g --encryption --protocol-type --network-acls
      User-Agent:
      - AZURECLI/2.50.0 (PIP) (AAZ) azsdk-python-core/1.26.0 Python/3.9.13 (Windows-10-10.0.19045-SP0)
    method: GET
    uri: https://management.azure.com/subscriptions/00000000-0000-0000-0000-000000000000/providers/Microsoft.ElasticSan/locations/southcentralusstg/asyncoperations/410fd017-068e-4599-9c8b-f6a41d4ad607?monitor=true&api-version=2022-12-01-preview
  response:
    body:
      string: '{"properties":{"provisioningState":"Succeeded","networkAcls":{"virtualNetworkRules":[{"action":"Allow","id":"/subscriptions/00000000-0000-0000-0000-000000000000/resourceGroups/clitest.rg.testelasticsan.volumegroup000001/providers/Microsoft.Network/virtualNetworks/vnet000004/subnets/subnet000005","state":"Provisioning"}]},"protocolType":"iSCSI","encryption":"EncryptionAtRestWithPlatformKey"},"id":"/subscriptions/00000000-0000-0000-0000-000000000000/resourceGroups/clitest.rg.testelasticsan.volumegroup000001/providers/Microsoft.ElasticSan/elasticSans/elastic-san000002/volumegroups/volume-group000003","name":"volume-group000003","type":"Microsoft.ElasticSan/elasticSans/volumeGroups","systemData":{"createdAt":"2023-07-24T08:34:47.5244447Z","createdBy":"zhiyihuang@microsoft.com","createdByType":"User","lastModifiedAt":"2023-07-24T08:34:47.5244447Z","lastModifiedBy":"zhiyihuang@microsoft.com","lastModifiedByType":"User"}}'
    headers:
      cache-control:
      - no-cache
      content-length:
      - '928'
      content-type:
      - application/json
      date:
      - Mon, 24 Jul 2023 08:34:47 GMT
      expires:
      - '-1'
      pragma:
      - no-cache
      server:
      - Microsoft-Azure-Storage-Resource-Provider/1.0,Microsoft-HTTPAPI/2.0 Microsoft-HTTPAPI/2.0
      strict-transport-security:
      - max-age=31536000; includeSubDomains
      transfer-encoding:
      - chunked
      vary:
      - Accept-Encoding
      x-content-type-options:
      - nosniff
    status:
      code: 200
      message: OK
- request:
    body: null
    headers:
      Accept:
      - application/json
      Accept-Encoding:
      - gzip, deflate
      CommandName:
      - elastic-san volume-group show
      Connection:
      - keep-alive
      ParameterSetName:
      - -g -e -n
      User-Agent:
      - AZURECLI/2.50.0 (PIP) (AAZ) azsdk-python-core/1.26.0 Python/3.9.13 (Windows-10-10.0.19045-SP0)
    method: GET
    uri: https://management.azure.com/subscriptions/00000000-0000-0000-0000-000000000000/resourceGroups/clitest.rg.testelasticsan.volumegroup000001/providers/Microsoft.ElasticSan/elasticSans/elastic-san000002/volumegroups/volume-group000003?api-version=2022-12-01-preview
  response:
    body:
      string: '{"properties":{"provisioningState":"Succeeded","networkAcls":{"virtualNetworkRules":[{"action":"Allow","id":"/subscriptions/00000000-0000-0000-0000-000000000000/resourceGroups/clitest.rg.testelasticsan.volumegroup000001/providers/Microsoft.Network/virtualNetworks/vnet000004/subnets/subnet000005","state":"Provisioning"}]},"protocolType":"iSCSI","encryption":"EncryptionAtRestWithPlatformKey"},"id":"/subscriptions/00000000-0000-0000-0000-000000000000/resourceGroups/clitest.rg.testelasticsan.volumegroup000001/providers/Microsoft.ElasticSan/elasticSans/elastic-san000002/volumegroups/volume-group000003","name":"volume-group000003","type":"Microsoft.ElasticSan/elasticSans/volumeGroups","systemData":{"createdAt":"2023-07-24T08:34:47.5244447Z","createdBy":"zhiyihuang@microsoft.com","createdByType":"User","lastModifiedAt":"2023-07-24T08:34:47.5244447Z","lastModifiedBy":"zhiyihuang@microsoft.com","lastModifiedByType":"User"}}'
    headers:
      cache-control:
      - no-cache
      content-length:
      - '928'
      content-type:
      - application/json
      date:
      - Mon, 24 Jul 2023 08:34:49 GMT
      expires:
      - '-1'
      pragma:
      - no-cache
      server:
      - Microsoft-Azure-Storage-Resource-Provider/1.0,Microsoft-HTTPAPI/2.0 Microsoft-HTTPAPI/2.0
      strict-transport-security:
      - max-age=31536000; includeSubDomains
      transfer-encoding:
      - chunked
      vary:
      - Accept-Encoding
      x-content-type-options:
      - nosniff
    status:
      code: 200
      message: OK
- request:
    body: null
    headers:
      Accept:
      - application/json
      Accept-Encoding:
      - gzip, deflate
      CommandName:
      - elastic-san volume-group list
      Connection:
      - keep-alive
      ParameterSetName:
      - -g -e
      User-Agent:
      - AZURECLI/2.50.0 (PIP) (AAZ) azsdk-python-core/1.26.0 Python/3.9.13 (Windows-10-10.0.19045-SP0)
    method: GET
    uri: https://management.azure.com/subscriptions/00000000-0000-0000-0000-000000000000/resourceGroups/clitest.rg.testelasticsan.volumegroup000001/providers/Microsoft.ElasticSan/elasticSans/elastic-san000002/volumeGroups?api-version=2022-12-01-preview
  response:
    body:
      string: '{"value":[{"properties":{"provisioningState":"Succeeded","networkAcls":{"virtualNetworkRules":[{"action":"Allow","id":"/subscriptions/00000000-0000-0000-0000-000000000000/resourceGroups/clitest.rg.testelasticsan.volumegroup000001/providers/Microsoft.Network/virtualNetworks/vnet000004/subnets/subnet000005","state":"Provisioning"}]},"protocolType":"iSCSI","encryption":"EncryptionAtRestWithPlatformKey"},"id":"/subscriptions/00000000-0000-0000-0000-000000000000/resourceGroups/clitest.rg.testelasticsan.volumegroup000001/providers/Microsoft.ElasticSan/elasticSans/elastic-san000002/volumegroups/volume-group000003","name":"volume-group000003","type":"Microsoft.ElasticSan/elasticSans/volumeGroups","systemData":{"createdAt":"2023-07-24T08:34:47.5244447Z","createdBy":"zhiyihuang@microsoft.com","createdByType":"User","lastModifiedAt":"2023-07-24T08:34:47.5244447Z","lastModifiedBy":"zhiyihuang@microsoft.com","lastModifiedByType":"User"}}]}'
    headers:
      cache-control:
      - no-cache
      content-length:
      - '940'
      content-type:
      - application/json
      date:
      - Mon, 24 Jul 2023 08:34:51 GMT
      expires:
      - '-1'
      pragma:
      - no-cache
      server:
      - Microsoft-Azure-Storage-Resource-Provider/1.0,Microsoft-HTTPAPI/2.0 Microsoft-HTTPAPI/2.0
      strict-transport-security:
      - max-age=31536000; includeSubDomains
      transfer-encoding:
      - chunked
      vary:
      - Accept-Encoding
      x-content-type-options:
      - nosniff
    status:
      code: 200
      message: OK
- request:
    body: '{"name": "subnet000006", "properties": {"addressPrefix": "10.0.1.0/24",
      "serviceEndpoints": [{"service": "Microsoft.Storage"}]}}'
    headers:
      Accept:
      - application/json
      Accept-Encoding:
      - gzip, deflate
      CommandName:
      - network vnet subnet create
      Connection:
      - keep-alive
      Content-Length:
      - '128'
      Content-Type:
      - application/json
      ParameterSetName:
      - -g --vnet-name --name --address-prefixes --service-endpoints
      User-Agent:
      - AZURECLI/2.50.0 (PIP) (AAZ) azsdk-python-core/1.26.0 Python/3.9.13 (Windows-10-10.0.19045-SP0)
    method: PUT
    uri: https://management.azure.com/subscriptions/00000000-0000-0000-0000-000000000000/resourceGroups/clitest.rg.testelasticsan.volumegroup000001/providers/Microsoft.Network/virtualNetworks/vnet000004/subnets/subnet000006?api-version=2022-01-01
  response:
    body:
      string: "{\r\n  \"name\": \"subnet000006\",\r\n  \"id\": \"/subscriptions/00000000-0000-0000-0000-000000000000/resourceGroups/clitest.rg.testelasticsan.volumegroup000001/providers/Microsoft.Network/virtualNetworks/vnet000004/subnets/subnet000006\",\r\n
        \ \"etag\": \"W/\\\"0ed41d9c-f11d-45cd-bac1-b2b515f219bb\\\"\",\r\n  \"properties\":
        {\r\n    \"provisioningState\": \"Updating\",\r\n    \"addressPrefix\": \"10.0.1.0/24\",\r\n
        \   \"serviceEndpoints\": [\r\n      {\r\n        \"provisioningState\": \"Updating\",\r\n
        \       \"service\": \"Microsoft.Storage\",\r\n        \"locations\": [\r\n
        \         \"*\"\r\n        ]\r\n      }\r\n    ],\r\n    \"delegations\":
        [],\r\n    \"privateEndpointNetworkPolicies\": \"Disabled\",\r\n    \"privateLinkServiceNetworkPolicies\":
        \"Enabled\"\r\n  },\r\n  \"type\": \"Microsoft.Network/virtualNetworks/subnets\"\r\n}"
    headers:
      azure-asyncnotification:
      - Enabled
      azure-asyncoperation:
      - https://management.azure.com/subscriptions/00000000-0000-0000-0000-000000000000/providers/Microsoft.Network/locations/eastus2euap/operations/7e13eca7-55ff-44ca-ac31-615371da240f?api-version=2022-01-01
      cache-control:
      - no-cache
      content-length:
      - '755'
      content-type:
      - application/json; charset=utf-8
      date:
      - Mon, 24 Jul 2023 08:34:53 GMT
      expires:
      - '-1'
      pragma:
      - no-cache
      server:
      - Microsoft-HTTPAPI/2.0
      - Microsoft-HTTPAPI/2.0
      strict-transport-security:
      - max-age=31536000; includeSubDomains
      x-content-type-options:
      - nosniff
      x-ms-arm-service-request-id:
      - fae8432d-e4a4-4419-bea8-ba2b4e410469
      x-ms-ratelimit-remaining-subscription-writes:
      - '1194'
    status:
      code: 201
      message: ''
- request:
    body: null
    headers:
      Accept:
      - '*/*'
      Accept-Encoding:
      - gzip, deflate
      CommandName:
      - network vnet subnet create
      Connection:
      - keep-alive
      ParameterSetName:
      - -g --vnet-name --name --address-prefixes --service-endpoints
      User-Agent:
      - AZURECLI/2.50.0 (PIP) (AAZ) azsdk-python-core/1.26.0 Python/3.9.13 (Windows-10-10.0.19045-SP0)
    method: GET
    uri: https://management.azure.com/subscriptions/00000000-0000-0000-0000-000000000000/providers/Microsoft.Network/locations/eastus2euap/operations/7e13eca7-55ff-44ca-ac31-615371da240f?api-version=2022-01-01
  response:
    body:
      string: "{\r\n  \"status\": \"InProgress\"\r\n}"
    headers:
      cache-control:
      - no-cache
      content-length:
      - '30'
      content-type:
      - application/json; charset=utf-8
      date:
      - Mon, 24 Jul 2023 08:34:53 GMT
      expires:
      - '-1'
      pragma:
      - no-cache
      server:
      - Microsoft-HTTPAPI/2.0
      - Microsoft-HTTPAPI/2.0
      strict-transport-security:
      - max-age=31536000; includeSubDomains
      transfer-encoding:
      - chunked
      vary:
      - Accept-Encoding
      x-content-type-options:
      - nosniff
      x-ms-arm-service-request-id:
      - 9475cddb-08f2-4a95-b2a9-7054676722ea
    status:
      code: 200
      message: ''
- request:
    body: null
    headers:
      Accept:
      - '*/*'
      Accept-Encoding:
      - gzip, deflate
      CommandName:
      - network vnet subnet create
      Connection:
      - keep-alive
      ParameterSetName:
      - -g --vnet-name --name --address-prefixes --service-endpoints
      User-Agent:
      - AZURECLI/2.50.0 (PIP) (AAZ) azsdk-python-core/1.26.0 Python/3.9.13 (Windows-10-10.0.19045-SP0)
    method: GET
    uri: https://management.azure.com/subscriptions/00000000-0000-0000-0000-000000000000/providers/Microsoft.Network/locations/eastus2euap/operations/7e13eca7-55ff-44ca-ac31-615371da240f?api-version=2022-01-01
  response:
    body:
      string: "{\r\n  \"status\": \"Succeeded\"\r\n}"
    headers:
      cache-control:
      - no-cache
      content-length:
      - '29'
      content-type:
      - application/json; charset=utf-8
      date:
      - Mon, 24 Jul 2023 08:35:03 GMT
      expires:
      - '-1'
      pragma:
      - no-cache
      server:
      - Microsoft-HTTPAPI/2.0
      - Microsoft-HTTPAPI/2.0
      strict-transport-security:
      - max-age=31536000; includeSubDomains
      transfer-encoding:
      - chunked
      vary:
      - Accept-Encoding
      x-content-type-options:
      - nosniff
      x-ms-arm-service-request-id:
      - a5f3824e-c8f8-48e2-b956-b0938d7581f6
    status:
      code: 200
      message: ''
- request:
    body: null
    headers:
      Accept:
      - '*/*'
      Accept-Encoding:
      - gzip, deflate
      CommandName:
      - network vnet subnet create
      Connection:
      - keep-alive
      ParameterSetName:
      - -g --vnet-name --name --address-prefixes --service-endpoints
      User-Agent:
      - AZURECLI/2.50.0 (PIP) (AAZ) azsdk-python-core/1.26.0 Python/3.9.13 (Windows-10-10.0.19045-SP0)
    method: GET
    uri: https://management.azure.com/subscriptions/00000000-0000-0000-0000-000000000000/resourceGroups/clitest.rg.testelasticsan.volumegroup000001/providers/Microsoft.Network/virtualNetworks/vnet000004/subnets/subnet000006?api-version=2022-01-01
  response:
    body:
      string: "{\r\n  \"name\": \"subnet000006\",\r\n  \"id\": \"/subscriptions/00000000-0000-0000-0000-000000000000/resourceGroups/clitest.rg.testelasticsan.volumegroup000001/providers/Microsoft.Network/virtualNetworks/vnet000004/subnets/subnet000006\",\r\n
        \ \"etag\": \"W/\\\"bb930b45-1a4d-4c9f-8a52-6950126709f8\\\"\",\r\n  \"properties\":
        {\r\n    \"provisioningState\": \"Succeeded\",\r\n    \"addressPrefix\": \"10.0.1.0/24\",\r\n
        \   \"serviceEndpoints\": [\r\n      {\r\n        \"provisioningState\": \"Succeeded\",\r\n
        \       \"service\": \"Microsoft.Storage\",\r\n        \"locations\": [\r\n
        \         \"*\"\r\n        ]\r\n      }\r\n    ],\r\n    \"delegations\":
        [],\r\n    \"privateEndpointNetworkPolicies\": \"Disabled\",\r\n    \"privateLinkServiceNetworkPolicies\":
        \"Enabled\"\r\n  },\r\n  \"type\": \"Microsoft.Network/virtualNetworks/subnets\"\r\n}"
    headers:
      cache-control:
      - no-cache
      content-length:
      - '757'
      content-type:
      - application/json; charset=utf-8
      date:
      - Mon, 24 Jul 2023 08:35:03 GMT
      etag:
      - W/"bb930b45-1a4d-4c9f-8a52-6950126709f8"
      expires:
      - '-1'
      pragma:
      - no-cache
      server:
      - Microsoft-HTTPAPI/2.0
      - Microsoft-HTTPAPI/2.0
      strict-transport-security:
      - max-age=31536000; includeSubDomains
      transfer-encoding:
      - chunked
      vary:
      - Accept-Encoding
      x-content-type-options:
      - nosniff
      x-ms-arm-service-request-id:
      - c5a7a583-8170-4bc9-b619-0d3a7c6db0b6
    status:
      code: 200
      message: ''
- request:
    body: null
    headers:
      Accept:
      - application/json
      Accept-Encoding:
      - gzip, deflate
      CommandName:
      - elastic-san volume-group update
      Connection:
      - keep-alive
      ParameterSetName:
      - -e -n -g --protocol-type --network-acls
      User-Agent:
      - AZURECLI/2.50.0 (PIP) (AAZ) azsdk-python-core/1.26.0 Python/3.9.13 (Windows-10-10.0.19045-SP0)
    method: GET
    uri: https://management.azure.com/subscriptions/00000000-0000-0000-0000-000000000000/resourceGroups/clitest.rg.testelasticsan.volumegroup000001/providers/Microsoft.ElasticSan/elasticSans/elastic-san000002/volumegroups/volume-group000003?api-version=2022-12-01-preview
  response:
    body:
      string: '{"properties":{"provisioningState":"Succeeded","networkAcls":{"virtualNetworkRules":[{"action":"Allow","id":"/subscriptions/00000000-0000-0000-0000-000000000000/resourceGroups/clitest.rg.testelasticsan.volumegroup000001/providers/Microsoft.Network/virtualNetworks/vnet000004/subnets/subnet000005","state":"Provisioning"}]},"protocolType":"iSCSI","encryption":"EncryptionAtRestWithPlatformKey"},"id":"/subscriptions/00000000-0000-0000-0000-000000000000/resourceGroups/clitest.rg.testelasticsan.volumegroup000001/providers/Microsoft.ElasticSan/elasticSans/elastic-san000002/volumegroups/volume-group000003","name":"volume-group000003","type":"Microsoft.ElasticSan/elasticSans/volumeGroups","systemData":{"createdAt":"2023-07-24T08:34:47.5244447Z","createdBy":"zhiyihuang@microsoft.com","createdByType":"User","lastModifiedAt":"2023-07-24T08:34:47.5244447Z","lastModifiedBy":"zhiyihuang@microsoft.com","lastModifiedByType":"User"}}'
    headers:
      cache-control:
      - no-cache
      content-length:
      - '928'
      content-type:
      - application/json
      date:
      - Mon, 24 Jul 2023 08:35:06 GMT
      expires:
      - '-1'
      pragma:
      - no-cache
      server:
      - Microsoft-Azure-Storage-Resource-Provider/1.0,Microsoft-HTTPAPI/2.0 Microsoft-HTTPAPI/2.0
      strict-transport-security:
      - max-age=31536000; includeSubDomains
      transfer-encoding:
      - chunked
      vary:
      - Accept-Encoding
      x-content-type-options:
      - nosniff
    status:
      code: 200
      message: OK
- request:
    body: '{"properties": {"encryption": "EncryptionAtRestWithPlatformKey", "networkAcls":
      {"virtualNetworkRules": [{"action": "Allow", "id": "/subscriptions/00000000-0000-0000-0000-000000000000/resourceGroups/clitest.rg.testelasticsan.volumegroup000001/providers/Microsoft.Network/virtualNetworks/vnet000004/subnets/subnet000006"}]},
      "protocolType": "None"}}'
    headers:
      Accept:
      - application/json
      Accept-Encoding:
      - gzip, deflate
      CommandName:
      - elastic-san volume-group update
      Connection:
      - keep-alive
      Content-Length:
      - '348'
      Content-Type:
      - application/json
      ParameterSetName:
      - -e -n -g --protocol-type --network-acls
      User-Agent:
      - AZURECLI/2.50.0 (PIP) (AAZ) azsdk-python-core/1.26.0 Python/3.9.13 (Windows-10-10.0.19045-SP0)
    method: PUT
    uri: https://management.azure.com/subscriptions/00000000-0000-0000-0000-000000000000/resourceGroups/clitest.rg.testelasticsan.volumegroup000001/providers/Microsoft.ElasticSan/elasticSans/elastic-san000002/volumegroups/volume-group000003?api-version=2022-12-01-preview
  response:
    body:
      string: '{"properties":{"provisioningState":"Updating","networkAcls":{"virtualNetworkRules":[{"action":"Allow","id":"/subscriptions/00000000-0000-0000-0000-000000000000/resourceGroups/clitest.rg.testelasticsan.volumegroup000001/providers/Microsoft.Network/virtualNetworks/vnet000004/subnets/subnet000006","state":"Provisioning"}]},"protocolType":"None","encryption":"EncryptionAtRestWithPlatformKey"},"id":"/subscriptions/00000000-0000-0000-0000-000000000000/resourceGroups/clitest.rg.testelasticsan.volumegroup000001/providers/Microsoft.ElasticSan/elasticSans/elastic-san000002/volumegroups/volume-group000003","name":"volume-group000003","type":"Microsoft.ElasticSan/elasticSans/volumeGroups","systemData":{"createdAt":"2023-07-24T08:35:06.9821831Z","createdBy":"zhiyihuang@microsoft.com","createdByType":"User","lastModifiedAt":"2023-07-24T08:35:06.9821831Z","lastModifiedBy":"zhiyihuang@microsoft.com","lastModifiedByType":"User"}}'
    headers:
      cache-control:
      - no-cache
      content-length:
      - '926'
      content-type:
      - application/json
      date:
      - Mon, 24 Jul 2023 08:35:07 GMT
      expires:
      - '-1'
      location:
      - https://management.azure.com/subscriptions/00000000-0000-0000-0000-000000000000/providers/Microsoft.ElasticSan/locations/southcentralusstg/asyncoperations/d6eb08e8-b0fe-4ca5-9ef8-e7b0be974834?monitor=true&api-version=2022-12-01-preview
      pragma:
      - no-cache
      server:
      - Microsoft-Azure-Storage-Resource-Provider/1.0,Microsoft-HTTPAPI/2.0 Microsoft-HTTPAPI/2.0
      strict-transport-security:
      - max-age=31536000; includeSubDomains
      x-content-type-options:
      - nosniff
      x-ms-ratelimit-remaining-subscription-writes:
      - '1194'
    status:
      code: 201
      message: Created
- request:
    body: null
    headers:
      Accept:
      - '*/*'
      Accept-Encoding:
      - gzip, deflate
      CommandName:
      - elastic-san volume-group update
      Connection:
      - keep-alive
      ParameterSetName:
      - -e -n -g --protocol-type --network-acls
      User-Agent:
      - AZURECLI/2.50.0 (PIP) (AAZ) azsdk-python-core/1.26.0 Python/3.9.13 (Windows-10-10.0.19045-SP0)
    method: GET
    uri: https://management.azure.com/subscriptions/00000000-0000-0000-0000-000000000000/providers/Microsoft.ElasticSan/locations/southcentralusstg/asyncoperations/d6eb08e8-b0fe-4ca5-9ef8-e7b0be974834?monitor=true&api-version=2022-12-01-preview
  response:
    body:
      string: '{"properties":{"provisioningState":"Succeeded","networkAcls":{"virtualNetworkRules":[{"action":"Allow","id":"/subscriptions/00000000-0000-0000-0000-000000000000/resourceGroups/clitest.rg.testelasticsan.volumegroup000001/providers/Microsoft.Network/virtualNetworks/vnet000004/subnets/subnet000006","state":"Provisioning"}]},"protocolType":"None","encryption":"EncryptionAtRestWithPlatformKey"},"id":"/subscriptions/00000000-0000-0000-0000-000000000000/resourceGroups/clitest.rg.testelasticsan.volumegroup000001/providers/Microsoft.ElasticSan/elasticSans/elastic-san000002/volumegroups/volume-group000003","name":"volume-group000003","type":"Microsoft.ElasticSan/elasticSans/volumeGroups","systemData":{"createdAt":"2023-07-24T08:35:06.9821831Z","createdBy":"zhiyihuang@microsoft.com","createdByType":"User","lastModifiedAt":"2023-07-24T08:35:06.9821831Z","lastModifiedBy":"zhiyihuang@microsoft.com","lastModifiedByType":"User"}}'
    headers:
      cache-control:
      - no-cache
      content-length:
      - '927'
      content-type:
      - application/json
      date:
      - Mon, 24 Jul 2023 08:35:07 GMT
      expires:
      - '-1'
      pragma:
      - no-cache
      server:
      - Microsoft-Azure-Storage-Resource-Provider/1.0,Microsoft-HTTPAPI/2.0 Microsoft-HTTPAPI/2.0
      strict-transport-security:
      - max-age=31536000; includeSubDomains
      transfer-encoding:
      - chunked
      vary:
      - Accept-Encoding
      x-content-type-options:
      - nosniff
    status:
      code: 200
      message: OK
- request:
    body: '{"properties": {"sizeGiB": 2}}'
    headers:
      Accept:
      - application/json
      Accept-Encoding:
      - gzip, deflate
      CommandName:
      - elastic-san volume create
      Connection:
      - keep-alive
      Content-Length:
      - '30'
      Content-Type:
      - application/json
      ParameterSetName:
      - -g -e -v -n --size-gib
      User-Agent:
      - AZURECLI/2.50.0 (PIP) (AAZ) azsdk-python-core/1.26.0 Python/3.9.13 (Windows-10-10.0.19045-SP0)
    method: PUT
    uri: https://management.azure.com/subscriptions/00000000-0000-0000-0000-000000000000/resourceGroups/clitest.rg.testelasticsan.volumegroup000001/providers/Microsoft.ElasticSan/elasticSans/elastic-san000002/volumegroups/volume-group000003/volumes/volume000007?api-version=2022-12-01-preview
  response:
    body:
      string: '{"properties":{"creationData":{"createSource":"None"},"sizeGiB":2,"storageTarget":{"provisioningState":"Creating","status":"Pending"},"volumeId":"c329b29a-7045-4ff4-a339-3bf4bdf6e278"},"id":"/subscriptions/00000000-0000-0000-0000-000000000000/resourceGroups/clitest.rg.testelasticsan.volumegroup000001/providers/Microsoft.ElasticSan/elasticSans/elastic-san000002/volumegroups/volume-group000003/volumes/volume000007","name":"volume000007","type":"Microsoft.ElasticSan/ElasticSans","systemData":{"createdAt":"2023-07-24T08:35:09.8270181Z","createdBy":"zhiyihuang@microsoft.com","createdByType":"User","lastModifiedAt":"2023-07-24T08:35:09.8270181Z","lastModifiedBy":"zhiyihuang@microsoft.com","lastModifiedByType":"User"}}'
    headers:
      cache-control:
      - no-cache
      content-length:
      - '721'
      content-type:
      - application/json
      date:
      - Mon, 24 Jul 2023 08:35:09 GMT
      expires:
      - '-1'
      location:
      - https://management.azure.com/subscriptions/00000000-0000-0000-0000-000000000000/providers/Microsoft.ElasticSan/locations/southcentralusstg/asyncoperations/1535b280-9e95-4450-8838-0ecca80e9953?monitor=true&api-version=2022-12-01-preview
      pragma:
      - no-cache
      server:
      - Microsoft-Azure-Storage-Resource-Provider/1.0,Microsoft-HTTPAPI/2.0 Microsoft-HTTPAPI/2.0
      strict-transport-security:
      - max-age=31536000; includeSubDomains
      x-content-type-options:
      - nosniff
      x-ms-ratelimit-remaining-subscription-writes:
      - '1196'
    status:
      code: 201
      message: Created
- request:
    body: null
    headers:
      Accept:
      - '*/*'
      Accept-Encoding:
      - gzip, deflate
      CommandName:
      - elastic-san volume create
      Connection:
      - keep-alive
      ParameterSetName:
      - -g -e -v -n --size-gib
      User-Agent:
      - AZURECLI/2.50.0 (PIP) (AAZ) azsdk-python-core/1.26.0 Python/3.9.13 (Windows-10-10.0.19045-SP0)
    method: GET
    uri: https://management.azure.com/subscriptions/00000000-0000-0000-0000-000000000000/providers/Microsoft.ElasticSan/locations/southcentralusstg/asyncoperations/1535b280-9e95-4450-8838-0ecca80e9953?monitor=true&api-version=2022-12-01-preview
  response:
    body:
      string: ''
    headers:
      cache-control:
      - no-cache
      content-length:
      - '0'
      content-type:
      - text/plain; charset=utf-8
      date:
      - Mon, 24 Jul 2023 08:35:09 GMT
      expires:
      - '-1'
      location:
      - https://management.azure.com/subscriptions/00000000-0000-0000-0000-000000000000/providers/Microsoft.ElasticSan/locations/southcentralusstg/asyncoperations/1535b280-9e95-4450-8838-0ecca80e9953?monitor=true&api-version=2022-12-01-preview
      pragma:
      - no-cache
      server:
      - Microsoft-Azure-Storage-Resource-Provider/1.0,Microsoft-HTTPAPI/2.0 Microsoft-HTTPAPI/2.0
      strict-transport-security:
      - max-age=31536000; includeSubDomains
      x-content-type-options:
      - nosniff
    status:
      code: 202
      message: Accepted
- request:
    body: null
    headers:
      Accept:
      - '*/*'
      Accept-Encoding:
      - gzip, deflate
      CommandName:
      - elastic-san volume create
      Connection:
      - keep-alive
      ParameterSetName:
      - -g -e -v -n --size-gib
      User-Agent:
      - AZURECLI/2.50.0 (PIP) (AAZ) azsdk-python-core/1.26.0 Python/3.9.13 (Windows-10-10.0.19045-SP0)
    method: GET
    uri: https://management.azure.com/subscriptions/00000000-0000-0000-0000-000000000000/providers/Microsoft.ElasticSan/locations/southcentralusstg/asyncoperations/1535b280-9e95-4450-8838-0ecca80e9953?monitor=true&api-version=2022-12-01-preview
  response:
    body:
      string: ''
    headers:
      cache-control:
      - no-cache
      content-length:
      - '0'
      content-type:
      - text/plain; charset=utf-8
      date:
      - Mon, 24 Jul 2023 08:35:27 GMT
      expires:
      - '-1'
      location:
      - https://management.azure.com/subscriptions/00000000-0000-0000-0000-000000000000/providers/Microsoft.ElasticSan/locations/southcentralusstg/asyncoperations/1535b280-9e95-4450-8838-0ecca80e9953?monitor=true&api-version=2022-12-01-preview
      pragma:
      - no-cache
      server:
      - Microsoft-Azure-Storage-Resource-Provider/1.0,Microsoft-HTTPAPI/2.0 Microsoft-HTTPAPI/2.0
      strict-transport-security:
      - max-age=31536000; includeSubDomains
      x-content-type-options:
      - nosniff
    status:
      code: 202
      message: Accepted
- request:
    body: null
    headers:
      Accept:
      - '*/*'
      Accept-Encoding:
      - gzip, deflate
      CommandName:
      - elastic-san volume create
      Connection:
      - keep-alive
      ParameterSetName:
      - -g -e -v -n --size-gib
      User-Agent:
      - AZURECLI/2.50.0 (PIP) (AAZ) azsdk-python-core/1.26.0 Python/3.9.13 (Windows-10-10.0.19045-SP0)
    method: GET
    uri: https://management.azure.com/subscriptions/00000000-0000-0000-0000-000000000000/providers/Microsoft.ElasticSan/locations/southcentralusstg/asyncoperations/1535b280-9e95-4450-8838-0ecca80e9953?monitor=true&api-version=2022-12-01-preview
  response:
    body:
      string: '{"properties":{"creationData":{"createSource":"None"},"sizeGiB":2,"storageTarget":{"targetIqn":"iqn.2023-07.net.windows.core.blob.ElasticSan.es-hqrlekyswkz1:volume000007","provisioningState":"Succeeded","status":"Running","targetPortalHostname":"es-hqrlekyswkz1.z38.blob.storage.azure.net","targetPortalPort":3260},"volumeId":"c329b29a-7045-4ff4-a339-3bf4bdf6e278"},"id":"/subscriptions/00000000-0000-0000-0000-000000000000/resourceGroups/clitest.rg.testelasticsan.volumegroup000001/providers/Microsoft.ElasticSan/elasticSans/elastic-san000002/volumegroups/volume-group000003/volumes/volume000007","name":"volume000007","type":"Microsoft.ElasticSan/ElasticSans","systemData":{"createdAt":"2023-07-24T08:35:09.8270181Z","createdBy":"zhiyihuang@microsoft.com","createdByType":"User","lastModifiedAt":"2023-07-24T08:35:09.8270181Z","lastModifiedBy":"zhiyihuang@microsoft.com","lastModifiedByType":"User"}}'
    headers:
      cache-control:
      - no-cache
      content-length:
      - '902'
      content-type:
      - application/json
      date:
      - Mon, 24 Jul 2023 08:35:44 GMT
      expires:
      - '-1'
      pragma:
      - no-cache
      server:
      - Microsoft-Azure-Storage-Resource-Provider/1.0,Microsoft-HTTPAPI/2.0 Microsoft-HTTPAPI/2.0
      strict-transport-security:
      - max-age=31536000; includeSubDomains
      transfer-encoding:
      - chunked
      vary:
      - Accept-Encoding
      x-content-type-options:
      - nosniff
    status:
      code: 200
      message: OK
- request:
    body: null
    headers:
      Accept:
      - application/json
      Accept-Encoding:
      - gzip, deflate
      CommandName:
      - elastic-san volume show
      Connection:
      - keep-alive
      ParameterSetName:
      - -g -e -v -n
      User-Agent:
      - AZURECLI/2.50.0 (PIP) (AAZ) azsdk-python-core/1.26.0 Python/3.9.13 (Windows-10-10.0.19045-SP0)
    method: GET
    uri: https://management.azure.com/subscriptions/00000000-0000-0000-0000-000000000000/resourceGroups/clitest.rg.testelasticsan.volumegroup000001/providers/Microsoft.ElasticSan/elasticSans/elastic-san000002/volumegroups/volume-group000003/volumes/volume000007?api-version=2022-12-01-preview
  response:
    body:
      string: '{"properties":{"creationData":{"createSource":"None"},"sizeGiB":2,"storageTarget":{"targetIqn":"iqn.2023-07.net.windows.core.blob.ElasticSan.es-hqrlekyswkz1:volume000007","provisioningState":"Succeeded","status":"Running","targetPortalHostname":"es-hqrlekyswkz1.z38.blob.storage.azure.net","targetPortalPort":3260},"volumeId":"c329b29a-7045-4ff4-a339-3bf4bdf6e278"},"id":"/subscriptions/00000000-0000-0000-0000-000000000000/resourceGroups/clitest.rg.testelasticsan.volumegroup000001/providers/Microsoft.ElasticSan/elasticSans/elastic-san000002/volumegroups/volume-group000003/volumes/volume000007","name":"volume000007","type":"Microsoft.ElasticSan/ElasticSans","systemData":{"createdAt":"2023-07-24T08:35:09.8270181Z","createdBy":"zhiyihuang@microsoft.com","createdByType":"User","lastModifiedAt":"2023-07-24T08:35:09.8270181Z","lastModifiedBy":"zhiyihuang@microsoft.com","lastModifiedByType":"User"}}'
    headers:
      cache-control:
      - no-cache
      content-length:
      - '902'
      content-type:
      - application/json
      date:
      - Mon, 24 Jul 2023 08:35:46 GMT
      expires:
      - '-1'
      pragma:
      - no-cache
      server:
      - Microsoft-Azure-Storage-Resource-Provider/1.0,Microsoft-HTTPAPI/2.0 Microsoft-HTTPAPI/2.0
      strict-transport-security:
      - max-age=31536000; includeSubDomains
      transfer-encoding:
      - chunked
      vary:
      - Accept-Encoding
      x-content-type-options:
      - nosniff
    status:
      code: 200
      message: OK
- request:
    body: null
    headers:
      Accept:
      - application/json
      Accept-Encoding:
      - gzip, deflate
      CommandName:
      - elastic-san volume list
      Connection:
      - keep-alive
      ParameterSetName:
      - -g -e -v
      User-Agent:
      - AZURECLI/2.50.0 (PIP) (AAZ) azsdk-python-core/1.26.0 Python/3.9.13 (Windows-10-10.0.19045-SP0)
    method: GET
    uri: https://management.azure.com/subscriptions/00000000-0000-0000-0000-000000000000/resourceGroups/clitest.rg.testelasticsan.volumegroup000001/providers/Microsoft.ElasticSan/elasticSans/elastic-san000002/volumegroups/volume-group000003/volumes?api-version=2022-12-01-preview
  response:
    body:
      string: '{"value":[{"properties":{"creationData":{"createSource":"None"},"sizeGiB":2,"storageTarget":{"targetIqn":"iqn.2023-07.net.windows.core.blob.ElasticSan.es-hqrlekyswkz1:volume000007","provisioningState":"Succeeded","status":"Running","targetPortalHostname":"es-hqrlekyswkz1.z38.blob.storage.azure.net","targetPortalPort":3260},"volumeId":"c329b29a-7045-4ff4-a339-3bf4bdf6e278"},"id":"/subscriptions/00000000-0000-0000-0000-000000000000/resourceGroups/clitest.rg.testelasticsan.volumegroup000001/providers/Microsoft.ElasticSan/elasticSans/elastic-san000002/volumegroups/volume-group000003/volumes/volume000007","name":"volume000007","type":"Microsoft.ElasticSan/ElasticSans","systemData":{"createdAt":"2023-07-24T08:35:09.8270181Z","createdBy":"zhiyihuang@microsoft.com","createdByType":"User","lastModifiedAt":"2023-07-24T08:35:09.8270181Z","lastModifiedBy":"zhiyihuang@microsoft.com","lastModifiedByType":"User"}}]}'
    headers:
      cache-control:
      - no-cache
      content-length:
      - '914'
      content-type:
      - application/json
      date:
      - Mon, 24 Jul 2023 08:35:48 GMT
      expires:
      - '-1'
      pragma:
      - no-cache
      server:
      - Microsoft-Azure-Storage-Resource-Provider/1.0,Microsoft-HTTPAPI/2.0 Microsoft-HTTPAPI/2.0
      strict-transport-security:
      - max-age=31536000; includeSubDomains
      transfer-encoding:
      - chunked
      vary:
      - Accept-Encoding
      x-content-type-options:
      - nosniff
    status:
      code: 200
      message: OK
- request:
    body: null
    headers:
      Accept:
      - application/json
      Accept-Encoding:
      - gzip, deflate
      CommandName:
      - elastic-san volume update
      Connection:
      - keep-alive
      ParameterSetName:
      - -g -e -v -n --size-gib
      User-Agent:
      - AZURECLI/2.50.0 (PIP) (AAZ) azsdk-python-core/1.26.0 Python/3.9.13 (Windows-10-10.0.19045-SP0)
    method: GET
    uri: https://management.azure.com/subscriptions/00000000-0000-0000-0000-000000000000/resourceGroups/clitest.rg.testelasticsan.volumegroup000001/providers/Microsoft.ElasticSan/elasticSans/elastic-san000002/volumegroups/volume-group000003/volumes/volume000007?api-version=2022-12-01-preview
  response:
    body:
      string: '{"properties":{"creationData":{"createSource":"None"},"sizeGiB":2,"storageTarget":{"targetIqn":"iqn.2023-07.net.windows.core.blob.ElasticSan.es-hqrlekyswkz1:volume000007","provisioningState":"Succeeded","status":"Running","targetPortalHostname":"es-hqrlekyswkz1.z38.blob.storage.azure.net","targetPortalPort":3260},"volumeId":"c329b29a-7045-4ff4-a339-3bf4bdf6e278"},"id":"/subscriptions/00000000-0000-0000-0000-000000000000/resourceGroups/clitest.rg.testelasticsan.volumegroup000001/providers/Microsoft.ElasticSan/elasticSans/elastic-san000002/volumegroups/volume-group000003/volumes/volume000007","name":"volume000007","type":"Microsoft.ElasticSan/ElasticSans","systemData":{"createdAt":"2023-07-24T08:35:09.8270181Z","createdBy":"zhiyihuang@microsoft.com","createdByType":"User","lastModifiedAt":"2023-07-24T08:35:09.8270181Z","lastModifiedBy":"zhiyihuang@microsoft.com","lastModifiedByType":"User"}}'
    headers:
      cache-control:
      - no-cache
      content-length:
      - '902'
      content-type:
      - application/json
      date:
      - Mon, 24 Jul 2023 08:35:49 GMT
      expires:
      - '-1'
      pragma:
      - no-cache
      server:
      - Microsoft-Azure-Storage-Resource-Provider/1.0,Microsoft-HTTPAPI/2.0 Microsoft-HTTPAPI/2.0
      strict-transport-security:
      - max-age=31536000; includeSubDomains
      transfer-encoding:
      - chunked
      vary:
      - Accept-Encoding
      x-content-type-options:
      - nosniff
    status:
      code: 200
      message: OK
- request:
    body: '{"properties": {"creationData": {"createSource": "None"}, "sizeGiB": 3}}'
    headers:
      Accept:
      - application/json
      Accept-Encoding:
      - gzip, deflate
      CommandName:
      - elastic-san volume update
      Connection:
      - keep-alive
      Content-Length:
      - '72'
      Content-Type:
      - application/json
      ParameterSetName:
      - -g -e -v -n --size-gib
      User-Agent:
      - AZURECLI/2.50.0 (PIP) (AAZ) azsdk-python-core/1.26.0 Python/3.9.13 (Windows-10-10.0.19045-SP0)
    method: PUT
    uri: https://management.azure.com/subscriptions/00000000-0000-0000-0000-000000000000/resourceGroups/clitest.rg.testelasticsan.volumegroup000001/providers/Microsoft.ElasticSan/elasticSans/elastic-san000002/volumegroups/volume-group000003/volumes/volume000007?api-version=2022-12-01-preview
  response:
    body:
      string: '{"properties":{"creationData":{"createSource":"None"},"sizeGiB":3,"storageTarget":{"targetIqn":"iqn.2023-07.net.windows.core.blob.ElasticSan.es-hqrlekyswkz1:volume000007","provisioningState":"Updating","status":"Pending","targetPortalHostname":"es-hqrlekyswkz1.z38.blob.storage.azure.net","targetPortalPort":3260},"volumeId":"c329b29a-7045-4ff4-a339-3bf4bdf6e278"},"id":"/subscriptions/00000000-0000-0000-0000-000000000000/resourceGroups/clitest.rg.testelasticsan.volumegroup000001/providers/Microsoft.ElasticSan/elasticSans/elastic-san000002/volumegroups/volume-group000003/volumes/volume000007","name":"volume000007","type":"Microsoft.ElasticSan/ElasticSans","systemData":{"createdAt":"2023-07-24T08:35:50.1595437Z","createdBy":"zhiyihuang@microsoft.com","createdByType":"User","lastModifiedAt":"2023-07-24T08:35:50.1595437Z","lastModifiedBy":"zhiyihuang@microsoft.com","lastModifiedByType":"User"}}'
    headers:
      cache-control:
      - no-cache
      content-length:
      - '901'
      content-type:
      - application/json
      date:
      - Mon, 24 Jul 2023 08:35:49 GMT
      expires:
      - '-1'
      location:
      - https://management.azure.com/subscriptions/00000000-0000-0000-0000-000000000000/providers/Microsoft.ElasticSan/locations/southcentralusstg/asyncoperations/acb34f23-0a8a-4130-a043-00f52dc4a071?monitor=true&api-version=2022-12-01-preview
      pragma:
      - no-cache
      server:
      - Microsoft-Azure-Storage-Resource-Provider/1.0,Microsoft-HTTPAPI/2.0 Microsoft-HTTPAPI/2.0
      strict-transport-security:
      - max-age=31536000; includeSubDomains
      x-content-type-options:
      - nosniff
      x-ms-ratelimit-remaining-subscription-writes:
      - '1193'
    status:
      code: 201
      message: Created
- request:
    body: null
    headers:
      Accept:
      - '*/*'
      Accept-Encoding:
      - gzip, deflate
      CommandName:
      - elastic-san volume update
      Connection:
      - keep-alive
      ParameterSetName:
      - -g -e -v -n --size-gib
      User-Agent:
      - AZURECLI/2.50.0 (PIP) (AAZ) azsdk-python-core/1.26.0 Python/3.9.13 (Windows-10-10.0.19045-SP0)
    method: GET
    uri: https://management.azure.com/subscriptions/00000000-0000-0000-0000-000000000000/providers/Microsoft.ElasticSan/locations/southcentralusstg/asyncoperations/acb34f23-0a8a-4130-a043-00f52dc4a071?monitor=true&api-version=2022-12-01-preview
  response:
    body:
      string: '{"properties":{"creationData":{"createSource":"None"},"sizeGiB":3,"storageTarget":{"targetIqn":"iqn.2023-07.net.windows.core.blob.ElasticSan.es-hqrlekyswkz1:volume000007","provisioningState":"Succeeded","status":"Running","targetPortalHostname":"es-hqrlekyswkz1.z38.blob.storage.azure.net","targetPortalPort":3260},"volumeId":"c329b29a-7045-4ff4-a339-3bf4bdf6e278"},"id":"/subscriptions/00000000-0000-0000-0000-000000000000/resourceGroups/clitest.rg.testelasticsan.volumegroup000001/providers/Microsoft.ElasticSan/elasticSans/elastic-san000002/volumegroups/volume-group000003/volumes/volume000007","name":"volume000007","type":"Microsoft.ElasticSan/ElasticSans","systemData":{"createdAt":"2023-07-24T08:35:50.1595437Z","createdBy":"zhiyihuang@microsoft.com","createdByType":"User","lastModifiedAt":"2023-07-24T08:35:50.1595437Z","lastModifiedBy":"zhiyihuang@microsoft.com","lastModifiedByType":"User"}}'
    headers:
      cache-control:
      - no-cache
      content-length:
      - '902'
      content-type:
      - application/json
      date:
      - Mon, 24 Jul 2023 08:35:50 GMT
      expires:
      - '-1'
      pragma:
      - no-cache
      server:
      - Microsoft-Azure-Storage-Resource-Provider/1.0,Microsoft-HTTPAPI/2.0 Microsoft-HTTPAPI/2.0
      strict-transport-security:
      - max-age=31536000; includeSubDomains
      transfer-encoding:
      - chunked
      vary:
      - Accept-Encoding
      x-content-type-options:
      - nosniff
    status:
      code: 200
      message: OK
- request:
    body: null
    headers:
      Accept:
      - '*/*'
      Accept-Encoding:
      - gzip, deflate
      CommandName:
      - elastic-san volume delete
      Connection:
      - keep-alive
      Content-Length:
      - '0'
      ParameterSetName:
      - -g -e -v -n -y
      User-Agent:
      - AZURECLI/2.50.0 (PIP) (AAZ) azsdk-python-core/1.26.0 Python/3.9.13 (Windows-10-10.0.19045-SP0)
    method: DELETE
    uri: https://management.azure.com/subscriptions/00000000-0000-0000-0000-000000000000/resourceGroups/clitest.rg.testelasticsan.volumegroup000001/providers/Microsoft.ElasticSan/elasticSans/elastic-san000002/volumegroups/volume-group000003/volumes/volume000007?api-version=2022-12-01-preview
  response:
    body:
      string: '{"properties":{"creationData":{"createSource":"None"},"sizeGiB":3,"storageTarget":{"targetIqn":"iqn.2023-07.net.windows.core.blob.ElasticSan.es-hqrlekyswkz1:volume000007","provisioningState":"Deleting","status":"Running","targetPortalHostname":"es-hqrlekyswkz1.z38.blob.storage.azure.net","targetPortalPort":3260},"volumeId":"c329b29a-7045-4ff4-a339-3bf4bdf6e278"},"id":"/subscriptions/00000000-0000-0000-0000-000000000000/resourceGroups/clitest.rg.testelasticsan.volumegroup000001/providers/Microsoft.ElasticSan/elasticSans/elastic-san000002/volumegroups/volume-group000003/volumes/volume000007","name":"volume000007","type":"Microsoft.ElasticSan/ElasticSans","systemData":{"createdAt":"2023-07-24T08:35:50.1595437Z","createdBy":"zhiyihuang@microsoft.com","createdByType":"User","lastModifiedAt":"2023-07-24T08:35:50.1595437Z","lastModifiedBy":"zhiyihuang@microsoft.com","lastModifiedByType":"User"}}'
    headers:
      cache-control:
      - no-cache
      content-length:
      - '901'
      content-type:
      - application/json
      date:
      - Mon, 24 Jul 2023 08:35:52 GMT
      expires:
      - '-1'
      location:
      - https://management.azure.com/subscriptions/00000000-0000-0000-0000-000000000000/providers/Microsoft.ElasticSan/locations/southcentralusstg/asyncoperations/f933b310-bcb8-471f-9ab7-446822613148?monitor=true&api-version=2022-12-01-preview
      pragma:
      - no-cache
      server:
      - Microsoft-Azure-Storage-Resource-Provider/1.0,Microsoft-HTTPAPI/2.0 Microsoft-HTTPAPI/2.0
      strict-transport-security:
      - max-age=31536000; includeSubDomains
      x-content-type-options:
      - nosniff
      x-ms-ratelimit-remaining-subscription-deletes:
      - '14993'
    status:
      code: 202
      message: Accepted
- request:
    body: null
    headers:
      Accept:
      - '*/*'
      Accept-Encoding:
      - gzip, deflate
      CommandName:
      - elastic-san volume delete
      Connection:
      - keep-alive
      ParameterSetName:
      - -g -e -v -n -y
      User-Agent:
      - AZURECLI/2.50.0 (PIP) (AAZ) azsdk-python-core/1.26.0 Python/3.9.13 (Windows-10-10.0.19045-SP0)
    method: GET
    uri: https://management.azure.com/subscriptions/00000000-0000-0000-0000-000000000000/providers/Microsoft.ElasticSan/locations/southcentralusstg/asyncoperations/f933b310-bcb8-471f-9ab7-446822613148?monitor=true&api-version=2022-12-01-preview
  response:
    body:
      string: ''
    headers:
      cache-control:
      - no-cache
      content-length:
      - '0'
      content-type:
      - text/plain; charset=utf-8
      date:
      - Mon, 24 Jul 2023 08:35:52 GMT
      expires:
      - '-1'
      pragma:
      - no-cache
      server:
      - Microsoft-Azure-Storage-Resource-Provider/1.0,Microsoft-HTTPAPI/2.0 Microsoft-HTTPAPI/2.0
      strict-transport-security:
      - max-age=31536000; includeSubDomains
      x-content-type-options:
      - nosniff
    status:
      code: 200
      message: OK
- request:
    body: null
    headers:
      Accept:
      - application/json
      Accept-Encoding:
      - gzip, deflate
      CommandName:
      - elastic-san volume list
      Connection:
      - keep-alive
      ParameterSetName:
      - -g -e -v
      User-Agent:
      - AZURECLI/2.50.0 (PIP) (AAZ) azsdk-python-core/1.26.0 Python/3.9.13 (Windows-10-10.0.19045-SP0)
    method: GET
    uri: https://management.azure.com/subscriptions/00000000-0000-0000-0000-000000000000/resourceGroups/clitest.rg.testelasticsan.volumegroup000001/providers/Microsoft.ElasticSan/elasticSans/elastic-san000002/volumegroups/volume-group000003/volumes?api-version=2022-12-01-preview
  response:
    body:
      string: '{"value":[]}'
    headers:
      cache-control:
      - no-cache
      content-length:
      - '12'
      content-type:
      - application/json
      date:
      - Mon, 24 Jul 2023 08:35:54 GMT
      expires:
      - '-1'
      pragma:
      - no-cache
      server:
      - Microsoft-Azure-Storage-Resource-Provider/1.0,Microsoft-HTTPAPI/2.0 Microsoft-HTTPAPI/2.0
      strict-transport-security:
      - max-age=31536000; includeSubDomains
      transfer-encoding:
      - chunked
      vary:
      - Accept-Encoding
      x-content-type-options:
      - nosniff
    status:
      code: 200
      message: OK
- request:
    body: null
    headers:
      Accept:
      - '*/*'
      Accept-Encoding:
      - gzip, deflate
      CommandName:
      - elastic-san volume-group delete
      Connection:
      - keep-alive
      Content-Length:
      - '0'
      ParameterSetName:
      - -g -e -n -y
      User-Agent:
      - AZURECLI/2.50.0 (PIP) (AAZ) azsdk-python-core/1.26.0 Python/3.9.13 (Windows-10-10.0.19045-SP0)
    method: DELETE
    uri: https://management.azure.com/subscriptions/00000000-0000-0000-0000-000000000000/resourceGroups/clitest.rg.testelasticsan.volumegroup000001/providers/Microsoft.ElasticSan/elasticSans/elastic-san000002/volumegroups/volume-group000003?api-version=2022-12-01-preview
  response:
    body:
      string: '{"properties":{"provisioningState":"Deleting","networkAcls":{"virtualNetworkRules":[{"action":"Allow","id":"/subscriptions/00000000-0000-0000-0000-000000000000/resourceGroups/clitest.rg.testelasticsan.volumegroup000001/providers/Microsoft.Network/virtualNetworks/vnet000004/subnets/subnet000006","state":"Provisioning"}]},"protocolType":"None","encryption":"EncryptionAtRestWithPlatformKey"},"id":"/subscriptions/00000000-0000-0000-0000-000000000000/resourceGroups/clitest.rg.testelasticsan.volumegroup000001/providers/Microsoft.ElasticSan/elasticSans/elastic-san000002/volumegroups/volume-group000003","name":"volume-group000003","type":"Microsoft.ElasticSan/elasticSans/volumeGroups","systemData":{"createdAt":"2023-07-24T08:35:06.9821831Z","createdBy":"zhiyihuang@microsoft.com","createdByType":"User","lastModifiedAt":"2023-07-24T08:35:06.9821831Z","lastModifiedBy":"zhiyihuang@microsoft.com","lastModifiedByType":"User"}}'
    headers:
      cache-control:
      - no-cache
      content-length:
      - '926'
      content-type:
      - application/json
      date:
      - Mon, 24 Jul 2023 08:35:56 GMT
      expires:
      - '-1'
      location:
      - https://management.azure.com/subscriptions/00000000-0000-0000-0000-000000000000/providers/Microsoft.ElasticSan/locations/southcentralusstg/asyncoperations/cbfcd331-0aa3-4ece-aabc-488922138420?monitor=true&api-version=2022-12-01-preview
      pragma:
      - no-cache
      server:
      - Microsoft-Azure-Storage-Resource-Provider/1.0,Microsoft-HTTPAPI/2.0 Microsoft-HTTPAPI/2.0
      strict-transport-security:
      - max-age=31536000; includeSubDomains
      x-content-type-options:
      - nosniff
      x-ms-ratelimit-remaining-subscription-deletes:
      - '14999'
    status:
      code: 202
      message: Accepted
- request:
    body: null
    headers:
      Accept:
      - '*/*'
      Accept-Encoding:
      - gzip, deflate
      CommandName:
      - elastic-san volume-group delete
      Connection:
      - keep-alive
      ParameterSetName:
      - -g -e -n -y
      User-Agent:
      - AZURECLI/2.50.0 (PIP) (AAZ) azsdk-python-core/1.26.0 Python/3.9.13 (Windows-10-10.0.19045-SP0)
    method: GET
    uri: https://management.azure.com/subscriptions/00000000-0000-0000-0000-000000000000/providers/Microsoft.ElasticSan/locations/southcentralusstg/asyncoperations/cbfcd331-0aa3-4ece-aabc-488922138420?monitor=true&api-version=2022-12-01-preview
  response:
    body:
      string: ''
    headers:
      cache-control:
      - no-cache
      content-length:
      - '0'
      content-type:
      - text/plain; charset=utf-8
      date:
      - Mon, 24 Jul 2023 08:35:56 GMT
      expires:
      - '-1'
      location:
      - https://management.azure.com/subscriptions/00000000-0000-0000-0000-000000000000/providers/Microsoft.ElasticSan/locations/southcentralusstg/asyncoperations/cbfcd331-0aa3-4ece-aabc-488922138420?monitor=true&api-version=2022-12-01-preview
      pragma:
      - no-cache
      server:
      - Microsoft-Azure-Storage-Resource-Provider/1.0,Microsoft-HTTPAPI/2.0 Microsoft-HTTPAPI/2.0
      strict-transport-security:
      - max-age=31536000; includeSubDomains
      x-content-type-options:
      - nosniff
    status:
      code: 202
      message: Accepted
- request:
    body: null
    headers:
      Accept:
      - '*/*'
      Accept-Encoding:
      - gzip, deflate
      CommandName:
      - elastic-san volume-group delete
      Connection:
      - keep-alive
      ParameterSetName:
      - -g -e -n -y
      User-Agent:
      - AZURECLI/2.50.0 (PIP) (AAZ) azsdk-python-core/1.26.0 Python/3.9.13 (Windows-10-10.0.19045-SP0)
    method: GET
    uri: https://management.azure.com/subscriptions/00000000-0000-0000-0000-000000000000/providers/Microsoft.ElasticSan/locations/southcentralusstg/asyncoperations/cbfcd331-0aa3-4ece-aabc-488922138420?monitor=true&api-version=2022-12-01-preview
  response:
    body:
      string: ''
    headers:
      cache-control:
      - no-cache
      content-length:
      - '0'
      content-type:
      - text/plain; charset=utf-8
      date:
      - Mon, 24 Jul 2023 08:36:14 GMT
      expires:
      - '-1'
      pragma:
      - no-cache
      server:
      - Microsoft-Azure-Storage-Resource-Provider/1.0,Microsoft-HTTPAPI/2.0 Microsoft-HTTPAPI/2.0
      strict-transport-security:
      - max-age=31536000; includeSubDomains
      x-content-type-options:
      - nosniff
    status:
      code: 200
      message: OK
- request:
    body: null
    headers:
      Accept:
      - '*/*'
      Accept-Encoding:
      - gzip, deflate
      CommandName:
      - elastic-san delete
      Connection:
      - keep-alive
      Content-Length:
      - '0'
      ParameterSetName:
      - -g -n -y
      User-Agent:
      - AZURECLI/2.50.0 (PIP) (AAZ) azsdk-python-core/1.26.0 Python/3.9.13 (Windows-10-10.0.19045-SP0)
    method: DELETE
    uri: https://management.azure.com/subscriptions/00000000-0000-0000-0000-000000000000/resourceGroups/clitest.rg.testelasticsan.volumegroup000001/providers/Microsoft.ElasticSan/elasticSans/elastic-san000002?api-version=2022-12-01-preview
  response:
    body:
      string: '{"location":"southcentralusstg","properties":{"sku":{"name":"Premium_LRS","tier":"Premium"},"provisioningState":"Deleting","baseSizeTiB":23,"extendedCapacitySizeTiB":14,"totalIops":115000,"totalMBps":1840,"totalSizeTiB":37,"volumeGroupCount":0,"totalVolumeSizeGiB":0},"id":"/subscriptions/00000000-0000-0000-0000-000000000000/resourceGroups/clitest.rg.testelasticsan.volumegroup000001/providers/Microsoft.ElasticSan/elasticSans/elastic-san000002","name":"elastic-san000002","type":"Microsoft.ElasticSan/ElasticSans","tags":{"key1810":"aaaa"},"systemData":{"createdAt":"2023-07-24T08:33:54.2378231Z","createdBy":"zhiyihuang@microsoft.com","createdByType":"User","lastModifiedAt":"2023-07-24T08:33:54.2378231Z","lastModifiedBy":"zhiyihuang@microsoft.com","lastModifiedByType":"User"}}'
    headers:
      cache-control:
      - no-cache
      content-length:
      - '782'
      content-type:
      - application/json
      date:
      - Mon, 24 Jul 2023 08:36:37 GMT
      expires:
      - '-1'
      location:
      - https://management.azure.com/subscriptions/00000000-0000-0000-0000-000000000000/providers/Microsoft.ElasticSan/locations/southcentralusstg/asyncoperations/b0638ffe-b449-4743-ac16-7595b9761994?monitor=true&api-version=2022-12-01-preview
      pragma:
      - no-cache
      server:
      - Microsoft-Azure-Storage-Resource-Provider/1.0,Microsoft-HTTPAPI/2.0 Microsoft-HTTPAPI/2.0
      strict-transport-security:
      - max-age=31536000; includeSubDomains
      x-content-type-options:
      - nosniff
      x-ms-ratelimit-remaining-subscription-deletes:
      - '14992'
    status:
      code: 202
      message: Accepted
- request:
    body: null
    headers:
      Accept:
      - '*/*'
      Accept-Encoding:
      - gzip, deflate
      CommandName:
      - elastic-san delete
      Connection:
      - keep-alive
      ParameterSetName:
      - -g -n -y
      User-Agent:
      - AZURECLI/2.50.0 (PIP) (AAZ) azsdk-python-core/1.26.0 Python/3.9.13 (Windows-10-10.0.19045-SP0)
    method: GET
    uri: https://management.azure.com/subscriptions/00000000-0000-0000-0000-000000000000/providers/Microsoft.ElasticSan/locations/southcentralusstg/asyncoperations/b0638ffe-b449-4743-ac16-7595b9761994?monitor=true&api-version=2022-12-01-preview
  response:
    body:
      string: ''
    headers:
      cache-control:
      - no-cache
      content-length:
      - '0'
      content-type:
      - text/plain; charset=utf-8
      date:
      - Mon, 24 Jul 2023 08:36:37 GMT
      expires:
      - '-1'
      location:
      - https://management.azure.com/subscriptions/00000000-0000-0000-0000-000000000000/providers/Microsoft.ElasticSan/locations/southcentralusstg/asyncoperations/b0638ffe-b449-4743-ac16-7595b9761994?monitor=true&api-version=2022-12-01-preview
      pragma:
      - no-cache
      server:
      - Microsoft-Azure-Storage-Resource-Provider/1.0,Microsoft-HTTPAPI/2.0 Microsoft-HTTPAPI/2.0
      strict-transport-security:
      - max-age=31536000; includeSubDomains
      x-content-type-options:
      - nosniff
    status:
      code: 202
      message: Accepted
- request:
    body: null
    headers:
      Accept:
      - '*/*'
      Accept-Encoding:
      - gzip, deflate
      CommandName:
      - elastic-san delete
      Connection:
      - keep-alive
      ParameterSetName:
      - -g -n -y
      User-Agent:
      - AZURECLI/2.50.0 (PIP) (AAZ) azsdk-python-core/1.26.0 Python/3.9.13 (Windows-10-10.0.19045-SP0)
    method: GET
    uri: https://management.azure.com/subscriptions/00000000-0000-0000-0000-000000000000/providers/Microsoft.ElasticSan/locations/southcentralusstg/asyncoperations/b0638ffe-b449-4743-ac16-7595b9761994?monitor=true&api-version=2022-12-01-preview
  response:
    body:
      string: ''
    headers:
      cache-control:
      - no-cache
      content-length:
      - '0'
      content-type:
      - text/plain; charset=utf-8
      date:
      - Mon, 24 Jul 2023 08:36:54 GMT
      expires:
      - '-1'
      pragma:
      - no-cache
      server:
      - Microsoft-Azure-Storage-Resource-Provider/1.0,Microsoft-HTTPAPI/2.0 Microsoft-HTTPAPI/2.0
      strict-transport-security:
      - max-age=31536000; includeSubDomains
      x-content-type-options:
      - nosniff
    status:
      code: 200
      message: OK
version: 1
