interactions:
- request:
    body: '{"location": "southcentralusstg", "properties": {"baseSizeTiB": 23, "extendedCapacitySizeTiB":
      14, "sku": {"name": "Premium_LRS", "tier": "Premium"}}, "tags": {"key1810":
      "aaaa"}}'
    headers:
      Accept:
      - application/json
      Accept-Encoding:
      - gzip, deflate
      CommandName:
      - elastic-san create
      Connection:
      - keep-alive
      Content-Length:
      - '179'
      Content-Type:
      - application/json
      ParameterSetName:
      - -n -g --tags -l --base-size-tib --extended-capacity-size-tib --sku
      User-Agent:
      - AZURECLI/2.44.1 (AAZ) azsdk-python-core/1.24.0 Python/3.10.8 (Linux-5.15.0-1023-azure-x86_64-with-glibc2.31)
        VSTS_7b238909-6802-4b65-b90d-184bca47f458_build_261_0
    method: PUT
    uri: https://management.azure.com/subscriptions/00000000-0000-0000-0000-000000000000/resourceGroups/clitest.rg.testelasticsan.volumegroup000001/providers/Microsoft.ElasticSan/elasticSans/elastic-san000002?api-version=2021-11-20-preview
  response:
    body:
      string: '{"properties":{"sku":{"name":"Premium_LRS","tier":"Premium"},"provisioningState":"Creating","baseSizeTiB":23,"extendedCapacitySizeTiB":14,"totalIops":115000,"totalMBps":1840,"totalSizeTiB":37,"volumeGroupCount":0,"totalVolumeSizeGiB":0},"location":"southcentralusstg","id":"/subscriptions/00000000-0000-0000-0000-000000000000/resourceGroups/clitest.rg.testelasticsan.volumegroup000001/providers/Microsoft.ElasticSan/elasticSans/elastic-san000002","name":"elastic-san000002","type":"Microsoft.ElasticSan/ElasticSans","tags":{"key1810":"aaaa"},"systemData":{"createdAt":"2023-01-16T05:15:22.9646635Z","createdBy":"azureclilivetest@azuresdkteam.onmicrosoft.com","createdByType":"User","lastModifiedAt":"2023-01-16T05:15:22.9646635Z","lastModifiedBy":"azureclilivetest@azuresdkteam.onmicrosoft.com","lastModifiedByType":"User"}}'
    headers:
      cache-control:
      - no-cache
      content-length:
      - '824'
      content-type:
      - application/json
      date:
      - Mon, 16 Jan 2023 05:15:24 GMT
      expires:
      - '-1'
      location:
      - https://management.azure.com/subscriptions/00000000-0000-0000-0000-000000000000/providers/Microsoft.ElasticSan/locations/southcentralusstg/asyncoperations/675387ae-439d-42e1-9e5b-0f7a7ac829eb?monitor=true&api-version=2021-11-20-preview
      pragma:
      - no-cache
      server:
      - Microsoft-Azure-Storage-Resource-Provider/1.0,Microsoft-HTTPAPI/2.0 Microsoft-HTTPAPI/2.0
      strict-transport-security:
      - max-age=31536000; includeSubDomains
      x-content-type-options:
      - nosniff
      x-ms-ratelimit-remaining-subscription-writes:
      - '1199'
    status:
      code: 202
      message: Accepted
- request:
    body: null
    headers:
      Accept:
      - '*/*'
      Accept-Encoding:
      - gzip, deflate
      CommandName:
      - elastic-san create
      Connection:
      - keep-alive
      ParameterSetName:
      - -n -g --tags -l --base-size-tib --extended-capacity-size-tib --sku
      User-Agent:
      - AZURECLI/2.44.1 (AAZ) azsdk-python-core/1.24.0 Python/3.10.8 (Linux-5.15.0-1023-azure-x86_64-with-glibc2.31)
        VSTS_7b238909-6802-4b65-b90d-184bca47f458_build_261_0
    method: GET
    uri: https://management.azure.com/subscriptions/00000000-0000-0000-0000-000000000000/providers/Microsoft.ElasticSan/locations/southcentralusstg/asyncoperations/675387ae-439d-42e1-9e5b-0f7a7ac829eb?monitor=true&api-version=2021-11-20-preview
  response:
    body:
      string: ''
    headers:
      cache-control:
      - no-cache
      content-length:
      - '0'
      content-type:
      - text/plain; charset=utf-8
      date:
      - Mon, 16 Jan 2023 05:15:41 GMT
      expires:
      - '-1'
      location:
      - https://management.azure.com/subscriptions/00000000-0000-0000-0000-000000000000/providers/Microsoft.ElasticSan/locations/southcentralusstg/asyncoperations/675387ae-439d-42e1-9e5b-0f7a7ac829eb?monitor=true&api-version=2021-11-20-preview
      pragma:
      - no-cache
      server:
      - Microsoft-Azure-Storage-Resource-Provider/1.0,Microsoft-HTTPAPI/2.0 Microsoft-HTTPAPI/2.0
      strict-transport-security:
      - max-age=31536000; includeSubDomains
      x-content-type-options:
      - nosniff
    status:
      code: 202
      message: Accepted
- request:
    body: null
    headers:
      Accept:
      - '*/*'
      Accept-Encoding:
      - gzip, deflate
      CommandName:
      - elastic-san create
      Connection:
      - keep-alive
      ParameterSetName:
      - -n -g --tags -l --base-size-tib --extended-capacity-size-tib --sku
      User-Agent:
      - AZURECLI/2.44.1 (AAZ) azsdk-python-core/1.24.0 Python/3.10.8 (Linux-5.15.0-1023-azure-x86_64-with-glibc2.31)
        VSTS_7b238909-6802-4b65-b90d-184bca47f458_build_261_0
    method: GET
    uri: https://management.azure.com/subscriptions/00000000-0000-0000-0000-000000000000/providers/Microsoft.ElasticSan/locations/southcentralusstg/asyncoperations/675387ae-439d-42e1-9e5b-0f7a7ac829eb?monitor=true&api-version=2021-11-20-preview
  response:
    body:
      string: '{"properties":{"sku":{"name":"Premium_LRS","tier":"Premium"},"provisioningState":"Succeeded","baseSizeTiB":23,"extendedCapacitySizeTiB":14,"totalIops":115000,"totalMBps":1840,"totalSizeTiB":37,"volumeGroupCount":0,"totalVolumeSizeGiB":0},"location":"southcentralusstg","id":"/subscriptions/00000000-0000-0000-0000-000000000000/resourceGroups/clitest.rg.testelasticsan.volumegroup000001/providers/Microsoft.ElasticSan/elasticSans/elastic-san000002","name":"elastic-san000002","type":"Microsoft.ElasticSan/ElasticSans","tags":{"key1810":"aaaa"},"systemData":{"createdAt":"2023-01-16T05:15:22.9646635Z","createdBy":"azureclilivetest@azuresdkteam.onmicrosoft.com","createdByType":"User","lastModifiedAt":"2023-01-16T05:15:22.9646635Z","lastModifiedBy":"azureclilivetest@azuresdkteam.onmicrosoft.com","lastModifiedByType":"User"}}'
    headers:
      cache-control:
      - no-cache
      content-length:
      - '825'
      content-type:
      - application/json
      date:
      - Mon, 16 Jan 2023 05:15:58 GMT
      expires:
      - '-1'
      pragma:
      - no-cache
      server:
      - Microsoft-Azure-Storage-Resource-Provider/1.0,Microsoft-HTTPAPI/2.0 Microsoft-HTTPAPI/2.0
      strict-transport-security:
      - max-age=31536000; includeSubDomains
      transfer-encoding:
      - chunked
      vary:
      - Accept-Encoding
      x-content-type-options:
      - nosniff
    status:
      code: 200
      message: OK
- request:
    body: null
    headers:
      Accept:
      - application/json
      Accept-Encoding:
      - gzip, deflate
      CommandName:
      - network vnet create
      Connection:
      - keep-alive
      ParameterSetName:
      - -g -n --address-prefix --subnet-name --subnet-prefix
      User-Agent:
      - AZURECLI/2.44.1 azsdk-python-azure-mgmt-resource/21.1.0b1 Python/3.10.8 (Linux-5.15.0-1023-azure-x86_64-with-glibc2.31)
        VSTS_7b238909-6802-4b65-b90d-184bca47f458_build_261_0
    method: GET
    uri: https://management.azure.com/subscriptions/00000000-0000-0000-0000-000000000000/resourcegroups/clitest.rg.testelasticsan.volumegroup000001?api-version=2021-04-01
  response:
    body:
      string: '{"id":"/subscriptions/00000000-0000-0000-0000-000000000000/resourceGroups/clitest.rg.testelasticsan.volumegroup000001","name":"clitest.rg.testelasticsan.volumegroup000001","type":"Microsoft.Resources/resourceGroups","location":"eastus2euap","tags":{"product":"azurecli","cause":"automation","date":"2023-01-16T05:15:21Z"},"properties":{"provisioningState":"Succeeded"}}'
    headers:
      cache-control:
      - no-cache
      content-length:
      - '369'
      content-type:
      - application/json; charset=utf-8
      date:
      - Mon, 16 Jan 2023 05:15:58 GMT
      expires:
      - '-1'
      pragma:
      - no-cache
      strict-transport-security:
      - max-age=31536000; includeSubDomains
      vary:
      - Accept-Encoding
      x-content-type-options:
      - nosniff
    status:
      code: 200
      message: OK
- request:
    body: '{"location": "eastus2euap", "properties": {"addressSpace": {"addressPrefixes":
      ["10.0.0.0/16"]}, "enableDdosProtection": false, "enableVmProtection": false,
      "subnets": [{"name": "subnet000005", "properties": {"addressPrefix": "10.0.0.0/24"}}]}}'
    headers:
      Accept:
      - application/json
      Accept-Encoding:
      - gzip, deflate
      CommandName:
      - network vnet create
      Connection:
      - keep-alive
      Content-Length:
      - '244'
      Content-Type:
      - application/json
      ParameterSetName:
      - -g -n --address-prefix --subnet-name --subnet-prefix
      User-Agent:
      - AZURECLI/2.44.1 (AAZ) azsdk-python-core/1.24.0 Python/3.10.8 (Linux-5.15.0-1023-azure-x86_64-with-glibc2.31)
        VSTS_7b238909-6802-4b65-b90d-184bca47f458_build_261_0
    method: PUT
    uri: https://management.azure.com/subscriptions/00000000-0000-0000-0000-000000000000/resourceGroups/clitest.rg.testelasticsan.volumegroup000001/providers/Microsoft.Network/virtualNetworks/vnet000004?api-version=2022-01-01
  response:
    body:
      string: "{\r\n  \"name\": \"vnet000004\",\r\n  \"id\": \"/subscriptions/00000000-0000-0000-0000-000000000000/resourceGroups/clitest.rg.testelasticsan.volumegroup000001/providers/Microsoft.Network/virtualNetworks/vnet000004\",\r\n
        \ \"etag\": \"W/\\\"81d07ef0-a59f-4618-b2be-c82cded41c3e\\\"\",\r\n  \"type\":
        \"Microsoft.Network/virtualNetworks\",\r\n  \"location\": \"eastus2euap\",\r\n
        \ \"properties\": {\r\n    \"provisioningState\": \"Updating\",\r\n    \"resourceGuid\":
        \"13edd3f1-c5da-4602-95fb-af13670af422\",\r\n    \"addressSpace\": {\r\n      \"addressPrefixes\":
        [\r\n        \"10.0.0.0/16\"\r\n      ]\r\n    },\r\n    \"subnets\": [\r\n
        \     {\r\n        \"name\": \"subnet000005\",\r\n        \"id\": \"/subscriptions/00000000-0000-0000-0000-000000000000/resourceGroups/clitest.rg.testelasticsan.volumegroup000001/providers/Microsoft.Network/virtualNetworks/vnet000004/subnets/subnet000005\",\r\n
        \       \"etag\": \"W/\\\"81d07ef0-a59f-4618-b2be-c82cded41c3e\\\"\",\r\n
        \       \"properties\": {\r\n          \"provisioningState\": \"Updating\",\r\n
        \         \"addressPrefix\": \"10.0.0.0/24\",\r\n          \"delegations\":
        [],\r\n          \"privateEndpointNetworkPolicies\": \"Disabled\",\r\n          \"privateLinkServiceNetworkPolicies\":
        \"Enabled\"\r\n        },\r\n        \"type\": \"Microsoft.Network/virtualNetworks/subnets\"\r\n
        \     }\r\n    ],\r\n    \"virtualNetworkPeerings\": [],\r\n    \"enableDdosProtection\":
        false\r\n  }\r\n}"
    headers:
      azure-asyncnotification:
      - Enabled
      azure-asyncoperation:
      - https://management.azure.com/subscriptions/00000000-0000-0000-0000-000000000000/providers/Microsoft.Network/locations/eastus2euap/operations/d5463a76-5829-4dc5-9720-d95916d3504d?api-version=2022-01-01
      cache-control:
      - no-cache
      content-length:
      - '1301'
      content-type:
      - application/json; charset=utf-8
      date:
      - Mon, 16 Jan 2023 05:16:00 GMT
      expires:
      - '-1'
      pragma:
      - no-cache
      server:
      - Microsoft-HTTPAPI/2.0
      - Microsoft-HTTPAPI/2.0
      strict-transport-security:
      - max-age=31536000; includeSubDomains
      x-content-type-options:
      - nosniff
      x-ms-arm-service-request-id:
      - 64dbfff4-a48f-418b-ad77-e6f591258dc0
      x-ms-ratelimit-remaining-subscription-writes:
      - '1198'
    status:
      code: 201
      message: ''
- request:
    body: null
    headers:
      Accept:
      - '*/*'
      Accept-Encoding:
      - gzip, deflate
      CommandName:
      - network vnet create
      Connection:
      - keep-alive
      ParameterSetName:
      - -g -n --address-prefix --subnet-name --subnet-prefix
      User-Agent:
      - AZURECLI/2.44.1 (AAZ) azsdk-python-core/1.24.0 Python/3.10.8 (Linux-5.15.0-1023-azure-x86_64-with-glibc2.31)
        VSTS_7b238909-6802-4b65-b90d-184bca47f458_build_261_0
    method: GET
    uri: https://management.azure.com/subscriptions/00000000-0000-0000-0000-000000000000/providers/Microsoft.Network/locations/eastus2euap/operations/d5463a76-5829-4dc5-9720-d95916d3504d?api-version=2022-01-01
  response:
    body:
      string: "{\r\n  \"status\": \"Succeeded\"\r\n}"
    headers:
      cache-control:
      - no-cache
      content-length:
      - '29'
      content-type:
      - application/json; charset=utf-8
      date:
      - Mon, 16 Jan 2023 05:16:03 GMT
      expires:
      - '-1'
      pragma:
      - no-cache
      server:
      - Microsoft-HTTPAPI/2.0
      - Microsoft-HTTPAPI/2.0
      strict-transport-security:
      - max-age=31536000; includeSubDomains
      transfer-encoding:
      - chunked
      vary:
      - Accept-Encoding
      x-content-type-options:
      - nosniff
      x-ms-arm-service-request-id:
      - 75283005-cdd0-4e5d-96da-31740619544e
    status:
      code: 200
      message: ''
- request:
    body: null
    headers:
      Accept:
      - '*/*'
      Accept-Encoding:
      - gzip, deflate
      CommandName:
      - network vnet create
      Connection:
      - keep-alive
      ParameterSetName:
      - -g -n --address-prefix --subnet-name --subnet-prefix
      User-Agent:
      - AZURECLI/2.44.1 (AAZ) azsdk-python-core/1.24.0 Python/3.10.8 (Linux-5.15.0-1023-azure-x86_64-with-glibc2.31)
        VSTS_7b238909-6802-4b65-b90d-184bca47f458_build_261_0
    method: GET
    uri: https://management.azure.com/subscriptions/00000000-0000-0000-0000-000000000000/resourceGroups/clitest.rg.testelasticsan.volumegroup000001/providers/Microsoft.Network/virtualNetworks/vnet000004?api-version=2022-01-01
  response:
    body:
      string: "{\r\n  \"name\": \"vnet000004\",\r\n  \"id\": \"/subscriptions/00000000-0000-0000-0000-000000000000/resourceGroups/clitest.rg.testelasticsan.volumegroup000001/providers/Microsoft.Network/virtualNetworks/vnet000004\",\r\n
        \ \"etag\": \"W/\\\"5d3f924c-87a5-4189-a27b-18bd3176537c\\\"\",\r\n  \"type\":
        \"Microsoft.Network/virtualNetworks\",\r\n  \"location\": \"eastus2euap\",\r\n
        \ \"properties\": {\r\n    \"provisioningState\": \"Succeeded\",\r\n    \"resourceGuid\":
        \"13edd3f1-c5da-4602-95fb-af13670af422\",\r\n    \"addressSpace\": {\r\n      \"addressPrefixes\":
        [\r\n        \"10.0.0.0/16\"\r\n      ]\r\n    },\r\n    \"subnets\": [\r\n
        \     {\r\n        \"name\": \"subnet000005\",\r\n        \"id\": \"/subscriptions/00000000-0000-0000-0000-000000000000/resourceGroups/clitest.rg.testelasticsan.volumegroup000001/providers/Microsoft.Network/virtualNetworks/vnet000004/subnets/subnet000005\",\r\n
        \       \"etag\": \"W/\\\"5d3f924c-87a5-4189-a27b-18bd3176537c\\\"\",\r\n
        \       \"properties\": {\r\n          \"provisioningState\": \"Succeeded\",\r\n
        \         \"addressPrefix\": \"10.0.0.0/24\",\r\n          \"delegations\":
        [],\r\n          \"privateEndpointNetworkPolicies\": \"Disabled\",\r\n          \"privateLinkServiceNetworkPolicies\":
        \"Enabled\"\r\n        },\r\n        \"type\": \"Microsoft.Network/virtualNetworks/subnets\"\r\n
        \     }\r\n    ],\r\n    \"virtualNetworkPeerings\": [],\r\n    \"enableDdosProtection\":
        false\r\n  }\r\n}"
    headers:
      cache-control:
      - no-cache
      content-length:
      - '1303'
      content-type:
      - application/json; charset=utf-8
      date:
      - Mon, 16 Jan 2023 05:16:03 GMT
      etag:
      - W/"5d3f924c-87a5-4189-a27b-18bd3176537c"
      expires:
      - '-1'
      pragma:
      - no-cache
      server:
      - Microsoft-HTTPAPI/2.0
      - Microsoft-HTTPAPI/2.0
      strict-transport-security:
      - max-age=31536000; includeSubDomains
      transfer-encoding:
      - chunked
      vary:
      - Accept-Encoding
      x-content-type-options:
      - nosniff
      x-ms-arm-service-request-id:
      - da3824bd-8fbd-4e4d-8fc1-b92e5d7af18f
    status:
      code: 200
      message: ''
- request:
    body: '{"properties": {"encryption": "EncryptionAtRestWithPlatformKey", "networkAcls":
      {"virtualNetworkRules": [{"action": "Allow", "id": "/subscriptions/00000000-0000-0000-0000-000000000000/resourceGroups/clitest.rg.testelasticsan.volumegroup000001/providers/Microsoft.Network/virtualNetworks/vnet000004/subnets/subnet000005"}]},
      "protocolType": "Iscsi"}, "tags": {"key1910": "bbbb"}}'
    headers:
      Accept:
      - application/json
      Accept-Encoding:
      - gzip, deflate
      CommandName:
      - elastic-san volume-group create
      Connection:
      - keep-alive
      Content-Length:
      - '378'
      Content-Type:
      - application/json
      ParameterSetName:
      - -e -n -g --tags --encryption --protocol-type --network-acls
      User-Agent:
      - AZURECLI/2.44.1 (AAZ) azsdk-python-core/1.24.0 Python/3.10.8 (Linux-5.15.0-1023-azure-x86_64-with-glibc2.31)
        VSTS_7b238909-6802-4b65-b90d-184bca47f458_build_261_0
    method: PUT
    uri: https://management.azure.com/subscriptions/00000000-0000-0000-0000-000000000000/resourceGroups/clitest.rg.testelasticsan.volumegroup000001/providers/Microsoft.ElasticSan/elasticSans/elastic-san000002/volumegroups/volume-group000003?api-version=2021-11-20-preview
  response:
    body:
      string: '{"properties":{"provisioningState":"Creating","networkAcls":{"virtualNetworkRules":[{"action":"Allow","id":"/subscriptions/00000000-0000-0000-0000-000000000000/resourceGroups/clitest.rg.testelasticsan.volumegroup000001/providers/Microsoft.Network/virtualNetworks/vnet000004/subnets/subnet000005"}]},"protocolType":"iSCSI","encryption":"EncryptionAtRestWithPlatformKey"},"id":"/subscriptions/00000000-0000-0000-0000-000000000000/resourceGroups/clitest.rg.testelasticsan.volumegroup000001/providers/Microsoft.ElasticSan/elasticSans/elastic-san000002/volumegroups/volume-group000003","name":"volume-group000003","type":"Microsoft.ElasticSan/ElasticSans","tags":{"key1910":"bbbb"},"systemData":{"createdAt":"2023-01-16T05:16:04.2939039Z","createdBy":"azureclilivetest@azuresdkteam.onmicrosoft.com","createdByType":"User","lastModifiedAt":"2023-01-16T05:16:04.2939039Z","lastModifiedBy":"azureclilivetest@azuresdkteam.onmicrosoft.com","lastModifiedByType":"User"}}'
    headers:
      cache-control:
      - no-cache
      content-length:
      - '959'
      content-type:
      - application/json
      date:
      - Mon, 16 Jan 2023 05:16:04 GMT
      expires:
      - '-1'
      location:
      - https://management.azure.com/subscriptions/00000000-0000-0000-0000-000000000000/providers/Microsoft.ElasticSan/locations/southcentralusstg/asyncoperations/a9a6317d-c7b5-40e5-9e90-ef434b59f81b?monitor=true&api-version=2021-11-20-preview
      pragma:
      - no-cache
      server:
      - Microsoft-Azure-Storage-Resource-Provider/1.0,Microsoft-HTTPAPI/2.0 Microsoft-HTTPAPI/2.0
      strict-transport-security:
      - max-age=31536000; includeSubDomains
      x-content-type-options:
      - nosniff
      x-ms-ratelimit-remaining-subscription-writes:
      - '1198'
    status:
      code: 202
      message: Accepted
- request:
    body: null
    headers:
      Accept:
      - '*/*'
      Accept-Encoding:
      - gzip, deflate
      CommandName:
      - elastic-san volume-group create
      Connection:
      - keep-alive
      ParameterSetName:
      - -e -n -g --tags --encryption --protocol-type --network-acls
      User-Agent:
      - AZURECLI/2.44.1 (AAZ) azsdk-python-core/1.24.0 Python/3.10.8 (Linux-5.15.0-1023-azure-x86_64-with-glibc2.31)
        VSTS_7b238909-6802-4b65-b90d-184bca47f458_build_261_0
    method: GET
    uri: https://management.azure.com/subscriptions/00000000-0000-0000-0000-000000000000/providers/Microsoft.ElasticSan/locations/southcentralusstg/asyncoperations/a9a6317d-c7b5-40e5-9e90-ef434b59f81b?monitor=true&api-version=2021-11-20-preview
  response:
    body:
      string: '{"properties":{"provisioningState":"Succeeded","networkAcls":{"virtualNetworkRules":[{"action":"Allow","id":"/subscriptions/00000000-0000-0000-0000-000000000000/resourceGroups/clitest.rg.testelasticsan.volumegroup000001/providers/Microsoft.Network/virtualNetworks/vnet000004/subnets/subnet000005"}]},"protocolType":"iSCSI","encryption":"EncryptionAtRestWithPlatformKey"},"id":"/subscriptions/00000000-0000-0000-0000-000000000000/resourceGroups/clitest.rg.testelasticsan.volumegroup000001/providers/Microsoft.ElasticSan/elasticSans/elastic-san000002/volumegroups/volume-group000003","name":"volume-group000003","type":"Microsoft.ElasticSan/ElasticSans","tags":{"key1910":"bbbb"},"systemData":{"createdAt":"2023-01-16T05:16:04.2939039Z","createdBy":"azureclilivetest@azuresdkteam.onmicrosoft.com","createdByType":"User","lastModifiedAt":"2023-01-16T05:16:04.2939039Z","lastModifiedBy":"azureclilivetest@azuresdkteam.onmicrosoft.com","lastModifiedByType":"User"}}'
    headers:
      cache-control:
      - no-cache
      content-length:
      - '960'
      content-type:
      - application/json
      date:
      - Mon, 16 Jan 2023 05:16:21 GMT
      expires:
      - '-1'
      pragma:
      - no-cache
      server:
      - Microsoft-Azure-Storage-Resource-Provider/1.0,Microsoft-HTTPAPI/2.0 Microsoft-HTTPAPI/2.0
      strict-transport-security:
      - max-age=31536000; includeSubDomains
      transfer-encoding:
      - chunked
      vary:
      - Accept-Encoding
      x-content-type-options:
      - nosniff
    status:
      code: 200
      message: OK
- request:
    body: null
    headers:
      Accept:
      - application/json
      Accept-Encoding:
      - gzip, deflate
      CommandName:
      - elastic-san volume-group show
      Connection:
      - keep-alive
      ParameterSetName:
      - -g -e -n
      User-Agent:
      - AZURECLI/2.44.1 (AAZ) azsdk-python-core/1.24.0 Python/3.10.8 (Linux-5.15.0-1023-azure-x86_64-with-glibc2.31)
        VSTS_7b238909-6802-4b65-b90d-184bca47f458_build_261_0
    method: GET
    uri: https://management.azure.com/subscriptions/00000000-0000-0000-0000-000000000000/resourceGroups/clitest.rg.testelasticsan.volumegroup000001/providers/Microsoft.ElasticSan/elasticSans/elastic-san000002/volumegroups/volume-group000003?api-version=2021-11-20-preview
  response:
    body:
      string: '{"properties":{"provisioningState":"Succeeded","networkAcls":{"virtualNetworkRules":[{"action":"Allow","id":"/subscriptions/00000000-0000-0000-0000-000000000000/resourceGroups/clitest.rg.testelasticsan.volumegroup000001/providers/Microsoft.Network/virtualNetworks/vnet000004/subnets/subnet000005"}]},"protocolType":"iSCSI","encryption":"EncryptionAtRestWithPlatformKey"},"id":"/subscriptions/00000000-0000-0000-0000-000000000000/resourceGroups/clitest.rg.testelasticsan.volumegroup000001/providers/Microsoft.ElasticSan/elasticSans/elastic-san000002/volumegroups/volume-group000003","name":"volume-group000003","type":"Microsoft.ElasticSan/ElasticSans","tags":{"key1910":"bbbb"},"systemData":{"createdAt":"2023-01-16T05:16:04.2939039Z","createdBy":"azureclilivetest@azuresdkteam.onmicrosoft.com","createdByType":"User","lastModifiedAt":"2023-01-16T05:16:04.2939039Z","lastModifiedBy":"azureclilivetest@azuresdkteam.onmicrosoft.com","lastModifiedByType":"User"}}'
    headers:
      cache-control:
      - no-cache
      content-length:
      - '960'
      content-type:
      - application/json
      date:
      - Mon, 16 Jan 2023 05:16:21 GMT
      expires:
      - '-1'
      pragma:
      - no-cache
      server:
      - Microsoft-Azure-Storage-Resource-Provider/1.0,Microsoft-HTTPAPI/2.0 Microsoft-HTTPAPI/2.0
      strict-transport-security:
      - max-age=31536000; includeSubDomains
      transfer-encoding:
      - chunked
      vary:
      - Accept-Encoding
      x-content-type-options:
      - nosniff
    status:
      code: 200
      message: OK
- request:
    body: null
    headers:
      Accept:
      - application/json
      Accept-Encoding:
      - gzip, deflate
      CommandName:
      - elastic-san volume-group list
      Connection:
      - keep-alive
      ParameterSetName:
      - -g -e
      User-Agent:
      - AZURECLI/2.44.1 (AAZ) azsdk-python-core/1.24.0 Python/3.10.8 (Linux-5.15.0-1023-azure-x86_64-with-glibc2.31)
        VSTS_7b238909-6802-4b65-b90d-184bca47f458_build_261_0
    method: GET
    uri: https://management.azure.com/subscriptions/00000000-0000-0000-0000-000000000000/resourceGroups/clitest.rg.testelasticsan.volumegroup000001/providers/Microsoft.ElasticSan/elasticSans/elastic-san000002/volumeGroups?api-version=2021-11-20-preview
  response:
    body:
      string: '{"value":[{"properties":{"provisioningState":"Succeeded","networkAcls":{"virtualNetworkRules":[{"action":"Allow","id":"/subscriptions/00000000-0000-0000-0000-000000000000/resourceGroups/clitest.rg.testelasticsan.volumegroup000001/providers/Microsoft.Network/virtualNetworks/vnet000004/subnets/subnet000005"}]},"protocolType":"iSCSI","encryption":"EncryptionAtRestWithPlatformKey"},"id":"/subscriptions/00000000-0000-0000-0000-000000000000/resourceGroups/clitest.rg.testelasticsan.volumegroup000001/providers/Microsoft.ElasticSan/elasticSans/elastic-san000002/volumegroups/volume-group000003","name":"volume-group000003","type":"Microsoft.ElasticSan/ElasticSans","tags":{"key1910":"bbbb"},"systemData":{"createdAt":"2023-01-16T05:16:04.2939039Z","createdBy":"azureclilivetest@azuresdkteam.onmicrosoft.com","createdByType":"User","lastModifiedAt":"2023-01-16T05:16:04.2939039Z","lastModifiedBy":"azureclilivetest@azuresdkteam.onmicrosoft.com","lastModifiedByType":"User"}}]}'
    headers:
      cache-control:
      - no-cache
      content-length:
      - '972'
      content-type:
      - application/json
      date:
      - Mon, 16 Jan 2023 05:16:22 GMT
      expires:
      - '-1'
      pragma:
      - no-cache
      server:
      - Microsoft-Azure-Storage-Resource-Provider/1.0,Microsoft-HTTPAPI/2.0 Microsoft-HTTPAPI/2.0
      strict-transport-security:
      - max-age=31536000; includeSubDomains
      transfer-encoding:
      - chunked
      vary:
      - Accept-Encoding
      x-content-type-options:
      - nosniff
    status:
      code: 200
      message: OK
- request:
    body: '{"name": "subnet000006", "properties": {"addressPrefix": "10.0.1.0/24",
      "serviceEndpoints": [{"service": "Microsoft.Storage"}]}}'
    headers:
      Accept:
      - application/json
      Accept-Encoding:
      - gzip, deflate
      CommandName:
      - network vnet subnet create
      Connection:
      - keep-alive
      Content-Length:
      - '128'
      Content-Type:
      - application/json
      ParameterSetName:
      - -g --vnet-name --name --address-prefixes --service-endpoints
      User-Agent:
      - AZURECLI/2.44.1 (AAZ) azsdk-python-core/1.24.0 Python/3.10.8 (Linux-5.15.0-1023-azure-x86_64-with-glibc2.31)
        VSTS_7b238909-6802-4b65-b90d-184bca47f458_build_261_0
    method: PUT
    uri: https://management.azure.com/subscriptions/00000000-0000-0000-0000-000000000000/resourceGroups/clitest.rg.testelasticsan.volumegroup000001/providers/Microsoft.Network/virtualNetworks/vnet000004/subnets/subnet000006?api-version=2022-01-01
  response:
    body:
      string: "{\r\n  \"name\": \"subnet000006\",\r\n  \"id\": \"/subscriptions/00000000-0000-0000-0000-000000000000/resourceGroups/clitest.rg.testelasticsan.volumegroup000001/providers/Microsoft.Network/virtualNetworks/vnet000004/subnets/subnet000006\",\r\n
        \ \"etag\": \"W/\\\"b9dfe669-90ed-4e11-8067-e3142498b4e9\\\"\",\r\n  \"properties\":
        {\r\n    \"provisioningState\": \"Updating\",\r\n    \"addressPrefix\": \"10.0.1.0/24\",\r\n
        \   \"serviceEndpoints\": [\r\n      {\r\n        \"provisioningState\": \"Updating\",\r\n
        \       \"service\": \"Microsoft.Storage\",\r\n        \"locations\": [\r\n
        \         \"*\"\r\n        ]\r\n      }\r\n    ],\r\n    \"delegations\":
        [],\r\n    \"privateEndpointNetworkPolicies\": \"Disabled\",\r\n    \"privateLinkServiceNetworkPolicies\":
        \"Enabled\"\r\n  },\r\n  \"type\": \"Microsoft.Network/virtualNetworks/subnets\"\r\n}"
    headers:
      azure-asyncnotification:
      - Enabled
      azure-asyncoperation:
      - https://management.azure.com/subscriptions/00000000-0000-0000-0000-000000000000/providers/Microsoft.Network/locations/eastus2euap/operations/245a1fab-1c44-471e-a98b-79dbd1727693?api-version=2022-01-01
      cache-control:
      - no-cache
      content-length:
      - '755'
      content-type:
      - application/json; charset=utf-8
      date:
      - Mon, 16 Jan 2023 05:16:23 GMT
      expires:
      - '-1'
      pragma:
      - no-cache
      server:
      - Microsoft-HTTPAPI/2.0
      - Microsoft-HTTPAPI/2.0
      strict-transport-security:
      - max-age=31536000; includeSubDomains
      x-content-type-options:
      - nosniff
      x-ms-arm-service-request-id:
      - 40f1ace1-acdf-4c89-8031-483da54f53d8
      x-ms-ratelimit-remaining-subscription-writes:
      - '1196'
    status:
      code: 201
      message: ''
- request:
    body: null
    headers:
      Accept:
      - '*/*'
      Accept-Encoding:
      - gzip, deflate
      CommandName:
      - network vnet subnet create
      Connection:
      - keep-alive
      ParameterSetName:
      - -g --vnet-name --name --address-prefixes --service-endpoints
      User-Agent:
      - AZURECLI/2.44.1 (AAZ) azsdk-python-core/1.24.0 Python/3.10.8 (Linux-5.15.0-1023-azure-x86_64-with-glibc2.31)
        VSTS_7b238909-6802-4b65-b90d-184bca47f458_build_261_0
    method: GET
    uri: https://management.azure.com/subscriptions/00000000-0000-0000-0000-000000000000/providers/Microsoft.Network/locations/eastus2euap/operations/245a1fab-1c44-471e-a98b-79dbd1727693?api-version=2022-01-01
  response:
    body:
      string: "{\r\n  \"status\": \"Succeeded\"\r\n}"
    headers:
      cache-control:
      - no-cache
      content-length:
      - '29'
      content-type:
      - application/json; charset=utf-8
      date:
      - Mon, 16 Jan 2023 05:16:26 GMT
      expires:
      - '-1'
      pragma:
      - no-cache
      server:
      - Microsoft-HTTPAPI/2.0
      - Microsoft-HTTPAPI/2.0
      strict-transport-security:
      - max-age=31536000; includeSubDomains
      transfer-encoding:
      - chunked
      vary:
      - Accept-Encoding
      x-content-type-options:
      - nosniff
      x-ms-arm-service-request-id:
      - fe1c9ed7-5148-458d-99b3-99f7654e4196
    status:
      code: 200
      message: ''
- request:
    body: null
    headers:
      Accept:
      - '*/*'
      Accept-Encoding:
      - gzip, deflate
      CommandName:
      - network vnet subnet create
      Connection:
      - keep-alive
      ParameterSetName:
      - -g --vnet-name --name --address-prefixes --service-endpoints
      User-Agent:
      - AZURECLI/2.44.1 (AAZ) azsdk-python-core/1.24.0 Python/3.10.8 (Linux-5.15.0-1023-azure-x86_64-with-glibc2.31)
        VSTS_7b238909-6802-4b65-b90d-184bca47f458_build_261_0
    method: GET
    uri: https://management.azure.com/subscriptions/00000000-0000-0000-0000-000000000000/resourceGroups/clitest.rg.testelasticsan.volumegroup000001/providers/Microsoft.Network/virtualNetworks/vnet000004/subnets/subnet000006?api-version=2022-01-01
  response:
    body:
      string: "{\r\n  \"name\": \"subnet000006\",\r\n  \"id\": \"/subscriptions/00000000-0000-0000-0000-000000000000/resourceGroups/clitest.rg.testelasticsan.volumegroup000001/providers/Microsoft.Network/virtualNetworks/vnet000004/subnets/subnet000006\",\r\n
        \ \"etag\": \"W/\\\"c73b34b2-55ce-4d8a-a8ac-23be0f7e1147\\\"\",\r\n  \"properties\":
        {\r\n    \"provisioningState\": \"Succeeded\",\r\n    \"addressPrefix\": \"10.0.1.0/24\",\r\n
        \   \"serviceEndpoints\": [\r\n      {\r\n        \"provisioningState\": \"Succeeded\",\r\n
        \       \"service\": \"Microsoft.Storage\",\r\n        \"locations\": [\r\n
        \         \"*\"\r\n        ]\r\n      }\r\n    ],\r\n    \"delegations\":
        [],\r\n    \"privateEndpointNetworkPolicies\": \"Disabled\",\r\n    \"privateLinkServiceNetworkPolicies\":
        \"Enabled\"\r\n  },\r\n  \"type\": \"Microsoft.Network/virtualNetworks/subnets\"\r\n}"
    headers:
      cache-control:
      - no-cache
      content-length:
      - '757'
      content-type:
      - application/json; charset=utf-8
      date:
      - Mon, 16 Jan 2023 05:16:26 GMT
      etag:
      - W/"c73b34b2-55ce-4d8a-a8ac-23be0f7e1147"
      expires:
      - '-1'
      pragma:
      - no-cache
      server:
      - Microsoft-HTTPAPI/2.0
      - Microsoft-HTTPAPI/2.0
      strict-transport-security:
      - max-age=31536000; includeSubDomains
      transfer-encoding:
      - chunked
      vary:
      - Accept-Encoding
      x-content-type-options:
      - nosniff
      x-ms-arm-service-request-id:
      - c4c0a716-aafb-46e7-b17a-ef74996ab0b2
    status:
      code: 200
      message: ''
- request:
    body: null
    headers:
      Accept:
      - application/json
      Accept-Encoding:
      - gzip, deflate
      CommandName:
      - elastic-san volume-group update
      Connection:
      - keep-alive
      ParameterSetName:
      - -e -n -g --tags --protocol-type --network-acls
      User-Agent:
      - AZURECLI/2.44.1 (AAZ) azsdk-python-core/1.24.0 Python/3.10.8 (Linux-5.15.0-1023-azure-x86_64-with-glibc2.31)
        VSTS_7b238909-6802-4b65-b90d-184bca47f458_build_261_0
    method: GET
    uri: https://management.azure.com/subscriptions/00000000-0000-0000-0000-000000000000/resourceGroups/clitest.rg.testelasticsan.volumegroup000001/providers/Microsoft.ElasticSan/elasticSans/elastic-san000002/volumegroups/volume-group000003?api-version=2021-11-20-preview
  response:
    body:
      string: '{"properties":{"provisioningState":"Succeeded","networkAcls":{"virtualNetworkRules":[{"action":"Allow","id":"/subscriptions/00000000-0000-0000-0000-000000000000/resourceGroups/clitest.rg.testelasticsan.volumegroup000001/providers/Microsoft.Network/virtualNetworks/vnet000004/subnets/subnet000005"}]},"protocolType":"iSCSI","encryption":"EncryptionAtRestWithPlatformKey"},"id":"/subscriptions/00000000-0000-0000-0000-000000000000/resourceGroups/clitest.rg.testelasticsan.volumegroup000001/providers/Microsoft.ElasticSan/elasticSans/elastic-san000002/volumegroups/volume-group000003","name":"volume-group000003","type":"Microsoft.ElasticSan/ElasticSans","tags":{"key1910":"bbbb"},"systemData":{"createdAt":"2023-01-16T05:16:04.2939039Z","createdBy":"azureclilivetest@azuresdkteam.onmicrosoft.com","createdByType":"User","lastModifiedAt":"2023-01-16T05:16:04.2939039Z","lastModifiedBy":"azureclilivetest@azuresdkteam.onmicrosoft.com","lastModifiedByType":"User"}}'
    headers:
      cache-control:
      - no-cache
      content-length:
      - '960'
      content-type:
      - application/json
      date:
      - Mon, 16 Jan 2023 05:16:27 GMT
      expires:
      - '-1'
      pragma:
      - no-cache
      server:
      - Microsoft-Azure-Storage-Resource-Provider/1.0,Microsoft-HTTPAPI/2.0 Microsoft-HTTPAPI/2.0
      strict-transport-security:
      - max-age=31536000; includeSubDomains
      transfer-encoding:
      - chunked
      vary:
      - Accept-Encoding
      x-content-type-options:
      - nosniff
    status:
      code: 200
      message: OK
- request:
    body: '{"properties": {"encryption": "EncryptionAtRestWithPlatformKey", "networkAcls":
      {"virtualNetworkRules": [{"action": "Allow", "id": "/subscriptions/00000000-0000-0000-0000-000000000000/resourceGroups/clitest.rg.testelasticsan.volumegroup000001/providers/Microsoft.Network/virtualNetworks/vnet000004/subnets/subnet000006"}]},
      "protocolType": "None"}, "tags": {"key2011": "cccc"}}'
    headers:
      Accept:
      - application/json
      Accept-Encoding:
      - gzip, deflate
      CommandName:
      - elastic-san volume-group update
      Connection:
      - keep-alive
      Content-Length:
      - '377'
      Content-Type:
      - application/json
      ParameterSetName:
      - -e -n -g --tags --protocol-type --network-acls
      User-Agent:
      - AZURECLI/2.44.1 (AAZ) azsdk-python-core/1.24.0 Python/3.10.8 (Linux-5.15.0-1023-azure-x86_64-with-glibc2.31)
        VSTS_7b238909-6802-4b65-b90d-184bca47f458_build_261_0
    method: PUT
    uri: https://management.azure.com/subscriptions/00000000-0000-0000-0000-000000000000/resourceGroups/clitest.rg.testelasticsan.volumegroup000001/providers/Microsoft.ElasticSan/elasticSans/elastic-san000002/volumegroups/volume-group000003?api-version=2021-11-20-preview
  response:
    body:
      string: '{"properties":{"provisioningState":"Updating","networkAcls":{"virtualNetworkRules":[{"action":"Allow","id":"/subscriptions/00000000-0000-0000-0000-000000000000/resourceGroups/clitest.rg.testelasticsan.volumegroup000001/providers/Microsoft.Network/virtualNetworks/vnet000004/subnets/subnet000006"}]},"protocolType":"None","encryption":"EncryptionAtRestWithPlatformKey"},"id":"/subscriptions/00000000-0000-0000-0000-000000000000/resourceGroups/clitest.rg.testelasticsan.volumegroup000001/providers/Microsoft.ElasticSan/elasticSans/elastic-san000002/volumegroups/volume-group000003","name":"volume-group000003","type":"Microsoft.ElasticSan/ElasticSans","tags":{"key2011":"cccc"},"systemData":{"createdAt":"2023-01-16T05:16:28.3780531Z","createdBy":"azureclilivetest@azuresdkteam.onmicrosoft.com","createdByType":"User","lastModifiedAt":"2023-01-16T05:16:28.3780531Z","lastModifiedBy":"azureclilivetest@azuresdkteam.onmicrosoft.com","lastModifiedByType":"User"}}'
    headers:
      cache-control:
      - no-cache
      content-length:
      - '958'
      content-type:
      - application/json
      date:
      - Mon, 16 Jan 2023 05:16:27 GMT
      expires:
      - '-1'
      location:
      - https://management.azure.com/subscriptions/00000000-0000-0000-0000-000000000000/providers/Microsoft.ElasticSan/locations/southcentralusstg/asyncoperations/5e672044-a149-487f-bf4b-f86eecde57ce?monitor=true&api-version=2021-11-20-preview
      pragma:
      - no-cache
      server:
      - Microsoft-Azure-Storage-Resource-Provider/1.0,Microsoft-HTTPAPI/2.0 Microsoft-HTTPAPI/2.0
      strict-transport-security:
      - max-age=31536000; includeSubDomains
      x-content-type-options:
      - nosniff
      x-ms-ratelimit-remaining-subscription-writes:
      - '1199'
    status:
      code: 202
      message: Accepted
- request:
    body: null
    headers:
      Accept:
      - '*/*'
      Accept-Encoding:
      - gzip, deflate
      CommandName:
      - elastic-san volume-group update
      Connection:
      - keep-alive
      ParameterSetName:
      - -e -n -g --tags --protocol-type --network-acls
      User-Agent:
      - AZURECLI/2.44.1 (AAZ) azsdk-python-core/1.24.0 Python/3.10.8 (Linux-5.15.0-1023-azure-x86_64-with-glibc2.31)
        VSTS_7b238909-6802-4b65-b90d-184bca47f458_build_261_0
    method: GET
    uri: https://management.azure.com/subscriptions/00000000-0000-0000-0000-000000000000/providers/Microsoft.ElasticSan/locations/southcentralusstg/asyncoperations/5e672044-a149-487f-bf4b-f86eecde57ce?monitor=true&api-version=2021-11-20-preview
  response:
    body:
      string: '{"properties":{"provisioningState":"Succeeded","networkAcls":{"virtualNetworkRules":[{"action":"Allow","id":"/subscriptions/00000000-0000-0000-0000-000000000000/resourceGroups/clitest.rg.testelasticsan.volumegroup000001/providers/Microsoft.Network/virtualNetworks/vnet000004/subnets/subnet000006"}]},"protocolType":"None","encryption":"EncryptionAtRestWithPlatformKey"},"id":"/subscriptions/00000000-0000-0000-0000-000000000000/resourceGroups/clitest.rg.testelasticsan.volumegroup000001/providers/Microsoft.ElasticSan/elasticSans/elastic-san000002/volumegroups/volume-group000003","name":"volume-group000003","type":"Microsoft.ElasticSan/ElasticSans","tags":{"key2011":"cccc"},"systemData":{"createdAt":"2023-01-16T05:16:28.3780531Z","createdBy":"azureclilivetest@azuresdkteam.onmicrosoft.com","createdByType":"User","lastModifiedAt":"2023-01-16T05:16:28.3780531Z","lastModifiedBy":"azureclilivetest@azuresdkteam.onmicrosoft.com","lastModifiedByType":"User"}}'
    headers:
      cache-control:
      - no-cache
      content-length:
      - '959'
      content-type:
      - application/json
      date:
      - Mon, 16 Jan 2023 05:16:44 GMT
      expires:
      - '-1'
      pragma:
      - no-cache
      server:
      - Microsoft-Azure-Storage-Resource-Provider/1.0,Microsoft-HTTPAPI/2.0 Microsoft-HTTPAPI/2.0
      strict-transport-security:
      - max-age=31536000; includeSubDomains
      transfer-encoding:
      - chunked
      vary:
      - Accept-Encoding
      x-content-type-options:
      - nosniff
    status:
      code: 200
      message: OK
- request:
    body: '{"properties": {"sizeGiB": 2}}'
    headers:
      Accept:
      - application/json
      Accept-Encoding:
      - gzip, deflate
      CommandName:
      - elastic-san volume create
      Connection:
      - keep-alive
      Content-Length:
      - '30'
      Content-Type:
      - application/json
      ParameterSetName:
      - -g -e -v -n --size-gib
      User-Agent:
      - AZURECLI/2.44.1 (AAZ) azsdk-python-core/1.24.0 Python/3.10.8 (Linux-5.15.0-1023-azure-x86_64-with-glibc2.31)
        VSTS_7b238909-6802-4b65-b90d-184bca47f458_build_261_0
    method: PUT
    uri: https://management.azure.com/subscriptions/00000000-0000-0000-0000-000000000000/resourceGroups/clitest.rg.testelasticsan.volumegroup000001/providers/Microsoft.ElasticSan/elasticSans/elastic-san000002/volumegroups/volume-group000003/volumes/volume000007?api-version=2021-11-20-preview
  response:
    body:
      string: '{"properties":{"creationData":{"createSource":"None"},"sizeGiB":2,"storageTarget":{"provisioningState":"Creating","status":"Pending"},"volumeId":"8ee02a09-620c-493a-9876-f32cdde682ec"},"id":"/subscriptions/00000000-0000-0000-0000-000000000000/resourceGroups/clitest.rg.testelasticsan.volumegroup000001/providers/Microsoft.ElasticSan/elasticSans/elastic-san000002/volumegroups/volume-group000003/volumes/volume000007","name":"volume000007","type":"Microsoft.ElasticSan/ElasticSans","systemData":{"createdAt":"2023-01-16T05:16:45.8689233Z","createdBy":"azureclilivetest@azuresdkteam.onmicrosoft.com","createdByType":"User","lastModifiedAt":"2023-01-16T05:16:45.8689233Z","lastModifiedBy":"azureclilivetest@azuresdkteam.onmicrosoft.com","lastModifiedByType":"User"}}'
    headers:
      cache-control:
      - no-cache
      content-length:
      - '763'
      content-type:
      - application/json
      date:
      - Mon, 16 Jan 2023 05:16:46 GMT
      expires:
      - '-1'
      location:
      - https://management.azure.com/subscriptions/00000000-0000-0000-0000-000000000000/providers/Microsoft.ElasticSan/locations/southcentralusstg/asyncoperations/24dbe290-ca05-490a-91e9-0f2092c3d56f?monitor=true&api-version=2021-11-20-preview
      pragma:
      - no-cache
      server:
      - Microsoft-Azure-Storage-Resource-Provider/1.0,Microsoft-HTTPAPI/2.0 Microsoft-HTTPAPI/2.0
      strict-transport-security:
      - max-age=31536000; includeSubDomains
      x-content-type-options:
      - nosniff
      x-ms-ratelimit-remaining-subscription-writes:
      - '1199'
    status:
      code: 202
      message: Accepted
- request:
    body: null
    headers:
      Accept:
      - '*/*'
      Accept-Encoding:
      - gzip, deflate
      CommandName:
      - elastic-san volume create
      Connection:
      - keep-alive
      ParameterSetName:
      - -g -e -v -n --size-gib
      User-Agent:
      - AZURECLI/2.44.1 (AAZ) azsdk-python-core/1.24.0 Python/3.10.8 (Linux-5.15.0-1023-azure-x86_64-with-glibc2.31)
        VSTS_7b238909-6802-4b65-b90d-184bca47f458_build_261_0
    method: GET
    uri: https://management.azure.com/subscriptions/00000000-0000-0000-0000-000000000000/providers/Microsoft.ElasticSan/locations/southcentralusstg/asyncoperations/24dbe290-ca05-490a-91e9-0f2092c3d56f?monitor=true&api-version=2021-11-20-preview
  response:
    body:
      string: ''
    headers:
      cache-control:
      - no-cache
      content-length:
      - '0'
      content-type:
      - text/plain; charset=utf-8
      date:
      - Mon, 16 Jan 2023 05:17:03 GMT
      expires:
      - '-1'
      location:
      - https://management.azure.com/subscriptions/00000000-0000-0000-0000-000000000000/providers/Microsoft.ElasticSan/locations/southcentralusstg/asyncoperations/24dbe290-ca05-490a-91e9-0f2092c3d56f?monitor=true&api-version=2021-11-20-preview
      pragma:
      - no-cache
      server:
      - Microsoft-Azure-Storage-Resource-Provider/1.0,Microsoft-HTTPAPI/2.0 Microsoft-HTTPAPI/2.0
      strict-transport-security:
      - max-age=31536000; includeSubDomains
      x-content-type-options:
      - nosniff
    status:
      code: 202
      message: Accepted
- request:
    body: null
    headers:
      Accept:
      - '*/*'
      Accept-Encoding:
      - gzip, deflate
      CommandName:
      - elastic-san volume create
      Connection:
      - keep-alive
      ParameterSetName:
      - -g -e -v -n --size-gib
      User-Agent:
      - AZURECLI/2.44.1 (AAZ) azsdk-python-core/1.24.0 Python/3.10.8 (Linux-5.15.0-1023-azure-x86_64-with-glibc2.31)
        VSTS_7b238909-6802-4b65-b90d-184bca47f458_build_261_0
    method: GET
    uri: https://management.azure.com/subscriptions/00000000-0000-0000-0000-000000000000/providers/Microsoft.ElasticSan/locations/southcentralusstg/asyncoperations/24dbe290-ca05-490a-91e9-0f2092c3d56f?monitor=true&api-version=2021-11-20-preview
  response:
    body:
      string: ''
    headers:
      cache-control:
      - no-cache
      content-length:
      - '0'
      content-type:
      - text/plain; charset=utf-8
      date:
      - Mon, 16 Jan 2023 05:17:06 GMT
      expires:
      - '-1'
      location:
      - https://management.azure.com/subscriptions/00000000-0000-0000-0000-000000000000/providers/Microsoft.ElasticSan/locations/southcentralusstg/asyncoperations/24dbe290-ca05-490a-91e9-0f2092c3d56f?monitor=true&api-version=2021-11-20-preview
      pragma:
      - no-cache
      server:
      - Microsoft-Azure-Storage-Resource-Provider/1.0,Microsoft-HTTPAPI/2.0 Microsoft-HTTPAPI/2.0
      strict-transport-security:
      - max-age=31536000; includeSubDomains
      x-content-type-options:
      - nosniff
    status:
      code: 202
      message: Accepted
- request:
    body: null
    headers:
      Accept:
      - '*/*'
      Accept-Encoding:
      - gzip, deflate
      CommandName:
      - elastic-san volume create
      Connection:
      - keep-alive
      ParameterSetName:
      - -g -e -v -n --size-gib
      User-Agent:
      - AZURECLI/2.44.1 (AAZ) azsdk-python-core/1.24.0 Python/3.10.8 (Linux-5.15.0-1023-azure-x86_64-with-glibc2.31)
        VSTS_7b238909-6802-4b65-b90d-184bca47f458_build_261_0
    method: GET
    uri: https://management.azure.com/subscriptions/00000000-0000-0000-0000-000000000000/providers/Microsoft.ElasticSan/locations/southcentralusstg/asyncoperations/24dbe290-ca05-490a-91e9-0f2092c3d56f?monitor=true&api-version=2021-11-20-preview
  response:
    body:
      string: ''
    headers:
      cache-control:
      - no-cache
      content-length:
      - '0'
      content-type:
      - text/plain; charset=utf-8
      date:
      - Mon, 16 Jan 2023 05:17:09 GMT
      expires:
      - '-1'
      location:
      - https://management.azure.com/subscriptions/00000000-0000-0000-0000-000000000000/providers/Microsoft.ElasticSan/locations/southcentralusstg/asyncoperations/24dbe290-ca05-490a-91e9-0f2092c3d56f?monitor=true&api-version=2021-11-20-preview
      pragma:
      - no-cache
      server:
      - Microsoft-Azure-Storage-Resource-Provider/1.0,Microsoft-HTTPAPI/2.0 Microsoft-HTTPAPI/2.0
      strict-transport-security:
      - max-age=31536000; includeSubDomains
      x-content-type-options:
      - nosniff
    status:
      code: 202
      message: Accepted
- request:
    body: null
    headers:
      Accept:
      - '*/*'
      Accept-Encoding:
      - gzip, deflate
      CommandName:
      - elastic-san volume create
      Connection:
      - keep-alive
      ParameterSetName:
      - -g -e -v -n --size-gib
      User-Agent:
      - AZURECLI/2.44.1 (AAZ) azsdk-python-core/1.24.0 Python/3.10.8 (Linux-5.15.0-1023-azure-x86_64-with-glibc2.31)
        VSTS_7b238909-6802-4b65-b90d-184bca47f458_build_261_0
    method: GET
    uri: https://management.azure.com/subscriptions/00000000-0000-0000-0000-000000000000/providers/Microsoft.ElasticSan/locations/southcentralusstg/asyncoperations/24dbe290-ca05-490a-91e9-0f2092c3d56f?monitor=true&api-version=2021-11-20-preview
  response:
    body:
      string: ''
    headers:
      cache-control:
      - no-cache
      content-length:
      - '0'
      content-type:
      - text/plain; charset=utf-8
      date:
      - Mon, 16 Jan 2023 05:17:13 GMT
      expires:
      - '-1'
      location:
      - https://management.azure.com/subscriptions/00000000-0000-0000-0000-000000000000/providers/Microsoft.ElasticSan/locations/southcentralusstg/asyncoperations/24dbe290-ca05-490a-91e9-0f2092c3d56f?monitor=true&api-version=2021-11-20-preview
      pragma:
      - no-cache
      server:
      - Microsoft-Azure-Storage-Resource-Provider/1.0,Microsoft-HTTPAPI/2.0 Microsoft-HTTPAPI/2.0
      strict-transport-security:
      - max-age=31536000; includeSubDomains
      x-content-type-options:
      - nosniff
    status:
      code: 202
      message: Accepted
- request:
    body: null
    headers:
      Accept:
      - '*/*'
      Accept-Encoding:
      - gzip, deflate
      CommandName:
      - elastic-san volume create
      Connection:
      - keep-alive
      ParameterSetName:
      - -g -e -v -n --size-gib
      User-Agent:
      - AZURECLI/2.44.1 (AAZ) azsdk-python-core/1.24.0 Python/3.10.8 (Linux-5.15.0-1023-azure-x86_64-with-glibc2.31)
        VSTS_7b238909-6802-4b65-b90d-184bca47f458_build_261_0
    method: GET
    uri: https://management.azure.com/subscriptions/00000000-0000-0000-0000-000000000000/providers/Microsoft.ElasticSan/locations/southcentralusstg/asyncoperations/24dbe290-ca05-490a-91e9-0f2092c3d56f?monitor=true&api-version=2021-11-20-preview
  response:
    body:
      string: ''
    headers:
      cache-control:
      - no-cache
      content-length:
      - '0'
      content-type:
      - text/plain; charset=utf-8
      date:
      - Mon, 16 Jan 2023 05:17:16 GMT
      expires:
      - '-1'
      location:
      - https://management.azure.com/subscriptions/00000000-0000-0000-0000-000000000000/providers/Microsoft.ElasticSan/locations/southcentralusstg/asyncoperations/24dbe290-ca05-490a-91e9-0f2092c3d56f?monitor=true&api-version=2021-11-20-preview
      pragma:
      - no-cache
      server:
      - Microsoft-Azure-Storage-Resource-Provider/1.0,Microsoft-HTTPAPI/2.0 Microsoft-HTTPAPI/2.0
      strict-transport-security:
      - max-age=31536000; includeSubDomains
      x-content-type-options:
      - nosniff
    status:
      code: 202
      message: Accepted
- request:
    body: null
    headers:
      Accept:
      - '*/*'
      Accept-Encoding:
      - gzip, deflate
      CommandName:
      - elastic-san volume create
      Connection:
      - keep-alive
      ParameterSetName:
      - -g -e -v -n --size-gib
      User-Agent:
      - AZURECLI/2.44.1 (AAZ) azsdk-python-core/1.24.0 Python/3.10.8 (Linux-5.15.0-1023-azure-x86_64-with-glibc2.31)
        VSTS_7b238909-6802-4b65-b90d-184bca47f458_build_261_0
    method: GET
    uri: https://management.azure.com/subscriptions/00000000-0000-0000-0000-000000000000/providers/Microsoft.ElasticSan/locations/southcentralusstg/asyncoperations/24dbe290-ca05-490a-91e9-0f2092c3d56f?monitor=true&api-version=2021-11-20-preview
  response:
    body:
      string: '{"properties":{"creationData":{"createSource":"None"},"sizeGiB":2,"storageTarget":{"targetIqn":"iqn.2023-01.net.windows.core.blob.ElasticSan.es-2jd3ff52olh0:volume000007","provisioningState":"Succeeded","status":"Running","targetPortalHostname":"es-2jd3ff52olh0.z21.blob.storage.azure.net","targetPortalPort":3260},"volumeId":"8ee02a09-620c-493a-9876-f32cdde682ec"},"id":"/subscriptions/00000000-0000-0000-0000-000000000000/resourceGroups/clitest.rg.testelasticsan.volumegroup000001/providers/Microsoft.ElasticSan/elasticSans/elastic-san000002/volumegroups/volume-group000003/volumes/volume000007","name":"volume000007","type":"Microsoft.ElasticSan/ElasticSans","systemData":{"createdAt":"2023-01-16T05:16:45.8689233Z","createdBy":"azureclilivetest@azuresdkteam.onmicrosoft.com","createdByType":"User","lastModifiedAt":"2023-01-16T05:16:45.8689233Z","lastModifiedBy":"azureclilivetest@azuresdkteam.onmicrosoft.com","lastModifiedByType":"User"}}'
    headers:
      cache-control:
      - no-cache
      content-length:
      - '944'
      content-type:
      - application/json
      date:
      - Mon, 16 Jan 2023 05:17:19 GMT
      expires:
      - '-1'
      pragma:
      - no-cache
      server:
      - Microsoft-Azure-Storage-Resource-Provider/1.0,Microsoft-HTTPAPI/2.0 Microsoft-HTTPAPI/2.0
      strict-transport-security:
      - max-age=31536000; includeSubDomains
      transfer-encoding:
      - chunked
      vary:
      - Accept-Encoding
      x-content-type-options:
      - nosniff
    status:
      code: 200
      message: OK
- request:
    body: null
    headers:
      Accept:
      - application/json
      Accept-Encoding:
      - gzip, deflate
      CommandName:
      - elastic-san volume show
      Connection:
      - keep-alive
      ParameterSetName:
      - -g -e -v -n
      User-Agent:
      - AZURECLI/2.44.1 (AAZ) azsdk-python-core/1.24.0 Python/3.10.8 (Linux-5.15.0-1023-azure-x86_64-with-glibc2.31)
        VSTS_7b238909-6802-4b65-b90d-184bca47f458_build_261_0
    method: GET
    uri: https://management.azure.com/subscriptions/00000000-0000-0000-0000-000000000000/resourceGroups/clitest.rg.testelasticsan.volumegroup000001/providers/Microsoft.ElasticSan/elasticSans/elastic-san000002/volumegroups/volume-group000003/volumes/volume000007?api-version=2021-11-20-preview
  response:
    body:
      string: '{"properties":{"creationData":{"createSource":"None"},"sizeGiB":2,"storageTarget":{"targetIqn":"iqn.2023-01.net.windows.core.blob.ElasticSan.es-2jd3ff52olh0:volume000007","provisioningState":"Succeeded","status":"Running","targetPortalHostname":"es-2jd3ff52olh0.z21.blob.storage.azure.net","targetPortalPort":3260},"volumeId":"8ee02a09-620c-493a-9876-f32cdde682ec"},"id":"/subscriptions/00000000-0000-0000-0000-000000000000/resourceGroups/clitest.rg.testelasticsan.volumegroup000001/providers/Microsoft.ElasticSan/elasticSans/elastic-san000002/volumegroups/volume-group000003/volumes/volume000007","name":"volume000007","type":"Microsoft.ElasticSan/ElasticSans","systemData":{"createdAt":"2023-01-16T05:16:45.8689233Z","createdBy":"azureclilivetest@azuresdkteam.onmicrosoft.com","createdByType":"User","lastModifiedAt":"2023-01-16T05:16:45.8689233Z","lastModifiedBy":"azureclilivetest@azuresdkteam.onmicrosoft.com","lastModifiedByType":"User"}}'
    headers:
      cache-control:
      - no-cache
      content-length:
      - '944'
      content-type:
      - application/json
      date:
      - Mon, 16 Jan 2023 05:17:19 GMT
      expires:
      - '-1'
      pragma:
      - no-cache
      server:
      - Microsoft-Azure-Storage-Resource-Provider/1.0,Microsoft-HTTPAPI/2.0 Microsoft-HTTPAPI/2.0
      strict-transport-security:
      - max-age=31536000; includeSubDomains
      transfer-encoding:
      - chunked
      vary:
      - Accept-Encoding
      x-content-type-options:
      - nosniff
    status:
      code: 200
      message: OK
- request:
    body: null
    headers:
      Accept:
      - application/json
      Accept-Encoding:
      - gzip, deflate
      CommandName:
      - elastic-san volume list
      Connection:
      - keep-alive
      ParameterSetName:
      - -g -e -v
      User-Agent:
      - AZURECLI/2.44.1 (AAZ) azsdk-python-core/1.24.0 Python/3.10.8 (Linux-5.15.0-1023-azure-x86_64-with-glibc2.31)
        VSTS_7b238909-6802-4b65-b90d-184bca47f458_build_261_0
    method: GET
    uri: https://management.azure.com/subscriptions/00000000-0000-0000-0000-000000000000/resourceGroups/clitest.rg.testelasticsan.volumegroup000001/providers/Microsoft.ElasticSan/elasticSans/elastic-san000002/volumegroups/volume-group000003/volumes?api-version=2021-11-20-preview
  response:
    body:
      string: '{"value":[{"properties":{"creationData":{"createSource":"None"},"sizeGiB":2,"storageTarget":{"targetIqn":"iqn.2023-01.net.windows.core.blob.ElasticSan.es-2jd3ff52olh0:volume000007","provisioningState":"Succeeded","status":"Running","targetPortalHostname":"es-2jd3ff52olh0.z21.blob.storage.azure.net","targetPortalPort":3260},"volumeId":"8ee02a09-620c-493a-9876-f32cdde682ec"},"id":"/subscriptions/00000000-0000-0000-0000-000000000000/resourceGroups/clitest.rg.testelasticsan.volumegroup000001/providers/Microsoft.ElasticSan/elasticSans/elastic-san000002/volumegroups/volume-group000003/volumes/volume000007","name":"volume000007","type":"Microsoft.ElasticSan/ElasticSans","systemData":{"createdAt":"2023-01-16T05:16:45.8689233Z","createdBy":"azureclilivetest@azuresdkteam.onmicrosoft.com","createdByType":"User","lastModifiedAt":"2023-01-16T05:16:45.8689233Z","lastModifiedBy":"azureclilivetest@azuresdkteam.onmicrosoft.com","lastModifiedByType":"User"}}]}'
    headers:
      cache-control:
      - no-cache
      content-length:
      - '956'
      content-type:
      - application/json
      date:
      - Mon, 16 Jan 2023 05:17:20 GMT
      expires:
      - '-1'
      pragma:
      - no-cache
      server:
      - Microsoft-Azure-Storage-Resource-Provider/1.0,Microsoft-HTTPAPI/2.0 Microsoft-HTTPAPI/2.0
      strict-transport-security:
      - max-age=31536000; includeSubDomains
      transfer-encoding:
      - chunked
      vary:
      - Accept-Encoding
      x-content-type-options:
      - nosniff
    status:
      code: 200
      message: OK
- request:
    body: null
    headers:
      Accept:
      - application/json
      Accept-Encoding:
      - gzip, deflate
      CommandName:
      - elastic-san volume update
      Connection:
      - keep-alive
      ParameterSetName:
      - -g -e -v -n --size-gib
      User-Agent:
      - AZURECLI/2.44.1 (AAZ) azsdk-python-core/1.24.0 Python/3.10.8 (Linux-5.15.0-1023-azure-x86_64-with-glibc2.31)
        VSTS_7b238909-6802-4b65-b90d-184bca47f458_build_261_0
    method: GET
    uri: https://management.azure.com/subscriptions/00000000-0000-0000-0000-000000000000/resourceGroups/clitest.rg.testelasticsan.volumegroup000001/providers/Microsoft.ElasticSan/elasticSans/elastic-san000002/volumegroups/volume-group000003/volumes/volume000007?api-version=2021-11-20-preview
  response:
    body:
      string: '{"properties":{"creationData":{"createSource":"None"},"sizeGiB":2,"storageTarget":{"targetIqn":"iqn.2023-01.net.windows.core.blob.ElasticSan.es-2jd3ff52olh0:volume000007","provisioningState":"Succeeded","status":"Running","targetPortalHostname":"es-2jd3ff52olh0.z21.blob.storage.azure.net","targetPortalPort":3260},"volumeId":"8ee02a09-620c-493a-9876-f32cdde682ec"},"id":"/subscriptions/00000000-0000-0000-0000-000000000000/resourceGroups/clitest.rg.testelasticsan.volumegroup000001/providers/Microsoft.ElasticSan/elasticSans/elastic-san000002/volumegroups/volume-group000003/volumes/volume000007","name":"volume000007","type":"Microsoft.ElasticSan/ElasticSans","systemData":{"createdAt":"2023-01-16T05:16:45.8689233Z","createdBy":"azureclilivetest@azuresdkteam.onmicrosoft.com","createdByType":"User","lastModifiedAt":"2023-01-16T05:16:45.8689233Z","lastModifiedBy":"azureclilivetest@azuresdkteam.onmicrosoft.com","lastModifiedByType":"User"}}'
    headers:
      cache-control:
      - no-cache
      content-length:
      - '944'
      content-type:
      - application/json
      date:
      - Mon, 16 Jan 2023 05:17:20 GMT
      expires:
      - '-1'
      pragma:
      - no-cache
      server:
      - Microsoft-Azure-Storage-Resource-Provider/1.0,Microsoft-HTTPAPI/2.0 Microsoft-HTTPAPI/2.0
      strict-transport-security:
      - max-age=31536000; includeSubDomains
      transfer-encoding:
      - chunked
      vary:
      - Accept-Encoding
      x-content-type-options:
      - nosniff
    status:
      code: 200
      message: OK
- request:
    body: '{"properties": {"creationData": {"createSource": "None"}, "sizeGiB": 3}}'
    headers:
      Accept:
      - application/json
      Accept-Encoding:
      - gzip, deflate
      CommandName:
      - elastic-san volume update
      Connection:
      - keep-alive
      Content-Length:
      - '72'
      Content-Type:
      - application/json
      ParameterSetName:
      - -g -e -v -n --size-gib
      User-Agent:
      - AZURECLI/2.44.1 (AAZ) azsdk-python-core/1.24.0 Python/3.10.8 (Linux-5.15.0-1023-azure-x86_64-with-glibc2.31)
        VSTS_7b238909-6802-4b65-b90d-184bca47f458_build_261_0
    method: PUT
    uri: https://management.azure.com/subscriptions/00000000-0000-0000-0000-000000000000/resourceGroups/clitest.rg.testelasticsan.volumegroup000001/providers/Microsoft.ElasticSan/elasticSans/elastic-san000002/volumegroups/volume-group000003/volumes/volume000007?api-version=2021-11-20-preview
  response:
    body:
      string: '{"properties":{"creationData":{"createSource":"None"},"sizeGiB":3,"storageTarget":{"targetIqn":"iqn.2023-01.net.windows.core.blob.ElasticSan.es-2jd3ff52olh0:volume000007","provisioningState":"Updating","status":"Pending","targetPortalHostname":"es-2jd3ff52olh0.z21.blob.storage.azure.net","targetPortalPort":3260},"volumeId":"8ee02a09-620c-493a-9876-f32cdde682ec"},"id":"/subscriptions/00000000-0000-0000-0000-000000000000/resourceGroups/clitest.rg.testelasticsan.volumegroup000001/providers/Microsoft.ElasticSan/elasticSans/elastic-san000002/volumegroups/volume-group000003/volumes/volume000007","name":"volume000007","type":"Microsoft.ElasticSan/ElasticSans","systemData":{"createdAt":"2023-01-16T05:17:21.8091216Z","createdBy":"azureclilivetest@azuresdkteam.onmicrosoft.com","createdByType":"User","lastModifiedAt":"2023-01-16T05:17:21.8091216Z","lastModifiedBy":"azureclilivetest@azuresdkteam.onmicrosoft.com","lastModifiedByType":"User"}}'
    headers:
      cache-control:
      - no-cache
      content-length:
      - '943'
      content-type:
      - application/json
      date:
      - Mon, 16 Jan 2023 05:17:21 GMT
      expires:
      - '-1'
      location:
      - https://management.azure.com/subscriptions/00000000-0000-0000-0000-000000000000/providers/Microsoft.ElasticSan/locations/southcentralusstg/asyncoperations/90a73f38-6553-4929-804d-8f591c90d2c7?monitor=true&api-version=2021-11-20-preview
      pragma:
      - no-cache
      server:
      - Microsoft-Azure-Storage-Resource-Provider/1.0,Microsoft-HTTPAPI/2.0 Microsoft-HTTPAPI/2.0
      strict-transport-security:
      - max-age=31536000; includeSubDomains
      x-content-type-options:
      - nosniff
      x-ms-ratelimit-remaining-subscription-writes:
      - '1197'
    status:
      code: 202
      message: Accepted
- request:
    body: null
    headers:
      Accept:
      - '*/*'
      Accept-Encoding:
      - gzip, deflate
      CommandName:
      - elastic-san volume update
      Connection:
      - keep-alive
      ParameterSetName:
      - -g -e -v -n --size-gib
      User-Agent:
      - AZURECLI/2.44.1 (AAZ) azsdk-python-core/1.24.0 Python/3.10.8 (Linux-5.15.0-1023-azure-x86_64-with-glibc2.31)
        VSTS_7b238909-6802-4b65-b90d-184bca47f458_build_261_0
    method: GET
    uri: https://management.azure.com/subscriptions/00000000-0000-0000-0000-000000000000/providers/Microsoft.ElasticSan/locations/southcentralusstg/asyncoperations/90a73f38-6553-4929-804d-8f591c90d2c7?monitor=true&api-version=2021-11-20-preview
  response:
    body:
      string: '{"properties":{"creationData":{"createSource":"None"},"sizeGiB":3,"storageTarget":{"targetIqn":"iqn.2023-01.net.windows.core.blob.ElasticSan.es-2jd3ff52olh0:volume000007","provisioningState":"Succeeded","status":"Running","targetPortalHostname":"es-2jd3ff52olh0.z21.blob.storage.azure.net","targetPortalPort":3260},"volumeId":"8ee02a09-620c-493a-9876-f32cdde682ec"},"id":"/subscriptions/00000000-0000-0000-0000-000000000000/resourceGroups/clitest.rg.testelasticsan.volumegroup000001/providers/Microsoft.ElasticSan/elasticSans/elastic-san000002/volumegroups/volume-group000003/volumes/volume000007","name":"volume000007","type":"Microsoft.ElasticSan/ElasticSans","systemData":{"createdAt":"2023-01-16T05:17:21.8091216Z","createdBy":"azureclilivetest@azuresdkteam.onmicrosoft.com","createdByType":"User","lastModifiedAt":"2023-01-16T05:17:21.8091216Z","lastModifiedBy":"azureclilivetest@azuresdkteam.onmicrosoft.com","lastModifiedByType":"User"}}'
    headers:
      cache-control:
      - no-cache
      content-length:
      - '944'
      content-type:
      - application/json
      date:
      - Mon, 16 Jan 2023 05:17:38 GMT
      expires:
      - '-1'
      pragma:
      - no-cache
      server:
      - Microsoft-Azure-Storage-Resource-Provider/1.0,Microsoft-HTTPAPI/2.0 Microsoft-HTTPAPI/2.0
      strict-transport-security:
      - max-age=31536000; includeSubDomains
      transfer-encoding:
      - chunked
      vary:
      - Accept-Encoding
      x-content-type-options:
      - nosniff
    status:
      code: 200
      message: OK
- request:
    body: null
    headers:
      Accept:
      - '*/*'
      Accept-Encoding:
      - gzip, deflate
      CommandName:
      - elastic-san volume delete
      Connection:
      - keep-alive
      Content-Length:
      - '0'
      ParameterSetName:
      - -g -e -v -n -y
      User-Agent:
      - AZURECLI/2.44.1 (AAZ) azsdk-python-core/1.24.0 Python/3.10.8 (Linux-5.15.0-1023-azure-x86_64-with-glibc2.31)
        VSTS_7b238909-6802-4b65-b90d-184bca47f458_build_261_0
    method: DELETE
    uri: https://management.azure.com/subscriptions/00000000-0000-0000-0000-000000000000/resourceGroups/clitest.rg.testelasticsan.volumegroup000001/providers/Microsoft.ElasticSan/elasticSans/elastic-san000002/volumegroups/volume-group000003/volumes/volume000007?api-version=2021-11-20-preview
  response:
    body:
      string: ''
    headers:
      cache-control:
      - no-cache
      content-length:
      - '0'
      content-type:
      - text/plain; charset=utf-8
      date:
      - Mon, 16 Jan 2023 05:17:39 GMT
      expires:
      - '-1'
      pragma:
      - no-cache
      server:
      - Microsoft-Azure-Storage-Resource-Provider/1.0,Microsoft-HTTPAPI/2.0 Microsoft-HTTPAPI/2.0
      strict-transport-security:
      - max-age=31536000; includeSubDomains
      x-content-type-options:
      - nosniff
      x-ms-ratelimit-remaining-subscription-deletes:
      - '14999'
    status:
      code: 200
      message: OK
- request:
    body: null
    headers:
      Accept:
      - application/json
      Accept-Encoding:
      - gzip, deflate
      CommandName:
      - elastic-san volume list
      Connection:
      - keep-alive
      ParameterSetName:
      - -g -e -v
      User-Agent:
      - AZURECLI/2.44.1 (AAZ) azsdk-python-core/1.24.0 Python/3.10.8 (Linux-5.15.0-1023-azure-x86_64-with-glibc2.31)
        VSTS_7b238909-6802-4b65-b90d-184bca47f458_build_261_0
    method: GET
    uri: https://management.azure.com/subscriptions/00000000-0000-0000-0000-000000000000/resourceGroups/clitest.rg.testelasticsan.volumegroup000001/providers/Microsoft.ElasticSan/elasticSans/elastic-san000002/volumegroups/volume-group000003/volumes?api-version=2021-11-20-preview
  response:
    body:
      string: '{"value":[]}'
    headers:
      cache-control:
      - no-cache
      content-length:
      - '12'
      content-type:
      - application/json
      date:
      - Mon, 16 Jan 2023 05:17:40 GMT
      expires:
      - '-1'
      pragma:
      - no-cache
      server:
      - Microsoft-Azure-Storage-Resource-Provider/1.0,Microsoft-HTTPAPI/2.0 Microsoft-HTTPAPI/2.0
      strict-transport-security:
      - max-age=31536000; includeSubDomains
      transfer-encoding:
      - chunked
      vary:
      - Accept-Encoding
      x-content-type-options:
      - nosniff
    status:
      code: 200
      message: OK
- request:
    body: null
    headers:
      Accept:
      - '*/*'
      Accept-Encoding:
      - gzip, deflate
      CommandName:
      - elastic-san volume-group delete
      Connection:
      - keep-alive
      Content-Length:
      - '0'
      ParameterSetName:
      - -g -e -n -y
      User-Agent:
      - AZURECLI/2.44.1 (AAZ) azsdk-python-core/1.24.0 Python/3.10.8 (Linux-5.15.0-1023-azure-x86_64-with-glibc2.31)
        VSTS_7b238909-6802-4b65-b90d-184bca47f458_build_261_0
    method: DELETE
    uri: https://management.azure.com/subscriptions/00000000-0000-0000-0000-000000000000/resourceGroups/clitest.rg.testelasticsan.volumegroup000001/providers/Microsoft.ElasticSan/elasticSans/elastic-san000002/volumegroups/volume-group000003?api-version=2021-11-20-preview
  response:
    body:
      string: ''
    headers:
      cache-control:
      - no-cache
      content-length:
      - '0'
      content-type:
      - text/plain; charset=utf-8
      date:
      - Mon, 16 Jan 2023 05:17:41 GMT
      expires:
      - '-1'
      pragma:
      - no-cache
      server:
      - Microsoft-Azure-Storage-Resource-Provider/1.0,Microsoft-HTTPAPI/2.0 Microsoft-HTTPAPI/2.0
      strict-transport-security:
      - max-age=31536000; includeSubDomains
      x-content-type-options:
      - nosniff
      x-ms-ratelimit-remaining-subscription-deletes:
      - '14999'
    status:
      code: 200
      message: OK
- request:
    body: null
    headers:
      Accept:
      - '*/*'
      Accept-Encoding:
      - gzip, deflate
      CommandName:
      - elastic-san delete
      Connection:
      - keep-alive
      Content-Length:
      - '0'
      ParameterSetName:
      - -g -n -y
      User-Agent:
      - AZURECLI/2.44.1 (AAZ) azsdk-python-core/1.24.0 Python/3.10.8 (Linux-5.15.0-1023-azure-x86_64-with-glibc2.31)
        VSTS_7b238909-6802-4b65-b90d-184bca47f458_build_261_0
    method: DELETE
    uri: https://management.azure.com/subscriptions/00000000-0000-0000-0000-000000000000/resourceGroups/clitest.rg.testelasticsan.volumegroup000001/providers/Microsoft.ElasticSan/elasticSans/elastic-san000002?api-version=2021-11-20-preview
  response:
    body:
      string: ''
    headers:
      cache-control:
      - no-cache
      content-length:
      - '0'
      content-type:
      - text/plain; charset=utf-8
      date:
      - Mon, 16 Jan 2023 05:18:03 GMT
      expires:
      - '-1'
      pragma:
      - no-cache
      server:
      - Microsoft-Azure-Storage-Resource-Provider/1.0,Microsoft-HTTPAPI/2.0 Microsoft-HTTPAPI/2.0
      strict-transport-security:
      - max-age=31536000; includeSubDomains
      x-content-type-options:
      - nosniff
      x-ms-ratelimit-remaining-subscription-deletes:
      - '14999'
    status:
      code: 200
      message: OK
version: 1
