interactions:
- request:
    body: null
    headers:
      Accept:
      - application/json
      Accept-Encoding:
      - gzip, deflate
      CommandName:
      - network front-door waf-policy create
      Connection:
      - keep-alive
      ParameterSetName:
      - -g -n --mode
      User-Agent:
      - AZURECLI/2.59.0 azsdk-python-core/1.28.0 Python/3.11.9 (Windows-10-10.0.22631-SP0)
    method: GET
    uri: https://management.azure.com/subscriptions/00000000-0000-0000-0000-000000000000/resourcegroups/clitest.rg000001?api-version=2022-09-01
  response:
    body:
      string: '{"id":"/subscriptions/00000000-0000-0000-0000-000000000000/resourceGroups/clitest.rg000001","name":"clitest.rg000001","type":"Microsoft.Resources/resourceGroups","location":"westus","tags":{"product":"azurecli","cause":"automation","test":"test_waf_policy_basic","date":"2024-04-29T03:06:35Z","module":"front-door"},"properties":{"provisioningState":"Succeeded"}}'
    headers:
      cache-control:
      - no-cache
      content-length:
      - '363'
      content-type:
      - application/json; charset=utf-8
      date:
      - Mon, 29 Apr 2024 03:06:41 GMT
      expires:
      - '-1'
      pragma:
      - no-cache
      strict-transport-security:
      - max-age=31536000; includeSubDomains
      x-cache:
      - CONFIG_NOCACHE
      x-content-type-options:
      - nosniff
      x-msedge-ref:
      - 'Ref A: 5C010DEB392D4E2AB8839AA97E17B487 Ref B: MAA201060513021 Ref C: 2024-04-29T03:06:42Z'
    status:
      code: 200
      message: OK
- request:
    body: '{"location": "global", "properties": {"policySettings": {"enabledState":
      "Enabled", "mode": "Prevention"}}}'
    headers:
      Accept:
      - application/json
      Accept-Encoding:
      - gzip, deflate
      CommandName:
      - network front-door waf-policy create
      Connection:
      - keep-alive
      Content-Length:
      - '107'
      Content-Type:
      - application/json
      ParameterSetName:
      - -g -n --mode
      User-Agent:
      - AZURECLI/2.59.0 azsdk-python-core/1.28.0 Python/3.11.9 (Windows-10-10.0.22631-SP0)
    method: PUT
    uri: https://management.azure.com/subscriptions/00000000-0000-0000-0000-000000000000/resourceGroups/clitest.rg000001/providers/Microsoft.Network/FrontDoorWebApplicationFirewallPolicies/cli000002?api-version=2024-02-01
  response:
    body:
      string: '{"id":"/subscriptions/00000000-0000-0000-0000-000000000000/resourcegroups/clitest.rg000001/providers/Microsoft.Network/frontdoorwebapplicationfirewallpolicies/cli000002","type":"Microsoft.Network/frontdoorwebapplicationfirewallpolicies","name":"cli000002","location":"Global","tags":{},"sku":{"name":"Classic_AzureFrontDoor"},"properties":{"policySettings":{"enabledState":"Enabled","mode":"Prevention","redirectUrl":null,"customBlockResponseStatusCode":null,"customBlockResponseBody":null,"requestBodyCheck":"Enabled","javascriptChallengeExpirationInMinutes":null,"logScrubbing":null},"customRules":{"rules":[]},"managedRules":{"managedRuleSets":[]},"frontendEndpointLinks":[],"securityPolicyLinks":[],"resourceState":"Enabled","provisioningState":"Succeeded"}}'
    headers:
      cache-control:
      - no-cache
      content-length:
      - '762'
      content-type:
      - application/json; charset=utf-8
      date:
      - Mon, 29 Apr 2024 03:06:45 GMT
      expires:
      - '-1'
      pragma:
      - no-cache
      strict-transport-security:
      - max-age=31536000; includeSubDomains
      x-cache:
      - CONFIG_NOCACHE
      x-content-type-options:
      - nosniff
      x-ms-ratelimit-remaining-subscription-writes:
      - '1199'
      x-msedge-ref:
      - 'Ref A: C652101E6A944337B3AFF174A1710078 Ref B: MAA201060516045 Ref C: 2024-04-29T03:06:43Z'
    status:
      code: 201
      message: Created
- request:
    body: null
    headers:
      Accept:
      - application/json
      Accept-Encoding:
      - gzip, deflate
      CommandName:
      - network front-door waf-policy create
      Connection:
      - keep-alive
      ParameterSetName:
      - -g -n --mode --sku
      User-Agent:
      - AZURECLI/2.59.0 azsdk-python-core/1.28.0 Python/3.11.9 (Windows-10-10.0.22631-SP0)
    method: GET
    uri: https://management.azure.com/subscriptions/00000000-0000-0000-0000-000000000000/resourcegroups/clitest.rg000001?api-version=2022-09-01
  response:
    body:
      string: '{"id":"/subscriptions/00000000-0000-0000-0000-000000000000/resourceGroups/clitest.rg000001","name":"clitest.rg000001","type":"Microsoft.Resources/resourceGroups","location":"westus","tags":{"product":"azurecli","cause":"automation","test":"test_waf_policy_basic","date":"2024-04-29T03:06:35Z","module":"front-door"},"properties":{"provisioningState":"Succeeded"}}'
    headers:
      cache-control:
      - no-cache
      content-length:
      - '363'
      content-type:
      - application/json; charset=utf-8
      date:
      - Mon, 29 Apr 2024 03:06:46 GMT
      expires:
      - '-1'
      pragma:
      - no-cache
      strict-transport-security:
      - max-age=31536000; includeSubDomains
      x-cache:
      - CONFIG_NOCACHE
      x-content-type-options:
      - nosniff
      x-msedge-ref:
      - 'Ref A: C9EE515A1B924B2480D44A0EDC32C232 Ref B: MAA201060514035 Ref C: 2024-04-29T03:06:46Z'
    status:
      code: 200
      message: OK
- request:
    body: '{"location": "global", "properties": {"policySettings": {"enabledState":
      "Enabled", "mode": "Prevention"}}, "sku": {"name": "Standard_AzureFrontDoor"}}'
    headers:
      Accept:
      - application/json
      Accept-Encoding:
      - gzip, deflate
      CommandName:
      - network front-door waf-policy create
      Connection:
      - keep-alive
      Content-Length:
      - '151'
      Content-Type:
      - application/json
      ParameterSetName:
      - -g -n --mode --sku
      User-Agent:
      - AZURECLI/2.59.0 azsdk-python-core/1.28.0 Python/3.11.9 (Windows-10-10.0.22631-SP0)
    method: PUT
    uri: https://management.azure.com/subscriptions/00000000-0000-0000-0000-000000000000/resourceGroups/clitest.rg000001/providers/Microsoft.Network/FrontDoorWebApplicationFirewallPolicies/cli000004?api-version=2024-02-01
  response:
    body:
      string: '{"id":"/subscriptions/00000000-0000-0000-0000-000000000000/resourcegroups/clitest.rg000001/providers/Microsoft.Network/frontdoorwebapplicationfirewallpolicies/cli000004","type":"Microsoft.Network/frontdoorwebapplicationfirewallpolicies","name":"cli000004","location":"Global","tags":{},"sku":{"name":"Standard_AzureFrontDoor"},"properties":{"policySettings":{"enabledState":"Enabled","mode":"Prevention","redirectUrl":null,"customBlockResponseStatusCode":null,"customBlockResponseBody":null,"requestBodyCheck":"Enabled","javascriptChallengeExpirationInMinutes":null,"logScrubbing":null},"customRules":{"rules":[]},"managedRules":{"managedRuleSets":[]},"frontendEndpointLinks":[],"securityPolicyLinks":[],"resourceState":"Enabled","provisioningState":"Succeeded"}}'
    headers:
      cache-control:
      - no-cache
      content-length:
      - '763'
      content-type:
      - application/json; charset=utf-8
      date:
      - Mon, 29 Apr 2024 03:06:51 GMT
      expires:
      - '-1'
      pragma:
      - no-cache
      strict-transport-security:
      - max-age=31536000; includeSubDomains
      x-cache:
      - CONFIG_NOCACHE
      x-content-type-options:
      - nosniff
      x-ms-ratelimit-remaining-subscription-writes:
      - '1199'
      x-msedge-ref:
      - 'Ref A: 55098069C3E549B5A07B2332426B3215 Ref B: MAA201060514017 Ref C: 2024-04-29T03:06:47Z'
    status:
      code: 201
      message: Created
- request:
    body: null
    headers:
      Accept:
      - application/json
      Accept-Encoding:
      - gzip, deflate
      CommandName:
      - network front-door waf-policy create
      Connection:
      - keep-alive
      ParameterSetName:
      - -g -n --mode --redirect-url --sku
      User-Agent:
      - AZURECLI/2.59.0 azsdk-python-core/1.28.0 Python/3.11.9 (Windows-10-10.0.22631-SP0)
    method: GET
    uri: https://management.azure.com/subscriptions/00000000-0000-0000-0000-000000000000/resourcegroups/clitest.rg000001?api-version=2022-09-01
  response:
    body:
      string: '{"id":"/subscriptions/00000000-0000-0000-0000-000000000000/resourceGroups/clitest.rg000001","name":"clitest.rg000001","type":"Microsoft.Resources/resourceGroups","location":"westus","tags":{"product":"azurecli","cause":"automation","test":"test_waf_policy_basic","date":"2024-04-29T03:06:35Z","module":"front-door"},"properties":{"provisioningState":"Succeeded"}}'
    headers:
      cache-control:
      - no-cache
      content-length:
      - '363'
      content-type:
      - application/json; charset=utf-8
      date:
      - Mon, 29 Apr 2024 03:06:53 GMT
      expires:
      - '-1'
      pragma:
      - no-cache
      strict-transport-security:
      - max-age=31536000; includeSubDomains
      x-cache:
      - CONFIG_NOCACHE
      x-content-type-options:
      - nosniff
      x-msedge-ref:
      - 'Ref A: 7D4DE04188F34954A8A0A97FD455E04E Ref B: MAA201060513051 Ref C: 2024-04-29T03:06:53Z'
    status:
      code: 200
      message: OK
- request:
    body: '{"location": "global", "properties": {"policySettings": {"enabledState":
      "Enabled", "mode": "Detection", "redirectUrl": "http://www.microsoft.com"}},
      "sku": {"name": "Premium_AzureFrontDoor"}}'
    headers:
      Accept:
      - application/json
      Accept-Encoding:
      - gzip, deflate
      CommandName:
      - network front-door waf-policy create
      Connection:
      - keep-alive
      Content-Length:
      - '192'
      Content-Type:
      - application/json
      ParameterSetName:
      - -g -n --mode --redirect-url --sku
      User-Agent:
      - AZURECLI/2.59.0 azsdk-python-core/1.28.0 Python/3.11.9 (Windows-10-10.0.22631-SP0)
    method: PUT
    uri: https://management.azure.com/subscriptions/00000000-0000-0000-0000-000000000000/resourceGroups/clitest.rg000001/providers/Microsoft.Network/FrontDoorWebApplicationFirewallPolicies/cli000005?api-version=2024-02-01
  response:
    body:
      string: '{"id":"/subscriptions/00000000-0000-0000-0000-000000000000/resourcegroups/clitest.rg000001/providers/Microsoft.Network/frontdoorwebapplicationfirewallpolicies/cli000005","type":"Microsoft.Network/frontdoorwebapplicationfirewallpolicies","name":"cli000005","location":"Global","tags":{},"sku":{"name":"Premium_AzureFrontDoor"},"properties":{"policySettings":{"enabledState":"Enabled","mode":"Detection","redirectUrl":"http://www.microsoft.com","customBlockResponseStatusCode":null,"customBlockResponseBody":null,"requestBodyCheck":"Enabled","javascriptChallengeExpirationInMinutes":30,"logScrubbing":null},"customRules":{"rules":[]},"managedRules":{"managedRuleSets":[]},"frontendEndpointLinks":[],"securityPolicyLinks":[],"resourceState":"Enabled","provisioningState":"Succeeded"}}'
    headers:
      cache-control:
      - no-cache
      content-length:
      - '781'
      content-type:
      - application/json; charset=utf-8
      date:
      - Mon, 29 Apr 2024 03:06:55 GMT
      expires:
      - '-1'
      pragma:
      - no-cache
      strict-transport-security:
      - max-age=31536000; includeSubDomains
      x-cache:
      - CONFIG_NOCACHE
      x-content-type-options:
      - nosniff
      x-ms-ratelimit-remaining-subscription-writes:
      - '1199'
      x-msedge-ref:
      - 'Ref A: 6BCA9EA6E7994857875ADA5F95B8FB01 Ref B: MAA201060513037 Ref C: 2024-04-29T03:06:54Z'
    status:
      code: 201
      message: Created
- request:
    body: null
    headers:
      Accept:
      - application/json
      Accept-Encoding:
      - gzip, deflate
      CommandName:
      - network front-door waf-policy create
      Connection:
      - keep-alive
      ParameterSetName:
      - -g -n --mode --redirect-url --custom-block-response-status-code --sku
      User-Agent:
      - AZURECLI/2.59.0 azsdk-python-core/1.28.0 Python/3.11.9 (Windows-10-10.0.22631-SP0)
    method: GET
    uri: https://management.azure.com/subscriptions/00000000-0000-0000-0000-000000000000/resourcegroups/clitest.rg000001?api-version=2022-09-01
  response:
    body:
      string: '{"id":"/subscriptions/00000000-0000-0000-0000-000000000000/resourceGroups/clitest.rg000001","name":"clitest.rg000001","type":"Microsoft.Resources/resourceGroups","location":"westus","tags":{"product":"azurecli","cause":"automation","test":"test_waf_policy_basic","date":"2024-04-29T03:06:35Z","module":"front-door"},"properties":{"provisioningState":"Succeeded"}}'
    headers:
      cache-control:
      - no-cache
      content-length:
      - '363'
      content-type:
      - application/json; charset=utf-8
      date:
      - Mon, 29 Apr 2024 03:06:57 GMT
      expires:
      - '-1'
      pragma:
      - no-cache
      strict-transport-security:
      - max-age=31536000; includeSubDomains
      x-cache:
      - CONFIG_NOCACHE
      x-content-type-options:
      - nosniff
      x-msedge-ref:
      - 'Ref A: 6756A216391A4C55931640B1B5433274 Ref B: MAA201060514021 Ref C: 2024-04-29T03:06:57Z'
    status:
      code: 200
      message: OK
- request:
    body: '{"location": "global", "properties": {"policySettings": {"customBlockResponseStatusCode":
      406, "enabledState": "Enabled", "mode": "Detection", "redirectUrl": "http://www.microsoft.com"}},
      "sku": {"name": "Classic_AzureFrontDoor"}}'
    headers:
      Accept:
      - application/json
      Accept-Encoding:
      - gzip, deflate
      CommandName:
      - network front-door waf-policy create
      Connection:
      - keep-alive
      Content-Length:
      - '230'
      Content-Type:
      - application/json
      ParameterSetName:
      - -g -n --mode --redirect-url --custom-block-response-status-code --sku
      User-Agent:
      - AZURECLI/2.59.0 azsdk-python-core/1.28.0 Python/3.11.9 (Windows-10-10.0.22631-SP0)
    method: PUT
    uri: https://management.azure.com/subscriptions/00000000-0000-0000-0000-000000000000/resourceGroups/clitest.rg000001/providers/Microsoft.Network/FrontDoorWebApplicationFirewallPolicies/cli000006?api-version=2024-02-01
  response:
    body:
      string: '{"id":"/subscriptions/00000000-0000-0000-0000-000000000000/resourcegroups/clitest.rg000001/providers/Microsoft.Network/frontdoorwebapplicationfirewallpolicies/cli000006","type":"Microsoft.Network/frontdoorwebapplicationfirewallpolicies","name":"cli000006","location":"Global","tags":{},"sku":{"name":"Classic_AzureFrontDoor"},"properties":{"policySettings":{"enabledState":"Enabled","mode":"Detection","redirectUrl":"http://www.microsoft.com","customBlockResponseStatusCode":406,"customBlockResponseBody":null,"requestBodyCheck":"Enabled","javascriptChallengeExpirationInMinutes":null,"logScrubbing":null},"customRules":{"rules":[]},"managedRules":{"managedRuleSets":[]},"frontendEndpointLinks":[],"securityPolicyLinks":[],"resourceState":"Enabled","provisioningState":"Succeeded"}}'
    headers:
      cache-control:
      - no-cache
      content-length:
      - '782'
      content-type:
      - application/json; charset=utf-8
      date:
      - Mon, 29 Apr 2024 03:07:00 GMT
      expires:
      - '-1'
      pragma:
      - no-cache
      strict-transport-security:
      - max-age=31536000; includeSubDomains
      x-cache:
      - CONFIG_NOCACHE
      x-content-type-options:
      - nosniff
      x-ms-ratelimit-remaining-subscription-writes:
      - '1199'
      x-msedge-ref:
      - 'Ref A: FA3164BA80F744EFBBD77AD2DED7F3C7 Ref B: MAA201060515029 Ref C: 2024-04-29T03:06:58Z'
    status:
      code: 201
      message: Created
- request:
    body: null
    headers:
      Accept:
      - application/json
      Accept-Encoding:
      - gzip, deflate
      CommandName:
      - network front-door waf-policy create
      Connection:
      - keep-alive
      ParameterSetName:
      - -g -n --mode --redirect-url --custom-block-response-status-code --custom-block-response-body
      User-Agent:
      - AZURECLI/2.59.0 azsdk-python-core/1.28.0 Python/3.11.9 (Windows-10-10.0.22631-SP0)
    method: GET
    uri: https://management.azure.com/subscriptions/00000000-0000-0000-0000-000000000000/resourcegroups/clitest.rg000001?api-version=2022-09-01
  response:
    body:
      string: '{"id":"/subscriptions/00000000-0000-0000-0000-000000000000/resourceGroups/clitest.rg000001","name":"clitest.rg000001","type":"Microsoft.Resources/resourceGroups","location":"westus","tags":{"product":"azurecli","cause":"automation","test":"test_waf_policy_basic","date":"2024-04-29T03:06:35Z","module":"front-door"},"properties":{"provisioningState":"Succeeded"}}'
    headers:
      cache-control:
      - no-cache
      content-length:
      - '363'
      content-type:
      - application/json; charset=utf-8
      date:
      - Mon, 29 Apr 2024 03:07:02 GMT
      expires:
      - '-1'
      pragma:
      - no-cache
      strict-transport-security:
      - max-age=31536000; includeSubDomains
      x-cache:
      - CONFIG_NOCACHE
      x-content-type-options:
      - nosniff
      x-msedge-ref:
      - 'Ref A: AF31F834833C4CBEB5D5424A3C37281A Ref B: MAA201060516033 Ref C: 2024-04-29T03:07:02Z'
    status:
      code: 200
      message: OK
- request:
    body: '{"location": "global", "properties": {"policySettings": {"customBlockResponseBody":
      "YiBvZHk=", "customBlockResponseStatusCode": 406, "enabledState": "Enabled",
      "mode": "Detection", "redirectUrl": "http://www.microsoft.com"}}}'
    headers:
      Accept:
      - application/json
      Accept-Encoding:
      - gzip, deflate
      CommandName:
      - network front-door waf-policy create
      Connection:
      - keep-alive
      Content-Length:
      - '226'
      Content-Type:
      - application/json
      ParameterSetName:
      - -g -n --mode --redirect-url --custom-block-response-status-code --custom-block-response-body
      User-Agent:
      - AZURECLI/2.59.0 azsdk-python-core/1.28.0 Python/3.11.9 (Windows-10-10.0.22631-SP0)
    method: PUT
    uri: https://management.azure.com/subscriptions/00000000-0000-0000-0000-000000000000/resourceGroups/clitest.rg000001/providers/Microsoft.Network/FrontDoorWebApplicationFirewallPolicies/cli000007?api-version=2024-02-01
  response:
    body:
      string: '{"id":"/subscriptions/00000000-0000-0000-0000-000000000000/resourcegroups/clitest.rg000001/providers/Microsoft.Network/frontdoorwebapplicationfirewallpolicies/cli000007","type":"Microsoft.Network/frontdoorwebapplicationfirewallpolicies","name":"cli000007","location":"Global","tags":{},"sku":{"name":"Classic_AzureFrontDoor"},"properties":{"policySettings":{"enabledState":"Enabled","mode":"Detection","redirectUrl":"http://www.microsoft.com","customBlockResponseStatusCode":406,"customBlockResponseBody":"YiBvZHk=","requestBodyCheck":"Enabled","javascriptChallengeExpirationInMinutes":null,"logScrubbing":null},"customRules":{"rules":[]},"managedRules":{"managedRuleSets":[]},"frontendEndpointLinks":[],"securityPolicyLinks":[],"resourceState":"Enabled","provisioningState":"Succeeded"}}'
    headers:
      cache-control:
      - no-cache
      content-length:
      - '788'
      content-type:
      - application/json; charset=utf-8
      date:
      - Mon, 29 Apr 2024 03:07:06 GMT
      expires:
      - '-1'
      pragma:
      - no-cache
      strict-transport-security:
      - max-age=31536000; includeSubDomains
      x-cache:
      - CONFIG_NOCACHE
      x-content-type-options:
      - nosniff
      x-ms-ratelimit-remaining-subscription-writes:
      - '1199'
      x-msedge-ref:
      - 'Ref A: C801495E7943474D995DBD95AF2A5145 Ref B: MAA201060516019 Ref C: 2024-04-29T03:07:03Z'
    status:
      code: 201
      message: Created
- request:
    body: null
    headers:
      Accept:
      - application/json
      Accept-Encoding:
      - gzip, deflate
      CommandName:
      - network front-door waf-policy create
      Connection:
      - keep-alive
      ParameterSetName:
      - -g -n --mode --disabled
      User-Agent:
      - AZURECLI/2.59.0 azsdk-python-core/1.28.0 Python/3.11.9 (Windows-10-10.0.22631-SP0)
    method: GET
    uri: https://management.azure.com/subscriptions/00000000-0000-0000-0000-000000000000/resourcegroups/clitest.rg000001?api-version=2022-09-01
  response:
    body:
      string: '{"id":"/subscriptions/00000000-0000-0000-0000-000000000000/resourceGroups/clitest.rg000001","name":"clitest.rg000001","type":"Microsoft.Resources/resourceGroups","location":"westus","tags":{"product":"azurecli","cause":"automation","test":"test_waf_policy_basic","date":"2024-04-29T03:06:35Z","module":"front-door"},"properties":{"provisioningState":"Succeeded"}}'
    headers:
      cache-control:
      - no-cache
      content-length:
      - '363'
      content-type:
      - application/json; charset=utf-8
      date:
      - Mon, 29 Apr 2024 03:07:06 GMT
      expires:
      - '-1'
      pragma:
      - no-cache
      strict-transport-security:
      - max-age=31536000; includeSubDomains
      x-cache:
      - CONFIG_NOCACHE
      x-content-type-options:
      - nosniff
      x-msedge-ref:
      - 'Ref A: CE2B026C04F74FD2B95D46E9C051E842 Ref B: MAA201060513053 Ref C: 2024-04-29T03:07:07Z'
    status:
      code: 200
      message: OK
- request:
    body: '{"location": "global", "properties": {"policySettings": {"enabledState":
      "Disabled", "mode": "Detection"}}}'
    headers:
      Accept:
      - application/json
      Accept-Encoding:
      - gzip, deflate
      CommandName:
      - network front-door waf-policy create
      Connection:
      - keep-alive
      Content-Length:
      - '107'
      Content-Type:
      - application/json
      ParameterSetName:
      - -g -n --mode --disabled
      User-Agent:
      - AZURECLI/2.59.0 azsdk-python-core/1.28.0 Python/3.11.9 (Windows-10-10.0.22631-SP0)
    method: PUT
    uri: https://management.azure.com/subscriptions/00000000-0000-0000-0000-000000000000/resourceGroups/clitest.rg000001/providers/Microsoft.Network/FrontDoorWebApplicationFirewallPolicies/cli000008?api-version=2024-02-01
  response:
    body:
      string: '{"id":"/subscriptions/00000000-0000-0000-0000-000000000000/resourcegroups/clitest.rg000001/providers/Microsoft.Network/frontdoorwebapplicationfirewallpolicies/cli000008","type":"Microsoft.Network/frontdoorwebapplicationfirewallpolicies","name":"cli000008","location":"Global","tags":{},"sku":{"name":"Classic_AzureFrontDoor"},"properties":{"policySettings":{"enabledState":"Disabled","mode":"Detection","redirectUrl":null,"customBlockResponseStatusCode":null,"customBlockResponseBody":null,"requestBodyCheck":"Enabled","javascriptChallengeExpirationInMinutes":null,"logScrubbing":null},"customRules":{"rules":[]},"managedRules":{"managedRuleSets":[]},"frontendEndpointLinks":[],"securityPolicyLinks":[],"resourceState":"Enabled","provisioningState":"Succeeded"}}'
    headers:
      cache-control:
      - no-cache
      content-length:
      - '762'
      content-type:
      - application/json; charset=utf-8
      date:
      - Mon, 29 Apr 2024 03:07:10 GMT
      expires:
      - '-1'
      pragma:
      - no-cache
      strict-transport-security:
      - max-age=31536000; includeSubDomains
      x-cache:
      - CONFIG_NOCACHE
      x-content-type-options:
      - nosniff
      x-ms-ratelimit-remaining-subscription-writes:
      - '1199'
      x-msedge-ref:
      - 'Ref A: BEA475CC5C8F4AB3A36C97DFDB8E9C43 Ref B: MAA201060515045 Ref C: 2024-04-29T03:07:08Z'
    status:
      code: 201
      message: Created
- request:
    body: null
    headers:
      Accept:
      - application/json
      Accept-Encoding:
      - gzip, deflate
      CommandName:
      - network front-door waf-policy update
      Connection:
      - keep-alive
      ParameterSetName:
      - -g -n --mode
      User-Agent:
      - AZURECLI/2.59.0 azsdk-python-core/1.28.0 Python/3.11.9 (Windows-10-10.0.22631-SP0)
    method: GET
    uri: https://management.azure.com/subscriptions/00000000-0000-0000-0000-000000000000/resourcegroups/clitest.rg000001?api-version=2022-09-01
  response:
    body:
      string: '{"id":"/subscriptions/00000000-0000-0000-0000-000000000000/resourceGroups/clitest.rg000001","name":"clitest.rg000001","type":"Microsoft.Resources/resourceGroups","location":"westus","tags":{"product":"azurecli","cause":"automation","test":"test_waf_policy_basic","date":"2024-04-29T03:06:35Z","module":"front-door"},"properties":{"provisioningState":"Succeeded"}}'
    headers:
      cache-control:
      - no-cache
      content-length:
      - '363'
      content-type:
      - application/json; charset=utf-8
      date:
      - Mon, 29 Apr 2024 03:07:11 GMT
      expires:
      - '-1'
      pragma:
      - no-cache
      strict-transport-security:
      - max-age=31536000; includeSubDomains
      x-cache:
      - CONFIG_NOCACHE
      x-content-type-options:
      - nosniff
      x-msedge-ref:
      - 'Ref A: 9746D74DC81B4C029F9C8AE9BC7DC199 Ref B: MAA201060515031 Ref C: 2024-04-29T03:07:12Z'
    status:
      code: 200
      message: OK
- request:
    body: null
    headers:
      Accept:
      - application/json
      Accept-Encoding:
      - gzip, deflate
      CommandName:
      - network front-door waf-policy update
      Connection:
      - keep-alive
      ParameterSetName:
      - -g -n --mode
      User-Agent:
      - AZURECLI/2.59.0 azsdk-python-core/1.28.0 Python/3.11.9 (Windows-10-10.0.22631-SP0)
    method: GET
    uri: https://management.azure.com/subscriptions/00000000-0000-0000-0000-000000000000/resourceGroups/clitest.rg000001/providers/Microsoft.Network/FrontDoorWebApplicationFirewallPolicies/cli000008?api-version=2024-02-01
  response:
    body:
      string: '{"id":"/subscriptions/00000000-0000-0000-0000-000000000000/resourcegroups/clitest.rg000001/providers/Microsoft.Network/frontdoorwebapplicationfirewallpolicies/cli000008","type":"Microsoft.Network/frontdoorwebapplicationfirewallpolicies","name":"cli000008","location":"Global","tags":{},"sku":{"name":"Classic_AzureFrontDoor"},"properties":{"policySettings":{"enabledState":"Disabled","mode":"Detection","redirectUrl":null,"customBlockResponseStatusCode":null,"customBlockResponseBody":null,"requestBodyCheck":"Enabled","javascriptChallengeExpirationInMinutes":null,"logScrubbing":null},"customRules":{"rules":[]},"managedRules":{"managedRuleSets":[]},"frontendEndpointLinks":[],"securityPolicyLinks":[],"resourceState":"Enabled","provisioningState":"Succeeded"}}'
    headers:
      cache-control:
      - no-cache
      content-length:
      - '762'
      content-type:
      - application/json; charset=utf-8
      date:
      - Mon, 29 Apr 2024 03:07:13 GMT
      expires:
      - '-1'
      pragma:
      - no-cache
      strict-transport-security:
      - max-age=31536000; includeSubDomains
      x-cache:
      - CONFIG_NOCACHE
      x-content-type-options:
      - nosniff
      x-msedge-ref:
      - 'Ref A: 181E2C8E66644630B6C45D7AD08F3E7C Ref B: MAA201060515051 Ref C: 2024-04-29T03:07:12Z'
    status:
      code: 200
      message: OK
- request:
    body: '{"location": "global", "properties": {"customRules": {"rules": []}, "managedRules":
      {"managedRuleSets": []}, "policySettings": {"enabledState": "Enabled", "mode":
      "Detection", "requestBodyCheck": "Enabled"}}, "sku": {"name": "Classic_AzureFrontDoor"},
      "tags": {}}'
    headers:
      Accept:
      - application/json
      Accept-Encoding:
      - gzip, deflate
      CommandName:
      - network front-door waf-policy update
      Connection:
      - keep-alive
      Content-Length:
      - '263'
      Content-Type:
      - application/json
      ParameterSetName:
      - -g -n --mode
      User-Agent:
      - AZURECLI/2.59.0 azsdk-python-core/1.28.0 Python/3.11.9 (Windows-10-10.0.22631-SP0)
    method: PUT
    uri: https://management.azure.com/subscriptions/00000000-0000-0000-0000-000000000000/resourceGroups/clitest.rg000001/providers/Microsoft.Network/FrontDoorWebApplicationFirewallPolicies/cli000008?api-version=2024-02-01
  response:
    body:
      string: '{"id":"/subscriptions/00000000-0000-0000-0000-000000000000/resourcegroups/clitest.rg000001/providers/Microsoft.Network/frontdoorwebapplicationfirewallpolicies/cli000008","type":"Microsoft.Network/frontdoorwebapplicationfirewallpolicies","name":"cli000008","location":"Global","tags":{},"sku":{"name":"Classic_AzureFrontDoor"},"properties":{"policySettings":{"enabledState":"Enabled","mode":"Detection","redirectUrl":null,"customBlockResponseStatusCode":null,"customBlockResponseBody":null,"requestBodyCheck":"Enabled","javascriptChallengeExpirationInMinutes":null,"logScrubbing":null},"customRules":{"rules":[]},"managedRules":{"managedRuleSets":[]},"frontendEndpointLinks":[],"securityPolicyLinks":[],"resourceState":"Enabled","provisioningState":"Succeeded"}}'
    headers:
      cache-control:
      - no-cache
      content-length:
      - '761'
      content-type:
      - application/json; charset=utf-8
      date:
      - Mon, 29 Apr 2024 03:07:15 GMT
      expires:
      - '-1'
      pragma:
      - no-cache
      strict-transport-security:
      - max-age=31536000; includeSubDomains
      x-cache:
      - CONFIG_NOCACHE
      x-content-type-options:
      - nosniff
      x-ms-ratelimit-remaining-subscription-writes:
      - '1199'
      x-msedge-ref:
      - 'Ref A: 885F17D92AC4421A8245323C5B43455F Ref B: MAA201060515051 Ref C: 2024-04-29T03:07:14Z'
    status:
      code: 200
      message: OK
- request:
    body: null
    headers:
      Accept:
      - application/json
      Accept-Encoding:
      - gzip, deflate
      CommandName:
      - network front-door waf-policy update
      Connection:
      - keep-alive
      ParameterSetName:
      - -g -n --tags
      User-Agent:
      - AZURECLI/2.59.0 azsdk-python-core/1.28.0 Python/3.11.9 (Windows-10-10.0.22631-SP0)
    method: GET
    uri: https://management.azure.com/subscriptions/00000000-0000-0000-0000-000000000000/resourcegroups/clitest.rg000001?api-version=2022-09-01
  response:
    body:
      string: '{"id":"/subscriptions/00000000-0000-0000-0000-000000000000/resourceGroups/clitest.rg000001","name":"clitest.rg000001","type":"Microsoft.Resources/resourceGroups","location":"westus","tags":{"product":"azurecli","cause":"automation","test":"test_waf_policy_basic","date":"2024-04-29T03:06:35Z","module":"front-door"},"properties":{"provisioningState":"Succeeded"}}'
    headers:
      cache-control:
      - no-cache
      content-length:
      - '363'
      content-type:
      - application/json; charset=utf-8
      date:
      - Mon, 29 Apr 2024 03:07:16 GMT
      expires:
      - '-1'
      pragma:
      - no-cache
      strict-transport-security:
      - max-age=31536000; includeSubDomains
      x-cache:
      - CONFIG_NOCACHE
      x-content-type-options:
      - nosniff
      x-msedge-ref:
      - 'Ref A: E21872A7CF12413AAD435F8865487815 Ref B: MAA201060515033 Ref C: 2024-04-29T03:07:17Z'
    status:
      code: 200
      message: OK
- request:
    body: null
    headers:
      Accept:
      - application/json
      Accept-Encoding:
      - gzip, deflate
      CommandName:
      - network front-door waf-policy update
      Connection:
      - keep-alive
      ParameterSetName:
      - -g -n --tags
      User-Agent:
      - AZURECLI/2.59.0 azsdk-python-core/1.28.0 Python/3.11.9 (Windows-10-10.0.22631-SP0)
    method: GET
    uri: https://management.azure.com/subscriptions/00000000-0000-0000-0000-000000000000/resourceGroups/clitest.rg000001/providers/Microsoft.Network/FrontDoorWebApplicationFirewallPolicies/cli000002?api-version=2024-02-01
  response:
    body:
      string: '{"id":"/subscriptions/00000000-0000-0000-0000-000000000000/resourcegroups/clitest.rg000001/providers/Microsoft.Network/frontdoorwebapplicationfirewallpolicies/cli000002","type":"Microsoft.Network/frontdoorwebapplicationfirewallpolicies","name":"cli000002","location":"Global","tags":{},"sku":{"name":"Classic_AzureFrontDoor"},"properties":{"policySettings":{"enabledState":"Enabled","mode":"Prevention","redirectUrl":null,"customBlockResponseStatusCode":null,"customBlockResponseBody":null,"requestBodyCheck":"Enabled","javascriptChallengeExpirationInMinutes":null,"logScrubbing":null},"customRules":{"rules":[]},"managedRules":{"managedRuleSets":[]},"frontendEndpointLinks":[],"securityPolicyLinks":[],"resourceState":"Enabled","provisioningState":"Succeeded"}}'
    headers:
      cache-control:
      - no-cache
      content-length:
      - '762'
      content-type:
      - application/json; charset=utf-8
      date:
      - Mon, 29 Apr 2024 03:07:19 GMT
      expires:
      - '-1'
      pragma:
      - no-cache
      strict-transport-security:
      - max-age=31536000; includeSubDomains
      x-cache:
      - CONFIG_NOCACHE
      x-content-type-options:
      - nosniff
      x-msedge-ref:
      - 'Ref A: D6257502CBE84EBF9044EF8A42F21BB2 Ref B: MAA201060514033 Ref C: 2024-04-29T03:07:17Z'
    status:
      code: 200
      message: OK
- request:
    body: '{"location": "global", "properties": {"customRules": {"rules": []}, "managedRules":
      {"managedRuleSets": []}, "policySettings": {"enabledState": "Enabled", "mode":
      "Prevention", "requestBodyCheck": "Enabled"}}, "sku": {"name": "Classic_AzureFrontDoor"},
      "tags": {"test": "best"}}'
    headers:
      Accept:
      - application/json
      Accept-Encoding:
      - gzip, deflate
      CommandName:
      - network front-door waf-policy update
      Connection:
      - keep-alive
      Content-Length:
      - '278'
      Content-Type:
      - application/json
      ParameterSetName:
      - -g -n --tags
      User-Agent:
      - AZURECLI/2.59.0 azsdk-python-core/1.28.0 Python/3.11.9 (Windows-10-10.0.22631-SP0)
    method: PUT
    uri: https://management.azure.com/subscriptions/00000000-0000-0000-0000-000000000000/resourceGroups/clitest.rg000001/providers/Microsoft.Network/FrontDoorWebApplicationFirewallPolicies/cli000002?api-version=2024-02-01
  response:
    body:
      string: '{"id":"/subscriptions/00000000-0000-0000-0000-000000000000/resourcegroups/clitest.rg000001/providers/Microsoft.Network/frontdoorwebapplicationfirewallpolicies/cli000002","type":"Microsoft.Network/frontdoorwebapplicationfirewallpolicies","name":"cli000002","location":"Global","tags":{"test":"best"},"sku":{"name":"Classic_AzureFrontDoor"},"properties":{"policySettings":{"enabledState":"Enabled","mode":"Prevention","redirectUrl":null,"customBlockResponseStatusCode":null,"customBlockResponseBody":null,"requestBodyCheck":"Enabled","javascriptChallengeExpirationInMinutes":null,"logScrubbing":null},"customRules":{"rules":[]},"managedRules":{"managedRuleSets":[]},"frontendEndpointLinks":[],"securityPolicyLinks":[],"resourceState":"Enabled","provisioningState":"Succeeded"}}'
    headers:
      cache-control:
      - no-cache
      content-length:
      - '775'
      content-type:
      - application/json; charset=utf-8
      date:
      - Mon, 29 Apr 2024 03:07:23 GMT
      expires:
      - '-1'
      pragma:
      - no-cache
      strict-transport-security:
      - max-age=31536000; includeSubDomains
      x-cache:
      - CONFIG_NOCACHE
      x-content-type-options:
      - nosniff
      x-ms-ratelimit-remaining-subscription-writes:
      - '1199'
      x-msedge-ref:
      - 'Ref A: DD493FBB44694D35BDF5616DE7E5C0DC Ref B: MAA201060514033 Ref C: 2024-04-29T03:07:19Z'
    status:
      code: 200
      message: OK
- request:
    body: null
    headers:
      Accept:
      - application/json
      Accept-Encoding:
      - gzip, deflate
      CommandName:
      - network front-door waf-policy update
      Connection:
      - keep-alive
      ParameterSetName:
      - -g -n --mode --sku
      User-Agent:
      - AZURECLI/2.59.0 azsdk-python-core/1.28.0 Python/3.11.9 (Windows-10-10.0.22631-SP0)
    method: GET
    uri: https://management.azure.com/subscriptions/00000000-0000-0000-0000-000000000000/resourcegroups/clitest.rg000001?api-version=2022-09-01
  response:
    body:
      string: '{"id":"/subscriptions/00000000-0000-0000-0000-000000000000/resourceGroups/clitest.rg000001","name":"clitest.rg000001","type":"Microsoft.Resources/resourceGroups","location":"westus","tags":{"product":"azurecli","cause":"automation","test":"test_waf_policy_basic","date":"2024-04-29T03:06:35Z","module":"front-door"},"properties":{"provisioningState":"Succeeded"}}'
    headers:
      cache-control:
      - no-cache
      content-length:
      - '363'
      content-type:
      - application/json; charset=utf-8
      date:
      - Mon, 29 Apr 2024 03:07:24 GMT
      expires:
      - '-1'
      pragma:
      - no-cache
      strict-transport-security:
      - max-age=31536000; includeSubDomains
      x-cache:
      - CONFIG_NOCACHE
      x-content-type-options:
      - nosniff
      x-msedge-ref:
      - 'Ref A: 96D55AB18FA94F038B874BA53F1E528C Ref B: MAA201060515011 Ref C: 2024-04-29T03:07:24Z'
    status:
      code: 200
      message: OK
- request:
    body: null
    headers:
      Accept:
      - application/json
      Accept-Encoding:
      - gzip, deflate
      CommandName:
      - network front-door waf-policy update
      Connection:
      - keep-alive
      ParameterSetName:
      - -g -n --mode --sku
      User-Agent:
      - AZURECLI/2.59.0 azsdk-python-core/1.28.0 Python/3.11.9 (Windows-10-10.0.22631-SP0)
    method: GET
    uri: https://management.azure.com/subscriptions/00000000-0000-0000-0000-000000000000/resourceGroups/clitest.rg000001/providers/Microsoft.Network/FrontDoorWebApplicationFirewallPolicies/cli000002?api-version=2024-02-01
  response:
    body:
      string: '{"id":"/subscriptions/00000000-0000-0000-0000-000000000000/resourcegroups/clitest.rg000001/providers/Microsoft.Network/frontdoorwebapplicationfirewallpolicies/cli000002","type":"Microsoft.Network/frontdoorwebapplicationfirewallpolicies","name":"cli000002","location":"Global","tags":{"test":"best"},"sku":{"name":"Classic_AzureFrontDoor"},"properties":{"policySettings":{"enabledState":"Enabled","mode":"Prevention","redirectUrl":null,"customBlockResponseStatusCode":null,"customBlockResponseBody":null,"requestBodyCheck":"Enabled","javascriptChallengeExpirationInMinutes":null,"logScrubbing":null},"customRules":{"rules":[]},"managedRules":{"managedRuleSets":[]},"frontendEndpointLinks":[],"securityPolicyLinks":[],"resourceState":"Enabled","provisioningState":"Succeeded"}}'
    headers:
      cache-control:
      - no-cache
      content-length:
      - '775'
      content-type:
      - application/json; charset=utf-8
      date:
      - Mon, 29 Apr 2024 03:07:26 GMT
      expires:
      - '-1'
      pragma:
      - no-cache
      strict-transport-security:
      - max-age=31536000; includeSubDomains
      x-cache:
      - CONFIG_NOCACHE
      x-content-type-options:
      - nosniff
      x-msedge-ref:
      - 'Ref A: AA981579BA1943BBAF5AC326A5E86171 Ref B: MAA201060514009 Ref C: 2024-04-29T03:07:25Z'
    status:
      code: 200
      message: OK
- request:
    body: '{"location": "global", "properties": {"customRules": {"rules": []}, "managedRules":
      {"managedRuleSets": []}, "policySettings": {"enabledState": "Enabled", "mode":
      "Detection", "requestBodyCheck": "Enabled"}}, "sku": {"name": "Classic_AzureFrontDoor"},
      "tags": {"test": "best"}}'
    headers:
      Accept:
      - application/json
      Accept-Encoding:
      - gzip, deflate
      CommandName:
      - network front-door waf-policy update
      Connection:
      - keep-alive
      Content-Length:
      - '277'
      Content-Type:
      - application/json
      ParameterSetName:
      - -g -n --mode --sku
      User-Agent:
      - AZURECLI/2.59.0 azsdk-python-core/1.28.0 Python/3.11.9 (Windows-10-10.0.22631-SP0)
    method: PUT
    uri: https://management.azure.com/subscriptions/00000000-0000-0000-0000-000000000000/resourceGroups/clitest.rg000001/providers/Microsoft.Network/FrontDoorWebApplicationFirewallPolicies/cli000002?api-version=2024-02-01
  response:
    body:
      string: '{"id":"/subscriptions/00000000-0000-0000-0000-000000000000/resourcegroups/clitest.rg000001/providers/Microsoft.Network/frontdoorwebapplicationfirewallpolicies/cli000002","type":"Microsoft.Network/frontdoorwebapplicationfirewallpolicies","name":"cli000002","location":"Global","tags":{"test":"best"},"sku":{"name":"Classic_AzureFrontDoor"},"properties":{"policySettings":{"enabledState":"Enabled","mode":"Detection","redirectUrl":null,"customBlockResponseStatusCode":null,"customBlockResponseBody":null,"requestBodyCheck":"Enabled","javascriptChallengeExpirationInMinutes":null,"logScrubbing":null},"customRules":{"rules":[]},"managedRules":{"managedRuleSets":[]},"frontendEndpointLinks":[],"securityPolicyLinks":[],"resourceState":"Enabled","provisioningState":"Succeeded"}}'
    headers:
      cache-control:
      - no-cache
      content-length:
      - '774'
      content-type:
      - application/json; charset=utf-8
      date:
      - Mon, 29 Apr 2024 03:07:27 GMT
      expires:
      - '-1'
      pragma:
      - no-cache
      strict-transport-security:
      - max-age=31536000; includeSubDomains
      x-cache:
      - CONFIG_NOCACHE
      x-content-type-options:
      - nosniff
      x-ms-ratelimit-remaining-subscription-writes:
      - '1199'
      x-msedge-ref:
      - 'Ref A: 78A2691BC58F4BA0B4B1EE054CD99536 Ref B: MAA201060514009 Ref C: 2024-04-29T03:07:26Z'
    status:
      code: 200
      message: OK
- request:
    body: null
    headers:
      Accept:
      - application/json
      Accept-Encoding:
      - gzip, deflate
      CommandName:
      - network front-door waf-policy update
      Connection:
      - keep-alive
      ParameterSetName:
      - -g -n --mode --redirect-url
      User-Agent:
      - AZURECLI/2.59.0 azsdk-python-core/1.28.0 Python/3.11.9 (Windows-10-10.0.22631-SP0)
    method: GET
    uri: https://management.azure.com/subscriptions/00000000-0000-0000-0000-000000000000/resourcegroups/clitest.rg000001?api-version=2022-09-01
  response:
    body:
      string: '{"id":"/subscriptions/00000000-0000-0000-0000-000000000000/resourceGroups/clitest.rg000001","name":"clitest.rg000001","type":"Microsoft.Resources/resourceGroups","location":"westus","tags":{"product":"azurecli","cause":"automation","test":"test_waf_policy_basic","date":"2024-04-29T03:06:35Z","module":"front-door"},"properties":{"provisioningState":"Succeeded"}}'
    headers:
      cache-control:
      - no-cache
      content-length:
      - '363'
      content-type:
      - application/json; charset=utf-8
      date:
      - Mon, 29 Apr 2024 03:07:29 GMT
      expires:
      - '-1'
      pragma:
      - no-cache
      strict-transport-security:
      - max-age=31536000; includeSubDomains
      x-cache:
      - CONFIG_NOCACHE
      x-content-type-options:
      - nosniff
      x-msedge-ref:
      - 'Ref A: C7EB05FA2B4143DDA6E065D877D1C505 Ref B: MAA201060515029 Ref C: 2024-04-29T03:07:29Z'
    status:
      code: 200
      message: OK
- request:
    body: null
    headers:
      Accept:
      - application/json
      Accept-Encoding:
      - gzip, deflate
      CommandName:
      - network front-door waf-policy update
      Connection:
      - keep-alive
      ParameterSetName:
      - -g -n --mode --redirect-url
      User-Agent:
      - AZURECLI/2.59.0 azsdk-python-core/1.28.0 Python/3.11.9 (Windows-10-10.0.22631-SP0)
    method: GET
    uri: https://management.azure.com/subscriptions/00000000-0000-0000-0000-000000000000/resourceGroups/clitest.rg000001/providers/Microsoft.Network/FrontDoorWebApplicationFirewallPolicies/cli000002?api-version=2024-02-01
  response:
    body:
      string: '{"id":"/subscriptions/00000000-0000-0000-0000-000000000000/resourcegroups/clitest.rg000001/providers/Microsoft.Network/frontdoorwebapplicationfirewallpolicies/cli000002","type":"Microsoft.Network/frontdoorwebapplicationfirewallpolicies","name":"cli000002","location":"Global","tags":{"test":"best"},"sku":{"name":"Classic_AzureFrontDoor"},"properties":{"policySettings":{"enabledState":"Enabled","mode":"Detection","redirectUrl":null,"customBlockResponseStatusCode":null,"customBlockResponseBody":null,"requestBodyCheck":"Enabled","javascriptChallengeExpirationInMinutes":null,"logScrubbing":null},"customRules":{"rules":[]},"managedRules":{"managedRuleSets":[]},"frontendEndpointLinks":[],"securityPolicyLinks":[],"resourceState":"Enabled","provisioningState":"Succeeded"}}'
    headers:
      cache-control:
      - no-cache
      content-length:
      - '774'
      content-type:
      - application/json; charset=utf-8
      date:
      - Mon, 29 Apr 2024 03:07:31 GMT
      expires:
      - '-1'
      pragma:
      - no-cache
      strict-transport-security:
      - max-age=31536000; includeSubDomains
      x-cache:
      - CONFIG_NOCACHE
      x-content-type-options:
      - nosniff
      x-msedge-ref:
      - 'Ref A: B6AC11BFAE454B46A29B3F2CFB6299E3 Ref B: MAA201060515053 Ref C: 2024-04-29T03:07:30Z'
    status:
      code: 200
      message: OK
- request:
    body: '{"location": "global", "properties": {"customRules": {"rules": []}, "managedRules":
      {"managedRuleSets": []}, "policySettings": {"enabledState": "Enabled", "mode":
      "Prevention", "redirectUrl": "http://www.microsoft.com", "requestBodyCheck":
      "Enabled"}}, "sku": {"name": "Classic_AzureFrontDoor"}, "tags": {"test": "best"}}'
    headers:
      Accept:
      - application/json
      Accept-Encoding:
      - gzip, deflate
      CommandName:
      - network front-door waf-policy update
      Connection:
      - keep-alive
      Content-Length:
      - '321'
      Content-Type:
      - application/json
      ParameterSetName:
      - -g -n --mode --redirect-url
      User-Agent:
      - AZURECLI/2.59.0 azsdk-python-core/1.28.0 Python/3.11.9 (Windows-10-10.0.22631-SP0)
    method: PUT
    uri: https://management.azure.com/subscriptions/00000000-0000-0000-0000-000000000000/resourceGroups/clitest.rg000001/providers/Microsoft.Network/FrontDoorWebApplicationFirewallPolicies/cli000002?api-version=2024-02-01
  response:
    body:
      string: '{"id":"/subscriptions/00000000-0000-0000-0000-000000000000/resourcegroups/clitest.rg000001/providers/Microsoft.Network/frontdoorwebapplicationfirewallpolicies/cli000002","type":"Microsoft.Network/frontdoorwebapplicationfirewallpolicies","name":"cli000002","location":"Global","tags":{"test":"best"},"sku":{"name":"Classic_AzureFrontDoor"},"properties":{"policySettings":{"enabledState":"Enabled","mode":"Prevention","redirectUrl":"http://www.microsoft.com","customBlockResponseStatusCode":null,"customBlockResponseBody":null,"requestBodyCheck":"Enabled","javascriptChallengeExpirationInMinutes":null,"logScrubbing":null},"customRules":{"rules":[]},"managedRules":{"managedRuleSets":[]},"frontendEndpointLinks":[],"securityPolicyLinks":[],"resourceState":"Enabled","provisioningState":"Succeeded"}}'
    headers:
      cache-control:
      - no-cache
      content-length:
      - '797'
      content-type:
      - application/json; charset=utf-8
      date:
      - Mon, 29 Apr 2024 03:07:32 GMT
      expires:
      - '-1'
      pragma:
      - no-cache
      strict-transport-security:
      - max-age=31536000; includeSubDomains
      x-cache:
      - CONFIG_NOCACHE
      x-content-type-options:
      - nosniff
      x-ms-ratelimit-remaining-subscription-writes:
      - '1199'
      x-msedge-ref:
      - 'Ref A: 12B7D6BF5B8E44BDABD563B59247FB0A Ref B: MAA201060515053 Ref C: 2024-04-29T03:07:32Z'
    status:
      code: 200
      message: OK
- request:
    body: null
    headers:
      Accept:
      - application/json
      Accept-Encoding:
      - gzip, deflate
      CommandName:
      - network front-door waf-policy update
      Connection:
      - keep-alive
      ParameterSetName:
      - -g -n --custom-block-response-status-code
      User-Agent:
      - AZURECLI/2.59.0 azsdk-python-core/1.28.0 Python/3.11.9 (Windows-10-10.0.22631-SP0)
    method: GET
    uri: https://management.azure.com/subscriptions/00000000-0000-0000-0000-000000000000/resourcegroups/clitest.rg000001?api-version=2022-09-01
  response:
    body:
      string: '{"id":"/subscriptions/00000000-0000-0000-0000-000000000000/resourceGroups/clitest.rg000001","name":"clitest.rg000001","type":"Microsoft.Resources/resourceGroups","location":"westus","tags":{"product":"azurecli","cause":"automation","test":"test_waf_policy_basic","date":"2024-04-29T03:06:35Z","module":"front-door"},"properties":{"provisioningState":"Succeeded"}}'
    headers:
      cache-control:
      - no-cache
      content-length:
      - '363'
      content-type:
      - application/json; charset=utf-8
      date:
      - Mon, 29 Apr 2024 03:07:34 GMT
      expires:
      - '-1'
      pragma:
      - no-cache
      strict-transport-security:
      - max-age=31536000; includeSubDomains
      x-cache:
      - CONFIG_NOCACHE
      x-content-type-options:
      - nosniff
      x-msedge-ref:
      - 'Ref A: 80A4DCB3CA8D4714BC0DCFC0098AC546 Ref B: MAA201060514035 Ref C: 2024-04-29T03:07:34Z'
    status:
      code: 200
      message: OK
- request:
    body: null
    headers:
      Accept:
      - application/json
      Accept-Encoding:
      - gzip, deflate
      CommandName:
      - network front-door waf-policy update
      Connection:
      - keep-alive
      ParameterSetName:
      - -g -n --custom-block-response-status-code
      User-Agent:
      - AZURECLI/2.59.0 azsdk-python-core/1.28.0 Python/3.11.9 (Windows-10-10.0.22631-SP0)
    method: GET
    uri: https://management.azure.com/subscriptions/00000000-0000-0000-0000-000000000000/resourceGroups/clitest.rg000001/providers/Microsoft.Network/FrontDoorWebApplicationFirewallPolicies/cli000002?api-version=2024-02-01
  response:
    body:
      string: '{"id":"/subscriptions/00000000-0000-0000-0000-000000000000/resourcegroups/clitest.rg000001/providers/Microsoft.Network/frontdoorwebapplicationfirewallpolicies/cli000002","type":"Microsoft.Network/frontdoorwebapplicationfirewallpolicies","name":"cli000002","location":"Global","tags":{"test":"best"},"sku":{"name":"Classic_AzureFrontDoor"},"properties":{"policySettings":{"enabledState":"Enabled","mode":"Prevention","redirectUrl":"http://www.microsoft.com","customBlockResponseStatusCode":null,"customBlockResponseBody":null,"requestBodyCheck":"Enabled","javascriptChallengeExpirationInMinutes":null,"logScrubbing":null},"customRules":{"rules":[]},"managedRules":{"managedRuleSets":[]},"frontendEndpointLinks":[],"securityPolicyLinks":[],"resourceState":"Enabled","provisioningState":"Succeeded"}}'
    headers:
      cache-control:
      - no-cache
      content-length:
      - '797'
      content-type:
      - application/json; charset=utf-8
      date:
      - Mon, 29 Apr 2024 03:07:36 GMT
      expires:
      - '-1'
      pragma:
      - no-cache
      strict-transport-security:
      - max-age=31536000; includeSubDomains
      x-cache:
      - CONFIG_NOCACHE
      x-content-type-options:
      - nosniff
      x-msedge-ref:
      - 'Ref A: 44D5B7A85EC941C9B144C29F72F14589 Ref B: MAA201060514009 Ref C: 2024-04-29T03:07:35Z'
    status:
      code: 200
      message: OK
- request:
    body: '{"location": "global", "properties": {"customRules": {"rules": []}, "managedRules":
      {"managedRuleSets": []}, "policySettings": {"customBlockResponseStatusCode":
      406, "enabledState": "Enabled", "mode": "Prevention", "redirectUrl": "http://www.microsoft.com",
      "requestBodyCheck": "Enabled"}}, "sku": {"name": "Classic_AzureFrontDoor"},
      "tags": {"test": "best"}}'
    headers:
      Accept:
      - application/json
      Accept-Encoding:
      - gzip, deflate
      CommandName:
      - network front-door waf-policy update
      Connection:
      - keep-alive
      Content-Length:
      - '359'
      Content-Type:
      - application/json
      ParameterSetName:
      - -g -n --custom-block-response-status-code
      User-Agent:
      - AZURECLI/2.59.0 azsdk-python-core/1.28.0 Python/3.11.9 (Windows-10-10.0.22631-SP0)
    method: PUT
    uri: https://management.azure.com/subscriptions/00000000-0000-0000-0000-000000000000/resourceGroups/clitest.rg000001/providers/Microsoft.Network/FrontDoorWebApplicationFirewallPolicies/cli000002?api-version=2024-02-01
  response:
    body:
      string: '{"id":"/subscriptions/00000000-0000-0000-0000-000000000000/resourcegroups/clitest.rg000001/providers/Microsoft.Network/frontdoorwebapplicationfirewallpolicies/cli000002","type":"Microsoft.Network/frontdoorwebapplicationfirewallpolicies","name":"cli000002","location":"Global","tags":{"test":"best"},"sku":{"name":"Classic_AzureFrontDoor"},"properties":{"policySettings":{"enabledState":"Enabled","mode":"Prevention","redirectUrl":"http://www.microsoft.com","customBlockResponseStatusCode":406,"customBlockResponseBody":null,"requestBodyCheck":"Enabled","javascriptChallengeExpirationInMinutes":null,"logScrubbing":null},"customRules":{"rules":[]},"managedRules":{"managedRuleSets":[]},"frontendEndpointLinks":[],"securityPolicyLinks":[],"resourceState":"Enabled","provisioningState":"Succeeded"}}'
    headers:
      cache-control:
      - no-cache
      content-length:
      - '796'
      content-type:
      - application/json; charset=utf-8
      date:
      - Mon, 29 Apr 2024 03:07:38 GMT
      expires:
      - '-1'
      pragma:
      - no-cache
      strict-transport-security:
      - max-age=31536000; includeSubDomains
      x-cache:
      - CONFIG_NOCACHE
      x-content-type-options:
      - nosniff
      x-ms-ratelimit-remaining-subscription-writes:
      - '1199'
      x-msedge-ref:
      - 'Ref A: A0A219D1ED594659987B187759DA9C05 Ref B: MAA201060514009 Ref C: 2024-04-29T03:07:36Z'
    status:
      code: 200
      message: OK
- request:
    body: null
    headers:
      Accept:
      - application/json
      Accept-Encoding:
      - gzip, deflate
      CommandName:
      - network front-door waf-policy update
      Connection:
      - keep-alive
      ParameterSetName:
      - -g -n --custom-block-response-status-code --custom-block-response-body
      User-Agent:
      - AZURECLI/2.59.0 azsdk-python-core/1.28.0 Python/3.11.9 (Windows-10-10.0.22631-SP0)
    method: GET
    uri: https://management.azure.com/subscriptions/00000000-0000-0000-0000-000000000000/resourcegroups/clitest.rg000001?api-version=2022-09-01
  response:
    body:
      string: '{"id":"/subscriptions/00000000-0000-0000-0000-000000000000/resourceGroups/clitest.rg000001","name":"clitest.rg000001","type":"Microsoft.Resources/resourceGroups","location":"westus","tags":{"product":"azurecli","cause":"automation","test":"test_waf_policy_basic","date":"2024-04-29T03:06:35Z","module":"front-door"},"properties":{"provisioningState":"Succeeded"}}'
    headers:
      cache-control:
      - no-cache
      content-length:
      - '363'
      content-type:
      - application/json; charset=utf-8
      date:
      - Mon, 29 Apr 2024 03:07:39 GMT
      expires:
      - '-1'
      pragma:
      - no-cache
      strict-transport-security:
      - max-age=31536000; includeSubDomains
      x-cache:
      - CONFIG_NOCACHE
      x-content-type-options:
      - nosniff
      x-msedge-ref:
      - 'Ref A: EBCB52D72167405488E3F71226A5D2F0 Ref B: MAA201060513031 Ref C: 2024-04-29T03:07:39Z'
    status:
      code: 200
      message: OK
- request:
    body: null
    headers:
      Accept:
      - application/json
      Accept-Encoding:
      - gzip, deflate
      CommandName:
      - network front-door waf-policy update
      Connection:
      - keep-alive
      ParameterSetName:
      - -g -n --custom-block-response-status-code --custom-block-response-body
      User-Agent:
      - AZURECLI/2.59.0 azsdk-python-core/1.28.0 Python/3.11.9 (Windows-10-10.0.22631-SP0)
    method: GET
    uri: https://management.azure.com/subscriptions/00000000-0000-0000-0000-000000000000/resourceGroups/clitest.rg000001/providers/Microsoft.Network/FrontDoorWebApplicationFirewallPolicies/cli000002?api-version=2024-02-01
  response:
    body:
      string: '{"id":"/subscriptions/00000000-0000-0000-0000-000000000000/resourcegroups/clitest.rg000001/providers/Microsoft.Network/frontdoorwebapplicationfirewallpolicies/cli000002","type":"Microsoft.Network/frontdoorwebapplicationfirewallpolicies","name":"cli000002","location":"Global","tags":{"test":"best"},"sku":{"name":"Classic_AzureFrontDoor"},"properties":{"policySettings":{"enabledState":"Enabled","mode":"Prevention","redirectUrl":"http://www.microsoft.com","customBlockResponseStatusCode":406,"customBlockResponseBody":null,"requestBodyCheck":"Enabled","javascriptChallengeExpirationInMinutes":null,"logScrubbing":null},"customRules":{"rules":[]},"managedRules":{"managedRuleSets":[]},"frontendEndpointLinks":[],"securityPolicyLinks":[],"resourceState":"Enabled","provisioningState":"Succeeded"}}'
    headers:
      cache-control:
      - no-cache
      content-length:
      - '796'
      content-type:
      - application/json; charset=utf-8
      date:
      - Mon, 29 Apr 2024 03:07:40 GMT
      expires:
      - '-1'
      pragma:
      - no-cache
      strict-transport-security:
      - max-age=31536000; includeSubDomains
      x-cache:
      - CONFIG_NOCACHE
      x-content-type-options:
      - nosniff
      x-msedge-ref:
      - 'Ref A: 70FA71B304F34A419C45646F7BF2E2FB Ref B: MAA201060515045 Ref C: 2024-04-29T03:07:40Z'
    status:
      code: 200
      message: OK
- request:
    body: '{"location": "global", "properties": {"customRules": {"rules": []}, "managedRules":
      {"managedRuleSets": []}, "policySettings": {"customBlockResponseBody": "YiBvZHk=",
      "customBlockResponseStatusCode": 405, "enabledState": "Enabled", "mode": "Prevention",
      "redirectUrl": "http://www.microsoft.com", "requestBodyCheck": "Enabled"}},
      "sku": {"name": "Classic_AzureFrontDoor"}, "tags": {"test": "best"}}'
    headers:
      Accept:
      - application/json
      Accept-Encoding:
      - gzip, deflate
      CommandName:
      - network front-door waf-policy update
      Connection:
      - keep-alive
      Content-Length:
      - '398'
      Content-Type:
      - application/json
      ParameterSetName:
      - -g -n --custom-block-response-status-code --custom-block-response-body
      User-Agent:
      - AZURECLI/2.59.0 azsdk-python-core/1.28.0 Python/3.11.9 (Windows-10-10.0.22631-SP0)
    method: PUT
    uri: https://management.azure.com/subscriptions/00000000-0000-0000-0000-000000000000/resourceGroups/clitest.rg000001/providers/Microsoft.Network/FrontDoorWebApplicationFirewallPolicies/cli000002?api-version=2024-02-01
  response:
    body:
      string: '{"id":"/subscriptions/00000000-0000-0000-0000-000000000000/resourcegroups/clitest.rg000001/providers/Microsoft.Network/frontdoorwebapplicationfirewallpolicies/cli000002","type":"Microsoft.Network/frontdoorwebapplicationfirewallpolicies","name":"cli000002","location":"Global","tags":{"test":"best"},"sku":{"name":"Classic_AzureFrontDoor"},"properties":{"policySettings":{"enabledState":"Enabled","mode":"Prevention","redirectUrl":"http://www.microsoft.com","customBlockResponseStatusCode":405,"customBlockResponseBody":"YiBvZHk=","requestBodyCheck":"Enabled","javascriptChallengeExpirationInMinutes":null,"logScrubbing":null},"customRules":{"rules":[]},"managedRules":{"managedRuleSets":[]},"frontendEndpointLinks":[],"securityPolicyLinks":[],"resourceState":"Enabled","provisioningState":"Succeeded"}}'
    headers:
      cache-control:
      - no-cache
      content-length:
      - '802'
      content-type:
      - application/json; charset=utf-8
      date:
      - Mon, 29 Apr 2024 03:07:42 GMT
      expires:
      - '-1'
      pragma:
      - no-cache
      strict-transport-security:
      - max-age=31536000; includeSubDomains
      x-cache:
      - CONFIG_NOCACHE
      x-content-type-options:
      - nosniff
      x-ms-ratelimit-remaining-subscription-writes:
      - '1199'
      x-msedge-ref:
      - 'Ref A: 638FD35E3F7F45929B3D733E367490C0 Ref B: MAA201060515045 Ref C: 2024-04-29T03:07:41Z'
    status:
      code: 200
      message: OK
- request:
    body: null
    headers:
      Accept:
      - application/json
      Accept-Encoding:
      - gzip, deflate
      CommandName:
      - network front-door waf-policy update
      Connection:
      - keep-alive
      ParameterSetName:
      - -g -n --disabled
      User-Agent:
      - AZURECLI/2.59.0 azsdk-python-core/1.28.0 Python/3.11.9 (Windows-10-10.0.22631-SP0)
    method: GET
    uri: https://management.azure.com/subscriptions/00000000-0000-0000-0000-000000000000/resourcegroups/clitest.rg000001?api-version=2022-09-01
  response:
    body:
      string: '{"id":"/subscriptions/00000000-0000-0000-0000-000000000000/resourceGroups/clitest.rg000001","name":"clitest.rg000001","type":"Microsoft.Resources/resourceGroups","location":"westus","tags":{"product":"azurecli","cause":"automation","test":"test_waf_policy_basic","date":"2024-04-29T03:06:35Z","module":"front-door"},"properties":{"provisioningState":"Succeeded"}}'
    headers:
      cache-control:
      - no-cache
      content-length:
      - '363'
      content-type:
      - application/json; charset=utf-8
      date:
      - Mon, 29 Apr 2024 03:07:44 GMT
      expires:
      - '-1'
      pragma:
      - no-cache
      strict-transport-security:
      - max-age=31536000; includeSubDomains
      x-cache:
      - CONFIG_NOCACHE
      x-content-type-options:
      - nosniff
      x-msedge-ref:
      - 'Ref A: DB055B769F954237A27AB3525CE0AED2 Ref B: MAA201060514029 Ref C: 2024-04-29T03:07:44Z'
    status:
      code: 200
      message: OK
- request:
    body: null
    headers:
      Accept:
      - application/json
      Accept-Encoding:
      - gzip, deflate
      CommandName:
      - network front-door waf-policy update
      Connection:
      - keep-alive
      ParameterSetName:
      - -g -n --disabled
      User-Agent:
      - AZURECLI/2.59.0 azsdk-python-core/1.28.0 Python/3.11.9 (Windows-10-10.0.22631-SP0)
    method: GET
    uri: https://management.azure.com/subscriptions/00000000-0000-0000-0000-000000000000/resourceGroups/clitest.rg000001/providers/Microsoft.Network/FrontDoorWebApplicationFirewallPolicies/cli000002?api-version=2024-02-01
  response:
    body:
      string: '{"id":"/subscriptions/00000000-0000-0000-0000-000000000000/resourcegroups/clitest.rg000001/providers/Microsoft.Network/frontdoorwebapplicationfirewallpolicies/cli000002","type":"Microsoft.Network/frontdoorwebapplicationfirewallpolicies","name":"cli000002","location":"Global","tags":{"test":"best"},"sku":{"name":"Classic_AzureFrontDoor"},"properties":{"policySettings":{"enabledState":"Enabled","mode":"Prevention","redirectUrl":"http://www.microsoft.com","customBlockResponseStatusCode":405,"customBlockResponseBody":"YiBvZHk=","requestBodyCheck":"Enabled","javascriptChallengeExpirationInMinutes":null,"logScrubbing":null},"customRules":{"rules":[]},"managedRules":{"managedRuleSets":[]},"frontendEndpointLinks":[],"securityPolicyLinks":[],"resourceState":"Enabled","provisioningState":"Succeeded"}}'
    headers:
      cache-control:
      - no-cache
      content-length:
      - '802'
      content-type:
      - application/json; charset=utf-8
      date:
      - Mon, 29 Apr 2024 03:07:46 GMT
      expires:
      - '-1'
      pragma:
      - no-cache
      strict-transport-security:
      - max-age=31536000; includeSubDomains
      x-cache:
      - CONFIG_NOCACHE
      x-content-type-options:
      - nosniff
      x-msedge-ref:
      - 'Ref A: ECC246A7E9904467989F42ABC921AF52 Ref B: MAA201060516009 Ref C: 2024-04-29T03:07:45Z'
    status:
      code: 200
      message: OK
- request:
    body: '{"location": "global", "properties": {"customRules": {"rules": []}, "managedRules":
      {"managedRuleSets": []}, "policySettings": {"customBlockResponseBody": "YiBvZHk=",
      "customBlockResponseStatusCode": 405, "enabledState": "Disabled", "mode": "Prevention",
      "redirectUrl": "http://www.microsoft.com", "requestBodyCheck": "Enabled"}},
      "sku": {"name": "Classic_AzureFrontDoor"}, "tags": {"test": "best"}}'
    headers:
      Accept:
      - application/json
      Accept-Encoding:
      - gzip, deflate
      CommandName:
      - network front-door waf-policy update
      Connection:
      - keep-alive
      Content-Length:
      - '399'
      Content-Type:
      - application/json
      ParameterSetName:
      - -g -n --disabled
      User-Agent:
      - AZURECLI/2.59.0 azsdk-python-core/1.28.0 Python/3.11.9 (Windows-10-10.0.22631-SP0)
    method: PUT
    uri: https://management.azure.com/subscriptions/00000000-0000-0000-0000-000000000000/resourceGroups/clitest.rg000001/providers/Microsoft.Network/FrontDoorWebApplicationFirewallPolicies/cli000002?api-version=2024-02-01
  response:
    body:
      string: '{"id":"/subscriptions/00000000-0000-0000-0000-000000000000/resourcegroups/clitest.rg000001/providers/Microsoft.Network/frontdoorwebapplicationfirewallpolicies/cli000002","type":"Microsoft.Network/frontdoorwebapplicationfirewallpolicies","name":"cli000002","location":"Global","tags":{"test":"best"},"sku":{"name":"Classic_AzureFrontDoor"},"properties":{"policySettings":{"enabledState":"Disabled","mode":"Prevention","redirectUrl":"http://www.microsoft.com","customBlockResponseStatusCode":405,"customBlockResponseBody":"YiBvZHk=","requestBodyCheck":"Enabled","javascriptChallengeExpirationInMinutes":null,"logScrubbing":null},"customRules":{"rules":[]},"managedRules":{"managedRuleSets":[]},"frontendEndpointLinks":[],"securityPolicyLinks":[],"resourceState":"Enabled","provisioningState":"Succeeded"}}'
    headers:
      cache-control:
      - no-cache
      content-length:
      - '803'
      content-type:
      - application/json; charset=utf-8
      date:
      - Mon, 29 Apr 2024 03:07:48 GMT
      expires:
      - '-1'
      pragma:
      - no-cache
      strict-transport-security:
      - max-age=31536000; includeSubDomains
      x-cache:
      - CONFIG_NOCACHE
      x-content-type-options:
      - nosniff
      x-ms-ratelimit-remaining-subscription-writes:
      - '1199'
      x-msedge-ref:
      - 'Ref A: D701F28841494A00B52CF4E696000E49 Ref B: MAA201060516009 Ref C: 2024-04-29T03:07:46Z'
    status:
      code: 200
      message: OK
- request:
    body: null
    headers:
      Accept:
      - application/json
      Accept-Encoding:
      - gzip, deflate
      CommandName:
      - network front-door waf-policy show
      Connection:
      - keep-alive
      ParameterSetName:
      - -g -n
      User-Agent:
      - AZURECLI/2.59.0 azsdk-python-core/1.28.0 Python/3.11.9 (Windows-10-10.0.22631-SP0)
    method: GET
    uri: https://management.azure.com/subscriptions/00000000-0000-0000-0000-000000000000/resourceGroups/clitest.rg000001/providers/Microsoft.Network/FrontDoorWebApplicationFirewallPolicies/cli000002?api-version=2024-02-01
  response:
    body:
      string: '{"id":"/subscriptions/00000000-0000-0000-0000-000000000000/resourcegroups/clitest.rg000001/providers/Microsoft.Network/frontdoorwebapplicationfirewallpolicies/cli000002","type":"Microsoft.Network/frontdoorwebapplicationfirewallpolicies","name":"cli000002","location":"Global","tags":{"test":"best"},"sku":{"name":"Classic_AzureFrontDoor"},"properties":{"policySettings":{"enabledState":"Disabled","mode":"Prevention","redirectUrl":"http://www.microsoft.com","customBlockResponseStatusCode":405,"customBlockResponseBody":"YiBvZHk=","requestBodyCheck":"Enabled","javascriptChallengeExpirationInMinutes":null,"logScrubbing":null},"customRules":{"rules":[]},"managedRules":{"managedRuleSets":[]},"frontendEndpointLinks":[],"securityPolicyLinks":[],"resourceState":"Enabled","provisioningState":"Succeeded"}}'
    headers:
      cache-control:
      - no-cache
      content-length:
      - '803'
      content-type:
      - application/json; charset=utf-8
      date:
      - Mon, 29 Apr 2024 03:07:50 GMT
      expires:
      - '-1'
      pragma:
      - no-cache
      strict-transport-security:
      - max-age=31536000; includeSubDomains
      x-cache:
      - CONFIG_NOCACHE
      x-content-type-options:
      - nosniff
      x-msedge-ref:
      - 'Ref A: D53A2E141D2245868B208979A0524058 Ref B: MAA201060514037 Ref C: 2024-04-29T03:07:49Z'
    status:
      code: 200
      message: OK
- request:
    body: null
    headers:
      Accept:
      - application/json
      Accept-Encoding:
      - gzip, deflate
      CommandName:
      - network front-door waf-policy list
      Connection:
      - keep-alive
      ParameterSetName:
      - -g
      User-Agent:
      - AZURECLI/2.59.0 azsdk-python-core/1.28.0 Python/3.11.9 (Windows-10-10.0.22631-SP0)
    method: GET
    uri: https://management.azure.com/subscriptions/00000000-0000-0000-0000-000000000000/resourceGroups/clitest.rg000001/providers/Microsoft.Network/frontDoorWebApplicationFirewallPolicies?api-version=2024-02-01
  response:
    body:
      string: '{"value":[{"id":"/subscriptions/00000000-0000-0000-0000-000000000000/resourcegroups/clitest.rg000001/providers/Microsoft.Network/frontdoorwebapplicationfirewallpolicies/cli000002","type":"Microsoft.Network/frontdoorwebapplicationfirewallpolicies","name":"cli000002","location":"Global","tags":{"test":"best"},"sku":{"name":"Classic_AzureFrontDoor"},"properties":{"policySettings":{"enabledState":"Disabled","mode":"Prevention","redirectUrl":"http://www.microsoft.com","customBlockResponseStatusCode":405,"customBlockResponseBody":"YiBvZHk=","requestBodyCheck":"Enabled","javascriptChallengeExpirationInMinutes":null,"logScrubbing":null},"customRules":{"rules":[]},"managedRules":{"managedRuleSets":[]},"frontendEndpointLinks":[],"securityPolicyLinks":[],"resourceState":"Enabled","provisioningState":"Succeeded"}},{"id":"/subscriptions/00000000-0000-0000-0000-000000000000/resourcegroups/clitest.rg000001/providers/Microsoft.Network/frontdoorwebapplicationfirewallpolicies/cli000004","type":"Microsoft.Network/frontdoorwebapplicationfirewallpolicies","name":"cli000004","location":"Global","tags":{},"sku":{"name":"Standard_AzureFrontDoor"},"properties":{"policySettings":{"enabledState":"Enabled","mode":"Prevention","redirectUrl":null,"customBlockResponseStatusCode":null,"customBlockResponseBody":null,"requestBodyCheck":"Enabled","javascriptChallengeExpirationInMinutes":null,"logScrubbing":null},"customRules":{"rules":[]},"managedRules":{"managedRuleSets":[]},"frontendEndpointLinks":[],"securityPolicyLinks":[],"resourceState":"Enabled","provisioningState":"Succeeded"}},{"id":"/subscriptions/00000000-0000-0000-0000-000000000000/resourcegroups/clitest.rg000001/providers/Microsoft.Network/frontdoorwebapplicationfirewallpolicies/cli000005","type":"Microsoft.Network/frontdoorwebapplicationfirewallpolicies","name":"cli000005","location":"Global","tags":{},"sku":{"name":"Premium_AzureFrontDoor"},"properties":{"policySettings":{"enabledState":"Enabled","mode":"Detection","redirectUrl":"http://www.microsoft.com","customBlockResponseStatusCode":null,"customBlockResponseBody":null,"requestBodyCheck":"Enabled","javascriptChallengeExpirationInMinutes":30,"logScrubbing":null},"customRules":{"rules":[]},"managedRules":{"managedRuleSets":[]},"frontendEndpointLinks":[],"securityPolicyLinks":[],"resourceState":"Enabled","provisioningState":"Succeeded"}},{"id":"/subscriptions/00000000-0000-0000-0000-000000000000/resourcegroups/clitest.rg000001/providers/Microsoft.Network/frontdoorwebapplicationfirewallpolicies/cli000006","type":"Microsoft.Network/frontdoorwebapplicationfirewallpolicies","name":"cli000006","location":"Global","tags":{},"sku":{"name":"Classic_AzureFrontDoor"},"properties":{"policySettings":{"enabledState":"Enabled","mode":"Detection","redirectUrl":"http://www.microsoft.com","customBlockResponseStatusCode":406,"customBlockResponseBody":null,"requestBodyCheck":"Enabled","javascriptChallengeExpirationInMinutes":null,"logScrubbing":null},"customRules":{"rules":[]},"managedRules":{"managedRuleSets":[]},"frontendEndpointLinks":[],"securityPolicyLinks":[],"resourceState":"Enabled","provisioningState":"Succeeded"}},{"id":"/subscriptions/00000000-0000-0000-0000-000000000000/resourcegroups/clitest.rg000001/providers/Microsoft.Network/frontdoorwebapplicationfirewallpolicies/cli000007","type":"Microsoft.Network/frontdoorwebapplicationfirewallpolicies","name":"cli000007","location":"Global","tags":{},"sku":{"name":"Classic_AzureFrontDoor"},"properties":{"policySettings":{"enabledState":"Enabled","mode":"Detection","redirectUrl":"http://www.microsoft.com","customBlockResponseStatusCode":406,"customBlockResponseBody":"YiBvZHk=","requestBodyCheck":"Enabled","javascriptChallengeExpirationInMinutes":null,"logScrubbing":null},"customRules":{"rules":[]},"managedRules":{"managedRuleSets":[]},"frontendEndpointLinks":[],"securityPolicyLinks":[],"resourceState":"Enabled","provisioningState":"Succeeded"}},{"id":"/subscriptions/00000000-0000-0000-0000-000000000000/resourcegroups/clitest.rg000001/providers/Microsoft.Network/frontdoorwebapplicationfirewallpolicies/cli000008","type":"Microsoft.Network/frontdoorwebapplicationfirewallpolicies","name":"cli000008","location":"Global","tags":{},"sku":{"name":"Classic_AzureFrontDoor"},"properties":{"policySettings":{"enabledState":"Enabled","mode":"Detection","redirectUrl":null,"customBlockResponseStatusCode":null,"customBlockResponseBody":null,"requestBodyCheck":"Enabled","javascriptChallengeExpirationInMinutes":null,"logScrubbing":null},"customRules":{"rules":[]},"managedRules":{"managedRuleSets":[]},"frontendEndpointLinks":[],"securityPolicyLinks":[],"resourceState":"Enabled","provisioningState":"Succeeded"}}]}'
    headers:
      cache-control:
      - no-cache
      content-length:
      - '4695'
      content-type:
      - application/json; charset=utf-8
      date:
      - Mon, 29 Apr 2024 03:07:52 GMT
      expires:
      - '-1'
      pragma:
      - no-cache
      strict-transport-security:
      - max-age=31536000; includeSubDomains
      x-cache:
      - CONFIG_NOCACHE
      x-content-type-options:
      - nosniff
      x-msedge-ref:
      - 'Ref A: 4040A18E06DD43BBB4AA3C9F84025834 Ref B: MAA201060514051 Ref C: 2024-04-29T03:07:51Z'
    status:
      code: 200
      message: OK
- request:
    body: null
    headers:
      Accept:
      - '*/*'
      Accept-Encoding:
      - gzip, deflate
      CommandName:
      - network front-door waf-policy delete
      Connection:
      - keep-alive
      Content-Length:
      - '0'
      ParameterSetName:
      - -g -n
      User-Agent:
      - AZURECLI/2.59.0 azsdk-python-core/1.28.0 Python/3.11.9 (Windows-10-10.0.22631-SP0)
    method: DELETE
    uri: https://management.azure.com/subscriptions/00000000-0000-0000-0000-000000000000/resourceGroups/clitest.rg000001/providers/Microsoft.Network/FrontDoorWebApplicationFirewallPolicies/cli000002?api-version=2024-02-01
  response:
    body:
      string: ''
    headers:
      cache-control:
      - no-cache
      date:
      - Mon, 29 Apr 2024 03:08:01 GMT
      expires:
      - '-1'
      pragma:
      - no-cache
      strict-transport-security:
      - max-age=31536000; includeSubDomains
      x-cache:
      - CONFIG_NOCACHE
      x-content-type-options:
      - nosniff
      x-ms-ratelimit-remaining-subscription-deletes:
      - '14999'
      x-msedge-ref:
      - 'Ref A: 066B0834C4474579B8457260C772BACA Ref B: MAA201060516023 Ref C: 2024-04-29T03:07:53Z'
    status:
      code: 204
      message: No Content
- request:
    body: null
    headers:
      Accept:
      - application/json
      Accept-Encoding:
      - gzip, deflate
      CommandName:
      - network front-door waf-policy list
      Connection:
      - keep-alive
      ParameterSetName:
      - -g
      User-Agent:
      - AZURECLI/2.59.0 azsdk-python-core/1.28.0 Python/3.11.9 (Windows-10-10.0.22631-SP0)
    method: GET
    uri: https://management.azure.com/subscriptions/00000000-0000-0000-0000-000000000000/resourceGroups/clitest.rg000001/providers/Microsoft.Network/frontDoorWebApplicationFirewallPolicies?api-version=2024-02-01
  response:
    body:
      string: '{"value":[{"id":"/subscriptions/00000000-0000-0000-0000-000000000000/resourcegroups/clitest.rg000001/providers/Microsoft.Network/frontdoorwebapplicationfirewallpolicies/cli000004","type":"Microsoft.Network/frontdoorwebapplicationfirewallpolicies","name":"cli000004","location":"Global","tags":{},"sku":{"name":"Standard_AzureFrontDoor"},"properties":{"policySettings":{"enabledState":"Enabled","mode":"Prevention","redirectUrl":null,"customBlockResponseStatusCode":null,"customBlockResponseBody":null,"requestBodyCheck":"Enabled","javascriptChallengeExpirationInMinutes":null,"logScrubbing":null},"customRules":{"rules":[]},"managedRules":{"managedRuleSets":[]},"frontendEndpointLinks":[],"securityPolicyLinks":[],"resourceState":"Enabled","provisioningState":"Succeeded"}},{"id":"/subscriptions/00000000-0000-0000-0000-000000000000/resourcegroups/clitest.rg000001/providers/Microsoft.Network/frontdoorwebapplicationfirewallpolicies/cli000005","type":"Microsoft.Network/frontdoorwebapplicationfirewallpolicies","name":"cli000005","location":"Global","tags":{},"sku":{"name":"Premium_AzureFrontDoor"},"properties":{"policySettings":{"enabledState":"Enabled","mode":"Detection","redirectUrl":"http://www.microsoft.com","customBlockResponseStatusCode":null,"customBlockResponseBody":null,"requestBodyCheck":"Enabled","javascriptChallengeExpirationInMinutes":30,"logScrubbing":null},"customRules":{"rules":[]},"managedRules":{"managedRuleSets":[]},"frontendEndpointLinks":[],"securityPolicyLinks":[],"resourceState":"Enabled","provisioningState":"Succeeded"}},{"id":"/subscriptions/00000000-0000-0000-0000-000000000000/resourcegroups/clitest.rg000001/providers/Microsoft.Network/frontdoorwebapplicationfirewallpolicies/cli000006","type":"Microsoft.Network/frontdoorwebapplicationfirewallpolicies","name":"cli000006","location":"Global","tags":{},"sku":{"name":"Classic_AzureFrontDoor"},"properties":{"policySettings":{"enabledState":"Enabled","mode":"Detection","redirectUrl":"http://www.microsoft.com","customBlockResponseStatusCode":406,"customBlockResponseBody":null,"requestBodyCheck":"Enabled","javascriptChallengeExpirationInMinutes":null,"logScrubbing":null},"customRules":{"rules":[]},"managedRules":{"managedRuleSets":[]},"frontendEndpointLinks":[],"securityPolicyLinks":[],"resourceState":"Enabled","provisioningState":"Succeeded"}},{"id":"/subscriptions/00000000-0000-0000-0000-000000000000/resourcegroups/clitest.rg000001/providers/Microsoft.Network/frontdoorwebapplicationfirewallpolicies/cli000007","type":"Microsoft.Network/frontdoorwebapplicationfirewallpolicies","name":"cli000007","location":"Global","tags":{},"sku":{"name":"Classic_AzureFrontDoor"},"properties":{"policySettings":{"enabledState":"Enabled","mode":"Detection","redirectUrl":"http://www.microsoft.com","customBlockResponseStatusCode":406,"customBlockResponseBody":"YiBvZHk=","requestBodyCheck":"Enabled","javascriptChallengeExpirationInMinutes":null,"logScrubbing":null},"customRules":{"rules":[]},"managedRules":{"managedRuleSets":[]},"frontendEndpointLinks":[],"securityPolicyLinks":[],"resourceState":"Enabled","provisioningState":"Succeeded"}},{"id":"/subscriptions/00000000-0000-0000-0000-000000000000/resourcegroups/clitest.rg000001/providers/Microsoft.Network/frontdoorwebapplicationfirewallpolicies/cli000008","type":"Microsoft.Network/frontdoorwebapplicationfirewallpolicies","name":"cli000008","location":"Global","tags":{},"sku":{"name":"Classic_AzureFrontDoor"},"properties":{"policySettings":{"enabledState":"Enabled","mode":"Detection","redirectUrl":null,"customBlockResponseStatusCode":null,"customBlockResponseBody":null,"requestBodyCheck":"Enabled","javascriptChallengeExpirationInMinutes":null,"logScrubbing":null},"customRules":{"rules":[]},"managedRules":{"managedRuleSets":[]},"frontendEndpointLinks":[],"securityPolicyLinks":[],"resourceState":"Enabled","provisioningState":"Succeeded"}}]}'
    headers:
      cache-control:
      - no-cache
      content-length:
      - '3891'
      content-type:
      - application/json; charset=utf-8
      date:
      - Mon, 29 Apr 2024 03:08:03 GMT
      expires:
      - '-1'
      pragma:
      - no-cache
      strict-transport-security:
      - max-age=31536000; includeSubDomains
      x-cache:
      - CONFIG_NOCACHE
      x-content-type-options:
      - nosniff
      x-msedge-ref:
      - 'Ref A: E181C21313C54789B8E34925B95A61FF Ref B: MAA201060516049 Ref C: 2024-04-29T03:08:03Z'
    status:
      code: 200
      message: OK
version: 1
