interactions:
- request:
    body: null
    headers:
      Accept:
      - application/json
      Accept-Encoding:
      - gzip, deflate
      CommandName:
      - network front-door waf-policy create
      Connection:
      - keep-alive
      ParameterSetName:
      - -g -n --mode --sku
      User-Agent:
      - AZURECLI/2.81.0 azsdk-python-core/1.35.0 Python/3.13.11 (Windows-11-10.0.26200-SP0)
    method: GET
    uri: https://management.azure.com/subscriptions/00000000-0000-0000-0000-000000000000/resourcegroups/clitest.rg000001?api-version=2024-11-01
  response:
    body:
      string: '{"id":"/subscriptions/00000000-0000-0000-0000-000000000000/resourceGroups/clitest.rg000001","name":"clitest.rg000001","type":"Microsoft.Resources/resourceGroups","location":"westus","tags":{"owner":"jingnanxu"},"properties":{"provisioningState":"Succeeded"}}'
    headers:
      cache-control:
      - no-cache
      content-length:
      - '258'
      content-type:
      - application/json; charset=utf-8
      date:
      - Mon, 19 Jan 2026 02:46:27 GMT
      expires:
      - '-1'
      pragma:
      - no-cache
      strict-transport-security:
      - max-age=31536000; includeSubDomains
      x-cache:
      - CONFIG_NOCACHE
      x-content-type-options:
      - nosniff
      x-ms-ratelimit-remaining-subscription-global-reads:
      - '16499'
      x-msedge-ref:
      - 'Ref A: 8D465F1B91E449269C726F5E35F84DA0 Ref B: SYD03EDGE0720 Ref C: 2026-01-19T02:46:28Z'
    status:
      code: 200
      message: OK
- request:
    body: '{"location": "global", "properties": {"policySettings": {"enabledState":
      "Enabled", "mode": "Prevention"}}, "sku": {"name": "Premium_AzureFrontDoor"}}'
    headers:
      Accept:
      - application/json
      Accept-Encoding:
      - gzip, deflate
      CommandName:
      - network front-door waf-policy create
      Connection:
      - keep-alive
      Content-Length:
      - '150'
      Content-Type:
      - application/json
      ParameterSetName:
      - -g -n --mode --sku
      User-Agent:
      - AZURECLI/2.81.0 azsdk-python-core/1.35.0 Python/3.13.11 (Windows-11-10.0.26200-SP0)
    method: PUT
    uri: https://management.azure.com/subscriptions/00000000-0000-0000-0000-000000000000/resourceGroups/clitest.rg000001/providers/Microsoft.Network/FrontDoorWebApplicationFirewallPolicies/cli000002?api-version=2025-10-01
  response:
    body:
      string: '{"id":"/subscriptions/00000000-0000-0000-0000-000000000000/resourcegroups/clitest.rg000001/providers/Microsoft.Network/frontdoorwebapplicationfirewallpolicies/cli000002","type":"Microsoft.Network/frontdoorwebapplicationfirewallpolicies","name":"cli000002","location":"Global","tags":{},"sku":{"name":"Premium_AzureFrontDoor"},"properties":{"policySettings":{"enabledState":"Enabled","mode":"Prevention","redirectUrl":null,"customBlockResponseStatusCode":null,"customBlockResponseBody":null,"requestBodyCheck":"Enabled","javascriptChallengeExpirationInMinutes":30,"captchaExpirationInMinutes":30,"logScrubbing":null},"customRules":{"rules":[]},"managedRules":{"managedRuleSets":[]},"frontendEndpointLinks":[],"securityPolicyLinks":[],"resourceState":"Enabled","provisioningState":"Succeeded"}}'
    headers:
      cache-control:
      - no-cache
      content-length:
      - '792'
      content-type:
      - application/json; charset=utf-8
      date:
      - Mon, 19 Jan 2026 02:46:35 GMT
      expires:
      - '-1'
      pragma:
      - no-cache
      strict-transport-security:
      - max-age=31536000; includeSubDomains
      x-cache:
      - CONFIG_NOCACHE
      x-content-type-options:
      - nosniff
      x-ms-operation-identifier:
      - tenantId=72f988bf-86f1-41af-91ab-2d7cd011db47,objectId=2e396a67-4dc1-43ae-afcc-c6747d291866/australiaeast/255ad12e-6adc-44e5-937a-95894a4a22fa
      x-ms-ratelimit-remaining-subscription-global-writes:
      - '11999'
      x-ms-ratelimit-remaining-subscription-writes:
      - '799'
      x-msedge-ref:
      - 'Ref A: C3818D4BE87D4F5B92CCF63166C86C4F Ref B: SYD03EDGE1913 Ref C: 2026-01-19T02:46:28Z'
    status:
      code: 201
      message: Created
- request:
    body: null
    headers:
      Accept:
      - application/json
      Accept-Encoding:
      - gzip, deflate
      CommandName:
      - network front-door waf-policy update
      Connection:
      - keep-alive
      ParameterSetName:
      - -g -n --log-scrubbing
      User-Agent:
      - AZURECLI/2.81.0 azsdk-python-core/1.35.0 Python/3.13.11 (Windows-11-10.0.26200-SP0)
    method: GET
    uri: https://management.azure.com/subscriptions/00000000-0000-0000-0000-000000000000/resourceGroups/clitest.rg000001/providers/Microsoft.Network/FrontDoorWebApplicationFirewallPolicies/cli000002?api-version=2025-10-01
  response:
    body:
      string: '{"id":"/subscriptions/00000000-0000-0000-0000-000000000000/resourcegroups/clitest.rg000001/providers/Microsoft.Network/frontdoorwebapplicationfirewallpolicies/cli000002","type":"Microsoft.Network/frontdoorwebapplicationfirewallpolicies","name":"cli000002","location":"Global","tags":{},"sku":{"name":"Premium_AzureFrontDoor"},"properties":{"policySettings":{"enabledState":"Enabled","mode":"Prevention","redirectUrl":null,"customBlockResponseStatusCode":null,"customBlockResponseBody":null,"requestBodyCheck":"Enabled","javascriptChallengeExpirationInMinutes":30,"captchaExpirationInMinutes":30,"logScrubbing":null},"customRules":{"rules":[]},"managedRules":{"managedRuleSets":[]},"frontendEndpointLinks":[],"securityPolicyLinks":[],"resourceState":"Enabled","provisioningState":"Succeeded"}}'
    headers:
      cache-control:
      - no-cache
      content-length:
      - '792'
      content-type:
      - application/json; charset=utf-8
      date:
      - Mon, 19 Jan 2026 02:46:37 GMT
      expires:
      - '-1'
      pragma:
      - no-cache
      strict-transport-security:
      - max-age=31536000; includeSubDomains
      x-cache:
      - CONFIG_NOCACHE
      x-content-type-options:
      - nosniff
      x-ms-ratelimit-remaining-subscription-global-reads:
      - '16499'
      x-msedge-ref:
      - 'Ref A: 8777019C0FB745E590C0926086A99A4F Ref B: SYD03EDGE1118 Ref C: 2026-01-19T02:46:36Z'
    status:
      code: 200
      message: OK
- request:
    body: '{"location": "global", "properties": {"customRules": {"rules": []}, "managedRules":
      {"managedRuleSets": []}, "policySettings": {"captchaExpirationInMinutes": 30,
      "enabledState": "Enabled", "javascriptChallengeExpirationInMinutes": 30, "logScrubbing":
      {"scrubbingRules": [{"matchVariable": "QueryStringArgNames", "selectorMatchOperator":
      "EqualsAny"}], "state": "Enabled"}, "mode": "Prevention", "requestBodyCheck":
      "Enabled"}}, "sku": {"name": "Premium_AzureFrontDoor"}, "tags": {}}'
    headers:
      Accept:
      - application/json
      Accept-Encoding:
      - gzip, deflate
      CommandName:
      - network front-door waf-policy update
      Connection:
      - keep-alive
      Content-Length:
      - '482'
      Content-Type:
      - application/json
      ParameterSetName:
      - -g -n --log-scrubbing
      User-Agent:
      - AZURECLI/2.81.0 azsdk-python-core/1.35.0 Python/3.13.11 (Windows-11-10.0.26200-SP0)
    method: PUT
    uri: https://management.azure.com/subscriptions/00000000-0000-0000-0000-000000000000/resourceGroups/clitest.rg000001/providers/Microsoft.Network/FrontDoorWebApplicationFirewallPolicies/cli000002?api-version=2025-10-01
  response:
    body:
      string: '{"id":"/subscriptions/00000000-0000-0000-0000-000000000000/resourcegroups/clitest.rg000001/providers/Microsoft.Network/frontdoorwebapplicationfirewallpolicies/cli000002","type":"Microsoft.Network/frontdoorwebapplicationfirewallpolicies","name":"cli000002","location":"Global","tags":{},"sku":{"name":"Premium_AzureFrontDoor"},"properties":{"policySettings":{"enabledState":"Enabled","mode":"Prevention","redirectUrl":null,"customBlockResponseStatusCode":null,"customBlockResponseBody":null,"requestBodyCheck":"Enabled","javascriptChallengeExpirationInMinutes":30,"captchaExpirationInMinutes":30,"logScrubbing":{"state":"Enabled","scrubbingRules":[{"matchVariable":"QueryStringArgNames","selectorMatchOperator":"EqualsAny","selector":null,"state":"Enabled"}]}},"customRules":{"rules":[]},"managedRules":{"managedRuleSets":[]},"frontendEndpointLinks":[],"securityPolicyLinks":[],"resourceState":"Enabled","provisioningState":"Succeeded"}}'
    headers:
      cache-control:
      - no-cache
      content-length:
      - '936'
      content-type:
      - application/json; charset=utf-8
      date:
      - Mon, 19 Jan 2026 02:46:38 GMT
      expires:
      - '-1'
      pragma:
      - no-cache
      strict-transport-security:
      - max-age=31536000; includeSubDomains
      x-cache:
      - CONFIG_NOCACHE
      x-content-type-options:
      - nosniff
      x-ms-operation-identifier:
      - tenantId=72f988bf-86f1-41af-91ab-2d7cd011db47,objectId=2e396a67-4dc1-43ae-afcc-c6747d291866/westus/b8d2e44d-91fc-4a4a-b573-302accc27955
      x-ms-ratelimit-remaining-subscription-global-writes:
      - '11999'
      x-ms-ratelimit-remaining-subscription-writes:
      - '799'
      x-msedge-ref:
      - 'Ref A: FE7AA1A6790F4CB1A6743522E6FA0550 Ref B: SYD03EDGE0911 Ref C: 2026-01-19T02:46:37Z'
    status:
      code: 200
      message: OK
version: 1
