interactions:
- request:
    body: '{"location": "westus", "tags": {"product": "azurecli", "cause": "automation",
      "date": "2019-06-17T17:40:12Z"}}'
    headers:
      Accept:
      - application/json
      Accept-Encoding:
      - gzip, deflate
      CommandName:
      - group create
      Connection:
      - keep-alive
      Content-Length:
      - '110'
      Content-Type:
      - application/json; charset=utf-8
      ParameterSetName:
      - --location --name --tag
      User-Agent:
      - python/3.6.6 (Windows-10-10.0.18362-SP0) msrest/0.6.6 msrest_azure/0.6.1 resourcemanagementclient/2.1.0
        Azure-SDK-For-Python AZURECLI/2.0.66
      accept-language:
      - en-US
    method: PUT
    uri: https://management.azure.com/subscriptions/00000000-0000-0000-0000-000000000000/resourcegroups/clitest.rg000001?api-version=2018-05-01
  response:
    body:
      string: '{"id":"/subscriptions/00000000-0000-0000-0000-000000000000/resourceGroups/clitest.rg000001","name":"clitest.rg000001","location":"westus","tags":{"product":"azurecli","cause":"automation","date":"2019-06-17T17:40:12Z"},"properties":{"provisioningState":"Succeeded"}}'
    headers:
      cache-control:
      - no-cache
      content-length:
      - '384'
      content-type:
      - application/json; charset=utf-8
      date:
      - Mon, 17 Jun 2019 17:40:16 GMT
      expires:
      - '-1'
      pragma:
      - no-cache
      strict-transport-security:
      - max-age=31536000; includeSubDomains
      x-content-type-options:
      - nosniff
      x-ms-ratelimit-remaining-subscription-writes:
      - '1199'
    status:
      code: 201
      message: Created
- request:
    body: '{"location": "global", "properties": {"policySettings": {"enabledState":
      "Enabled", "mode": "Prevention"}, "customRules": {"rules": []}, "managedRules":
      {}}}'
    headers:
      Accept:
      - application/json
      Accept-Encoding:
      - gzip, deflate
      CommandName:
      - network front-door waf-policy create
      Connection:
      - keep-alive
      Content-Length:
      - '157'
      Content-Type:
      - application/json; charset=utf-8
      ParameterSetName:
      - -g -n --mode
      User-Agent:
      - python/3.6.6 (Windows-10-10.0.18362-SP0) msrest/0.6.6 msrest_azure/0.6.1 azure-mgmt-frontdoor/0.1.0
        Azure-SDK-For-Python AZURECLI/2.0.66
      accept-language:
      - en-US
    method: PUT
    uri: https://management.azure.com/subscriptions/00000000-0000-0000-0000-000000000000/resourceGroups/clitest.rg000001/providers/Microsoft.Network/FrontDoorWebApplicationFirewallPolicies/cli000002?api-version=2019-03-01
  response:
    body:
      string: "{\r\n  \"name\":\"cli000002\",\"id\":\"/subscriptions/00000000-0000-0000-0000-000000000000/resourcegroups/clitest.rg000001/providers/Microsoft.Network/frontdoorwebapplicationfirewallpolicies/cli000002\",\"type\":\"Microsoft.Network/frontdoorwebapplicationfirewallpolicies\",\"tags\":{\r\n
        \   \r\n  },\"location\":\"Global\",\"properties\":{\r\n    \"resourceState\":\"Enabled\",\"provisioningState\":\"Succeeded\",\"policySettings\":{\r\n
        \     \"enabledState\":\"Enabled\",\"mode\":\"Prevention\",\"redirectUrl\":null,\"customBlockResponseStatusCode\":null,\"customBlockResponseBody\":null\r\n
        \   },\"customRules\":{\r\n      \"rules\":[\r\n        \r\n      ]\r\n    },\"managedRules\":{\r\n
        \     \"managedRuleSets\":[\r\n        \r\n      ]\r\n    },\"frontendEndpointLinks\":[\r\n
        \     \r\n    ]\r\n  }\r\n}"
    headers:
      cache-control:
      - no-cache
      content-length:
      - '809'
      content-type:
      - application/json; odata.metadata=minimal
      date:
      - Mon, 17 Jun 2019 17:40:22 GMT
      expires:
      - '-1'
      odata-version:
      - '4.0'
      pragma:
      - no-cache
      server:
      - Microsoft-IIS/8.5
      strict-transport-security:
      - max-age=31536000; includeSubDomains
      x-aspnet-version:
      - 4.0.30319
      x-content-type-options:
      - nosniff
      x-ms-ratelimit-remaining-subscription-writes:
      - '1199'
      x-powered-by:
      - ASP.NET
    status:
      code: 201
      message: Created
- request:
    body: '{"location": "global", "properties": {"policySettings": {"enabledState":
      "Enabled", "mode": "Detection", "redirectUrl": "http://www.microsoft.com"},
      "customRules": {"rules": []}, "managedRules": {}}}'
    headers:
      Accept:
      - application/json
      Accept-Encoding:
      - gzip, deflate
      CommandName:
      - network front-door waf-policy create
      Connection:
      - keep-alive
      Content-Length:
      - '199'
      Content-Type:
      - application/json; charset=utf-8
      ParameterSetName:
      - -g -n --mode --redirect-url
      User-Agent:
      - python/3.6.6 (Windows-10-10.0.18362-SP0) msrest/0.6.6 msrest_azure/0.6.1 azure-mgmt-frontdoor/0.1.0
        Azure-SDK-For-Python AZURECLI/2.0.66
      accept-language:
      - en-US
    method: PUT
    uri: https://management.azure.com/subscriptions/00000000-0000-0000-0000-000000000000/resourceGroups/clitest.rg000001/providers/Microsoft.Network/FrontDoorWebApplicationFirewallPolicies/cli000005?api-version=2019-03-01
  response:
    body:
      string: "{\r\n  \"name\":\"cli000005\",\"id\":\"/subscriptions/00000000-0000-0000-0000-000000000000/resourcegroups/clitest.rg000001/providers/Microsoft.Network/frontdoorwebapplicationfirewallpolicies/cli000005\",\"type\":\"Microsoft.Network/frontdoorwebapplicationfirewallpolicies\",\"tags\":{\r\n
        \   \r\n  },\"location\":\"Global\",\"properties\":{\r\n    \"resourceState\":\"Enabled\",\"provisioningState\":\"Succeeded\",\"policySettings\":{\r\n
        \     \"enabledState\":\"Enabled\",\"mode\":\"Detection\",\"redirectUrl\":\"http://www.microsoft.com\",\"customBlockResponseStatusCode\":null,\"customBlockResponseBody\":null\r\n
        \   },\"customRules\":{\r\n      \"rules\":[\r\n        \r\n      ]\r\n    },\"managedRules\":{\r\n
        \     \"managedRuleSets\":[\r\n        \r\n      ]\r\n    },\"frontendEndpointLinks\":[\r\n
        \     \r\n    ]\r\n  }\r\n}"
    headers:
      cache-control:
      - no-cache
      content-length:
      - '830'
      content-type:
      - application/json; odata.metadata=minimal
      date:
      - Mon, 17 Jun 2019 17:40:27 GMT
      expires:
      - '-1'
      odata-version:
      - '4.0'
      pragma:
      - no-cache
      server:
      - Microsoft-IIS/8.5
      strict-transport-security:
      - max-age=31536000; includeSubDomains
      x-aspnet-version:
      - 4.0.30319
      x-content-type-options:
      - nosniff
      x-ms-ratelimit-remaining-subscription-writes:
      - '1199'
      x-powered-by:
      - ASP.NET
    status:
      code: 201
      message: Created
- request:
    body: '{"location": "global", "properties": {"policySettings": {"enabledState":
      "Enabled", "mode": "Detection", "redirectUrl": "http://www.microsoft.com", "customBlockResponseStatusCode":
      406}, "customRules": {"rules": []}, "managedRules": {}}}'
    headers:
      Accept:
      - application/json
      Accept-Encoding:
      - gzip, deflate
      CommandName:
      - network front-door waf-policy create
      Connection:
      - keep-alive
      Content-Length:
      - '237'
      Content-Type:
      - application/json; charset=utf-8
      ParameterSetName:
      - -g -n --mode --redirect-url --custom-block-response-status-code
      User-Agent:
      - python/3.6.6 (Windows-10-10.0.18362-SP0) msrest/0.6.6 msrest_azure/0.6.1 azure-mgmt-frontdoor/0.1.0
        Azure-SDK-For-Python AZURECLI/2.0.66
      accept-language:
      - en-US
    method: PUT
    uri: https://management.azure.com/subscriptions/00000000-0000-0000-0000-000000000000/resourceGroups/clitest.rg000001/providers/Microsoft.Network/FrontDoorWebApplicationFirewallPolicies/cli000006?api-version=2019-03-01
  response:
    body:
      string: "{\r\n  \"name\":\"cli000006\",\"id\":\"/subscriptions/00000000-0000-0000-0000-000000000000/resourcegroups/clitest.rg000001/providers/Microsoft.Network/frontdoorwebapplicationfirewallpolicies/cli000006\",\"type\":\"Microsoft.Network/frontdoorwebapplicationfirewallpolicies\",\"tags\":{\r\n
        \   \r\n  },\"location\":\"Global\",\"properties\":{\r\n    \"resourceState\":\"Enabled\",\"provisioningState\":\"Succeeded\",\"policySettings\":{\r\n
        \     \"enabledState\":\"Enabled\",\"mode\":\"Detection\",\"redirectUrl\":\"http://www.microsoft.com\",\"customBlockResponseStatusCode\":406,\"customBlockResponseBody\":null\r\n
        \   },\"customRules\":{\r\n      \"rules\":[\r\n        \r\n      ]\r\n    },\"managedRules\":{\r\n
        \     \"managedRuleSets\":[\r\n        \r\n      ]\r\n    },\"frontendEndpointLinks\":[\r\n
        \     \r\n    ]\r\n  }\r\n}"
    headers:
      cache-control:
      - no-cache
      content-length:
      - '829'
      content-type:
      - application/json; odata.metadata=minimal
      date:
      - Mon, 17 Jun 2019 17:40:31 GMT
      expires:
      - '-1'
      odata-version:
      - '4.0'
      pragma:
      - no-cache
      server:
      - Microsoft-IIS/8.5
      strict-transport-security:
      - max-age=31536000; includeSubDomains
      x-aspnet-version:
      - 4.0.30319
      x-content-type-options:
      - nosniff
      x-ms-ratelimit-remaining-subscription-writes:
      - '1199'
      x-powered-by:
      - ASP.NET
    status:
      code: 201
      message: Created
- request:
    body: '{"location": "global", "properties": {"policySettings": {"enabledState":
      "Enabled", "mode": "Detection", "redirectUrl": "http://www.microsoft.com", "customBlockResponseStatusCode":
      406, "customBlockResponseBody": "YiBvZHk="}, "customRules": {"rules": []}, "managedRules":
      {}}}'
    headers:
      Accept:
      - application/json
      Accept-Encoding:
      - gzip, deflate
      CommandName:
      - network front-door waf-policy create
      Connection:
      - keep-alive
      Content-Length:
      - '276'
      Content-Type:
      - application/json; charset=utf-8
      ParameterSetName:
      - -g -n --mode --redirect-url --custom-block-response-status-code --custom-block-response-body
      User-Agent:
      - python/3.6.6 (Windows-10-10.0.18362-SP0) msrest/0.6.6 msrest_azure/0.6.1 azure-mgmt-frontdoor/0.1.0
        Azure-SDK-For-Python AZURECLI/2.0.66
      accept-language:
      - en-US
    method: PUT
    uri: https://management.azure.com/subscriptions/00000000-0000-0000-0000-000000000000/resourceGroups/clitest.rg000001/providers/Microsoft.Network/FrontDoorWebApplicationFirewallPolicies/cli000007?api-version=2019-03-01
  response:
    body:
      string: "{\r\n  \"name\":\"cli000007\",\"id\":\"/subscriptions/00000000-0000-0000-0000-000000000000/resourcegroups/clitest.rg000001/providers/Microsoft.Network/frontdoorwebapplicationfirewallpolicies/cli000007\",\"type\":\"Microsoft.Network/frontdoorwebapplicationfirewallpolicies\",\"tags\":{\r\n
        \   \r\n  },\"location\":\"Global\",\"properties\":{\r\n    \"resourceState\":\"Enabled\",\"provisioningState\":\"Succeeded\",\"policySettings\":{\r\n
        \     \"enabledState\":\"Enabled\",\"mode\":\"Detection\",\"redirectUrl\":\"http://www.microsoft.com\",\"customBlockResponseStatusCode\":406,\"customBlockResponseBody\":\"YiBvZHk=\"\r\n
        \   },\"customRules\":{\r\n      \"rules\":[\r\n        \r\n      ]\r\n    },\"managedRules\":{\r\n
        \     \"managedRuleSets\":[\r\n        \r\n      ]\r\n    },\"frontendEndpointLinks\":[\r\n
        \     \r\n    ]\r\n  }\r\n}"
    headers:
      cache-control:
      - no-cache
      content-length:
      - '835'
      content-type:
      - application/json; odata.metadata=minimal
      date:
      - Mon, 17 Jun 2019 17:40:35 GMT
      expires:
      - '-1'
      odata-version:
      - '4.0'
      pragma:
      - no-cache
      server:
      - Microsoft-IIS/8.5
      strict-transport-security:
      - max-age=31536000; includeSubDomains
      x-aspnet-version:
      - 4.0.30319
      x-content-type-options:
      - nosniff
      x-ms-ratelimit-remaining-subscription-writes:
      - '1199'
      x-powered-by:
      - ASP.NET
    status:
      code: 201
      message: Created
- request:
    body: '{"location": "global", "properties": {"policySettings": {"enabledState":
      "Disabled", "mode": "Detection"}, "customRules": {"rules": []}, "managedRules":
      {}}}'
    headers:
      Accept:
      - application/json
      Accept-Encoding:
      - gzip, deflate
      CommandName:
      - network front-door waf-policy create
      Connection:
      - keep-alive
      Content-Length:
      - '157'
      Content-Type:
      - application/json; charset=utf-8
      ParameterSetName:
      - -g -n --mode --disabled
      User-Agent:
      - python/3.6.6 (Windows-10-10.0.18362-SP0) msrest/0.6.6 msrest_azure/0.6.1 azure-mgmt-frontdoor/0.1.0
        Azure-SDK-For-Python AZURECLI/2.0.66
      accept-language:
      - en-US
    method: PUT
    uri: https://management.azure.com/subscriptions/00000000-0000-0000-0000-000000000000/resourceGroups/clitest.rg000001/providers/Microsoft.Network/FrontDoorWebApplicationFirewallPolicies/cli000008?api-version=2019-03-01
  response:
    body:
      string: "{\r\n  \"name\":\"cli000008\",\"id\":\"/subscriptions/00000000-0000-0000-0000-000000000000/resourcegroups/clitest.rg000001/providers/Microsoft.Network/frontdoorwebapplicationfirewallpolicies/cli000008\",\"type\":\"Microsoft.Network/frontdoorwebapplicationfirewallpolicies\",\"tags\":{\r\n
        \   \r\n  },\"location\":\"Global\",\"properties\":{\r\n    \"resourceState\":\"Enabled\",\"provisioningState\":\"Succeeded\",\"policySettings\":{\r\n
        \     \"enabledState\":\"Disabled\",\"mode\":\"Detection\",\"redirectUrl\":null,\"customBlockResponseStatusCode\":null,\"customBlockResponseBody\":null\r\n
        \   },\"customRules\":{\r\n      \"rules\":[\r\n        \r\n      ]\r\n    },\"managedRules\":{\r\n
        \     \"managedRuleSets\":[\r\n        \r\n      ]\r\n    },\"frontendEndpointLinks\":[\r\n
        \     \r\n    ]\r\n  }\r\n}"
    headers:
      cache-control:
      - no-cache
      content-length:
      - '809'
      content-type:
      - application/json; odata.metadata=minimal
      date:
      - Mon, 17 Jun 2019 17:40:39 GMT
      expires:
      - '-1'
      odata-version:
      - '4.0'
      pragma:
      - no-cache
      server:
      - Microsoft-IIS/8.5
      strict-transport-security:
      - max-age=31536000; includeSubDomains
      x-aspnet-version:
      - 4.0.30319
      x-content-type-options:
      - nosniff
      x-ms-ratelimit-remaining-subscription-writes:
      - '1198'
      x-powered-by:
      - ASP.NET
    status:
      code: 201
      message: Created
- request:
    body: null
    headers:
      Accept:
      - application/json
      Accept-Encoding:
      - gzip, deflate
      CommandName:
      - network front-door waf-policy update
      Connection:
      - keep-alive
      ParameterSetName:
      - -g -n --mode --disabled
      User-Agent:
      - python/3.6.6 (Windows-10-10.0.18362-SP0) msrest/0.6.6 msrest_azure/0.6.1 azure-mgmt-frontdoor/0.1.0
        Azure-SDK-For-Python AZURECLI/2.0.66
      accept-language:
      - en-US
    method: GET
    uri: https://management.azure.com/subscriptions/00000000-0000-0000-0000-000000000000/resourceGroups/clitest.rg000001/providers/Microsoft.Network/FrontDoorWebApplicationFirewallPolicies/cli000008?api-version=2019-03-01
  response:
    body:
      string: "{\r\n  \"name\":\"cli000008\",\"id\":\"/subscriptions/00000000-0000-0000-0000-000000000000/resourcegroups/clitest.rg000001/providers/Microsoft.Network/frontdoorwebapplicationfirewallpolicies/cli000008\",\"type\":\"Microsoft.Network/frontdoorwebapplicationfirewallpolicies\",\"tags\":{\r\n
        \   \r\n  },\"location\":\"Global\",\"properties\":{\r\n    \"resourceState\":\"Enabled\",\"provisioningState\":\"Succeeded\",\"policySettings\":{\r\n
        \     \"enabledState\":\"Disabled\",\"mode\":\"Detection\",\"redirectUrl\":null,\"customBlockResponseStatusCode\":null,\"customBlockResponseBody\":null\r\n
        \   },\"customRules\":{\r\n      \"rules\":[\r\n        \r\n      ]\r\n    },\"managedRules\":{\r\n
        \     \"managedRuleSets\":[\r\n        \r\n      ]\r\n    },\"frontendEndpointLinks\":[\r\n
        \     \r\n    ]\r\n  }\r\n}"
    headers:
      cache-control:
      - no-cache
      content-length:
      - '809'
      content-type:
      - application/json; odata.metadata=minimal
      date:
      - Mon, 17 Jun 2019 17:40:40 GMT
      expires:
      - '-1'
      odata-version:
      - '4.0'
      pragma:
      - no-cache
      server:
      - Microsoft-IIS/8.5
      strict-transport-security:
      - max-age=31536000; includeSubDomains
      transfer-encoding:
      - chunked
      vary:
      - Accept-Encoding
      x-aspnet-version:
      - 4.0.30319
      x-content-type-options:
      - nosniff
      x-powered-by:
      - ASP.NET
    status:
      code: 200
      message: OK
- request:
    body: '{"location": "Global", "tags": {}, "properties": {"policySettings": {"enabledState":
      "Disabled", "mode": "Detection"}, "customRules": {"rules": []}, "managedRules":
      {"managedRuleSets": []}}}'
    headers:
      Accept:
      - application/json
      Accept-Encoding:
      - gzip, deflate
      CommandName:
      - network front-door waf-policy update
      Connection:
      - keep-alive
      Content-Length:
      - '190'
      Content-Type:
      - application/json; charset=utf-8
      ParameterSetName:
      - -g -n --mode --disabled
      User-Agent:
      - python/3.6.6 (Windows-10-10.0.18362-SP0) msrest/0.6.6 msrest_azure/0.6.1 azure-mgmt-frontdoor/0.1.0
        Azure-SDK-For-Python AZURECLI/2.0.66
      accept-language:
      - en-US
    method: PUT
    uri: https://management.azure.com/subscriptions/00000000-0000-0000-0000-000000000000/resourceGroups/clitest.rg000001/providers/Microsoft.Network/FrontDoorWebApplicationFirewallPolicies/cli000008?api-version=2019-03-01
  response:
    body:
      string: "{\r\n  \"name\":\"cli000008\",\"id\":\"/subscriptions/00000000-0000-0000-0000-000000000000/resourcegroups/clitest.rg000001/providers/Microsoft.Network/frontdoorwebapplicationfirewallpolicies/cli000008\",\"type\":\"Microsoft.Network/frontdoorwebapplicationfirewallpolicies\",\"tags\":{\r\n
        \   \r\n  },\"location\":\"Global\",\"properties\":{\r\n    \"resourceState\":\"Enabled\",\"provisioningState\":\"Succeeded\",\"policySettings\":{\r\n
        \     \"enabledState\":\"Disabled\",\"mode\":\"Detection\",\"redirectUrl\":null,\"customBlockResponseStatusCode\":null,\"customBlockResponseBody\":null\r\n
        \   },\"customRules\":{\r\n      \"rules\":[\r\n        \r\n      ]\r\n    },\"managedRules\":{\r\n
        \     \"managedRuleSets\":[\r\n        \r\n      ]\r\n    },\"frontendEndpointLinks\":[\r\n
        \     \r\n    ]\r\n  }\r\n}"
    headers:
      cache-control:
      - no-cache
      content-length:
      - '809'
      content-type:
      - application/json; odata.metadata=minimal
      date:
      - Mon, 17 Jun 2019 17:40:41 GMT
      expires:
      - '-1'
      odata-version:
      - '4.0'
      pragma:
      - no-cache
      server:
      - Microsoft-IIS/8.5
      strict-transport-security:
      - max-age=31536000; includeSubDomains
      transfer-encoding:
      - chunked
      vary:
      - Accept-Encoding
      x-aspnet-version:
      - 4.0.30319
      x-content-type-options:
      - nosniff
      x-ms-ratelimit-remaining-subscription-writes:
      - '1197'
      x-powered-by:
      - ASP.NET
    status:
      code: 200
      message: OK
- request:
    body: null
    headers:
      Accept:
      - application/json
      Accept-Encoding:
      - gzip, deflate
      CommandName:
      - network front-door waf-policy update
      Connection:
      - keep-alive
      ParameterSetName:
      - -g -n --tags
      User-Agent:
      - python/3.6.6 (Windows-10-10.0.18362-SP0) msrest/0.6.6 msrest_azure/0.6.1 azure-mgmt-frontdoor/0.1.0
        Azure-SDK-For-Python AZURECLI/2.0.66
      accept-language:
      - en-US
    method: GET
    uri: https://management.azure.com/subscriptions/00000000-0000-0000-0000-000000000000/resourceGroups/clitest.rg000001/providers/Microsoft.Network/FrontDoorWebApplicationFirewallPolicies/cli000002?api-version=2019-03-01
  response:
    body:
      string: "{\r\n  \"name\":\"cli000002\",\"id\":\"/subscriptions/00000000-0000-0000-0000-000000000000/resourcegroups/clitest.rg000001/providers/Microsoft.Network/frontdoorwebapplicationfirewallpolicies/cli000002\",\"type\":\"Microsoft.Network/frontdoorwebapplicationfirewallpolicies\",\"tags\":{\r\n
        \   \r\n  },\"location\":\"Global\",\"properties\":{\r\n    \"resourceState\":\"Enabled\",\"provisioningState\":\"Succeeded\",\"policySettings\":{\r\n
        \     \"enabledState\":\"Enabled\",\"mode\":\"Prevention\",\"redirectUrl\":null,\"customBlockResponseStatusCode\":null,\"customBlockResponseBody\":null\r\n
        \   },\"customRules\":{\r\n      \"rules\":[\r\n        \r\n      ]\r\n    },\"managedRules\":{\r\n
        \     \"managedRuleSets\":[\r\n        \r\n      ]\r\n    },\"frontendEndpointLinks\":[\r\n
        \     \r\n    ]\r\n  }\r\n}"
    headers:
      cache-control:
      - no-cache
      content-length:
      - '809'
      content-type:
      - application/json; odata.metadata=minimal
      date:
      - Mon, 17 Jun 2019 17:40:42 GMT
      expires:
      - '-1'
      odata-version:
      - '4.0'
      pragma:
      - no-cache
      server:
      - Microsoft-IIS/8.5
      strict-transport-security:
      - max-age=31536000; includeSubDomains
      transfer-encoding:
      - chunked
      vary:
      - Accept-Encoding
      x-aspnet-version:
      - 4.0.30319
      x-content-type-options:
      - nosniff
      x-powered-by:
      - ASP.NET
    status:
      code: 200
      message: OK
- request:
    body: '{"location": "Global", "tags": {"test": "best"}, "properties": {"policySettings":
      {"enabledState": "Enabled", "mode": "Prevention"}, "customRules": {"rules":
      []}, "managedRules": {"managedRuleSets": []}}}'
    headers:
      Accept:
      - application/json
      Accept-Encoding:
      - gzip, deflate
      CommandName:
      - network front-door waf-policy update
      Connection:
      - keep-alive
      Content-Length:
      - '204'
      Content-Type:
      - application/json; charset=utf-8
      ParameterSetName:
      - -g -n --tags
      User-Agent:
      - python/3.6.6 (Windows-10-10.0.18362-SP0) msrest/0.6.6 msrest_azure/0.6.1 azure-mgmt-frontdoor/0.1.0
        Azure-SDK-For-Python AZURECLI/2.0.66
      accept-language:
      - en-US
    method: PUT
    uri: https://management.azure.com/subscriptions/00000000-0000-0000-0000-000000000000/resourceGroups/clitest.rg000001/providers/Microsoft.Network/FrontDoorWebApplicationFirewallPolicies/cli000002?api-version=2019-03-01
  response:
    body:
      string: "{\r\n  \"name\":\"cli000002\",\"id\":\"/subscriptions/00000000-0000-0000-0000-000000000000/resourcegroups/clitest.rg000001/providers/Microsoft.Network/frontdoorwebapplicationfirewallpolicies/cli000002\",\"type\":\"Microsoft.Network/frontdoorwebapplicationfirewallpolicies\",\"tags\":{\r\n
        \   \r\n  },\"location\":\"Global\",\"properties\":{\r\n    \"resourceState\":\"Enabled\",\"provisioningState\":\"Succeeded\",\"policySettings\":{\r\n
        \     \"enabledState\":\"Enabled\",\"mode\":\"Prevention\",\"redirectUrl\":null,\"customBlockResponseStatusCode\":null,\"customBlockResponseBody\":null\r\n
        \   },\"customRules\":{\r\n      \"rules\":[\r\n        \r\n      ]\r\n    },\"managedRules\":{\r\n
        \     \"managedRuleSets\":[\r\n        \r\n      ]\r\n    },\"frontendEndpointLinks\":[\r\n
        \     \r\n    ]\r\n  }\r\n}"
    headers:
      cache-control:
      - no-cache
      content-length:
      - '809'
      content-type:
      - application/json; odata.metadata=minimal
      date:
      - Mon, 17 Jun 2019 17:40:44 GMT
      expires:
      - '-1'
      odata-version:
      - '4.0'
      pragma:
      - no-cache
      server:
      - Microsoft-IIS/8.5
      strict-transport-security:
      - max-age=31536000; includeSubDomains
      transfer-encoding:
      - chunked
      vary:
      - Accept-Encoding
      x-aspnet-version:
      - 4.0.30319
      x-content-type-options:
      - nosniff
      x-ms-ratelimit-remaining-subscription-writes:
      - '1196'
      x-powered-by:
      - ASP.NET
    status:
      code: 200
      message: OK
- request:
    body: null
    headers:
      Accept:
      - application/json
      Accept-Encoding:
      - gzip, deflate
      CommandName:
      - group delete
      Connection:
      - keep-alive
      Content-Length:
      - '0'
      ParameterSetName:
      - --name --yes --no-wait
      User-Agent:
      - python/3.6.6 (Windows-10-10.0.18362-SP0) msrest/0.6.6 msrest_azure/0.6.1 resourcemanagementclient/2.1.0
        Azure-SDK-For-Python AZURECLI/2.0.66
      accept-language:
      - en-US
    method: DELETE
    uri: https://management.azure.com/subscriptions/00000000-0000-0000-0000-000000000000/resourcegroups/clitest.rg000001?api-version=2018-05-01
  response:
    body:
      string: ''
    headers:
      cache-control:
      - no-cache
      content-length:
      - '0'
      date:
      - Mon, 17 Jun 2019 17:40:46 GMT
      expires:
      - '-1'
      location:
      - https://management.azure.com/subscriptions/00000000-0000-0000-0000-000000000000/operationresults/eyJqb2JJZCI6IlJFU09VUkNFR1JPVVBERUxFVElPTkpPQi1DTElURVNUOjJFUkdRSTdaWDMzVU5GV1ROUEFBVDNKTFJOQUg0TjJIWURUT0lHNHw2OUJCRTVBNzEwN0FBQ0ZELVdFU1RVUyIsImpvYkxvY2F0aW9uIjoid2VzdHVzIn0?api-version=2018-05-01
      pragma:
      - no-cache
      strict-transport-security:
      - max-age=31536000; includeSubDomains
      x-content-type-options:
      - nosniff
      x-ms-ratelimit-remaining-subscription-deletes:
      - '14999'
    status:
      code: 202
      message: Accepted
version: 1
