interactions:
- request:
    body: '{"location": "global", "properties": {"friendlyName": "clifrontdoor000002",
      "routingRules": [{"properties": {"frontendEndpoints": [{"id": "/subscriptions/00000000-0000-0000-0000-000000000000/resourceGroups/clitest.rg000001/providers/Microsoft.Network/frontdoors/clifrontdoor000002/frontendEndpoints/DefaultFrontendEndpoint"}],
      "acceptedProtocols": ["Http"], "patternsToMatch": ["/*"], "enabledState": "Enabled",
      "routeConfiguration": {"@odata.type": "#Microsoft.Azure.FrontDoor.Models.FrontdoorForwardingConfiguration",
      "forwardingProtocol": "MatchRequest", "backendPool": {"id": "/subscriptions/00000000-0000-0000-0000-000000000000/resourceGroups/clitest.rg000001/providers/Microsoft.Network/frontdoors/clifrontdoor000002/backendPools/DefaultBackendPool"}},
      "resourceState": "Enabled"}, "name": "DefaultRoutingRule"}], "loadBalancingSettings":
      [{"properties": {"sampleSize": 4, "successfulSamplesRequired": 2, "additionalLatencyMilliseconds":
      0, "resourceState": "Enabled"}, "name": "DefaultLoadBalancingSettings"}], "healthProbeSettings":
      [{"properties": {"path": "/", "protocol": "Https", "intervalInSeconds": 30,
      "healthProbeMethod": "HEAD", "resourceState": "Enabled"}, "name": "DefaultProbeSettings"}],
      "backendPools": [{"properties": {"backends": [{"address": "202.120.2.3", "httpPort":
      80, "httpsPort": 443, "enabledState": "Enabled", "priority": 1, "weight": 50,
      "backendHostHeader": "202.120.2.3"}], "loadBalancingSettings": {"id": "/subscriptions/00000000-0000-0000-0000-000000000000/resourceGroups/clitest.rg000001/providers/Microsoft.Network/frontdoors/clifrontdoor000002/loadBalancingSettings/DefaultLoadBalancingSettings"},
      "healthProbeSettings": {"id": "/subscriptions/00000000-0000-0000-0000-000000000000/resourceGroups/clitest.rg000001/providers/Microsoft.Network/frontdoors/clifrontdoor000002/healthProbeSettings/DefaultProbeSettings"},
      "resourceState": "Enabled"}, "name": "DefaultBackendPool"}], "frontendEndpoints":
      [{"properties": {"hostName": "clifrontdoor000002.azurefd.net", "sessionAffinityEnabledState":
      "Disabled", "resourceState": "Enabled"}, "name": "DefaultFrontendEndpoint"}],
      "backendPoolsSettings": {"enforceCertificateNameCheck": "Enabled"}, "enabledState":
      "Enabled"}}'
    headers:
      Accept:
      - application/json
      Accept-Encoding:
      - gzip, deflate
      CommandName:
      - network front-door create
      Connection:
      - keep-alive
      Content-Length:
      - '2453'
      Content-Type:
      - application/json; charset=utf-8
      ParameterSetName:
      - -g -n --backend-address
      User-Agent:
      - python/3.8.6 (Windows-10-10.0.19041-SP0) msrest/0.6.18 msrest_azure/0.6.3
        azure-mgmt-frontdoor/0.3.0 Azure-SDK-For-Python AZURECLI/2.13.0
      accept-language:
      - en-US
    method: PUT
    uri: https://management.azure.com/subscriptions/00000000-0000-0000-0000-000000000000/resourceGroups/clitest.rg000001/providers/Microsoft.Network/frontDoors/clifrontdoor000002?api-version=2020-05-01
  response:
    body:
      string: "{\r\n  \"name\":\"clifrontdoor000002\",\"id\":\"/subscriptions/00000000-0000-0000-0000-000000000000/resourcegroups/clitest.rg000001/providers/Microsoft.Network/frontdoors/clifrontdoor000002\",\"type\":\"Microsoft.Network/frontdoors\",\"tags\":{\r\n
        \   \r\n  },\"location\":\"Global\",\"properties\":{\r\n    \"provisioningState\":\"Creating\",\"resourceState\":\"Creating\",\"backendPools\":[\r\n
        \     {\r\n        \"id\":\"/subscriptions/00000000-0000-0000-0000-000000000000/resourcegroups/clitest.rg000001/providers/Microsoft.Network/Frontdoors/clifrontdoor000002/BackendPools/DefaultBackendPool\",\"name\":\"DefaultBackendPool\",\"type\":\"Microsoft.Network/Frontdoors/BackendPools\",\"properties\":{\r\n
        \         \"backends\":[\r\n            {\r\n              \"address\":\"202.120.2.3\",\"httpPort\":80,\"httpsPort\":443,\"priority\":1,\"weight\":50,\"backendHostHeader\":\"202.120.2.3\",\"enabledState\":\"Enabled\",\"privateLinkAlias\":null,\"privateEndpointStatus\":null,\"privateLinkApprovalMessage\":null,\"privateLinkResourceId\":null,\"privateLinkLocation\":null\r\n
        \           }\r\n          ],\"healthProbeSettings\":{\r\n            \"id\":\"/subscriptions/00000000-0000-0000-0000-000000000000/resourceGroups/clitest.rg000001/providers/Microsoft.Network/frontdoors/clifrontdoor000002/healthProbeSettings/DefaultProbeSettings\"\r\n
        \         },\"loadBalancingSettings\":{\r\n            \"id\":\"/subscriptions/00000000-0000-0000-0000-000000000000/resourceGroups/clitest.rg000001/providers/Microsoft.Network/frontdoors/clifrontdoor000002/loadBalancingSettings/DefaultLoadBalancingSettings\"\r\n
        \         },\"resourceState\":\"Creating\"\r\n        }\r\n      }\r\n    ],\"healthProbeSettings\":[\r\n
        \     {\r\n        \"id\":\"/subscriptions/00000000-0000-0000-0000-000000000000/resourcegroups/clitest.rg000001/providers/Microsoft.Network/Frontdoors/clifrontdoor000002/HealthProbeSettings/DefaultProbeSettings\",\"name\":\"DefaultProbeSettings\",\"type\":\"Microsoft.Network/Frontdoors/HealthProbeSettings\",\"properties\":{\r\n
        \         \"intervalInSeconds\":30,\"path\":\"/\",\"protocol\":\"Https\",\"resourceState\":\"Creating\",\"enabledState\":\"Enabled\",\"healthProbeMethod\":\"Head\"\r\n
        \       }\r\n      }\r\n    ],\"frontendEndpoints\":[\r\n      {\r\n        \"id\":\"/subscriptions/00000000-0000-0000-0000-000000000000/resourcegroups/clitest.rg000001/providers/Microsoft.Network/Frontdoors/clifrontdoor000002/FrontendEndpoints/DefaultFrontendEndpoint\",\"name\":\"DefaultFrontendEndpoint\",\"type\":\"Microsoft.Network/Frontdoors/FrontendEndpoints\",\"properties\":{\r\n
        \         \"hostName\":\"clifrontdoor000002.azurefd.net\",\"sessionAffinityEnabledState\":\"Disabled\",\"sessionAffinityTtlSeconds\":0,\"webApplicationFirewallPolicyLink\":null,\"customHttpsProvisioningState\":null,\"customHttpsProvisioningSubstate\":null,\"customHttpsConfiguration\":null,\"resourceState\":\"Creating\"\r\n
        \       }\r\n      }\r\n    ],\"loadBalancingSettings\":[\r\n      {\r\n        \"id\":\"/subscriptions/00000000-0000-0000-0000-000000000000/resourcegroups/clitest.rg000001/providers/Microsoft.Network/Frontdoors/clifrontdoor000002/LoadBalancingSettings/DefaultLoadBalancingSettings\",\"name\":\"DefaultLoadBalancingSettings\",\"type\":\"Microsoft.Network/Frontdoors/LoadBalancingSettings\",\"properties\":{\r\n
        \         \"additionalLatencyMilliseconds\":0,\"sampleSize\":4,\"successfulSamplesRequired\":2,\"resourceState\":\"Creating\"\r\n
        \       }\r\n      }\r\n    ],\"rulesEngines\":[\r\n      \r\n    ],\"routingRules\":[\r\n
        \     {\r\n        \"id\":\"/subscriptions/00000000-0000-0000-0000-000000000000/resourcegroups/clitest.rg000001/providers/Microsoft.Network/Frontdoors/clifrontdoor000002/RoutingRules/DefaultRoutingRule\",\"name\":\"DefaultRoutingRule\",\"type\":\"Microsoft.Network/Frontdoors/RoutingRules\",\"properties\":{\r\n
        \         \"frontendEndpoints\":[\r\n            {\r\n              \"id\":\"/subscriptions/00000000-0000-0000-0000-000000000000/resourceGroups/clitest.rg000001/providers/Microsoft.Network/frontdoors/clifrontdoor000002/frontendEndpoints/DefaultFrontendEndpoint\"\r\n
        \           }\r\n          ],\"acceptedProtocols\":[\r\n            \"Http\"\r\n
        \         ],\"patternsToMatch\":[\r\n            \"/*\"\r\n          ],\"enabledState\":\"Enabled\",\"resourceState\":\"Creating\",\"routeConfiguration\":{\r\n
        \           \"@odata.type\":\"#Microsoft.Azure.FrontDoor.Models.FrontdoorForwardingConfiguration\",\"customForwardingPath\":null,\"forwardingProtocol\":\"MatchRequest\",\"cacheConfiguration\":null,\"backendPool\":{\r\n
        \             \"id\":\"/subscriptions/00000000-0000-0000-0000-000000000000/resourceGroups/clitest.rg000001/providers/Microsoft.Network/frontdoors/clifrontdoor000002/backendPools/DefaultBackendPool\"\r\n
        \           }\r\n          },\"rulesEngine\":null,\"webApplicationFirewallPolicyLink\":null\r\n
        \       }\r\n      }\r\n    ],\"backendPoolsSettings\":{\r\n      \"enforceCertificateNameCheck\":\"Enabled\",\"sendRecvTimeoutSeconds\":30\r\n
        \   },\"enabledState\":\"Enabled\",\"cName\":\"clifrontdoor000002.azurefd.net\",\"frontdoorId\":\"a74c1e68-c505-4bd3-a191-a0d92b9aacc2\",\"friendlyName\":\"clifrontdoor000002\"\r\n
        \ }\r\n}"
    headers:
      azure-asyncoperation:
      - https://management.azure.com/subscriptions/00000000-0000-0000-0000-000000000000/resourcegroups/clitest.rg000001/providers/Microsoft.Network/frontdooroperationresults/c9d45a6f-24a7-4cb2-bca3-1c45e3a55aee?api-version=2020-05-01
      cache-control:
      - no-cache
      content-length:
      - '5429'
      content-type:
      - application/json; odata.metadata=minimal
      date:
      - Fri, 16 Oct 2020 02:16:25 GMT
      expires:
      - '-1'
      odata-version:
      - '4.0'
      pragma:
      - no-cache
      server:
      - Microsoft-IIS/8.5
      strict-transport-security:
      - max-age=31536000; includeSubDomains
      x-aspnet-version:
      - 4.0.30319
      x-content-type-options:
      - nosniff
      x-ms-ratelimit-remaining-subscription-writes:
      - '1199'
      x-powered-by:
      - ASP.NET
    status:
      code: 201
      message: Created
- request:
    body: null
    headers:
      Accept:
      - application/json
      Accept-Encoding:
      - gzip, deflate
      CommandName:
      - network front-door create
      Connection:
      - keep-alive
      ParameterSetName:
      - -g -n --backend-address
      User-Agent:
      - python/3.8.6 (Windows-10-10.0.19041-SP0) msrest/0.6.18 msrest_azure/0.6.3
        azure-mgmt-frontdoor/0.3.0 Azure-SDK-For-Python AZURECLI/2.13.0
    method: GET
    uri: https://management.azure.com/subscriptions/00000000-0000-0000-0000-000000000000/resourcegroups/clitest.rg000001/providers/Microsoft.Network/frontdooroperationresults/c9d45a6f-24a7-4cb2-bca3-1c45e3a55aee?api-version=2020-05-01
  response:
    body:
      string: "{\r\n  \"status\":\"InProgress\",\"error\":{\r\n    \"code\":\"None\",\"message\":null\r\n
        \ }\r\n}"
    headers:
      cache-control:
      - no-cache
      content-length:
      - '78'
      content-type:
      - application/json; odata.metadata=minimal
      date:
      - Fri, 16 Oct 2020 02:16:37 GMT
      expires:
      - '-1'
      odata-version:
      - '4.0'
      pragma:
      - no-cache
      server:
      - Microsoft-IIS/8.5
      strict-transport-security:
      - max-age=31536000; includeSubDomains
      transfer-encoding:
      - chunked
      vary:
      - Accept-Encoding
      x-aspnet-version:
      - 4.0.30319
      x-content-type-options:
      - nosniff
      x-powered-by:
      - ASP.NET
    status:
      code: 200
      message: OK
- request:
    body: null
    headers:
      Accept:
      - application/json
      Accept-Encoding:
      - gzip, deflate
      CommandName:
      - network front-door create
      Connection:
      - keep-alive
      ParameterSetName:
      - -g -n --backend-address
      User-Agent:
      - python/3.8.6 (Windows-10-10.0.19041-SP0) msrest/0.6.18 msrest_azure/0.6.3
        azure-mgmt-frontdoor/0.3.0 Azure-SDK-For-Python AZURECLI/2.13.0
    method: GET
    uri: https://management.azure.com/subscriptions/00000000-0000-0000-0000-000000000000/resourcegroups/clitest.rg000001/providers/Microsoft.Network/frontdooroperationresults/c9d45a6f-24a7-4cb2-bca3-1c45e3a55aee?api-version=2020-05-01
  response:
    body:
      string: "{\r\n  \"status\":\"Succeeded\",\"error\":{\r\n    \"code\":\"None\",\"message\":null\r\n
        \ }\r\n}"
    headers:
      cache-control:
      - no-cache
      content-length:
      - '77'
      content-type:
      - application/json; odata.metadata=minimal
      date:
      - Fri, 16 Oct 2020 02:17:08 GMT
      expires:
      - '-1'
      odata-version:
      - '4.0'
      pragma:
      - no-cache
      server:
      - Microsoft-IIS/8.5
      strict-transport-security:
      - max-age=31536000; includeSubDomains
      transfer-encoding:
      - chunked
      vary:
      - Accept-Encoding
      x-aspnet-version:
      - 4.0.30319
      x-content-type-options:
      - nosniff
      x-powered-by:
      - ASP.NET
    status:
      code: 200
      message: OK
- request:
    body: null
    headers:
      Accept:
      - application/json
      Accept-Encoding:
      - gzip, deflate
      CommandName:
      - network front-door create
      Connection:
      - keep-alive
      ParameterSetName:
      - -g -n --backend-address
      User-Agent:
      - python/3.8.6 (Windows-10-10.0.19041-SP0) msrest/0.6.18 msrest_azure/0.6.3
        azure-mgmt-frontdoor/0.3.0 Azure-SDK-For-Python AZURECLI/2.13.0
    method: GET
    uri: https://management.azure.com/subscriptions/00000000-0000-0000-0000-000000000000/resourceGroups/clitest.rg000001/providers/Microsoft.Network/frontDoors/clifrontdoor000002?api-version=2020-05-01
  response:
    body:
      string: "{\r\n  \"name\":\"clifrontdoor000002\",\"id\":\"/subscriptions/00000000-0000-0000-0000-000000000000/resourcegroups/clitest.rg000001/providers/Microsoft.Network/frontdoors/clifrontdoor000002\",\"type\":\"Microsoft.Network/frontdoors\",\"tags\":{\r\n
        \   \r\n  },\"location\":\"Global\",\"properties\":{\r\n    \"provisioningState\":\"Succeeded\",\"resourceState\":\"Enabled\",\"backendPools\":[\r\n
        \     {\r\n        \"id\":\"/subscriptions/00000000-0000-0000-0000-000000000000/resourcegroups/clitest.rg000001/providers/Microsoft.Network/Frontdoors/clifrontdoor000002/BackendPools/DefaultBackendPool\",\"name\":\"DefaultBackendPool\",\"type\":\"Microsoft.Network/Frontdoors/BackendPools\",\"properties\":{\r\n
        \         \"backends\":[\r\n            {\r\n              \"address\":\"202.120.2.3\",\"httpPort\":80,\"httpsPort\":443,\"priority\":1,\"weight\":50,\"backendHostHeader\":\"202.120.2.3\",\"enabledState\":\"Enabled\",\"privateLinkAlias\":null,\"privateEndpointStatus\":null,\"privateLinkApprovalMessage\":null,\"privateLinkResourceId\":null,\"privateLinkLocation\":null\r\n
        \           }\r\n          ],\"healthProbeSettings\":{\r\n            \"id\":\"/subscriptions/00000000-0000-0000-0000-000000000000/resourceGroups/clitest.rg000001/providers/Microsoft.Network/frontdoors/clifrontdoor000002/healthProbeSettings/DefaultProbeSettings\"\r\n
        \         },\"loadBalancingSettings\":{\r\n            \"id\":\"/subscriptions/00000000-0000-0000-0000-000000000000/resourceGroups/clitest.rg000001/providers/Microsoft.Network/frontdoors/clifrontdoor000002/loadBalancingSettings/DefaultLoadBalancingSettings\"\r\n
        \         },\"resourceState\":\"Enabled\"\r\n        }\r\n      }\r\n    ],\"healthProbeSettings\":[\r\n
        \     {\r\n        \"id\":\"/subscriptions/00000000-0000-0000-0000-000000000000/resourcegroups/clitest.rg000001/providers/Microsoft.Network/Frontdoors/clifrontdoor000002/HealthProbeSettings/DefaultProbeSettings\",\"name\":\"DefaultProbeSettings\",\"type\":\"Microsoft.Network/Frontdoors/HealthProbeSettings\",\"properties\":{\r\n
        \         \"intervalInSeconds\":30,\"path\":\"/\",\"protocol\":\"Https\",\"resourceState\":\"Enabled\",\"enabledState\":\"Enabled\",\"healthProbeMethod\":\"Head\"\r\n
        \       }\r\n      }\r\n    ],\"frontendEndpoints\":[\r\n      {\r\n        \"id\":\"/subscriptions/00000000-0000-0000-0000-000000000000/resourcegroups/clitest.rg000001/providers/Microsoft.Network/Frontdoors/clifrontdoor000002/FrontendEndpoints/DefaultFrontendEndpoint\",\"name\":\"DefaultFrontendEndpoint\",\"type\":\"Microsoft.Network/Frontdoors/FrontendEndpoints\",\"properties\":{\r\n
        \         \"hostName\":\"clifrontdoor000002.azurefd.net\",\"sessionAffinityEnabledState\":\"Disabled\",\"sessionAffinityTtlSeconds\":0,\"webApplicationFirewallPolicyLink\":null,\"customHttpsProvisioningState\":null,\"customHttpsProvisioningSubstate\":null,\"customHttpsConfiguration\":null,\"resourceState\":\"Enabled\"\r\n
        \       }\r\n      }\r\n    ],\"loadBalancingSettings\":[\r\n      {\r\n        \"id\":\"/subscriptions/00000000-0000-0000-0000-000000000000/resourcegroups/clitest.rg000001/providers/Microsoft.Network/Frontdoors/clifrontdoor000002/LoadBalancingSettings/DefaultLoadBalancingSettings\",\"name\":\"DefaultLoadBalancingSettings\",\"type\":\"Microsoft.Network/Frontdoors/LoadBalancingSettings\",\"properties\":{\r\n
        \         \"additionalLatencyMilliseconds\":0,\"sampleSize\":4,\"successfulSamplesRequired\":2,\"resourceState\":\"Enabled\"\r\n
        \       }\r\n      }\r\n    ],\"rulesEngines\":[\r\n      \r\n    ],\"routingRules\":[\r\n
        \     {\r\n        \"id\":\"/subscriptions/00000000-0000-0000-0000-000000000000/resourcegroups/clitest.rg000001/providers/Microsoft.Network/Frontdoors/clifrontdoor000002/RoutingRules/DefaultRoutingRule\",\"name\":\"DefaultRoutingRule\",\"type\":\"Microsoft.Network/Frontdoors/RoutingRules\",\"properties\":{\r\n
        \         \"frontendEndpoints\":[\r\n            {\r\n              \"id\":\"/subscriptions/00000000-0000-0000-0000-000000000000/resourceGroups/clitest.rg000001/providers/Microsoft.Network/frontdoors/clifrontdoor000002/frontendEndpoints/DefaultFrontendEndpoint\"\r\n
        \           }\r\n          ],\"acceptedProtocols\":[\r\n            \"Http\"\r\n
        \         ],\"patternsToMatch\":[\r\n            \"/*\"\r\n          ],\"enabledState\":\"Enabled\",\"resourceState\":\"Enabled\",\"routeConfiguration\":{\r\n
        \           \"@odata.type\":\"#Microsoft.Azure.FrontDoor.Models.FrontdoorForwardingConfiguration\",\"customForwardingPath\":null,\"forwardingProtocol\":\"MatchRequest\",\"cacheConfiguration\":null,\"backendPool\":{\r\n
        \             \"id\":\"/subscriptions/00000000-0000-0000-0000-000000000000/resourceGroups/clitest.rg000001/providers/Microsoft.Network/frontdoors/clifrontdoor000002/backendPools/DefaultBackendPool\"\r\n
        \           }\r\n          },\"rulesEngine\":null,\"webApplicationFirewallPolicyLink\":null\r\n
        \       }\r\n      }\r\n    ],\"backendPoolsSettings\":{\r\n      \"enforceCertificateNameCheck\":\"Enabled\",\"sendRecvTimeoutSeconds\":30\r\n
        \   },\"enabledState\":\"Enabled\",\"cName\":\"clifrontdoor000002.azurefd.net\",\"frontdoorId\":\"a74c1e68-c505-4bd3-a191-a0d92b9aacc2\",\"friendlyName\":\"clifrontdoor000002\"\r\n
        \ }\r\n}"
    headers:
      cache-control:
      - no-cache
      content-length:
      - '5424'
      content-type:
      - application/json; odata.metadata=minimal
      date:
      - Fri, 16 Oct 2020 02:17:10 GMT
      expires:
      - '-1'
      odata-version:
      - '4.0'
      pragma:
      - no-cache
      server:
      - Microsoft-IIS/8.5
      strict-transport-security:
      - max-age=31536000; includeSubDomains
      transfer-encoding:
      - chunked
      vary:
      - Accept-Encoding
      x-aspnet-version:
      - 4.0.30319
      x-content-type-options:
      - nosniff
      x-powered-by:
      - ASP.NET
    status:
      code: 200
      message: OK
- request:
    body: null
    headers:
      Accept:
      - application/json
      Accept-Encoding:
      - gzip, deflate
      CommandName:
      - network front-door probe create
      Connection:
      - keep-alive
      ParameterSetName:
      - -f -g -n --interval --path --enabled --probeMethod --protocol
      User-Agent:
      - python/3.8.6 (Windows-10-10.0.19041-SP0) msrest/0.6.18 msrest_azure/0.6.3
        azure-mgmt-frontdoor/0.3.0 Azure-SDK-For-Python AZURECLI/2.13.0
      accept-language:
      - en-US
    method: GET
    uri: https://management.azure.com/subscriptions/00000000-0000-0000-0000-000000000000/resourceGroups/clitest.rg000001/providers/Microsoft.Network/frontDoors/clifrontdoor000002?api-version=2020-05-01
  response:
    body:
      string: "{\r\n  \"name\":\"clifrontdoor000002\",\"id\":\"/subscriptions/00000000-0000-0000-0000-000000000000/resourcegroups/clitest.rg000001/providers/Microsoft.Network/frontdoors/clifrontdoor000002\",\"type\":\"Microsoft.Network/frontdoors\",\"tags\":{\r\n
        \   \r\n  },\"location\":\"Global\",\"properties\":{\r\n    \"provisioningState\":\"Succeeded\",\"resourceState\":\"Enabled\",\"backendPools\":[\r\n
        \     {\r\n        \"id\":\"/subscriptions/00000000-0000-0000-0000-000000000000/resourcegroups/clitest.rg000001/providers/Microsoft.Network/Frontdoors/clifrontdoor000002/BackendPools/DefaultBackendPool\",\"name\":\"DefaultBackendPool\",\"type\":\"Microsoft.Network/Frontdoors/BackendPools\",\"properties\":{\r\n
        \         \"backends\":[\r\n            {\r\n              \"address\":\"202.120.2.3\",\"httpPort\":80,\"httpsPort\":443,\"priority\":1,\"weight\":50,\"backendHostHeader\":\"202.120.2.3\",\"enabledState\":\"Enabled\",\"privateLinkAlias\":null,\"privateEndpointStatus\":null,\"privateLinkApprovalMessage\":null,\"privateLinkResourceId\":null,\"privateLinkLocation\":null\r\n
        \           }\r\n          ],\"healthProbeSettings\":{\r\n            \"id\":\"/subscriptions/00000000-0000-0000-0000-000000000000/resourceGroups/clitest.rg000001/providers/Microsoft.Network/frontdoors/clifrontdoor000002/healthProbeSettings/DefaultProbeSettings\"\r\n
        \         },\"loadBalancingSettings\":{\r\n            \"id\":\"/subscriptions/00000000-0000-0000-0000-000000000000/resourceGroups/clitest.rg000001/providers/Microsoft.Network/frontdoors/clifrontdoor000002/loadBalancingSettings/DefaultLoadBalancingSettings\"\r\n
        \         },\"resourceState\":\"Enabled\"\r\n        }\r\n      }\r\n    ],\"healthProbeSettings\":[\r\n
        \     {\r\n        \"id\":\"/subscriptions/00000000-0000-0000-0000-000000000000/resourcegroups/clitest.rg000001/providers/Microsoft.Network/Frontdoors/clifrontdoor000002/HealthProbeSettings/DefaultProbeSettings\",\"name\":\"DefaultProbeSettings\",\"type\":\"Microsoft.Network/Frontdoors/HealthProbeSettings\",\"properties\":{\r\n
        \         \"intervalInSeconds\":30,\"path\":\"/\",\"protocol\":\"Https\",\"resourceState\":\"Enabled\",\"enabledState\":\"Enabled\",\"healthProbeMethod\":\"Head\"\r\n
        \       }\r\n      }\r\n    ],\"frontendEndpoints\":[\r\n      {\r\n        \"id\":\"/subscriptions/00000000-0000-0000-0000-000000000000/resourcegroups/clitest.rg000001/providers/Microsoft.Network/Frontdoors/clifrontdoor000002/FrontendEndpoints/DefaultFrontendEndpoint\",\"name\":\"DefaultFrontendEndpoint\",\"type\":\"Microsoft.Network/Frontdoors/FrontendEndpoints\",\"properties\":{\r\n
        \         \"hostName\":\"clifrontdoor000002.azurefd.net\",\"sessionAffinityEnabledState\":\"Disabled\",\"sessionAffinityTtlSeconds\":0,\"webApplicationFirewallPolicyLink\":null,\"customHttpsProvisioningState\":null,\"customHttpsProvisioningSubstate\":null,\"customHttpsConfiguration\":null,\"resourceState\":\"Enabled\"\r\n
        \       }\r\n      }\r\n    ],\"loadBalancingSettings\":[\r\n      {\r\n        \"id\":\"/subscriptions/00000000-0000-0000-0000-000000000000/resourcegroups/clitest.rg000001/providers/Microsoft.Network/Frontdoors/clifrontdoor000002/LoadBalancingSettings/DefaultLoadBalancingSettings\",\"name\":\"DefaultLoadBalancingSettings\",\"type\":\"Microsoft.Network/Frontdoors/LoadBalancingSettings\",\"properties\":{\r\n
        \         \"additionalLatencyMilliseconds\":0,\"sampleSize\":4,\"successfulSamplesRequired\":2,\"resourceState\":\"Enabled\"\r\n
        \       }\r\n      }\r\n    ],\"rulesEngines\":[\r\n      \r\n    ],\"routingRules\":[\r\n
        \     {\r\n        \"id\":\"/subscriptions/00000000-0000-0000-0000-000000000000/resourcegroups/clitest.rg000001/providers/Microsoft.Network/Frontdoors/clifrontdoor000002/RoutingRules/DefaultRoutingRule\",\"name\":\"DefaultRoutingRule\",\"type\":\"Microsoft.Network/Frontdoors/RoutingRules\",\"properties\":{\r\n
        \         \"frontendEndpoints\":[\r\n            {\r\n              \"id\":\"/subscriptions/00000000-0000-0000-0000-000000000000/resourceGroups/clitest.rg000001/providers/Microsoft.Network/frontdoors/clifrontdoor000002/frontendEndpoints/DefaultFrontendEndpoint\"\r\n
        \           }\r\n          ],\"acceptedProtocols\":[\r\n            \"Http\"\r\n
        \         ],\"patternsToMatch\":[\r\n            \"/*\"\r\n          ],\"enabledState\":\"Enabled\",\"resourceState\":\"Enabled\",\"routeConfiguration\":{\r\n
        \           \"@odata.type\":\"#Microsoft.Azure.FrontDoor.Models.FrontdoorForwardingConfiguration\",\"customForwardingPath\":null,\"forwardingProtocol\":\"MatchRequest\",\"cacheConfiguration\":null,\"backendPool\":{\r\n
        \             \"id\":\"/subscriptions/00000000-0000-0000-0000-000000000000/resourceGroups/clitest.rg000001/providers/Microsoft.Network/frontdoors/clifrontdoor000002/backendPools/DefaultBackendPool\"\r\n
        \           }\r\n          },\"rulesEngine\":null,\"webApplicationFirewallPolicyLink\":null\r\n
        \       }\r\n      }\r\n    ],\"backendPoolsSettings\":{\r\n      \"enforceCertificateNameCheck\":\"Enabled\",\"sendRecvTimeoutSeconds\":30\r\n
        \   },\"enabledState\":\"Enabled\",\"cName\":\"clifrontdoor000002.azurefd.net\",\"frontdoorId\":\"a74c1e68-c505-4bd3-a191-a0d92b9aacc2\",\"friendlyName\":\"clifrontdoor000002\"\r\n
        \ }\r\n}"
    headers:
      cache-control:
      - no-cache
      content-length:
      - '5424'
      content-type:
      - application/json; odata.metadata=minimal
      date:
      - Fri, 16 Oct 2020 02:17:11 GMT
      expires:
      - '-1'
      odata-version:
      - '4.0'
      pragma:
      - no-cache
      server:
      - Microsoft-IIS/8.5
      strict-transport-security:
      - max-age=31536000; includeSubDomains
      transfer-encoding:
      - chunked
      vary:
      - Accept-Encoding
      x-aspnet-version:
      - 4.0.30319
      x-content-type-options:
      - nosniff
      x-powered-by:
      - ASP.NET
    status:
      code: 200
      message: OK
- request:
    body: '{"location": "Global", "tags": {}, "properties": {"friendlyName": "clifrontdoor000002",
      "routingRules": [{"id": "/subscriptions/00000000-0000-0000-0000-000000000000/resourcegroups/clitest.rg000001/providers/Microsoft.Network/Frontdoors/clifrontdoor000002/RoutingRules/DefaultRoutingRule",
      "properties": {"frontendEndpoints": [{"id": "/subscriptions/00000000-0000-0000-0000-000000000000/resourceGroups/clitest.rg000001/providers/Microsoft.Network/frontdoors/clifrontdoor000002/frontendEndpoints/DefaultFrontendEndpoint"}],
      "acceptedProtocols": ["Http"], "patternsToMatch": ["/*"], "enabledState": "Enabled",
      "routeConfiguration": {"@odata.type": "#Microsoft.Azure.FrontDoor.Models.FrontdoorForwardingConfiguration",
      "forwardingProtocol": "MatchRequest", "backendPool": {"id": "/subscriptions/00000000-0000-0000-0000-000000000000/resourceGroups/clitest.rg000001/providers/Microsoft.Network/frontdoors/clifrontdoor000002/backendPools/DefaultBackendPool"}},
      "resourceState": "Enabled"}, "name": "DefaultRoutingRule"}], "loadBalancingSettings":
      [{"id": "/subscriptions/00000000-0000-0000-0000-000000000000/resourcegroups/clitest.rg000001/providers/Microsoft.Network/Frontdoors/clifrontdoor000002/LoadBalancingSettings/DefaultLoadBalancingSettings",
      "properties": {"sampleSize": 4, "successfulSamplesRequired": 2, "additionalLatencyMilliseconds":
      0, "resourceState": "Enabled"}, "name": "DefaultLoadBalancingSettings"}], "healthProbeSettings":
      [{"id": "/subscriptions/00000000-0000-0000-0000-000000000000/resourcegroups/clitest.rg000001/providers/Microsoft.Network/Frontdoors/clifrontdoor000002/HealthProbeSettings/DefaultProbeSettings",
      "properties": {"path": "/", "protocol": "Https", "intervalInSeconds": 30, "healthProbeMethod":
      "Head", "enabledState": "Enabled", "resourceState": "Enabled"}, "name": "DefaultProbeSettings"},
      {"properties": {"path": "/abc", "protocol": "Http", "intervalInSeconds": 100,
      "healthProbeMethod": "GET", "enabledState": "Disabled"}, "name": "pb1"}], "backendPools":
      [{"id": "/subscriptions/00000000-0000-0000-0000-000000000000/resourcegroups/clitest.rg000001/providers/Microsoft.Network/Frontdoors/clifrontdoor000002/BackendPools/DefaultBackendPool",
      "properties": {"backends": [{"address": "202.120.2.3", "httpPort": 80, "httpsPort":
      443, "enabledState": "Enabled", "priority": 1, "weight": 50, "backendHostHeader":
      "202.120.2.3"}], "loadBalancingSettings": {"id": "/subscriptions/00000000-0000-0000-0000-000000000000/resourceGroups/clitest.rg000001/providers/Microsoft.Network/frontdoors/clifrontdoor000002/loadBalancingSettings/DefaultLoadBalancingSettings"},
      "healthProbeSettings": {"id": "/subscriptions/00000000-0000-0000-0000-000000000000/resourceGroups/clitest.rg000001/providers/Microsoft.Network/frontdoors/clifrontdoor000002/healthProbeSettings/DefaultProbeSettings"},
      "resourceState": "Enabled"}, "name": "DefaultBackendPool"}], "frontendEndpoints":
      [{"id": "/subscriptions/00000000-0000-0000-0000-000000000000/resourcegroups/clitest.rg000001/providers/Microsoft.Network/Frontdoors/clifrontdoor000002/FrontendEndpoints/DefaultFrontendEndpoint",
      "properties": {"hostName": "clifrontdoor000002.azurefd.net", "sessionAffinityEnabledState":
      "Disabled", "sessionAffinityTtlSeconds": 0, "resourceState": "Enabled"}, "name":
      "DefaultFrontendEndpoint"}], "backendPoolsSettings": {"enforceCertificateNameCheck":
      "Enabled", "sendRecvTimeoutSeconds": 30}, "enabledState": "Enabled", "resourceState":
      "Enabled"}}'
    headers:
      Accept:
      - application/json
      Accept-Encoding:
      - gzip, deflate
      CommandName:
      - network front-door probe create
      Connection:
      - keep-alive
      Content-Length:
      - '3991'
      Content-Type:
      - application/json; charset=utf-8
      ParameterSetName:
      - -f -g -n --interval --path --enabled --probeMethod --protocol
      User-Agent:
      - python/3.8.6 (Windows-10-10.0.19041-SP0) msrest/0.6.18 msrest_azure/0.6.3
        azure-mgmt-frontdoor/0.3.0 Azure-SDK-For-Python AZURECLI/2.13.0
      accept-language:
      - en-US
    method: PUT
    uri: https://management.azure.com/subscriptions/00000000-0000-0000-0000-000000000000/resourceGroups/clitest.rg000001/providers/Microsoft.Network/frontDoors/clifrontdoor000002?api-version=2020-05-01
  response:
    body:
      string: "{\r\n  \"name\":\"clifrontdoor000002\",\"id\":\"/subscriptions/00000000-0000-0000-0000-000000000000/resourcegroups/clitest.rg000001/providers/Microsoft.Network/frontdoors/clifrontdoor000002\",\"type\":\"Microsoft.Network/frontdoors\",\"tags\":{\r\n
        \   \r\n  },\"location\":\"Global\",\"properties\":{\r\n    \"provisioningState\":\"Succeeded\",\"resourceState\":\"Enabled\",\"backendPools\":[\r\n
        \     {\r\n        \"id\":\"/subscriptions/00000000-0000-0000-0000-000000000000/resourcegroups/clitest.rg000001/providers/Microsoft.Network/Frontdoors/clifrontdoor000002/BackendPools/DefaultBackendPool\",\"name\":\"DefaultBackendPool\",\"type\":\"Microsoft.Network/Frontdoors/BackendPools\",\"properties\":{\r\n
        \         \"backends\":[\r\n            {\r\n              \"address\":\"202.120.2.3\",\"httpPort\":80,\"httpsPort\":443,\"priority\":1,\"weight\":50,\"backendHostHeader\":\"202.120.2.3\",\"enabledState\":\"Enabled\",\"privateLinkAlias\":null,\"privateEndpointStatus\":null,\"privateLinkApprovalMessage\":null,\"privateLinkResourceId\":null,\"privateLinkLocation\":null\r\n
        \           }\r\n          ],\"healthProbeSettings\":{\r\n            \"id\":\"/subscriptions/00000000-0000-0000-0000-000000000000/resourceGroups/clitest.rg000001/providers/Microsoft.Network/frontdoors/clifrontdoor000002/healthProbeSettings/DefaultProbeSettings\"\r\n
        \         },\"loadBalancingSettings\":{\r\n            \"id\":\"/subscriptions/00000000-0000-0000-0000-000000000000/resourceGroups/clitest.rg000001/providers/Microsoft.Network/frontdoors/clifrontdoor000002/loadBalancingSettings/DefaultLoadBalancingSettings\"\r\n
        \         },\"resourceState\":\"Enabled\"\r\n        }\r\n      }\r\n    ],\"healthProbeSettings\":[\r\n
        \     {\r\n        \"id\":\"/subscriptions/00000000-0000-0000-0000-000000000000/resourcegroups/clitest.rg000001/providers/Microsoft.Network/Frontdoors/clifrontdoor000002/HealthProbeSettings/DefaultProbeSettings\",\"name\":\"DefaultProbeSettings\",\"type\":\"Microsoft.Network/Frontdoors/HealthProbeSettings\",\"properties\":{\r\n
        \         \"intervalInSeconds\":30,\"path\":\"/\",\"protocol\":\"Https\",\"resourceState\":\"Enabled\",\"enabledState\":\"Enabled\",\"healthProbeMethod\":\"Head\"\r\n
        \       }\r\n      },{\r\n        \"id\":\"/subscriptions/00000000-0000-0000-0000-000000000000/resourcegroups/clitest.rg000001/providers/Microsoft.Network/Frontdoors/clifrontdoor000002/HealthProbeSettings/pb1\",\"name\":\"pb1\",\"type\":\"Microsoft.Network/Frontdoors/HealthProbeSettings\",\"properties\":{\r\n
        \         \"intervalInSeconds\":100,\"path\":\"/abc\",\"protocol\":\"Http\",\"resourceState\":\"Enabled\",\"enabledState\":\"Disabled\",\"healthProbeMethod\":\"Get\"\r\n
        \       }\r\n      }\r\n    ],\"frontendEndpoints\":[\r\n      {\r\n        \"id\":\"/subscriptions/00000000-0000-0000-0000-000000000000/resourcegroups/clitest.rg000001/providers/Microsoft.Network/Frontdoors/clifrontdoor000002/FrontendEndpoints/DefaultFrontendEndpoint\",\"name\":\"DefaultFrontendEndpoint\",\"type\":\"Microsoft.Network/Frontdoors/FrontendEndpoints\",\"properties\":{\r\n
        \         \"hostName\":\"clifrontdoor000002.azurefd.net\",\"sessionAffinityEnabledState\":\"Disabled\",\"sessionAffinityTtlSeconds\":0,\"webApplicationFirewallPolicyLink\":null,\"customHttpsProvisioningState\":null,\"customHttpsProvisioningSubstate\":null,\"customHttpsConfiguration\":null,\"resourceState\":\"Enabled\"\r\n
        \       }\r\n      }\r\n    ],\"loadBalancingSettings\":[\r\n      {\r\n        \"id\":\"/subscriptions/00000000-0000-0000-0000-000000000000/resourcegroups/clitest.rg000001/providers/Microsoft.Network/Frontdoors/clifrontdoor000002/LoadBalancingSettings/DefaultLoadBalancingSettings\",\"name\":\"DefaultLoadBalancingSettings\",\"type\":\"Microsoft.Network/Frontdoors/LoadBalancingSettings\",\"properties\":{\r\n
        \         \"additionalLatencyMilliseconds\":0,\"sampleSize\":4,\"successfulSamplesRequired\":2,\"resourceState\":\"Enabled\"\r\n
        \       }\r\n      }\r\n    ],\"rulesEngines\":[\r\n      \r\n    ],\"routingRules\":[\r\n
        \     {\r\n        \"id\":\"/subscriptions/00000000-0000-0000-0000-000000000000/resourcegroups/clitest.rg000001/providers/Microsoft.Network/Frontdoors/clifrontdoor000002/RoutingRules/DefaultRoutingRule\",\"name\":\"DefaultRoutingRule\",\"type\":\"Microsoft.Network/Frontdoors/RoutingRules\",\"properties\":{\r\n
        \         \"frontendEndpoints\":[\r\n            {\r\n              \"id\":\"/subscriptions/00000000-0000-0000-0000-000000000000/resourceGroups/clitest.rg000001/providers/Microsoft.Network/frontdoors/clifrontdoor000002/frontendEndpoints/DefaultFrontendEndpoint\"\r\n
        \           }\r\n          ],\"acceptedProtocols\":[\r\n            \"Http\"\r\n
        \         ],\"patternsToMatch\":[\r\n            \"/*\"\r\n          ],\"enabledState\":\"Enabled\",\"resourceState\":\"Enabled\",\"routeConfiguration\":{\r\n
        \           \"@odata.type\":\"#Microsoft.Azure.FrontDoor.Models.FrontdoorForwardingConfiguration\",\"customForwardingPath\":null,\"forwardingProtocol\":\"MatchRequest\",\"cacheConfiguration\":null,\"backendPool\":{\r\n
        \             \"id\":\"/subscriptions/00000000-0000-0000-0000-000000000000/resourceGroups/clitest.rg000001/providers/Microsoft.Network/frontdoors/clifrontdoor000002/backendPools/DefaultBackendPool\"\r\n
        \           }\r\n          },\"rulesEngine\":null,\"webApplicationFirewallPolicyLink\":null\r\n
        \       }\r\n      }\r\n    ],\"backendPoolsSettings\":{\r\n      \"enforceCertificateNameCheck\":\"Enabled\",\"sendRecvTimeoutSeconds\":30\r\n
        \   },\"enabledState\":\"Enabled\",\"cName\":\"clifrontdoor000002.azurefd.net\",\"frontdoorId\":\"a74c1e68-c505-4bd3-a191-a0d92b9aacc2\",\"friendlyName\":\"clifrontdoor000002\"\r\n
        \ }\r\n}"
    headers:
      azure-asyncoperation:
      - https://management.azure.com/subscriptions/00000000-0000-0000-0000-000000000000/resourcegroups/clitest.rg000001/providers/Microsoft.Network/frontdooroperationresults/869c6710-d9f2-4528-991a-e3c69df2498b?api-version=2020-05-01
      cache-control:
      - no-cache
      content-length:
      - '5920'
      content-type:
      - application/json; odata.metadata=minimal
      date:
      - Fri, 16 Oct 2020 02:17:14 GMT
      expires:
      - '-1'
      location:
      - https://management.azure.com/subscriptions/00000000-0000-0000-0000-000000000000/resourcegroups/clitest.rg000001/providers/Microsoft.Network/frontdooroperationresults/869c6710-d9f2-4528-991a-e3c69df2498b/frontdoorresults/clifrontdoor000002?api-version=2020-05-01
      odata-version:
      - '4.0'
      pragma:
      - no-cache
      server:
      - Microsoft-IIS/8.5
      strict-transport-security:
      - max-age=31536000; includeSubDomains
      x-aspnet-version:
      - 4.0.30319
      x-content-type-options:
      - nosniff
      x-ms-ratelimit-remaining-subscription-writes:
      - '1199'
      x-powered-by:
      - ASP.NET
    status:
      code: 202
      message: Accepted
- request:
    body: null
    headers:
      Accept:
      - application/json
      Accept-Encoding:
      - gzip, deflate
      CommandName:
      - network front-door probe create
      Connection:
      - keep-alive
      ParameterSetName:
      - -f -g -n --interval --path --enabled --probeMethod --protocol
      User-Agent:
      - python/3.8.6 (Windows-10-10.0.19041-SP0) msrest/0.6.18 msrest_azure/0.6.3
        azure-mgmt-frontdoor/0.3.0 Azure-SDK-For-Python AZURECLI/2.13.0
    method: GET
    uri: https://management.azure.com/subscriptions/00000000-0000-0000-0000-000000000000/resourcegroups/clitest.rg000001/providers/Microsoft.Network/frontdooroperationresults/869c6710-d9f2-4528-991a-e3c69df2498b?api-version=2020-05-01
  response:
    body:
      string: "{\r\n  \"status\":\"Succeeded\",\"error\":{\r\n    \"code\":\"None\",\"message\":null\r\n
        \ }\r\n}"
    headers:
      cache-control:
      - no-cache
      content-length:
      - '77'
      content-type:
      - application/json; odata.metadata=minimal
      date:
      - Fri, 16 Oct 2020 02:17:26 GMT
      expires:
      - '-1'
      odata-version:
      - '4.0'
      pragma:
      - no-cache
      server:
      - Microsoft-IIS/8.5
      strict-transport-security:
      - max-age=31536000; includeSubDomains
      transfer-encoding:
      - chunked
      vary:
      - Accept-Encoding
      x-aspnet-version:
      - 4.0.30319
      x-content-type-options:
      - nosniff
      x-powered-by:
      - ASP.NET
    status:
      code: 200
      message: OK
- request:
    body: null
    headers:
      Accept:
      - application/json
      Accept-Encoding:
      - gzip, deflate
      CommandName:
      - network front-door probe create
      Connection:
      - keep-alive
      ParameterSetName:
      - -f -g -n --interval --path --enabled --probeMethod --protocol
      User-Agent:
      - python/3.8.6 (Windows-10-10.0.19041-SP0) msrest/0.6.18 msrest_azure/0.6.3
        azure-mgmt-frontdoor/0.3.0 Azure-SDK-For-Python AZURECLI/2.13.0
    method: GET
    uri: https://management.azure.com/subscriptions/00000000-0000-0000-0000-000000000000/resourceGroups/clitest.rg000001/providers/Microsoft.Network/frontDoors/clifrontdoor000002?api-version=2020-05-01
  response:
    body:
      string: "{\r\n  \"name\":\"clifrontdoor000002\",\"id\":\"/subscriptions/00000000-0000-0000-0000-000000000000/resourcegroups/clitest.rg000001/providers/Microsoft.Network/frontdoors/clifrontdoor000002\",\"type\":\"Microsoft.Network/frontdoors\",\"tags\":{\r\n
        \   \r\n  },\"location\":\"Global\",\"properties\":{\r\n    \"provisioningState\":\"Succeeded\",\"resourceState\":\"Enabled\",\"backendPools\":[\r\n
        \     {\r\n        \"id\":\"/subscriptions/00000000-0000-0000-0000-000000000000/resourcegroups/clitest.rg000001/providers/Microsoft.Network/Frontdoors/clifrontdoor000002/BackendPools/DefaultBackendPool\",\"name\":\"DefaultBackendPool\",\"type\":\"Microsoft.Network/Frontdoors/BackendPools\",\"properties\":{\r\n
        \         \"backends\":[\r\n            {\r\n              \"address\":\"202.120.2.3\",\"httpPort\":80,\"httpsPort\":443,\"priority\":1,\"weight\":50,\"backendHostHeader\":\"202.120.2.3\",\"enabledState\":\"Enabled\",\"privateLinkAlias\":null,\"privateEndpointStatus\":null,\"privateLinkApprovalMessage\":null,\"privateLinkResourceId\":null,\"privateLinkLocation\":null\r\n
        \           }\r\n          ],\"healthProbeSettings\":{\r\n            \"id\":\"/subscriptions/00000000-0000-0000-0000-000000000000/resourceGroups/clitest.rg000001/providers/Microsoft.Network/frontdoors/clifrontdoor000002/healthProbeSettings/DefaultProbeSettings\"\r\n
        \         },\"loadBalancingSettings\":{\r\n            \"id\":\"/subscriptions/00000000-0000-0000-0000-000000000000/resourceGroups/clitest.rg000001/providers/Microsoft.Network/frontdoors/clifrontdoor000002/loadBalancingSettings/DefaultLoadBalancingSettings\"\r\n
        \         },\"resourceState\":\"Enabled\"\r\n        }\r\n      }\r\n    ],\"healthProbeSettings\":[\r\n
        \     {\r\n        \"id\":\"/subscriptions/00000000-0000-0000-0000-000000000000/resourcegroups/clitest.rg000001/providers/Microsoft.Network/Frontdoors/clifrontdoor000002/HealthProbeSettings/DefaultProbeSettings\",\"name\":\"DefaultProbeSettings\",\"type\":\"Microsoft.Network/Frontdoors/HealthProbeSettings\",\"properties\":{\r\n
        \         \"intervalInSeconds\":30,\"path\":\"/\",\"protocol\":\"Https\",\"resourceState\":\"Enabled\",\"enabledState\":\"Enabled\",\"healthProbeMethod\":\"Head\"\r\n
        \       }\r\n      },{\r\n        \"id\":\"/subscriptions/00000000-0000-0000-0000-000000000000/resourcegroups/clitest.rg000001/providers/Microsoft.Network/Frontdoors/clifrontdoor000002/HealthProbeSettings/pb1\",\"name\":\"pb1\",\"type\":\"Microsoft.Network/Frontdoors/HealthProbeSettings\",\"properties\":{\r\n
        \         \"intervalInSeconds\":100,\"path\":\"/abc\",\"protocol\":\"Http\",\"resourceState\":\"Enabled\",\"enabledState\":\"Disabled\",\"healthProbeMethod\":\"Get\"\r\n
        \       }\r\n      }\r\n    ],\"frontendEndpoints\":[\r\n      {\r\n        \"id\":\"/subscriptions/00000000-0000-0000-0000-000000000000/resourcegroups/clitest.rg000001/providers/Microsoft.Network/Frontdoors/clifrontdoor000002/FrontendEndpoints/DefaultFrontendEndpoint\",\"name\":\"DefaultFrontendEndpoint\",\"type\":\"Microsoft.Network/Frontdoors/FrontendEndpoints\",\"properties\":{\r\n
        \         \"hostName\":\"clifrontdoor000002.azurefd.net\",\"sessionAffinityEnabledState\":\"Disabled\",\"sessionAffinityTtlSeconds\":0,\"webApplicationFirewallPolicyLink\":null,\"customHttpsProvisioningState\":null,\"customHttpsProvisioningSubstate\":null,\"customHttpsConfiguration\":null,\"resourceState\":\"Enabled\"\r\n
        \       }\r\n      }\r\n    ],\"loadBalancingSettings\":[\r\n      {\r\n        \"id\":\"/subscriptions/00000000-0000-0000-0000-000000000000/resourcegroups/clitest.rg000001/providers/Microsoft.Network/Frontdoors/clifrontdoor000002/LoadBalancingSettings/DefaultLoadBalancingSettings\",\"name\":\"DefaultLoadBalancingSettings\",\"type\":\"Microsoft.Network/Frontdoors/LoadBalancingSettings\",\"properties\":{\r\n
        \         \"additionalLatencyMilliseconds\":0,\"sampleSize\":4,\"successfulSamplesRequired\":2,\"resourceState\":\"Enabled\"\r\n
        \       }\r\n      }\r\n    ],\"rulesEngines\":[\r\n      \r\n    ],\"routingRules\":[\r\n
        \     {\r\n        \"id\":\"/subscriptions/00000000-0000-0000-0000-000000000000/resourcegroups/clitest.rg000001/providers/Microsoft.Network/Frontdoors/clifrontdoor000002/RoutingRules/DefaultRoutingRule\",\"name\":\"DefaultRoutingRule\",\"type\":\"Microsoft.Network/Frontdoors/RoutingRules\",\"properties\":{\r\n
        \         \"frontendEndpoints\":[\r\n            {\r\n              \"id\":\"/subscriptions/00000000-0000-0000-0000-000000000000/resourceGroups/clitest.rg000001/providers/Microsoft.Network/frontdoors/clifrontdoor000002/frontendEndpoints/DefaultFrontendEndpoint\"\r\n
        \           }\r\n          ],\"acceptedProtocols\":[\r\n            \"Http\"\r\n
        \         ],\"patternsToMatch\":[\r\n            \"/*\"\r\n          ],\"enabledState\":\"Enabled\",\"resourceState\":\"Enabled\",\"routeConfiguration\":{\r\n
        \           \"@odata.type\":\"#Microsoft.Azure.FrontDoor.Models.FrontdoorForwardingConfiguration\",\"customForwardingPath\":null,\"forwardingProtocol\":\"MatchRequest\",\"cacheConfiguration\":null,\"backendPool\":{\r\n
        \             \"id\":\"/subscriptions/00000000-0000-0000-0000-000000000000/resourceGroups/clitest.rg000001/providers/Microsoft.Network/frontdoors/clifrontdoor000002/backendPools/DefaultBackendPool\"\r\n
        \           }\r\n          },\"rulesEngine\":null,\"webApplicationFirewallPolicyLink\":null\r\n
        \       }\r\n      }\r\n    ],\"backendPoolsSettings\":{\r\n      \"enforceCertificateNameCheck\":\"Enabled\",\"sendRecvTimeoutSeconds\":30\r\n
        \   },\"enabledState\":\"Enabled\",\"cName\":\"clifrontdoor000002.azurefd.net\",\"frontdoorId\":\"a74c1e68-c505-4bd3-a191-a0d92b9aacc2\",\"friendlyName\":\"clifrontdoor000002\"\r\n
        \ }\r\n}"
    headers:
      cache-control:
      - no-cache
      content-length:
      - '5920'
      content-type:
      - application/json; odata.metadata=minimal
      date:
      - Fri, 16 Oct 2020 02:17:28 GMT
      expires:
      - '-1'
      odata-version:
      - '4.0'
      pragma:
      - no-cache
      server:
      - Microsoft-IIS/8.5
      strict-transport-security:
      - max-age=31536000; includeSubDomains
      transfer-encoding:
      - chunked
      vary:
      - Accept-Encoding
      x-aspnet-version:
      - 4.0.30319
      x-content-type-options:
      - nosniff
      x-powered-by:
      - ASP.NET
    status:
      code: 200
      message: OK
- request:
    body: null
    headers:
      Accept:
      - application/json
      Accept-Encoding:
      - gzip, deflate
      CommandName:
      - network front-door probe update
      Connection:
      - keep-alive
      ParameterSetName:
      - -f -g -n --interval --path --enabled --probeMethod --protocol
      User-Agent:
      - python/3.8.6 (Windows-10-10.0.19041-SP0) msrest/0.6.18 msrest_azure/0.6.3
        azure-mgmt-frontdoor/0.3.0 Azure-SDK-For-Python AZURECLI/2.13.0
      accept-language:
      - en-US
    method: GET
    uri: https://management.azure.com/subscriptions/00000000-0000-0000-0000-000000000000/resourceGroups/clitest.rg000001/providers/Microsoft.Network/frontDoors/clifrontdoor000002?api-version=2020-05-01
  response:
    body:
      string: "{\r\n  \"name\":\"clifrontdoor000002\",\"id\":\"/subscriptions/00000000-0000-0000-0000-000000000000/resourcegroups/clitest.rg000001/providers/Microsoft.Network/frontdoors/clifrontdoor000002\",\"type\":\"Microsoft.Network/frontdoors\",\"tags\":{\r\n
        \   \r\n  },\"location\":\"Global\",\"properties\":{\r\n    \"provisioningState\":\"Succeeded\",\"resourceState\":\"Enabled\",\"backendPools\":[\r\n
        \     {\r\n        \"id\":\"/subscriptions/00000000-0000-0000-0000-000000000000/resourcegroups/clitest.rg000001/providers/Microsoft.Network/Frontdoors/clifrontdoor000002/BackendPools/DefaultBackendPool\",\"name\":\"DefaultBackendPool\",\"type\":\"Microsoft.Network/Frontdoors/BackendPools\",\"properties\":{\r\n
        \         \"backends\":[\r\n            {\r\n              \"address\":\"202.120.2.3\",\"httpPort\":80,\"httpsPort\":443,\"priority\":1,\"weight\":50,\"backendHostHeader\":\"202.120.2.3\",\"enabledState\":\"Enabled\",\"privateLinkAlias\":null,\"privateEndpointStatus\":null,\"privateLinkApprovalMessage\":null,\"privateLinkResourceId\":null,\"privateLinkLocation\":null\r\n
        \           }\r\n          ],\"healthProbeSettings\":{\r\n            \"id\":\"/subscriptions/00000000-0000-0000-0000-000000000000/resourceGroups/clitest.rg000001/providers/Microsoft.Network/frontdoors/clifrontdoor000002/healthProbeSettings/DefaultProbeSettings\"\r\n
        \         },\"loadBalancingSettings\":{\r\n            \"id\":\"/subscriptions/00000000-0000-0000-0000-000000000000/resourceGroups/clitest.rg000001/providers/Microsoft.Network/frontdoors/clifrontdoor000002/loadBalancingSettings/DefaultLoadBalancingSettings\"\r\n
        \         },\"resourceState\":\"Enabled\"\r\n        }\r\n      }\r\n    ],\"healthProbeSettings\":[\r\n
        \     {\r\n        \"id\":\"/subscriptions/00000000-0000-0000-0000-000000000000/resourcegroups/clitest.rg000001/providers/Microsoft.Network/Frontdoors/clifrontdoor000002/HealthProbeSettings/DefaultProbeSettings\",\"name\":\"DefaultProbeSettings\",\"type\":\"Microsoft.Network/Frontdoors/HealthProbeSettings\",\"properties\":{\r\n
        \         \"intervalInSeconds\":30,\"path\":\"/\",\"protocol\":\"Https\",\"resourceState\":\"Enabled\",\"enabledState\":\"Enabled\",\"healthProbeMethod\":\"Head\"\r\n
        \       }\r\n      },{\r\n        \"id\":\"/subscriptions/00000000-0000-0000-0000-000000000000/resourcegroups/clitest.rg000001/providers/Microsoft.Network/Frontdoors/clifrontdoor000002/HealthProbeSettings/pb1\",\"name\":\"pb1\",\"type\":\"Microsoft.Network/Frontdoors/HealthProbeSettings\",\"properties\":{\r\n
        \         \"intervalInSeconds\":100,\"path\":\"/abc\",\"protocol\":\"Http\",\"resourceState\":\"Enabled\",\"enabledState\":\"Disabled\",\"healthProbeMethod\":\"Get\"\r\n
        \       }\r\n      }\r\n    ],\"frontendEndpoints\":[\r\n      {\r\n        \"id\":\"/subscriptions/00000000-0000-0000-0000-000000000000/resourcegroups/clitest.rg000001/providers/Microsoft.Network/Frontdoors/clifrontdoor000002/FrontendEndpoints/DefaultFrontendEndpoint\",\"name\":\"DefaultFrontendEndpoint\",\"type\":\"Microsoft.Network/Frontdoors/FrontendEndpoints\",\"properties\":{\r\n
        \         \"hostName\":\"clifrontdoor000002.azurefd.net\",\"sessionAffinityEnabledState\":\"Disabled\",\"sessionAffinityTtlSeconds\":0,\"webApplicationFirewallPolicyLink\":null,\"customHttpsProvisioningState\":null,\"customHttpsProvisioningSubstate\":null,\"customHttpsConfiguration\":null,\"resourceState\":\"Enabled\"\r\n
        \       }\r\n      }\r\n    ],\"loadBalancingSettings\":[\r\n      {\r\n        \"id\":\"/subscriptions/00000000-0000-0000-0000-000000000000/resourcegroups/clitest.rg000001/providers/Microsoft.Network/Frontdoors/clifrontdoor000002/LoadBalancingSettings/DefaultLoadBalancingSettings\",\"name\":\"DefaultLoadBalancingSettings\",\"type\":\"Microsoft.Network/Frontdoors/LoadBalancingSettings\",\"properties\":{\r\n
        \         \"additionalLatencyMilliseconds\":0,\"sampleSize\":4,\"successfulSamplesRequired\":2,\"resourceState\":\"Enabled\"\r\n
        \       }\r\n      }\r\n    ],\"rulesEngines\":[\r\n      \r\n    ],\"routingRules\":[\r\n
        \     {\r\n        \"id\":\"/subscriptions/00000000-0000-0000-0000-000000000000/resourcegroups/clitest.rg000001/providers/Microsoft.Network/Frontdoors/clifrontdoor000002/RoutingRules/DefaultRoutingRule\",\"name\":\"DefaultRoutingRule\",\"type\":\"Microsoft.Network/Frontdoors/RoutingRules\",\"properties\":{\r\n
        \         \"frontendEndpoints\":[\r\n            {\r\n              \"id\":\"/subscriptions/00000000-0000-0000-0000-000000000000/resourceGroups/clitest.rg000001/providers/Microsoft.Network/frontdoors/clifrontdoor000002/frontendEndpoints/DefaultFrontendEndpoint\"\r\n
        \           }\r\n          ],\"acceptedProtocols\":[\r\n            \"Http\"\r\n
        \         ],\"patternsToMatch\":[\r\n            \"/*\"\r\n          ],\"enabledState\":\"Enabled\",\"resourceState\":\"Enabled\",\"routeConfiguration\":{\r\n
        \           \"@odata.type\":\"#Microsoft.Azure.FrontDoor.Models.FrontdoorForwardingConfiguration\",\"customForwardingPath\":null,\"forwardingProtocol\":\"MatchRequest\",\"cacheConfiguration\":null,\"backendPool\":{\r\n
        \             \"id\":\"/subscriptions/00000000-0000-0000-0000-000000000000/resourceGroups/clitest.rg000001/providers/Microsoft.Network/frontdoors/clifrontdoor000002/backendPools/DefaultBackendPool\"\r\n
        \           }\r\n          },\"rulesEngine\":null,\"webApplicationFirewallPolicyLink\":null\r\n
        \       }\r\n      }\r\n    ],\"backendPoolsSettings\":{\r\n      \"enforceCertificateNameCheck\":\"Enabled\",\"sendRecvTimeoutSeconds\":30\r\n
        \   },\"enabledState\":\"Enabled\",\"cName\":\"clifrontdoor000002.azurefd.net\",\"frontdoorId\":\"a74c1e68-c505-4bd3-a191-a0d92b9aacc2\",\"friendlyName\":\"clifrontdoor000002\"\r\n
        \ }\r\n}"
    headers:
      cache-control:
      - no-cache
      content-length:
      - '5920'
      content-type:
      - application/json; odata.metadata=minimal
      date:
      - Fri, 16 Oct 2020 02:17:31 GMT
      expires:
      - '-1'
      odata-version:
      - '4.0'
      pragma:
      - no-cache
      server:
      - Microsoft-IIS/8.5
      strict-transport-security:
      - max-age=31536000; includeSubDomains
      transfer-encoding:
      - chunked
      vary:
      - Accept-Encoding
      x-aspnet-version:
      - 4.0.30319
      x-content-type-options:
      - nosniff
      x-powered-by:
      - ASP.NET
    status:
      code: 200
      message: OK
- request:
    body: '{"location": "Global", "tags": {}, "properties": {"friendlyName": "clifrontdoor000002",
      "routingRules": [{"id": "/subscriptions/00000000-0000-0000-0000-000000000000/resourcegroups/clitest.rg000001/providers/Microsoft.Network/Frontdoors/clifrontdoor000002/RoutingRules/DefaultRoutingRule",
      "properties": {"frontendEndpoints": [{"id": "/subscriptions/00000000-0000-0000-0000-000000000000/resourceGroups/clitest.rg000001/providers/Microsoft.Network/frontdoors/clifrontdoor000002/frontendEndpoints/DefaultFrontendEndpoint"}],
      "acceptedProtocols": ["Http"], "patternsToMatch": ["/*"], "enabledState": "Enabled",
      "routeConfiguration": {"@odata.type": "#Microsoft.Azure.FrontDoor.Models.FrontdoorForwardingConfiguration",
      "forwardingProtocol": "MatchRequest", "backendPool": {"id": "/subscriptions/00000000-0000-0000-0000-000000000000/resourceGroups/clitest.rg000001/providers/Microsoft.Network/frontdoors/clifrontdoor000002/backendPools/DefaultBackendPool"}},
      "resourceState": "Enabled"}, "name": "DefaultRoutingRule"}], "loadBalancingSettings":
      [{"id": "/subscriptions/00000000-0000-0000-0000-000000000000/resourcegroups/clitest.rg000001/providers/Microsoft.Network/Frontdoors/clifrontdoor000002/LoadBalancingSettings/DefaultLoadBalancingSettings",
      "properties": {"sampleSize": 4, "successfulSamplesRequired": 2, "additionalLatencyMilliseconds":
      0, "resourceState": "Enabled"}, "name": "DefaultLoadBalancingSettings"}], "healthProbeSettings":
      [{"id": "/subscriptions/00000000-0000-0000-0000-000000000000/resourcegroups/clitest.rg000001/providers/Microsoft.Network/Frontdoors/clifrontdoor000002/HealthProbeSettings/DefaultProbeSettings",
      "properties": {"path": "/", "protocol": "Https", "intervalInSeconds": 30, "healthProbeMethod":
      "Head", "enabledState": "Enabled", "resourceState": "Enabled"}, "name": "DefaultProbeSettings"},
      {"id": "/subscriptions/00000000-0000-0000-0000-000000000000/resourcegroups/clitest.rg000001/providers/Microsoft.Network/Frontdoors/clifrontdoor000002/HealthProbeSettings/pb1",
      "properties": {"path": "/", "protocol": "Https", "intervalInSeconds": 10, "healthProbeMethod":
      "HEAD", "enabledState": "Enabled", "resourceState": "Enabled"}, "name": "pb1"}],
      "backendPools": [{"id": "/subscriptions/00000000-0000-0000-0000-000000000000/resourcegroups/clitest.rg000001/providers/Microsoft.Network/Frontdoors/clifrontdoor000002/BackendPools/DefaultBackendPool",
      "properties": {"backends": [{"address": "202.120.2.3", "httpPort": 80, "httpsPort":
      443, "enabledState": "Enabled", "priority": 1, "weight": 50, "backendHostHeader":
      "202.120.2.3"}], "loadBalancingSettings": {"id": "/subscriptions/00000000-0000-0000-0000-000000000000/resourceGroups/clitest.rg000001/providers/Microsoft.Network/frontdoors/clifrontdoor000002/loadBalancingSettings/DefaultLoadBalancingSettings"},
      "healthProbeSettings": {"id": "/subscriptions/00000000-0000-0000-0000-000000000000/resourceGroups/clitest.rg000001/providers/Microsoft.Network/frontdoors/clifrontdoor000002/healthProbeSettings/DefaultProbeSettings"},
      "resourceState": "Enabled"}, "name": "DefaultBackendPool"}], "frontendEndpoints":
      [{"id": "/subscriptions/00000000-0000-0000-0000-000000000000/resourcegroups/clitest.rg000001/providers/Microsoft.Network/Frontdoors/clifrontdoor000002/FrontendEndpoints/DefaultFrontendEndpoint",
      "properties": {"hostName": "clifrontdoor000002.azurefd.net", "sessionAffinityEnabledState":
      "Disabled", "sessionAffinityTtlSeconds": 0, "resourceState": "Enabled"}, "name":
      "DefaultFrontendEndpoint"}], "backendPoolsSettings": {"enforceCertificateNameCheck":
      "Enabled", "sendRecvTimeoutSeconds": 30}, "enabledState": "Enabled", "resourceState":
      "Enabled"}}'
    headers:
      Accept:
      - application/json
      Accept-Encoding:
      - gzip, deflate
      CommandName:
      - network front-door probe update
      Connection:
      - keep-alive
      Content-Length:
      - '4252'
      Content-Type:
      - application/json; charset=utf-8
      ParameterSetName:
      - -f -g -n --interval --path --enabled --probeMethod --protocol
      User-Agent:
      - python/3.8.6 (Windows-10-10.0.19041-SP0) msrest/0.6.18 msrest_azure/0.6.3
        azure-mgmt-frontdoor/0.3.0 Azure-SDK-For-Python AZURECLI/2.13.0
      accept-language:
      - en-US
    method: PUT
    uri: https://management.azure.com/subscriptions/00000000-0000-0000-0000-000000000000/resourceGroups/clitest.rg000001/providers/Microsoft.Network/frontDoors/clifrontdoor000002?api-version=2020-05-01
  response:
    body:
      string: "{\r\n  \"name\":\"clifrontdoor000002\",\"id\":\"/subscriptions/00000000-0000-0000-0000-000000000000/resourcegroups/clitest.rg000001/providers/Microsoft.Network/frontdoors/clifrontdoor000002\",\"type\":\"Microsoft.Network/frontdoors\",\"tags\":{\r\n
        \   \r\n  },\"location\":\"Global\",\"properties\":{\r\n    \"provisioningState\":\"Succeeded\",\"resourceState\":\"Enabled\",\"backendPools\":[\r\n
        \     {\r\n        \"id\":\"/subscriptions/00000000-0000-0000-0000-000000000000/resourcegroups/clitest.rg000001/providers/Microsoft.Network/Frontdoors/clifrontdoor000002/BackendPools/DefaultBackendPool\",\"name\":\"DefaultBackendPool\",\"type\":\"Microsoft.Network/Frontdoors/BackendPools\",\"properties\":{\r\n
        \         \"backends\":[\r\n            {\r\n              \"address\":\"202.120.2.3\",\"httpPort\":80,\"httpsPort\":443,\"priority\":1,\"weight\":50,\"backendHostHeader\":\"202.120.2.3\",\"enabledState\":\"Enabled\",\"privateLinkAlias\":null,\"privateEndpointStatus\":null,\"privateLinkApprovalMessage\":null,\"privateLinkResourceId\":null,\"privateLinkLocation\":null\r\n
        \           }\r\n          ],\"healthProbeSettings\":{\r\n            \"id\":\"/subscriptions/00000000-0000-0000-0000-000000000000/resourceGroups/clitest.rg000001/providers/Microsoft.Network/frontdoors/clifrontdoor000002/healthProbeSettings/DefaultProbeSettings\"\r\n
        \         },\"loadBalancingSettings\":{\r\n            \"id\":\"/subscriptions/00000000-0000-0000-0000-000000000000/resourceGroups/clitest.rg000001/providers/Microsoft.Network/frontdoors/clifrontdoor000002/loadBalancingSettings/DefaultLoadBalancingSettings\"\r\n
        \         },\"resourceState\":\"Enabled\"\r\n        }\r\n      }\r\n    ],\"healthProbeSettings\":[\r\n
        \     {\r\n        \"id\":\"/subscriptions/00000000-0000-0000-0000-000000000000/resourcegroups/clitest.rg000001/providers/Microsoft.Network/Frontdoors/clifrontdoor000002/HealthProbeSettings/DefaultProbeSettings\",\"name\":\"DefaultProbeSettings\",\"type\":\"Microsoft.Network/Frontdoors/HealthProbeSettings\",\"properties\":{\r\n
        \         \"intervalInSeconds\":30,\"path\":\"/\",\"protocol\":\"Https\",\"resourceState\":\"Enabled\",\"enabledState\":\"Enabled\",\"healthProbeMethod\":\"Head\"\r\n
        \       }\r\n      },{\r\n        \"id\":\"/subscriptions/00000000-0000-0000-0000-000000000000/resourcegroups/clitest.rg000001/providers/Microsoft.Network/Frontdoors/clifrontdoor000002/HealthProbeSettings/pb1\",\"name\":\"pb1\",\"type\":\"Microsoft.Network/Frontdoors/HealthProbeSettings\",\"properties\":{\r\n
        \         \"intervalInSeconds\":10,\"path\":\"/\",\"protocol\":\"Https\",\"resourceState\":\"Enabled\",\"enabledState\":\"Enabled\",\"healthProbeMethod\":\"Head\"\r\n
        \       }\r\n      }\r\n    ],\"frontendEndpoints\":[\r\n      {\r\n        \"id\":\"/subscriptions/00000000-0000-0000-0000-000000000000/resourcegroups/clitest.rg000001/providers/Microsoft.Network/Frontdoors/clifrontdoor000002/FrontendEndpoints/DefaultFrontendEndpoint\",\"name\":\"DefaultFrontendEndpoint\",\"type\":\"Microsoft.Network/Frontdoors/FrontendEndpoints\",\"properties\":{\r\n
        \         \"hostName\":\"clifrontdoor000002.azurefd.net\",\"sessionAffinityEnabledState\":\"Disabled\",\"sessionAffinityTtlSeconds\":0,\"webApplicationFirewallPolicyLink\":null,\"customHttpsProvisioningState\":null,\"customHttpsProvisioningSubstate\":null,\"customHttpsConfiguration\":null,\"resourceState\":\"Enabled\"\r\n
        \       }\r\n      }\r\n    ],\"loadBalancingSettings\":[\r\n      {\r\n        \"id\":\"/subscriptions/00000000-0000-0000-0000-000000000000/resourcegroups/clitest.rg000001/providers/Microsoft.Network/Frontdoors/clifrontdoor000002/LoadBalancingSettings/DefaultLoadBalancingSettings\",\"name\":\"DefaultLoadBalancingSettings\",\"type\":\"Microsoft.Network/Frontdoors/LoadBalancingSettings\",\"properties\":{\r\n
        \         \"additionalLatencyMilliseconds\":0,\"sampleSize\":4,\"successfulSamplesRequired\":2,\"resourceState\":\"Enabled\"\r\n
        \       }\r\n      }\r\n    ],\"rulesEngines\":[\r\n      \r\n    ],\"routingRules\":[\r\n
        \     {\r\n        \"id\":\"/subscriptions/00000000-0000-0000-0000-000000000000/resourcegroups/clitest.rg000001/providers/Microsoft.Network/Frontdoors/clifrontdoor000002/RoutingRules/DefaultRoutingRule\",\"name\":\"DefaultRoutingRule\",\"type\":\"Microsoft.Network/Frontdoors/RoutingRules\",\"properties\":{\r\n
        \         \"frontendEndpoints\":[\r\n            {\r\n              \"id\":\"/subscriptions/00000000-0000-0000-0000-000000000000/resourceGroups/clitest.rg000001/providers/Microsoft.Network/frontdoors/clifrontdoor000002/frontendEndpoints/DefaultFrontendEndpoint\"\r\n
        \           }\r\n          ],\"acceptedProtocols\":[\r\n            \"Http\"\r\n
        \         ],\"patternsToMatch\":[\r\n            \"/*\"\r\n          ],\"enabledState\":\"Enabled\",\"resourceState\":\"Enabled\",\"routeConfiguration\":{\r\n
        \           \"@odata.type\":\"#Microsoft.Azure.FrontDoor.Models.FrontdoorForwardingConfiguration\",\"customForwardingPath\":null,\"forwardingProtocol\":\"MatchRequest\",\"cacheConfiguration\":null,\"backendPool\":{\r\n
        \             \"id\":\"/subscriptions/00000000-0000-0000-0000-000000000000/resourceGroups/clitest.rg000001/providers/Microsoft.Network/frontdoors/clifrontdoor000002/backendPools/DefaultBackendPool\"\r\n
        \           }\r\n          },\"rulesEngine\":null,\"webApplicationFirewallPolicyLink\":null\r\n
        \       }\r\n      }\r\n    ],\"backendPoolsSettings\":{\r\n      \"enforceCertificateNameCheck\":\"Enabled\",\"sendRecvTimeoutSeconds\":30\r\n
        \   },\"enabledState\":\"Enabled\",\"cName\":\"clifrontdoor000002.azurefd.net\",\"frontdoorId\":\"a74c1e68-c505-4bd3-a191-a0d92b9aacc2\",\"friendlyName\":\"clifrontdoor000002\"\r\n
        \ }\r\n}"
    headers:
      azure-asyncoperation:
      - https://management.azure.com/subscriptions/00000000-0000-0000-0000-000000000000/resourcegroups/clitest.rg000001/providers/Microsoft.Network/frontdooroperationresults/53961289-d9b6-4297-a9cc-de6a01f6d9b1?api-version=2020-05-01
      cache-control:
      - no-cache
      content-length:
      - '5917'
      content-type:
      - application/json; odata.metadata=minimal
      date:
      - Fri, 16 Oct 2020 02:17:34 GMT
      expires:
      - '-1'
      location:
      - https://management.azure.com/subscriptions/00000000-0000-0000-0000-000000000000/resourcegroups/clitest.rg000001/providers/Microsoft.Network/frontdooroperationresults/53961289-d9b6-4297-a9cc-de6a01f6d9b1/frontdoorresults/clifrontdoor000002?api-version=2020-05-01
      odata-version:
      - '4.0'
      pragma:
      - no-cache
      server:
      - Microsoft-IIS/8.5
      strict-transport-security:
      - max-age=31536000; includeSubDomains
      x-aspnet-version:
      - 4.0.30319
      x-content-type-options:
      - nosniff
      x-ms-ratelimit-remaining-subscription-writes:
      - '1199'
      x-powered-by:
      - ASP.NET
    status:
      code: 202
      message: Accepted
- request:
    body: null
    headers:
      Accept:
      - application/json
      Accept-Encoding:
      - gzip, deflate
      CommandName:
      - network front-door probe update
      Connection:
      - keep-alive
      ParameterSetName:
      - -f -g -n --interval --path --enabled --probeMethod --protocol
      User-Agent:
      - python/3.8.6 (Windows-10-10.0.19041-SP0) msrest/0.6.18 msrest_azure/0.6.3
        azure-mgmt-frontdoor/0.3.0 Azure-SDK-For-Python AZURECLI/2.13.0
    method: GET
    uri: https://management.azure.com/subscriptions/00000000-0000-0000-0000-000000000000/resourcegroups/clitest.rg000001/providers/Microsoft.Network/frontdooroperationresults/53961289-d9b6-4297-a9cc-de6a01f6d9b1?api-version=2020-05-01
  response:
    body:
      string: "{\r\n  \"status\":\"Succeeded\",\"error\":{\r\n    \"code\":\"None\",\"message\":null\r\n
        \ }\r\n}"
    headers:
      cache-control:
      - no-cache
      content-length:
      - '77'
      content-type:
      - application/json; odata.metadata=minimal
      date:
      - Fri, 16 Oct 2020 02:17:46 GMT
      expires:
      - '-1'
      odata-version:
      - '4.0'
      pragma:
      - no-cache
      server:
      - Microsoft-IIS/8.5
      strict-transport-security:
      - max-age=31536000; includeSubDomains
      transfer-encoding:
      - chunked
      vary:
      - Accept-Encoding
      x-aspnet-version:
      - 4.0.30319
      x-content-type-options:
      - nosniff
      x-powered-by:
      - ASP.NET
    status:
      code: 200
      message: OK
- request:
    body: null
    headers:
      Accept:
      - application/json
      Accept-Encoding:
      - gzip, deflate
      CommandName:
      - network front-door probe update
      Connection:
      - keep-alive
      ParameterSetName:
      - -f -g -n --interval --path --enabled --probeMethod --protocol
      User-Agent:
      - python/3.8.6 (Windows-10-10.0.19041-SP0) msrest/0.6.18 msrest_azure/0.6.3
        azure-mgmt-frontdoor/0.3.0 Azure-SDK-For-Python AZURECLI/2.13.0
    method: GET
    uri: https://management.azure.com/subscriptions/00000000-0000-0000-0000-000000000000/resourceGroups/clitest.rg000001/providers/Microsoft.Network/frontDoors/clifrontdoor000002?api-version=2020-05-01
  response:
    body:
      string: "{\r\n  \"name\":\"clifrontdoor000002\",\"id\":\"/subscriptions/00000000-0000-0000-0000-000000000000/resourcegroups/clitest.rg000001/providers/Microsoft.Network/frontdoors/clifrontdoor000002\",\"type\":\"Microsoft.Network/frontdoors\",\"tags\":{\r\n
        \   \r\n  },\"location\":\"Global\",\"properties\":{\r\n    \"provisioningState\":\"Succeeded\",\"resourceState\":\"Enabled\",\"backendPools\":[\r\n
        \     {\r\n        \"id\":\"/subscriptions/00000000-0000-0000-0000-000000000000/resourcegroups/clitest.rg000001/providers/Microsoft.Network/Frontdoors/clifrontdoor000002/BackendPools/DefaultBackendPool\",\"name\":\"DefaultBackendPool\",\"type\":\"Microsoft.Network/Frontdoors/BackendPools\",\"properties\":{\r\n
        \         \"backends\":[\r\n            {\r\n              \"address\":\"202.120.2.3\",\"httpPort\":80,\"httpsPort\":443,\"priority\":1,\"weight\":50,\"backendHostHeader\":\"202.120.2.3\",\"enabledState\":\"Enabled\",\"privateLinkAlias\":null,\"privateEndpointStatus\":null,\"privateLinkApprovalMessage\":null,\"privateLinkResourceId\":null,\"privateLinkLocation\":null\r\n
        \           }\r\n          ],\"healthProbeSettings\":{\r\n            \"id\":\"/subscriptions/00000000-0000-0000-0000-000000000000/resourceGroups/clitest.rg000001/providers/Microsoft.Network/frontdoors/clifrontdoor000002/healthProbeSettings/DefaultProbeSettings\"\r\n
        \         },\"loadBalancingSettings\":{\r\n            \"id\":\"/subscriptions/00000000-0000-0000-0000-000000000000/resourceGroups/clitest.rg000001/providers/Microsoft.Network/frontdoors/clifrontdoor000002/loadBalancingSettings/DefaultLoadBalancingSettings\"\r\n
        \         },\"resourceState\":\"Enabled\"\r\n        }\r\n      }\r\n    ],\"healthProbeSettings\":[\r\n
        \     {\r\n        \"id\":\"/subscriptions/00000000-0000-0000-0000-000000000000/resourcegroups/clitest.rg000001/providers/Microsoft.Network/Frontdoors/clifrontdoor000002/HealthProbeSettings/DefaultProbeSettings\",\"name\":\"DefaultProbeSettings\",\"type\":\"Microsoft.Network/Frontdoors/HealthProbeSettings\",\"properties\":{\r\n
        \         \"intervalInSeconds\":30,\"path\":\"/\",\"protocol\":\"Https\",\"resourceState\":\"Enabled\",\"enabledState\":\"Enabled\",\"healthProbeMethod\":\"Head\"\r\n
        \       }\r\n      },{\r\n        \"id\":\"/subscriptions/00000000-0000-0000-0000-000000000000/resourcegroups/clitest.rg000001/providers/Microsoft.Network/Frontdoors/clifrontdoor000002/HealthProbeSettings/pb1\",\"name\":\"pb1\",\"type\":\"Microsoft.Network/Frontdoors/HealthProbeSettings\",\"properties\":{\r\n
        \         \"intervalInSeconds\":10,\"path\":\"/\",\"protocol\":\"Https\",\"resourceState\":\"Enabled\",\"enabledState\":\"Enabled\",\"healthProbeMethod\":\"Head\"\r\n
        \       }\r\n      }\r\n    ],\"frontendEndpoints\":[\r\n      {\r\n        \"id\":\"/subscriptions/00000000-0000-0000-0000-000000000000/resourcegroups/clitest.rg000001/providers/Microsoft.Network/Frontdoors/clifrontdoor000002/FrontendEndpoints/DefaultFrontendEndpoint\",\"name\":\"DefaultFrontendEndpoint\",\"type\":\"Microsoft.Network/Frontdoors/FrontendEndpoints\",\"properties\":{\r\n
        \         \"hostName\":\"clifrontdoor000002.azurefd.net\",\"sessionAffinityEnabledState\":\"Disabled\",\"sessionAffinityTtlSeconds\":0,\"webApplicationFirewallPolicyLink\":null,\"customHttpsProvisioningState\":null,\"customHttpsProvisioningSubstate\":null,\"customHttpsConfiguration\":null,\"resourceState\":\"Enabled\"\r\n
        \       }\r\n      }\r\n    ],\"loadBalancingSettings\":[\r\n      {\r\n        \"id\":\"/subscriptions/00000000-0000-0000-0000-000000000000/resourcegroups/clitest.rg000001/providers/Microsoft.Network/Frontdoors/clifrontdoor000002/LoadBalancingSettings/DefaultLoadBalancingSettings\",\"name\":\"DefaultLoadBalancingSettings\",\"type\":\"Microsoft.Network/Frontdoors/LoadBalancingSettings\",\"properties\":{\r\n
        \         \"additionalLatencyMilliseconds\":0,\"sampleSize\":4,\"successfulSamplesRequired\":2,\"resourceState\":\"Enabled\"\r\n
        \       }\r\n      }\r\n    ],\"rulesEngines\":[\r\n      \r\n    ],\"routingRules\":[\r\n
        \     {\r\n        \"id\":\"/subscriptions/00000000-0000-0000-0000-000000000000/resourcegroups/clitest.rg000001/providers/Microsoft.Network/Frontdoors/clifrontdoor000002/RoutingRules/DefaultRoutingRule\",\"name\":\"DefaultRoutingRule\",\"type\":\"Microsoft.Network/Frontdoors/RoutingRules\",\"properties\":{\r\n
        \         \"frontendEndpoints\":[\r\n            {\r\n              \"id\":\"/subscriptions/00000000-0000-0000-0000-000000000000/resourceGroups/clitest.rg000001/providers/Microsoft.Network/frontdoors/clifrontdoor000002/frontendEndpoints/DefaultFrontendEndpoint\"\r\n
        \           }\r\n          ],\"acceptedProtocols\":[\r\n            \"Http\"\r\n
        \         ],\"patternsToMatch\":[\r\n            \"/*\"\r\n          ],\"enabledState\":\"Enabled\",\"resourceState\":\"Enabled\",\"routeConfiguration\":{\r\n
        \           \"@odata.type\":\"#Microsoft.Azure.FrontDoor.Models.FrontdoorForwardingConfiguration\",\"customForwardingPath\":null,\"forwardingProtocol\":\"MatchRequest\",\"cacheConfiguration\":null,\"backendPool\":{\r\n
        \             \"id\":\"/subscriptions/00000000-0000-0000-0000-000000000000/resourceGroups/clitest.rg000001/providers/Microsoft.Network/frontdoors/clifrontdoor000002/backendPools/DefaultBackendPool\"\r\n
        \           }\r\n          },\"rulesEngine\":null,\"webApplicationFirewallPolicyLink\":null\r\n
        \       }\r\n      }\r\n    ],\"backendPoolsSettings\":{\r\n      \"enforceCertificateNameCheck\":\"Enabled\",\"sendRecvTimeoutSeconds\":30\r\n
        \   },\"enabledState\":\"Enabled\",\"cName\":\"clifrontdoor000002.azurefd.net\",\"frontdoorId\":\"a74c1e68-c505-4bd3-a191-a0d92b9aacc2\",\"friendlyName\":\"clifrontdoor000002\"\r\n
        \ }\r\n}"
    headers:
      cache-control:
      - no-cache
      content-length:
      - '5917'
      content-type:
      - application/json; odata.metadata=minimal
      date:
      - Fri, 16 Oct 2020 02:17:49 GMT
      expires:
      - '-1'
      odata-version:
      - '4.0'
      pragma:
      - no-cache
      server:
      - Microsoft-IIS/8.5
      strict-transport-security:
      - max-age=31536000; includeSubDomains
      transfer-encoding:
      - chunked
      vary:
      - Accept-Encoding
      x-aspnet-version:
      - 4.0.30319
      x-content-type-options:
      - nosniff
      x-powered-by:
      - ASP.NET
    status:
      code: 200
      message: OK
- request:
    body: null
    headers:
      Accept:
      - application/json
      Accept-Encoding:
      - gzip, deflate
      CommandName:
      - network front-door probe list
      Connection:
      - keep-alive
      ParameterSetName:
      - -f -g
      User-Agent:
      - python/3.8.6 (Windows-10-10.0.19041-SP0) msrest/0.6.18 msrest_azure/0.6.3
        azure-mgmt-frontdoor/0.3.0 Azure-SDK-For-Python AZURECLI/2.13.0
      accept-language:
      - en-US
    method: GET
    uri: https://management.azure.com/subscriptions/00000000-0000-0000-0000-000000000000/resourceGroups/clitest.rg000001/providers/Microsoft.Network/frontDoors/clifrontdoor000002?api-version=2020-05-01
  response:
    body:
      string: "{\r\n  \"name\":\"clifrontdoor000002\",\"id\":\"/subscriptions/00000000-0000-0000-0000-000000000000/resourcegroups/clitest.rg000001/providers/Microsoft.Network/frontdoors/clifrontdoor000002\",\"type\":\"Microsoft.Network/frontdoors\",\"tags\":{\r\n
        \   \r\n  },\"location\":\"Global\",\"properties\":{\r\n    \"provisioningState\":\"Succeeded\",\"resourceState\":\"Enabled\",\"backendPools\":[\r\n
        \     {\r\n        \"id\":\"/subscriptions/00000000-0000-0000-0000-000000000000/resourcegroups/clitest.rg000001/providers/Microsoft.Network/Frontdoors/clifrontdoor000002/BackendPools/DefaultBackendPool\",\"name\":\"DefaultBackendPool\",\"type\":\"Microsoft.Network/Frontdoors/BackendPools\",\"properties\":{\r\n
        \         \"backends\":[\r\n            {\r\n              \"address\":\"202.120.2.3\",\"httpPort\":80,\"httpsPort\":443,\"priority\":1,\"weight\":50,\"backendHostHeader\":\"202.120.2.3\",\"enabledState\":\"Enabled\",\"privateLinkAlias\":null,\"privateEndpointStatus\":null,\"privateLinkApprovalMessage\":null,\"privateLinkResourceId\":null,\"privateLinkLocation\":null\r\n
        \           }\r\n          ],\"healthProbeSettings\":{\r\n            \"id\":\"/subscriptions/00000000-0000-0000-0000-000000000000/resourceGroups/clitest.rg000001/providers/Microsoft.Network/frontdoors/clifrontdoor000002/healthProbeSettings/DefaultProbeSettings\"\r\n
        \         },\"loadBalancingSettings\":{\r\n            \"id\":\"/subscriptions/00000000-0000-0000-0000-000000000000/resourceGroups/clitest.rg000001/providers/Microsoft.Network/frontdoors/clifrontdoor000002/loadBalancingSettings/DefaultLoadBalancingSettings\"\r\n
        \         },\"resourceState\":\"Enabled\"\r\n        }\r\n      }\r\n    ],\"healthProbeSettings\":[\r\n
        \     {\r\n        \"id\":\"/subscriptions/00000000-0000-0000-0000-000000000000/resourcegroups/clitest.rg000001/providers/Microsoft.Network/Frontdoors/clifrontdoor000002/HealthProbeSettings/DefaultProbeSettings\",\"name\":\"DefaultProbeSettings\",\"type\":\"Microsoft.Network/Frontdoors/HealthProbeSettings\",\"properties\":{\r\n
        \         \"intervalInSeconds\":30,\"path\":\"/\",\"protocol\":\"Https\",\"resourceState\":\"Enabled\",\"enabledState\":\"Enabled\",\"healthProbeMethod\":\"Head\"\r\n
        \       }\r\n      },{\r\n        \"id\":\"/subscriptions/00000000-0000-0000-0000-000000000000/resourcegroups/clitest.rg000001/providers/Microsoft.Network/Frontdoors/clifrontdoor000002/HealthProbeSettings/pb1\",\"name\":\"pb1\",\"type\":\"Microsoft.Network/Frontdoors/HealthProbeSettings\",\"properties\":{\r\n
        \         \"intervalInSeconds\":10,\"path\":\"/\",\"protocol\":\"Https\",\"resourceState\":\"Enabled\",\"enabledState\":\"Enabled\",\"healthProbeMethod\":\"Head\"\r\n
        \       }\r\n      }\r\n    ],\"frontendEndpoints\":[\r\n      {\r\n        \"id\":\"/subscriptions/00000000-0000-0000-0000-000000000000/resourcegroups/clitest.rg000001/providers/Microsoft.Network/Frontdoors/clifrontdoor000002/FrontendEndpoints/DefaultFrontendEndpoint\",\"name\":\"DefaultFrontendEndpoint\",\"type\":\"Microsoft.Network/Frontdoors/FrontendEndpoints\",\"properties\":{\r\n
        \         \"hostName\":\"clifrontdoor000002.azurefd.net\",\"sessionAffinityEnabledState\":\"Disabled\",\"sessionAffinityTtlSeconds\":0,\"webApplicationFirewallPolicyLink\":null,\"customHttpsProvisioningState\":null,\"customHttpsProvisioningSubstate\":null,\"customHttpsConfiguration\":null,\"resourceState\":\"Enabled\"\r\n
        \       }\r\n      }\r\n    ],\"loadBalancingSettings\":[\r\n      {\r\n        \"id\":\"/subscriptions/00000000-0000-0000-0000-000000000000/resourcegroups/clitest.rg000001/providers/Microsoft.Network/Frontdoors/clifrontdoor000002/LoadBalancingSettings/DefaultLoadBalancingSettings\",\"name\":\"DefaultLoadBalancingSettings\",\"type\":\"Microsoft.Network/Frontdoors/LoadBalancingSettings\",\"properties\":{\r\n
        \         \"additionalLatencyMilliseconds\":0,\"sampleSize\":4,\"successfulSamplesRequired\":2,\"resourceState\":\"Enabled\"\r\n
        \       }\r\n      }\r\n    ],\"rulesEngines\":[\r\n      \r\n    ],\"routingRules\":[\r\n
        \     {\r\n        \"id\":\"/subscriptions/00000000-0000-0000-0000-000000000000/resourcegroups/clitest.rg000001/providers/Microsoft.Network/Frontdoors/clifrontdoor000002/RoutingRules/DefaultRoutingRule\",\"name\":\"DefaultRoutingRule\",\"type\":\"Microsoft.Network/Frontdoors/RoutingRules\",\"properties\":{\r\n
        \         \"frontendEndpoints\":[\r\n            {\r\n              \"id\":\"/subscriptions/00000000-0000-0000-0000-000000000000/resourceGroups/clitest.rg000001/providers/Microsoft.Network/frontdoors/clifrontdoor000002/frontendEndpoints/DefaultFrontendEndpoint\"\r\n
        \           }\r\n          ],\"acceptedProtocols\":[\r\n            \"Http\"\r\n
        \         ],\"patternsToMatch\":[\r\n            \"/*\"\r\n          ],\"enabledState\":\"Enabled\",\"resourceState\":\"Enabled\",\"routeConfiguration\":{\r\n
        \           \"@odata.type\":\"#Microsoft.Azure.FrontDoor.Models.FrontdoorForwardingConfiguration\",\"customForwardingPath\":null,\"forwardingProtocol\":\"MatchRequest\",\"cacheConfiguration\":null,\"backendPool\":{\r\n
        \             \"id\":\"/subscriptions/00000000-0000-0000-0000-000000000000/resourceGroups/clitest.rg000001/providers/Microsoft.Network/frontdoors/clifrontdoor000002/backendPools/DefaultBackendPool\"\r\n
        \           }\r\n          },\"rulesEngine\":null,\"webApplicationFirewallPolicyLink\":null\r\n
        \       }\r\n      }\r\n    ],\"backendPoolsSettings\":{\r\n      \"enforceCertificateNameCheck\":\"Enabled\",\"sendRecvTimeoutSeconds\":30\r\n
        \   },\"enabledState\":\"Enabled\",\"cName\":\"clifrontdoor000002.azurefd.net\",\"frontdoorId\":\"a74c1e68-c505-4bd3-a191-a0d92b9aacc2\",\"friendlyName\":\"clifrontdoor000002\"\r\n
        \ }\r\n}"
    headers:
      cache-control:
      - no-cache
      content-length:
      - '5917'
      content-type:
      - application/json; odata.metadata=minimal
      date:
      - Fri, 16 Oct 2020 02:17:51 GMT
      expires:
      - '-1'
      odata-version:
      - '4.0'
      pragma:
      - no-cache
      server:
      - Microsoft-IIS/8.5
      strict-transport-security:
      - max-age=31536000; includeSubDomains
      transfer-encoding:
      - chunked
      vary:
      - Accept-Encoding
      x-aspnet-version:
      - 4.0.30319
      x-content-type-options:
      - nosniff
      x-powered-by:
      - ASP.NET
    status:
      code: 200
      message: OK
- request:
    body: null
    headers:
      Accept:
      - application/json
      Accept-Encoding:
      - gzip, deflate
      CommandName:
      - network front-door probe show
      Connection:
      - keep-alive
      ParameterSetName:
      - -f -g -n
      User-Agent:
      - python/3.8.6 (Windows-10-10.0.19041-SP0) msrest/0.6.18 msrest_azure/0.6.3
        azure-mgmt-frontdoor/0.3.0 Azure-SDK-For-Python AZURECLI/2.13.0
      accept-language:
      - en-US
    method: GET
    uri: https://management.azure.com/subscriptions/00000000-0000-0000-0000-000000000000/resourceGroups/clitest.rg000001/providers/Microsoft.Network/frontDoors/clifrontdoor000002?api-version=2020-05-01
  response:
    body:
      string: "{\r\n  \"name\":\"clifrontdoor000002\",\"id\":\"/subscriptions/00000000-0000-0000-0000-000000000000/resourcegroups/clitest.rg000001/providers/Microsoft.Network/frontdoors/clifrontdoor000002\",\"type\":\"Microsoft.Network/frontdoors\",\"tags\":{\r\n
        \   \r\n  },\"location\":\"Global\",\"properties\":{\r\n    \"provisioningState\":\"Succeeded\",\"resourceState\":\"Enabled\",\"backendPools\":[\r\n
        \     {\r\n        \"id\":\"/subscriptions/00000000-0000-0000-0000-000000000000/resourcegroups/clitest.rg000001/providers/Microsoft.Network/Frontdoors/clifrontdoor000002/BackendPools/DefaultBackendPool\",\"name\":\"DefaultBackendPool\",\"type\":\"Microsoft.Network/Frontdoors/BackendPools\",\"properties\":{\r\n
        \         \"backends\":[\r\n            {\r\n              \"address\":\"202.120.2.3\",\"httpPort\":80,\"httpsPort\":443,\"priority\":1,\"weight\":50,\"backendHostHeader\":\"202.120.2.3\",\"enabledState\":\"Enabled\",\"privateLinkAlias\":null,\"privateEndpointStatus\":null,\"privateLinkApprovalMessage\":null,\"privateLinkResourceId\":null,\"privateLinkLocation\":null\r\n
        \           }\r\n          ],\"healthProbeSettings\":{\r\n            \"id\":\"/subscriptions/00000000-0000-0000-0000-000000000000/resourceGroups/clitest.rg000001/providers/Microsoft.Network/frontdoors/clifrontdoor000002/healthProbeSettings/DefaultProbeSettings\"\r\n
        \         },\"loadBalancingSettings\":{\r\n            \"id\":\"/subscriptions/00000000-0000-0000-0000-000000000000/resourceGroups/clitest.rg000001/providers/Microsoft.Network/frontdoors/clifrontdoor000002/loadBalancingSettings/DefaultLoadBalancingSettings\"\r\n
        \         },\"resourceState\":\"Enabled\"\r\n        }\r\n      }\r\n    ],\"healthProbeSettings\":[\r\n
        \     {\r\n        \"id\":\"/subscriptions/00000000-0000-0000-0000-000000000000/resourcegroups/clitest.rg000001/providers/Microsoft.Network/Frontdoors/clifrontdoor000002/HealthProbeSettings/DefaultProbeSettings\",\"name\":\"DefaultProbeSettings\",\"type\":\"Microsoft.Network/Frontdoors/HealthProbeSettings\",\"properties\":{\r\n
        \         \"intervalInSeconds\":30,\"path\":\"/\",\"protocol\":\"Https\",\"resourceState\":\"Enabled\",\"enabledState\":\"Enabled\",\"healthProbeMethod\":\"Head\"\r\n
        \       }\r\n      },{\r\n        \"id\":\"/subscriptions/00000000-0000-0000-0000-000000000000/resourcegroups/clitest.rg000001/providers/Microsoft.Network/Frontdoors/clifrontdoor000002/HealthProbeSettings/pb1\",\"name\":\"pb1\",\"type\":\"Microsoft.Network/Frontdoors/HealthProbeSettings\",\"properties\":{\r\n
        \         \"intervalInSeconds\":10,\"path\":\"/\",\"protocol\":\"Https\",\"resourceState\":\"Enabled\",\"enabledState\":\"Enabled\",\"healthProbeMethod\":\"Head\"\r\n
        \       }\r\n      }\r\n    ],\"frontendEndpoints\":[\r\n      {\r\n        \"id\":\"/subscriptions/00000000-0000-0000-0000-000000000000/resourcegroups/clitest.rg000001/providers/Microsoft.Network/Frontdoors/clifrontdoor000002/FrontendEndpoints/DefaultFrontendEndpoint\",\"name\":\"DefaultFrontendEndpoint\",\"type\":\"Microsoft.Network/Frontdoors/FrontendEndpoints\",\"properties\":{\r\n
        \         \"hostName\":\"clifrontdoor000002.azurefd.net\",\"sessionAffinityEnabledState\":\"Disabled\",\"sessionAffinityTtlSeconds\":0,\"webApplicationFirewallPolicyLink\":null,\"customHttpsProvisioningState\":null,\"customHttpsProvisioningSubstate\":null,\"customHttpsConfiguration\":null,\"resourceState\":\"Enabled\"\r\n
        \       }\r\n      }\r\n    ],\"loadBalancingSettings\":[\r\n      {\r\n        \"id\":\"/subscriptions/00000000-0000-0000-0000-000000000000/resourcegroups/clitest.rg000001/providers/Microsoft.Network/Frontdoors/clifrontdoor000002/LoadBalancingSettings/DefaultLoadBalancingSettings\",\"name\":\"DefaultLoadBalancingSettings\",\"type\":\"Microsoft.Network/Frontdoors/LoadBalancingSettings\",\"properties\":{\r\n
        \         \"additionalLatencyMilliseconds\":0,\"sampleSize\":4,\"successfulSamplesRequired\":2,\"resourceState\":\"Enabled\"\r\n
        \       }\r\n      }\r\n    ],\"rulesEngines\":[\r\n      \r\n    ],\"routingRules\":[\r\n
        \     {\r\n        \"id\":\"/subscriptions/00000000-0000-0000-0000-000000000000/resourcegroups/clitest.rg000001/providers/Microsoft.Network/Frontdoors/clifrontdoor000002/RoutingRules/DefaultRoutingRule\",\"name\":\"DefaultRoutingRule\",\"type\":\"Microsoft.Network/Frontdoors/RoutingRules\",\"properties\":{\r\n
        \         \"frontendEndpoints\":[\r\n            {\r\n              \"id\":\"/subscriptions/00000000-0000-0000-0000-000000000000/resourceGroups/clitest.rg000001/providers/Microsoft.Network/frontdoors/clifrontdoor000002/frontendEndpoints/DefaultFrontendEndpoint\"\r\n
        \           }\r\n          ],\"acceptedProtocols\":[\r\n            \"Http\"\r\n
        \         ],\"patternsToMatch\":[\r\n            \"/*\"\r\n          ],\"enabledState\":\"Enabled\",\"resourceState\":\"Enabled\",\"routeConfiguration\":{\r\n
        \           \"@odata.type\":\"#Microsoft.Azure.FrontDoor.Models.FrontdoorForwardingConfiguration\",\"customForwardingPath\":null,\"forwardingProtocol\":\"MatchRequest\",\"cacheConfiguration\":null,\"backendPool\":{\r\n
        \             \"id\":\"/subscriptions/00000000-0000-0000-0000-000000000000/resourceGroups/clitest.rg000001/providers/Microsoft.Network/frontdoors/clifrontdoor000002/backendPools/DefaultBackendPool\"\r\n
        \           }\r\n          },\"rulesEngine\":null,\"webApplicationFirewallPolicyLink\":null\r\n
        \       }\r\n      }\r\n    ],\"backendPoolsSettings\":{\r\n      \"enforceCertificateNameCheck\":\"Enabled\",\"sendRecvTimeoutSeconds\":30\r\n
        \   },\"enabledState\":\"Enabled\",\"cName\":\"clifrontdoor000002.azurefd.net\",\"frontdoorId\":\"a74c1e68-c505-4bd3-a191-a0d92b9aacc2\",\"friendlyName\":\"clifrontdoor000002\"\r\n
        \ }\r\n}"
    headers:
      cache-control:
      - no-cache
      content-length:
      - '5917'
      content-type:
      - application/json; odata.metadata=minimal
      date:
      - Fri, 16 Oct 2020 02:17:52 GMT
      expires:
      - '-1'
      odata-version:
      - '4.0'
      pragma:
      - no-cache
      server:
      - Microsoft-IIS/8.5
      strict-transport-security:
      - max-age=31536000; includeSubDomains
      transfer-encoding:
      - chunked
      vary:
      - Accept-Encoding
      x-aspnet-version:
      - 4.0.30319
      x-content-type-options:
      - nosniff
      x-powered-by:
      - ASP.NET
    status:
      code: 200
      message: OK
- request:
    body: null
    headers:
      Accept:
      - application/json
      Accept-Encoding:
      - gzip, deflate
      CommandName:
      - network front-door probe delete
      Connection:
      - keep-alive
      ParameterSetName:
      - -f -g -n
      User-Agent:
      - python/3.8.6 (Windows-10-10.0.19041-SP0) msrest/0.6.18 msrest_azure/0.6.3
        azure-mgmt-frontdoor/0.3.0 Azure-SDK-For-Python AZURECLI/2.13.0
      accept-language:
      - en-US
    method: GET
    uri: https://management.azure.com/subscriptions/00000000-0000-0000-0000-000000000000/resourceGroups/clitest.rg000001/providers/Microsoft.Network/frontDoors/clifrontdoor000002?api-version=2020-05-01
  response:
    body:
      string: "{\r\n  \"name\":\"clifrontdoor000002\",\"id\":\"/subscriptions/00000000-0000-0000-0000-000000000000/resourcegroups/clitest.rg000001/providers/Microsoft.Network/frontdoors/clifrontdoor000002\",\"type\":\"Microsoft.Network/frontdoors\",\"tags\":{\r\n
        \   \r\n  },\"location\":\"Global\",\"properties\":{\r\n    \"provisioningState\":\"Succeeded\",\"resourceState\":\"Enabled\",\"backendPools\":[\r\n
        \     {\r\n        \"id\":\"/subscriptions/00000000-0000-0000-0000-000000000000/resourcegroups/clitest.rg000001/providers/Microsoft.Network/Frontdoors/clifrontdoor000002/BackendPools/DefaultBackendPool\",\"name\":\"DefaultBackendPool\",\"type\":\"Microsoft.Network/Frontdoors/BackendPools\",\"properties\":{\r\n
        \         \"backends\":[\r\n            {\r\n              \"address\":\"202.120.2.3\",\"httpPort\":80,\"httpsPort\":443,\"priority\":1,\"weight\":50,\"backendHostHeader\":\"202.120.2.3\",\"enabledState\":\"Enabled\",\"privateLinkAlias\":null,\"privateEndpointStatus\":null,\"privateLinkApprovalMessage\":null,\"privateLinkResourceId\":null,\"privateLinkLocation\":null\r\n
        \           }\r\n          ],\"healthProbeSettings\":{\r\n            \"id\":\"/subscriptions/00000000-0000-0000-0000-000000000000/resourceGroups/clitest.rg000001/providers/Microsoft.Network/frontdoors/clifrontdoor000002/healthProbeSettings/DefaultProbeSettings\"\r\n
        \         },\"loadBalancingSettings\":{\r\n            \"id\":\"/subscriptions/00000000-0000-0000-0000-000000000000/resourceGroups/clitest.rg000001/providers/Microsoft.Network/frontdoors/clifrontdoor000002/loadBalancingSettings/DefaultLoadBalancingSettings\"\r\n
        \         },\"resourceState\":\"Enabled\"\r\n        }\r\n      }\r\n    ],\"healthProbeSettings\":[\r\n
        \     {\r\n        \"id\":\"/subscriptions/00000000-0000-0000-0000-000000000000/resourcegroups/clitest.rg000001/providers/Microsoft.Network/Frontdoors/clifrontdoor000002/HealthProbeSettings/DefaultProbeSettings\",\"name\":\"DefaultProbeSettings\",\"type\":\"Microsoft.Network/Frontdoors/HealthProbeSettings\",\"properties\":{\r\n
        \         \"intervalInSeconds\":30,\"path\":\"/\",\"protocol\":\"Https\",\"resourceState\":\"Enabled\",\"enabledState\":\"Enabled\",\"healthProbeMethod\":\"Head\"\r\n
        \       }\r\n      },{\r\n        \"id\":\"/subscriptions/00000000-0000-0000-0000-000000000000/resourcegroups/clitest.rg000001/providers/Microsoft.Network/Frontdoors/clifrontdoor000002/HealthProbeSettings/pb1\",\"name\":\"pb1\",\"type\":\"Microsoft.Network/Frontdoors/HealthProbeSettings\",\"properties\":{\r\n
        \         \"intervalInSeconds\":10,\"path\":\"/\",\"protocol\":\"Https\",\"resourceState\":\"Enabled\",\"enabledState\":\"Enabled\",\"healthProbeMethod\":\"Head\"\r\n
        \       }\r\n      }\r\n    ],\"frontendEndpoints\":[\r\n      {\r\n        \"id\":\"/subscriptions/00000000-0000-0000-0000-000000000000/resourcegroups/clitest.rg000001/providers/Microsoft.Network/Frontdoors/clifrontdoor000002/FrontendEndpoints/DefaultFrontendEndpoint\",\"name\":\"DefaultFrontendEndpoint\",\"type\":\"Microsoft.Network/Frontdoors/FrontendEndpoints\",\"properties\":{\r\n
        \         \"hostName\":\"clifrontdoor000002.azurefd.net\",\"sessionAffinityEnabledState\":\"Disabled\",\"sessionAffinityTtlSeconds\":0,\"webApplicationFirewallPolicyLink\":null,\"customHttpsProvisioningState\":null,\"customHttpsProvisioningSubstate\":null,\"customHttpsConfiguration\":null,\"resourceState\":\"Enabled\"\r\n
        \       }\r\n      }\r\n    ],\"loadBalancingSettings\":[\r\n      {\r\n        \"id\":\"/subscriptions/00000000-0000-0000-0000-000000000000/resourcegroups/clitest.rg000001/providers/Microsoft.Network/Frontdoors/clifrontdoor000002/LoadBalancingSettings/DefaultLoadBalancingSettings\",\"name\":\"DefaultLoadBalancingSettings\",\"type\":\"Microsoft.Network/Frontdoors/LoadBalancingSettings\",\"properties\":{\r\n
        \         \"additionalLatencyMilliseconds\":0,\"sampleSize\":4,\"successfulSamplesRequired\":2,\"resourceState\":\"Enabled\"\r\n
        \       }\r\n      }\r\n    ],\"rulesEngines\":[\r\n      \r\n    ],\"routingRules\":[\r\n
        \     {\r\n        \"id\":\"/subscriptions/00000000-0000-0000-0000-000000000000/resourcegroups/clitest.rg000001/providers/Microsoft.Network/Frontdoors/clifrontdoor000002/RoutingRules/DefaultRoutingRule\",\"name\":\"DefaultRoutingRule\",\"type\":\"Microsoft.Network/Frontdoors/RoutingRules\",\"properties\":{\r\n
        \         \"frontendEndpoints\":[\r\n            {\r\n              \"id\":\"/subscriptions/00000000-0000-0000-0000-000000000000/resourceGroups/clitest.rg000001/providers/Microsoft.Network/frontdoors/clifrontdoor000002/frontendEndpoints/DefaultFrontendEndpoint\"\r\n
        \           }\r\n          ],\"acceptedProtocols\":[\r\n            \"Http\"\r\n
        \         ],\"patternsToMatch\":[\r\n            \"/*\"\r\n          ],\"enabledState\":\"Enabled\",\"resourceState\":\"Enabled\",\"routeConfiguration\":{\r\n
        \           \"@odata.type\":\"#Microsoft.Azure.FrontDoor.Models.FrontdoorForwardingConfiguration\",\"customForwardingPath\":null,\"forwardingProtocol\":\"MatchRequest\",\"cacheConfiguration\":null,\"backendPool\":{\r\n
        \             \"id\":\"/subscriptions/00000000-0000-0000-0000-000000000000/resourceGroups/clitest.rg000001/providers/Microsoft.Network/frontdoors/clifrontdoor000002/backendPools/DefaultBackendPool\"\r\n
        \           }\r\n          },\"rulesEngine\":null,\"webApplicationFirewallPolicyLink\":null\r\n
        \       }\r\n      }\r\n    ],\"backendPoolsSettings\":{\r\n      \"enforceCertificateNameCheck\":\"Enabled\",\"sendRecvTimeoutSeconds\":30\r\n
        \   },\"enabledState\":\"Enabled\",\"cName\":\"clifrontdoor000002.azurefd.net\",\"frontdoorId\":\"a74c1e68-c505-4bd3-a191-a0d92b9aacc2\",\"friendlyName\":\"clifrontdoor000002\"\r\n
        \ }\r\n}"
    headers:
      cache-control:
      - no-cache
      content-length:
      - '5917'
      content-type:
      - application/json; odata.metadata=minimal
      date:
      - Fri, 16 Oct 2020 02:17:54 GMT
      expires:
      - '-1'
      odata-version:
      - '4.0'
      pragma:
      - no-cache
      server:
      - Microsoft-IIS/8.5
      strict-transport-security:
      - max-age=31536000; includeSubDomains
      transfer-encoding:
      - chunked
      vary:
      - Accept-Encoding
      x-aspnet-version:
      - 4.0.30319
      x-content-type-options:
      - nosniff
      x-powered-by:
      - ASP.NET
    status:
      code: 200
      message: OK
- request:
    body: '{"location": "Global", "tags": {}, "properties": {"friendlyName": "clifrontdoor000002",
      "routingRules": [{"id": "/subscriptions/00000000-0000-0000-0000-000000000000/resourcegroups/clitest.rg000001/providers/Microsoft.Network/Frontdoors/clifrontdoor000002/RoutingRules/DefaultRoutingRule",
      "properties": {"frontendEndpoints": [{"id": "/subscriptions/00000000-0000-0000-0000-000000000000/resourceGroups/clitest.rg000001/providers/Microsoft.Network/frontdoors/clifrontdoor000002/frontendEndpoints/DefaultFrontendEndpoint"}],
      "acceptedProtocols": ["Http"], "patternsToMatch": ["/*"], "enabledState": "Enabled",
      "routeConfiguration": {"@odata.type": "#Microsoft.Azure.FrontDoor.Models.FrontdoorForwardingConfiguration",
      "forwardingProtocol": "MatchRequest", "backendPool": {"id": "/subscriptions/00000000-0000-0000-0000-000000000000/resourceGroups/clitest.rg000001/providers/Microsoft.Network/frontdoors/clifrontdoor000002/backendPools/DefaultBackendPool"}},
      "resourceState": "Enabled"}, "name": "DefaultRoutingRule"}], "loadBalancingSettings":
      [{"id": "/subscriptions/00000000-0000-0000-0000-000000000000/resourcegroups/clitest.rg000001/providers/Microsoft.Network/Frontdoors/clifrontdoor000002/LoadBalancingSettings/DefaultLoadBalancingSettings",
      "properties": {"sampleSize": 4, "successfulSamplesRequired": 2, "additionalLatencyMilliseconds":
      0, "resourceState": "Enabled"}, "name": "DefaultLoadBalancingSettings"}], "healthProbeSettings":
      [{"id": "/subscriptions/00000000-0000-0000-0000-000000000000/resourcegroups/clitest.rg000001/providers/Microsoft.Network/Frontdoors/clifrontdoor000002/HealthProbeSettings/DefaultProbeSettings",
      "properties": {"path": "/", "protocol": "Https", "intervalInSeconds": 30, "healthProbeMethod":
      "Head", "enabledState": "Enabled", "resourceState": "Enabled"}, "name": "DefaultProbeSettings"}],
      "backendPools": [{"id": "/subscriptions/00000000-0000-0000-0000-000000000000/resourcegroups/clitest.rg000001/providers/Microsoft.Network/Frontdoors/clifrontdoor000002/BackendPools/DefaultBackendPool",
      "properties": {"backends": [{"address": "202.120.2.3", "httpPort": 80, "httpsPort":
      443, "enabledState": "Enabled", "priority": 1, "weight": 50, "backendHostHeader":
      "202.120.2.3"}], "loadBalancingSettings": {"id": "/subscriptions/00000000-0000-0000-0000-000000000000/resourceGroups/clitest.rg000001/providers/Microsoft.Network/frontdoors/clifrontdoor000002/loadBalancingSettings/DefaultLoadBalancingSettings"},
      "healthProbeSettings": {"id": "/subscriptions/00000000-0000-0000-0000-000000000000/resourceGroups/clitest.rg000001/providers/Microsoft.Network/frontdoors/clifrontdoor000002/healthProbeSettings/DefaultProbeSettings"},
      "resourceState": "Enabled"}, "name": "DefaultBackendPool"}], "frontendEndpoints":
      [{"id": "/subscriptions/00000000-0000-0000-0000-000000000000/resourcegroups/clitest.rg000001/providers/Microsoft.Network/Frontdoors/clifrontdoor000002/FrontendEndpoints/DefaultFrontendEndpoint",
      "properties": {"hostName": "clifrontdoor000002.azurefd.net", "sessionAffinityEnabledState":
      "Disabled", "sessionAffinityTtlSeconds": 0, "resourceState": "Enabled"}, "name":
      "DefaultFrontendEndpoint"}], "backendPoolsSettings": {"enforceCertificateNameCheck":
      "Enabled", "sendRecvTimeoutSeconds": 30}, "enabledState": "Enabled", "resourceState":
      "Enabled"}}'
    headers:
      Accept:
      - application/json
      Accept-Encoding:
      - gzip, deflate
      CommandName:
      - network front-door probe delete
      Connection:
      - keep-alive
      Content-Length:
      - '3840'
      Content-Type:
      - application/json; charset=utf-8
      ParameterSetName:
      - -f -g -n
      User-Agent:
      - python/3.8.6 (Windows-10-10.0.19041-SP0) msrest/0.6.18 msrest_azure/0.6.3
        azure-mgmt-frontdoor/0.3.0 Azure-SDK-For-Python AZURECLI/2.13.0
      accept-language:
      - en-US
    method: PUT
    uri: https://management.azure.com/subscriptions/00000000-0000-0000-0000-000000000000/resourceGroups/clitest.rg000001/providers/Microsoft.Network/frontDoors/clifrontdoor000002?api-version=2020-05-01
  response:
    body:
      string: "{\r\n  \"name\":\"clifrontdoor000002\",\"id\":\"/subscriptions/00000000-0000-0000-0000-000000000000/resourcegroups/clitest.rg000001/providers/Microsoft.Network/frontdoors/clifrontdoor000002\",\"type\":\"Microsoft.Network/frontdoors\",\"tags\":{\r\n
        \   \r\n  },\"location\":\"Global\",\"properties\":{\r\n    \"provisioningState\":\"Succeeded\",\"resourceState\":\"Enabled\",\"backendPools\":[\r\n
        \     {\r\n        \"id\":\"/subscriptions/00000000-0000-0000-0000-000000000000/resourcegroups/clitest.rg000001/providers/Microsoft.Network/Frontdoors/clifrontdoor000002/BackendPools/DefaultBackendPool\",\"name\":\"DefaultBackendPool\",\"type\":\"Microsoft.Network/Frontdoors/BackendPools\",\"properties\":{\r\n
        \         \"backends\":[\r\n            {\r\n              \"address\":\"202.120.2.3\",\"httpPort\":80,\"httpsPort\":443,\"priority\":1,\"weight\":50,\"backendHostHeader\":\"202.120.2.3\",\"enabledState\":\"Enabled\",\"privateLinkAlias\":null,\"privateEndpointStatus\":null,\"privateLinkApprovalMessage\":null,\"privateLinkResourceId\":null,\"privateLinkLocation\":null\r\n
        \           }\r\n          ],\"healthProbeSettings\":{\r\n            \"id\":\"/subscriptions/00000000-0000-0000-0000-000000000000/resourceGroups/clitest.rg000001/providers/Microsoft.Network/frontdoors/clifrontdoor000002/healthProbeSettings/DefaultProbeSettings\"\r\n
        \         },\"loadBalancingSettings\":{\r\n            \"id\":\"/subscriptions/00000000-0000-0000-0000-000000000000/resourceGroups/clitest.rg000001/providers/Microsoft.Network/frontdoors/clifrontdoor000002/loadBalancingSettings/DefaultLoadBalancingSettings\"\r\n
        \         },\"resourceState\":\"Enabled\"\r\n        }\r\n      }\r\n    ],\"healthProbeSettings\":[\r\n
        \     {\r\n        \"id\":\"/subscriptions/00000000-0000-0000-0000-000000000000/resourcegroups/clitest.rg000001/providers/Microsoft.Network/Frontdoors/clifrontdoor000002/HealthProbeSettings/DefaultProbeSettings\",\"name\":\"DefaultProbeSettings\",\"type\":\"Microsoft.Network/Frontdoors/HealthProbeSettings\",\"properties\":{\r\n
        \         \"intervalInSeconds\":30,\"path\":\"/\",\"protocol\":\"Https\",\"resourceState\":\"Enabled\",\"enabledState\":\"Enabled\",\"healthProbeMethod\":\"Head\"\r\n
        \       }\r\n      }\r\n    ],\"frontendEndpoints\":[\r\n      {\r\n        \"id\":\"/subscriptions/00000000-0000-0000-0000-000000000000/resourcegroups/clitest.rg000001/providers/Microsoft.Network/Frontdoors/clifrontdoor000002/FrontendEndpoints/DefaultFrontendEndpoint\",\"name\":\"DefaultFrontendEndpoint\",\"type\":\"Microsoft.Network/Frontdoors/FrontendEndpoints\",\"properties\":{\r\n
        \         \"hostName\":\"clifrontdoor000002.azurefd.net\",\"sessionAffinityEnabledState\":\"Disabled\",\"sessionAffinityTtlSeconds\":0,\"webApplicationFirewallPolicyLink\":null,\"customHttpsProvisioningState\":null,\"customHttpsProvisioningSubstate\":null,\"customHttpsConfiguration\":null,\"resourceState\":\"Enabled\"\r\n
        \       }\r\n      }\r\n    ],\"loadBalancingSettings\":[\r\n      {\r\n        \"id\":\"/subscriptions/00000000-0000-0000-0000-000000000000/resourcegroups/clitest.rg000001/providers/Microsoft.Network/Frontdoors/clifrontdoor000002/LoadBalancingSettings/DefaultLoadBalancingSettings\",\"name\":\"DefaultLoadBalancingSettings\",\"type\":\"Microsoft.Network/Frontdoors/LoadBalancingSettings\",\"properties\":{\r\n
        \         \"additionalLatencyMilliseconds\":0,\"sampleSize\":4,\"successfulSamplesRequired\":2,\"resourceState\":\"Enabled\"\r\n
        \       }\r\n      }\r\n    ],\"rulesEngines\":[\r\n      \r\n    ],\"routingRules\":[\r\n
        \     {\r\n        \"id\":\"/subscriptions/00000000-0000-0000-0000-000000000000/resourcegroups/clitest.rg000001/providers/Microsoft.Network/Frontdoors/clifrontdoor000002/RoutingRules/DefaultRoutingRule\",\"name\":\"DefaultRoutingRule\",\"type\":\"Microsoft.Network/Frontdoors/RoutingRules\",\"properties\":{\r\n
        \         \"frontendEndpoints\":[\r\n            {\r\n              \"id\":\"/subscriptions/00000000-0000-0000-0000-000000000000/resourceGroups/clitest.rg000001/providers/Microsoft.Network/frontdoors/clifrontdoor000002/frontendEndpoints/DefaultFrontendEndpoint\"\r\n
        \           }\r\n          ],\"acceptedProtocols\":[\r\n            \"Http\"\r\n
        \         ],\"patternsToMatch\":[\r\n            \"/*\"\r\n          ],\"enabledState\":\"Enabled\",\"resourceState\":\"Enabled\",\"routeConfiguration\":{\r\n
        \           \"@odata.type\":\"#Microsoft.Azure.FrontDoor.Models.FrontdoorForwardingConfiguration\",\"customForwardingPath\":null,\"forwardingProtocol\":\"MatchRequest\",\"cacheConfiguration\":null,\"backendPool\":{\r\n
        \             \"id\":\"/subscriptions/00000000-0000-0000-0000-000000000000/resourceGroups/clitest.rg000001/providers/Microsoft.Network/frontdoors/clifrontdoor000002/backendPools/DefaultBackendPool\"\r\n
        \           }\r\n          },\"rulesEngine\":null,\"webApplicationFirewallPolicyLink\":null\r\n
        \       }\r\n      }\r\n    ],\"backendPoolsSettings\":{\r\n      \"enforceCertificateNameCheck\":\"Enabled\",\"sendRecvTimeoutSeconds\":30\r\n
        \   },\"enabledState\":\"Enabled\",\"cName\":\"clifrontdoor000002.azurefd.net\",\"frontdoorId\":\"a74c1e68-c505-4bd3-a191-a0d92b9aacc2\",\"friendlyName\":\"clifrontdoor000002\"\r\n
        \ }\r\n}"
    headers:
      azure-asyncoperation:
      - https://management.azure.com/subscriptions/00000000-0000-0000-0000-000000000000/resourcegroups/clitest.rg000001/providers/Microsoft.Network/frontdooroperationresults/759353ba-f127-4b7d-bbc8-1ef07b8179cc?api-version=2020-05-01
      cache-control:
      - no-cache
      content-length:
      - '5424'
      content-type:
      - application/json; odata.metadata=minimal
      date:
      - Fri, 16 Oct 2020 02:17:57 GMT
      expires:
      - '-1'
      location:
      - https://management.azure.com/subscriptions/00000000-0000-0000-0000-000000000000/resourcegroups/clitest.rg000001/providers/Microsoft.Network/frontdooroperationresults/759353ba-f127-4b7d-bbc8-1ef07b8179cc/frontdoorresults/clifrontdoor000002?api-version=2020-05-01
      odata-version:
      - '4.0'
      pragma:
      - no-cache
      server:
      - Microsoft-IIS/8.5
      strict-transport-security:
      - max-age=31536000; includeSubDomains
      x-aspnet-version:
      - 4.0.30319
      x-content-type-options:
      - nosniff
      x-ms-ratelimit-remaining-subscription-writes:
      - '1199'
      x-powered-by:
      - ASP.NET
    status:
      code: 202
      message: Accepted
- request:
    body: null
    headers:
      Accept:
      - application/json
      Accept-Encoding:
      - gzip, deflate
      CommandName:
      - network front-door probe delete
      Connection:
      - keep-alive
      ParameterSetName:
      - -f -g -n
      User-Agent:
      - python/3.8.6 (Windows-10-10.0.19041-SP0) msrest/0.6.18 msrest_azure/0.6.3
        azure-mgmt-frontdoor/0.3.0 Azure-SDK-For-Python AZURECLI/2.13.0
    method: GET
    uri: https://management.azure.com/subscriptions/00000000-0000-0000-0000-000000000000/resourcegroups/clitest.rg000001/providers/Microsoft.Network/frontdooroperationresults/759353ba-f127-4b7d-bbc8-1ef07b8179cc?api-version=2020-05-01
  response:
    body:
      string: "{\r\n  \"status\":\"InProgress\",\"error\":{\r\n    \"code\":\"None\",\"message\":null\r\n
        \ }\r\n}"
    headers:
      cache-control:
      - no-cache
      content-length:
      - '78'
      content-type:
      - application/json; odata.metadata=minimal
      date:
      - Fri, 16 Oct 2020 02:18:09 GMT
      expires:
      - '-1'
      odata-version:
      - '4.0'
      pragma:
      - no-cache
      server:
      - Microsoft-IIS/8.5
      strict-transport-security:
      - max-age=31536000; includeSubDomains
      transfer-encoding:
      - chunked
      vary:
      - Accept-Encoding
      x-aspnet-version:
      - 4.0.30319
      x-content-type-options:
      - nosniff
      x-powered-by:
      - ASP.NET
    status:
      code: 200
      message: OK
- request:
    body: null
    headers:
      Accept:
      - application/json
      Accept-Encoding:
      - gzip, deflate
      CommandName:
      - network front-door probe delete
      Connection:
      - keep-alive
      ParameterSetName:
      - -f -g -n
      User-Agent:
      - python/3.8.6 (Windows-10-10.0.19041-SP0) msrest/0.6.18 msrest_azure/0.6.3
        azure-mgmt-frontdoor/0.3.0 Azure-SDK-For-Python AZURECLI/2.13.0
    method: GET
    uri: https://management.azure.com/subscriptions/00000000-0000-0000-0000-000000000000/resourcegroups/clitest.rg000001/providers/Microsoft.Network/frontdooroperationresults/759353ba-f127-4b7d-bbc8-1ef07b8179cc?api-version=2020-05-01
  response:
    body:
      string: "{\r\n  \"status\":\"Succeeded\",\"error\":{\r\n    \"code\":\"None\",\"message\":null\r\n
        \ }\r\n}"
    headers:
      cache-control:
      - no-cache
      content-length:
      - '77'
      content-type:
      - application/json; odata.metadata=minimal
      date:
      - Fri, 16 Oct 2020 02:18:39 GMT
      expires:
      - '-1'
      odata-version:
      - '4.0'
      pragma:
      - no-cache
      server:
      - Microsoft-IIS/8.5
      strict-transport-security:
      - max-age=31536000; includeSubDomains
      transfer-encoding:
      - chunked
      vary:
      - Accept-Encoding
      x-aspnet-version:
      - 4.0.30319
      x-content-type-options:
      - nosniff
      x-powered-by:
      - ASP.NET
    status:
      code: 200
      message: OK
- request:
    body: null
    headers:
      Accept:
      - application/json
      Accept-Encoding:
      - gzip, deflate
      CommandName:
      - network front-door probe delete
      Connection:
      - keep-alive
      ParameterSetName:
      - -f -g -n
      User-Agent:
      - python/3.8.6 (Windows-10-10.0.19041-SP0) msrest/0.6.18 msrest_azure/0.6.3
        azure-mgmt-frontdoor/0.3.0 Azure-SDK-For-Python AZURECLI/2.13.0
    method: GET
    uri: https://management.azure.com/subscriptions/00000000-0000-0000-0000-000000000000/resourceGroups/clitest.rg000001/providers/Microsoft.Network/frontDoors/clifrontdoor000002?api-version=2020-05-01
  response:
    body:
      string: "{\r\n  \"name\":\"clifrontdoor000002\",\"id\":\"/subscriptions/00000000-0000-0000-0000-000000000000/resourcegroups/clitest.rg000001/providers/Microsoft.Network/frontdoors/clifrontdoor000002\",\"type\":\"Microsoft.Network/frontdoors\",\"tags\":{\r\n
        \   \r\n  },\"location\":\"Global\",\"properties\":{\r\n    \"provisioningState\":\"Succeeded\",\"resourceState\":\"Enabled\",\"backendPools\":[\r\n
        \     {\r\n        \"id\":\"/subscriptions/00000000-0000-0000-0000-000000000000/resourcegroups/clitest.rg000001/providers/Microsoft.Network/Frontdoors/clifrontdoor000002/BackendPools/DefaultBackendPool\",\"name\":\"DefaultBackendPool\",\"type\":\"Microsoft.Network/Frontdoors/BackendPools\",\"properties\":{\r\n
        \         \"backends\":[\r\n            {\r\n              \"address\":\"202.120.2.3\",\"httpPort\":80,\"httpsPort\":443,\"priority\":1,\"weight\":50,\"backendHostHeader\":\"202.120.2.3\",\"enabledState\":\"Enabled\",\"privateLinkAlias\":null,\"privateEndpointStatus\":null,\"privateLinkApprovalMessage\":null,\"privateLinkResourceId\":null,\"privateLinkLocation\":null\r\n
        \           }\r\n          ],\"healthProbeSettings\":{\r\n            \"id\":\"/subscriptions/00000000-0000-0000-0000-000000000000/resourceGroups/clitest.rg000001/providers/Microsoft.Network/frontdoors/clifrontdoor000002/healthProbeSettings/DefaultProbeSettings\"\r\n
        \         },\"loadBalancingSettings\":{\r\n            \"id\":\"/subscriptions/00000000-0000-0000-0000-000000000000/resourceGroups/clitest.rg000001/providers/Microsoft.Network/frontdoors/clifrontdoor000002/loadBalancingSettings/DefaultLoadBalancingSettings\"\r\n
        \         },\"resourceState\":\"Enabled\"\r\n        }\r\n      }\r\n    ],\"healthProbeSettings\":[\r\n
        \     {\r\n        \"id\":\"/subscriptions/00000000-0000-0000-0000-000000000000/resourcegroups/clitest.rg000001/providers/Microsoft.Network/Frontdoors/clifrontdoor000002/HealthProbeSettings/DefaultProbeSettings\",\"name\":\"DefaultProbeSettings\",\"type\":\"Microsoft.Network/Frontdoors/HealthProbeSettings\",\"properties\":{\r\n
        \         \"intervalInSeconds\":30,\"path\":\"/\",\"protocol\":\"Https\",\"resourceState\":\"Enabled\",\"enabledState\":\"Enabled\",\"healthProbeMethod\":\"Head\"\r\n
        \       }\r\n      }\r\n    ],\"frontendEndpoints\":[\r\n      {\r\n        \"id\":\"/subscriptions/00000000-0000-0000-0000-000000000000/resourcegroups/clitest.rg000001/providers/Microsoft.Network/Frontdoors/clifrontdoor000002/FrontendEndpoints/DefaultFrontendEndpoint\",\"name\":\"DefaultFrontendEndpoint\",\"type\":\"Microsoft.Network/Frontdoors/FrontendEndpoints\",\"properties\":{\r\n
        \         \"hostName\":\"clifrontdoor000002.azurefd.net\",\"sessionAffinityEnabledState\":\"Disabled\",\"sessionAffinityTtlSeconds\":0,\"webApplicationFirewallPolicyLink\":null,\"customHttpsProvisioningState\":null,\"customHttpsProvisioningSubstate\":null,\"customHttpsConfiguration\":null,\"resourceState\":\"Enabled\"\r\n
        \       }\r\n      }\r\n    ],\"loadBalancingSettings\":[\r\n      {\r\n        \"id\":\"/subscriptions/00000000-0000-0000-0000-000000000000/resourcegroups/clitest.rg000001/providers/Microsoft.Network/Frontdoors/clifrontdoor000002/LoadBalancingSettings/DefaultLoadBalancingSettings\",\"name\":\"DefaultLoadBalancingSettings\",\"type\":\"Microsoft.Network/Frontdoors/LoadBalancingSettings\",\"properties\":{\r\n
        \         \"additionalLatencyMilliseconds\":0,\"sampleSize\":4,\"successfulSamplesRequired\":2,\"resourceState\":\"Enabled\"\r\n
        \       }\r\n      }\r\n    ],\"rulesEngines\":[\r\n      \r\n    ],\"routingRules\":[\r\n
        \     {\r\n        \"id\":\"/subscriptions/00000000-0000-0000-0000-000000000000/resourcegroups/clitest.rg000001/providers/Microsoft.Network/Frontdoors/clifrontdoor000002/RoutingRules/DefaultRoutingRule\",\"name\":\"DefaultRoutingRule\",\"type\":\"Microsoft.Network/Frontdoors/RoutingRules\",\"properties\":{\r\n
        \         \"frontendEndpoints\":[\r\n            {\r\n              \"id\":\"/subscriptions/00000000-0000-0000-0000-000000000000/resourceGroups/clitest.rg000001/providers/Microsoft.Network/frontdoors/clifrontdoor000002/frontendEndpoints/DefaultFrontendEndpoint\"\r\n
        \           }\r\n          ],\"acceptedProtocols\":[\r\n            \"Http\"\r\n
        \         ],\"patternsToMatch\":[\r\n            \"/*\"\r\n          ],\"enabledState\":\"Enabled\",\"resourceState\":\"Enabled\",\"routeConfiguration\":{\r\n
        \           \"@odata.type\":\"#Microsoft.Azure.FrontDoor.Models.FrontdoorForwardingConfiguration\",\"customForwardingPath\":null,\"forwardingProtocol\":\"MatchRequest\",\"cacheConfiguration\":null,\"backendPool\":{\r\n
        \             \"id\":\"/subscriptions/00000000-0000-0000-0000-000000000000/resourceGroups/clitest.rg000001/providers/Microsoft.Network/frontdoors/clifrontdoor000002/backendPools/DefaultBackendPool\"\r\n
        \           }\r\n          },\"rulesEngine\":null,\"webApplicationFirewallPolicyLink\":null\r\n
        \       }\r\n      }\r\n    ],\"backendPoolsSettings\":{\r\n      \"enforceCertificateNameCheck\":\"Enabled\",\"sendRecvTimeoutSeconds\":30\r\n
        \   },\"enabledState\":\"Enabled\",\"cName\":\"clifrontdoor000002.azurefd.net\",\"frontdoorId\":\"a74c1e68-c505-4bd3-a191-a0d92b9aacc2\",\"friendlyName\":\"clifrontdoor000002\"\r\n
        \ }\r\n}"
    headers:
      cache-control:
      - no-cache
      content-length:
      - '5424'
      content-type:
      - application/json; odata.metadata=minimal
      date:
      - Fri, 16 Oct 2020 02:18:42 GMT
      expires:
      - '-1'
      odata-version:
      - '4.0'
      pragma:
      - no-cache
      server:
      - Microsoft-IIS/8.5
      strict-transport-security:
      - max-age=31536000; includeSubDomains
      transfer-encoding:
      - chunked
      vary:
      - Accept-Encoding
      x-aspnet-version:
      - 4.0.30319
      x-content-type-options:
      - nosniff
      x-powered-by:
      - ASP.NET
    status:
      code: 200
      message: OK
- request:
    body: null
    headers:
      Accept:
      - application/json
      Accept-Encoding:
      - gzip, deflate
      CommandName:
      - network front-door probe list
      Connection:
      - keep-alive
      ParameterSetName:
      - -f -g
      User-Agent:
      - python/3.8.6 (Windows-10-10.0.19041-SP0) msrest/0.6.18 msrest_azure/0.6.3
        azure-mgmt-frontdoor/0.3.0 Azure-SDK-For-Python AZURECLI/2.13.0
      accept-language:
      - en-US
    method: GET
    uri: https://management.azure.com/subscriptions/00000000-0000-0000-0000-000000000000/resourceGroups/clitest.rg000001/providers/Microsoft.Network/frontDoors/clifrontdoor000002?api-version=2020-05-01
  response:
    body:
      string: "{\r\n  \"name\":\"clifrontdoor000002\",\"id\":\"/subscriptions/00000000-0000-0000-0000-000000000000/resourcegroups/clitest.rg000001/providers/Microsoft.Network/frontdoors/clifrontdoor000002\",\"type\":\"Microsoft.Network/frontdoors\",\"tags\":{\r\n
        \   \r\n  },\"location\":\"Global\",\"properties\":{\r\n    \"provisioningState\":\"Succeeded\",\"resourceState\":\"Enabled\",\"backendPools\":[\r\n
        \     {\r\n        \"id\":\"/subscriptions/00000000-0000-0000-0000-000000000000/resourcegroups/clitest.rg000001/providers/Microsoft.Network/Frontdoors/clifrontdoor000002/BackendPools/DefaultBackendPool\",\"name\":\"DefaultBackendPool\",\"type\":\"Microsoft.Network/Frontdoors/BackendPools\",\"properties\":{\r\n
        \         \"backends\":[\r\n            {\r\n              \"address\":\"202.120.2.3\",\"httpPort\":80,\"httpsPort\":443,\"priority\":1,\"weight\":50,\"backendHostHeader\":\"202.120.2.3\",\"enabledState\":\"Enabled\",\"privateLinkAlias\":null,\"privateEndpointStatus\":null,\"privateLinkApprovalMessage\":null,\"privateLinkResourceId\":null,\"privateLinkLocation\":null\r\n
        \           }\r\n          ],\"healthProbeSettings\":{\r\n            \"id\":\"/subscriptions/00000000-0000-0000-0000-000000000000/resourceGroups/clitest.rg000001/providers/Microsoft.Network/frontdoors/clifrontdoor000002/healthProbeSettings/DefaultProbeSettings\"\r\n
        \         },\"loadBalancingSettings\":{\r\n            \"id\":\"/subscriptions/00000000-0000-0000-0000-000000000000/resourceGroups/clitest.rg000001/providers/Microsoft.Network/frontdoors/clifrontdoor000002/loadBalancingSettings/DefaultLoadBalancingSettings\"\r\n
        \         },\"resourceState\":\"Enabled\"\r\n        }\r\n      }\r\n    ],\"healthProbeSettings\":[\r\n
        \     {\r\n        \"id\":\"/subscriptions/00000000-0000-0000-0000-000000000000/resourcegroups/clitest.rg000001/providers/Microsoft.Network/Frontdoors/clifrontdoor000002/HealthProbeSettings/DefaultProbeSettings\",\"name\":\"DefaultProbeSettings\",\"type\":\"Microsoft.Network/Frontdoors/HealthProbeSettings\",\"properties\":{\r\n
        \         \"intervalInSeconds\":30,\"path\":\"/\",\"protocol\":\"Https\",\"resourceState\":\"Enabled\",\"enabledState\":\"Enabled\",\"healthProbeMethod\":\"Head\"\r\n
        \       }\r\n      }\r\n    ],\"frontendEndpoints\":[\r\n      {\r\n        \"id\":\"/subscriptions/00000000-0000-0000-0000-000000000000/resourcegroups/clitest.rg000001/providers/Microsoft.Network/Frontdoors/clifrontdoor000002/FrontendEndpoints/DefaultFrontendEndpoint\",\"name\":\"DefaultFrontendEndpoint\",\"type\":\"Microsoft.Network/Frontdoors/FrontendEndpoints\",\"properties\":{\r\n
        \         \"hostName\":\"clifrontdoor000002.azurefd.net\",\"sessionAffinityEnabledState\":\"Disabled\",\"sessionAffinityTtlSeconds\":0,\"webApplicationFirewallPolicyLink\":null,\"customHttpsProvisioningState\":null,\"customHttpsProvisioningSubstate\":null,\"customHttpsConfiguration\":null,\"resourceState\":\"Enabled\"\r\n
        \       }\r\n      }\r\n    ],\"loadBalancingSettings\":[\r\n      {\r\n        \"id\":\"/subscriptions/00000000-0000-0000-0000-000000000000/resourcegroups/clitest.rg000001/providers/Microsoft.Network/Frontdoors/clifrontdoor000002/LoadBalancingSettings/DefaultLoadBalancingSettings\",\"name\":\"DefaultLoadBalancingSettings\",\"type\":\"Microsoft.Network/Frontdoors/LoadBalancingSettings\",\"properties\":{\r\n
        \         \"additionalLatencyMilliseconds\":0,\"sampleSize\":4,\"successfulSamplesRequired\":2,\"resourceState\":\"Enabled\"\r\n
        \       }\r\n      }\r\n    ],\"rulesEngines\":[\r\n      \r\n    ],\"routingRules\":[\r\n
        \     {\r\n        \"id\":\"/subscriptions/00000000-0000-0000-0000-000000000000/resourcegroups/clitest.rg000001/providers/Microsoft.Network/Frontdoors/clifrontdoor000002/RoutingRules/DefaultRoutingRule\",\"name\":\"DefaultRoutingRule\",\"type\":\"Microsoft.Network/Frontdoors/RoutingRules\",\"properties\":{\r\n
        \         \"frontendEndpoints\":[\r\n            {\r\n              \"id\":\"/subscriptions/00000000-0000-0000-0000-000000000000/resourceGroups/clitest.rg000001/providers/Microsoft.Network/frontdoors/clifrontdoor000002/frontendEndpoints/DefaultFrontendEndpoint\"\r\n
        \           }\r\n          ],\"acceptedProtocols\":[\r\n            \"Http\"\r\n
        \         ],\"patternsToMatch\":[\r\n            \"/*\"\r\n          ],\"enabledState\":\"Enabled\",\"resourceState\":\"Enabled\",\"routeConfiguration\":{\r\n
        \           \"@odata.type\":\"#Microsoft.Azure.FrontDoor.Models.FrontdoorForwardingConfiguration\",\"customForwardingPath\":null,\"forwardingProtocol\":\"MatchRequest\",\"cacheConfiguration\":null,\"backendPool\":{\r\n
        \             \"id\":\"/subscriptions/00000000-0000-0000-0000-000000000000/resourceGroups/clitest.rg000001/providers/Microsoft.Network/frontdoors/clifrontdoor000002/backendPools/DefaultBackendPool\"\r\n
        \           }\r\n          },\"rulesEngine\":null,\"webApplicationFirewallPolicyLink\":null\r\n
        \       }\r\n      }\r\n    ],\"backendPoolsSettings\":{\r\n      \"enforceCertificateNameCheck\":\"Enabled\",\"sendRecvTimeoutSeconds\":30\r\n
        \   },\"enabledState\":\"Enabled\",\"cName\":\"clifrontdoor000002.azurefd.net\",\"frontdoorId\":\"a74c1e68-c505-4bd3-a191-a0d92b9aacc2\",\"friendlyName\":\"clifrontdoor000002\"\r\n
        \ }\r\n}"
    headers:
      cache-control:
      - no-cache
      content-length:
      - '5424'
      content-type:
      - application/json; odata.metadata=minimal
      date:
      - Fri, 16 Oct 2020 02:18:43 GMT
      expires:
      - '-1'
      odata-version:
      - '4.0'
      pragma:
      - no-cache
      server:
      - Microsoft-IIS/8.5
      strict-transport-security:
      - max-age=31536000; includeSubDomains
      transfer-encoding:
      - chunked
      vary:
      - Accept-Encoding
      x-aspnet-version:
      - 4.0.30319
      x-content-type-options:
      - nosniff
      x-powered-by:
      - ASP.NET
    status:
      code: 200
      message: OK
version: 1
