interactions:
- request:
    body: '{"location": "global", "properties": {"policySettings": {"enabledState":
      "Enabled", "requestBodyCheck": "Disabled"}, "customRules": {"rules": []}, "managedRules":
      {}}, "sku": {"name": "Classic_AzureFrontDoor"}}'
    headers:
      Accept:
      - application/json
      Accept-Encoding:
      - gzip, deflate
      CommandName:
      - network front-door waf-policy create
      Connection:
      - keep-alive
      Content-Length:
      - '210'
      Content-Type:
      - application/json; charset=utf-8
      ParameterSetName:
      - --resource-group --name
      User-Agent:
      - python/3.7.9 (Windows-10-10.0.19041-SP0) msrest/0.6.18 msrest_azure/0.6.3
        azure-mgmt-frontdoor/0.3.0 Azure-SDK-For-Python AZURECLI/2.18.0
      accept-language:
      - en-US
    method: PUT
    uri: https://management.azure.com/subscriptions/00000000-0000-0000-0000-000000000000/resourceGroups/clitest.rg000001/providers/Microsoft.Network/FrontDoorWebApplicationFirewallPolicies/cli000002?api-version=2020-11-01
  response:
    body:
      string: '{"name":"cli000002","id":"/subscriptions/00000000-0000-0000-0000-000000000000/resourcegroups/clitest.rg000001/providers/Microsoft.Network/frontdoorwebapplicationfirewallpolicies/cli000002","type":"Microsoft.Network/frontdoorwebapplicationfirewallpolicies","location":"Global","tags":{},"sku":{"name":"Classic_AzureFrontDoor"},"properties":{"resourceState":"Enabled","provisioningState":"Succeeded","policySettings":{"enabledState":"Enabled","mode":"Prevention","redirectUrl":null,"customBlockResponseStatusCode":null,"customBlockResponseBody":null,"requestBodyCheck":"Disabled"},"customRules":{"rules":[]},"managedRules":{"managedRuleSets":[]},"frontendEndpointLinks":[],"routingRuleLinks":[]}}'
    headers:
      cache-control:
      - no-cache
      content-length:
      - '783'
      content-type:
      - application/json; odata.metadata=minimal; odata.streaming=true
      date:
      - Tue, 26 Jan 2021 17:39:07 GMT
      expires:
      - '-1'
      odata-version:
      - '4.0'
      pragma:
      - no-cache
      server:
      - Kestrel
      strict-transport-security:
      - max-age=31536000; includeSubDomains
      x-content-type-options:
      - nosniff
      x-ms-ratelimit-remaining-subscription-writes:
      - '1198'
    status:
      code: 201
      message: Created
- request:
    body: null
    headers:
      Accept:
      - application/json
      Accept-Encoding:
      - gzip, deflate
      CommandName:
      - network front-door waf-policy rule create
      Connection:
      - keep-alive
      ParameterSetName:
      - -g --policy-name -n --priority --rule-type --action --defer
      User-Agent:
      - python/3.7.9 (Windows-10-10.0.19041-SP0) msrest/0.6.18 msrest_azure/0.6.3
        azure-mgmt-frontdoor/0.3.0 Azure-SDK-For-Python AZURECLI/2.18.0
      accept-language:
      - en-US
    method: GET
    uri: https://management.azure.com/subscriptions/00000000-0000-0000-0000-000000000000/resourceGroups/clitest.rg000001/providers/Microsoft.Network/FrontDoorWebApplicationFirewallPolicies/cli000002?api-version=2020-11-01
  response:
    body:
      string: '{"name":"cli000002","id":"/subscriptions/00000000-0000-0000-0000-000000000000/resourcegroups/clitest.rg000001/providers/Microsoft.Network/frontdoorwebapplicationfirewallpolicies/cli000002","type":"Microsoft.Network/frontdoorwebapplicationfirewallpolicies","location":"Global","tags":{},"sku":{"name":"Classic_AzureFrontDoor"},"properties":{"resourceState":"Enabled","provisioningState":"Succeeded","policySettings":{"enabledState":"Enabled","mode":"Prevention","redirectUrl":null,"customBlockResponseStatusCode":null,"customBlockResponseBody":null,"requestBodyCheck":"Disabled"},"customRules":{"rules":[]},"managedRules":{"managedRuleSets":[]},"frontendEndpointLinks":[],"routingRuleLinks":[]}}'
    headers:
      cache-control:
      - no-cache
      content-length:
      - '783'
      content-type:
      - application/json; odata.metadata=minimal; odata.streaming=true
      date:
      - Tue, 26 Jan 2021 17:39:08 GMT
      expires:
      - '-1'
      odata-version:
      - '4.0'
      pragma:
      - no-cache
      server:
      - Kestrel
      strict-transport-security:
      - max-age=31536000; includeSubDomains
      transfer-encoding:
      - chunked
      vary:
      - Accept-Encoding
      x-content-type-options:
      - nosniff
    status:
      code: 200
      message: OK
- request:
    body: '{"location": "Global", "tags": {}, "properties": {"policySettings": {"enabledState":
      "Enabled", "mode": "Prevention", "requestBodyCheck": "Disabled"}, "customRules":
      {"rules": [{"name": "cli000003", "priority": 6, "enabledState": "Enabled", "ruleType":
      "MatchRule", "matchConditions": [{"matchVariable": "RequestBody", "operator":
      "RegEx", "matchValue": ["something"]}], "action": "Block"}]}, "managedRules":
      {"managedRuleSets": []}}, "sku": {"name": "Classic_AzureFrontDoor"}}'
    headers:
      Accept:
      - application/json
      Accept-Encoding:
      - gzip, deflate
      CommandName:
      - network front-door waf-policy rule match-condition add
      Connection:
      - keep-alive
      Content-Length:
      - '492'
      Content-Type:
      - application/json; charset=utf-8
      ParameterSetName:
      - -g --policy-name -n --match-variable --operator --values
      User-Agent:
      - python/3.7.9 (Windows-10-10.0.19041-SP0) msrest/0.6.18 msrest_azure/0.6.3
        azure-mgmt-frontdoor/0.3.0 Azure-SDK-For-Python AZURECLI/2.18.0
      accept-language:
      - en-US
    method: PUT
    uri: https://management.azure.com/subscriptions/00000000-0000-0000-0000-000000000000/resourceGroups/clitest.rg000001/providers/Microsoft.Network/FrontDoorWebApplicationFirewallPolicies/cli000002?api-version=2020-11-01
  response:
    body:
      string: '{"name":"cli000002","id":"/subscriptions/00000000-0000-0000-0000-000000000000/resourcegroups/clitest.rg000001/providers/Microsoft.Network/frontdoorwebapplicationfirewallpolicies/cli000002","type":"Microsoft.Network/frontdoorwebapplicationfirewallpolicies","location":"Global","tags":{},"sku":{"name":"Classic_AzureFrontDoor"},"properties":{"resourceState":"Enabled","provisioningState":"Succeeded","policySettings":{"enabledState":"Enabled","mode":"Prevention","redirectUrl":null,"customBlockResponseStatusCode":null,"customBlockResponseBody":null,"requestBodyCheck":"Disabled"},"customRules":{"rules":[{"name":"cli000003","enabledState":"Enabled","priority":6,"ruleType":"MatchRule","rateLimitDurationInMinutes":null,"rateLimitThreshold":null,"action":"Block","matchConditions":[{"matchVariable":"RequestBody","selector":null,"operator":"RegEx","negateCondition":false,"matchValue":["something"],"transforms":[]}]}]},"managedRules":{"managedRuleSets":[]},"frontendEndpointLinks":[],"routingRuleLinks":[]}}'
    headers:
      cache-control:
      - no-cache
      content-length:
      - '1110'
      content-type:
      - application/json; odata.metadata=minimal; odata.streaming=true
      date:
      - Tue, 26 Jan 2021 17:39:09 GMT
      expires:
      - '-1'
      odata-version:
      - '4.0'
      pragma:
      - no-cache
      server:
      - Kestrel
      strict-transport-security:
      - max-age=31536000; includeSubDomains
      transfer-encoding:
      - chunked
      vary:
      - Accept-Encoding
      x-content-type-options:
      - nosniff
      x-ms-ratelimit-remaining-subscription-writes:
      - '1196'
    status:
      code: 200
      message: OK
- request:
    body: '{"location": "global", "properties": {"friendlyName": "cli000004", "routingRules":
      [{"properties": {"frontendEndpoints": [{"id": "/subscriptions/00000000-0000-0000-0000-000000000000/resourceGroups/clitest.rg000001/providers/Microsoft.Network/frontdoors/cli000004/frontendEndpoints/DefaultFrontendEndpoint"}],
      "acceptedProtocols": ["Http"], "patternsToMatch": ["/*"], "enabledState": "Enabled",
      "routeConfiguration": {"@odata.type": "#Microsoft.Azure.FrontDoor.Models.FrontdoorForwardingConfiguration",
      "forwardingProtocol": "MatchRequest", "backendPool": {"id": "/subscriptions/00000000-0000-0000-0000-000000000000/resourceGroups/clitest.rg000001/providers/Microsoft.Network/frontdoors/cli000004/backendPools/DefaultBackendPool"}},
      "resourceState": "Enabled"}, "name": "DefaultRoutingRule"}], "loadBalancingSettings":
      [{"properties": {"sampleSize": 4, "successfulSamplesRequired": 2, "additionalLatencyMilliseconds":
      0, "resourceState": "Enabled"}, "name": "DefaultLoadBalancingSettings"}], "healthProbeSettings":
      [{"properties": {"path": "/", "protocol": "Https", "intervalInSeconds": 30,
      "healthProbeMethod": "HEAD", "resourceState": "Enabled"}, "name": "DefaultProbeSettings"}],
      "backendPools": [{"properties": {"backends": [{"address": "www.example.com",
      "httpPort": 80, "httpsPort": 443, "enabledState": "Enabled", "priority": 1,
      "weight": 50, "backendHostHeader": "www.example.com"}], "loadBalancingSettings":
      {"id": "/subscriptions/00000000-0000-0000-0000-000000000000/resourceGroups/clitest.rg000001/providers/Microsoft.Network/frontdoors/cli000004/loadBalancingSettings/DefaultLoadBalancingSettings"},
      "healthProbeSettings": {"id": "/subscriptions/00000000-0000-0000-0000-000000000000/resourceGroups/clitest.rg000001/providers/Microsoft.Network/frontdoors/cli000004/healthProbeSettings/DefaultProbeSettings"},
      "resourceState": "Enabled"}, "name": "DefaultBackendPool"}], "frontendEndpoints":
      [{"properties": {"hostName": "cli000004.azurefd.net", "sessionAffinityEnabledState":
      "Disabled", "resourceState": "Enabled"}, "name": "DefaultFrontendEndpoint"}],
      "backendPoolsSettings": {"enforceCertificateNameCheck": "Enabled"}, "enabledState":
      "Enabled"}}'
    headers:
      Accept:
      - application/json
      Accept-Encoding:
      - gzip, deflate
      CommandName:
      - network front-door create
      Connection:
      - keep-alive
      Content-Length:
      - '2485'
      Content-Type:
      - application/json; charset=utf-8
      ParameterSetName:
      - --resource-group --backend-address --name
      User-Agent:
      - python/3.7.9 (Windows-10-10.0.19041-SP0) msrest/0.6.18 msrest_azure/0.6.3
        azure-mgmt-frontdoor/0.3.0 Azure-SDK-For-Python AZURECLI/2.18.0
      accept-language:
      - en-US
    method: PUT
    uri: https://management.azure.com/subscriptions/00000000-0000-0000-0000-000000000000/resourceGroups/clitest.rg000001/providers/Microsoft.Network/frontDoors/cli000004?api-version=2020-05-01
  response:
    body:
      string: "{\n  \"error\": {\n    \"code\": \"TooManyRequests\",\n    \"message\":
        \"Too many requests. Please try again after sometime.\"\n  }\n}"
    headers:
      cache-control:
      - no-cache
      connection:
      - close
      content-length:
      - '120'
      content-type:
      - application/json
      date:
      - Tue, 26 Jan 2021 17:39:11 GMT
      expires:
      - '-1'
      pragma:
      - no-cache
      server:
      - Kestrel
      strict-transport-security:
      - max-age=31536000; includeSubDomains
      x-content-type-options:
      - nosniff
      x-ms-ratelimit-remaining-subscription-writes:
      - '1198'
    status:
      code: 429
      message: Too Many Requests
version: 1
