interactions:
- request:
    body: '{"location": "westus", "tags": {"product": "azurecli", "cause": "automation",
      "date": "2019-06-19T17:49:16Z"}}'
    headers:
      Accept:
      - application/json
      Accept-Encoding:
      - gzip, deflate
      CommandName:
      - group create
      Connection:
      - keep-alive
      Content-Length:
      - '110'
      Content-Type:
      - application/json; charset=utf-8
      ParameterSetName:
      - --location --name --tag
      User-Agent:
      - python/3.6.6 (Windows-10-10.0.18362-SP0) msrest/0.6.6 msrest_azure/0.6.1 resourcemanagementclient/2.1.0
        Azure-SDK-For-Python AZURECLI/2.0.66
      accept-language:
      - en-US
    method: PUT
    uri: https://management.azure.com/subscriptions/00000000-0000-0000-0000-000000000000/resourcegroups/clitest.rg000001?api-version=2018-05-01
  response:
    body:
      string: '{"id":"/subscriptions/00000000-0000-0000-0000-000000000000/resourceGroups/clitest.rg000001","name":"clitest.rg000001","location":"westus","tags":{"product":"azurecli","cause":"automation","date":"2019-06-19T17:49:16Z"},"properties":{"provisioningState":"Succeeded"}}'
    headers:
      cache-control:
      - no-cache
      content-length:
      - '384'
      content-type:
      - application/json; charset=utf-8
      date:
      - Wed, 19 Jun 2019 17:49:18 GMT
      expires:
      - '-1'
      pragma:
      - no-cache
      strict-transport-security:
      - max-age=31536000; includeSubDomains
      x-content-type-options:
      - nosniff
      x-ms-ratelimit-remaining-subscription-writes:
      - '1193'
    status:
      code: 201
      message: Created
- request:
    body: '{"location": "global", "properties": {"policySettings": {"enabledState":
      "Enabled"}, "customRules": {"rules": []}, "managedRules": {}}}'
    headers:
      Accept:
      - application/json
      Accept-Encoding:
      - gzip, deflate
      CommandName:
      - network front-door waf-policy create
      Connection:
      - keep-alive
      Content-Length:
      - '135'
      Content-Type:
      - application/json; charset=utf-8
      ParameterSetName:
      - --resource-group --name
      User-Agent:
      - python/3.6.6 (Windows-10-10.0.18362-SP0) msrest/0.6.6 msrest_azure/0.6.1 azure-mgmt-frontdoor/0.1.0
        Azure-SDK-For-Python AZURECLI/2.0.66
      accept-language:
      - en-US
    method: PUT
    uri: https://management.azure.com/subscriptions/00000000-0000-0000-0000-000000000000/resourceGroups/clitest.rg000001/providers/Microsoft.Network/FrontDoorWebApplicationFirewallPolicies/cli000002?api-version=2019-03-01
  response:
    body:
      string: "{\r\n  \"name\":\"cli000002\",\"id\":\"/subscriptions/00000000-0000-0000-0000-000000000000/resourcegroups/clitest.rg000001/providers/Microsoft.Network/frontdoorwebapplicationfirewallpolicies/cli000002\",\"type\":\"Microsoft.Network/frontdoorwebapplicationfirewallpolicies\",\"tags\":{\r\n
        \   \r\n  },\"location\":\"Global\",\"properties\":{\r\n    \"resourceState\":\"Enabled\",\"provisioningState\":\"Succeeded\",\"policySettings\":{\r\n
        \     \"enabledState\":\"Enabled\",\"mode\":\"Prevention\",\"redirectUrl\":null,\"customBlockResponseStatusCode\":null,\"customBlockResponseBody\":null\r\n
        \   },\"customRules\":{\r\n      \"rules\":[\r\n        \r\n      ]\r\n    },\"managedRules\":{\r\n
        \     \"managedRuleSets\":[\r\n        \r\n      ]\r\n    },\"frontendEndpointLinks\":[\r\n
        \     \r\n    ]\r\n  }\r\n}"
    headers:
      cache-control:
      - no-cache
      content-length:
      - '809'
      content-type:
      - application/json; odata.metadata=minimal
      date:
      - Wed, 19 Jun 2019 17:49:24 GMT
      expires:
      - '-1'
      odata-version:
      - '4.0'
      pragma:
      - no-cache
      server:
      - Microsoft-IIS/8.5
      strict-transport-security:
      - max-age=31536000; includeSubDomains
      x-aspnet-version:
      - 4.0.30319
      x-content-type-options:
      - nosniff
      x-ms-ratelimit-remaining-subscription-writes:
      - '1195'
      x-powered-by:
      - ASP.NET
    status:
      code: 201
      message: Created
- request:
    body: null
    headers:
      Accept:
      - application/json
      Accept-Encoding:
      - gzip, deflate
      CommandName:
      - network front-door waf-policy rule create
      Connection:
      - keep-alive
      ParameterSetName:
      - -g --policy-name -n --priority --rule-type --action --defer
      User-Agent:
      - python/3.6.6 (Windows-10-10.0.18362-SP0) msrest/0.6.6 msrest_azure/0.6.1 azure-mgmt-frontdoor/0.1.0
        Azure-SDK-For-Python AZURECLI/2.0.66
      accept-language:
      - en-US
    method: GET
    uri: https://management.azure.com/subscriptions/00000000-0000-0000-0000-000000000000/resourceGroups/clitest.rg000001/providers/Microsoft.Network/FrontDoorWebApplicationFirewallPolicies/cli000002?api-version=2019-03-01
  response:
    body:
      string: "{\r\n  \"name\":\"cli000002\",\"id\":\"/subscriptions/00000000-0000-0000-0000-000000000000/resourcegroups/clitest.rg000001/providers/Microsoft.Network/frontdoorwebapplicationfirewallpolicies/cli000002\",\"type\":\"Microsoft.Network/frontdoorwebapplicationfirewallpolicies\",\"tags\":{\r\n
        \   \r\n  },\"location\":\"Global\",\"properties\":{\r\n    \"resourceState\":\"Enabled\",\"provisioningState\":\"Succeeded\",\"policySettings\":{\r\n
        \     \"enabledState\":\"Enabled\",\"mode\":\"Prevention\",\"redirectUrl\":null,\"customBlockResponseStatusCode\":null,\"customBlockResponseBody\":null\r\n
        \   },\"customRules\":{\r\n      \"rules\":[\r\n        \r\n      ]\r\n    },\"managedRules\":{\r\n
        \     \"managedRuleSets\":[\r\n        \r\n      ]\r\n    },\"frontendEndpointLinks\":[\r\n
        \     \r\n    ]\r\n  }\r\n}"
    headers:
      cache-control:
      - no-cache
      content-length:
      - '809'
      content-type:
      - application/json; odata.metadata=minimal
      date:
      - Wed, 19 Jun 2019 17:49:26 GMT
      expires:
      - '-1'
      odata-version:
      - '4.0'
      pragma:
      - no-cache
      server:
      - Microsoft-IIS/8.5
      strict-transport-security:
      - max-age=31536000; includeSubDomains
      transfer-encoding:
      - chunked
      vary:
      - Accept-Encoding
      x-aspnet-version:
      - 4.0.30319
      x-content-type-options:
      - nosniff
      x-powered-by:
      - ASP.NET
    status:
      code: 200
      message: OK
- request:
    body: 'b''{"location": "Global", "tags": {}, "properties": {"policySettings":
      {"enabledState": "Enabled", "mode": "Prevention"}, "customRules": {"rules":
      [{"name": "cli000003", "priority": 6, "enabledState": "Enabled", "ruleType":
      "MatchRule", "matchConditions": [{"matchVariable": "RequestBody", "operator":
      "RegEx", "matchValue": ["something"]}], "action": "Block"}]}, "managedRules":
      {"managedRuleSets": []}}}'''
    headers:
      Accept:
      - application/json
      Accept-Encoding:
      - gzip, deflate
      CommandName:
      - network front-door waf-policy rule match-condition add
      Connection:
      - keep-alive
      Content-Length:
      - '417'
      Content-Type:
      - application/json; charset=utf-8
      ParameterSetName:
      - -g --policy-name -n --match-variable --operator --values
      User-Agent:
      - python/3.6.6 (Windows-10-10.0.18362-SP0) msrest/0.6.6 msrest_azure/0.6.1 azure-mgmt-frontdoor/0.1.0
        Azure-SDK-For-Python AZURECLI/2.0.66
      accept-language:
      - en-US
    method: PUT
    uri: https://management.azure.com/subscriptions/00000000-0000-0000-0000-000000000000/resourceGroups/clitest.rg000001/providers/Microsoft.Network/FrontDoorWebApplicationFirewallPolicies/cli000002?api-version=2019-03-01
  response:
    body:
      string: "{\r\n  \"name\":\"cli000002\",\"id\":\"/subscriptions/00000000-0000-0000-0000-000000000000/resourcegroups/clitest.rg000001/providers/Microsoft.Network/frontdoorwebapplicationfirewallpolicies/cli000002\",\"type\":\"Microsoft.Network/frontdoorwebapplicationfirewallpolicies\",\"tags\":{\r\n
        \   \r\n  },\"location\":\"Global\",\"properties\":{\r\n    \"resourceState\":\"Enabled\",\"provisioningState\":\"Succeeded\",\"policySettings\":{\r\n
        \     \"enabledState\":\"Enabled\",\"mode\":\"Prevention\",\"redirectUrl\":null,\"customBlockResponseStatusCode\":null,\"customBlockResponseBody\":null\r\n
        \   },\"customRules\":{\r\n      \"rules\":[\r\n        {\r\n          \"name\":\"cli000003\",\"enabledState\":\"Enabled\",\"priority\":6,\"ruleType\":\"MatchRule\",\"rateLimitDurationInMinutes\":0,\"rateLimitThreshold\":0,\"matchConditions\":[\r\n
        \           {\r\n              \"matchVariable\":\"RequestBody\",\"selector\":null,\"operator\":\"RegEx\",\"negateCondition\":false,\"matchValue\":[\r\n
        \               \"something\"\r\n              ],\"transforms\":[\r\n                \r\n
        \             ]\r\n            }\r\n          ],\"action\":\"Block\"\r\n        }\r\n
        \     ]\r\n    },\"managedRules\":{\r\n      \"managedRuleSets\":[\r\n        \r\n
        \     ]\r\n    },\"frontendEndpointLinks\":[\r\n      \r\n    ]\r\n  }\r\n}"
    headers:
      cache-control:
      - no-cache
      content-length:
      - '1276'
      content-type:
      - application/json; odata.metadata=minimal
      date:
      - Wed, 19 Jun 2019 17:49:28 GMT
      expires:
      - '-1'
      odata-version:
      - '4.0'
      pragma:
      - no-cache
      server:
      - Microsoft-IIS/8.5
      strict-transport-security:
      - max-age=31536000; includeSubDomains
      transfer-encoding:
      - chunked
      vary:
      - Accept-Encoding
      x-aspnet-version:
      - 4.0.30319
      x-content-type-options:
      - nosniff
      x-ms-ratelimit-remaining-subscription-writes:
      - '1190'
      x-powered-by:
      - ASP.NET
    status:
      code: 200
      message: OK
- request:
    body: 'b''b\''{"location": "global", "properties": {"friendlyName": "cli000004",
      "routingRules": [{"properties": {"frontendEndpoints": [{"id": "/subscriptions/00000000-0000-0000-0000-000000000000/resourceGroups/clitest.rg000001/providers/Microsoft.Network/frontdoors/cli000004/frontendEndpoints/DefaultFrontendEndpoint"}],
      "acceptedProtocols": ["Http"], "patternsToMatch": ["/*"], "enabledState": "Enabled",
      "routeConfiguration": {"@odata.type": "#Microsoft.Azure.FrontDoor.Models.FrontdoorForwardingConfiguration",
      "forwardingProtocol": "MatchRequest", "backendPool": {"id": "/subscriptions/00000000-0000-0000-0000-000000000000/resourceGroups/clitest.rg000001/providers/Microsoft.Network/frontdoors/cli000004/backendPools/DefaultBackendPool"}},
      "resourceState": "Enabled"}, "name": "DefaultRoutingRule"}], "loadBalancingSettings":
      [{"properties": {"sampleSize": 4, "successfulSamplesRequired": 2, "additionalLatencyMilliseconds":
      0, "resourceState": "Enabled"}, "name": "DefaultLoadBalancingSettings"}], "healthProbeSettings":
      [{"properties": {"path": "/", "protocol": "Https", "intervalInSeconds": 30,
      "resourceState": "Enabled"}, "name": "DefaultProbeSettings"}], "backendPools":
      [{"properties": {"backends": [{"address": "www.example.com", "httpPort": 80,
      "httpsPort": 443, "enabledState": "Enabled", "priority": 1, "weight": 50, "backendHostHeader":
      "www.example.com"}], "loadBalancingSettings": {"id": "/subscriptions/00000000-0000-0000-0000-000000000000/resourceGroups/clitest.rg000001/providers/Microsoft.Network/frontdoors/cli000004/loadBalancingSettings/DefaultLoadBalancingSettings"},
      "healthProbeSettings": {"id": "/subscriptions/00000000-0000-0000-0000-000000000000/resourceGroups/clitest.rg000001/providers/Microsoft.Network/frontdoors/cli000004/healthProbeSettings/DefaultProbeSettings"},
      "resourceState": "Enabled"}, "name": "DefaultBackendPool"}], "frontendEndpoints":
      [{"properties": {"hostName": "cli000004.azurefd.net", "sessionAffinityEnabledState":
      "Disabled", "resourceState": "Enabled"}, "name": "DefaultFrontendEndpoint"}],
      "backendPoolsSettings": {"enforceCertificateNameCheck": "Enabled"}, "enabledState":
      "Enabled"}}\'''''
    headers:
      Accept:
      - application/json
      Accept-Encoding:
      - gzip, deflate
      CommandName:
      - network front-door create
      Connection:
      - keep-alive
      Content-Length:
      - '2456'
      Content-Type:
      - application/json; charset=utf-8
      ParameterSetName:
      - --resource-group --backend-address --name
      User-Agent:
      - python/3.6.6 (Windows-10-10.0.18362-SP0) msrest/0.6.6 msrest_azure/0.6.1 azure-mgmt-frontdoor/0.1.0
        Azure-SDK-For-Python AZURECLI/2.0.66
      accept-language:
      - en-US
    method: PUT
    uri: https://management.azure.com/subscriptions/00000000-0000-0000-0000-000000000000/resourceGroups/clitest.rg000001/providers/Microsoft.Network/frontDoors/cli000004?api-version=2019-04-01
  response:
    body:
      string: "{\r\n  \"name\":\"cli000004\",\"id\":\"/subscriptions/00000000-0000-0000-0000-000000000000/resourcegroups/clitest.rg000001/providers/Microsoft.Network/frontdoors/cli000004\",\"type\":\"Microsoft.Network/frontdoors\",\"tags\":{\r\n
        \   \r\n  },\"location\":\"Global\",\"properties\":{\r\n    \"provisioningState\":\"Creating\",\"resourceState\":\"Creating\",\"backendPools\":[\r\n
        \     {\r\n        \"id\":\"/subscriptions/00000000-0000-0000-0000-000000000000/resourcegroups/clitest.rg000001/providers/Microsoft.Network/Frontdoors/cli000004/BackendPools/DefaultBackendPool\",\"name\":\"DefaultBackendPool\",\"type\":\"Microsoft.Network/Frontdoors/BackendPools\",\"properties\":{\r\n
        \         \"backends\":[\r\n            {\r\n              \"address\":\"www.example.com\",\"httpPort\":80,\"httpsPort\":443,\"priority\":1,\"weight\":50,\"backendHostHeader\":\"www.example.com\",\"enabledState\":\"Enabled\"\r\n
        \           }\r\n          ],\"healthProbeSettings\":{\r\n            \"id\":\"/subscriptions/00000000-0000-0000-0000-000000000000/resourceGroups/clitest.rg000001/providers/Microsoft.Network/frontdoors/cli000004/healthProbeSettings/DefaultProbeSettings\"\r\n
        \         },\"loadBalancingSettings\":{\r\n            \"id\":\"/subscriptions/00000000-0000-0000-0000-000000000000/resourceGroups/clitest.rg000001/providers/Microsoft.Network/frontdoors/cli000004/loadBalancingSettings/DefaultLoadBalancingSettings\"\r\n
        \         },\"resourceState\":\"Creating\"\r\n        }\r\n      }\r\n    ],\"healthProbeSettings\":[\r\n
        \     {\r\n        \"id\":\"/subscriptions/00000000-0000-0000-0000-000000000000/resourcegroups/clitest.rg000001/providers/Microsoft.Network/Frontdoors/cli000004/HealthProbeSettings/DefaultProbeSettings\",\"name\":\"DefaultProbeSettings\",\"type\":\"Microsoft.Network/Frontdoors/HealthProbeSettings\",\"properties\":{\r\n
        \         \"intervalInSeconds\":30,\"path\":\"/\",\"protocol\":\"Https\",\"resourceState\":\"Creating\"\r\n
        \       }\r\n      }\r\n    ],\"frontendEndpoints\":[\r\n      {\r\n        \"id\":\"/subscriptions/00000000-0000-0000-0000-000000000000/resourcegroups/clitest.rg000001/providers/Microsoft.Network/Frontdoors/cli000004/FrontendEndpoints/DefaultFrontendEndpoint\",\"name\":\"DefaultFrontendEndpoint\",\"type\":\"Microsoft.Network/Frontdoors/FrontendEndpoints\",\"properties\":{\r\n
        \         \"hostName\":\"cli000004.azurefd.net\",\"sessionAffinityEnabledState\":\"Disabled\",\"sessionAffinityTtlSeconds\":0,\"webApplicationFirewallPolicyLink\":null,\"customHttpsProvisioningState\":null,\"customHttpsProvisioningSubstate\":null,\"customHttpsConfiguration\":null,\"resourceState\":\"Creating\"\r\n
        \       }\r\n      }\r\n    ],\"loadBalancingSettings\":[\r\n      {\r\n        \"id\":\"/subscriptions/00000000-0000-0000-0000-000000000000/resourcegroups/clitest.rg000001/providers/Microsoft.Network/Frontdoors/cli000004/LoadBalancingSettings/DefaultLoadBalancingSettings\",\"name\":\"DefaultLoadBalancingSettings\",\"type\":\"Microsoft.Network/Frontdoors/LoadBalancingSettings\",\"properties\":{\r\n
        \         \"additionalLatencyMilliseconds\":0,\"sampleSize\":4,\"successfulSamplesRequired\":2,\"resourceState\":\"Creating\"\r\n
        \       }\r\n      }\r\n    ],\"routingRules\":[\r\n      {\r\n        \"id\":\"/subscriptions/00000000-0000-0000-0000-000000000000/resourcegroups/clitest.rg000001/providers/Microsoft.Network/Frontdoors/cli000004/RoutingRules/DefaultRoutingRule\",\"name\":\"DefaultRoutingRule\",\"type\":\"Microsoft.Network/Frontdoors/RoutingRules\",\"properties\":{\r\n
        \         \"frontendEndpoints\":[\r\n            {\r\n              \"id\":\"/subscriptions/00000000-0000-0000-0000-000000000000/resourceGroups/clitest.rg000001/providers/Microsoft.Network/frontdoors/cli000004/frontendEndpoints/DefaultFrontendEndpoint\"\r\n
        \           }\r\n          ],\"acceptedProtocols\":[\r\n            \"Http\"\r\n
        \         ],\"patternsToMatch\":[\r\n            \"/*\"\r\n          ],\"enabledState\":\"Enabled\",\"resourceState\":\"Creating\",\"routeConfiguration\":{\r\n
        \           \"@odata.type\":\"#Microsoft.Azure.FrontDoor.Models.FrontdoorForwardingConfiguration\",\"customForwardingPath\":null,\"forwardingProtocol\":\"MatchRequest\",\"cacheConfiguration\":null,\"backendPool\":{\r\n
        \             \"id\":\"/subscriptions/00000000-0000-0000-0000-000000000000/resourceGroups/clitest.rg000001/providers/Microsoft.Network/frontdoors/cli000004/backendPools/DefaultBackendPool\"\r\n
        \           }\r\n          }\r\n        }\r\n      }\r\n    ],\"backendPoolsSettings\":{\r\n
        \     \"enforceCertificateNameCheck\":\"Enabled\"\r\n    },\"enabledState\":\"Enabled\",\"cName\":\"cli000004.azurefd.net\",\"friendlyName\":\"cli000004\"\r\n
        \ }\r\n}"
    headers:
      azure-asyncoperation:
      - https://management.azure.com/subscriptions/00000000-0000-0000-0000-000000000000/resourcegroups/clitest.rg000001/providers/Microsoft.Network/frontdooroperationresults/5e5eb825-1755-454c-ac57-00491f3f9c45?api-version=2019-04-01
      cache-control:
      - no-cache
      content-length:
      - '5126'
      content-type:
      - application/json; odata.metadata=minimal
      date:
      - Wed, 19 Jun 2019 17:49:33 GMT
      expires:
      - '-1'
      odata-version:
      - '4.0'
      pragma:
      - no-cache
      server:
      - Microsoft-IIS/8.5
      strict-transport-security:
      - max-age=31536000; includeSubDomains
      x-aspnet-version:
      - 4.0.30319
      x-content-type-options:
      - nosniff
      x-ms-ratelimit-remaining-subscription-writes:
      - '1193'
      x-powered-by:
      - ASP.NET
    status:
      code: 201
      message: Created
- request:
    body: null
    headers:
      Accept:
      - application/json
      Accept-Encoding:
      - gzip, deflate
      CommandName:
      - network front-door create
      Connection:
      - keep-alive
      ParameterSetName:
      - --resource-group --backend-address --name
      User-Agent:
      - python/3.6.6 (Windows-10-10.0.18362-SP0) msrest/0.6.6 msrest_azure/0.6.1 azure-mgmt-frontdoor/0.1.0
        Azure-SDK-For-Python AZURECLI/2.0.66
    method: GET
    uri: https://management.azure.com/subscriptions/00000000-0000-0000-0000-000000000000/resourcegroups/clitest.rg000001/providers/Microsoft.Network/frontdooroperationresults/5e5eb825-1755-454c-ac57-00491f3f9c45?api-version=2019-04-01
  response:
    body:
      string: "{\r\n  \"status\":\"InProgress\",\"error\":{\r\n    \r\n  }\r\n}"
    headers:
      cache-control:
      - no-cache
      content-length:
      - '50'
      content-type:
      - application/json; odata.metadata=minimal
      date:
      - Wed, 19 Jun 2019 17:49:43 GMT
      expires:
      - '-1'
      odata-version:
      - '4.0'
      pragma:
      - no-cache
      server:
      - Microsoft-IIS/8.5
      strict-transport-security:
      - max-age=31536000; includeSubDomains
      transfer-encoding:
      - chunked
      vary:
      - Accept-Encoding
      x-aspnet-version:
      - 4.0.30319
      x-content-type-options:
      - nosniff
      x-powered-by:
      - ASP.NET
    status:
      code: 200
      message: OK
- request:
    body: null
    headers:
      Accept:
      - application/json
      Accept-Encoding:
      - gzip, deflate
      CommandName:
      - network front-door create
      Connection:
      - keep-alive
      ParameterSetName:
      - --resource-group --backend-address --name
      User-Agent:
      - python/3.6.6 (Windows-10-10.0.18362-SP0) msrest/0.6.6 msrest_azure/0.6.1 azure-mgmt-frontdoor/0.1.0
        Azure-SDK-For-Python AZURECLI/2.0.66
    method: GET
    uri: https://management.azure.com/subscriptions/00000000-0000-0000-0000-000000000000/resourcegroups/clitest.rg000001/providers/Microsoft.Network/frontdooroperationresults/5e5eb825-1755-454c-ac57-00491f3f9c45?api-version=2019-04-01
  response:
    body:
      string: "{\r\n  \"status\":\"Succeeded\",\"error\":{\r\n    \r\n  }\r\n}"
    headers:
      cache-control:
      - no-cache
      content-length:
      - '49'
      content-type:
      - application/json; odata.metadata=minimal
      date:
      - Wed, 19 Jun 2019 17:50:14 GMT
      expires:
      - '-1'
      odata-version:
      - '4.0'
      pragma:
      - no-cache
      server:
      - Microsoft-IIS/8.5
      strict-transport-security:
      - max-age=31536000; includeSubDomains
      transfer-encoding:
      - chunked
      vary:
      - Accept-Encoding
      x-aspnet-version:
      - 4.0.30319
      x-content-type-options:
      - nosniff
      x-powered-by:
      - ASP.NET
    status:
      code: 200
      message: OK
- request:
    body: null
    headers:
      Accept:
      - application/json
      Accept-Encoding:
      - gzip, deflate
      CommandName:
      - network front-door create
      Connection:
      - keep-alive
      ParameterSetName:
      - --resource-group --backend-address --name
      User-Agent:
      - python/3.6.6 (Windows-10-10.0.18362-SP0) msrest/0.6.6 msrest_azure/0.6.1 azure-mgmt-frontdoor/0.1.0
        Azure-SDK-For-Python AZURECLI/2.0.66
    method: GET
    uri: https://management.azure.com/subscriptions/00000000-0000-0000-0000-000000000000/resourceGroups/clitest.rg000001/providers/Microsoft.Network/frontDoors/cli000004?api-version=2019-04-01
  response:
    body:
      string: "{\r\n  \"name\":\"cli000004\",\"id\":\"/subscriptions/00000000-0000-0000-0000-000000000000/resourcegroups/clitest.rg000001/providers/Microsoft.Network/frontdoors/cli000004\",\"type\":\"Microsoft.Network/frontdoors\",\"tags\":{\r\n
        \   \r\n  },\"location\":\"Global\",\"properties\":{\r\n    \"provisioningState\":\"Succeeded\",\"resourceState\":\"Enabled\",\"backendPools\":[\r\n
        \     {\r\n        \"id\":\"/subscriptions/00000000-0000-0000-0000-000000000000/resourcegroups/clitest.rg000001/providers/Microsoft.Network/Frontdoors/cli000004/BackendPools/DefaultBackendPool\",\"name\":\"DefaultBackendPool\",\"type\":\"Microsoft.Network/Frontdoors/BackendPools\",\"properties\":{\r\n
        \         \"backends\":[\r\n            {\r\n              \"address\":\"www.example.com\",\"httpPort\":80,\"httpsPort\":443,\"priority\":1,\"weight\":50,\"backendHostHeader\":\"www.example.com\",\"enabledState\":\"Enabled\"\r\n
        \           }\r\n          ],\"healthProbeSettings\":{\r\n            \"id\":\"/subscriptions/00000000-0000-0000-0000-000000000000/resourceGroups/clitest.rg000001/providers/Microsoft.Network/frontdoors/cli000004/healthProbeSettings/DefaultProbeSettings\"\r\n
        \         },\"loadBalancingSettings\":{\r\n            \"id\":\"/subscriptions/00000000-0000-0000-0000-000000000000/resourceGroups/clitest.rg000001/providers/Microsoft.Network/frontdoors/cli000004/loadBalancingSettings/DefaultLoadBalancingSettings\"\r\n
        \         },\"resourceState\":\"Enabled\"\r\n        }\r\n      }\r\n    ],\"healthProbeSettings\":[\r\n
        \     {\r\n        \"id\":\"/subscriptions/00000000-0000-0000-0000-000000000000/resourcegroups/clitest.rg000001/providers/Microsoft.Network/Frontdoors/cli000004/HealthProbeSettings/DefaultProbeSettings\",\"name\":\"DefaultProbeSettings\",\"type\":\"Microsoft.Network/Frontdoors/HealthProbeSettings\",\"properties\":{\r\n
        \         \"intervalInSeconds\":30,\"path\":\"/\",\"protocol\":\"Https\",\"resourceState\":\"Enabled\"\r\n
        \       }\r\n      }\r\n    ],\"frontendEndpoints\":[\r\n      {\r\n        \"id\":\"/subscriptions/00000000-0000-0000-0000-000000000000/resourcegroups/clitest.rg000001/providers/Microsoft.Network/Frontdoors/cli000004/FrontendEndpoints/DefaultFrontendEndpoint\",\"name\":\"DefaultFrontendEndpoint\",\"type\":\"Microsoft.Network/Frontdoors/FrontendEndpoints\",\"properties\":{\r\n
        \         \"hostName\":\"cli000004.azurefd.net\",\"sessionAffinityEnabledState\":\"Disabled\",\"sessionAffinityTtlSeconds\":0,\"webApplicationFirewallPolicyLink\":null,\"customHttpsProvisioningState\":null,\"customHttpsProvisioningSubstate\":null,\"customHttpsConfiguration\":null,\"resourceState\":\"Enabled\"\r\n
        \       }\r\n      }\r\n    ],\"loadBalancingSettings\":[\r\n      {\r\n        \"id\":\"/subscriptions/00000000-0000-0000-0000-000000000000/resourcegroups/clitest.rg000001/providers/Microsoft.Network/Frontdoors/cli000004/LoadBalancingSettings/DefaultLoadBalancingSettings\",\"name\":\"DefaultLoadBalancingSettings\",\"type\":\"Microsoft.Network/Frontdoors/LoadBalancingSettings\",\"properties\":{\r\n
        \         \"additionalLatencyMilliseconds\":0,\"sampleSize\":4,\"successfulSamplesRequired\":2,\"resourceState\":\"Enabled\"\r\n
        \       }\r\n      }\r\n    ],\"routingRules\":[\r\n      {\r\n        \"id\":\"/subscriptions/00000000-0000-0000-0000-000000000000/resourcegroups/clitest.rg000001/providers/Microsoft.Network/Frontdoors/cli000004/RoutingRules/DefaultRoutingRule\",\"name\":\"DefaultRoutingRule\",\"type\":\"Microsoft.Network/Frontdoors/RoutingRules\",\"properties\":{\r\n
        \         \"frontendEndpoints\":[\r\n            {\r\n              \"id\":\"/subscriptions/00000000-0000-0000-0000-000000000000/resourceGroups/clitest.rg000001/providers/Microsoft.Network/frontdoors/cli000004/frontendEndpoints/DefaultFrontendEndpoint\"\r\n
        \           }\r\n          ],\"acceptedProtocols\":[\r\n            \"Http\"\r\n
        \         ],\"patternsToMatch\":[\r\n            \"/*\"\r\n          ],\"enabledState\":\"Enabled\",\"resourceState\":\"Enabled\",\"routeConfiguration\":{\r\n
        \           \"@odata.type\":\"#Microsoft.Azure.FrontDoor.Models.FrontdoorForwardingConfiguration\",\"customForwardingPath\":null,\"forwardingProtocol\":\"MatchRequest\",\"cacheConfiguration\":null,\"backendPool\":{\r\n
        \             \"id\":\"/subscriptions/00000000-0000-0000-0000-000000000000/resourceGroups/clitest.rg000001/providers/Microsoft.Network/frontdoors/cli000004/backendPools/DefaultBackendPool\"\r\n
        \           }\r\n          }\r\n        }\r\n      }\r\n    ],\"backendPoolsSettings\":{\r\n
        \     \"enforceCertificateNameCheck\":\"Enabled\"\r\n    },\"enabledState\":\"Enabled\",\"cName\":\"cli000004.azurefd.net\",\"friendlyName\":\"cli000004\"\r\n
        \ }\r\n}"
    headers:
      cache-control:
      - no-cache
      content-length:
      - '5121'
      content-type:
      - application/json; odata.metadata=minimal
      date:
      - Wed, 19 Jun 2019 17:50:14 GMT
      expires:
      - '-1'
      odata-version:
      - '4.0'
      pragma:
      - no-cache
      server:
      - Microsoft-IIS/8.5
      strict-transport-security:
      - max-age=31536000; includeSubDomains
      transfer-encoding:
      - chunked
      vary:
      - Accept-Encoding
      x-aspnet-version:
      - 4.0.30319
      x-content-type-options:
      - nosniff
      x-powered-by:
      - ASP.NET
    status:
      code: 200
      message: OK
- request:
    body: null
    headers:
      Accept:
      - application/json
      Accept-Encoding:
      - gzip, deflate
      CommandName:
      - network front-door update
      Connection:
      - keep-alive
      ParameterSetName:
      - --name --resource-group --set
      User-Agent:
      - python/3.6.6 (Windows-10-10.0.18362-SP0) msrest/0.6.6 msrest_azure/0.6.1 azure-mgmt-frontdoor/0.1.0
        Azure-SDK-For-Python AZURECLI/2.0.66
      accept-language:
      - en-US
    method: GET
    uri: https://management.azure.com/subscriptions/00000000-0000-0000-0000-000000000000/resourceGroups/clitest.rg000001/providers/Microsoft.Network/frontDoors/cli000004?api-version=2019-04-01
  response:
    body:
      string: "{\r\n  \"name\":\"cli000004\",\"id\":\"/subscriptions/00000000-0000-0000-0000-000000000000/resourcegroups/clitest.rg000001/providers/Microsoft.Network/frontdoors/cli000004\",\"type\":\"Microsoft.Network/frontdoors\",\"tags\":{\r\n
        \   \r\n  },\"location\":\"Global\",\"properties\":{\r\n    \"provisioningState\":\"Succeeded\",\"resourceState\":\"Enabled\",\"backendPools\":[\r\n
        \     {\r\n        \"id\":\"/subscriptions/00000000-0000-0000-0000-000000000000/resourcegroups/clitest.rg000001/providers/Microsoft.Network/Frontdoors/cli000004/BackendPools/DefaultBackendPool\",\"name\":\"DefaultBackendPool\",\"type\":\"Microsoft.Network/Frontdoors/BackendPools\",\"properties\":{\r\n
        \         \"backends\":[\r\n            {\r\n              \"address\":\"www.example.com\",\"httpPort\":80,\"httpsPort\":443,\"priority\":1,\"weight\":50,\"backendHostHeader\":\"www.example.com\",\"enabledState\":\"Enabled\"\r\n
        \           }\r\n          ],\"healthProbeSettings\":{\r\n            \"id\":\"/subscriptions/00000000-0000-0000-0000-000000000000/resourceGroups/clitest.rg000001/providers/Microsoft.Network/frontdoors/cli000004/healthProbeSettings/DefaultProbeSettings\"\r\n
        \         },\"loadBalancingSettings\":{\r\n            \"id\":\"/subscriptions/00000000-0000-0000-0000-000000000000/resourceGroups/clitest.rg000001/providers/Microsoft.Network/frontdoors/cli000004/loadBalancingSettings/DefaultLoadBalancingSettings\"\r\n
        \         },\"resourceState\":\"Enabled\"\r\n        }\r\n      }\r\n    ],\"healthProbeSettings\":[\r\n
        \     {\r\n        \"id\":\"/subscriptions/00000000-0000-0000-0000-000000000000/resourcegroups/clitest.rg000001/providers/Microsoft.Network/Frontdoors/cli000004/HealthProbeSettings/DefaultProbeSettings\",\"name\":\"DefaultProbeSettings\",\"type\":\"Microsoft.Network/Frontdoors/HealthProbeSettings\",\"properties\":{\r\n
        \         \"intervalInSeconds\":30,\"path\":\"/\",\"protocol\":\"Https\",\"resourceState\":\"Enabled\"\r\n
        \       }\r\n      }\r\n    ],\"frontendEndpoints\":[\r\n      {\r\n        \"id\":\"/subscriptions/00000000-0000-0000-0000-000000000000/resourcegroups/clitest.rg000001/providers/Microsoft.Network/Frontdoors/cli000004/FrontendEndpoints/DefaultFrontendEndpoint\",\"name\":\"DefaultFrontendEndpoint\",\"type\":\"Microsoft.Network/Frontdoors/FrontendEndpoints\",\"properties\":{\r\n
        \         \"hostName\":\"cli000004.azurefd.net\",\"sessionAffinityEnabledState\":\"Disabled\",\"sessionAffinityTtlSeconds\":0,\"webApplicationFirewallPolicyLink\":null,\"customHttpsProvisioningState\":null,\"customHttpsProvisioningSubstate\":null,\"customHttpsConfiguration\":null,\"resourceState\":\"Enabled\"\r\n
        \       }\r\n      }\r\n    ],\"loadBalancingSettings\":[\r\n      {\r\n        \"id\":\"/subscriptions/00000000-0000-0000-0000-000000000000/resourcegroups/clitest.rg000001/providers/Microsoft.Network/Frontdoors/cli000004/LoadBalancingSettings/DefaultLoadBalancingSettings\",\"name\":\"DefaultLoadBalancingSettings\",\"type\":\"Microsoft.Network/Frontdoors/LoadBalancingSettings\",\"properties\":{\r\n
        \         \"additionalLatencyMilliseconds\":0,\"sampleSize\":4,\"successfulSamplesRequired\":2,\"resourceState\":\"Enabled\"\r\n
        \       }\r\n      }\r\n    ],\"routingRules\":[\r\n      {\r\n        \"id\":\"/subscriptions/00000000-0000-0000-0000-000000000000/resourcegroups/clitest.rg000001/providers/Microsoft.Network/Frontdoors/cli000004/RoutingRules/DefaultRoutingRule\",\"name\":\"DefaultRoutingRule\",\"type\":\"Microsoft.Network/Frontdoors/RoutingRules\",\"properties\":{\r\n
        \         \"frontendEndpoints\":[\r\n            {\r\n              \"id\":\"/subscriptions/00000000-0000-0000-0000-000000000000/resourceGroups/clitest.rg000001/providers/Microsoft.Network/frontdoors/cli000004/frontendEndpoints/DefaultFrontendEndpoint\"\r\n
        \           }\r\n          ],\"acceptedProtocols\":[\r\n            \"Http\"\r\n
        \         ],\"patternsToMatch\":[\r\n            \"/*\"\r\n          ],\"enabledState\":\"Enabled\",\"resourceState\":\"Enabled\",\"routeConfiguration\":{\r\n
        \           \"@odata.type\":\"#Microsoft.Azure.FrontDoor.Models.FrontdoorForwardingConfiguration\",\"customForwardingPath\":null,\"forwardingProtocol\":\"MatchRequest\",\"cacheConfiguration\":null,\"backendPool\":{\r\n
        \             \"id\":\"/subscriptions/00000000-0000-0000-0000-000000000000/resourceGroups/clitest.rg000001/providers/Microsoft.Network/frontdoors/cli000004/backendPools/DefaultBackendPool\"\r\n
        \           }\r\n          }\r\n        }\r\n      }\r\n    ],\"backendPoolsSettings\":{\r\n
        \     \"enforceCertificateNameCheck\":\"Enabled\"\r\n    },\"enabledState\":\"Enabled\",\"cName\":\"cli000004.azurefd.net\",\"friendlyName\":\"cli000004\"\r\n
        \ }\r\n}"
    headers:
      cache-control:
      - no-cache
      content-length:
      - '5121'
      content-type:
      - application/json; odata.metadata=minimal
      date:
      - Wed, 19 Jun 2019 17:50:16 GMT
      expires:
      - '-1'
      odata-version:
      - '4.0'
      pragma:
      - no-cache
      server:
      - Microsoft-IIS/8.5
      strict-transport-security:
      - max-age=31536000; includeSubDomains
      transfer-encoding:
      - chunked
      vary:
      - Accept-Encoding
      x-aspnet-version:
      - 4.0.30319
      x-content-type-options:
      - nosniff
      x-powered-by:
      - ASP.NET
    status:
      code: 200
      message: OK
- request:
    body: 'b''b\''b\\\''{"location": "Global", "tags": {}, "properties": {"friendlyName":
      "cli000004", "routingRules": [{"id": "/subscriptions/00000000-0000-0000-0000-000000000000/resourcegroups/clitest.rg000001/providers/Microsoft.Network/Frontdoors/cli000004/RoutingRules/DefaultRoutingRule",
      "properties": {"frontendEndpoints": [{"id": "/subscriptions/00000000-0000-0000-0000-000000000000/resourceGroups/clitest.rg000001/providers/Microsoft.Network/frontdoors/cli000004/frontendEndpoints/DefaultFrontendEndpoint"}],
      "acceptedProtocols": ["Http"], "patternsToMatch": ["/*"], "enabledState": "Enabled",
      "routeConfiguration": {"@odata.type": "#Microsoft.Azure.FrontDoor.Models.FrontdoorForwardingConfiguration",
      "forwardingProtocol": "MatchRequest", "backendPool": {"id": "/subscriptions/00000000-0000-0000-0000-000000000000/resourceGroups/clitest.rg000001/providers/Microsoft.Network/frontdoors/cli000004/backendPools/DefaultBackendPool"}},
      "resourceState": "Enabled"}, "name": "DefaultRoutingRule"}], "loadBalancingSettings":
      [{"id": "/subscriptions/00000000-0000-0000-0000-000000000000/resourcegroups/clitest.rg000001/providers/Microsoft.Network/Frontdoors/cli000004/LoadBalancingSettings/DefaultLoadBalancingSettings",
      "properties": {"sampleSize": 4, "successfulSamplesRequired": 2, "additionalLatencyMilliseconds":
      0, "resourceState": "Enabled"}, "name": "DefaultLoadBalancingSettings"}], "healthProbeSettings":
      [{"id": "/subscriptions/00000000-0000-0000-0000-000000000000/resourcegroups/clitest.rg000001/providers/Microsoft.Network/Frontdoors/cli000004/HealthProbeSettings/DefaultProbeSettings",
      "properties": {"path": "/", "protocol": "Https", "intervalInSeconds": 30, "resourceState":
      "Enabled"}, "name": "DefaultProbeSettings"}], "backendPools": [{"id": "/subscriptions/00000000-0000-0000-0000-000000000000/resourcegroups/clitest.rg000001/providers/Microsoft.Network/Frontdoors/cli000004/BackendPools/DefaultBackendPool",
      "properties": {"backends": [{"address": "www.example.com", "httpPort": 80, "httpsPort":
      443, "enabledState": "Enabled", "priority": 1, "weight": 50, "backendHostHeader":
      "www.example.com"}], "loadBalancingSettings": {"id": "/subscriptions/00000000-0000-0000-0000-000000000000/resourceGroups/clitest.rg000001/providers/Microsoft.Network/frontdoors/cli000004/loadBalancingSettings/DefaultLoadBalancingSettings"},
      "healthProbeSettings": {"id": "/subscriptions/00000000-0000-0000-0000-000000000000/resourceGroups/clitest.rg000001/providers/Microsoft.Network/frontdoors/cli000004/healthProbeSettings/DefaultProbeSettings"},
      "resourceState": "Enabled"}, "name": "DefaultBackendPool"}], "frontendEndpoints":
      [{"id": "/subscriptions/00000000-0000-0000-0000-000000000000/resourcegroups/clitest.rg000001/providers/Microsoft.Network/Frontdoors/cli000004/FrontendEndpoints/DefaultFrontendEndpoint",
      "properties": {"hostName": "cli000004.azurefd.net", "sessionAffinityEnabledState":
      "Disabled", "sessionAffinityTtlSeconds": 0, "webApplicationFirewallPolicyLink":
      {"id": "/subscriptions/00000000-0000-0000-0000-000000000000/resourcegroups/clitest.rg000001/providers/Microsoft.Network/frontdoorwebapplicationfirewallpolicies/cli000002"},
      "resourceState": "Enabled"}, "name": "DefaultFrontendEndpoint"}], "backendPoolsSettings":
      {}, "enabledState": "Enabled", "resourceState": "Enabled"}}\\\''\'''''
    headers:
      Accept:
      - application/json
      Accept-Encoding:
      - gzip, deflate
      CommandName:
      - network front-door update
      Connection:
      - keep-alive
      Content-Length:
      - '4049'
      Content-Type:
      - application/json; charset=utf-8
      ParameterSetName:
      - --name --resource-group --set
      User-Agent:
      - python/3.6.6 (Windows-10-10.0.18362-SP0) msrest/0.6.6 msrest_azure/0.6.1 azure-mgmt-frontdoor/0.1.0
        Azure-SDK-For-Python AZURECLI/2.0.66
      accept-language:
      - en-US
    method: PUT
    uri: https://management.azure.com/subscriptions/00000000-0000-0000-0000-000000000000/resourceGroups/clitest.rg000001/providers/Microsoft.Network/frontDoors/cli000004?api-version=2019-04-01
  response:
    body:
      string: "{\r\n  \"name\":\"cli000004\",\"id\":\"/subscriptions/00000000-0000-0000-0000-000000000000/resourcegroups/clitest.rg000001/providers/Microsoft.Network/frontdoors/cli000004\",\"type\":\"Microsoft.Network/frontdoors\",\"tags\":{\r\n
        \   \r\n  },\"location\":\"Global\",\"properties\":{\r\n    \"provisioningState\":\"Succeeded\",\"resourceState\":\"Enabled\",\"backendPools\":[\r\n
        \     {\r\n        \"id\":\"/subscriptions/00000000-0000-0000-0000-000000000000/resourcegroups/clitest.rg000001/providers/Microsoft.Network/Frontdoors/cli000004/BackendPools/DefaultBackendPool\",\"name\":\"DefaultBackendPool\",\"type\":\"Microsoft.Network/Frontdoors/BackendPools\",\"properties\":{\r\n
        \         \"backends\":[\r\n            {\r\n              \"address\":\"www.example.com\",\"httpPort\":80,\"httpsPort\":443,\"priority\":1,\"weight\":50,\"backendHostHeader\":\"www.example.com\",\"enabledState\":\"Enabled\"\r\n
        \           }\r\n          ],\"healthProbeSettings\":{\r\n            \"id\":\"/subscriptions/00000000-0000-0000-0000-000000000000/resourceGroups/clitest.rg000001/providers/Microsoft.Network/frontdoors/cli000004/healthProbeSettings/DefaultProbeSettings\"\r\n
        \         },\"loadBalancingSettings\":{\r\n            \"id\":\"/subscriptions/00000000-0000-0000-0000-000000000000/resourceGroups/clitest.rg000001/providers/Microsoft.Network/frontdoors/cli000004/loadBalancingSettings/DefaultLoadBalancingSettings\"\r\n
        \         },\"resourceState\":\"Enabled\"\r\n        }\r\n      }\r\n    ],\"healthProbeSettings\":[\r\n
        \     {\r\n        \"id\":\"/subscriptions/00000000-0000-0000-0000-000000000000/resourcegroups/clitest.rg000001/providers/Microsoft.Network/Frontdoors/cli000004/HealthProbeSettings/DefaultProbeSettings\",\"name\":\"DefaultProbeSettings\",\"type\":\"Microsoft.Network/Frontdoors/HealthProbeSettings\",\"properties\":{\r\n
        \         \"intervalInSeconds\":30,\"path\":\"/\",\"protocol\":\"Https\",\"resourceState\":\"Enabled\"\r\n
        \       }\r\n      }\r\n    ],\"frontendEndpoints\":[\r\n      {\r\n        \"id\":\"/subscriptions/00000000-0000-0000-0000-000000000000/resourcegroups/clitest.rg000001/providers/Microsoft.Network/Frontdoors/cli000004/FrontendEndpoints/DefaultFrontendEndpoint\",\"name\":\"DefaultFrontendEndpoint\",\"type\":\"Microsoft.Network/Frontdoors/FrontendEndpoints\",\"properties\":{\r\n
        \         \"hostName\":\"cli000004.azurefd.net\",\"sessionAffinityEnabledState\":\"Disabled\",\"sessionAffinityTtlSeconds\":0,\"webApplicationFirewallPolicyLink\":{\r\n
        \           \"id\":\"/subscriptions/00000000-0000-0000-0000-000000000000/resourcegroups/clitest.rg000001/providers/Microsoft.Network/frontdoorwebapplicationfirewallpolicies/cli000002\"\r\n
        \         },\"customHttpsProvisioningState\":null,\"customHttpsProvisioningSubstate\":null,\"customHttpsConfiguration\":null,\"resourceState\":\"Enabled\"\r\n
        \       }\r\n      }\r\n    ],\"loadBalancingSettings\":[\r\n      {\r\n        \"id\":\"/subscriptions/00000000-0000-0000-0000-000000000000/resourcegroups/clitest.rg000001/providers/Microsoft.Network/Frontdoors/cli000004/LoadBalancingSettings/DefaultLoadBalancingSettings\",\"name\":\"DefaultLoadBalancingSettings\",\"type\":\"Microsoft.Network/Frontdoors/LoadBalancingSettings\",\"properties\":{\r\n
        \         \"additionalLatencyMilliseconds\":0,\"sampleSize\":4,\"successfulSamplesRequired\":2,\"resourceState\":\"Enabled\"\r\n
        \       }\r\n      }\r\n    ],\"routingRules\":[\r\n      {\r\n        \"id\":\"/subscriptions/00000000-0000-0000-0000-000000000000/resourcegroups/clitest.rg000001/providers/Microsoft.Network/Frontdoors/cli000004/RoutingRules/DefaultRoutingRule\",\"name\":\"DefaultRoutingRule\",\"type\":\"Microsoft.Network/Frontdoors/RoutingRules\",\"properties\":{\r\n
        \         \"frontendEndpoints\":[\r\n            {\r\n              \"id\":\"/subscriptions/00000000-0000-0000-0000-000000000000/resourceGroups/clitest.rg000001/providers/Microsoft.Network/frontdoors/cli000004/frontendEndpoints/DefaultFrontendEndpoint\"\r\n
        \           }\r\n          ],\"acceptedProtocols\":[\r\n            \"Http\"\r\n
        \         ],\"patternsToMatch\":[\r\n            \"/*\"\r\n          ],\"enabledState\":\"Enabled\",\"resourceState\":\"Enabled\",\"routeConfiguration\":{\r\n
        \           \"@odata.type\":\"#Microsoft.Azure.FrontDoor.Models.FrontdoorForwardingConfiguration\",\"customForwardingPath\":null,\"forwardingProtocol\":\"MatchRequest\",\"cacheConfiguration\":null,\"backendPool\":{\r\n
        \             \"id\":\"/subscriptions/00000000-0000-0000-0000-000000000000/resourceGroups/clitest.rg000001/providers/Microsoft.Network/frontdoors/cli000004/backendPools/DefaultBackendPool\"\r\n
        \           }\r\n          }\r\n        }\r\n      }\r\n    ],\"backendPoolsSettings\":{\r\n
        \     \"enforceCertificateNameCheck\":\"Enabled\"\r\n    },\"enabledState\":\"Enabled\",\"cName\":\"cli000004.azurefd.net\",\"friendlyName\":\"cli000004\"\r\n
        \ }\r\n}"
    headers:
      azure-asyncoperation:
      - https://management.azure.com/subscriptions/00000000-0000-0000-0000-000000000000/resourcegroups/clitest.rg000001/providers/Microsoft.Network/frontdooroperationresults/d5404748-705b-47bd-bea0-d02716a2a773?api-version=2019-04-01
      cache-control:
      - no-cache
      content-length:
      - '5387'
      content-type:
      - application/json; odata.metadata=minimal
      date:
      - Wed, 19 Jun 2019 17:50:19 GMT
      expires:
      - '-1'
      location:
      - https://management.azure.com/subscriptions/00000000-0000-0000-0000-000000000000/resourcegroups/clitest.rg000001/providers/Microsoft.Network/frontdooroperationresults/d5404748-705b-47bd-bea0-d02716a2a773/frontdoorresults/cli000004?api-version=2019-04-01
      odata-version:
      - '4.0'
      pragma:
      - no-cache
      server:
      - Microsoft-IIS/8.5
      strict-transport-security:
      - max-age=31536000; includeSubDomains
      x-aspnet-version:
      - 4.0.30319
      x-content-type-options:
      - nosniff
      x-ms-ratelimit-remaining-subscription-writes:
      - '1196'
      x-powered-by:
      - ASP.NET
    status:
      code: 202
      message: Accepted
- request:
    body: null
    headers:
      Accept:
      - application/json
      Accept-Encoding:
      - gzip, deflate
      CommandName:
      - network front-door update
      Connection:
      - keep-alive
      ParameterSetName:
      - --name --resource-group --set
      User-Agent:
      - python/3.6.6 (Windows-10-10.0.18362-SP0) msrest/0.6.6 msrest_azure/0.6.1 azure-mgmt-frontdoor/0.1.0
        Azure-SDK-For-Python AZURECLI/2.0.66
    method: GET
    uri: https://management.azure.com/subscriptions/00000000-0000-0000-0000-000000000000/resourcegroups/clitest.rg000001/providers/Microsoft.Network/frontdooroperationresults/d5404748-705b-47bd-bea0-d02716a2a773?api-version=2019-04-01
  response:
    body:
      string: "{\r\n  \"status\":\"InProgress\",\"error\":{\r\n    \r\n  }\r\n}"
    headers:
      cache-control:
      - no-cache
      content-length:
      - '50'
      content-type:
      - application/json; odata.metadata=minimal
      date:
      - Wed, 19 Jun 2019 17:50:29 GMT
      expires:
      - '-1'
      odata-version:
      - '4.0'
      pragma:
      - no-cache
      server:
      - Microsoft-IIS/8.5
      strict-transport-security:
      - max-age=31536000; includeSubDomains
      transfer-encoding:
      - chunked
      vary:
      - Accept-Encoding
      x-aspnet-version:
      - 4.0.30319
      x-content-type-options:
      - nosniff
      x-powered-by:
      - ASP.NET
    status:
      code: 200
      message: OK
- request:
    body: null
    headers:
      Accept:
      - application/json
      Accept-Encoding:
      - gzip, deflate
      CommandName:
      - network front-door update
      Connection:
      - keep-alive
      ParameterSetName:
      - --name --resource-group --set
      User-Agent:
      - python/3.6.6 (Windows-10-10.0.18362-SP0) msrest/0.6.6 msrest_azure/0.6.1 azure-mgmt-frontdoor/0.1.0
        Azure-SDK-For-Python AZURECLI/2.0.66
    method: GET
    uri: https://management.azure.com/subscriptions/00000000-0000-0000-0000-000000000000/resourcegroups/clitest.rg000001/providers/Microsoft.Network/frontdooroperationresults/d5404748-705b-47bd-bea0-d02716a2a773?api-version=2019-04-01
  response:
    body:
      string: "{\r\n  \"status\":\"Succeeded\",\"error\":{\r\n    \r\n  }\r\n}"
    headers:
      cache-control:
      - no-cache
      content-length:
      - '49'
      content-type:
      - application/json; odata.metadata=minimal
      date:
      - Wed, 19 Jun 2019 17:50:59 GMT
      expires:
      - '-1'
      odata-version:
      - '4.0'
      pragma:
      - no-cache
      server:
      - Microsoft-IIS/8.5
      strict-transport-security:
      - max-age=31536000; includeSubDomains
      transfer-encoding:
      - chunked
      vary:
      - Accept-Encoding
      x-aspnet-version:
      - 4.0.30319
      x-content-type-options:
      - nosniff
      x-powered-by:
      - ASP.NET
    status:
      code: 200
      message: OK
- request:
    body: null
    headers:
      Accept:
      - application/json
      Accept-Encoding:
      - gzip, deflate
      CommandName:
      - network front-door update
      Connection:
      - keep-alive
      ParameterSetName:
      - --name --resource-group --set
      User-Agent:
      - python/3.6.6 (Windows-10-10.0.18362-SP0) msrest/0.6.6 msrest_azure/0.6.1 azure-mgmt-frontdoor/0.1.0
        Azure-SDK-For-Python AZURECLI/2.0.66
    method: GET
    uri: https://management.azure.com/subscriptions/00000000-0000-0000-0000-000000000000/resourceGroups/clitest.rg000001/providers/Microsoft.Network/frontDoors/cli000004?api-version=2019-04-01
  response:
    body:
      string: "{\r\n  \"name\":\"cli000004\",\"id\":\"/subscriptions/00000000-0000-0000-0000-000000000000/resourcegroups/clitest.rg000001/providers/Microsoft.Network/frontdoors/cli000004\",\"type\":\"Microsoft.Network/frontdoors\",\"tags\":{\r\n
        \   \r\n  },\"location\":\"Global\",\"properties\":{\r\n    \"provisioningState\":\"Succeeded\",\"resourceState\":\"Enabled\",\"backendPools\":[\r\n
        \     {\r\n        \"id\":\"/subscriptions/00000000-0000-0000-0000-000000000000/resourcegroups/clitest.rg000001/providers/Microsoft.Network/Frontdoors/cli000004/BackendPools/DefaultBackendPool\",\"name\":\"DefaultBackendPool\",\"type\":\"Microsoft.Network/Frontdoors/BackendPools\",\"properties\":{\r\n
        \         \"backends\":[\r\n            {\r\n              \"address\":\"www.example.com\",\"httpPort\":80,\"httpsPort\":443,\"priority\":1,\"weight\":50,\"backendHostHeader\":\"www.example.com\",\"enabledState\":\"Enabled\"\r\n
        \           }\r\n          ],\"healthProbeSettings\":{\r\n            \"id\":\"/subscriptions/00000000-0000-0000-0000-000000000000/resourceGroups/clitest.rg000001/providers/Microsoft.Network/frontdoors/cli000004/healthProbeSettings/DefaultProbeSettings\"\r\n
        \         },\"loadBalancingSettings\":{\r\n            \"id\":\"/subscriptions/00000000-0000-0000-0000-000000000000/resourceGroups/clitest.rg000001/providers/Microsoft.Network/frontdoors/cli000004/loadBalancingSettings/DefaultLoadBalancingSettings\"\r\n
        \         },\"resourceState\":\"Enabled\"\r\n        }\r\n      }\r\n    ],\"healthProbeSettings\":[\r\n
        \     {\r\n        \"id\":\"/subscriptions/00000000-0000-0000-0000-000000000000/resourcegroups/clitest.rg000001/providers/Microsoft.Network/Frontdoors/cli000004/HealthProbeSettings/DefaultProbeSettings\",\"name\":\"DefaultProbeSettings\",\"type\":\"Microsoft.Network/Frontdoors/HealthProbeSettings\",\"properties\":{\r\n
        \         \"intervalInSeconds\":30,\"path\":\"/\",\"protocol\":\"Https\",\"resourceState\":\"Enabled\"\r\n
        \       }\r\n      }\r\n    ],\"frontendEndpoints\":[\r\n      {\r\n        \"id\":\"/subscriptions/00000000-0000-0000-0000-000000000000/resourcegroups/clitest.rg000001/providers/Microsoft.Network/Frontdoors/cli000004/FrontendEndpoints/DefaultFrontendEndpoint\",\"name\":\"DefaultFrontendEndpoint\",\"type\":\"Microsoft.Network/Frontdoors/FrontendEndpoints\",\"properties\":{\r\n
        \         \"hostName\":\"cli000004.azurefd.net\",\"sessionAffinityEnabledState\":\"Disabled\",\"sessionAffinityTtlSeconds\":0,\"webApplicationFirewallPolicyLink\":{\r\n
        \           \"id\":\"/subscriptions/00000000-0000-0000-0000-000000000000/resourcegroups/clitest.rg000001/providers/Microsoft.Network/frontdoorwebapplicationfirewallpolicies/cli000002\"\r\n
        \         },\"customHttpsProvisioningState\":null,\"customHttpsProvisioningSubstate\":null,\"customHttpsConfiguration\":null,\"resourceState\":\"Enabled\"\r\n
        \       }\r\n      }\r\n    ],\"loadBalancingSettings\":[\r\n      {\r\n        \"id\":\"/subscriptions/00000000-0000-0000-0000-000000000000/resourcegroups/clitest.rg000001/providers/Microsoft.Network/Frontdoors/cli000004/LoadBalancingSettings/DefaultLoadBalancingSettings\",\"name\":\"DefaultLoadBalancingSettings\",\"type\":\"Microsoft.Network/Frontdoors/LoadBalancingSettings\",\"properties\":{\r\n
        \         \"additionalLatencyMilliseconds\":0,\"sampleSize\":4,\"successfulSamplesRequired\":2,\"resourceState\":\"Enabled\"\r\n
        \       }\r\n      }\r\n    ],\"routingRules\":[\r\n      {\r\n        \"id\":\"/subscriptions/00000000-0000-0000-0000-000000000000/resourcegroups/clitest.rg000001/providers/Microsoft.Network/Frontdoors/cli000004/RoutingRules/DefaultRoutingRule\",\"name\":\"DefaultRoutingRule\",\"type\":\"Microsoft.Network/Frontdoors/RoutingRules\",\"properties\":{\r\n
        \         \"frontendEndpoints\":[\r\n            {\r\n              \"id\":\"/subscriptions/00000000-0000-0000-0000-000000000000/resourceGroups/clitest.rg000001/providers/Microsoft.Network/frontdoors/cli000004/frontendEndpoints/DefaultFrontendEndpoint\"\r\n
        \           }\r\n          ],\"acceptedProtocols\":[\r\n            \"Http\"\r\n
        \         ],\"patternsToMatch\":[\r\n            \"/*\"\r\n          ],\"enabledState\":\"Enabled\",\"resourceState\":\"Enabled\",\"routeConfiguration\":{\r\n
        \           \"@odata.type\":\"#Microsoft.Azure.FrontDoor.Models.FrontdoorForwardingConfiguration\",\"customForwardingPath\":null,\"forwardingProtocol\":\"MatchRequest\",\"cacheConfiguration\":null,\"backendPool\":{\r\n
        \             \"id\":\"/subscriptions/00000000-0000-0000-0000-000000000000/resourceGroups/clitest.rg000001/providers/Microsoft.Network/frontdoors/cli000004/backendPools/DefaultBackendPool\"\r\n
        \           }\r\n          }\r\n        }\r\n      }\r\n    ],\"backendPoolsSettings\":{\r\n
        \     \"enforceCertificateNameCheck\":\"Enabled\"\r\n    },\"enabledState\":\"Enabled\",\"cName\":\"cli000004.azurefd.net\",\"friendlyName\":\"cli000004\"\r\n
        \ }\r\n}"
    headers:
      cache-control:
      - no-cache
      content-length:
      - '5387'
      content-type:
      - application/json; odata.metadata=minimal
      date:
      - Wed, 19 Jun 2019 17:51:00 GMT
      expires:
      - '-1'
      odata-version:
      - '4.0'
      pragma:
      - no-cache
      server:
      - Microsoft-IIS/8.5
      strict-transport-security:
      - max-age=31536000; includeSubDomains
      transfer-encoding:
      - chunked
      vary:
      - Accept-Encoding
      x-aspnet-version:
      - 4.0.30319
      x-content-type-options:
      - nosniff
      x-powered-by:
      - ASP.NET
    status:
      code: 200
      message: OK
- request:
    body: null
    headers:
      Accept:
      - application/json
      Accept-Encoding:
      - gzip, deflate
      CommandName:
      - group delete
      Connection:
      - keep-alive
      Content-Length:
      - '0'
      ParameterSetName:
      - --name --yes --no-wait
      User-Agent:
      - python/3.6.6 (Windows-10-10.0.18362-SP0) msrest/0.6.6 msrest_azure/0.6.1 resourcemanagementclient/2.1.0
        Azure-SDK-For-Python AZURECLI/2.0.66
      accept-language:
      - en-US
    method: DELETE
    uri: https://management.azure.com/subscriptions/00000000-0000-0000-0000-000000000000/resourcegroups/clitest.rg000001?api-version=2018-05-01
  response:
    body:
      string: ''
    headers:
      cache-control:
      - no-cache
      content-length:
      - '0'
      date:
      - Wed, 19 Jun 2019 17:51:02 GMT
      expires:
      - '-1'
      location:
      - https://management.azure.com/subscriptions/00000000-0000-0000-0000-000000000000/operationresults/eyJqb2JJZCI6IlJFU09VUkNFR1JPVVBERUxFVElPTkpPQi1DTElURVNUOjJFUkc2Nkg1Mkw1RjZQWUtDS1Q3UlY1VEpKRFRYUlRIMlhJNE5PWXxDMTVCREUxRjBDOTdGMjNCLVdFU1RVUyIsImpvYkxvY2F0aW9uIjoid2VzdHVzIn0?api-version=2018-05-01
      pragma:
      - no-cache
      strict-transport-security:
      - max-age=31536000; includeSubDomains
      x-content-type-options:
      - nosniff
      x-ms-ratelimit-remaining-subscription-deletes:
      - '14999'
    status:
      code: 202
      message: Accepted
version: 1
