interactions:
- request:
    body: 'b''{"location": "global", "properties": {"friendlyName": "clifrontdoor000002",
      "routingRules": [{"properties": {"frontendEndpoints": [{"id": "/subscriptions/00000000-0000-0000-0000-000000000000/resourceGroups/clitest.rg000001/providers/Microsoft.Network/frontdoors/clifrontdoor000002/frontendEndpoints/DefaultFrontendEndpoint"}],
      "acceptedProtocols": ["Http"], "patternsToMatch": ["/*"], "enabledState": "Enabled",
      "routeConfiguration": {"@odata.type": "#Microsoft.Azure.FrontDoor.Models.FrontdoorForwardingConfiguration",
      "forwardingProtocol": "MatchRequest", "backendPool": {"id": "/subscriptions/00000000-0000-0000-0000-000000000000/resourceGroups/clitest.rg000001/providers/Microsoft.Network/frontdoors/clifrontdoor000002/backendPools/DefaultBackendPool"}},
      "resourceState": "Enabled"}, "name": "DefaultRoutingRule"}], "loadBalancingSettings":
      [{"properties": {"sampleSize": 4, "successfulSamplesRequired": 2, "additionalLatencyMilliseconds":
      0, "resourceState": "Enabled"}, "name": "DefaultLoadBalancingSettings"}], "healthProbeSettings":
      [{"properties": {"path": "/", "protocol": "Https", "intervalInSeconds": 30,
      "healthProbeMethod": "HEAD", "resourceState": "Enabled"}, "name": "DefaultProbeSettings"}],
      "backendPools": [{"properties": {"backends": [{"address": "202.120.2.3", "httpPort":
      80, "httpsPort": 443, "enabledState": "Enabled", "priority": 1, "weight": 50,
      "backendHostHeader": "202.120.2.3"}], "loadBalancingSettings": {"id": "/subscriptions/00000000-0000-0000-0000-000000000000/resourceGroups/clitest.rg000001/providers/Microsoft.Network/frontdoors/clifrontdoor000002/loadBalancingSettings/DefaultLoadBalancingSettings"},
      "healthProbeSettings": {"id": "/subscriptions/00000000-0000-0000-0000-000000000000/resourceGroups/clitest.rg000001/providers/Microsoft.Network/frontdoors/clifrontdoor000002/healthProbeSettings/DefaultProbeSettings"},
      "resourceState": "Enabled"}, "name": "DefaultBackendPool"}], "frontendEndpoints":
      [{"properties": {"hostName": "clifrontdoor000002.azurefd.net", "sessionAffinityEnabledState":
      "Disabled", "resourceState": "Enabled"}, "name": "DefaultFrontendEndpoint"}],
      "backendPoolsSettings": {"enforceCertificateNameCheck": "Enabled"}, "enabledState":
      "Enabled"}}'''
    headers:
      Accept:
      - application/json
      Accept-Encoding:
      - gzip, deflate
      CommandName:
      - network front-door create
      Connection:
      - keep-alive
      Content-Length:
      - '2453'
      Content-Type:
      - application/json; charset=utf-8
      ParameterSetName:
      - -g -n --backend-address
      User-Agent:
      - python/3.8.0 (Windows-10-10.0.18362-SP0) msrest/0.6.10 msrest_azure/0.6.2
        azure-mgmt-frontdoor/0.1.0 Azure-SDK-For-Python AZURECLI/2.1.0
      accept-language:
      - en-US
    method: PUT
    uri: https://management.azure.com/subscriptions/00000000-0000-0000-0000-000000000000/resourceGroups/clitest.rg000001/providers/Microsoft.Network/frontDoors/clifrontdoor000002?api-version=2019-05-01
  response:
    body:
      string: "{\r\n  \"name\":\"clifrontdoor000002\",\"id\":\"/subscriptions/00000000-0000-0000-0000-000000000000/resourcegroups/clitest.rg000001/providers/Microsoft.Network/frontdoors/clifrontdoor000002\",\"type\":\"Microsoft.Network/frontdoors\",\"tags\":{\r\n
        \   \r\n  },\"location\":\"Global\",\"properties\":{\r\n    \"provisioningState\":\"Creating\",\"resourceState\":\"Creating\",\"backendPools\":[\r\n
        \     {\r\n        \"id\":\"/subscriptions/00000000-0000-0000-0000-000000000000/resourcegroups/clitest.rg000001/providers/Microsoft.Network/Frontdoors/clifrontdoor000002/BackendPools/DefaultBackendPool\",\"name\":\"DefaultBackendPool\",\"type\":\"Microsoft.Network/Frontdoors/BackendPools\",\"properties\":{\r\n
        \         \"backends\":[\r\n            {\r\n              \"address\":\"202.120.2.3\",\"httpPort\":80,\"httpsPort\":443,\"priority\":1,\"weight\":50,\"backendHostHeader\":\"202.120.2.3\",\"enabledState\":\"Enabled\"\r\n
        \           }\r\n          ],\"healthProbeSettings\":{\r\n            \"id\":\"/subscriptions/00000000-0000-0000-0000-000000000000/resourceGroups/clitest.rg000001/providers/Microsoft.Network/frontdoors/clifrontdoor000002/healthProbeSettings/DefaultProbeSettings\"\r\n
        \         },\"loadBalancingSettings\":{\r\n            \"id\":\"/subscriptions/00000000-0000-0000-0000-000000000000/resourceGroups/clitest.rg000001/providers/Microsoft.Network/frontdoors/clifrontdoor000002/loadBalancingSettings/DefaultLoadBalancingSettings\"\r\n
        \         },\"resourceState\":\"Creating\"\r\n        }\r\n      }\r\n    ],\"healthProbeSettings\":[\r\n
        \     {\r\n        \"id\":\"/subscriptions/00000000-0000-0000-0000-000000000000/resourcegroups/clitest.rg000001/providers/Microsoft.Network/Frontdoors/clifrontdoor000002/HealthProbeSettings/DefaultProbeSettings\",\"name\":\"DefaultProbeSettings\",\"type\":\"Microsoft.Network/Frontdoors/HealthProbeSettings\",\"properties\":{\r\n
        \         \"intervalInSeconds\":30,\"path\":\"/\",\"protocol\":\"Https\",\"resourceState\":\"Creating\",\"enabledState\":\"Enabled\",\"healthProbeMethod\":\"Head\"\r\n
        \       }\r\n      }\r\n    ],\"frontendEndpoints\":[\r\n      {\r\n        \"id\":\"/subscriptions/00000000-0000-0000-0000-000000000000/resourcegroups/clitest.rg000001/providers/Microsoft.Network/Frontdoors/clifrontdoor000002/FrontendEndpoints/DefaultFrontendEndpoint\",\"name\":\"DefaultFrontendEndpoint\",\"type\":\"Microsoft.Network/Frontdoors/FrontendEndpoints\",\"properties\":{\r\n
        \         \"hostName\":\"clifrontdoor000002.azurefd.net\",\"sessionAffinityEnabledState\":\"Disabled\",\"sessionAffinityTtlSeconds\":0,\"webApplicationFirewallPolicyLink\":null,\"customHttpsProvisioningState\":null,\"customHttpsProvisioningSubstate\":null,\"customHttpsConfiguration\":null,\"resourceState\":\"Creating\"\r\n
        \       }\r\n      }\r\n    ],\"loadBalancingSettings\":[\r\n      {\r\n        \"id\":\"/subscriptions/00000000-0000-0000-0000-000000000000/resourcegroups/clitest.rg000001/providers/Microsoft.Network/Frontdoors/clifrontdoor000002/LoadBalancingSettings/DefaultLoadBalancingSettings\",\"name\":\"DefaultLoadBalancingSettings\",\"type\":\"Microsoft.Network/Frontdoors/LoadBalancingSettings\",\"properties\":{\r\n
        \         \"additionalLatencyMilliseconds\":0,\"sampleSize\":4,\"successfulSamplesRequired\":2,\"resourceState\":\"Creating\"\r\n
        \       }\r\n      }\r\n    ],\"routingRules\":[\r\n      {\r\n        \"id\":\"/subscriptions/00000000-0000-0000-0000-000000000000/resourcegroups/clitest.rg000001/providers/Microsoft.Network/Frontdoors/clifrontdoor000002/RoutingRules/DefaultRoutingRule\",\"name\":\"DefaultRoutingRule\",\"type\":\"Microsoft.Network/Frontdoors/RoutingRules\",\"properties\":{\r\n
        \         \"frontendEndpoints\":[\r\n            {\r\n              \"id\":\"/subscriptions/00000000-0000-0000-0000-000000000000/resourceGroups/clitest.rg000001/providers/Microsoft.Network/frontdoors/clifrontdoor000002/frontendEndpoints/DefaultFrontendEndpoint\"\r\n
        \           }\r\n          ],\"acceptedProtocols\":[\r\n            \"Http\"\r\n
        \         ],\"patternsToMatch\":[\r\n            \"/*\"\r\n          ],\"enabledState\":\"Enabled\",\"resourceState\":\"Creating\",\"routeConfiguration\":{\r\n
        \           \"@odata.type\":\"#Microsoft.Azure.FrontDoor.Models.FrontdoorForwardingConfiguration\",\"customForwardingPath\":null,\"forwardingProtocol\":\"MatchRequest\",\"cacheConfiguration\":null,\"backendPool\":{\r\n
        \             \"id\":\"/subscriptions/00000000-0000-0000-0000-000000000000/resourceGroups/clitest.rg000001/providers/Microsoft.Network/frontdoors/clifrontdoor000002/backendPools/DefaultBackendPool\"\r\n
        \           }\r\n          }\r\n        }\r\n      }\r\n    ],\"backendPoolsSettings\":{\r\n
        \     \"enforceCertificateNameCheck\":\"Enabled\",\"sendRecvTimeoutSeconds\":30\r\n
        \   },\"enabledState\":\"Enabled\",\"cName\":\"clifrontdoor000002.azurefd.net\",\"friendlyName\":\"clifrontdoor000002\"\r\n
        \ }\r\n}"
    headers:
      azure-asyncoperation:
      - https://management.azure.com/subscriptions/00000000-0000-0000-0000-000000000000/resourcegroups/clitest.rg000001/providers/Microsoft.Network/frontdooroperationresults/b7c91183-b1c5-408e-8c87-25b4e7780046?api-version=2019-05-01
      cache-control:
      - no-cache
      content-length:
      - '5142'
      content-type:
      - application/json; odata.metadata=minimal
      date:
      - Wed, 04 Mar 2020 08:56:35 GMT
      expires:
      - '-1'
      odata-version:
      - '4.0'
      pragma:
      - no-cache
      server:
      - Microsoft-IIS/8.5
      strict-transport-security:
      - max-age=31536000; includeSubDomains
      x-aspnet-version:
      - 4.0.30319
      x-content-type-options:
      - nosniff
      x-ms-ratelimit-remaining-subscription-writes:
      - '1198'
      x-powered-by:
      - ASP.NET
    status:
      code: 201
      message: Created
- request:
    body: null
    headers:
      Accept:
      - application/json
      Accept-Encoding:
      - gzip, deflate
      CommandName:
      - network front-door create
      Connection:
      - keep-alive
      ParameterSetName:
      - -g -n --backend-address
      User-Agent:
      - python/3.8.0 (Windows-10-10.0.18362-SP0) msrest/0.6.10 msrest_azure/0.6.2
        azure-mgmt-frontdoor/0.1.0 Azure-SDK-For-Python AZURECLI/2.1.0
    method: GET
    uri: https://management.azure.com/subscriptions/00000000-0000-0000-0000-000000000000/resourcegroups/clitest.rg000001/providers/Microsoft.Network/frontdooroperationresults/b7c91183-b1c5-408e-8c87-25b4e7780046?api-version=2019-05-01
  response:
    body:
      string: "{\r\n  \"status\":\"Succeeded\",\"error\":{\r\n    \"code\":\"None\",\"message\":null\r\n
        \ }\r\n}"
    headers:
      cache-control:
      - no-cache
      content-length:
      - '77'
      content-type:
      - application/json; odata.metadata=minimal
      date:
      - Wed, 04 Mar 2020 08:56:48 GMT
      expires:
      - '-1'
      odata-version:
      - '4.0'
      pragma:
      - no-cache
      server:
      - Microsoft-IIS/8.5
      strict-transport-security:
      - max-age=31536000; includeSubDomains
      transfer-encoding:
      - chunked
      vary:
      - Accept-Encoding
      x-aspnet-version:
      - 4.0.30319
      x-content-type-options:
      - nosniff
      x-powered-by:
      - ASP.NET
    status:
      code: 200
      message: OK
- request:
    body: null
    headers:
      Accept:
      - application/json
      Accept-Encoding:
      - gzip, deflate
      CommandName:
      - network front-door create
      Connection:
      - keep-alive
      ParameterSetName:
      - -g -n --backend-address
      User-Agent:
      - python/3.8.0 (Windows-10-10.0.18362-SP0) msrest/0.6.10 msrest_azure/0.6.2
        azure-mgmt-frontdoor/0.1.0 Azure-SDK-For-Python AZURECLI/2.1.0
    method: GET
    uri: https://management.azure.com/subscriptions/00000000-0000-0000-0000-000000000000/resourceGroups/clitest.rg000001/providers/Microsoft.Network/frontDoors/clifrontdoor000002?api-version=2019-05-01
  response:
    body:
      string: "{\r\n  \"name\":\"clifrontdoor000002\",\"id\":\"/subscriptions/00000000-0000-0000-0000-000000000000/resourcegroups/clitest.rg000001/providers/Microsoft.Network/frontdoors/clifrontdoor000002\",\"type\":\"Microsoft.Network/frontdoors\",\"tags\":{\r\n
        \   \r\n  },\"location\":\"Global\",\"properties\":{\r\n    \"provisioningState\":\"Succeeded\",\"resourceState\":\"Enabled\",\"backendPools\":[\r\n
        \     {\r\n        \"id\":\"/subscriptions/00000000-0000-0000-0000-000000000000/resourcegroups/clitest.rg000001/providers/Microsoft.Network/Frontdoors/clifrontdoor000002/BackendPools/DefaultBackendPool\",\"name\":\"DefaultBackendPool\",\"type\":\"Microsoft.Network/Frontdoors/BackendPools\",\"properties\":{\r\n
        \         \"backends\":[\r\n            {\r\n              \"address\":\"202.120.2.3\",\"httpPort\":80,\"httpsPort\":443,\"priority\":1,\"weight\":50,\"backendHostHeader\":\"202.120.2.3\",\"enabledState\":\"Enabled\"\r\n
        \           }\r\n          ],\"healthProbeSettings\":{\r\n            \"id\":\"/subscriptions/00000000-0000-0000-0000-000000000000/resourceGroups/clitest.rg000001/providers/Microsoft.Network/frontdoors/clifrontdoor000002/healthProbeSettings/DefaultProbeSettings\"\r\n
        \         },\"loadBalancingSettings\":{\r\n            \"id\":\"/subscriptions/00000000-0000-0000-0000-000000000000/resourceGroups/clitest.rg000001/providers/Microsoft.Network/frontdoors/clifrontdoor000002/loadBalancingSettings/DefaultLoadBalancingSettings\"\r\n
        \         },\"resourceState\":\"Enabled\"\r\n        }\r\n      }\r\n    ],\"healthProbeSettings\":[\r\n
        \     {\r\n        \"id\":\"/subscriptions/00000000-0000-0000-0000-000000000000/resourcegroups/clitest.rg000001/providers/Microsoft.Network/Frontdoors/clifrontdoor000002/HealthProbeSettings/DefaultProbeSettings\",\"name\":\"DefaultProbeSettings\",\"type\":\"Microsoft.Network/Frontdoors/HealthProbeSettings\",\"properties\":{\r\n
        \         \"intervalInSeconds\":30,\"path\":\"/\",\"protocol\":\"Https\",\"resourceState\":\"Enabled\",\"enabledState\":\"Enabled\",\"healthProbeMethod\":\"Head\"\r\n
        \       }\r\n      }\r\n    ],\"frontendEndpoints\":[\r\n      {\r\n        \"id\":\"/subscriptions/00000000-0000-0000-0000-000000000000/resourcegroups/clitest.rg000001/providers/Microsoft.Network/Frontdoors/clifrontdoor000002/FrontendEndpoints/DefaultFrontendEndpoint\",\"name\":\"DefaultFrontendEndpoint\",\"type\":\"Microsoft.Network/Frontdoors/FrontendEndpoints\",\"properties\":{\r\n
        \         \"hostName\":\"clifrontdoor000002.azurefd.net\",\"sessionAffinityEnabledState\":\"Disabled\",\"sessionAffinityTtlSeconds\":0,\"webApplicationFirewallPolicyLink\":null,\"customHttpsProvisioningState\":null,\"customHttpsProvisioningSubstate\":null,\"customHttpsConfiguration\":null,\"resourceState\":\"Enabled\"\r\n
        \       }\r\n      }\r\n    ],\"loadBalancingSettings\":[\r\n      {\r\n        \"id\":\"/subscriptions/00000000-0000-0000-0000-000000000000/resourcegroups/clitest.rg000001/providers/Microsoft.Network/Frontdoors/clifrontdoor000002/LoadBalancingSettings/DefaultLoadBalancingSettings\",\"name\":\"DefaultLoadBalancingSettings\",\"type\":\"Microsoft.Network/Frontdoors/LoadBalancingSettings\",\"properties\":{\r\n
        \         \"additionalLatencyMilliseconds\":0,\"sampleSize\":4,\"successfulSamplesRequired\":2,\"resourceState\":\"Enabled\"\r\n
        \       }\r\n      }\r\n    ],\"routingRules\":[\r\n      {\r\n        \"id\":\"/subscriptions/00000000-0000-0000-0000-000000000000/resourcegroups/clitest.rg000001/providers/Microsoft.Network/Frontdoors/clifrontdoor000002/RoutingRules/DefaultRoutingRule\",\"name\":\"DefaultRoutingRule\",\"type\":\"Microsoft.Network/Frontdoors/RoutingRules\",\"properties\":{\r\n
        \         \"frontendEndpoints\":[\r\n            {\r\n              \"id\":\"/subscriptions/00000000-0000-0000-0000-000000000000/resourceGroups/clitest.rg000001/providers/Microsoft.Network/frontdoors/clifrontdoor000002/frontendEndpoints/DefaultFrontendEndpoint\"\r\n
        \           }\r\n          ],\"acceptedProtocols\":[\r\n            \"Http\"\r\n
        \         ],\"patternsToMatch\":[\r\n            \"/*\"\r\n          ],\"enabledState\":\"Enabled\",\"resourceState\":\"Enabled\",\"routeConfiguration\":{\r\n
        \           \"@odata.type\":\"#Microsoft.Azure.FrontDoor.Models.FrontdoorForwardingConfiguration\",\"customForwardingPath\":null,\"forwardingProtocol\":\"MatchRequest\",\"cacheConfiguration\":null,\"backendPool\":{\r\n
        \             \"id\":\"/subscriptions/00000000-0000-0000-0000-000000000000/resourceGroups/clitest.rg000001/providers/Microsoft.Network/frontdoors/clifrontdoor000002/backendPools/DefaultBackendPool\"\r\n
        \           }\r\n          }\r\n        }\r\n      }\r\n    ],\"backendPoolsSettings\":{\r\n
        \     \"enforceCertificateNameCheck\":\"Enabled\",\"sendRecvTimeoutSeconds\":30\r\n
        \   },\"enabledState\":\"Enabled\",\"cName\":\"clifrontdoor000002.azurefd.net\",\"friendlyName\":\"clifrontdoor000002\"\r\n
        \ }\r\n}"
    headers:
      cache-control:
      - no-cache
      content-length:
      - '5137'
      content-type:
      - application/json; odata.metadata=minimal
      date:
      - Wed, 04 Mar 2020 08:56:51 GMT
      expires:
      - '-1'
      odata-version:
      - '4.0'
      pragma:
      - no-cache
      server:
      - Microsoft-IIS/8.5
      strict-transport-security:
      - max-age=31536000; includeSubDomains
      transfer-encoding:
      - chunked
      vary:
      - Accept-Encoding
      x-aspnet-version:
      - 4.0.30319
      x-content-type-options:
      - nosniff
      x-powered-by:
      - ASP.NET
    status:
      code: 200
      message: OK
- request:
    body: null
    headers:
      Accept:
      - application/json
      Accept-Encoding:
      - gzip, deflate
      CommandName:
      - network front-door routing-rule create
      Connection:
      - keep-alive
      ParameterSetName:
      - -f -g -n --frontend-endpoints --route-type --backend-pool --patterns
      User-Agent:
      - python/3.8.0 (Windows-10-10.0.18362-SP0) msrest/0.6.10 msrest_azure/0.6.2
        azure-mgmt-frontdoor/0.1.0 Azure-SDK-For-Python AZURECLI/2.1.0
      accept-language:
      - en-US
    method: GET
    uri: https://management.azure.com/subscriptions/00000000-0000-0000-0000-000000000000/resourceGroups/clitest.rg000001/providers/Microsoft.Network/frontDoors/clifrontdoor000002?api-version=2019-05-01
  response:
    body:
      string: "{\r\n  \"name\":\"clifrontdoor000002\",\"id\":\"/subscriptions/00000000-0000-0000-0000-000000000000/resourcegroups/clitest.rg000001/providers/Microsoft.Network/frontdoors/clifrontdoor000002\",\"type\":\"Microsoft.Network/frontdoors\",\"tags\":{\r\n
        \   \r\n  },\"location\":\"Global\",\"properties\":{\r\n    \"provisioningState\":\"Succeeded\",\"resourceState\":\"Enabled\",\"backendPools\":[\r\n
        \     {\r\n        \"id\":\"/subscriptions/00000000-0000-0000-0000-000000000000/resourcegroups/clitest.rg000001/providers/Microsoft.Network/Frontdoors/clifrontdoor000002/BackendPools/DefaultBackendPool\",\"name\":\"DefaultBackendPool\",\"type\":\"Microsoft.Network/Frontdoors/BackendPools\",\"properties\":{\r\n
        \         \"backends\":[\r\n            {\r\n              \"address\":\"202.120.2.3\",\"httpPort\":80,\"httpsPort\":443,\"priority\":1,\"weight\":50,\"backendHostHeader\":\"202.120.2.3\",\"enabledState\":\"Enabled\"\r\n
        \           }\r\n          ],\"healthProbeSettings\":{\r\n            \"id\":\"/subscriptions/00000000-0000-0000-0000-000000000000/resourceGroups/clitest.rg000001/providers/Microsoft.Network/frontdoors/clifrontdoor000002/healthProbeSettings/DefaultProbeSettings\"\r\n
        \         },\"loadBalancingSettings\":{\r\n            \"id\":\"/subscriptions/00000000-0000-0000-0000-000000000000/resourceGroups/clitest.rg000001/providers/Microsoft.Network/frontdoors/clifrontdoor000002/loadBalancingSettings/DefaultLoadBalancingSettings\"\r\n
        \         },\"resourceState\":\"Enabled\"\r\n        }\r\n      }\r\n    ],\"healthProbeSettings\":[\r\n
        \     {\r\n        \"id\":\"/subscriptions/00000000-0000-0000-0000-000000000000/resourcegroups/clitest.rg000001/providers/Microsoft.Network/Frontdoors/clifrontdoor000002/HealthProbeSettings/DefaultProbeSettings\",\"name\":\"DefaultProbeSettings\",\"type\":\"Microsoft.Network/Frontdoors/HealthProbeSettings\",\"properties\":{\r\n
        \         \"intervalInSeconds\":30,\"path\":\"/\",\"protocol\":\"Https\",\"resourceState\":\"Enabled\",\"enabledState\":\"Enabled\",\"healthProbeMethod\":\"Head\"\r\n
        \       }\r\n      }\r\n    ],\"frontendEndpoints\":[\r\n      {\r\n        \"id\":\"/subscriptions/00000000-0000-0000-0000-000000000000/resourcegroups/clitest.rg000001/providers/Microsoft.Network/Frontdoors/clifrontdoor000002/FrontendEndpoints/DefaultFrontendEndpoint\",\"name\":\"DefaultFrontendEndpoint\",\"type\":\"Microsoft.Network/Frontdoors/FrontendEndpoints\",\"properties\":{\r\n
        \         \"hostName\":\"clifrontdoor000002.azurefd.net\",\"sessionAffinityEnabledState\":\"Disabled\",\"sessionAffinityTtlSeconds\":0,\"webApplicationFirewallPolicyLink\":null,\"customHttpsProvisioningState\":null,\"customHttpsProvisioningSubstate\":null,\"customHttpsConfiguration\":null,\"resourceState\":\"Enabled\"\r\n
        \       }\r\n      }\r\n    ],\"loadBalancingSettings\":[\r\n      {\r\n        \"id\":\"/subscriptions/00000000-0000-0000-0000-000000000000/resourcegroups/clitest.rg000001/providers/Microsoft.Network/Frontdoors/clifrontdoor000002/LoadBalancingSettings/DefaultLoadBalancingSettings\",\"name\":\"DefaultLoadBalancingSettings\",\"type\":\"Microsoft.Network/Frontdoors/LoadBalancingSettings\",\"properties\":{\r\n
        \         \"additionalLatencyMilliseconds\":0,\"sampleSize\":4,\"successfulSamplesRequired\":2,\"resourceState\":\"Enabled\"\r\n
        \       }\r\n      }\r\n    ],\"routingRules\":[\r\n      {\r\n        \"id\":\"/subscriptions/00000000-0000-0000-0000-000000000000/resourcegroups/clitest.rg000001/providers/Microsoft.Network/Frontdoors/clifrontdoor000002/RoutingRules/DefaultRoutingRule\",\"name\":\"DefaultRoutingRule\",\"type\":\"Microsoft.Network/Frontdoors/RoutingRules\",\"properties\":{\r\n
        \         \"frontendEndpoints\":[\r\n            {\r\n              \"id\":\"/subscriptions/00000000-0000-0000-0000-000000000000/resourceGroups/clitest.rg000001/providers/Microsoft.Network/frontdoors/clifrontdoor000002/frontendEndpoints/DefaultFrontendEndpoint\"\r\n
        \           }\r\n          ],\"acceptedProtocols\":[\r\n            \"Http\"\r\n
        \         ],\"patternsToMatch\":[\r\n            \"/*\"\r\n          ],\"enabledState\":\"Enabled\",\"resourceState\":\"Enabled\",\"routeConfiguration\":{\r\n
        \           \"@odata.type\":\"#Microsoft.Azure.FrontDoor.Models.FrontdoorForwardingConfiguration\",\"customForwardingPath\":null,\"forwardingProtocol\":\"MatchRequest\",\"cacheConfiguration\":null,\"backendPool\":{\r\n
        \             \"id\":\"/subscriptions/00000000-0000-0000-0000-000000000000/resourceGroups/clitest.rg000001/providers/Microsoft.Network/frontdoors/clifrontdoor000002/backendPools/DefaultBackendPool\"\r\n
        \           }\r\n          }\r\n        }\r\n      }\r\n    ],\"backendPoolsSettings\":{\r\n
        \     \"enforceCertificateNameCheck\":\"Enabled\",\"sendRecvTimeoutSeconds\":30\r\n
        \   },\"enabledState\":\"Enabled\",\"cName\":\"clifrontdoor000002.azurefd.net\",\"friendlyName\":\"clifrontdoor000002\"\r\n
        \ }\r\n}"
    headers:
      cache-control:
      - no-cache
      content-length:
      - '5137'
      content-type:
      - application/json; odata.metadata=minimal
      date:
      - Wed, 04 Mar 2020 08:56:53 GMT
      expires:
      - '-1'
      odata-version:
      - '4.0'
      pragma:
      - no-cache
      server:
      - Microsoft-IIS/8.5
      strict-transport-security:
      - max-age=31536000; includeSubDomains
      transfer-encoding:
      - chunked
      vary:
      - Accept-Encoding
      x-aspnet-version:
      - 4.0.30319
      x-content-type-options:
      - nosniff
      x-powered-by:
      - ASP.NET
    status:
      code: 200
      message: OK
- request:
    body: 'b''{"location": "Global", "tags": {}, "properties": {"friendlyName": "clifrontdoor000002",
      "routingRules": [{"id": "/subscriptions/00000000-0000-0000-0000-000000000000/resourcegroups/clitest.rg000001/providers/Microsoft.Network/Frontdoors/clifrontdoor000002/RoutingRules/DefaultRoutingRule",
      "properties": {"frontendEndpoints": [{"id": "/subscriptions/00000000-0000-0000-0000-000000000000/resourceGroups/clitest.rg000001/providers/Microsoft.Network/frontdoors/clifrontdoor000002/frontendEndpoints/DefaultFrontendEndpoint"}],
      "acceptedProtocols": ["Http"], "patternsToMatch": ["/*"], "enabledState": "Enabled",
      "routeConfiguration": {"@odata.type": "#Microsoft.Azure.FrontDoor.Models.FrontdoorForwardingConfiguration",
      "forwardingProtocol": "MatchRequest", "backendPool": {"id": "/subscriptions/00000000-0000-0000-0000-000000000000/resourceGroups/clitest.rg000001/providers/Microsoft.Network/frontdoors/clifrontdoor000002/backendPools/DefaultBackendPool"}},
      "resourceState": "Enabled"}, "name": "DefaultRoutingRule"}, {"properties": {"frontendEndpoints":
      [{"id": "/subscriptions/00000000-0000-0000-0000-000000000000/resourceGroups/clitest.rg000001/providers/Microsoft.Network/Frontdoors/clifrontdoor000002/frontendEndpoints/DefaultFrontendEndpoint"}],
      "acceptedProtocols": ["Http"], "patternsToMatch": ["/forward1"], "enabledState":
      "Enabled", "routeConfiguration": {"@odata.type": "#Microsoft.Azure.FrontDoor.Models.FrontdoorForwardingConfiguration",
      "backendPool": {"id": "/subscriptions/00000000-0000-0000-0000-000000000000/resourceGroups/clitest.rg000001/providers/Microsoft.Network/Frontdoors/clifrontdoor000002/backendPools/DefaultBackendPool"}}},
      "name": "rule1"}], "loadBalancingSettings": [{"id": "/subscriptions/00000000-0000-0000-0000-000000000000/resourcegroups/clitest.rg000001/providers/Microsoft.Network/Frontdoors/clifrontdoor000002/LoadBalancingSettings/DefaultLoadBalancingSettings",
      "properties": {"sampleSize": 4, "successfulSamplesRequired": 2, "additionalLatencyMilliseconds":
      0, "resourceState": "Enabled"}, "name": "DefaultLoadBalancingSettings"}], "healthProbeSettings":
      [{"id": "/subscriptions/00000000-0000-0000-0000-000000000000/resourcegroups/clitest.rg000001/providers/Microsoft.Network/Frontdoors/clifrontdoor000002/HealthProbeSettings/DefaultProbeSettings",
      "properties": {"path": "/", "protocol": "Https", "intervalInSeconds": 30, "healthProbeMethod":
      "Head", "enabledState": "Enabled", "resourceState": "Enabled"}, "name": "DefaultProbeSettings"}],
      "backendPools": [{"id": "/subscriptions/00000000-0000-0000-0000-000000000000/resourcegroups/clitest.rg000001/providers/Microsoft.Network/Frontdoors/clifrontdoor000002/BackendPools/DefaultBackendPool",
      "properties": {"backends": [{"address": "202.120.2.3", "httpPort": 80, "httpsPort":
      443, "enabledState": "Enabled", "priority": 1, "weight": 50, "backendHostHeader":
      "202.120.2.3"}], "loadBalancingSettings": {"id": "/subscriptions/00000000-0000-0000-0000-000000000000/resourceGroups/clitest.rg000001/providers/Microsoft.Network/frontdoors/clifrontdoor000002/loadBalancingSettings/DefaultLoadBalancingSettings"},
      "healthProbeSettings": {"id": "/subscriptions/00000000-0000-0000-0000-000000000000/resourceGroups/clitest.rg000001/providers/Microsoft.Network/frontdoors/clifrontdoor000002/healthProbeSettings/DefaultProbeSettings"},
      "resourceState": "Enabled"}, "name": "DefaultBackendPool"}], "frontendEndpoints":
      [{"id": "/subscriptions/00000000-0000-0000-0000-000000000000/resourcegroups/clitest.rg000001/providers/Microsoft.Network/Frontdoors/clifrontdoor000002/FrontendEndpoints/DefaultFrontendEndpoint",
      "properties": {"hostName": "clifrontdoor000002.azurefd.net", "sessionAffinityEnabledState":
      "Disabled", "sessionAffinityTtlSeconds": 0, "resourceState": "Enabled"}, "name":
      "DefaultFrontendEndpoint"}], "backendPoolsSettings": {"enforceCertificateNameCheck":
      "Enabled", "sendRecvTimeoutSeconds": 30}, "enabledState": "Enabled", "resourceState":
      "Enabled"}}'''
    headers:
      Accept:
      - application/json
      Accept-Encoding:
      - gzip, deflate
      CommandName:
      - network front-door routing-rule create
      Connection:
      - keep-alive
      Content-Length:
      - '4616'
      Content-Type:
      - application/json; charset=utf-8
      ParameterSetName:
      - -f -g -n --frontend-endpoints --route-type --backend-pool --patterns
      User-Agent:
      - python/3.8.0 (Windows-10-10.0.18362-SP0) msrest/0.6.10 msrest_azure/0.6.2
        azure-mgmt-frontdoor/0.1.0 Azure-SDK-For-Python AZURECLI/2.1.0
      accept-language:
      - en-US
    method: PUT
    uri: https://management.azure.com/subscriptions/00000000-0000-0000-0000-000000000000/resourceGroups/clitest.rg000001/providers/Microsoft.Network/frontDoors/clifrontdoor000002?api-version=2019-05-01
  response:
    body:
      string: "{\r\n  \"name\":\"clifrontdoor000002\",\"id\":\"/subscriptions/00000000-0000-0000-0000-000000000000/resourcegroups/clitest.rg000001/providers/Microsoft.Network/frontdoors/clifrontdoor000002\",\"type\":\"Microsoft.Network/frontdoors\",\"tags\":{\r\n
        \   \r\n  },\"location\":\"Global\",\"properties\":{\r\n    \"provisioningState\":\"Succeeded\",\"resourceState\":\"Enabled\",\"backendPools\":[\r\n
        \     {\r\n        \"id\":\"/subscriptions/00000000-0000-0000-0000-000000000000/resourcegroups/clitest.rg000001/providers/Microsoft.Network/Frontdoors/clifrontdoor000002/BackendPools/DefaultBackendPool\",\"name\":\"DefaultBackendPool\",\"type\":\"Microsoft.Network/Frontdoors/BackendPools\",\"properties\":{\r\n
        \         \"backends\":[\r\n            {\r\n              \"address\":\"202.120.2.3\",\"httpPort\":80,\"httpsPort\":443,\"priority\":1,\"weight\":50,\"backendHostHeader\":\"202.120.2.3\",\"enabledState\":\"Enabled\"\r\n
        \           }\r\n          ],\"healthProbeSettings\":{\r\n            \"id\":\"/subscriptions/00000000-0000-0000-0000-000000000000/resourceGroups/clitest.rg000001/providers/Microsoft.Network/frontdoors/clifrontdoor000002/healthProbeSettings/DefaultProbeSettings\"\r\n
        \         },\"loadBalancingSettings\":{\r\n            \"id\":\"/subscriptions/00000000-0000-0000-0000-000000000000/resourceGroups/clitest.rg000001/providers/Microsoft.Network/frontdoors/clifrontdoor000002/loadBalancingSettings/DefaultLoadBalancingSettings\"\r\n
        \         },\"resourceState\":\"Enabled\"\r\n        }\r\n      }\r\n    ],\"healthProbeSettings\":[\r\n
        \     {\r\n        \"id\":\"/subscriptions/00000000-0000-0000-0000-000000000000/resourcegroups/clitest.rg000001/providers/Microsoft.Network/Frontdoors/clifrontdoor000002/HealthProbeSettings/DefaultProbeSettings\",\"name\":\"DefaultProbeSettings\",\"type\":\"Microsoft.Network/Frontdoors/HealthProbeSettings\",\"properties\":{\r\n
        \         \"intervalInSeconds\":30,\"path\":\"/\",\"protocol\":\"Https\",\"resourceState\":\"Enabled\",\"enabledState\":\"Enabled\",\"healthProbeMethod\":\"Head\"\r\n
        \       }\r\n      }\r\n    ],\"frontendEndpoints\":[\r\n      {\r\n        \"id\":\"/subscriptions/00000000-0000-0000-0000-000000000000/resourcegroups/clitest.rg000001/providers/Microsoft.Network/Frontdoors/clifrontdoor000002/FrontendEndpoints/DefaultFrontendEndpoint\",\"name\":\"DefaultFrontendEndpoint\",\"type\":\"Microsoft.Network/Frontdoors/FrontendEndpoints\",\"properties\":{\r\n
        \         \"hostName\":\"clifrontdoor000002.azurefd.net\",\"sessionAffinityEnabledState\":\"Disabled\",\"sessionAffinityTtlSeconds\":0,\"webApplicationFirewallPolicyLink\":null,\"customHttpsProvisioningState\":null,\"customHttpsProvisioningSubstate\":null,\"customHttpsConfiguration\":null,\"resourceState\":\"Enabled\"\r\n
        \       }\r\n      }\r\n    ],\"loadBalancingSettings\":[\r\n      {\r\n        \"id\":\"/subscriptions/00000000-0000-0000-0000-000000000000/resourcegroups/clitest.rg000001/providers/Microsoft.Network/Frontdoors/clifrontdoor000002/LoadBalancingSettings/DefaultLoadBalancingSettings\",\"name\":\"DefaultLoadBalancingSettings\",\"type\":\"Microsoft.Network/Frontdoors/LoadBalancingSettings\",\"properties\":{\r\n
        \         \"additionalLatencyMilliseconds\":0,\"sampleSize\":4,\"successfulSamplesRequired\":2,\"resourceState\":\"Enabled\"\r\n
        \       }\r\n      }\r\n    ],\"routingRules\":[\r\n      {\r\n        \"id\":\"/subscriptions/00000000-0000-0000-0000-000000000000/resourcegroups/clitest.rg000001/providers/Microsoft.Network/Frontdoors/clifrontdoor000002/RoutingRules/DefaultRoutingRule\",\"name\":\"DefaultRoutingRule\",\"type\":\"Microsoft.Network/Frontdoors/RoutingRules\",\"properties\":{\r\n
        \         \"frontendEndpoints\":[\r\n            {\r\n              \"id\":\"/subscriptions/00000000-0000-0000-0000-000000000000/resourceGroups/clitest.rg000001/providers/Microsoft.Network/frontdoors/clifrontdoor000002/frontendEndpoints/DefaultFrontendEndpoint\"\r\n
        \           }\r\n          ],\"acceptedProtocols\":[\r\n            \"Http\"\r\n
        \         ],\"patternsToMatch\":[\r\n            \"/*\"\r\n          ],\"enabledState\":\"Enabled\",\"resourceState\":\"Enabled\",\"routeConfiguration\":{\r\n
        \           \"@odata.type\":\"#Microsoft.Azure.FrontDoor.Models.FrontdoorForwardingConfiguration\",\"customForwardingPath\":null,\"forwardingProtocol\":\"MatchRequest\",\"cacheConfiguration\":null,\"backendPool\":{\r\n
        \             \"id\":\"/subscriptions/00000000-0000-0000-0000-000000000000/resourceGroups/clitest.rg000001/providers/Microsoft.Network/frontdoors/clifrontdoor000002/backendPools/DefaultBackendPool\"\r\n
        \           }\r\n          }\r\n        }\r\n      },{\r\n        \"id\":\"/subscriptions/00000000-0000-0000-0000-000000000000/resourcegroups/clitest.rg000001/providers/Microsoft.Network/Frontdoors/clifrontdoor000002/RoutingRules/rule1\",\"name\":\"rule1\",\"type\":\"Microsoft.Network/Frontdoors/RoutingRules\",\"properties\":{\r\n
        \         \"frontendEndpoints\":[\r\n            {\r\n              \"id\":\"/subscriptions/00000000-0000-0000-0000-000000000000/resourceGroups/clitest.rg000001/providers/Microsoft.Network/Frontdoors/clifrontdoor000002/frontendEndpoints/DefaultFrontendEndpoint\"\r\n
        \           }\r\n          ],\"acceptedProtocols\":[\r\n            \"Http\"\r\n
        \         ],\"patternsToMatch\":[\r\n            \"/forward1\"\r\n          ],\"enabledState\":\"Enabled\",\"resourceState\":\"Enabled\",\"routeConfiguration\":{\r\n
        \           \"@odata.type\":\"#Microsoft.Azure.FrontDoor.Models.FrontdoorForwardingConfiguration\",\"customForwardingPath\":null,\"forwardingProtocol\":\"MatchRequest\",\"cacheConfiguration\":null,\"backendPool\":{\r\n
        \             \"id\":\"/subscriptions/00000000-0000-0000-0000-000000000000/resourceGroups/clitest.rg000001/providers/Microsoft.Network/Frontdoors/clifrontdoor000002/backendPools/DefaultBackendPool\"\r\n
        \           }\r\n          }\r\n        }\r\n      }\r\n    ],\"backendPoolsSettings\":{\r\n
        \     \"enforceCertificateNameCheck\":\"Enabled\",\"sendRecvTimeoutSeconds\":30\r\n
        \   },\"enabledState\":\"Enabled\",\"cName\":\"clifrontdoor000002.azurefd.net\",\"friendlyName\":\"clifrontdoor000002\"\r\n
        \ }\r\n}"
    headers:
      azure-asyncoperation:
      - https://management.azure.com/subscriptions/00000000-0000-0000-0000-000000000000/resourcegroups/clitest.rg000001/providers/Microsoft.Network/frontdooroperationresults/13a8ddab-9979-4bdd-a8dd-44d24a6e9fd4?api-version=2019-05-01
      cache-control:
      - no-cache
      content-length:
      - '6495'
      content-type:
      - application/json; odata.metadata=minimal
      date:
      - Wed, 04 Mar 2020 08:56:57 GMT
      expires:
      - '-1'
      location:
      - https://management.azure.com/subscriptions/00000000-0000-0000-0000-000000000000/resourcegroups/clitest.rg000001/providers/Microsoft.Network/frontdooroperationresults/13a8ddab-9979-4bdd-a8dd-44d24a6e9fd4/frontdoorresults/clifrontdoor000002?api-version=2019-05-01
      odata-version:
      - '4.0'
      pragma:
      - no-cache
      server:
      - Microsoft-IIS/8.5
      strict-transport-security:
      - max-age=31536000; includeSubDomains
      x-aspnet-version:
      - 4.0.30319
      x-content-type-options:
      - nosniff
      x-ms-ratelimit-remaining-subscription-writes:
      - '1197'
      x-powered-by:
      - ASP.NET
    status:
      code: 202
      message: Accepted
- request:
    body: null
    headers:
      Accept:
      - application/json
      Accept-Encoding:
      - gzip, deflate
      CommandName:
      - network front-door routing-rule create
      Connection:
      - keep-alive
      ParameterSetName:
      - -f -g -n --frontend-endpoints --route-type --backend-pool --patterns
      User-Agent:
      - python/3.8.0 (Windows-10-10.0.18362-SP0) msrest/0.6.10 msrest_azure/0.6.2
        azure-mgmt-frontdoor/0.1.0 Azure-SDK-For-Python AZURECLI/2.1.0
    method: GET
    uri: https://management.azure.com/subscriptions/00000000-0000-0000-0000-000000000000/resourcegroups/clitest.rg000001/providers/Microsoft.Network/frontdooroperationresults/13a8ddab-9979-4bdd-a8dd-44d24a6e9fd4?api-version=2019-05-01
  response:
    body:
      string: "{\r\n  \"status\":\"Succeeded\",\"error\":{\r\n    \"code\":\"None\",\"message\":null\r\n
        \ }\r\n}"
    headers:
      cache-control:
      - no-cache
      content-length:
      - '77'
      content-type:
      - application/json; odata.metadata=minimal
      date:
      - Wed, 04 Mar 2020 08:57:09 GMT
      expires:
      - '-1'
      odata-version:
      - '4.0'
      pragma:
      - no-cache
      server:
      - Microsoft-IIS/8.5
      strict-transport-security:
      - max-age=31536000; includeSubDomains
      transfer-encoding:
      - chunked
      vary:
      - Accept-Encoding
      x-aspnet-version:
      - 4.0.30319
      x-content-type-options:
      - nosniff
      x-powered-by:
      - ASP.NET
    status:
      code: 200
      message: OK
- request:
    body: null
    headers:
      Accept:
      - application/json
      Accept-Encoding:
      - gzip, deflate
      CommandName:
      - network front-door routing-rule create
      Connection:
      - keep-alive
      ParameterSetName:
      - -f -g -n --frontend-endpoints --route-type --backend-pool --patterns
      User-Agent:
      - python/3.8.0 (Windows-10-10.0.18362-SP0) msrest/0.6.10 msrest_azure/0.6.2
        azure-mgmt-frontdoor/0.1.0 Azure-SDK-For-Python AZURECLI/2.1.0
    method: GET
    uri: https://management.azure.com/subscriptions/00000000-0000-0000-0000-000000000000/resourceGroups/clitest.rg000001/providers/Microsoft.Network/frontDoors/clifrontdoor000002?api-version=2019-05-01
  response:
    body:
      string: "{\r\n  \"name\":\"clifrontdoor000002\",\"id\":\"/subscriptions/00000000-0000-0000-0000-000000000000/resourcegroups/clitest.rg000001/providers/Microsoft.Network/frontdoors/clifrontdoor000002\",\"type\":\"Microsoft.Network/frontdoors\",\"tags\":{\r\n
        \   \r\n  },\"location\":\"Global\",\"properties\":{\r\n    \"provisioningState\":\"Succeeded\",\"resourceState\":\"Enabled\",\"backendPools\":[\r\n
        \     {\r\n        \"id\":\"/subscriptions/00000000-0000-0000-0000-000000000000/resourcegroups/clitest.rg000001/providers/Microsoft.Network/Frontdoors/clifrontdoor000002/BackendPools/DefaultBackendPool\",\"name\":\"DefaultBackendPool\",\"type\":\"Microsoft.Network/Frontdoors/BackendPools\",\"properties\":{\r\n
        \         \"backends\":[\r\n            {\r\n              \"address\":\"202.120.2.3\",\"httpPort\":80,\"httpsPort\":443,\"priority\":1,\"weight\":50,\"backendHostHeader\":\"202.120.2.3\",\"enabledState\":\"Enabled\"\r\n
        \           }\r\n          ],\"healthProbeSettings\":{\r\n            \"id\":\"/subscriptions/00000000-0000-0000-0000-000000000000/resourceGroups/clitest.rg000001/providers/Microsoft.Network/frontdoors/clifrontdoor000002/healthProbeSettings/DefaultProbeSettings\"\r\n
        \         },\"loadBalancingSettings\":{\r\n            \"id\":\"/subscriptions/00000000-0000-0000-0000-000000000000/resourceGroups/clitest.rg000001/providers/Microsoft.Network/frontdoors/clifrontdoor000002/loadBalancingSettings/DefaultLoadBalancingSettings\"\r\n
        \         },\"resourceState\":\"Enabled\"\r\n        }\r\n      }\r\n    ],\"healthProbeSettings\":[\r\n
        \     {\r\n        \"id\":\"/subscriptions/00000000-0000-0000-0000-000000000000/resourcegroups/clitest.rg000001/providers/Microsoft.Network/Frontdoors/clifrontdoor000002/HealthProbeSettings/DefaultProbeSettings\",\"name\":\"DefaultProbeSettings\",\"type\":\"Microsoft.Network/Frontdoors/HealthProbeSettings\",\"properties\":{\r\n
        \         \"intervalInSeconds\":30,\"path\":\"/\",\"protocol\":\"Https\",\"resourceState\":\"Enabled\",\"enabledState\":\"Enabled\",\"healthProbeMethod\":\"Head\"\r\n
        \       }\r\n      }\r\n    ],\"frontendEndpoints\":[\r\n      {\r\n        \"id\":\"/subscriptions/00000000-0000-0000-0000-000000000000/resourcegroups/clitest.rg000001/providers/Microsoft.Network/Frontdoors/clifrontdoor000002/FrontendEndpoints/DefaultFrontendEndpoint\",\"name\":\"DefaultFrontendEndpoint\",\"type\":\"Microsoft.Network/Frontdoors/FrontendEndpoints\",\"properties\":{\r\n
        \         \"hostName\":\"clifrontdoor000002.azurefd.net\",\"sessionAffinityEnabledState\":\"Disabled\",\"sessionAffinityTtlSeconds\":0,\"webApplicationFirewallPolicyLink\":null,\"customHttpsProvisioningState\":null,\"customHttpsProvisioningSubstate\":null,\"customHttpsConfiguration\":null,\"resourceState\":\"Enabled\"\r\n
        \       }\r\n      }\r\n    ],\"loadBalancingSettings\":[\r\n      {\r\n        \"id\":\"/subscriptions/00000000-0000-0000-0000-000000000000/resourcegroups/clitest.rg000001/providers/Microsoft.Network/Frontdoors/clifrontdoor000002/LoadBalancingSettings/DefaultLoadBalancingSettings\",\"name\":\"DefaultLoadBalancingSettings\",\"type\":\"Microsoft.Network/Frontdoors/LoadBalancingSettings\",\"properties\":{\r\n
        \         \"additionalLatencyMilliseconds\":0,\"sampleSize\":4,\"successfulSamplesRequired\":2,\"resourceState\":\"Enabled\"\r\n
        \       }\r\n      }\r\n    ],\"routingRules\":[\r\n      {\r\n        \"id\":\"/subscriptions/00000000-0000-0000-0000-000000000000/resourcegroups/clitest.rg000001/providers/Microsoft.Network/Frontdoors/clifrontdoor000002/RoutingRules/DefaultRoutingRule\",\"name\":\"DefaultRoutingRule\",\"type\":\"Microsoft.Network/Frontdoors/RoutingRules\",\"properties\":{\r\n
        \         \"frontendEndpoints\":[\r\n            {\r\n              \"id\":\"/subscriptions/00000000-0000-0000-0000-000000000000/resourceGroups/clitest.rg000001/providers/Microsoft.Network/frontdoors/clifrontdoor000002/frontendEndpoints/DefaultFrontendEndpoint\"\r\n
        \           }\r\n          ],\"acceptedProtocols\":[\r\n            \"Http\"\r\n
        \         ],\"patternsToMatch\":[\r\n            \"/*\"\r\n          ],\"enabledState\":\"Enabled\",\"resourceState\":\"Enabled\",\"routeConfiguration\":{\r\n
        \           \"@odata.type\":\"#Microsoft.Azure.FrontDoor.Models.FrontdoorForwardingConfiguration\",\"customForwardingPath\":null,\"forwardingProtocol\":\"MatchRequest\",\"cacheConfiguration\":null,\"backendPool\":{\r\n
        \             \"id\":\"/subscriptions/00000000-0000-0000-0000-000000000000/resourceGroups/clitest.rg000001/providers/Microsoft.Network/frontdoors/clifrontdoor000002/backendPools/DefaultBackendPool\"\r\n
        \           }\r\n          }\r\n        }\r\n      },{\r\n        \"id\":\"/subscriptions/00000000-0000-0000-0000-000000000000/resourcegroups/clitest.rg000001/providers/Microsoft.Network/Frontdoors/clifrontdoor000002/RoutingRules/rule1\",\"name\":\"rule1\",\"type\":\"Microsoft.Network/Frontdoors/RoutingRules\",\"properties\":{\r\n
        \         \"frontendEndpoints\":[\r\n            {\r\n              \"id\":\"/subscriptions/00000000-0000-0000-0000-000000000000/resourceGroups/clitest.rg000001/providers/Microsoft.Network/Frontdoors/clifrontdoor000002/frontendEndpoints/DefaultFrontendEndpoint\"\r\n
        \           }\r\n          ],\"acceptedProtocols\":[\r\n            \"Http\"\r\n
        \         ],\"patternsToMatch\":[\r\n            \"/forward1\"\r\n          ],\"enabledState\":\"Enabled\",\"resourceState\":\"Enabled\",\"routeConfiguration\":{\r\n
        \           \"@odata.type\":\"#Microsoft.Azure.FrontDoor.Models.FrontdoorForwardingConfiguration\",\"customForwardingPath\":null,\"forwardingProtocol\":\"MatchRequest\",\"cacheConfiguration\":null,\"backendPool\":{\r\n
        \             \"id\":\"/subscriptions/00000000-0000-0000-0000-000000000000/resourceGroups/clitest.rg000001/providers/Microsoft.Network/Frontdoors/clifrontdoor000002/backendPools/DefaultBackendPool\"\r\n
        \           }\r\n          }\r\n        }\r\n      }\r\n    ],\"backendPoolsSettings\":{\r\n
        \     \"enforceCertificateNameCheck\":\"Enabled\",\"sendRecvTimeoutSeconds\":30\r\n
        \   },\"enabledState\":\"Enabled\",\"cName\":\"clifrontdoor000002.azurefd.net\",\"friendlyName\":\"clifrontdoor000002\"\r\n
        \ }\r\n}"
    headers:
      cache-control:
      - no-cache
      content-length:
      - '6495'
      content-type:
      - application/json; odata.metadata=minimal
      date:
      - Wed, 04 Mar 2020 08:57:11 GMT
      expires:
      - '-1'
      odata-version:
      - '4.0'
      pragma:
      - no-cache
      server:
      - Microsoft-IIS/8.5
      strict-transport-security:
      - max-age=31536000; includeSubDomains
      transfer-encoding:
      - chunked
      vary:
      - Accept-Encoding
      x-aspnet-version:
      - 4.0.30319
      x-content-type-options:
      - nosniff
      x-powered-by:
      - ASP.NET
    status:
      code: 200
      message: OK
- request:
    body: null
    headers:
      Accept:
      - application/json
      Accept-Encoding:
      - gzip, deflate
      CommandName:
      - network front-door routing-rule update
      Connection:
      - keep-alive
      ParameterSetName:
      - -f -g -n --patterns --caching
      User-Agent:
      - python/3.8.0 (Windows-10-10.0.18362-SP0) msrest/0.6.10 msrest_azure/0.6.2
        azure-mgmt-frontdoor/0.1.0 Azure-SDK-For-Python AZURECLI/2.1.0
      accept-language:
      - en-US
    method: GET
    uri: https://management.azure.com/subscriptions/00000000-0000-0000-0000-000000000000/resourceGroups/clitest.rg000001/providers/Microsoft.Network/frontDoors/clifrontdoor000002?api-version=2019-05-01
  response:
    body:
      string: "{\r\n  \"name\":\"clifrontdoor000002\",\"id\":\"/subscriptions/00000000-0000-0000-0000-000000000000/resourcegroups/clitest.rg000001/providers/Microsoft.Network/frontdoors/clifrontdoor000002\",\"type\":\"Microsoft.Network/frontdoors\",\"tags\":{\r\n
        \   \r\n  },\"location\":\"Global\",\"properties\":{\r\n    \"provisioningState\":\"Succeeded\",\"resourceState\":\"Enabled\",\"backendPools\":[\r\n
        \     {\r\n        \"id\":\"/subscriptions/00000000-0000-0000-0000-000000000000/resourcegroups/clitest.rg000001/providers/Microsoft.Network/Frontdoors/clifrontdoor000002/BackendPools/DefaultBackendPool\",\"name\":\"DefaultBackendPool\",\"type\":\"Microsoft.Network/Frontdoors/BackendPools\",\"properties\":{\r\n
        \         \"backends\":[\r\n            {\r\n              \"address\":\"202.120.2.3\",\"httpPort\":80,\"httpsPort\":443,\"priority\":1,\"weight\":50,\"backendHostHeader\":\"202.120.2.3\",\"enabledState\":\"Enabled\"\r\n
        \           }\r\n          ],\"healthProbeSettings\":{\r\n            \"id\":\"/subscriptions/00000000-0000-0000-0000-000000000000/resourceGroups/clitest.rg000001/providers/Microsoft.Network/frontdoors/clifrontdoor000002/healthProbeSettings/DefaultProbeSettings\"\r\n
        \         },\"loadBalancingSettings\":{\r\n            \"id\":\"/subscriptions/00000000-0000-0000-0000-000000000000/resourceGroups/clitest.rg000001/providers/Microsoft.Network/frontdoors/clifrontdoor000002/loadBalancingSettings/DefaultLoadBalancingSettings\"\r\n
        \         },\"resourceState\":\"Enabled\"\r\n        }\r\n      }\r\n    ],\"healthProbeSettings\":[\r\n
        \     {\r\n        \"id\":\"/subscriptions/00000000-0000-0000-0000-000000000000/resourcegroups/clitest.rg000001/providers/Microsoft.Network/Frontdoors/clifrontdoor000002/HealthProbeSettings/DefaultProbeSettings\",\"name\":\"DefaultProbeSettings\",\"type\":\"Microsoft.Network/Frontdoors/HealthProbeSettings\",\"properties\":{\r\n
        \         \"intervalInSeconds\":30,\"path\":\"/\",\"protocol\":\"Https\",\"resourceState\":\"Enabled\",\"enabledState\":\"Enabled\",\"healthProbeMethod\":\"Head\"\r\n
        \       }\r\n      }\r\n    ],\"frontendEndpoints\":[\r\n      {\r\n        \"id\":\"/subscriptions/00000000-0000-0000-0000-000000000000/resourcegroups/clitest.rg000001/providers/Microsoft.Network/Frontdoors/clifrontdoor000002/FrontendEndpoints/DefaultFrontendEndpoint\",\"name\":\"DefaultFrontendEndpoint\",\"type\":\"Microsoft.Network/Frontdoors/FrontendEndpoints\",\"properties\":{\r\n
        \         \"hostName\":\"clifrontdoor000002.azurefd.net\",\"sessionAffinityEnabledState\":\"Disabled\",\"sessionAffinityTtlSeconds\":0,\"webApplicationFirewallPolicyLink\":null,\"customHttpsProvisioningState\":null,\"customHttpsProvisioningSubstate\":null,\"customHttpsConfiguration\":null,\"resourceState\":\"Enabled\"\r\n
        \       }\r\n      }\r\n    ],\"loadBalancingSettings\":[\r\n      {\r\n        \"id\":\"/subscriptions/00000000-0000-0000-0000-000000000000/resourcegroups/clitest.rg000001/providers/Microsoft.Network/Frontdoors/clifrontdoor000002/LoadBalancingSettings/DefaultLoadBalancingSettings\",\"name\":\"DefaultLoadBalancingSettings\",\"type\":\"Microsoft.Network/Frontdoors/LoadBalancingSettings\",\"properties\":{\r\n
        \         \"additionalLatencyMilliseconds\":0,\"sampleSize\":4,\"successfulSamplesRequired\":2,\"resourceState\":\"Enabled\"\r\n
        \       }\r\n      }\r\n    ],\"routingRules\":[\r\n      {\r\n        \"id\":\"/subscriptions/00000000-0000-0000-0000-000000000000/resourcegroups/clitest.rg000001/providers/Microsoft.Network/Frontdoors/clifrontdoor000002/RoutingRules/DefaultRoutingRule\",\"name\":\"DefaultRoutingRule\",\"type\":\"Microsoft.Network/Frontdoors/RoutingRules\",\"properties\":{\r\n
        \         \"frontendEndpoints\":[\r\n            {\r\n              \"id\":\"/subscriptions/00000000-0000-0000-0000-000000000000/resourceGroups/clitest.rg000001/providers/Microsoft.Network/frontdoors/clifrontdoor000002/frontendEndpoints/DefaultFrontendEndpoint\"\r\n
        \           }\r\n          ],\"acceptedProtocols\":[\r\n            \"Http\"\r\n
        \         ],\"patternsToMatch\":[\r\n            \"/*\"\r\n          ],\"enabledState\":\"Enabled\",\"resourceState\":\"Enabled\",\"routeConfiguration\":{\r\n
        \           \"@odata.type\":\"#Microsoft.Azure.FrontDoor.Models.FrontdoorForwardingConfiguration\",\"customForwardingPath\":null,\"forwardingProtocol\":\"MatchRequest\",\"cacheConfiguration\":null,\"backendPool\":{\r\n
        \             \"id\":\"/subscriptions/00000000-0000-0000-0000-000000000000/resourceGroups/clitest.rg000001/providers/Microsoft.Network/frontdoors/clifrontdoor000002/backendPools/DefaultBackendPool\"\r\n
        \           }\r\n          }\r\n        }\r\n      },{\r\n        \"id\":\"/subscriptions/00000000-0000-0000-0000-000000000000/resourcegroups/clitest.rg000001/providers/Microsoft.Network/Frontdoors/clifrontdoor000002/RoutingRules/rule1\",\"name\":\"rule1\",\"type\":\"Microsoft.Network/Frontdoors/RoutingRules\",\"properties\":{\r\n
        \         \"frontendEndpoints\":[\r\n            {\r\n              \"id\":\"/subscriptions/00000000-0000-0000-0000-000000000000/resourceGroups/clitest.rg000001/providers/Microsoft.Network/Frontdoors/clifrontdoor000002/frontendEndpoints/DefaultFrontendEndpoint\"\r\n
        \           }\r\n          ],\"acceptedProtocols\":[\r\n            \"Http\"\r\n
        \         ],\"patternsToMatch\":[\r\n            \"/forward1\"\r\n          ],\"enabledState\":\"Enabled\",\"resourceState\":\"Enabled\",\"routeConfiguration\":{\r\n
        \           \"@odata.type\":\"#Microsoft.Azure.FrontDoor.Models.FrontdoorForwardingConfiguration\",\"customForwardingPath\":null,\"forwardingProtocol\":\"MatchRequest\",\"cacheConfiguration\":null,\"backendPool\":{\r\n
        \             \"id\":\"/subscriptions/00000000-0000-0000-0000-000000000000/resourceGroups/clitest.rg000001/providers/Microsoft.Network/Frontdoors/clifrontdoor000002/backendPools/DefaultBackendPool\"\r\n
        \           }\r\n          }\r\n        }\r\n      }\r\n    ],\"backendPoolsSettings\":{\r\n
        \     \"enforceCertificateNameCheck\":\"Enabled\",\"sendRecvTimeoutSeconds\":30\r\n
        \   },\"enabledState\":\"Enabled\",\"cName\":\"clifrontdoor000002.azurefd.net\",\"friendlyName\":\"clifrontdoor000002\"\r\n
        \ }\r\n}"
    headers:
      cache-control:
      - no-cache
      content-length:
      - '6495'
      content-type:
      - application/json; odata.metadata=minimal
      date:
      - Wed, 04 Mar 2020 08:57:37 GMT
      expires:
      - '-1'
      odata-version:
      - '4.0'
      pragma:
      - no-cache
      server:
      - Microsoft-IIS/8.5
      strict-transport-security:
      - max-age=31536000; includeSubDomains
      transfer-encoding:
      - chunked
      vary:
      - Accept-Encoding
      x-aspnet-version:
      - 4.0.30319
      x-content-type-options:
      - nosniff
      x-powered-by:
      - ASP.NET
    status:
      code: 200
      message: OK
- request:
    body: 'b''{"location": "Global", "tags": {}, "properties": {"friendlyName": "clifrontdoor000002",
      "routingRules": [{"id": "/subscriptions/00000000-0000-0000-0000-000000000000/resourcegroups/clitest.rg000001/providers/Microsoft.Network/Frontdoors/clifrontdoor000002/RoutingRules/DefaultRoutingRule",
      "properties": {"frontendEndpoints": [{"id": "/subscriptions/00000000-0000-0000-0000-000000000000/resourceGroups/clitest.rg000001/providers/Microsoft.Network/frontdoors/clifrontdoor000002/frontendEndpoints/DefaultFrontendEndpoint"}],
      "acceptedProtocols": ["Http"], "patternsToMatch": ["/*"], "enabledState": "Enabled",
      "routeConfiguration": {"@odata.type": "#Microsoft.Azure.FrontDoor.Models.FrontdoorForwardingConfiguration",
      "forwardingProtocol": "MatchRequest", "backendPool": {"id": "/subscriptions/00000000-0000-0000-0000-000000000000/resourceGroups/clitest.rg000001/providers/Microsoft.Network/frontdoors/clifrontdoor000002/backendPools/DefaultBackendPool"}},
      "resourceState": "Enabled"}, "name": "DefaultRoutingRule"}, {"id": "/subscriptions/00000000-0000-0000-0000-000000000000/resourcegroups/clitest.rg000001/providers/Microsoft.Network/Frontdoors/clifrontdoor000002/RoutingRules/rule1",
      "properties": {"frontendEndpoints": [{"id": "/subscriptions/00000000-0000-0000-0000-000000000000/resourceGroups/clitest.rg000001/providers/Microsoft.Network/Frontdoors/clifrontdoor000002/frontendEndpoints/DefaultFrontendEndpoint"}],
      "acceptedProtocols": ["Http"], "patternsToMatch": ["/forward2"], "enabledState":
      "Enabled", "routeConfiguration": {"@odata.type": "#Microsoft.Azure.FrontDoor.Models.FrontdoorForwardingConfiguration",
      "forwardingProtocol": "MatchRequest", "backendPool": {"id": "/subscriptions/00000000-0000-0000-0000-000000000000/resourceGroups/clitest.rg000001/providers/Microsoft.Network/Frontdoors/clifrontdoor000002/backendPools/DefaultBackendPool"}},
      "resourceState": "Enabled"}, "name": "rule1"}], "loadBalancingSettings": [{"id":
      "/subscriptions/00000000-0000-0000-0000-000000000000/resourcegroups/clitest.rg000001/providers/Microsoft.Network/Frontdoors/clifrontdoor000002/LoadBalancingSettings/DefaultLoadBalancingSettings",
      "properties": {"sampleSize": 4, "successfulSamplesRequired": 2, "additionalLatencyMilliseconds":
      0, "resourceState": "Enabled"}, "name": "DefaultLoadBalancingSettings"}], "healthProbeSettings":
      [{"id": "/subscriptions/00000000-0000-0000-0000-000000000000/resourcegroups/clitest.rg000001/providers/Microsoft.Network/Frontdoors/clifrontdoor000002/HealthProbeSettings/DefaultProbeSettings",
      "properties": {"path": "/", "protocol": "Https", "intervalInSeconds": 30, "healthProbeMethod":
      "Head", "enabledState": "Enabled", "resourceState": "Enabled"}, "name": "DefaultProbeSettings"}],
      "backendPools": [{"id": "/subscriptions/00000000-0000-0000-0000-000000000000/resourcegroups/clitest.rg000001/providers/Microsoft.Network/Frontdoors/clifrontdoor000002/BackendPools/DefaultBackendPool",
      "properties": {"backends": [{"address": "202.120.2.3", "httpPort": 80, "httpsPort":
      443, "enabledState": "Enabled", "priority": 1, "weight": 50, "backendHostHeader":
      "202.120.2.3"}], "loadBalancingSettings": {"id": "/subscriptions/00000000-0000-0000-0000-000000000000/resourceGroups/clitest.rg000001/providers/Microsoft.Network/frontdoors/clifrontdoor000002/loadBalancingSettings/DefaultLoadBalancingSettings"},
      "healthProbeSettings": {"id": "/subscriptions/00000000-0000-0000-0000-000000000000/resourceGroups/clitest.rg000001/providers/Microsoft.Network/frontdoors/clifrontdoor000002/healthProbeSettings/DefaultProbeSettings"},
      "resourceState": "Enabled"}, "name": "DefaultBackendPool"}], "frontendEndpoints":
      [{"id": "/subscriptions/00000000-0000-0000-0000-000000000000/resourcegroups/clitest.rg000001/providers/Microsoft.Network/Frontdoors/clifrontdoor000002/FrontendEndpoints/DefaultFrontendEndpoint",
      "properties": {"hostName": "clifrontdoor000002.azurefd.net", "sessionAffinityEnabledState":
      "Disabled", "sessionAffinityTtlSeconds": 0, "resourceState": "Enabled"}, "name":
      "DefaultFrontendEndpoint"}], "backendPoolsSettings": {"enforceCertificateNameCheck":
      "Enabled", "sendRecvTimeoutSeconds": 30}, "enabledState": "Enabled", "resourceState":
      "Enabled"}}'''
    headers:
      Accept:
      - application/json
      Accept-Encoding:
      - gzip, deflate
      CommandName:
      - network front-door routing-rule update
      Connection:
      - keep-alive
      Content-Length:
      - '4913'
      Content-Type:
      - application/json; charset=utf-8
      ParameterSetName:
      - -f -g -n --patterns --caching
      User-Agent:
      - python/3.8.0 (Windows-10-10.0.18362-SP0) msrest/0.6.10 msrest_azure/0.6.2
        azure-mgmt-frontdoor/0.1.0 Azure-SDK-For-Python AZURECLI/2.1.0
      accept-language:
      - en-US
    method: PUT
    uri: https://management.azure.com/subscriptions/00000000-0000-0000-0000-000000000000/resourceGroups/clitest.rg000001/providers/Microsoft.Network/frontDoors/clifrontdoor000002?api-version=2019-05-01
  response:
    body:
      string: "{\r\n  \"name\":\"clifrontdoor000002\",\"id\":\"/subscriptions/00000000-0000-0000-0000-000000000000/resourcegroups/clitest.rg000001/providers/Microsoft.Network/frontdoors/clifrontdoor000002\",\"type\":\"Microsoft.Network/frontdoors\",\"tags\":{\r\n
        \   \r\n  },\"location\":\"Global\",\"properties\":{\r\n    \"provisioningState\":\"Succeeded\",\"resourceState\":\"Enabled\",\"backendPools\":[\r\n
        \     {\r\n        \"id\":\"/subscriptions/00000000-0000-0000-0000-000000000000/resourcegroups/clitest.rg000001/providers/Microsoft.Network/Frontdoors/clifrontdoor000002/BackendPools/DefaultBackendPool\",\"name\":\"DefaultBackendPool\",\"type\":\"Microsoft.Network/Frontdoors/BackendPools\",\"properties\":{\r\n
        \         \"backends\":[\r\n            {\r\n              \"address\":\"202.120.2.3\",\"httpPort\":80,\"httpsPort\":443,\"priority\":1,\"weight\":50,\"backendHostHeader\":\"202.120.2.3\",\"enabledState\":\"Enabled\"\r\n
        \           }\r\n          ],\"healthProbeSettings\":{\r\n            \"id\":\"/subscriptions/00000000-0000-0000-0000-000000000000/resourceGroups/clitest.rg000001/providers/Microsoft.Network/frontdoors/clifrontdoor000002/healthProbeSettings/DefaultProbeSettings\"\r\n
        \         },\"loadBalancingSettings\":{\r\n            \"id\":\"/subscriptions/00000000-0000-0000-0000-000000000000/resourceGroups/clitest.rg000001/providers/Microsoft.Network/frontdoors/clifrontdoor000002/loadBalancingSettings/DefaultLoadBalancingSettings\"\r\n
        \         },\"resourceState\":\"Enabled\"\r\n        }\r\n      }\r\n    ],\"healthProbeSettings\":[\r\n
        \     {\r\n        \"id\":\"/subscriptions/00000000-0000-0000-0000-000000000000/resourcegroups/clitest.rg000001/providers/Microsoft.Network/Frontdoors/clifrontdoor000002/HealthProbeSettings/DefaultProbeSettings\",\"name\":\"DefaultProbeSettings\",\"type\":\"Microsoft.Network/Frontdoors/HealthProbeSettings\",\"properties\":{\r\n
        \         \"intervalInSeconds\":30,\"path\":\"/\",\"protocol\":\"Https\",\"resourceState\":\"Enabled\",\"enabledState\":\"Enabled\",\"healthProbeMethod\":\"Head\"\r\n
        \       }\r\n      }\r\n    ],\"frontendEndpoints\":[\r\n      {\r\n        \"id\":\"/subscriptions/00000000-0000-0000-0000-000000000000/resourcegroups/clitest.rg000001/providers/Microsoft.Network/Frontdoors/clifrontdoor000002/FrontendEndpoints/DefaultFrontendEndpoint\",\"name\":\"DefaultFrontendEndpoint\",\"type\":\"Microsoft.Network/Frontdoors/FrontendEndpoints\",\"properties\":{\r\n
        \         \"hostName\":\"clifrontdoor000002.azurefd.net\",\"sessionAffinityEnabledState\":\"Disabled\",\"sessionAffinityTtlSeconds\":0,\"webApplicationFirewallPolicyLink\":null,\"customHttpsProvisioningState\":null,\"customHttpsProvisioningSubstate\":null,\"customHttpsConfiguration\":null,\"resourceState\":\"Enabled\"\r\n
        \       }\r\n      }\r\n    ],\"loadBalancingSettings\":[\r\n      {\r\n        \"id\":\"/subscriptions/00000000-0000-0000-0000-000000000000/resourcegroups/clitest.rg000001/providers/Microsoft.Network/Frontdoors/clifrontdoor000002/LoadBalancingSettings/DefaultLoadBalancingSettings\",\"name\":\"DefaultLoadBalancingSettings\",\"type\":\"Microsoft.Network/Frontdoors/LoadBalancingSettings\",\"properties\":{\r\n
        \         \"additionalLatencyMilliseconds\":0,\"sampleSize\":4,\"successfulSamplesRequired\":2,\"resourceState\":\"Enabled\"\r\n
        \       }\r\n      }\r\n    ],\"routingRules\":[\r\n      {\r\n        \"id\":\"/subscriptions/00000000-0000-0000-0000-000000000000/resourcegroups/clitest.rg000001/providers/Microsoft.Network/Frontdoors/clifrontdoor000002/RoutingRules/DefaultRoutingRule\",\"name\":\"DefaultRoutingRule\",\"type\":\"Microsoft.Network/Frontdoors/RoutingRules\",\"properties\":{\r\n
        \         \"frontendEndpoints\":[\r\n            {\r\n              \"id\":\"/subscriptions/00000000-0000-0000-0000-000000000000/resourceGroups/clitest.rg000001/providers/Microsoft.Network/frontdoors/clifrontdoor000002/frontendEndpoints/DefaultFrontendEndpoint\"\r\n
        \           }\r\n          ],\"acceptedProtocols\":[\r\n            \"Http\"\r\n
        \         ],\"patternsToMatch\":[\r\n            \"/*\"\r\n          ],\"enabledState\":\"Enabled\",\"resourceState\":\"Enabled\",\"routeConfiguration\":{\r\n
        \           \"@odata.type\":\"#Microsoft.Azure.FrontDoor.Models.FrontdoorForwardingConfiguration\",\"customForwardingPath\":null,\"forwardingProtocol\":\"MatchRequest\",\"cacheConfiguration\":null,\"backendPool\":{\r\n
        \             \"id\":\"/subscriptions/00000000-0000-0000-0000-000000000000/resourceGroups/clitest.rg000001/providers/Microsoft.Network/frontdoors/clifrontdoor000002/backendPools/DefaultBackendPool\"\r\n
        \           }\r\n          }\r\n        }\r\n      },{\r\n        \"id\":\"/subscriptions/00000000-0000-0000-0000-000000000000/resourcegroups/clitest.rg000001/providers/Microsoft.Network/Frontdoors/clifrontdoor000002/RoutingRules/rule1\",\"name\":\"rule1\",\"type\":\"Microsoft.Network/Frontdoors/RoutingRules\",\"properties\":{\r\n
        \         \"frontendEndpoints\":[\r\n            {\r\n              \"id\":\"/subscriptions/00000000-0000-0000-0000-000000000000/resourceGroups/clitest.rg000001/providers/Microsoft.Network/Frontdoors/clifrontdoor000002/frontendEndpoints/DefaultFrontendEndpoint\"\r\n
        \           }\r\n          ],\"acceptedProtocols\":[\r\n            \"Http\"\r\n
        \         ],\"patternsToMatch\":[\r\n            \"/forward2\"\r\n          ],\"enabledState\":\"Enabled\",\"resourceState\":\"Enabled\",\"routeConfiguration\":{\r\n
        \           \"@odata.type\":\"#Microsoft.Azure.FrontDoor.Models.FrontdoorForwardingConfiguration\",\"customForwardingPath\":null,\"forwardingProtocol\":\"MatchRequest\",\"cacheConfiguration\":null,\"backendPool\":{\r\n
        \             \"id\":\"/subscriptions/00000000-0000-0000-0000-000000000000/resourceGroups/clitest.rg000001/providers/Microsoft.Network/Frontdoors/clifrontdoor000002/backendPools/DefaultBackendPool\"\r\n
        \           }\r\n          }\r\n        }\r\n      }\r\n    ],\"backendPoolsSettings\":{\r\n
        \     \"enforceCertificateNameCheck\":\"Enabled\",\"sendRecvTimeoutSeconds\":30\r\n
        \   },\"enabledState\":\"Enabled\",\"cName\":\"clifrontdoor000002.azurefd.net\",\"friendlyName\":\"clifrontdoor000002\"\r\n
        \ }\r\n}"
    headers:
      azure-asyncoperation:
      - https://management.azure.com/subscriptions/00000000-0000-0000-0000-000000000000/resourcegroups/clitest.rg000001/providers/Microsoft.Network/frontdooroperationresults/bb2908ef-be1f-446d-8719-c027491d9cb5?api-version=2019-05-01
      cache-control:
      - no-cache
      content-length:
      - '6495'
      content-type:
      - application/json; odata.metadata=minimal
      date:
      - Wed, 04 Mar 2020 08:57:41 GMT
      expires:
      - '-1'
      location:
      - https://management.azure.com/subscriptions/00000000-0000-0000-0000-000000000000/resourcegroups/clitest.rg000001/providers/Microsoft.Network/frontdooroperationresults/bb2908ef-be1f-446d-8719-c027491d9cb5/frontdoorresults/clifrontdoor000002?api-version=2019-05-01
      odata-version:
      - '4.0'
      pragma:
      - no-cache
      server:
      - Microsoft-IIS/8.5
      strict-transport-security:
      - max-age=31536000; includeSubDomains
      x-aspnet-version:
      - 4.0.30319
      x-content-type-options:
      - nosniff
      x-ms-ratelimit-remaining-subscription-writes:
      - '1191'
      x-powered-by:
      - ASP.NET
    status:
      code: 202
      message: Accepted
- request:
    body: null
    headers:
      Accept:
      - application/json
      Accept-Encoding:
      - gzip, deflate
      CommandName:
      - network front-door routing-rule update
      Connection:
      - keep-alive
      ParameterSetName:
      - -f -g -n --patterns --caching
      User-Agent:
      - python/3.8.0 (Windows-10-10.0.18362-SP0) msrest/0.6.10 msrest_azure/0.6.2
        azure-mgmt-frontdoor/0.1.0 Azure-SDK-For-Python AZURECLI/2.1.0
    method: GET
    uri: https://management.azure.com/subscriptions/00000000-0000-0000-0000-000000000000/resourcegroups/clitest.rg000001/providers/Microsoft.Network/frontdooroperationresults/bb2908ef-be1f-446d-8719-c027491d9cb5?api-version=2019-05-01
  response:
    body:
      string: "{\r\n  \"status\":\"Succeeded\",\"error\":{\r\n    \"code\":\"None\",\"message\":null\r\n
        \ }\r\n}"
    headers:
      cache-control:
      - no-cache
      content-length:
      - '77'
      content-type:
      - application/json; odata.metadata=minimal
      date:
      - Wed, 04 Mar 2020 08:57:53 GMT
      expires:
      - '-1'
      odata-version:
      - '4.0'
      pragma:
      - no-cache
      server:
      - Microsoft-IIS/8.5
      strict-transport-security:
      - max-age=31536000; includeSubDomains
      transfer-encoding:
      - chunked
      vary:
      - Accept-Encoding
      x-aspnet-version:
      - 4.0.30319
      x-content-type-options:
      - nosniff
      x-powered-by:
      - ASP.NET
    status:
      code: 200
      message: OK
- request:
    body: null
    headers:
      Accept:
      - application/json
      Accept-Encoding:
      - gzip, deflate
      CommandName:
      - network front-door routing-rule update
      Connection:
      - keep-alive
      ParameterSetName:
      - -f -g -n --patterns --caching
      User-Agent:
      - python/3.8.0 (Windows-10-10.0.18362-SP0) msrest/0.6.10 msrest_azure/0.6.2
        azure-mgmt-frontdoor/0.1.0 Azure-SDK-For-Python AZURECLI/2.1.0
    method: GET
    uri: https://management.azure.com/subscriptions/00000000-0000-0000-0000-000000000000/resourceGroups/clitest.rg000001/providers/Microsoft.Network/frontDoors/clifrontdoor000002?api-version=2019-05-01
  response:
    body:
      string: "{\r\n  \"name\":\"clifrontdoor000002\",\"id\":\"/subscriptions/00000000-0000-0000-0000-000000000000/resourcegroups/clitest.rg000001/providers/Microsoft.Network/frontdoors/clifrontdoor000002\",\"type\":\"Microsoft.Network/frontdoors\",\"tags\":{\r\n
        \   \r\n  },\"location\":\"Global\",\"properties\":{\r\n    \"provisioningState\":\"Succeeded\",\"resourceState\":\"Enabled\",\"backendPools\":[\r\n
        \     {\r\n        \"id\":\"/subscriptions/00000000-0000-0000-0000-000000000000/resourcegroups/clitest.rg000001/providers/Microsoft.Network/Frontdoors/clifrontdoor000002/BackendPools/DefaultBackendPool\",\"name\":\"DefaultBackendPool\",\"type\":\"Microsoft.Network/Frontdoors/BackendPools\",\"properties\":{\r\n
        \         \"backends\":[\r\n            {\r\n              \"address\":\"202.120.2.3\",\"httpPort\":80,\"httpsPort\":443,\"priority\":1,\"weight\":50,\"backendHostHeader\":\"202.120.2.3\",\"enabledState\":\"Enabled\"\r\n
        \           }\r\n          ],\"healthProbeSettings\":{\r\n            \"id\":\"/subscriptions/00000000-0000-0000-0000-000000000000/resourceGroups/clitest.rg000001/providers/Microsoft.Network/frontdoors/clifrontdoor000002/healthProbeSettings/DefaultProbeSettings\"\r\n
        \         },\"loadBalancingSettings\":{\r\n            \"id\":\"/subscriptions/00000000-0000-0000-0000-000000000000/resourceGroups/clitest.rg000001/providers/Microsoft.Network/frontdoors/clifrontdoor000002/loadBalancingSettings/DefaultLoadBalancingSettings\"\r\n
        \         },\"resourceState\":\"Enabled\"\r\n        }\r\n      }\r\n    ],\"healthProbeSettings\":[\r\n
        \     {\r\n        \"id\":\"/subscriptions/00000000-0000-0000-0000-000000000000/resourcegroups/clitest.rg000001/providers/Microsoft.Network/Frontdoors/clifrontdoor000002/HealthProbeSettings/DefaultProbeSettings\",\"name\":\"DefaultProbeSettings\",\"type\":\"Microsoft.Network/Frontdoors/HealthProbeSettings\",\"properties\":{\r\n
        \         \"intervalInSeconds\":30,\"path\":\"/\",\"protocol\":\"Https\",\"resourceState\":\"Enabled\",\"enabledState\":\"Enabled\",\"healthProbeMethod\":\"Head\"\r\n
        \       }\r\n      }\r\n    ],\"frontendEndpoints\":[\r\n      {\r\n        \"id\":\"/subscriptions/00000000-0000-0000-0000-000000000000/resourcegroups/clitest.rg000001/providers/Microsoft.Network/Frontdoors/clifrontdoor000002/FrontendEndpoints/DefaultFrontendEndpoint\",\"name\":\"DefaultFrontendEndpoint\",\"type\":\"Microsoft.Network/Frontdoors/FrontendEndpoints\",\"properties\":{\r\n
        \         \"hostName\":\"clifrontdoor000002.azurefd.net\",\"sessionAffinityEnabledState\":\"Disabled\",\"sessionAffinityTtlSeconds\":0,\"webApplicationFirewallPolicyLink\":null,\"customHttpsProvisioningState\":null,\"customHttpsProvisioningSubstate\":null,\"customHttpsConfiguration\":null,\"resourceState\":\"Enabled\"\r\n
        \       }\r\n      }\r\n    ],\"loadBalancingSettings\":[\r\n      {\r\n        \"id\":\"/subscriptions/00000000-0000-0000-0000-000000000000/resourcegroups/clitest.rg000001/providers/Microsoft.Network/Frontdoors/clifrontdoor000002/LoadBalancingSettings/DefaultLoadBalancingSettings\",\"name\":\"DefaultLoadBalancingSettings\",\"type\":\"Microsoft.Network/Frontdoors/LoadBalancingSettings\",\"properties\":{\r\n
        \         \"additionalLatencyMilliseconds\":0,\"sampleSize\":4,\"successfulSamplesRequired\":2,\"resourceState\":\"Enabled\"\r\n
        \       }\r\n      }\r\n    ],\"routingRules\":[\r\n      {\r\n        \"id\":\"/subscriptions/00000000-0000-0000-0000-000000000000/resourcegroups/clitest.rg000001/providers/Microsoft.Network/Frontdoors/clifrontdoor000002/RoutingRules/DefaultRoutingRule\",\"name\":\"DefaultRoutingRule\",\"type\":\"Microsoft.Network/Frontdoors/RoutingRules\",\"properties\":{\r\n
        \         \"frontendEndpoints\":[\r\n            {\r\n              \"id\":\"/subscriptions/00000000-0000-0000-0000-000000000000/resourceGroups/clitest.rg000001/providers/Microsoft.Network/frontdoors/clifrontdoor000002/frontendEndpoints/DefaultFrontendEndpoint\"\r\n
        \           }\r\n          ],\"acceptedProtocols\":[\r\n            \"Http\"\r\n
        \         ],\"patternsToMatch\":[\r\n            \"/*\"\r\n          ],\"enabledState\":\"Enabled\",\"resourceState\":\"Enabled\",\"routeConfiguration\":{\r\n
        \           \"@odata.type\":\"#Microsoft.Azure.FrontDoor.Models.FrontdoorForwardingConfiguration\",\"customForwardingPath\":null,\"forwardingProtocol\":\"MatchRequest\",\"cacheConfiguration\":null,\"backendPool\":{\r\n
        \             \"id\":\"/subscriptions/00000000-0000-0000-0000-000000000000/resourceGroups/clitest.rg000001/providers/Microsoft.Network/frontdoors/clifrontdoor000002/backendPools/DefaultBackendPool\"\r\n
        \           }\r\n          }\r\n        }\r\n      },{\r\n        \"id\":\"/subscriptions/00000000-0000-0000-0000-000000000000/resourcegroups/clitest.rg000001/providers/Microsoft.Network/Frontdoors/clifrontdoor000002/RoutingRules/rule1\",\"name\":\"rule1\",\"type\":\"Microsoft.Network/Frontdoors/RoutingRules\",\"properties\":{\r\n
        \         \"frontendEndpoints\":[\r\n            {\r\n              \"id\":\"/subscriptions/00000000-0000-0000-0000-000000000000/resourceGroups/clitest.rg000001/providers/Microsoft.Network/Frontdoors/clifrontdoor000002/frontendEndpoints/DefaultFrontendEndpoint\"\r\n
        \           }\r\n          ],\"acceptedProtocols\":[\r\n            \"Http\"\r\n
        \         ],\"patternsToMatch\":[\r\n            \"/forward2\"\r\n          ],\"enabledState\":\"Enabled\",\"resourceState\":\"Enabled\",\"routeConfiguration\":{\r\n
        \           \"@odata.type\":\"#Microsoft.Azure.FrontDoor.Models.FrontdoorForwardingConfiguration\",\"customForwardingPath\":null,\"forwardingProtocol\":\"MatchRequest\",\"cacheConfiguration\":null,\"backendPool\":{\r\n
        \             \"id\":\"/subscriptions/00000000-0000-0000-0000-000000000000/resourceGroups/clitest.rg000001/providers/Microsoft.Network/Frontdoors/clifrontdoor000002/backendPools/DefaultBackendPool\"\r\n
        \           }\r\n          }\r\n        }\r\n      }\r\n    ],\"backendPoolsSettings\":{\r\n
        \     \"enforceCertificateNameCheck\":\"Enabled\",\"sendRecvTimeoutSeconds\":30\r\n
        \   },\"enabledState\":\"Enabled\",\"cName\":\"clifrontdoor000002.azurefd.net\",\"friendlyName\":\"clifrontdoor000002\"\r\n
        \ }\r\n}"
    headers:
      cache-control:
      - no-cache
      content-length:
      - '6495'
      content-type:
      - application/json; odata.metadata=minimal
      date:
      - Wed, 04 Mar 2020 08:57:54 GMT
      expires:
      - '-1'
      odata-version:
      - '4.0'
      pragma:
      - no-cache
      server:
      - Microsoft-IIS/8.5
      strict-transport-security:
      - max-age=31536000; includeSubDomains
      transfer-encoding:
      - chunked
      vary:
      - Accept-Encoding
      x-aspnet-version:
      - 4.0.30319
      x-content-type-options:
      - nosniff
      x-powered-by:
      - ASP.NET
    status:
      code: 200
      message: OK
- request:
    body: null
    headers:
      Accept:
      - application/json
      Accept-Encoding:
      - gzip, deflate
      CommandName:
      - network front-door routing-rule create
      Connection:
      - keep-alive
      ParameterSetName:
      - -f -g -n --frontend-endpoints --route-type --custom-host --patterns --custom-query-string
      User-Agent:
      - python/3.8.0 (Windows-10-10.0.18362-SP0) msrest/0.6.10 msrest_azure/0.6.2
        azure-mgmt-frontdoor/0.1.0 Azure-SDK-For-Python AZURECLI/2.1.0
      accept-language:
      - en-US
    method: GET
    uri: https://management.azure.com/subscriptions/00000000-0000-0000-0000-000000000000/resourceGroups/clitest.rg000001/providers/Microsoft.Network/frontDoors/clifrontdoor000002?api-version=2019-05-01
  response:
    body:
      string: "{\r\n  \"name\":\"clifrontdoor000002\",\"id\":\"/subscriptions/00000000-0000-0000-0000-000000000000/resourcegroups/clitest.rg000001/providers/Microsoft.Network/frontdoors/clifrontdoor000002\",\"type\":\"Microsoft.Network/frontdoors\",\"tags\":{\r\n
        \   \r\n  },\"location\":\"Global\",\"properties\":{\r\n    \"provisioningState\":\"Succeeded\",\"resourceState\":\"Enabled\",\"backendPools\":[\r\n
        \     {\r\n        \"id\":\"/subscriptions/00000000-0000-0000-0000-000000000000/resourcegroups/clitest.rg000001/providers/Microsoft.Network/Frontdoors/clifrontdoor000002/BackendPools/DefaultBackendPool\",\"name\":\"DefaultBackendPool\",\"type\":\"Microsoft.Network/Frontdoors/BackendPools\",\"properties\":{\r\n
        \         \"backends\":[\r\n            {\r\n              \"address\":\"202.120.2.3\",\"httpPort\":80,\"httpsPort\":443,\"priority\":1,\"weight\":50,\"backendHostHeader\":\"202.120.2.3\",\"enabledState\":\"Enabled\"\r\n
        \           }\r\n          ],\"healthProbeSettings\":{\r\n            \"id\":\"/subscriptions/00000000-0000-0000-0000-000000000000/resourceGroups/clitest.rg000001/providers/Microsoft.Network/frontdoors/clifrontdoor000002/healthProbeSettings/DefaultProbeSettings\"\r\n
        \         },\"loadBalancingSettings\":{\r\n            \"id\":\"/subscriptions/00000000-0000-0000-0000-000000000000/resourceGroups/clitest.rg000001/providers/Microsoft.Network/frontdoors/clifrontdoor000002/loadBalancingSettings/DefaultLoadBalancingSettings\"\r\n
        \         },\"resourceState\":\"Enabled\"\r\n        }\r\n      }\r\n    ],\"healthProbeSettings\":[\r\n
        \     {\r\n        \"id\":\"/subscriptions/00000000-0000-0000-0000-000000000000/resourcegroups/clitest.rg000001/providers/Microsoft.Network/Frontdoors/clifrontdoor000002/HealthProbeSettings/DefaultProbeSettings\",\"name\":\"DefaultProbeSettings\",\"type\":\"Microsoft.Network/Frontdoors/HealthProbeSettings\",\"properties\":{\r\n
        \         \"intervalInSeconds\":30,\"path\":\"/\",\"protocol\":\"Https\",\"resourceState\":\"Enabled\",\"enabledState\":\"Enabled\",\"healthProbeMethod\":\"Head\"\r\n
        \       }\r\n      }\r\n    ],\"frontendEndpoints\":[\r\n      {\r\n        \"id\":\"/subscriptions/00000000-0000-0000-0000-000000000000/resourcegroups/clitest.rg000001/providers/Microsoft.Network/Frontdoors/clifrontdoor000002/FrontendEndpoints/DefaultFrontendEndpoint\",\"name\":\"DefaultFrontendEndpoint\",\"type\":\"Microsoft.Network/Frontdoors/FrontendEndpoints\",\"properties\":{\r\n
        \         \"hostName\":\"clifrontdoor000002.azurefd.net\",\"sessionAffinityEnabledState\":\"Disabled\",\"sessionAffinityTtlSeconds\":0,\"webApplicationFirewallPolicyLink\":null,\"customHttpsProvisioningState\":null,\"customHttpsProvisioningSubstate\":null,\"customHttpsConfiguration\":null,\"resourceState\":\"Enabled\"\r\n
        \       }\r\n      }\r\n    ],\"loadBalancingSettings\":[\r\n      {\r\n        \"id\":\"/subscriptions/00000000-0000-0000-0000-000000000000/resourcegroups/clitest.rg000001/providers/Microsoft.Network/Frontdoors/clifrontdoor000002/LoadBalancingSettings/DefaultLoadBalancingSettings\",\"name\":\"DefaultLoadBalancingSettings\",\"type\":\"Microsoft.Network/Frontdoors/LoadBalancingSettings\",\"properties\":{\r\n
        \         \"additionalLatencyMilliseconds\":0,\"sampleSize\":4,\"successfulSamplesRequired\":2,\"resourceState\":\"Enabled\"\r\n
        \       }\r\n      }\r\n    ],\"routingRules\":[\r\n      {\r\n        \"id\":\"/subscriptions/00000000-0000-0000-0000-000000000000/resourcegroups/clitest.rg000001/providers/Microsoft.Network/Frontdoors/clifrontdoor000002/RoutingRules/DefaultRoutingRule\",\"name\":\"DefaultRoutingRule\",\"type\":\"Microsoft.Network/Frontdoors/RoutingRules\",\"properties\":{\r\n
        \         \"frontendEndpoints\":[\r\n            {\r\n              \"id\":\"/subscriptions/00000000-0000-0000-0000-000000000000/resourceGroups/clitest.rg000001/providers/Microsoft.Network/frontdoors/clifrontdoor000002/frontendEndpoints/DefaultFrontendEndpoint\"\r\n
        \           }\r\n          ],\"acceptedProtocols\":[\r\n            \"Http\"\r\n
        \         ],\"patternsToMatch\":[\r\n            \"/*\"\r\n          ],\"enabledState\":\"Enabled\",\"resourceState\":\"Enabled\",\"routeConfiguration\":{\r\n
        \           \"@odata.type\":\"#Microsoft.Azure.FrontDoor.Models.FrontdoorForwardingConfiguration\",\"customForwardingPath\":null,\"forwardingProtocol\":\"MatchRequest\",\"cacheConfiguration\":null,\"backendPool\":{\r\n
        \             \"id\":\"/subscriptions/00000000-0000-0000-0000-000000000000/resourceGroups/clitest.rg000001/providers/Microsoft.Network/frontdoors/clifrontdoor000002/backendPools/DefaultBackendPool\"\r\n
        \           }\r\n          }\r\n        }\r\n      },{\r\n        \"id\":\"/subscriptions/00000000-0000-0000-0000-000000000000/resourcegroups/clitest.rg000001/providers/Microsoft.Network/Frontdoors/clifrontdoor000002/RoutingRules/rule1\",\"name\":\"rule1\",\"type\":\"Microsoft.Network/Frontdoors/RoutingRules\",\"properties\":{\r\n
        \         \"frontendEndpoints\":[\r\n            {\r\n              \"id\":\"/subscriptions/00000000-0000-0000-0000-000000000000/resourceGroups/clitest.rg000001/providers/Microsoft.Network/Frontdoors/clifrontdoor000002/frontendEndpoints/DefaultFrontendEndpoint\"\r\n
        \           }\r\n          ],\"acceptedProtocols\":[\r\n            \"Http\"\r\n
        \         ],\"patternsToMatch\":[\r\n            \"/forward2\"\r\n          ],\"enabledState\":\"Enabled\",\"resourceState\":\"Enabled\",\"routeConfiguration\":{\r\n
        \           \"@odata.type\":\"#Microsoft.Azure.FrontDoor.Models.FrontdoorForwardingConfiguration\",\"customForwardingPath\":null,\"forwardingProtocol\":\"MatchRequest\",\"cacheConfiguration\":null,\"backendPool\":{\r\n
        \             \"id\":\"/subscriptions/00000000-0000-0000-0000-000000000000/resourceGroups/clitest.rg000001/providers/Microsoft.Network/Frontdoors/clifrontdoor000002/backendPools/DefaultBackendPool\"\r\n
        \           }\r\n          }\r\n        }\r\n      }\r\n    ],\"backendPoolsSettings\":{\r\n
        \     \"enforceCertificateNameCheck\":\"Enabled\",\"sendRecvTimeoutSeconds\":30\r\n
        \   },\"enabledState\":\"Enabled\",\"cName\":\"clifrontdoor000002.azurefd.net\",\"friendlyName\":\"clifrontdoor000002\"\r\n
        \ }\r\n}"
    headers:
      cache-control:
      - no-cache
      content-length:
      - '6495'
      content-type:
      - application/json; odata.metadata=minimal
      date:
      - Wed, 04 Mar 2020 08:57:57 GMT
      expires:
      - '-1'
      odata-version:
      - '4.0'
      pragma:
      - no-cache
      server:
      - Microsoft-IIS/8.5
      strict-transport-security:
      - max-age=31536000; includeSubDomains
      transfer-encoding:
      - chunked
      vary:
      - Accept-Encoding
      x-aspnet-version:
      - 4.0.30319
      x-content-type-options:
      - nosniff
      x-powered-by:
      - ASP.NET
    status:
      code: 200
      message: OK
- request:
    body: 'b''{"location": "Global", "tags": {}, "properties": {"friendlyName": "clifrontdoor000002",
      "routingRules": [{"id": "/subscriptions/00000000-0000-0000-0000-000000000000/resourcegroups/clitest.rg000001/providers/Microsoft.Network/Frontdoors/clifrontdoor000002/RoutingRules/DefaultRoutingRule",
      "properties": {"frontendEndpoints": [{"id": "/subscriptions/00000000-0000-0000-0000-000000000000/resourceGroups/clitest.rg000001/providers/Microsoft.Network/frontdoors/clifrontdoor000002/frontendEndpoints/DefaultFrontendEndpoint"}],
      "acceptedProtocols": ["Http"], "patternsToMatch": ["/*"], "enabledState": "Enabled",
      "routeConfiguration": {"@odata.type": "#Microsoft.Azure.FrontDoor.Models.FrontdoorForwardingConfiguration",
      "forwardingProtocol": "MatchRequest", "backendPool": {"id": "/subscriptions/00000000-0000-0000-0000-000000000000/resourceGroups/clitest.rg000001/providers/Microsoft.Network/frontdoors/clifrontdoor000002/backendPools/DefaultBackendPool"}},
      "resourceState": "Enabled"}, "name": "DefaultRoutingRule"}, {"id": "/subscriptions/00000000-0000-0000-0000-000000000000/resourcegroups/clitest.rg000001/providers/Microsoft.Network/Frontdoors/clifrontdoor000002/RoutingRules/rule1",
      "properties": {"frontendEndpoints": [{"id": "/subscriptions/00000000-0000-0000-0000-000000000000/resourceGroups/clitest.rg000001/providers/Microsoft.Network/Frontdoors/clifrontdoor000002/frontendEndpoints/DefaultFrontendEndpoint"}],
      "acceptedProtocols": ["Http"], "patternsToMatch": ["/forward2"], "enabledState":
      "Enabled", "routeConfiguration": {"@odata.type": "#Microsoft.Azure.FrontDoor.Models.FrontdoorForwardingConfiguration",
      "forwardingProtocol": "MatchRequest", "backendPool": {"id": "/subscriptions/00000000-0000-0000-0000-000000000000/resourceGroups/clitest.rg000001/providers/Microsoft.Network/Frontdoors/clifrontdoor000002/backendPools/DefaultBackendPool"}},
      "resourceState": "Enabled"}, "name": "rule1"}, {"properties": {"frontendEndpoints":
      [{"id": "/subscriptions/00000000-0000-0000-0000-000000000000/resourceGroups/clitest.rg000001/providers/Microsoft.Network/Frontdoors/clifrontdoor000002/frontendEndpoints/DefaultFrontendEndpoint"}],
      "acceptedProtocols": ["Http"], "patternsToMatch": ["/redirect1"], "enabledState":
      "Enabled", "routeConfiguration": {"@odata.type": "#Microsoft.Azure.FrontDoor.Models.FrontdoorRedirectConfiguration",
      "redirectType": "Moved", "redirectProtocol": "MatchRequest", "customHost": "redirecthost.com",
      "customQueryString": "querystring"}}, "name": "rule2"}], "loadBalancingSettings":
      [{"id": "/subscriptions/00000000-0000-0000-0000-000000000000/resourcegroups/clitest.rg000001/providers/Microsoft.Network/Frontdoors/clifrontdoor000002/LoadBalancingSettings/DefaultLoadBalancingSettings",
      "properties": {"sampleSize": 4, "successfulSamplesRequired": 2, "additionalLatencyMilliseconds":
      0, "resourceState": "Enabled"}, "name": "DefaultLoadBalancingSettings"}], "healthProbeSettings":
      [{"id": "/subscriptions/00000000-0000-0000-0000-000000000000/resourcegroups/clitest.rg000001/providers/Microsoft.Network/Frontdoors/clifrontdoor000002/HealthProbeSettings/DefaultProbeSettings",
      "properties": {"path": "/", "protocol": "Https", "intervalInSeconds": 30, "healthProbeMethod":
      "Head", "enabledState": "Enabled", "resourceState": "Enabled"}, "name": "DefaultProbeSettings"}],
      "backendPools": [{"id": "/subscriptions/00000000-0000-0000-0000-000000000000/resourcegroups/clitest.rg000001/providers/Microsoft.Network/Frontdoors/clifrontdoor000002/BackendPools/DefaultBackendPool",
      "properties": {"backends": [{"address": "202.120.2.3", "httpPort": 80, "httpsPort":
      443, "enabledState": "Enabled", "priority": 1, "weight": 50, "backendHostHeader":
      "202.120.2.3"}], "loadBalancingSettings": {"id": "/subscriptions/00000000-0000-0000-0000-000000000000/resourceGroups/clitest.rg000001/providers/Microsoft.Network/frontdoors/clifrontdoor000002/loadBalancingSettings/DefaultLoadBalancingSettings"},
      "healthProbeSettings": {"id": "/subscriptions/00000000-0000-0000-0000-000000000000/resourceGroups/clitest.rg000001/providers/Microsoft.Network/frontdoors/clifrontdoor000002/healthProbeSettings/DefaultProbeSettings"},
      "resourceState": "Enabled"}, "name": "DefaultBackendPool"}], "frontendEndpoints":
      [{"id": "/subscriptions/00000000-0000-0000-0000-000000000000/resourcegroups/clitest.rg000001/providers/Microsoft.Network/Frontdoors/clifrontdoor000002/FrontendEndpoints/DefaultFrontendEndpoint",
      "properties": {"hostName": "clifrontdoor000002.azurefd.net", "sessionAffinityEnabledState":
      "Disabled", "sessionAffinityTtlSeconds": 0, "resourceState": "Enabled"}, "name":
      "DefaultFrontendEndpoint"}], "backendPoolsSettings": {"enforceCertificateNameCheck":
      "Enabled", "sendRecvTimeoutSeconds": 30}, "enabledState": "Enabled", "resourceState":
      "Enabled"}}'''
    headers:
      Accept:
      - application/json
      Accept-Encoding:
      - gzip, deflate
      CommandName:
      - network front-door routing-rule create
      Connection:
      - keep-alive
      Content-Length:
      - '5558'
      Content-Type:
      - application/json; charset=utf-8
      ParameterSetName:
      - -f -g -n --frontend-endpoints --route-type --custom-host --patterns --custom-query-string
      User-Agent:
      - python/3.8.0 (Windows-10-10.0.18362-SP0) msrest/0.6.10 msrest_azure/0.6.2
        azure-mgmt-frontdoor/0.1.0 Azure-SDK-For-Python AZURECLI/2.1.0
      accept-language:
      - en-US
    method: PUT
    uri: https://management.azure.com/subscriptions/00000000-0000-0000-0000-000000000000/resourceGroups/clitest.rg000001/providers/Microsoft.Network/frontDoors/clifrontdoor000002?api-version=2019-05-01
  response:
    body:
      string: "{\r\n  \"name\":\"clifrontdoor000002\",\"id\":\"/subscriptions/00000000-0000-0000-0000-000000000000/resourcegroups/clitest.rg000001/providers/Microsoft.Network/frontdoors/clifrontdoor000002\",\"type\":\"Microsoft.Network/frontdoors\",\"tags\":{\r\n
        \   \r\n  },\"location\":\"Global\",\"properties\":{\r\n    \"provisioningState\":\"Succeeded\",\"resourceState\":\"Enabled\",\"backendPools\":[\r\n
        \     {\r\n        \"id\":\"/subscriptions/00000000-0000-0000-0000-000000000000/resourcegroups/clitest.rg000001/providers/Microsoft.Network/Frontdoors/clifrontdoor000002/BackendPools/DefaultBackendPool\",\"name\":\"DefaultBackendPool\",\"type\":\"Microsoft.Network/Frontdoors/BackendPools\",\"properties\":{\r\n
        \         \"backends\":[\r\n            {\r\n              \"address\":\"202.120.2.3\",\"httpPort\":80,\"httpsPort\":443,\"priority\":1,\"weight\":50,\"backendHostHeader\":\"202.120.2.3\",\"enabledState\":\"Enabled\"\r\n
        \           }\r\n          ],\"healthProbeSettings\":{\r\n            \"id\":\"/subscriptions/00000000-0000-0000-0000-000000000000/resourceGroups/clitest.rg000001/providers/Microsoft.Network/frontdoors/clifrontdoor000002/healthProbeSettings/DefaultProbeSettings\"\r\n
        \         },\"loadBalancingSettings\":{\r\n            \"id\":\"/subscriptions/00000000-0000-0000-0000-000000000000/resourceGroups/clitest.rg000001/providers/Microsoft.Network/frontdoors/clifrontdoor000002/loadBalancingSettings/DefaultLoadBalancingSettings\"\r\n
        \         },\"resourceState\":\"Enabled\"\r\n        }\r\n      }\r\n    ],\"healthProbeSettings\":[\r\n
        \     {\r\n        \"id\":\"/subscriptions/00000000-0000-0000-0000-000000000000/resourcegroups/clitest.rg000001/providers/Microsoft.Network/Frontdoors/clifrontdoor000002/HealthProbeSettings/DefaultProbeSettings\",\"name\":\"DefaultProbeSettings\",\"type\":\"Microsoft.Network/Frontdoors/HealthProbeSettings\",\"properties\":{\r\n
        \         \"intervalInSeconds\":30,\"path\":\"/\",\"protocol\":\"Https\",\"resourceState\":\"Enabled\",\"enabledState\":\"Enabled\",\"healthProbeMethod\":\"Head\"\r\n
        \       }\r\n      }\r\n    ],\"frontendEndpoints\":[\r\n      {\r\n        \"id\":\"/subscriptions/00000000-0000-0000-0000-000000000000/resourcegroups/clitest.rg000001/providers/Microsoft.Network/Frontdoors/clifrontdoor000002/FrontendEndpoints/DefaultFrontendEndpoint\",\"name\":\"DefaultFrontendEndpoint\",\"type\":\"Microsoft.Network/Frontdoors/FrontendEndpoints\",\"properties\":{\r\n
        \         \"hostName\":\"clifrontdoor000002.azurefd.net\",\"sessionAffinityEnabledState\":\"Disabled\",\"sessionAffinityTtlSeconds\":0,\"webApplicationFirewallPolicyLink\":null,\"customHttpsProvisioningState\":null,\"customHttpsProvisioningSubstate\":null,\"customHttpsConfiguration\":null,\"resourceState\":\"Enabled\"\r\n
        \       }\r\n      }\r\n    ],\"loadBalancingSettings\":[\r\n      {\r\n        \"id\":\"/subscriptions/00000000-0000-0000-0000-000000000000/resourcegroups/clitest.rg000001/providers/Microsoft.Network/Frontdoors/clifrontdoor000002/LoadBalancingSettings/DefaultLoadBalancingSettings\",\"name\":\"DefaultLoadBalancingSettings\",\"type\":\"Microsoft.Network/Frontdoors/LoadBalancingSettings\",\"properties\":{\r\n
        \         \"additionalLatencyMilliseconds\":0,\"sampleSize\":4,\"successfulSamplesRequired\":2,\"resourceState\":\"Enabled\"\r\n
        \       }\r\n      }\r\n    ],\"routingRules\":[\r\n      {\r\n        \"id\":\"/subscriptions/00000000-0000-0000-0000-000000000000/resourcegroups/clitest.rg000001/providers/Microsoft.Network/Frontdoors/clifrontdoor000002/RoutingRules/DefaultRoutingRule\",\"name\":\"DefaultRoutingRule\",\"type\":\"Microsoft.Network/Frontdoors/RoutingRules\",\"properties\":{\r\n
        \         \"frontendEndpoints\":[\r\n            {\r\n              \"id\":\"/subscriptions/00000000-0000-0000-0000-000000000000/resourceGroups/clitest.rg000001/providers/Microsoft.Network/frontdoors/clifrontdoor000002/frontendEndpoints/DefaultFrontendEndpoint\"\r\n
        \           }\r\n          ],\"acceptedProtocols\":[\r\n            \"Http\"\r\n
        \         ],\"patternsToMatch\":[\r\n            \"/*\"\r\n          ],\"enabledState\":\"Enabled\",\"resourceState\":\"Enabled\",\"routeConfiguration\":{\r\n
        \           \"@odata.type\":\"#Microsoft.Azure.FrontDoor.Models.FrontdoorForwardingConfiguration\",\"customForwardingPath\":null,\"forwardingProtocol\":\"MatchRequest\",\"cacheConfiguration\":null,\"backendPool\":{\r\n
        \             \"id\":\"/subscriptions/00000000-0000-0000-0000-000000000000/resourceGroups/clitest.rg000001/providers/Microsoft.Network/frontdoors/clifrontdoor000002/backendPools/DefaultBackendPool\"\r\n
        \           }\r\n          }\r\n        }\r\n      },{\r\n        \"id\":\"/subscriptions/00000000-0000-0000-0000-000000000000/resourcegroups/clitest.rg000001/providers/Microsoft.Network/Frontdoors/clifrontdoor000002/RoutingRules/rule1\",\"name\":\"rule1\",\"type\":\"Microsoft.Network/Frontdoors/RoutingRules\",\"properties\":{\r\n
        \         \"frontendEndpoints\":[\r\n            {\r\n              \"id\":\"/subscriptions/00000000-0000-0000-0000-000000000000/resourceGroups/clitest.rg000001/providers/Microsoft.Network/Frontdoors/clifrontdoor000002/frontendEndpoints/DefaultFrontendEndpoint\"\r\n
        \           }\r\n          ],\"acceptedProtocols\":[\r\n            \"Http\"\r\n
        \         ],\"patternsToMatch\":[\r\n            \"/forward2\"\r\n          ],\"enabledState\":\"Enabled\",\"resourceState\":\"Enabled\",\"routeConfiguration\":{\r\n
        \           \"@odata.type\":\"#Microsoft.Azure.FrontDoor.Models.FrontdoorForwardingConfiguration\",\"customForwardingPath\":null,\"forwardingProtocol\":\"MatchRequest\",\"cacheConfiguration\":null,\"backendPool\":{\r\n
        \             \"id\":\"/subscriptions/00000000-0000-0000-0000-000000000000/resourceGroups/clitest.rg000001/providers/Microsoft.Network/Frontdoors/clifrontdoor000002/backendPools/DefaultBackendPool\"\r\n
        \           }\r\n          }\r\n        }\r\n      },{\r\n        \"id\":\"/subscriptions/00000000-0000-0000-0000-000000000000/resourcegroups/clitest.rg000001/providers/Microsoft.Network/Frontdoors/clifrontdoor000002/RoutingRules/rule2\",\"name\":\"rule2\",\"type\":\"Microsoft.Network/Frontdoors/RoutingRules\",\"properties\":{\r\n
        \         \"frontendEndpoints\":[\r\n            {\r\n              \"id\":\"/subscriptions/00000000-0000-0000-0000-000000000000/resourceGroups/clitest.rg000001/providers/Microsoft.Network/Frontdoors/clifrontdoor000002/frontendEndpoints/DefaultFrontendEndpoint\"\r\n
        \           }\r\n          ],\"acceptedProtocols\":[\r\n            \"Http\"\r\n
        \         ],\"patternsToMatch\":[\r\n            \"/redirect1\"\r\n          ],\"enabledState\":\"Enabled\",\"resourceState\":\"Enabled\",\"routeConfiguration\":{\r\n
        \           \"@odata.type\":\"#Microsoft.Azure.FrontDoor.Models.FrontdoorRedirectConfiguration\",\"customFragment\":null,\"customHost\":\"redirecthost.com\",\"customPath\":\"\",\"redirectProtocol\":\"MatchRequest\",\"customQueryString\":\"querystring\",\"redirectType\":\"Moved\"\r\n
        \         }\r\n        }\r\n      }\r\n    ],\"backendPoolsSettings\":{\r\n
        \     \"enforceCertificateNameCheck\":\"Enabled\",\"sendRecvTimeoutSeconds\":30\r\n
        \   },\"enabledState\":\"Enabled\",\"cName\":\"clifrontdoor000002.azurefd.net\",\"friendlyName\":\"clifrontdoor000002\"\r\n
        \ }\r\n}"
    headers:
      azure-asyncoperation:
      - https://management.azure.com/subscriptions/00000000-0000-0000-0000-000000000000/resourcegroups/clitest.rg000001/providers/Microsoft.Network/frontdooroperationresults/a42b77b9-2212-48e0-bd99-767b24b239d1?api-version=2019-05-01
      cache-control:
      - no-cache
      content-length:
      - '7635'
      content-type:
      - application/json; odata.metadata=minimal
      date:
      - Wed, 04 Mar 2020 08:58:01 GMT
      expires:
      - '-1'
      location:
      - https://management.azure.com/subscriptions/00000000-0000-0000-0000-000000000000/resourcegroups/clitest.rg000001/providers/Microsoft.Network/frontdooroperationresults/a42b77b9-2212-48e0-bd99-767b24b239d1/frontdoorresults/clifrontdoor000002?api-version=2019-05-01
      odata-version:
      - '4.0'
      pragma:
      - no-cache
      server:
      - Microsoft-IIS/8.5
      strict-transport-security:
      - max-age=31536000; includeSubDomains
      x-aspnet-version:
      - 4.0.30319
      x-content-type-options:
      - nosniff
      x-ms-ratelimit-remaining-subscription-writes:
      - '1195'
      x-powered-by:
      - ASP.NET
    status:
      code: 202
      message: Accepted
- request:
    body: null
    headers:
      Accept:
      - application/json
      Accept-Encoding:
      - gzip, deflate
      CommandName:
      - network front-door routing-rule create
      Connection:
      - keep-alive
      ParameterSetName:
      - -f -g -n --frontend-endpoints --route-type --custom-host --patterns --custom-query-string
      User-Agent:
      - python/3.8.0 (Windows-10-10.0.18362-SP0) msrest/0.6.10 msrest_azure/0.6.2
        azure-mgmt-frontdoor/0.1.0 Azure-SDK-For-Python AZURECLI/2.1.0
    method: GET
    uri: https://management.azure.com/subscriptions/00000000-0000-0000-0000-000000000000/resourcegroups/clitest.rg000001/providers/Microsoft.Network/frontdooroperationresults/a42b77b9-2212-48e0-bd99-767b24b239d1?api-version=2019-05-01
  response:
    body:
      string: "{\r\n  \"status\":\"Succeeded\",\"error\":{\r\n    \"code\":\"None\",\"message\":null\r\n
        \ }\r\n}"
    headers:
      cache-control:
      - no-cache
      content-length:
      - '77'
      content-type:
      - application/json; odata.metadata=minimal
      date:
      - Wed, 04 Mar 2020 08:58:22 GMT
      expires:
      - '-1'
      odata-version:
      - '4.0'
      pragma:
      - no-cache
      server:
      - Microsoft-IIS/8.5
      strict-transport-security:
      - max-age=31536000; includeSubDomains
      transfer-encoding:
      - chunked
      vary:
      - Accept-Encoding
      x-aspnet-version:
      - 4.0.30319
      x-content-type-options:
      - nosniff
      x-powered-by:
      - ASP.NET
    status:
      code: 200
      message: OK
- request:
    body: null
    headers:
      Accept:
      - application/json
      Accept-Encoding:
      - gzip, deflate
      CommandName:
      - network front-door routing-rule create
      Connection:
      - keep-alive
      ParameterSetName:
      - -f -g -n --frontend-endpoints --route-type --custom-host --patterns --custom-query-string
      User-Agent:
      - python/3.8.0 (Windows-10-10.0.18362-SP0) msrest/0.6.10 msrest_azure/0.6.2
        azure-mgmt-frontdoor/0.1.0 Azure-SDK-For-Python AZURECLI/2.1.0
    method: GET
    uri: https://management.azure.com/subscriptions/00000000-0000-0000-0000-000000000000/resourceGroups/clitest.rg000001/providers/Microsoft.Network/frontDoors/clifrontdoor000002?api-version=2019-05-01
  response:
    body:
      string: "{\r\n  \"name\":\"clifrontdoor000002\",\"id\":\"/subscriptions/00000000-0000-0000-0000-000000000000/resourcegroups/clitest.rg000001/providers/Microsoft.Network/frontdoors/clifrontdoor000002\",\"type\":\"Microsoft.Network/frontdoors\",\"tags\":{\r\n
        \   \r\n  },\"location\":\"Global\",\"properties\":{\r\n    \"provisioningState\":\"Succeeded\",\"resourceState\":\"Enabled\",\"backendPools\":[\r\n
        \     {\r\n        \"id\":\"/subscriptions/00000000-0000-0000-0000-000000000000/resourcegroups/clitest.rg000001/providers/Microsoft.Network/Frontdoors/clifrontdoor000002/BackendPools/DefaultBackendPool\",\"name\":\"DefaultBackendPool\",\"type\":\"Microsoft.Network/Frontdoors/BackendPools\",\"properties\":{\r\n
        \         \"backends\":[\r\n            {\r\n              \"address\":\"202.120.2.3\",\"httpPort\":80,\"httpsPort\":443,\"priority\":1,\"weight\":50,\"backendHostHeader\":\"202.120.2.3\",\"enabledState\":\"Enabled\"\r\n
        \           }\r\n          ],\"healthProbeSettings\":{\r\n            \"id\":\"/subscriptions/00000000-0000-0000-0000-000000000000/resourceGroups/clitest.rg000001/providers/Microsoft.Network/frontdoors/clifrontdoor000002/healthProbeSettings/DefaultProbeSettings\"\r\n
        \         },\"loadBalancingSettings\":{\r\n            \"id\":\"/subscriptions/00000000-0000-0000-0000-000000000000/resourceGroups/clitest.rg000001/providers/Microsoft.Network/frontdoors/clifrontdoor000002/loadBalancingSettings/DefaultLoadBalancingSettings\"\r\n
        \         },\"resourceState\":\"Enabled\"\r\n        }\r\n      }\r\n    ],\"healthProbeSettings\":[\r\n
        \     {\r\n        \"id\":\"/subscriptions/00000000-0000-0000-0000-000000000000/resourcegroups/clitest.rg000001/providers/Microsoft.Network/Frontdoors/clifrontdoor000002/HealthProbeSettings/DefaultProbeSettings\",\"name\":\"DefaultProbeSettings\",\"type\":\"Microsoft.Network/Frontdoors/HealthProbeSettings\",\"properties\":{\r\n
        \         \"intervalInSeconds\":30,\"path\":\"/\",\"protocol\":\"Https\",\"resourceState\":\"Enabled\",\"enabledState\":\"Enabled\",\"healthProbeMethod\":\"Head\"\r\n
        \       }\r\n      }\r\n    ],\"frontendEndpoints\":[\r\n      {\r\n        \"id\":\"/subscriptions/00000000-0000-0000-0000-000000000000/resourcegroups/clitest.rg000001/providers/Microsoft.Network/Frontdoors/clifrontdoor000002/FrontendEndpoints/DefaultFrontendEndpoint\",\"name\":\"DefaultFrontendEndpoint\",\"type\":\"Microsoft.Network/Frontdoors/FrontendEndpoints\",\"properties\":{\r\n
        \         \"hostName\":\"clifrontdoor000002.azurefd.net\",\"sessionAffinityEnabledState\":\"Disabled\",\"sessionAffinityTtlSeconds\":0,\"webApplicationFirewallPolicyLink\":null,\"customHttpsProvisioningState\":null,\"customHttpsProvisioningSubstate\":null,\"customHttpsConfiguration\":null,\"resourceState\":\"Enabled\"\r\n
        \       }\r\n      }\r\n    ],\"loadBalancingSettings\":[\r\n      {\r\n        \"id\":\"/subscriptions/00000000-0000-0000-0000-000000000000/resourcegroups/clitest.rg000001/providers/Microsoft.Network/Frontdoors/clifrontdoor000002/LoadBalancingSettings/DefaultLoadBalancingSettings\",\"name\":\"DefaultLoadBalancingSettings\",\"type\":\"Microsoft.Network/Frontdoors/LoadBalancingSettings\",\"properties\":{\r\n
        \         \"additionalLatencyMilliseconds\":0,\"sampleSize\":4,\"successfulSamplesRequired\":2,\"resourceState\":\"Enabled\"\r\n
        \       }\r\n      }\r\n    ],\"routingRules\":[\r\n      {\r\n        \"id\":\"/subscriptions/00000000-0000-0000-0000-000000000000/resourcegroups/clitest.rg000001/providers/Microsoft.Network/Frontdoors/clifrontdoor000002/RoutingRules/DefaultRoutingRule\",\"name\":\"DefaultRoutingRule\",\"type\":\"Microsoft.Network/Frontdoors/RoutingRules\",\"properties\":{\r\n
        \         \"frontendEndpoints\":[\r\n            {\r\n              \"id\":\"/subscriptions/00000000-0000-0000-0000-000000000000/resourceGroups/clitest.rg000001/providers/Microsoft.Network/frontdoors/clifrontdoor000002/frontendEndpoints/DefaultFrontendEndpoint\"\r\n
        \           }\r\n          ],\"acceptedProtocols\":[\r\n            \"Http\"\r\n
        \         ],\"patternsToMatch\":[\r\n            \"/*\"\r\n          ],\"enabledState\":\"Enabled\",\"resourceState\":\"Enabled\",\"routeConfiguration\":{\r\n
        \           \"@odata.type\":\"#Microsoft.Azure.FrontDoor.Models.FrontdoorForwardingConfiguration\",\"customForwardingPath\":null,\"forwardingProtocol\":\"MatchRequest\",\"cacheConfiguration\":null,\"backendPool\":{\r\n
        \             \"id\":\"/subscriptions/00000000-0000-0000-0000-000000000000/resourceGroups/clitest.rg000001/providers/Microsoft.Network/frontdoors/clifrontdoor000002/backendPools/DefaultBackendPool\"\r\n
        \           }\r\n          }\r\n        }\r\n      },{\r\n        \"id\":\"/subscriptions/00000000-0000-0000-0000-000000000000/resourcegroups/clitest.rg000001/providers/Microsoft.Network/Frontdoors/clifrontdoor000002/RoutingRules/rule1\",\"name\":\"rule1\",\"type\":\"Microsoft.Network/Frontdoors/RoutingRules\",\"properties\":{\r\n
        \         \"frontendEndpoints\":[\r\n            {\r\n              \"id\":\"/subscriptions/00000000-0000-0000-0000-000000000000/resourceGroups/clitest.rg000001/providers/Microsoft.Network/Frontdoors/clifrontdoor000002/frontendEndpoints/DefaultFrontendEndpoint\"\r\n
        \           }\r\n          ],\"acceptedProtocols\":[\r\n            \"Http\"\r\n
        \         ],\"patternsToMatch\":[\r\n            \"/forward2\"\r\n          ],\"enabledState\":\"Enabled\",\"resourceState\":\"Enabled\",\"routeConfiguration\":{\r\n
        \           \"@odata.type\":\"#Microsoft.Azure.FrontDoor.Models.FrontdoorForwardingConfiguration\",\"customForwardingPath\":null,\"forwardingProtocol\":\"MatchRequest\",\"cacheConfiguration\":null,\"backendPool\":{\r\n
        \             \"id\":\"/subscriptions/00000000-0000-0000-0000-000000000000/resourceGroups/clitest.rg000001/providers/Microsoft.Network/Frontdoors/clifrontdoor000002/backendPools/DefaultBackendPool\"\r\n
        \           }\r\n          }\r\n        }\r\n      },{\r\n        \"id\":\"/subscriptions/00000000-0000-0000-0000-000000000000/resourcegroups/clitest.rg000001/providers/Microsoft.Network/Frontdoors/clifrontdoor000002/RoutingRules/rule2\",\"name\":\"rule2\",\"type\":\"Microsoft.Network/Frontdoors/RoutingRules\",\"properties\":{\r\n
        \         \"frontendEndpoints\":[\r\n            {\r\n              \"id\":\"/subscriptions/00000000-0000-0000-0000-000000000000/resourceGroups/clitest.rg000001/providers/Microsoft.Network/Frontdoors/clifrontdoor000002/frontendEndpoints/DefaultFrontendEndpoint\"\r\n
        \           }\r\n          ],\"acceptedProtocols\":[\r\n            \"Http\"\r\n
        \         ],\"patternsToMatch\":[\r\n            \"/redirect1\"\r\n          ],\"enabledState\":\"Enabled\",\"resourceState\":\"Enabled\",\"routeConfiguration\":{\r\n
        \           \"@odata.type\":\"#Microsoft.Azure.FrontDoor.Models.FrontdoorRedirectConfiguration\",\"customFragment\":null,\"customHost\":\"redirecthost.com\",\"customPath\":\"\",\"redirectProtocol\":\"MatchRequest\",\"customQueryString\":\"querystring\",\"redirectType\":\"Moved\"\r\n
        \         }\r\n        }\r\n      }\r\n    ],\"backendPoolsSettings\":{\r\n
        \     \"enforceCertificateNameCheck\":\"Enabled\",\"sendRecvTimeoutSeconds\":30\r\n
        \   },\"enabledState\":\"Enabled\",\"cName\":\"clifrontdoor000002.azurefd.net\",\"friendlyName\":\"clifrontdoor000002\"\r\n
        \ }\r\n}"
    headers:
      cache-control:
      - no-cache
      content-length:
      - '7635'
      content-type:
      - application/json; odata.metadata=minimal
      date:
      - Wed, 04 Mar 2020 08:58:25 GMT
      expires:
      - '-1'
      odata-version:
      - '4.0'
      pragma:
      - no-cache
      server:
      - Microsoft-IIS/8.5
      strict-transport-security:
      - max-age=31536000; includeSubDomains
      transfer-encoding:
      - chunked
      vary:
      - Accept-Encoding
      x-aspnet-version:
      - 4.0.30319
      x-content-type-options:
      - nosniff
      x-powered-by:
      - ASP.NET
    status:
      code: 200
      message: OK
- request:
    body: null
    headers:
      Accept:
      - application/json
      Accept-Encoding:
      - gzip, deflate
      CommandName:
      - network front-door routing-rule update
      Connection:
      - keep-alive
      ParameterSetName:
      - -f -g -n --patterns --custom-query-string
      User-Agent:
      - python/3.8.0 (Windows-10-10.0.18362-SP0) msrest/0.6.10 msrest_azure/0.6.2
        azure-mgmt-frontdoor/0.1.0 Azure-SDK-For-Python AZURECLI/2.1.0
      accept-language:
      - en-US
    method: GET
    uri: https://management.azure.com/subscriptions/00000000-0000-0000-0000-000000000000/resourceGroups/clitest.rg000001/providers/Microsoft.Network/frontDoors/clifrontdoor000002?api-version=2019-05-01
  response:
    body:
      string: "{\r\n  \"name\":\"clifrontdoor000002\",\"id\":\"/subscriptions/00000000-0000-0000-0000-000000000000/resourcegroups/clitest.rg000001/providers/Microsoft.Network/frontdoors/clifrontdoor000002\",\"type\":\"Microsoft.Network/frontdoors\",\"tags\":{\r\n
        \   \r\n  },\"location\":\"Global\",\"properties\":{\r\n    \"provisioningState\":\"Succeeded\",\"resourceState\":\"Enabled\",\"backendPools\":[\r\n
        \     {\r\n        \"id\":\"/subscriptions/00000000-0000-0000-0000-000000000000/resourcegroups/clitest.rg000001/providers/Microsoft.Network/Frontdoors/clifrontdoor000002/BackendPools/DefaultBackendPool\",\"name\":\"DefaultBackendPool\",\"type\":\"Microsoft.Network/Frontdoors/BackendPools\",\"properties\":{\r\n
        \         \"backends\":[\r\n            {\r\n              \"address\":\"202.120.2.3\",\"httpPort\":80,\"httpsPort\":443,\"priority\":1,\"weight\":50,\"backendHostHeader\":\"202.120.2.3\",\"enabledState\":\"Enabled\"\r\n
        \           }\r\n          ],\"healthProbeSettings\":{\r\n            \"id\":\"/subscriptions/00000000-0000-0000-0000-000000000000/resourceGroups/clitest.rg000001/providers/Microsoft.Network/frontdoors/clifrontdoor000002/healthProbeSettings/DefaultProbeSettings\"\r\n
        \         },\"loadBalancingSettings\":{\r\n            \"id\":\"/subscriptions/00000000-0000-0000-0000-000000000000/resourceGroups/clitest.rg000001/providers/Microsoft.Network/frontdoors/clifrontdoor000002/loadBalancingSettings/DefaultLoadBalancingSettings\"\r\n
        \         },\"resourceState\":\"Enabled\"\r\n        }\r\n      }\r\n    ],\"healthProbeSettings\":[\r\n
        \     {\r\n        \"id\":\"/subscriptions/00000000-0000-0000-0000-000000000000/resourcegroups/clitest.rg000001/providers/Microsoft.Network/Frontdoors/clifrontdoor000002/HealthProbeSettings/DefaultProbeSettings\",\"name\":\"DefaultProbeSettings\",\"type\":\"Microsoft.Network/Frontdoors/HealthProbeSettings\",\"properties\":{\r\n
        \         \"intervalInSeconds\":30,\"path\":\"/\",\"protocol\":\"Https\",\"resourceState\":\"Enabled\",\"enabledState\":\"Enabled\",\"healthProbeMethod\":\"Head\"\r\n
        \       }\r\n      }\r\n    ],\"frontendEndpoints\":[\r\n      {\r\n        \"id\":\"/subscriptions/00000000-0000-0000-0000-000000000000/resourcegroups/clitest.rg000001/providers/Microsoft.Network/Frontdoors/clifrontdoor000002/FrontendEndpoints/DefaultFrontendEndpoint\",\"name\":\"DefaultFrontendEndpoint\",\"type\":\"Microsoft.Network/Frontdoors/FrontendEndpoints\",\"properties\":{\r\n
        \         \"hostName\":\"clifrontdoor000002.azurefd.net\",\"sessionAffinityEnabledState\":\"Disabled\",\"sessionAffinityTtlSeconds\":0,\"webApplicationFirewallPolicyLink\":null,\"customHttpsProvisioningState\":null,\"customHttpsProvisioningSubstate\":null,\"customHttpsConfiguration\":null,\"resourceState\":\"Enabled\"\r\n
        \       }\r\n      }\r\n    ],\"loadBalancingSettings\":[\r\n      {\r\n        \"id\":\"/subscriptions/00000000-0000-0000-0000-000000000000/resourcegroups/clitest.rg000001/providers/Microsoft.Network/Frontdoors/clifrontdoor000002/LoadBalancingSettings/DefaultLoadBalancingSettings\",\"name\":\"DefaultLoadBalancingSettings\",\"type\":\"Microsoft.Network/Frontdoors/LoadBalancingSettings\",\"properties\":{\r\n
        \         \"additionalLatencyMilliseconds\":0,\"sampleSize\":4,\"successfulSamplesRequired\":2,\"resourceState\":\"Enabled\"\r\n
        \       }\r\n      }\r\n    ],\"routingRules\":[\r\n      {\r\n        \"id\":\"/subscriptions/00000000-0000-0000-0000-000000000000/resourcegroups/clitest.rg000001/providers/Microsoft.Network/Frontdoors/clifrontdoor000002/RoutingRules/DefaultRoutingRule\",\"name\":\"DefaultRoutingRule\",\"type\":\"Microsoft.Network/Frontdoors/RoutingRules\",\"properties\":{\r\n
        \         \"frontendEndpoints\":[\r\n            {\r\n              \"id\":\"/subscriptions/00000000-0000-0000-0000-000000000000/resourceGroups/clitest.rg000001/providers/Microsoft.Network/frontdoors/clifrontdoor000002/frontendEndpoints/DefaultFrontendEndpoint\"\r\n
        \           }\r\n          ],\"acceptedProtocols\":[\r\n            \"Http\"\r\n
        \         ],\"patternsToMatch\":[\r\n            \"/*\"\r\n          ],\"enabledState\":\"Enabled\",\"resourceState\":\"Enabled\",\"routeConfiguration\":{\r\n
        \           \"@odata.type\":\"#Microsoft.Azure.FrontDoor.Models.FrontdoorForwardingConfiguration\",\"customForwardingPath\":null,\"forwardingProtocol\":\"MatchRequest\",\"cacheConfiguration\":null,\"backendPool\":{\r\n
        \             \"id\":\"/subscriptions/00000000-0000-0000-0000-000000000000/resourceGroups/clitest.rg000001/providers/Microsoft.Network/frontdoors/clifrontdoor000002/backendPools/DefaultBackendPool\"\r\n
        \           }\r\n          }\r\n        }\r\n      },{\r\n        \"id\":\"/subscriptions/00000000-0000-0000-0000-000000000000/resourcegroups/clitest.rg000001/providers/Microsoft.Network/Frontdoors/clifrontdoor000002/RoutingRules/rule1\",\"name\":\"rule1\",\"type\":\"Microsoft.Network/Frontdoors/RoutingRules\",\"properties\":{\r\n
        \         \"frontendEndpoints\":[\r\n            {\r\n              \"id\":\"/subscriptions/00000000-0000-0000-0000-000000000000/resourceGroups/clitest.rg000001/providers/Microsoft.Network/Frontdoors/clifrontdoor000002/frontendEndpoints/DefaultFrontendEndpoint\"\r\n
        \           }\r\n          ],\"acceptedProtocols\":[\r\n            \"Http\"\r\n
        \         ],\"patternsToMatch\":[\r\n            \"/forward2\"\r\n          ],\"enabledState\":\"Enabled\",\"resourceState\":\"Enabled\",\"routeConfiguration\":{\r\n
        \           \"@odata.type\":\"#Microsoft.Azure.FrontDoor.Models.FrontdoorForwardingConfiguration\",\"customForwardingPath\":null,\"forwardingProtocol\":\"MatchRequest\",\"cacheConfiguration\":null,\"backendPool\":{\r\n
        \             \"id\":\"/subscriptions/00000000-0000-0000-0000-000000000000/resourceGroups/clitest.rg000001/providers/Microsoft.Network/Frontdoors/clifrontdoor000002/backendPools/DefaultBackendPool\"\r\n
        \           }\r\n          }\r\n        }\r\n      },{\r\n        \"id\":\"/subscriptions/00000000-0000-0000-0000-000000000000/resourcegroups/clitest.rg000001/providers/Microsoft.Network/Frontdoors/clifrontdoor000002/RoutingRules/rule2\",\"name\":\"rule2\",\"type\":\"Microsoft.Network/Frontdoors/RoutingRules\",\"properties\":{\r\n
        \         \"frontendEndpoints\":[\r\n            {\r\n              \"id\":\"/subscriptions/00000000-0000-0000-0000-000000000000/resourceGroups/clitest.rg000001/providers/Microsoft.Network/Frontdoors/clifrontdoor000002/frontendEndpoints/DefaultFrontendEndpoint\"\r\n
        \           }\r\n          ],\"acceptedProtocols\":[\r\n            \"Http\"\r\n
        \         ],\"patternsToMatch\":[\r\n            \"/redirect1\"\r\n          ],\"enabledState\":\"Enabled\",\"resourceState\":\"Enabled\",\"routeConfiguration\":{\r\n
        \           \"@odata.type\":\"#Microsoft.Azure.FrontDoor.Models.FrontdoorRedirectConfiguration\",\"customFragment\":null,\"customHost\":\"redirecthost.com\",\"customPath\":\"\",\"redirectProtocol\":\"MatchRequest\",\"customQueryString\":\"querystring\",\"redirectType\":\"Moved\"\r\n
        \         }\r\n        }\r\n      }\r\n    ],\"backendPoolsSettings\":{\r\n
        \     \"enforceCertificateNameCheck\":\"Enabled\",\"sendRecvTimeoutSeconds\":30\r\n
        \   },\"enabledState\":\"Enabled\",\"cName\":\"clifrontdoor000002.azurefd.net\",\"friendlyName\":\"clifrontdoor000002\"\r\n
        \ }\r\n}"
    headers:
      cache-control:
      - no-cache
      content-length:
      - '7635'
      content-type:
      - application/json; odata.metadata=minimal
      date:
      - Wed, 04 Mar 2020 08:58:28 GMT
      expires:
      - '-1'
      odata-version:
      - '4.0'
      pragma:
      - no-cache
      server:
      - Microsoft-IIS/8.5
      strict-transport-security:
      - max-age=31536000; includeSubDomains
      transfer-encoding:
      - chunked
      vary:
      - Accept-Encoding
      x-aspnet-version:
      - 4.0.30319
      x-content-type-options:
      - nosniff
      x-powered-by:
      - ASP.NET
    status:
      code: 200
      message: OK
- request:
    body: 'b''{"location": "Global", "tags": {}, "properties": {"friendlyName": "clifrontdoor000002",
      "routingRules": [{"id": "/subscriptions/00000000-0000-0000-0000-000000000000/resourcegroups/clitest.rg000001/providers/Microsoft.Network/Frontdoors/clifrontdoor000002/RoutingRules/DefaultRoutingRule",
      "properties": {"frontendEndpoints": [{"id": "/subscriptions/00000000-0000-0000-0000-000000000000/resourceGroups/clitest.rg000001/providers/Microsoft.Network/frontdoors/clifrontdoor000002/frontendEndpoints/DefaultFrontendEndpoint"}],
      "acceptedProtocols": ["Http"], "patternsToMatch": ["/*"], "enabledState": "Enabled",
      "routeConfiguration": {"@odata.type": "#Microsoft.Azure.FrontDoor.Models.FrontdoorForwardingConfiguration",
      "forwardingProtocol": "MatchRequest", "backendPool": {"id": "/subscriptions/00000000-0000-0000-0000-000000000000/resourceGroups/clitest.rg000001/providers/Microsoft.Network/frontdoors/clifrontdoor000002/backendPools/DefaultBackendPool"}},
      "resourceState": "Enabled"}, "name": "DefaultRoutingRule"}, {"id": "/subscriptions/00000000-0000-0000-0000-000000000000/resourcegroups/clitest.rg000001/providers/Microsoft.Network/Frontdoors/clifrontdoor000002/RoutingRules/rule1",
      "properties": {"frontendEndpoints": [{"id": "/subscriptions/00000000-0000-0000-0000-000000000000/resourceGroups/clitest.rg000001/providers/Microsoft.Network/Frontdoors/clifrontdoor000002/frontendEndpoints/DefaultFrontendEndpoint"}],
      "acceptedProtocols": ["Http"], "patternsToMatch": ["/forward2"], "enabledState":
      "Enabled", "routeConfiguration": {"@odata.type": "#Microsoft.Azure.FrontDoor.Models.FrontdoorForwardingConfiguration",
      "forwardingProtocol": "MatchRequest", "backendPool": {"id": "/subscriptions/00000000-0000-0000-0000-000000000000/resourceGroups/clitest.rg000001/providers/Microsoft.Network/Frontdoors/clifrontdoor000002/backendPools/DefaultBackendPool"}},
      "resourceState": "Enabled"}, "name": "rule1"}, {"id": "/subscriptions/00000000-0000-0000-0000-000000000000/resourcegroups/clitest.rg000001/providers/Microsoft.Network/Frontdoors/clifrontdoor000002/RoutingRules/rule2",
      "properties": {"frontendEndpoints": [{"id": "/subscriptions/00000000-0000-0000-0000-000000000000/resourceGroups/clitest.rg000001/providers/Microsoft.Network/Frontdoors/clifrontdoor000002/frontendEndpoints/DefaultFrontendEndpoint"}],
      "acceptedProtocols": ["Http"], "patternsToMatch": ["/forward3"], "enabledState":
      "Enabled", "routeConfiguration": {"@odata.type": "#Microsoft.Azure.FrontDoor.Models.FrontdoorRedirectConfiguration",
      "redirectType": "Moved", "redirectProtocol": "MatchRequest", "customHost": "redirecthost.com",
      "customPath": "", "customQueryString": "querystring2"}, "resourceState": "Enabled"},
      "name": "rule2"}], "loadBalancingSettings": [{"id": "/subscriptions/00000000-0000-0000-0000-000000000000/resourcegroups/clitest.rg000001/providers/Microsoft.Network/Frontdoors/clifrontdoor000002/LoadBalancingSettings/DefaultLoadBalancingSettings",
      "properties": {"sampleSize": 4, "successfulSamplesRequired": 2, "additionalLatencyMilliseconds":
      0, "resourceState": "Enabled"}, "name": "DefaultLoadBalancingSettings"}], "healthProbeSettings":
      [{"id": "/subscriptions/00000000-0000-0000-0000-000000000000/resourcegroups/clitest.rg000001/providers/Microsoft.Network/Frontdoors/clifrontdoor000002/HealthProbeSettings/DefaultProbeSettings",
      "properties": {"path": "/", "protocol": "Https", "intervalInSeconds": 30, "healthProbeMethod":
      "Head", "enabledState": "Enabled", "resourceState": "Enabled"}, "name": "DefaultProbeSettings"}],
      "backendPools": [{"id": "/subscriptions/00000000-0000-0000-0000-000000000000/resourcegroups/clitest.rg000001/providers/Microsoft.Network/Frontdoors/clifrontdoor000002/BackendPools/DefaultBackendPool",
      "properties": {"backends": [{"address": "202.120.2.3", "httpPort": 80, "httpsPort":
      443, "enabledState": "Enabled", "priority": 1, "weight": 50, "backendHostHeader":
      "202.120.2.3"}], "loadBalancingSettings": {"id": "/subscriptions/00000000-0000-0000-0000-000000000000/resourceGroups/clitest.rg000001/providers/Microsoft.Network/frontdoors/clifrontdoor000002/loadBalancingSettings/DefaultLoadBalancingSettings"},
      "healthProbeSettings": {"id": "/subscriptions/00000000-0000-0000-0000-000000000000/resourceGroups/clitest.rg000001/providers/Microsoft.Network/frontdoors/clifrontdoor000002/healthProbeSettings/DefaultProbeSettings"},
      "resourceState": "Enabled"}, "name": "DefaultBackendPool"}], "frontendEndpoints":
      [{"id": "/subscriptions/00000000-0000-0000-0000-000000000000/resourcegroups/clitest.rg000001/providers/Microsoft.Network/Frontdoors/clifrontdoor000002/FrontendEndpoints/DefaultFrontendEndpoint",
      "properties": {"hostName": "clifrontdoor000002.azurefd.net", "sessionAffinityEnabledState":
      "Disabled", "sessionAffinityTtlSeconds": 0, "resourceState": "Enabled"}, "name":
      "DefaultFrontendEndpoint"}], "backendPoolsSettings": {"enforceCertificateNameCheck":
      "Enabled", "sendRecvTimeoutSeconds": 30}, "enabledState": "Enabled", "resourceState":
      "Enabled"}}'''
    headers:
      Accept:
      - application/json
      Accept-Encoding:
      - gzip, deflate
      CommandName:
      - network front-door routing-rule update
      Connection:
      - keep-alive
      Content-Length:
      - '5835'
      Content-Type:
      - application/json; charset=utf-8
      ParameterSetName:
      - -f -g -n --patterns --custom-query-string
      User-Agent:
      - python/3.8.0 (Windows-10-10.0.18362-SP0) msrest/0.6.10 msrest_azure/0.6.2
        azure-mgmt-frontdoor/0.1.0 Azure-SDK-For-Python AZURECLI/2.1.0
      accept-language:
      - en-US
    method: PUT
    uri: https://management.azure.com/subscriptions/00000000-0000-0000-0000-000000000000/resourceGroups/clitest.rg000001/providers/Microsoft.Network/frontDoors/clifrontdoor000002?api-version=2019-05-01
  response:
    body:
      string: "{\r\n  \"name\":\"clifrontdoor000002\",\"id\":\"/subscriptions/00000000-0000-0000-0000-000000000000/resourcegroups/clitest.rg000001/providers/Microsoft.Network/frontdoors/clifrontdoor000002\",\"type\":\"Microsoft.Network/frontdoors\",\"tags\":{\r\n
        \   \r\n  },\"location\":\"Global\",\"properties\":{\r\n    \"provisioningState\":\"Succeeded\",\"resourceState\":\"Enabled\",\"backendPools\":[\r\n
        \     {\r\n        \"id\":\"/subscriptions/00000000-0000-0000-0000-000000000000/resourcegroups/clitest.rg000001/providers/Microsoft.Network/Frontdoors/clifrontdoor000002/BackendPools/DefaultBackendPool\",\"name\":\"DefaultBackendPool\",\"type\":\"Microsoft.Network/Frontdoors/BackendPools\",\"properties\":{\r\n
        \         \"backends\":[\r\n            {\r\n              \"address\":\"202.120.2.3\",\"httpPort\":80,\"httpsPort\":443,\"priority\":1,\"weight\":50,\"backendHostHeader\":\"202.120.2.3\",\"enabledState\":\"Enabled\"\r\n
        \           }\r\n          ],\"healthProbeSettings\":{\r\n            \"id\":\"/subscriptions/00000000-0000-0000-0000-000000000000/resourceGroups/clitest.rg000001/providers/Microsoft.Network/frontdoors/clifrontdoor000002/healthProbeSettings/DefaultProbeSettings\"\r\n
        \         },\"loadBalancingSettings\":{\r\n            \"id\":\"/subscriptions/00000000-0000-0000-0000-000000000000/resourceGroups/clitest.rg000001/providers/Microsoft.Network/frontdoors/clifrontdoor000002/loadBalancingSettings/DefaultLoadBalancingSettings\"\r\n
        \         },\"resourceState\":\"Enabled\"\r\n        }\r\n      }\r\n    ],\"healthProbeSettings\":[\r\n
        \     {\r\n        \"id\":\"/subscriptions/00000000-0000-0000-0000-000000000000/resourcegroups/clitest.rg000001/providers/Microsoft.Network/Frontdoors/clifrontdoor000002/HealthProbeSettings/DefaultProbeSettings\",\"name\":\"DefaultProbeSettings\",\"type\":\"Microsoft.Network/Frontdoors/HealthProbeSettings\",\"properties\":{\r\n
        \         \"intervalInSeconds\":30,\"path\":\"/\",\"protocol\":\"Https\",\"resourceState\":\"Enabled\",\"enabledState\":\"Enabled\",\"healthProbeMethod\":\"Head\"\r\n
        \       }\r\n      }\r\n    ],\"frontendEndpoints\":[\r\n      {\r\n        \"id\":\"/subscriptions/00000000-0000-0000-0000-000000000000/resourcegroups/clitest.rg000001/providers/Microsoft.Network/Frontdoors/clifrontdoor000002/FrontendEndpoints/DefaultFrontendEndpoint\",\"name\":\"DefaultFrontendEndpoint\",\"type\":\"Microsoft.Network/Frontdoors/FrontendEndpoints\",\"properties\":{\r\n
        \         \"hostName\":\"clifrontdoor000002.azurefd.net\",\"sessionAffinityEnabledState\":\"Disabled\",\"sessionAffinityTtlSeconds\":0,\"webApplicationFirewallPolicyLink\":null,\"customHttpsProvisioningState\":null,\"customHttpsProvisioningSubstate\":null,\"customHttpsConfiguration\":null,\"resourceState\":\"Enabled\"\r\n
        \       }\r\n      }\r\n    ],\"loadBalancingSettings\":[\r\n      {\r\n        \"id\":\"/subscriptions/00000000-0000-0000-0000-000000000000/resourcegroups/clitest.rg000001/providers/Microsoft.Network/Frontdoors/clifrontdoor000002/LoadBalancingSettings/DefaultLoadBalancingSettings\",\"name\":\"DefaultLoadBalancingSettings\",\"type\":\"Microsoft.Network/Frontdoors/LoadBalancingSettings\",\"properties\":{\r\n
        \         \"additionalLatencyMilliseconds\":0,\"sampleSize\":4,\"successfulSamplesRequired\":2,\"resourceState\":\"Enabled\"\r\n
        \       }\r\n      }\r\n    ],\"routingRules\":[\r\n      {\r\n        \"id\":\"/subscriptions/00000000-0000-0000-0000-000000000000/resourcegroups/clitest.rg000001/providers/Microsoft.Network/Frontdoors/clifrontdoor000002/RoutingRules/DefaultRoutingRule\",\"name\":\"DefaultRoutingRule\",\"type\":\"Microsoft.Network/Frontdoors/RoutingRules\",\"properties\":{\r\n
        \         \"frontendEndpoints\":[\r\n            {\r\n              \"id\":\"/subscriptions/00000000-0000-0000-0000-000000000000/resourceGroups/clitest.rg000001/providers/Microsoft.Network/frontdoors/clifrontdoor000002/frontendEndpoints/DefaultFrontendEndpoint\"\r\n
        \           }\r\n          ],\"acceptedProtocols\":[\r\n            \"Http\"\r\n
        \         ],\"patternsToMatch\":[\r\n            \"/*\"\r\n          ],\"enabledState\":\"Enabled\",\"resourceState\":\"Enabled\",\"routeConfiguration\":{\r\n
        \           \"@odata.type\":\"#Microsoft.Azure.FrontDoor.Models.FrontdoorForwardingConfiguration\",\"customForwardingPath\":null,\"forwardingProtocol\":\"MatchRequest\",\"cacheConfiguration\":null,\"backendPool\":{\r\n
        \             \"id\":\"/subscriptions/00000000-0000-0000-0000-000000000000/resourceGroups/clitest.rg000001/providers/Microsoft.Network/frontdoors/clifrontdoor000002/backendPools/DefaultBackendPool\"\r\n
        \           }\r\n          }\r\n        }\r\n      },{\r\n        \"id\":\"/subscriptions/00000000-0000-0000-0000-000000000000/resourcegroups/clitest.rg000001/providers/Microsoft.Network/Frontdoors/clifrontdoor000002/RoutingRules/rule1\",\"name\":\"rule1\",\"type\":\"Microsoft.Network/Frontdoors/RoutingRules\",\"properties\":{\r\n
        \         \"frontendEndpoints\":[\r\n            {\r\n              \"id\":\"/subscriptions/00000000-0000-0000-0000-000000000000/resourceGroups/clitest.rg000001/providers/Microsoft.Network/Frontdoors/clifrontdoor000002/frontendEndpoints/DefaultFrontendEndpoint\"\r\n
        \           }\r\n          ],\"acceptedProtocols\":[\r\n            \"Http\"\r\n
        \         ],\"patternsToMatch\":[\r\n            \"/forward2\"\r\n          ],\"enabledState\":\"Enabled\",\"resourceState\":\"Enabled\",\"routeConfiguration\":{\r\n
        \           \"@odata.type\":\"#Microsoft.Azure.FrontDoor.Models.FrontdoorForwardingConfiguration\",\"customForwardingPath\":null,\"forwardingProtocol\":\"MatchRequest\",\"cacheConfiguration\":null,\"backendPool\":{\r\n
        \             \"id\":\"/subscriptions/00000000-0000-0000-0000-000000000000/resourceGroups/clitest.rg000001/providers/Microsoft.Network/Frontdoors/clifrontdoor000002/backendPools/DefaultBackendPool\"\r\n
        \           }\r\n          }\r\n        }\r\n      },{\r\n        \"id\":\"/subscriptions/00000000-0000-0000-0000-000000000000/resourcegroups/clitest.rg000001/providers/Microsoft.Network/Frontdoors/clifrontdoor000002/RoutingRules/rule2\",\"name\":\"rule2\",\"type\":\"Microsoft.Network/Frontdoors/RoutingRules\",\"properties\":{\r\n
        \         \"frontendEndpoints\":[\r\n            {\r\n              \"id\":\"/subscriptions/00000000-0000-0000-0000-000000000000/resourceGroups/clitest.rg000001/providers/Microsoft.Network/Frontdoors/clifrontdoor000002/frontendEndpoints/DefaultFrontendEndpoint\"\r\n
        \           }\r\n          ],\"acceptedProtocols\":[\r\n            \"Http\"\r\n
        \         ],\"patternsToMatch\":[\r\n            \"/forward3\"\r\n          ],\"enabledState\":\"Enabled\",\"resourceState\":\"Enabled\",\"routeConfiguration\":{\r\n
        \           \"@odata.type\":\"#Microsoft.Azure.FrontDoor.Models.FrontdoorRedirectConfiguration\",\"customFragment\":null,\"customHost\":\"redirecthost.com\",\"customPath\":\"\",\"redirectProtocol\":\"MatchRequest\",\"customQueryString\":\"querystring2\",\"redirectType\":\"Moved\"\r\n
        \         }\r\n        }\r\n      }\r\n    ],\"backendPoolsSettings\":{\r\n
        \     \"enforceCertificateNameCheck\":\"Enabled\",\"sendRecvTimeoutSeconds\":30\r\n
        \   },\"enabledState\":\"Enabled\",\"cName\":\"clifrontdoor000002.azurefd.net\",\"friendlyName\":\"clifrontdoor000002\"\r\n
        \ }\r\n}"
    headers:
      azure-asyncoperation:
      - https://management.azure.com/subscriptions/00000000-0000-0000-0000-000000000000/resourcegroups/clitest.rg000001/providers/Microsoft.Network/frontdooroperationresults/c9a48cbc-60b3-4f63-8470-ee8e57021fa8?api-version=2019-05-01
      cache-control:
      - no-cache
      content-length:
      - '7635'
      content-type:
      - application/json; odata.metadata=minimal
      date:
      - Wed, 04 Mar 2020 08:58:32 GMT
      expires:
      - '-1'
      location:
      - https://management.azure.com/subscriptions/00000000-0000-0000-0000-000000000000/resourcegroups/clitest.rg000001/providers/Microsoft.Network/frontdooroperationresults/c9a48cbc-60b3-4f63-8470-ee8e57021fa8/frontdoorresults/clifrontdoor000002?api-version=2019-05-01
      odata-version:
      - '4.0'
      pragma:
      - no-cache
      server:
      - Microsoft-IIS/8.5
      strict-transport-security:
      - max-age=31536000; includeSubDomains
      x-aspnet-version:
      - 4.0.30319
      x-content-type-options:
      - nosniff
      x-ms-ratelimit-remaining-subscription-writes:
      - '1190'
      x-powered-by:
      - ASP.NET
    status:
      code: 202
      message: Accepted
- request:
    body: null
    headers:
      Accept:
      - application/json
      Accept-Encoding:
      - gzip, deflate
      CommandName:
      - network front-door routing-rule update
      Connection:
      - keep-alive
      ParameterSetName:
      - -f -g -n --patterns --custom-query-string
      User-Agent:
      - python/3.8.0 (Windows-10-10.0.18362-SP0) msrest/0.6.10 msrest_azure/0.6.2
        azure-mgmt-frontdoor/0.1.0 Azure-SDK-For-Python AZURECLI/2.1.0
    method: GET
    uri: https://management.azure.com/subscriptions/00000000-0000-0000-0000-000000000000/resourcegroups/clitest.rg000001/providers/Microsoft.Network/frontdooroperationresults/c9a48cbc-60b3-4f63-8470-ee8e57021fa8?api-version=2019-05-01
  response:
    body:
      string: "{\r\n  \"status\":\"Succeeded\",\"error\":{\r\n    \"code\":\"None\",\"message\":null\r\n
        \ }\r\n}"
    headers:
      cache-control:
      - no-cache
      content-length:
      - '77'
      content-type:
      - application/json; odata.metadata=minimal
      date:
      - Wed, 04 Mar 2020 08:58:45 GMT
      expires:
      - '-1'
      odata-version:
      - '4.0'
      pragma:
      - no-cache
      server:
      - Microsoft-IIS/8.5
      strict-transport-security:
      - max-age=31536000; includeSubDomains
      transfer-encoding:
      - chunked
      vary:
      - Accept-Encoding
      x-aspnet-version:
      - 4.0.30319
      x-content-type-options:
      - nosniff
      x-powered-by:
      - ASP.NET
    status:
      code: 200
      message: OK
- request:
    body: null
    headers:
      Accept:
      - application/json
      Accept-Encoding:
      - gzip, deflate
      CommandName:
      - network front-door routing-rule update
      Connection:
      - keep-alive
      ParameterSetName:
      - -f -g -n --patterns --custom-query-string
      User-Agent:
      - python/3.8.0 (Windows-10-10.0.18362-SP0) msrest/0.6.10 msrest_azure/0.6.2
        azure-mgmt-frontdoor/0.1.0 Azure-SDK-For-Python AZURECLI/2.1.0
    method: GET
    uri: https://management.azure.com/subscriptions/00000000-0000-0000-0000-000000000000/resourceGroups/clitest.rg000001/providers/Microsoft.Network/frontDoors/clifrontdoor000002?api-version=2019-05-01
  response:
    body:
      string: "{\r\n  \"name\":\"clifrontdoor000002\",\"id\":\"/subscriptions/00000000-0000-0000-0000-000000000000/resourcegroups/clitest.rg000001/providers/Microsoft.Network/frontdoors/clifrontdoor000002\",\"type\":\"Microsoft.Network/frontdoors\",\"tags\":{\r\n
        \   \r\n  },\"location\":\"Global\",\"properties\":{\r\n    \"provisioningState\":\"Succeeded\",\"resourceState\":\"Enabled\",\"backendPools\":[\r\n
        \     {\r\n        \"id\":\"/subscriptions/00000000-0000-0000-0000-000000000000/resourcegroups/clitest.rg000001/providers/Microsoft.Network/Frontdoors/clifrontdoor000002/BackendPools/DefaultBackendPool\",\"name\":\"DefaultBackendPool\",\"type\":\"Microsoft.Network/Frontdoors/BackendPools\",\"properties\":{\r\n
        \         \"backends\":[\r\n            {\r\n              \"address\":\"202.120.2.3\",\"httpPort\":80,\"httpsPort\":443,\"priority\":1,\"weight\":50,\"backendHostHeader\":\"202.120.2.3\",\"enabledState\":\"Enabled\"\r\n
        \           }\r\n          ],\"healthProbeSettings\":{\r\n            \"id\":\"/subscriptions/00000000-0000-0000-0000-000000000000/resourceGroups/clitest.rg000001/providers/Microsoft.Network/frontdoors/clifrontdoor000002/healthProbeSettings/DefaultProbeSettings\"\r\n
        \         },\"loadBalancingSettings\":{\r\n            \"id\":\"/subscriptions/00000000-0000-0000-0000-000000000000/resourceGroups/clitest.rg000001/providers/Microsoft.Network/frontdoors/clifrontdoor000002/loadBalancingSettings/DefaultLoadBalancingSettings\"\r\n
        \         },\"resourceState\":\"Enabled\"\r\n        }\r\n      }\r\n    ],\"healthProbeSettings\":[\r\n
        \     {\r\n        \"id\":\"/subscriptions/00000000-0000-0000-0000-000000000000/resourcegroups/clitest.rg000001/providers/Microsoft.Network/Frontdoors/clifrontdoor000002/HealthProbeSettings/DefaultProbeSettings\",\"name\":\"DefaultProbeSettings\",\"type\":\"Microsoft.Network/Frontdoors/HealthProbeSettings\",\"properties\":{\r\n
        \         \"intervalInSeconds\":30,\"path\":\"/\",\"protocol\":\"Https\",\"resourceState\":\"Enabled\",\"enabledState\":\"Enabled\",\"healthProbeMethod\":\"Head\"\r\n
        \       }\r\n      }\r\n    ],\"frontendEndpoints\":[\r\n      {\r\n        \"id\":\"/subscriptions/00000000-0000-0000-0000-000000000000/resourcegroups/clitest.rg000001/providers/Microsoft.Network/Frontdoors/clifrontdoor000002/FrontendEndpoints/DefaultFrontendEndpoint\",\"name\":\"DefaultFrontendEndpoint\",\"type\":\"Microsoft.Network/Frontdoors/FrontendEndpoints\",\"properties\":{\r\n
        \         \"hostName\":\"clifrontdoor000002.azurefd.net\",\"sessionAffinityEnabledState\":\"Disabled\",\"sessionAffinityTtlSeconds\":0,\"webApplicationFirewallPolicyLink\":null,\"customHttpsProvisioningState\":null,\"customHttpsProvisioningSubstate\":null,\"customHttpsConfiguration\":null,\"resourceState\":\"Enabled\"\r\n
        \       }\r\n      }\r\n    ],\"loadBalancingSettings\":[\r\n      {\r\n        \"id\":\"/subscriptions/00000000-0000-0000-0000-000000000000/resourcegroups/clitest.rg000001/providers/Microsoft.Network/Frontdoors/clifrontdoor000002/LoadBalancingSettings/DefaultLoadBalancingSettings\",\"name\":\"DefaultLoadBalancingSettings\",\"type\":\"Microsoft.Network/Frontdoors/LoadBalancingSettings\",\"properties\":{\r\n
        \         \"additionalLatencyMilliseconds\":0,\"sampleSize\":4,\"successfulSamplesRequired\":2,\"resourceState\":\"Enabled\"\r\n
        \       }\r\n      }\r\n    ],\"routingRules\":[\r\n      {\r\n        \"id\":\"/subscriptions/00000000-0000-0000-0000-000000000000/resourcegroups/clitest.rg000001/providers/Microsoft.Network/Frontdoors/clifrontdoor000002/RoutingRules/DefaultRoutingRule\",\"name\":\"DefaultRoutingRule\",\"type\":\"Microsoft.Network/Frontdoors/RoutingRules\",\"properties\":{\r\n
        \         \"frontendEndpoints\":[\r\n            {\r\n              \"id\":\"/subscriptions/00000000-0000-0000-0000-000000000000/resourceGroups/clitest.rg000001/providers/Microsoft.Network/frontdoors/clifrontdoor000002/frontendEndpoints/DefaultFrontendEndpoint\"\r\n
        \           }\r\n          ],\"acceptedProtocols\":[\r\n            \"Http\"\r\n
        \         ],\"patternsToMatch\":[\r\n            \"/*\"\r\n          ],\"enabledState\":\"Enabled\",\"resourceState\":\"Enabled\",\"routeConfiguration\":{\r\n
        \           \"@odata.type\":\"#Microsoft.Azure.FrontDoor.Models.FrontdoorForwardingConfiguration\",\"customForwardingPath\":null,\"forwardingProtocol\":\"MatchRequest\",\"cacheConfiguration\":null,\"backendPool\":{\r\n
        \             \"id\":\"/subscriptions/00000000-0000-0000-0000-000000000000/resourceGroups/clitest.rg000001/providers/Microsoft.Network/frontdoors/clifrontdoor000002/backendPools/DefaultBackendPool\"\r\n
        \           }\r\n          }\r\n        }\r\n      },{\r\n        \"id\":\"/subscriptions/00000000-0000-0000-0000-000000000000/resourcegroups/clitest.rg000001/providers/Microsoft.Network/Frontdoors/clifrontdoor000002/RoutingRules/rule1\",\"name\":\"rule1\",\"type\":\"Microsoft.Network/Frontdoors/RoutingRules\",\"properties\":{\r\n
        \         \"frontendEndpoints\":[\r\n            {\r\n              \"id\":\"/subscriptions/00000000-0000-0000-0000-000000000000/resourceGroups/clitest.rg000001/providers/Microsoft.Network/Frontdoors/clifrontdoor000002/frontendEndpoints/DefaultFrontendEndpoint\"\r\n
        \           }\r\n          ],\"acceptedProtocols\":[\r\n            \"Http\"\r\n
        \         ],\"patternsToMatch\":[\r\n            \"/forward2\"\r\n          ],\"enabledState\":\"Enabled\",\"resourceState\":\"Enabled\",\"routeConfiguration\":{\r\n
        \           \"@odata.type\":\"#Microsoft.Azure.FrontDoor.Models.FrontdoorForwardingConfiguration\",\"customForwardingPath\":null,\"forwardingProtocol\":\"MatchRequest\",\"cacheConfiguration\":null,\"backendPool\":{\r\n
        \             \"id\":\"/subscriptions/00000000-0000-0000-0000-000000000000/resourceGroups/clitest.rg000001/providers/Microsoft.Network/Frontdoors/clifrontdoor000002/backendPools/DefaultBackendPool\"\r\n
        \           }\r\n          }\r\n        }\r\n      },{\r\n        \"id\":\"/subscriptions/00000000-0000-0000-0000-000000000000/resourcegroups/clitest.rg000001/providers/Microsoft.Network/Frontdoors/clifrontdoor000002/RoutingRules/rule2\",\"name\":\"rule2\",\"type\":\"Microsoft.Network/Frontdoors/RoutingRules\",\"properties\":{\r\n
        \         \"frontendEndpoints\":[\r\n            {\r\n              \"id\":\"/subscriptions/00000000-0000-0000-0000-000000000000/resourceGroups/clitest.rg000001/providers/Microsoft.Network/Frontdoors/clifrontdoor000002/frontendEndpoints/DefaultFrontendEndpoint\"\r\n
        \           }\r\n          ],\"acceptedProtocols\":[\r\n            \"Http\"\r\n
        \         ],\"patternsToMatch\":[\r\n            \"/forward3\"\r\n          ],\"enabledState\":\"Enabled\",\"resourceState\":\"Enabled\",\"routeConfiguration\":{\r\n
        \           \"@odata.type\":\"#Microsoft.Azure.FrontDoor.Models.FrontdoorRedirectConfiguration\",\"customFragment\":null,\"customHost\":\"redirecthost.com\",\"customPath\":\"\",\"redirectProtocol\":\"MatchRequest\",\"customQueryString\":\"querystring2\",\"redirectType\":\"Moved\"\r\n
        \         }\r\n        }\r\n      }\r\n    ],\"backendPoolsSettings\":{\r\n
        \     \"enforceCertificateNameCheck\":\"Enabled\",\"sendRecvTimeoutSeconds\":30\r\n
        \   },\"enabledState\":\"Enabled\",\"cName\":\"clifrontdoor000002.azurefd.net\",\"friendlyName\":\"clifrontdoor000002\"\r\n
        \ }\r\n}"
    headers:
      cache-control:
      - no-cache
      content-length:
      - '7635'
      content-type:
      - application/json; odata.metadata=minimal
      date:
      - Wed, 04 Mar 2020 08:58:48 GMT
      expires:
      - '-1'
      odata-version:
      - '4.0'
      pragma:
      - no-cache
      server:
      - Microsoft-IIS/8.5
      strict-transport-security:
      - max-age=31536000; includeSubDomains
      transfer-encoding:
      - chunked
      vary:
      - Accept-Encoding
      x-aspnet-version:
      - 4.0.30319
      x-content-type-options:
      - nosniff
      x-powered-by:
      - ASP.NET
    status:
      code: 200
      message: OK
version: 1
