interactions:
- request:
    body: '{"location": "global", "properties": {"policySettings": {"enabledState":
      "Enabled", "mode": "Prevention"}, "customRules": {"rules": []}, "managedRules":
      {}}, "sku": {"name": "Classic_AzureFrontDoor"}}'
    headers:
      Accept:
      - application/json
      Accept-Encoding:
      - gzip, deflate
      CommandName:
      - network front-door waf-policy create
      Connection:
      - keep-alive
      Content-Length:
      - '200'
      Content-Type:
      - application/json; charset=utf-8
      ParameterSetName:
      - -g -n --mode
      User-Agent:
      - python/3.7.9 (Windows-10-10.0.19041-SP0) msrest/0.6.21 msrest_azure/0.6.3
        azure-mgmt-frontdoor/0.3.0 Azure-SDK-For-Python AZURECLI/2.21.0
      accept-language:
      - en-US
    method: PUT
    uri: https://management.azure.com/subscriptions/00000000-0000-0000-0000-000000000000/resourceGroups/clitest.rg000001/providers/Microsoft.Network/FrontDoorWebApplicationFirewallPolicies/cli000002?api-version=2020-11-01
  response:
    body:
      string: '{"name":"cli000002","id":"/subscriptions/00000000-0000-0000-0000-000000000000/resourcegroups/clitest.rg000001/providers/Microsoft.Network/frontdoorwebapplicationfirewallpolicies/cli000002","type":"Microsoft.Network/frontdoorwebapplicationfirewallpolicies","location":"Global","tags":{},"sku":{"name":"Classic_AzureFrontDoor"},"properties":{"resourceState":"Enabled","provisioningState":"Succeeded","policySettings":{"enabledState":"Enabled","mode":"Prevention","redirectUrl":null,"customBlockResponseStatusCode":null,"customBlockResponseBody":null,"requestBodyCheck":"Disabled"},"customRules":{"rules":[]},"managedRules":{"managedRuleSets":[]},"frontendEndpointLinks":[],"routingRuleLinks":[],"securityPolicyLinks":[]}}'
    headers:
      cache-control:
      - no-cache
      content-length:
      - '808'
      content-type:
      - application/json; odata.metadata=minimal; odata.streaming=true
      date:
      - Tue, 30 Mar 2021 03:47:47 GMT
      expires:
      - '-1'
      odata-version:
      - '4.0'
      pragma:
      - no-cache
      server:
      - Kestrel
      strict-transport-security:
      - max-age=31536000; includeSubDomains
      x-content-type-options:
      - nosniff
      x-ms-ratelimit-remaining-subscription-writes:
      - '1196'
    status:
      code: 201
      message: Created
- request:
    body: null
    headers:
      Accept:
      - application/json
      Accept-Encoding:
      - gzip, deflate
      CommandName:
      - network front-door waf-policy rule create
      Connection:
      - keep-alive
      ParameterSetName:
      - -g --policy-name -n --priority --action --rule-type --rate-limit-duration
        --rate-limit-threshold --defer
      User-Agent:
      - python/3.7.9 (Windows-10-10.0.19041-SP0) msrest/0.6.21 msrest_azure/0.6.3
        azure-mgmt-frontdoor/0.3.0 Azure-SDK-For-Python AZURECLI/2.21.0
      accept-language:
      - en-US
    method: GET
    uri: https://management.azure.com/subscriptions/00000000-0000-0000-0000-000000000000/resourceGroups/clitest.rg000001/providers/Microsoft.Network/FrontDoorWebApplicationFirewallPolicies/cli000002?api-version=2020-11-01
  response:
    body:
      string: '{"name":"cli000002","id":"/subscriptions/00000000-0000-0000-0000-000000000000/resourcegroups/clitest.rg000001/providers/Microsoft.Network/frontdoorwebapplicationfirewallpolicies/cli000002","type":"Microsoft.Network/frontdoorwebapplicationfirewallpolicies","location":"Global","tags":{},"sku":{"name":"Classic_AzureFrontDoor"},"properties":{"resourceState":"Enabled","provisioningState":"Succeeded","policySettings":{"enabledState":"Enabled","mode":"Prevention","redirectUrl":null,"customBlockResponseStatusCode":null,"customBlockResponseBody":null,"requestBodyCheck":"Disabled"},"customRules":{"rules":[]},"managedRules":{"managedRuleSets":[]},"frontendEndpointLinks":[],"routingRuleLinks":[],"securityPolicyLinks":[]}}'
    headers:
      cache-control:
      - no-cache
      content-length:
      - '808'
      content-type:
      - application/json; odata.metadata=minimal; odata.streaming=true
      date:
      - Tue, 30 Mar 2021 03:47:48 GMT
      expires:
      - '-1'
      odata-version:
      - '4.0'
      pragma:
      - no-cache
      server:
      - Kestrel
      strict-transport-security:
      - max-age=31536000; includeSubDomains
      transfer-encoding:
      - chunked
      vary:
      - Accept-Encoding
      x-content-type-options:
      - nosniff
    status:
      code: 200
      message: OK
- request:
    body: '{"location": "Global", "tags": {}, "properties": {"policySettings": {"enabledState":
      "Enabled", "mode": "Prevention", "requestBodyCheck": "Disabled"}, "customRules":
      {"rules": [{"name": "cli000003", "priority": 45, "enabledState": "Enabled",
      "ruleType": "RateLimitRule", "rateLimitDurationInMinutes": 5, "rateLimitThreshold":
      10000, "matchConditions": [{"matchVariable": "RequestHeader", "selector": "value",
      "operator": "Contains", "matchValue": ["foo", "boo"]}, {"matchVariable": "RequestHeader",
      "operator": "Contains", "matchValue": ["foo", "boo"]}], "action": "Block"},
      {"name": "cli000005", "priority": 75, "enabledState": "Enabled", "ruleType":
      "RateLimitRule", "rateLimitDurationInMinutes": 1, "rateLimitThreshold": 10000,
      "matchConditions": [{"matchVariable": "RequestUri", "operator": "Contains",
      "negateCondition": true, "matchValue": ["foo", "boo"]}], "action": "Log"}, {"name":
      "cli000006", "priority": 40, "enabledState": "Enabled", "ruleType": "MatchRule",
      "matchConditions": [{"matchVariable": "RequestUri", "operator": "Contains",
      "matchValue": ["foo", "boo"]}], "action": "Log"}]}, "managedRules": {"managedRuleSets":
      []}}, "sku": {"name": "Classic_AzureFrontDoor"}}'
    headers:
      Accept:
      - application/json
      Accept-Encoding:
      - gzip, deflate
      CommandName:
      - network front-door waf-policy rule update
      Connection:
      - keep-alive
      Content-Length:
      - '1229'
      Content-Type:
      - application/json; charset=utf-8
      ParameterSetName:
      - -g --policy-name -n --priority
      User-Agent:
      - python/3.7.9 (Windows-10-10.0.19041-SP0) msrest/0.6.21 msrest_azure/0.6.3
        azure-mgmt-frontdoor/0.3.0 Azure-SDK-For-Python AZURECLI/2.21.0
      accept-language:
      - en-US
    method: PUT
    uri: https://management.azure.com/subscriptions/00000000-0000-0000-0000-000000000000/resourceGroups/clitest.rg000001/providers/Microsoft.Network/FrontDoorWebApplicationFirewallPolicies/cli000002?api-version=2020-11-01
  response:
    body:
      string: "{\n  \"error\": {\n    \"code\": \"BadRequest\",\n    \"message\":
        \"WebApplicationFirewallPolicy validation failed. More information \\\"Selector
        must be set when using RequestHeader match variable\\\".\"\n  }\n}"
    headers:
      cache-control:
      - no-cache
      content-length:
      - '194'
      content-type:
      - application/json
      date:
      - Tue, 30 Mar 2021 03:47:51 GMT
      expires:
      - '-1'
      pragma:
      - no-cache
      server:
      - Kestrel
      strict-transport-security:
      - max-age=31536000; includeSubDomains
      x-content-type-options:
      - nosniff
      x-ms-ratelimit-remaining-subscription-writes:
      - '1198'
    status:
      code: 400
      message: Bad Request
- request:
    body: '{"location": "Global", "tags": {}, "properties": {"policySettings": {"enabledState":
      "Enabled", "mode": "Prevention", "requestBodyCheck": "Disabled"}, "customRules":
      {"rules": [{"name": "cli000003", "priority": 45, "enabledState": "Enabled",
      "ruleType": "RateLimitRule", "rateLimitDurationInMinutes": 5, "rateLimitThreshold":
      10000, "matchConditions": [{"matchVariable": "RequestHeader", "selector": "value",
      "operator": "Contains", "matchValue": ["foo", "boo"]}], "action": "Block"},
      {"name": "cli000005", "priority": 75, "enabledState": "Enabled", "ruleType":
      "RateLimitRule", "rateLimitDurationInMinutes": 1, "rateLimitThreshold": 10000,
      "matchConditions": [{"matchVariable": "RequestUri", "operator": "Contains",
      "negateCondition": true, "matchValue": ["foo", "boo"]}], "action": "Log"}, {"name":
      "cli000006", "priority": 40, "enabledState": "Enabled", "ruleType": "MatchRule",
      "matchConditions": [{"matchVariable": "RequestUri", "operator": "Contains",
      "matchValue": ["foo", "boo"]}], "action": "Log"}]}, "managedRules": {"managedRuleSets":
      []}}, "sku": {"name": "Classic_AzureFrontDoor"}}'
    headers:
      Accept:
      - application/json
      Accept-Encoding:
      - gzip, deflate
      CommandName:
      - network front-door waf-policy rule update
      Connection:
      - keep-alive
      Content-Length:
      - '1139'
      Content-Type:
      - application/json; charset=utf-8
      ParameterSetName:
      - -g --policy-name -n --priority
      User-Agent:
      - python/3.7.9 (Windows-10-10.0.19041-SP0) msrest/0.6.21 msrest_azure/0.6.3
        azure-mgmt-frontdoor/0.3.0 Azure-SDK-For-Python AZURECLI/2.21.0
      accept-language:
      - en-US
    method: PUT
    uri: https://management.azure.com/subscriptions/00000000-0000-0000-0000-000000000000/resourceGroups/clitest.rg000001/providers/Microsoft.Network/FrontDoorWebApplicationFirewallPolicies/cli000002?api-version=2020-11-01
  response:
    body:
      string: '{"name":"cli000002","id":"/subscriptions/00000000-0000-0000-0000-000000000000/resourcegroups/clitest.rg000001/providers/Microsoft.Network/frontdoorwebapplicationfirewallpolicies/cli000002","type":"Microsoft.Network/frontdoorwebapplicationfirewallpolicies","location":"Global","tags":{},"sku":{"name":"Classic_AzureFrontDoor"},"properties":{"resourceState":"Enabled","provisioningState":"Succeeded","policySettings":{"enabledState":"Enabled","mode":"Prevention","redirectUrl":null,"customBlockResponseStatusCode":null,"customBlockResponseBody":null,"requestBodyCheck":"Disabled"},"customRules":{"rules":[{"name":"cli000003","enabledState":"Enabled","priority":45,"ruleType":"RateLimitRule","rateLimitDurationInMinutes":5,"rateLimitThreshold":10000,"action":"Block","matchConditions":[{"matchVariable":"RequestHeader","selector":"value","operator":"Contains","negateCondition":false,"matchValue":["foo","boo"],"transforms":[]}]},{"name":"cli000005","enabledState":"Enabled","priority":75,"ruleType":"RateLimitRule","rateLimitDurationInMinutes":1,"rateLimitThreshold":10000,"action":"Log","matchConditions":[{"matchVariable":"RequestUri","selector":null,"operator":"Contains","negateCondition":true,"matchValue":["foo","boo"],"transforms":[]}]},{"name":"cli000006","enabledState":"Enabled","priority":40,"ruleType":"MatchRule","rateLimitDurationInMinutes":null,"rateLimitThreshold":null,"action":"Log","matchConditions":[{"matchVariable":"RequestUri","selector":null,"operator":"Contains","negateCondition":false,"matchValue":["foo","boo"],"transforms":[]}]}]},"managedRules":{"managedRuleSets":[]},"frontendEndpointLinks":[],"routingRuleLinks":[],"securityPolicyLinks":[]}}'
    headers:
      cache-control:
      - no-cache
      content-length:
      - '1805'
      content-type:
      - application/json; odata.metadata=minimal; odata.streaming=true
      date:
      - Tue, 30 Mar 2021 03:47:54 GMT
      expires:
      - '-1'
      odata-version:
      - '4.0'
      pragma:
      - no-cache
      server:
      - Kestrel
      strict-transport-security:
      - max-age=31536000; includeSubDomains
      transfer-encoding:
      - chunked
      vary:
      - Accept-Encoding
      x-content-type-options:
      - nosniff
      x-ms-ratelimit-remaining-subscription-writes:
      - '1195'
    status:
      code: 200
      message: OK
- request:
    body: null
    headers:
      Accept:
      - application/json
      Accept-Encoding:
      - gzip, deflate
      CommandName:
      - network front-door waf-policy rule list
      Connection:
      - keep-alive
      ParameterSetName:
      - -g --policy-name
      User-Agent:
      - python/3.7.9 (Windows-10-10.0.19041-SP0) msrest/0.6.21 msrest_azure/0.6.3
        azure-mgmt-frontdoor/0.3.0 Azure-SDK-For-Python AZURECLI/2.21.0
      accept-language:
      - en-US
    method: GET
    uri: https://management.azure.com/subscriptions/00000000-0000-0000-0000-000000000000/resourceGroups/clitest.rg000001/providers/Microsoft.Network/FrontDoorWebApplicationFirewallPolicies/cli000002?api-version=2020-11-01
  response:
    body:
      string: '{"name":"cli000002","id":"/subscriptions/00000000-0000-0000-0000-000000000000/resourcegroups/clitest.rg000001/providers/Microsoft.Network/frontdoorwebapplicationfirewallpolicies/cli000002","type":"Microsoft.Network/frontdoorwebapplicationfirewallpolicies","location":"Global","tags":{},"sku":{"name":"Classic_AzureFrontDoor"},"properties":{"resourceState":"Enabled","provisioningState":"Succeeded","policySettings":{"enabledState":"Enabled","mode":"Prevention","redirectUrl":null,"customBlockResponseStatusCode":null,"customBlockResponseBody":null,"requestBodyCheck":"Disabled"},"customRules":{"rules":[{"name":"cli000003","enabledState":"Enabled","priority":45,"ruleType":"RateLimitRule","rateLimitDurationInMinutes":5,"rateLimitThreshold":10000,"action":"Block","matchConditions":[{"matchVariable":"RequestHeader","selector":"value","operator":"Contains","negateCondition":false,"matchValue":["foo","boo"],"transforms":[]}]},{"name":"cli000005","enabledState":"Enabled","priority":75,"ruleType":"RateLimitRule","rateLimitDurationInMinutes":1,"rateLimitThreshold":10000,"action":"Log","matchConditions":[{"matchVariable":"RequestUri","selector":null,"operator":"Contains","negateCondition":true,"matchValue":["foo","boo"],"transforms":[]}]},{"name":"cli000006","enabledState":"Enabled","priority":40,"ruleType":"MatchRule","rateLimitDurationInMinutes":null,"rateLimitThreshold":null,"action":"Log","matchConditions":[{"matchVariable":"RequestUri","selector":null,"operator":"Contains","negateCondition":false,"matchValue":["foo","boo"],"transforms":[]}]}]},"managedRules":{"managedRuleSets":[]},"frontendEndpointLinks":[],"routingRuleLinks":[],"securityPolicyLinks":[]}}'
    headers:
      cache-control:
      - no-cache
      content-length:
      - '1805'
      content-type:
      - application/json; odata.metadata=minimal; odata.streaming=true
      date:
      - Tue, 30 Mar 2021 03:47:54 GMT
      expires:
      - '-1'
      odata-version:
      - '4.0'
      pragma:
      - no-cache
      server:
      - Kestrel
      strict-transport-security:
      - max-age=31536000; includeSubDomains
      transfer-encoding:
      - chunked
      vary:
      - Accept-Encoding
      x-content-type-options:
      - nosniff
    status:
      code: 200
      message: OK
- request:
    body: null
    headers:
      Accept:
      - application/json
      Accept-Encoding:
      - gzip, deflate
      CommandName:
      - network front-door waf-policy rule delete
      Connection:
      - keep-alive
      ParameterSetName:
      - -g --policy-name -n
      User-Agent:
      - python/3.7.9 (Windows-10-10.0.19041-SP0) msrest/0.6.21 msrest_azure/0.6.3
        azure-mgmt-frontdoor/0.3.0 Azure-SDK-For-Python AZURECLI/2.21.0
      accept-language:
      - en-US
    method: GET
    uri: https://management.azure.com/subscriptions/00000000-0000-0000-0000-000000000000/resourceGroups/clitest.rg000001/providers/Microsoft.Network/FrontDoorWebApplicationFirewallPolicies/cli000002?api-version=2020-11-01
  response:
    body:
      string: '{"name":"cli000002","id":"/subscriptions/00000000-0000-0000-0000-000000000000/resourcegroups/clitest.rg000001/providers/Microsoft.Network/frontdoorwebapplicationfirewallpolicies/cli000002","type":"Microsoft.Network/frontdoorwebapplicationfirewallpolicies","location":"Global","tags":{},"sku":{"name":"Classic_AzureFrontDoor"},"properties":{"resourceState":"Enabled","provisioningState":"Succeeded","policySettings":{"enabledState":"Enabled","mode":"Prevention","redirectUrl":null,"customBlockResponseStatusCode":null,"customBlockResponseBody":null,"requestBodyCheck":"Disabled"},"customRules":{"rules":[{"name":"cli000003","enabledState":"Enabled","priority":45,"ruleType":"RateLimitRule","rateLimitDurationInMinutes":5,"rateLimitThreshold":10000,"action":"Block","matchConditions":[{"matchVariable":"RequestHeader","selector":"value","operator":"Contains","negateCondition":false,"matchValue":["foo","boo"],"transforms":[]}]},{"name":"cli000005","enabledState":"Enabled","priority":75,"ruleType":"RateLimitRule","rateLimitDurationInMinutes":1,"rateLimitThreshold":10000,"action":"Log","matchConditions":[{"matchVariable":"RequestUri","selector":null,"operator":"Contains","negateCondition":true,"matchValue":["foo","boo"],"transforms":[]}]},{"name":"cli000006","enabledState":"Enabled","priority":40,"ruleType":"MatchRule","rateLimitDurationInMinutes":null,"rateLimitThreshold":null,"action":"Log","matchConditions":[{"matchVariable":"RequestUri","selector":null,"operator":"Contains","negateCondition":false,"matchValue":["foo","boo"],"transforms":[]}]}]},"managedRules":{"managedRuleSets":[]},"frontendEndpointLinks":[],"routingRuleLinks":[],"securityPolicyLinks":[]}}'
    headers:
      cache-control:
      - no-cache
      content-length:
      - '1805'
      content-type:
      - application/json; odata.metadata=minimal; odata.streaming=true
      date:
      - Tue, 30 Mar 2021 03:47:56 GMT
      expires:
      - '-1'
      odata-version:
      - '4.0'
      pragma:
      - no-cache
      server:
      - Kestrel
      strict-transport-security:
      - max-age=31536000; includeSubDomains
      transfer-encoding:
      - chunked
      vary:
      - Accept-Encoding
      x-content-type-options:
      - nosniff
    status:
      code: 200
      message: OK
- request:
    body: '{"location": "Global", "tags": {}, "properties": {"policySettings": {"enabledState":
      "Enabled", "mode": "Prevention", "requestBodyCheck": "Disabled"}, "customRules":
      {"rules": [{"name": "cli000003", "priority": 45, "enabledState": "Enabled",
      "ruleType": "RateLimitRule", "rateLimitDurationInMinutes": 5, "rateLimitThreshold":
      10000, "matchConditions": [{"matchVariable": "RequestHeader", "selector": "value",
      "operator": "Contains", "negateCondition": false, "matchValue": ["foo", "boo"],
      "transforms": []}], "action": "Block"}, {"name": "cli000006", "priority": 40,
      "enabledState": "Enabled", "ruleType": "MatchRule", "matchConditions": [{"matchVariable":
      "RequestUri", "operator": "Contains", "negateCondition": false, "matchValue":
      ["foo", "boo"], "transforms": []}], "action": "Log"}]}, "managedRules": {"managedRuleSets":
      []}}, "sku": {"name": "Classic_AzureFrontDoor"}}'
    headers:
      Accept:
      - application/json
      Accept-Encoding:
      - gzip, deflate
      CommandName:
      - network front-door waf-policy rule delete
      Connection:
      - keep-alive
      Content-Length:
      - '905'
      Content-Type:
      - application/json; charset=utf-8
      ParameterSetName:
      - -g --policy-name -n
      User-Agent:
      - python/3.7.9 (Windows-10-10.0.19041-SP0) msrest/0.6.21 msrest_azure/0.6.3
        azure-mgmt-frontdoor/0.3.0 Azure-SDK-For-Python AZURECLI/2.21.0
      accept-language:
      - en-US
    method: PUT
    uri: https://management.azure.com/subscriptions/00000000-0000-0000-0000-000000000000/resourceGroups/clitest.rg000001/providers/Microsoft.Network/FrontDoorWebApplicationFirewallPolicies/cli000002?api-version=2020-11-01
  response:
    body:
      string: '{"name":"cli000002","id":"/subscriptions/00000000-0000-0000-0000-000000000000/resourcegroups/clitest.rg000001/providers/Microsoft.Network/frontdoorwebapplicationfirewallpolicies/cli000002","type":"Microsoft.Network/frontdoorwebapplicationfirewallpolicies","location":"Global","tags":{},"sku":{"name":"Classic_AzureFrontDoor"},"properties":{"resourceState":"Enabled","provisioningState":"Succeeded","policySettings":{"enabledState":"Enabled","mode":"Prevention","redirectUrl":null,"customBlockResponseStatusCode":null,"customBlockResponseBody":null,"requestBodyCheck":"Disabled"},"customRules":{"rules":[{"name":"cli000003","enabledState":"Enabled","priority":45,"ruleType":"RateLimitRule","rateLimitDurationInMinutes":5,"rateLimitThreshold":10000,"action":"Block","matchConditions":[{"matchVariable":"RequestHeader","selector":"value","operator":"Contains","negateCondition":false,"matchValue":["foo","boo"],"transforms":[]}]},{"name":"cli000006","enabledState":"Enabled","priority":40,"ruleType":"MatchRule","rateLimitDurationInMinutes":null,"rateLimitThreshold":null,"action":"Log","matchConditions":[{"matchVariable":"RequestUri","selector":null,"operator":"Contains","negateCondition":false,"matchValue":["foo","boo"],"transforms":[]}]}]},"managedRules":{"managedRuleSets":[]},"frontendEndpointLinks":[],"routingRuleLinks":[],"securityPolicyLinks":[]}}'
    headers:
      cache-control:
      - no-cache
      content-length:
      - '1475'
      content-type:
      - application/json; odata.metadata=minimal; odata.streaming=true
      date:
      - Tue, 30 Mar 2021 03:47:57 GMT
      expires:
      - '-1'
      odata-version:
      - '4.0'
      pragma:
      - no-cache
      server:
      - Kestrel
      strict-transport-security:
      - max-age=31536000; includeSubDomains
      transfer-encoding:
      - chunked
      vary:
      - Accept-Encoding
      x-content-type-options:
      - nosniff
      x-ms-ratelimit-remaining-subscription-writes:
      - '1196'
    status:
      code: 200
      message: OK
- request:
    body: null
    headers:
      Accept:
      - application/json
      Accept-Encoding:
      - gzip, deflate
      CommandName:
      - network front-door waf-policy rule show
      Connection:
      - keep-alive
      ParameterSetName:
      - -g --policy-name -n
      User-Agent:
      - python/3.7.9 (Windows-10-10.0.19041-SP0) msrest/0.6.21 msrest_azure/0.6.3
        azure-mgmt-frontdoor/0.3.0 Azure-SDK-For-Python AZURECLI/2.21.0
      accept-language:
      - en-US
    method: GET
    uri: https://management.azure.com/subscriptions/00000000-0000-0000-0000-000000000000/resourceGroups/clitest.rg000001/providers/Microsoft.Network/FrontDoorWebApplicationFirewallPolicies/cli000002?api-version=2020-11-01
  response:
    body:
      string: '{"name":"cli000002","id":"/subscriptions/00000000-0000-0000-0000-000000000000/resourcegroups/clitest.rg000001/providers/Microsoft.Network/frontdoorwebapplicationfirewallpolicies/cli000002","type":"Microsoft.Network/frontdoorwebapplicationfirewallpolicies","location":"Global","tags":{},"sku":{"name":"Classic_AzureFrontDoor"},"properties":{"resourceState":"Enabled","provisioningState":"Succeeded","policySettings":{"enabledState":"Enabled","mode":"Prevention","redirectUrl":null,"customBlockResponseStatusCode":null,"customBlockResponseBody":null,"requestBodyCheck":"Disabled"},"customRules":{"rules":[{"name":"cli000003","enabledState":"Enabled","priority":45,"ruleType":"RateLimitRule","rateLimitDurationInMinutes":5,"rateLimitThreshold":10000,"action":"Block","matchConditions":[{"matchVariable":"RequestHeader","selector":"value","operator":"Contains","negateCondition":false,"matchValue":["foo","boo"],"transforms":[]}]},{"name":"cli000006","enabledState":"Enabled","priority":40,"ruleType":"MatchRule","rateLimitDurationInMinutes":null,"rateLimitThreshold":null,"action":"Log","matchConditions":[{"matchVariable":"RequestUri","selector":null,"operator":"Contains","negateCondition":false,"matchValue":["foo","boo"],"transforms":[]}]}]},"managedRules":{"managedRuleSets":[]},"frontendEndpointLinks":[],"routingRuleLinks":[],"securityPolicyLinks":[]}}'
    headers:
      cache-control:
      - no-cache
      content-length:
      - '1475'
      content-type:
      - application/json; odata.metadata=minimal; odata.streaming=true
      date:
      - Tue, 30 Mar 2021 03:47:58 GMT
      expires:
      - '-1'
      odata-version:
      - '4.0'
      pragma:
      - no-cache
      server:
      - Kestrel
      strict-transport-security:
      - max-age=31536000; includeSubDomains
      transfer-encoding:
      - chunked
      vary:
      - Accept-Encoding
      x-content-type-options:
      - nosniff
    status:
      code: 200
      message: OK
- request:
    body: null
    headers:
      Accept:
      - application/json
      Accept-Encoding:
      - gzip, deflate
      CommandName:
      - network front-door waf-policy rule list
      Connection:
      - keep-alive
      ParameterSetName:
      - -g --policy-name
      User-Agent:
      - python/3.7.9 (Windows-10-10.0.19041-SP0) msrest/0.6.21 msrest_azure/0.6.3
        azure-mgmt-frontdoor/0.3.0 Azure-SDK-For-Python AZURECLI/2.21.0
      accept-language:
      - en-US
    method: GET
    uri: https://management.azure.com/subscriptions/00000000-0000-0000-0000-000000000000/resourceGroups/clitest.rg000001/providers/Microsoft.Network/FrontDoorWebApplicationFirewallPolicies/cli000002?api-version=2020-11-01
  response:
    body:
      string: '{"name":"cli000002","id":"/subscriptions/00000000-0000-0000-0000-000000000000/resourcegroups/clitest.rg000001/providers/Microsoft.Network/frontdoorwebapplicationfirewallpolicies/cli000002","type":"Microsoft.Network/frontdoorwebapplicationfirewallpolicies","location":"Global","tags":{},"sku":{"name":"Classic_AzureFrontDoor"},"properties":{"resourceState":"Enabled","provisioningState":"Succeeded","policySettings":{"enabledState":"Enabled","mode":"Prevention","redirectUrl":null,"customBlockResponseStatusCode":null,"customBlockResponseBody":null,"requestBodyCheck":"Disabled"},"customRules":{"rules":[{"name":"cli000003","enabledState":"Enabled","priority":45,"ruleType":"RateLimitRule","rateLimitDurationInMinutes":5,"rateLimitThreshold":10000,"action":"Block","matchConditions":[{"matchVariable":"RequestHeader","selector":"value","operator":"Contains","negateCondition":false,"matchValue":["foo","boo"],"transforms":[]}]},{"name":"cli000006","enabledState":"Enabled","priority":40,"ruleType":"MatchRule","rateLimitDurationInMinutes":null,"rateLimitThreshold":null,"action":"Log","matchConditions":[{"matchVariable":"RequestUri","selector":null,"operator":"Contains","negateCondition":false,"matchValue":["foo","boo"],"transforms":[]}]}]},"managedRules":{"managedRuleSets":[]},"frontendEndpointLinks":[],"routingRuleLinks":[],"securityPolicyLinks":[]}}'
    headers:
      cache-control:
      - no-cache
      content-length:
      - '1475'
      content-type:
      - application/json; odata.metadata=minimal; odata.streaming=true
      date:
      - Tue, 30 Mar 2021 03:47:59 GMT
      expires:
      - '-1'
      odata-version:
      - '4.0'
      pragma:
      - no-cache
      server:
      - Kestrel
      strict-transport-security:
      - max-age=31536000; includeSubDomains
      transfer-encoding:
      - chunked
      vary:
      - Accept-Encoding
      x-content-type-options:
      - nosniff
    status:
      code: 200
      message: OK
version: 1
