interactions:
- request:
    body: null
    headers:
      Accept:
      - application/json
      Accept-Encoding:
      - gzip, deflate
      CommandName:
      - network firewall create
      Connection:
      - keep-alive
      ParameterSetName:
      - -g -n --private-ranges
      User-Agent:
      - AZURECLI/2.47.0 azsdk-python-azure-mgmt-resource/22.0.0 Python/3.9.5 (Windows-10-10.0.22621-SP0)
    method: GET
    uri: https://management.azure.com/subscriptions/00000000-0000-0000-0000-000000000000/resourcegroups/cli_test_azure_firewall_threat_intel_allowlist000001?api-version=2022-09-01
  response:
    body:
      string: '{"id":"/subscriptions/00000000-0000-0000-0000-000000000000/resourceGroups/cli_test_azure_firewall_threat_intel_allowlist000001","name":"cli_test_azure_firewall_threat_intel_allowlist000001","type":"Microsoft.Resources/resourceGroups","location":"westus","tags":{"product":"azurecli","cause":"automation","date":"2023-04-06T06:40:40Z"},"properties":{"provisioningState":"Succeeded"}}'
    headers:
      cache-control:
      - no-cache
      content-length:
      - '382'
      content-type:
      - application/json; charset=utf-8
      date:
      - Thu, 06 Apr 2023 06:40:42 GMT
      expires:
      - '-1'
      pragma:
      - no-cache
      strict-transport-security:
      - max-age=31536000; includeSubDomains
      vary:
      - Accept-Encoding
      x-content-type-options:
      - nosniff
    status:
      code: 200
      message: OK
- request:
    body: '{"location": "westus", "properties": {"additionalProperties": {"Network.SNAT.PrivateRanges":
      "10.0.0.0, 10.0.0.0/24, IANAPrivateRanges"}, "sku": {"tier": "Standard"}}}'
    headers:
      Accept:
      - application/json
      Accept-Encoding:
      - gzip, deflate
      CommandName:
      - network firewall create
      Connection:
      - keep-alive
      Content-Length:
      - '167'
      Content-Type:
      - application/json
      ParameterSetName:
      - -g -n --private-ranges
      User-Agent:
      - AZURECLI/2.47.0 (AAZ) azsdk-python-core/1.24.0 Python/3.9.5 (Windows-10-10.0.22621-SP0)
    method: PUT
    uri: https://management.azure.com/subscriptions/00000000-0000-0000-0000-000000000000/resourceGroups/cli_test_azure_firewall_threat_intel_allowlist000001/providers/Microsoft.Network/azureFirewalls/af1?api-version=2022-01-01
  response:
    body:
      string: "{\r\n  \"name\": \"af1\",\r\n  \"id\": \"/subscriptions/00000000-0000-0000-0000-000000000000/resourceGroups/cli_test_azure_firewall_threat_intel_allowlist000001/providers/Microsoft.Network/azureFirewalls/af1\",\r\n
        \ \"etag\": \"W/\\\"5854a8eb-74e2-477b-896e-128ce35f91ed\\\"\",\r\n  \"type\":
        \"Microsoft.Network/azureFirewalls\",\r\n  \"location\": \"westus\",\r\n  \"properties\":
        {\r\n    \"provisioningState\": \"Updating\",\r\n    \"sku\": {\r\n      \"name\":
        \"AZFW_VNet\",\r\n      \"tier\": \"Standard\"\r\n    },\r\n    \"threatIntelMode\":
        \"Alert\",\r\n    \"additionalProperties\": {\r\n      \"Network.SNAT.PrivateRanges\":
        \"10.0.0.0, 10.0.0.0/24, IANAPrivateRanges\"\r\n    },\r\n    \"ipConfigurations\":
        [],\r\n    \"networkRuleCollections\": [],\r\n    \"applicationRuleCollections\":
        [],\r\n    \"natRuleCollections\": []\r\n  }\r\n}"
    headers:
      azure-asyncnotification:
      - Enabled
      azure-asyncoperation:
      - https://management.azure.com/subscriptions/00000000-0000-0000-0000-000000000000/providers/Microsoft.Network/locations/westus/operations/2b11f3a3-4f1b-4c99-8aa3-960da7e14ed0?api-version=2022-01-01
      cache-control:
      - no-cache
      content-length:
      - '753'
      content-type:
      - application/json; charset=utf-8
      date:
      - Thu, 06 Apr 2023 06:40:47 GMT
      expires:
      - '-1'
      pragma:
      - no-cache
      server:
      - Microsoft-HTTPAPI/2.0
      - Microsoft-HTTPAPI/2.0
      strict-transport-security:
      - max-age=31536000; includeSubDomains
      x-content-type-options:
      - nosniff
      x-ms-arm-service-request-id:
      - aefd053e-a9bf-4065-a598-d24ad728a417
      x-ms-ratelimit-remaining-subscription-writes:
      - '1198'
    status:
      code: 201
      message: Created
- request:
    body: null
    headers:
      Accept:
      - '*/*'
      Accept-Encoding:
      - gzip, deflate
      CommandName:
      - network firewall create
      Connection:
      - keep-alive
      ParameterSetName:
      - -g -n --private-ranges
      User-Agent:
      - AZURECLI/2.47.0 (AAZ) azsdk-python-core/1.24.0 Python/3.9.5 (Windows-10-10.0.22621-SP0)
    method: GET
    uri: https://management.azure.com/subscriptions/00000000-0000-0000-0000-000000000000/providers/Microsoft.Network/locations/westus/operations/2b11f3a3-4f1b-4c99-8aa3-960da7e14ed0?api-version=2022-01-01
  response:
    body:
      string: "{\r\n  \"status\": \"Succeeded\"\r\n}"
    headers:
      cache-control:
      - no-cache
      content-length:
      - '29'
      content-type:
      - application/json; charset=utf-8
      date:
      - Thu, 06 Apr 2023 06:40:58 GMT
      expires:
      - '-1'
      pragma:
      - no-cache
      server:
      - Microsoft-HTTPAPI/2.0
      - Microsoft-HTTPAPI/2.0
      strict-transport-security:
      - max-age=31536000; includeSubDomains
      transfer-encoding:
      - chunked
      vary:
      - Accept-Encoding
      x-content-type-options:
      - nosniff
      x-ms-arm-service-request-id:
      - 377cde80-07ab-4124-9066-e6fb8a16f878
    status:
      code: 200
      message: OK
- request:
    body: null
    headers:
      Accept:
      - '*/*'
      Accept-Encoding:
      - gzip, deflate
      CommandName:
      - network firewall create
      Connection:
      - keep-alive
      ParameterSetName:
      - -g -n --private-ranges
      User-Agent:
      - AZURECLI/2.47.0 (AAZ) azsdk-python-core/1.24.0 Python/3.9.5 (Windows-10-10.0.22621-SP0)
    method: GET
    uri: https://management.azure.com/subscriptions/00000000-0000-0000-0000-000000000000/resourceGroups/cli_test_azure_firewall_threat_intel_allowlist000001/providers/Microsoft.Network/azureFirewalls/af1?api-version=2022-01-01
  response:
    body:
      string: "{\r\n  \"name\": \"af1\",\r\n  \"id\": \"/subscriptions/00000000-0000-0000-0000-000000000000/resourceGroups/cli_test_azure_firewall_threat_intel_allowlist000001/providers/Microsoft.Network/azureFirewalls/af1\",\r\n
        \ \"etag\": \"W/\\\"d4355dbb-3f09-40ff-b6cb-8b7cd73c88e3\\\"\",\r\n  \"type\":
        \"Microsoft.Network/azureFirewalls\",\r\n  \"location\": \"westus\",\r\n  \"properties\":
        {\r\n    \"provisioningState\": \"Succeeded\",\r\n    \"sku\": {\r\n      \"name\":
        \"AZFW_VNet\",\r\n      \"tier\": \"Standard\"\r\n    },\r\n    \"threatIntelMode\":
        \"Alert\",\r\n    \"additionalProperties\": {\r\n      \"Network.SNAT.PrivateRanges\":
        \"10.0.0.0, 10.0.0.0/24, IANAPrivateRanges\"\r\n    },\r\n    \"ipConfigurations\":
        [],\r\n    \"networkRuleCollections\": [],\r\n    \"applicationRuleCollections\":
        [],\r\n    \"natRuleCollections\": []\r\n  }\r\n}"
    headers:
      cache-control:
      - no-cache
      content-length:
      - '754'
      content-type:
      - application/json; charset=utf-8
      date:
      - Thu, 06 Apr 2023 06:40:59 GMT
      etag:
      - W/"d4355dbb-3f09-40ff-b6cb-8b7cd73c88e3"
      expires:
      - '-1'
      pragma:
      - no-cache
      server:
      - Microsoft-HTTPAPI/2.0
      - Microsoft-HTTPAPI/2.0
      strict-transport-security:
      - max-age=31536000; includeSubDomains
      transfer-encoding:
      - chunked
      vary:
      - Accept-Encoding
      x-content-type-options:
      - nosniff
      x-ms-arm-service-request-id:
      - 9f13143f-611e-41bc-9349-d91f4a4e1a47
    status:
      code: 200
      message: OK
- request:
    body: null
    headers:
      Accept:
      - application/json
      Accept-Encoding:
      - gzip, deflate
      CommandName:
      - network firewall threat-intel-allowlist create
      Connection:
      - keep-alive
      ParameterSetName:
      - -g -n --ip-addresses --fqdns
      User-Agent:
      - AZURECLI/2.47.0 azsdk-python-azure-mgmt-network/19.3.0 Python/3.9.5 (Windows-10-10.0.22621-SP0)
    method: GET
    uri: https://management.azure.com/subscriptions/00000000-0000-0000-0000-000000000000/resourceGroups/cli_test_azure_firewall_threat_intel_allowlist000001/providers/Microsoft.Network/azureFirewalls/af1?api-version=2021-08-01
  response:
    body:
      string: "{\r\n  \"name\": \"af1\",\r\n  \"id\": \"/subscriptions/00000000-0000-0000-0000-000000000000/resourceGroups/cli_test_azure_firewall_threat_intel_allowlist000001/providers/Microsoft.Network/azureFirewalls/af1\",\r\n
        \ \"etag\": \"W/\\\"d4355dbb-3f09-40ff-b6cb-8b7cd73c88e3\\\"\",\r\n  \"type\":
        \"Microsoft.Network/azureFirewalls\",\r\n  \"location\": \"westus\",\r\n  \"properties\":
        {\r\n    \"provisioningState\": \"Succeeded\",\r\n    \"sku\": {\r\n      \"name\":
        \"AZFW_VNet\",\r\n      \"tier\": \"Standard\"\r\n    },\r\n    \"threatIntelMode\":
        \"Alert\",\r\n    \"additionalProperties\": {\r\n      \"Network.SNAT.PrivateRanges\":
        \"10.0.0.0, 10.0.0.0/24, IANAPrivateRanges\"\r\n    },\r\n    \"ipConfigurations\":
        [],\r\n    \"networkRuleCollections\": [],\r\n    \"applicationRuleCollections\":
        [],\r\n    \"natRuleCollections\": []\r\n  }\r\n}"
    headers:
      cache-control:
      - no-cache
      content-length:
      - '754'
      content-type:
      - application/json; charset=utf-8
      date:
      - Thu, 06 Apr 2023 06:41:01 GMT
      etag:
      - W/"d4355dbb-3f09-40ff-b6cb-8b7cd73c88e3"
      expires:
      - '-1'
      pragma:
      - no-cache
      server:
      - Microsoft-HTTPAPI/2.0
      - Microsoft-HTTPAPI/2.0
      strict-transport-security:
      - max-age=31536000; includeSubDomains
      transfer-encoding:
      - chunked
      vary:
      - Accept-Encoding
      x-content-type-options:
      - nosniff
      x-ms-arm-service-request-id:
      - ca4d55d6-3353-450f-be82-33c014aabd72
    status:
      code: 200
      message: OK
- request:
    body: '{"id": "/subscriptions/00000000-0000-0000-0000-000000000000/resourceGroups/cli_test_azure_firewall_threat_intel_allowlist000001/providers/Microsoft.Network/azureFirewalls/af1",
      "location": "westus", "properties": {"applicationRuleCollections": [], "natRuleCollections":
      [], "networkRuleCollections": [], "ipConfigurations": [], "threatIntelMode":
      "Alert", "sku": {"name": "AZFW_VNet", "tier": "Standard"}, "additionalProperties":
      {"Network.SNAT.PrivateRanges": "10.0.0.0, 10.0.0.0/24, IANAPrivateRanges", "ThreatIntel.Whitelist.IpAddresses":
      "10.0.0.0, 10.0.0.1", "ThreatIntel.Whitelist.FQDNs": "www.bing.com, *.microsoft.com,
      *google.com"}}}'
    headers:
      Accept:
      - application/json
      Accept-Encoding:
      - gzip, deflate
      CommandName:
      - network firewall threat-intel-allowlist create
      Connection:
      - keep-alive
      Content-Length:
      - '642'
      Content-Type:
      - application/json
      ParameterSetName:
      - -g -n --ip-addresses --fqdns
      User-Agent:
      - AZURECLI/2.47.0 azsdk-python-azure-mgmt-network/19.3.0 Python/3.9.5 (Windows-10-10.0.22621-SP0)
    method: PUT
    uri: https://management.azure.com/subscriptions/00000000-0000-0000-0000-000000000000/resourceGroups/cli_test_azure_firewall_threat_intel_allowlist000001/providers/Microsoft.Network/azureFirewalls/af1?api-version=2021-08-01
  response:
    body:
      string: "{\r\n  \"name\": \"af1\",\r\n  \"id\": \"/subscriptions/00000000-0000-0000-0000-000000000000/resourceGroups/cli_test_azure_firewall_threat_intel_allowlist000001/providers/Microsoft.Network/azureFirewalls/af1\",\r\n
        \ \"etag\": \"W/\\\"00dda5b2-105c-48c8-9e92-6cd836dee961\\\"\",\r\n  \"type\":
        \"Microsoft.Network/azureFirewalls\",\r\n  \"location\": \"westus\",\r\n  \"properties\":
        {\r\n    \"provisioningState\": \"Updating\",\r\n    \"sku\": {\r\n      \"name\":
        \"AZFW_VNet\",\r\n      \"tier\": \"Standard\"\r\n    },\r\n    \"threatIntelMode\":
        \"Alert\",\r\n    \"additionalProperties\": {\r\n      \"Network.SNAT.PrivateRanges\":
        \"10.0.0.0, 10.0.0.0/24, IANAPrivateRanges\",\r\n      \"ThreatIntel.Whitelist.IpAddresses\":
        \"10.0.0.0, 10.0.0.1\",\r\n      \"ThreatIntel.Whitelist.FQDNs\": \"www.bing.com,
        *.microsoft.com, *google.com\"\r\n    },\r\n    \"ipConfigurations\": [],\r\n
        \   \"networkRuleCollections\": [],\r\n    \"applicationRuleCollections\":
        [],\r\n    \"natRuleCollections\": []\r\n  }\r\n}"
    headers:
      azure-asyncnotification:
      - Enabled
      azure-asyncoperation:
      - https://management.azure.com/subscriptions/00000000-0000-0000-0000-000000000000/providers/Microsoft.Network/locations/westus/operations/2108fa20-7659-4172-bf85-474dbc7d359d?api-version=2021-08-01
      cache-control:
      - no-cache
      content-length:
      - '903'
      content-type:
      - application/json; charset=utf-8
      date:
      - Thu, 06 Apr 2023 06:41:01 GMT
      expires:
      - '-1'
      pragma:
      - no-cache
      server:
      - Microsoft-HTTPAPI/2.0
      - Microsoft-HTTPAPI/2.0
      strict-transport-security:
      - max-age=31536000; includeSubDomains
      transfer-encoding:
      - chunked
      vary:
      - Accept-Encoding
      x-content-type-options:
      - nosniff
      x-ms-arm-service-request-id:
      - 8ee33a2a-31f8-450c-9d59-ec74a9e74dfc
      x-ms-ratelimit-remaining-subscription-writes:
      - '1199'
    status:
      code: 200
      message: OK
- request:
    body: null
    headers:
      Accept:
      - '*/*'
      Accept-Encoding:
      - gzip, deflate
      CommandName:
      - network firewall threat-intel-allowlist create
      Connection:
      - keep-alive
      ParameterSetName:
      - -g -n --ip-addresses --fqdns
      User-Agent:
      - AZURECLI/2.47.0 azsdk-python-azure-mgmt-network/19.3.0 Python/3.9.5 (Windows-10-10.0.22621-SP0)
    method: GET
    uri: https://management.azure.com/subscriptions/00000000-0000-0000-0000-000000000000/providers/Microsoft.Network/locations/westus/operations/2108fa20-7659-4172-bf85-474dbc7d359d?api-version=2021-08-01
  response:
    body:
      string: "{\r\n  \"status\": \"Succeeded\"\r\n}"
    headers:
      cache-control:
      - no-cache
      content-length:
      - '29'
      content-type:
      - application/json; charset=utf-8
      date:
      - Thu, 06 Apr 2023 06:41:13 GMT
      expires:
      - '-1'
      pragma:
      - no-cache
      server:
      - Microsoft-HTTPAPI/2.0
      - Microsoft-HTTPAPI/2.0
      strict-transport-security:
      - max-age=31536000; includeSubDomains
      transfer-encoding:
      - chunked
      vary:
      - Accept-Encoding
      x-content-type-options:
      - nosniff
      x-ms-arm-service-request-id:
      - 5b98c0b1-6d23-48b8-ac49-04764d06ee95
    status:
      code: 200
      message: OK
- request:
    body: null
    headers:
      Accept:
      - '*/*'
      Accept-Encoding:
      - gzip, deflate
      CommandName:
      - network firewall threat-intel-allowlist create
      Connection:
      - keep-alive
      ParameterSetName:
      - -g -n --ip-addresses --fqdns
      User-Agent:
      - AZURECLI/2.47.0 azsdk-python-azure-mgmt-network/19.3.0 Python/3.9.5 (Windows-10-10.0.22621-SP0)
    method: GET
    uri: https://management.azure.com/subscriptions/00000000-0000-0000-0000-000000000000/resourceGroups/cli_test_azure_firewall_threat_intel_allowlist000001/providers/Microsoft.Network/azureFirewalls/af1?api-version=2021-08-01
  response:
    body:
      string: "{\r\n  \"name\": \"af1\",\r\n  \"id\": \"/subscriptions/00000000-0000-0000-0000-000000000000/resourceGroups/cli_test_azure_firewall_threat_intel_allowlist000001/providers/Microsoft.Network/azureFirewalls/af1\",\r\n
        \ \"etag\": \"W/\\\"c4b65e6d-759b-4c23-b7bd-833916044391\\\"\",\r\n  \"type\":
        \"Microsoft.Network/azureFirewalls\",\r\n  \"location\": \"westus\",\r\n  \"properties\":
        {\r\n    \"provisioningState\": \"Succeeded\",\r\n    \"sku\": {\r\n      \"name\":
        \"AZFW_VNet\",\r\n      \"tier\": \"Standard\"\r\n    },\r\n    \"threatIntelMode\":
        \"Alert\",\r\n    \"additionalProperties\": {\r\n      \"Network.SNAT.PrivateRanges\":
        \"10.0.0.0, 10.0.0.0/24, IANAPrivateRanges\",\r\n      \"ThreatIntel.Whitelist.IpAddresses\":
        \"10.0.0.0, 10.0.0.1\",\r\n      \"ThreatIntel.Whitelist.FQDNs\": \"www.bing.com,
        *.microsoft.com, *google.com\"\r\n    },\r\n    \"ipConfigurations\": [],\r\n
        \   \"networkRuleCollections\": [],\r\n    \"applicationRuleCollections\":
        [],\r\n    \"natRuleCollections\": []\r\n  }\r\n}"
    headers:
      cache-control:
      - no-cache
      content-length:
      - '904'
      content-type:
      - application/json; charset=utf-8
      date:
      - Thu, 06 Apr 2023 06:41:13 GMT
      etag:
      - W/"c4b65e6d-759b-4c23-b7bd-833916044391"
      expires:
      - '-1'
      pragma:
      - no-cache
      server:
      - Microsoft-HTTPAPI/2.0
      - Microsoft-HTTPAPI/2.0
      strict-transport-security:
      - max-age=31536000; includeSubDomains
      transfer-encoding:
      - chunked
      vary:
      - Accept-Encoding
      x-content-type-options:
      - nosniff
      x-ms-arm-service-request-id:
      - 42ece8cb-88c6-4271-83cb-93814607cb8a
    status:
      code: 200
      message: OK
- request:
    body: null
    headers:
      Accept:
      - application/json
      Accept-Encoding:
      - gzip, deflate
      CommandName:
      - network firewall threat-intel-allowlist show
      Connection:
      - keep-alive
      ParameterSetName:
      - -g -n
      User-Agent:
      - AZURECLI/2.47.0 azsdk-python-azure-mgmt-network/19.3.0 Python/3.9.5 (Windows-10-10.0.22621-SP0)
    method: GET
    uri: https://management.azure.com/subscriptions/00000000-0000-0000-0000-000000000000/resourceGroups/cli_test_azure_firewall_threat_intel_allowlist000001/providers/Microsoft.Network/azureFirewalls/af1?api-version=2021-08-01
  response:
    body:
      string: "{\r\n  \"name\": \"af1\",\r\n  \"id\": \"/subscriptions/00000000-0000-0000-0000-000000000000/resourceGroups/cli_test_azure_firewall_threat_intel_allowlist000001/providers/Microsoft.Network/azureFirewalls/af1\",\r\n
        \ \"etag\": \"W/\\\"c4b65e6d-759b-4c23-b7bd-833916044391\\\"\",\r\n  \"type\":
        \"Microsoft.Network/azureFirewalls\",\r\n  \"location\": \"westus\",\r\n  \"properties\":
        {\r\n    \"provisioningState\": \"Succeeded\",\r\n    \"sku\": {\r\n      \"name\":
        \"AZFW_VNet\",\r\n      \"tier\": \"Standard\"\r\n    },\r\n    \"threatIntelMode\":
        \"Alert\",\r\n    \"additionalProperties\": {\r\n      \"Network.SNAT.PrivateRanges\":
        \"10.0.0.0, 10.0.0.0/24, IANAPrivateRanges\",\r\n      \"ThreatIntel.Whitelist.IpAddresses\":
        \"10.0.0.0, 10.0.0.1\",\r\n      \"ThreatIntel.Whitelist.FQDNs\": \"www.bing.com,
        *.microsoft.com, *google.com\"\r\n    },\r\n    \"ipConfigurations\": [],\r\n
        \   \"networkRuleCollections\": [],\r\n    \"applicationRuleCollections\":
        [],\r\n    \"natRuleCollections\": []\r\n  }\r\n}"
    headers:
      cache-control:
      - no-cache
      content-length:
      - '904'
      content-type:
      - application/json; charset=utf-8
      date:
      - Thu, 06 Apr 2023 06:41:14 GMT
      etag:
      - W/"c4b65e6d-759b-4c23-b7bd-833916044391"
      expires:
      - '-1'
      pragma:
      - no-cache
      server:
      - Microsoft-HTTPAPI/2.0
      - Microsoft-HTTPAPI/2.0
      strict-transport-security:
      - max-age=31536000; includeSubDomains
      transfer-encoding:
      - chunked
      vary:
      - Accept-Encoding
      x-content-type-options:
      - nosniff
      x-ms-arm-service-request-id:
      - 25647960-2a9c-490c-b0f3-ec121029808b
    status:
      code: 200
      message: OK
- request:
    body: null
    headers:
      Accept:
      - application/json
      Accept-Encoding:
      - gzip, deflate
      CommandName:
      - network firewall threat-intel-allowlist update
      Connection:
      - keep-alive
      ParameterSetName:
      - -g -n --ip-addresses --fqdns
      User-Agent:
      - AZURECLI/2.47.0 azsdk-python-azure-mgmt-network/19.3.0 Python/3.9.5 (Windows-10-10.0.22621-SP0)
    method: GET
    uri: https://management.azure.com/subscriptions/00000000-0000-0000-0000-000000000000/resourceGroups/cli_test_azure_firewall_threat_intel_allowlist000001/providers/Microsoft.Network/azureFirewalls/af1?api-version=2021-08-01
  response:
    body:
      string: "{\r\n  \"name\": \"af1\",\r\n  \"id\": \"/subscriptions/00000000-0000-0000-0000-000000000000/resourceGroups/cli_test_azure_firewall_threat_intel_allowlist000001/providers/Microsoft.Network/azureFirewalls/af1\",\r\n
        \ \"etag\": \"W/\\\"c4b65e6d-759b-4c23-b7bd-833916044391\\\"\",\r\n  \"type\":
        \"Microsoft.Network/azureFirewalls\",\r\n  \"location\": \"westus\",\r\n  \"properties\":
        {\r\n    \"provisioningState\": \"Succeeded\",\r\n    \"sku\": {\r\n      \"name\":
        \"AZFW_VNet\",\r\n      \"tier\": \"Standard\"\r\n    },\r\n    \"threatIntelMode\":
        \"Alert\",\r\n    \"additionalProperties\": {\r\n      \"Network.SNAT.PrivateRanges\":
        \"10.0.0.0, 10.0.0.0/24, IANAPrivateRanges\",\r\n      \"ThreatIntel.Whitelist.IpAddresses\":
        \"10.0.0.0, 10.0.0.1\",\r\n      \"ThreatIntel.Whitelist.FQDNs\": \"www.bing.com,
        *.microsoft.com, *google.com\"\r\n    },\r\n    \"ipConfigurations\": [],\r\n
        \   \"networkRuleCollections\": [],\r\n    \"applicationRuleCollections\":
        [],\r\n    \"natRuleCollections\": []\r\n  }\r\n}"
    headers:
      cache-control:
      - no-cache
      content-length:
      - '904'
      content-type:
      - application/json; charset=utf-8
      date:
      - Thu, 06 Apr 2023 06:41:15 GMT
      etag:
      - W/"c4b65e6d-759b-4c23-b7bd-833916044391"
      expires:
      - '-1'
      pragma:
      - no-cache
      server:
      - Microsoft-HTTPAPI/2.0
      - Microsoft-HTTPAPI/2.0
      strict-transport-security:
      - max-age=31536000; includeSubDomains
      transfer-encoding:
      - chunked
      vary:
      - Accept-Encoding
      x-content-type-options:
      - nosniff
      x-ms-arm-service-request-id:
      - e23fbe47-2d05-4d2f-8d6f-76ac0334bb3e
    status:
      code: 200
      message: OK
- request:
    body: '{"id": "/subscriptions/00000000-0000-0000-0000-000000000000/resourceGroups/cli_test_azure_firewall_threat_intel_allowlist000001/providers/Microsoft.Network/azureFirewalls/af1",
      "location": "westus", "properties": {"applicationRuleCollections": [], "natRuleCollections":
      [], "networkRuleCollections": [], "ipConfigurations": [], "threatIntelMode":
      "Alert", "sku": {"name": "AZFW_VNet", "tier": "Standard"}, "additionalProperties":
      {"Network.SNAT.PrivateRanges": "10.0.0.0, 10.0.0.0/24, IANAPrivateRanges", "ThreatIntel.Whitelist.IpAddresses":
      "10.0.0.1, 10.0.0.0", "ThreatIntel.Whitelist.FQDNs": "*google.com, www.bing.com,
      *.microsoft.com"}}}'
    headers:
      Accept:
      - application/json
      Accept-Encoding:
      - gzip, deflate
      CommandName:
      - network firewall threat-intel-allowlist update
      Connection:
      - keep-alive
      Content-Length:
      - '642'
      Content-Type:
      - application/json
      ParameterSetName:
      - -g -n --ip-addresses --fqdns
      User-Agent:
      - AZURECLI/2.47.0 azsdk-python-azure-mgmt-network/19.3.0 Python/3.9.5 (Windows-10-10.0.22621-SP0)
    method: PUT
    uri: https://management.azure.com/subscriptions/00000000-0000-0000-0000-000000000000/resourceGroups/cli_test_azure_firewall_threat_intel_allowlist000001/providers/Microsoft.Network/azureFirewalls/af1?api-version=2021-08-01
  response:
    body:
      string: "{\r\n  \"name\": \"af1\",\r\n  \"id\": \"/subscriptions/00000000-0000-0000-0000-000000000000/resourceGroups/cli_test_azure_firewall_threat_intel_allowlist000001/providers/Microsoft.Network/azureFirewalls/af1\",\r\n
        \ \"etag\": \"W/\\\"6883a694-9805-43a2-b73d-d51c6c47d89c\\\"\",\r\n  \"type\":
        \"Microsoft.Network/azureFirewalls\",\r\n  \"location\": \"westus\",\r\n  \"properties\":
        {\r\n    \"provisioningState\": \"Updating\",\r\n    \"sku\": {\r\n      \"name\":
        \"AZFW_VNet\",\r\n      \"tier\": \"Standard\"\r\n    },\r\n    \"threatIntelMode\":
        \"Alert\",\r\n    \"additionalProperties\": {\r\n      \"Network.SNAT.PrivateRanges\":
        \"10.0.0.0, 10.0.0.0/24, IANAPrivateRanges\",\r\n      \"ThreatIntel.Whitelist.IpAddresses\":
        \"10.0.0.1, 10.0.0.0\",\r\n      \"ThreatIntel.Whitelist.FQDNs\": \"*google.com,
        www.bing.com, *.microsoft.com\"\r\n    },\r\n    \"ipConfigurations\": [],\r\n
        \   \"networkRuleCollections\": [],\r\n    \"applicationRuleCollections\":
        [],\r\n    \"natRuleCollections\": []\r\n  }\r\n}"
    headers:
      azure-asyncnotification:
      - Enabled
      azure-asyncoperation:
      - https://management.azure.com/subscriptions/00000000-0000-0000-0000-000000000000/providers/Microsoft.Network/locations/westus/operations/23282234-88eb-4012-8261-6c1d20b853db?api-version=2021-08-01
      cache-control:
      - no-cache
      content-length:
      - '903'
      content-type:
      - application/json; charset=utf-8
      date:
      - Thu, 06 Apr 2023 06:41:17 GMT
      expires:
      - '-1'
      pragma:
      - no-cache
      server:
      - Microsoft-HTTPAPI/2.0
      - Microsoft-HTTPAPI/2.0
      strict-transport-security:
      - max-age=31536000; includeSubDomains
      transfer-encoding:
      - chunked
      vary:
      - Accept-Encoding
      x-content-type-options:
      - nosniff
      x-ms-arm-service-request-id:
      - f85b6f3f-05d4-466d-bd5a-4d67800162de
      x-ms-ratelimit-remaining-subscription-writes:
      - '1199'
    status:
      code: 200
      message: OK
- request:
    body: null
    headers:
      Accept:
      - '*/*'
      Accept-Encoding:
      - gzip, deflate
      CommandName:
      - network firewall threat-intel-allowlist update
      Connection:
      - keep-alive
      ParameterSetName:
      - -g -n --ip-addresses --fqdns
      User-Agent:
      - AZURECLI/2.47.0 azsdk-python-azure-mgmt-network/19.3.0 Python/3.9.5 (Windows-10-10.0.22621-SP0)
    method: GET
    uri: https://management.azure.com/subscriptions/00000000-0000-0000-0000-000000000000/providers/Microsoft.Network/locations/westus/operations/23282234-88eb-4012-8261-6c1d20b853db?api-version=2021-08-01
  response:
    body:
      string: "{\r\n  \"status\": \"Succeeded\"\r\n}"
    headers:
      cache-control:
      - no-cache
      content-length:
      - '29'
      content-type:
      - application/json; charset=utf-8
      date:
      - Thu, 06 Apr 2023 06:41:27 GMT
      expires:
      - '-1'
      pragma:
      - no-cache
      server:
      - Microsoft-HTTPAPI/2.0
      - Microsoft-HTTPAPI/2.0
      strict-transport-security:
      - max-age=31536000; includeSubDomains
      transfer-encoding:
      - chunked
      vary:
      - Accept-Encoding
      x-content-type-options:
      - nosniff
      x-ms-arm-service-request-id:
      - 43049796-2851-4f62-8457-f667c177d9bb
    status:
      code: 200
      message: OK
- request:
    body: null
    headers:
      Accept:
      - '*/*'
      Accept-Encoding:
      - gzip, deflate
      CommandName:
      - network firewall threat-intel-allowlist update
      Connection:
      - keep-alive
      ParameterSetName:
      - -g -n --ip-addresses --fqdns
      User-Agent:
      - AZURECLI/2.47.0 azsdk-python-azure-mgmt-network/19.3.0 Python/3.9.5 (Windows-10-10.0.22621-SP0)
    method: GET
    uri: https://management.azure.com/subscriptions/00000000-0000-0000-0000-000000000000/resourceGroups/cli_test_azure_firewall_threat_intel_allowlist000001/providers/Microsoft.Network/azureFirewalls/af1?api-version=2021-08-01
  response:
    body:
      string: "{\r\n  \"name\": \"af1\",\r\n  \"id\": \"/subscriptions/00000000-0000-0000-0000-000000000000/resourceGroups/cli_test_azure_firewall_threat_intel_allowlist000001/providers/Microsoft.Network/azureFirewalls/af1\",\r\n
        \ \"etag\": \"W/\\\"bcac2b96-df4d-4f17-85c0-cd6fe4347bc3\\\"\",\r\n  \"type\":
        \"Microsoft.Network/azureFirewalls\",\r\n  \"location\": \"westus\",\r\n  \"properties\":
        {\r\n    \"provisioningState\": \"Succeeded\",\r\n    \"sku\": {\r\n      \"name\":
        \"AZFW_VNet\",\r\n      \"tier\": \"Standard\"\r\n    },\r\n    \"threatIntelMode\":
        \"Alert\",\r\n    \"additionalProperties\": {\r\n      \"Network.SNAT.PrivateRanges\":
        \"10.0.0.0, 10.0.0.0/24, IANAPrivateRanges\",\r\n      \"ThreatIntel.Whitelist.IpAddresses\":
        \"10.0.0.1, 10.0.0.0\",\r\n      \"ThreatIntel.Whitelist.FQDNs\": \"*google.com,
        www.bing.com, *.microsoft.com\"\r\n    },\r\n    \"ipConfigurations\": [],\r\n
        \   \"networkRuleCollections\": [],\r\n    \"applicationRuleCollections\":
        [],\r\n    \"natRuleCollections\": []\r\n  }\r\n}"
    headers:
      cache-control:
      - no-cache
      content-length:
      - '904'
      content-type:
      - application/json; charset=utf-8
      date:
      - Thu, 06 Apr 2023 06:41:28 GMT
      etag:
      - W/"bcac2b96-df4d-4f17-85c0-cd6fe4347bc3"
      expires:
      - '-1'
      pragma:
      - no-cache
      server:
      - Microsoft-HTTPAPI/2.0
      - Microsoft-HTTPAPI/2.0
      strict-transport-security:
      - max-age=31536000; includeSubDomains
      transfer-encoding:
      - chunked
      vary:
      - Accept-Encoding
      x-content-type-options:
      - nosniff
      x-ms-arm-service-request-id:
      - 5947ed7c-5867-4a20-83eb-9dcfa2636d7c
    status:
      code: 200
      message: OK
- request:
    body: null
    headers:
      Accept:
      - application/json
      Accept-Encoding:
      - gzip, deflate
      CommandName:
      - network firewall update
      Connection:
      - keep-alive
      ParameterSetName:
      - -g -n --private-ranges
      User-Agent:
      - AZURECLI/2.47.0 (AAZ) azsdk-python-core/1.24.0 Python/3.9.5 (Windows-10-10.0.22621-SP0)
    method: GET
    uri: https://management.azure.com/subscriptions/00000000-0000-0000-0000-000000000000/resourceGroups/cli_test_azure_firewall_threat_intel_allowlist000001/providers/Microsoft.Network/azureFirewalls/af1?api-version=2022-01-01
  response:
    body:
      string: "{\r\n  \"name\": \"af1\",\r\n  \"id\": \"/subscriptions/00000000-0000-0000-0000-000000000000/resourceGroups/cli_test_azure_firewall_threat_intel_allowlist000001/providers/Microsoft.Network/azureFirewalls/af1\",\r\n
        \ \"etag\": \"W/\\\"bcac2b96-df4d-4f17-85c0-cd6fe4347bc3\\\"\",\r\n  \"type\":
        \"Microsoft.Network/azureFirewalls\",\r\n  \"location\": \"westus\",\r\n  \"properties\":
        {\r\n    \"provisioningState\": \"Succeeded\",\r\n    \"sku\": {\r\n      \"name\":
        \"AZFW_VNet\",\r\n      \"tier\": \"Standard\"\r\n    },\r\n    \"threatIntelMode\":
        \"Alert\",\r\n    \"additionalProperties\": {\r\n      \"Network.SNAT.PrivateRanges\":
        \"10.0.0.0, 10.0.0.0/24, IANAPrivateRanges\",\r\n      \"ThreatIntel.Whitelist.IpAddresses\":
        \"10.0.0.1, 10.0.0.0\",\r\n      \"ThreatIntel.Whitelist.FQDNs\": \"*google.com,
        www.bing.com, *.microsoft.com\"\r\n    },\r\n    \"ipConfigurations\": [],\r\n
        \   \"networkRuleCollections\": [],\r\n    \"applicationRuleCollections\":
        [],\r\n    \"natRuleCollections\": []\r\n  }\r\n}"
    headers:
      cache-control:
      - no-cache
      content-length:
      - '904'
      content-type:
      - application/json; charset=utf-8
      date:
      - Thu, 06 Apr 2023 06:41:29 GMT
      etag:
      - W/"bcac2b96-df4d-4f17-85c0-cd6fe4347bc3"
      expires:
      - '-1'
      pragma:
      - no-cache
      server:
      - Microsoft-HTTPAPI/2.0
      - Microsoft-HTTPAPI/2.0
      strict-transport-security:
      - max-age=31536000; includeSubDomains
      transfer-encoding:
      - chunked
      vary:
      - Accept-Encoding
      x-content-type-options:
      - nosniff
      x-ms-arm-service-request-id:
      - aa720114-7622-4cd4-98c7-a05ff2161c88
    status:
      code: 200
      message: OK
- request:
    body: '{"id": "/subscriptions/00000000-0000-0000-0000-000000000000/resourceGroups/cli_test_azure_firewall_threat_intel_allowlist000001/providers/Microsoft.Network/azureFirewalls/af1",
      "location": "westus", "properties": {"additionalProperties": {"Network.SNAT.PrivateRanges":
      "IANAPrivateRanges, 10.0.0.1, 10.0.0.0/16"}, "applicationRuleCollections": [],
      "ipConfigurations": [], "natRuleCollections": [], "networkRuleCollections":
      [], "sku": {"name": "AZFW_VNet", "tier": "Standard"}, "threatIntelMode": "Alert"}}'
    headers:
      Accept:
      - application/json
      Accept-Encoding:
      - gzip, deflate
      CommandName:
      - network firewall update
      Connection:
      - keep-alive
      Content-Length:
      - '506'
      Content-Type:
      - application/json
      ParameterSetName:
      - -g -n --private-ranges
      User-Agent:
      - AZURECLI/2.47.0 (AAZ) azsdk-python-core/1.24.0 Python/3.9.5 (Windows-10-10.0.22621-SP0)
    method: PUT
    uri: https://management.azure.com/subscriptions/00000000-0000-0000-0000-000000000000/resourceGroups/cli_test_azure_firewall_threat_intel_allowlist000001/providers/Microsoft.Network/azureFirewalls/af1?api-version=2022-01-01
  response:
    body:
      string: "{\r\n  \"name\": \"af1\",\r\n  \"id\": \"/subscriptions/00000000-0000-0000-0000-000000000000/resourceGroups/cli_test_azure_firewall_threat_intel_allowlist000001/providers/Microsoft.Network/azureFirewalls/af1\",\r\n
        \ \"etag\": \"W/\\\"db291d17-d5e5-4242-8a7e-28d261f28beb\\\"\",\r\n  \"type\":
        \"Microsoft.Network/azureFirewalls\",\r\n  \"location\": \"westus\",\r\n  \"properties\":
        {\r\n    \"provisioningState\": \"Updating\",\r\n    \"sku\": {\r\n      \"name\":
        \"AZFW_VNet\",\r\n      \"tier\": \"Standard\"\r\n    },\r\n    \"threatIntelMode\":
        \"Alert\",\r\n    \"additionalProperties\": {\r\n      \"Network.SNAT.PrivateRanges\":
        \"IANAPrivateRanges, 10.0.0.1, 10.0.0.0/16\"\r\n    },\r\n    \"ipConfigurations\":
        [],\r\n    \"networkRuleCollections\": [],\r\n    \"applicationRuleCollections\":
        [],\r\n    \"natRuleCollections\": []\r\n  }\r\n}"
    headers:
      azure-asyncnotification:
      - Enabled
      azure-asyncoperation:
      - https://management.azure.com/subscriptions/00000000-0000-0000-0000-000000000000/providers/Microsoft.Network/locations/westus/operations/f12d2d01-eff9-4787-a129-fd06fcced0d1?api-version=2022-01-01
      cache-control:
      - no-cache
      content-length:
      - '753'
      content-type:
      - application/json; charset=utf-8
      date:
      - Thu, 06 Apr 2023 06:41:30 GMT
      expires:
      - '-1'
      pragma:
      - no-cache
      server:
      - Microsoft-HTTPAPI/2.0
      - Microsoft-HTTPAPI/2.0
      strict-transport-security:
      - max-age=31536000; includeSubDomains
      transfer-encoding:
      - chunked
      vary:
      - Accept-Encoding
      x-content-type-options:
      - nosniff
      x-ms-arm-service-request-id:
      - 81dcabda-ff44-4b31-b55b-72267a403113
      x-ms-ratelimit-remaining-subscription-writes:
      - '1199'
    status:
      code: 200
      message: OK
- request:
    body: null
    headers:
      Accept:
      - '*/*'
      Accept-Encoding:
      - gzip, deflate
      CommandName:
      - network firewall update
      Connection:
      - keep-alive
      ParameterSetName:
      - -g -n --private-ranges
      User-Agent:
      - AZURECLI/2.47.0 (AAZ) azsdk-python-core/1.24.0 Python/3.9.5 (Windows-10-10.0.22621-SP0)
    method: GET
    uri: https://management.azure.com/subscriptions/00000000-0000-0000-0000-000000000000/providers/Microsoft.Network/locations/westus/operations/f12d2d01-eff9-4787-a129-fd06fcced0d1?api-version=2022-01-01
  response:
    body:
      string: "{\r\n  \"status\": \"Succeeded\"\r\n}"
    headers:
      cache-control:
      - no-cache
      content-length:
      - '29'
      content-type:
      - application/json; charset=utf-8
      date:
      - Thu, 06 Apr 2023 06:41:41 GMT
      expires:
      - '-1'
      pragma:
      - no-cache
      server:
      - Microsoft-HTTPAPI/2.0
      - Microsoft-HTTPAPI/2.0
      strict-transport-security:
      - max-age=31536000; includeSubDomains
      transfer-encoding:
      - chunked
      vary:
      - Accept-Encoding
      x-content-type-options:
      - nosniff
      x-ms-arm-service-request-id:
      - 13d88d20-5c03-4c10-9ba9-ddc93c5df2a3
    status:
      code: 200
      message: OK
- request:
    body: null
    headers:
      Accept:
      - '*/*'
      Accept-Encoding:
      - gzip, deflate
      CommandName:
      - network firewall update
      Connection:
      - keep-alive
      ParameterSetName:
      - -g -n --private-ranges
      User-Agent:
      - AZURECLI/2.47.0 (AAZ) azsdk-python-core/1.24.0 Python/3.9.5 (Windows-10-10.0.22621-SP0)
    method: GET
    uri: https://management.azure.com/subscriptions/00000000-0000-0000-0000-000000000000/resourceGroups/cli_test_azure_firewall_threat_intel_allowlist000001/providers/Microsoft.Network/azureFirewalls/af1?api-version=2022-01-01
  response:
    body:
      string: "{\r\n  \"name\": \"af1\",\r\n  \"id\": \"/subscriptions/00000000-0000-0000-0000-000000000000/resourceGroups/cli_test_azure_firewall_threat_intel_allowlist000001/providers/Microsoft.Network/azureFirewalls/af1\",\r\n
        \ \"etag\": \"W/\\\"ac64c78e-4e44-4486-8ad3-12e48628bd44\\\"\",\r\n  \"type\":
        \"Microsoft.Network/azureFirewalls\",\r\n  \"location\": \"westus\",\r\n  \"properties\":
        {\r\n    \"provisioningState\": \"Succeeded\",\r\n    \"sku\": {\r\n      \"name\":
        \"AZFW_VNet\",\r\n      \"tier\": \"Standard\"\r\n    },\r\n    \"threatIntelMode\":
        \"Alert\",\r\n    \"additionalProperties\": {\r\n      \"Network.SNAT.PrivateRanges\":
        \"IANAPrivateRanges, 10.0.0.1, 10.0.0.0/16\"\r\n    },\r\n    \"ipConfigurations\":
        [],\r\n    \"networkRuleCollections\": [],\r\n    \"applicationRuleCollections\":
        [],\r\n    \"natRuleCollections\": []\r\n  }\r\n}"
    headers:
      cache-control:
      - no-cache
      content-length:
      - '754'
      content-type:
      - application/json; charset=utf-8
      date:
      - Thu, 06 Apr 2023 06:41:41 GMT
      etag:
      - W/"ac64c78e-4e44-4486-8ad3-12e48628bd44"
      expires:
      - '-1'
      pragma:
      - no-cache
      server:
      - Microsoft-HTTPAPI/2.0
      - Microsoft-HTTPAPI/2.0
      strict-transport-security:
      - max-age=31536000; includeSubDomains
      transfer-encoding:
      - chunked
      vary:
      - Accept-Encoding
      x-content-type-options:
      - nosniff
      x-ms-arm-service-request-id:
      - 06b68e15-2b22-432b-9a33-2118aede3149
    status:
      code: 200
      message: OK
- request:
    body: null
    headers:
      Accept:
      - application/json
      Accept-Encoding:
      - gzip, deflate
      CommandName:
      - network firewall threat-intel-allowlist delete
      Connection:
      - keep-alive
      ParameterSetName:
      - -g -n
      User-Agent:
      - AZURECLI/2.47.0 azsdk-python-azure-mgmt-network/19.3.0 Python/3.9.5 (Windows-10-10.0.22621-SP0)
    method: GET
    uri: https://management.azure.com/subscriptions/00000000-0000-0000-0000-000000000000/resourceGroups/cli_test_azure_firewall_threat_intel_allowlist000001/providers/Microsoft.Network/azureFirewalls/af1?api-version=2021-08-01
  response:
    body:
      string: "{\r\n  \"name\": \"af1\",\r\n  \"id\": \"/subscriptions/00000000-0000-0000-0000-000000000000/resourceGroups/cli_test_azure_firewall_threat_intel_allowlist000001/providers/Microsoft.Network/azureFirewalls/af1\",\r\n
        \ \"etag\": \"W/\\\"ac64c78e-4e44-4486-8ad3-12e48628bd44\\\"\",\r\n  \"type\":
        \"Microsoft.Network/azureFirewalls\",\r\n  \"location\": \"westus\",\r\n  \"properties\":
        {\r\n    \"provisioningState\": \"Succeeded\",\r\n    \"sku\": {\r\n      \"name\":
        \"AZFW_VNet\",\r\n      \"tier\": \"Standard\"\r\n    },\r\n    \"threatIntelMode\":
        \"Alert\",\r\n    \"additionalProperties\": {\r\n      \"Network.SNAT.PrivateRanges\":
        \"IANAPrivateRanges, 10.0.0.1, 10.0.0.0/16\"\r\n    },\r\n    \"ipConfigurations\":
        [],\r\n    \"networkRuleCollections\": [],\r\n    \"applicationRuleCollections\":
        [],\r\n    \"natRuleCollections\": []\r\n  }\r\n}"
    headers:
      cache-control:
      - no-cache
      content-length:
      - '754'
      content-type:
      - application/json; charset=utf-8
      date:
      - Thu, 06 Apr 2023 06:41:44 GMT
      etag:
      - W/"ac64c78e-4e44-4486-8ad3-12e48628bd44"
      expires:
      - '-1'
      pragma:
      - no-cache
      server:
      - Microsoft-HTTPAPI/2.0
      - Microsoft-HTTPAPI/2.0
      strict-transport-security:
      - max-age=31536000; includeSubDomains
      transfer-encoding:
      - chunked
      vary:
      - Accept-Encoding
      x-content-type-options:
      - nosniff
      x-ms-arm-service-request-id:
      - 0e9898e8-6242-4f60-8450-512384da921b
    status:
      code: 200
      message: OK
- request:
    body: '{"id": "/subscriptions/00000000-0000-0000-0000-000000000000/resourceGroups/cli_test_azure_firewall_threat_intel_allowlist000001/providers/Microsoft.Network/azureFirewalls/af1",
      "location": "westus", "properties": {"applicationRuleCollections": [], "natRuleCollections":
      [], "networkRuleCollections": [], "ipConfigurations": [], "threatIntelMode":
      "Alert", "sku": {"name": "AZFW_VNet", "tier": "Standard"}, "additionalProperties":
      {"Network.SNAT.PrivateRanges": "IANAPrivateRanges, 10.0.0.1, 10.0.0.0/16"}}}'
    headers:
      Accept:
      - application/json
      Accept-Encoding:
      - gzip, deflate
      CommandName:
      - network firewall threat-intel-allowlist delete
      Connection:
      - keep-alive
      Content-Length:
      - '506'
      Content-Type:
      - application/json
      ParameterSetName:
      - -g -n
      User-Agent:
      - AZURECLI/2.47.0 azsdk-python-azure-mgmt-network/19.3.0 Python/3.9.5 (Windows-10-10.0.22621-SP0)
    method: PUT
    uri: https://management.azure.com/subscriptions/00000000-0000-0000-0000-000000000000/resourceGroups/cli_test_azure_firewall_threat_intel_allowlist000001/providers/Microsoft.Network/azureFirewalls/af1?api-version=2021-08-01
  response:
    body:
      string: "{\r\n  \"name\": \"af1\",\r\n  \"id\": \"/subscriptions/00000000-0000-0000-0000-000000000000/resourceGroups/cli_test_azure_firewall_threat_intel_allowlist000001/providers/Microsoft.Network/azureFirewalls/af1\",\r\n
        \ \"etag\": \"W/\\\"ac64c78e-4e44-4486-8ad3-12e48628bd44\\\"\",\r\n  \"type\":
        \"Microsoft.Network/azureFirewalls\",\r\n  \"location\": \"westus\",\r\n  \"properties\":
        {\r\n    \"provisioningState\": \"Succeeded\",\r\n    \"sku\": {\r\n      \"name\":
        \"AZFW_VNet\",\r\n      \"tier\": \"Standard\"\r\n    },\r\n    \"threatIntelMode\":
        \"Alert\",\r\n    \"additionalProperties\": {\r\n      \"Network.SNAT.PrivateRanges\":
        \"IANAPrivateRanges, 10.0.0.1, 10.0.0.0/16\"\r\n    },\r\n    \"ipConfigurations\":
        [],\r\n    \"networkRuleCollections\": [],\r\n    \"applicationRuleCollections\":
        [],\r\n    \"natRuleCollections\": []\r\n  }\r\n}"
    headers:
      azure-asyncnotification:
      - Enabled
      azure-asyncoperation:
      - https://management.azure.com/subscriptions/00000000-0000-0000-0000-000000000000/providers/Microsoft.Network/locations/westus/operations/925a2268-1c04-4951-8c49-70bcdab458c2?api-version=2021-08-01
      cache-control:
      - no-cache
      content-length:
      - '754'
      content-type:
      - application/json; charset=utf-8
      date:
      - Thu, 06 Apr 2023 06:41:44 GMT
      expires:
      - '-1'
      pragma:
      - no-cache
      server:
      - Microsoft-HTTPAPI/2.0
      - Microsoft-HTTPAPI/2.0
      strict-transport-security:
      - max-age=31536000; includeSubDomains
      transfer-encoding:
      - chunked
      vary:
      - Accept-Encoding
      x-content-type-options:
      - nosniff
      x-ms-arm-service-request-id:
      - 898c1ad2-f0cc-4223-914e-06e7834b7426
      x-ms-ratelimit-remaining-subscription-writes:
      - '1198'
    status:
      code: 200
      message: OK
- request:
    body: null
    headers:
      Accept:
      - '*/*'
      Accept-Encoding:
      - gzip, deflate
      CommandName:
      - network firewall threat-intel-allowlist delete
      Connection:
      - keep-alive
      ParameterSetName:
      - -g -n
      User-Agent:
      - AZURECLI/2.47.0 azsdk-python-azure-mgmt-network/19.3.0 Python/3.9.5 (Windows-10-10.0.22621-SP0)
    method: GET
    uri: https://management.azure.com/subscriptions/00000000-0000-0000-0000-000000000000/providers/Microsoft.Network/locations/westus/operations/925a2268-1c04-4951-8c49-70bcdab458c2?api-version=2021-08-01
  response:
    body:
      string: "{\r\n  \"status\": \"Succeeded\"\r\n}"
    headers:
      cache-control:
      - no-cache
      content-length:
      - '29'
      content-type:
      - application/json; charset=utf-8
      date:
      - Thu, 06 Apr 2023 06:42:15 GMT
      expires:
      - '-1'
      pragma:
      - no-cache
      server:
      - Microsoft-HTTPAPI/2.0
      - Microsoft-HTTPAPI/2.0
      strict-transport-security:
      - max-age=31536000; includeSubDomains
      transfer-encoding:
      - chunked
      vary:
      - Accept-Encoding
      x-content-type-options:
      - nosniff
      x-ms-arm-service-request-id:
      - f2cadb33-976d-4a38-81a7-cea6745d36e5
    status:
      code: 200
      message: OK
- request:
    body: null
    headers:
      Accept:
      - '*/*'
      Accept-Encoding:
      - gzip, deflate
      CommandName:
      - network firewall threat-intel-allowlist delete
      Connection:
      - keep-alive
      ParameterSetName:
      - -g -n
      User-Agent:
      - AZURECLI/2.47.0 azsdk-python-azure-mgmt-network/19.3.0 Python/3.9.5 (Windows-10-10.0.22621-SP0)
    method: GET
    uri: https://management.azure.com/subscriptions/00000000-0000-0000-0000-000000000000/resourceGroups/cli_test_azure_firewall_threat_intel_allowlist000001/providers/Microsoft.Network/azureFirewalls/af1?api-version=2021-08-01
  response:
    body:
      string: "{\r\n  \"name\": \"af1\",\r\n  \"id\": \"/subscriptions/00000000-0000-0000-0000-000000000000/resourceGroups/cli_test_azure_firewall_threat_intel_allowlist000001/providers/Microsoft.Network/azureFirewalls/af1\",\r\n
        \ \"etag\": \"W/\\\"ac64c78e-4e44-4486-8ad3-12e48628bd44\\\"\",\r\n  \"type\":
        \"Microsoft.Network/azureFirewalls\",\r\n  \"location\": \"westus\",\r\n  \"properties\":
        {\r\n    \"provisioningState\": \"Succeeded\",\r\n    \"sku\": {\r\n      \"name\":
        \"AZFW_VNet\",\r\n      \"tier\": \"Standard\"\r\n    },\r\n    \"threatIntelMode\":
        \"Alert\",\r\n    \"additionalProperties\": {\r\n      \"Network.SNAT.PrivateRanges\":
        \"IANAPrivateRanges, 10.0.0.1, 10.0.0.0/16\"\r\n    },\r\n    \"ipConfigurations\":
        [],\r\n    \"networkRuleCollections\": [],\r\n    \"applicationRuleCollections\":
        [],\r\n    \"natRuleCollections\": []\r\n  }\r\n}"
    headers:
      cache-control:
      - no-cache
      content-length:
      - '754'
      content-type:
      - application/json; charset=utf-8
      date:
      - Thu, 06 Apr 2023 06:42:15 GMT
      etag:
      - W/"ac64c78e-4e44-4486-8ad3-12e48628bd44"
      expires:
      - '-1'
      pragma:
      - no-cache
      server:
      - Microsoft-HTTPAPI/2.0
      - Microsoft-HTTPAPI/2.0
      strict-transport-security:
      - max-age=31536000; includeSubDomains
      transfer-encoding:
      - chunked
      vary:
      - Accept-Encoding
      x-content-type-options:
      - nosniff
      x-ms-arm-service-request-id:
      - d89a926a-ce56-4d79-9e8f-cddc17a925eb
    status:
      code: 200
      message: OK
version: 1
