interactions:
- request:
    body: null
    headers:
      Accept:
      - application/json
      Accept-Encoding:
      - gzip, deflate
      CommandName:
      - network vwan create
      Connection:
      - keep-alive
      ParameterSetName:
      - -n -g --type
      User-Agent:
      - python/3.7.3 (Windows-10-10.0.19041-SP0) msrest/0.6.21 msrest_azure/0.6.3
        azure-mgmt-resource/12.1.0 Azure-SDK-For-Python AZURECLI/2.21.0
      accept-language:
      - en-US
    method: GET
    uri: https://management.azure.com/subscriptions/00000000-0000-0000-0000-000000000000/resourcegroups/cli_test_azure_firewall_with_firewall_policy000001?api-version=2020-10-01
  response:
    body:
      string: '{"id":"/subscriptions/00000000-0000-0000-0000-000000000000/resourceGroups/cli_test_azure_firewall_with_firewall_policy000001","name":"cli_test_azure_firewall_with_firewall_policy000001","type":"Microsoft.Resources/resourceGroups","location":"westus2","tags":{"product":"azurecli","cause":"automation","date":"2021-04-12T06:17:42Z"},"properties":{"provisioningState":"Succeeded"}}'
    headers:
      cache-control:
      - no-cache
      content-length:
      - '429'
      content-type:
      - application/json; charset=utf-8
      date:
      - Mon, 12 Apr 2021 06:17:45 GMT
      expires:
      - '-1'
      pragma:
      - no-cache
      strict-transport-security:
      - max-age=31536000; includeSubDomains
      vary:
      - Accept-Encoding
      x-content-type-options:
      - nosniff
    status:
      code: 200
      message: OK
- request:
    body: '{"location": "westus2"}'
    headers:
      Accept:
      - application/json
      Accept-Encoding:
      - gzip, deflate
      CommandName:
      - network vwan create
      Connection:
      - keep-alive
      Content-Length:
      - '23'
      Content-Type:
      - application/json; charset=utf-8
      ParameterSetName:
      - -n -g --type
      User-Agent:
      - python/3.7.3 (Windows-10-10.0.19041-SP0) msrest/0.6.21 msrest_azure/0.6.3
        azure-mgmt-network/10.2.0 Azure-SDK-For-Python AZURECLI/2.21.0
      accept-language:
      - en-US
    method: PUT
    uri: https://management.azure.com/subscriptions/00000000-0000-0000-0000-000000000000/resourceGroups/cli_test_azure_firewall_with_firewall_policy000001/providers/Microsoft.Network/virtualWans/clitestvwan?api-version=2020-05-01
  response:
    body:
      string: "{\r\n  \"name\": \"clitestvwan\",\r\n  \"id\": \"/subscriptions/00000000-0000-0000-0000-000000000000/resourceGroups/cli_test_azure_firewall_with_firewall_policy000001/providers/Microsoft.Network/virtualWans/clitestvwan\",\r\n
        \ \"etag\": \"W/\\\"06eee9e9-6db7-4323-b835-f23b73bafb74\\\"\",\r\n  \"type\":
        \"Microsoft.Network/virtualWans\",\r\n  \"location\": \"westus2\",\r\n  \"properties\":
        {\r\n    \"provisioningState\": \"Updating\",\r\n    \"disableVpnEncryption\":
        false,\r\n    \"allowBranchToBranchTraffic\": true,\r\n    \"office365LocalBreakoutCategory\":
        \"None\",\r\n    \"type\": \"Standard\"\r\n  }\r\n}"
    headers:
      azure-asyncnotification:
      - Enabled
      azure-asyncoperation:
      - https://management.azure.com/subscriptions/00000000-0000-0000-0000-000000000000/providers/Microsoft.Network/locations/westus2/operations/23c36bdb-70ad-43a9-8940-47093d182441?api-version=2020-05-01
      cache-control:
      - no-cache
      content-length:
      - '574'
      content-type:
      - application/json; charset=utf-8
      date:
      - Mon, 12 Apr 2021 06:17:53 GMT
      expires:
      - '-1'
      pragma:
      - no-cache
      server:
      - Microsoft-HTTPAPI/2.0
      - Microsoft-HTTPAPI/2.0
      strict-transport-security:
      - max-age=31536000; includeSubDomains
      x-content-type-options:
      - nosniff
      x-ms-arm-service-request-id:
      - 35d91519-dc08-4b2a-8c54-5a0ddbde0cce
      x-ms-ratelimit-remaining-subscription-writes:
      - '1198'
    status:
      code: 201
      message: Created
- request:
    body: null
    headers:
      Accept:
      - application/json
      Accept-Encoding:
      - gzip, deflate
      CommandName:
      - network vwan create
      Connection:
      - keep-alive
      ParameterSetName:
      - -n -g --type
      User-Agent:
      - python/3.7.3 (Windows-10-10.0.19041-SP0) msrest/0.6.21 msrest_azure/0.6.3
        azure-mgmt-network/10.2.0 Azure-SDK-For-Python AZURECLI/2.21.0
    method: GET
    uri: https://management.azure.com/subscriptions/00000000-0000-0000-0000-000000000000/providers/Microsoft.Network/locations/westus2/operations/23c36bdb-70ad-43a9-8940-47093d182441?api-version=2020-05-01
  response:
    body:
      string: "{\r\n  \"status\": \"Succeeded\"\r\n}"
    headers:
      cache-control:
      - no-cache
      content-length:
      - '29'
      content-type:
      - application/json; charset=utf-8
      date:
      - Mon, 12 Apr 2021 06:18:03 GMT
      expires:
      - '-1'
      pragma:
      - no-cache
      server:
      - Microsoft-HTTPAPI/2.0
      - Microsoft-HTTPAPI/2.0
      strict-transport-security:
      - max-age=31536000; includeSubDomains
      transfer-encoding:
      - chunked
      vary:
      - Accept-Encoding
      x-content-type-options:
      - nosniff
      x-ms-arm-service-request-id:
      - a4b56cb9-058d-49ac-94b0-d34950c8826a
    status:
      code: 200
      message: OK
- request:
    body: null
    headers:
      Accept:
      - application/json
      Accept-Encoding:
      - gzip, deflate
      CommandName:
      - network vwan create
      Connection:
      - keep-alive
      ParameterSetName:
      - -n -g --type
      User-Agent:
      - python/3.7.3 (Windows-10-10.0.19041-SP0) msrest/0.6.21 msrest_azure/0.6.3
        azure-mgmt-network/10.2.0 Azure-SDK-For-Python AZURECLI/2.21.0
    method: GET
    uri: https://management.azure.com/subscriptions/00000000-0000-0000-0000-000000000000/resourceGroups/cli_test_azure_firewall_with_firewall_policy000001/providers/Microsoft.Network/virtualWans/clitestvwan?api-version=2020-05-01
  response:
    body:
      string: "{\r\n  \"name\": \"clitestvwan\",\r\n  \"id\": \"/subscriptions/00000000-0000-0000-0000-000000000000/resourceGroups/cli_test_azure_firewall_with_firewall_policy000001/providers/Microsoft.Network/virtualWans/clitestvwan\",\r\n
        \ \"etag\": \"W/\\\"9758d215-e32b-4553-ae18-b5fd4dd82074\\\"\",\r\n  \"type\":
        \"Microsoft.Network/virtualWans\",\r\n  \"location\": \"westus2\",\r\n  \"properties\":
        {\r\n    \"provisioningState\": \"Succeeded\",\r\n    \"disableVpnEncryption\":
        false,\r\n    \"allowBranchToBranchTraffic\": true,\r\n    \"office365LocalBreakoutCategory\":
        \"None\",\r\n    \"type\": \"Standard\"\r\n  }\r\n}"
    headers:
      cache-control:
      - no-cache
      content-length:
      - '575'
      content-type:
      - application/json; charset=utf-8
      date:
      - Mon, 12 Apr 2021 06:18:04 GMT
      etag:
      - W/"9758d215-e32b-4553-ae18-b5fd4dd82074"
      expires:
      - '-1'
      pragma:
      - no-cache
      server:
      - Microsoft-HTTPAPI/2.0
      - Microsoft-HTTPAPI/2.0
      strict-transport-security:
      - max-age=31536000; includeSubDomains
      transfer-encoding:
      - chunked
      vary:
      - Accept-Encoding
      x-content-type-options:
      - nosniff
      x-ms-arm-service-request-id:
      - af20e8e0-46c6-40bb-8f5c-ba17f42d8b73
    status:
      code: 200
      message: OK
- request:
    body: '{"location": "westus2", "properties": {"virtualWan": {"id": "/subscriptions/00000000-0000-0000-0000-000000000000/resourceGroups/cli_test_azure_firewall_with_firewall_policy000001/providers/Microsoft.Network/virtualWans/clitestvwan"},
      "addressPrefix": "10.0.0.0/24", "sku": "Standard"}}'
    headers:
      Accept:
      - application/json
      Accept-Encoding:
      - gzip, deflate
      CommandName:
      - network vhub create
      Connection:
      - keep-alive
      Content-Length:
      - '310'
      Content-Type:
      - application/json; charset=utf-8
      ParameterSetName:
      - -g -n --vwan --address-prefix -l --sku
      User-Agent:
      - python/3.7.3 (Windows-10-10.0.19041-SP0) msrest/0.6.21 msrest_azure/0.6.3
        azure-mgmt-network/10.2.0 Azure-SDK-For-Python AZURECLI/2.21.0
      accept-language:
      - en-US
    method: PUT
    uri: https://management.azure.com/subscriptions/00000000-0000-0000-0000-000000000000/resourceGroups/cli_test_azure_firewall_with_firewall_policy000001/providers/Microsoft.Network/virtualHubs/clitestvhub?api-version=2020-05-01
  response:
    body:
      string: "{\r\n  \"name\": \"clitestvhub\",\r\n  \"id\": \"/subscriptions/00000000-0000-0000-0000-000000000000/resourceGroups/cli_test_azure_firewall_with_firewall_policy000001/providers/Microsoft.Network/virtualHubs/clitestvhub\",\r\n
        \ \"etag\": \"W/\\\"c574ea4e-6b34-461f-bc54-26a1d347d473\\\"\",\r\n  \"type\":
        \"Microsoft.Network/virtualHubs\",\r\n  \"location\": \"westus2\",\r\n  \"properties\":
        {\r\n    \"provisioningState\": \"Updating\",\r\n    \"virtualHubRouteTableV2s\":
        [],\r\n    \"addressPrefix\": \"10.0.0.0/24\",\r\n    \"virtualRouterAsn\":
        0,\r\n    \"virtualRouterIps\": [],\r\n    \"routeTable\": {\r\n      \"routes\":
        []\r\n    },\r\n    \"virtualWan\": {\r\n      \"id\": \"/subscriptions/00000000-0000-0000-0000-000000000000/resourceGroups/cli_test_azure_firewall_with_firewall_policy000001/providers/Microsoft.Network/virtualWans/clitestvwan\"\r\n
        \   },\r\n    \"sku\": \"Standard\",\r\n    \"routingState\": \"None\"\r\n
        \ }\r\n}"
    headers:
      azure-asyncnotification:
      - Enabled
      azure-asyncoperation:
      - https://management.azure.com/subscriptions/00000000-0000-0000-0000-000000000000/providers/Microsoft.Network/locations/westus2/operations/a9bf7165-9fa0-4c6d-b41f-cc7d5e06f36b?api-version=2020-05-01
      cache-control:
      - no-cache
      content-length:
      - '896'
      content-type:
      - application/json; charset=utf-8
      date:
      - Mon, 12 Apr 2021 06:18:10 GMT
      expires:
      - '-1'
      pragma:
      - no-cache
      server:
      - Microsoft-HTTPAPI/2.0
      - Microsoft-HTTPAPI/2.0
      strict-transport-security:
      - max-age=31536000; includeSubDomains
      x-content-type-options:
      - nosniff
      x-ms-arm-service-request-id:
      - 20e0e766-ebe5-40e0-9ba1-abb94002ee3f
      x-ms-ratelimit-remaining-subscription-writes:
      - '1199'
    status:
      code: 201
      message: Created
- request:
    body: null
    headers:
      Accept:
      - application/json
      Accept-Encoding:
      - gzip, deflate
      CommandName:
      - network vhub create
      Connection:
      - keep-alive
      ParameterSetName:
      - -g -n --vwan --address-prefix -l --sku
      User-Agent:
      - python/3.7.3 (Windows-10-10.0.19041-SP0) msrest/0.6.21 msrest_azure/0.6.3
        azure-mgmt-network/10.2.0 Azure-SDK-For-Python AZURECLI/2.21.0
    method: GET
    uri: https://management.azure.com/subscriptions/00000000-0000-0000-0000-000000000000/providers/Microsoft.Network/locations/westus2/operations/a9bf7165-9fa0-4c6d-b41f-cc7d5e06f36b?api-version=2020-05-01
  response:
    body:
      string: "{\r\n  \"status\": \"InProgress\"\r\n}"
    headers:
      cache-control:
      - no-cache
      content-length:
      - '30'
      content-type:
      - application/json; charset=utf-8
      date:
      - Mon, 12 Apr 2021 06:18:21 GMT
      expires:
      - '-1'
      pragma:
      - no-cache
      server:
      - Microsoft-HTTPAPI/2.0
      - Microsoft-HTTPAPI/2.0
      strict-transport-security:
      - max-age=31536000; includeSubDomains
      transfer-encoding:
      - chunked
      vary:
      - Accept-Encoding
      x-content-type-options:
      - nosniff
      x-ms-arm-service-request-id:
      - 1822f44d-4d15-4da1-b1b0-bddec13be0d5
    status:
      code: 200
      message: OK
- request:
    body: null
    headers:
      Accept:
      - application/json
      Accept-Encoding:
      - gzip, deflate
      CommandName:
      - network vhub create
      Connection:
      - keep-alive
      ParameterSetName:
      - -g -n --vwan --address-prefix -l --sku
      User-Agent:
      - python/3.7.3 (Windows-10-10.0.19041-SP0) msrest/0.6.21 msrest_azure/0.6.3
        azure-mgmt-network/10.2.0 Azure-SDK-For-Python AZURECLI/2.21.0
    method: GET
    uri: https://management.azure.com/subscriptions/00000000-0000-0000-0000-000000000000/providers/Microsoft.Network/locations/westus2/operations/a9bf7165-9fa0-4c6d-b41f-cc7d5e06f36b?api-version=2020-05-01
  response:
    body:
      string: "{\r\n  \"status\": \"InProgress\"\r\n}"
    headers:
      cache-control:
      - no-cache
      content-length:
      - '30'
      content-type:
      - application/json; charset=utf-8
      date:
      - Mon, 12 Apr 2021 06:18:31 GMT
      expires:
      - '-1'
      pragma:
      - no-cache
      server:
      - Microsoft-HTTPAPI/2.0
      - Microsoft-HTTPAPI/2.0
      strict-transport-security:
      - max-age=31536000; includeSubDomains
      transfer-encoding:
      - chunked
      vary:
      - Accept-Encoding
      x-content-type-options:
      - nosniff
      x-ms-arm-service-request-id:
      - 2cea0552-38e9-4f53-8fad-aa5ea5d320be
    status:
      code: 200
      message: OK
- request:
    body: null
    headers:
      Accept:
      - application/json
      Accept-Encoding:
      - gzip, deflate
      CommandName:
      - network vhub create
      Connection:
      - keep-alive
      ParameterSetName:
      - -g -n --vwan --address-prefix -l --sku
      User-Agent:
      - python/3.7.3 (Windows-10-10.0.19041-SP0) msrest/0.6.21 msrest_azure/0.6.3
        azure-mgmt-network/10.2.0 Azure-SDK-For-Python AZURECLI/2.21.0
    method: GET
    uri: https://management.azure.com/subscriptions/00000000-0000-0000-0000-000000000000/providers/Microsoft.Network/locations/westus2/operations/a9bf7165-9fa0-4c6d-b41f-cc7d5e06f36b?api-version=2020-05-01
  response:
    body:
      string: "{\r\n  \"status\": \"InProgress\"\r\n}"
    headers:
      cache-control:
      - no-cache
      content-length:
      - '30'
      content-type:
      - application/json; charset=utf-8
      date:
      - Mon, 12 Apr 2021 06:18:52 GMT
      expires:
      - '-1'
      pragma:
      - no-cache
      server:
      - Microsoft-HTTPAPI/2.0
      - Microsoft-HTTPAPI/2.0
      strict-transport-security:
      - max-age=31536000; includeSubDomains
      transfer-encoding:
      - chunked
      vary:
      - Accept-Encoding
      x-content-type-options:
      - nosniff
      x-ms-arm-service-request-id:
      - 9cbf7a82-9dba-4166-b678-24f5e71810bd
    status:
      code: 200
      message: OK
- request:
    body: null
    headers:
      Accept:
      - application/json
      Accept-Encoding:
      - gzip, deflate
      CommandName:
      - network vhub create
      Connection:
      - keep-alive
      ParameterSetName:
      - -g -n --vwan --address-prefix -l --sku
      User-Agent:
      - python/3.7.3 (Windows-10-10.0.19041-SP0) msrest/0.6.21 msrest_azure/0.6.3
        azure-mgmt-network/10.2.0 Azure-SDK-For-Python AZURECLI/2.21.0
    method: GET
    uri: https://management.azure.com/subscriptions/00000000-0000-0000-0000-000000000000/providers/Microsoft.Network/locations/westus2/operations/a9bf7165-9fa0-4c6d-b41f-cc7d5e06f36b?api-version=2020-05-01
  response:
    body:
      string: "{\r\n  \"status\": \"InProgress\"\r\n}"
    headers:
      cache-control:
      - no-cache
      content-length:
      - '30'
      content-type:
      - application/json; charset=utf-8
      date:
      - Mon, 12 Apr 2021 06:19:12 GMT
      expires:
      - '-1'
      pragma:
      - no-cache
      server:
      - Microsoft-HTTPAPI/2.0
      - Microsoft-HTTPAPI/2.0
      strict-transport-security:
      - max-age=31536000; includeSubDomains
      transfer-encoding:
      - chunked
      vary:
      - Accept-Encoding
      x-content-type-options:
      - nosniff
      x-ms-arm-service-request-id:
      - 187f7dae-0ec6-4825-a744-146be8e666a5
    status:
      code: 200
      message: OK
- request:
    body: null
    headers:
      Accept:
      - application/json
      Accept-Encoding:
      - gzip, deflate
      CommandName:
      - network vhub create
      Connection:
      - keep-alive
      ParameterSetName:
      - -g -n --vwan --address-prefix -l --sku
      User-Agent:
      - python/3.7.3 (Windows-10-10.0.19041-SP0) msrest/0.6.21 msrest_azure/0.6.3
        azure-mgmt-network/10.2.0 Azure-SDK-For-Python AZURECLI/2.21.0
    method: GET
    uri: https://management.azure.com/subscriptions/00000000-0000-0000-0000-000000000000/providers/Microsoft.Network/locations/westus2/operations/a9bf7165-9fa0-4c6d-b41f-cc7d5e06f36b?api-version=2020-05-01
  response:
    body:
      string: "{\r\n  \"status\": \"InProgress\"\r\n}"
    headers:
      cache-control:
      - no-cache
      content-length:
      - '30'
      content-type:
      - application/json; charset=utf-8
      date:
      - Mon, 12 Apr 2021 06:19:52 GMT
      expires:
      - '-1'
      pragma:
      - no-cache
      server:
      - Microsoft-HTTPAPI/2.0
      - Microsoft-HTTPAPI/2.0
      strict-transport-security:
      - max-age=31536000; includeSubDomains
      transfer-encoding:
      - chunked
      vary:
      - Accept-Encoding
      x-content-type-options:
      - nosniff
      x-ms-arm-service-request-id:
      - ee8ed319-bc1c-486e-bc2c-e1dfa132c4dc
    status:
      code: 200
      message: OK
- request:
    body: null
    headers:
      Accept:
      - application/json
      Accept-Encoding:
      - gzip, deflate
      CommandName:
      - network vhub create
      Connection:
      - keep-alive
      ParameterSetName:
      - -g -n --vwan --address-prefix -l --sku
      User-Agent:
      - python/3.7.3 (Windows-10-10.0.19041-SP0) msrest/0.6.21 msrest_azure/0.6.3
        azure-mgmt-network/10.2.0 Azure-SDK-For-Python AZURECLI/2.21.0
    method: GET
    uri: https://management.azure.com/subscriptions/00000000-0000-0000-0000-000000000000/providers/Microsoft.Network/locations/westus2/operations/a9bf7165-9fa0-4c6d-b41f-cc7d5e06f36b?api-version=2020-05-01
  response:
    body:
      string: "{\r\n  \"status\": \"InProgress\"\r\n}"
    headers:
      cache-control:
      - no-cache
      content-length:
      - '30'
      content-type:
      - application/json; charset=utf-8
      date:
      - Mon, 12 Apr 2021 06:20:33 GMT
      expires:
      - '-1'
      pragma:
      - no-cache
      server:
      - Microsoft-HTTPAPI/2.0
      - Microsoft-HTTPAPI/2.0
      strict-transport-security:
      - max-age=31536000; includeSubDomains
      transfer-encoding:
      - chunked
      vary:
      - Accept-Encoding
      x-content-type-options:
      - nosniff
      x-ms-arm-service-request-id:
      - b73353b3-74b0-43b3-9a90-8a76b25a2003
    status:
      code: 200
      message: OK
- request:
    body: null
    headers:
      Accept:
      - application/json
      Accept-Encoding:
      - gzip, deflate
      CommandName:
      - network vhub create
      Connection:
      - keep-alive
      ParameterSetName:
      - -g -n --vwan --address-prefix -l --sku
      User-Agent:
      - python/3.7.3 (Windows-10-10.0.19041-SP0) msrest/0.6.21 msrest_azure/0.6.3
        azure-mgmt-network/10.2.0 Azure-SDK-For-Python AZURECLI/2.21.0
    method: GET
    uri: https://management.azure.com/subscriptions/00000000-0000-0000-0000-000000000000/providers/Microsoft.Network/locations/westus2/operations/a9bf7165-9fa0-4c6d-b41f-cc7d5e06f36b?api-version=2020-05-01
  response:
    body:
      string: "{\r\n  \"status\": \"Succeeded\"\r\n}"
    headers:
      cache-control:
      - no-cache
      content-length:
      - '29'
      content-type:
      - application/json; charset=utf-8
      date:
      - Mon, 12 Apr 2021 06:21:53 GMT
      expires:
      - '-1'
      pragma:
      - no-cache
      server:
      - Microsoft-HTTPAPI/2.0
      - Microsoft-HTTPAPI/2.0
      strict-transport-security:
      - max-age=31536000; includeSubDomains
      transfer-encoding:
      - chunked
      vary:
      - Accept-Encoding
      x-content-type-options:
      - nosniff
      x-ms-arm-service-request-id:
      - 166318f1-c615-41a8-93e2-6e9582dff8a5
    status:
      code: 200
      message: OK
- request:
    body: null
    headers:
      Accept:
      - application/json
      Accept-Encoding:
      - gzip, deflate
      CommandName:
      - network vhub create
      Connection:
      - keep-alive
      ParameterSetName:
      - -g -n --vwan --address-prefix -l --sku
      User-Agent:
      - python/3.7.3 (Windows-10-10.0.19041-SP0) msrest/0.6.21 msrest_azure/0.6.3
        azure-mgmt-network/10.2.0 Azure-SDK-For-Python AZURECLI/2.21.0
    method: GET
    uri: https://management.azure.com/subscriptions/00000000-0000-0000-0000-000000000000/resourceGroups/cli_test_azure_firewall_with_firewall_policy000001/providers/Microsoft.Network/virtualHubs/clitestvhub?api-version=2020-05-01
  response:
    body:
      string: "{\r\n  \"name\": \"clitestvhub\",\r\n  \"id\": \"/subscriptions/00000000-0000-0000-0000-000000000000/resourceGroups/cli_test_azure_firewall_with_firewall_policy000001/providers/Microsoft.Network/virtualHubs/clitestvhub\",\r\n
        \ \"etag\": \"W/\\\"f9a86bfc-670f-4430-811f-5c9c2653e26f\\\"\",\r\n  \"type\":
        \"Microsoft.Network/virtualHubs\",\r\n  \"location\": \"westus2\",\r\n  \"properties\":
        {\r\n    \"provisioningState\": \"Succeeded\",\r\n    \"virtualHubRouteTableV2s\":
        [],\r\n    \"addressPrefix\": \"10.0.0.0/24\",\r\n    \"virtualRouterAsn\":
        0,\r\n    \"virtualRouterIps\": [],\r\n    \"routeTable\": {\r\n      \"routes\":
        []\r\n    },\r\n    \"virtualWan\": {\r\n      \"id\": \"/subscriptions/00000000-0000-0000-0000-000000000000/resourceGroups/cli_test_azure_firewall_with_firewall_policy000001/providers/Microsoft.Network/virtualWans/clitestvwan\"\r\n
        \   },\r\n    \"sku\": \"Standard\",\r\n    \"routingState\": \"Provisioning\"\r\n
        \ }\r\n}"
    headers:
      cache-control:
      - no-cache
      content-length:
      - '905'
      content-type:
      - application/json; charset=utf-8
      date:
      - Mon, 12 Apr 2021 06:21:53 GMT
      expires:
      - '-1'
      pragma:
      - no-cache
      server:
      - Microsoft-HTTPAPI/2.0
      - Microsoft-HTTPAPI/2.0
      strict-transport-security:
      - max-age=31536000; includeSubDomains
      transfer-encoding:
      - chunked
      vary:
      - Accept-Encoding
      x-content-type-options:
      - nosniff
      x-ms-arm-service-request-id:
      - 9604a3e3-1b3e-44d2-b80d-06e75c2d1e16
    status:
      code: 200
      message: OK
- request:
    body: '{"location": "westus2"}'
    headers:
      Accept:
      - application/json
      Accept-Encoding:
      - gzip, deflate
      CommandName:
      - network firewall policy create
      Connection:
      - keep-alive
      Content-Length:
      - '23'
      Content-Type:
      - application/json; charset=utf-8
      ParameterSetName:
      - -g -n -l
      User-Agent:
      - python/3.7.3 (Windows-10-10.0.19041-SP0) msrest/0.6.21 msrest_azure/0.6.3
        azure-mgmt-network/13.0.0 Azure-SDK-For-Python AZURECLI/2.21.0
      accept-language:
      - en-US
    method: PUT
    uri: https://management.azure.com/subscriptions/00000000-0000-0000-0000-000000000000/resourceGroups/cli_test_azure_firewall_with_firewall_policy000001/providers/Microsoft.Network/firewallPolicies/myclipolicy?api-version=2020-07-01
  response:
    body:
      string: "{\r\n  \"properties\": {\r\n    \"sku\": {\r\n      \"tier\": \"Standard\"\r\n
        \   },\r\n    \"threatIntelMode\": \"Alert\",\r\n    \"childPolicies\": [],\r\n
        \   \"ruleCollectionGroups\": [],\r\n    \"firewalls\": [],\r\n    \"provisioningState\":
        \"Updating\"\r\n  },\r\n  \"id\": \"/subscriptions/00000000-0000-0000-0000-000000000000/resourceGroups/cli_test_azure_firewall_with_firewall_policy000001/providers/Microsoft.Network/firewallPolicies/myclipolicy\",\r\n
        \ \"name\": \"myclipolicy\",\r\n  \"type\": \"Microsoft.Network/FirewallPolicies\",\r\n
        \ \"etag\": \"d5c93712-9af1-461d-bde5-be76ff0c16fe\",\r\n  \"location\": \"westus2\"\r\n}"
    headers:
      azure-asyncoperation:
      - https://management.azure.com/subscriptions/00000000-0000-0000-0000-000000000000/providers/Microsoft.Network/locations/westus2/nfvOperations/79a20a2e-2e48-4713-bd78-88b512bb9959?api-version=2020-07-01
      cache-control:
      - no-cache
      content-length:
      - '591'
      content-type:
      - application/json; charset=utf-8
      date:
      - Mon, 12 Apr 2021 06:22:00 GMT
      expires:
      - '-1'
      pragma:
      - no-cache
      server:
      - Microsoft-HTTPAPI/2.0
      strict-transport-security:
      - max-age=31536000; includeSubDomains
      x-content-type-options:
      - nosniff
      x-ms-ratelimit-remaining-subscription-writes:
      - '1198'
    status:
      code: 201
      message: Created
- request:
    body: null
    headers:
      Accept:
      - application/json
      Accept-Encoding:
      - gzip, deflate
      CommandName:
      - network firewall policy create
      Connection:
      - keep-alive
      ParameterSetName:
      - -g -n -l
      User-Agent:
      - python/3.7.3 (Windows-10-10.0.19041-SP0) msrest/0.6.21 msrest_azure/0.6.3
        azure-mgmt-network/13.0.0 Azure-SDK-For-Python AZURECLI/2.21.0
    method: GET
    uri: https://management.azure.com/subscriptions/00000000-0000-0000-0000-000000000000/providers/Microsoft.Network/locations/westus2/nfvOperations/79a20a2e-2e48-4713-bd78-88b512bb9959?api-version=2020-07-01
  response:
    body:
      string: "{\r\n  \"status\": \"Succeeded\"\r\n}"
    headers:
      cache-control:
      - no-cache
      content-length:
      - '29'
      content-type:
      - application/json; charset=utf-8
      date:
      - Mon, 12 Apr 2021 06:22:12 GMT
      expires:
      - '-1'
      pragma:
      - no-cache
      server:
      - Microsoft-HTTPAPI/2.0
      strict-transport-security:
      - max-age=31536000; includeSubDomains
      transfer-encoding:
      - chunked
      vary:
      - Accept-Encoding
      x-content-type-options:
      - nosniff
    status:
      code: 200
      message: OK
- request:
    body: null
    headers:
      Accept:
      - application/json
      Accept-Encoding:
      - gzip, deflate
      CommandName:
      - network firewall policy create
      Connection:
      - keep-alive
      ParameterSetName:
      - -g -n -l
      User-Agent:
      - python/3.7.3 (Windows-10-10.0.19041-SP0) msrest/0.6.21 msrest_azure/0.6.3
        azure-mgmt-network/13.0.0 Azure-SDK-For-Python AZURECLI/2.21.0
    method: GET
    uri: https://management.azure.com/subscriptions/00000000-0000-0000-0000-000000000000/resourceGroups/cli_test_azure_firewall_with_firewall_policy000001/providers/Microsoft.Network/firewallPolicies/myclipolicy?api-version=2020-07-01
  response:
    body:
      string: "{\r\n  \"properties\": {\r\n    \"sku\": {\r\n      \"tier\": \"Standard\"\r\n
        \   },\r\n    \"threatIntelMode\": \"Alert\",\r\n    \"childPolicies\": [],\r\n
        \   \"ruleCollectionGroups\": [],\r\n    \"firewalls\": [],\r\n    \"provisioningState\":
        \"Succeeded\"\r\n  },\r\n  \"id\": \"/subscriptions/00000000-0000-0000-0000-000000000000/resourceGroups/cli_test_azure_firewall_with_firewall_policy000001/providers/Microsoft.Network/firewallPolicies/myclipolicy\",\r\n
        \ \"name\": \"myclipolicy\",\r\n  \"type\": \"Microsoft.Network/FirewallPolicies\",\r\n
        \ \"etag\": \"d5c93712-9af1-461d-bde5-be76ff0c16fe\",\r\n  \"location\": \"westus2\"\r\n}"
    headers:
      cache-control:
      - no-cache
      content-length:
      - '592'
      content-type:
      - application/json; charset=utf-8
      date:
      - Mon, 12 Apr 2021 06:22:12 GMT
      etag:
      - '"d5c93712-9af1-461d-bde5-be76ff0c16fe"'
      expires:
      - '-1'
      pragma:
      - no-cache
      server:
      - Microsoft-HTTPAPI/2.0
      strict-transport-security:
      - max-age=31536000; includeSubDomains
      transfer-encoding:
      - chunked
      vary:
      - Accept-Encoding
      x-content-type-options:
      - nosniff
    status:
      code: 200
      message: OK
- request:
    body: null
    headers:
      Accept:
      - application/json
      Accept-Encoding:
      - gzip, deflate
      CommandName:
      - network firewall create
      Connection:
      - keep-alive
      ParameterSetName:
      - -g -n --count --sku --vhub --firewall-policy
      User-Agent:
      - python/3.7.3 (Windows-10-10.0.19041-SP0) msrest/0.6.21 msrest_azure/0.6.3
        azure-mgmt-resource/12.1.0 Azure-SDK-For-Python AZURECLI/2.21.0
      accept-language:
      - en-US
    method: GET
    uri: https://management.azure.com/subscriptions/00000000-0000-0000-0000-000000000000/resourcegroups/cli_test_azure_firewall_with_firewall_policy000001?api-version=2020-10-01
  response:
    body:
      string: '{"id":"/subscriptions/00000000-0000-0000-0000-000000000000/resourceGroups/cli_test_azure_firewall_with_firewall_policy000001","name":"cli_test_azure_firewall_with_firewall_policy000001","type":"Microsoft.Resources/resourceGroups","location":"westus2","tags":{"product":"azurecli","cause":"automation","date":"2021-04-12T06:17:42Z"},"properties":{"provisioningState":"Succeeded"}}'
    headers:
      cache-control:
      - no-cache
      content-length:
      - '429'
      content-type:
      - application/json; charset=utf-8
      date:
      - Mon, 12 Apr 2021 06:22:13 GMT
      expires:
      - '-1'
      pragma:
      - no-cache
      strict-transport-security:
      - max-age=31536000; includeSubDomains
      vary:
      - Accept-Encoding
      x-content-type-options:
      - nosniff
    status:
      code: 200
      message: OK
- request:
    body: '{"location": "westus2", "properties": {"virtualHub": {"id": "/subscriptions/00000000-0000-0000-0000-000000000000/resourceGroups/cli_test_azure_firewall_with_firewall_policy000001/providers/Microsoft.Network/virtualHubs/clitestvhub"},
      "firewallPolicy": {"id": "/subscriptions/00000000-0000-0000-0000-000000000000/resourceGroups/cli_test_azure_firewall_with_firewall_policy000001/providers/Microsoft.Network/firewallPolicies/myclipolicy"},
      "hubIPAddresses": {"publicIPs": {"count": 1}}, "sku": {"name": "AZFW_Hub", "tier":
      "Standard"}, "additionalProperties": {}}}'
    headers:
      Accept:
      - application/json
      Accept-Encoding:
      - gzip, deflate
      CommandName:
      - network firewall create
      Connection:
      - keep-alive
      Content-Length:
      - '612'
      Content-Type:
      - application/json; charset=utf-8
      ParameterSetName:
      - -g -n --count --sku --vhub --firewall-policy
      User-Agent:
      - python/3.7.3 (Windows-10-10.0.19041-SP0) msrest/0.6.21 msrest_azure/0.6.3
        azure-mgmt-network/13.0.0 Azure-SDK-For-Python AZURECLI/2.21.0
      accept-language:
      - en-US
    method: PUT
    uri: https://management.azure.com/subscriptions/00000000-0000-0000-0000-000000000000/resourceGroups/cli_test_azure_firewall_with_firewall_policy000001/providers/Microsoft.Network/azureFirewalls/af1?api-version=2020-07-01
  response:
    body:
      string: "{\r\n  \"name\": \"af1\",\r\n  \"id\": \"/subscriptions/00000000-0000-0000-0000-000000000000/resourceGroups/cli_test_azure_firewall_with_firewall_policy000001/providers/Microsoft.Network/azureFirewalls/af1\",\r\n
        \ \"etag\": \"W/\\\"bc7b846f-a0da-4e3e-8a2c-96ba0fccb881\\\"\",\r\n  \"type\":
        \"Microsoft.Network/azureFirewalls\",\r\n  \"location\": \"westus2\",\r\n
        \ \"properties\": {\r\n    \"provisioningState\": \"Updating\",\r\n    \"sku\":
        {\r\n      \"name\": \"AZFW_Hub\",\r\n      \"tier\": \"Standard\"\r\n    },\r\n
        \   \"additionalProperties\": {},\r\n    \"virtualHub\": {\r\n      \"id\":
        \"/subscriptions/00000000-0000-0000-0000-000000000000/resourceGroups/cli_test_azure_firewall_with_firewall_policy000001/providers/Microsoft.Network/virtualHubs/clitestvhub\"\r\n
        \   },\r\n    \"hubIPAddresses\": {\r\n      \"publicIPs\": {\r\n        \"addresses\":
        [],\r\n        \"count\": 1\r\n      }\r\n    },\r\n    \"firewallPolicy\":
        {\r\n      \"id\": \"/subscriptions/00000000-0000-0000-0000-000000000000/resourceGroups/cli_test_azure_firewall_with_firewall_policy000001/providers/Microsoft.Network/firewallPolicies/myclipolicy\"\r\n
        \   }\r\n  }\r\n}"
    headers:
      azure-asyncnotification:
      - Enabled
      azure-asyncoperation:
      - https://management.azure.com/subscriptions/00000000-0000-0000-0000-000000000000/providers/Microsoft.Network/locations/westus2/operations/b7a9ed29-e2b6-4814-835d-5a1ac09024a2?api-version=2020-07-01
      cache-control:
      - no-cache
      content-length:
      - '1120'
      content-type:
      - application/json; charset=utf-8
      date:
      - Mon, 12 Apr 2021 06:22:21 GMT
      expires:
      - '-1'
      pragma:
      - no-cache
      server:
      - Microsoft-HTTPAPI/2.0
      - Microsoft-HTTPAPI/2.0
      strict-transport-security:
      - max-age=31536000; includeSubDomains
      x-content-type-options:
      - nosniff
      x-ms-arm-service-request-id:
      - f5965daa-624c-4469-bbbd-a8be2d75d811
      x-ms-ratelimit-remaining-subscription-writes:
      - '1199'
    status:
      code: 201
      message: Created
- request:
    body: null
    headers:
      Accept:
      - application/json
      Accept-Encoding:
      - gzip, deflate
      CommandName:
      - network firewall create
      Connection:
      - keep-alive
      ParameterSetName:
      - -g -n --count --sku --vhub --firewall-policy
      User-Agent:
      - python/3.7.3 (Windows-10-10.0.19041-SP0) msrest/0.6.21 msrest_azure/0.6.3
        azure-mgmt-network/13.0.0 Azure-SDK-For-Python AZURECLI/2.21.0
    method: GET
    uri: https://management.azure.com/subscriptions/00000000-0000-0000-0000-000000000000/providers/Microsoft.Network/locations/westus2/operations/b7a9ed29-e2b6-4814-835d-5a1ac09024a2?api-version=2020-07-01
  response:
    body:
      string: "{\r\n  \"status\": \"InProgress\"\r\n}"
    headers:
      cache-control:
      - no-cache
      content-length:
      - '30'
      content-type:
      - application/json; charset=utf-8
      date:
      - Mon, 12 Apr 2021 06:22:32 GMT
      expires:
      - '-1'
      pragma:
      - no-cache
      server:
      - Microsoft-HTTPAPI/2.0
      - Microsoft-HTTPAPI/2.0
      strict-transport-security:
      - max-age=31536000; includeSubDomains
      transfer-encoding:
      - chunked
      vary:
      - Accept-Encoding
      x-content-type-options:
      - nosniff
      x-ms-arm-service-request-id:
      - fff752aa-1b87-4b9c-818d-a50237fdff36
    status:
      code: 200
      message: OK
- request:
    body: null
    headers:
      Accept:
      - application/json
      Accept-Encoding:
      - gzip, deflate
      CommandName:
      - network firewall create
      Connection:
      - keep-alive
      ParameterSetName:
      - -g -n --count --sku --vhub --firewall-policy
      User-Agent:
      - python/3.7.3 (Windows-10-10.0.19041-SP0) msrest/0.6.21 msrest_azure/0.6.3
        azure-mgmt-network/13.0.0 Azure-SDK-For-Python AZURECLI/2.21.0
    method: GET
    uri: https://management.azure.com/subscriptions/00000000-0000-0000-0000-000000000000/providers/Microsoft.Network/locations/westus2/operations/b7a9ed29-e2b6-4814-835d-5a1ac09024a2?api-version=2020-07-01
  response:
    body:
      string: "{\r\n  \"status\": \"InProgress\"\r\n}"
    headers:
      cache-control:
      - no-cache
      content-length:
      - '30'
      content-type:
      - application/json; charset=utf-8
      date:
      - Mon, 12 Apr 2021 06:22:42 GMT
      expires:
      - '-1'
      pragma:
      - no-cache
      server:
      - Microsoft-HTTPAPI/2.0
      - Microsoft-HTTPAPI/2.0
      strict-transport-security:
      - max-age=31536000; includeSubDomains
      transfer-encoding:
      - chunked
      vary:
      - Accept-Encoding
      x-content-type-options:
      - nosniff
      x-ms-arm-service-request-id:
      - 0c367d01-6d32-4428-a0e4-075371f16cdd
    status:
      code: 200
      message: OK
- request:
    body: null
    headers:
      Accept:
      - application/json
      Accept-Encoding:
      - gzip, deflate
      CommandName:
      - network firewall create
      Connection:
      - keep-alive
      ParameterSetName:
      - -g -n --count --sku --vhub --firewall-policy
      User-Agent:
      - python/3.7.3 (Windows-10-10.0.19041-SP0) msrest/0.6.21 msrest_azure/0.6.3
        azure-mgmt-network/13.0.0 Azure-SDK-For-Python AZURECLI/2.21.0
    method: GET
    uri: https://management.azure.com/subscriptions/00000000-0000-0000-0000-000000000000/providers/Microsoft.Network/locations/westus2/operations/b7a9ed29-e2b6-4814-835d-5a1ac09024a2?api-version=2020-07-01
  response:
    body:
      string: "{\r\n  \"status\": \"InProgress\"\r\n}"
    headers:
      cache-control:
      - no-cache
      content-length:
      - '30'
      content-type:
      - application/json; charset=utf-8
      date:
      - Mon, 12 Apr 2021 06:23:02 GMT
      expires:
      - '-1'
      pragma:
      - no-cache
      server:
      - Microsoft-HTTPAPI/2.0
      - Microsoft-HTTPAPI/2.0
      strict-transport-security:
      - max-age=31536000; includeSubDomains
      transfer-encoding:
      - chunked
      vary:
      - Accept-Encoding
      x-content-type-options:
      - nosniff
      x-ms-arm-service-request-id:
      - dd447216-0dac-4559-a157-ddaf91694d92
    status:
      code: 200
      message: OK
- request:
    body: null
    headers:
      Accept:
      - application/json
      Accept-Encoding:
      - gzip, deflate
      CommandName:
      - network firewall create
      Connection:
      - keep-alive
      ParameterSetName:
      - -g -n --count --sku --vhub --firewall-policy
      User-Agent:
      - python/3.7.3 (Windows-10-10.0.19041-SP0) msrest/0.6.21 msrest_azure/0.6.3
        azure-mgmt-network/13.0.0 Azure-SDK-For-Python AZURECLI/2.21.0
    method: GET
    uri: https://management.azure.com/subscriptions/00000000-0000-0000-0000-000000000000/providers/Microsoft.Network/locations/westus2/operations/b7a9ed29-e2b6-4814-835d-5a1ac09024a2?api-version=2020-07-01
  response:
    body:
      string: "{\r\n  \"status\": \"InProgress\"\r\n}"
    headers:
      cache-control:
      - no-cache
      content-length:
      - '30'
      content-type:
      - application/json; charset=utf-8
      date:
      - Mon, 12 Apr 2021 06:23:22 GMT
      expires:
      - '-1'
      pragma:
      - no-cache
      server:
      - Microsoft-HTTPAPI/2.0
      - Microsoft-HTTPAPI/2.0
      strict-transport-security:
      - max-age=31536000; includeSubDomains
      transfer-encoding:
      - chunked
      vary:
      - Accept-Encoding
      x-content-type-options:
      - nosniff
      x-ms-arm-service-request-id:
      - f14c3b31-9626-483e-b06f-6e3bca4841d7
    status:
      code: 200
      message: OK
- request:
    body: null
    headers:
      Accept:
      - application/json
      Accept-Encoding:
      - gzip, deflate
      CommandName:
      - network firewall create
      Connection:
      - keep-alive
      ParameterSetName:
      - -g -n --count --sku --vhub --firewall-policy
      User-Agent:
      - python/3.7.3 (Windows-10-10.0.19041-SP0) msrest/0.6.21 msrest_azure/0.6.3
        azure-mgmt-network/13.0.0 Azure-SDK-For-Python AZURECLI/2.21.0
    method: GET
    uri: https://management.azure.com/subscriptions/00000000-0000-0000-0000-000000000000/providers/Microsoft.Network/locations/westus2/operations/b7a9ed29-e2b6-4814-835d-5a1ac09024a2?api-version=2020-07-01
  response:
    body:
      string: "{\r\n  \"status\": \"InProgress\"\r\n}"
    headers:
      cache-control:
      - no-cache
      content-length:
      - '30'
      content-type:
      - application/json; charset=utf-8
      date:
      - Mon, 12 Apr 2021 06:24:03 GMT
      expires:
      - '-1'
      pragma:
      - no-cache
      server:
      - Microsoft-HTTPAPI/2.0
      - Microsoft-HTTPAPI/2.0
      strict-transport-security:
      - max-age=31536000; includeSubDomains
      transfer-encoding:
      - chunked
      vary:
      - Accept-Encoding
      x-content-type-options:
      - nosniff
      x-ms-arm-service-request-id:
      - b62aac6e-7a26-45d8-b94d-752aae94a12d
    status:
      code: 200
      message: OK
- request:
    body: null
    headers:
      Accept:
      - application/json
      Accept-Encoding:
      - gzip, deflate
      CommandName:
      - network firewall create
      Connection:
      - keep-alive
      ParameterSetName:
      - -g -n --count --sku --vhub --firewall-policy
      User-Agent:
      - python/3.7.3 (Windows-10-10.0.19041-SP0) msrest/0.6.21 msrest_azure/0.6.3
        azure-mgmt-network/13.0.0 Azure-SDK-For-Python AZURECLI/2.21.0
    method: GET
    uri: https://management.azure.com/subscriptions/00000000-0000-0000-0000-000000000000/providers/Microsoft.Network/locations/westus2/operations/b7a9ed29-e2b6-4814-835d-5a1ac09024a2?api-version=2020-07-01
  response:
    body:
      string: "{\r\n  \"status\": \"InProgress\"\r\n}"
    headers:
      cache-control:
      - no-cache
      content-length:
      - '30'
      content-type:
      - application/json; charset=utf-8
      date:
      - Mon, 12 Apr 2021 06:24:43 GMT
      expires:
      - '-1'
      pragma:
      - no-cache
      server:
      - Microsoft-HTTPAPI/2.0
      - Microsoft-HTTPAPI/2.0
      strict-transport-security:
      - max-age=31536000; includeSubDomains
      transfer-encoding:
      - chunked
      vary:
      - Accept-Encoding
      x-content-type-options:
      - nosniff
      x-ms-arm-service-request-id:
      - a762bad5-83f0-4c18-8fad-0f571d0cd2da
    status:
      code: 200
      message: OK
- request:
    body: null
    headers:
      Accept:
      - application/json
      Accept-Encoding:
      - gzip, deflate
      CommandName:
      - network firewall create
      Connection:
      - keep-alive
      ParameterSetName:
      - -g -n --count --sku --vhub --firewall-policy
      User-Agent:
      - python/3.7.3 (Windows-10-10.0.19041-SP0) msrest/0.6.21 msrest_azure/0.6.3
        azure-mgmt-network/13.0.0 Azure-SDK-For-Python AZURECLI/2.21.0
    method: GET
    uri: https://management.azure.com/subscriptions/00000000-0000-0000-0000-000000000000/providers/Microsoft.Network/locations/westus2/operations/b7a9ed29-e2b6-4814-835d-5a1ac09024a2?api-version=2020-07-01
  response:
    body:
      string: "{\r\n  \"status\": \"InProgress\"\r\n}"
    headers:
      cache-control:
      - no-cache
      content-length:
      - '30'
      content-type:
      - application/json; charset=utf-8
      date:
      - Mon, 12 Apr 2021 06:26:03 GMT
      expires:
      - '-1'
      pragma:
      - no-cache
      server:
      - Microsoft-HTTPAPI/2.0
      - Microsoft-HTTPAPI/2.0
      strict-transport-security:
      - max-age=31536000; includeSubDomains
      transfer-encoding:
      - chunked
      vary:
      - Accept-Encoding
      x-content-type-options:
      - nosniff
      x-ms-arm-service-request-id:
      - ae91b7dc-a814-4911-aa37-2608c163ab2d
    status:
      code: 200
      message: OK
- request:
    body: null
    headers:
      Accept:
      - application/json
      Accept-Encoding:
      - gzip, deflate
      CommandName:
      - network firewall create
      Connection:
      - keep-alive
      ParameterSetName:
      - -g -n --count --sku --vhub --firewall-policy
      User-Agent:
      - python/3.7.3 (Windows-10-10.0.19041-SP0) msrest/0.6.21 msrest_azure/0.6.3
        azure-mgmt-network/13.0.0 Azure-SDK-For-Python AZURECLI/2.21.0
    method: GET
    uri: https://management.azure.com/subscriptions/00000000-0000-0000-0000-000000000000/providers/Microsoft.Network/locations/westus2/operations/b7a9ed29-e2b6-4814-835d-5a1ac09024a2?api-version=2020-07-01
  response:
    body:
      string: "{\r\n  \"status\": \"InProgress\"\r\n}"
    headers:
      cache-control:
      - no-cache
      content-length:
      - '30'
      content-type:
      - application/json; charset=utf-8
      date:
      - Mon, 12 Apr 2021 06:28:44 GMT
      expires:
      - '-1'
      pragma:
      - no-cache
      server:
      - Microsoft-HTTPAPI/2.0
      - Microsoft-HTTPAPI/2.0
      strict-transport-security:
      - max-age=31536000; includeSubDomains
      transfer-encoding:
      - chunked
      vary:
      - Accept-Encoding
      x-content-type-options:
      - nosniff
      x-ms-arm-service-request-id:
      - 802c337a-152b-416a-a59d-3846d6965167
    status:
      code: 200
      message: OK
- request:
    body: null
    headers:
      Accept:
      - application/json
      Accept-Encoding:
      - gzip, deflate
      CommandName:
      - network firewall create
      Connection:
      - keep-alive
      ParameterSetName:
      - -g -n --count --sku --vhub --firewall-policy
      User-Agent:
      - python/3.7.3 (Windows-10-10.0.19041-SP0) msrest/0.6.21 msrest_azure/0.6.3
        azure-mgmt-network/13.0.0 Azure-SDK-For-Python AZURECLI/2.21.0
    method: GET
    uri: https://management.azure.com/subscriptions/00000000-0000-0000-0000-000000000000/providers/Microsoft.Network/locations/westus2/operations/b7a9ed29-e2b6-4814-835d-5a1ac09024a2?api-version=2020-07-01
  response:
    body:
      string: "{\r\n  \"status\": \"InProgress\"\r\n}"
    headers:
      cache-control:
      - no-cache
      content-length:
      - '30'
      content-type:
      - application/json; charset=utf-8
      date:
      - Mon, 12 Apr 2021 06:30:24 GMT
      expires:
      - '-1'
      pragma:
      - no-cache
      server:
      - Microsoft-HTTPAPI/2.0
      - Microsoft-HTTPAPI/2.0
      strict-transport-security:
      - max-age=31536000; includeSubDomains
      transfer-encoding:
      - chunked
      vary:
      - Accept-Encoding
      x-content-type-options:
      - nosniff
      x-ms-arm-service-request-id:
      - 1373bc7f-82f1-4fea-887e-79f6541fb2ef
    status:
      code: 200
      message: OK
- request:
    body: null
    headers:
      Accept:
      - application/json
      Accept-Encoding:
      - gzip, deflate
      CommandName:
      - network firewall create
      Connection:
      - keep-alive
      ParameterSetName:
      - -g -n --count --sku --vhub --firewall-policy
      User-Agent:
      - python/3.7.3 (Windows-10-10.0.19041-SP0) msrest/0.6.21 msrest_azure/0.6.3
        azure-mgmt-network/13.0.0 Azure-SDK-For-Python AZURECLI/2.21.0
    method: GET
    uri: https://management.azure.com/subscriptions/00000000-0000-0000-0000-000000000000/providers/Microsoft.Network/locations/westus2/operations/b7a9ed29-e2b6-4814-835d-5a1ac09024a2?api-version=2020-07-01
  response:
    body:
      string: "{\r\n  \"status\": \"InProgress\"\r\n}"
    headers:
      cache-control:
      - no-cache
      content-length:
      - '30'
      content-type:
      - application/json; charset=utf-8
      date:
      - Mon, 12 Apr 2021 06:32:05 GMT
      expires:
      - '-1'
      pragma:
      - no-cache
      server:
      - Microsoft-HTTPAPI/2.0
      - Microsoft-HTTPAPI/2.0
      strict-transport-security:
      - max-age=31536000; includeSubDomains
      transfer-encoding:
      - chunked
      vary:
      - Accept-Encoding
      x-content-type-options:
      - nosniff
      x-ms-arm-service-request-id:
      - bdac1377-5165-4202-95cf-8f36d75eee5b
    status:
      code: 200
      message: OK
- request:
    body: null
    headers:
      Accept:
      - application/json
      Accept-Encoding:
      - gzip, deflate
      CommandName:
      - network firewall create
      Connection:
      - keep-alive
      ParameterSetName:
      - -g -n --count --sku --vhub --firewall-policy
      User-Agent:
      - python/3.7.3 (Windows-10-10.0.19041-SP0) msrest/0.6.21 msrest_azure/0.6.3
        azure-mgmt-network/13.0.0 Azure-SDK-For-Python AZURECLI/2.21.0
    method: GET
    uri: https://management.azure.com/subscriptions/00000000-0000-0000-0000-000000000000/providers/Microsoft.Network/locations/westus2/operations/b7a9ed29-e2b6-4814-835d-5a1ac09024a2?api-version=2020-07-01
  response:
    body:
      string: "{\r\n  \"status\": \"InProgress\"\r\n}"
    headers:
      cache-control:
      - no-cache
      content-length:
      - '30'
      content-type:
      - application/json; charset=utf-8
      date:
      - Mon, 12 Apr 2021 06:33:45 GMT
      expires:
      - '-1'
      pragma:
      - no-cache
      server:
      - Microsoft-HTTPAPI/2.0
      - Microsoft-HTTPAPI/2.0
      strict-transport-security:
      - max-age=31536000; includeSubDomains
      transfer-encoding:
      - chunked
      vary:
      - Accept-Encoding
      x-content-type-options:
      - nosniff
      x-ms-arm-service-request-id:
      - 8403a480-f484-4a32-9d2d-ba5b9d54fe72
    status:
      code: 200
      message: OK
- request:
    body: null
    headers:
      Accept:
      - application/json
      Accept-Encoding:
      - gzip, deflate
      CommandName:
      - network firewall create
      Connection:
      - keep-alive
      ParameterSetName:
      - -g -n --count --sku --vhub --firewall-policy
      User-Agent:
      - python/3.7.3 (Windows-10-10.0.19041-SP0) msrest/0.6.21 msrest_azure/0.6.3
        azure-mgmt-network/13.0.0 Azure-SDK-For-Python AZURECLI/2.21.0
    method: GET
    uri: https://management.azure.com/subscriptions/00000000-0000-0000-0000-000000000000/providers/Microsoft.Network/locations/westus2/operations/b7a9ed29-e2b6-4814-835d-5a1ac09024a2?api-version=2020-07-01
  response:
    body:
      string: "{\r\n  \"status\": \"InProgress\"\r\n}"
    headers:
      cache-control:
      - no-cache
      content-length:
      - '30'
      content-type:
      - application/json; charset=utf-8
      date:
      - Mon, 12 Apr 2021 06:35:25 GMT
      expires:
      - '-1'
      pragma:
      - no-cache
      server:
      - Microsoft-HTTPAPI/2.0
      - Microsoft-HTTPAPI/2.0
      strict-transport-security:
      - max-age=31536000; includeSubDomains
      transfer-encoding:
      - chunked
      vary:
      - Accept-Encoding
      x-content-type-options:
      - nosniff
      x-ms-arm-service-request-id:
      - 0c67ade4-88f3-4959-b9ee-e8d60b8bd220
    status:
      code: 200
      message: OK
- request:
    body: null
    headers:
      Accept:
      - application/json
      Accept-Encoding:
      - gzip, deflate
      CommandName:
      - network firewall create
      Connection:
      - keep-alive
      ParameterSetName:
      - -g -n --count --sku --vhub --firewall-policy
      User-Agent:
      - python/3.7.3 (Windows-10-10.0.19041-SP0) msrest/0.6.21 msrest_azure/0.6.3
        azure-mgmt-network/13.0.0 Azure-SDK-For-Python AZURECLI/2.21.0
    method: GET
    uri: https://management.azure.com/subscriptions/00000000-0000-0000-0000-000000000000/providers/Microsoft.Network/locations/westus2/operations/b7a9ed29-e2b6-4814-835d-5a1ac09024a2?api-version=2020-07-01
  response:
    body:
      string: "{\r\n  \"status\": \"InProgress\"\r\n}"
    headers:
      cache-control:
      - no-cache
      content-length:
      - '30'
      content-type:
      - application/json; charset=utf-8
      date:
      - Mon, 12 Apr 2021 06:37:05 GMT
      expires:
      - '-1'
      pragma:
      - no-cache
      server:
      - Microsoft-HTTPAPI/2.0
      - Microsoft-HTTPAPI/2.0
      strict-transport-security:
      - max-age=31536000; includeSubDomains
      transfer-encoding:
      - chunked
      vary:
      - Accept-Encoding
      x-content-type-options:
      - nosniff
      x-ms-arm-service-request-id:
      - 46754fce-3631-46a7-8139-6eb8919dac8c
    status:
      code: 200
      message: OK
- request:
    body: null
    headers:
      Accept:
      - application/json
      Accept-Encoding:
      - gzip, deflate
      CommandName:
      - network firewall create
      Connection:
      - keep-alive
      ParameterSetName:
      - -g -n --count --sku --vhub --firewall-policy
      User-Agent:
      - python/3.7.3 (Windows-10-10.0.19041-SP0) msrest/0.6.21 msrest_azure/0.6.3
        azure-mgmt-network/13.0.0 Azure-SDK-For-Python AZURECLI/2.21.0
    method: GET
    uri: https://management.azure.com/subscriptions/00000000-0000-0000-0000-000000000000/providers/Microsoft.Network/locations/westus2/operations/b7a9ed29-e2b6-4814-835d-5a1ac09024a2?api-version=2020-07-01
  response:
    body:
      string: "{\r\n  \"status\": \"InProgress\"\r\n}"
    headers:
      cache-control:
      - no-cache
      content-length:
      - '30'
      content-type:
      - application/json; charset=utf-8
      date:
      - Mon, 12 Apr 2021 06:38:46 GMT
      expires:
      - '-1'
      pragma:
      - no-cache
      server:
      - Microsoft-HTTPAPI/2.0
      - Microsoft-HTTPAPI/2.0
      strict-transport-security:
      - max-age=31536000; includeSubDomains
      transfer-encoding:
      - chunked
      vary:
      - Accept-Encoding
      x-content-type-options:
      - nosniff
      x-ms-arm-service-request-id:
      - ac73189a-e6eb-4e9c-aed7-0f0a85ca3839
    status:
      code: 200
      message: OK
- request:
    body: null
    headers:
      Accept:
      - application/json
      Accept-Encoding:
      - gzip, deflate
      CommandName:
      - network firewall create
      Connection:
      - keep-alive
      ParameterSetName:
      - -g -n --count --sku --vhub --firewall-policy
      User-Agent:
      - python/3.7.3 (Windows-10-10.0.19041-SP0) msrest/0.6.21 msrest_azure/0.6.3
        azure-mgmt-network/13.0.0 Azure-SDK-For-Python AZURECLI/2.21.0
    method: GET
    uri: https://management.azure.com/subscriptions/00000000-0000-0000-0000-000000000000/providers/Microsoft.Network/locations/westus2/operations/b7a9ed29-e2b6-4814-835d-5a1ac09024a2?api-version=2020-07-01
  response:
    body:
      string: "{\r\n  \"status\": \"InProgress\"\r\n}"
    headers:
      cache-control:
      - no-cache
      content-length:
      - '30'
      content-type:
      - application/json; charset=utf-8
      date:
      - Mon, 12 Apr 2021 06:40:28 GMT
      expires:
      - '-1'
      pragma:
      - no-cache
      server:
      - Microsoft-HTTPAPI/2.0
      - Microsoft-HTTPAPI/2.0
      strict-transport-security:
      - max-age=31536000; includeSubDomains
      transfer-encoding:
      - chunked
      vary:
      - Accept-Encoding
      x-content-type-options:
      - nosniff
      x-ms-arm-service-request-id:
      - 06b1f9ea-160c-4b6f-be7f-7d23e718b6d5
    status:
      code: 200
      message: OK
- request:
    body: null
    headers:
      Accept:
      - application/json
      Accept-Encoding:
      - gzip, deflate
      CommandName:
      - network firewall create
      Connection:
      - keep-alive
      ParameterSetName:
      - -g -n --count --sku --vhub --firewall-policy
      User-Agent:
      - python/3.7.3 (Windows-10-10.0.19041-SP0) msrest/0.6.21 msrest_azure/0.6.3
        azure-mgmt-network/13.0.0 Azure-SDK-For-Python AZURECLI/2.21.0
    method: GET
    uri: https://management.azure.com/subscriptions/00000000-0000-0000-0000-000000000000/providers/Microsoft.Network/locations/westus2/operations/b7a9ed29-e2b6-4814-835d-5a1ac09024a2?api-version=2020-07-01
  response:
    body:
      string: "{\r\n  \"status\": \"InProgress\"\r\n}"
    headers:
      cache-control:
      - no-cache
      content-length:
      - '30'
      content-type:
      - application/json; charset=utf-8
      date:
      - Mon, 12 Apr 2021 06:42:08 GMT
      expires:
      - '-1'
      pragma:
      - no-cache
      server:
      - Microsoft-HTTPAPI/2.0
      - Microsoft-HTTPAPI/2.0
      strict-transport-security:
      - max-age=31536000; includeSubDomains
      transfer-encoding:
      - chunked
      vary:
      - Accept-Encoding
      x-content-type-options:
      - nosniff
      x-ms-arm-service-request-id:
      - cb87d34f-4bbc-47df-b08b-1e86889b6ec1
    status:
      code: 200
      message: OK
- request:
    body: null
    headers:
      Accept:
      - application/json
      Accept-Encoding:
      - gzip, deflate
      CommandName:
      - network firewall create
      Connection:
      - keep-alive
      ParameterSetName:
      - -g -n --count --sku --vhub --firewall-policy
      User-Agent:
      - python/3.7.3 (Windows-10-10.0.19041-SP0) msrest/0.6.21 msrest_azure/0.6.3
        azure-mgmt-network/13.0.0 Azure-SDK-For-Python AZURECLI/2.21.0
    method: GET
    uri: https://management.azure.com/subscriptions/00000000-0000-0000-0000-000000000000/providers/Microsoft.Network/locations/westus2/operations/b7a9ed29-e2b6-4814-835d-5a1ac09024a2?api-version=2020-07-01
  response:
    body:
      string: "{\r\n  \"status\": \"Succeeded\"\r\n}"
    headers:
      cache-control:
      - no-cache
      content-length:
      - '29'
      content-type:
      - application/json; charset=utf-8
      date:
      - Mon, 12 Apr 2021 06:43:48 GMT
      expires:
      - '-1'
      pragma:
      - no-cache
      server:
      - Microsoft-HTTPAPI/2.0
      - Microsoft-HTTPAPI/2.0
      strict-transport-security:
      - max-age=31536000; includeSubDomains
      transfer-encoding:
      - chunked
      vary:
      - Accept-Encoding
      x-content-type-options:
      - nosniff
      x-ms-arm-service-request-id:
      - bc5e56aa-56c1-4983-993c-ebf0b31446cc
    status:
      code: 200
      message: OK
- request:
    body: null
    headers:
      Accept:
      - application/json
      Accept-Encoding:
      - gzip, deflate
      CommandName:
      - network firewall create
      Connection:
      - keep-alive
      ParameterSetName:
      - -g -n --count --sku --vhub --firewall-policy
      User-Agent:
      - python/3.7.3 (Windows-10-10.0.19041-SP0) msrest/0.6.21 msrest_azure/0.6.3
        azure-mgmt-network/13.0.0 Azure-SDK-For-Python AZURECLI/2.21.0
    method: GET
    uri: https://management.azure.com/subscriptions/00000000-0000-0000-0000-000000000000/resourceGroups/cli_test_azure_firewall_with_firewall_policy000001/providers/Microsoft.Network/azureFirewalls/af1?api-version=2020-07-01
  response:
    body:
      string: "{\r\n  \"name\": \"af1\",\r\n  \"id\": \"/subscriptions/00000000-0000-0000-0000-000000000000/resourceGroups/cli_test_azure_firewall_with_firewall_policy000001/providers/Microsoft.Network/azureFirewalls/af1\",\r\n
        \ \"etag\": \"W/\\\"d2c9fb6c-337e-40ba-bef2-8b6eae86b966\\\"\",\r\n  \"type\":
        \"Microsoft.Network/azureFirewalls\",\r\n  \"location\": \"westus2\",\r\n
        \ \"properties\": {\r\n    \"provisioningState\": \"Succeeded\",\r\n    \"sku\":
        {\r\n      \"name\": \"AZFW_Hub\",\r\n      \"tier\": \"Standard\"\r\n    },\r\n
        \   \"additionalProperties\": {},\r\n    \"virtualHub\": {\r\n      \"id\":
        \"/subscriptions/00000000-0000-0000-0000-000000000000/resourceGroups/cli_test_azure_firewall_with_firewall_policy000001/providers/Microsoft.Network/virtualHubs/clitestvhub\"\r\n
        \   },\r\n    \"hubIPAddresses\": {\r\n      \"privateIPAddress\": \"10.0.0.132\",\r\n
        \     \"publicIPs\": {\r\n        \"addresses\": [\r\n          {\r\n            \"address\":
        \"20.69.135.91\"\r\n          }\r\n        ],\r\n        \"count\": 1\r\n
        \     }\r\n    },\r\n    \"firewallPolicy\": {\r\n      \"id\": \"/subscriptions/00000000-0000-0000-0000-000000000000/resourceGroups/cli_test_azure_firewall_with_firewall_policy000001/providers/Microsoft.Network/firewallPolicies/myclipolicy\"\r\n
        \   }\r\n  }\r\n}"
    headers:
      cache-control:
      - no-cache
      content-length:
      - '1237'
      content-type:
      - application/json; charset=utf-8
      date:
      - Mon, 12 Apr 2021 06:43:48 GMT
      etag:
      - W/"d2c9fb6c-337e-40ba-bef2-8b6eae86b966"
      expires:
      - '-1'
      pragma:
      - no-cache
      server:
      - Microsoft-HTTPAPI/2.0
      - Microsoft-HTTPAPI/2.0
      strict-transport-security:
      - max-age=31536000; includeSubDomains
      transfer-encoding:
      - chunked
      vary:
      - Accept-Encoding
      x-content-type-options:
      - nosniff
      x-ms-arm-service-request-id:
      - d7cdab04-0426-4e24-86f6-82285f8de04f
    status:
      code: 200
      message: OK
- request:
    body: '{"location": "westus2", "properties": {"firewallPolicy": {"id": "/subscriptions/00000000-0000-0000-0000-000000000000/resourceGroups/cli_test_azure_firewall_with_firewall_policy000001/providers/Microsoft.Network/firewallPolicies/myclipolicy"},
      "additionalProperties": {}}}'
    headers:
      Accept:
      - application/json
      Accept-Encoding:
      - gzip, deflate
      CommandName:
      - network firewall create
      Connection:
      - keep-alive
      Content-Length:
      - '296'
      Content-Type:
      - application/json; charset=utf-8
      ParameterSetName:
      - -g -n -l --firewall-policy
      User-Agent:
      - python/3.7.3 (Windows-10-10.0.19041-SP0) msrest/0.6.21 msrest_azure/0.6.3
        azure-mgmt-network/13.0.0 Azure-SDK-For-Python AZURECLI/2.21.0
      accept-language:
      - en-US
    method: PUT
    uri: https://management.azure.com/subscriptions/00000000-0000-0000-0000-000000000000/resourceGroups/cli_test_azure_firewall_with_firewall_policy000001/providers/Microsoft.Network/azureFirewalls/af2?api-version=2020-07-01
  response:
    body:
      string: "{\r\n  \"name\": \"af2\",\r\n  \"id\": \"/subscriptions/00000000-0000-0000-0000-000000000000/resourceGroups/cli_test_azure_firewall_with_firewall_policy000001/providers/Microsoft.Network/azureFirewalls/af2\",\r\n
        \ \"etag\": \"W/\\\"0bc354e8-79db-467d-b190-a6b6414555ff\\\"\",\r\n  \"type\":
        \"Microsoft.Network/azureFirewalls\",\r\n  \"location\": \"westus2\",\r\n
        \ \"properties\": {\r\n    \"provisioningState\": \"Updating\",\r\n    \"sku\":
        {\r\n      \"name\": \"AZFW_VNet\",\r\n      \"tier\": \"Standard\"\r\n    },\r\n
        \   \"threatIntelMode\": \"Alert\",\r\n    \"additionalProperties\": {},\r\n
        \   \"ipConfigurations\": [],\r\n    \"networkRuleCollections\": [],\r\n    \"applicationRuleCollections\":
        [],\r\n    \"natRuleCollections\": [],\r\n    \"firewallPolicy\": {\r\n      \"id\":
        \"/subscriptions/00000000-0000-0000-0000-000000000000/resourceGroups/cli_test_azure_firewall_with_firewall_policy000001/providers/Microsoft.Network/firewallPolicies/myclipolicy\"\r\n
        \   }\r\n  }\r\n}"
    headers:
      azure-asyncnotification:
      - Enabled
      azure-asyncoperation:
      - https://management.azure.com/subscriptions/00000000-0000-0000-0000-000000000000/providers/Microsoft.Network/locations/westus2/operations/5641f5c9-0f80-4e1f-9826-b528da0f6081?api-version=2020-07-01
      cache-control:
      - no-cache
      content-length:
      - '939'
      content-type:
      - application/json; charset=utf-8
      date:
      - Mon, 12 Apr 2021 06:43:54 GMT
      expires:
      - '-1'
      pragma:
      - no-cache
      server:
      - Microsoft-HTTPAPI/2.0
      - Microsoft-HTTPAPI/2.0
      strict-transport-security:
      - max-age=31536000; includeSubDomains
      x-content-type-options:
      - nosniff
      x-ms-arm-service-request-id:
      - 5ff7854d-c7e4-4471-bd19-0463b0fea04c
      x-ms-ratelimit-remaining-subscription-writes:
      - '1197'
    status:
      code: 201
      message: Created
- request:
    body: null
    headers:
      Accept:
      - application/json
      Accept-Encoding:
      - gzip, deflate
      CommandName:
      - network firewall create
      Connection:
      - keep-alive
      ParameterSetName:
      - -g -n -l --firewall-policy
      User-Agent:
      - python/3.7.3 (Windows-10-10.0.19041-SP0) msrest/0.6.21 msrest_azure/0.6.3
        azure-mgmt-network/13.0.0 Azure-SDK-For-Python AZURECLI/2.21.0
    method: GET
    uri: https://management.azure.com/subscriptions/00000000-0000-0000-0000-000000000000/providers/Microsoft.Network/locations/westus2/operations/5641f5c9-0f80-4e1f-9826-b528da0f6081?api-version=2020-07-01
  response:
    body:
      string: "{\r\n  \"status\": \"Succeeded\"\r\n}"
    headers:
      cache-control:
      - no-cache
      content-length:
      - '29'
      content-type:
      - application/json; charset=utf-8
      date:
      - Mon, 12 Apr 2021 06:44:05 GMT
      expires:
      - '-1'
      pragma:
      - no-cache
      server:
      - Microsoft-HTTPAPI/2.0
      - Microsoft-HTTPAPI/2.0
      strict-transport-security:
      - max-age=31536000; includeSubDomains
      transfer-encoding:
      - chunked
      vary:
      - Accept-Encoding
      x-content-type-options:
      - nosniff
      x-ms-arm-service-request-id:
      - bd9de3d6-4925-40d3-a604-df60e68344d8
    status:
      code: 200
      message: OK
- request:
    body: null
    headers:
      Accept:
      - application/json
      Accept-Encoding:
      - gzip, deflate
      CommandName:
      - network firewall create
      Connection:
      - keep-alive
      ParameterSetName:
      - -g -n -l --firewall-policy
      User-Agent:
      - python/3.7.3 (Windows-10-10.0.19041-SP0) msrest/0.6.21 msrest_azure/0.6.3
        azure-mgmt-network/13.0.0 Azure-SDK-For-Python AZURECLI/2.21.0
    method: GET
    uri: https://management.azure.com/subscriptions/00000000-0000-0000-0000-000000000000/resourceGroups/cli_test_azure_firewall_with_firewall_policy000001/providers/Microsoft.Network/azureFirewalls/af2?api-version=2020-07-01
  response:
    body:
      string: "{\r\n  \"name\": \"af2\",\r\n  \"id\": \"/subscriptions/00000000-0000-0000-0000-000000000000/resourceGroups/cli_test_azure_firewall_with_firewall_policy000001/providers/Microsoft.Network/azureFirewalls/af2\",\r\n
        \ \"etag\": \"W/\\\"440c1df8-f50e-4dce-bd3a-2b57b34dccf0\\\"\",\r\n  \"type\":
        \"Microsoft.Network/azureFirewalls\",\r\n  \"location\": \"westus2\",\r\n
        \ \"properties\": {\r\n    \"provisioningState\": \"Succeeded\",\r\n    \"sku\":
        {\r\n      \"name\": \"AZFW_VNet\",\r\n      \"tier\": \"Standard\"\r\n    },\r\n
        \   \"threatIntelMode\": \"Alert\",\r\n    \"additionalProperties\": {},\r\n
        \   \"ipConfigurations\": [],\r\n    \"networkRuleCollections\": [],\r\n    \"applicationRuleCollections\":
        [],\r\n    \"natRuleCollections\": [],\r\n    \"firewallPolicy\": {\r\n      \"id\":
        \"/subscriptions/00000000-0000-0000-0000-000000000000/resourceGroups/cli_test_azure_firewall_with_firewall_policy000001/providers/Microsoft.Network/firewallPolicies/myclipolicy\"\r\n
        \   }\r\n  }\r\n}"
    headers:
      cache-control:
      - no-cache
      content-length:
      - '940'
      content-type:
      - application/json; charset=utf-8
      date:
      - Mon, 12 Apr 2021 06:44:06 GMT
      etag:
      - W/"440c1df8-f50e-4dce-bd3a-2b57b34dccf0"
      expires:
      - '-1'
      pragma:
      - no-cache
      server:
      - Microsoft-HTTPAPI/2.0
      - Microsoft-HTTPAPI/2.0
      strict-transport-security:
      - max-age=31536000; includeSubDomains
      transfer-encoding:
      - chunked
      vary:
      - Accept-Encoding
      x-content-type-options:
      - nosniff
      x-ms-arm-service-request-id:
      - 5d371d50-b833-4d84-9ab3-ec061b235280
    status:
      code: 200
      message: OK
- request:
    body: '{"location": "westus2", "sku": {"name": "Standard"}, "properties": {"publicIPAllocationMethod":
      "Static", "publicIPAddressVersion": "IPv4", "idleTimeoutInMinutes": 4}}'
    headers:
      Accept:
      - application/json
      Accept-Encoding:
      - gzip, deflate
      CommandName:
      - network public-ip create
      Connection:
      - keep-alive
      Content-Length:
      - '167'
      Content-Type:
      - application/json
      ParameterSetName:
      - -g -n -l --sku
      User-Agent:
      - AZURECLI/2.21.0 azsdk-python-azure-mgmt-network/18.0.0 Python/3.7.3 (Windows-10-10.0.19041-SP0)
    method: PUT
    uri: https://management.azure.com/subscriptions/00000000-0000-0000-0000-000000000000/resourceGroups/cli_test_azure_firewall_with_firewall_policy000001/providers/Microsoft.Network/publicIPAddresses/pubip?api-version=2020-11-01
  response:
    body:
      string: "{\r\n  \"name\": \"pubip\",\r\n  \"id\": \"/subscriptions/00000000-0000-0000-0000-000000000000/resourceGroups/cli_test_azure_firewall_with_firewall_policy000001/providers/Microsoft.Network/publicIPAddresses/pubip\",\r\n
        \ \"etag\": \"W/\\\"2a9996b7-bdaa-47e0-aacd-3e658cf6ae2a\\\"\",\r\n  \"location\":
        \"westus2\",\r\n  \"properties\": {\r\n    \"provisioningState\": \"Updating\",\r\n
        \   \"resourceGuid\": \"dcb90c60-0a64-4d42-8c1f-d3bb0345e0a3\",\r\n    \"publicIPAddressVersion\":
        \"IPv4\",\r\n    \"publicIPAllocationMethod\": \"Static\",\r\n    \"idleTimeoutInMinutes\":
        4,\r\n    \"ipTags\": []\r\n  },\r\n  \"type\": \"Microsoft.Network/publicIPAddresses\",\r\n
        \ \"sku\": {\r\n    \"name\": \"Standard\",\r\n    \"tier\": \"Regional\"\r\n
        \ }\r\n}"
    headers:
      azure-asyncnotification:
      - Enabled
      azure-asyncoperation:
      - https://management.azure.com/subscriptions/00000000-0000-0000-0000-000000000000/providers/Microsoft.Network/locations/westus2/operations/1d96527d-8389-48f2-99ba-b2ac45307bc2?api-version=2020-11-01
      cache-control:
      - no-cache
      content-length:
      - '686'
      content-type:
      - application/json; charset=utf-8
      date:
      - Mon, 12 Apr 2021 06:44:14 GMT
      expires:
      - '-1'
      pragma:
      - no-cache
      server:
      - Microsoft-HTTPAPI/2.0
      - Microsoft-HTTPAPI/2.0
      strict-transport-security:
      - max-age=31536000; includeSubDomains
      x-content-type-options:
      - nosniff
      x-ms-arm-service-request-id:
      - 04088667-a28f-4017-9081-bd1e4fa956da
      x-ms-ratelimit-remaining-subscription-writes:
      - '1198'
    status:
      code: 201
      message: Created
- request:
    body: null
    headers:
      Accept:
      - '*/*'
      Accept-Encoding:
      - gzip, deflate
      CommandName:
      - network public-ip create
      Connection:
      - keep-alive
      ParameterSetName:
      - -g -n -l --sku
      User-Agent:
      - AZURECLI/2.21.0 azsdk-python-azure-mgmt-network/18.0.0 Python/3.7.3 (Windows-10-10.0.19041-SP0)
    method: GET
    uri: https://management.azure.com/subscriptions/00000000-0000-0000-0000-000000000000/providers/Microsoft.Network/locations/westus2/operations/1d96527d-8389-48f2-99ba-b2ac45307bc2?api-version=2020-11-01
  response:
    body:
      string: "{\r\n  \"status\": \"Succeeded\"\r\n}"
    headers:
      cache-control:
      - no-cache
      content-length:
      - '29'
      content-type:
      - application/json; charset=utf-8
      date:
      - Mon, 12 Apr 2021 06:44:15 GMT
      expires:
      - '-1'
      pragma:
      - no-cache
      server:
      - Microsoft-HTTPAPI/2.0
      - Microsoft-HTTPAPI/2.0
      strict-transport-security:
      - max-age=31536000; includeSubDomains
      transfer-encoding:
      - chunked
      vary:
      - Accept-Encoding
      x-content-type-options:
      - nosniff
      x-ms-arm-service-request-id:
      - 6d54e2c7-0e17-457b-a077-3acf4501e844
    status:
      code: 200
      message: OK
- request:
    body: null
    headers:
      Accept:
      - '*/*'
      Accept-Encoding:
      - gzip, deflate
      CommandName:
      - network public-ip create
      Connection:
      - keep-alive
      ParameterSetName:
      - -g -n -l --sku
      User-Agent:
      - AZURECLI/2.21.0 azsdk-python-azure-mgmt-network/18.0.0 Python/3.7.3 (Windows-10-10.0.19041-SP0)
    method: GET
    uri: https://management.azure.com/subscriptions/00000000-0000-0000-0000-000000000000/resourceGroups/cli_test_azure_firewall_with_firewall_policy000001/providers/Microsoft.Network/publicIPAddresses/pubip?api-version=2020-11-01
  response:
    body:
      string: "{\r\n  \"name\": \"pubip\",\r\n  \"id\": \"/subscriptions/00000000-0000-0000-0000-000000000000/resourceGroups/cli_test_azure_firewall_with_firewall_policy000001/providers/Microsoft.Network/publicIPAddresses/pubip\",\r\n
        \ \"etag\": \"W/\\\"78977da4-3271-4250-a3ad-1e6a8d6f9faf\\\"\",\r\n  \"location\":
        \"westus2\",\r\n  \"properties\": {\r\n    \"provisioningState\": \"Succeeded\",\r\n
        \   \"resourceGuid\": \"dcb90c60-0a64-4d42-8c1f-d3bb0345e0a3\",\r\n    \"ipAddress\":
        \"13.66.224.174\",\r\n    \"publicIPAddressVersion\": \"IPv4\",\r\n    \"publicIPAllocationMethod\":
        \"Static\",\r\n    \"idleTimeoutInMinutes\": 4,\r\n    \"ipTags\": []\r\n
        \ },\r\n  \"type\": \"Microsoft.Network/publicIPAddresses\",\r\n  \"sku\":
        {\r\n    \"name\": \"Standard\",\r\n    \"tier\": \"Regional\"\r\n  }\r\n}"
    headers:
      cache-control:
      - no-cache
      content-length:
      - '722'
      content-type:
      - application/json; charset=utf-8
      date:
      - Mon, 12 Apr 2021 06:44:15 GMT
      etag:
      - W/"78977da4-3271-4250-a3ad-1e6a8d6f9faf"
      expires:
      - '-1'
      pragma:
      - no-cache
      server:
      - Microsoft-HTTPAPI/2.0
      - Microsoft-HTTPAPI/2.0
      strict-transport-security:
      - max-age=31536000; includeSubDomains
      transfer-encoding:
      - chunked
      vary:
      - Accept-Encoding
      x-content-type-options:
      - nosniff
      x-ms-arm-service-request-id:
      - 34c2c9e9-acf7-468d-94c0-e178343a34fc
    status:
      code: 200
      message: OK
- request:
    body: '{"location": "westus2", "tags": {}, "properties": {"addressSpace": {"addressPrefixes":
      ["10.0.0.0/16"]}, "dhcpOptions": {}, "subnets": [{"name": "AzureFirewallSubnet",
      "properties": {"addressPrefix": "10.0.0.0/24"}}]}}'
    headers:
      Accept:
      - application/json
      Accept-Encoding:
      - gzip, deflate
      CommandName:
      - network vnet create
      Connection:
      - keep-alive
      Content-Length:
      - '218'
      Content-Type:
      - application/json
      ParameterSetName:
      - -g -n --subnet-name -l --address-prefixes --subnet-prefixes
      User-Agent:
      - AZURECLI/2.21.0 azsdk-python-azure-mgmt-network/18.0.0 Python/3.7.3 (Windows-10-10.0.19041-SP0)
    method: PUT
    uri: https://management.azure.com/subscriptions/00000000-0000-0000-0000-000000000000/resourceGroups/cli_test_azure_firewall_with_firewall_policy000001/providers/Microsoft.Network/virtualNetworks/myvnet?api-version=2020-11-01
  response:
    body:
      string: "{\r\n  \"name\": \"myvnet\",\r\n  \"id\": \"/subscriptions/00000000-0000-0000-0000-000000000000/resourceGroups/cli_test_azure_firewall_with_firewall_policy000001/providers/Microsoft.Network/virtualNetworks/myvnet\",\r\n
        \ \"etag\": \"W/\\\"2dd7b397-06b7-4bdf-a02f-67bfc3349cc5\\\"\",\r\n  \"type\":
        \"Microsoft.Network/virtualNetworks\",\r\n  \"location\": \"westus2\",\r\n
        \ \"tags\": {},\r\n  \"properties\": {\r\n    \"provisioningState\": \"Updating\",\r\n
        \   \"resourceGuid\": \"8ed5ead9-fc5f-4525-b9b1-15e163624bc0\",\r\n    \"addressSpace\":
        {\r\n      \"addressPrefixes\": [\r\n        \"10.0.0.0/16\"\r\n      ]\r\n
        \   },\r\n    \"dhcpOptions\": {\r\n      \"dnsServers\": []\r\n    },\r\n
        \   \"subnets\": [\r\n      {\r\n        \"name\": \"AzureFirewallSubnet\",\r\n
        \       \"id\": \"/subscriptions/00000000-0000-0000-0000-000000000000/resourceGroups/cli_test_azure_firewall_with_firewall_policy000001/providers/Microsoft.Network/virtualNetworks/myvnet/subnets/AzureFirewallSubnet\",\r\n
        \       \"etag\": \"W/\\\"2dd7b397-06b7-4bdf-a02f-67bfc3349cc5\\\"\",\r\n
        \       \"properties\": {\r\n          \"provisioningState\": \"Updating\",\r\n
        \         \"addressPrefix\": \"10.0.0.0/24\",\r\n          \"delegations\":
        [],\r\n          \"privateEndpointNetworkPolicies\": \"Enabled\",\r\n          \"privateLinkServiceNetworkPolicies\":
        \"Enabled\"\r\n        },\r\n        \"type\": \"Microsoft.Network/virtualNetworks/subnets\"\r\n
        \     }\r\n    ],\r\n    \"virtualNetworkPeerings\": [],\r\n    \"enableDdosProtection\":
        false\r\n  }\r\n}"
    headers:
      azure-asyncnotification:
      - Enabled
      azure-asyncoperation:
      - https://management.azure.com/subscriptions/00000000-0000-0000-0000-000000000000/providers/Microsoft.Network/locations/westus2/operations/94337138-dc8d-4e1b-9df5-08e5fea5c16e?api-version=2020-11-01
      cache-control:
      - no-cache
      content-length:
      - '1431'
      content-type:
      - application/json; charset=utf-8
      date:
      - Mon, 12 Apr 2021 06:44:21 GMT
      expires:
      - '-1'
      pragma:
      - no-cache
      server:
      - Microsoft-HTTPAPI/2.0
      - Microsoft-HTTPAPI/2.0
      strict-transport-security:
      - max-age=31536000; includeSubDomains
      x-content-type-options:
      - nosniff
      x-ms-arm-service-request-id:
      - 57cc3e69-802d-4843-847d-911653269214
      x-ms-ratelimit-remaining-subscription-writes:
      - '1198'
    status:
      code: 201
      message: Created
- request:
    body: null
    headers:
      Accept:
      - '*/*'
      Accept-Encoding:
      - gzip, deflate
      CommandName:
      - network vnet create
      Connection:
      - keep-alive
      ParameterSetName:
      - -g -n --subnet-name -l --address-prefixes --subnet-prefixes
      User-Agent:
      - AZURECLI/2.21.0 azsdk-python-azure-mgmt-network/18.0.0 Python/3.7.3 (Windows-10-10.0.19041-SP0)
    method: GET
    uri: https://management.azure.com/subscriptions/00000000-0000-0000-0000-000000000000/providers/Microsoft.Network/locations/westus2/operations/94337138-dc8d-4e1b-9df5-08e5fea5c16e?api-version=2020-11-01
  response:
    body:
      string: "{\r\n  \"status\": \"InProgress\"\r\n}"
    headers:
      cache-control:
      - no-cache
      content-length:
      - '30'
      content-type:
      - application/json; charset=utf-8
      date:
      - Mon, 12 Apr 2021 06:44:24 GMT
      expires:
      - '-1'
      pragma:
      - no-cache
      server:
      - Microsoft-HTTPAPI/2.0
      - Microsoft-HTTPAPI/2.0
      strict-transport-security:
      - max-age=31536000; includeSubDomains
      transfer-encoding:
      - chunked
      vary:
      - Accept-Encoding
      x-content-type-options:
      - nosniff
      x-ms-arm-service-request-id:
      - 06c908e1-04fe-4011-a580-cc9cabc3df16
    status:
      code: 200
      message: OK
- request:
    body: null
    headers:
      Accept:
      - '*/*'
      Accept-Encoding:
      - gzip, deflate
      CommandName:
      - network vnet create
      Connection:
      - keep-alive
      ParameterSetName:
      - -g -n --subnet-name -l --address-prefixes --subnet-prefixes
      User-Agent:
      - AZURECLI/2.21.0 azsdk-python-azure-mgmt-network/18.0.0 Python/3.7.3 (Windows-10-10.0.19041-SP0)
    method: GET
    uri: https://management.azure.com/subscriptions/00000000-0000-0000-0000-000000000000/providers/Microsoft.Network/locations/westus2/operations/94337138-dc8d-4e1b-9df5-08e5fea5c16e?api-version=2020-11-01
  response:
    body:
      string: "{\r\n  \"status\": \"InProgress\"\r\n}"
    headers:
      cache-control:
      - no-cache
      content-length:
      - '30'
      content-type:
      - application/json; charset=utf-8
      date:
      - Mon, 12 Apr 2021 06:44:36 GMT
      expires:
      - '-1'
      pragma:
      - no-cache
      server:
      - Microsoft-HTTPAPI/2.0
      - Microsoft-HTTPAPI/2.0
      strict-transport-security:
      - max-age=31536000; includeSubDomains
      transfer-encoding:
      - chunked
      vary:
      - Accept-Encoding
      x-content-type-options:
      - nosniff
      x-ms-arm-service-request-id:
      - 9ceed392-77fa-4581-9432-6bee33f1bb96
    status:
      code: 200
      message: OK
- request:
    body: null
    headers:
      Accept:
      - '*/*'
      Accept-Encoding:
      - gzip, deflate
      CommandName:
      - network vnet create
      Connection:
      - keep-alive
      ParameterSetName:
      - -g -n --subnet-name -l --address-prefixes --subnet-prefixes
      User-Agent:
      - AZURECLI/2.21.0 azsdk-python-azure-mgmt-network/18.0.0 Python/3.7.3 (Windows-10-10.0.19041-SP0)
    method: GET
    uri: https://management.azure.com/subscriptions/00000000-0000-0000-0000-000000000000/providers/Microsoft.Network/locations/westus2/operations/94337138-dc8d-4e1b-9df5-08e5fea5c16e?api-version=2020-11-01
  response:
    body:
      string: "{\r\n  \"status\": \"Succeeded\"\r\n}"
    headers:
      cache-control:
      - no-cache
      content-length:
      - '29'
      content-type:
      - application/json; charset=utf-8
      date:
      - Mon, 12 Apr 2021 06:44:56 GMT
      expires:
      - '-1'
      pragma:
      - no-cache
      server:
      - Microsoft-HTTPAPI/2.0
      - Microsoft-HTTPAPI/2.0
      strict-transport-security:
      - max-age=31536000; includeSubDomains
      transfer-encoding:
      - chunked
      vary:
      - Accept-Encoding
      x-content-type-options:
      - nosniff
      x-ms-arm-service-request-id:
      - 60505d65-d5a6-4da5-82bc-6a698cee8a1e
    status:
      code: 200
      message: OK
- request:
    body: null
    headers:
      Accept:
      - '*/*'
      Accept-Encoding:
      - gzip, deflate
      CommandName:
      - network vnet create
      Connection:
      - keep-alive
      ParameterSetName:
      - -g -n --subnet-name -l --address-prefixes --subnet-prefixes
      User-Agent:
      - AZURECLI/2.21.0 azsdk-python-azure-mgmt-network/18.0.0 Python/3.7.3 (Windows-10-10.0.19041-SP0)
    method: GET
    uri: https://management.azure.com/subscriptions/00000000-0000-0000-0000-000000000000/resourceGroups/cli_test_azure_firewall_with_firewall_policy000001/providers/Microsoft.Network/virtualNetworks/myvnet?api-version=2020-11-01
  response:
    body:
      string: "{\r\n  \"name\": \"myvnet\",\r\n  \"id\": \"/subscriptions/00000000-0000-0000-0000-000000000000/resourceGroups/cli_test_azure_firewall_with_firewall_policy000001/providers/Microsoft.Network/virtualNetworks/myvnet\",\r\n
        \ \"etag\": \"W/\\\"6a59a0d5-edb6-4dba-8adf-267995cd32c0\\\"\",\r\n  \"type\":
        \"Microsoft.Network/virtualNetworks\",\r\n  \"location\": \"westus2\",\r\n
        \ \"tags\": {},\r\n  \"properties\": {\r\n    \"provisioningState\": \"Succeeded\",\r\n
        \   \"resourceGuid\": \"8ed5ead9-fc5f-4525-b9b1-15e163624bc0\",\r\n    \"addressSpace\":
        {\r\n      \"addressPrefixes\": [\r\n        \"10.0.0.0/16\"\r\n      ]\r\n
        \   },\r\n    \"dhcpOptions\": {\r\n      \"dnsServers\": []\r\n    },\r\n
        \   \"subnets\": [\r\n      {\r\n        \"name\": \"AzureFirewallSubnet\",\r\n
        \       \"id\": \"/subscriptions/00000000-0000-0000-0000-000000000000/resourceGroups/cli_test_azure_firewall_with_firewall_policy000001/providers/Microsoft.Network/virtualNetworks/myvnet/subnets/AzureFirewallSubnet\",\r\n
        \       \"etag\": \"W/\\\"6a59a0d5-edb6-4dba-8adf-267995cd32c0\\\"\",\r\n
        \       \"properties\": {\r\n          \"provisioningState\": \"Succeeded\",\r\n
        \         \"addressPrefix\": \"10.0.0.0/24\",\r\n          \"delegations\":
        [],\r\n          \"privateEndpointNetworkPolicies\": \"Enabled\",\r\n          \"privateLinkServiceNetworkPolicies\":
        \"Enabled\"\r\n        },\r\n        \"type\": \"Microsoft.Network/virtualNetworks/subnets\"\r\n
        \     }\r\n    ],\r\n    \"virtualNetworkPeerings\": [],\r\n    \"enableDdosProtection\":
        false\r\n  }\r\n}"
    headers:
      cache-control:
      - no-cache
      content-length:
      - '1433'
      content-type:
      - application/json; charset=utf-8
      date:
      - Mon, 12 Apr 2021 06:44:56 GMT
      etag:
      - W/"6a59a0d5-edb6-4dba-8adf-267995cd32c0"
      expires:
      - '-1'
      pragma:
      - no-cache
      server:
      - Microsoft-HTTPAPI/2.0
      - Microsoft-HTTPAPI/2.0
      strict-transport-security:
      - max-age=31536000; includeSubDomains
      transfer-encoding:
      - chunked
      vary:
      - Accept-Encoding
      x-content-type-options:
      - nosniff
      x-ms-arm-service-request-id:
      - d9c29f63-4852-407f-b26e-a88f218db37c
    status:
      code: 200
      message: OK
- request:
    body: null
    headers:
      Accept:
      - application/json
      Accept-Encoding:
      - gzip, deflate
      CommandName:
      - network firewall ip-config create
      Connection:
      - keep-alive
      ParameterSetName:
      - -g -n -f --public-ip-address --vnet-name
      User-Agent:
      - python/3.7.3 (Windows-10-10.0.19041-SP0) msrest/0.6.21 msrest_azure/0.6.3
        azure-mgmt-network/13.0.0 Azure-SDK-For-Python AZURECLI/2.21.0
      accept-language:
      - en-US
    method: GET
    uri: https://management.azure.com/subscriptions/00000000-0000-0000-0000-000000000000/resourceGroups/cli_test_azure_firewall_with_firewall_policy000001/providers/Microsoft.Network/azureFirewalls/af2?api-version=2020-07-01
  response:
    body:
      string: "{\r\n  \"name\": \"af2\",\r\n  \"id\": \"/subscriptions/00000000-0000-0000-0000-000000000000/resourceGroups/cli_test_azure_firewall_with_firewall_policy000001/providers/Microsoft.Network/azureFirewalls/af2\",\r\n
        \ \"etag\": \"W/\\\"440c1df8-f50e-4dce-bd3a-2b57b34dccf0\\\"\",\r\n  \"type\":
        \"Microsoft.Network/azureFirewalls\",\r\n  \"location\": \"westus2\",\r\n
        \ \"properties\": {\r\n    \"provisioningState\": \"Succeeded\",\r\n    \"sku\":
        {\r\n      \"name\": \"AZFW_VNet\",\r\n      \"tier\": \"Standard\"\r\n    },\r\n
        \   \"threatIntelMode\": \"Alert\",\r\n    \"additionalProperties\": {},\r\n
        \   \"ipConfigurations\": [],\r\n    \"networkRuleCollections\": [],\r\n    \"applicationRuleCollections\":
        [],\r\n    \"natRuleCollections\": [],\r\n    \"firewallPolicy\": {\r\n      \"id\":
        \"/subscriptions/00000000-0000-0000-0000-000000000000/resourceGroups/cli_test_azure_firewall_with_firewall_policy000001/providers/Microsoft.Network/firewallPolicies/myclipolicy\"\r\n
        \   }\r\n  }\r\n}"
    headers:
      cache-control:
      - no-cache
      content-length:
      - '940'
      content-type:
      - application/json; charset=utf-8
      date:
      - Mon, 12 Apr 2021 06:44:56 GMT
      etag:
      - W/"440c1df8-f50e-4dce-bd3a-2b57b34dccf0"
      expires:
      - '-1'
      pragma:
      - no-cache
      server:
      - Microsoft-HTTPAPI/2.0
      - Microsoft-HTTPAPI/2.0
      strict-transport-security:
      - max-age=31536000; includeSubDomains
      transfer-encoding:
      - chunked
      vary:
      - Accept-Encoding
      x-content-type-options:
      - nosniff
      x-ms-arm-service-request-id:
      - 24063147-e82d-45cb-b66a-1a74e43ea5ff
    status:
      code: 200
      message: OK
- request:
    body: '{"id": "/subscriptions/00000000-0000-0000-0000-000000000000/resourceGroups/cli_test_azure_firewall_with_firewall_policy000001/providers/Microsoft.Network/azureFirewalls/af2",
      "location": "westus2", "properties": {"applicationRuleCollections": [], "natRuleCollections":
      [], "networkRuleCollections": [], "ipConfigurations": [{"properties": {"subnet":
      {"id": "/subscriptions/00000000-0000-0000-0000-000000000000/resourceGroups/cli_test_azure_firewall_with_firewall_policy000001/providers/Microsoft.Network/virtualNetworks/myvnet/subnets/AzureFirewallSubnet"},
      "publicIPAddress": {"id": "/subscriptions/00000000-0000-0000-0000-000000000000/resourceGroups/cli_test_azure_firewall_with_firewall_policy000001/providers/Microsoft.Network/publicIPAddresses/pubip"}},
      "name": "myipconfig1"}], "threatIntelMode": "Alert", "firewallPolicy": {"id":
      "/subscriptions/00000000-0000-0000-0000-000000000000/resourceGroups/cli_test_azure_firewall_with_firewall_policy000001/providers/Microsoft.Network/firewallPolicies/myclipolicy"},
      "sku": {"name": "AZFW_VNet", "tier": "Standard"}, "additionalProperties": {}}}'
    headers:
      Accept:
      - application/json
      Accept-Encoding:
      - gzip, deflate
      CommandName:
      - network firewall ip-config create
      Connection:
      - keep-alive
      Content-Length:
      - '1194'
      Content-Type:
      - application/json; charset=utf-8
      ParameterSetName:
      - -g -n -f --public-ip-address --vnet-name
      User-Agent:
      - python/3.7.3 (Windows-10-10.0.19041-SP0) msrest/0.6.21 msrest_azure/0.6.3
        azure-mgmt-network/13.0.0 Azure-SDK-For-Python AZURECLI/2.21.0
      accept-language:
      - en-US
    method: PUT
    uri: https://management.azure.com/subscriptions/00000000-0000-0000-0000-000000000000/resourceGroups/cli_test_azure_firewall_with_firewall_policy000001/providers/Microsoft.Network/azureFirewalls/af2?api-version=2020-07-01
  response:
    body:
      string: "{\r\n  \"name\": \"af2\",\r\n  \"id\": \"/subscriptions/00000000-0000-0000-0000-000000000000/resourceGroups/cli_test_azure_firewall_with_firewall_policy000001/providers/Microsoft.Network/azureFirewalls/af2\",\r\n
        \ \"etag\": \"W/\\\"b03dc96b-6a6c-40db-a09d-21905ff36576\\\"\",\r\n  \"type\":
        \"Microsoft.Network/azureFirewalls\",\r\n  \"location\": \"westus2\",\r\n
        \ \"properties\": {\r\n    \"provisioningState\": \"Updating\",\r\n    \"sku\":
        {\r\n      \"name\": \"AZFW_VNet\",\r\n      \"tier\": \"Standard\"\r\n    },\r\n
        \   \"threatIntelMode\": \"Alert\",\r\n    \"additionalProperties\": {},\r\n
        \   \"ipConfigurations\": [\r\n      {\r\n        \"name\": \"myipconfig1\",\r\n
        \       \"id\": \"/subscriptions/00000000-0000-0000-0000-000000000000/resourceGroups/cli_test_azure_firewall_with_firewall_policy000001/providers/Microsoft.Network/azureFirewalls/af2/azureFirewallIpConfigurations/myipconfig1\",\r\n
        \       \"etag\": \"W/\\\"b03dc96b-6a6c-40db-a09d-21905ff36576\\\"\",\r\n
        \       \"type\": \"Microsoft.Network/azureFirewalls/azureFirewallIpConfigurations\",\r\n
        \       \"properties\": {\r\n          \"provisioningState\": \"Succeeded\",\r\n
        \         \"privateIPAllocationMethod\": \"Dynamic\",\r\n          \"publicIPAddress\":
        {\r\n            \"id\": \"/subscriptions/00000000-0000-0000-0000-000000000000/resourceGroups/cli_test_azure_firewall_with_firewall_policy000001/providers/Microsoft.Network/publicIPAddresses/pubip\"\r\n
        \         },\r\n          \"subnet\": {\r\n            \"id\": \"/subscriptions/00000000-0000-0000-0000-000000000000/resourceGroups/cli_test_azure_firewall_with_firewall_policy000001/providers/Microsoft.Network/virtualNetworks/myvnet/subnets/AzureFirewallSubnet\"\r\n
        \         }\r\n        }\r\n      }\r\n    ],\r\n    \"networkRuleCollections\":
        [],\r\n    \"applicationRuleCollections\": [],\r\n    \"natRuleCollections\":
        [],\r\n    \"firewallPolicy\": {\r\n      \"id\": \"/subscriptions/00000000-0000-0000-0000-000000000000/resourceGroups/cli_test_azure_firewall_with_firewall_policy000001/providers/Microsoft.Network/firewallPolicies/myclipolicy\"\r\n
        \   }\r\n  }\r\n}"
    headers:
      azure-asyncoperation:
      - https://management.azure.com/subscriptions/00000000-0000-0000-0000-000000000000/providers/Microsoft.Network/locations/westus2/operations/8bf4c636-645b-4103-a6cf-dcd92e4ae088?api-version=2020-07-01
      cache-control:
      - no-cache
      content-length:
      - '2064'
      content-type:
      - application/json; charset=utf-8
      date:
      - Mon, 12 Apr 2021 06:44:57 GMT
      expires:
      - '-1'
      pragma:
      - no-cache
      server:
      - Microsoft-HTTPAPI/2.0
      - Microsoft-HTTPAPI/2.0
      strict-transport-security:
      - max-age=31536000; includeSubDomains
      transfer-encoding:
      - chunked
      vary:
      - Accept-Encoding
      x-content-type-options:
      - nosniff
      x-ms-arm-service-request-id:
      - 2762528b-c45f-4352-ac74-693ef33b4785
      x-ms-ratelimit-remaining-subscription-writes:
      - '1197'
    status:
      code: 200
      message: OK
- request:
    body: null
    headers:
      Accept:
      - application/json
      Accept-Encoding:
      - gzip, deflate
      CommandName:
      - network firewall ip-config create
      Connection:
      - keep-alive
      ParameterSetName:
      - -g -n -f --public-ip-address --vnet-name
      User-Agent:
      - python/3.7.3 (Windows-10-10.0.19041-SP0) msrest/0.6.21 msrest_azure/0.6.3
        azure-mgmt-network/13.0.0 Azure-SDK-For-Python AZURECLI/2.21.0
    method: GET
    uri: https://management.azure.com/subscriptions/00000000-0000-0000-0000-000000000000/providers/Microsoft.Network/locations/westus2/operations/8bf4c636-645b-4103-a6cf-dcd92e4ae088?api-version=2020-07-01
  response:
    body:
      string: "{\r\n  \"status\": \"InProgress\"\r\n}"
    headers:
      cache-control:
      - no-cache
      content-length:
      - '30'
      content-type:
      - application/json; charset=utf-8
      date:
      - Mon, 12 Apr 2021 06:45:08 GMT
      expires:
      - '-1'
      pragma:
      - no-cache
      server:
      - Microsoft-HTTPAPI/2.0
      - Microsoft-HTTPAPI/2.0
      strict-transport-security:
      - max-age=31536000; includeSubDomains
      transfer-encoding:
      - chunked
      vary:
      - Accept-Encoding
      x-content-type-options:
      - nosniff
      x-ms-arm-service-request-id:
      - ebdec465-54e0-46b5-9beb-47f92def5b29
    status:
      code: 200
      message: OK
- request:
    body: null
    headers:
      Accept:
      - application/json
      Accept-Encoding:
      - gzip, deflate
      CommandName:
      - network firewall ip-config create
      Connection:
      - keep-alive
      ParameterSetName:
      - -g -n -f --public-ip-address --vnet-name
      User-Agent:
      - python/3.7.3 (Windows-10-10.0.19041-SP0) msrest/0.6.21 msrest_azure/0.6.3
        azure-mgmt-network/13.0.0 Azure-SDK-For-Python AZURECLI/2.21.0
    method: GET
    uri: https://management.azure.com/subscriptions/00000000-0000-0000-0000-000000000000/providers/Microsoft.Network/locations/westus2/operations/8bf4c636-645b-4103-a6cf-dcd92e4ae088?api-version=2020-07-01
  response:
    body:
      string: "{\r\n  \"status\": \"InProgress\"\r\n}"
    headers:
      cache-control:
      - no-cache
      content-length:
      - '30'
      content-type:
      - application/json; charset=utf-8
      date:
      - Mon, 12 Apr 2021 06:45:18 GMT
      expires:
      - '-1'
      pragma:
      - no-cache
      server:
      - Microsoft-HTTPAPI/2.0
      - Microsoft-HTTPAPI/2.0
      strict-transport-security:
      - max-age=31536000; includeSubDomains
      transfer-encoding:
      - chunked
      vary:
      - Accept-Encoding
      x-content-type-options:
      - nosniff
      x-ms-arm-service-request-id:
      - e68201c0-5565-4672-97dc-f4aa49283e22
    status:
      code: 200
      message: OK
- request:
    body: null
    headers:
      Accept:
      - application/json
      Accept-Encoding:
      - gzip, deflate
      CommandName:
      - network firewall ip-config create
      Connection:
      - keep-alive
      ParameterSetName:
      - -g -n -f --public-ip-address --vnet-name
      User-Agent:
      - python/3.7.3 (Windows-10-10.0.19041-SP0) msrest/0.6.21 msrest_azure/0.6.3
        azure-mgmt-network/13.0.0 Azure-SDK-For-Python AZURECLI/2.21.0
    method: GET
    uri: https://management.azure.com/subscriptions/00000000-0000-0000-0000-000000000000/providers/Microsoft.Network/locations/westus2/operations/8bf4c636-645b-4103-a6cf-dcd92e4ae088?api-version=2020-07-01
  response:
    body:
      string: "{\r\n  \"status\": \"InProgress\"\r\n}"
    headers:
      cache-control:
      - no-cache
      content-length:
      - '30'
      content-type:
      - application/json; charset=utf-8
      date:
      - Mon, 12 Apr 2021 06:45:38 GMT
      expires:
      - '-1'
      pragma:
      - no-cache
      server:
      - Microsoft-HTTPAPI/2.0
      - Microsoft-HTTPAPI/2.0
      strict-transport-security:
      - max-age=31536000; includeSubDomains
      transfer-encoding:
      - chunked
      vary:
      - Accept-Encoding
      x-content-type-options:
      - nosniff
      x-ms-arm-service-request-id:
      - 7811bb29-ab90-4381-a598-8d66a04f88cd
    status:
      code: 200
      message: OK
- request:
    body: null
    headers:
      Accept:
      - application/json
      Accept-Encoding:
      - gzip, deflate
      CommandName:
      - network firewall ip-config create
      Connection:
      - keep-alive
      ParameterSetName:
      - -g -n -f --public-ip-address --vnet-name
      User-Agent:
      - python/3.7.3 (Windows-10-10.0.19041-SP0) msrest/0.6.21 msrest_azure/0.6.3
        azure-mgmt-network/13.0.0 Azure-SDK-For-Python AZURECLI/2.21.0
    method: GET
    uri: https://management.azure.com/subscriptions/00000000-0000-0000-0000-000000000000/providers/Microsoft.Network/locations/westus2/operations/8bf4c636-645b-4103-a6cf-dcd92e4ae088?api-version=2020-07-01
  response:
    body:
      string: "{\r\n  \"status\": \"InProgress\"\r\n}"
    headers:
      cache-control:
      - no-cache
      content-length:
      - '30'
      content-type:
      - application/json; charset=utf-8
      date:
      - Mon, 12 Apr 2021 06:46:19 GMT
      expires:
      - '-1'
      pragma:
      - no-cache
      server:
      - Microsoft-HTTPAPI/2.0
      - Microsoft-HTTPAPI/2.0
      strict-transport-security:
      - max-age=31536000; includeSubDomains
      transfer-encoding:
      - chunked
      vary:
      - Accept-Encoding
      x-content-type-options:
      - nosniff
      x-ms-arm-service-request-id:
      - df1cb003-42b2-4586-923e-b04d3bee1ae4
    status:
      code: 200
      message: OK
- request:
    body: null
    headers:
      Accept:
      - application/json
      Accept-Encoding:
      - gzip, deflate
      CommandName:
      - network firewall ip-config create
      Connection:
      - keep-alive
      ParameterSetName:
      - -g -n -f --public-ip-address --vnet-name
      User-Agent:
      - python/3.7.3 (Windows-10-10.0.19041-SP0) msrest/0.6.21 msrest_azure/0.6.3
        azure-mgmt-network/13.0.0 Azure-SDK-For-Python AZURECLI/2.21.0
    method: GET
    uri: https://management.azure.com/subscriptions/00000000-0000-0000-0000-000000000000/providers/Microsoft.Network/locations/westus2/operations/8bf4c636-645b-4103-a6cf-dcd92e4ae088?api-version=2020-07-01
  response:
    body:
      string: "{\r\n  \"status\": \"InProgress\"\r\n}"
    headers:
      cache-control:
      - no-cache
      content-length:
      - '30'
      content-type:
      - application/json; charset=utf-8
      date:
      - Mon, 12 Apr 2021 06:47:39 GMT
      expires:
      - '-1'
      pragma:
      - no-cache
      server:
      - Microsoft-HTTPAPI/2.0
      - Microsoft-HTTPAPI/2.0
      strict-transport-security:
      - max-age=31536000; includeSubDomains
      transfer-encoding:
      - chunked
      vary:
      - Accept-Encoding
      x-content-type-options:
      - nosniff
      x-ms-arm-service-request-id:
      - ad53aca6-6100-4fd9-b4f1-6cd02977f62b
    status:
      code: 200
      message: OK
- request:
    body: null
    headers:
      Accept:
      - application/json
      Accept-Encoding:
      - gzip, deflate
      CommandName:
      - network firewall ip-config create
      Connection:
      - keep-alive
      ParameterSetName:
      - -g -n -f --public-ip-address --vnet-name
      User-Agent:
      - python/3.7.3 (Windows-10-10.0.19041-SP0) msrest/0.6.21 msrest_azure/0.6.3
        azure-mgmt-network/13.0.0 Azure-SDK-For-Python AZURECLI/2.21.0
    method: GET
    uri: https://management.azure.com/subscriptions/00000000-0000-0000-0000-000000000000/providers/Microsoft.Network/locations/westus2/operations/8bf4c636-645b-4103-a6cf-dcd92e4ae088?api-version=2020-07-01
  response:
    body:
      string: "{\r\n  \"status\": \"Succeeded\"\r\n}"
    headers:
      cache-control:
      - no-cache
      content-length:
      - '29'
      content-type:
      - application/json; charset=utf-8
      date:
      - Mon, 12 Apr 2021 06:50:19 GMT
      expires:
      - '-1'
      pragma:
      - no-cache
      server:
      - Microsoft-HTTPAPI/2.0
      - Microsoft-HTTPAPI/2.0
      strict-transport-security:
      - max-age=31536000; includeSubDomains
      transfer-encoding:
      - chunked
      vary:
      - Accept-Encoding
      x-content-type-options:
      - nosniff
      x-ms-arm-service-request-id:
      - d84b5be6-12e5-4ade-83d0-98ae5218c29c
    status:
      code: 200
      message: OK
- request:
    body: null
    headers:
      Accept:
      - application/json
      Accept-Encoding:
      - gzip, deflate
      CommandName:
      - network firewall ip-config create
      Connection:
      - keep-alive
      ParameterSetName:
      - -g -n -f --public-ip-address --vnet-name
      User-Agent:
      - python/3.7.3 (Windows-10-10.0.19041-SP0) msrest/0.6.21 msrest_azure/0.6.3
        azure-mgmt-network/13.0.0 Azure-SDK-For-Python AZURECLI/2.21.0
    method: GET
    uri: https://management.azure.com/subscriptions/00000000-0000-0000-0000-000000000000/resourceGroups/cli_test_azure_firewall_with_firewall_policy000001/providers/Microsoft.Network/azureFirewalls/af2?api-version=2020-07-01
  response:
    body:
      string: "{\r\n  \"name\": \"af2\",\r\n  \"id\": \"/subscriptions/00000000-0000-0000-0000-000000000000/resourceGroups/cli_test_azure_firewall_with_firewall_policy000001/providers/Microsoft.Network/azureFirewalls/af2\",\r\n
        \ \"etag\": \"W/\\\"2f9be2d3-59cd-44f3-96b3-edbfd0bafe0f\\\"\",\r\n  \"type\":
        \"Microsoft.Network/azureFirewalls\",\r\n  \"location\": \"westus2\",\r\n
        \ \"properties\": {\r\n    \"provisioningState\": \"Succeeded\",\r\n    \"sku\":
        {\r\n      \"name\": \"AZFW_VNet\",\r\n      \"tier\": \"Standard\"\r\n    },\r\n
        \   \"threatIntelMode\": \"Alert\",\r\n    \"additionalProperties\": {},\r\n
        \   \"ipConfigurations\": [\r\n      {\r\n        \"name\": \"myipconfig1\",\r\n
        \       \"id\": \"/subscriptions/00000000-0000-0000-0000-000000000000/resourceGroups/cli_test_azure_firewall_with_firewall_policy000001/providers/Microsoft.Network/azureFirewalls/af2/azureFirewallIpConfigurations/myipconfig1\",\r\n
        \       \"etag\": \"W/\\\"2f9be2d3-59cd-44f3-96b3-edbfd0bafe0f\\\"\",\r\n
        \       \"type\": \"Microsoft.Network/azureFirewalls/azureFirewallIpConfigurations\",\r\n
        \       \"properties\": {\r\n          \"provisioningState\": \"Succeeded\",\r\n
        \         \"privateIPAddress\": \"10.0.0.4\",\r\n          \"privateIPAllocationMethod\":
        \"Dynamic\",\r\n          \"publicIPAddress\": {\r\n            \"id\": \"/subscriptions/00000000-0000-0000-0000-000000000000/resourceGroups/cli_test_azure_firewall_with_firewall_policy000001/providers/Microsoft.Network/publicIPAddresses/pubip\"\r\n
        \         },\r\n          \"subnet\": {\r\n            \"id\": \"/subscriptions/00000000-0000-0000-0000-000000000000/resourceGroups/cli_test_azure_firewall_with_firewall_policy000001/providers/Microsoft.Network/virtualNetworks/myvnet/subnets/AzureFirewallSubnet\"\r\n
        \         }\r\n        }\r\n      }\r\n    ],\r\n    \"networkRuleCollections\":
        [],\r\n    \"applicationRuleCollections\": [],\r\n    \"natRuleCollections\":
        [],\r\n    \"firewallPolicy\": {\r\n      \"id\": \"/subscriptions/00000000-0000-0000-0000-000000000000/resourceGroups/cli_test_azure_firewall_with_firewall_policy000001/providers/Microsoft.Network/firewallPolicies/myclipolicy\"\r\n
        \   }\r\n  }\r\n}"
    headers:
      cache-control:
      - no-cache
      content-length:
      - '2108'
      content-type:
      - application/json; charset=utf-8
      date:
      - Mon, 12 Apr 2021 06:50:19 GMT
      etag:
      - W/"2f9be2d3-59cd-44f3-96b3-edbfd0bafe0f"
      expires:
      - '-1'
      pragma:
      - no-cache
      server:
      - Microsoft-HTTPAPI/2.0
      - Microsoft-HTTPAPI/2.0
      strict-transport-security:
      - max-age=31536000; includeSubDomains
      transfer-encoding:
      - chunked
      vary:
      - Accept-Encoding
      x-content-type-options:
      - nosniff
      x-ms-arm-service-request-id:
      - e09c68a4-1e2e-482d-a29d-4b1c057ebac8
    status:
      code: 200
      message: OK
- request:
    body: '{"location": "westus2", "properties": {"sku": {"tier": "Premium"}}}'
    headers:
      Accept:
      - application/json
      Accept-Encoding:
      - gzip, deflate
      CommandName:
      - network firewall policy create
      Connection:
      - keep-alive
      Content-Length:
      - '67'
      Content-Type:
      - application/json; charset=utf-8
      ParameterSetName:
      - -g -n -l --sku
      User-Agent:
      - python/3.7.3 (Windows-10-10.0.19041-SP0) msrest/0.6.21 msrest_azure/0.6.3
        azure-mgmt-network/13.0.0 Azure-SDK-For-Python AZURECLI/2.21.0
      accept-language:
      - en-US
    method: PUT
    uri: https://management.azure.com/subscriptions/00000000-0000-0000-0000-000000000000/resourceGroups/cli_test_azure_firewall_with_firewall_policy000001/providers/Microsoft.Network/firewallPolicies/myclipolicy2?api-version=2020-07-01
  response:
    body:
      string: "{\r\n  \"properties\": {\r\n    \"sku\": {\r\n      \"tier\": \"Premium\"\r\n
        \   },\r\n    \"threatIntelMode\": \"Alert\",\r\n    \"childPolicies\": [],\r\n
        \   \"ruleCollectionGroups\": [],\r\n    \"firewalls\": [],\r\n    \"provisioningState\":
        \"Updating\"\r\n  },\r\n  \"id\": \"/subscriptions/00000000-0000-0000-0000-000000000000/resourceGroups/cli_test_azure_firewall_with_firewall_policy000001/providers/Microsoft.Network/firewallPolicies/myclipolicy2\",\r\n
        \ \"name\": \"myclipolicy2\",\r\n  \"type\": \"Microsoft.Network/FirewallPolicies\",\r\n
        \ \"etag\": \"5b1ffb17-b233-4e11-b512-e87146022b38\",\r\n  \"location\": \"westus2\"\r\n}"
    headers:
      azure-asyncoperation:
      - https://management.azure.com/subscriptions/00000000-0000-0000-0000-000000000000/providers/Microsoft.Network/locations/westus2/nfvOperations/f446db92-dca8-45e5-b210-4afba68cafea?api-version=2020-07-01
      cache-control:
      - no-cache
      content-length:
      - '592'
      content-type:
      - application/json; charset=utf-8
      date:
      - Mon, 12 Apr 2021 06:50:26 GMT
      expires:
      - '-1'
      pragma:
      - no-cache
      server:
      - Microsoft-HTTPAPI/2.0
      strict-transport-security:
      - max-age=31536000; includeSubDomains
      x-content-type-options:
      - nosniff
      x-ms-ratelimit-remaining-subscription-writes:
      - '1197'
    status:
      code: 201
      message: Created
- request:
    body: null
    headers:
      Accept:
      - application/json
      Accept-Encoding:
      - gzip, deflate
      CommandName:
      - network firewall policy create
      Connection:
      - keep-alive
      ParameterSetName:
      - -g -n -l --sku
      User-Agent:
      - python/3.7.3 (Windows-10-10.0.19041-SP0) msrest/0.6.21 msrest_azure/0.6.3
        azure-mgmt-network/13.0.0 Azure-SDK-For-Python AZURECLI/2.21.0
    method: GET
    uri: https://management.azure.com/subscriptions/00000000-0000-0000-0000-000000000000/providers/Microsoft.Network/locations/westus2/nfvOperations/f446db92-dca8-45e5-b210-4afba68cafea?api-version=2020-07-01
  response:
    body:
      string: "{\r\n  \"status\": \"Succeeded\"\r\n}"
    headers:
      cache-control:
      - no-cache
      content-length:
      - '29'
      content-type:
      - application/json; charset=utf-8
      date:
      - Mon, 12 Apr 2021 06:50:37 GMT
      expires:
      - '-1'
      pragma:
      - no-cache
      server:
      - Microsoft-HTTPAPI/2.0
      strict-transport-security:
      - max-age=31536000; includeSubDomains
      transfer-encoding:
      - chunked
      vary:
      - Accept-Encoding
      x-content-type-options:
      - nosniff
    status:
      code: 200
      message: OK
- request:
    body: null
    headers:
      Accept:
      - application/json
      Accept-Encoding:
      - gzip, deflate
      CommandName:
      - network firewall policy create
      Connection:
      - keep-alive
      ParameterSetName:
      - -g -n -l --sku
      User-Agent:
      - python/3.7.3 (Windows-10-10.0.19041-SP0) msrest/0.6.21 msrest_azure/0.6.3
        azure-mgmt-network/13.0.0 Azure-SDK-For-Python AZURECLI/2.21.0
    method: GET
    uri: https://management.azure.com/subscriptions/00000000-0000-0000-0000-000000000000/resourceGroups/cli_test_azure_firewall_with_firewall_policy000001/providers/Microsoft.Network/firewallPolicies/myclipolicy2?api-version=2020-07-01
  response:
    body:
      string: "{\r\n  \"properties\": {\r\n    \"sku\": {\r\n      \"tier\": \"Premium\"\r\n
        \   },\r\n    \"threatIntelMode\": \"Alert\",\r\n    \"childPolicies\": [],\r\n
        \   \"ruleCollectionGroups\": [],\r\n    \"firewalls\": [],\r\n    \"provisioningState\":
        \"Succeeded\"\r\n  },\r\n  \"id\": \"/subscriptions/00000000-0000-0000-0000-000000000000/resourceGroups/cli_test_azure_firewall_with_firewall_policy000001/providers/Microsoft.Network/firewallPolicies/myclipolicy2\",\r\n
        \ \"name\": \"myclipolicy2\",\r\n  \"type\": \"Microsoft.Network/FirewallPolicies\",\r\n
        \ \"etag\": \"5b1ffb17-b233-4e11-b512-e87146022b38\",\r\n  \"location\": \"westus2\"\r\n}"
    headers:
      cache-control:
      - no-cache
      content-length:
      - '593'
      content-type:
      - application/json; charset=utf-8
      date:
      - Mon, 12 Apr 2021 06:50:37 GMT
      etag:
      - '"5b1ffb17-b233-4e11-b512-e87146022b38"'
      expires:
      - '-1'
      pragma:
      - no-cache
      server:
      - Microsoft-HTTPAPI/2.0
      strict-transport-security:
      - max-age=31536000; includeSubDomains
      transfer-encoding:
      - chunked
      vary:
      - Accept-Encoding
      x-content-type-options:
      - nosniff
    status:
      code: 200
      message: OK
- request:
    body: null
    headers:
      Accept:
      - application/json
      Accept-Encoding:
      - gzip, deflate
      CommandName:
      - identity create
      Connection:
      - keep-alive
      ParameterSetName:
      - -g -n
      User-Agent:
      - python/3.7.3 (Windows-10-10.0.19041-SP0) msrest/0.6.21 msrest_azure/0.6.3
        azure-mgmt-resource/12.1.0 Azure-SDK-For-Python AZURECLI/2.21.0
      accept-language:
      - en-US
    method: GET
    uri: https://management.azure.com/subscriptions/00000000-0000-0000-0000-000000000000/resourcegroups/cli_test_azure_firewall_with_firewall_policy000001?api-version=2020-10-01
  response:
    body:
      string: '{"id":"/subscriptions/00000000-0000-0000-0000-000000000000/resourceGroups/cli_test_azure_firewall_with_firewall_policy000001","name":"cli_test_azure_firewall_with_firewall_policy000001","type":"Microsoft.Resources/resourceGroups","location":"westus2","tags":{"product":"azurecli","cause":"automation","date":"2021-04-12T06:17:42Z"},"properties":{"provisioningState":"Succeeded"}}'
    headers:
      cache-control:
      - no-cache
      content-length:
      - '429'
      content-type:
      - application/json; charset=utf-8
      date:
      - Mon, 12 Apr 2021 06:50:38 GMT
      expires:
      - '-1'
      pragma:
      - no-cache
      strict-transport-security:
      - max-age=31536000; includeSubDomains
      vary:
      - Accept-Encoding
      x-content-type-options:
      - nosniff
    status:
      code: 200
      message: OK
- request:
    body: '{"location": "westus2"}'
    headers:
      Accept:
      - application/json
      Accept-Encoding:
      - gzip, deflate
      CommandName:
      - identity create
      Connection:
      - keep-alive
      Content-Length:
      - '23'
      Content-Type:
      - application/json; charset=utf-8
      ParameterSetName:
      - -g -n
      User-Agent:
      - python/3.7.3 (Windows-10-10.0.19041-SP0) msrest/0.6.21 msrest_azure/0.6.3
        azure-mgmt-msi/0.2.0 Azure-SDK-For-Python AZURECLI/2.21.0
      accept-language:
      - en-US
    method: PUT
    uri: https://management.azure.com/subscriptions/00000000-0000-0000-0000-000000000000/resourceGroups/cli_test_azure_firewall_with_firewall_policy000001/providers/Microsoft.ManagedIdentity/userAssignedIdentities/identitytest?api-version=2015-08-31-preview
  response:
    body:
      string: '{"id":"/subscriptions/00000000-0000-0000-0000-000000000000/resourcegroups/cli_test_azure_firewall_with_firewall_policy000001/providers/Microsoft.ManagedIdentity/userAssignedIdentities/identitytest","name":"identitytest","type":"Microsoft.ManagedIdentity/userAssignedIdentities","location":"westus2","tags":{},"properties":{"tenantId":"54826b22-38d6-4fb2-bad9-b7b93a3e9c5a","principalId":"522eeecc-0e5f-4429-b6b9-7c5336acaa72","clientId":"c3cc1a64-c7f4-4723-80db-78e915acbdef","clientSecretUrl":"https://control-westus2.identity.azure.net/subscriptions/00000000-0000-0000-0000-000000000000/resourcegroups/cli_test_azure_firewall_with_firewall_policy000001/providers/Microsoft.ManagedIdentity/userAssignedIdentities/identitytest/credentials?tid=54826b22-38d6-4fb2-bad9-b7b93a3e9c5a&oid=522eeecc-0e5f-4429-b6b9-7c5336acaa72&aid=c3cc1a64-c7f4-4723-80db-78e915acbdef"}}'
    headers:
      cache-control:
      - no-cache
      content-length:
      - '914'
      content-type:
      - application/json; charset=utf-8
      date:
      - Mon, 12 Apr 2021 06:50:48 GMT
      expires:
      - '-1'
      location:
      - /subscriptions/00000000-0000-0000-0000-000000000000/resourcegroups/cli_test_azure_firewall_with_firewall_policy000001/providers/Microsoft.ManagedIdentity/userAssignedIdentities/identitytest
      pragma:
      - no-cache
      strict-transport-security:
      - max-age=31536000; includeSubDomains
      x-content-type-options:
      - nosniff
      x-ms-ratelimit-remaining-subscription-writes:
      - '1197'
    status:
      code: 201
      message: Created
- request:
    body: null
    headers:
      Accept:
      - application/json
      Accept-Encoding:
      - gzip, deflate
      CommandName:
      - network firewall policy update
      Connection:
      - keep-alive
      ParameterSetName:
      - -g -n --identity
      User-Agent:
      - python/3.7.3 (Windows-10-10.0.19041-SP0) msrest/0.6.21 msrest_azure/0.6.3
        azure-mgmt-network/13.0.0 Azure-SDK-For-Python AZURECLI/2.21.0
      accept-language:
      - en-US
    method: GET
    uri: https://management.azure.com/subscriptions/00000000-0000-0000-0000-000000000000/resourceGroups/cli_test_azure_firewall_with_firewall_policy000001/providers/Microsoft.Network/firewallPolicies/myclipolicy2?api-version=2020-07-01
  response:
    body:
      string: "{\r\n  \"properties\": {\r\n    \"sku\": {\r\n      \"tier\": \"Premium\"\r\n
        \   },\r\n    \"threatIntelMode\": \"Alert\",\r\n    \"childPolicies\": [],\r\n
        \   \"ruleCollectionGroups\": [],\r\n    \"firewalls\": [],\r\n    \"provisioningState\":
        \"Succeeded\"\r\n  },\r\n  \"id\": \"/subscriptions/00000000-0000-0000-0000-000000000000/resourceGroups/cli_test_azure_firewall_with_firewall_policy000001/providers/Microsoft.Network/firewallPolicies/myclipolicy2\",\r\n
        \ \"name\": \"myclipolicy2\",\r\n  \"type\": \"Microsoft.Network/FirewallPolicies\",\r\n
        \ \"etag\": \"5b1ffb17-b233-4e11-b512-e87146022b38\",\r\n  \"location\": \"westus2\"\r\n}"
    headers:
      cache-control:
      - no-cache
      content-length:
      - '593'
      content-type:
      - application/json; charset=utf-8
      date:
      - Mon, 12 Apr 2021 06:50:50 GMT
      etag:
      - '"5b1ffb17-b233-4e11-b512-e87146022b38"'
      expires:
      - '-1'
      pragma:
      - no-cache
      server:
      - Microsoft-HTTPAPI/2.0
      strict-transport-security:
      - max-age=31536000; includeSubDomains
      transfer-encoding:
      - chunked
      vary:
      - Accept-Encoding
      x-content-type-options:
      - nosniff
    status:
      code: 200
      message: OK
- request:
    body: '{"id": "/subscriptions/00000000-0000-0000-0000-000000000000/resourceGroups/cli_test_azure_firewall_with_firewall_policy000001/providers/Microsoft.Network/firewallPolicies/myclipolicy2",
      "location": "westus2", "properties": {"threatIntelMode": "Alert", "sku": {"tier":
      "Premium"}}, "identity": {"type": "UserAssigned", "userAssignedIdentities":
      {"/subscriptions/00000000-0000-0000-0000-000000000000/resourcegroups/cli_test_azure_firewall_with_firewall_policy000001/providers/Microsoft.ManagedIdentity/userAssignedIdentities/identitytest":
      {}}}}'
    headers:
      Accept:
      - application/json
      Accept-Encoding:
      - gzip, deflate
      CommandName:
      - network firewall policy update
      Connection:
      - keep-alive
      Content-Length:
      - '593'
      Content-Type:
      - application/json; charset=utf-8
      ParameterSetName:
      - -g -n --identity
      User-Agent:
      - python/3.7.3 (Windows-10-10.0.19041-SP0) msrest/0.6.21 msrest_azure/0.6.3
        azure-mgmt-network/13.0.0 Azure-SDK-For-Python AZURECLI/2.21.0
      accept-language:
      - en-US
    method: PUT
    uri: https://management.azure.com/subscriptions/00000000-0000-0000-0000-000000000000/resourceGroups/cli_test_azure_firewall_with_firewall_policy000001/providers/Microsoft.Network/firewallPolicies/myclipolicy2?api-version=2020-07-01
  response:
    body:
      string: "{\r\n  \"properties\": {\r\n    \"sku\": {\r\n      \"tier\": \"Premium\"\r\n
        \   },\r\n    \"threatIntelMode\": \"Alert\",\r\n    \"childPolicies\": [],\r\n
        \   \"ruleCollectionGroups\": [],\r\n    \"firewalls\": [],\r\n    \"provisioningState\":
        \"Updating\"\r\n  },\r\n  \"id\": \"/subscriptions/00000000-0000-0000-0000-000000000000/resourceGroups/cli_test_azure_firewall_with_firewall_policy000001/providers/Microsoft.Network/firewallPolicies/myclipolicy2\",\r\n
        \ \"name\": \"myclipolicy2\",\r\n  \"type\": \"Microsoft.Network/FirewallPolicies\",\r\n
        \ \"etag\": \"a422089a-fa84-4134-a02c-6d6a0a40f169\",\r\n  \"location\": \"westus2\",\r\n
        \ \"identity\": {\r\n    \"type\": \"UserAssigned\",\r\n    \"userAssignedIdentities\":
        {\r\n      \"/subscriptions/00000000-0000-0000-0000-000000000000/resourcegroups/cli_test_azure_firewall_with_firewall_policy000001/providers/Microsoft.ManagedIdentity/userAssignedIdentities/identitytest\":
        {}\r\n    }\r\n  }\r\n}"
    headers:
      azure-asyncoperation:
      - https://management.azure.com/subscriptions/00000000-0000-0000-0000-000000000000/providers/Microsoft.Network/locations/westus2/nfvOperations/b2e106d3-88f5-424a-94ed-6523d8d39ddd?api-version=2020-07-01
      cache-control:
      - no-cache
      content-length:
      - '912'
      content-type:
      - application/json; charset=utf-8
      date:
      - Mon, 12 Apr 2021 06:50:59 GMT
      expires:
      - '-1'
      pragma:
      - no-cache
      server:
      - Microsoft-HTTPAPI/2.0
      strict-transport-security:
      - max-age=31536000; includeSubDomains
      transfer-encoding:
      - chunked
      vary:
      - Accept-Encoding
      x-content-type-options:
      - nosniff
      x-ms-ratelimit-remaining-subscription-writes:
      - '1199'
    status:
      code: 200
      message: OK
- request:
    body: null
    headers:
      Accept:
      - application/json
      Accept-Encoding:
      - gzip, deflate
      CommandName:
      - network firewall policy update
      Connection:
      - keep-alive
      ParameterSetName:
      - -g -n --identity
      User-Agent:
      - python/3.7.3 (Windows-10-10.0.19041-SP0) msrest/0.6.21 msrest_azure/0.6.3
        azure-mgmt-network/13.0.0 Azure-SDK-For-Python AZURECLI/2.21.0
    method: GET
    uri: https://management.azure.com/subscriptions/00000000-0000-0000-0000-000000000000/providers/Microsoft.Network/locations/westus2/nfvOperations/b2e106d3-88f5-424a-94ed-6523d8d39ddd?api-version=2020-07-01
  response:
    body:
      string: "{\r\n  \"status\": \"Succeeded\"\r\n}"
    headers:
      cache-control:
      - no-cache
      content-length:
      - '29'
      content-type:
      - application/json; charset=utf-8
      date:
      - Mon, 12 Apr 2021 06:51:10 GMT
      expires:
      - '-1'
      pragma:
      - no-cache
      server:
      - Microsoft-HTTPAPI/2.0
      strict-transport-security:
      - max-age=31536000; includeSubDomains
      transfer-encoding:
      - chunked
      vary:
      - Accept-Encoding
      x-content-type-options:
      - nosniff
    status:
      code: 200
      message: OK
- request:
    body: null
    headers:
      Accept:
      - application/json
      Accept-Encoding:
      - gzip, deflate
      CommandName:
      - network firewall policy update
      Connection:
      - keep-alive
      ParameterSetName:
      - -g -n --identity
      User-Agent:
      - python/3.7.3 (Windows-10-10.0.19041-SP0) msrest/0.6.21 msrest_azure/0.6.3
        azure-mgmt-network/13.0.0 Azure-SDK-For-Python AZURECLI/2.21.0
    method: GET
    uri: https://management.azure.com/subscriptions/00000000-0000-0000-0000-000000000000/resourceGroups/cli_test_azure_firewall_with_firewall_policy000001/providers/Microsoft.Network/firewallPolicies/myclipolicy2?api-version=2020-07-01
  response:
    body:
      string: "{\r\n  \"properties\": {\r\n    \"sku\": {\r\n      \"tier\": \"Premium\"\r\n
        \   },\r\n    \"threatIntelMode\": \"Alert\",\r\n    \"childPolicies\": [],\r\n
        \   \"ruleCollectionGroups\": [],\r\n    \"firewalls\": [],\r\n    \"provisioningState\":
        \"Succeeded\"\r\n  },\r\n  \"id\": \"/subscriptions/00000000-0000-0000-0000-000000000000/resourceGroups/cli_test_azure_firewall_with_firewall_policy000001/providers/Microsoft.Network/firewallPolicies/myclipolicy2\",\r\n
        \ \"name\": \"myclipolicy2\",\r\n  \"type\": \"Microsoft.Network/FirewallPolicies\",\r\n
        \ \"etag\": \"a422089a-fa84-4134-a02c-6d6a0a40f169\",\r\n  \"location\": \"westus2\",\r\n
        \ \"identity\": {\r\n    \"type\": \"UserAssigned\",\r\n    \"userAssignedIdentities\":
        {\r\n      \"/subscriptions/00000000-0000-0000-0000-000000000000/resourcegroups/cli_test_azure_firewall_with_firewall_policy000001/providers/Microsoft.ManagedIdentity/userAssignedIdentities/identitytest\":
        {\r\n        \"clientId\": \"c3cc1a64-c7f4-4723-80db-78e915acbdef\",\r\n        \"principalId\":
        \"522eeecc-0e5f-4429-b6b9-7c5336acaa72\"\r\n      }\r\n    }\r\n  }\r\n}"
    headers:
      cache-control:
      - no-cache
      content-length:
      - '1045'
      content-type:
      - application/json; charset=utf-8
      date:
      - Mon, 12 Apr 2021 06:51:11 GMT
      etag:
      - '"a422089a-fa84-4134-a02c-6d6a0a40f169"'
      expires:
      - '-1'
      pragma:
      - no-cache
      server:
      - Microsoft-HTTPAPI/2.0
      strict-transport-security:
      - max-age=31536000; includeSubDomains
      transfer-encoding:
      - chunked
      vary:
      - Accept-Encoding
      x-content-type-options:
      - nosniff
    status:
      code: 200
      message: OK
- request:
    body: null
    headers:
      Accept:
      - application/json
      Accept-Encoding:
      - gzip, deflate
      CommandName:
      - network firewall policy update
      Connection:
      - keep-alive
      ParameterSetName:
      - -g -n --remove
      User-Agent:
      - python/3.7.3 (Windows-10-10.0.19041-SP0) msrest/0.6.21 msrest_azure/0.6.3
        azure-mgmt-network/13.0.0 Azure-SDK-For-Python AZURECLI/2.21.0
      accept-language:
      - en-US
    method: GET
    uri: https://management.azure.com/subscriptions/00000000-0000-0000-0000-000000000000/resourceGroups/cli_test_azure_firewall_with_firewall_policy000001/providers/Microsoft.Network/firewallPolicies/myclipolicy2?api-version=2020-07-01
  response:
    body:
      string: "{\r\n  \"properties\": {\r\n    \"sku\": {\r\n      \"tier\": \"Premium\"\r\n
        \   },\r\n    \"threatIntelMode\": \"Alert\",\r\n    \"childPolicies\": [],\r\n
        \   \"ruleCollectionGroups\": [],\r\n    \"firewalls\": [],\r\n    \"provisioningState\":
        \"Succeeded\"\r\n  },\r\n  \"id\": \"/subscriptions/00000000-0000-0000-0000-000000000000/resourceGroups/cli_test_azure_firewall_with_firewall_policy000001/providers/Microsoft.Network/firewallPolicies/myclipolicy2\",\r\n
        \ \"name\": \"myclipolicy2\",\r\n  \"type\": \"Microsoft.Network/FirewallPolicies\",\r\n
        \ \"etag\": \"a422089a-fa84-4134-a02c-6d6a0a40f169\",\r\n  \"location\": \"westus2\",\r\n
        \ \"identity\": {\r\n    \"type\": \"UserAssigned\",\r\n    \"userAssignedIdentities\":
        {\r\n      \"/subscriptions/00000000-0000-0000-0000-000000000000/resourcegroups/cli_test_azure_firewall_with_firewall_policy000001/providers/Microsoft.ManagedIdentity/userAssignedIdentities/identitytest\":
        {\r\n        \"clientId\": \"c3cc1a64-c7f4-4723-80db-78e915acbdef\",\r\n        \"principalId\":
        \"522eeecc-0e5f-4429-b6b9-7c5336acaa72\"\r\n      }\r\n    }\r\n  }\r\n}"
    headers:
      cache-control:
      - no-cache
      content-length:
      - '1045'
      content-type:
      - application/json; charset=utf-8
      date:
      - Mon, 12 Apr 2021 06:51:12 GMT
      etag:
      - '"a422089a-fa84-4134-a02c-6d6a0a40f169"'
      expires:
      - '-1'
      pragma:
      - no-cache
      server:
      - Microsoft-HTTPAPI/2.0
      strict-transport-security:
      - max-age=31536000; includeSubDomains
      transfer-encoding:
      - chunked
      vary:
      - Accept-Encoding
      x-content-type-options:
      - nosniff
    status:
      code: 200
      message: OK
- request:
    body: '{"id": "/subscriptions/00000000-0000-0000-0000-000000000000/resourceGroups/cli_test_azure_firewall_with_firewall_policy000001/providers/Microsoft.Network/firewallPolicies/myclipolicy2",
      "location": "westus2", "properties": {"threatIntelMode": "Alert", "sku": {"tier":
      "Premium"}}, "identity": {"type": "None"}}'
    headers:
      Accept:
      - application/json
      Accept-Encoding:
      - gzip, deflate
      CommandName:
      - network firewall policy update
      Connection:
      - keep-alive
      Content-Length:
      - '335'
      Content-Type:
      - application/json; charset=utf-8
      ParameterSetName:
      - -g -n --remove
      User-Agent:
      - python/3.7.3 (Windows-10-10.0.19041-SP0) msrest/0.6.21 msrest_azure/0.6.3
        azure-mgmt-network/13.0.0 Azure-SDK-For-Python AZURECLI/2.21.0
      accept-language:
      - en-US
    method: PUT
    uri: https://management.azure.com/subscriptions/00000000-0000-0000-0000-000000000000/resourceGroups/cli_test_azure_firewall_with_firewall_policy000001/providers/Microsoft.Network/firewallPolicies/myclipolicy2?api-version=2020-07-01
  response:
    body:
      string: "{\r\n  \"properties\": {\r\n    \"sku\": {\r\n      \"tier\": \"Premium\"\r\n
        \   },\r\n    \"threatIntelMode\": \"Alert\",\r\n    \"childPolicies\": [],\r\n
        \   \"ruleCollectionGroups\": [],\r\n    \"firewalls\": [],\r\n    \"provisioningState\":
        \"Updating\"\r\n  },\r\n  \"id\": \"/subscriptions/00000000-0000-0000-0000-000000000000/resourceGroups/cli_test_azure_firewall_with_firewall_policy000001/providers/Microsoft.Network/firewallPolicies/myclipolicy2\",\r\n
        \ \"name\": \"myclipolicy2\",\r\n  \"type\": \"Microsoft.Network/FirewallPolicies\",\r\n
        \ \"etag\": \"75f7401d-83e9-4144-89c5-2290b8088907\",\r\n  \"location\": \"westus2\",\r\n
        \ \"identity\": {\r\n    \"type\": \"None\"\r\n  }\r\n}"
    headers:
      azure-asyncoperation:
      - https://management.azure.com/subscriptions/00000000-0000-0000-0000-000000000000/providers/Microsoft.Network/locations/westus2/nfvOperations/db635734-80d8-4f2f-afce-3316128d8d08?api-version=2020-07-01
      cache-control:
      - no-cache
      content-length:
      - '635'
      content-type:
      - application/json; charset=utf-8
      date:
      - Mon, 12 Apr 2021 06:51:17 GMT
      expires:
      - '-1'
      pragma:
      - no-cache
      server:
      - Microsoft-HTTPAPI/2.0
      strict-transport-security:
      - max-age=31536000; includeSubDomains
      transfer-encoding:
      - chunked
      vary:
      - Accept-Encoding
      x-content-type-options:
      - nosniff
      x-ms-ratelimit-remaining-subscription-writes:
      - '1199'
    status:
      code: 200
      message: OK
- request:
    body: null
    headers:
      Accept:
      - application/json
      Accept-Encoding:
      - gzip, deflate
      CommandName:
      - network firewall policy update
      Connection:
      - keep-alive
      ParameterSetName:
      - -g -n --remove
      User-Agent:
      - python/3.7.3 (Windows-10-10.0.19041-SP0) msrest/0.6.21 msrest_azure/0.6.3
        azure-mgmt-network/13.0.0 Azure-SDK-For-Python AZURECLI/2.21.0
    method: GET
    uri: https://management.azure.com/subscriptions/00000000-0000-0000-0000-000000000000/providers/Microsoft.Network/locations/westus2/nfvOperations/db635734-80d8-4f2f-afce-3316128d8d08?api-version=2020-07-01
  response:
    body:
      string: "{\r\n  \"status\": \"Succeeded\"\r\n}"
    headers:
      cache-control:
      - no-cache
      content-length:
      - '29'
      content-type:
      - application/json; charset=utf-8
      date:
      - Mon, 12 Apr 2021 06:51:28 GMT
      expires:
      - '-1'
      pragma:
      - no-cache
      server:
      - Microsoft-HTTPAPI/2.0
      strict-transport-security:
      - max-age=31536000; includeSubDomains
      transfer-encoding:
      - chunked
      vary:
      - Accept-Encoding
      x-content-type-options:
      - nosniff
    status:
      code: 200
      message: OK
- request:
    body: null
    headers:
      Accept:
      - application/json
      Accept-Encoding:
      - gzip, deflate
      CommandName:
      - network firewall policy update
      Connection:
      - keep-alive
      ParameterSetName:
      - -g -n --remove
      User-Agent:
      - python/3.7.3 (Windows-10-10.0.19041-SP0) msrest/0.6.21 msrest_azure/0.6.3
        azure-mgmt-network/13.0.0 Azure-SDK-For-Python AZURECLI/2.21.0
    method: GET
    uri: https://management.azure.com/subscriptions/00000000-0000-0000-0000-000000000000/resourceGroups/cli_test_azure_firewall_with_firewall_policy000001/providers/Microsoft.Network/firewallPolicies/myclipolicy2?api-version=2020-07-01
  response:
    body:
      string: "{\r\n  \"properties\": {\r\n    \"sku\": {\r\n      \"tier\": \"Premium\"\r\n
        \   },\r\n    \"threatIntelMode\": \"Alert\",\r\n    \"childPolicies\": [],\r\n
        \   \"ruleCollectionGroups\": [],\r\n    \"firewalls\": [],\r\n    \"provisioningState\":
        \"Succeeded\"\r\n  },\r\n  \"id\": \"/subscriptions/00000000-0000-0000-0000-000000000000/resourceGroups/cli_test_azure_firewall_with_firewall_policy000001/providers/Microsoft.Network/firewallPolicies/myclipolicy2\",\r\n
        \ \"name\": \"myclipolicy2\",\r\n  \"type\": \"Microsoft.Network/FirewallPolicies\",\r\n
        \ \"etag\": \"75f7401d-83e9-4144-89c5-2290b8088907\",\r\n  \"location\": \"westus2\"\r\n}"
    headers:
      cache-control:
      - no-cache
      content-length:
      - '593'
      content-type:
      - application/json; charset=utf-8
      date:
      - Mon, 12 Apr 2021 06:51:29 GMT
      etag:
      - '"75f7401d-83e9-4144-89c5-2290b8088907"'
      expires:
      - '-1'
      pragma:
      - no-cache
      server:
      - Microsoft-HTTPAPI/2.0
      strict-transport-security:
      - max-age=31536000; includeSubDomains
      transfer-encoding:
      - chunked
      vary:
      - Accept-Encoding
      x-content-type-options:
      - nosniff
    status:
      code: 200
      message: OK
version: 1
