interactions:
- request:
    body: null
    headers:
      Accept:
      - application/json
      Accept-Encoding:
      - gzip, deflate
      CommandName:
      - network firewall policy create
      Connection:
      - keep-alive
      ParameterSetName:
      - -g -n --sku --idps-mode
      User-Agent:
      - python/3.7.3 (Windows-10-10.0.19041-SP0) msrest/0.6.18 msrest_azure/0.6.3
        azure-mgmt-resource/12.0.0 Azure-SDK-For-Python AZURECLI/2.17.1
      accept-language:
      - en-US
    method: GET
    uri: https://management.azure.com/subscriptions/00000000-0000-0000-0000-000000000000/resourcegroups/test_azure_firewall_policy_intrusion_detection000001?api-version=2020-10-01
  response:
    body:
      string: '{"id":"/subscriptions/00000000-0000-0000-0000-000000000000/resourceGroups/test_azure_firewall_policy_intrusion_detection000001","name":"test_azure_firewall_policy_intrusion_detection000001","type":"Microsoft.Resources/resourceGroups","location":"westus","tags":{"product":"azurecli","cause":"automation","date":"2021-01-19T09:36:26Z"},"properties":{"provisioningState":"Succeeded"}}'
    headers:
      cache-control:
      - no-cache
      content-length:
      - '428'
      content-type:
      - application/json; charset=utf-8
      date:
      - Tue, 19 Jan 2021 09:36:30 GMT
      expires:
      - '-1'
      pragma:
      - no-cache
      strict-transport-security:
      - max-age=31536000; includeSubDomains
      vary:
      - Accept-Encoding
      x-content-type-options:
      - nosniff
    status:
      code: 200
      message: OK
- request:
    body: '{"location": "westus", "properties": {"intrusionDetection": {"mode": "Off",
      "configuration": {}}, "sku": {"tier": "Premium"}}}'
    headers:
      Accept:
      - application/json
      Accept-Encoding:
      - gzip, deflate
      CommandName:
      - network firewall policy create
      Connection:
      - keep-alive
      Content-Length:
      - '126'
      Content-Type:
      - application/json; charset=utf-8
      ParameterSetName:
      - -g -n --sku --idps-mode
      User-Agent:
      - python/3.7.3 (Windows-10-10.0.19041-SP0) msrest/0.6.18 msrest_azure/0.6.3
        azure-mgmt-network/13.0.0 Azure-SDK-For-Python AZURECLI/2.17.1
      accept-language:
      - en-US
    method: PUT
    uri: https://management.azure.com/subscriptions/00000000-0000-0000-0000-000000000000/resourceGroups/test_azure_firewall_policy_intrusion_detection000001/providers/Microsoft.Network/firewallPolicies/myFirewallPolicy?api-version=2020-08-01
  response:
    body:
      string: "{\r\n  \"properties\": {\r\n    \"sku\": {\r\n      \"tier\": \"Premium\"\r\n
        \   },\r\n    \"threatIntelMode\": \"Alert\",\r\n    \"childPolicies\": [],\r\n
        \   \"ruleCollectionGroups\": [],\r\n    \"firewalls\": [],\r\n    \"intrusionDetection\":
        {\r\n      \"mode\": \"Off\",\r\n      \"configuration\": {\r\n        \"signatureOverrides\":
        [],\r\n        \"bypassTrafficSettings\": []\r\n      }\r\n    },\r\n    \"provisioningState\":
        \"Updating\"\r\n  },\r\n  \"id\": \"/subscriptions/00000000-0000-0000-0000-000000000000/resourceGroups/test_azure_firewall_policy_intrusion_detection000001/providers/Microsoft.Network/firewallPolicies/myFirewallPolicy\",\r\n
        \ \"name\": \"myFirewallPolicy\",\r\n  \"type\": \"Microsoft.Network/FirewallPolicies\",\r\n
        \ \"etag\": \"21e5475c-079a-4121-bc40-4b9d1fceb387\",\r\n  \"location\": \"westus\"\r\n}"
    headers:
      azure-asyncoperation:
      - https://management.azure.com/subscriptions/00000000-0000-0000-0000-000000000000/providers/Microsoft.Network/locations/westus/nfvOperations/02ac2b90-ba6e-477c-b41e-6f84b0b66622?api-version=2020-08-01
      cache-control:
      - no-cache
      content-length:
      - '765'
      content-type:
      - application/json; charset=utf-8
      date:
      - Tue, 19 Jan 2021 09:36:38 GMT
      expires:
      - '-1'
      pragma:
      - no-cache
      server:
      - Microsoft-HTTPAPI/2.0
      strict-transport-security:
      - max-age=31536000; includeSubDomains
      x-content-type-options:
      - nosniff
      x-ms-ratelimit-remaining-subscription-writes:
      - '1197'
    status:
      code: 201
      message: Created
- request:
    body: null
    headers:
      Accept:
      - application/json
      Accept-Encoding:
      - gzip, deflate
      CommandName:
      - network firewall policy create
      Connection:
      - keep-alive
      ParameterSetName:
      - -g -n --sku --idps-mode
      User-Agent:
      - python/3.7.3 (Windows-10-10.0.19041-SP0) msrest/0.6.18 msrest_azure/0.6.3
        azure-mgmt-network/13.0.0 Azure-SDK-For-Python AZURECLI/2.17.1
    method: GET
    uri: https://management.azure.com/subscriptions/00000000-0000-0000-0000-000000000000/providers/Microsoft.Network/locations/westus/nfvOperations/02ac2b90-ba6e-477c-b41e-6f84b0b66622?api-version=2020-08-01
  response:
    body:
      string: "{\r\n  \"status\": \"Succeeded\"\r\n}"
    headers:
      cache-control:
      - no-cache
      content-length:
      - '29'
      content-type:
      - application/json; charset=utf-8
      date:
      - Tue, 19 Jan 2021 09:36:48 GMT
      expires:
      - '-1'
      pragma:
      - no-cache
      server:
      - Microsoft-HTTPAPI/2.0
      strict-transport-security:
      - max-age=31536000; includeSubDomains
      transfer-encoding:
      - chunked
      vary:
      - Accept-Encoding
      x-content-type-options:
      - nosniff
    status:
      code: 200
      message: OK
- request:
    body: null
    headers:
      Accept:
      - application/json
      Accept-Encoding:
      - gzip, deflate
      CommandName:
      - network firewall policy create
      Connection:
      - keep-alive
      ParameterSetName:
      - -g -n --sku --idps-mode
      User-Agent:
      - python/3.7.3 (Windows-10-10.0.19041-SP0) msrest/0.6.18 msrest_azure/0.6.3
        azure-mgmt-network/13.0.0 Azure-SDK-For-Python AZURECLI/2.17.1
    method: GET
    uri: https://management.azure.com/subscriptions/00000000-0000-0000-0000-000000000000/resourceGroups/test_azure_firewall_policy_intrusion_detection000001/providers/Microsoft.Network/firewallPolicies/myFirewallPolicy?api-version=2020-08-01
  response:
    body:
      string: "{\r\n  \"properties\": {\r\n    \"sku\": {\r\n      \"tier\": \"Premium\"\r\n
        \   },\r\n    \"threatIntelMode\": \"Alert\",\r\n    \"childPolicies\": [],\r\n
        \   \"ruleCollectionGroups\": [],\r\n    \"firewalls\": [],\r\n    \"intrusionDetection\":
        {\r\n      \"mode\": \"Off\",\r\n      \"configuration\": {\r\n        \"signatureOverrides\":
        [],\r\n        \"bypassTrafficSettings\": []\r\n      }\r\n    },\r\n    \"provisioningState\":
        \"Succeeded\"\r\n  },\r\n  \"id\": \"/subscriptions/00000000-0000-0000-0000-000000000000/resourceGroups/test_azure_firewall_policy_intrusion_detection000001/providers/Microsoft.Network/firewallPolicies/myFirewallPolicy\",\r\n
        \ \"name\": \"myFirewallPolicy\",\r\n  \"type\": \"Microsoft.Network/FirewallPolicies\",\r\n
        \ \"etag\": \"21e5475c-079a-4121-bc40-4b9d1fceb387\",\r\n  \"location\": \"westus\"\r\n}"
    headers:
      cache-control:
      - no-cache
      content-length:
      - '766'
      content-type:
      - application/json; charset=utf-8
      date:
      - Tue, 19 Jan 2021 09:36:49 GMT
      expires:
      - '-1'
      pragma:
      - no-cache
      server:
      - Microsoft-HTTPAPI/2.0
      strict-transport-security:
      - max-age=31536000; includeSubDomains
      transfer-encoding:
      - chunked
      vary:
      - Accept-Encoding
      x-content-type-options:
      - nosniff
    status:
      code: 200
      message: OK
- request:
    body: null
    headers:
      Accept:
      - application/json
      Accept-Encoding:
      - gzip, deflate
      CommandName:
      - network firewall policy update
      Connection:
      - keep-alive
      ParameterSetName:
      - -g -n --idps-mode
      User-Agent:
      - python/3.7.3 (Windows-10-10.0.19041-SP0) msrest/0.6.18 msrest_azure/0.6.3
        azure-mgmt-network/13.0.0 Azure-SDK-For-Python AZURECLI/2.17.1
      accept-language:
      - en-US
    method: GET
    uri: https://management.azure.com/subscriptions/00000000-0000-0000-0000-000000000000/resourceGroups/test_azure_firewall_policy_intrusion_detection000001/providers/Microsoft.Network/firewallPolicies/myFirewallPolicy?api-version=2020-08-01
  response:
    body:
      string: "{\r\n  \"properties\": {\r\n    \"sku\": {\r\n      \"tier\": \"Premium\"\r\n
        \   },\r\n    \"threatIntelMode\": \"Alert\",\r\n    \"childPolicies\": [],\r\n
        \   \"ruleCollectionGroups\": [],\r\n    \"firewalls\": [],\r\n    \"intrusionDetection\":
        {\r\n      \"mode\": \"Off\",\r\n      \"configuration\": {\r\n        \"signatureOverrides\":
        [],\r\n        \"bypassTrafficSettings\": []\r\n      }\r\n    },\r\n    \"provisioningState\":
        \"Succeeded\"\r\n  },\r\n  \"id\": \"/subscriptions/00000000-0000-0000-0000-000000000000/resourceGroups/test_azure_firewall_policy_intrusion_detection000001/providers/Microsoft.Network/firewallPolicies/myFirewallPolicy\",\r\n
        \ \"name\": \"myFirewallPolicy\",\r\n  \"type\": \"Microsoft.Network/FirewallPolicies\",\r\n
        \ \"etag\": \"21e5475c-079a-4121-bc40-4b9d1fceb387\",\r\n  \"location\": \"westus\"\r\n}"
    headers:
      cache-control:
      - no-cache
      content-length:
      - '766'
      content-type:
      - application/json; charset=utf-8
      date:
      - Tue, 19 Jan 2021 09:36:51 GMT
      expires:
      - '-1'
      pragma:
      - no-cache
      server:
      - Microsoft-HTTPAPI/2.0
      strict-transport-security:
      - max-age=31536000; includeSubDomains
      transfer-encoding:
      - chunked
      vary:
      - Accept-Encoding
      x-content-type-options:
      - nosniff
    status:
      code: 200
      message: OK
- request:
    body: '{"id": "/subscriptions/00000000-0000-0000-0000-000000000000/resourceGroups/test_azure_firewall_policy_intrusion_detection000001/providers/Microsoft.Network/firewallPolicies/myFirewallPolicy",
      "location": "westus", "properties": {"threatIntelMode": "Alert", "intrusionDetection":
      {"mode": "Alert", "configuration": {"signatureOverrides": [], "bypassTrafficSettings":
      []}}, "sku": {"tier": "Premium"}}, "identity": {"type": "None"}}'
    headers:
      Accept:
      - application/json
      Accept-Encoding:
      - gzip, deflate
      CommandName:
      - network firewall policy update
      Connection:
      - keep-alive
      Content-Length:
      - '453'
      Content-Type:
      - application/json; charset=utf-8
      ParameterSetName:
      - -g -n --idps-mode
      User-Agent:
      - python/3.7.3 (Windows-10-10.0.19041-SP0) msrest/0.6.18 msrest_azure/0.6.3
        azure-mgmt-network/13.0.0 Azure-SDK-For-Python AZURECLI/2.17.1
      accept-language:
      - en-US
    method: PUT
    uri: https://management.azure.com/subscriptions/00000000-0000-0000-0000-000000000000/resourceGroups/test_azure_firewall_policy_intrusion_detection000001/providers/Microsoft.Network/firewallPolicies/myFirewallPolicy?api-version=2020-08-01
  response:
    body:
      string: "{\r\n  \"properties\": {\r\n    \"sku\": {\r\n      \"tier\": \"Premium\"\r\n
        \   },\r\n    \"threatIntelMode\": \"Alert\",\r\n    \"childPolicies\": [],\r\n
        \   \"ruleCollectionGroups\": [],\r\n    \"firewalls\": [],\r\n    \"intrusionDetection\":
        {\r\n      \"mode\": \"Alert\",\r\n      \"configuration\": {\r\n        \"signatureOverrides\":
        [],\r\n        \"bypassTrafficSettings\": []\r\n      }\r\n    },\r\n    \"provisioningState\":
        \"Updating\"\r\n  },\r\n  \"id\": \"/subscriptions/00000000-0000-0000-0000-000000000000/resourceGroups/test_azure_firewall_policy_intrusion_detection000001/providers/Microsoft.Network/firewallPolicies/myFirewallPolicy\",\r\n
        \ \"name\": \"myFirewallPolicy\",\r\n  \"type\": \"Microsoft.Network/FirewallPolicies\",\r\n
        \ \"etag\": \"4a7d80c6-05ab-480a-8c9e-bcf1d87a1293\",\r\n  \"location\": \"westus\",\r\n
        \ \"identity\": {\r\n    \"type\": \"None\"\r\n  }\r\n}"
    headers:
      azure-asyncoperation:
      - https://management.azure.com/subscriptions/00000000-0000-0000-0000-000000000000/providers/Microsoft.Network/locations/westus/nfvOperations/4184cce3-2516-4231-b0b5-a2721f9a3572?api-version=2020-08-01
      cache-control:
      - no-cache
      content-length:
      - '810'
      content-type:
      - application/json; charset=utf-8
      date:
      - Tue, 19 Jan 2021 09:36:56 GMT
      expires:
      - '-1'
      pragma:
      - no-cache
      server:
      - Microsoft-HTTPAPI/2.0
      strict-transport-security:
      - max-age=31536000; includeSubDomains
      transfer-encoding:
      - chunked
      vary:
      - Accept-Encoding
      x-content-type-options:
      - nosniff
      x-ms-ratelimit-remaining-subscription-writes:
      - '1198'
    status:
      code: 200
      message: OK
- request:
    body: null
    headers:
      Accept:
      - application/json
      Accept-Encoding:
      - gzip, deflate
      CommandName:
      - network firewall policy update
      Connection:
      - keep-alive
      ParameterSetName:
      - -g -n --idps-mode
      User-Agent:
      - python/3.7.3 (Windows-10-10.0.19041-SP0) msrest/0.6.18 msrest_azure/0.6.3
        azure-mgmt-network/13.0.0 Azure-SDK-For-Python AZURECLI/2.17.1
    method: GET
    uri: https://management.azure.com/subscriptions/00000000-0000-0000-0000-000000000000/providers/Microsoft.Network/locations/westus/nfvOperations/4184cce3-2516-4231-b0b5-a2721f9a3572?api-version=2020-08-01
  response:
    body:
      string: "{\r\n  \"status\": \"Succeeded\"\r\n}"
    headers:
      cache-control:
      - no-cache
      content-length:
      - '29'
      content-type:
      - application/json; charset=utf-8
      date:
      - Tue, 19 Jan 2021 09:37:07 GMT
      expires:
      - '-1'
      pragma:
      - no-cache
      server:
      - Microsoft-HTTPAPI/2.0
      strict-transport-security:
      - max-age=31536000; includeSubDomains
      transfer-encoding:
      - chunked
      vary:
      - Accept-Encoding
      x-content-type-options:
      - nosniff
    status:
      code: 200
      message: OK
- request:
    body: null
    headers:
      Accept:
      - application/json
      Accept-Encoding:
      - gzip, deflate
      CommandName:
      - network firewall policy update
      Connection:
      - keep-alive
      ParameterSetName:
      - -g -n --idps-mode
      User-Agent:
      - python/3.7.3 (Windows-10-10.0.19041-SP0) msrest/0.6.18 msrest_azure/0.6.3
        azure-mgmt-network/13.0.0 Azure-SDK-For-Python AZURECLI/2.17.1
    method: GET
    uri: https://management.azure.com/subscriptions/00000000-0000-0000-0000-000000000000/resourceGroups/test_azure_firewall_policy_intrusion_detection000001/providers/Microsoft.Network/firewallPolicies/myFirewallPolicy?api-version=2020-08-01
  response:
    body:
      string: "{\r\n  \"properties\": {\r\n    \"sku\": {\r\n      \"tier\": \"Premium\"\r\n
        \   },\r\n    \"threatIntelMode\": \"Alert\",\r\n    \"childPolicies\": [],\r\n
        \   \"ruleCollectionGroups\": [],\r\n    \"firewalls\": [],\r\n    \"intrusionDetection\":
        {\r\n      \"mode\": \"Alert\",\r\n      \"configuration\": {\r\n        \"signatureOverrides\":
        [],\r\n        \"bypassTrafficSettings\": []\r\n      }\r\n    },\r\n    \"provisioningState\":
        \"Succeeded\"\r\n  },\r\n  \"id\": \"/subscriptions/00000000-0000-0000-0000-000000000000/resourceGroups/test_azure_firewall_policy_intrusion_detection000001/providers/Microsoft.Network/firewallPolicies/myFirewallPolicy\",\r\n
        \ \"name\": \"myFirewallPolicy\",\r\n  \"type\": \"Microsoft.Network/FirewallPolicies\",\r\n
        \ \"etag\": \"4a7d80c6-05ab-480a-8c9e-bcf1d87a1293\",\r\n  \"location\": \"westus\"\r\n}"
    headers:
      cache-control:
      - no-cache
      content-length:
      - '768'
      content-type:
      - application/json; charset=utf-8
      date:
      - Tue, 19 Jan 2021 09:37:07 GMT
      expires:
      - '-1'
      pragma:
      - no-cache
      server:
      - Microsoft-HTTPAPI/2.0
      strict-transport-security:
      - max-age=31536000; includeSubDomains
      transfer-encoding:
      - chunked
      vary:
      - Accept-Encoding
      x-content-type-options:
      - nosniff
    status:
      code: 200
      message: OK
- request:
    body: null
    headers:
      Accept:
      - application/json
      Accept-Encoding:
      - gzip, deflate
      CommandName:
      - network firewall policy intrusion-detection add
      Connection:
      - keep-alive
      ParameterSetName:
      - -g --policy-name --mode --signature-id
      User-Agent:
      - python/3.7.3 (Windows-10-10.0.19041-SP0) msrest/0.6.18 msrest_azure/0.6.3
        azure-mgmt-network/13.0.0 Azure-SDK-For-Python AZURECLI/2.17.1
      accept-language:
      - en-US
    method: GET
    uri: https://management.azure.com/subscriptions/00000000-0000-0000-0000-000000000000/resourceGroups/test_azure_firewall_policy_intrusion_detection000001/providers/Microsoft.Network/firewallPolicies/myFirewallPolicy?api-version=2020-08-01
  response:
    body:
      string: "{\r\n  \"properties\": {\r\n    \"sku\": {\r\n      \"tier\": \"Premium\"\r\n
        \   },\r\n    \"threatIntelMode\": \"Alert\",\r\n    \"childPolicies\": [],\r\n
        \   \"ruleCollectionGroups\": [],\r\n    \"firewalls\": [],\r\n    \"intrusionDetection\":
        {\r\n      \"mode\": \"Alert\",\r\n      \"configuration\": {\r\n        \"signatureOverrides\":
        [],\r\n        \"bypassTrafficSettings\": []\r\n      }\r\n    },\r\n    \"provisioningState\":
        \"Succeeded\"\r\n  },\r\n  \"id\": \"/subscriptions/00000000-0000-0000-0000-000000000000/resourceGroups/test_azure_firewall_policy_intrusion_detection000001/providers/Microsoft.Network/firewallPolicies/myFirewallPolicy\",\r\n
        \ \"name\": \"myFirewallPolicy\",\r\n  \"type\": \"Microsoft.Network/FirewallPolicies\",\r\n
        \ \"etag\": \"4a7d80c6-05ab-480a-8c9e-bcf1d87a1293\",\r\n  \"location\": \"westus\"\r\n}"
    headers:
      cache-control:
      - no-cache
      content-length:
      - '768'
      content-type:
      - application/json; charset=utf-8
      date:
      - Tue, 19 Jan 2021 09:37:08 GMT
      expires:
      - '-1'
      pragma:
      - no-cache
      server:
      - Microsoft-HTTPAPI/2.0
      strict-transport-security:
      - max-age=31536000; includeSubDomains
      transfer-encoding:
      - chunked
      vary:
      - Accept-Encoding
      x-content-type-options:
      - nosniff
    status:
      code: 200
      message: OK
- request:
    body: '{"id": "/subscriptions/00000000-0000-0000-0000-000000000000/resourceGroups/test_azure_firewall_policy_intrusion_detection000001/providers/Microsoft.Network/firewallPolicies/myFirewallPolicy",
      "location": "westus", "properties": {"threatIntelMode": "Alert", "intrusionDetection":
      {"mode": "Alert", "configuration": {"signatureOverrides": [{"id": "10001", "mode":
      "Deny"}], "bypassTrafficSettings": []}}, "sku": {"tier": "Premium"}}}'
    headers:
      Accept:
      - application/json
      Accept-Encoding:
      - gzip, deflate
      CommandName:
      - network firewall policy intrusion-detection add
      Connection:
      - keep-alive
      Content-Length:
      - '454'
      Content-Type:
      - application/json; charset=utf-8
      ParameterSetName:
      - -g --policy-name --mode --signature-id
      User-Agent:
      - python/3.7.3 (Windows-10-10.0.19041-SP0) msrest/0.6.18 msrest_azure/0.6.3
        azure-mgmt-network/13.0.0 Azure-SDK-For-Python AZURECLI/2.17.1
      accept-language:
      - en-US
    method: PUT
    uri: https://management.azure.com/subscriptions/00000000-0000-0000-0000-000000000000/resourceGroups/test_azure_firewall_policy_intrusion_detection000001/providers/Microsoft.Network/firewallPolicies/myFirewallPolicy?api-version=2020-08-01
  response:
    body:
      string: "{\r\n  \"properties\": {\r\n    \"sku\": {\r\n      \"tier\": \"Premium\"\r\n
        \   },\r\n    \"threatIntelMode\": \"Alert\",\r\n    \"childPolicies\": [],\r\n
        \   \"ruleCollectionGroups\": [],\r\n    \"firewalls\": [],\r\n    \"intrusionDetection\":
        {\r\n      \"mode\": \"Alert\",\r\n      \"configuration\": {\r\n        \"signatureOverrides\":
        [\r\n          {\r\n            \"id\": \"10001\",\r\n            \"mode\":
        \"Deny\"\r\n          }\r\n        ],\r\n        \"bypassTrafficSettings\":
        []\r\n      }\r\n    },\r\n    \"provisioningState\": \"Updating\"\r\n  },\r\n
        \ \"id\": \"/subscriptions/00000000-0000-0000-0000-000000000000/resourceGroups/test_azure_firewall_policy_intrusion_detection000001/providers/Microsoft.Network/firewallPolicies/myFirewallPolicy\",\r\n
        \ \"name\": \"myFirewallPolicy\",\r\n  \"type\": \"Microsoft.Network/FirewallPolicies\",\r\n
        \ \"etag\": \"748e1d55-f09f-40d5-8e9f-fa7c4d7b88d4\",\r\n  \"location\": \"westus\"\r\n}"
    headers:
      azure-asyncoperation:
      - https://management.azure.com/subscriptions/00000000-0000-0000-0000-000000000000/providers/Microsoft.Network/locations/westus/nfvOperations/c8999bbc-ae8b-4ff1-8230-daaf6fee0601?api-version=2020-08-01
      cache-control:
      - no-cache
      content-length:
      - '859'
      content-type:
      - application/json; charset=utf-8
      date:
      - Tue, 19 Jan 2021 09:37:11 GMT
      expires:
      - '-1'
      pragma:
      - no-cache
      server:
      - Microsoft-HTTPAPI/2.0
      strict-transport-security:
      - max-age=31536000; includeSubDomains
      transfer-encoding:
      - chunked
      vary:
      - Accept-Encoding
      x-content-type-options:
      - nosniff
      x-ms-ratelimit-remaining-subscription-writes:
      - '1196'
    status:
      code: 200
      message: OK
- request:
    body: null
    headers:
      Accept:
      - application/json
      Accept-Encoding:
      - gzip, deflate
      CommandName:
      - network firewall policy intrusion-detection add
      Connection:
      - keep-alive
      ParameterSetName:
      - -g --policy-name --mode --signature-id
      User-Agent:
      - python/3.7.3 (Windows-10-10.0.19041-SP0) msrest/0.6.18 msrest_azure/0.6.3
        azure-mgmt-network/13.0.0 Azure-SDK-For-Python AZURECLI/2.17.1
    method: GET
    uri: https://management.azure.com/subscriptions/00000000-0000-0000-0000-000000000000/providers/Microsoft.Network/locations/westus/nfvOperations/c8999bbc-ae8b-4ff1-8230-daaf6fee0601?api-version=2020-08-01
  response:
    body:
      string: "{\r\n  \"status\": \"Succeeded\"\r\n}"
    headers:
      cache-control:
      - no-cache
      content-length:
      - '29'
      content-type:
      - application/json; charset=utf-8
      date:
      - Tue, 19 Jan 2021 09:37:23 GMT
      expires:
      - '-1'
      pragma:
      - no-cache
      server:
      - Microsoft-HTTPAPI/2.0
      strict-transport-security:
      - max-age=31536000; includeSubDomains
      transfer-encoding:
      - chunked
      vary:
      - Accept-Encoding
      x-content-type-options:
      - nosniff
    status:
      code: 200
      message: OK
- request:
    body: null
    headers:
      Accept:
      - application/json
      Accept-Encoding:
      - gzip, deflate
      CommandName:
      - network firewall policy intrusion-detection add
      Connection:
      - keep-alive
      ParameterSetName:
      - -g --policy-name --mode --signature-id
      User-Agent:
      - python/3.7.3 (Windows-10-10.0.19041-SP0) msrest/0.6.18 msrest_azure/0.6.3
        azure-mgmt-network/13.0.0 Azure-SDK-For-Python AZURECLI/2.17.1
    method: GET
    uri: https://management.azure.com/subscriptions/00000000-0000-0000-0000-000000000000/resourceGroups/test_azure_firewall_policy_intrusion_detection000001/providers/Microsoft.Network/firewallPolicies/myFirewallPolicy?api-version=2020-08-01
  response:
    body:
      string: "{\r\n  \"properties\": {\r\n    \"sku\": {\r\n      \"tier\": \"Premium\"\r\n
        \   },\r\n    \"threatIntelMode\": \"Alert\",\r\n    \"childPolicies\": [],\r\n
        \   \"ruleCollectionGroups\": [],\r\n    \"firewalls\": [],\r\n    \"intrusionDetection\":
        {\r\n      \"mode\": \"Alert\",\r\n      \"configuration\": {\r\n        \"signatureOverrides\":
        [\r\n          {\r\n            \"id\": \"10001\",\r\n            \"mode\":
        \"Deny\"\r\n          }\r\n        ],\r\n        \"bypassTrafficSettings\":
        []\r\n      }\r\n    },\r\n    \"provisioningState\": \"Succeeded\"\r\n  },\r\n
        \ \"id\": \"/subscriptions/00000000-0000-0000-0000-000000000000/resourceGroups/test_azure_firewall_policy_intrusion_detection000001/providers/Microsoft.Network/firewallPolicies/myFirewallPolicy\",\r\n
        \ \"name\": \"myFirewallPolicy\",\r\n  \"type\": \"Microsoft.Network/FirewallPolicies\",\r\n
        \ \"etag\": \"748e1d55-f09f-40d5-8e9f-fa7c4d7b88d4\",\r\n  \"location\": \"westus\"\r\n}"
    headers:
      cache-control:
      - no-cache
      content-length:
      - '860'
      content-type:
      - application/json; charset=utf-8
      date:
      - Tue, 19 Jan 2021 09:37:23 GMT
      expires:
      - '-1'
      pragma:
      - no-cache
      server:
      - Microsoft-HTTPAPI/2.0
      strict-transport-security:
      - max-age=31536000; includeSubDomains
      transfer-encoding:
      - chunked
      vary:
      - Accept-Encoding
      x-content-type-options:
      - nosniff
    status:
      code: 200
      message: OK
- request:
    body: null
    headers:
      Accept:
      - application/json
      Accept-Encoding:
      - gzip, deflate
      CommandName:
      - network firewall policy intrusion-detection add
      Connection:
      - keep-alive
      ParameterSetName:
      - -g --policy-name --mode --signature-id
      User-Agent:
      - python/3.7.3 (Windows-10-10.0.19041-SP0) msrest/0.6.18 msrest_azure/0.6.3
        azure-mgmt-network/13.0.0 Azure-SDK-For-Python AZURECLI/2.17.1
      accept-language:
      - en-US
    method: GET
    uri: https://management.azure.com/subscriptions/00000000-0000-0000-0000-000000000000/resourceGroups/test_azure_firewall_policy_intrusion_detection000001/providers/Microsoft.Network/firewallPolicies/myFirewallPolicy?api-version=2020-08-01
  response:
    body:
      string: "{\r\n  \"properties\": {\r\n    \"sku\": {\r\n      \"tier\": \"Premium\"\r\n
        \   },\r\n    \"threatIntelMode\": \"Alert\",\r\n    \"childPolicies\": [],\r\n
        \   \"ruleCollectionGroups\": [],\r\n    \"firewalls\": [],\r\n    \"intrusionDetection\":
        {\r\n      \"mode\": \"Alert\",\r\n      \"configuration\": {\r\n        \"signatureOverrides\":
        [\r\n          {\r\n            \"id\": \"10001\",\r\n            \"mode\":
        \"Deny\"\r\n          }\r\n        ],\r\n        \"bypassTrafficSettings\":
        []\r\n      }\r\n    },\r\n    \"provisioningState\": \"Succeeded\"\r\n  },\r\n
        \ \"id\": \"/subscriptions/00000000-0000-0000-0000-000000000000/resourceGroups/test_azure_firewall_policy_intrusion_detection000001/providers/Microsoft.Network/firewallPolicies/myFirewallPolicy\",\r\n
        \ \"name\": \"myFirewallPolicy\",\r\n  \"type\": \"Microsoft.Network/FirewallPolicies\",\r\n
        \ \"etag\": \"748e1d55-f09f-40d5-8e9f-fa7c4d7b88d4\",\r\n  \"location\": \"westus\"\r\n}"
    headers:
      cache-control:
      - no-cache
      content-length:
      - '860'
      content-type:
      - application/json; charset=utf-8
      date:
      - Tue, 19 Jan 2021 09:37:24 GMT
      expires:
      - '-1'
      pragma:
      - no-cache
      server:
      - Microsoft-HTTPAPI/2.0
      strict-transport-security:
      - max-age=31536000; includeSubDomains
      transfer-encoding:
      - chunked
      vary:
      - Accept-Encoding
      x-content-type-options:
      - nosniff
    status:
      code: 200
      message: OK
- request:
    body: '{"id": "/subscriptions/00000000-0000-0000-0000-000000000000/resourceGroups/test_azure_firewall_policy_intrusion_detection000001/providers/Microsoft.Network/firewallPolicies/myFirewallPolicy",
      "location": "westus", "properties": {"threatIntelMode": "Alert", "intrusionDetection":
      {"mode": "Alert", "configuration": {"signatureOverrides": [{"id": "10001", "mode":
      "Deny"}, {"id": "20001", "mode": "Alert"}], "bypassTrafficSettings": []}}, "sku":
      {"tier": "Premium"}}}'
    headers:
      Accept:
      - application/json
      Accept-Encoding:
      - gzip, deflate
      CommandName:
      - network firewall policy intrusion-detection add
      Connection:
      - keep-alive
      Content-Length:
      - '488'
      Content-Type:
      - application/json; charset=utf-8
      ParameterSetName:
      - -g --policy-name --mode --signature-id
      User-Agent:
      - python/3.7.3 (Windows-10-10.0.19041-SP0) msrest/0.6.18 msrest_azure/0.6.3
        azure-mgmt-network/13.0.0 Azure-SDK-For-Python AZURECLI/2.17.1
      accept-language:
      - en-US
    method: PUT
    uri: https://management.azure.com/subscriptions/00000000-0000-0000-0000-000000000000/resourceGroups/test_azure_firewall_policy_intrusion_detection000001/providers/Microsoft.Network/firewallPolicies/myFirewallPolicy?api-version=2020-08-01
  response:
    body:
      string: "{\r\n  \"properties\": {\r\n    \"sku\": {\r\n      \"tier\": \"Premium\"\r\n
        \   },\r\n    \"threatIntelMode\": \"Alert\",\r\n    \"childPolicies\": [],\r\n
        \   \"ruleCollectionGroups\": [],\r\n    \"firewalls\": [],\r\n    \"intrusionDetection\":
        {\r\n      \"mode\": \"Alert\",\r\n      \"configuration\": {\r\n        \"signatureOverrides\":
        [\r\n          {\r\n            \"id\": \"10001\",\r\n            \"mode\":
        \"Deny\"\r\n          },\r\n          {\r\n            \"id\": \"20001\",\r\n
        \           \"mode\": \"Alert\"\r\n          }\r\n        ],\r\n        \"bypassTrafficSettings\":
        []\r\n      }\r\n    },\r\n    \"provisioningState\": \"Updating\"\r\n  },\r\n
        \ \"id\": \"/subscriptions/00000000-0000-0000-0000-000000000000/resourceGroups/test_azure_firewall_policy_intrusion_detection000001/providers/Microsoft.Network/firewallPolicies/myFirewallPolicy\",\r\n
        \ \"name\": \"myFirewallPolicy\",\r\n  \"type\": \"Microsoft.Network/FirewallPolicies\",\r\n
        \ \"etag\": \"cbef7e76-a122-4fa4-8931-ed1b59acb498\",\r\n  \"location\": \"westus\"\r\n}"
    headers:
      azure-asyncoperation:
      - https://management.azure.com/subscriptions/00000000-0000-0000-0000-000000000000/providers/Microsoft.Network/locations/westus/nfvOperations/7344bb85-e217-4f29-9672-136caaf913ab?api-version=2020-08-01
      cache-control:
      - no-cache
      content-length:
      - '943'
      content-type:
      - application/json; charset=utf-8
      date:
      - Tue, 19 Jan 2021 09:37:25 GMT
      expires:
      - '-1'
      pragma:
      - no-cache
      server:
      - Microsoft-HTTPAPI/2.0
      strict-transport-security:
      - max-age=31536000; includeSubDomains
      transfer-encoding:
      - chunked
      vary:
      - Accept-Encoding
      x-content-type-options:
      - nosniff
      x-ms-ratelimit-remaining-subscription-writes:
      - '1196'
    status:
      code: 200
      message: OK
- request:
    body: null
    headers:
      Accept:
      - application/json
      Accept-Encoding:
      - gzip, deflate
      CommandName:
      - network firewall policy intrusion-detection add
      Connection:
      - keep-alive
      ParameterSetName:
      - -g --policy-name --mode --signature-id
      User-Agent:
      - python/3.7.3 (Windows-10-10.0.19041-SP0) msrest/0.6.18 msrest_azure/0.6.3
        azure-mgmt-network/13.0.0 Azure-SDK-For-Python AZURECLI/2.17.1
    method: GET
    uri: https://management.azure.com/subscriptions/00000000-0000-0000-0000-000000000000/providers/Microsoft.Network/locations/westus/nfvOperations/7344bb85-e217-4f29-9672-136caaf913ab?api-version=2020-08-01
  response:
    body:
      string: "{\r\n  \"status\": \"Succeeded\"\r\n}"
    headers:
      cache-control:
      - no-cache
      content-length:
      - '29'
      content-type:
      - application/json; charset=utf-8
      date:
      - Tue, 19 Jan 2021 09:37:36 GMT
      expires:
      - '-1'
      pragma:
      - no-cache
      server:
      - Microsoft-HTTPAPI/2.0
      strict-transport-security:
      - max-age=31536000; includeSubDomains
      transfer-encoding:
      - chunked
      vary:
      - Accept-Encoding
      x-content-type-options:
      - nosniff
    status:
      code: 200
      message: OK
- request:
    body: null
    headers:
      Accept:
      - application/json
      Accept-Encoding:
      - gzip, deflate
      CommandName:
      - network firewall policy intrusion-detection add
      Connection:
      - keep-alive
      ParameterSetName:
      - -g --policy-name --mode --signature-id
      User-Agent:
      - python/3.7.3 (Windows-10-10.0.19041-SP0) msrest/0.6.18 msrest_azure/0.6.3
        azure-mgmt-network/13.0.0 Azure-SDK-For-Python AZURECLI/2.17.1
    method: GET
    uri: https://management.azure.com/subscriptions/00000000-0000-0000-0000-000000000000/resourceGroups/test_azure_firewall_policy_intrusion_detection000001/providers/Microsoft.Network/firewallPolicies/myFirewallPolicy?api-version=2020-08-01
  response:
    body:
      string: "{\r\n  \"properties\": {\r\n    \"sku\": {\r\n      \"tier\": \"Premium\"\r\n
        \   },\r\n    \"threatIntelMode\": \"Alert\",\r\n    \"childPolicies\": [],\r\n
        \   \"ruleCollectionGroups\": [],\r\n    \"firewalls\": [],\r\n    \"intrusionDetection\":
        {\r\n      \"mode\": \"Alert\",\r\n      \"configuration\": {\r\n        \"signatureOverrides\":
        [\r\n          {\r\n            \"id\": \"10001\",\r\n            \"mode\":
        \"Deny\"\r\n          },\r\n          {\r\n            \"id\": \"20001\",\r\n
        \           \"mode\": \"Alert\"\r\n          }\r\n        ],\r\n        \"bypassTrafficSettings\":
        []\r\n      }\r\n    },\r\n    \"provisioningState\": \"Succeeded\"\r\n  },\r\n
        \ \"id\": \"/subscriptions/00000000-0000-0000-0000-000000000000/resourceGroups/test_azure_firewall_policy_intrusion_detection000001/providers/Microsoft.Network/firewallPolicies/myFirewallPolicy\",\r\n
        \ \"name\": \"myFirewallPolicy\",\r\n  \"type\": \"Microsoft.Network/FirewallPolicies\",\r\n
        \ \"etag\": \"cbef7e76-a122-4fa4-8931-ed1b59acb498\",\r\n  \"location\": \"westus\"\r\n}"
    headers:
      cache-control:
      - no-cache
      content-length:
      - '944'
      content-type:
      - application/json; charset=utf-8
      date:
      - Tue, 19 Jan 2021 09:37:36 GMT
      expires:
      - '-1'
      pragma:
      - no-cache
      server:
      - Microsoft-HTTPAPI/2.0
      strict-transport-security:
      - max-age=31536000; includeSubDomains
      transfer-encoding:
      - chunked
      vary:
      - Accept-Encoding
      x-content-type-options:
      - nosniff
    status:
      code: 200
      message: OK
- request:
    body: null
    headers:
      Accept:
      - application/json
      Accept-Encoding:
      - gzip, deflate
      CommandName:
      - network firewall policy intrusion-detection add
      Connection:
      - keep-alive
      ParameterSetName:
      - -g --policy-name --rule-name --rule-protocol --rule-src-addresses --rule-dest-addresses
        --rule-dest-ports
      User-Agent:
      - python/3.7.3 (Windows-10-10.0.19041-SP0) msrest/0.6.18 msrest_azure/0.6.3
        azure-mgmt-network/13.0.0 Azure-SDK-For-Python AZURECLI/2.17.1
      accept-language:
      - en-US
    method: GET
    uri: https://management.azure.com/subscriptions/00000000-0000-0000-0000-000000000000/resourceGroups/test_azure_firewall_policy_intrusion_detection000001/providers/Microsoft.Network/firewallPolicies/myFirewallPolicy?api-version=2020-08-01
  response:
    body:
      string: "{\r\n  \"properties\": {\r\n    \"sku\": {\r\n      \"tier\": \"Premium\"\r\n
        \   },\r\n    \"threatIntelMode\": \"Alert\",\r\n    \"childPolicies\": [],\r\n
        \   \"ruleCollectionGroups\": [],\r\n    \"firewalls\": [],\r\n    \"intrusionDetection\":
        {\r\n      \"mode\": \"Alert\",\r\n      \"configuration\": {\r\n        \"signatureOverrides\":
        [\r\n          {\r\n            \"id\": \"10001\",\r\n            \"mode\":
        \"Deny\"\r\n          },\r\n          {\r\n            \"id\": \"20001\",\r\n
        \           \"mode\": \"Alert\"\r\n          }\r\n        ],\r\n        \"bypassTrafficSettings\":
        []\r\n      }\r\n    },\r\n    \"provisioningState\": \"Succeeded\"\r\n  },\r\n
        \ \"id\": \"/subscriptions/00000000-0000-0000-0000-000000000000/resourceGroups/test_azure_firewall_policy_intrusion_detection000001/providers/Microsoft.Network/firewallPolicies/myFirewallPolicy\",\r\n
        \ \"name\": \"myFirewallPolicy\",\r\n  \"type\": \"Microsoft.Network/FirewallPolicies\",\r\n
        \ \"etag\": \"cbef7e76-a122-4fa4-8931-ed1b59acb498\",\r\n  \"location\": \"westus\"\r\n}"
    headers:
      cache-control:
      - no-cache
      content-length:
      - '944'
      content-type:
      - application/json; charset=utf-8
      date:
      - Tue, 19 Jan 2021 09:37:37 GMT
      expires:
      - '-1'
      pragma:
      - no-cache
      server:
      - Microsoft-HTTPAPI/2.0
      strict-transport-security:
      - max-age=31536000; includeSubDomains
      transfer-encoding:
      - chunked
      vary:
      - Accept-Encoding
      x-content-type-options:
      - nosniff
    status:
      code: 200
      message: OK
- request:
    body: '{"id": "/subscriptions/00000000-0000-0000-0000-000000000000/resourceGroups/test_azure_firewall_policy_intrusion_detection000001/providers/Microsoft.Network/firewallPolicies/myFirewallPolicy",
      "location": "westus", "properties": {"threatIntelMode": "Alert", "intrusionDetection":
      {"mode": "Alert", "configuration": {"signatureOverrides": [{"id": "10001", "mode":
      "Deny"}, {"id": "20001", "mode": "Alert"}], "bypassTrafficSettings": [{"name":
      "bypass-rule-1", "protocol": "TCP", "sourceAddresses": ["10.0.0.12", "10.0.0.15"],
      "destinationAddresses": ["192.168.0.103", "192.168.0.104"], "destinationPorts":
      ["8080", "9090", "5432"]}]}}, "sku": {"tier": "Premium"}}}'
    headers:
      Accept:
      - application/json
      Accept-Encoding:
      - gzip, deflate
      CommandName:
      - network firewall policy intrusion-detection add
      Connection:
      - keep-alive
      Content-Length:
      - '685'
      Content-Type:
      - application/json; charset=utf-8
      ParameterSetName:
      - -g --policy-name --rule-name --rule-protocol --rule-src-addresses --rule-dest-addresses
        --rule-dest-ports
      User-Agent:
      - python/3.7.3 (Windows-10-10.0.19041-SP0) msrest/0.6.18 msrest_azure/0.6.3
        azure-mgmt-network/13.0.0 Azure-SDK-For-Python AZURECLI/2.17.1
      accept-language:
      - en-US
    method: PUT
    uri: https://management.azure.com/subscriptions/00000000-0000-0000-0000-000000000000/resourceGroups/test_azure_firewall_policy_intrusion_detection000001/providers/Microsoft.Network/firewallPolicies/myFirewallPolicy?api-version=2020-08-01
  response:
    body:
      string: "{\r\n  \"properties\": {\r\n    \"sku\": {\r\n      \"tier\": \"Premium\"\r\n
        \   },\r\n    \"threatIntelMode\": \"Alert\",\r\n    \"childPolicies\": [],\r\n
        \   \"ruleCollectionGroups\": [],\r\n    \"firewalls\": [],\r\n    \"intrusionDetection\":
        {\r\n      \"mode\": \"Alert\",\r\n      \"configuration\": {\r\n        \"signatureOverrides\":
        [\r\n          {\r\n            \"id\": \"10001\",\r\n            \"mode\":
        \"Deny\"\r\n          },\r\n          {\r\n            \"id\": \"20001\",\r\n
        \           \"mode\": \"Alert\"\r\n          }\r\n        ],\r\n        \"bypassTrafficSettings\":
        [\r\n          {\r\n            \"name\": \"bypass-rule-1\",\r\n            \"protocol\":
        \"TCP\",\r\n            \"sourceAddresses\": [\r\n              \"10.0.0.12\",\r\n
        \             \"10.0.0.15\"\r\n            ],\r\n            \"destinationAddresses\":
        [\r\n              \"192.168.0.103\",\r\n              \"192.168.0.104\"\r\n
        \           ],\r\n            \"destinationPorts\": [\r\n              \"8080\",\r\n
        \             \"9090\",\r\n              \"5432\"\r\n            ]\r\n          }\r\n
        \       ]\r\n      }\r\n    },\r\n    \"provisioningState\": \"Updating\"\r\n
        \ },\r\n  \"id\": \"/subscriptions/00000000-0000-0000-0000-000000000000/resourceGroups/test_azure_firewall_policy_intrusion_detection000001/providers/Microsoft.Network/firewallPolicies/myFirewallPolicy\",\r\n
        \ \"name\": \"myFirewallPolicy\",\r\n  \"type\": \"Microsoft.Network/FirewallPolicies\",\r\n
        \ \"etag\": \"21901b08-7262-4821-b59e-f4113154810a\",\r\n  \"location\": \"westus\"\r\n}"
    headers:
      azure-asyncoperation:
      - https://management.azure.com/subscriptions/00000000-0000-0000-0000-000000000000/providers/Microsoft.Network/locations/westus/nfvOperations/f0321105-2133-4933-b7d5-814e8f5f8f3b?api-version=2020-08-01
      cache-control:
      - no-cache
      content-length:
      - '1390'
      content-type:
      - application/json; charset=utf-8
      date:
      - Tue, 19 Jan 2021 09:37:38 GMT
      expires:
      - '-1'
      pragma:
      - no-cache
      server:
      - Microsoft-HTTPAPI/2.0
      strict-transport-security:
      - max-age=31536000; includeSubDomains
      transfer-encoding:
      - chunked
      vary:
      - Accept-Encoding
      x-content-type-options:
      - nosniff
      x-ms-ratelimit-remaining-subscription-writes:
      - '1196'
    status:
      code: 200
      message: OK
- request:
    body: null
    headers:
      Accept:
      - application/json
      Accept-Encoding:
      - gzip, deflate
      CommandName:
      - network firewall policy intrusion-detection add
      Connection:
      - keep-alive
      ParameterSetName:
      - -g --policy-name --rule-name --rule-protocol --rule-src-addresses --rule-dest-addresses
        --rule-dest-ports
      User-Agent:
      - python/3.7.3 (Windows-10-10.0.19041-SP0) msrest/0.6.18 msrest_azure/0.6.3
        azure-mgmt-network/13.0.0 Azure-SDK-For-Python AZURECLI/2.17.1
    method: GET
    uri: https://management.azure.com/subscriptions/00000000-0000-0000-0000-000000000000/providers/Microsoft.Network/locations/westus/nfvOperations/f0321105-2133-4933-b7d5-814e8f5f8f3b?api-version=2020-08-01
  response:
    body:
      string: "{\r\n  \"status\": \"Succeeded\"\r\n}"
    headers:
      cache-control:
      - no-cache
      content-length:
      - '29'
      content-type:
      - application/json; charset=utf-8
      date:
      - Tue, 19 Jan 2021 09:37:49 GMT
      expires:
      - '-1'
      pragma:
      - no-cache
      server:
      - Microsoft-HTTPAPI/2.0
      strict-transport-security:
      - max-age=31536000; includeSubDomains
      transfer-encoding:
      - chunked
      vary:
      - Accept-Encoding
      x-content-type-options:
      - nosniff
    status:
      code: 200
      message: OK
- request:
    body: null
    headers:
      Accept:
      - application/json
      Accept-Encoding:
      - gzip, deflate
      CommandName:
      - network firewall policy intrusion-detection add
      Connection:
      - keep-alive
      ParameterSetName:
      - -g --policy-name --rule-name --rule-protocol --rule-src-addresses --rule-dest-addresses
        --rule-dest-ports
      User-Agent:
      - python/3.7.3 (Windows-10-10.0.19041-SP0) msrest/0.6.18 msrest_azure/0.6.3
        azure-mgmt-network/13.0.0 Azure-SDK-For-Python AZURECLI/2.17.1
    method: GET
    uri: https://management.azure.com/subscriptions/00000000-0000-0000-0000-000000000000/resourceGroups/test_azure_firewall_policy_intrusion_detection000001/providers/Microsoft.Network/firewallPolicies/myFirewallPolicy?api-version=2020-08-01
  response:
    body:
      string: "{\r\n  \"properties\": {\r\n    \"sku\": {\r\n      \"tier\": \"Premium\"\r\n
        \   },\r\n    \"threatIntelMode\": \"Alert\",\r\n    \"childPolicies\": [],\r\n
        \   \"ruleCollectionGroups\": [],\r\n    \"firewalls\": [],\r\n    \"intrusionDetection\":
        {\r\n      \"mode\": \"Alert\",\r\n      \"configuration\": {\r\n        \"signatureOverrides\":
        [\r\n          {\r\n            \"id\": \"10001\",\r\n            \"mode\":
        \"Deny\"\r\n          },\r\n          {\r\n            \"id\": \"20001\",\r\n
        \           \"mode\": \"Alert\"\r\n          }\r\n        ],\r\n        \"bypassTrafficSettings\":
        [\r\n          {\r\n            \"name\": \"bypass-rule-1\",\r\n            \"protocol\":
        \"TCP\",\r\n            \"sourceAddresses\": [\r\n              \"10.0.0.12\",\r\n
        \             \"10.0.0.15\"\r\n            ],\r\n            \"destinationAddresses\":
        [\r\n              \"192.168.0.103\",\r\n              \"192.168.0.104\"\r\n
        \           ],\r\n            \"destinationPorts\": [\r\n              \"8080\",\r\n
        \             \"9090\",\r\n              \"5432\"\r\n            ]\r\n          }\r\n
        \       ]\r\n      }\r\n    },\r\n    \"provisioningState\": \"Succeeded\"\r\n
        \ },\r\n  \"id\": \"/subscriptions/00000000-0000-0000-0000-000000000000/resourceGroups/test_azure_firewall_policy_intrusion_detection000001/providers/Microsoft.Network/firewallPolicies/myFirewallPolicy\",\r\n
        \ \"name\": \"myFirewallPolicy\",\r\n  \"type\": \"Microsoft.Network/FirewallPolicies\",\r\n
        \ \"etag\": \"21901b08-7262-4821-b59e-f4113154810a\",\r\n  \"location\": \"westus\"\r\n}"
    headers:
      cache-control:
      - no-cache
      content-length:
      - '1391'
      content-type:
      - application/json; charset=utf-8
      date:
      - Tue, 19 Jan 2021 09:37:50 GMT
      expires:
      - '-1'
      pragma:
      - no-cache
      server:
      - Microsoft-HTTPAPI/2.0
      strict-transport-security:
      - max-age=31536000; includeSubDomains
      transfer-encoding:
      - chunked
      vary:
      - Accept-Encoding
      x-content-type-options:
      - nosniff
    status:
      code: 200
      message: OK
- request:
    body: null
    headers:
      Accept:
      - application/json
      Accept-Encoding:
      - gzip, deflate
      CommandName:
      - network firewall policy intrusion-detection list
      Connection:
      - keep-alive
      ParameterSetName:
      - -g --policy-name
      User-Agent:
      - python/3.7.3 (Windows-10-10.0.19041-SP0) msrest/0.6.18 msrest_azure/0.6.3
        azure-mgmt-network/13.0.0 Azure-SDK-For-Python AZURECLI/2.17.1
      accept-language:
      - en-US
    method: GET
    uri: https://management.azure.com/subscriptions/00000000-0000-0000-0000-000000000000/resourceGroups/test_azure_firewall_policy_intrusion_detection000001/providers/Microsoft.Network/firewallPolicies/myFirewallPolicy?api-version=2020-08-01
  response:
    body:
      string: "{\r\n  \"properties\": {\r\n    \"sku\": {\r\n      \"tier\": \"Premium\"\r\n
        \   },\r\n    \"threatIntelMode\": \"Alert\",\r\n    \"childPolicies\": [],\r\n
        \   \"ruleCollectionGroups\": [],\r\n    \"firewalls\": [],\r\n    \"intrusionDetection\":
        {\r\n      \"mode\": \"Alert\",\r\n      \"configuration\": {\r\n        \"signatureOverrides\":
        [\r\n          {\r\n            \"id\": \"10001\",\r\n            \"mode\":
        \"Deny\"\r\n          },\r\n          {\r\n            \"id\": \"20001\",\r\n
        \           \"mode\": \"Alert\"\r\n          }\r\n        ],\r\n        \"bypassTrafficSettings\":
        [\r\n          {\r\n            \"name\": \"bypass-rule-1\",\r\n            \"protocol\":
        \"TCP\",\r\n            \"sourceAddresses\": [\r\n              \"10.0.0.12\",\r\n
        \             \"10.0.0.15\"\r\n            ],\r\n            \"destinationAddresses\":
        [\r\n              \"192.168.0.103\",\r\n              \"192.168.0.104\"\r\n
        \           ],\r\n            \"destinationPorts\": [\r\n              \"8080\",\r\n
        \             \"9090\",\r\n              \"5432\"\r\n            ]\r\n          }\r\n
        \       ]\r\n      }\r\n    },\r\n    \"provisioningState\": \"Succeeded\"\r\n
        \ },\r\n  \"id\": \"/subscriptions/00000000-0000-0000-0000-000000000000/resourceGroups/test_azure_firewall_policy_intrusion_detection000001/providers/Microsoft.Network/firewallPolicies/myFirewallPolicy\",\r\n
        \ \"name\": \"myFirewallPolicy\",\r\n  \"type\": \"Microsoft.Network/FirewallPolicies\",\r\n
        \ \"etag\": \"21901b08-7262-4821-b59e-f4113154810a\",\r\n  \"location\": \"westus\"\r\n}"
    headers:
      cache-control:
      - no-cache
      content-length:
      - '1391'
      content-type:
      - application/json; charset=utf-8
      date:
      - Tue, 19 Jan 2021 09:37:51 GMT
      expires:
      - '-1'
      pragma:
      - no-cache
      server:
      - Microsoft-HTTPAPI/2.0
      strict-transport-security:
      - max-age=31536000; includeSubDomains
      transfer-encoding:
      - chunked
      vary:
      - Accept-Encoding
      x-content-type-options:
      - nosniff
    status:
      code: 200
      message: OK
- request:
    body: null
    headers:
      Accept:
      - application/json
      Accept-Encoding:
      - gzip, deflate
      CommandName:
      - network firewall policy intrusion-detection remove
      Connection:
      - keep-alive
      ParameterSetName:
      - -g --policy-name --rule-name --signature-id
      User-Agent:
      - python/3.7.3 (Windows-10-10.0.19041-SP0) msrest/0.6.18 msrest_azure/0.6.3
        azure-mgmt-network/13.0.0 Azure-SDK-For-Python AZURECLI/2.17.1
      accept-language:
      - en-US
    method: GET
    uri: https://management.azure.com/subscriptions/00000000-0000-0000-0000-000000000000/resourceGroups/test_azure_firewall_policy_intrusion_detection000001/providers/Microsoft.Network/firewallPolicies/myFirewallPolicy?api-version=2020-08-01
  response:
    body:
      string: "{\r\n  \"properties\": {\r\n    \"sku\": {\r\n      \"tier\": \"Premium\"\r\n
        \   },\r\n    \"threatIntelMode\": \"Alert\",\r\n    \"childPolicies\": [],\r\n
        \   \"ruleCollectionGroups\": [],\r\n    \"firewalls\": [],\r\n    \"intrusionDetection\":
        {\r\n      \"mode\": \"Alert\",\r\n      \"configuration\": {\r\n        \"signatureOverrides\":
        [\r\n          {\r\n            \"id\": \"10001\",\r\n            \"mode\":
        \"Deny\"\r\n          },\r\n          {\r\n            \"id\": \"20001\",\r\n
        \           \"mode\": \"Alert\"\r\n          }\r\n        ],\r\n        \"bypassTrafficSettings\":
        [\r\n          {\r\n            \"name\": \"bypass-rule-1\",\r\n            \"protocol\":
        \"TCP\",\r\n            \"sourceAddresses\": [\r\n              \"10.0.0.12\",\r\n
        \             \"10.0.0.15\"\r\n            ],\r\n            \"destinationAddresses\":
        [\r\n              \"192.168.0.103\",\r\n              \"192.168.0.104\"\r\n
        \           ],\r\n            \"destinationPorts\": [\r\n              \"8080\",\r\n
        \             \"9090\",\r\n              \"5432\"\r\n            ]\r\n          }\r\n
        \       ]\r\n      }\r\n    },\r\n    \"provisioningState\": \"Succeeded\"\r\n
        \ },\r\n  \"id\": \"/subscriptions/00000000-0000-0000-0000-000000000000/resourceGroups/test_azure_firewall_policy_intrusion_detection000001/providers/Microsoft.Network/firewallPolicies/myFirewallPolicy\",\r\n
        \ \"name\": \"myFirewallPolicy\",\r\n  \"type\": \"Microsoft.Network/FirewallPolicies\",\r\n
        \ \"etag\": \"21901b08-7262-4821-b59e-f4113154810a\",\r\n  \"location\": \"westus\"\r\n}"
    headers:
      cache-control:
      - no-cache
      content-length:
      - '1391'
      content-type:
      - application/json; charset=utf-8
      date:
      - Tue, 19 Jan 2021 09:37:51 GMT
      expires:
      - '-1'
      pragma:
      - no-cache
      server:
      - Microsoft-HTTPAPI/2.0
      strict-transport-security:
      - max-age=31536000; includeSubDomains
      transfer-encoding:
      - chunked
      vary:
      - Accept-Encoding
      x-content-type-options:
      - nosniff
    status:
      code: 200
      message: OK
- request:
    body: '{"id": "/subscriptions/00000000-0000-0000-0000-000000000000/resourceGroups/test_azure_firewall_policy_intrusion_detection000001/providers/Microsoft.Network/firewallPolicies/myFirewallPolicy",
      "location": "westus", "properties": {"threatIntelMode": "Alert", "intrusionDetection":
      {"mode": "Alert", "configuration": {"signatureOverrides": [{"id": "20001", "mode":
      "Alert"}], "bypassTrafficSettings": []}}, "sku": {"tier": "Premium"}}}'
    headers:
      Accept:
      - application/json
      Accept-Encoding:
      - gzip, deflate
      CommandName:
      - network firewall policy intrusion-detection remove
      Connection:
      - keep-alive
      Content-Length:
      - '455'
      Content-Type:
      - application/json; charset=utf-8
      ParameterSetName:
      - -g --policy-name --rule-name --signature-id
      User-Agent:
      - python/3.7.3 (Windows-10-10.0.19041-SP0) msrest/0.6.18 msrest_azure/0.6.3
        azure-mgmt-network/13.0.0 Azure-SDK-For-Python AZURECLI/2.17.1
      accept-language:
      - en-US
    method: PUT
    uri: https://management.azure.com/subscriptions/00000000-0000-0000-0000-000000000000/resourceGroups/test_azure_firewall_policy_intrusion_detection000001/providers/Microsoft.Network/firewallPolicies/myFirewallPolicy?api-version=2020-08-01
  response:
    body:
      string: "{\r\n  \"properties\": {\r\n    \"sku\": {\r\n      \"tier\": \"Premium\"\r\n
        \   },\r\n    \"threatIntelMode\": \"Alert\",\r\n    \"childPolicies\": [],\r\n
        \   \"ruleCollectionGroups\": [],\r\n    \"firewalls\": [],\r\n    \"intrusionDetection\":
        {\r\n      \"mode\": \"Alert\",\r\n      \"configuration\": {\r\n        \"signatureOverrides\":
        [\r\n          {\r\n            \"id\": \"20001\",\r\n            \"mode\":
        \"Alert\"\r\n          }\r\n        ],\r\n        \"bypassTrafficSettings\":
        []\r\n      }\r\n    },\r\n    \"provisioningState\": \"Updating\"\r\n  },\r\n
        \ \"id\": \"/subscriptions/00000000-0000-0000-0000-000000000000/resourceGroups/test_azure_firewall_policy_intrusion_detection000001/providers/Microsoft.Network/firewallPolicies/myFirewallPolicy\",\r\n
        \ \"name\": \"myFirewallPolicy\",\r\n  \"type\": \"Microsoft.Network/FirewallPolicies\",\r\n
        \ \"etag\": \"e8d2611d-4e00-4da4-a836-5f3c6a819af5\",\r\n  \"location\": \"westus\"\r\n}"
    headers:
      azure-asyncoperation:
      - https://management.azure.com/subscriptions/00000000-0000-0000-0000-000000000000/providers/Microsoft.Network/locations/westus/nfvOperations/cc7d8688-5ef2-4dbe-a470-ad4609d618d3?api-version=2020-08-01
      cache-control:
      - no-cache
      content-length:
      - '860'
      content-type:
      - application/json; charset=utf-8
      date:
      - Tue, 19 Jan 2021 09:37:52 GMT
      expires:
      - '-1'
      pragma:
      - no-cache
      server:
      - Microsoft-HTTPAPI/2.0
      strict-transport-security:
      - max-age=31536000; includeSubDomains
      transfer-encoding:
      - chunked
      vary:
      - Accept-Encoding
      x-content-type-options:
      - nosniff
      x-ms-ratelimit-remaining-subscription-writes:
      - '1197'
    status:
      code: 200
      message: OK
- request:
    body: null
    headers:
      Accept:
      - application/json
      Accept-Encoding:
      - gzip, deflate
      CommandName:
      - network firewall policy intrusion-detection remove
      Connection:
      - keep-alive
      ParameterSetName:
      - -g --policy-name --rule-name --signature-id
      User-Agent:
      - python/3.7.3 (Windows-10-10.0.19041-SP0) msrest/0.6.18 msrest_azure/0.6.3
        azure-mgmt-network/13.0.0 Azure-SDK-For-Python AZURECLI/2.17.1
    method: GET
    uri: https://management.azure.com/subscriptions/00000000-0000-0000-0000-000000000000/providers/Microsoft.Network/locations/westus/nfvOperations/cc7d8688-5ef2-4dbe-a470-ad4609d618d3?api-version=2020-08-01
  response:
    body:
      string: "{\r\n  \"status\": \"Succeeded\"\r\n}"
    headers:
      cache-control:
      - no-cache
      content-length:
      - '29'
      content-type:
      - application/json; charset=utf-8
      date:
      - Tue, 19 Jan 2021 09:38:03 GMT
      expires:
      - '-1'
      pragma:
      - no-cache
      server:
      - Microsoft-HTTPAPI/2.0
      strict-transport-security:
      - max-age=31536000; includeSubDomains
      transfer-encoding:
      - chunked
      vary:
      - Accept-Encoding
      x-content-type-options:
      - nosniff
    status:
      code: 200
      message: OK
- request:
    body: null
    headers:
      Accept:
      - application/json
      Accept-Encoding:
      - gzip, deflate
      CommandName:
      - network firewall policy intrusion-detection remove
      Connection:
      - keep-alive
      ParameterSetName:
      - -g --policy-name --rule-name --signature-id
      User-Agent:
      - python/3.7.3 (Windows-10-10.0.19041-SP0) msrest/0.6.18 msrest_azure/0.6.3
        azure-mgmt-network/13.0.0 Azure-SDK-For-Python AZURECLI/2.17.1
    method: GET
    uri: https://management.azure.com/subscriptions/00000000-0000-0000-0000-000000000000/resourceGroups/test_azure_firewall_policy_intrusion_detection000001/providers/Microsoft.Network/firewallPolicies/myFirewallPolicy?api-version=2020-08-01
  response:
    body:
      string: "{\r\n  \"properties\": {\r\n    \"sku\": {\r\n      \"tier\": \"Premium\"\r\n
        \   },\r\n    \"threatIntelMode\": \"Alert\",\r\n    \"childPolicies\": [],\r\n
        \   \"ruleCollectionGroups\": [],\r\n    \"firewalls\": [],\r\n    \"intrusionDetection\":
        {\r\n      \"mode\": \"Alert\",\r\n      \"configuration\": {\r\n        \"signatureOverrides\":
        [\r\n          {\r\n            \"id\": \"20001\",\r\n            \"mode\":
        \"Alert\"\r\n          }\r\n        ],\r\n        \"bypassTrafficSettings\":
        []\r\n      }\r\n    },\r\n    \"provisioningState\": \"Succeeded\"\r\n  },\r\n
        \ \"id\": \"/subscriptions/00000000-0000-0000-0000-000000000000/resourceGroups/test_azure_firewall_policy_intrusion_detection000001/providers/Microsoft.Network/firewallPolicies/myFirewallPolicy\",\r\n
        \ \"name\": \"myFirewallPolicy\",\r\n  \"type\": \"Microsoft.Network/FirewallPolicies\",\r\n
        \ \"etag\": \"e8d2611d-4e00-4da4-a836-5f3c6a819af5\",\r\n  \"location\": \"westus\"\r\n}"
    headers:
      cache-control:
      - no-cache
      content-length:
      - '861'
      content-type:
      - application/json; charset=utf-8
      date:
      - Tue, 19 Jan 2021 09:38:04 GMT
      expires:
      - '-1'
      pragma:
      - no-cache
      server:
      - Microsoft-HTTPAPI/2.0
      strict-transport-security:
      - max-age=31536000; includeSubDomains
      transfer-encoding:
      - chunked
      vary:
      - Accept-Encoding
      x-content-type-options:
      - nosniff
    status:
      code: 200
      message: OK
- request:
    body: null
    headers:
      Accept:
      - application/json
      Accept-Encoding:
      - gzip, deflate
      CommandName:
      - network firewall policy intrusion-detection list
      Connection:
      - keep-alive
      ParameterSetName:
      - -g --policy-name
      User-Agent:
      - python/3.7.3 (Windows-10-10.0.19041-SP0) msrest/0.6.18 msrest_azure/0.6.3
        azure-mgmt-network/13.0.0 Azure-SDK-For-Python AZURECLI/2.17.1
      accept-language:
      - en-US
    method: GET
    uri: https://management.azure.com/subscriptions/00000000-0000-0000-0000-000000000000/resourceGroups/test_azure_firewall_policy_intrusion_detection000001/providers/Microsoft.Network/firewallPolicies/myFirewallPolicy?api-version=2020-08-01
  response:
    body:
      string: "{\r\n  \"properties\": {\r\n    \"sku\": {\r\n      \"tier\": \"Premium\"\r\n
        \   },\r\n    \"threatIntelMode\": \"Alert\",\r\n    \"childPolicies\": [],\r\n
        \   \"ruleCollectionGroups\": [],\r\n    \"firewalls\": [],\r\n    \"intrusionDetection\":
        {\r\n      \"mode\": \"Alert\",\r\n      \"configuration\": {\r\n        \"signatureOverrides\":
        [\r\n          {\r\n            \"id\": \"20001\",\r\n            \"mode\":
        \"Alert\"\r\n          }\r\n        ],\r\n        \"bypassTrafficSettings\":
        []\r\n      }\r\n    },\r\n    \"provisioningState\": \"Succeeded\"\r\n  },\r\n
        \ \"id\": \"/subscriptions/00000000-0000-0000-0000-000000000000/resourceGroups/test_azure_firewall_policy_intrusion_detection000001/providers/Microsoft.Network/firewallPolicies/myFirewallPolicy\",\r\n
        \ \"name\": \"myFirewallPolicy\",\r\n  \"type\": \"Microsoft.Network/FirewallPolicies\",\r\n
        \ \"etag\": \"e8d2611d-4e00-4da4-a836-5f3c6a819af5\",\r\n  \"location\": \"westus\"\r\n}"
    headers:
      cache-control:
      - no-cache
      content-length:
      - '861'
      content-type:
      - application/json; charset=utf-8
      date:
      - Tue, 19 Jan 2021 09:38:05 GMT
      expires:
      - '-1'
      pragma:
      - no-cache
      server:
      - Microsoft-HTTPAPI/2.0
      strict-transport-security:
      - max-age=31536000; includeSubDomains
      transfer-encoding:
      - chunked
      vary:
      - Accept-Encoding
      x-content-type-options:
      - nosniff
    status:
      code: 200
      message: OK
version: 1
