interactions:
- request:
    body: null
    headers:
      Accept:
      - application/json
      Accept-Encoding:
      - gzip, deflate
      CommandName:
      - network ip-group create
      Connection:
      - keep-alive
      ParameterSetName:
      - -n -g --ip-addresses
      User-Agent:
      - python/3.7.4 (Windows-10-10.0.18362-SP0) msrest/0.6.9 msrest_azure/0.6.3 azure-mgmt-resource/10.0.0
        Azure-SDK-For-Python AZURECLI/2.7.0
      accept-language:
      - en-US
    method: GET
    uri: https://management.azure.com/subscriptions/00000000-0000-0000-0000-000000000000/resourcegroups/cli_test_azure_firewall_rules_with_ipgroups000001?api-version=2019-07-01
  response:
    body:
      string: '{"id":"/subscriptions/00000000-0000-0000-0000-000000000000/resourceGroups/cli_test_azure_firewall_rules_with_ipgroups000001","name":"cli_test_azure_firewall_rules_with_ipgroups000001","type":"Microsoft.Resources/resourceGroups","location":"westus","tags":{"product":"azurecli","cause":"automation","date":"2020-06-19T03:30:09Z"},"properties":{"provisioningState":"Succeeded"}}'
    headers:
      cache-control:
      - no-cache
      content-length:
      - '428'
      content-type:
      - application/json; charset=utf-8
      date:
      - Fri, 19 Jun 2020 03:30:12 GMT
      expires:
      - '-1'
      pragma:
      - no-cache
      strict-transport-security:
      - max-age=31536000; includeSubDomains
      vary:
      - Accept-Encoding
      x-content-type-options:
      - nosniff
    status:
      code: 200
      message: OK
- request:
    body: '{"location": "westus", "properties": {"ipAddresses": ["10.0.0.0", "10.0.0.1"]}}'
    headers:
      Accept:
      - application/json
      Accept-Encoding:
      - gzip, deflate
      CommandName:
      - network ip-group create
      Connection:
      - keep-alive
      Content-Length:
      - '79'
      Content-Type:
      - application/json; charset=utf-8
      ParameterSetName:
      - -n -g --ip-addresses
      User-Agent:
      - python/3.7.4 (Windows-10-10.0.18362-SP0) msrest/0.6.9 msrest_azure/0.6.3 azure-mgmt-network/7.0.0
        Azure-SDK-For-Python AZURECLI/2.7.0
      accept-language:
      - en-US
    method: PUT
    uri: https://management.azure.com/subscriptions/00000000-0000-0000-0000-000000000000/resourceGroups/cli_test_azure_firewall_rules_with_ipgroups000001/providers/Microsoft.Network/ipGroups/sourceipgroup?api-version=2019-09-01
  response:
    body:
      string: "{\r\n  \"properties\": {\r\n    \"firewalls\": [],\r\n    \"firewallPolicies\":
        [],\r\n    \"ipAddresses\": [\r\n      \"10.0.0.0\",\r\n      \"10.0.0.1\"\r\n
        \   ],\r\n    \"provisioningState\": \"Updating\"\r\n  },\r\n  \"id\": \"/subscriptions/00000000-0000-0000-0000-000000000000/resourceGroups/cli_test_azure_firewall_rules_with_ipgroups000001/providers/Microsoft.Network/ipGroups/sourceipgroup\",\r\n
        \ \"name\": \"sourceipgroup\",\r\n  \"type\": \"Microsoft.Network/IpGroups\",\r\n
        \ \"etag\": \"865b406d-5b54-44a2-ab91-07453a19b7ba\",\r\n  \"location\": \"westus\"\r\n}"
    headers:
      azure-asyncoperation:
      - https://management.azure.com/subscriptions/00000000-0000-0000-0000-000000000000/providers/Microsoft.Network/locations/westus/nfvOperations/02ab2b38-ee23-4001-8834-04239b6a9432?api-version=2019-09-01
      cache-control:
      - no-cache
      content-length:
      - '534'
      content-type:
      - application/json; charset=utf-8
      date:
      - Fri, 19 Jun 2020 03:30:17 GMT
      expires:
      - '-1'
      pragma:
      - no-cache
      server:
      - Microsoft-HTTPAPI/2.0
      strict-transport-security:
      - max-age=31536000; includeSubDomains
      x-content-type-options:
      - nosniff
      x-ms-ratelimit-remaining-subscription-writes:
      - '1198'
    status:
      code: 201
      message: Created
- request:
    body: null
    headers:
      Accept:
      - application/json
      Accept-Encoding:
      - gzip, deflate
      CommandName:
      - network ip-group create
      Connection:
      - keep-alive
      ParameterSetName:
      - -n -g --ip-addresses
      User-Agent:
      - python/3.7.4 (Windows-10-10.0.18362-SP0) msrest/0.6.9 msrest_azure/0.6.3 azure-mgmt-network/7.0.0
        Azure-SDK-For-Python AZURECLI/2.7.0
    method: GET
    uri: https://management.azure.com/subscriptions/00000000-0000-0000-0000-000000000000/providers/Microsoft.Network/locations/westus/nfvOperations/02ab2b38-ee23-4001-8834-04239b6a9432?api-version=2019-09-01
  response:
    body:
      string: "{\r\n  \"status\": \"Succeeded\"\r\n}"
    headers:
      cache-control:
      - no-cache
      content-length:
      - '29'
      content-type:
      - application/json; charset=utf-8
      date:
      - Fri, 19 Jun 2020 03:30:28 GMT
      expires:
      - '-1'
      pragma:
      - no-cache
      server:
      - Microsoft-HTTPAPI/2.0
      strict-transport-security:
      - max-age=31536000; includeSubDomains
      transfer-encoding:
      - chunked
      vary:
      - Accept-Encoding
      x-content-type-options:
      - nosniff
    status:
      code: 200
      message: OK
- request:
    body: null
    headers:
      Accept:
      - application/json
      Accept-Encoding:
      - gzip, deflate
      CommandName:
      - network ip-group create
      Connection:
      - keep-alive
      ParameterSetName:
      - -n -g --ip-addresses
      User-Agent:
      - python/3.7.4 (Windows-10-10.0.18362-SP0) msrest/0.6.9 msrest_azure/0.6.3 azure-mgmt-network/7.0.0
        Azure-SDK-For-Python AZURECLI/2.7.0
    method: GET
    uri: https://management.azure.com/subscriptions/00000000-0000-0000-0000-000000000000/resourceGroups/cli_test_azure_firewall_rules_with_ipgroups000001/providers/Microsoft.Network/ipGroups/sourceipgroup?api-version=2019-09-01
  response:
    body:
      string: "{\r\n  \"properties\": {\r\n    \"firewalls\": [],\r\n    \"firewallPolicies\":
        [],\r\n    \"ipAddresses\": [\r\n      \"10.0.0.0\",\r\n      \"10.0.0.1\"\r\n
        \   ],\r\n    \"provisioningState\": \"Succeeded\"\r\n  },\r\n  \"id\": \"/subscriptions/00000000-0000-0000-0000-000000000000/resourceGroups/cli_test_azure_firewall_rules_with_ipgroups000001/providers/Microsoft.Network/ipGroups/sourceipgroup\",\r\n
        \ \"name\": \"sourceipgroup\",\r\n  \"type\": \"Microsoft.Network/IpGroups\",\r\n
        \ \"etag\": \"865b406d-5b54-44a2-ab91-07453a19b7ba\",\r\n  \"location\": \"westus\"\r\n}"
    headers:
      cache-control:
      - no-cache
      content-length:
      - '535'
      content-type:
      - application/json; charset=utf-8
      date:
      - Fri, 19 Jun 2020 03:30:29 GMT
      expires:
      - '-1'
      pragma:
      - no-cache
      server:
      - Microsoft-HTTPAPI/2.0
      strict-transport-security:
      - max-age=31536000; includeSubDomains
      transfer-encoding:
      - chunked
      vary:
      - Accept-Encoding
      x-content-type-options:
      - nosniff
    status:
      code: 200
      message: OK
- request:
    body: null
    headers:
      Accept:
      - application/json
      Accept-Encoding:
      - gzip, deflate
      CommandName:
      - network ip-group create
      Connection:
      - keep-alive
      ParameterSetName:
      - -n -g --ip-addresses
      User-Agent:
      - python/3.7.4 (Windows-10-10.0.18362-SP0) msrest/0.6.9 msrest_azure/0.6.3 azure-mgmt-resource/10.0.0
        Azure-SDK-For-Python AZURECLI/2.7.0
      accept-language:
      - en-US
    method: GET
    uri: https://management.azure.com/subscriptions/00000000-0000-0000-0000-000000000000/resourcegroups/cli_test_azure_firewall_rules_with_ipgroups000001?api-version=2019-07-01
  response:
    body:
      string: '{"id":"/subscriptions/00000000-0000-0000-0000-000000000000/resourceGroups/cli_test_azure_firewall_rules_with_ipgroups000001","name":"cli_test_azure_firewall_rules_with_ipgroups000001","type":"Microsoft.Resources/resourceGroups","location":"westus","tags":{"product":"azurecli","cause":"automation","date":"2020-06-19T03:30:09Z"},"properties":{"provisioningState":"Succeeded"}}'
    headers:
      cache-control:
      - no-cache
      content-length:
      - '428'
      content-type:
      - application/json; charset=utf-8
      date:
      - Fri, 19 Jun 2020 03:30:30 GMT
      expires:
      - '-1'
      pragma:
      - no-cache
      strict-transport-security:
      - max-age=31536000; includeSubDomains
      vary:
      - Accept-Encoding
      x-content-type-options:
      - nosniff
    status:
      code: 200
      message: OK
- request:
    body: '{"location": "westus", "properties": {"ipAddresses": ["10.0.0.2", "10.0.0.3"]}}'
    headers:
      Accept:
      - application/json
      Accept-Encoding:
      - gzip, deflate
      CommandName:
      - network ip-group create
      Connection:
      - keep-alive
      Content-Length:
      - '79'
      Content-Type:
      - application/json; charset=utf-8
      ParameterSetName:
      - -n -g --ip-addresses
      User-Agent:
      - python/3.7.4 (Windows-10-10.0.18362-SP0) msrest/0.6.9 msrest_azure/0.6.3 azure-mgmt-network/7.0.0
        Azure-SDK-For-Python AZURECLI/2.7.0
      accept-language:
      - en-US
    method: PUT
    uri: https://management.azure.com/subscriptions/00000000-0000-0000-0000-000000000000/resourceGroups/cli_test_azure_firewall_rules_with_ipgroups000001/providers/Microsoft.Network/ipGroups/destinationipgroup?api-version=2019-09-01
  response:
    body:
      string: "{\r\n  \"properties\": {\r\n    \"firewalls\": [],\r\n    \"firewallPolicies\":
        [],\r\n    \"ipAddresses\": [\r\n      \"10.0.0.2\",\r\n      \"10.0.0.3\"\r\n
        \   ],\r\n    \"provisioningState\": \"Updating\"\r\n  },\r\n  \"id\": \"/subscriptions/00000000-0000-0000-0000-000000000000/resourceGroups/cli_test_azure_firewall_rules_with_ipgroups000001/providers/Microsoft.Network/ipGroups/destinationipgroup\",\r\n
        \ \"name\": \"destinationipgroup\",\r\n  \"type\": \"Microsoft.Network/IpGroups\",\r\n
        \ \"etag\": \"a19979c8-d2ee-4d45-a094-4c87d215d608\",\r\n  \"location\": \"westus\"\r\n}"
    headers:
      azure-asyncoperation:
      - https://management.azure.com/subscriptions/00000000-0000-0000-0000-000000000000/providers/Microsoft.Network/locations/westus/nfvOperations/7e31b587-9c2c-48f2-bb6f-58dceb328637?api-version=2019-09-01
      cache-control:
      - no-cache
      content-length:
      - '544'
      content-type:
      - application/json; charset=utf-8
      date:
      - Fri, 19 Jun 2020 03:30:33 GMT
      expires:
      - '-1'
      pragma:
      - no-cache
      server:
      - Microsoft-HTTPAPI/2.0
      strict-transport-security:
      - max-age=31536000; includeSubDomains
      x-content-type-options:
      - nosniff
      x-ms-ratelimit-remaining-subscription-writes:
      - '1195'
    status:
      code: 201
      message: Created
- request:
    body: null
    headers:
      Accept:
      - application/json
      Accept-Encoding:
      - gzip, deflate
      CommandName:
      - network ip-group create
      Connection:
      - keep-alive
      ParameterSetName:
      - -n -g --ip-addresses
      User-Agent:
      - python/3.7.4 (Windows-10-10.0.18362-SP0) msrest/0.6.9 msrest_azure/0.6.3 azure-mgmt-network/7.0.0
        Azure-SDK-For-Python AZURECLI/2.7.0
    method: GET
    uri: https://management.azure.com/subscriptions/00000000-0000-0000-0000-000000000000/providers/Microsoft.Network/locations/westus/nfvOperations/7e31b587-9c2c-48f2-bb6f-58dceb328637?api-version=2019-09-01
  response:
    body:
      string: "{\r\n  \"status\": \"Succeeded\"\r\n}"
    headers:
      cache-control:
      - no-cache
      content-length:
      - '29'
      content-type:
      - application/json; charset=utf-8
      date:
      - Fri, 19 Jun 2020 03:30:44 GMT
      expires:
      - '-1'
      pragma:
      - no-cache
      server:
      - Microsoft-HTTPAPI/2.0
      strict-transport-security:
      - max-age=31536000; includeSubDomains
      transfer-encoding:
      - chunked
      vary:
      - Accept-Encoding
      x-content-type-options:
      - nosniff
    status:
      code: 200
      message: OK
- request:
    body: null
    headers:
      Accept:
      - application/json
      Accept-Encoding:
      - gzip, deflate
      CommandName:
      - network ip-group create
      Connection:
      - keep-alive
      ParameterSetName:
      - -n -g --ip-addresses
      User-Agent:
      - python/3.7.4 (Windows-10-10.0.18362-SP0) msrest/0.6.9 msrest_azure/0.6.3 azure-mgmt-network/7.0.0
        Azure-SDK-For-Python AZURECLI/2.7.0
    method: GET
    uri: https://management.azure.com/subscriptions/00000000-0000-0000-0000-000000000000/resourceGroups/cli_test_azure_firewall_rules_with_ipgroups000001/providers/Microsoft.Network/ipGroups/destinationipgroup?api-version=2019-09-01
  response:
    body:
      string: "{\r\n  \"properties\": {\r\n    \"firewalls\": [],\r\n    \"firewallPolicies\":
        [],\r\n    \"ipAddresses\": [\r\n      \"10.0.0.2\",\r\n      \"10.0.0.3\"\r\n
        \   ],\r\n    \"provisioningState\": \"Succeeded\"\r\n  },\r\n  \"id\": \"/subscriptions/00000000-0000-0000-0000-000000000000/resourceGroups/cli_test_azure_firewall_rules_with_ipgroups000001/providers/Microsoft.Network/ipGroups/destinationipgroup\",\r\n
        \ \"name\": \"destinationipgroup\",\r\n  \"type\": \"Microsoft.Network/IpGroups\",\r\n
        \ \"etag\": \"a19979c8-d2ee-4d45-a094-4c87d215d608\",\r\n  \"location\": \"westus\"\r\n}"
    headers:
      cache-control:
      - no-cache
      content-length:
      - '545'
      content-type:
      - application/json; charset=utf-8
      date:
      - Fri, 19 Jun 2020 03:30:44 GMT
      expires:
      - '-1'
      pragma:
      - no-cache
      server:
      - Microsoft-HTTPAPI/2.0
      strict-transport-security:
      - max-age=31536000; includeSubDomains
      transfer-encoding:
      - chunked
      vary:
      - Accept-Encoding
      x-content-type-options:
      - nosniff
    status:
      code: 200
      message: OK
- request:
    body: null
    headers:
      Accept:
      - application/json
      Accept-Encoding:
      - gzip, deflate
      CommandName:
      - network firewall create
      Connection:
      - keep-alive
      ParameterSetName:
      - -g -n
      User-Agent:
      - python/3.7.4 (Windows-10-10.0.18362-SP0) msrest/0.6.9 msrest_azure/0.6.3 azure-mgmt-resource/10.0.0
        Azure-SDK-For-Python AZURECLI/2.7.0
      accept-language:
      - en-US
    method: GET
    uri: https://management.azure.com/subscriptions/00000000-0000-0000-0000-000000000000/resourcegroups/cli_test_azure_firewall_rules_with_ipgroups000001?api-version=2019-07-01
  response:
    body:
      string: '{"id":"/subscriptions/00000000-0000-0000-0000-000000000000/resourceGroups/cli_test_azure_firewall_rules_with_ipgroups000001","name":"cli_test_azure_firewall_rules_with_ipgroups000001","type":"Microsoft.Resources/resourceGroups","location":"westus","tags":{"product":"azurecli","cause":"automation","date":"2020-06-19T03:30:09Z"},"properties":{"provisioningState":"Succeeded"}}'
    headers:
      cache-control:
      - no-cache
      content-length:
      - '428'
      content-type:
      - application/json; charset=utf-8
      date:
      - Fri, 19 Jun 2020 03:30:46 GMT
      expires:
      - '-1'
      pragma:
      - no-cache
      strict-transport-security:
      - max-age=31536000; includeSubDomains
      vary:
      - Accept-Encoding
      x-content-type-options:
      - nosniff
    status:
      code: 200
      message: OK
- request:
    body: '{"location": "westus", "properties": {"additionalProperties": {"Network.DNS.EnableProxy":
      "False", "Network.DNS.RequireProxyForNetworkRules": "True", "Network.DNS.Servers":
      ""}}}'
    headers:
      Accept:
      - application/json
      Accept-Encoding:
      - gzip, deflate
      CommandName:
      - network firewall create
      Connection:
      - keep-alive
      Content-Length:
      - '178'
      Content-Type:
      - application/json; charset=utf-8
      ParameterSetName:
      - -g -n
      User-Agent:
      - python/3.7.4 (Windows-10-10.0.18362-SP0) msrest/0.6.9 msrest_azure/0.6.3 azure-mgmt-network/10.2.0
        Azure-SDK-For-Python AZURECLI/2.7.0
      accept-language:
      - en-US
    method: PUT
    uri: https://management.azure.com/subscriptions/00000000-0000-0000-0000-000000000000/resourceGroups/cli_test_azure_firewall_rules_with_ipgroups000001/providers/Microsoft.Network/azureFirewalls/af1?api-version=2020-05-01
  response:
    body:
      string: "{\r\n  \"name\": \"af1\",\r\n  \"id\": \"/subscriptions/00000000-0000-0000-0000-000000000000/resourceGroups/cli_test_azure_firewall_rules_with_ipgroups000001/providers/Microsoft.Network/azureFirewalls/af1\",\r\n
        \ \"etag\": \"W/\\\"e4a17be8-aaea-4796-8857-fa75b45d78ca\\\"\",\r\n  \"type\":
        \"Microsoft.Network/azureFirewalls\",\r\n  \"location\": \"westus\",\r\n  \"properties\":
        {\r\n    \"provisioningState\": \"Updating\",\r\n    \"sku\": {\r\n      \"name\":
        \"AZFW_VNet\",\r\n      \"tier\": \"Standard\"\r\n    },\r\n    \"threatIntelMode\":
        \"Alert\",\r\n    \"additionalProperties\": {\r\n      \"Network.DNS.EnableProxy\":
        \"False\",\r\n      \"Network.DNS.RequireProxyForNetworkRules\": \"True\",\r\n
        \     \"Network.DNS.Servers\": \"\"\r\n    },\r\n    \"ipConfigurations\":
        [],\r\n    \"networkRuleCollections\": [],\r\n    \"applicationRuleCollections\":
        [],\r\n    \"natRuleCollections\": []\r\n  }\r\n}"
    headers:
      azure-asyncnotification:
      - Enabled
      azure-asyncoperation:
      - https://management.azure.com/subscriptions/00000000-0000-0000-0000-000000000000/providers/Microsoft.Network/locations/westus/operations/c0ec0d3c-53fd-423c-917c-0a4a551006c6?api-version=2020-05-01
      cache-control:
      - no-cache
      content-length:
      - '830'
      content-type:
      - application/json; charset=utf-8
      date:
      - Fri, 19 Jun 2020 03:30:51 GMT
      expires:
      - '-1'
      pragma:
      - no-cache
      server:
      - Microsoft-HTTPAPI/2.0
      - Microsoft-HTTPAPI/2.0
      strict-transport-security:
      - max-age=31536000; includeSubDomains
      x-content-type-options:
      - nosniff
      x-ms-arm-service-request-id:
      - da91a642-29f6-4af0-a71e-3ec1ccc12867
      x-ms-ratelimit-remaining-subscription-writes:
      - '1196'
    status:
      code: 201
      message: Created
- request:
    body: null
    headers:
      Accept:
      - application/json
      Accept-Encoding:
      - gzip, deflate
      CommandName:
      - network firewall create
      Connection:
      - keep-alive
      ParameterSetName:
      - -g -n
      User-Agent:
      - python/3.7.4 (Windows-10-10.0.18362-SP0) msrest/0.6.9 msrest_azure/0.6.3 azure-mgmt-network/10.2.0
        Azure-SDK-For-Python AZURECLI/2.7.0
    method: GET
    uri: https://management.azure.com/subscriptions/00000000-0000-0000-0000-000000000000/providers/Microsoft.Network/locations/westus/operations/c0ec0d3c-53fd-423c-917c-0a4a551006c6?api-version=2020-05-01
  response:
    body:
      string: "{\r\n  \"status\": \"Succeeded\"\r\n}"
    headers:
      cache-control:
      - no-cache
      content-length:
      - '29'
      content-type:
      - application/json; charset=utf-8
      date:
      - Fri, 19 Jun 2020 03:31:02 GMT
      expires:
      - '-1'
      pragma:
      - no-cache
      server:
      - Microsoft-HTTPAPI/2.0
      - Microsoft-HTTPAPI/2.0
      strict-transport-security:
      - max-age=31536000; includeSubDomains
      transfer-encoding:
      - chunked
      vary:
      - Accept-Encoding
      x-content-type-options:
      - nosniff
      x-ms-arm-service-request-id:
      - 44300e2e-c377-42e1-a5d0-61614d7d4d93
    status:
      code: 200
      message: OK
- request:
    body: null
    headers:
      Accept:
      - application/json
      Accept-Encoding:
      - gzip, deflate
      CommandName:
      - network firewall create
      Connection:
      - keep-alive
      ParameterSetName:
      - -g -n
      User-Agent:
      - python/3.7.4 (Windows-10-10.0.18362-SP0) msrest/0.6.9 msrest_azure/0.6.3 azure-mgmt-network/10.2.0
        Azure-SDK-For-Python AZURECLI/2.7.0
    method: GET
    uri: https://management.azure.com/subscriptions/00000000-0000-0000-0000-000000000000/resourceGroups/cli_test_azure_firewall_rules_with_ipgroups000001/providers/Microsoft.Network/azureFirewalls/af1?api-version=2020-05-01
  response:
    body:
      string: "{\r\n  \"name\": \"af1\",\r\n  \"id\": \"/subscriptions/00000000-0000-0000-0000-000000000000/resourceGroups/cli_test_azure_firewall_rules_with_ipgroups000001/providers/Microsoft.Network/azureFirewalls/af1\",\r\n
        \ \"etag\": \"W/\\\"55dad034-a588-4152-88df-aa0ee67ce315\\\"\",\r\n  \"type\":
        \"Microsoft.Network/azureFirewalls\",\r\n  \"location\": \"westus\",\r\n  \"properties\":
        {\r\n    \"provisioningState\": \"Succeeded\",\r\n    \"sku\": {\r\n      \"name\":
        \"AZFW_VNet\",\r\n      \"tier\": \"Standard\"\r\n    },\r\n    \"threatIntelMode\":
        \"Alert\",\r\n    \"additionalProperties\": {\r\n      \"Network.DNS.EnableProxy\":
        \"False\",\r\n      \"Network.DNS.RequireProxyForNetworkRules\": \"True\",\r\n
        \     \"Network.DNS.Servers\": \"\"\r\n    },\r\n    \"ipConfigurations\":
        [],\r\n    \"networkRuleCollections\": [],\r\n    \"applicationRuleCollections\":
        [],\r\n    \"natRuleCollections\": []\r\n  }\r\n}"
    headers:
      cache-control:
      - no-cache
      content-length:
      - '831'
      content-type:
      - application/json; charset=utf-8
      date:
      - Fri, 19 Jun 2020 03:31:02 GMT
      etag:
      - W/"55dad034-a588-4152-88df-aa0ee67ce315"
      expires:
      - '-1'
      pragma:
      - no-cache
      server:
      - Microsoft-HTTPAPI/2.0
      - Microsoft-HTTPAPI/2.0
      strict-transport-security:
      - max-age=31536000; includeSubDomains
      transfer-encoding:
      - chunked
      vary:
      - Accept-Encoding
      x-content-type-options:
      - nosniff
      x-ms-arm-service-request-id:
      - a74a4293-b573-42bd-8755-d447612bf03d
    status:
      code: 200
      message: OK
- request:
    body: null
    headers:
      Accept:
      - application/json
      Accept-Encoding:
      - gzip, deflate
      CommandName:
      - network firewall network-rule create
      Connection:
      - keep-alive
      ParameterSetName:
      - -g -n -c --priority --action -f --source-ip-group --protocols --destination-ip-groups
        --destination-ports
      User-Agent:
      - python/3.7.4 (Windows-10-10.0.18362-SP0) msrest/0.6.9 msrest_azure/0.6.3 azure-mgmt-network/10.2.0
        Azure-SDK-For-Python AZURECLI/2.7.0
      accept-language:
      - en-US
    method: GET
    uri: https://management.azure.com/subscriptions/00000000-0000-0000-0000-000000000000/resourceGroups/cli_test_azure_firewall_rules_with_ipgroups000001/providers/Microsoft.Network/azureFirewalls/af1?api-version=2020-05-01
  response:
    body:
      string: "{\r\n  \"name\": \"af1\",\r\n  \"id\": \"/subscriptions/00000000-0000-0000-0000-000000000000/resourceGroups/cli_test_azure_firewall_rules_with_ipgroups000001/providers/Microsoft.Network/azureFirewalls/af1\",\r\n
        \ \"etag\": \"W/\\\"55dad034-a588-4152-88df-aa0ee67ce315\\\"\",\r\n  \"type\":
        \"Microsoft.Network/azureFirewalls\",\r\n  \"location\": \"westus\",\r\n  \"properties\":
        {\r\n    \"provisioningState\": \"Succeeded\",\r\n    \"sku\": {\r\n      \"name\":
        \"AZFW_VNet\",\r\n      \"tier\": \"Standard\"\r\n    },\r\n    \"threatIntelMode\":
        \"Alert\",\r\n    \"additionalProperties\": {\r\n      \"Network.DNS.EnableProxy\":
        \"False\",\r\n      \"Network.DNS.RequireProxyForNetworkRules\": \"True\",\r\n
        \     \"Network.DNS.Servers\": \"\"\r\n    },\r\n    \"ipConfigurations\":
        [],\r\n    \"networkRuleCollections\": [],\r\n    \"applicationRuleCollections\":
        [],\r\n    \"natRuleCollections\": []\r\n  }\r\n}"
    headers:
      cache-control:
      - no-cache
      content-length:
      - '831'
      content-type:
      - application/json; charset=utf-8
      date:
      - Fri, 19 Jun 2020 03:31:03 GMT
      etag:
      - W/"55dad034-a588-4152-88df-aa0ee67ce315"
      expires:
      - '-1'
      pragma:
      - no-cache
      server:
      - Microsoft-HTTPAPI/2.0
      - Microsoft-HTTPAPI/2.0
      strict-transport-security:
      - max-age=31536000; includeSubDomains
      transfer-encoding:
      - chunked
      vary:
      - Accept-Encoding
      x-content-type-options:
      - nosniff
      x-ms-arm-service-request-id:
      - dac7b152-ddd9-429d-a81a-5f28333cd347
    status:
      code: 200
      message: OK
- request:
    body: 'b''{"id": "/subscriptions/00000000-0000-0000-0000-000000000000/resourceGroups/cli_test_azure_firewall_rules_with_ipgroups000001/providers/Microsoft.Network/azureFirewalls/af1",
      "location": "westus", "properties": {"applicationRuleCollections": [], "natRuleCollections":
      [], "networkRuleCollections": [{"properties": {"priority": 10000, "action":
      {"type": "Allow"}, "rules": [{"name": "network-rule1", "protocols": ["UDP",
      "TCP", "ICMP"], "destinationPorts": ["80"], "sourceIpGroups": ["/subscriptions/00000000-0000-0000-0000-000000000000/resourceGroups/cli_test_azure_firewall_rules_with_ipgroups000001/providers/Microsoft.Network/ipGroups/sourceipgroup"],
      "destinationIpGroups": ["/subscriptions/00000000-0000-0000-0000-000000000000/resourceGroups/cli_test_azure_firewall_rules_with_ipgroups000001/providers/Microsoft.Network/ipGroups/destinationipgroup"]}]},
      "name": "rc1"}], "ipConfigurations": [], "threatIntelMode": "Alert", "sku":
      {"name": "AZFW_VNet", "tier": "Standard"}, "additionalProperties": {"Network.DNS.EnableProxy":
      "False", "Network.DNS.RequireProxyForNetworkRules": "True", "Network.DNS.Servers":
      ""}}}'''
    headers:
      Accept:
      - application/json
      Accept-Encoding:
      - gzip, deflate
      CommandName:
      - network firewall network-rule create
      Connection:
      - keep-alive
      Content-Length:
      - '1195'
      Content-Type:
      - application/json; charset=utf-8
      ParameterSetName:
      - -g -n -c --priority --action -f --source-ip-group --protocols --destination-ip-groups
        --destination-ports
      User-Agent:
      - python/3.7.4 (Windows-10-10.0.18362-SP0) msrest/0.6.9 msrest_azure/0.6.3 azure-mgmt-network/10.2.0
        Azure-SDK-For-Python AZURECLI/2.7.0
      accept-language:
      - en-US
    method: PUT
    uri: https://management.azure.com/subscriptions/00000000-0000-0000-0000-000000000000/resourceGroups/cli_test_azure_firewall_rules_with_ipgroups000001/providers/Microsoft.Network/azureFirewalls/af1?api-version=2020-05-01
  response:
    body:
      string: "{\r\n  \"name\": \"af1\",\r\n  \"id\": \"/subscriptions/00000000-0000-0000-0000-000000000000/resourceGroups/cli_test_azure_firewall_rules_with_ipgroups000001/providers/Microsoft.Network/azureFirewalls/af1\",\r\n
        \ \"etag\": \"W/\\\"18b66a62-1ae0-4c3d-bfdc-331e5e55cc9d\\\"\",\r\n  \"type\":
        \"Microsoft.Network/azureFirewalls\",\r\n  \"location\": \"westus\",\r\n  \"properties\":
        {\r\n    \"provisioningState\": \"Updating\",\r\n    \"sku\": {\r\n      \"name\":
        \"AZFW_VNet\",\r\n      \"tier\": \"Standard\"\r\n    },\r\n    \"threatIntelMode\":
        \"Alert\",\r\n    \"additionalProperties\": {\r\n      \"Network.DNS.EnableProxy\":
        \"False\",\r\n      \"Network.DNS.RequireProxyForNetworkRules\": \"True\",\r\n
        \     \"Network.DNS.Servers\": \"\"\r\n    },\r\n    \"ipConfigurations\":
        [],\r\n    \"networkRuleCollections\": [\r\n      {\r\n        \"name\": \"rc1\",\r\n
        \       \"id\": \"/subscriptions/00000000-0000-0000-0000-000000000000/resourceGroups/cli_test_azure_firewall_rules_with_ipgroups000001/providers/Microsoft.Network/azureFirewalls/af1/networkRuleCollections/rc1\",\r\n
        \       \"etag\": \"W/\\\"18b66a62-1ae0-4c3d-bfdc-331e5e55cc9d\\\"\",\r\n
        \       \"properties\": {\r\n          \"provisioningState\": \"Updating\",\r\n
        \         \"priority\": 10000,\r\n          \"action\": {\r\n            \"type\":
        \"Allow\"\r\n          },\r\n          \"rules\": [\r\n            {\r\n              \"name\":
        \"network-rule1\",\r\n              \"protocols\": [\r\n                \"UDP\",\r\n
        \               \"TCP\",\r\n                \"ICMP\"\r\n              ],\r\n
        \             \"sourceAddresses\": [],\r\n              \"destinationAddresses\":
        [],\r\n              \"sourceIpGroups\": [\r\n                \"/subscriptions/00000000-0000-0000-0000-000000000000/resourceGroups/cli_test_azure_firewall_rules_with_ipgroups000001/providers/Microsoft.Network/ipGroups/sourceipgroup\"\r\n
        \             ],\r\n              \"destinationIpGroups\": [\r\n                \"/subscriptions/00000000-0000-0000-0000-000000000000/resourceGroups/cli_test_azure_firewall_rules_with_ipgroups000001/providers/Microsoft.Network/ipGroups/destinationipgroup\"\r\n
        \             ],\r\n              \"destinationFqdns\": [],\r\n              \"destinationPorts\":
        [\r\n                \"80\"\r\n              ]\r\n            }\r\n          ]\r\n
        \       },\r\n        \"type\": \"Microsoft.Network/azureFirewalls/networkRuleCollections\"\r\n
        \     }\r\n    ],\r\n    \"applicationRuleCollections\": [],\r\n    \"natRuleCollections\":
        []\r\n  }\r\n}"
    headers:
      azure-asyncoperation:
      - https://management.azure.com/subscriptions/00000000-0000-0000-0000-000000000000/providers/Microsoft.Network/locations/westus/operations/f326058b-c50e-4a6e-939a-1589cd001166?api-version=2020-05-01
      cache-control:
      - no-cache
      content-length:
      - '2391'
      content-type:
      - application/json; charset=utf-8
      date:
      - Fri, 19 Jun 2020 03:31:05 GMT
      expires:
      - '-1'
      pragma:
      - no-cache
      server:
      - Microsoft-HTTPAPI/2.0
      - Microsoft-HTTPAPI/2.0
      strict-transport-security:
      - max-age=31536000; includeSubDomains
      transfer-encoding:
      - chunked
      vary:
      - Accept-Encoding
      x-content-type-options:
      - nosniff
      x-ms-arm-service-request-id:
      - 746847a5-aa28-4141-9bf9-aef50342153c
      x-ms-ratelimit-remaining-subscription-writes:
      - '1195'
    status:
      code: 200
      message: OK
- request:
    body: null
    headers:
      Accept:
      - application/json
      Accept-Encoding:
      - gzip, deflate
      CommandName:
      - network firewall network-rule create
      Connection:
      - keep-alive
      ParameterSetName:
      - -g -n -c --priority --action -f --source-ip-group --protocols --destination-ip-groups
        --destination-ports
      User-Agent:
      - python/3.7.4 (Windows-10-10.0.18362-SP0) msrest/0.6.9 msrest_azure/0.6.3 azure-mgmt-network/10.2.0
        Azure-SDK-For-Python AZURECLI/2.7.0
    method: GET
    uri: https://management.azure.com/subscriptions/00000000-0000-0000-0000-000000000000/providers/Microsoft.Network/locations/westus/operations/f326058b-c50e-4a6e-939a-1589cd001166?api-version=2020-05-01
  response:
    body:
      string: "{\r\n  \"status\": \"Succeeded\"\r\n}"
    headers:
      cache-control:
      - no-cache
      content-length:
      - '29'
      content-type:
      - application/json; charset=utf-8
      date:
      - Fri, 19 Jun 2020 03:31:16 GMT
      expires:
      - '-1'
      pragma:
      - no-cache
      server:
      - Microsoft-HTTPAPI/2.0
      - Microsoft-HTTPAPI/2.0
      strict-transport-security:
      - max-age=31536000; includeSubDomains
      transfer-encoding:
      - chunked
      vary:
      - Accept-Encoding
      x-content-type-options:
      - nosniff
      x-ms-arm-service-request-id:
      - 4043b30a-bc43-48ee-b2e9-6a7ce2cfede2
    status:
      code: 200
      message: OK
- request:
    body: null
    headers:
      Accept:
      - application/json
      Accept-Encoding:
      - gzip, deflate
      CommandName:
      - network firewall network-rule create
      Connection:
      - keep-alive
      ParameterSetName:
      - -g -n -c --priority --action -f --source-ip-group --protocols --destination-ip-groups
        --destination-ports
      User-Agent:
      - python/3.7.4 (Windows-10-10.0.18362-SP0) msrest/0.6.9 msrest_azure/0.6.3 azure-mgmt-network/10.2.0
        Azure-SDK-For-Python AZURECLI/2.7.0
    method: GET
    uri: https://management.azure.com/subscriptions/00000000-0000-0000-0000-000000000000/resourceGroups/cli_test_azure_firewall_rules_with_ipgroups000001/providers/Microsoft.Network/azureFirewalls/af1?api-version=2020-05-01
  response:
    body:
      string: "{\r\n  \"name\": \"af1\",\r\n  \"id\": \"/subscriptions/00000000-0000-0000-0000-000000000000/resourceGroups/cli_test_azure_firewall_rules_with_ipgroups000001/providers/Microsoft.Network/azureFirewalls/af1\",\r\n
        \ \"etag\": \"W/\\\"e89c6593-3376-4aa3-8644-7bb8d79a9793\\\"\",\r\n  \"type\":
        \"Microsoft.Network/azureFirewalls\",\r\n  \"location\": \"westus\",\r\n  \"properties\":
        {\r\n    \"provisioningState\": \"Succeeded\",\r\n    \"sku\": {\r\n      \"name\":
        \"AZFW_VNet\",\r\n      \"tier\": \"Standard\"\r\n    },\r\n    \"threatIntelMode\":
        \"Alert\",\r\n    \"additionalProperties\": {\r\n      \"Network.DNS.EnableProxy\":
        \"False\",\r\n      \"Network.DNS.RequireProxyForNetworkRules\": \"True\",\r\n
        \     \"Network.DNS.Servers\": \"\"\r\n    },\r\n    \"ipConfigurations\":
        [],\r\n    \"networkRuleCollections\": [\r\n      {\r\n        \"name\": \"rc1\",\r\n
        \       \"id\": \"/subscriptions/00000000-0000-0000-0000-000000000000/resourceGroups/cli_test_azure_firewall_rules_with_ipgroups000001/providers/Microsoft.Network/azureFirewalls/af1/networkRuleCollections/rc1\",\r\n
        \       \"etag\": \"W/\\\"e89c6593-3376-4aa3-8644-7bb8d79a9793\\\"\",\r\n
        \       \"properties\": {\r\n          \"provisioningState\": \"Succeeded\",\r\n
        \         \"priority\": 10000,\r\n          \"action\": {\r\n            \"type\":
        \"Allow\"\r\n          },\r\n          \"rules\": [\r\n            {\r\n              \"name\":
        \"network-rule1\",\r\n              \"protocols\": [\r\n                \"UDP\",\r\n
        \               \"TCP\",\r\n                \"ICMP\"\r\n              ],\r\n
        \             \"sourceAddresses\": [],\r\n              \"destinationAddresses\":
        [],\r\n              \"sourceIpGroups\": [\r\n                \"/subscriptions/00000000-0000-0000-0000-000000000000/resourceGroups/cli_test_azure_firewall_rules_with_ipgroups000001/providers/Microsoft.Network/ipGroups/sourceipgroup\"\r\n
        \             ],\r\n              \"destinationIpGroups\": [\r\n                \"/subscriptions/00000000-0000-0000-0000-000000000000/resourceGroups/cli_test_azure_firewall_rules_with_ipgroups000001/providers/Microsoft.Network/ipGroups/destinationipgroup\"\r\n
        \             ],\r\n              \"destinationFqdns\": [],\r\n              \"destinationPorts\":
        [\r\n                \"80\"\r\n              ]\r\n            }\r\n          ]\r\n
        \       },\r\n        \"type\": \"Microsoft.Network/azureFirewalls/networkRuleCollections\"\r\n
        \     }\r\n    ],\r\n    \"applicationRuleCollections\": [],\r\n    \"natRuleCollections\":
        []\r\n  }\r\n}"
    headers:
      cache-control:
      - no-cache
      content-length:
      - '2393'
      content-type:
      - application/json; charset=utf-8
      date:
      - Fri, 19 Jun 2020 03:31:16 GMT
      etag:
      - W/"e89c6593-3376-4aa3-8644-7bb8d79a9793"
      expires:
      - '-1'
      pragma:
      - no-cache
      server:
      - Microsoft-HTTPAPI/2.0
      - Microsoft-HTTPAPI/2.0
      strict-transport-security:
      - max-age=31536000; includeSubDomains
      transfer-encoding:
      - chunked
      vary:
      - Accept-Encoding
      x-content-type-options:
      - nosniff
      x-ms-arm-service-request-id:
      - 78ff2745-aa72-41ac-ad9c-fd967f7eedb3
    status:
      code: 200
      message: OK
- request:
    body: null
    headers:
      Accept:
      - application/json
      Accept-Encoding:
      - gzip, deflate
      CommandName:
      - network firewall network-rule create
      Connection:
      - keep-alive
      ParameterSetName:
      - -g -n -c -f --source-addresses --protocols --destination-ip-groups --destination-ports
      User-Agent:
      - python/3.7.4 (Windows-10-10.0.18362-SP0) msrest/0.6.9 msrest_azure/0.6.3 azure-mgmt-network/10.2.0
        Azure-SDK-For-Python AZURECLI/2.7.0
      accept-language:
      - en-US
    method: GET
    uri: https://management.azure.com/subscriptions/00000000-0000-0000-0000-000000000000/resourceGroups/cli_test_azure_firewall_rules_with_ipgroups000001/providers/Microsoft.Network/azureFirewalls/af1?api-version=2020-05-01
  response:
    body:
      string: "{\r\n  \"name\": \"af1\",\r\n  \"id\": \"/subscriptions/00000000-0000-0000-0000-000000000000/resourceGroups/cli_test_azure_firewall_rules_with_ipgroups000001/providers/Microsoft.Network/azureFirewalls/af1\",\r\n
        \ \"etag\": \"W/\\\"e89c6593-3376-4aa3-8644-7bb8d79a9793\\\"\",\r\n  \"type\":
        \"Microsoft.Network/azureFirewalls\",\r\n  \"location\": \"westus\",\r\n  \"properties\":
        {\r\n    \"provisioningState\": \"Succeeded\",\r\n    \"sku\": {\r\n      \"name\":
        \"AZFW_VNet\",\r\n      \"tier\": \"Standard\"\r\n    },\r\n    \"threatIntelMode\":
        \"Alert\",\r\n    \"additionalProperties\": {\r\n      \"Network.DNS.EnableProxy\":
        \"False\",\r\n      \"Network.DNS.RequireProxyForNetworkRules\": \"True\",\r\n
        \     \"Network.DNS.Servers\": \"\"\r\n    },\r\n    \"ipConfigurations\":
        [],\r\n    \"networkRuleCollections\": [\r\n      {\r\n        \"name\": \"rc1\",\r\n
        \       \"id\": \"/subscriptions/00000000-0000-0000-0000-000000000000/resourceGroups/cli_test_azure_firewall_rules_with_ipgroups000001/providers/Microsoft.Network/azureFirewalls/af1/networkRuleCollections/rc1\",\r\n
        \       \"etag\": \"W/\\\"e89c6593-3376-4aa3-8644-7bb8d79a9793\\\"\",\r\n
        \       \"properties\": {\r\n          \"provisioningState\": \"Succeeded\",\r\n
        \         \"priority\": 10000,\r\n          \"action\": {\r\n            \"type\":
        \"Allow\"\r\n          },\r\n          \"rules\": [\r\n            {\r\n              \"name\":
        \"network-rule1\",\r\n              \"protocols\": [\r\n                \"UDP\",\r\n
        \               \"TCP\",\r\n                \"ICMP\"\r\n              ],\r\n
        \             \"sourceAddresses\": [],\r\n              \"destinationAddresses\":
        [],\r\n              \"sourceIpGroups\": [\r\n                \"/subscriptions/00000000-0000-0000-0000-000000000000/resourceGroups/cli_test_azure_firewall_rules_with_ipgroups000001/providers/Microsoft.Network/ipGroups/sourceipgroup\"\r\n
        \             ],\r\n              \"destinationIpGroups\": [\r\n                \"/subscriptions/00000000-0000-0000-0000-000000000000/resourceGroups/cli_test_azure_firewall_rules_with_ipgroups000001/providers/Microsoft.Network/ipGroups/destinationipgroup\"\r\n
        \             ],\r\n              \"destinationFqdns\": [],\r\n              \"destinationPorts\":
        [\r\n                \"80\"\r\n              ]\r\n            }\r\n          ]\r\n
        \       },\r\n        \"type\": \"Microsoft.Network/azureFirewalls/networkRuleCollections\"\r\n
        \     }\r\n    ],\r\n    \"applicationRuleCollections\": [],\r\n    \"natRuleCollections\":
        []\r\n  }\r\n}"
    headers:
      cache-control:
      - no-cache
      content-length:
      - '2393'
      content-type:
      - application/json; charset=utf-8
      date:
      - Fri, 19 Jun 2020 03:31:18 GMT
      etag:
      - W/"e89c6593-3376-4aa3-8644-7bb8d79a9793"
      expires:
      - '-1'
      pragma:
      - no-cache
      server:
      - Microsoft-HTTPAPI/2.0
      - Microsoft-HTTPAPI/2.0
      strict-transport-security:
      - max-age=31536000; includeSubDomains
      transfer-encoding:
      - chunked
      vary:
      - Accept-Encoding
      x-content-type-options:
      - nosniff
      x-ms-arm-service-request-id:
      - b94f296b-1449-4c9a-87b6-9826713b6d91
    status:
      code: 200
      message: OK
- request:
    body: 'b''{"id": "/subscriptions/00000000-0000-0000-0000-000000000000/resourceGroups/cli_test_azure_firewall_rules_with_ipgroups000001/providers/Microsoft.Network/azureFirewalls/af1",
      "location": "westus", "properties": {"applicationRuleCollections": [], "natRuleCollections":
      [], "networkRuleCollections": [{"id": "/subscriptions/00000000-0000-0000-0000-000000000000/resourceGroups/cli_test_azure_firewall_rules_with_ipgroups000001/providers/Microsoft.Network/azureFirewalls/af1/networkRuleCollections/rc1",
      "properties": {"priority": 10000, "action": {"type": "Allow"}, "rules": [{"name":
      "network-rule1", "protocols": ["UDP", "TCP", "ICMP"], "sourceAddresses": [],
      "destinationAddresses": [], "destinationPorts": ["80"], "destinationFqdns":
      [], "sourceIpGroups": ["/subscriptions/00000000-0000-0000-0000-000000000000/resourceGroups/cli_test_azure_firewall_rules_with_ipgroups000001/providers/Microsoft.Network/ipGroups/sourceipgroup"],
      "destinationIpGroups": ["/subscriptions/00000000-0000-0000-0000-000000000000/resourceGroups/cli_test_azure_firewall_rules_with_ipgroups000001/providers/Microsoft.Network/ipGroups/destinationipgroup"]},
      {"name": "network-rule2", "protocols": ["UDP", "TCP"], "sourceAddresses": ["10.0.0.1",
      "111.2.0.0/24"], "destinationPorts": ["81"], "destinationIpGroups": ["/subscriptions/00000000-0000-0000-0000-000000000000/resourceGroups/cli_test_azure_firewall_rules_with_ipgroups000001/providers/Microsoft.Network/ipGroups/destinationipgroup"]}]},
      "name": "rc1"}], "ipConfigurations": [], "threatIntelMode": "Alert", "sku":
      {"name": "AZFW_VNet", "tier": "Standard"}, "additionalProperties": {"Network.DNS.EnableProxy":
      "False", "Network.DNS.RequireProxyForNetworkRules": "True", "Network.DNS.Servers":
      ""}}}'''
    headers:
      Accept:
      - application/json
      Accept-Encoding:
      - gzip, deflate
      CommandName:
      - network firewall network-rule create
      Connection:
      - keep-alive
      Content-Length:
      - '1856'
      Content-Type:
      - application/json; charset=utf-8
      ParameterSetName:
      - -g -n -c -f --source-addresses --protocols --destination-ip-groups --destination-ports
      User-Agent:
      - python/3.7.4 (Windows-10-10.0.18362-SP0) msrest/0.6.9 msrest_azure/0.6.3 azure-mgmt-network/10.2.0
        Azure-SDK-For-Python AZURECLI/2.7.0
      accept-language:
      - en-US
    method: PUT
    uri: https://management.azure.com/subscriptions/00000000-0000-0000-0000-000000000000/resourceGroups/cli_test_azure_firewall_rules_with_ipgroups000001/providers/Microsoft.Network/azureFirewalls/af1?api-version=2020-05-01
  response:
    body:
      string: "{\r\n  \"name\": \"af1\",\r\n  \"id\": \"/subscriptions/00000000-0000-0000-0000-000000000000/resourceGroups/cli_test_azure_firewall_rules_with_ipgroups000001/providers/Microsoft.Network/azureFirewalls/af1\",\r\n
        \ \"etag\": \"W/\\\"6bf70ed2-0586-428f-b5dd-6e41e278c6ad\\\"\",\r\n  \"type\":
        \"Microsoft.Network/azureFirewalls\",\r\n  \"location\": \"westus\",\r\n  \"properties\":
        {\r\n    \"provisioningState\": \"Updating\",\r\n    \"sku\": {\r\n      \"name\":
        \"AZFW_VNet\",\r\n      \"tier\": \"Standard\"\r\n    },\r\n    \"threatIntelMode\":
        \"Alert\",\r\n    \"additionalProperties\": {\r\n      \"Network.DNS.EnableProxy\":
        \"False\",\r\n      \"Network.DNS.RequireProxyForNetworkRules\": \"True\",\r\n
        \     \"Network.DNS.Servers\": \"\"\r\n    },\r\n    \"ipConfigurations\":
        [],\r\n    \"networkRuleCollections\": [\r\n      {\r\n        \"name\": \"rc1\",\r\n
        \       \"id\": \"/subscriptions/00000000-0000-0000-0000-000000000000/resourceGroups/cli_test_azure_firewall_rules_with_ipgroups000001/providers/Microsoft.Network/azureFirewalls/af1/networkRuleCollections/rc1\",\r\n
        \       \"etag\": \"W/\\\"6bf70ed2-0586-428f-b5dd-6e41e278c6ad\\\"\",\r\n
        \       \"properties\": {\r\n          \"provisioningState\": \"Updating\",\r\n
        \         \"priority\": 10000,\r\n          \"action\": {\r\n            \"type\":
        \"Allow\"\r\n          },\r\n          \"rules\": [\r\n            {\r\n              \"name\":
        \"network-rule1\",\r\n              \"protocols\": [\r\n                \"UDP\",\r\n
        \               \"TCP\",\r\n                \"ICMP\"\r\n              ],\r\n
        \             \"sourceAddresses\": [],\r\n              \"destinationAddresses\":
        [],\r\n              \"sourceIpGroups\": [\r\n                \"/subscriptions/00000000-0000-0000-0000-000000000000/resourceGroups/cli_test_azure_firewall_rules_with_ipgroups000001/providers/Microsoft.Network/ipGroups/sourceipgroup\"\r\n
        \             ],\r\n              \"destinationIpGroups\": [\r\n                \"/subscriptions/00000000-0000-0000-0000-000000000000/resourceGroups/cli_test_azure_firewall_rules_with_ipgroups000001/providers/Microsoft.Network/ipGroups/destinationipgroup\"\r\n
        \             ],\r\n              \"destinationFqdns\": [],\r\n              \"destinationPorts\":
        [\r\n                \"80\"\r\n              ]\r\n            },\r\n            {\r\n
        \             \"name\": \"network-rule2\",\r\n              \"protocols\":
        [\r\n                \"UDP\",\r\n                \"TCP\"\r\n              ],\r\n
        \             \"sourceAddresses\": [\r\n                \"10.0.0.1\",\r\n
        \               \"111.2.0.0/24\"\r\n              ],\r\n              \"destinationAddresses\":
        [],\r\n              \"sourceIpGroups\": [],\r\n              \"destinationIpGroups\":
        [\r\n                \"/subscriptions/00000000-0000-0000-0000-000000000000/resourceGroups/cli_test_azure_firewall_rules_with_ipgroups000001/providers/Microsoft.Network/ipGroups/destinationipgroup\"\r\n
        \             ],\r\n              \"destinationFqdns\": [],\r\n              \"destinationPorts\":
        [\r\n                \"81\"\r\n              ]\r\n            }\r\n          ]\r\n
        \       },\r\n        \"type\": \"Microsoft.Network/azureFirewalls/networkRuleCollections\"\r\n
        \     }\r\n    ],\r\n    \"applicationRuleCollections\": [],\r\n    \"natRuleCollections\":
        []\r\n  }\r\n}"
    headers:
      azure-asyncoperation:
      - https://management.azure.com/subscriptions/00000000-0000-0000-0000-000000000000/providers/Microsoft.Network/locations/westus/operations/ff8f7c2d-a040-4bf3-aa16-9b7582a8a65f?api-version=2020-05-01
      cache-control:
      - no-cache
      content-length:
      - '3143'
      content-type:
      - application/json; charset=utf-8
      date:
      - Fri, 19 Jun 2020 03:31:19 GMT
      expires:
      - '-1'
      pragma:
      - no-cache
      server:
      - Microsoft-HTTPAPI/2.0
      - Microsoft-HTTPAPI/2.0
      strict-transport-security:
      - max-age=31536000; includeSubDomains
      transfer-encoding:
      - chunked
      vary:
      - Accept-Encoding
      x-content-type-options:
      - nosniff
      x-ms-arm-service-request-id:
      - b35483e3-c923-4a37-8d77-01b2f6b18d53
      x-ms-ratelimit-remaining-subscription-writes:
      - '1195'
    status:
      code: 200
      message: OK
- request:
    body: null
    headers:
      Accept:
      - application/json
      Accept-Encoding:
      - gzip, deflate
      CommandName:
      - network firewall network-rule create
      Connection:
      - keep-alive
      ParameterSetName:
      - -g -n -c -f --source-addresses --protocols --destination-ip-groups --destination-ports
      User-Agent:
      - python/3.7.4 (Windows-10-10.0.18362-SP0) msrest/0.6.9 msrest_azure/0.6.3 azure-mgmt-network/10.2.0
        Azure-SDK-For-Python AZURECLI/2.7.0
    method: GET
    uri: https://management.azure.com/subscriptions/00000000-0000-0000-0000-000000000000/providers/Microsoft.Network/locations/westus/operations/ff8f7c2d-a040-4bf3-aa16-9b7582a8a65f?api-version=2020-05-01
  response:
    body:
      string: "{\r\n  \"status\": \"Succeeded\"\r\n}"
    headers:
      cache-control:
      - no-cache
      content-length:
      - '29'
      content-type:
      - application/json; charset=utf-8
      date:
      - Fri, 19 Jun 2020 03:31:30 GMT
      expires:
      - '-1'
      pragma:
      - no-cache
      server:
      - Microsoft-HTTPAPI/2.0
      - Microsoft-HTTPAPI/2.0
      strict-transport-security:
      - max-age=31536000; includeSubDomains
      transfer-encoding:
      - chunked
      vary:
      - Accept-Encoding
      x-content-type-options:
      - nosniff
      x-ms-arm-service-request-id:
      - 3f0fc11e-df5a-45fc-8114-287a98ec04ea
    status:
      code: 200
      message: OK
- request:
    body: null
    headers:
      Accept:
      - application/json
      Accept-Encoding:
      - gzip, deflate
      CommandName:
      - network firewall network-rule create
      Connection:
      - keep-alive
      ParameterSetName:
      - -g -n -c -f --source-addresses --protocols --destination-ip-groups --destination-ports
      User-Agent:
      - python/3.7.4 (Windows-10-10.0.18362-SP0) msrest/0.6.9 msrest_azure/0.6.3 azure-mgmt-network/10.2.0
        Azure-SDK-For-Python AZURECLI/2.7.0
    method: GET
    uri: https://management.azure.com/subscriptions/00000000-0000-0000-0000-000000000000/resourceGroups/cli_test_azure_firewall_rules_with_ipgroups000001/providers/Microsoft.Network/azureFirewalls/af1?api-version=2020-05-01
  response:
    body:
      string: "{\r\n  \"name\": \"af1\",\r\n  \"id\": \"/subscriptions/00000000-0000-0000-0000-000000000000/resourceGroups/cli_test_azure_firewall_rules_with_ipgroups000001/providers/Microsoft.Network/azureFirewalls/af1\",\r\n
        \ \"etag\": \"W/\\\"9e141906-51cf-46a0-a7d5-20a0eb7f0af0\\\"\",\r\n  \"type\":
        \"Microsoft.Network/azureFirewalls\",\r\n  \"location\": \"westus\",\r\n  \"properties\":
        {\r\n    \"provisioningState\": \"Succeeded\",\r\n    \"sku\": {\r\n      \"name\":
        \"AZFW_VNet\",\r\n      \"tier\": \"Standard\"\r\n    },\r\n    \"threatIntelMode\":
        \"Alert\",\r\n    \"additionalProperties\": {\r\n      \"Network.DNS.EnableProxy\":
        \"False\",\r\n      \"Network.DNS.RequireProxyForNetworkRules\": \"True\",\r\n
        \     \"Network.DNS.Servers\": \"\"\r\n    },\r\n    \"ipConfigurations\":
        [],\r\n    \"networkRuleCollections\": [\r\n      {\r\n        \"name\": \"rc1\",\r\n
        \       \"id\": \"/subscriptions/00000000-0000-0000-0000-000000000000/resourceGroups/cli_test_azure_firewall_rules_with_ipgroups000001/providers/Microsoft.Network/azureFirewalls/af1/networkRuleCollections/rc1\",\r\n
        \       \"etag\": \"W/\\\"9e141906-51cf-46a0-a7d5-20a0eb7f0af0\\\"\",\r\n
        \       \"properties\": {\r\n          \"provisioningState\": \"Succeeded\",\r\n
        \         \"priority\": 10000,\r\n          \"action\": {\r\n            \"type\":
        \"Allow\"\r\n          },\r\n          \"rules\": [\r\n            {\r\n              \"name\":
        \"network-rule1\",\r\n              \"protocols\": [\r\n                \"UDP\",\r\n
        \               \"TCP\",\r\n                \"ICMP\"\r\n              ],\r\n
        \             \"sourceAddresses\": [],\r\n              \"destinationAddresses\":
        [],\r\n              \"sourceIpGroups\": [\r\n                \"/subscriptions/00000000-0000-0000-0000-000000000000/resourceGroups/cli_test_azure_firewall_rules_with_ipgroups000001/providers/Microsoft.Network/ipGroups/sourceipgroup\"\r\n
        \             ],\r\n              \"destinationIpGroups\": [\r\n                \"/subscriptions/00000000-0000-0000-0000-000000000000/resourceGroups/cli_test_azure_firewall_rules_with_ipgroups000001/providers/Microsoft.Network/ipGroups/destinationipgroup\"\r\n
        \             ],\r\n              \"destinationFqdns\": [],\r\n              \"destinationPorts\":
        [\r\n                \"80\"\r\n              ]\r\n            },\r\n            {\r\n
        \             \"name\": \"network-rule2\",\r\n              \"protocols\":
        [\r\n                \"UDP\",\r\n                \"TCP\"\r\n              ],\r\n
        \             \"sourceAddresses\": [\r\n                \"10.0.0.1\",\r\n
        \               \"111.2.0.0/24\"\r\n              ],\r\n              \"destinationAddresses\":
        [],\r\n              \"sourceIpGroups\": [],\r\n              \"destinationIpGroups\":
        [\r\n                \"/subscriptions/00000000-0000-0000-0000-000000000000/resourceGroups/cli_test_azure_firewall_rules_with_ipgroups000001/providers/Microsoft.Network/ipGroups/destinationipgroup\"\r\n
        \             ],\r\n              \"destinationFqdns\": [],\r\n              \"destinationPorts\":
        [\r\n                \"81\"\r\n              ]\r\n            }\r\n          ]\r\n
        \       },\r\n        \"type\": \"Microsoft.Network/azureFirewalls/networkRuleCollections\"\r\n
        \     }\r\n    ],\r\n    \"applicationRuleCollections\": [],\r\n    \"natRuleCollections\":
        []\r\n  }\r\n}"
    headers:
      cache-control:
      - no-cache
      content-length:
      - '3145'
      content-type:
      - application/json; charset=utf-8
      date:
      - Fri, 19 Jun 2020 03:31:30 GMT
      etag:
      - W/"9e141906-51cf-46a0-a7d5-20a0eb7f0af0"
      expires:
      - '-1'
      pragma:
      - no-cache
      server:
      - Microsoft-HTTPAPI/2.0
      - Microsoft-HTTPAPI/2.0
      strict-transport-security:
      - max-age=31536000; includeSubDomains
      transfer-encoding:
      - chunked
      vary:
      - Accept-Encoding
      x-content-type-options:
      - nosniff
      x-ms-arm-service-request-id:
      - a25e5136-cf14-4f74-9aa7-46db4e84844d
    status:
      code: 200
      message: OK
- request:
    body: null
    headers:
      Accept:
      - application/json
      Accept-Encoding:
      - gzip, deflate
      CommandName:
      - network firewall nat-rule create
      Connection:
      - keep-alive
      ParameterSetName:
      - -g -n -c --priority --action -f --source-ip-group --protocols --translated-fqdn
        --destination-ports --destination-addresses --translated-port --source-ip-groups
      User-Agent:
      - python/3.7.4 (Windows-10-10.0.18362-SP0) msrest/0.6.9 msrest_azure/0.6.3 azure-mgmt-network/10.2.0
        Azure-SDK-For-Python AZURECLI/2.7.0
      accept-language:
      - en-US
    method: GET
    uri: https://management.azure.com/subscriptions/00000000-0000-0000-0000-000000000000/resourceGroups/cli_test_azure_firewall_rules_with_ipgroups000001/providers/Microsoft.Network/azureFirewalls/af1?api-version=2020-05-01
  response:
    body:
      string: "{\r\n  \"name\": \"af1\",\r\n  \"id\": \"/subscriptions/00000000-0000-0000-0000-000000000000/resourceGroups/cli_test_azure_firewall_rules_with_ipgroups000001/providers/Microsoft.Network/azureFirewalls/af1\",\r\n
        \ \"etag\": \"W/\\\"9e141906-51cf-46a0-a7d5-20a0eb7f0af0\\\"\",\r\n  \"type\":
        \"Microsoft.Network/azureFirewalls\",\r\n  \"location\": \"westus\",\r\n  \"properties\":
        {\r\n    \"provisioningState\": \"Succeeded\",\r\n    \"sku\": {\r\n      \"name\":
        \"AZFW_VNet\",\r\n      \"tier\": \"Standard\"\r\n    },\r\n    \"threatIntelMode\":
        \"Alert\",\r\n    \"additionalProperties\": {\r\n      \"Network.DNS.EnableProxy\":
        \"False\",\r\n      \"Network.DNS.RequireProxyForNetworkRules\": \"True\",\r\n
        \     \"Network.DNS.Servers\": \"\"\r\n    },\r\n    \"ipConfigurations\":
        [],\r\n    \"networkRuleCollections\": [\r\n      {\r\n        \"name\": \"rc1\",\r\n
        \       \"id\": \"/subscriptions/00000000-0000-0000-0000-000000000000/resourceGroups/cli_test_azure_firewall_rules_with_ipgroups000001/providers/Microsoft.Network/azureFirewalls/af1/networkRuleCollections/rc1\",\r\n
        \       \"etag\": \"W/\\\"9e141906-51cf-46a0-a7d5-20a0eb7f0af0\\\"\",\r\n
        \       \"properties\": {\r\n          \"provisioningState\": \"Succeeded\",\r\n
        \         \"priority\": 10000,\r\n          \"action\": {\r\n            \"type\":
        \"Allow\"\r\n          },\r\n          \"rules\": [\r\n            {\r\n              \"name\":
        \"network-rule1\",\r\n              \"protocols\": [\r\n                \"UDP\",\r\n
        \               \"TCP\",\r\n                \"ICMP\"\r\n              ],\r\n
        \             \"sourceAddresses\": [],\r\n              \"destinationAddresses\":
        [],\r\n              \"sourceIpGroups\": [\r\n                \"/subscriptions/00000000-0000-0000-0000-000000000000/resourceGroups/cli_test_azure_firewall_rules_with_ipgroups000001/providers/Microsoft.Network/ipGroups/sourceipgroup\"\r\n
        \             ],\r\n              \"destinationIpGroups\": [\r\n                \"/subscriptions/00000000-0000-0000-0000-000000000000/resourceGroups/cli_test_azure_firewall_rules_with_ipgroups000001/providers/Microsoft.Network/ipGroups/destinationipgroup\"\r\n
        \             ],\r\n              \"destinationFqdns\": [],\r\n              \"destinationPorts\":
        [\r\n                \"80\"\r\n              ]\r\n            },\r\n            {\r\n
        \             \"name\": \"network-rule2\",\r\n              \"protocols\":
        [\r\n                \"UDP\",\r\n                \"TCP\"\r\n              ],\r\n
        \             \"sourceAddresses\": [\r\n                \"10.0.0.1\",\r\n
        \               \"111.2.0.0/24\"\r\n              ],\r\n              \"destinationAddresses\":
        [],\r\n              \"sourceIpGroups\": [],\r\n              \"destinationIpGroups\":
        [\r\n                \"/subscriptions/00000000-0000-0000-0000-000000000000/resourceGroups/cli_test_azure_firewall_rules_with_ipgroups000001/providers/Microsoft.Network/ipGroups/destinationipgroup\"\r\n
        \             ],\r\n              \"destinationFqdns\": [],\r\n              \"destinationPorts\":
        [\r\n                \"81\"\r\n              ]\r\n            }\r\n          ]\r\n
        \       },\r\n        \"type\": \"Microsoft.Network/azureFirewalls/networkRuleCollections\"\r\n
        \     }\r\n    ],\r\n    \"applicationRuleCollections\": [],\r\n    \"natRuleCollections\":
        []\r\n  }\r\n}"
    headers:
      cache-control:
      - no-cache
      content-length:
      - '3145'
      content-type:
      - application/json; charset=utf-8
      date:
      - Fri, 19 Jun 2020 03:31:32 GMT
      etag:
      - W/"9e141906-51cf-46a0-a7d5-20a0eb7f0af0"
      expires:
      - '-1'
      pragma:
      - no-cache
      server:
      - Microsoft-HTTPAPI/2.0
      - Microsoft-HTTPAPI/2.0
      strict-transport-security:
      - max-age=31536000; includeSubDomains
      transfer-encoding:
      - chunked
      vary:
      - Accept-Encoding
      x-content-type-options:
      - nosniff
      x-ms-arm-service-request-id:
      - 905d307c-8b54-41ad-916e-4e3f3ecac96d
    status:
      code: 200
      message: OK
- request:
    body: 'b''{"id": "/subscriptions/00000000-0000-0000-0000-000000000000/resourceGroups/cli_test_azure_firewall_rules_with_ipgroups000001/providers/Microsoft.Network/azureFirewalls/af1",
      "location": "westus", "properties": {"applicationRuleCollections": [], "natRuleCollections":
      [{"properties": {"priority": 10001, "action": {"type": "Dnat"}, "rules": [{"name":
      "network-rule1", "destinationAddresses": ["12.36.22.14"], "destinationPorts":
      ["96"], "protocols": ["UDP", "TCP"], "translatedPort": "95", "translatedFqdn":
      "server1.internal.com", "sourceIpGroups": ["/subscriptions/00000000-0000-0000-0000-000000000000/resourceGroups/cli_test_azure_firewall_rules_with_ipgroups000001/providers/Microsoft.Network/ipGroups/sourceipgroup"]}]},
      "name": "rc2"}], "networkRuleCollections": [{"id": "/subscriptions/00000000-0000-0000-0000-000000000000/resourceGroups/cli_test_azure_firewall_rules_with_ipgroups000001/providers/Microsoft.Network/azureFirewalls/af1/networkRuleCollections/rc1",
      "properties": {"priority": 10000, "action": {"type": "Allow"}, "rules": [{"name":
      "network-rule1", "protocols": ["UDP", "TCP", "ICMP"], "sourceAddresses": [],
      "destinationAddresses": [], "destinationPorts": ["80"], "destinationFqdns":
      [], "sourceIpGroups": ["/subscriptions/00000000-0000-0000-0000-000000000000/resourceGroups/cli_test_azure_firewall_rules_with_ipgroups000001/providers/Microsoft.Network/ipGroups/sourceipgroup"],
      "destinationIpGroups": ["/subscriptions/00000000-0000-0000-0000-000000000000/resourceGroups/cli_test_azure_firewall_rules_with_ipgroups000001/providers/Microsoft.Network/ipGroups/destinationipgroup"]},
      {"name": "network-rule2", "protocols": ["UDP", "TCP"], "sourceAddresses": ["10.0.0.1",
      "111.2.0.0/24"], "destinationAddresses": [], "destinationPorts": ["81"], "destinationFqdns":
      [], "sourceIpGroups": [], "destinationIpGroups": ["/subscriptions/00000000-0000-0000-0000-000000000000/resourceGroups/cli_test_azure_firewall_rules_with_ipgroups000001/providers/Microsoft.Network/ipGroups/destinationipgroup"]}]},
      "name": "rc1"}], "ipConfigurations": [], "threatIntelMode": "Alert", "sku":
      {"name": "AZFW_VNet", "tier": "Standard"}, "additionalProperties": {"Network.DNS.EnableProxy":
      "False", "Network.DNS.RequireProxyForNetworkRules": "True", "Network.DNS.Servers":
      ""}}}'''
    headers:
      Accept:
      - application/json
      Accept-Encoding:
      - gzip, deflate
      CommandName:
      - network firewall nat-rule create
      Connection:
      - keep-alive
      Content-Length:
      - '2427'
      Content-Type:
      - application/json; charset=utf-8
      ParameterSetName:
      - -g -n -c --priority --action -f --source-ip-group --protocols --translated-fqdn
        --destination-ports --destination-addresses --translated-port --source-ip-groups
      User-Agent:
      - python/3.7.4 (Windows-10-10.0.18362-SP0) msrest/0.6.9 msrest_azure/0.6.3 azure-mgmt-network/10.2.0
        Azure-SDK-For-Python AZURECLI/2.7.0
      accept-language:
      - en-US
    method: PUT
    uri: https://management.azure.com/subscriptions/00000000-0000-0000-0000-000000000000/resourceGroups/cli_test_azure_firewall_rules_with_ipgroups000001/providers/Microsoft.Network/azureFirewalls/af1?api-version=2020-05-01
  response:
    body:
      string: "{\r\n  \"name\": \"af1\",\r\n  \"id\": \"/subscriptions/00000000-0000-0000-0000-000000000000/resourceGroups/cli_test_azure_firewall_rules_with_ipgroups000001/providers/Microsoft.Network/azureFirewalls/af1\",\r\n
        \ \"etag\": \"W/\\\"7c0e8233-7798-464b-827a-07ef8af81fb2\\\"\",\r\n  \"type\":
        \"Microsoft.Network/azureFirewalls\",\r\n  \"location\": \"westus\",\r\n  \"properties\":
        {\r\n    \"provisioningState\": \"Updating\",\r\n    \"sku\": {\r\n      \"name\":
        \"AZFW_VNet\",\r\n      \"tier\": \"Standard\"\r\n    },\r\n    \"threatIntelMode\":
        \"Alert\",\r\n    \"additionalProperties\": {\r\n      \"Network.DNS.EnableProxy\":
        \"False\",\r\n      \"Network.DNS.RequireProxyForNetworkRules\": \"True\",\r\n
        \     \"Network.DNS.Servers\": \"\"\r\n    },\r\n    \"ipConfigurations\":
        [],\r\n    \"networkRuleCollections\": [\r\n      {\r\n        \"name\": \"rc1\",\r\n
        \       \"id\": \"/subscriptions/00000000-0000-0000-0000-000000000000/resourceGroups/cli_test_azure_firewall_rules_with_ipgroups000001/providers/Microsoft.Network/azureFirewalls/af1/networkRuleCollections/rc1\",\r\n
        \       \"etag\": \"W/\\\"7c0e8233-7798-464b-827a-07ef8af81fb2\\\"\",\r\n
        \       \"properties\": {\r\n          \"provisioningState\": \"Updating\",\r\n
        \         \"priority\": 10000,\r\n          \"action\": {\r\n            \"type\":
        \"Allow\"\r\n          },\r\n          \"rules\": [\r\n            {\r\n              \"name\":
        \"network-rule1\",\r\n              \"protocols\": [\r\n                \"UDP\",\r\n
        \               \"TCP\",\r\n                \"ICMP\"\r\n              ],\r\n
        \             \"sourceAddresses\": [],\r\n              \"destinationAddresses\":
        [],\r\n              \"sourceIpGroups\": [\r\n                \"/subscriptions/00000000-0000-0000-0000-000000000000/resourceGroups/cli_test_azure_firewall_rules_with_ipgroups000001/providers/Microsoft.Network/ipGroups/sourceipgroup\"\r\n
        \             ],\r\n              \"destinationIpGroups\": [\r\n                \"/subscriptions/00000000-0000-0000-0000-000000000000/resourceGroups/cli_test_azure_firewall_rules_with_ipgroups000001/providers/Microsoft.Network/ipGroups/destinationipgroup\"\r\n
        \             ],\r\n              \"destinationFqdns\": [],\r\n              \"destinationPorts\":
        [\r\n                \"80\"\r\n              ]\r\n            },\r\n            {\r\n
        \             \"name\": \"network-rule2\",\r\n              \"protocols\":
        [\r\n                \"UDP\",\r\n                \"TCP\"\r\n              ],\r\n
        \             \"sourceAddresses\": [\r\n                \"10.0.0.1\",\r\n
        \               \"111.2.0.0/24\"\r\n              ],\r\n              \"destinationAddresses\":
        [],\r\n              \"sourceIpGroups\": [],\r\n              \"destinationIpGroups\":
        [\r\n                \"/subscriptions/00000000-0000-0000-0000-000000000000/resourceGroups/cli_test_azure_firewall_rules_with_ipgroups000001/providers/Microsoft.Network/ipGroups/destinationipgroup\"\r\n
        \             ],\r\n              \"destinationFqdns\": [],\r\n              \"destinationPorts\":
        [\r\n                \"81\"\r\n              ]\r\n            }\r\n          ]\r\n
        \       },\r\n        \"type\": \"Microsoft.Network/azureFirewalls/networkRuleCollections\"\r\n
        \     }\r\n    ],\r\n    \"applicationRuleCollections\": [],\r\n    \"natRuleCollections\":
        [\r\n      {\r\n        \"name\": \"rc2\",\r\n        \"id\": \"/subscriptions/00000000-0000-0000-0000-000000000000/resourceGroups/cli_test_azure_firewall_rules_with_ipgroups000001/providers/Microsoft.Network/azureFirewalls/af1/natRuleCollections/rc2\",\r\n
        \       \"etag\": \"W/\\\"7c0e8233-7798-464b-827a-07ef8af81fb2\\\"\",\r\n
        \       \"properties\": {\r\n          \"provisioningState\": \"Updating\",\r\n
        \         \"priority\": 10001,\r\n          \"action\": {\r\n            \"type\":
        \"Dnat\"\r\n          },\r\n          \"rules\": [\r\n            {\r\n              \"name\":
        \"network-rule1\",\r\n              \"protocols\": [\r\n                \"UDP\",\r\n
        \               \"TCP\"\r\n              ],\r\n              \"translatedFqdn\":
        \"server1.internal.com\",\r\n              \"translatedPort\": \"95\",\r\n
        \             \"sourceAddresses\": [],\r\n              \"sourceIpGroups\":
        [\r\n                \"/subscriptions/00000000-0000-0000-0000-000000000000/resourceGroups/cli_test_azure_firewall_rules_with_ipgroups000001/providers/Microsoft.Network/ipGroups/sourceipgroup\"\r\n
        \             ],\r\n              \"destinationAddresses\": [\r\n                \"12.36.22.14\"\r\n
        \             ],\r\n              \"destinationPorts\": [\r\n                \"96\"\r\n
        \             ]\r\n            }\r\n          ]\r\n        },\r\n        \"type\":
        \"Microsoft.Network/azureFirewalls/natRuleCollections\"\r\n      }\r\n    ]\r\n
        \ }\r\n}"
    headers:
      azure-asyncoperation:
      - https://management.azure.com/subscriptions/00000000-0000-0000-0000-000000000000/providers/Microsoft.Network/locations/westus/operations/dfcea221-f690-4987-bfad-7d746d529dd3?api-version=2020-05-01
      cache-control:
      - no-cache
      content-length:
      - '4498'
      content-type:
      - application/json; charset=utf-8
      date:
      - Fri, 19 Jun 2020 03:31:32 GMT
      expires:
      - '-1'
      pragma:
      - no-cache
      server:
      - Microsoft-HTTPAPI/2.0
      - Microsoft-HTTPAPI/2.0
      strict-transport-security:
      - max-age=31536000; includeSubDomains
      transfer-encoding:
      - chunked
      vary:
      - Accept-Encoding
      x-content-type-options:
      - nosniff
      x-ms-arm-service-request-id:
      - 393c009e-065d-4602-820f-26d4a1df2059
      x-ms-ratelimit-remaining-subscription-writes:
      - '1189'
    status:
      code: 200
      message: OK
- request:
    body: null
    headers:
      Accept:
      - application/json
      Accept-Encoding:
      - gzip, deflate
      CommandName:
      - network firewall nat-rule create
      Connection:
      - keep-alive
      ParameterSetName:
      - -g -n -c --priority --action -f --source-ip-group --protocols --translated-fqdn
        --destination-ports --destination-addresses --translated-port --source-ip-groups
      User-Agent:
      - python/3.7.4 (Windows-10-10.0.18362-SP0) msrest/0.6.9 msrest_azure/0.6.3 azure-mgmt-network/10.2.0
        Azure-SDK-For-Python AZURECLI/2.7.0
    method: GET
    uri: https://management.azure.com/subscriptions/00000000-0000-0000-0000-000000000000/providers/Microsoft.Network/locations/westus/operations/dfcea221-f690-4987-bfad-7d746d529dd3?api-version=2020-05-01
  response:
    body:
      string: "{\r\n  \"status\": \"Succeeded\"\r\n}"
    headers:
      cache-control:
      - no-cache
      content-length:
      - '29'
      content-type:
      - application/json; charset=utf-8
      date:
      - Fri, 19 Jun 2020 03:31:42 GMT
      expires:
      - '-1'
      pragma:
      - no-cache
      server:
      - Microsoft-HTTPAPI/2.0
      - Microsoft-HTTPAPI/2.0
      strict-transport-security:
      - max-age=31536000; includeSubDomains
      transfer-encoding:
      - chunked
      vary:
      - Accept-Encoding
      x-content-type-options:
      - nosniff
      x-ms-arm-service-request-id:
      - f284a0e6-b1c7-455f-8536-6fe6546d960e
    status:
      code: 200
      message: OK
- request:
    body: null
    headers:
      Accept:
      - application/json
      Accept-Encoding:
      - gzip, deflate
      CommandName:
      - network firewall nat-rule create
      Connection:
      - keep-alive
      ParameterSetName:
      - -g -n -c --priority --action -f --source-ip-group --protocols --translated-fqdn
        --destination-ports --destination-addresses --translated-port --source-ip-groups
      User-Agent:
      - python/3.7.4 (Windows-10-10.0.18362-SP0) msrest/0.6.9 msrest_azure/0.6.3 azure-mgmt-network/10.2.0
        Azure-SDK-For-Python AZURECLI/2.7.0
    method: GET
    uri: https://management.azure.com/subscriptions/00000000-0000-0000-0000-000000000000/resourceGroups/cli_test_azure_firewall_rules_with_ipgroups000001/providers/Microsoft.Network/azureFirewalls/af1?api-version=2020-05-01
  response:
    body:
      string: "{\r\n  \"name\": \"af1\",\r\n  \"id\": \"/subscriptions/00000000-0000-0000-0000-000000000000/resourceGroups/cli_test_azure_firewall_rules_with_ipgroups000001/providers/Microsoft.Network/azureFirewalls/af1\",\r\n
        \ \"etag\": \"W/\\\"be0a10bf-bb7b-4fad-a892-09ddeb92206f\\\"\",\r\n  \"type\":
        \"Microsoft.Network/azureFirewalls\",\r\n  \"location\": \"westus\",\r\n  \"properties\":
        {\r\n    \"provisioningState\": \"Succeeded\",\r\n    \"sku\": {\r\n      \"name\":
        \"AZFW_VNet\",\r\n      \"tier\": \"Standard\"\r\n    },\r\n    \"threatIntelMode\":
        \"Alert\",\r\n    \"additionalProperties\": {\r\n      \"Network.DNS.EnableProxy\":
        \"False\",\r\n      \"Network.DNS.RequireProxyForNetworkRules\": \"True\",\r\n
        \     \"Network.DNS.Servers\": \"\"\r\n    },\r\n    \"ipConfigurations\":
        [],\r\n    \"networkRuleCollections\": [\r\n      {\r\n        \"name\": \"rc1\",\r\n
        \       \"id\": \"/subscriptions/00000000-0000-0000-0000-000000000000/resourceGroups/cli_test_azure_firewall_rules_with_ipgroups000001/providers/Microsoft.Network/azureFirewalls/af1/networkRuleCollections/rc1\",\r\n
        \       \"etag\": \"W/\\\"be0a10bf-bb7b-4fad-a892-09ddeb92206f\\\"\",\r\n
        \       \"properties\": {\r\n          \"provisioningState\": \"Succeeded\",\r\n
        \         \"priority\": 10000,\r\n          \"action\": {\r\n            \"type\":
        \"Allow\"\r\n          },\r\n          \"rules\": [\r\n            {\r\n              \"name\":
        \"network-rule1\",\r\n              \"protocols\": [\r\n                \"UDP\",\r\n
        \               \"TCP\",\r\n                \"ICMP\"\r\n              ],\r\n
        \             \"sourceAddresses\": [],\r\n              \"destinationAddresses\":
        [],\r\n              \"sourceIpGroups\": [\r\n                \"/subscriptions/00000000-0000-0000-0000-000000000000/resourceGroups/cli_test_azure_firewall_rules_with_ipgroups000001/providers/Microsoft.Network/ipGroups/sourceipgroup\"\r\n
        \             ],\r\n              \"destinationIpGroups\": [\r\n                \"/subscriptions/00000000-0000-0000-0000-000000000000/resourceGroups/cli_test_azure_firewall_rules_with_ipgroups000001/providers/Microsoft.Network/ipGroups/destinationipgroup\"\r\n
        \             ],\r\n              \"destinationFqdns\": [],\r\n              \"destinationPorts\":
        [\r\n                \"80\"\r\n              ]\r\n            },\r\n            {\r\n
        \             \"name\": \"network-rule2\",\r\n              \"protocols\":
        [\r\n                \"UDP\",\r\n                \"TCP\"\r\n              ],\r\n
        \             \"sourceAddresses\": [\r\n                \"10.0.0.1\",\r\n
        \               \"111.2.0.0/24\"\r\n              ],\r\n              \"destinationAddresses\":
        [],\r\n              \"sourceIpGroups\": [],\r\n              \"destinationIpGroups\":
        [\r\n                \"/subscriptions/00000000-0000-0000-0000-000000000000/resourceGroups/cli_test_azure_firewall_rules_with_ipgroups000001/providers/Microsoft.Network/ipGroups/destinationipgroup\"\r\n
        \             ],\r\n              \"destinationFqdns\": [],\r\n              \"destinationPorts\":
        [\r\n                \"81\"\r\n              ]\r\n            }\r\n          ]\r\n
        \       },\r\n        \"type\": \"Microsoft.Network/azureFirewalls/networkRuleCollections\"\r\n
        \     }\r\n    ],\r\n    \"applicationRuleCollections\": [],\r\n    \"natRuleCollections\":
        [\r\n      {\r\n        \"name\": \"rc2\",\r\n        \"id\": \"/subscriptions/00000000-0000-0000-0000-000000000000/resourceGroups/cli_test_azure_firewall_rules_with_ipgroups000001/providers/Microsoft.Network/azureFirewalls/af1/natRuleCollections/rc2\",\r\n
        \       \"etag\": \"W/\\\"be0a10bf-bb7b-4fad-a892-09ddeb92206f\\\"\",\r\n
        \       \"properties\": {\r\n          \"provisioningState\": \"Succeeded\",\r\n
        \         \"priority\": 10001,\r\n          \"action\": {\r\n            \"type\":
        \"Dnat\"\r\n          },\r\n          \"rules\": [\r\n            {\r\n              \"name\":
        \"network-rule1\",\r\n              \"protocols\": [\r\n                \"UDP\",\r\n
        \               \"TCP\"\r\n              ],\r\n              \"translatedFqdn\":
        \"server1.internal.com\",\r\n              \"translatedPort\": \"95\",\r\n
        \             \"sourceAddresses\": [],\r\n              \"sourceIpGroups\":
        [\r\n                \"/subscriptions/00000000-0000-0000-0000-000000000000/resourceGroups/cli_test_azure_firewall_rules_with_ipgroups000001/providers/Microsoft.Network/ipGroups/sourceipgroup\"\r\n
        \             ],\r\n              \"destinationAddresses\": [\r\n                \"12.36.22.14\"\r\n
        \             ],\r\n              \"destinationPorts\": [\r\n                \"96\"\r\n
        \             ]\r\n            }\r\n          ]\r\n        },\r\n        \"type\":
        \"Microsoft.Network/azureFirewalls/natRuleCollections\"\r\n      }\r\n    ]\r\n
        \ }\r\n}"
    headers:
      cache-control:
      - no-cache
      content-length:
      - '4501'
      content-type:
      - application/json; charset=utf-8
      date:
      - Fri, 19 Jun 2020 03:31:43 GMT
      etag:
      - W/"be0a10bf-bb7b-4fad-a892-09ddeb92206f"
      expires:
      - '-1'
      pragma:
      - no-cache
      server:
      - Microsoft-HTTPAPI/2.0
      - Microsoft-HTTPAPI/2.0
      strict-transport-security:
      - max-age=31536000; includeSubDomains
      transfer-encoding:
      - chunked
      vary:
      - Accept-Encoding
      x-content-type-options:
      - nosniff
      x-ms-arm-service-request-id:
      - 88080059-e4d8-4dcd-a917-a02bd7818b79
    status:
      code: 200
      message: OK
- request:
    body: null
    headers:
      Accept:
      - application/json
      Accept-Encoding:
      - gzip, deflate
      CommandName:
      - network firewall nat-rule create
      Connection:
      - keep-alive
      ParameterSetName:
      - -g -n -c -f --source-addresses --protocols --translated-fqdn --destination-ports
        --destination-addresses --translated-port --source-ip-groups
      User-Agent:
      - python/3.7.4 (Windows-10-10.0.18362-SP0) msrest/0.6.9 msrest_azure/0.6.3 azure-mgmt-network/10.2.0
        Azure-SDK-For-Python AZURECLI/2.7.0
      accept-language:
      - en-US
    method: GET
    uri: https://management.azure.com/subscriptions/00000000-0000-0000-0000-000000000000/resourceGroups/cli_test_azure_firewall_rules_with_ipgroups000001/providers/Microsoft.Network/azureFirewalls/af1?api-version=2020-05-01
  response:
    body:
      string: "{\r\n  \"name\": \"af1\",\r\n  \"id\": \"/subscriptions/00000000-0000-0000-0000-000000000000/resourceGroups/cli_test_azure_firewall_rules_with_ipgroups000001/providers/Microsoft.Network/azureFirewalls/af1\",\r\n
        \ \"etag\": \"W/\\\"be0a10bf-bb7b-4fad-a892-09ddeb92206f\\\"\",\r\n  \"type\":
        \"Microsoft.Network/azureFirewalls\",\r\n  \"location\": \"westus\",\r\n  \"properties\":
        {\r\n    \"provisioningState\": \"Succeeded\",\r\n    \"sku\": {\r\n      \"name\":
        \"AZFW_VNet\",\r\n      \"tier\": \"Standard\"\r\n    },\r\n    \"threatIntelMode\":
        \"Alert\",\r\n    \"additionalProperties\": {\r\n      \"Network.DNS.EnableProxy\":
        \"False\",\r\n      \"Network.DNS.RequireProxyForNetworkRules\": \"True\",\r\n
        \     \"Network.DNS.Servers\": \"\"\r\n    },\r\n    \"ipConfigurations\":
        [],\r\n    \"networkRuleCollections\": [\r\n      {\r\n        \"name\": \"rc1\",\r\n
        \       \"id\": \"/subscriptions/00000000-0000-0000-0000-000000000000/resourceGroups/cli_test_azure_firewall_rules_with_ipgroups000001/providers/Microsoft.Network/azureFirewalls/af1/networkRuleCollections/rc1\",\r\n
        \       \"etag\": \"W/\\\"be0a10bf-bb7b-4fad-a892-09ddeb92206f\\\"\",\r\n
        \       \"properties\": {\r\n          \"provisioningState\": \"Succeeded\",\r\n
        \         \"priority\": 10000,\r\n          \"action\": {\r\n            \"type\":
        \"Allow\"\r\n          },\r\n          \"rules\": [\r\n            {\r\n              \"name\":
        \"network-rule1\",\r\n              \"protocols\": [\r\n                \"UDP\",\r\n
        \               \"TCP\",\r\n                \"ICMP\"\r\n              ],\r\n
        \             \"sourceAddresses\": [],\r\n              \"destinationAddresses\":
        [],\r\n              \"sourceIpGroups\": [\r\n                \"/subscriptions/00000000-0000-0000-0000-000000000000/resourceGroups/cli_test_azure_firewall_rules_with_ipgroups000001/providers/Microsoft.Network/ipGroups/sourceipgroup\"\r\n
        \             ],\r\n              \"destinationIpGroups\": [\r\n                \"/subscriptions/00000000-0000-0000-0000-000000000000/resourceGroups/cli_test_azure_firewall_rules_with_ipgroups000001/providers/Microsoft.Network/ipGroups/destinationipgroup\"\r\n
        \             ],\r\n              \"destinationFqdns\": [],\r\n              \"destinationPorts\":
        [\r\n                \"80\"\r\n              ]\r\n            },\r\n            {\r\n
        \             \"name\": \"network-rule2\",\r\n              \"protocols\":
        [\r\n                \"UDP\",\r\n                \"TCP\"\r\n              ],\r\n
        \             \"sourceAddresses\": [\r\n                \"10.0.0.1\",\r\n
        \               \"111.2.0.0/24\"\r\n              ],\r\n              \"destinationAddresses\":
        [],\r\n              \"sourceIpGroups\": [],\r\n              \"destinationIpGroups\":
        [\r\n                \"/subscriptions/00000000-0000-0000-0000-000000000000/resourceGroups/cli_test_azure_firewall_rules_with_ipgroups000001/providers/Microsoft.Network/ipGroups/destinationipgroup\"\r\n
        \             ],\r\n              \"destinationFqdns\": [],\r\n              \"destinationPorts\":
        [\r\n                \"81\"\r\n              ]\r\n            }\r\n          ]\r\n
        \       },\r\n        \"type\": \"Microsoft.Network/azureFirewalls/networkRuleCollections\"\r\n
        \     }\r\n    ],\r\n    \"applicationRuleCollections\": [],\r\n    \"natRuleCollections\":
        [\r\n      {\r\n        \"name\": \"rc2\",\r\n        \"id\": \"/subscriptions/00000000-0000-0000-0000-000000000000/resourceGroups/cli_test_azure_firewall_rules_with_ipgroups000001/providers/Microsoft.Network/azureFirewalls/af1/natRuleCollections/rc2\",\r\n
        \       \"etag\": \"W/\\\"be0a10bf-bb7b-4fad-a892-09ddeb92206f\\\"\",\r\n
        \       \"properties\": {\r\n          \"provisioningState\": \"Succeeded\",\r\n
        \         \"priority\": 10001,\r\n          \"action\": {\r\n            \"type\":
        \"Dnat\"\r\n          },\r\n          \"rules\": [\r\n            {\r\n              \"name\":
        \"network-rule1\",\r\n              \"protocols\": [\r\n                \"UDP\",\r\n
        \               \"TCP\"\r\n              ],\r\n              \"translatedFqdn\":
        \"server1.internal.com\",\r\n              \"translatedPort\": \"95\",\r\n
        \             \"sourceAddresses\": [],\r\n              \"sourceIpGroups\":
        [\r\n                \"/subscriptions/00000000-0000-0000-0000-000000000000/resourceGroups/cli_test_azure_firewall_rules_with_ipgroups000001/providers/Microsoft.Network/ipGroups/sourceipgroup\"\r\n
        \             ],\r\n              \"destinationAddresses\": [\r\n                \"12.36.22.14\"\r\n
        \             ],\r\n              \"destinationPorts\": [\r\n                \"96\"\r\n
        \             ]\r\n            }\r\n          ]\r\n        },\r\n        \"type\":
        \"Microsoft.Network/azureFirewalls/natRuleCollections\"\r\n      }\r\n    ]\r\n
        \ }\r\n}"
    headers:
      cache-control:
      - no-cache
      content-length:
      - '4501'
      content-type:
      - application/json; charset=utf-8
      date:
      - Fri, 19 Jun 2020 03:31:44 GMT
      etag:
      - W/"be0a10bf-bb7b-4fad-a892-09ddeb92206f"
      expires:
      - '-1'
      pragma:
      - no-cache
      server:
      - Microsoft-HTTPAPI/2.0
      - Microsoft-HTTPAPI/2.0
      strict-transport-security:
      - max-age=31536000; includeSubDomains
      transfer-encoding:
      - chunked
      vary:
      - Accept-Encoding
      x-content-type-options:
      - nosniff
      x-ms-arm-service-request-id:
      - 65a295af-0426-4d29-a032-9690ff1a3ad5
    status:
      code: 200
      message: OK
- request:
    body: 'b''{"id": "/subscriptions/00000000-0000-0000-0000-000000000000/resourceGroups/cli_test_azure_firewall_rules_with_ipgroups000001/providers/Microsoft.Network/azureFirewalls/af1",
      "location": "westus", "properties": {"applicationRuleCollections": [], "natRuleCollections":
      [{"id": "/subscriptions/00000000-0000-0000-0000-000000000000/resourceGroups/cli_test_azure_firewall_rules_with_ipgroups000001/providers/Microsoft.Network/azureFirewalls/af1/natRuleCollections/rc2",
      "properties": {"priority": 10001, "action": {"type": "Dnat"}, "rules": [{"name":
      "network-rule1", "sourceAddresses": [], "destinationAddresses": ["12.36.22.14"],
      "destinationPorts": ["96"], "protocols": ["UDP", "TCP"], "translatedPort": "95",
      "translatedFqdn": "server1.internal.com", "sourceIpGroups": ["/subscriptions/00000000-0000-0000-0000-000000000000/resourceGroups/cli_test_azure_firewall_rules_with_ipgroups000001/providers/Microsoft.Network/ipGroups/sourceipgroup"]},
      {"name": "network-rule2", "sourceAddresses": ["10.0.0.1", "111.2.0.0/24"], "destinationAddresses":
      ["12.36.22.15"], "destinationPorts": ["97"], "protocols": ["UDP", "TCP"], "translatedPort":
      "96", "translatedFqdn": "server2.internal.com", "sourceIpGroups": ["/subscriptions/00000000-0000-0000-0000-000000000000/resourceGroups/cli_test_azure_firewall_rules_with_ipgroups000001/providers/Microsoft.Network/ipGroups/sourceipgroup"]}]},
      "name": "rc2"}], "networkRuleCollections": [{"id": "/subscriptions/00000000-0000-0000-0000-000000000000/resourceGroups/cli_test_azure_firewall_rules_with_ipgroups000001/providers/Microsoft.Network/azureFirewalls/af1/networkRuleCollections/rc1",
      "properties": {"priority": 10000, "action": {"type": "Allow"}, "rules": [{"name":
      "network-rule1", "protocols": ["UDP", "TCP", "ICMP"], "sourceAddresses": [],
      "destinationAddresses": [], "destinationPorts": ["80"], "destinationFqdns":
      [], "sourceIpGroups": ["/subscriptions/00000000-0000-0000-0000-000000000000/resourceGroups/cli_test_azure_firewall_rules_with_ipgroups000001/providers/Microsoft.Network/ipGroups/sourceipgroup"],
      "destinationIpGroups": ["/subscriptions/00000000-0000-0000-0000-000000000000/resourceGroups/cli_test_azure_firewall_rules_with_ipgroups000001/providers/Microsoft.Network/ipGroups/destinationipgroup"]},
      {"name": "network-rule2", "protocols": ["UDP", "TCP"], "sourceAddresses": ["10.0.0.1",
      "111.2.0.0/24"], "destinationAddresses": [], "destinationPorts": ["81"], "destinationFqdns":
      [], "sourceIpGroups": [], "destinationIpGroups": ["/subscriptions/00000000-0000-0000-0000-000000000000/resourceGroups/cli_test_azure_firewall_rules_with_ipgroups000001/providers/Microsoft.Network/ipGroups/destinationipgroup"]}]},
      "name": "rc1"}], "ipConfigurations": [], "threatIntelMode": "Alert", "sku":
      {"name": "AZFW_VNet", "tier": "Standard"}, "additionalProperties": {"Network.DNS.EnableProxy":
      "False", "Network.DNS.RequireProxyForNetworkRules": "True", "Network.DNS.Servers":
      ""}}}'''
    headers:
      Accept:
      - application/json
      Accept-Encoding:
      - gzip, deflate
      CommandName:
      - network firewall nat-rule create
      Connection:
      - keep-alive
      Content-Length:
      - '3129'
      Content-Type:
      - application/json; charset=utf-8
      ParameterSetName:
      - -g -n -c -f --source-addresses --protocols --translated-fqdn --destination-ports
        --destination-addresses --translated-port --source-ip-groups
      User-Agent:
      - python/3.7.4 (Windows-10-10.0.18362-SP0) msrest/0.6.9 msrest_azure/0.6.3 azure-mgmt-network/10.2.0
        Azure-SDK-For-Python AZURECLI/2.7.0
      accept-language:
      - en-US
    method: PUT
    uri: https://management.azure.com/subscriptions/00000000-0000-0000-0000-000000000000/resourceGroups/cli_test_azure_firewall_rules_with_ipgroups000001/providers/Microsoft.Network/azureFirewalls/af1?api-version=2020-05-01
  response:
    body:
      string: "{\r\n  \"name\": \"af1\",\r\n  \"id\": \"/subscriptions/00000000-0000-0000-0000-000000000000/resourceGroups/cli_test_azure_firewall_rules_with_ipgroups000001/providers/Microsoft.Network/azureFirewalls/af1\",\r\n
        \ \"etag\": \"W/\\\"b957e387-8b90-4268-a6de-6fbed76167a8\\\"\",\r\n  \"type\":
        \"Microsoft.Network/azureFirewalls\",\r\n  \"location\": \"westus\",\r\n  \"properties\":
        {\r\n    \"provisioningState\": \"Updating\",\r\n    \"sku\": {\r\n      \"name\":
        \"AZFW_VNet\",\r\n      \"tier\": \"Standard\"\r\n    },\r\n    \"threatIntelMode\":
        \"Alert\",\r\n    \"additionalProperties\": {\r\n      \"Network.DNS.EnableProxy\":
        \"False\",\r\n      \"Network.DNS.RequireProxyForNetworkRules\": \"True\",\r\n
        \     \"Network.DNS.Servers\": \"\"\r\n    },\r\n    \"ipConfigurations\":
        [],\r\n    \"networkRuleCollections\": [\r\n      {\r\n        \"name\": \"rc1\",\r\n
        \       \"id\": \"/subscriptions/00000000-0000-0000-0000-000000000000/resourceGroups/cli_test_azure_firewall_rules_with_ipgroups000001/providers/Microsoft.Network/azureFirewalls/af1/networkRuleCollections/rc1\",\r\n
        \       \"etag\": \"W/\\\"b957e387-8b90-4268-a6de-6fbed76167a8\\\"\",\r\n
        \       \"properties\": {\r\n          \"provisioningState\": \"Updating\",\r\n
        \         \"priority\": 10000,\r\n          \"action\": {\r\n            \"type\":
        \"Allow\"\r\n          },\r\n          \"rules\": [\r\n            {\r\n              \"name\":
        \"network-rule1\",\r\n              \"protocols\": [\r\n                \"UDP\",\r\n
        \               \"TCP\",\r\n                \"ICMP\"\r\n              ],\r\n
        \             \"sourceAddresses\": [],\r\n              \"destinationAddresses\":
        [],\r\n              \"sourceIpGroups\": [\r\n                \"/subscriptions/00000000-0000-0000-0000-000000000000/resourceGroups/cli_test_azure_firewall_rules_with_ipgroups000001/providers/Microsoft.Network/ipGroups/sourceipgroup\"\r\n
        \             ],\r\n              \"destinationIpGroups\": [\r\n                \"/subscriptions/00000000-0000-0000-0000-000000000000/resourceGroups/cli_test_azure_firewall_rules_with_ipgroups000001/providers/Microsoft.Network/ipGroups/destinationipgroup\"\r\n
        \             ],\r\n              \"destinationFqdns\": [],\r\n              \"destinationPorts\":
        [\r\n                \"80\"\r\n              ]\r\n            },\r\n            {\r\n
        \             \"name\": \"network-rule2\",\r\n              \"protocols\":
        [\r\n                \"UDP\",\r\n                \"TCP\"\r\n              ],\r\n
        \             \"sourceAddresses\": [\r\n                \"10.0.0.1\",\r\n
        \               \"111.2.0.0/24\"\r\n              ],\r\n              \"destinationAddresses\":
        [],\r\n              \"sourceIpGroups\": [],\r\n              \"destinationIpGroups\":
        [\r\n                \"/subscriptions/00000000-0000-0000-0000-000000000000/resourceGroups/cli_test_azure_firewall_rules_with_ipgroups000001/providers/Microsoft.Network/ipGroups/destinationipgroup\"\r\n
        \             ],\r\n              \"destinationFqdns\": [],\r\n              \"destinationPorts\":
        [\r\n                \"81\"\r\n              ]\r\n            }\r\n          ]\r\n
        \       },\r\n        \"type\": \"Microsoft.Network/azureFirewalls/networkRuleCollections\"\r\n
        \     }\r\n    ],\r\n    \"applicationRuleCollections\": [],\r\n    \"natRuleCollections\":
        [\r\n      {\r\n        \"name\": \"rc2\",\r\n        \"id\": \"/subscriptions/00000000-0000-0000-0000-000000000000/resourceGroups/cli_test_azure_firewall_rules_with_ipgroups000001/providers/Microsoft.Network/azureFirewalls/af1/natRuleCollections/rc2\",\r\n
        \       \"etag\": \"W/\\\"b957e387-8b90-4268-a6de-6fbed76167a8\\\"\",\r\n
        \       \"properties\": {\r\n          \"provisioningState\": \"Updating\",\r\n
        \         \"priority\": 10001,\r\n          \"action\": {\r\n            \"type\":
        \"Dnat\"\r\n          },\r\n          \"rules\": [\r\n            {\r\n              \"name\":
        \"network-rule1\",\r\n              \"protocols\": [\r\n                \"UDP\",\r\n
        \               \"TCP\"\r\n              ],\r\n              \"translatedFqdn\":
        \"server1.internal.com\",\r\n              \"translatedPort\": \"95\",\r\n
        \             \"sourceAddresses\": [],\r\n              \"sourceIpGroups\":
        [\r\n                \"/subscriptions/00000000-0000-0000-0000-000000000000/resourceGroups/cli_test_azure_firewall_rules_with_ipgroups000001/providers/Microsoft.Network/ipGroups/sourceipgroup\"\r\n
        \             ],\r\n              \"destinationAddresses\": [\r\n                \"12.36.22.14\"\r\n
        \             ],\r\n              \"destinationPorts\": [\r\n                \"96\"\r\n
        \             ]\r\n            },\r\n            {\r\n              \"name\":
        \"network-rule2\",\r\n              \"protocols\": [\r\n                \"UDP\",\r\n
        \               \"TCP\"\r\n              ],\r\n              \"translatedFqdn\":
        \"server2.internal.com\",\r\n              \"translatedPort\": \"96\",\r\n
        \             \"sourceAddresses\": [\r\n                \"10.0.0.1\",\r\n
        \               \"111.2.0.0/24\"\r\n              ],\r\n              \"sourceIpGroups\":
        [\r\n                \"/subscriptions/00000000-0000-0000-0000-000000000000/resourceGroups/cli_test_azure_firewall_rules_with_ipgroups000001/providers/Microsoft.Network/ipGroups/sourceipgroup\"\r\n
        \             ],\r\n              \"destinationAddresses\": [\r\n                \"12.36.22.15\"\r\n
        \             ],\r\n              \"destinationPorts\": [\r\n                \"97\"\r\n
        \             ]\r\n            }\r\n          ]\r\n        },\r\n        \"type\":
        \"Microsoft.Network/azureFirewalls/natRuleCollections\"\r\n      }\r\n    ]\r\n
        \ }\r\n}"
    headers:
      azure-asyncoperation:
      - https://management.azure.com/subscriptions/00000000-0000-0000-0000-000000000000/providers/Microsoft.Network/locations/westus/operations/49a50b5c-a6b1-4e27-99be-62d5b1008645?api-version=2020-05-01
      cache-control:
      - no-cache
      content-length:
      - '5307'
      content-type:
      - application/json; charset=utf-8
      date:
      - Fri, 19 Jun 2020 03:31:45 GMT
      expires:
      - '-1'
      pragma:
      - no-cache
      server:
      - Microsoft-HTTPAPI/2.0
      - Microsoft-HTTPAPI/2.0
      strict-transport-security:
      - max-age=31536000; includeSubDomains
      transfer-encoding:
      - chunked
      vary:
      - Accept-Encoding
      x-content-type-options:
      - nosniff
      x-ms-arm-service-request-id:
      - dd47b822-8305-4078-8ec2-a8056fb3309b
      x-ms-ratelimit-remaining-subscription-writes:
      - '1194'
    status:
      code: 200
      message: OK
- request:
    body: null
    headers:
      Accept:
      - application/json
      Accept-Encoding:
      - gzip, deflate
      CommandName:
      - network firewall nat-rule create
      Connection:
      - keep-alive
      ParameterSetName:
      - -g -n -c -f --source-addresses --protocols --translated-fqdn --destination-ports
        --destination-addresses --translated-port --source-ip-groups
      User-Agent:
      - python/3.7.4 (Windows-10-10.0.18362-SP0) msrest/0.6.9 msrest_azure/0.6.3 azure-mgmt-network/10.2.0
        Azure-SDK-For-Python AZURECLI/2.7.0
    method: GET
    uri: https://management.azure.com/subscriptions/00000000-0000-0000-0000-000000000000/providers/Microsoft.Network/locations/westus/operations/49a50b5c-a6b1-4e27-99be-62d5b1008645?api-version=2020-05-01
  response:
    body:
      string: "{\r\n  \"status\": \"Succeeded\"\r\n}"
    headers:
      cache-control:
      - no-cache
      content-length:
      - '29'
      content-type:
      - application/json; charset=utf-8
      date:
      - Fri, 19 Jun 2020 03:31:56 GMT
      expires:
      - '-1'
      pragma:
      - no-cache
      server:
      - Microsoft-HTTPAPI/2.0
      - Microsoft-HTTPAPI/2.0
      strict-transport-security:
      - max-age=31536000; includeSubDomains
      transfer-encoding:
      - chunked
      vary:
      - Accept-Encoding
      x-content-type-options:
      - nosniff
      x-ms-arm-service-request-id:
      - 0d2ad568-8ee8-44ca-bcf8-21f31ed2be18
    status:
      code: 200
      message: OK
- request:
    body: null
    headers:
      Accept:
      - application/json
      Accept-Encoding:
      - gzip, deflate
      CommandName:
      - network firewall nat-rule create
      Connection:
      - keep-alive
      ParameterSetName:
      - -g -n -c -f --source-addresses --protocols --translated-fqdn --destination-ports
        --destination-addresses --translated-port --source-ip-groups
      User-Agent:
      - python/3.7.4 (Windows-10-10.0.18362-SP0) msrest/0.6.9 msrest_azure/0.6.3 azure-mgmt-network/10.2.0
        Azure-SDK-For-Python AZURECLI/2.7.0
    method: GET
    uri: https://management.azure.com/subscriptions/00000000-0000-0000-0000-000000000000/resourceGroups/cli_test_azure_firewall_rules_with_ipgroups000001/providers/Microsoft.Network/azureFirewalls/af1?api-version=2020-05-01
  response:
    body:
      string: "{\r\n  \"name\": \"af1\",\r\n  \"id\": \"/subscriptions/00000000-0000-0000-0000-000000000000/resourceGroups/cli_test_azure_firewall_rules_with_ipgroups000001/providers/Microsoft.Network/azureFirewalls/af1\",\r\n
        \ \"etag\": \"W/\\\"63586155-8219-457c-90b1-47695d7307d7\\\"\",\r\n  \"type\":
        \"Microsoft.Network/azureFirewalls\",\r\n  \"location\": \"westus\",\r\n  \"properties\":
        {\r\n    \"provisioningState\": \"Succeeded\",\r\n    \"sku\": {\r\n      \"name\":
        \"AZFW_VNet\",\r\n      \"tier\": \"Standard\"\r\n    },\r\n    \"threatIntelMode\":
        \"Alert\",\r\n    \"additionalProperties\": {\r\n      \"Network.DNS.EnableProxy\":
        \"False\",\r\n      \"Network.DNS.RequireProxyForNetworkRules\": \"True\",\r\n
        \     \"Network.DNS.Servers\": \"\"\r\n    },\r\n    \"ipConfigurations\":
        [],\r\n    \"networkRuleCollections\": [\r\n      {\r\n        \"name\": \"rc1\",\r\n
        \       \"id\": \"/subscriptions/00000000-0000-0000-0000-000000000000/resourceGroups/cli_test_azure_firewall_rules_with_ipgroups000001/providers/Microsoft.Network/azureFirewalls/af1/networkRuleCollections/rc1\",\r\n
        \       \"etag\": \"W/\\\"63586155-8219-457c-90b1-47695d7307d7\\\"\",\r\n
        \       \"properties\": {\r\n          \"provisioningState\": \"Succeeded\",\r\n
        \         \"priority\": 10000,\r\n          \"action\": {\r\n            \"type\":
        \"Allow\"\r\n          },\r\n          \"rules\": [\r\n            {\r\n              \"name\":
        \"network-rule1\",\r\n              \"protocols\": [\r\n                \"UDP\",\r\n
        \               \"TCP\",\r\n                \"ICMP\"\r\n              ],\r\n
        \             \"sourceAddresses\": [],\r\n              \"destinationAddresses\":
        [],\r\n              \"sourceIpGroups\": [\r\n                \"/subscriptions/00000000-0000-0000-0000-000000000000/resourceGroups/cli_test_azure_firewall_rules_with_ipgroups000001/providers/Microsoft.Network/ipGroups/sourceipgroup\"\r\n
        \             ],\r\n              \"destinationIpGroups\": [\r\n                \"/subscriptions/00000000-0000-0000-0000-000000000000/resourceGroups/cli_test_azure_firewall_rules_with_ipgroups000001/providers/Microsoft.Network/ipGroups/destinationipgroup\"\r\n
        \             ],\r\n              \"destinationFqdns\": [],\r\n              \"destinationPorts\":
        [\r\n                \"80\"\r\n              ]\r\n            },\r\n            {\r\n
        \             \"name\": \"network-rule2\",\r\n              \"protocols\":
        [\r\n                \"UDP\",\r\n                \"TCP\"\r\n              ],\r\n
        \             \"sourceAddresses\": [\r\n                \"10.0.0.1\",\r\n
        \               \"111.2.0.0/24\"\r\n              ],\r\n              \"destinationAddresses\":
        [],\r\n              \"sourceIpGroups\": [],\r\n              \"destinationIpGroups\":
        [\r\n                \"/subscriptions/00000000-0000-0000-0000-000000000000/resourceGroups/cli_test_azure_firewall_rules_with_ipgroups000001/providers/Microsoft.Network/ipGroups/destinationipgroup\"\r\n
        \             ],\r\n              \"destinationFqdns\": [],\r\n              \"destinationPorts\":
        [\r\n                \"81\"\r\n              ]\r\n            }\r\n          ]\r\n
        \       },\r\n        \"type\": \"Microsoft.Network/azureFirewalls/networkRuleCollections\"\r\n
        \     }\r\n    ],\r\n    \"applicationRuleCollections\": [],\r\n    \"natRuleCollections\":
        [\r\n      {\r\n        \"name\": \"rc2\",\r\n        \"id\": \"/subscriptions/00000000-0000-0000-0000-000000000000/resourceGroups/cli_test_azure_firewall_rules_with_ipgroups000001/providers/Microsoft.Network/azureFirewalls/af1/natRuleCollections/rc2\",\r\n
        \       \"etag\": \"W/\\\"63586155-8219-457c-90b1-47695d7307d7\\\"\",\r\n
        \       \"properties\": {\r\n          \"provisioningState\": \"Succeeded\",\r\n
        \         \"priority\": 10001,\r\n          \"action\": {\r\n            \"type\":
        \"Dnat\"\r\n          },\r\n          \"rules\": [\r\n            {\r\n              \"name\":
        \"network-rule1\",\r\n              \"protocols\": [\r\n                \"UDP\",\r\n
        \               \"TCP\"\r\n              ],\r\n              \"translatedFqdn\":
        \"server1.internal.com\",\r\n              \"translatedPort\": \"95\",\r\n
        \             \"sourceAddresses\": [],\r\n              \"sourceIpGroups\":
        [\r\n                \"/subscriptions/00000000-0000-0000-0000-000000000000/resourceGroups/cli_test_azure_firewall_rules_with_ipgroups000001/providers/Microsoft.Network/ipGroups/sourceipgroup\"\r\n
        \             ],\r\n              \"destinationAddresses\": [\r\n                \"12.36.22.14\"\r\n
        \             ],\r\n              \"destinationPorts\": [\r\n                \"96\"\r\n
        \             ]\r\n            },\r\n            {\r\n              \"name\":
        \"network-rule2\",\r\n              \"protocols\": [\r\n                \"UDP\",\r\n
        \               \"TCP\"\r\n              ],\r\n              \"translatedFqdn\":
        \"server2.internal.com\",\r\n              \"translatedPort\": \"96\",\r\n
        \             \"sourceAddresses\": [\r\n                \"10.0.0.1\",\r\n
        \               \"111.2.0.0/24\"\r\n              ],\r\n              \"sourceIpGroups\":
        [\r\n                \"/subscriptions/00000000-0000-0000-0000-000000000000/resourceGroups/cli_test_azure_firewall_rules_with_ipgroups000001/providers/Microsoft.Network/ipGroups/sourceipgroup\"\r\n
        \             ],\r\n              \"destinationAddresses\": [\r\n                \"12.36.22.15\"\r\n
        \             ],\r\n              \"destinationPorts\": [\r\n                \"97\"\r\n
        \             ]\r\n            }\r\n          ]\r\n        },\r\n        \"type\":
        \"Microsoft.Network/azureFirewalls/natRuleCollections\"\r\n      }\r\n    ]\r\n
        \ }\r\n}"
    headers:
      cache-control:
      - no-cache
      content-length:
      - '5310'
      content-type:
      - application/json; charset=utf-8
      date:
      - Fri, 19 Jun 2020 03:31:56 GMT
      etag:
      - W/"63586155-8219-457c-90b1-47695d7307d7"
      expires:
      - '-1'
      pragma:
      - no-cache
      server:
      - Microsoft-HTTPAPI/2.0
      - Microsoft-HTTPAPI/2.0
      strict-transport-security:
      - max-age=31536000; includeSubDomains
      transfer-encoding:
      - chunked
      vary:
      - Accept-Encoding
      x-content-type-options:
      - nosniff
      x-ms-arm-service-request-id:
      - 22592f93-16e1-476e-8482-ccc2788df5a4
    status:
      code: 200
      message: OK
- request:
    body: null
    headers:
      Accept:
      - application/json
      Accept-Encoding:
      - gzip, deflate
      CommandName:
      - network firewall application-rule create
      Connection:
      - keep-alive
      ParameterSetName:
      - -f -n --protocols -g -c --priority --action --source-ip-groups --target-fqdns
      User-Agent:
      - python/3.7.4 (Windows-10-10.0.18362-SP0) msrest/0.6.9 msrest_azure/0.6.3 azure-mgmt-network/10.2.0
        Azure-SDK-For-Python AZURECLI/2.7.0
      accept-language:
      - en-US
    method: GET
    uri: https://management.azure.com/subscriptions/00000000-0000-0000-0000-000000000000/resourceGroups/cli_test_azure_firewall_rules_with_ipgroups000001/providers/Microsoft.Network/azureFirewalls/af1?api-version=2020-05-01
  response:
    body:
      string: "{\r\n  \"name\": \"af1\",\r\n  \"id\": \"/subscriptions/00000000-0000-0000-0000-000000000000/resourceGroups/cli_test_azure_firewall_rules_with_ipgroups000001/providers/Microsoft.Network/azureFirewalls/af1\",\r\n
        \ \"etag\": \"W/\\\"63586155-8219-457c-90b1-47695d7307d7\\\"\",\r\n  \"type\":
        \"Microsoft.Network/azureFirewalls\",\r\n  \"location\": \"westus\",\r\n  \"properties\":
        {\r\n    \"provisioningState\": \"Succeeded\",\r\n    \"sku\": {\r\n      \"name\":
        \"AZFW_VNet\",\r\n      \"tier\": \"Standard\"\r\n    },\r\n    \"threatIntelMode\":
        \"Alert\",\r\n    \"additionalProperties\": {\r\n      \"Network.DNS.EnableProxy\":
        \"False\",\r\n      \"Network.DNS.RequireProxyForNetworkRules\": \"True\",\r\n
        \     \"Network.DNS.Servers\": \"\"\r\n    },\r\n    \"ipConfigurations\":
        [],\r\n    \"networkRuleCollections\": [\r\n      {\r\n        \"name\": \"rc1\",\r\n
        \       \"id\": \"/subscriptions/00000000-0000-0000-0000-000000000000/resourceGroups/cli_test_azure_firewall_rules_with_ipgroups000001/providers/Microsoft.Network/azureFirewalls/af1/networkRuleCollections/rc1\",\r\n
        \       \"etag\": \"W/\\\"63586155-8219-457c-90b1-47695d7307d7\\\"\",\r\n
        \       \"properties\": {\r\n          \"provisioningState\": \"Succeeded\",\r\n
        \         \"priority\": 10000,\r\n          \"action\": {\r\n            \"type\":
        \"Allow\"\r\n          },\r\n          \"rules\": [\r\n            {\r\n              \"name\":
        \"network-rule1\",\r\n              \"protocols\": [\r\n                \"UDP\",\r\n
        \               \"TCP\",\r\n                \"ICMP\"\r\n              ],\r\n
        \             \"sourceAddresses\": [],\r\n              \"destinationAddresses\":
        [],\r\n              \"sourceIpGroups\": [\r\n                \"/subscriptions/00000000-0000-0000-0000-000000000000/resourceGroups/cli_test_azure_firewall_rules_with_ipgroups000001/providers/Microsoft.Network/ipGroups/sourceipgroup\"\r\n
        \             ],\r\n              \"destinationIpGroups\": [\r\n                \"/subscriptions/00000000-0000-0000-0000-000000000000/resourceGroups/cli_test_azure_firewall_rules_with_ipgroups000001/providers/Microsoft.Network/ipGroups/destinationipgroup\"\r\n
        \             ],\r\n              \"destinationFqdns\": [],\r\n              \"destinationPorts\":
        [\r\n                \"80\"\r\n              ]\r\n            },\r\n            {\r\n
        \             \"name\": \"network-rule2\",\r\n              \"protocols\":
        [\r\n                \"UDP\",\r\n                \"TCP\"\r\n              ],\r\n
        \             \"sourceAddresses\": [\r\n                \"10.0.0.1\",\r\n
        \               \"111.2.0.0/24\"\r\n              ],\r\n              \"destinationAddresses\":
        [],\r\n              \"sourceIpGroups\": [],\r\n              \"destinationIpGroups\":
        [\r\n                \"/subscriptions/00000000-0000-0000-0000-000000000000/resourceGroups/cli_test_azure_firewall_rules_with_ipgroups000001/providers/Microsoft.Network/ipGroups/destinationipgroup\"\r\n
        \             ],\r\n              \"destinationFqdns\": [],\r\n              \"destinationPorts\":
        [\r\n                \"81\"\r\n              ]\r\n            }\r\n          ]\r\n
        \       },\r\n        \"type\": \"Microsoft.Network/azureFirewalls/networkRuleCollections\"\r\n
        \     }\r\n    ],\r\n    \"applicationRuleCollections\": [],\r\n    \"natRuleCollections\":
        [\r\n      {\r\n        \"name\": \"rc2\",\r\n        \"id\": \"/subscriptions/00000000-0000-0000-0000-000000000000/resourceGroups/cli_test_azure_firewall_rules_with_ipgroups000001/providers/Microsoft.Network/azureFirewalls/af1/natRuleCollections/rc2\",\r\n
        \       \"etag\": \"W/\\\"63586155-8219-457c-90b1-47695d7307d7\\\"\",\r\n
        \       \"properties\": {\r\n          \"provisioningState\": \"Succeeded\",\r\n
        \         \"priority\": 10001,\r\n          \"action\": {\r\n            \"type\":
        \"Dnat\"\r\n          },\r\n          \"rules\": [\r\n            {\r\n              \"name\":
        \"network-rule1\",\r\n              \"protocols\": [\r\n                \"UDP\",\r\n
        \               \"TCP\"\r\n              ],\r\n              \"translatedFqdn\":
        \"server1.internal.com\",\r\n              \"translatedPort\": \"95\",\r\n
        \             \"sourceAddresses\": [],\r\n              \"sourceIpGroups\":
        [\r\n                \"/subscriptions/00000000-0000-0000-0000-000000000000/resourceGroups/cli_test_azure_firewall_rules_with_ipgroups000001/providers/Microsoft.Network/ipGroups/sourceipgroup\"\r\n
        \             ],\r\n              \"destinationAddresses\": [\r\n                \"12.36.22.14\"\r\n
        \             ],\r\n              \"destinationPorts\": [\r\n                \"96\"\r\n
        \             ]\r\n            },\r\n            {\r\n              \"name\":
        \"network-rule2\",\r\n              \"protocols\": [\r\n                \"UDP\",\r\n
        \               \"TCP\"\r\n              ],\r\n              \"translatedFqdn\":
        \"server2.internal.com\",\r\n              \"translatedPort\": \"96\",\r\n
        \             \"sourceAddresses\": [\r\n                \"10.0.0.1\",\r\n
        \               \"111.2.0.0/24\"\r\n              ],\r\n              \"sourceIpGroups\":
        [\r\n                \"/subscriptions/00000000-0000-0000-0000-000000000000/resourceGroups/cli_test_azure_firewall_rules_with_ipgroups000001/providers/Microsoft.Network/ipGroups/sourceipgroup\"\r\n
        \             ],\r\n              \"destinationAddresses\": [\r\n                \"12.36.22.15\"\r\n
        \             ],\r\n              \"destinationPorts\": [\r\n                \"97\"\r\n
        \             ]\r\n            }\r\n          ]\r\n        },\r\n        \"type\":
        \"Microsoft.Network/azureFirewalls/natRuleCollections\"\r\n      }\r\n    ]\r\n
        \ }\r\n}"
    headers:
      cache-control:
      - no-cache
      content-length:
      - '5310'
      content-type:
      - application/json; charset=utf-8
      date:
      - Fri, 19 Jun 2020 03:31:58 GMT
      etag:
      - W/"63586155-8219-457c-90b1-47695d7307d7"
      expires:
      - '-1'
      pragma:
      - no-cache
      server:
      - Microsoft-HTTPAPI/2.0
      - Microsoft-HTTPAPI/2.0
      strict-transport-security:
      - max-age=31536000; includeSubDomains
      transfer-encoding:
      - chunked
      vary:
      - Accept-Encoding
      x-content-type-options:
      - nosniff
      x-ms-arm-service-request-id:
      - 8848fcbb-bc75-466c-b2e3-2a3f53734bc3
    status:
      code: 200
      message: OK
- request:
    body: 'b''{"id": "/subscriptions/00000000-0000-0000-0000-000000000000/resourceGroups/cli_test_azure_firewall_rules_with_ipgroups000001/providers/Microsoft.Network/azureFirewalls/af1",
      "location": "westus", "properties": {"applicationRuleCollections": [{"properties":
      {"priority": 10000, "action": {"type": "Allow"}, "rules": [{"name": "app-rule1",
      "protocols": [{"protocolType": "Http", "port": 80}, {"protocolType": "Https",
      "port": 8080}], "targetFqdns": ["www.bing.com"], "sourceIpGroups": ["/subscriptions/00000000-0000-0000-0000-000000000000/resourceGroups/cli_test_azure_firewall_rules_with_ipgroups000001/providers/Microsoft.Network/ipGroups/sourceipgroup"]}]},
      "name": "rc3"}], "natRuleCollections": [{"id": "/subscriptions/00000000-0000-0000-0000-000000000000/resourceGroups/cli_test_azure_firewall_rules_with_ipgroups000001/providers/Microsoft.Network/azureFirewalls/af1/natRuleCollections/rc2",
      "properties": {"priority": 10001, "action": {"type": "Dnat"}, "rules": [{"name":
      "network-rule1", "sourceAddresses": [], "destinationAddresses": ["12.36.22.14"],
      "destinationPorts": ["96"], "protocols": ["UDP", "TCP"], "translatedPort": "95",
      "translatedFqdn": "server1.internal.com", "sourceIpGroups": ["/subscriptions/00000000-0000-0000-0000-000000000000/resourceGroups/cli_test_azure_firewall_rules_with_ipgroups000001/providers/Microsoft.Network/ipGroups/sourceipgroup"]},
      {"name": "network-rule2", "sourceAddresses": ["10.0.0.1", "111.2.0.0/24"], "destinationAddresses":
      ["12.36.22.15"], "destinationPorts": ["97"], "protocols": ["UDP", "TCP"], "translatedPort":
      "96", "translatedFqdn": "server2.internal.com", "sourceIpGroups": ["/subscriptions/00000000-0000-0000-0000-000000000000/resourceGroups/cli_test_azure_firewall_rules_with_ipgroups000001/providers/Microsoft.Network/ipGroups/sourceipgroup"]}]},
      "name": "rc2"}], "networkRuleCollections": [{"id": "/subscriptions/00000000-0000-0000-0000-000000000000/resourceGroups/cli_test_azure_firewall_rules_with_ipgroups000001/providers/Microsoft.Network/azureFirewalls/af1/networkRuleCollections/rc1",
      "properties": {"priority": 10000, "action": {"type": "Allow"}, "rules": [{"name":
      "network-rule1", "protocols": ["UDP", "TCP", "ICMP"], "sourceAddresses": [],
      "destinationAddresses": [], "destinationPorts": ["80"], "destinationFqdns":
      [], "sourceIpGroups": ["/subscriptions/00000000-0000-0000-0000-000000000000/resourceGroups/cli_test_azure_firewall_rules_with_ipgroups000001/providers/Microsoft.Network/ipGroups/sourceipgroup"],
      "destinationIpGroups": ["/subscriptions/00000000-0000-0000-0000-000000000000/resourceGroups/cli_test_azure_firewall_rules_with_ipgroups000001/providers/Microsoft.Network/ipGroups/destinationipgroup"]},
      {"name": "network-rule2", "protocols": ["UDP", "TCP"], "sourceAddresses": ["10.0.0.1",
      "111.2.0.0/24"], "destinationAddresses": [], "destinationPorts": ["81"], "destinationFqdns":
      [], "sourceIpGroups": [], "destinationIpGroups": ["/subscriptions/00000000-0000-0000-0000-000000000000/resourceGroups/cli_test_azure_firewall_rules_with_ipgroups000001/providers/Microsoft.Network/ipGroups/destinationipgroup"]}]},
      "name": "rc1"}], "ipConfigurations": [], "threatIntelMode": "Alert", "sku":
      {"name": "AZFW_VNet", "tier": "Standard"}, "additionalProperties": {"Network.DNS.EnableProxy":
      "False", "Network.DNS.RequireProxyForNetworkRules": "True", "Network.DNS.Servers":
      ""}}}'''
    headers:
      Accept:
      - application/json
      Accept-Encoding:
      - gzip, deflate
      CommandName:
      - network firewall application-rule create
      Connection:
      - keep-alive
      Content-Length:
      - '3586'
      Content-Type:
      - application/json; charset=utf-8
      ParameterSetName:
      - -f -n --protocols -g -c --priority --action --source-ip-groups --target-fqdns
      User-Agent:
      - python/3.7.4 (Windows-10-10.0.18362-SP0) msrest/0.6.9 msrest_azure/0.6.3 azure-mgmt-network/10.2.0
        Azure-SDK-For-Python AZURECLI/2.7.0
      accept-language:
      - en-US
    method: PUT
    uri: https://management.azure.com/subscriptions/00000000-0000-0000-0000-000000000000/resourceGroups/cli_test_azure_firewall_rules_with_ipgroups000001/providers/Microsoft.Network/azureFirewalls/af1?api-version=2020-05-01
  response:
    body:
      string: "{\r\n  \"name\": \"af1\",\r\n  \"id\": \"/subscriptions/00000000-0000-0000-0000-000000000000/resourceGroups/cli_test_azure_firewall_rules_with_ipgroups000001/providers/Microsoft.Network/azureFirewalls/af1\",\r\n
        \ \"etag\": \"W/\\\"3b2021ca-3a67-41e9-ab96-e98511af55eb\\\"\",\r\n  \"type\":
        \"Microsoft.Network/azureFirewalls\",\r\n  \"location\": \"westus\",\r\n  \"properties\":
        {\r\n    \"provisioningState\": \"Updating\",\r\n    \"sku\": {\r\n      \"name\":
        \"AZFW_VNet\",\r\n      \"tier\": \"Standard\"\r\n    },\r\n    \"threatIntelMode\":
        \"Alert\",\r\n    \"additionalProperties\": {\r\n      \"Network.DNS.EnableProxy\":
        \"False\",\r\n      \"Network.DNS.RequireProxyForNetworkRules\": \"True\",\r\n
        \     \"Network.DNS.Servers\": \"\"\r\n    },\r\n    \"ipConfigurations\":
        [],\r\n    \"networkRuleCollections\": [\r\n      {\r\n        \"name\": \"rc1\",\r\n
        \       \"id\": \"/subscriptions/00000000-0000-0000-0000-000000000000/resourceGroups/cli_test_azure_firewall_rules_with_ipgroups000001/providers/Microsoft.Network/azureFirewalls/af1/networkRuleCollections/rc1\",\r\n
        \       \"etag\": \"W/\\\"3b2021ca-3a67-41e9-ab96-e98511af55eb\\\"\",\r\n
        \       \"properties\": {\r\n          \"provisioningState\": \"Updating\",\r\n
        \         \"priority\": 10000,\r\n          \"action\": {\r\n            \"type\":
        \"Allow\"\r\n          },\r\n          \"rules\": [\r\n            {\r\n              \"name\":
        \"network-rule1\",\r\n              \"protocols\": [\r\n                \"UDP\",\r\n
        \               \"TCP\",\r\n                \"ICMP\"\r\n              ],\r\n
        \             \"sourceAddresses\": [],\r\n              \"destinationAddresses\":
        [],\r\n              \"sourceIpGroups\": [\r\n                \"/subscriptions/00000000-0000-0000-0000-000000000000/resourceGroups/cli_test_azure_firewall_rules_with_ipgroups000001/providers/Microsoft.Network/ipGroups/sourceipgroup\"\r\n
        \             ],\r\n              \"destinationIpGroups\": [\r\n                \"/subscriptions/00000000-0000-0000-0000-000000000000/resourceGroups/cli_test_azure_firewall_rules_with_ipgroups000001/providers/Microsoft.Network/ipGroups/destinationipgroup\"\r\n
        \             ],\r\n              \"destinationFqdns\": [],\r\n              \"destinationPorts\":
        [\r\n                \"80\"\r\n              ]\r\n            },\r\n            {\r\n
        \             \"name\": \"network-rule2\",\r\n              \"protocols\":
        [\r\n                \"UDP\",\r\n                \"TCP\"\r\n              ],\r\n
        \             \"sourceAddresses\": [\r\n                \"10.0.0.1\",\r\n
        \               \"111.2.0.0/24\"\r\n              ],\r\n              \"destinationAddresses\":
        [],\r\n              \"sourceIpGroups\": [],\r\n              \"destinationIpGroups\":
        [\r\n                \"/subscriptions/00000000-0000-0000-0000-000000000000/resourceGroups/cli_test_azure_firewall_rules_with_ipgroups000001/providers/Microsoft.Network/ipGroups/destinationipgroup\"\r\n
        \             ],\r\n              \"destinationFqdns\": [],\r\n              \"destinationPorts\":
        [\r\n                \"81\"\r\n              ]\r\n            }\r\n          ]\r\n
        \       },\r\n        \"type\": \"Microsoft.Network/azureFirewalls/networkRuleCollections\"\r\n
        \     }\r\n    ],\r\n    \"applicationRuleCollections\": [\r\n      {\r\n
        \       \"name\": \"rc3\",\r\n        \"id\": \"/subscriptions/00000000-0000-0000-0000-000000000000/resourceGroups/cli_test_azure_firewall_rules_with_ipgroups000001/providers/Microsoft.Network/azureFirewalls/af1/applicationRuleCollections/rc3\",\r\n
        \       \"etag\": \"W/\\\"3b2021ca-3a67-41e9-ab96-e98511af55eb\\\"\",\r\n
        \       \"properties\": {\r\n          \"provisioningState\": \"Updating\",\r\n
        \         \"priority\": 10000,\r\n          \"action\": {\r\n            \"type\":
        \"Allow\"\r\n          },\r\n          \"rules\": [\r\n            {\r\n              \"name\":
        \"app-rule1\",\r\n              \"priority\": 0,\r\n              \"direction\":
        \"Inbound\",\r\n              \"protocols\": [\r\n                {\r\n                  \"protocolType\":
        \"Http\",\r\n                  \"port\": 80\r\n                },\r\n                {\r\n
        \                 \"protocolType\": \"Https\",\r\n                  \"port\":
        8080\r\n                }\r\n              ],\r\n              \"fqdnTags\":
        [],\r\n              \"targetFqdns\": [\r\n                \"www.bing.com\"\r\n
        \             ],\r\n              \"actions\": [],\r\n              \"sourceAddresses\":
        [],\r\n              \"sourceIpGroups\": [\r\n                \"/subscriptions/00000000-0000-0000-0000-000000000000/resourceGroups/cli_test_azure_firewall_rules_with_ipgroups000001/providers/Microsoft.Network/ipGroups/sourceipgroup\"\r\n
        \             ]\r\n            }\r\n          ]\r\n        },\r\n        \"type\":
        \"Microsoft.Network/azureFirewalls/applicationRuleCollections\"\r\n      }\r\n
        \   ],\r\n    \"natRuleCollections\": [\r\n      {\r\n        \"name\": \"rc2\",\r\n
        \       \"id\": \"/subscriptions/00000000-0000-0000-0000-000000000000/resourceGroups/cli_test_azure_firewall_rules_with_ipgroups000001/providers/Microsoft.Network/azureFirewalls/af1/natRuleCollections/rc2\",\r\n
        \       \"etag\": \"W/\\\"3b2021ca-3a67-41e9-ab96-e98511af55eb\\\"\",\r\n
        \       \"properties\": {\r\n          \"provisioningState\": \"Updating\",\r\n
        \         \"priority\": 10001,\r\n          \"action\": {\r\n            \"type\":
        \"Dnat\"\r\n          },\r\n          \"rules\": [\r\n            {\r\n              \"name\":
        \"network-rule1\",\r\n              \"protocols\": [\r\n                \"UDP\",\r\n
        \               \"TCP\"\r\n              ],\r\n              \"translatedFqdn\":
        \"server1.internal.com\",\r\n              \"translatedPort\": \"95\",\r\n
        \             \"sourceAddresses\": [],\r\n              \"sourceIpGroups\":
        [\r\n                \"/subscriptions/00000000-0000-0000-0000-000000000000/resourceGroups/cli_test_azure_firewall_rules_with_ipgroups000001/providers/Microsoft.Network/ipGroups/sourceipgroup\"\r\n
        \             ],\r\n              \"destinationAddresses\": [\r\n                \"12.36.22.14\"\r\n
        \             ],\r\n              \"destinationPorts\": [\r\n                \"96\"\r\n
        \             ]\r\n            },\r\n            {\r\n              \"name\":
        \"network-rule2\",\r\n              \"protocols\": [\r\n                \"UDP\",\r\n
        \               \"TCP\"\r\n              ],\r\n              \"translatedFqdn\":
        \"server2.internal.com\",\r\n              \"translatedPort\": \"96\",\r\n
        \             \"sourceAddresses\": [\r\n                \"10.0.0.1\",\r\n
        \               \"111.2.0.0/24\"\r\n              ],\r\n              \"sourceIpGroups\":
        [\r\n                \"/subscriptions/00000000-0000-0000-0000-000000000000/resourceGroups/cli_test_azure_firewall_rules_with_ipgroups000001/providers/Microsoft.Network/ipGroups/sourceipgroup\"\r\n
        \             ],\r\n              \"destinationAddresses\": [\r\n                \"12.36.22.15\"\r\n
        \             ],\r\n              \"destinationPorts\": [\r\n                \"97\"\r\n
        \             ]\r\n            }\r\n          ]\r\n        },\r\n        \"type\":
        \"Microsoft.Network/azureFirewalls/natRuleCollections\"\r\n      }\r\n    ]\r\n
        \ }\r\n}"
    headers:
      azure-asyncoperation:
      - https://management.azure.com/subscriptions/00000000-0000-0000-0000-000000000000/providers/Microsoft.Network/locations/westus/operations/0993af2f-7e3c-47e2-8ae2-eefa369d18f7?api-version=2020-05-01
      cache-control:
      - no-cache
      content-length:
      - '6803'
      content-type:
      - application/json; charset=utf-8
      date:
      - Fri, 19 Jun 2020 03:31:59 GMT
      expires:
      - '-1'
      pragma:
      - no-cache
      server:
      - Microsoft-HTTPAPI/2.0
      - Microsoft-HTTPAPI/2.0
      strict-transport-security:
      - max-age=31536000; includeSubDomains
      transfer-encoding:
      - chunked
      vary:
      - Accept-Encoding
      x-content-type-options:
      - nosniff
      x-ms-arm-service-request-id:
      - 42fd1393-cb18-4c61-a8b5-ceb4c18fff82
      x-ms-ratelimit-remaining-subscription-writes:
      - '1199'
    status:
      code: 200
      message: OK
- request:
    body: null
    headers:
      Accept:
      - application/json
      Accept-Encoding:
      - gzip, deflate
      CommandName:
      - network firewall application-rule create
      Connection:
      - keep-alive
      ParameterSetName:
      - -f -n --protocols -g -c --priority --action --source-ip-groups --target-fqdns
      User-Agent:
      - python/3.7.4 (Windows-10-10.0.18362-SP0) msrest/0.6.9 msrest_azure/0.6.3 azure-mgmt-network/10.2.0
        Azure-SDK-For-Python AZURECLI/2.7.0
    method: GET
    uri: https://management.azure.com/subscriptions/00000000-0000-0000-0000-000000000000/providers/Microsoft.Network/locations/westus/operations/0993af2f-7e3c-47e2-8ae2-eefa369d18f7?api-version=2020-05-01
  response:
    body:
      string: "{\r\n  \"status\": \"Succeeded\"\r\n}"
    headers:
      cache-control:
      - no-cache
      content-length:
      - '29'
      content-type:
      - application/json; charset=utf-8
      date:
      - Fri, 19 Jun 2020 03:32:10 GMT
      expires:
      - '-1'
      pragma:
      - no-cache
      server:
      - Microsoft-HTTPAPI/2.0
      - Microsoft-HTTPAPI/2.0
      strict-transport-security:
      - max-age=31536000; includeSubDomains
      transfer-encoding:
      - chunked
      vary:
      - Accept-Encoding
      x-content-type-options:
      - nosniff
      x-ms-arm-service-request-id:
      - b8bb2606-c2fc-43c0-aa04-35a404ae6f3b
    status:
      code: 200
      message: OK
- request:
    body: null
    headers:
      Accept:
      - application/json
      Accept-Encoding:
      - gzip, deflate
      CommandName:
      - network firewall application-rule create
      Connection:
      - keep-alive
      ParameterSetName:
      - -f -n --protocols -g -c --priority --action --source-ip-groups --target-fqdns
      User-Agent:
      - python/3.7.4 (Windows-10-10.0.18362-SP0) msrest/0.6.9 msrest_azure/0.6.3 azure-mgmt-network/10.2.0
        Azure-SDK-For-Python AZURECLI/2.7.0
    method: GET
    uri: https://management.azure.com/subscriptions/00000000-0000-0000-0000-000000000000/resourceGroups/cli_test_azure_firewall_rules_with_ipgroups000001/providers/Microsoft.Network/azureFirewalls/af1?api-version=2020-05-01
  response:
    body:
      string: "{\r\n  \"name\": \"af1\",\r\n  \"id\": \"/subscriptions/00000000-0000-0000-0000-000000000000/resourceGroups/cli_test_azure_firewall_rules_with_ipgroups000001/providers/Microsoft.Network/azureFirewalls/af1\",\r\n
        \ \"etag\": \"W/\\\"2eb63a0d-0209-43cc-98f2-dc96b47ef057\\\"\",\r\n  \"type\":
        \"Microsoft.Network/azureFirewalls\",\r\n  \"location\": \"westus\",\r\n  \"properties\":
        {\r\n    \"provisioningState\": \"Succeeded\",\r\n    \"sku\": {\r\n      \"name\":
        \"AZFW_VNet\",\r\n      \"tier\": \"Standard\"\r\n    },\r\n    \"threatIntelMode\":
        \"Alert\",\r\n    \"additionalProperties\": {\r\n      \"Network.DNS.EnableProxy\":
        \"False\",\r\n      \"Network.DNS.RequireProxyForNetworkRules\": \"True\",\r\n
        \     \"Network.DNS.Servers\": \"\"\r\n    },\r\n    \"ipConfigurations\":
        [],\r\n    \"networkRuleCollections\": [\r\n      {\r\n        \"name\": \"rc1\",\r\n
        \       \"id\": \"/subscriptions/00000000-0000-0000-0000-000000000000/resourceGroups/cli_test_azure_firewall_rules_with_ipgroups000001/providers/Microsoft.Network/azureFirewalls/af1/networkRuleCollections/rc1\",\r\n
        \       \"etag\": \"W/\\\"2eb63a0d-0209-43cc-98f2-dc96b47ef057\\\"\",\r\n
        \       \"properties\": {\r\n          \"provisioningState\": \"Succeeded\",\r\n
        \         \"priority\": 10000,\r\n          \"action\": {\r\n            \"type\":
        \"Allow\"\r\n          },\r\n          \"rules\": [\r\n            {\r\n              \"name\":
        \"network-rule1\",\r\n              \"protocols\": [\r\n                \"UDP\",\r\n
        \               \"TCP\",\r\n                \"ICMP\"\r\n              ],\r\n
        \             \"sourceAddresses\": [],\r\n              \"destinationAddresses\":
        [],\r\n              \"sourceIpGroups\": [\r\n                \"/subscriptions/00000000-0000-0000-0000-000000000000/resourceGroups/cli_test_azure_firewall_rules_with_ipgroups000001/providers/Microsoft.Network/ipGroups/sourceipgroup\"\r\n
        \             ],\r\n              \"destinationIpGroups\": [\r\n                \"/subscriptions/00000000-0000-0000-0000-000000000000/resourceGroups/cli_test_azure_firewall_rules_with_ipgroups000001/providers/Microsoft.Network/ipGroups/destinationipgroup\"\r\n
        \             ],\r\n              \"destinationFqdns\": [],\r\n              \"destinationPorts\":
        [\r\n                \"80\"\r\n              ]\r\n            },\r\n            {\r\n
        \             \"name\": \"network-rule2\",\r\n              \"protocols\":
        [\r\n                \"UDP\",\r\n                \"TCP\"\r\n              ],\r\n
        \             \"sourceAddresses\": [\r\n                \"10.0.0.1\",\r\n
        \               \"111.2.0.0/24\"\r\n              ],\r\n              \"destinationAddresses\":
        [],\r\n              \"sourceIpGroups\": [],\r\n              \"destinationIpGroups\":
        [\r\n                \"/subscriptions/00000000-0000-0000-0000-000000000000/resourceGroups/cli_test_azure_firewall_rules_with_ipgroups000001/providers/Microsoft.Network/ipGroups/destinationipgroup\"\r\n
        \             ],\r\n              \"destinationFqdns\": [],\r\n              \"destinationPorts\":
        [\r\n                \"81\"\r\n              ]\r\n            }\r\n          ]\r\n
        \       },\r\n        \"type\": \"Microsoft.Network/azureFirewalls/networkRuleCollections\"\r\n
        \     }\r\n    ],\r\n    \"applicationRuleCollections\": [\r\n      {\r\n
        \       \"name\": \"rc3\",\r\n        \"id\": \"/subscriptions/00000000-0000-0000-0000-000000000000/resourceGroups/cli_test_azure_firewall_rules_with_ipgroups000001/providers/Microsoft.Network/azureFirewalls/af1/applicationRuleCollections/rc3\",\r\n
        \       \"etag\": \"W/\\\"2eb63a0d-0209-43cc-98f2-dc96b47ef057\\\"\",\r\n
        \       \"properties\": {\r\n          \"provisioningState\": \"Succeeded\",\r\n
        \         \"priority\": 10000,\r\n          \"action\": {\r\n            \"type\":
        \"Allow\"\r\n          },\r\n          \"rules\": [\r\n            {\r\n              \"name\":
        \"app-rule1\",\r\n              \"priority\": 0,\r\n              \"direction\":
        \"Inbound\",\r\n              \"protocols\": [\r\n                {\r\n                  \"protocolType\":
        \"Http\",\r\n                  \"port\": 80\r\n                },\r\n                {\r\n
        \                 \"protocolType\": \"Https\",\r\n                  \"port\":
        8080\r\n                }\r\n              ],\r\n              \"fqdnTags\":
        [],\r\n              \"targetFqdns\": [\r\n                \"www.bing.com\"\r\n
        \             ],\r\n              \"actions\": [],\r\n              \"sourceAddresses\":
        [],\r\n              \"sourceIpGroups\": [\r\n                \"/subscriptions/00000000-0000-0000-0000-000000000000/resourceGroups/cli_test_azure_firewall_rules_with_ipgroups000001/providers/Microsoft.Network/ipGroups/sourceipgroup\"\r\n
        \             ]\r\n            }\r\n          ]\r\n        },\r\n        \"type\":
        \"Microsoft.Network/azureFirewalls/applicationRuleCollections\"\r\n      }\r\n
        \   ],\r\n    \"natRuleCollections\": [\r\n      {\r\n        \"name\": \"rc2\",\r\n
        \       \"id\": \"/subscriptions/00000000-0000-0000-0000-000000000000/resourceGroups/cli_test_azure_firewall_rules_with_ipgroups000001/providers/Microsoft.Network/azureFirewalls/af1/natRuleCollections/rc2\",\r\n
        \       \"etag\": \"W/\\\"2eb63a0d-0209-43cc-98f2-dc96b47ef057\\\"\",\r\n
        \       \"properties\": {\r\n          \"provisioningState\": \"Succeeded\",\r\n
        \         \"priority\": 10001,\r\n          \"action\": {\r\n            \"type\":
        \"Dnat\"\r\n          },\r\n          \"rules\": [\r\n            {\r\n              \"name\":
        \"network-rule1\",\r\n              \"protocols\": [\r\n                \"UDP\",\r\n
        \               \"TCP\"\r\n              ],\r\n              \"translatedFqdn\":
        \"server1.internal.com\",\r\n              \"translatedPort\": \"95\",\r\n
        \             \"sourceAddresses\": [],\r\n              \"sourceIpGroups\":
        [\r\n                \"/subscriptions/00000000-0000-0000-0000-000000000000/resourceGroups/cli_test_azure_firewall_rules_with_ipgroups000001/providers/Microsoft.Network/ipGroups/sourceipgroup\"\r\n
        \             ],\r\n              \"destinationAddresses\": [\r\n                \"12.36.22.14\"\r\n
        \             ],\r\n              \"destinationPorts\": [\r\n                \"96\"\r\n
        \             ]\r\n            },\r\n            {\r\n              \"name\":
        \"network-rule2\",\r\n              \"protocols\": [\r\n                \"UDP\",\r\n
        \               \"TCP\"\r\n              ],\r\n              \"translatedFqdn\":
        \"server2.internal.com\",\r\n              \"translatedPort\": \"96\",\r\n
        \             \"sourceAddresses\": [\r\n                \"10.0.0.1\",\r\n
        \               \"111.2.0.0/24\"\r\n              ],\r\n              \"sourceIpGroups\":
        [\r\n                \"/subscriptions/00000000-0000-0000-0000-000000000000/resourceGroups/cli_test_azure_firewall_rules_with_ipgroups000001/providers/Microsoft.Network/ipGroups/sourceipgroup\"\r\n
        \             ],\r\n              \"destinationAddresses\": [\r\n                \"12.36.22.15\"\r\n
        \             ],\r\n              \"destinationPorts\": [\r\n                \"97\"\r\n
        \             ]\r\n            }\r\n          ]\r\n        },\r\n        \"type\":
        \"Microsoft.Network/azureFirewalls/natRuleCollections\"\r\n      }\r\n    ]\r\n
        \ }\r\n}"
    headers:
      cache-control:
      - no-cache
      content-length:
      - '6807'
      content-type:
      - application/json; charset=utf-8
      date:
      - Fri, 19 Jun 2020 03:32:10 GMT
      etag:
      - W/"2eb63a0d-0209-43cc-98f2-dc96b47ef057"
      expires:
      - '-1'
      pragma:
      - no-cache
      server:
      - Microsoft-HTTPAPI/2.0
      - Microsoft-HTTPAPI/2.0
      strict-transport-security:
      - max-age=31536000; includeSubDomains
      transfer-encoding:
      - chunked
      vary:
      - Accept-Encoding
      x-content-type-options:
      - nosniff
      x-ms-arm-service-request-id:
      - a973c34f-b98a-49ed-ae04-611eef0803dc
    status:
      code: 200
      message: OK
- request:
    body: null
    headers:
      Accept:
      - application/json
      Accept-Encoding:
      - gzip, deflate
      CommandName:
      - network firewall application-rule create
      Connection:
      - keep-alive
      ParameterSetName:
      - -f -n --protocols -g -c --source-ip-groups --target-fqdns
      User-Agent:
      - python/3.7.4 (Windows-10-10.0.18362-SP0) msrest/0.6.9 msrest_azure/0.6.3 azure-mgmt-network/10.2.0
        Azure-SDK-For-Python AZURECLI/2.7.0
      accept-language:
      - en-US
    method: GET
    uri: https://management.azure.com/subscriptions/00000000-0000-0000-0000-000000000000/resourceGroups/cli_test_azure_firewall_rules_with_ipgroups000001/providers/Microsoft.Network/azureFirewalls/af1?api-version=2020-05-01
  response:
    body:
      string: "{\r\n  \"name\": \"af1\",\r\n  \"id\": \"/subscriptions/00000000-0000-0000-0000-000000000000/resourceGroups/cli_test_azure_firewall_rules_with_ipgroups000001/providers/Microsoft.Network/azureFirewalls/af1\",\r\n
        \ \"etag\": \"W/\\\"2eb63a0d-0209-43cc-98f2-dc96b47ef057\\\"\",\r\n  \"type\":
        \"Microsoft.Network/azureFirewalls\",\r\n  \"location\": \"westus\",\r\n  \"properties\":
        {\r\n    \"provisioningState\": \"Succeeded\",\r\n    \"sku\": {\r\n      \"name\":
        \"AZFW_VNet\",\r\n      \"tier\": \"Standard\"\r\n    },\r\n    \"threatIntelMode\":
        \"Alert\",\r\n    \"additionalProperties\": {\r\n      \"Network.DNS.EnableProxy\":
        \"False\",\r\n      \"Network.DNS.RequireProxyForNetworkRules\": \"True\",\r\n
        \     \"Network.DNS.Servers\": \"\"\r\n    },\r\n    \"ipConfigurations\":
        [],\r\n    \"networkRuleCollections\": [\r\n      {\r\n        \"name\": \"rc1\",\r\n
        \       \"id\": \"/subscriptions/00000000-0000-0000-0000-000000000000/resourceGroups/cli_test_azure_firewall_rules_with_ipgroups000001/providers/Microsoft.Network/azureFirewalls/af1/networkRuleCollections/rc1\",\r\n
        \       \"etag\": \"W/\\\"2eb63a0d-0209-43cc-98f2-dc96b47ef057\\\"\",\r\n
        \       \"properties\": {\r\n          \"provisioningState\": \"Succeeded\",\r\n
        \         \"priority\": 10000,\r\n          \"action\": {\r\n            \"type\":
        \"Allow\"\r\n          },\r\n          \"rules\": [\r\n            {\r\n              \"name\":
        \"network-rule1\",\r\n              \"protocols\": [\r\n                \"UDP\",\r\n
        \               \"TCP\",\r\n                \"ICMP\"\r\n              ],\r\n
        \             \"sourceAddresses\": [],\r\n              \"destinationAddresses\":
        [],\r\n              \"sourceIpGroups\": [\r\n                \"/subscriptions/00000000-0000-0000-0000-000000000000/resourceGroups/cli_test_azure_firewall_rules_with_ipgroups000001/providers/Microsoft.Network/ipGroups/sourceipgroup\"\r\n
        \             ],\r\n              \"destinationIpGroups\": [\r\n                \"/subscriptions/00000000-0000-0000-0000-000000000000/resourceGroups/cli_test_azure_firewall_rules_with_ipgroups000001/providers/Microsoft.Network/ipGroups/destinationipgroup\"\r\n
        \             ],\r\n              \"destinationFqdns\": [],\r\n              \"destinationPorts\":
        [\r\n                \"80\"\r\n              ]\r\n            },\r\n            {\r\n
        \             \"name\": \"network-rule2\",\r\n              \"protocols\":
        [\r\n                \"UDP\",\r\n                \"TCP\"\r\n              ],\r\n
        \             \"sourceAddresses\": [\r\n                \"10.0.0.1\",\r\n
        \               \"111.2.0.0/24\"\r\n              ],\r\n              \"destinationAddresses\":
        [],\r\n              \"sourceIpGroups\": [],\r\n              \"destinationIpGroups\":
        [\r\n                \"/subscriptions/00000000-0000-0000-0000-000000000000/resourceGroups/cli_test_azure_firewall_rules_with_ipgroups000001/providers/Microsoft.Network/ipGroups/destinationipgroup\"\r\n
        \             ],\r\n              \"destinationFqdns\": [],\r\n              \"destinationPorts\":
        [\r\n                \"81\"\r\n              ]\r\n            }\r\n          ]\r\n
        \       },\r\n        \"type\": \"Microsoft.Network/azureFirewalls/networkRuleCollections\"\r\n
        \     }\r\n    ],\r\n    \"applicationRuleCollections\": [\r\n      {\r\n
        \       \"name\": \"rc3\",\r\n        \"id\": \"/subscriptions/00000000-0000-0000-0000-000000000000/resourceGroups/cli_test_azure_firewall_rules_with_ipgroups000001/providers/Microsoft.Network/azureFirewalls/af1/applicationRuleCollections/rc3\",\r\n
        \       \"etag\": \"W/\\\"2eb63a0d-0209-43cc-98f2-dc96b47ef057\\\"\",\r\n
        \       \"properties\": {\r\n          \"provisioningState\": \"Succeeded\",\r\n
        \         \"priority\": 10000,\r\n          \"action\": {\r\n            \"type\":
        \"Allow\"\r\n          },\r\n          \"rules\": [\r\n            {\r\n              \"name\":
        \"app-rule1\",\r\n              \"priority\": 0,\r\n              \"direction\":
        \"Inbound\",\r\n              \"protocols\": [\r\n                {\r\n                  \"protocolType\":
        \"Http\",\r\n                  \"port\": 80\r\n                },\r\n                {\r\n
        \                 \"protocolType\": \"Https\",\r\n                  \"port\":
        8080\r\n                }\r\n              ],\r\n              \"fqdnTags\":
        [],\r\n              \"targetFqdns\": [\r\n                \"www.bing.com\"\r\n
        \             ],\r\n              \"actions\": [],\r\n              \"sourceAddresses\":
        [],\r\n              \"sourceIpGroups\": [\r\n                \"/subscriptions/00000000-0000-0000-0000-000000000000/resourceGroups/cli_test_azure_firewall_rules_with_ipgroups000001/providers/Microsoft.Network/ipGroups/sourceipgroup\"\r\n
        \             ]\r\n            }\r\n          ]\r\n        },\r\n        \"type\":
        \"Microsoft.Network/azureFirewalls/applicationRuleCollections\"\r\n      }\r\n
        \   ],\r\n    \"natRuleCollections\": [\r\n      {\r\n        \"name\": \"rc2\",\r\n
        \       \"id\": \"/subscriptions/00000000-0000-0000-0000-000000000000/resourceGroups/cli_test_azure_firewall_rules_with_ipgroups000001/providers/Microsoft.Network/azureFirewalls/af1/natRuleCollections/rc2\",\r\n
        \       \"etag\": \"W/\\\"2eb63a0d-0209-43cc-98f2-dc96b47ef057\\\"\",\r\n
        \       \"properties\": {\r\n          \"provisioningState\": \"Succeeded\",\r\n
        \         \"priority\": 10001,\r\n          \"action\": {\r\n            \"type\":
        \"Dnat\"\r\n          },\r\n          \"rules\": [\r\n            {\r\n              \"name\":
        \"network-rule1\",\r\n              \"protocols\": [\r\n                \"UDP\",\r\n
        \               \"TCP\"\r\n              ],\r\n              \"translatedFqdn\":
        \"server1.internal.com\",\r\n              \"translatedPort\": \"95\",\r\n
        \             \"sourceAddresses\": [],\r\n              \"sourceIpGroups\":
        [\r\n                \"/subscriptions/00000000-0000-0000-0000-000000000000/resourceGroups/cli_test_azure_firewall_rules_with_ipgroups000001/providers/Microsoft.Network/ipGroups/sourceipgroup\"\r\n
        \             ],\r\n              \"destinationAddresses\": [\r\n                \"12.36.22.14\"\r\n
        \             ],\r\n              \"destinationPorts\": [\r\n                \"96\"\r\n
        \             ]\r\n            },\r\n            {\r\n              \"name\":
        \"network-rule2\",\r\n              \"protocols\": [\r\n                \"UDP\",\r\n
        \               \"TCP\"\r\n              ],\r\n              \"translatedFqdn\":
        \"server2.internal.com\",\r\n              \"translatedPort\": \"96\",\r\n
        \             \"sourceAddresses\": [\r\n                \"10.0.0.1\",\r\n
        \               \"111.2.0.0/24\"\r\n              ],\r\n              \"sourceIpGroups\":
        [\r\n                \"/subscriptions/00000000-0000-0000-0000-000000000000/resourceGroups/cli_test_azure_firewall_rules_with_ipgroups000001/providers/Microsoft.Network/ipGroups/sourceipgroup\"\r\n
        \             ],\r\n              \"destinationAddresses\": [\r\n                \"12.36.22.15\"\r\n
        \             ],\r\n              \"destinationPorts\": [\r\n                \"97\"\r\n
        \             ]\r\n            }\r\n          ]\r\n        },\r\n        \"type\":
        \"Microsoft.Network/azureFirewalls/natRuleCollections\"\r\n      }\r\n    ]\r\n
        \ }\r\n}"
    headers:
      cache-control:
      - no-cache
      content-length:
      - '6807'
      content-type:
      - application/json; charset=utf-8
      date:
      - Fri, 19 Jun 2020 03:32:11 GMT
      etag:
      - W/"2eb63a0d-0209-43cc-98f2-dc96b47ef057"
      expires:
      - '-1'
      pragma:
      - no-cache
      server:
      - Microsoft-HTTPAPI/2.0
      - Microsoft-HTTPAPI/2.0
      strict-transport-security:
      - max-age=31536000; includeSubDomains
      transfer-encoding:
      - chunked
      vary:
      - Accept-Encoding
      x-content-type-options:
      - nosniff
      x-ms-arm-service-request-id:
      - 9b63be91-7dd2-4084-b89a-a58c054f22ed
    status:
      code: 200
      message: OK
- request:
    body: 'b''{"id": "/subscriptions/00000000-0000-0000-0000-000000000000/resourceGroups/cli_test_azure_firewall_rules_with_ipgroups000001/providers/Microsoft.Network/azureFirewalls/af1",
      "location": "westus", "properties": {"applicationRuleCollections": [{"id": "/subscriptions/00000000-0000-0000-0000-000000000000/resourceGroups/cli_test_azure_firewall_rules_with_ipgroups000001/providers/Microsoft.Network/azureFirewalls/af1/applicationRuleCollections/rc3",
      "properties": {"priority": 10000, "action": {"type": "Allow"}, "rules": [{"name":
      "app-rule1", "sourceAddresses": [], "protocols": [{"protocolType": "Http", "port":
      80}, {"protocolType": "Https", "port": 8080}], "targetFqdns": ["www.bing.com"],
      "fqdnTags": [], "sourceIpGroups": ["/subscriptions/00000000-0000-0000-0000-000000000000/resourceGroups/cli_test_azure_firewall_rules_with_ipgroups000001/providers/Microsoft.Network/ipGroups/sourceipgroup"]},
      {"name": "app-rule2", "protocols": [{"protocolType": "Http", "port": 80}, {"protocolType":
      "Https", "port": 8080}], "targetFqdns": ["www.microsoft.com"], "sourceIpGroups":
      ["/subscriptions/00000000-0000-0000-0000-000000000000/resourceGroups/cli_test_azure_firewall_rules_with_ipgroups000001/providers/Microsoft.Network/ipGroups/sourceipgroup"]}]},
      "name": "rc3"}], "natRuleCollections": [{"id": "/subscriptions/00000000-0000-0000-0000-000000000000/resourceGroups/cli_test_azure_firewall_rules_with_ipgroups000001/providers/Microsoft.Network/azureFirewalls/af1/natRuleCollections/rc2",
      "properties": {"priority": 10001, "action": {"type": "Dnat"}, "rules": [{"name":
      "network-rule1", "sourceAddresses": [], "destinationAddresses": ["12.36.22.14"],
      "destinationPorts": ["96"], "protocols": ["UDP", "TCP"], "translatedPort": "95",
      "translatedFqdn": "server1.internal.com", "sourceIpGroups": ["/subscriptions/00000000-0000-0000-0000-000000000000/resourceGroups/cli_test_azure_firewall_rules_with_ipgroups000001/providers/Microsoft.Network/ipGroups/sourceipgroup"]},
      {"name": "network-rule2", "sourceAddresses": ["10.0.0.1", "111.2.0.0/24"], "destinationAddresses":
      ["12.36.22.15"], "destinationPorts": ["97"], "protocols": ["UDP", "TCP"], "translatedPort":
      "96", "translatedFqdn": "server2.internal.com", "sourceIpGroups": ["/subscriptions/00000000-0000-0000-0000-000000000000/resourceGroups/cli_test_azure_firewall_rules_with_ipgroups000001/providers/Microsoft.Network/ipGroups/sourceipgroup"]}]},
      "name": "rc2"}], "networkRuleCollections": [{"id": "/subscriptions/00000000-0000-0000-0000-000000000000/resourceGroups/cli_test_azure_firewall_rules_with_ipgroups000001/providers/Microsoft.Network/azureFirewalls/af1/networkRuleCollections/rc1",
      "properties": {"priority": 10000, "action": {"type": "Allow"}, "rules": [{"name":
      "network-rule1", "protocols": ["UDP", "TCP", "ICMP"], "sourceAddresses": [],
      "destinationAddresses": [], "destinationPorts": ["80"], "destinationFqdns":
      [], "sourceIpGroups": ["/subscriptions/00000000-0000-0000-0000-000000000000/resourceGroups/cli_test_azure_firewall_rules_with_ipgroups000001/providers/Microsoft.Network/ipGroups/sourceipgroup"],
      "destinationIpGroups": ["/subscriptions/00000000-0000-0000-0000-000000000000/resourceGroups/cli_test_azure_firewall_rules_with_ipgroups000001/providers/Microsoft.Network/ipGroups/destinationipgroup"]},
      {"name": "network-rule2", "protocols": ["UDP", "TCP"], "sourceAddresses": ["10.0.0.1",
      "111.2.0.0/24"], "destinationAddresses": [], "destinationPorts": ["81"], "destinationFqdns":
      [], "sourceIpGroups": [], "destinationIpGroups": ["/subscriptions/00000000-0000-0000-0000-000000000000/resourceGroups/cli_test_azure_firewall_rules_with_ipgroups000001/providers/Microsoft.Network/ipGroups/destinationipgroup"]}]},
      "name": "rc1"}], "ipConfigurations": [], "threatIntelMode": "Alert", "sku":
      {"name": "AZFW_VNet", "tier": "Standard"}, "additionalProperties": {"Network.DNS.EnableProxy":
      "False", "Network.DNS.RequireProxyForNetworkRules": "True", "Network.DNS.Servers":
      ""}}}'''
    headers:
      Accept:
      - application/json
      Accept-Encoding:
      - gzip, deflate
      CommandName:
      - network firewall application-rule create
      Connection:
      - keep-alive
      Content-Length:
      - '4227'
      Content-Type:
      - application/json; charset=utf-8
      ParameterSetName:
      - -f -n --protocols -g -c --source-ip-groups --target-fqdns
      User-Agent:
      - python/3.7.4 (Windows-10-10.0.18362-SP0) msrest/0.6.9 msrest_azure/0.6.3 azure-mgmt-network/10.2.0
        Azure-SDK-For-Python AZURECLI/2.7.0
      accept-language:
      - en-US
    method: PUT
    uri: https://management.azure.com/subscriptions/00000000-0000-0000-0000-000000000000/resourceGroups/cli_test_azure_firewall_rules_with_ipgroups000001/providers/Microsoft.Network/azureFirewalls/af1?api-version=2020-05-01
  response:
    body:
      string: "{\r\n  \"name\": \"af1\",\r\n  \"id\": \"/subscriptions/00000000-0000-0000-0000-000000000000/resourceGroups/cli_test_azure_firewall_rules_with_ipgroups000001/providers/Microsoft.Network/azureFirewalls/af1\",\r\n
        \ \"etag\": \"W/\\\"336d4a45-5393-436c-b3b2-8f70ccad6189\\\"\",\r\n  \"type\":
        \"Microsoft.Network/azureFirewalls\",\r\n  \"location\": \"westus\",\r\n  \"properties\":
        {\r\n    \"provisioningState\": \"Updating\",\r\n    \"sku\": {\r\n      \"name\":
        \"AZFW_VNet\",\r\n      \"tier\": \"Standard\"\r\n    },\r\n    \"threatIntelMode\":
        \"Alert\",\r\n    \"additionalProperties\": {\r\n      \"Network.DNS.EnableProxy\":
        \"False\",\r\n      \"Network.DNS.RequireProxyForNetworkRules\": \"True\",\r\n
        \     \"Network.DNS.Servers\": \"\"\r\n    },\r\n    \"ipConfigurations\":
        [],\r\n    \"networkRuleCollections\": [\r\n      {\r\n        \"name\": \"rc1\",\r\n
        \       \"id\": \"/subscriptions/00000000-0000-0000-0000-000000000000/resourceGroups/cli_test_azure_firewall_rules_with_ipgroups000001/providers/Microsoft.Network/azureFirewalls/af1/networkRuleCollections/rc1\",\r\n
        \       \"etag\": \"W/\\\"336d4a45-5393-436c-b3b2-8f70ccad6189\\\"\",\r\n
        \       \"properties\": {\r\n          \"provisioningState\": \"Updating\",\r\n
        \         \"priority\": 10000,\r\n          \"action\": {\r\n            \"type\":
        \"Allow\"\r\n          },\r\n          \"rules\": [\r\n            {\r\n              \"name\":
        \"network-rule1\",\r\n              \"protocols\": [\r\n                \"UDP\",\r\n
        \               \"TCP\",\r\n                \"ICMP\"\r\n              ],\r\n
        \             \"sourceAddresses\": [],\r\n              \"destinationAddresses\":
        [],\r\n              \"sourceIpGroups\": [\r\n                \"/subscriptions/00000000-0000-0000-0000-000000000000/resourceGroups/cli_test_azure_firewall_rules_with_ipgroups000001/providers/Microsoft.Network/ipGroups/sourceipgroup\"\r\n
        \             ],\r\n              \"destinationIpGroups\": [\r\n                \"/subscriptions/00000000-0000-0000-0000-000000000000/resourceGroups/cli_test_azure_firewall_rules_with_ipgroups000001/providers/Microsoft.Network/ipGroups/destinationipgroup\"\r\n
        \             ],\r\n              \"destinationFqdns\": [],\r\n              \"destinationPorts\":
        [\r\n                \"80\"\r\n              ]\r\n            },\r\n            {\r\n
        \             \"name\": \"network-rule2\",\r\n              \"protocols\":
        [\r\n                \"UDP\",\r\n                \"TCP\"\r\n              ],\r\n
        \             \"sourceAddresses\": [\r\n                \"10.0.0.1\",\r\n
        \               \"111.2.0.0/24\"\r\n              ],\r\n              \"destinationAddresses\":
        [],\r\n              \"sourceIpGroups\": [],\r\n              \"destinationIpGroups\":
        [\r\n                \"/subscriptions/00000000-0000-0000-0000-000000000000/resourceGroups/cli_test_azure_firewall_rules_with_ipgroups000001/providers/Microsoft.Network/ipGroups/destinationipgroup\"\r\n
        \             ],\r\n              \"destinationFqdns\": [],\r\n              \"destinationPorts\":
        [\r\n                \"81\"\r\n              ]\r\n            }\r\n          ]\r\n
        \       },\r\n        \"type\": \"Microsoft.Network/azureFirewalls/networkRuleCollections\"\r\n
        \     }\r\n    ],\r\n    \"applicationRuleCollections\": [\r\n      {\r\n
        \       \"name\": \"rc3\",\r\n        \"id\": \"/subscriptions/00000000-0000-0000-0000-000000000000/resourceGroups/cli_test_azure_firewall_rules_with_ipgroups000001/providers/Microsoft.Network/azureFirewalls/af1/applicationRuleCollections/rc3\",\r\n
        \       \"etag\": \"W/\\\"336d4a45-5393-436c-b3b2-8f70ccad6189\\\"\",\r\n
        \       \"properties\": {\r\n          \"provisioningState\": \"Updating\",\r\n
        \         \"priority\": 10000,\r\n          \"action\": {\r\n            \"type\":
        \"Allow\"\r\n          },\r\n          \"rules\": [\r\n            {\r\n              \"name\":
        \"app-rule1\",\r\n              \"priority\": 0,\r\n              \"direction\":
        \"Inbound\",\r\n              \"protocols\": [\r\n                {\r\n                  \"protocolType\":
        \"Http\",\r\n                  \"port\": 80\r\n                },\r\n                {\r\n
        \                 \"protocolType\": \"Https\",\r\n                  \"port\":
        8080\r\n                }\r\n              ],\r\n              \"fqdnTags\":
        [],\r\n              \"targetFqdns\": [\r\n                \"www.bing.com\"\r\n
        \             ],\r\n              \"actions\": [],\r\n              \"sourceAddresses\":
        [],\r\n              \"sourceIpGroups\": [\r\n                \"/subscriptions/00000000-0000-0000-0000-000000000000/resourceGroups/cli_test_azure_firewall_rules_with_ipgroups000001/providers/Microsoft.Network/ipGroups/sourceipgroup\"\r\n
        \             ]\r\n            },\r\n            {\r\n              \"name\":
        \"app-rule2\",\r\n              \"priority\": 0,\r\n              \"direction\":
        \"Inbound\",\r\n              \"protocols\": [\r\n                {\r\n                  \"protocolType\":
        \"Http\",\r\n                  \"port\": 80\r\n                },\r\n                {\r\n
        \                 \"protocolType\": \"Https\",\r\n                  \"port\":
        8080\r\n                }\r\n              ],\r\n              \"fqdnTags\":
        [],\r\n              \"targetFqdns\": [\r\n                \"www.microsoft.com\"\r\n
        \             ],\r\n              \"actions\": [],\r\n              \"sourceAddresses\":
        [],\r\n              \"sourceIpGroups\": [\r\n                \"/subscriptions/00000000-0000-0000-0000-000000000000/resourceGroups/cli_test_azure_firewall_rules_with_ipgroups000001/providers/Microsoft.Network/ipGroups/sourceipgroup\"\r\n
        \             ]\r\n            }\r\n          ]\r\n        },\r\n        \"type\":
        \"Microsoft.Network/azureFirewalls/applicationRuleCollections\"\r\n      }\r\n
        \   ],\r\n    \"natRuleCollections\": [\r\n      {\r\n        \"name\": \"rc2\",\r\n
        \       \"id\": \"/subscriptions/00000000-0000-0000-0000-000000000000/resourceGroups/cli_test_azure_firewall_rules_with_ipgroups000001/providers/Microsoft.Network/azureFirewalls/af1/natRuleCollections/rc2\",\r\n
        \       \"etag\": \"W/\\\"336d4a45-5393-436c-b3b2-8f70ccad6189\\\"\",\r\n
        \       \"properties\": {\r\n          \"provisioningState\": \"Updating\",\r\n
        \         \"priority\": 10001,\r\n          \"action\": {\r\n            \"type\":
        \"Dnat\"\r\n          },\r\n          \"rules\": [\r\n            {\r\n              \"name\":
        \"network-rule1\",\r\n              \"protocols\": [\r\n                \"UDP\",\r\n
        \               \"TCP\"\r\n              ],\r\n              \"translatedFqdn\":
        \"server1.internal.com\",\r\n              \"translatedPort\": \"95\",\r\n
        \             \"sourceAddresses\": [],\r\n              \"sourceIpGroups\":
        [\r\n                \"/subscriptions/00000000-0000-0000-0000-000000000000/resourceGroups/cli_test_azure_firewall_rules_with_ipgroups000001/providers/Microsoft.Network/ipGroups/sourceipgroup\"\r\n
        \             ],\r\n              \"destinationAddresses\": [\r\n                \"12.36.22.14\"\r\n
        \             ],\r\n              \"destinationPorts\": [\r\n                \"96\"\r\n
        \             ]\r\n            },\r\n            {\r\n              \"name\":
        \"network-rule2\",\r\n              \"protocols\": [\r\n                \"UDP\",\r\n
        \               \"TCP\"\r\n              ],\r\n              \"translatedFqdn\":
        \"server2.internal.com\",\r\n              \"translatedPort\": \"96\",\r\n
        \             \"sourceAddresses\": [\r\n                \"10.0.0.1\",\r\n
        \               \"111.2.0.0/24\"\r\n              ],\r\n              \"sourceIpGroups\":
        [\r\n                \"/subscriptions/00000000-0000-0000-0000-000000000000/resourceGroups/cli_test_azure_firewall_rules_with_ipgroups000001/providers/Microsoft.Network/ipGroups/sourceipgroup\"\r\n
        \             ],\r\n              \"destinationAddresses\": [\r\n                \"12.36.22.15\"\r\n
        \             ],\r\n              \"destinationPorts\": [\r\n                \"97\"\r\n
        \             ]\r\n            }\r\n          ]\r\n        },\r\n        \"type\":
        \"Microsoft.Network/azureFirewalls/natRuleCollections\"\r\n      }\r\n    ]\r\n
        \ }\r\n}"
    headers:
      azure-asyncoperation:
      - https://management.azure.com/subscriptions/00000000-0000-0000-0000-000000000000/providers/Microsoft.Network/locations/westus/operations/b43cf1e3-b493-40ab-9468-5d3731e90bcd?api-version=2020-05-01
      cache-control:
      - no-cache
      content-length:
      - '7664'
      content-type:
      - application/json; charset=utf-8
      date:
      - Fri, 19 Jun 2020 03:32:12 GMT
      expires:
      - '-1'
      pragma:
      - no-cache
      server:
      - Microsoft-HTTPAPI/2.0
      - Microsoft-HTTPAPI/2.0
      strict-transport-security:
      - max-age=31536000; includeSubDomains
      transfer-encoding:
      - chunked
      vary:
      - Accept-Encoding
      x-content-type-options:
      - nosniff
      x-ms-arm-service-request-id:
      - 6454a4fb-6c77-4d8f-bd7f-aa7b36dfd2fc
      x-ms-ratelimit-remaining-subscription-writes:
      - '1199'
    status:
      code: 200
      message: OK
- request:
    body: null
    headers:
      Accept:
      - application/json
      Accept-Encoding:
      - gzip, deflate
      CommandName:
      - network firewall application-rule create
      Connection:
      - keep-alive
      ParameterSetName:
      - -f -n --protocols -g -c --source-ip-groups --target-fqdns
      User-Agent:
      - python/3.7.4 (Windows-10-10.0.18362-SP0) msrest/0.6.9 msrest_azure/0.6.3 azure-mgmt-network/10.2.0
        Azure-SDK-For-Python AZURECLI/2.7.0
    method: GET
    uri: https://management.azure.com/subscriptions/00000000-0000-0000-0000-000000000000/providers/Microsoft.Network/locations/westus/operations/b43cf1e3-b493-40ab-9468-5d3731e90bcd?api-version=2020-05-01
  response:
    body:
      string: "{\r\n  \"status\": \"Succeeded\"\r\n}"
    headers:
      cache-control:
      - no-cache
      content-length:
      - '29'
      content-type:
      - application/json; charset=utf-8
      date:
      - Fri, 19 Jun 2020 03:32:23 GMT
      expires:
      - '-1'
      pragma:
      - no-cache
      server:
      - Microsoft-HTTPAPI/2.0
      - Microsoft-HTTPAPI/2.0
      strict-transport-security:
      - max-age=31536000; includeSubDomains
      transfer-encoding:
      - chunked
      vary:
      - Accept-Encoding
      x-content-type-options:
      - nosniff
      x-ms-arm-service-request-id:
      - 017166f7-4db7-4af8-83cf-20d93f3c7551
    status:
      code: 200
      message: OK
- request:
    body: null
    headers:
      Accept:
      - application/json
      Accept-Encoding:
      - gzip, deflate
      CommandName:
      - network firewall application-rule create
      Connection:
      - keep-alive
      ParameterSetName:
      - -f -n --protocols -g -c --source-ip-groups --target-fqdns
      User-Agent:
      - python/3.7.4 (Windows-10-10.0.18362-SP0) msrest/0.6.9 msrest_azure/0.6.3 azure-mgmt-network/10.2.0
        Azure-SDK-For-Python AZURECLI/2.7.0
    method: GET
    uri: https://management.azure.com/subscriptions/00000000-0000-0000-0000-000000000000/resourceGroups/cli_test_azure_firewall_rules_with_ipgroups000001/providers/Microsoft.Network/azureFirewalls/af1?api-version=2020-05-01
  response:
    body:
      string: "{\r\n  \"name\": \"af1\",\r\n  \"id\": \"/subscriptions/00000000-0000-0000-0000-000000000000/resourceGroups/cli_test_azure_firewall_rules_with_ipgroups000001/providers/Microsoft.Network/azureFirewalls/af1\",\r\n
        \ \"etag\": \"W/\\\"068878cf-496a-4df1-a375-e582931bfb65\\\"\",\r\n  \"type\":
        \"Microsoft.Network/azureFirewalls\",\r\n  \"location\": \"westus\",\r\n  \"properties\":
        {\r\n    \"provisioningState\": \"Succeeded\",\r\n    \"sku\": {\r\n      \"name\":
        \"AZFW_VNet\",\r\n      \"tier\": \"Standard\"\r\n    },\r\n    \"threatIntelMode\":
        \"Alert\",\r\n    \"additionalProperties\": {\r\n      \"Network.DNS.EnableProxy\":
        \"False\",\r\n      \"Network.DNS.RequireProxyForNetworkRules\": \"True\",\r\n
        \     \"Network.DNS.Servers\": \"\"\r\n    },\r\n    \"ipConfigurations\":
        [],\r\n    \"networkRuleCollections\": [\r\n      {\r\n        \"name\": \"rc1\",\r\n
        \       \"id\": \"/subscriptions/00000000-0000-0000-0000-000000000000/resourceGroups/cli_test_azure_firewall_rules_with_ipgroups000001/providers/Microsoft.Network/azureFirewalls/af1/networkRuleCollections/rc1\",\r\n
        \       \"etag\": \"W/\\\"068878cf-496a-4df1-a375-e582931bfb65\\\"\",\r\n
        \       \"properties\": {\r\n          \"provisioningState\": \"Succeeded\",\r\n
        \         \"priority\": 10000,\r\n          \"action\": {\r\n            \"type\":
        \"Allow\"\r\n          },\r\n          \"rules\": [\r\n            {\r\n              \"name\":
        \"network-rule1\",\r\n              \"protocols\": [\r\n                \"UDP\",\r\n
        \               \"TCP\",\r\n                \"ICMP\"\r\n              ],\r\n
        \             \"sourceAddresses\": [],\r\n              \"destinationAddresses\":
        [],\r\n              \"sourceIpGroups\": [\r\n                \"/subscriptions/00000000-0000-0000-0000-000000000000/resourceGroups/cli_test_azure_firewall_rules_with_ipgroups000001/providers/Microsoft.Network/ipGroups/sourceipgroup\"\r\n
        \             ],\r\n              \"destinationIpGroups\": [\r\n                \"/subscriptions/00000000-0000-0000-0000-000000000000/resourceGroups/cli_test_azure_firewall_rules_with_ipgroups000001/providers/Microsoft.Network/ipGroups/destinationipgroup\"\r\n
        \             ],\r\n              \"destinationFqdns\": [],\r\n              \"destinationPorts\":
        [\r\n                \"80\"\r\n              ]\r\n            },\r\n            {\r\n
        \             \"name\": \"network-rule2\",\r\n              \"protocols\":
        [\r\n                \"UDP\",\r\n                \"TCP\"\r\n              ],\r\n
        \             \"sourceAddresses\": [\r\n                \"10.0.0.1\",\r\n
        \               \"111.2.0.0/24\"\r\n              ],\r\n              \"destinationAddresses\":
        [],\r\n              \"sourceIpGroups\": [],\r\n              \"destinationIpGroups\":
        [\r\n                \"/subscriptions/00000000-0000-0000-0000-000000000000/resourceGroups/cli_test_azure_firewall_rules_with_ipgroups000001/providers/Microsoft.Network/ipGroups/destinationipgroup\"\r\n
        \             ],\r\n              \"destinationFqdns\": [],\r\n              \"destinationPorts\":
        [\r\n                \"81\"\r\n              ]\r\n            }\r\n          ]\r\n
        \       },\r\n        \"type\": \"Microsoft.Network/azureFirewalls/networkRuleCollections\"\r\n
        \     }\r\n    ],\r\n    \"applicationRuleCollections\": [\r\n      {\r\n
        \       \"name\": \"rc3\",\r\n        \"id\": \"/subscriptions/00000000-0000-0000-0000-000000000000/resourceGroups/cli_test_azure_firewall_rules_with_ipgroups000001/providers/Microsoft.Network/azureFirewalls/af1/applicationRuleCollections/rc3\",\r\n
        \       \"etag\": \"W/\\\"068878cf-496a-4df1-a375-e582931bfb65\\\"\",\r\n
        \       \"properties\": {\r\n          \"provisioningState\": \"Succeeded\",\r\n
        \         \"priority\": 10000,\r\n          \"action\": {\r\n            \"type\":
        \"Allow\"\r\n          },\r\n          \"rules\": [\r\n            {\r\n              \"name\":
        \"app-rule1\",\r\n              \"priority\": 0,\r\n              \"direction\":
        \"Inbound\",\r\n              \"protocols\": [\r\n                {\r\n                  \"protocolType\":
        \"Http\",\r\n                  \"port\": 80\r\n                },\r\n                {\r\n
        \                 \"protocolType\": \"Https\",\r\n                  \"port\":
        8080\r\n                }\r\n              ],\r\n              \"fqdnTags\":
        [],\r\n              \"targetFqdns\": [\r\n                \"www.bing.com\"\r\n
        \             ],\r\n              \"actions\": [],\r\n              \"sourceAddresses\":
        [],\r\n              \"sourceIpGroups\": [\r\n                \"/subscriptions/00000000-0000-0000-0000-000000000000/resourceGroups/cli_test_azure_firewall_rules_with_ipgroups000001/providers/Microsoft.Network/ipGroups/sourceipgroup\"\r\n
        \             ]\r\n            },\r\n            {\r\n              \"name\":
        \"app-rule2\",\r\n              \"priority\": 0,\r\n              \"direction\":
        \"Inbound\",\r\n              \"protocols\": [\r\n                {\r\n                  \"protocolType\":
        \"Http\",\r\n                  \"port\": 80\r\n                },\r\n                {\r\n
        \                 \"protocolType\": \"Https\",\r\n                  \"port\":
        8080\r\n                }\r\n              ],\r\n              \"fqdnTags\":
        [],\r\n              \"targetFqdns\": [\r\n                \"www.microsoft.com\"\r\n
        \             ],\r\n              \"actions\": [],\r\n              \"sourceAddresses\":
        [],\r\n              \"sourceIpGroups\": [\r\n                \"/subscriptions/00000000-0000-0000-0000-000000000000/resourceGroups/cli_test_azure_firewall_rules_with_ipgroups000001/providers/Microsoft.Network/ipGroups/sourceipgroup\"\r\n
        \             ]\r\n            }\r\n          ]\r\n        },\r\n        \"type\":
        \"Microsoft.Network/azureFirewalls/applicationRuleCollections\"\r\n      }\r\n
        \   ],\r\n    \"natRuleCollections\": [\r\n      {\r\n        \"name\": \"rc2\",\r\n
        \       \"id\": \"/subscriptions/00000000-0000-0000-0000-000000000000/resourceGroups/cli_test_azure_firewall_rules_with_ipgroups000001/providers/Microsoft.Network/azureFirewalls/af1/natRuleCollections/rc2\",\r\n
        \       \"etag\": \"W/\\\"068878cf-496a-4df1-a375-e582931bfb65\\\"\",\r\n
        \       \"properties\": {\r\n          \"provisioningState\": \"Succeeded\",\r\n
        \         \"priority\": 10001,\r\n          \"action\": {\r\n            \"type\":
        \"Dnat\"\r\n          },\r\n          \"rules\": [\r\n            {\r\n              \"name\":
        \"network-rule1\",\r\n              \"protocols\": [\r\n                \"UDP\",\r\n
        \               \"TCP\"\r\n              ],\r\n              \"translatedFqdn\":
        \"server1.internal.com\",\r\n              \"translatedPort\": \"95\",\r\n
        \             \"sourceAddresses\": [],\r\n              \"sourceIpGroups\":
        [\r\n                \"/subscriptions/00000000-0000-0000-0000-000000000000/resourceGroups/cli_test_azure_firewall_rules_with_ipgroups000001/providers/Microsoft.Network/ipGroups/sourceipgroup\"\r\n
        \             ],\r\n              \"destinationAddresses\": [\r\n                \"12.36.22.14\"\r\n
        \             ],\r\n              \"destinationPorts\": [\r\n                \"96\"\r\n
        \             ]\r\n            },\r\n            {\r\n              \"name\":
        \"network-rule2\",\r\n              \"protocols\": [\r\n                \"UDP\",\r\n
        \               \"TCP\"\r\n              ],\r\n              \"translatedFqdn\":
        \"server2.internal.com\",\r\n              \"translatedPort\": \"96\",\r\n
        \             \"sourceAddresses\": [\r\n                \"10.0.0.1\",\r\n
        \               \"111.2.0.0/24\"\r\n              ],\r\n              \"sourceIpGroups\":
        [\r\n                \"/subscriptions/00000000-0000-0000-0000-000000000000/resourceGroups/cli_test_azure_firewall_rules_with_ipgroups000001/providers/Microsoft.Network/ipGroups/sourceipgroup\"\r\n
        \             ],\r\n              \"destinationAddresses\": [\r\n                \"12.36.22.15\"\r\n
        \             ],\r\n              \"destinationPorts\": [\r\n                \"97\"\r\n
        \             ]\r\n            }\r\n          ]\r\n        },\r\n        \"type\":
        \"Microsoft.Network/azureFirewalls/natRuleCollections\"\r\n      }\r\n    ]\r\n
        \ }\r\n}"
    headers:
      cache-control:
      - no-cache
      content-length:
      - '7668'
      content-type:
      - application/json; charset=utf-8
      date:
      - Fri, 19 Jun 2020 03:32:24 GMT
      etag:
      - W/"068878cf-496a-4df1-a375-e582931bfb65"
      expires:
      - '-1'
      pragma:
      - no-cache
      server:
      - Microsoft-HTTPAPI/2.0
      - Microsoft-HTTPAPI/2.0
      strict-transport-security:
      - max-age=31536000; includeSubDomains
      transfer-encoding:
      - chunked
      vary:
      - Accept-Encoding
      x-content-type-options:
      - nosniff
      x-ms-arm-service-request-id:
      - 0ce3df9d-a522-4801-82d2-27b3f15ce7a4
    status:
      code: 200
      message: OK
- request:
    body: null
    headers:
      Accept:
      - application/json
      Accept-Encoding:
      - gzip, deflate
      CommandName:
      - network firewall delete
      Connection:
      - keep-alive
      Content-Length:
      - '0'
      ParameterSetName:
      - -g -n
      User-Agent:
      - python/3.7.4 (Windows-10-10.0.18362-SP0) msrest/0.6.9 msrest_azure/0.6.3 azure-mgmt-network/10.2.0
        Azure-SDK-For-Python AZURECLI/2.7.0
      accept-language:
      - en-US
    method: DELETE
    uri: https://management.azure.com/subscriptions/00000000-0000-0000-0000-000000000000/resourceGroups/cli_test_azure_firewall_rules_with_ipgroups000001/providers/Microsoft.Network/azureFirewalls/af1?api-version=2020-05-01
  response:
    body:
      string: ''
    headers:
      azure-asyncnotification:
      - Enabled
      azure-asyncoperation:
      - https://management.azure.com/subscriptions/00000000-0000-0000-0000-000000000000/providers/Microsoft.Network/locations/westus/operations/04220524-d714-40dd-a753-dc741da66d68?api-version=2020-05-01
      cache-control:
      - no-cache
      content-length:
      - '0'
      date:
      - Fri, 19 Jun 2020 03:32:26 GMT
      expires:
      - '-1'
      location:
      - https://management.azure.com/subscriptions/00000000-0000-0000-0000-000000000000/providers/Microsoft.Network/locations/westus/operationResults/04220524-d714-40dd-a753-dc741da66d68?api-version=2020-05-01
      pragma:
      - no-cache
      server:
      - Microsoft-HTTPAPI/2.0
      - Microsoft-HTTPAPI/2.0
      strict-transport-security:
      - max-age=31536000; includeSubDomains
      x-content-type-options:
      - nosniff
      x-ms-arm-service-request-id:
      - b1840705-9196-46d6-8af2-c638dd889ffb
      x-ms-ratelimit-remaining-subscription-deletes:
      - '14999'
    status:
      code: 202
      message: Accepted
- request:
    body: null
    headers:
      Accept:
      - application/json
      Accept-Encoding:
      - gzip, deflate
      CommandName:
      - network firewall delete
      Connection:
      - keep-alive
      ParameterSetName:
      - -g -n
      User-Agent:
      - python/3.7.4 (Windows-10-10.0.18362-SP0) msrest/0.6.9 msrest_azure/0.6.3 azure-mgmt-network/10.2.0
        Azure-SDK-For-Python AZURECLI/2.7.0
    method: GET
    uri: https://management.azure.com/subscriptions/00000000-0000-0000-0000-000000000000/providers/Microsoft.Network/locations/westus/operations/04220524-d714-40dd-a753-dc741da66d68?api-version=2020-05-01
  response:
    body:
      string: "{\r\n  \"status\": \"Succeeded\"\r\n}"
    headers:
      cache-control:
      - no-cache
      content-length:
      - '29'
      content-type:
      - application/json; charset=utf-8
      date:
      - Fri, 19 Jun 2020 03:32:37 GMT
      expires:
      - '-1'
      pragma:
      - no-cache
      server:
      - Microsoft-HTTPAPI/2.0
      - Microsoft-HTTPAPI/2.0
      strict-transport-security:
      - max-age=31536000; includeSubDomains
      transfer-encoding:
      - chunked
      vary:
      - Accept-Encoding
      x-content-type-options:
      - nosniff
      x-ms-arm-service-request-id:
      - 71601679-dd38-4bb3-a601-0aefeb486167
    status:
      code: 200
      message: OK
version: 1
