interactions:
- request:
    body: null
    headers:
      Accept:
      - application/json
      Accept-Encoding:
      - gzip, deflate
      CommandName:
      - network firewall create
      Connection:
      - keep-alive
      ParameterSetName:
      - -g -n
      User-Agent:
      - python/3.7.4 (Linux-4.15.0-112-generic-x86_64-with-debian-buster-sid) msrest/0.6.18
        msrest_azure/0.6.3 azure-mgmt-resource/10.2.0 Azure-SDK-For-Python AZURECLI/2.14.0
      accept-language:
      - en-US
    method: GET
    uri: https://management.azure.com/subscriptions/00000000-0000-0000-0000-000000000000/resourcegroups/cli_test_azure_firewall_management_ip_config000001?api-version=2020-06-01
  response:
    body:
      string: '{"id":"/subscriptions/00000000-0000-0000-0000-000000000000/resourceGroups/cli_test_azure_firewall_management_ip_config000001","name":"cli_test_azure_firewall_management_ip_config000001","type":"Microsoft.Resources/resourceGroups","location":"westus","tags":{"product":"azurecli","cause":"automation","date":"2020-11-06T09:43:16Z"},"properties":{"provisioningState":"Succeeded"}}'
    headers:
      cache-control:
      - no-cache
      content-length:
      - '428'
      content-type:
      - application/json; charset=utf-8
      date:
      - Fri, 06 Nov 2020 09:43:19 GMT
      expires:
      - '-1'
      pragma:
      - no-cache
      strict-transport-security:
      - max-age=31536000; includeSubDomains
      vary:
      - Accept-Encoding
      x-content-type-options:
      - nosniff
    status:
      code: 200
      message: OK
- request:
    body: '{"location": "westus", "properties": {"additionalProperties": {}}}'
    headers:
      Accept:
      - application/json
      Accept-Encoding:
      - gzip, deflate
      CommandName:
      - network firewall create
      Connection:
      - keep-alive
      Content-Length:
      - '66'
      Content-Type:
      - application/json; charset=utf-8
      ParameterSetName:
      - -g -n
      User-Agent:
      - python/3.7.4 (Linux-4.15.0-112-generic-x86_64-with-debian-buster-sid) msrest/0.6.18
        msrest_azure/0.6.3 azure-mgmt-network/13.0.0 Azure-SDK-For-Python AZURECLI/2.14.0
      accept-language:
      - en-US
    method: PUT
    uri: https://management.azure.com/subscriptions/00000000-0000-0000-0000-000000000000/resourceGroups/cli_test_azure_firewall_management_ip_config000001/providers/Microsoft.Network/azureFirewalls/af1?api-version=2020-07-01
  response:
    body:
      string: "{\r\n  \"name\": \"af1\",\r\n  \"id\": \"/subscriptions/00000000-0000-0000-0000-000000000000/resourceGroups/cli_test_azure_firewall_management_ip_config000001/providers/Microsoft.Network/azureFirewalls/af1\"\
        ,\r\n  \"etag\": \"W/\\\"6cd541e0-6846-426b-9208-7b8fb39e101e\\\"\",\r\n \
        \ \"type\": \"Microsoft.Network/azureFirewalls\",\r\n  \"location\": \"westus\"\
        ,\r\n  \"properties\": {\r\n    \"provisioningState\": \"Updating\",\r\n \
        \   \"sku\": {\r\n      \"name\": \"AZFW_VNet\",\r\n      \"tier\": \"Standard\"\
        \r\n    },\r\n    \"threatIntelMode\": \"Alert\",\r\n    \"additionalProperties\"\
        : {},\r\n    \"ipConfigurations\": [],\r\n    \"networkRuleCollections\":\
        \ [],\r\n    \"applicationRuleCollections\": [],\r\n    \"natRuleCollections\"\
        : []\r\n  }\r\n}"
    headers:
      azure-asyncnotification:
      - Enabled
      azure-asyncoperation:
      - https://management.azure.com/subscriptions/00000000-0000-0000-0000-000000000000/providers/Microsoft.Network/locations/westus/operations/62edb8ec-c0e6-403c-a89f-7c568b39b55c?api-version=2020-07-01
      cache-control:
      - no-cache
      content-length:
      - '690'
      content-type:
      - application/json; charset=utf-8
      date:
      - Fri, 06 Nov 2020 09:43:25 GMT
      expires:
      - '-1'
      pragma:
      - no-cache
      server:
      - Microsoft-HTTPAPI/2.0
      - Microsoft-HTTPAPI/2.0
      strict-transport-security:
      - max-age=31536000; includeSubDomains
      x-content-type-options:
      - nosniff
      x-ms-arm-service-request-id:
      - a8698161-09ca-4283-8f43-60d196352364
      x-ms-ratelimit-remaining-subscription-writes:
      - '1198'
    status:
      code: 201
      message: Created
- request:
    body: null
    headers:
      Accept:
      - application/json
      Accept-Encoding:
      - gzip, deflate
      CommandName:
      - network firewall create
      Connection:
      - keep-alive
      ParameterSetName:
      - -g -n
      User-Agent:
      - python/3.7.4 (Linux-4.15.0-112-generic-x86_64-with-debian-buster-sid) msrest/0.6.18
        msrest_azure/0.6.3 azure-mgmt-network/13.0.0 Azure-SDK-For-Python AZURECLI/2.14.0
    method: GET
    uri: https://management.azure.com/subscriptions/00000000-0000-0000-0000-000000000000/providers/Microsoft.Network/locations/westus/operations/62edb8ec-c0e6-403c-a89f-7c568b39b55c?api-version=2020-07-01
  response:
    body:
      string: "{\r\n  \"status\": \"Succeeded\"\r\n}"
    headers:
      cache-control:
      - no-cache
      content-length:
      - '29'
      content-type:
      - application/json; charset=utf-8
      date:
      - Fri, 06 Nov 2020 09:43:37 GMT
      expires:
      - '-1'
      pragma:
      - no-cache
      server:
      - Microsoft-HTTPAPI/2.0
      - Microsoft-HTTPAPI/2.0
      strict-transport-security:
      - max-age=31536000; includeSubDomains
      transfer-encoding:
      - chunked
      vary:
      - Accept-Encoding
      x-content-type-options:
      - nosniff
      x-ms-arm-service-request-id:
      - 3c5f3345-431b-48b2-9235-900f42dc4973
    status:
      code: 200
      message: OK
- request:
    body: null
    headers:
      Accept:
      - application/json
      Accept-Encoding:
      - gzip, deflate
      CommandName:
      - network firewall create
      Connection:
      - keep-alive
      ParameterSetName:
      - -g -n
      User-Agent:
      - python/3.7.4 (Linux-4.15.0-112-generic-x86_64-with-debian-buster-sid) msrest/0.6.18
        msrest_azure/0.6.3 azure-mgmt-network/13.0.0 Azure-SDK-For-Python AZURECLI/2.14.0
    method: GET
    uri: https://management.azure.com/subscriptions/00000000-0000-0000-0000-000000000000/resourceGroups/cli_test_azure_firewall_management_ip_config000001/providers/Microsoft.Network/azureFirewalls/af1?api-version=2020-07-01
  response:
    body:
      string: "{\r\n  \"name\": \"af1\",\r\n  \"id\": \"/subscriptions/00000000-0000-0000-0000-000000000000/resourceGroups/cli_test_azure_firewall_management_ip_config000001/providers/Microsoft.Network/azureFirewalls/af1\"\
        ,\r\n  \"etag\": \"W/\\\"0f720860-bc09-41bd-9e6c-9df1175f176f\\\"\",\r\n \
        \ \"type\": \"Microsoft.Network/azureFirewalls\",\r\n  \"location\": \"westus\"\
        ,\r\n  \"properties\": {\r\n    \"provisioningState\": \"Succeeded\",\r\n\
        \    \"sku\": {\r\n      \"name\": \"AZFW_VNet\",\r\n      \"tier\": \"Standard\"\
        \r\n    },\r\n    \"threatIntelMode\": \"Alert\",\r\n    \"additionalProperties\"\
        : {},\r\n    \"ipConfigurations\": [],\r\n    \"networkRuleCollections\":\
        \ [],\r\n    \"applicationRuleCollections\": [],\r\n    \"natRuleCollections\"\
        : []\r\n  }\r\n}"
    headers:
      cache-control:
      - no-cache
      content-length:
      - '691'
      content-type:
      - application/json; charset=utf-8
      date:
      - Fri, 06 Nov 2020 09:43:37 GMT
      etag:
      - W/"0f720860-bc09-41bd-9e6c-9df1175f176f"
      expires:
      - '-1'
      pragma:
      - no-cache
      server:
      - Microsoft-HTTPAPI/2.0
      - Microsoft-HTTPAPI/2.0
      strict-transport-security:
      - max-age=31536000; includeSubDomains
      transfer-encoding:
      - chunked
      vary:
      - Accept-Encoding
      x-content-type-options:
      - nosniff
      x-ms-arm-service-request-id:
      - f46837f5-2ba5-4d75-aa28-0ec79c6d4559
    status:
      code: 200
      message: OK
- request:
    body: null
    headers:
      Accept:
      - application/json
      Accept-Encoding:
      - gzip, deflate
      CommandName:
      - network public-ip create
      Connection:
      - keep-alive
      ParameterSetName:
      - -g -n --sku
      User-Agent:
      - python/3.7.4 (Linux-4.15.0-112-generic-x86_64-with-debian-buster-sid) msrest/0.6.18
        msrest_azure/0.6.3 azure-mgmt-resource/10.2.0 Azure-SDK-For-Python AZURECLI/2.14.0
      accept-language:
      - en-US
    method: GET
    uri: https://management.azure.com/subscriptions/00000000-0000-0000-0000-000000000000/resourcegroups/cli_test_azure_firewall_management_ip_config000001?api-version=2020-06-01
  response:
    body:
      string: '{"id":"/subscriptions/00000000-0000-0000-0000-000000000000/resourceGroups/cli_test_azure_firewall_management_ip_config000001","name":"cli_test_azure_firewall_management_ip_config000001","type":"Microsoft.Resources/resourceGroups","location":"westus","tags":{"product":"azurecli","cause":"automation","date":"2020-11-06T09:43:16Z"},"properties":{"provisioningState":"Succeeded"}}'
    headers:
      cache-control:
      - no-cache
      content-length:
      - '428'
      content-type:
      - application/json; charset=utf-8
      date:
      - Fri, 06 Nov 2020 09:43:39 GMT
      expires:
      - '-1'
      pragma:
      - no-cache
      strict-transport-security:
      - max-age=31536000; includeSubDomains
      vary:
      - Accept-Encoding
      x-content-type-options:
      - nosniff
    status:
      code: 200
      message: OK
- request:
    body: '{"location": "westus", "sku": {"name": "Standard"}, "properties": {"publicIPAllocationMethod":
      "Static", "publicIPAddressVersion": "IPv4", "idleTimeoutInMinutes": 4}}'
    headers:
      Accept:
      - application/json
      Accept-Encoding:
      - gzip, deflate
      CommandName:
      - network public-ip create
      Connection:
      - keep-alive
      Content-Length:
      - '166'
      Content-Type:
      - application/json; charset=utf-8
      ParameterSetName:
      - -g -n --sku
      User-Agent:
      - python/3.7.4 (Linux-4.15.0-112-generic-x86_64-with-debian-buster-sid) msrest/0.6.18
        msrest_azure/0.6.3 azure-mgmt-network/12.0.0 Azure-SDK-For-Python AZURECLI/2.14.0
      accept-language:
      - en-US
    method: PUT
    uri: https://management.azure.com/subscriptions/00000000-0000-0000-0000-000000000000/resourceGroups/cli_test_azure_firewall_management_ip_config000001/providers/Microsoft.Network/publicIPAddresses/pubip?api-version=2020-06-01
  response:
    body:
      string: "{\r\n  \"name\": \"pubip\",\r\n  \"id\": \"/subscriptions/00000000-0000-0000-0000-000000000000/resourceGroups/cli_test_azure_firewall_management_ip_config000001/providers/Microsoft.Network/publicIPAddresses/pubip\"\
        ,\r\n  \"etag\": \"W/\\\"d0f50740-1cf8-46f1-9d2e-9ca4e1c27c85\\\"\",\r\n \
        \ \"location\": \"westus\",\r\n  \"properties\": {\r\n    \"provisioningState\"\
        : \"Updating\",\r\n    \"resourceGuid\": \"47a791f6-000b-4864-804c-b7fd07265a5a\"\
        ,\r\n    \"publicIPAddressVersion\": \"IPv4\",\r\n    \"publicIPAllocationMethod\"\
        : \"Static\",\r\n    \"idleTimeoutInMinutes\": 4,\r\n    \"ipTags\": []\r\n\
        \  },\r\n  \"type\": \"Microsoft.Network/publicIPAddresses\",\r\n  \"sku\"\
        : {\r\n    \"name\": \"Standard\"\r\n  }\r\n}"
    headers:
      azure-asyncnotification:
      - Enabled
      azure-asyncoperation:
      - https://management.azure.com/subscriptions/00000000-0000-0000-0000-000000000000/providers/Microsoft.Network/locations/westus/operations/7171df0e-9f3c-4b16-bd54-063e8618511c?api-version=2020-06-01
      cache-control:
      - no-cache
      content-length:
      - '660'
      content-type:
      - application/json; charset=utf-8
      date:
      - Fri, 06 Nov 2020 09:43:44 GMT
      expires:
      - '-1'
      pragma:
      - no-cache
      server:
      - Microsoft-HTTPAPI/2.0
      - Microsoft-HTTPAPI/2.0
      strict-transport-security:
      - max-age=31536000; includeSubDomains
      x-content-type-options:
      - nosniff
      x-ms-arm-service-request-id:
      - 51dae34f-e96a-4fd7-951a-8e19ebd25272
      x-ms-ratelimit-remaining-subscription-writes:
      - '1194'
    status:
      code: 201
      message: Created
- request:
    body: null
    headers:
      Accept:
      - application/json
      Accept-Encoding:
      - gzip, deflate
      CommandName:
      - network public-ip create
      Connection:
      - keep-alive
      ParameterSetName:
      - -g -n --sku
      User-Agent:
      - python/3.7.4 (Linux-4.15.0-112-generic-x86_64-with-debian-buster-sid) msrest/0.6.18
        msrest_azure/0.6.3 azure-mgmt-network/12.0.0 Azure-SDK-For-Python AZURECLI/2.14.0
    method: GET
    uri: https://management.azure.com/subscriptions/00000000-0000-0000-0000-000000000000/providers/Microsoft.Network/locations/westus/operations/7171df0e-9f3c-4b16-bd54-063e8618511c?api-version=2020-06-01
  response:
    body:
      string: "{\r\n  \"status\": \"Succeeded\"\r\n}"
    headers:
      cache-control:
      - no-cache
      content-length:
      - '29'
      content-type:
      - application/json; charset=utf-8
      date:
      - Fri, 06 Nov 2020 09:43:46 GMT
      expires:
      - '-1'
      pragma:
      - no-cache
      server:
      - Microsoft-HTTPAPI/2.0
      - Microsoft-HTTPAPI/2.0
      strict-transport-security:
      - max-age=31536000; includeSubDomains
      transfer-encoding:
      - chunked
      vary:
      - Accept-Encoding
      x-content-type-options:
      - nosniff
      x-ms-arm-service-request-id:
      - f5ce57e5-42f7-4c8d-9513-307754172010
    status:
      code: 200
      message: OK
- request:
    body: null
    headers:
      Accept:
      - application/json
      Accept-Encoding:
      - gzip, deflate
      CommandName:
      - network public-ip create
      Connection:
      - keep-alive
      ParameterSetName:
      - -g -n --sku
      User-Agent:
      - python/3.7.4 (Linux-4.15.0-112-generic-x86_64-with-debian-buster-sid) msrest/0.6.18
        msrest_azure/0.6.3 azure-mgmt-network/12.0.0 Azure-SDK-For-Python AZURECLI/2.14.0
    method: GET
    uri: https://management.azure.com/subscriptions/00000000-0000-0000-0000-000000000000/resourceGroups/cli_test_azure_firewall_management_ip_config000001/providers/Microsoft.Network/publicIPAddresses/pubip?api-version=2020-06-01
  response:
    body:
      string: "{\r\n  \"name\": \"pubip\",\r\n  \"id\": \"/subscriptions/00000000-0000-0000-0000-000000000000/resourceGroups/cli_test_azure_firewall_management_ip_config000001/providers/Microsoft.Network/publicIPAddresses/pubip\"\
        ,\r\n  \"etag\": \"W/\\\"8c070683-0b88-40d8-b906-52fdbc9ae508\\\"\",\r\n \
        \ \"location\": \"westus\",\r\n  \"properties\": {\r\n    \"provisioningState\"\
        : \"Succeeded\",\r\n    \"resourceGuid\": \"47a791f6-000b-4864-804c-b7fd07265a5a\"\
        ,\r\n    \"ipAddress\": \"13.86.177.19\",\r\n    \"publicIPAddressVersion\"\
        : \"IPv4\",\r\n    \"publicIPAllocationMethod\": \"Static\",\r\n    \"idleTimeoutInMinutes\"\
        : 4,\r\n    \"ipTags\": []\r\n  },\r\n  \"type\": \"Microsoft.Network/publicIPAddresses\"\
        ,\r\n  \"sku\": {\r\n    \"name\": \"Standard\"\r\n  }\r\n}"
    headers:
      cache-control:
      - no-cache
      content-length:
      - '695'
      content-type:
      - application/json; charset=utf-8
      date:
      - Fri, 06 Nov 2020 09:43:47 GMT
      etag:
      - W/"8c070683-0b88-40d8-b906-52fdbc9ae508"
      expires:
      - '-1'
      pragma:
      - no-cache
      server:
      - Microsoft-HTTPAPI/2.0
      - Microsoft-HTTPAPI/2.0
      strict-transport-security:
      - max-age=31536000; includeSubDomains
      transfer-encoding:
      - chunked
      vary:
      - Accept-Encoding
      x-content-type-options:
      - nosniff
      x-ms-arm-service-request-id:
      - 39290785-6efa-420d-a5f1-497d1685abe4
    status:
      code: 200
      message: OK
- request:
    body: null
    headers:
      Accept:
      - application/json
      Accept-Encoding:
      - gzip, deflate
      CommandName:
      - network public-ip create
      Connection:
      - keep-alive
      ParameterSetName:
      - -g -n --sku
      User-Agent:
      - python/3.7.4 (Linux-4.15.0-112-generic-x86_64-with-debian-buster-sid) msrest/0.6.18
        msrest_azure/0.6.3 azure-mgmt-resource/10.2.0 Azure-SDK-For-Python AZURECLI/2.14.0
      accept-language:
      - en-US
    method: GET
    uri: https://management.azure.com/subscriptions/00000000-0000-0000-0000-000000000000/resourcegroups/cli_test_azure_firewall_management_ip_config000001?api-version=2020-06-01
  response:
    body:
      string: '{"id":"/subscriptions/00000000-0000-0000-0000-000000000000/resourceGroups/cli_test_azure_firewall_management_ip_config000001","name":"cli_test_azure_firewall_management_ip_config000001","type":"Microsoft.Resources/resourceGroups","location":"westus","tags":{"product":"azurecli","cause":"automation","date":"2020-11-06T09:43:16Z"},"properties":{"provisioningState":"Succeeded"}}'
    headers:
      cache-control:
      - no-cache
      content-length:
      - '428'
      content-type:
      - application/json; charset=utf-8
      date:
      - Fri, 06 Nov 2020 09:43:47 GMT
      expires:
      - '-1'
      pragma:
      - no-cache
      strict-transport-security:
      - max-age=31536000; includeSubDomains
      vary:
      - Accept-Encoding
      x-content-type-options:
      - nosniff
    status:
      code: 200
      message: OK
- request:
    body: '{"location": "westus", "sku": {"name": "Standard"}, "properties": {"publicIPAllocationMethod":
      "Static", "publicIPAddressVersion": "IPv4", "idleTimeoutInMinutes": 4}}'
    headers:
      Accept:
      - application/json
      Accept-Encoding:
      - gzip, deflate
      CommandName:
      - network public-ip create
      Connection:
      - keep-alive
      Content-Length:
      - '166'
      Content-Type:
      - application/json; charset=utf-8
      ParameterSetName:
      - -g -n --sku
      User-Agent:
      - python/3.7.4 (Linux-4.15.0-112-generic-x86_64-with-debian-buster-sid) msrest/0.6.18
        msrest_azure/0.6.3 azure-mgmt-network/12.0.0 Azure-SDK-For-Python AZURECLI/2.14.0
      accept-language:
      - en-US
    method: PUT
    uri: https://management.azure.com/subscriptions/00000000-0000-0000-0000-000000000000/resourceGroups/cli_test_azure_firewall_management_ip_config000001/providers/Microsoft.Network/publicIPAddresses/pubip2?api-version=2020-06-01
  response:
    body:
      string: "{\r\n  \"name\": \"pubip2\",\r\n  \"id\": \"/subscriptions/00000000-0000-0000-0000-000000000000/resourceGroups/cli_test_azure_firewall_management_ip_config000001/providers/Microsoft.Network/publicIPAddresses/pubip2\"\
        ,\r\n  \"etag\": \"W/\\\"abab8185-4fc3-4db5-b1af-c61a50b09903\\\"\",\r\n \
        \ \"location\": \"westus\",\r\n  \"properties\": {\r\n    \"provisioningState\"\
        : \"Updating\",\r\n    \"resourceGuid\": \"dcac3541-8bc5-4333-ab11-71b7715b1070\"\
        ,\r\n    \"publicIPAddressVersion\": \"IPv4\",\r\n    \"publicIPAllocationMethod\"\
        : \"Static\",\r\n    \"idleTimeoutInMinutes\": 4,\r\n    \"ipTags\": []\r\n\
        \  },\r\n  \"type\": \"Microsoft.Network/publicIPAddresses\",\r\n  \"sku\"\
        : {\r\n    \"name\": \"Standard\"\r\n  }\r\n}"
    headers:
      azure-asyncnotification:
      - Enabled
      azure-asyncoperation:
      - https://management.azure.com/subscriptions/00000000-0000-0000-0000-000000000000/providers/Microsoft.Network/locations/westus/operations/bb33285f-0b35-4c1f-90ce-c87586ea1440?api-version=2020-06-01
      cache-control:
      - no-cache
      content-length:
      - '662'
      content-type:
      - application/json; charset=utf-8
      date:
      - Fri, 06 Nov 2020 09:43:54 GMT
      expires:
      - '-1'
      pragma:
      - no-cache
      server:
      - Microsoft-HTTPAPI/2.0
      - Microsoft-HTTPAPI/2.0
      strict-transport-security:
      - max-age=31536000; includeSubDomains
      x-content-type-options:
      - nosniff
      x-ms-arm-service-request-id:
      - a24c8f7e-9138-4b29-b7e3-8843342b69ac
      x-ms-ratelimit-remaining-subscription-writes:
      - '1192'
    status:
      code: 201
      message: Created
- request:
    body: null
    headers:
      Accept:
      - application/json
      Accept-Encoding:
      - gzip, deflate
      CommandName:
      - network public-ip create
      Connection:
      - keep-alive
      ParameterSetName:
      - -g -n --sku
      User-Agent:
      - python/3.7.4 (Linux-4.15.0-112-generic-x86_64-with-debian-buster-sid) msrest/0.6.18
        msrest_azure/0.6.3 azure-mgmt-network/12.0.0 Azure-SDK-For-Python AZURECLI/2.14.0
    method: GET
    uri: https://management.azure.com/subscriptions/00000000-0000-0000-0000-000000000000/providers/Microsoft.Network/locations/westus/operations/bb33285f-0b35-4c1f-90ce-c87586ea1440?api-version=2020-06-01
  response:
    body:
      string: "{\r\n  \"status\": \"Succeeded\"\r\n}"
    headers:
      cache-control:
      - no-cache
      content-length:
      - '29'
      content-type:
      - application/json; charset=utf-8
      date:
      - Fri, 06 Nov 2020 09:43:56 GMT
      expires:
      - '-1'
      pragma:
      - no-cache
      server:
      - Microsoft-HTTPAPI/2.0
      - Microsoft-HTTPAPI/2.0
      strict-transport-security:
      - max-age=31536000; includeSubDomains
      transfer-encoding:
      - chunked
      vary:
      - Accept-Encoding
      x-content-type-options:
      - nosniff
      x-ms-arm-service-request-id:
      - dff625ad-b585-406c-a717-9536e57468fe
    status:
      code: 200
      message: OK
- request:
    body: null
    headers:
      Accept:
      - application/json
      Accept-Encoding:
      - gzip, deflate
      CommandName:
      - network public-ip create
      Connection:
      - keep-alive
      ParameterSetName:
      - -g -n --sku
      User-Agent:
      - python/3.7.4 (Linux-4.15.0-112-generic-x86_64-with-debian-buster-sid) msrest/0.6.18
        msrest_azure/0.6.3 azure-mgmt-network/12.0.0 Azure-SDK-For-Python AZURECLI/2.14.0
    method: GET
    uri: https://management.azure.com/subscriptions/00000000-0000-0000-0000-000000000000/resourceGroups/cli_test_azure_firewall_management_ip_config000001/providers/Microsoft.Network/publicIPAddresses/pubip2?api-version=2020-06-01
  response:
    body:
      string: "{\r\n  \"name\": \"pubip2\",\r\n  \"id\": \"/subscriptions/00000000-0000-0000-0000-000000000000/resourceGroups/cli_test_azure_firewall_management_ip_config000001/providers/Microsoft.Network/publicIPAddresses/pubip2\"\
        ,\r\n  \"etag\": \"W/\\\"17cbb331-3a54-4d70-ad2a-0930a63620c5\\\"\",\r\n \
        \ \"location\": \"westus\",\r\n  \"properties\": {\r\n    \"provisioningState\"\
        : \"Succeeded\",\r\n    \"resourceGuid\": \"dcac3541-8bc5-4333-ab11-71b7715b1070\"\
        ,\r\n    \"ipAddress\": \"13.86.180.221\",\r\n    \"publicIPAddressVersion\"\
        : \"IPv4\",\r\n    \"publicIPAllocationMethod\": \"Static\",\r\n    \"idleTimeoutInMinutes\"\
        : 4,\r\n    \"ipTags\": []\r\n  },\r\n  \"type\": \"Microsoft.Network/publicIPAddresses\"\
        ,\r\n  \"sku\": {\r\n    \"name\": \"Standard\"\r\n  }\r\n}"
    headers:
      cache-control:
      - no-cache
      content-length:
      - '698'
      content-type:
      - application/json; charset=utf-8
      date:
      - Fri, 06 Nov 2020 09:43:56 GMT
      etag:
      - W/"17cbb331-3a54-4d70-ad2a-0930a63620c5"
      expires:
      - '-1'
      pragma:
      - no-cache
      server:
      - Microsoft-HTTPAPI/2.0
      - Microsoft-HTTPAPI/2.0
      strict-transport-security:
      - max-age=31536000; includeSubDomains
      transfer-encoding:
      - chunked
      vary:
      - Accept-Encoding
      x-content-type-options:
      - nosniff
      x-ms-arm-service-request-id:
      - 43655146-0f5f-4d9f-9029-a879f8119aa1
    status:
      code: 200
      message: OK
- request:
    body: null
    headers:
      Accept:
      - application/json
      Accept-Encoding:
      - gzip, deflate
      CommandName:
      - network public-ip create
      Connection:
      - keep-alive
      ParameterSetName:
      - -g -n --sku
      User-Agent:
      - python/3.7.4 (Linux-4.15.0-112-generic-x86_64-with-debian-buster-sid) msrest/0.6.18
        msrest_azure/0.6.3 azure-mgmt-resource/10.2.0 Azure-SDK-For-Python AZURECLI/2.14.0
      accept-language:
      - en-US
    method: GET
    uri: https://management.azure.com/subscriptions/00000000-0000-0000-0000-000000000000/resourcegroups/cli_test_azure_firewall_management_ip_config000001?api-version=2020-06-01
  response:
    body:
      string: '{"id":"/subscriptions/00000000-0000-0000-0000-000000000000/resourceGroups/cli_test_azure_firewall_management_ip_config000001","name":"cli_test_azure_firewall_management_ip_config000001","type":"Microsoft.Resources/resourceGroups","location":"westus","tags":{"product":"azurecli","cause":"automation","date":"2020-11-06T09:43:16Z"},"properties":{"provisioningState":"Succeeded"}}'
    headers:
      cache-control:
      - no-cache
      content-length:
      - '428'
      content-type:
      - application/json; charset=utf-8
      date:
      - Fri, 06 Nov 2020 09:43:57 GMT
      expires:
      - '-1'
      pragma:
      - no-cache
      strict-transport-security:
      - max-age=31536000; includeSubDomains
      vary:
      - Accept-Encoding
      x-content-type-options:
      - nosniff
    status:
      code: 200
      message: OK
- request:
    body: '{"location": "westus", "sku": {"name": "Standard"}, "properties": {"publicIPAllocationMethod":
      "Static", "publicIPAddressVersion": "IPv4", "idleTimeoutInMinutes": 4}}'
    headers:
      Accept:
      - application/json
      Accept-Encoding:
      - gzip, deflate
      CommandName:
      - network public-ip create
      Connection:
      - keep-alive
      Content-Length:
      - '166'
      Content-Type:
      - application/json; charset=utf-8
      ParameterSetName:
      - -g -n --sku
      User-Agent:
      - python/3.7.4 (Linux-4.15.0-112-generic-x86_64-with-debian-buster-sid) msrest/0.6.18
        msrest_azure/0.6.3 azure-mgmt-network/12.0.0 Azure-SDK-For-Python AZURECLI/2.14.0
      accept-language:
      - en-US
    method: PUT
    uri: https://management.azure.com/subscriptions/00000000-0000-0000-0000-000000000000/resourceGroups/cli_test_azure_firewall_management_ip_config000001/providers/Microsoft.Network/publicIPAddresses/pubip3?api-version=2020-06-01
  response:
    body:
      string: "{\r\n  \"name\": \"pubip3\",\r\n  \"id\": \"/subscriptions/00000000-0000-0000-0000-000000000000/resourceGroups/cli_test_azure_firewall_management_ip_config000001/providers/Microsoft.Network/publicIPAddresses/pubip3\"\
        ,\r\n  \"etag\": \"W/\\\"35894b92-9760-4991-9a0a-ae5ecf2251cb\\\"\",\r\n \
        \ \"location\": \"westus\",\r\n  \"properties\": {\r\n    \"provisioningState\"\
        : \"Updating\",\r\n    \"resourceGuid\": \"c7e6fe15-5627-407d-9943-747de76e3ae7\"\
        ,\r\n    \"publicIPAddressVersion\": \"IPv4\",\r\n    \"publicIPAllocationMethod\"\
        : \"Static\",\r\n    \"idleTimeoutInMinutes\": 4,\r\n    \"ipTags\": []\r\n\
        \  },\r\n  \"type\": \"Microsoft.Network/publicIPAddresses\",\r\n  \"sku\"\
        : {\r\n    \"name\": \"Standard\"\r\n  }\r\n}"
    headers:
      azure-asyncnotification:
      - Enabled
      azure-asyncoperation:
      - https://management.azure.com/subscriptions/00000000-0000-0000-0000-000000000000/providers/Microsoft.Network/locations/westus/operations/a7007bbe-4ae8-42f9-885b-831fd6832821?api-version=2020-06-01
      cache-control:
      - no-cache
      content-length:
      - '662'
      content-type:
      - application/json; charset=utf-8
      date:
      - Fri, 06 Nov 2020 09:44:04 GMT
      expires:
      - '-1'
      pragma:
      - no-cache
      server:
      - Microsoft-HTTPAPI/2.0
      - Microsoft-HTTPAPI/2.0
      strict-transport-security:
      - max-age=31536000; includeSubDomains
      x-content-type-options:
      - nosniff
      x-ms-arm-service-request-id:
      - 3483405b-1076-4dd2-ab68-1b7b5de1b24f
      x-ms-ratelimit-remaining-subscription-writes:
      - '1198'
    status:
      code: 201
      message: Created
- request:
    body: null
    headers:
      Accept:
      - application/json
      Accept-Encoding:
      - gzip, deflate
      CommandName:
      - network public-ip create
      Connection:
      - keep-alive
      ParameterSetName:
      - -g -n --sku
      User-Agent:
      - python/3.7.4 (Linux-4.15.0-112-generic-x86_64-with-debian-buster-sid) msrest/0.6.18
        msrest_azure/0.6.3 azure-mgmt-network/12.0.0 Azure-SDK-For-Python AZURECLI/2.14.0
    method: GET
    uri: https://management.azure.com/subscriptions/00000000-0000-0000-0000-000000000000/providers/Microsoft.Network/locations/westus/operations/a7007bbe-4ae8-42f9-885b-831fd6832821?api-version=2020-06-01
  response:
    body:
      string: "{\r\n  \"status\": \"Succeeded\"\r\n}"
    headers:
      cache-control:
      - no-cache
      content-length:
      - '29'
      content-type:
      - application/json; charset=utf-8
      date:
      - Fri, 06 Nov 2020 09:44:06 GMT
      expires:
      - '-1'
      pragma:
      - no-cache
      server:
      - Microsoft-HTTPAPI/2.0
      - Microsoft-HTTPAPI/2.0
      strict-transport-security:
      - max-age=31536000; includeSubDomains
      transfer-encoding:
      - chunked
      vary:
      - Accept-Encoding
      x-content-type-options:
      - nosniff
      x-ms-arm-service-request-id:
      - d4d4131f-b128-4b0b-b692-35ad7e5de6aa
    status:
      code: 200
      message: OK
- request:
    body: null
    headers:
      Accept:
      - application/json
      Accept-Encoding:
      - gzip, deflate
      CommandName:
      - network public-ip create
      Connection:
      - keep-alive
      ParameterSetName:
      - -g -n --sku
      User-Agent:
      - python/3.7.4 (Linux-4.15.0-112-generic-x86_64-with-debian-buster-sid) msrest/0.6.18
        msrest_azure/0.6.3 azure-mgmt-network/12.0.0 Azure-SDK-For-Python AZURECLI/2.14.0
    method: GET
    uri: https://management.azure.com/subscriptions/00000000-0000-0000-0000-000000000000/resourceGroups/cli_test_azure_firewall_management_ip_config000001/providers/Microsoft.Network/publicIPAddresses/pubip3?api-version=2020-06-01
  response:
    body:
      string: "{\r\n  \"name\": \"pubip3\",\r\n  \"id\": \"/subscriptions/00000000-0000-0000-0000-000000000000/resourceGroups/cli_test_azure_firewall_management_ip_config000001/providers/Microsoft.Network/publicIPAddresses/pubip3\"\
        ,\r\n  \"etag\": \"W/\\\"bd946c2f-e817-4cc4-b018-73d50c81fd27\\\"\",\r\n \
        \ \"location\": \"westus\",\r\n  \"properties\": {\r\n    \"provisioningState\"\
        : \"Succeeded\",\r\n    \"resourceGuid\": \"c7e6fe15-5627-407d-9943-747de76e3ae7\"\
        ,\r\n    \"ipAddress\": \"13.86.180.244\",\r\n    \"publicIPAddressVersion\"\
        : \"IPv4\",\r\n    \"publicIPAllocationMethod\": \"Static\",\r\n    \"idleTimeoutInMinutes\"\
        : 4,\r\n    \"ipTags\": []\r\n  },\r\n  \"type\": \"Microsoft.Network/publicIPAddresses\"\
        ,\r\n  \"sku\": {\r\n    \"name\": \"Standard\"\r\n  }\r\n}"
    headers:
      cache-control:
      - no-cache
      content-length:
      - '698'
      content-type:
      - application/json; charset=utf-8
      date:
      - Fri, 06 Nov 2020 09:44:06 GMT
      etag:
      - W/"bd946c2f-e817-4cc4-b018-73d50c81fd27"
      expires:
      - '-1'
      pragma:
      - no-cache
      server:
      - Microsoft-HTTPAPI/2.0
      - Microsoft-HTTPAPI/2.0
      strict-transport-security:
      - max-age=31536000; includeSubDomains
      transfer-encoding:
      - chunked
      vary:
      - Accept-Encoding
      x-content-type-options:
      - nosniff
      x-ms-arm-service-request-id:
      - ff050e32-3567-4387-b9c7-cdc5a3bd09de
    status:
      code: 200
      message: OK
- request:
    body: null
    headers:
      Accept:
      - application/json
      Accept-Encoding:
      - gzip, deflate
      CommandName:
      - network public-ip create
      Connection:
      - keep-alive
      ParameterSetName:
      - -g -n --sku
      User-Agent:
      - python/3.7.4 (Linux-4.15.0-112-generic-x86_64-with-debian-buster-sid) msrest/0.6.18
        msrest_azure/0.6.3 azure-mgmt-resource/10.2.0 Azure-SDK-For-Python AZURECLI/2.14.0
      accept-language:
      - en-US
    method: GET
    uri: https://management.azure.com/subscriptions/00000000-0000-0000-0000-000000000000/resourcegroups/cli_test_azure_firewall_management_ip_config000001?api-version=2020-06-01
  response:
    body:
      string: '{"id":"/subscriptions/00000000-0000-0000-0000-000000000000/resourceGroups/cli_test_azure_firewall_management_ip_config000001","name":"cli_test_azure_firewall_management_ip_config000001","type":"Microsoft.Resources/resourceGroups","location":"westus","tags":{"product":"azurecli","cause":"automation","date":"2020-11-06T09:43:16Z"},"properties":{"provisioningState":"Succeeded"}}'
    headers:
      cache-control:
      - no-cache
      content-length:
      - '428'
      content-type:
      - application/json; charset=utf-8
      date:
      - Fri, 06 Nov 2020 09:44:06 GMT
      expires:
      - '-1'
      pragma:
      - no-cache
      strict-transport-security:
      - max-age=31536000; includeSubDomains
      vary:
      - Accept-Encoding
      x-content-type-options:
      - nosniff
    status:
      code: 200
      message: OK
- request:
    body: '{"location": "westus", "sku": {"name": "Standard"}, "properties": {"publicIPAllocationMethod":
      "Static", "publicIPAddressVersion": "IPv4", "idleTimeoutInMinutes": 4}}'
    headers:
      Accept:
      - application/json
      Accept-Encoding:
      - gzip, deflate
      CommandName:
      - network public-ip create
      Connection:
      - keep-alive
      Content-Length:
      - '166'
      Content-Type:
      - application/json; charset=utf-8
      ParameterSetName:
      - -g -n --sku
      User-Agent:
      - python/3.7.4 (Linux-4.15.0-112-generic-x86_64-with-debian-buster-sid) msrest/0.6.18
        msrest_azure/0.6.3 azure-mgmt-network/12.0.0 Azure-SDK-For-Python AZURECLI/2.14.0
      accept-language:
      - en-US
    method: PUT
    uri: https://management.azure.com/subscriptions/00000000-0000-0000-0000-000000000000/resourceGroups/cli_test_azure_firewall_management_ip_config000001/providers/Microsoft.Network/publicIPAddresses/pubip4?api-version=2020-06-01
  response:
    body:
      string: "{\r\n  \"name\": \"pubip4\",\r\n  \"id\": \"/subscriptions/00000000-0000-0000-0000-000000000000/resourceGroups/cli_test_azure_firewall_management_ip_config000001/providers/Microsoft.Network/publicIPAddresses/pubip4\"\
        ,\r\n  \"etag\": \"W/\\\"15ec8e14-2368-441b-b0de-ed38b9cc6424\\\"\",\r\n \
        \ \"location\": \"westus\",\r\n  \"properties\": {\r\n    \"provisioningState\"\
        : \"Updating\",\r\n    \"resourceGuid\": \"5ed079b1-14a5-4c6f-b9f8-2e7a5e786b13\"\
        ,\r\n    \"publicIPAddressVersion\": \"IPv4\",\r\n    \"publicIPAllocationMethod\"\
        : \"Static\",\r\n    \"idleTimeoutInMinutes\": 4,\r\n    \"ipTags\": []\r\n\
        \  },\r\n  \"type\": \"Microsoft.Network/publicIPAddresses\",\r\n  \"sku\"\
        : {\r\n    \"name\": \"Standard\"\r\n  }\r\n}"
    headers:
      azure-asyncnotification:
      - Enabled
      azure-asyncoperation:
      - https://management.azure.com/subscriptions/00000000-0000-0000-0000-000000000000/providers/Microsoft.Network/locations/westus/operations/053f5114-1c26-4b72-84c7-5129e2bd1236?api-version=2020-06-01
      cache-control:
      - no-cache
      content-length:
      - '662'
      content-type:
      - application/json; charset=utf-8
      date:
      - Fri, 06 Nov 2020 09:44:12 GMT
      expires:
      - '-1'
      pragma:
      - no-cache
      server:
      - Microsoft-HTTPAPI/2.0
      - Microsoft-HTTPAPI/2.0
      strict-transport-security:
      - max-age=31536000; includeSubDomains
      x-content-type-options:
      - nosniff
      x-ms-arm-service-request-id:
      - b26c6d55-b7fa-445d-bb7f-48bcb0692161
      x-ms-ratelimit-remaining-subscription-writes:
      - '1197'
    status:
      code: 201
      message: Created
- request:
    body: null
    headers:
      Accept:
      - application/json
      Accept-Encoding:
      - gzip, deflate
      CommandName:
      - network public-ip create
      Connection:
      - keep-alive
      ParameterSetName:
      - -g -n --sku
      User-Agent:
      - python/3.7.4 (Linux-4.15.0-112-generic-x86_64-with-debian-buster-sid) msrest/0.6.18
        msrest_azure/0.6.3 azure-mgmt-network/12.0.0 Azure-SDK-For-Python AZURECLI/2.14.0
    method: GET
    uri: https://management.azure.com/subscriptions/00000000-0000-0000-0000-000000000000/providers/Microsoft.Network/locations/westus/operations/053f5114-1c26-4b72-84c7-5129e2bd1236?api-version=2020-06-01
  response:
    body:
      string: "{\r\n  \"status\": \"Succeeded\"\r\n}"
    headers:
      cache-control:
      - no-cache
      content-length:
      - '29'
      content-type:
      - application/json; charset=utf-8
      date:
      - Fri, 06 Nov 2020 09:44:14 GMT
      expires:
      - '-1'
      pragma:
      - no-cache
      server:
      - Microsoft-HTTPAPI/2.0
      - Microsoft-HTTPAPI/2.0
      strict-transport-security:
      - max-age=31536000; includeSubDomains
      transfer-encoding:
      - chunked
      vary:
      - Accept-Encoding
      x-content-type-options:
      - nosniff
      x-ms-arm-service-request-id:
      - 7cf908c7-22bc-49e5-a16e-67f9e1c18c84
    status:
      code: 200
      message: OK
- request:
    body: null
    headers:
      Accept:
      - application/json
      Accept-Encoding:
      - gzip, deflate
      CommandName:
      - network public-ip create
      Connection:
      - keep-alive
      ParameterSetName:
      - -g -n --sku
      User-Agent:
      - python/3.7.4 (Linux-4.15.0-112-generic-x86_64-with-debian-buster-sid) msrest/0.6.18
        msrest_azure/0.6.3 azure-mgmt-network/12.0.0 Azure-SDK-For-Python AZURECLI/2.14.0
    method: GET
    uri: https://management.azure.com/subscriptions/00000000-0000-0000-0000-000000000000/resourceGroups/cli_test_azure_firewall_management_ip_config000001/providers/Microsoft.Network/publicIPAddresses/pubip4?api-version=2020-06-01
  response:
    body:
      string: "{\r\n  \"name\": \"pubip4\",\r\n  \"id\": \"/subscriptions/00000000-0000-0000-0000-000000000000/resourceGroups/cli_test_azure_firewall_management_ip_config000001/providers/Microsoft.Network/publicIPAddresses/pubip4\"\
        ,\r\n  \"etag\": \"W/\\\"97b7c322-e2c2-444e-a282-fe525bc76fc8\\\"\",\r\n \
        \ \"location\": \"westus\",\r\n  \"properties\": {\r\n    \"provisioningState\"\
        : \"Succeeded\",\r\n    \"resourceGuid\": \"5ed079b1-14a5-4c6f-b9f8-2e7a5e786b13\"\
        ,\r\n    \"ipAddress\": \"52.157.24.144\",\r\n    \"publicIPAddressVersion\"\
        : \"IPv4\",\r\n    \"publicIPAllocationMethod\": \"Static\",\r\n    \"idleTimeoutInMinutes\"\
        : 4,\r\n    \"ipTags\": []\r\n  },\r\n  \"type\": \"Microsoft.Network/publicIPAddresses\"\
        ,\r\n  \"sku\": {\r\n    \"name\": \"Standard\"\r\n  }\r\n}"
    headers:
      cache-control:
      - no-cache
      content-length:
      - '698'
      content-type:
      - application/json; charset=utf-8
      date:
      - Fri, 06 Nov 2020 09:44:15 GMT
      etag:
      - W/"97b7c322-e2c2-444e-a282-fe525bc76fc8"
      expires:
      - '-1'
      pragma:
      - no-cache
      server:
      - Microsoft-HTTPAPI/2.0
      - Microsoft-HTTPAPI/2.0
      strict-transport-security:
      - max-age=31536000; includeSubDomains
      transfer-encoding:
      - chunked
      vary:
      - Accept-Encoding
      x-content-type-options:
      - nosniff
      x-ms-arm-service-request-id:
      - 9597b117-df07-4556-b2d8-113487d6e3b2
    status:
      code: 200
      message: OK
- request:
    body: null
    headers:
      Accept:
      - application/json
      Accept-Encoding:
      - gzip, deflate
      CommandName:
      - network vnet create
      Connection:
      - keep-alive
      ParameterSetName:
      - -g -n --subnet-name --address-prefixes --subnet-prefixes
      User-Agent:
      - python/3.7.4 (Linux-4.15.0-112-generic-x86_64-with-debian-buster-sid) msrest/0.6.18
        msrest_azure/0.6.3 azure-mgmt-resource/10.2.0 Azure-SDK-For-Python AZURECLI/2.14.0
      accept-language:
      - en-US
    method: GET
    uri: https://management.azure.com/subscriptions/00000000-0000-0000-0000-000000000000/resourcegroups/cli_test_azure_firewall_management_ip_config000001?api-version=2020-06-01
  response:
    body:
      string: '{"id":"/subscriptions/00000000-0000-0000-0000-000000000000/resourceGroups/cli_test_azure_firewall_management_ip_config000001","name":"cli_test_azure_firewall_management_ip_config000001","type":"Microsoft.Resources/resourceGroups","location":"westus","tags":{"product":"azurecli","cause":"automation","date":"2020-11-06T09:43:16Z"},"properties":{"provisioningState":"Succeeded"}}'
    headers:
      cache-control:
      - no-cache
      content-length:
      - '428'
      content-type:
      - application/json; charset=utf-8
      date:
      - Fri, 06 Nov 2020 09:44:15 GMT
      expires:
      - '-1'
      pragma:
      - no-cache
      strict-transport-security:
      - max-age=31536000; includeSubDomains
      vary:
      - Accept-Encoding
      x-content-type-options:
      - nosniff
    status:
      code: 200
      message: OK
- request:
    body: '{"location": "westus", "tags": {}, "properties": {"addressSpace": {"addressPrefixes":
      ["10.0.0.0/16"]}, "dhcpOptions": {}, "subnets": [{"properties": {"addressPrefix":
      "10.0.0.0/24"}, "name": "AzureFirewallSubnet"}]}}'
    headers:
      Accept:
      - application/json
      Accept-Encoding:
      - gzip, deflate
      CommandName:
      - network vnet create
      Connection:
      - keep-alive
      Content-Length:
      - '217'
      Content-Type:
      - application/json; charset=utf-8
      ParameterSetName:
      - -g -n --subnet-name --address-prefixes --subnet-prefixes
      User-Agent:
      - python/3.7.4 (Linux-4.15.0-112-generic-x86_64-with-debian-buster-sid) msrest/0.6.18
        msrest_azure/0.6.3 azure-mgmt-network/12.0.0 Azure-SDK-For-Python AZURECLI/2.14.0
      accept-language:
      - en-US
    method: PUT
    uri: https://management.azure.com/subscriptions/00000000-0000-0000-0000-000000000000/resourceGroups/cli_test_azure_firewall_management_ip_config000001/providers/Microsoft.Network/virtualNetworks/myvnet?api-version=2020-06-01
  response:
    body:
      string: "{\r\n  \"name\": \"myvnet\",\r\n  \"id\": \"/subscriptions/00000000-0000-0000-0000-000000000000/resourceGroups/cli_test_azure_firewall_management_ip_config000001/providers/Microsoft.Network/virtualNetworks/myvnet\"\
        ,\r\n  \"etag\": \"W/\\\"828b0d9f-d3bd-4198-a074-0885f165d965\\\"\",\r\n \
        \ \"type\": \"Microsoft.Network/virtualNetworks\",\r\n  \"location\": \"westus\"\
        ,\r\n  \"tags\": {},\r\n  \"properties\": {\r\n    \"provisioningState\":\
        \ \"Updating\",\r\n    \"resourceGuid\": \"577ceb0a-d3bd-45bc-84c6-a620ef647fd5\"\
        ,\r\n    \"addressSpace\": {\r\n      \"addressPrefixes\": [\r\n        \"\
        10.0.0.0/16\"\r\n      ]\r\n    },\r\n    \"dhcpOptions\": {\r\n      \"dnsServers\"\
        : []\r\n    },\r\n    \"subnets\": [\r\n      {\r\n        \"name\": \"AzureFirewallSubnet\"\
        ,\r\n        \"id\": \"/subscriptions/00000000-0000-0000-0000-000000000000/resourceGroups/cli_test_azure_firewall_management_ip_config000001/providers/Microsoft.Network/virtualNetworks/myvnet/subnets/AzureFirewallSubnet\"\
        ,\r\n        \"etag\": \"W/\\\"828b0d9f-d3bd-4198-a074-0885f165d965\\\"\"\
        ,\r\n        \"properties\": {\r\n          \"provisioningState\": \"Updating\"\
        ,\r\n          \"addressPrefix\": \"10.0.0.0/24\",\r\n          \"delegations\"\
        : [],\r\n          \"privateEndpointNetworkPolicies\": \"Enabled\",\r\n  \
        \        \"privateLinkServiceNetworkPolicies\": \"Enabled\"\r\n        },\r\
        \n        \"type\": \"Microsoft.Network/virtualNetworks/subnets\"\r\n    \
        \  }\r\n    ],\r\n    \"virtualNetworkPeerings\": [],\r\n    \"enableDdosProtection\"\
        : false,\r\n    \"enableVmProtection\": false\r\n  }\r\n}"
    headers:
      azure-asyncnotification:
      - Enabled
      azure-asyncoperation:
      - https://management.azure.com/subscriptions/00000000-0000-0000-0000-000000000000/providers/Microsoft.Network/locations/westus/operations/41554bc3-958f-44e3-bf4e-6fed84afad61?api-version=2020-06-01
      cache-control:
      - no-cache
      content-length:
      - '1464'
      content-type:
      - application/json; charset=utf-8
      date:
      - Fri, 06 Nov 2020 09:44:22 GMT
      expires:
      - '-1'
      pragma:
      - no-cache
      server:
      - Microsoft-HTTPAPI/2.0
      - Microsoft-HTTPAPI/2.0
      strict-transport-security:
      - max-age=31536000; includeSubDomains
      x-content-type-options:
      - nosniff
      x-ms-arm-service-request-id:
      - 130e8069-6332-48e6-b161-fc056aa9dc55
      x-ms-ratelimit-remaining-subscription-writes:
      - '1198'
    status:
      code: 201
      message: Created
- request:
    body: null
    headers:
      Accept:
      - application/json
      Accept-Encoding:
      - gzip, deflate
      CommandName:
      - network vnet create
      Connection:
      - keep-alive
      ParameterSetName:
      - -g -n --subnet-name --address-prefixes --subnet-prefixes
      User-Agent:
      - python/3.7.4 (Linux-4.15.0-112-generic-x86_64-with-debian-buster-sid) msrest/0.6.18
        msrest_azure/0.6.3 azure-mgmt-network/12.0.0 Azure-SDK-For-Python AZURECLI/2.14.0
    method: GET
    uri: https://management.azure.com/subscriptions/00000000-0000-0000-0000-000000000000/providers/Microsoft.Network/locations/westus/operations/41554bc3-958f-44e3-bf4e-6fed84afad61?api-version=2020-06-01
  response:
    body:
      string: "{\r\n  \"status\": \"Succeeded\"\r\n}"
    headers:
      cache-control:
      - no-cache
      content-length:
      - '29'
      content-type:
      - application/json; charset=utf-8
      date:
      - Fri, 06 Nov 2020 09:44:26 GMT
      expires:
      - '-1'
      pragma:
      - no-cache
      server:
      - Microsoft-HTTPAPI/2.0
      - Microsoft-HTTPAPI/2.0
      strict-transport-security:
      - max-age=31536000; includeSubDomains
      transfer-encoding:
      - chunked
      vary:
      - Accept-Encoding
      x-content-type-options:
      - nosniff
      x-ms-arm-service-request-id:
      - c9f450c4-5960-4ca4-90fd-fed6256036e8
    status:
      code: 200
      message: OK
- request:
    body: null
    headers:
      Accept:
      - application/json
      Accept-Encoding:
      - gzip, deflate
      CommandName:
      - network vnet create
      Connection:
      - keep-alive
      ParameterSetName:
      - -g -n --subnet-name --address-prefixes --subnet-prefixes
      User-Agent:
      - python/3.7.4 (Linux-4.15.0-112-generic-x86_64-with-debian-buster-sid) msrest/0.6.18
        msrest_azure/0.6.3 azure-mgmt-network/12.0.0 Azure-SDK-For-Python AZURECLI/2.14.0
    method: GET
    uri: https://management.azure.com/subscriptions/00000000-0000-0000-0000-000000000000/resourceGroups/cli_test_azure_firewall_management_ip_config000001/providers/Microsoft.Network/virtualNetworks/myvnet?api-version=2020-06-01
  response:
    body:
      string: "{\r\n  \"name\": \"myvnet\",\r\n  \"id\": \"/subscriptions/00000000-0000-0000-0000-000000000000/resourceGroups/cli_test_azure_firewall_management_ip_config000001/providers/Microsoft.Network/virtualNetworks/myvnet\"\
        ,\r\n  \"etag\": \"W/\\\"9460ca25-8c87-462a-b632-2e109b6c62bb\\\"\",\r\n \
        \ \"type\": \"Microsoft.Network/virtualNetworks\",\r\n  \"location\": \"westus\"\
        ,\r\n  \"tags\": {},\r\n  \"properties\": {\r\n    \"provisioningState\":\
        \ \"Succeeded\",\r\n    \"resourceGuid\": \"577ceb0a-d3bd-45bc-84c6-a620ef647fd5\"\
        ,\r\n    \"addressSpace\": {\r\n      \"addressPrefixes\": [\r\n        \"\
        10.0.0.0/16\"\r\n      ]\r\n    },\r\n    \"dhcpOptions\": {\r\n      \"dnsServers\"\
        : []\r\n    },\r\n    \"subnets\": [\r\n      {\r\n        \"name\": \"AzureFirewallSubnet\"\
        ,\r\n        \"id\": \"/subscriptions/00000000-0000-0000-0000-000000000000/resourceGroups/cli_test_azure_firewall_management_ip_config000001/providers/Microsoft.Network/virtualNetworks/myvnet/subnets/AzureFirewallSubnet\"\
        ,\r\n        \"etag\": \"W/\\\"9460ca25-8c87-462a-b632-2e109b6c62bb\\\"\"\
        ,\r\n        \"properties\": {\r\n          \"provisioningState\": \"Succeeded\"\
        ,\r\n          \"addressPrefix\": \"10.0.0.0/24\",\r\n          \"delegations\"\
        : [],\r\n          \"privateEndpointNetworkPolicies\": \"Enabled\",\r\n  \
        \        \"privateLinkServiceNetworkPolicies\": \"Enabled\"\r\n        },\r\
        \n        \"type\": \"Microsoft.Network/virtualNetworks/subnets\"\r\n    \
        \  }\r\n    ],\r\n    \"virtualNetworkPeerings\": [],\r\n    \"enableDdosProtection\"\
        : false,\r\n    \"enableVmProtection\": false\r\n  }\r\n}"
    headers:
      cache-control:
      - no-cache
      content-length:
      - '1466'
      content-type:
      - application/json; charset=utf-8
      date:
      - Fri, 06 Nov 2020 09:44:26 GMT
      etag:
      - W/"9460ca25-8c87-462a-b632-2e109b6c62bb"
      expires:
      - '-1'
      pragma:
      - no-cache
      server:
      - Microsoft-HTTPAPI/2.0
      - Microsoft-HTTPAPI/2.0
      strict-transport-security:
      - max-age=31536000; includeSubDomains
      transfer-encoding:
      - chunked
      vary:
      - Accept-Encoding
      x-content-type-options:
      - nosniff
      x-ms-arm-service-request-id:
      - acab2091-cbd7-4091-a279-fa0c5a63175b
    status:
      code: 200
      message: OK
- request:
    body: null
    headers:
      Accept:
      - application/json
      Accept-Encoding:
      - gzip, deflate
      CommandName:
      - network vnet create
      Connection:
      - keep-alive
      ParameterSetName:
      - -g -n --subnet-name --address-prefixes --subnet-prefixes
      User-Agent:
      - python/3.7.4 (Linux-4.15.0-112-generic-x86_64-with-debian-buster-sid) msrest/0.6.18
        msrest_azure/0.6.3 azure-mgmt-resource/10.2.0 Azure-SDK-For-Python AZURECLI/2.14.0
      accept-language:
      - en-US
    method: GET
    uri: https://management.azure.com/subscriptions/00000000-0000-0000-0000-000000000000/resourcegroups/cli_test_azure_firewall_management_ip_config000001?api-version=2020-06-01
  response:
    body:
      string: '{"id":"/subscriptions/00000000-0000-0000-0000-000000000000/resourceGroups/cli_test_azure_firewall_management_ip_config000001","name":"cli_test_azure_firewall_management_ip_config000001","type":"Microsoft.Resources/resourceGroups","location":"westus","tags":{"product":"azurecli","cause":"automation","date":"2020-11-06T09:43:16Z"},"properties":{"provisioningState":"Succeeded"}}'
    headers:
      cache-control:
      - no-cache
      content-length:
      - '428'
      content-type:
      - application/json; charset=utf-8
      date:
      - Fri, 06 Nov 2020 09:44:27 GMT
      expires:
      - '-1'
      pragma:
      - no-cache
      strict-transport-security:
      - max-age=31536000; includeSubDomains
      vary:
      - Accept-Encoding
      x-content-type-options:
      - nosniff
    status:
      code: 200
      message: OK
- request:
    body: '{"location": "westus", "tags": {}, "properties": {"addressSpace": {"addressPrefixes":
      ["10.0.0.0/16"]}, "dhcpOptions": {}, "subnets": [{"properties": {"addressPrefix":
      "10.0.0.0/24"}, "name": "AzureFirewallManagementSubnet"}]}}'
    headers:
      Accept:
      - application/json
      Accept-Encoding:
      - gzip, deflate
      CommandName:
      - network vnet create
      Connection:
      - keep-alive
      Content-Length:
      - '227'
      Content-Type:
      - application/json; charset=utf-8
      ParameterSetName:
      - -g -n --subnet-name --address-prefixes --subnet-prefixes
      User-Agent:
      - python/3.7.4 (Linux-4.15.0-112-generic-x86_64-with-debian-buster-sid) msrest/0.6.18
        msrest_azure/0.6.3 azure-mgmt-network/12.0.0 Azure-SDK-For-Python AZURECLI/2.14.0
      accept-language:
      - en-US
    method: PUT
    uri: https://management.azure.com/subscriptions/00000000-0000-0000-0000-000000000000/resourceGroups/cli_test_azure_firewall_management_ip_config000001/providers/Microsoft.Network/virtualNetworks/myvnet2?api-version=2020-06-01
  response:
    body:
      string: "{\r\n  \"name\": \"myvnet2\",\r\n  \"id\": \"/subscriptions/00000000-0000-0000-0000-000000000000/resourceGroups/cli_test_azure_firewall_management_ip_config000001/providers/Microsoft.Network/virtualNetworks/myvnet2\"\
        ,\r\n  \"etag\": \"W/\\\"edd64298-d4ae-4fb7-9afa-8cdc82ef2ba1\\\"\",\r\n \
        \ \"type\": \"Microsoft.Network/virtualNetworks\",\r\n  \"location\": \"westus\"\
        ,\r\n  \"tags\": {},\r\n  \"properties\": {\r\n    \"provisioningState\":\
        \ \"Updating\",\r\n    \"resourceGuid\": \"fdd5c844-e4d5-4807-9278-9ade169dafa4\"\
        ,\r\n    \"addressSpace\": {\r\n      \"addressPrefixes\": [\r\n        \"\
        10.0.0.0/16\"\r\n      ]\r\n    },\r\n    \"dhcpOptions\": {\r\n      \"dnsServers\"\
        : []\r\n    },\r\n    \"subnets\": [\r\n      {\r\n        \"name\": \"AzureFirewallManagementSubnet\"\
        ,\r\n        \"id\": \"/subscriptions/00000000-0000-0000-0000-000000000000/resourceGroups/cli_test_azure_firewall_management_ip_config000001/providers/Microsoft.Network/virtualNetworks/myvnet2/subnets/AzureFirewallManagementSubnet\"\
        ,\r\n        \"etag\": \"W/\\\"edd64298-d4ae-4fb7-9afa-8cdc82ef2ba1\\\"\"\
        ,\r\n        \"properties\": {\r\n          \"provisioningState\": \"Updating\"\
        ,\r\n          \"addressPrefix\": \"10.0.0.0/24\",\r\n          \"delegations\"\
        : [],\r\n          \"privateEndpointNetworkPolicies\": \"Enabled\",\r\n  \
        \        \"privateLinkServiceNetworkPolicies\": \"Enabled\"\r\n        },\r\
        \n        \"type\": \"Microsoft.Network/virtualNetworks/subnets\"\r\n    \
        \  }\r\n    ],\r\n    \"virtualNetworkPeerings\": [],\r\n    \"enableDdosProtection\"\
        : false,\r\n    \"enableVmProtection\": false\r\n  }\r\n}"
    headers:
      azure-asyncnotification:
      - Enabled
      azure-asyncoperation:
      - https://management.azure.com/subscriptions/00000000-0000-0000-0000-000000000000/providers/Microsoft.Network/locations/westus/operations/9d7dc746-2e21-46c4-809a-627bfc19d7f4?api-version=2020-06-01
      cache-control:
      - no-cache
      content-length:
      - '1487'
      content-type:
      - application/json; charset=utf-8
      date:
      - Fri, 06 Nov 2020 09:44:33 GMT
      expires:
      - '-1'
      pragma:
      - no-cache
      server:
      - Microsoft-HTTPAPI/2.0
      - Microsoft-HTTPAPI/2.0
      strict-transport-security:
      - max-age=31536000; includeSubDomains
      x-content-type-options:
      - nosniff
      x-ms-arm-service-request-id:
      - 3e1b5ca5-ef09-441c-90d9-14b203fa2de3
      x-ms-ratelimit-remaining-subscription-writes:
      - '1199'
    status:
      code: 201
      message: Created
- request:
    body: null
    headers:
      Accept:
      - application/json
      Accept-Encoding:
      - gzip, deflate
      CommandName:
      - network vnet create
      Connection:
      - keep-alive
      ParameterSetName:
      - -g -n --subnet-name --address-prefixes --subnet-prefixes
      User-Agent:
      - python/3.7.4 (Linux-4.15.0-112-generic-x86_64-with-debian-buster-sid) msrest/0.6.18
        msrest_azure/0.6.3 azure-mgmt-network/12.0.0 Azure-SDK-For-Python AZURECLI/2.14.0
    method: GET
    uri: https://management.azure.com/subscriptions/00000000-0000-0000-0000-000000000000/providers/Microsoft.Network/locations/westus/operations/9d7dc746-2e21-46c4-809a-627bfc19d7f4?api-version=2020-06-01
  response:
    body:
      string: "{\r\n  \"status\": \"Succeeded\"\r\n}"
    headers:
      cache-control:
      - no-cache
      content-length:
      - '29'
      content-type:
      - application/json; charset=utf-8
      date:
      - Fri, 06 Nov 2020 09:44:38 GMT
      expires:
      - '-1'
      pragma:
      - no-cache
      server:
      - Microsoft-HTTPAPI/2.0
      - Microsoft-HTTPAPI/2.0
      strict-transport-security:
      - max-age=31536000; includeSubDomains
      transfer-encoding:
      - chunked
      vary:
      - Accept-Encoding
      x-content-type-options:
      - nosniff
      x-ms-arm-service-request-id:
      - 9505747c-410f-437c-ac3b-d2df2960c25d
    status:
      code: 200
      message: OK
- request:
    body: null
    headers:
      Accept:
      - application/json
      Accept-Encoding:
      - gzip, deflate
      CommandName:
      - network vnet create
      Connection:
      - keep-alive
      ParameterSetName:
      - -g -n --subnet-name --address-prefixes --subnet-prefixes
      User-Agent:
      - python/3.7.4 (Linux-4.15.0-112-generic-x86_64-with-debian-buster-sid) msrest/0.6.18
        msrest_azure/0.6.3 azure-mgmt-network/12.0.0 Azure-SDK-For-Python AZURECLI/2.14.0
    method: GET
    uri: https://management.azure.com/subscriptions/00000000-0000-0000-0000-000000000000/resourceGroups/cli_test_azure_firewall_management_ip_config000001/providers/Microsoft.Network/virtualNetworks/myvnet2?api-version=2020-06-01
  response:
    body:
      string: "{\r\n  \"name\": \"myvnet2\",\r\n  \"id\": \"/subscriptions/00000000-0000-0000-0000-000000000000/resourceGroups/cli_test_azure_firewall_management_ip_config000001/providers/Microsoft.Network/virtualNetworks/myvnet2\"\
        ,\r\n  \"etag\": \"W/\\\"5114006e-32ec-4f50-815d-27f39f811052\\\"\",\r\n \
        \ \"type\": \"Microsoft.Network/virtualNetworks\",\r\n  \"location\": \"westus\"\
        ,\r\n  \"tags\": {},\r\n  \"properties\": {\r\n    \"provisioningState\":\
        \ \"Succeeded\",\r\n    \"resourceGuid\": \"fdd5c844-e4d5-4807-9278-9ade169dafa4\"\
        ,\r\n    \"addressSpace\": {\r\n      \"addressPrefixes\": [\r\n        \"\
        10.0.0.0/16\"\r\n      ]\r\n    },\r\n    \"dhcpOptions\": {\r\n      \"dnsServers\"\
        : []\r\n    },\r\n    \"subnets\": [\r\n      {\r\n        \"name\": \"AzureFirewallManagementSubnet\"\
        ,\r\n        \"id\": \"/subscriptions/00000000-0000-0000-0000-000000000000/resourceGroups/cli_test_azure_firewall_management_ip_config000001/providers/Microsoft.Network/virtualNetworks/myvnet2/subnets/AzureFirewallManagementSubnet\"\
        ,\r\n        \"etag\": \"W/\\\"5114006e-32ec-4f50-815d-27f39f811052\\\"\"\
        ,\r\n        \"properties\": {\r\n          \"provisioningState\": \"Succeeded\"\
        ,\r\n          \"addressPrefix\": \"10.0.0.0/24\",\r\n          \"delegations\"\
        : [],\r\n          \"privateEndpointNetworkPolicies\": \"Enabled\",\r\n  \
        \        \"privateLinkServiceNetworkPolicies\": \"Enabled\"\r\n        },\r\
        \n        \"type\": \"Microsoft.Network/virtualNetworks/subnets\"\r\n    \
        \  }\r\n    ],\r\n    \"virtualNetworkPeerings\": [],\r\n    \"enableDdosProtection\"\
        : false,\r\n    \"enableVmProtection\": false\r\n  }\r\n}"
    headers:
      cache-control:
      - no-cache
      content-length:
      - '1489'
      content-type:
      - application/json; charset=utf-8
      date:
      - Fri, 06 Nov 2020 09:44:38 GMT
      etag:
      - W/"5114006e-32ec-4f50-815d-27f39f811052"
      expires:
      - '-1'
      pragma:
      - no-cache
      server:
      - Microsoft-HTTPAPI/2.0
      - Microsoft-HTTPAPI/2.0
      strict-transport-security:
      - max-age=31536000; includeSubDomains
      transfer-encoding:
      - chunked
      vary:
      - Accept-Encoding
      x-content-type-options:
      - nosniff
      x-ms-arm-service-request-id:
      - b958028b-fd19-4455-938d-b60aa7d49ed1
    status:
      code: 200
      message: OK
- request:
    body: null
    headers:
      Accept:
      - application/json
      Accept-Encoding:
      - gzip, deflate
      CommandName:
      - network vnet create
      Connection:
      - keep-alive
      ParameterSetName:
      - -g -n --subnet-name --address-prefixes --subnet-prefixes
      User-Agent:
      - python/3.7.4 (Linux-4.15.0-112-generic-x86_64-with-debian-buster-sid) msrest/0.6.18
        msrest_azure/0.6.3 azure-mgmt-resource/10.2.0 Azure-SDK-For-Python AZURECLI/2.14.0
      accept-language:
      - en-US
    method: GET
    uri: https://management.azure.com/subscriptions/00000000-0000-0000-0000-000000000000/resourcegroups/cli_test_azure_firewall_management_ip_config000001?api-version=2020-06-01
  response:
    body:
      string: '{"id":"/subscriptions/00000000-0000-0000-0000-000000000000/resourceGroups/cli_test_azure_firewall_management_ip_config000001","name":"cli_test_azure_firewall_management_ip_config000001","type":"Microsoft.Resources/resourceGroups","location":"westus","tags":{"product":"azurecli","cause":"automation","date":"2020-11-06T09:43:16Z"},"properties":{"provisioningState":"Succeeded"}}'
    headers:
      cache-control:
      - no-cache
      content-length:
      - '428'
      content-type:
      - application/json; charset=utf-8
      date:
      - Fri, 06 Nov 2020 09:44:38 GMT
      expires:
      - '-1'
      pragma:
      - no-cache
      strict-transport-security:
      - max-age=31536000; includeSubDomains
      vary:
      - Accept-Encoding
      x-content-type-options:
      - nosniff
    status:
      code: 200
      message: OK
- request:
    body: '{"location": "westus", "tags": {}, "properties": {"addressSpace": {"addressPrefixes":
      ["10.0.0.0/16"]}, "dhcpOptions": {}, "subnets": [{"properties": {"addressPrefix":
      "10.0.0.0/24"}, "name": "AzureFirewallManagementSubnet"}]}}'
    headers:
      Accept:
      - application/json
      Accept-Encoding:
      - gzip, deflate
      CommandName:
      - network vnet create
      Connection:
      - keep-alive
      Content-Length:
      - '227'
      Content-Type:
      - application/json; charset=utf-8
      ParameterSetName:
      - -g -n --subnet-name --address-prefixes --subnet-prefixes
      User-Agent:
      - python/3.7.4 (Linux-4.15.0-112-generic-x86_64-with-debian-buster-sid) msrest/0.6.18
        msrest_azure/0.6.3 azure-mgmt-network/12.0.0 Azure-SDK-For-Python AZURECLI/2.14.0
      accept-language:
      - en-US
    method: PUT
    uri: https://management.azure.com/subscriptions/00000000-0000-0000-0000-000000000000/resourceGroups/cli_test_azure_firewall_management_ip_config000001/providers/Microsoft.Network/virtualNetworks/myvnet4?api-version=2020-06-01
  response:
    body:
      string: "{\r\n  \"name\": \"myvnet4\",\r\n  \"id\": \"/subscriptions/00000000-0000-0000-0000-000000000000/resourceGroups/cli_test_azure_firewall_management_ip_config000001/providers/Microsoft.Network/virtualNetworks/myvnet4\"\
        ,\r\n  \"etag\": \"W/\\\"8a876cc7-0624-4ace-93b8-8391a4d7d351\\\"\",\r\n \
        \ \"type\": \"Microsoft.Network/virtualNetworks\",\r\n  \"location\": \"westus\"\
        ,\r\n  \"tags\": {},\r\n  \"properties\": {\r\n    \"provisioningState\":\
        \ \"Updating\",\r\n    \"resourceGuid\": \"759b10f0-7b04-4b01-8e2c-436e80194c65\"\
        ,\r\n    \"addressSpace\": {\r\n      \"addressPrefixes\": [\r\n        \"\
        10.0.0.0/16\"\r\n      ]\r\n    },\r\n    \"dhcpOptions\": {\r\n      \"dnsServers\"\
        : []\r\n    },\r\n    \"subnets\": [\r\n      {\r\n        \"name\": \"AzureFirewallManagementSubnet\"\
        ,\r\n        \"id\": \"/subscriptions/00000000-0000-0000-0000-000000000000/resourceGroups/cli_test_azure_firewall_management_ip_config000001/providers/Microsoft.Network/virtualNetworks/myvnet4/subnets/AzureFirewallManagementSubnet\"\
        ,\r\n        \"etag\": \"W/\\\"8a876cc7-0624-4ace-93b8-8391a4d7d351\\\"\"\
        ,\r\n        \"properties\": {\r\n          \"provisioningState\": \"Updating\"\
        ,\r\n          \"addressPrefix\": \"10.0.0.0/24\",\r\n          \"delegations\"\
        : [],\r\n          \"privateEndpointNetworkPolicies\": \"Enabled\",\r\n  \
        \        \"privateLinkServiceNetworkPolicies\": \"Enabled\"\r\n        },\r\
        \n        \"type\": \"Microsoft.Network/virtualNetworks/subnets\"\r\n    \
        \  }\r\n    ],\r\n    \"virtualNetworkPeerings\": [],\r\n    \"enableDdosProtection\"\
        : false,\r\n    \"enableVmProtection\": false\r\n  }\r\n}"
    headers:
      azure-asyncnotification:
      - Enabled
      azure-asyncoperation:
      - https://management.azure.com/subscriptions/00000000-0000-0000-0000-000000000000/providers/Microsoft.Network/locations/westus/operations/1da9e569-3244-406e-be61-81d3597cedd0?api-version=2020-06-01
      cache-control:
      - no-cache
      content-length:
      - '1487'
      content-type:
      - application/json; charset=utf-8
      date:
      - Fri, 06 Nov 2020 09:44:43 GMT
      expires:
      - '-1'
      pragma:
      - no-cache
      server:
      - Microsoft-HTTPAPI/2.0
      - Microsoft-HTTPAPI/2.0
      strict-transport-security:
      - max-age=31536000; includeSubDomains
      x-content-type-options:
      - nosniff
      x-ms-arm-service-request-id:
      - 873c7805-0847-4f94-a12a-670884bb3648
      x-ms-ratelimit-remaining-subscription-writes:
      - '1196'
    status:
      code: 201
      message: Created
- request:
    body: null
    headers:
      Accept:
      - application/json
      Accept-Encoding:
      - gzip, deflate
      CommandName:
      - network vnet create
      Connection:
      - keep-alive
      ParameterSetName:
      - -g -n --subnet-name --address-prefixes --subnet-prefixes
      User-Agent:
      - python/3.7.4 (Linux-4.15.0-112-generic-x86_64-with-debian-buster-sid) msrest/0.6.18
        msrest_azure/0.6.3 azure-mgmt-network/12.0.0 Azure-SDK-For-Python AZURECLI/2.14.0
    method: GET
    uri: https://management.azure.com/subscriptions/00000000-0000-0000-0000-000000000000/providers/Microsoft.Network/locations/westus/operations/1da9e569-3244-406e-be61-81d3597cedd0?api-version=2020-06-01
  response:
    body:
      string: "{\r\n  \"status\": \"Succeeded\"\r\n}"
    headers:
      cache-control:
      - no-cache
      content-length:
      - '29'
      content-type:
      - application/json; charset=utf-8
      date:
      - Fri, 06 Nov 2020 09:44:48 GMT
      expires:
      - '-1'
      pragma:
      - no-cache
      server:
      - Microsoft-HTTPAPI/2.0
      - Microsoft-HTTPAPI/2.0
      strict-transport-security:
      - max-age=31536000; includeSubDomains
      transfer-encoding:
      - chunked
      vary:
      - Accept-Encoding
      x-content-type-options:
      - nosniff
      x-ms-arm-service-request-id:
      - cfb37f0e-11dc-4536-965d-88dd07d77443
    status:
      code: 200
      message: OK
- request:
    body: null
    headers:
      Accept:
      - application/json
      Accept-Encoding:
      - gzip, deflate
      CommandName:
      - network vnet create
      Connection:
      - keep-alive
      ParameterSetName:
      - -g -n --subnet-name --address-prefixes --subnet-prefixes
      User-Agent:
      - python/3.7.4 (Linux-4.15.0-112-generic-x86_64-with-debian-buster-sid) msrest/0.6.18
        msrest_azure/0.6.3 azure-mgmt-network/12.0.0 Azure-SDK-For-Python AZURECLI/2.14.0
    method: GET
    uri: https://management.azure.com/subscriptions/00000000-0000-0000-0000-000000000000/resourceGroups/cli_test_azure_firewall_management_ip_config000001/providers/Microsoft.Network/virtualNetworks/myvnet4?api-version=2020-06-01
  response:
    body:
      string: "{\r\n  \"name\": \"myvnet4\",\r\n  \"id\": \"/subscriptions/00000000-0000-0000-0000-000000000000/resourceGroups/cli_test_azure_firewall_management_ip_config000001/providers/Microsoft.Network/virtualNetworks/myvnet4\"\
        ,\r\n  \"etag\": \"W/\\\"b4217ca4-f7d5-4a94-8c6f-a5975e44d87b\\\"\",\r\n \
        \ \"type\": \"Microsoft.Network/virtualNetworks\",\r\n  \"location\": \"westus\"\
        ,\r\n  \"tags\": {},\r\n  \"properties\": {\r\n    \"provisioningState\":\
        \ \"Succeeded\",\r\n    \"resourceGuid\": \"759b10f0-7b04-4b01-8e2c-436e80194c65\"\
        ,\r\n    \"addressSpace\": {\r\n      \"addressPrefixes\": [\r\n        \"\
        10.0.0.0/16\"\r\n      ]\r\n    },\r\n    \"dhcpOptions\": {\r\n      \"dnsServers\"\
        : []\r\n    },\r\n    \"subnets\": [\r\n      {\r\n        \"name\": \"AzureFirewallManagementSubnet\"\
        ,\r\n        \"id\": \"/subscriptions/00000000-0000-0000-0000-000000000000/resourceGroups/cli_test_azure_firewall_management_ip_config000001/providers/Microsoft.Network/virtualNetworks/myvnet4/subnets/AzureFirewallManagementSubnet\"\
        ,\r\n        \"etag\": \"W/\\\"b4217ca4-f7d5-4a94-8c6f-a5975e44d87b\\\"\"\
        ,\r\n        \"properties\": {\r\n          \"provisioningState\": \"Succeeded\"\
        ,\r\n          \"addressPrefix\": \"10.0.0.0/24\",\r\n          \"delegations\"\
        : [],\r\n          \"privateEndpointNetworkPolicies\": \"Enabled\",\r\n  \
        \        \"privateLinkServiceNetworkPolicies\": \"Enabled\"\r\n        },\r\
        \n        \"type\": \"Microsoft.Network/virtualNetworks/subnets\"\r\n    \
        \  }\r\n    ],\r\n    \"virtualNetworkPeerings\": [],\r\n    \"enableDdosProtection\"\
        : false,\r\n    \"enableVmProtection\": false\r\n  }\r\n}"
    headers:
      cache-control:
      - no-cache
      content-length:
      - '1489'
      content-type:
      - application/json; charset=utf-8
      date:
      - Fri, 06 Nov 2020 09:44:48 GMT
      etag:
      - W/"b4217ca4-f7d5-4a94-8c6f-a5975e44d87b"
      expires:
      - '-1'
      pragma:
      - no-cache
      server:
      - Microsoft-HTTPAPI/2.0
      - Microsoft-HTTPAPI/2.0
      strict-transport-security:
      - max-age=31536000; includeSubDomains
      transfer-encoding:
      - chunked
      vary:
      - Accept-Encoding
      x-content-type-options:
      - nosniff
      x-ms-arm-service-request-id:
      - 14a7fd8e-3e03-4d5c-a1d1-cc7b004f0424
    status:
      code: 200
      message: OK
- request:
    body: null
    headers:
      Accept:
      - application/json
      Accept-Encoding:
      - gzip, deflate
      CommandName:
      - network firewall ip-config create
      Connection:
      - keep-alive
      ParameterSetName:
      - -g -n -f --public-ip-address --vnet-name --m-name --m-public-ip-address --m-vnet-name
      User-Agent:
      - python/3.7.4 (Linux-4.15.0-112-generic-x86_64-with-debian-buster-sid) msrest/0.6.18
        msrest_azure/0.6.3 azure-mgmt-network/13.0.0 Azure-SDK-For-Python AZURECLI/2.14.0
      accept-language:
      - en-US
    method: GET
    uri: https://management.azure.com/subscriptions/00000000-0000-0000-0000-000000000000/resourceGroups/cli_test_azure_firewall_management_ip_config000001/providers/Microsoft.Network/azureFirewalls/af1?api-version=2020-07-01
  response:
    body:
      string: "{\r\n  \"name\": \"af1\",\r\n  \"id\": \"/subscriptions/00000000-0000-0000-0000-000000000000/resourceGroups/cli_test_azure_firewall_management_ip_config000001/providers/Microsoft.Network/azureFirewalls/af1\"\
        ,\r\n  \"etag\": \"W/\\\"0f720860-bc09-41bd-9e6c-9df1175f176f\\\"\",\r\n \
        \ \"type\": \"Microsoft.Network/azureFirewalls\",\r\n  \"location\": \"westus\"\
        ,\r\n  \"properties\": {\r\n    \"provisioningState\": \"Succeeded\",\r\n\
        \    \"sku\": {\r\n      \"name\": \"AZFW_VNet\",\r\n      \"tier\": \"Standard\"\
        \r\n    },\r\n    \"threatIntelMode\": \"Alert\",\r\n    \"additionalProperties\"\
        : {},\r\n    \"ipConfigurations\": [],\r\n    \"networkRuleCollections\":\
        \ [],\r\n    \"applicationRuleCollections\": [],\r\n    \"natRuleCollections\"\
        : []\r\n  }\r\n}"
    headers:
      cache-control:
      - no-cache
      content-length:
      - '691'
      content-type:
      - application/json; charset=utf-8
      date:
      - Fri, 06 Nov 2020 09:44:49 GMT
      etag:
      - W/"0f720860-bc09-41bd-9e6c-9df1175f176f"
      expires:
      - '-1'
      pragma:
      - no-cache
      server:
      - Microsoft-HTTPAPI/2.0
      - Microsoft-HTTPAPI/2.0
      strict-transport-security:
      - max-age=31536000; includeSubDomains
      transfer-encoding:
      - chunked
      vary:
      - Accept-Encoding
      x-content-type-options:
      - nosniff
      x-ms-arm-service-request-id:
      - ad89cf3b-ddb8-4bc4-9e5c-73281fc4e650
    status:
      code: 200
      message: OK
- request:
    body: '{"id": "/subscriptions/00000000-0000-0000-0000-000000000000/resourceGroups/cli_test_azure_firewall_management_ip_config000001/providers/Microsoft.Network/azureFirewalls/af1",
      "location": "westus", "properties": {"applicationRuleCollections": [], "natRuleCollections":
      [], "networkRuleCollections": [], "ipConfigurations": [{"properties": {"subnet":
      {"id": "/subscriptions/00000000-0000-0000-0000-000000000000/resourceGroups/cli_test_azure_firewall_management_ip_config000001/providers/Microsoft.Network/virtualNetworks/myvnet/subnets/AzureFirewallSubnet"},
      "publicIPAddress": {"id": "/subscriptions/00000000-0000-0000-0000-000000000000/resourceGroups/cli_test_azure_firewall_management_ip_config000001/providers/Microsoft.Network/publicIPAddresses/pubip"}},
      "name": "myipconfig1"}], "managementIpConfiguration": {"properties": {"subnet":
      {"id": "/subscriptions/00000000-0000-0000-0000-000000000000/resourceGroups/cli_test_azure_firewall_management_ip_config000001/providers/Microsoft.Network/virtualNetworks/myvnet2/subnets/AzureFirewallManagementSubnet"},
      "publicIPAddress": {"id": "/subscriptions/00000000-0000-0000-0000-000000000000/resourceGroups/cli_test_azure_firewall_management_ip_config000001/providers/Microsoft.Network/publicIPAddresses/pubip2"}},
      "name": "myipconfig2"}, "threatIntelMode": "Alert", "sku": {"name": "AZFW_VNet",
      "tier": "Standard"}, "additionalProperties": {}}}'
    headers:
      Accept:
      - application/json
      Accept-Encoding:
      - gzip, deflate
      CommandName:
      - network firewall ip-config create
      Connection:
      - keep-alive
      Content-Length:
      - '1514'
      Content-Type:
      - application/json; charset=utf-8
      ParameterSetName:
      - -g -n -f --public-ip-address --vnet-name --m-name --m-public-ip-address --m-vnet-name
      User-Agent:
      - python/3.7.4 (Linux-4.15.0-112-generic-x86_64-with-debian-buster-sid) msrest/0.6.18
        msrest_azure/0.6.3 azure-mgmt-network/13.0.0 Azure-SDK-For-Python AZURECLI/2.14.0
      accept-language:
      - en-US
    method: PUT
    uri: https://management.azure.com/subscriptions/00000000-0000-0000-0000-000000000000/resourceGroups/cli_test_azure_firewall_management_ip_config000001/providers/Microsoft.Network/azureFirewalls/af1?api-version=2020-07-01
  response:
    body:
      string: "{\r\n  \"error\": {\r\n    \"code\": \"AzureFirewallManagementIpConfigCannotBeAdded\"\
        ,\r\n    \"message\": \"AzureFirewall af1 management IP configuration cannot\
        \ be added to an existing firewall. Redeploy with a management IP configuration\
        \ if you want to use forced tunneling support.\",\r\n    \"details\": []\r\
        \n  }\r\n}"
    headers:
      cache-control:
      - no-cache
      content-length:
      - '298'
      content-type:
      - application/json; charset=utf-8
      date:
      - Fri, 06 Nov 2020 09:44:49 GMT
      expires:
      - '-1'
      pragma:
      - no-cache
      server:
      - Microsoft-HTTPAPI/2.0
      - Microsoft-HTTPAPI/2.0
      strict-transport-security:
      - max-age=31536000; includeSubDomains
      x-content-type-options:
      - nosniff
      x-ms-arm-service-request-id:
      - 64c74504-f904-49ea-8e23-0d863a7b4f7b
      x-ms-ratelimit-remaining-subscription-writes:
      - '1197'
    status:
      code: 400
      message: Bad Request
version: 1
