interactions:
- request:
    body: null
    headers:
      Accept:
      - application/json
      Accept-Encoding:
      - gzip, deflate
      CommandName:
      - network ip-group create
      Connection:
      - keep-alive
      ParameterSetName:
      - -n -g --ip-addresses
      User-Agent:
      - python/3.7.4 (Windows-10-10.0.18362-SP0) msrest/0.6.9 msrest_azure/0.6.2 azure-mgmt-resource/6.0.0
        Azure-SDK-For-Python AZURECLI/2.0.79
      accept-language:
      - en-US
    method: GET
    uri: https://management.azure.com/subscriptions/00000000-0000-0000-0000-000000000000/resourcegroups/cli_test_azure_firewall_rules_with_ipgroups000001?api-version=2019-07-01
  response:
    body:
      string: '{"id":"/subscriptions/00000000-0000-0000-0000-000000000000/resourceGroups/cli_test_azure_firewall_rules_with_ipgroups000001","name":"cli_test_azure_firewall_rules_with_ipgroups000001","type":"Microsoft.Resources/resourceGroups","location":"westus","tags":{"product":"azurecli","cause":"automation","date":"2020-01-15T14:07:06Z"},"properties":{"provisioningState":"Succeeded"}}'
    headers:
      cache-control:
      - no-cache
      content-length:
      - '428'
      content-type:
      - application/json; charset=utf-8
      date:
      - Wed, 15 Jan 2020 14:07:14 GMT
      expires:
      - '-1'
      pragma:
      - no-cache
      strict-transport-security:
      - max-age=31536000; includeSubDomains
      vary:
      - Accept-Encoding
      x-content-type-options:
      - nosniff
    status:
      code: 200
      message: OK
- request:
    body: '{"location": "westus", "properties": {"ipAddresses": ["10.0.0.0", "10.0.0.1"]}}'
    headers:
      Accept:
      - application/json
      Accept-Encoding:
      - gzip, deflate
      CommandName:
      - network ip-group create
      Connection:
      - keep-alive
      Content-Length:
      - '79'
      Content-Type:
      - application/json; charset=utf-8
      ParameterSetName:
      - -n -g --ip-addresses
      User-Agent:
      - python/3.7.4 (Windows-10-10.0.18362-SP0) msrest/0.6.9 msrest_azure/0.6.2 azure-mgmt-network/7.0.0
        Azure-SDK-For-Python AZURECLI/2.0.79
      accept-language:
      - en-US
    method: PUT
    uri: https://management.azure.com/subscriptions/00000000-0000-0000-0000-000000000000/resourceGroups/cli_test_azure_firewall_rules_with_ipgroups000001/providers/Microsoft.Network/ipGroups/sourceipgroup?api-version=2019-09-01
  response:
    body:
      string: "{\r\n  \"properties\": {\r\n    \"firewalls\": [],\r\n    \"ipAddresses\":
        [\r\n      \"10.0.0.0\",\r\n      \"10.0.0.1\"\r\n    ],\r\n    \"provisioningState\":
        \"Updating\"\r\n  },\r\n  \"id\": \"/subscriptions/00000000-0000-0000-0000-000000000000/resourceGroups/cli_test_azure_firewall_rules_with_ipgroups000001/providers/Microsoft.Network/ipGroups/sourceipgroup\",\r\n
        \ \"name\": \"sourceipgroup\",\r\n  \"type\": \"Microsoft.Network/IpGroups\",\r\n
        \ \"etag\": \"9243a7ce-c98d-4dd4-baf9-9784503dfdf1\",\r\n  \"location\": \"westus\"\r\n}"
    headers:
      azure-asyncoperation:
      - https://management.azure.com/subscriptions/00000000-0000-0000-0000-000000000000/providers/Microsoft.Network/locations/westus/nfvOperations/70b395d7-2735-4998-b6e7-e25e9ff3e4ae?api-version=2019-09-01
      cache-control:
      - no-cache
      content-length:
      - '505'
      content-type:
      - application/json; charset=utf-8
      date:
      - Wed, 15 Jan 2020 14:07:21 GMT
      expires:
      - '-1'
      pragma:
      - no-cache
      server:
      - Microsoft-HTTPAPI/2.0
      strict-transport-security:
      - max-age=31536000; includeSubDomains
      x-content-type-options:
      - nosniff
      x-ms-ratelimit-remaining-subscription-writes:
      - '1198'
    status:
      code: 201
      message: Created
- request:
    body: null
    headers:
      Accept:
      - application/json
      Accept-Encoding:
      - gzip, deflate
      CommandName:
      - network ip-group create
      Connection:
      - keep-alive
      ParameterSetName:
      - -n -g --ip-addresses
      User-Agent:
      - python/3.7.4 (Windows-10-10.0.18362-SP0) msrest/0.6.9 msrest_azure/0.6.2 azure-mgmt-network/7.0.0
        Azure-SDK-For-Python AZURECLI/2.0.79
    method: GET
    uri: https://management.azure.com/subscriptions/00000000-0000-0000-0000-000000000000/providers/Microsoft.Network/locations/westus/nfvOperations/70b395d7-2735-4998-b6e7-e25e9ff3e4ae?api-version=2019-09-01
  response:
    body:
      string: "{\r\n  \"status\": \"Succeeded\"\r\n}"
    headers:
      cache-control:
      - no-cache
      content-length:
      - '29'
      content-type:
      - application/json; charset=utf-8
      date:
      - Wed, 15 Jan 2020 14:07:33 GMT
      expires:
      - '-1'
      pragma:
      - no-cache
      server:
      - Microsoft-HTTPAPI/2.0
      strict-transport-security:
      - max-age=31536000; includeSubDomains
      transfer-encoding:
      - chunked
      vary:
      - Accept-Encoding
      x-content-type-options:
      - nosniff
    status:
      code: 200
      message: OK
- request:
    body: null
    headers:
      Accept:
      - application/json
      Accept-Encoding:
      - gzip, deflate
      CommandName:
      - network ip-group create
      Connection:
      - keep-alive
      ParameterSetName:
      - -n -g --ip-addresses
      User-Agent:
      - python/3.7.4 (Windows-10-10.0.18362-SP0) msrest/0.6.9 msrest_azure/0.6.2 azure-mgmt-network/7.0.0
        Azure-SDK-For-Python AZURECLI/2.0.79
    method: GET
    uri: https://management.azure.com/subscriptions/00000000-0000-0000-0000-000000000000/resourceGroups/cli_test_azure_firewall_rules_with_ipgroups000001/providers/Microsoft.Network/ipGroups/sourceipgroup?api-version=2019-09-01
  response:
    body:
      string: "{\r\n  \"properties\": {\r\n    \"firewalls\": [],\r\n    \"ipAddresses\":
        [\r\n      \"10.0.0.0\",\r\n      \"10.0.0.1\"\r\n    ],\r\n    \"provisioningState\":
        \"Succeeded\"\r\n  },\r\n  \"id\": \"/subscriptions/00000000-0000-0000-0000-000000000000/resourceGroups/cli_test_azure_firewall_rules_with_ipgroups000001/providers/Microsoft.Network/ipGroups/sourceipgroup\",\r\n
        \ \"name\": \"sourceipgroup\",\r\n  \"type\": \"Microsoft.Network/IpGroups\",\r\n
        \ \"etag\": \"9243a7ce-c98d-4dd4-baf9-9784503dfdf1\",\r\n  \"location\": \"westus\"\r\n}"
    headers:
      cache-control:
      - no-cache
      content-length:
      - '506'
      content-type:
      - application/json; charset=utf-8
      date:
      - Wed, 15 Jan 2020 14:07:34 GMT
      expires:
      - '-1'
      pragma:
      - no-cache
      server:
      - Microsoft-HTTPAPI/2.0
      strict-transport-security:
      - max-age=31536000; includeSubDomains
      transfer-encoding:
      - chunked
      vary:
      - Accept-Encoding
      x-content-type-options:
      - nosniff
    status:
      code: 200
      message: OK
- request:
    body: null
    headers:
      Accept:
      - application/json
      Accept-Encoding:
      - gzip, deflate
      CommandName:
      - network ip-group create
      Connection:
      - keep-alive
      ParameterSetName:
      - -n -g --ip-addresses
      User-Agent:
      - python/3.7.4 (Windows-10-10.0.18362-SP0) msrest/0.6.9 msrest_azure/0.6.2 azure-mgmt-resource/6.0.0
        Azure-SDK-For-Python AZURECLI/2.0.79
      accept-language:
      - en-US
    method: GET
    uri: https://management.azure.com/subscriptions/00000000-0000-0000-0000-000000000000/resourcegroups/cli_test_azure_firewall_rules_with_ipgroups000001?api-version=2019-07-01
  response:
    body:
      string: '{"id":"/subscriptions/00000000-0000-0000-0000-000000000000/resourceGroups/cli_test_azure_firewall_rules_with_ipgroups000001","name":"cli_test_azure_firewall_rules_with_ipgroups000001","type":"Microsoft.Resources/resourceGroups","location":"westus","tags":{"product":"azurecli","cause":"automation","date":"2020-01-15T14:07:06Z"},"properties":{"provisioningState":"Succeeded"}}'
    headers:
      cache-control:
      - no-cache
      content-length:
      - '428'
      content-type:
      - application/json; charset=utf-8
      date:
      - Wed, 15 Jan 2020 14:07:35 GMT
      expires:
      - '-1'
      pragma:
      - no-cache
      strict-transport-security:
      - max-age=31536000; includeSubDomains
      vary:
      - Accept-Encoding
      x-content-type-options:
      - nosniff
    status:
      code: 200
      message: OK
- request:
    body: '{"location": "westus", "properties": {"ipAddresses": ["10.0.0.2", "10.0.0.3"]}}'
    headers:
      Accept:
      - application/json
      Accept-Encoding:
      - gzip, deflate
      CommandName:
      - network ip-group create
      Connection:
      - keep-alive
      Content-Length:
      - '79'
      Content-Type:
      - application/json; charset=utf-8
      ParameterSetName:
      - -n -g --ip-addresses
      User-Agent:
      - python/3.7.4 (Windows-10-10.0.18362-SP0) msrest/0.6.9 msrest_azure/0.6.2 azure-mgmt-network/7.0.0
        Azure-SDK-For-Python AZURECLI/2.0.79
      accept-language:
      - en-US
    method: PUT
    uri: https://management.azure.com/subscriptions/00000000-0000-0000-0000-000000000000/resourceGroups/cli_test_azure_firewall_rules_with_ipgroups000001/providers/Microsoft.Network/ipGroups/destinationipgroup?api-version=2019-09-01
  response:
    body:
      string: "{\r\n  \"properties\": {\r\n    \"firewalls\": [],\r\n    \"ipAddresses\":
        [\r\n      \"10.0.0.2\",\r\n      \"10.0.0.3\"\r\n    ],\r\n    \"provisioningState\":
        \"Updating\"\r\n  },\r\n  \"id\": \"/subscriptions/00000000-0000-0000-0000-000000000000/resourceGroups/cli_test_azure_firewall_rules_with_ipgroups000001/providers/Microsoft.Network/ipGroups/destinationipgroup\",\r\n
        \ \"name\": \"destinationipgroup\",\r\n  \"type\": \"Microsoft.Network/IpGroups\",\r\n
        \ \"etag\": \"c6efc404-685f-482f-b853-65ebf1607f21\",\r\n  \"location\": \"westus\"\r\n}"
    headers:
      azure-asyncoperation:
      - https://management.azure.com/subscriptions/00000000-0000-0000-0000-000000000000/providers/Microsoft.Network/locations/westus/nfvOperations/5423602a-37c8-472b-a723-01a4a3979230?api-version=2019-09-01
      cache-control:
      - no-cache
      content-length:
      - '515'
      content-type:
      - application/json; charset=utf-8
      date:
      - Wed, 15 Jan 2020 14:07:44 GMT
      expires:
      - '-1'
      pragma:
      - no-cache
      server:
      - Microsoft-HTTPAPI/2.0
      strict-transport-security:
      - max-age=31536000; includeSubDomains
      x-content-type-options:
      - nosniff
      x-ms-ratelimit-remaining-subscription-writes:
      - '1197'
    status:
      code: 201
      message: Created
- request:
    body: null
    headers:
      Accept:
      - application/json
      Accept-Encoding:
      - gzip, deflate
      CommandName:
      - network ip-group create
      Connection:
      - keep-alive
      ParameterSetName:
      - -n -g --ip-addresses
      User-Agent:
      - python/3.7.4 (Windows-10-10.0.18362-SP0) msrest/0.6.9 msrest_azure/0.6.2 azure-mgmt-network/7.0.0
        Azure-SDK-For-Python AZURECLI/2.0.79
    method: GET
    uri: https://management.azure.com/subscriptions/00000000-0000-0000-0000-000000000000/providers/Microsoft.Network/locations/westus/nfvOperations/5423602a-37c8-472b-a723-01a4a3979230?api-version=2019-09-01
  response:
    body:
      string: "{\r\n  \"status\": \"Succeeded\"\r\n}"
    headers:
      cache-control:
      - no-cache
      content-length:
      - '29'
      content-type:
      - application/json; charset=utf-8
      date:
      - Wed, 15 Jan 2020 14:07:55 GMT
      expires:
      - '-1'
      pragma:
      - no-cache
      server:
      - Microsoft-HTTPAPI/2.0
      strict-transport-security:
      - max-age=31536000; includeSubDomains
      transfer-encoding:
      - chunked
      vary:
      - Accept-Encoding
      x-content-type-options:
      - nosniff
    status:
      code: 200
      message: OK
- request:
    body: null
    headers:
      Accept:
      - application/json
      Accept-Encoding:
      - gzip, deflate
      CommandName:
      - network ip-group create
      Connection:
      - keep-alive
      ParameterSetName:
      - -n -g --ip-addresses
      User-Agent:
      - python/3.7.4 (Windows-10-10.0.18362-SP0) msrest/0.6.9 msrest_azure/0.6.2 azure-mgmt-network/7.0.0
        Azure-SDK-For-Python AZURECLI/2.0.79
    method: GET
    uri: https://management.azure.com/subscriptions/00000000-0000-0000-0000-000000000000/resourceGroups/cli_test_azure_firewall_rules_with_ipgroups000001/providers/Microsoft.Network/ipGroups/destinationipgroup?api-version=2019-09-01
  response:
    body:
      string: "{\r\n  \"properties\": {\r\n    \"firewalls\": [],\r\n    \"ipAddresses\":
        [\r\n      \"10.0.0.2\",\r\n      \"10.0.0.3\"\r\n    ],\r\n    \"provisioningState\":
        \"Succeeded\"\r\n  },\r\n  \"id\": \"/subscriptions/00000000-0000-0000-0000-000000000000/resourceGroups/cli_test_azure_firewall_rules_with_ipgroups000001/providers/Microsoft.Network/ipGroups/destinationipgroup\",\r\n
        \ \"name\": \"destinationipgroup\",\r\n  \"type\": \"Microsoft.Network/IpGroups\",\r\n
        \ \"etag\": \"c6efc404-685f-482f-b853-65ebf1607f21\",\r\n  \"location\": \"westus\"\r\n}"
    headers:
      cache-control:
      - no-cache
      content-length:
      - '516'
      content-type:
      - application/json; charset=utf-8
      date:
      - Wed, 15 Jan 2020 14:07:56 GMT
      expires:
      - '-1'
      pragma:
      - no-cache
      server:
      - Microsoft-HTTPAPI/2.0
      strict-transport-security:
      - max-age=31536000; includeSubDomains
      transfer-encoding:
      - chunked
      vary:
      - Accept-Encoding
      x-content-type-options:
      - nosniff
    status:
      code: 200
      message: OK
- request:
    body: null
    headers:
      Accept:
      - application/json
      Accept-Encoding:
      - gzip, deflate
      CommandName:
      - network firewall create
      Connection:
      - keep-alive
      ParameterSetName:
      - -g -n
      User-Agent:
      - python/3.7.4 (Windows-10-10.0.18362-SP0) msrest/0.6.9 msrest_azure/0.6.2 azure-mgmt-resource/6.0.0
        Azure-SDK-For-Python AZURECLI/2.0.79
      accept-language:
      - en-US
    method: GET
    uri: https://management.azure.com/subscriptions/00000000-0000-0000-0000-000000000000/resourcegroups/cli_test_azure_firewall_rules_with_ipgroups000001?api-version=2019-07-01
  response:
    body:
      string: '{"id":"/subscriptions/00000000-0000-0000-0000-000000000000/resourceGroups/cli_test_azure_firewall_rules_with_ipgroups000001","name":"cli_test_azure_firewall_rules_with_ipgroups000001","type":"Microsoft.Resources/resourceGroups","location":"westus","tags":{"product":"azurecli","cause":"automation","date":"2020-01-15T14:07:06Z"},"properties":{"provisioningState":"Succeeded"}}'
    headers:
      cache-control:
      - no-cache
      content-length:
      - '428'
      content-type:
      - application/json; charset=utf-8
      date:
      - Wed, 15 Jan 2020 14:07:58 GMT
      expires:
      - '-1'
      pragma:
      - no-cache
      strict-transport-security:
      - max-age=31536000; includeSubDomains
      vary:
      - Accept-Encoding
      x-content-type-options:
      - nosniff
    status:
      code: 200
      message: OK
- request:
    body: '{"location": "westus", "properties": {"additionalProperties": {}}}'
    headers:
      Accept:
      - application/json
      Accept-Encoding:
      - gzip, deflate
      CommandName:
      - network firewall create
      Connection:
      - keep-alive
      Content-Length:
      - '66'
      Content-Type:
      - application/json; charset=utf-8
      ParameterSetName:
      - -g -n
      User-Agent:
      - python/3.7.4 (Windows-10-10.0.18362-SP0) msrest/0.6.9 msrest_azure/0.6.2 azure-mgmt-network/9.0.0
        Azure-SDK-For-Python AZURECLI/2.0.79
      accept-language:
      - en-US
    method: PUT
    uri: https://management.azure.com/subscriptions/00000000-0000-0000-0000-000000000000/resourceGroups/cli_test_azure_firewall_rules_with_ipgroups000001/providers/Microsoft.Network/azureFirewalls/af1?api-version=2019-11-01
  response:
    body:
      string: "{\r\n  \"name\": \"af1\",\r\n  \"id\": \"/subscriptions/00000000-0000-0000-0000-000000000000/resourceGroups/cli_test_azure_firewall_rules_with_ipgroups000001/providers/Microsoft.Network/azureFirewalls/af1\",\r\n
        \ \"etag\": \"W/\\\"8e544f05-d650-4f80-9063-7e2abb8f3766\\\"\",\r\n  \"type\":
        \"Microsoft.Network/azureFirewalls\",\r\n  \"location\": \"westus\",\r\n  \"properties\":
        {\r\n    \"provisioningState\": \"Updating\",\r\n    \"sku\": {\r\n      \"name\":
        \"AZFW_VNet\",\r\n      \"tier\": \"Standard\"\r\n    },\r\n    \"threatIntelMode\":
        \"Alert\",\r\n    \"additionalProperties\": {},\r\n    \"ipConfigurations\":
        [],\r\n    \"networkRuleCollections\": [],\r\n    \"applicationRuleCollections\":
        [],\r\n    \"natRuleCollections\": []\r\n  }\r\n}"
    headers:
      azure-asyncoperation:
      - https://management.azure.com/subscriptions/00000000-0000-0000-0000-000000000000/providers/Microsoft.Network/locations/westus/operations/a62434dc-8bef-406a-ab8d-15d7e1d89859?api-version=2019-11-01
      cache-control:
      - no-cache
      content-length:
      - '690'
      content-type:
      - application/json; charset=utf-8
      date:
      - Wed, 15 Jan 2020 14:08:03 GMT
      expires:
      - '-1'
      pragma:
      - no-cache
      server:
      - Microsoft-HTTPAPI/2.0
      - Microsoft-HTTPAPI/2.0
      strict-transport-security:
      - max-age=31536000; includeSubDomains
      x-content-type-options:
      - nosniff
      x-ms-arm-service-request-id:
      - bcfbbcd3-5c13-480f-bd2f-2e9628b2cada
      x-ms-ratelimit-remaining-subscription-writes:
      - '1199'
    status:
      code: 201
      message: Created
- request:
    body: null
    headers:
      Accept:
      - application/json
      Accept-Encoding:
      - gzip, deflate
      CommandName:
      - network firewall create
      Connection:
      - keep-alive
      ParameterSetName:
      - -g -n
      User-Agent:
      - python/3.7.4 (Windows-10-10.0.18362-SP0) msrest/0.6.9 msrest_azure/0.6.2 azure-mgmt-network/9.0.0
        Azure-SDK-For-Python AZURECLI/2.0.79
    method: GET
    uri: https://management.azure.com/subscriptions/00000000-0000-0000-0000-000000000000/providers/Microsoft.Network/locations/westus/operations/a62434dc-8bef-406a-ab8d-15d7e1d89859?api-version=2019-11-01
  response:
    body:
      string: "{\r\n  \"status\": \"Succeeded\"\r\n}"
    headers:
      cache-control:
      - no-cache
      content-length:
      - '29'
      content-type:
      - application/json; charset=utf-8
      date:
      - Wed, 15 Jan 2020 14:08:13 GMT
      expires:
      - '-1'
      pragma:
      - no-cache
      server:
      - Microsoft-HTTPAPI/2.0
      - Microsoft-HTTPAPI/2.0
      strict-transport-security:
      - max-age=31536000; includeSubDomains
      transfer-encoding:
      - chunked
      vary:
      - Accept-Encoding
      x-content-type-options:
      - nosniff
      x-ms-arm-service-request-id:
      - 40088461-5b2e-4816-972d-c228ac3e171f
    status:
      code: 200
      message: OK
- request:
    body: null
    headers:
      Accept:
      - application/json
      Accept-Encoding:
      - gzip, deflate
      CommandName:
      - network firewall create
      Connection:
      - keep-alive
      ParameterSetName:
      - -g -n
      User-Agent:
      - python/3.7.4 (Windows-10-10.0.18362-SP0) msrest/0.6.9 msrest_azure/0.6.2 azure-mgmt-network/9.0.0
        Azure-SDK-For-Python AZURECLI/2.0.79
    method: GET
    uri: https://management.azure.com/subscriptions/00000000-0000-0000-0000-000000000000/resourceGroups/cli_test_azure_firewall_rules_with_ipgroups000001/providers/Microsoft.Network/azureFirewalls/af1?api-version=2019-11-01
  response:
    body:
      string: "{\r\n  \"name\": \"af1\",\r\n  \"id\": \"/subscriptions/00000000-0000-0000-0000-000000000000/resourceGroups/cli_test_azure_firewall_rules_with_ipgroups000001/providers/Microsoft.Network/azureFirewalls/af1\",\r\n
        \ \"etag\": \"W/\\\"b2437df9-1448-4a39-9707-5e1ebb2c4e98\\\"\",\r\n  \"type\":
        \"Microsoft.Network/azureFirewalls\",\r\n  \"location\": \"westus\",\r\n  \"properties\":
        {\r\n    \"provisioningState\": \"Succeeded\",\r\n    \"sku\": {\r\n      \"name\":
        \"AZFW_VNet\",\r\n      \"tier\": \"Standard\"\r\n    },\r\n    \"threatIntelMode\":
        \"Alert\",\r\n    \"additionalProperties\": {},\r\n    \"ipConfigurations\":
        [],\r\n    \"networkRuleCollections\": [],\r\n    \"applicationRuleCollections\":
        [],\r\n    \"natRuleCollections\": []\r\n  }\r\n}"
    headers:
      cache-control:
      - no-cache
      content-length:
      - '691'
      content-type:
      - application/json; charset=utf-8
      date:
      - Wed, 15 Jan 2020 14:08:14 GMT
      etag:
      - W/"b2437df9-1448-4a39-9707-5e1ebb2c4e98"
      expires:
      - '-1'
      pragma:
      - no-cache
      server:
      - Microsoft-HTTPAPI/2.0
      - Microsoft-HTTPAPI/2.0
      strict-transport-security:
      - max-age=31536000; includeSubDomains
      transfer-encoding:
      - chunked
      vary:
      - Accept-Encoding
      x-content-type-options:
      - nosniff
      x-ms-arm-service-request-id:
      - 2160ee61-f771-4cbd-819e-ee34f6f51e64
    status:
      code: 200
      message: OK
- request:
    body: null
    headers:
      Accept:
      - application/json
      Accept-Encoding:
      - gzip, deflate
      CommandName:
      - network firewall network-rule create
      Connection:
      - keep-alive
      ParameterSetName:
      - -g -n -c --priority --action -f --source-addresses --protocols --destination-ip-groups
        --destination-ports
      User-Agent:
      - python/3.7.4 (Windows-10-10.0.18362-SP0) msrest/0.6.9 msrest_azure/0.6.2 azure-mgmt-network/9.0.0
        Azure-SDK-For-Python AZURECLI/2.0.79
      accept-language:
      - en-US
    method: GET
    uri: https://management.azure.com/subscriptions/00000000-0000-0000-0000-000000000000/resourceGroups/cli_test_azure_firewall_rules_with_ipgroups000001/providers/Microsoft.Network/azureFirewalls/af1?api-version=2019-11-01
  response:
    body:
      string: "{\r\n  \"name\": \"af1\",\r\n  \"id\": \"/subscriptions/00000000-0000-0000-0000-000000000000/resourceGroups/cli_test_azure_firewall_rules_with_ipgroups000001/providers/Microsoft.Network/azureFirewalls/af1\",\r\n
        \ \"etag\": \"W/\\\"b2437df9-1448-4a39-9707-5e1ebb2c4e98\\\"\",\r\n  \"type\":
        \"Microsoft.Network/azureFirewalls\",\r\n  \"location\": \"westus\",\r\n  \"properties\":
        {\r\n    \"provisioningState\": \"Succeeded\",\r\n    \"sku\": {\r\n      \"name\":
        \"AZFW_VNet\",\r\n      \"tier\": \"Standard\"\r\n    },\r\n    \"threatIntelMode\":
        \"Alert\",\r\n    \"additionalProperties\": {},\r\n    \"ipConfigurations\":
        [],\r\n    \"networkRuleCollections\": [],\r\n    \"applicationRuleCollections\":
        [],\r\n    \"natRuleCollections\": []\r\n  }\r\n}"
    headers:
      cache-control:
      - no-cache
      content-length:
      - '691'
      content-type:
      - application/json; charset=utf-8
      date:
      - Wed, 15 Jan 2020 14:08:16 GMT
      etag:
      - W/"b2437df9-1448-4a39-9707-5e1ebb2c4e98"
      expires:
      - '-1'
      pragma:
      - no-cache
      server:
      - Microsoft-HTTPAPI/2.0
      - Microsoft-HTTPAPI/2.0
      strict-transport-security:
      - max-age=31536000; includeSubDomains
      transfer-encoding:
      - chunked
      vary:
      - Accept-Encoding
      x-content-type-options:
      - nosniff
      x-ms-arm-service-request-id:
      - 2b22c5b1-d547-452b-850c-9c443f27aaf9
    status:
      code: 200
      message: OK
- request:
    body: 'b''{"id": "/subscriptions/00000000-0000-0000-0000-000000000000/resourceGroups/cli_test_azure_firewall_rules_with_ipgroups000001/providers/Microsoft.Network/azureFirewalls/af1",
      "location": "westus", "properties": {"applicationRuleCollections": [], "natRuleCollections":
      [], "networkRuleCollections": [{"properties": {"priority": 10000, "action":
      {"type": "Allow"}, "rules": [{"name": "network-rule1", "protocols": ["UDP",
      "TCP", "ICMP"], "sourceAddresses": ["10.0.0.0", "111.1.0.0/24"], "destinationPorts":
      ["80"], "destinationIpGroups": ["/subscriptions/00000000-0000-0000-0000-000000000000/resourceGroups/cli_test_azure_firewall_rules_with_ipgroups000001/providers/Microsoft.Network/ipGroups/destinationipgroup"]}]},
      "name": "rc1"}], "ipConfigurations": [], "threatIntelMode": "Alert", "sku":
      {"name": "AZFW_VNet", "tier": "Standard"}, "additionalProperties": {}}}'''
    headers:
      Accept:
      - application/json
      Accept-Encoding:
      - gzip, deflate
      CommandName:
      - network firewall network-rule create
      Connection:
      - keep-alive
      Content-Length:
      - '915'
      Content-Type:
      - application/json; charset=utf-8
      ParameterSetName:
      - -g -n -c --priority --action -f --source-addresses --protocols --destination-ip-groups
        --destination-ports
      User-Agent:
      - python/3.7.4 (Windows-10-10.0.18362-SP0) msrest/0.6.9 msrest_azure/0.6.2 azure-mgmt-network/9.0.0
        Azure-SDK-For-Python AZURECLI/2.0.79
      accept-language:
      - en-US
    method: PUT
    uri: https://management.azure.com/subscriptions/00000000-0000-0000-0000-000000000000/resourceGroups/cli_test_azure_firewall_rules_with_ipgroups000001/providers/Microsoft.Network/azureFirewalls/af1?api-version=2019-11-01
  response:
    body:
      string: "{\r\n  \"name\": \"af1\",\r\n  \"id\": \"/subscriptions/00000000-0000-0000-0000-000000000000/resourceGroups/cli_test_azure_firewall_rules_with_ipgroups000001/providers/Microsoft.Network/azureFirewalls/af1\",\r\n
        \ \"etag\": \"W/\\\"354bad05-56a6-4700-b8a8-c9eeaa3bc07d\\\"\",\r\n  \"type\":
        \"Microsoft.Network/azureFirewalls\",\r\n  \"location\": \"westus\",\r\n  \"properties\":
        {\r\n    \"provisioningState\": \"Updating\",\r\n    \"sku\": {\r\n      \"name\":
        \"AZFW_VNet\",\r\n      \"tier\": \"Standard\"\r\n    },\r\n    \"threatIntelMode\":
        \"Alert\",\r\n    \"additionalProperties\": {},\r\n    \"ipConfigurations\":
        [],\r\n    \"networkRuleCollections\": [\r\n      {\r\n        \"name\": \"rc1\",\r\n
        \       \"id\": \"/subscriptions/00000000-0000-0000-0000-000000000000/resourceGroups/cli_test_azure_firewall_rules_with_ipgroups000001/providers/Microsoft.Network/azureFirewalls/af1/networkRuleCollections/rc1\",\r\n
        \       \"etag\": \"W/\\\"354bad05-56a6-4700-b8a8-c9eeaa3bc07d\\\"\",\r\n
        \       \"properties\": {\r\n          \"provisioningState\": \"Updating\",\r\n
        \         \"priority\": 10000,\r\n          \"action\": {\r\n            \"type\":
        \"Allow\"\r\n          },\r\n          \"rules\": [\r\n            {\r\n              \"name\":
        \"network-rule1\",\r\n              \"protocols\": [\r\n                \"UDP\",\r\n
        \               \"TCP\",\r\n                \"ICMP\"\r\n              ],\r\n
        \             \"sourceAddresses\": [\r\n                \"10.0.0.0\",\r\n
        \               \"111.1.0.0/24\"\r\n              ],\r\n              \"destinationAddresses\":
        [],\r\n              \"sourceIpGroups\": [],\r\n              \"destinationIpGroups\":
        [\r\n                \"/subscriptions/00000000-0000-0000-0000-000000000000/resourceGroups/cli_test_azure_firewall_rules_with_ipgroups000001/providers/Microsoft.Network/ipGroups/destinationipgroup\"\r\n
        \             ],\r\n              \"destinationFqdns\": [],\r\n              \"destinationPorts\":
        [\r\n                \"80\"\r\n              ]\r\n            }\r\n          ]\r\n
        \       },\r\n        \"type\": \"Microsoft.Network/azureFirewalls/networkRuleCollections\"\r\n
        \     }\r\n    ],\r\n    \"applicationRuleCollections\": [],\r\n    \"natRuleCollections\":
        []\r\n  }\r\n}"
    headers:
      azure-asyncoperation:
      - https://management.azure.com/subscriptions/00000000-0000-0000-0000-000000000000/providers/Microsoft.Network/locations/westus/operations/1f63e8d4-a893-4e07-9f11-275c28aecf9a?api-version=2019-11-01
      cache-control:
      - no-cache
      content-length:
      - '2099'
      content-type:
      - application/json; charset=utf-8
      date:
      - Wed, 15 Jan 2020 14:08:17 GMT
      expires:
      - '-1'
      pragma:
      - no-cache
      server:
      - Microsoft-HTTPAPI/2.0
      - Microsoft-HTTPAPI/2.0
      strict-transport-security:
      - max-age=31536000; includeSubDomains
      transfer-encoding:
      - chunked
      vary:
      - Accept-Encoding
      x-content-type-options:
      - nosniff
      x-ms-arm-service-request-id:
      - 79ece941-3ac4-4537-98cd-0d4d7c1fb47e
      x-ms-ratelimit-remaining-subscription-writes:
      - '1198'
    status:
      code: 200
      message: OK
- request:
    body: null
    headers:
      Accept:
      - application/json
      Accept-Encoding:
      - gzip, deflate
      CommandName:
      - network firewall network-rule create
      Connection:
      - keep-alive
      ParameterSetName:
      - -g -n -c --priority --action -f --source-addresses --protocols --destination-ip-groups
        --destination-ports
      User-Agent:
      - python/3.7.4 (Windows-10-10.0.18362-SP0) msrest/0.6.9 msrest_azure/0.6.2 azure-mgmt-network/9.0.0
        Azure-SDK-For-Python AZURECLI/2.0.79
    method: GET
    uri: https://management.azure.com/subscriptions/00000000-0000-0000-0000-000000000000/providers/Microsoft.Network/locations/westus/operations/1f63e8d4-a893-4e07-9f11-275c28aecf9a?api-version=2019-11-01
  response:
    body:
      string: "{\r\n  \"status\": \"Succeeded\"\r\n}"
    headers:
      cache-control:
      - no-cache
      content-length:
      - '29'
      content-type:
      - application/json; charset=utf-8
      date:
      - Wed, 15 Jan 2020 14:08:28 GMT
      expires:
      - '-1'
      pragma:
      - no-cache
      server:
      - Microsoft-HTTPAPI/2.0
      - Microsoft-HTTPAPI/2.0
      strict-transport-security:
      - max-age=31536000; includeSubDomains
      transfer-encoding:
      - chunked
      vary:
      - Accept-Encoding
      x-content-type-options:
      - nosniff
      x-ms-arm-service-request-id:
      - 9958737e-3559-40e9-82b7-6240b21044be
    status:
      code: 200
      message: OK
- request:
    body: null
    headers:
      Accept:
      - application/json
      Accept-Encoding:
      - gzip, deflate
      CommandName:
      - network firewall network-rule create
      Connection:
      - keep-alive
      ParameterSetName:
      - -g -n -c --priority --action -f --source-addresses --protocols --destination-ip-groups
        --destination-ports
      User-Agent:
      - python/3.7.4 (Windows-10-10.0.18362-SP0) msrest/0.6.9 msrest_azure/0.6.2 azure-mgmt-network/9.0.0
        Azure-SDK-For-Python AZURECLI/2.0.79
    method: GET
    uri: https://management.azure.com/subscriptions/00000000-0000-0000-0000-000000000000/resourceGroups/cli_test_azure_firewall_rules_with_ipgroups000001/providers/Microsoft.Network/azureFirewalls/af1?api-version=2019-11-01
  response:
    body:
      string: "{\r\n  \"name\": \"af1\",\r\n  \"id\": \"/subscriptions/00000000-0000-0000-0000-000000000000/resourceGroups/cli_test_azure_firewall_rules_with_ipgroups000001/providers/Microsoft.Network/azureFirewalls/af1\",\r\n
        \ \"etag\": \"W/\\\"1d094507-1c40-4e84-ae43-8e0413224e9f\\\"\",\r\n  \"type\":
        \"Microsoft.Network/azureFirewalls\",\r\n  \"location\": \"westus\",\r\n  \"properties\":
        {\r\n    \"provisioningState\": \"Succeeded\",\r\n    \"sku\": {\r\n      \"name\":
        \"AZFW_VNet\",\r\n      \"tier\": \"Standard\"\r\n    },\r\n    \"threatIntelMode\":
        \"Alert\",\r\n    \"additionalProperties\": {},\r\n    \"ipConfigurations\":
        [],\r\n    \"networkRuleCollections\": [\r\n      {\r\n        \"name\": \"rc1\",\r\n
        \       \"id\": \"/subscriptions/00000000-0000-0000-0000-000000000000/resourceGroups/cli_test_azure_firewall_rules_with_ipgroups000001/providers/Microsoft.Network/azureFirewalls/af1/networkRuleCollections/rc1\",\r\n
        \       \"etag\": \"W/\\\"1d094507-1c40-4e84-ae43-8e0413224e9f\\\"\",\r\n
        \       \"properties\": {\r\n          \"provisioningState\": \"Succeeded\",\r\n
        \         \"priority\": 10000,\r\n          \"action\": {\r\n            \"type\":
        \"Allow\"\r\n          },\r\n          \"rules\": [\r\n            {\r\n              \"name\":
        \"network-rule1\",\r\n              \"protocols\": [\r\n                \"UDP\",\r\n
        \               \"TCP\",\r\n                \"ICMP\"\r\n              ],\r\n
        \             \"sourceAddresses\": [\r\n                \"10.0.0.0\",\r\n
        \               \"111.1.0.0/24\"\r\n              ],\r\n              \"destinationAddresses\":
        [],\r\n              \"sourceIpGroups\": [],\r\n              \"destinationIpGroups\":
        [\r\n                \"/subscriptions/00000000-0000-0000-0000-000000000000/resourceGroups/cli_test_azure_firewall_rules_with_ipgroups000001/providers/Microsoft.Network/ipGroups/destinationipgroup\"\r\n
        \             ],\r\n              \"destinationFqdns\": [],\r\n              \"destinationPorts\":
        [\r\n                \"80\"\r\n              ]\r\n            }\r\n          ]\r\n
        \       },\r\n        \"type\": \"Microsoft.Network/azureFirewalls/networkRuleCollections\"\r\n
        \     }\r\n    ],\r\n    \"applicationRuleCollections\": [],\r\n    \"natRuleCollections\":
        []\r\n  }\r\n}"
    headers:
      cache-control:
      - no-cache
      content-length:
      - '2101'
      content-type:
      - application/json; charset=utf-8
      date:
      - Wed, 15 Jan 2020 14:08:28 GMT
      etag:
      - W/"1d094507-1c40-4e84-ae43-8e0413224e9f"
      expires:
      - '-1'
      pragma:
      - no-cache
      server:
      - Microsoft-HTTPAPI/2.0
      - Microsoft-HTTPAPI/2.0
      strict-transport-security:
      - max-age=31536000; includeSubDomains
      transfer-encoding:
      - chunked
      vary:
      - Accept-Encoding
      x-content-type-options:
      - nosniff
      x-ms-arm-service-request-id:
      - f30af49f-f8eb-4c47-805f-5f918d07acb8
    status:
      code: 200
      message: OK
- request:
    body: null
    headers:
      Accept:
      - application/json
      Accept-Encoding:
      - gzip, deflate
      CommandName:
      - network firewall nat-rule create
      Connection:
      - keep-alive
      ParameterSetName:
      - -g -n -c --priority --action -f --source-addresses --protocols --translated-fqdn
        --destination-ports --destination-addresses --translated-port --source-ip-groups
      User-Agent:
      - python/3.7.4 (Windows-10-10.0.18362-SP0) msrest/0.6.9 msrest_azure/0.6.2 azure-mgmt-network/9.0.0
        Azure-SDK-For-Python AZURECLI/2.0.79
      accept-language:
      - en-US
    method: GET
    uri: https://management.azure.com/subscriptions/00000000-0000-0000-0000-000000000000/resourceGroups/cli_test_azure_firewall_rules_with_ipgroups000001/providers/Microsoft.Network/azureFirewalls/af1?api-version=2019-11-01
  response:
    body:
      string: "{\r\n  \"name\": \"af1\",\r\n  \"id\": \"/subscriptions/00000000-0000-0000-0000-000000000000/resourceGroups/cli_test_azure_firewall_rules_with_ipgroups000001/providers/Microsoft.Network/azureFirewalls/af1\",\r\n
        \ \"etag\": \"W/\\\"1d094507-1c40-4e84-ae43-8e0413224e9f\\\"\",\r\n  \"type\":
        \"Microsoft.Network/azureFirewalls\",\r\n  \"location\": \"westus\",\r\n  \"properties\":
        {\r\n    \"provisioningState\": \"Succeeded\",\r\n    \"sku\": {\r\n      \"name\":
        \"AZFW_VNet\",\r\n      \"tier\": \"Standard\"\r\n    },\r\n    \"threatIntelMode\":
        \"Alert\",\r\n    \"additionalProperties\": {},\r\n    \"ipConfigurations\":
        [],\r\n    \"networkRuleCollections\": [\r\n      {\r\n        \"name\": \"rc1\",\r\n
        \       \"id\": \"/subscriptions/00000000-0000-0000-0000-000000000000/resourceGroups/cli_test_azure_firewall_rules_with_ipgroups000001/providers/Microsoft.Network/azureFirewalls/af1/networkRuleCollections/rc1\",\r\n
        \       \"etag\": \"W/\\\"1d094507-1c40-4e84-ae43-8e0413224e9f\\\"\",\r\n
        \       \"properties\": {\r\n          \"provisioningState\": \"Succeeded\",\r\n
        \         \"priority\": 10000,\r\n          \"action\": {\r\n            \"type\":
        \"Allow\"\r\n          },\r\n          \"rules\": [\r\n            {\r\n              \"name\":
        \"network-rule1\",\r\n              \"protocols\": [\r\n                \"UDP\",\r\n
        \               \"TCP\",\r\n                \"ICMP\"\r\n              ],\r\n
        \             \"sourceAddresses\": [\r\n                \"10.0.0.0\",\r\n
        \               \"111.1.0.0/24\"\r\n              ],\r\n              \"destinationAddresses\":
        [],\r\n              \"sourceIpGroups\": [],\r\n              \"destinationIpGroups\":
        [\r\n                \"/subscriptions/00000000-0000-0000-0000-000000000000/resourceGroups/cli_test_azure_firewall_rules_with_ipgroups000001/providers/Microsoft.Network/ipGroups/destinationipgroup\"\r\n
        \             ],\r\n              \"destinationFqdns\": [],\r\n              \"destinationPorts\":
        [\r\n                \"80\"\r\n              ]\r\n            }\r\n          ]\r\n
        \       },\r\n        \"type\": \"Microsoft.Network/azureFirewalls/networkRuleCollections\"\r\n
        \     }\r\n    ],\r\n    \"applicationRuleCollections\": [],\r\n    \"natRuleCollections\":
        []\r\n  }\r\n}"
    headers:
      cache-control:
      - no-cache
      content-length:
      - '2101'
      content-type:
      - application/json; charset=utf-8
      date:
      - Wed, 15 Jan 2020 14:08:29 GMT
      etag:
      - W/"1d094507-1c40-4e84-ae43-8e0413224e9f"
      expires:
      - '-1'
      pragma:
      - no-cache
      server:
      - Microsoft-HTTPAPI/2.0
      - Microsoft-HTTPAPI/2.0
      strict-transport-security:
      - max-age=31536000; includeSubDomains
      transfer-encoding:
      - chunked
      vary:
      - Accept-Encoding
      x-content-type-options:
      - nosniff
      x-ms-arm-service-request-id:
      - a80d92ba-300c-477e-9889-48d929a615bf
    status:
      code: 200
      message: OK
- request:
    body: 'b''{"id": "/subscriptions/00000000-0000-0000-0000-000000000000/resourceGroups/cli_test_azure_firewall_rules_with_ipgroups000001/providers/Microsoft.Network/azureFirewalls/af1",
      "location": "westus", "properties": {"applicationRuleCollections": [], "natRuleCollections":
      [{"properties": {"priority": 10001, "action": {"type": "Dnat"}, "rules": [{"name":
      "network-rule1", "sourceAddresses": ["10.0.0.0", "111.1.0.0/24"], "destinationAddresses":
      ["12.36.22.14"], "destinationPorts": ["96"], "protocols": ["UDP", "TCP"], "translatedPort":
      "95", "translatedFqdn": "server1.internal.com", "sourceIpGroups": ["/subscriptions/00000000-0000-0000-0000-000000000000/resourceGroups/cli_test_azure_firewall_rules_with_ipgroups000001/providers/Microsoft.Network/ipGroups/sourceipgroup"]}]},
      "name": "rc2"}], "networkRuleCollections": [{"id": "/subscriptions/00000000-0000-0000-0000-000000000000/resourceGroups/cli_test_azure_firewall_rules_with_ipgroups000001/providers/Microsoft.Network/azureFirewalls/af1/networkRuleCollections/rc1",
      "properties": {"priority": 10000, "action": {"type": "Allow"}, "rules": [{"name":
      "network-rule1", "protocols": ["UDP", "TCP", "ICMP"], "sourceAddresses": ["10.0.0.0",
      "111.1.0.0/24"], "destinationAddresses": [], "destinationPorts": ["80"], "destinationFqdns":
      [], "sourceIpGroups": [], "destinationIpGroups": ["/subscriptions/00000000-0000-0000-0000-000000000000/resourceGroups/cli_test_azure_firewall_rules_with_ipgroups000001/providers/Microsoft.Network/ipGroups/destinationipgroup"]}]},
      "name": "rc1"}], "ipConfigurations": [], "threatIntelMode": "Alert", "sku":
      {"name": "AZFW_VNet", "tier": "Standard"}, "additionalProperties": {}}}'''
    headers:
      Accept:
      - application/json
      Accept-Encoding:
      - gzip, deflate
      CommandName:
      - network firewall nat-rule create
      Connection:
      - keep-alive
      Content-Length:
      - '1761'
      Content-Type:
      - application/json; charset=utf-8
      ParameterSetName:
      - -g -n -c --priority --action -f --source-addresses --protocols --translated-fqdn
        --destination-ports --destination-addresses --translated-port --source-ip-groups
      User-Agent:
      - python/3.7.4 (Windows-10-10.0.18362-SP0) msrest/0.6.9 msrest_azure/0.6.2 azure-mgmt-network/9.0.0
        Azure-SDK-For-Python AZURECLI/2.0.79
      accept-language:
      - en-US
    method: PUT
    uri: https://management.azure.com/subscriptions/00000000-0000-0000-0000-000000000000/resourceGroups/cli_test_azure_firewall_rules_with_ipgroups000001/providers/Microsoft.Network/azureFirewalls/af1?api-version=2019-11-01
  response:
    body:
      string: "{\r\n  \"name\": \"af1\",\r\n  \"id\": \"/subscriptions/00000000-0000-0000-0000-000000000000/resourceGroups/cli_test_azure_firewall_rules_with_ipgroups000001/providers/Microsoft.Network/azureFirewalls/af1\",\r\n
        \ \"etag\": \"W/\\\"c0cc179e-caf3-429a-9de4-4b491b3a021b\\\"\",\r\n  \"type\":
        \"Microsoft.Network/azureFirewalls\",\r\n  \"location\": \"westus\",\r\n  \"properties\":
        {\r\n    \"provisioningState\": \"Updating\",\r\n    \"sku\": {\r\n      \"name\":
        \"AZFW_VNet\",\r\n      \"tier\": \"Standard\"\r\n    },\r\n    \"threatIntelMode\":
        \"Alert\",\r\n    \"additionalProperties\": {},\r\n    \"ipConfigurations\":
        [],\r\n    \"networkRuleCollections\": [\r\n      {\r\n        \"name\": \"rc1\",\r\n
        \       \"id\": \"/subscriptions/00000000-0000-0000-0000-000000000000/resourceGroups/cli_test_azure_firewall_rules_with_ipgroups000001/providers/Microsoft.Network/azureFirewalls/af1/networkRuleCollections/rc1\",\r\n
        \       \"etag\": \"W/\\\"c0cc179e-caf3-429a-9de4-4b491b3a021b\\\"\",\r\n
        \       \"properties\": {\r\n          \"provisioningState\": \"Updating\",\r\n
        \         \"priority\": 10000,\r\n          \"action\": {\r\n            \"type\":
        \"Allow\"\r\n          },\r\n          \"rules\": [\r\n            {\r\n              \"name\":
        \"network-rule1\",\r\n              \"protocols\": [\r\n                \"UDP\",\r\n
        \               \"TCP\",\r\n                \"ICMP\"\r\n              ],\r\n
        \             \"sourceAddresses\": [\r\n                \"10.0.0.0\",\r\n
        \               \"111.1.0.0/24\"\r\n              ],\r\n              \"destinationAddresses\":
        [],\r\n              \"sourceIpGroups\": [],\r\n              \"destinationIpGroups\":
        [\r\n                \"/subscriptions/00000000-0000-0000-0000-000000000000/resourceGroups/cli_test_azure_firewall_rules_with_ipgroups000001/providers/Microsoft.Network/ipGroups/destinationipgroup\"\r\n
        \             ],\r\n              \"destinationFqdns\": [],\r\n              \"destinationPorts\":
        [\r\n                \"80\"\r\n              ]\r\n            }\r\n          ]\r\n
        \       },\r\n        \"type\": \"Microsoft.Network/azureFirewalls/networkRuleCollections\"\r\n
        \     }\r\n    ],\r\n    \"applicationRuleCollections\": [],\r\n    \"natRuleCollections\":
        [\r\n      {\r\n        \"name\": \"rc2\",\r\n        \"id\": \"/subscriptions/00000000-0000-0000-0000-000000000000/resourceGroups/cli_test_azure_firewall_rules_with_ipgroups000001/providers/Microsoft.Network/azureFirewalls/af1/natRuleCollections/rc2\",\r\n
        \       \"etag\": \"W/\\\"c0cc179e-caf3-429a-9de4-4b491b3a021b\\\"\",\r\n
        \       \"properties\": {\r\n          \"provisioningState\": \"Updating\",\r\n
        \         \"priority\": 10001,\r\n          \"action\": {\r\n            \"type\":
        \"Dnat\"\r\n          },\r\n          \"rules\": [\r\n            {\r\n              \"name\":
        \"network-rule1\",\r\n              \"protocols\": [\r\n                \"UDP\",\r\n
        \               \"TCP\"\r\n              ],\r\n              \"translatedFqdn\":
        \"server1.internal.com\",\r\n              \"translatedPort\": \"95\",\r\n
        \             \"sourceAddresses\": [\r\n                \"10.0.0.0\",\r\n
        \               \"111.1.0.0/24\"\r\n              ],\r\n              \"sourceIpGroups\":
        [\r\n                \"/subscriptions/00000000-0000-0000-0000-000000000000/resourceGroups/cli_test_azure_firewall_rules_with_ipgroups000001/providers/Microsoft.Network/ipGroups/sourceipgroup\"\r\n
        \             ],\r\n              \"destinationAddresses\": [\r\n                \"12.36.22.14\"\r\n
        \             ],\r\n              \"destinationPorts\": [\r\n                \"96\"\r\n
        \             ]\r\n            }\r\n          ]\r\n        },\r\n        \"type\":
        \"Microsoft.Network/azureFirewalls/natRuleCollections\"\r\n      }\r\n    ]\r\n
        \ }\r\n}"
    headers:
      azure-asyncoperation:
      - https://management.azure.com/subscriptions/00000000-0000-0000-0000-000000000000/providers/Microsoft.Network/locations/westus/operations/9ca2075c-8a21-4076-b65a-b5e6fa949848?api-version=2019-11-01
      cache-control:
      - no-cache
      content-length:
      - '3531'
      content-type:
      - application/json; charset=utf-8
      date:
      - Wed, 15 Jan 2020 14:08:31 GMT
      expires:
      - '-1'
      pragma:
      - no-cache
      server:
      - Microsoft-HTTPAPI/2.0
      - Microsoft-HTTPAPI/2.0
      strict-transport-security:
      - max-age=31536000; includeSubDomains
      transfer-encoding:
      - chunked
      vary:
      - Accept-Encoding
      x-content-type-options:
      - nosniff
      x-ms-arm-service-request-id:
      - 38eda566-3869-4d6c-92d6-8d654cb73238
      x-ms-ratelimit-remaining-subscription-writes:
      - '1194'
    status:
      code: 200
      message: OK
- request:
    body: null
    headers:
      Accept:
      - application/json
      Accept-Encoding:
      - gzip, deflate
      CommandName:
      - network firewall nat-rule create
      Connection:
      - keep-alive
      ParameterSetName:
      - -g -n -c --priority --action -f --source-addresses --protocols --translated-fqdn
        --destination-ports --destination-addresses --translated-port --source-ip-groups
      User-Agent:
      - python/3.7.4 (Windows-10-10.0.18362-SP0) msrest/0.6.9 msrest_azure/0.6.2 azure-mgmt-network/9.0.0
        Azure-SDK-For-Python AZURECLI/2.0.79
    method: GET
    uri: https://management.azure.com/subscriptions/00000000-0000-0000-0000-000000000000/providers/Microsoft.Network/locations/westus/operations/9ca2075c-8a21-4076-b65a-b5e6fa949848?api-version=2019-11-01
  response:
    body:
      string: "{\r\n  \"status\": \"Succeeded\"\r\n}"
    headers:
      cache-control:
      - no-cache
      content-length:
      - '29'
      content-type:
      - application/json; charset=utf-8
      date:
      - Wed, 15 Jan 2020 14:08:42 GMT
      expires:
      - '-1'
      pragma:
      - no-cache
      server:
      - Microsoft-HTTPAPI/2.0
      - Microsoft-HTTPAPI/2.0
      strict-transport-security:
      - max-age=31536000; includeSubDomains
      transfer-encoding:
      - chunked
      vary:
      - Accept-Encoding
      x-content-type-options:
      - nosniff
      x-ms-arm-service-request-id:
      - 7ff6a2f1-0370-41cf-8b03-0e489cb62818
    status:
      code: 200
      message: OK
- request:
    body: null
    headers:
      Accept:
      - application/json
      Accept-Encoding:
      - gzip, deflate
      CommandName:
      - network firewall nat-rule create
      Connection:
      - keep-alive
      ParameterSetName:
      - -g -n -c --priority --action -f --source-addresses --protocols --translated-fqdn
        --destination-ports --destination-addresses --translated-port --source-ip-groups
      User-Agent:
      - python/3.7.4 (Windows-10-10.0.18362-SP0) msrest/0.6.9 msrest_azure/0.6.2 azure-mgmt-network/9.0.0
        Azure-SDK-For-Python AZURECLI/2.0.79
    method: GET
    uri: https://management.azure.com/subscriptions/00000000-0000-0000-0000-000000000000/resourceGroups/cli_test_azure_firewall_rules_with_ipgroups000001/providers/Microsoft.Network/azureFirewalls/af1?api-version=2019-11-01
  response:
    body:
      string: "{\r\n  \"name\": \"af1\",\r\n  \"id\": \"/subscriptions/00000000-0000-0000-0000-000000000000/resourceGroups/cli_test_azure_firewall_rules_with_ipgroups000001/providers/Microsoft.Network/azureFirewalls/af1\",\r\n
        \ \"etag\": \"W/\\\"93e4bad4-147b-4921-8027-0a2be036685f\\\"\",\r\n  \"type\":
        \"Microsoft.Network/azureFirewalls\",\r\n  \"location\": \"westus\",\r\n  \"properties\":
        {\r\n    \"provisioningState\": \"Succeeded\",\r\n    \"sku\": {\r\n      \"name\":
        \"AZFW_VNet\",\r\n      \"tier\": \"Standard\"\r\n    },\r\n    \"threatIntelMode\":
        \"Alert\",\r\n    \"additionalProperties\": {},\r\n    \"ipConfigurations\":
        [],\r\n    \"networkRuleCollections\": [\r\n      {\r\n        \"name\": \"rc1\",\r\n
        \       \"id\": \"/subscriptions/00000000-0000-0000-0000-000000000000/resourceGroups/cli_test_azure_firewall_rules_with_ipgroups000001/providers/Microsoft.Network/azureFirewalls/af1/networkRuleCollections/rc1\",\r\n
        \       \"etag\": \"W/\\\"93e4bad4-147b-4921-8027-0a2be036685f\\\"\",\r\n
        \       \"properties\": {\r\n          \"provisioningState\": \"Succeeded\",\r\n
        \         \"priority\": 10000,\r\n          \"action\": {\r\n            \"type\":
        \"Allow\"\r\n          },\r\n          \"rules\": [\r\n            {\r\n              \"name\":
        \"network-rule1\",\r\n              \"protocols\": [\r\n                \"UDP\",\r\n
        \               \"TCP\",\r\n                \"ICMP\"\r\n              ],\r\n
        \             \"sourceAddresses\": [\r\n                \"10.0.0.0\",\r\n
        \               \"111.1.0.0/24\"\r\n              ],\r\n              \"destinationAddresses\":
        [],\r\n              \"sourceIpGroups\": [],\r\n              \"destinationIpGroups\":
        [\r\n                \"/subscriptions/00000000-0000-0000-0000-000000000000/resourceGroups/cli_test_azure_firewall_rules_with_ipgroups000001/providers/Microsoft.Network/ipGroups/destinationipgroup\"\r\n
        \             ],\r\n              \"destinationFqdns\": [],\r\n              \"destinationPorts\":
        [\r\n                \"80\"\r\n              ]\r\n            }\r\n          ]\r\n
        \       },\r\n        \"type\": \"Microsoft.Network/azureFirewalls/networkRuleCollections\"\r\n
        \     }\r\n    ],\r\n    \"applicationRuleCollections\": [],\r\n    \"natRuleCollections\":
        [\r\n      {\r\n        \"name\": \"rc2\",\r\n        \"id\": \"/subscriptions/00000000-0000-0000-0000-000000000000/resourceGroups/cli_test_azure_firewall_rules_with_ipgroups000001/providers/Microsoft.Network/azureFirewalls/af1/natRuleCollections/rc2\",\r\n
        \       \"etag\": \"W/\\\"93e4bad4-147b-4921-8027-0a2be036685f\\\"\",\r\n
        \       \"properties\": {\r\n          \"provisioningState\": \"Succeeded\",\r\n
        \         \"priority\": 10001,\r\n          \"action\": {\r\n            \"type\":
        \"Dnat\"\r\n          },\r\n          \"rules\": [\r\n            {\r\n              \"name\":
        \"network-rule1\",\r\n              \"protocols\": [\r\n                \"UDP\",\r\n
        \               \"TCP\"\r\n              ],\r\n              \"translatedFqdn\":
        \"server1.internal.com\",\r\n              \"translatedPort\": \"95\",\r\n
        \             \"sourceAddresses\": [\r\n                \"10.0.0.0\",\r\n
        \               \"111.1.0.0/24\"\r\n              ],\r\n              \"sourceIpGroups\":
        [\r\n                \"/subscriptions/00000000-0000-0000-0000-000000000000/resourceGroups/cli_test_azure_firewall_rules_with_ipgroups000001/providers/Microsoft.Network/ipGroups/sourceipgroup\"\r\n
        \             ],\r\n              \"destinationAddresses\": [\r\n                \"12.36.22.14\"\r\n
        \             ],\r\n              \"destinationPorts\": [\r\n                \"96\"\r\n
        \             ]\r\n            }\r\n          ]\r\n        },\r\n        \"type\":
        \"Microsoft.Network/azureFirewalls/natRuleCollections\"\r\n      }\r\n    ]\r\n
        \ }\r\n}"
    headers:
      cache-control:
      - no-cache
      content-length:
      - '3534'
      content-type:
      - application/json; charset=utf-8
      date:
      - Wed, 15 Jan 2020 14:08:43 GMT
      etag:
      - W/"93e4bad4-147b-4921-8027-0a2be036685f"
      expires:
      - '-1'
      pragma:
      - no-cache
      server:
      - Microsoft-HTTPAPI/2.0
      - Microsoft-HTTPAPI/2.0
      strict-transport-security:
      - max-age=31536000; includeSubDomains
      transfer-encoding:
      - chunked
      vary:
      - Accept-Encoding
      x-content-type-options:
      - nosniff
      x-ms-arm-service-request-id:
      - a699cfda-11d3-4d07-80c2-da5c1be84bbb
    status:
      code: 200
      message: OK
- request:
    body: null
    headers:
      Accept:
      - application/json
      Accept-Encoding:
      - gzip, deflate
      CommandName:
      - network firewall application-rule create
      Connection:
      - keep-alive
      ParameterSetName:
      - -f -n --protocols -g -c --priority --action --source-ip-groups --target-fqdns
      User-Agent:
      - python/3.7.4 (Windows-10-10.0.18362-SP0) msrest/0.6.9 msrest_azure/0.6.2 azure-mgmt-network/9.0.0
        Azure-SDK-For-Python AZURECLI/2.0.79
      accept-language:
      - en-US
    method: GET
    uri: https://management.azure.com/subscriptions/00000000-0000-0000-0000-000000000000/resourceGroups/cli_test_azure_firewall_rules_with_ipgroups000001/providers/Microsoft.Network/azureFirewalls/af1?api-version=2019-11-01
  response:
    body:
      string: "{\r\n  \"name\": \"af1\",\r\n  \"id\": \"/subscriptions/00000000-0000-0000-0000-000000000000/resourceGroups/cli_test_azure_firewall_rules_with_ipgroups000001/providers/Microsoft.Network/azureFirewalls/af1\",\r\n
        \ \"etag\": \"W/\\\"93e4bad4-147b-4921-8027-0a2be036685f\\\"\",\r\n  \"type\":
        \"Microsoft.Network/azureFirewalls\",\r\n  \"location\": \"westus\",\r\n  \"properties\":
        {\r\n    \"provisioningState\": \"Succeeded\",\r\n    \"sku\": {\r\n      \"name\":
        \"AZFW_VNet\",\r\n      \"tier\": \"Standard\"\r\n    },\r\n    \"threatIntelMode\":
        \"Alert\",\r\n    \"additionalProperties\": {},\r\n    \"ipConfigurations\":
        [],\r\n    \"networkRuleCollections\": [\r\n      {\r\n        \"name\": \"rc1\",\r\n
        \       \"id\": \"/subscriptions/00000000-0000-0000-0000-000000000000/resourceGroups/cli_test_azure_firewall_rules_with_ipgroups000001/providers/Microsoft.Network/azureFirewalls/af1/networkRuleCollections/rc1\",\r\n
        \       \"etag\": \"W/\\\"93e4bad4-147b-4921-8027-0a2be036685f\\\"\",\r\n
        \       \"properties\": {\r\n          \"provisioningState\": \"Succeeded\",\r\n
        \         \"priority\": 10000,\r\n          \"action\": {\r\n            \"type\":
        \"Allow\"\r\n          },\r\n          \"rules\": [\r\n            {\r\n              \"name\":
        \"network-rule1\",\r\n              \"protocols\": [\r\n                \"UDP\",\r\n
        \               \"TCP\",\r\n                \"ICMP\"\r\n              ],\r\n
        \             \"sourceAddresses\": [\r\n                \"10.0.0.0\",\r\n
        \               \"111.1.0.0/24\"\r\n              ],\r\n              \"destinationAddresses\":
        [],\r\n              \"sourceIpGroups\": [],\r\n              \"destinationIpGroups\":
        [\r\n                \"/subscriptions/00000000-0000-0000-0000-000000000000/resourceGroups/cli_test_azure_firewall_rules_with_ipgroups000001/providers/Microsoft.Network/ipGroups/destinationipgroup\"\r\n
        \             ],\r\n              \"destinationFqdns\": [],\r\n              \"destinationPorts\":
        [\r\n                \"80\"\r\n              ]\r\n            }\r\n          ]\r\n
        \       },\r\n        \"type\": \"Microsoft.Network/azureFirewalls/networkRuleCollections\"\r\n
        \     }\r\n    ],\r\n    \"applicationRuleCollections\": [],\r\n    \"natRuleCollections\":
        [\r\n      {\r\n        \"name\": \"rc2\",\r\n        \"id\": \"/subscriptions/00000000-0000-0000-0000-000000000000/resourceGroups/cli_test_azure_firewall_rules_with_ipgroups000001/providers/Microsoft.Network/azureFirewalls/af1/natRuleCollections/rc2\",\r\n
        \       \"etag\": \"W/\\\"93e4bad4-147b-4921-8027-0a2be036685f\\\"\",\r\n
        \       \"properties\": {\r\n          \"provisioningState\": \"Succeeded\",\r\n
        \         \"priority\": 10001,\r\n          \"action\": {\r\n            \"type\":
        \"Dnat\"\r\n          },\r\n          \"rules\": [\r\n            {\r\n              \"name\":
        \"network-rule1\",\r\n              \"protocols\": [\r\n                \"UDP\",\r\n
        \               \"TCP\"\r\n              ],\r\n              \"translatedFqdn\":
        \"server1.internal.com\",\r\n              \"translatedPort\": \"95\",\r\n
        \             \"sourceAddresses\": [\r\n                \"10.0.0.0\",\r\n
        \               \"111.1.0.0/24\"\r\n              ],\r\n              \"sourceIpGroups\":
        [\r\n                \"/subscriptions/00000000-0000-0000-0000-000000000000/resourceGroups/cli_test_azure_firewall_rules_with_ipgroups000001/providers/Microsoft.Network/ipGroups/sourceipgroup\"\r\n
        \             ],\r\n              \"destinationAddresses\": [\r\n                \"12.36.22.14\"\r\n
        \             ],\r\n              \"destinationPorts\": [\r\n                \"96\"\r\n
        \             ]\r\n            }\r\n          ]\r\n        },\r\n        \"type\":
        \"Microsoft.Network/azureFirewalls/natRuleCollections\"\r\n      }\r\n    ]\r\n
        \ }\r\n}"
    headers:
      cache-control:
      - no-cache
      content-length:
      - '3534'
      content-type:
      - application/json; charset=utf-8
      date:
      - Wed, 15 Jan 2020 14:08:44 GMT
      etag:
      - W/"93e4bad4-147b-4921-8027-0a2be036685f"
      expires:
      - '-1'
      pragma:
      - no-cache
      server:
      - Microsoft-HTTPAPI/2.0
      - Microsoft-HTTPAPI/2.0
      strict-transport-security:
      - max-age=31536000; includeSubDomains
      transfer-encoding:
      - chunked
      vary:
      - Accept-Encoding
      x-content-type-options:
      - nosniff
      x-ms-arm-service-request-id:
      - 6909ac40-29d2-48be-a12a-6a8cce964fd6
    status:
      code: 200
      message: OK
- request:
    body: 'b''{"id": "/subscriptions/00000000-0000-0000-0000-000000000000/resourceGroups/cli_test_azure_firewall_rules_with_ipgroups000001/providers/Microsoft.Network/azureFirewalls/af1",
      "location": "westus", "properties": {"applicationRuleCollections": [{"properties":
      {"priority": 10000, "action": {"type": "Allow"}, "rules": [{"name": "app-rule1",
      "protocols": [{"protocolType": "Http", "port": 80}, {"protocolType": "Https",
      "port": 8080}], "targetFqdns": ["www.bing.com"], "sourceIpGroups": ["/subscriptions/00000000-0000-0000-0000-000000000000/resourceGroups/cli_test_azure_firewall_rules_with_ipgroups000001/providers/Microsoft.Network/ipGroups/sourceipgroup"]}]},
      "name": "rc3"}], "natRuleCollections": [{"id": "/subscriptions/00000000-0000-0000-0000-000000000000/resourceGroups/cli_test_azure_firewall_rules_with_ipgroups000001/providers/Microsoft.Network/azureFirewalls/af1/natRuleCollections/rc2",
      "properties": {"priority": 10001, "action": {"type": "Dnat"}, "rules": [{"name":
      "network-rule1", "sourceAddresses": ["10.0.0.0", "111.1.0.0/24"], "destinationAddresses":
      ["12.36.22.14"], "destinationPorts": ["96"], "protocols": ["UDP", "TCP"], "translatedPort":
      "95", "translatedFqdn": "server1.internal.com", "sourceIpGroups": ["/subscriptions/00000000-0000-0000-0000-000000000000/resourceGroups/cli_test_azure_firewall_rules_with_ipgroups000001/providers/Microsoft.Network/ipGroups/sourceipgroup"]}]},
      "name": "rc2"}], "networkRuleCollections": [{"id": "/subscriptions/00000000-0000-0000-0000-000000000000/resourceGroups/cli_test_azure_firewall_rules_with_ipgroups000001/providers/Microsoft.Network/azureFirewalls/af1/networkRuleCollections/rc1",
      "properties": {"priority": 10000, "action": {"type": "Allow"}, "rules": [{"name":
      "network-rule1", "protocols": ["UDP", "TCP", "ICMP"], "sourceAddresses": ["10.0.0.0",
      "111.1.0.0/24"], "destinationAddresses": [], "destinationPorts": ["80"], "destinationFqdns":
      [], "sourceIpGroups": [], "destinationIpGroups": ["/subscriptions/00000000-0000-0000-0000-000000000000/resourceGroups/cli_test_azure_firewall_rules_with_ipgroups000001/providers/Microsoft.Network/ipGroups/destinationipgroup"]}]},
      "name": "rc1"}], "ipConfigurations": [], "threatIntelMode": "Alert", "sku":
      {"name": "AZFW_VNet", "tier": "Standard"}, "additionalProperties": {}}}'''
    headers:
      Accept:
      - application/json
      Accept-Encoding:
      - gzip, deflate
      CommandName:
      - network firewall application-rule create
      Connection:
      - keep-alive
      Content-Length:
      - '2440'
      Content-Type:
      - application/json; charset=utf-8
      ParameterSetName:
      - -f -n --protocols -g -c --priority --action --source-ip-groups --target-fqdns
      User-Agent:
      - python/3.7.4 (Windows-10-10.0.18362-SP0) msrest/0.6.9 msrest_azure/0.6.2 azure-mgmt-network/9.0.0
        Azure-SDK-For-Python AZURECLI/2.0.79
      accept-language:
      - en-US
    method: PUT
    uri: https://management.azure.com/subscriptions/00000000-0000-0000-0000-000000000000/resourceGroups/cli_test_azure_firewall_rules_with_ipgroups000001/providers/Microsoft.Network/azureFirewalls/af1?api-version=2019-11-01
  response:
    body:
      string: "{\r\n  \"name\": \"af1\",\r\n  \"id\": \"/subscriptions/00000000-0000-0000-0000-000000000000/resourceGroups/cli_test_azure_firewall_rules_with_ipgroups000001/providers/Microsoft.Network/azureFirewalls/af1\",\r\n
        \ \"etag\": \"W/\\\"d3825891-9798-4043-a76e-573ca1c402e3\\\"\",\r\n  \"type\":
        \"Microsoft.Network/azureFirewalls\",\r\n  \"location\": \"westus\",\r\n  \"properties\":
        {\r\n    \"provisioningState\": \"Updating\",\r\n    \"sku\": {\r\n      \"name\":
        \"AZFW_VNet\",\r\n      \"tier\": \"Standard\"\r\n    },\r\n    \"threatIntelMode\":
        \"Alert\",\r\n    \"additionalProperties\": {},\r\n    \"ipConfigurations\":
        [],\r\n    \"networkRuleCollections\": [\r\n      {\r\n        \"name\": \"rc1\",\r\n
        \       \"id\": \"/subscriptions/00000000-0000-0000-0000-000000000000/resourceGroups/cli_test_azure_firewall_rules_with_ipgroups000001/providers/Microsoft.Network/azureFirewalls/af1/networkRuleCollections/rc1\",\r\n
        \       \"etag\": \"W/\\\"d3825891-9798-4043-a76e-573ca1c402e3\\\"\",\r\n
        \       \"properties\": {\r\n          \"provisioningState\": \"Updating\",\r\n
        \         \"priority\": 10000,\r\n          \"action\": {\r\n            \"type\":
        \"Allow\"\r\n          },\r\n          \"rules\": [\r\n            {\r\n              \"name\":
        \"network-rule1\",\r\n              \"protocols\": [\r\n                \"UDP\",\r\n
        \               \"TCP\",\r\n                \"ICMP\"\r\n              ],\r\n
        \             \"sourceAddresses\": [\r\n                \"10.0.0.0\",\r\n
        \               \"111.1.0.0/24\"\r\n              ],\r\n              \"destinationAddresses\":
        [],\r\n              \"sourceIpGroups\": [],\r\n              \"destinationIpGroups\":
        [\r\n                \"/subscriptions/00000000-0000-0000-0000-000000000000/resourceGroups/cli_test_azure_firewall_rules_with_ipgroups000001/providers/Microsoft.Network/ipGroups/destinationipgroup\"\r\n
        \             ],\r\n              \"destinationFqdns\": [],\r\n              \"destinationPorts\":
        [\r\n                \"80\"\r\n              ]\r\n            }\r\n          ]\r\n
        \       },\r\n        \"type\": \"Microsoft.Network/azureFirewalls/networkRuleCollections\"\r\n
        \     }\r\n    ],\r\n    \"applicationRuleCollections\": [\r\n      {\r\n
        \       \"name\": \"rc3\",\r\n        \"id\": \"/subscriptions/00000000-0000-0000-0000-000000000000/resourceGroups/cli_test_azure_firewall_rules_with_ipgroups000001/providers/Microsoft.Network/azureFirewalls/af1/applicationRuleCollections/rc3\",\r\n
        \       \"etag\": \"W/\\\"d3825891-9798-4043-a76e-573ca1c402e3\\\"\",\r\n
        \       \"properties\": {\r\n          \"provisioningState\": \"Updating\",\r\n
        \         \"priority\": 10000,\r\n          \"action\": {\r\n            \"type\":
        \"Allow\"\r\n          },\r\n          \"rules\": [\r\n            {\r\n              \"name\":
        \"app-rule1\",\r\n              \"priority\": 0,\r\n              \"direction\":
        \"Inbound\",\r\n              \"protocols\": [\r\n                {\r\n                  \"protocolType\":
        \"Http\",\r\n                  \"port\": 80\r\n                },\r\n                {\r\n
        \                 \"protocolType\": \"Https\",\r\n                  \"port\":
        8080\r\n                }\r\n              ],\r\n              \"fqdnTags\":
        [],\r\n              \"targetFqdns\": [\r\n                \"www.bing.com\"\r\n
        \             ],\r\n              \"actions\": [],\r\n              \"sourceAddresses\":
        [],\r\n              \"sourceIpGroups\": [\r\n                \"/subscriptions/00000000-0000-0000-0000-000000000000/resourceGroups/cli_test_azure_firewall_rules_with_ipgroups000001/providers/Microsoft.Network/ipGroups/sourceipgroup\"\r\n
        \             ]\r\n            }\r\n          ]\r\n        },\r\n        \"type\":
        \"Microsoft.Network/azureFirewalls/applicationRuleCollections\"\r\n      }\r\n
        \   ],\r\n    \"natRuleCollections\": [\r\n      {\r\n        \"name\": \"rc2\",\r\n
        \       \"id\": \"/subscriptions/00000000-0000-0000-0000-000000000000/resourceGroups/cli_test_azure_firewall_rules_with_ipgroups000001/providers/Microsoft.Network/azureFirewalls/af1/natRuleCollections/rc2\",\r\n
        \       \"etag\": \"W/\\\"d3825891-9798-4043-a76e-573ca1c402e3\\\"\",\r\n
        \       \"properties\": {\r\n          \"provisioningState\": \"Updating\",\r\n
        \         \"priority\": 10001,\r\n          \"action\": {\r\n            \"type\":
        \"Dnat\"\r\n          },\r\n          \"rules\": [\r\n            {\r\n              \"name\":
        \"network-rule1\",\r\n              \"protocols\": [\r\n                \"UDP\",\r\n
        \               \"TCP\"\r\n              ],\r\n              \"translatedFqdn\":
        \"server1.internal.com\",\r\n              \"translatedPort\": \"95\",\r\n
        \             \"sourceAddresses\": [\r\n                \"10.0.0.0\",\r\n
        \               \"111.1.0.0/24\"\r\n              ],\r\n              \"sourceIpGroups\":
        [\r\n                \"/subscriptions/00000000-0000-0000-0000-000000000000/resourceGroups/cli_test_azure_firewall_rules_with_ipgroups000001/providers/Microsoft.Network/ipGroups/sourceipgroup\"\r\n
        \             ],\r\n              \"destinationAddresses\": [\r\n                \"12.36.22.14\"\r\n
        \             ],\r\n              \"destinationPorts\": [\r\n                \"96\"\r\n
        \             ]\r\n            }\r\n          ]\r\n        },\r\n        \"type\":
        \"Microsoft.Network/azureFirewalls/natRuleCollections\"\r\n      }\r\n    ]\r\n
        \ }\r\n}"
    headers:
      azure-asyncoperation:
      - https://management.azure.com/subscriptions/00000000-0000-0000-0000-000000000000/providers/Microsoft.Network/locations/westus/operations/ca4e8c15-cafd-456a-a5dd-05a12e1bd1ad?api-version=2019-11-01
      cache-control:
      - no-cache
      content-length:
      - '5027'
      content-type:
      - application/json; charset=utf-8
      date:
      - Wed, 15 Jan 2020 14:08:44 GMT
      expires:
      - '-1'
      pragma:
      - no-cache
      server:
      - Microsoft-HTTPAPI/2.0
      - Microsoft-HTTPAPI/2.0
      strict-transport-security:
      - max-age=31536000; includeSubDomains
      transfer-encoding:
      - chunked
      vary:
      - Accept-Encoding
      x-content-type-options:
      - nosniff
      x-ms-arm-service-request-id:
      - 81a39682-92ea-4f2d-88bb-9a82ad08230c
      x-ms-ratelimit-remaining-subscription-writes:
      - '1195'
    status:
      code: 200
      message: OK
- request:
    body: null
    headers:
      Accept:
      - application/json
      Accept-Encoding:
      - gzip, deflate
      CommandName:
      - network firewall application-rule create
      Connection:
      - keep-alive
      ParameterSetName:
      - -f -n --protocols -g -c --priority --action --source-ip-groups --target-fqdns
      User-Agent:
      - python/3.7.4 (Windows-10-10.0.18362-SP0) msrest/0.6.9 msrest_azure/0.6.2 azure-mgmt-network/9.0.0
        Azure-SDK-For-Python AZURECLI/2.0.79
    method: GET
    uri: https://management.azure.com/subscriptions/00000000-0000-0000-0000-000000000000/providers/Microsoft.Network/locations/westus/operations/ca4e8c15-cafd-456a-a5dd-05a12e1bd1ad?api-version=2019-11-01
  response:
    body:
      string: "{\r\n  \"status\": \"Succeeded\"\r\n}"
    headers:
      cache-control:
      - no-cache
      content-length:
      - '29'
      content-type:
      - application/json; charset=utf-8
      date:
      - Wed, 15 Jan 2020 14:08:55 GMT
      expires:
      - '-1'
      pragma:
      - no-cache
      server:
      - Microsoft-HTTPAPI/2.0
      - Microsoft-HTTPAPI/2.0
      strict-transport-security:
      - max-age=31536000; includeSubDomains
      transfer-encoding:
      - chunked
      vary:
      - Accept-Encoding
      x-content-type-options:
      - nosniff
      x-ms-arm-service-request-id:
      - a50b33e8-bc46-41ad-a797-651bb2a3fd44
    status:
      code: 200
      message: OK
- request:
    body: null
    headers:
      Accept:
      - application/json
      Accept-Encoding:
      - gzip, deflate
      CommandName:
      - network firewall application-rule create
      Connection:
      - keep-alive
      ParameterSetName:
      - -f -n --protocols -g -c --priority --action --source-ip-groups --target-fqdns
      User-Agent:
      - python/3.7.4 (Windows-10-10.0.18362-SP0) msrest/0.6.9 msrest_azure/0.6.2 azure-mgmt-network/9.0.0
        Azure-SDK-For-Python AZURECLI/2.0.79
    method: GET
    uri: https://management.azure.com/subscriptions/00000000-0000-0000-0000-000000000000/resourceGroups/cli_test_azure_firewall_rules_with_ipgroups000001/providers/Microsoft.Network/azureFirewalls/af1?api-version=2019-11-01
  response:
    body:
      string: "{\r\n  \"name\": \"af1\",\r\n  \"id\": \"/subscriptions/00000000-0000-0000-0000-000000000000/resourceGroups/cli_test_azure_firewall_rules_with_ipgroups000001/providers/Microsoft.Network/azureFirewalls/af1\",\r\n
        \ \"etag\": \"W/\\\"b48fc584-6d36-41a5-87ef-2334238763be\\\"\",\r\n  \"type\":
        \"Microsoft.Network/azureFirewalls\",\r\n  \"location\": \"westus\",\r\n  \"properties\":
        {\r\n    \"provisioningState\": \"Succeeded\",\r\n    \"sku\": {\r\n      \"name\":
        \"AZFW_VNet\",\r\n      \"tier\": \"Standard\"\r\n    },\r\n    \"threatIntelMode\":
        \"Alert\",\r\n    \"additionalProperties\": {},\r\n    \"ipConfigurations\":
        [],\r\n    \"networkRuleCollections\": [\r\n      {\r\n        \"name\": \"rc1\",\r\n
        \       \"id\": \"/subscriptions/00000000-0000-0000-0000-000000000000/resourceGroups/cli_test_azure_firewall_rules_with_ipgroups000001/providers/Microsoft.Network/azureFirewalls/af1/networkRuleCollections/rc1\",\r\n
        \       \"etag\": \"W/\\\"b48fc584-6d36-41a5-87ef-2334238763be\\\"\",\r\n
        \       \"properties\": {\r\n          \"provisioningState\": \"Succeeded\",\r\n
        \         \"priority\": 10000,\r\n          \"action\": {\r\n            \"type\":
        \"Allow\"\r\n          },\r\n          \"rules\": [\r\n            {\r\n              \"name\":
        \"network-rule1\",\r\n              \"protocols\": [\r\n                \"UDP\",\r\n
        \               \"TCP\",\r\n                \"ICMP\"\r\n              ],\r\n
        \             \"sourceAddresses\": [\r\n                \"10.0.0.0\",\r\n
        \               \"111.1.0.0/24\"\r\n              ],\r\n              \"destinationAddresses\":
        [],\r\n              \"sourceIpGroups\": [],\r\n              \"destinationIpGroups\":
        [\r\n                \"/subscriptions/00000000-0000-0000-0000-000000000000/resourceGroups/cli_test_azure_firewall_rules_with_ipgroups000001/providers/Microsoft.Network/ipGroups/destinationipgroup\"\r\n
        \             ],\r\n              \"destinationFqdns\": [],\r\n              \"destinationPorts\":
        [\r\n                \"80\"\r\n              ]\r\n            }\r\n          ]\r\n
        \       },\r\n        \"type\": \"Microsoft.Network/azureFirewalls/networkRuleCollections\"\r\n
        \     }\r\n    ],\r\n    \"applicationRuleCollections\": [\r\n      {\r\n
        \       \"name\": \"rc3\",\r\n        \"id\": \"/subscriptions/00000000-0000-0000-0000-000000000000/resourceGroups/cli_test_azure_firewall_rules_with_ipgroups000001/providers/Microsoft.Network/azureFirewalls/af1/applicationRuleCollections/rc3\",\r\n
        \       \"etag\": \"W/\\\"b48fc584-6d36-41a5-87ef-2334238763be\\\"\",\r\n
        \       \"properties\": {\r\n          \"provisioningState\": \"Succeeded\",\r\n
        \         \"priority\": 10000,\r\n          \"action\": {\r\n            \"type\":
        \"Allow\"\r\n          },\r\n          \"rules\": [\r\n            {\r\n              \"name\":
        \"app-rule1\",\r\n              \"priority\": 0,\r\n              \"direction\":
        \"Inbound\",\r\n              \"protocols\": [\r\n                {\r\n                  \"protocolType\":
        \"Http\",\r\n                  \"port\": 80\r\n                },\r\n                {\r\n
        \                 \"protocolType\": \"Https\",\r\n                  \"port\":
        8080\r\n                }\r\n              ],\r\n              \"fqdnTags\":
        [],\r\n              \"targetFqdns\": [\r\n                \"www.bing.com\"\r\n
        \             ],\r\n              \"actions\": [],\r\n              \"sourceAddresses\":
        [],\r\n              \"sourceIpGroups\": [\r\n                \"/subscriptions/00000000-0000-0000-0000-000000000000/resourceGroups/cli_test_azure_firewall_rules_with_ipgroups000001/providers/Microsoft.Network/ipGroups/sourceipgroup\"\r\n
        \             ]\r\n            }\r\n          ]\r\n        },\r\n        \"type\":
        \"Microsoft.Network/azureFirewalls/applicationRuleCollections\"\r\n      }\r\n
        \   ],\r\n    \"natRuleCollections\": [\r\n      {\r\n        \"name\": \"rc2\",\r\n
        \       \"id\": \"/subscriptions/00000000-0000-0000-0000-000000000000/resourceGroups/cli_test_azure_firewall_rules_with_ipgroups000001/providers/Microsoft.Network/azureFirewalls/af1/natRuleCollections/rc2\",\r\n
        \       \"etag\": \"W/\\\"b48fc584-6d36-41a5-87ef-2334238763be\\\"\",\r\n
        \       \"properties\": {\r\n          \"provisioningState\": \"Succeeded\",\r\n
        \         \"priority\": 10001,\r\n          \"action\": {\r\n            \"type\":
        \"Dnat\"\r\n          },\r\n          \"rules\": [\r\n            {\r\n              \"name\":
        \"network-rule1\",\r\n              \"protocols\": [\r\n                \"UDP\",\r\n
        \               \"TCP\"\r\n              ],\r\n              \"translatedFqdn\":
        \"server1.internal.com\",\r\n              \"translatedPort\": \"95\",\r\n
        \             \"sourceAddresses\": [\r\n                \"10.0.0.0\",\r\n
        \               \"111.1.0.0/24\"\r\n              ],\r\n              \"sourceIpGroups\":
        [\r\n                \"/subscriptions/00000000-0000-0000-0000-000000000000/resourceGroups/cli_test_azure_firewall_rules_with_ipgroups000001/providers/Microsoft.Network/ipGroups/sourceipgroup\"\r\n
        \             ],\r\n              \"destinationAddresses\": [\r\n                \"12.36.22.14\"\r\n
        \             ],\r\n              \"destinationPorts\": [\r\n                \"96\"\r\n
        \             ]\r\n            }\r\n          ]\r\n        },\r\n        \"type\":
        \"Microsoft.Network/azureFirewalls/natRuleCollections\"\r\n      }\r\n    ]\r\n
        \ }\r\n}"
    headers:
      cache-control:
      - no-cache
      content-length:
      - '5031'
      content-type:
      - application/json; charset=utf-8
      date:
      - Wed, 15 Jan 2020 14:08:56 GMT
      etag:
      - W/"b48fc584-6d36-41a5-87ef-2334238763be"
      expires:
      - '-1'
      pragma:
      - no-cache
      server:
      - Microsoft-HTTPAPI/2.0
      - Microsoft-HTTPAPI/2.0
      strict-transport-security:
      - max-age=31536000; includeSubDomains
      transfer-encoding:
      - chunked
      vary:
      - Accept-Encoding
      x-content-type-options:
      - nosniff
      x-ms-arm-service-request-id:
      - 92e675b0-24a3-45ff-9bcc-732959773f4b
    status:
      code: 200
      message: OK
- request:
    body: null
    headers:
      Accept:
      - application/json
      Accept-Encoding:
      - gzip, deflate
      CommandName:
      - network firewall delete
      Connection:
      - keep-alive
      Content-Length:
      - '0'
      ParameterSetName:
      - -g -n
      User-Agent:
      - python/3.7.4 (Windows-10-10.0.18362-SP0) msrest/0.6.9 msrest_azure/0.6.2 azure-mgmt-network/9.0.0
        Azure-SDK-For-Python AZURECLI/2.0.79
      accept-language:
      - en-US
    method: DELETE
    uri: https://management.azure.com/subscriptions/00000000-0000-0000-0000-000000000000/resourceGroups/cli_test_azure_firewall_rules_with_ipgroups000001/providers/Microsoft.Network/azureFirewalls/af1?api-version=2019-11-01
  response:
    body:
      string: ''
    headers:
      azure-asyncoperation:
      - https://management.azure.com/subscriptions/00000000-0000-0000-0000-000000000000/providers/Microsoft.Network/locations/westus/operations/bb1192c1-93a8-4639-9f3f-591ecc16b639?api-version=2019-11-01
      cache-control:
      - no-cache
      content-length:
      - '0'
      date:
      - Wed, 15 Jan 2020 14:08:57 GMT
      expires:
      - '-1'
      location:
      - https://management.azure.com/subscriptions/00000000-0000-0000-0000-000000000000/providers/Microsoft.Network/locations/westus/operationResults/bb1192c1-93a8-4639-9f3f-591ecc16b639?api-version=2019-11-01
      pragma:
      - no-cache
      server:
      - Microsoft-HTTPAPI/2.0
      - Microsoft-HTTPAPI/2.0
      strict-transport-security:
      - max-age=31536000; includeSubDomains
      x-content-type-options:
      - nosniff
      x-ms-arm-service-request-id:
      - 9354ac41-d527-4f38-a2b8-81eb388b165e
      x-ms-ratelimit-remaining-subscription-deletes:
      - '14999'
    status:
      code: 202
      message: Accepted
- request:
    body: null
    headers:
      Accept:
      - application/json
      Accept-Encoding:
      - gzip, deflate
      CommandName:
      - network firewall delete
      Connection:
      - keep-alive
      ParameterSetName:
      - -g -n
      User-Agent:
      - python/3.7.4 (Windows-10-10.0.18362-SP0) msrest/0.6.9 msrest_azure/0.6.2 azure-mgmt-network/9.0.0
        Azure-SDK-For-Python AZURECLI/2.0.79
    method: GET
    uri: https://management.azure.com/subscriptions/00000000-0000-0000-0000-000000000000/providers/Microsoft.Network/locations/westus/operations/bb1192c1-93a8-4639-9f3f-591ecc16b639?api-version=2019-11-01
  response:
    body:
      string: "{\r\n  \"status\": \"Succeeded\"\r\n}"
    headers:
      cache-control:
      - no-cache
      content-length:
      - '29'
      content-type:
      - application/json; charset=utf-8
      date:
      - Wed, 15 Jan 2020 14:09:08 GMT
      expires:
      - '-1'
      pragma:
      - no-cache
      server:
      - Microsoft-HTTPAPI/2.0
      - Microsoft-HTTPAPI/2.0
      strict-transport-security:
      - max-age=31536000; includeSubDomains
      transfer-encoding:
      - chunked
      vary:
      - Accept-Encoding
      x-content-type-options:
      - nosniff
      x-ms-arm-service-request-id:
      - d3ec0ae5-4c50-4b0e-b52f-b8f8eddb16e3
    status:
      code: 200
      message: OK
version: 1
