interactions:
- request:
    body: '{"location": "eastus", "properties": {"dnsSettings": {"servers": ["10.0.0.1",
      "10.0.0.2", "10.0.0.3"], "enableProxy": false}}}'
    headers:
      Accept:
      - application/json
      Accept-Encoding:
      - gzip, deflate
      CommandName:
      - network firewall policy create
      Connection:
      - keep-alive
      Content-Length:
      - '126'
      Content-Type:
      - application/json
      ParameterSetName:
      - --resource-group --location --name --dns-servers
      User-Agent:
      - AZURECLI/2.22.1 azsdk-python-azure-mgmt-network/18.0.0 Python/3.8.3 (Windows-10-10.0.18362-SP0)
    method: PUT
    uri: https://management.azure.com/subscriptions/00000000-0000-0000-0000-000000000000/resourceGroups/test_firewall_policy_with_dns_settings000001/providers/Microsoft.Network/firewallPolicies/fwp01?api-version=2020-07-01
  response:
    body:
      string: "{\r\n  \"properties\": {\r\n    \"sku\": {\r\n      \"tier\": \"Standard\"\r\n
        \   },\r\n    \"threatIntelMode\": \"Alert\",\r\n    \"dnsSettings\": {\r\n
        \     \"servers\": [\r\n        \"10.0.0.1\",\r\n        \"10.0.0.2\",\r\n
        \       \"10.0.0.3\"\r\n      ]\r\n    },\r\n    \"childPolicies\": [],\r\n
        \   \"ruleCollectionGroups\": [],\r\n    \"firewalls\": [],\r\n    \"provisioningState\":
        \"Updating\"\r\n  },\r\n  \"id\": \"/subscriptions/00000000-0000-0000-0000-000000000000/resourceGroups/test_firewall_policy_with_dns_settings000001/providers/Microsoft.Network/firewallPolicies/fwp01\",\r\n
        \ \"name\": \"fwp01\",\r\n  \"type\": \"Microsoft.Network/FirewallPolicies\",\r\n
        \ \"etag\": \"63b5c716-26b7-45a8-aa74-5af49ba50e09\",\r\n  \"location\": \"eastus\"\r\n}"
    headers:
      azure-asyncoperation:
      - https://management.azure.com/subscriptions/00000000-0000-0000-0000-000000000000/providers/Microsoft.Network/locations/eastus/nfvOperations/f99bdaca-ece2-47c6-954f-6e02095f30e1?api-version=2020-07-01
      cache-control:
      - no-cache
      content-length:
      - '699'
      content-type:
      - application/json; charset=utf-8
      date:
      - Wed, 21 Apr 2021 05:21:51 GMT
      expires:
      - '-1'
      pragma:
      - no-cache
      server:
      - Microsoft-HTTPAPI/2.0
      strict-transport-security:
      - max-age=31536000; includeSubDomains
      x-content-type-options:
      - nosniff
      x-ms-ratelimit-remaining-subscription-writes:
      - '1193'
    status:
      code: 201
      message: Created
- request:
    body: null
    headers:
      Accept:
      - '*/*'
      Accept-Encoding:
      - gzip, deflate
      CommandName:
      - network firewall policy create
      Connection:
      - keep-alive
      ParameterSetName:
      - --resource-group --location --name --dns-servers
      User-Agent:
      - AZURECLI/2.22.1 azsdk-python-azure-mgmt-network/18.0.0 Python/3.8.3 (Windows-10-10.0.18362-SP0)
    method: GET
    uri: https://management.azure.com/subscriptions/00000000-0000-0000-0000-000000000000/providers/Microsoft.Network/locations/eastus/nfvOperations/f99bdaca-ece2-47c6-954f-6e02095f30e1?api-version=2020-07-01
  response:
    body:
      string: "{\r\n  \"status\": \"Succeeded\"\r\n}"
    headers:
      cache-control:
      - no-cache
      content-length:
      - '29'
      content-type:
      - application/json; charset=utf-8
      date:
      - Wed, 21 Apr 2021 05:22:02 GMT
      expires:
      - '-1'
      pragma:
      - no-cache
      server:
      - Microsoft-HTTPAPI/2.0
      strict-transport-security:
      - max-age=31536000; includeSubDomains
      transfer-encoding:
      - chunked
      vary:
      - Accept-Encoding
      x-content-type-options:
      - nosniff
    status:
      code: 200
      message: OK
- request:
    body: null
    headers:
      Accept:
      - '*/*'
      Accept-Encoding:
      - gzip, deflate
      CommandName:
      - network firewall policy create
      Connection:
      - keep-alive
      ParameterSetName:
      - --resource-group --location --name --dns-servers
      User-Agent:
      - AZURECLI/2.22.1 azsdk-python-azure-mgmt-network/18.0.0 Python/3.8.3 (Windows-10-10.0.18362-SP0)
    method: GET
    uri: https://management.azure.com/subscriptions/00000000-0000-0000-0000-000000000000/resourceGroups/test_firewall_policy_with_dns_settings000001/providers/Microsoft.Network/firewallPolicies/fwp01?api-version=2020-07-01
  response:
    body:
      string: "{\r\n  \"properties\": {\r\n    \"sku\": {\r\n      \"tier\": \"Standard\"\r\n
        \   },\r\n    \"threatIntelMode\": \"Alert\",\r\n    \"dnsSettings\": {\r\n
        \     \"servers\": [\r\n        \"10.0.0.1\",\r\n        \"10.0.0.2\",\r\n
        \       \"10.0.0.3\"\r\n      ]\r\n    },\r\n    \"childPolicies\": [],\r\n
        \   \"ruleCollectionGroups\": [],\r\n    \"firewalls\": [],\r\n    \"provisioningState\":
        \"Succeeded\"\r\n  },\r\n  \"id\": \"/subscriptions/00000000-0000-0000-0000-000000000000/resourceGroups/test_firewall_policy_with_dns_settings000001/providers/Microsoft.Network/firewallPolicies/fwp01\",\r\n
        \ \"name\": \"fwp01\",\r\n  \"type\": \"Microsoft.Network/FirewallPolicies\",\r\n
        \ \"etag\": \"63b5c716-26b7-45a8-aa74-5af49ba50e09\",\r\n  \"location\": \"eastus\"\r\n}"
    headers:
      cache-control:
      - no-cache
      content-length:
      - '700'
      content-type:
      - application/json; charset=utf-8
      date:
      - Wed, 21 Apr 2021 05:22:02 GMT
      etag:
      - '"63b5c716-26b7-45a8-aa74-5af49ba50e09"'
      expires:
      - '-1'
      pragma:
      - no-cache
      server:
      - Microsoft-HTTPAPI/2.0
      strict-transport-security:
      - max-age=31536000; includeSubDomains
      transfer-encoding:
      - chunked
      vary:
      - Accept-Encoding
      x-content-type-options:
      - nosniff
    status:
      code: 200
      message: OK
- request:
    body: null
    headers:
      Accept:
      - application/json
      Accept-Encoding:
      - gzip, deflate
      CommandName:
      - network firewall policy show
      Connection:
      - keep-alive
      ParameterSetName:
      - --resource-group --name
      User-Agent:
      - AZURECLI/2.22.1 azsdk-python-azure-mgmt-network/18.0.0 Python/3.8.3 (Windows-10-10.0.18362-SP0)
    method: GET
    uri: https://management.azure.com/subscriptions/00000000-0000-0000-0000-000000000000/resourceGroups/test_firewall_policy_with_dns_settings000001/providers/Microsoft.Network/firewallPolicies/fwp01?api-version=2020-07-01
  response:
    body:
      string: "{\r\n  \"properties\": {\r\n    \"sku\": {\r\n      \"tier\": \"Standard\"\r\n
        \   },\r\n    \"threatIntelMode\": \"Alert\",\r\n    \"dnsSettings\": {\r\n
        \     \"servers\": [\r\n        \"10.0.0.1\",\r\n        \"10.0.0.2\",\r\n
        \       \"10.0.0.3\"\r\n      ]\r\n    },\r\n    \"childPolicies\": [],\r\n
        \   \"ruleCollectionGroups\": [],\r\n    \"firewalls\": [],\r\n    \"provisioningState\":
        \"Succeeded\"\r\n  },\r\n  \"id\": \"/subscriptions/00000000-0000-0000-0000-000000000000/resourceGroups/test_firewall_policy_with_dns_settings000001/providers/Microsoft.Network/firewallPolicies/fwp01\",\r\n
        \ \"name\": \"fwp01\",\r\n  \"type\": \"Microsoft.Network/FirewallPolicies\",\r\n
        \ \"etag\": \"63b5c716-26b7-45a8-aa74-5af49ba50e09\",\r\n  \"location\": \"eastus\"\r\n}"
    headers:
      cache-control:
      - no-cache
      content-length:
      - '700'
      content-type:
      - application/json; charset=utf-8
      date:
      - Wed, 21 Apr 2021 05:22:05 GMT
      etag:
      - '"63b5c716-26b7-45a8-aa74-5af49ba50e09"'
      expires:
      - '-1'
      pragma:
      - no-cache
      server:
      - Microsoft-HTTPAPI/2.0
      strict-transport-security:
      - max-age=31536000; includeSubDomains
      transfer-encoding:
      - chunked
      vary:
      - Accept-Encoding
      x-content-type-options:
      - nosniff
    status:
      code: 200
      message: OK
- request:
    body: null
    headers:
      Accept:
      - application/json
      Accept-Encoding:
      - gzip, deflate
      CommandName:
      - network firewall policy update
      Connection:
      - keep-alive
      ParameterSetName:
      - --resource --name --dns-servers --enable-dns-proxy
      User-Agent:
      - AZURECLI/2.22.1 azsdk-python-azure-mgmt-network/18.0.0 Python/3.8.3 (Windows-10-10.0.18362-SP0)
    method: GET
    uri: https://management.azure.com/subscriptions/00000000-0000-0000-0000-000000000000/resourceGroups/test_firewall_policy_with_dns_settings000001/providers/Microsoft.Network/firewallPolicies/fwp01?api-version=2020-07-01
  response:
    body:
      string: "{\r\n  \"properties\": {\r\n    \"sku\": {\r\n      \"tier\": \"Standard\"\r\n
        \   },\r\n    \"threatIntelMode\": \"Alert\",\r\n    \"dnsSettings\": {\r\n
        \     \"servers\": [\r\n        \"10.0.0.1\",\r\n        \"10.0.0.2\",\r\n
        \       \"10.0.0.3\"\r\n      ]\r\n    },\r\n    \"childPolicies\": [],\r\n
        \   \"ruleCollectionGroups\": [],\r\n    \"firewalls\": [],\r\n    \"provisioningState\":
        \"Succeeded\"\r\n  },\r\n  \"id\": \"/subscriptions/00000000-0000-0000-0000-000000000000/resourceGroups/test_firewall_policy_with_dns_settings000001/providers/Microsoft.Network/firewallPolicies/fwp01\",\r\n
        \ \"name\": \"fwp01\",\r\n  \"type\": \"Microsoft.Network/FirewallPolicies\",\r\n
        \ \"etag\": \"63b5c716-26b7-45a8-aa74-5af49ba50e09\",\r\n  \"location\": \"eastus\"\r\n}"
    headers:
      cache-control:
      - no-cache
      content-length:
      - '700'
      content-type:
      - application/json; charset=utf-8
      date:
      - Wed, 21 Apr 2021 05:22:07 GMT
      etag:
      - '"63b5c716-26b7-45a8-aa74-5af49ba50e09"'
      expires:
      - '-1'
      pragma:
      - no-cache
      server:
      - Microsoft-HTTPAPI/2.0
      strict-transport-security:
      - max-age=31536000; includeSubDomains
      transfer-encoding:
      - chunked
      vary:
      - Accept-Encoding
      x-content-type-options:
      - nosniff
    status:
      code: 200
      message: OK
- request:
    body: '{"id": "/subscriptions/00000000-0000-0000-0000-000000000000/resourceGroups/test_firewall_policy_with_dns_settings000001/providers/Microsoft.Network/firewallPolicies/fwp01",
      "location": "eastus", "properties": {"threatIntelMode": "Alert", "dnsSettings":
      {"servers": ["10.0.1.0"], "enableProxy": true}, "sku": {"tier": "Standard"}}}'
    headers:
      Accept:
      - application/json
      Accept-Encoding:
      - gzip, deflate
      CommandName:
      - network firewall policy update
      Connection:
      - keep-alive
      Content-Length:
      - '361'
      Content-Type:
      - application/json
      ParameterSetName:
      - --resource --name --dns-servers --enable-dns-proxy
      User-Agent:
      - AZURECLI/2.22.1 azsdk-python-azure-mgmt-network/18.0.0 Python/3.8.3 (Windows-10-10.0.18362-SP0)
    method: PUT
    uri: https://management.azure.com/subscriptions/00000000-0000-0000-0000-000000000000/resourceGroups/test_firewall_policy_with_dns_settings000001/providers/Microsoft.Network/firewallPolicies/fwp01?api-version=2020-07-01
  response:
    body:
      string: "{\r\n  \"properties\": {\r\n    \"sku\": {\r\n      \"tier\": \"Standard\"\r\n
        \   },\r\n    \"threatIntelMode\": \"Alert\",\r\n    \"dnsSettings\": {\r\n
        \     \"servers\": [\r\n        \"10.0.1.0\"\r\n      ],\r\n      \"enableProxy\":
        true\r\n    },\r\n    \"childPolicies\": [],\r\n    \"ruleCollectionGroups\":
        [],\r\n    \"firewalls\": [],\r\n    \"provisioningState\": \"Updating\"\r\n
        \ },\r\n  \"id\": \"/subscriptions/00000000-0000-0000-0000-000000000000/resourceGroups/test_firewall_policy_with_dns_settings000001/providers/Microsoft.Network/firewallPolicies/fwp01\",\r\n
        \ \"name\": \"fwp01\",\r\n  \"type\": \"Microsoft.Network/FirewallPolicies\",\r\n
        \ \"etag\": \"03b3e0af-0cd2-4e25-81b9-a8d6c00c2d1e\",\r\n  \"location\": \"eastus\"\r\n}"
    headers:
      azure-asyncoperation:
      - https://management.azure.com/subscriptions/00000000-0000-0000-0000-000000000000/providers/Microsoft.Network/locations/eastus/nfvOperations/888ea9a9-cf15-4ed7-902a-7779472bbdf1?api-version=2020-07-01
      cache-control:
      - no-cache
      content-length:
      - '685'
      content-type:
      - application/json; charset=utf-8
      date:
      - Wed, 21 Apr 2021 05:22:10 GMT
      expires:
      - '-1'
      pragma:
      - no-cache
      server:
      - Microsoft-HTTPAPI/2.0
      strict-transport-security:
      - max-age=31536000; includeSubDomains
      transfer-encoding:
      - chunked
      vary:
      - Accept-Encoding
      x-content-type-options:
      - nosniff
      x-ms-ratelimit-remaining-subscription-writes:
      - '1195'
    status:
      code: 200
      message: OK
- request:
    body: null
    headers:
      Accept:
      - '*/*'
      Accept-Encoding:
      - gzip, deflate
      CommandName:
      - network firewall policy update
      Connection:
      - keep-alive
      ParameterSetName:
      - --resource --name --dns-servers --enable-dns-proxy
      User-Agent:
      - AZURECLI/2.22.1 azsdk-python-azure-mgmt-network/18.0.0 Python/3.8.3 (Windows-10-10.0.18362-SP0)
    method: GET
    uri: https://management.azure.com/subscriptions/00000000-0000-0000-0000-000000000000/providers/Microsoft.Network/locations/eastus/nfvOperations/888ea9a9-cf15-4ed7-902a-7779472bbdf1?api-version=2020-07-01
  response:
    body:
      string: "{\r\n  \"status\": \"Succeeded\"\r\n}"
    headers:
      cache-control:
      - no-cache
      content-length:
      - '29'
      content-type:
      - application/json; charset=utf-8
      date:
      - Wed, 21 Apr 2021 05:22:20 GMT
      expires:
      - '-1'
      pragma:
      - no-cache
      server:
      - Microsoft-HTTPAPI/2.0
      strict-transport-security:
      - max-age=31536000; includeSubDomains
      transfer-encoding:
      - chunked
      vary:
      - Accept-Encoding
      x-content-type-options:
      - nosniff
    status:
      code: 200
      message: OK
- request:
    body: null
    headers:
      Accept:
      - '*/*'
      Accept-Encoding:
      - gzip, deflate
      CommandName:
      - network firewall policy update
      Connection:
      - keep-alive
      ParameterSetName:
      - --resource --name --dns-servers --enable-dns-proxy
      User-Agent:
      - AZURECLI/2.22.1 azsdk-python-azure-mgmt-network/18.0.0 Python/3.8.3 (Windows-10-10.0.18362-SP0)
    method: GET
    uri: https://management.azure.com/subscriptions/00000000-0000-0000-0000-000000000000/resourceGroups/test_firewall_policy_with_dns_settings000001/providers/Microsoft.Network/firewallPolicies/fwp01?api-version=2020-07-01
  response:
    body:
      string: "{\r\n  \"properties\": {\r\n    \"sku\": {\r\n      \"tier\": \"Standard\"\r\n
        \   },\r\n    \"threatIntelMode\": \"Alert\",\r\n    \"dnsSettings\": {\r\n
        \     \"servers\": [\r\n        \"10.0.1.0\"\r\n      ],\r\n      \"enableProxy\":
        true\r\n    },\r\n    \"childPolicies\": [],\r\n    \"ruleCollectionGroups\":
        [],\r\n    \"firewalls\": [],\r\n    \"provisioningState\": \"Succeeded\"\r\n
        \ },\r\n  \"id\": \"/subscriptions/00000000-0000-0000-0000-000000000000/resourceGroups/test_firewall_policy_with_dns_settings000001/providers/Microsoft.Network/firewallPolicies/fwp01\",\r\n
        \ \"name\": \"fwp01\",\r\n  \"type\": \"Microsoft.Network/FirewallPolicies\",\r\n
        \ \"etag\": \"03b3e0af-0cd2-4e25-81b9-a8d6c00c2d1e\",\r\n  \"location\": \"eastus\"\r\n}"
    headers:
      cache-control:
      - no-cache
      content-length:
      - '686'
      content-type:
      - application/json; charset=utf-8
      date:
      - Wed, 21 Apr 2021 05:22:21 GMT
      etag:
      - '"03b3e0af-0cd2-4e25-81b9-a8d6c00c2d1e"'
      expires:
      - '-1'
      pragma:
      - no-cache
      server:
      - Microsoft-HTTPAPI/2.0
      strict-transport-security:
      - max-age=31536000; includeSubDomains
      transfer-encoding:
      - chunked
      vary:
      - Accept-Encoding
      x-content-type-options:
      - nosniff
    status:
      code: 200
      message: OK
- request:
    body: null
    headers:
      Accept:
      - application/json
      Accept-Encoding:
      - gzip, deflate
      CommandName:
      - network firewall policy show
      Connection:
      - keep-alive
      ParameterSetName:
      - --resource-group --name
      User-Agent:
      - AZURECLI/2.22.1 azsdk-python-azure-mgmt-network/18.0.0 Python/3.8.3 (Windows-10-10.0.18362-SP0)
    method: GET
    uri: https://management.azure.com/subscriptions/00000000-0000-0000-0000-000000000000/resourceGroups/test_firewall_policy_with_dns_settings000001/providers/Microsoft.Network/firewallPolicies/fwp01?api-version=2020-07-01
  response:
    body:
      string: "{\r\n  \"properties\": {\r\n    \"sku\": {\r\n      \"tier\": \"Standard\"\r\n
        \   },\r\n    \"threatIntelMode\": \"Alert\",\r\n    \"dnsSettings\": {\r\n
        \     \"servers\": [\r\n        \"10.0.1.0\"\r\n      ],\r\n      \"enableProxy\":
        true\r\n    },\r\n    \"childPolicies\": [],\r\n    \"ruleCollectionGroups\":
        [],\r\n    \"firewalls\": [],\r\n    \"provisioningState\": \"Succeeded\"\r\n
        \ },\r\n  \"id\": \"/subscriptions/00000000-0000-0000-0000-000000000000/resourceGroups/test_firewall_policy_with_dns_settings000001/providers/Microsoft.Network/firewallPolicies/fwp01\",\r\n
        \ \"name\": \"fwp01\",\r\n  \"type\": \"Microsoft.Network/FirewallPolicies\",\r\n
        \ \"etag\": \"03b3e0af-0cd2-4e25-81b9-a8d6c00c2d1e\",\r\n  \"location\": \"eastus\"\r\n}"
    headers:
      cache-control:
      - no-cache
      content-length:
      - '686'
      content-type:
      - application/json; charset=utf-8
      date:
      - Wed, 21 Apr 2021 05:22:23 GMT
      etag:
      - '"03b3e0af-0cd2-4e25-81b9-a8d6c00c2d1e"'
      expires:
      - '-1'
      pragma:
      - no-cache
      server:
      - Microsoft-HTTPAPI/2.0
      strict-transport-security:
      - max-age=31536000; includeSubDomains
      transfer-encoding:
      - chunked
      vary:
      - Accept-Encoding
      x-content-type-options:
      - nosniff
    status:
      code: 200
      message: OK
- request:
    body: null
    headers:
      Accept:
      - application/json
      Accept-Encoding:
      - gzip, deflate
      CommandName:
      - network firewall policy update
      Connection:
      - keep-alive
      ParameterSetName:
      - --resource --name
      User-Agent:
      - AZURECLI/2.22.1 azsdk-python-azure-mgmt-network/18.0.0 Python/3.8.3 (Windows-10-10.0.18362-SP0)
    method: GET
    uri: https://management.azure.com/subscriptions/00000000-0000-0000-0000-000000000000/resourceGroups/test_firewall_policy_with_dns_settings000001/providers/Microsoft.Network/firewallPolicies/fwp01?api-version=2020-07-01
  response:
    body:
      string: "{\r\n  \"properties\": {\r\n    \"sku\": {\r\n      \"tier\": \"Standard\"\r\n
        \   },\r\n    \"threatIntelMode\": \"Alert\",\r\n    \"dnsSettings\": {\r\n
        \     \"servers\": [\r\n        \"10.0.1.0\"\r\n      ],\r\n      \"enableProxy\":
        true\r\n    },\r\n    \"childPolicies\": [],\r\n    \"ruleCollectionGroups\":
        [],\r\n    \"firewalls\": [],\r\n    \"provisioningState\": \"Succeeded\"\r\n
        \ },\r\n  \"id\": \"/subscriptions/00000000-0000-0000-0000-000000000000/resourceGroups/test_firewall_policy_with_dns_settings000001/providers/Microsoft.Network/firewallPolicies/fwp01\",\r\n
        \ \"name\": \"fwp01\",\r\n  \"type\": \"Microsoft.Network/FirewallPolicies\",\r\n
        \ \"etag\": \"03b3e0af-0cd2-4e25-81b9-a8d6c00c2d1e\",\r\n  \"location\": \"eastus\"\r\n}"
    headers:
      cache-control:
      - no-cache
      content-length:
      - '686'
      content-type:
      - application/json; charset=utf-8
      date:
      - Wed, 21 Apr 2021 05:22:25 GMT
      etag:
      - '"03b3e0af-0cd2-4e25-81b9-a8d6c00c2d1e"'
      expires:
      - '-1'
      pragma:
      - no-cache
      server:
      - Microsoft-HTTPAPI/2.0
      strict-transport-security:
      - max-age=31536000; includeSubDomains
      transfer-encoding:
      - chunked
      vary:
      - Accept-Encoding
      x-content-type-options:
      - nosniff
    status:
      code: 200
      message: OK
- request:
    body: '{"id": "/subscriptions/00000000-0000-0000-0000-000000000000/resourceGroups/test_firewall_policy_with_dns_settings000001/providers/Microsoft.Network/firewallPolicies/fwp01",
      "location": "eastus", "properties": {"threatIntelMode": "Alert", "dnsSettings":
      {"servers": ["10.0.1.0"], "enableProxy": true}, "sku": {"tier": "Standard"}}}'
    headers:
      Accept:
      - application/json
      Accept-Encoding:
      - gzip, deflate
      CommandName:
      - network firewall policy update
      Connection:
      - keep-alive
      Content-Length:
      - '361'
      Content-Type:
      - application/json
      ParameterSetName:
      - --resource --name
      User-Agent:
      - AZURECLI/2.22.1 azsdk-python-azure-mgmt-network/18.0.0 Python/3.8.3 (Windows-10-10.0.18362-SP0)
    method: PUT
    uri: https://management.azure.com/subscriptions/00000000-0000-0000-0000-000000000000/resourceGroups/test_firewall_policy_with_dns_settings000001/providers/Microsoft.Network/firewallPolicies/fwp01?api-version=2020-07-01
  response:
    body:
      string: "{\r\n  \"properties\": {\r\n    \"sku\": {\r\n      \"tier\": \"Standard\"\r\n
        \   },\r\n    \"threatIntelMode\": \"Alert\",\r\n    \"dnsSettings\": {\r\n
        \     \"servers\": [\r\n        \"10.0.1.0\"\r\n      ],\r\n      \"enableProxy\":
        true\r\n    },\r\n    \"childPolicies\": [],\r\n    \"ruleCollectionGroups\":
        [],\r\n    \"firewalls\": [],\r\n    \"provisioningState\": \"Updating\"\r\n
        \ },\r\n  \"id\": \"/subscriptions/00000000-0000-0000-0000-000000000000/resourceGroups/test_firewall_policy_with_dns_settings000001/providers/Microsoft.Network/firewallPolicies/fwp01\",\r\n
        \ \"name\": \"fwp01\",\r\n  \"type\": \"Microsoft.Network/FirewallPolicies\",\r\n
        \ \"etag\": \"371c31b4-bb64-43f2-962c-0c3e91a40b18\",\r\n  \"location\": \"eastus\"\r\n}"
    headers:
      azure-asyncoperation:
      - https://management.azure.com/subscriptions/00000000-0000-0000-0000-000000000000/providers/Microsoft.Network/locations/eastus/nfvOperations/abd17b00-d395-4ea9-be45-7337e6a571a1?api-version=2020-07-01
      cache-control:
      - no-cache
      content-length:
      - '685'
      content-type:
      - application/json; charset=utf-8
      date:
      - Wed, 21 Apr 2021 05:22:28 GMT
      expires:
      - '-1'
      pragma:
      - no-cache
      server:
      - Microsoft-HTTPAPI/2.0
      strict-transport-security:
      - max-age=31536000; includeSubDomains
      transfer-encoding:
      - chunked
      vary:
      - Accept-Encoding
      x-content-type-options:
      - nosniff
      x-ms-ratelimit-remaining-subscription-writes:
      - '1196'
    status:
      code: 200
      message: OK
- request:
    body: null
    headers:
      Accept:
      - '*/*'
      Accept-Encoding:
      - gzip, deflate
      CommandName:
      - network firewall policy update
      Connection:
      - keep-alive
      ParameterSetName:
      - --resource --name
      User-Agent:
      - AZURECLI/2.22.1 azsdk-python-azure-mgmt-network/18.0.0 Python/3.8.3 (Windows-10-10.0.18362-SP0)
    method: GET
    uri: https://management.azure.com/subscriptions/00000000-0000-0000-0000-000000000000/providers/Microsoft.Network/locations/eastus/nfvOperations/abd17b00-d395-4ea9-be45-7337e6a571a1?api-version=2020-07-01
  response:
    body:
      string: "{\r\n  \"status\": \"Succeeded\"\r\n}"
    headers:
      cache-control:
      - no-cache
      content-length:
      - '29'
      content-type:
      - application/json; charset=utf-8
      date:
      - Wed, 21 Apr 2021 05:22:39 GMT
      expires:
      - '-1'
      pragma:
      - no-cache
      server:
      - Microsoft-HTTPAPI/2.0
      strict-transport-security:
      - max-age=31536000; includeSubDomains
      transfer-encoding:
      - chunked
      vary:
      - Accept-Encoding
      x-content-type-options:
      - nosniff
    status:
      code: 200
      message: OK
- request:
    body: null
    headers:
      Accept:
      - '*/*'
      Accept-Encoding:
      - gzip, deflate
      CommandName:
      - network firewall policy update
      Connection:
      - keep-alive
      ParameterSetName:
      - --resource --name
      User-Agent:
      - AZURECLI/2.22.1 azsdk-python-azure-mgmt-network/18.0.0 Python/3.8.3 (Windows-10-10.0.18362-SP0)
    method: GET
    uri: https://management.azure.com/subscriptions/00000000-0000-0000-0000-000000000000/resourceGroups/test_firewall_policy_with_dns_settings000001/providers/Microsoft.Network/firewallPolicies/fwp01?api-version=2020-07-01
  response:
    body:
      string: "{\r\n  \"properties\": {\r\n    \"sku\": {\r\n      \"tier\": \"Standard\"\r\n
        \   },\r\n    \"threatIntelMode\": \"Alert\",\r\n    \"dnsSettings\": {\r\n
        \     \"servers\": [\r\n        \"10.0.1.0\"\r\n      ],\r\n      \"enableProxy\":
        true\r\n    },\r\n    \"childPolicies\": [],\r\n    \"ruleCollectionGroups\":
        [],\r\n    \"firewalls\": [],\r\n    \"provisioningState\": \"Succeeded\"\r\n
        \ },\r\n  \"id\": \"/subscriptions/00000000-0000-0000-0000-000000000000/resourceGroups/test_firewall_policy_with_dns_settings000001/providers/Microsoft.Network/firewallPolicies/fwp01\",\r\n
        \ \"name\": \"fwp01\",\r\n  \"type\": \"Microsoft.Network/FirewallPolicies\",\r\n
        \ \"etag\": \"371c31b4-bb64-43f2-962c-0c3e91a40b18\",\r\n  \"location\": \"eastus\"\r\n}"
    headers:
      cache-control:
      - no-cache
      content-length:
      - '686'
      content-type:
      - application/json; charset=utf-8
      date:
      - Wed, 21 Apr 2021 05:22:39 GMT
      etag:
      - '"371c31b4-bb64-43f2-962c-0c3e91a40b18"'
      expires:
      - '-1'
      pragma:
      - no-cache
      server:
      - Microsoft-HTTPAPI/2.0
      strict-transport-security:
      - max-age=31536000; includeSubDomains
      transfer-encoding:
      - chunked
      vary:
      - Accept-Encoding
      x-content-type-options:
      - nosniff
    status:
      code: 200
      message: OK
- request:
    body: null
    headers:
      Accept:
      - application/json
      Accept-Encoding:
      - gzip, deflate
      CommandName:
      - network firewall policy show
      Connection:
      - keep-alive
      ParameterSetName:
      - --resource-group --name
      User-Agent:
      - AZURECLI/2.22.1 azsdk-python-azure-mgmt-network/18.0.0 Python/3.8.3 (Windows-10-10.0.18362-SP0)
    method: GET
    uri: https://management.azure.com/subscriptions/00000000-0000-0000-0000-000000000000/resourceGroups/test_firewall_policy_with_dns_settings000001/providers/Microsoft.Network/firewallPolicies/fwp01?api-version=2020-07-01
  response:
    body:
      string: "{\r\n  \"properties\": {\r\n    \"sku\": {\r\n      \"tier\": \"Standard\"\r\n
        \   },\r\n    \"threatIntelMode\": \"Alert\",\r\n    \"dnsSettings\": {\r\n
        \     \"servers\": [\r\n        \"10.0.1.0\"\r\n      ],\r\n      \"enableProxy\":
        true\r\n    },\r\n    \"childPolicies\": [],\r\n    \"ruleCollectionGroups\":
        [],\r\n    \"firewalls\": [],\r\n    \"provisioningState\": \"Succeeded\"\r\n
        \ },\r\n  \"id\": \"/subscriptions/00000000-0000-0000-0000-000000000000/resourceGroups/test_firewall_policy_with_dns_settings000001/providers/Microsoft.Network/firewallPolicies/fwp01\",\r\n
        \ \"name\": \"fwp01\",\r\n  \"type\": \"Microsoft.Network/FirewallPolicies\",\r\n
        \ \"etag\": \"371c31b4-bb64-43f2-962c-0c3e91a40b18\",\r\n  \"location\": \"eastus\"\r\n}"
    headers:
      cache-control:
      - no-cache
      content-length:
      - '686'
      content-type:
      - application/json; charset=utf-8
      date:
      - Wed, 21 Apr 2021 05:22:40 GMT
      etag:
      - '"371c31b4-bb64-43f2-962c-0c3e91a40b18"'
      expires:
      - '-1'
      pragma:
      - no-cache
      server:
      - Microsoft-HTTPAPI/2.0
      strict-transport-security:
      - max-age=31536000; includeSubDomains
      transfer-encoding:
      - chunked
      vary:
      - Accept-Encoding
      x-content-type-options:
      - nosniff
    status:
      code: 200
      message: OK
- request:
    body: null
    headers:
      Accept:
      - application/json
      Accept-Encoding:
      - gzip, deflate
      CommandName:
      - network firewall policy delete
      Connection:
      - keep-alive
      Content-Length:
      - '0'
      ParameterSetName:
      - --resource-group --name
      User-Agent:
      - AZURECLI/2.22.1 azsdk-python-azure-mgmt-network/18.0.0 Python/3.8.3 (Windows-10-10.0.18362-SP0)
    method: DELETE
    uri: https://management.azure.com/subscriptions/00000000-0000-0000-0000-000000000000/resourceGroups/test_firewall_policy_with_dns_settings000001/providers/Microsoft.Network/firewallPolicies/fwp01?api-version=2020-07-01
  response:
    body:
      string: ''
    headers:
      cache-control:
      - no-cache
      content-length:
      - '0'
      date:
      - Wed, 21 Apr 2021 05:22:46 GMT
      expires:
      - '-1'
      pragma:
      - no-cache
      server:
      - Microsoft-HTTPAPI/2.0
      strict-transport-security:
      - max-age=31536000; includeSubDomains
      x-content-type-options:
      - nosniff
      x-ms-ratelimit-remaining-subscription-deletes:
      - '14999'
    status:
      code: 200
      message: OK
version: 1
