interactions:
- request:
    body: '{"location": "eastus2"}'
    headers:
      Accept:
      - application/json
      Accept-Encoding:
      - gzip, deflate
      CommandName:
      - network firewall policy create
      Connection:
      - keep-alive
      Content-Length:
      - '23'
      Content-Type:
      - application/json; charset=utf-8
      ParameterSetName:
      - -g -n -l
      User-Agent:
      - python/3.7.3 (Windows-10-10.0.19041-SP0) msrest/0.6.18 msrest_azure/0.6.3
        azure-mgmt-network/13.0.0 Azure-SDK-For-Python AZURECLI/2.17.1
      accept-language:
      - en-US
    method: PUT
    uri: https://management.azure.com/subscriptions/00000000-0000-0000-0000-000000000000/resourceGroups/cli_test_azure_firewall_policy_with_threat_intel_allowlist000001/providers/Microsoft.Network/firewallPolicies/myclipolicy?api-version=2020-07-01
  response:
    body:
      string: "{\r\n  \"properties\": {\r\n    \"sku\": {\r\n      \"tier\": \"Standard\"\r\n
        \   },\r\n    \"threatIntelMode\": \"Alert\",\r\n    \"childPolicies\": [],\r\n
        \   \"ruleCollectionGroups\": [],\r\n    \"firewalls\": [],\r\n    \"provisioningState\":
        \"Updating\"\r\n  },\r\n  \"id\": \"/subscriptions/00000000-0000-0000-0000-000000000000/resourceGroups/cli_test_azure_firewall_policy_with_threat_intel_allowlist000001/providers/Microsoft.Network/firewallPolicies/myclipolicy\",\r\n
        \ \"name\": \"myclipolicy\",\r\n  \"type\": \"Microsoft.Network/FirewallPolicies\",\r\n
        \ \"etag\": \"14eaa761-357c-4f6d-b41c-63dc6a8a80e2\",\r\n  \"location\": \"eastus2\"\r\n}"
    headers:
      azure-asyncoperation:
      - https://management.azure.com/subscriptions/00000000-0000-0000-0000-000000000000/providers/Microsoft.Network/locations/eastus2/nfvOperations/763f5ab9-f185-487d-9c17-d78a5092162c?api-version=2020-07-01
      cache-control:
      - no-cache
      content-length:
      - '591'
      content-type:
      - application/json; charset=utf-8
      date:
      - Mon, 18 Jan 2021 09:51:49 GMT
      expires:
      - '-1'
      pragma:
      - no-cache
      server:
      - Microsoft-HTTPAPI/2.0
      strict-transport-security:
      - max-age=31536000; includeSubDomains
      x-content-type-options:
      - nosniff
      x-ms-ratelimit-remaining-subscription-writes:
      - '1197'
    status:
      code: 201
      message: Created
- request:
    body: null
    headers:
      Accept:
      - application/json
      Accept-Encoding:
      - gzip, deflate
      CommandName:
      - network firewall policy create
      Connection:
      - keep-alive
      ParameterSetName:
      - -g -n -l
      User-Agent:
      - python/3.7.3 (Windows-10-10.0.19041-SP0) msrest/0.6.18 msrest_azure/0.6.3
        azure-mgmt-network/13.0.0 Azure-SDK-For-Python AZURECLI/2.17.1
    method: GET
    uri: https://management.azure.com/subscriptions/00000000-0000-0000-0000-000000000000/providers/Microsoft.Network/locations/eastus2/nfvOperations/763f5ab9-f185-487d-9c17-d78a5092162c?api-version=2020-07-01
  response:
    body:
      string: "{\r\n  \"status\": \"Succeeded\"\r\n}"
    headers:
      cache-control:
      - no-cache
      content-length:
      - '29'
      content-type:
      - application/json; charset=utf-8
      date:
      - Mon, 18 Jan 2021 09:52:01 GMT
      expires:
      - '-1'
      pragma:
      - no-cache
      server:
      - Microsoft-HTTPAPI/2.0
      strict-transport-security:
      - max-age=31536000; includeSubDomains
      transfer-encoding:
      - chunked
      vary:
      - Accept-Encoding
      x-content-type-options:
      - nosniff
    status:
      code: 200
      message: OK
- request:
    body: null
    headers:
      Accept:
      - application/json
      Accept-Encoding:
      - gzip, deflate
      CommandName:
      - network firewall policy create
      Connection:
      - keep-alive
      ParameterSetName:
      - -g -n -l
      User-Agent:
      - python/3.7.3 (Windows-10-10.0.19041-SP0) msrest/0.6.18 msrest_azure/0.6.3
        azure-mgmt-network/13.0.0 Azure-SDK-For-Python AZURECLI/2.17.1
    method: GET
    uri: https://management.azure.com/subscriptions/00000000-0000-0000-0000-000000000000/resourceGroups/cli_test_azure_firewall_policy_with_threat_intel_allowlist000001/providers/Microsoft.Network/firewallPolicies/myclipolicy?api-version=2020-07-01
  response:
    body:
      string: "{\r\n  \"properties\": {\r\n    \"sku\": {\r\n      \"tier\": \"Standard\"\r\n
        \   },\r\n    \"threatIntelMode\": \"Alert\",\r\n    \"childPolicies\": [],\r\n
        \   \"ruleCollectionGroups\": [],\r\n    \"firewalls\": [],\r\n    \"provisioningState\":
        \"Succeeded\"\r\n  },\r\n  \"id\": \"/subscriptions/00000000-0000-0000-0000-000000000000/resourceGroups/cli_test_azure_firewall_policy_with_threat_intel_allowlist000001/providers/Microsoft.Network/firewallPolicies/myclipolicy\",\r\n
        \ \"name\": \"myclipolicy\",\r\n  \"type\": \"Microsoft.Network/FirewallPolicies\",\r\n
        \ \"etag\": \"14eaa761-357c-4f6d-b41c-63dc6a8a80e2\",\r\n  \"location\": \"eastus2\"\r\n}"
    headers:
      cache-control:
      - no-cache
      content-length:
      - '592'
      content-type:
      - application/json; charset=utf-8
      date:
      - Mon, 18 Jan 2021 09:52:01 GMT
      expires:
      - '-1'
      pragma:
      - no-cache
      server:
      - Microsoft-HTTPAPI/2.0
      strict-transport-security:
      - max-age=31536000; includeSubDomains
      transfer-encoding:
      - chunked
      vary:
      - Accept-Encoding
      x-content-type-options:
      - nosniff
    status:
      code: 200
      message: OK
- request:
    body: null
    headers:
      Accept:
      - application/json
      Accept-Encoding:
      - gzip, deflate
      CommandName:
      - network firewall policy update
      Connection:
      - keep-alive
      ParameterSetName:
      - -g -n --threat-intel-mode --ip-addresses --fqdns
      User-Agent:
      - python/3.7.3 (Windows-10-10.0.19041-SP0) msrest/0.6.18 msrest_azure/0.6.3
        azure-mgmt-network/13.0.0 Azure-SDK-For-Python AZURECLI/2.17.1
      accept-language:
      - en-US
    method: GET
    uri: https://management.azure.com/subscriptions/00000000-0000-0000-0000-000000000000/resourceGroups/cli_test_azure_firewall_policy_with_threat_intel_allowlist000001/providers/Microsoft.Network/firewallPolicies/myclipolicy?api-version=2020-07-01
  response:
    body:
      string: "{\r\n  \"properties\": {\r\n    \"sku\": {\r\n      \"tier\": \"Standard\"\r\n
        \   },\r\n    \"threatIntelMode\": \"Alert\",\r\n    \"childPolicies\": [],\r\n
        \   \"ruleCollectionGroups\": [],\r\n    \"firewalls\": [],\r\n    \"provisioningState\":
        \"Succeeded\"\r\n  },\r\n  \"id\": \"/subscriptions/00000000-0000-0000-0000-000000000000/resourceGroups/cli_test_azure_firewall_policy_with_threat_intel_allowlist000001/providers/Microsoft.Network/firewallPolicies/myclipolicy\",\r\n
        \ \"name\": \"myclipolicy\",\r\n  \"type\": \"Microsoft.Network/FirewallPolicies\",\r\n
        \ \"etag\": \"14eaa761-357c-4f6d-b41c-63dc6a8a80e2\",\r\n  \"location\": \"eastus2\"\r\n}"
    headers:
      cache-control:
      - no-cache
      content-length:
      - '592'
      content-type:
      - application/json; charset=utf-8
      date:
      - Mon, 18 Jan 2021 09:52:03 GMT
      expires:
      - '-1'
      pragma:
      - no-cache
      server:
      - Microsoft-HTTPAPI/2.0
      strict-transport-security:
      - max-age=31536000; includeSubDomains
      transfer-encoding:
      - chunked
      vary:
      - Accept-Encoding
      x-content-type-options:
      - nosniff
    status:
      code: 200
      message: OK
- request:
    body: '{"id": "/subscriptions/00000000-0000-0000-0000-000000000000/resourceGroups/cli_test_azure_firewall_policy_with_threat_intel_allowlist000001/providers/Microsoft.Network/firewallPolicies/myclipolicy",
      "location": "eastus2", "properties": {"threatIntelMode": "Deny", "threatIntelWhitelist":
      {"ipAddresses": ["102.0.0.0", "102.0.0.1"], "fqdns": ["*.google.com"]}, "sku":
      {"tier": "Standard"}}}'
    headers:
      Accept:
      - application/json
      Accept-Encoding:
      - gzip, deflate
      CommandName:
      - network firewall policy update
      Connection:
      - keep-alive
      Content-Length:
      - '400'
      Content-Type:
      - application/json; charset=utf-8
      ParameterSetName:
      - -g -n --threat-intel-mode --ip-addresses --fqdns
      User-Agent:
      - python/3.7.3 (Windows-10-10.0.19041-SP0) msrest/0.6.18 msrest_azure/0.6.3
        azure-mgmt-network/13.0.0 Azure-SDK-For-Python AZURECLI/2.17.1
      accept-language:
      - en-US
    method: PUT
    uri: https://management.azure.com/subscriptions/00000000-0000-0000-0000-000000000000/resourceGroups/cli_test_azure_firewall_policy_with_threat_intel_allowlist000001/providers/Microsoft.Network/firewallPolicies/myclipolicy?api-version=2020-07-01
  response:
    body:
      string: "{\r\n  \"properties\": {\r\n    \"sku\": {\r\n      \"tier\": \"Standard\"\r\n
        \   },\r\n    \"threatIntelMode\": \"Deny\",\r\n    \"threatIntelWhitelist\":
        {\r\n      \"fqdns\": [\r\n        \"*.google.com\"\r\n      ],\r\n      \"ipAddresses\":
        [\r\n        \"102.0.0.0\",\r\n        \"102.0.0.1\"\r\n      ]\r\n    },\r\n
        \   \"childPolicies\": [],\r\n    \"ruleCollectionGroups\": [],\r\n    \"firewalls\":
        [],\r\n    \"provisioningState\": \"Updating\"\r\n  },\r\n  \"id\": \"/subscriptions/00000000-0000-0000-0000-000000000000/resourceGroups/cli_test_azure_firewall_policy_with_threat_intel_allowlist000001/providers/Microsoft.Network/firewallPolicies/myclipolicy\",\r\n
        \ \"name\": \"myclipolicy\",\r\n  \"type\": \"Microsoft.Network/FirewallPolicies\",\r\n
        \ \"etag\": \"4baae23f-338a-466e-a244-a20a38926acf\",\r\n  \"location\": \"eastus2\"\r\n}"
    headers:
      azure-asyncoperation:
      - https://management.azure.com/subscriptions/00000000-0000-0000-0000-000000000000/providers/Microsoft.Network/locations/eastus2/nfvOperations/53ae3262-b4a6-4369-9005-31db0f82c444?api-version=2020-07-01
      cache-control:
      - no-cache
      content-length:
      - '757'
      content-type:
      - application/json; charset=utf-8
      date:
      - Mon, 18 Jan 2021 09:52:05 GMT
      expires:
      - '-1'
      pragma:
      - no-cache
      server:
      - Microsoft-HTTPAPI/2.0
      strict-transport-security:
      - max-age=31536000; includeSubDomains
      transfer-encoding:
      - chunked
      vary:
      - Accept-Encoding
      x-content-type-options:
      - nosniff
      x-ms-ratelimit-remaining-subscription-writes:
      - '1196'
    status:
      code: 200
      message: OK
- request:
    body: null
    headers:
      Accept:
      - application/json
      Accept-Encoding:
      - gzip, deflate
      CommandName:
      - network firewall policy update
      Connection:
      - keep-alive
      ParameterSetName:
      - -g -n --threat-intel-mode --ip-addresses --fqdns
      User-Agent:
      - python/3.7.3 (Windows-10-10.0.19041-SP0) msrest/0.6.18 msrest_azure/0.6.3
        azure-mgmt-network/13.0.0 Azure-SDK-For-Python AZURECLI/2.17.1
    method: GET
    uri: https://management.azure.com/subscriptions/00000000-0000-0000-0000-000000000000/providers/Microsoft.Network/locations/eastus2/nfvOperations/53ae3262-b4a6-4369-9005-31db0f82c444?api-version=2020-07-01
  response:
    body:
      string: "{\r\n  \"status\": \"Succeeded\"\r\n}"
    headers:
      cache-control:
      - no-cache
      content-length:
      - '29'
      content-type:
      - application/json; charset=utf-8
      date:
      - Mon, 18 Jan 2021 09:52:16 GMT
      expires:
      - '-1'
      pragma:
      - no-cache
      server:
      - Microsoft-HTTPAPI/2.0
      strict-transport-security:
      - max-age=31536000; includeSubDomains
      transfer-encoding:
      - chunked
      vary:
      - Accept-Encoding
      x-content-type-options:
      - nosniff
    status:
      code: 200
      message: OK
- request:
    body: null
    headers:
      Accept:
      - application/json
      Accept-Encoding:
      - gzip, deflate
      CommandName:
      - network firewall policy update
      Connection:
      - keep-alive
      ParameterSetName:
      - -g -n --threat-intel-mode --ip-addresses --fqdns
      User-Agent:
      - python/3.7.3 (Windows-10-10.0.19041-SP0) msrest/0.6.18 msrest_azure/0.6.3
        azure-mgmt-network/13.0.0 Azure-SDK-For-Python AZURECLI/2.17.1
    method: GET
    uri: https://management.azure.com/subscriptions/00000000-0000-0000-0000-000000000000/resourceGroups/cli_test_azure_firewall_policy_with_threat_intel_allowlist000001/providers/Microsoft.Network/firewallPolicies/myclipolicy?api-version=2020-07-01
  response:
    body:
      string: "{\r\n  \"properties\": {\r\n    \"sku\": {\r\n      \"tier\": \"Standard\"\r\n
        \   },\r\n    \"threatIntelMode\": \"Deny\",\r\n    \"threatIntelWhitelist\":
        {\r\n      \"fqdns\": [\r\n        \"*.google.com\"\r\n      ],\r\n      \"ipAddresses\":
        [\r\n        \"102.0.0.0\",\r\n        \"102.0.0.1\"\r\n      ]\r\n    },\r\n
        \   \"childPolicies\": [],\r\n    \"ruleCollectionGroups\": [],\r\n    \"firewalls\":
        [],\r\n    \"provisioningState\": \"Succeeded\"\r\n  },\r\n  \"id\": \"/subscriptions/00000000-0000-0000-0000-000000000000/resourceGroups/cli_test_azure_firewall_policy_with_threat_intel_allowlist000001/providers/Microsoft.Network/firewallPolicies/myclipolicy\",\r\n
        \ \"name\": \"myclipolicy\",\r\n  \"type\": \"Microsoft.Network/FirewallPolicies\",\r\n
        \ \"etag\": \"4baae23f-338a-466e-a244-a20a38926acf\",\r\n  \"location\": \"eastus2\"\r\n}"
    headers:
      cache-control:
      - no-cache
      content-length:
      - '758'
      content-type:
      - application/json; charset=utf-8
      date:
      - Mon, 18 Jan 2021 09:52:16 GMT
      expires:
      - '-1'
      pragma:
      - no-cache
      server:
      - Microsoft-HTTPAPI/2.0
      strict-transport-security:
      - max-age=31536000; includeSubDomains
      transfer-encoding:
      - chunked
      vary:
      - Accept-Encoding
      x-content-type-options:
      - nosniff
    status:
      code: 200
      message: OK
version: 1
