interactions:
- request:
    body: null
    headers:
      Accept:
      - application/json
      Accept-Encoding:
      - gzip, deflate
      CommandName:
      - network firewall create
      Connection:
      - keep-alive
      ParameterSetName:
      - -n -g --sku --tier
      User-Agent:
      - AZURECLI/2.44.1 (PIP) azsdk-python-azure-mgmt-resource/21.1.0b1 Python/3.8.10
        (Windows-10-10.0.19045-SP0)
    method: GET
    uri: https://management.azure.com/subscriptions/00000000-0000-0000-0000-000000000000/resourcegroups/cli_test_firewall_basic_sku_000001?api-version=2021-04-01
  response:
    body:
      string: '{"id":"/subscriptions/00000000-0000-0000-0000-000000000000/resourceGroups/cli_test_firewall_basic_sku_000001","name":"cli_test_firewall_basic_sku_000001","type":"Microsoft.Resources/resourceGroups","location":"westus","tags":{"product":"azurecli","cause":"automation","date":"2023-01-28T10:46:23Z"},"properties":{"provisioningState":"Succeeded"}}'
    headers:
      cache-control:
      - no-cache
      content-length:
      - '346'
      content-type:
      - application/json; charset=utf-8
      date:
      - Sat, 28 Jan 2023 10:46:27 GMT
      expires:
      - '-1'
      pragma:
      - no-cache
      strict-transport-security:
      - max-age=31536000; includeSubDomains
      vary:
      - Accept-Encoding
      x-content-type-options:
      - nosniff
    status:
      code: 200
      message: OK
- request:
    body: null
    headers:
      Accept:
      - application/json
      Accept-Encoding:
      - gzip, deflate
      CommandName:
      - network firewall create
      Connection:
      - keep-alive
      ParameterSetName:
      - -n -g --sku --tier
      User-Agent:
      - AZURECLI/2.44.1 (PIP) azsdk-python-azure-mgmt-network/19.3.0 Python/3.8.10
        (Windows-10-10.0.19045-SP0)
    method: GET
    uri: https://management.azure.com/subscriptions/00000000-0000-0000-0000-000000000000/resourceGroups/cli_test_firewall_basic_sku_000001/providers/Microsoft.Network/azureFirewalls/firewall-000002?api-version=2021-08-01
  response:
    body:
      string: '{"error":{"code":"ResourceNotFound","message":"The Resource ''Microsoft.Network/azureFirewalls/firewall-000002''
        under resource group ''cli_test_firewall_basic_sku_000001'' was not found.
        For more details please go to https://aka.ms/ARMResourceNotFoundFix"}}'
    headers:
      cache-control:
      - no-cache
      content-length:
      - '254'
      content-type:
      - application/json; charset=utf-8
      date:
      - Sat, 28 Jan 2023 10:46:29 GMT
      expires:
      - '-1'
      pragma:
      - no-cache
      strict-transport-security:
      - max-age=31536000; includeSubDomains
      x-content-type-options:
      - nosniff
      x-ms-failure-cause:
      - gateway
    status:
      code: 404
      message: Not Found
- request:
    body: null
    headers:
      Accept:
      - application/json
      Accept-Encoding:
      - gzip, deflate
      CommandName:
      - network vnet create
      Connection:
      - keep-alive
      ParameterSetName:
      - -n -g --address-prefixes --subnet-name --subnet-prefixes
      User-Agent:
      - AZURECLI/2.44.1 (PIP) azsdk-python-azure-mgmt-resource/21.1.0b1 Python/3.8.10
        (Windows-10-10.0.19045-SP0)
    method: GET
    uri: https://management.azure.com/subscriptions/00000000-0000-0000-0000-000000000000/resourcegroups/cli_test_firewall_basic_sku_000001?api-version=2021-04-01
  response:
    body:
      string: '{"id":"/subscriptions/00000000-0000-0000-0000-000000000000/resourceGroups/cli_test_firewall_basic_sku_000001","name":"cli_test_firewall_basic_sku_000001","type":"Microsoft.Resources/resourceGroups","location":"westus","tags":{"product":"azurecli","cause":"automation","date":"2023-01-28T10:46:23Z"},"properties":{"provisioningState":"Succeeded"}}'
    headers:
      cache-control:
      - no-cache
      content-length:
      - '346'
      content-type:
      - application/json; charset=utf-8
      date:
      - Sat, 28 Jan 2023 10:46:29 GMT
      expires:
      - '-1'
      pragma:
      - no-cache
      strict-transport-security:
      - max-age=31536000; includeSubDomains
      vary:
      - Accept-Encoding
      x-content-type-options:
      - nosniff
    status:
      code: 200
      message: OK
- request:
    body: '{"location": "westus", "properties": {"addressSpace": {"addressPrefixes":
      ["10.0.0.0/16"]}, "enableDdosProtection": false, "enableVmProtection": false,
      "subnets": [{"name": "AzureFirewallSubnet", "properties": {"addressPrefix":
      "10.0.0.0/24"}}]}}'
    headers:
      Accept:
      - application/json
      Accept-Encoding:
      - gzip, deflate
      CommandName:
      - network vnet create
      Connection:
      - keep-alive
      Content-Length:
      - '246'
      Content-Type:
      - application/json
      ParameterSetName:
      - -n -g --address-prefixes --subnet-name --subnet-prefixes
      User-Agent:
      - AZURECLI/2.44.1 (PIP) (AAZ) azsdk-python-core/1.24.0 Python/3.8.10 (Windows-10-10.0.19045-SP0)
    method: PUT
    uri: https://management.azure.com/subscriptions/00000000-0000-0000-0000-000000000000/resourceGroups/cli_test_firewall_basic_sku_000001/providers/Microsoft.Network/virtualNetworks/vnet-000003?api-version=2022-01-01
  response:
    body:
      string: "{\r\n  \"name\": \"vnet-000003\",\r\n  \"id\": \"/subscriptions/00000000-0000-0000-0000-000000000000/resourceGroups/cli_test_firewall_basic_sku_000001/providers/Microsoft.Network/virtualNetworks/vnet-000003\",\r\n
        \ \"etag\": \"W/\\\"f5ae032a-5a3c-42d8-b58c-c9956007678a\\\"\",\r\n  \"type\":
        \"Microsoft.Network/virtualNetworks\",\r\n  \"location\": \"westus\",\r\n
        \ \"properties\": {\r\n    \"provisioningState\": \"Updating\",\r\n    \"resourceGuid\":
        \"090b00d2-9a90-43d6-9fd7-dccc63474d31\",\r\n    \"addressSpace\": {\r\n      \"addressPrefixes\":
        [\r\n        \"10.0.0.0/16\"\r\n      ]\r\n    },\r\n    \"subnets\": [\r\n
        \     {\r\n        \"name\": \"AzureFirewallSubnet\",\r\n        \"id\": \"/subscriptions/00000000-0000-0000-0000-000000000000/resourceGroups/cli_test_firewall_basic_sku_000001/providers/Microsoft.Network/virtualNetworks/vnet-000003/subnets/AzureFirewallSubnet\",\r\n
        \       \"etag\": \"W/\\\"f5ae032a-5a3c-42d8-b58c-c9956007678a\\\"\",\r\n
        \       \"properties\": {\r\n          \"provisioningState\": \"Updating\",\r\n
        \         \"addressPrefix\": \"10.0.0.0/24\",\r\n          \"delegations\":
        [],\r\n          \"privateEndpointNetworkPolicies\": \"Disabled\",\r\n          \"privateLinkServiceNetworkPolicies\":
        \"Enabled\"\r\n        },\r\n        \"type\": \"Microsoft.Network/virtualNetworks/subnets\"\r\n
        \     }\r\n    ],\r\n    \"virtualNetworkPeerings\": [],\r\n    \"enableDdosProtection\":
        false\r\n  }\r\n}"
    headers:
      azure-asyncnotification:
      - Enabled
      azure-asyncoperation:
      - https://management.azure.com/subscriptions/00000000-0000-0000-0000-000000000000/providers/Microsoft.Network/locations/westus/operations/0dfa3ac0-c9db-459f-b3e2-87f10d28f2bb?api-version=2022-01-01
      cache-control:
      - no-cache
      content-length:
      - '1295'
      content-type:
      - application/json; charset=utf-8
      date:
      - Sat, 28 Jan 2023 10:46:36 GMT
      expires:
      - '-1'
      pragma:
      - no-cache
      server:
      - Microsoft-HTTPAPI/2.0
      - Microsoft-HTTPAPI/2.0
      strict-transport-security:
      - max-age=31536000; includeSubDomains
      x-content-type-options:
      - nosniff
      x-ms-arm-service-request-id:
      - 4856ce04-13e7-4d68-b4b8-e290e72ed413
      x-ms-ratelimit-remaining-subscription-writes:
      - '1199'
    status:
      code: 201
      message: ''
- request:
    body: null
    headers:
      Accept:
      - '*/*'
      Accept-Encoding:
      - gzip, deflate
      CommandName:
      - network vnet create
      Connection:
      - keep-alive
      ParameterSetName:
      - -n -g --address-prefixes --subnet-name --subnet-prefixes
      User-Agent:
      - AZURECLI/2.44.1 (PIP) (AAZ) azsdk-python-core/1.24.0 Python/3.8.10 (Windows-10-10.0.19045-SP0)
    method: GET
    uri: https://management.azure.com/subscriptions/00000000-0000-0000-0000-000000000000/providers/Microsoft.Network/locations/westus/operations/0dfa3ac0-c9db-459f-b3e2-87f10d28f2bb?api-version=2022-01-01
  response:
    body:
      string: "{\r\n  \"status\": \"Succeeded\"\r\n}"
    headers:
      cache-control:
      - no-cache
      content-length:
      - '29'
      content-type:
      - application/json; charset=utf-8
      date:
      - Sat, 28 Jan 2023 10:46:40 GMT
      expires:
      - '-1'
      pragma:
      - no-cache
      server:
      - Microsoft-HTTPAPI/2.0
      - Microsoft-HTTPAPI/2.0
      strict-transport-security:
      - max-age=31536000; includeSubDomains
      transfer-encoding:
      - chunked
      vary:
      - Accept-Encoding
      x-content-type-options:
      - nosniff
      x-ms-arm-service-request-id:
      - 1073b392-a58c-4e4c-ab96-664029c48f5f
    status:
      code: 200
      message: ''
- request:
    body: null
    headers:
      Accept:
      - '*/*'
      Accept-Encoding:
      - gzip, deflate
      CommandName:
      - network vnet create
      Connection:
      - keep-alive
      ParameterSetName:
      - -n -g --address-prefixes --subnet-name --subnet-prefixes
      User-Agent:
      - AZURECLI/2.44.1 (PIP) (AAZ) azsdk-python-core/1.24.0 Python/3.8.10 (Windows-10-10.0.19045-SP0)
    method: GET
    uri: https://management.azure.com/subscriptions/00000000-0000-0000-0000-000000000000/resourceGroups/cli_test_firewall_basic_sku_000001/providers/Microsoft.Network/virtualNetworks/vnet-000003?api-version=2022-01-01
  response:
    body:
      string: "{\r\n  \"name\": \"vnet-000003\",\r\n  \"id\": \"/subscriptions/00000000-0000-0000-0000-000000000000/resourceGroups/cli_test_firewall_basic_sku_000001/providers/Microsoft.Network/virtualNetworks/vnet-000003\",\r\n
        \ \"etag\": \"W/\\\"3946114c-864b-4b7b-b189-076d9d665174\\\"\",\r\n  \"type\":
        \"Microsoft.Network/virtualNetworks\",\r\n  \"location\": \"westus\",\r\n
        \ \"properties\": {\r\n    \"provisioningState\": \"Succeeded\",\r\n    \"resourceGuid\":
        \"090b00d2-9a90-43d6-9fd7-dccc63474d31\",\r\n    \"addressSpace\": {\r\n      \"addressPrefixes\":
        [\r\n        \"10.0.0.0/16\"\r\n      ]\r\n    },\r\n    \"subnets\": [\r\n
        \     {\r\n        \"name\": \"AzureFirewallSubnet\",\r\n        \"id\": \"/subscriptions/00000000-0000-0000-0000-000000000000/resourceGroups/cli_test_firewall_basic_sku_000001/providers/Microsoft.Network/virtualNetworks/vnet-000003/subnets/AzureFirewallSubnet\",\r\n
        \       \"etag\": \"W/\\\"3946114c-864b-4b7b-b189-076d9d665174\\\"\",\r\n
        \       \"properties\": {\r\n          \"provisioningState\": \"Succeeded\",\r\n
        \         \"addressPrefix\": \"10.0.0.0/24\",\r\n          \"delegations\":
        [],\r\n          \"privateEndpointNetworkPolicies\": \"Disabled\",\r\n          \"privateLinkServiceNetworkPolicies\":
        \"Enabled\"\r\n        },\r\n        \"type\": \"Microsoft.Network/virtualNetworks/subnets\"\r\n
        \     }\r\n    ],\r\n    \"virtualNetworkPeerings\": [],\r\n    \"enableDdosProtection\":
        false\r\n  }\r\n}"
    headers:
      cache-control:
      - no-cache
      content-length:
      - '1297'
      content-type:
      - application/json; charset=utf-8
      date:
      - Sat, 28 Jan 2023 10:46:41 GMT
      etag:
      - W/"3946114c-864b-4b7b-b189-076d9d665174"
      expires:
      - '-1'
      pragma:
      - no-cache
      server:
      - Microsoft-HTTPAPI/2.0
      - Microsoft-HTTPAPI/2.0
      strict-transport-security:
      - max-age=31536000; includeSubDomains
      transfer-encoding:
      - chunked
      vary:
      - Accept-Encoding
      x-content-type-options:
      - nosniff
      x-ms-arm-service-request-id:
      - ebe84338-5687-4d99-a0bf-b584c401ae42
    status:
      code: 200
      message: ''
- request:
    body: '{"name": "AzureFirewallManagementSubnet", "properties": {"addressPrefix":
      "10.0.1.0/24"}}'
    headers:
      Accept:
      - application/json
      Accept-Encoding:
      - gzip, deflate
      CommandName:
      - network vnet subnet create
      Connection:
      - keep-alive
      Content-Length:
      - '89'
      Content-Type:
      - application/json
      ParameterSetName:
      - -n -g --vnet-name --address-prefixes
      User-Agent:
      - AZURECLI/2.44.1 (PIP) (AAZ) azsdk-python-core/1.24.0 Python/3.8.10 (Windows-10-10.0.19045-SP0)
    method: PUT
    uri: https://management.azure.com/subscriptions/00000000-0000-0000-0000-000000000000/resourceGroups/cli_test_firewall_basic_sku_000001/providers/Microsoft.Network/virtualNetworks/vnet-000003/subnets/AzureFirewallManagementSubnet?api-version=2022-01-01
  response:
    body:
      string: "{\r\n  \"name\": \"AzureFirewallManagementSubnet\",\r\n  \"id\": \"/subscriptions/00000000-0000-0000-0000-000000000000/resourceGroups/cli_test_firewall_basic_sku_000001/providers/Microsoft.Network/virtualNetworks/vnet-000003/subnets/AzureFirewallManagementSubnet\",\r\n
        \ \"etag\": \"W/\\\"44ac5b65-621e-4f81-9fd4-a8a31c6a56af\\\"\",\r\n  \"properties\":
        {\r\n    \"provisioningState\": \"Updating\",\r\n    \"addressPrefix\": \"10.0.1.0/24\",\r\n
        \   \"delegations\": [],\r\n    \"privateEndpointNetworkPolicies\": \"Disabled\",\r\n
        \   \"privateLinkServiceNetworkPolicies\": \"Enabled\"\r\n  },\r\n  \"type\":
        \"Microsoft.Network/virtualNetworks/subnets\"\r\n}"
    headers:
      azure-asyncnotification:
      - Enabled
      azure-asyncoperation:
      - https://management.azure.com/subscriptions/00000000-0000-0000-0000-000000000000/providers/Microsoft.Network/locations/westus/operations/4f0b3389-930c-4be3-a95e-a07e1b1e121e?api-version=2022-01-01
      cache-control:
      - no-cache
      content-length:
      - '595'
      content-type:
      - application/json; charset=utf-8
      date:
      - Sat, 28 Jan 2023 10:46:45 GMT
      expires:
      - '-1'
      pragma:
      - no-cache
      server:
      - Microsoft-HTTPAPI/2.0
      - Microsoft-HTTPAPI/2.0
      strict-transport-security:
      - max-age=31536000; includeSubDomains
      x-content-type-options:
      - nosniff
      x-ms-arm-service-request-id:
      - 0ca333b2-fc8d-47a8-b50b-4993d686417b
      x-ms-ratelimit-remaining-subscription-writes:
      - '1199'
    status:
      code: 201
      message: ''
- request:
    body: null
    headers:
      Accept:
      - '*/*'
      Accept-Encoding:
      - gzip, deflate
      CommandName:
      - network vnet subnet create
      Connection:
      - keep-alive
      ParameterSetName:
      - -n -g --vnet-name --address-prefixes
      User-Agent:
      - AZURECLI/2.44.1 (PIP) (AAZ) azsdk-python-core/1.24.0 Python/3.8.10 (Windows-10-10.0.19045-SP0)
    method: GET
    uri: https://management.azure.com/subscriptions/00000000-0000-0000-0000-000000000000/providers/Microsoft.Network/locations/westus/operations/4f0b3389-930c-4be3-a95e-a07e1b1e121e?api-version=2022-01-01
  response:
    body:
      string: "{\r\n  \"status\": \"Succeeded\"\r\n}"
    headers:
      cache-control:
      - no-cache
      content-length:
      - '29'
      content-type:
      - application/json; charset=utf-8
      date:
      - Sat, 28 Jan 2023 10:46:48 GMT
      expires:
      - '-1'
      pragma:
      - no-cache
      server:
      - Microsoft-HTTPAPI/2.0
      - Microsoft-HTTPAPI/2.0
      strict-transport-security:
      - max-age=31536000; includeSubDomains
      transfer-encoding:
      - chunked
      vary:
      - Accept-Encoding
      x-content-type-options:
      - nosniff
      x-ms-arm-service-request-id:
      - 777010f9-30e1-4c56-9a3b-e7a4b674c095
    status:
      code: 200
      message: ''
- request:
    body: null
    headers:
      Accept:
      - '*/*'
      Accept-Encoding:
      - gzip, deflate
      CommandName:
      - network vnet subnet create
      Connection:
      - keep-alive
      ParameterSetName:
      - -n -g --vnet-name --address-prefixes
      User-Agent:
      - AZURECLI/2.44.1 (PIP) (AAZ) azsdk-python-core/1.24.0 Python/3.8.10 (Windows-10-10.0.19045-SP0)
    method: GET
    uri: https://management.azure.com/subscriptions/00000000-0000-0000-0000-000000000000/resourceGroups/cli_test_firewall_basic_sku_000001/providers/Microsoft.Network/virtualNetworks/vnet-000003/subnets/AzureFirewallManagementSubnet?api-version=2022-01-01
  response:
    body:
      string: "{\r\n  \"name\": \"AzureFirewallManagementSubnet\",\r\n  \"id\": \"/subscriptions/00000000-0000-0000-0000-000000000000/resourceGroups/cli_test_firewall_basic_sku_000001/providers/Microsoft.Network/virtualNetworks/vnet-000003/subnets/AzureFirewallManagementSubnet\",\r\n
        \ \"etag\": \"W/\\\"2303d6a0-f56d-43dd-97b3-7ac923541b04\\\"\",\r\n  \"properties\":
        {\r\n    \"provisioningState\": \"Succeeded\",\r\n    \"addressPrefix\": \"10.0.1.0/24\",\r\n
        \   \"delegations\": [],\r\n    \"privateEndpointNetworkPolicies\": \"Disabled\",\r\n
        \   \"privateLinkServiceNetworkPolicies\": \"Enabled\"\r\n  },\r\n  \"type\":
        \"Microsoft.Network/virtualNetworks/subnets\"\r\n}"
    headers:
      cache-control:
      - no-cache
      content-length:
      - '596'
      content-type:
      - application/json; charset=utf-8
      date:
      - Sat, 28 Jan 2023 10:46:48 GMT
      etag:
      - W/"2303d6a0-f56d-43dd-97b3-7ac923541b04"
      expires:
      - '-1'
      pragma:
      - no-cache
      server:
      - Microsoft-HTTPAPI/2.0
      - Microsoft-HTTPAPI/2.0
      strict-transport-security:
      - max-age=31536000; includeSubDomains
      transfer-encoding:
      - chunked
      vary:
      - Accept-Encoding
      x-content-type-options:
      - nosniff
      x-ms-arm-service-request-id:
      - 36b08138-1ec0-458b-be85-87f10a68b3f8
    status:
      code: 200
      message: ''
- request:
    body: null
    headers:
      Accept:
      - application/json
      Accept-Encoding:
      - gzip, deflate
      CommandName:
      - network public-ip create
      Connection:
      - keep-alive
      ParameterSetName:
      - -n -g --sku
      User-Agent:
      - AZURECLI/2.44.1 (PIP) azsdk-python-azure-mgmt-resource/21.1.0b1 Python/3.8.10
        (Windows-10-10.0.19045-SP0)
    method: GET
    uri: https://management.azure.com/subscriptions/00000000-0000-0000-0000-000000000000/resourcegroups/cli_test_firewall_basic_sku_000001?api-version=2021-04-01
  response:
    body:
      string: '{"id":"/subscriptions/00000000-0000-0000-0000-000000000000/resourceGroups/cli_test_firewall_basic_sku_000001","name":"cli_test_firewall_basic_sku_000001","type":"Microsoft.Resources/resourceGroups","location":"westus","tags":{"product":"azurecli","cause":"automation","date":"2023-01-28T10:46:23Z"},"properties":{"provisioningState":"Succeeded"}}'
    headers:
      cache-control:
      - no-cache
      content-length:
      - '346'
      content-type:
      - application/json; charset=utf-8
      date:
      - Sat, 28 Jan 2023 10:46:49 GMT
      expires:
      - '-1'
      pragma:
      - no-cache
      strict-transport-security:
      - max-age=31536000; includeSubDomains
      vary:
      - Accept-Encoding
      x-content-type-options:
      - nosniff
    status:
      code: 200
      message: OK
- request:
    body: '{"location": "westus", "properties": {"idleTimeoutInMinutes": 4, "publicIPAddressVersion":
      "IPv4", "publicIPAllocationMethod": "Static"}, "sku": {"name": "Standard"}}'
    headers:
      Accept:
      - application/json
      Accept-Encoding:
      - gzip, deflate
      CommandName:
      - network public-ip create
      Connection:
      - keep-alive
      Content-Length:
      - '166'
      Content-Type:
      - application/json
      ParameterSetName:
      - -n -g --sku
      User-Agent:
      - AZURECLI/2.44.1 (PIP) (AAZ) azsdk-python-core/1.24.0 Python/3.8.10 (Windows-10-10.0.19045-SP0)
    method: PUT
    uri: https://management.azure.com/subscriptions/00000000-0000-0000-0000-000000000000/resourceGroups/cli_test_firewall_basic_sku_000001/providers/Microsoft.Network/publicIPAddresses/public-ip-000006?api-version=2022-05-01
  response:
    body:
      string: "{\r\n  \"name\": \"public-ip-000006\",\r\n  \"id\": \"/subscriptions/00000000-0000-0000-0000-000000000000/resourceGroups/cli_test_firewall_basic_sku_000001/providers/Microsoft.Network/publicIPAddresses/public-ip-000006\",\r\n
        \ \"etag\": \"W/\\\"4688669c-66e4-4fd0-abae-ef59ab3c3f04\\\"\",\r\n  \"location\":
        \"westus\",\r\n  \"properties\": {\r\n    \"provisioningState\": \"Updating\",\r\n
        \   \"resourceGuid\": \"14e9af22-cbb3-41f4-87bc-fd9ff6a27f46\",\r\n    \"publicIPAddressVersion\":
        \"IPv4\",\r\n    \"publicIPAllocationMethod\": \"Static\",\r\n    \"idleTimeoutInMinutes\":
        4,\r\n    \"ipTags\": [],\r\n    \"ddosSettings\": {\r\n      \"protectionMode\":
        \"VirtualNetworkInherited\"\r\n    }\r\n  },\r\n  \"type\": \"Microsoft.Network/publicIPAddresses\",\r\n
        \ \"sku\": {\r\n    \"name\": \"Standard\",\r\n    \"tier\": \"Regional\"\r\n
        \ }\r\n}"
    headers:
      azure-asyncnotification:
      - Enabled
      azure-asyncoperation:
      - https://management.azure.com/subscriptions/00000000-0000-0000-0000-000000000000/providers/Microsoft.Network/locations/westus/operations/9ed525ab-8139-41e7-925f-fe44803963d3?api-version=2022-05-01
      cache-control:
      - no-cache
      content-length:
      - '748'
      content-type:
      - application/json; charset=utf-8
      date:
      - Sat, 28 Jan 2023 10:46:56 GMT
      expires:
      - '-1'
      pragma:
      - no-cache
      server:
      - Microsoft-HTTPAPI/2.0
      - Microsoft-HTTPAPI/2.0
      strict-transport-security:
      - max-age=31536000; includeSubDomains
      x-content-type-options:
      - nosniff
      x-ms-arm-service-request-id:
      - fb1ccf97-c7be-4bae-bdcd-b129d0ecc3b4
      x-ms-ratelimit-remaining-subscription-writes:
      - '1199'
    status:
      code: 201
      message: ''
- request:
    body: null
    headers:
      Accept:
      - '*/*'
      Accept-Encoding:
      - gzip, deflate
      CommandName:
      - network public-ip create
      Connection:
      - keep-alive
      ParameterSetName:
      - -n -g --sku
      User-Agent:
      - AZURECLI/2.44.1 (PIP) (AAZ) azsdk-python-core/1.24.0 Python/3.8.10 (Windows-10-10.0.19045-SP0)
    method: GET
    uri: https://management.azure.com/subscriptions/00000000-0000-0000-0000-000000000000/providers/Microsoft.Network/locations/westus/operations/9ed525ab-8139-41e7-925f-fe44803963d3?api-version=2022-05-01
  response:
    body:
      string: "{\r\n  \"status\": \"Succeeded\"\r\n}"
    headers:
      cache-control:
      - no-cache
      content-length:
      - '29'
      content-type:
      - application/json; charset=utf-8
      date:
      - Sat, 28 Jan 2023 10:46:57 GMT
      expires:
      - '-1'
      pragma:
      - no-cache
      server:
      - Microsoft-HTTPAPI/2.0
      - Microsoft-HTTPAPI/2.0
      strict-transport-security:
      - max-age=31536000; includeSubDomains
      transfer-encoding:
      - chunked
      vary:
      - Accept-Encoding
      x-content-type-options:
      - nosniff
      x-ms-arm-service-request-id:
      - b35fb221-53e8-4949-b05d-04338edb261c
    status:
      code: 200
      message: ''
- request:
    body: null
    headers:
      Accept:
      - '*/*'
      Accept-Encoding:
      - gzip, deflate
      CommandName:
      - network public-ip create
      Connection:
      - keep-alive
      ParameterSetName:
      - -n -g --sku
      User-Agent:
      - AZURECLI/2.44.1 (PIP) (AAZ) azsdk-python-core/1.24.0 Python/3.8.10 (Windows-10-10.0.19045-SP0)
    method: GET
    uri: https://management.azure.com/subscriptions/00000000-0000-0000-0000-000000000000/resourceGroups/cli_test_firewall_basic_sku_000001/providers/Microsoft.Network/publicIPAddresses/public-ip-000006?api-version=2022-05-01
  response:
    body:
      string: "{\r\n  \"name\": \"public-ip-000006\",\r\n  \"id\": \"/subscriptions/00000000-0000-0000-0000-000000000000/resourceGroups/cli_test_firewall_basic_sku_000001/providers/Microsoft.Network/publicIPAddresses/public-ip-000006\",\r\n
        \ \"etag\": \"W/\\\"d66c27e1-373b-4f4a-a0c2-c25f30fedf72\\\"\",\r\n  \"location\":
        \"westus\",\r\n  \"properties\": {\r\n    \"provisioningState\": \"Succeeded\",\r\n
        \   \"resourceGuid\": \"14e9af22-cbb3-41f4-87bc-fd9ff6a27f46\",\r\n    \"ipAddress\":
        \"20.245.14.129\",\r\n    \"publicIPAddressVersion\": \"IPv4\",\r\n    \"publicIPAllocationMethod\":
        \"Static\",\r\n    \"idleTimeoutInMinutes\": 4,\r\n    \"ipTags\": [],\r\n
        \   \"ddosSettings\": {\r\n      \"protectionMode\": \"VirtualNetworkInherited\"\r\n
        \   }\r\n  },\r\n  \"type\": \"Microsoft.Network/publicIPAddresses\",\r\n
        \ \"sku\": {\r\n    \"name\": \"Standard\",\r\n    \"tier\": \"Regional\"\r\n
        \ }\r\n}"
    headers:
      cache-control:
      - no-cache
      content-length:
      - '784'
      content-type:
      - application/json; charset=utf-8
      date:
      - Sat, 28 Jan 2023 10:46:57 GMT
      etag:
      - W/"d66c27e1-373b-4f4a-a0c2-c25f30fedf72"
      expires:
      - '-1'
      pragma:
      - no-cache
      server:
      - Microsoft-HTTPAPI/2.0
      - Microsoft-HTTPAPI/2.0
      strict-transport-security:
      - max-age=31536000; includeSubDomains
      transfer-encoding:
      - chunked
      vary:
      - Accept-Encoding
      x-content-type-options:
      - nosniff
      x-ms-arm-service-request-id:
      - 9fbbc2ac-df99-43aa-b57c-36b855cf60ff
    status:
      code: 200
      message: ''
- request:
    body: null
    headers:
      Accept:
      - application/json
      Accept-Encoding:
      - gzip, deflate
      CommandName:
      - network firewall create
      Connection:
      - keep-alive
      ParameterSetName:
      - -n -g --sku --tier --vnet-name --conf-name --m-conf-name --m-public-ip
      User-Agent:
      - AZURECLI/2.44.1 (PIP) azsdk-python-azure-mgmt-resource/21.1.0b1 Python/3.8.10
        (Windows-10-10.0.19045-SP0)
    method: GET
    uri: https://management.azure.com/subscriptions/00000000-0000-0000-0000-000000000000/resourcegroups/cli_test_firewall_basic_sku_000001?api-version=2021-04-01
  response:
    body:
      string: '{"id":"/subscriptions/00000000-0000-0000-0000-000000000000/resourceGroups/cli_test_firewall_basic_sku_000001","name":"cli_test_firewall_basic_sku_000001","type":"Microsoft.Resources/resourceGroups","location":"westus","tags":{"product":"azurecli","cause":"automation","date":"2023-01-28T10:46:23Z"},"properties":{"provisioningState":"Succeeded"}}'
    headers:
      cache-control:
      - no-cache
      content-length:
      - '346'
      content-type:
      - application/json; charset=utf-8
      date:
      - Sat, 28 Jan 2023 10:46:58 GMT
      expires:
      - '-1'
      pragma:
      - no-cache
      strict-transport-security:
      - max-age=31536000; includeSubDomains
      vary:
      - Accept-Encoding
      x-content-type-options:
      - nosniff
    status:
      code: 200
      message: OK
- request:
    body: null
    headers:
      Accept:
      - application/json
      Accept-Encoding:
      - gzip, deflate
      CommandName:
      - network firewall create
      Connection:
      - keep-alive
      ParameterSetName:
      - -n -g --sku --tier --vnet-name --conf-name --m-conf-name --m-public-ip
      User-Agent:
      - AZURECLI/2.44.1 (PIP) azsdk-python-azure-mgmt-network/19.3.0 Python/3.8.10
        (Windows-10-10.0.19045-SP0)
    method: GET
    uri: https://management.azure.com/subscriptions/00000000-0000-0000-0000-000000000000/resourceGroups/cli_test_firewall_basic_sku_000001/providers/Microsoft.Network/azureFirewalls/firewall-000002?api-version=2021-08-01
  response:
    body:
      string: '{"error":{"code":"ResourceNotFound","message":"The Resource ''Microsoft.Network/azureFirewalls/firewall-000002''
        under resource group ''cli_test_firewall_basic_sku_000001'' was not found.
        For more details please go to https://aka.ms/ARMResourceNotFoundFix"}}'
    headers:
      cache-control:
      - no-cache
      content-length:
      - '254'
      content-type:
      - application/json; charset=utf-8
      date:
      - Sat, 28 Jan 2023 10:46:59 GMT
      expires:
      - '-1'
      pragma:
      - no-cache
      strict-transport-security:
      - max-age=31536000; includeSubDomains
      x-content-type-options:
      - nosniff
      x-ms-failure-cause:
      - gateway
    status:
      code: 404
      message: Not Found
- request:
    body: '{"location": "westus", "properties": {"ipConfigurations": [{"name": "ipconfig-000004",
      "properties": {"subnet": {"id": "/subscriptions/00000000-0000-0000-0000-000000000000/resourceGroups/cli_test_firewall_basic_sku_000001/providers/Microsoft.Network/virtualNetworks/vnet-000003/subnets/AzureFirewallSubnet"}}}],
      "managementIpConfiguration": {"name": "ipconfig-000005", "properties": {"subnet":
      {"id": "/subscriptions/00000000-0000-0000-0000-000000000000/resourceGroups/cli_test_firewall_basic_sku_000001/providers/Microsoft.Network/virtualNetworks/vnet-000003/subnets/AzureFirewallManagementSubnet"},
      "publicIPAddress": {"id": "/subscriptions/00000000-0000-0000-0000-000000000000/resourceGroups/cli_test_firewall_basic_sku_000001/providers/Microsoft.Network/publicIPAddresses/public-ip-000006"}}},
      "sku": {"name": "AZFW_VNet", "tier": "Basic"}, "additionalProperties": {}}}'
    headers:
      Accept:
      - application/json
      Accept-Encoding:
      - gzip, deflate
      CommandName:
      - network firewall create
      Connection:
      - keep-alive
      Content-Length:
      - '873'
      Content-Type:
      - application/json
      ParameterSetName:
      - -n -g --sku --tier --vnet-name --conf-name --m-conf-name --m-public-ip
      User-Agent:
      - AZURECLI/2.44.1 (PIP) azsdk-python-azure-mgmt-network/19.3.0 Python/3.8.10
        (Windows-10-10.0.19045-SP0)
    method: PUT
    uri: https://management.azure.com/subscriptions/00000000-0000-0000-0000-000000000000/resourceGroups/cli_test_firewall_basic_sku_000001/providers/Microsoft.Network/azureFirewalls/firewall-000002?api-version=2021-08-01
  response:
    body:
      string: "{\r\n  \"name\": \"firewall-000002\",\r\n  \"id\": \"/subscriptions/00000000-0000-0000-0000-000000000000/resourceGroups/cli_test_firewall_basic_sku_000001/providers/Microsoft.Network/azureFirewalls/firewall-000002\",\r\n
        \ \"etag\": \"W/\\\"c2323ac1-6fde-4fdc-9a90-4d3b376aab19\\\"\",\r\n  \"type\":
        \"Microsoft.Network/azureFirewalls\",\r\n  \"location\": \"westus\",\r\n  \"properties\":
        {\r\n    \"provisioningState\": \"Updating\",\r\n    \"sku\": {\r\n      \"name\":
        \"AZFW_VNet\",\r\n      \"tier\": \"Basic\"\r\n    },\r\n    \"threatIntelMode\":
        \"Alert\",\r\n    \"additionalProperties\": {},\r\n    \"managementIpConfiguration\":
        {\r\n      \"name\": \"ipconfig-000005\",\r\n      \"id\": \"/subscriptions/00000000-0000-0000-0000-000000000000/resourceGroups/cli_test_firewall_basic_sku_000001/providers/Microsoft.Network/azureFirewalls/firewall-000002/azureFirewallIpConfigurations/ipconfig-000005\",\r\n
        \     \"etag\": \"W/\\\"c2323ac1-6fde-4fdc-9a90-4d3b376aab19\\\"\",\r\n      \"type\":
        \"Microsoft.Network/azureFirewalls/azureFirewallIpConfigurations\",\r\n      \"properties\":
        {\r\n        \"provisioningState\": \"Succeeded\",\r\n        \"privateIPAllocationMethod\":
        \"Dynamic\",\r\n        \"publicIPAddress\": {\r\n          \"id\": \"/subscriptions/00000000-0000-0000-0000-000000000000/resourceGroups/cli_test_firewall_basic_sku_000001/providers/Microsoft.Network/publicIPAddresses/public-ip-000006\"\r\n
        \       },\r\n        \"subnet\": {\r\n          \"id\": \"/subscriptions/00000000-0000-0000-0000-000000000000/resourceGroups/cli_test_firewall_basic_sku_000001/providers/Microsoft.Network/virtualNetworks/vnet-000003/subnets/AzureFirewallManagementSubnet\"\r\n
        \       }\r\n      }\r\n    },\r\n    \"ipConfigurations\": [\r\n      {\r\n
        \       \"name\": \"ipconfig-000004\",\r\n        \"id\": \"/subscriptions/00000000-0000-0000-0000-000000000000/resourceGroups/cli_test_firewall_basic_sku_000001/providers/Microsoft.Network/azureFirewalls/firewall-000002/azureFirewallIpConfigurations/ipconfig-000004\",\r\n
        \       \"etag\": \"W/\\\"c2323ac1-6fde-4fdc-9a90-4d3b376aab19\\\"\",\r\n
        \       \"type\": \"Microsoft.Network/azureFirewalls/azureFirewallIpConfigurations\",\r\n
        \       \"properties\": {\r\n          \"provisioningState\": \"Succeeded\",\r\n
        \         \"privateIPAllocationMethod\": \"Dynamic\",\r\n          \"subnet\":
        {\r\n            \"id\": \"/subscriptions/00000000-0000-0000-0000-000000000000/resourceGroups/cli_test_firewall_basic_sku_000001/providers/Microsoft.Network/virtualNetworks/vnet-000003/subnets/AzureFirewallSubnet\"\r\n
        \         }\r\n        }\r\n      }\r\n    ],\r\n    \"networkRuleCollections\":
        [],\r\n    \"applicationRuleCollections\": [],\r\n    \"natRuleCollections\":
        []\r\n  }\r\n}"
    headers:
      azure-asyncnotification:
      - Enabled
      azure-asyncoperation:
      - https://management.azure.com/subscriptions/00000000-0000-0000-0000-000000000000/providers/Microsoft.Network/locations/westus/operations/1662eba7-53c8-438e-80e0-ac13f23d3b0d?api-version=2021-08-01
      cache-control:
      - no-cache
      content-length:
      - '2516'
      content-type:
      - application/json; charset=utf-8
      date:
      - Sat, 28 Jan 2023 10:47:05 GMT
      expires:
      - '-1'
      pragma:
      - no-cache
      server:
      - Microsoft-HTTPAPI/2.0
      - Microsoft-HTTPAPI/2.0
      strict-transport-security:
      - max-age=31536000; includeSubDomains
      x-content-type-options:
      - nosniff
      x-ms-arm-service-request-id:
      - b6bc2ac6-c3de-4a90-8afe-671ef60cd2bd
      x-ms-ratelimit-remaining-subscription-writes:
      - '1199'
    status:
      code: 201
      message: Created
- request:
    body: null
    headers:
      Accept:
      - '*/*'
      Accept-Encoding:
      - gzip, deflate
      CommandName:
      - network firewall create
      Connection:
      - keep-alive
      ParameterSetName:
      - -n -g --sku --tier --vnet-name --conf-name --m-conf-name --m-public-ip
      User-Agent:
      - AZURECLI/2.44.1 (PIP) azsdk-python-azure-mgmt-network/19.3.0 Python/3.8.10
        (Windows-10-10.0.19045-SP0)
    method: GET
    uri: https://management.azure.com/subscriptions/00000000-0000-0000-0000-000000000000/providers/Microsoft.Network/locations/westus/operations/1662eba7-53c8-438e-80e0-ac13f23d3b0d?api-version=2021-08-01
  response:
    body:
      string: "{\r\n  \"status\": \"InProgress\"\r\n}"
    headers:
      cache-control:
      - no-cache
      content-length:
      - '30'
      content-type:
      - application/json; charset=utf-8
      date:
      - Sat, 28 Jan 2023 10:47:16 GMT
      expires:
      - '-1'
      pragma:
      - no-cache
      server:
      - Microsoft-HTTPAPI/2.0
      - Microsoft-HTTPAPI/2.0
      strict-transport-security:
      - max-age=31536000; includeSubDomains
      transfer-encoding:
      - chunked
      vary:
      - Accept-Encoding
      x-content-type-options:
      - nosniff
      x-ms-arm-service-request-id:
      - 35b8fa54-e362-478d-ae39-6327b82b8847
    status:
      code: 200
      message: OK
- request:
    body: null
    headers:
      Accept:
      - '*/*'
      Accept-Encoding:
      - gzip, deflate
      CommandName:
      - network firewall create
      Connection:
      - keep-alive
      ParameterSetName:
      - -n -g --sku --tier --vnet-name --conf-name --m-conf-name --m-public-ip
      User-Agent:
      - AZURECLI/2.44.1 (PIP) azsdk-python-azure-mgmt-network/19.3.0 Python/3.8.10
        (Windows-10-10.0.19045-SP0)
    method: GET
    uri: https://management.azure.com/subscriptions/00000000-0000-0000-0000-000000000000/providers/Microsoft.Network/locations/westus/operations/1662eba7-53c8-438e-80e0-ac13f23d3b0d?api-version=2021-08-01
  response:
    body:
      string: "{\r\n  \"status\": \"InProgress\"\r\n}"
    headers:
      cache-control:
      - no-cache
      content-length:
      - '30'
      content-type:
      - application/json; charset=utf-8
      date:
      - Sat, 28 Jan 2023 10:47:26 GMT
      expires:
      - '-1'
      pragma:
      - no-cache
      server:
      - Microsoft-HTTPAPI/2.0
      - Microsoft-HTTPAPI/2.0
      strict-transport-security:
      - max-age=31536000; includeSubDomains
      transfer-encoding:
      - chunked
      vary:
      - Accept-Encoding
      x-content-type-options:
      - nosniff
      x-ms-arm-service-request-id:
      - 56e6a10e-d3f8-4a51-8019-88ea217d48d5
    status:
      code: 200
      message: OK
- request:
    body: null
    headers:
      Accept:
      - '*/*'
      Accept-Encoding:
      - gzip, deflate
      CommandName:
      - network firewall create
      Connection:
      - keep-alive
      ParameterSetName:
      - -n -g --sku --tier --vnet-name --conf-name --m-conf-name --m-public-ip
      User-Agent:
      - AZURECLI/2.44.1 (PIP) azsdk-python-azure-mgmt-network/19.3.0 Python/3.8.10
        (Windows-10-10.0.19045-SP0)
    method: GET
    uri: https://management.azure.com/subscriptions/00000000-0000-0000-0000-000000000000/providers/Microsoft.Network/locations/westus/operations/1662eba7-53c8-438e-80e0-ac13f23d3b0d?api-version=2021-08-01
  response:
    body:
      string: "{\r\n  \"status\": \"InProgress\"\r\n}"
    headers:
      cache-control:
      - no-cache
      content-length:
      - '30'
      content-type:
      - application/json; charset=utf-8
      date:
      - Sat, 28 Jan 2023 10:47:46 GMT
      expires:
      - '-1'
      pragma:
      - no-cache
      server:
      - Microsoft-HTTPAPI/2.0
      - Microsoft-HTTPAPI/2.0
      strict-transport-security:
      - max-age=31536000; includeSubDomains
      transfer-encoding:
      - chunked
      vary:
      - Accept-Encoding
      x-content-type-options:
      - nosniff
      x-ms-arm-service-request-id:
      - 745f0133-675b-48da-9c31-4109b0d2ee4f
    status:
      code: 200
      message: OK
- request:
    body: null
    headers:
      Accept:
      - '*/*'
      Accept-Encoding:
      - gzip, deflate
      CommandName:
      - network firewall create
      Connection:
      - keep-alive
      ParameterSetName:
      - -n -g --sku --tier --vnet-name --conf-name --m-conf-name --m-public-ip
      User-Agent:
      - AZURECLI/2.44.1 (PIP) azsdk-python-azure-mgmt-network/19.3.0 Python/3.8.10
        (Windows-10-10.0.19045-SP0)
    method: GET
    uri: https://management.azure.com/subscriptions/00000000-0000-0000-0000-000000000000/providers/Microsoft.Network/locations/westus/operations/1662eba7-53c8-438e-80e0-ac13f23d3b0d?api-version=2021-08-01
  response:
    body:
      string: "{\r\n  \"status\": \"InProgress\"\r\n}"
    headers:
      cache-control:
      - no-cache
      content-length:
      - '30'
      content-type:
      - application/json; charset=utf-8
      date:
      - Sat, 28 Jan 2023 10:48:06 GMT
      expires:
      - '-1'
      pragma:
      - no-cache
      server:
      - Microsoft-HTTPAPI/2.0
      - Microsoft-HTTPAPI/2.0
      strict-transport-security:
      - max-age=31536000; includeSubDomains
      transfer-encoding:
      - chunked
      vary:
      - Accept-Encoding
      x-content-type-options:
      - nosniff
      x-ms-arm-service-request-id:
      - 81aaae1e-9ca7-441b-a2cf-996c6e820af0
    status:
      code: 200
      message: OK
- request:
    body: null
    headers:
      Accept:
      - '*/*'
      Accept-Encoding:
      - gzip, deflate
      CommandName:
      - network firewall create
      Connection:
      - keep-alive
      ParameterSetName:
      - -n -g --sku --tier --vnet-name --conf-name --m-conf-name --m-public-ip
      User-Agent:
      - AZURECLI/2.44.1 (PIP) azsdk-python-azure-mgmt-network/19.3.0 Python/3.8.10
        (Windows-10-10.0.19045-SP0)
    method: GET
    uri: https://management.azure.com/subscriptions/00000000-0000-0000-0000-000000000000/providers/Microsoft.Network/locations/westus/operations/1662eba7-53c8-438e-80e0-ac13f23d3b0d?api-version=2021-08-01
  response:
    body:
      string: "{\r\n  \"status\": \"InProgress\"\r\n}"
    headers:
      cache-control:
      - no-cache
      content-length:
      - '30'
      content-type:
      - application/json; charset=utf-8
      date:
      - Sat, 28 Jan 2023 10:48:47 GMT
      expires:
      - '-1'
      pragma:
      - no-cache
      server:
      - Microsoft-HTTPAPI/2.0
      - Microsoft-HTTPAPI/2.0
      strict-transport-security:
      - max-age=31536000; includeSubDomains
      transfer-encoding:
      - chunked
      vary:
      - Accept-Encoding
      x-content-type-options:
      - nosniff
      x-ms-arm-service-request-id:
      - 5fae7326-ea54-4844-8312-bb49045c21c6
    status:
      code: 200
      message: OK
- request:
    body: null
    headers:
      Accept:
      - '*/*'
      Accept-Encoding:
      - gzip, deflate
      CommandName:
      - network firewall create
      Connection:
      - keep-alive
      ParameterSetName:
      - -n -g --sku --tier --vnet-name --conf-name --m-conf-name --m-public-ip
      User-Agent:
      - AZURECLI/2.44.1 (PIP) azsdk-python-azure-mgmt-network/19.3.0 Python/3.8.10
        (Windows-10-10.0.19045-SP0)
    method: GET
    uri: https://management.azure.com/subscriptions/00000000-0000-0000-0000-000000000000/providers/Microsoft.Network/locations/westus/operations/1662eba7-53c8-438e-80e0-ac13f23d3b0d?api-version=2021-08-01
  response:
    body:
      string: "{\r\n  \"status\": \"InProgress\"\r\n}"
    headers:
      cache-control:
      - no-cache
      content-length:
      - '30'
      content-type:
      - application/json; charset=utf-8
      date:
      - Sat, 28 Jan 2023 10:49:28 GMT
      expires:
      - '-1'
      pragma:
      - no-cache
      server:
      - Microsoft-HTTPAPI/2.0
      - Microsoft-HTTPAPI/2.0
      strict-transport-security:
      - max-age=31536000; includeSubDomains
      transfer-encoding:
      - chunked
      vary:
      - Accept-Encoding
      x-content-type-options:
      - nosniff
      x-ms-arm-service-request-id:
      - d882aa48-0a14-4b7d-996b-7c0ccd8604fa
    status:
      code: 200
      message: ''
- request:
    body: null
    headers:
      Accept:
      - '*/*'
      Accept-Encoding:
      - gzip, deflate
      CommandName:
      - network firewall create
      Connection:
      - keep-alive
      ParameterSetName:
      - -n -g --sku --tier --vnet-name --conf-name --m-conf-name --m-public-ip
      User-Agent:
      - AZURECLI/2.44.1 (PIP) azsdk-python-azure-mgmt-network/19.3.0 Python/3.8.10
        (Windows-10-10.0.19045-SP0)
    method: GET
    uri: https://management.azure.com/subscriptions/00000000-0000-0000-0000-000000000000/providers/Microsoft.Network/locations/westus/operations/1662eba7-53c8-438e-80e0-ac13f23d3b0d?api-version=2021-08-01
  response:
    body:
      string: "{\r\n  \"status\": \"InProgress\"\r\n}"
    headers:
      cache-control:
      - no-cache
      content-length:
      - '30'
      content-type:
      - application/json; charset=utf-8
      date:
      - Sat, 28 Jan 2023 10:50:49 GMT
      expires:
      - '-1'
      pragma:
      - no-cache
      server:
      - Microsoft-HTTPAPI/2.0
      - Microsoft-HTTPAPI/2.0
      strict-transport-security:
      - max-age=31536000; includeSubDomains
      transfer-encoding:
      - chunked
      vary:
      - Accept-Encoding
      x-content-type-options:
      - nosniff
      x-ms-arm-service-request-id:
      - 2ad808d0-306b-4013-9d5c-d96882d7b303
    status:
      code: 200
      message: ''
- request:
    body: null
    headers:
      Accept:
      - '*/*'
      Accept-Encoding:
      - gzip, deflate
      CommandName:
      - network firewall create
      Connection:
      - keep-alive
      ParameterSetName:
      - -n -g --sku --tier --vnet-name --conf-name --m-conf-name --m-public-ip
      User-Agent:
      - AZURECLI/2.44.1 (PIP) azsdk-python-azure-mgmt-network/19.3.0 Python/3.8.10
        (Windows-10-10.0.19045-SP0)
    method: GET
    uri: https://management.azure.com/subscriptions/00000000-0000-0000-0000-000000000000/providers/Microsoft.Network/locations/westus/operations/1662eba7-53c8-438e-80e0-ac13f23d3b0d?api-version=2021-08-01
  response:
    body:
      string: "{\r\n  \"status\": \"Succeeded\"\r\n}"
    headers:
      cache-control:
      - no-cache
      content-length:
      - '29'
      content-type:
      - application/json; charset=utf-8
      date:
      - Sat, 28 Jan 2023 10:53:29 GMT
      expires:
      - '-1'
      pragma:
      - no-cache
      server:
      - Microsoft-HTTPAPI/2.0
      - Microsoft-HTTPAPI/2.0
      strict-transport-security:
      - max-age=31536000; includeSubDomains
      transfer-encoding:
      - chunked
      vary:
      - Accept-Encoding
      x-content-type-options:
      - nosniff
      x-ms-arm-service-request-id:
      - 19d306fd-82a5-4cbe-9f6a-57ad627c5e31
    status:
      code: 200
      message: ''
- request:
    body: null
    headers:
      Accept:
      - '*/*'
      Accept-Encoding:
      - gzip, deflate
      CommandName:
      - network firewall create
      Connection:
      - keep-alive
      ParameterSetName:
      - -n -g --sku --tier --vnet-name --conf-name --m-conf-name --m-public-ip
      User-Agent:
      - AZURECLI/2.44.1 (PIP) azsdk-python-azure-mgmt-network/19.3.0 Python/3.8.10
        (Windows-10-10.0.19045-SP0)
    method: GET
    uri: https://management.azure.com/subscriptions/00000000-0000-0000-0000-000000000000/resourceGroups/cli_test_firewall_basic_sku_000001/providers/Microsoft.Network/azureFirewalls/firewall-000002?api-version=2021-08-01
  response:
    body:
      string: "{\r\n  \"name\": \"firewall-000002\",\r\n  \"id\": \"/subscriptions/00000000-0000-0000-0000-000000000000/resourceGroups/cli_test_firewall_basic_sku_000001/providers/Microsoft.Network/azureFirewalls/firewall-000002\",\r\n
        \ \"etag\": \"W/\\\"e6ce4197-2df9-4324-80f7-0e1b6c03a676\\\"\",\r\n  \"type\":
        \"Microsoft.Network/azureFirewalls\",\r\n  \"location\": \"westus\",\r\n  \"properties\":
        {\r\n    \"provisioningState\": \"Succeeded\",\r\n    \"sku\": {\r\n      \"name\":
        \"AZFW_VNet\",\r\n      \"tier\": \"Basic\"\r\n    },\r\n    \"threatIntelMode\":
        \"Alert\",\r\n    \"additionalProperties\": {},\r\n    \"managementIpConfiguration\":
        {\r\n      \"name\": \"ipconfig-000005\",\r\n      \"id\": \"/subscriptions/00000000-0000-0000-0000-000000000000/resourceGroups/cli_test_firewall_basic_sku_000001/providers/Microsoft.Network/azureFirewalls/firewall-000002/azureFirewallIpConfigurations/ipconfig-000005\",\r\n
        \     \"etag\": \"W/\\\"e6ce4197-2df9-4324-80f7-0e1b6c03a676\\\"\",\r\n      \"type\":
        \"Microsoft.Network/azureFirewalls/azureFirewallIpConfigurations\",\r\n      \"properties\":
        {\r\n        \"provisioningState\": \"Succeeded\",\r\n        \"privateIPAllocationMethod\":
        \"Dynamic\",\r\n        \"publicIPAddress\": {\r\n          \"id\": \"/subscriptions/00000000-0000-0000-0000-000000000000/resourceGroups/cli_test_firewall_basic_sku_000001/providers/Microsoft.Network/publicIPAddresses/public-ip-000006\"\r\n
        \       },\r\n        \"subnet\": {\r\n          \"id\": \"/subscriptions/00000000-0000-0000-0000-000000000000/resourceGroups/cli_test_firewall_basic_sku_000001/providers/Microsoft.Network/virtualNetworks/vnet-000003/subnets/AzureFirewallManagementSubnet\"\r\n
        \       }\r\n      }\r\n    },\r\n    \"ipConfigurations\": [\r\n      {\r\n
        \       \"name\": \"ipconfig-000004\",\r\n        \"id\": \"/subscriptions/00000000-0000-0000-0000-000000000000/resourceGroups/cli_test_firewall_basic_sku_000001/providers/Microsoft.Network/azureFirewalls/firewall-000002/azureFirewallIpConfigurations/ipconfig-000004\",\r\n
        \       \"etag\": \"W/\\\"e6ce4197-2df9-4324-80f7-0e1b6c03a676\\\"\",\r\n
        \       \"type\": \"Microsoft.Network/azureFirewalls/azureFirewallIpConfigurations\",\r\n
        \       \"properties\": {\r\n          \"provisioningState\": \"Succeeded\",\r\n
        \         \"privateIPAddress\": \"10.0.0.4\",\r\n          \"privateIPAllocationMethod\":
        \"Dynamic\",\r\n          \"subnet\": {\r\n            \"id\": \"/subscriptions/00000000-0000-0000-0000-000000000000/resourceGroups/cli_test_firewall_basic_sku_000001/providers/Microsoft.Network/virtualNetworks/vnet-000003/subnets/AzureFirewallSubnet\"\r\n
        \         }\r\n        }\r\n      }\r\n    ],\r\n    \"networkRuleCollections\":
        [],\r\n    \"applicationRuleCollections\": [],\r\n    \"natRuleCollections\":
        []\r\n  }\r\n}"
    headers:
      cache-control:
      - no-cache
      content-length:
      - '2560'
      content-type:
      - application/json; charset=utf-8
      date:
      - Sat, 28 Jan 2023 10:53:30 GMT
      etag:
      - W/"e6ce4197-2df9-4324-80f7-0e1b6c03a676"
      expires:
      - '-1'
      pragma:
      - no-cache
      server:
      - Microsoft-HTTPAPI/2.0
      - Microsoft-HTTPAPI/2.0
      strict-transport-security:
      - max-age=31536000; includeSubDomains
      transfer-encoding:
      - chunked
      vary:
      - Accept-Encoding
      x-content-type-options:
      - nosniff
      x-ms-arm-service-request-id:
      - e55de915-5fcf-4e92-b2d5-0a30ed0b7a33
    status:
      code: 200
      message: ''
version: 1
