interactions:
- request:
    body: null
    headers:
      Accept:
      - application/json
      Accept-Encoding:
      - gzip, deflate
      CommandName:
      - network firewall create
      Connection:
      - keep-alive
      ParameterSetName:
      - -g -n
      User-Agent:
      - AZURECLI/2.40.0 (PIP) azsdk-python-azure-mgmt-resource/21.1.0b1 Python/3.8.10
        (Windows-10-10.0.19044-SP0)
    method: GET
    uri: https://management.azure.com/subscriptions/00000000-0000-0000-0000-000000000000/resourcegroups/test_azure_firewall_management_ip_config000001?api-version=2021-04-01
  response:
    body:
      string: '{"id":"/subscriptions/00000000-0000-0000-0000-000000000000/resourceGroups/test_azure_firewall_management_ip_config000001","name":"test_azure_firewall_management_ip_config000001","type":"Microsoft.Resources/resourceGroups","location":"westus","tags":{"product":"azurecli","cause":"automation","date":"2022-09-13T07:23:10Z"},"properties":{"provisioningState":"Succeeded"}}'
    headers:
      cache-control:
      - no-cache
      content-length:
      - '370'
      content-type:
      - application/json; charset=utf-8
      date:
      - Tue, 13 Sep 2022 07:23:16 GMT
      expires:
      - '-1'
      pragma:
      - no-cache
      strict-transport-security:
      - max-age=31536000; includeSubDomains
      vary:
      - Accept-Encoding
      x-content-type-options:
      - nosniff
    status:
      code: 200
      message: OK
- request:
    body: '{"location": "westus", "properties": {"additionalProperties": {}}}'
    headers:
      Accept:
      - application/json
      Accept-Encoding:
      - gzip, deflate
      CommandName:
      - network firewall create
      Connection:
      - keep-alive
      Content-Length:
      - '66'
      Content-Type:
      - application/json
      ParameterSetName:
      - -g -n
      User-Agent:
      - AZURECLI/2.40.0 (PIP) azsdk-python-azure-mgmt-network/19.3.0 Python/3.8.10
        (Windows-10-10.0.19044-SP0)
    method: PUT
    uri: https://management.azure.com/subscriptions/00000000-0000-0000-0000-000000000000/resourceGroups/test_azure_firewall_management_ip_config000001/providers/Microsoft.Network/azureFirewalls/af1?api-version=2021-08-01
  response:
    body:
      string: "{\r\n  \"name\": \"af1\",\r\n  \"id\": \"/subscriptions/00000000-0000-0000-0000-000000000000/resourceGroups/test_azure_firewall_management_ip_config000001/providers/Microsoft.Network/azureFirewalls/af1\",\r\n
        \ \"etag\": \"W/\\\"a5d01f74-af6c-4b9d-8860-02f991c16667\\\"\",\r\n  \"type\":
        \"Microsoft.Network/azureFirewalls\",\r\n  \"location\": \"westus\",\r\n  \"properties\":
        {\r\n    \"provisioningState\": \"Updating\",\r\n    \"sku\": {\r\n      \"name\":
        \"AZFW_VNet\",\r\n      \"tier\": \"Standard\"\r\n    },\r\n    \"threatIntelMode\":
        \"Alert\",\r\n    \"additionalProperties\": {},\r\n    \"ipConfigurations\":
        [],\r\n    \"networkRuleCollections\": [],\r\n    \"applicationRuleCollections\":
        [],\r\n    \"natRuleCollections\": []\r\n  }\r\n}"
    headers:
      azure-asyncnotification:
      - Enabled
      azure-asyncoperation:
      - https://management.azure.com/subscriptions/00000000-0000-0000-0000-000000000000/providers/Microsoft.Network/locations/westus/operations/2fd5eccf-6e13-4e07-bcd3-2829f65a7775?api-version=2021-08-01
      cache-control:
      - no-cache
      content-length:
      - '661'
      content-type:
      - application/json; charset=utf-8
      date:
      - Tue, 13 Sep 2022 07:23:24 GMT
      expires:
      - '-1'
      pragma:
      - no-cache
      server:
      - Microsoft-HTTPAPI/2.0
      - Microsoft-HTTPAPI/2.0
      strict-transport-security:
      - max-age=31536000; includeSubDomains
      x-content-type-options:
      - nosniff
      x-ms-arm-service-request-id:
      - 390b50b7-bfff-4f94-abdb-b84ea0aa8d86
      x-ms-ratelimit-remaining-subscription-writes:
      - '1199'
    status:
      code: 201
      message: ''
- request:
    body: null
    headers:
      Accept:
      - '*/*'
      Accept-Encoding:
      - gzip, deflate
      CommandName:
      - network firewall create
      Connection:
      - keep-alive
      ParameterSetName:
      - -g -n
      User-Agent:
      - AZURECLI/2.40.0 (PIP) azsdk-python-azure-mgmt-network/19.3.0 Python/3.8.10
        (Windows-10-10.0.19044-SP0)
    method: GET
    uri: https://management.azure.com/subscriptions/00000000-0000-0000-0000-000000000000/providers/Microsoft.Network/locations/westus/operations/2fd5eccf-6e13-4e07-bcd3-2829f65a7775?api-version=2021-08-01
  response:
    body:
      string: "{\r\n  \"status\": \"Succeeded\"\r\n}"
    headers:
      cache-control:
      - no-cache
      content-length:
      - '29'
      content-type:
      - application/json; charset=utf-8
      date:
      - Tue, 13 Sep 2022 07:23:35 GMT
      expires:
      - '-1'
      pragma:
      - no-cache
      server:
      - Microsoft-HTTPAPI/2.0
      - Microsoft-HTTPAPI/2.0
      strict-transport-security:
      - max-age=31536000; includeSubDomains
      transfer-encoding:
      - chunked
      vary:
      - Accept-Encoding
      x-content-type-options:
      - nosniff
      x-ms-arm-service-request-id:
      - ecd5f46c-b4b5-49c2-914f-ecd81b5606ba
    status:
      code: 200
      message: ''
- request:
    body: null
    headers:
      Accept:
      - '*/*'
      Accept-Encoding:
      - gzip, deflate
      CommandName:
      - network firewall create
      Connection:
      - keep-alive
      ParameterSetName:
      - -g -n
      User-Agent:
      - AZURECLI/2.40.0 (PIP) azsdk-python-azure-mgmt-network/19.3.0 Python/3.8.10
        (Windows-10-10.0.19044-SP0)
    method: GET
    uri: https://management.azure.com/subscriptions/00000000-0000-0000-0000-000000000000/resourceGroups/test_azure_firewall_management_ip_config000001/providers/Microsoft.Network/azureFirewalls/af1?api-version=2021-08-01
  response:
    body:
      string: "{\r\n  \"name\": \"af1\",\r\n  \"id\": \"/subscriptions/00000000-0000-0000-0000-000000000000/resourceGroups/test_azure_firewall_management_ip_config000001/providers/Microsoft.Network/azureFirewalls/af1\",\r\n
        \ \"etag\": \"W/\\\"69e87f98-e16d-4faa-92b3-ea0b2b03da7e\\\"\",\r\n  \"type\":
        \"Microsoft.Network/azureFirewalls\",\r\n  \"location\": \"westus\",\r\n  \"properties\":
        {\r\n    \"provisioningState\": \"Succeeded\",\r\n    \"sku\": {\r\n      \"name\":
        \"AZFW_VNet\",\r\n      \"tier\": \"Standard\"\r\n    },\r\n    \"threatIntelMode\":
        \"Alert\",\r\n    \"additionalProperties\": {},\r\n    \"ipConfigurations\":
        [],\r\n    \"networkRuleCollections\": [],\r\n    \"applicationRuleCollections\":
        [],\r\n    \"natRuleCollections\": []\r\n  }\r\n}"
    headers:
      cache-control:
      - no-cache
      content-length:
      - '662'
      content-type:
      - application/json; charset=utf-8
      date:
      - Tue, 13 Sep 2022 07:23:36 GMT
      etag:
      - W/"69e87f98-e16d-4faa-92b3-ea0b2b03da7e"
      expires:
      - '-1'
      pragma:
      - no-cache
      server:
      - Microsoft-HTTPAPI/2.0
      - Microsoft-HTTPAPI/2.0
      strict-transport-security:
      - max-age=31536000; includeSubDomains
      transfer-encoding:
      - chunked
      vary:
      - Accept-Encoding
      x-content-type-options:
      - nosniff
      x-ms-arm-service-request-id:
      - bf4fface-e638-480a-be95-bb496fc6c7e5
    status:
      code: 200
      message: ''
- request:
    body: null
    headers:
      Accept:
      - application/json
      Accept-Encoding:
      - gzip, deflate
      CommandName:
      - network public-ip create
      Connection:
      - keep-alive
      ParameterSetName:
      - -g -n --sku
      User-Agent:
      - AZURECLI/2.40.0 (PIP) azsdk-python-azure-mgmt-resource/21.1.0b1 Python/3.8.10
        (Windows-10-10.0.19044-SP0)
    method: GET
    uri: https://management.azure.com/subscriptions/00000000-0000-0000-0000-000000000000/resourcegroups/test_azure_firewall_management_ip_config000001?api-version=2021-04-01
  response:
    body:
      string: '{"id":"/subscriptions/00000000-0000-0000-0000-000000000000/resourceGroups/test_azure_firewall_management_ip_config000001","name":"test_azure_firewall_management_ip_config000001","type":"Microsoft.Resources/resourceGroups","location":"westus","tags":{"product":"azurecli","cause":"automation","date":"2022-09-13T07:23:10Z"},"properties":{"provisioningState":"Succeeded"}}'
    headers:
      cache-control:
      - no-cache
      content-length:
      - '370'
      content-type:
      - application/json; charset=utf-8
      date:
      - Tue, 13 Sep 2022 07:23:36 GMT
      expires:
      - '-1'
      pragma:
      - no-cache
      strict-transport-security:
      - max-age=31536000; includeSubDomains
      vary:
      - Accept-Encoding
      x-content-type-options:
      - nosniff
    status:
      code: 200
      message: OK
- request:
    body: '{"location": "westus", "sku": {"name": "Standard"}, "properties": {"publicIPAllocationMethod":
      "Static", "publicIPAddressVersion": "IPv4", "idleTimeoutInMinutes": 4}}'
    headers:
      Accept:
      - application/json
      Accept-Encoding:
      - gzip, deflate
      CommandName:
      - network public-ip create
      Connection:
      - keep-alive
      Content-Length:
      - '166'
      Content-Type:
      - application/json
      ParameterSetName:
      - -g -n --sku
      User-Agent:
      - AZURECLI/2.40.0 (PIP) azsdk-python-azure-mgmt-network/21.0.1 Python/3.8.10
        (Windows-10-10.0.19044-SP0)
    method: PUT
    uri: https://management.azure.com/subscriptions/00000000-0000-0000-0000-000000000000/resourceGroups/test_azure_firewall_management_ip_config000001/providers/Microsoft.Network/publicIPAddresses/pubip?api-version=2022-01-01
  response:
    body:
      string: "{\r\n  \"name\": \"pubip\",\r\n  \"id\": \"/subscriptions/00000000-0000-0000-0000-000000000000/resourceGroups/test_azure_firewall_management_ip_config000001/providers/Microsoft.Network/publicIPAddresses/pubip\",\r\n
        \ \"etag\": \"W/\\\"9c5efaf0-538f-4e66-a7c1-9e926c777c1a\\\"\",\r\n  \"location\":
        \"westus\",\r\n  \"properties\": {\r\n    \"provisioningState\": \"Updating\",\r\n
        \   \"resourceGuid\": \"72e685ce-dcd3-497e-a649-a5557e61d14e\",\r\n    \"publicIPAddressVersion\":
        \"IPv4\",\r\n    \"publicIPAllocationMethod\": \"Static\",\r\n    \"idleTimeoutInMinutes\":
        4,\r\n    \"ipTags\": []\r\n  },\r\n  \"type\": \"Microsoft.Network/publicIPAddresses\",\r\n
        \ \"sku\": {\r\n    \"name\": \"Standard\",\r\n    \"tier\": \"Regional\"\r\n
        \ }\r\n}"
    headers:
      azure-asyncnotification:
      - Enabled
      azure-asyncoperation:
      - https://management.azure.com/subscriptions/00000000-0000-0000-0000-000000000000/providers/Microsoft.Network/locations/westus/operations/a253b677-a4df-4824-86f9-a5cf73840f2c?api-version=2022-01-01
      cache-control:
      - no-cache
      content-length:
      - '656'
      content-type:
      - application/json; charset=utf-8
      date:
      - Tue, 13 Sep 2022 07:23:42 GMT
      expires:
      - '-1'
      pragma:
      - no-cache
      server:
      - Microsoft-HTTPAPI/2.0
      - Microsoft-HTTPAPI/2.0
      strict-transport-security:
      - max-age=31536000; includeSubDomains
      x-content-type-options:
      - nosniff
      x-ms-arm-service-request-id:
      - 38a08bd8-851d-45d6-86f2-80f82d1b54fd
      x-ms-ratelimit-remaining-subscription-writes:
      - '1198'
    status:
      code: 201
      message: Created
- request:
    body: null
    headers:
      Accept:
      - '*/*'
      Accept-Encoding:
      - gzip, deflate
      CommandName:
      - network public-ip create
      Connection:
      - keep-alive
      ParameterSetName:
      - -g -n --sku
      User-Agent:
      - AZURECLI/2.40.0 (PIP) azsdk-python-azure-mgmt-network/21.0.1 Python/3.8.10
        (Windows-10-10.0.19044-SP0)
    method: GET
    uri: https://management.azure.com/subscriptions/00000000-0000-0000-0000-000000000000/providers/Microsoft.Network/locations/westus/operations/a253b677-a4df-4824-86f9-a5cf73840f2c?api-version=2022-01-01
  response:
    body:
      string: "{\r\n  \"status\": \"Succeeded\"\r\n}"
    headers:
      cache-control:
      - no-cache
      content-length:
      - '29'
      content-type:
      - application/json; charset=utf-8
      date:
      - Tue, 13 Sep 2022 07:23:43 GMT
      expires:
      - '-1'
      pragma:
      - no-cache
      server:
      - Microsoft-HTTPAPI/2.0
      - Microsoft-HTTPAPI/2.0
      strict-transport-security:
      - max-age=31536000; includeSubDomains
      transfer-encoding:
      - chunked
      vary:
      - Accept-Encoding
      x-content-type-options:
      - nosniff
      x-ms-arm-service-request-id:
      - 1c74b3b6-0d58-48b7-8976-a241a781ce1f
    status:
      code: 200
      message: OK
- request:
    body: null
    headers:
      Accept:
      - '*/*'
      Accept-Encoding:
      - gzip, deflate
      CommandName:
      - network public-ip create
      Connection:
      - keep-alive
      ParameterSetName:
      - -g -n --sku
      User-Agent:
      - AZURECLI/2.40.0 (PIP) azsdk-python-azure-mgmt-network/21.0.1 Python/3.8.10
        (Windows-10-10.0.19044-SP0)
    method: GET
    uri: https://management.azure.com/subscriptions/00000000-0000-0000-0000-000000000000/resourceGroups/test_azure_firewall_management_ip_config000001/providers/Microsoft.Network/publicIPAddresses/pubip?api-version=2022-01-01
  response:
    body:
      string: "{\r\n  \"name\": \"pubip\",\r\n  \"id\": \"/subscriptions/00000000-0000-0000-0000-000000000000/resourceGroups/test_azure_firewall_management_ip_config000001/providers/Microsoft.Network/publicIPAddresses/pubip\",\r\n
        \ \"etag\": \"W/\\\"0258fa99-af8e-4001-8997-ac06035f7dca\\\"\",\r\n  \"location\":
        \"westus\",\r\n  \"properties\": {\r\n    \"provisioningState\": \"Succeeded\",\r\n
        \   \"resourceGuid\": \"72e685ce-dcd3-497e-a649-a5557e61d14e\",\r\n    \"ipAddress\":
        \"20.66.51.169\",\r\n    \"publicIPAddressVersion\": \"IPv4\",\r\n    \"publicIPAllocationMethod\":
        \"Static\",\r\n    \"idleTimeoutInMinutes\": 4,\r\n    \"ipTags\": []\r\n
        \ },\r\n  \"type\": \"Microsoft.Network/publicIPAddresses\",\r\n  \"sku\":
        {\r\n    \"name\": \"Standard\",\r\n    \"tier\": \"Regional\"\r\n  }\r\n}"
    headers:
      cache-control:
      - no-cache
      content-length:
      - '691'
      content-type:
      - application/json; charset=utf-8
      date:
      - Tue, 13 Sep 2022 07:23:44 GMT
      etag:
      - W/"0258fa99-af8e-4001-8997-ac06035f7dca"
      expires:
      - '-1'
      pragma:
      - no-cache
      server:
      - Microsoft-HTTPAPI/2.0
      - Microsoft-HTTPAPI/2.0
      strict-transport-security:
      - max-age=31536000; includeSubDomains
      transfer-encoding:
      - chunked
      vary:
      - Accept-Encoding
      x-content-type-options:
      - nosniff
      x-ms-arm-service-request-id:
      - 570d3b1c-fcb5-4d75-ae8b-ab360fae5151
    status:
      code: 200
      message: OK
- request:
    body: null
    headers:
      Accept:
      - application/json
      Accept-Encoding:
      - gzip, deflate
      CommandName:
      - network public-ip create
      Connection:
      - keep-alive
      ParameterSetName:
      - -g -n --sku
      User-Agent:
      - AZURECLI/2.40.0 (PIP) azsdk-python-azure-mgmt-resource/21.1.0b1 Python/3.8.10
        (Windows-10-10.0.19044-SP0)
    method: GET
    uri: https://management.azure.com/subscriptions/00000000-0000-0000-0000-000000000000/resourcegroups/test_azure_firewall_management_ip_config000001?api-version=2021-04-01
  response:
    body:
      string: '{"id":"/subscriptions/00000000-0000-0000-0000-000000000000/resourceGroups/test_azure_firewall_management_ip_config000001","name":"test_azure_firewall_management_ip_config000001","type":"Microsoft.Resources/resourceGroups","location":"westus","tags":{"product":"azurecli","cause":"automation","date":"2022-09-13T07:23:10Z"},"properties":{"provisioningState":"Succeeded"}}'
    headers:
      cache-control:
      - no-cache
      content-length:
      - '370'
      content-type:
      - application/json; charset=utf-8
      date:
      - Tue, 13 Sep 2022 07:23:45 GMT
      expires:
      - '-1'
      pragma:
      - no-cache
      strict-transport-security:
      - max-age=31536000; includeSubDomains
      vary:
      - Accept-Encoding
      x-content-type-options:
      - nosniff
    status:
      code: 200
      message: OK
- request:
    body: '{"location": "westus", "sku": {"name": "Standard"}, "properties": {"publicIPAllocationMethod":
      "Static", "publicIPAddressVersion": "IPv4", "idleTimeoutInMinutes": 4}}'
    headers:
      Accept:
      - application/json
      Accept-Encoding:
      - gzip, deflate
      CommandName:
      - network public-ip create
      Connection:
      - keep-alive
      Content-Length:
      - '166'
      Content-Type:
      - application/json
      ParameterSetName:
      - -g -n --sku
      User-Agent:
      - AZURECLI/2.40.0 (PIP) azsdk-python-azure-mgmt-network/21.0.1 Python/3.8.10
        (Windows-10-10.0.19044-SP0)
    method: PUT
    uri: https://management.azure.com/subscriptions/00000000-0000-0000-0000-000000000000/resourceGroups/test_azure_firewall_management_ip_config000001/providers/Microsoft.Network/publicIPAddresses/pubip2?api-version=2022-01-01
  response:
    body:
      string: "{\r\n  \"name\": \"pubip2\",\r\n  \"id\": \"/subscriptions/00000000-0000-0000-0000-000000000000/resourceGroups/test_azure_firewall_management_ip_config000001/providers/Microsoft.Network/publicIPAddresses/pubip2\",\r\n
        \ \"etag\": \"W/\\\"af1576df-3c99-46cb-95fa-4d4d4a0806d3\\\"\",\r\n  \"location\":
        \"westus\",\r\n  \"properties\": {\r\n    \"provisioningState\": \"Updating\",\r\n
        \   \"resourceGuid\": \"4fb28587-11c7-4c17-bcc8-cd5b8026d2b1\",\r\n    \"publicIPAddressVersion\":
        \"IPv4\",\r\n    \"publicIPAllocationMethod\": \"Static\",\r\n    \"idleTimeoutInMinutes\":
        4,\r\n    \"ipTags\": []\r\n  },\r\n  \"type\": \"Microsoft.Network/publicIPAddresses\",\r\n
        \ \"sku\": {\r\n    \"name\": \"Standard\",\r\n    \"tier\": \"Regional\"\r\n
        \ }\r\n}"
    headers:
      azure-asyncnotification:
      - Enabled
      azure-asyncoperation:
      - https://management.azure.com/subscriptions/00000000-0000-0000-0000-000000000000/providers/Microsoft.Network/locations/westus/operations/e934c994-1d37-4ba5-9c13-8111c224b5be?api-version=2022-01-01
      cache-control:
      - no-cache
      content-length:
      - '658'
      content-type:
      - application/json; charset=utf-8
      date:
      - Tue, 13 Sep 2022 07:23:50 GMT
      expires:
      - '-1'
      pragma:
      - no-cache
      server:
      - Microsoft-HTTPAPI/2.0
      - Microsoft-HTTPAPI/2.0
      strict-transport-security:
      - max-age=31536000; includeSubDomains
      x-content-type-options:
      - nosniff
      x-ms-arm-service-request-id:
      - 80d65dad-3466-46ba-89fc-be2cabf48f82
      x-ms-ratelimit-remaining-subscription-writes:
      - '1199'
    status:
      code: 201
      message: Created
- request:
    body: null
    headers:
      Accept:
      - '*/*'
      Accept-Encoding:
      - gzip, deflate
      CommandName:
      - network public-ip create
      Connection:
      - keep-alive
      ParameterSetName:
      - -g -n --sku
      User-Agent:
      - AZURECLI/2.40.0 (PIP) azsdk-python-azure-mgmt-network/21.0.1 Python/3.8.10
        (Windows-10-10.0.19044-SP0)
    method: GET
    uri: https://management.azure.com/subscriptions/00000000-0000-0000-0000-000000000000/providers/Microsoft.Network/locations/westus/operations/e934c994-1d37-4ba5-9c13-8111c224b5be?api-version=2022-01-01
  response:
    body:
      string: "{\r\n  \"status\": \"Succeeded\"\r\n}"
    headers:
      cache-control:
      - no-cache
      content-length:
      - '29'
      content-type:
      - application/json; charset=utf-8
      date:
      - Tue, 13 Sep 2022 07:23:52 GMT
      expires:
      - '-1'
      pragma:
      - no-cache
      server:
      - Microsoft-HTTPAPI/2.0
      - Microsoft-HTTPAPI/2.0
      strict-transport-security:
      - max-age=31536000; includeSubDomains
      x-content-type-options:
      - nosniff
      x-ms-arm-service-request-id:
      - 7a421209-2923-4121-9436-6ebbbbff9eea
    status:
      code: 200
      message: OK
- request:
    body: null
    headers:
      Accept:
      - '*/*'
      Accept-Encoding:
      - gzip, deflate
      CommandName:
      - network public-ip create
      Connection:
      - keep-alive
      ParameterSetName:
      - -g -n --sku
      User-Agent:
      - AZURECLI/2.40.0 (PIP) azsdk-python-azure-mgmt-network/21.0.1 Python/3.8.10
        (Windows-10-10.0.19044-SP0)
    method: GET
    uri: https://management.azure.com/subscriptions/00000000-0000-0000-0000-000000000000/resourceGroups/test_azure_firewall_management_ip_config000001/providers/Microsoft.Network/publicIPAddresses/pubip2?api-version=2022-01-01
  response:
    body:
      string: "{\r\n  \"name\": \"pubip2\",\r\n  \"id\": \"/subscriptions/00000000-0000-0000-0000-000000000000/resourceGroups/test_azure_firewall_management_ip_config000001/providers/Microsoft.Network/publicIPAddresses/pubip2\",\r\n
        \ \"etag\": \"W/\\\"7461a711-5a78-4cdb-9413-5107b7e2ece7\\\"\",\r\n  \"location\":
        \"westus\",\r\n  \"properties\": {\r\n    \"provisioningState\": \"Succeeded\",\r\n
        \   \"resourceGuid\": \"4fb28587-11c7-4c17-bcc8-cd5b8026d2b1\",\r\n    \"ipAddress\":
        \"20.237.143.118\",\r\n    \"publicIPAddressVersion\": \"IPv4\",\r\n    \"publicIPAllocationMethod\":
        \"Static\",\r\n    \"idleTimeoutInMinutes\": 4,\r\n    \"ipTags\": []\r\n
        \ },\r\n  \"type\": \"Microsoft.Network/publicIPAddresses\",\r\n  \"sku\":
        {\r\n    \"name\": \"Standard\",\r\n    \"tier\": \"Regional\"\r\n  }\r\n}"
    headers:
      cache-control:
      - no-cache
      content-length:
      - '695'
      content-type:
      - application/json; charset=utf-8
      date:
      - Tue, 13 Sep 2022 07:23:52 GMT
      etag:
      - W/"7461a711-5a78-4cdb-9413-5107b7e2ece7"
      expires:
      - '-1'
      pragma:
      - no-cache
      server:
      - Microsoft-HTTPAPI/2.0
      - Microsoft-HTTPAPI/2.0
      strict-transport-security:
      - max-age=31536000; includeSubDomains
      x-content-type-options:
      - nosniff
      x-ms-arm-service-request-id:
      - ba57595a-9766-40d0-a547-443e042780b3
    status:
      code: 200
      message: OK
- request:
    body: null
    headers:
      Accept:
      - application/json
      Accept-Encoding:
      - gzip, deflate
      CommandName:
      - network public-ip create
      Connection:
      - keep-alive
      ParameterSetName:
      - -g -n --sku
      User-Agent:
      - AZURECLI/2.40.0 (PIP) azsdk-python-azure-mgmt-resource/21.1.0b1 Python/3.8.10
        (Windows-10-10.0.19044-SP0)
    method: GET
    uri: https://management.azure.com/subscriptions/00000000-0000-0000-0000-000000000000/resourcegroups/test_azure_firewall_management_ip_config000001?api-version=2021-04-01
  response:
    body:
      string: '{"id":"/subscriptions/00000000-0000-0000-0000-000000000000/resourceGroups/test_azure_firewall_management_ip_config000001","name":"test_azure_firewall_management_ip_config000001","type":"Microsoft.Resources/resourceGroups","location":"westus","tags":{"product":"azurecli","cause":"automation","date":"2022-09-13T07:23:10Z"},"properties":{"provisioningState":"Succeeded"}}'
    headers:
      cache-control:
      - no-cache
      content-length:
      - '370'
      content-type:
      - application/json; charset=utf-8
      date:
      - Tue, 13 Sep 2022 07:23:53 GMT
      expires:
      - '-1'
      pragma:
      - no-cache
      strict-transport-security:
      - max-age=31536000; includeSubDomains
      x-content-type-options:
      - nosniff
    status:
      code: 200
      message: OK
- request:
    body: '{"location": "westus", "sku": {"name": "Standard"}, "properties": {"publicIPAllocationMethod":
      "Static", "publicIPAddressVersion": "IPv4", "idleTimeoutInMinutes": 4}}'
    headers:
      Accept:
      - application/json
      Accept-Encoding:
      - gzip, deflate
      CommandName:
      - network public-ip create
      Connection:
      - keep-alive
      Content-Length:
      - '166'
      Content-Type:
      - application/json
      ParameterSetName:
      - -g -n --sku
      User-Agent:
      - AZURECLI/2.40.0 (PIP) azsdk-python-azure-mgmt-network/21.0.1 Python/3.8.10
        (Windows-10-10.0.19044-SP0)
    method: PUT
    uri: https://management.azure.com/subscriptions/00000000-0000-0000-0000-000000000000/resourceGroups/test_azure_firewall_management_ip_config000001/providers/Microsoft.Network/publicIPAddresses/pubip3?api-version=2022-01-01
  response:
    body:
      string: "{\r\n  \"name\": \"pubip3\",\r\n  \"id\": \"/subscriptions/00000000-0000-0000-0000-000000000000/resourceGroups/test_azure_firewall_management_ip_config000001/providers/Microsoft.Network/publicIPAddresses/pubip3\",\r\n
        \ \"etag\": \"W/\\\"f80250d5-7d80-49dd-b487-3a1f5b7e509e\\\"\",\r\n  \"location\":
        \"westus\",\r\n  \"properties\": {\r\n    \"provisioningState\": \"Updating\",\r\n
        \   \"resourceGuid\": \"ba149ce6-f08f-4403-8f1a-560fb55d0600\",\r\n    \"publicIPAddressVersion\":
        \"IPv4\",\r\n    \"publicIPAllocationMethod\": \"Static\",\r\n    \"idleTimeoutInMinutes\":
        4,\r\n    \"ipTags\": []\r\n  },\r\n  \"type\": \"Microsoft.Network/publicIPAddresses\",\r\n
        \ \"sku\": {\r\n    \"name\": \"Standard\",\r\n    \"tier\": \"Regional\"\r\n
        \ }\r\n}"
    headers:
      azure-asyncnotification:
      - Enabled
      azure-asyncoperation:
      - https://management.azure.com/subscriptions/00000000-0000-0000-0000-000000000000/providers/Microsoft.Network/locations/westus/operations/d87ff3ae-7ee8-4b30-bba6-39c768174970?api-version=2022-01-01
      cache-control:
      - no-cache
      content-length:
      - '658'
      content-type:
      - application/json; charset=utf-8
      date:
      - Tue, 13 Sep 2022 07:23:57 GMT
      expires:
      - '-1'
      pragma:
      - no-cache
      server:
      - Microsoft-HTTPAPI/2.0
      - Microsoft-HTTPAPI/2.0
      strict-transport-security:
      - max-age=31536000; includeSubDomains
      x-content-type-options:
      - nosniff
      x-ms-arm-service-request-id:
      - 29136ced-cd2b-4018-a58f-fa6ef5f083da
      x-ms-ratelimit-remaining-subscription-writes:
      - '1197'
    status:
      code: 201
      message: Created
- request:
    body: null
    headers:
      Accept:
      - '*/*'
      Accept-Encoding:
      - gzip, deflate
      CommandName:
      - network public-ip create
      Connection:
      - keep-alive
      ParameterSetName:
      - -g -n --sku
      User-Agent:
      - AZURECLI/2.40.0 (PIP) azsdk-python-azure-mgmt-network/21.0.1 Python/3.8.10
        (Windows-10-10.0.19044-SP0)
    method: GET
    uri: https://management.azure.com/subscriptions/00000000-0000-0000-0000-000000000000/providers/Microsoft.Network/locations/westus/operations/d87ff3ae-7ee8-4b30-bba6-39c768174970?api-version=2022-01-01
  response:
    body:
      string: "{\r\n  \"status\": \"Succeeded\"\r\n}"
    headers:
      cache-control:
      - no-cache
      content-length:
      - '29'
      content-type:
      - application/json; charset=utf-8
      date:
      - Tue, 13 Sep 2022 07:23:58 GMT
      expires:
      - '-1'
      pragma:
      - no-cache
      server:
      - Microsoft-HTTPAPI/2.0
      - Microsoft-HTTPAPI/2.0
      strict-transport-security:
      - max-age=31536000; includeSubDomains
      transfer-encoding:
      - chunked
      vary:
      - Accept-Encoding
      x-content-type-options:
      - nosniff
      x-ms-arm-service-request-id:
      - f1198204-e2a2-441d-8e53-6c6b34a268b1
    status:
      code: 200
      message: OK
- request:
    body: null
    headers:
      Accept:
      - '*/*'
      Accept-Encoding:
      - gzip, deflate
      CommandName:
      - network public-ip create
      Connection:
      - keep-alive
      ParameterSetName:
      - -g -n --sku
      User-Agent:
      - AZURECLI/2.40.0 (PIP) azsdk-python-azure-mgmt-network/21.0.1 Python/3.8.10
        (Windows-10-10.0.19044-SP0)
    method: GET
    uri: https://management.azure.com/subscriptions/00000000-0000-0000-0000-000000000000/resourceGroups/test_azure_firewall_management_ip_config000001/providers/Microsoft.Network/publicIPAddresses/pubip3?api-version=2022-01-01
  response:
    body:
      string: "{\r\n  \"name\": \"pubip3\",\r\n  \"id\": \"/subscriptions/00000000-0000-0000-0000-000000000000/resourceGroups/test_azure_firewall_management_ip_config000001/providers/Microsoft.Network/publicIPAddresses/pubip3\",\r\n
        \ \"etag\": \"W/\\\"350333b4-6031-49f0-85df-6007781e72e7\\\"\",\r\n  \"location\":
        \"westus\",\r\n  \"properties\": {\r\n    \"provisioningState\": \"Succeeded\",\r\n
        \   \"resourceGuid\": \"ba149ce6-f08f-4403-8f1a-560fb55d0600\",\r\n    \"ipAddress\":
        \"20.66.51.53\",\r\n    \"publicIPAddressVersion\": \"IPv4\",\r\n    \"publicIPAllocationMethod\":
        \"Static\",\r\n    \"idleTimeoutInMinutes\": 4,\r\n    \"ipTags\": []\r\n
        \ },\r\n  \"type\": \"Microsoft.Network/publicIPAddresses\",\r\n  \"sku\":
        {\r\n    \"name\": \"Standard\",\r\n    \"tier\": \"Regional\"\r\n  }\r\n}"
    headers:
      cache-control:
      - no-cache
      content-length:
      - '692'
      content-type:
      - application/json; charset=utf-8
      date:
      - Tue, 13 Sep 2022 07:23:59 GMT
      etag:
      - W/"350333b4-6031-49f0-85df-6007781e72e7"
      expires:
      - '-1'
      pragma:
      - no-cache
      server:
      - Microsoft-HTTPAPI/2.0
      - Microsoft-HTTPAPI/2.0
      strict-transport-security:
      - max-age=31536000; includeSubDomains
      transfer-encoding:
      - chunked
      vary:
      - Accept-Encoding
      x-content-type-options:
      - nosniff
      x-ms-arm-service-request-id:
      - 48a8ebcf-2bdb-43b6-bade-e3c90c4b4926
    status:
      code: 200
      message: OK
- request:
    body: null
    headers:
      Accept:
      - application/json
      Accept-Encoding:
      - gzip, deflate
      CommandName:
      - network public-ip create
      Connection:
      - keep-alive
      ParameterSetName:
      - -g -n --sku
      User-Agent:
      - AZURECLI/2.40.0 (PIP) azsdk-python-azure-mgmt-resource/21.1.0b1 Python/3.8.10
        (Windows-10-10.0.19044-SP0)
    method: GET
    uri: https://management.azure.com/subscriptions/00000000-0000-0000-0000-000000000000/resourcegroups/test_azure_firewall_management_ip_config000001?api-version=2021-04-01
  response:
    body:
      string: '{"id":"/subscriptions/00000000-0000-0000-0000-000000000000/resourceGroups/test_azure_firewall_management_ip_config000001","name":"test_azure_firewall_management_ip_config000001","type":"Microsoft.Resources/resourceGroups","location":"westus","tags":{"product":"azurecli","cause":"automation","date":"2022-09-13T07:23:10Z"},"properties":{"provisioningState":"Succeeded"}}'
    headers:
      cache-control:
      - no-cache
      content-length:
      - '370'
      content-type:
      - application/json; charset=utf-8
      date:
      - Tue, 13 Sep 2022 07:24:00 GMT
      expires:
      - '-1'
      pragma:
      - no-cache
      strict-transport-security:
      - max-age=31536000; includeSubDomains
      vary:
      - Accept-Encoding
      x-content-type-options:
      - nosniff
    status:
      code: 200
      message: OK
- request:
    body: '{"location": "westus", "sku": {"name": "Standard"}, "properties": {"publicIPAllocationMethod":
      "Static", "publicIPAddressVersion": "IPv4", "idleTimeoutInMinutes": 4}}'
    headers:
      Accept:
      - application/json
      Accept-Encoding:
      - gzip, deflate
      CommandName:
      - network public-ip create
      Connection:
      - keep-alive
      Content-Length:
      - '166'
      Content-Type:
      - application/json
      ParameterSetName:
      - -g -n --sku
      User-Agent:
      - AZURECLI/2.40.0 (PIP) azsdk-python-azure-mgmt-network/21.0.1 Python/3.8.10
        (Windows-10-10.0.19044-SP0)
    method: PUT
    uri: https://management.azure.com/subscriptions/00000000-0000-0000-0000-000000000000/resourceGroups/test_azure_firewall_management_ip_config000001/providers/Microsoft.Network/publicIPAddresses/pubip4?api-version=2022-01-01
  response:
    body:
      string: "{\r\n  \"name\": \"pubip4\",\r\n  \"id\": \"/subscriptions/00000000-0000-0000-0000-000000000000/resourceGroups/test_azure_firewall_management_ip_config000001/providers/Microsoft.Network/publicIPAddresses/pubip4\",\r\n
        \ \"etag\": \"W/\\\"3b3b0595-96dd-48ea-a7df-53ddb8e23292\\\"\",\r\n  \"location\":
        \"westus\",\r\n  \"properties\": {\r\n    \"provisioningState\": \"Updating\",\r\n
        \   \"resourceGuid\": \"2dcd1730-085d-43f1-be3d-78fb591a54d8\",\r\n    \"publicIPAddressVersion\":
        \"IPv4\",\r\n    \"publicIPAllocationMethod\": \"Static\",\r\n    \"idleTimeoutInMinutes\":
        4,\r\n    \"ipTags\": []\r\n  },\r\n  \"type\": \"Microsoft.Network/publicIPAddresses\",\r\n
        \ \"sku\": {\r\n    \"name\": \"Standard\",\r\n    \"tier\": \"Regional\"\r\n
        \ }\r\n}"
    headers:
      azure-asyncnotification:
      - Enabled
      azure-asyncoperation:
      - https://management.azure.com/subscriptions/00000000-0000-0000-0000-000000000000/providers/Microsoft.Network/locations/westus/operations/0cae4fa7-9b11-4fc7-8f17-bb9f908d18c3?api-version=2022-01-01
      cache-control:
      - no-cache
      content-length:
      - '658'
      content-type:
      - application/json; charset=utf-8
      date:
      - Tue, 13 Sep 2022 07:24:07 GMT
      expires:
      - '-1'
      pragma:
      - no-cache
      server:
      - Microsoft-HTTPAPI/2.0
      - Microsoft-HTTPAPI/2.0
      strict-transport-security:
      - max-age=31536000; includeSubDomains
      x-content-type-options:
      - nosniff
      x-ms-arm-service-request-id:
      - bd744d03-2d2c-4af0-a463-2d42f52c0f2d
      x-ms-ratelimit-remaining-subscription-writes:
      - '1199'
    status:
      code: 201
      message: Created
- request:
    body: null
    headers:
      Accept:
      - '*/*'
      Accept-Encoding:
      - gzip, deflate
      CommandName:
      - network public-ip create
      Connection:
      - keep-alive
      ParameterSetName:
      - -g -n --sku
      User-Agent:
      - AZURECLI/2.40.0 (PIP) azsdk-python-azure-mgmt-network/21.0.1 Python/3.8.10
        (Windows-10-10.0.19044-SP0)
    method: GET
    uri: https://management.azure.com/subscriptions/00000000-0000-0000-0000-000000000000/providers/Microsoft.Network/locations/westus/operations/0cae4fa7-9b11-4fc7-8f17-bb9f908d18c3?api-version=2022-01-01
  response:
    body:
      string: "{\r\n  \"status\": \"Succeeded\"\r\n}"
    headers:
      cache-control:
      - no-cache
      content-length:
      - '29'
      content-type:
      - application/json; charset=utf-8
      date:
      - Tue, 13 Sep 2022 07:24:09 GMT
      expires:
      - '-1'
      pragma:
      - no-cache
      server:
      - Microsoft-HTTPAPI/2.0
      - Microsoft-HTTPAPI/2.0
      strict-transport-security:
      - max-age=31536000; includeSubDomains
      x-content-type-options:
      - nosniff
      x-ms-arm-service-request-id:
      - 80a02bf1-d0a9-43d1-b88c-a242b338e056
    status:
      code: 200
      message: OK
- request:
    body: null
    headers:
      Accept:
      - '*/*'
      Accept-Encoding:
      - gzip, deflate
      CommandName:
      - network public-ip create
      Connection:
      - keep-alive
      ParameterSetName:
      - -g -n --sku
      User-Agent:
      - AZURECLI/2.40.0 (PIP) azsdk-python-azure-mgmt-network/21.0.1 Python/3.8.10
        (Windows-10-10.0.19044-SP0)
    method: GET
    uri: https://management.azure.com/subscriptions/00000000-0000-0000-0000-000000000000/resourceGroups/test_azure_firewall_management_ip_config000001/providers/Microsoft.Network/publicIPAddresses/pubip4?api-version=2022-01-01
  response:
    body:
      string: "{\r\n  \"name\": \"pubip4\",\r\n  \"id\": \"/subscriptions/00000000-0000-0000-0000-000000000000/resourceGroups/test_azure_firewall_management_ip_config000001/providers/Microsoft.Network/publicIPAddresses/pubip4\",\r\n
        \ \"etag\": \"W/\\\"f38591a3-4262-4ab4-949c-5e0b7be349a6\\\"\",\r\n  \"location\":
        \"westus\",\r\n  \"properties\": {\r\n    \"provisioningState\": \"Succeeded\",\r\n
        \   \"resourceGuid\": \"2dcd1730-085d-43f1-be3d-78fb591a54d8\",\r\n    \"ipAddress\":
        \"20.66.49.66\",\r\n    \"publicIPAddressVersion\": \"IPv4\",\r\n    \"publicIPAllocationMethod\":
        \"Static\",\r\n    \"idleTimeoutInMinutes\": 4,\r\n    \"ipTags\": []\r\n
        \ },\r\n  \"type\": \"Microsoft.Network/publicIPAddresses\",\r\n  \"sku\":
        {\r\n    \"name\": \"Standard\",\r\n    \"tier\": \"Regional\"\r\n  }\r\n}"
    headers:
      cache-control:
      - no-cache
      content-length:
      - '692'
      content-type:
      - application/json; charset=utf-8
      date:
      - Tue, 13 Sep 2022 07:24:09 GMT
      etag:
      - W/"f38591a3-4262-4ab4-949c-5e0b7be349a6"
      expires:
      - '-1'
      pragma:
      - no-cache
      server:
      - Microsoft-HTTPAPI/2.0
      - Microsoft-HTTPAPI/2.0
      strict-transport-security:
      - max-age=31536000; includeSubDomains
      x-content-type-options:
      - nosniff
      x-ms-arm-service-request-id:
      - afb93f79-0a90-4a04-88cb-bc75a7bb1378
    status:
      code: 200
      message: OK
- request:
    body: null
    headers:
      Accept:
      - application/json
      Accept-Encoding:
      - gzip, deflate
      CommandName:
      - network firewall ip-config delete
      Connection:
      - keep-alive
      ParameterSetName:
      - -g -f -n
      User-Agent:
      - AZURECLI/2.40.0 (PIP) azsdk-python-azure-mgmt-network/19.3.0 Python/3.8.10
        (Windows-10-10.0.19044-SP0)
    method: GET
    uri: https://management.azure.com/subscriptions/00000000-0000-0000-0000-000000000000/resourceGroups/test_azure_firewall_management_ip_config000001/providers/Microsoft.Network/azureFirewalls/af1?api-version=2021-08-01
  response:
    body:
      string: "{\r\n  \"name\": \"af1\",\r\n  \"id\": \"/subscriptions/00000000-0000-0000-0000-000000000000/resourceGroups/test_azure_firewall_management_ip_config000001/providers/Microsoft.Network/azureFirewalls/af1\",\r\n
        \ \"etag\": \"W/\\\"69e87f98-e16d-4faa-92b3-ea0b2b03da7e\\\"\",\r\n  \"type\":
        \"Microsoft.Network/azureFirewalls\",\r\n  \"location\": \"westus\",\r\n  \"properties\":
        {\r\n    \"provisioningState\": \"Succeeded\",\r\n    \"sku\": {\r\n      \"name\":
        \"AZFW_VNet\",\r\n      \"tier\": \"Standard\"\r\n    },\r\n    \"threatIntelMode\":
        \"Alert\",\r\n    \"additionalProperties\": {},\r\n    \"ipConfigurations\":
        [],\r\n    \"networkRuleCollections\": [],\r\n    \"applicationRuleCollections\":
        [],\r\n    \"natRuleCollections\": []\r\n  }\r\n}"
    headers:
      cache-control:
      - no-cache
      content-length:
      - '662'
      content-type:
      - application/json; charset=utf-8
      date:
      - Tue, 13 Sep 2022 07:24:10 GMT
      etag:
      - W/"69e87f98-e16d-4faa-92b3-ea0b2b03da7e"
      expires:
      - '-1'
      pragma:
      - no-cache
      server:
      - Microsoft-HTTPAPI/2.0
      - Microsoft-HTTPAPI/2.0
      strict-transport-security:
      - max-age=31536000; includeSubDomains
      transfer-encoding:
      - chunked
      vary:
      - Accept-Encoding
      x-content-type-options:
      - nosniff
      x-ms-arm-service-request-id:
      - 8a363fc4-dbeb-4bb3-94b7-9ad33562937b
    status:
      code: 200
      message: OK
- request:
    body: '{"id": "/subscriptions/00000000-0000-0000-0000-000000000000/resourceGroups/test_azure_firewall_management_ip_config000001/providers/Microsoft.Network/azureFirewalls/af1",
      "location": "westus", "properties": {"applicationRuleCollections": [], "natRuleCollections":
      [], "networkRuleCollections": [], "threatIntelMode": "Alert", "sku": {"name":
      "AZFW_VNet", "tier": "Standard"}, "additionalProperties": {}}}'
    headers:
      Accept:
      - application/json
      Accept-Encoding:
      - gzip, deflate
      CommandName:
      - network firewall ip-config delete
      Connection:
      - keep-alive
      Content-Length:
      - '404'
      Content-Type:
      - application/json
      ParameterSetName:
      - -g -f -n
      User-Agent:
      - AZURECLI/2.40.0 (PIP) azsdk-python-azure-mgmt-network/19.3.0 Python/3.8.10
        (Windows-10-10.0.19044-SP0)
    method: PUT
    uri: https://management.azure.com/subscriptions/00000000-0000-0000-0000-000000000000/resourceGroups/test_azure_firewall_management_ip_config000001/providers/Microsoft.Network/azureFirewalls/af1?api-version=2021-08-01
  response:
    body:
      string: "{\r\n  \"name\": \"af1\",\r\n  \"id\": \"/subscriptions/00000000-0000-0000-0000-000000000000/resourceGroups/test_azure_firewall_management_ip_config000001/providers/Microsoft.Network/azureFirewalls/af1\",\r\n
        \ \"etag\": \"W/\\\"69e87f98-e16d-4faa-92b3-ea0b2b03da7e\\\"\",\r\n  \"type\":
        \"Microsoft.Network/azureFirewalls\",\r\n  \"location\": \"westus\",\r\n  \"properties\":
        {\r\n    \"provisioningState\": \"Succeeded\",\r\n    \"sku\": {\r\n      \"name\":
        \"AZFW_VNet\",\r\n      \"tier\": \"Standard\"\r\n    },\r\n    \"threatIntelMode\":
        \"Alert\",\r\n    \"additionalProperties\": {},\r\n    \"ipConfigurations\":
        [],\r\n    \"networkRuleCollections\": [],\r\n    \"applicationRuleCollections\":
        [],\r\n    \"natRuleCollections\": []\r\n  }\r\n}"
    headers:
      azure-asyncnotification:
      - Enabled
      azure-asyncoperation:
      - https://management.azure.com/subscriptions/00000000-0000-0000-0000-000000000000/providers/Microsoft.Network/locations/westus/operations/3e076e04-b232-4f69-9514-4a7b39c63776?api-version=2021-08-01
      cache-control:
      - no-cache
      content-length:
      - '662'
      content-type:
      - application/json; charset=utf-8
      date:
      - Tue, 13 Sep 2022 07:24:11 GMT
      expires:
      - '-1'
      pragma:
      - no-cache
      server:
      - Microsoft-HTTPAPI/2.0
      - Microsoft-HTTPAPI/2.0
      strict-transport-security:
      - max-age=31536000; includeSubDomains
      transfer-encoding:
      - chunked
      vary:
      - Accept-Encoding
      x-content-type-options:
      - nosniff
      x-ms-arm-service-request-id:
      - dbb7e344-f685-403b-a7ab-efb1de7e3f94
      x-ms-ratelimit-remaining-subscription-writes:
      - '1197'
    status:
      code: 200
      message: OK
- request:
    body: null
    headers:
      Accept:
      - '*/*'
      Accept-Encoding:
      - gzip, deflate
      CommandName:
      - network firewall ip-config delete
      Connection:
      - keep-alive
      ParameterSetName:
      - -g -f -n
      User-Agent:
      - AZURECLI/2.40.0 (PIP) azsdk-python-azure-mgmt-network/19.3.0 Python/3.8.10
        (Windows-10-10.0.19044-SP0)
    method: GET
    uri: https://management.azure.com/subscriptions/00000000-0000-0000-0000-000000000000/providers/Microsoft.Network/locations/westus/operations/3e076e04-b232-4f69-9514-4a7b39c63776?api-version=2021-08-01
  response:
    body:
      string: "{\r\n  \"status\": \"Succeeded\"\r\n}"
    headers:
      cache-control:
      - no-cache
      content-length:
      - '29'
      content-type:
      - application/json; charset=utf-8
      date:
      - Tue, 13 Sep 2022 07:24:41 GMT
      expires:
      - '-1'
      pragma:
      - no-cache
      server:
      - Microsoft-HTTPAPI/2.0
      - Microsoft-HTTPAPI/2.0
      strict-transport-security:
      - max-age=31536000; includeSubDomains
      transfer-encoding:
      - chunked
      vary:
      - Accept-Encoding
      x-content-type-options:
      - nosniff
      x-ms-arm-service-request-id:
      - b5ab1871-480c-462c-a14a-b645dfdcf5b8
    status:
      code: 200
      message: OK
- request:
    body: null
    headers:
      Accept:
      - '*/*'
      Accept-Encoding:
      - gzip, deflate
      CommandName:
      - network firewall ip-config delete
      Connection:
      - keep-alive
      ParameterSetName:
      - -g -f -n
      User-Agent:
      - AZURECLI/2.40.0 (PIP) azsdk-python-azure-mgmt-network/19.3.0 Python/3.8.10
        (Windows-10-10.0.19044-SP0)
    method: GET
    uri: https://management.azure.com/subscriptions/00000000-0000-0000-0000-000000000000/resourceGroups/test_azure_firewall_management_ip_config000001/providers/Microsoft.Network/azureFirewalls/af1?api-version=2021-08-01
  response:
    body:
      string: "{\r\n  \"name\": \"af1\",\r\n  \"id\": \"/subscriptions/00000000-0000-0000-0000-000000000000/resourceGroups/test_azure_firewall_management_ip_config000001/providers/Microsoft.Network/azureFirewalls/af1\",\r\n
        \ \"etag\": \"W/\\\"69e87f98-e16d-4faa-92b3-ea0b2b03da7e\\\"\",\r\n  \"type\":
        \"Microsoft.Network/azureFirewalls\",\r\n  \"location\": \"westus\",\r\n  \"properties\":
        {\r\n    \"provisioningState\": \"Succeeded\",\r\n    \"sku\": {\r\n      \"name\":
        \"AZFW_VNet\",\r\n      \"tier\": \"Standard\"\r\n    },\r\n    \"threatIntelMode\":
        \"Alert\",\r\n    \"additionalProperties\": {},\r\n    \"ipConfigurations\":
        [],\r\n    \"networkRuleCollections\": [],\r\n    \"applicationRuleCollections\":
        [],\r\n    \"natRuleCollections\": []\r\n  }\r\n}"
    headers:
      cache-control:
      - no-cache
      content-length:
      - '662'
      content-type:
      - application/json; charset=utf-8
      date:
      - Tue, 13 Sep 2022 07:24:41 GMT
      etag:
      - W/"69e87f98-e16d-4faa-92b3-ea0b2b03da7e"
      expires:
      - '-1'
      pragma:
      - no-cache
      server:
      - Microsoft-HTTPAPI/2.0
      - Microsoft-HTTPAPI/2.0
      strict-transport-security:
      - max-age=31536000; includeSubDomains
      transfer-encoding:
      - chunked
      vary:
      - Accept-Encoding
      x-content-type-options:
      - nosniff
      x-ms-arm-service-request-id:
      - da31a505-0145-478f-b31f-24fcbf79e6aa
    status:
      code: 200
      message: OK
- request:
    body: null
    headers:
      Accept:
      - application/json
      Accept-Encoding:
      - gzip, deflate
      CommandName:
      - network firewall ip-config delete
      Connection:
      - keep-alive
      ParameterSetName:
      - -g -f -n
      User-Agent:
      - AZURECLI/2.40.0 (PIP) azsdk-python-azure-mgmt-network/19.3.0 Python/3.8.10
        (Windows-10-10.0.19044-SP0)
    method: GET
    uri: https://management.azure.com/subscriptions/00000000-0000-0000-0000-000000000000/resourceGroups/test_azure_firewall_management_ip_config000001/providers/Microsoft.Network/azureFirewalls/af1?api-version=2021-08-01
  response:
    body:
      string: "{\r\n  \"name\": \"af1\",\r\n  \"id\": \"/subscriptions/00000000-0000-0000-0000-000000000000/resourceGroups/test_azure_firewall_management_ip_config000001/providers/Microsoft.Network/azureFirewalls/af1\",\r\n
        \ \"etag\": \"W/\\\"69e87f98-e16d-4faa-92b3-ea0b2b03da7e\\\"\",\r\n  \"type\":
        \"Microsoft.Network/azureFirewalls\",\r\n  \"location\": \"westus\",\r\n  \"properties\":
        {\r\n    \"provisioningState\": \"Succeeded\",\r\n    \"sku\": {\r\n      \"name\":
        \"AZFW_VNet\",\r\n      \"tier\": \"Standard\"\r\n    },\r\n    \"threatIntelMode\":
        \"Alert\",\r\n    \"additionalProperties\": {},\r\n    \"ipConfigurations\":
        [],\r\n    \"networkRuleCollections\": [],\r\n    \"applicationRuleCollections\":
        [],\r\n    \"natRuleCollections\": []\r\n  }\r\n}"
    headers:
      cache-control:
      - no-cache
      content-length:
      - '662'
      content-type:
      - application/json; charset=utf-8
      date:
      - Tue, 13 Sep 2022 07:24:42 GMT
      etag:
      - W/"69e87f98-e16d-4faa-92b3-ea0b2b03da7e"
      expires:
      - '-1'
      pragma:
      - no-cache
      server:
      - Microsoft-HTTPAPI/2.0
      - Microsoft-HTTPAPI/2.0
      strict-transport-security:
      - max-age=31536000; includeSubDomains
      transfer-encoding:
      - chunked
      vary:
      - Accept-Encoding
      x-content-type-options:
      - nosniff
      x-ms-arm-service-request-id:
      - 16dcbad5-762d-4179-8bb6-7f36c27d6bdc
    status:
      code: 200
      message: OK
- request:
    body: '{"id": "/subscriptions/00000000-0000-0000-0000-000000000000/resourceGroups/test_azure_firewall_management_ip_config000001/providers/Microsoft.Network/azureFirewalls/af1",
      "location": "westus", "properties": {"applicationRuleCollections": [], "natRuleCollections":
      [], "networkRuleCollections": [], "threatIntelMode": "Alert", "sku": {"name":
      "AZFW_VNet", "tier": "Standard"}, "additionalProperties": {}}}'
    headers:
      Accept:
      - application/json
      Accept-Encoding:
      - gzip, deflate
      CommandName:
      - network firewall ip-config delete
      Connection:
      - keep-alive
      Content-Length:
      - '404'
      Content-Type:
      - application/json
      ParameterSetName:
      - -g -f -n
      User-Agent:
      - AZURECLI/2.40.0 (PIP) azsdk-python-azure-mgmt-network/19.3.0 Python/3.8.10
        (Windows-10-10.0.19044-SP0)
    method: PUT
    uri: https://management.azure.com/subscriptions/00000000-0000-0000-0000-000000000000/resourceGroups/test_azure_firewall_management_ip_config000001/providers/Microsoft.Network/azureFirewalls/af1?api-version=2021-08-01
  response:
    body:
      string: "{\r\n  \"name\": \"af1\",\r\n  \"id\": \"/subscriptions/00000000-0000-0000-0000-000000000000/resourceGroups/test_azure_firewall_management_ip_config000001/providers/Microsoft.Network/azureFirewalls/af1\",\r\n
        \ \"etag\": \"W/\\\"69e87f98-e16d-4faa-92b3-ea0b2b03da7e\\\"\",\r\n  \"type\":
        \"Microsoft.Network/azureFirewalls\",\r\n  \"location\": \"westus\",\r\n  \"properties\":
        {\r\n    \"provisioningState\": \"Succeeded\",\r\n    \"sku\": {\r\n      \"name\":
        \"AZFW_VNet\",\r\n      \"tier\": \"Standard\"\r\n    },\r\n    \"threatIntelMode\":
        \"Alert\",\r\n    \"additionalProperties\": {},\r\n    \"ipConfigurations\":
        [],\r\n    \"networkRuleCollections\": [],\r\n    \"applicationRuleCollections\":
        [],\r\n    \"natRuleCollections\": []\r\n  }\r\n}"
    headers:
      azure-asyncnotification:
      - Enabled
      azure-asyncoperation:
      - https://management.azure.com/subscriptions/00000000-0000-0000-0000-000000000000/providers/Microsoft.Network/locations/westus/operations/ed0ff43a-b2c1-4a3a-a88c-40c6bf70c456?api-version=2021-08-01
      cache-control:
      - no-cache
      content-length:
      - '662'
      content-type:
      - application/json; charset=utf-8
      date:
      - Tue, 13 Sep 2022 07:24:42 GMT
      expires:
      - '-1'
      pragma:
      - no-cache
      server:
      - Microsoft-HTTPAPI/2.0
      - Microsoft-HTTPAPI/2.0
      strict-transport-security:
      - max-age=31536000; includeSubDomains
      transfer-encoding:
      - chunked
      vary:
      - Accept-Encoding
      x-content-type-options:
      - nosniff
      x-ms-arm-service-request-id:
      - 20389e1e-46bb-40e0-a6d8-09b9ba1ade24
      x-ms-ratelimit-remaining-subscription-writes:
      - '1198'
    status:
      code: 200
      message: OK
- request:
    body: null
    headers:
      Accept:
      - '*/*'
      Accept-Encoding:
      - gzip, deflate
      CommandName:
      - network firewall ip-config delete
      Connection:
      - keep-alive
      ParameterSetName:
      - -g -f -n
      User-Agent:
      - AZURECLI/2.40.0 (PIP) azsdk-python-azure-mgmt-network/19.3.0 Python/3.8.10
        (Windows-10-10.0.19044-SP0)
    method: GET
    uri: https://management.azure.com/subscriptions/00000000-0000-0000-0000-000000000000/providers/Microsoft.Network/locations/westus/operations/ed0ff43a-b2c1-4a3a-a88c-40c6bf70c456?api-version=2021-08-01
  response:
    body:
      string: "{\r\n  \"status\": \"Succeeded\"\r\n}"
    headers:
      cache-control:
      - no-cache
      content-length:
      - '29'
      content-type:
      - application/json; charset=utf-8
      date:
      - Tue, 13 Sep 2022 07:25:13 GMT
      expires:
      - '-1'
      pragma:
      - no-cache
      server:
      - Microsoft-HTTPAPI/2.0
      - Microsoft-HTTPAPI/2.0
      strict-transport-security:
      - max-age=31536000; includeSubDomains
      transfer-encoding:
      - chunked
      vary:
      - Accept-Encoding
      x-content-type-options:
      - nosniff
      x-ms-arm-service-request-id:
      - 33be2f3c-0c7e-47b8-a349-7848d7b77a0f
    status:
      code: 200
      message: ''
- request:
    body: null
    headers:
      Accept:
      - '*/*'
      Accept-Encoding:
      - gzip, deflate
      CommandName:
      - network firewall ip-config delete
      Connection:
      - keep-alive
      ParameterSetName:
      - -g -f -n
      User-Agent:
      - AZURECLI/2.40.0 (PIP) azsdk-python-azure-mgmt-network/19.3.0 Python/3.8.10
        (Windows-10-10.0.19044-SP0)
    method: GET
    uri: https://management.azure.com/subscriptions/00000000-0000-0000-0000-000000000000/resourceGroups/test_azure_firewall_management_ip_config000001/providers/Microsoft.Network/azureFirewalls/af1?api-version=2021-08-01
  response:
    body:
      string: "{\r\n  \"name\": \"af1\",\r\n  \"id\": \"/subscriptions/00000000-0000-0000-0000-000000000000/resourceGroups/test_azure_firewall_management_ip_config000001/providers/Microsoft.Network/azureFirewalls/af1\",\r\n
        \ \"etag\": \"W/\\\"69e87f98-e16d-4faa-92b3-ea0b2b03da7e\\\"\",\r\n  \"type\":
        \"Microsoft.Network/azureFirewalls\",\r\n  \"location\": \"westus\",\r\n  \"properties\":
        {\r\n    \"provisioningState\": \"Succeeded\",\r\n    \"sku\": {\r\n      \"name\":
        \"AZFW_VNet\",\r\n      \"tier\": \"Standard\"\r\n    },\r\n    \"threatIntelMode\":
        \"Alert\",\r\n    \"additionalProperties\": {},\r\n    \"ipConfigurations\":
        [],\r\n    \"networkRuleCollections\": [],\r\n    \"applicationRuleCollections\":
        [],\r\n    \"natRuleCollections\": []\r\n  }\r\n}"
    headers:
      cache-control:
      - no-cache
      content-length:
      - '662'
      content-type:
      - application/json; charset=utf-8
      date:
      - Tue, 13 Sep 2022 07:25:14 GMT
      etag:
      - W/"69e87f98-e16d-4faa-92b3-ea0b2b03da7e"
      expires:
      - '-1'
      pragma:
      - no-cache
      server:
      - Microsoft-HTTPAPI/2.0
      - Microsoft-HTTPAPI/2.0
      strict-transport-security:
      - max-age=31536000; includeSubDomains
      transfer-encoding:
      - chunked
      vary:
      - Accept-Encoding
      x-content-type-options:
      - nosniff
      x-ms-arm-service-request-id:
      - 68f0cdc3-c267-4cbf-b097-a657ee35a100
    status:
      code: 200
      message: ''
- request:
    body: null
    headers:
      Accept:
      - application/json
      Accept-Encoding:
      - gzip, deflate
      CommandName:
      - network firewall management-ip-config show
      Connection:
      - keep-alive
      ParameterSetName:
      - -g -f
      User-Agent:
      - AZURECLI/2.40.0 (PIP) azsdk-python-azure-mgmt-network/19.3.0 Python/3.8.10
        (Windows-10-10.0.19044-SP0)
    method: GET
    uri: https://management.azure.com/subscriptions/00000000-0000-0000-0000-000000000000/resourceGroups/test_azure_firewall_management_ip_config000001/providers/Microsoft.Network/azureFirewalls/af1?api-version=2021-08-01
  response:
    body:
      string: "{\r\n  \"name\": \"af1\",\r\n  \"id\": \"/subscriptions/00000000-0000-0000-0000-000000000000/resourceGroups/test_azure_firewall_management_ip_config000001/providers/Microsoft.Network/azureFirewalls/af1\",\r\n
        \ \"etag\": \"W/\\\"69e87f98-e16d-4faa-92b3-ea0b2b03da7e\\\"\",\r\n  \"type\":
        \"Microsoft.Network/azureFirewalls\",\r\n  \"location\": \"westus\",\r\n  \"properties\":
        {\r\n    \"provisioningState\": \"Succeeded\",\r\n    \"sku\": {\r\n      \"name\":
        \"AZFW_VNet\",\r\n      \"tier\": \"Standard\"\r\n    },\r\n    \"threatIntelMode\":
        \"Alert\",\r\n    \"additionalProperties\": {},\r\n    \"ipConfigurations\":
        [],\r\n    \"networkRuleCollections\": [],\r\n    \"applicationRuleCollections\":
        [],\r\n    \"natRuleCollections\": []\r\n  }\r\n}"
    headers:
      cache-control:
      - no-cache
      content-length:
      - '662'
      content-type:
      - application/json; charset=utf-8
      date:
      - Tue, 13 Sep 2022 07:25:15 GMT
      etag:
      - W/"69e87f98-e16d-4faa-92b3-ea0b2b03da7e"
      expires:
      - '-1'
      pragma:
      - no-cache
      server:
      - Microsoft-HTTPAPI/2.0
      - Microsoft-HTTPAPI/2.0
      strict-transport-security:
      - max-age=31536000; includeSubDomains
      transfer-encoding:
      - chunked
      vary:
      - Accept-Encoding
      x-content-type-options:
      - nosniff
      x-ms-arm-service-request-id:
      - 4083e55c-5cd7-4fec-bc29-3777da8a7dd6
    status:
      code: 200
      message: ''
version: 1
