interactions:
- request:
    body: null
    headers:
      Accept:
      - application/json
      Accept-Encoding:
      - gzip, deflate
      CommandName:
      - network firewall policy create
      Connection:
      - keep-alive
      ParameterSetName:
      - -g -n --sku --threat-intel-mode
      User-Agent:
      - AZURECLI/2.30.0 azsdk-python-azure-mgmt-resource/19.0.0 Python/3.8.3 (Windows-10-10.0.18362-SP0)
    method: GET
    uri: https://management.azure.com/subscriptions/00000000-0000-0000-0000-000000000000/resourcegroups/test_azure_firewall_policy_update_premiumonlyproperty_issue000001?api-version=2021-04-01
  response:
    body:
      string: '{"id":"/subscriptions/00000000-0000-0000-0000-000000000000/resourceGroups/test_azure_firewall_policy_update_premiumonlyproperty_issue000001","name":"test_azure_firewall_policy_update_premiumonlyproperty_issue000001","type":"Microsoft.Resources/resourceGroups","location":"eastus2euap","tags":{"product":"azurecli","cause":"automation","date":"2021-11-23T02:41:30Z"},"properties":{"provisioningState":"Succeeded"}}'
    headers:
      cache-control:
      - no-cache
      content-length:
      - '433'
      content-type:
      - application/json; charset=utf-8
      date:
      - Tue, 23 Nov 2021 02:41:37 GMT
      expires:
      - '-1'
      pragma:
      - no-cache
      strict-transport-security:
      - max-age=31536000; includeSubDomains
      vary:
      - Accept-Encoding
      x-content-type-options:
      - nosniff
    status:
      code: 200
      message: OK
- request:
    body: '{"location": "eastus2euap", "properties": {"threatIntelMode": "Alert",
      "sku": {"tier": "Standard"}}}'
    headers:
      Accept:
      - application/json
      Accept-Encoding:
      - gzip, deflate
      CommandName:
      - network firewall policy create
      Connection:
      - keep-alive
      Content-Length:
      - '100'
      Content-Type:
      - application/json
      ParameterSetName:
      - -g -n --sku --threat-intel-mode
      User-Agent:
      - AZURECLI/2.30.0 azsdk-python-azure-mgmt-network/18.0.0 Python/3.8.3 (Windows-10-10.0.18362-SP0)
    method: PUT
    uri: https://management.azure.com/subscriptions/00000000-0000-0000-0000-000000000000/resourceGroups/test_azure_firewall_policy_update_premiumonlyproperty_issue000001/providers/Microsoft.Network/firewallPolicies/testpolicy?api-version=2020-07-01
  response:
    body:
      string: "{\r\n  \"properties\": {\r\n    \"sku\": {\r\n      \"tier\": \"Standard\"\r\n
        \   },\r\n    \"threatIntelMode\": \"Alert\",\r\n    \"childPolicies\": [],\r\n
        \   \"ruleCollectionGroups\": [],\r\n    \"firewalls\": [],\r\n    \"provisioningState\":
        \"Updating\"\r\n  },\r\n  \"id\": \"/subscriptions/00000000-0000-0000-0000-000000000000/resourceGroups/test_azure_firewall_policy_update_premiumonlyproperty_issue000001/providers/Microsoft.Network/firewallPolicies/testpolicy\",\r\n
        \ \"name\": \"testpolicy\",\r\n  \"type\": \"Microsoft.Network/FirewallPolicies\",\r\n
        \ \"etag\": \"7b0e1fe4-19fb-406c-93d7-5be4d7d89aa8\",\r\n  \"location\": \"eastus2euap\"\r\n}"
    headers:
      azure-asyncoperation:
      - https://management.azure.com/subscriptions/00000000-0000-0000-0000-000000000000/providers/Microsoft.Network/locations/eastus2euap/nfvOperations/9c5620e0-cbc2-42de-b097-3ac246c64960?api-version=2020-07-01
      cache-control:
      - no-cache
      content-length:
      - '593'
      content-type:
      - application/json; charset=utf-8
      date:
      - Tue, 23 Nov 2021 02:41:44 GMT
      expires:
      - '-1'
      pragma:
      - no-cache
      server:
      - Microsoft-HTTPAPI/2.0
      strict-transport-security:
      - max-age=31536000; includeSubDomains
      x-content-type-options:
      - nosniff
      x-ms-ratelimit-remaining-subscription-writes:
      - '1199'
    status:
      code: 201
      message: Created
- request:
    body: null
    headers:
      Accept:
      - '*/*'
      Accept-Encoding:
      - gzip, deflate
      CommandName:
      - network firewall policy create
      Connection:
      - keep-alive
      ParameterSetName:
      - -g -n --sku --threat-intel-mode
      User-Agent:
      - AZURECLI/2.30.0 azsdk-python-azure-mgmt-network/18.0.0 Python/3.8.3 (Windows-10-10.0.18362-SP0)
    method: GET
    uri: https://management.azure.com/subscriptions/00000000-0000-0000-0000-000000000000/providers/Microsoft.Network/locations/eastus2euap/nfvOperations/9c5620e0-cbc2-42de-b097-3ac246c64960?api-version=2020-07-01
  response:
    body:
      string: "{\r\n  \"status\": \"Succeeded\"\r\n}"
    headers:
      cache-control:
      - no-cache
      content-length:
      - '29'
      content-type:
      - application/json; charset=utf-8
      date:
      - Tue, 23 Nov 2021 02:41:54 GMT
      expires:
      - '-1'
      pragma:
      - no-cache
      server:
      - Microsoft-HTTPAPI/2.0
      strict-transport-security:
      - max-age=31536000; includeSubDomains
      transfer-encoding:
      - chunked
      vary:
      - Accept-Encoding
      x-content-type-options:
      - nosniff
    status:
      code: 200
      message: OK
- request:
    body: null
    headers:
      Accept:
      - '*/*'
      Accept-Encoding:
      - gzip, deflate
      CommandName:
      - network firewall policy create
      Connection:
      - keep-alive
      ParameterSetName:
      - -g -n --sku --threat-intel-mode
      User-Agent:
      - AZURECLI/2.30.0 azsdk-python-azure-mgmt-network/18.0.0 Python/3.8.3 (Windows-10-10.0.18362-SP0)
    method: GET
    uri: https://management.azure.com/subscriptions/00000000-0000-0000-0000-000000000000/resourceGroups/test_azure_firewall_policy_update_premiumonlyproperty_issue000001/providers/Microsoft.Network/firewallPolicies/testpolicy?api-version=2020-07-01
  response:
    body:
      string: "{\r\n  \"properties\": {\r\n    \"sku\": {\r\n      \"tier\": \"Standard\"\r\n
        \   },\r\n    \"threatIntelMode\": \"Alert\",\r\n    \"childPolicies\": [],\r\n
        \   \"ruleCollectionGroups\": [],\r\n    \"firewalls\": [],\r\n    \"provisioningState\":
        \"Succeeded\"\r\n  },\r\n  \"id\": \"/subscriptions/00000000-0000-0000-0000-000000000000/resourceGroups/test_azure_firewall_policy_update_premiumonlyproperty_issue000001/providers/Microsoft.Network/firewallPolicies/testpolicy\",\r\n
        \ \"name\": \"testpolicy\",\r\n  \"type\": \"Microsoft.Network/FirewallPolicies\",\r\n
        \ \"etag\": \"7b0e1fe4-19fb-406c-93d7-5be4d7d89aa8\",\r\n  \"location\": \"eastus2euap\"\r\n}"
    headers:
      cache-control:
      - no-cache
      content-length:
      - '594'
      content-type:
      - application/json; charset=utf-8
      date:
      - Tue, 23 Nov 2021 02:41:55 GMT
      etag:
      - '"7b0e1fe4-19fb-406c-93d7-5be4d7d89aa8"'
      expires:
      - '-1'
      pragma:
      - no-cache
      server:
      - Microsoft-HTTPAPI/2.0
      strict-transport-security:
      - max-age=31536000; includeSubDomains
      transfer-encoding:
      - chunked
      vary:
      - Accept-Encoding
      x-content-type-options:
      - nosniff
    status:
      code: 200
      message: OK
- request:
    body: null
    headers:
      Accept:
      - application/json
      Accept-Encoding:
      - gzip, deflate
      CommandName:
      - network firewall policy update
      Connection:
      - keep-alive
      ParameterSetName:
      - -g -n --threat-intel-mode
      User-Agent:
      - AZURECLI/2.30.0 azsdk-python-azure-mgmt-network/18.0.0 Python/3.8.3 (Windows-10-10.0.18362-SP0)
    method: GET
    uri: https://management.azure.com/subscriptions/00000000-0000-0000-0000-000000000000/resourceGroups/test_azure_firewall_policy_update_premiumonlyproperty_issue000001/providers/Microsoft.Network/firewallPolicies/testpolicy?api-version=2020-07-01
  response:
    body:
      string: "{\r\n  \"properties\": {\r\n    \"sku\": {\r\n      \"tier\": \"Standard\"\r\n
        \   },\r\n    \"threatIntelMode\": \"Alert\",\r\n    \"childPolicies\": [],\r\n
        \   \"ruleCollectionGroups\": [],\r\n    \"firewalls\": [],\r\n    \"provisioningState\":
        \"Succeeded\"\r\n  },\r\n  \"id\": \"/subscriptions/00000000-0000-0000-0000-000000000000/resourceGroups/test_azure_firewall_policy_update_premiumonlyproperty_issue000001/providers/Microsoft.Network/firewallPolicies/testpolicy\",\r\n
        \ \"name\": \"testpolicy\",\r\n  \"type\": \"Microsoft.Network/FirewallPolicies\",\r\n
        \ \"etag\": \"7b0e1fe4-19fb-406c-93d7-5be4d7d89aa8\",\r\n  \"location\": \"eastus2euap\"\r\n}"
    headers:
      cache-control:
      - no-cache
      content-length:
      - '594'
      content-type:
      - application/json; charset=utf-8
      date:
      - Tue, 23 Nov 2021 02:41:58 GMT
      etag:
      - '"7b0e1fe4-19fb-406c-93d7-5be4d7d89aa8"'
      expires:
      - '-1'
      pragma:
      - no-cache
      server:
      - Microsoft-HTTPAPI/2.0
      strict-transport-security:
      - max-age=31536000; includeSubDomains
      transfer-encoding:
      - chunked
      vary:
      - Accept-Encoding
      x-content-type-options:
      - nosniff
    status:
      code: 200
      message: OK
- request:
    body: '{"id": "/subscriptions/00000000-0000-0000-0000-000000000000/resourceGroups/test_azure_firewall_policy_update_premiumonlyproperty_issue000001/providers/Microsoft.Network/firewallPolicies/testpolicy",
      "location": "eastus2euap", "properties": {"threatIntelMode": "Deny", "sku":
      {"tier": "Standard"}}}'
    headers:
      Accept:
      - application/json
      Accept-Encoding:
      - gzip, deflate
      CommandName:
      - network firewall policy update
      Connection:
      - keep-alive
      Content-Length:
      - '307'
      Content-Type:
      - application/json
      ParameterSetName:
      - -g -n --threat-intel-mode
      User-Agent:
      - AZURECLI/2.30.0 azsdk-python-azure-mgmt-network/18.0.0 Python/3.8.3 (Windows-10-10.0.18362-SP0)
    method: PUT
    uri: https://management.azure.com/subscriptions/00000000-0000-0000-0000-000000000000/resourceGroups/test_azure_firewall_policy_update_premiumonlyproperty_issue000001/providers/Microsoft.Network/firewallPolicies/testpolicy?api-version=2020-07-01
  response:
    body:
      string: "{\r\n  \"properties\": {\r\n    \"sku\": {\r\n      \"tier\": \"Standard\"\r\n
        \   },\r\n    \"threatIntelMode\": \"Deny\",\r\n    \"childPolicies\": [],\r\n
        \   \"ruleCollectionGroups\": [],\r\n    \"firewalls\": [],\r\n    \"provisioningState\":
        \"Updating\"\r\n  },\r\n  \"id\": \"/subscriptions/00000000-0000-0000-0000-000000000000/resourceGroups/test_azure_firewall_policy_update_premiumonlyproperty_issue000001/providers/Microsoft.Network/firewallPolicies/testpolicy\",\r\n
        \ \"name\": \"testpolicy\",\r\n  \"type\": \"Microsoft.Network/FirewallPolicies\",\r\n
        \ \"etag\": \"6778a7ed-84da-45b8-ab7c-cb84b2ec965d\",\r\n  \"location\": \"eastus2euap\"\r\n}"
    headers:
      azure-asyncoperation:
      - https://management.azure.com/subscriptions/00000000-0000-0000-0000-000000000000/providers/Microsoft.Network/locations/eastus2euap/nfvOperations/2a527da0-a0af-4ab4-b2f9-a8eefc67e901?api-version=2020-07-01
      cache-control:
      - no-cache
      content-length:
      - '592'
      content-type:
      - application/json; charset=utf-8
      date:
      - Tue, 23 Nov 2021 02:41:59 GMT
      expires:
      - '-1'
      pragma:
      - no-cache
      server:
      - Microsoft-HTTPAPI/2.0
      strict-transport-security:
      - max-age=31536000; includeSubDomains
      transfer-encoding:
      - chunked
      vary:
      - Accept-Encoding
      x-content-type-options:
      - nosniff
      x-ms-ratelimit-remaining-subscription-writes:
      - '1199'
    status:
      code: 200
      message: OK
- request:
    body: null
    headers:
      Accept:
      - '*/*'
      Accept-Encoding:
      - gzip, deflate
      CommandName:
      - network firewall policy update
      Connection:
      - keep-alive
      ParameterSetName:
      - -g -n --threat-intel-mode
      User-Agent:
      - AZURECLI/2.30.0 azsdk-python-azure-mgmt-network/18.0.0 Python/3.8.3 (Windows-10-10.0.18362-SP0)
    method: GET
    uri: https://management.azure.com/subscriptions/00000000-0000-0000-0000-000000000000/providers/Microsoft.Network/locations/eastus2euap/nfvOperations/2a527da0-a0af-4ab4-b2f9-a8eefc67e901?api-version=2020-07-01
  response:
    body:
      string: "{\r\n  \"status\": \"Succeeded\"\r\n}"
    headers:
      cache-control:
      - no-cache
      content-length:
      - '29'
      content-type:
      - application/json; charset=utf-8
      date:
      - Tue, 23 Nov 2021 02:42:10 GMT
      expires:
      - '-1'
      pragma:
      - no-cache
      server:
      - Microsoft-HTTPAPI/2.0
      strict-transport-security:
      - max-age=31536000; includeSubDomains
      transfer-encoding:
      - chunked
      vary:
      - Accept-Encoding
      x-content-type-options:
      - nosniff
    status:
      code: 200
      message: OK
- request:
    body: null
    headers:
      Accept:
      - '*/*'
      Accept-Encoding:
      - gzip, deflate
      CommandName:
      - network firewall policy update
      Connection:
      - keep-alive
      ParameterSetName:
      - -g -n --threat-intel-mode
      User-Agent:
      - AZURECLI/2.30.0 azsdk-python-azure-mgmt-network/18.0.0 Python/3.8.3 (Windows-10-10.0.18362-SP0)
    method: GET
    uri: https://management.azure.com/subscriptions/00000000-0000-0000-0000-000000000000/resourceGroups/test_azure_firewall_policy_update_premiumonlyproperty_issue000001/providers/Microsoft.Network/firewallPolicies/testpolicy?api-version=2020-07-01
  response:
    body:
      string: "{\r\n  \"properties\": {\r\n    \"sku\": {\r\n      \"tier\": \"Standard\"\r\n
        \   },\r\n    \"threatIntelMode\": \"Deny\",\r\n    \"childPolicies\": [],\r\n
        \   \"ruleCollectionGroups\": [],\r\n    \"firewalls\": [],\r\n    \"provisioningState\":
        \"Succeeded\"\r\n  },\r\n  \"id\": \"/subscriptions/00000000-0000-0000-0000-000000000000/resourceGroups/test_azure_firewall_policy_update_premiumonlyproperty_issue000001/providers/Microsoft.Network/firewallPolicies/testpolicy\",\r\n
        \ \"name\": \"testpolicy\",\r\n  \"type\": \"Microsoft.Network/FirewallPolicies\",\r\n
        \ \"etag\": \"6778a7ed-84da-45b8-ab7c-cb84b2ec965d\",\r\n  \"location\": \"eastus2euap\"\r\n}"
    headers:
      cache-control:
      - no-cache
      content-length:
      - '593'
      content-type:
      - application/json; charset=utf-8
      date:
      - Tue, 23 Nov 2021 02:42:10 GMT
      etag:
      - '"6778a7ed-84da-45b8-ab7c-cb84b2ec965d"'
      expires:
      - '-1'
      pragma:
      - no-cache
      server:
      - Microsoft-HTTPAPI/2.0
      strict-transport-security:
      - max-age=31536000; includeSubDomains
      transfer-encoding:
      - chunked
      vary:
      - Accept-Encoding
      x-content-type-options:
      - nosniff
    status:
      code: 200
      message: OK
version: 1
