interactions:
- request:
    body: null
    headers:
      Accept:
      - application/json
      Accept-Encoding:
      - gzip, deflate
      CommandName:
      - vm create
      Connection:
      - keep-alive
      ParameterSetName:
      - -n -g --image --generate-ssh-key --nsg-rule
      User-Agent:
      - AZURECLI/2.41.0 azsdk-python-azure-mgmt-resource/21.1.0b1 Python/3.10.5 (Windows-10-10.0.22621-SP0)
    method: GET
    uri: https://management.azure.com/subscriptions/00000000-0000-0000-0000-000000000000/resourcegroups/cli_test_automation_software_update_configuration000001?api-version=2021-04-01
  response:
    body:
      string: '{"id":"/subscriptions/00000000-0000-0000-0000-000000000000/resourceGroups/cli_test_automation_software_update_configuration000001","name":"cli_test_automation_software_update_configuration000001","type":"Microsoft.Resources/resourceGroups","location":"westus","tags":{"product":"azurecli","cause":"automation","date":"2022-10-18T08:12:52Z"},"properties":{"provisioningState":"Succeeded"}}'
    headers:
      cache-control:
      - no-cache
      content-length:
      - '388'
      content-type:
      - application/json; charset=utf-8
      date:
      - Tue, 18 Oct 2022 08:13:01 GMT
      expires:
      - '-1'
      pragma:
      - no-cache
      strict-transport-security:
      - max-age=31536000; includeSubDomains
      vary:
      - Accept-Encoding
      x-content-type-options:
      - nosniff
    status:
      code: 200
      message: OK
- request:
    body: null
    headers:
      Accept:
      - '*/*'
      Accept-Encoding:
      - gzip, deflate
      Connection:
      - keep-alive
      User-Agent:
      - python-requests/2.26.0
    method: GET
    uri: https://raw.githubusercontent.com/Azure/azure-rest-api-specs/main/arm-compute/quickstart-templates/aliases.json
  response:
    body:
      string: "{\n  \"$schema\": \"http://schema.management.azure.com/schemas/2015-01-01/deploymentTemplate.json\"\
        ,\n  \"contentVersion\": \"1.0.0.0\",\n  \"parameters\": {},\n  \"variables\"\
        : {},\n  \"resources\": [],\n  \"outputs\": {\n    \"aliases\": {\n      \"\
        type\": \"object\",\n      \"value\": {\n        \"Linux\": {\n          \"\
        CentOS\": {\n            \"publisher\": \"OpenLogic\",\n            \"offer\"\
        : \"CentOS\",\n            \"sku\": \"7.5\",\n            \"version\": \"\
        latest\",\n            \"architecture\": \"x64\"\n          },\n         \
        \ \"Debian\": {\n            \"publisher\": \"Debian\",\n            \"offer\"\
        : \"debian-10\",\n            \"sku\": \"10\",\n            \"version\": \"\
        latest\",\n            \"architecture\": \"x64\"\n          },\n         \
        \ \"Flatcar\": {\n            \"publisher\": \"kinvolk\",\n            \"\
        offer\": \"flatcar-container-linux-free\",\n            \"sku\": \"stable\"\
        ,\n            \"version\": \"latest\",\n            \"architecture\": \"\
        x64\"\n          },\n          \"openSUSE-Leap\": {\n            \"publisher\"\
        : \"SUSE\",\n            \"offer\": \"opensuse-leap-15-3\",\n            \"\
        sku\": \"gen2\",\n            \"version\": \"latest\",\n            \"architecture\"\
        : \"x64\"\n          },\n          \"RHEL\": {\n            \"publisher\"\
        : \"RedHat\",\n            \"offer\": \"RHEL\",\n            \"sku\": \"7-LVM\"\
        ,\n            \"version\": \"latest\",\n            \"architecture\": \"\
        x64\"\n          },\n          \"SLES\": {\n            \"publisher\": \"\
        SUSE\",\n            \"offer\": \"sles-15-sp3\",\n            \"sku\": \"\
        gen2\",\n            \"version\": \"latest\",\n            \"architecture\"\
        : \"x64\"\n          },\n          \"UbuntuLTS\": {\n            \"publisher\"\
        : \"Canonical\",\n            \"offer\": \"UbuntuServer\",\n            \"\
        sku\": \"18.04-LTS\",\n            \"version\": \"latest\",\n            \"\
        architecture\": \"x64\"\n          }\n        },\n        \"Windows\": {\n\
        \          \"Win2022Datacenter\": {\n            \"publisher\": \"MicrosoftWindowsServer\"\
        ,\n            \"offer\": \"WindowsServer\",\n            \"sku\": \"2022-Datacenter\"\
        ,\n            \"version\": \"latest\",\n            \"architecture\": \"\
        x64\"\n          },\n          \"Win2022AzureEditionCore\": {\n          \
        \  \"publisher\": \"MicrosoftWindowsServer\",\n            \"offer\": \"WindowsServer\"\
        ,\n            \"sku\": \"2022-datacenter-azure-edition-core\",\n        \
        \    \"version\": \"latest\",\n            \"architecture\": \"x64\"\n   \
        \       },\n          \"Win2019Datacenter\": {\n            \"publisher\"\
        : \"MicrosoftWindowsServer\",\n            \"offer\": \"WindowsServer\",\n\
        \            \"sku\": \"2019-Datacenter\",\n            \"version\": \"latest\"\
        ,\n            \"architecture\": \"x64\"\n          },\n          \"Win2016Datacenter\"\
        : {\n            \"publisher\": \"MicrosoftWindowsServer\",\n            \"\
        offer\": \"WindowsServer\",\n            \"sku\": \"2016-Datacenter\",\n \
        \           \"version\": \"latest\",\n            \"architecture\": \"x64\"\
        \n          },\n          \"Win2012R2Datacenter\": {\n            \"publisher\"\
        : \"MicrosoftWindowsServer\",\n            \"offer\": \"WindowsServer\",\n\
        \            \"sku\": \"2012-R2-Datacenter\",\n            \"version\": \"\
        latest\",\n            \"architecture\": \"x64\"\n          },\n         \
        \ \"Win2012Datacenter\": {\n            \"publisher\": \"MicrosoftWindowsServer\"\
        ,\n            \"offer\": \"WindowsServer\",\n            \"sku\": \"2012-Datacenter\"\
        ,\n            \"version\": \"latest\",\n            \"architecture\": \"\
        x64\"\n          },\n          \"Win2008R2SP1\": {\n            \"publisher\"\
        : \"MicrosoftWindowsServer\",\n            \"offer\": \"WindowsServer\",\n\
        \            \"sku\": \"2008-R2-SP1\",\n            \"version\": \"latest\"\
        ,\n            \"architecture\": \"x64\"\n          }\n        }\n      }\n\
        \    }\n  }\n}"
    headers:
      accept-ranges:
      - bytes
      access-control-allow-origin:
      - '*'
      cache-control:
      - max-age=300
      connection:
      - keep-alive
      content-length:
      - '3463'
      content-security-policy:
      - default-src 'none'; style-src 'unsafe-inline'; sandbox
      content-type:
      - text/plain; charset=utf-8
      date:
      - Tue, 18 Oct 2022 08:13:02 GMT
      etag:
      - W/"41b202f4dc5098d126019dc00721a4c5e30df0c5196794514fadc3710ee2a5cb"
      expires:
      - Tue, 18 Oct 2022 08:18:02 GMT
      source-age:
      - '0'
      strict-transport-security:
      - max-age=31536000
      vary:
      - Authorization,Accept-Encoding,Origin
      via:
      - 1.1 varnish
      x-cache:
      - HIT
      x-cache-hits:
      - '1'
      x-content-type-options:
      - nosniff
      x-fastly-request-id:
      - 2ee83d2393733d6caca5fc715d1df7f2784efd93
      x-frame-options:
      - deny
      x-github-request-id:
      - 0802:27E7:2B5028:3A34D4:634E3D7C
      x-served-by:
      - cache-ccu830021-CCU
      x-timer:
      - S1666080782.305508,VS0,VE314
      x-xss-protection:
      - 1; mode=block
    status:
      code: 200
      message: OK
- request:
    body: null
    headers:
      Accept:
      - application/json
      Accept-Encoding:
      - gzip, deflate
      CommandName:
      - vm create
      Connection:
      - keep-alive
      ParameterSetName:
      - -n -g --image --generate-ssh-key --nsg-rule
      User-Agent:
      - AZURECLI/2.41.0 azsdk-python-azure-mgmt-compute/28.0.0 Python/3.10.5 (Windows-10-10.0.22621-SP0)
    method: GET
    uri: https://management.azure.com/subscriptions/00000000-0000-0000-0000-000000000000/providers/Microsoft.Compute/locations/westus/publishers/Canonical/artifacttypes/vmimage/offers/UbuntuServer/skus/18.04-LTS/versions?$top=1&$orderby=name%20desc&api-version=2022-08-01
  response:
    body:
      string: "[\r\n  {\r\n    \"location\": \"westus\",\r\n    \"name\": \"18.04.202210140\"\
        ,\r\n    \"id\": \"/Subscriptions/00000000-0000-0000-0000-000000000000/Providers/Microsoft.Compute/Locations/westus/Publishers/Canonical/ArtifactTypes/VMImage/Offers/UbuntuServer/Skus/18.04-LTS/Versions/18.04.202210140\"\
        \r\n  }\r\n]"
    headers:
      cache-control:
      - no-cache
      content-length:
      - '286'
      content-type:
      - application/json; charset=utf-8
      date:
      - Tue, 18 Oct 2022 08:13:03 GMT
      expires:
      - '-1'
      pragma:
      - no-cache
      server:
      - Microsoft-HTTPAPI/2.0
      - Microsoft-HTTPAPI/2.0
      strict-transport-security:
      - max-age=31536000; includeSubDomains
      transfer-encoding:
      - chunked
      vary:
      - Accept-Encoding
      x-content-type-options:
      - nosniff
      x-ms-ratelimit-remaining-resource:
      - Microsoft.Compute/ListVMImagesVersionsFromLocation3Min;15999,Microsoft.Compute/ListVMImagesVersionsFromLocation30Min;43995
    status:
      code: 200
      message: OK
- request:
    body: null
    headers:
      Accept:
      - application/json
      Accept-Encoding:
      - gzip, deflate
      CommandName:
      - vm create
      Connection:
      - keep-alive
      ParameterSetName:
      - -n -g --image --generate-ssh-key --nsg-rule
      User-Agent:
      - AZURECLI/2.41.0 azsdk-python-azure-mgmt-compute/28.0.0 Python/3.10.5 (Windows-10-10.0.22621-SP0)
    method: GET
    uri: https://management.azure.com/subscriptions/00000000-0000-0000-0000-000000000000/providers/Microsoft.Compute/locations/westus/publishers/Canonical/artifacttypes/vmimage/offers/UbuntuServer/skus/18.04-LTS/versions/18.04.202210140?api-version=2022-08-01
  response:
    body:
      string: "{\r\n  \"properties\": {\r\n    \"hyperVGeneration\": \"V1\",\r\n \
        \   \"architecture\": \"x64\",\r\n    \"replicaType\": \"Unmanaged\",\r\n\
        \    \"disallowed\": {\r\n      \"vmDiskType\": \"None\"\r\n    },\r\n   \
        \ \"automaticOSUpgradeProperties\": {\r\n      \"automaticOSUpgradeSupported\"\
        : true\r\n    },\r\n    \"imageDeprecationStatus\": {\r\n      \"imageState\"\
        : \"Active\"\r\n    },\r\n    \"features\": [\r\n      {\r\n        \"name\"\
        : \"IsAcceleratedNetworkSupported\",\r\n        \"value\": \"True\"\r\n  \
        \    },\r\n      {\r\n        \"name\": \"DiskControllerTypes\",\r\n     \
        \   \"value\": \"SCSI, NVMe\"\r\n      },\r\n      {\r\n        \"name\":\
        \ \"IsHibernateSupported\",\r\n        \"value\": \"True\"\r\n      }\r\n\
        \    ],\r\n    \"osDiskImage\": {\r\n      \"operatingSystem\": \"Linux\"\
        ,\r\n      \"sizeInGb\": 31,\r\n      \"sizeInBytes\": 32213303808\r\n   \
        \ },\r\n    \"dataDiskImages\": []\r\n  },\r\n  \"location\": \"westus\",\r\
        \n  \"name\": \"18.04.202210140\",\r\n  \"id\": \"/Subscriptions/00000000-0000-0000-0000-000000000000/Providers/Microsoft.Compute/Locations/westus/Publishers/Canonical/ArtifactTypes/VMImage/Offers/UbuntuServer/Skus/18.04-LTS/Versions/18.04.202210140\"\
        \r\n}"
    headers:
      cache-control:
      - no-cache
      content-length:
      - '1048'
      content-type:
      - application/json; charset=utf-8
      date:
      - Tue, 18 Oct 2022 08:13:05 GMT
      expires:
      - '-1'
      pragma:
      - no-cache
      server:
      - Microsoft-HTTPAPI/2.0
      - Microsoft-HTTPAPI/2.0
      strict-transport-security:
      - max-age=31536000; includeSubDomains
      transfer-encoding:
      - chunked
      vary:
      - Accept-Encoding
      x-content-type-options:
      - nosniff
      x-ms-ratelimit-remaining-resource:
      - Microsoft.Compute/GetVMImageFromLocation3Min;12999,Microsoft.Compute/GetVMImageFromLocation30Min;73995
    status:
      code: 200
      message: OK
- request:
    body: null
    headers:
      Accept:
      - application/json
      Accept-Encoding:
      - gzip, deflate
      CommandName:
      - vm create
      Connection:
      - keep-alive
      ParameterSetName:
      - -n -g --image --generate-ssh-key --nsg-rule
      User-Agent:
      - AZURECLI/2.41.0 azsdk-python-azure-mgmt-network/21.0.1 Python/3.10.5 (Windows-10-10.0.22621-SP0)
    method: GET
    uri: https://management.azure.com/subscriptions/00000000-0000-0000-0000-000000000000/resourceGroups/cli_test_automation_software_update_configuration000001/providers/Microsoft.Network/virtualNetworks?api-version=2022-01-01
  response:
    body:
      string: '{"value":[]}'
    headers:
      cache-control:
      - no-cache
      content-length:
      - '12'
      content-type:
      - application/json; charset=utf-8
      date:
      - Tue, 18 Oct 2022 08:13:06 GMT
      expires:
      - '-1'
      pragma:
      - no-cache
      strict-transport-security:
      - max-age=31536000; includeSubDomains
      vary:
      - Accept-Encoding
      x-content-type-options:
      - nosniff
    status:
      code: 200
      message: OK
- request:
    body: '{"properties": {"template": {"$schema": "https://schema.management.azure.com/schemas/2015-01-01/deploymentTemplate.json#",
      "contentVersion": "1.0.0.0", "parameters": {}, "variables": {}, "resources":
      [{"name": "vm-000004VNET", "type": "Microsoft.Network/virtualNetworks", "location":
      "westus", "apiVersion": "2015-06-15", "dependsOn": [], "tags": {}, "properties":
      {"addressSpace": {"addressPrefixes": ["10.0.0.0/16"]}, "subnets": [{"name":
      "vm-000004Subnet", "properties": {"addressPrefix": "10.0.0.0/24"}}]}}, {"type":
      "Microsoft.Network/networkSecurityGroups", "name": "vm-000004NSG", "apiVersion":
      "2015-06-15", "location": "westus", "tags": {}, "dependsOn": []}, {"apiVersion":
      "2022-01-01", "type": "Microsoft.Network/publicIPAddresses", "name": "vm-000004PublicIP",
      "location": "westus", "tags": {}, "dependsOn": [], "properties": {"publicIPAllocationMethod":
      null}}, {"apiVersion": "2015-06-15", "type": "Microsoft.Network/networkInterfaces",
      "name": "vm-000004VMNic", "location": "westus", "tags": {}, "dependsOn": ["Microsoft.Network/virtualNetworks/vm-000004VNET",
      "Microsoft.Network/networkSecurityGroups/vm-000004NSG", "Microsoft.Network/publicIpAddresses/vm-000004PublicIP"],
      "properties": {"ipConfigurations": [{"name": "ipconfigvm-000004", "properties":
      {"privateIPAllocationMethod": "Dynamic", "subnet": {"id": "/subscriptions/00000000-0000-0000-0000-000000000000/resourceGroups/cli_test_automation_software_update_configuration000001/providers/Microsoft.Network/virtualNetworks/vm-000004VNET/subnets/vm-000004Subnet"},
      "publicIPAddress": {"id": "/subscriptions/00000000-0000-0000-0000-000000000000/resourceGroups/cli_test_automation_software_update_configuration000001/providers/Microsoft.Network/publicIPAddresses/vm-000004PublicIP"}}}],
      "networkSecurityGroup": {"id": "/subscriptions/00000000-0000-0000-0000-000000000000/resourceGroups/cli_test_automation_software_update_configuration000001/providers/Microsoft.Network/networkSecurityGroups/vm-000004NSG"}}},
      {"apiVersion": "2022-08-01", "type": "Microsoft.Compute/virtualMachines", "name":
      "vm-000004", "location": "westus", "tags": {}, "dependsOn": ["Microsoft.Network/networkInterfaces/vm-000004VMNic"],
      "properties": {"hardwareProfile": {"vmSize": "Standard_DS1_v2"}, "networkProfile":
      {"networkInterfaces": [{"id": "/subscriptions/00000000-0000-0000-0000-000000000000/resourceGroups/cli_test_automation_software_update_configuration000001/providers/Microsoft.Network/networkInterfaces/vm-000004VMNic",
      "properties": {"deleteOption": null}}]}, "storageProfile": {"osDisk": {"createOption":
      "fromImage", "name": null, "caching": "ReadWrite", "managedDisk": {"storageAccountType":
      null}}, "imageReference": {"publisher": "Canonical", "offer": "UbuntuServer",
      "sku": "18.04-LTS", "version": "latest"}}, "osProfile": {"computerName": "vm-000004",
      "adminUsername": "supadhyay", "linuxConfiguration": {"disablePasswordAuthentication":
      true, "ssh": {"publicKeys": [{"keyData": "ssh-rsa AAAAB3NzaC1yc2EAAAADAQABAAABAQC7DmFgToC3d0MlE8SOOFXZCK6SJ04QBWWBRvspL+shVcWsv0ufvwDZ74ewurSf23eWNs+NgWazMeg9GEjVuQVGS+1+UBHZZMm1bE7WTymA6Opck730pz5EEXj5+l0oSJVFqChEqYVZH9Umc9TThF0s+jqpajA8mFuAYPwT/sxK8xbz9/zglGUaGSeQ2xyyZh7APJkJVTkRrgHf61YX6v3NfkJKjnfy2bU8Lw/N1fLhcrtMLOYT55dDEMLvIrDD+SvYp3uA8pXsQm/UXzVtu+88v0lVgVXv09FAKzC1lDDYUbo3NYKIYJNRlnTt6M6sVEszQH23p7V+6erOC6syejCv",
      "path": "/home/supadhyay/.ssh/authorized_keys"}]}}}}}], "outputs": {}}, "parameters":
      {}, "mode": "incremental"}}'
    headers:
      Accept:
      - application/json
      Accept-Encoding:
      - gzip, deflate
      CommandName:
      - vm create
      Connection:
      - keep-alive
      Content-Length:
      - '3442'
      Content-Type:
      - application/json
      ParameterSetName:
      - -n -g --image --generate-ssh-key --nsg-rule
      User-Agent:
      - AZURECLI/2.41.0 azsdk-python-azure-mgmt-resource/21.1.0b1 Python/3.10.5 (Windows-10-10.0.22621-SP0)
    method: PUT
    uri: https://management.azure.com/subscriptions/00000000-0000-0000-0000-000000000000/resourcegroups/cli_test_automation_software_update_configuration000001/providers/Microsoft.Resources/deployments/mock-deployment?api-version=2021-04-01
  response:
    body:
      string: '{"id":"/subscriptions/00000000-0000-0000-0000-000000000000/resourceGroups/cli_test_automation_software_update_configuration000001/providers/Microsoft.Resources/deployments/vm_deploy_w7mPFnAaMYBDJD0f3uPvJyjJ5E9sXLLJ","name":"vm_deploy_w7mPFnAaMYBDJD0f3uPvJyjJ5E9sXLLJ","type":"Microsoft.Resources/deployments","properties":{"templateHash":"3403735216624841103","parameters":{},"mode":"Incremental","provisioningState":"Accepted","timestamp":"2022-10-18T08:13:16.4662816Z","duration":"PT0.0001194S","correlationId":"f47379ab-0ece-4426-9968-d461a32ab661","providers":[{"namespace":"Microsoft.Network","resourceTypes":[{"resourceType":"virtualNetworks","locations":["westus"]},{"resourceType":"networkSecurityGroups","locations":["westus"]},{"resourceType":"publicIPAddresses","locations":["westus"]},{"resourceType":"networkInterfaces","locations":["westus"]}]},{"namespace":"Microsoft.Compute","resourceTypes":[{"resourceType":"virtualMachines","locations":["westus"]}]}],"dependencies":[{"dependsOn":[{"id":"/subscriptions/00000000-0000-0000-0000-000000000000/resourceGroups/cli_test_automation_software_update_configuration000001/providers/Microsoft.Network/virtualNetworks/vm-000004VNET","resourceType":"Microsoft.Network/virtualNetworks","resourceName":"vm-000004VNET"},{"id":"/subscriptions/00000000-0000-0000-0000-000000000000/resourceGroups/cli_test_automation_software_update_configuration000001/providers/Microsoft.Network/networkSecurityGroups/vm-000004NSG","resourceType":"Microsoft.Network/networkSecurityGroups","resourceName":"vm-000004NSG"},{"id":"/subscriptions/00000000-0000-0000-0000-000000000000/resourceGroups/cli_test_automation_software_update_configuration000001/providers/Microsoft.Network/publicIPAddresses/vm-000004PublicIP","resourceType":"Microsoft.Network/publicIPAddresses","resourceName":"vm-000004PublicIP"}],"id":"/subscriptions/00000000-0000-0000-0000-000000000000/resourceGroups/cli_test_automation_software_update_configuration000001/providers/Microsoft.Network/networkInterfaces/vm-000004VMNic","resourceType":"Microsoft.Network/networkInterfaces","resourceName":"vm-000004VMNic"},{"dependsOn":[{"id":"/subscriptions/00000000-0000-0000-0000-000000000000/resourceGroups/cli_test_automation_software_update_configuration000001/providers/Microsoft.Network/networkInterfaces/vm-000004VMNic","resourceType":"Microsoft.Network/networkInterfaces","resourceName":"vm-000004VMNic"}],"id":"/subscriptions/00000000-0000-0000-0000-000000000000/resourceGroups/cli_test_automation_software_update_configuration000001/providers/Microsoft.Compute/virtualMachines/vm-000004","resourceType":"Microsoft.Compute/virtualMachines","resourceName":"vm-000004"}]}}'
    headers:
      azure-asyncoperation:
      - https://management.azure.com/subscriptions/00000000-0000-0000-0000-000000000000/resourcegroups/cli_test_automation_software_update_configuration000001/providers/Microsoft.Resources/deployments/vm_deploy_w7mPFnAaMYBDJD0f3uPvJyjJ5E9sXLLJ/operationStatuses/08585355260935743887?api-version=2021-04-01
      cache-control:
      - no-cache
      content-length:
      - '2674'
      content-type:
      - application/json; charset=utf-8
      date:
      - Tue, 18 Oct 2022 08:13:18 GMT
      expires:
      - '-1'
      pragma:
      - no-cache
      strict-transport-security:
      - max-age=31536000; includeSubDomains
      x-content-type-options:
      - nosniff
      x-ms-ratelimit-remaining-subscription-writes:
      - '1198'
    status:
      code: 201
      message: Created
- request:
    body: null
    headers:
      Accept:
      - '*/*'
      Accept-Encoding:
      - gzip, deflate
      CommandName:
      - vm create
      Connection:
      - keep-alive
      ParameterSetName:
      - -n -g --image --generate-ssh-key --nsg-rule
      User-Agent:
      - AZURECLI/2.41.0 azsdk-python-azure-mgmt-resource/21.1.0b1 Python/3.10.5 (Windows-10-10.0.22621-SP0)
    method: GET
    uri: https://management.azure.com/subscriptions/00000000-0000-0000-0000-000000000000/resourcegroups/cli_test_automation_software_update_configuration000001/providers/Microsoft.Resources/deployments/mock-deployment/operationStatuses/08585355260935743887?api-version=2021-04-01
  response:
    body:
      string: '{"status":"Running"}'
    headers:
      cache-control:
      - no-cache
      content-length:
      - '20'
      content-type:
      - application/json; charset=utf-8
      date:
      - Tue, 18 Oct 2022 08:13:48 GMT
      expires:
      - '-1'
      pragma:
      - no-cache
      strict-transport-security:
      - max-age=31536000; includeSubDomains
      vary:
      - Accept-Encoding
      x-content-type-options:
      - nosniff
    status:
      code: 200
      message: OK
- request:
    body: null
    headers:
      Accept:
      - '*/*'
      Accept-Encoding:
      - gzip, deflate
      CommandName:
      - vm create
      Connection:
      - keep-alive
      ParameterSetName:
      - -n -g --image --generate-ssh-key --nsg-rule
      User-Agent:
      - AZURECLI/2.41.0 azsdk-python-azure-mgmt-resource/21.1.0b1 Python/3.10.5 (Windows-10-10.0.22621-SP0)
    method: GET
    uri: https://management.azure.com/subscriptions/00000000-0000-0000-0000-000000000000/resourcegroups/cli_test_automation_software_update_configuration000001/providers/Microsoft.Resources/deployments/mock-deployment/operationStatuses/08585355260935743887?api-version=2021-04-01
  response:
    body:
      string: '{"status":"Succeeded"}'
    headers:
      cache-control:
      - no-cache
      content-length:
      - '22'
      content-type:
      - application/json; charset=utf-8
      date:
      - Tue, 18 Oct 2022 08:14:19 GMT
      expires:
      - '-1'
      pragma:
      - no-cache
      strict-transport-security:
      - max-age=31536000; includeSubDomains
      vary:
      - Accept-Encoding
      x-content-type-options:
      - nosniff
    status:
      code: 200
      message: OK
- request:
    body: null
    headers:
      Accept:
      - '*/*'
      Accept-Encoding:
      - gzip, deflate
      CommandName:
      - vm create
      Connection:
      - keep-alive
      ParameterSetName:
      - -n -g --image --generate-ssh-key --nsg-rule
      User-Agent:
      - AZURECLI/2.41.0 azsdk-python-azure-mgmt-resource/21.1.0b1 Python/3.10.5 (Windows-10-10.0.22621-SP0)
    method: GET
    uri: https://management.azure.com/subscriptions/00000000-0000-0000-0000-000000000000/resourcegroups/cli_test_automation_software_update_configuration000001/providers/Microsoft.Resources/deployments/mock-deployment?api-version=2021-04-01
  response:
    body:
      string: '{"id":"/subscriptions/00000000-0000-0000-0000-000000000000/resourceGroups/cli_test_automation_software_update_configuration000001/providers/Microsoft.Resources/deployments/vm_deploy_w7mPFnAaMYBDJD0f3uPvJyjJ5E9sXLLJ","name":"vm_deploy_w7mPFnAaMYBDJD0f3uPvJyjJ5E9sXLLJ","type":"Microsoft.Resources/deployments","properties":{"templateHash":"3403735216624841103","parameters":{},"mode":"Incremental","provisioningState":"Succeeded","timestamp":"2022-10-18T08:14:04.6151431Z","duration":"PT48.1489809S","correlationId":"f47379ab-0ece-4426-9968-d461a32ab661","providers":[{"namespace":"Microsoft.Network","resourceTypes":[{"resourceType":"virtualNetworks","locations":["westus"]},{"resourceType":"networkSecurityGroups","locations":["westus"]},{"resourceType":"publicIPAddresses","locations":["westus"]},{"resourceType":"networkInterfaces","locations":["westus"]}]},{"namespace":"Microsoft.Compute","resourceTypes":[{"resourceType":"virtualMachines","locations":["westus"]}]}],"dependencies":[{"dependsOn":[{"id":"/subscriptions/00000000-0000-0000-0000-000000000000/resourceGroups/cli_test_automation_software_update_configuration000001/providers/Microsoft.Network/virtualNetworks/vm-000004VNET","resourceType":"Microsoft.Network/virtualNetworks","resourceName":"vm-000004VNET"},{"id":"/subscriptions/00000000-0000-0000-0000-000000000000/resourceGroups/cli_test_automation_software_update_configuration000001/providers/Microsoft.Network/networkSecurityGroups/vm-000004NSG","resourceType":"Microsoft.Network/networkSecurityGroups","resourceName":"vm-000004NSG"},{"id":"/subscriptions/00000000-0000-0000-0000-000000000000/resourceGroups/cli_test_automation_software_update_configuration000001/providers/Microsoft.Network/publicIPAddresses/vm-000004PublicIP","resourceType":"Microsoft.Network/publicIPAddresses","resourceName":"vm-000004PublicIP"}],"id":"/subscriptions/00000000-0000-0000-0000-000000000000/resourceGroups/cli_test_automation_software_update_configuration000001/providers/Microsoft.Network/networkInterfaces/vm-000004VMNic","resourceType":"Microsoft.Network/networkInterfaces","resourceName":"vm-000004VMNic"},{"dependsOn":[{"id":"/subscriptions/00000000-0000-0000-0000-000000000000/resourceGroups/cli_test_automation_software_update_configuration000001/providers/Microsoft.Network/networkInterfaces/vm-000004VMNic","resourceType":"Microsoft.Network/networkInterfaces","resourceName":"vm-000004VMNic"}],"id":"/subscriptions/00000000-0000-0000-0000-000000000000/resourceGroups/cli_test_automation_software_update_configuration000001/providers/Microsoft.Compute/virtualMachines/vm-000004","resourceType":"Microsoft.Compute/virtualMachines","resourceName":"vm-000004"}],"outputs":{},"outputResources":[{"id":"/subscriptions/00000000-0000-0000-0000-000000000000/resourceGroups/cli_test_automation_software_update_configuration000001/providers/Microsoft.Compute/virtualMachines/vm-000004"},{"id":"/subscriptions/00000000-0000-0000-0000-000000000000/resourceGroups/cli_test_automation_software_update_configuration000001/providers/Microsoft.Network/networkInterfaces/vm-000004VMNic"},{"id":"/subscriptions/00000000-0000-0000-0000-000000000000/resourceGroups/cli_test_automation_software_update_configuration000001/providers/Microsoft.Network/networkSecurityGroups/vm-000004NSG"},{"id":"/subscriptions/00000000-0000-0000-0000-000000000000/resourceGroups/cli_test_automation_software_update_configuration000001/providers/Microsoft.Network/publicIPAddresses/vm-000004PublicIP"},{"id":"/subscriptions/00000000-0000-0000-0000-000000000000/resourceGroups/cli_test_automation_software_update_configuration000001/providers/Microsoft.Network/virtualNetworks/vm-000004VNET"}]}}'
    headers:
      cache-control:
      - no-cache
      content-length:
      - '3669'
      content-type:
      - application/json; charset=utf-8
      date:
      - Tue, 18 Oct 2022 08:14:20 GMT
      expires:
      - '-1'
      pragma:
      - no-cache
      strict-transport-security:
      - max-age=31536000; includeSubDomains
      vary:
      - Accept-Encoding
      x-content-type-options:
      - nosniff
    status:
      code: 200
      message: OK
- request:
    body: null
    headers:
      Accept:
      - application/json
      Accept-Encoding:
      - gzip, deflate
      CommandName:
      - vm create
      Connection:
      - keep-alive
      ParameterSetName:
      - -n -g --image --generate-ssh-key --nsg-rule
      User-Agent:
      - AZURECLI/2.41.0 azsdk-python-azure-mgmt-compute/28.0.0 Python/3.10.5 (Windows-10-10.0.22621-SP0)
    method: GET
    uri: https://management.azure.com/subscriptions/00000000-0000-0000-0000-000000000000/resourceGroups/cli_test_automation_software_update_configuration000001/providers/Microsoft.Compute/virtualMachines/vm-000004?$expand=instanceView&api-version=2022-08-01
  response:
    body:
      string: "{\r\n  \"name\": \"vm-000004\",\r\n  \"id\": \"/subscriptions/00000000-0000-0000-0000-000000000000/resourceGroups/cli_test_automation_software_update_configuration000001/providers/Microsoft.Compute/virtualMachines/vm-000004\"\
        ,\r\n  \"type\": \"Microsoft.Compute/virtualMachines\",\r\n  \"location\"\
        : \"westus\",\r\n  \"tags\": {\r\n    \"azsecpack\": \"nonprod\",\r\n    \"\
        platformsettings.host_environment.service.platform_optedin_for_rootcerts\"\
        : \"true\"\r\n  },\r\n  \"properties\": {\r\n    \"vmId\": \"a4cfe0c6-f792-4c43-9570-b520c89fde0c\"\
        ,\r\n    \"hardwareProfile\": {\r\n      \"vmSize\": \"Standard_DS1_v2\"\r\
        \n    },\r\n    \"storageProfile\": {\r\n      \"imageReference\": {\r\n \
        \       \"publisher\": \"Canonical\",\r\n        \"offer\": \"UbuntuServer\"\
        ,\r\n        \"sku\": \"18.04-LTS\",\r\n        \"version\": \"latest\",\r\
        \n        \"exactVersion\": \"18.04.202210140\"\r\n      },\r\n      \"osDisk\"\
        : {\r\n        \"osType\": \"Linux\",\r\n        \"name\": \"vm-000004_disk1_01558f5b511345c48fe0d1fbb443ba92\"\
        ,\r\n        \"createOption\": \"FromImage\",\r\n        \"caching\": \"ReadWrite\"\
        ,\r\n        \"managedDisk\": {\r\n          \"storageAccountType\": \"Premium_LRS\"\
        ,\r\n          \"id\": \"/subscriptions/00000000-0000-0000-0000-000000000000/resourceGroups/cli_test_automation_software_update_configuration000001/providers/Microsoft.Compute/disks/vm-000004_disk1_01558f5b511345c48fe0d1fbb443ba92\"\
        \r\n        },\r\n        \"deleteOption\": \"Detach\",\r\n        \"diskSizeGB\"\
        : 30\r\n      },\r\n      \"dataDisks\": []\r\n    },\r\n    \"osProfile\"\
        : {\r\n      \"computerName\": \"vm-000004\",\r\n      \"adminUsername\":\
        \ \"supadhyay\",\r\n      \"linuxConfiguration\": {\r\n        \"disablePasswordAuthentication\"\
        : true,\r\n        \"ssh\": {\r\n          \"publicKeys\": [\r\n         \
        \   {\r\n              \"path\": \"/home/supadhyay/.ssh/authorized_keys\"\
        ,\r\n              \"keyData\": \"ssh-rsa AAAAB3NzaC1yc2EAAAADAQABAAABAQC7DmFgToC3d0MlE8SOOFXZCK6SJ04QBWWBRvspL+shVcWsv0ufvwDZ74ewurSf23eWNs+NgWazMeg9GEjVuQVGS+1+UBHZZMm1bE7WTymA6Opck730pz5EEXj5+l0oSJVFqChEqYVZH9Umc9TThF0s+jqpajA8mFuAYPwT/sxK8xbz9/zglGUaGSeQ2xyyZh7APJkJVTkRrgHf61YX6v3NfkJKjnfy2bU8Lw/N1fLhcrtMLOYT55dDEMLvIrDD+SvYp3uA8pXsQm/UXzVtu+88v0lVgVXv09FAKzC1lDDYUbo3NYKIYJNRlnTt6M6sVEszQH23p7V+6erOC6syejCv\"\
        \r\n            }\r\n          ]\r\n        },\r\n        \"provisionVMAgent\"\
        : true,\r\n        \"patchSettings\": {\r\n          \"patchMode\": \"ImageDefault\"\
        ,\r\n          \"assessmentMode\": \"ImageDefault\"\r\n        },\r\n    \
        \    \"enableVMAgentPlatformUpdates\": false\r\n      },\r\n      \"secrets\"\
        : [],\r\n      \"allowExtensionOperations\": true,\r\n      \"requireGuestProvisionSignal\"\
        : true\r\n    },\r\n    \"networkProfile\": {\"networkInterfaces\":[{\"id\"\
        :\"/subscriptions/00000000-0000-0000-0000-000000000000/resourceGroups/cli_test_automation_software_update_configuration000001/providers/Microsoft.Network/networkInterfaces/vm-000004VMNic\"\
        }]},\r\n    \"provisioningState\": \"Succeeded\",\r\n    \"instanceView\"\
        : {\r\n      \"computerName\": \"vm-000004\",\r\n      \"osName\": \"ubuntu\"\
        ,\r\n      \"osVersion\": \"18.04\",\r\n      \"vmAgent\": {\r\n        \"\
        vmAgentVersion\": \"2.8.0.11\",\r\n        \"statuses\": [\r\n          {\r\
        \n            \"code\": \"ProvisioningState/succeeded\",\r\n            \"\
        level\": \"Info\",\r\n            \"displayStatus\": \"Ready\",\r\n      \
        \      \"message\": \"Guest Agent is running\",\r\n            \"time\": \"\
        2022-10-18T08:14:15+00:00\"\r\n          }\r\n        ],\r\n        \"extensionHandlers\"\
        : []\r\n      },\r\n      \"disks\": [\r\n        {\r\n          \"name\"\
        : \"vm-000004_disk1_01558f5b511345c48fe0d1fbb443ba92\",\r\n          \"statuses\"\
        : [\r\n            {\r\n              \"code\": \"ProvisioningState/succeeded\"\
        ,\r\n              \"level\": \"Info\",\r\n              \"displayStatus\"\
        : \"Provisioning succeeded\",\r\n              \"time\": \"2022-10-18T08:13:50.372899+00:00\"\
        \r\n            }\r\n          ]\r\n        }\r\n      ],\r\n      \"hyperVGeneration\"\
        : \"V1\",\r\n      \"statuses\": [\r\n        {\r\n          \"code\": \"\
        ProvisioningState/succeeded\",\r\n          \"level\": \"Info\",\r\n     \
        \     \"displayStatus\": \"Provisioning succeeded\",\r\n          \"time\"\
        : \"2022-10-18T08:14:00.4823724+00:00\"\r\n        },\r\n        {\r\n   \
        \       \"code\": \"PowerState/running\",\r\n          \"level\": \"Info\"\
        ,\r\n          \"displayStatus\": \"VM running\"\r\n        }\r\n      ]\r\
        \n    },\r\n    \"timeCreated\": \"2022-10-18T08:13:48.4978856+00:00\"\r\n\
        \  }\r\n}"
    headers:
      cache-control:
      - no-cache
      content-length:
      - '4117'
      content-type:
      - application/json; charset=utf-8
      date:
      - Tue, 18 Oct 2022 08:14:21 GMT
      expires:
      - '-1'
      pragma:
      - no-cache
      server:
      - Microsoft-HTTPAPI/2.0
      - Microsoft-HTTPAPI/2.0
      strict-transport-security:
      - max-age=31536000; includeSubDomains
      transfer-encoding:
      - chunked
      vary:
      - Accept-Encoding
      x-content-type-options:
      - nosniff
      x-ms-ratelimit-remaining-resource:
      - Microsoft.Compute/LowCostGet3Min;3994,Microsoft.Compute/LowCostGet30Min;31963
    status:
      code: 200
      message: OK
- request:
    body: null
    headers:
      Accept:
      - application/json
      Accept-Encoding:
      - gzip, deflate
      CommandName:
      - vm create
      Connection:
      - keep-alive
      ParameterSetName:
      - -n -g --image --generate-ssh-key --nsg-rule
      User-Agent:
      - AZURECLI/2.41.0 azsdk-python-azure-mgmt-network/21.0.1 Python/3.10.5 (Windows-10-10.0.22621-SP0)
    method: GET
    uri: https://management.azure.com/subscriptions/00000000-0000-0000-0000-000000000000/resourceGroups/cli_test_automation_software_update_configuration000001/providers/Microsoft.Network/networkInterfaces/vm-000004VMNic?api-version=2022-01-01
  response:
    body:
      string: "{\r\n  \"name\": \"vm-000004VMNic\",\r\n  \"id\": \"/subscriptions/00000000-0000-0000-0000-000000000000/resourceGroups/cli_test_automation_software_update_configuration000001/providers/Microsoft.Network/networkInterfaces/vm-000004VMNic\"\
        ,\r\n  \"etag\": \"W/\\\"4cb40556-5a96-4e31-8951-0c0d1a14e213\\\"\",\r\n \
        \ \"tags\": {},\r\n  \"properties\": {\r\n    \"provisioningState\": \"Succeeded\"\
        ,\r\n    \"resourceGuid\": \"d81b832b-adde-4bcc-a536-685df5a1b5f3\",\r\n \
        \   \"ipConfigurations\": [\r\n      {\r\n        \"name\": \"ipconfigvm-000004\"\
        ,\r\n        \"id\": \"/subscriptions/00000000-0000-0000-0000-000000000000/resourceGroups/cli_test_automation_software_update_configuration000001/providers/Microsoft.Network/networkInterfaces/vm-000004VMNic/ipConfigurations/ipconfigvm-000004\"\
        ,\r\n        \"etag\": \"W/\\\"4cb40556-5a96-4e31-8951-0c0d1a14e213\\\"\"\
        ,\r\n        \"type\": \"Microsoft.Network/networkInterfaces/ipConfigurations\"\
        ,\r\n        \"properties\": {\r\n          \"provisioningState\": \"Succeeded\"\
        ,\r\n          \"privateIPAddress\": \"10.0.0.4\",\r\n          \"privateIPAllocationMethod\"\
        : \"Dynamic\",\r\n          \"publicIPAddress\": {\r\n            \"id\":\
        \ \"/subscriptions/00000000-0000-0000-0000-000000000000/resourceGroups/cli_test_automation_software_update_configuration000001/providers/Microsoft.Network/publicIPAddresses/vm-000004PublicIP\"\
        \r\n          },\r\n          \"subnet\": {\r\n            \"id\": \"/subscriptions/00000000-0000-0000-0000-000000000000/resourceGroups/cli_test_automation_software_update_configuration000001/providers/Microsoft.Network/virtualNetworks/vm-000004VNET/subnets/vm-000004Subnet\"\
        \r\n          },\r\n          \"primary\": true,\r\n          \"privateIPAddressVersion\"\
        : \"IPv4\"\r\n        }\r\n      }\r\n    ],\r\n    \"dnsSettings\": {\r\n\
        \      \"dnsServers\": [],\r\n      \"appliedDnsServers\": [],\r\n      \"\
        internalDomainNameSuffix\": \"pjku2orcmpaezatpcgqmgoxiba.dx.internal.cloudapp.net\"\
        \r\n    },\r\n    \"macAddress\": \"00-22-48-08-38-D7\",\r\n    \"vnetEncryptionSupported\"\
        : false,\r\n    \"enableIPForwarding\": false,\r\n    \"networkSecurityGroup\"\
        : {\r\n      \"id\": \"/subscriptions/00000000-0000-0000-0000-000000000000/resourceGroups/cli_test_automation_software_update_configuration000001/providers/Microsoft.Network/networkSecurityGroups/vm-000004NSG\"\
        \r\n    },\r\n    \"primary\": true,\r\n    \"virtualMachine\": {\r\n    \
        \  \"id\": \"/subscriptions/00000000-0000-0000-0000-000000000000/resourceGroups/cli_test_automation_software_update_configuration000001/providers/Microsoft.Compute/virtualMachines/vm-000004\"\
        \r\n    },\r\n    \"hostedWorkloads\": [],\r\n    \"tapConfigurations\": [],\r\
        \n    \"nicType\": \"Standard\",\r\n    \"allowPort25Out\": true\r\n  },\r\
        \n  \"type\": \"Microsoft.Network/networkInterfaces\",\r\n  \"location\":\
        \ \"westus\",\r\n  \"kind\": \"Regular\"\r\n}"
    headers:
      cache-control:
      - no-cache
      content-length:
      - '2641'
      content-type:
      - application/json; charset=utf-8
      date:
      - Tue, 18 Oct 2022 08:14:24 GMT
      etag:
      - W/"4cb40556-5a96-4e31-8951-0c0d1a14e213"
      expires:
      - '-1'
      pragma:
      - no-cache
      server:
      - Microsoft-HTTPAPI/2.0
      - Microsoft-HTTPAPI/2.0
      strict-transport-security:
      - max-age=31536000; includeSubDomains
      transfer-encoding:
      - chunked
      vary:
      - Accept-Encoding
      x-content-type-options:
      - nosniff
      x-ms-arm-service-request-id:
      - 450ce819-cd2e-4eaa-912c-0bd0e2369d65
    status:
      code: 200
      message: OK
- request:
    body: null
    headers:
      Accept:
      - application/json
      Accept-Encoding:
      - gzip, deflate
      CommandName:
      - vm create
      Connection:
      - keep-alive
      ParameterSetName:
      - -n -g --image --generate-ssh-key --nsg-rule
      User-Agent:
      - AZURECLI/2.41.0 azsdk-python-azure-mgmt-network/21.0.1 Python/3.10.5 (Windows-10-10.0.22621-SP0)
    method: GET
    uri: https://management.azure.com/subscriptions/00000000-0000-0000-0000-000000000000/resourceGroups/cli_test_automation_software_update_configuration000001/providers/Microsoft.Network/publicIPAddresses/vm-000004PublicIP?api-version=2022-01-01
  response:
    body:
      string: "{\r\n  \"name\": \"vm-000004PublicIP\",\r\n  \"id\": \"/subscriptions/00000000-0000-0000-0000-000000000000/resourceGroups/cli_test_automation_software_update_configuration000001/providers/Microsoft.Network/publicIPAddresses/vm-000004PublicIP\"\
        ,\r\n  \"etag\": \"W/\\\"5b029160-0d23-4fa2-85cb-8be9beaccdae\\\"\",\r\n \
        \ \"location\": \"westus\",\r\n  \"tags\": {},\r\n  \"properties\": {\r\n\
        \    \"provisioningState\": \"Succeeded\",\r\n    \"resourceGuid\": \"edf20841-47ea-4c19-8ec9-0b81ce3634ab\"\
        ,\r\n    \"ipAddress\": \"20.245.224.61\",\r\n    \"publicIPAddressVersion\"\
        : \"IPv4\",\r\n    \"publicIPAllocationMethod\": \"Dynamic\",\r\n    \"idleTimeoutInMinutes\"\
        : 4,\r\n    \"ipTags\": [],\r\n    \"ipConfiguration\": {\r\n      \"id\"\
        : \"/subscriptions/00000000-0000-0000-0000-000000000000/resourceGroups/cli_test_automation_software_update_configuration000001/providers/Microsoft.Network/networkInterfaces/vm-000004VMNic/ipConfigurations/ipconfigvm-000004\"\
        \r\n    }\r\n  },\r\n  \"type\": \"Microsoft.Network/publicIPAddresses\",\r\
        \n  \"sku\": {\r\n    \"name\": \"Basic\",\r\n    \"tier\": \"Regional\"\r\
        \n  }\r\n}"
    headers:
      cache-control:
      - no-cache
      content-length:
      - '1006'
      content-type:
      - application/json; charset=utf-8
      date:
      - Tue, 18 Oct 2022 08:14:25 GMT
      etag:
      - W/"5b029160-0d23-4fa2-85cb-8be9beaccdae"
      expires:
      - '-1'
      pragma:
      - no-cache
      server:
      - Microsoft-HTTPAPI/2.0
      - Microsoft-HTTPAPI/2.0
      strict-transport-security:
      - max-age=31536000; includeSubDomains
      transfer-encoding:
      - chunked
      vary:
      - Accept-Encoding
      x-content-type-options:
      - nosniff
      x-ms-arm-service-request-id:
      - 3ddffb40-6447-49cc-aeb7-5cb4e3e29f41
    status:
      code: 200
      message: OK
- request:
    body: null
    headers:
      Accept:
      - application/json
      Accept-Encoding:
      - gzip, deflate
      CommandName:
      - automation account create
      Connection:
      - keep-alive
      ParameterSetName:
      - -n -g
      User-Agent:
      - AZURECLI/2.41.0 azsdk-python-azure-mgmt-resource/21.1.0b1 Python/3.10.5 (Windows-10-10.0.22621-SP0)
    method: GET
    uri: https://management.azure.com/subscriptions/00000000-0000-0000-0000-000000000000/resourcegroups/cli_test_automation_software_update_configuration000001?api-version=2021-04-01
  response:
    body:
      string: '{"id":"/subscriptions/00000000-0000-0000-0000-000000000000/resourceGroups/cli_test_automation_software_update_configuration000001","name":"cli_test_automation_software_update_configuration000001","type":"Microsoft.Resources/resourceGroups","location":"westus","tags":{"product":"azurecli","cause":"automation","date":"2022-10-18T08:12:52Z"},"properties":{"provisioningState":"Succeeded"}}'
    headers:
      cache-control:
      - no-cache
      content-length:
      - '388'
      content-type:
      - application/json; charset=utf-8
      date:
      - Tue, 18 Oct 2022 08:14:26 GMT
      expires:
      - '-1'
      pragma:
      - no-cache
      strict-transport-security:
      - max-age=31536000; includeSubDomains
      vary:
      - Accept-Encoding
      x-content-type-options:
      - nosniff
    status:
      code: 200
      message: OK
- request:
    body: '{"name": "account-000002", "location": "westus", "properties": {"sku":
      {"name": "Basic"}}}'
    headers:
      Accept:
      - application/json
      Accept-Encoding:
      - gzip, deflate
      CommandName:
      - automation account create
      Connection:
      - keep-alive
      Content-Length:
      - '90'
      Content-Type:
      - application/json
      ParameterSetName:
      - -n -g
      User-Agent:
      - AZURECLI/2.41.0 azsdk-python-mgmt-automation/1.1.0b2 Python/3.10.5 (Windows-10-10.0.22621-SP0)
    method: PUT
    uri: https://management.azure.com/subscriptions/00000000-0000-0000-0000-000000000000/resourceGroups/cli_test_automation_software_update_configuration000001/providers/Microsoft.Automation/automationAccounts/account-000002?api-version=2021-06-22
  response:
    body:
      string: '{"name":"account-000002","systemData":{"createdAt":"2022-10-18T08:14:32.6+00:00","lastModifiedAt":"2022-10-18T08:14:32.6+00:00"},"id":"/subscriptions/00000000-0000-0000-0000-000000000000/resourceGroups/cli_test_automation_software_update_configuration000001/providers/Microsoft.Automation/automationAccounts/account-000002","type":"Microsoft.Automation/AutomationAccounts","location":"westus","tags":{},"etag":null,"properties":{"disableLocalAuth":false,"sku":{"name":"Basic","family":null,"capacity":null},"state":"Ok","RegistrationUrl":"https://2b24ca75-2f5a-4e0a-b65f-7543f8d8948b.agentsvc.wus.azure-automation.net/accounts/2b24ca75-2f5a-4e0a-b65f-7543f8d8948b","encryption":{"keySource":"Microsoft.Automation","identity":{"userAssignedIdentity":null}},"automationHybridServiceUrl":"https://2b24ca75-2f5a-4e0a-b65f-7543f8d8948b.jrds.wus.azure-automation.net/automationAccounts/2b24ca75-2f5a-4e0a-b65f-7543f8d8948b","RuntimeConfiguration":{"powershell":{"builtinModules":{"Az":"8.0.0"}},"powershell7":{"builtinModules":{"Az":"8.0.0"}}},"creationTime":"2022-10-18T08:14:32.6+00:00","lastModifiedBy":null,"lastModifiedTime":"2022-10-18T08:14:32.6+00:00"}}'
    headers:
      cache-control:
      - no-cache
      content-length:
      - '1155'
      content-type:
      - application/json; charset=utf-8
      date:
      - Tue, 18 Oct 2022 08:14:33 GMT
      expires:
      - '-1'
      location:
      - https://management.azure.com/subscriptions/00000000-0000-0000-0000-000000000000/resourceGroups/cli_test_automation_software_update_configuration000001/providers/Microsoft.Automation/automationAccounts/account-000002?api-version=2021-06-22
      pragma:
      - no-cache
      server:
      - Microsoft-HTTPAPI/2.0
      strict-transport-security:
      - max-age=31536000; includeSubDomains
      x-content-type-options:
      - nosniff
      x-ms-ratelimit-remaining-subscription-writes:
      - '1197'
    status:
      code: 201
      message: Created
- request:
    body: '{"properties": {"updateConfiguration": {"operatingSystem": "Windows", "windows":
      {"includedUpdateClassifications": "Critical", "excludedKbNumbers": ["16800",
      "16800"], "includedKbNumbers": ["15000", "15000"], "rebootSetting": "IfRequired"},
      "duration": "PT2H", "azureVirtualMachines": ["/subscriptions/00000000-0000-0000-0000-000000000000/resourceGroups/cli_test_automation_software_update_configuration000001/providers/Microsoft.Compute/virtualMachines/vm-000004"],
      "nonAzureComputerNames": ["nonvm1", "nonvm2"], "targets": {"azureQueries": [{"scope":
      ["/subscriptions/00000000-0000-0000-0000-000000000000"], "locations": ["eastus",
      "westus"], "tagSettings": {"tags": {"tag": ["tag1", "tag2"]}}}]}}, "scheduleInfo":
      {"startTime": "2022-10-23T12:30:00.000Z", "expiryTime": "2022-10-30T12:30:00.000Z",
      "nextRun": "2022-10-25T12:30:00.000Z", "interval": 1, "frequency": "Hour", "timeZone":
      "UTC+08:00", "description": "test"}}}'
    headers:
      Accept:
      - application/json
      Accept-Encoding:
      - gzip, deflate
      CommandName:
      - automation software-update-configuration create
      Connection:
      - keep-alive
      Content-Length:
      - '925'
      Content-Type:
      - application/json
      ParameterSetName:
      - -n -g --automation-account-name --description --frequency --interval --operating-system
        --excluded-kb-numbers --included-kb-numbers --included-update-classifications
        --duration --azure-virtual-machines --time-zone --start-time --expiry-time
        --next-run --non-azure-computer-names --reboot-setting --azure-queries-scope
        --azure-queries-location --azure-queries-tags
      User-Agent:
      - AZURECLI/2.41.0 azsdk-python-mgmt-automation/1.1.0b2 Python/3.10.5 (Windows-10-10.0.22621-SP0)
    method: PUT
    uri: https://management.azure.com/subscriptions/00000000-0000-0000-0000-000000000000/resourceGroups/cli_test_automation_software_update_configuration000001/providers/Microsoft.Automation/automationAccounts/account-000002/softwareUpdateConfigurations/conf-000003?api-version=2019-06-01
  response:
    body:
      string: '{"id":"/subscriptions/00000000-0000-0000-0000-000000000000/resourceGroups/cli_test_automation_software_update_configuration000001/providers/Microsoft.Automation/automationAccounts/account-000002/softwareUpdateConfigurations/conf-000003","name":"conf-000003","type":null,"properties":{"updateConfiguration":{"operatingSystem":"Windows","windows":{"includedUpdateClassifications":"Critical","excludedKbNumbers":["16800","16800"],"includedKbNumbers":["15000","15000"],"rebootSetting":"IfRequired"},"linux":null,"targets":{"azureQueries":[{"scope":["/subscriptions/00000000-0000-0000-0000-000000000000"],"tagSettings":{"tags":{"tag":["tag1","tag2"]},"filterOperator":0},"locations":["eastus","westus"]}],"nonAzureQueries":null},"duration":"PT2H","azureVirtualMachines":["/subscriptions/00000000-0000-0000-0000-000000000000/resourceGroups/cli_test_automation_software_update_configuration000001/providers/Microsoft.Compute/virtualMachines/vm-000004"],"nonAzureComputerNames":["nonvm1","nonvm2"]},"scheduleInfo":{"description":"test","startTime":"2022-10-23T12:30:00+08:00","startTimeOffsetMinutes":480.0,"expiryTime":"2022-10-30T12:30:00+08:00","expiryTimeOffsetMinutes":480.0,"isEnabled":true,"nextRun":"2022-10-23T12:30:00+08:00","nextRunOffsetMinutes":480.0,"interval":1,"frequency":"Hour","creationTime":"2022-10-18T08:14:38.47+00:00","lastModifiedTime":"2022-10-18T08:14:38.47+00:00","timeZone":"UTC+08:00","advancedSchedule":null},"provisioningState":"Provisioning","createdBy":"{scrubbed}","error":null,"tasks":null,"creationTime":"2022-10-18T08:14:38.53+00:00","lastModifiedBy":null,"lastModifiedTime":"2022-10-18T08:14:38.53+00:00"}}'
    headers:
      cache-control:
      - no-cache
      content-length:
      - '1637'
      content-type:
      - application/json; charset=utf-8
      date:
      - Tue, 18 Oct 2022 08:14:37 GMT
      expires:
      - '-1'
      location:
      - https://management.azure.com/subscriptions/00000000-0000-0000-0000-000000000000/resourceGroups/cli_test_automation_software_update_configuration000001/providers/Microsoft.Automation/automationAccounts/account-000002/softwareUpdateConfigurations/conf-000003?api-version=2019-06-01
      pragma:
      - no-cache
      server:
      - Microsoft-HTTPAPI/2.0
      strict-transport-security:
      - max-age=31536000; includeSubDomains
      x-content-type-options:
      - nosniff
      x-ms-ratelimit-remaining-subscription-resource-requests:
      - '99'
    status:
      code: 201
      message: Created
- request:
    body: null
    headers:
      Accept:
      - application/json
      Accept-Encoding:
      - gzip, deflate
      CommandName:
      - automation software-update-configuration list
      Connection:
      - keep-alive
      ParameterSetName:
      - -g --automation-account-name
      User-Agent:
      - AZURECLI/2.41.0 azsdk-python-mgmt-automation/1.1.0b2 Python/3.10.5 (Windows-10-10.0.22621-SP0)
    method: GET
    uri: https://management.azure.com/subscriptions/00000000-0000-0000-0000-000000000000/resourceGroups/cli_test_automation_software_update_configuration000001/providers/Microsoft.Automation/automationAccounts/account-000002/softwareUpdateConfigurations?api-version=2019-06-01
  response:
    body:
      string: '{"value":[{"id":"/subscriptions/00000000-0000-0000-0000-000000000000/resourceGroups/cli_test_automation_software_update_configuration000001/providers/Microsoft.Automation/automationAccounts/account-000002/softwareUpdateConfigurations/conf-000003","name":"conf-000003","properties":{"updateConfiguration":{"operatingSystem":"Windows","windows":{"includedUpdateClassifications":"Critical","excludedKbNumbers":["16800","16800"],"includedKbNumbers":["15000","15000"],"rebootSetting":"IfRequired"},"linux":null,"targets":{"azureQueries":[{"scope":["/subscriptions/00000000-0000-0000-0000-000000000000"],"tagSettings":{"tags":{"tag":["tag1","tag2"]},"filterOperator":0},"locations":["eastus","westus"]}],"nonAzureQueries":null},"duration":"PT2H","azureVirtualMachines":["/subscriptions/00000000-0000-0000-0000-000000000000/resourceGroups/cli_test_automation_software_update_configuration000001/providers/Microsoft.Compute/virtualMachines/vm-000004"],"nonAzureComputerNames":["nonvm1","nonvm2"]},"frequency":"Hour","startTime":"2022-10-23T12:30:00+08:00","creationTime":"2022-10-18T08:14:38.53+00:00","lastModifiedTime":"2022-10-18T08:14:38.53+00:00","provisioningState":"Provisioning","nextRun":"2022-10-23T12:30:00+08:00","tasks":null}}]}'
    headers:
      cache-control:
      - no-cache
      content-length:
      - '1233'
      content-type:
      - application/json; charset=utf-8
      date:
      - Tue, 18 Oct 2022 08:14:40 GMT
      expires:
      - '-1'
      pragma:
      - no-cache
      server:
      - Microsoft-HTTPAPI/2.0
      strict-transport-security:
      - max-age=31536000; includeSubDomains
      transfer-encoding:
      - chunked
      vary:
      - Accept-Encoding
      x-content-type-options:
      - nosniff
    status:
      code: 200
      message: OK
- request:
    body: null
    headers:
      Accept:
      - application/json
      Accept-Encoding:
      - gzip, deflate
      CommandName:
      - automation software-update-configuration show
      Connection:
      - keep-alive
      ParameterSetName:
      - -n -g --automation-account-name -n
      User-Agent:
      - AZURECLI/2.41.0 azsdk-python-mgmt-automation/1.1.0b2 Python/3.10.5 (Windows-10-10.0.22621-SP0)
    method: GET
    uri: https://management.azure.com/subscriptions/00000000-0000-0000-0000-000000000000/resourceGroups/cli_test_automation_software_update_configuration000001/providers/Microsoft.Automation/automationAccounts/account-000002/softwareUpdateConfigurations/conf-000003?api-version=2019-06-01
  response:
    body:
      string: '{"id":"/subscriptions/00000000-0000-0000-0000-000000000000/resourceGroups/cli_test_automation_software_update_configuration000001/providers/Microsoft.Automation/automationAccounts/account-000002/softwareUpdateConfigurations/conf-000003","name":"conf-000003","type":null,"properties":{"updateConfiguration":{"operatingSystem":"Windows","windows":{"includedUpdateClassifications":"Critical","excludedKbNumbers":["16800","16800"],"includedKbNumbers":["15000","15000"],"rebootSetting":"IfRequired"},"linux":null,"targets":{"azureQueries":[{"scope":["/subscriptions/00000000-0000-0000-0000-000000000000"],"tagSettings":{"tags":{"tag":["tag1","tag2"]},"filterOperator":0},"locations":["eastus","westus"]}],"nonAzureQueries":null},"duration":"PT2H","azureVirtualMachines":["/subscriptions/00000000-0000-0000-0000-000000000000/resourceGroups/cli_test_automation_software_update_configuration000001/providers/Microsoft.Compute/virtualMachines/vm-000004"],"nonAzureComputerNames":["nonvm1","nonvm2"]},"scheduleInfo":{"description":"test","startTime":"2022-10-23T12:30:00+08:00","startTimeOffsetMinutes":480.0,"expiryTime":"2022-10-30T12:30:00+08:00","expiryTimeOffsetMinutes":480.0,"isEnabled":true,"nextRun":"2022-10-23T12:30:00+08:00","nextRunOffsetMinutes":480.0,"interval":1,"frequency":"Hour","creationTime":"2022-10-18T08:14:38.47+00:00","lastModifiedTime":"2022-10-18T08:14:38.47+00:00","timeZone":"UTC+08:00","advancedSchedule":null},"provisioningState":"Provisioning","createdBy":"{scrubbed}","error":null,"tasks":null,"creationTime":"2022-10-18T08:14:38.53+00:00","lastModifiedBy":null,"lastModifiedTime":"2022-10-18T08:14:38.53+00:00"}}'
    headers:
      cache-control:
      - no-cache
      content-length:
      - '1637'
      content-type:
      - application/json; charset=utf-8
      date:
      - Tue, 18 Oct 2022 08:14:44 GMT
      expires:
      - '-1'
      pragma:
      - no-cache
      server:
      - Microsoft-HTTPAPI/2.0
      strict-transport-security:
      - max-age=31536000; includeSubDomains
      transfer-encoding:
      - chunked
      vary:
      - Accept-Encoding
      x-content-type-options:
      - nosniff
    status:
      code: 200
      message: OK
- request:
    body: null
    headers:
      Accept:
      - application/json
      Accept-Encoding:
      - gzip, deflate
      CommandName:
      - automation software-update-configuration runs list
      Connection:
      - keep-alive
      ParameterSetName:
      - -g --automation-account-name
      User-Agent:
      - AZURECLI/2.41.0 azsdk-python-mgmt-automation/1.1.0b2 Python/3.10.5 (Windows-10-10.0.22621-SP0)
    method: GET
    uri: https://management.azure.com/subscriptions/00000000-0000-0000-0000-000000000000/resourceGroups/cli_test_automation_software_update_configuration000001/providers/Microsoft.Automation/automationAccounts/account-000002/softwareUpdateConfigurationRuns?api-version=2019-06-01
  response:
    body:
      string: '{"value":[]}'
    headers:
      cache-control:
      - no-cache
      content-length:
      - '12'
      content-type:
      - application/json; charset=utf-8
      date:
      - Tue, 18 Oct 2022 08:14:46 GMT
      expires:
      - '-1'
      pragma:
      - no-cache
      server:
      - Microsoft-HTTPAPI/2.0
      strict-transport-security:
      - max-age=31536000; includeSubDomains
      transfer-encoding:
      - chunked
      vary:
      - Accept-Encoding
      x-content-type-options:
      - nosniff
    status:
      code: 200
      message: OK
- request:
    body: null
    headers:
      Accept:
      - application/json
      Accept-Encoding:
      - gzip, deflate
      CommandName:
      - automation software-update-configuration machine-runs list
      Connection:
      - keep-alive
      ParameterSetName:
      - -g --automation-account-name
      User-Agent:
      - AZURECLI/2.41.0 azsdk-python-mgmt-automation/1.1.0b2 Python/3.10.5 (Windows-10-10.0.22621-SP0)
    method: GET
    uri: https://management.azure.com/subscriptions/00000000-0000-0000-0000-000000000000/resourceGroups/cli_test_automation_software_update_configuration000001/providers/Microsoft.Automation/automationAccounts/account-000002/softwareUpdateConfigurationMachineRuns?api-version=2019-06-01
  response:
    body:
      string: '{"value":[]}'
    headers:
      cache-control:
      - no-cache
      content-length:
      - '12'
      content-type:
      - application/json; charset=utf-8
      date:
      - Tue, 18 Oct 2022 08:14:49 GMT
      expires:
      - '-1'
      pragma:
      - no-cache
      server:
      - Microsoft-HTTPAPI/2.0
      strict-transport-security:
      - max-age=31536000; includeSubDomains
      transfer-encoding:
      - chunked
      vary:
      - Accept-Encoding
      x-content-type-options:
      - nosniff
    status:
      code: 200
      message: OK
- request:
    body: null
    headers:
      Accept:
      - application/json
      Accept-Encoding:
      - gzip, deflate
      CommandName:
      - automation software-update-configuration delete
      Connection:
      - keep-alive
      Content-Length:
      - '0'
      ParameterSetName:
      - -n -g --automation-account-name -y
      User-Agent:
      - AZURECLI/2.41.0 azsdk-python-mgmt-automation/1.1.0b2 Python/3.10.5 (Windows-10-10.0.22621-SP0)
    method: DELETE
    uri: https://management.azure.com/subscriptions/00000000-0000-0000-0000-000000000000/resourceGroups/cli_test_automation_software_update_configuration000001/providers/Microsoft.Automation/automationAccounts/account-000002/softwareUpdateConfigurations/conf-000003?api-version=2019-06-01
  response:
    body:
      string: ''
    headers:
      cache-control:
      - no-cache
      content-length:
      - '0'
      date:
      - Tue, 18 Oct 2022 08:14:55 GMT
      expires:
      - '-1'
      pragma:
      - no-cache
      server:
      - Microsoft-HTTPAPI/2.0
      strict-transport-security:
      - max-age=31536000; includeSubDomains
      x-content-type-options:
      - nosniff
      x-ms-ratelimit-remaining-subscription-resource-requests:
      - '99'
    status:
      code: 200
      message: OK
version: 1
