interactions:
- request:
    body: null
    headers:
      Accept:
      - application/json
      Accept-Encoding:
      - gzip, deflate
      Connection:
      - keep-alive
      Content-Type:
      - application/json
      User-Agent:
      - azsdk-python-mgmt-azurearcdata/1.1.02586.818 Python/3.10.11 (Windows-10-10.0.22621-SP0)
      x-ms-client-request-id:
      - 9fcffb78-c77f-11ee-a149-d8bbc1c51c4b
    method: GET
    uri: https://mock-host/subscriptions/a5082b19-8a6e-4bc5-8fdd-8ef39dfebc39/resourceGroups/lawynn-dotnet8Upgrade/providers/Microsoft.AzureArcData/sqlServerInstances/LAPTOP-OIUS4TO4?api-version=2024-03-01-preview
  response:
    body:
      string: '{"id":"/subscriptions/a5082b19-8a6e-4bc5-8fdd-8ef39dfebc39/resourceGroups/lawynn-dotnet8Upgrade/providers/Microsoft.AzureArcData/sqlServerInstances/LAPTOP-OIUS4TO4","name":"LAPTOP-OIUS4TO4","type":"microsoft.azurearcdata/sqlserverinstances","location":"eastus2euap","systemData":{"createdBy":"a12e8ccb-0fcd-46f8-b6a1-b9df7a9d7231","createdByType":"Application","createdAt":"2023-12-07T20:57:32.5401341Z","lastModifiedBy":"aagonzalez@microsoft.com","lastModifiedByType":"User","lastModifiedAt":"2024-02-09T19:07:07.585729Z"},"properties":{"version":"SQL
        Server 2022","edition":"Developer","containerResourceId":"/subscriptions/a5082b19-8a6e-4bc5-8fdd-8ef39dfebc39/resourcegroups/lawynn-dotnet8Upgrade/providers/Microsoft.HybridCompute/machines/LAPTOP-OIUS4TO4","createTime":null,"vCore":"12","cores":null,"status":"Connected","patchLevel":"16.0.1110.1","collation":"SQL_Latin1_General_CP1_CI_AS","currentVersion":"16.0.1000.6","instanceName":"MSSQLSERVER","tcpDynamicPorts":"","tcpStaticPorts":"1433","productId":"Unknown","licenseType":"Free","azureDefenderStatusLastUpdated":null,"azureDefenderStatus":"Unknown","provisioningState":"Succeeded","lastInventoryUploadTime":"2024-02-09T18:53:29.8649486Z","lastUsageUploadTime":"2024-02-09T16:16:09.7522786Z","hostType":null,"alwaysOnRole":"None","failoverCluster":null,"backupPolicy":null,"upgradeLockedUntil":null,"monitoring":{"enabled":true},"migration":{"assessment":{"enabled":true}}}}'
    headers:
      Cache-Control:
      - no-cache
      Content-Length:
      - '1437'
      Content-Type:
      - application/json; charset=utf-8
      Date:
      - Fri, 09 Feb 2024 19:15:45 GMT
      ETag:
      - '"03002919-0000-3400-0000-65c677e90000"'
      Expires:
      - '-1'
      Pragma:
      - no-cache
      Strict-Transport-Security:
      - max-age=31536000; includeSubDomains
      X-Cache:
      - CONFIG_NOCACHE
      X-Content-Type-Options:
      - nosniff
      X-MSEdge-Ref:
      - 'Ref A: 2BE58781C5A143AF94D5B9694926C78E Ref B: BN1AA2051014029 Ref C: 2024-02-09T19:15:45Z'
      x-ms-correlation-request-id:
      - 5e9d2961-bf1f-4c7d-9698-eb6e3541ec35
      x-ms-providerhub-traffic:
      - 'True'
      x-ms-ratelimit-remaining-subscription-resource-requests:
      - '99999'
      x-ms-request-id:
      - 1d0ba4d2-78c7-4acc-9902-02553b6683c4
      x-ms-routing-request-id:
      - EASTUS:20240209T191545Z:5e9d2961-bf1f-4c7d-9698-eb6e3541ec35
    status:
      code: 200
      message: OK
- request:
    body: null
    headers:
      Accept:
      - application/json
      Accept-Encoding:
      - gzip, deflate
      Connection:
      - keep-alive
      Content-Type:
      - application/json
      User-Agent:
      - azsdk-python-mgmt-azurearcdata/1.1.02586.818 Python/3.10.11 (Windows-10-10.0.22621-SP0)
      x-ms-client-request-id:
      - a00be552-c77f-11ee-9d6a-d8bbc1c51c4b
    method: GET
    uri: https://mock-host/subscriptions/a5082b19-8a6e-4bc5-8fdd-8ef39dfebc39/resourceGroups/lawynn-dotnet8Upgrade/providers/Microsoft.AzureArcData/sqlServerInstances/LAPTOP-OIUS4TO4/databases/MyDatabase?api-version=2024-03-01-preview
  response:
    body:
      string: '{"id":"/subscriptions/a5082b19-8a6e-4bc5-8fdd-8ef39dfebc39/resourceGroups/lawynn-dotnet8Upgrade/providers/Microsoft.AzureArcData/sqlServerInstances/LAPTOP-OIUS4TO4/databases/MyDatabase","name":"MyDatabase","type":"microsoft.azurearcdata/sqlserverinstances/databases","location":"eastus2euap","systemData":{"createdBy":"a12e8ccb-0fcd-46f8-b6a1-b9df7a9d7231","createdByType":"Application","createdAt":"2023-12-07T20:57:41.2876869Z","lastModifiedBy":"aagonzalez@microsoft.com","lastModifiedByType":"User","lastModifiedAt":"2024-02-09T19:14:14.1423606Z"},"properties":{"collationName":"SQL_Latin1_General_CP1_CI_AS","databaseCreationDate":"2023-12-05T22:22:05Z","compatibilityLevel":160,"sizeMB":8.0,"spaceAvailableMB":2.5625,"state":"Online","isReadOnly":false,"recoveryMode":"Full","databaseOptions":{"isAutoCloseOn":false,"isAutoShrinkOn":false,"isAutoCreateStatsOn":true,"isAutoUpdateStatsOn":true,"isRemoteDataArchiveEnabled":null,"isMemoryOptimizationEnabled":true,"isEncrypted":false,"isTrustworthyOn":false},"backupInformation":{"lastFullBackup":"2024-02-02T15:32:32Z","lastLogBackup":"2024-02-07T19:18:43Z"},"backupPolicy":{"retentionPeriodDays":7,"fullBackupDays":7,"differentialBackupHours":24,"transactionLogBackupMinutes":5},"earliestRestoreDate":null,"createMode":null,"sourceDatabaseId":null,"restorePointInTime":null,"provisioningState":"Succeeded","lastDatabaseUploadTime":"2024-02-09T18:53:30.1116243Z"}}'
    headers:
      Cache-Control:
      - no-cache
      Content-Length:
      - '1418'
      Content-Type:
      - application/json; charset=utf-8
      Date:
      - Fri, 09 Feb 2024 19:15:45 GMT
      ETag:
      - '"030066ca-0000-3400-0000-65c679910000"'
      Expires:
      - '-1'
      Pragma:
      - no-cache
      Strict-Transport-Security:
      - max-age=31536000; includeSubDomains
      X-Cache:
      - CONFIG_NOCACHE
      X-Content-Type-Options:
      - nosniff
      X-MSEdge-Ref:
      - 'Ref A: 8E4BCD8FF6A3403C91056CC8D4665ACC Ref B: BN1AA2051014029 Ref C: 2024-02-09T19:15:45Z'
      x-ms-correlation-request-id:
      - a032f658-7642-4d2b-b0f4-3079f1627092
      x-ms-providerhub-traffic:
      - 'True'
      x-ms-ratelimit-remaining-subscription-resource-requests:
      - '199999'
      x-ms-request-id:
      - 76f241eb-cd5c-4678-93d5-ea5e441e5c61
      x-ms-routing-request-id:
      - EASTUS:20240209T191545Z:a032f658-7642-4d2b-b0f4-3079f1627092
    status:
      code: 200
      message: OK
- request:
    body: null
    headers:
      Accept:
      - '*/*'
      Accept-Encoding:
      - gzip, deflate
      Connection:
      - keep-alive
      Content-Type:
      - application/json
      User-Agent:
      - python-requests/2.31.0
    method: GET
    uri: https://mock-host/subscriptions/a5082b19-8a6e-4bc5-8fdd-8ef39dfebc39/resourcegroups/lawynn-dotnet8Upgrade/providers/Microsoft.HybridCompute/machines/LAPTOP-OIUS4TO4/extensions/WindowsAgent.SqlServer?api-version=2023-03-15-preview
  response:
    body:
      string: '{"id":"/subscriptions/a5082b19-8a6e-4bc5-8fdd-8ef39dfebc39/resourceGroups/lawynn-dotnet8Upgrade/providers/Microsoft.HybridCompute/machines/LAPTOP-OIUS4TO4/extensions/WindowsAgent.SqlServer","name":"WindowsAgent.SqlServer","type":"Microsoft.HybridCompute/machines/extensions","location":"eastus2euap","properties":{"publisher":"Microsoft.AzureData","type":"WindowsAgent.SqlServer","typeHandlerVersion":"1.1.2566.109","autoUpgradeMinorVersion":false,"enableAutomaticUpgrade":true,"settings":{"ExcludedSqlInstances":[""],"SqlManagement":{"IsEnabled":true},"LicenseType":"PAYG","enableExtendedSecurityUpdates":false,"esuLastUpdatedTimestamp":"2024-02-02T18:48:37.571Z","cloudprovider":"N/A"},"provisioningState":"Succeeded","instanceView":{"name":"WindowsAgent.SqlServer","type":"WindowsAgent.SqlServer","typeHandlerVersion":"1.1.2566.109","status":{"code":"0","level":"Information","message":"Extension
        Message: SQL Server Extension Agent: Healthy; timestampUTC : 2024/02/09, 19:05:34.980;
        uploadStatus : OK; uploadMessage : Upload succeeded.;;AutomaticBackups: Running;PurviewPlugin:
        {};AzureActiveDirectoryPlugin: {\r\n  \"MSSQLSERVER\": \"\"\r\n};DatabaseMonitorArcPlugin:
        {\"State\":\"Running\",\"MetricsUploadStatus\":\"OK\"}, AutomaticBackups:
        {\"$type\":\"Microsoft.Azure.Hybrid.Sql.Models.AutomaticSqlBackupConfiguration,
        SqlAgent\",\"retentionPeriodInDays\":7,\"profiles\":{\"$type\":\"System.Collections.Generic.List`1[[Microsoft.Azure.Hybrid.Sql.Models.ShortTermRetentionAutomaticSqlBackupProfile,
        SqlAgent]], System.Private.CoreLib\",\"$values\":[{\"$type\":\"Microsoft.Azure.Hybrid.Sql.Models.ShortTermRetentionAutomaticSqlBackupProfile,
        SqlAgent\",\"instanceName\":\"MSSQLSERVER\",\"differentialBackupHours\":12,\"fullBackupDays\":7,\"tLogBackupMinutes\":5,\"retentionPeriodInDays\":0,\"enabled\":false}]}},
        Purview plugin: [], Azure active directory configuration plugin: [], Assessment:
        [], Assessment Status: {\"AssessmentHistory\":[],\"Enabled\":false,\"ErrorMessage\":\"\",\"NextScheduledTime\":null,\"RunStatus\":\"NotRunning\",\"StartTime\":null},
        DatabaseMonitorArcPlugin: {\"$type\":\"Microsoft.SqlServer.Management.SqlServerHandlerData.DatabaseMonitorConfiguration,
        Microsoft.SqlServer.Management.SqlServerHandlerData\",\"endpointUrl\":\"https://telemetry.{0}.arcdataservices.com/\",\"endpointAppId\":\"524058e3-2702-4b98-932b-b2d1de613fd2\"},
        MigrationAssessmentPlugin: {\"$type\":\"Microsoft.SqlServer.Management.SqlServerHandlerData.PublicSettings,
        Microsoft.SqlServer.Management.SqlServerHandlerData\",\"excludedSqlInstances\":{\"$type\":\"System.String[],
        System.Private.CoreLib\",\"$values\":[]},\"azureAD\":{\"$type\":\"Microsoft.SqlServer.Management.SqlServerHandlerData.AADSettings[],
        Microsoft.SqlServer.Management.SqlServerHandlerData\",\"$values\":[]},\"externalPolicyBasedAuthorization\":{\"$type\":\"Microsoft.SqlServer.Management.SqlServerHandlerData.PurviewSettings[],
        Microsoft.SqlServer.Management.SqlServerHandlerData\",\"$values\":[]},\"licenseType\":\"Undefined\",\"enableExtendedSecurityUpdates\":false,\"esuLastUpdatedTimestamp\":\"0001-01-01T00:00:00\"}"}}}}'
    headers:
      Cache-Control:
      - no-cache
      Content-Length:
      - '3103'
      Content-Type:
      - application/json; charset=utf-8
      Date:
      - Fri, 09 Feb 2024 19:15:45 GMT
      Expires:
      - '-1'
      Pragma:
      - no-cache
      Strict-Transport-Security:
      - max-age=31536000; includeSubDomains
      X-Cache:
      - CONFIG_NOCACHE
      X-Content-Type-Options:
      - nosniff
      X-MSEdge-Ref:
      - 'Ref A: 38FBD1AB73CE4509BCBB879F23B2A5EB Ref B: BN1AA2051013009 Ref C: 2024-02-09T19:15:45Z'
      x-ms-correlation-request-id:
      - 10deac2e-fec4-422e-bfbe-c6763eaa2841
      x-ms-ratelimit-remaining-subscription-reads:
      - '11998'
      x-ms-request-id:
      - 264897f9-2095-45e7-8c43-14d01966a8a0
      x-ms-routing-request-id:
      - EASTUS2:20240209T191546Z:10deac2e-fec4-422e-bfbe-c6763eaa2841
    status:
      code: 200
      message: OK
- request:
    body: '{"location": "eastus2euap", "properties": {"collationName": "SQL_Latin1_General_CP1_CI_AS",
      "databaseCreationDate": "2023-12-05T22:22:05.000Z", "compatibilityLevel": 160,
      "sizeMB": 8.0, "spaceAvailableMB": 2.5625, "state": "Online", "isReadOnly":
      false, "recoveryMode": "Full", "databaseOptions": {"isAutoCloseOn": false, "isAutoShrinkOn":
      false, "isAutoCreateStatsOn": true, "isAutoUpdateStatsOn": true, "isMemoryOptimizationEnabled":
      true, "isEncrypted": false, "isTrustworthyOn": false}, "backupInformation":
      {"lastFullBackup": "2024-02-02T15:32:32.000Z", "lastLogBackup": "2024-02-07T19:18:43.000Z"},
      "backupPolicy": {"retentionPeriodDays": 7, "fullBackupDays": 7, "differentialBackupHours":
      24, "transactionLogBackupMinutes": 5}}}'
    headers:
      Accept:
      - application/json
      Accept-Encoding:
      - gzip, deflate
      Connection:
      - keep-alive
      Content-Length:
      - '735'
      Content-Type:
      - application/json
      User-Agent:
      - azsdk-python-mgmt-azurearcdata/1.1.02586.818 Python/3.10.11 (Windows-10-10.0.22621-SP0)
      x-ms-client-request-id:
      - a0964973-c77f-11ee-94f1-d8bbc1c51c4b
    method: PUT
    uri: https://mock-host/subscriptions/a5082b19-8a6e-4bc5-8fdd-8ef39dfebc39/resourceGroups/lawynn-dotnet8Upgrade/providers/Microsoft.AzureArcData/sqlServerInstances/LAPTOP-OIUS4TO4/databases/MyDatabase?api-version=2024-03-01-preview
  response:
    body:
      string: '{"id":"/subscriptions/a5082b19-8a6e-4bc5-8fdd-8ef39dfebc39/resourceGroups/lawynn-dotnet8Upgrade/providers/Microsoft.AzureArcData/sqlServerInstances/LAPTOP-OIUS4TO4/databases/MyDatabase","name":"MyDatabase","type":"microsoft.azurearcdata/sqlserverinstances/databases","location":"eastus2euap","systemData":{"createdBy":"a12e8ccb-0fcd-46f8-b6a1-b9df7a9d7231","createdByType":"Application","createdAt":"2023-12-07T20:57:41.2876869Z","lastModifiedBy":"aagonzalez@microsoft.com","lastModifiedByType":"User","lastModifiedAt":"2024-02-09T19:15:46.6484239Z"},"properties":{"collationName":"SQL_Latin1_General_CP1_CI_AS","databaseCreationDate":"2023-12-05T22:22:05Z","compatibilityLevel":160,"sizeMB":8.0,"spaceAvailableMB":2.5625,"state":"Online","isReadOnly":false,"recoveryMode":"Full","databaseOptions":{"isAutoCloseOn":false,"isAutoShrinkOn":false,"isAutoCreateStatsOn":true,"isAutoUpdateStatsOn":true,"isRemoteDataArchiveEnabled":null,"isMemoryOptimizationEnabled":true,"isEncrypted":false,"isTrustworthyOn":false},"backupInformation":{"lastFullBackup":"2024-02-02T15:32:32Z","lastLogBackup":"2024-02-07T19:18:43Z"},"backupPolicy":{"retentionPeriodDays":7,"fullBackupDays":7,"differentialBackupHours":24,"transactionLogBackupMinutes":5},"earliestRestoreDate":null,"createMode":null,"sourceDatabaseId":null,"restorePointInTime":null,"provisioningState":"Accepted","lastDatabaseUploadTime":"2024-02-09T18:53:30.1116243Z"}}'
    headers:
      Azure-AsyncOperation:
      - https://management.azure.com/providers/Microsoft.AzureArcData/locations/EASTUS2EUAP/operationStatuses/f852f962-f1f5-4f0f-be34-866406f421ac*F0E175F1E43A3730A533071506AB4D84C3B2B569C675BAABF65F897CAE9D671E?api-version=2024-02-01-preview&t=638431029476484458&c=MIIHADCCBeigAwIBAgITfARlFdSUZK8kechtYQAABGUV1DANBgkqhkiG9w0BAQsFADBEMRMwEQYKCZImiZPyLGQBGRYDR0JMMRMwEQYKCZImiZPyLGQBGRYDQU1FMRgwFgYDVQQDEw9BTUUgSW5mcmEgQ0EgMDUwHhcNMjQwMTMwMjA1NjEzWhcNMjUwMTI0MjA1NjEzWjBAMT4wPAYDVQQDEzVhc3luY29wZXJhdGlvbnNpZ25pbmdjZXJ0aWZpY2F0ZS5tYW5hZ2VtZW50LmF6dXJlLmNvbTCCASIwDQYJKoZIhvcNAQEBBQADggEPADCCAQoCggEBALYMYYup1R1RZPIwVtk7z89JkrsDK8coPmULAovQOy3jgtdJ-z5oyCO28-zQ4LRHmuyeq1ROWdQR5e828FYihyBqnnQQea3EcS6CFfXpYes-7NPXy73E_P3goJLJU7bfuZ4iDPGZxXIIjo6_Uex0eX_AuBJeq8ZFcmNy3x0loDHkDww9lMprf49PmIZJEAshTnLBtfT3BC7JAuTTl2duIcC6YRT8vITdFw1HxFqywnOqD35zttD8vp0XowEP4ksBLfhJWduspxICp4Yu2ouSlh-T4GmsjQaTjrzZpw29eEj3gUyzTfkDY-WEGsEujkl9a9FCX1_AvT-9Eqmd7uYqV6kCAwEAAaOCA-0wggPpMCcGCSsGAQQBgjcVCgQaMBgwCgYIKwYBBQUHAwEwCgYIKwYBBQUHAwIwPQYJKwYBBAGCNxUHBDAwLgYmKwYBBAGCNxUIhpDjDYTVtHiE8Ys-hZvdFs6dEoFggvX2K4Py0SACAWQCAQowggHLBggrBgEFBQcBAQSCAb0wggG5MGMGCCsGAQUFBzAChldodHRwOi8vY3JsLm1pY3Jvc29mdC5jb20vcGtpaW5mcmEvQ2VydHMvQ08xUEtJSU5UQ0EwMS5BTUUuR0JMX0FNRSUyMEluZnJhJTIwQ0ElMjAwNS5jcnQwUwYIKwYBBQUHMAKGR2h0dHA6Ly9jcmwxLmFtZS5nYmwvYWlhL0NPMVBLSUlOVENBMDEuQU1FLkdCTF9BTUUlMjBJbmZyYSUyMENBJTIwMDUuY3J0MFMGCCsGAQUFBzAChkdodHRwOi8vY3JsMi5hbWUuZ2JsL2FpYS9DTzFQS0lJTlRDQTAxLkFNRS5HQkxfQU1FJTIwSW5mcmElMjBDQSUyMDA1LmNydDBTBggrBgEFBQcwAoZHaHR0cDovL2NybDMuYW1lLmdibC9haWEvQ08xUEtJSU5UQ0EwMS5BTUUuR0JMX0FNRSUyMEluZnJhJTIwQ0ElMjAwNS5jcnQwUwYIKwYBBQUHMAKGR2h0dHA6Ly9jcmw0LmFtZS5nYmwvYWlhL0NPMVBLSUlOVENBMDEuQU1FLkdCTF9BTUUlMjBJbmZyYSUyMENBJTIwMDUuY3J0MB0GA1UdDgQWBBTDXVhSVDy9FvMjLTrSyU7UjKUXqzAOBgNVHQ8BAf8EBAMCBaAwggEmBgNVHR8EggEdMIIBGTCCARWgggERoIIBDYY_aHR0cDovL2NybC5taWNyb3NvZnQuY29tL3BraWluZnJhL0NSTC9BTUUlMjBJbmZyYSUyMENBJTIwMDUuY3JshjFodHRwOi8vY3JsMS5hbWUuZ2JsL2NybC9BTUUlMjBJbmZyYSUyMENBJTIwMDUuY3JshjFodHRwOi8vY3JsMi5hbWUuZ2JsL2NybC9BTUUlMjBJbmZyYSUyMENBJTIwMDUuY3JshjFodHRwOi8vY3JsMy5hbWUuZ2JsL2NybC9BTUUlMjBJbmZyYSUyMENBJTIwMDUuY3JshjFodHRwOi8vY3JsNC5hbWUuZ2JsL2NybC9BTUUlMjBJbmZyYSUyMENBJTIwMDUuY3JsMBcGA1UdIAQQMA4wDAYKKwYBBAGCN3sBATAfBgNVHSMEGDAWgBR61hmFKHlscXYeYPjzS--iBUIWHTAdBgNVHSUEFjAUBggrBgEFBQcDAQYIKwYBBQUHAwIwDQYJKoZIhvcNAQELBQADggEBAHyzMCBJbTmiP_gOh98fZltsl9jQdlB-g_OYCr82viu1SgLxte7Za3Vtb3XRCTquz_JfY_4eQJpUy0p6F37f0oaTQkBvUF7HDDvkm49rmKF4nDFjPGNEqm53KbVEak46WTgD9fGZLQH1XouZGRe0LxQVIWm-K-MYMbrDWF_njKsIaV5Z4VxgFVaX5SlzHvr6coDX5oXwwksEsw8E8g0LfZCpfT5mCwgDPrDv2Ekk26koWUYlmJWgkky22R538qwuJmE6F33YwWStmUGfZfFDyjek8Rd_KyuEuC9IZfk4TTmVjyJmKPi5GhIJGwiATMpLJwt5jD_Hkgbq6vMwud4ZbIE&s=VGgU54t-Oiea_XyD_nKY68snT9UkY41ikxObd0O2t1aSiSo0REG8SsMShb14WO2B91eBpx1Xhcx61DQxqo4YBwkqIBTUPR6ZKRa4qpSg-nLIQU5jgTuT5KpsgpKfvU0687wJfGx_n-s80qWn0CF64jyJX91YMtW9IlyhfBuCJEz6UJ5sNWIrAhtfu6leNECzesd3ZGfy8sLny_9lfID7WGdGceDfqZHuvm_JjCCOcdrw7e3m946MycrzWO4JYEsrQKL1ezFdEkYWoc40lXdBa4EMgTN_mj73n_H2Sdka2_QM4E7BhfFPRt6OmrL57QO0Avl9y011fa0jk80fNynehw&h=fqWDD2-n3eE11FvIxCpUd6eWS9Nn1o6emd2ZbSQOmlM
      Cache-Control:
      - no-cache
      Content-Length:
      - '1417'
      Content-Type:
      - application/json; charset=utf-8
      Date:
      - Fri, 09 Feb 2024 19:15:47 GMT
      ETag:
      - '"030068cb-0000-3400-0000-65c679e30000"'
      Expires:
      - '-1'
      Pragma:
      - no-cache
      Set-Cookie:
      - ARRAffinity=766c5affa0c5fdaf613caffb8d67cfec97b2147d28b8ee85da8124fa61b8fb2e;Path=/;HttpOnly;Secure;Domain=azurearcdata-tmprofile-eastus2euap.trafficmanager.net
      - ARRAffinitySameSite=766c5affa0c5fdaf613caffb8d67cfec97b2147d28b8ee85da8124fa61b8fb2e;Path=/;HttpOnly;SameSite=None;Secure;Domain=azurearcdata-tmprofile-eastus2euap.trafficmanager.net
      Strict-Transport-Security:
      - max-age=31536000; includeSubDomains
      X-Cache:
      - CONFIG_NOCACHE
      X-Content-Type-Options:
      - nosniff
      X-MSEdge-Ref:
      - 'Ref A: AD7B02C2857E4697A7A8914FD18B7E18 Ref B: BN1AA2051014029 Ref C: 2024-02-09T19:15:46Z'
      X-Powered-By:
      - ASP.NET
      x-ms-correlation-request-id:
      - 52e99653-ccfc-4a9a-9205-897758eab57a
      x-ms-providerhub-traffic:
      - 'True'
      x-ms-ratelimit-remaining-subscription-resource-requests:
      - '19999'
      x-ms-request-id:
      - f852f962-f1f5-4f0f-be34-866406f421ac
      x-ms-routing-request-id:
      - EASTUS:20240209T191547Z:52e99653-ccfc-4a9a-9205-897758eab57a
    status:
      code: 201
      message: Created
version: 1
