interactions:
- request:
    body: null
    headers:
      Accept:
      - application/json
      Accept-Encoding:
      - gzip, deflate
      Connection:
      - keep-alive
      Content-Type:
      - application/json
      User-Agent:
      - azsdk-python-mgmt-azurearcdata/1.1.02586.818 Python/3.10.11 (Windows-10-10.0.22621-SP0)
      x-ms-client-request-id:
      - b9dc813a-c790-11ee-9d2d-d8bbc1c51c4b
    method: GET
    uri: https://mock-host/subscriptions/a5082b19-8a6e-4bc5-8fdd-8ef39dfebc39/resourceGroups/lawynn-dotnet8Upgrade/providers/Microsoft.AzureArcData/sqlServerInstances/LAPTOP-OIUS4TO4?api-version=2024-03-01-preview
  response:
    body:
      string: '{"id":"/subscriptions/a5082b19-8a6e-4bc5-8fdd-8ef39dfebc39/resourceGroups/lawynn-dotnet8Upgrade/providers/Microsoft.AzureArcData/sqlServerInstances/LAPTOP-OIUS4TO4","name":"LAPTOP-OIUS4TO4","type":"microsoft.azurearcdata/sqlserverinstances","location":"eastus2euap","systemData":{"createdBy":"a12e8ccb-0fcd-46f8-b6a1-b9df7a9d7231","createdByType":"Application","createdAt":"2023-12-07T20:57:32.5401341Z","lastModifiedBy":"a12e8ccb-0fcd-46f8-b6a1-b9df7a9d7231","lastModifiedByType":"Application","lastModifiedAt":"2024-02-09T21:18:05.7451321Z"},"properties":{"version":"SQL
        Server 2022","edition":"Developer","containerResourceId":"/subscriptions/a5082b19-8a6e-4bc5-8fdd-8ef39dfebc39/resourcegroups/lawynn-dotnet8Upgrade/providers/Microsoft.HybridCompute/machines/LAPTOP-OIUS4TO4","createTime":null,"vCore":"12","cores":null,"status":"Connected","patchLevel":"16.0.1110.1","collation":"SQL_Latin1_General_CP1_CI_AS","currentVersion":"16.0.1000.6","instanceName":"MSSQLSERVER","tcpDynamicPorts":"","tcpStaticPorts":"1433","productId":"Unknown","licenseType":"Free","azureDefenderStatusLastUpdated":null,"azureDefenderStatus":"Unknown","provisioningState":"Succeeded","lastInventoryUploadTime":"2024-02-09T21:18:02.5566287Z","lastUsageUploadTime":"2024-02-09T21:00:26.9603356Z","hostType":null,"alwaysOnRole":"None","failoverCluster":null,"backupPolicy":null,"upgradeLockedUntil":null,"monitoring":{"enabled":true},"migration":{"assessment":{"enabled":true}}}}'
    headers:
      Cache-Control:
      - no-cache
      Content-Length:
      - '1457'
      Content-Type:
      - application/json; charset=utf-8
      Date:
      - Fri, 09 Feb 2024 21:18:10 GMT
      ETag:
      - '"0300c566-0000-3400-0000-65c6968e0000"'
      Expires:
      - '-1'
      Pragma:
      - no-cache
      Strict-Transport-Security:
      - max-age=31536000; includeSubDomains
      X-Cache:
      - CONFIG_NOCACHE
      X-Content-Type-Options:
      - nosniff
      X-MSEdge-Ref:
      - 'Ref A: E5314E4CB63B47029630CAD8575CF7F1 Ref B: BN1AA2051013045 Ref C: 2024-02-09T21:18:10Z'
      x-ms-correlation-request-id:
      - f2ef15df-3cb9-4966-bc13-107ad31436a5
      x-ms-providerhub-traffic:
      - 'True'
      x-ms-ratelimit-remaining-subscription-resource-requests:
      - '99999'
      x-ms-request-id:
      - 7a20bacd-ac2f-453d-9495-a584145ef95d
      x-ms-routing-request-id:
      - NORTHCENTRALUS:20240209T211810Z:f2ef15df-3cb9-4966-bc13-107ad31436a5
    status:
      code: 200
      message: OK
- request:
    body: null
    headers:
      Accept:
      - '*/*'
      Accept-Encoding:
      - gzip, deflate
      Connection:
      - keep-alive
      Content-Type:
      - application/json
      User-Agent:
      - python-requests/2.31.0
    method: GET
    uri: https://mock-host/subscriptions/a5082b19-8a6e-4bc5-8fdd-8ef39dfebc39/resourcegroups/lawynn-dotnet8Upgrade/providers/Microsoft.HybridCompute/machines/LAPTOP-OIUS4TO4/extensions/WindowsAgent.SqlServer?api-version=2023-03-15-preview
  response:
    body:
      string: '{"id":"/subscriptions/a5082b19-8a6e-4bc5-8fdd-8ef39dfebc39/resourceGroups/lawynn-dotnet8Upgrade/providers/Microsoft.HybridCompute/machines/LAPTOP-OIUS4TO4/extensions/WindowsAgent.SqlServer","name":"WindowsAgent.SqlServer","type":"Microsoft.HybridCompute/machines/extensions","location":"eastus2euap","properties":{"publisher":"Microsoft.AzureData","type":"WindowsAgent.SqlServer","typeHandlerVersion":"1.1.2566.109","autoUpgradeMinorVersion":false,"enableAutomaticUpgrade":true,"settings":{"ExcludedSqlInstances":[""],"SqlManagement":{"IsEnabled":true},"LicenseType":"Paid","enableExtendedSecurityUpdates":false,"esuLastUpdatedTimestamp":"2024-02-02T18:48:37.571Z","cloudprovider":"N/A"},"provisioningState":"Succeeded","instanceView":{"name":"WindowsAgent.SqlServer","type":"WindowsAgent.SqlServer","typeHandlerVersion":"1.1.2566.109","status":{"code":"0","level":"Information","message":"Extension
        Message: SQL Server Extension Agent: Healthy; timestampUTC : 2024/02/09, 21:05:36.937;
        uploadStatus : OK; uploadMessage : Upload succeeded.;;AutomaticBackups: Running;PurviewPlugin:
        {};AzureActiveDirectoryPlugin: {\r\n  \"MSSQLSERVER\": \"\"\r\n};DatabaseMonitorArcPlugin:
        {\"State\":\"Running\",\"MetricsUploadStatus\":\"OK\"}, AutomaticBackups:
        {\"$type\":\"Microsoft.Azure.Hybrid.Sql.Models.AutomaticSqlBackupConfiguration,
        SqlAgent\",\"retentionPeriodInDays\":7,\"profiles\":{\"$type\":\"System.Collections.Generic.List`1[[Microsoft.Azure.Hybrid.Sql.Models.ShortTermRetentionAutomaticSqlBackupProfile,
        SqlAgent]], System.Private.CoreLib\",\"$values\":[{\"$type\":\"Microsoft.Azure.Hybrid.Sql.Models.ShortTermRetentionAutomaticSqlBackupProfile,
        SqlAgent\",\"instanceName\":\"LAPTOP-OIUS4TO4\",\"databaseName\":\"MyDatabase\",\"differentialBackupHours\":12,\"fullBackupDays\":7,\"tLogBackupMinutes\":5,\"retentionPeriodInDays\":7,\"enabled\":true}]}},
        Purview plugin: [], Azure active directory configuration plugin: [], Assessment:
        [], Assessment Status: {\"AssessmentHistory\":[],\"Enabled\":false,\"ErrorMessage\":\"\",\"NextScheduledTime\":null,\"RunStatus\":\"NotRunning\",\"StartTime\":null},
        DatabaseMonitorArcPlugin: {\"$type\":\"Microsoft.SqlServer.Management.SqlServerHandlerData.DatabaseMonitorConfiguration,
        Microsoft.SqlServer.Management.SqlServerHandlerData\",\"endpointUrl\":\"https://telemetry.{0}.arcdataservices.com/\",\"endpointAppId\":\"524058e3-2702-4b98-932b-b2d1de613fd2\"},
        MigrationAssessmentPlugin: {\"$type\":\"Microsoft.SqlServer.Management.SqlServerHandlerData.PublicSettings,
        Microsoft.SqlServer.Management.SqlServerHandlerData\",\"excludedSqlInstances\":{\"$type\":\"System.String[],
        System.Private.CoreLib\",\"$values\":[]},\"azureAD\":{\"$type\":\"Microsoft.SqlServer.Management.SqlServerHandlerData.AADSettings[],
        Microsoft.SqlServer.Management.SqlServerHandlerData\",\"$values\":[]},\"externalPolicyBasedAuthorization\":{\"$type\":\"Microsoft.SqlServer.Management.SqlServerHandlerData.PurviewSettings[],
        Microsoft.SqlServer.Management.SqlServerHandlerData\",\"$values\":[]},\"licenseType\":\"Undefined\",\"enableExtendedSecurityUpdates\":false,\"esuLastUpdatedTimestamp\":\"0001-01-01T00:00:00\"}"}}}}'
    headers:
      Cache-Control:
      - no-cache
      Content-Length:
      - '3138'
      Content-Type:
      - application/json; charset=utf-8
      Date:
      - Fri, 09 Feb 2024 21:18:11 GMT
      Expires:
      - '-1'
      Pragma:
      - no-cache
      Strict-Transport-Security:
      - max-age=31536000; includeSubDomains
      X-Cache:
      - CONFIG_NOCACHE
      X-Content-Type-Options:
      - nosniff
      X-MSEdge-Ref:
      - 'Ref A: BC6068745D7B46D39AF8E900DB63A749 Ref B: BN1AA2051014019 Ref C: 2024-02-09T21:18:11Z'
      x-ms-correlation-request-id:
      - 83b24091-bd82-4782-ba03-35a2a4d4e50e
      x-ms-ratelimit-remaining-subscription-reads:
      - '11999'
      x-ms-request-id:
      - f2a2dad1-fef0-4c18-a380-a1269abd422f
      x-ms-routing-request-id:
      - NORTHCENTRALUS:20240209T211811Z:83b24091-bd82-4782-ba03-35a2a4d4e50e
    status:
      code: 200
      message: OK
- request:
    body: null
    headers:
      Accept:
      - application/json
      Accept-Encoding:
      - gzip, deflate
      Connection:
      - keep-alive
      Content-Type:
      - application/json
      User-Agent:
      - azsdk-python-mgmt-azurearcdata/1.1.02586.818 Python/3.10.11 (Windows-10-10.0.22621-SP0)
      x-ms-client-request-id:
      - bab05aa7-c790-11ee-92c8-d8bbc1c51c4b
    method: GET
    uri: https://mock-host/subscriptions/a5082b19-8a6e-4bc5-8fdd-8ef39dfebc39/resourceGroups/lawynn-dotnet8Upgrade/providers/Microsoft.AzureArcData/sqlServerInstances/LAPTOP-OIUS4TO4/databases/anOriginalDatabaseName2?api-version=2024-03-01-preview
  response:
    body:
      string: '{"error": {"code": "ResourceNotFound", "message": "The Resource ''Microsoft.AzureArcData/SqlServerInstances/LAPTOP-OIUS4TO4/Databases/anOriginalDatabaseName2''
        under resource group ''lawynn-dotnet8Upgrade'' was not found. For more details
        please go to https://aka.ms/ARMResourceNotFoundFix"}}'
    headers:
      Cache-Control:
      - no-cache
      Content-Length:
      - '284'
      Content-Type:
      - application/json; charset=utf-8
      Date:
      - Fri, 09 Feb 2024 21:18:11 GMT
      Expires:
      - '-1'
      Pragma:
      - no-cache
      Strict-Transport-Security:
      - max-age=31536000; includeSubDomains
      X-Cache:
      - CONFIG_NOCACHE
      X-Content-Type-Options:
      - nosniff
      X-MSEdge-Ref:
      - 'Ref A: AA6C41E93EC04C5C954409074D98A70E Ref B: BN1AA2051013045 Ref C: 2024-02-09T21:18:11Z'
      x-ms-correlation-request-id:
      - 3e95d0b4-3301-46dc-ac50-f334febc37f0
      x-ms-failure-cause:
      - gateway
      x-ms-request-id:
      - 3e95d0b4-3301-46dc-ac50-f334febc37f0
      x-ms-routing-request-id:
      - NORTHCENTRALUS:20240209T211811Z:3e95d0b4-3301-46dc-ac50-f334febc37f0
    status:
      code: 404
      message: Not Found
- request:
    body: null
    headers:
      Accept:
      - application/json
      Accept-Encoding:
      - gzip, deflate
      Connection:
      - keep-alive
      Content-Type:
      - application/json
      User-Agent:
      - azsdk-python-mgmt-azurearcdata/1.1.02586.818 Python/3.10.11 (Windows-10-10.0.22621-SP0)
      x-ms-client-request-id:
      - bad17a39-c790-11ee-a899-d8bbc1c51c4b
    method: GET
    uri: https://mock-host/subscriptions/a5082b19-8a6e-4bc5-8fdd-8ef39dfebc39/resourceGroups/lawynn-dotnet8Upgrade/providers/Microsoft.AzureArcData/sqlServerInstances/LAPTOP-OIUS4TO4/databases/MyDatabase?api-version=2024-03-01-preview
  response:
    body:
      string: '{"id":"/subscriptions/a5082b19-8a6e-4bc5-8fdd-8ef39dfebc39/resourceGroups/lawynn-dotnet8Upgrade/providers/Microsoft.AzureArcData/sqlServerInstances/LAPTOP-OIUS4TO4/databases/MyDatabase","name":"MyDatabase","type":"microsoft.azurearcdata/sqlserverinstances/databases","location":"eastus2euap","systemData":{"createdBy":"a12e8ccb-0fcd-46f8-b6a1-b9df7a9d7231","createdByType":"Application","createdAt":"2023-12-07T20:57:41.2876869Z","lastModifiedBy":"a12e8ccb-0fcd-46f8-b6a1-b9df7a9d7231","lastModifiedByType":"Application","lastModifiedAt":"2024-02-09T21:18:06.5476458Z"},"properties":{"collationName":"SQL_Latin1_General_CP1_CI_AS","databaseCreationDate":"2023-12-05T22:22:05Z","compatibilityLevel":160,"sizeMB":8.0,"spaceAvailableMB":2.5,"state":"Online","isReadOnly":false,"recoveryMode":"Full","databaseOptions":{"isAutoCloseOn":false,"isAutoShrinkOn":false,"isAutoCreateStatsOn":true,"isAutoUpdateStatsOn":true,"isMemoryOptimizationEnabled":true,"isEncrypted":false,"isTrustworthyOn":false},"backupInformation":{"lastFullBackup":"2024-02-02T15:32:32Z","lastLogBackup":"2024-02-07T19:18:43Z"},"backupPolicy":{"retentionPeriodDays":7,"fullBackupDays":7,"differentialBackupHours":12,"transactionLogBackupMinutes":5},"provisioningState":"Succeeded","lastDatabaseUploadTime":"2024-02-09T21:18:02.9493379Z"}}'
    headers:
      Cache-Control:
      - no-cache
      Content-Length:
      - '1305'
      Content-Type:
      - application/json; charset=utf-8
      Date:
      - Fri, 09 Feb 2024 21:18:12 GMT
      ETag:
      - '"0400c527-0000-3400-0000-65c6968e0000"'
      Expires:
      - '-1'
      Pragma:
      - no-cache
      Strict-Transport-Security:
      - max-age=31536000; includeSubDomains
      X-Cache:
      - CONFIG_NOCACHE
      X-Content-Type-Options:
      - nosniff
      X-MSEdge-Ref:
      - 'Ref A: 358A80DB35D9459E904D64391051CD95 Ref B: BN1AA2051013045 Ref C: 2024-02-09T21:18:11Z'
      x-ms-correlation-request-id:
      - 63caaeae-4379-4425-b1e9-8d128eb47f88
      x-ms-providerhub-traffic:
      - 'True'
      x-ms-ratelimit-remaining-subscription-resource-requests:
      - '199999'
      x-ms-request-id:
      - 0cb72324-1e58-47a2-b37d-dcc2d5d8b468
      x-ms-routing-request-id:
      - NORTHCENTRALUS:20240209T211812Z:63caaeae-4379-4425-b1e9-8d128eb47f88
    status:
      code: 200
      message: OK
- request:
    body: '{"location": "eastus2euap", "properties": {"collationName": "SQL_Latin1_General_CP1_CI_AS",
      "compatibilityLevel": 160, "sizeMB": 8.0, "spaceAvailableMB": 2.5, "state":
      "Online", "isReadOnly": false, "recoveryMode": "Full", "databaseOptions": {"isAutoCloseOn":
      false, "isAutoShrinkOn": false, "isAutoCreateStatsOn": true, "isAutoUpdateStatsOn":
      true, "isMemoryOptimizationEnabled": true, "isEncrypted": false, "isTrustworthyOn":
      false}, "backupPolicy": {"retentionPeriodDays": 7, "fullBackupDays": 7, "differentialBackupHours":
      12, "transactionLogBackupMinutes": 5}, "createMode": "restorePointInTime", "sourceDatabaseId":
      "MyDatabase", "restorePointInTime": "2024-02-09T21:11:26.000Z"}}'
    headers:
      Accept:
      - application/json
      Accept-Encoding:
      - gzip, deflate
      Connection:
      - keep-alive
      Content-Length:
      - '686'
      Content-Type:
      - application/json
      User-Agent:
      - azsdk-python-mgmt-azurearcdata/1.1.02586.818 Python/3.10.11 (Windows-10-10.0.22621-SP0)
      x-ms-client-request-id:
      - bb17bbdd-c790-11ee-b357-d8bbc1c51c4b
    method: PUT
    uri: https://mock-host/subscriptions/a5082b19-8a6e-4bc5-8fdd-8ef39dfebc39/resourceGroups/lawynn-dotnet8Upgrade/providers/Microsoft.AzureArcData/sqlServerInstances/LAPTOP-OIUS4TO4/databases/anOriginalDatabaseName2?api-version=2024-03-01-preview
  response:
    body:
      string: '{"id":"/subscriptions/a5082b19-8a6e-4bc5-8fdd-8ef39dfebc39/resourceGroups/lawynn-dotnet8Upgrade/providers/Microsoft.AzureArcData/sqlServerInstances/LAPTOP-OIUS4TO4/databases/anOriginalDatabaseName2","name":"anOriginalDatabaseName2","type":"microsoft.azurearcdata/sqlserverinstances/databases","location":"eastus2euap","systemData":{"createdBy":"aagonzalez@microsoft.com","createdByType":"User","createdAt":"2024-02-09T21:18:13.2096839Z","lastModifiedBy":"aagonzalez@microsoft.com","lastModifiedByType":"User","lastModifiedAt":"2024-02-09T21:18:13.2096839Z"},"properties":{"collationName":"SQL_Latin1_General_CP1_CI_AS","databaseCreationDate":null,"compatibilityLevel":160,"sizeMB":8.0,"spaceAvailableMB":2.5,"state":"Online","isReadOnly":false,"recoveryMode":"Full","databaseOptions":{"isAutoCloseOn":false,"isAutoShrinkOn":false,"isAutoCreateStatsOn":true,"isAutoUpdateStatsOn":true,"isRemoteDataArchiveEnabled":null,"isMemoryOptimizationEnabled":true,"isEncrypted":false,"isTrustworthyOn":false},"backupInformation":null,"backupPolicy":{"retentionPeriodDays":7,"fullBackupDays":7,"differentialBackupHours":12,"transactionLogBackupMinutes":5},"earliestRestoreDate":null,"createMode":"restorePointInTime","sourceDatabaseId":"MyDatabase","restorePointInTime":"2024-02-09T21:11:26Z","provisioningState":"Accepted","lastDatabaseUploadTime":null}}'
    headers:
      Azure-AsyncOperation:
      - https://management.azure.com/providers/Microsoft.AzureArcData/locations/EASTUS2EUAP/operationStatuses/19359f98-f93d-4774-a6ec-9f2dd44beef9*4D322E466C65E5CC87F7987135231AF114A8FD0A76A03D0B4567421EF4C0E91A?api-version=2024-02-01-preview&t=638431102943814870&c=MIIHHjCCBgagAwIBAgITOgKWSTEcBIQCHsI5sQAEApZJMTANBgkqhkiG9w0BAQsFADBEMRMwEQYKCZImiZPyLGQBGRYDR0JMMRMwEQYKCZImiZPyLGQBGRYDQU1FMRgwFgYDVQQDEw9BTUUgSU5GUkEgQ0EgMDEwHhcNMjQwMTMwMTcxMzQ3WhcNMjUwMTI0MTcxMzQ3WjBAMT4wPAYDVQQDEzVhc3luY29wZXJhdGlvbnNpZ25pbmdjZXJ0aWZpY2F0ZS5tYW5hZ2VtZW50LmF6dXJlLmNvbTCCASIwDQYJKoZIhvcNAQEBBQADggEPADCCAQoCggEBAKfKGGbOvD4LAPDfkshHK3sJKXPyc6AeX55uMe8VlhdaGe_9D0A-bqQEJaSr3LEychnUuD2sLuWvyahqSPOCXH0CnDuBFrlYok8KsDKQI8AGG7nvZxYDiM3WUooL4Z2edyIcSJgIRr2Fv7mxLROBrzwSMecTV4lgINXMg_ptVwUd0nwPOcgKcL1FBQtL2G2cb-V1XGnfa9ft_GJi9tImBsgqbjmvZiScDsr59TB0TX_hkrnykdH2DGTJ0MIni2JyvxdKWpdfD6r8gP1CCFmua81KDc4QF38lsvStqTga4k9QoeOe4T1I93b5HXOojrEQqqkfocEpYXisEkaN2hnaICkCAwEAAaOCBAswggQHMCcGCSsGAQQBgjcVCgQaMBgwCgYIKwYBBQUHAwEwCgYIKwYBBQUHAwIwPQYJKwYBBAGCNxUHBDAwLgYmKwYBBAGCNxUIhpDjDYTVtHiE8Ys-hZvdFs6dEoFggvX2K4Py0SACAWQCAQowggHaBggrBgEFBQcBAQSCAcwwggHIMGYGCCsGAQUFBzAChlpodHRwOi8vY3JsLm1pY3Jvc29mdC5jb20vcGtpaW5mcmEvQ2VydHMvQlkyUEtJSU5UQ0EwMS5BTUUuR0JMX0FNRSUyMElORlJBJTIwQ0ElMjAwMSg0KS5jcnQwVgYIKwYBBQUHMAKGSmh0dHA6Ly9jcmwxLmFtZS5nYmwvYWlhL0JZMlBLSUlOVENBMDEuQU1FLkdCTF9BTUUlMjBJTkZSQSUyMENBJTIwMDEoNCkuY3J0MFYGCCsGAQUFBzAChkpodHRwOi8vY3JsMi5hbWUuZ2JsL2FpYS9CWTJQS0lJTlRDQTAxLkFNRS5HQkxfQU1FJTIwSU5GUkElMjBDQSUyMDAxKDQpLmNydDBWBggrBgEFBQcwAoZKaHR0cDovL2NybDMuYW1lLmdibC9haWEvQlkyUEtJSU5UQ0EwMS5BTUUuR0JMX0FNRSUyMElORlJBJTIwQ0ElMjAwMSg0KS5jcnQwVgYIKwYBBQUHMAKGSmh0dHA6Ly9jcmw0LmFtZS5nYmwvYWlhL0JZMlBLSUlOVENBMDEuQU1FLkdCTF9BTUUlMjBJTkZSQSUyMENBJTIwMDEoNCkuY3J0MB0GA1UdDgQWBBQKysUo5XBF7lZioAO7t0cZOsD34jAOBgNVHQ8BAf8EBAMCBaAwggE1BgNVHR8EggEsMIIBKDCCASSgggEgoIIBHIZCaHR0cDovL2NybC5taWNyb3NvZnQuY29tL3BraWluZnJhL0NSTC9BTUUlMjBJTkZSQSUyMENBJTIwMDEoNCkuY3JshjRodHRwOi8vY3JsMS5hbWUuZ2JsL2NybC9BTUUlMjBJTkZSQSUyMENBJTIwMDEoNCkuY3JshjRodHRwOi8vY3JsMi5hbWUuZ2JsL2NybC9BTUUlMjBJTkZSQSUyMENBJTIwMDEoNCkuY3JshjRodHRwOi8vY3JsMy5hbWUuZ2JsL2NybC9BTUUlMjBJTkZSQSUyMENBJTIwMDEoNCkuY3JshjRodHRwOi8vY3JsNC5hbWUuZ2JsL2NybC9BTUUlMjBJTkZSQSUyMENBJTIwMDEoNCkuY3JsMBcGA1UdIAQQMA4wDAYKKwYBBAGCN3sBATAfBgNVHSMEGDAWgBTl2Ztn_PjsurvwwKidileIud8-YzAdBgNVHSUEFjAUBggrBgEFBQcDAQYIKwYBBQUHAwIwDQYJKoZIhvcNAQELBQADggEBABhzezI96uSdJ5d-Z3j1yTekDNM2K0S4Hfl7_qMAis_kA0h7-9wQCsEORTUkWptY_qjImHVf0nCcfW94F6_9m4QVpyhtnz3xaAERQjBC7C-gHJecgORaR9eIQyGDavg0AmtqFVlH-q_HN9ALPvc-j4HESy0HkMoVGnv6AsR0zVStmGt2eoQduTq1nzv1AtAmbtXLmdc6csWHX5YlFIj0A3xUxmiTdBMCJc6G-Dy-3s2UWw9eZm_ZWwOSrvWD94lJ4Q485uJetzogrPi_KiwZy-kiQ0lxLoaSw_TSisHBSdXGa0rVjdBCZFo8_q4WyYLpPfcBeiHuA4GEfoeETEsUI_g&s=DGJnVe8AGmoGtraT77EDPr5mL8ryAtaaKaiQ4TZKVL2vezZRmNMq6qhQ0mqpIJQoV0TzBUst8HBFD9SQqvSwSJ_Uy1uDWpWZ3u6ObZkWKQCWEyRQrHRDp8en5-tI3uaqwPpsH0hRH0r46sUlv5KMT7Bj71o6hMM30OLqDl_xf3GGL7roM4tYteABTb7nEm6J3Fm750wXieA6SuzOV-kYc3XBjTaG84EJLjqo-m8GTXwcojdaWl42EyUpO7jGnZu2zjzLUYLv24DmOFWW4zBTMv-ASKm2txibZ0MYHT3jzy3NKLLyxOVbcfaXmCJ7B3eCyrMDd_da5P6UNq_I9L3-kA&h=Ya8yOkfVnYIv62HGZ_Ho00K8nV8F15OHjI8vHGXi_6A
      Cache-Control:
      - no-cache
      Content-Length:
      - '1343'
      Content-Type:
      - application/json; charset=utf-8
      Date:
      - Fri, 09 Feb 2024 21:18:14 GMT
      ETag:
      - '"0400db27-0000-3400-0000-65c696960000"'
      Expires:
      - '-1'
      Pragma:
      - no-cache
      Set-Cookie:
      - ARRAffinity=766c5affa0c5fdaf613caffb8d67cfec97b2147d28b8ee85da8124fa61b8fb2e;Path=/;HttpOnly;Secure;Domain=azurearcdata-tmprofile-eastus2euap.trafficmanager.net
      - ARRAffinitySameSite=766c5affa0c5fdaf613caffb8d67cfec97b2147d28b8ee85da8124fa61b8fb2e;Path=/;HttpOnly;SameSite=None;Secure;Domain=azurearcdata-tmprofile-eastus2euap.trafficmanager.net
      Strict-Transport-Security:
      - max-age=31536000; includeSubDomains
      X-Cache:
      - CONFIG_NOCACHE
      X-Content-Type-Options:
      - nosniff
      X-MSEdge-Ref:
      - 'Ref A: 6EC7EC0F26A447BDA5E905F468F559E8 Ref B: BN1AA2051013045 Ref C: 2024-02-09T21:18:12Z'
      X-Powered-By:
      - ASP.NET
      x-ms-correlation-request-id:
      - f64d8475-ca27-4fb2-bd59-32b066f1f2d3
      x-ms-providerhub-traffic:
      - 'True'
      x-ms-ratelimit-remaining-subscription-resource-requests:
      - '19999'
      x-ms-request-id:
      - 19359f98-f93d-4774-a6ec-9f2dd44beef9
      x-ms-routing-request-id:
      - NORTHCENTRALUS:20240209T211814Z:f64d8475-ca27-4fb2-bd59-32b066f1f2d3
    status:
      code: 201
      message: Created
- request:
    body: null
    headers:
      Accept:
      - application/json
      Accept-Encoding:
      - gzip, deflate
      Connection:
      - keep-alive
      Content-Type:
      - application/json
      User-Agent:
      - azsdk-python-mgmt-azurearcdata/1.1.02586.818 Python/3.10.11 (Windows-10-10.0.22621-SP0)
      x-ms-client-request-id:
      - bc4fe8bd-c790-11ee-86f1-d8bbc1c51c4b
    method: GET
    uri: https://mock-host/subscriptions/a5082b19-8a6e-4bc5-8fdd-8ef39dfebc39/resourceGroups/lawynn-dotnet8Upgrade/providers/Microsoft.AzureArcData/sqlServerInstances/LAPTOP-OIUS4TO4/databases/anOriginalDatabaseName2?api-version=2024-03-01-preview
  response:
    body:
      string: '{"id":"/subscriptions/a5082b19-8a6e-4bc5-8fdd-8ef39dfebc39/resourceGroups/lawynn-dotnet8Upgrade/providers/Microsoft.AzureArcData/sqlServerInstances/LAPTOP-OIUS4TO4/databases/anOriginalDatabaseName2","name":"anOriginalDatabaseName2","type":"microsoft.azurearcdata/sqlserverinstances/databases","location":"eastus2euap","systemData":{"createdBy":"aagonzalez@microsoft.com","createdByType":"User","createdAt":"2024-02-09T21:18:13.2096839Z","lastModifiedBy":"aagonzalez@microsoft.com","lastModifiedByType":"User","lastModifiedAt":"2024-02-09T21:18:13.2096839Z"},"properties":{"collationName":"SQL_Latin1_General_CP1_CI_AS","databaseCreationDate":null,"compatibilityLevel":160,"sizeMB":8.0,"spaceAvailableMB":2.5,"state":"Online","isReadOnly":false,"recoveryMode":"Full","databaseOptions":{"isAutoCloseOn":false,"isAutoShrinkOn":false,"isAutoCreateStatsOn":true,"isAutoUpdateStatsOn":true,"isRemoteDataArchiveEnabled":null,"isMemoryOptimizationEnabled":true,"isEncrypted":false,"isTrustworthyOn":false},"backupInformation":null,"backupPolicy":{"retentionPeriodDays":7,"fullBackupDays":7,"differentialBackupHours":12,"transactionLogBackupMinutes":5},"earliestRestoreDate":null,"createMode":"restorePointInTime","sourceDatabaseId":"MyDatabase","restorePointInTime":"2024-02-09T21:11:26Z","provisioningState":"Accepted","lastDatabaseUploadTime":null}}'
    headers:
      Cache-Control:
      - no-cache
      Content-Length:
      - '1343'
      Content-Type:
      - application/json; charset=utf-8
      Date:
      - Fri, 09 Feb 2024 21:18:14 GMT
      ETag:
      - '"0400db27-0000-3400-0000-65c696960000"'
      Expires:
      - '-1'
      Pragma:
      - no-cache
      Strict-Transport-Security:
      - max-age=31536000; includeSubDomains
      X-Cache:
      - CONFIG_NOCACHE
      X-Content-Type-Options:
      - nosniff
      X-MSEdge-Ref:
      - 'Ref A: 2A423E50407A456F832E888956EE3CA0 Ref B: BN1AA2051013045 Ref C: 2024-02-09T21:18:14Z'
      x-ms-correlation-request-id:
      - 94248850-db9e-47fd-9c2f-2678844dcbdc
      x-ms-providerhub-traffic:
      - 'True'
      x-ms-ratelimit-remaining-subscription-resource-requests:
      - '199999'
      x-ms-request-id:
      - 6e5f26b9-949e-4665-b2ce-a987bfebea8d
      x-ms-routing-request-id:
      - NORTHCENTRALUS:20240209T211814Z:94248850-db9e-47fd-9c2f-2678844dcbdc
    status:
      code: 200
      message: OK
- request:
    body: null
    headers:
      Accept:
      - application/json
      Accept-Encoding:
      - gzip, deflate
      Connection:
      - keep-alive
      Content-Type:
      - application/json
      User-Agent:
      - azsdk-python-mgmt-azurearcdata/1.1.02586.818 Python/3.10.11 (Windows-10-10.0.22621-SP0)
      x-ms-client-request-id:
      - c031c42b-c790-11ee-8b0f-d8bbc1c51c4b
    method: GET
    uri: https://mock-host/subscriptions/a5082b19-8a6e-4bc5-8fdd-8ef39dfebc39/resourceGroups/lawynn-dotnet8Upgrade/providers/Microsoft.AzureArcData/sqlServerInstances/LAPTOP-OIUS4TO4/databases/anOriginalDatabaseName2?api-version=2024-03-01-preview
  response:
    body:
      string: '{"id":"/subscriptions/a5082b19-8a6e-4bc5-8fdd-8ef39dfebc39/resourceGroups/lawynn-dotnet8Upgrade/providers/Microsoft.AzureArcData/sqlServerInstances/LAPTOP-OIUS4TO4/databases/anOriginalDatabaseName2","name":"anOriginalDatabaseName2","type":"microsoft.azurearcdata/sqlserverinstances/databases","location":"eastus2euap","systemData":{"createdBy":"aagonzalez@microsoft.com","createdByType":"User","createdAt":"2024-02-09T21:18:13.2096839Z","lastModifiedBy":"aagonzalez@microsoft.com","lastModifiedByType":"User","lastModifiedAt":"2024-02-09T21:18:13.2096839Z"},"properties":{"collationName":"SQL_Latin1_General_CP1_CI_AS","databaseCreationDate":null,"compatibilityLevel":160,"sizeMB":8.0,"spaceAvailableMB":2.5,"state":"Online","isReadOnly":false,"recoveryMode":"Full","databaseOptions":{"isAutoCloseOn":false,"isAutoShrinkOn":false,"isAutoCreateStatsOn":true,"isAutoUpdateStatsOn":true,"isRemoteDataArchiveEnabled":null,"isMemoryOptimizationEnabled":true,"isEncrypted":false,"isTrustworthyOn":false},"backupInformation":null,"backupPolicy":{"retentionPeriodDays":7,"fullBackupDays":7,"differentialBackupHours":12,"transactionLogBackupMinutes":5},"earliestRestoreDate":null,"createMode":"restorePointInTime","sourceDatabaseId":"MyDatabase","restorePointInTime":"2024-02-09T21:11:26Z","provisioningState":"ConnectingToAgent","lastDatabaseUploadTime":null}}'
    headers:
      Cache-Control:
      - no-cache
      Content-Length:
      - '1352'
      Content-Type:
      - application/json; charset=utf-8
      Date:
      - Fri, 09 Feb 2024 21:18:21 GMT
      ETag:
      - '"0400e027-0000-3400-0000-65c696970000"'
      Expires:
      - '-1'
      Pragma:
      - no-cache
      Strict-Transport-Security:
      - max-age=31536000; includeSubDomains
      X-Cache:
      - CONFIG_NOCACHE
      X-Content-Type-Options:
      - nosniff
      X-MSEdge-Ref:
      - 'Ref A: 42282159C4EC4C3F964DD59A925429EA Ref B: BN1AA2051013045 Ref C: 2024-02-09T21:18:20Z'
      x-ms-correlation-request-id:
      - fba94c61-cfe1-4753-8bd5-8a3cc656a1e5
      x-ms-providerhub-traffic:
      - 'True'
      x-ms-ratelimit-remaining-subscription-resource-requests:
      - '199998'
      x-ms-request-id:
      - e9845a0e-e0d4-4c9f-a0fd-64ae0487f94e
      x-ms-routing-request-id:
      - NORTHCENTRALUS:20240209T211821Z:fba94c61-cfe1-4753-8bd5-8a3cc656a1e5
    status:
      code: 200
      message: OK
- request:
    body: null
    headers:
      Accept:
      - application/json
      Accept-Encoding:
      - gzip, deflate
      Connection:
      - keep-alive
      Content-Type:
      - application/json
      User-Agent:
      - azsdk-python-mgmt-azurearcdata/1.1.02586.818 Python/3.10.11 (Windows-10-10.0.22621-SP0)
      x-ms-client-request-id:
      - c4564608-c790-11ee-a3bd-d8bbc1c51c4b
    method: GET
    uri: https://mock-host/subscriptions/a5082b19-8a6e-4bc5-8fdd-8ef39dfebc39/resourceGroups/lawynn-dotnet8Upgrade/providers/Microsoft.AzureArcData/sqlServerInstances/LAPTOP-OIUS4TO4/databases/anOriginalDatabaseName2?api-version=2024-03-01-preview
  response:
    body:
      string: '{"id":"/subscriptions/a5082b19-8a6e-4bc5-8fdd-8ef39dfebc39/resourceGroups/lawynn-dotnet8Upgrade/providers/Microsoft.AzureArcData/sqlServerInstances/LAPTOP-OIUS4TO4/databases/anOriginalDatabaseName2","name":"anOriginalDatabaseName2","type":"microsoft.azurearcdata/sqlserverinstances/databases","location":"eastus2euap","systemData":{"createdBy":"aagonzalez@microsoft.com","createdByType":"User","createdAt":"2024-02-09T21:18:13.2096839Z","lastModifiedBy":"aagonzalez@microsoft.com","lastModifiedByType":"User","lastModifiedAt":"2024-02-09T21:18:13.2096839Z"},"properties":{"collationName":"SQL_Latin1_General_CP1_CI_AS","databaseCreationDate":null,"compatibilityLevel":160,"sizeMB":8.0,"spaceAvailableMB":2.5,"state":"Online","isReadOnly":false,"recoveryMode":"Full","databaseOptions":{"isAutoCloseOn":false,"isAutoShrinkOn":false,"isAutoCreateStatsOn":true,"isAutoUpdateStatsOn":true,"isRemoteDataArchiveEnabled":null,"isMemoryOptimizationEnabled":true,"isEncrypted":false,"isTrustworthyOn":false},"backupInformation":null,"backupPolicy":{"retentionPeriodDays":7,"fullBackupDays":7,"differentialBackupHours":12,"transactionLogBackupMinutes":5},"earliestRestoreDate":null,"createMode":"restorePointInTime","sourceDatabaseId":"MyDatabase","restorePointInTime":"2024-02-09T21:11:26Z","provisioningState":"Processing","lastDatabaseUploadTime":null}}'
    headers:
      Cache-Control:
      - no-cache
      Content-Length:
      - '1345'
      Content-Type:
      - application/json; charset=utf-8
      Date:
      - Fri, 09 Feb 2024 21:18:27 GMT
      ETag:
      - '"0400ef27-0000-3400-0000-65c6969e0000"'
      Expires:
      - '-1'
      Pragma:
      - no-cache
      Strict-Transport-Security:
      - max-age=31536000; includeSubDomains
      X-Cache:
      - CONFIG_NOCACHE
      X-Content-Type-Options:
      - nosniff
      X-MSEdge-Ref:
      - 'Ref A: E06486BD668D45BE81BF6C0FB73EAA70 Ref B: BN1AA2051013045 Ref C: 2024-02-09T21:18:27Z'
      x-ms-correlation-request-id:
      - 84e3f18c-4e5a-48b3-9415-1ee679bebf46
      x-ms-providerhub-traffic:
      - 'True'
      x-ms-ratelimit-remaining-subscription-resource-requests:
      - '199998'
      x-ms-request-id:
      - e9bbe7de-202a-47f3-89b1-090cd5f6b627
      x-ms-routing-request-id:
      - NORTHCENTRALUS:20240209T211828Z:84e3f18c-4e5a-48b3-9415-1ee679bebf46
    status:
      code: 200
      message: OK
version: 1
