interactions:
- request:
    body: null
    headers:
      Accept:
      - application/json
      Accept-Encoding:
      - gzip, deflate
      CommandName:
      - ad app create
      Connection:
      - keep-alive
      ParameterSetName:
      - --display-name
      User-Agent:
      - python/3.8.0 (Windows-10-10.0.19041-SP0) msrest/0.6.18 msrest_azure/0.6.3
        azure-graphrbac/0.60.0 Azure-SDK-For-Python AZURECLI/2.12.0
      accept-language:
      - en-US
    method: GET
    uri: https://graph.windows.net/00000000-0000-0000-0000-000000000000/applications?$filter=startswith%28displayName%2C%27cli-app-000003%27%29&api-version=1.6
  response:
    body:
      string: '{"odata.metadata":"https://graph.windows.net/00000000-0000-0000-0000-000000000000/$metadata#directoryObjects","value":[]}'
    headers:
      access-control-allow-origin:
      - '*'
      cache-control:
      - no-cache
      content-length:
      - '121'
      content-type:
      - application/json; odata=minimalmetadata; streaming=true; charset=utf-8
      dataserviceversion:
      - 3.0;
      date:
      - Fri, 18 Sep 2020 08:43:03 GMT
      duration:
      - '2630429'
      expires:
      - '-1'
      ocp-aad-diagnostics-server-name:
      - 4gwQrBtXks5dVi0aRt0zGhLTOtYc/KnLaBj5AQs9ou4=
      ocp-aad-session-key:
      - jP2gbKIeF8jMFB4RM505TX_sUsyMbkPnSebl9fPaywRUbxgguYXPpD7ytz5slp0L-hqJi0DLhWFdM3kACgld6ZEzYi9DYunxv6Nx9cJFMNWrkqJRTrZPiXuqf4oK4SvA.723C6zaMb_rRKJVYELEI2D4mJe8GF6TNUam06Dbi59o
      pragma:
      - no-cache
      request-id:
      - 623a47d8-0208-4bce-93eb-cf08ea1582b1
      strict-transport-security:
      - max-age=31536000; includeSubDomains
      x-aspnet-version:
      - 4.0.30319
      x-ms-dirapi-data-contract-version:
      - '1.6'
      x-ms-resource-unit:
      - '2'
      x-powered-by:
      - ASP.NET
    status:
      code: 200
      message: OK
- request:
    body: '{"availableToOtherTenants": false, "displayName": "cli-app-000003", "identifierUris":
      []}'
    headers:
      Accept:
      - application/json
      Accept-Encoding:
      - gzip, deflate
      CommandName:
      - ad app create
      Connection:
      - keep-alive
      Content-Length:
      - '89'
      Content-Type:
      - application/json; charset=utf-8
      ParameterSetName:
      - --display-name
      User-Agent:
      - python/3.8.0 (Windows-10-10.0.19041-SP0) msrest/0.6.18 msrest_azure/0.6.3
        azure-graphrbac/0.60.0 Azure-SDK-For-Python AZURECLI/2.12.0
      accept-language:
      - en-US
    method: POST
    uri: https://graph.windows.net/00000000-0000-0000-0000-000000000000/applications?api-version=1.6
  response:
    body:
      string: '{"odata.metadata": "https://graph.windows.net/00000000-0000-0000-0000-000000000000/$metadata#directoryObjects/@Element",
        "odata.type": "Microsoft.DirectoryServices.Application", "objectType": "Application",
        "objectId": "9de12a67-ca90-4972-b015-a458c448616b", "deletionTimestamp": null,
        "acceptMappedClaims": null, "addIns": [], "appId": "d584248b-f548-4e32-b9d8-e6be31a7b199",
        "applicationTemplateId": null, "appRoles": [], "availableToOtherTenants":
        false, "displayName": "cli-app-000003", "errorUrl": null, "groupMembershipClaims":
        null, "homepage": null, "identifierUris": [], "informationalUrls": {"termsOfService":
        null, "support": null, "privacy": null, "marketing": null}, "isDeviceOnlyAuthSupported":
        null, "keyCredentials": [], "knownClientApplications": [], "logoutUrl": null,
        "logo@odata.mediaEditLink": "directoryObjects/9de12a67-ca90-4972-b015-a458c448616b/Microsoft.DirectoryServices.Application/logo",
        "logo@odata.mediaContentType": "application/json;odata=minimalmetadata; charset=utf-8",
        "logoUrl": null, "mainLogo@odata.mediaEditLink": "directoryObjects/9de12a67-ca90-4972-b015-a458c448616b/Microsoft.DirectoryServices.Application/mainLogo",
        "oauth2AllowIdTokenImplicitFlow": true, "oauth2AllowImplicitFlow": false,
        "oauth2AllowUrlPathMatching": false, "oauth2Permissions": [{"adminConsentDescription":
        "Allow the application to access cli-app-000003 on behalf of the signed-in
        user.", "adminConsentDisplayName": "Access cli-app-000003", "id": "6fdf5671-9e38-4ef7-bc54-ece58c268d34",
        "isEnabled": true, "type": "User", "userConsentDescription": "Allow the application
        to access cli-app-000003 on your behalf.", "userConsentDisplayName": "Access
        cli-app-000003", "value": "user_impersonation"}], "oauth2RequirePostResponse":
        false, "optionalClaims": null, "orgRestrictions": [], "parentalControlSettings":
        {"countriesBlockedForMinors": [], "legalAgeGroupRule": "Allow"}, "passwordCredentials":
        [], "publicClient": null, "publisherDomain": "AzureSDKTeam.onmicrosoft.com",
        "recordConsentConditions": null, "replyUrls": [], "requiredResourceAccess":
        [], "samlMetadataUrl": null, "signInAudience": "AzureADMyOrg", "tokenEncryptionKeyId":
        null}'
    headers:
      access-control-allow-origin:
      - '*'
      cache-control:
      - no-cache
      content-length:
      - '2048'
      content-type:
      - application/json; odata=minimalmetadata; streaming=true; charset=utf-8
      dataserviceversion:
      - 3.0;
      date:
      - Fri, 18 Sep 2020 08:43:04 GMT
      duration:
      - '5530656'
      expires:
      - '-1'
      location:
      - https://graph.windows.net/00000000-0000-0000-0000-000000000000/directoryObjects/9de12a67-ca90-4972-b015-a458c448616b/Microsoft.DirectoryServices.Application
      ocp-aad-diagnostics-server-name:
      - 2dwL4zmGotV02lDmIuML9wD2xi2nJgoszFrjUl3LYBw=
      ocp-aad-session-key:
      - MSA0O2sZTLbCb1iwTuyVsOpgYjIJnlNRm-G93i0Wjw48sXYwmq-iaSUd7E1mve2ZJowbxAw-mMH87ALSfrHfODydNghCbjeKWalMM8vdJcpnRhmmI0nxv5RNSzv66AZje-wNGJ8LVZH9ufxuFhvpOnuubjcZl4O4g73Hd44QC14.IdMhTRcDE_GoWjvBMDznmvhP7t7Tx1gZsxg7sftyA3Q
      pragma:
      - no-cache
      request-id:
      - a9740549-9e8a-41e7-bd78-8bcfa1291454
      strict-transport-security:
      - max-age=31536000; includeSubDomains
      x-aspnet-version:
      - 4.0.30319
      x-ms-dirapi-data-contract-version:
      - '1.6'
      x-ms-resource-unit:
      - '1'
      x-powered-by:
      - ASP.NET
    status:
      code: 201
      message: Created
- request:
    body: null
    headers:
      Accept:
      - application/json
      Accept-Encoding:
      - gzip, deflate
      CommandName:
      - account show
      Connection:
      - keep-alive
      User-Agent:
      - python/3.8.0 (Windows-10-10.0.19041-SP0) msrest/0.6.18 msrest_azure/0.6.3
        azure-mgmt-resource/10.2.0 Azure-SDK-For-Python AZURECLI/2.12.0
      accept-language:
      - en-US
    method: GET
    uri: https://management.azure.com/subscriptions/00000000-0000-0000-0000-000000000000/locations?api-version=2019-11-01
  response:
    body:
      string: '{"value":[{"id":"/subscriptions/00000000-0000-0000-0000-000000000000/locations/eastus","name":"eastus","displayName":"East
        US","regionalDisplayName":"(US) East US","metadata":{"regionType":"Physical","regionCategory":"Recommended","geographyGroup":"US","longitude":"-79.8164","latitude":"37.3719","physicalLocation":"Virginia","pairedRegion":[{"name":"westus","id":"/subscriptions/00000000-0000-0000-0000-000000000000/locations/westus"}]}},{"id":"/subscriptions/00000000-0000-0000-0000-000000000000/locations/eastus2","name":"eastus2","displayName":"East
        US 2","regionalDisplayName":"(US) East US 2","metadata":{"regionType":"Physical","regionCategory":"Recommended","geographyGroup":"US","longitude":"-78.3889","latitude":"36.6681","physicalLocation":"Virginia","pairedRegion":[{"name":"centralus","id":"/subscriptions/00000000-0000-0000-0000-000000000000/locations/centralus"}]}},{"id":"/subscriptions/00000000-0000-0000-0000-000000000000/locations/southcentralus","name":"southcentralus","displayName":"South
        Central US","regionalDisplayName":"(US) South Central US","metadata":{"regionType":"Physical","regionCategory":"Recommended","geographyGroup":"US","longitude":"-98.5","latitude":"29.4167","physicalLocation":"Texas","pairedRegion":[{"name":"northcentralus","id":"/subscriptions/00000000-0000-0000-0000-000000000000/locations/northcentralus"}]}},{"id":"/subscriptions/00000000-0000-0000-0000-000000000000/locations/westus2","name":"westus2","displayName":"West
        US 2","regionalDisplayName":"(US) West US 2","metadata":{"regionType":"Physical","regionCategory":"Recommended","geographyGroup":"US","longitude":"-119.852","latitude":"47.233","physicalLocation":"Washington","pairedRegion":[{"name":"westcentralus","id":"/subscriptions/00000000-0000-0000-0000-000000000000/locations/westcentralus"}]}},{"id":"/subscriptions/00000000-0000-0000-0000-000000000000/locations/australiaeast","name":"australiaeast","displayName":"Australia
        East","regionalDisplayName":"(Asia Pacific) Australia East","metadata":{"regionType":"Physical","regionCategory":"Recommended","geographyGroup":"Asia
        Pacific","longitude":"151.2094","latitude":"-33.86","physicalLocation":"New
        South Wales","pairedRegion":[{"name":"australiasoutheast","id":"/subscriptions/00000000-0000-0000-0000-000000000000/locations/australiasoutheast"}]}},{"id":"/subscriptions/00000000-0000-0000-0000-000000000000/locations/southeastasia","name":"southeastasia","displayName":"Southeast
        Asia","regionalDisplayName":"(Asia Pacific) Southeast Asia","metadata":{"regionType":"Physical","regionCategory":"Recommended","geographyGroup":"Asia
        Pacific","longitude":"103.833","latitude":"1.283","physicalLocation":"Singapore","pairedRegion":[{"name":"eastasia","id":"/subscriptions/00000000-0000-0000-0000-000000000000/locations/eastasia"}]}},{"id":"/subscriptions/00000000-0000-0000-0000-000000000000/locations/northeurope","name":"northeurope","displayName":"North
        Europe","regionalDisplayName":"(Europe) North Europe","metadata":{"regionType":"Physical","regionCategory":"Recommended","geographyGroup":"Europe","longitude":"-6.2597","latitude":"53.3478","physicalLocation":"Ireland","pairedRegion":[{"name":"westeurope","id":"/subscriptions/00000000-0000-0000-0000-000000000000/locations/westeurope"}]}},{"id":"/subscriptions/00000000-0000-0000-0000-000000000000/locations/uksouth","name":"uksouth","displayName":"UK
        South","regionalDisplayName":"(Europe) UK South","metadata":{"regionType":"Physical","regionCategory":"Recommended","geographyGroup":"Europe","longitude":"-0.799","latitude":"50.941","physicalLocation":"London","pairedRegion":[{"name":"ukwest","id":"/subscriptions/00000000-0000-0000-0000-000000000000/locations/ukwest"}]}},{"id":"/subscriptions/00000000-0000-0000-0000-000000000000/locations/westeurope","name":"westeurope","displayName":"West
        Europe","regionalDisplayName":"(Europe) West Europe","metadata":{"regionType":"Physical","regionCategory":"Recommended","geographyGroup":"Europe","longitude":"4.9","latitude":"52.3667","physicalLocation":"Netherlands","pairedRegion":[{"name":"northeurope","id":"/subscriptions/00000000-0000-0000-0000-000000000000/locations/northeurope"}]}},{"id":"/subscriptions/00000000-0000-0000-0000-000000000000/locations/centralus","name":"centralus","displayName":"Central
        US","regionalDisplayName":"(US) Central US","metadata":{"regionType":"Physical","regionCategory":"Recommended","geographyGroup":"US","longitude":"-93.6208","latitude":"41.5908","physicalLocation":"Iowa","pairedRegion":[{"name":"eastus2","id":"/subscriptions/00000000-0000-0000-0000-000000000000/locations/eastus2"}]}},{"id":"/subscriptions/00000000-0000-0000-0000-000000000000/locations/northcentralus","name":"northcentralus","displayName":"North
        Central US","regionalDisplayName":"(US) North Central US","metadata":{"regionType":"Physical","regionCategory":"Recommended","geographyGroup":"US","longitude":"-87.6278","latitude":"41.8819","physicalLocation":"Illinois","pairedRegion":[{"name":"southcentralus","id":"/subscriptions/00000000-0000-0000-0000-000000000000/locations/southcentralus"}]}},{"id":"/subscriptions/00000000-0000-0000-0000-000000000000/locations/westus","name":"westus","displayName":"West
        US","regionalDisplayName":"(US) West US","metadata":{"regionType":"Physical","regionCategory":"Recommended","geographyGroup":"US","longitude":"-122.417","latitude":"37.783","physicalLocation":"California","pairedRegion":[{"name":"eastus","id":"/subscriptions/00000000-0000-0000-0000-000000000000/locations/eastus"}]}},{"id":"/subscriptions/00000000-0000-0000-0000-000000000000/locations/southafricanorth","name":"southafricanorth","displayName":"South
        Africa North","regionalDisplayName":"(Africa) South Africa North","metadata":{"regionType":"Physical","regionCategory":"Recommended","geographyGroup":"Africa","longitude":"28.218370","latitude":"-25.731340","physicalLocation":"Johannesburg","pairedRegion":[{"name":"southafricawest","id":"/subscriptions/00000000-0000-0000-0000-000000000000/locations/southafricawest"}]}},{"id":"/subscriptions/00000000-0000-0000-0000-000000000000/locations/centralindia","name":"centralindia","displayName":"Central
        India","regionalDisplayName":"(Asia Pacific) Central India","metadata":{"regionType":"Physical","regionCategory":"Recommended","geographyGroup":"Asia
        Pacific","longitude":"73.9197","latitude":"18.5822","physicalLocation":"Pune","pairedRegion":[{"name":"southindia","id":"/subscriptions/00000000-0000-0000-0000-000000000000/locations/southindia"}]}},{"id":"/subscriptions/00000000-0000-0000-0000-000000000000/locations/eastasia","name":"eastasia","displayName":"East
        Asia","regionalDisplayName":"(Asia Pacific) East Asia","metadata":{"regionType":"Physical","regionCategory":"Recommended","geographyGroup":"Asia
        Pacific","longitude":"114.188","latitude":"22.267","physicalLocation":"Hong
        Kong","pairedRegion":[{"name":"southeastasia","id":"/subscriptions/00000000-0000-0000-0000-000000000000/locations/southeastasia"}]}},{"id":"/subscriptions/00000000-0000-0000-0000-000000000000/locations/japaneast","name":"japaneast","displayName":"Japan
        East","regionalDisplayName":"(Asia Pacific) Japan East","metadata":{"regionType":"Physical","regionCategory":"Recommended","geographyGroup":"Asia
        Pacific","longitude":"139.77","latitude":"35.68","physicalLocation":"Tokyo,
        Saitama","pairedRegion":[{"name":"japanwest","id":"/subscriptions/00000000-0000-0000-0000-000000000000/locations/japanwest"}]}},{"id":"/subscriptions/00000000-0000-0000-0000-000000000000/locations/koreacentral","name":"koreacentral","displayName":"Korea
        Central","regionalDisplayName":"(Asia Pacific) Korea Central","metadata":{"regionType":"Physical","regionCategory":"Recommended","geographyGroup":"Asia
        Pacific","longitude":"126.9780","latitude":"37.5665","physicalLocation":"Seoul","pairedRegion":[{"name":"koreasouth","id":"/subscriptions/00000000-0000-0000-0000-000000000000/locations/koreasouth"}]}},{"id":"/subscriptions/00000000-0000-0000-0000-000000000000/locations/canadacentral","name":"canadacentral","displayName":"Canada
        Central","regionalDisplayName":"(Canada) Canada Central","metadata":{"regionType":"Physical","regionCategory":"Recommended","geographyGroup":"Canada","longitude":"-79.383","latitude":"43.653","physicalLocation":"Toronto","pairedRegion":[{"name":"canadaeast","id":"/subscriptions/00000000-0000-0000-0000-000000000000/locations/canadaeast"}]}},{"id":"/subscriptions/00000000-0000-0000-0000-000000000000/locations/francecentral","name":"francecentral","displayName":"France
        Central","regionalDisplayName":"(Europe) France Central","metadata":{"regionType":"Physical","regionCategory":"Recommended","geographyGroup":"Europe","longitude":"2.3730","latitude":"46.3772","physicalLocation":"Paris","pairedRegion":[{"name":"francesouth","id":"/subscriptions/00000000-0000-0000-0000-000000000000/locations/francesouth"}]}},{"id":"/subscriptions/00000000-0000-0000-0000-000000000000/locations/germanywestcentral","name":"germanywestcentral","displayName":"Germany
        West Central","regionalDisplayName":"(Europe) Germany West Central","metadata":{"regionType":"Physical","regionCategory":"Recommended","geographyGroup":"Europe","longitude":"8.682127","latitude":"50.110924","physicalLocation":"Frankfurt","pairedRegion":[{"name":"germanynorth","id":"/subscriptions/00000000-0000-0000-0000-000000000000/locations/germanynorth"}]}},{"id":"/subscriptions/00000000-0000-0000-0000-000000000000/locations/norwayeast","name":"norwayeast","displayName":"Norway
        East","regionalDisplayName":"(Europe) Norway East","metadata":{"regionType":"Physical","regionCategory":"Recommended","geographyGroup":"Europe","longitude":"10.752245","latitude":"59.913868","physicalLocation":"Norway","pairedRegion":[{"name":"norwaywest","id":"/subscriptions/00000000-0000-0000-0000-000000000000/locations/norwaywest"}]}},{"id":"/subscriptions/00000000-0000-0000-0000-000000000000/locations/switzerlandnorth","name":"switzerlandnorth","displayName":"Switzerland
        North","regionalDisplayName":"(Europe) Switzerland North","metadata":{"regionType":"Physical","regionCategory":"Recommended","geographyGroup":"Europe","longitude":"8.564572","latitude":"47.451542","physicalLocation":"Zurich","pairedRegion":[{"name":"switzerlandwest","id":"/subscriptions/00000000-0000-0000-0000-000000000000/locations/switzerlandwest"}]}},{"id":"/subscriptions/00000000-0000-0000-0000-000000000000/locations/uaenorth","name":"uaenorth","displayName":"UAE
        North","regionalDisplayName":"(Middle East) UAE North","metadata":{"regionType":"Physical","regionCategory":"Recommended","geographyGroup":"Middle
        East","longitude":"55.316666","latitude":"25.266666","physicalLocation":"Dubai","pairedRegion":[{"name":"uaecentral","id":"/subscriptions/00000000-0000-0000-0000-000000000000/locations/uaecentral"}]}},{"id":"/subscriptions/00000000-0000-0000-0000-000000000000/locations/brazilsouth","name":"brazilsouth","displayName":"Brazil
        South","regionalDisplayName":"(South America) Brazil South","metadata":{"regionType":"Physical","regionCategory":"Recommended","geographyGroup":"South
        America","longitude":"-46.633","latitude":"-23.55","physicalLocation":"Sao
        Paulo State","pairedRegion":[{"name":"southcentralus","id":"/subscriptions/00000000-0000-0000-0000-000000000000/locations/southcentralus"}]}},{"id":"/subscriptions/00000000-0000-0000-0000-000000000000/locations/centralusstage","name":"centralusstage","displayName":"Central
        US (Stage)","regionalDisplayName":"(US) Central US (Stage)","metadata":{"regionType":"Logical","regionCategory":"Other","geographyGroup":"US"}},{"id":"/subscriptions/00000000-0000-0000-0000-000000000000/locations/eastusstage","name":"eastusstage","displayName":"East
        US (Stage)","regionalDisplayName":"(US) East US (Stage)","metadata":{"regionType":"Logical","regionCategory":"Other","geographyGroup":"US"}},{"id":"/subscriptions/00000000-0000-0000-0000-000000000000/locations/eastus2stage","name":"eastus2stage","displayName":"East
        US 2 (Stage)","regionalDisplayName":"(US) East US 2 (Stage)","metadata":{"regionType":"Logical","regionCategory":"Other","geographyGroup":"US"}},{"id":"/subscriptions/00000000-0000-0000-0000-000000000000/locations/northcentralusstage","name":"northcentralusstage","displayName":"North
        Central US (Stage)","regionalDisplayName":"(US) North Central US (Stage)","metadata":{"regionType":"Logical","regionCategory":"Other","geographyGroup":"US"}},{"id":"/subscriptions/00000000-0000-0000-0000-000000000000/locations/southcentralusstage","name":"southcentralusstage","displayName":"South
        Central US (Stage)","regionalDisplayName":"(US) South Central US (Stage)","metadata":{"regionType":"Logical","regionCategory":"Other","geographyGroup":"US"}},{"id":"/subscriptions/00000000-0000-0000-0000-000000000000/locations/westusstage","name":"westusstage","displayName":"West
        US (Stage)","regionalDisplayName":"(US) West US (Stage)","metadata":{"regionType":"Logical","regionCategory":"Other","geographyGroup":"US"}},{"id":"/subscriptions/00000000-0000-0000-0000-000000000000/locations/westus2stage","name":"westus2stage","displayName":"West
        US 2 (Stage)","regionalDisplayName":"(US) West US 2 (Stage)","metadata":{"regionType":"Logical","regionCategory":"Other","geographyGroup":"US"}},{"id":"/subscriptions/00000000-0000-0000-0000-000000000000/locations/asia","name":"asia","displayName":"Asia","regionalDisplayName":"Asia","metadata":{"regionType":"Logical","regionCategory":"Other"}},{"id":"/subscriptions/00000000-0000-0000-0000-000000000000/locations/asiapacific","name":"asiapacific","displayName":"Asia
        Pacific","regionalDisplayName":"Asia Pacific","metadata":{"regionType":"Logical","regionCategory":"Other"}},{"id":"/subscriptions/00000000-0000-0000-0000-000000000000/locations/australia","name":"australia","displayName":"Australia","regionalDisplayName":"Australia","metadata":{"regionType":"Logical","regionCategory":"Other"}},{"id":"/subscriptions/00000000-0000-0000-0000-000000000000/locations/brazil","name":"brazil","displayName":"Brazil","regionalDisplayName":"Brazil","metadata":{"regionType":"Logical","regionCategory":"Other"}},{"id":"/subscriptions/00000000-0000-0000-0000-000000000000/locations/canada","name":"canada","displayName":"Canada","regionalDisplayName":"Canada","metadata":{"regionType":"Logical","regionCategory":"Other"}},{"id":"/subscriptions/00000000-0000-0000-0000-000000000000/locations/europe","name":"europe","displayName":"Europe","regionalDisplayName":"Europe","metadata":{"regionType":"Logical","regionCategory":"Other"}},{"id":"/subscriptions/00000000-0000-0000-0000-000000000000/locations/global","name":"global","displayName":"Global","regionalDisplayName":"Global","metadata":{"regionType":"Logical","regionCategory":"Other"}},{"id":"/subscriptions/00000000-0000-0000-0000-000000000000/locations/india","name":"india","displayName":"India","regionalDisplayName":"India","metadata":{"regionType":"Logical","regionCategory":"Other"}},{"id":"/subscriptions/00000000-0000-0000-0000-000000000000/locations/japan","name":"japan","displayName":"Japan","regionalDisplayName":"Japan","metadata":{"regionType":"Logical","regionCategory":"Other"}},{"id":"/subscriptions/00000000-0000-0000-0000-000000000000/locations/uk","name":"uk","displayName":"United
        Kingdom","regionalDisplayName":"United Kingdom","metadata":{"regionType":"Logical","regionCategory":"Other"}},{"id":"/subscriptions/00000000-0000-0000-0000-000000000000/locations/unitedstates","name":"unitedstates","displayName":"United
        States","regionalDisplayName":"United States","metadata":{"regionType":"Logical","regionCategory":"Other"}},{"id":"/subscriptions/00000000-0000-0000-0000-000000000000/locations/eastasiastage","name":"eastasiastage","displayName":"East
        Asia (Stage)","regionalDisplayName":"(Asia Pacific) East Asia (Stage)","metadata":{"regionType":"Logical","regionCategory":"Other","geographyGroup":"Asia
        Pacific"}},{"id":"/subscriptions/00000000-0000-0000-0000-000000000000/locations/southeastasiastage","name":"southeastasiastage","displayName":"Southeast
        Asia (Stage)","regionalDisplayName":"(Asia Pacific) Southeast Asia (Stage)","metadata":{"regionType":"Logical","regionCategory":"Other","geographyGroup":"Asia
        Pacific"}},{"id":"/subscriptions/00000000-0000-0000-0000-000000000000/locations/centraluseuap","name":"centraluseuap","displayName":"Central
        US EUAP","regionalDisplayName":"(US) Central US EUAP","metadata":{"regionType":"Physical","regionCategory":"Other","geographyGroup":"US","longitude":"-93.6208","latitude":"41.5908","pairedRegion":[{"name":"eastus2euap","id":"/subscriptions/00000000-0000-0000-0000-000000000000/locations/eastus2euap"}]}},{"id":"/subscriptions/00000000-0000-0000-0000-000000000000/locations/eastus2euap","name":"eastus2euap","displayName":"East
        US 2 EUAP","regionalDisplayName":"(US) East US 2 EUAP","metadata":{"regionType":"Physical","regionCategory":"Other","geographyGroup":"US","longitude":"-78.3889","latitude":"36.6681","pairedRegion":[{"name":"centraluseuap","id":"/subscriptions/00000000-0000-0000-0000-000000000000/locations/centraluseuap"}]}},{"id":"/subscriptions/00000000-0000-0000-0000-000000000000/locations/westcentralus","name":"westcentralus","displayName":"West
        Central US","regionalDisplayName":"(US) West Central US","metadata":{"regionType":"Physical","regionCategory":"Other","geographyGroup":"US","longitude":"-110.234","latitude":"40.890","physicalLocation":"Wyoming","pairedRegion":[{"name":"westus2","id":"/subscriptions/00000000-0000-0000-0000-000000000000/locations/westus2"}]}},{"id":"/subscriptions/00000000-0000-0000-0000-000000000000/locations/southafricawest","name":"southafricawest","displayName":"South
        Africa West","regionalDisplayName":"(Africa) South Africa West","metadata":{"regionType":"Physical","regionCategory":"Other","geographyGroup":"Africa","longitude":"18.843266","latitude":"-34.075691","physicalLocation":"Cape
        Town","pairedRegion":[{"name":"southafricanorth","id":"/subscriptions/00000000-0000-0000-0000-000000000000/locations/southafricanorth"}]}},{"id":"/subscriptions/00000000-0000-0000-0000-000000000000/locations/australiacentral","name":"australiacentral","displayName":"Australia
        Central","regionalDisplayName":"(Asia Pacific) Australia Central","metadata":{"regionType":"Physical","regionCategory":"Other","geographyGroup":"Asia
        Pacific","longitude":"149.1244","latitude":"-35.3075","physicalLocation":"Canberra","pairedRegion":[{"name":"australiacentral","id":"/subscriptions/00000000-0000-0000-0000-000000000000/locations/australiacentral"}]}},{"id":"/subscriptions/00000000-0000-0000-0000-000000000000/locations/australiacentral2","name":"australiacentral2","displayName":"Australia
        Central 2","regionalDisplayName":"(Asia Pacific) Australia Central 2","metadata":{"regionType":"Physical","regionCategory":"Other","geographyGroup":"Asia
        Pacific","longitude":"149.1244","latitude":"-35.3075","physicalLocation":"Canberra","pairedRegion":[{"name":"australiacentral2","id":"/subscriptions/00000000-0000-0000-0000-000000000000/locations/australiacentral2"}]}},{"id":"/subscriptions/00000000-0000-0000-0000-000000000000/locations/australiasoutheast","name":"australiasoutheast","displayName":"Australia
        Southeast","regionalDisplayName":"(Asia Pacific) Australia Southeast","metadata":{"regionType":"Physical","regionCategory":"Other","geographyGroup":"Asia
        Pacific","longitude":"144.9631","latitude":"-37.8136","physicalLocation":"Victoria","pairedRegion":[{"name":"australiaeast","id":"/subscriptions/00000000-0000-0000-0000-000000000000/locations/australiaeast"}]}},{"id":"/subscriptions/00000000-0000-0000-0000-000000000000/locations/japanwest","name":"japanwest","displayName":"Japan
        West","regionalDisplayName":"(Asia Pacific) Japan West","metadata":{"regionType":"Physical","regionCategory":"Other","geographyGroup":"Asia
        Pacific","longitude":"135.5022","latitude":"34.6939","physicalLocation":"Osaka","pairedRegion":[{"name":"japaneast","id":"/subscriptions/00000000-0000-0000-0000-000000000000/locations/japaneast"}]}},{"id":"/subscriptions/00000000-0000-0000-0000-000000000000/locations/koreasouth","name":"koreasouth","displayName":"Korea
        South","regionalDisplayName":"(Asia Pacific) Korea South","metadata":{"regionType":"Physical","regionCategory":"Other","geographyGroup":"Asia
        Pacific","longitude":"129.0756","latitude":"35.1796","physicalLocation":"Busan","pairedRegion":[{"name":"koreacentral","id":"/subscriptions/00000000-0000-0000-0000-000000000000/locations/koreacentral"}]}},{"id":"/subscriptions/00000000-0000-0000-0000-000000000000/locations/southindia","name":"southindia","displayName":"South
        India","regionalDisplayName":"(Asia Pacific) South India","metadata":{"regionType":"Physical","regionCategory":"Other","geographyGroup":"Asia
        Pacific","longitude":"80.1636","latitude":"12.9822","physicalLocation":"Chennai","pairedRegion":[{"name":"centralindia","id":"/subscriptions/00000000-0000-0000-0000-000000000000/locations/centralindia"}]}},{"id":"/subscriptions/00000000-0000-0000-0000-000000000000/locations/westindia","name":"westindia","displayName":"West
        India","regionalDisplayName":"(Asia Pacific) West India","metadata":{"regionType":"Physical","regionCategory":"Other","geographyGroup":"Asia
        Pacific","longitude":"72.868","latitude":"19.088","physicalLocation":"Mumbai","pairedRegion":[{"name":"southindia","id":"/subscriptions/00000000-0000-0000-0000-000000000000/locations/southindia"}]}},{"id":"/subscriptions/00000000-0000-0000-0000-000000000000/locations/canadaeast","name":"canadaeast","displayName":"Canada
        East","regionalDisplayName":"(Canada) Canada East","metadata":{"regionType":"Physical","regionCategory":"Other","geographyGroup":"Canada","longitude":"-71.217","latitude":"46.817","physicalLocation":"Quebec","pairedRegion":[{"name":"canadacentral","id":"/subscriptions/00000000-0000-0000-0000-000000000000/locations/canadacentral"}]}},{"id":"/subscriptions/00000000-0000-0000-0000-000000000000/locations/francesouth","name":"francesouth","displayName":"France
        South","regionalDisplayName":"(Europe) France South","metadata":{"regionType":"Physical","regionCategory":"Other","geographyGroup":"Europe","longitude":"2.1972","latitude":"43.8345","physicalLocation":"Marseille","pairedRegion":[{"name":"francecentral","id":"/subscriptions/00000000-0000-0000-0000-000000000000/locations/francecentral"}]}},{"id":"/subscriptions/00000000-0000-0000-0000-000000000000/locations/germanynorth","name":"germanynorth","displayName":"Germany
        North","regionalDisplayName":"(Europe) Germany North","metadata":{"regionType":"Physical","regionCategory":"Other","geographyGroup":"Europe","longitude":"8.806422","latitude":"53.073635","physicalLocation":"Berlin","pairedRegion":[{"name":"germanywestcentral","id":"/subscriptions/00000000-0000-0000-0000-000000000000/locations/germanywestcentral"}]}},{"id":"/subscriptions/00000000-0000-0000-0000-000000000000/locations/norwaywest","name":"norwaywest","displayName":"Norway
        West","regionalDisplayName":"(Europe) Norway West","metadata":{"regionType":"Physical","regionCategory":"Other","geographyGroup":"Europe","longitude":"5.733107","latitude":"58.969975","physicalLocation":"Norway","pairedRegion":[{"name":"norwayeast","id":"/subscriptions/00000000-0000-0000-0000-000000000000/locations/norwayeast"}]}},{"id":"/subscriptions/00000000-0000-0000-0000-000000000000/locations/switzerlandwest","name":"switzerlandwest","displayName":"Switzerland
        West","regionalDisplayName":"(Europe) Switzerland West","metadata":{"regionType":"Physical","regionCategory":"Other","geographyGroup":"Europe","longitude":"6.143158","latitude":"46.204391","physicalLocation":"Geneva","pairedRegion":[{"name":"switzerlandnorth","id":"/subscriptions/00000000-0000-0000-0000-000000000000/locations/switzerlandnorth"}]}},{"id":"/subscriptions/00000000-0000-0000-0000-000000000000/locations/ukwest","name":"ukwest","displayName":"UK
        West","regionalDisplayName":"(Europe) UK West","metadata":{"regionType":"Physical","regionCategory":"Other","geographyGroup":"Europe","longitude":"-3.084","latitude":"53.427","physicalLocation":"Cardiff","pairedRegion":[{"name":"uksouth","id":"/subscriptions/00000000-0000-0000-0000-000000000000/locations/uksouth"}]}},{"id":"/subscriptions/00000000-0000-0000-0000-000000000000/locations/uaecentral","name":"uaecentral","displayName":"UAE
        Central","regionalDisplayName":"(Middle East) UAE Central","metadata":{"regionType":"Physical","regionCategory":"Other","geographyGroup":"Middle
        East","longitude":"54.366669","latitude":"24.466667","physicalLocation":"Abu
        Dhabi","pairedRegion":[{"name":"uaenorth","id":"/subscriptions/00000000-0000-0000-0000-000000000000/locations/uaenorth"}]}},{"id":"/subscriptions/00000000-0000-0000-0000-000000000000/locations/brazilsoutheast","name":"brazilsoutheast","displayName":"Brazil
        Southeast","regionalDisplayName":"(South America) Brazil Southeast","metadata":{"regionType":"Physical","regionCategory":"Other","geographyGroup":"South
        America","longitude":"-43.2075","latitude":"-22.90278","physicalLocation":"Rio","pairedRegion":[{"name":"brazilsouth","id":"/subscriptions/00000000-0000-0000-0000-000000000000/locations/brazilsouth"}]}}]}'
    headers:
      cache-control:
      - no-cache
      content-length:
      - '25098'
      content-type:
      - application/json; charset=utf-8
      date:
      - Fri, 18 Sep 2020 08:43:04 GMT
      expires:
      - '-1'
      pragma:
      - no-cache
      strict-transport-security:
      - max-age=31536000; includeSubDomains
      vary:
      - Accept-Encoding
      x-content-type-options:
      - nosniff
    status:
      code: 200
      message: OK
- request:
    body: '{"location": "eastus", "properties": {"aadClientId": "d584248b-f548-4e32-b9d8-e6be31a7b199",
      "aadTenantId": "54826b22-38d6-4fb2-bad9-b7b93a3e9c5a"}}'
    headers:
      Accept:
      - application/json
      Accept-Encoding:
      - gzip, deflate
      CommandName:
      - stack-hci cluster create
      Connection:
      - keep-alive
      Content-Length:
      - '148'
      Content-Type:
      - application/json
      ParameterSetName:
      - --location --aad-client-id --aad-tenant-id --name --resource-group
      User-Agent:
      - AZURECLI/2.12.0 azsdk-python-azurestackhciclient/unknown Python/3.8.0 (Windows-10-10.0.19041-SP0)
    method: PUT
    uri: https://management.azure.com/subscriptions/00000000-0000-0000-0000-000000000000/resourceGroups/cli_tes000001/providers/Microsoft.AzureStackHCI/clusters/cli-cluster-000002?api-version=2020-03-01-preview
  response:
    body:
      string: '{"id":"/subscriptions/00000000-0000-0000-0000-000000000000/resourceGroups/cli_tes000001/providers/Microsoft.AzureStackHCI/clusters/cli-cluster-000002","name":"cli-cluster-000002","type":"Microsoft.AzureStackHCI/clusters","location":"eastus","tags":{},"properties":{"provisioningState":"Succeeded","status":"NotYetRegistered","cloudId":"4fb1ebb3-6e4d-4873-9100-71a4ea0de088","aadClientId":"d584248b-f548-4e32-b9d8-e6be31a7b199","aadTenantId":"54826b22-38d6-4fb2-bad9-b7b93a3e9c5a","trialDaysRemaining":30,"billingModel":"Trial"}}'
    headers:
      cache-control:
      - no-cache
      content-length:
      - '594'
      content-type:
      - application/json; charset=utf-8
      date:
      - Fri, 18 Sep 2020 08:43:12 GMT
      etag:
      - '"24007f60-0000-0100-0000-5f6473200000"'
      expires:
      - '-1'
      pragma:
      - no-cache
      server:
      - Kestrel
      strict-transport-security:
      - max-age=31536000; includeSubDomains
      transfer-encoding:
      - chunked
      vary:
      - Accept-Encoding
      x-content-type-options:
      - nosniff
      x-ms-ratelimit-remaining-subscription-writes:
      - '1199'
    status:
      code: 200
      message: OK
- request:
    body: null
    headers:
      Accept:
      - application/json
      Accept-Encoding:
      - gzip, deflate
      CommandName:
      - stack-hci cluster show
      Connection:
      - keep-alive
      ParameterSetName:
      - --name --resource-group
      User-Agent:
      - AZURECLI/2.12.0 azsdk-python-azurestackhciclient/unknown Python/3.8.0 (Windows-10-10.0.19041-SP0)
    method: GET
    uri: https://management.azure.com/subscriptions/00000000-0000-0000-0000-000000000000/resourceGroups/cli_tes000001/providers/Microsoft.AzureStackHCI/clusters/cli-cluster-000002?api-version=2020-03-01-preview
  response:
    body:
      string: '{"id":"/subscriptions/00000000-0000-0000-0000-000000000000/resourceGroups/cli_tes000001/providers/Microsoft.AzureStackHCI/clusters/cli-cluster-000002","name":"cli-cluster-000002","type":"Microsoft.AzureStackHCI/clusters","location":"eastus","tags":{},"properties":{"provisioningState":"Succeeded","status":"NotYetRegistered","cloudId":"4fb1ebb3-6e4d-4873-9100-71a4ea0de088","aadClientId":"d584248b-f548-4e32-b9d8-e6be31a7b199","aadTenantId":"54826b22-38d6-4fb2-bad9-b7b93a3e9c5a","trialDaysRemaining":30,"billingModel":"Trial"}}'
    headers:
      cache-control:
      - no-cache
      content-length:
      - '594'
      content-type:
      - application/json; charset=utf-8
      date:
      - Fri, 18 Sep 2020 08:43:15 GMT
      etag:
      - '"24007f60-0000-0100-0000-5f6473200000"'
      expires:
      - '-1'
      pragma:
      - no-cache
      server:
      - Kestrel
      strict-transport-security:
      - max-age=31536000; includeSubDomains
      transfer-encoding:
      - chunked
      vary:
      - Accept-Encoding
      x-content-type-options:
      - nosniff
    status:
      code: 200
      message: OK
- request:
    body: null
    headers:
      Accept:
      - application/json
      Accept-Encoding:
      - gzip, deflate
      CommandName:
      - stack-hci cluster list
      Connection:
      - keep-alive
      ParameterSetName:
      - --resource-group
      User-Agent:
      - AZURECLI/2.12.0 azsdk-python-azurestackhciclient/unknown Python/3.8.0 (Windows-10-10.0.19041-SP0)
    method: GET
    uri: https://management.azure.com/subscriptions/00000000-0000-0000-0000-000000000000/resourceGroups/cli_tes000001/providers/Microsoft.AzureStackHCI/clusters?api-version=2020-03-01-preview
  response:
    body:
      string: '{"value":[{"id":"/subscriptions/00000000-0000-0000-0000-000000000000/resourceGroups/cli_tes000001/providers/Microsoft.AzureStackHCI/clusters/cli-cluster-000002","name":"cli-cluster-000002","type":"Microsoft.AzureStackHCI/clusters","location":"eastus","tags":{},"properties":{"provisioningState":"Succeeded","status":"NotYetRegistered","cloudId":"4fb1ebb3-6e4d-4873-9100-71a4ea0de088","aadClientId":"d584248b-f548-4e32-b9d8-e6be31a7b199","aadTenantId":"54826b22-38d6-4fb2-bad9-b7b93a3e9c5a","trialDaysRemaining":30,"billingModel":"Trial"}}]}'
    headers:
      cache-control:
      - no-cache
      content-length:
      - '606'
      content-type:
      - application/json; charset=utf-8
      date:
      - Fri, 18 Sep 2020 08:43:16 GMT
      expires:
      - '-1'
      pragma:
      - no-cache
      server:
      - Kestrel
      strict-transport-security:
      - max-age=31536000; includeSubDomains
      transfer-encoding:
      - chunked
      vary:
      - Accept-Encoding
      x-content-type-options:
      - nosniff
    status:
      code: 200
      message: OK
- request:
    body: '{"tags": {"tag1": "value1", "tag2": "value2"}}'
    headers:
      Accept:
      - application/json
      Accept-Encoding:
      - gzip, deflate
      CommandName:
      - stack-hci cluster update
      Connection:
      - keep-alive
      Content-Length:
      - '46'
      Content-Type:
      - application/json
      ParameterSetName:
      - --tags --name --resource-group
      User-Agent:
      - AZURECLI/2.12.0 azsdk-python-azurestackhciclient/unknown Python/3.8.0 (Windows-10-10.0.19041-SP0)
    method: PATCH
    uri: https://management.azure.com/subscriptions/00000000-0000-0000-0000-000000000000/resourceGroups/cli_tes000001/providers/Microsoft.AzureStackHCI/clusters/cli-cluster-000002?api-version=2020-03-01-preview
  response:
    body:
      string: '{"id":"/subscriptions/00000000-0000-0000-0000-000000000000/resourceGroups/cli_tes000001/providers/Microsoft.AzureStackHCI/clusters/cli-cluster-000002","name":"cli-cluster-000002","type":"Microsoft.AzureStackHCI/clusters","location":"eastus","tags":{"tag1":"value1","tag2":"value2"},"properties":{"provisioningState":"Succeeded","status":"NotYetRegistered","cloudId":"4fb1ebb3-6e4d-4873-9100-71a4ea0de088","aadClientId":"d584248b-f548-4e32-b9d8-e6be31a7b199","aadTenantId":"54826b22-38d6-4fb2-bad9-b7b93a3e9c5a","trialDaysRemaining":30,"billingModel":"Trial"}}'
    headers:
      cache-control:
      - no-cache
      content-length:
      - '625'
      content-type:
      - application/json; charset=utf-8
      date:
      - Fri, 18 Sep 2020 08:43:21 GMT
      etag:
      - '"24008060-0000-0100-0000-5f6473270000"'
      expires:
      - '-1'
      pragma:
      - no-cache
      server:
      - Kestrel
      strict-transport-security:
      - max-age=31536000; includeSubDomains
      transfer-encoding:
      - chunked
      vary:
      - Accept-Encoding
      x-content-type-options:
      - nosniff
      x-ms-ratelimit-remaining-subscription-writes:
      - '1199'
    status:
      code: 200
      message: OK
- request:
    body: null
    headers:
      Accept:
      - '*/*'
      Accept-Encoding:
      - gzip, deflate
      CommandName:
      - stack-hci cluster delete
      Connection:
      - keep-alive
      Content-Length:
      - '0'
      ParameterSetName:
      - --name --resource-group -y
      User-Agent:
      - AZURECLI/2.12.0 azsdk-python-azurestackhciclient/unknown Python/3.8.0 (Windows-10-10.0.19041-SP0)
    method: DELETE
    uri: https://management.azure.com/subscriptions/00000000-0000-0000-0000-000000000000/resourceGroups/cli_tes000001/providers/Microsoft.AzureStackHCI/clusters/cli-cluster-000002?api-version=2020-03-01-preview
  response:
    body:
      string: ''
    headers:
      cache-control:
      - no-cache
      content-length:
      - '0'
      date:
      - Fri, 18 Sep 2020 08:43:27 GMT
      expires:
      - '-1'
      pragma:
      - no-cache
      server:
      - Kestrel
      strict-transport-security:
      - max-age=31536000; includeSubDomains
      x-content-type-options:
      - nosniff
      x-ms-ratelimit-remaining-subscription-deletes:
      - '14999'
    status:
      code: 200
      message: OK
- request:
    body: null
    headers:
      Accept:
      - application/json
      Accept-Encoding:
      - gzip, deflate
      CommandName:
      - stack-hci cluster list
      Connection:
      - keep-alive
      ParameterSetName:
      - --resource-group
      User-Agent:
      - AZURECLI/2.12.0 azsdk-python-azurestackhciclient/unknown Python/3.8.0 (Windows-10-10.0.19041-SP0)
    method: GET
    uri: https://management.azure.com/subscriptions/00000000-0000-0000-0000-000000000000/resourceGroups/cli_tes000001/providers/Microsoft.AzureStackHCI/clusters?api-version=2020-03-01-preview
  response:
    body:
      string: '{"value":[]}'
    headers:
      cache-control:
      - no-cache
      content-length:
      - '12'
      content-type:
      - application/json; charset=utf-8
      date:
      - Fri, 18 Sep 2020 08:43:28 GMT
      expires:
      - '-1'
      pragma:
      - no-cache
      strict-transport-security:
      - max-age=31536000; includeSubDomains
      vary:
      - Accept-Encoding
      x-content-type-options:
      - nosniff
    status:
      code: 200
      message: OK
- request:
    body: null
    headers:
      Accept:
      - application/json
      Accept-Encoding:
      - gzip, deflate
      CommandName:
      - ad app delete
      Connection:
      - keep-alive
      ParameterSetName:
      - --id
      User-Agent:
      - python/3.8.0 (Windows-10-10.0.19041-SP0) msrest/0.6.18 msrest_azure/0.6.3
        azure-graphrbac/0.60.0 Azure-SDK-For-Python AZURECLI/2.12.0
      accept-language:
      - en-US
    method: GET
    uri: https://graph.windows.net/00000000-0000-0000-0000-000000000000/applications?$filter=identifierUris%2Fany%28s%3As%20eq%20%27d584248b-f548-4e32-b9d8-e6be31a7b199%27%29&api-version=1.6
  response:
    body:
      string: '{"odata.metadata":"https://graph.windows.net/00000000-0000-0000-0000-000000000000/$metadata#directoryObjects","value":[]}'
    headers:
      access-control-allow-origin:
      - '*'
      cache-control:
      - no-cache
      content-length:
      - '121'
      content-type:
      - application/json; odata=minimalmetadata; streaming=true; charset=utf-8
      dataserviceversion:
      - 3.0;
      date:
      - Fri, 18 Sep 2020 08:43:28 GMT
      duration:
      - '2561050'
      expires:
      - '-1'
      ocp-aad-diagnostics-server-name:
      - 0PH1DQHS551TbzXZzdmMkjBdAuwHhl7QqdInjX69/n8=
      ocp-aad-session-key:
      - _GGkbfW0ZG3jIzAgV4gydNi8QqdhVuNIsNYCTNWBB918zz1BvubmcXqMS3VF1PNi3PxWWipH9xi4RGYYNi6ggLxLP0RnAtzoJ7TiYOGBwHBNrnmlsfutFKkAk5j3Ggxia2NiN14He4ZXaRn284ko2X8-nlxTSlXV_2Dc6AZpnFk.9mRW7aRoLO_U4h52DSXwfj4jzb11THORdOhkjQGbrGE
      pragma:
      - no-cache
      request-id:
      - 8ae3cb7e-c31c-4e5e-aab7-18f77b5b9078
      strict-transport-security:
      - max-age=31536000; includeSubDomains
      x-aspnet-version:
      - 4.0.30319
      x-ms-dirapi-data-contract-version:
      - '1.6'
      x-ms-resource-unit:
      - '2'
      x-powered-by:
      - ASP.NET
    status:
      code: 200
      message: OK
- request:
    body: null
    headers:
      Accept:
      - application/json
      Accept-Encoding:
      - gzip, deflate
      CommandName:
      - ad app delete
      Connection:
      - keep-alive
      ParameterSetName:
      - --id
      User-Agent:
      - python/3.8.0 (Windows-10-10.0.19041-SP0) msrest/0.6.18 msrest_azure/0.6.3
        azure-graphrbac/0.60.0 Azure-SDK-For-Python AZURECLI/2.12.0
      accept-language:
      - en-US
    method: GET
    uri: https://graph.windows.net/00000000-0000-0000-0000-000000000000/applications?$filter=appId%20eq%20%27d584248b-f548-4e32-b9d8-e6be31a7b199%27&api-version=1.6
  response:
    body:
      string: '{"odata.metadata":"https://graph.windows.net/00000000-0000-0000-0000-000000000000/$metadata#directoryObjects","value":[{"odata.type":"Microsoft.DirectoryServices.Application","objectType":"Application","objectId":"9de12a67-ca90-4972-b015-a458c448616b","deletionTimestamp":null,"acceptMappedClaims":null,"addIns":[],"appId":"d584248b-f548-4e32-b9d8-e6be31a7b199","applicationTemplateId":null,"appRoles":[],"availableToOtherTenants":false,"displayName":"cli-app-000003","errorUrl":null,"groupMembershipClaims":null,"homepage":null,"identifierUris":[],"informationalUrls":{"termsOfService":null,"support":null,"privacy":null,"marketing":null},"isDeviceOnlyAuthSupported":null,"keyCredentials":[],"knownClientApplications":[],"logoutUrl":null,"logo@odata.mediaEditLink":"directoryObjects/9de12a67-ca90-4972-b015-a458c448616b/Microsoft.DirectoryServices.Application/logo","logoUrl":null,"mainLogo@odata.mediaEditLink":"directoryObjects/9de12a67-ca90-4972-b015-a458c448616b/Microsoft.DirectoryServices.Application/mainLogo","oauth2AllowIdTokenImplicitFlow":true,"oauth2AllowImplicitFlow":false,"oauth2AllowUrlPathMatching":false,"oauth2Permissions":[{"adminConsentDescription":"Allow
        the application to access cli-app-000003 on behalf of the signed-in user.","adminConsentDisplayName":"Access
        cli-app-000003","id":"6fdf5671-9e38-4ef7-bc54-ece58c268d34","isEnabled":true,"type":"User","userConsentDescription":"Allow
        the application to access cli-app-000003 on your behalf.","userConsentDisplayName":"Access
        cli-app-000003","value":"user_impersonation"}],"oauth2RequirePostResponse":false,"optionalClaims":null,"orgRestrictions":[],"parentalControlSettings":{"countriesBlockedForMinors":[],"legalAgeGroupRule":"Allow"},"passwordCredentials":[],"publicClient":null,"publisherDomain":"AzureSDKTeam.onmicrosoft.com","recordConsentConditions":null,"replyUrls":[],"requiredResourceAccess":[],"samlMetadataUrl":null,"signInAudience":"AzureADMyOrg","tokenEncryptionKeyId":null}]}'
    headers:
      access-control-allow-origin:
      - '*'
      cache-control:
      - no-cache
      content-length:
      - '1965'
      content-type:
      - application/json; odata=minimalmetadata; streaming=true; charset=utf-8
      dataserviceversion:
      - 3.0;
      date:
      - Fri, 18 Sep 2020 08:43:29 GMT
      duration:
      - '2488583'
      expires:
      - '-1'
      ocp-aad-diagnostics-server-name:
      - y2AFatDb8bxovAuAcAg+Xai78XOhksqhh+LYGhHC+p8=
      ocp-aad-session-key:
      - Pp6i7wxbqs2PdiffcDKwzzyRXt0NRQyPI_kqzFEISv4h5x7fY2TFHGhMKvxejNNESzdMVSBFz-LZqiYQgk3NZM4OmAPoB9GOmNrVRGHk3bRmSNpttGqCMJx33J2FQkQEIQ_bwQQ2CCYg4NIujJq5uwICYxNr9Fvc_308dBie6vE.DAagkv3LxTCj4hiTGfYRvgk7R4-yeFujsCUGOCamfDo
      pragma:
      - no-cache
      request-id:
      - f7c34571-02d4-4c42-9a6c-86d596e00884
      strict-transport-security:
      - max-age=31536000; includeSubDomains
      x-aspnet-version:
      - 4.0.30319
      x-ms-dirapi-data-contract-version:
      - '1.6'
      x-ms-resource-unit:
      - '2'
      x-powered-by:
      - ASP.NET
    status:
      code: 200
      message: OK
- request:
    body: null
    headers:
      Accept:
      - application/json
      Accept-Encoding:
      - gzip, deflate
      CommandName:
      - ad app delete
      Connection:
      - keep-alive
      Content-Length:
      - '0'
      ParameterSetName:
      - --id
      User-Agent:
      - python/3.8.0 (Windows-10-10.0.19041-SP0) msrest/0.6.18 msrest_azure/0.6.3
        azure-graphrbac/0.60.0 Azure-SDK-For-Python AZURECLI/2.12.0
      accept-language:
      - en-US
    method: DELETE
    uri: https://graph.windows.net/00000000-0000-0000-0000-000000000000/applications/9de12a67-ca90-4972-b015-a458c448616b?api-version=1.6
  response:
    body:
      string: ''
    headers:
      access-control-allow-origin:
      - '*'
      cache-control:
      - no-cache
      date:
      - Fri, 18 Sep 2020 08:43:30 GMT
      duration:
      - '3475373'
      expires:
      - '-1'
      ocp-aad-diagnostics-server-name:
      - y2AFatDb8bxovAuAcAg+Xai78XOhksqhh+LYGhHC+p8=
      ocp-aad-session-key:
      - essQYgyWsOPaX-e2IqOuafN7lZjicnZkHViKGiXPpcaSZPgeBq214zScs7DdNzoJERNp4zRcKhtE34MXRmKHTojV_6UAC5nnfuzi7_W5uvPWNAFFg-soYWZTuHPuPwmhvaTNmq2YOlYPZP7HFaXN6GViGdaKOhgmF0igZqIiPA0.3bXT-lpjisU4JuFsKPrTS2uWUWu-F9LT0cY_ofB4NAU
      pragma:
      - no-cache
      request-id:
      - 3ff8268d-0ec7-41f0-b0ea-a7522f0377ea
      strict-transport-security:
      - max-age=31536000; includeSubDomains
      x-aspnet-version:
      - 4.0.30319
      x-ms-dirapi-data-contract-version:
      - '1.6'
      x-ms-resource-unit:
      - '1'
      x-powered-by:
      - ASP.NET
    status:
      code: 204
      message: No Content
version: 1
