interactions:
- request:
    body: null
    headers:
      Accept:
      - '*/*'
      Accept-Encoding:
      - gzip, deflate
      CommandName:
      - ad app create
      Connection:
      - keep-alive
      ParameterSetName:
      - --display-name
      User-Agent:
      - python/3.8.9 (Windows-10-10.0.22000-SP0) AZURECLI/2.38.0
    method: GET
    uri: https://graph.microsoft.com/v1.0/applications?$filter=startswith%28displayName%2C%27cli-test-app%27%29
  response:
    body:
      string: '{"@odata.context":"https://graph.microsoft.com/v1.0/$metadata#applications","value":[{"id":"30c2deaa-2ea2-4208-b51d-ebe81e1c9805","deletedDateTime":null,"appId":"bb58dfe8-db67-4d3c-bbe9-fc8ac96077a5","applicationTemplateId":null,"disabledByMicrosoftStatus":null,"createdDateTime":"2022-07-22T09:07:32Z","displayName":"cli-test-app","description":null,"groupMembershipClaims":null,"identifierUris":[],"isDeviceOnlyAuthSupported":null,"isFallbackPublicClient":null,"notes":null,"publisherDomain":"AzureSDKTeam.onmicrosoft.com","serviceManagementReference":null,"signInAudience":"AzureADandPersonalMicrosoftAccount","tags":[],"tokenEncryptionKeyId":null,"samlMetadataUrl":null,"defaultRedirectUri":null,"certification":null,"optionalClaims":null,"addIns":[],"api":{"acceptMappedClaims":null,"knownClientApplications":[],"requestedAccessTokenVersion":2,"oauth2PermissionScopes":[],"preAuthorizedApplications":[]},"appRoles":[],"info":{"logoUrl":null,"marketingUrl":null,"privacyStatementUrl":null,"supportUrl":null,"termsOfServiceUrl":null},"keyCredentials":[],"parentalControlSettings":{"countriesBlockedForMinors":[],"legalAgeGroupRule":"Allow"},"passwordCredentials":[],"publicClient":{"redirectUris":[]},"requiredResourceAccess":[],"verifiedPublisher":{"displayName":null,"verifiedPublisherId":null,"addedDateTime":null},"web":{"homePageUrl":null,"logoutUrl":null,"redirectUris":[],"implicitGrantSettings":{"enableAccessTokenIssuance":false,"enableIdTokenIssuance":false}},"spa":{"redirectUris":[]}}]}'
    headers:
      cache-control:
      - no-cache
      content-length:
      - '1501'
      content-type:
      - application/json;odata.metadata=minimal;odata.streaming=true;IEEE754Compatible=false;charset=utf-8
      date:
      - Tue, 26 Jul 2022 03:47:35 GMT
      odata-version:
      - '4.0'
      request-id:
      - b0b2ced4-69f2-4eff-89bb-9cf6f58bf54f
      strict-transport-security:
      - max-age=31536000
      transfer-encoding:
      - chunked
      vary:
      - Accept-Encoding
      x-ms-ags-diagnostic:
      - '{"ServerInfo":{"DataCenter":"Southeast Asia","Slice":"E","Ring":"5","ScaleUnit":"000","RoleInstance":"SI1PEPF000090C6"}}'
      x-ms-resource-unit:
      - '2'
    status:
      code: 200
      message: OK
- request:
    body: null
    headers:
      Accept:
      - '*/*'
      Accept-Encoding:
      - gzip, deflate
      CommandName:
      - ad app create
      Connection:
      - keep-alive
      ParameterSetName:
      - --display-name
      User-Agent:
      - python/3.8.9 (Windows-10-10.0.22000-SP0) AZURECLI/2.38.0
    method: GET
    uri: https://graph.microsoft.com/v1.0/applications?$filter=appId%20eq%20%2730c2deaa-2ea2-4208-b51d-ebe81e1c9805%27
  response:
    body:
      string: '{"@odata.context":"https://graph.microsoft.com/v1.0/$metadata#applications","value":[]}'
    headers:
      cache-control:
      - no-cache
      content-length:
      - '87'
      content-type:
      - application/json;odata.metadata=minimal;odata.streaming=true;IEEE754Compatible=false;charset=utf-8
      date:
      - Tue, 26 Jul 2022 03:47:36 GMT
      odata-version:
      - '4.0'
      request-id:
      - c8e8906a-9ac1-45f5-a730-258d824de17a
      strict-transport-security:
      - max-age=31536000
      transfer-encoding:
      - chunked
      vary:
      - Accept-Encoding
      x-ms-ags-diagnostic:
      - '{"ServerInfo":{"DataCenter":"Southeast Asia","Slice":"E","Ring":"5","ScaleUnit":"000","RoleInstance":"SI1PEPF000090CA"}}'
      x-ms-resource-unit:
      - '2'
    status:
      code: 200
      message: OK
- request:
    body: '{"displayName": "cli-test-app"}'
    headers:
      Accept:
      - '*/*'
      Accept-Encoding:
      - gzip, deflate
      CommandName:
      - ad app create
      Connection:
      - keep-alive
      Content-Length:
      - '31'
      Content-Type:
      - application/json
      ParameterSetName:
      - --display-name
      User-Agent:
      - python/3.8.9 (Windows-10-10.0.22000-SP0) AZURECLI/2.38.0
    method: PATCH
    uri: https://graph.microsoft.com/v1.0/applications/30c2deaa-2ea2-4208-b51d-ebe81e1c9805
  response:
    body:
      string: ''
    headers:
      cache-control:
      - no-cache
      date:
      - Tue, 26 Jul 2022 03:47:38 GMT
      request-id:
      - 4e2429e9-8820-43bc-ab72-df7de8bbe11a
      strict-transport-security:
      - max-age=31536000
      x-ms-ags-diagnostic:
      - '{"ServerInfo":{"DataCenter":"Southeast Asia","Slice":"E","Ring":"5","ScaleUnit":"000","RoleInstance":"SI1PEPF000090C0"}}'
      x-ms-resource-unit:
      - '1'
    status:
      code: 204
      message: No Content
- request:
    body: null
    headers:
      Accept:
      - '*/*'
      Accept-Encoding:
      - gzip, deflate
      CommandName:
      - ad app create
      Connection:
      - keep-alive
      ParameterSetName:
      - --display-name
      User-Agent:
      - python/3.8.9 (Windows-10-10.0.22000-SP0) AZURECLI/2.38.0
    method: GET
    uri: https://graph.microsoft.com/v1.0/applications/30c2deaa-2ea2-4208-b51d-ebe81e1c9805
  response:
    body:
      string: '{"@odata.context":"https://graph.microsoft.com/v1.0/$metadata#applications/$entity","id":"30c2deaa-2ea2-4208-b51d-ebe81e1c9805","deletedDateTime":null,"appId":"bb58dfe8-db67-4d3c-bbe9-fc8ac96077a5","applicationTemplateId":null,"disabledByMicrosoftStatus":null,"createdDateTime":"2022-07-22T09:07:32Z","displayName":"cli-test-app","description":null,"groupMembershipClaims":null,"identifierUris":[],"isDeviceOnlyAuthSupported":null,"isFallbackPublicClient":null,"notes":null,"publisherDomain":"AzureSDKTeam.onmicrosoft.com","serviceManagementReference":null,"signInAudience":"AzureADandPersonalMicrosoftAccount","tags":[],"tokenEncryptionKeyId":null,"samlMetadataUrl":null,"defaultRedirectUri":null,"certification":null,"optionalClaims":null,"addIns":[],"api":{"acceptMappedClaims":null,"knownClientApplications":[],"requestedAccessTokenVersion":2,"oauth2PermissionScopes":[],"preAuthorizedApplications":[]},"appRoles":[],"info":{"logoUrl":null,"marketingUrl":null,"privacyStatementUrl":null,"supportUrl":null,"termsOfServiceUrl":null},"keyCredentials":[],"parentalControlSettings":{"countriesBlockedForMinors":[],"legalAgeGroupRule":"Allow"},"passwordCredentials":[],"publicClient":{"redirectUris":[]},"requiredResourceAccess":[],"verifiedPublisher":{"displayName":null,"verifiedPublisherId":null,"addedDateTime":null},"web":{"homePageUrl":null,"logoutUrl":null,"redirectUris":[],"implicitGrantSettings":{"enableAccessTokenIssuance":false,"enableIdTokenIssuance":false}},"spa":{"redirectUris":[]}}'
    headers:
      cache-control:
      - no-cache
      content-length:
      - '1497'
      content-type:
      - application/json;odata.metadata=minimal;odata.streaming=true;IEEE754Compatible=false;charset=utf-8
      date:
      - Tue, 26 Jul 2022 03:47:40 GMT
      odata-version:
      - '4.0'
      request-id:
      - 5ab896c3-8053-4f89-894e-a84f200c1ff6
      strict-transport-security:
      - max-age=31536000
      transfer-encoding:
      - chunked
      vary:
      - Accept-Encoding
      x-ms-ags-diagnostic:
      - '{"ServerInfo":{"DataCenter":"Southeast Asia","Slice":"E","Ring":"5","ScaleUnit":"000","RoleInstance":"SI1PEPF00001A30"}}'
      x-ms-resource-unit:
      - '1'
    status:
      code: 200
      message: OK
- request:
    body: null
    headers:
      Accept:
      - application/json
      Accept-Encoding:
      - gzip, deflate
      CommandName:
      - stack-hci cluster create
      Connection:
      - keep-alive
      ParameterSetName:
      - -n -g --aad-client-id --aad-tenant-id --tags
      User-Agent:
      - AZURECLI/2.38.0 azsdk-python-azure-mgmt-resource/21.1.0b1 Python/3.8.9 (Windows-10-10.0.22000-SP0)
    method: GET
    uri: https://management.azure.com/subscriptions/00000000-0000-0000-0000-000000000000/resourcegroups/cli_test_stack_hci_cluster000001?api-version=2021-04-01
  response:
    body:
      string: '{"id":"/subscriptions/00000000-0000-0000-0000-000000000000/resourceGroups/cli_test_stack_hci_cluster000001","name":"cli_test_stack_hci_cluster000001","type":"Microsoft.Resources/resourceGroups","location":"eastus","tags":{"product":"azurecli","cause":"automation","date":"2022-07-26T03:47:32Z"},"properties":{"provisioningState":"Succeeded"}}'
    headers:
      cache-control:
      - no-cache
      content-length:
      - '342'
      content-type:
      - application/json; charset=utf-8
      date:
      - Tue, 26 Jul 2022 03:47:40 GMT
      expires:
      - '-1'
      pragma:
      - no-cache
      strict-transport-security:
      - max-age=31536000; includeSubDomains
      vary:
      - Accept-Encoding
      x-content-type-options:
      - nosniff
    status:
      code: 200
      message: OK
- request:
    body: '{"tags": {"key0": "value0"}, "location": "eastus", "properties": {"aadClientId":
      "bb58dfe8-db67-4d3c-bbe9-fc8ac96077a5", "aadTenantId": "54826b22-38d6-4fb2-bad9-b7b93a3e9c5a"}}'
    headers:
      Accept:
      - application/json
      Accept-Encoding:
      - gzip, deflate
      CommandName:
      - stack-hci cluster create
      Connection:
      - keep-alive
      Content-Length:
      - '176'
      Content-Type:
      - application/json
      ParameterSetName:
      - -n -g --aad-client-id --aad-tenant-id --tags
      User-Agent:
      - AZURECLI/2.38.0 azsdk-python-mgmt-azurestackhci/1.0.0b1 Python/3.8.9 (Windows-10-10.0.22000-SP0)
    method: PUT
    uri: https://management.azure.com/subscriptions/00000000-0000-0000-0000-000000000000/resourceGroups/cli_test_stack_hci_cluster000001/providers/Microsoft.AzureStackHCI/clusters/cli-test-cluster?api-version=2022-05-01
  response:
    body:
      string: '{"id":"/subscriptions/00000000-0000-0000-0000-000000000000/resourceGroups/cli_test_stack_hci_cluster000001/providers/Microsoft.AzureStackHCI/clusters/cli-test-cluster","name":"cli-test-cluster","type":"microsoft.azurestackhci/clusters","location":"eastus","tags":{"key0":"value0"},"systemData":{"createdBy":"v-jingszhang@microsoft.com","createdByType":"User","createdAt":"2022-07-26T03:47:45.1829608Z","lastModifiedBy":"v-jingszhang@microsoft.com","lastModifiedByType":"User","lastModifiedAt":"2022-07-26T03:47:45.1829608Z"},"properties":{"provisioningState":"Succeeded","status":"NotYetRegistered","cloudId":"faa210e5-f3a2-4842-a4d6-ac6110723cb9","aadClientId":"bb58dfe8-db67-4d3c-bbe9-fc8ac96077a5","aadTenantId":"54826b22-38d6-4fb2-bad9-b7b93a3e9c5a","desiredProperties":{"windowsServerSubscription":"Disabled","diagnosticLevel":"Basic"},"trialDaysRemaining":60,"billingModel":"Trial","serviceEndpoint":"https://dp.stackhci.azure.com/eastus/"}}'
    headers:
      cache-control:
      - no-cache
      content-length:
      - '947'
      content-type:
      - application/json; charset=utf-8
      date:
      - Tue, 26 Jul 2022 03:47:47 GMT
      etag:
      - '"0000b987-0000-0100-0000-62df63e10000"'
      expires:
      - '-1'
      mise-correlation-id:
      - b76e5721-8b91-41fa-9e0f-54a7693c870b
      pragma:
      - no-cache
      request-context:
      - appId=
      strict-transport-security:
      - max-age=31536000; includeSubDomains
      transfer-encoding:
      - chunked
      vary:
      - Accept-Encoding,Accept-Encoding
      x-content-type-options:
      - nosniff
      x-ms-providerhub-traffic:
      - 'True'
      x-ms-ratelimit-remaining-subscription-writes:
      - '1198'
      x-powered-by:
      - ASP.NET
    status:
      code: 200
      message: OK
- request:
    body: null
    headers:
      Accept:
      - application/json
      Accept-Encoding:
      - gzip, deflate
      CommandName:
      - stack-hci cluster create-identity
      Connection:
      - keep-alive
      Content-Length:
      - '0'
      ParameterSetName:
      - --cluster-name -g
      User-Agent:
      - AZURECLI/2.38.0 azsdk-python-mgmt-azurestackhci/1.0.0b1 Python/3.8.9 (Windows-10-10.0.22000-SP0)
    method: POST
    uri: https://management.azure.com/subscriptions/00000000-0000-0000-0000-000000000000/resourceGroups/cli_test_stack_hci_cluster000001/providers/Microsoft.AzureStackHCI/clusters/cli-test-cluster/createClusterIdentity?api-version=2022-05-01
  response:
    body:
      string: 'null'
    headers:
      azure-asyncoperation:
      - https://management.azure.com/providers/Microsoft.AzureStackHCI/locations/EASTUS/operationStatuses/9c2bcd12-b280-4177-9a7d-77388d84d301*353E54AAC6E19629A609A93811E23828F4A3214452793080CDF5ACD98B533EE6?api-version=2022-05-01
      cache-control:
      - no-cache
      content-length:
      - '4'
      content-type:
      - application/json; charset=utf-8
      date:
      - Tue, 26 Jul 2022 03:47:49 GMT
      expires:
      - '-1'
      location:
      - https://management.azure.com/providers/Microsoft.AzureStackHCI/locations/EASTUS/operationStatuses/9c2bcd12-b280-4177-9a7d-77388d84d301*353E54AAC6E19629A609A93811E23828F4A3214452793080CDF5ACD98B533EE6?api-version=2022-05-01
      mise-correlation-id:
      - 8cd6d6ea-a652-462a-83e8-ab914902f81b
      pragma:
      - no-cache
      request-context:
      - appId=
      strict-transport-security:
      - max-age=31536000; includeSubDomains
      x-content-type-options:
      - nosniff
      x-ms-providerhub-traffic:
      - 'True'
      x-ms-ratelimit-remaining-subscription-writes:
      - '1199'
      x-powered-by:
      - ASP.NET
    status:
      code: 202
      message: Accepted
- request:
    body: null
    headers:
      Accept:
      - '*/*'
      Accept-Encoding:
      - gzip, deflate
      CommandName:
      - stack-hci cluster create-identity
      Connection:
      - keep-alive
      ParameterSetName:
      - --cluster-name -g
      User-Agent:
      - AZURECLI/2.38.0 azsdk-python-mgmt-azurestackhci/1.0.0b1 Python/3.8.9 (Windows-10-10.0.22000-SP0)
    method: GET
    uri: https://management.azure.com/providers/Microsoft.AzureStackHCI/locations/EASTUS/operationStatuses/9c2bcd12-b280-4177-9a7d-77388d84d301*353E54AAC6E19629A609A93811E23828F4A3214452793080CDF5ACD98B533EE6?api-version=2022-05-01
  response:
    body:
      string: '{"id":"/providers/Microsoft.AzureStackHCI/locations/EASTUS/operationStatuses/9c2bcd12-b280-4177-9a7d-77388d84d301*353E54AAC6E19629A609A93811E23828F4A3214452793080CDF5ACD98B533EE6","name":"9c2bcd12-b280-4177-9a7d-77388d84d301*353E54AAC6E19629A609A93811E23828F4A3214452793080CDF5ACD98B533EE6","resourceId":"/subscriptions/00000000-0000-0000-0000-000000000000/resourceGroups/cli_test_stack_hci_cluster000001/providers/Microsoft.AzureStackHCI/clusters/cli-test-cluster","status":"Succeeded","startTime":"2022-07-26T03:47:49.0622932Z","endTime":"2022-07-26T03:47:51.5785928Z","properties":null}'
    headers:
      cache-control:
      - no-cache
      content-length:
      - '589'
      content-type:
      - application/json; charset=utf-8
      date:
      - Tue, 26 Jul 2022 03:48:19 GMT
      etag:
      - '"0a001346-0000-0100-0000-62df63e70000"'
      expires:
      - '-1'
      pragma:
      - no-cache
      strict-transport-security:
      - max-age=31536000; includeSubDomains
      transfer-encoding:
      - chunked
      vary:
      - Accept-Encoding
      x-content-type-options:
      - nosniff
    status:
      code: 200
      message: OK
- request:
    body: null
    headers:
      Accept:
      - application/json
      Accept-Encoding:
      - gzip, deflate
      CommandName:
      - stack-hci cluster list
      Connection:
      - keep-alive
      ParameterSetName:
      - -g
      User-Agent:
      - AZURECLI/2.38.0 azsdk-python-mgmt-azurestackhci/1.0.0b1 Python/3.8.9 (Windows-10-10.0.22000-SP0)
    method: GET
    uri: https://management.azure.com/subscriptions/00000000-0000-0000-0000-000000000000/resourceGroups/cli_test_stack_hci_cluster000001/providers/Microsoft.AzureStackHCI/clusters?api-version=2022-05-01
  response:
    body:
      string: '{"value":[{"id":"/subscriptions/00000000-0000-0000-0000-000000000000/resourceGroups/cli_test_stack_hci_cluster000001/providers/Microsoft.AzureStackHCI/clusters/cli-test-cluster","name":"cli-test-cluster","type":"microsoft.azurestackhci/clusters","location":"eastus","tags":{"key0":"value0"},"properties":{"provisioningState":"Succeeded","status":"NotYetRegistered","cloudId":"faa210e5-f3a2-4842-a4d6-ac6110723cb9","aadClientId":"2f7a7d2f-c0e6-4dfd-bb71-e1f2628bdcbb","aadTenantId":"54826b22-38d6-4fb2-bad9-b7b93a3e9c5a","aadServicePrincipalObjectId":"cdd33ee2-31a0-44ef-a979-af64026b5395","aadApplicationObjectId":"377c7718-8dd4-4260-9295-6006b3ba9708","desiredProperties":{"windowsServerSubscription":"Disabled","diagnosticLevel":"Basic"},"trialDaysRemaining":60,"billingModel":"Trial","serviceEndpoint":"https://dp.stackhci.azure.com/eastus/"}}]}'
    headers:
      cache-control:
      - no-cache
      content-length:
      - '848'
      content-type:
      - application/json; charset=utf-8
      date:
      - Tue, 26 Jul 2022 03:48:22 GMT
      expires:
      - '-1'
      pragma:
      - no-cache
      strict-transport-security:
      - max-age=31536000; includeSubDomains
      vary:
      - Accept-Encoding
      x-content-type-options:
      - nosniff
      x-ms-original-request-ids:
      - 3c1acc34-7df8-4963-9199-5e2730a4dae7
      - c7f63503-f819-4c35-b232-2d01957a1d0f
      - 5f2f22a4-97ed-4afb-bb59-d3a9e1f8c8c0
      - 02a9026e-b0ba-4cd2-bad1-c6bac84e41e5
      - a05f2692-f010-43e0-b1c7-0746b4f72f19
      - 548860b5-ad6e-48ff-9a40-0e8199006b6f
    status:
      code: 200
      message: OK
- request:
    body: '{"tags": {"key0": "value1"}}'
    headers:
      Accept:
      - application/json
      Accept-Encoding:
      - gzip, deflate
      CommandName:
      - stack-hci cluster update
      Connection:
      - keep-alive
      Content-Length:
      - '28'
      Content-Type:
      - application/json
      ParameterSetName:
      - -n -g --tags
      User-Agent:
      - AZURECLI/2.38.0 azsdk-python-mgmt-azurestackhci/1.0.0b1 Python/3.8.9 (Windows-10-10.0.22000-SP0)
    method: PATCH
    uri: https://management.azure.com/subscriptions/00000000-0000-0000-0000-000000000000/resourceGroups/cli_test_stack_hci_cluster000001/providers/Microsoft.AzureStackHCI/clusters/cli-test-cluster?api-version=2022-05-01
  response:
    body:
      string: '{"id":"/subscriptions/00000000-0000-0000-0000-000000000000/resourceGroups/cli_test_stack_hci_cluster000001/providers/Microsoft.AzureStackHCI/clusters/cli-test-cluster","name":"cli-test-cluster","type":"microsoft.azurestackhci/clusters","location":"eastus","tags":{"key0":"value1"},"systemData":{"createdBy":"v-jingszhang@microsoft.com","createdByType":"User","createdAt":"2022-07-26T03:47:45.1829608Z","lastModifiedBy":"v-jingszhang@microsoft.com","lastModifiedByType":"User","lastModifiedAt":"2022-07-26T03:48:24.8463408Z"},"properties":{"status":"NotYetRegistered","cloudId":"faa210e5-f3a2-4842-a4d6-ac6110723cb9","aadClientId":"2f7a7d2f-c0e6-4dfd-bb71-e1f2628bdcbb","aadTenantId":"54826b22-38d6-4fb2-bad9-b7b93a3e9c5a","aadServicePrincipalObjectId":"cdd33ee2-31a0-44ef-a979-af64026b5395","aadApplicationObjectId":"377c7718-8dd4-4260-9295-6006b3ba9708","desiredProperties":{"windowsServerSubscription":"Disabled","diagnosticLevel":"Basic"},"trialDaysRemaining":60,"billingModel":"Trial","provisioningState":"Succeeded","serviceEndpoint":"https://dp.stackhci.azure.com/eastus/"}}'
    headers:
      cache-control:
      - no-cache
      content-length:
      - '1080'
      content-type:
      - application/json; charset=utf-8
      date:
      - Tue, 26 Jul 2022 03:48:27 GMT
      etag:
      - '"0000bb87-0000-0100-0000-62df64090000"'
      expires:
      - '-1'
      mise-correlation-id:
      - a070f362-aee3-4f0e-8316-d61f2929607e
      pragma:
      - no-cache
      request-context:
      - appId=
      strict-transport-security:
      - max-age=31536000; includeSubDomains
      transfer-encoding:
      - chunked
      vary:
      - Accept-Encoding,Accept-Encoding
      x-content-type-options:
      - nosniff
      x-ms-providerhub-traffic:
      - 'True'
      x-ms-ratelimit-remaining-subscription-writes:
      - '1199'
      x-powered-by:
      - ASP.NET
    status:
      code: 200
      message: OK
- request:
    body: null
    headers:
      Accept:
      - application/json
      Accept-Encoding:
      - gzip, deflate
      CommandName:
      - stack-hci cluster show
      Connection:
      - keep-alive
      ParameterSetName:
      - -n -g
      User-Agent:
      - AZURECLI/2.38.0 azsdk-python-mgmt-azurestackhci/1.0.0b1 Python/3.8.9 (Windows-10-10.0.22000-SP0)
    method: GET
    uri: https://management.azure.com/subscriptions/00000000-0000-0000-0000-000000000000/resourceGroups/cli_test_stack_hci_cluster000001/providers/Microsoft.AzureStackHCI/clusters/cli-test-cluster?api-version=2022-05-01
  response:
    body:
      string: '{"id":"/subscriptions/00000000-0000-0000-0000-000000000000/resourceGroups/cli_test_stack_hci_cluster000001/providers/Microsoft.AzureStackHCI/clusters/cli-test-cluster","name":"cli-test-cluster","type":"microsoft.azurestackhci/clusters","location":"eastus","tags":{"key0":"value1"},"properties":{"provisioningState":"Succeeded","status":"NotYetRegistered","cloudId":"faa210e5-f3a2-4842-a4d6-ac6110723cb9","aadClientId":"2f7a7d2f-c0e6-4dfd-bb71-e1f2628bdcbb","aadTenantId":"54826b22-38d6-4fb2-bad9-b7b93a3e9c5a","aadServicePrincipalObjectId":"cdd33ee2-31a0-44ef-a979-af64026b5395","aadApplicationObjectId":"377c7718-8dd4-4260-9295-6006b3ba9708","desiredProperties":{"windowsServerSubscription":"Disabled","diagnosticLevel":"Basic"},"trialDaysRemaining":60,"billingModel":"Trial","serviceEndpoint":"https://dp.stackhci.azure.com/eastus/"}}'
    headers:
      cache-control:
      - no-cache
      content-length:
      - '836'
      content-type:
      - application/json; charset=utf-8
      date:
      - Tue, 26 Jul 2022 03:48:29 GMT
      etag:
      - '"0000bb87-0000-0100-0000-62df64090000"'
      expires:
      - '-1'
      mise-correlation-id:
      - 542e6a61-58a8-4873-979c-8be7197bf4eb
      pragma:
      - no-cache
      request-context:
      - appId=
      strict-transport-security:
      - max-age=31536000; includeSubDomains
      transfer-encoding:
      - chunked
      vary:
      - Accept-Encoding,Accept-Encoding
      x-content-type-options:
      - nosniff
      x-ms-providerhub-traffic:
      - 'True'
      x-powered-by:
      - ASP.NET
    status:
      code: 200
      message: OK
- request:
    body: null
    headers:
      Accept:
      - application/json
      Accept-Encoding:
      - gzip, deflate
      CommandName:
      - stack-hci cluster delete
      Connection:
      - keep-alive
      Content-Length:
      - '0'
      ParameterSetName:
      - -n -g --yes
      User-Agent:
      - AZURECLI/2.38.0 azsdk-python-mgmt-azurestackhci/1.0.0b1 Python/3.8.9 (Windows-10-10.0.22000-SP0)
    method: DELETE
    uri: https://management.azure.com/subscriptions/00000000-0000-0000-0000-000000000000/resourceGroups/cli_test_stack_hci_cluster000001/providers/Microsoft.AzureStackHCI/clusters/cli-test-cluster?api-version=2022-05-01
  response:
    body:
      string: 'null'
    headers:
      azure-asyncoperation:
      - https://management.azure.com/providers/Microsoft.AzureStackHCI/locations/EASTUS/operationStatuses/4eaa945f-7363-4ea1-8ed6-07895ba23952*353E54AAC6E19629A609A93811E23828F4A3214452793080CDF5ACD98B533EE6?api-version=2022-05-01
      cache-control:
      - no-cache
      content-length:
      - '4'
      content-type:
      - application/json; charset=utf-8
      date:
      - Tue, 26 Jul 2022 03:48:31 GMT
      etag:
      - '"0000bd87-0000-0100-0000-62df640f0000"'
      expires:
      - '-1'
      location:
      - https://management.azure.com/providers/Microsoft.AzureStackHCI/locations/EASTUS/operationStatuses/4eaa945f-7363-4ea1-8ed6-07895ba23952*353E54AAC6E19629A609A93811E23828F4A3214452793080CDF5ACD98B533EE6?api-version=2022-05-01
      pragma:
      - no-cache
      strict-transport-security:
      - max-age=31536000; includeSubDomains
      x-content-type-options:
      - nosniff
      x-ms-providerhub-traffic:
      - 'True'
      x-ms-ratelimit-remaining-subscription-deletes:
      - '14999'
    status:
      code: 202
      message: Accepted
- request:
    body: null
    headers:
      Accept:
      - '*/*'
      Accept-Encoding:
      - gzip, deflate
      CommandName:
      - stack-hci cluster delete
      Connection:
      - keep-alive
      ParameterSetName:
      - -n -g --yes
      User-Agent:
      - AZURECLI/2.38.0 azsdk-python-mgmt-azurestackhci/1.0.0b1 Python/3.8.9 (Windows-10-10.0.22000-SP0)
    method: GET
    uri: https://management.azure.com/providers/Microsoft.AzureStackHCI/locations/EASTUS/operationStatuses/4eaa945f-7363-4ea1-8ed6-07895ba23952*353E54AAC6E19629A609A93811E23828F4A3214452793080CDF5ACD98B533EE6?api-version=2022-05-01
  response:
    body:
      string: '{"id":"/providers/Microsoft.AzureStackHCI/locations/EASTUS/operationStatuses/4eaa945f-7363-4ea1-8ed6-07895ba23952*353E54AAC6E19629A609A93811E23828F4A3214452793080CDF5ACD98B533EE6","name":"4eaa945f-7363-4ea1-8ed6-07895ba23952*353E54AAC6E19629A609A93811E23828F4A3214452793080CDF5ACD98B533EE6","resourceId":"/subscriptions/00000000-0000-0000-0000-000000000000/resourceGroups/cli_test_stack_hci_cluster000001/providers/Microsoft.AzureStackHCI/clusters/cli-test-cluster","status":"Deleting","startTime":"2022-07-26T03:48:30.887575Z"}'
    headers:
      cache-control:
      - no-cache
      content-length:
      - '528'
      content-type:
      - application/json; charset=utf-8
      date:
      - Tue, 26 Jul 2022 03:49:01 GMT
      etag:
      - '"0a004a46-0000-0100-0000-62df640e0000"'
      expires:
      - '-1'
      pragma:
      - no-cache
      strict-transport-security:
      - max-age=31536000; includeSubDomains
      x-content-type-options:
      - nosniff
    status:
      code: 202
      message: Accepted
- request:
    body: null
    headers:
      Accept:
      - '*/*'
      Accept-Encoding:
      - gzip, deflate
      CommandName:
      - stack-hci cluster delete
      Connection:
      - keep-alive
      ParameterSetName:
      - -n -g --yes
      User-Agent:
      - AZURECLI/2.38.0 azsdk-python-mgmt-azurestackhci/1.0.0b1 Python/3.8.9 (Windows-10-10.0.22000-SP0)
    method: GET
    uri: https://management.azure.com/providers/Microsoft.AzureStackHCI/locations/EASTUS/operationStatuses/4eaa945f-7363-4ea1-8ed6-07895ba23952*353E54AAC6E19629A609A93811E23828F4A3214452793080CDF5ACD98B533EE6?api-version=2022-05-01
  response:
    body:
      string: '{"id":"/providers/Microsoft.AzureStackHCI/locations/EASTUS/operationStatuses/4eaa945f-7363-4ea1-8ed6-07895ba23952*353E54AAC6E19629A609A93811E23828F4A3214452793080CDF5ACD98B533EE6","name":"4eaa945f-7363-4ea1-8ed6-07895ba23952*353E54AAC6E19629A609A93811E23828F4A3214452793080CDF5ACD98B533EE6","resourceId":"/subscriptions/00000000-0000-0000-0000-000000000000/resourceGroups/cli_test_stack_hci_cluster000001/providers/Microsoft.AzureStackHCI/clusters/cli-test-cluster","status":"Succeeded","startTime":"2022-07-26T03:48:30.887575Z","properties":null}'
    headers:
      cache-control:
      - no-cache
      content-length:
      - '547'
      content-type:
      - application/json; charset=utf-8
      date:
      - Tue, 26 Jul 2022 03:49:31 GMT
      etag:
      - '"b100f605-0000-0500-0000-62df64310000"'
      expires:
      - '-1'
      pragma:
      - no-cache
      strict-transport-security:
      - max-age=31536000; includeSubDomains
      transfer-encoding:
      - chunked
      vary:
      - Accept-Encoding
      x-content-type-options:
      - nosniff
    status:
      code: 200
      message: OK
version: 1
